[0.002s][info][metaspace]  - commit_granule_bytes: 65536.
[0.002s][info][metaspace]  - commit_granule_words: 8192.
[0.002s][info][metaspace]  - virtual_space_node_default_size: 8388608.
[0.002s][info][metaspace]  - enlarge_chunks_in_place: 1.
[0.005s][info][gc,init  ] CardTable entry size: 512
[0.005s][info][gc       ] Using Parallel
[0.006s][info][gc,init  ] Version: 24-internal-adhoc.root.jdk (release)
[0.006s][info][gc,init  ] CPUs: 2 total, 2 available
[0.006s][info][gc,init  ] Memory: 3908M
[0.006s][info][gc,init  ] Large Page Support: Disabled
[0.006s][info][gc,init  ] NUMA Support: Disabled
[0.006s][info][gc,init  ] Compressed Oops: Enabled (32-bit)
[0.006s][info][gc,init  ] Alignments: Space 512K, Generation 512K, Heap 2M
[0.006s][info][gc,init  ] Heap Min Capacity: 256M
[0.006s][info][gc,init  ] Heap Initial Capacity: 256M
[0.006s][info][gc,init  ] Heap Max Capacity: 978M
[0.006s][info][gc,init  ] Pre-touch: Disabled
[0.006s][info][gc,init  ] Parallel Workers: 2
[0.025s][info][gc,metaspace] CDS archive(s) mapped at: [0x00007f0351000000-0x00007f0351e7b000-0x00007f0351e7b000), size 15183872, SharedBaseAddress: 0x00007f0351000000, ArchiveRelocationMode: 1.
[0.025s][info][gc,metaspace] Compressed class space mapped at: 0x00007f0352000000-0x00007f0392000000, reserved size: 1073741824
[0.025s][info][gc,metaspace] UseCompressedClassPointers 1, UseCompactObjectHeaders 1
[0.025s][info][gc,metaspace] Narrow klass pointer bits 22, Max shift 10
[0.025s][info][gc,metaspace] Narrow klass base: 0x00007f0351000000, Narrow klass shift: 10
[0.025s][info][gc,metaspace] Encoding Range: [0x00007f0351000000 - 0x00007f0451000000), (4294967296 bytes)
[0.025s][info][gc,metaspace] Klass Range:    [0x00007f0351000000 - 0x00007f0392000000), (1090519040 bytes)
[0.025s][info][gc,metaspace] Klass ID Range:  [1 - 1064960) (1064959)
[0.830s][info][gc,start    ] GC(0) Pause Young (Allocation Failure)
[0.852s][info][gc,heap     ] GC(0) PSYoungGen: 65536K(76288K)->10617K(76288K) Eden: 65536K(65536K)->0K(65536K) From: 0K(10752K)->10617K(10752K)
[0.852s][info][gc,heap     ] GC(0) ParOldGen: 1088K(175104K)->1096K(175104K)
[0.852s][info][gc,metaspace] GC(0) Metaspace: 4880K(5056K)->4880K(5056K) NonClass: 4074K(4160K)->4074K(4160K) Class: 805K(896K)->805K(896K)
[0.852s][info][gc          ] GC(0) Pause Young (Allocation Failure) 65M->11M(245M) 21.204ms
[0.852s][info][gc,cpu      ] GC(0) User=0.03s Sys=0.00s Real=0.02s
[12.507s][info][gc,start    ] GC(1) Pause Young (Allocation Failure)
[12.530s][info][gc,heap     ] GC(1) PSYoungGen: 76153K(76288K)->10740K(141824K) Eden: 65536K(65536K)->0K(131072K) From: 10617K(10752K)->10740K(10752K)
[12.530s][info][gc,heap     ] GC(1) ParOldGen: 1096K(175104K)->2882K(175104K)
[12.530s][info][gc,metaspace] GC(1) Metaspace: 5253K(5376K)->5253K(5376K) NonClass: 4445K(4480K)->4445K(4480K) Class: 807K(896K)->807K(896K)
[12.530s][info][gc          ] GC(1) Pause Young (Allocation Failure) 75M->13M(309M) 22.358ms
[12.530s][info][gc,cpu      ] GC(1) User=0.04s Sys=0.01s Real=0.02s
[30.064s][info][gc,start    ] GC(2) Pause Young (Allocation Failure)
[30.085s][info][gc,heap     ] GC(2) PSYoungGen: 141812K(141824K)->10738K(141824K) Eden: 131072K(131072K)->0K(131072K) From: 10740K(10752K)->10738K(10752K)
[30.085s][info][gc,heap     ] GC(2) ParOldGen: 2882K(175104K)->2890K(175104K)
[30.085s][info][gc,metaspace] GC(2) Metaspace: 5259K(5376K)->5259K(5376K) NonClass: 4452K(4480K)->4452K(4480K) Class: 807K(896K)->807K(896K)
[30.085s][info][gc          ] GC(2) Pause Young (Allocation Failure) 141M->13M(309M) 20.913ms
[30.085s][info][gc,cpu      ] GC(2) User=0.03s Sys=0.00s Real=0.02s
[45.444s][info][gc,start    ] GC(3) Pause Young (Allocation Failure)
[45.460s][info][gc,heap     ] GC(3) PSYoungGen: 141810K(141824K)->10723K(141824K) Eden: 131072K(131072K)->0K(131072K) From: 10738K(10752K)->10723K(10752K)
[45.460s][info][gc,heap     ] GC(3) ParOldGen: 2890K(175104K)->2938K(175104K)
[45.460s][info][gc,metaspace] GC(3) Metaspace: 5260K(5376K)->5260K(5376K) NonClass: 4453K(4480K)->4453K(4480K) Class: 807K(896K)->807K(896K)
[45.460s][info][gc          ] GC(3) Pause Young (Allocation Failure) 141M->13M(309M) 16.127ms
[45.460s][info][gc,cpu      ] GC(3) User=0.03s Sys=0.00s Real=0.01s
[61.790s][info][gc,start    ] GC(4) Pause Young (Allocation Failure)
[61.806s][info][gc,heap     ] GC(4) PSYoungGen: 141795K(141824K)->10739K(137728K) Eden: 131072K(131072K)->0K(126976K) From: 10723K(10752K)->10739K(10752K)
[61.806s][info][gc,heap     ] GC(4) ParOldGen: 2938K(175104K)->2962K(175104K)
[61.806s][info][gc,metaspace] GC(4) Metaspace: 5260K(5376K)->5260K(5376K) NonClass: 4453K(4480K)->4453K(4480K) Class: 807K(896K)->807K(896K)
[61.806s][info][gc          ] GC(4) Pause Young (Allocation Failure) 141M->13M(305M) 16.191ms
[61.806s][info][gc,cpu      ] GC(4) User=0.03s Sys=0.00s Real=0.02s
[77.957s][info][gc,start    ] GC(5) Pause Young (Allocation Failure)
[77.975s][info][gc,heap     ] GC(5) PSYoungGen: 137715K(137728K)->10740K(133632K) Eden: 126976K(126976K)->0K(122880K) From: 10739K(10752K)->10740K(10752K)
[77.975s][info][gc,heap     ] GC(5) ParOldGen: 2962K(175104K)->3322K(175104K)
[77.975s][info][gc,metaspace] GC(5) Metaspace: 5260K(5376K)->5260K(5376K) NonClass: 4453K(4480K)->4453K(4480K) Class: 807K(896K)->807K(896K)
[77.975s][info][gc          ] GC(5) Pause Young (Allocation Failure) 137M->13M(301M) 17.823ms
[77.975s][info][gc,cpu      ] GC(5) User=0.04s Sys=0.00s Real=0.02s
[93.903s][info][gc,start    ] GC(6) Pause Young (Allocation Failure)
[93.926s][info][gc,heap     ] GC(6) PSYoungGen: 133620K(133632K)->640K(120320K) Eden: 122880K(122880K)->0K(119296K) From: 10740K(10752K)->640K(1024K)
[93.926s][info][gc,heap     ] GC(6) ParOldGen: 3322K(175104K)->13619K(175104K)
[93.926s][info][gc,metaspace] GC(6) Metaspace: 5261K(5376K)->5261K(5376K) NonClass: 4454K(4480K)->4454K(4480K) Class: 807K(896K)->807K(896K)
[93.926s][info][gc          ] GC(6) Pause Young (Allocation Failure) 133M->13M(288M) 23.425ms
[93.926s][info][gc,cpu      ] GC(6) User=0.04s Sys=0.02s Real=0.02s
[109.437s][info][gc,start    ] GC(7) Pause Young (Allocation Failure)
[109.439s][info][gc,heap     ] GC(7) PSYoungGen: 119936K(120320K)->1056K(129024K) Eden: 119296K(119296K)->0K(115712K) From: 640K(1024K)->1056K(13312K)
[109.439s][info][gc,heap     ] GC(7) ParOldGen: 13619K(175104K)->13635K(175104K)
[109.439s][info][gc,metaspace] GC(7) Metaspace: 5261K(5376K)->5261K(5376K) NonClass: 4454K(4480K)->4454K(4480K) Class: 807K(896K)->807K(896K)
[109.439s][info][gc          ] GC(7) Pause Young (Allocation Failure) 130M->14M(297M) 2.508ms
[109.439s][info][gc,cpu      ] GC(7) User=0.00s Sys=0.00s Real=0.00s
[128.858s][info][gc,start    ] GC(8) Pause Young (Allocation Failure)
[128.873s][info][gc,heap     ] GC(8) PSYoungGen: 116768K(129024K)->11458K(123904K) Eden: 115712K(115712K)->0K(112128K) From: 1056K(13312K)->11458K(11776K)
[128.873s][info][gc,heap     ] GC(8) ParOldGen: 13635K(175104K)->13875K(175104K)
[128.873s][info][gc,metaspace] GC(8) Metaspace: 5448K(5632K)->5448K(5632K) NonClass: 4623K(4736K)->4623K(4736K) Class: 825K(896K)->825K(896K)
[128.873s][info][gc          ] GC(8) Pause Young (Allocation Failure) 127M->24M(292M) 15.537ms
[128.873s][info][gc,cpu      ] GC(8) User=0.03s Sys=0.00s Real=0.02s
[143.353s][info][gc,start    ] GC(9) Pause Young (Allocation Failure)
[143.368s][info][gc,heap     ] GC(9) PSYoungGen: 123586K(123904K)->10642K(121344K) Eden: 112128K(112128K)->0K(109056K) From: 11458K(11776K)->10642K(12288K)
[143.368s][info][gc,heap     ] GC(9) ParOldGen: 13875K(175104K)->14675K(175104K)
[143.368s][info][gc,metaspace] GC(9) Metaspace: 5449K(5632K)->5449K(5632K) NonClass: 4623K(4736K)->4623K(4736K) Class: 825K(896K)->825K(896K)
[143.368s][info][gc          ] GC(9) Pause Young (Allocation Failure) 134M->24M(289M) 15.536ms
[143.368s][info][gc,cpu      ] GC(9) User=0.03s Sys=0.00s Real=0.01s
[157.504s][info][gc,start    ] GC(10) Pause Young (Allocation Failure)
[157.523s][info][gc,heap     ] GC(10) PSYoungGen: 119698K(121344K)->64K(106496K) Eden: 109056K(109056K)->0K(105984K) From: 10642K(12288K)->64K(512K)
[157.523s][info][gc,heap     ] GC(10) ParOldGen: 14675K(175104K)->24956K(175104K)
[157.523s][info][gc,metaspace] GC(10) Metaspace: 5449K(5632K)->5449K(5632K) NonClass: 4623K(4736K)->4623K(4736K) Class: 825K(896K)->825K(896K)
[157.523s][info][gc          ] GC(10) Pause Young (Allocation Failure) 131M->24M(275M) 18.692ms
[157.523s][info][gc,cpu      ] GC(10) User=0.03s Sys=0.00s Real=0.02s
[171.215s][info][gc,start    ] GC(11) Pause Young (Allocation Failure)
[171.219s][info][gc,heap     ] GC(11) PSYoungGen: 106048K(106496K)->384K(117760K) Eden: 105984K(105984K)->0K(102912K) From: 64K(512K)->384K(14848K)
[171.219s][info][gc,heap     ] GC(11) ParOldGen: 24956K(175104K)->24964K(175104K)
[171.219s][info][gc,metaspace] GC(11) Metaspace: 5449K(5632K)->5449K(5632K) NonClass: 4623K(4736K)->4623K(4736K) Class: 825K(896K)->825K(896K)
[171.219s][info][gc          ] GC(11) Pause Young (Allocation Failure) 127M->24M(286M) 4.053ms
[171.219s][info][gc,cpu      ] GC(11) User=0.00s Sys=0.00s Real=0.00s
[183.896s][info][gc,start    ] GC(12) Pause Young (Allocation Failure)
[183.900s][info][gc,heap     ] GC(12) PSYoungGen: 103296K(117760K)->384K(100352K) Eden: 102912K(102912K)->0K(99840K) From: 384K(14848K)->384K(512K)
[183.900s][info][gc,heap     ] GC(12) ParOldGen: 24964K(175104K)->25308K(175104K)
[183.900s][info][gc,metaspace] GC(12) Metaspace: 5449K(5632K)->5449K(5632K) NonClass: 4623K(4736K)->4623K(4736K) Class: 825K(896K)->825K(896K)
[183.900s][info][gc          ] GC(12) Pause Young (Allocation Failure) 125M->25M(269M) 4.367ms
[183.900s][info][gc,cpu      ] GC(12) User=0.00s Sys=0.00s Real=0.00s
[196.846s][info][gc,start    ] GC(13) Pause Young (Allocation Failure)
[196.851s][info][gc,heap     ] GC(13) PSYoungGen: 100224K(100352K)->384K(112128K) Eden: 99840K(99840K)->0K(97280K) From: 384K(512K)->384K(14848K)
[196.851s][info][gc,heap     ] GC(13) ParOldGen: 25308K(175104K)->25652K(175104K)
[196.851s][info][gc,metaspace] GC(13) Metaspace: 5449K(5632K)->5449K(5632K) NonClass: 4623K(4736K)->4623K(4736K) Class: 825K(896K)->825K(896K)
[196.851s][info][gc          ] GC(13) Pause Young (Allocation Failure) 122M->25M(280M) 4.947ms
[196.851s][info][gc,cpu      ] GC(13) User=0.01s Sys=0.00s Real=0.00s
[209.917s][info][gc,start    ] GC(14) Pause Young (Allocation Failure)
[209.920s][info][gc,heap     ] GC(14) PSYoungGen: 97664K(112128K)->352K(95232K) Eden: 97280K(97280K)->0K(94720K) From: 384K(14848K)->352K(512K)
[209.920s][info][gc,heap     ] GC(14) ParOldGen: 25652K(175104K)->25988K(175104K)
[209.920s][info][gc,metaspace] GC(14) Metaspace: 5449K(5632K)->5449K(5632K) NonClass: 4623K(4736K)->4623K(4736K) Class: 825K(896K)->825K(896K)
[209.920s][info][gc          ] GC(14) Pause Young (Allocation Failure) 120M->25M(264M) 2.552ms
[209.920s][info][gc,cpu      ] GC(14) User=0.00s Sys=0.00s Real=0.00s
[222.646s][info][gc,start    ] GC(15) Pause Young (Allocation Failure)
[222.661s][info][gc,heap     ] GC(15) PSYoungGen: 95072K(95232K)->10658K(109056K) Eden: 94720K(94720K)->0K(92160K) From: 352K(512K)->10658K(16896K)
[222.661s][info][gc,heap     ] GC(15) ParOldGen: 25988K(175104K)->26308K(175104K)
[222.661s][info][gc,metaspace] GC(15) Metaspace: 5461K(5632K)->5461K(5632K) NonClass: 4636K(4736K)->4636K(4736K) Class: 825K(896K)->825K(896K)
[222.661s][info][gc          ] GC(15) Pause Young (Allocation Failure) 118M->36M(277M) 14.807ms
[222.661s][info][gc,cpu      ] GC(15) User=0.02s Sys=0.00s Real=0.01s
[237.746s][info][gc,start    ] GC(16) Pause Young (Allocation Failure)
[237.765s][info][gc,heap     ] GC(16) PSYoungGen: 102818K(109056K)->96K(90112K) Eden: 92160K(92160K)->0K(89600K) From: 10658K(16896K)->96K(512K)
[237.765s][info][gc,heap     ] GC(16) ParOldGen: 26308K(175104K)->36682K(175104K)
[237.765s][info][gc,metaspace] GC(16) Metaspace: 5463K(5632K)->5463K(5632K) NonClass: 4637K(4736K)->4637K(4736K) Class: 825K(896K)->825K(896K)
[237.765s][info][gc          ] GC(16) Pause Young (Allocation Failure) 126M->35M(259M) 18.844ms
[237.765s][info][gc,cpu      ] GC(16) User=0.03s Sys=0.02s Real=0.02s
[249.268s][info][gc,start    ] GC(17) Pause Young (Allocation Failure)
[249.270s][info][gc,heap     ] GC(17) PSYoungGen: 89696K(90112K)->416K(101376K) Eden: 89600K(89600K)->0K(87040K) From: 96K(512K)->416K(14336K)
[249.270s][info][gc,heap     ] GC(17) ParOldGen: 36682K(175104K)->36690K(175104K)
[249.270s][info][gc,metaspace] GC(17) Metaspace: 5463K(5632K)->5463K(5632K) NonClass: 4637K(4736K)->4637K(4736K) Class: 825K(896K)->825K(896K)
[249.270s][info][gc          ] GC(17) Pause Young (Allocation Failure) 123M->36M(270M) 1.989ms
[249.270s][info][gc,cpu      ] GC(17) User=0.00s Sys=0.00s Real=0.00s
[259.928s][info][gc,start    ] GC(18) Pause Young (Allocation Failure)
[259.930s][info][gc,heap     ] GC(18) PSYoungGen: 87456K(101376K)->320K(85504K) Eden: 87040K(87040K)->0K(84992K) From: 416K(14336K)->320K(512K)
[259.930s][info][gc,heap     ] GC(18) ParOldGen: 36690K(175104K)->37042K(175104K)
[259.930s][info][gc,metaspace] GC(18) Metaspace: 5463K(5632K)->5463K(5632K) NonClass: 4637K(4736K)->4637K(4736K) Class: 825K(896K)->825K(896K)
[259.930s][info][gc          ] GC(18) Pause Young (Allocation Failure) 121M->36M(254M) 2.357ms
[259.930s][info][gc,cpu      ] GC(18) User=0.01s Sys=0.00s Real=0.00s
[270.955s][info][gc,start    ] GC(19) Pause Young (Allocation Failure)
[270.957s][info][gc,heap     ] GC(19) PSYoungGen: 85312K(85504K)->320K(96256K) Eden: 84992K(84992K)->0K(82944K) From: 320K(512K)->320K(13312K)
[270.957s][info][gc,heap     ] GC(19) ParOldGen: 37042K(175104K)->37330K(175104K)
[270.957s][info][gc,metaspace] GC(19) Metaspace: 5463K(5632K)->5463K(5632K) NonClass: 4637K(4736K)->4637K(4736K) Class: 825K(896K)->825K(896K)
[270.957s][info][gc          ] GC(19) Pause Young (Allocation Failure) 119M->36M(265M) 2.408ms
[270.957s][info][gc,cpu      ] GC(19) User=0.01s Sys=0.00s Real=0.00s
[281.373s][info][gc,start    ] GC(20) Pause Young (Allocation Failure)
[281.375s][info][gc,heap     ] GC(20) PSYoungGen: 83264K(96256K)->288K(81408K) Eden: 82944K(82944K)->0K(80896K) From: 320K(13312K)->288K(512K)
[281.375s][info][gc,heap     ] GC(20) ParOldGen: 37330K(175104K)->37618K(175104K)
[281.375s][info][gc,metaspace] GC(20) Metaspace: 5463K(5632K)->5463K(5632K) NonClass: 4637K(4736K)->4637K(4736K) Class: 825K(896K)->825K(896K)
[281.375s][info][gc          ] GC(20) Pause Young (Allocation Failure) 117M->37M(250M) 2.403ms
[281.375s][info][gc,cpu      ] GC(20) User=0.00s Sys=0.00s Real=0.00s
[291.726s][info][gc,start    ] GC(21) Pause Young (Allocation Failure)
[291.728s][info][gc,heap     ] GC(21) PSYoungGen: 81184K(81408K)->320K(91648K) Eden: 80896K(80896K)->0K(78848K) From: 288K(512K)->320K(12800K)
[291.728s][info][gc,heap     ] GC(21) ParOldGen: 37618K(175104K)->37898K(175104K)
[291.728s][info][gc,metaspace] GC(21) Metaspace: 5463K(5632K)->5463K(5632K) NonClass: 4637K(4736K)->4637K(4736K) Class: 825K(896K)->825K(896K)
[291.728s][info][gc          ] GC(21) Pause Young (Allocation Failure) 116M->37M(260M) 2.197ms
[291.728s][info][gc,cpu      ] GC(21) User=0.00s Sys=0.00s Real=0.00s
[301.700s][info][gc,start    ] GC(22) Pause Young (Allocation Failure)
[301.705s][info][gc,heap     ] GC(22) PSYoungGen: 79167K(91648K)->320K(77312K) Eden: 78847K(78848K)->0K(76800K) From: 320K(12800K)->320K(512K)
[301.705s][info][gc,heap     ] GC(22) ParOldGen: 37898K(175104K)->38186K(175104K)
[301.705s][info][gc,metaspace] GC(22) Metaspace: 5463K(5632K)->5463K(5632K) NonClass: 4637K(4736K)->4637K(4736K) Class: 825K(896K)->825K(896K)
[301.705s][info][gc          ] GC(22) Pause Young (Allocation Failure) 114M->37M(246M) 5.176ms
[301.705s][info][gc,cpu      ] GC(22) User=0.01s Sys=0.00s Real=0.01s
[311.589s][info][gc,start    ] GC(23) Pause Young (Allocation Failure)
[311.592s][info][gc,heap     ] GC(23) PSYoungGen: 77120K(77312K)->288K(85504K) Eden: 76800K(76800K)->0K(74752K) From: 320K(512K)->288K(10752K)
[311.592s][info][gc,heap     ] GC(23) ParOldGen: 38186K(175104K)->38450K(175104K)
[311.592s][info][gc,metaspace] GC(23) Metaspace: 5463K(5632K)->5463K(5632K) NonClass: 4637K(4736K)->4637K(4736K) Class: 825K(896K)->825K(896K)
[311.592s][info][gc          ] GC(23) Pause Young (Allocation Failure) 112M->37M(254M) 3.129ms
[311.592s][info][gc,cpu      ] GC(23) User=0.00s Sys=0.00s Real=0.00s
[321.538s][info][gc,start    ] GC(24) Pause Young (Allocation Failure)
[321.541s][info][gc,heap     ] GC(24) PSYoungGen: 75040K(85504K)->288K(73728K) Eden: 74752K(74752K)->0K(73216K) From: 288K(10752K)->288K(512K)
[321.541s][info][gc,heap     ] GC(24) ParOldGen: 38450K(175104K)->38698K(175104K)
[321.541s][info][gc,metaspace] GC(24) Metaspace: 5463K(5632K)->5463K(5632K) NonClass: 4637K(4736K)->4637K(4736K) Class: 825K(896K)->825K(896K)
[321.541s][info][gc          ] GC(24) Pause Young (Allocation Failure) 110M->38M(243M) 2.428ms
[321.541s][info][gc,cpu      ] GC(24) User=0.00s Sys=0.00s Real=0.00s
[332.081s][info][gc,start    ] GC(25) Pause Young (Allocation Failure)
[332.098s][info][gc,heap     ] GC(25) PSYoungGen: 73504K(73728K)->10642K(84480K) Eden: 73216K(73216K)->0K(71168K) From: 288K(512K)->10642K(13312K)
[332.098s][info][gc,heap     ] GC(25) ParOldGen: 38698K(175104K)->38946K(175104K)
[332.098s][info][gc,metaspace] GC(25) Metaspace: 5509K(5696K)->5509K(5696K) NonClass: 4684K(4800K)->4684K(4800K) Class: 825K(896K)->825K(896K)
[332.098s][info][gc          ] GC(25) Pause Young (Allocation Failure) 109M->48M(253M) 16.915ms
[332.098s][info][gc,cpu      ] GC(25) User=0.03s Sys=0.00s Real=0.02s
[343.586s][info][gc,start    ] GC(26) Pause Young (Allocation Failure)
[343.606s][info][gc,heap     ] GC(26) PSYoungGen: 81810K(84480K)->64K(70144K) Eden: 71168K(71168K)->0K(69632K) From: 10642K(13312K)->64K(512K)
[343.606s][info][gc,heap     ] GC(26) ParOldGen: 38946K(175104K)->49165K(175104K)
[343.606s][info][gc,metaspace] GC(26) Metaspace: 5511K(5696K)->5511K(5696K) NonClass: 4686K(4800K)->4686K(4800K) Class: 825K(896K)->825K(896K)
[343.606s][info][gc          ] GC(26) Pause Young (Allocation Failure) 117M->48M(239M) 19.882ms
[343.606s][info][gc,cpu      ] GC(26) User=0.03s Sys=0.01s Real=0.02s
[353.788s][info][gc,start    ] GC(27) Pause Young (Allocation Failure)
[353.790s][info][gc,heap     ] GC(27) PSYoungGen: 69696K(70144K)->320K(79360K) Eden: 69632K(69632K)->0K(68096K) From: 64K(512K)->320K(11264K)
[353.790s][info][gc,heap     ] GC(27) ParOldGen: 49165K(175104K)->49181K(175104K)
[353.790s][info][gc,metaspace] GC(27) Metaspace: 5511K(5696K)->5511K(5696K) NonClass: 4686K(4800K)->4686K(4800K) Class: 825K(896K)->825K(896K)
[353.790s][info][gc          ] GC(27) Pause Young (Allocation Failure) 116M->48M(248M) 1.873ms
[353.790s][info][gc,cpu      ] GC(27) User=0.00s Sys=0.00s Real=0.00s
[362.761s][info][gc,start    ] GC(28) Pause Young (Allocation Failure)
[362.763s][info][gc,heap     ] GC(28) PSYoungGen: 68416K(79360K)->288K(67072K) Eden: 68096K(68096K)->0K(66560K) From: 320K(11264K)->288K(512K)
[362.763s][info][gc,heap     ] GC(28) ParOldGen: 49181K(175104K)->49477K(175104K)
[362.763s][info][gc,metaspace] GC(28) Metaspace: 5511K(5696K)->5511K(5696K) NonClass: 4686K(4800K)->4686K(4800K) Class: 825K(896K)->825K(896K)
[362.763s][info][gc          ] GC(28) Pause Young (Allocation Failure) 114M->48M(236M) 2.183ms
[362.763s][info][gc,cpu      ] GC(28) User=0.01s Sys=0.00s Real=0.01s
[372.031s][info][gc,start    ] GC(29) Pause Young (Allocation Failure)
[372.033s][info][gc,heap     ] GC(29) PSYoungGen: 66848K(67072K)->288K(75776K) Eden: 66560K(66560K)->0K(65024K) From: 288K(512K)->288K(10752K)
[372.033s][info][gc,heap     ] GC(29) ParOldGen: 49477K(175104K)->49709K(175104K)
[372.033s][info][gc,metaspace] GC(29) Metaspace: 5511K(5696K)->5511K(5696K) NonClass: 4686K(4800K)->4686K(4800K) Class: 825K(896K)->825K(896K)
[372.033s][info][gc          ] GC(29) Pause Young (Allocation Failure) 113M->48M(245M) 1.872ms
[372.033s][info][gc,cpu      ] GC(29) User=0.01s Sys=0.00s Real=0.01s
[380.758s][info][gc,start    ] GC(30) Pause Young (Allocation Failure)
[380.759s][info][gc,heap     ] GC(30) PSYoungGen: 65312K(75776K)->224K(65536K) Eden: 65024K(65024K)->0K(65024K) From: 288K(10752K)->224K(512K)
[380.759s][info][gc,heap     ] GC(30) ParOldGen: 49709K(175104K)->49933K(175104K)
[380.759s][info][gc,metaspace] GC(30) Metaspace: 5511K(5696K)->5511K(5696K) NonClass: 4686K(4800K)->4686K(4800K) Class: 825K(896K)->825K(896K)
[380.760s][info][gc          ] GC(30) Pause Young (Allocation Failure) 112M->48M(235M) 1.963ms
[380.760s][info][gc,cpu      ] GC(30) User=0.00s Sys=0.01s Real=0.00s
[389.185s][info][gc,start    ] GC(31) Pause Young (Allocation Failure)
[389.187s][info][gc,heap     ] GC(31) PSYoungGen: 65247K(65536K)->256K(75776K) Eden: 65023K(65024K)->0K(64000K) From: 224K(512K)->256K(11776K)
[389.187s][info][gc,heap     ] GC(31) ParOldGen: 49933K(175104K)->50149K(175104K)
[389.187s][info][gc,metaspace] GC(31) Metaspace: 5511K(5696K)->5511K(5696K) NonClass: 4686K(4800K)->4686K(4800K) Class: 825K(896K)->825K(896K)
[389.187s][info][gc          ] GC(31) Pause Young (Allocation Failure) 112M->49M(245M) 1.937ms
[389.187s][info][gc,cpu      ] GC(31) User=0.00s Sys=0.00s Real=0.00s
[397.912s][info][gc,start    ] GC(32) Pause Young (Allocation Failure)
[397.914s][info][gc,heap     ] GC(32) PSYoungGen: 64256K(75776K)->256K(75264K) Eden: 64000K(64000K)->0K(64000K) From: 256K(11776K)->256K(11264K)
[397.914s][info][gc,heap     ] GC(32) ParOldGen: 50149K(175104K)->50373K(175104K)
[397.914s][info][gc,metaspace] GC(32) Metaspace: 5511K(5696K)->5511K(5696K) NonClass: 4686K(4800K)->4686K(4800K) Class: 825K(896K)->825K(896K)
[397.914s][info][gc          ] GC(32) Pause Young (Allocation Failure) 111M->49M(244M) 1.593ms
[397.914s][info][gc,cpu      ] GC(32) User=0.00s Sys=0.00s Real=0.00s
[407.051s][info][gc,start    ] GC(33) Pause Young (Allocation Failure)
[407.054s][info][gc,heap     ] GC(33) PSYoungGen: 64256K(75264K)->256K(76800K) Eden: 64000K(64000K)->0K(66048K) From: 256K(11264K)->256K(10752K)
[407.054s][info][gc,heap     ] GC(33) ParOldGen: 50373K(175104K)->50597K(175104K)
[407.054s][info][gc,metaspace] GC(33) Metaspace: 5511K(5696K)->5511K(5696K) NonClass: 4686K(4800K)->4686K(4800K) Class: 825K(896K)->825K(896K)
[407.054s][info][gc          ] GC(33) Pause Young (Allocation Failure) 111M->49M(246M) 3.075ms
[407.054s][info][gc,cpu      ] GC(33) User=0.00s Sys=0.00s Real=0.01s
[415.995s][info][gc,start    ] GC(34) Pause Young (Allocation Failure)
[415.997s][info][gc,heap     ] GC(34) PSYoungGen: 66304K(76800K)->256K(76288K) Eden: 66048K(66048K)->0K(66048K) From: 256K(10752K)->256K(10240K)
[415.997s][info][gc,heap     ] GC(34) ParOldGen: 50597K(175104K)->50821K(175104K)
[415.997s][info][gc,metaspace] GC(34) Metaspace: 5511K(5696K)->5511K(5696K) NonClass: 4686K(4800K)->4686K(4800K) Class: 825K(896K)->825K(896K)
[415.997s][info][gc          ] GC(34) Pause Young (Allocation Failure) 114M->49M(245M) 2.168ms
[415.997s][info][gc,cpu      ] GC(34) User=0.00s Sys=0.00s Real=0.00s
[424.632s][info][gc,start    ] GC(35) Pause Young (Allocation Failure)
[424.633s][info][gc,heap     ] GC(35) PSYoungGen: 66304K(76288K)->256K(78336K) Eden: 66048K(66048K)->0K(69120K) From: 256K(10240K)->256K(9216K)
[424.633s][info][gc,heap     ] GC(35) ParOldGen: 50821K(175104K)->51037K(175104K)
[424.633s][info][gc,metaspace] GC(35) Metaspace: 5511K(5696K)->5511K(5696K) NonClass: 4686K(4800K)->4686K(4800K) Class: 825K(896K)->825K(896K)
[424.633s][info][gc          ] GC(35) Pause Young (Allocation Failure) 114M->50M(247M) 1.555ms
[424.633s][info][gc,cpu      ] GC(35) User=0.00s Sys=0.00s Real=0.01s
[433.364s][info][gc,start    ] GC(36) Pause Young (Allocation Failure)
[433.367s][info][gc,heap     ] GC(36) PSYoungGen: 69376K(78336K)->256K(77824K) Eden: 69120K(69120K)->0K(69120K) From: 256K(9216K)->256K(8704K)
[433.367s][info][gc,heap     ] GC(36) ParOldGen: 51037K(175104K)->51253K(175104K)
[433.367s][info][gc,metaspace] GC(36) Metaspace: 5511K(5696K)->5511K(5696K) NonClass: 4686K(4800K)->4686K(4800K) Class: 825K(896K)->825K(896K)
[433.367s][info][gc          ] GC(36) Pause Young (Allocation Failure) 117M->50M(247M) 3.368ms
[433.367s][info][gc,cpu      ] GC(36) User=0.00s Sys=0.00s Real=0.00s
[443.679s][info][gc,start    ] GC(37) Pause Young (Allocation Failure)
[443.699s][info][gc,heap     ] GC(37) PSYoungGen: 69375K(77824K)->8168K(75776K) Eden: 69119K(69120K)->0K(67584K) From: 256K(8704K)->8168K(8192K)
[443.700s][info][gc,heap     ] GC(37) ParOldGen: 51253K(175104K)->53800K(175104K)
[443.700s][info][gc,metaspace] GC(37) Metaspace: 5527K(5696K)->5527K(5696K) NonClass: 4701K(4800K)->4701K(4800K) Class: 825K(896K)->825K(896K)
[443.700s][info][gc          ] GC(37) Pause Young (Allocation Failure) 117M->60M(245M) 20.097ms
[443.700s][info][gc,cpu      ] GC(37) User=0.03s Sys=0.00s Real=0.02s
[455.182s][info][gc,start    ] GC(38) Pause Young (Allocation Failure)
[455.197s][info][gc,heap     ] GC(38) PSYoungGen: 75752K(75776K)->64K(66560K) Eden: 67584K(67584K)->0K(66048K) From: 8168K(8192K)->64K(512K)
[455.197s][info][gc,heap     ] GC(38) ParOldGen: 53800K(175104K)->61748K(175104K)
[455.197s][info][gc,metaspace] GC(38) Metaspace: 5527K(5696K)->5527K(5696K) NonClass: 4701K(4800K)->4701K(4800K) Class: 825K(896K)->825K(896K)
[455.197s][info][gc          ] GC(38) Pause Young (Allocation Failure) 126M->60M(236M) 14.710ms
[455.197s][info][gc,cpu      ] GC(38) User=0.02s Sys=0.01s Real=0.02s
[464.335s][info][gc,start    ] GC(39) Pause Young (Allocation Failure)
[464.336s][info][gc,heap     ] GC(39) PSYoungGen: 66112K(66560K)->352K(76800K) Eden: 66048K(66048K)->0K(66560K) From: 64K(512K)->352K(10240K)
[464.336s][info][gc,heap     ] GC(39) ParOldGen: 61748K(175104K)->61756K(175104K)
[464.336s][info][gc,metaspace] GC(39) Metaspace: 5527K(5696K)->5527K(5696K) NonClass: 4701K(4800K)->4701K(4800K) Class: 825K(896K)->825K(896K)
[464.336s][info][gc          ] GC(39) Pause Young (Allocation Failure) 124M->60M(246M) 1.566ms
[464.336s][info][gc,cpu      ] GC(39) User=0.00s Sys=0.00s Real=0.00s
[472.700s][info][gc,start    ] GC(40) Pause Young (Allocation Failure)
[472.702s][info][gc,heap     ] GC(40) PSYoungGen: 66912K(76800K)->288K(76800K) Eden: 66560K(66560K)->0K(66560K) From: 352K(10240K)->288K(10240K)
[472.702s][info][gc,heap     ] GC(40) ParOldGen: 61756K(175104K)->62092K(175104K)
[472.702s][info][gc,metaspace] GC(40) Metaspace: 5527K(5696K)->5527K(5696K) NonClass: 4701K(4800K)->4701K(4800K) Class: 825K(896K)->825K(896K)
[472.702s][info][gc          ] GC(40) Pause Young (Allocation Failure) 125M->60M(246M) 1.822ms
[472.702s][info][gc,cpu      ] GC(40) User=0.00s Sys=0.00s Real=0.00s
[481.226s][info][gc,start    ] GC(41) Pause Young (Allocation Failure)
[481.228s][info][gc,heap     ] GC(41) PSYoungGen: 66848K(76800K)->256K(77824K) Eden: 66560K(66560K)->0K(68096K) From: 288K(10240K)->256K(9728K)
[481.228s][info][gc,heap     ] GC(41) ParOldGen: 62092K(175104K)->62324K(175104K)
[481.228s][info][gc,metaspace] GC(41) Metaspace: 5527K(5696K)->5527K(5696K) NonClass: 4701K(4800K)->4701K(4800K) Class: 825K(896K)->825K(896K)
[481.228s][info][gc          ] GC(41) Pause Young (Allocation Failure) 125M->61M(247M) 1.781ms
[481.228s][info][gc,cpu      ] GC(41) User=0.00s Sys=0.00s Real=0.00s
[490.334s][info][gc,start    ] GC(42) Pause Young (Allocation Failure)
[490.336s][info][gc,heap     ] GC(42) PSYoungGen: 68352K(77824K)->288K(77312K) Eden: 68096K(68096K)->0K(68096K) From: 256K(9728K)->288K(9216K)
[490.336s][info][gc,heap     ] GC(42) ParOldGen: 62324K(175104K)->62556K(175104K)
[490.336s][info][gc,metaspace] GC(42) Metaspace: 5527K(5696K)->5527K(5696K) NonClass: 4701K(4800K)->4701K(4800K) Class: 825K(896K)->825K(896K)
[490.336s][info][gc          ] GC(42) Pause Young (Allocation Failure) 127M->61M(246M) 1.835ms
[490.336s][info][gc,cpu      ] GC(42) User=0.01s Sys=0.00s Real=0.00s
[499.131s][info][gc,start    ] GC(43) Pause Young (Allocation Failure)
[499.135s][info][gc,heap     ] GC(43) PSYoungGen: 68384K(77312K)->288K(78848K) Eden: 68096K(68096K)->0K(70144K) From: 288K(9216K)->288K(8704K)
[499.135s][info][gc,heap     ] GC(43) ParOldGen: 62556K(175104K)->62788K(175104K)
[499.135s][info][gc,metaspace] GC(43) Metaspace: 5527K(5696K)->5527K(5696K) NonClass: 4701K(4800K)->4701K(4800K) Class: 825K(896K)->825K(896K)
[499.135s][info][gc          ] GC(43) Pause Young (Allocation Failure) 127M->61M(248M) 4.849ms
[499.135s][info][gc,cpu      ] GC(43) User=0.00s Sys=0.00s Real=0.01s
[508.073s][info][gc,start    ] GC(44) Pause Young (Allocation Failure)
[508.077s][info][gc,heap     ] GC(44) PSYoungGen: 70432K(78848K)->288K(78336K) Eden: 70144K(70144K)->0K(70144K) From: 288K(8704K)->288K(8192K)
[508.077s][info][gc,heap     ] GC(44) ParOldGen: 62788K(175104K)->63028K(175104K)
[508.077s][info][gc,metaspace] GC(44) Metaspace: 5527K(5696K)->5527K(5696K) NonClass: 4701K(4800K)->4701K(4800K) Class: 825K(896K)->825K(896K)
[508.077s][info][gc          ] GC(44) Pause Young (Allocation Failure) 130M->61M(247M) 4.486ms
[508.077s][info][gc,cpu      ] GC(44) User=0.01s Sys=0.00s Real=0.00s
[516.953s][info][gc,start    ] GC(45) Pause Young (Allocation Failure)
[516.955s][info][gc,heap     ] GC(45) PSYoungGen: 70432K(78336K)->256K(79872K) Eden: 70144K(70144K)->0K(72192K) From: 288K(8192K)->256K(7680K)
[516.955s][info][gc,heap     ] GC(45) ParOldGen: 63028K(175104K)->63260K(175104K)
[516.955s][info][gc,metaspace] GC(45) Metaspace: 5527K(5696K)->5527K(5696K) NonClass: 4701K(4800K)->4701K(4800K) Class: 825K(896K)->825K(896K)
[516.955s][info][gc          ] GC(45) Pause Young (Allocation Failure) 130M->62M(249M) 1.705ms
[516.955s][info][gc,cpu      ] GC(45) User=0.01s Sys=0.00s Real=0.00s
[526.204s][info][gc,start    ] GC(46) Pause Young (Allocation Failure)
[526.206s][info][gc,heap     ] GC(46) PSYoungGen: 72448K(79872K)->288K(79360K) Eden: 72192K(72192K)->0K(72192K) From: 256K(7680K)->288K(7168K)
[526.206s][info][gc,heap     ] GC(46) ParOldGen: 63260K(175104K)->63500K(175104K)
[526.206s][info][gc,metaspace] GC(46) Metaspace: 5527K(5696K)->5527K(5696K) NonClass: 4701K(4800K)->4701K(4800K) Class: 825K(896K)->825K(896K)
[526.206s][info][gc          ] GC(46) Pause Young (Allocation Failure) 132M->62M(248M) 1.789ms
[526.206s][info][gc,cpu      ] GC(46) User=0.00s Sys=0.00s Real=0.00s
[535.373s][info][gc,start    ] GC(47) Pause Young (Allocation Failure)
[535.375s][info][gc,heap     ] GC(47) PSYoungGen: 72480K(79360K)->288K(80896K) Eden: 72192K(72192K)->0K(74240K) From: 288K(7168K)->288K(6656K)
[535.375s][info][gc,heap     ] GC(47) ParOldGen: 63500K(175104K)->63748K(175104K)
[535.375s][info][gc,metaspace] GC(47) Metaspace: 5527K(5696K)->5527K(5696K) NonClass: 4701K(4800K)->4701K(4800K) Class: 825K(896K)->825K(896K)
[535.375s][info][gc          ] GC(47) Pause Young (Allocation Failure) 132M->62M(250M) 1.860ms
[535.375s][info][gc,cpu      ] GC(47) User=0.00s Sys=0.00s Real=0.00s
[544.774s][info][gc,start    ] GC(48) Pause Young (Allocation Failure)
[544.776s][info][gc,heap     ] GC(48) PSYoungGen: 74528K(80896K)->288K(80384K) Eden: 74240K(74240K)->0K(74240K) From: 288K(6656K)->288K(6144K)
[544.776s][info][gc,heap     ] GC(48) ParOldGen: 63748K(175104K)->63988K(175104K)
[544.776s][info][gc,metaspace] GC(48) Metaspace: 5527K(5696K)->5527K(5696K) NonClass: 4701K(4800K)->4701K(4800K) Class: 825K(896K)->825K(896K)
[544.776s][info][gc          ] GC(48) Pause Young (Allocation Failure) 135M->62M(249M) 1.984ms
[544.776s][info][gc,cpu      ] GC(48) User=0.01s Sys=0.00s Real=0.00s
[556.695s][info][gc,start    ] GC(49) Pause Young (Allocation Failure)
[556.712s][info][gc,heap     ] GC(49) PSYoungGen: 74527K(80384K)->5630K(78336K) Eden: 74239K(74240K)->0K(72704K) From: 288K(6144K)->5630K(5632K)
[556.712s][info][gc,heap     ] GC(49) ParOldGen: 63988K(175104K)->68867K(175104K)
[556.712s][info][gc,metaspace] GC(49) Metaspace: 5551K(5696K)->5551K(5696K) NonClass: 4724K(4800K)->4724K(4800K) Class: 827K(896K)->827K(896K)
[556.712s][info][gc          ] GC(49) Pause Young (Allocation Failure) 135M->72M(247M) 16.831ms
[556.712s][info][gc,cpu      ] GC(49) User=0.03s Sys=0.00s Real=0.01s
[568.138s][info][gc,start    ] GC(50) Pause Young (Allocation Failure)
[568.150s][info][gc,heap     ] GC(50) PSYoungGen: 78334K(78336K)->64K(71680K) Eden: 72704K(72704K)->0K(71168K) From: 5630K(5632K)->64K(512K)
[568.150s][info][gc,heap     ] GC(50) ParOldGen: 68867K(175104K)->74404K(175104K)
[568.150s][info][gc,metaspace] GC(50) Metaspace: 5551K(5696K)->5551K(5696K) NonClass: 4724K(4800K)->4724K(4800K) Class: 827K(896K)->827K(896K)
[568.150s][info][gc          ] GC(50) Pause Young (Allocation Failure) 143M->72M(241M) 12.278ms
[568.150s][info][gc,cpu      ] GC(50) User=0.02s Sys=0.00s Real=0.01s
[577.623s][info][gc,start    ] GC(51) Pause Young (Allocation Failure)
[577.625s][info][gc,heap     ] GC(51) PSYoungGen: 71232K(71680K)->320K(77824K) Eden: 71168K(71168K)->0K(70656K) From: 64K(512K)->320K(7168K)
[577.625s][info][gc,heap     ] GC(51) ParOldGen: 74404K(175104K)->74412K(175104K)
[577.625s][info][gc,metaspace] GC(51) Metaspace: 5551K(5696K)->5551K(5696K) NonClass: 4724K(4800K)->4724K(4800K) Class: 827K(896K)->827K(896K)
[577.625s][info][gc          ] GC(51) Pause Young (Allocation Failure) 142M->72M(247M) 1.582ms
[577.625s][info][gc,cpu      ] GC(51) User=0.01s Sys=0.00s Real=0.00s
[586.276s][info][gc,start    ] GC(52) Pause Young (Allocation Failure)
[586.278s][info][gc,heap     ] GC(52) PSYoungGen: 70976K(77824K)->256K(78848K) Eden: 70656K(70656K)->0K(70656K) From: 320K(7168K)->256K(8192K)
[586.278s][info][gc,heap     ] GC(52) ParOldGen: 74412K(175104K)->74700K(175104K)
[586.278s][info][gc,metaspace] GC(52) Metaspace: 5551K(5696K)->5551K(5696K) NonClass: 4724K(4800K)->4724K(4800K) Class: 827K(896K)->827K(896K)
[586.278s][info][gc          ] GC(52) Pause Young (Allocation Failure) 141M->73M(248M) 1.969ms
[586.278s][info][gc,cpu      ] GC(52) User=0.00s Sys=0.00s Real=0.00s
[595.720s][info][gc,start    ] GC(53) Pause Young (Allocation Failure)
[595.722s][info][gc,heap     ] GC(53) PSYoungGen: 70912K(78848K)->288K(79872K) Eden: 70656K(70656K)->0K(72192K) From: 256K(8192K)->288K(7680K)
[595.722s][info][gc,heap     ] GC(53) ParOldGen: 74700K(175104K)->74940K(175104K)
[595.722s][info][gc,metaspace] GC(53) Metaspace: 5551K(5696K)->5551K(5696K) NonClass: 4724K(4800K)->4724K(4800K) Class: 827K(896K)->827K(896K)
[595.722s][info][gc          ] GC(53) Pause Young (Allocation Failure) 142M->73M(249M) 1.883ms
[595.722s][info][gc,cpu      ] GC(53) User=0.00s Sys=0.00s Real=0.00s
[605.484s][info][gc,start    ] GC(54) Pause Young (Allocation Failure)
[605.485s][info][gc,heap     ] GC(54) PSYoungGen: 72480K(79872K)->288K(79360K) Eden: 72192K(72192K)->0K(72192K) From: 288K(7680K)->288K(7168K)
[605.485s][info][gc,heap     ] GC(54) ParOldGen: 74940K(175104K)->75196K(175104K)
[605.485s][info][gc,metaspace] GC(54) Metaspace: 5551K(5696K)->5551K(5696K) NonClass: 4724K(4800K)->4724K(4800K) Class: 827K(896K)->827K(896K)
[605.485s][info][gc          ] GC(54) Pause Young (Allocation Failure) 143M->73M(248M) 1.803ms
[605.485s][info][gc,cpu      ] GC(54) User=0.01s Sys=0.00s Real=0.00s
[615.104s][info][gc,start    ] GC(55) Pause Young (Allocation Failure)
[615.105s][info][gc,heap     ] GC(55) PSYoungGen: 72480K(79360K)->256K(80384K) Eden: 72192K(72192K)->0K(73728K) From: 288K(7168K)->256K(6656K)
[615.105s][info][gc,heap     ] GC(55) ParOldGen: 75196K(175104K)->75436K(175104K)
[615.105s][info][gc,metaspace] GC(55) Metaspace: 5551K(5696K)->5551K(5696K) NonClass: 4724K(4800K)->4724K(4800K) Class: 827K(896K)->827K(896K)
[615.105s][info][gc          ] GC(55) Pause Young (Allocation Failure) 144M->73M(249M) 1.788ms
[615.105s][info][gc,cpu      ] GC(55) User=0.01s Sys=0.00s Real=0.00s
[624.253s][info][gc,start    ] GC(56) Pause Young (Allocation Failure)
[624.255s][info][gc,heap     ] GC(56) PSYoungGen: 73984K(80384K)->288K(80384K) Eden: 73728K(73728K)->0K(73728K) From: 256K(6656K)->288K(6656K)
[624.255s][info][gc,heap     ] GC(56) ParOldGen: 75436K(175104K)->75692K(175104K)
[624.255s][info][gc,metaspace] GC(56) Metaspace: 5551K(5696K)->5551K(5696K) NonClass: 4724K(4800K)->4724K(4800K) Class: 827K(896K)->827K(896K)
[624.255s][info][gc          ] GC(56) Pause Young (Allocation Failure) 145M->74M(249M) 1.950ms
[624.255s][info][gc,cpu      ] GC(56) User=0.00s Sys=0.00s Real=0.00s
[633.586s][info][gc,start    ] GC(57) Pause Young (Allocation Failure)
[633.589s][info][gc,heap     ] GC(57) PSYoungGen: 74016K(80384K)->288K(81408K) Eden: 73728K(73728K)->0K(75264K) From: 288K(6656K)->288K(6144K)
[633.589s][info][gc,heap     ] GC(57) ParOldGen: 75692K(175104K)->75940K(175104K)
[633.589s][info][gc,metaspace] GC(57) Metaspace: 5551K(5696K)->5551K(5696K) NonClass: 4724K(4800K)->4724K(4800K) Class: 827K(896K)->827K(896K)
[633.589s][info][gc          ] GC(57) Pause Young (Allocation Failure) 146M->74M(250M) 3.018ms
[633.589s][info][gc,cpu      ] GC(57) User=0.01s Sys=0.00s Real=0.00s
[643.325s][info][gc,start    ] GC(58) Pause Young (Allocation Failure)
[643.328s][info][gc,heap     ] GC(58) PSYoungGen: 75552K(81408K)->288K(80896K) Eden: 75264K(75264K)->0K(75264K) From: 288K(6144K)->288K(5632K)
[643.328s][info][gc,heap     ] GC(58) ParOldGen: 75940K(175104K)->76188K(175104K)
[643.328s][info][gc,metaspace] GC(58) Metaspace: 5551K(5696K)->5551K(5696K) NonClass: 4724K(4800K)->4724K(4800K) Class: 827K(896K)->827K(896K)
[643.328s][info][gc          ] GC(58) Pause Young (Allocation Failure) 147M->74M(250M) 2.763ms
[643.328s][info][gc,cpu      ] GC(58) User=0.00s Sys=0.00s Real=0.00s
[653.115s][info][gc,start    ] GC(59) Pause Young (Allocation Failure)
[653.119s][info][gc,heap     ] GC(59) PSYoungGen: 75552K(80896K)->288K(81920K) Eden: 75264K(75264K)->0K(76288K) From: 288K(5632K)->288K(5632K)
[653.120s][info][gc,heap     ] GC(59) ParOldGen: 76188K(175104K)->76444K(175104K)
[653.120s][info][gc,metaspace] GC(59) Metaspace: 5551K(5696K)->5551K(5696K) NonClass: 4724K(4800K)->4724K(4800K) Class: 827K(896K)->827K(896K)
[653.120s][info][gc          ] GC(59) Pause Young (Allocation Failure) 148M->74M(251M) 4.830ms
[653.120s][info][gc,cpu      ] GC(59) User=0.00s Sys=0.00s Real=0.00s
[664.751s][info][gc,start    ] GC(60) Pause Young (Allocation Failure)
[664.767s][info][gc,heap     ] GC(60) PSYoungGen: 76576K(81920K)->5095K(79360K) Eden: 76288K(76288K)->0K(74240K) From: 288K(5632K)->5095K(5120K)
[664.767s][info][gc,heap     ] GC(60) ParOldGen: 76444K(175104K)->81924K(175104K)
[664.767s][info][gc,metaspace] GC(60) Metaspace: 5564K(5696K)->5564K(5696K) NonClass: 4737K(4800K)->4737K(4800K) Class: 827K(896K)->827K(896K)
[664.767s][info][gc          ] GC(60) Pause Young (Allocation Failure) 149M->84M(248M) 16.452ms
[664.767s][info][gc,cpu      ] GC(60) User=0.03s Sys=0.00s Real=0.02s
[676.303s][info][gc,start    ] GC(61) Pause Young (Allocation Failure)
[676.313s][info][gc,heap     ] GC(61) PSYoungGen: 79335K(79360K)->64K(79360K) Eden: 74240K(74240K)->0K(72704K) From: 5095K(5120K)->64K(6656K)
[676.313s][info][gc,heap     ] GC(61) ParOldGen: 81924K(175104K)->86916K(175104K)
[676.313s][info][gc,metaspace] GC(61) Metaspace: 5564K(5696K)->5564K(5696K) NonClass: 4737K(4800K)->4737K(4800K) Class: 827K(896K)->827K(896K)
[676.313s][info][gc          ] GC(61) Pause Young (Allocation Failure) 157M->84M(248M) 10.293ms
[676.313s][info][gc,cpu      ] GC(61) User=0.01s Sys=0.00s Real=0.01s
[685.611s][info][gc,start    ] GC(62) Pause Young (Allocation Failure)
[685.612s][info][gc,heap     ] GC(62) PSYoungGen: 72767K(79360K)->352K(73216K) Eden: 72703K(72704K)->0K(72704K) From: 64K(6656K)->352K(512K)
[685.612s][info][gc,heap     ] GC(62) ParOldGen: 86916K(175104K)->86924K(175104K)
[685.612s][info][gc,metaspace] GC(62) Metaspace: 5564K(5696K)->5564K(5696K) NonClass: 4737K(4800K)->4737K(4800K) Class: 827K(896K)->827K(896K)
[685.612s][info][gc          ] GC(62) Pause Young (Allocation Failure) 155M->85M(242M) 1.592ms
[685.612s][info][gc,cpu      ] GC(62) User=0.01s Sys=0.00s Real=0.00s
[694.608s][info][gc,start    ] GC(63) Pause Young (Allocation Failure)
[694.610s][info][gc,heap     ] GC(63) PSYoungGen: 73056K(73216K)->288K(79872K) Eden: 72704K(72704K)->0K(72192K) From: 352K(512K)->288K(7680K)
[694.610s][info][gc,heap     ] GC(63) ParOldGen: 86924K(175104K)->87212K(175104K)
[694.610s][info][gc,metaspace] GC(63) Metaspace: 5564K(5696K)->5564K(5696K) NonClass: 4737K(4800K)->4737K(4800K) Class: 827K(896K)->827K(896K)
[694.610s][info][gc          ] GC(63) Pause Young (Allocation Failure) 156M->85M(249M) 2.048ms
[694.611s][info][gc,cpu      ] GC(63) User=0.00s Sys=0.00s Real=0.00s
[704.079s][info][gc,start    ] GC(64) Pause Young (Allocation Failure)
[704.082s][info][gc,heap     ] GC(64) PSYoungGen: 72480K(79872K)->288K(79360K) Eden: 72192K(72192K)->0K(72192K) From: 288K(7680K)->288K(7168K)
[704.082s][info][gc,heap     ] GC(64) ParOldGen: 87212K(175104K)->87452K(175104K)
[704.082s][info][gc,metaspace] GC(64) Metaspace: 5564K(5696K)->5564K(5696K) NonClass: 4737K(4800K)->4737K(4800K) Class: 827K(896K)->827K(896K)
[704.082s][info][gc          ] GC(64) Pause Young (Allocation Failure) 155M->85M(248M) 3.323ms
[704.082s][info][gc,cpu      ] GC(64) User=0.01s Sys=0.00s Real=0.00s
[713.321s][info][gc,start    ] GC(65) Pause Young (Allocation Failure)
[713.324s][info][gc,heap     ] GC(65) PSYoungGen: 72480K(79360K)->288K(80384K) Eden: 72192K(72192K)->0K(73728K) From: 288K(7168K)->288K(6656K)
[713.324s][info][gc,heap     ] GC(65) ParOldGen: 87452K(175104K)->87708K(175104K)
[713.324s][info][gc,metaspace] GC(65) Metaspace: 5564K(5696K)->5564K(5696K) NonClass: 4737K(4800K)->4737K(4800K) Class: 827K(896K)->827K(896K)
[713.324s][info][gc          ] GC(65) Pause Young (Allocation Failure) 156M->85M(249M) 2.266ms
[713.324s][info][gc,cpu      ] GC(65) User=0.00s Sys=0.00s Real=0.01s
[722.998s][info][gc,start    ] GC(66) Pause Young (Allocation Failure)
[723.000s][info][gc,heap     ] GC(66) PSYoungGen: 74016K(80384K)->320K(80384K) Eden: 73728K(73728K)->0K(73728K) From: 288K(6656K)->320K(6656K)
[723.000s][info][gc,heap     ] GC(66) ParOldGen: 87708K(175104K)->87948K(175104K)
[723.000s][info][gc,metaspace] GC(66) Metaspace: 5564K(5696K)->5564K(5696K) NonClass: 4737K(4800K)->4737K(4800K) Class: 827K(896K)->827K(896K)
[723.000s][info][gc          ] GC(66) Pause Young (Allocation Failure) 157M->86M(249M) 1.857ms
[723.000s][info][gc,cpu      ] GC(66) User=0.01s Sys=0.00s Real=0.00s
[733.088s][info][gc,start    ] GC(67) Pause Young (Allocation Failure)
[733.091s][info][gc,heap     ] GC(67) PSYoungGen: 74048K(80384K)->288K(81408K) Eden: 73728K(73728K)->0K(75264K) From: 320K(6656K)->288K(6144K)
[733.091s][info][gc,heap     ] GC(67) ParOldGen: 87948K(175104K)->88196K(175104K)
[733.091s][info][gc,metaspace] GC(67) Metaspace: 5564K(5696K)->5564K(5696K) NonClass: 4737K(4800K)->4737K(4800K) Class: 827K(896K)->827K(896K)
[733.091s][info][gc          ] GC(67) Pause Young (Allocation Failure) 158M->86M(250M) 2.950ms
[733.091s][info][gc,cpu      ] GC(67) User=0.01s Sys=0.00s Real=0.00s
[743.752s][info][gc,start    ] GC(68) Pause Young (Allocation Failure)
[743.754s][info][gc,heap     ] GC(68) PSYoungGen: 75552K(81408K)->288K(80896K) Eden: 75264K(75264K)->0K(75264K) From: 288K(6144K)->288K(5632K)
[743.754s][info][gc,heap     ] GC(68) ParOldGen: 88196K(175104K)->88452K(175104K)
[743.754s][info][gc,metaspace] GC(68) Metaspace: 5564K(5696K)->5564K(5696K) NonClass: 4737K(4800K)->4737K(4800K) Class: 827K(896K)->827K(896K)
[743.754s][info][gc          ] GC(68) Pause Young (Allocation Failure) 159M->86M(250M) 2.125ms
[743.754s][info][gc,cpu      ] GC(68) User=0.00s Sys=0.00s Real=0.01s
[753.588s][info][gc,start    ] GC(69) Pause Young (Allocation Failure)
[753.589s][info][gc,heap     ] GC(69) PSYoungGen: 75552K(80896K)->288K(81920K) Eden: 75264K(75264K)->0K(76288K) From: 288K(5632K)->288K(5632K)
[753.589s][info][gc,heap     ] GC(69) ParOldGen: 88452K(175104K)->88716K(175104K)
[753.589s][info][gc,metaspace] GC(69) Metaspace: 5564K(5696K)->5564K(5696K) NonClass: 4737K(4800K)->4737K(4800K) Class: 827K(896K)->827K(896K)
[753.589s][info][gc          ] GC(69) Pause Young (Allocation Failure) 160M->86M(251M) 1.797ms
[753.589s][info][gc,cpu      ] GC(69) User=0.00s Sys=0.00s Real=0.00s
[764.012s][info][gc,start    ] GC(70) Pause Young (Allocation Failure)
[764.014s][info][gc,heap     ] GC(70) PSYoungGen: 76576K(81920K)->320K(81408K) Eden: 76288K(76288K)->0K(76288K) From: 288K(5632K)->320K(5120K)
[764.014s][info][gc,heap     ] GC(70) ParOldGen: 88716K(175104K)->88980K(175104K)
[764.014s][info][gc,metaspace] GC(70) Metaspace: 5564K(5696K)->5564K(5696K) NonClass: 4737K(4800K)->4737K(4800K) Class: 827K(896K)->827K(896K)
[764.014s][info][gc          ] GC(70) Pause Young (Allocation Failure) 161M->87M(250M) 1.994ms
[764.014s][info][gc,cpu      ] GC(70) User=0.00s Sys=0.00s Real=0.01s
[776.419s][info][gc,start    ] GC(71) Pause Young (Allocation Failure)
[776.437s][info][gc,heap     ] GC(71) PSYoungGen: 76608K(81408K)->4593K(78848K) Eden: 76288K(76288K)->0K(74240K) From: 320K(5120K)->4593K(4608K)
[776.437s][info][gc,heap     ] GC(71) ParOldGen: 88980K(175104K)->94934K(175104K)
[776.437s][info][gc,metaspace] GC(71) Metaspace: 5618K(5760K)->5618K(5760K) NonClass: 4791K(4864K)->4791K(4864K) Class: 827K(896K)->827K(896K)
[776.437s][info][gc          ] GC(71) Pause Young (Allocation Failure) 161M->97M(248M) 18.140ms
[776.437s][info][gc,cpu      ] GC(71) User=0.03s Sys=0.00s Real=0.02s
[787.988s][info][gc,start    ] GC(72) Pause Young (Allocation Failure)
[787.999s][info][gc,heap     ] GC(72) PSYoungGen: 78833K(78848K)->64K(73216K) Eden: 74240K(74240K)->0K(72704K) From: 4593K(4608K)->64K(512K)
[787.999s][info][gc,heap     ] GC(72) ParOldGen: 94934K(175104K)->99457K(175104K)
[787.999s][info][gc,metaspace] GC(72) Metaspace: 5618K(5760K)->5618K(5760K) NonClass: 4791K(4864K)->4791K(4864K) Class: 827K(896K)->827K(896K)
[787.999s][info][gc          ] GC(72) Pause Young (Allocation Failure) 169M->97M(242M) 10.245ms
[787.999s][info][gc,cpu      ] GC(72) User=0.02s Sys=0.00s Real=0.01s
[797.451s][info][gc,start    ] GC(73) Pause Young (Allocation Failure)
[797.453s][info][gc,heap     ] GC(73) PSYoungGen: 72768K(73216K)->352K(79360K) Eden: 72704K(72704K)->0K(72704K) From: 64K(512K)->352K(6656K)
[797.453s][info][gc,heap     ] GC(73) ParOldGen: 99457K(175104K)->99465K(175104K)
[797.453s][info][gc,metaspace] GC(73) Metaspace: 5618K(5760K)->5618K(5760K) NonClass: 4791K(4864K)->4791K(4864K) Class: 827K(896K)->827K(896K)
[797.453s][info][gc          ] GC(73) Pause Young (Allocation Failure) 168M->97M(248M) 1.596ms
[797.453s][info][gc,cpu      ] GC(73) User=0.00s Sys=0.00s Real=0.01s
[806.491s][info][gc,start    ] GC(74) Pause Young (Allocation Failure)
[806.494s][info][gc,heap     ] GC(74) PSYoungGen: 73056K(79360K)->288K(79872K) Eden: 72704K(72704K)->0K(72704K) From: 352K(6656K)->288K(7168K)
[806.494s][info][gc,heap     ] GC(74) ParOldGen: 99465K(175104K)->99753K(175104K)
[806.494s][info][gc,metaspace] GC(74) Metaspace: 5618K(5760K)->5618K(5760K) NonClass: 4791K(4864K)->4791K(4864K) Class: 827K(896K)->827K(896K)
[806.494s][info][gc          ] GC(74) Pause Young (Allocation Failure) 168M->97M(249M) 2.150ms
[806.494s][info][gc,cpu      ] GC(74) User=0.01s Sys=0.00s Real=0.01s
[816.268s][info][gc,start    ] GC(75) Pause Young (Allocation Failure)
[816.270s][info][gc,heap     ] GC(75) PSYoungGen: 72992K(79872K)->288K(80384K) Eden: 72704K(72704K)->0K(73216K) From: 288K(7168K)->288K(7168K)
[816.270s][info][gc,heap     ] GC(75) ParOldGen: 99753K(175104K)->99993K(175104K)
[816.270s][info][gc,metaspace] GC(75) Metaspace: 5618K(5760K)->5618K(5760K) NonClass: 4791K(4864K)->4791K(4864K) Class: 827K(896K)->827K(896K)
[816.270s][info][gc          ] GC(75) Pause Young (Allocation Failure) 168M->97M(249M) 1.906ms
[816.270s][info][gc,cpu      ] GC(75) User=0.01s Sys=0.00s Real=0.00s
[825.632s][info][gc,start    ] GC(76) Pause Young (Allocation Failure)
[825.636s][info][gc,heap     ] GC(76) PSYoungGen: 73504K(80384K)->288K(79872K) Eden: 73216K(73216K)->0K(73216K) From: 288K(7168K)->288K(6656K)
[825.636s][info][gc,heap     ] GC(76) ParOldGen: 99993K(175104K)->100249K(175104K)
[825.636s][info][gc,metaspace] GC(76) Metaspace: 5618K(5760K)->5618K(5760K) NonClass: 4791K(4864K)->4791K(4864K) Class: 827K(896K)->827K(896K)
[825.636s][info][gc          ] GC(76) Pause Young (Allocation Failure) 169M->98M(249M) 4.515ms
[825.636s][info][gc,cpu      ] GC(76) User=0.01s Sys=0.00s Real=0.01s
[835.278s][info][gc,start    ] GC(77) Pause Young (Allocation Failure)
[835.282s][info][gc,heap     ] GC(77) PSYoungGen: 73504K(79872K)->288K(80896K) Eden: 73216K(73216K)->0K(74752K) From: 288K(6656K)->288K(6144K)
[835.282s][info][gc,heap     ] GC(77) ParOldGen: 100249K(175104K)->100497K(175104K)
[835.283s][info][gc,metaspace] GC(77) Metaspace: 5618K(5760K)->5618K(5760K) NonClass: 4791K(4864K)->4791K(4864K) Class: 827K(896K)->827K(896K)
[835.283s][info][gc          ] GC(77) Pause Young (Allocation Failure) 169M->98M(250M) 4.894ms
[835.283s][info][gc,cpu      ] GC(77) User=0.01s Sys=0.00s Real=0.01s
[844.685s][info][gc,start    ] GC(78) Pause Young (Allocation Failure)
[844.687s][info][gc,heap     ] GC(78) PSYoungGen: 75040K(80896K)->288K(80896K) Eden: 74752K(74752K)->0K(74752K) From: 288K(6144K)->288K(6144K)
[844.687s][info][gc,heap     ] GC(78) ParOldGen: 100497K(175104K)->100753K(175104K)
[844.687s][info][gc,metaspace] GC(78) Metaspace: 5618K(5760K)->5618K(5760K) NonClass: 4791K(4864K)->4791K(4864K) Class: 827K(896K)->827K(896K)
[844.687s][info][gc          ] GC(78) Pause Young (Allocation Failure) 171M->98M(250M) 1.885ms
[844.687s][info][gc,cpu      ] GC(78) User=0.00s Sys=0.00s Real=0.00s
[854.376s][info][gc,start    ] GC(79) Pause Young (Allocation Failure)
[854.378s][info][gc,heap     ] GC(79) PSYoungGen: 75040K(80896K)->288K(81920K) Eden: 74752K(74752K)->0K(76288K) From: 288K(6144K)->288K(5632K)
[854.378s][info][gc,heap     ] GC(79) ParOldGen: 100753K(175104K)->100993K(175104K)
[854.378s][info][gc,metaspace] GC(79) Metaspace: 5618K(5760K)->5618K(5760K) NonClass: 4791K(4864K)->4791K(4864K) Class: 827K(896K)->827K(896K)
[854.378s][info][gc          ] GC(79) Pause Young (Allocation Failure) 171M->98M(251M) 1.908ms
[854.378s][info][gc,cpu      ] GC(79) User=0.00s Sys=0.01s Real=0.00s
[863.999s][info][gc,start    ] GC(80) Pause Young (Allocation Failure)
[864.000s][info][gc,heap     ] GC(80) PSYoungGen: 76576K(81920K)->288K(81408K) Eden: 76288K(76288K)->0K(76288K) From: 288K(5632K)->288K(5120K)
[864.000s][info][gc,heap     ] GC(80) ParOldGen: 100993K(175104K)->101249K(175104K)
[864.000s][info][gc,metaspace] GC(80) Metaspace: 5618K(5760K)->5618K(5760K) NonClass: 4791K(4864K)->4791K(4864K) Class: 827K(896K)->827K(896K)
[864.000s][info][gc          ] GC(80) Pause Young (Allocation Failure) 173M->99M(250M) 1.934ms
[864.000s][info][gc,cpu      ] GC(80) User=0.01s Sys=0.00s Real=0.00s
[873.859s][info][gc,start    ] GC(81) Pause Young (Allocation Failure)
[873.861s][info][gc,heap     ] GC(81) PSYoungGen: 76576K(81408K)->288K(82432K) Eden: 76288K(76288K)->0K(77312K) From: 288K(5120K)->288K(5120K)
[873.861s][info][gc,heap     ] GC(81) ParOldGen: 101249K(175104K)->101489K(175104K)
[873.861s][info][gc,metaspace] GC(81) Metaspace: 5618K(5760K)->5618K(5760K) NonClass: 4791K(4864K)->4791K(4864K) Class: 827K(896K)->827K(896K)
[873.861s][info][gc          ] GC(81) Pause Young (Allocation Failure) 173M->99M(251M) 1.877ms
[873.861s][info][gc,cpu      ] GC(81) User=0.00s Sys=0.00s Real=0.00s
[886.317s][info][gc,start    ] GC(82) Pause Young (Allocation Failure)
[886.335s][info][gc,heap     ] GC(82) PSYoungGen: 77600K(82432K)->4576K(79872K) Eden: 77312K(77312K)->0K(75264K) From: 288K(5120K)->4576K(4608K)
[886.335s][info][gc,heap     ] GC(82) ParOldGen: 101489K(175104K)->107464K(175104K)
[886.335s][info][gc,metaspace] GC(82) Metaspace: 5622K(5760K)->5622K(5760K) NonClass: 4794K(4864K)->4794K(4864K) Class: 827K(896K)->827K(896K)
[886.335s][info][gc          ] GC(82) Pause Young (Allocation Failure) 174M->109M(249M) 17.907ms
[886.335s][info][gc,cpu      ] GC(82) User=0.03s Sys=0.00s Real=0.02s
[897.900s][info][gc,start    ] GC(83) Pause Young (Allocation Failure)
[897.914s][info][gc,heap     ] GC(83) PSYoungGen: 79840K(79872K)->64K(79360K) Eden: 75264K(75264K)->0K(73728K) From: 4576K(4608K)->64K(5632K)
[897.914s][info][gc,heap     ] GC(83) ParOldGen: 107464K(175104K)->111962K(175104K)
[897.914s][info][gc,metaspace] GC(83) Metaspace: 5622K(5760K)->5622K(5760K) NonClass: 4794K(4864K)->4794K(4864K) Class: 827K(896K)->827K(896K)
[897.914s][info][gc          ] GC(83) Pause Young (Allocation Failure) 182M->109M(248M) 14.104ms
[897.914s][info][gc,cpu      ] GC(83) User=0.02s Sys=0.01s Real=0.02s
[907.206s][info][gc,start    ] GC(84) Pause Young (Allocation Failure)
[907.208s][info][gc,heap     ] GC(84) PSYoungGen: 73792K(79360K)->320K(74240K) Eden: 73728K(73728K)->0K(73728K) From: 64K(5632K)->320K(512K)
[907.208s][info][gc,heap     ] GC(84) ParOldGen: 111962K(175104K)->111978K(175104K)
[907.208s][info][gc,metaspace] GC(84) Metaspace: 5622K(5760K)->5622K(5760K) NonClass: 4794K(4864K)->4794K(4864K) Class: 827K(896K)->827K(896K)
[907.208s][info][gc          ] GC(84) Pause Young (Allocation Failure) 181M->109M(243M) 1.991ms
[907.208s][info][gc,cpu      ] GC(84) User=0.00s Sys=0.00s Real=0.00s
[916.480s][info][gc,start    ] GC(85) Pause Young (Allocation Failure)
[916.482s][info][gc,heap     ] GC(85) PSYoungGen: 74048K(74240K)->320K(79872K) Eden: 73728K(73728K)->0K(72704K) From: 320K(512K)->320K(7168K)
[916.482s][info][gc,heap     ] GC(85) ParOldGen: 111978K(175104K)->112274K(175104K)
[916.482s][info][gc,metaspace] GC(85) Metaspace: 5622K(5760K)->5622K(5760K) NonClass: 4794K(4864K)->4794K(4864K) Class: 827K(896K)->827K(896K)
[916.482s][info][gc          ] GC(85) Pause Young (Allocation Failure) 181M->109M(249M) 2.130ms
[916.482s][info][gc,cpu      ] GC(85) User=0.01s Sys=0.00s Real=0.00s
[926.438s][info][gc,start    ] GC(86) Pause Young (Allocation Failure)
[926.440s][info][gc,heap     ] GC(86) PSYoungGen: 73024K(79872K)->288K(79872K) Eden: 72704K(72704K)->0K(72704K) From: 320K(7168K)->288K(7168K)
[926.440s][info][gc,heap     ] GC(86) ParOldGen: 112274K(175104K)->112530K(175104K)
[926.440s][info][gc,metaspace] GC(86) Metaspace: 5622K(5760K)->5622K(5760K) NonClass: 4794K(4864K)->4794K(4864K) Class: 827K(896K)->827K(896K)
[926.440s][info][gc          ] GC(86) Pause Young (Allocation Failure) 180M->110M(249M) 1.840ms
[926.440s][info][gc,cpu      ] GC(86) User=0.00s Sys=0.00s Real=0.00s
[935.696s][info][gc,start    ] GC(87) Pause Young (Allocation Failure)
[935.698s][info][gc,heap     ] GC(87) PSYoungGen: 72992K(79872K)->288K(80896K) Eden: 72704K(72704K)->0K(74240K) From: 288K(7168K)->288K(6656K)
[935.698s][info][gc,heap     ] GC(87) ParOldGen: 112530K(175104K)->112778K(175104K)
[935.698s][info][gc,metaspace] GC(87) Metaspace: 5622K(5760K)->5622K(5760K) NonClass: 4794K(4864K)->4794K(4864K) Class: 827K(896K)->827K(896K)
[935.698s][info][gc          ] GC(87) Pause Young (Allocation Failure) 181M->110M(250M) 2.005ms
[935.698s][info][gc,cpu      ] GC(87) User=0.01s Sys=0.00s Real=0.00s
[945.206s][info][gc,start    ] GC(88) Pause Young (Allocation Failure)
[945.208s][info][gc,heap     ] GC(88) PSYoungGen: 74527K(80896K)->288K(80384K) Eden: 74239K(74240K)->0K(74240K) From: 288K(6656K)->288K(6144K)
[945.208s][info][gc,heap     ] GC(88) ParOldGen: 112778K(175104K)->113026K(175104K)
[945.208s][info][gc,metaspace] GC(88) Metaspace: 5622K(5760K)->5622K(5760K) NonClass: 4794K(4864K)->4794K(4864K) Class: 827K(896K)->827K(896K)
[945.208s][info][gc          ] GC(88) Pause Young (Allocation Failure) 182M->110M(249M) 1.915ms
[945.208s][info][gc,cpu      ] GC(88) User=0.01s Sys=0.00s Real=0.00s
[955.050s][info][gc,start    ] GC(89) Pause Young (Allocation Failure)
[955.052s][info][gc,heap     ] GC(89) PSYoungGen: 74528K(80384K)->288K(81408K) Eden: 74240K(74240K)->0K(75264K) From: 288K(6144K)->288K(6144K)
[955.052s][info][gc,heap     ] GC(89) ParOldGen: 113026K(175104K)->113274K(175104K)
[955.052s][info][gc,metaspace] GC(89) Metaspace: 5622K(5760K)->5622K(5760K) NonClass: 4794K(4864K)->4794K(4864K) Class: 827K(896K)->827K(896K)
[955.052s][info][gc          ] GC(89) Pause Young (Allocation Failure) 183M->110M(250M) 1.845ms
[955.052s][info][gc,cpu      ] GC(89) User=0.00s Sys=0.00s Real=0.00s
[964.458s][info][gc,start    ] GC(90) Pause Young (Allocation Failure)
[964.459s][info][gc,heap     ] GC(90) PSYoungGen: 75552K(81408K)->288K(80896K) Eden: 75264K(75264K)->0K(75264K) From: 288K(6144K)->288K(5632K)
[964.459s][info][gc,heap     ] GC(90) ParOldGen: 113274K(175104K)->113530K(175104K)
[964.459s][info][gc,metaspace] GC(90) Metaspace: 5622K(5760K)->5622K(5760K) NonClass: 4794K(4864K)->4794K(4864K) Class: 827K(896K)->827K(896K)
[964.459s][info][gc          ] GC(90) Pause Young (Allocation Failure) 184M->111M(250M) 1.872ms
[964.460s][info][gc,cpu      ] GC(90) User=0.01s Sys=0.00s Real=0.00s
[974.176s][info][gc,start    ] GC(91) Pause Young (Allocation Failure)
[974.178s][info][gc,heap     ] GC(91) PSYoungGen: 75552K(80896K)->288K(81920K) Eden: 75264K(75264K)->0K(76800K) From: 288K(5632K)->288K(5120K)
[974.178s][info][gc,heap     ] GC(91) ParOldGen: 113530K(175104K)->113778K(175104K)
[974.178s][info][gc,metaspace] GC(91) Metaspace: 5622K(5760K)->5622K(5760K) NonClass: 4794K(4864K)->4794K(4864K) Class: 827K(896K)->827K(896K)
[974.178s][info][gc          ] GC(91) Pause Young (Allocation Failure) 184M->111M(251M) 1.879ms
[974.178s][info][gc,cpu      ] GC(91) User=0.00s Sys=0.00s Real=0.00s
[983.685s][info][gc,start    ] GC(92) Pause Young (Allocation Failure)
[983.686s][info][gc,heap     ] GC(92) PSYoungGen: 77088K(81920K)->288K(81920K) Eden: 76800K(76800K)->0K(76800K) From: 288K(5120K)->288K(5120K)
[983.686s][info][gc,heap     ] GC(92) ParOldGen: 113778K(175104K)->114034K(175104K)
[983.686s][info][gc,metaspace] GC(92) Metaspace: 5622K(5760K)->5622K(5760K) NonClass: 4794K(4864K)->4794K(4864K) Class: 827K(896K)->827K(896K)
[983.686s][info][gc          ] GC(92) Pause Young (Allocation Failure) 186M->111M(251M) 1.867ms
[983.686s][info][gc,cpu      ] GC(92) User=0.00s Sys=0.00s Real=0.00s
[996.148s][info][gc,start    ] GC(93) Pause Young (Allocation Failure)
[996.165s][info][gc,heap     ] GC(93) PSYoungGen: 77088K(81920K)->4592K(79360K) Eden: 76800K(76800K)->0K(74752K) From: 288K(5120K)->4592K(4608K)
[996.166s][info][gc,heap     ] GC(93) ParOldGen: 114034K(175104K)->119983K(175104K)
[996.166s][info][gc,metaspace] GC(93) Metaspace: 5628K(5824K)->5628K(5824K) NonClass: 4801K(4928K)->4801K(4928K) Class: 827K(896K)->827K(896K)
[996.166s][info][gc          ] GC(93) Pause Young (Allocation Failure) 186M->121M(248M) 17.345ms
[996.166s][info][gc,cpu      ] GC(93) User=0.03s Sys=0.00s Real=0.02s
[1007.295s][info][gc,start    ] GC(94) Pause Young (Allocation Failure)
[1007.306s][info][gc,heap     ] GC(94) PSYoungGen: 79344K(79360K)->64K(73728K) Eden: 74752K(74752K)->0K(73216K) From: 4592K(4608K)->64K(512K)
[1007.306s][info][gc,heap     ] GC(94) ParOldGen: 119983K(175104K)->124454K(175104K)
[1007.306s][info][gc,metaspace] GC(94) Metaspace: 5628K(5824K)->5628K(5824K) NonClass: 4801K(4928K)->4801K(4928K) Class: 827K(896K)->827K(896K)
[1007.306s][info][gc          ] GC(94) Pause Young (Allocation Failure) 194M->121M(243M) 11.656ms
[1007.306s][info][gc,cpu      ] GC(94) User=0.01s Sys=0.01s Real=0.01s
[1016.229s][info][gc,start    ] GC(95) Pause Young (Allocation Failure)
[1016.230s][info][gc,heap     ] GC(95) PSYoungGen: 73280K(73728K)->320K(78848K) Eden: 73216K(73216K)->0K(72704K) From: 64K(512K)->320K(6144K)
[1016.230s][info][gc,heap     ] GC(95) ParOldGen: 124454K(175104K)->124462K(175104K)
[1016.230s][info][gc,metaspace] GC(95) Metaspace: 5628K(5824K)->5628K(5824K) NonClass: 4801K(4928K)->4801K(4928K) Class: 827K(896K)->827K(896K)
[1016.230s][info][gc          ] GC(95) Pause Young (Allocation Failure) 193M->121M(248M) 1.659ms
[1016.230s][info][gc,cpu      ] GC(95) User=0.00s Sys=0.00s Real=0.00s
[1025.327s][info][gc,start    ] GC(96) Pause Young (Allocation Failure)
[1025.328s][info][gc,heap     ] GC(96) PSYoungGen: 73023K(78848K)->288K(79872K) Eden: 72703K(72704K)->0K(72704K) From: 320K(6144K)->288K(7168K)
[1025.328s][info][gc,heap     ] GC(96) ParOldGen: 124462K(175104K)->124734K(175104K)
[1025.328s][info][gc,metaspace] GC(96) Metaspace: 5628K(5824K)->5628K(5824K) NonClass: 4801K(4928K)->4801K(4928K) Class: 827K(896K)->827K(896K)
[1025.328s][info][gc          ] GC(96) Pause Young (Allocation Failure) 192M->122M(249M) 1.950ms
[1025.328s][info][gc,cpu      ] GC(96) User=0.00s Sys=0.00s Real=0.00s
[1034.890s][info][gc,start    ] GC(97) Pause Young (Allocation Failure)
[1034.892s][info][gc,heap     ] GC(97) PSYoungGen: 72992K(79872K)->288K(80384K) Eden: 72704K(72704K)->0K(73216K) From: 288K(7168K)->288K(7168K)
[1034.892s][info][gc,heap     ] GC(97) ParOldGen: 124734K(175104K)->124982K(175104K)
[1034.892s][info][gc,metaspace] GC(97) Metaspace: 5628K(5824K)->5628K(5824K) NonClass: 4801K(4928K)->4801K(4928K) Class: 827K(896K)->827K(896K)
[1034.892s][info][gc          ] GC(97) Pause Young (Allocation Failure) 193M->122M(249M) 1.900ms
[1034.892s][info][gc,cpu      ] GC(97) User=0.00s Sys=0.00s Real=0.01s
[1044.253s][info][gc,start    ] GC(98) Pause Young (Allocation Failure)
[1044.254s][info][gc,heap     ] GC(98) PSYoungGen: 73504K(80384K)->288K(79872K) Eden: 73216K(73216K)->0K(73216K) From: 288K(7168K)->288K(6656K)
[1044.254s][info][gc,heap     ] GC(98) ParOldGen: 124982K(175104K)->125230K(175104K)
[1044.255s][info][gc,metaspace] GC(98) Metaspace: 5628K(5824K)->5628K(5824K) NonClass: 4801K(4928K)->4801K(4928K) Class: 827K(896K)->827K(896K)
[1044.255s][info][gc          ] GC(98) Pause Young (Allocation Failure) 193M->122M(249M) 2.012ms
[1044.255s][info][gc,cpu      ] GC(98) User=0.00s Sys=0.00s Real=0.00s
[1053.691s][info][gc,start    ] GC(99) Pause Young (Allocation Failure)
[1053.693s][info][gc,heap     ] GC(99) PSYoungGen: 73504K(79872K)->288K(80896K) Eden: 73216K(73216K)->0K(74752K) From: 288K(6656K)->288K(6144K)
[1053.693s][info][gc,heap     ] GC(99) ParOldGen: 125230K(175104K)->125486K(175104K)
[1053.693s][info][gc,metaspace] GC(99) Metaspace: 5628K(5824K)->5628K(5824K) NonClass: 4801K(4928K)->4801K(4928K) Class: 827K(896K)->827K(896K)
[1053.693s][info][gc          ] GC(99) Pause Young (Allocation Failure) 194M->122M(250M) 2.001ms
[1053.693s][info][gc,cpu      ] GC(99) User=0.00s Sys=0.00s Real=0.01s
[1063.639s][info][gc,start    ] GC(100) Pause Young (Allocation Failure)
[1063.641s][info][gc,heap     ] GC(100) PSYoungGen: 75040K(80896K)->288K(80896K) Eden: 74752K(74752K)->0K(74752K) From: 288K(6144K)->288K(6144K)
[1063.641s][info][gc,heap     ] GC(100) ParOldGen: 125486K(175104K)->125742K(175104K)
[1063.641s][info][gc,metaspace] GC(100) Metaspace: 5628K(5824K)->5628K(5824K) NonClass: 4801K(4928K)->4801K(4928K) Class: 827K(896K)->827K(896K)
[1063.641s][info][gc          ] GC(100) Pause Young (Allocation Failure) 195M->123M(250M) 2.200ms
[1063.641s][info][gc,cpu      ] GC(100) User=0.00s Sys=0.00s Real=0.00s
[1073.391s][info][gc,start    ] GC(101) Pause Young (Allocation Failure)
[1073.395s][info][gc,heap     ] GC(101) PSYoungGen: 75040K(80896K)->288K(81920K) Eden: 74752K(74752K)->0K(76288K) From: 288K(6144K)->288K(5632K)
[1073.395s][info][gc,heap     ] GC(101) ParOldGen: 125742K(175104K)->125998K(175104K)
[1073.395s][info][gc,metaspace] GC(101) Metaspace: 5628K(5824K)->5628K(5824K) NonClass: 4801K(4928K)->4801K(4928K) Class: 827K(896K)->827K(896K)
[1073.395s][info][gc          ] GC(101) Pause Young (Allocation Failure) 196M->123M(251M) 3.526ms
[1073.395s][info][gc,cpu      ] GC(101) User=0.00s Sys=0.00s Real=0.01s
[1083.033s][info][gc,start    ] GC(102) Pause Young (Allocation Failure)
[1083.036s][info][gc,heap     ] GC(102) PSYoungGen: 76576K(81920K)->288K(81408K) Eden: 76288K(76288K)->0K(76288K) From: 288K(5632K)->288K(5120K)
[1083.036s][info][gc,heap     ] GC(102) ParOldGen: 125998K(175104K)->126246K(175104K)
[1083.036s][info][gc,metaspace] GC(102) Metaspace: 5628K(5824K)->5628K(5824K) NonClass: 4801K(4928K)->4801K(4928K) Class: 827K(896K)->827K(896K)
[1083.036s][info][gc          ] GC(102) Pause Young (Allocation Failure) 197M->123M(250M) 2.793ms
[1083.036s][info][gc,cpu      ] GC(102) User=0.00s Sys=0.00s Real=0.00s
[1092.888s][info][gc,start    ] GC(103) Pause Young (Allocation Failure)
[1092.890s][info][gc,heap     ] GC(103) PSYoungGen: 76576K(81408K)->320K(82432K) Eden: 76288K(76288K)->0K(77312K) From: 288K(5120K)->320K(5120K)
[1092.890s][info][gc,heap     ] GC(103) ParOldGen: 126246K(175104K)->126502K(175104K)
[1092.890s][info][gc,metaspace] GC(103) Metaspace: 5628K(5824K)->5628K(5824K) NonClass: 4801K(4928K)->4801K(4928K) Class: 827K(896K)->827K(896K)
[1092.890s][info][gc          ] GC(103) Pause Young (Allocation Failure) 198M->123M(251M) 2.071ms
[1092.890s][info][gc,cpu      ] GC(103) User=0.00s Sys=0.00s Real=0.00s
[1106.057s][info][gc,start    ] GC(104) Pause Young (Allocation Failure)
[1106.074s][info][gc,heap     ] GC(104) PSYoungGen: 77632K(82432K)->4607K(79872K) Eden: 77312K(77312K)->0K(75264K) From: 320K(5120K)->4607K(4608K)
[1106.074s][info][gc,heap     ] GC(104) ParOldGen: 126502K(175104K)->132340K(175104K)
[1106.074s][info][gc,metaspace] GC(104) Metaspace: 5631K(5824K)->5631K(5824K) NonClass: 4804K(4928K)->4804K(4928K) Class: 827K(896K)->827K(896K)
[1106.074s][info][gc          ] GC(104) Pause Young (Allocation Failure) 199M->133M(249M) 16.609ms
[1106.074s][info][gc,cpu      ] GC(104) User=0.03s Sys=0.00s Real=0.02s
[1117.252s][info][gc,start    ] GC(105) Pause Young (Allocation Failure)
[1117.262s][info][gc,heap     ] GC(105) PSYoungGen: 79871K(79872K)->64K(79872K) Eden: 75264K(75264K)->0K(73728K) From: 4607K(4608K)->64K(6144K)
[1117.262s][info][gc,heap     ] GC(105) ParOldGen: 132340K(175104K)->136888K(175104K)
[1117.262s][info][gc,metaspace] GC(105) Metaspace: 5631K(5824K)->5631K(5824K) NonClass: 4804K(4928K)->4804K(4928K) Class: 827K(896K)->827K(896K)
[1117.262s][info][gc          ] GC(105) Pause Young (Allocation Failure) 207M->133M(249M) 9.782ms
[1117.262s][info][gc,cpu      ] GC(105) User=0.02s Sys=0.00s Real=0.01s
[1126.445s][info][gc,start    ] GC(106) Pause Young (Allocation Failure)
[1126.447s][info][gc,heap     ] GC(106) PSYoungGen: 73792K(79872K)->288K(74240K) Eden: 73728K(73728K)->0K(73728K) From: 64K(6144K)->288K(512K)
[1126.447s][info][gc,heap     ] GC(106) ParOldGen: 136888K(175104K)->136896K(175104K)
[1126.447s][info][gc,metaspace] GC(106) Metaspace: 5631K(5824K)->5631K(5824K) NonClass: 4804K(4928K)->4804K(4928K) Class: 827K(896K)->827K(896K)
[1126.447s][info][gc          ] GC(106) Pause Young (Allocation Failure) 205M->133M(243M) 1.702ms
[1126.447s][info][gc,cpu      ] GC(106) User=0.00s Sys=0.00s Real=0.00s
[1136.355s][info][gc,start    ] GC(107) Pause Young (Allocation Failure)
[1136.356s][info][gc,heap     ] GC(107) PSYoungGen: 74016K(74240K)->288K(80384K) Eden: 73728K(73728K)->0K(73216K) From: 288K(512K)->288K(7168K)
[1136.356s][info][gc,heap     ] GC(107) ParOldGen: 136896K(175104K)->137160K(175104K)
[1136.356s][info][gc,metaspace] GC(107) Metaspace: 5631K(5824K)->5631K(5824K) NonClass: 4804K(4928K)->4804K(4928K) Class: 827K(896K)->827K(896K)
[1136.356s][info][gc          ] GC(107) Pause Young (Allocation Failure) 205M->134M(249M) 1.927ms
[1136.357s][info][gc,cpu      ] GC(107) User=0.01s Sys=0.00s Real=0.00s
[1145.781s][info][gc,start    ] GC(108) Pause Young (Allocation Failure)
[1145.784s][info][gc,heap     ] GC(108) PSYoungGen: 73504K(80384K)->288K(79872K) Eden: 73216K(73216K)->0K(73216K) From: 288K(7168K)->288K(6656K)
[1145.784s][info][gc,heap     ] GC(108) ParOldGen: 137160K(175104K)->137416K(175104K)
[1145.784s][info][gc,metaspace] GC(108) Metaspace: 5631K(5824K)->5631K(5824K) NonClass: 4804K(4928K)->4804K(4928K) Class: 827K(896K)->827K(896K)
[1145.784s][info][gc          ] GC(108) Pause Young (Allocation Failure) 205M->134M(249M) 2.232ms
[1145.784s][info][gc,cpu      ] GC(108) User=0.00s Sys=0.00s Real=0.01s
[1154.641s][info][gc,start    ] GC(109) Pause Young (Allocation Failure)
[1154.643s][info][gc,heap     ] GC(109) PSYoungGen: 73504K(79872K)->288K(80896K) Eden: 73216K(73216K)->0K(74240K) From: 288K(6656K)->288K(6656K)
[1154.643s][info][gc,heap     ] GC(109) ParOldGen: 137416K(175104K)->137664K(175104K)
[1154.643s][info][gc,metaspace] GC(109) Metaspace: 5631K(5824K)->5631K(5824K) NonClass: 4804K(4928K)->4804K(4928K) Class: 827K(896K)->827K(896K)
[1154.643s][info][gc          ] GC(109) Pause Young (Allocation Failure) 205M->134M(250M) 2.562ms
[1154.643s][info][gc,cpu      ] GC(109) User=0.00s Sys=0.00s Real=0.01s
[1163.904s][info][gc,start    ] GC(110) Pause Young (Allocation Failure)
[1163.907s][info][gc,heap     ] GC(110) PSYoungGen: 74528K(80896K)->320K(80384K) Eden: 74240K(74240K)->0K(74240K) From: 288K(6656K)->320K(6144K)
[1163.907s][info][gc,heap     ] GC(110) ParOldGen: 137664K(175104K)->137912K(175104K)
[1163.907s][info][gc,metaspace] GC(110) Metaspace: 5631K(5824K)->5631K(5824K) NonClass: 4804K(4928K)->4804K(4928K) Class: 827K(896K)->827K(896K)
[1163.907s][info][gc          ] GC(110) Pause Young (Allocation Failure) 207M->134M(249M) 2.340ms
[1163.907s][info][gc,cpu      ] GC(110) User=0.01s Sys=0.00s Real=0.00s
[1173.173s][info][gc,start    ] GC(111) Pause Young (Allocation Failure)
[1173.176s][info][gc,heap     ] GC(111) PSYoungGen: 74560K(80384K)->288K(81408K) Eden: 74240K(74240K)->0K(75776K) From: 320K(6144K)->288K(5632K)
[1173.176s][info][gc,heap     ] GC(111) ParOldGen: 137912K(175104K)->138176K(175104K)
[1173.176s][info][gc,metaspace] GC(111) Metaspace: 5631K(5824K)->5631K(5824K) NonClass: 4804K(4928K)->4804K(4928K) Class: 827K(896K)->827K(896K)
[1173.176s][info][gc          ] GC(111) Pause Young (Allocation Failure) 207M->135M(250M) 2.362ms
[1173.176s][info][gc,cpu      ] GC(111) User=0.01s Sys=0.01s Real=0.00s
[1182.139s][info][gc,start    ] GC(112) Pause Young (Allocation Failure)
[1182.141s][info][gc,heap     ] GC(112) PSYoungGen: 76064K(81408K)->288K(81408K) Eden: 75776K(75776K)->0K(75776K) From: 288K(5632K)->288K(5632K)
[1182.141s][info][gc,heap     ] GC(112) ParOldGen: 138176K(175104K)->138424K(175104K)
[1182.141s][info][gc,metaspace] GC(112) Metaspace: 5631K(5824K)->5631K(5824K) NonClass: 4804K(4928K)->4804K(4928K) Class: 827K(896K)->827K(896K)
[1182.141s][info][gc          ] GC(112) Pause Young (Allocation Failure) 209M->135M(250M) 2.643ms
[1182.141s][info][gc,cpu      ] GC(112) User=0.00s Sys=0.00s Real=0.00s
[1191.774s][info][gc,start    ] GC(113) Pause Young (Allocation Failure)
[1191.776s][info][gc,heap     ] GC(113) PSYoungGen: 76064K(81408K)->288K(81920K) Eden: 75776K(75776K)->0K(76800K) From: 288K(5632K)->288K(5120K)
[1191.776s][info][gc,heap     ] GC(113) ParOldGen: 138424K(175104K)->138664K(175104K)
[1191.776s][info][gc,metaspace] GC(113) Metaspace: 5631K(5824K)->5631K(5824K) NonClass: 4804K(4928K)->4804K(4928K) Class: 827K(896K)->827K(896K)
[1191.776s][info][gc          ] GC(113) Pause Young (Allocation Failure) 209M->135M(251M) 2.081ms
[1191.776s][info][gc,cpu      ] GC(113) User=0.00s Sys=0.00s Real=0.00s
[1201.250s][info][gc,heap,exit] Heap
[1201.250s][info][gc,heap,exit]  PSYoungGen      total 81920K, used 74700K [0x00000000eba00000, 0x00000000f0f00000, 0x0000000100000000)
[1201.250s][info][gc,heap,exit]   eden space 76800K, 96% used [0x00000000eba00000,0x00000000f02ab0b8,0x00000000f0500000)
[1201.250s][info][gc,heap,exit]   from space 5120K, 5% used [0x00000000f0a00000,0x00000000f0a48000,0x00000000f0f00000)
[1201.250s][info][gc,heap,exit]   to   space 5120K, 0% used [0x00000000f0500000,0x00000000f0500000,0x00000000f0a00000)
[1201.250s][info][gc,heap,exit]  ParOldGen       total 175104K, used 138664K [0x00000000c2e00000, 0x00000000cd900000, 0x00000000eba00000)
[1201.250s][info][gc,heap,exit]   object space 175104K, 79% used [0x00000000c2e00000,0x00000000cb56a1a0,0x00000000cd900000)
[1201.250s][info][gc,heap,exit]  Metaspace       used 5710K, committed 5888K, reserved 1114112K
[1201.250s][info][gc,heap,exit]   class space    used 840K, committed 896K, reserved 1048576K
