[0.002s][info][metaspace]  - commit_granule_bytes: 65536.
[0.002s][info][metaspace]  - commit_granule_words: 8192.
[0.002s][info][metaspace]  - virtual_space_node_default_size: 8388608.
[0.002s][info][metaspace]  - enlarge_chunks_in_place: 1.
[0.004s][info][gc,init  ] CardTable entry size: 512
[0.004s][info][gc       ] Using Parallel
[0.005s][info][gc,init  ] Version: 24-internal-adhoc.root.jdk (release)
[0.005s][info][gc,init  ] CPUs: 2 total, 2 available
[0.005s][info][gc,init  ] Memory: 3908M
[0.005s][info][gc,init  ] Large Page Support: Disabled
[0.005s][info][gc,init  ] NUMA Support: Disabled
[0.005s][info][gc,init  ] Compressed Oops: Enabled (32-bit)
[0.005s][info][gc,init  ] Alignments: Space 512K, Generation 512K, Heap 2M
[0.005s][info][gc,init  ] Heap Min Capacity: 256M
[0.005s][info][gc,init  ] Heap Initial Capacity: 256M
[0.005s][info][gc,init  ] Heap Max Capacity: 978M
[0.005s][info][gc,init  ] Pre-touch: Disabled
[0.005s][info][gc,init  ] Parallel Workers: 2
[0.021s][info][gc,metaspace] CDS archive(s) mapped at: [0x00007f81ad000000-0x00007f81ade7b000-0x00007f81ade7b000), size 15183872, SharedBaseAddress: 0x00007f81ad000000, ArchiveRelocationMode: 1.
[0.022s][info][gc,metaspace] Compressed class space mapped at: 0x00007f81ae000000-0x00007f81ee000000, reserved size: 1073741824
[0.022s][info][gc,metaspace] UseCompressedClassPointers 1, UseCompactObjectHeaders 1
[0.022s][info][gc,metaspace] Narrow klass pointer bits 22, Max shift 10
[0.022s][info][gc,metaspace] Narrow klass base: 0x00007f81ad000000, Narrow klass shift: 10
[0.022s][info][gc,metaspace] Encoding Range: [0x00007f81ad000000 - 0x00007f82ad000000), (4294967296 bytes)
[0.022s][info][gc,metaspace] Klass Range:    [0x00007f81ad000000 - 0x00007f81ee000000), (1090519040 bytes)
[0.022s][info][gc,metaspace] Klass ID Range:  [1 - 1064960) (1064959)
[2.124s][info][gc,start    ] GC(0) Pause Young (Allocation Failure)
[2.182s][info][gc,heap     ] GC(0) PSYoungGen: 65536K(76288K)->10735K(76288K) Eden: 65536K(65536K)->0K(65536K) From: 0K(10752K)->10735K(10752K)
[2.182s][info][gc,heap     ] GC(0) ParOldGen: 1088K(175104K)->34173K(175104K)
[2.182s][info][gc,metaspace] GC(0) Metaspace: 8113K(8256K)->8113K(8256K) NonClass: 6971K(7040K)->6971K(7040K) Class: 1142K(1216K)->1142K(1216K)
[2.182s][info][gc          ] GC(0) Pause Young (Allocation Failure) 65M->43M(245M) 57.888ms
[2.182s][info][gc,cpu      ] GC(0) User=0.08s Sys=0.04s Real=0.06s
[2.409s][info][gc,start    ] GC(1) Pause Young (Allocation Failure)
[2.487s][info][gc,heap     ] GC(1) PSYoungGen: 76271K(76288K)->10738K(141824K) Eden: 65536K(65536K)->0K(131072K) From: 10735K(10752K)->10738K(10752K)
[2.487s][info][gc,heap     ] GC(1) ParOldGen: 34173K(175104K)->77748K(175104K)
[2.487s][info][gc,metaspace] GC(1) Metaspace: 9075K(9216K)->9075K(9216K) NonClass: 7819K(7936K)->7819K(7936K) Class: 1255K(1280K)->1255K(1280K)
[2.487s][info][gc          ] GC(1) Pause Young (Allocation Failure) 107M->86M(309M) 77.853ms
[2.487s][info][gc,cpu      ] GC(1) User=0.12s Sys=0.03s Real=0.08s
[2.768s][info][gc,start    ] GC(2) Pause Young (Allocation Failure)
[2.922s][info][gc,heap     ] GC(2) PSYoungGen: 141810K(141824K)->10741K(141824K) Eden: 131072K(131072K)->0K(131072K) From: 10738K(10752K)->10741K(10752K)
[2.922s][info][gc,heap     ] GC(2) ParOldGen: 77748K(175104K)->173301K(175104K)
[2.922s][info][gc,metaspace] GC(2) Metaspace: 9093K(9280K)->9093K(9280K) NonClass: 7832K(7936K)->7832K(7936K) Class: 1260K(1344K)->1260K(1344K)
[2.922s][info][gc          ] GC(2) Pause Young (Allocation Failure) 214M->179M(309M) 153.578ms
[2.922s][info][gc,cpu      ] GC(2) User=0.22s Sys=0.08s Real=0.16s
[3.075s][info][gc,start    ] GC(3) Pause Young (Allocation Failure)
[3.256s][info][gc,heap     ] GC(3) PSYoungGen: 141813K(141824K)->10741K(272896K) Eden: 131072K(131072K)->0K(262144K) From: 10741K(10752K)->10741K(10752K)
[3.256s][info][gc,heap     ] GC(3) ParOldGen: 173301K(175104K)->262478K(262656K)
[3.256s][info][gc,metaspace] GC(3) Metaspace: 9096K(9280K)->9096K(9280K) NonClass: 7833K(7936K)->7833K(7936K) Class: 1262K(1344K)->1262K(1344K)
[3.256s][info][gc          ] GC(3) Pause Young (Allocation Failure) 307M->266M(523M) 180.597ms
[3.256s][info][gc,cpu      ] GC(3) User=0.28s Sys=0.07s Real=0.18s
[4.691s][info][gc,start    ] GC(4) Pause Young (Allocation Failure)
[4.895s][info][gc,heap     ] GC(4) PSYoungGen: 272885K(272896K)->10726K(272896K) Eden: 262144K(262144K)->0K(262144K) From: 10741K(10752K)->10726K(10752K)
[4.895s][info][gc,heap     ] GC(4) ParOldGen: 262478K(262656K)->379762K(379904K)
[4.895s][info][gc,metaspace] GC(4) Metaspace: 12247K(12480K)->12247K(12480K) NonClass: 10634K(10752K)->10634K(10752K) Class: 1613K(1728K)->1613K(1728K)
[4.895s][info][gc          ] GC(4) Pause Young (Allocation Failure) 522M->381M(637M) 204.494ms
[4.895s][info][gc,cpu      ] GC(4) User=0.31s Sys=0.09s Real=0.20s
[6.614s][info][gc,start    ] GC(5) Pause Young (Allocation Failure)
[6.795s][info][gc,heap     ] GC(5) PSYoungGen: 272870K(272896K)->60910K(172544K) Eden: 262144K(262144K)->0K(111616K) From: 10726K(10752K)->60910K(60928K)
[6.795s][info][gc,heap     ] GC(5) ParOldGen: 379762K(379904K)->436315K(436736K)
[6.795s][info][gc,metaspace] GC(5) Metaspace: 15446K(15680K)->15446K(15680K) NonClass: 13463K(13632K)->13463K(13632K) Class: 1982K(2048K)->1982K(2048K)
[6.795s][info][gc          ] GC(5) Pause Young (Allocation Failure) 637M->485M(595M) 180.829ms
[6.795s][info][gc,cpu      ] GC(5) User=0.27s Sys=0.09s Real=0.18s
[7.097s][info][gc,start    ] GC(6) Pause Young (Allocation Failure)
[7.242s][info][gc,heap     ] GC(6) PSYoungGen: 146656K(172544K)->72581K(222720K) Eden: 85745K(111616K)->0K(111616K) From: 60910K(60928K)->72581K(111104K)
[7.242s][info][gc,heap     ] GC(6) ParOldGen: 436315K(436736K)->441066K(441344K)
[7.242s][info][gc,metaspace] GC(6) Metaspace: 15529K(15744K)->15529K(15744K) NonClass: 13533K(13696K)->13533K(13696K) Class: 1995K(2048K)->1995K(2048K)
[7.242s][info][gc          ] GC(6) Pause Young (Allocation Failure) 569M->501M(648M) 144.993ms
[7.242s][info][gc,cpu      ] GC(6) User=0.28s Sys=0.00s Real=0.15s
[10.736s][info][gc,start    ] GC(7) Pause Young (Allocation Failure)
[10.799s][info][gc,heap     ] GC(7) PSYoungGen: 184197K(222720K)->111099K(222720K) Eden: 111616K(111616K)->0K(111616K) From: 72581K(111104K)->111099K(111104K)
[10.799s][info][gc,heap     ] GC(7) ParOldGen: 441066K(441344K)->480308K(480768K)
[10.799s][info][gc,metaspace] GC(7) Metaspace: 16487K(16704K)->16487K(16704K) NonClass: 14368K(14528K)->14368K(14528K) Class: 2119K(2176K)->2119K(2176K)
[10.799s][info][gc          ] GC(7) Pause Young (Allocation Failure) 610M->577M(687M) 63.660ms
[10.799s][info][gc,cpu      ] GC(7) User=0.09s Sys=0.03s Real=0.06s
[15.921s][info][gc,start    ] GC(8) Pause Young (Allocation Failure)
[16.025s][info][gc,heap     ] GC(8) PSYoungGen: 222715K(222720K)->93277K(222720K) Eden: 111616K(111616K)->0K(111616K) From: 111099K(111104K)->93277K(111104K)
[16.025s][info][gc,heap     ] GC(8) ParOldGen: 480308K(480768K)->534250K(534528K)
[16.025s][info][gc,metaspace] GC(8) Metaspace: 16755K(16960K)->16755K(16960K) NonClass: 14601K(14720K)->14601K(14720K) Class: 2153K(2240K)->2153K(2240K)
[16.025s][info][gc          ] GC(8) Pause Young (Allocation Failure) 686M->612M(739M) 103.882ms
[16.025s][info][gc,cpu      ] GC(8) User=0.14s Sys=0.03s Real=0.10s
[16.570s][info][gc,start    ] GC(9) Pause Young (Allocation Failure)
[16.777s][info][gc,heap     ] GC(9) PSYoungGen: 204893K(222720K)->111073K(222720K) Eden: 111616K(111616K)->0K(111616K) From: 93277K(111104K)->111073K(111104K)
[16.777s][info][gc,heap     ] GC(9) ParOldGen: 534250K(534528K)->656960K(657408K)
[16.777s][info][gc,metaspace] GC(9) Metaspace: 16879K(17088K)->16879K(17088K) NonClass: 14722K(14848K)->14722K(14848K) Class: 2156K(2240K)->2156K(2240K)
[16.777s][info][gc          ] GC(9) Pause Young (Allocation Failure) 721M->750M(859M) 206.610ms
[16.777s][info][gc,cpu      ] GC(9) User=0.32s Sys=0.08s Real=0.20s
[17.202s][info][gc,start    ] GC(10) Pause Full (Allocation Failure)
[17.202s][info][gc,phases,start] GC(10) Marking Phase
[17.537s][info][gc,phases      ] GC(10) Marking Phase 334.927ms
[17.537s][info][gc,phases,start] GC(10) Summary Phase
[17.537s][info][gc,phases      ] GC(10) Summary Phase 0.047ms
[17.537s][info][gc,phases,start] GC(10) Forward
[17.651s][info][gc,phases      ] GC(10) Forward 113.843ms
[17.651s][info][gc,phases,start] GC(10) Adjust Pointers
[17.842s][info][gc,phases      ] GC(10) Adjust Pointers 191.230ms
[17.842s][info][gc,phases,start] GC(10) Compaction Phase
[18.003s][info][gc,phases      ] GC(10) Compaction Phase 160.367ms
[18.003s][info][gc,phases,start] GC(10) Post Compact
[18.009s][info][gc,phases      ] GC(10) Post Compact 5.703ms
[18.009s][info][gc,heap        ] GC(10) PSYoungGen: 222689K(222720K)->28617K(222720K) Eden: 111616K(111616K)->0K(111616K) From: 111073K(111104K)->28617K(111104K)
[18.009s][info][gc,heap        ] GC(10) ParOldGen: 656960K(657408K)->657327K(667648K)
[18.009s][info][gc,metaspace   ] GC(10) Metaspace: 16912K(17216K)->16912K(17216K) NonClass: 14755K(14976K)->14755K(14976K) Class: 2156K(2240K)->2156K(2240K)
[18.009s][info][gc             ] GC(10) Pause Full (Allocation Failure) 859M->669M(869M) 807.007ms
[18.009s][info][gc,cpu         ] GC(10) User=1.49s Sys=0.04s Real=0.80s
[18.346s][info][gc,start       ] GC(11) Pause Full (Allocation Failure)
[18.346s][info][gc,phases,start] GC(11) Marking Phase
[18.642s][info][gc,phases      ] GC(11) Marking Phase 295.158ms
[18.642s][info][gc,phases,start] GC(11) Summary Phase
[18.642s][info][gc,phases      ] GC(11) Summary Phase 0.027ms
[18.642s][info][gc,phases,start] GC(11) Forward
[18.735s][info][gc,phases      ] GC(11) Forward 93.191ms
[18.735s][info][gc,phases,start] GC(11) Adjust Pointers
[18.933s][info][gc,phases      ] GC(11) Adjust Pointers 198.270ms
[18.933s][info][gc,phases,start] GC(11) Compaction Phase
[19.072s][info][gc,phases      ] GC(11) Compaction Phase 138.493ms
[19.072s][info][gc,phases,start] GC(11) Post Compact
[19.075s][info][gc,phases      ] GC(11) Post Compact 2.527ms
[19.075s][info][gc,heap        ] GC(11) PSYoungGen: 140233K(222720K)->41736K(222720K) Eden: 111616K(111616K)->41736K(111616K) From: 28617K(111104K)->0K(111104K)
[19.075s][info][gc,heap        ] GC(11) ParOldGen: 657327K(667648K)->667621K(667648K)
[19.075s][info][gc,metaspace   ] GC(11) Metaspace: 16913K(17216K)->16913K(17216K) NonClass: 14756K(14976K)->14756K(14976K) Class: 2156K(2240K)->2156K(2240K)
[19.075s][info][gc             ] GC(11) Pause Full (Allocation Failure) 778M->692M(869M) 728.489ms
[19.075s][info][gc,cpu         ] GC(11) User=1.41s Sys=0.00s Real=0.73s
[19.264s][info][gc,start       ] GC(12) Pause Full (Allocation Failure)
[19.264s][info][gc,phases,start] GC(12) Marking Phase
[19.568s][info][gc,phases      ] GC(12) Marking Phase 304.026ms
[19.568s][info][gc,phases,start] GC(12) Summary Phase
[19.568s][info][gc,phases      ] GC(12) Summary Phase 0.024ms
[19.568s][info][gc,phases,start] GC(12) Forward
[19.590s][info][gc,phases      ] GC(12) Forward 22.415ms
[19.590s][info][gc,phases,start] GC(12) Adjust Pointers
[19.762s][info][gc,phases      ] GC(12) Adjust Pointers 171.957ms
[19.762s][info][gc,phases,start] GC(12) Compaction Phase
[19.856s][info][gc,phases      ] GC(12) Compaction Phase 93.668ms
[19.856s][info][gc,phases,start] GC(12) Post Compact
[19.858s][info][gc,phases      ] GC(12) Post Compact 2.250ms
[19.858s][info][gc,heap        ] GC(12) PSYoungGen: 111616K(222720K)->56523K(222720K) Eden: 111616K(111616K)->56523K(111616K) From: 0K(111104K)->0K(111104K)
[19.858s][info][gc,heap        ] GC(12) ParOldGen: 667621K(667648K)->667550K(667648K)
[19.858s][info][gc,metaspace   ] GC(12) Metaspace: 16913K(17216K)->16913K(17216K) NonClass: 14756K(14976K)->14756K(14976K) Class: 2156K(2240K)->2156K(2240K)
[19.858s][info][gc             ] GC(12) Pause Full (Allocation Failure) 760M->707M(869M) 594.748ms
[19.858s][info][gc,cpu         ] GC(12) User=1.15s Sys=0.01s Real=0.59s
[20.000s][info][gc,start       ] GC(13) Pause Full (Allocation Failure)
[20.000s][info][gc,phases,start] GC(13) Marking Phase
[20.316s][info][gc,phases      ] GC(13) Marking Phase 316.700ms
[20.316s][info][gc,phases,start] GC(13) Summary Phase
[20.316s][info][gc,phases      ] GC(13) Summary Phase 0.025ms
[20.316s][info][gc,phases,start] GC(13) Forward
[20.338s][info][gc,phases      ] GC(13) Forward 21.669ms
[20.338s][info][gc,phases,start] GC(13) Adjust Pointers
[20.509s][info][gc,phases      ] GC(13) Adjust Pointers 170.815ms
[20.509s][info][gc,phases,start] GC(13) Compaction Phase
[20.601s][info][gc,phases      ] GC(13) Compaction Phase 92.304ms
[20.601s][info][gc,phases,start] GC(13) Post Compact
[20.604s][info][gc,phases      ] GC(13) Post Compact 2.236ms
[20.604s][info][gc,heap        ] GC(13) PSYoungGen: 111616K(222720K)->68191K(222720K) Eden: 111616K(111616K)->68191K(111616K) From: 0K(111104K)->0K(111104K)
[20.604s][info][gc,heap        ] GC(13) ParOldGen: 667550K(667648K)->667550K(667648K)
[20.604s][info][gc,metaspace   ] GC(13) Metaspace: 16913K(17216K)->16913K(17216K) NonClass: 14756K(14976K)->14756K(14976K) Class: 2156K(2240K)->2156K(2240K)
[20.604s][info][gc             ] GC(13) Pause Full (Allocation Failure) 760M->718M(869M) 604.217ms
[20.604s][info][gc,cpu         ] GC(13) User=1.17s Sys=0.01s Real=0.60s
[20.694s][info][gc,start       ] GC(14) Pause Full (Allocation Failure)
[20.694s][info][gc,phases,start] GC(14) Marking Phase
[21.018s][info][gc,phases      ] GC(14) Marking Phase 324.940ms
[21.019s][info][gc,phases,start] GC(14) Summary Phase
[21.019s][info][gc,phases      ] GC(14) Summary Phase 0.025ms
[21.019s][info][gc,phases,start] GC(14) Forward
[21.042s][info][gc,phases      ] GC(14) Forward 23.364ms
[21.042s][info][gc,phases,start] GC(14) Adjust Pointers
[21.217s][info][gc,phases      ] GC(14) Adjust Pointers 175.255ms
[21.217s][info][gc,phases,start] GC(14) Compaction Phase
[21.319s][info][gc,phases      ] GC(14) Compaction Phase 102.158ms
[21.320s][info][gc,phases,start] GC(14) Post Compact
[21.322s][info][gc,phases      ] GC(14) Post Compact 2.249ms
[21.322s][info][gc,heap        ] GC(14) PSYoungGen: 111616K(222720K)->77396K(222720K) Eden: 111616K(111616K)->77396K(111616K) From: 0K(111104K)->0K(111104K)
[21.322s][info][gc,heap        ] GC(14) ParOldGen: 667550K(667648K)->667550K(667648K)
[21.322s][info][gc,metaspace   ] GC(14) Metaspace: 16913K(17216K)->16913K(17216K) NonClass: 14756K(14976K)->14756K(14976K) Class: 2156K(2240K)->2156K(2240K)
[21.322s][info][gc             ] GC(14) Pause Full (Allocation Failure) 760M->727M(869M) 628.386ms
[21.322s][info][gc,cpu         ] GC(14) User=1.23s Sys=0.00s Real=0.63s
[21.387s][info][gc,start       ] GC(15) Pause Full (Allocation Failure)
[21.387s][info][gc,phases,start] GC(15) Marking Phase
[21.719s][info][gc,phases      ] GC(15) Marking Phase 332.186ms
[21.719s][info][gc,phases,start] GC(15) Summary Phase
[21.719s][info][gc,phases      ] GC(15) Summary Phase 0.025ms
[21.719s][info][gc,phases,start] GC(15) Forward
[21.741s][info][gc,phases      ] GC(15) Forward 22.457ms
[21.741s][info][gc,phases,start] GC(15) Adjust Pointers
[21.917s][info][gc,phases      ] GC(15) Adjust Pointers 175.277ms
[21.917s][info][gc,phases,start] GC(15) Compaction Phase
[22.009s][info][gc,phases      ] GC(15) Compaction Phase 92.492ms
[22.009s][info][gc,phases,start] GC(15) Post Compact
[22.012s][info][gc,phases      ] GC(15) Post Compact 2.276ms
[22.012s][info][gc,heap        ] GC(15) PSYoungGen: 111616K(222720K)->84668K(222720K) Eden: 111616K(111616K)->84668K(111616K) From: 0K(111104K)->0K(111104K)
[22.012s][info][gc,heap        ] GC(15) ParOldGen: 667550K(667648K)->667550K(667648K)
[22.012s][info][gc,metaspace   ] GC(15) Metaspace: 16913K(17216K)->16913K(17216K) NonClass: 14756K(14976K)->14756K(14976K) Class: 2156K(2240K)->2156K(2240K)
[22.012s][info][gc             ] GC(15) Pause Full (Allocation Failure) 760M->734M(869M) 625.088ms
[22.012s][info][gc,cpu         ] GC(15) User=1.22s Sys=0.00s Real=0.63s
[22.066s][info][gc,start       ] GC(16) Pause Full (Allocation Failure)
[22.066s][info][gc,phases,start] GC(16) Marking Phase
[22.403s][info][gc,phases      ] GC(16) Marking Phase 337.514ms
[22.403s][info][gc,phases,start] GC(16) Summary Phase
[22.403s][info][gc,phases      ] GC(16) Summary Phase 0.024ms
[22.403s][info][gc,phases,start] GC(16) Forward
[22.425s][info][gc,phases      ] GC(16) Forward 22.136ms
[22.425s][info][gc,phases,start] GC(16) Adjust Pointers
[22.604s][info][gc,phases      ] GC(16) Adjust Pointers 178.835ms
[22.604s][info][gc,phases,start] GC(16) Compaction Phase
[22.697s][info][gc,phases      ] GC(16) Compaction Phase 93.067ms
[22.697s][info][gc,phases,start] GC(16) Post Compact
[22.700s][info][gc,phases      ] GC(16) Post Compact 2.286ms
[22.700s][info][gc,heap        ] GC(16) PSYoungGen: 111616K(222720K)->90396K(222720K) Eden: 111616K(111616K)->90396K(111616K) From: 0K(111104K)->0K(111104K)
[22.700s][info][gc,heap        ] GC(16) ParOldGen: 667550K(667648K)->667550K(667648K)
[22.700s][info][gc,metaspace   ] GC(16) Metaspace: 16913K(17216K)->16913K(17216K) NonClass: 14756K(14976K)->14756K(14976K) Class: 2156K(2240K)->2156K(2240K)
[22.700s][info][gc             ] GC(16) Pause Full (Allocation Failure) 760M->740M(869M) 634.300ms
[22.700s][info][gc,cpu         ] GC(16) User=1.24s Sys=0.00s Real=0.64s
[22.745s][info][gc,start       ] GC(17) Pause Full (Allocation Failure)
[22.745s][info][gc,phases,start] GC(17) Marking Phase
[23.100s][info][gc,phases      ] GC(17) Marking Phase 355.292ms
[23.100s][info][gc,phases,start] GC(17) Summary Phase
[23.100s][info][gc,phases      ] GC(17) Summary Phase 0.024ms
[23.100s][info][gc,phases,start] GC(17) Forward
[23.122s][info][gc,phases      ] GC(17) Forward 21.907ms
[23.122s][info][gc,phases,start] GC(17) Adjust Pointers
[23.303s][info][gc,phases      ] GC(17) Adjust Pointers 180.815ms
[23.303s][info][gc,phases,start] GC(17) Compaction Phase
[23.398s][info][gc,phases      ] GC(17) Compaction Phase 95.482ms
[23.398s][info][gc,phases,start] GC(17) Post Compact
[23.401s][info][gc,phases      ] GC(17) Post Compact 2.293ms
[23.401s][info][gc,heap        ] GC(17) PSYoungGen: 111615K(222720K)->94879K(222720K) Eden: 111615K(111616K)->94879K(111616K) From: 0K(111104K)->0K(111104K)
[23.401s][info][gc,heap        ] GC(17) ParOldGen: 667550K(667648K)->667550K(667648K)
[23.401s][info][gc,metaspace   ] GC(17) Metaspace: 16913K(17216K)->16913K(17216K) NonClass: 14756K(14976K)->14756K(14976K) Class: 2156K(2240K)->2156K(2240K)
[23.401s][info][gc             ] GC(17) Pause Full (Allocation Failure) 760M->744M(869M) 656.244ms
[23.401s][info][gc,cpu         ] GC(17) User=1.28s Sys=0.00s Real=0.66s
[23.433s][info][gc,start       ] GC(18) Pause Full (Allocation Failure)
[23.433s][info][gc,phases,start] GC(18) Marking Phase
[23.778s][info][gc,phases      ] GC(18) Marking Phase 344.638ms
[23.778s][info][gc,phases,start] GC(18) Summary Phase
[23.778s][info][gc,phases      ] GC(18) Summary Phase 0.024ms
[23.778s][info][gc,phases,start] GC(18) Forward
[23.800s][info][gc,phases      ] GC(18) Forward 21.634ms
[23.800s][info][gc,phases,start] GC(18) Adjust Pointers
[23.981s][info][gc,phases      ] GC(18) Adjust Pointers 181.506ms
[23.981s][info][gc,phases,start] GC(18) Compaction Phase
[24.075s][info][gc,phases      ] GC(18) Compaction Phase 93.774ms
[24.075s][info][gc,phases,start] GC(18) Post Compact
[24.077s][info][gc,phases      ] GC(18) Post Compact 2.259ms
[24.077s][info][gc,heap        ] GC(18) PSYoungGen: 111616K(222720K)->98437K(222720K) Eden: 111616K(111616K)->98437K(111616K) From: 0K(111104K)->0K(111104K)
[24.077s][info][gc,heap        ] GC(18) ParOldGen: 667550K(667648K)->667550K(667648K)
[24.077s][info][gc,metaspace   ] GC(18) Metaspace: 16913K(17216K)->16913K(17216K) NonClass: 14756K(14976K)->14756K(14976K) Class: 2156K(2240K)->2156K(2240K)
[24.077s][info][gc             ] GC(18) Pause Full (Allocation Failure) 760M->748M(869M) 644.249ms
[24.077s][info][gc,cpu         ] GC(18) User=1.26s Sys=0.00s Real=0.64s
[24.103s][info][gc,start       ] GC(19) Pause Full (Allocation Failure)
[24.103s][info][gc,phases,start] GC(19) Marking Phase
[24.449s][info][gc,phases      ] GC(19) Marking Phase 345.483ms
[24.449s][info][gc,phases,start] GC(19) Summary Phase
[24.449s][info][gc,phases      ] GC(19) Summary Phase 0.023ms
[24.449s][info][gc,phases,start] GC(19) Forward
[24.470s][info][gc,phases      ] GC(19) Forward 21.343ms
[24.470s][info][gc,phases,start] GC(19) Adjust Pointers
[24.648s][info][gc,phases      ] GC(19) Adjust Pointers 177.700ms
[24.648s][info][gc,phases,start] GC(19) Compaction Phase
[24.741s][info][gc,phases      ] GC(19) Compaction Phase 92.789ms
[24.741s][info][gc,phases,start] GC(19) Post Compact
[24.743s][info][gc,phases      ] GC(19) Post Compact 2.254ms
[24.743s][info][gc,heap        ] GC(19) PSYoungGen: 111616K(222720K)->101216K(222720K) Eden: 111616K(111616K)->101216K(111616K) From: 0K(111104K)->0K(111104K)
[24.743s][info][gc,heap        ] GC(19) ParOldGen: 667550K(667648K)->667550K(667648K)
[24.743s][info][gc,metaspace   ] GC(19) Metaspace: 16913K(17216K)->16913K(17216K) NonClass: 14756K(14976K)->14756K(14976K) Class: 2156K(2240K)->2156K(2240K)
[24.743s][info][gc             ] GC(19) Pause Full (Allocation Failure) 760M->750M(869M) 640.036ms
[24.743s][info][gc,cpu         ] GC(19) User=1.25s Sys=0.00s Real=0.64s
[24.766s][info][gc,start       ] GC(20) Pause Full (Allocation Failure)
[24.766s][info][gc,phases,start] GC(20) Marking Phase
[25.104s][info][gc,phases      ] GC(20) Marking Phase 338.293ms
[25.104s][info][gc,phases,start] GC(20) Summary Phase
[25.104s][info][gc,phases      ] GC(20) Summary Phase 0.023ms
[25.104s][info][gc,phases,start] GC(20) Forward
[25.125s][info][gc,phases      ] GC(20) Forward 21.530ms
[25.126s][info][gc,phases,start] GC(20) Adjust Pointers
[25.306s][info][gc,phases      ] GC(20) Adjust Pointers 180.795ms
[25.306s][info][gc,phases,start] GC(20) Compaction Phase
[25.402s][info][gc,phases      ] GC(20) Compaction Phase 95.955ms
[25.402s][info][gc,phases,start] GC(20) Post Compact
[25.405s][info][gc,phases      ] GC(20) Post Compact 2.303ms
[25.405s][info][gc,heap        ] GC(20) PSYoungGen: 111616K(222720K)->103429K(222720K) Eden: 111616K(111616K)->103429K(111616K) From: 0K(111104K)->0K(111104K)
[25.405s][info][gc,heap        ] GC(20) ParOldGen: 667550K(667648K)->667550K(667648K)
[25.405s][info][gc,metaspace   ] GC(20) Metaspace: 16913K(17216K)->16913K(17216K) NonClass: 14756K(14976K)->14756K(14976K) Class: 2156K(2240K)->2156K(2240K)
[25.405s][info][gc             ] GC(20) Pause Full (Allocation Failure) 760M->752M(869M) 639.310ms
[25.405s][info][gc,cpu         ] GC(20) User=1.25s Sys=0.00s Real=0.64s
[25.421s][info][gc,start       ] GC(21) Pause Full (Allocation Failure)
[25.421s][info][gc,phases,start] GC(21) Marking Phase
[25.767s][info][gc,phases      ] GC(21) Marking Phase 345.356ms
[25.767s][info][gc,phases,start] GC(21) Summary Phase
[25.767s][info][gc,phases      ] GC(21) Summary Phase 0.025ms
[25.767s][info][gc,phases,start] GC(21) Forward
[25.790s][info][gc,phases      ] GC(21) Forward 22.910ms
[25.790s][info][gc,phases,start] GC(21) Adjust Pointers
[25.971s][info][gc,phases      ] GC(21) Adjust Pointers 181.691ms
[25.971s][info][gc,phases,start] GC(21) Compaction Phase
[26.064s][info][gc,phases      ] GC(21) Compaction Phase 92.280ms
[26.064s][info][gc,phases,start] GC(21) Post Compact
[26.066s][info][gc,phases      ] GC(21) Post Compact 2.265ms
[26.066s][info][gc,heap        ] GC(21) PSYoungGen: 111616K(222720K)->105167K(222720K) Eden: 111616K(111616K)->105167K(111616K) From: 0K(111104K)->0K(111104K)
[26.066s][info][gc,heap        ] GC(21) ParOldGen: 667550K(667648K)->667550K(667648K)
[26.066s][info][gc,metaspace   ] GC(21) Metaspace: 16913K(17216K)->16913K(17216K) NonClass: 14756K(14976K)->14756K(14976K) Class: 2156K(2240K)->2156K(2240K)
[26.066s][info][gc             ] GC(21) Pause Full (Allocation Failure) 760M->754M(869M) 644.959ms
[26.066s][info][gc,cpu         ] GC(21) User=1.26s Sys=0.00s Real=0.64s
[26.079s][info][gc,start       ] GC(22) Pause Full (Allocation Failure)
[26.079s][info][gc,phases,start] GC(22) Marking Phase
[26.431s][info][gc,phases      ] GC(22) Marking Phase 352.419ms
[26.431s][info][gc,phases,start] GC(22) Summary Phase
[26.431s][info][gc,phases      ] GC(22) Summary Phase 0.023ms
[26.431s][info][gc,phases,start] GC(22) Forward
[26.454s][info][gc,phases      ] GC(22) Forward 22.617ms
[26.454s][info][gc,phases,start] GC(22) Adjust Pointers
[26.640s][info][gc,phases      ] GC(22) Adjust Pointers 185.707ms
[26.640s][info][gc,phases,start] GC(22) Compaction Phase
[26.745s][info][gc,phases      ] GC(22) Compaction Phase 105.529ms
[26.746s][info][gc,phases,start] GC(22) Post Compact
[26.748s][info][gc,phases      ] GC(22) Post Compact 2.250ms
[26.748s][info][gc,heap        ] GC(22) PSYoungGen: 111616K(222720K)->106560K(222720K) Eden: 111616K(111616K)->106560K(111616K) From: 0K(111104K)->0K(111104K)
[26.748s][info][gc,heap        ] GC(22) ParOldGen: 667550K(667648K)->667550K(667648K)
[26.748s][info][gc,metaspace   ] GC(22) Metaspace: 16913K(17216K)->16913K(17216K) NonClass: 14756K(14976K)->14756K(14976K) Class: 2156K(2240K)->2156K(2240K)
[26.748s][info][gc             ] GC(22) Pause Full (Allocation Failure) 760M->755M(869M) 669.011ms
[26.748s][info][gc,cpu         ] GC(22) User=1.31s Sys=0.01s Real=0.67s
[26.759s][info][gc,start       ] GC(23) Pause Full (Allocation Failure)
[26.759s][info][gc,phases,start] GC(23) Marking Phase
[27.110s][info][gc,phases      ] GC(23) Marking Phase 350.993ms
[27.110s][info][gc,phases,start] GC(23) Summary Phase
[27.110s][info][gc,phases      ] GC(23) Summary Phase 0.024ms
[27.110s][info][gc,phases,start] GC(23) Forward
[27.132s][info][gc,phases      ] GC(23) Forward 21.855ms
[27.132s][info][gc,phases,start] GC(23) Adjust Pointers
[27.315s][info][gc,phases      ] GC(23) Adjust Pointers 183.309ms
[27.315s][info][gc,phases,start] GC(23) Compaction Phase
[27.408s][info][gc,phases      ] GC(23) Compaction Phase 92.967ms
[27.408s][info][gc,phases,start] GC(23) Post Compact
[27.411s][info][gc,phases      ] GC(23) Post Compact 2.295ms
[27.411s][info][gc,heap        ] GC(23) PSYoungGen: 111616K(222720K)->107657K(222720K) Eden: 111616K(111616K)->107657K(111616K) From: 0K(111104K)->0K(111104K)
[27.411s][info][gc,heap        ] GC(23) ParOldGen: 667550K(667648K)->667550K(667648K)
[27.411s][info][gc,metaspace   ] GC(23) Metaspace: 16913K(17216K)->16913K(17216K) NonClass: 14756K(14976K)->14756K(14976K) Class: 2156K(2240K)->2156K(2240K)
[27.411s][info][gc             ] GC(23) Pause Full (Allocation Failure) 760M->757M(869M) 651.870ms
[27.411s][info][gc,cpu         ] GC(23) User=1.27s Sys=0.00s Real=0.66s
[27.419s][info][gc,start       ] GC(24) Pause Full (Allocation Failure)
[27.419s][info][gc,phases,start] GC(24) Marking Phase
[27.762s][info][gc,phases      ] GC(24) Marking Phase 343.365ms
[27.762s][info][gc,phases,start] GC(24) Summary Phase
[27.762s][info][gc,phases      ] GC(24) Summary Phase 0.023ms
[27.762s][info][gc,phases,start] GC(24) Forward
[27.784s][info][gc,phases      ] GC(24) Forward 21.373ms
[27.784s][info][gc,phases,start] GC(24) Adjust Pointers
[27.965s][info][gc,phases      ] GC(24) Adjust Pointers 181.279ms
[27.965s][info][gc,phases,start] GC(24) Compaction Phase
[28.058s][info][gc,phases      ] GC(24) Compaction Phase 93.331ms
[28.059s][info][gc,phases,start] GC(24) Post Compact
[28.061s][info][gc,phases      ] GC(24) Post Compact 2.261ms
[28.061s][info][gc,heap        ] GC(24) PSYoungGen: 111616K(222720K)->108468K(222720K) Eden: 111616K(111616K)->108468K(111616K) From: 0K(111104K)->0K(111104K)
[28.061s][info][gc,heap        ] GC(24) ParOldGen: 667550K(667648K)->667550K(667648K)
[28.061s][info][gc,metaspace   ] GC(24) Metaspace: 16913K(17216K)->16913K(17216K) NonClass: 14756K(14976K)->14756K(14976K) Class: 2156K(2240K)->2156K(2240K)
[28.061s][info][gc             ] GC(24) Pause Full (Allocation Failure) 760M->757M(869M) 642.007ms
[28.061s][info][gc,cpu         ] GC(24) User=1.26s Sys=0.00s Real=0.65s
[28.067s][info][gc,start       ] GC(25) Pause Full (Allocation Failure)
[28.067s][info][gc,phases,start] GC(25) Marking Phase
[28.410s][info][gc,phases      ] GC(25) Marking Phase 342.087ms
[28.410s][info][gc,phases,start] GC(25) Summary Phase
[28.410s][info][gc,phases      ] GC(25) Summary Phase 0.024ms
[28.410s][info][gc,phases,start] GC(25) Forward
[28.431s][info][gc,phases      ] GC(25) Forward 21.523ms
[28.431s][info][gc,phases,start] GC(25) Adjust Pointers
[28.616s][info][gc,phases      ] GC(25) Adjust Pointers 185.060ms
[28.616s][info][gc,phases,start] GC(25) Compaction Phase
[28.711s][info][gc,phases      ] GC(25) Compaction Phase 95.107ms
[28.712s][info][gc,phases,start] GC(25) Post Compact
[28.714s][info][gc,phases      ] GC(25) Post Compact 2.247ms
[28.714s][info][gc,heap        ] GC(25) PSYoungGen: 111616K(222720K)->109121K(222720K) Eden: 111616K(111616K)->109121K(111616K) From: 0K(111104K)->0K(111104K)
[28.714s][info][gc,heap        ] GC(25) ParOldGen: 667550K(667648K)->667550K(667648K)
[28.714s][info][gc,metaspace   ] GC(25) Metaspace: 16913K(17216K)->16913K(17216K) NonClass: 14756K(14976K)->14756K(14976K) Class: 2156K(2240K)->2156K(2240K)
[28.714s][info][gc             ] GC(25) Pause Full (Allocation Failure) 760M->758M(869M) 646.435ms
[28.714s][info][gc,cpu         ] GC(25) User=1.27s Sys=0.00s Real=0.65s
[28.720s][info][gc,start       ] GC(26) Pause Full (Allocation Failure)
[28.720s][info][gc,phases,start] GC(26) Marking Phase
[29.062s][info][gc,phases      ] GC(26) Marking Phase 342.168ms
[29.062s][info][gc,phases,start] GC(26) Summary Phase
[29.062s][info][gc,phases      ] GC(26) Summary Phase 0.025ms
[29.062s][info][gc,phases,start] GC(26) Forward
[29.084s][info][gc,phases      ] GC(26) Forward 22.178ms
[29.084s][info][gc,phases,start] GC(26) Adjust Pointers
[29.268s][info][gc,phases      ] GC(26) Adjust Pointers 184.008ms
[29.268s][info][gc,phases,start] GC(26) Compaction Phase
[29.362s][info][gc,phases      ] GC(26) Compaction Phase 93.494ms
[29.362s][info][gc,phases,start] GC(26) Post Compact
[29.364s][info][gc,phases      ] GC(26) Post Compact 2.271ms
[29.364s][info][gc,heap        ] GC(26) PSYoungGen: 111616K(222720K)->109639K(222720K) Eden: 111616K(111616K)->109639K(111616K) From: 0K(111104K)->0K(111104K)
[29.364s][info][gc,heap        ] GC(26) ParOldGen: 667550K(667648K)->667550K(667648K)
[29.364s][info][gc,metaspace   ] GC(26) Metaspace: 16913K(17216K)->16913K(17216K) NonClass: 14756K(14976K)->14756K(14976K) Class: 2156K(2240K)->2156K(2240K)
[29.364s][info][gc             ] GC(26) Pause Full (Allocation Failure) 760M->758M(869M) 644.526ms
[29.364s][info][gc,cpu         ] GC(26) User=1.27s Sys=0.00s Real=0.64s
[29.371s][info][gc,start       ] GC(27) Pause Full (Allocation Failure)
[29.371s][info][gc,phases,start] GC(27) Marking Phase
[29.713s][info][gc,phases      ] GC(27) Marking Phase 342.523ms
[29.713s][info][gc,phases,start] GC(27) Summary Phase
[29.714s][info][gc,phases      ] GC(27) Summary Phase 0.029ms
[29.714s][info][gc,phases,start] GC(27) Forward
[29.736s][info][gc,phases      ] GC(27) Forward 22.360ms
[29.736s][info][gc,phases,start] GC(27) Adjust Pointers
[29.921s][info][gc,phases      ] GC(27) Adjust Pointers 185.380ms
[29.921s][info][gc,phases,start] GC(27) Compaction Phase
[30.014s][info][gc,phases      ] GC(27) Compaction Phase 92.371ms
[30.014s][info][gc,phases,start] GC(27) Post Compact
[30.016s][info][gc,phases      ] GC(27) Post Compact 2.280ms
[30.016s][info][gc,heap        ] GC(27) PSYoungGen: 111616K(222720K)->110061K(222720K) Eden: 111616K(111616K)->110061K(111616K) From: 0K(111104K)->0K(111104K)
[30.016s][info][gc,heap        ] GC(27) ParOldGen: 667550K(667648K)->667550K(667648K)
[30.016s][info][gc,metaspace   ] GC(27) Metaspace: 16913K(17216K)->16913K(17216K) NonClass: 14756K(14976K)->14756K(14976K) Class: 2156K(2240K)->2156K(2240K)
[30.016s][info][gc             ] GC(27) Pause Full (Allocation Failure) 760M->759M(869M) 645.359ms
[30.016s][info][gc,cpu         ] GC(27) User=1.26s Sys=0.00s Real=0.64s
[30.022s][info][gc,start       ] GC(28) Pause Full (Allocation Failure)
[30.023s][info][gc,phases,start] GC(28) Marking Phase
[30.367s][info][gc,phases      ] GC(28) Marking Phase 344.069ms
[30.367s][info][gc,phases,start] GC(28) Summary Phase
[30.367s][info][gc,phases      ] GC(28) Summary Phase 0.023ms
[30.367s][info][gc,phases,start] GC(28) Forward
[30.388s][info][gc,phases      ] GC(28) Forward 21.501ms
[30.388s][info][gc,phases,start] GC(28) Adjust Pointers
[30.571s][info][gc,phases      ] GC(28) Adjust Pointers 182.398ms
[30.571s][info][gc,phases,start] GC(28) Compaction Phase
[30.663s][info][gc,phases      ] GC(28) Compaction Phase 92.310ms
[30.663s][info][gc,phases,start] GC(28) Post Compact
[30.665s][info][gc,phases      ] GC(28) Post Compact 2.270ms
[30.665s][info][gc,heap        ] GC(28) PSYoungGen: 111616K(222720K)->110394K(222720K) Eden: 111616K(111616K)->110394K(111616K) From: 0K(111104K)->0K(111104K)
[30.665s][info][gc,heap        ] GC(28) ParOldGen: 667550K(667648K)->667550K(667648K)
[30.665s][info][gc,metaspace   ] GC(28) Metaspace: 16913K(17216K)->16913K(17216K) NonClass: 14756K(14976K)->14756K(14976K) Class: 2156K(2240K)->2156K(2240K)
[30.665s][info][gc             ] GC(28) Pause Full (Allocation Failure) 760M->759M(869M) 642.963ms
[30.665s][info][gc,cpu         ] GC(28) User=1.26s Sys=0.00s Real=0.64s
[30.669s][info][gc,start       ] GC(29) Pause Full (Allocation Failure)
[30.669s][info][gc,phases,start] GC(29) Marking Phase
[31.007s][info][gc,phases      ] GC(29) Marking Phase 338.339ms
[31.007s][info][gc,phases,start] GC(29) Summary Phase
[31.007s][info][gc,phases      ] GC(29) Summary Phase 0.022ms
[31.007s][info][gc,phases,start] GC(29) Forward
[31.028s][info][gc,phases      ] GC(29) Forward 21.111ms
[31.028s][info][gc,phases,start] GC(29) Adjust Pointers
[31.208s][info][gc,phases      ] GC(29) Adjust Pointers 179.813ms
[31.208s][info][gc,phases,start] GC(29) Compaction Phase
[31.301s][info][gc,phases      ] GC(29) Compaction Phase 92.791ms
[31.301s][info][gc,phases,start] GC(29) Post Compact
[31.303s][info][gc,phases      ] GC(29) Post Compact 2.282ms
[31.303s][info][gc,heap        ] GC(29) PSYoungGen: 111616K(222720K)->110664K(222720K) Eden: 111616K(111616K)->110664K(111616K) From: 0K(111104K)->0K(111104K)
[31.303s][info][gc,heap        ] GC(29) ParOldGen: 667550K(667648K)->667550K(667648K)
[31.303s][info][gc,metaspace   ] GC(29) Metaspace: 16913K(17216K)->16913K(17216K) NonClass: 14756K(14976K)->14756K(14976K) Class: 2156K(2240K)->2156K(2240K)
[31.303s][info][gc             ] GC(29) Pause Full (Allocation Failure) 760M->759M(869M) 634.727ms
[31.303s][info][gc,cpu         ] GC(29) User=1.25s Sys=0.00s Real=0.64s
[31.306s][info][gc,start       ] GC(30) Pause Full (Allocation Failure)
[31.306s][info][gc,phases,start] GC(30) Marking Phase
[31.650s][info][gc,phases      ] GC(30) Marking Phase 344.438ms
[31.651s][info][gc,phases,start] GC(30) Summary Phase
[31.651s][info][gc,phases      ] GC(30) Summary Phase 0.022ms
[31.651s][info][gc,phases,start] GC(30) Forward
[31.672s][info][gc,phases      ] GC(30) Forward 21.448ms
[31.672s][info][gc,phases,start] GC(30) Adjust Pointers
[31.853s][info][gc,phases      ] GC(30) Adjust Pointers 180.648ms
[31.853s][info][gc,phases,start] GC(30) Compaction Phase
[31.947s][info][gc,phases      ] GC(30) Compaction Phase 94.423ms
[31.947s][info][gc,phases,start] GC(30) Post Compact
[31.950s][info][gc,phases      ] GC(30) Post Compact 2.267ms
[31.950s][info][gc,heap        ] GC(30) PSYoungGen: 111616K(222720K)->110861K(222720K) Eden: 111616K(111616K)->110861K(111616K) From: 0K(111104K)->0K(111104K)
[31.950s][info][gc,heap        ] GC(30) ParOldGen: 667550K(667648K)->667550K(667648K)
[31.950s][info][gc,metaspace   ] GC(30) Metaspace: 16913K(17216K)->16913K(17216K) NonClass: 14756K(14976K)->14756K(14976K) Class: 2156K(2240K)->2156K(2240K)
[31.950s][info][gc             ] GC(30) Pause Full (Allocation Failure) 760M->760M(869M) 643.606ms
[31.950s][info][gc,cpu         ] GC(30) User=1.26s Sys=0.00s Real=0.65s
[31.952s][info][gc,start       ] GC(31) Pause Full (Allocation Failure)
[31.952s][info][gc,phases,start] GC(31) Marking Phase
[32.291s][info][gc,phases      ] GC(31) Marking Phase 338.887ms
[32.291s][info][gc,phases,start] GC(31) Summary Phase
[32.291s][info][gc,phases      ] GC(31) Summary Phase 0.023ms
[32.291s][info][gc,phases,start] GC(31) Forward
[32.312s][info][gc,phases      ] GC(31) Forward 21.379ms
[32.312s][info][gc,phases,start] GC(31) Adjust Pointers
[32.493s][info][gc,phases      ] GC(31) Adjust Pointers 181.105ms
[32.493s][info][gc,phases,start] GC(31) Compaction Phase
[32.589s][info][gc,phases      ] GC(31) Compaction Phase 95.705ms
[32.589s][info][gc,phases,start] GC(31) Post Compact
[32.592s][info][gc,phases      ] GC(31) Post Compact 2.311ms
[32.592s][info][gc,heap        ] GC(31) PSYoungGen: 111616K(222720K)->111023K(222720K) Eden: 111616K(111616K)->111023K(111616K) From: 0K(111104K)->0K(111104K)
[32.592s][info][gc,heap        ] GC(31) ParOldGen: 667550K(667648K)->667550K(667648K)
[32.592s][info][gc,metaspace   ] GC(31) Metaspace: 16913K(17216K)->16913K(17216K) NonClass: 14756K(14976K)->14756K(14976K) Class: 2156K(2240K)->2156K(2240K)
[32.592s][info][gc             ] GC(31) Pause Full (Allocation Failure) 760M->760M(869M) 639.761ms
[32.592s][info][gc,cpu         ] GC(31) User=1.25s Sys=0.00s Real=0.64s
[32.594s][info][gc,start       ] GC(32) Pause Full (Allocation Failure)
[32.594s][info][gc,phases,start] GC(32) Marking Phase
[32.939s][info][gc,phases      ] GC(32) Marking Phase 345.128ms
[32.939s][info][gc,phases,start] GC(32) Summary Phase
[32.939s][info][gc,phases      ] GC(32) Summary Phase 0.025ms
[32.939s][info][gc,phases,start] GC(32) Forward
[32.961s][info][gc,phases      ] GC(32) Forward 21.772ms
[32.961s][info][gc,phases,start] GC(32) Adjust Pointers
[33.144s][info][gc,phases      ] GC(32) Adjust Pointers 183.033ms
[33.144s][info][gc,phases,start] GC(32) Compaction Phase
[33.238s][info][gc,phases      ] GC(32) Compaction Phase 94.173ms
[33.238s][info][gc,phases,start] GC(32) Post Compact
[33.240s][info][gc,phases      ] GC(32) Post Compact 2.292ms
[33.240s][info][gc,heap        ] GC(32) PSYoungGen: 111616K(222720K)->111142K(222720K) Eden: 111616K(111616K)->111142K(111616K) From: 0K(111104K)->0K(111104K)
[33.240s][info][gc,heap        ] GC(32) ParOldGen: 667550K(667648K)->667550K(667648K)
[33.240s][info][gc,metaspace   ] GC(32) Metaspace: 16913K(17216K)->16913K(17216K) NonClass: 14756K(14976K)->14756K(14976K) Class: 2156K(2240K)->2156K(2240K)
[33.241s][info][gc             ] GC(32) Pause Full (Allocation Failure) 760M->760M(869M) 646.808ms
[33.241s][info][gc,cpu         ] GC(32) User=1.27s Sys=0.00s Real=0.65s
[33.244s][info][gc,start       ] GC(33) Pause Full (Allocation Failure)
[33.244s][info][gc,phases,start] GC(33) Marking Phase
[33.597s][info][gc,phases      ] GC(33) Marking Phase 352.920ms
[33.597s][info][gc,phases,start] GC(33) Summary Phase
[33.597s][info][gc,phases      ] GC(33) Summary Phase 0.025ms
[33.597s][info][gc,phases,start] GC(33) Forward
[33.620s][info][gc,phases      ] GC(33) Forward 22.934ms
[33.620s][info][gc,phases,start] GC(33) Adjust Pointers
[33.802s][info][gc,phases      ] GC(33) Adjust Pointers 181.176ms
[33.802s][info][gc,phases,start] GC(33) Compaction Phase
[33.895s][info][gc,phases      ] GC(33) Compaction Phase 93.562ms
[33.895s][info][gc,phases,start] GC(33) Post Compact
[33.897s][info][gc,phases      ] GC(33) Post Compact 2.252ms
[33.898s][info][gc,heap        ] GC(33) PSYoungGen: 111616K(222720K)->111236K(222720K) Eden: 111616K(111616K)->111236K(111616K) From: 0K(111104K)->0K(111104K)
[33.898s][info][gc,heap        ] GC(33) ParOldGen: 667550K(667648K)->667550K(667648K)
[33.898s][info][gc,metaspace   ] GC(33) Metaspace: 16913K(17216K)->16913K(17216K) NonClass: 14756K(14976K)->14756K(14976K) Class: 2156K(2240K)->2156K(2240K)
[33.898s][info][gc             ] GC(33) Pause Full (Allocation Failure) 760M->760M(869M) 653.267ms
[33.898s][info][gc,cpu         ] GC(33) User=1.28s Sys=0.00s Real=0.65s
[33.901s][info][gc,start       ] GC(34) Pause Full (Allocation Failure)
[33.901s][info][gc,phases,start] GC(34) Marking Phase
[34.242s][info][gc,phases      ] GC(34) Marking Phase 341.303ms
[34.243s][info][gc,phases,start] GC(34) Summary Phase
[34.243s][info][gc,phases      ] GC(34) Summary Phase 0.023ms
[34.243s][info][gc,phases,start] GC(34) Forward
[34.264s][info][gc,phases      ] GC(34) Forward 21.173ms
[34.264s][info][gc,phases,start] GC(34) Adjust Pointers
[34.443s][info][gc,phases      ] GC(34) Adjust Pointers 179.485ms
[34.443s][info][gc,phases,start] GC(34) Compaction Phase
[34.536s][info][gc,phases      ] GC(34) Compaction Phase 92.556ms
[34.536s][info][gc,phases,start] GC(34) Post Compact
[34.538s][info][gc,phases      ] GC(34) Post Compact 2.267ms
[34.538s][info][gc,heap        ] GC(34) PSYoungGen: 111616K(222720K)->111311K(222720K) Eden: 111616K(111616K)->111311K(111616K) From: 0K(111104K)->0K(111104K)
[34.538s][info][gc,heap        ] GC(34) ParOldGen: 667550K(667648K)->667550K(667648K)
[34.538s][info][gc,metaspace   ] GC(34) Metaspace: 16913K(17216K)->16913K(17216K) NonClass: 14756K(14976K)->14756K(14976K) Class: 2156K(2240K)->2156K(2240K)
[34.538s][info][gc             ] GC(34) Pause Full (Allocation Failure) 760M->760M(869M) 637.205ms
[34.538s][info][gc,cpu         ] GC(34) User=1.25s Sys=0.01s Real=0.63s
[34.542s][info][gc,start       ] GC(35) Pause Full (Allocation Failure)
[34.542s][info][gc,phases,start] GC(35) Marking Phase
[34.884s][info][gc,phases      ] GC(35) Marking Phase 341.748ms
[34.884s][info][gc,phases,start] GC(35) Summary Phase
[34.884s][info][gc,phases      ] GC(35) Summary Phase 0.024ms
[34.884s][info][gc,phases,start] GC(35) Forward
[34.905s][info][gc,phases      ] GC(35) Forward 21.544ms
[34.905s][info][gc,phases,start] GC(35) Adjust Pointers
[35.090s][info][gc,phases      ] GC(35) Adjust Pointers 184.387ms
[35.090s][info][gc,phases,start] GC(35) Compaction Phase
[35.183s][info][gc,phases      ] GC(35) Compaction Phase 92.995ms
[35.183s][info][gc,phases,start] GC(35) Post Compact
[35.185s][info][gc,phases      ] GC(35) Post Compact 2.264ms
[35.185s][info][gc,heap        ] GC(35) PSYoungGen: 111616K(222720K)->111373K(222720K) Eden: 111616K(111616K)->111373K(111616K) From: 0K(111104K)->0K(111104K)
[35.185s][info][gc,heap        ] GC(35) ParOldGen: 667550K(667648K)->667550K(667648K)
[35.185s][info][gc,metaspace   ] GC(35) Metaspace: 16913K(17216K)->16913K(17216K) NonClass: 14756K(14976K)->14756K(14976K) Class: 2156K(2240K)->2156K(2240K)
[35.185s][info][gc             ] GC(35) Pause Full (Allocation Failure) 760M->760M(869M) 643.393ms
[35.185s][info][gc,cpu         ] GC(35) User=1.26s Sys=0.00s Real=0.64s
[35.189s][info][gc,start       ] GC(36) Pause Full (Allocation Failure)
[35.189s][info][gc,phases,start] GC(36) Marking Phase
[35.532s][info][gc,phases      ] GC(36) Marking Phase 343.147ms
[35.532s][info][gc,phases,start] GC(36) Summary Phase
[35.532s][info][gc,phases      ] GC(36) Summary Phase 0.023ms
[35.532s][info][gc,phases,start] GC(36) Forward
[35.554s][info][gc,phases      ] GC(36) Forward 21.521ms
[35.554s][info][gc,phases,start] GC(36) Adjust Pointers
[35.741s][info][gc,phases      ] GC(36) Adjust Pointers 186.955ms
[35.741s][info][gc,phases,start] GC(36) Compaction Phase
[35.838s][info][gc,phases      ] GC(36) Compaction Phase 97.601ms
[35.839s][info][gc,phases,start] GC(36) Post Compact
[35.841s][info][gc,phases      ] GC(36) Post Compact 2.232ms
[35.841s][info][gc,heap        ] GC(36) PSYoungGen: 111616K(222720K)->111421K(222720K) Eden: 111616K(111616K)->111421K(111616K) From: 0K(111104K)->0K(111104K)
[35.841s][info][gc,heap        ] GC(36) ParOldGen: 667550K(667648K)->667550K(667648K)
[35.841s][info][gc,metaspace   ] GC(36) Metaspace: 16913K(17216K)->16913K(17216K) NonClass: 14756K(14976K)->14756K(14976K) Class: 2156K(2240K)->2156K(2240K)
[35.841s][info][gc             ] GC(36) Pause Full (Allocation Failure) 760M->760M(869M) 651.879ms
[35.841s][info][gc,cpu         ] GC(36) User=1.28s Sys=0.00s Real=0.66s
[35.844s][info][gc,start       ] GC(37) Pause Full (Allocation Failure)
[35.844s][info][gc,phases,start] GC(37) Marking Phase
[36.188s][info][gc,phases      ] GC(37) Marking Phase 344.255ms
[36.188s][info][gc,phases,start] GC(37) Summary Phase
[36.188s][info][gc,phases      ] GC(37) Summary Phase 0.023ms
[36.188s][info][gc,phases,start] GC(37) Forward
[36.210s][info][gc,phases      ] GC(37) Forward 21.658ms
[36.210s][info][gc,phases,start] GC(37) Adjust Pointers
[36.392s][info][gc,phases      ] GC(37) Adjust Pointers 181.898ms
[36.392s][info][gc,phases,start] GC(37) Compaction Phase
[36.484s][info][gc,phases      ] GC(37) Compaction Phase 92.354ms
[36.484s][info][gc,phases,start] GC(37) Post Compact
[36.487s][info][gc,phases      ] GC(37) Post Compact 2.242ms
[36.487s][info][gc,heap        ] GC(37) PSYoungGen: 111615K(222720K)->111458K(222720K) Eden: 111615K(111616K)->111458K(111616K) From: 0K(111104K)->0K(111104K)
[36.487s][info][gc,heap        ] GC(37) ParOldGen: 667550K(667648K)->667550K(667648K)
[36.487s][info][gc,metaspace   ] GC(37) Metaspace: 16913K(17216K)->16913K(17216K) NonClass: 14756K(14976K)->14756K(14976K) Class: 2156K(2240K)->2156K(2240K)
[36.487s][info][gc             ] GC(37) Pause Full (Allocation Failure) 760M->760M(869M) 642.833ms
[36.487s][info][gc,cpu         ] GC(37) User=1.26s Sys=0.00s Real=0.64s
[36.490s][info][gc,start       ] GC(38) Pause Full (Allocation Failure)
[36.490s][info][gc,phases,start] GC(38) Marking Phase
[36.835s][info][gc,phases      ] GC(38) Marking Phase 345.368ms
[36.835s][info][gc,phases,start] GC(38) Summary Phase
[36.835s][info][gc,phases      ] GC(38) Summary Phase 0.023ms
[36.835s][info][gc,phases,start] GC(38) Forward
[36.857s][info][gc,phases      ] GC(38) Forward 21.683ms
[36.857s][info][gc,phases,start] GC(38) Adjust Pointers
[37.039s][info][gc,phases      ] GC(38) Adjust Pointers 182.281ms
[37.039s][info][gc,phases,start] GC(38) Compaction Phase
[37.133s][info][gc,phases      ] GC(38) Compaction Phase 93.398ms
[37.133s][info][gc,phases,start] GC(38) Post Compact
[37.135s][info][gc,phases      ] GC(38) Post Compact 2.263ms
[37.135s][info][gc,heap        ] GC(38) PSYoungGen: 111616K(222720K)->111489K(222720K) Eden: 111616K(111616K)->111489K(111616K) From: 0K(111104K)->0K(111104K)
[37.135s][info][gc,heap        ] GC(38) ParOldGen: 667550K(667648K)->667550K(667648K)
[37.135s][info][gc,metaspace   ] GC(38) Metaspace: 16913K(17216K)->16913K(17216K) NonClass: 14756K(14976K)->14756K(14976K) Class: 2156K(2240K)->2156K(2240K)
[37.135s][info][gc             ] GC(38) Pause Full (Allocation Failure) 760M->760M(869M) 645.458ms
[37.135s][info][gc,cpu         ] GC(38) User=1.26s Sys=0.00s Real=0.64s
[37.136s][info][gc,start       ] GC(39) Pause Full (Allocation Failure)
[37.137s][info][gc,phases,start] GC(39) Marking Phase
[37.478s][info][gc,phases      ] GC(39) Marking Phase 341.154ms
[37.478s][info][gc,phases,start] GC(39) Summary Phase
[37.478s][info][gc,phases      ] GC(39) Summary Phase 0.024ms
[37.478s][info][gc,phases,start] GC(39) Forward
[37.499s][info][gc,phases      ] GC(39) Forward 21.130ms
[37.499s][info][gc,phases,start] GC(39) Adjust Pointers
[37.680s][info][gc,phases      ] GC(39) Adjust Pointers 181.075ms
[37.680s][info][gc,phases,start] GC(39) Compaction Phase
[37.773s][info][gc,phases      ] GC(39) Compaction Phase 92.859ms
[37.773s][info][gc,phases,start] GC(39) Post Compact
[37.775s][info][gc,phases      ] GC(39) Post Compact 2.275ms
[37.775s][info][gc,heap        ] GC(39) PSYoungGen: 111616K(222720K)->111512K(222720K) Eden: 111616K(111616K)->111512K(111616K) From: 0K(111104K)->0K(111104K)
[37.775s][info][gc,heap        ] GC(39) ParOldGen: 667550K(667648K)->667550K(667648K)
[37.775s][info][gc,metaspace   ] GC(39) Metaspace: 16913K(17216K)->16913K(17216K) NonClass: 14756K(14976K)->14756K(14976K) Class: 2156K(2240K)->2156K(2240K)
[37.775s][info][gc             ] GC(39) Pause Full (Allocation Failure) 760M->760M(869M) 638.881ms
[37.775s][info][gc,cpu         ] GC(39) User=1.25s Sys=0.00s Real=0.64s
[37.777s][info][gc,start       ] GC(40) Pause Full (Allocation Failure)
[37.777s][info][gc,phases,start] GC(40) Marking Phase
[38.124s][info][gc,phases      ] GC(40) Marking Phase 346.946ms
[38.124s][info][gc,phases,start] GC(40) Summary Phase
[38.124s][info][gc,phases      ] GC(40) Summary Phase 0.024ms
[38.124s][info][gc,phases,start] GC(40) Forward
[38.146s][info][gc,phases      ] GC(40) Forward 22.316ms
[38.146s][info][gc,phases,start] GC(40) Adjust Pointers
[38.328s][info][gc,phases      ] GC(40) Adjust Pointers 182.381ms
[38.328s][info][gc,phases,start] GC(40) Compaction Phase
[38.423s][info][gc,phases      ] GC(40) Compaction Phase 94.812ms
[38.423s][info][gc,phases,start] GC(40) Post Compact
[38.426s][info][gc,phases      ] GC(40) Post Compact 2.246ms
[38.426s][info][gc,heap        ] GC(40) PSYoungGen: 111616K(222720K)->111531K(222720K) Eden: 111616K(111616K)->111531K(111616K) From: 0K(111104K)->0K(111104K)
[38.426s][info][gc,heap        ] GC(40) ParOldGen: 667550K(667648K)->667550K(667648K)
[38.426s][info][gc,metaspace   ] GC(40) Metaspace: 16913K(17216K)->16913K(17216K) NonClass: 14756K(14976K)->14756K(14976K) Class: 2156K(2240K)->2156K(2240K)
[38.426s][info][gc             ] GC(40) Pause Full (Allocation Failure) 760M->760M(869M) 649.158ms
[38.426s][info][gc,cpu         ] GC(40) User=1.27s Sys=0.00s Real=0.65s
[38.428s][info][gc,start       ] GC(41) Pause Full (Allocation Failure)
[38.429s][info][gc,phases,start] GC(41) Marking Phase
[38.771s][info][gc,phases      ] GC(41) Marking Phase 342.121ms
[38.771s][info][gc,phases,start] GC(41) Summary Phase
[38.771s][info][gc,phases      ] GC(41) Summary Phase 0.024ms
[38.771s][info][gc,phases,start] GC(41) Forward
[38.792s][info][gc,phases      ] GC(41) Forward 21.311ms
[38.792s][info][gc,phases,start] GC(41) Adjust Pointers
[38.974s][info][gc,phases      ] GC(41) Adjust Pointers 181.473ms
[38.974s][info][gc,phases,start] GC(41) Compaction Phase
[39.067s][info][gc,phases      ] GC(41) Compaction Phase 93.183ms
[39.067s][info][gc,phases,start] GC(41) Post Compact
[39.069s][info][gc,phases      ] GC(41) Post Compact 2.236ms
[39.069s][info][gc,heap        ] GC(41) PSYoungGen: 111616K(222720K)->111548K(222720K) Eden: 111616K(111616K)->111548K(111616K) From: 0K(111104K)->0K(111104K)
[39.069s][info][gc,heap        ] GC(41) ParOldGen: 667550K(667648K)->667550K(667648K)
[39.069s][info][gc,metaspace   ] GC(41) Metaspace: 16913K(17216K)->16913K(17216K) NonClass: 14756K(14976K)->14756K(14976K) Class: 2156K(2240K)->2156K(2240K)
[39.069s][info][gc             ] GC(41) Pause Full (Allocation Failure) 760M->760M(869M) 640.696ms
[39.069s][info][gc,cpu         ] GC(41) User=1.26s Sys=0.00s Real=0.64s
[39.073s][info][gc,start       ] GC(42) Pause Full (Allocation Failure)
[39.073s][info][gc,phases,start] GC(42) Marking Phase
[39.411s][info][gc,phases      ] GC(42) Marking Phase 338.125ms
[39.411s][info][gc,phases,start] GC(42) Summary Phase
[39.411s][info][gc,phases      ] GC(42) Summary Phase 0.022ms
[39.411s][info][gc,phases,start] GC(42) Forward
[39.432s][info][gc,phases      ] GC(42) Forward 21.088ms
[39.432s][info][gc,phases,start] GC(42) Adjust Pointers
[39.612s][info][gc,phases      ] GC(42) Adjust Pointers 179.888ms
[39.612s][info][gc,phases,start] GC(42) Compaction Phase
[39.706s][info][gc,phases      ] GC(42) Compaction Phase 93.944ms
[39.706s][info][gc,phases,start] GC(42) Post Compact
[39.708s][info][gc,phases      ] GC(42) Post Compact 2.280ms
[39.708s][info][gc,heap        ] GC(42) PSYoungGen: 111616K(222720K)->111560K(222720K) Eden: 111616K(111616K)->111560K(111616K) From: 0K(111104K)->0K(111104K)
[39.708s][info][gc,heap        ] GC(42) ParOldGen: 667550K(667648K)->667550K(667648K)
[39.708s][info][gc,metaspace   ] GC(42) Metaspace: 16913K(17216K)->16913K(17216K) NonClass: 14756K(14976K)->14756K(14976K) Class: 2156K(2240K)->2156K(2240K)
[39.708s][info][gc             ] GC(42) Pause Full (Allocation Failure) 760M->760M(869M) 635.713ms
[39.708s][info][gc,cpu         ] GC(42) User=1.25s Sys=0.00s Real=0.63s
[39.710s][info][gc,start       ] GC(43) Pause Full (Allocation Failure)
[39.710s][info][gc,phases,start] GC(43) Marking Phase
[40.063s][info][gc,phases      ] GC(43) Marking Phase 353.655ms
[40.063s][info][gc,phases,start] GC(43) Summary Phase
[40.063s][info][gc,phases      ] GC(43) Summary Phase 0.022ms
[40.063s][info][gc,phases,start] GC(43) Forward
[40.085s][info][gc,phases      ] GC(43) Forward 21.554ms
[40.085s][info][gc,phases,start] GC(43) Adjust Pointers
[40.266s][info][gc,phases      ] GC(43) Adjust Pointers 181.072ms
[40.266s][info][gc,phases,start] GC(43) Compaction Phase
[40.359s][info][gc,phases      ] GC(43) Compaction Phase 92.939ms
[40.359s][info][gc,phases,start] GC(43) Post Compact
[40.361s][info][gc,phases      ] GC(43) Post Compact 2.252ms
[40.361s][info][gc,heap        ] GC(43) PSYoungGen: 111615K(222720K)->111570K(222720K) Eden: 111615K(111616K)->111570K(111616K) From: 0K(111104K)->0K(111104K)
[40.361s][info][gc,heap        ] GC(43) ParOldGen: 667550K(667648K)->667550K(667648K)
[40.362s][info][gc,metaspace   ] GC(43) Metaspace: 16913K(17216K)->16913K(17216K) NonClass: 14756K(14976K)->14756K(14976K) Class: 2156K(2240K)->2156K(2240K)
[40.362s][info][gc             ] GC(43) Pause Full (Allocation Failure) 760M->760M(869M) 651.937ms
[40.362s][info][gc,cpu         ] GC(43) User=1.28s Sys=0.01s Real=0.65s
[40.363s][info][gc,start       ] GC(44) Pause Full (Allocation Failure)
[40.363s][info][gc,phases,start] GC(44) Marking Phase
[40.704s][info][gc,phases      ] GC(44) Marking Phase 341.121ms
[40.704s][info][gc,phases,start] GC(44) Summary Phase
[40.704s][info][gc,phases      ] GC(44) Summary Phase 0.022ms
[40.704s][info][gc,phases,start] GC(44) Forward
[40.725s][info][gc,phases      ] GC(44) Forward 21.477ms
[40.725s][info][gc,phases,start] GC(44) Adjust Pointers
[40.908s][info][gc,phases      ] GC(44) Adjust Pointers 182.416ms
[40.908s][info][gc,phases,start] GC(44) Compaction Phase
[41.001s][info][gc,phases      ] GC(44) Compaction Phase 92.700ms
[41.001s][info][gc,phases,start] GC(44) Post Compact
[41.003s][info][gc,phases      ] GC(44) Post Compact 2.254ms
[41.003s][info][gc,heap        ] GC(44) PSYoungGen: 111616K(222720K)->111578K(222720K) Eden: 111616K(111616K)->111578K(111616K) From: 0K(111104K)->0K(111104K)
[41.003s][info][gc,heap        ] GC(44) ParOldGen: 667550K(667648K)->667550K(667648K)
[41.003s][info][gc,metaspace   ] GC(44) Metaspace: 16913K(17216K)->16913K(17216K) NonClass: 14756K(14976K)->14756K(14976K) Class: 2156K(2240K)->2156K(2240K)
[41.003s][info][gc             ] GC(44) Pause Full (Allocation Failure) 760M->760M(869M) 640.391ms
[41.003s][info][gc,cpu         ] GC(44) User=1.26s Sys=0.00s Real=0.64s
[41.006s][info][gc,start       ] GC(45) Pause Full (Allocation Failure)
[41.007s][info][gc,phases,start] GC(45) Marking Phase
[41.347s][info][gc,phases      ] GC(45) Marking Phase 340.037ms
[41.347s][info][gc,phases,start] GC(45) Summary Phase
[41.347s][info][gc,phases      ] GC(45) Summary Phase 0.024ms
[41.347s][info][gc,phases,start] GC(45) Forward
[41.368s][info][gc,phases      ] GC(45) Forward 21.329ms
[41.368s][info][gc,phases,start] GC(45) Adjust Pointers
[41.549s][info][gc,phases      ] GC(45) Adjust Pointers 180.978ms
[41.549s][info][gc,phases,start] GC(45) Compaction Phase
[41.644s][info][gc,phases      ] GC(45) Compaction Phase 94.724ms
[41.644s][info][gc,phases,start] GC(45) Post Compact
[41.646s][info][gc,phases      ] GC(45) Post Compact 2.273ms
[41.646s][info][gc,heap        ] GC(45) PSYoungGen: 111615K(222720K)->111584K(222720K) Eden: 111615K(111616K)->111584K(111616K) From: 0K(111104K)->0K(111104K)
[41.646s][info][gc,heap        ] GC(45) ParOldGen: 667550K(667648K)->667550K(667648K)
[41.646s][info][gc,metaspace   ] GC(45) Metaspace: 16913K(17216K)->16913K(17216K) NonClass: 14756K(14976K)->14756K(14976K) Class: 2156K(2240K)->2156K(2240K)
[41.646s][info][gc             ] GC(45) Pause Full (Allocation Failure) 760M->760M(869M) 639.753ms
[41.646s][info][gc,cpu         ] GC(45) User=1.26s Sys=0.00s Real=0.64s
[41.649s][info][gc,start       ] GC(46) Pause Full (Allocation Failure)
[41.649s][info][gc,phases,start] GC(46) Marking Phase
[41.989s][info][gc,phases      ] GC(46) Marking Phase 339.179ms
[41.989s][info][gc,phases,start] GC(46) Summary Phase
[41.989s][info][gc,phases      ] GC(46) Summary Phase 0.024ms
[41.989s][info][gc,phases,start] GC(46) Forward
[42.010s][info][gc,phases      ] GC(46) Forward 20.965ms
[42.010s][info][gc,phases,start] GC(46) Adjust Pointers
[42.189s][info][gc,phases      ] GC(46) Adjust Pointers 179.465ms
[42.189s][info][gc,phases,start] GC(46) Compaction Phase
[42.283s][info][gc,phases      ] GC(46) Compaction Phase 93.623ms
[42.283s][info][gc,phases,start] GC(46) Post Compact
[42.285s][info][gc,phases      ] GC(46) Post Compact 2.256ms
[42.285s][info][gc,heap        ] GC(46) PSYoungGen: 111616K(222720K)->111589K(222720K) Eden: 111616K(111616K)->111589K(111616K) From: 0K(111104K)->0K(111104K)
[42.285s][info][gc,heap        ] GC(46) ParOldGen: 667550K(667648K)->667550K(667648K)
[42.285s][info][gc,metaspace   ] GC(46) Metaspace: 16913K(17216K)->16913K(17216K) NonClass: 14756K(14976K)->14756K(14976K) Class: 2156K(2240K)->2156K(2240K)
[42.285s][info][gc             ] GC(46) Pause Full (Allocation Failure) 760M->760M(869M) 635.935ms
[42.285s][info][gc,cpu         ] GC(46) User=1.25s Sys=0.00s Real=0.64s
[42.289s][info][gc,start       ] GC(47) Pause Full (Allocation Failure)
[42.289s][info][gc,phases,start] GC(47) Marking Phase
[42.629s][info][gc,phases      ] GC(47) Marking Phase 340.212ms
[42.629s][info][gc,phases,start] GC(47) Summary Phase
[42.629s][info][gc,phases      ] GC(47) Summary Phase 0.024ms
[42.629s][info][gc,phases,start] GC(47) Forward
[42.650s][info][gc,phases      ] GC(47) Forward 21.274ms
[42.650s][info][gc,phases,start] GC(47) Adjust Pointers
[42.831s][info][gc,phases      ] GC(47) Adjust Pointers 180.920ms
[42.831s][info][gc,phases,start] GC(47) Compaction Phase
[42.924s][info][gc,phases      ] GC(47) Compaction Phase 93.066ms
[42.924s][info][gc,phases,start] GC(47) Post Compact
[42.927s][info][gc,phases      ] GC(47) Post Compact 2.263ms
[42.927s][info][gc,heap        ] GC(47) PSYoungGen: 111616K(222720K)->111593K(222720K) Eden: 111616K(111616K)->111593K(111616K) From: 0K(111104K)->0K(111104K)
[42.927s][info][gc,heap        ] GC(47) ParOldGen: 667550K(667648K)->667550K(667648K)
[42.927s][info][gc,metaspace   ] GC(47) Metaspace: 16913K(17216K)->16913K(17216K) NonClass: 14756K(14976K)->14756K(14976K) Class: 2156K(2240K)->2156K(2240K)
[42.927s][info][gc             ] GC(47) Pause Full (Allocation Failure) 760M->760M(869M) 638.152ms
[42.927s][info][gc,cpu         ] GC(47) User=1.26s Sys=0.00s Real=0.64s
[42.928s][info][gc,start       ] GC(48) Pause Full (Allocation Failure)
[42.929s][info][gc,phases,start] GC(48) Marking Phase
[43.269s][info][gc,phases      ] GC(48) Marking Phase 340.676ms
[43.269s][info][gc,phases,start] GC(48) Summary Phase
[43.269s][info][gc,phases      ] GC(48) Summary Phase 0.023ms
[43.269s][info][gc,phases,start] GC(48) Forward
[43.293s][info][gc,phases      ] GC(48) Forward 23.265ms
[43.293s][info][gc,phases,start] GC(48) Adjust Pointers
[43.475s][info][gc,phases      ] GC(48) Adjust Pointers 181.886ms
[43.475s][info][gc,phases,start] GC(48) Compaction Phase
[43.568s][info][gc,phases      ] GC(48) Compaction Phase 93.189ms
[43.568s][info][gc,phases,start] GC(48) Post Compact
[43.570s][info][gc,phases      ] GC(48) Post Compact 2.243ms
[43.570s][info][gc,heap        ] GC(48) PSYoungGen: 111615K(222720K)->111597K(222720K) Eden: 111615K(111616K)->111597K(111616K) From: 0K(111104K)->0K(111104K)
[43.570s][info][gc,heap        ] GC(48) ParOldGen: 667550K(667648K)->667550K(667648K)
[43.570s][info][gc,metaspace   ] GC(48) Metaspace: 16913K(17216K)->16913K(17216K) NonClass: 14756K(14976K)->14756K(14976K) Class: 2156K(2240K)->2156K(2240K)
[43.570s][info][gc             ] GC(48) Pause Full (Allocation Failure) 760M->760M(869M) 641.682ms
[43.570s][info][gc,cpu         ] GC(48) User=1.25s Sys=0.00s Real=0.65s
[43.573s][info][gc,start       ] GC(49) Pause Full (Allocation Failure)
[43.573s][info][gc,phases,start] GC(49) Marking Phase
[43.913s][info][gc,phases      ] GC(49) Marking Phase 339.078ms
[43.913s][info][gc,phases,start] GC(49) Summary Phase
[43.913s][info][gc,phases      ] GC(49) Summary Phase 0.023ms
[43.913s][info][gc,phases,start] GC(49) Forward
[43.934s][info][gc,phases      ] GC(49) Forward 21.430ms
[43.934s][info][gc,phases,start] GC(49) Adjust Pointers
[44.117s][info][gc,phases      ] GC(49) Adjust Pointers 182.984ms
[44.117s][info][gc,phases,start] GC(49) Compaction Phase
[44.212s][info][gc,phases      ] GC(49) Compaction Phase 94.379ms
[44.212s][info][gc,phases,start] GC(49) Post Compact
[44.214s][info][gc,phases      ] GC(49) Post Compact 2.241ms
[44.214s][info][gc,heap        ] GC(49) PSYoungGen: 111616K(222720K)->111599K(222720K) Eden: 111616K(111616K)->111599K(111616K) From: 0K(111104K)->0K(111104K)
[44.214s][info][gc,heap        ] GC(49) ParOldGen: 667550K(667648K)->667550K(667648K)
[44.214s][info][gc,metaspace   ] GC(49) Metaspace: 16913K(17216K)->16913K(17216K) NonClass: 14756K(14976K)->14756K(14976K) Class: 2156K(2240K)->2156K(2240K)
[44.214s][info][gc             ] GC(49) Pause Full (Allocation Failure) 760M->760M(869M) 640.554ms
[44.214s][info][gc,cpu         ] GC(49) User=1.26s Sys=0.00s Real=0.64s
[44.218s][info][gc,start       ] GC(50) Pause Full (Allocation Failure)
[44.218s][info][gc,phases,start] GC(50) Marking Phase
[44.560s][info][gc,phases      ] GC(50) Marking Phase 342.666ms
[44.560s][info][gc,phases,start] GC(50) Summary Phase
[44.560s][info][gc,phases      ] GC(50) Summary Phase 0.023ms
[44.560s][info][gc,phases,start] GC(50) Forward
[44.583s][info][gc,phases      ] GC(50) Forward 22.985ms
[44.583s][info][gc,phases,start] GC(50) Adjust Pointers
[44.767s][info][gc,phases      ] GC(50) Adjust Pointers 183.172ms
[44.767s][info][gc,phases,start] GC(50) Compaction Phase
[44.860s][info][gc,phases      ] GC(50) Compaction Phase 93.646ms
[44.860s][info][gc,phases,start] GC(50) Post Compact
[44.863s][info][gc,phases      ] GC(50) Post Compact 2.257ms
[44.863s][info][gc,heap        ] GC(50) PSYoungGen: 111615K(222720K)->111602K(222720K) Eden: 111615K(111616K)->111602K(111616K) From: 0K(111104K)->0K(111104K)
[44.863s][info][gc,heap        ] GC(50) ParOldGen: 667550K(667648K)->667550K(667648K)
[44.863s][info][gc,metaspace   ] GC(50) Metaspace: 16913K(17216K)->16913K(17216K) NonClass: 14756K(14976K)->14756K(14976K) Class: 2156K(2240K)->2156K(2240K)
[44.863s][info][gc             ] GC(50) Pause Full (Allocation Failure) 760M->760M(869M) 645.134ms
[44.863s][info][gc,cpu         ] GC(50) User=1.26s Sys=0.00s Real=0.65s
[44.865s][info][gc,start       ] GC(51) Pause Full (Allocation Failure)
[44.865s][info][gc,phases,start] GC(51) Marking Phase
[45.211s][info][gc,phases      ] GC(51) Marking Phase 345.726ms
[45.211s][info][gc,phases,start] GC(51) Summary Phase
[45.211s][info][gc,phases      ] GC(51) Summary Phase 0.027ms
[45.211s][info][gc,phases,start] GC(51) Forward
[45.233s][info][gc,phases      ] GC(51) Forward 21.883ms
[45.233s][info][gc,phases,start] GC(51) Adjust Pointers
[45.416s][info][gc,phases      ] GC(51) Adjust Pointers 182.749ms
[45.416s][info][gc,phases,start] GC(51) Compaction Phase
[45.508s][info][gc,phases      ] GC(51) Compaction Phase 91.822ms
[45.508s][info][gc,phases,start] GC(51) Post Compact
[45.510s][info][gc,phases      ] GC(51) Post Compact 2.228ms
[45.510s][info][gc,heap        ] GC(51) PSYoungGen: 111615K(222720K)->111605K(222720K) Eden: 111615K(111616K)->111605K(111616K) From: 0K(111104K)->0K(111104K)
[45.510s][info][gc,heap        ] GC(51) ParOldGen: 667550K(667648K)->667550K(667648K)
[45.510s][info][gc,metaspace   ] GC(51) Metaspace: 16913K(17216K)->16913K(17216K) NonClass: 14756K(14976K)->14756K(14976K) Class: 2156K(2240K)->2156K(2240K)
[45.510s][info][gc             ] GC(51) Pause Full (Allocation Failure) 760M->760M(869M) 644.847ms
[45.510s][info][gc,cpu         ] GC(51) User=1.27s Sys=0.00s Real=0.65s
[45.513s][info][gc,start       ] GC(52) Pause Full (Allocation Failure)
[45.513s][info][gc,phases,start] GC(52) Marking Phase
[45.853s][info][gc,phases      ] GC(52) Marking Phase 339.774ms
[45.853s][info][gc,phases,start] GC(52) Summary Phase
[45.853s][info][gc,phases      ] GC(52) Summary Phase 0.023ms
[45.853s][info][gc,phases,start] GC(52) Forward
[45.875s][info][gc,phases      ] GC(52) Forward 21.361ms
[45.875s][info][gc,phases,start] GC(52) Adjust Pointers
[46.056s][info][gc,phases      ] GC(52) Adjust Pointers 181.437ms
[46.056s][info][gc,phases,start] GC(52) Compaction Phase
[46.148s][info][gc,phases      ] GC(52) Compaction Phase 91.872ms
[46.148s][info][gc,phases,start] GC(52) Post Compact
[46.150s][info][gc,phases      ] GC(52) Post Compact 2.223ms
[46.150s][info][gc,heap        ] GC(52) PSYoungGen: 111615K(222720K)->111607K(222720K) Eden: 111615K(111616K)->111607K(111616K) From: 0K(111104K)->0K(111104K)
[46.150s][info][gc,heap        ] GC(52) ParOldGen: 667550K(667648K)->667550K(667648K)
[46.150s][info][gc,metaspace   ] GC(52) Metaspace: 16913K(17216K)->16913K(17216K) NonClass: 14756K(14976K)->14756K(14976K) Class: 2156K(2240K)->2156K(2240K)
[46.150s][info][gc             ] GC(52) Pause Full (Allocation Failure) 760M->760M(869M) 637.087ms
[46.150s][info][gc,cpu         ] GC(52) User=1.25s Sys=0.00s Real=0.64s
[46.153s][info][gc,start       ] GC(53) Pause Full (Allocation Failure)
[46.153s][info][gc,phases,start] GC(53) Marking Phase
[46.498s][info][gc,phases      ] GC(53) Marking Phase 344.750ms
[46.498s][info][gc,phases,start] GC(53) Summary Phase
[46.498s][info][gc,phases      ] GC(53) Summary Phase 0.023ms
[46.498s][info][gc,phases,start] GC(53) Forward
[46.521s][info][gc,phases      ] GC(53) Forward 22.658ms
[46.521s][info][gc,phases,start] GC(53) Adjust Pointers
[46.702s][info][gc,phases      ] GC(53) Adjust Pointers 181.196ms
[46.702s][info][gc,phases,start] GC(53) Compaction Phase
[46.795s][info][gc,phases      ] GC(53) Compaction Phase 93.243ms
[46.795s][info][gc,phases,start] GC(53) Post Compact
[46.797s][info][gc,phases      ] GC(53) Post Compact 2.290ms
[46.798s][info][gc,heap        ] GC(53) PSYoungGen: 111615K(222720K)->111608K(222720K) Eden: 111615K(111616K)->111608K(111616K) From: 0K(111104K)->0K(111104K)
[46.798s][info][gc,heap        ] GC(53) ParOldGen: 667550K(667648K)->667550K(667648K)
[46.798s][info][gc,metaspace   ] GC(53) Metaspace: 16913K(17216K)->16913K(17216K) NonClass: 14756K(14976K)->14756K(14976K) Class: 2156K(2240K)->2156K(2240K)
[46.798s][info][gc             ] GC(53) Pause Full (Allocation Failure) 760M->760M(869M) 644.554ms
[46.798s][info][gc,cpu         ] GC(53) User=1.26s Sys=0.00s Real=0.64s
[46.801s][info][gc,start       ] GC(54) Pause Full (Allocation Failure)
[46.801s][info][gc,phases,start] GC(54) Marking Phase
[47.144s][info][gc,phases      ] GC(54) Marking Phase 342.483ms
[47.144s][info][gc,phases,start] GC(54) Summary Phase
[47.144s][info][gc,phases      ] GC(54) Summary Phase 0.022ms
[47.144s][info][gc,phases,start] GC(54) Forward
[47.165s][info][gc,phases      ] GC(54) Forward 21.188ms
[47.165s][info][gc,phases,start] GC(54) Adjust Pointers
[47.347s][info][gc,phases      ] GC(54) Adjust Pointers 181.475ms
[47.347s][info][gc,phases,start] GC(54) Compaction Phase
[47.440s][info][gc,phases      ] GC(54) Compaction Phase 93.423ms
[47.440s][info][gc,phases,start] GC(54) Post Compact
[47.442s][info][gc,phases      ] GC(54) Post Compact 2.254ms
[47.442s][info][gc,heap        ] GC(54) PSYoungGen: 111616K(222720K)->111610K(222720K) Eden: 111616K(111616K)->111610K(111616K) From: 0K(111104K)->0K(111104K)
[47.442s][info][gc,heap        ] GC(54) ParOldGen: 667550K(667648K)->667550K(667648K)
[47.442s][info][gc,metaspace   ] GC(54) Metaspace: 16913K(17216K)->16913K(17216K) NonClass: 14756K(14976K)->14756K(14976K) Class: 2156K(2240K)->2156K(2240K)
[47.442s][info][gc             ] GC(54) Pause Full (Allocation Failure) 760M->760M(869M) 641.240ms
[47.442s][info][gc,cpu         ] GC(54) User=1.26s Sys=0.01s Real=0.64s
[47.443s][info][gc,start       ] GC(55) Pause Full (Allocation Failure)
[47.443s][info][gc,phases,start] GC(55) Marking Phase
[47.785s][info][gc,phases      ] GC(55) Marking Phase 342.458ms
[47.785s][info][gc,phases,start] GC(55) Summary Phase
[47.785s][info][gc,phases      ] GC(55) Summary Phase 0.022ms
[47.785s][info][gc,phases,start] GC(55) Forward
[47.807s][info][gc,phases      ] GC(55) Forward 21.378ms
[47.807s][info][gc,phases,start] GC(55) Adjust Pointers
[47.989s][info][gc,phases      ] GC(55) Adjust Pointers 181.799ms
[47.989s][info][gc,phases,start] GC(55) Compaction Phase
[48.082s][info][gc,phases      ] GC(55) Compaction Phase 93.360ms
[48.082s][info][gc,phases,start] GC(55) Post Compact
[48.085s][info][gc,phases      ] GC(55) Post Compact 2.310ms
[48.085s][info][gc,heap        ] GC(55) PSYoungGen: 111616K(222720K)->111611K(222720K) Eden: 111616K(111616K)->111611K(111616K) From: 0K(111104K)->0K(111104K)
[48.085s][info][gc,heap        ] GC(55) ParOldGen: 667550K(667648K)->667550K(667648K)
[48.085s][info][gc,metaspace   ] GC(55) Metaspace: 16913K(17216K)->16913K(17216K) NonClass: 14756K(14976K)->14756K(14976K) Class: 2156K(2240K)->2156K(2240K)
[48.085s][info][gc             ] GC(55) Pause Full (Allocation Failure) 760M->760M(869M) 641.725ms
[48.085s][info][gc,cpu         ] GC(55) User=1.26s Sys=0.00s Real=0.64s
[48.085s][info][gc,start       ] GC(56) Pause Full (Allocation Failure)
[48.085s][info][gc,phases,start] GC(56) Marking Phase
[48.437s][info][gc,phases      ] GC(56) Marking Phase 351.657ms
[48.437s][info][gc,phases,start] GC(56) Summary Phase
[48.437s][info][gc,phases      ] GC(56) Summary Phase 0.028ms
[48.437s][info][gc,phases,start] GC(56) Forward
[48.542s][info][gc,phases      ] GC(56) Forward 104.867ms
[48.542s][info][gc,phases,start] GC(56) Adjust Pointers
[48.760s][info][gc,phases      ] GC(56) Adjust Pointers 218.702ms
[48.761s][info][gc,phases,start] GC(56) Compaction Phase
[48.915s][info][gc,phases      ] GC(56) Compaction Phase 154.286ms
[48.915s][info][gc,phases,start] GC(56) Post Compact
[48.918s][info][metaspace      ] ChkMgr @0x00007f820c03ec70 (non-class-space): : reclaiming memory...
[48.918s][info][metaspace      ] ChkMgr @0x00007f820c03ec70 (non-class-space): nothing reclaimed.
[48.918s][info][metaspace      ] ChkMgr @0x00007f820c03ea80 (class-space): : reclaiming memory...
[48.918s][info][metaspace      ] ChkMgr @0x00007f820c03ea80 (class-space): nothing reclaimed.
[48.918s][info][gc,phases      ] GC(56) Post Compact 2.452ms
[48.918s][info][gc,heap        ] GC(56) PSYoungGen: 111616K(222720K)->69115K(222720K) Eden: 111616K(111616K)->69115K(111616K) From: 0K(111104K)->0K(111104K)
[48.918s][info][gc,heap        ] GC(56) ParOldGen: 667550K(667648K)->667495K(667648K)
[48.918s][info][gc,metaspace   ] GC(56) Metaspace: 16913K(17216K)->16813K(17216K) NonClass: 14756K(14976K)->14656K(14976K) Class: 2156K(2240K)->2156K(2240K)
[48.918s][info][gc             ] GC(56) Pause Full (Allocation Failure) 760M->719M(869M) 832.802ms
[48.918s][info][gc,cpu         ] GC(56) User=1.62s Sys=0.00s Real=0.83s
[48.978s][info][gc,start       ] GC(57) Pause Full (Allocation Failure)
[48.979s][info][gc,phases,start] GC(57) Marking Phase
[49.191s][info][gc,phases      ] GC(57) Marking Phase 212.865ms
[49.191s][info][gc,phases,start] GC(57) Summary Phase
[49.191s][info][gc,phases      ] GC(57) Summary Phase 0.025ms
[49.191s][info][gc,phases,start] GC(57) Forward
[49.287s][info][gc,phases      ] GC(57) Forward 95.653ms
[49.287s][info][gc,phases,start] GC(57) Adjust Pointers
[49.413s][info][gc,phases      ] GC(57) Adjust Pointers 125.521ms
[49.413s][info][gc,phases,start] GC(57) Compaction Phase
[49.516s][info][gc,phases      ] GC(57) Compaction Phase 103.063ms
[49.516s][info][gc,phases,start] GC(57) Post Compact
[49.518s][info][gc,phases      ] GC(57) Post Compact 2.263ms
[49.531s][info][gc,heap        ] GC(57) PSYoungGen: 111615K(222720K)->0K(222720K) Eden: 111615K(111616K)->0K(111616K) From: 0K(111104K)->0K(111104K)
[49.531s][info][gc,heap        ] GC(57) ParOldGen: 667495K(667648K)->292629K(504320K)
[49.531s][info][gc,metaspace   ] GC(57) Metaspace: 16813K(17216K)->16813K(17216K) NonClass: 14656K(14976K)->14656K(14976K) Class: 2156K(2240K)->2156K(2240K)
[49.531s][info][gc             ] GC(57) Pause Full (Allocation Failure) 760M->285M(710M) 552.938ms
[49.531s][info][gc,cpu         ] GC(57) User=0.99s Sys=0.01s Real=0.56s
[49.715s][info][gc,start       ] GC(58) Pause Young (Allocation Failure)
[49.747s][info][gc,heap        ] GC(58) PSYoungGen: 111616K(222720K)->31228K(222720K) Eden: 111616K(111616K)->0K(111616K) From: 0K(111104K)->31228K(111104K)
[49.747s][info][gc,heap        ] GC(58) ParOldGen: 292629K(504320K)->292629K(504320K)
[49.747s][info][gc,metaspace   ] GC(58) Metaspace: 16814K(17216K)->16814K(17216K) NonClass: 14656K(14976K)->14656K(14976K) Class: 2157K(2240K)->2157K(2240K)
[49.747s][info][gc             ] GC(58) Pause Young (Allocation Failure) 394M->316M(710M) 31.362ms
[49.747s][info][gc,cpu         ] GC(58) User=0.06s Sys=0.00s Real=0.03s
[50.057s][info][gc,start       ] GC(59) Pause Young (Allocation Failure)
[50.117s][info][gc,heap        ] GC(59) PSYoungGen: 142844K(222720K)->16704K(222720K) Eden: 111616K(111616K)->0K(111616K) From: 31228K(111104K)->16704K(111104K)
[50.117s][info][gc,heap        ] GC(59) ParOldGen: 292629K(504320K)->324744K(504320K)
[50.117s][info][gc,metaspace   ] GC(59) Metaspace: 16814K(17216K)->16814K(17216K) NonClass: 14656K(14976K)->14656K(14976K) Class: 2157K(2240K)->2157K(2240K)
[50.117s][info][gc             ] GC(59) Pause Young (Allocation Failure) 425M->333M(710M) 59.871ms
[50.117s][info][gc,cpu         ] GC(59) User=0.11s Sys=0.00s Real=0.06s
[50.373s][info][gc,start       ] GC(60) Pause Young (Allocation Failure)
[50.401s][info][gc,heap        ] GC(60) PSYoungGen: 128320K(222720K)->1024K(222720K) Eden: 111616K(111616K)->0K(111616K) From: 16704K(111104K)->1024K(111104K)
[50.401s][info][gc,heap        ] GC(60) ParOldGen: 324744K(504320K)->341856K(504320K)
[50.401s][info][gc,metaspace   ] GC(60) Metaspace: 16814K(17216K)->16814K(17216K) NonClass: 14656K(14976K)->14656K(14976K) Class: 2157K(2240K)->2157K(2240K)
[50.401s][info][gc             ] GC(60) Pause Young (Allocation Failure) 442M->334M(710M) 27.556ms
[50.401s][info][gc,cpu         ] GC(60) User=0.06s Sys=0.00s Real=0.03s
[51.154s][info][gc,start       ] GC(61) Pause Young (Allocation Failure)
[51.210s][info][gc,heap        ] GC(61) PSYoungGen: 112640K(222720K)->30953K(222720K) Eden: 111616K(111616K)->0K(111616K) From: 1024K(111104K)->30953K(111104K)
[51.210s][info][gc,heap        ] GC(61) ParOldGen: 341856K(504320K)->342856K(504320K)
[51.210s][info][gc,metaspace   ] GC(61) Metaspace: 16914K(17216K)->16914K(17216K) NonClass: 14728K(14976K)->14728K(14976K) Class: 2186K(2240K)->2186K(2240K)
[51.210s][info][gc             ] GC(61) Pause Young (Allocation Failure) 443M->365M(710M) 56.088ms
[51.210s][info][gc,cpu         ] GC(61) User=0.11s Sys=0.00s Real=0.06s
[51.757s][info][gc,start       ] GC(62) Pause Young (Allocation Failure)
[51.869s][info][gc,heap        ] GC(62) PSYoungGen: 142569K(222720K)->64224K(222720K) Eden: 111616K(111616K)->0K(111616K) From: 30953K(111104K)->64224K(111104K)
[51.869s][info][gc,heap        ] GC(62) ParOldGen: 342856K(504320K)->373700K(504320K)
[51.869s][info][gc,metaspace   ] GC(62) Metaspace: 17042K(17280K)->17042K(17280K) NonClass: 14846K(15040K)->14846K(15040K) Class: 2196K(2240K)->2196K(2240K)
[51.869s][info][gc             ] GC(62) Pause Young (Allocation Failure) 474M->427M(710M) 111.698ms
[51.869s][info][gc,cpu         ] GC(62) User=0.23s Sys=0.00s Real=0.11s
[52.190s][info][gc,start       ] GC(63) Pause Young (Allocation Failure)
[52.278s][info][gc,heap        ] GC(63) PSYoungGen: 168047K(222720K)->45948K(222720K) Eden: 103823K(111616K)->0K(111616K) From: 64224K(111104K)->45948K(111104K)
[52.278s][info][gc,heap        ] GC(63) ParOldGen: 373700K(504320K)->438149K(504320K)
[52.278s][info][gc,metaspace   ] GC(63) Metaspace: 17072K(17344K)->17072K(17344K) NonClass: 14874K(15104K)->14874K(15104K) Class: 2198K(2240K)->2198K(2240K)
[52.278s][info][gc             ] GC(63) Pause Young (Allocation Failure) 529M->472M(710M) 87.484ms
[52.278s][info][gc,cpu         ] GC(63) User=0.17s Sys=0.00s Real=0.08s
[52.742s][info][gc,start       ] GC(64) Pause Young (Allocation Failure)
[52.780s][info][gc,heap        ] GC(64) PSYoungGen: 148634K(222720K)->24834K(222720K) Eden: 102686K(111616K)->0K(111616K) From: 45948K(111104K)->24834K(111104K)
[52.780s][info][gc,heap        ] GC(64) ParOldGen: 438149K(504320K)->484679K(504320K)
[52.780s][info][gc,metaspace   ] GC(64) Metaspace: 17237K(17536K)->17237K(17536K) NonClass: 15029K(15232K)->15029K(15232K) Class: 2208K(2304K)->2208K(2304K)
[52.781s][info][gc             ] GC(64) Pause Young (Allocation Failure) 573M->497M(710M) 38.883ms
[52.781s][info][gc,cpu         ] GC(64) User=0.07s Sys=0.00s Real=0.04s
[54.452s][info][gc,start       ] GC(65) Pause Young (Allocation Failure)
[54.478s][info][gc,heap        ] GC(65) PSYoungGen: 136450K(222720K)->39549K(222720K) Eden: 111616K(111616K)->0K(111616K) From: 24834K(111104K)->39549K(111104K)
[54.478s][info][gc,heap        ] GC(65) ParOldGen: 484679K(504320K)->509390K(517632K)
[54.478s][info][gc,metaspace   ] GC(65) Metaspace: 17271K(17536K)->17271K(17536K) NonClass: 15062K(15232K)->15062K(15232K) Class: 2209K(2304K)->2209K(2304K)
[54.478s][info][gc             ] GC(65) Pause Young (Allocation Failure) 606M->536M(723M) 26.290ms
[54.478s][info][gc,cpu         ] GC(65) User=0.05s Sys=0.00s Real=0.02s
[56.475s][info][gc,start       ] GC(66) Pause Young (Allocation Failure)
[56.519s][info][gc,heap        ] GC(66) PSYoungGen: 147786K(222720K)->57261K(222720K) Eden: 108236K(111616K)->0K(111616K) From: 39549K(111104K)->57261K(111104K)
[56.519s][info][gc,heap        ] GC(66) ParOldGen: 509390K(517632K)->548418K(548864K)
[56.519s][info][gc,metaspace   ] GC(66) Metaspace: 17288K(17536K)->17288K(17536K) NonClass: 15078K(15232K)->15078K(15232K) Class: 2209K(2304K)->2209K(2304K)
[56.519s][info][gc             ] GC(66) Pause Young (Allocation Failure) 641M->591M(753M) 44.428ms
[56.519s][info][gc,cpu         ] GC(66) User=0.05s Sys=0.03s Real=0.04s
[57.295s][info][gc,start       ] GC(67) Pause Young (Allocation Failure)
[57.332s][info][gc,heap        ] GC(67) PSYoungGen: 167007K(222720K)->31330K(222720K) Eden: 109745K(111616K)->0K(111616K) From: 57261K(111104K)->31330K(111104K)
[57.332s][info][gc,heap        ] GC(67) ParOldGen: 548418K(548864K)->599359K(600576K)
[57.332s][info][gc,metaspace   ] GC(67) Metaspace: 17307K(17536K)->17307K(17536K) NonClass: 15097K(15232K)->15097K(15232K) Class: 2209K(2304K)->2209K(2304K)
[57.332s][info][gc             ] GC(67) Pause Young (Allocation Failure) 698M->615M(804M) 37.679ms
[57.332s][info][gc,cpu         ] GC(67) User=0.03s Sys=0.05s Real=0.04s
[57.910s][info][gc,start       ] GC(68) Pause Full (Allocation Failure)
[57.910s][info][gc,phases,start] GC(68) Marking Phase
[58.196s][info][gc,phases      ] GC(68) Marking Phase 285.933ms
[58.196s][info][gc,phases,start] GC(68) Summary Phase
[58.196s][info][gc,phases      ] GC(68) Summary Phase 0.027ms
[58.196s][info][gc,phases,start] GC(68) Forward
[58.303s][info][gc,phases      ] GC(68) Forward 107.559ms
[58.303s][info][gc,phases,start] GC(68) Adjust Pointers
[58.490s][info][gc,phases      ] GC(68) Adjust Pointers 186.726ms
[58.490s][info][gc,phases,start] GC(68) Compaction Phase
[58.648s][info][gc,phases      ] GC(68) Compaction Phase 157.948ms
[58.648s][info][gc,phases,start] GC(68) Post Compact
[58.651s][info][gc,phases      ] GC(68) Post Compact 2.685ms
[58.651s][info][gc,heap        ] GC(68) PSYoungGen: 134061K(222720K)->0K(222720K) Eden: 102731K(111616K)->0K(111616K) From: 31330K(111104K)->0K(111104K)
[58.651s][info][gc,heap        ] GC(68) ParOldGen: 599359K(600576K)->570102K(667648K)
[58.651s][info][gc,metaspace   ] GC(68) Metaspace: 17307K(17536K)->17307K(17536K) NonClass: 15097K(15232K)->15097K(15232K) Class: 2209K(2304K)->2209K(2304K)
[58.651s][info][gc             ] GC(68) Pause Full (Allocation Failure) 716M->556M(869M) 741.585ms
[58.651s][info][gc,cpu         ] GC(68) User=1.41s Sys=0.00s Real=0.74s
[59.121s][info][gc,start       ] GC(69) Pause Full (Allocation Failure)
[59.121s][info][gc,phases,start] GC(69) Marking Phase
[59.135s][info][gc,phases      ] GC(69) Marking Phase 14.329ms
[59.135s][info][gc,phases,start] GC(69) Summary Phase
[59.135s][info][gc,phases      ] GC(69) Summary Phase 0.023ms
[59.135s][info][gc,phases,start] GC(69) Forward
[59.136s][info][gc,phases      ] GC(69) Forward 1.000ms
[59.136s][info][gc,phases,start] GC(69) Adjust Pointers
[59.143s][info][gc,phases      ] GC(69) Adjust Pointers 6.861ms
[59.143s][info][gc,phases,start] GC(69) Compaction Phase
[59.168s][info][gc,phases      ] GC(69) Compaction Phase 24.250ms
[59.168s][info][gc,phases,start] GC(69) Post Compact
[59.170s][info][gc,phases      ] GC(69) Post Compact 2.116ms
[59.185s][info][gc,heap        ] GC(69) PSYoungGen: 110955K(222720K)->0K(222720K) Eden: 110955K(111616K)->0K(111616K) From: 0K(111104K)->0K(111104K)
[59.185s][info][gc,heap        ] GC(69) ParOldGen: 570102K(667648K)->219720K(403968K)
[59.185s][info][gc,metaspace   ] GC(69) Metaspace: 17308K(17536K)->17308K(17536K) NonClass: 15098K(15232K)->15098K(15232K) Class: 2209K(2304K)->2209K(2304K)
[59.185s][info][gc             ] GC(69) Pause Full (Allocation Failure) 665M->214M(612M) 63.890ms
[59.185s][info][gc,cpu         ] GC(69) User=0.08s Sys=0.02s Real=0.06s
[59.626s][info][gc,start       ] GC(70) Pause Young (Allocation Failure)
[59.635s][info][gc,heap        ] GC(70) PSYoungGen: 111581K(222720K)->44732K(222720K) Eden: 111581K(111616K)->0K(111616K) From: 0K(111104K)->44732K(111104K)
[59.635s][info][gc,heap        ] GC(70) ParOldGen: 219720K(403968K)->219720K(403968K)
[59.636s][info][gc,metaspace   ] GC(70) Metaspace: 17308K(17536K)->17308K(17536K) NonClass: 15098K(15232K)->15098K(15232K) Class: 2209K(2304K)->2209K(2304K)
[59.636s][info][gc             ] GC(70) Pause Young (Allocation Failure) 323M->258M(612M) 9.783ms
[59.636s][info][gc,cpu         ] GC(70) User=0.02s Sys=0.00s Real=0.01s
[59.723s][info][gc,start       ] GC(71) Pause Young (Allocation Failure)
[59.756s][info][gc,heap        ] GC(71) PSYoungGen: 156348K(222720K)->57573K(222720K) Eden: 111616K(111616K)->0K(111616K) From: 44732K(111104K)->57573K(111104K)
[59.756s][info][gc,heap        ] GC(71) ParOldGen: 219720K(403968K)->266743K(403968K)
[59.756s][info][gc,metaspace   ] GC(71) Metaspace: 17308K(17536K)->17308K(17536K) NonClass: 15098K(15232K)->15098K(15232K) Class: 2209K(2304K)->2209K(2304K)
[59.756s][info][gc             ] GC(71) Pause Young (Allocation Failure) 367M->316M(612M) 32.923ms
[59.756s][info][gc,cpu         ] GC(71) User=0.07s Sys=0.00s Real=0.03s
[59.843s][info][gc,start       ] GC(72) Pause Young (Allocation Failure)
[59.891s][info][gc,heap        ] GC(72) PSYoungGen: 169189K(222720K)->57656K(222720K) Eden: 111616K(111616K)->0K(111616K) From: 57573K(111104K)->57656K(111104K)
[59.891s][info][gc,heap        ] GC(72) ParOldGen: 266743K(403968K)->324381K(403968K)
[59.891s][info][gc,metaspace   ] GC(72) Metaspace: 17308K(17536K)->17308K(17536K) NonClass: 15098K(15232K)->15098K(15232K) Class: 2209K(2304K)->2209K(2304K)
[59.891s][info][gc             ] GC(72) Pause Young (Allocation Failure) 425M->373M(612M) 48.072ms
[59.891s][info][gc,cpu         ] GC(72) User=0.10s Sys=0.00s Real=0.05s
[59.975s][info][gc,start       ] GC(73) Pause Young (Allocation Failure)
[60.021s][info][gc,heap        ] GC(73) PSYoungGen: 169272K(222720K)->54060K(222720K) Eden: 111616K(111616K)->0K(111616K) From: 57656K(111104K)->54060K(111104K)
[60.021s][info][gc,heap        ] GC(73) ParOldGen: 324381K(403968K)->382170K(403968K)
[60.021s][info][gc,metaspace   ] GC(73) Metaspace: 17308K(17536K)->17308K(17536K) NonClass: 15098K(15232K)->15098K(15232K) Class: 2209K(2304K)->2209K(2304K)
[60.021s][info][gc             ] GC(73) Pause Young (Allocation Failure) 482M->426M(612M) 46.478ms
[60.021s][info][gc,cpu         ] GC(73) User=0.09s Sys=0.00s Real=0.05s
[60.319s][info][gc,start       ] GC(74) Pause Young (Allocation Failure)
[60.371s][info][gc,heap        ] GC(74) PSYoungGen: 144950K(222720K)->74782K(222720K) Eden: 90889K(111616K)->0K(111616K) From: 54060K(111104K)->74782K(111104K)
[60.371s][info][gc,heap        ] GC(74) ParOldGen: 382170K(403968K)->436383K(436736K)
[60.371s][info][gc,metaspace   ] GC(74) Metaspace: 17308K(17536K)->17308K(17536K) NonClass: 15098K(15232K)->15098K(15232K) Class: 2209K(2304K)->2209K(2304K)
[60.371s][info][gc             ] GC(74) Pause Young (Allocation Failure) 514M->499M(644M) 51.542ms
[60.371s][info][gc,cpu         ] GC(74) User=0.09s Sys=0.02s Real=0.06s
[61.976s][info][gc,start       ] GC(75) Pause Young (Allocation Failure)
[62.034s][info][gc,heap        ] GC(75) PSYoungGen: 186398K(222720K)->34113K(222720K) Eden: 111616K(111616K)->0K(111616K) From: 74782K(111104K)->34113K(111104K)
[62.034s][info][gc,heap        ] GC(75) ParOldGen: 436383K(436736K)->480428K(480768K)
[62.034s][info][gc,metaspace   ] GC(75) Metaspace: 17348K(17600K)->17348K(17600K) NonClass: 15130K(15296K)->15130K(15296K) Class: 2218K(2304K)->2218K(2304K)
[62.034s][info][gc             ] GC(75) Pause Young (Allocation Failure) 608M->502M(687M) 58.018ms
[62.034s][info][gc,cpu         ] GC(75) User=0.08s Sys=0.02s Real=0.06s
[62.442s][info][gc,start       ] GC(76) Pause Young (Allocation Failure)
[62.529s][info][gc,heap        ] GC(76) PSYoungGen: 145729K(222720K)->57914K(222720K) Eden: 111616K(111616K)->0K(111616K) From: 34113K(111104K)->57914K(111104K)
[62.529s][info][gc,heap        ] GC(76) ParOldGen: 480428K(480768K)->513981K(514048K)
[62.529s][info][gc,metaspace   ] GC(76) Metaspace: 17445K(17792K)->17445K(17792K) NonClass: 15223K(15424K)->15223K(15424K) Class: 2222K(2368K)->2222K(2368K)
[62.529s][info][gc             ] GC(76) Pause Young (Allocation Failure) 611M->558M(719M) 86.927ms
[62.529s][info][gc,cpu         ] GC(76) User=0.15s Sys=0.03s Real=0.08s
[62.780s][info][gc,start       ] GC(77) Pause Young (Allocation Failure)
[62.876s][info][gc,heap        ] GC(77) PSYoungGen: 169530K(222720K)->70749K(222720K) Eden: 111616K(111616K)->0K(111616K) From: 57914K(111104K)->70749K(111104K)
[62.876s][info][gc,heap        ] GC(77) ParOldGen: 513981K(514048K)->571891K(571904K)
[62.876s][info][gc,metaspace   ] GC(77) Metaspace: 17596K(17920K)->17596K(17920K) NonClass: 15363K(15552K)->15363K(15552K) Class: 2233K(2368K)->2233K(2368K)
[62.876s][info][gc             ] GC(77) Pause Young (Allocation Failure) 667M->627M(776M) 95.439ms
[62.876s][info][gc,cpu         ] GC(77) User=0.15s Sys=0.03s Real=0.09s
[65.547s][info][gc,start       ] GC(78) Pause Young (Allocation Failure)
[65.615s][info][gc,heap        ] GC(78) PSYoungGen: 182365K(222720K)->51657K(222720K) Eden: 111616K(111616K)->0K(111616K) From: 70749K(111104K)->51657K(111104K)
[65.615s][info][gc,heap        ] GC(78) ParOldGen: 571891K(571904K)->640342K(640512K)
[65.615s][info][gc,metaspace   ] GC(78) Metaspace: 17611K(17920K)->17611K(17920K) NonClass: 15377K(15552K)->15377K(15552K) Class: 2233K(2368K)->2233K(2368K)
[65.615s][info][gc             ] GC(78) Pause Young (Allocation Failure) 736M->675M(843M) 68.172ms
[65.615s][info][gc,cpu         ] GC(78) User=0.08s Sys=0.05s Real=0.07s
[65.786s][info][gc,start       ] GC(79) Pause Full (Allocation Failure)
[65.786s][info][gc,phases,start] GC(79) Marking Phase
[65.947s][info][gc,phases      ] GC(79) Marking Phase 161.475ms
[65.947s][info][gc,phases,start] GC(79) Summary Phase
[65.947s][info][gc,phases      ] GC(79) Summary Phase 0.028ms
[65.947s][info][gc,phases,start] GC(79) Forward
[66.018s][info][gc,phases      ] GC(79) Forward 70.066ms
[66.018s][info][gc,phases,start] GC(79) Adjust Pointers
[66.125s][info][gc,phases      ] GC(79) Adjust Pointers 107.538ms
[66.125s][info][gc,phases,start] GC(79) Compaction Phase
[66.239s][info][gc,phases      ] GC(79) Compaction Phase 114.129ms
[66.240s][info][gc,phases,start] GC(79) Post Compact
[66.242s][info][gc,phases      ] GC(79) Post Compact 2.295ms
[66.242s][info][gc,heap        ] GC(79) PSYoungGen: 163273K(222720K)->12623K(222720K) Eden: 111616K(111616K)->0K(111616K) From: 51657K(111104K)->12623K(111104K)
[66.242s][info][gc,heap        ] GC(79) ParOldGen: 640342K(640512K)->640042K(667648K)
[66.242s][info][gc,metaspace   ] GC(79) Metaspace: 17611K(17920K)->17611K(17920K) NonClass: 15377K(15552K)->15377K(15552K) Class: 2233K(2368K)->2233K(2368K)
[66.242s][info][gc             ] GC(79) Pause Full (Allocation Failure) 784M->637M(869M) 456.193ms
[66.242s][info][gc,cpu         ] GC(79) User=0.85s Sys=0.00s Real=0.46s
[66.373s][info][gc,start       ] GC(80) Pause Full (Allocation Failure)
[66.373s][info][gc,phases,start] GC(80) Marking Phase
[66.459s][info][gc,phases      ] GC(80) Marking Phase 85.579ms
[66.459s][info][gc,phases,start] GC(80) Summary Phase
[66.459s][info][gc,phases      ] GC(80) Summary Phase 0.026ms
[66.459s][info][gc,phases,start] GC(80) Forward
[66.503s][info][gc,phases      ] GC(80) Forward 44.797ms
[66.504s][info][gc,phases,start] GC(80) Adjust Pointers
[66.559s][info][gc,phases      ] GC(80) Adjust Pointers 55.467ms
[66.559s][info][gc,phases,start] GC(80) Compaction Phase
[66.627s][info][gc,phases      ] GC(80) Compaction Phase 68.400ms
[66.628s][info][gc,phases,start] GC(80) Post Compact
[66.630s][info][gc,phases      ] GC(80) Post Compact 2.326ms
[66.631s][info][gc,heap        ] GC(80) PSYoungGen: 124239K(222720K)->0K(222720K) Eden: 111616K(111616K)->0K(111616K) From: 12623K(111104K)->0K(111104K)
[66.631s][info][gc,heap        ] GC(80) ParOldGen: 640042K(667648K)->437484K(622080K)
[66.631s][info][gc,metaspace   ] GC(80) Metaspace: 17612K(17920K)->17612K(17920K) NonClass: 15378K(15552K)->15378K(15552K) Class: 2233K(2368K)->2233K(2368K)
[66.631s][info][gc             ] GC(80) Pause Full (Allocation Failure) 746M->427M(825M) 258.343ms
[66.631s][info][gc,cpu         ] GC(80) User=0.46s Sys=0.01s Real=0.26s
[66.749s][info][gc,start       ] GC(81) Pause Young (Allocation Failure)
[66.783s][info][gc,heap        ] GC(81) PSYoungGen: 111616K(222720K)->76887K(222720K) Eden: 111616K(111616K)->0K(111616K) From: 0K(111104K)->76887K(111104K)
[66.783s][info][gc,heap        ] GC(81) ParOldGen: 437484K(622080K)->437484K(622080K)
[66.783s][info][gc,metaspace   ] GC(81) Metaspace: 17612K(17920K)->17612K(17920K) NonClass: 15378K(15552K)->15378K(15552K) Class: 2233K(2368K)->2233K(2368K)
[66.783s][info][gc             ] GC(81) Pause Young (Allocation Failure) 536M->502M(825M) 34.445ms
[66.783s][info][gc,cpu         ] GC(81) User=0.07s Sys=0.00s Real=0.04s
[67.145s][info][gc,start       ] GC(82) Pause Young (Allocation Failure)
[67.202s][info][gc,heap        ] GC(82) PSYoungGen: 188503K(222720K)->102919K(222720K) Eden: 111616K(111616K)->0K(111616K) From: 76887K(111104K)->102919K(111104K)
[67.202s][info][gc,heap        ] GC(82) ParOldGen: 437484K(622080K)->513166K(622080K)
[67.202s][info][gc,metaspace   ] GC(82) Metaspace: 17616K(17920K)->17616K(17920K) NonClass: 15380K(15552K)->15380K(15552K) Class: 2235K(2368K)->2235K(2368K)
[67.202s][info][gc             ] GC(82) Pause Young (Allocation Failure) 611M->601M(825M) 57.132ms
[67.202s][info][gc,cpu         ] GC(82) User=0.12s Sys=0.00s Real=0.06s
[68.179s][info][gc,start       ] GC(83) Pause Young (Allocation Failure)
[68.220s][info][gc,heap        ] GC(83) PSYoungGen: 214535K(222720K)->97256K(222720K) Eden: 111616K(111616K)->0K(111616K) From: 102919K(111104K)->97256K(111104K)
[68.220s][info][gc,heap        ] GC(83) ParOldGen: 513166K(622080K)->609320K(622080K)
[68.220s][info][gc,metaspace   ] GC(83) Metaspace: 17668K(17920K)->17668K(17920K) NonClass: 15409K(15552K)->15409K(15552K) Class: 2258K(2368K)->2258K(2368K)
[68.220s][info][gc             ] GC(83) Pause Young (Allocation Failure) 710M->690M(825M) 41.430ms
[68.220s][info][gc,cpu         ] GC(83) User=0.09s Sys=0.00s Real=0.05s
[68.316s][info][gc,start       ] GC(84) Pause Full (Allocation Failure)
[68.317s][info][gc,phases,start] GC(84) Marking Phase
[68.433s][info][gc,phases      ] GC(84) Marking Phase 116.368ms
[68.433s][info][gc,phases,start] GC(84) Summary Phase
[68.433s][info][gc,phases      ] GC(84) Summary Phase 0.028ms
[68.433s][info][gc,phases,start] GC(84) Forward
[68.482s][info][gc,phases      ] GC(84) Forward 48.843ms
[68.482s][info][gc,phases,start] GC(84) Adjust Pointers
[68.563s][info][gc,phases      ] GC(84) Adjust Pointers 80.737ms
[68.563s][info][gc,phases,start] GC(84) Compaction Phase
[68.669s][info][gc,phases      ] GC(84) Compaction Phase 106.082ms
[68.669s][info][gc,phases,start] GC(84) Post Compact
[68.671s][info][gc,phases      ] GC(84) Post Compact 2.299ms
[68.671s][info][gc,heap        ] GC(84) PSYoungGen: 199309K(222720K)->65763K(222720K) Eden: 102052K(111616K)->0K(111616K) From: 97256K(111104K)->65763K(111104K)
[68.672s][info][gc,heap        ] GC(84) ParOldGen: 609320K(622080K)->622040K(667648K)
[68.672s][info][gc,metaspace   ] GC(84) Metaspace: 17755K(17984K)->17755K(17984K) NonClass: 15475K(15616K)->15475K(15616K) Class: 2280K(2368K)->2280K(2368K)
[68.672s][info][gc             ] GC(84) Pause Full (Allocation Failure) 789M->671M(869M) 355.050ms
[68.672s][info][gc,cpu         ] GC(84) User=0.66s Sys=0.00s Real=0.36s
[69.378s][info][gc,start       ] GC(85) Pause Full (Allocation Failure)
[69.378s][info][gc,phases,start] GC(85) Marking Phase
[69.427s][info][gc,phases      ] GC(85) Marking Phase 48.425ms
[69.427s][info][gc,phases,start] GC(85) Summary Phase
[69.427s][info][gc,phases      ] GC(85) Summary Phase 0.027ms
[69.427s][info][gc,phases,start] GC(85) Forward
[69.436s][info][gc,phases      ] GC(85) Forward 9.471ms
[69.436s][info][gc,phases,start] GC(85) Adjust Pointers
[69.465s][info][gc,phases      ] GC(85) Adjust Pointers 28.360ms
[69.465s][info][gc,phases,start] GC(85) Compaction Phase
[69.516s][info][gc,phases      ] GC(85) Compaction Phase 51.281ms
[69.516s][info][gc,phases,start] GC(85) Post Compact
[69.518s][info][gc,phases      ] GC(85) Post Compact 2.339ms
[69.518s][info][gc,heap        ] GC(85) PSYoungGen: 177379K(222720K)->0K(222720K) Eden: 111616K(111616K)->0K(111616K) From: 65763K(111104K)->0K(111104K)
[69.518s][info][gc,heap        ] GC(85) ParOldGen: 622040K(667648K)->557945K(667648K)
[69.518s][info][gc,metaspace   ] GC(85) Metaspace: 17897K(18176K)->17897K(18176K) NonClass: 15595K(15744K)->15595K(15744K) Class: 2302K(2432K)->2302K(2432K)
[69.518s][info][gc             ] GC(85) Pause Full (Allocation Failure) 780M->544M(869M) 140.300ms
[69.519s][info][gc,cpu         ] GC(85) User=0.27s Sys=0.00s Real=0.14s
[70.327s][info][gc,start       ] GC(86) Pause Full (Allocation Failure)
[70.328s][info][gc,phases,start] GC(86) Marking Phase
[70.423s][info][gc,phases      ] GC(86) Marking Phase 95.782ms
[70.423s][info][gc,phases,start] GC(86) Summary Phase
[70.423s][info][gc,phases      ] GC(86) Summary Phase 0.023ms
[70.423s][info][gc,phases,start] GC(86) Forward
[70.455s][info][gc,phases      ] GC(86) Forward 31.764ms
[70.455s][info][gc,phases,start] GC(86) Adjust Pointers
[70.503s][info][gc,phases      ] GC(86) Adjust Pointers 47.554ms
[70.503s][info][gc,phases,start] GC(86) Compaction Phase
[70.572s][info][gc,phases      ] GC(86) Compaction Phase 68.912ms
[70.572s][info][gc,phases,start] GC(86) Post Compact
[70.574s][info][gc,phases      ] GC(86) Post Compact 2.034ms
[70.574s][info][gc,heap        ] GC(86) PSYoungGen: 111616K(222720K)->0K(222720K) Eden: 111616K(111616K)->0K(111616K) From: 0K(111104K)->0K(111104K)
[70.574s][info][gc,heap        ] GC(86) ParOldGen: 557945K(667648K)->561315K(667648K)
[70.574s][info][gc,metaspace   ] GC(86) Metaspace: 18029K(18304K)->18029K(18304K) NonClass: 15722K(15872K)->15722K(15872K) Class: 2306K(2432K)->2306K(2432K)
[70.574s][info][gc             ] GC(86) Pause Full (Allocation Failure) 653M->548M(869M) 246.527ms
[70.574s][info][gc,cpu         ] GC(86) User=0.46s Sys=0.00s Real=0.25s
[70.741s][info][gc,start       ] GC(87) Pause Full (Allocation Failure)
[70.741s][info][gc,phases,start] GC(87) Marking Phase
[70.893s][info][gc,phases      ] GC(87) Marking Phase 151.640ms
[70.893s][info][gc,phases,start] GC(87) Summary Phase
[70.893s][info][gc,phases      ] GC(87) Summary Phase 0.024ms
[70.893s][info][gc,phases,start] GC(87) Forward
[70.915s][info][gc,phases      ] GC(87) Forward 22.669ms
[70.915s][info][gc,phases,start] GC(87) Adjust Pointers
[70.997s][info][gc,phases      ] GC(87) Adjust Pointers 81.624ms
[70.997s][info][gc,phases,start] GC(87) Compaction Phase
[71.071s][info][gc,phases      ] GC(87) Compaction Phase 73.389ms
[71.071s][info][gc,phases,start] GC(87) Post Compact
[71.073s][info][gc,phases      ] GC(87) Post Compact 2.001ms
[71.073s][info][gc,heap        ] GC(87) PSYoungGen: 111616K(222720K)->0K(222720K) Eden: 111616K(111616K)->0K(111616K) From: 0K(111104K)->0K(111104K)
[71.073s][info][gc,heap        ] GC(87) ParOldGen: 561315K(667648K)->657235K(667648K)
[71.073s][info][gc,metaspace   ] GC(87) Metaspace: 18029K(18304K)->18029K(18304K) NonClass: 15722K(15872K)->15722K(15872K) Class: 2306K(2432K)->2306K(2432K)
[71.073s][info][gc             ] GC(87) Pause Full (Allocation Failure) 657M->641M(869M) 331.814ms
[71.073s][info][gc,cpu         ] GC(87) User=0.62s Sys=0.03s Real=0.33s
[71.202s][info][gc,start       ] GC(88) Pause Full (Allocation Failure)
[71.202s][info][gc,phases,start] GC(88) Marking Phase
[71.412s][info][gc,phases      ] GC(88) Marking Phase 210.017ms
[71.412s][info][gc,phases,start] GC(88) Summary Phase
[71.412s][info][gc,phases      ] GC(88) Summary Phase 0.027ms
[71.412s][info][gc,phases,start] GC(88) Forward
[71.507s][info][gc,phases      ] GC(88) Forward 95.036ms
[71.507s][info][gc,phases,start] GC(88) Adjust Pointers
[71.636s][info][gc,phases      ] GC(88) Adjust Pointers 128.726ms
[71.636s][info][gc,phases,start] GC(88) Compaction Phase
[71.786s][info][gc,phases      ] GC(88) Compaction Phase 149.886ms
[71.786s][info][gc,phases,start] GC(88) Post Compact
[71.788s][info][gc,phases      ] GC(88) Post Compact 2.314ms
[71.788s][info][gc,heap        ] GC(88) PSYoungGen: 111616K(222720K)->46136K(222720K) Eden: 111616K(111616K)->46136K(111616K) From: 0K(111104K)->0K(111104K)
[71.788s][info][gc,heap        ] GC(88) ParOldGen: 657235K(667648K)->667519K(667648K)
[71.788s][info][gc,metaspace   ] GC(88) Metaspace: 18029K(18304K)->18029K(18304K) NonClass: 15722K(15872K)->15722K(15872K) Class: 2306K(2432K)->2306K(2432K)
[71.788s][info][gc             ] GC(88) Pause Full (Allocation Failure) 750M->696M(869M) 586.575ms
[71.788s][info][gc,cpu         ] GC(88) User=1.08s Sys=0.00s Real=0.58s
[71.862s][info][gc,start       ] GC(89) Pause Full (Allocation Failure)
[71.862s][info][gc,phases,start] GC(89) Marking Phase
[72.109s][info][gc,phases      ] GC(89) Marking Phase 247.368ms
[72.109s][info][gc,phases,start] GC(89) Summary Phase
[72.109s][info][gc,phases      ] GC(89) Summary Phase 0.022ms
[72.109s][info][gc,phases,start] GC(89) Forward
[72.128s][info][gc,phases      ] GC(89) Forward 18.603ms
[72.128s][info][gc,phases,start] GC(89) Adjust Pointers
[72.256s][info][gc,phases      ] GC(89) Adjust Pointers 128.561ms
[72.257s][info][gc,phases,start] GC(89) Compaction Phase
[72.336s][info][gc,phases      ] GC(89) Compaction Phase 79.604ms
[72.336s][info][gc,phases,start] GC(89) Post Compact
[72.339s][info][gc,phases      ] GC(89) Post Compact 2.297ms
[72.339s][info][gc,heap        ] GC(89) PSYoungGen: 111616K(222720K)->99198K(222720K) Eden: 111616K(111616K)->99198K(111616K) From: 0K(111104K)->0K(111104K)
[72.339s][info][gc,heap        ] GC(89) ParOldGen: 667519K(667648K)->667519K(667648K)
[72.339s][info][gc,metaspace   ] GC(89) Metaspace: 18029K(18304K)->18029K(18304K) NonClass: 15722K(15872K)->15722K(15872K) Class: 2306K(2432K)->2306K(2432K)
[72.339s][info][gc             ] GC(89) Pause Full (Allocation Failure) 760M->748M(869M) 476.852ms
[72.339s][info][gc,cpu         ] GC(89) User=0.94s Sys=0.00s Real=0.47s
[72.352s][info][gc,start       ] GC(90) Pause Full (Allocation Failure)
[72.352s][info][gc,phases,start] GC(90) Marking Phase
[72.604s][info][gc,phases      ] GC(90) Marking Phase 251.601ms
[72.604s][info][gc,phases,start] GC(90) Summary Phase
[72.604s][info][gc,phases      ] GC(90) Summary Phase 0.024ms
[72.604s][info][gc,phases,start] GC(90) Forward
[72.624s][info][gc,phases      ] GC(90) Forward 19.935ms
[72.624s][info][gc,phases,start] GC(90) Adjust Pointers
[72.755s][info][gc,phases      ] GC(90) Adjust Pointers 131.567ms
[72.755s][info][gc,phases,start] GC(90) Compaction Phase
[72.835s][info][gc,phases      ] GC(90) Compaction Phase 79.948ms
[72.835s][info][gc,phases,start] GC(90) Post Compact
[72.838s][info][gc,phases      ] GC(90) Post Compact 2.289ms
[72.838s][info][gc,heap        ] GC(90) PSYoungGen: 111616K(222720K)->109000K(222720K) Eden: 111616K(111616K)->109000K(111616K) From: 0K(111104K)->0K(111104K)
[72.838s][info][gc,heap        ] GC(90) ParOldGen: 667519K(667648K)->667519K(667648K)
[72.838s][info][gc,metaspace   ] GC(90) Metaspace: 18029K(18304K)->18029K(18304K) NonClass: 15722K(15872K)->15722K(15872K) Class: 2306K(2432K)->2306K(2432K)
[72.838s][info][gc             ] GC(90) Pause Full (Allocation Failure) 760M->758M(869M) 485.751ms
[72.838s][info][gc,cpu         ] GC(90) User=0.95s Sys=0.00s Real=0.48s
[72.841s][info][gc,start       ] GC(91) Pause Full (Allocation Failure)
[72.841s][info][gc,phases,start] GC(91) Marking Phase
[73.096s][info][gc,phases      ] GC(91) Marking Phase 254.417ms
[73.096s][info][gc,phases,start] GC(91) Summary Phase
[73.096s][info][gc,phases      ] GC(91) Summary Phase 0.023ms
[73.096s][info][gc,phases,start] GC(91) Forward
[73.117s][info][gc,phases      ] GC(91) Forward 20.862ms
[73.117s][info][gc,phases,start] GC(91) Adjust Pointers
[73.245s][info][gc,phases      ] GC(91) Adjust Pointers 127.920ms
[73.245s][info][gc,phases,start] GC(91) Compaction Phase
[73.328s][info][gc,phases      ] GC(91) Compaction Phase 83.275ms
[73.328s][info][gc,phases,start] GC(91) Post Compact
[73.330s][info][gc,phases      ] GC(91) Post Compact 2.252ms
[73.330s][info][gc,heap        ] GC(91) PSYoungGen: 111616K(222720K)->111123K(222720K) Eden: 111616K(111616K)->111123K(111616K) From: 0K(111104K)->0K(111104K)
[73.330s][info][gc,heap        ] GC(91) ParOldGen: 667519K(667648K)->667519K(667648K)
[73.330s][info][gc,metaspace   ] GC(91) Metaspace: 18029K(18304K)->18029K(18304K) NonClass: 15722K(15872K)->15722K(15872K) Class: 2306K(2432K)->2306K(2432K)
[73.330s][info][gc             ] GC(91) Pause Full (Allocation Failure) 760M->760M(869M) 489.138ms
[73.330s][info][gc,cpu         ] GC(91) User=0.95s Sys=0.01s Real=0.49s
[73.331s][info][gc,start       ] GC(92) Pause Full (Allocation Failure)
[73.331s][info][gc,phases,start] GC(92) Marking Phase
[73.591s][info][gc,phases      ] GC(92) Marking Phase 259.948ms
[73.591s][info][gc,phases,start] GC(92) Summary Phase
[73.591s][info][gc,phases      ] GC(92) Summary Phase 0.023ms
[73.591s][info][gc,phases,start] GC(92) Forward
[73.610s][info][gc,phases      ] GC(92) Forward 18.133ms
[73.610s][info][gc,phases,start] GC(92) Adjust Pointers
[73.737s][info][gc,phases      ] GC(92) Adjust Pointers 127.653ms
[73.737s][info][gc,phases,start] GC(92) Compaction Phase
[73.818s][info][gc,phases      ] GC(92) Compaction Phase 80.679ms
[73.818s][info][gc,phases,start] GC(92) Post Compact
[73.820s][info][gc,phases      ] GC(92) Post Compact 2.256ms
[73.820s][info][gc,heap        ] GC(92) PSYoungGen: 111616K(222720K)->111523K(222720K) Eden: 111616K(111616K)->111523K(111616K) From: 0K(111104K)->0K(111104K)
[73.820s][info][gc,heap        ] GC(92) ParOldGen: 667519K(667648K)->667519K(667648K)
[73.820s][info][gc,metaspace   ] GC(92) Metaspace: 18029K(18304K)->18029K(18304K) NonClass: 15722K(15872K)->15722K(15872K) Class: 2306K(2432K)->2306K(2432K)
[73.820s][info][gc             ] GC(92) Pause Full (Allocation Failure) 760M->760M(869M) 489.100ms
[73.820s][info][gc,cpu         ] GC(92) User=0.95s Sys=0.00s Real=0.49s
[73.821s][info][gc,start       ] GC(93) Pause Full (Allocation Failure)
[73.821s][info][gc,phases,start] GC(93) Marking Phase
[74.076s][info][gc,phases      ] GC(93) Marking Phase 255.257ms
[74.076s][info][gc,phases,start] GC(93) Summary Phase
[74.076s][info][gc,phases      ] GC(93) Summary Phase 0.024ms
[74.076s][info][gc,phases,start] GC(93) Forward
[74.094s][info][gc,phases      ] GC(93) Forward 17.899ms
[74.094s][info][gc,phases,start] GC(93) Adjust Pointers
[74.223s][info][gc,phases      ] GC(93) Adjust Pointers 128.922ms
[74.223s][info][gc,phases,start] GC(93) Compaction Phase
[74.304s][info][gc,phases      ] GC(93) Compaction Phase 80.654ms
[74.304s][info][gc,phases,start] GC(93) Post Compact
[74.306s][info][gc,phases      ] GC(93) Post Compact 2.243ms
[74.306s][info][gc,heap        ] GC(93) PSYoungGen: 111616K(222720K)->111598K(222720K) Eden: 111616K(111616K)->111598K(111616K) From: 0K(111104K)->0K(111104K)
[74.306s][info][gc,heap        ] GC(93) ParOldGen: 667519K(667648K)->667519K(667648K)
[74.306s][info][gc,metaspace   ] GC(93) Metaspace: 18029K(18304K)->18029K(18304K) NonClass: 15722K(15872K)->15722K(15872K) Class: 2306K(2432K)->2306K(2432K)
[74.306s][info][gc             ] GC(93) Pause Full (Allocation Failure) 760M->760M(869M) 485.326ms
[74.306s][info][gc,cpu         ] GC(93) User=0.94s Sys=0.00s Real=0.48s
[74.307s][info][gc,start       ] GC(94) Pause Full (Allocation Failure)
[74.307s][info][gc,phases,start] GC(94) Marking Phase
[74.559s][info][gc,phases      ] GC(94) Marking Phase 252.299ms
[74.559s][info][gc,phases,start] GC(94) Summary Phase
[74.559s][info][gc,phases      ] GC(94) Summary Phase 0.025ms
[74.559s][info][gc,phases,start] GC(94) Forward
[74.577s][info][gc,phases      ] GC(94) Forward 17.960ms
[74.577s][info][gc,phases,start] GC(94) Adjust Pointers
[74.704s][info][gc,phases      ] GC(94) Adjust Pointers 127.284ms
[74.704s][info][gc,phases,start] GC(94) Compaction Phase
[74.784s][info][gc,phases      ] GC(94) Compaction Phase 79.544ms
[74.784s][info][gc,phases,start] GC(94) Post Compact
[74.786s][info][gc,phases      ] GC(94) Post Compact 2.270ms
[74.786s][info][gc,heap        ] GC(94) PSYoungGen: 111616K(222720K)->111612K(222720K) Eden: 111616K(111616K)->111612K(111616K) From: 0K(111104K)->0K(111104K)
[74.786s][info][gc,heap        ] GC(94) ParOldGen: 667519K(667648K)->667519K(667648K)
[74.786s][info][gc,metaspace   ] GC(94) Metaspace: 18029K(18304K)->18029K(18304K) NonClass: 15722K(15872K)->15722K(15872K) Class: 2306K(2432K)->2306K(2432K)
[74.786s][info][gc             ] GC(94) Pause Full (Allocation Failure) 760M->760M(869M) 479.726ms
[74.786s][info][gc,cpu         ] GC(94) User=0.94s Sys=0.00s Real=0.48s
[74.787s][info][gc,start       ] GC(95) Pause Full (Allocation Failure)
[74.787s][info][gc,phases,start] GC(95) Marking Phase
[75.040s][info][gc,phases      ] GC(95) Marking Phase 253.466ms
[75.040s][info][gc,phases,start] GC(95) Summary Phase
[75.040s][info][gc,phases      ] GC(95) Summary Phase 0.023ms
[75.040s][info][gc,phases,start] GC(95) Forward
[75.058s][info][gc,phases      ] GC(95) Forward 17.886ms
[75.058s][info][gc,phases,start] GC(95) Adjust Pointers
[75.185s][info][gc,phases      ] GC(95) Adjust Pointers 126.565ms
[75.185s][info][gc,phases,start] GC(95) Compaction Phase
[75.266s][info][gc,phases      ] GC(95) Compaction Phase 81.173ms
[75.266s][info][gc,phases,start] GC(95) Post Compact
[75.268s][info][gc,phases      ] GC(95) Post Compact 2.285ms
[75.268s][info][gc,heap        ] GC(95) PSYoungGen: 111616K(222720K)->111614K(222720K) Eden: 111616K(111616K)->111614K(111616K) From: 0K(111104K)->0K(111104K)
[75.268s][info][gc,heap        ] GC(95) ParOldGen: 667519K(667648K)->667519K(667648K)
[75.268s][info][gc,metaspace   ] GC(95) Metaspace: 18029K(18304K)->18029K(18304K) NonClass: 15722K(15872K)->15722K(15872K) Class: 2306K(2432K)->2306K(2432K)
[75.269s][info][gc             ] GC(95) Pause Full (Allocation Failure) 760M->760M(869M) 481.765ms
[75.269s][info][gc,cpu         ] GC(95) User=0.94s Sys=0.00s Real=0.48s
[75.269s][info][gc,start       ] GC(96) Pause Full (Allocation Failure)
[75.269s][info][gc,phases,start] GC(96) Marking Phase
[75.517s][info][gc,phases      ] GC(96) Marking Phase 248.306ms
[75.517s][info][gc,phases,start] GC(96) Summary Phase
[75.517s][info][gc,phases      ] GC(96) Summary Phase 0.023ms
[75.517s][info][gc,phases,start] GC(96) Forward
[75.535s][info][gc,phases      ] GC(96) Forward 17.852ms
[75.535s][info][gc,phases,start] GC(96) Adjust Pointers
[75.661s][info][gc,phases      ] GC(96) Adjust Pointers 125.973ms
[75.661s][info][gc,phases,start] GC(96) Compaction Phase
[75.741s][info][gc,phases      ] GC(96) Compaction Phase 79.736ms
[75.741s][info][gc,phases,start] GC(96) Post Compact
[75.743s][info][gc,phases      ] GC(96) Post Compact 2.243ms
[75.743s][info][gc,heap        ] GC(96) PSYoungGen: 111615K(222720K)->111615K(222720K) Eden: 111615K(111616K)->111615K(111616K) From: 0K(111104K)->0K(111104K)
[75.743s][info][gc,heap        ] GC(96) ParOldGen: 667519K(667648K)->667519K(667648K)
[75.743s][info][gc,metaspace   ] GC(96) Metaspace: 18029K(18304K)->18029K(18304K) NonClass: 15722K(15872K)->15722K(15872K) Class: 2306K(2432K)->2306K(2432K)
[75.743s][info][gc             ] GC(96) Pause Full (Allocation Failure) 760M->760M(869M) 474.483ms
[75.743s][info][gc,cpu         ] GC(96) User=0.92s Sys=0.00s Real=0.48s
[75.743s][info][gc,start       ] GC(97) Pause Full (Allocation Failure)
[75.743s][info][gc,phases,start] GC(97) Marking Phase
[75.995s][info][gc,phases      ] GC(97) Marking Phase 251.093ms
[75.995s][info][gc,phases,start] GC(97) Summary Phase
[75.995s][info][gc,phases      ] GC(97) Summary Phase 0.027ms
[75.995s][info][gc,phases,start] GC(97) Forward
[76.013s][info][gc,phases      ] GC(97) Forward 18.374ms
[76.013s][info][gc,phases,start] GC(97) Adjust Pointers
[76.139s][info][gc,phases      ] GC(97) Adjust Pointers 125.916ms
[76.139s][info][gc,phases,start] GC(97) Compaction Phase
[76.219s][info][gc,phases      ] GC(97) Compaction Phase 80.387ms
[76.220s][info][gc,phases,start] GC(97) Post Compact
[76.222s][info][gc,phases      ] GC(97) Post Compact 2.271ms
[76.222s][info][gc,heap        ] GC(97) PSYoungGen: 111615K(222720K)->111615K(222720K) Eden: 111615K(111616K)->111615K(111616K) From: 0K(111104K)->0K(111104K)
[76.222s][info][gc,heap        ] GC(97) ParOldGen: 667519K(667648K)->667519K(667648K)
[76.222s][info][gc,metaspace   ] GC(97) Metaspace: 18029K(18304K)->18029K(18304K) NonClass: 15722K(15872K)->15722K(15872K) Class: 2306K(2432K)->2306K(2432K)
[76.222s][info][gc             ] GC(97) Pause Full (Allocation Failure) 760M->760M(869M) 478.430ms
[76.222s][info][gc,cpu         ] GC(97) User=0.94s Sys=0.00s Real=0.48s
[76.222s][info][gc,start       ] GC(98) Pause Full (Allocation Failure)
[76.222s][info][gc,phases,start] GC(98) Marking Phase
[76.482s][info][gc,phases      ] GC(98) Marking Phase 260.044ms
[76.482s][info][gc,phases,start] GC(98) Summary Phase
[76.482s][info][gc,phases      ] GC(98) Summary Phase 0.023ms
[76.482s][info][gc,phases,start] GC(98) Forward
[76.502s][info][gc,phases      ] GC(98) Forward 19.389ms
[76.502s][info][gc,phases,start] GC(98) Adjust Pointers
[76.630s][info][gc,phases      ] GC(98) Adjust Pointers 128.690ms
[76.630s][info][gc,phases,start] GC(98) Compaction Phase
[76.712s][info][gc,phases      ] GC(98) Compaction Phase 81.129ms
[76.712s][info][gc,phases,start] GC(98) Post Compact
[76.714s][info][gc,phases      ] GC(98) Post Compact 2.243ms
[76.714s][info][gc,heap        ] GC(98) PSYoungGen: 111616K(222720K)->111616K(222720K) Eden: 111616K(111616K)->111616K(111616K) From: 0K(111104K)->0K(111104K)
[76.714s][info][gc,heap        ] GC(98) ParOldGen: 667519K(667648K)->667519K(667648K)
[76.714s][info][gc,metaspace   ] GC(98) Metaspace: 18029K(18304K)->18029K(18304K) NonClass: 15722K(15872K)->15722K(15872K) Class: 2306K(2432K)->2306K(2432K)
[76.714s][info][gc             ] GC(98) Pause Full (Allocation Failure) 760M->760M(869M) 491.872ms
[76.714s][info][gc,cpu         ] GC(98) User=0.95s Sys=0.01s Real=0.49s
[76.714s][info][gc,start       ] GC(99) Pause Full (Allocation Failure)
[76.714s][info][gc,phases,start] GC(99) Marking Phase
[76.969s][info][gc,phases      ] GC(99) Marking Phase 254.284ms
[76.969s][info][gc,phases,start] GC(99) Summary Phase
[76.969s][info][gc,phases      ] GC(99) Summary Phase 0.023ms
[76.969s][info][gc,phases,start] GC(99) Forward
[76.987s][info][gc,phases      ] GC(99) Forward 18.302ms
[76.987s][info][gc,phases,start] GC(99) Adjust Pointers
[77.114s][info][gc,phases      ] GC(99) Adjust Pointers 126.987ms
[77.114s][info][gc,phases,start] GC(99) Compaction Phase
[77.195s][info][gc,phases      ] GC(99) Compaction Phase 81.076ms
[77.195s][info][gc,phases,start] GC(99) Post Compact
[77.197s][info][gc,phases      ] GC(99) Post Compact 2.263ms
[77.197s][info][gc,heap        ] GC(99) PSYoungGen: 111616K(222720K)->111616K(222720K) Eden: 111616K(111616K)->111616K(111616K) From: 0K(111104K)->0K(111104K)
[77.197s][info][gc,heap        ] GC(99) ParOldGen: 667519K(667648K)->667519K(667648K)
[77.197s][info][gc,metaspace   ] GC(99) Metaspace: 18029K(18304K)->18029K(18304K) NonClass: 15722K(15872K)->15722K(15872K) Class: 2306K(2432K)->2306K(2432K)
[77.197s][info][gc             ] GC(99) Pause Full (Allocation Failure) 760M->760M(869M) 483.262ms
[77.198s][info][gc,cpu         ] GC(99) User=0.94s Sys=0.00s Real=0.48s
[77.198s][info][gc,start       ] GC(100) Pause Full (Allocation Failure)
[77.198s][info][gc,phases,start] GC(100) Marking Phase
[77.450s][info][gc,phases      ] GC(100) Marking Phase 252.069ms
[77.450s][info][gc,phases,start] GC(100) Summary Phase
[77.450s][info][gc,phases      ] GC(100) Summary Phase 0.026ms
[77.450s][info][gc,phases,start] GC(100) Forward
[77.468s][info][gc,phases      ] GC(100) Forward 18.328ms
[77.468s][info][gc,phases,start] GC(100) Adjust Pointers
[77.596s][info][gc,phases      ] GC(100) Adjust Pointers 127.254ms
[77.596s][info][gc,phases,start] GC(100) Compaction Phase
[77.675s][info][gc,phases      ] GC(100) Compaction Phase 79.404ms
[77.675s][info][gc,phases,start] GC(100) Post Compact
[77.677s][info][gc,phases      ] GC(100) Post Compact 2.241ms
[77.677s][info][gc,heap        ] GC(100) PSYoungGen: 111616K(222720K)->111616K(222720K) Eden: 111616K(111616K)->111616K(111616K) From: 0K(111104K)->0K(111104K)
[77.677s][info][gc,heap        ] GC(100) ParOldGen: 667519K(667648K)->667519K(667648K)
[77.677s][info][gc,metaspace   ] GC(100) Metaspace: 18029K(18304K)->18029K(18304K) NonClass: 15722K(15872K)->15722K(15872K) Class: 2306K(2432K)->2306K(2432K)
[77.677s][info][gc             ] GC(100) Pause Full (Allocation Failure) 760M->760M(869M) 479.719ms
[77.677s][info][gc,cpu         ] GC(100) User=0.94s Sys=0.00s Real=0.48s
[77.678s][info][gc,start       ] GC(101) Pause Full (Allocation Failure)
[77.678s][info][gc,phases,start] GC(101) Marking Phase
[77.931s][info][gc,phases      ] GC(101) Marking Phase 253.846ms
[77.932s][info][gc,phases,start] GC(101) Summary Phase
[77.932s][info][gc,phases      ] GC(101) Summary Phase 0.023ms
[77.932s][info][gc,phases,start] GC(101) Forward
[77.949s][info][gc,phases      ] GC(101) Forward 17.872ms
[77.949s][info][gc,phases,start] GC(101) Adjust Pointers
[78.076s][info][gc,phases      ] GC(101) Adjust Pointers 126.705ms
[78.076s][info][gc,phases,start] GC(101) Compaction Phase
[78.156s][info][gc,phases      ] GC(101) Compaction Phase 79.658ms
[78.156s][info][gc,phases,start] GC(101) Post Compact
[78.158s][info][gc,phases      ] GC(101) Post Compact 2.228ms
[78.158s][info][gc,heap        ] GC(101) PSYoungGen: 111616K(222720K)->111616K(222720K) Eden: 111616K(111616K)->111616K(111616K) From: 0K(111104K)->0K(111104K)
[78.158s][info][gc,heap        ] GC(101) ParOldGen: 667519K(667648K)->667519K(667648K)
[78.158s][info][gc,metaspace   ] GC(101) Metaspace: 18029K(18304K)->18029K(18304K) NonClass: 15722K(15872K)->15722K(15872K) Class: 2306K(2432K)->2306K(2432K)
[78.158s][info][gc             ] GC(101) Pause Full (Allocation Failure) 760M->760M(869M) 480.662ms
[78.158s][info][gc,cpu         ] GC(101) User=0.93s Sys=0.00s Real=0.48s
[78.159s][info][gc,start       ] GC(102) Pause Full (Allocation Failure)
[78.159s][info][gc,phases,start] GC(102) Marking Phase
[78.412s][info][gc,phases      ] GC(102) Marking Phase 253.831ms
[78.412s][info][gc,phases,start] GC(102) Summary Phase
[78.412s][info][gc,phases      ] GC(102) Summary Phase 0.040ms
[78.412s][info][gc,phases,start] GC(102) Forward
[78.431s][info][gc,phases      ] GC(102) Forward 18.106ms
[78.431s][info][gc,phases,start] GC(102) Adjust Pointers
[78.557s][info][gc,phases      ] GC(102) Adjust Pointers 126.256ms
[78.557s][info][gc,phases,start] GC(102) Compaction Phase
[78.636s][info][gc,phases      ] GC(102) Compaction Phase 79.456ms
[78.636s][info][gc,phases,start] GC(102) Post Compact
[78.639s][info][gc,phases      ] GC(102) Post Compact 2.288ms
[78.639s][info][gc,heap        ] GC(102) PSYoungGen: 111616K(222720K)->111616K(222720K) Eden: 111616K(111616K)->111616K(111616K) From: 0K(111104K)->0K(111104K)
[78.639s][info][gc,heap        ] GC(102) ParOldGen: 667519K(667648K)->667519K(667648K)
[78.639s][info][gc,metaspace   ] GC(102) Metaspace: 18029K(18304K)->18029K(18304K) NonClass: 15722K(15872K)->15722K(15872K) Class: 2306K(2432K)->2306K(2432K)
[78.639s][info][gc             ] GC(102) Pause Full (Allocation Failure) 760M->760M(869M) 480.320ms
[78.639s][info][gc,cpu         ] GC(102) User=0.94s Sys=0.00s Real=0.48s
[78.639s][info][gc,start       ] GC(103) Pause Full (Allocation Failure)
[78.639s][info][gc,phases,start] GC(103) Marking Phase
[78.891s][info][gc,phases      ] GC(103) Marking Phase 252.365ms
[78.891s][info][gc,phases,start] GC(103) Summary Phase
[78.891s][info][gc,phases      ] GC(103) Summary Phase 0.023ms
[78.892s][info][gc,phases,start] GC(103) Forward
[78.909s][info][gc,phases      ] GC(103) Forward 17.858ms
[78.909s][info][gc,phases,start] GC(103) Adjust Pointers
[79.036s][info][gc,phases      ] GC(103) Adjust Pointers 127.007ms
[79.037s][info][gc,phases,start] GC(103) Compaction Phase
[79.117s][info][gc,phases      ] GC(103) Compaction Phase 80.346ms
[79.117s][info][gc,phases,start] GC(103) Post Compact
[79.119s][info][gc,phases      ] GC(103) Post Compact 2.274ms
[79.119s][info][gc,heap        ] GC(103) PSYoungGen: 111616K(222720K)->111616K(222720K) Eden: 111616K(111616K)->111616K(111616K) From: 0K(111104K)->0K(111104K)
[79.119s][info][gc,heap        ] GC(103) ParOldGen: 667519K(667648K)->667519K(667648K)
[79.119s][info][gc,metaspace   ] GC(103) Metaspace: 18029K(18304K)->18029K(18304K) NonClass: 15722K(15872K)->15722K(15872K) Class: 2306K(2432K)->2306K(2432K)
[79.119s][info][gc             ] GC(103) Pause Full (Allocation Failure) 760M->760M(869M) 480.303ms
[79.119s][info][gc,cpu         ] GC(103) User=0.93s Sys=0.00s Real=0.48s
[79.120s][info][gc,start       ] GC(104) Pause Full (Allocation Failure)
[79.120s][info][gc,phases,start] GC(104) Marking Phase
[79.375s][info][gc,phases      ] GC(104) Marking Phase 255.816ms
[79.375s][info][gc,phases,start] GC(104) Summary Phase
[79.375s][info][gc,phases      ] GC(104) Summary Phase 0.024ms
[79.375s][info][gc,phases,start] GC(104) Forward
[79.393s][info][gc,phases      ] GC(104) Forward 17.952ms
[79.393s][info][gc,phases,start] GC(104) Adjust Pointers
[79.520s][info][gc,phases      ] GC(104) Adjust Pointers 126.913ms
[79.520s][info][gc,phases,start] GC(104) Compaction Phase
[79.600s][info][gc,phases      ] GC(104) Compaction Phase 79.808ms
[79.600s][info][gc,phases,start] GC(104) Post Compact
[79.603s][info][gc,phases      ] GC(104) Post Compact 2.248ms
[79.603s][info][gc,heap        ] GC(104) PSYoungGen: 111616K(222720K)->111616K(222720K) Eden: 111616K(111616K)->111616K(111616K) From: 0K(111104K)->0K(111104K)
[79.603s][info][gc,heap        ] GC(104) ParOldGen: 667519K(667648K)->667519K(667648K)
[79.603s][info][gc,metaspace   ] GC(104) Metaspace: 18029K(18304K)->18029K(18304K) NonClass: 15722K(15872K)->15722K(15872K) Class: 2306K(2432K)->2306K(2432K)
[79.603s][info][gc             ] GC(104) Pause Full (Allocation Failure) 760M->760M(869M) 483.118ms
[79.603s][info][gc,cpu         ] GC(104) User=0.94s Sys=0.01s Real=0.48s
[79.603s][info][gc,start       ] GC(105) Pause Full (Allocation Failure)
[79.603s][info][gc,phases,start] GC(105) Marking Phase
[79.855s][info][gc,phases      ] GC(105) Marking Phase 252.177ms
[79.855s][info][gc,phases,start] GC(105) Summary Phase
[79.855s][info][gc,phases      ] GC(105) Summary Phase 0.024ms
[79.855s][info][gc,phases,start] GC(105) Forward
[79.874s][info][gc,phases      ] GC(105) Forward 18.428ms
[79.874s][info][gc,phases,start] GC(105) Adjust Pointers
[80.001s][info][gc,phases      ] GC(105) Adjust Pointers 126.999ms
[80.001s][info][gc,phases,start] GC(105) Compaction Phase
[80.080s][info][gc,phases      ] GC(105) Compaction Phase 79.378ms
[80.080s][info][gc,phases,start] GC(105) Post Compact
[80.083s][info][gc,phases      ] GC(105) Post Compact 2.326ms
[80.083s][info][gc,heap        ] GC(105) PSYoungGen: 111616K(222720K)->111616K(222720K) Eden: 111616K(111616K)->111616K(111616K) From: 0K(111104K)->0K(111104K)
[80.083s][info][gc,heap        ] GC(105) ParOldGen: 667519K(667648K)->667519K(667648K)
[80.083s][info][gc,metaspace   ] GC(105) Metaspace: 18029K(18304K)->18029K(18304K) NonClass: 15722K(15872K)->15722K(15872K) Class: 2306K(2432K)->2306K(2432K)
[80.083s][info][gc             ] GC(105) Pause Full (Allocation Failure) 760M->760M(869M) 479.697ms
[80.083s][info][gc,cpu         ] GC(105) User=0.94s Sys=0.00s Real=0.48s
[80.083s][info][gc,start       ] GC(106) Pause Full (Allocation Failure)
[80.083s][info][gc,phases,start] GC(106) Marking Phase
[80.337s][info][gc,phases      ] GC(106) Marking Phase 253.920ms
[80.337s][info][gc,phases,start] GC(106) Summary Phase
[80.337s][info][gc,phases      ] GC(106) Summary Phase 0.025ms
[80.337s][info][gc,phases,start] GC(106) Forward
[80.355s][info][gc,phases      ] GC(106) Forward 17.957ms
[80.355s][info][gc,phases,start] GC(106) Adjust Pointers
[80.482s][info][gc,phases      ] GC(106) Adjust Pointers 126.767ms
[80.482s][info][gc,phases,start] GC(106) Compaction Phase
[80.562s][info][gc,phases      ] GC(106) Compaction Phase 80.463ms
[80.562s][info][gc,phases,start] GC(106) Post Compact
[80.565s][info][gc,phases      ] GC(106) Post Compact 2.252ms
[80.565s][info][gc,heap        ] GC(106) PSYoungGen: 111616K(222720K)->111616K(222720K) Eden: 111616K(111616K)->111616K(111616K) From: 0K(111104K)->0K(111104K)
[80.565s][info][gc,heap        ] GC(106) ParOldGen: 667519K(667648K)->667519K(667648K)
[80.565s][info][gc,metaspace   ] GC(106) Metaspace: 18029K(18304K)->18029K(18304K) NonClass: 15722K(15872K)->15722K(15872K) Class: 2306K(2432K)->2306K(2432K)
[80.565s][info][gc             ] GC(106) Pause Full (Allocation Failure) 760M->760M(869M) 481.737ms
[80.565s][info][gc,cpu         ] GC(106) User=0.94s Sys=0.00s Real=0.48s
[80.565s][info][gc,start       ] GC(107) Pause Full (Allocation Failure)
[80.565s][info][gc,phases,start] GC(107) Marking Phase
[80.817s][info][gc,phases      ] GC(107) Marking Phase 252.081ms
[80.817s][info][gc,phases,start] GC(107) Summary Phase
[80.817s][info][gc,phases      ] GC(107) Summary Phase 0.024ms
[80.817s][info][gc,phases,start] GC(107) Forward
[80.835s][info][gc,phases      ] GC(107) Forward 17.942ms
[80.835s][info][gc,phases,start] GC(107) Adjust Pointers
[80.962s][info][gc,phases      ] GC(107) Adjust Pointers 126.612ms
[80.962s][info][gc,phases,start] GC(107) Compaction Phase
[81.044s][info][gc,phases      ] GC(107) Compaction Phase 82.491ms
[81.044s][info][gc,phases,start] GC(107) Post Compact
[81.046s][info][gc,phases      ] GC(107) Post Compact 2.252ms
[81.046s][info][gc,heap        ] GC(107) PSYoungGen: 111616K(222720K)->111616K(222720K) Eden: 111616K(111616K)->111616K(111616K) From: 0K(111104K)->0K(111104K)
[81.047s][info][gc,heap        ] GC(107) ParOldGen: 667520K(667648K)->667520K(667648K)
[81.047s][info][gc,metaspace   ] GC(107) Metaspace: 18029K(18304K)->18029K(18304K) NonClass: 15722K(15872K)->15722K(15872K) Class: 2306K(2432K)->2306K(2432K)
[81.047s][info][gc             ] GC(107) Pause Full (Allocation Failure) 760M->760M(869M) 481.741ms
[81.047s][info][gc,cpu         ] GC(107) User=0.94s Sys=0.00s Real=0.48s
[81.047s][info][gc,start       ] GC(108) Pause Full (Allocation Failure)
[81.047s][info][gc,phases,start] GC(108) Marking Phase
[81.302s][info][gc,phases      ] GC(108) Marking Phase 255.543ms
[81.302s][info][gc,phases,start] GC(108) Summary Phase
[81.302s][info][gc,phases      ] GC(108) Summary Phase 0.038ms
[81.302s][info][gc,phases,start] GC(108) Forward
[81.320s][info][gc,phases      ] GC(108) Forward 18.012ms
[81.321s][info][gc,phases,start] GC(108) Adjust Pointers
[81.448s][info][gc,phases      ] GC(108) Adjust Pointers 127.864ms
[81.448s][info][gc,phases,start] GC(108) Compaction Phase
[81.529s][info][gc,phases      ] GC(108) Compaction Phase 80.711ms
[81.529s][info][gc,phases,start] GC(108) Post Compact
[81.532s][info][gc,phases      ] GC(108) Post Compact 2.290ms
[81.532s][info][gc,heap        ] GC(108) PSYoungGen: 111616K(222720K)->111616K(222720K) Eden: 111616K(111616K)->111616K(111616K) From: 0K(111104K)->0K(111104K)
[81.532s][info][gc,heap        ] GC(108) ParOldGen: 667520K(667648K)->667520K(667648K)
[81.532s][info][gc,metaspace   ] GC(108) Metaspace: 18029K(18304K)->18029K(18304K) NonClass: 15722K(15872K)->15722K(15872K) Class: 2306K(2432K)->2306K(2432K)
[81.532s][info][gc             ] GC(108) Pause Full (Allocation Failure) 760M->760M(869M) 484.815ms
[81.532s][info][gc,cpu         ] GC(108) User=0.94s Sys=0.00s Real=0.49s
[81.532s][info][gc,start       ] GC(109) Pause Full (Allocation Failure)
[81.532s][info][gc,phases,start] GC(109) Marking Phase
[81.787s][info][gc,phases      ] GC(109) Marking Phase 254.712ms
[81.787s][info][gc,phases,start] GC(109) Summary Phase
[81.787s][info][gc,phases      ] GC(109) Summary Phase 0.024ms
[81.787s][info][gc,phases,start] GC(109) Forward
[81.805s][info][gc,phases      ] GC(109) Forward 18.086ms
[81.805s][info][gc,phases,start] GC(109) Adjust Pointers
[81.930s][info][gc,phases      ] GC(109) Adjust Pointers 125.516ms
[81.930s][info][gc,phases,start] GC(109) Compaction Phase
[82.010s][info][gc,phases      ] GC(109) Compaction Phase 79.773ms
[82.010s][info][gc,phases,start] GC(109) Post Compact
[82.012s][info][gc,phases      ] GC(109) Post Compact 2.235ms
[82.012s][info][gc,heap        ] GC(109) PSYoungGen: 111616K(222720K)->111615K(222720K) Eden: 111616K(111616K)->111615K(111616K) From: 0K(111104K)->0K(111104K)
[82.012s][info][gc,heap        ] GC(109) ParOldGen: 667520K(667648K)->667520K(667648K)
[82.012s][info][gc,metaspace   ] GC(109) Metaspace: 18029K(18304K)->18029K(18304K) NonClass: 15722K(15872K)->15722K(15872K) Class: 2306K(2432K)->2306K(2432K)
[82.013s][info][gc             ] GC(109) Pause Full (Allocation Failure) 760M->760M(869M) 480.742ms
[82.013s][info][gc,cpu         ] GC(109) User=0.94s Sys=0.00s Real=0.48s
[82.013s][info][gc,start       ] GC(110) Pause Full (Allocation Failure)
[82.013s][info][gc,phases,start] GC(110) Marking Phase
[82.264s][info][gc,phases      ] GC(110) Marking Phase 251.803ms
[82.265s][info][gc,phases,start] GC(110) Summary Phase
[82.265s][info][gc,phases      ] GC(110) Summary Phase 0.023ms
[82.265s][info][gc,phases,start] GC(110) Forward
[82.283s][info][gc,phases      ] GC(110) Forward 18.263ms
[82.283s][info][gc,phases,start] GC(110) Adjust Pointers
[82.409s][info][gc,phases      ] GC(110) Adjust Pointers 125.740ms
[82.409s][info][gc,phases,start] GC(110) Compaction Phase
[82.488s][info][gc,phases      ] GC(110) Compaction Phase 79.740ms
[82.489s][info][gc,phases,start] GC(110) Post Compact
[82.491s][info][gc,phases      ] GC(110) Post Compact 2.271ms
[82.491s][info][gc,heap        ] GC(110) PSYoungGen: 111615K(222720K)->111615K(222720K) Eden: 111615K(111616K)->111615K(111616K) From: 0K(111104K)->0K(111104K)
[82.491s][info][gc,heap        ] GC(110) ParOldGen: 667520K(667648K)->667520K(667648K)
[82.491s][info][gc,metaspace   ] GC(110) Metaspace: 18029K(18304K)->18029K(18304K) NonClass: 15722K(15872K)->15722K(15872K) Class: 2306K(2432K)->2306K(2432K)
[82.491s][info][gc             ] GC(110) Pause Full (Allocation Failure) 760M->760M(869M) 478.191ms
[82.491s][info][gc,cpu         ] GC(110) User=0.94s Sys=0.00s Real=0.48s
[82.491s][info][gc,start       ] GC(111) Pause Full (Allocation Failure)
[82.491s][info][gc,phases,start] GC(111) Marking Phase
[82.741s][info][gc,phases      ] GC(111) Marking Phase 249.575ms
[82.741s][info][gc,phases,start] GC(111) Summary Phase
[82.741s][info][gc,phases      ] GC(111) Summary Phase 0.022ms
[82.741s][info][gc,phases,start] GC(111) Forward
[82.759s][info][gc,phases      ] GC(111) Forward 17.983ms
[82.759s][info][gc,phases,start] GC(111) Adjust Pointers
[82.884s][info][gc,phases      ] GC(111) Adjust Pointers 125.587ms
[82.884s][info][gc,phases,start] GC(111) Compaction Phase
[82.964s][info][gc,phases      ] GC(111) Compaction Phase 79.480ms
[82.964s][info][gc,phases,start] GC(111) Post Compact
[82.966s][info][gc,phases      ] GC(111) Post Compact 2.263ms
[82.966s][info][gc,heap        ] GC(111) PSYoungGen: 111615K(222720K)->111615K(222720K) Eden: 111615K(111616K)->111615K(111616K) From: 0K(111104K)->0K(111104K)
[82.966s][info][gc,heap        ] GC(111) ParOldGen: 667520K(667648K)->667520K(667648K)
[82.966s][info][gc,metaspace   ] GC(111) Metaspace: 18029K(18304K)->18029K(18304K) NonClass: 15722K(15872K)->15722K(15872K) Class: 2306K(2432K)->2306K(2432K)
[82.966s][info][gc             ] GC(111) Pause Full (Allocation Failure) 760M->760M(869M) 475.275ms
[82.966s][info][gc,cpu         ] GC(111) User=0.92s Sys=0.00s Real=0.47s
[82.966s][info][gc,start       ] GC(112) Pause Full (Allocation Failure)
[82.966s][info][gc,phases,start] GC(112) Marking Phase
[83.216s][info][gc,phases      ] GC(112) Marking Phase 249.896ms
[83.216s][info][gc,phases,start] GC(112) Summary Phase
[83.216s][info][gc,phases      ] GC(112) Summary Phase 0.023ms
[83.216s][info][gc,phases,start] GC(112) Forward
[83.234s][info][gc,phases      ] GC(112) Forward 17.705ms
[83.234s][info][gc,phases,start] GC(112) Adjust Pointers
[83.360s][info][gc,phases      ] GC(112) Adjust Pointers 125.549ms
[83.360s][info][gc,phases,start] GC(112) Compaction Phase
[83.442s][info][gc,phases      ] GC(112) Compaction Phase 81.980ms
[83.442s][info][gc,phases,start] GC(112) Post Compact
[83.444s][info][gc,phases      ] GC(112) Post Compact 2.255ms
[83.444s][info][gc,heap        ] GC(112) PSYoungGen: 111615K(222720K)->111615K(222720K) Eden: 111615K(111616K)->111615K(111616K) From: 0K(111104K)->0K(111104K)
[83.444s][info][gc,heap        ] GC(112) ParOldGen: 667520K(667648K)->667520K(667648K)
[83.444s][info][gc,metaspace   ] GC(112) Metaspace: 18029K(18304K)->18029K(18304K) NonClass: 15722K(15872K)->15722K(15872K) Class: 2306K(2432K)->2306K(2432K)
[83.444s][info][gc             ] GC(112) Pause Full (Allocation Failure) 760M->760M(869M) 477.762ms
[83.444s][info][gc,cpu         ] GC(112) User=0.94s Sys=0.00s Real=0.48s
[83.444s][info][gc,start       ] GC(113) Pause Full (Allocation Failure)
[83.444s][info][gc,phases,start] GC(113) Marking Phase
[83.697s][info][gc,phases      ] GC(113) Marking Phase 252.511ms
[83.697s][info][gc,phases,start] GC(113) Summary Phase
[83.697s][info][gc,phases      ] GC(113) Summary Phase 0.026ms
[83.697s][info][gc,phases,start] GC(113) Forward
[83.715s][info][gc,phases      ] GC(113) Forward 17.816ms
[83.715s][info][gc,phases,start] GC(113) Adjust Pointers
[83.840s][info][gc,phases      ] GC(113) Adjust Pointers 125.064ms
[83.840s][info][gc,phases,start] GC(113) Compaction Phase
[83.921s][info][gc,phases      ] GC(113) Compaction Phase 80.708ms
[83.921s][info][gc,phases,start] GC(113) Post Compact
[83.923s][info][gc,phases      ] GC(113) Post Compact 2.230ms
[83.923s][info][gc,heap        ] GC(113) PSYoungGen: 111615K(222720K)->111615K(222720K) Eden: 111615K(111616K)->111615K(111616K) From: 0K(111104K)->0K(111104K)
[83.923s][info][gc,heap        ] GC(113) ParOldGen: 667520K(667648K)->667520K(667648K)
[83.923s][info][gc,metaspace   ] GC(113) Metaspace: 18029K(18304K)->18029K(18304K) NonClass: 15722K(15872K)->15722K(15872K) Class: 2306K(2432K)->2306K(2432K)
[83.923s][info][gc             ] GC(113) Pause Full (Allocation Failure) 760M->760M(869M) 478.680ms
[83.923s][info][gc,cpu         ] GC(113) User=0.93s Sys=0.00s Real=0.48s
[83.923s][info][gc,start       ] GC(114) Pause Full (Allocation Failure)
[83.923s][info][gc,phases,start] GC(114) Marking Phase
[84.172s][info][gc,phases      ] GC(114) Marking Phase 248.898ms
[84.172s][info][gc,phases,start] GC(114) Summary Phase
[84.172s][info][gc,phases      ] GC(114) Summary Phase 0.023ms
[84.172s][info][gc,phases,start] GC(114) Forward
[84.190s][info][gc,phases      ] GC(114) Forward 17.977ms
[84.190s][info][gc,phases,start] GC(114) Adjust Pointers
[84.316s][info][gc,phases      ] GC(114) Adjust Pointers 125.715ms
[84.316s][info][gc,phases,start] GC(114) Compaction Phase
[84.396s][info][gc,phases      ] GC(114) Compaction Phase 79.876ms
[84.396s][info][gc,phases,start] GC(114) Post Compact
[84.398s][info][gc,phases      ] GC(114) Post Compact 2.252ms
[84.398s][info][gc,heap        ] GC(114) PSYoungGen: 111615K(222720K)->111615K(222720K) Eden: 111615K(111616K)->111615K(111616K) From: 0K(111104K)->0K(111104K)
[84.398s][info][gc,heap        ] GC(114) ParOldGen: 667520K(667648K)->667520K(667648K)
[84.398s][info][gc,metaspace   ] GC(114) Metaspace: 18029K(18304K)->18029K(18304K) NonClass: 15722K(15872K)->15722K(15872K) Class: 2306K(2432K)->2306K(2432K)
[84.398s][info][gc             ] GC(114) Pause Full (Allocation Failure) 760M->760M(869M) 475.071ms
[84.398s][info][gc,cpu         ] GC(114) User=0.93s Sys=0.00s Real=0.47s
[84.398s][info][gc,start       ] GC(115) Pause Full (Allocation Failure)
[84.398s][info][gc,phases,start] GC(115) Marking Phase
[84.650s][info][gc,phases      ] GC(115) Marking Phase 251.374ms
[84.650s][info][gc,phases,start] GC(115) Summary Phase
[84.650s][info][gc,phases      ] GC(115) Summary Phase 0.023ms
[84.650s][info][gc,phases,start] GC(115) Forward
[84.668s][info][gc,phases      ] GC(115) Forward 18.001ms
[84.668s][info][gc,phases,start] GC(115) Adjust Pointers
[84.794s][info][gc,phases      ] GC(115) Adjust Pointers 126.157ms
[84.794s][info][gc,phases,start] GC(115) Compaction Phase
[84.874s][info][gc,phases      ] GC(115) Compaction Phase 79.524ms
[84.874s][info][gc,phases,start] GC(115) Post Compact
[84.876s][info][gc,phases      ] GC(115) Post Compact 2.231ms
[84.876s][info][gc,heap        ] GC(115) PSYoungGen: 111615K(222720K)->111615K(222720K) Eden: 111615K(111616K)->111615K(111616K) From: 0K(111104K)->0K(111104K)
[84.876s][info][gc,heap        ] GC(115) ParOldGen: 667520K(667648K)->667520K(667648K)
[84.876s][info][gc,metaspace   ] GC(115) Metaspace: 18029K(18304K)->18029K(18304K) NonClass: 15722K(15872K)->15722K(15872K) Class: 2306K(2432K)->2306K(2432K)
[84.876s][info][gc             ] GC(115) Pause Full (Allocation Failure) 760M->760M(869M) 477.684ms
[84.876s][info][gc,cpu         ] GC(115) User=0.93s Sys=0.00s Real=0.48s
[84.876s][info][gc,start       ] GC(116) Pause Full (Allocation Failure)
[84.876s][info][gc,phases,start] GC(116) Marking Phase
[85.128s][info][gc,phases      ] GC(116) Marking Phase 252.226ms
[85.128s][info][gc,phases,start] GC(116) Summary Phase
[85.128s][info][gc,phases      ] GC(116) Summary Phase 0.024ms
[85.128s][info][gc,phases,start] GC(116) Forward
[85.148s][info][gc,phases      ] GC(116) Forward 20.041ms
[85.149s][info][gc,phases,start] GC(116) Adjust Pointers
[85.274s][info][gc,phases      ] GC(116) Adjust Pointers 125.873ms
[85.274s][info][gc,phases,start] GC(116) Compaction Phase
[85.354s][info][gc,phases      ] GC(116) Compaction Phase 79.742ms
[85.354s][info][gc,phases,start] GC(116) Post Compact
[85.357s][info][gc,phases      ] GC(116) Post Compact 2.263ms
[85.357s][info][gc,heap        ] GC(116) PSYoungGen: 111615K(222720K)->111615K(222720K) Eden: 111615K(111616K)->111615K(111616K) From: 0K(111104K)->0K(111104K)
[85.357s][info][gc,heap        ] GC(116) ParOldGen: 667520K(667648K)->667520K(667648K)
[85.357s][info][gc,metaspace   ] GC(116) Metaspace: 18029K(18304K)->18029K(18304K) NonClass: 15722K(15872K)->15722K(15872K) Class: 2306K(2432K)->2306K(2432K)
[85.357s][info][gc             ] GC(116) Pause Full (Allocation Failure) 760M->760M(869M) 480.575ms
[85.357s][info][gc,cpu         ] GC(116) User=0.93s Sys=0.00s Real=0.48s
[85.357s][info][gc,start       ] GC(117) Pause Full (Allocation Failure)
[85.357s][info][gc,phases,start] GC(117) Marking Phase
[85.608s][info][gc,phases      ] GC(117) Marking Phase 251.571ms
[85.608s][info][gc,phases,start] GC(117) Summary Phase
[85.608s][info][gc,phases      ] GC(117) Summary Phase 0.035ms
[85.608s][info][gc,phases,start] GC(117) Forward
[85.626s][info][gc,phases      ] GC(117) Forward 17.922ms
[85.626s][info][gc,phases,start] GC(117) Adjust Pointers
[85.752s][info][gc,phases      ] GC(117) Adjust Pointers 125.902ms
[85.752s][info][gc,phases,start] GC(117) Compaction Phase
[85.836s][info][gc,phases      ] GC(117) Compaction Phase 83.215ms
[85.836s][info][gc,phases,start] GC(117) Post Compact
[85.838s][info][gc,phases      ] GC(117) Post Compact 2.270ms
[85.838s][info][gc,heap        ] GC(117) PSYoungGen: 111615K(222720K)->111615K(222720K) Eden: 111615K(111616K)->111615K(111616K) From: 0K(111104K)->0K(111104K)
[85.838s][info][gc,heap        ] GC(117) ParOldGen: 667520K(667648K)->667520K(667648K)
[85.838s][info][gc,metaspace   ] GC(117) Metaspace: 18029K(18304K)->18029K(18304K) NonClass: 15722K(15872K)->15722K(15872K) Class: 2306K(2432K)->2306K(2432K)
[85.838s][info][gc             ] GC(117) Pause Full (Allocation Failure) 760M->760M(869M) 481.291ms
[85.838s][info][gc,cpu         ] GC(117) User=0.94s Sys=0.00s Real=0.48s
[85.838s][info][gc,start       ] GC(118) Pause Full (Allocation Failure)
[85.838s][info][gc,phases,start] GC(118) Marking Phase
[86.094s][info][gc,phases      ] GC(118) Marking Phase 255.602ms
[86.094s][info][gc,phases,start] GC(118) Summary Phase
[86.094s][info][gc,phases      ] GC(118) Summary Phase 0.024ms
[86.094s][info][gc,phases,start] GC(118) Forward
[86.112s][info][gc,phases      ] GC(118) Forward 18.098ms
[86.112s][info][gc,phases,start] GC(118) Adjust Pointers
[86.240s][info][gc,phases      ] GC(118) Adjust Pointers 127.662ms
[86.240s][info][gc,phases,start] GC(118) Compaction Phase
[86.320s][info][gc,phases      ] GC(118) Compaction Phase 80.328ms
[86.320s][info][gc,phases,start] GC(118) Post Compact
[86.322s][info][gc,phases      ] GC(118) Post Compact 2.259ms
[86.323s][info][gc,heap        ] GC(118) PSYoungGen: 111615K(222720K)->111615K(222720K) Eden: 111615K(111616K)->111615K(111616K) From: 0K(111104K)->0K(111104K)
[86.323s][info][gc,heap        ] GC(118) ParOldGen: 667520K(667648K)->667520K(667648K)
[86.323s][info][gc,metaspace   ] GC(118) Metaspace: 18029K(18304K)->18029K(18304K) NonClass: 15722K(15872K)->15722K(15872K) Class: 2306K(2432K)->2306K(2432K)
[86.323s][info][gc             ] GC(118) Pause Full (Allocation Failure) 760M->760M(869M) 484.378ms
[86.323s][info][gc,cpu         ] GC(118) User=0.94s Sys=0.01s Real=0.49s
[86.323s][info][gc,start       ] GC(119) Pause Full (Allocation Failure)
[86.323s][info][gc,phases,start] GC(119) Marking Phase
[86.577s][info][gc,phases      ] GC(119) Marking Phase 254.352ms
[86.577s][info][gc,phases,start] GC(119) Summary Phase
[86.577s][info][gc,phases      ] GC(119) Summary Phase 0.024ms
[86.577s][info][gc,phases,start] GC(119) Forward
[86.598s][info][gc,phases      ] GC(119) Forward 20.631ms
[86.598s][info][gc,phases,start] GC(119) Adjust Pointers
[86.726s][info][gc,phases      ] GC(119) Adjust Pointers 127.551ms
[86.726s][info][gc,phases,start] GC(119) Compaction Phase
[86.805s][info][gc,phases      ] GC(119) Compaction Phase 79.800ms
[86.805s][info][gc,phases,start] GC(119) Post Compact
[86.808s][info][gc,phases      ] GC(119) Post Compact 2.253ms
[86.808s][info][gc,heap        ] GC(119) PSYoungGen: 111615K(222720K)->111615K(222720K) Eden: 111615K(111616K)->111615K(111616K) From: 0K(111104K)->0K(111104K)
[86.808s][info][gc,heap        ] GC(119) ParOldGen: 667520K(667648K)->667520K(667648K)
[86.808s][info][gc,metaspace   ] GC(119) Metaspace: 18029K(18304K)->18029K(18304K) NonClass: 15722K(15872K)->15722K(15872K) Class: 2306K(2432K)->2306K(2432K)
[86.808s][info][gc             ] GC(119) Pause Full (Allocation Failure) 760M->760M(869M) 484.974ms
[86.808s][info][gc,cpu         ] GC(119) User=0.94s Sys=0.00s Real=0.48s
[86.808s][info][gc,start       ] GC(120) Pause Full (Allocation Failure)
[86.808s][info][gc,phases,start] GC(120) Marking Phase
[87.062s][info][gc,phases      ] GC(120) Marking Phase 254.470ms
[87.063s][info][gc,phases,start] GC(120) Summary Phase
[87.063s][info][gc,phases      ] GC(120) Summary Phase 0.022ms
[87.063s][info][gc,phases,start] GC(120) Forward
[87.080s][info][gc,phases      ] GC(120) Forward 17.846ms
[87.080s][info][gc,phases,start] GC(120) Adjust Pointers
[87.207s][info][gc,phases      ] GC(120) Adjust Pointers 126.022ms
[87.207s][info][gc,phases,start] GC(120) Compaction Phase
[87.288s][info][gc,phases      ] GC(120) Compaction Phase 81.084ms
[87.288s][info][gc,phases,start] GC(120) Post Compact
[87.290s][info][gc,phases      ] GC(120) Post Compact 2.260ms
[87.290s][info][gc,heap        ] GC(120) PSYoungGen: 111615K(222720K)->111615K(222720K) Eden: 111615K(111616K)->111615K(111616K) From: 0K(111104K)->0K(111104K)
[87.290s][info][gc,heap        ] GC(120) ParOldGen: 667520K(667648K)->667520K(667648K)
[87.290s][info][gc,metaspace   ] GC(120) Metaspace: 18029K(18304K)->18029K(18304K) NonClass: 15722K(15872K)->15722K(15872K) Class: 2306K(2432K)->2306K(2432K)
[87.290s][info][gc             ] GC(120) Pause Full (Allocation Failure) 760M->760M(869M) 482.064ms
[87.290s][info][gc,cpu         ] GC(120) User=0.94s Sys=0.00s Real=0.49s
[87.290s][info][gc,start       ] GC(121) Pause Full (Allocation Failure)
[87.290s][info][gc,phases,start] GC(121) Marking Phase
[87.545s][info][gc,phases      ] GC(121) Marking Phase 254.692ms
[87.545s][info][gc,phases,start] GC(121) Summary Phase
[87.545s][info][gc,phases      ] GC(121) Summary Phase 0.026ms
[87.545s][info][gc,phases,start] GC(121) Forward
[87.563s][info][gc,phases      ] GC(121) Forward 17.938ms
[87.563s][info][gc,phases,start] GC(121) Adjust Pointers
[87.691s][info][gc,phases      ] GC(121) Adjust Pointers 127.669ms
[87.691s][info][gc,phases,start] GC(121) Compaction Phase
[87.771s][info][gc,phases      ] GC(121) Compaction Phase 80.148ms
[87.771s][info][gc,phases,start] GC(121) Post Compact
[87.773s][info][gc,phases      ] GC(121) Post Compact 2.326ms
[87.773s][info][gc,heap        ] GC(121) PSYoungGen: 111615K(222720K)->111615K(222720K) Eden: 111615K(111616K)->111615K(111616K) From: 0K(111104K)->0K(111104K)
[87.773s][info][gc,heap        ] GC(121) ParOldGen: 667520K(667648K)->667520K(667648K)
[87.773s][info][gc,metaspace   ] GC(121) Metaspace: 18029K(18304K)->18029K(18304K) NonClass: 15722K(15872K)->15722K(15872K) Class: 2306K(2432K)->2306K(2432K)
[87.773s][info][gc             ] GC(121) Pause Full (Allocation Failure) 760M->760M(869M) 483.213ms
[87.773s][info][gc,cpu         ] GC(121) User=0.94s Sys=0.00s Real=0.48s
[87.774s][info][gc,start       ] GC(122) Pause Full (Allocation Failure)
[87.774s][info][gc,phases,start] GC(122) Marking Phase
[88.030s][info][gc,phases      ] GC(122) Marking Phase 256.342ms
[88.030s][info][gc,phases,start] GC(122) Summary Phase
[88.030s][info][gc,phases      ] GC(122) Summary Phase 0.025ms
[88.030s][info][gc,phases,start] GC(122) Forward
[88.051s][info][gc,phases      ] GC(122) Forward 20.506ms
[88.051s][info][gc,phases,start] GC(122) Adjust Pointers
[88.176s][info][gc,phases      ] GC(122) Adjust Pointers 125.027ms
[88.176s][info][gc,phases,start] GC(122) Compaction Phase
[88.254s][info][gc,phases      ] GC(122) Compaction Phase 78.638ms
[88.254s][info][gc,phases,start] GC(122) Post Compact
[88.257s][info][gc,phases      ] GC(122) Post Compact 2.230ms
[88.257s][info][gc,heap        ] GC(122) PSYoungGen: 111615K(222720K)->111615K(222720K) Eden: 111615K(111616K)->111615K(111616K) From: 0K(111104K)->0K(111104K)
[88.257s][info][gc,heap        ] GC(122) ParOldGen: 667520K(667648K)->667520K(667648K)
[88.257s][info][gc,metaspace   ] GC(122) Metaspace: 18029K(18304K)->18029K(18304K) NonClass: 15722K(15872K)->15722K(15872K) Class: 2306K(2432K)->2306K(2432K)
[88.257s][info][gc             ] GC(122) Pause Full (Allocation Failure) 760M->760M(869M) 483.117ms
[88.257s][info][gc,cpu         ] GC(122) User=0.94s Sys=0.00s Real=0.48s
[88.257s][info][gc,start       ] GC(123) Pause Full (Allocation Failure)
[88.257s][info][gc,phases,start] GC(123) Marking Phase
[88.510s][info][gc,phases      ] GC(123) Marking Phase 252.863ms
[88.510s][info][gc,phases,start] GC(123) Summary Phase
[88.510s][info][gc,phases      ] GC(123) Summary Phase 0.024ms
[88.510s][info][gc,phases,start] GC(123) Forward
[88.528s][info][gc,phases      ] GC(123) Forward 18.028ms
[88.528s][info][gc,phases,start] GC(123) Adjust Pointers
[88.655s][info][gc,phases      ] GC(123) Adjust Pointers 127.442ms
[88.655s][info][gc,phases,start] GC(123) Compaction Phase
[88.734s][info][gc,phases      ] GC(123) Compaction Phase 79.011ms
[88.734s][info][gc,phases,start] GC(123) Post Compact
[88.737s][info][gc,phases      ] GC(123) Post Compact 2.230ms
[88.737s][info][gc,heap        ] GC(123) PSYoungGen: 111615K(222720K)->111615K(222720K) Eden: 111615K(111616K)->111615K(111616K) From: 0K(111104K)->0K(111104K)
[88.737s][info][gc,heap        ] GC(123) ParOldGen: 667521K(667648K)->667521K(667648K)
[88.737s][info][gc,metaspace   ] GC(123) Metaspace: 18029K(18304K)->18029K(18304K) NonClass: 15722K(15872K)->15722K(15872K) Class: 2306K(2432K)->2306K(2432K)
[88.737s][info][gc             ] GC(123) Pause Full (Allocation Failure) 760M->760M(869M) 479.968ms
[88.737s][info][gc,cpu         ] GC(123) User=0.93s Sys=0.00s Real=0.48s
[88.737s][info][gc,start       ] GC(124) Pause Full (Allocation Failure)
[88.737s][info][gc,phases,start] GC(124) Marking Phase
[88.989s][info][gc,phases      ] GC(124) Marking Phase 252.530ms
[88.989s][info][gc,phases,start] GC(124) Summary Phase
[88.989s][info][gc,phases      ] GC(124) Summary Phase 0.024ms
[88.989s][info][gc,phases,start] GC(124) Forward
[89.007s][info][gc,phases      ] GC(124) Forward 17.962ms
[89.008s][info][gc,phases,start] GC(124) Adjust Pointers
[89.134s][info][gc,phases      ] GC(124) Adjust Pointers 126.788ms
[89.134s][info][gc,phases,start] GC(124) Compaction Phase
[89.214s][info][gc,phases      ] GC(124) Compaction Phase 79.867ms
[89.214s][info][gc,phases,start] GC(124) Post Compact
[89.217s][info][gc,phases      ] GC(124) Post Compact 2.273ms
[89.217s][info][gc,heap        ] GC(124) PSYoungGen: 111615K(222720K)->111615K(222720K) Eden: 111615K(111616K)->111615K(111616K) From: 0K(111104K)->0K(111104K)
[89.217s][info][gc,heap        ] GC(124) ParOldGen: 667521K(667648K)->667521K(667648K)
[89.217s][info][gc,metaspace   ] GC(124) Metaspace: 18029K(18304K)->18029K(18304K) NonClass: 15722K(15872K)->15722K(15872K) Class: 2306K(2432K)->2306K(2432K)
[89.217s][info][gc             ] GC(124) Pause Full (Allocation Failure) 760M->760M(869M) 479.873ms
[89.217s][info][gc,cpu         ] GC(124) User=0.93s Sys=0.01s Real=0.48s
[89.217s][info][gc,start       ] GC(125) Pause Full (Allocation Failure)
[89.217s][info][gc,phases,start] GC(125) Marking Phase
[89.468s][info][gc,phases      ] GC(125) Marking Phase 251.197ms
[89.468s][info][gc,phases,start] GC(125) Summary Phase
[89.468s][info][gc,phases      ] GC(125) Summary Phase 0.032ms
[89.468s][info][gc,phases,start] GC(125) Forward
[89.486s][info][gc,phases      ] GC(125) Forward 17.966ms
[89.486s][info][gc,phases,start] GC(125) Adjust Pointers
[89.613s][info][gc,phases      ] GC(125) Adjust Pointers 127.187ms
[89.613s][info][gc,phases,start] GC(125) Compaction Phase
[89.693s][info][gc,phases      ] GC(125) Compaction Phase 79.562ms
[89.693s][info][gc,phases,start] GC(125) Post Compact
[89.695s][info][gc,phases      ] GC(125) Post Compact 2.247ms
[89.695s][info][gc,heap        ] GC(125) PSYoungGen: 111615K(222720K)->111615K(222720K) Eden: 111615K(111616K)->111615K(111616K) From: 0K(111104K)->0K(111104K)
[89.695s][info][gc,heap        ] GC(125) ParOldGen: 667521K(667648K)->667521K(667648K)
[89.695s][info][gc,metaspace   ] GC(125) Metaspace: 18029K(18304K)->18029K(18304K) NonClass: 15722K(15872K)->15722K(15872K) Class: 2306K(2432K)->2306K(2432K)
[89.695s][info][gc             ] GC(125) Pause Full (Allocation Failure) 760M->760M(869M) 478.591ms
[89.695s][info][gc,cpu         ] GC(125) User=0.94s Sys=0.00s Real=0.48s
[89.696s][info][gc,start       ] GC(126) Pause Full (Allocation Failure)
[89.696s][info][gc,phases,start] GC(126) Marking Phase
[89.951s][info][gc,phases      ] GC(126) Marking Phase 255.016ms
[89.951s][info][gc,phases,start] GC(126) Summary Phase
[89.951s][info][gc,phases      ] GC(126) Summary Phase 0.023ms
[89.951s][info][gc,phases,start] GC(126) Forward
[89.968s][info][gc,phases      ] GC(126) Forward 17.752ms
[89.968s][info][gc,phases,start] GC(126) Adjust Pointers
[90.095s][info][gc,phases      ] GC(126) Adjust Pointers 126.792ms
[90.095s][info][gc,phases,start] GC(126) Compaction Phase
[90.176s][info][gc,phases      ] GC(126) Compaction Phase 80.263ms
[90.176s][info][gc,phases,start] GC(126) Post Compact
[90.178s][info][gc,phases      ] GC(126) Post Compact 2.294ms
[90.178s][info][gc,heap        ] GC(126) PSYoungGen: 111615K(222720K)->111615K(222720K) Eden: 111615K(111616K)->111615K(111616K) From: 0K(111104K)->0K(111104K)
[90.178s][info][gc,heap        ] GC(126) ParOldGen: 667521K(667648K)->667521K(667648K)
[90.178s][info][gc,metaspace   ] GC(126) Metaspace: 18029K(18304K)->18029K(18304K) NonClass: 15722K(15872K)->15722K(15872K) Class: 2306K(2432K)->2306K(2432K)
[90.178s][info][gc             ] GC(126) Pause Full (Allocation Failure) 760M->760M(869M) 482.499ms
[90.178s][info][gc,cpu         ] GC(126) User=0.94s Sys=0.00s Real=0.48s
[90.178s][info][gc,start       ] GC(127) Pause Full (Allocation Failure)
[90.178s][info][gc,phases,start] GC(127) Marking Phase
[90.435s][info][gc,phases      ] GC(127) Marking Phase 256.490ms
[90.435s][info][gc,phases,start] GC(127) Summary Phase
[90.435s][info][gc,phases      ] GC(127) Summary Phase 0.023ms
[90.435s][info][gc,phases,start] GC(127) Forward
[90.453s][info][gc,phases      ] GC(127) Forward 18.232ms
[90.453s][info][gc,phases,start] GC(127) Adjust Pointers
[90.584s][info][gc,phases      ] GC(127) Adjust Pointers 131.349ms
[90.585s][info][gc,phases,start] GC(127) Compaction Phase
[90.665s][info][gc,phases      ] GC(127) Compaction Phase 80.348ms
[90.665s][info][gc,phases,start] GC(127) Post Compact
[90.667s][info][gc,phases      ] GC(127) Post Compact 2.343ms
[90.667s][info][gc,heap        ] GC(127) PSYoungGen: 111615K(222720K)->111615K(222720K) Eden: 111615K(111616K)->111615K(111616K) From: 0K(111104K)->0K(111104K)
[90.667s][info][gc,heap        ] GC(127) ParOldGen: 667521K(667648K)->667521K(667648K)
[90.667s][info][gc,metaspace   ] GC(127) Metaspace: 18029K(18304K)->18029K(18304K) NonClass: 15722K(15872K)->15722K(15872K) Class: 2306K(2432K)->2306K(2432K)
[90.667s][info][gc             ] GC(127) Pause Full (Allocation Failure) 760M->760M(869M) 489.174ms
[90.667s][info][gc,cpu         ] GC(127) User=0.95s Sys=0.00s Real=0.49s
[90.668s][info][gc,start       ] GC(128) Pause Full (Allocation Failure)
[90.668s][info][gc,phases,start] GC(128) Marking Phase
[90.925s][info][gc,phases      ] GC(128) Marking Phase 256.941ms
[90.925s][info][gc,phases,start] GC(128) Summary Phase
[90.925s][info][gc,phases      ] GC(128) Summary Phase 0.025ms
[90.925s][info][gc,phases,start] GC(128) Forward
[90.944s][info][gc,phases      ] GC(128) Forward 19.478ms
[90.944s][info][gc,phases,start] GC(128) Adjust Pointers
[91.070s][info][gc,phases      ] GC(128) Adjust Pointers 126.172ms
[91.070s][info][gc,phases,start] GC(128) Compaction Phase
[91.151s][info][gc,phases      ] GC(128) Compaction Phase 80.812ms
[91.151s][info][gc,phases,start] GC(128) Post Compact
[91.154s][info][gc,phases      ] GC(128) Post Compact 2.245ms
[91.154s][info][gc,heap        ] GC(128) PSYoungGen: 111615K(222720K)->111615K(222720K) Eden: 111615K(111616K)->111615K(111616K) From: 0K(111104K)->0K(111104K)
[91.154s][info][gc,heap        ] GC(128) ParOldGen: 667521K(667648K)->667521K(667648K)
[91.154s][info][gc,metaspace   ] GC(128) Metaspace: 18029K(18304K)->18029K(18304K) NonClass: 15722K(15872K)->15722K(15872K) Class: 2306K(2432K)->2306K(2432K)
[91.154s][info][gc             ] GC(128) Pause Full (Allocation Failure) 760M->760M(869M) 486.021ms
[91.154s][info][gc,cpu         ] GC(128) User=0.95s Sys=0.00s Real=0.49s
[91.154s][info][gc,start       ] GC(129) Pause Full (Allocation Failure)
[91.154s][info][gc,phases,start] GC(129) Marking Phase
[91.403s][info][gc,phases      ] GC(129) Marking Phase 248.860ms
[91.403s][info][gc,phases,start] GC(129) Summary Phase
[91.403s][info][gc,phases      ] GC(129) Summary Phase 0.028ms
[91.403s][info][gc,phases,start] GC(129) Forward
[91.514s][info][gc,phases      ] GC(129) Forward 111.330ms
[91.514s][info][gc,phases,start] GC(129) Adjust Pointers
[91.651s][info][gc,phases      ] GC(129) Adjust Pointers 137.213ms
[91.651s][info][gc,phases,start] GC(129) Compaction Phase
[91.775s][info][gc,phases      ] GC(129) Compaction Phase 123.130ms
[91.775s][info][gc,phases,start] GC(129) Post Compact
[91.777s][info][metaspace      ] ChkMgr @0x00007f820c03ec70 (non-class-space): : reclaiming memory...
[91.777s][info][metaspace      ] ChkMgr @0x00007f820c03ec70 (non-class-space): nothing reclaimed.
[91.777s][info][metaspace      ] ChkMgr @0x00007f820c03ea80 (class-space): : reclaiming memory...
[91.777s][info][metaspace      ] ChkMgr @0x00007f820c03ea80 (class-space): nothing reclaimed.
[91.777s][info][gc,phases      ] GC(129) Post Compact 2.301ms
[91.779s][info][gc,heap        ] GC(129) PSYoungGen: 111615K(222720K)->0K(222720K) Eden: 111615K(111616K)->0K(111616K) From: 0K(111104K)->0K(111104K)
[91.779s][info][gc,heap        ] GC(129) ParOldGen: 667521K(667648K)->438360K(640512K)
[91.779s][info][gc,metaspace   ] GC(129) Metaspace: 18029K(18304K)->18026K(18304K) NonClass: 15722K(15872K)->15719K(15872K) Class: 2306K(2432K)->2306K(2432K)
[91.779s][info][gc             ] GC(129) Pause Full (Allocation Failure) 760M->428M(843M) 625.223ms
[91.779s][info][gc,cpu         ] GC(129) User=1.12s Sys=0.00s Real=0.62s
[91.885s][info][gc,start       ] GC(130) Pause Young (Allocation Failure)
[91.934s][info][gc,heap        ] GC(130) PSYoungGen: 111616K(222720K)->26584K(222720K) Eden: 111616K(111616K)->0K(111616K) From: 0K(111104K)->26584K(111104K)
[91.934s][info][gc,heap        ] GC(130) ParOldGen: 438360K(640512K)->438360K(640512K)
[91.934s][info][gc,metaspace   ] GC(130) Metaspace: 18030K(18304K)->18030K(18304K) NonClass: 15724K(15872K)->15724K(15872K) Class: 2306K(2432K)->2306K(2432K)
[91.934s][info][gc             ] GC(130) Pause Young (Allocation Failure) 537M->454M(843M) 48.597ms
[91.934s][info][gc,cpu         ] GC(130) User=0.09s Sys=0.00s Real=0.05s
[92.237s][info][gc,start       ] GC(131) Pause Young (Allocation Failure)
[92.294s][info][gc,heap        ] GC(131) PSYoungGen: 138200K(222720K)->15048K(222720K) Eden: 111616K(111616K)->0K(111616K) From: 26584K(111104K)->15048K(111104K)
[92.294s][info][gc,heap        ] GC(131) ParOldGen: 438360K(640512K)->465052K(640512K)
[92.294s][info][gc,metaspace   ] GC(131) Metaspace: 18034K(18304K)->18034K(18304K) NonClass: 15727K(15872K)->15727K(15872K) Class: 2306K(2432K)->2306K(2432K)
[92.294s][info][gc             ] GC(131) Pause Young (Allocation Failure) 563M->468M(843M) 56.983ms
[92.294s][info][gc,cpu         ] GC(131) User=0.12s Sys=0.00s Real=0.06s
[93.179s][info][gc,start       ] GC(132) Pause Young (Allocation Failure)
[93.291s][info][gc,heap        ] GC(132) PSYoungGen: 126664K(222720K)->91920K(222720K) Eden: 111616K(111616K)->0K(111616K) From: 15048K(111104K)->91920K(111104K)
[93.291s][info][gc,heap        ] GC(132) ParOldGen: 465052K(640512K)->480662K(640512K)
[93.291s][info][gc,metaspace   ] GC(132) Metaspace: 18047K(18368K)->18047K(18368K) NonClass: 15740K(15936K)->15740K(15936K) Class: 2306K(2432K)->2306K(2432K)
[93.291s][info][gc             ] GC(132) Pause Young (Allocation Failure) 577M->559M(843M) 112.082ms
[93.291s][info][gc,cpu         ] GC(132) User=0.22s Sys=0.00s Real=0.12s
[93.440s][info][gc,start       ] GC(133) Pause Young (Allocation Failure)
[93.644s][info][gc,heap        ] GC(133) PSYoungGen: 203536K(222720K)->110400K(222720K) Eden: 111616K(111616K)->0K(111616K) From: 91920K(111104K)->110400K(111104K)
[93.644s][info][gc,heap        ] GC(133) ParOldGen: 480662K(640512K)->572774K(640512K)
[93.644s][info][gc,metaspace   ] GC(133) Metaspace: 18047K(18368K)->18047K(18368K) NonClass: 15740K(15936K)->15740K(15936K) Class: 2306K(2432K)->2306K(2432K)
[93.644s][info][gc             ] GC(133) Pause Young (Allocation Failure) 668M->667M(843M) 204.282ms
[93.644s][info][gc,cpu         ] GC(133) User=0.41s Sys=0.00s Real=0.20s
[93.793s][info][gc,start       ] GC(134) Pause Full (Allocation Failure)
[93.793s][info][gc,phases,start] GC(134) Marking Phase
[94.292s][info][gc,phases      ] GC(134) Marking Phase 498.895ms
[94.292s][info][gc,phases,start] GC(134) Summary Phase
[94.292s][info][gc,phases      ] GC(134) Summary Phase 0.026ms
[94.292s][info][gc,phases,start] GC(134) Forward
[94.448s][info][gc,phases      ] GC(134) Forward 155.760ms
[94.448s][info][gc,phases,start] GC(134) Adjust Pointers
[94.727s][info][gc,phases      ] GC(134) Adjust Pointers 278.484ms
[94.727s][info][gc,phases,start] GC(134) Compaction Phase
[94.951s][info][gc,phases      ] GC(134) Compaction Phase 224.764ms
[94.951s][info][gc,phases,start] GC(134) Post Compact
[94.954s][info][gc,phases      ] GC(134) Post Compact 2.266ms
[94.954s][info][gc,heap        ] GC(134) PSYoungGen: 222016K(222720K)->28925K(222720K) Eden: 111616K(111616K)->0K(111616K) From: 110400K(111104K)->28925K(111104K)
[94.954s][info][gc,heap        ] GC(134) ParOldGen: 572774K(640512K)->640193K(667648K)
[94.954s][info][gc,metaspace   ] GC(134) Metaspace: 18047K(18368K)->18047K(18368K) NonClass: 15740K(15936K)->15740K(15936K) Class: 2306K(2432K)->2306K(2432K)
[94.954s][info][gc             ] GC(134) Pause Full (Allocation Failure) 776M->653M(869M) 1160.787ms
[94.954s][info][gc,cpu         ] GC(134) User=2.27s Sys=0.00s Real=1.16s
[95.103s][info][gc,start       ] GC(135) Pause Full (Allocation Failure)
[95.103s][info][gc,phases,start] GC(135) Marking Phase
[95.695s][info][gc,phases      ] GC(135) Marking Phase 592.286ms
[95.695s][info][gc,phases,start] GC(135) Summary Phase
[95.695s][info][gc,phases      ] GC(135) Summary Phase 0.027ms
[95.695s][info][gc,phases,start] GC(135) Forward
[95.876s][info][gc,phases      ] GC(135) Forward 180.116ms
[95.876s][info][gc,phases,start] GC(135) Adjust Pointers
[96.208s][info][gc,phases      ] GC(135) Adjust Pointers 332.179ms
[96.208s][info][gc,phases,start] GC(135) Compaction Phase
[96.574s][info][gc,phases      ] GC(135) Compaction Phase 366.483ms
[96.575s][info][gc,phases,start] GC(135) Post Compact
[96.577s][info][gc,phases      ] GC(135) Post Compact 2.714ms
[96.577s][info][gc,heap        ] GC(135) PSYoungGen: 140541K(222720K)->80028K(222720K) Eden: 111616K(111616K)->80028K(111616K) From: 28925K(111104K)->0K(111104K)
[96.577s][info][gc,heap        ] GC(135) ParOldGen: 640193K(667648K)->667383K(667648K)
[96.577s][info][gc,metaspace   ] GC(135) Metaspace: 18047K(18368K)->18047K(18368K) NonClass: 15740K(15936K)->15740K(15936K) Class: 2306K(2432K)->2306K(2432K)
[96.577s][info][gc             ] GC(135) Pause Full (Allocation Failure) 762M->729M(869M) 1474.450ms
[96.577s][info][gc,cpu         ] GC(135) User=2.77s Sys=0.02s Real=1.47s
[96.621s][info][gc,start       ] GC(136) Pause Full (Allocation Failure)
[96.621s][info][gc,phases,start] GC(136) Marking Phase
[97.255s][info][gc,phases      ] GC(136) Marking Phase 634.276ms
[97.255s][info][gc,phases,start] GC(136) Summary Phase
[97.255s][info][gc,phases      ] GC(136) Summary Phase 0.025ms
[97.255s][info][gc,phases,start] GC(136) Forward
[97.281s][info][gc,phases      ] GC(136) Forward 25.526ms
[97.281s][info][gc,phases,start] GC(136) Adjust Pointers
[97.586s][info][gc,phases      ] GC(136) Adjust Pointers 305.336ms
[97.586s][info][gc,phases,start] GC(136) Compaction Phase
[97.741s][info][gc,phases      ] GC(136) Compaction Phase 154.884ms
[97.741s][info][gc,phases,start] GC(136) Post Compact
[97.743s][info][gc,phases      ] GC(136) Post Compact 2.248ms
[97.743s][info][gc,heap        ] GC(136) PSYoungGen: 111616K(222720K)->111243K(222720K) Eden: 111616K(111616K)->111243K(111616K) From: 0K(111104K)->0K(111104K)
[97.743s][info][gc,heap        ] GC(136) ParOldGen: 667383K(667648K)->667383K(667648K)
[97.743s][info][gc,metaspace   ] GC(136) Metaspace: 18047K(18368K)->18047K(18368K) NonClass: 15740K(15936K)->15740K(15936K) Class: 2306K(2432K)->2306K(2432K)
[97.743s][info][gc             ] GC(136) Pause Full (Allocation Failure) 760M->760M(869M) 1122.729ms
[97.743s][info][gc,cpu         ] GC(136) User=2.21s Sys=0.00s Real=1.12s
[97.744s][info][gc,start       ] GC(137) Pause Full (Allocation Failure)
[97.744s][info][gc,phases,start] GC(137) Marking Phase
[98.370s][info][gc,phases      ] GC(137) Marking Phase 625.822ms
[98.370s][info][gc,phases,start] GC(137) Summary Phase
[98.370s][info][gc,phases      ] GC(137) Summary Phase 0.024ms
[98.370s][info][gc,phases,start] GC(137) Forward
[98.396s][info][gc,phases      ] GC(137) Forward 25.688ms
[98.396s][info][gc,phases,start] GC(137) Adjust Pointers
[98.707s][info][gc,phases      ] GC(137) Adjust Pointers 311.097ms
[98.707s][info][gc,phases,start] GC(137) Compaction Phase
[98.859s][info][gc,phases      ] GC(137) Compaction Phase 151.703ms
[98.859s][info][gc,phases,start] GC(137) Post Compact
[98.861s][info][gc,phases      ] GC(137) Post Compact 2.239ms
[98.861s][info][gc,heap        ] GC(137) PSYoungGen: 111616K(222720K)->111611K(222720K) Eden: 111616K(111616K)->111611K(111616K) From: 0K(111104K)->0K(111104K)
[98.861s][info][gc,heap        ] GC(137) ParOldGen: 667383K(667648K)->667383K(667648K)
[98.861s][info][gc,metaspace   ] GC(137) Metaspace: 18047K(18368K)->18047K(18368K) NonClass: 15740K(15936K)->15740K(15936K) Class: 2306K(2432K)->2306K(2432K)
[98.861s][info][gc             ] GC(137) Pause Full (Allocation Failure) 760M->760M(869M) 1116.905ms
[98.861s][info][gc,cpu         ] GC(137) User=2.18s Sys=0.00s Real=1.12s
[98.862s][info][gc,start       ] GC(138) Pause Full (Allocation Failure)
[98.862s][info][gc,phases,start] GC(138) Marking Phase
[99.479s][info][gc,phases      ] GC(138) Marking Phase 617.317ms
[99.479s][info][gc,phases,start] GC(138) Summary Phase
[99.479s][info][gc,phases      ] GC(138) Summary Phase 0.024ms
[99.479s][info][gc,phases,start] GC(138) Forward
[99.502s][info][gc,phases      ] GC(138) Forward 23.163ms
[99.502s][info][gc,phases,start] GC(138) Adjust Pointers
[99.807s][info][gc,phases      ] GC(138) Adjust Pointers 304.540ms
[99.807s][info][gc,phases,start] GC(138) Compaction Phase
[99.959s][info][gc,phases      ] GC(138) Compaction Phase 152.037ms
[99.959s][info][gc,phases,start] GC(138) Post Compact
[99.962s][info][gc,phases      ] GC(138) Post Compact 2.304ms
[99.962s][info][gc,heap        ] GC(138) PSYoungGen: 111616K(222720K)->111615K(222720K) Eden: 111616K(111616K)->111615K(111616K) From: 0K(111104K)->0K(111104K)
[99.962s][info][gc,heap        ] GC(138) ParOldGen: 667383K(667648K)->667383K(667648K)
[99.962s][info][gc,metaspace   ] GC(138) Metaspace: 18047K(18368K)->18047K(18368K) NonClass: 15740K(15936K)->15740K(15936K) Class: 2306K(2432K)->2306K(2432K)
[99.962s][info][gc             ] GC(138) Pause Full (Allocation Failure) 760M->760M(869M) 1099.793ms
[99.962s][info][gc,cpu         ] GC(138) User=2.17s Sys=0.00s Real=1.10s
[99.962s][info][gc,start       ] GC(139) Pause Full (Allocation Failure)
[99.962s][info][gc,phases,start] GC(139) Marking Phase
[100.591s][info][gc,phases      ] GC(139) Marking Phase 628.970ms
[100.591s][info][gc,phases,start] GC(139) Summary Phase
[100.591s][info][gc,phases      ] GC(139) Summary Phase 0.023ms
[100.591s][info][gc,phases,start] GC(139) Forward
[100.614s][info][gc,phases      ] GC(139) Forward 23.383ms
[100.614s][info][gc,phases,start] GC(139) Adjust Pointers
[100.922s][info][gc,phases      ] GC(139) Adjust Pointers 307.725ms
[100.922s][info][gc,phases,start] GC(139) Compaction Phase
[101.076s][info][gc,phases      ] GC(139) Compaction Phase 153.522ms
[101.076s][info][gc,phases,start] GC(139) Post Compact
[101.078s][info][gc,phases      ] GC(139) Post Compact 2.343ms
[101.078s][info][gc,heap        ] GC(139) PSYoungGen: 111616K(222720K)->111616K(222720K) Eden: 111616K(111616K)->111616K(111616K) From: 0K(111104K)->0K(111104K)
[101.078s][info][gc,heap        ] GC(139) ParOldGen: 667383K(667648K)->667383K(667648K)
[101.078s][info][gc,metaspace   ] GC(139) Metaspace: 18047K(18368K)->18047K(18368K) NonClass: 15740K(15936K)->15740K(15936K) Class: 2306K(2432K)->2306K(2432K)
[101.078s][info][gc             ] GC(139) Pause Full (Allocation Failure) 760M->760M(869M) 1116.388ms
[101.078s][info][gc,cpu         ] GC(139) User=2.20s Sys=0.00s Real=1.11s
[101.079s][info][gc,start       ] GC(140) Pause Full (Allocation Failure)
[101.079s][info][gc,phases,start] GC(140) Marking Phase
[101.699s][info][gc,phases      ] GC(140) Marking Phase 620.228ms
[101.699s][info][gc,phases,start] GC(140) Summary Phase
[101.699s][info][gc,phases      ] GC(140) Summary Phase 0.024ms
[101.699s][info][gc,phases,start] GC(140) Forward
[101.722s][info][gc,phases      ] GC(140) Forward 23.053ms
[101.722s][info][gc,phases,start] GC(140) Adjust Pointers
[102.024s][info][gc,phases      ] GC(140) Adjust Pointers 301.714ms
[102.024s][info][gc,phases,start] GC(140) Compaction Phase
[102.176s][info][gc,phases      ] GC(140) Compaction Phase 152.347ms
[102.176s][info][gc,phases,start] GC(140) Post Compact
[102.178s][info][gc,phases      ] GC(140) Post Compact 2.277ms
[102.179s][info][gc,heap        ] GC(140) PSYoungGen: 111616K(222720K)->111616K(222720K) Eden: 111616K(111616K)->111616K(111616K) From: 0K(111104K)->0K(111104K)
[102.179s][info][gc,heap        ] GC(140) ParOldGen: 667383K(667648K)->667383K(667648K)
[102.179s][info][gc,metaspace   ] GC(140) Metaspace: 18047K(18368K)->18047K(18368K) NonClass: 15740K(15936K)->15740K(15936K) Class: 2306K(2432K)->2306K(2432K)
[102.179s][info][gc             ] GC(140) Pause Full (Allocation Failure) 760M->760M(869M) 1100.023ms
[102.179s][info][gc,cpu         ] GC(140) User=2.17s Sys=0.00s Real=1.10s
[102.179s][info][gc,start       ] GC(141) Pause Full (Allocation Failure)
[102.179s][info][gc,phases,start] GC(141) Marking Phase
[102.800s][info][gc,phases      ] GC(141) Marking Phase 621.711ms
[102.800s][info][gc,phases,start] GC(141) Summary Phase
[102.800s][info][gc,phases      ] GC(141) Summary Phase 0.024ms
[102.800s][info][gc,phases,start] GC(141) Forward
[102.823s][info][gc,phases      ] GC(141) Forward 22.793ms
[102.823s][info][gc,phases,start] GC(141) Adjust Pointers
[103.128s][info][gc,phases      ] GC(141) Adjust Pointers 304.670ms
[103.128s][info][gc,phases,start] GC(141) Compaction Phase
[103.279s][info][gc,phases      ] GC(141) Compaction Phase 150.999ms
[103.279s][info][gc,phases,start] GC(141) Post Compact
[103.281s][info][gc,phases      ] GC(141) Post Compact 2.265ms
[103.281s][info][gc,heap        ] GC(141) PSYoungGen: 111616K(222720K)->111616K(222720K) Eden: 111616K(111616K)->111616K(111616K) From: 0K(111104K)->0K(111104K)
[103.281s][info][gc,heap        ] GC(141) ParOldGen: 667383K(667648K)->667383K(667648K)
[103.281s][info][gc,metaspace   ] GC(141) Metaspace: 18047K(18368K)->18047K(18368K) NonClass: 15740K(15936K)->15740K(15936K) Class: 2306K(2432K)->2306K(2432K)
[103.282s][info][gc             ] GC(141) Pause Full (Allocation Failure) 760M->760M(869M) 1102.857ms
[103.282s][info][gc,cpu         ] GC(141) User=2.18s Sys=0.00s Real=1.11s
[103.282s][info][gc,start       ] GC(142) Pause Full (Allocation Failure)
[103.282s][info][gc,phases,start] GC(142) Marking Phase
[103.897s][info][gc,phases      ] GC(142) Marking Phase 615.434ms
[103.897s][info][gc,phases,start] GC(142) Summary Phase
[103.897s][info][gc,phases      ] GC(142) Summary Phase 0.024ms
[103.897s][info][gc,phases,start] GC(142) Forward
[103.920s][info][gc,phases      ] GC(142) Forward 22.561ms
[103.920s][info][gc,phases,start] GC(142) Adjust Pointers
[104.226s][info][gc,phases      ] GC(142) Adjust Pointers 305.817ms
[104.226s][info][gc,phases,start] GC(142) Compaction Phase
[104.377s][info][gc,phases      ] GC(142) Compaction Phase 151.631ms
[104.377s][info][gc,phases,start] GC(142) Post Compact
[104.380s][info][gc,phases      ] GC(142) Post Compact 2.248ms
[104.380s][info][gc,heap        ] GC(142) PSYoungGen: 111616K(222720K)->111616K(222720K) Eden: 111616K(111616K)->111616K(111616K) From: 0K(111104K)->0K(111104K)
[104.380s][info][gc,heap        ] GC(142) ParOldGen: 667384K(667648K)->667384K(667648K)
[104.380s][info][gc,metaspace   ] GC(142) Metaspace: 18047K(18368K)->18047K(18368K) NonClass: 15740K(15936K)->15740K(15936K) Class: 2306K(2432K)->2306K(2432K)
[104.380s][info][gc             ] GC(142) Pause Full (Allocation Failure) 760M->760M(869M) 1098.070ms
[104.380s][info][gc,cpu         ] GC(142) User=2.17s Sys=0.00s Real=1.10s
[104.380s][info][gc,start       ] GC(143) Pause Full (Allocation Failure)
[104.380s][info][gc,phases,start] GC(143) Marking Phase
[105.002s][info][gc,phases      ] GC(143) Marking Phase 622.006ms
[105.002s][info][gc,phases,start] GC(143) Summary Phase
[105.002s][info][gc,phases      ] GC(143) Summary Phase 0.023ms
[105.002s][info][gc,phases,start] GC(143) Forward
[105.025s][info][gc,phases      ] GC(143) Forward 22.982ms
[105.025s][info][gc,phases,start] GC(143) Adjust Pointers
[105.329s][info][gc,phases      ] GC(143) Adjust Pointers 304.456ms
[105.330s][info][gc,phases,start] GC(143) Compaction Phase
[105.481s][info][gc,phases      ] GC(143) Compaction Phase 151.582ms
[105.481s][info][gc,phases,start] GC(143) Post Compact
[105.484s][info][gc,phases      ] GC(143) Post Compact 2.283ms
[105.484s][info][gc,heap        ] GC(143) PSYoungGen: 111616K(222720K)->111615K(222720K) Eden: 111616K(111616K)->111615K(111616K) From: 0K(111104K)->0K(111104K)
[105.484s][info][gc,heap        ] GC(143) ParOldGen: 667384K(667648K)->667384K(667648K)
[105.484s][info][gc,metaspace   ] GC(143) Metaspace: 18047K(18368K)->18047K(18368K) NonClass: 15740K(15936K)->15740K(15936K) Class: 2306K(2432K)->2306K(2432K)
[105.484s][info][gc             ] GC(143) Pause Full (Allocation Failure) 760M->760M(869M) 1103.716ms
[105.484s][info][gc,cpu         ] GC(143) User=2.18s Sys=0.00s Real=1.10s
[105.484s][info][gc,start       ] GC(144) Pause Full (Allocation Failure)
[105.484s][info][gc,phases,start] GC(144) Marking Phase
[106.109s][info][gc,phases      ] GC(144) Marking Phase 624.996ms
[106.109s][info][gc,phases,start] GC(144) Summary Phase
[106.109s][info][gc,phases      ] GC(144) Summary Phase 0.023ms
[106.109s][info][gc,phases,start] GC(144) Forward
[106.133s][info][gc,phases      ] GC(144) Forward 23.659ms
[106.133s][info][gc,phases,start] GC(144) Adjust Pointers
[106.439s][info][gc,phases      ] GC(144) Adjust Pointers 306.625ms
[106.439s][info][gc,phases,start] GC(144) Compaction Phase
[106.594s][info][gc,phases      ] GC(144) Compaction Phase 155.032ms
[106.594s][info][gc,phases,start] GC(144) Post Compact
[106.597s][info][gc,phases      ] GC(144) Post Compact 2.254ms
[106.597s][info][gc,heap        ] GC(144) PSYoungGen: 111616K(222720K)->111616K(222720K) Eden: 111616K(111616K)->111616K(111616K) From: 0K(111104K)->0K(111104K)
[106.597s][info][gc,heap        ] GC(144) ParOldGen: 667384K(667648K)->667384K(667648K)
[106.597s][info][gc,metaspace   ] GC(144) Metaspace: 18047K(18368K)->18047K(18368K) NonClass: 15740K(15936K)->15740K(15936K) Class: 2306K(2432K)->2306K(2432K)
[106.597s][info][gc             ] GC(144) Pause Full (Allocation Failure) 760M->760M(869M) 1112.953ms
[106.597s][info][gc,cpu         ] GC(144) User=2.19s Sys=0.01s Real=1.11s
[106.597s][info][gc,start       ] GC(145) Pause Full (Allocation Failure)
[106.597s][info][gc,phases,start] GC(145) Marking Phase
[107.224s][info][gc,phases      ] GC(145) Marking Phase 626.653ms
[107.224s][info][gc,phases,start] GC(145) Summary Phase
[107.224s][info][gc,phases      ] GC(145) Summary Phase 0.023ms
[107.224s][info][gc,phases,start] GC(145) Forward
[107.246s][info][gc,phases      ] GC(145) Forward 22.846ms
[107.247s][info][gc,phases,start] GC(145) Adjust Pointers
[107.552s][info][gc,phases      ] GC(145) Adjust Pointers 305.091ms
[107.552s][info][gc,phases,start] GC(145) Compaction Phase
[107.702s][info][gc,phases      ] GC(145) Compaction Phase 150.145ms
[107.702s][info][gc,phases,start] GC(145) Post Compact
[107.704s][info][gc,phases      ] GC(145) Post Compact 2.241ms
[107.704s][info][gc,heap        ] GC(145) PSYoungGen: 111616K(222720K)->111616K(222720K) Eden: 111616K(111616K)->111616K(111616K) From: 0K(111104K)->0K(111104K)
[107.704s][info][gc,heap        ] GC(145) ParOldGen: 667384K(667648K)->667384K(667648K)
[107.704s][info][gc,metaspace   ] GC(145) Metaspace: 18047K(18368K)->18047K(18368K) NonClass: 15740K(15936K)->15740K(15936K) Class: 2306K(2432K)->2306K(2432K)
[107.704s][info][gc             ] GC(145) Pause Full (Allocation Failure) 760M->760M(869M) 1107.368ms
[107.704s][info][gc,cpu         ] GC(145) User=2.19s Sys=0.00s Real=1.11s
[107.704s][info][gc,start       ] GC(146) Pause Full (Allocation Failure)
[107.704s][info][gc,phases,start] GC(146) Marking Phase
[108.331s][info][gc,phases      ] GC(146) Marking Phase 626.119ms
[108.331s][info][gc,phases,start] GC(146) Summary Phase
[108.331s][info][gc,phases      ] GC(146) Summary Phase 0.024ms
[108.331s][info][gc,phases,start] GC(146) Forward
[108.354s][info][gc,phases      ] GC(146) Forward 23.163ms
[108.354s][info][gc,phases,start] GC(146) Adjust Pointers
[108.660s][info][gc,phases      ] GC(146) Adjust Pointers 305.656ms
[108.660s][info][gc,phases,start] GC(146) Compaction Phase
[108.811s][info][gc,phases      ] GC(146) Compaction Phase 151.458ms
[108.811s][info][gc,phases,start] GC(146) Post Compact
[108.813s][info][gc,phases      ] GC(146) Post Compact 2.246ms
[108.813s][info][gc,heap        ] GC(146) PSYoungGen: 111616K(222720K)->111616K(222720K) Eden: 111616K(111616K)->111616K(111616K) From: 0K(111104K)->0K(111104K)
[108.813s][info][gc,heap        ] GC(146) ParOldGen: 667384K(667648K)->667384K(667648K)
[108.813s][info][gc,metaspace   ] GC(146) Metaspace: 18047K(18368K)->18047K(18368K) NonClass: 15740K(15936K)->15740K(15936K) Class: 2306K(2432K)->2306K(2432K)
[108.813s][info][gc             ] GC(146) Pause Full (Allocation Failure) 760M->760M(869M) 1109.057ms
[108.813s][info][gc,cpu         ] GC(146) User=2.19s Sys=0.00s Real=1.11s
[108.814s][info][gc,start       ] GC(147) Pause Full (Allocation Failure)
[108.814s][info][gc,phases,start] GC(147) Marking Phase
[109.440s][info][gc,phases      ] GC(147) Marking Phase 625.957ms
[109.440s][info][gc,phases,start] GC(147) Summary Phase
[109.440s][info][gc,phases      ] GC(147) Summary Phase 0.024ms
[109.440s][info][gc,phases,start] GC(147) Forward
[109.463s][info][gc,phases      ] GC(147) Forward 23.008ms
[109.463s][info][gc,phases,start] GC(147) Adjust Pointers
[109.766s][info][gc,phases      ] GC(147) Adjust Pointers 303.518ms
[109.766s][info][gc,phases,start] GC(147) Compaction Phase
[109.917s][info][gc,phases      ] GC(147) Compaction Phase 151.057ms
[109.917s][info][gc,phases,start] GC(147) Post Compact
[109.920s][info][gc,phases      ] GC(147) Post Compact 2.236ms
[109.920s][info][gc,heap        ] GC(147) PSYoungGen: 111616K(222720K)->111616K(222720K) Eden: 111616K(111616K)->111616K(111616K) From: 0K(111104K)->0K(111104K)
[109.920s][info][gc,heap        ] GC(147) ParOldGen: 667384K(667648K)->667384K(667648K)
[109.920s][info][gc,metaspace   ] GC(147) Metaspace: 18047K(18368K)->18047K(18368K) NonClass: 15740K(15936K)->15740K(15936K) Class: 2306K(2432K)->2306K(2432K)
[109.920s][info][gc             ] GC(147) Pause Full (Allocation Failure) 760M->760M(869M) 1106.142ms
[109.920s][info][gc,cpu         ] GC(147) User=2.18s Sys=0.00s Real=1.11s
[109.920s][info][gc,start       ] GC(148) Pause Full (Allocation Failure)
[109.920s][info][gc,phases,start] GC(148) Marking Phase
[110.538s][info][gc,phases      ] GC(148) Marking Phase 617.876ms
[110.538s][info][gc,phases,start] GC(148) Summary Phase
[110.538s][info][gc,phases      ] GC(148) Summary Phase 0.023ms
[110.538s][info][gc,phases,start] GC(148) Forward
[110.561s][info][gc,phases      ] GC(148) Forward 22.853ms
[110.561s][info][gc,phases,start] GC(148) Adjust Pointers
[110.866s][info][gc,phases      ] GC(148) Adjust Pointers 305.079ms
[110.866s][info][gc,phases,start] GC(148) Compaction Phase
[111.017s][info][gc,phases      ] GC(148) Compaction Phase 151.223ms
[111.017s][info][gc,phases,start] GC(148) Post Compact
[111.019s][info][gc,phases      ] GC(148) Post Compact 2.237ms
[111.019s][info][gc,heap        ] GC(148) PSYoungGen: 111616K(222720K)->111616K(222720K) Eden: 111616K(111616K)->111616K(111616K) From: 0K(111104K)->0K(111104K)
[111.019s][info][gc,heap        ] GC(148) ParOldGen: 667384K(667648K)->667384K(667648K)
[111.019s][info][gc,metaspace   ] GC(148) Metaspace: 18047K(18368K)->18047K(18368K) NonClass: 15740K(15936K)->15740K(15936K) Class: 2306K(2432K)->2306K(2432K)
[111.019s][info][gc             ] GC(148) Pause Full (Allocation Failure) 760M->760M(869M) 1099.653ms
[111.019s][info][gc,cpu         ] GC(148) User=2.17s Sys=0.00s Real=1.10s
[111.020s][info][gc,start       ] GC(149) Pause Full (Allocation Failure)
[111.020s][info][gc,phases,start] GC(149) Marking Phase
[111.646s][info][gc,phases      ] GC(149) Marking Phase 626.722ms
[111.646s][info][gc,phases,start] GC(149) Summary Phase
[111.646s][info][gc,phases      ] GC(149) Summary Phase 0.023ms
[111.646s][info][gc,phases,start] GC(149) Forward
[111.669s][info][gc,phases      ] GC(149) Forward 22.972ms
[111.669s][info][gc,phases,start] GC(149) Adjust Pointers
[111.979s][info][gc,phases      ] GC(149) Adjust Pointers 309.570ms
[111.979s][info][gc,phases,start] GC(149) Compaction Phase
[112.132s][info][gc,phases      ] GC(149) Compaction Phase 153.038ms
[112.132s][info][gc,phases,start] GC(149) Post Compact
[112.135s][info][gc,phases      ] GC(149) Post Compact 2.289ms
[112.135s][info][gc,heap        ] GC(149) PSYoungGen: 111616K(222720K)->111616K(222720K) Eden: 111616K(111616K)->111616K(111616K) From: 0K(111104K)->0K(111104K)
[112.135s][info][gc,heap        ] GC(149) ParOldGen: 667384K(667648K)->667384K(667648K)
[112.135s][info][gc,metaspace   ] GC(149) Metaspace: 18047K(18368K)->18047K(18368K) NonClass: 15740K(15936K)->15740K(15936K) Class: 2306K(2432K)->2306K(2432K)
[112.135s][info][gc             ] GC(149) Pause Full (Allocation Failure) 760M->760M(869M) 1115.022ms
[112.135s][info][gc,cpu         ] GC(149) User=2.20s Sys=0.00s Real=1.11s
[112.135s][info][gc,start       ] GC(150) Pause Full (Allocation Failure)
[112.135s][info][gc,phases,start] GC(150) Marking Phase
[112.768s][info][gc,phases      ] GC(150) Marking Phase 633.145ms
[112.768s][info][gc,phases,start] GC(150) Summary Phase
[112.768s][info][gc,phases      ] GC(150) Summary Phase 0.026ms
[112.768s][info][gc,phases,start] GC(150) Forward
[112.791s][info][gc,phases      ] GC(150) Forward 23.477ms
[112.792s][info][gc,phases,start] GC(150) Adjust Pointers
[113.096s][info][gc,phases      ] GC(150) Adjust Pointers 304.685ms
[113.096s][info][gc,phases,start] GC(150) Compaction Phase
[113.248s][info][gc,phases      ] GC(150) Compaction Phase 151.624ms
[113.248s][info][gc,phases,start] GC(150) Post Compact
[113.250s][info][gc,phases      ] GC(150) Post Compact 2.317ms
[113.250s][info][gc,heap        ] GC(150) PSYoungGen: 111616K(222720K)->111616K(222720K) Eden: 111616K(111616K)->111616K(111616K) From: 0K(111104K)->0K(111104K)
[113.250s][info][gc,heap        ] GC(150) ParOldGen: 667384K(667648K)->667384K(667648K)
[113.250s][info][gc,metaspace   ] GC(150) Metaspace: 18047K(18368K)->18047K(18368K) NonClass: 15740K(15936K)->15740K(15936K) Class: 2306K(2432K)->2306K(2432K)
[113.250s][info][gc             ] GC(150) Pause Full (Allocation Failure) 760M->760M(869M) 1115.657ms
[113.250s][info][gc,cpu         ] GC(150) User=2.20s Sys=0.00s Real=1.12s
[113.251s][info][gc,start       ] GC(151) Pause Full (Allocation Failure)
[113.251s][info][gc,phases,start] GC(151) Marking Phase
[113.870s][info][gc,phases      ] GC(151) Marking Phase 619.565ms
[113.870s][info][gc,phases,start] GC(151) Summary Phase
[113.870s][info][gc,phases      ] GC(151) Summary Phase 0.024ms
[113.870s][info][gc,phases,start] GC(151) Forward
[113.893s][info][gc,phases      ] GC(151) Forward 22.675ms
[113.893s][info][gc,phases,start] GC(151) Adjust Pointers
[114.196s][info][gc,phases      ] GC(151) Adjust Pointers 302.771ms
[114.196s][info][gc,phases,start] GC(151) Compaction Phase
[114.346s][info][gc,phases      ] GC(151) Compaction Phase 150.569ms
[114.346s][info][gc,phases,start] GC(151) Post Compact
[114.349s][info][gc,phases      ] GC(151) Post Compact 2.268ms
[114.349s][info][gc,heap        ] GC(151) PSYoungGen: 111616K(222720K)->111616K(222720K) Eden: 111616K(111616K)->111616K(111616K) From: 0K(111104K)->0K(111104K)
[114.349s][info][gc,heap        ] GC(151) ParOldGen: 667384K(667648K)->667384K(667648K)
[114.349s][info][gc,metaspace   ] GC(151) Metaspace: 18047K(18368K)->18047K(18368K) NonClass: 15740K(15936K)->15740K(15936K) Class: 2306K(2432K)->2306K(2432K)
[114.349s][info][gc             ] GC(151) Pause Full (Allocation Failure) 760M->760M(869M) 1098.224ms
[114.349s][info][gc,cpu         ] GC(151) User=2.16s Sys=0.00s Real=1.09s
[114.349s][info][gc,start       ] GC(152) Pause Full (Allocation Failure)
[114.349s][info][gc,phases,start] GC(152) Marking Phase
[114.971s][info][gc,phases      ] GC(152) Marking Phase 622.242ms
[114.971s][info][gc,phases,start] GC(152) Summary Phase
[114.971s][info][gc,phases      ] GC(152) Summary Phase 0.023ms
[114.971s][info][gc,phases,start] GC(152) Forward
[114.994s][info][gc,phases      ] GC(152) Forward 22.666ms
[114.994s][info][gc,phases,start] GC(152) Adjust Pointers
[115.298s][info][gc,phases      ] GC(152) Adjust Pointers 303.612ms
[115.298s][info][gc,phases,start] GC(152) Compaction Phase
[115.449s][info][gc,phases      ] GC(152) Compaction Phase 151.438ms
[115.449s][info][gc,phases,start] GC(152) Post Compact
[115.451s][info][gc,phases      ] GC(152) Post Compact 2.267ms
[115.451s][info][gc,heap        ] GC(152) PSYoungGen: 111616K(222720K)->111616K(222720K) Eden: 111616K(111616K)->111616K(111616K) From: 0K(111104K)->0K(111104K)
[115.451s][info][gc,heap        ] GC(152) ParOldGen: 667384K(667648K)->667384K(667648K)
[115.451s][info][gc,metaspace   ] GC(152) Metaspace: 18047K(18368K)->18047K(18368K) NonClass: 15740K(15936K)->15740K(15936K) Class: 2306K(2432K)->2306K(2432K)
[115.452s][info][gc             ] GC(152) Pause Full (Allocation Failure) 760M->760M(869M) 1102.668ms
[115.452s][info][gc,cpu         ] GC(152) User=2.18s Sys=0.00s Real=1.11s
[115.452s][info][gc,start       ] GC(153) Pause Full (Allocation Failure)
[115.452s][info][gc,phases,start] GC(153) Marking Phase
[116.075s][info][gc,phases      ] GC(153) Marking Phase 623.521ms
[116.075s][info][gc,phases,start] GC(153) Summary Phase
[116.075s][info][gc,phases      ] GC(153) Summary Phase 0.024ms
[116.075s][info][gc,phases,start] GC(153) Forward
[116.098s][info][gc,phases      ] GC(153) Forward 22.624ms
[116.098s][info][gc,phases,start] GC(153) Adjust Pointers
[116.403s][info][gc,phases      ] GC(153) Adjust Pointers 304.489ms
[116.403s][info][gc,phases,start] GC(153) Compaction Phase
[116.551s][info][gc,phases      ] GC(153) Compaction Phase 148.388ms
[116.551s][info][gc,phases,start] GC(153) Post Compact
[116.553s][info][gc,phases      ] GC(153) Post Compact 2.246ms
[116.553s][info][gc,heap        ] GC(153) PSYoungGen: 111616K(222720K)->111616K(222720K) Eden: 111616K(111616K)->111616K(111616K) From: 0K(111104K)->0K(111104K)
[116.553s][info][gc,heap        ] GC(153) ParOldGen: 667384K(667648K)->667384K(667648K)
[116.553s][info][gc,metaspace   ] GC(153) Metaspace: 18047K(18368K)->18047K(18368K) NonClass: 15740K(15936K)->15740K(15936K) Class: 2306K(2432K)->2306K(2432K)
[116.553s][info][gc             ] GC(153) Pause Full (Allocation Failure) 760M->760M(869M) 1101.642ms
[116.553s][info][gc,cpu         ] GC(153) User=2.17s Sys=0.00s Real=1.10s
[116.554s][info][gc,start       ] GC(154) Pause Full (Allocation Failure)
[116.554s][info][gc,phases,start] GC(154) Marking Phase
[117.181s][info][gc,phases      ] GC(154) Marking Phase 627.235ms
[117.181s][info][gc,phases,start] GC(154) Summary Phase
[117.181s][info][gc,phases      ] GC(154) Summary Phase 0.026ms
[117.181s][info][gc,phases,start] GC(154) Forward
[117.204s][info][gc,phases      ] GC(154) Forward 23.243ms
[117.204s][info][gc,phases,start] GC(154) Adjust Pointers
[117.512s][info][gc,phases      ] GC(154) Adjust Pointers 307.663ms
[117.512s][info][gc,phases,start] GC(154) Compaction Phase
[117.664s][info][gc,phases      ] GC(154) Compaction Phase 151.664ms
[117.664s][info][gc,phases,start] GC(154) Post Compact
[117.666s][info][gc,phases      ] GC(154) Post Compact 2.285ms
[117.666s][info][gc,heap        ] GC(154) PSYoungGen: 111616K(222720K)->111616K(222720K) Eden: 111616K(111616K)->111616K(111616K) From: 0K(111104K)->0K(111104K)
[117.666s][info][gc,heap        ] GC(154) ParOldGen: 667384K(667648K)->667384K(667648K)
[117.666s][info][gc,metaspace   ] GC(154) Metaspace: 18047K(18368K)->18047K(18368K) NonClass: 15740K(15936K)->15740K(15936K) Class: 2306K(2432K)->2306K(2432K)
[117.666s][info][gc             ] GC(154) Pause Full (Allocation Failure) 760M->760M(869M) 1112.500ms
[117.666s][info][gc,cpu         ] GC(154) User=2.20s Sys=0.01s Real=1.11s
[117.666s][info][gc,start       ] GC(155) Pause Full (Allocation Failure)
[117.666s][info][gc,phases,start] GC(155) Marking Phase
[118.293s][info][gc,phases      ] GC(155) Marking Phase 626.818ms
[118.293s][info][gc,phases,start] GC(155) Summary Phase
[118.293s][info][gc,phases      ] GC(155) Summary Phase 0.024ms
[118.293s][info][gc,phases,start] GC(155) Forward
[118.316s][info][gc,phases      ] GC(155) Forward 22.913ms
[118.316s][info][gc,phases,start] GC(155) Adjust Pointers
[118.624s][info][gc,phases      ] GC(155) Adjust Pointers 308.344ms
[118.624s][info][gc,phases,start] GC(155) Compaction Phase
[118.775s][info][gc,phases      ] GC(155) Compaction Phase 150.791ms
[118.775s][info][gc,phases,start] GC(155) Post Compact
[118.778s][info][gc,phases      ] GC(155) Post Compact 2.280ms
[118.778s][info][gc,heap        ] GC(155) PSYoungGen: 111616K(222720K)->111616K(222720K) Eden: 111616K(111616K)->111616K(111616K) From: 0K(111104K)->0K(111104K)
[118.778s][info][gc,heap        ] GC(155) ParOldGen: 667384K(667648K)->667384K(667648K)
[118.778s][info][gc,metaspace   ] GC(155) Metaspace: 18047K(18368K)->18047K(18368K) NonClass: 15740K(15936K)->15740K(15936K) Class: 2306K(2432K)->2306K(2432K)
[118.778s][info][gc             ] GC(155) Pause Full (Allocation Failure) 760M->760M(869M) 1111.546ms
[118.778s][info][gc,cpu         ] GC(155) User=2.19s Sys=0.00s Real=1.11s
[118.778s][info][gc,start       ] GC(156) Pause Full (Allocation Failure)
[118.778s][info][gc,phases,start] GC(156) Marking Phase
[119.403s][info][gc,phases      ] GC(156) Marking Phase 624.937ms
[119.403s][info][gc,phases,start] GC(156) Summary Phase
[119.403s][info][gc,phases      ] GC(156) Summary Phase 0.023ms
[119.403s][info][gc,phases,start] GC(156) Forward
[119.426s][info][gc,phases      ] GC(156) Forward 22.817ms
[119.426s][info][gc,phases,start] GC(156) Adjust Pointers
[119.730s][info][gc,phases      ] GC(156) Adjust Pointers 304.165ms
[119.730s][info][gc,phases,start] GC(156) Compaction Phase
[119.880s][info][gc,phases      ] GC(156) Compaction Phase 150.314ms
[119.880s][info][gc,phases,start] GC(156) Post Compact
[119.883s][info][gc,phases      ] GC(156) Post Compact 2.296ms
[119.883s][info][gc,heap        ] GC(156) PSYoungGen: 111616K(222720K)->111616K(222720K) Eden: 111616K(111616K)->111616K(111616K) From: 0K(111104K)->0K(111104K)
[119.883s][info][gc,heap        ] GC(156) ParOldGen: 667384K(667648K)->667384K(667648K)
[119.883s][info][gc,metaspace   ] GC(156) Metaspace: 18047K(18368K)->18047K(18368K) NonClass: 15740K(15936K)->15740K(15936K) Class: 2306K(2432K)->2306K(2432K)
[119.883s][info][gc             ] GC(156) Pause Full (Allocation Failure) 760M->760M(869M) 1104.930ms
[119.883s][info][gc,cpu         ] GC(156) User=2.18s Sys=0.00s Real=1.11s
[119.883s][info][gc,start       ] GC(157) Pause Full (Allocation Failure)
[119.883s][info][gc,phases,start] GC(157) Marking Phase
[120.508s][info][gc,phases      ] GC(157) Marking Phase 624.749ms
[120.508s][info][gc,phases,start] GC(157) Summary Phase
[120.508s][info][gc,phases      ] GC(157) Summary Phase 0.025ms
[120.508s][info][gc,phases,start] GC(157) Forward
[120.531s][info][gc,phases      ] GC(157) Forward 22.915ms
[120.531s][info][gc,phases,start] GC(157) Adjust Pointers
[120.837s][info][gc,phases      ] GC(157) Adjust Pointers 306.065ms
[120.837s][info][gc,phases,start] GC(157) Compaction Phase
[120.990s][info][gc,phases      ] GC(157) Compaction Phase 152.715ms
[120.990s][info][gc,phases,start] GC(157) Post Compact
[120.992s][info][gc,phases      ] GC(157) Post Compact 2.273ms
[120.992s][info][gc,heap        ] GC(157) PSYoungGen: 111616K(222720K)->111616K(222720K) Eden: 111616K(111616K)->111616K(111616K) From: 0K(111104K)->0K(111104K)
[120.992s][info][gc,heap        ] GC(157) ParOldGen: 667384K(667648K)->667384K(667648K)
[120.992s][info][gc,metaspace   ] GC(157) Metaspace: 18047K(18368K)->18047K(18368K) NonClass: 15740K(15936K)->15740K(15936K) Class: 2306K(2432K)->2306K(2432K)
[120.992s][info][gc             ] GC(157) Pause Full (Allocation Failure) 760M->760M(869M) 1109.117ms
[120.992s][info][gc,cpu         ] GC(157) User=2.19s Sys=0.00s Real=1.11s
[120.992s][info][gc,start       ] GC(158) Pause Full (Allocation Failure)
[120.992s][info][gc,phases,start] GC(158) Marking Phase
[121.616s][info][gc,phases      ] GC(158) Marking Phase 624.129ms
[121.616s][info][gc,phases,start] GC(158) Summary Phase
[121.616s][info][gc,phases      ] GC(158) Summary Phase 0.025ms
[121.616s][info][gc,phases,start] GC(158) Forward
[121.639s][info][gc,phases      ] GC(158) Forward 22.841ms
[121.639s][info][gc,phases,start] GC(158) Adjust Pointers
[121.942s][info][gc,phases      ] GC(158) Adjust Pointers 302.912ms
[121.942s][info][gc,phases,start] GC(158) Compaction Phase
[122.094s][info][gc,phases      ] GC(158) Compaction Phase 151.288ms
[122.094s][info][gc,phases,start] GC(158) Post Compact
[122.096s][info][gc,phases      ] GC(158) Post Compact 2.261ms
[122.096s][info][gc,heap        ] GC(158) PSYoungGen: 111616K(222720K)->111616K(222720K) Eden: 111616K(111616K)->111616K(111616K) From: 0K(111104K)->0K(111104K)
[122.096s][info][gc,heap        ] GC(158) ParOldGen: 667384K(667648K)->667384K(667648K)
[122.096s][info][gc,metaspace   ] GC(158) Metaspace: 18047K(18368K)->18047K(18368K) NonClass: 15740K(15936K)->15740K(15936K) Class: 2306K(2432K)->2306K(2432K)
[122.096s][info][gc             ] GC(158) Pause Full (Allocation Failure) 760M->760M(869M) 1103.813ms
[122.096s][info][gc,cpu         ] GC(158) User=2.18s Sys=0.00s Real=1.10s
[122.096s][info][gc,start       ] GC(159) Pause Full (Allocation Failure)
[122.096s][info][gc,phases,start] GC(159) Marking Phase
[122.723s][info][gc,phases      ] GC(159) Marking Phase 626.721ms
[122.723s][info][gc,phases,start] GC(159) Summary Phase
[122.723s][info][gc,phases      ] GC(159) Summary Phase 0.024ms
[122.723s][info][gc,phases,start] GC(159) Forward
[122.748s][info][gc,phases      ] GC(159) Forward 25.266ms
[122.748s][info][gc,phases,start] GC(159) Adjust Pointers
[123.051s][info][gc,phases      ] GC(159) Adjust Pointers 303.022ms
[123.052s][info][gc,phases,start] GC(159) Compaction Phase
[123.204s][info][gc,phases      ] GC(159) Compaction Phase 152.029ms
[123.204s][info][gc,phases,start] GC(159) Post Compact
[123.206s][info][gc,phases      ] GC(159) Post Compact 2.257ms
[123.206s][info][gc,heap        ] GC(159) PSYoungGen: 111616K(222720K)->111616K(222720K) Eden: 111616K(111616K)->111616K(111616K) From: 0K(111104K)->0K(111104K)
[123.206s][info][gc,heap        ] GC(159) ParOldGen: 667384K(667648K)->667384K(667648K)
[123.206s][info][gc,metaspace   ] GC(159) Metaspace: 18047K(18368K)->18047K(18368K) NonClass: 15740K(15936K)->15740K(15936K) Class: 2306K(2432K)->2306K(2432K)
[123.206s][info][gc             ] GC(159) Pause Full (Allocation Failure) 760M->760M(869M) 1109.716ms
[123.206s][info][gc,cpu         ] GC(159) User=2.19s Sys=0.00s Real=1.11s
[123.206s][info][gc,start       ] GC(160) Pause Full (Allocation Failure)
[123.206s][info][gc,phases,start] GC(160) Marking Phase
[123.842s][info][gc,phases      ] GC(160) Marking Phase 635.893ms
[123.842s][info][gc,phases,start] GC(160) Summary Phase
[123.842s][info][gc,phases      ] GC(160) Summary Phase 0.026ms
[123.842s][info][gc,phases,start] GC(160) Forward
[123.865s][info][gc,phases      ] GC(160) Forward 23.041ms
[123.865s][info][gc,phases,start] GC(160) Adjust Pointers
[124.170s][info][gc,phases      ] GC(160) Adjust Pointers 304.847ms
[124.170s][info][gc,phases,start] GC(160) Compaction Phase
[124.324s][info][gc,phases      ] GC(160) Compaction Phase 153.708ms
[124.324s][info][gc,phases,start] GC(160) Post Compact
[124.326s][info][gc,phases      ] GC(160) Post Compact 2.263ms
[124.326s][info][gc,heap        ] GC(160) PSYoungGen: 111616K(222720K)->111616K(222720K) Eden: 111616K(111616K)->111616K(111616K) From: 0K(111104K)->0K(111104K)
[124.326s][info][gc,heap        ] GC(160) ParOldGen: 667384K(667648K)->667384K(667648K)
[124.326s][info][gc,metaspace   ] GC(160) Metaspace: 18047K(18368K)->18047K(18368K) NonClass: 15740K(15936K)->15740K(15936K) Class: 2306K(2432K)->2306K(2432K)
[124.326s][info][gc             ] GC(160) Pause Full (Allocation Failure) 760M->760M(869M) 1120.175ms
[124.326s][info][gc,cpu         ] GC(160) User=2.20s Sys=0.00s Real=1.12s
[124.327s][info][gc,start       ] GC(161) Pause Full (Allocation Failure)
[124.327s][info][gc,phases,start] GC(161) Marking Phase
[124.957s][info][gc,phases      ] GC(161) Marking Phase 630.296ms
[124.957s][info][gc,phases,start] GC(161) Summary Phase
[124.957s][info][gc,phases      ] GC(161) Summary Phase 0.025ms
[124.957s][info][gc,phases,start] GC(161) Forward
[124.980s][info][gc,phases      ] GC(161) Forward 23.167ms
[124.980s][info][gc,phases,start] GC(161) Adjust Pointers
[125.288s][info][gc,phases      ] GC(161) Adjust Pointers 307.447ms
[125.288s][info][gc,phases,start] GC(161) Compaction Phase
[125.439s][info][gc,phases      ] GC(161) Compaction Phase 151.453ms
[125.439s][info][gc,phases,start] GC(161) Post Compact
[125.442s][info][gc,phases      ] GC(161) Post Compact 2.277ms
[125.442s][info][gc,heap        ] GC(161) PSYoungGen: 111616K(222720K)->111616K(222720K) Eden: 111616K(111616K)->111616K(111616K) From: 0K(111104K)->0K(111104K)
[125.442s][info][gc,heap        ] GC(161) ParOldGen: 667384K(667648K)->667384K(667648K)
[125.442s][info][gc,metaspace   ] GC(161) Metaspace: 18047K(18368K)->18047K(18368K) NonClass: 15740K(15936K)->15740K(15936K) Class: 2306K(2432K)->2306K(2432K)
[125.442s][info][gc             ] GC(161) Pause Full (Allocation Failure) 760M->760M(869M) 1115.047ms
[125.442s][info][gc,cpu         ] GC(161) User=2.20s Sys=0.00s Real=1.12s
[125.442s][info][gc,start       ] GC(162) Pause Full (Allocation Failure)
[125.442s][info][gc,phases,start] GC(162) Marking Phase
[126.069s][info][gc,phases      ] GC(162) Marking Phase 627.495ms
[126.069s][info][gc,phases,start] GC(162) Summary Phase
[126.069s][info][gc,phases      ] GC(162) Summary Phase 0.034ms
[126.069s][info][gc,phases,start] GC(162) Forward
[126.092s][info][gc,phases      ] GC(162) Forward 22.896ms
[126.092s][info][gc,phases,start] GC(162) Adjust Pointers
[126.402s][info][gc,phases      ] GC(162) Adjust Pointers 310.052ms
[126.403s][info][gc,phases,start] GC(162) Compaction Phase
[126.554s][info][gc,phases      ] GC(162) Compaction Phase 151.601ms
[126.554s][info][gc,phases,start] GC(162) Post Compact
[126.556s][info][gc,phases      ] GC(162) Post Compact 2.249ms
[126.557s][info][gc,heap        ] GC(162) PSYoungGen: 111616K(222720K)->111616K(222720K) Eden: 111616K(111616K)->111616K(111616K) From: 0K(111104K)->0K(111104K)
[126.557s][info][gc,heap        ] GC(162) ParOldGen: 667384K(667648K)->667384K(667648K)
[126.557s][info][gc,metaspace   ] GC(162) Metaspace: 18047K(18368K)->18047K(18368K) NonClass: 15740K(15936K)->15740K(15936K) Class: 2306K(2432K)->2306K(2432K)
[126.557s][info][gc             ] GC(162) Pause Full (Allocation Failure) 760M->760M(869M) 1114.714ms
[126.557s][info][gc,cpu         ] GC(162) User=2.21s Sys=0.00s Real=1.11s
[126.557s][info][gc,start       ] GC(163) Pause Full (Allocation Failure)
[126.557s][info][gc,phases,start] GC(163) Marking Phase
[127.185s][info][gc,phases      ] GC(163) Marking Phase 628.450ms
[127.185s][info][gc,phases,start] GC(163) Summary Phase
[127.185s][info][gc,phases      ] GC(163) Summary Phase 0.024ms
[127.185s][info][gc,phases,start] GC(163) Forward
[127.210s][info][gc,phases      ] GC(163) Forward 25.061ms
[127.210s][info][gc,phases,start] GC(163) Adjust Pointers
[127.513s][info][gc,phases      ] GC(163) Adjust Pointers 303.066ms
[127.514s][info][gc,phases,start] GC(163) Compaction Phase
[127.664s][info][gc,phases      ] GC(163) Compaction Phase 150.156ms
[127.664s][info][gc,phases,start] GC(163) Post Compact
[127.666s][info][gc,phases      ] GC(163) Post Compact 2.248ms
[127.666s][info][gc,heap        ] GC(163) PSYoungGen: 111616K(222720K)->111616K(222720K) Eden: 111616K(111616K)->111616K(111616K) From: 0K(111104K)->0K(111104K)
[127.666s][info][gc,heap        ] GC(163) ParOldGen: 667384K(667648K)->667384K(667648K)
[127.666s][info][gc,metaspace   ] GC(163) Metaspace: 18047K(18368K)->18047K(18368K) NonClass: 15740K(15936K)->15740K(15936K) Class: 2306K(2432K)->2306K(2432K)
[127.666s][info][gc             ] GC(163) Pause Full (Allocation Failure) 760M->760M(869M) 1109.378ms
[127.666s][info][gc,cpu         ] GC(163) User=2.18s Sys=0.00s Real=1.11s
[127.666s][info][gc,start       ] GC(164) Pause Full (Allocation Failure)
[127.666s][info][gc,phases,start] GC(164) Marking Phase
[128.292s][info][gc,phases      ] GC(164) Marking Phase 625.657ms
[128.292s][info][gc,phases,start] GC(164) Summary Phase
[128.292s][info][gc,phases      ] GC(164) Summary Phase 0.023ms
[128.292s][info][gc,phases,start] GC(164) Forward
[128.315s][info][gc,phases      ] GC(164) Forward 23.005ms
[128.315s][info][gc,phases,start] GC(164) Adjust Pointers
[128.622s][info][gc,phases      ] GC(164) Adjust Pointers 306.937ms
[128.622s][info][gc,phases,start] GC(164) Compaction Phase
[128.774s][info][gc,phases      ] GC(164) Compaction Phase 151.582ms
[128.774s][info][gc,phases,start] GC(164) Post Compact
[128.776s][info][gc,phases      ] GC(164) Post Compact 2.261ms
[128.776s][info][gc,heap        ] GC(164) PSYoungGen: 111616K(222720K)->111616K(222720K) Eden: 111616K(111616K)->111616K(111616K) From: 0K(111104K)->0K(111104K)
[128.776s][info][gc,heap        ] GC(164) ParOldGen: 667384K(667648K)->667384K(667648K)
[128.776s][info][gc,metaspace   ] GC(164) Metaspace: 18047K(18368K)->18047K(18368K) NonClass: 15740K(15936K)->15740K(15936K) Class: 2306K(2432K)->2306K(2432K)
[128.776s][info][gc             ] GC(164) Pause Full (Allocation Failure) 760M->760M(869M) 1109.861ms
[128.776s][info][gc,cpu         ] GC(164) User=2.19s Sys=0.00s Real=1.11s
[128.776s][info][gc,start       ] GC(165) Pause Full (Allocation Failure)
[128.776s][info][gc,phases,start] GC(165) Marking Phase
[129.402s][info][gc,phases      ] GC(165) Marking Phase 625.376ms
[129.402s][info][gc,phases,start] GC(165) Summary Phase
[129.402s][info][gc,phases      ] GC(165) Summary Phase 0.023ms
[129.402s][info][gc,phases,start] GC(165) Forward
[129.425s][info][gc,phases      ] GC(165) Forward 22.934ms
[129.425s][info][gc,phases,start] GC(165) Adjust Pointers
[129.734s][info][gc,phases      ] GC(165) Adjust Pointers 309.488ms
[129.734s][info][gc,phases,start] GC(165) Compaction Phase
[129.887s][info][gc,phases      ] GC(165) Compaction Phase 152.986ms
[129.887s][info][gc,phases,start] GC(165) Post Compact
[129.890s][info][gc,phases      ] GC(165) Post Compact 2.235ms
[129.890s][info][gc,heap        ] GC(165) PSYoungGen: 111616K(222720K)->111616K(222720K) Eden: 111616K(111616K)->111616K(111616K) From: 0K(111104K)->0K(111104K)
[129.890s][info][gc,heap        ] GC(165) ParOldGen: 667384K(667648K)->667384K(667648K)
[129.890s][info][gc,metaspace   ] GC(165) Metaspace: 18047K(18368K)->18047K(18368K) NonClass: 15740K(15936K)->15740K(15936K) Class: 2306K(2432K)->2306K(2432K)
[129.890s][info][gc             ] GC(165) Pause Full (Allocation Failure) 760M->760M(869M) 1113.406ms
[129.890s][info][gc,cpu         ] GC(165) User=2.19s Sys=0.00s Real=1.12s
[129.890s][info][gc,start       ] GC(166) Pause Full (Allocation Failure)
[129.890s][info][gc,phases,start] GC(166) Marking Phase
[130.524s][info][gc,phases      ] GC(166) Marking Phase 633.708ms
[130.524s][info][gc,phases,start] GC(166) Summary Phase
[130.524s][info][gc,phases      ] GC(166) Summary Phase 0.023ms
[130.524s][info][gc,phases,start] GC(166) Forward
[130.547s][info][gc,phases      ] GC(166) Forward 22.914ms
[130.547s][info][gc,phases,start] GC(166) Adjust Pointers
[130.853s][info][gc,phases      ] GC(166) Adjust Pointers 305.787ms
[130.853s][info][gc,phases,start] GC(166) Compaction Phase
[131.003s][info][gc,phases      ] GC(166) Compaction Phase 150.381ms
[131.003s][info][gc,phases,start] GC(166) Post Compact
[131.005s][info][gc,phases      ] GC(166) Post Compact 2.253ms
[131.005s][info][gc,heap        ] GC(166) PSYoungGen: 111616K(222720K)->111616K(222720K) Eden: 111616K(111616K)->111616K(111616K) From: 0K(111104K)->0K(111104K)
[131.005s][info][gc,heap        ] GC(166) ParOldGen: 667384K(667648K)->667384K(667648K)
[131.005s][info][gc,metaspace   ] GC(166) Metaspace: 18047K(18368K)->18047K(18368K) NonClass: 15740K(15936K)->15740K(15936K) Class: 2306K(2432K)->2306K(2432K)
[131.005s][info][gc             ] GC(166) Pause Full (Allocation Failure) 760M->760M(869M) 1115.413ms
[131.005s][info][gc,cpu         ] GC(166) User=2.20s Sys=0.01s Real=1.11s
[131.006s][info][gc,start       ] GC(167) Pause Full (Allocation Failure)
[131.006s][info][gc,phases,start] GC(167) Marking Phase
[131.631s][info][gc,phases      ] GC(167) Marking Phase 625.666ms
[131.631s][info][gc,phases,start] GC(167) Summary Phase
[131.631s][info][gc,phases      ] GC(167) Summary Phase 0.024ms
[131.631s][info][gc,phases,start] GC(167) Forward
[131.654s][info][gc,phases      ] GC(167) Forward 22.934ms
[131.654s][info][gc,phases,start] GC(167) Adjust Pointers
[131.960s][info][gc,phases      ] GC(167) Adjust Pointers 305.316ms
[131.960s][info][gc,phases,start] GC(167) Compaction Phase
[132.111s][info][gc,phases      ] GC(167) Compaction Phase 151.550ms
[132.111s][info][gc,phases,start] GC(167) Post Compact
[132.114s][info][gc,phases      ] GC(167) Post Compact 2.270ms
[132.114s][info][gc,heap        ] GC(167) PSYoungGen: 111616K(222720K)->111616K(222720K) Eden: 111616K(111616K)->111616K(111616K) From: 0K(111104K)->0K(111104K)
[132.114s][info][gc,heap        ] GC(167) ParOldGen: 667384K(667648K)->667384K(667648K)
[132.114s][info][gc,metaspace   ] GC(167) Metaspace: 18047K(18368K)->18047K(18368K) NonClass: 15740K(15936K)->15740K(15936K) Class: 2306K(2432K)->2306K(2432K)
[132.114s][info][gc             ] GC(167) Pause Full (Allocation Failure) 760M->760M(869M) 1108.115ms
[132.114s][info][gc,cpu         ] GC(167) User=2.19s Sys=0.00s Real=1.11s
[132.114s][info][gc,start       ] GC(168) Pause Full (Allocation Failure)
[132.114s][info][gc,phases,start] GC(168) Marking Phase
[132.741s][info][gc,phases      ] GC(168) Marking Phase 626.898ms
[132.741s][info][gc,phases,start] GC(168) Summary Phase
[132.741s][info][gc,phases      ] GC(168) Summary Phase 0.048ms
[132.741s][info][gc,phases,start] GC(168) Forward
[132.764s][info][gc,phases      ] GC(168) Forward 22.915ms
[132.764s][info][gc,phases,start] GC(168) Adjust Pointers
[133.074s][info][gc,phases      ] GC(168) Adjust Pointers 309.767ms
[133.074s][info][gc,phases,start] GC(168) Compaction Phase
[133.227s][info][gc,phases      ] GC(168) Compaction Phase 153.603ms
[133.228s][info][gc,phases,start] GC(168) Post Compact
[133.230s][info][gc,phases      ] GC(168) Post Compact 2.303ms
[133.230s][info][gc,heap        ] GC(168) PSYoungGen: 111616K(222720K)->111616K(222720K) Eden: 111616K(111616K)->111616K(111616K) From: 0K(111104K)->0K(111104K)
[133.230s][info][gc,heap        ] GC(168) ParOldGen: 667384K(667648K)->667384K(667648K)
[133.230s][info][gc,metaspace   ] GC(168) Metaspace: 18047K(18368K)->18047K(18368K) NonClass: 15740K(15936K)->15740K(15936K) Class: 2306K(2432K)->2306K(2432K)
[133.230s][info][gc             ] GC(168) Pause Full (Allocation Failure) 760M->760M(869M) 1115.927ms
[133.230s][info][gc,cpu         ] GC(168) User=2.20s Sys=0.00s Real=1.12s
[133.230s][info][gc,start       ] GC(169) Pause Full (Allocation Failure)
[133.230s][info][gc,phases,start] GC(169) Marking Phase
[133.863s][info][gc,phases      ] GC(169) Marking Phase 633.170ms
[133.863s][info][gc,phases,start] GC(169) Summary Phase
[133.863s][info][gc,phases      ] GC(169) Summary Phase 0.025ms
[133.863s][info][gc,phases,start] GC(169) Forward
[133.977s][info][gc,phases      ] GC(169) Forward 114.089ms
[133.977s][info][gc,phases,start] GC(169) Adjust Pointers
[134.305s][info][gc,phases      ] GC(169) Adjust Pointers 327.587ms
[134.305s][info][gc,phases,start] GC(169) Compaction Phase
[134.582s][info][gc,phases      ] GC(169) Compaction Phase 276.444ms
[134.582s][info][gc,phases,start] GC(169) Post Compact
[134.584s][info][gc,phases      ] GC(169) Post Compact 2.270ms
[134.584s][info][gc,heap        ] GC(169) PSYoungGen: 111616K(222720K)->111104K(222720K) Eden: 111616K(111616K)->111104K(111616K) From: 0K(111104K)->0K(111104K)
[134.584s][info][gc,heap        ] GC(169) ParOldGen: 667384K(667648K)->667485K(667648K)
[134.584s][info][gc,metaspace   ] GC(169) Metaspace: 18047K(18368K)->18047K(18368K) NonClass: 15740K(15936K)->15740K(15936K) Class: 2306K(2432K)->2306K(2432K)
[134.584s][info][gc             ] GC(169) Pause Full (Allocation Failure) 760M->760M(869M) 1354.000ms
[134.584s][info][gc,cpu         ] GC(169) User=2.66s Sys=0.00s Real=1.35s
[134.586s][info][gc,start       ] GC(170) Pause Full (Allocation Failure)
[134.586s][info][gc,phases,start] GC(170) Marking Phase
[134.826s][info][gc,phases      ] GC(170) Marking Phase 239.370ms
[134.826s][info][gc,phases,start] GC(170) Summary Phase
[134.826s][info][gc,phases      ] GC(170) Summary Phase 0.023ms
[134.826s][info][gc,phases,start] GC(170) Forward
[134.826s][info][gc,phases      ] GC(170) Forward 0.643ms
[134.826s][info][gc,phases,start] GC(170) Adjust Pointers
[134.944s][info][gc,phases      ] GC(170) Adjust Pointers 117.871ms
[134.944s][info][gc,phases,start] GC(170) Compaction Phase
[135.013s][info][gc,phases      ] GC(170) Compaction Phase 68.204ms
[135.013s][info][gc,phases,start] GC(170) Post Compact
[135.015s][info][metaspace      ] ChkMgr @0x00007f820c03ec70 (non-class-space): : reclaiming memory...
[135.015s][info][metaspace      ] ChkMgr @0x00007f820c03ec70 (non-class-space): nothing reclaimed.
[135.015s][info][metaspace      ] ChkMgr @0x00007f820c03ea80 (class-space): : reclaiming memory...
[135.015s][info][metaspace      ] ChkMgr @0x00007f820c03ea80 (class-space): nothing reclaimed.
[135.015s][info][gc,phases      ] GC(170) Post Compact 2.279ms
[135.023s][info][gc,heap        ] GC(170) PSYoungGen: 111616K(222720K)->0K(222720K) Eden: 111616K(111616K)->0K(111616K) From: 0K(111104K)->0K(111104K)
[135.023s][info][gc,heap        ] GC(170) ParOldGen: 667485K(667648K)->359429K(565760K)
[135.023s][info][gc,metaspace   ] GC(170) Metaspace: 18065K(18368K)->18062K(18368K) NonClass: 15754K(15936K)->15750K(15936K) Class: 2311K(2432K)->2311K(2432K)
[135.023s][info][gc             ] GC(170) Pause Full (Allocation Failure) 760M->351M(770M) 436.486ms
[135.023s][info][gc,cpu         ] GC(170) User=0.83s Sys=0.01s Real=0.44s
[135.026s][info][gc,heap,exit   ] Heap
[135.026s][info][gc,heap,exit   ]  PSYoungGen      total 222720K, used 2666K [0x00000000eba00000, 0x0000000100000000, 0x0000000100000000)
[135.026s][info][gc,heap,exit   ]   eden space 111616K, 2% used [0x00000000eba00000,0x00000000ebc9a970,0x00000000f2700000)
[135.026s][info][gc,heap,exit   ]   from space 111104K, 0% used [0x00000000f2700000,0x00000000f2700000,0x00000000f9380000)
[135.026s][info][gc,heap,exit   ]   to   space 111104K, 0% used [0x00000000f9380000,0x00000000f9380000,0x0000000100000000)
[135.026s][info][gc,heap,exit   ]  ParOldGen       total 565760K, used 359429K [0x00000000c2e00000, 0x00000000e5680000, 0x00000000eba00000)
[135.026s][info][gc,heap,exit   ]   object space 565760K, 63% used [0x00000000c2e00000,0x00000000d8d01538,0x00000000e5680000)
[135.026s][info][gc,heap,exit   ]  Metaspace       used 18064K, committed 18368K, reserved 1114112K
[135.026s][info][gc,heap,exit   ]   class space    used 2311K, committed 2432K, reserved 1048576K
