[0.003s][info][metaspace]  - commit_granule_bytes: 65536.
[0.003s][info][metaspace]  - commit_granule_words: 8192.
[0.003s][info][metaspace]  - virtual_space_node_default_size: 8388608.
[0.003s][info][metaspace]  - enlarge_chunks_in_place: 1.
[0.005s][info][gc,init  ] CardTable entry size: 512
[0.005s][info][gc       ] Using Parallel
[0.006s][info][gc,init  ] Version: 24-internal-adhoc.root.jdk (release)
[0.006s][info][gc,init  ] CPUs: 2 total, 2 available
[0.006s][info][gc,init  ] Memory: 3908M
[0.006s][info][gc,init  ] Large Page Support: Disabled
[0.006s][info][gc,init  ] NUMA Support: Disabled
[0.006s][info][gc,init  ] Compressed Oops: Enabled (32-bit)
[0.006s][info][gc,init  ] Alignments: Space 512K, Generation 512K, Heap 2M
[0.006s][info][gc,init  ] Heap Min Capacity: 256M
[0.006s][info][gc,init  ] Heap Initial Capacity: 256M
[0.006s][info][gc,init  ] Heap Max Capacity: 978M
[0.006s][info][gc,init  ] Pre-touch: Disabled
[0.006s][info][gc,init  ] Parallel Workers: 2
[0.071s][info][gc,metaspace] CDS archive(s) mapped at: [0x00007fe262000000-0x00007fe262e7b000-0x00007fe262e7b000), size 15183872, SharedBaseAddress: 0x00007fe262000000, ArchiveRelocationMode: 1.
[0.071s][info][gc,metaspace] Compressed class space mapped at: 0x00007fe263000000-0x00007fe2a3000000, reserved size: 1073741824
[0.071s][info][gc,metaspace] UseCompressedClassPointers 1, UseCompactObjectHeaders 1
[0.071s][info][gc,metaspace] Narrow klass pointer bits 22, Max shift 10
[0.071s][info][gc,metaspace] Narrow klass base: 0x00007fe262000000, Narrow klass shift: 10
[0.071s][info][gc,metaspace] Encoding Range: [0x00007fe262000000 - 0x00007fe362000000), (4294967296 bytes)
[0.071s][info][gc,metaspace] Klass Range:    [0x00007fe262000000 - 0x00007fe2a3000000), (1090519040 bytes)
[0.071s][info][gc,metaspace] Klass ID Range:  [1 - 1064960) (1064959)
[2.411s][info][gc,start    ] GC(0) Pause Young (Allocation Failure)
[2.518s][info][gc,heap     ] GC(0) PSYoungGen: 65536K(76288K)->10734K(76288K) Eden: 65536K(65536K)->0K(65536K) From: 0K(10752K)->10734K(10752K)
[2.518s][info][gc,heap     ] GC(0) ParOldGen: 1088K(175104K)->34131K(175104K)
[2.518s][info][gc,metaspace] GC(0) Metaspace: 7531K(7680K)->7531K(7680K) NonClass: 6484K(6592K)->6484K(6592K) Class: 1047K(1088K)->1047K(1088K)
[2.518s][info][gc          ] GC(0) Pause Young (Allocation Failure) 65M->43M(245M) 106.803ms
[2.518s][info][gc,cpu      ] GC(0) User=0.18s Sys=0.03s Real=0.11s
[2.807s][info][gc,start    ] GC(1) Pause Young (Allocation Failure)
[2.889s][info][gc,heap     ] GC(1) PSYoungGen: 76270K(76288K)->10738K(141824K) Eden: 65536K(65536K)->0K(131072K) From: 10734K(10752K)->10738K(10752K)
[2.889s][info][gc,heap     ] GC(1) ParOldGen: 34131K(175104K)->76805K(175104K)
[2.889s][info][gc,metaspace] GC(1) Metaspace: 9069K(9152K)->9069K(9152K) NonClass: 7813K(7872K)->7813K(7872K) Class: 1255K(1280K)->1255K(1280K)
[2.889s][info][gc          ] GC(1) Pause Young (Allocation Failure) 107M->85M(309M) 82.036ms
[2.889s][info][gc,cpu      ] GC(1) User=0.12s Sys=0.04s Real=0.08s
[3.157s][info][gc,start    ] GC(2) Pause Young (Allocation Failure)
[3.318s][info][gc,heap     ] GC(2) PSYoungGen: 141810K(141824K)->10742K(141824K) Eden: 131072K(131072K)->0K(131072K) From: 10738K(10752K)->10742K(10752K)
[3.318s][info][gc,heap     ] GC(2) ParOldGen: 76805K(175104K)->171732K(175104K)
[3.318s][info][gc,metaspace] GC(2) Metaspace: 9087K(9216K)->9087K(9216K) NonClass: 7826K(7872K)->7826K(7872K) Class: 1260K(1344K)->1260K(1344K)
[3.319s][info][gc          ] GC(2) Pause Young (Allocation Failure) 213M->178M(309M) 161.509ms
[3.319s][info][gc,cpu      ] GC(2) User=0.24s Sys=0.08s Real=0.16s
[3.483s][info][gc,start    ] GC(3) Pause Young (Allocation Failure)
[3.747s][info][gc,heap     ] GC(3) PSYoungGen: 141814K(141824K)->10725K(272896K) Eden: 131072K(131072K)->0K(262144K) From: 10742K(10752K)->10725K(10752K)
[3.747s][info][gc,heap     ] GC(3) ParOldGen: 171732K(175104K)->261522K(261632K)
[3.747s][info][gc,metaspace] GC(3) Metaspace: 9090K(9216K)->9090K(9216K) NonClass: 7828K(7872K)->7828K(7872K) Class: 1262K(1344K)->1262K(1344K)
[3.747s][info][gc          ] GC(3) Pause Young (Allocation Failure) 306M->265M(522M) 264.232ms
[3.747s][info][gc,cpu      ] GC(3) User=0.30s Sys=0.08s Real=0.27s
[5.149s][info][gc,start    ] GC(4) Pause Young (Allocation Failure)
[5.401s][info][gc,heap     ] GC(4) PSYoungGen: 272869K(272896K)->10745K(272896K) Eden: 262144K(262144K)->0K(262144K) From: 10725K(10752K)->10745K(10752K)
[5.401s][info][gc,heap     ] GC(4) ParOldGen: 261522K(261632K)->381780K(382464K)
[5.401s][info][gc,metaspace] GC(4) Metaspace: 12239K(12416K)->12239K(12416K) NonClass: 10625K(10688K)->10625K(10688K) Class: 1613K(1728K)->1613K(1728K)
[5.401s][info][gc          ] GC(4) Pause Young (Allocation Failure) 521M->383M(640M) 252.077ms
[5.401s][info][gc,cpu      ] GC(4) User=0.40s Sys=0.10s Real=0.25s
[7.318s][info][gc,start    ] GC(5) Pause Young (Allocation Failure)
[7.486s][info][gc,heap     ] GC(5) PSYoungGen: 272889K(272896K)->60903K(172544K) Eden: 262144K(262144K)->0K(111616K) From: 10745K(10752K)->60903K(60928K)
[7.486s][info][gc,heap     ] GC(5) ParOldGen: 381780K(382464K)->441160K(441344K)
[7.486s][info][gc,metaspace] GC(5) Metaspace: 15464K(15680K)->15464K(15680K) NonClass: 13481K(13632K)->13481K(13632K) Class: 1982K(2048K)->1982K(2048K)
[7.486s][info][gc          ] GC(5) Pause Young (Allocation Failure) 639M->490M(599M) 167.669ms
[7.486s][info][gc,cpu      ] GC(5) User=0.26s Sys=0.08s Real=0.16s
[7.800s][info][gc,start    ] GC(6) Pause Young (Allocation Failure)
[8.014s][info][gc,heap     ] GC(6) PSYoungGen: 146367K(172544K)->73335K(222720K) Eden: 85464K(111616K)->0K(111616K) From: 60903K(60928K)->73335K(111104K)
[8.014s][info][gc,heap     ] GC(6) ParOldGen: 441160K(441344K)->445377K(445440K)
[8.014s][info][gc,metaspace] GC(6) Metaspace: 15548K(15808K)->15548K(15808K) NonClass: 13552K(13760K)->13552K(13760K) Class: 1995K(2048K)->1995K(2048K)
[8.014s][info][gc          ] GC(6) Pause Young (Allocation Failure) 573M->506M(652M) 213.677ms
[8.014s][info][gc,cpu      ] GC(6) User=0.41s Sys=0.00s Real=0.21s
[11.917s][info][gc,start    ] GC(7) Pause Young (Allocation Failure)
[12.017s][info][gc,heap     ] GC(7) PSYoungGen: 184951K(222720K)->111100K(222720K) Eden: 111616K(111616K)->0K(111616K) From: 73335K(111104K)->111100K(111104K)
[12.017s][info][gc,heap     ] GC(7) ParOldGen: 445377K(445440K)->486689K(486912K)
[12.017s][info][gc,metaspace] GC(7) Metaspace: 16507K(16704K)->16507K(16704K) NonClass: 14387K(14528K)->14387K(14528K) Class: 2119K(2176K)->2119K(2176K)
[12.017s][info][gc          ] GC(7) Pause Young (Allocation Failure) 615M->583M(693M) 100.355ms
[12.017s][info][gc,cpu      ] GC(7) User=0.15s Sys=0.04s Real=0.10s
[17.474s][info][gc,start    ] GC(8) Pause Young (Allocation Failure)
[17.568s][info][gc,heap     ] GC(8) PSYoungGen: 222716K(222720K)->111073K(222720K) Eden: 111616K(111616K)->0K(111616K) From: 111100K(111104K)->111073K(111104K)
[17.568s][info][gc,heap     ] GC(8) ParOldGen: 486689K(486912K)->522585K(522752K)
[17.568s][info][gc,metaspace] GC(8) Metaspace: 16774K(17024K)->16774K(17024K) NonClass: 14620K(14784K)->14620K(14784K) Class: 2153K(2240K)->2153K(2240K)
[17.568s][info][gc          ] GC(8) Pause Young (Allocation Failure) 692M->618M(728M) 93.664ms
[17.568s][info][gc,cpu      ] GC(8) User=0.14s Sys=0.02s Real=0.10s
[18.121s][info][gc,start    ] GC(9) Pause Young (Allocation Failure)
[18.384s][info][gc,heap     ] GC(9) PSYoungGen: 222689K(222720K)->111073K(222720K) Eden: 111616K(111616K)->0K(111616K) From: 111073K(111104K)->111073K(111104K)
[18.385s][info][gc,heap     ] GC(9) ParOldGen: 522585K(522752K)->618454K(618496K)
[18.385s][info][gc,metaspace] GC(9) Metaspace: 16890K(17152K)->16890K(17152K) NonClass: 14733K(14912K)->14733K(14912K) Class: 2156K(2240K)->2156K(2240K)
[18.385s][info][gc          ] GC(9) Pause Young (Allocation Failure) 727M->712M(821M) 263.080ms
[18.385s][info][gc,cpu      ] GC(9) User=0.40s Sys=0.08s Real=0.26s
[18.874s][info][gc,start    ] GC(10) Pause Full (Allocation Failure)
[18.874s][info][gc,phases,start] GC(10) Marking Phase
[19.204s][info][gc,phases      ] GC(10) Marking Phase 330.076ms
[19.204s][info][gc,phases,start] GC(10) Summary Phase
[19.204s][info][gc,phases      ] GC(10) Summary Phase 0.050ms
[19.204s][info][gc,phases,start] GC(10) Forward
[19.326s][info][gc,phases      ] GC(10) Forward 121.184ms
[19.326s][info][gc,phases,start] GC(10) Adjust Pointers
[19.526s][info][gc,phases      ] GC(10) Adjust Pointers 199.857ms
[19.526s][info][gc,phases,start] GC(10) Compaction Phase
[19.701s][info][gc,phases      ] GC(10) Compaction Phase 175.271ms
[19.701s][info][gc,phases,start] GC(10) Post Compact
[19.707s][info][gc,phases      ] GC(10) Post Compact 5.548ms
[19.707s][info][gc,heap        ] GC(10) PSYoungGen: 222689K(222720K)->68397K(222720K) Eden: 111616K(111616K)->0K(111616K) From: 111073K(111104K)->68397K(111104K)
[19.707s][info][gc,heap        ] GC(10) ParOldGen: 618454K(618496K)->618043K(667648K)
[19.707s][info][gc,metaspace   ] GC(10) Metaspace: 16932K(17216K)->16932K(17216K) NonClass: 14775K(14976K)->14775K(14976K) Class: 2156K(2240K)->2156K(2240K)
[19.707s][info][gc             ] GC(10) Pause Full (Allocation Failure) 821M->670M(869M) 833.125ms
[19.707s][info][gc,cpu         ] GC(10) User=1.55s Sys=0.04s Real=0.84s
[20.032s][info][gc,start       ] GC(11) Pause Full (Allocation Failure)
[20.032s][info][gc,phases,start] GC(11) Marking Phase
[20.373s][info][gc,phases      ] GC(11) Marking Phase 340.549ms
[20.373s][info][gc,phases,start] GC(11) Summary Phase
[20.373s][info][gc,phases      ] GC(11) Summary Phase 0.030ms
[20.373s][info][gc,phases,start] GC(11) Forward
[20.472s][info][gc,phases      ] GC(11) Forward 98.943ms
[20.472s][info][gc,phases,start] GC(11) Adjust Pointers
[20.676s][info][gc,phases      ] GC(11) Adjust Pointers 203.520ms
[20.676s][info][gc,phases,start] GC(11) Compaction Phase
[20.843s][info][gc,phases      ] GC(11) Compaction Phase 167.527ms
[20.844s][info][gc,phases,start] GC(11) Post Compact
[20.846s][info][gc,phases      ] GC(11) Post Compact 2.593ms
[20.846s][info][gc,heap        ] GC(11) PSYoungGen: 180013K(222720K)->42285K(222720K) Eden: 111616K(111616K)->0K(111616K) From: 68397K(111104K)->42285K(111104K)
[20.846s][info][gc,heap        ] GC(11) ParOldGen: 618043K(667648K)->667523K(667648K)
[20.846s][info][gc,metaspace   ] GC(11) Metaspace: 16932K(17216K)->16932K(17216K) NonClass: 14775K(14976K)->14775K(14976K) Class: 2156K(2240K)->2156K(2240K)
[20.846s][info][gc             ] GC(11) Pause Full (Allocation Failure) 779M->693M(869M) 813.982ms
[20.846s][info][gc,cpu         ] GC(11) User=1.54s Sys=0.04s Real=0.81s
[21.124s][info][gc,start       ] GC(12) Pause Full (Allocation Failure)
[21.124s][info][gc,phases,start] GC(12) Marking Phase
[21.466s][info][gc,phases      ] GC(12) Marking Phase 341.893ms
[21.466s][info][gc,phases,start] GC(12) Summary Phase
[21.466s][info][gc,phases      ] GC(12) Summary Phase 0.025ms
[21.466s][info][gc,phases,start] GC(12) Forward
[21.501s][info][gc,phases      ] GC(12) Forward 35.163ms
[21.501s][info][gc,phases,start] GC(12) Adjust Pointers
[21.689s][info][gc,phases      ] GC(12) Adjust Pointers 188.304ms
[21.689s][info][gc,phases,start] GC(12) Compaction Phase
[21.804s][info][gc,phases      ] GC(12) Compaction Phase 114.581ms
[21.804s][info][gc,phases,start] GC(12) Post Compact
[21.807s][info][gc,phases      ] GC(12) Post Compact 2.469ms
[21.807s][info][gc,heap        ] GC(12) PSYoungGen: 153901K(222720K)->65884K(222720K) Eden: 111616K(111616K)->65884K(111616K) From: 42285K(111104K)->0K(111104K)
[21.807s][info][gc,heap        ] GC(12) ParOldGen: 667523K(667648K)->667558K(667648K)
[21.807s][info][gc,metaspace   ] GC(12) Metaspace: 16932K(17216K)->16932K(17216K) NonClass: 14775K(14976K)->14775K(14976K) Class: 2156K(2240K)->2156K(2240K)
[21.807s][info][gc             ] GC(12) Pause Full (Allocation Failure) 802M->716M(869M) 682.933ms
[21.807s][info][gc,cpu         ] GC(12) User=1.34s Sys=0.00s Real=0.69s
[21.895s][info][gc,start       ] GC(13) Pause Full (Allocation Failure)
[21.895s][info][gc,phases,start] GC(13) Marking Phase
[22.233s][info][gc,phases      ] GC(13) Marking Phase 337.538ms
[22.233s][info][gc,phases,start] GC(13) Summary Phase
[22.233s][info][gc,phases      ] GC(13) Summary Phase 0.024ms
[22.233s][info][gc,phases,start] GC(13) Forward
[22.262s][info][gc,phases      ] GC(13) Forward 28.954ms
[22.262s][info][gc,phases,start] GC(13) Adjust Pointers
[22.448s][info][gc,phases      ] GC(13) Adjust Pointers 186.465ms
[22.448s][info][gc,phases,start] GC(13) Compaction Phase
[22.569s][info][gc,phases      ] GC(13) Compaction Phase 120.426ms
[22.569s][info][gc,phases,start] GC(13) Post Compact
[22.571s][info][gc,phases      ] GC(13) Post Compact 2.307ms
[22.571s][info][gc,heap        ] GC(13) PSYoungGen: 111616K(222720K)->75658K(222720K) Eden: 111616K(111616K)->75658K(111616K) From: 0K(111104K)->0K(111104K)
[22.571s][info][gc,heap        ] GC(13) ParOldGen: 667558K(667648K)->667558K(667648K)
[22.571s][info][gc,metaspace   ] GC(13) Metaspace: 16932K(17216K)->16932K(17216K) NonClass: 14775K(14976K)->14775K(14976K) Class: 2156K(2240K)->2156K(2240K)
[22.571s][info][gc             ] GC(13) Pause Full (Allocation Failure) 760M->725M(869M) 676.170ms
[22.571s][info][gc,cpu         ] GC(13) User=1.32s Sys=0.00s Real=0.68s
[22.637s][info][gc,start       ] GC(14) Pause Full (Allocation Failure)
[22.638s][info][gc,phases,start] GC(14) Marking Phase
[22.984s][info][gc,phases      ] GC(14) Marking Phase 346.545ms
[22.984s][info][gc,phases,start] GC(14) Summary Phase
[22.984s][info][gc,phases      ] GC(14) Summary Phase 0.024ms
[22.984s][info][gc,phases,start] GC(14) Forward
[23.008s][info][gc,phases      ] GC(14) Forward 23.751ms
[23.008s][info][gc,phases,start] GC(14) Adjust Pointers
[23.193s][info][gc,phases      ] GC(14) Adjust Pointers 185.387ms
[23.193s][info][gc,phases,start] GC(14) Compaction Phase
[23.292s][info][gc,phases      ] GC(14) Compaction Phase 98.301ms
[23.292s][info][gc,phases,start] GC(14) Post Compact
[23.294s][info][gc,phases      ] GC(14) Post Compact 2.288ms
[23.294s][info][gc,heap        ] GC(14) PSYoungGen: 111616K(222720K)->83297K(222720K) Eden: 111616K(111616K)->83297K(111616K) From: 0K(111104K)->0K(111104K)
[23.294s][info][gc,heap        ] GC(14) ParOldGen: 667558K(667648K)->667558K(667648K)
[23.294s][info][gc,metaspace   ] GC(14) Metaspace: 16932K(17216K)->16932K(17216K) NonClass: 14775K(14976K)->14775K(14976K) Class: 2156K(2240K)->2156K(2240K)
[23.294s][info][gc             ] GC(14) Pause Full (Allocation Failure) 760M->733M(869M) 656.759ms
[23.294s][info][gc,cpu         ] GC(14) User=1.28s Sys=0.00s Real=0.65s
[23.342s][info][gc,start       ] GC(15) Pause Full (Allocation Failure)
[23.342s][info][gc,phases,start] GC(15) Marking Phase
[23.694s][info][gc,phases      ] GC(15) Marking Phase 351.660ms
[23.694s][info][gc,phases,start] GC(15) Summary Phase
[23.694s][info][gc,phases      ] GC(15) Summary Phase 0.024ms
[23.694s][info][gc,phases,start] GC(15) Forward
[23.719s][info][gc,phases      ] GC(15) Forward 24.797ms
[23.719s][info][gc,phases,start] GC(15) Adjust Pointers
[23.906s][info][gc,phases      ] GC(15) Adjust Pointers 187.104ms
[23.906s][info][gc,phases,start] GC(15) Compaction Phase
[24.005s][info][gc,phases      ] GC(15) Compaction Phase 98.691ms
[24.005s][info][gc,phases,start] GC(15) Post Compact
[24.007s][info][gc,phases      ] GC(15) Post Compact 2.303ms
[24.007s][info][gc,heap        ] GC(15) PSYoungGen: 111616K(222720K)->89338K(222720K) Eden: 111616K(111616K)->89338K(111616K) From: 0K(111104K)->0K(111104K)
[24.007s][info][gc,heap        ] GC(15) ParOldGen: 667558K(667648K)->667558K(667648K)
[24.007s][info][gc,metaspace   ] GC(15) Metaspace: 16932K(17216K)->16932K(17216K) NonClass: 14775K(14976K)->14775K(14976K) Class: 2156K(2240K)->2156K(2240K)
[24.007s][info][gc             ] GC(15) Pause Full (Allocation Failure) 760M->739M(869M) 665.037ms
[24.007s][info][gc,cpu         ] GC(15) User=1.29s Sys=0.00s Real=0.67s
[24.042s][info][gc,start       ] GC(16) Pause Full (Allocation Failure)
[24.043s][info][gc,phases,start] GC(16) Marking Phase
[24.397s][info][gc,phases      ] GC(16) Marking Phase 354.026ms
[24.397s][info][gc,phases,start] GC(16) Summary Phase
[24.397s][info][gc,phases      ] GC(16) Summary Phase 0.025ms
[24.397s][info][gc,phases,start] GC(16) Forward
[24.420s][info][gc,phases      ] GC(16) Forward 23.463ms
[24.420s][info][gc,phases,start] GC(16) Adjust Pointers
[24.608s][info][gc,phases      ] GC(16) Adjust Pointers 188.009ms
[24.608s][info][gc,phases,start] GC(16) Compaction Phase
[24.709s][info][gc,phases      ] GC(16) Compaction Phase 100.308ms
[24.709s][info][gc,phases,start] GC(16) Post Compact
[24.711s][info][gc,phases      ] GC(16) Post Compact 2.301ms
[24.711s][info][gc,heap        ] GC(16) PSYoungGen: 111616K(222720K)->94024K(222720K) Eden: 111616K(111616K)->94024K(111616K) From: 0K(111104K)->0K(111104K)
[24.711s][info][gc,heap        ] GC(16) ParOldGen: 667558K(667648K)->667558K(667648K)
[24.711s][info][gc,metaspace   ] GC(16) Metaspace: 16932K(17216K)->16932K(17216K) NonClass: 14775K(14976K)->14775K(14976K) Class: 2156K(2240K)->2156K(2240K)
[24.711s][info][gc             ] GC(16) Pause Full (Allocation Failure) 760M->743M(869M) 668.594ms
[24.711s][info][gc,cpu         ] GC(16) User=1.31s Sys=0.00s Real=0.67s
[24.738s][info][gc,start       ] GC(17) Pause Full (Allocation Failure)
[24.739s][info][gc,phases,start] GC(17) Marking Phase
[25.096s][info][gc,phases      ] GC(17) Marking Phase 357.455ms
[25.096s][info][gc,phases,start] GC(17) Summary Phase
[25.096s][info][gc,phases      ] GC(17) Summary Phase 0.025ms
[25.096s][info][gc,phases,start] GC(17) Forward
[25.120s][info][gc,phases      ] GC(17) Forward 23.804ms
[25.120s][info][gc,phases,start] GC(17) Adjust Pointers
[25.311s][info][gc,phases      ] GC(17) Adjust Pointers 190.960ms
[25.311s][info][gc,phases,start] GC(17) Compaction Phase
[25.411s][info][gc,phases      ] GC(17) Compaction Phase 100.393ms
[25.412s][info][gc,phases,start] GC(17) Post Compact
[25.414s][info][gc,phases      ] GC(17) Post Compact 2.289ms
[25.414s][info][gc,heap        ] GC(17) PSYoungGen: 111616K(222720K)->97779K(222720K) Eden: 111616K(111616K)->97779K(111616K) From: 0K(111104K)->0K(111104K)
[25.414s][info][gc,heap        ] GC(17) ParOldGen: 667558K(667648K)->667558K(667648K)
[25.414s][info][gc,metaspace   ] GC(17) Metaspace: 16932K(17216K)->16932K(17216K) NonClass: 14775K(14976K)->14775K(14976K) Class: 2156K(2240K)->2156K(2240K)
[25.414s][info][gc             ] GC(17) Pause Full (Allocation Failure) 760M->747M(869M) 675.385ms
[25.414s][info][gc,cpu         ] GC(17) User=1.32s Sys=0.00s Real=0.67s
[25.435s][info][gc,start       ] GC(18) Pause Full (Allocation Failure)
[25.435s][info][gc,phases,start] GC(18) Marking Phase
[25.803s][info][gc,phases      ] GC(18) Marking Phase 367.682ms
[25.803s][info][gc,phases,start] GC(18) Summary Phase
[25.803s][info][gc,phases      ] GC(18) Summary Phase 0.026ms
[25.803s][info][gc,phases,start] GC(18) Forward
[25.827s][info][gc,phases      ] GC(18) Forward 23.728ms
[25.827s][info][gc,phases,start] GC(18) Adjust Pointers
[26.018s][info][gc,phases      ] GC(18) Adjust Pointers 191.360ms
[26.018s][info][gc,phases,start] GC(18) Compaction Phase
[26.119s][info][gc,phases      ] GC(18) Compaction Phase 100.886ms
[26.119s][info][gc,phases,start] GC(18) Post Compact
[26.122s][info][gc,phases      ] GC(18) Post Compact 2.322ms
[26.122s][info][gc,heap        ] GC(18) PSYoungGen: 111616K(222720K)->100702K(222720K) Eden: 111616K(111616K)->100702K(111616K) From: 0K(111104K)->0K(111104K)
[26.122s][info][gc,heap        ] GC(18) ParOldGen: 667558K(667648K)->667558K(667648K)
[26.122s][info][gc,metaspace   ] GC(18) Metaspace: 16932K(17216K)->16932K(17216K) NonClass: 14775K(14976K)->14775K(14976K) Class: 2156K(2240K)->2156K(2240K)
[26.122s][info][gc             ] GC(18) Pause Full (Allocation Failure) 760M->750M(869M) 686.465ms
[26.122s][info][gc,cpu         ] GC(18) User=1.35s Sys=0.00s Real=0.69s
[26.139s][info][gc,start       ] GC(19) Pause Full (Allocation Failure)
[26.139s][info][gc,phases,start] GC(19) Marking Phase
[26.500s][info][gc,phases      ] GC(19) Marking Phase 361.262ms
[26.500s][info][gc,phases,start] GC(19) Summary Phase
[26.500s][info][gc,phases      ] GC(19) Summary Phase 0.025ms
[26.500s][info][gc,phases,start] GC(19) Forward
[26.524s][info][gc,phases      ] GC(19) Forward 23.787ms
[26.524s][info][gc,phases,start] GC(19) Adjust Pointers
[26.717s][info][gc,phases      ] GC(19) Adjust Pointers 193.139ms
[26.717s][info][gc,phases,start] GC(19) Compaction Phase
[26.818s][info][gc,phases      ] GC(19) Compaction Phase 100.736ms
[26.818s][info][gc,phases,start] GC(19) Post Compact
[26.821s][info][gc,phases      ] GC(19) Post Compact 2.287ms
[26.821s][info][gc,heap        ] GC(19) PSYoungGen: 111616K(222720K)->103024K(222720K) Eden: 111616K(111616K)->103024K(111616K) From: 0K(111104K)->0K(111104K)
[26.821s][info][gc,heap        ] GC(19) ParOldGen: 667558K(667648K)->667558K(667648K)
[26.821s][info][gc,metaspace   ] GC(19) Metaspace: 16932K(17216K)->16932K(17216K) NonClass: 14775K(14976K)->14775K(14976K) Class: 2156K(2240K)->2156K(2240K)
[26.821s][info][gc             ] GC(19) Pause Full (Allocation Failure) 760M->752M(869M) 681.752ms
[26.821s][info][gc,cpu         ] GC(19) User=1.34s Sys=0.00s Real=0.68s
[26.837s][info][gc,start       ] GC(20) Pause Full (Allocation Failure)
[26.837s][info][gc,phases,start] GC(20) Marking Phase
[27.202s][info][gc,phases      ] GC(20) Marking Phase 365.269ms
[27.202s][info][gc,phases,start] GC(20) Summary Phase
[27.202s][info][gc,phases      ] GC(20) Summary Phase 0.024ms
[27.202s][info][gc,phases,start] GC(20) Forward
[27.226s][info][gc,phases      ] GC(20) Forward 23.690ms
[27.226s][info][gc,phases,start] GC(20) Adjust Pointers
[27.418s][info][gc,phases      ] GC(20) Adjust Pointers 192.575ms
[27.419s][info][gc,phases,start] GC(20) Compaction Phase
[27.520s][info][gc,phases      ] GC(20) Compaction Phase 101.352ms
[27.520s][info][gc,phases,start] GC(20) Post Compact
[27.522s][info][gc,phases      ] GC(20) Post Compact 2.300ms
[27.522s][info][gc,heap        ] GC(20) PSYoungGen: 111616K(222720K)->104846K(222720K) Eden: 111616K(111616K)->104846K(111616K) From: 0K(111104K)->0K(111104K)
[27.522s][info][gc,heap        ] GC(20) ParOldGen: 667558K(667648K)->667558K(667648K)
[27.522s][info][gc,metaspace   ] GC(20) Metaspace: 16932K(17216K)->16932K(17216K) NonClass: 14775K(14976K)->14775K(14976K) Class: 2156K(2240K)->2156K(2240K)
[27.522s][info][gc             ] GC(20) Pause Full (Allocation Failure) 760M->754M(869M) 685.636ms
[27.522s][info][gc,cpu         ] GC(20) User=1.34s Sys=0.00s Real=0.68s
[27.535s][info][gc,start       ] GC(21) Pause Full (Allocation Failure)
[27.535s][info][gc,phases,start] GC(21) Marking Phase
[27.898s][info][gc,phases      ] GC(21) Marking Phase 362.854ms
[27.898s][info][gc,phases,start] GC(21) Summary Phase
[27.898s][info][gc,phases      ] GC(21) Summary Phase 0.024ms
[27.898s][info][gc,phases,start] GC(21) Forward
[27.922s][info][gc,phases      ] GC(21) Forward 24.450ms
[27.922s][info][gc,phases,start] GC(21) Adjust Pointers
[28.116s][info][gc,phases      ] GC(21) Adjust Pointers 193.132ms
[28.116s][info][gc,phases,start] GC(21) Compaction Phase
[28.232s][info][gc,phases      ] GC(21) Compaction Phase 116.164ms
[28.232s][info][gc,phases,start] GC(21) Post Compact
[28.234s][info][gc,phases      ] GC(21) Post Compact 2.299ms
[28.234s][info][gc,heap        ] GC(21) PSYoungGen: 111616K(222720K)->106302K(222720K) Eden: 111616K(111616K)->106302K(111616K) From: 0K(111104K)->0K(111104K)
[28.234s][info][gc,heap        ] GC(21) ParOldGen: 667558K(667648K)->667558K(667648K)
[28.234s][info][gc,metaspace   ] GC(21) Metaspace: 16932K(17216K)->16932K(17216K) NonClass: 14775K(14976K)->14775K(14976K) Class: 2156K(2240K)->2156K(2240K)
[28.234s][info][gc             ] GC(21) Pause Full (Allocation Failure) 760M->755M(869M) 699.395ms
[28.234s][info][gc,cpu         ] GC(21) User=1.38s Sys=0.00s Real=0.70s
[28.245s][info][gc,start       ] GC(22) Pause Full (Allocation Failure)
[28.245s][info][gc,phases,start] GC(22) Marking Phase
[28.623s][info][gc,phases      ] GC(22) Marking Phase 377.699ms
[28.623s][info][gc,phases,start] GC(22) Summary Phase
[28.623s][info][gc,phases      ] GC(22) Summary Phase 0.026ms
[28.623s][info][gc,phases,start] GC(22) Forward
[28.647s][info][gc,phases      ] GC(22) Forward 23.740ms
[28.647s][info][gc,phases,start] GC(22) Adjust Pointers
[28.843s][info][gc,phases      ] GC(22) Adjust Pointers 196.260ms
[28.843s][info][gc,phases,start] GC(22) Compaction Phase
[28.945s][info][gc,phases      ] GC(22) Compaction Phase 101.728ms
[28.945s][info][gc,phases,start] GC(22) Post Compact
[28.947s][info][gc,phases      ] GC(22) Post Compact 2.304ms
[28.947s][info][gc,heap        ] GC(22) PSYoungGen: 111616K(222720K)->107453K(222720K) Eden: 111616K(111616K)->107453K(111616K) From: 0K(111104K)->0K(111104K)
[28.947s][info][gc,heap        ] GC(22) ParOldGen: 667558K(667648K)->667558K(667648K)
[28.947s][info][gc,metaspace   ] GC(22) Metaspace: 16932K(17216K)->16932K(17216K) NonClass: 14775K(14976K)->14775K(14976K) Class: 2156K(2240K)->2156K(2240K)
[28.947s][info][gc             ] GC(22) Pause Full (Allocation Failure) 760M->756M(869M) 702.224ms
[28.947s][info][gc,cpu         ] GC(22) User=1.37s Sys=0.00s Real=0.71s
[28.954s][info][gc,start       ] GC(23) Pause Full (Allocation Failure)
[28.954s][info][gc,phases,start] GC(23) Marking Phase
[29.322s][info][gc,phases      ] GC(23) Marking Phase 367.851ms
[29.322s][info][gc,phases,start] GC(23) Summary Phase
[29.322s][info][gc,phases      ] GC(23) Summary Phase 0.035ms
[29.322s][info][gc,phases,start] GC(23) Forward
[29.346s][info][gc,phases      ] GC(23) Forward 23.709ms
[29.346s][info][gc,phases,start] GC(23) Adjust Pointers
[29.540s][info][gc,phases      ] GC(23) Adjust Pointers 193.863ms
[29.540s][info][gc,phases,start] GC(23) Compaction Phase
[29.642s][info][gc,phases      ] GC(23) Compaction Phase 102.163ms
[29.642s][info][gc,phases,start] GC(23) Post Compact
[29.645s][info][gc,phases      ] GC(23) Post Compact 2.312ms
[29.645s][info][gc,heap        ] GC(23) PSYoungGen: 111616K(222720K)->108304K(222720K) Eden: 111616K(111616K)->108304K(111616K) From: 0K(111104K)->0K(111104K)
[29.645s][info][gc,heap        ] GC(23) ParOldGen: 667558K(667648K)->667558K(667648K)
[29.645s][info][gc,metaspace   ] GC(23) Metaspace: 16932K(17216K)->16932K(17216K) NonClass: 14775K(14976K)->14775K(14976K) Class: 2156K(2240K)->2156K(2240K)
[29.645s][info][gc             ] GC(23) Pause Full (Allocation Failure) 760M->757M(869M) 690.386ms
[29.645s][info][gc,cpu         ] GC(23) User=1.35s Sys=0.01s Real=0.69s
[29.652s][info][gc,start       ] GC(24) Pause Full (Allocation Failure)
[29.653s][info][gc,phases,start] GC(24) Marking Phase
[30.045s][info][gc,phases      ] GC(24) Marking Phase 392.444ms
[30.045s][info][gc,phases,start] GC(24) Summary Phase
[30.045s][info][gc,phases      ] GC(24) Summary Phase 0.026ms
[30.045s][info][gc,phases,start] GC(24) Forward
[30.069s][info][gc,phases      ] GC(24) Forward 23.769ms
[30.069s][info][gc,phases,start] GC(24) Adjust Pointers
[30.262s][info][gc,phases      ] GC(24) Adjust Pointers 193.548ms
[30.263s][info][gc,phases,start] GC(24) Compaction Phase
[30.364s][info][gc,phases      ] GC(24) Compaction Phase 101.626ms
[30.364s][info][gc,phases,start] GC(24) Post Compact
[30.367s][info][gc,phases      ] GC(24) Post Compact 2.286ms
[30.367s][info][gc,heap        ] GC(24) PSYoungGen: 111616K(222720K)->109002K(222720K) Eden: 111616K(111616K)->109002K(111616K) From: 0K(111104K)->0K(111104K)
[30.367s][info][gc,heap        ] GC(24) ParOldGen: 667558K(667648K)->667558K(667648K)
[30.367s][info][gc,metaspace   ] GC(24) Metaspace: 16932K(17216K)->16932K(17216K) NonClass: 14775K(14976K)->14775K(14976K) Class: 2156K(2240K)->2156K(2240K)
[30.367s][info][gc             ] GC(24) Pause Full (Allocation Failure) 760M->758M(869M) 714.146ms
[30.367s][info][gc,cpu         ] GC(24) User=1.40s Sys=0.00s Real=0.72s
[30.373s][info][gc,start       ] GC(25) Pause Full (Allocation Failure)
[30.373s][info][gc,phases,start] GC(25) Marking Phase
[30.754s][info][gc,phases      ] GC(25) Marking Phase 380.474ms
[30.754s][info][gc,phases,start] GC(25) Summary Phase
[30.754s][info][gc,phases      ] GC(25) Summary Phase 0.027ms
[30.754s][info][gc,phases,start] GC(25) Forward
[30.777s][info][gc,phases      ] GC(25) Forward 23.768ms
[30.777s][info][gc,phases,start] GC(25) Adjust Pointers
[30.972s][info][gc,phases      ] GC(25) Adjust Pointers 194.884ms
[30.972s][info][gc,phases,start] GC(25) Compaction Phase
[31.074s][info][gc,phases      ] GC(25) Compaction Phase 101.754ms
[31.074s][info][gc,phases,start] GC(25) Post Compact
[31.077s][info][gc,phases      ] GC(25) Post Compact 2.304ms
[31.077s][info][gc,heap        ] GC(25) PSYoungGen: 111616K(222720K)->109539K(222720K) Eden: 111616K(111616K)->109539K(111616K) From: 0K(111104K)->0K(111104K)
[31.077s][info][gc,heap        ] GC(25) ParOldGen: 667558K(667648K)->667558K(667648K)
[31.077s][info][gc,metaspace   ] GC(25) Metaspace: 16932K(17216K)->16932K(17216K) NonClass: 14775K(14976K)->14775K(14976K) Class: 2156K(2240K)->2156K(2240K)
[31.077s][info][gc             ] GC(25) Pause Full (Allocation Failure) 760M->758M(869M) 703.697ms
[31.077s][info][gc,cpu         ] GC(25) User=1.39s Sys=0.00s Real=0.71s
[31.082s][info][gc,start       ] GC(26) Pause Full (Allocation Failure)
[31.082s][info][gc,phases,start] GC(26) Marking Phase
[31.461s][info][gc,phases      ] GC(26) Marking Phase 378.385ms
[31.461s][info][gc,phases,start] GC(26) Summary Phase
[31.461s][info][gc,phases      ] GC(26) Summary Phase 0.026ms
[31.461s][info][gc,phases,start] GC(26) Forward
[31.485s][info][gc,phases      ] GC(26) Forward 23.862ms
[31.485s][info][gc,phases,start] GC(26) Adjust Pointers
[31.688s][info][gc,phases      ] GC(26) Adjust Pointers 203.417ms
[31.688s][info][gc,phases,start] GC(26) Compaction Phase
[31.791s][info][gc,phases      ] GC(26) Compaction Phase 102.946ms
[31.791s][info][gc,phases,start] GC(26) Post Compact
[31.794s][info][gc,phases      ] GC(26) Post Compact 2.303ms
[31.794s][info][gc,heap        ] GC(26) PSYoungGen: 111616K(222720K)->109978K(222720K) Eden: 111616K(111616K)->109978K(111616K) From: 0K(111104K)->0K(111104K)
[31.794s][info][gc,heap        ] GC(26) ParOldGen: 667558K(667648K)->667558K(667648K)
[31.794s][info][gc,metaspace   ] GC(26) Metaspace: 16932K(17216K)->16932K(17216K) NonClass: 14775K(14976K)->14775K(14976K) Class: 2156K(2240K)->2156K(2240K)
[31.794s][info][gc             ] GC(26) Pause Full (Allocation Failure) 760M->759M(869M) 711.446ms
[31.794s][info][gc,cpu         ] GC(26) User=1.39s Sys=0.00s Real=0.71s
[31.799s][info][gc,start       ] GC(27) Pause Full (Allocation Failure)
[31.800s][info][gc,phases,start] GC(27) Marking Phase
[32.170s][info][gc,phases      ] GC(27) Marking Phase 370.647ms
[32.170s][info][gc,phases,start] GC(27) Summary Phase
[32.170s][info][gc,phases      ] GC(27) Summary Phase 0.034ms
[32.170s][info][gc,phases,start] GC(27) Forward
[32.194s][info][gc,phases      ] GC(27) Forward 23.585ms
[32.194s][info][gc,phases,start] GC(27) Adjust Pointers
[32.388s][info][gc,phases      ] GC(27) Adjust Pointers 193.757ms
[32.388s][info][gc,phases,start] GC(27) Compaction Phase
[32.482s][info][gc,phases      ] GC(27) Compaction Phase 94.430ms
[32.482s][info][gc,phases,start] GC(27) Post Compact
[32.485s][info][gc,phases      ] GC(27) Post Compact 2.262ms
[32.485s][info][gc,heap        ] GC(27) PSYoungGen: 111616K(222720K)->110332K(222720K) Eden: 111616K(111616K)->110332K(111616K) From: 0K(111104K)->0K(111104K)
[32.485s][info][gc,heap        ] GC(27) ParOldGen: 667558K(667648K)->667558K(667648K)
[32.485s][info][gc,metaspace   ] GC(27) Metaspace: 16932K(17216K)->16932K(17216K) NonClass: 14775K(14976K)->14775K(14976K) Class: 2156K(2240K)->2156K(2240K)
[32.485s][info][gc             ] GC(27) Pause Full (Allocation Failure) 760M->759M(869M) 685.155ms
[32.485s][info][gc,cpu         ] GC(27) User=1.34s Sys=0.00s Real=0.68s
[32.489s][info][gc,start       ] GC(28) Pause Full (Allocation Failure)
[32.489s][info][gc,phases,start] GC(28) Marking Phase
[32.840s][info][gc,phases      ] GC(28) Marking Phase 351.272ms
[32.840s][info][gc,phases,start] GC(28) Summary Phase
[32.840s][info][gc,phases      ] GC(28) Summary Phase 0.022ms
[32.840s][info][gc,phases,start] GC(28) Forward
[32.864s][info][gc,phases      ] GC(28) Forward 23.587ms
[32.864s][info][gc,phases,start] GC(28) Adjust Pointers
[33.066s][info][gc,phases      ] GC(28) Adjust Pointers 201.861ms
[33.066s][info][gc,phases,start] GC(28) Compaction Phase
[33.169s][info][gc,phases      ] GC(28) Compaction Phase 102.860ms
[33.169s][info][gc,phases,start] GC(28) Post Compact
[33.171s][info][gc,phases      ] GC(28) Post Compact 2.383ms
[33.171s][info][gc,heap        ] GC(28) PSYoungGen: 111616K(222720K)->110617K(222720K) Eden: 111616K(111616K)->110617K(111616K) From: 0K(111104K)->0K(111104K)
[33.171s][info][gc,heap        ] GC(28) ParOldGen: 667558K(667648K)->667558K(667648K)
[33.171s][info][gc,metaspace   ] GC(28) Metaspace: 16932K(17216K)->16932K(17216K) NonClass: 14775K(14976K)->14775K(14976K) Class: 2156K(2240K)->2156K(2240K)
[33.171s][info][gc             ] GC(28) Pause Full (Allocation Failure) 760M->759M(869M) 682.433ms
[33.171s][info][gc,cpu         ] GC(28) User=1.34s Sys=0.00s Real=0.68s
[33.176s][info][gc,start       ] GC(29) Pause Full (Allocation Failure)
[33.176s][info][gc,phases,start] GC(29) Marking Phase
[33.546s][info][gc,phases      ] GC(29) Marking Phase 370.249ms
[33.546s][info][gc,phases,start] GC(29) Summary Phase
[33.546s][info][gc,phases      ] GC(29) Summary Phase 0.025ms
[33.546s][info][gc,phases,start] GC(29) Forward
[33.570s][info][gc,phases      ] GC(29) Forward 23.758ms
[33.570s][info][gc,phases,start] GC(29) Adjust Pointers
[33.767s][info][gc,phases      ] GC(29) Adjust Pointers 196.691ms
[33.767s][info][gc,phases,start] GC(29) Compaction Phase
[33.869s][info][gc,phases      ] GC(29) Compaction Phase 102.022ms
[33.869s][info][gc,phases,start] GC(29) Post Compact
[33.871s][info][gc,phases      ] GC(29) Post Compact 2.400ms
[33.871s][info][gc,heap        ] GC(29) PSYoungGen: 111616K(222720K)->110824K(222720K) Eden: 111616K(111616K)->110824K(111616K) From: 0K(111104K)->0K(111104K)
[33.871s][info][gc,heap        ] GC(29) ParOldGen: 667558K(667648K)->667558K(667648K)
[33.871s][info][gc,metaspace   ] GC(29) Metaspace: 16932K(17216K)->16932K(17216K) NonClass: 14775K(14976K)->14775K(14976K) Class: 2156K(2240K)->2156K(2240K)
[33.871s][info][gc             ] GC(29) Pause Full (Allocation Failure) 760M->760M(869M) 695.628ms
[33.871s][info][gc,cpu         ] GC(29) User=1.37s Sys=0.00s Real=0.70s
[33.876s][info][gc,start       ] GC(30) Pause Full (Allocation Failure)
[33.876s][info][gc,phases,start] GC(30) Marking Phase
[34.250s][info][gc,phases      ] GC(30) Marking Phase 373.890ms
[34.250s][info][gc,phases,start] GC(30) Summary Phase
[34.250s][info][gc,phases      ] GC(30) Summary Phase 0.025ms
[34.250s][info][gc,phases,start] GC(30) Forward
[34.274s][info][gc,phases      ] GC(30) Forward 23.967ms
[34.274s][info][gc,phases,start] GC(30) Adjust Pointers
[34.471s][info][gc,phases      ] GC(30) Adjust Pointers 197.303ms
[34.471s][info][gc,phases,start] GC(30) Compaction Phase
[34.574s][info][gc,phases      ] GC(30) Compaction Phase 102.981ms
[34.574s][info][gc,phases,start] GC(30) Post Compact
[34.576s][info][gc,phases      ] GC(30) Post Compact 2.332ms
[34.576s][info][gc,heap        ] GC(30) PSYoungGen: 111616K(222720K)->110992K(222720K) Eden: 111616K(111616K)->110992K(111616K) From: 0K(111104K)->0K(111104K)
[34.576s][info][gc,heap        ] GC(30) ParOldGen: 667558K(667648K)->667558K(667648K)
[34.576s][info][gc,metaspace   ] GC(30) Metaspace: 16932K(17216K)->16932K(17216K) NonClass: 14775K(14976K)->14775K(14976K) Class: 2156K(2240K)->2156K(2240K)
[34.577s][info][gc             ] GC(30) Pause Full (Allocation Failure) 760M->760M(869M) 700.948ms
[34.577s][info][gc,cpu         ] GC(30) User=1.37s Sys=0.00s Real=0.71s
[34.580s][info][gc,start       ] GC(31) Pause Full (Allocation Failure)
[34.580s][info][gc,phases,start] GC(31) Marking Phase
[34.953s][info][gc,phases      ] GC(31) Marking Phase 373.141ms
[34.954s][info][gc,phases,start] GC(31) Summary Phase
[34.954s][info][gc,phases      ] GC(31) Summary Phase 0.026ms
[34.954s][info][gc,phases,start] GC(31) Forward
[34.978s][info][gc,phases      ] GC(31) Forward 23.964ms
[34.978s][info][gc,phases,start] GC(31) Adjust Pointers
[35.175s][info][gc,phases      ] GC(31) Adjust Pointers 197.159ms
[35.175s][info][gc,phases,start] GC(31) Compaction Phase
[35.277s][info][gc,phases      ] GC(31) Compaction Phase 102.255ms
[35.277s][info][gc,phases,start] GC(31) Post Compact
[35.280s][info][gc,phases      ] GC(31) Post Compact 2.379ms
[35.280s][info][gc,heap        ] GC(31) PSYoungGen: 111616K(222720K)->111119K(222720K) Eden: 111616K(111616K)->111119K(111616K) From: 0K(111104K)->0K(111104K)
[35.280s][info][gc,heap        ] GC(31) ParOldGen: 667558K(667648K)->667558K(667648K)
[35.280s][info][gc,metaspace   ] GC(31) Metaspace: 16932K(17216K)->16932K(17216K) NonClass: 14775K(14976K)->14775K(14976K) Class: 2156K(2240K)->2156K(2240K)
[35.280s][info][gc             ] GC(31) Pause Full (Allocation Failure) 760M->760M(869M) 699.361ms
[35.280s][info][gc,cpu         ] GC(31) User=1.37s Sys=0.00s Real=0.70s
[35.281s][info][gc,start       ] GC(32) Pause Full (Allocation Failure)
[35.281s][info][gc,phases,start] GC(32) Marking Phase
[35.657s][info][gc,phases      ] GC(32) Marking Phase 375.487ms
[35.657s][info][gc,phases,start] GC(32) Summary Phase
[35.657s][info][gc,phases      ] GC(32) Summary Phase 0.025ms
[35.657s][info][gc,phases,start] GC(32) Forward
[35.681s][info][gc,phases      ] GC(32) Forward 23.844ms
[35.681s][info][gc,phases,start] GC(32) Adjust Pointers
[35.878s][info][gc,phases      ] GC(32) Adjust Pointers 197.135ms
[35.878s][info][gc,phases,start] GC(32) Compaction Phase
[35.981s][info][gc,phases      ] GC(32) Compaction Phase 103.055ms
[35.981s][info][gc,phases,start] GC(32) Post Compact
[35.983s][info][gc,phases      ] GC(32) Post Compact 2.336ms
[35.984s][info][gc,heap        ] GC(32) PSYoungGen: 111616K(222720K)->111217K(222720K) Eden: 111616K(111616K)->111217K(111616K) From: 0K(111104K)->0K(111104K)
[35.984s][info][gc,heap        ] GC(32) ParOldGen: 667558K(667648K)->667558K(667648K)
[35.984s][info][gc,metaspace   ] GC(32) Metaspace: 16932K(17216K)->16932K(17216K) NonClass: 14775K(14976K)->14775K(14976K) Class: 2156K(2240K)->2156K(2240K)
[35.984s][info][gc             ] GC(32) Pause Full (Allocation Failure) 760M->760M(869M) 702.314ms
[35.984s][info][gc,cpu         ] GC(32) User=1.38s Sys=0.00s Real=0.70s
[35.985s][info][gc,start       ] GC(33) Pause Full (Allocation Failure)
[35.985s][info][gc,phases,start] GC(33) Marking Phase
[36.357s][info][gc,phases      ] GC(33) Marking Phase 372.043ms
[36.357s][info][gc,phases,start] GC(33) Summary Phase
[36.357s][info][gc,phases      ] GC(33) Summary Phase 0.034ms
[36.357s][info][gc,phases,start] GC(33) Forward
[36.381s][info][gc,phases      ] GC(33) Forward 23.842ms
[36.381s][info][gc,phases,start] GC(33) Adjust Pointers
[36.579s][info][gc,phases      ] GC(33) Adjust Pointers 197.382ms
[36.579s][info][gc,phases,start] GC(33) Compaction Phase
[36.682s][info][gc,phases      ] GC(33) Compaction Phase 103.000ms
[36.682s][info][gc,phases,start] GC(33) Post Compact
[36.684s][info][gc,phases      ] GC(33) Post Compact 2.356ms
[36.684s][info][gc,heap        ] GC(33) PSYoungGen: 111616K(222720K)->111297K(222720K) Eden: 111616K(111616K)->111297K(111616K) From: 0K(111104K)->0K(111104K)
[36.684s][info][gc,heap        ] GC(33) ParOldGen: 667558K(667648K)->667558K(667648K)
[36.684s][info][gc,metaspace   ] GC(33) Metaspace: 16932K(17216K)->16932K(17216K) NonClass: 14775K(14976K)->14775K(14976K) Class: 2156K(2240K)->2156K(2240K)
[36.684s][info][gc             ] GC(33) Pause Full (Allocation Failure) 760M->760M(869M) 699.117ms
[36.684s][info][gc,cpu         ] GC(33) User=1.37s Sys=0.00s Real=0.70s
[36.686s][info][gc,start       ] GC(34) Pause Full (Allocation Failure)
[36.686s][info][gc,phases,start] GC(34) Marking Phase
[37.057s][info][gc,phases      ] GC(34) Marking Phase 371.261ms
[37.057s][info][gc,phases,start] GC(34) Summary Phase
[37.057s][info][gc,phases      ] GC(34) Summary Phase 0.026ms
[37.057s][info][gc,phases,start] GC(34) Forward
[37.081s][info][gc,phases      ] GC(34) Forward 23.839ms
[37.081s][info][gc,phases,start] GC(34) Adjust Pointers
[37.279s][info][gc,phases      ] GC(34) Adjust Pointers 197.946ms
[37.279s][info][gc,phases,start] GC(34) Compaction Phase
[37.382s][info][gc,phases      ] GC(34) Compaction Phase 103.144ms
[37.382s][info][gc,phases,start] GC(34) Post Compact
[37.385s][info][gc,phases      ] GC(34) Post Compact 2.316ms
[37.385s][info][gc,heap        ] GC(34) PSYoungGen: 111616K(222720K)->111361K(222720K) Eden: 111616K(111616K)->111361K(111616K) From: 0K(111104K)->0K(111104K)
[37.385s][info][gc,heap        ] GC(34) ParOldGen: 667558K(667648K)->667558K(667648K)
[37.385s][info][gc,metaspace   ] GC(34) Metaspace: 16932K(17216K)->16932K(17216K) NonClass: 14775K(14976K)->14775K(14976K) Class: 2156K(2240K)->2156K(2240K)
[37.385s][info][gc             ] GC(34) Pause Full (Allocation Failure) 760M->760M(869M) 699.019ms
[37.385s][info][gc,cpu         ] GC(34) User=1.37s Sys=0.00s Real=0.70s
[37.386s][info][gc,start       ] GC(35) Pause Full (Allocation Failure)
[37.386s][info][gc,phases,start] GC(35) Marking Phase
[37.764s][info][gc,phases      ] GC(35) Marking Phase 377.866ms
[37.764s][info][gc,phases,start] GC(35) Summary Phase
[37.764s][info][gc,phases      ] GC(35) Summary Phase 0.036ms
[37.764s][info][gc,phases,start] GC(35) Forward
[37.788s][info][gc,phases      ] GC(35) Forward 23.910ms
[37.788s][info][gc,phases,start] GC(35) Adjust Pointers
[37.986s][info][gc,phases      ] GC(35) Adjust Pointers 198.021ms
[37.986s][info][gc,phases,start] GC(35) Compaction Phase
[38.085s][info][gc,phases      ] GC(35) Compaction Phase 98.990ms
[38.085s][info][gc,phases,start] GC(35) Post Compact
[38.088s][info][gc,phases      ] GC(35) Post Compact 2.338ms
[38.088s][info][gc,heap        ] GC(35) PSYoungGen: 111616K(222720K)->111412K(222720K) Eden: 111616K(111616K)->111412K(111616K) From: 0K(111104K)->0K(111104K)
[38.088s][info][gc,heap        ] GC(35) ParOldGen: 667558K(667648K)->667558K(667648K)
[38.088s][info][gc,metaspace   ] GC(35) Metaspace: 16932K(17216K)->16932K(17216K) NonClass: 14775K(14976K)->14775K(14976K) Class: 2156K(2240K)->2156K(2240K)
[38.088s][info][gc             ] GC(35) Pause Full (Allocation Failure) 760M->760M(869M) 701.594ms
[38.088s][info][gc,cpu         ] GC(35) User=1.37s Sys=0.00s Real=0.71s
[38.089s][info][gc,start       ] GC(36) Pause Full (Allocation Failure)
[38.089s][info][gc,phases,start] GC(36) Marking Phase
[38.461s][info][gc,phases      ] GC(36) Marking Phase 371.795ms
[38.461s][info][gc,phases,start] GC(36) Summary Phase
[38.461s][info][gc,phases      ] GC(36) Summary Phase 0.024ms
[38.461s][info][gc,phases,start] GC(36) Forward
[38.485s][info][gc,phases      ] GC(36) Forward 23.958ms
[38.485s][info][gc,phases,start] GC(36) Adjust Pointers
[38.693s][info][gc,phases      ] GC(36) Adjust Pointers 208.142ms
[38.693s][info][gc,phases,start] GC(36) Compaction Phase
[38.794s][info][gc,phases      ] GC(36) Compaction Phase 100.641ms
[38.794s][info][gc,phases,start] GC(36) Post Compact
[38.796s][info][gc,phases      ] GC(36) Post Compact 2.307ms
[38.796s][info][gc,heap        ] GC(36) PSYoungGen: 111616K(222720K)->111452K(222720K) Eden: 111616K(111616K)->111452K(111616K) From: 0K(111104K)->0K(111104K)
[38.796s][info][gc,heap        ] GC(36) ParOldGen: 667558K(667648K)->667558K(667648K)
[38.796s][info][gc,metaspace   ] GC(36) Metaspace: 16932K(17216K)->16932K(17216K) NonClass: 14775K(14976K)->14775K(14976K) Class: 2156K(2240K)->2156K(2240K)
[38.796s][info][gc             ] GC(36) Pause Full (Allocation Failure) 760M->760M(869M) 707.313ms
[38.796s][info][gc,cpu         ] GC(36) User=1.38s Sys=0.01s Real=0.71s
[38.798s][info][gc,start       ] GC(37) Pause Full (Allocation Failure)
[38.798s][info][gc,phases,start] GC(37) Marking Phase
[39.166s][info][gc,phases      ] GC(37) Marking Phase 368.655ms
[39.166s][info][gc,phases,start] GC(37) Summary Phase
[39.166s][info][gc,phases      ] GC(37) Summary Phase 0.035ms
[39.166s][info][gc,phases,start] GC(37) Forward
[39.190s][info][gc,phases      ] GC(37) Forward 23.693ms
[39.190s][info][gc,phases,start] GC(37) Adjust Pointers
[39.386s][info][gc,phases      ] GC(37) Adjust Pointers 196.157ms
[39.386s][info][gc,phases,start] GC(37) Compaction Phase
[39.488s][info][gc,phases      ] GC(37) Compaction Phase 101.752ms
[39.488s][info][gc,phases,start] GC(37) Post Compact
[39.491s][info][gc,phases      ] GC(37) Post Compact 2.302ms
[39.491s][info][gc,heap        ] GC(37) PSYoungGen: 111616K(222720K)->111483K(222720K) Eden: 111616K(111616K)->111483K(111616K) From: 0K(111104K)->0K(111104K)
[39.491s][info][gc,heap        ] GC(37) ParOldGen: 667558K(667648K)->667558K(667648K)
[39.491s][info][gc,metaspace   ] GC(37) Metaspace: 16932K(17216K)->16932K(17216K) NonClass: 14775K(14976K)->14775K(14976K) Class: 2156K(2240K)->2156K(2240K)
[39.491s][info][gc             ] GC(37) Pause Full (Allocation Failure) 760M->760M(869M) 693.075ms
[39.491s][info][gc,cpu         ] GC(37) User=1.36s Sys=0.00s Real=0.69s
[39.492s][info][gc,start       ] GC(38) Pause Full (Allocation Failure)
[39.492s][info][gc,phases,start] GC(38) Marking Phase
[39.863s][info][gc,phases      ] GC(38) Marking Phase 371.436ms
[39.863s][info][gc,phases,start] GC(38) Summary Phase
[39.863s][info][gc,phases      ] GC(38) Summary Phase 0.026ms
[39.863s][info][gc,phases,start] GC(38) Forward
[39.887s][info][gc,phases      ] GC(38) Forward 23.648ms
[39.887s][info][gc,phases,start] GC(38) Adjust Pointers
[40.081s][info][gc,phases      ] GC(38) Adjust Pointers 193.997ms
[40.081s][info][gc,phases,start] GC(38) Compaction Phase
[40.179s][info][gc,phases      ] GC(38) Compaction Phase 97.416ms
[40.179s][info][gc,phases,start] GC(38) Post Compact
[40.181s][info][gc,phases      ] GC(38) Post Compact 2.298ms
[40.181s][info][gc,heap        ] GC(38) PSYoungGen: 111616K(222720K)->111508K(222720K) Eden: 111616K(111616K)->111508K(111616K) From: 0K(111104K)->0K(111104K)
[40.181s][info][gc,heap        ] GC(38) ParOldGen: 667558K(667648K)->667558K(667648K)
[40.181s][info][gc,metaspace   ] GC(38) Metaspace: 16932K(17216K)->16932K(17216K) NonClass: 14775K(14976K)->14775K(14976K) Class: 2156K(2240K)->2156K(2240K)
[40.181s][info][gc             ] GC(38) Pause Full (Allocation Failure) 760M->760M(869M) 689.265ms
[40.181s][info][gc,cpu         ] GC(38) User=1.36s Sys=0.00s Real=0.69s
[40.182s][info][gc,start       ] GC(39) Pause Full (Allocation Failure)
[40.182s][info][gc,phases,start] GC(39) Marking Phase
[40.540s][info][gc,phases      ] GC(39) Marking Phase 358.033ms
[40.540s][info][gc,phases,start] GC(39) Summary Phase
[40.540s][info][gc,phases      ] GC(39) Summary Phase 0.024ms
[40.540s][info][gc,phases,start] GC(39) Forward
[40.563s][info][gc,phases      ] GC(39) Forward 22.343ms
[40.563s][info][gc,phases,start] GC(39) Adjust Pointers
[40.759s][info][gc,phases      ] GC(39) Adjust Pointers 196.278ms
[40.759s][info][gc,phases,start] GC(39) Compaction Phase
[40.862s][info][gc,phases      ] GC(39) Compaction Phase 102.436ms
[40.862s][info][gc,phases,start] GC(39) Post Compact
[40.864s][info][gc,phases      ] GC(39) Post Compact 2.322ms
[40.864s][info][gc,heap        ] GC(39) PSYoungGen: 111615K(222720K)->111530K(222720K) Eden: 111615K(111616K)->111530K(111616K) From: 0K(111104K)->0K(111104K)
[40.864s][info][gc,heap        ] GC(39) ParOldGen: 667558K(667648K)->667558K(667648K)
[40.864s][info][gc,metaspace   ] GC(39) Metaspace: 16932K(17216K)->16932K(17216K) NonClass: 14775K(14976K)->14775K(14976K) Class: 2156K(2240K)->2156K(2240K)
[40.864s][info][gc             ] GC(39) Pause Full (Allocation Failure) 760M->760M(869M) 681.847ms
[40.864s][info][gc,cpu         ] GC(39) User=1.33s Sys=0.00s Real=0.68s
[40.865s][info][gc,start       ] GC(40) Pause Full (Allocation Failure)
[40.865s][info][gc,phases,start] GC(40) Marking Phase
[41.245s][info][gc,phases      ] GC(40) Marking Phase 379.933ms
[41.245s][info][gc,phases,start] GC(40) Summary Phase
[41.245s][info][gc,phases      ] GC(40) Summary Phase 0.023ms
[41.245s][info][gc,phases,start] GC(40) Forward
[41.269s][info][gc,phases      ] GC(40) Forward 23.705ms
[41.269s][info][gc,phases,start] GC(40) Adjust Pointers
[41.463s][info][gc,phases      ] GC(40) Adjust Pointers 193.770ms
[41.463s][info][gc,phases,start] GC(40) Compaction Phase
[41.565s][info][gc,phases      ] GC(40) Compaction Phase 102.110ms
[41.565s][info][gc,phases,start] GC(40) Post Compact
[41.567s][info][gc,phases      ] GC(40) Post Compact 2.333ms
[41.567s][info][gc,heap        ] GC(40) PSYoungGen: 111616K(222720K)->111547K(222720K) Eden: 111616K(111616K)->111547K(111616K) From: 0K(111104K)->0K(111104K)
[41.567s][info][gc,heap        ] GC(40) ParOldGen: 667558K(667648K)->667558K(667648K)
[41.567s][info][gc,metaspace   ] GC(40) Metaspace: 16932K(17216K)->16932K(17216K) NonClass: 14775K(14976K)->14775K(14976K) Class: 2156K(2240K)->2156K(2240K)
[41.568s][info][gc             ] GC(40) Pause Full (Allocation Failure) 760M->760M(869M) 702.337ms
[41.568s][info][gc,cpu         ] GC(40) User=1.38s Sys=0.00s Real=0.71s
[41.569s][info][gc,start       ] GC(41) Pause Full (Allocation Failure)
[41.569s][info][gc,phases,start] GC(41) Marking Phase
[41.946s][info][gc,phases      ] GC(41) Marking Phase 377.383ms
[41.946s][info][gc,phases,start] GC(41) Summary Phase
[41.946s][info][gc,phases      ] GC(41) Summary Phase 0.025ms
[41.946s][info][gc,phases,start] GC(41) Forward
[41.970s][info][gc,phases      ] GC(41) Forward 23.734ms
[41.970s][info][gc,phases,start] GC(41) Adjust Pointers
[42.168s][info][gc,phases      ] GC(41) Adjust Pointers 197.946ms
[42.168s][info][gc,phases,start] GC(41) Compaction Phase
[42.270s][info][gc,phases      ] GC(41) Compaction Phase 101.693ms
[42.270s][info][gc,phases,start] GC(41) Post Compact
[42.272s][info][gc,phases      ] GC(41) Post Compact 2.294ms
[42.272s][info][gc,heap        ] GC(41) PSYoungGen: 111615K(222720K)->111561K(222720K) Eden: 111615K(111616K)->111561K(111616K) From: 0K(111104K)->0K(111104K)
[42.272s][info][gc,heap        ] GC(41) ParOldGen: 667558K(667648K)->667558K(667648K)
[42.272s][info][gc,metaspace   ] GC(41) Metaspace: 16932K(17216K)->16932K(17216K) NonClass: 14775K(14976K)->14775K(14976K) Class: 2156K(2240K)->2156K(2240K)
[42.272s][info][gc             ] GC(41) Pause Full (Allocation Failure) 760M->760M(869M) 703.491ms
[42.272s][info][gc,cpu         ] GC(41) User=1.38s Sys=0.00s Real=0.70s
[42.273s][info][gc,start       ] GC(42) Pause Full (Allocation Failure)
[42.273s][info][gc,phases,start] GC(42) Marking Phase
[42.652s][info][gc,phases      ] GC(42) Marking Phase 378.577ms
[42.652s][info][gc,phases,start] GC(42) Summary Phase
[42.652s][info][gc,phases      ] GC(42) Summary Phase 0.025ms
[42.652s][info][gc,phases,start] GC(42) Forward
[42.678s][info][gc,phases      ] GC(42) Forward 26.198ms
[42.678s][info][gc,phases,start] GC(42) Adjust Pointers
[42.879s][info][gc,phases      ] GC(42) Adjust Pointers 200.850ms
[42.879s][info][gc,phases,start] GC(42) Compaction Phase
[42.981s][info][gc,phases      ] GC(42) Compaction Phase 101.980ms
[42.981s][info][gc,phases,start] GC(42) Post Compact
[42.984s][info][gc,phases      ] GC(42) Post Compact 2.326ms
[42.984s][info][gc,heap        ] GC(42) PSYoungGen: 111615K(222720K)->111571K(222720K) Eden: 111615K(111616K)->111571K(111616K) From: 0K(111104K)->0K(111104K)
[42.984s][info][gc,heap        ] GC(42) ParOldGen: 667558K(667648K)->667558K(667648K)
[42.984s][info][gc,metaspace   ] GC(42) Metaspace: 16932K(17216K)->16932K(17216K) NonClass: 14775K(14976K)->14775K(14976K) Class: 2156K(2240K)->2156K(2240K)
[42.984s][info][gc             ] GC(42) Pause Full (Allocation Failure) 760M->760M(869M) 710.385ms
[42.984s][info][gc,cpu         ] GC(42) User=1.39s Sys=0.01s Real=0.71s
[42.985s][info][gc,start       ] GC(43) Pause Full (Allocation Failure)
[42.985s][info][gc,phases,start] GC(43) Marking Phase
[43.355s][info][gc,phases      ] GC(43) Marking Phase 370.768ms
[43.355s][info][gc,phases,start] GC(43) Summary Phase
[43.356s][info][gc,phases      ] GC(43) Summary Phase 0.039ms
[43.356s][info][gc,phases,start] GC(43) Forward
[43.379s][info][gc,phases      ] GC(43) Forward 23.687ms
[43.379s][info][gc,phases,start] GC(43) Adjust Pointers
[43.575s][info][gc,phases      ] GC(43) Adjust Pointers 196.069ms
[43.575s][info][gc,phases,start] GC(43) Compaction Phase
[43.677s][info][gc,phases      ] GC(43) Compaction Phase 102.036ms
[43.678s][info][gc,phases,start] GC(43) Post Compact
[43.680s][info][gc,phases      ] GC(43) Post Compact 2.328ms
[43.680s][info][gc,heap        ] GC(43) PSYoungGen: 111616K(222720K)->111578K(222720K) Eden: 111616K(111616K)->111578K(111616K) From: 0K(111104K)->0K(111104K)
[43.680s][info][gc,heap        ] GC(43) ParOldGen: 667558K(667648K)->667558K(667648K)
[43.680s][info][gc,metaspace   ] GC(43) Metaspace: 16932K(17216K)->16932K(17216K) NonClass: 14775K(14976K)->14775K(14976K) Class: 2156K(2240K)->2156K(2240K)
[43.680s][info][gc             ] GC(43) Pause Full (Allocation Failure) 760M->760M(869M) 695.408ms
[43.680s][info][gc,cpu         ] GC(43) User=1.37s Sys=0.00s Real=0.70s
[43.681s][info][gc,start       ] GC(44) Pause Full (Allocation Failure)
[43.681s][info][gc,phases,start] GC(44) Marking Phase
[44.071s][info][gc,phases      ] GC(44) Marking Phase 390.145ms
[44.071s][info][gc,phases,start] GC(44) Summary Phase
[44.071s][info][gc,phases      ] GC(44) Summary Phase 0.026ms
[44.071s][info][gc,phases,start] GC(44) Forward
[44.095s][info][gc,phases      ] GC(44) Forward 23.538ms
[44.095s][info][gc,phases,start] GC(44) Adjust Pointers
[44.284s][info][gc,phases      ] GC(44) Adjust Pointers 188.681ms
[44.284s][info][gc,phases,start] GC(44) Compaction Phase
[44.381s][info][gc,phases      ] GC(44) Compaction Phase 97.174ms
[44.381s][info][gc,phases,start] GC(44) Post Compact
[44.383s][info][gc,phases      ] GC(44) Post Compact 2.258ms
[44.383s][info][gc,heap        ] GC(44) PSYoungGen: 111615K(222720K)->111585K(222720K) Eden: 111615K(111616K)->111585K(111616K) From: 0K(111104K)->0K(111104K)
[44.383s][info][gc,heap        ] GC(44) ParOldGen: 667558K(667648K)->667558K(667648K)
[44.383s][info][gc,metaspace   ] GC(44) Metaspace: 16932K(17216K)->16932K(17216K) NonClass: 14775K(14976K)->14775K(14976K) Class: 2156K(2240K)->2156K(2240K)
[44.383s][info][gc             ] GC(44) Pause Full (Allocation Failure) 760M->760M(869M) 702.274ms
[44.383s][info][gc,cpu         ] GC(44) User=1.36s Sys=0.00s Real=0.70s
[44.384s][info][gc,start       ] GC(45) Pause Full (Allocation Failure)
[44.384s][info][gc,phases,start] GC(45) Marking Phase
[44.732s][info][gc,phases      ] GC(45) Marking Phase 347.747ms
[44.732s][info][gc,phases,start] GC(45) Summary Phase
[44.732s][info][gc,phases      ] GC(45) Summary Phase 0.026ms
[44.732s][info][gc,phases,start] GC(45) Forward
[44.756s][info][gc,phases      ] GC(45) Forward 24.287ms
[44.756s][info][gc,phases,start] GC(45) Adjust Pointers
[44.952s][info][gc,phases      ] GC(45) Adjust Pointers 195.544ms
[44.952s][info][gc,phases,start] GC(45) Compaction Phase
[45.054s][info][gc,phases      ] GC(45) Compaction Phase 101.821ms
[45.054s][info][gc,phases,start] GC(45) Post Compact
[45.057s][info][gc,phases      ] GC(45) Post Compact 2.501ms
[45.057s][info][gc,heap        ] GC(45) PSYoungGen: 111615K(222720K)->111590K(222720K) Eden: 111615K(111616K)->111590K(111616K) From: 0K(111104K)->0K(111104K)
[45.057s][info][gc,heap        ] GC(45) ParOldGen: 667558K(667648K)->667558K(667648K)
[45.057s][info][gc,metaspace   ] GC(45) Metaspace: 16932K(17216K)->16932K(17216K) NonClass: 14775K(14976K)->14775K(14976K) Class: 2156K(2240K)->2156K(2240K)
[45.057s][info][gc             ] GC(45) Pause Full (Allocation Failure) 760M->760M(869M) 672.453ms
[45.057s][info][gc,cpu         ] GC(45) User=1.32s Sys=0.00s Real=0.68s
[45.058s][info][gc,start       ] GC(46) Pause Full (Allocation Failure)
[45.058s][info][gc,phases,start] GC(46) Marking Phase
[45.425s][info][gc,phases      ] GC(46) Marking Phase 366.862ms
[45.425s][info][gc,phases,start] GC(46) Summary Phase
[45.425s][info][gc,phases      ] GC(46) Summary Phase 0.024ms
[45.425s][info][gc,phases,start] GC(46) Forward
[45.447s][info][gc,phases      ] GC(46) Forward 21.642ms
[45.447s][info][gc,phases,start] GC(46) Adjust Pointers
[45.640s][info][gc,phases      ] GC(46) Adjust Pointers 192.921ms
[45.640s][info][gc,phases,start] GC(46) Compaction Phase
[45.740s][info][gc,phases      ] GC(46) Compaction Phase 99.946ms
[45.740s][info][gc,phases,start] GC(46) Post Compact
[45.742s][info][gc,phases      ] GC(46) Post Compact 2.318ms
[45.742s][info][gc,heap        ] GC(46) PSYoungGen: 111616K(222720K)->111594K(222720K) Eden: 111616K(111616K)->111594K(111616K) From: 0K(111104K)->0K(111104K)
[45.742s][info][gc,heap        ] GC(46) ParOldGen: 667558K(667648K)->667558K(667648K)
[45.742s][info][gc,metaspace   ] GC(46) Metaspace: 16932K(17216K)->16932K(17216K) NonClass: 14775K(14976K)->14775K(14976K) Class: 2156K(2240K)->2156K(2240K)
[45.742s][info][gc             ] GC(46) Pause Full (Allocation Failure) 760M->760M(869M) 684.158ms
[45.742s][info][gc,cpu         ] GC(46) User=1.34s Sys=0.00s Real=0.68s
[45.743s][info][gc,start       ] GC(47) Pause Full (Allocation Failure)
[45.743s][info][gc,phases,start] GC(47) Marking Phase
[46.120s][info][gc,phases      ] GC(47) Marking Phase 376.576ms
[46.120s][info][gc,phases,start] GC(47) Summary Phase
[46.120s][info][gc,phases      ] GC(47) Summary Phase 0.024ms
[46.120s][info][gc,phases,start] GC(47) Forward
[46.143s][info][gc,phases      ] GC(47) Forward 23.510ms
[46.143s][info][gc,phases,start] GC(47) Adjust Pointers
[46.340s][info][gc,phases      ] GC(47) Adjust Pointers 196.582ms
[46.340s][info][gc,phases,start] GC(47) Compaction Phase
[46.442s][info][gc,phases      ] GC(47) Compaction Phase 102.207ms
[46.442s][info][gc,phases,start] GC(47) Post Compact
[46.445s][info][gc,phases      ] GC(47) Post Compact 2.364ms
[46.445s][info][gc,heap        ] GC(47) PSYoungGen: 111615K(222720K)->111598K(222720K) Eden: 111615K(111616K)->111598K(111616K) From: 0K(111104K)->0K(111104K)
[46.445s][info][gc,heap        ] GC(47) ParOldGen: 667558K(667648K)->667558K(667648K)
[46.445s][info][gc,metaspace   ] GC(47) Metaspace: 16932K(17216K)->16932K(17216K) NonClass: 14775K(14976K)->14775K(14976K) Class: 2156K(2240K)->2156K(2240K)
[46.445s][info][gc             ] GC(47) Pause Full (Allocation Failure) 760M->760M(869M) 701.722ms
[46.445s][info][gc,cpu         ] GC(47) User=1.38s Sys=0.00s Real=0.70s
[46.446s][info][gc,start       ] GC(48) Pause Full (Allocation Failure)
[46.446s][info][gc,phases,start] GC(48) Marking Phase
[46.817s][info][gc,phases      ] GC(48) Marking Phase 371.137ms
[46.817s][info][gc,phases,start] GC(48) Summary Phase
[46.817s][info][gc,phases      ] GC(48) Summary Phase 0.026ms
[46.817s][info][gc,phases,start] GC(48) Forward
[46.841s][info][gc,phases      ] GC(48) Forward 23.859ms
[46.841s][info][gc,phases,start] GC(48) Adjust Pointers
[47.038s][info][gc,phases      ] GC(48) Adjust Pointers 197.325ms
[47.038s][info][gc,phases,start] GC(48) Compaction Phase
[47.140s][info][gc,phases      ] GC(48) Compaction Phase 101.258ms
[47.140s][info][gc,phases,start] GC(48) Post Compact
[47.142s][info][gc,phases      ] GC(48) Post Compact 2.333ms
[47.142s][info][gc,heap        ] GC(48) PSYoungGen: 111615K(222720K)->111601K(222720K) Eden: 111615K(111616K)->111601K(111616K) From: 0K(111104K)->0K(111104K)
[47.142s][info][gc,heap        ] GC(48) ParOldGen: 667558K(667648K)->667558K(667648K)
[47.142s][info][gc,metaspace   ] GC(48) Metaspace: 16932K(17216K)->16932K(17216K) NonClass: 14775K(14976K)->14775K(14976K) Class: 2156K(2240K)->2156K(2240K)
[47.142s][info][gc             ] GC(48) Pause Full (Allocation Failure) 760M->760M(869M) 696.391ms
[47.142s][info][gc,cpu         ] GC(48) User=1.37s Sys=0.00s Real=0.70s
[47.143s][info][gc,start       ] GC(49) Pause Full (Allocation Failure)
[47.143s][info][gc,phases,start] GC(49) Marking Phase
[47.511s][info][gc,phases      ] GC(49) Marking Phase 367.689ms
[47.511s][info][gc,phases,start] GC(49) Summary Phase
[47.511s][info][gc,phases      ] GC(49) Summary Phase 0.026ms
[47.511s][info][gc,phases,start] GC(49) Forward
[47.535s][info][gc,phases      ] GC(49) Forward 23.784ms
[47.535s][info][gc,phases,start] GC(49) Adjust Pointers
[47.732s][info][gc,phases      ] GC(49) Adjust Pointers 197.421ms
[47.732s][info][gc,phases,start] GC(49) Compaction Phase
[47.835s][info][gc,phases      ] GC(49) Compaction Phase 102.765ms
[47.835s][info][gc,phases,start] GC(49) Post Compact
[47.838s][info][gc,phases      ] GC(49) Post Compact 2.379ms
[47.838s][info][gc,heap        ] GC(49) PSYoungGen: 111615K(222720K)->111604K(222720K) Eden: 111615K(111616K)->111604K(111616K) From: 0K(111104K)->0K(111104K)
[47.838s][info][gc,heap        ] GC(49) ParOldGen: 667558K(667648K)->667558K(667648K)
[47.838s][info][gc,metaspace   ] GC(49) Metaspace: 16932K(17216K)->16932K(17216K) NonClass: 14775K(14976K)->14775K(14976K) Class: 2156K(2240K)->2156K(2240K)
[47.838s][info][gc             ] GC(49) Pause Full (Allocation Failure) 760M->760M(869M) 694.536ms
[47.838s][info][gc,cpu         ] GC(49) User=1.36s Sys=0.01s Real=0.70s
[47.838s][info][gc,start       ] GC(50) Pause Full (Allocation Failure)
[47.838s][info][gc,phases,start] GC(50) Marking Phase
[48.214s][info][gc,phases      ] GC(50) Marking Phase 375.664ms
[48.214s][info][gc,phases,start] GC(50) Summary Phase
[48.214s][info][gc,phases      ] GC(50) Summary Phase 0.025ms
[48.214s][info][gc,phases,start] GC(50) Forward
[48.238s][info][gc,phases      ] GC(50) Forward 23.856ms
[48.238s][info][gc,phases,start] GC(50) Adjust Pointers
[48.435s][info][gc,phases      ] GC(50) Adjust Pointers 197.000ms
[48.435s][info][gc,phases,start] GC(50) Compaction Phase
[48.534s][info][gc,phases      ] GC(50) Compaction Phase 99.130ms
[48.534s][info][gc,phases,start] GC(50) Post Compact
[48.537s][info][gc,phases      ] GC(50) Post Compact 2.393ms
[48.537s][info][gc,heap        ] GC(50) PSYoungGen: 111615K(222720K)->111607K(222720K) Eden: 111615K(111616K)->111607K(111616K) From: 0K(111104K)->0K(111104K)
[48.537s][info][gc,heap        ] GC(50) ParOldGen: 667558K(667648K)->667558K(667648K)
[48.537s][info][gc,metaspace   ] GC(50) Metaspace: 16932K(17216K)->16932K(17216K) NonClass: 14775K(14976K)->14775K(14976K) Class: 2156K(2240K)->2156K(2240K)
[48.537s][info][gc             ] GC(50) Pause Full (Allocation Failure) 760M->760M(869M) 698.492ms
[48.537s][info][gc,cpu         ] GC(50) User=1.36s Sys=0.00s Real=0.70s
[48.538s][info][gc,start       ] GC(51) Pause Full (Allocation Failure)
[48.538s][info][gc,phases,start] GC(51) Marking Phase
[48.899s][info][gc,phases      ] GC(51) Marking Phase 360.970ms
[48.899s][info][gc,phases,start] GC(51) Summary Phase
[48.899s][info][gc,phases      ] GC(51) Summary Phase 0.024ms
[48.899s][info][gc,phases,start] GC(51) Forward
[48.922s][info][gc,phases      ] GC(51) Forward 22.995ms
[48.922s][info][gc,phases,start] GC(51) Adjust Pointers
[49.110s][info][gc,phases      ] GC(51) Adjust Pointers 188.549ms
[49.110s][info][gc,phases,start] GC(51) Compaction Phase
[49.209s][info][gc,phases      ] GC(51) Compaction Phase 98.587ms
[49.209s][info][gc,phases,start] GC(51) Post Compact
[49.211s][info][gc,phases      ] GC(51) Post Compact 2.282ms
[49.211s][info][gc,heap        ] GC(51) PSYoungGen: 111615K(222720K)->111609K(222720K) Eden: 111615K(111616K)->111609K(111616K) From: 0K(111104K)->0K(111104K)
[49.211s][info][gc,heap        ] GC(51) ParOldGen: 667558K(667648K)->667558K(667648K)
[49.211s][info][gc,metaspace   ] GC(51) Metaspace: 16932K(17216K)->16932K(17216K) NonClass: 14775K(14976K)->14775K(14976K) Class: 2156K(2240K)->2156K(2240K)
[49.211s][info][gc             ] GC(51) Pause Full (Allocation Failure) 760M->760M(869M) 673.817ms
[49.211s][info][gc,cpu         ] GC(51) User=1.32s Sys=0.00s Real=0.67s
[49.212s][info][gc,start       ] GC(52) Pause Full (Allocation Failure)
[49.212s][info][gc,phases,start] GC(52) Marking Phase
[49.563s][info][gc,phases      ] GC(52) Marking Phase 350.978ms
[49.563s][info][gc,phases,start] GC(52) Summary Phase
[49.563s][info][gc,phases      ] GC(52) Summary Phase 0.023ms
[49.563s][info][gc,phases,start] GC(52) Forward
[49.585s][info][gc,phases      ] GC(52) Forward 21.772ms
[49.585s][info][gc,phases,start] GC(52) Adjust Pointers
[49.769s][info][gc,phases      ] GC(52) Adjust Pointers 184.411ms
[49.769s][info][gc,phases,start] GC(52) Compaction Phase
[49.866s][info][gc,phases      ] GC(52) Compaction Phase 96.586ms
[49.866s][info][gc,phases,start] GC(52) Post Compact
[49.868s][info][gc,phases      ] GC(52) Post Compact 2.292ms
[49.868s][info][gc,heap        ] GC(52) PSYoungGen: 111615K(222720K)->111609K(222720K) Eden: 111615K(111616K)->111609K(111616K) From: 0K(111104K)->0K(111104K)
[49.868s][info][gc,heap        ] GC(52) ParOldGen: 667558K(667648K)->667558K(667648K)
[49.868s][info][gc,metaspace   ] GC(52) Metaspace: 16932K(17216K)->16932K(17216K) NonClass: 14775K(14976K)->14775K(14976K) Class: 2156K(2240K)->2156K(2240K)
[49.868s][info][gc             ] GC(52) Pause Full (Allocation Failure) 760M->760M(869M) 656.501ms
[49.868s][info][gc,cpu         ] GC(52) User=1.29s Sys=0.00s Real=0.66s
[49.869s][info][gc,start       ] GC(53) Pause Full (Allocation Failure)
[49.869s][info][gc,phases,start] GC(53) Marking Phase
[50.209s][info][gc,phases      ] GC(53) Marking Phase 340.207ms
[50.209s][info][gc,phases,start] GC(53) Summary Phase
[50.209s][info][gc,phases      ] GC(53) Summary Phase 0.025ms
[50.209s][info][gc,phases,start] GC(53) Forward
[50.231s][info][gc,phases      ] GC(53) Forward 21.516ms
[50.231s][info][gc,phases,start] GC(53) Adjust Pointers
[50.413s][info][gc,phases      ] GC(53) Adjust Pointers 182.162ms
[50.413s][info][gc,phases,start] GC(53) Compaction Phase
[50.507s][info][gc,phases      ] GC(53) Compaction Phase 93.677ms
[50.507s][info][gc,phases,start] GC(53) Post Compact
[50.509s][info][gc,phases      ] GC(53) Post Compact 2.269ms
[50.509s][info][gc,heap        ] GC(53) PSYoungGen: 111615K(222720K)->111611K(222720K) Eden: 111615K(111616K)->111611K(111616K) From: 0K(111104K)->0K(111104K)
[50.509s][info][gc,heap        ] GC(53) ParOldGen: 667558K(667648K)->667558K(667648K)
[50.509s][info][gc,metaspace   ] GC(53) Metaspace: 16932K(17216K)->16932K(17216K) NonClass: 14775K(14976K)->14775K(14976K) Class: 2156K(2240K)->2156K(2240K)
[50.509s][info][gc             ] GC(53) Pause Full (Allocation Failure) 760M->760M(869M) 640.213ms
[50.509s][info][gc,cpu         ] GC(53) User=1.26s Sys=0.00s Real=0.64s
[50.510s][info][gc,start       ] GC(54) Pause Full (Allocation Failure)
[50.510s][info][gc,phases,start] GC(54) Marking Phase
[50.850s][info][gc,phases      ] GC(54) Marking Phase 340.743ms
[50.850s][info][gc,phases,start] GC(54) Summary Phase
[50.850s][info][gc,phases      ] GC(54) Summary Phase 0.024ms
[50.850s][info][gc,phases,start] GC(54) Forward
[50.873s][info][gc,phases      ] GC(54) Forward 22.495ms
[50.873s][info][gc,phases,start] GC(54) Adjust Pointers
[51.056s][info][gc,phases      ] GC(54) Adjust Pointers 182.763ms
[51.056s][info][gc,phases,start] GC(54) Compaction Phase
[51.150s][info][gc,phases      ] GC(54) Compaction Phase 94.413ms
[51.150s][info][gc,phases,start] GC(54) Post Compact
[51.153s][info][gc,phases      ] GC(54) Post Compact 2.276ms
[51.153s][info][gc,heap        ] GC(54) PSYoungGen: 111615K(222720K)->111611K(222720K) Eden: 111615K(111616K)->111611K(111616K) From: 0K(111104K)->0K(111104K)
[51.153s][info][gc,heap        ] GC(54) ParOldGen: 667558K(667648K)->667558K(667648K)
[51.153s][info][gc,metaspace   ] GC(54) Metaspace: 16932K(17216K)->16932K(17216K) NonClass: 14775K(14976K)->14775K(14976K) Class: 2156K(2240K)->2156K(2240K)
[51.153s][info][gc             ] GC(54) Pause Full (Allocation Failure) 760M->760M(869M) 643.102ms
[51.153s][info][gc,cpu         ] GC(54) User=1.26s Sys=0.00s Real=0.64s
[51.153s][info][gc,start       ] GC(55) Pause Full (Allocation Failure)
[51.153s][info][gc,phases,start] GC(55) Marking Phase
[51.498s][info][gc,phases      ] GC(55) Marking Phase 345.172ms
[51.499s][info][gc,phases,start] GC(55) Summary Phase
[51.499s][info][gc,phases      ] GC(55) Summary Phase 0.024ms
[51.499s][info][gc,phases,start] GC(55) Forward
[51.520s][info][gc,phases      ] GC(55) Forward 21.711ms
[51.520s][info][gc,phases,start] GC(55) Adjust Pointers
[51.704s][info][gc,phases      ] GC(55) Adjust Pointers 183.191ms
[51.704s][info][gc,phases,start] GC(55) Compaction Phase
[51.800s][info][gc,phases      ] GC(55) Compaction Phase 96.750ms
[51.800s][info][gc,phases,start] GC(55) Post Compact
[51.803s][info][gc,phases      ] GC(55) Post Compact 2.261ms
[51.803s][info][gc,heap        ] GC(55) PSYoungGen: 111615K(222720K)->111612K(222720K) Eden: 111615K(111616K)->111612K(111616K) From: 0K(111104K)->0K(111104K)
[51.803s][info][gc,heap        ] GC(55) ParOldGen: 667558K(667648K)->667558K(667648K)
[51.803s][info][gc,metaspace   ] GC(55) Metaspace: 16932K(17216K)->16932K(17216K) NonClass: 14775K(14976K)->14775K(14976K) Class: 2156K(2240K)->2156K(2240K)
[51.803s][info][gc             ] GC(55) Pause Full (Allocation Failure) 760M->760M(869M) 649.508ms
[51.803s][info][gc,cpu         ] GC(55) User=1.28s Sys=0.00s Real=0.65s
[51.803s][info][gc,start       ] GC(56) Pause Full (Allocation Failure)
[51.803s][info][gc,phases,start] GC(56) Marking Phase
[52.150s][info][gc,phases      ] GC(56) Marking Phase 346.417ms
[52.150s][info][gc,phases,start] GC(56) Summary Phase
[52.150s][info][gc,phases      ] GC(56) Summary Phase 0.029ms
[52.150s][info][gc,phases,start] GC(56) Forward
[52.254s][info][gc,phases      ] GC(56) Forward 103.995ms
[52.254s][info][gc,phases,start] GC(56) Adjust Pointers
[52.480s][info][gc,phases      ] GC(56) Adjust Pointers 226.690ms
[52.480s][info][gc,phases,start] GC(56) Compaction Phase
[52.636s][info][gc,phases      ] GC(56) Compaction Phase 155.979ms
[52.637s][info][gc,phases,start] GC(56) Post Compact
[52.639s][info][metaspace      ] ChkMgr @0x00007fe2c003ec00 (non-class-space): : reclaiming memory...
[52.639s][info][metaspace      ] ChkMgr @0x00007fe2c003ec00 (non-class-space): nothing reclaimed.
[52.639s][info][metaspace      ] ChkMgr @0x00007fe2c003ea10 (class-space): : reclaiming memory...
[52.639s][info][metaspace      ] ChkMgr @0x00007fe2c003ea10 (class-space): nothing reclaimed.
[52.639s][info][gc,phases      ] GC(56) Post Compact 2.485ms
[52.639s][info][gc,heap        ] GC(56) PSYoungGen: 111615K(222720K)->69117K(222720K) Eden: 111615K(111616K)->69117K(111616K) From: 0K(111104K)->0K(111104K)
[52.639s][info][gc,heap        ] GC(56) ParOldGen: 667558K(667648K)->667503K(667648K)
[52.639s][info][gc,metaspace   ] GC(56) Metaspace: 16932K(17216K)->16831K(17216K) NonClass: 14775K(14976K)->14675K(14976K) Class: 2156K(2240K)->2156K(2240K)
[52.639s][info][gc             ] GC(56) Pause Full (Allocation Failure) 760M->719M(869M) 836.237ms
[52.639s][info][gc,cpu         ] GC(56) User=1.63s Sys=0.00s Real=0.84s
[52.693s][info][gc,start       ] GC(57) Pause Full (Allocation Failure)
[52.693s][info][gc,phases,start] GC(57) Marking Phase
[52.913s][info][gc,phases      ] GC(57) Marking Phase 220.449ms
[52.913s][info][gc,phases,start] GC(57) Summary Phase
[52.913s][info][gc,phases      ] GC(57) Summary Phase 0.027ms
[52.913s][info][gc,phases,start] GC(57) Forward
[53.019s][info][gc,phases      ] GC(57) Forward 106.126ms
[53.019s][info][gc,phases,start] GC(57) Adjust Pointers
[53.150s][info][gc,phases      ] GC(57) Adjust Pointers 130.261ms
[53.150s][info][gc,phases,start] GC(57) Compaction Phase
[53.256s][info][gc,phases      ] GC(57) Compaction Phase 106.705ms
[53.257s][info][gc,phases,start] GC(57) Post Compact
[53.259s][info][gc,phases      ] GC(57) Post Compact 2.252ms
[53.273s][info][gc,heap        ] GC(57) PSYoungGen: 111615K(222720K)->0K(222720K) Eden: 111615K(111616K)->0K(111616K) From: 0K(111104K)->0K(111104K)
[53.273s][info][gc,heap        ] GC(57) ParOldGen: 667503K(667648K)->292938K(499200K)
[53.273s][info][gc,metaspace   ] GC(57) Metaspace: 16831K(17216K)->16831K(17216K) NonClass: 14675K(14976K)->14675K(14976K) Class: 2156K(2240K)->2156K(2240K)
[53.273s][info][gc             ] GC(57) Pause Full (Allocation Failure) 760M->286M(705M) 580.693ms
[53.273s][info][gc,cpu         ] GC(57) User=1.03s Sys=0.02s Real=0.58s
[53.472s][info][gc,start       ] GC(58) Pause Young (Allocation Failure)
[53.503s][info][gc,heap        ] GC(58) PSYoungGen: 111616K(222720K)->31333K(222720K) Eden: 111616K(111616K)->0K(111616K) From: 0K(111104K)->31333K(111104K)
[53.503s][info][gc,heap        ] GC(58) ParOldGen: 292938K(499200K)->292938K(499200K)
[53.503s][info][gc,metaspace   ] GC(58) Metaspace: 16832K(17216K)->16832K(17216K) NonClass: 14675K(14976K)->14675K(14976K) Class: 2157K(2240K)->2157K(2240K)
[53.503s][info][gc             ] GC(58) Pause Young (Allocation Failure) 395M->316M(705M) 30.896ms
[53.503s][info][gc,cpu         ] GC(58) User=0.06s Sys=0.00s Real=0.03s
[53.868s][info][gc,start       ] GC(59) Pause Young (Allocation Failure)
[53.931s][info][gc,heap        ] GC(59) PSYoungGen: 142949K(222720K)->16500K(222720K) Eden: 111616K(111616K)->0K(111616K) From: 31333K(111104K)->16500K(111104K)
[53.932s][info][gc,heap        ] GC(59) ParOldGen: 292938K(499200K)->325051K(499200K)
[53.932s][info][gc,metaspace   ] GC(59) Metaspace: 16832K(17216K)->16832K(17216K) NonClass: 14675K(14976K)->14675K(14976K) Class: 2157K(2240K)->2157K(2240K)
[53.932s][info][gc             ] GC(59) Pause Young (Allocation Failure) 425M->333M(705M) 63.994ms
[53.932s][info][gc,cpu         ] GC(59) User=0.13s Sys=0.00s Real=0.06s
[54.196s][info][gc,start       ] GC(60) Pause Young (Allocation Failure)
[54.224s][info][gc,heap        ] GC(60) PSYoungGen: 128116K(222720K)->1024K(222720K) Eden: 111616K(111616K)->0K(111616K) From: 16500K(111104K)->1024K(111104K)
[54.224s][info][gc,heap        ] GC(60) ParOldGen: 325051K(499200K)->346354K(499200K)
[54.224s][info][gc,metaspace   ] GC(60) Metaspace: 16832K(17216K)->16832K(17216K) NonClass: 14675K(14976K)->14675K(14976K) Class: 2157K(2240K)->2157K(2240K)
[54.224s][info][gc             ] GC(60) Pause Young (Allocation Failure) 442M->339M(705M) 28.090ms
[54.224s][info][gc,cpu         ] GC(60) User=0.05s Sys=0.00s Real=0.03s
[54.936s][info][gc,start       ] GC(61) Pause Young (Allocation Failure)
[54.988s][info][gc,heap        ] GC(61) PSYoungGen: 112640K(222720K)->32105K(222720K) Eden: 111616K(111616K)->0K(111616K) From: 1024K(111104K)->32105K(111104K)
[54.988s][info][gc,heap        ] GC(61) ParOldGen: 346354K(499200K)->347354K(499200K)
[54.988s][info][gc,metaspace   ] GC(61) Metaspace: 16936K(17216K)->16936K(17216K) NonClass: 14750K(14976K)->14750K(14976K) Class: 2186K(2240K)->2186K(2240K)
[54.988s][info][gc             ] GC(61) Pause Young (Allocation Failure) 448M->370M(705M) 51.638ms
[54.988s][info][gc,cpu         ] GC(61) User=0.10s Sys=0.00s Real=0.06s
[55.491s][info][gc,start       ] GC(62) Pause Young (Allocation Failure)
[55.587s][info][gc,heap        ] GC(62) PSYoungGen: 143721K(222720K)->63712K(222720K) Eden: 111616K(111616K)->0K(111616K) From: 32105K(111104K)->63712K(111104K)
[55.587s][info][gc,heap        ] GC(62) ParOldGen: 347354K(499200K)->379441K(499200K)
[55.587s][info][gc,metaspace   ] GC(62) Metaspace: 17073K(17344K)->17073K(17344K) NonClass: 14877K(15104K)->14877K(15104K) Class: 2196K(2240K)->2196K(2240K)
[55.587s][info][gc             ] GC(62) Pause Young (Allocation Failure) 479M->432M(705M) 95.919ms
[55.587s][info][gc,cpu         ] GC(62) User=0.18s Sys=0.00s Real=0.10s
[55.865s][info][gc,start       ] GC(63) Pause Young (Allocation Failure)
[55.954s][info][gc,heap        ] GC(63) PSYoungGen: 167542K(222720K)->45244K(222720K) Eden: 103830K(111616K)->0K(111616K) From: 63712K(111104K)->45244K(111104K)
[55.954s][info][gc,heap        ] GC(63) ParOldGen: 379441K(499200K)->443378K(499200K)
[55.954s][info][gc,metaspace   ] GC(63) Metaspace: 17101K(17344K)->17101K(17344K) NonClass: 14903K(15104K)->14903K(15104K) Class: 2198K(2240K)->2198K(2240K)
[55.954s][info][gc             ] GC(63) Pause Young (Allocation Failure) 534M->477M(705M) 89.805ms
[55.954s][info][gc,cpu         ] GC(63) User=0.18s Sys=0.00s Real=0.09s
[56.428s][info][gc,start       ] GC(64) Pause Young (Allocation Failure)
[56.478s][info][gc,heap        ] GC(64) PSYoungGen: 147901K(222720K)->24866K(222720K) Eden: 102657K(111616K)->0K(111616K) From: 45244K(111104K)->24866K(111104K)
[56.478s][info][gc,heap        ] GC(64) ParOldGen: 443378K(499200K)->489128K(499200K)
[56.478s][info][gc,metaspace   ] GC(64) Metaspace: 17266K(17536K)->17266K(17536K) NonClass: 15058K(15232K)->15058K(15232K) Class: 2208K(2304K)->2208K(2304K)
[56.478s][info][gc             ] GC(64) Pause Young (Allocation Failure) 577M->501M(705M) 49.404ms
[56.478s][info][gc,cpu         ] GC(64) User=0.09s Sys=0.00s Real=0.05s
[58.195s][info][gc,start       ] GC(65) Pause Young (Allocation Failure)
[58.235s][info][gc,heap        ] GC(65) PSYoungGen: 136482K(222720K)->40059K(222720K) Eden: 111616K(111616K)->0K(111616K) From: 24866K(111104K)->40059K(111104K)
[58.235s][info][gc,heap        ] GC(65) ParOldGen: 489128K(499200K)->513838K(514560K)
[58.235s][info][gc,metaspace   ] GC(65) Metaspace: 17300K(17600K)->17300K(17600K) NonClass: 15091K(15296K)->15091K(15296K) Class: 2209K(2304K)->2209K(2304K)
[58.235s][info][gc             ] GC(65) Pause Young (Allocation Failure) 610M->540M(720M) 39.186ms
[58.235s][info][gc,cpu         ] GC(65) User=0.07s Sys=0.01s Real=0.04s
[60.336s][info][gc,start       ] GC(66) Pause Young (Allocation Failure)
[60.382s][info][gc,heap        ] GC(66) PSYoungGen: 147368K(222720K)->56330K(222720K) Eden: 107308K(111616K)->0K(111616K) From: 40059K(111104K)->56330K(111104K)
[60.382s][info][gc,heap        ] GC(66) ParOldGen: 513838K(514560K)->553806K(553984K)
[60.382s][info][gc,metaspace   ] GC(66) Metaspace: 17318K(17600K)->17318K(17600K) NonClass: 15108K(15296K)->15108K(15296K) Class: 2209K(2304K)->2209K(2304K)
[60.382s][info][gc             ] GC(66) Pause Young (Allocation Failure) 645M->595M(758M) 45.782ms
[60.382s][info][gc,cpu         ] GC(66) User=0.07s Sys=0.02s Real=0.05s
[61.216s][info][gc,start       ] GC(67) Pause Young (Allocation Failure)
[61.251s][info][gc,heap        ] GC(67) PSYoungGen: 166267K(222720K)->31314K(222720K) Eden: 109936K(111616K)->0K(111616K) From: 56330K(111104K)->31314K(111104K)
[61.251s][info][gc,heap        ] GC(67) ParOldGen: 553806K(553984K)->603821K(604672K)
[61.251s][info][gc,metaspace   ] GC(67) Metaspace: 17336K(17600K)->17336K(17600K) NonClass: 15126K(15296K)->15126K(15296K) Class: 2209K(2304K)->2209K(2304K)
[61.252s][info][gc             ] GC(67) Pause Young (Allocation Failure) 703M->620M(808M) 35.794ms
[61.252s][info][gc,cpu         ] GC(67) User=0.03s Sys=0.04s Real=0.04s
[61.848s][info][gc,start       ] GC(68) Pause Full (Allocation Failure)
[61.848s][info][gc,phases,start] GC(68) Marking Phase
[62.143s][info][gc,phases      ] GC(68) Marking Phase 294.269ms
[62.143s][info][gc,phases,start] GC(68) Summary Phase
[62.143s][info][gc,phases      ] GC(68) Summary Phase 0.028ms
[62.143s][info][gc,phases,start] GC(68) Forward
[62.254s][info][gc,phases      ] GC(68) Forward 110.833ms
[62.254s][info][gc,phases,start] GC(68) Adjust Pointers
[62.444s][info][gc,phases      ] GC(68) Adjust Pointers 190.853ms
[62.445s][info][gc,phases,start] GC(68) Compaction Phase
[62.603s][info][gc,phases      ] GC(68) Compaction Phase 157.981ms
[62.603s][info][gc,phases,start] GC(68) Post Compact
[62.605s][info][gc,phases      ] GC(68) Post Compact 2.193ms
[62.605s][info][gc,heap        ] GC(68) PSYoungGen: 134044K(222720K)->0K(222720K) Eden: 102729K(111616K)->0K(111616K) From: 31314K(111104K)->0K(111104K)
[62.605s][info][gc,heap        ] GC(68) ParOldGen: 603821K(604672K)->570615K(667648K)
[62.605s][info][gc,metaspace   ] GC(68) Metaspace: 17337K(17600K)->17337K(17600K) NonClass: 15127K(15296K)->15127K(15296K) Class: 2209K(2304K)->2209K(2304K)
[62.605s][info][gc             ] GC(68) Pause Full (Allocation Failure) 720M->557M(869M) 756.902ms
[62.605s][info][gc,cpu         ] GC(68) User=1.44s Sys=0.00s Real=0.75s
[63.086s][info][gc,start       ] GC(69) Pause Full (Allocation Failure)
[63.086s][info][gc,phases,start] GC(69) Marking Phase
[63.101s][info][gc,phases      ] GC(69) Marking Phase 14.869ms
[63.101s][info][gc,phases,start] GC(69) Summary Phase
[63.101s][info][gc,phases      ] GC(69) Summary Phase 0.027ms
[63.101s][info][gc,phases,start] GC(69) Forward
[63.103s][info][gc,phases      ] GC(69) Forward 1.123ms
[63.103s][info][gc,phases,start] GC(69) Adjust Pointers
[63.110s][info][gc,phases      ] GC(69) Adjust Pointers 7.776ms
[63.110s][info][gc,phases,start] GC(69) Compaction Phase
[63.135s][info][gc,phases      ] GC(69) Compaction Phase 24.910ms
[63.135s][info][gc,phases,start] GC(69) Post Compact
[63.138s][info][gc,phases      ] GC(69) Post Compact 2.138ms
[63.154s][info][gc,heap        ] GC(69) PSYoungGen: 110960K(222720K)->0K(222720K) Eden: 110960K(111616K)->0K(111616K) From: 0K(111104K)->0K(111104K)
[63.154s][info][gc,heap        ] GC(69) ParOldGen: 570615K(667648K)->219721K(398848K)
[63.154s][info][gc,metaspace   ] GC(69) Metaspace: 17337K(17600K)->17337K(17600K) NonClass: 15127K(15296K)->15127K(15296K) Class: 2209K(2304K)->2209K(2304K)
[63.154s][info][gc             ] GC(69) Pause Full (Allocation Failure) 665M->214M(607M) 67.483ms
[63.154s][info][gc,cpu         ] GC(69) User=0.08s Sys=0.02s Real=0.07s
[63.657s][info][gc,start       ] GC(70) Pause Young (Allocation Failure)
[63.671s][info][gc,heap        ] GC(70) PSYoungGen: 111616K(222720K)->60307K(222720K) Eden: 111616K(111616K)->0K(111616K) From: 0K(111104K)->60307K(111104K)
[63.671s][info][gc,heap        ] GC(70) ParOldGen: 219721K(398848K)->219721K(398848K)
[63.671s][info][gc,metaspace   ] GC(70) Metaspace: 17337K(17600K)->17337K(17600K) NonClass: 15127K(15296K)->15127K(15296K) Class: 2209K(2304K)->2209K(2304K)
[63.671s][info][gc             ] GC(70) Pause Young (Allocation Failure) 323M->273M(607M) 13.416ms
[63.671s][info][gc,cpu         ] GC(70) User=0.02s Sys=0.00s Real=0.01s
[63.760s][info][gc,start       ] GC(71) Pause Young (Allocation Failure)
[63.793s][info][gc,heap        ] GC(71) PSYoungGen: 171923K(222720K)->57192K(222720K) Eden: 111616K(111616K)->0K(111616K) From: 60307K(111104K)->57192K(111104K)
[63.793s][info][gc,heap        ] GC(71) ParOldGen: 219721K(398848K)->264283K(398848K)
[63.793s][info][gc,metaspace   ] GC(71) Metaspace: 17337K(17600K)->17337K(17600K) NonClass: 15127K(15296K)->15127K(15296K) Class: 2209K(2304K)->2209K(2304K)
[63.793s][info][gc             ] GC(71) Pause Young (Allocation Failure) 382M->313M(607M) 33.709ms
[63.793s][info][gc,cpu         ] GC(71) User=0.06s Sys=0.00s Real=0.03s
[63.882s][info][gc,start       ] GC(72) Pause Young (Allocation Failure)
[63.932s][info][gc,heap        ] GC(72) PSYoungGen: 168808K(222720K)->57705K(222720K) Eden: 111616K(111616K)->0K(111616K) From: 57192K(111104K)->57705K(111104K)
[63.932s][info][gc,heap        ] GC(72) ParOldGen: 264283K(398848K)->321566K(398848K)
[63.932s][info][gc,metaspace   ] GC(72) Metaspace: 17337K(17600K)->17337K(17600K) NonClass: 15127K(15296K)->15127K(15296K) Class: 2209K(2304K)->2209K(2304K)
[63.932s][info][gc             ] GC(72) Pause Young (Allocation Failure) 422M->370M(607M) 49.815ms
[63.932s][info][gc,cpu         ] GC(72) User=0.10s Sys=0.00s Real=0.05s
[64.019s][info][gc,start       ] GC(73) Pause Young (Allocation Failure)
[64.068s][info][gc,heap        ] GC(73) PSYoungGen: 169321K(222720K)->54163K(222720K) Eden: 111616K(111616K)->0K(111616K) From: 57705K(111104K)->54163K(111104K)
[64.068s][info][gc,heap        ] GC(73) ParOldGen: 321566K(398848K)->379332K(398848K)
[64.068s][info][gc,metaspace   ] GC(73) Metaspace: 17337K(17600K)->17337K(17600K) NonClass: 15127K(15296K)->15127K(15296K) Class: 2209K(2304K)->2209K(2304K)
[64.068s][info][gc             ] GC(73) Pause Young (Allocation Failure) 479M->423M(607M) 48.680ms
[64.068s][info][gc,cpu         ] GC(73) User=0.10s Sys=0.00s Real=0.05s
[64.369s][info][gc,start       ] GC(74) Pause Young (Allocation Failure)
[64.421s][info][gc,heap        ] GC(74) PSYoungGen: 144363K(222720K)->75030K(222720K) Eden: 90200K(111616K)->0K(111616K) From: 54163K(111104K)->75030K(111104K)
[64.422s][info][gc,heap        ] GC(74) ParOldGen: 379332K(398848K)->433668K(434176K)
[64.422s][info][gc,metaspace   ] GC(74) Metaspace: 17337K(17600K)->17337K(17600K) NonClass: 15128K(15296K)->15128K(15296K) Class: 2209K(2304K)->2209K(2304K)
[64.422s][info][gc             ] GC(74) Pause Young (Allocation Failure) 511M->496M(641M) 52.332ms
[64.422s][info][gc,cpu         ] GC(74) User=0.08s Sys=0.03s Real=0.05s
[66.102s][info][gc,start       ] GC(75) Pause Young (Allocation Failure)
[66.160s][info][gc,heap        ] GC(75) PSYoungGen: 186646K(222720K)->34178K(222720K) Eden: 111616K(111616K)->0K(111616K) From: 75030K(111104K)->34178K(111104K)
[66.160s][info][gc,heap        ] GC(75) ParOldGen: 433668K(434176K)->477947K(478208K)
[66.160s][info][gc,metaspace   ] GC(75) Metaspace: 17378K(17600K)->17378K(17600K) NonClass: 15160K(15296K)->15160K(15296K) Class: 2218K(2304K)->2218K(2304K)
[66.160s][info][gc             ] GC(75) Pause Young (Allocation Failure) 605M->500M(684M) 57.812ms
[66.160s][info][gc,cpu         ] GC(75) User=0.08s Sys=0.03s Real=0.06s
[66.584s][info][gc,start       ] GC(76) Pause Young (Allocation Failure)
[66.673s][info][gc,heap        ] GC(76) PSYoungGen: 145794K(222720K)->58025K(222720K) Eden: 111616K(111616K)->0K(111616K) From: 34178K(111104K)->58025K(111104K)
[66.673s][info][gc,heap        ] GC(76) ParOldGen: 477947K(478208K)->511560K(512000K)
[66.673s][info][gc,metaspace   ] GC(76) Metaspace: 17467K(17792K)->17467K(17792K) NonClass: 15244K(15424K)->15244K(15424K) Class: 2222K(2368K)->2222K(2368K)
[66.673s][info][gc             ] GC(76) Pause Young (Allocation Failure) 609M->556M(717M) 89.079ms
[66.673s][info][gc,cpu         ] GC(76) User=0.15s Sys=0.02s Real=0.09s
[66.953s][info][gc,start       ] GC(77) Pause Young (Allocation Failure)
[67.052s][info][gc,heap        ] GC(77) PSYoungGen: 169641K(222720K)->70546K(222720K) Eden: 111616K(111616K)->0K(111616K) From: 58025K(111104K)->70546K(111104K)
[67.052s][info][gc,heap        ] GC(77) ParOldGen: 511560K(512000K)->569605K(569856K)
[67.052s][info][gc,metaspace   ] GC(77) Metaspace: 17619K(17920K)->17619K(17920K) NonClass: 15385K(15552K)->15385K(15552K) Class: 2233K(2368K)->2233K(2368K)
[67.052s][info][gc             ] GC(77) Pause Young (Allocation Failure) 665M->625M(774M) 99.654ms
[67.052s][info][gc,cpu         ] GC(77) User=0.14s Sys=0.04s Real=0.10s
[69.858s][info][gc,start       ] GC(78) Pause Young (Allocation Failure)
[69.937s][info][gc,heap        ] GC(78) PSYoungGen: 182162K(222720K)->51823K(222720K) Eden: 111616K(111616K)->0K(111616K) From: 70546K(111104K)->51823K(111104K)
[69.937s][info][gc,heap        ] GC(78) ParOldGen: 569605K(569856K)->637898K(637952K)
[69.937s][info][gc,metaspace   ] GC(78) Metaspace: 17629K(17920K)->17629K(17920K) NonClass: 15395K(15552K)->15395K(15552K) Class: 2233K(2368K)->2233K(2368K)
[69.937s][info][gc             ] GC(78) Pause Young (Allocation Failure) 734M->673M(840M) 78.189ms
[69.937s][info][gc,cpu         ] GC(78) User=0.10s Sys=0.06s Real=0.08s
[70.109s][info][gc,start       ] GC(79) Pause Full (Allocation Failure)
[70.109s][info][gc,phases,start] GC(79) Marking Phase
[70.310s][info][gc,phases      ] GC(79) Marking Phase 201.527ms
[70.310s][info][gc,phases,start] GC(79) Summary Phase
[70.310s][info][gc,phases      ] GC(79) Summary Phase 0.029ms
[70.310s][info][gc,phases,start] GC(79) Forward
[70.394s][info][gc,phases      ] GC(79) Forward 83.645ms
[70.394s][info][gc,phases,start] GC(79) Adjust Pointers
[70.510s][info][gc,phases      ] GC(79) Adjust Pointers 116.150ms
[70.510s][info][gc,phases,start] GC(79) Compaction Phase
[70.633s][info][gc,phases      ] GC(79) Compaction Phase 122.513ms
[70.633s][info][gc,phases,start] GC(79) Post Compact
[70.636s][info][gc,phases      ] GC(79) Post Compact 2.402ms
[70.636s][info][gc,heap        ] GC(79) PSYoungGen: 163439K(222720K)->15320K(222720K) Eden: 111616K(111616K)->0K(111616K) From: 51823K(111104K)->15320K(111104K)
[70.636s][info][gc,heap        ] GC(79) ParOldGen: 637898K(637952K)->637506K(667648K)
[70.636s][info][gc,metaspace   ] GC(79) Metaspace: 17629K(17920K)->17629K(17920K) NonClass: 15395K(15552K)->15395K(15552K) Class: 2233K(2368K)->2233K(2368K)
[70.636s][info][gc             ] GC(79) Pause Full (Allocation Failure) 782M->637M(869M) 527.001ms
[70.636s][info][gc,cpu         ] GC(79) User=0.96s Sys=0.00s Real=0.52s
[70.776s][info][gc,start       ] GC(80) Pause Full (Allocation Failure)
[70.776s][info][gc,phases,start] GC(80) Marking Phase
[70.868s][info][gc,phases      ] GC(80) Marking Phase 92.556ms
[70.868s][info][gc,phases,start] GC(80) Summary Phase
[70.868s][info][gc,phases      ] GC(80) Summary Phase 0.036ms
[70.868s][info][gc,phases,start] GC(80) Forward
[70.913s][info][gc,phases      ] GC(80) Forward 44.508ms
[70.913s][info][gc,phases,start] GC(80) Adjust Pointers
[70.971s][info][gc,phases      ] GC(80) Adjust Pointers 58.542ms
[70.971s][info][gc,phases,start] GC(80) Compaction Phase
[71.042s][info][gc,phases      ] GC(80) Compaction Phase 70.676ms
[71.042s][info][gc,phases,start] GC(80) Post Compact
[71.045s][info][gc,phases      ] GC(80) Post Compact 2.409ms
[71.046s][info][gc,heap        ] GC(80) PSYoungGen: 126936K(222720K)->0K(222720K) Eden: 111616K(111616K)->0K(111616K) From: 15320K(111104K)->0K(111104K)
[71.046s][info][gc,heap        ] GC(80) ParOldGen: 637506K(667648K)->437629K(620544K)
[71.046s][info][gc,metaspace   ] GC(80) Metaspace: 17630K(17920K)->17630K(17920K) NonClass: 15396K(15552K)->15396K(15552K) Class: 2233K(2368K)->2233K(2368K)
[71.046s][info][gc             ] GC(80) Pause Full (Allocation Failure) 746M->427M(823M) 270.534ms
[71.046s][info][gc,cpu         ] GC(80) User=0.49s Sys=0.00s Real=0.27s
[71.167s][info][gc,start       ] GC(81) Pause Young (Allocation Failure)
[71.202s][info][gc,heap        ] GC(81) PSYoungGen: 111616K(222720K)->77053K(222720K) Eden: 111616K(111616K)->0K(111616K) From: 0K(111104K)->77053K(111104K)
[71.202s][info][gc,heap        ] GC(81) ParOldGen: 437629K(620544K)->437629K(620544K)
[71.202s][info][gc,metaspace   ] GC(81) Metaspace: 17630K(17920K)->17630K(17920K) NonClass: 15396K(15552K)->15396K(15552K) Class: 2233K(2368K)->2233K(2368K)
[71.202s][info][gc             ] GC(81) Pause Young (Allocation Failure) 536M->502M(823M) 35.768ms
[71.202s][info][gc,cpu         ] GC(81) User=0.06s Sys=0.00s Real=0.03s
[71.579s][info][gc,start       ] GC(82) Pause Young (Allocation Failure)
[71.638s][info][gc,heap        ] GC(82) PSYoungGen: 188669K(222720K)->102801K(222720K) Eden: 111616K(111616K)->0K(111616K) From: 77053K(111104K)->102801K(111104K)
[71.639s][info][gc,heap        ] GC(82) ParOldGen: 437629K(620544K)->513363K(620544K)
[71.639s][info][gc,metaspace   ] GC(82) Metaspace: 17634K(17920K)->17634K(17920K) NonClass: 15399K(15552K)->15399K(15552K) Class: 2235K(2368K)->2235K(2368K)
[71.639s][info][gc             ] GC(82) Pause Young (Allocation Failure) 611M->601M(823M) 59.059ms
[71.639s][info][gc,cpu         ] GC(82) User=0.12s Sys=0.00s Real=0.06s
[72.650s][info][gc,start       ] GC(83) Pause Young (Allocation Failure)
[72.708s][info][gc,heap        ] GC(83) PSYoungGen: 214417K(222720K)->97030K(222720K) Eden: 111616K(111616K)->0K(111616K) From: 102801K(111104K)->97030K(111104K)
[72.708s][info][gc,heap        ] GC(83) ParOldGen: 513363K(620544K)->609524K(620544K)
[72.708s][info][gc,metaspace   ] GC(83) Metaspace: 17687K(17984K)->17687K(17984K) NonClass: 15428K(15616K)->15428K(15616K) Class: 2258K(2368K)->2258K(2368K)
[72.708s][info][gc             ] GC(83) Pause Young (Allocation Failure) 710M->689M(823M) 57.499ms
[72.708s][info][gc,cpu         ] GC(83) User=0.11s Sys=0.00s Real=0.06s
[72.792s][info][gc,start       ] GC(84) Pause Full (Allocation Failure)
[72.792s][info][gc,phases,start] GC(84) Marking Phase
[72.927s][info][gc,phases      ] GC(84) Marking Phase 134.701ms
[72.927s][info][gc,phases,start] GC(84) Summary Phase
[72.927s][info][gc,phases      ] GC(84) Summary Phase 0.028ms
[72.927s][info][gc,phases,start] GC(84) Forward
[72.974s][info][gc,phases      ] GC(84) Forward 46.951ms
[72.974s][info][gc,phases,start] GC(84) Adjust Pointers
[73.058s][info][gc,phases      ] GC(84) Adjust Pointers 84.309ms
[73.058s][info][gc,phases,start] GC(84) Compaction Phase
[73.168s][info][gc,phases      ] GC(84) Compaction Phase 109.933ms
[73.169s][info][gc,phases,start] GC(84) Post Compact
[73.171s][info][gc,phases      ] GC(84) Post Compact 2.395ms
[73.171s][info][gc,heap        ] GC(84) PSYoungGen: 199076K(222720K)->67456K(222720K) Eden: 102045K(111616K)->0K(111616K) From: 97030K(111104K)->67456K(111104K)
[73.171s][info][gc,heap        ] GC(84) ParOldGen: 609524K(620544K)->620349K(667648K)
[73.171s][info][gc,metaspace   ] GC(84) Metaspace: 17772K(18048K)->17772K(18048K) NonClass: 15491K(15680K)->15491K(15680K) Class: 2280K(2368K)->2280K(2368K)
[73.171s][info][gc             ] GC(84) Pause Full (Allocation Failure) 789M->671M(869M) 379.006ms
[73.171s][info][gc,cpu         ] GC(84) User=0.72s Sys=0.01s Real=0.38s
[73.915s][info][gc,start       ] GC(85) Pause Full (Allocation Failure)
[73.915s][info][gc,phases,start] GC(85) Marking Phase
[73.964s][info][gc,phases      ] GC(85) Marking Phase 48.590ms
[73.964s][info][gc,phases,start] GC(85) Summary Phase
[73.964s][info][gc,phases      ] GC(85) Summary Phase 0.026ms
[73.964s][info][gc,phases,start] GC(85) Forward
[73.974s][info][gc,phases      ] GC(85) Forward 10.544ms
[73.974s][info][gc,phases,start] GC(85) Adjust Pointers
[74.005s][info][gc,phases      ] GC(85) Adjust Pointers 30.649ms
[74.005s][info][gc,phases,start] GC(85) Compaction Phase
[74.058s][info][gc,phases      ] GC(85) Compaction Phase 52.907ms
[74.058s][info][gc,phases,start] GC(85) Post Compact
[74.061s][info][gc,phases      ] GC(85) Post Compact 2.416ms
[74.061s][info][gc,heap        ] GC(85) PSYoungGen: 179072K(222720K)->0K(222720K) Eden: 111616K(111616K)->0K(111616K) From: 67456K(111104K)->0K(111104K)
[74.061s][info][gc,heap        ] GC(85) ParOldGen: 620349K(667648K)->557879K(667648K)
[74.061s][info][gc,metaspace   ] GC(85) Metaspace: 17924K(18240K)->17924K(18240K) NonClass: 15621K(15808K)->15621K(15808K) Class: 2302K(2432K)->2302K(2432K)
[74.061s][info][gc             ] GC(85) Pause Full (Allocation Failure) 780M->544M(869M) 145.610ms
[74.061s][info][gc,cpu         ] GC(85) User=0.26s Sys=0.00s Real=0.15s
[75.003s][info][gc,start       ] GC(86) Pause Young (Allocation Failure)
[75.085s][info][gc,heap        ] GC(86) PSYoungGen: 111616K(222720K)->81518K(222720K) Eden: 111616K(111616K)->0K(111616K) From: 0K(111104K)->81518K(111104K)
[75.085s][info][gc,heap        ] GC(86) ParOldGen: 557879K(667648K)->557887K(667648K)
[75.085s][info][gc,metaspace   ] GC(86) Metaspace: 18049K(18368K)->18049K(18368K) NonClass: 15742K(15936K)->15742K(15936K) Class: 2306K(2432K)->2306K(2432K)
[75.085s][info][gc             ] GC(86) Pause Young (Allocation Failure) 653M->624M(869M) 81.563ms
[75.085s][info][gc,cpu         ] GC(86) User=0.17s Sys=0.00s Real=0.08s
[75.268s][info][gc,start       ] GC(87) Pause Full (Allocation Failure)
[75.268s][info][gc,phases,start] GC(87) Marking Phase
[75.433s][info][gc,phases      ] GC(87) Marking Phase 165.109ms
[75.433s][info][gc,phases,start] GC(87) Summary Phase
[75.434s][info][gc,phases      ] GC(87) Summary Phase 0.028ms
[75.434s][info][gc,phases,start] GC(87) Forward
[75.487s][info][gc,phases      ] GC(87) Forward 53.511ms
[75.487s][info][gc,phases,start] GC(87) Adjust Pointers
[75.587s][info][gc,phases      ] GC(87) Adjust Pointers 99.378ms
[75.587s][info][gc,phases,start] GC(87) Compaction Phase
[75.712s][info][gc,phases      ] GC(87) Compaction Phase 125.077ms
[75.712s][info][gc,phases,start] GC(87) Post Compact
[75.714s][info][gc,phases      ] GC(87) Post Compact 2.289ms
[75.714s][info][gc,heap        ] GC(87) PSYoungGen: 193134K(222720K)->0K(222720K) Eden: 111616K(111616K)->0K(111616K) From: 81518K(111104K)->0K(111104K)
[75.714s][info][gc,heap        ] GC(87) ParOldGen: 557887K(667648K)->657127K(667648K)
[75.714s][info][gc,metaspace   ] GC(87) Metaspace: 18049K(18368K)->18049K(18368K) NonClass: 15742K(15936K)->15742K(15936K) Class: 2306K(2432K)->2306K(2432K)
[75.714s][info][gc             ] GC(87) Pause Full (Allocation Failure) 733M->641M(869M) 445.989ms
[75.714s][info][gc,cpu         ] GC(87) User=0.84s Sys=0.02s Real=0.44s
[75.845s][info][gc,start       ] GC(88) Pause Full (Allocation Failure)
[75.846s][info][gc,phases,start] GC(88) Marking Phase
[76.073s][info][gc,phases      ] GC(88) Marking Phase 227.796ms
[76.073s][info][gc,phases,start] GC(88) Summary Phase
[76.073s][info][gc,phases      ] GC(88) Summary Phase 0.041ms
[76.073s][info][gc,phases,start] GC(88) Forward
[76.172s][info][gc,phases      ] GC(88) Forward 98.326ms
[76.172s][info][gc,phases,start] GC(88) Adjust Pointers
[76.312s][info][gc,phases      ] GC(88) Adjust Pointers 140.007ms
[76.312s][info][gc,phases,start] GC(88) Compaction Phase
[76.469s][info][gc,phases      ] GC(88) Compaction Phase 157.073ms
[76.469s][info][gc,phases,start] GC(88) Post Compact
[76.472s][info][gc,phases      ] GC(88) Post Compact 2.345ms
[76.472s][info][gc,heap        ] GC(88) PSYoungGen: 111616K(222720K)->46136K(222720K) Eden: 111616K(111616K)->46136K(111616K) From: 0K(111104K)->0K(111104K)
[76.472s][info][gc,heap        ] GC(88) ParOldGen: 657127K(667648K)->667497K(667648K)
[76.472s][info][gc,metaspace   ] GC(88) Metaspace: 18049K(18368K)->18049K(18368K) NonClass: 15742K(15936K)->15742K(15936K) Class: 2306K(2432K)->2306K(2432K)
[76.472s][info][gc             ] GC(88) Pause Full (Allocation Failure) 750M->696M(869M) 626.185ms
[76.472s][info][gc,cpu         ] GC(88) User=1.15s Sys=0.01s Real=0.63s
[76.549s][info][gc,start       ] GC(89) Pause Full (Allocation Failure)
[76.549s][info][gc,phases,start] GC(89) Marking Phase
[76.817s][info][gc,phases      ] GC(89) Marking Phase 267.756ms
[76.817s][info][gc,phases,start] GC(89) Summary Phase
[76.817s][info][gc,phases      ] GC(89) Summary Phase 0.025ms
[76.817s][info][gc,phases,start] GC(89) Forward
[76.838s][info][gc,phases      ] GC(89) Forward 20.516ms
[76.838s][info][gc,phases,start] GC(89) Adjust Pointers
[76.977s][info][gc,phases      ] GC(89) Adjust Pointers 139.341ms
[76.977s][info][gc,phases,start] GC(89) Compaction Phase
[77.063s][info][gc,phases      ] GC(89) Compaction Phase 86.045ms
[77.063s][info][gc,phases,start] GC(89) Post Compact
[77.066s][info][gc,phases      ] GC(89) Post Compact 2.325ms
[77.066s][info][gc,heap        ] GC(89) PSYoungGen: 111616K(222720K)->99198K(222720K) Eden: 111616K(111616K)->99198K(111616K) From: 0K(111104K)->0K(111104K)
[77.066s][info][gc,heap        ] GC(89) ParOldGen: 667497K(667648K)->667497K(667648K)
[77.066s][info][gc,metaspace   ] GC(89) Metaspace: 18049K(18368K)->18049K(18368K) NonClass: 15742K(15936K)->15742K(15936K) Class: 2306K(2432K)->2306K(2432K)
[77.066s][info][gc             ] GC(89) Pause Full (Allocation Failure) 760M->748M(869M) 516.490ms
[77.066s][info][gc,cpu         ] GC(89) User=1.01s Sys=0.00s Real=0.51s
[77.080s][info][gc,start       ] GC(90) Pause Full (Allocation Failure)
[77.080s][info][gc,phases,start] GC(90) Marking Phase
[77.354s][info][gc,phases      ] GC(90) Marking Phase 274.600ms
[77.354s][info][gc,phases,start] GC(90) Summary Phase
[77.354s][info][gc,phases      ] GC(90) Summary Phase 0.026ms
[77.354s][info][gc,phases,start] GC(90) Forward
[77.376s][info][gc,phases      ] GC(90) Forward 21.819ms
[77.376s][info][gc,phases,start] GC(90) Adjust Pointers
[77.518s][info][gc,phases      ] GC(90) Adjust Pointers 141.412ms
[77.518s][info][gc,phases,start] GC(90) Compaction Phase
[77.604s][info][gc,phases      ] GC(90) Compaction Phase 86.518ms
[77.604s][info][gc,phases,start] GC(90) Post Compact
[77.607s][info][gc,phases      ] GC(90) Post Compact 2.333ms
[77.607s][info][gc,heap        ] GC(90) PSYoungGen: 111616K(222720K)->108994K(222720K) Eden: 111616K(111616K)->108994K(111616K) From: 0K(111104K)->0K(111104K)
[77.607s][info][gc,heap        ] GC(90) ParOldGen: 667497K(667648K)->667497K(667648K)
[77.607s][info][gc,metaspace   ] GC(90) Metaspace: 18049K(18368K)->18049K(18368K) NonClass: 15742K(15936K)->15742K(15936K) Class: 2306K(2432K)->2306K(2432K)
[77.607s][info][gc             ] GC(90) Pause Full (Allocation Failure) 760M->758M(869M) 527.162ms
[77.607s][info][gc,cpu         ] GC(90) User=1.03s Sys=0.00s Real=0.53s
[77.611s][info][gc,start       ] GC(91) Pause Full (Allocation Failure)
[77.611s][info][gc,phases,start] GC(91) Marking Phase
[77.901s][info][gc,phases      ] GC(91) Marking Phase 290.796ms
[77.902s][info][gc,phases,start] GC(91) Summary Phase
[77.902s][info][gc,phases      ] GC(91) Summary Phase 0.024ms
[77.902s][info][gc,phases,start] GC(91) Forward
[77.921s][info][gc,phases      ] GC(91) Forward 19.562ms
[77.921s][info][gc,phases,start] GC(91) Adjust Pointers
[78.059s][info][gc,phases      ] GC(91) Adjust Pointers 137.799ms
[78.059s][info][gc,phases,start] GC(91) Compaction Phase
[78.145s][info][gc,phases      ] GC(91) Compaction Phase 86.416ms
[78.146s][info][gc,phases,start] GC(91) Post Compact
[78.148s][info][gc,phases      ] GC(91) Post Compact 2.308ms
[78.148s][info][gc,heap        ] GC(91) PSYoungGen: 111616K(222720K)->111122K(222720K) Eden: 111616K(111616K)->111122K(111616K) From: 0K(111104K)->0K(111104K)
[78.148s][info][gc,heap        ] GC(91) ParOldGen: 667497K(667648K)->667497K(667648K)
[78.148s][info][gc,metaspace   ] GC(91) Metaspace: 18049K(18368K)->18049K(18368K) NonClass: 15742K(15936K)->15742K(15936K) Class: 2306K(2432K)->2306K(2432K)
[78.148s][info][gc             ] GC(91) Pause Full (Allocation Failure) 760M->760M(869M) 537.305ms
[78.148s][info][gc,cpu         ] GC(91) User=1.05s Sys=0.00s Real=0.54s
[78.149s][info][gc,start       ] GC(92) Pause Full (Allocation Failure)
[78.149s][info][gc,phases,start] GC(92) Marking Phase
[78.419s][info][gc,phases      ] GC(92) Marking Phase 269.707ms
[78.419s][info][gc,phases,start] GC(92) Summary Phase
[78.419s][info][gc,phases      ] GC(92) Summary Phase 0.025ms
[78.419s][info][gc,phases,start] GC(92) Forward
[78.437s][info][gc,phases      ] GC(92) Forward 18.663ms
[78.438s][info][gc,phases,start] GC(92) Adjust Pointers
[78.573s][info][gc,phases      ] GC(92) Adjust Pointers 135.292ms
[78.573s][info][gc,phases,start] GC(92) Compaction Phase
[78.655s][info][gc,phases      ] GC(92) Compaction Phase 81.736ms
[78.655s][info][gc,phases,start] GC(92) Post Compact
[78.657s][info][gc,phases      ] GC(92) Post Compact 2.302ms
[78.657s][info][gc,heap        ] GC(92) PSYoungGen: 111616K(222720K)->111523K(222720K) Eden: 111616K(111616K)->111523K(111616K) From: 0K(111104K)->0K(111104K)
[78.657s][info][gc,heap        ] GC(92) ParOldGen: 667497K(667648K)->667497K(667648K)
[78.657s][info][gc,metaspace   ] GC(92) Metaspace: 18049K(18368K)->18049K(18368K) NonClass: 15742K(15936K)->15742K(15936K) Class: 2306K(2432K)->2306K(2432K)
[78.657s][info][gc             ] GC(92) Pause Full (Allocation Failure) 760M->760M(869M) 508.106ms
[78.657s][info][gc,cpu         ] GC(92) User=1.00s Sys=0.00s Real=0.51s
[78.658s][info][gc,start       ] GC(93) Pause Full (Allocation Failure)
[78.658s][info][gc,phases,start] GC(93) Marking Phase
[78.930s][info][gc,phases      ] GC(93) Marking Phase 272.427ms
[78.930s][info][gc,phases,start] GC(93) Summary Phase
[78.930s][info][gc,phases      ] GC(93) Summary Phase 0.024ms
[78.930s][info][gc,phases,start] GC(93) Forward
[78.949s][info][gc,phases      ] GC(93) Forward 18.856ms
[78.949s][info][gc,phases,start] GC(93) Adjust Pointers
[79.084s][info][gc,phases      ] GC(93) Adjust Pointers 134.934ms
[79.084s][info][gc,phases,start] GC(93) Compaction Phase
[79.166s][info][gc,phases      ] GC(93) Compaction Phase 81.815ms
[79.166s][info][gc,phases,start] GC(93) Post Compact
[79.169s][info][gc,phases      ] GC(93) Post Compact 2.378ms
[79.169s][info][gc,heap        ] GC(93) PSYoungGen: 111616K(222720K)->111598K(222720K) Eden: 111616K(111616K)->111598K(111616K) From: 0K(111104K)->0K(111104K)
[79.169s][info][gc,heap        ] GC(93) ParOldGen: 667497K(667648K)->667497K(667648K)
[79.169s][info][gc,metaspace   ] GC(93) Metaspace: 18049K(18368K)->18049K(18368K) NonClass: 15742K(15936K)->15742K(15936K) Class: 2306K(2432K)->2306K(2432K)
[79.169s][info][gc             ] GC(93) Pause Full (Allocation Failure) 760M->760M(869M) 510.831ms
[79.169s][info][gc,cpu         ] GC(93) User=0.99s Sys=0.00s Real=0.51s
[79.169s][info][gc,start       ] GC(94) Pause Full (Allocation Failure)
[79.169s][info][gc,phases,start] GC(94) Marking Phase
[79.438s][info][gc,phases      ] GC(94) Marking Phase 268.893ms
[79.438s][info][gc,phases,start] GC(94) Summary Phase
[79.438s][info][gc,phases      ] GC(94) Summary Phase 0.025ms
[79.438s][info][gc,phases,start] GC(94) Forward
[79.457s][info][gc,phases      ] GC(94) Forward 18.643ms
[79.457s][info][gc,phases,start] GC(94) Adjust Pointers
[79.593s][info][gc,phases      ] GC(94) Adjust Pointers 136.649ms
[79.594s][info][gc,phases,start] GC(94) Compaction Phase
[79.680s][info][gc,phases      ] GC(94) Compaction Phase 86.625ms
[79.680s][info][gc,phases,start] GC(94) Post Compact
[79.683s][info][gc,phases      ] GC(94) Post Compact 2.377ms
[79.683s][info][gc,heap        ] GC(94) PSYoungGen: 111616K(222720K)->111612K(222720K) Eden: 111616K(111616K)->111612K(111616K) From: 0K(111104K)->0K(111104K)
[79.683s][info][gc,heap        ] GC(94) ParOldGen: 667497K(667648K)->667497K(667648K)
[79.683s][info][gc,metaspace   ] GC(94) Metaspace: 18049K(18368K)->18049K(18368K) NonClass: 15742K(15936K)->15742K(15936K) Class: 2306K(2432K)->2306K(2432K)
[79.683s][info][gc             ] GC(94) Pause Full (Allocation Failure) 760M->760M(869M) 513.600ms
[79.683s][info][gc,cpu         ] GC(94) User=1.01s Sys=0.00s Real=0.51s
[79.683s][info][gc,start       ] GC(95) Pause Full (Allocation Failure)
[79.683s][info][gc,phases,start] GC(95) Marking Phase
[79.957s][info][gc,phases      ] GC(95) Marking Phase 273.612ms
[79.957s][info][gc,phases,start] GC(95) Summary Phase
[79.957s][info][gc,phases      ] GC(95) Summary Phase 0.024ms
[79.957s][info][gc,phases,start] GC(95) Forward
[79.976s][info][gc,phases      ] GC(95) Forward 19.159ms
[79.976s][info][gc,phases,start] GC(95) Adjust Pointers
[80.112s][info][gc,phases      ] GC(95) Adjust Pointers 136.251ms
[80.112s][info][gc,phases,start] GC(95) Compaction Phase
[80.196s][info][gc,phases      ] GC(95) Compaction Phase 83.163ms
[80.196s][info][gc,phases,start] GC(95) Post Compact
[80.198s][info][gc,phases      ] GC(95) Post Compact 2.331ms
[80.198s][info][gc,heap        ] GC(95) PSYoungGen: 111616K(222720K)->111614K(222720K) Eden: 111616K(111616K)->111614K(111616K) From: 0K(111104K)->0K(111104K)
[80.198s][info][gc,heap        ] GC(95) ParOldGen: 667497K(667648K)->667497K(667648K)
[80.198s][info][gc,metaspace   ] GC(95) Metaspace: 18049K(18368K)->18049K(18368K) NonClass: 15742K(15936K)->15742K(15936K) Class: 2306K(2432K)->2306K(2432K)
[80.198s][info][gc             ] GC(95) Pause Full (Allocation Failure) 760M->760M(869M) 514.942ms
[80.198s][info][gc,cpu         ] GC(95) User=1.00s Sys=0.00s Real=0.52s
[80.199s][info][gc,start       ] GC(96) Pause Full (Allocation Failure)
[80.199s][info][gc,phases,start] GC(96) Marking Phase
[80.475s][info][gc,phases      ] GC(96) Marking Phase 276.839ms
[80.475s][info][gc,phases,start] GC(96) Summary Phase
[80.475s][info][gc,phases      ] GC(96) Summary Phase 0.026ms
[80.476s][info][gc,phases,start] GC(96) Forward
[80.495s][info][gc,phases      ] GC(96) Forward 19.582ms
[80.495s][info][gc,phases,start] GC(96) Adjust Pointers
[80.634s][info][gc,phases      ] GC(96) Adjust Pointers 138.750ms
[80.634s][info][gc,phases,start] GC(96) Compaction Phase
[80.721s][info][gc,phases      ] GC(96) Compaction Phase 86.753ms
[80.721s][info][gc,phases,start] GC(96) Post Compact
[80.723s][info][gc,phases      ] GC(96) Post Compact 2.356ms
[80.723s][info][gc,heap        ] GC(96) PSYoungGen: 111615K(222720K)->111615K(222720K) Eden: 111615K(111616K)->111615K(111616K) From: 0K(111104K)->0K(111104K)
[80.723s][info][gc,heap        ] GC(96) ParOldGen: 667497K(667648K)->667497K(667648K)
[80.723s][info][gc,metaspace   ] GC(96) Metaspace: 18049K(18368K)->18049K(18368K) NonClass: 15742K(15936K)->15742K(15936K) Class: 2306K(2432K)->2306K(2432K)
[80.723s][info][gc             ] GC(96) Pause Full (Allocation Failure) 760M->760M(869M) 524.706ms
[80.723s][info][gc,cpu         ] GC(96) User=1.03s Sys=0.01s Real=0.52s
[80.724s][info][gc,start       ] GC(97) Pause Full (Allocation Failure)
[80.724s][info][gc,phases,start] GC(97) Marking Phase
[81.002s][info][gc,phases      ] GC(97) Marking Phase 278.610ms
[81.002s][info][gc,phases,start] GC(97) Summary Phase
[81.002s][info][gc,phases      ] GC(97) Summary Phase 0.024ms
[81.002s][info][gc,phases,start] GC(97) Forward
[81.021s][info][gc,phases      ] GC(97) Forward 18.622ms
[81.021s][info][gc,phases,start] GC(97) Adjust Pointers
[81.155s][info][gc,phases      ] GC(97) Adjust Pointers 133.629ms
[81.155s][info][gc,phases,start] GC(97) Compaction Phase
[81.240s][info][gc,phases      ] GC(97) Compaction Phase 85.173ms
[81.240s][info][gc,phases,start] GC(97) Post Compact
[81.242s][info][gc,phases      ] GC(97) Post Compact 2.313ms
[81.242s][info][gc,heap        ] GC(97) PSYoungGen: 111615K(222720K)->111615K(222720K) Eden: 111615K(111616K)->111615K(111616K) From: 0K(111104K)->0K(111104K)
[81.242s][info][gc,heap        ] GC(97) ParOldGen: 667497K(667648K)->667497K(667648K)
[81.242s][info][gc,metaspace   ] GC(97) Metaspace: 18049K(18368K)->18049K(18368K) NonClass: 15742K(15936K)->15742K(15936K) Class: 2306K(2432K)->2306K(2432K)
[81.242s][info][gc             ] GC(97) Pause Full (Allocation Failure) 760M->760M(869M) 518.748ms
[81.242s][info][gc,cpu         ] GC(97) User=1.01s Sys=0.00s Real=0.52s
[81.243s][info][gc,start       ] GC(98) Pause Full (Allocation Failure)
[81.243s][info][gc,phases,start] GC(98) Marking Phase
[81.516s][info][gc,phases      ] GC(98) Marking Phase 273.231ms
[81.516s][info][gc,phases,start] GC(98) Summary Phase
[81.516s][info][gc,phases      ] GC(98) Summary Phase 0.026ms
[81.516s][info][gc,phases,start] GC(98) Forward
[81.535s][info][gc,phases      ] GC(98) Forward 18.983ms
[81.535s][info][gc,phases,start] GC(98) Adjust Pointers
[81.675s][info][gc,phases      ] GC(98) Adjust Pointers 139.965ms
[81.675s][info][gc,phases,start] GC(98) Compaction Phase
[81.760s][info][gc,phases      ] GC(98) Compaction Phase 85.048ms
[81.760s][info][gc,phases,start] GC(98) Post Compact
[81.763s][info][gc,phases      ] GC(98) Post Compact 2.345ms
[81.763s][info][gc,heap        ] GC(98) PSYoungGen: 111615K(222720K)->111615K(222720K) Eden: 111615K(111616K)->111615K(111616K) From: 0K(111104K)->0K(111104K)
[81.763s][info][gc,heap        ] GC(98) ParOldGen: 667497K(667648K)->667497K(667648K)
[81.763s][info][gc,metaspace   ] GC(98) Metaspace: 18049K(18368K)->18049K(18368K) NonClass: 15742K(15936K)->15742K(15936K) Class: 2306K(2432K)->2306K(2432K)
[81.763s][info][gc             ] GC(98) Pause Full (Allocation Failure) 760M->760M(869M) 520.023ms
[81.763s][info][gc,cpu         ] GC(98) User=1.01s Sys=0.00s Real=0.52s
[81.763s][info][gc,start       ] GC(99) Pause Full (Allocation Failure)
[81.763s][info][gc,phases,start] GC(99) Marking Phase
[82.034s][info][gc,phases      ] GC(99) Marking Phase 271.705ms
[82.035s][info][gc,phases,start] GC(99) Summary Phase
[82.035s][info][gc,phases      ] GC(99) Summary Phase 0.026ms
[82.035s][info][gc,phases,start] GC(99) Forward
[82.053s][info][gc,phases      ] GC(99) Forward 18.438ms
[82.053s][info][gc,phases,start] GC(99) Adjust Pointers
[82.187s][info][gc,phases      ] GC(99) Adjust Pointers 133.466ms
[82.187s][info][gc,phases,start] GC(99) Compaction Phase
[82.267s][info][gc,phases      ] GC(99) Compaction Phase 80.892ms
[82.268s][info][gc,phases,start] GC(99) Post Compact
[82.270s][info][gc,phases      ] GC(99) Post Compact 2.339ms
[82.270s][info][gc,heap        ] GC(99) PSYoungGen: 111615K(222720K)->111615K(222720K) Eden: 111615K(111616K)->111615K(111616K) From: 0K(111104K)->0K(111104K)
[82.270s][info][gc,heap        ] GC(99) ParOldGen: 667497K(667648K)->667497K(667648K)
[82.270s][info][gc,metaspace   ] GC(99) Metaspace: 18049K(18368K)->18049K(18368K) NonClass: 15742K(15936K)->15742K(15936K) Class: 2306K(2432K)->2306K(2432K)
[82.270s][info][gc             ] GC(99) Pause Full (Allocation Failure) 760M->760M(869M) 507.262ms
[82.270s][info][gc,cpu         ] GC(99) User=0.99s Sys=0.00s Real=0.51s
[82.270s][info][gc,start       ] GC(100) Pause Full (Allocation Failure)
[82.270s][info][gc,phases,start] GC(100) Marking Phase
[82.531s][info][gc,phases      ] GC(100) Marking Phase 260.380ms
[82.531s][info][gc,phases,start] GC(100) Summary Phase
[82.531s][info][gc,phases      ] GC(100) Summary Phase 0.024ms
[82.531s][info][gc,phases,start] GC(100) Forward
[82.549s][info][gc,phases      ] GC(100) Forward 18.131ms
[82.549s][info][gc,phases,start] GC(100) Adjust Pointers
[82.683s][info][gc,phases      ] GC(100) Adjust Pointers 133.755ms
[82.683s][info][gc,phases,start] GC(100) Compaction Phase
[82.763s][info][gc,phases      ] GC(100) Compaction Phase 80.048ms
[82.763s][info][gc,phases,start] GC(100) Post Compact
[82.765s][info][gc,phases      ] GC(100) Post Compact 2.336ms
[82.765s][info][gc,heap        ] GC(100) PSYoungGen: 111616K(222720K)->111615K(222720K) Eden: 111616K(111616K)->111615K(111616K) From: 0K(111104K)->0K(111104K)
[82.765s][info][gc,heap        ] GC(100) ParOldGen: 667497K(667648K)->667497K(667648K)
[82.765s][info][gc,metaspace   ] GC(100) Metaspace: 18049K(18368K)->18049K(18368K) NonClass: 15742K(15936K)->15742K(15936K) Class: 2306K(2432K)->2306K(2432K)
[82.765s][info][gc             ] GC(100) Pause Full (Allocation Failure) 760M->760M(869M) 495.069ms
[82.765s][info][gc,cpu         ] GC(100) User=0.97s Sys=0.00s Real=0.49s
[82.765s][info][gc,start       ] GC(101) Pause Full (Allocation Failure)
[82.765s][info][gc,phases,start] GC(101) Marking Phase
[83.027s][info][gc,phases      ] GC(101) Marking Phase 261.492ms
[83.027s][info][gc,phases,start] GC(101) Summary Phase
[83.027s][info][gc,phases      ] GC(101) Summary Phase 0.024ms
[83.027s][info][gc,phases,start] GC(101) Forward
[83.045s][info][gc,phases      ] GC(101) Forward 18.346ms
[83.045s][info][gc,phases,start] GC(101) Adjust Pointers
[83.194s][info][gc,phases      ] GC(101) Adjust Pointers 149.090ms
[83.195s][info][gc,phases,start] GC(101) Compaction Phase
[83.276s][info][gc,phases      ] GC(101) Compaction Phase 81.036ms
[83.276s][info][gc,phases,start] GC(101) Post Compact
[83.278s][info][gc,phases      ] GC(101) Post Compact 2.270ms
[83.278s][info][gc,heap        ] GC(101) PSYoungGen: 111616K(222720K)->111615K(222720K) Eden: 111616K(111616K)->111615K(111616K) From: 0K(111104K)->0K(111104K)
[83.278s][info][gc,heap        ] GC(101) ParOldGen: 667497K(667648K)->667497K(667648K)
[83.278s][info][gc,metaspace   ] GC(101) Metaspace: 18049K(18368K)->18049K(18368K) NonClass: 15742K(15936K)->15742K(15936K) Class: 2306K(2432K)->2306K(2432K)
[83.278s][info][gc             ] GC(101) Pause Full (Allocation Failure) 760M->760M(869M) 512.623ms
[83.278s][info][gc,cpu         ] GC(101) User=1.00s Sys=0.00s Real=0.52s
[83.278s][info][gc,start       ] GC(102) Pause Full (Allocation Failure)
[83.278s][info][gc,phases,start] GC(102) Marking Phase
[83.539s][info][gc,phases      ] GC(102) Marking Phase 260.477ms
[83.539s][info][gc,phases,start] GC(102) Summary Phase
[83.539s][info][gc,phases      ] GC(102) Summary Phase 0.025ms
[83.539s][info][gc,phases,start] GC(102) Forward
[83.559s][info][gc,phases      ] GC(102) Forward 19.919ms
[83.559s][info][gc,phases,start] GC(102) Adjust Pointers
[83.693s][info][gc,phases      ] GC(102) Adjust Pointers 133.870ms
[83.693s][info][gc,phases,start] GC(102) Compaction Phase
[83.773s][info][gc,phases      ] GC(102) Compaction Phase 80.450ms
[83.773s][info][gc,phases,start] GC(102) Post Compact
[83.775s][info][gc,phases      ] GC(102) Post Compact 2.288ms
[83.775s][info][gc,heap        ] GC(102) PSYoungGen: 111615K(222720K)->111615K(222720K) Eden: 111615K(111616K)->111615K(111616K) From: 0K(111104K)->0K(111104K)
[83.775s][info][gc,heap        ] GC(102) ParOldGen: 667497K(667648K)->667497K(667648K)
[83.775s][info][gc,metaspace   ] GC(102) Metaspace: 18049K(18368K)->18049K(18368K) NonClass: 15742K(15936K)->15742K(15936K) Class: 2306K(2432K)->2306K(2432K)
[83.775s][info][gc             ] GC(102) Pause Full (Allocation Failure) 760M->760M(869M) 497.405ms
[83.776s][info][gc,cpu         ] GC(102) User=0.97s Sys=0.00s Real=0.49s
[83.776s][info][gc,start       ] GC(103) Pause Full (Allocation Failure)
[83.776s][info][gc,phases,start] GC(103) Marking Phase
[84.034s][info][gc,phases      ] GC(103) Marking Phase 258.325ms
[84.034s][info][gc,phases,start] GC(103) Summary Phase
[84.034s][info][gc,phases      ] GC(103) Summary Phase 0.024ms
[84.034s][info][gc,phases,start] GC(103) Forward
[84.052s][info][gc,phases      ] GC(103) Forward 18.006ms
[84.052s][info][gc,phases,start] GC(103) Adjust Pointers
[84.182s][info][gc,phases      ] GC(103) Adjust Pointers 129.773ms
[84.182s][info][gc,phases,start] GC(103) Compaction Phase
[84.262s][info][gc,phases      ] GC(103) Compaction Phase 79.505ms
[84.262s][info][gc,phases,start] GC(103) Post Compact
[84.264s][info][gc,phases      ] GC(103) Post Compact 2.246ms
[84.264s][info][gc,heap        ] GC(103) PSYoungGen: 111616K(222720K)->111616K(222720K) Eden: 111616K(111616K)->111616K(111616K) From: 0K(111104K)->0K(111104K)
[84.264s][info][gc,heap        ] GC(103) ParOldGen: 667497K(667648K)->667497K(667648K)
[84.264s][info][gc,metaspace   ] GC(103) Metaspace: 18049K(18368K)->18049K(18368K) NonClass: 15742K(15936K)->15742K(15936K) Class: 2306K(2432K)->2306K(2432K)
[84.264s][info][gc             ] GC(103) Pause Full (Allocation Failure) 760M->760M(869M) 488.292ms
[84.264s][info][gc,cpu         ] GC(103) User=0.95s Sys=0.00s Real=0.49s
[84.264s][info][gc,start       ] GC(104) Pause Full (Allocation Failure)
[84.264s][info][gc,phases,start] GC(104) Marking Phase
[84.526s][info][gc,phases      ] GC(104) Marking Phase 261.488ms
[84.526s][info][gc,phases,start] GC(104) Summary Phase
[84.526s][info][gc,phases      ] GC(104) Summary Phase 0.026ms
[84.526s][info][gc,phases,start] GC(104) Forward
[84.544s][info][gc,phases      ] GC(104) Forward 18.480ms
[84.544s][info][gc,phases,start] GC(104) Adjust Pointers
[84.676s][info][gc,phases      ] GC(104) Adjust Pointers 131.449ms
[84.676s][info][gc,phases,start] GC(104) Compaction Phase
[84.756s][info][gc,phases      ] GC(104) Compaction Phase 80.518ms
[84.756s][info][gc,phases,start] GC(104) Post Compact
[84.759s][info][gc,phases      ] GC(104) Post Compact 2.298ms
[84.759s][info][gc,heap        ] GC(104) PSYoungGen: 111616K(222720K)->111616K(222720K) Eden: 111616K(111616K)->111616K(111616K) From: 0K(111104K)->0K(111104K)
[84.759s][info][gc,heap        ] GC(104) ParOldGen: 667497K(667648K)->667497K(667648K)
[84.759s][info][gc,metaspace   ] GC(104) Metaspace: 18049K(18368K)->18049K(18368K) NonClass: 15742K(15936K)->15742K(15936K) Class: 2306K(2432K)->2306K(2432K)
[84.759s][info][gc             ] GC(104) Pause Full (Allocation Failure) 760M->760M(869M) 494.644ms
[84.759s][info][gc,cpu         ] GC(104) User=0.97s Sys=0.00s Real=0.50s
[84.759s][info][gc,start       ] GC(105) Pause Full (Allocation Failure)
[84.759s][info][gc,phases,start] GC(105) Marking Phase
[85.020s][info][gc,phases      ] GC(105) Marking Phase 261.012ms
[85.020s][info][gc,phases,start] GC(105) Summary Phase
[85.020s][info][gc,phases      ] GC(105) Summary Phase 0.023ms
[85.020s][info][gc,phases,start] GC(105) Forward
[85.038s][info][gc,phases      ] GC(105) Forward 18.044ms
[85.038s][info][gc,phases,start] GC(105) Adjust Pointers
[85.174s][info][gc,phases      ] GC(105) Adjust Pointers 135.633ms
[85.174s][info][gc,phases,start] GC(105) Compaction Phase
[85.257s][info][gc,phases      ] GC(105) Compaction Phase 83.640ms
[85.258s][info][gc,phases,start] GC(105) Post Compact
[85.260s][info][gc,phases      ] GC(105) Post Compact 2.276ms
[85.260s][info][gc,heap        ] GC(105) PSYoungGen: 111616K(222720K)->111616K(222720K) Eden: 111616K(111616K)->111616K(111616K) From: 0K(111104K)->0K(111104K)
[85.260s][info][gc,heap        ] GC(105) ParOldGen: 667497K(667648K)->667497K(667648K)
[85.260s][info][gc,metaspace   ] GC(105) Metaspace: 18049K(18368K)->18049K(18368K) NonClass: 15742K(15936K)->15742K(15936K) Class: 2306K(2432K)->2306K(2432K)
[85.260s][info][gc             ] GC(105) Pause Full (Allocation Failure) 760M->760M(869M) 500.987ms
[85.260s][info][gc,cpu         ] GC(105) User=0.97s Sys=0.01s Real=0.50s
[85.260s][info][gc,start       ] GC(106) Pause Full (Allocation Failure)
[85.260s][info][gc,phases,start] GC(106) Marking Phase
[85.535s][info][gc,phases      ] GC(106) Marking Phase 274.462ms
[85.535s][info][gc,phases,start] GC(106) Summary Phase
[85.535s][info][gc,phases      ] GC(106) Summary Phase 0.023ms
[85.535s][info][gc,phases,start] GC(106) Forward
[85.554s][info][gc,phases      ] GC(106) Forward 19.706ms
[85.554s][info][gc,phases,start] GC(106) Adjust Pointers
[85.691s][info][gc,phases      ] GC(106) Adjust Pointers 136.913ms
[85.691s][info][gc,phases,start] GC(106) Compaction Phase
[85.777s][info][gc,phases      ] GC(106) Compaction Phase 85.711ms
[85.777s][info][gc,phases,start] GC(106) Post Compact
[85.780s][info][gc,phases      ] GC(106) Post Compact 2.355ms
[85.780s][info][gc,heap        ] GC(106) PSYoungGen: 111616K(222720K)->111616K(222720K) Eden: 111616K(111616K)->111616K(111616K) From: 0K(111104K)->0K(111104K)
[85.780s][info][gc,heap        ] GC(106) ParOldGen: 667497K(667648K)->667497K(667648K)
[85.780s][info][gc,metaspace   ] GC(106) Metaspace: 18049K(18368K)->18049K(18368K) NonClass: 15742K(15936K)->15742K(15936K) Class: 2306K(2432K)->2306K(2432K)
[85.780s][info][gc             ] GC(106) Pause Full (Allocation Failure) 760M->760M(869M) 519.569ms
[85.780s][info][gc,cpu         ] GC(106) User=1.01s Sys=0.00s Real=0.52s
[85.780s][info][gc,start       ] GC(107) Pause Full (Allocation Failure)
[85.780s][info][gc,phases,start] GC(107) Marking Phase
[86.056s][info][gc,phases      ] GC(107) Marking Phase 276.145ms
[86.056s][info][gc,phases,start] GC(107) Summary Phase
[86.056s][info][gc,phases      ] GC(107) Summary Phase 0.026ms
[86.056s][info][gc,phases,start] GC(107) Forward
[86.076s][info][gc,phases      ] GC(107) Forward 19.659ms
[86.076s][info][gc,phases,start] GC(107) Adjust Pointers
[86.214s][info][gc,phases      ] GC(107) Adjust Pointers 138.677ms
[86.214s][info][gc,phases,start] GC(107) Compaction Phase
[86.301s][info][gc,phases      ] GC(107) Compaction Phase 86.597ms
[86.301s][info][gc,phases,start] GC(107) Post Compact
[86.303s][info][gc,phases      ] GC(107) Post Compact 2.316ms
[86.304s][info][gc,heap        ] GC(107) PSYoungGen: 111616K(222720K)->111616K(222720K) Eden: 111616K(111616K)->111616K(111616K) From: 0K(111104K)->0K(111104K)
[86.304s][info][gc,heap        ] GC(107) ParOldGen: 667497K(667648K)->667497K(667648K)
[86.304s][info][gc,metaspace   ] GC(107) Metaspace: 18049K(18368K)->18049K(18368K) NonClass: 15742K(15936K)->15742K(15936K) Class: 2306K(2432K)->2306K(2432K)
[86.304s][info][gc             ] GC(107) Pause Full (Allocation Failure) 760M->760M(869M) 523.839ms
[86.304s][info][gc,cpu         ] GC(107) User=1.03s Sys=0.00s Real=0.52s
[86.304s][info][gc,start       ] GC(108) Pause Full (Allocation Failure)
[86.304s][info][gc,phases,start] GC(108) Marking Phase
[86.580s][info][gc,phases      ] GC(108) Marking Phase 276.304ms
[86.580s][info][gc,phases,start] GC(108) Summary Phase
[86.580s][info][gc,phases      ] GC(108) Summary Phase 0.026ms
[86.580s][info][gc,phases,start] GC(108) Forward
[86.600s][info][gc,phases      ] GC(108) Forward 19.664ms
[86.600s][info][gc,phases,start] GC(108) Adjust Pointers
[86.740s][info][gc,phases      ] GC(108) Adjust Pointers 139.624ms
[86.740s][info][gc,phases,start] GC(108) Compaction Phase
[86.826s][info][gc,phases      ] GC(108) Compaction Phase 86.333ms
[86.826s][info][gc,phases,start] GC(108) Post Compact
[86.828s][info][gc,phases      ] GC(108) Post Compact 2.333ms
[86.828s][info][gc,heap        ] GC(108) PSYoungGen: 111616K(222720K)->111616K(222720K) Eden: 111616K(111616K)->111616K(111616K) From: 0K(111104K)->0K(111104K)
[86.828s][info][gc,heap        ] GC(108) ParOldGen: 667497K(667648K)->667497K(667648K)
[86.828s][info][gc,metaspace   ] GC(108) Metaspace: 18049K(18368K)->18049K(18368K) NonClass: 15742K(15936K)->15742K(15936K) Class: 2306K(2432K)->2306K(2432K)
[86.829s][info][gc             ] GC(108) Pause Full (Allocation Failure) 760M->760M(869M) 524.718ms
[86.829s][info][gc,cpu         ] GC(108) User=1.02s Sys=0.00s Real=0.53s
[86.829s][info][gc,start       ] GC(109) Pause Full (Allocation Failure)
[86.829s][info][gc,phases,start] GC(109) Marking Phase
[87.108s][info][gc,phases      ] GC(109) Marking Phase 279.317ms
[87.108s][info][gc,phases,start] GC(109) Summary Phase
[87.108s][info][gc,phases      ] GC(109) Summary Phase 0.024ms
[87.108s][info][gc,phases,start] GC(109) Forward
[87.128s][info][gc,phases      ] GC(109) Forward 19.711ms
[87.128s][info][gc,phases,start] GC(109) Adjust Pointers
[87.270s][info][gc,phases      ] GC(109) Adjust Pointers 142.617ms
[87.271s][info][gc,phases,start] GC(109) Compaction Phase
[87.359s][info][gc,phases      ] GC(109) Compaction Phase 87.999ms
[87.359s][info][gc,phases,start] GC(109) Post Compact
[87.361s][info][gc,phases      ] GC(109) Post Compact 2.340ms
[87.361s][info][gc,heap        ] GC(109) PSYoungGen: 111616K(222720K)->111616K(222720K) Eden: 111616K(111616K)->111616K(111616K) From: 0K(111104K)->0K(111104K)
[87.361s][info][gc,heap        ] GC(109) ParOldGen: 667497K(667648K)->667497K(667648K)
[87.361s][info][gc,metaspace   ] GC(109) Metaspace: 18049K(18368K)->18049K(18368K) NonClass: 15742K(15936K)->15742K(15936K) Class: 2306K(2432K)->2306K(2432K)
[87.361s][info][gc             ] GC(109) Pause Full (Allocation Failure) 760M->760M(869M) 532.406ms
[87.361s][info][gc,cpu         ] GC(109) User=1.04s Sys=0.00s Real=0.53s
[87.361s][info][gc,start       ] GC(110) Pause Full (Allocation Failure)
[87.361s][info][gc,phases,start] GC(110) Marking Phase
[87.639s][info][gc,phases      ] GC(110) Marking Phase 277.831ms
[87.639s][info][gc,phases,start] GC(110) Summary Phase
[87.639s][info][gc,phases      ] GC(110) Summary Phase 0.026ms
[87.639s][info][gc,phases,start] GC(110) Forward
[87.659s][info][gc,phases      ] GC(110) Forward 19.862ms
[87.659s][info][gc,phases,start] GC(110) Adjust Pointers
[87.797s][info][gc,phases      ] GC(110) Adjust Pointers 138.110ms
[87.797s][info][gc,phases,start] GC(110) Compaction Phase
[87.884s][info][gc,phases      ] GC(110) Compaction Phase 86.234ms
[87.884s][info][gc,phases,start] GC(110) Post Compact
[87.886s][info][gc,phases      ] GC(110) Post Compact 2.330ms
[87.886s][info][gc,heap        ] GC(110) PSYoungGen: 111616K(222720K)->111616K(222720K) Eden: 111616K(111616K)->111616K(111616K) From: 0K(111104K)->0K(111104K)
[87.886s][info][gc,heap        ] GC(110) ParOldGen: 667497K(667648K)->667497K(667648K)
[87.886s][info][gc,metaspace   ] GC(110) Metaspace: 18049K(18368K)->18049K(18368K) NonClass: 15742K(15936K)->15742K(15936K) Class: 2306K(2432K)->2306K(2432K)
[87.886s][info][gc             ] GC(110) Pause Full (Allocation Failure) 760M->760M(869M) 524.833ms
[87.886s][info][gc,cpu         ] GC(110) User=1.02s Sys=0.00s Real=0.52s
[87.886s][info][gc,start       ] GC(111) Pause Full (Allocation Failure)
[87.886s][info][gc,phases,start] GC(111) Marking Phase
[88.161s][info][gc,phases      ] GC(111) Marking Phase 275.249ms
[88.162s][info][gc,phases,start] GC(111) Summary Phase
[88.162s][info][gc,phases      ] GC(111) Summary Phase 0.026ms
[88.162s][info][gc,phases,start] GC(111) Forward
[88.181s][info][gc,phases      ] GC(111) Forward 19.510ms
[88.181s][info][gc,phases,start] GC(111) Adjust Pointers
[88.320s][info][gc,phases      ] GC(111) Adjust Pointers 138.419ms
[88.320s][info][gc,phases,start] GC(111) Compaction Phase
[88.406s][info][gc,phases      ] GC(111) Compaction Phase 86.655ms
[88.406s][info][gc,phases,start] GC(111) Post Compact
[88.409s][info][gc,phases      ] GC(111) Post Compact 2.297ms
[88.409s][info][gc,heap        ] GC(111) PSYoungGen: 111616K(222720K)->111616K(222720K) Eden: 111616K(111616K)->111616K(111616K) From: 0K(111104K)->0K(111104K)
[88.409s][info][gc,heap        ] GC(111) ParOldGen: 667497K(667648K)->667497K(667648K)
[88.409s][info][gc,metaspace   ] GC(111) Metaspace: 18049K(18368K)->18049K(18368K) NonClass: 15742K(15936K)->15742K(15936K) Class: 2306K(2432K)->2306K(2432K)
[88.409s][info][gc             ] GC(111) Pause Full (Allocation Failure) 760M->760M(869M) 522.566ms
[88.409s][info][gc,cpu         ] GC(111) User=1.03s Sys=0.00s Real=0.53s
[88.409s][info][gc,start       ] GC(112) Pause Full (Allocation Failure)
[88.409s][info][gc,phases,start] GC(112) Marking Phase
[88.687s][info][gc,phases      ] GC(112) Marking Phase 278.337ms
[88.687s][info][gc,phases,start] GC(112) Summary Phase
[88.687s][info][gc,phases      ] GC(112) Summary Phase 0.028ms
[88.687s][info][gc,phases,start] GC(112) Forward
[88.707s][info][gc,phases      ] GC(112) Forward 19.545ms
[88.707s][info][gc,phases,start] GC(112) Adjust Pointers
[88.846s][info][gc,phases      ] GC(112) Adjust Pointers 139.074ms
[88.846s][info][gc,phases,start] GC(112) Compaction Phase
[88.933s][info][gc,phases      ] GC(112) Compaction Phase 86.765ms
[88.933s][info][gc,phases,start] GC(112) Post Compact
[88.935s][info][gc,phases      ] GC(112) Post Compact 2.334ms
[88.935s][info][gc,heap        ] GC(112) PSYoungGen: 111616K(222720K)->111616K(222720K) Eden: 111616K(111616K)->111616K(111616K) From: 0K(111104K)->0K(111104K)
[88.935s][info][gc,heap        ] GC(112) ParOldGen: 667497K(667648K)->667497K(667648K)
[88.935s][info][gc,metaspace   ] GC(112) Metaspace: 18049K(18368K)->18049K(18368K) NonClass: 15742K(15936K)->15742K(15936K) Class: 2306K(2432K)->2306K(2432K)
[88.935s][info][gc             ] GC(112) Pause Full (Allocation Failure) 760M->760M(869M) 526.501ms
[88.935s][info][gc,cpu         ] GC(112) User=1.02s Sys=0.00s Real=0.52s
[88.936s][info][gc,start       ] GC(113) Pause Full (Allocation Failure)
[88.936s][info][gc,phases,start] GC(113) Marking Phase
[89.214s][info][gc,phases      ] GC(113) Marking Phase 278.313ms
[89.214s][info][gc,phases,start] GC(113) Summary Phase
[89.214s][info][gc,phases      ] GC(113) Summary Phase 0.025ms
[89.214s][info][gc,phases,start] GC(113) Forward
[89.234s][info][gc,phases      ] GC(113) Forward 19.703ms
[89.234s][info][gc,phases,start] GC(113) Adjust Pointers
[89.373s][info][gc,phases      ] GC(113) Adjust Pointers 138.793ms
[89.373s][info][gc,phases,start] GC(113) Compaction Phase
[89.459s][info][gc,phases      ] GC(113) Compaction Phase 86.811ms
[89.460s][info][gc,phases,start] GC(113) Post Compact
[89.462s][info][gc,phases      ] GC(113) Post Compact 2.305ms
[89.462s][info][gc,heap        ] GC(113) PSYoungGen: 111616K(222720K)->111616K(222720K) Eden: 111616K(111616K)->111616K(111616K) From: 0K(111104K)->0K(111104K)
[89.462s][info][gc,heap        ] GC(113) ParOldGen: 667498K(667648K)->667498K(667648K)
[89.462s][info][gc,metaspace   ] GC(113) Metaspace: 18049K(18368K)->18049K(18368K) NonClass: 15742K(15936K)->15742K(15936K) Class: 2306K(2432K)->2306K(2432K)
[89.462s][info][gc             ] GC(113) Pause Full (Allocation Failure) 760M->760M(869M) 526.372ms
[89.462s][info][gc,cpu         ] GC(113) User=1.03s Sys=0.00s Real=0.53s
[89.462s][info][gc,start       ] GC(114) Pause Full (Allocation Failure)
[89.462s][info][gc,phases,start] GC(114) Marking Phase
[89.740s][info][gc,phases      ] GC(114) Marking Phase 278.174ms
[89.740s][info][gc,phases,start] GC(114) Summary Phase
[89.740s][info][gc,phases      ] GC(114) Summary Phase 0.026ms
[89.740s][info][gc,phases,start] GC(114) Forward
[89.760s][info][gc,phases      ] GC(114) Forward 19.483ms
[89.760s][info][gc,phases,start] GC(114) Adjust Pointers
[89.898s][info][gc,phases      ] GC(114) Adjust Pointers 138.471ms
[89.898s][info][gc,phases,start] GC(114) Compaction Phase
[89.985s][info][gc,phases      ] GC(114) Compaction Phase 86.601ms
[89.985s][info][gc,phases,start] GC(114) Post Compact
[89.987s][info][gc,phases      ] GC(114) Post Compact 2.338ms
[89.987s][info][gc,heap        ] GC(114) PSYoungGen: 111616K(222720K)->111616K(222720K) Eden: 111616K(111616K)->111616K(111616K) From: 0K(111104K)->0K(111104K)
[89.988s][info][gc,heap        ] GC(114) ParOldGen: 667498K(667648K)->667498K(667648K)
[89.988s][info][gc,metaspace   ] GC(114) Metaspace: 18049K(18368K)->18049K(18368K) NonClass: 15742K(15936K)->15742K(15936K) Class: 2306K(2432K)->2306K(2432K)
[89.988s][info][gc             ] GC(114) Pause Full (Allocation Failure) 760M->760M(869M) 525.478ms
[89.988s][info][gc,cpu         ] GC(114) User=1.02s Sys=0.01s Real=0.53s
[89.988s][info][gc,start       ] GC(115) Pause Full (Allocation Failure)
[89.988s][info][gc,phases,start] GC(115) Marking Phase
[90.264s][info][gc,phases      ] GC(115) Marking Phase 276.507ms
[90.264s][info][gc,phases,start] GC(115) Summary Phase
[90.264s][info][gc,phases      ] GC(115) Summary Phase 0.025ms
[90.264s][info][gc,phases,start] GC(115) Forward
[90.284s][info][gc,phases      ] GC(115) Forward 19.586ms
[90.284s][info][gc,phases,start] GC(115) Adjust Pointers
[90.421s][info][gc,phases      ] GC(115) Adjust Pointers 137.260ms
[90.421s][info][gc,phases,start] GC(115) Compaction Phase
[90.508s][info][gc,phases      ] GC(115) Compaction Phase 86.455ms
[90.508s][info][gc,phases,start] GC(115) Post Compact
[90.510s][info][gc,phases      ] GC(115) Post Compact 2.319ms
[90.510s][info][gc,heap        ] GC(115) PSYoungGen: 111616K(222720K)->111616K(222720K) Eden: 111616K(111616K)->111616K(111616K) From: 0K(111104K)->0K(111104K)
[90.510s][info][gc,heap        ] GC(115) ParOldGen: 667498K(667648K)->667498K(667648K)
[90.510s][info][gc,metaspace   ] GC(115) Metaspace: 18049K(18368K)->18049K(18368K) NonClass: 15742K(15936K)->15742K(15936K) Class: 2306K(2432K)->2306K(2432K)
[90.510s][info][gc             ] GC(115) Pause Full (Allocation Failure) 760M->760M(869M) 522.558ms
[90.510s][info][gc,cpu         ] GC(115) User=1.02s Sys=0.00s Real=0.52s
[90.510s][info][gc,start       ] GC(116) Pause Full (Allocation Failure)
[90.510s][info][gc,phases,start] GC(116) Marking Phase
[90.790s][info][gc,phases      ] GC(116) Marking Phase 279.474ms
[90.790s][info][gc,phases,start] GC(116) Summary Phase
[90.790s][info][gc,phases      ] GC(116) Summary Phase 0.026ms
[90.790s][info][gc,phases,start] GC(116) Forward
[90.810s][info][gc,phases      ] GC(116) Forward 19.662ms
[90.810s][info][gc,phases,start] GC(116) Adjust Pointers
[90.948s][info][gc,phases      ] GC(116) Adjust Pointers 138.516ms
[90.948s][info][gc,phases,start] GC(116) Compaction Phase
[91.035s][info][gc,phases      ] GC(116) Compaction Phase 86.547ms
[91.035s][info][gc,phases,start] GC(116) Post Compact
[91.037s][info][gc,phases      ] GC(116) Post Compact 2.304ms
[91.037s][info][gc,heap        ] GC(116) PSYoungGen: 111616K(222720K)->111615K(222720K) Eden: 111616K(111616K)->111615K(111616K) From: 0K(111104K)->0K(111104K)
[91.037s][info][gc,heap        ] GC(116) ParOldGen: 667498K(667648K)->667498K(667648K)
[91.037s][info][gc,metaspace   ] GC(116) Metaspace: 18049K(18368K)->18049K(18368K) NonClass: 15742K(15936K)->15742K(15936K) Class: 2306K(2432K)->2306K(2432K)
[91.037s][info][gc             ] GC(116) Pause Full (Allocation Failure) 760M->760M(869M) 526.955ms
[91.037s][info][gc,cpu         ] GC(116) User=1.03s Sys=0.00s Real=0.53s
[91.037s][info][gc,start       ] GC(117) Pause Full (Allocation Failure)
[91.037s][info][gc,phases,start] GC(117) Marking Phase
[91.316s][info][gc,phases      ] GC(117) Marking Phase 278.435ms
[91.316s][info][gc,phases,start] GC(117) Summary Phase
[91.316s][info][gc,phases      ] GC(117) Summary Phase 0.041ms
[91.316s][info][gc,phases,start] GC(117) Forward
[91.336s][info][gc,phases      ] GC(117) Forward 19.515ms
[91.336s][info][gc,phases,start] GC(117) Adjust Pointers
[91.473s][info][gc,phases      ] GC(117) Adjust Pointers 137.768ms
[91.473s][info][gc,phases,start] GC(117) Compaction Phase
[91.560s][info][gc,phases      ] GC(117) Compaction Phase 86.656ms
[91.560s][info][gc,phases,start] GC(117) Post Compact
[91.563s][info][gc,phases      ] GC(117) Post Compact 2.316ms
[91.563s][info][gc,heap        ] GC(117) PSYoungGen: 111616K(222720K)->111616K(222720K) Eden: 111616K(111616K)->111616K(111616K) From: 0K(111104K)->0K(111104K)
[91.563s][info][gc,heap        ] GC(117) ParOldGen: 667498K(667648K)->667498K(667648K)
[91.563s][info][gc,metaspace   ] GC(117) Metaspace: 18049K(18368K)->18049K(18368K) NonClass: 15742K(15936K)->15742K(15936K) Class: 2306K(2432K)->2306K(2432K)
[91.563s][info][gc             ] GC(117) Pause Full (Allocation Failure) 760M->760M(869M) 525.149ms
[91.563s][info][gc,cpu         ] GC(117) User=1.02s Sys=0.00s Real=0.52s
[91.563s][info][gc,start       ] GC(118) Pause Full (Allocation Failure)
[91.563s][info][gc,phases,start] GC(118) Marking Phase
[91.842s][info][gc,phases      ] GC(118) Marking Phase 279.409ms
[91.842s][info][gc,phases,start] GC(118) Summary Phase
[91.842s][info][gc,phases      ] GC(118) Summary Phase 0.027ms
[91.842s][info][gc,phases,start] GC(118) Forward
[91.862s][info][gc,phases      ] GC(118) Forward 19.582ms
[91.862s][info][gc,phases,start] GC(118) Adjust Pointers
[92.001s][info][gc,phases      ] GC(118) Adjust Pointers 138.943ms
[92.001s][info][gc,phases,start] GC(118) Compaction Phase
[92.088s][info][gc,phases      ] GC(118) Compaction Phase 86.774ms
[92.088s][info][gc,phases,start] GC(118) Post Compact
[92.090s][info][gc,phases      ] GC(118) Post Compact 2.304ms
[92.090s][info][gc,heap        ] GC(118) PSYoungGen: 111616K(222720K)->111616K(222720K) Eden: 111616K(111616K)->111616K(111616K) From: 0K(111104K)->0K(111104K)
[92.090s][info][gc,heap        ] GC(118) ParOldGen: 667498K(667648K)->667498K(667648K)
[92.090s][info][gc,metaspace   ] GC(118) Metaspace: 18049K(18368K)->18049K(18368K) NonClass: 15742K(15936K)->15742K(15936K) Class: 2306K(2432K)->2306K(2432K)
[92.090s][info][gc             ] GC(118) Pause Full (Allocation Failure) 760M->760M(869M) 527.443ms
[92.090s][info][gc,cpu         ] GC(118) User=1.03s Sys=0.00s Real=0.53s
[92.090s][info][gc,start       ] GC(119) Pause Full (Allocation Failure)
[92.090s][info][gc,phases,start] GC(119) Marking Phase
[92.369s][info][gc,phases      ] GC(119) Marking Phase 278.648ms
[92.369s][info][gc,phases,start] GC(119) Summary Phase
[92.369s][info][gc,phases      ] GC(119) Summary Phase 0.026ms
[92.369s][info][gc,phases,start] GC(119) Forward
[92.389s][info][gc,phases      ] GC(119) Forward 19.642ms
[92.389s][info][gc,phases,start] GC(119) Adjust Pointers
[92.527s][info][gc,phases      ] GC(119) Adjust Pointers 138.515ms
[92.528s][info][gc,phases,start] GC(119) Compaction Phase
[92.614s][info][gc,phases      ] GC(119) Compaction Phase 86.430ms
[92.614s][info][gc,phases,start] GC(119) Post Compact
[92.616s][info][gc,phases      ] GC(119) Post Compact 2.291ms
[92.616s][info][gc,heap        ] GC(119) PSYoungGen: 111616K(222720K)->111616K(222720K) Eden: 111616K(111616K)->111616K(111616K) From: 0K(111104K)->0K(111104K)
[92.616s][info][gc,heap        ] GC(119) ParOldGen: 667498K(667648K)->667498K(667648K)
[92.616s][info][gc,metaspace   ] GC(119) Metaspace: 18049K(18368K)->18049K(18368K) NonClass: 15742K(15936K)->15742K(15936K) Class: 2306K(2432K)->2306K(2432K)
[92.616s][info][gc             ] GC(119) Pause Full (Allocation Failure) 760M->760M(869M) 525.968ms
[92.616s][info][gc,cpu         ] GC(119) User=1.03s Sys=0.00s Real=0.53s
[92.617s][info][gc,start       ] GC(120) Pause Full (Allocation Failure)
[92.617s][info][gc,phases,start] GC(120) Marking Phase
[92.897s][info][gc,phases      ] GC(120) Marking Phase 280.837ms
[92.897s][info][gc,phases,start] GC(120) Summary Phase
[92.897s][info][gc,phases      ] GC(120) Summary Phase 0.026ms
[92.897s][info][gc,phases,start] GC(120) Forward
[92.921s][info][gc,phases      ] GC(120) Forward 23.539ms
[92.921s][info][gc,phases,start] GC(120) Adjust Pointers
[93.060s][info][gc,phases      ] GC(120) Adjust Pointers 138.758ms
[93.060s][info][gc,phases,start] GC(120) Compaction Phase
[93.147s][info][gc,phases      ] GC(120) Compaction Phase 86.920ms
[93.147s][info][gc,phases,start] GC(120) Post Compact
[93.149s][info][gc,phases      ] GC(120) Post Compact 2.317ms
[93.149s][info][gc,heap        ] GC(120) PSYoungGen: 111616K(222720K)->111616K(222720K) Eden: 111616K(111616K)->111616K(111616K) From: 0K(111104K)->0K(111104K)
[93.149s][info][gc,heap        ] GC(120) ParOldGen: 667498K(667648K)->667498K(667648K)
[93.149s][info][gc,metaspace   ] GC(120) Metaspace: 18049K(18368K)->18049K(18368K) NonClass: 15742K(15936K)->15742K(15936K) Class: 2306K(2432K)->2306K(2432K)
[93.149s][info][gc             ] GC(120) Pause Full (Allocation Failure) 760M->760M(869M) 532.784ms
[93.149s][info][gc,cpu         ] GC(120) User=1.03s Sys=0.01s Real=0.53s
[93.149s][info][gc,start       ] GC(121) Pause Full (Allocation Failure)
[93.149s][info][gc,phases,start] GC(121) Marking Phase
[93.427s][info][gc,phases      ] GC(121) Marking Phase 277.535ms
[93.427s][info][gc,phases,start] GC(121) Summary Phase
[93.427s][info][gc,phases      ] GC(121) Summary Phase 0.025ms
[93.427s][info][gc,phases,start] GC(121) Forward
[93.447s][info][gc,phases      ] GC(121) Forward 19.670ms
[93.447s][info][gc,phases,start] GC(121) Adjust Pointers
[93.585s][info][gc,phases      ] GC(121) Adjust Pointers 137.749ms
[93.585s][info][gc,phases,start] GC(121) Compaction Phase
[93.671s][info][gc,phases      ] GC(121) Compaction Phase 86.773ms
[93.672s][info][gc,phases,start] GC(121) Post Compact
[93.674s][info][gc,phases      ] GC(121) Post Compact 2.325ms
[93.674s][info][gc,heap        ] GC(121) PSYoungGen: 111616K(222720K)->111616K(222720K) Eden: 111616K(111616K)->111616K(111616K) From: 0K(111104K)->0K(111104K)
[93.674s][info][gc,heap        ] GC(121) ParOldGen: 667498K(667648K)->667498K(667648K)
[93.674s][info][gc,metaspace   ] GC(121) Metaspace: 18049K(18368K)->18049K(18368K) NonClass: 15742K(15936K)->15742K(15936K) Class: 2306K(2432K)->2306K(2432K)
[93.674s][info][gc             ] GC(121) Pause Full (Allocation Failure) 760M->760M(869M) 524.463ms
[93.674s][info][gc,cpu         ] GC(121) User=1.02s Sys=0.00s Real=0.52s
[93.674s][info][gc,start       ] GC(122) Pause Full (Allocation Failure)
[93.674s][info][gc,phases,start] GC(122) Marking Phase
[93.956s][info][gc,phases      ] GC(122) Marking Phase 281.952ms
[93.956s][info][gc,phases,start] GC(122) Summary Phase
[93.956s][info][gc,phases      ] GC(122) Summary Phase 0.024ms
[93.956s][info][gc,phases,start] GC(122) Forward
[93.976s][info][gc,phases      ] GC(122) Forward 19.493ms
[93.976s][info][gc,phases,start] GC(122) Adjust Pointers
[94.115s][info][gc,phases      ] GC(122) Adjust Pointers 138.942ms
[94.115s][info][gc,phases,start] GC(122) Compaction Phase
[94.201s][info][gc,phases      ] GC(122) Compaction Phase 86.662ms
[94.201s][info][gc,phases,start] GC(122) Post Compact
[94.204s][info][gc,phases      ] GC(122) Post Compact 2.305ms
[94.204s][info][gc,heap        ] GC(122) PSYoungGen: 111616K(222720K)->111616K(222720K) Eden: 111616K(111616K)->111616K(111616K) From: 0K(111104K)->0K(111104K)
[94.204s][info][gc,heap        ] GC(122) ParOldGen: 667498K(667648K)->667498K(667648K)
[94.204s][info][gc,metaspace   ] GC(122) Metaspace: 18049K(18368K)->18049K(18368K) NonClass: 15742K(15936K)->15742K(15936K) Class: 2306K(2432K)->2306K(2432K)
[94.204s][info][gc             ] GC(122) Pause Full (Allocation Failure) 760M->760M(869M) 529.786ms
[94.204s][info][gc,cpu         ] GC(122) User=1.03s Sys=0.00s Real=0.53s
[94.204s][info][gc,start       ] GC(123) Pause Full (Allocation Failure)
[94.204s][info][gc,phases,start] GC(123) Marking Phase
[94.485s][info][gc,phases      ] GC(123) Marking Phase 280.695ms
[94.485s][info][gc,phases,start] GC(123) Summary Phase
[94.485s][info][gc,phases      ] GC(123) Summary Phase 0.024ms
[94.485s][info][gc,phases,start] GC(123) Forward
[94.504s][info][gc,phases      ] GC(123) Forward 19.376ms
[94.504s][info][gc,phases,start] GC(123) Adjust Pointers
[94.645s][info][gc,phases      ] GC(123) Adjust Pointers 140.681ms
[94.645s][info][gc,phases,start] GC(123) Compaction Phase
[94.732s][info][gc,phases      ] GC(123) Compaction Phase 86.800ms
[94.732s][info][gc,phases,start] GC(123) Post Compact
[94.734s][info][gc,phases      ] GC(123) Post Compact 2.316ms
[94.734s][info][gc,heap        ] GC(123) PSYoungGen: 111616K(222720K)->111616K(222720K) Eden: 111616K(111616K)->111616K(111616K) From: 0K(111104K)->0K(111104K)
[94.734s][info][gc,heap        ] GC(123) ParOldGen: 667498K(667648K)->667498K(667648K)
[94.734s][info][gc,metaspace   ] GC(123) Metaspace: 18049K(18368K)->18049K(18368K) NonClass: 15742K(15936K)->15742K(15936K) Class: 2306K(2432K)->2306K(2432K)
[94.734s][info][gc             ] GC(123) Pause Full (Allocation Failure) 760M->760M(869M) 530.290ms
[94.734s][info][gc,cpu         ] GC(123) User=1.03s Sys=0.00s Real=0.53s
[94.734s][info][gc,start       ] GC(124) Pause Full (Allocation Failure)
[94.734s][info][gc,phases,start] GC(124) Marking Phase
[95.013s][info][gc,phases      ] GC(124) Marking Phase 278.829ms
[95.013s][info][gc,phases,start] GC(124) Summary Phase
[95.013s][info][gc,phases      ] GC(124) Summary Phase 0.025ms
[95.013s][info][gc,phases,start] GC(124) Forward
[95.033s][info][gc,phases      ] GC(124) Forward 19.697ms
[95.033s][info][gc,phases,start] GC(124) Adjust Pointers
[95.173s][info][gc,phases      ] GC(124) Adjust Pointers 140.229ms
[95.173s][info][gc,phases,start] GC(124) Compaction Phase
[95.260s][info][gc,phases      ] GC(124) Compaction Phase 86.628ms
[95.260s][info][gc,phases,start] GC(124) Post Compact
[95.262s][info][gc,phases      ] GC(124) Post Compact 2.342ms
[95.263s][info][gc,heap        ] GC(124) PSYoungGen: 111616K(222720K)->111616K(222720K) Eden: 111616K(111616K)->111616K(111616K) From: 0K(111104K)->0K(111104K)
[95.263s][info][gc,heap        ] GC(124) ParOldGen: 667498K(667648K)->667498K(667648K)
[95.263s][info][gc,metaspace   ] GC(124) Metaspace: 18049K(18368K)->18049K(18368K) NonClass: 15742K(15936K)->15742K(15936K) Class: 2306K(2432K)->2306K(2432K)
[95.263s][info][gc             ] GC(124) Pause Full (Allocation Failure) 760M->760M(869M) 528.152ms
[95.263s][info][gc,cpu         ] GC(124) User=1.03s Sys=0.00s Real=0.53s
[95.263s][info][gc,start       ] GC(125) Pause Full (Allocation Failure)
[95.263s][info][gc,phases,start] GC(125) Marking Phase
[95.540s][info][gc,phases      ] GC(125) Marking Phase 277.504ms
[95.540s][info][gc,phases,start] GC(125) Summary Phase
[95.540s][info][gc,phases      ] GC(125) Summary Phase 0.052ms
[95.540s][info][gc,phases,start] GC(125) Forward
[95.560s][info][gc,phases      ] GC(125) Forward 19.611ms
[95.560s][info][gc,phases,start] GC(125) Adjust Pointers
[95.699s][info][gc,phases      ] GC(125) Adjust Pointers 138.989ms
[95.699s][info][gc,phases,start] GC(125) Compaction Phase
[95.786s][info][gc,phases      ] GC(125) Compaction Phase 86.621ms
[95.786s][info][gc,phases,start] GC(125) Post Compact
[95.788s][info][gc,phases      ] GC(125) Post Compact 2.341ms
[95.788s][info][gc,heap        ] GC(125) PSYoungGen: 111616K(222720K)->111616K(222720K) Eden: 111616K(111616K)->111616K(111616K) From: 0K(111104K)->0K(111104K)
[95.788s][info][gc,heap        ] GC(125) ParOldGen: 667498K(667648K)->667498K(667648K)
[95.788s][info][gc,metaspace   ] GC(125) Metaspace: 18049K(18368K)->18049K(18368K) NonClass: 15742K(15936K)->15742K(15936K) Class: 2306K(2432K)->2306K(2432K)
[95.788s][info][gc             ] GC(125) Pause Full (Allocation Failure) 760M->760M(869M) 525.560ms
[95.788s][info][gc,cpu         ] GC(125) User=1.03s Sys=0.00s Real=0.53s
[95.788s][info][gc,start       ] GC(126) Pause Full (Allocation Failure)
[95.788s][info][gc,phases,start] GC(126) Marking Phase
[96.066s][info][gc,phases      ] GC(126) Marking Phase 277.736ms
[96.066s][info][gc,phases,start] GC(126) Summary Phase
[96.066s][info][gc,phases      ] GC(126) Summary Phase 0.026ms
[96.066s][info][gc,phases,start] GC(126) Forward
[96.086s][info][gc,phases      ] GC(126) Forward 19.707ms
[96.086s][info][gc,phases,start] GC(126) Adjust Pointers
[96.225s][info][gc,phases      ] GC(126) Adjust Pointers 139.417ms
[96.226s][info][gc,phases,start] GC(126) Compaction Phase
[96.312s][info][gc,phases      ] GC(126) Compaction Phase 86.515ms
[96.312s][info][gc,phases,start] GC(126) Post Compact
[96.314s][info][gc,phases      ] GC(126) Post Compact 2.319ms
[96.314s][info][gc,heap        ] GC(126) PSYoungGen: 111616K(222720K)->111616K(222720K) Eden: 111616K(111616K)->111616K(111616K) From: 0K(111104K)->0K(111104K)
[96.315s][info][gc,heap        ] GC(126) ParOldGen: 667498K(667648K)->667498K(667648K)
[96.315s][info][gc,metaspace   ] GC(126) Metaspace: 18049K(18368K)->18049K(18368K) NonClass: 15742K(15936K)->15742K(15936K) Class: 2306K(2432K)->2306K(2432K)
[96.315s][info][gc             ] GC(126) Pause Full (Allocation Failure) 760M->760M(869M) 526.152ms
[96.315s][info][gc,cpu         ] GC(126) User=1.03s Sys=0.01s Real=0.52s
[96.315s][info][gc,start       ] GC(127) Pause Full (Allocation Failure)
[96.315s][info][gc,phases,start] GC(127) Marking Phase
[96.592s][info][gc,phases      ] GC(127) Marking Phase 277.706ms
[96.592s][info][gc,phases,start] GC(127) Summary Phase
[96.593s][info][gc,phases      ] GC(127) Summary Phase 0.026ms
[96.593s][info][gc,phases,start] GC(127) Forward
[96.612s][info][gc,phases      ] GC(127) Forward 19.624ms
[96.612s][info][gc,phases,start] GC(127) Adjust Pointers
[96.751s][info][gc,phases      ] GC(127) Adjust Pointers 138.620ms
[96.751s][info][gc,phases,start] GC(127) Compaction Phase
[96.838s][info][gc,phases      ] GC(127) Compaction Phase 86.754ms
[96.838s][info][gc,phases,start] GC(127) Post Compact
[96.840s][info][gc,phases      ] GC(127) Post Compact 2.337ms
[96.840s][info][gc,heap        ] GC(127) PSYoungGen: 111616K(222720K)->111616K(222720K) Eden: 111616K(111616K)->111616K(111616K) From: 0K(111104K)->0K(111104K)
[96.840s][info][gc,heap        ] GC(127) ParOldGen: 667498K(667648K)->667498K(667648K)
[96.840s][info][gc,metaspace   ] GC(127) Metaspace: 18049K(18368K)->18049K(18368K) NonClass: 15742K(15936K)->15742K(15936K) Class: 2306K(2432K)->2306K(2432K)
[96.840s][info][gc             ] GC(127) Pause Full (Allocation Failure) 760M->760M(869M) 525.509ms
[96.840s][info][gc,cpu         ] GC(127) User=1.02s Sys=0.00s Real=0.53s
[96.840s][info][gc,start       ] GC(128) Pause Full (Allocation Failure)
[96.840s][info][gc,phases,start] GC(128) Marking Phase
[97.118s][info][gc,phases      ] GC(128) Marking Phase 277.898ms
[97.118s][info][gc,phases,start] GC(128) Summary Phase
[97.118s][info][gc,phases      ] GC(128) Summary Phase 0.077ms
[97.118s][info][gc,phases,start] GC(128) Forward
[97.138s][info][gc,phases      ] GC(128) Forward 19.751ms
[97.138s][info][gc,phases,start] GC(128) Adjust Pointers
[97.279s][info][gc,phases      ] GC(128) Adjust Pointers 140.219ms
[97.279s][info][gc,phases,start] GC(128) Compaction Phase
[97.365s][info][gc,phases      ] GC(128) Compaction Phase 86.723ms
[97.365s][info][gc,phases,start] GC(128) Post Compact
[97.368s][info][gc,phases      ] GC(128) Post Compact 2.405ms
[97.368s][info][gc,heap        ] GC(128) PSYoungGen: 111616K(222720K)->111616K(222720K) Eden: 111616K(111616K)->111616K(111616K) From: 0K(111104K)->0K(111104K)
[97.368s][info][gc,heap        ] GC(128) ParOldGen: 667498K(667648K)->667498K(667648K)
[97.368s][info][gc,metaspace   ] GC(128) Metaspace: 18049K(18368K)->18049K(18368K) NonClass: 15742K(15936K)->15742K(15936K) Class: 2306K(2432K)->2306K(2432K)
[97.368s][info][gc             ] GC(128) Pause Full (Allocation Failure) 760M->760M(869M) 527.478ms
[97.368s][info][gc,cpu         ] GC(128) User=1.03s Sys=0.00s Real=0.53s
[97.368s][info][gc,start       ] GC(129) Pause Full (Allocation Failure)
[97.368s][info][gc,phases,start] GC(129) Marking Phase
[97.637s][info][gc,phases      ] GC(129) Marking Phase 268.582ms
[97.637s][info][gc,phases,start] GC(129) Summary Phase
[97.637s][info][gc,phases      ] GC(129) Summary Phase 0.026ms
[97.637s][info][gc,phases,start] GC(129) Forward
[97.751s][info][gc,phases      ] GC(129) Forward 114.457ms
[97.751s][info][gc,phases,start] GC(129) Adjust Pointers
[97.898s][info][gc,phases      ] GC(129) Adjust Pointers 146.590ms
[97.898s][info][gc,phases,start] GC(129) Compaction Phase
[98.029s][info][gc,phases      ] GC(129) Compaction Phase 131.402ms
[98.029s][info][gc,phases,start] GC(129) Post Compact
[98.032s][info][metaspace      ] ChkMgr @0x00007fe2c003ec00 (non-class-space): : reclaiming memory...
[98.032s][info][metaspace      ] ChkMgr @0x00007fe2c003ec00 (non-class-space): nothing reclaimed.
[98.032s][info][metaspace      ] ChkMgr @0x00007fe2c003ea10 (class-space): : reclaiming memory...
[98.032s][info][metaspace      ] ChkMgr @0x00007fe2c003ea10 (class-space): nothing reclaimed.
[98.032s][info][gc,phases      ] GC(129) Post Compact 2.367ms
[98.034s][info][gc,heap        ] GC(129) PSYoungGen: 111616K(222720K)->0K(222720K) Eden: 111616K(111616K)->0K(111616K) From: 0K(111104K)->0K(111104K)
[98.034s][info][gc,heap        ] GC(129) ParOldGen: 667498K(667648K)->438336K(641024K)
[98.034s][info][gc,metaspace   ] GC(129) Metaspace: 18049K(18368K)->18046K(18368K) NonClass: 15742K(15936K)->15739K(15936K) Class: 2306K(2432K)->2306K(2432K)
[98.034s][info][gc             ] GC(129) Pause Full (Allocation Failure) 760M->428M(843M) 665.993ms
[98.034s][info][gc,cpu         ] GC(129) User=1.21s Sys=0.00s Real=0.66s
[98.174s][info][gc,start       ] GC(130) Pause Young (Allocation Failure)
[98.223s][info][gc,heap        ] GC(130) PSYoungGen: 111616K(222720K)->26632K(222720K) Eden: 111616K(111616K)->0K(111616K) From: 0K(111104K)->26632K(111104K)
[98.223s][info][gc,heap        ] GC(130) ParOldGen: 438336K(641024K)->438336K(641024K)
[98.223s][info][gc,metaspace   ] GC(130) Metaspace: 18046K(18368K)->18046K(18368K) NonClass: 15739K(15936K)->15739K(15936K) Class: 2306K(2432K)->2306K(2432K)
[98.223s][info][gc             ] GC(130) Pause Young (Allocation Failure) 537M->454M(843M) 49.640ms
[98.223s][info][gc,cpu         ] GC(130) User=0.10s Sys=0.00s Real=0.05s
[98.551s][info][gc,start       ] GC(131) Pause Young (Allocation Failure)
[98.634s][info][gc,heap        ] GC(131) PSYoungGen: 138248K(222720K)->15080K(222720K) Eden: 111616K(111616K)->0K(111616K) From: 26632K(111104K)->15080K(111104K)
[98.634s][info][gc,heap        ] GC(131) ParOldGen: 438336K(641024K)->465066K(641024K)
[98.634s][info][gc,metaspace   ] GC(131) Metaspace: 18050K(18368K)->18050K(18368K) NonClass: 15743K(15936K)->15743K(15936K) Class: 2306K(2432K)->2306K(2432K)
[98.634s][info][gc             ] GC(131) Pause Young (Allocation Failure) 563M->468M(843M) 83.232ms
[98.634s][info][gc,cpu         ] GC(131) User=0.17s Sys=0.00s Real=0.08s
[99.563s][info][gc,start       ] GC(132) Pause Young (Allocation Failure)
[99.686s][info][gc,heap        ] GC(132) PSYoungGen: 126696K(222720K)->91872K(222720K) Eden: 111616K(111616K)->0K(111616K) From: 15080K(111104K)->91872K(111104K)
[99.686s][info][gc,heap        ] GC(132) ParOldGen: 465066K(641024K)->480646K(641024K)
[99.686s][info][gc,metaspace   ] GC(132) Metaspace: 18062K(18368K)->18062K(18368K) NonClass: 15756K(15936K)->15756K(15936K) Class: 2306K(2432K)->2306K(2432K)
[99.686s][info][gc             ] GC(132) Pause Young (Allocation Failure) 577M->559M(843M) 122.563ms
[99.686s][info][gc,cpu         ] GC(132) User=0.25s Sys=0.00s Real=0.12s
[99.847s][info][gc,start       ] GC(133) Pause Young (Allocation Failure)
[100.068s][info][gc,heap        ] GC(133) PSYoungGen: 203488K(222720K)->110368K(222720K) Eden: 111616K(111616K)->0K(111616K) From: 91872K(111104K)->110368K(111104K)
[100.068s][info][gc,heap        ] GC(133) ParOldGen: 480646K(641024K)->572742K(641024K)
[100.068s][info][gc,metaspace   ] GC(133) Metaspace: 18062K(18368K)->18062K(18368K) NonClass: 15756K(15936K)->15756K(15936K) Class: 2306K(2432K)->2306K(2432K)
[100.068s][info][gc             ] GC(133) Pause Young (Allocation Failure) 668M->667M(843M) 221.065ms
[100.068s][info][gc,cpu         ] GC(133) User=0.44s Sys=0.00s Real=0.22s
[100.223s][info][gc,start       ] GC(134) Pause Full (Allocation Failure)
[100.223s][info][gc,phases,start] GC(134) Marking Phase
[100.760s][info][gc,phases      ] GC(134) Marking Phase 536.861ms
[100.760s][info][gc,phases,start] GC(134) Summary Phase
[100.760s][info][gc,phases      ] GC(134) Summary Phase 0.029ms
[100.760s][info][gc,phases,start] GC(134) Forward
[100.930s][info][gc,phases      ] GC(134) Forward 169.703ms
[100.930s][info][gc,phases,start] GC(134) Adjust Pointers
[101.234s][info][gc,phases      ] GC(134) Adjust Pointers 304.279ms
[101.234s][info][gc,phases,start] GC(134) Compaction Phase
[101.474s][info][gc,phases      ] GC(134) Compaction Phase 239.662ms
[101.474s][info][gc,phases,start] GC(134) Post Compact
[101.476s][info][gc,phases      ] GC(134) Post Compact 2.325ms
[101.477s][info][gc,heap        ] GC(134) PSYoungGen: 221984K(222720K)->28414K(222720K) Eden: 111616K(111616K)->0K(111616K) From: 110368K(111104K)->28414K(111104K)
[101.477s][info][gc,heap        ] GC(134) ParOldGen: 572742K(641024K)->640690K(667648K)
[101.477s][info][gc,metaspace   ] GC(134) Metaspace: 18062K(18368K)->18062K(18368K) NonClass: 15756K(15936K)->15756K(15936K) Class: 2306K(2432K)->2306K(2432K)
[101.477s][info][gc             ] GC(134) Pause Full (Allocation Failure) 776M->653M(869M) 1253.496ms
[101.477s][info][gc,cpu         ] GC(134) User=2.44s Sys=0.00s Real=1.26s
[101.637s][info][gc,start       ] GC(135) Pause Full (Allocation Failure)
[101.637s][info][gc,phases,start] GC(135) Marking Phase
[102.278s][info][gc,phases      ] GC(135) Marking Phase 640.946ms
[102.278s][info][gc,phases,start] GC(135) Summary Phase
[102.278s][info][gc,phases      ] GC(135) Summary Phase 0.027ms
[102.278s][info][gc,phases,start] GC(135) Forward
[102.478s][info][gc,phases      ] GC(135) Forward 199.576ms
[102.478s][info][gc,phases,start] GC(135) Adjust Pointers
[102.843s][info][gc,phases      ] GC(135) Adjust Pointers 365.065ms
[102.843s][info][gc,phases,start] GC(135) Compaction Phase
[103.149s][info][gc,phases      ] GC(135) Compaction Phase 306.111ms
[103.150s][info][gc,phases,start] GC(135) Post Compact
[103.152s][info][gc,phases      ] GC(135) Post Compact 2.339ms
[103.152s][info][gc,heap        ] GC(135) PSYoungGen: 140030K(222720K)->80021K(222720K) Eden: 111616K(111616K)->80021K(111616K) From: 28414K(111104K)->0K(111104K)
[103.152s][info][gc,heap        ] GC(135) ParOldGen: 640690K(667648K)->667377K(667648K)
[103.152s][info][gc,metaspace   ] GC(135) Metaspace: 18062K(18368K)->18062K(18368K) NonClass: 15756K(15936K)->15756K(15936K) Class: 2306K(2432K)->2306K(2432K)
[103.152s][info][gc             ] GC(135) Pause Full (Allocation Failure) 762M->729M(869M) 1514.637ms
[103.152s][info][gc,cpu         ] GC(135) User=2.94s Sys=0.02s Real=1.51s
[103.197s][info][gc,start       ] GC(136) Pause Full (Allocation Failure)
[103.197s][info][gc,phases,start] GC(136) Marking Phase
[103.879s][info][gc,phases      ] GC(136) Marking Phase 682.401ms
[103.879s][info][gc,phases,start] GC(136) Summary Phase
[103.879s][info][gc,phases      ] GC(136) Summary Phase 0.025ms
[103.879s][info][gc,phases,start] GC(136) Forward
[103.909s][info][gc,phases      ] GC(136) Forward 29.402ms
[103.909s][info][gc,phases,start] GC(136) Adjust Pointers
[104.228s][info][gc,phases      ] GC(136) Adjust Pointers 319.325ms
[104.228s][info][gc,phases,start] GC(136) Compaction Phase
[104.399s][info][gc,phases      ] GC(136) Compaction Phase 171.162ms
[104.399s][info][gc,phases,start] GC(136) Post Compact
[104.402s][info][gc,phases      ] GC(136) Post Compact 2.276ms
[104.402s][info][gc,heap        ] GC(136) PSYoungGen: 111616K(222720K)->111243K(222720K) Eden: 111616K(111616K)->111243K(111616K) From: 0K(111104K)->0K(111104K)
[104.402s][info][gc,heap        ] GC(136) ParOldGen: 667377K(667648K)->667377K(667648K)
[104.402s][info][gc,metaspace   ] GC(136) Metaspace: 18062K(18368K)->18062K(18368K) NonClass: 15756K(15936K)->15756K(15936K) Class: 2306K(2432K)->2306K(2432K)
[104.402s][info][gc             ] GC(136) Pause Full (Allocation Failure) 760M->760M(869M) 1205.052ms
[104.402s][info][gc,cpu         ] GC(136) User=2.37s Sys=0.00s Real=1.20s
[104.403s][info][gc,start       ] GC(137) Pause Full (Allocation Failure)
[104.403s][info][gc,phases,start] GC(137) Marking Phase
[105.027s][info][gc,phases      ] GC(137) Marking Phase 623.842ms
[105.027s][info][gc,phases,start] GC(137) Summary Phase
[105.027s][info][gc,phases      ] GC(137) Summary Phase 0.024ms
[105.027s][info][gc,phases,start] GC(137) Forward
[105.050s][info][gc,phases      ] GC(137) Forward 23.061ms
[105.050s][info][gc,phases,start] GC(137) Adjust Pointers
[105.359s][info][gc,phases      ] GC(137) Adjust Pointers 309.087ms
[105.359s][info][gc,phases,start] GC(137) Compaction Phase
[105.513s][info][gc,phases      ] GC(137) Compaction Phase 154.451ms
[105.513s][info][gc,phases,start] GC(137) Post Compact
[105.516s][info][gc,phases      ] GC(137) Post Compact 2.319ms
[105.516s][info][gc,heap        ] GC(137) PSYoungGen: 111616K(222720K)->111611K(222720K) Eden: 111616K(111616K)->111611K(111616K) From: 0K(111104K)->0K(111104K)
[105.516s][info][gc,heap        ] GC(137) ParOldGen: 667377K(667648K)->667377K(667648K)
[105.516s][info][gc,metaspace   ] GC(137) Metaspace: 18062K(18368K)->18062K(18368K) NonClass: 15756K(15936K)->15756K(15936K) Class: 2306K(2432K)->2306K(2432K)
[105.516s][info][gc             ] GC(137) Pause Full (Allocation Failure) 760M->760M(869M) 1113.197ms
[105.516s][info][gc,cpu         ] GC(137) User=2.19s Sys=0.00s Real=1.11s
[105.516s][info][gc,start       ] GC(138) Pause Full (Allocation Failure)
[105.516s][info][gc,phases,start] GC(138) Marking Phase
[106.157s][info][gc,phases      ] GC(138) Marking Phase 640.629ms
[106.157s][info][gc,phases,start] GC(138) Summary Phase
[106.157s][info][gc,phases      ] GC(138) Summary Phase 0.025ms
[106.157s][info][gc,phases,start] GC(138) Forward
[106.181s][info][gc,phases      ] GC(138) Forward 23.739ms
[106.181s][info][gc,phases,start] GC(138) Adjust Pointers
[106.499s][info][gc,phases      ] GC(138) Adjust Pointers 317.718ms
[106.499s][info][gc,phases,start] GC(138) Compaction Phase
[106.661s][info][gc,phases      ] GC(138) Compaction Phase 162.224ms
[106.661s][info][gc,phases,start] GC(138) Post Compact
[106.663s][info][gc,phases      ] GC(138) Post Compact 2.281ms
[106.663s][info][gc,heap        ] GC(138) PSYoungGen: 111616K(222720K)->111615K(222720K) Eden: 111616K(111616K)->111615K(111616K) From: 0K(111104K)->0K(111104K)
[106.663s][info][gc,heap        ] GC(138) ParOldGen: 667377K(667648K)->667377K(667648K)
[106.663s][info][gc,metaspace   ] GC(138) Metaspace: 18062K(18368K)->18062K(18368K) NonClass: 15756K(15936K)->15756K(15936K) Class: 2306K(2432K)->2306K(2432K)
[106.663s][info][gc             ] GC(138) Pause Full (Allocation Failure) 760M->760M(869M) 1147.021ms
[106.663s][info][gc,cpu         ] GC(138) User=2.27s Sys=0.00s Real=1.15s
[106.664s][info][gc,start       ] GC(139) Pause Full (Allocation Failure)
[106.664s][info][gc,phases,start] GC(139) Marking Phase
[107.334s][info][gc,phases      ] GC(139) Marking Phase 670.561ms
[107.334s][info][gc,phases,start] GC(139) Summary Phase
[107.334s][info][gc,phases      ] GC(139) Summary Phase 0.025ms
[107.334s][info][gc,phases,start] GC(139) Forward
[107.360s][info][gc,phases      ] GC(139) Forward 25.228ms
[107.360s][info][gc,phases,start] GC(139) Adjust Pointers
[107.693s][info][gc,phases      ] GC(139) Adjust Pointers 333.296ms
[107.693s][info][gc,phases,start] GC(139) Compaction Phase
[107.860s][info][gc,phases      ] GC(139) Compaction Phase 166.624ms
[107.860s][info][gc,phases,start] GC(139) Post Compact
[107.862s][info][gc,phases      ] GC(139) Post Compact 2.318ms
[107.862s][info][gc,heap        ] GC(139) PSYoungGen: 111615K(222720K)->111615K(222720K) Eden: 111615K(111616K)->111615K(111616K) From: 0K(111104K)->0K(111104K)
[107.862s][info][gc,heap        ] GC(139) ParOldGen: 667377K(667648K)->667377K(667648K)
[107.862s][info][gc,metaspace   ] GC(139) Metaspace: 18062K(18368K)->18062K(18368K) NonClass: 15756K(15936K)->15756K(15936K) Class: 2306K(2432K)->2306K(2432K)
[107.862s][info][gc             ] GC(139) Pause Full (Allocation Failure) 760M->760M(869M) 1198.486ms
[107.862s][info][gc,cpu         ] GC(139) User=2.36s Sys=0.00s Real=1.20s
[107.862s][info][gc,start       ] GC(140) Pause Full (Allocation Failure)
[107.862s][info][gc,phases,start] GC(140) Marking Phase
[108.522s][info][gc,phases      ] GC(140) Marking Phase 659.437ms
[108.522s][info][gc,phases,start] GC(140) Summary Phase
[108.522s][info][gc,phases      ] GC(140) Summary Phase 0.025ms
[108.522s][info][gc,phases,start] GC(140) Forward
[108.546s][info][gc,phases      ] GC(140) Forward 24.160ms
[108.546s][info][gc,phases,start] GC(140) Adjust Pointers
[108.865s][info][gc,phases      ] GC(140) Adjust Pointers 318.906ms
[108.865s][info][gc,phases,start] GC(140) Compaction Phase
[109.026s][info][gc,phases      ] GC(140) Compaction Phase 161.302ms
[109.026s][info][gc,phases,start] GC(140) Post Compact
[109.029s][info][gc,phases      ] GC(140) Post Compact 2.306ms
[109.029s][info][gc,heap        ] GC(140) PSYoungGen: 111615K(222720K)->111615K(222720K) Eden: 111615K(111616K)->111615K(111616K) From: 0K(111104K)->0K(111104K)
[109.029s][info][gc,heap        ] GC(140) ParOldGen: 667377K(667648K)->667377K(667648K)
[109.029s][info][gc,metaspace   ] GC(140) Metaspace: 18062K(18368K)->18062K(18368K) NonClass: 15756K(15936K)->15756K(15936K) Class: 2306K(2432K)->2306K(2432K)
[109.029s][info][gc             ] GC(140) Pause Full (Allocation Failure) 760M->760M(869M) 1166.570ms
[109.029s][info][gc,cpu         ] GC(140) User=2.29s Sys=0.01s Real=1.17s
[109.029s][info][gc,start       ] GC(141) Pause Full (Allocation Failure)
[109.029s][info][gc,phases,start] GC(141) Marking Phase
[109.671s][info][gc,phases      ] GC(141) Marking Phase 642.338ms
[109.671s][info][gc,phases,start] GC(141) Summary Phase
[109.671s][info][gc,phases      ] GC(141) Summary Phase 0.024ms
[109.671s][info][gc,phases,start] GC(141) Forward
[109.695s][info][gc,phases      ] GC(141) Forward 23.618ms
[109.695s][info][gc,phases,start] GC(141) Adjust Pointers
[110.018s][info][gc,phases      ] GC(141) Adjust Pointers 322.807ms
[110.018s][info][gc,phases,start] GC(141) Compaction Phase
[110.174s][info][gc,phases      ] GC(141) Compaction Phase 156.481ms
[110.175s][info][gc,phases,start] GC(141) Post Compact
[110.177s][info][gc,phases      ] GC(141) Post Compact 2.270ms
[110.177s][info][gc,heap        ] GC(141) PSYoungGen: 111615K(222720K)->111615K(222720K) Eden: 111615K(111616K)->111615K(111616K) From: 0K(111104K)->0K(111104K)
[110.177s][info][gc,heap        ] GC(141) ParOldGen: 667377K(667648K)->667377K(667648K)
[110.177s][info][gc,metaspace   ] GC(141) Metaspace: 18062K(18368K)->18062K(18368K) NonClass: 15756K(15936K)->15756K(15936K) Class: 2306K(2432K)->2306K(2432K)
[110.177s][info][gc             ] GC(141) Pause Full (Allocation Failure) 760M->760M(869M) 1147.960ms
[110.177s][info][gc,cpu         ] GC(141) User=2.26s Sys=0.00s Real=1.15s
[110.177s][info][gc,start       ] GC(142) Pause Full (Allocation Failure)
[110.177s][info][gc,phases,start] GC(142) Marking Phase
[110.834s][info][gc,phases      ] GC(142) Marking Phase 656.670ms
[110.834s][info][gc,phases,start] GC(142) Summary Phase
[110.834s][info][gc,phases      ] GC(142) Summary Phase 0.026ms
[110.834s][info][gc,phases,start] GC(142) Forward
[110.859s][info][gc,phases      ] GC(142) Forward 24.818ms
[110.859s][info][gc,phases,start] GC(142) Adjust Pointers
[111.188s][info][gc,phases      ] GC(142) Adjust Pointers 329.593ms
[111.188s][info][gc,phases,start] GC(142) Compaction Phase
[111.358s][info][gc,phases      ] GC(142) Compaction Phase 169.412ms
[111.358s][info][gc,phases,start] GC(142) Post Compact
[111.360s][info][gc,phases      ] GC(142) Post Compact 2.313ms
[111.360s][info][gc,heap        ] GC(142) PSYoungGen: 111615K(222720K)->111615K(222720K) Eden: 111615K(111616K)->111615K(111616K) From: 0K(111104K)->0K(111104K)
[111.360s][info][gc,heap        ] GC(142) ParOldGen: 667377K(667648K)->667377K(667648K)
[111.360s][info][gc,metaspace   ] GC(142) Metaspace: 18062K(18368K)->18062K(18368K) NonClass: 15756K(15936K)->15756K(15936K) Class: 2306K(2432K)->2306K(2432K)
[111.360s][info][gc             ] GC(142) Pause Full (Allocation Failure) 760M->760M(869M) 1183.265ms
[111.360s][info][gc,cpu         ] GC(142) User=2.33s Sys=0.00s Real=1.18s
[111.360s][info][gc,start       ] GC(143) Pause Full (Allocation Failure)
[111.360s][info][gc,phases,start] GC(143) Marking Phase
[112.023s][info][gc,phases      ] GC(143) Marking Phase 662.332ms
[112.023s][info][gc,phases,start] GC(143) Summary Phase
[112.023s][info][gc,phases      ] GC(143) Summary Phase 0.025ms
[112.023s][info][gc,phases,start] GC(143) Forward
[112.048s][info][gc,phases      ] GC(143) Forward 24.892ms
[112.048s][info][gc,phases,start] GC(143) Adjust Pointers
[112.379s][info][gc,phases      ] GC(143) Adjust Pointers 331.336ms
[112.379s][info][gc,phases,start] GC(143) Compaction Phase
[112.545s][info][gc,phases      ] GC(143) Compaction Phase 165.549ms
[112.545s][info][gc,phases,start] GC(143) Post Compact
[112.547s][info][gc,phases      ] GC(143) Post Compact 2.335ms
[112.547s][info][gc,heap        ] GC(143) PSYoungGen: 111615K(222720K)->111615K(222720K) Eden: 111615K(111616K)->111615K(111616K) From: 0K(111104K)->0K(111104K)
[112.547s][info][gc,heap        ] GC(143) ParOldGen: 667377K(667648K)->667377K(667648K)
[112.547s][info][gc,metaspace   ] GC(143) Metaspace: 18062K(18368K)->18062K(18368K) NonClass: 15756K(15936K)->15756K(15936K) Class: 2306K(2432K)->2306K(2432K)
[112.547s][info][gc             ] GC(143) Pause Full (Allocation Failure) 760M->760M(869M) 1186.873ms
[112.547s][info][gc,cpu         ] GC(143) User=2.35s Sys=0.00s Real=1.19s
[112.547s][info][gc,start       ] GC(144) Pause Full (Allocation Failure)
[112.547s][info][gc,phases,start] GC(144) Marking Phase
[113.221s][info][gc,phases      ] GC(144) Marking Phase 673.851ms
[113.221s][info][gc,phases,start] GC(144) Summary Phase
[113.221s][info][gc,phases      ] GC(144) Summary Phase 0.027ms
[113.221s][info][gc,phases,start] GC(144) Forward
[113.247s][info][gc,phases      ] GC(144) Forward 25.612ms
[113.247s][info][gc,phases,start] GC(144) Adjust Pointers
[113.578s][info][gc,phases      ] GC(144) Adjust Pointers 330.922ms
[113.578s][info][gc,phases,start] GC(144) Compaction Phase
[113.745s][info][gc,phases      ] GC(144) Compaction Phase 167.045ms
[113.745s][info][gc,phases,start] GC(144) Post Compact
[113.748s][info][gc,phases      ] GC(144) Post Compact 2.342ms
[113.748s][info][gc,heap        ] GC(144) PSYoungGen: 111615K(222720K)->111615K(222720K) Eden: 111615K(111616K)->111615K(111616K) From: 0K(111104K)->0K(111104K)
[113.748s][info][gc,heap        ] GC(144) ParOldGen: 667377K(667648K)->667377K(667648K)
[113.748s][info][gc,metaspace   ] GC(144) Metaspace: 18062K(18368K)->18062K(18368K) NonClass: 15756K(15936K)->15756K(15936K) Class: 2306K(2432K)->2306K(2432K)
[113.748s][info][gc             ] GC(144) Pause Full (Allocation Failure) 760M->760M(869M) 1200.252ms
[113.748s][info][gc,cpu         ] GC(144) User=2.37s Sys=0.00s Real=1.20s
[113.748s][info][gc,start       ] GC(145) Pause Full (Allocation Failure)
[113.748s][info][gc,phases,start] GC(145) Marking Phase
[114.426s][info][gc,phases      ] GC(145) Marking Phase 677.777ms
[114.426s][info][gc,phases,start] GC(145) Summary Phase
[114.426s][info][gc,phases      ] GC(145) Summary Phase 0.023ms
[114.426s][info][gc,phases,start] GC(145) Forward
[114.451s][info][gc,phases      ] GC(145) Forward 25.464ms
[114.451s][info][gc,phases,start] GC(145) Adjust Pointers
[114.784s][info][gc,phases      ] GC(145) Adjust Pointers 332.676ms
[114.784s][info][gc,phases,start] GC(145) Compaction Phase
[114.950s][info][gc,phases      ] GC(145) Compaction Phase 166.280ms
[114.950s][info][gc,phases,start] GC(145) Post Compact
[114.953s][info][gc,phases      ] GC(145) Post Compact 2.324ms
[114.953s][info][gc,heap        ] GC(145) PSYoungGen: 111615K(222720K)->111615K(222720K) Eden: 111615K(111616K)->111615K(111616K) From: 0K(111104K)->0K(111104K)
[114.953s][info][gc,heap        ] GC(145) ParOldGen: 667377K(667648K)->667377K(667648K)
[114.953s][info][gc,metaspace   ] GC(145) Metaspace: 18062K(18368K)->18062K(18368K) NonClass: 15756K(15936K)->15756K(15936K) Class: 2306K(2432K)->2306K(2432K)
[114.953s][info][gc             ] GC(145) Pause Full (Allocation Failure) 760M->760M(869M) 1204.965ms
[114.953s][info][gc,cpu         ] GC(145) User=2.38s Sys=0.00s Real=1.20s
[114.953s][info][gc,start       ] GC(146) Pause Full (Allocation Failure)
[114.953s][info][gc,phases,start] GC(146) Marking Phase
[115.616s][info][gc,phases      ] GC(146) Marking Phase 663.135ms
[115.616s][info][gc,phases,start] GC(146) Summary Phase
[115.616s][info][gc,phases      ] GC(146) Summary Phase 0.029ms
[115.616s][info][gc,phases,start] GC(146) Forward
[115.642s][info][gc,phases      ] GC(146) Forward 25.550ms
[115.642s][info][gc,phases,start] GC(146) Adjust Pointers
[115.978s][info][gc,phases      ] GC(146) Adjust Pointers 335.804ms
[115.978s][info][gc,phases,start] GC(146) Compaction Phase
[116.145s][info][gc,phases      ] GC(146) Compaction Phase 166.988ms
[116.145s][info][gc,phases,start] GC(146) Post Compact
[116.147s][info][gc,phases      ] GC(146) Post Compact 2.344ms
[116.147s][info][gc,heap        ] GC(146) PSYoungGen: 111615K(222720K)->111615K(222720K) Eden: 111615K(111616K)->111615K(111616K) From: 0K(111104K)->0K(111104K)
[116.147s][info][gc,heap        ] GC(146) ParOldGen: 667377K(667648K)->667377K(667648K)
[116.147s][info][gc,metaspace   ] GC(146) Metaspace: 18062K(18368K)->18062K(18368K) NonClass: 15756K(15936K)->15756K(15936K) Class: 2306K(2432K)->2306K(2432K)
[116.147s][info][gc             ] GC(146) Pause Full (Allocation Failure) 760M->760M(869M) 1194.285ms
[116.147s][info][gc,cpu         ] GC(146) User=2.35s Sys=0.00s Real=1.20s
[116.147s][info][gc,start       ] GC(147) Pause Full (Allocation Failure)
[116.147s][info][gc,phases,start] GC(147) Marking Phase
[116.820s][info][gc,phases      ] GC(147) Marking Phase 672.862ms
[116.820s][info][gc,phases,start] GC(147) Summary Phase
[116.820s][info][gc,phases      ] GC(147) Summary Phase 0.024ms
[116.820s][info][gc,phases,start] GC(147) Forward
[116.846s][info][gc,phases      ] GC(147) Forward 25.335ms
[116.846s][info][gc,phases,start] GC(147) Adjust Pointers
[117.184s][info][gc,phases      ] GC(147) Adjust Pointers 338.238ms
[117.184s][info][gc,phases,start] GC(147) Compaction Phase
[117.350s][info][gc,phases      ] GC(147) Compaction Phase 165.711ms
[117.350s][info][gc,phases,start] GC(147) Post Compact
[117.352s][info][gc,phases      ] GC(147) Post Compact 2.262ms
[117.352s][info][gc,heap        ] GC(147) PSYoungGen: 111615K(222720K)->111615K(222720K) Eden: 111615K(111616K)->111615K(111616K) From: 0K(111104K)->0K(111104K)
[117.352s][info][gc,heap        ] GC(147) ParOldGen: 667377K(667648K)->667377K(667648K)
[117.352s][info][gc,metaspace   ] GC(147) Metaspace: 18062K(18368K)->18062K(18368K) NonClass: 15756K(15936K)->15756K(15936K) Class: 2306K(2432K)->2306K(2432K)
[117.352s][info][gc             ] GC(147) Pause Full (Allocation Failure) 760M->760M(869M) 1204.840ms
[117.352s][info][gc,cpu         ] GC(147) User=2.38s Sys=0.00s Real=1.20s
[117.352s][info][gc,start       ] GC(148) Pause Full (Allocation Failure)
[117.352s][info][gc,phases,start] GC(148) Marking Phase
[118.027s][info][gc,phases      ] GC(148) Marking Phase 674.295ms
[118.027s][info][gc,phases,start] GC(148) Summary Phase
[118.027s][info][gc,phases      ] GC(148) Summary Phase 0.024ms
[118.027s][info][gc,phases,start] GC(148) Forward
[118.052s][info][gc,phases      ] GC(148) Forward 25.588ms
[118.052s][info][gc,phases,start] GC(148) Adjust Pointers
[118.388s][info][gc,phases      ] GC(148) Adjust Pointers 335.694ms
[118.388s][info][gc,phases,start] GC(148) Compaction Phase
[118.552s][info][gc,phases      ] GC(148) Compaction Phase 163.791ms
[118.552s][info][gc,phases,start] GC(148) Post Compact
[118.555s][info][gc,phases      ] GC(148) Post Compact 2.370ms
[118.555s][info][gc,heap        ] GC(148) PSYoungGen: 111615K(222720K)->111615K(222720K) Eden: 111615K(111616K)->111615K(111616K) From: 0K(111104K)->0K(111104K)
[118.555s][info][gc,heap        ] GC(148) ParOldGen: 667377K(667648K)->667377K(667648K)
[118.555s][info][gc,metaspace   ] GC(148) Metaspace: 18062K(18368K)->18062K(18368K) NonClass: 15756K(15936K)->15756K(15936K) Class: 2306K(2432K)->2306K(2432K)
[118.555s][info][gc             ] GC(148) Pause Full (Allocation Failure) 760M->760M(869M) 1202.171ms
[118.555s][info][gc,cpu         ] GC(148) User=2.37s Sys=0.00s Real=1.20s
[118.555s][info][gc,start       ] GC(149) Pause Full (Allocation Failure)
[118.555s][info][gc,phases,start] GC(149) Marking Phase
[119.239s][info][gc,phases      ] GC(149) Marking Phase 684.264ms
[119.239s][info][gc,phases,start] GC(149) Summary Phase
[119.239s][info][gc,phases      ] GC(149) Summary Phase 0.027ms
[119.239s][info][gc,phases,start] GC(149) Forward
[119.265s][info][gc,phases      ] GC(149) Forward 25.650ms
[119.265s][info][gc,phases,start] GC(149) Adjust Pointers
[119.602s][info][gc,phases      ] GC(149) Adjust Pointers 336.708ms
[119.602s][info][gc,phases,start] GC(149) Compaction Phase
[119.770s][info][gc,phases      ] GC(149) Compaction Phase 168.050ms
[119.770s][info][gc,phases,start] GC(149) Post Compact
[119.772s][info][gc,phases      ] GC(149) Post Compact 2.346ms
[119.772s][info][gc,heap        ] GC(149) PSYoungGen: 111615K(222720K)->111615K(222720K) Eden: 111615K(111616K)->111615K(111616K) From: 0K(111104K)->0K(111104K)
[119.772s][info][gc,heap        ] GC(149) ParOldGen: 667377K(667648K)->667377K(667648K)
[119.772s][info][gc,metaspace   ] GC(149) Metaspace: 18062K(18368K)->18062K(18368K) NonClass: 15756K(15936K)->15756K(15936K) Class: 2306K(2432K)->2306K(2432K)
[119.772s][info][gc             ] GC(149) Pause Full (Allocation Failure) 760M->760M(869M) 1217.443ms
[119.772s][info][gc,cpu         ] GC(149) User=2.40s Sys=0.00s Real=1.22s
[119.772s][info][gc,start       ] GC(150) Pause Full (Allocation Failure)
[119.772s][info][gc,phases,start] GC(150) Marking Phase
[120.433s][info][gc,phases      ] GC(150) Marking Phase 660.778ms
[120.433s][info][gc,phases,start] GC(150) Summary Phase
[120.433s][info][gc,phases      ] GC(150) Summary Phase 0.026ms
[120.433s][info][gc,phases,start] GC(150) Forward
[120.457s][info][gc,phases      ] GC(150) Forward 24.125ms
[120.457s][info][gc,phases,start] GC(150) Adjust Pointers
[120.777s][info][gc,phases      ] GC(150) Adjust Pointers 319.075ms
[120.777s][info][gc,phases,start] GC(150) Compaction Phase
[120.934s][info][gc,phases      ] GC(150) Compaction Phase 157.383ms
[120.934s][info][gc,phases,start] GC(150) Post Compact
[120.936s][info][gc,phases      ] GC(150) Post Compact 2.264ms
[120.936s][info][gc,heap        ] GC(150) PSYoungGen: 111615K(222720K)->111615K(222720K) Eden: 111615K(111616K)->111615K(111616K) From: 0K(111104K)->0K(111104K)
[120.936s][info][gc,heap        ] GC(150) ParOldGen: 667377K(667648K)->667377K(667648K)
[120.936s][info][gc,metaspace   ] GC(150) Metaspace: 18062K(18368K)->18062K(18368K) NonClass: 15756K(15936K)->15756K(15936K) Class: 2306K(2432K)->2306K(2432K)
[120.937s][info][gc             ] GC(150) Pause Full (Allocation Failure) 760M->760M(869M) 1164.155ms
[120.937s][info][gc,cpu         ] GC(150) User=2.29s Sys=0.01s Real=1.17s
[120.937s][info][gc,start       ] GC(151) Pause Full (Allocation Failure)
[120.937s][info][gc,phases,start] GC(151) Marking Phase
[121.586s][info][gc,phases      ] GC(151) Marking Phase 649.381ms
[121.586s][info][gc,phases,start] GC(151) Summary Phase
[121.586s][info][gc,phases      ] GC(151) Summary Phase 0.036ms
[121.586s][info][gc,phases,start] GC(151) Forward
[121.610s][info][gc,phases      ] GC(151) Forward 23.824ms
[121.610s][info][gc,phases,start] GC(151) Adjust Pointers
[121.936s][info][gc,phases      ] GC(151) Adjust Pointers 325.958ms
[121.936s][info][gc,phases,start] GC(151) Compaction Phase
[122.098s][info][gc,phases      ] GC(151) Compaction Phase 162.012ms
[122.098s][info][gc,phases,start] GC(151) Post Compact
[122.100s][info][gc,phases      ] GC(151) Post Compact 2.270ms
[122.101s][info][gc,heap        ] GC(151) PSYoungGen: 111615K(222720K)->111615K(222720K) Eden: 111615K(111616K)->111615K(111616K) From: 0K(111104K)->0K(111104K)
[122.101s][info][gc,heap        ] GC(151) ParOldGen: 667377K(667648K)->667377K(667648K)
[122.101s][info][gc,metaspace   ] GC(151) Metaspace: 18062K(18368K)->18062K(18368K) NonClass: 15756K(15936K)->15756K(15936K) Class: 2306K(2432K)->2306K(2432K)
[122.101s][info][gc             ] GC(151) Pause Full (Allocation Failure) 760M->760M(869M) 1163.888ms
[122.101s][info][gc,cpu         ] GC(151) User=2.29s Sys=0.00s Real=1.16s
[122.101s][info][gc,start       ] GC(152) Pause Full (Allocation Failure)
[122.101s][info][gc,phases,start] GC(152) Marking Phase
[122.767s][info][gc,phases      ] GC(152) Marking Phase 666.689ms
[122.768s][info][gc,phases,start] GC(152) Summary Phase
[122.768s][info][gc,phases      ] GC(152) Summary Phase 0.027ms
[122.768s][info][gc,phases,start] GC(152) Forward
[122.793s][info][gc,phases      ] GC(152) Forward 25.868ms
[122.794s][info][gc,phases,start] GC(152) Adjust Pointers
[123.133s][info][gc,phases      ] GC(152) Adjust Pointers 339.408ms
[123.133s][info][gc,phases,start] GC(152) Compaction Phase
[123.302s][info][gc,phases      ] GC(152) Compaction Phase 169.243ms
[123.302s][info][gc,phases,start] GC(152) Post Compact
[123.305s][info][gc,phases      ] GC(152) Post Compact 2.383ms
[123.305s][info][gc,heap        ] GC(152) PSYoungGen: 111615K(222720K)->111615K(222720K) Eden: 111615K(111616K)->111615K(111616K) From: 0K(111104K)->0K(111104K)
[123.305s][info][gc,heap        ] GC(152) ParOldGen: 667377K(667648K)->667377K(667648K)
[123.305s][info][gc,metaspace   ] GC(152) Metaspace: 18062K(18368K)->18062K(18368K) NonClass: 15756K(15936K)->15756K(15936K) Class: 2306K(2432K)->2306K(2432K)
[123.305s][info][gc             ] GC(152) Pause Full (Allocation Failure) 760M->760M(869M) 1204.043ms
[123.305s][info][gc,cpu         ] GC(152) User=2.37s Sys=0.00s Real=1.20s
[123.305s][info][gc,start       ] GC(153) Pause Full (Allocation Failure)
[123.305s][info][gc,phases,start] GC(153) Marking Phase
[124.000s][info][gc,phases      ] GC(153) Marking Phase 694.825ms
[124.000s][info][gc,phases,start] GC(153) Summary Phase
[124.000s][info][gc,phases      ] GC(153) Summary Phase 0.025ms
[124.000s][info][gc,phases,start] GC(153) Forward
[124.025s][info][gc,phases      ] GC(153) Forward 25.399ms
[124.025s][info][gc,phases,start] GC(153) Adjust Pointers
[124.361s][info][gc,phases      ] GC(153) Adjust Pointers 335.305ms
[124.361s][info][gc,phases,start] GC(153) Compaction Phase
[124.529s][info][gc,phases      ] GC(153) Compaction Phase 167.808ms
[124.529s][info][gc,phases,start] GC(153) Post Compact
[124.531s][info][gc,phases      ] GC(153) Post Compact 2.320ms
[124.531s][info][gc,heap        ] GC(153) PSYoungGen: 111615K(222720K)->111615K(222720K) Eden: 111615K(111616K)->111615K(111616K) From: 0K(111104K)->0K(111104K)
[124.531s][info][gc,heap        ] GC(153) ParOldGen: 667377K(667648K)->667377K(667648K)
[124.531s][info][gc,metaspace   ] GC(153) Metaspace: 18062K(18368K)->18062K(18368K) NonClass: 15756K(15936K)->15756K(15936K) Class: 2306K(2432K)->2306K(2432K)
[124.531s][info][gc             ] GC(153) Pause Full (Allocation Failure) 760M->760M(869M) 1226.140ms
[124.531s][info][gc,cpu         ] GC(153) User=2.42s Sys=0.01s Real=1.23s
[124.531s][info][gc,start       ] GC(154) Pause Full (Allocation Failure)
[124.531s][info][gc,phases,start] GC(154) Marking Phase
[125.204s][info][gc,phases      ] GC(154) Marking Phase 672.805ms
[125.204s][info][gc,phases,start] GC(154) Summary Phase
[125.204s][info][gc,phases      ] GC(154) Summary Phase 0.037ms
[125.204s][info][gc,phases,start] GC(154) Forward
[125.230s][info][gc,phases      ] GC(154) Forward 25.510ms
[125.230s][info][gc,phases,start] GC(154) Adjust Pointers
[125.565s][info][gc,phases      ] GC(154) Adjust Pointers 334.615ms
[125.565s][info][gc,phases,start] GC(154) Compaction Phase
[125.732s][info][gc,phases      ] GC(154) Compaction Phase 167.294ms
[125.732s][info][gc,phases,start] GC(154) Post Compact
[125.734s][info][gc,phases      ] GC(154) Post Compact 2.314ms
[125.734s][info][gc,heap        ] GC(154) PSYoungGen: 111615K(222720K)->111615K(222720K) Eden: 111615K(111616K)->111615K(111616K) From: 0K(111104K)->0K(111104K)
[125.734s][info][gc,heap        ] GC(154) ParOldGen: 667377K(667648K)->667377K(667648K)
[125.734s][info][gc,metaspace   ] GC(154) Metaspace: 18062K(18368K)->18062K(18368K) NonClass: 15756K(15936K)->15756K(15936K) Class: 2306K(2432K)->2306K(2432K)
[125.734s][info][gc             ] GC(154) Pause Full (Allocation Failure) 760M->760M(869M) 1202.967ms
[125.734s][info][gc,cpu         ] GC(154) User=2.37s Sys=0.00s Real=1.20s
[125.735s][info][gc,start       ] GC(155) Pause Full (Allocation Failure)
[125.735s][info][gc,phases,start] GC(155) Marking Phase
[126.404s][info][gc,phases      ] GC(155) Marking Phase 668.977ms
[126.404s][info][gc,phases,start] GC(155) Summary Phase
[126.404s][info][gc,phases      ] GC(155) Summary Phase 0.026ms
[126.404s][info][gc,phases,start] GC(155) Forward
[126.429s][info][gc,phases      ] GC(155) Forward 25.427ms
[126.429s][info][gc,phases,start] GC(155) Adjust Pointers
[126.761s][info][gc,phases      ] GC(155) Adjust Pointers 332.127ms
[126.761s][info][gc,phases,start] GC(155) Compaction Phase
[126.927s][info][gc,phases      ] GC(155) Compaction Phase 166.041ms
[126.928s][info][gc,phases,start] GC(155) Post Compact
[126.930s][info][gc,phases      ] GC(155) Post Compact 2.305ms
[126.930s][info][gc,heap        ] GC(155) PSYoungGen: 111615K(222720K)->111615K(222720K) Eden: 111615K(111616K)->111615K(111616K) From: 0K(111104K)->0K(111104K)
[126.930s][info][gc,heap        ] GC(155) ParOldGen: 667377K(667648K)->667377K(667648K)
[126.930s][info][gc,metaspace   ] GC(155) Metaspace: 18062K(18368K)->18062K(18368K) NonClass: 15756K(15936K)->15756K(15936K) Class: 2306K(2432K)->2306K(2432K)
[126.930s][info][gc             ] GC(155) Pause Full (Allocation Failure) 760M->760M(869M) 1195.324ms
[126.930s][info][gc,cpu         ] GC(155) User=2.36s Sys=0.00s Real=1.20s
[126.930s][info][gc,start       ] GC(156) Pause Full (Allocation Failure)
[126.930s][info][gc,phases,start] GC(156) Marking Phase
[127.600s][info][gc,phases      ] GC(156) Marking Phase 669.995ms
[127.600s][info][gc,phases,start] GC(156) Summary Phase
[127.600s][info][gc,phases      ] GC(156) Summary Phase 0.024ms
[127.600s][info][gc,phases,start] GC(156) Forward
[127.626s][info][gc,phases      ] GC(156) Forward 25.467ms
[127.626s][info][gc,phases,start] GC(156) Adjust Pointers
[127.959s][info][gc,phases      ] GC(156) Adjust Pointers 333.071ms
[127.959s][info][gc,phases,start] GC(156) Compaction Phase
[128.126s][info][gc,phases      ] GC(156) Compaction Phase 167.355ms
[128.126s][info][gc,phases,start] GC(156) Post Compact
[128.129s][info][gc,phases      ] GC(156) Post Compact 2.314ms
[128.129s][info][gc,heap        ] GC(156) PSYoungGen: 111615K(222720K)->111615K(222720K) Eden: 111615K(111616K)->111615K(111616K) From: 0K(111104K)->0K(111104K)
[128.129s][info][gc,heap        ] GC(156) ParOldGen: 667377K(667648K)->667377K(667648K)
[128.129s][info][gc,metaspace   ] GC(156) Metaspace: 18062K(18368K)->18062K(18368K) NonClass: 15756K(15936K)->15756K(15936K) Class: 2306K(2432K)->2306K(2432K)
[128.129s][info][gc             ] GC(156) Pause Full (Allocation Failure) 760M->760M(869M) 1198.643ms
[128.129s][info][gc,cpu         ] GC(156) User=2.36s Sys=0.00s Real=1.20s
[128.129s][info][gc,start       ] GC(157) Pause Full (Allocation Failure)
[128.129s][info][gc,phases,start] GC(157) Marking Phase
[128.831s][info][gc,phases      ] GC(157) Marking Phase 701.960ms
[128.831s][info][gc,phases,start] GC(157) Summary Phase
[128.831s][info][gc,phases      ] GC(157) Summary Phase 0.028ms
[128.831s][info][gc,phases,start] GC(157) Forward
[128.860s][info][gc,phases      ] GC(157) Forward 29.590ms
[128.861s][info][gc,phases,start] GC(157) Adjust Pointers
[129.232s][info][gc,phases      ] GC(157) Adjust Pointers 371.931ms
[129.233s][info][gc,phases,start] GC(157) Compaction Phase
[129.405s][info][gc,phases      ] GC(157) Compaction Phase 172.543ms
[129.405s][info][gc,phases,start] GC(157) Post Compact
[129.408s][info][gc,phases      ] GC(157) Post Compact 2.373ms
[129.408s][info][gc,heap        ] GC(157) PSYoungGen: 111615K(222720K)->111615K(222720K) Eden: 111615K(111616K)->111615K(111616K) From: 0K(111104K)->0K(111104K)
[129.408s][info][gc,heap        ] GC(157) ParOldGen: 667377K(667648K)->667377K(667648K)
[129.408s][info][gc,metaspace   ] GC(157) Metaspace: 18062K(18368K)->18062K(18368K) NonClass: 15756K(15936K)->15756K(15936K) Class: 2306K(2432K)->2306K(2432K)
[129.408s][info][gc             ] GC(157) Pause Full (Allocation Failure) 760M->760M(869M) 1278.863ms
[129.408s][info][gc,cpu         ] GC(157) User=2.51s Sys=0.00s Real=1.28s
[129.408s][info][gc,start       ] GC(158) Pause Full (Allocation Failure)
[129.408s][info][gc,phases,start] GC(158) Marking Phase
[130.081s][info][gc,phases      ] GC(158) Marking Phase 672.930ms
[130.081s][info][gc,phases,start] GC(158) Summary Phase
[130.081s][info][gc,phases      ] GC(158) Summary Phase 0.023ms
[130.081s][info][gc,phases,start] GC(158) Forward
[130.105s][info][gc,phases      ] GC(158) Forward 23.770ms
[130.105s][info][gc,phases,start] GC(158) Adjust Pointers
[130.433s][info][gc,phases      ] GC(158) Adjust Pointers 328.786ms
[130.433s][info][gc,phases,start] GC(158) Compaction Phase
[130.599s][info][gc,phases      ] GC(158) Compaction Phase 165.377ms
[130.599s][info][gc,phases,start] GC(158) Post Compact
[130.601s][info][gc,phases      ] GC(158) Post Compact 2.291ms
[130.601s][info][gc,heap        ] GC(158) PSYoungGen: 111615K(222720K)->111615K(222720K) Eden: 111615K(111616K)->111615K(111616K) From: 0K(111104K)->0K(111104K)
[130.601s][info][gc,heap        ] GC(158) ParOldGen: 667378K(667648K)->667378K(667648K)
[130.601s][info][gc,metaspace   ] GC(158) Metaspace: 18062K(18368K)->18062K(18368K) NonClass: 15756K(15936K)->15756K(15936K) Class: 2306K(2432K)->2306K(2432K)
[130.601s][info][gc             ] GC(158) Pause Full (Allocation Failure) 760M->760M(869M) 1193.559ms
[130.601s][info][gc,cpu         ] GC(158) User=2.36s Sys=0.00s Real=1.19s
[130.601s][info][gc,start       ] GC(159) Pause Full (Allocation Failure)
[130.601s][info][gc,phases,start] GC(159) Marking Phase
[131.257s][info][gc,phases      ] GC(159) Marking Phase 655.211ms
[131.257s][info][gc,phases,start] GC(159) Summary Phase
[131.257s][info][gc,phases      ] GC(159) Summary Phase 0.023ms
[131.257s][info][gc,phases,start] GC(159) Forward
[131.280s][info][gc,phases      ] GC(159) Forward 23.406ms
[131.280s][info][gc,phases,start] GC(159) Adjust Pointers
[131.604s][info][gc,phases      ] GC(159) Adjust Pointers 323.615ms
[131.604s][info][gc,phases,start] GC(159) Compaction Phase
[131.763s][info][gc,phases      ] GC(159) Compaction Phase 159.508ms
[131.764s][info][gc,phases,start] GC(159) Post Compact
[131.766s][info][gc,phases      ] GC(159) Post Compact 2.272ms
[131.766s][info][gc,heap        ] GC(159) PSYoungGen: 111615K(222720K)->111615K(222720K) Eden: 111615K(111616K)->111615K(111616K) From: 0K(111104K)->0K(111104K)
[131.766s][info][gc,heap        ] GC(159) ParOldGen: 667378K(667648K)->667378K(667648K)
[131.766s][info][gc,metaspace   ] GC(159) Metaspace: 18062K(18368K)->18062K(18368K) NonClass: 15756K(15936K)->15756K(15936K) Class: 2306K(2432K)->2306K(2432K)
[131.766s][info][gc             ] GC(159) Pause Full (Allocation Failure) 760M->760M(869M) 1164.448ms
[131.766s][info][gc,cpu         ] GC(159) User=2.29s Sys=0.00s Real=1.16s
[131.766s][info][gc,start       ] GC(160) Pause Full (Allocation Failure)
[131.766s][info][gc,phases,start] GC(160) Marking Phase
[132.414s][info][gc,phases      ] GC(160) Marking Phase 647.963ms
[132.414s][info][gc,phases,start] GC(160) Summary Phase
[132.414s][info][gc,phases      ] GC(160) Summary Phase 0.023ms
[132.414s][info][gc,phases,start] GC(160) Forward
[132.438s][info][gc,phases      ] GC(160) Forward 24.176ms
[132.438s][info][gc,phases,start] GC(160) Adjust Pointers
[132.761s][info][gc,phases      ] GC(160) Adjust Pointers 322.522ms
[132.761s][info][gc,phases,start] GC(160) Compaction Phase
[132.927s][info][gc,phases      ] GC(160) Compaction Phase 165.843ms
[132.927s][info][gc,phases,start] GC(160) Post Compact
[132.929s][info][gc,phases      ] GC(160) Post Compact 2.328ms
[132.929s][info][gc,heap        ] GC(160) PSYoungGen: 111615K(222720K)->111615K(222720K) Eden: 111615K(111616K)->111615K(111616K) From: 0K(111104K)->0K(111104K)
[132.929s][info][gc,heap        ] GC(160) ParOldGen: 667378K(667648K)->667378K(667648K)
[132.929s][info][gc,metaspace   ] GC(160) Metaspace: 18062K(18368K)->18062K(18368K) NonClass: 15756K(15936K)->15756K(15936K) Class: 2306K(2432K)->2306K(2432K)
[132.929s][info][gc             ] GC(160) Pause Full (Allocation Failure) 760M->760M(869M) 1163.254ms
[132.929s][info][gc,cpu         ] GC(160) User=2.30s Sys=0.00s Real=1.17s
[132.929s][info][gc,start       ] GC(161) Pause Full (Allocation Failure)
[132.929s][info][gc,phases,start] GC(161) Marking Phase
[133.593s][info][gc,phases      ] GC(161) Marking Phase 663.555ms
[133.593s][info][gc,phases,start] GC(161) Summary Phase
[133.593s][info][gc,phases      ] GC(161) Summary Phase 0.027ms
[133.593s][info][gc,phases,start] GC(161) Forward
[133.619s][info][gc,phases      ] GC(161) Forward 25.538ms
[133.619s][info][gc,phases,start] GC(161) Adjust Pointers
[133.954s][info][gc,phases      ] GC(161) Adjust Pointers 335.145ms
[133.954s][info][gc,phases,start] GC(161) Compaction Phase
[134.121s][info][gc,phases      ] GC(161) Compaction Phase 166.799ms
[134.121s][info][gc,phases,start] GC(161) Post Compact
[134.123s][info][gc,phases      ] GC(161) Post Compact 2.354ms
[134.123s][info][gc,heap        ] GC(161) PSYoungGen: 111615K(222720K)->111615K(222720K) Eden: 111615K(111616K)->111615K(111616K) From: 0K(111104K)->0K(111104K)
[134.123s][info][gc,heap        ] GC(161) ParOldGen: 667378K(667648K)->667378K(667648K)
[134.123s][info][gc,metaspace   ] GC(161) Metaspace: 18062K(18368K)->18062K(18368K) NonClass: 15756K(15936K)->15756K(15936K) Class: 2306K(2432K)->2306K(2432K)
[134.123s][info][gc             ] GC(161) Pause Full (Allocation Failure) 760M->760M(869M) 1193.826ms
[134.123s][info][gc,cpu         ] GC(161) User=2.35s Sys=0.00s Real=1.19s
[134.123s][info][gc,start       ] GC(162) Pause Full (Allocation Failure)
[134.123s][info][gc,phases,start] GC(162) Marking Phase
[134.793s][info][gc,phases      ] GC(162) Marking Phase 669.549ms
[134.793s][info][gc,phases,start] GC(162) Summary Phase
[134.793s][info][gc,phases      ] GC(162) Summary Phase 0.024ms
[134.793s][info][gc,phases,start] GC(162) Forward
[134.819s][info][gc,phases      ] GC(162) Forward 25.526ms
[134.819s][info][gc,phases,start] GC(162) Adjust Pointers
[135.150s][info][gc,phases      ] GC(162) Adjust Pointers 331.401ms
[135.150s][info][gc,phases,start] GC(162) Compaction Phase
[135.314s][info][gc,phases      ] GC(162) Compaction Phase 164.023ms
[135.314s][info][gc,phases,start] GC(162) Post Compact
[135.317s][info][gc,phases      ] GC(162) Post Compact 2.365ms
[135.317s][info][gc,heap        ] GC(162) PSYoungGen: 111615K(222720K)->111615K(222720K) Eden: 111615K(111616K)->111615K(111616K) From: 0K(111104K)->0K(111104K)
[135.317s][info][gc,heap        ] GC(162) ParOldGen: 667378K(667648K)->667378K(667648K)
[135.317s][info][gc,metaspace   ] GC(162) Metaspace: 18062K(18368K)->18062K(18368K) NonClass: 15756K(15936K)->15756K(15936K) Class: 2306K(2432K)->2306K(2432K)
[135.317s][info][gc             ] GC(162) Pause Full (Allocation Failure) 760M->760M(869M) 1193.318ms
[135.317s][info][gc,cpu         ] GC(162) User=2.35s Sys=0.00s Real=1.20s
[135.317s][info][gc,start       ] GC(163) Pause Full (Allocation Failure)
[135.317s][info][gc,phases,start] GC(163) Marking Phase
[135.984s][info][gc,phases      ] GC(163) Marking Phase 666.797ms
[135.984s][info][gc,phases,start] GC(163) Summary Phase
[135.984s][info][gc,phases      ] GC(163) Summary Phase 0.026ms
[135.984s][info][gc,phases,start] GC(163) Forward
[136.009s][info][gc,phases      ] GC(163) Forward 25.683ms
[136.010s][info][gc,phases,start] GC(163) Adjust Pointers
[136.343s][info][gc,phases      ] GC(163) Adjust Pointers 333.338ms
[136.343s][info][gc,phases,start] GC(163) Compaction Phase
[136.509s][info][gc,phases      ] GC(163) Compaction Phase 166.151ms
[136.509s][info][gc,phases,start] GC(163) Post Compact
[136.512s][info][gc,phases      ] GC(163) Post Compact 2.340ms
[136.512s][info][gc,heap        ] GC(163) PSYoungGen: 111615K(222720K)->111615K(222720K) Eden: 111615K(111616K)->111615K(111616K) From: 0K(111104K)->0K(111104K)
[136.512s][info][gc,heap        ] GC(163) ParOldGen: 667378K(667648K)->667378K(667648K)
[136.512s][info][gc,metaspace   ] GC(163) Metaspace: 18062K(18368K)->18062K(18368K) NonClass: 15756K(15936K)->15756K(15936K) Class: 2306K(2432K)->2306K(2432K)
[136.512s][info][gc             ] GC(163) Pause Full (Allocation Failure) 760M->760M(869M) 1194.766ms
[136.512s][info][gc,cpu         ] GC(163) User=2.36s Sys=0.00s Real=1.19s
[136.512s][info][gc,start       ] GC(164) Pause Full (Allocation Failure)
[136.512s][info][gc,phases,start] GC(164) Marking Phase
[137.189s][info][gc,phases      ] GC(164) Marking Phase 676.904ms
[137.189s][info][gc,phases,start] GC(164) Summary Phase
[137.189s][info][gc,phases      ] GC(164) Summary Phase 0.026ms
[137.189s][info][gc,phases,start] GC(164) Forward
[137.214s][info][gc,phases      ] GC(164) Forward 25.597ms
[137.214s][info][gc,phases,start] GC(164) Adjust Pointers
[137.552s][info][gc,phases      ] GC(164) Adjust Pointers 337.609ms
[137.552s][info][gc,phases,start] GC(164) Compaction Phase
[137.720s][info][gc,phases      ] GC(164) Compaction Phase 167.843ms
[137.720s][info][gc,phases,start] GC(164) Post Compact
[137.722s][info][gc,phases      ] GC(164) Post Compact 2.340ms
[137.722s][info][gc,heap        ] GC(164) PSYoungGen: 111615K(222720K)->111615K(222720K) Eden: 111615K(111616K)->111615K(111616K) From: 0K(111104K)->0K(111104K)
[137.723s][info][gc,heap        ] GC(164) ParOldGen: 667378K(667648K)->667378K(667648K)
[137.723s][info][gc,metaspace   ] GC(164) Metaspace: 18062K(18368K)->18062K(18368K) NonClass: 15756K(15936K)->15756K(15936K) Class: 2306K(2432K)->2306K(2432K)
[137.723s][info][gc             ] GC(164) Pause Full (Allocation Failure) 760M->760M(869M) 1210.729ms
[137.723s][info][gc,cpu         ] GC(164) User=2.39s Sys=0.00s Real=1.21s
[137.723s][info][gc,start       ] GC(165) Pause Full (Allocation Failure)
[137.723s][info][gc,phases,start] GC(165) Marking Phase
[138.405s][info][gc,phases      ] GC(165) Marking Phase 682.546ms
[138.405s][info][gc,phases,start] GC(165) Summary Phase
[138.405s][info][gc,phases      ] GC(165) Summary Phase 0.026ms
[138.405s][info][gc,phases,start] GC(165) Forward
[138.431s][info][gc,phases      ] GC(165) Forward 25.655ms
[138.431s][info][gc,phases,start] GC(165) Adjust Pointers
[138.767s][info][gc,phases      ] GC(165) Adjust Pointers 336.401ms
[138.768s][info][gc,phases,start] GC(165) Compaction Phase
[138.937s][info][gc,phases      ] GC(165) Compaction Phase 169.319ms
[138.937s][info][gc,phases,start] GC(165) Post Compact
[138.939s][info][gc,phases      ] GC(165) Post Compact 2.363ms
[138.939s][info][gc,heap        ] GC(165) PSYoungGen: 111615K(222720K)->111615K(222720K) Eden: 111615K(111616K)->111615K(111616K) From: 0K(111104K)->0K(111104K)
[138.939s][info][gc,heap        ] GC(165) ParOldGen: 667378K(667648K)->667378K(667648K)
[138.939s][info][gc,metaspace   ] GC(165) Metaspace: 18062K(18368K)->18062K(18368K) NonClass: 15756K(15936K)->15756K(15936K) Class: 2306K(2432K)->2306K(2432K)
[138.939s][info][gc             ] GC(165) Pause Full (Allocation Failure) 760M->760M(869M) 1216.799ms
[138.939s][info][gc,cpu         ] GC(165) User=2.40s Sys=0.01s Real=1.22s
[138.940s][info][gc,start       ] GC(166) Pause Full (Allocation Failure)
[138.940s][info][gc,phases,start] GC(166) Marking Phase
[139.620s][info][gc,phases      ] GC(166) Marking Phase 680.265ms
[139.620s][info][gc,phases,start] GC(166) Summary Phase
[139.620s][info][gc,phases      ] GC(166) Summary Phase 0.029ms
[139.620s][info][gc,phases,start] GC(166) Forward
[139.648s][info][gc,phases      ] GC(166) Forward 27.922ms
[139.648s][info][gc,phases,start] GC(166) Adjust Pointers
[139.985s][info][gc,phases      ] GC(166) Adjust Pointers 336.699ms
[139.985s][info][gc,phases,start] GC(166) Compaction Phase
[140.153s][info][gc,phases      ] GC(166) Compaction Phase 167.765ms
[140.153s][info][gc,phases,start] GC(166) Post Compact
[140.155s][info][gc,phases      ] GC(166) Post Compact 2.340ms
[140.155s][info][gc,heap        ] GC(166) PSYoungGen: 111615K(222720K)->111615K(222720K) Eden: 111615K(111616K)->111615K(111616K) From: 0K(111104K)->0K(111104K)
[140.155s][info][gc,heap        ] GC(166) ParOldGen: 667378K(667648K)->667378K(667648K)
[140.155s][info][gc,metaspace   ] GC(166) Metaspace: 18062K(18368K)->18062K(18368K) NonClass: 15756K(15936K)->15756K(15936K) Class: 2306K(2432K)->2306K(2432K)
[140.155s][info][gc             ] GC(166) Pause Full (Allocation Failure) 760M->760M(869M) 1215.436ms
[140.155s][info][gc,cpu         ] GC(166) User=2.39s Sys=0.00s Real=1.21s
[140.155s][info][gc,start       ] GC(167) Pause Full (Allocation Failure)
[140.155s][info][gc,phases,start] GC(167) Marking Phase
[140.829s][info][gc,phases      ] GC(167) Marking Phase 673.970ms
[140.829s][info][gc,phases,start] GC(167) Summary Phase
[140.829s][info][gc,phases      ] GC(167) Summary Phase 0.028ms
[140.829s][info][gc,phases,start] GC(167) Forward
[140.855s][info][gc,phases      ] GC(167) Forward 25.585ms
[140.855s][info][gc,phases,start] GC(167) Adjust Pointers
[141.187s][info][gc,phases      ] GC(167) Adjust Pointers 331.878ms
[141.187s][info][gc,phases,start] GC(167) Compaction Phase
[141.354s][info][gc,phases      ] GC(167) Compaction Phase 166.541ms
[141.354s][info][gc,phases,start] GC(167) Post Compact
[141.356s][info][gc,phases      ] GC(167) Post Compact 2.341ms
[141.356s][info][gc,heap        ] GC(167) PSYoungGen: 111615K(222720K)->111615K(222720K) Eden: 111615K(111616K)->111615K(111616K) From: 0K(111104K)->0K(111104K)
[141.356s][info][gc,heap        ] GC(167) ParOldGen: 667378K(667648K)->667378K(667648K)
[141.356s][info][gc,metaspace   ] GC(167) Metaspace: 18062K(18368K)->18062K(18368K) NonClass: 15756K(15936K)->15756K(15936K) Class: 2306K(2432K)->2306K(2432K)
[141.356s][info][gc             ] GC(167) Pause Full (Allocation Failure) 760M->760M(869M) 1200.773ms
[141.356s][info][gc,cpu         ] GC(167) User=2.36s Sys=0.00s Real=1.20s
[141.356s][info][gc,start       ] GC(168) Pause Full (Allocation Failure)
[141.356s][info][gc,phases,start] GC(168) Marking Phase
[142.031s][info][gc,phases      ] GC(168) Marking Phase 674.624ms
[142.031s][info][gc,phases,start] GC(168) Summary Phase
[142.031s][info][gc,phases      ] GC(168) Summary Phase 0.029ms
[142.031s][info][gc,phases,start] GC(168) Forward
[142.056s][info][gc,phases      ] GC(168) Forward 25.108ms
[142.056s][info][gc,phases,start] GC(168) Adjust Pointers
[142.390s][info][gc,phases      ] GC(168) Adjust Pointers 333.587ms
[142.390s][info][gc,phases,start] GC(168) Compaction Phase
[142.553s][info][gc,phases      ] GC(168) Compaction Phase 163.385ms
[142.554s][info][gc,phases,start] GC(168) Post Compact
[142.556s][info][gc,phases      ] GC(168) Post Compact 2.319ms
[142.556s][info][gc,heap        ] GC(168) PSYoungGen: 111615K(222720K)->111615K(222720K) Eden: 111615K(111616K)->111615K(111616K) From: 0K(111104K)->0K(111104K)
[142.556s][info][gc,heap        ] GC(168) ParOldGen: 667378K(667648K)->667378K(667648K)
[142.556s][info][gc,metaspace   ] GC(168) Metaspace: 18062K(18368K)->18062K(18368K) NonClass: 15756K(15936K)->15756K(15936K) Class: 2306K(2432K)->2306K(2432K)
[142.556s][info][gc             ] GC(168) Pause Full (Allocation Failure) 760M->760M(869M) 1199.503ms
[142.556s][info][gc,cpu         ] GC(168) User=2.37s Sys=0.00s Real=1.19s
[142.556s][info][gc,start       ] GC(169) Pause Full (Allocation Failure)
[142.556s][info][gc,phases,start] GC(169) Marking Phase
[143.223s][info][gc,phases      ] GC(169) Marking Phase 666.598ms
[143.223s][info][gc,phases,start] GC(169) Summary Phase
[143.223s][info][gc,phases      ] GC(169) Summary Phase 0.028ms
[143.223s][info][gc,phases,start] GC(169) Forward
[143.348s][info][gc,phases      ] GC(169) Forward 125.047ms
[143.348s][info][gc,phases,start] GC(169) Adjust Pointers
[143.706s][info][gc,phases      ] GC(169) Adjust Pointers 358.444ms
[143.706s][info][gc,phases,start] GC(169) Compaction Phase
[144.011s][info][gc,phases      ] GC(169) Compaction Phase 304.678ms
[144.011s][info][gc,phases,start] GC(169) Post Compact
[144.014s][info][gc,phases      ] GC(169) Post Compact 2.403ms
[144.014s][info][gc,heap        ] GC(169) PSYoungGen: 111615K(222720K)->111103K(222720K) Eden: 111615K(111616K)->111103K(111616K) From: 0K(111104K)->0K(111104K)
[144.014s][info][gc,heap        ] GC(169) ParOldGen: 667378K(667648K)->667478K(667648K)
[144.014s][info][gc,metaspace   ] GC(169) Metaspace: 18062K(18368K)->18062K(18368K) NonClass: 15756K(15936K)->15756K(15936K) Class: 2306K(2432K)->2306K(2432K)
[144.014s][info][gc             ] GC(169) Pause Full (Allocation Failure) 760M->760M(869M) 1457.654ms
[144.014s][info][gc,cpu         ] GC(169) User=2.86s Sys=0.01s Real=1.46s
[144.018s][info][gc,start       ] GC(170) Pause Full (Allocation Failure)
[144.018s][info][gc,phases,start] GC(170) Marking Phase
[144.278s][info][gc,phases      ] GC(170) Marking Phase 259.973ms
[144.278s][info][gc,phases,start] GC(170) Summary Phase
[144.278s][info][gc,phases      ] GC(170) Summary Phase 0.024ms
[144.278s][info][gc,phases,start] GC(170) Forward
[144.279s][info][gc,phases      ] GC(170) Forward 0.672ms
[144.279s][info][gc,phases,start] GC(170) Adjust Pointers
[144.407s][info][gc,phases      ] GC(170) Adjust Pointers 128.395ms
[144.408s][info][gc,phases,start] GC(170) Compaction Phase
[144.481s][info][gc,phases      ] GC(170) Compaction Phase 73.023ms
[144.481s][info][gc,phases,start] GC(170) Post Compact
[144.483s][info][metaspace      ] ChkMgr @0x00007fe2c003ec00 (non-class-space): : reclaiming memory...
[144.483s][info][metaspace      ] ChkMgr @0x00007fe2c003ec00 (non-class-space): nothing reclaimed.
[144.483s][info][metaspace      ] ChkMgr @0x00007fe2c003ea10 (class-space): : reclaiming memory...
[144.483s][info][metaspace      ] ChkMgr @0x00007fe2c003ea10 (class-space): nothing reclaimed.
[144.483s][info][gc,phases      ] GC(170) Post Compact 2.396ms
[144.491s][info][gc,heap        ] GC(170) PSYoungGen: 111616K(222720K)->0K(222720K) Eden: 111616K(111616K)->0K(111616K) From: 0K(111104K)->0K(111104K)
[144.491s][info][gc,heap        ] GC(170) ParOldGen: 667478K(667648K)->359434K(565248K)
[144.491s][info][gc,metaspace   ] GC(170) Metaspace: 18083K(18368K)->18080K(18368K) NonClass: 15772K(15936K)->15768K(15936K) Class: 2311K(2432K)->2311K(2432K)
[144.491s][info][gc             ] GC(170) Pause Full (Allocation Failure) 760M->351M(769M) 473.067ms
[144.491s][info][gc,cpu         ] GC(170) User=0.90s Sys=0.01s Real=0.47s
[144.494s][info][gc,heap,exit   ] Heap
[144.494s][info][gc,heap,exit   ]  PSYoungGen      total 222720K, used 2235K [0x00000000eba00000, 0x0000000100000000, 0x0000000100000000)
[144.494s][info][gc,heap,exit   ]   eden space 111616K, 2% used [0x00000000eba00000,0x00000000ebc2ec10,0x00000000f2700000)
[144.494s][info][gc,heap,exit   ]   from space 111104K, 0% used [0x00000000f9380000,0x00000000f9380000,0x0000000100000000)
[144.494s][info][gc,heap,exit   ]   to   space 111104K, 0% used [0x00000000f2700000,0x00000000f2700000,0x00000000f9380000)
[144.494s][info][gc,heap,exit   ]  ParOldGen       total 565248K, used 359434K [0x00000000c2e00000, 0x00000000e5600000, 0x00000000eba00000)
[144.494s][info][gc,heap,exit   ]   object space 565248K, 63% used [0x00000000c2e00000,0x00000000d8d028b8,0x00000000e5600000)
[144.494s][info][gc,heap,exit   ]  Metaspace       used 18080K, committed 18368K, reserved 1114112K
[144.494s][info][gc,heap,exit   ]   class space    used 2311K, committed 2432K, reserved 1048576K
