[0.003s][info][metaspace]  - commit_granule_bytes: 65536.
[0.003s][info][metaspace]  - commit_granule_words: 8192.
[0.003s][info][metaspace]  - virtual_space_node_default_size: 8388608.
[0.003s][info][metaspace]  - enlarge_chunks_in_place: 1.
[0.005s][info][gc,init  ] CardTable entry size: 512
[0.005s][info][gc       ] Using Parallel
[0.006s][info][gc,init  ] Version: 24-internal-adhoc.root.jdk (release)
[0.006s][info][gc,init  ] CPUs: 2 total, 2 available
[0.006s][info][gc,init  ] Memory: 3908M
[0.006s][info][gc,init  ] Large Page Support: Disabled
[0.006s][info][gc,init  ] NUMA Support: Disabled
[0.006s][info][gc,init  ] Compressed Oops: Enabled (32-bit)
[0.006s][info][gc,init  ] Alignments: Space 512K, Generation 512K, Heap 2M
[0.006s][info][gc,init  ] Heap Min Capacity: 256M
[0.006s][info][gc,init  ] Heap Initial Capacity: 256M
[0.006s][info][gc,init  ] Heap Max Capacity: 978M
[0.006s][info][gc,init  ] Pre-touch: Disabled
[0.006s][info][gc,init  ] Parallel Workers: 2
[0.023s][info][gc,metaspace] CDS archive(s) mapped at: [0x00007f7026000000-0x00007f7026e7b000-0x00007f7026e7b000), size 15183872, SharedBaseAddress: 0x00007f7026000000, ArchiveRelocationMode: 1.
[0.023s][info][gc,metaspace] Compressed class space mapped at: 0x00007f7027000000-0x00007f7067000000, reserved size: 1073741824
[0.023s][info][gc,metaspace] UseCompressedClassPointers 1, UseCompactObjectHeaders 1
[0.023s][info][gc,metaspace] Narrow klass pointer bits 22, Max shift 10
[0.023s][info][gc,metaspace] Narrow klass base: 0x00007f7026000000, Narrow klass shift: 10
[0.023s][info][gc,metaspace] Encoding Range: [0x00007f7026000000 - 0x00007f7126000000), (4294967296 bytes)
[0.023s][info][gc,metaspace] Klass Range:    [0x00007f7026000000 - 0x00007f7067000000), (1090519040 bytes)
[0.023s][info][gc,metaspace] Klass ID Range:  [1 - 1064960) (1064959)
[1.223s][info][gc,start    ] GC(0) Pause Young (Allocation Failure)
[1.232s][info][gc,heap     ] GC(0) PSYoungGen: 65536K(76288K)->3844K(76288K) Eden: 65536K(65536K)->0K(65536K) From: 0K(10752K)->3844K(10752K)
[1.232s][info][gc,heap     ] GC(0) ParOldGen: 1088K(175104K)->1096K(175104K)
[1.232s][info][gc,metaspace] GC(0) Metaspace: 8225K(8384K)->8225K(8384K) NonClass: 7102K(7232K)->7102K(7232K) Class: 1122K(1152K)->1122K(1152K)
[1.232s][info][gc          ] GC(0) Pause Young (Allocation Failure) 65M->4M(245M) 9.101ms
[1.232s][info][gc,cpu      ] GC(0) User=0.01s Sys=0.01s Real=0.01s
[3.836s][info][gc,start    ] GC(1) Pause Young (Allocation Failure)
[3.849s][info][gc,heap     ] GC(1) PSYoungGen: 69380K(76288K)->7943K(76288K) Eden: 65536K(65536K)->0K(65536K) From: 3844K(10752K)->7943K(10752K)
[3.849s][info][gc,heap     ] GC(1) ParOldGen: 1096K(175104K)->1104K(175104K)
[3.849s][info][gc,metaspace] GC(1) Metaspace: 20950K(21312K)->20950K(21312K) NonClass: 18471K(18688K)->18471K(18688K) Class: 2478K(2624K)->2478K(2624K)
[3.849s][info][gc          ] GC(1) Pause Young (Allocation Failure) 68M->8M(245M) 13.174ms
[3.849s][info][gc,cpu      ] GC(1) User=0.02s Sys=0.00s Real=0.01s
[5.330s][info][metaspace   ] ChkMgr @0x00007f708403ef00 (non-class-space): failed to commit 88 words on chunk @0x00007f70846562e0, f, base 0x00007f701d2c0000, level lv10.
[5.330s][info][metaspace   ] Arena @0x00007f70844aa8d0 (non-class arena): failed to allocate new chunk for requested word size 88.
[5.330s][info][metaspace   ] Arena @0x00007f70844aa8d0 (non-class arena): allocation failed, returned null.
[5.330s][info][metaspace   ] ChkMgr @0x00007f708403ef00 (non-class-space): failed to commit 88 words on chunk @0x00007f70846562e0, f, base 0x00007f701d2c0000, level lv10.
[5.330s][info][metaspace   ] Arena @0x00007f70844aa8d0 (non-class arena): failed to allocate new chunk for requested word size 88.
[5.330s][info][metaspace   ] Arena @0x00007f70844aa8d0 (non-class arena): allocation failed, returned null.
[5.330s][info][metaspace   ] ChkMgr @0x00007f708403ef00 (non-class-space): failed to commit 88 words on chunk @0x00007f70846562e0, f, base 0x00007f701d2c0000, level lv10.
[5.330s][info][metaspace   ] Arena @0x00007f70844aa8d0 (non-class arena): failed to allocate new chunk for requested word size 88.
[5.330s][info][metaspace   ] Arena @0x00007f70844aa8d0 (non-class arena): allocation failed, returned null.
[5.330s][info][gc,start    ] GC(2) Pause Full (Metadata GC Threshold)
[5.330s][info][gc,phases,start] GC(2) Marking Phase
[5.343s][info][gc,phases      ] GC(2) Marking Phase 13.096ms
[5.343s][info][gc,phases,start] GC(2) Summary Phase
[5.343s][info][gc,phases      ] GC(2) Summary Phase 0.010ms
[5.344s][info][gc,phases,start] GC(2) Forward
[5.346s][info][gc,phases      ] GC(2) Forward 2.252ms
[5.346s][info][gc,phases,start] GC(2) Adjust Pointers
[5.353s][info][gc,phases      ] GC(2) Adjust Pointers 7.033ms
[5.353s][info][gc,phases,start] GC(2) Compaction Phase
[5.360s][info][gc,phases      ] GC(2) Compaction Phase 6.767ms
[5.360s][info][gc,phases,start] GC(2) Post Compact
[5.361s][info][gc,phases      ] GC(2) Post Compact 1.677ms
[5.361s][info][gc,heap        ] GC(2) PSYoungGen: 17484K(76288K)->0K(76288K) Eden: 9541K(65536K)->0K(65536K) From: 7943K(10752K)->0K(10752K)
[5.361s][info][gc,heap        ] GC(2) ParOldGen: 1104K(175104K)->9144K(175104K)
[5.361s][info][gc,metaspace   ] GC(2) Metaspace: 21184K(21504K)->21184K(21504K) NonClass: 18675K(18816K)->18675K(18816K) Class: 2509K(2688K)->2509K(2688K)
[5.362s][info][gc             ] GC(2) Pause Full (Metadata GC Threshold) 18M->8M(245M) 31.179ms
[5.362s][info][gc,cpu         ] GC(2) User=0.04s Sys=0.01s Real=0.03s
[6.276s][info][gc,start       ] GC(3) Pause Young (Allocation Failure)
[6.284s][info][gc,heap        ] GC(3) PSYoungGen: 65536K(76288K)->3034K(76288K) Eden: 65536K(65536K)->0K(65536K) From: 0K(10752K)->3034K(10752K)
[6.284s][info][gc,heap        ] GC(3) ParOldGen: 9144K(175104K)->9152K(175104K)
[6.284s][info][gc,metaspace   ] GC(3) Metaspace: 24129K(24512K)->24129K(24512K) NonClass: 21330K(21568K)->21330K(21568K) Class: 2799K(2944K)->2799K(2944K)
[6.284s][info][gc             ] GC(3) Pause Young (Allocation Failure) 72M->11M(245M) 8.014ms
[6.284s][info][gc,cpu         ] GC(3) User=0.01s Sys=0.00s Real=0.00s
[6.816s][info][gc,start       ] GC(4) Pause Young (Allocation Failure)
[6.823s][info][gc,heap        ] GC(4) PSYoungGen: 68570K(76288K)->4335K(76288K) Eden: 65536K(65536K)->0K(65536K) From: 3034K(10752K)->4335K(10752K)
[6.823s][info][gc,heap        ] GC(4) ParOldGen: 9152K(175104K)->9160K(175104K)
[6.823s][info][gc,metaspace   ] GC(4) Metaspace: 24442K(24768K)->24442K(24768K) NonClass: 21626K(21824K)->21626K(21824K) Class: 2815K(2944K)->2815K(2944K)
[6.823s][info][gc             ] GC(4) Pause Young (Allocation Failure) 75M->13M(245M) 6.408ms
[6.823s][info][gc,cpu         ] GC(4) User=0.01s Sys=0.00s Real=0.00s
[7.395s][info][gc,start       ] GC(5) Pause Young (Allocation Failure)
[7.406s][info][gc,heap        ] GC(5) PSYoungGen: 69871K(76288K)->5238K(76288K) Eden: 65536K(65536K)->0K(65536K) From: 4335K(10752K)->5238K(10752K)
[7.406s][info][gc,heap        ] GC(5) ParOldGen: 9160K(175104K)->9168K(175104K)
[7.406s][info][gc,metaspace   ] GC(5) Metaspace: 25927K(26304K)->25927K(26304K) NonClass: 22926K(23104K)->22926K(23104K) Class: 3001K(3200K)->3001K(3200K)
[7.406s][info][gc             ] GC(5) Pause Young (Allocation Failure) 77M->14M(245M) 10.558ms
[7.406s][info][gc,cpu         ] GC(5) User=0.02s Sys=0.00s Real=0.02s
[7.678s][info][gc,start       ] GC(6) Pause Young (Allocation Failure)
[7.686s][info][gc,heap        ] GC(6) PSYoungGen: 69150K(76288K)->5590K(78848K) Eden: 63911K(65536K)->0K(70656K) From: 5238K(10752K)->5590K(8192K)
[7.686s][info][gc,heap        ] GC(6) ParOldGen: 9168K(175104K)->9176K(175104K)
[7.686s][info][gc,metaspace   ] GC(6) Metaspace: 26007K(26432K)->26007K(26432K) NonClass: 23004K(23232K)->23004K(23232K) Class: 3003K(3200K)->3003K(3200K)
[7.686s][info][gc             ] GC(6) Pause Young (Allocation Failure) 76M->14M(248M) 8.666ms
[7.686s][info][gc,cpu         ] GC(6) User=0.02s Sys=0.00s Real=0.01s
[7.801s][info][gc,start       ] GC(7) Pause Young (Allocation Failure)
[7.809s][info][gc,heap        ] GC(7) PSYoungGen: 76021K(78848K)->7497K(78848K) Eden: 70431K(70656K)->0K(70656K) From: 5590K(8192K)->7497K(8192K)
[7.809s][info][gc,heap        ] GC(7) ParOldGen: 9176K(175104K)->9184K(175104K)
[7.809s][info][gc,metaspace   ] GC(7) Metaspace: 26027K(26432K)->26027K(26432K) NonClass: 23024K(23232K)->23024K(23232K) Class: 3003K(3200K)->3003K(3200K)
[7.809s][info][gc             ] GC(7) Pause Young (Allocation Failure) 83M->16M(248M) 8.278ms
[7.809s][info][gc,cpu         ] GC(7) User=0.01s Sys=0.00s Real=0.01s
[8.165s][info][gc,start       ] GC(8) Pause Young (Allocation Failure)
[8.174s][info][gc,heap        ] GC(8) PSYoungGen: 78153K(78848K)->2886K(150016K) Eden: 70656K(70656K)->0K(141312K) From: 7497K(8192K)->2886K(8704K)
[8.174s][info][gc,heap        ] GC(8) ParOldGen: 9184K(175104K)->12184K(175104K)
[8.174s][info][gc,metaspace   ] GC(8) Metaspace: 26263K(26624K)->26263K(26624K) NonClass: 23243K(23424K)->23243K(23424K) Class: 3020K(3200K)->3020K(3200K)
[8.174s][info][gc             ] GC(8) Pause Young (Allocation Failure) 85M->14M(317M) 9.103ms
[8.174s][info][gc,cpu         ] GC(8) User=0.01s Sys=0.00s Real=0.01s
[10.070s][info][gc,start       ] GC(9) Pause Young (Allocation Failure)
[10.079s][info][gc,heap        ] GC(9) PSYoungGen: 144198K(150016K)->3520K(150016K) Eden: 141312K(141312K)->0K(141312K) From: 2886K(8704K)->3520K(8704K)
[10.079s][info][gc,heap        ] GC(9) ParOldGen: 12184K(175104K)->14241K(175104K)
[10.079s][info][gc,metaspace   ] GC(9) Metaspace: 28356K(28800K)->28356K(28800K) NonClass: 25147K(25408K)->25147K(25408K) Class: 3209K(3392K)->3209K(3392K)
[10.079s][info][gc             ] GC(9) Pause Young (Allocation Failure) 152M->17M(317M) 8.441ms
[10.079s][info][gc,cpu         ] GC(9) User=0.01s Sys=0.00s Real=0.01s
[11.441s][info][gc,start       ] GC(10) Pause Young (Allocation Failure)
[11.475s][info][gc,heap        ] GC(10) PSYoungGen: 144832K(150016K)->8696K(231936K) Eden: 141312K(141312K)->0K(223232K) From: 3520K(8704K)->8696K(8704K)
[11.475s][info][gc,heap        ] GC(10) ParOldGen: 14241K(175104K)->19106K(175104K)
[11.475s][info][gc,metaspace   ] GC(10) Metaspace: 28543K(28992K)->28543K(28992K) NonClass: 25308K(25536K)->25308K(25536K) Class: 3235K(3456K)->3235K(3456K)
[11.475s][info][gc             ] GC(10) Pause Young (Allocation Failure) 155M->27M(397M) 34.196ms
[11.475s][info][gc,cpu         ] GC(10) User=0.06s Sys=0.01s Real=0.03s
[12.358s][info][gc,start       ] GC(11) Pause Young (Allocation Failure)
[12.412s][info][gc,heap        ] GC(11) PSYoungGen: 231928K(231936K)->11744K(235008K) Eden: 223232K(223232K)->0K(223232K) From: 8696K(8704K)->11744K(11776K)
[12.412s][info][gc,heap        ] GC(11) ParOldGen: 19106K(175104K)->45484K(175104K)
[12.412s][info][gc,metaspace   ] GC(11) Metaspace: 28616K(29056K)->28616K(29056K) NonClass: 25359K(25600K)->25359K(25600K) Class: 3257K(3456K)->3257K(3456K)
[12.412s][info][gc             ] GC(11) Pause Young (Allocation Failure) 245M->55M(400M) 54.091ms
[12.412s][info][gc,cpu         ] GC(11) User=0.08s Sys=0.03s Real=0.05s
[13.232s][info][gc,start       ] GC(12) Pause Young (Allocation Failure)
[13.293s][info][gc,heap        ] GC(12) PSYoungGen: 234976K(235008K)->23032K(291328K) Eden: 223232K(223232K)->0K(268288K) From: 11744K(11776K)->23032K(23040K)
[13.293s][info][gc,heap        ] GC(12) ParOldGen: 45484K(175104K)->61030K(175104K)
[13.293s][info][gc,metaspace   ] GC(12) Metaspace: 28655K(29056K)->28655K(29056K) NonClass: 25398K(25600K)->25398K(25600K) Class: 3257K(3456K)->3257K(3456K)
[13.293s][info][gc             ] GC(12) Pause Young (Allocation Failure) 273M->82M(455M) 61.177ms
[13.293s][info][gc,cpu         ] GC(12) User=0.10s Sys=0.03s Real=0.06s
[14.340s][info][gc,start       ] GC(13) Pause Young (Allocation Failure)
[14.431s][info][gc,heap        ] GC(13) PSYoungGen: 291320K(291328K)->32752K(301056K) Eden: 268288K(268288K)->0K(268288K) From: 23032K(23040K)->32752K(32768K)
[14.431s][info][gc,heap        ] GC(13) ParOldGen: 61030K(175104K)->88982K(175104K)
[14.431s][info][gc,metaspace   ] GC(13) Metaspace: 28659K(29120K)->28659K(29120K) NonClass: 25402K(25664K)->25402K(25664K) Class: 3257K(3456K)->3257K(3456K)
[14.431s][info][gc             ] GC(13) Pause Young (Allocation Failure) 344M->118M(465M) 90.490ms
[14.431s][info][gc,cpu         ] GC(13) User=0.15s Sys=0.03s Real=0.09s
[17.405s][info][gc,start       ] GC(14) Pause Young (Allocation Failure)
[17.474s][info][gc,heap        ] GC(14) PSYoungGen: 301040K(301056K)->24403K(270336K) Eden: 268288K(268288K)->0K(237568K) From: 32752K(32768K)->24403K(32768K)
[17.474s][info][gc,heap        ] GC(14) ParOldGen: 88982K(175104K)->114383K(175104K)
[17.474s][info][gc,metaspace   ] GC(14) Metaspace: 28699K(29120K)->28699K(29120K) NonClass: 25438K(25664K)->25438K(25664K) Class: 3260K(3456K)->3260K(3456K)
[17.474s][info][gc             ] GC(14) Pause Young (Allocation Failure) 380M->135M(435M) 68.354ms
[17.474s][info][gc,cpu         ] GC(14) User=0.11s Sys=0.02s Real=0.07s
[19.304s][info][gc,start       ] GC(15) Pause Young (Allocation Failure)
[19.353s][info][gc,heap        ] GC(15) PSYoungGen: 261971K(270336K)->21636K(285696K) Eden: 237568K(237568K)->0K(237568K) From: 24403K(32768K)->21636K(48128K)
[19.353s][info][gc,heap        ] GC(15) ParOldGen: 114383K(175104K)->138638K(175104K)
[19.353s][info][gc,metaspace   ] GC(15) Metaspace: 28755K(29184K)->28755K(29184K) NonClass: 25494K(25728K)->25494K(25728K) Class: 3260K(3456K)->3260K(3456K)
[19.353s][info][gc             ] GC(15) Pause Young (Allocation Failure) 367M->156M(450M) 49.476ms
[19.353s][info][gc,cpu         ] GC(15) User=0.08s Sys=0.02s Real=0.05s
[20.879s][info][gc,start       ] GC(16) Pause Young (Allocation Failure)
[20.934s][info][gc,heap        ] GC(16) PSYoungGen: 259204K(285696K)->29147K(284160K) Eden: 237568K(237568K)->0K(237568K) From: 21636K(48128K)->29147K(46592K)
[20.934s][info][gc,heap        ] GC(16) ParOldGen: 138638K(175104K)->160260K(175104K)
[20.934s][info][gc,metaspace   ] GC(16) Metaspace: 28829K(29248K)->28829K(29248K) NonClass: 25561K(25792K)->25561K(25792K) Class: 3268K(3456K)->3268K(3456K)
[20.934s][info][gc             ] GC(16) Pause Young (Allocation Failure) 388M->184M(448M) 54.792ms
[20.934s][info][gc,cpu         ] GC(16) User=0.09s Sys=0.01s Real=0.05s
[21.595s][info][gc,start       ] GC(17) Pause Young (Allocation Failure)
[21.660s][info][gc,heap        ] GC(17) PSYoungGen: 266715K(284160K)->29948K(267776K) Eden: 237568K(237568K)->0K(237568K) From: 29147K(46592K)->29948K(30208K)
[21.660s][info][gc,heap        ] GC(17) ParOldGen: 160260K(175104K)->189384K(189440K)
[21.660s][info][gc,metaspace   ] GC(17) Metaspace: 28832K(29248K)->28832K(29248K) NonClass: 25564K(25792K)->25564K(25792K) Class: 3268K(3456K)->3268K(3456K)
[21.660s][info][gc             ] GC(17) Pause Young (Allocation Failure) 416M->214M(446M) 65.023ms
[21.660s][info][gc,cpu         ] GC(17) User=0.11s Sys=0.01s Real=0.07s
[22.301s][info][gc,start       ] GC(18) Pause Young (Allocation Failure)
[22.379s][info][gc,heap        ] GC(18) PSYoungGen: 267516K(267776K)->29016K(283648K) Eden: 237568K(237568K)->0K(234496K) From: 29948K(30208K)->29016K(49152K)
[22.379s][info][gc,heap        ] GC(18) ParOldGen: 189384K(189440K)->218650K(219136K)
[22.379s][info][gc,metaspace   ] GC(18) Metaspace: 28833K(29248K)->28833K(29248K) NonClass: 25564K(25792K)->25564K(25792K) Class: 3268K(3456K)->3268K(3456K)
[22.379s][info][gc             ] GC(18) Pause Young (Allocation Failure) 446M->241M(491M) 78.176ms
[22.379s][info][gc,cpu         ] GC(18) User=0.12s Sys=0.03s Real=0.08s
[23.738s][info][gc,start       ] GC(19) Pause Young (Allocation Failure)
[23.815s][info][gc,heap        ] GC(19) PSYoungGen: 263512K(283648K)->35178K(269824K) Eden: 234496K(234496K)->0K(234496K) From: 29016K(49152K)->35178K(35328K)
[23.815s][info][gc,heap        ] GC(19) ParOldGen: 218650K(219136K)->245931K(246272K)
[23.815s][info][gc,metaspace   ] GC(19) Metaspace: 28833K(29248K)->28833K(29248K) NonClass: 25564K(25792K)->25564K(25792K) Class: 3268K(3456K)->3268K(3456K)
[23.815s][info][gc             ] GC(19) Pause Young (Allocation Failure) 470M->274M(504M) 76.664ms
[23.815s][info][gc,cpu         ] GC(19) User=0.13s Sys=0.01s Real=0.07s
[25.215s][info][gc,start       ] GC(20) Pause Young (Allocation Failure)
[25.252s][info][gc,heap        ] GC(20) PSYoungGen: 269674K(269824K)->7877K(282112K) Eden: 234496K(234496K)->0K(230400K) From: 35178K(35328K)->7877K(51712K)
[25.252s][info][gc,heap        ] GC(20) ParOldGen: 245931K(246272K)->270371K(270848K)
[25.252s][info][gc,metaspace   ] GC(20) Metaspace: 28884K(29248K)->28884K(29248K) NonClass: 25616K(25792K)->25616K(25792K) Class: 3268K(3456K)->3268K(3456K)
[25.252s][info][gc             ] GC(20) Pause Young (Allocation Failure) 503M->271M(540M) 36.810ms
[25.252s][info][gc,cpu         ] GC(20) User=0.06s Sys=0.01s Real=0.04s
[26.630s][info][gc,start       ] GC(21) Pause Young (Allocation Failure)
[26.639s][info][gc,heap        ] GC(21) PSYoungGen: 238277K(282112K)->1964K(282112K) Eden: 230400K(230400K)->0K(230400K) From: 7877K(51712K)->1964K(51712K)
[26.639s][info][gc,heap        ] GC(21) ParOldGen: 270371K(270848K)->275860K(275968K)
[26.639s][info][gc,metaspace   ] GC(21) Metaspace: 28895K(29248K)->28895K(29248K) NonClass: 25627K(25792K)->25627K(25792K) Class: 3268K(3456K)->3268K(3456K)
[26.639s][info][gc             ] GC(21) Pause Young (Allocation Failure) 496M->271M(545M) 8.753ms
[26.639s][info][gc,cpu         ] GC(21) User=0.01s Sys=0.00s Real=0.01s
[28.041s][info][gc,start       ] GC(22) Pause Young (Allocation Failure)
[28.070s][info][gc,heap        ] GC(22) PSYoungGen: 232364K(282112K)->21788K(278016K) Eden: 230400K(230400K)->0K(230400K) From: 1964K(51712K)->21788K(47616K)
[28.070s][info][gc,heap        ] GC(22) ParOldGen: 275860K(275968K)->277778K(278016K)
[28.070s][info][gc,metaspace   ] GC(22) Metaspace: 28903K(29248K)->28903K(29248K) NonClass: 25635K(25792K)->25635K(25792K) Class: 3268K(3456K)->3268K(3456K)
[28.070s][info][gc             ] GC(22) Pause Young (Allocation Failure) 496M->292M(543M) 29.504ms
[28.070s][info][gc,cpu         ] GC(22) User=0.05s Sys=0.01s Real=0.03s
[29.448s][info][gc,start       ] GC(23) Pause Young (Allocation Failure)
[29.502s][info][gc,heap        ] GC(23) PSYoungGen: 252188K(278016K)->23307K(280064K) Eden: 230400K(230400K)->0K(230400K) From: 21788K(47616K)->23307K(49664K)
[29.502s][info][gc,heap        ] GC(23) ParOldGen: 277778K(278016K)->299654K(300032K)
[29.502s][info][gc,metaspace   ] GC(23) Metaspace: 28916K(29376K)->28916K(29376K) NonClass: 25648K(25920K)->25648K(25920K) Class: 3268K(3456K)->3268K(3456K)
[29.502s][info][gc             ] GC(23) Pause Young (Allocation Failure) 517M->315M(566M) 53.210ms
[29.502s][info][gc,cpu         ] GC(23) User=0.09s Sys=0.02s Real=0.05s
[33.044s][info][gc,start       ] GC(24) Pause Young (Allocation Failure)
[33.083s][info][gc,heap        ] GC(24) PSYoungGen: 253707K(280064K)->13228K(279552K) Eden: 230400K(230400K)->0K(236032K) From: 23307K(49664K)->13228K(43520K)
[33.083s][info][gc,heap        ] GC(24) ParOldGen: 299654K(300032K)->321535K(321536K)
[33.083s][info][gc,metaspace   ] GC(24) Metaspace: 33410K(33792K)->33410K(33792K) NonClass: 29827K(30016K)->29827K(30016K) Class: 3583K(3776K)->3583K(3776K)
[33.083s][info][gc             ] GC(24) Pause Young (Allocation Failure) 540M->326M(587M) 39.181ms
[33.083s][info][gc,cpu         ] GC(24) User=0.06s Sys=0.02s Real=0.04s
[35.691s][info][gc,start       ] GC(25) Pause Young (Allocation Failure)
[35.709s][info][gc,heap        ] GC(25) PSYoungGen: 249260K(279552K)->5960K(282112K) Eden: 236032K(236032K)->0K(236032K) From: 13228K(43520K)->5960K(46080K)
[35.709s][info][gc,heap        ] GC(25) ParOldGen: 321535K(321536K)->331136K(331264K)
[35.709s][info][gc,metaspace   ] GC(25) Metaspace: 33972K(34368K)->33972K(34368K) NonClass: 30383K(30592K)->30383K(30592K) Class: 3589K(3776K)->3589K(3776K)
[35.709s][info][gc             ] GC(25) Pause Young (Allocation Failure) 557M->329M(599M) 17.574ms
[35.709s][info][gc,cpu         ] GC(25) User=0.02s Sys=0.01s Real=0.02s
[38.023s][info][gc,start       ] GC(26) Pause Young (Allocation Failure)
[38.055s][info][gc,heap        ] GC(26) PSYoungGen: 241992K(282112K)->19975K(284160K) Eden: 236032K(236032K)->0K(242176K) From: 5960K(46080K)->19975K(41984K)
[38.055s][info][gc,heap        ] GC(26) ParOldGen: 331136K(331264K)->332244K(332288K)
[38.055s][info][gc,metaspace   ] GC(26) Metaspace: 34140K(34560K)->34140K(34560K) NonClass: 30549K(30784K)->30549K(30784K) Class: 3591K(3776K)->3591K(3776K)
[38.055s][info][gc             ] GC(26) Pause Young (Allocation Failure) 559M->343M(602M) 32.105ms
[38.055s][info][gc,cpu         ] GC(26) User=0.06s Sys=0.00s Real=0.03s
[39.733s][info][gc,start       ] GC(27) Pause Young (Allocation Failure)
[39.746s][info][gc,heap        ] GC(27) PSYoungGen: 262151K(284160K)->3956K(286208K) Eden: 242176K(242176K)->0K(242176K) From: 19975K(41984K)->3956K(44032K)
[39.746s][info][gc,heap        ] GC(27) ParOldGen: 332244K(332288K)->333764K(333824K)
[39.746s][info][gc,metaspace   ] GC(27) Metaspace: 34195K(34624K)->34195K(34624K) NonClass: 30604K(30848K)->30604K(30848K) Class: 3591K(3776K)->3591K(3776K)
[39.746s][info][gc             ] GC(27) Pause Young (Allocation Failure) 580M->329M(605M) 13.948ms
[39.746s][info][gc,cpu         ] GC(27) User=0.03s Sys=0.01s Real=0.02s
[41.536s][info][gc,start       ] GC(28) Pause Young (Allocation Failure)
[41.550s][info][gc,heap        ] GC(28) PSYoungGen: 246132K(286208K)->7428K(287232K) Eden: 242176K(242176K)->0K(246272K) From: 3956K(44032K)->7428K(40960K)
[41.550s][info][gc,heap        ] GC(28) ParOldGen: 333764K(333824K)->334986K(335360K)
[41.550s][info][gc,metaspace   ] GC(28) Metaspace: 34232K(34624K)->34232K(34624K) NonClass: 30641K(30848K)->30641K(30848K) Class: 3591K(3776K)->3591K(3776K)
[41.550s][info][gc             ] GC(28) Pause Young (Allocation Failure) 566M->334M(608M) 13.918ms
[41.550s][info][gc,cpu         ] GC(28) User=0.03s Sys=0.00s Real=0.01s
[42.106s][info][gc,start       ] GC(29) Pause Full (CodeCache GC Threshold)
[42.106s][info][gc,phases,start] GC(29) Marking Phase
[42.215s][info][gc,phases      ] GC(29) Marking Phase 109.110ms
[42.215s][info][gc,phases,start] GC(29) Summary Phase
[42.215s][info][gc,phases      ] GC(29) Summary Phase 0.022ms
[42.215s][info][gc,phases,start] GC(29) Forward
[42.230s][info][gc,phases      ] GC(29) Forward 14.473ms
[42.230s][info][gc,phases,start] GC(29) Adjust Pointers
[42.274s][info][gc,phases      ] GC(29) Adjust Pointers 44.826ms
[42.275s][info][gc,phases,start] GC(29) Compaction Phase
[42.294s][info][gc,phases      ] GC(29) Compaction Phase 19.689ms
[42.294s][info][gc,phases,start] GC(29) Post Compact
[42.301s][info][gc,phases      ] GC(29) Post Compact 6.985ms
[42.301s][info][gc,heap        ] GC(29) PSYoungGen: 106012K(287232K)->0K(287232K) Eden: 98584K(246272K)->0K(246272K) From: 7428K(40960K)->0K(40960K)
[42.301s][info][gc,heap        ] GC(29) ParOldGen: 334986K(335360K)->73751K(335360K)
[42.301s][info][gc,metaspace   ] GC(29) Metaspace: 34242K(34624K)->34242K(34624K) NonClass: 30651K(30848K)->30651K(30848K) Class: 3591K(3776K)->3591K(3776K)
[42.301s][info][gc             ] GC(29) Pause Full (CodeCache GC Threshold) 430M->72M(608M) 195.579ms
[42.301s][info][gc,cpu         ] GC(29) User=0.32s Sys=0.01s Real=0.19s
[44.394s][info][gc,start       ] GC(30) Pause Young (Allocation Failure)
[44.507s][info][gc,heap        ] GC(30) PSYoungGen: 246272K(287232K)->42466K(288768K) Eden: 246272K(246272K)->0K(246272K) From: 0K(40960K)->42466K(42496K)
[44.507s][info][gc,heap        ] GC(30) ParOldGen: 73751K(335360K)->98328K(335360K)
[44.507s][info][gc,metaspace   ] GC(30) Metaspace: 34278K(34688K)->34278K(34688K) NonClass: 30687K(30912K)->30687K(30912K) Class: 3591K(3776K)->3591K(3776K)
[44.507s][info][gc             ] GC(30) Pause Young (Allocation Failure) 312M->137M(609M) 112.257ms
[44.507s][info][gc,cpu         ] GC(30) User=0.23s Sys=0.00s Real=0.12s
[46.491s][info][gc,start       ] GC(31) Pause Young (Allocation Failure)
[46.584s][info][gc,heap        ] GC(31) PSYoungGen: 288738K(288768K)->9802K(265216K) Eden: 246272K(246272K)->0K(220160K) From: 42466K(42496K)->9802K(45056K)
[46.584s][info][gc,heap        ] GC(31) ParOldGen: 98328K(335360K)->138501K(335360K)
[46.584s][info][gc,metaspace   ] GC(31) Metaspace: 34300K(34752K)->34300K(34752K) NonClass: 30708K(30976K)->30708K(30976K) Class: 3591K(3776K)->3591K(3776K)
[46.584s][info][gc             ] GC(31) Pause Young (Allocation Failure) 377M->144M(586M) 92.669ms
[46.584s][info][gc,cpu         ] GC(31) User=0.18s Sys=0.00s Real=0.09s
[48.037s][info][gc,start       ] GC(32) Pause Young (Allocation Failure)
[48.048s][info][gc,heap        ] GC(32) PSYoungGen: 229962K(265216K)->6071K(276992K) Eden: 220160K(220160K)->0K(220160K) From: 9802K(45056K)->6071K(56832K)
[48.048s][info][gc,heap        ] GC(32) ParOldGen: 138501K(335360K)->143214K(335360K)
[48.048s][info][gc,metaspace   ] GC(32) Metaspace: 34310K(34752K)->34310K(34752K) NonClass: 30719K(30976K)->30719K(30976K) Class: 3591K(3776K)->3591K(3776K)
[48.048s][info][gc             ] GC(32) Pause Young (Allocation Failure) 359M->145M(598M) 11.063ms
[48.048s][info][gc,cpu         ] GC(32) User=0.02s Sys=0.00s Real=0.01s
[49.553s][info][gc,start       ] GC(33) Pause Young (Allocation Failure)
[49.563s][info][gc,heap        ] GC(33) PSYoungGen: 226231K(276992K)->5173K(272896K) Eden: 220160K(220160K)->0K(221184K) From: 6071K(56832K)->5173K(51712K)
[49.563s][info][gc,heap        ] GC(33) ParOldGen: 143214K(335360K)->144320K(335360K)
[49.563s][info][gc,metaspace   ] GC(33) Metaspace: 34348K(34752K)->34348K(34752K) NonClass: 30757K(30976K)->30757K(30976K) Class: 3591K(3776K)->3591K(3776K)
[49.563s][info][gc             ] GC(33) Pause Young (Allocation Failure) 360M->145M(594M) 9.672ms
[49.563s][info][gc,cpu         ] GC(33) User=0.02s Sys=0.00s Real=0.01s
[50.874s][info][gc,start       ] GC(34) Pause Young (Allocation Failure)
[50.897s][info][gc,heap        ] GC(34) PSYoungGen: 226357K(272896K)->26256K(275456K) Eden: 221184K(221184K)->0K(221184K) From: 5173K(51712K)->26256K(54272K)
[50.897s][info][gc,heap        ] GC(34) ParOldGen: 144320K(335360K)->145344K(335360K)
[50.897s][info][gc,metaspace   ] GC(34) Metaspace: 34367K(34752K)->34367K(34752K) NonClass: 30776K(30976K)->30776K(30976K) Class: 3591K(3776K)->3591K(3776K)
[50.897s][info][gc             ] GC(34) Pause Young (Allocation Failure) 361M->167M(596M) 23.456ms
[50.897s][info][gc,cpu         ] GC(34) User=0.05s Sys=0.00s Real=0.03s
[52.388s][info][gc,start       ] GC(35) Pause Young (Allocation Failure)
[52.439s][info][gc,heap        ] GC(35) PSYoungGen: 247440K(275456K)->23259K(275968K) Eden: 221184K(221184K)->0K(225792K) From: 26256K(54272K)->23259K(50176K)
[52.439s][info][gc,heap        ] GC(35) ParOldGen: 145344K(335360K)->163965K(335360K)
[52.439s][info][gc,metaspace   ] GC(35) Metaspace: 34373K(34752K)->34373K(34752K) NonClass: 30781K(30976K)->30781K(30976K) Class: 3591K(3776K)->3591K(3776K)
[52.439s][info][gc             ] GC(35) Pause Young (Allocation Failure) 383M->182M(597M) 51.503ms
[52.439s][info][gc,cpu         ] GC(35) User=0.09s Sys=0.00s Real=0.05s
[54.368s][info][gc,start       ] GC(36) Pause Young (Allocation Failure)
[54.451s][info][gc,heap        ] GC(36) PSYoungGen: 249051K(275968K)->52208K(278016K) Eden: 225792K(225792K)->0K(225792K) From: 23259K(50176K)->52208K(52224K)
[54.451s][info][gc,heap        ] GC(36) ParOldGen: 163965K(335360K)->190000K(335360K)
[54.451s][info][gc,metaspace   ] GC(36) Metaspace: 34382K(34816K)->34382K(34816K) NonClass: 30791K(31040K)->30791K(31040K) Class: 3591K(3776K)->3591K(3776K)
[54.451s][info][gc             ] GC(36) Pause Young (Allocation Failure) 403M->236M(599M) 82.659ms
[54.451s][info][gc,cpu         ] GC(36) User=0.17s Sys=0.00s Real=0.08s
[56.082s][info][gc,start       ] GC(37) Pause Young (Allocation Failure)
[56.141s][info][gc,heap        ] GC(37) PSYoungGen: 278000K(278016K)->9345K(251392K) Eden: 225792K(225792K)->0K(195584K) From: 52208K(52224K)->9345K(55808K)
[56.141s][info][gc,heap        ] GC(37) ParOldGen: 190000K(335360K)->237744K(335360K)
[56.141s][info][gc,metaspace   ] GC(37) Metaspace: 34471K(34880K)->34471K(34880K) NonClass: 30873K(31104K)->30873K(31104K) Class: 3598K(3776K)->3598K(3776K)
[56.141s][info][gc             ] GC(37) Pause Young (Allocation Failure) 457M->241M(573M) 58.816ms
[56.141s][info][gc,cpu         ] GC(37) User=0.11s Sys=0.00s Real=0.06s
[57.467s][info][gc,start       ] GC(38) Pause Young (Allocation Failure)
[57.482s][info][gc,heap        ] GC(38) PSYoungGen: 204929K(251392K)->9455K(264704K) Eden: 195584K(195584K)->0K(195584K) From: 9345K(55808K)->9455K(69120K)
[57.483s][info][gc,heap        ] GC(38) ParOldGen: 237744K(335360K)->245094K(335360K)
[57.483s][info][gc,metaspace   ] GC(38) Metaspace: 35296K(35712K)->35296K(35712K) NonClass: 31621K(31872K)->31621K(31872K) Class: 3675K(3840K)->3675K(3840K)
[57.483s][info][gc             ] GC(38) Pause Young (Allocation Failure) 432M->248M(586M) 15.593ms
[57.483s][info][gc,cpu         ] GC(38) User=0.03s Sys=0.00s Real=0.01s
[58.453s][info][gc,start       ] GC(39) Pause Young (Allocation Failure)
[58.484s][info][gc,heap        ] GC(39) PSYoungGen: 205039K(264704K)->28292K(258048K) Eden: 195584K(195584K)->0K(198144K) From: 9455K(69120K)->28292K(59904K)
[58.484s][info][gc,heap        ] GC(39) ParOldGen: 245094K(335360K)->253160K(335360K)
[58.484s][info][gc,metaspace   ] GC(39) Metaspace: 35360K(35776K)->35360K(35776K) NonClass: 31685K(31936K)->31685K(31936K) Class: 3675K(3840K)->3675K(3840K)
[58.484s][info][gc             ] GC(39) Pause Young (Allocation Failure) 439M->274M(579M) 31.257ms
[58.484s][info][gc,cpu         ] GC(39) User=0.06s Sys=0.00s Real=0.03s
[59.316s][info][gc,start       ] GC(40) Pause Young (Allocation Failure)
[59.342s][info][gc,heap        ] GC(40) PSYoungGen: 226436K(258048K)->39582K(262656K) Eden: 198144K(198144K)->0K(198144K) From: 28292K(59904K)->39582K(64512K)
[59.343s][info][gc,heap        ] GC(40) ParOldGen: 253160K(335360K)->253549K(335360K)
[59.343s][info][gc,metaspace   ] GC(40) Metaspace: 35389K(35840K)->35389K(35840K) NonClass: 31714K(32000K)->31714K(32000K) Class: 3675K(3840K)->3675K(3840K)
[59.343s][info][gc             ] GC(40) Pause Young (Allocation Failure) 468M->286M(584M) 26.079ms
[59.343s][info][gc,cpu         ] GC(40) User=0.05s Sys=0.00s Real=0.02s
[60.296s][info][gc,start       ] GC(41) Pause Young (Allocation Failure)
[60.312s][info][gc,heap        ] GC(41) PSYoungGen: 237726K(262656K)->23143K(263680K) Eden: 198144K(198144K)->0K(202240K) From: 39582K(64512K)->23143K(61440K)
[60.312s][info][gc,heap        ] GC(41) ParOldGen: 253549K(335360K)->254324K(335360K)
[60.312s][info][gc,metaspace   ] GC(41) Metaspace: 35403K(35840K)->35403K(35840K) NonClass: 31727K(32000K)->31727K(32000K) Class: 3676K(3840K)->3676K(3840K)
[60.312s][info][gc             ] GC(41) Pause Young (Allocation Failure) 479M->270M(585M) 16.695ms
[60.312s][info][gc,cpu         ] GC(41) User=0.04s Sys=0.00s Real=0.02s
[61.115s][info][gc,start       ] GC(42) Pause Young (Allocation Failure)
[61.152s][info][gc,heap        ] GC(42) PSYoungGen: 225383K(263680K)->62964K(265216K) Eden: 202240K(202240K)->0K(202240K) From: 23143K(61440K)->62964K(62976K)
[61.152s][info][gc,heap        ] GC(42) ParOldGen: 254324K(335360K)->254760K(335360K)
[61.152s][info][gc,metaspace   ] GC(42) Metaspace: 35410K(35840K)->35410K(35840K) NonClass: 31734K(32000K)->31734K(32000K) Class: 3676K(3840K)->3676K(3840K)
[61.153s][info][gc             ] GC(42) Pause Young (Allocation Failure) 468M->310M(586M) 37.187ms
[61.153s][info][gc,cpu         ] GC(42) User=0.08s Sys=0.00s Real=0.04s
[61.991s][info][gc,start       ] GC(43) Pause Young (Allocation Failure)
[62.014s][info][gc,heap        ] GC(43) PSYoungGen: 265204K(265216K)->32424K(261120K) Eden: 202240K(202240K)->0K(192512K) From: 62964K(62976K)->32424K(68608K)
[62.014s][info][gc,heap        ] GC(43) ParOldGen: 254760K(335360K)->256224K(335360K)
[62.014s][info][gc,metaspace   ] GC(43) Metaspace: 35414K(35840K)->35414K(35840K) NonClass: 31738K(32000K)->31738K(32000K) Class: 3676K(3840K)->3676K(3840K)
[62.014s][info][gc             ] GC(43) Pause Young (Allocation Failure) 507M->281M(582M) 23.378ms
[62.014s][info][gc,cpu         ] GC(43) User=0.05s Sys=0.00s Real=0.02s
[62.832s][info][gc,start       ] GC(44) Pause Young (Allocation Failure)
[62.892s][info][gc,heap        ] GC(44) PSYoungGen: 224936K(261120K)->70627K(263168K) Eden: 192512K(192512K)->0K(192512K) From: 32424K(68608K)->70627K(70656K)
[62.893s][info][gc,heap        ] GC(44) ParOldGen: 256224K(335360K)->276621K(335360K)
[62.893s][info][gc,metaspace   ] GC(44) Metaspace: 35416K(35840K)->35416K(35840K) NonClass: 31739K(32000K)->31739K(32000K) Class: 3676K(3840K)->3676K(3840K)
[62.893s][info][gc             ] GC(44) Pause Young (Allocation Failure) 469M->339M(584M) 60.739ms
[62.893s][info][gc,cpu         ] GC(44) User=0.12s Sys=0.00s Real=0.06s
[63.628s][info][gc,start       ] GC(45) Pause Young (Allocation Failure)
[63.697s][info][gc,heap        ] GC(45) PSYoungGen: 263139K(263168K)->27259K(233472K) Eden: 192512K(192512K)->0K(162816K) From: 70627K(70656K)->27259K(70656K)
[63.697s][info][gc,heap        ] GC(45) ParOldGen: 276621K(335360K)->346546K(346624K)
[63.697s][info][gc,metaspace   ] GC(45) Metaspace: 35425K(35840K)->35425K(35840K) NonClass: 31747K(32000K)->31747K(32000K) Class: 3678K(3840K)->3678K(3840K)
[63.697s][info][gc             ] GC(45) Pause Young (Allocation Failure) 527M->365M(566M) 69.566ms
[63.697s][info][gc,cpu         ] GC(45) User=0.13s Sys=0.01s Real=0.07s
[64.371s][info][gc,start       ] GC(46) Pause Young (Allocation Failure)
[64.406s][info][gc,heap        ] GC(46) PSYoungGen: 190075K(233472K)->10482K(248320K) Eden: 162816K(162816K)->0K(162816K) From: 27259K(70656K)->10482K(85504K)
[64.406s][info][gc,heap        ] GC(46) ParOldGen: 346546K(346624K)->361732K(361984K)
[64.406s][info][gc,metaspace   ] GC(46) Metaspace: 35436K(35840K)->35436K(35840K) NonClass: 31758K(32000K)->31758K(32000K) Class: 3678K(3840K)->3678K(3840K)
[64.406s][info][gc             ] GC(46) Pause Young (Allocation Failure) 524M->363M(596M) 35.506ms
[64.406s][info][gc,cpu         ] GC(46) User=0.06s Sys=0.01s Real=0.04s
[65.052s][info][gc,start       ] GC(47) Pause Young (Allocation Failure)
[65.056s][info][gc,heap        ] GC(47) PSYoungGen: 173298K(248320K)->2683K(246784K) Eden: 162816K(162816K)->0K(164352K) From: 10482K(85504K)->2683K(82432K)
[65.056s][info][gc,heap        ] GC(47) ParOldGen: 361732K(361984K)->362520K(363008K)
[65.056s][info][gc,metaspace   ] GC(47) Metaspace: 35445K(35840K)->35445K(35840K) NonClass: 31767K(32000K)->31767K(32000K) Class: 3678K(3840K)->3678K(3840K)
[65.056s][info][gc             ] GC(47) Pause Young (Allocation Failure) 522M->356M(595M) 4.888ms
[65.056s][info][gc,cpu         ] GC(47) User=0.01s Sys=0.00s Real=0.01s
[65.643s][info][gc,start       ] GC(48) Pause Young (Allocation Failure)
[65.669s][info][gc,heap        ] GC(48) PSYoungGen: 167035K(246784K)->39924K(248320K) Eden: 164352K(164352K)->0K(164352K) From: 2683K(82432K)->39924K(83968K)
[65.669s][info][gc,heap        ] GC(48) ParOldGen: 362520K(363008K)->363217K(363520K)
[65.669s][info][gc,metaspace   ] GC(48) Metaspace: 35446K(35840K)->35446K(35840K) NonClass: 31768K(32000K)->31768K(32000K) Class: 3678K(3840K)->3678K(3840K)
[65.669s][info][gc             ] GC(48) Pause Young (Allocation Failure) 517M->393M(597M) 26.026ms
[65.669s][info][gc,cpu         ] GC(48) User=0.05s Sys=0.00s Real=0.03s
[66.296s][info][gc,start       ] GC(49) Pause Young (Allocation Failure)
[66.322s][info][gc,heap        ] GC(49) PSYoungGen: 204276K(248320K)->34305K(242688K) Eden: 164352K(164352K)->0K(167424K) From: 39924K(83968K)->34305K(75264K)
[66.322s][info][gc,heap        ] GC(49) ParOldGen: 363217K(363520K)->363610K(364032K)
[66.322s][info][gc,metaspace   ] GC(49) Metaspace: 35446K(35840K)->35446K(35840K) NonClass: 31768K(32000K)->31768K(32000K) Class: 3678K(3840K)->3678K(3840K)
[66.322s][info][gc             ] GC(49) Pause Young (Allocation Failure) 554M->388M(592M) 26.402ms
[66.322s][info][gc,cpu         ] GC(49) User=0.05s Sys=0.01s Real=0.03s
[66.935s][info][gc,start       ] GC(50) Pause Young (Allocation Failure)
[66.942s][info][gc,heap        ] GC(50) PSYoungGen: 201729K(242688K)->6995K(246272K) Eden: 167424K(167424K)->0K(167424K) From: 34305K(75264K)->6995K(78848K)
[66.942s][info][gc,heap        ] GC(50) ParOldGen: 363610K(364032K)->364019K(364032K)
[66.942s][info][gc,metaspace   ] GC(50) Metaspace: 35449K(35904K)->35449K(35904K) NonClass: 31771K(32064K)->31771K(32064K) Class: 3678K(3840K)->3678K(3840K)
[66.942s][info][gc             ] GC(50) Pause Young (Allocation Failure) 552M->362M(596M) 7.489ms
[66.942s][info][gc,cpu         ] GC(50) User=0.02s Sys=0.01s Real=0.01s
[67.538s][info][gc,start       ] GC(51) Pause Young (Allocation Failure)
[67.553s][info][gc,heap        ] GC(51) PSYoungGen: 174419K(246272K)->21538K(246784K) Eden: 167424K(167424K)->0K(177152K) From: 6995K(78848K)->21538K(69632K)
[67.553s][info][gc,heap        ] GC(51) ParOldGen: 364019K(364032K)->364354K(364544K)
[67.553s][info][gc,metaspace   ] GC(51) Metaspace: 35500K(35904K)->35500K(35904K) NonClass: 31816K(32064K)->31816K(32064K) Class: 3683K(3840K)->3683K(3840K)
[67.553s][info][gc             ] GC(51) Pause Young (Allocation Failure) 525M->376M(597M) 15.393ms
[67.553s][info][gc,cpu         ] GC(51) User=0.04s Sys=0.00s Real=0.01s
[68.130s][info][gc,start       ] GC(52) Pause Young (Allocation Failure)
[68.171s][info][gc,heap        ] GC(52) PSYoungGen: 198690K(246784K)->524K(251392K) Eden: 177152K(177152K)->0K(177152K) From: 21538K(69632K)->524K(74240K)
[68.171s][info][gc,heap        ] GC(52) ParOldGen: 364354K(364544K)->384882K(385024K)
[68.171s][info][gc,metaspace   ] GC(52) Metaspace: 35501K(35904K)->35501K(35904K) NonClass: 31817K(32064K)->31817K(32064K) Class: 3683K(3840K)->3683K(3840K)
[68.171s][info][gc             ] GC(52) Pause Young (Allocation Failure) 549M->376M(621M) 40.947ms
[68.171s][info][gc,cpu         ] GC(52) User=0.06s Sys=0.02s Real=0.04s
[68.796s][info][gc,start       ] GC(53) Pause Young (Allocation Failure)
[68.802s][info][gc,heap        ] GC(53) PSYoungGen: 177676K(251392K)->3660K(256512K) Eden: 177152K(177152K)->0K(185344K) From: 524K(74240K)->3660K(71168K)
[68.802s][info][gc,heap        ] GC(53) ParOldGen: 384882K(385024K)->384898K(385024K)
[68.802s][info][gc,metaspace   ] GC(53) Metaspace: 35869K(36288K)->35869K(36288K) NonClass: 32085K(32320K)->32085K(32320K) Class: 3783K(3968K)->3783K(3968K)
[68.802s][info][gc             ] GC(53) Pause Young (Allocation Failure) 549M->379M(626M) 6.070ms
[68.802s][info][gc,cpu         ] GC(53) User=0.01s Sys=0.00s Real=0.01s
[69.196s][info][gc,start       ] GC(54) Pause Young (Allocation Failure)
[69.202s][info][gc,heap        ] GC(54) PSYoungGen: 189004K(256512K)->3907K(258048K) Eden: 185344K(185344K)->0K(185344K) From: 3660K(71168K)->3907K(72704K)
[69.202s][info][gc,heap        ] GC(54) ParOldGen: 384898K(385024K)->386220K(387072K)
[69.202s][info][gc,metaspace   ] GC(54) Metaspace: 35914K(36288K)->35914K(36288K) NonClass: 32130K(32320K)->32130K(32320K) Class: 3783K(3968K)->3783K(3968K)
[69.202s][info][gc             ] GC(54) Pause Young (Allocation Failure) 560M->380M(630M) 6.157ms
[69.202s][info][gc,cpu         ] GC(54) User=0.01s Sys=0.00s Real=0.00s
[69.552s][info][gc,start       ] GC(55) Pause Young (Allocation Failure)
[69.557s][info][gc,heap        ] GC(55) PSYoungGen: 189251K(258048K)->2894K(257536K) Eden: 185344K(185344K)->0K(190464K) From: 3907K(72704K)->2894K(67072K)
[69.557s][info][gc,heap        ] GC(55) ParOldGen: 386220K(387072K)->387509K(387584K)
[69.557s][info][gc,metaspace   ] GC(55) Metaspace: 35937K(36416K)->35937K(36416K) NonClass: 32154K(32448K)->32154K(32448K) Class: 3783K(3968K)->3783K(3968K)
[69.557s][info][gc             ] GC(55) Pause Young (Allocation Failure) 561M->381M(630M) 5.007ms
[69.557s][info][gc,cpu         ] GC(55) User=0.01s Sys=0.00s Real=0.01s
[70.202s][info][gc,start       ] GC(56) Pause Young (Allocation Failure)
[70.214s][info][gc,heap        ] GC(56) PSYoungGen: 193358K(257536K)->10232K(259072K) Eden: 190464K(190464K)->0K(190464K) From: 2894K(67072K)->10232K(68608K)
[70.214s][info][gc,heap        ] GC(56) ParOldGen: 387509K(387584K)->387753K(388096K)
[70.214s][info][gc,metaspace   ] GC(56) Metaspace: 36503K(36928K)->36503K(36928K) NonClass: 32657K(32896K)->32657K(32896K) Class: 3846K(4032K)->3846K(4032K)
[70.214s][info][gc             ] GC(56) Pause Young (Allocation Failure) 567M->388M(632M) 11.562ms
[70.214s][info][gc,cpu         ] GC(56) User=0.03s Sys=0.00s Real=0.01s
[70.569s][info][gc,start       ] GC(57) Pause Young (Allocation Failure)
[70.585s][info][gc,heap        ] GC(57) PSYoungGen: 200696K(259072K)->1676K(262656K) Eden: 190464K(190464K)->0K(199680K) From: 10232K(68608K)->1676K(62976K)
[70.585s][info][gc,heap        ] GC(57) ParOldGen: 387753K(388096K)->397749K(397824K)
[70.585s][info][gc,metaspace   ] GC(57) Metaspace: 37916K(38336K)->37916K(38336K) NonClass: 33917K(34176K)->33917K(34176K) Class: 3999K(4160K)->3999K(4160K)
[70.585s][info][gc             ] GC(57) Pause Young (Allocation Failure) 574M->390M(645M) 15.854ms
[70.585s][info][gc,cpu         ] GC(57) User=0.02s Sys=0.01s Real=0.01s
[70.906s][info][gc,start       ] GC(58) Pause Young (Allocation Failure)
[70.912s][info][gc,heap        ] GC(58) PSYoungGen: 201356K(262656K)->3222K(263168K) Eden: 199680K(199680K)->0K(199680K) From: 1676K(62976K)->3222K(63488K)
[70.912s][info][gc,heap        ] GC(58) ParOldGen: 397749K(397824K)->399396K(399872K)
[70.912s][info][gc,metaspace   ] GC(58) Metaspace: 38030K(38464K)->38030K(38464K) NonClass: 34028K(34304K)->34028K(34304K) Class: 4001K(4160K)->4001K(4160K)
[70.912s][info][gc             ] GC(58) Pause Young (Allocation Failure) 585M->393M(647M) 6.139ms
[70.912s][info][gc,cpu         ] GC(58) User=0.01s Sys=0.01s Real=0.01s
[71.270s][info][gc,start       ] GC(59) Pause Young (Allocation Failure)
[71.277s][info][gc,heap        ] GC(59) PSYoungGen: 202767K(263168K)->3464K(267264K) Eden: 199544K(199680K)->0K(209408K) From: 3222K(63488K)->3464K(57856K)
[71.277s][info][gc,heap        ] GC(59) ParOldGen: 399396K(399872K)->400694K(400896K)
[71.277s][info][gc,metaspace   ] GC(59) Metaspace: 38175K(38592K)->38175K(38592K) NonClass: 34174K(34432K)->34174K(34432K) Class: 4001K(4160K)->4001K(4160K)
[71.277s][info][gc             ] GC(59) Pause Young (Allocation Failure) 588M->394M(652M) 6.692ms
[71.277s][info][gc,cpu         ] GC(59) User=0.01s Sys=0.00s Real=0.01s
[71.622s][info][gc,start       ] GC(60) Pause Young (Allocation Failure)
[71.640s][info][gc,heap        ] GC(60) PSYoungGen: 212773K(267264K)->8182K(267776K) Eden: 209308K(209408K)->0K(209408K) From: 3464K(57856K)->8182K(58368K)
[71.640s][info][gc,heap        ] GC(60) ParOldGen: 400694K(400896K)->404125K(404480K)
[71.640s][info][gc,metaspace   ] GC(60) Metaspace: 38269K(38656K)->38269K(38656K) NonClass: 34268K(34496K)->34268K(34496K) Class: 4001K(4160K)->4001K(4160K)
[71.640s][info][gc             ] GC(60) Pause Young (Allocation Failure) 599M->402M(656M) 18.251ms
[71.640s][info][gc,cpu         ] GC(60) User=0.04s Sys=0.00s Real=0.02s
[71.997s][info][gc,start       ] GC(61) Pause Young (Allocation Failure)
[72.014s][info][gc,heap        ] GC(61) PSYoungGen: 215885K(267776K)->4606K(272896K) Eden: 207702K(209408K)->0K(220160K) From: 8182K(58368K)->4606K(52736K)
[72.014s][info][gc,heap        ] GC(61) ParOldGen: 404125K(404480K)->408539K(408576K)
[72.014s][info][gc,metaspace   ] GC(61) Metaspace: 38304K(38720K)->38304K(38720K) NonClass: 34302K(34560K)->34302K(34560K) Class: 4001K(4160K)->4001K(4160K)
[72.014s][info][gc             ] GC(61) Pause Young (Allocation Failure) 605M->403M(665M) 16.643ms
[72.014s][info][gc,cpu         ] GC(61) User=0.03s Sys=0.00s Real=0.01s
[72.458s][info][gc,start       ] GC(62) Pause Young (Allocation Failure)
[72.475s][info][gc,heap        ] GC(62) PSYoungGen: 224766K(272896K)->8175K(272384K) Eden: 220160K(220160K)->0K(220160K) From: 4606K(52736K)->8175K(52224K)
[72.476s][info][gc,heap        ] GC(62) ParOldGen: 408539K(408576K)->413133K(413184K)
[72.476s][info][gc,metaspace   ] GC(62) Metaspace: 38352K(38784K)->38352K(38784K) NonClass: 34350K(34624K)->34350K(34624K) Class: 4001K(4160K)->4001K(4160K)
[72.476s][info][gc             ] GC(62) Pause Young (Allocation Failure) 618M->411M(669M) 17.075ms
[72.476s][info][gc,cpu         ] GC(62) User=0.04s Sys=0.00s Real=0.01s
[73.292s][info][gc,start       ] GC(63) Pause Young (Allocation Failure)
[73.320s][info][gc,heap        ] GC(63) PSYoungGen: 228326K(272384K)->11853K(278016K) Eden: 220150K(220160K)->0K(232448K) From: 8175K(52224K)->11853K(45568K)
[73.320s][info][gc,heap        ] GC(63) ParOldGen: 413133K(413184K)->421352K(421376K)
[73.320s][info][gc,metaspace   ] GC(63) Metaspace: 38759K(39168K)->38759K(39168K) NonClass: 34669K(34880K)->34669K(34880K) Class: 4089K(4288K)->4089K(4288K)
[73.320s][info][gc             ] GC(63) Pause Young (Allocation Failure) 626M->423M(683M) 28.821ms
[73.320s][info][gc,cpu         ] GC(63) User=0.05s Sys=0.01s Real=0.03s
[74.642s][info][gc,start       ] GC(64) Pause Young (Allocation Failure)
[74.664s][info][gc,heap        ] GC(64) PSYoungGen: 244301K(278016K)->4408K(278016K) Eden: 232448K(232448K)->0K(232448K) From: 11853K(45568K)->4408K(45568K)
[74.664s][info][gc,heap        ] GC(64) ParOldGen: 421352K(421376K)->432878K(433152K)
[74.664s][info][gc,metaspace   ] GC(64) Metaspace: 39381K(39744K)->39381K(39744K) NonClass: 35257K(35456K)->35257K(35456K) Class: 4124K(4288K)->4124K(4288K)
[74.664s][info][gc             ] GC(64) Pause Young (Allocation Failure) 650M->427M(694M) 22.074ms
[74.664s][info][gc,cpu         ] GC(64) User=0.04s Sys=0.00s Real=0.02s
[75.425s][info][gc,start       ] GC(65) Pause Young (Allocation Failure)
[75.432s][info][gc,heap        ] GC(65) PSYoungGen: 236856K(278016K)->3755K(286208K) Eden: 232448K(232448K)->0K(244736K) From: 4408K(45568K)->3755K(41472K)
[75.432s][info][gc,heap        ] GC(65) ParOldGen: 432878K(433152K)->434607K(434688K)
[75.432s][info][gc,metaspace   ] GC(65) Metaspace: 39414K(39808K)->39414K(39808K) NonClass: 35289K(35520K)->35289K(35520K) Class: 4124K(4288K)->4124K(4288K)
[75.432s][info][gc             ] GC(65) Pause Young (Allocation Failure) 654M->428M(704M) 6.979ms
[75.432s][info][gc,cpu         ] GC(65) User=0.02s Sys=0.00s Real=0.01s
[76.161s][info][gc,start       ] GC(66) Pause Young (Allocation Failure)
[76.167s][info][gc,heap        ] GC(66) PSYoungGen: 248491K(286208K)->5684K(286208K) Eden: 244736K(244736K)->0K(244736K) From: 3755K(41472K)->5684K(41472K)
[76.167s][info][gc,heap        ] GC(66) ParOldGen: 434607K(434688K)->434631K(434688K)
[76.167s][info][gc,metaspace   ] GC(66) Metaspace: 39447K(39808K)->39447K(39808K) NonClass: 35322K(35520K)->35322K(35520K) Class: 4125K(4288K)->4125K(4288K)
[76.168s][info][gc             ] GC(66) Pause Young (Allocation Failure) 667M->429M(704M) 6.614ms
[76.168s][info][gc,cpu         ] GC(66) User=0.01s Sys=0.00s Real=0.01s
[76.845s][info][gc,start       ] GC(67) Pause Young (Allocation Failure)
[76.851s][info][gc,heap        ] GC(67) PSYoungGen: 250420K(286208K)->4896K(290304K) Eden: 244736K(244736K)->0K(252928K) From: 5684K(41472K)->4896K(37376K)
[76.851s][info][gc,heap        ] GC(67) ParOldGen: 434631K(434688K)->434702K(435200K)
[76.851s][info][gc,metaspace   ] GC(67) Metaspace: 39448K(39808K)->39448K(39808K) NonClass: 35323K(35520K)->35323K(35520K) Class: 4125K(4288K)->4125K(4288K)
[76.851s][info][gc             ] GC(67) Pause Young (Allocation Failure) 668M->429M(708M) 6.372ms
[76.851s][info][gc,cpu         ] GC(67) User=0.01s Sys=0.00s Real=0.01s
[78.814s][info][gc,start       ] GC(68) Pause Young (Allocation Failure)
[78.819s][info][gc,heap        ] GC(68) PSYoungGen: 257824K(290304K)->3686K(290304K) Eden: 252928K(252928K)->0K(252928K) From: 4896K(37376K)->3686K(37376K)
[78.819s][info][gc,heap        ] GC(68) ParOldGen: 434702K(435200K)->434766K(435200K)
[78.819s][info][gc,metaspace   ] GC(68) Metaspace: 40345K(40768K)->40345K(40768K) NonClass: 36056K(36288K)->36056K(36288K) Class: 4289K(4480K)->4289K(4480K)
[78.819s][info][gc             ] GC(68) Pause Young (Allocation Failure) 676M->428M(708M) 4.799ms
[78.819s][info][gc,cpu         ] GC(68) User=0.01s Sys=0.00s Real=0.01s
[80.772s][info][gc,start       ] GC(69) Pause Young (Allocation Failure)
[80.782s][info][gc,heap        ] GC(69) PSYoungGen: 256614K(290304K)->2994K(294912K) Eden: 252928K(252928K)->0K(260608K) From: 3686K(37376K)->2994K(34304K)
[80.782s][info][gc,heap        ] GC(69) ParOldGen: 434766K(435200K)->435022K(435200K)
[80.782s][info][gc,metaspace   ] GC(69) Metaspace: 40617K(41024K)->40617K(41024K) NonClass: 36308K(36544K)->36308K(36544K) Class: 4309K(4480K)->4309K(4480K)
[80.782s][info][gc             ] GC(69) Pause Young (Allocation Failure) 675M->427M(713M) 10.276ms
[80.782s][info][gc,cpu         ] GC(69) User=0.02s Sys=0.00s Real=0.01s
[82.190s][info][gc,start       ] GC(70) Pause Young (Allocation Failure)
[82.221s][info][gc,heap        ] GC(70) PSYoungGen: 263602K(294912K)->24609K(294400K) Eden: 260608K(260608K)->0K(260608K) From: 2994K(34304K)->24609K(33792K)
[82.221s][info][gc,heap        ] GC(70) ParOldGen: 435022K(435200K)->437928K(438272K)
[82.221s][info][gc,metaspace   ] GC(70) Metaspace: 40891K(41344K)->40891K(41344K) NonClass: 36559K(36864K)->36559K(36864K) Class: 4332K(4480K)->4332K(4480K)
[82.221s][info][gc             ] GC(70) Pause Young (Allocation Failure) 682M->451M(715M) 31.072ms
[82.221s][info][gc,cpu         ] GC(70) User=0.06s Sys=0.00s Real=0.03s
[83.411s][info][gc,start       ] GC(71) Pause Young (Allocation Failure)
[83.474s][info][gc,heap        ] GC(71) PSYoungGen: 285217K(294400K)->28760K(288256K) Eden: 260608K(260608K)->0K(250880K) From: 24609K(33792K)->28760K(37376K)
[83.474s][info][gc,heap        ] GC(71) ParOldGen: 437928K(438272K)->460968K(461312K)
[83.474s][info][gc,metaspace   ] GC(71) Metaspace: 40909K(41344K)->40909K(41344K) NonClass: 36576K(36864K)->36576K(36864K) Class: 4332K(4480K)->4332K(4480K)
[83.474s][info][gc             ] GC(71) Pause Young (Allocation Failure) 706M->478M(732M) 63.095ms
[83.474s][info][gc,cpu         ] GC(71) User=0.10s Sys=0.02s Real=0.06s
[84.419s][info][gc,start       ] GC(72) Pause Young (Allocation Failure)
[84.488s][info][gc,heap        ] GC(72) PSYoungGen: 279640K(288256K)->28832K(280064K) Eden: 250880K(250880K)->0K(250880K) From: 28760K(37376K)->28832K(29184K)
[84.488s][info][gc,heap        ] GC(72) ParOldGen: 460968K(461312K)->488237K(488448K)
[84.488s][info][gc,metaspace   ] GC(72) Metaspace: 40918K(41344K)->40918K(41344K) NonClass: 36586K(36864K)->36586K(36864K) Class: 4332K(4480K)->4332K(4480K)
[84.488s][info][gc             ] GC(72) Pause Young (Allocation Failure) 723M->504M(750M) 69.133ms
[84.488s][info][gc,cpu         ] GC(72) User=0.10s Sys=0.03s Real=0.07s
[88.454s][info][gc,start       ] GC(73) Pause Young (Allocation Failure)
[88.534s][info][gc,heap        ] GC(73) PSYoungGen: 279712K(280064K)->17853K(290304K) Eden: 250880K(250880K)->0K(245248K) From: 28832K(29184K)->17853K(45056K)
[88.534s][info][gc,heap        ] GC(73) ParOldGen: 488237K(488448K)->517238K(517632K)
[88.534s][info][gc,metaspace   ] GC(73) Metaspace: 41036K(41408K)->41036K(41408K) NonClass: 36704K(36928K)->36704K(36928K) Class: 4332K(4480K)->4332K(4480K)
[88.534s][info][gc             ] GC(73) Pause Young (Allocation Failure) 749M->522M(789M) 79.422ms
[88.534s][info][gc,cpu         ] GC(73) User=0.14s Sys=0.02s Real=0.08s
[89.461s][info][gc,start       ] GC(74) Pause Young (Allocation Failure)
[89.502s][info][gc,heap        ] GC(74) PSYoungGen: 263101K(290304K)->16986K(262656K) Eden: 245248K(245248K)->0K(245248K) From: 17853K(45056K)->16986K(17408K)
[89.502s][info][gc,heap        ] GC(74) ParOldGen: 517238K(517632K)->534297K(534528K)
[89.502s][info][gc,metaspace   ] GC(74) Metaspace: 41155K(41600K)->41155K(41600K) NonClass: 36823K(37120K)->36823K(37120K) Class: 4332K(4480K)->4332K(4480K)
[89.502s][info][gc             ] GC(74) Pause Young (Allocation Failure) 762M->538M(778M) 40.305ms
[89.502s][info][gc,cpu         ] GC(74) User=0.06s Sys=0.02s Real=0.04s
[90.208s][info][gc,start       ] GC(75) Pause Young (Allocation Failure)
[90.265s][info][gc,heap        ] GC(75) PSYoungGen: 262234K(262656K)->30680K(283136K) Eden: 245248K(245248K)->0K(241664K) From: 16986K(17408K)->30680K(41472K)
[90.265s][info][gc,heap        ] GC(75) ParOldGen: 534297K(534528K)->550901K(550912K)
[90.265s][info][gc,metaspace   ] GC(75) Metaspace: 41156K(41600K)->41156K(41600K) NonClass: 36823K(37120K)->36823K(37120K) Class: 4332K(4480K)->4332K(4480K)
[90.265s][info][gc             ] GC(75) Pause Young (Allocation Failure) 777M->567M(814M) 57.465ms
[90.265s][info][gc,cpu         ] GC(75) User=0.10s Sys=0.01s Real=0.05s
[90.955s][info][gc,start       ] GC(76) Pause Young (Allocation Failure)
[91.027s][info][gc,heap        ] GC(76) PSYoungGen: 272344K(283136K)->30176K(286720K) Eden: 241664K(241664K)->0K(241664K) From: 30680K(41472K)->30176K(45056K)
[91.027s][info][gc,heap        ] GC(76) ParOldGen: 550901K(550912K)->580109K(580608K)
[91.027s][info][gc,metaspace   ] GC(76) Metaspace: 41156K(41600K)->41156K(41600K) NonClass: 36823K(37120K)->36823K(37120K) Class: 4332K(4480K)->4332K(4480K)
[91.027s][info][gc             ] GC(76) Pause Young (Allocation Failure) 803M->595M(847M) 71.966ms
[91.027s][info][gc,cpu         ] GC(76) User=0.11s Sys=0.03s Real=0.08s
[92.777s][info][gc,start       ] GC(77) Pause Young (Allocation Failure)
[92.839s][info][gc,heap        ] GC(77) PSYoungGen: 271840K(286720K)->19520K(286720K) Eden: 241664K(241664K)->0K(241664K) From: 30176K(45056K)->19520K(45056K)
[92.839s][info][gc,heap        ] GC(77) ParOldGen: 580109K(580608K)->610462K(610816K)
[92.839s][info][gc,metaspace   ] GC(77) Metaspace: 41161K(41600K)->41161K(41600K) NonClass: 36828K(37120K)->36828K(37120K) Class: 4332K(4480K)->4332K(4480K)
[92.839s][info][gc             ] GC(77) Pause Young (Allocation Failure) 831M->615M(876M) 62.300ms
[92.839s][info][gc,cpu         ] GC(77) User=0.10s Sys=0.02s Real=0.06s
[94.703s][info][gc,start       ] GC(78) Pause Young (Allocation Failure)
[94.729s][info][gc,heap        ] GC(78) PSYoungGen: 261184K(286720K)->1828K(286720K) Eden: 241664K(241664K)->0K(241664K) From: 19520K(45056K)->1828K(45056K)
[94.729s][info][gc,heap        ] GC(78) ParOldGen: 610462K(610816K)->629211K(629248K)
[94.729s][info][gc,metaspace   ] GC(78) Metaspace: 41167K(41600K)->41167K(41600K) NonClass: 36834K(37120K)->36834K(37120K) Class: 4332K(4480K)->4332K(4480K)
[94.729s][info][gc             ] GC(78) Pause Young (Allocation Failure) 851M->616M(894M) 26.037ms
[94.729s][info][gc,cpu         ] GC(78) User=0.02s Sys=0.02s Real=0.03s
[96.298s][info][gc,start       ] GC(79) Pause Full (Allocation Failure)
[96.298s][info][gc,phases,start] GC(79) Marking Phase
[96.389s][info][gc,phases      ] GC(79) Marking Phase 91.236ms
[96.389s][info][gc,phases,start] GC(79) Summary Phase
[96.389s][info][gc,phases      ] GC(79) Summary Phase 0.033ms
[96.389s][info][gc,phases,start] GC(79) Forward
[96.406s][info][gc,phases      ] GC(79) Forward 16.426ms
[96.406s][info][gc,phases,start] GC(79) Adjust Pointers
[96.448s][info][gc,phases      ] GC(79) Adjust Pointers 41.938ms
[96.448s][info][gc,phases,start] GC(79) Compaction Phase
[96.460s][info][gc,phases      ] GC(79) Compaction Phase 12.058ms
[96.460s][info][gc,phases,start] GC(79) Post Compact
[96.468s][info][gc,phases      ] GC(79) Post Compact 7.945ms
[96.508s][info][gc,heap        ] GC(79) PSYoungGen: 243492K(286720K)->0K(288768K) Eden: 241664K(241664K)->0K(243712K) From: 1828K(45056K)->0K(45056K)
[96.508s][info][gc,heap        ] GC(79) ParOldGen: 629211K(629248K)->63621K(176640K)
[96.508s][info][gc,metaspace   ] GC(79) Metaspace: 41167K(41600K)->41167K(41600K) NonClass: 36835K(37120K)->36835K(37120K) Class: 4332K(4480K)->4332K(4480K)
[96.508s][info][gc             ] GC(79) Pause Full (Allocation Failure) 852M->62M(454M) 209.756ms
[96.508s][info][gc,cpu         ] GC(79) User=0.21s Sys=0.06s Real=0.21s
[98.043s][info][gc,start       ] GC(80) Pause Young (Allocation Failure)
[98.067s][info][gc,heap        ] GC(80) PSYoungGen: 243712K(288768K)->24075K(288768K) Eden: 243712K(243712K)->0K(243712K) From: 0K(45056K)->24075K(45056K)
[98.067s][info][gc,heap        ] GC(80) ParOldGen: 63621K(176640K)->63621K(176640K)
[98.067s][info][gc,metaspace   ] GC(80) Metaspace: 41169K(41600K)->41169K(41600K) NonClass: 36836K(37120K)->36836K(37120K) Class: 4332K(4480K)->4332K(4480K)
[98.067s][info][gc             ] GC(80) Pause Young (Allocation Failure) 300M->85M(454M) 23.623ms
[98.067s][info][gc,cpu         ] GC(80) User=0.05s Sys=0.00s Real=0.03s
[99.256s][info][gc,start       ] GC(81) Pause Young (Allocation Failure)
[99.304s][info][gc,heap        ] GC(81) PSYoungGen: 267787K(288768K)->30521K(283648K) Eden: 243712K(243712K)->0K(238592K) From: 24075K(45056K)->30521K(45056K)
[99.304s][info][gc,heap        ] GC(81) ParOldGen: 63621K(176640K)->87120K(176640K)
[99.304s][info][gc,metaspace   ] GC(81) Metaspace: 41173K(41600K)->41173K(41600K) NonClass: 36841K(37120K)->36841K(37120K) Class: 4332K(4480K)->4332K(4480K)
[99.304s][info][gc             ] GC(81) Pause Young (Allocation Failure) 323M->114M(449M) 47.985ms
[99.304s][info][gc,cpu         ] GC(81) User=0.09s Sys=0.00s Real=0.05s
[99.998s][info][gc,start       ] GC(82) Pause Young (Allocation Failure)
[100.057s][info][gc,heap        ] GC(82) PSYoungGen: 269113K(283648K)->30028K(268800K) Eden: 238592K(238592K)->0K(238592K) From: 30521K(45056K)->30028K(30208K)
[100.057s][info][gc,heap        ] GC(82) ParOldGen: 87120K(176640K)->117345K(176640K)
[100.057s][info][gc,metaspace   ] GC(82) Metaspace: 41173K(41600K)->41173K(41600K) NonClass: 36841K(37120K)->36841K(37120K) Class: 4332K(4480K)->4332K(4480K)
[100.057s][info][gc             ] GC(82) Pause Young (Allocation Failure) 347M->143M(435M) 58.819ms
[100.057s][info][gc,cpu         ] GC(82) User=0.11s Sys=0.00s Real=0.06s
[100.735s][info][gc,start       ] GC(83) Pause Young (Allocation Failure)
[100.792s][info][gc,heap        ] GC(83) PSYoungGen: 268620K(268800K)->30520K(282624K) Eden: 238592K(238592K)->0K(233472K) From: 30028K(30208K)->30520K(49152K)
[100.792s][info][gc,heap        ] GC(83) ParOldGen: 117345K(176640K)->145825K(176640K)
[100.792s][info][gc,metaspace   ] GC(83) Metaspace: 41173K(41600K)->41173K(41600K) NonClass: 36841K(37120K)->36841K(37120K) Class: 4332K(4480K)->4332K(4480K)
[100.792s][info][gc             ] GC(83) Pause Young (Allocation Failure) 376M->172M(448M) 57.238ms
[100.792s][info][gc,cpu         ] GC(83) User=0.11s Sys=0.00s Real=0.06s
[102.490s][info][gc,start       ] GC(84) Pause Young (Allocation Failure)
[102.538s][info][gc,heap        ] GC(84) PSYoungGen: 263992K(282624K)->14352K(248320K) Eden: 233472K(233472K)->0K(233472K) From: 30520K(49152K)->14352K(14848K)
[102.538s][info][gc,heap        ] GC(84) ParOldGen: 145825K(176640K)->176330K(176640K)
[102.538s][info][gc,metaspace   ] GC(84) Metaspace: 41173K(41600K)->41173K(41600K) NonClass: 36841K(37120K)->36841K(37120K) Class: 4332K(4480K)->4332K(4480K)
[102.538s][info][gc             ] GC(84) Pause Young (Allocation Failure) 400M->186M(415M) 48.483ms
[102.538s][info][gc,cpu         ] GC(84) User=0.09s Sys=0.00s Real=0.05s
[103.646s][info][gc,start       ] GC(85) Pause Young (Allocation Failure)
[103.672s][info][gc,heap        ] GC(85) PSYoungGen: 247824K(248320K)->11522K(283648K) Eden: 233472K(233472K)->0K(235520K) From: 14352K(14848K)->11522K(48128K)
[103.672s][info][gc,heap        ] GC(85) ParOldGen: 176330K(176640K)->190114K(190464K)
[103.672s][info][gc,metaspace   ] GC(85) Metaspace: 41182K(41600K)->41182K(41600K) NonClass: 36850K(37120K)->36850K(37120K) Class: 4332K(4480K)->4332K(4480K)
[103.672s][info][gc             ] GC(85) Pause Young (Allocation Failure) 414M->196M(463M) 25.895ms
[103.672s][info][gc,cpu         ] GC(85) User=0.04s Sys=0.00s Real=0.02s
[105.118s][info][gc,start       ] GC(86) Pause Young (Allocation Failure)
[105.138s][info][gc,heap        ] GC(86) PSYoungGen: 247042K(283648K)->6778K(282624K) Eden: 235520K(235520K)->0K(235520K) From: 11522K(48128K)->6778K(47104K)
[105.138s][info][gc,heap        ] GC(86) ParOldGen: 190114K(190464K)->200428K(200704K)
[105.138s][info][gc,metaspace   ] GC(86) Metaspace: 41182K(41600K)->41182K(41600K) NonClass: 36850K(37120K)->36850K(37120K) Class: 4332K(4480K)->4332K(4480K)
[105.138s][info][gc             ] GC(86) Pause Young (Allocation Failure) 426M->202M(472M) 19.470ms
[105.138s][info][gc,cpu         ] GC(86) User=0.03s Sys=0.01s Real=0.02s
[106.546s][info][gc,start       ] GC(87) Pause Young (Allocation Failure)
[106.577s][info][gc,heap        ] GC(87) PSYoungGen: 242298K(282624K)->22051K(285696K) Eden: 235520K(235520K)->0K(239616K) From: 6778K(47104K)->22051K(46080K)
[106.577s][info][gc,heap        ] GC(87) ParOldGen: 200428K(200704K)->206926K(207360K)
[106.577s][info][gc,metaspace   ] GC(87) Metaspace: 41182K(41600K)->41182K(41600K) NonClass: 36850K(37120K)->36850K(37120K) Class: 4332K(4480K)->4332K(4480K)
[106.577s][info][gc             ] GC(87) Pause Young (Allocation Failure) 432M->223M(481M) 31.337ms
[106.578s][info][gc,cpu         ] GC(87) User=0.05s Sys=0.01s Real=0.03s
[108.044s][info][gc,start       ] GC(88) Pause Young (Allocation Failure)
[108.099s][info][gc,heap        ] GC(88) PSYoungGen: 261659K(285696K)->27543K(284672K) Eden: 239607K(239616K)->0K(239616K) From: 22051K(46080K)->27543K(45056K)
[108.099s][info][gc,heap        ] GC(88) ParOldGen: 206926K(207360K)->229029K(229376K)
[108.099s][info][gc,metaspace   ] GC(88) Metaspace: 41211K(41600K)->41211K(41600K) NonClass: 36879K(37120K)->36879K(37120K) Class: 4332K(4480K)->4332K(4480K)
[108.099s][info][gc             ] GC(88) Pause Young (Allocation Failure) 457M->250M(502M) 54.312ms
[108.099s][info][gc,cpu         ] GC(88) User=0.09s Sys=0.02s Real=0.06s
[110.031s][info][gc,start       ] GC(89) Pause Young (Allocation Failure)
[110.083s][info][gc,heap        ] GC(89) PSYoungGen: 267159K(284672K)->14434K(286208K) Eden: 239616K(239616K)->0K(243200K) From: 27543K(45056K)->14434K(43008K)
[110.083s][info][gc,heap        ] GC(89) ParOldGen: 229029K(229376K)->251635K(251904K)
[110.083s][info][gc,metaspace   ] GC(89) Metaspace: 41215K(41600K)->41215K(41600K) NonClass: 36883K(37120K)->36883K(37120K) Class: 4332K(4480K)->4332K(4480K)
[110.083s][info][gc             ] GC(89) Pause Young (Allocation Failure) 484M->259M(525M) 52.419ms
[110.083s][info][gc,cpu         ] GC(89) User=0.09s Sys=0.02s Real=0.05s
[111.707s][info][gc,start       ] GC(90) Pause Young (Allocation Failure)
[111.721s][info][gc,heap        ] GC(90) PSYoungGen: 257634K(286208K)->14068K(287232K) Eden: 243200K(243200K)->0K(243200K) From: 14434K(43008K)->14068K(44032K)
[111.721s][info][gc,heap        ] GC(90) ParOldGen: 251635K(251904K)->252499K(252928K)
[111.721s][info][gc,metaspace   ] GC(90) Metaspace: 41227K(41600K)->41227K(41600K) NonClass: 36895K(37120K)->36895K(37120K) Class: 4332K(4480K)->4332K(4480K)
[111.721s][info][gc             ] GC(90) Pause Young (Allocation Failure) 497M->260M(527M) 14.326ms
[111.721s][info][gc,cpu         ] GC(90) User=0.03s Sys=0.00s Real=0.01s
[113.460s][info][gc,start       ] GC(91) Pause Young (Allocation Failure)
[113.470s][info][gc,heap        ] GC(91) PSYoungGen: 257268K(287232K)->1424K(288256K) Eden: 243200K(243200K)->0K(246272K) From: 14068K(44032K)->1424K(41984K)
[113.470s][info][gc,heap        ] GC(91) ParOldGen: 252499K(252928K)->253463K(253952K)
[113.470s][info][gc,metaspace   ] GC(91) Metaspace: 41244K(41664K)->41244K(41664K) NonClass: 36912K(37184K)->36912K(37184K) Class: 4332K(4480K)->4332K(4480K)
[113.470s][info][gc             ] GC(91) Pause Young (Allocation Failure) 497M->248M(529M) 10.249ms
[113.470s][info][gc,cpu         ] GC(91) User=0.02s Sys=0.01s Real=0.01s
[114.850s][info][gc,start       ] GC(92) Pause Young (Allocation Failure)
[114.859s][info][gc,heap        ] GC(92) PSYoungGen: 247696K(288256K)->7031K(288768K) Eden: 246272K(246272K)->0K(246272K) From: 1424K(41984K)->7031K(42496K)
[114.859s][info][gc,heap        ] GC(92) ParOldGen: 253463K(253952K)->254759K(254976K)
[114.859s][info][gc,metaspace   ] GC(92) Metaspace: 41253K(41664K)->41253K(41664K) NonClass: 36921K(37184K)->36921K(37184K) Class: 4332K(4480K)->4332K(4480K)
[114.859s][info][gc             ] GC(92) Pause Young (Allocation Failure) 489M->255M(531M) 8.919ms
[114.859s][info][gc,cpu         ] GC(92) User=0.01s Sys=0.00s Real=0.01s
[116.403s][info][gc,start       ] GC(93) Pause Young (Allocation Failure)
[116.427s][info][gc,heap        ] GC(93) PSYoungGen: 253303K(288768K)->25067K(289792K) Eden: 246272K(246272K)->0K(248320K) From: 7031K(42496K)->25067K(41472K)
[116.427s][info][gc,heap        ] GC(93) ParOldGen: 254759K(254976K)->255839K(256000K)
[116.427s][info][gc,metaspace   ] GC(93) Metaspace: 41267K(41664K)->41267K(41664K) NonClass: 36935K(37184K)->36935K(37184K) Class: 4332K(4480K)->4332K(4480K)
[116.427s][info][gc             ] GC(93) Pause Young (Allocation Failure) 496M->274M(533M) 23.878ms
[116.427s][info][gc,cpu         ] GC(93) User=0.04s Sys=0.00s Real=0.03s
[118.031s][info][gc,start       ] GC(94) Pause Young (Allocation Failure)
[118.038s][info][gc,heap        ] GC(94) PSYoungGen: 273387K(289792K)->7922K(290816K) Eden: 248320K(248320K)->0K(248320K) From: 25067K(41472K)->7922K(42496K)
[118.038s][info][gc,heap        ] GC(94) ParOldGen: 255839K(256000K)->256631K(257024K)
[118.038s][info][gc,metaspace   ] GC(94) Metaspace: 41273K(41664K)->41273K(41664K) NonClass: 36940K(37184K)->36940K(37184K) Class: 4332K(4480K)->4332K(4480K)
[118.038s][info][gc             ] GC(94) Pause Young (Allocation Failure) 516M->258M(535M) 7.439ms
[118.038s][info][gc,cpu         ] GC(94) User=0.02s Sys=0.00s Real=0.01s
[119.294s][info][gc,start       ] GC(95) Pause Young (Allocation Failure)
[119.304s][info][gc,heap        ] GC(95) PSYoungGen: 256242K(290816K)->6373K(289280K) Eden: 248320K(248320K)->0K(249856K) From: 7922K(42496K)->6373K(39424K)
[119.304s][info][gc,heap        ] GC(95) ParOldGen: 256631K(257024K)->257711K(258048K)
[119.304s][info][gc,metaspace   ] GC(95) Metaspace: 41276K(41664K)->41276K(41664K) NonClass: 36944K(37184K)->36944K(37184K) Class: 4332K(4480K)->4332K(4480K)
[119.304s][info][gc             ] GC(95) Pause Young (Allocation Failure) 500M->257M(534M) 10.108ms
[119.304s][info][gc,cpu         ] GC(95) User=0.02s Sys=0.00s Real=0.01s
[120.470s][info][gc,start       ] GC(96) Pause Young (Allocation Failure)
[120.478s][info][gc,heap        ] GC(96) PSYoungGen: 256229K(289280K)->7237K(290304K) Eden: 249856K(249856K)->0K(249856K) From: 6373K(39424K)->7237K(40448K)
[120.478s][info][gc,heap        ] GC(96) ParOldGen: 257711K(258048K)->258715K(259072K)
[120.478s][info][gc,metaspace   ] GC(96) Metaspace: 41283K(41664K)->41283K(41664K) NonClass: 36951K(37184K)->36951K(37184K) Class: 4332K(4480K)->4332K(4480K)
[120.478s][info][gc             ] GC(96) Pause Young (Allocation Failure) 501M->259M(536M) 7.998ms
[120.478s][info][gc,cpu         ] GC(96) User=0.02s Sys=0.00s Real=0.01s
[121.610s][info][gc,start       ] GC(97) Pause Young (Allocation Failure)
[121.616s][info][gc,heap        ] GC(97) PSYoungGen: 257093K(290304K)->6292K(290304K) Eden: 249856K(249856K)->0K(253952K) From: 7237K(40448K)->6292K(36352K)
[121.617s][info][gc,heap        ] GC(97) ParOldGen: 258715K(259072K)->259755K(260096K)
[121.617s][info][gc,metaspace   ] GC(97) Metaspace: 41303K(41664K)->41303K(41664K) NonClass: 36970K(37184K)->36970K(37184K) Class: 4332K(4480K)->4332K(4480K)
[121.617s][info][gc             ] GC(97) Pause Young (Allocation Failure) 503M->259M(537M) 6.822ms
[121.617s][info][gc,cpu         ] GC(97) User=0.01s Sys=0.00s Real=0.01s
[122.716s][info][gc,start       ] GC(98) Pause Young (Allocation Failure)
[122.768s][info][gc,heap        ] GC(98) PSYoungGen: 260244K(290304K)->37886K(291840K) Eden: 253952K(253952K)->0K(253952K) From: 6292K(36352K)->37886K(37888K)
[122.768s][info][gc,heap        ] GC(98) ParOldGen: 259755K(260096K)->264209K(264704K)
[122.768s][info][gc,metaspace   ] GC(98) Metaspace: 41303K(41664K)->41303K(41664K) NonClass: 36970K(37184K)->36970K(37184K) Class: 4332K(4480K)->4332K(4480K)
[122.768s][info][gc             ] GC(98) Pause Young (Allocation Failure) 507M->295M(543M) 51.924ms
[122.768s][info][gc,cpu         ] GC(98) User=0.10s Sys=0.00s Real=0.05s
[124.403s][info][gc,start       ] GC(99) Pause Young (Allocation Failure)
[124.446s][info][gc,heap        ] GC(99) PSYoungGen: 291838K(291840K)->15790K(288768K) Eden: 253952K(253952K)->0K(246784K) From: 37886K(37888K)->15790K(41984K)
[124.446s][info][gc,heap        ] GC(99) ParOldGen: 264209K(264704K)->278785K(279040K)
[124.446s][info][gc,metaspace   ] GC(99) Metaspace: 41304K(41664K)->41304K(41664K) NonClass: 36971K(37184K)->36971K(37184K) Class: 4332K(4480K)->4332K(4480K)
[124.446s][info][gc             ] GC(99) Pause Young (Allocation Failure) 543M->287M(554M) 42.635ms
[124.446s][info][gc,cpu         ] GC(99) User=0.07s Sys=0.01s Real=0.05s
[125.396s][info][gc,start       ] GC(100) Pause Young (Allocation Failure)
[125.423s][info][gc,heap        ] GC(100) PSYoungGen: 262574K(288768K)->5054K(290304K) Eden: 246784K(246784K)->0K(246784K) From: 15790K(41984K)->5054K(43520K)
[125.423s][info][gc,heap        ] GC(100) ParOldGen: 278785K(279040K)->294218K(294400K)
[125.423s][info][gc,metaspace   ] GC(100) Metaspace: 41324K(41728K)->41324K(41728K) NonClass: 36991K(37248K)->36991K(37248K) Class: 4332K(4480K)->4332K(4480K)
[125.423s][info][gc             ] GC(100) Pause Young (Allocation Failure) 528M->292M(571M) 26.441ms
[125.423s][info][gc,cpu         ] GC(100) User=0.03s Sys=0.02s Real=0.02s
[126.310s][info][gc,start       ] GC(101) Pause Young (Allocation Failure)
[126.323s][info][gc,heap        ] GC(101) PSYoungGen: 251838K(290304K)->13601K(284672K) Eden: 246784K(246784K)->0K(247808K) From: 5054K(43520K)->13601K(36864K)
[126.323s][info][gc,heap        ] GC(101) ParOldGen: 294218K(294400K)->295090K(295424K)
[126.323s][info][gc,metaspace   ] GC(101) Metaspace: 41348K(41728K)->41348K(41728K) NonClass: 37016K(37248K)->37016K(37248K) Class: 4332K(4480K)->4332K(4480K)
[126.323s][info][gc             ] GC(101) Pause Young (Allocation Failure) 533M->301M(566M) 12.524ms
[126.323s][info][gc,cpu         ] GC(101) User=0.03s Sys=0.01s Real=0.01s
[127.308s][info][gc,start       ] GC(102) Pause Young (Allocation Failure)
[127.322s][info][gc,heap        ] GC(102) PSYoungGen: 261409K(284672K)->2637K(287744K) Eden: 247808K(247808K)->0K(247808K) From: 13601K(36864K)->2637K(39936K)
[127.322s][info][gc,heap        ] GC(102) ParOldGen: 295090K(295424K)->304910K(305152K)
[127.322s][info][gc,metaspace   ] GC(102) Metaspace: 41351K(41728K)->41351K(41728K) NonClass: 37019K(37248K)->37019K(37248K) Class: 4332K(4480K)->4332K(4480K)
[127.322s][info][gc             ] GC(102) Pause Young (Allocation Failure) 543M->300M(579M) 14.245ms
[127.322s][info][gc,cpu         ] GC(102) User=0.03s Sys=0.00s Real=0.01s
[128.292s][info][gc,start       ] GC(103) Pause Young (Allocation Failure)
[128.320s][info][gc,heap        ] GC(103) PSYoungGen: 250445K(287744K)->39865K(280576K) Eden: 247808K(247808K)->0K(240640K) From: 2637K(39936K)->39865K(39936K)
[128.320s][info][gc,heap        ] GC(103) ParOldGen: 304910K(305152K)->305398K(305664K)
[128.320s][info][gc,metaspace   ] GC(103) Metaspace: 41351K(41728K)->41351K(41728K) NonClass: 37019K(37248K)->37019K(37248K) Class: 4332K(4480K)->4332K(4480K)
[128.320s][info][gc             ] GC(103) Pause Young (Allocation Failure) 542M->337M(572M) 28.681ms
[128.320s][info][gc,cpu         ] GC(103) User=0.05s Sys=0.01s Real=0.03s
[129.190s][info][gc,start       ] GC(104) Pause Young (Allocation Failure)
[129.229s][info][gc,heap        ] GC(104) PSYoungGen: 280505K(280576K)->46588K(287232K) Eden: 240640K(240640K)->0K(240640K) From: 39865K(39936K)->46588K(46592K)
[129.229s][info][gc,heap        ] GC(104) ParOldGen: 305398K(305664K)->312012K(312320K)
[129.229s][info][gc,metaspace   ] GC(104) Metaspace: 41352K(41728K)->41352K(41728K) NonClass: 37020K(37248K)->37020K(37248K) Class: 4332K(4480K)->4332K(4480K)
[129.229s][info][gc             ] GC(104) Pause Young (Allocation Failure) 572M->350M(585M) 38.918ms
[129.229s][info][gc,cpu         ] GC(104) User=0.07s Sys=0.00s Real=0.04s
[130.187s][info][gc,start       ] GC(105) Pause Young (Allocation Failure)
[130.339s][info][gc,heap        ] GC(105) PSYoungGen: 287228K(287232K)->46587K(174592K) Eden: 240640K(240640K)->0K(128000K) From: 46588K(46592K)->46587K(46592K)
[130.339s][info][gc,heap        ] GC(105) ParOldGen: 312012K(312320K)->418255K(418304K)
[130.339s][info][gc,metaspace   ] GC(105) Metaspace: 41352K(41728K)->41352K(41728K) NonClass: 37020K(37248K)->37020K(37248K) Class: 4332K(4480K)->4332K(4480K)
[130.339s][info][gc             ] GC(105) Pause Young (Allocation Failure) 585M->453M(579M) 152.575ms
[130.339s][info][gc,cpu         ] GC(105) User=0.22s Sys=0.08s Real=0.15s
[130.839s][info][gc,start       ] GC(106) Pause Young (Allocation Failure)
[130.949s][info][gc,heap        ] GC(106) PSYoungGen: 174587K(174592K)->71115K(199168K) Eden: 128000K(128000K)->0K(128000K) From: 46587K(46592K)->71115K(71168K)
[130.950s][info][gc,heap        ] GC(106) ParOldGen: 418255K(418304K)->464477K(464896K)
[130.950s][info][gc,metaspace   ] GC(106) Metaspace: 41352K(41728K)->41352K(41728K) NonClass: 37020K(37248K)->37020K(37248K) Class: 4332K(4480K)->4332K(4480K)
[130.950s][info][gc             ] GC(106) Pause Young (Allocation Failure) 578M->523M(648M) 110.674ms
[130.950s][info][gc,cpu         ] GC(106) User=0.20s Sys=0.02s Real=0.11s
[131.417s][info][gc,start       ] GC(107) Pause Young (Allocation Failure)
[131.508s][info][gc,heap        ] GC(107) PSYoungGen: 199115K(199168K)->20104K(228352K) Eden: 128000K(128000K)->0K(118272K) From: 71115K(71168K)->20104K(110080K)
[131.508s][info][gc,heap        ] GC(107) ParOldGen: 464477K(464896K)->530608K(530944K)
[131.508s][info][gc,metaspace   ] GC(107) Metaspace: 41352K(41728K)->41352K(41728K) NonClass: 37020K(37248K)->37020K(37248K) Class: 4332K(4480K)->4332K(4480K)
[131.508s][info][gc             ] GC(107) Pause Young (Allocation Failure) 648M->537M(741M) 90.697ms
[131.508s][info][gc,cpu         ] GC(107) User=0.13s Sys=0.05s Real=0.09s
[131.962s][info][gc,start       ] GC(108) Pause Young (Allocation Failure)
[131.979s][info][gc,heap        ] GC(108) PSYoungGen: 138376K(228352K)->10011K(128512K) Eden: 118272K(118272K)->0K(118272K) From: 20104K(110080K)->10011K(10240K)
[131.979s][info][gc,heap        ] GC(108) ParOldGen: 530608K(530944K)->537050K(537088K)
[131.979s][info][gc,metaspace   ] GC(108) Metaspace: 41352K(41728K)->41352K(41728K) NonClass: 37020K(37248K)->37020K(37248K) Class: 4332K(4480K)->4332K(4480K)
[131.979s][info][gc             ] GC(108) Pause Young (Allocation Failure) 653M->534M(650M) 16.894ms
[131.979s][info][gc,cpu         ] GC(108) User=0.03s Sys=0.01s Real=0.02s
[132.462s][info][gc,start       ] GC(109) Pause Young (Allocation Failure)
[132.469s][info][gc,heap        ] GC(109) PSYoungGen: 128283K(128512K)->4749K(223232K) Eden: 118272K(118272K)->0K(120320K) From: 10011K(10240K)->4749K(102912K)
[132.469s][info][gc,heap        ] GC(109) ParOldGen: 537050K(537088K)->537751K(538112K)
[132.469s][info][gc,metaspace   ] GC(109) Metaspace: 41354K(41728K)->41354K(41728K) NonClass: 37022K(37248K)->37022K(37248K) Class: 4332K(4480K)->4332K(4480K)
[132.469s][info][gc             ] GC(109) Pause Young (Allocation Failure) 649M->529M(743M) 6.422ms
[132.469s][info][gc,cpu         ] GC(109) User=0.01s Sys=0.00s Real=0.01s
[132.932s][info][gc,start       ] GC(110) Pause Young (Allocation Failure)
[132.938s][info][gc,heap        ] GC(110) PSYoungGen: 125069K(223232K)->4383K(221184K) Eden: 120320K(120320K)->0K(120320K) From: 4749K(102912K)->4383K(100864K)
[132.938s][info][gc,heap        ] GC(110) ParOldGen: 537751K(538112K)->538068K(538112K)
[132.938s][info][gc,metaspace   ] GC(110) Metaspace: 41357K(41728K)->41357K(41728K) NonClass: 37025K(37248K)->37025K(37248K) Class: 4332K(4480K)->4332K(4480K)
[132.938s][info][gc             ] GC(110) Pause Young (Allocation Failure) 647M->529M(741M) 5.650ms
[132.938s][info][gc,cpu         ] GC(110) User=0.01s Sys=0.00s Real=0.01s
[133.349s][info][gc,start       ] GC(111) Pause Young (Allocation Failure)
[133.358s][info][gc,heap        ] GC(111) PSYoungGen: 124703K(221184K)->10664K(228864K) Eden: 120320K(120320K)->0K(134144K) From: 4383K(100864K)->10664K(94720K)
[133.358s][info][gc,heap        ] GC(111) ParOldGen: 538068K(538112K)->538645K(539136K)
[133.358s][info][gc,metaspace   ] GC(111) Metaspace: 41361K(41728K)->41361K(41728K) NonClass: 37029K(37248K)->37029K(37248K) Class: 4332K(4480K)->4332K(4480K)
[133.358s][info][gc             ] GC(111) Pause Young (Allocation Failure) 647M->536M(750M) 9.772ms
[133.358s][info][gc,cpu         ] GC(111) User=0.02s Sys=0.00s Real=0.01s
[133.826s][info][gc,start       ] GC(112) Pause Young (Allocation Failure)
[133.852s][info][gc,heap        ] GC(112) PSYoungGen: 144808K(228864K)->40285K(227840K) Eden: 134144K(134144K)->0K(134144K) From: 10664K(94720K)->40285K(93696K)
[133.852s][info][gc,heap        ] GC(112) ParOldGen: 538645K(539136K)->539303K(539648K)
[133.852s][info][gc,metaspace   ] GC(112) Metaspace: 41361K(41728K)->41361K(41728K) NonClass: 37029K(37248K)->37029K(37248K) Class: 4332K(4480K)->4332K(4480K)
[133.852s][info][gc             ] GC(112) Pause Young (Allocation Failure) 667M->566M(749M) 26.222ms
[133.852s][info][gc,cpu         ] GC(112) User=0.05s Sys=0.00s Real=0.03s
[134.341s][info][gc,start       ] GC(113) Pause Young (Allocation Failure)
[134.354s][info][gc,heap        ] GC(113) PSYoungGen: 174429K(227840K)->16653K(233472K) Eden: 134144K(134144K)->0K(147968K) From: 40285K(93696K)->16653K(85504K)
[134.354s][info][gc,heap        ] GC(113) ParOldGen: 539303K(539648K)->539629K(539648K)
[134.354s][info][gc,metaspace   ] GC(113) Metaspace: 41361K(41728K)->41361K(41728K) NonClass: 37029K(37248K)->37029K(37248K) Class: 4332K(4480K)->4332K(4480K)
[134.354s][info][gc             ] GC(113) Pause Young (Allocation Failure) 697M->543M(755M) 12.732ms
[134.354s][info][gc,cpu         ] GC(113) User=0.02s Sys=0.00s Real=0.01s
[134.868s][info][gc,start       ] GC(114) Pause Young (Allocation Failure)
[134.886s][info][gc,heap        ] GC(114) PSYoungGen: 164621K(233472K)->24851K(235520K) Eden: 147968K(147968K)->0K(147968K) From: 16653K(85504K)->24851K(87552K)
[134.886s][info][gc,heap        ] GC(114) ParOldGen: 539629K(539648K)->540302K(540672K)
[134.886s][info][gc,metaspace   ] GC(114) Metaspace: 41364K(41728K)->41364K(41728K) NonClass: 37032K(37248K)->37032K(37248K) Class: 4332K(4480K)->4332K(4480K)
[134.886s][info][gc             ] GC(114) Pause Young (Allocation Failure) 687M->551M(758M) 17.358ms
[134.886s][info][gc,cpu         ] GC(114) User=0.03s Sys=0.00s Real=0.01s
[135.375s][info][gc,start       ] GC(115) Pause Young (Allocation Failure)
[135.413s][info][gc,heap        ] GC(115) PSYoungGen: 172819K(235520K)->23153K(239616K) Eden: 147968K(147968K)->0K(164352K) From: 24851K(87552K)->23153K(75264K)
[135.413s][info][gc,heap        ] GC(115) ParOldGen: 540302K(540672K)->562711K(563200K)
[135.413s][info][gc,metaspace   ] GC(115) Metaspace: 41364K(41728K)->41364K(41728K) NonClass: 37032K(37248K)->37032K(37248K) Class: 4332K(4480K)->4332K(4480K)
[135.413s][info][gc             ] GC(115) Pause Young (Allocation Failure) 696M->572M(784M) 37.952ms
[135.413s][info][gc,cpu         ] GC(115) User=0.06s Sys=0.01s Real=0.04s
[135.944s][info][gc,start       ] GC(116) Pause Young (Allocation Failure)
[135.973s][info][gc,heap        ] GC(116) PSYoungGen: 187505K(239616K)->1236K(241152K) Eden: 164352K(164352K)->0K(164352K) From: 23153K(75264K)->1236K(76800K)
[135.973s][info][gc,heap        ] GC(116) ParOldGen: 562711K(563200K)->584754K(585216K)
[135.973s][info][gc,metaspace   ] GC(116) Metaspace: 41364K(41728K)->41364K(41728K) NonClass: 37032K(37248K)->37032K(37248K) Class: 4332K(4480K)->4332K(4480K)
[135.973s][info][gc             ] GC(116) Pause Young (Allocation Failure) 732M->572M(807M) 28.810ms
[135.973s][info][gc,cpu         ] GC(116) User=0.03s Sys=0.02s Real=0.03s
[136.504s][info][gc,start       ] GC(117) Pause Young (Allocation Failure)
[136.508s][info][gc,heap        ] GC(117) PSYoungGen: 165588K(241152K)->1292K(253440K) Eden: 164352K(164352K)->0K(181248K) From: 1236K(76800K)->1292K(72192K)
[136.508s][info][gc,heap        ] GC(117) ParOldGen: 584754K(585216K)->584907K(585216K)
[136.508s][info][gc,metaspace   ] GC(117) Metaspace: 41364K(41728K)->41364K(41728K) NonClass: 37032K(37248K)->37032K(37248K) Class: 4332K(4480K)->4332K(4480K)
[136.508s][info][gc             ] GC(117) Pause Young (Allocation Failure) 732M->572M(819M) 4.310ms
[136.508s][info][gc,cpu         ] GC(117) User=0.00s Sys=0.00s Real=0.01s
[137.030s][info][gc,start       ] GC(118) Pause Young (Allocation Failure)
[137.035s][info][gc,heap        ] GC(118) PSYoungGen: 182540K(253440K)->3015K(255488K) Eden: 181248K(181248K)->0K(181248K) From: 1292K(72192K)->3015K(74240K)
[137.035s][info][gc,heap        ] GC(118) ParOldGen: 584907K(585216K)->585331K(585728K)
[137.035s][info][gc,metaspace   ] GC(118) Metaspace: 41375K(41728K)->41375K(41728K) NonClass: 37042K(37248K)->37042K(37248K) Class: 4332K(4480K)->4332K(4480K)
[137.035s][info][gc             ] GC(118) Pause Young (Allocation Failure) 749M->574M(821M) 5.446ms
[137.035s][info][gc,cpu         ] GC(118) User=0.01s Sys=0.01s Real=0.00s
[137.385s][info][gc,start       ] GC(119) Pause Young (Allocation Failure)
[137.391s][info][gc,heap        ] GC(119) PSYoungGen: 184263K(255488K)->1550K(254464K) Eden: 181248K(181248K)->0K(187392K) From: 3015K(74240K)->1550K(67072K)
[137.391s][info][gc,heap        ] GC(119) ParOldGen: 585331K(585728K)->587113K(587264K)
[137.391s][info][gc,metaspace   ] GC(119) Metaspace: 41392K(41728K)->41392K(41728K) NonClass: 37059K(37248K)->37059K(37248K) Class: 4332K(4480K)->4332K(4480K)
[137.391s][info][gc             ] GC(119) Pause Young (Allocation Failure) 751M->574M(822M) 5.563ms
[137.391s][info][gc,cpu         ] GC(119) User=0.01s Sys=0.00s Real=0.01s
[137.884s][info][gc,start       ] GC(120) Pause Young (Allocation Failure)
[137.896s][info][gc,heap        ] GC(120) PSYoungGen: 188942K(254464K)->10261K(257024K) Eden: 187392K(187392K)->0K(187392K) From: 1550K(67072K)->10261K(69632K)
[137.896s][info][gc,heap        ] GC(120) ParOldGen: 587113K(587264K)->587145K(587264K)
[137.896s][info][gc,metaspace   ] GC(120) Metaspace: 41431K(41856K)->41431K(41856K) NonClass: 37099K(37376K)->37099K(37376K) Class: 4332K(4480K)->4332K(4480K)
[137.896s][info][gc             ] GC(120) Pause Young (Allocation Failure) 757M->583M(824M) 11.575ms
[137.896s][info][gc,cpu         ] GC(120) User=0.02s Sys=0.00s Real=0.02s
[138.150s][info][gc,start       ] GC(121) Pause Young (Allocation Failure)
[138.163s][info][gc,heap        ] GC(121) PSYoungGen: 195801K(257024K)->320K(261120K) Eden: 185539K(187392K)->0K(198144K) From: 10261K(69632K)->320K(62976K)
[138.163s][info][gc,heap        ] GC(121) ParOldGen: 587145K(587264K)->597123K(597504K)
[138.163s][info][gc,metaspace   ] GC(121) Metaspace: 41432K(41856K)->41432K(41856K) NonClass: 37100K(37376K)->37100K(37376K) Class: 4332K(4480K)->4332K(4480K)
[138.163s][info][gc             ] GC(121) Pause Young (Allocation Failure) 764M->583M(838M) 13.220ms
[138.163s][info][gc,cpu         ] GC(121) User=0.02s Sys=0.00s Real=0.01s
[138.450s][info][gc,start       ] GC(122) Pause Young (Allocation Failure)
[138.457s][info][gc,heap        ] GC(122) PSYoungGen: 198415K(261120K)->2040K(262144K) Eden: 198095K(198144K)->0K(198144K) From: 320K(62976K)->2040K(64000K)
[138.457s][info][gc,heap        ] GC(122) ParOldGen: 597123K(597504K)->597392K(597504K)
[138.457s][info][gc,metaspace   ] GC(122) Metaspace: 41432K(41856K)->41432K(41856K) NonClass: 37100K(37376K)->37100K(37376K) Class: 4332K(4480K)->4332K(4480K)
[138.457s][info][gc             ] GC(122) Pause Young (Allocation Failure) 776M->585M(839M) 6.681ms
[138.457s][info][gc,cpu         ] GC(122) User=0.01s Sys=0.00s Real=0.01s
[138.760s][info][gc,start       ] GC(123) Pause Young (Allocation Failure)
[138.770s][info][gc,heap        ] GC(123) PSYoungGen: 200061K(262144K)->2064K(265216K) Eden: 198021K(198144K)->0K(208384K) From: 2040K(64000K)->2064K(56832K)
[138.770s][info][gc,heap        ] GC(123) ParOldGen: 597392K(597504K)->599375K(599552K)
[138.770s][info][gc,metaspace   ] GC(123) Metaspace: 41435K(41856K)->41435K(41856K) NonClass: 37103K(37376K)->37103K(37376K) Class: 4332K(4480K)->4332K(4480K)
[138.770s][info][gc             ] GC(123) Pause Young (Allocation Failure) 778M->587M(844M) 10.513ms
[138.770s][info][gc,cpu         ] GC(123) User=0.02s Sys=0.00s Real=0.01s
[139.070s][info][gc,start       ] GC(124) Pause Young (Allocation Failure)
[139.078s][info][gc,heap        ] GC(124) PSYoungGen: 210077K(265216K)->2371K(266752K) Eden: 208012K(208384K)->0K(208384K) From: 2064K(56832K)->2371K(58368K)
[139.078s][info][gc,heap        ] GC(124) ParOldGen: 599375K(599552K)->601432K(601600K)
[139.078s][info][gc,metaspace   ] GC(124) Metaspace: 41438K(41856K)->41438K(41856K) NonClass: 37106K(37376K)->37106K(37376K) Class: 4332K(4480K)->4332K(4480K)
[139.078s][info][gc             ] GC(124) Pause Young (Allocation Failure) 790M->589M(848M) 8.764ms
[139.079s][info][gc,cpu         ] GC(124) User=0.02s Sys=0.00s Real=0.01s
[139.417s][info][gc,start       ] GC(125) Pause Young (Allocation Failure)
[139.429s][info][gc,heap        ] GC(125) PSYoungGen: 209683K(266752K)->6924K(269312K) Eden: 207312K(208384K)->0K(219648K) From: 2371K(58368K)->6924K(49664K)
[139.429s][info][gc,heap        ] GC(125) ParOldGen: 601432K(601600K)->603744K(604160K)
[139.429s][info][gc,metaspace   ] GC(125) Metaspace: 41463K(41856K)->41463K(41856K) NonClass: 37131K(37376K)->37131K(37376K) Class: 4332K(4480K)->4332K(4480K)
[139.429s][info][gc             ] GC(125) Pause Young (Allocation Failure) 792M->596M(853M) 12.448ms
[139.429s][info][gc,cpu         ] GC(125) User=0.02s Sys=0.00s Real=0.01s
[139.783s][info][gc,start       ] GC(126) Pause Young (Allocation Failure)
[139.808s][info][gc,heap        ] GC(126) PSYoungGen: 226572K(269312K)->6347K(271872K) Eden: 219648K(219648K)->0K(219648K) From: 6924K(49664K)->6347K(52224K)
[139.808s][info][gc,heap        ] GC(126) ParOldGen: 603744K(604160K)->610656K(610816K)
[139.808s][info][gc,metaspace   ] GC(126) Metaspace: 41466K(41920K)->41466K(41920K) NonClass: 37134K(37440K)->37134K(37440K) Class: 4332K(4480K)->4332K(4480K)
[139.808s][info][gc             ] GC(126) Pause Young (Allocation Failure) 810M->602M(862M) 25.206ms
[139.808s][info][gc,cpu         ] GC(126) User=0.05s Sys=0.01s Real=0.03s
[140.131s][info][gc,start       ] GC(127) Pause Young (Allocation Failure)
[140.148s][info][gc,heap        ] GC(127) PSYoungGen: 224934K(271872K)->3934K(277504K) Eden: 218587K(219648K)->0K(232960K) From: 6347K(52224K)->3934K(44544K)
[140.148s][info][gc,heap        ] GC(127) ParOldGen: 610656K(610816K)->617054K(617472K)
[140.148s][info][gc,metaspace   ] GC(127) Metaspace: 41467K(41920K)->41467K(41920K) NonClass: 37135K(37440K)->37135K(37440K) Class: 4332K(4480K)->4332K(4480K)
[140.148s][info][gc             ] GC(127) Pause Young (Allocation Failure) 816M->606M(874M) 16.454ms
[140.148s][info][gc,cpu         ] GC(127) User=0.02s Sys=0.01s Real=0.02s
[140.834s][info][gc,start       ] GC(128) Pause Young (Allocation Failure)
[140.853s][info][gc,heap        ] GC(128) PSYoungGen: 236894K(277504K)->13911K(279040K) Eden: 232960K(232960K)->0K(232960K) From: 3934K(44544K)->13911K(46080K)
[140.853s][info][gc,heap        ] GC(128) ParOldGen: 617054K(617472K)->620907K(621056K)
[140.853s][info][gc,metaspace   ] GC(128) Metaspace: 41513K(41920K)->41513K(41920K) NonClass: 37181K(37440K)->37181K(37440K) Class: 4332K(4480K)->4332K(4480K)
[140.854s][info][gc             ] GC(128) Pause Young (Allocation Failure) 833M->619M(879M) 19.388ms
[140.854s][info][gc,cpu         ] GC(128) User=0.04s Sys=0.00s Real=0.02s
[141.575s][info][gc,start       ] GC(129) Pause Young (Allocation Failure)
[141.596s][info][gc,heap        ] GC(129) PSYoungGen: 246871K(279040K)->4133K(284160K) Eden: 232960K(232960K)->0K(243712K) From: 13911K(46080K)->4133K(40448K)
[141.596s][info][gc,heap        ] GC(129) ParOldGen: 620907K(621056K)->633727K(633856K)
[141.596s][info][gc,metaspace   ] GC(129) Metaspace: 41520K(41920K)->41520K(41920K) NonClass: 37188K(37440K)->37188K(37440K) Class: 4332K(4480K)->4332K(4480K)
[141.596s][info][gc             ] GC(129) Pause Young (Allocation Failure) 847M->622M(896M) 21.306ms
[141.597s][info][gc,cpu         ] GC(129) User=0.04s Sys=0.01s Real=0.03s
[142.258s][info][gc,start       ] GC(130) Pause Young (Allocation Failure)
[142.264s][info][gc,heap        ] GC(130) PSYoungGen: 247845K(284160K)->4199K(285696K) Eden: 243712K(243712K)->0K(243712K) From: 4133K(40448K)->4199K(41984K)
[142.264s][info][gc,heap        ] GC(130) ParOldGen: 633727K(633856K)->633905K(634368K)
[142.264s][info][gc,metaspace   ] GC(130) Metaspace: 41533K(41920K)->41533K(41920K) NonClass: 37201K(37440K)->37201K(37440K) Class: 4332K(4480K)->4332K(4480K)
[142.264s][info][gc             ] GC(130) Pause Young (Allocation Failure) 860M->623M(898M) 6.108ms
[142.264s][info][gc,cpu         ] GC(130) User=0.01s Sys=0.00s Real=0.00s
[142.929s][info][gc,start       ] GC(131) Pause Young (Allocation Failure)
[142.938s][info][gc,heap        ] GC(131) PSYoungGen: 247911K(285696K)->3075K(288768K) Eden: 243712K(243712K)->0K(252416K) From: 4199K(41984K)->3075K(36352K)
[142.938s][info][gc,heap        ] GC(131) ParOldGen: 633905K(634368K)->633921K(634368K)
[142.938s][info][gc,metaspace   ] GC(131) Metaspace: 41534K(41920K)->41534K(41920K) NonClass: 37202K(37440K)->37202K(37440K) Class: 4332K(4480K)->4332K(4480K)
[142.938s][info][gc             ] GC(131) Pause Young (Allocation Failure) 861M->622M(901M) 9.458ms
[142.938s][info][gc,cpu         ] GC(131) User=0.01s Sys=0.01s Real=0.01s
[143.802s][info][gc,start       ] GC(132) Pause Young (Allocation Failure)
[143.809s][info][gc,heap        ] GC(132) PSYoungGen: 255491K(288768K)->6850K(289792K) Eden: 252416K(252416K)->0K(252416K) From: 3075K(36352K)->6850K(37376K)
[143.809s][info][gc,heap        ] GC(132) ParOldGen: 633921K(634368K)->633977K(634368K)
[143.809s][info][gc,metaspace   ] GC(132) Metaspace: 41539K(41984K)->41539K(41984K) NonClass: 37207K(37504K)->37207K(37504K) Class: 4332K(4480K)->4332K(4480K)
[143.809s][info][gc             ] GC(132) Pause Young (Allocation Failure) 868M->625M(902M) 6.745ms
[143.809s][info][gc,cpu         ] GC(132) User=0.01s Sys=0.00s Real=0.01s
[144.975s][info][gc,start       ] GC(133) Pause Young (Allocation Failure)
[144.987s][info][gc,heap        ] GC(133) PSYoungGen: 259260K(289792K)->5298K(293888K) Eden: 252409K(252416K)->0K(261632K) From: 6850K(37376K)->5298K(32256K)
[144.987s][info][gc,heap        ] GC(133) ParOldGen: 633977K(634368K)->634097K(634368K)
[144.987s][info][gc,metaspace   ] GC(133) Metaspace: 41565K(41984K)->41565K(41984K) NonClass: 37233K(37504K)->37233K(37504K) Class: 4332K(4480K)->4332K(4480K)
[144.987s][info][gc             ] GC(133) Pause Young (Allocation Failure) 872M->624M(906M) 12.080ms
[144.987s][info][gc,cpu         ] GC(133) User=0.02s Sys=0.00s Real=0.02s
[146.417s][info][gc,start       ] GC(134) Pause Young (Allocation Failure)
[146.440s][info][gc,heap        ] GC(134) PSYoungGen: 266930K(293888K)->19130K(294400K) Eden: 261632K(261632K)->0K(261632K) From: 5298K(32256K)->19130K(32768K)
[146.440s][info][gc,heap        ] GC(134) ParOldGen: 634097K(634368K)->636851K(636928K)
[146.440s][info][gc,metaspace   ] GC(134) Metaspace: 41683K(42048K)->41683K(42048K) NonClass: 37350K(37568K)->37350K(37568K) Class: 4333K(4480K)->4333K(4480K)
[146.440s][info][gc             ] GC(134) Pause Young (Allocation Failure) 879M->640M(909M) 22.735ms
[146.440s][info][gc,cpu         ] GC(134) User=0.04s Sys=0.00s Real=0.02s
[147.165s][info][gc,start       ] GC(135) Pause Young (Allocation Failure)
[147.229s][info][gc,heap        ] GC(135) PSYoungGen: 280762K(294400K)->30028K(288256K) Eden: 261632K(261632K)->0K(253952K) From: 19130K(32768K)->30028K(34304K)
[147.229s][info][gc,heap        ] GC(135) ParOldGen: 636851K(636928K)->655559K(655872K)
[147.229s][info][gc,metaspace   ] GC(135) Metaspace: 41683K(42048K)->41683K(42048K) NonClass: 37350K(37568K)->37350K(37568K) Class: 4333K(4480K)->4333K(4480K)
[147.229s][info][gc             ] GC(135) Pause Young (Allocation Failure) 896M->669M(922M) 64.335ms
[147.229s][info][gc,cpu         ] GC(135) User=0.11s Sys=0.01s Real=0.07s
[147.924s][info][gc,start       ] GC(136) Pause Full (Allocation Failure)
[147.924s][info][gc,phases,start] GC(136) Marking Phase
[148.056s][info][gc,phases      ] GC(136) Marking Phase 131.936ms
[148.056s][info][gc,phases,start] GC(136) Summary Phase
[148.056s][info][gc,phases      ] GC(136) Summary Phase 0.032ms
[148.056s][info][gc,phases,start] GC(136) Forward
[148.085s][info][gc,phases      ] GC(136) Forward 29.144ms
[148.085s][info][gc,phases,start] GC(136) Adjust Pointers
[148.162s][info][gc,phases      ] GC(136) Adjust Pointers 77.088ms
[148.162s][info][gc,phases,start] GC(136) Compaction Phase
[148.199s][info][gc,phases      ] GC(136) Compaction Phase 37.379ms
[148.200s][info][gc,phases,start] GC(136) Post Compact
[148.204s][info][gc,phases      ] GC(136) Post Compact 4.042ms
[148.240s][info][gc,heap        ] GC(136) PSYoungGen: 283980K(288256K)->0K(293888K) Eden: 253952K(253952K)->0K(253952K) From: 30028K(34304K)->0K(39936K)
[148.240s][info][gc,heap        ] GC(136) ParOldGen: 655559K(655872K)->129847K(235008K)
[148.240s][info][gc,metaspace   ] GC(136) Metaspace: 41685K(42048K)->41685K(42048K) NonClass: 37351K(37568K)->37351K(37568K) Class: 4333K(4480K)->4333K(4480K)
[148.240s][info][gc             ] GC(136) Pause Full (Allocation Failure) 917M->126M(516M) 316.358ms
[148.240s][info][gc,cpu         ] GC(136) User=0.47s Sys=0.04s Real=0.32s
[152.190s][info][gc,start       ] GC(137) Pause Young (Allocation Failure)
[152.215s][info][gc,heap        ] GC(137) PSYoungGen: 253952K(293888K)->17871K(292864K) Eden: 253952K(253952K)->0K(253952K) From: 0K(39936K)->17871K(38912K)
[152.215s][info][gc,heap        ] GC(137) ParOldGen: 129847K(235008K)->129855K(235008K)
[152.215s][info][gc,metaspace   ] GC(137) Metaspace: 41716K(42112K)->41716K(42112K) NonClass: 37383K(37632K)->37383K(37632K) Class: 4333K(4480K)->4333K(4480K)
[152.215s][info][gc             ] GC(137) Pause Young (Allocation Failure) 374M->144M(515M) 24.796ms
[152.215s][info][gc,cpu         ] GC(137) User=0.05s Sys=0.00s Real=0.02s
[153.287s][info][gc,start       ] GC(138) Pause Young (Allocation Failure)
[153.313s][info][gc,heap        ] GC(138) PSYoungGen: 271823K(292864K)->7136K(261120K) Eden: 253952K(253952K)->0K(253952K) From: 17871K(38912K)->7136K(7168K)
[153.313s][info][gc,heap        ] GC(138) ParOldGen: 129855K(235008K)->147660K(235008K)
[153.313s][info][gc,metaspace   ] GC(138) Metaspace: 41766K(42176K)->41766K(42176K) NonClass: 37433K(37696K)->37433K(37696K) Class: 4333K(4480K)->4333K(4480K)
[153.313s][info][gc             ] GC(138) Pause Young (Allocation Failure) 392M->151M(484M) 26.042ms
[153.313s][info][gc,cpu         ] GC(138) User=0.05s Sys=0.00s Real=0.02s
[154.050s][info][gc,start       ] GC(139) Pause Young (Allocation Failure)
[154.090s][info][gc,heap        ] GC(139) PSYoungGen: 261088K(261120K)->32396K(286208K) Eden: 253952K(253952K)->0K(248832K) From: 7136K(7168K)->32396K(37376K)
[154.090s][info][gc,heap        ] GC(139) ParOldGen: 147660K(235008K)->154594K(235008K)
[154.090s][info][gc,metaspace   ] GC(139) Metaspace: 41766K(42176K)->41766K(42176K) NonClass: 37433K(37696K)->37433K(37696K) Class: 4333K(4480K)->4333K(4480K)
[154.090s][info][gc             ] GC(139) Pause Young (Allocation Failure) 399M->182M(509M) 39.962ms
[154.090s][info][gc,cpu         ] GC(139) User=0.08s Sys=0.00s Real=0.04s
[154.723s][info][gc,start       ] GC(140) Pause Young (Allocation Failure)
[154.783s][info][gc,heap        ] GC(140) PSYoungGen: 281228K(286208K)->28728K(278016K) Eden: 248832K(248832K)->0K(248832K) From: 32396K(37376K)->28728K(29184K)
[154.783s][info][gc,heap        ] GC(140) ParOldGen: 154594K(235008K)->187213K(235008K)
[154.783s][info][gc,metaspace   ] GC(140) Metaspace: 41766K(42176K)->41766K(42176K) NonClass: 37433K(37696K)->37433K(37696K) Class: 4333K(4480K)->4333K(4480K)
[154.783s][info][gc             ] GC(140) Pause Young (Allocation Failure) 425M->210M(501M) 59.793ms
[154.783s][info][gc,cpu         ] GC(140) User=0.12s Sys=0.00s Real=0.06s
[156.485s][info][gc,start       ] GC(141) Pause Young (Allocation Failure)
[156.535s][info][gc,heap        ] GC(141) PSYoungGen: 277560K(278016K)->24240K(288256K) Eden: 248832K(248832K)->0K(242688K) From: 28728K(29184K)->24240K(45568K)
[156.535s][info][gc,heap        ] GC(141) ParOldGen: 187213K(235008K)->215934K(235008K)
[156.535s][info][gc,metaspace   ] GC(141) Metaspace: 41767K(42176K)->41767K(42176K) NonClass: 37434K(37696K)->37434K(37696K) Class: 4333K(4480K)->4333K(4480K)
[156.536s][info][gc             ] GC(141) Pause Young (Allocation Failure) 453M->234M(511M) 50.189ms
[156.536s][info][gc,cpu         ] GC(141) User=0.09s Sys=0.00s Real=0.05s
[157.749s][info][gc,start       ] GC(142) Pause Young (Allocation Failure)
[157.780s][info][gc,heap        ] GC(142) PSYoungGen: 266928K(288256K)->14686K(257536K) Eden: 242688K(242688K)->0K(242688K) From: 24240K(45568K)->14686K(14848K)
[157.780s][info][gc,heap        ] GC(142) ParOldGen: 215934K(235008K)->238846K(239104K)
[157.780s][info][gc,metaspace   ] GC(142) Metaspace: 41767K(42176K)->41767K(42176K) NonClass: 37434K(37696K)->37434K(37696K) Class: 4333K(4480K)->4333K(4480K)
[157.780s][info][gc             ] GC(142) Pause Young (Allocation Failure) 471M->247M(485M) 30.818ms
[157.780s][info][gc,cpu         ] GC(142) User=0.06s Sys=0.00s Real=0.03s
[159.348s][info][gc,start       ] GC(143) Pause Young (Allocation Failure)
[159.390s][info][gc,heap        ] GC(143) PSYoungGen: 257374K(257536K)->24983K(285184K) Eden: 242688K(242688K)->0K(242176K) From: 14686K(14848K)->24983K(43008K)
[159.390s][info][gc,heap        ] GC(143) ParOldGen: 238846K(239104K)->252712K(252928K)
[159.390s][info][gc,metaspace   ] GC(143) Metaspace: 41769K(42176K)->41769K(42176K) NonClass: 37435K(37696K)->37435K(37696K) Class: 4333K(4480K)->4333K(4480K)
[159.390s][info][gc             ] GC(143) Pause Young (Allocation Failure) 484M->271M(525M) 41.643ms
[159.390s][info][gc,cpu         ] GC(143) User=0.07s Sys=0.01s Real=0.04s
[160.962s][info][gc,start       ] GC(144) Pause Young (Allocation Failure)
[161.035s][info][gc,heap        ] GC(144) PSYoungGen: 267159K(285184K)->21940K(285696K) Eden: 242176K(242176K)->0K(242176K) From: 24983K(43008K)->21940K(43520K)
[161.035s][info][gc,heap        ] GC(144) ParOldGen: 252712K(252928K)->277506K(278016K)
[161.035s][info][gc,metaspace   ] GC(144) Metaspace: 41769K(42176K)->41769K(42176K) NonClass: 37435K(37696K)->37435K(37696K) Class: 4333K(4480K)->4333K(4480K)
[161.035s][info][gc             ] GC(144) Pause Young (Allocation Failure) 507M->292M(550M) 73.029ms
[161.035s][info][gc,cpu         ] GC(144) User=0.13s Sys=0.02s Real=0.07s
[162.411s][info][gc,start       ] GC(145) Pause Young (Allocation Failure)
[162.465s][info][gc,heap        ] GC(145) PSYoungGen: 264116K(285696K)->28978K(287744K) Eden: 242176K(242176K)->0K(244736K) From: 21940K(43520K)->28978K(43008K)
[162.465s][info][gc,heap        ] GC(145) ParOldGen: 277506K(278016K)->299374K(299520K)
[162.465s][info][gc,metaspace   ] GC(145) Metaspace: 41769K(42176K)->41769K(42176K) NonClass: 37435K(37696K)->37435K(37696K) Class: 4333K(4480K)->4333K(4480K)
[162.465s][info][gc             ] GC(145) Pause Young (Allocation Failure) 528M->320M(573M) 53.746ms
[162.465s][info][gc,cpu         ] GC(145) User=0.09s Sys=0.02s Real=0.05s
[163.159s][info][gc,start       ] GC(146) Pause Young (Allocation Failure)
[163.226s][info][gc,heap        ] GC(146) PSYoungGen: 273714K(287744K)->31372K(276480K) Eden: 244736K(244736K)->0K(244736K) From: 28978K(43008K)->31372K(31744K)
[163.226s][info][gc,heap        ] GC(146) ParOldGen: 299374K(299520K)->328359K(328704K)
[163.226s][info][gc,metaspace   ] GC(146) Metaspace: 41769K(42176K)->41769K(42176K) NonClass: 37435K(37696K)->37435K(37696K) Class: 4333K(4480K)->4333K(4480K)
[163.226s][info][gc             ] GC(146) Pause Young (Allocation Failure) 559M->351M(591M) 67.839ms
[163.226s][info][gc,cpu         ] GC(146) User=0.11s Sys=0.03s Real=0.07s
[163.843s][info][gc,start       ] GC(147) Pause Young (Allocation Failure)
[163.918s][info][gc,heap        ] GC(147) PSYoungGen: 276108K(276480K)->28248K(286720K) Eden: 244736K(244736K)->0K(239616K) From: 31372K(31744K)->28248K(47104K)
[163.918s][info][gc,heap        ] GC(147) ParOldGen: 328359K(328704K)->359901K(359936K)
[163.918s][info][gc,metaspace   ] GC(147) Metaspace: 41769K(42176K)->41769K(42176K) NonClass: 37435K(37696K)->37435K(37696K) Class: 4333K(4480K)->4333K(4480K)
[163.918s][info][gc             ] GC(147) Pause Young (Allocation Failure) 590M->379M(631M) 75.025ms
[163.918s][info][gc,cpu         ] GC(147) User=0.12s Sys=0.03s Real=0.08s
[165.597s][info][gc,start       ] GC(148) Pause Young (Allocation Failure)
[165.664s][info][gc,heap        ] GC(148) PSYoungGen: 267864K(286720K)->25248K(265216K) Eden: 239616K(239616K)->0K(239616K) From: 28248K(47104K)->25248K(25600K)
[165.665s][info][gc,heap        ] GC(148) ParOldGen: 359901K(359936K)->388134K(388608K)
[165.665s][info][gc,metaspace   ] GC(148) Metaspace: 41769K(42176K)->41769K(42176K) NonClass: 37435K(37696K)->37435K(37696K) Class: 4333K(4480K)->4333K(4480K)
[165.665s][info][gc             ] GC(148) Pause Young (Allocation Failure) 613M->403M(638M) 67.945ms
[165.665s][info][gc,cpu         ] GC(148) User=0.11s Sys=0.03s Real=0.06s
[166.756s][info][gc,start       ] GC(149) Pause Young (Allocation Failure)
[166.796s][info][gc,heap        ] GC(149) PSYoungGen: 264864K(265216K)->9536K(286720K) Eden: 239616K(239616K)->0K(240128K) From: 25248K(25600K)->9536K(46592K)
[166.796s][info][gc,heap        ] GC(149) ParOldGen: 388134K(388608K)->410606K(410624K)
[166.796s][info][gc,metaspace   ] GC(149) Metaspace: 41769K(42176K)->41769K(42176K) NonClass: 37435K(37696K)->37435K(37696K) Class: 4333K(4480K)->4333K(4480K)
[166.796s][info][gc             ] GC(149) Pause Young (Allocation Failure) 637M->410M(681M) 39.856ms
[166.796s][info][gc,cpu         ] GC(149) User=0.05s Sys=0.03s Real=0.04s
[168.333s][info][gc,start       ] GC(150) Pause Young (Allocation Failure)
[168.341s][info][gc,heap        ] GC(150) PSYoungGen: 249664K(286720K)->512K(286208K) Eden: 240128K(240128K)->0K(240128K) From: 9536K(46592K)->512K(46080K)
[168.341s][info][gc,heap        ] GC(150) ParOldGen: 410606K(410624K)->415887K(416256K)
[168.341s][info][gc,metaspace   ] GC(150) Metaspace: 41769K(42176K)->41769K(42176K) NonClass: 37435K(37696K)->37435K(37696K) Class: 4333K(4480K)->4333K(4480K)
[168.341s][info][gc             ] GC(150) Pause Young (Allocation Failure) 644M->406M(686M) 7.709ms
[168.341s][info][gc,cpu         ] GC(150) User=0.01s Sys=0.00s Real=0.01s
[169.797s][info][gc,start       ] GC(151) Pause Young (Allocation Failure)
[169.822s][info][gc,heap        ] GC(151) PSYoungGen: 240640K(286208K)->23656K(287232K) Eden: 240128K(240128K)->0K(241152K) From: 512K(46080K)->23656K(46080K)
[169.822s][info][gc,heap        ] GC(151) ParOldGen: 415887K(416256K)->416318K(416768K)
[169.822s][info][gc,metaspace   ] GC(151) Metaspace: 41769K(42176K)->41769K(42176K) NonClass: 37435K(37696K)->37435K(37696K) Class: 4333K(4480K)->4333K(4480K)
[169.822s][info][gc             ] GC(151) Pause Young (Allocation Failure) 641M->429M(687M) 25.002ms
[169.822s][info][gc,cpu         ] GC(151) User=0.05s Sys=0.00s Real=0.02s
[171.201s][info][gc,start       ] GC(152) Pause Young (Allocation Failure)
[171.253s][info][gc,heap        ] GC(152) PSYoungGen: 264808K(287232K)->24406K(287232K) Eden: 241152K(241152K)->0K(241152K) From: 23656K(46080K)->24406K(46080K)
[171.253s][info][gc,heap        ] GC(152) ParOldGen: 416318K(416768K)->439626K(439808K)
[171.253s][info][gc,metaspace   ] GC(152) Metaspace: 41769K(42176K)->41769K(42176K) NonClass: 37435K(37696K)->37435K(37696K) Class: 4333K(4480K)->4333K(4480K)
[171.253s][info][gc             ] GC(152) Pause Young (Allocation Failure) 665M->453M(710M) 52.318ms
[171.253s][info][gc,cpu         ] GC(152) User=0.08s Sys=0.02s Real=0.05s
[172.296s][info][gc,start       ] GC(153) Pause Young (Allocation Failure)
[172.340s][info][gc,heap        ] GC(153) PSYoungGen: 265558K(287232K)->12871K(285184K) Eden: 241152K(241152K)->0K(242176K) From: 24406K(46080K)->12871K(43008K)
[172.340s][info][gc,heap        ] GC(153) ParOldGen: 439626K(439808K)->464145K(464384K)
[172.340s][info][gc,metaspace   ] GC(153) Metaspace: 41786K(42240K)->41786K(42240K) NonClass: 37453K(37760K)->37453K(37760K) Class: 4333K(4480K)->4333K(4480K)
[172.340s][info][gc             ] GC(153) Pause Young (Allocation Failure) 688M->465M(732M) 43.848ms
[172.340s][info][gc,cpu         ] GC(153) User=0.06s Sys=0.03s Real=0.04s
[173.397s][info][gc,start       ] GC(154) Pause Young (Allocation Failure)
[173.404s][info][gc,heap        ] GC(154) PSYoungGen: 255036K(285184K)->5725K(286208K) Eden: 242164K(242176K)->0K(242176K) From: 12871K(43008K)->5725K(44032K)
[173.404s][info][gc,heap        ] GC(154) ParOldGen: 464145K(464384K)->465059K(465408K)
[173.404s][info][gc,metaspace   ] GC(154) Metaspace: 41792K(42240K)->41792K(42240K) NonClass: 37459K(37760K)->37459K(37760K) Class: 4333K(4480K)->4333K(4480K)
[173.404s][info][gc             ] GC(154) Pause Young (Allocation Failure) 702M->459M(734M) 7.136ms
[173.404s][info][gc,cpu         ] GC(154) User=0.02s Sys=0.00s Real=0.00s
[174.464s][info][gc,start       ] GC(155) Pause Young (Allocation Failure)
[174.472s][info][gc,heap        ] GC(155) PSYoungGen: 247901K(286208K)->5764K(288256K) Eden: 242176K(242176K)->0K(246272K) From: 5725K(44032K)->5764K(41984K)
[174.472s][info][gc,heap        ] GC(155) ParOldGen: 465059K(465408K)->466391K(466432K)
[174.472s][info][gc,metaspace   ] GC(155) Metaspace: 41797K(42240K)->41797K(42240K) NonClass: 37464K(37760K)->37464K(37760K) Class: 4333K(4480K)->4333K(4480K)
[174.472s][info][gc             ] GC(155) Pause Young (Allocation Failure) 696M->461M(737M) 7.926ms
[174.472s][info][gc,cpu         ] GC(155) User=0.02s Sys=0.00s Real=0.01s
[175.400s][info][gc,start       ] GC(156) Pause Young (Allocation Failure)
[175.405s][info][gc,heap        ] GC(156) PSYoungGen: 252036K(288256K)->1372K(289280K) Eden: 246272K(246272K)->0K(246272K) From: 5764K(41984K)->1372K(43008K)
[175.405s][info][gc,heap        ] GC(156) ParOldGen: 466391K(466432K)->467567K(467968K)
[175.405s][info][gc,metaspace   ] GC(156) Metaspace: 41797K(42240K)->41797K(42240K) NonClass: 37464K(37760K)->37464K(37760K) Class: 4333K(4480K)->4333K(4480K)
[175.405s][info][gc             ] GC(156) Pause Young (Allocation Failure) 701M->457M(739M) 4.634ms
[175.405s][info][gc,cpu         ] GC(156) User=0.01s Sys=0.00s Real=0.00s
[176.291s][info][gc,start       ] GC(157) Pause Young (Allocation Failure)
[176.316s][info][gc,heap        ] GC(157) PSYoungGen: 247644K(289280K)->26688K(287232K) Eden: 246272K(246272K)->0K(244736K) From: 1372K(43008K)->26688K(42496K)
[176.316s][info][gc,heap        ] GC(157) ParOldGen: 467567K(467968K)->468663K(468992K)
[176.316s][info][gc,metaspace   ] GC(157) Metaspace: 41797K(42240K)->41797K(42240K) NonClass: 37464K(37760K)->37464K(37760K) Class: 4333K(4480K)->4333K(4480K)
[176.316s][info][gc             ] GC(157) Pause Young (Allocation Failure) 698M->483M(738M) 25.050ms
[176.316s][info][gc,cpu         ] GC(157) User=0.05s Sys=0.00s Real=0.03s
[177.434s][info][gc,start       ] GC(158) Pause Young (Allocation Failure)
[177.444s][info][gc,heap        ] GC(158) PSYoungGen: 271424K(287232K)->9388K(289280K) Eden: 244736K(244736K)->0K(244736K) From: 26688K(42496K)->9388K(44544K)
[177.444s][info][gc,heap        ] GC(158) ParOldGen: 468663K(468992K)->469415K(469504K)
[177.444s][info][gc,metaspace   ] GC(158) Metaspace: 41798K(42240K)->41798K(42240K) NonClass: 37465K(37760K)->37465K(37760K) Class: 4333K(4480K)->4333K(4480K)
[177.444s][info][gc             ] GC(158) Pause Young (Allocation Failure) 722M->467M(741M) 10.690ms
[177.444s][info][gc,cpu         ] GC(158) User=0.02s Sys=0.00s Real=0.01s
[178.375s][info][gc,start       ] GC(159) Pause Young (Allocation Failure)
[178.381s][info][gc,heap        ] GC(159) PSYoungGen: 254124K(289280K)->4453K(287232K) Eden: 244736K(244736K)->0K(246784K) From: 9388K(44544K)->4453K(40448K)
[178.381s][info][gc,heap        ] GC(159) ParOldGen: 469415K(469504K)->470487K(470528K)
[178.381s][info][gc,metaspace   ] GC(159) Metaspace: 41798K(42240K)->41798K(42240K) NonClass: 37465K(37760K)->37465K(37760K) Class: 4333K(4480K)->4333K(4480K)
[178.381s][info][gc             ] GC(159) Pause Young (Allocation Failure) 706M->463M(740M) 6.141ms
[178.381s][info][gc,cpu         ] GC(159) User=0.01s Sys=0.00s Real=0.01s
[179.356s][info][gc,start       ] GC(160) Pause Young (Allocation Failure)
[179.360s][info][gc,heap        ] GC(160) PSYoungGen: 251237K(287232K)->1200K(288256K) Eden: 246784K(246784K)->0K(246784K) From: 4453K(40448K)->1200K(41472K)
[179.361s][info][gc,heap        ] GC(160) ParOldGen: 470487K(470528K)->471507K(471552K)
[179.361s][info][gc,metaspace   ] GC(160) Metaspace: 41798K(42240K)->41798K(42240K) NonClass: 37465K(37760K)->37465K(37760K) Class: 4333K(4480K)->4333K(4480K)
[179.361s][info][gc             ] GC(160) Pause Young (Allocation Failure) 704M->461M(742M) 4.568ms
[179.361s][info][gc,cpu         ] GC(160) User=0.01s Sys=0.00s Real=0.00s
[180.527s][info][gc,start       ] GC(161) Pause Young (Allocation Failure)
[180.553s][info][gc,heap        ] GC(161) PSYoungGen: 247984K(288256K)->11437K(286720K) Eden: 246784K(246784K)->0K(251392K) From: 1200K(41472K)->11437K(35328K)
[180.553s][info][gc,heap        ] GC(161) ParOldGen: 471507K(471552K)->472547K(472576K)
[180.553s][info][gc,metaspace   ] GC(161) Metaspace: 41798K(42240K)->41798K(42240K) NonClass: 37465K(37760K)->37465K(37760K) Class: 4333K(4480K)->4333K(4480K)
[180.553s][info][gc             ] GC(161) Pause Young (Allocation Failure) 702M->472M(741M) 25.950ms
[180.553s][info][gc,cpu         ] GC(161) User=0.03s Sys=0.00s Real=0.02s
[181.460s][info][gc,start       ] GC(162) Pause Young (Allocation Failure)
[181.496s][info][gc,heap        ] GC(162) PSYoungGen: 262829K(286720K)->37319K(288768K) Eden: 251392K(251392K)->0K(251392K) From: 11437K(35328K)->37319K(37376K)
[181.496s][info][gc,heap        ] GC(162) ParOldGen: 472547K(472576K)->473435K(473600K)
[181.496s][info][gc,metaspace   ] GC(162) Metaspace: 41801K(42240K)->41801K(42240K) NonClass: 37468K(37760K)->37468K(37760K) Class: 4333K(4480K)->4333K(4480K)
[181.496s][info][gc             ] GC(162) Pause Young (Allocation Failure) 718M->498M(744M) 35.376ms
[181.496s][info][gc,cpu         ] GC(162) User=0.07s Sys=0.00s Real=0.03s
[182.803s][info][gc,start       ] GC(163) Pause Young (Allocation Failure)
[182.857s][info][gc,heap        ] GC(163) PSYoungGen: 288711K(288768K)->21532K(289280K) Eden: 251392K(251392K)->0K(244224K) From: 37319K(37376K)->21532K(45056K)
[182.857s][info][gc,heap        ] GC(163) ParOldGen: 473435K(473600K)->493662K(494080K)
[182.857s][info][gc,metaspace   ] GC(163) Metaspace: 41801K(42240K)->41801K(42240K) NonClass: 37468K(37760K)->37468K(37760K) Class: 4333K(4480K)->4333K(4480K)
[182.857s][info][gc             ] GC(163) Pause Young (Allocation Failure) 744M->503M(765M) 54.314ms
[182.857s][info][gc,cpu         ] GC(163) User=0.09s Sys=0.02s Real=0.06s
[184.132s][info][gc,start       ] GC(164) Pause Young (Allocation Failure)
[184.197s][info][gc,heap        ] GC(164) PSYoungGen: 265756K(289280K)->30689K(274944K) Eden: 244224K(244224K)->0K(244224K) From: 21532K(45056K)->30689K(30720K)
[184.197s][info][gc,heap        ] GC(164) ParOldGen: 493662K(494080K)->514871K(515072K)
[184.197s][info][gc,metaspace   ] GC(164) Metaspace: 41801K(42240K)->41801K(42240K) NonClass: 37468K(37760K)->37468K(37760K) Class: 4333K(4480K)->4333K(4480K)
[184.197s][info][gc             ] GC(164) Pause Young (Allocation Failure) 741M->532M(771M) 65.070ms
[184.197s][info][gc,cpu         ] GC(164) User=0.12s Sys=0.01s Real=0.07s
[185.060s][info][gc,start       ] GC(165) Pause Young (Allocation Failure)
[185.121s][info][gc,heap        ] GC(165) PSYoungGen: 274888K(274944K)->43412K(273408K) Eden: 244198K(244224K)->0K(226304K) From: 30689K(30720K)->43412K(47104K)
[185.121s][info][gc,heap        ] GC(165) ParOldGen: 514871K(515072K)->535589K(536064K)
[185.121s][info][gc,metaspace   ] GC(165) Metaspace: 41808K(42240K)->41808K(42240K) NonClass: 37475K(37760K)->37475K(37760K) Class: 4333K(4480K)->4333K(4480K)
[185.121s][info][gc             ] GC(165) Pause Young (Allocation Failure) 771M->565M(790M) 60.809ms
[185.121s][info][gc,cpu         ] GC(165) User=0.11s Sys=0.01s Real=0.06s
[186.006s][info][gc,start       ] GC(166) Pause Young (Allocation Failure)
[186.039s][info][gc,heap        ] GC(166) PSYoungGen: 269716K(273408K)->31259K(258048K) Eden: 226304K(226304K)->0K(226304K) From: 43412K(47104K)->31259K(31744K)
[186.039s][info][gc,heap        ] GC(166) ParOldGen: 535589K(536064K)->545631K(545792K)
[186.039s][info][gc,metaspace   ] GC(166) Metaspace: 41808K(42240K)->41808K(42240K) NonClass: 37475K(37760K)->37475K(37760K) Class: 4333K(4480K)->4333K(4480K)
[186.039s][info][gc             ] GC(166) Pause Young (Allocation Failure) 786M->563M(785M) 32.524ms
[186.039s][info][gc,cpu         ] GC(166) User=0.06s Sys=0.01s Real=0.03s
[186.953s][info][gc,start       ] GC(167) Pause Young (Allocation Failure)
[186.984s][info][gc,heap        ] GC(167) PSYoungGen: 257563K(258048K)->44217K(268800K) Eden: 226304K(226304K)->0K(214016K) From: 31259K(31744K)->44217K(54784K)
[186.984s][info][gc,heap        ] GC(167) ParOldGen: 545631K(545792K)->546131K(546304K)
[186.984s][info][gc,metaspace   ] GC(167) Metaspace: 41815K(42240K)->41815K(42240K) NonClass: 37481K(37760K)->37481K(37760K) Class: 4333K(4480K)->4333K(4480K)
[186.984s][info][gc             ] GC(167) Pause Young (Allocation Failure) 784M->576M(796M) 31.003ms
[186.984s][info][gc,cpu         ] GC(167) User=0.06s Sys=0.00s Real=0.03s
[187.910s][info][gc,start       ] GC(168) Pause Young (Allocation Failure)
[187.915s][info][gc,heap        ] GC(168) PSYoungGen: 258233K(268800K)->1280K(273920K) Eden: 214016K(214016K)->0K(214016K) From: 44217K(54784K)->1280K(59904K)
[187.915s][info][gc,heap        ] GC(168) ParOldGen: 546131K(546304K)->546930K(547328K)
[187.915s][info][gc,metaspace   ] GC(168) Metaspace: 41815K(42240K)->41815K(42240K) NonClass: 37482K(37760K)->37482K(37760K) Class: 4333K(4480K)->4333K(4480K)
[187.915s][info][gc             ] GC(168) Pause Young (Allocation Failure) 785M->535M(802M) 4.933ms
[187.915s][info][gc,cpu         ] GC(168) User=0.01s Sys=0.00s Real=0.00s
[188.797s][info][gc,start       ] GC(169) Pause Young (Allocation Failure)
[188.837s][info][gc,heap        ] GC(169) PSYoungGen: 215296K(273920K)->59892K(251392K) Eden: 214016K(214016K)->0K(191488K) From: 1280K(59904K)->59892K(59904K)
[188.837s][info][gc,heap        ] GC(169) ParOldGen: 546930K(547328K)->548338K(548352K)
[188.837s][info][gc,metaspace   ] GC(169) Metaspace: 41815K(42240K)->41815K(42240K) NonClass: 37482K(37760K)->37482K(37760K) Class: 4333K(4480K)->4333K(4480K)
[188.837s][info][gc             ] GC(169) Pause Young (Allocation Failure) 744M->593M(781M) 39.931ms
[188.837s][info][gc,cpu         ] GC(169) User=0.07s Sys=0.01s Real=0.04s
[189.653s][info][gc,start       ] GC(170) Pause Young (Allocation Failure)
[189.743s][info][gc,heap        ] GC(170) PSYoungGen: 251380K(251392K)->50917K(242688K) Eden: 191488K(191488K)->0K(191488K) From: 59892K(59904K)->50917K(51200K)
[189.743s][info][gc,heap        ] GC(170) ParOldGen: 548338K(548352K)->602648K(603136K)
[189.743s][info][gc,metaspace   ] GC(170) Metaspace: 41815K(42240K)->41815K(42240K) NonClass: 37482K(37760K)->37482K(37760K) Class: 4333K(4480K)->4333K(4480K)
[189.743s][info][gc             ] GC(170) Pause Young (Allocation Failure) 780M->638M(826M) 89.552ms
[189.743s][info][gc,cpu         ] GC(170) User=0.14s Sys=0.04s Real=0.09s
[190.570s][info][gc,start       ] GC(171) Pause Young (Allocation Failure)
[190.657s][info][gc,heap        ] GC(171) PSYoungGen: 242405K(242688K)->73130K(233984K) Eden: 191488K(191488K)->0K(157696K) From: 50917K(51200K)->73130K(76288K)
[190.657s][info][gc,heap        ] GC(171) ParOldGen: 602648K(603136K)->634452K(634880K)
[190.657s][info][gc,metaspace   ] GC(171) Metaspace: 41815K(42240K)->41815K(42240K) NonClass: 37482K(37760K)->37482K(37760K) Class: 4333K(4480K)->4333K(4480K)
[190.657s][info][gc             ] GC(171) Pause Young (Allocation Failure) 825M->690M(848M) 87.697ms
[190.657s][info][gc,cpu         ] GC(171) User=0.15s Sys=0.02s Real=0.09s
[191.290s][info][gc,start       ] GC(172) Pause Full (Allocation Failure)
[191.290s][info][gc,phases,start] GC(172) Marking Phase
[191.365s][info][gc,phases      ] GC(172) Marking Phase 74.993ms
[191.365s][info][gc,phases,start] GC(172) Summary Phase
[191.365s][info][gc,phases      ] GC(172) Summary Phase 0.030ms
[191.365s][info][gc,phases,start] GC(172) Forward
[191.378s][info][gc,phases      ] GC(172) Forward 12.672ms
[191.378s][info][gc,phases,start] GC(172) Adjust Pointers
[191.418s][info][gc,phases      ] GC(172) Adjust Pointers 40.576ms
[191.418s][info][gc,phases,start] GC(172) Compaction Phase
[191.435s][info][gc,phases      ] GC(172) Compaction Phase 16.793ms
[191.435s][info][gc,phases,start] GC(172) Post Compact
[191.439s][info][gc,phases      ] GC(172) Post Compact 3.748ms
[191.474s][info][gc,heap        ] GC(172) PSYoungGen: 230826K(233984K)->0K(245760K) Eden: 157696K(157696K)->0K(157696K) From: 73130K(76288K)->0K(88064K)
[191.475s][info][gc,heap        ] GC(172) ParOldGen: 634452K(634880K)->84662K(218112K)
[191.475s][info][gc,metaspace   ] GC(172) Metaspace: 41817K(42240K)->41817K(42240K) NonClass: 37484K(37760K)->37484K(37760K) Class: 4333K(4480K)->4333K(4480K)
[191.475s][info][gc             ] GC(172) Pause Full (Allocation Failure) 844M->82M(453M) 184.803ms
[191.475s][info][gc,cpu         ] GC(172) User=0.23s Sys=0.03s Real=0.18s
[192.213s][info][gc,start       ] GC(173) Pause Young (Allocation Failure)
[192.227s][info][gc,heap        ] GC(173) PSYoungGen: 157696K(245760K)->19982K(238592K) Eden: 157696K(157696K)->0K(157696K) From: 0K(88064K)->19982K(80896K)
[192.227s][info][gc,heap        ] GC(173) ParOldGen: 84662K(218112K)->84662K(218112K)
[192.227s][info][gc,metaspace   ] GC(173) Metaspace: 41817K(42240K)->41817K(42240K) NonClass: 37484K(37760K)->37484K(37760K) Class: 4333K(4480K)->4333K(4480K)
[192.227s][info][gc             ] GC(173) Pause Young (Allocation Failure) 236M->102M(446M) 14.259ms
[192.227s][info][gc,cpu         ] GC(173) User=0.03s Sys=0.00s Real=0.02s
[192.819s][info][gc,start       ] GC(174) Pause Young (Allocation Failure)
[192.839s][info][gc,heap        ] GC(174) PSYoungGen: 177678K(238592K)->5610K(242176K) Eden: 157696K(157696K)->0K(157696K) From: 19982K(80896K)->5610K(84480K)
[192.839s][info][gc,heap        ] GC(174) ParOldGen: 84662K(218112K)->103041K(218112K)
[192.839s][info][gc,metaspace   ] GC(174) Metaspace: 41817K(42240K)->41817K(42240K) NonClass: 37484K(37760K)->37484K(37760K) Class: 4333K(4480K)->4333K(4480K)
[192.839s][info][gc             ] GC(174) Pause Young (Allocation Failure) 256M->106M(449M) 20.322ms
[192.839s][info][gc,cpu         ] GC(174) User=0.03s Sys=0.00s Real=0.02s
[193.394s][info][gc,start       ] GC(175) Pause Young (Allocation Failure)
[193.414s][info][gc,heap        ] GC(175) PSYoungGen: 163306K(242176K)->28939K(238080K) Eden: 157696K(157696K)->0K(165888K) From: 5610K(84480K)->28939K(72192K)
[193.414s][info][gc,heap        ] GC(175) ParOldGen: 103041K(218112K)->103954K(218112K)
[193.414s][info][gc,metaspace   ] GC(175) Metaspace: 41817K(42240K)->41817K(42240K) NonClass: 37484K(37760K)->37484K(37760K) Class: 4333K(4480K)->4333K(4480K)
[193.414s][info][gc             ] GC(175) Pause Young (Allocation Failure) 260M->129M(445M) 20.483ms
[193.414s][info][gc,cpu         ] GC(175) User=0.04s Sys=0.01s Real=0.02s
[194.043s][info][gc,start       ] GC(176) Pause Young (Allocation Failure)
[194.059s][info][gc,heap        ] GC(176) PSYoungGen: 194827K(238080K)->22048K(244224K) Eden: 165888K(165888K)->0K(165888K) From: 28939K(72192K)->22048K(78336K)
[194.059s][info][gc,heap        ] GC(176) ParOldGen: 103954K(218112K)->104397K(218112K)
[194.059s][info][gc,metaspace   ] GC(176) Metaspace: 41817K(42240K)->41817K(42240K) NonClass: 37484K(37760K)->37484K(37760K) Class: 4333K(4480K)->4333K(4480K)
[194.059s][info][gc             ] GC(176) Pause Young (Allocation Failure) 291M->123M(451M) 15.537ms
[194.059s][info][gc,cpu         ] GC(176) User=0.03s Sys=0.00s Real=0.02s
[194.625s][info][gc,start       ] GC(177) Pause Young (Allocation Failure)
[194.630s][info][gc,heap        ] GC(177) PSYoungGen: 187936K(244224K)->5012K(252416K) Eden: 165888K(165888K)->0K(181248K) From: 22048K(78336K)->5012K(71168K)
[194.630s][info][gc,heap        ] GC(177) ParOldGen: 104397K(218112K)->104774K(218112K)
[194.630s][info][gc,metaspace   ] GC(177) Metaspace: 41817K(42240K)->41817K(42240K) NonClass: 37484K(37760K)->37484K(37760K) Class: 4333K(4480K)->4333K(4480K)
[194.630s][info][gc             ] GC(177) Pause Young (Allocation Failure) 285M->107M(459M) 4.506ms
[194.630s][info][gc,cpu         ] GC(177) User=0.00s Sys=0.00s Real=0.01s
[195.188s][info][gc,start       ] GC(178) Pause Young (Allocation Failure)
[195.202s][info][gc,heap        ] GC(178) PSYoungGen: 186260K(252416K)->21437K(254976K) Eden: 181248K(181248K)->0K(181248K) From: 5012K(71168K)->21437K(73728K)
[195.202s][info][gc,heap        ] GC(178) ParOldGen: 104774K(218112K)->105093K(218112K)
[195.202s][info][gc,metaspace   ] GC(178) Metaspace: 41820K(42240K)->41820K(42240K) NonClass: 37486K(37760K)->37486K(37760K) Class: 4333K(4480K)->4333K(4480K)
[195.202s][info][gc             ] GC(178) Pause Young (Allocation Failure) 284M->123M(462M) 13.607ms
[195.202s][info][gc,cpu         ] GC(178) User=0.03s Sys=0.00s Real=0.01s
[195.834s][info][gc,start       ] GC(179) Pause Young (Allocation Failure)
[195.845s][info][gc,heap        ] GC(179) PSYoungGen: 202685K(254976K)->556K(259072K) Eden: 181248K(181248K)->0K(189440K) From: 21437K(73728K)->556K(69632K)
[195.846s][info][gc,heap        ] GC(179) ParOldGen: 105093K(218112K)->125669K(218112K)
[195.846s][info][gc,metaspace   ] GC(179) Metaspace: 41820K(42240K)->41820K(42240K) NonClass: 37486K(37760K)->37486K(37760K) Class: 4333K(4480K)->4333K(4480K)
[195.846s][info][gc             ] GC(179) Pause Young (Allocation Failure) 300M->123M(466M) 12.031ms
[195.846s][info][gc,cpu         ] GC(179) User=0.02s Sys=0.00s Real=0.01s
[196.495s][info][gc,start       ] GC(180) Pause Young (Allocation Failure)
[196.500s][info][gc,heap        ] GC(180) PSYoungGen: 189996K(259072K)->4298K(258560K) Eden: 189440K(189440K)->0K(189440K) From: 556K(69632K)->4298K(69120K)
[196.500s][info][gc,heap        ] GC(180) ParOldGen: 125669K(218112K)->125685K(218112K)
[196.500s][info][gc,metaspace   ] GC(180) Metaspace: 41822K(42240K)->41822K(42240K) NonClass: 37489K(37760K)->37489K(37760K) Class: 4333K(4480K)->4333K(4480K)
[196.500s][info][gc             ] GC(180) Pause Young (Allocation Failure) 308M->126M(465M) 4.606ms
[196.500s][info][gc,cpu         ] GC(180) User=0.01s Sys=0.00s Real=0.01s
[196.878s][info][gc,start       ] GC(181) Pause Young (Allocation Failure)
[196.882s][info][gc,heap        ] GC(181) PSYoungGen: 193738K(258560K)->1614K(263168K) Eden: 189440K(189440K)->0K(196608K) From: 4298K(69120K)->1614K(66560K)
[196.882s][info][gc,heap        ] GC(181) ParOldGen: 125685K(218112K)->127632K(218112K)
[196.882s][info][gc,metaspace   ] GC(181) Metaspace: 41823K(42240K)->41823K(42240K) NonClass: 37489K(37760K)->37489K(37760K) Class: 4333K(4480K)->4333K(4480K)
[196.882s][info][gc             ] GC(181) Pause Young (Allocation Failure) 311M->126M(470M) 3.714ms
[196.882s][info][gc,cpu         ] GC(181) User=0.01s Sys=0.00s Real=0.00s
[197.274s][info][gc,start       ] GC(182) Pause Young (Allocation Failure)
[197.277s][info][gc,heap        ] GC(182) PSYoungGen: 198222K(263168K)->3118K(263168K) Eden: 196608K(196608K)->0K(196608K) From: 1614K(66560K)->3118K(66560K)
[197.277s][info][gc,heap        ] GC(182) ParOldGen: 127632K(218112K)->127744K(218112K)
[197.277s][info][gc,metaspace   ] GC(182) Metaspace: 41823K(42240K)->41823K(42240K) NonClass: 37489K(37760K)->37489K(37760K) Class: 4333K(4480K)->4333K(4480K)
[197.277s][info][gc             ] GC(182) Pause Young (Allocation Failure) 318M->127M(470M) 3.479ms
[197.277s][info][gc,cpu         ] GC(182) User=0.01s Sys=0.00s Real=0.01s
[197.675s][info][gc,start       ] GC(183) Pause Young (Allocation Failure)
[197.683s][info][gc,heap        ] GC(183) PSYoungGen: 198368K(263168K)->10211K(262144K) Eden: 195249K(196608K)->0K(202752K) From: 3118K(66560K)->10211K(59392K)
[197.683s][info][gc,heap        ] GC(183) ParOldGen: 127744K(218112K)->127988K(218112K)
[197.683s][info][gc,metaspace   ] GC(183) Metaspace: 41852K(42304K)->41852K(42304K) NonClass: 37518K(37824K)->37518K(37824K) Class: 4334K(4480K)->4334K(4480K)
[197.683s][info][gc             ] GC(183) Pause Young (Allocation Failure) 318M->134M(469M) 7.554ms
[197.683s][info][gc,cpu         ] GC(183) User=0.01s Sys=0.00s Real=0.01s
[197.973s][info][gc,start       ] GC(184) Pause Young (Allocation Failure)
[197.981s][info][gc,heap        ] GC(184) PSYoungGen: 212034K(262144K)->2024K(263680K) Eden: 201822K(202752K)->0K(202752K) From: 10211K(59392K)->2024K(60928K)
[197.981s][info][gc,heap        ] GC(184) ParOldGen: 127988K(218112K)->137927K(218112K)
[197.981s][info][gc,metaspace   ] GC(184) Metaspace: 41852K(42304K)->41852K(42304K) NonClass: 37518K(37824K)->37518K(37824K) Class: 4334K(4480K)->4334K(4480K)
[197.981s][info][gc             ] GC(184) Pause Young (Allocation Failure) 332M->136M(470M) 8.326ms
[197.981s][info][gc,cpu         ] GC(184) User=0.01s Sys=0.00s Real=0.01s
[198.257s][info][gc,start       ] GC(185) Pause Young (Allocation Failure)
[198.264s][info][gc,heap        ] GC(185) PSYoungGen: 204438K(263680K)->1972K(269312K) Eden: 202413K(202752K)->0K(214016K) From: 2024K(60928K)->1972K(55296K)
[198.264s][info][gc,heap        ] GC(185) ParOldGen: 137927K(218112K)->139918K(218112K)
[198.264s][info][gc,metaspace   ] GC(185) Metaspace: 41853K(42304K)->41853K(42304K) NonClass: 37518K(37824K)->37518K(37824K) Class: 4334K(4480K)->4334K(4480K)
[198.264s][info][gc             ] GC(185) Pause Young (Allocation Failure) 334M->138M(476M) 7.436ms
[198.265s][info][gc,cpu         ] GC(185) User=0.02s Sys=0.00s Real=0.00s
[198.587s][info][gc,start       ] GC(186) Pause Young (Allocation Failure)
[198.592s][info][gc,heap        ] GC(186) PSYoungGen: 215988K(269312K)->2431K(270848K) Eden: 214016K(214016K)->0K(214016K) From: 1972K(55296K)->2431K(56832K)
[198.592s][info][gc,heap        ] GC(186) ParOldGen: 139918K(218112K)->141879K(218112K)
[198.592s][info][gc,metaspace   ] GC(186) Metaspace: 41854K(42304K)->41854K(42304K) NonClass: 37520K(37824K)->37520K(37824K) Class: 4334K(4480K)->4334K(4480K)
[198.592s][info][gc             ] GC(186) Pause Young (Allocation Failure) 347M->140M(477M) 5.051ms
[198.592s][info][gc,cpu         ] GC(186) User=0.00s Sys=0.00s Real=0.00s
[198.918s][info][gc,start       ] GC(187) Pause Young (Allocation Failure)
[198.939s][info][gc,heap        ] GC(187) PSYoungGen: 215936K(270848K)->6956K(270336K) Eden: 213504K(214016K)->0K(222208K) From: 2431K(56832K)->6956K(48128K)
[198.939s][info][gc,heap        ] GC(187) ParOldGen: 141879K(218112K)->144243K(218112K)
[198.939s][info][gc,metaspace   ] GC(187) Metaspace: 41854K(42304K)->41854K(42304K) NonClass: 37520K(37824K)->37520K(37824K) Class: 4334K(4480K)->4334K(4480K)
[198.939s][info][gc             ] GC(187) Pause Young (Allocation Failure) 349M->147M(477M) 20.945ms
[198.939s][info][gc,cpu         ] GC(187) User=0.04s Sys=0.00s Real=0.02s
[199.270s][info][gc,start       ] GC(188) Pause Young (Allocation Failure)
[199.286s][info][gc,heap        ] GC(188) PSYoungGen: 229164K(270336K)->5748K(273408K) Eden: 222208K(222208K)->0K(222208K) From: 6956K(48128K)->5748K(51200K)
[199.286s][info][gc,heap        ] GC(188) ParOldGen: 144243K(218112K)->151217K(218112K)
[199.286s][info][gc,metaspace   ] GC(188) Metaspace: 41856K(42304K)->41856K(42304K) NonClass: 37521K(37824K)->37521K(37824K) Class: 4334K(4480K)->4334K(4480K)
[199.286s][info][gc             ] GC(188) Pause Young (Allocation Failure) 364M->153M(480M) 15.750ms
[199.286s][info][gc,cpu         ] GC(188) User=0.03s Sys=0.00s Real=0.02s
[199.612s][info][gc,start       ] GC(189) Pause Young (Allocation Failure)
[199.623s][info][gc,heap        ] GC(189) PSYoungGen: 227740K(273408K)->4438K(276992K) Eden: 221992K(222208K)->0K(233984K) From: 5748K(51200K)->4438K(43008K)
[199.623s][info][gc,heap        ] GC(189) ParOldGen: 151217K(218112K)->157028K(218112K)
[199.623s][info][gc,metaspace   ] GC(189) Metaspace: 41857K(42304K)->41857K(42304K) NonClass: 37523K(37824K)->37523K(37824K) Class: 4334K(4480K)->4334K(4480K)
[199.623s][info][gc             ] GC(189) Pause Young (Allocation Failure) 370M->157M(483M) 11.141ms
[199.623s][info][gc,cpu         ] GC(189) User=0.02s Sys=0.00s Real=0.01s
[200.183s][info][gc,start       ] GC(190) Pause Young (Allocation Failure)
[200.199s][info][gc,heap        ] GC(190) PSYoungGen: 237671K(276992K)->13732K(280064K) Eden: 233232K(233984K)->0K(233984K) From: 4438K(43008K)->13732K(46080K)
[200.199s][info][gc,heap        ] GC(190) ParOldGen: 157028K(218112K)->161295K(218112K)
[200.199s][info][gc,metaspace   ] GC(190) Metaspace: 41947K(42368K)->41947K(42368K) NonClass: 37610K(37888K)->37610K(37888K) Class: 4336K(4480K)->4336K(4480K)
[200.199s][info][gc             ] GC(190) Pause Young (Allocation Failure) 385M->170M(486M) 16.078ms
[200.199s][info][gc,cpu         ] GC(190) User=0.03s Sys=0.00s Real=0.02s
[200.807s][info][gc,start       ] GC(191) Pause Young (Allocation Failure)
[200.819s][info][gc,heap        ] GC(191) PSYoungGen: 247714K(280064K)->2310K(284160K) Eden: 233981K(233984K)->0K(244224K) From: 13732K(46080K)->2310K(39936K)
[200.819s][info][gc,heap        ] GC(191) ParOldGen: 161295K(218112K)->173989K(218112K)
[200.819s][info][gc,metaspace   ] GC(191) Metaspace: 41962K(42368K)->41962K(42368K) NonClass: 37626K(37888K)->37626K(37888K) Class: 4336K(4480K)->4336K(4480K)
[200.819s][info][gc             ] GC(191) Pause Young (Allocation Failure) 399M->172M(490M) 12.058ms
[200.819s][info][gc,cpu         ] GC(191) User=0.03s Sys=0.00s Real=0.01s
[201.455s][info][gc,start       ] GC(192) Pause Young (Allocation Failure)
[201.458s][info][gc,heap        ] GC(192) PSYoungGen: 246534K(284160K)->2257K(286208K) Eden: 244224K(244224K)->0K(244224K) From: 2310K(39936K)->2257K(41984K)
[201.458s][info][gc,heap        ] GC(192) ParOldGen: 173989K(218112K)->174363K(218112K)
[201.458s][info][gc,metaspace   ] GC(192) Metaspace: 41965K(42368K)->41965K(42368K) NonClass: 37629K(37888K)->37629K(37888K) Class: 4336K(4480K)->4336K(4480K)
[201.458s][info][gc             ] GC(192) Pause Young (Allocation Failure) 410M->172M(492M) 3.264ms
[201.458s][info][gc,cpu         ] GC(192) User=0.01s Sys=0.00s Real=0.01s
[202.078s][info][gc,start       ] GC(193) Pause Young (Allocation Failure)
[202.082s][info][gc,heap        ] GC(193) PSYoungGen: 246481K(286208K)->3875K(287744K) Eden: 244224K(244224K)->0K(251904K) From: 2257K(41984K)->3875K(35840K)
[202.082s][info][gc,heap        ] GC(193) ParOldGen: 174363K(218112K)->174371K(218112K)
[202.082s][info][gc,metaspace   ] GC(193) Metaspace: 41969K(42368K)->41969K(42368K) NonClass: 37632K(37888K)->37632K(37888K) Class: 4336K(4480K)->4336K(4480K)
[202.082s][info][gc             ] GC(193) Pause Young (Allocation Failure) 410M->174M(494M) 4.436ms
[202.082s][info][gc,cpu         ] GC(193) User=0.00s Sys=0.00s Real=0.00s
[202.805s][info][gc,start       ] GC(194) Pause Young (Allocation Failure)
[202.809s][info][gc,heap        ] GC(194) PSYoungGen: 255779K(287744K)->2932K(289792K) Eden: 251904K(251904K)->0K(251904K) From: 3875K(35840K)->2932K(37888K)
[202.809s][info][gc,heap        ] GC(194) ParOldGen: 174371K(218112K)->174411K(218112K)
[202.809s][info][gc,metaspace   ] GC(194) Metaspace: 41975K(42368K)->41975K(42368K) NonClass: 37638K(37888K)->37638K(37888K) Class: 4336K(4480K)->4336K(4480K)
[202.809s][info][gc             ] GC(194) Pause Young (Allocation Failure) 420M->173M(496M) 3.433ms
[202.809s][info][gc,cpu         ] GC(194) User=0.01s Sys=0.00s Real=0.01s
[203.719s][info][gc,start       ] GC(195) Pause Young (Allocation Failure)
[203.722s][info][gc,heap        ] GC(195) PSYoungGen: 254836K(289792K)->512K(292352K) Eden: 251904K(251904K)->0K(259584K) From: 2932K(37888K)->512K(32768K)
[203.722s][info][gc,heap        ] GC(195) ParOldGen: 174411K(218112K)->174539K(218112K)
[203.722s][info][gc,metaspace   ] GC(195) Metaspace: 41985K(42368K)->41985K(42368K) NonClass: 37649K(37888K)->37649K(37888K) Class: 4336K(4480K)->4336K(4480K)
[203.722s][info][gc             ] GC(195) Pause Young (Allocation Failure) 419M->170M(498M) 3.232ms
[203.722s][info][gc,cpu         ] GC(195) User=0.01s Sys=0.00s Real=0.00s
[205.146s][info][gc,start       ] GC(196) Pause Young (Allocation Failure)
[205.162s][info][gc,heap        ] GC(196) PSYoungGen: 260096K(292352K)->16364K(294400K) Eden: 259584K(259584K)->0K(259584K) From: 512K(32768K)->16364K(34816K)
[205.162s][info][gc,heap        ] GC(196) ParOldGen: 174539K(218112K)->174859K(218112K)
[205.162s][info][gc,metaspace   ] GC(196) Metaspace: 42053K(42496K)->42053K(42496K) NonClass: 37717K(38016K)->37717K(38016K) Class: 4336K(4480K)->4336K(4480K)
[205.162s][info][gc             ] GC(196) Pause Young (Allocation Failure) 424M->186M(500M) 15.931ms
[205.162s][info][gc,cpu         ] GC(196) User=0.03s Sys=0.00s Real=0.01s
[205.853s][info][gc,start       ] GC(197) Pause Young (Allocation Failure)
[205.901s][info][gc,heap        ] GC(197) PSYoungGen: 275948K(294400K)->29740K(288256K) Eden: 259584K(259584K)->0K(252928K) From: 16364K(34816K)->29740K(35328K)
[205.901s][info][gc,heap        ] GC(197) ParOldGen: 174859K(218112K)->191024K(218112K)
[205.901s][info][gc,metaspace   ] GC(197) Metaspace: 42057K(42496K)->42057K(42496K) NonClass: 37720K(38016K)->37720K(38016K) Class: 4336K(4480K)->4336K(4480K)
[205.901s][info][gc             ] GC(197) Pause Young (Allocation Failure) 440M->215M(494M) 48.236ms
[205.901s][info][gc,cpu         ] GC(197) User=0.09s Sys=0.01s Real=0.05s
[206.740s][info][gc,start       ] GC(198) Pause Young (Allocation Failure)
[206.795s][info][gc,heap        ] GC(198) PSYoungGen: 282668K(288256K)->25400K(278528K) Eden: 252928K(252928K)->0K(252928K) From: 29740K(35328K)->25400K(25600K)
[206.795s][info][gc,heap        ] GC(198) ParOldGen: 191024K(218112K)->220928K(221184K)
[206.795s][info][gc,metaspace   ] GC(198) Metaspace: 42058K(42496K)->42058K(42496K) NonClass: 37721K(38016K)->37721K(38016K) Class: 4336K(4480K)->4336K(4480K)
[206.795s][info][gc             ] GC(198) Pause Young (Allocation Failure) 462M->240M(488M) 55.071ms
[206.795s][info][gc,cpu         ] GC(198) User=0.11s Sys=0.00s Real=0.05s
[210.438s][info][gc,start       ] GC(199) Pause Young (Allocation Failure)
[210.505s][info][gc,heap        ] GC(199) PSYoungGen: 278328K(278528K)->25039K(286720K) Eden: 252928K(252928K)->0K(243712K) From: 25400K(25600K)->25039K(43008K)
[210.505s][info][gc,heap        ] GC(199) ParOldGen: 220928K(221184K)->246217K(246272K)
[210.505s][info][gc,metaspace   ] GC(199) Metaspace: 42096K(42496K)->42096K(42496K) NonClass: 37759K(38016K)->37759K(38016K) Class: 4336K(4480K)->4336K(4480K)
[210.505s][info][gc             ] GC(199) Pause Young (Allocation Failure) 487M->264M(520M) 66.313ms
[210.505s][info][gc,cpu         ] GC(199) User=0.11s Sys=0.02s Real=0.06s
[211.445s][info][gc,start       ] GC(200) Pause Young (Allocation Failure)
[211.503s][info][gc,heap        ] GC(200) PSYoungGen: 268751K(286720K)->11052K(254976K) Eden: 243712K(243712K)->0K(243712K) From: 25039K(43008K)->11052K(11264K)
[211.503s][info][gc,heap        ] GC(200) ParOldGen: 246217K(246272K)->271165K(271360K)
[211.503s][info][gc,metaspace   ] GC(200) Metaspace: 42127K(42560K)->42127K(42560K) NonClass: 37790K(38080K)->37790K(38080K) Class: 4336K(4480K)->4336K(4480K)
[211.503s][info][gc             ] GC(200) Pause Young (Allocation Failure) 502M->275M(514M) 57.961ms
[211.503s][info][gc,cpu         ] GC(200) User=0.10s Sys=0.01s Real=0.06s
[212.194s][info][gc,start       ] GC(201) Pause Young (Allocation Failure)
[212.241s][info][gc,heap        ] GC(201) PSYoungGen: 254764K(254976K)->30636K(284160K) Eden: 243712K(243712K)->0K(242176K) From: 11052K(11264K)->30636K(41984K)
[212.241s][info][gc,heap        ] GC(201) ParOldGen: 271165K(271360K)->281993K(282112K)
[212.241s][info][gc,metaspace   ] GC(201) Metaspace: 42127K(42560K)->42127K(42560K) NonClass: 37790K(38080K)->37790K(38080K) Class: 4336K(4480K)->4336K(4480K)
[212.241s][info][gc             ] GC(201) Pause Young (Allocation Failure) 513M->305M(553M) 47.026ms
[212.241s][info][gc,cpu         ] GC(201) User=0.09s Sys=0.01s Real=0.05s
[212.849s][info][gc,start       ] GC(202) Pause Young (Allocation Failure)
[212.923s][info][gc,heap        ] GC(202) PSYoungGen: 272812K(284160K)->27832K(270336K) Eden: 242176K(242176K)->0K(242176K) From: 30636K(41984K)->27832K(28160K)
[212.923s][info][gc,heap        ] GC(202) ParOldGen: 281993K(282112K)->312825K(312832K)
[212.923s][info][gc,metaspace   ] GC(202) Metaspace: 42127K(42560K)->42127K(42560K) NonClass: 37790K(38080K)->37790K(38080K) Class: 4336K(4480K)->4336K(4480K)
[212.923s][info][gc             ] GC(202) Pause Young (Allocation Failure) 541M->332M(569M) 73.137ms
[212.923s][info][gc,cpu         ] GC(202) User=0.13s Sys=0.02s Real=0.07s
[214.591s][info][gc,start       ] GC(203) Pause Young (Allocation Failure)
[214.653s][info][gc,heap        ] GC(203) PSYoungGen: 270008K(270336K)->23341K(286720K) Eden: 242176K(242176K)->0K(239104K) From: 27832K(28160K)->23341K(47616K)
[214.653s][info][gc,heap        ] GC(203) ParOldGen: 312825K(312832K)->340666K(340992K)
[214.653s][info][gc,metaspace   ] GC(203) Metaspace: 42127K(42560K)->42127K(42560K) NonClass: 37790K(38080K)->37790K(38080K) Class: 4336K(4480K)->4336K(4480K)
[214.653s][info][gc             ] GC(203) Pause Young (Allocation Failure) 569M->355M(613M) 62.369ms
[214.653s][info][gc,cpu         ] GC(203) User=0.10s Sys=0.02s Real=0.06s
[215.821s][info][gc,start       ] GC(204) Pause Young (Allocation Failure)
[215.863s][info][gc,heap        ] GC(204) PSYoungGen: 262445K(286720K)->13152K(252416K) Eden: 239104K(239104K)->0K(239104K) From: 23341K(47616K)->13152K(13312K)
[215.863s][info][gc,heap        ] GC(204) ParOldGen: 340666K(340992K)->363018K(363520K)
[215.863s][info][gc,metaspace   ] GC(204) Metaspace: 42127K(42560K)->42127K(42560K) NonClass: 37790K(38080K)->37790K(38080K) Class: 4336K(4480K)->4336K(4480K)
[215.863s][info][gc             ] GC(204) Pause Young (Allocation Failure) 588M->367M(601M) 42.300ms
[215.863s][info][gc,cpu         ] GC(204) User=0.07s Sys=0.02s Real=0.04s
[217.439s][info][gc,start       ] GC(205) Pause Young (Allocation Failure)
[217.479s][info][gc,heap        ] GC(205) PSYoungGen: 252256K(252416K)->24813K(283136K) Eden: 239104K(239104K)->0K(238592K) From: 13152K(13312K)->24813K(44544K)
[217.479s][info][gc,heap        ] GC(205) ParOldGen: 363018K(363520K)->376148K(376320K)
[217.479s][info][gc,metaspace   ] GC(205) Metaspace: 42135K(42560K)->42135K(42560K) NonClass: 37798K(38080K)->37798K(38080K) Class: 4336K(4480K)->4336K(4480K)
[217.479s][info][gc             ] GC(205) Pause Young (Allocation Failure) 600M->391M(644M) 39.624ms
[217.479s][info][gc,cpu         ] GC(205) User=0.07s Sys=0.01s Real=0.04s
[218.999s][info][gc,start       ] GC(206) Pause Young (Allocation Failure)
[219.053s][info][gc,heap        ] GC(206) PSYoungGen: 263405K(283136K)->21541K(283648K) Eden: 238592K(238592K)->0K(238592K) From: 24813K(44544K)->21541K(45056K)
[219.053s][info][gc,heap        ] GC(206) ParOldGen: 376148K(376320K)->400802K(400896K)
[219.053s][info][gc,metaspace   ] GC(206) Metaspace: 42135K(42560K)->42135K(42560K) NonClass: 37798K(38080K)->37798K(38080K) Class: 4336K(4480K)->4336K(4480K)
[219.053s][info][gc             ] GC(206) Pause Young (Allocation Failure) 624M->412M(668M) 53.532ms
[219.053s][info][gc,cpu         ] GC(206) User=0.08s Sys=0.02s Real=0.05s
[220.493s][info][gc,start       ] GC(207) Pause Young (Allocation Failure)
[220.544s][info][gc,heap        ] GC(207) PSYoungGen: 260133K(283648K)->28357K(286208K) Eden: 238592K(238592K)->0K(242688K) From: 21541K(45056K)->28357K(43520K)
[220.544s][info][gc,heap        ] GC(207) ParOldGen: 400802K(400896K)->422380K(422400K)
[220.544s][info][gc,metaspace   ] GC(207) Metaspace: 42135K(42560K)->42135K(42560K) NonClass: 37799K(38080K)->37799K(38080K) Class: 4336K(4480K)->4336K(4480K)
[220.544s][info][gc             ] GC(207) Pause Young (Allocation Failure) 645M->440M(692M) 51.560ms
[220.544s][info][gc,cpu         ] GC(207) User=0.09s Sys=0.01s Real=0.05s
[221.190s][info][gc,start       ] GC(208) Pause Young (Allocation Failure)
[221.256s][info][gc,heap        ] GC(208) PSYoungGen: 271045K(286208K)->30540K(273408K) Eden: 242688K(242688K)->0K(242688K) From: 28357K(43520K)->30540K(30720K)
[221.256s][info][gc,heap        ] GC(208) ParOldGen: 422380K(422400K)->450751K(451072K)
[221.256s][info][gc,metaspace   ] GC(208) Metaspace: 42135K(42560K)->42135K(42560K) NonClass: 37799K(38080K)->37799K(38080K) Class: 4336K(4480K)->4336K(4480K)
[221.256s][info][gc             ] GC(208) Pause Young (Allocation Failure) 677M->470M(707M) 65.711ms
[221.256s][info][gc,cpu         ] GC(208) User=0.11s Sys=0.02s Real=0.06s
[221.885s][info][gc,start       ] GC(209) Pause Young (Allocation Failure)
[221.961s][info][gc,heap        ] GC(209) PSYoungGen: 273228K(273408K)->29592K(285696K) Eden: 242688K(242688K)->0K(238592K) From: 30540K(30720K)->29592K(47104K)
[221.961s][info][gc,heap        ] GC(209) ParOldGen: 450751K(451072K)->480638K(480768K)
[221.961s][info][gc,metaspace   ] GC(209) Metaspace: 42135K(42560K)->42135K(42560K) NonClass: 37799K(38080K)->37799K(38080K) Class: 4336K(4480K)->4336K(4480K)
[221.961s][info][gc             ] GC(209) Pause Young (Allocation Failure) 707M->498M(748M) 75.570ms
[221.961s][info][gc,cpu         ] GC(209) User=0.12s Sys=0.04s Real=0.08s
[223.595s][info][gc,start       ] GC(210) Pause Young (Allocation Failure)
[223.660s][info][gc,heap        ] GC(210) PSYoungGen: 268184K(285696K)->24634K(263680K) Eden: 238592K(238592K)->0K(238592K) From: 29592K(47104K)->24634K(25088K)
[223.660s][info][gc,heap        ] GC(210) ParOldGen: 480638K(480768K)->508511K(508928K)
[223.660s][info][gc,metaspace   ] GC(210) Metaspace: 42135K(42560K)->42135K(42560K) NonClass: 37799K(38080K)->37799K(38080K) Class: 4336K(4480K)->4336K(4480K)
[223.660s][info][gc             ] GC(210) Pause Young (Allocation Failure) 731M->520M(754M) 65.175ms
[223.660s][info][gc,cpu         ] GC(210) User=0.10s Sys=0.03s Real=0.07s
[224.724s][info][gc,start       ] GC(211) Pause Young (Allocation Failure)
[224.759s][info][gc,heap        ] GC(211) PSYoungGen: 263226K(263680K)->8610K(286208K) Eden: 238592K(238592K)->0K(239616K) From: 24634K(25088K)->8610K(46592K)
[224.759s][info][gc,heap        ] GC(211) ParOldGen: 508511K(508928K)->532091K(532480K)
[224.759s][info][gc,metaspace   ] GC(211) Metaspace: 42135K(42560K)->42135K(42560K) NonClass: 37799K(38080K)->37799K(38080K) Class: 4336K(4480K)->4336K(4480K)
[224.759s][info][gc             ] GC(211) Pause Young (Allocation Failure) 753M->528M(799M) 35.227ms
[224.759s][info][gc,cpu         ] GC(211) User=0.05s Sys=0.01s Real=0.04s
[226.176s][info][gc,start       ] GC(212) Pause Young (Allocation Failure)
[226.186s][info][gc,heap        ] GC(212) PSYoungGen: 248226K(286208K)->2028K(285696K) Eden: 239616K(239616K)->0K(239616K) From: 8610K(46592K)->2028K(46080K)
[226.186s][info][gc,heap        ] GC(212) ParOldGen: 532091K(532480K)->537439K(537600K)
[226.186s][info][gc,metaspace   ] GC(212) Metaspace: 42135K(42560K)->42135K(42560K) NonClass: 37799K(38080K)->37799K(38080K) Class: 4336K(4480K)->4336K(4480K)
[226.186s][info][gc             ] GC(212) Pause Young (Allocation Failure) 762M->526M(804M) 9.426ms
[226.186s][info][gc,cpu         ] GC(212) User=0.01s Sys=0.00s Real=0.01s
[227.674s][info][gc,start       ] GC(213) Pause Young (Allocation Failure)
[227.701s][info][gc,heap        ] GC(213) PSYoungGen: 241644K(285696K)->24264K(287232K) Eden: 239616K(239616K)->0K(241152K) From: 2028K(46080K)->24264K(46080K)
[227.701s][info][gc,heap        ] GC(213) ParOldGen: 537439K(537600K)->539366K(539648K)
[227.701s][info][gc,metaspace   ] GC(213) Metaspace: 42136K(42560K)->42136K(42560K) NonClass: 37799K(38080K)->37799K(38080K) Class: 4336K(4480K)->4336K(4480K)
[227.701s][info][gc             ] GC(213) Pause Young (Allocation Failure) 760M->550M(807M) 27.853ms
[227.701s][info][gc,cpu         ] GC(213) User=0.05s Sys=0.01s Real=0.03s
[229.159s][info][gc,start       ] GC(214) Pause Young (Allocation Failure)
[229.213s][info][gc,heap        ] GC(214) PSYoungGen: 265416K(287232K)->20450K(261632K) Eden: 241152K(241152K)->0K(241152K) From: 24264K(46080K)->20450K(20480K)
[229.213s][info][gc,heap        ] GC(214) ParOldGen: 539366K(539648K)->563715K(564224K)
[229.213s][info][gc,metaspace   ] GC(214) Metaspace: 42136K(42560K)->42136K(42560K) NonClass: 37799K(38080K)->37799K(38080K) Class: 4336K(4480K)->4336K(4480K)
[229.213s][info][gc             ] GC(214) Pause Young (Allocation Failure) 785M->570M(806M) 54.180ms
[229.213s][info][gc,cpu         ] GC(214) User=0.09s Sys=0.01s Real=0.05s
[230.171s][info][gc,start       ] GC(215) Pause Young (Allocation Failure)
[230.221s][info][gc,heap        ] GC(215) PSYoungGen: 261602K(261632K)->13741K(287232K) Eden: 241152K(241152K)->0K(243200K) From: 20450K(20480K)->13741K(44032K)
[230.221s][info][gc,heap        ] GC(215) ParOldGen: 563715K(564224K)->584061K(584192K)
[230.221s][info][gc,metaspace   ] GC(215) Metaspace: 42150K(42560K)->42150K(42560K) NonClass: 37814K(38080K)->37814K(38080K) Class: 4336K(4480K)->4336K(4480K)
[230.221s][info][gc             ] GC(215) Pause Young (Allocation Failure) 805M->583M(851M) 49.944ms
[230.221s][info][gc,cpu         ] GC(215) User=0.08s Sys=0.01s Real=0.05s
[231.451s][info][gc,start       ] GC(216) Pause Young (Allocation Failure)
[231.462s][info][gc,heap        ] GC(216) PSYoungGen: 256941K(287232K)->4373K(285696K) Eden: 243200K(243200K)->0K(243200K) From: 13741K(44032K)->4373K(42496K)
[231.462s][info][gc,heap        ] GC(216) ParOldGen: 584061K(584192K)->589877K(590336K)
[231.462s][info][gc,metaspace   ] GC(216) Metaspace: 42151K(42560K)->42151K(42560K) NonClass: 37814K(38080K)->37814K(38080K) Class: 4336K(4480K)->4336K(4480K)
[231.462s][info][gc             ] GC(216) Pause Young (Allocation Failure) 821M->580M(855M) 10.948ms
[231.462s][info][gc,cpu         ] GC(216) User=0.02s Sys=0.01s Real=0.01s
[232.622s][info][gc,start       ] GC(217) Pause Young (Allocation Failure)
[232.628s][info][gc,heap        ] GC(217) PSYoungGen: 247573K(285696K)->4083K(290304K) Eden: 243200K(243200K)->0K(247808K) From: 4373K(42496K)->4083K(42496K)
[232.628s][info][gc,heap        ] GC(217) ParOldGen: 589877K(590336K)->590989K(591360K)
[232.628s][info][gc,metaspace   ] GC(217) Metaspace: 42162K(42560K)->42162K(42560K) NonClass: 37826K(38080K)->37826K(38080K) Class: 4336K(4480K)->4336K(4480K)
[232.628s][info][gc             ] GC(217) Pause Young (Allocation Failure) 817M->581M(861M) 6.381ms
[232.628s][info][gc,cpu         ] GC(217) User=0.01s Sys=0.00s Real=0.01s
[233.620s][info][gc,start       ] GC(218) Pause Young (Allocation Failure)
[233.634s][info][gc,heap        ] GC(218) PSYoungGen: 251891K(290304K)->10865K(289792K) Eden: 247808K(247808K)->0K(247808K) From: 4083K(42496K)->10865K(41984K)
[233.634s][info][gc,heap        ] GC(218) ParOldGen: 590989K(591360K)->592198K(592384K)
[233.634s][info][gc,metaspace   ] GC(218) Metaspace: 42162K(42560K)->42162K(42560K) NonClass: 37826K(38080K)->37826K(38080K) Class: 4336K(4480K)->4336K(4480K)
[233.634s][info][gc             ] GC(218) Pause Young (Allocation Failure) 823M->588M(861M) 13.903ms
[233.634s][info][gc,cpu         ] GC(218) User=0.03s Sys=0.00s Real=0.01s
[234.651s][info][gc,start       ] GC(219) Pause Young (Allocation Failure)
[234.675s][info][gc,heap        ] GC(219) PSYoungGen: 258673K(289792K)->26142K(288256K) Eden: 247808K(247808K)->0K(247808K) From: 10865K(41984K)->26142K(40448K)
[234.675s][info][gc,heap        ] GC(219) ParOldGen: 592198K(592384K)->593270K(593408K)
[234.675s][info][gc,metaspace   ] GC(219) Metaspace: 42164K(42560K)->42164K(42560K) NonClass: 37827K(38080K)->37827K(38080K) Class: 4336K(4480K)->4336K(4480K)
[234.675s][info][gc             ] GC(219) Pause Young (Allocation Failure) 830M->604M(861M) 24.179ms
[234.676s][info][gc,cpu         ] GC(219) User=0.04s Sys=0.00s Real=0.02s
[235.815s][info][gc,start       ] GC(220) Pause Young (Allocation Failure)
[235.826s][info][gc,heap        ] GC(220) PSYoungGen: 273950K(288256K)->9232K(289792K) Eden: 247808K(247808K)->0K(247808K) From: 26142K(40448K)->9232K(41984K)
[235.826s][info][gc,heap        ] GC(220) ParOldGen: 593270K(593408K)->594054K(594432K)
[235.826s][info][gc,metaspace   ] GC(220) Metaspace: 42164K(42560K)->42164K(42560K) NonClass: 37828K(38080K)->37828K(38080K) Class: 4336K(4480K)->4336K(4480K)
[235.826s][info][gc             ] GC(220) Pause Young (Allocation Failure) 846M->589M(863M) 10.787ms
[235.826s][info][gc,cpu         ] GC(220) User=0.02s Sys=0.00s Real=0.02s
[236.857s][info][gc,start       ] GC(221) Pause Young (Allocation Failure)
[236.865s][info][gc,heap        ] GC(221) PSYoungGen: 257040K(289792K)->5547K(290816K) Eden: 247808K(247808K)->0K(251392K) From: 9232K(41984K)->5547K(39424K)
[236.865s][info][gc,heap        ] GC(221) ParOldGen: 594054K(594432K)->595126K(595456K)
[236.865s][info][gc,metaspace   ] GC(221) Metaspace: 42165K(42560K)->42165K(42560K) NonClass: 37829K(38080K)->37829K(38080K) Class: 4336K(4480K)->4336K(4480K)
[236.865s][info][gc             ] GC(221) Pause Young (Allocation Failure) 831M->586M(865M) 7.867ms
[236.865s][info][gc,cpu         ] GC(221) User=0.01s Sys=0.00s Real=0.00s
[237.928s][info][gc,start       ] GC(222) Pause Young (Allocation Failure)
[237.936s][info][gc,heap        ] GC(222) PSYoungGen: 256939K(290816K)->6213K(291328K) Eden: 251392K(251392K)->0K(251392K) From: 5547K(39424K)->6213K(39936K)
[237.936s][info][gc,heap        ] GC(222) ParOldGen: 595126K(595456K)->596146K(596480K)
[237.936s][info][gc,metaspace   ] GC(222) Metaspace: 42165K(42560K)->42165K(42560K) NonClass: 37829K(38080K)->37829K(38080K) Class: 4336K(4480K)->4336K(4480K)
[237.936s][info][gc             ] GC(222) Pause Young (Allocation Failure) 832M->588M(867M) 8.308ms
[237.936s][info][gc,cpu         ] GC(222) User=0.01s Sys=0.00s Real=0.01s
[238.992s][info][gc,start       ] GC(223) Pause Young (Allocation Failure)
[239.007s][info][gc,heap        ] GC(223) PSYoungGen: 257605K(291328K)->12180K(289280K) Eden: 251392K(251392K)->0K(254976K) From: 6213K(39936K)->12180K(34304K)
[239.007s][info][gc,heap        ] GC(223) ParOldGen: 596146K(596480K)->597206K(597504K)
[239.007s][info][gc,metaspace   ] GC(223) Metaspace: 42165K(42560K)->42165K(42560K) NonClass: 37829K(38080K)->37829K(38080K) Class: 4336K(4480K)->4336K(4480K)
[239.007s][info][gc             ] GC(223) Pause Young (Allocation Failure) 833M->595M(866M) 14.435ms
[239.007s][info][gc,cpu         ] GC(223) User=0.03s Sys=0.00s Real=0.02s
[239.982s][info][gc,start       ] GC(224) Pause Young (Allocation Failure)
[240.022s][info][gc,heap        ] GC(224) PSYoungGen: 267156K(289280K)->36339K(291328K) Eden: 254976K(254976K)->0K(254976K) From: 12180K(34304K)->36339K(36352K)
[240.022s][info][gc,heap        ] GC(224) ParOldGen: 597206K(597504K)->601047K(601088K)
[240.022s][info][gc,metaspace   ] GC(224) Metaspace: 42165K(42560K)->42165K(42560K) NonClass: 37829K(38080K)->37829K(38080K) Class: 4336K(4480K)->4336K(4480K)
[240.022s][info][gc             ] GC(224) Pause Young (Allocation Failure) 844M->622M(871M) 39.670ms
[240.022s][info][gc,cpu         ] GC(224) User=0.07s Sys=0.00s Real=0.04s
[241.331s][info][gc,start       ] GC(225) Pause Young (Allocation Failure)
[241.384s][info][gc,heap        ] GC(225) PSYoungGen: 291315K(291328K)->22175K(289280K) Eden: 254976K(254976K)->0K(246784K) From: 36339K(36352K)->22175K(42496K)
[241.384s][info][gc,heap        ] GC(225) ParOldGen: 601047K(601088K)->619977K(620032K)
[241.384s][info][gc,metaspace   ] GC(225) Metaspace: 42165K(42560K)->42165K(42560K) NonClass: 37829K(38080K)->37829K(38080K) Class: 4336K(4480K)->4336K(4480K)
[241.384s][info][gc             ] GC(225) Pause Young (Allocation Failure) 871M->627M(888M) 52.705ms
[241.384s][info][gc,cpu         ] GC(225) User=0.09s Sys=0.02s Real=0.05s
[242.502s][info][gc,start       ] GC(226) Pause Young (Allocation Failure)
[242.558s][info][gc,heap        ] GC(226) PSYoungGen: 268959K(289280K)->25354K(272384K) Eden: 246784K(246784K)->0K(246784K) From: 22175K(42496K)->25354K(25600K)
[242.558s][info][gc,heap        ] GC(226) ParOldGen: 619977K(620032K)->641762K(642048K)
[242.558s][info][gc,metaspace   ] GC(226) Metaspace: 42167K(42560K)->42167K(42560K) NonClass: 37831K(38080K)->37831K(38080K) Class: 4336K(4480K)->4336K(4480K)
[242.558s][info][gc             ] GC(226) Pause Young (Allocation Failure) 868M->651M(893M) 56.579ms
[242.558s][info][gc,cpu         ] GC(226) User=0.10s Sys=0.02s Real=0.06s
[243.351s][info][gc,start       ] GC(227) Pause Full (Allocation Failure)
[243.351s][info][gc,phases,start] GC(227) Marking Phase
[243.425s][info][gc,phases      ] GC(227) Marking Phase 73.450ms
[243.425s][info][gc,phases,start] GC(227) Summary Phase
[243.425s][info][gc,phases      ] GC(227) Summary Phase 0.036ms
[243.425s][info][gc,phases,start] GC(227) Forward
[243.441s][info][gc,phases      ] GC(227) Forward 15.889ms
[243.441s][info][gc,phases,start] GC(227) Adjust Pointers
[243.484s][info][gc,phases      ] GC(227) Adjust Pointers 43.053ms
[243.484s][info][gc,phases,start] GC(227) Compaction Phase
[243.503s][info][gc,phases      ] GC(227) Compaction Phase 18.973ms
[243.503s][info][gc,phases,start] GC(227) Post Compact
[243.506s][info][gc,phases      ] GC(227) Post Compact 2.769ms
[243.542s][info][gc,heap        ] GC(227) PSYoungGen: 272138K(272384K)->0K(289792K) Eden: 246784K(246784K)->0K(245760K) From: 25354K(25600K)->0K(44032K)
[243.542s][info][gc,heap        ] GC(227) ParOldGen: 641762K(642048K)->88220K(213504K)
[243.542s][info][gc,metaspace   ] GC(227) Metaspace: 42179K(42624K)->42179K(42624K) NonClass: 37843K(38144K)->37843K(38144K) Class: 4336K(4480K)->4336K(4480K)
[243.542s][info][gc             ] GC(227) Pause Full (Allocation Failure) 892M->86M(491M) 191.316ms
[243.542s][info][gc,cpu         ] GC(227) User=0.24s Sys=0.04s Real=0.19s
[244.378s][info][gc,start       ] GC(228) Pause Young (Allocation Failure)
[244.393s][info][gc,heap        ] GC(228) PSYoungGen: 245760K(289792K)->20670K(266752K) Eden: 245760K(245760K)->0K(245760K) From: 0K(44032K)->20670K(20992K)
[244.393s][info][gc,heap        ] GC(228) ParOldGen: 88220K(213504K)->88220K(213504K)
[244.393s][info][gc,metaspace   ] GC(228) Metaspace: 42181K(42624K)->42181K(42624K) NonClass: 37844K(38144K)->37844K(38144K) Class: 4336K(4480K)->4336K(4480K)
[244.393s][info][gc             ] GC(228) Pause Young (Allocation Failure) 326M->106M(469M) 14.489ms
[244.393s][info][gc,cpu         ] GC(228) User=0.03s Sys=0.00s Real=0.01s
[245.260s][info][gc,start       ] GC(229) Pause Young (Allocation Failure)
[245.282s][info][gc,heap        ] GC(229) PSYoungGen: 266430K(266752K)->9458K(289280K) Eden: 245760K(245760K)->0K(246784K) From: 20670K(20992K)->9458K(42496K)
[245.282s][info][gc,heap        ] GC(229) ParOldGen: 88220K(213504K)->105031K(213504K)
[245.282s][info][gc,metaspace   ] GC(229) Metaspace: 42182K(42624K)->42182K(42624K) NonClass: 37846K(38144K)->37846K(38144K) Class: 4336K(4480K)->4336K(4480K)
[245.282s][info][gc             ] GC(229) Pause Young (Allocation Failure) 346M->111M(491M) 21.673ms
[245.282s][info][gc,cpu         ] GC(229) User=0.05s Sys=0.00s Real=0.02s
[246.179s][info][gc,start       ] GC(230) Pause Young (Allocation Failure)
[246.196s][info][gc,heap        ] GC(230) PSYoungGen: 256242K(289280K)->18685K(288256K) Eden: 246784K(246784K)->0K(246784K) From: 9458K(42496K)->18685K(41472K)
[246.196s][info][gc,heap        ] GC(230) ParOldGen: 105031K(213504K)->105867K(213504K)
[246.196s][info][gc,metaspace   ] GC(230) Metaspace: 42184K(42624K)->42184K(42624K) NonClass: 37847K(38144K)->37847K(38144K) Class: 4337K(4480K)->4337K(4480K)
[246.196s][info][gc             ] GC(230) Pause Young (Allocation Failure) 352M->121M(490M) 16.667ms
[246.196s][info][gc,cpu         ] GC(230) User=0.03s Sys=0.00s Real=0.02s
[247.138s][info][gc,start       ] GC(231) Pause Young (Allocation Failure)
[247.169s][info][gc,heap        ] GC(231) PSYoungGen: 265469K(288256K)->39935K(273408K) Eden: 246784K(246784K)->0K(233472K) From: 18685K(41472K)->39935K(39936K)
[247.169s][info][gc,heap        ] GC(231) ParOldGen: 105867K(213504K)->116928K(213504K)
[247.169s][info][gc,metaspace   ] GC(231) Metaspace: 42186K(42624K)->42186K(42624K) NonClass: 37849K(38144K)->37849K(38144K) Class: 4337K(4480K)->4337K(4480K)
[247.169s][info][gc             ] GC(231) Pause Young (Allocation Failure) 362M->153M(475M) 31.350ms
[247.169s][info][gc,cpu         ] GC(231) User=0.06s Sys=0.00s Real=0.03s
[248.050s][info][gc,start       ] GC(232) Pause Young (Allocation Failure)
[248.136s][info][gc,heap        ] GC(232) PSYoungGen: 273407K(273408K)->50160K(283648K) Eden: 233472K(233472K)->0K(233472K) From: 39935K(39936K)->50160K(50176K)
[248.136s][info][gc,heap        ] GC(232) ParOldGen: 116928K(213504K)->199598K(213504K)
[248.136s][info][gc,metaspace   ] GC(232) Metaspace: 42187K(42624K)->42187K(42624K) NonClass: 37850K(38144K)->37850K(38144K) Class: 4337K(4480K)->4337K(4480K)
[248.136s][info][gc             ] GC(232) Pause Young (Allocation Failure) 381M->243M(485M) 85.861ms
[248.136s][info][gc,cpu         ] GC(232) User=0.17s Sys=0.00s Real=0.09s
[249.069s][info][gc,start       ] GC(233) Pause Young (Allocation Failure)
[249.132s][info][gc,heap        ] GC(233) PSYoungGen: 283632K(283648K)->20588K(214016K) Eden: 233472K(233472K)->0K(163840K) From: 50160K(50176K)->20588K(50176K)
[249.132s][info][gc,heap        ] GC(233) ParOldGen: 199598K(213504K)->244883K(245248K)
[249.132s][info][gc,metaspace   ] GC(233) Metaspace: 42187K(42624K)->42187K(42624K) NonClass: 37850K(38144K)->37850K(38144K) Class: 4337K(4480K)->4337K(4480K)
[249.132s][info][gc             ] GC(233) Pause Young (Allocation Failure) 471M->259M(448M) 63.082ms
[249.132s][info][gc,cpu         ] GC(233) User=0.10s Sys=0.03s Real=0.06s
[249.756s][info][gc,start       ] GC(234) Pause Young (Allocation Failure)
[249.779s][info][gc,heap        ] GC(234) PSYoungGen: 184428K(214016K)->33315K(248832K) Eden: 163840K(163840K)->0K(163840K) From: 20588K(50176K)->33315K(84992K)
[249.779s][info][gc,heap        ] GC(234) ParOldGen: 244883K(245248K)->245915K(246272K)
[249.779s][info][gc,metaspace   ] GC(234) Metaspace: 42187K(42624K)->42187K(42624K) NonClass: 37850K(38144K)->37850K(38144K) Class: 4337K(4480K)->4337K(4480K)
[249.779s][info][gc             ] GC(234) Pause Young (Allocation Failure) 419M->272M(483M) 22.778ms
[249.779s][info][gc,cpu         ] GC(234) User=0.04s Sys=0.00s Real=0.02s
[250.369s][info][gc,start       ] GC(235) Pause Young (Allocation Failure)
[250.381s][info][gc,heap        ] GC(235) PSYoungGen: 197155K(248832K)->17622K(239104K) Eden: 163840K(163840K)->0K(168448K) From: 33315K(84992K)->17622K(70656K)
[250.381s][info][gc,heap        ] GC(235) ParOldGen: 245915K(246272K)->246644K(246784K)
[250.381s][info][gc,metaspace   ] GC(235) Metaspace: 42187K(42624K)->42187K(42624K) NonClass: 37850K(38144K)->37850K(38144K) Class: 4337K(4480K)->4337K(4480K)
[250.381s][info][gc             ] GC(235) Pause Young (Allocation Failure) 432M->258M(474M) 12.891ms
[250.381s][info][gc,cpu         ] GC(235) User=0.02s Sys=0.00s Real=0.01s
[250.990s][info][gc,start       ] GC(236) Pause Young (Allocation Failure)
[250.997s][info][gc,heap        ] GC(236) PSYoungGen: 186070K(239104K)->8495K(246272K) Eden: 168448K(168448K)->0K(168448K) From: 17622K(70656K)->8495K(77824K)
[250.997s][info][gc,heap        ] GC(236) ParOldGen: 246644K(246784K)->247363K(247808K)
[250.998s][info][gc,metaspace   ] GC(236) Metaspace: 42187K(42624K)->42187K(42624K) NonClass: 37850K(38144K)->37850K(38144K) Class: 4337K(4480K)->4337K(4480K)
[250.998s][info][gc             ] GC(236) Pause Young (Allocation Failure) 422M->249M(482M) 7.790ms
[250.998s][info][gc,cpu         ] GC(236) User=0.01s Sys=0.00s Real=0.01s
[251.602s][info][gc,start       ] GC(237) Pause Young (Allocation Failure)
[251.609s][info][gc,heap        ] GC(237) PSYoungGen: 176943K(246272K)->6939K(251904K) Eden: 168448K(168448K)->0K(179200K) From: 8495K(77824K)->6939K(72704K)
[251.609s][info][gc,heap        ] GC(237) ParOldGen: 247363K(247808K)->247756K(247808K)
[251.609s][info][gc,metaspace   ] GC(237) Metaspace: 42187K(42624K)->42187K(42624K) NonClass: 37850K(38144K)->37850K(38144K) Class: 4337K(4480K)->4337K(4480K)
[251.609s][info][gc             ] GC(237) Pause Young (Allocation Failure) 414M->248M(488M) 6.890ms
[251.609s][info][gc,cpu         ] GC(237) User=0.01s Sys=0.00s Real=0.01s
[252.218s][info][gc,start       ] GC(238) Pause Young (Allocation Failure)
[252.233s][info][gc,heap        ] GC(238) PSYoungGen: 186139K(251904K)->21576K(254464K) Eden: 179200K(179200K)->0K(179200K) From: 6939K(72704K)->21576K(75264K)
[252.233s][info][gc,heap        ] GC(238) ParOldGen: 247756K(247808K)->248147K(248320K)
[252.233s][info][gc,metaspace   ] GC(238) Metaspace: 42187K(42624K)->42187K(42624K) NonClass: 37850K(38144K)->37850K(38144K) Class: 4337K(4480K)->4337K(4480K)
[252.233s][info][gc             ] GC(238) Pause Young (Allocation Failure) 423M->263M(491M) 14.638ms
[252.233s][info][gc,cpu         ] GC(238) User=0.03s Sys=0.00s Real=0.01s
[252.799s][info][gc,start       ] GC(239) Pause Young (Allocation Failure)
[252.822s][info][gc,heap        ] GC(239) PSYoungGen: 200776K(254464K)->1134K(257536K) Eden: 179200K(179200K)->0K(186368K) From: 21576K(75264K)->1134K(71168K)
[252.822s][info][gc,heap        ] GC(239) ParOldGen: 248147K(248320K)->268947K(269312K)
[252.822s][info][gc,metaspace   ] GC(239) Metaspace: 42187K(42624K)->42187K(42624K) NonClass: 37850K(38144K)->37850K(38144K) Class: 4337K(4480K)->4337K(4480K)
[252.822s][info][gc             ] GC(239) Pause Young (Allocation Failure) 438M->263M(514M) 23.156ms
[252.822s][info][gc,cpu         ] GC(239) User=0.03s Sys=0.02s Real=0.02s
[253.430s][info][gc,start       ] GC(240) Pause Young (Allocation Failure)
[253.433s][info][gc,heap        ] GC(240) PSYoungGen: 187502K(257536K)->1240K(257024K) Eden: 186368K(186368K)->0K(186368K) From: 1134K(71168K)->1240K(70656K)
[253.433s][info][gc,heap        ] GC(240) ParOldGen: 268947K(269312K)->269052K(269312K)
[253.433s][info][gc,metaspace   ] GC(240) Metaspace: 42187K(42624K)->42187K(42624K) NonClass: 37850K(38144K)->37850K(38144K) Class: 4337K(4480K)->4337K(4480K)
[253.433s][info][gc             ] GC(240) Pause Young (Allocation Failure) 445M->263M(514M) 2.748ms
[253.433s][info][gc,cpu         ] GC(240) User=0.00s Sys=0.00s Real=0.00s
[253.937s][info][gc,start       ] GC(241) Pause Young (Allocation Failure)
[253.943s][info][gc,heap        ] GC(241) PSYoungGen: 187608K(257024K)->4636K(261120K) Eden: 186368K(186368K)->0K(194048K) From: 1240K(70656K)->4636K(67072K)
[253.943s][info][gc,heap        ] GC(241) ParOldGen: 269052K(269312K)->269532K(269824K)
[253.943s][info][gc,metaspace   ] GC(241) Metaspace: 42190K(42624K)->42190K(42624K) NonClass: 37853K(38144K)->37853K(38144K) Class: 4337K(4480K)->4337K(4480K)
[253.943s][info][gc             ] GC(241) Pause Young (Allocation Failure) 445M->267M(518M) 6.017ms
[253.943s][info][gc,cpu         ] GC(241) User=0.01s Sys=0.00s Real=0.00s
[254.314s][info][gc,start       ] GC(242) Pause Young (Allocation Failure)
[254.320s][info][gc,heap        ] GC(242) PSYoungGen: 198684K(261120K)->2610K(261120K) Eden: 194048K(194048K)->0K(194048K) From: 4636K(67072K)->2610K(67072K)
[254.320s][info][gc,heap        ] GC(242) ParOldGen: 269532K(269824K)->271307K(271360K)
[254.320s][info][gc,metaspace   ] GC(242) Metaspace: 42190K(42624K)->42190K(42624K) NonClass: 37853K(38144K)->37853K(38144K) Class: 4337K(4480K)->4337K(4480K)
[254.320s][info][gc             ] GC(242) Pause Young (Allocation Failure) 457M->267M(520M) 5.428ms
[254.320s][info][gc,cpu         ] GC(242) User=0.00s Sys=0.01s Real=0.01s
[254.743s][info][gc,start       ] GC(243) Pause Young (Allocation Failure)
[254.751s][info][gc,heap        ] GC(243) PSYoungGen: 196658K(261120K)->10083K(261632K) Eden: 194048K(194048K)->0K(201728K) From: 2610K(67072K)->10083K(59904K)
[254.751s][info][gc,heap        ] GC(243) ParOldGen: 271307K(271360K)->271551K(271872K)
[254.751s][info][gc,metaspace   ] GC(243) Metaspace: 42194K(42624K)->42194K(42624K) NonClass: 37856K(38144K)->37856K(38144K) Class: 4337K(4480K)->4337K(4480K)
[254.751s][info][gc             ] GC(243) Pause Young (Allocation Failure) 456M->275M(521M) 8.506ms
[254.751s][info][gc,cpu         ] GC(243) User=0.01s Sys=0.00s Real=0.01s
[255.019s][info][gc,start       ] GC(244) Pause Young (Allocation Failure)
[255.031s][info][gc,heap        ] GC(244) PSYoungGen: 211811K(261632K)->1116K(263168K) Eden: 201728K(201728K)->0K(201728K) From: 10083K(59904K)->1116K(61440K)
[255.031s][info][gc,heap        ] GC(244) ParOldGen: 271551K(271872K)->281401K(281600K)
[255.031s][info][gc,metaspace   ] GC(244) Metaspace: 42194K(42624K)->42194K(42624K) NonClass: 37856K(38144K)->37856K(38144K) Class: 4337K(4480K)->4337K(4480K)
[255.031s][info][gc             ] GC(244) Pause Young (Allocation Failure) 472M->275M(532M) 12.172ms
[255.031s][info][gc,cpu         ] GC(244) User=0.01s Sys=0.01s Real=0.01s
[255.308s][info][gc,start       ] GC(245) Pause Young (Allocation Failure)
[255.316s][info][gc,heap        ] GC(245) PSYoungGen: 200998K(263168K)->1873K(268288K) Eden: 199881K(201728K)->0K(212480K) From: 1116K(61440K)->1873K(55808K)
[255.316s][info][gc,heap        ] GC(245) ParOldGen: 281401K(281600K)->282460K(282624K)
[255.316s][info][gc,metaspace   ] GC(245) Metaspace: 42194K(42624K)->42194K(42624K) NonClass: 37856K(38144K)->37856K(38144K) Class: 4337K(4480K)->4337K(4480K)
[255.316s][info][gc             ] GC(245) Pause Young (Allocation Failure) 471M->277M(538M) 7.398ms
[255.316s][info][gc,cpu         ] GC(245) User=0.02s Sys=0.00s Real=0.00s
[255.619s][info][gc,start       ] GC(246) Pause Young (Allocation Failure)
[255.627s][info][gc,heap        ] GC(246) PSYoungGen: 214353K(268288K)->3512K(270336K) Eden: 212480K(212480K)->0K(212480K) From: 1873K(55808K)->3512K(57856K)
[255.627s][info][gc,heap        ] GC(246) ParOldGen: 282460K(282624K)->284303K(284672K)
[255.627s][info][gc,metaspace   ] GC(246) Metaspace: 42194K(42624K)->42194K(42624K) NonClass: 37856K(38144K)->37856K(38144K) Class: 4337K(4480K)->4337K(4480K)
[255.627s][info][gc             ] GC(246) Pause Young (Allocation Failure) 485M->281M(542M) 7.764ms
[255.627s][info][gc,cpu         ] GC(246) User=0.01s Sys=0.00s Real=0.01s
[255.931s][info][gc,start       ] GC(247) Pause Young (Allocation Failure)
[255.941s][info][gc,heap        ] GC(247) PSYoungGen: 215992K(270336K)->3957K(271872K) Eden: 212480K(212480K)->0K(221184K) From: 3512K(57856K)->3957K(50688K)
[255.941s][info][gc,heap        ] GC(247) ParOldGen: 284303K(284672K)->287785K(288256K)
[255.941s][info][gc,metaspace   ] GC(247) Metaspace: 42194K(42624K)->42194K(42624K) NonClass: 37857K(38144K)->37857K(38144K) Class: 4337K(4480K)->4337K(4480K)
[255.941s][info][gc             ] GC(247) Pause Young (Allocation Failure) 488M->284M(547M) 10.122ms
[255.941s][info][gc,cpu         ] GC(247) User=0.02s Sys=0.00s Real=0.01s
[256.262s][info][gc,start       ] GC(248) Pause Young (Allocation Failure)
[256.274s][info][gc,heap        ] GC(248) PSYoungGen: 225141K(271872K)->5022K(273408K) Eden: 221184K(221184K)->0K(221184K) From: 3957K(50688K)->5022K(52224K)
[256.275s][info][gc,heap        ] GC(248) ParOldGen: 287785K(288256K)->291784K(291840K)
[256.275s][info][gc,metaspace   ] GC(248) Metaspace: 42194K(42624K)->42194K(42624K) NonClass: 37857K(38144K)->37857K(38144K) Class: 4337K(4480K)->4337K(4480K)
[256.275s][info][gc             ] GC(248) Pause Young (Allocation Failure) 500M->289M(552M) 12.113ms
[256.275s][info][gc,cpu         ] GC(248) User=0.02s Sys=0.00s Real=0.01s
[256.622s][info][gc,start       ] GC(249) Pause Young (Allocation Failure)
[256.639s][info][gc,heap        ] GC(249) PSYoungGen: 225126K(273408K)->8192K(275456K) Eden: 220103K(221184K)->0K(231936K) From: 5022K(52224K)->8192K(43520K)
[256.639s][info][gc,heap        ] GC(249) ParOldGen: 291784K(291840K)->296795K(296960K)
[256.639s][info][gc,metaspace   ] GC(249) Metaspace: 42194K(42624K)->42194K(42624K) NonClass: 37857K(38144K)->37857K(38144K) Class: 4337K(4480K)->4337K(4480K)
[256.639s][info][gc             ] GC(249) Pause Young (Allocation Failure) 504M->297M(559M) 16.995ms
[256.639s][info][gc,cpu         ] GC(249) User=0.03s Sys=0.01s Real=0.02s
[257.075s][info][gc,start       ] GC(250) Pause Young (Allocation Failure)
[257.103s][info][gc,heap        ] GC(250) PSYoungGen: 240128K(275456K)->8840K(278016K) Eden: 231936K(231936K)->0K(231936K) From: 8192K(43520K)->8840K(46080K)
[257.103s][info][gc,heap        ] GC(250) ParOldGen: 296795K(296960K)->305012K(305152K)
[257.103s][info][gc,metaspace   ] GC(250) Metaspace: 42198K(42624K)->42198K(42624K) NonClass: 37861K(38144K)->37861K(38144K) Class: 4337K(4480K)->4337K(4480K)
[257.103s][info][gc             ] GC(250) Pause Young (Allocation Failure) 524M->306M(569M) 28.731ms
[257.104s][info][gc,cpu         ] GC(250) User=0.05s Sys=0.01s Real=0.03s
[257.663s][info][gc,start       ] GC(251) Pause Young (Allocation Failure)
[257.695s][info][gc,heap        ] GC(251) PSYoungGen: 240776K(278016K)->5592K(283136K) Eden: 231936K(231936K)->0K(244736K) From: 8840K(46080K)->5592K(38400K)
[257.695s][info][gc,heap        ] GC(251) ParOldGen: 305012K(305152K)->314156K(314368K)
[257.695s][info][gc,metaspace   ] GC(251) Metaspace: 42220K(42624K)->42220K(42624K) NonClass: 37883K(38144K)->37883K(38144K) Class: 4337K(4480K)->4337K(4480K)
[257.695s][info][gc             ] GC(251) Pause Young (Allocation Failure) 532M->312M(583M) 31.951ms
[257.695s][info][gc,cpu         ] GC(251) User=0.05s Sys=0.01s Real=0.03s
[258.339s][info][gc,start       ] GC(252) Pause Young (Allocation Failure)
[258.345s][info][gc,heap        ] GC(252) PSYoungGen: 250328K(283136K)->1568K(285184K) Eden: 244736K(244736K)->0K(244736K) From: 5592K(38400K)->1568K(40448K)
[258.345s][info][gc,heap        ] GC(252) ParOldGen: 314156K(314368K)->318157K(318464K)
[258.345s][info][gc,metaspace   ] GC(252) Metaspace: 42235K(42624K)->42235K(42624K) NonClass: 37897K(38144K)->37897K(38144K) Class: 4337K(4480K)->4337K(4480K)
[258.345s][info][gc             ] GC(252) Pause Young (Allocation Failure) 551M->312M(589M) 6.784ms
[258.345s][info][gc,cpu         ] GC(252) User=0.01s Sys=0.01s Real=0.00s
[258.975s][info][gc,start       ] GC(253) Pause Young (Allocation Failure)
[258.980s][info][gc,heap        ] GC(253) PSYoungGen: 246304K(285184K)->4291K(288768K) Eden: 244736K(244736K)->0K(254464K) From: 1568K(40448K)->4291K(34304K)
[258.980s][info][gc,heap        ] GC(253) ParOldGen: 318157K(318464K)->318165K(318464K)
[258.980s][info][gc,metaspace   ] GC(253) Metaspace: 42238K(42624K)->42238K(42624K) NonClass: 37900K(38144K)->37900K(38144K) Class: 4337K(4480K)->4337K(4480K)
[258.980s][info][gc             ] GC(253) Pause Young (Allocation Failure) 551M->314M(593M) 5.408ms
[258.980s][info][gc,cpu         ] GC(253) User=0.01s Sys=0.00s Real=0.01s
[259.638s][info][gc,start       ] GC(254) Pause Young (Allocation Failure)
[259.642s][info][gc,heap        ] GC(254) PSYoungGen: 258755K(288768K)->3450K(291328K) Eden: 254464K(254464K)->0K(254464K) From: 4291K(34304K)->3450K(36864K)
[259.642s][info][gc,heap        ] GC(254) ParOldGen: 318165K(318464K)->318205K(318464K)
[259.642s][info][gc,metaspace   ] GC(254) Metaspace: 42296K(42688K)->42296K(42688K) NonClass: 37959K(38208K)->37959K(38208K) Class: 4337K(4480K)->4337K(4480K)
[259.642s][info][gc             ] GC(254) Pause Young (Allocation Failure) 563M->314M(595M) 4.033ms
[259.642s][info][gc,cpu         ] GC(254) User=0.01s Sys=0.01s Real=0.00s
[260.354s][info][gc,start       ] GC(255) Pause Young (Allocation Failure)
[260.360s][info][gc,heap        ] GC(255) PSYoungGen: 257914K(291328K)->7960K(289792K) Eden: 254464K(254464K)->0K(261632K) From: 3450K(36864K)->7960K(28160K)
[260.360s][info][gc,heap        ] GC(255) ParOldGen: 318205K(318464K)->318773K(318976K)
[260.360s][info][gc,metaspace   ] GC(255) Metaspace: 42423K(42816K)->42423K(42816K) NonClass: 38086K(38336K)->38086K(38336K) Class: 4337K(4480K)->4337K(4480K)
[260.360s][info][gc             ] GC(255) Pause Young (Allocation Failure) 562M->319M(594M) 6.649ms
[260.360s][info][gc,cpu         ] GC(255) User=0.01s Sys=0.00s Real=0.01s
[261.634s][info][gc,start       ] GC(256) Pause Young (Allocation Failure)
[261.639s][info][gc,heap        ] GC(256) PSYoungGen: 269592K(289792K)->832K(293888K) Eden: 261632K(261632K)->0K(261632K) From: 7960K(28160K)->832K(32256K)
[261.639s][info][gc,heap        ] GC(256) ParOldGen: 318773K(318976K)->318901K(318976K)
[261.639s][info][gc,metaspace   ] GC(256) Metaspace: 42475K(42880K)->42475K(42880K) NonClass: 38138K(38400K)->38138K(38400K) Class: 4337K(4480K)->4337K(4480K)
[261.639s][info][gc             ] GC(256) Pause Young (Allocation Failure) 574M->312M(598M) 4.792ms
[261.639s][info][gc,cpu         ] GC(256) User=0.01s Sys=0.00s Real=0.01s
[262.549s][info][gc,start       ] GC(257) Pause Young (Allocation Failure)
[262.585s][info][gc,heap        ] GC(257) PSYoungGen: 262464K(293888K)->30570K(290304K) Eden: 261632K(261632K)->0K(259072K) From: 832K(32256K)->30570K(31232K)
[262.585s][info][gc,heap        ] GC(257) ParOldGen: 318901K(318976K)->319653K(320000K)
[262.585s][info][gc,metaspace   ] GC(257) Metaspace: 42490K(42880K)->42490K(42880K) NonClass: 38153K(38400K)->38153K(38400K) Class: 4337K(4480K)->4337K(4480K)
[262.585s][info][gc             ] GC(257) Pause Young (Allocation Failure) 567M->342M(596M) 36.242ms
[262.585s][info][gc,cpu         ] GC(257) User=0.06s Sys=0.01s Real=0.03s
[263.246s][info][gc,start       ] GC(258) Pause Young (Allocation Failure)
[263.320s][info][gc,heap        ] GC(258) PSYoungGen: 289642K(290304K)->29048K(288256K) Eden: 259072K(259072K)->0K(259072K) From: 30570K(31232K)->29048K(29184K)
[263.320s][info][gc,heap        ] GC(258) ParOldGen: 319653K(320000K)->349497K(349696K)
[263.320s][info][gc,metaspace   ] GC(258) Metaspace: 42490K(42880K)->42490K(42880K) NonClass: 38153K(38400K)->38153K(38400K) Class: 4337K(4480K)->4337K(4480K)
[263.320s][info][gc             ] GC(258) Pause Young (Allocation Failure) 595M->369M(623M) 74.007ms
[263.320s][info][gc,cpu         ] GC(258) User=0.12s Sys=0.03s Real=0.08s
[264.046s][info][gc,start       ] GC(259) Pause Young (Allocation Failure)
[264.114s][info][gc,heap        ] GC(259) PSYoungGen: 288120K(288256K)->28975K(285696K) Eden: 259072K(259072K)->0K(243712K) From: 29048K(29184K)->28975K(41984K)
[264.114s][info][gc,heap        ] GC(259) ParOldGen: 349497K(349696K)->376861K(377344K)
[264.114s][info][gc,metaspace   ] GC(259) Metaspace: 42491K(42880K)->42491K(42880K) NonClass: 38154K(38400K)->38154K(38400K) Class: 4337K(4480K)->4337K(4480K)
[264.114s][info][gc             ] GC(259) Pause Young (Allocation Failure) 622M->396M(647M) 68.358ms
[264.114s][info][gc,cpu         ] GC(259) User=0.11s Sys=0.02s Real=0.07s
[267.738s][info][gc,start       ] GC(260) Pause Young (Allocation Failure)
[267.786s][info][gc,heap        ] GC(260) PSYoungGen: 272687K(285696K)->9536K(288768K) Eden: 243712K(243712K)->0K(243712K) From: 28975K(41984K)->9536K(45056K)
[267.786s][info][gc,heap        ] GC(260) ParOldGen: 376861K(377344K)->405990K(406016K)
[267.786s][info][gc,metaspace   ] GC(260) Metaspace: 42508K(42880K)->42508K(42880K) NonClass: 38171K(38400K)->38171K(38400K) Class: 4337K(4480K)->4337K(4480K)
[267.786s][info][gc             ] GC(260) Pause Young (Allocation Failure) 634M->405M(678M) 47.503ms
[267.786s][info][gc,cpu         ] GC(260) User=0.07s Sys=0.03s Real=0.05s
[268.494s][info][gc,start       ] GC(261) Pause Young (Allocation Failure)
[268.542s][info][gc,heap        ] GC(261) PSYoungGen: 253248K(288768K)->25184K(287744K) Eden: 243712K(243712K)->0K(244736K) From: 9536K(45056K)->25184K(43008K)
[268.542s][info][gc,heap        ] GC(261) ParOldGen: 405990K(406016K)->415038K(415232K)
[268.542s][info][gc,metaspace   ] GC(261) Metaspace: 42519K(42880K)->42519K(42880K) NonClass: 38182K(38400K)->38182K(38400K) Class: 4337K(4480K)->4337K(4480K)
[268.542s][info][gc             ] GC(261) Pause Young (Allocation Failure) 643M->429M(686M) 48.378ms
[268.542s][info][gc,cpu         ] GC(261) User=0.09s Sys=0.01s Real=0.05s
[269.186s][info][gc,start       ] GC(262) Pause Young (Allocation Failure)
[269.272s][info][gc,heap        ] GC(262) PSYoungGen: 269920K(287744K)->30424K(275456K) Eden: 244736K(244736K)->0K(244736K) From: 25184K(43008K)->30424K(30720K)
[269.272s][info][gc,heap        ] GC(262) ParOldGen: 415038K(415232K)->439446K(439808K)
[269.272s][info][gc,metaspace   ] GC(262) Metaspace: 42519K(42880K)->42519K(42880K) NonClass: 38182K(38400K)->38182K(38400K) Class: 4337K(4480K)->4337K(4480K)
[269.272s][info][gc             ] GC(262) Pause Young (Allocation Failure) 668M->458M(698M) 85.759ms
[269.272s][info][gc,cpu         ] GC(262) User=0.14s Sys=0.02s Real=0.08s
[269.932s][info][gc,start       ] GC(263) Pause Young (Allocation Failure)
[270.004s][info][gc,heap        ] GC(263) PSYoungGen: 275160K(275456K)->30768K(281600K) Eden: 244736K(244736K)->0K(234496K) From: 30424K(30720K)->30768K(47104K)
[270.004s][info][gc,heap        ] GC(263) ParOldGen: 439446K(439808K)->468182K(468480K)
[270.004s][info][gc,metaspace   ] GC(263) Metaspace: 42519K(42880K)->42519K(42880K) NonClass: 38182K(38400K)->38182K(38400K) Class: 4337K(4480K)->4337K(4480K)
[270.004s][info][gc             ] GC(263) Pause Young (Allocation Failure) 697M->487M(732M) 71.813ms
[270.004s][info][gc,cpu         ] GC(263) User=0.12s Sys=0.02s Real=0.07s
[271.832s][info][gc,start       ] GC(264) Pause Young (Allocation Failure)
[271.880s][info][gc,heap        ] GC(264) PSYoungGen: 265264K(281600K)->12251K(284160K) Eden: 234496K(234496K)->0K(234496K) From: 30768K(47104K)->12251K(49664K)
[271.881s][info][gc,heap        ] GC(264) ParOldGen: 468182K(468480K)->499175K(499200K)
[271.881s][info][gc,metaspace   ] GC(264) Metaspace: 42519K(42880K)->42519K(42880K) NonClass: 38182K(38400K)->38182K(38400K) Class: 4337K(4480K)->4337K(4480K)
[271.881s][info][gc             ] GC(264) Pause Young (Allocation Failure) 716M->499M(765M) 48.426ms
[271.881s][info][gc,cpu         ] GC(264) User=0.07s Sys=0.02s Real=0.05s
[273.241s][info][gc,start       ] GC(265) Pause Young (Allocation Failure)
[273.255s][info][gc,heap        ] GC(265) PSYoungGen: 246747K(284160K)->320K(282624K) Eden: 234496K(234496K)->0K(236544K) From: 12251K(49664K)->320K(46080K)
[273.255s][info][gc,heap        ] GC(265) ParOldGen: 499175K(499200K)->509764K(509952K)
[273.255s][info][gc,metaspace   ] GC(265) Metaspace: 42519K(42880K)->42519K(42880K) NonClass: 38182K(38400K)->38182K(38400K) Class: 4337K(4480K)->4337K(4480K)
[273.255s][info][gc             ] GC(265) Pause Young (Allocation Failure) 728M->498M(774M) 14.659ms
[273.255s][info][gc,cpu         ] GC(265) User=0.02s Sys=0.01s Real=0.01s
[274.713s][info][gc,start       ] GC(266) Pause Young (Allocation Failure)
[274.736s][info][gc,heap        ] GC(266) PSYoungGen: 236864K(282624K)->21231K(283648K) Eden: 236544K(236544K)->0K(236544K) From: 320K(46080K)->21231K(47104K)
[274.736s][info][gc,heap        ] GC(266) ParOldGen: 509764K(509952K)->510008K(510464K)
[274.736s][info][gc,metaspace   ] GC(266) Metaspace: 42520K(42880K)->42520K(42880K) NonClass: 38183K(38400K)->38183K(38400K) Class: 4337K(4480K)->4337K(4480K)
[274.736s][info][gc             ] GC(266) Pause Young (Allocation Failure) 729M->518M(775M) 23.695ms
[274.736s][info][gc,cpu         ] GC(266) User=0.04s Sys=0.00s Real=0.03s
[276.256s][info][gc,start       ] GC(267) Pause Young (Allocation Failure)
[276.305s][info][gc,heap        ] GC(267) PSYoungGen: 257775K(283648K)->23084K(286720K) Eden: 236544K(236544K)->0K(240640K) From: 21231K(47104K)->23084K(46080K)
[276.305s][info][gc,heap        ] GC(267) ParOldGen: 510008K(510464K)->531339K(531456K)
[276.305s][info][gc,metaspace   ] GC(267) Metaspace: 42520K(42880K)->42520K(42880K) NonClass: 38183K(38400K)->38183K(38400K) Class: 4337K(4480K)->4337K(4480K)
[276.305s][info][gc             ] GC(267) Pause Young (Allocation Failure) 749M->541M(799M) 49.068ms
[276.305s][info][gc,cpu         ] GC(267) User=0.08s Sys=0.01s Real=0.05s
[277.193s][info][gc,start       ] GC(268) Pause Young (Allocation Failure)
[277.252s][info][gc,heap        ] GC(268) PSYoungGen: 263724K(286720K)->32845K(273920K) Eden: 240640K(240640K)->0K(240640K) From: 23084K(46080K)->32845K(33280K)
[277.252s][info][gc,heap        ] GC(268) ParOldGen: 531339K(531456K)->554277K(554496K)
[277.252s][info][gc,metaspace   ] GC(268) Metaspace: 42520K(42880K)->42520K(42880K) NonClass: 38183K(38400K)->38183K(38400K) Class: 4337K(4480K)->4337K(4480K)
[277.252s][info][gc             ] GC(268) Pause Young (Allocation Failure) 776M->573M(809M) 59.420ms
[277.252s][info][gc,cpu         ] GC(268) User=0.10s Sys=0.01s Real=0.06s
[277.877s][info][gc,start       ] GC(269) Pause Young (Allocation Failure)
[277.951s][info][gc,heap        ] GC(269) PSYoungGen: 273485K(273920K)->30328K(281600K) Eden: 240640K(240640K)->0K(232448K) From: 32845K(33280K)->30328K(49152K)
[277.951s][info][gc,heap        ] GC(269) ParOldGen: 554277K(554496K)->586443K(586752K)
[277.951s][info][gc,metaspace   ] GC(269) Metaspace: 42520K(42880K)->42520K(42880K) NonClass: 38183K(38400K)->38183K(38400K) Class: 4337K(4480K)->4337K(4480K)
[277.951s][info][gc             ] GC(269) Pause Young (Allocation Failure) 808M->602M(848M) 74.311ms
[277.951s][info][gc,cpu         ] GC(269) User=0.11s Sys=0.03s Real=0.07s
[278.563s][info][gc,start       ] GC(270) Pause Young (Allocation Failure)
[278.634s][info][gc,heap        ] GC(270) PSYoungGen: 262776K(281600K)->29120K(261632K) Eden: 232448K(232448K)->0K(232448K) From: 30328K(49152K)->29120K(29184K)
[278.634s][info][gc,heap        ] GC(270) ParOldGen: 586443K(586752K)->615323K(615424K)
[278.634s][info][gc,metaspace   ] GC(270) Metaspace: 42520K(42880K)->42520K(42880K) NonClass: 38183K(38400K)->38183K(38400K) Class: 4337K(4480K)->4337K(4480K)
[278.634s][info][gc             ] GC(270) Pause Young (Allocation Failure) 829M->629M(856M) 70.400ms
[278.634s][info][gc,cpu         ] GC(270) User=0.11s Sys=0.02s Real=0.07s
[280.278s][info][gc,start       ] GC(271) Pause Young (Allocation Failure)
[280.330s][info][gc,heap        ] GC(271) PSYoungGen: 261568K(261632K)->12674K(284672K) Eden: 232448K(232448K)->0K(233472K) From: 29120K(29184K)->12674K(51200K)
[280.330s][info][gc,heap        ] GC(271) ParOldGen: 615323K(615424K)->644612K(645120K)
[280.330s][info][gc,metaspace   ] GC(271) Metaspace: 42520K(42880K)->42520K(42880K) NonClass: 38183K(38400K)->38183K(38400K) Class: 4337K(4480K)->4337K(4480K)
[280.330s][info][gc             ] GC(271) Pause Young (Allocation Failure) 856M->641M(908M) 51.664ms
[280.330s][info][gc,cpu         ] GC(271) User=0.08s Sys=0.02s Real=0.05s
[281.489s][info][gc,start       ] GC(272) Pause Full (Allocation Failure)
[281.489s][info][gc,phases,start] GC(272) Marking Phase
[281.562s][info][gc,phases      ] GC(272) Marking Phase 72.753ms
[281.562s][info][gc,phases,start] GC(272) Summary Phase
[281.562s][info][gc,phases      ] GC(272) Summary Phase 0.035ms
[281.562s][info][gc,phases,start] GC(272) Forward
[281.567s][info][gc,phases      ] GC(272) Forward 5.064ms
[281.567s][info][gc,phases,start] GC(272) Adjust Pointers
[281.595s][info][gc,phases      ] GC(272) Adjust Pointers 28.413ms
[281.595s][info][gc,phases,start] GC(272) Compaction Phase
[281.603s][info][gc,phases      ] GC(272) Compaction Phase 8.021ms
[281.603s][info][gc,phases,start] GC(272) Post Compact
[281.607s][info][gc,phases      ] GC(272) Post Compact 3.715ms
[281.649s][info][gc,heap        ] GC(272) PSYoungGen: 246146K(284672K)->0K(282624K) Eden: 233472K(233472K)->0K(233472K) From: 12674K(51200K)->0K(49152K)
[281.649s][info][gc,heap        ] GC(272) ParOldGen: 644612K(645120K)->61253K(200192K)
[281.649s][info][gc,metaspace   ] GC(272) Metaspace: 42520K(42880K)->42520K(42880K) NonClass: 38183K(38400K)->38183K(38400K) Class: 4337K(4480K)->4337K(4480K)
[281.649s][info][gc             ] GC(272) Pause Full (Allocation Failure) 869M->59M(471M) 160.354ms
[281.649s][info][gc,cpu         ] GC(272) User=0.17s Sys=0.04s Real=0.16s
[283.116s][info][gc,start       ] GC(273) Pause Young (Allocation Failure)
[283.142s][info][gc,heap        ] GC(273) PSYoungGen: 233472K(282624K)->25893K(283136K) Eden: 233472K(233472K)->0K(233984K) From: 0K(49152K)->25893K(49152K)
[283.142s][info][gc,heap        ] GC(273) ParOldGen: 61253K(200192K)->61253K(200192K)
[283.142s][info][gc,metaspace   ] GC(273) Metaspace: 42520K(42880K)->42520K(42880K) NonClass: 38183K(38400K)->38183K(38400K) Class: 4337K(4480K)->4337K(4480K)
[283.142s][info][gc             ] GC(273) Pause Young (Allocation Failure) 287M->85M(472M) 25.563ms
[283.142s][info][gc,cpu         ] GC(273) User=0.05s Sys=0.00s Real=0.02s
[284.604s][info][gc,start       ] GC(274) Pause Young (Allocation Failure)
[284.646s][info][gc,heap        ] GC(274) PSYoungGen: 259877K(283136K)->22633K(282624K) Eden: 233984K(233984K)->0K(233984K) From: 25893K(49152K)->22633K(48640K)
[284.646s][info][gc,heap        ] GC(274) ParOldGen: 61253K(200192K)->87019K(200192K)
[284.646s][info][gc,metaspace   ] GC(274) Metaspace: 42520K(42880K)->42520K(42880K) NonClass: 38183K(38400K)->38183K(38400K) Class: 4337K(4480K)->4337K(4480K)
[284.646s][info][gc             ] GC(274) Pause Young (Allocation Failure) 313M->107M(471M) 42.233ms
[284.646s][info][gc,cpu         ] GC(274) User=0.08s Sys=0.01s Real=0.05s
[285.875s][info][gc,start       ] GC(275) Pause Young (Allocation Failure)
[285.914s][info][gc,heap        ] GC(275) PSYoungGen: 256617K(282624K)->26512K(282624K) Eden: 233984K(233984K)->0K(236032K) From: 22633K(48640K)->26512K(46592K)
[285.914s][info][gc,heap        ] GC(275) ParOldGen: 87019K(200192K)->109729K(200192K)
[285.914s][info][gc,metaspace   ] GC(275) Metaspace: 42524K(42880K)->42524K(42880K) NonClass: 38187K(38400K)->38187K(38400K) Class: 4337K(4480K)->4337K(4480K)
[285.914s][info][gc             ] GC(275) Pause Young (Allocation Failure) 335M->133M(471M) 39.499ms
[285.914s][info][gc,cpu         ] GC(275) User=0.08s Sys=0.00s Real=0.04s
[286.877s][info][gc,start       ] GC(276) Pause Young (Allocation Failure)
[286.904s][info][gc,heap        ] GC(276) PSYoungGen: 262544K(282624K)->14325K(282624K) Eden: 236032K(236032K)->0K(236032K) From: 26512K(46592K)->14325K(46592K)
[286.904s][info][gc,heap        ] GC(276) ParOldGen: 109729K(200192K)->128410K(200192K)
[286.904s][info][gc,metaspace   ] GC(276) Metaspace: 42552K(42944K)->42552K(42944K) NonClass: 38215K(38464K)->38215K(38464K) Class: 4337K(4480K)->4337K(4480K)
[286.904s][info][gc             ] GC(276) Pause Young (Allocation Failure) 363M->139M(471M) 26.654ms
[286.904s][info][gc,cpu         ] GC(276) User=0.05s Sys=0.00s Real=0.02s
[287.850s][info][gc,start       ] GC(277) Pause Young (Allocation Failure)
[287.868s][info][gc,heap        ] GC(277) PSYoungGen: 250357K(282624K)->19556K(283648K) Eden: 236032K(236032K)->0K(242176K) From: 14325K(46592K)->19556K(41472K)
[287.868s][info][gc,heap        ] GC(277) ParOldGen: 128410K(200192K)->129178K(200192K)
[287.868s][info][gc,metaspace   ] GC(277) Metaspace: 42552K(42944K)->42552K(42944K) NonClass: 38215K(38464K)->38215K(38464K) Class: 4337K(4480K)->4337K(4480K)
[287.868s][info][gc             ] GC(277) Pause Young (Allocation Failure) 369M->145M(472M) 18.245ms
[287.869s][info][gc,cpu         ] GC(277) User=0.03s Sys=0.00s Real=0.02s
[288.884s][info][gc,start       ] GC(278) Pause Young (Allocation Failure)
[288.888s][info][gc,heap        ] GC(278) PSYoungGen: 261732K(283648K)->1440K(284672K) Eden: 242176K(242176K)->0K(242176K) From: 19556K(41472K)->1440K(42496K)
[288.888s][info][gc,heap        ] GC(278) ParOldGen: 129178K(200192K)->130166K(200192K)
[288.888s][info][gc,metaspace   ] GC(278) Metaspace: 42552K(42944K)->42552K(42944K) NonClass: 38215K(38464K)->38215K(38464K) Class: 4337K(4480K)->4337K(4480K)
[288.888s][info][gc             ] GC(278) Pause Young (Allocation Failure) 381M->128M(473M) 3.530ms
[288.888s][info][gc,cpu         ] GC(278) User=0.00s Sys=0.00s Real=0.01s
[289.747s][info][gc,start       ] GC(279) Pause Young (Allocation Failure)
[289.752s][info][gc,heap        ] GC(279) PSYoungGen: 243616K(284672K)->4868K(290304K) Eden: 242176K(242176K)->0K(246784K) From: 1440K(42496K)->4868K(43520K)
[289.752s][info][gc,heap        ] GC(279) ParOldGen: 130166K(200192K)->131422K(200192K)
[289.752s][info][gc,metaspace   ] GC(279) Metaspace: 42553K(42944K)->42553K(42944K) NonClass: 38216K(38464K)->38216K(38464K) Class: 4337K(4480K)->4337K(4480K)
[289.752s][info][gc             ] GC(279) Pause Young (Allocation Failure) 365M->133M(479M) 5.061ms
[289.752s][info][gc,cpu         ] GC(279) User=0.01s Sys=0.00s Real=0.00s
[290.811s][info][gc,start       ] GC(280) Pause Young (Allocation Failure)
[290.837s][info][gc,heap        ] GC(280) PSYoungGen: 251652K(290304K)->28518K(275456K) Eden: 246784K(246784K)->0K(246784K) From: 4868K(43520K)->28518K(28672K)
[290.837s][info][gc,heap        ] GC(280) ParOldGen: 131422K(200192K)->132526K(200192K)
[290.837s][info][gc,metaspace   ] GC(280) Metaspace: 42553K(42944K)->42553K(42944K) NonClass: 38216K(38464K)->38216K(38464K) Class: 4337K(4480K)->4337K(4480K)
[290.837s][info][gc             ] GC(280) Pause Young (Allocation Failure) 374M->157M(464M) 26.051ms
[290.837s][info][gc,cpu         ] GC(280) User=0.05s Sys=0.00s Real=0.03s
[292.008s][info][gc,start       ] GC(281) Pause Young (Allocation Failure)
[292.018s][info][gc,heap        ] GC(281) PSYoungGen: 275302K(275456K)->10818K(290304K) Eden: 246784K(246784K)->0K(245248K) From: 28518K(28672K)->10818K(45056K)
[292.018s][info][gc,heap        ] GC(281) ParOldGen: 132526K(200192K)->133286K(200192K)
[292.018s][info][gc,metaspace   ] GC(281) Metaspace: 42553K(42944K)->42553K(42944K) NonClass: 38216K(38464K)->38216K(38464K) Class: 4337K(4480K)->4337K(4480K)
[292.018s][info][gc             ] GC(281) Pause Young (Allocation Failure) 398M->140M(479M) 9.405ms
[292.018s][info][gc,cpu         ] GC(281) User=0.02s Sys=0.00s Real=0.01s
[292.955s][info][gc,start       ] GC(282) Pause Young (Allocation Failure)
[292.962s][info][gc,heap        ] GC(282) PSYoungGen: 256066K(290304K)->7700K(253440K) Eden: 245248K(245248K)->0K(245248K) From: 10818K(45056K)->7700K(8192K)
[292.962s][info][gc,heap        ] GC(282) ParOldGen: 133286K(200192K)->134398K(200192K)
[292.962s][info][gc,metaspace   ] GC(282) Metaspace: 42554K(42944K)->42554K(42944K) NonClass: 38217K(38464K)->38217K(38464K) Class: 4337K(4480K)->4337K(4480K)
[292.962s][info][gc             ] GC(282) Pause Young (Allocation Failure) 380M->138M(443M) 6.839ms
[292.962s][info][gc,cpu         ] GC(282) User=0.02s Sys=0.00s Real=0.01s
[293.900s][info][gc,start       ] GC(283) Pause Young (Allocation Failure)
[293.907s][info][gc,heap        ] GC(283) PSYoungGen: 252948K(253440K)->6882K(289280K) Eden: 245248K(245248K)->0K(246272K) From: 7700K(8192K)->6882K(43008K)
[293.907s][info][gc,heap        ] GC(283) ParOldGen: 134398K(200192K)->135374K(200192K)
[293.907s][info][gc,metaspace   ] GC(283) Metaspace: 42554K(42944K)->42554K(42944K) NonClass: 38217K(38464K)->38217K(38464K) Class: 4337K(4480K)->4337K(4480K)
[293.907s][info][gc             ] GC(283) Pause Young (Allocation Failure) 378M->138M(478M) 6.801ms
[293.907s][info][gc,cpu         ] GC(283) User=0.01s Sys=0.00s Real=0.01s
[294.921s][info][gc,start       ] GC(284) Pause Young (Allocation Failure)
[294.925s][info][gc,heap        ] GC(284) PSYoungGen: 253154K(289280K)->5140K(288256K) Eden: 246272K(246272K)->0K(246272K) From: 6882K(43008K)->5140K(41984K)
[294.926s][info][gc,heap        ] GC(284) ParOldGen: 135374K(200192K)->136406K(200192K)
[294.926s][info][gc,metaspace   ] GC(284) Metaspace: 42554K(42944K)->42554K(42944K) NonClass: 38217K(38464K)->38217K(38464K) Class: 4337K(4480K)->4337K(4480K)
[294.926s][info][gc             ] GC(284) Pause Young (Allocation Failure) 379M->138M(477M) 4.916ms
[294.926s][info][gc,cpu         ] GC(284) User=0.00s Sys=0.00s Real=0.00s
[295.787s][info][gc,start       ] GC(285) Pause Young (Allocation Failure)
[295.828s][info][gc,heap        ] GC(285) PSYoungGen: 251412K(288256K)->40943K(277504K) Eden: 246272K(246272K)->0K(236544K) From: 5140K(41984K)->40943K(40960K)
[295.828s][info][gc,heap        ] GC(285) ParOldGen: 136406K(200192K)->138415K(200192K)
[295.828s][info][gc,metaspace   ] GC(285) Metaspace: 42554K(42944K)->42554K(42944K) NonClass: 38217K(38464K)->38217K(38464K) Class: 4337K(4480K)->4337K(4480K)
[295.828s][info][gc             ] GC(285) Pause Young (Allocation Failure) 378M->175M(466M) 40.787ms
[295.828s][info][gc,cpu         ] GC(285) User=0.08s Sys=0.00s Real=0.04s
[297.160s][info][gc,start       ] GC(286) Pause Young (Allocation Failure)
[297.200s][info][gc,heap        ] GC(286) PSYoungGen: 277487K(277504K)->17706K(285184K) Eden: 236544K(236544K)->0K(236544K) From: 40943K(40960K)->17706K(48640K)
[297.200s][info][gc,heap        ] GC(286) ParOldGen: 138415K(200192K)->159345K(200192K)
[297.200s][info][gc,metaspace   ] GC(286) Metaspace: 42556K(42944K)->42556K(42944K) NonClass: 38219K(38464K)->38219K(38464K) Class: 4337K(4480K)->4337K(4480K)
[297.200s][info][gc             ] GC(286) Pause Young (Allocation Failure) 406M->172M(474M) 40.354ms
[297.200s][info][gc,cpu         ] GC(286) User=0.08s Sys=0.00s Real=0.04s
[298.154s][info][gc,start       ] GC(287) Pause Young (Allocation Failure)
[298.192s][info][gc,heap        ] GC(287) PSYoungGen: 254250K(285184K)->21924K(279552K) Eden: 236544K(236544K)->0K(239104K) From: 17706K(48640K)->21924K(40448K)
[298.192s][info][gc,heap        ] GC(287) ParOldGen: 159345K(200192K)->176684K(200192K)
[298.192s][info][gc,metaspace   ] GC(287) Metaspace: 42556K(42944K)->42556K(42944K) NonClass: 38219K(38464K)->38219K(38464K) Class: 4337K(4480K)->4337K(4480K)
[298.192s][info][gc             ] GC(287) Pause Young (Allocation Failure) 403M->193M(468M) 37.433ms
[298.192s][info][gc,cpu         ] GC(287) User=0.07s Sys=0.00s Real=0.04s
[298.917s][info][gc,start       ] GC(288) Pause Young (Allocation Failure)
[298.941s][info][gc,heap        ] GC(288) PSYoungGen: 261028K(279552K)->18978K(283648K) Eden: 239104K(239104K)->0K(239104K) From: 21924K(40448K)->18978K(44544K)
[298.941s][info][gc,heap        ] GC(288) ParOldGen: 176684K(200192K)->187489K(200192K)
[298.941s][info][gc,metaspace   ] GC(288) Metaspace: 42559K(42944K)->42559K(42944K) NonClass: 38222K(38464K)->38222K(38464K) Class: 4337K(4480K)->4337K(4480K)
[298.941s][info][gc             ] GC(288) Pause Young (Allocation Failure) 427M->201M(472M) 23.787ms
[298.941s][info][gc,cpu         ] GC(288) User=0.04s Sys=0.01s Real=0.02s
[299.757s][info][gc,start       ] GC(289) Pause Young (Allocation Failure)
[299.767s][info][gc,heap        ] GC(289) PSYoungGen: 258082K(283648K)->3143K(287232K) Eden: 239104K(239104K)->0K(246784K) From: 18978K(44544K)->3143K(40448K)
[299.767s][info][gc,heap        ] GC(289) ParOldGen: 187489K(200192K)->197400K(200192K)
[299.767s][info][gc,metaspace   ] GC(289) Metaspace: 42559K(42944K)->42559K(42944K) NonClass: 38222K(38464K)->38222K(38464K) Class: 4337K(4480K)->4337K(4480K)
[299.767s][info][gc             ] GC(289) Pause Young (Allocation Failure) 435M->195M(476M) 9.283ms
[299.767s][info][gc,cpu         ] GC(289) User=0.02s Sys=0.00s Real=0.01s
[300.625s][info][gc,start       ] GC(290) Pause Young (Allocation Failure)
[300.629s][info][gc,heap        ] GC(290) PSYoungGen: 249927K(287232K)->3295K(289280K) Eden: 246784K(246784K)->0K(246784K) From: 3143K(40448K)->3295K(42496K)
[300.629s][info][gc,heap        ] GC(290) ParOldGen: 197400K(200192K)->197783K(200192K)
[300.629s][info][gc,metaspace   ] GC(290) Metaspace: 42559K(42944K)->42559K(42944K) NonClass: 38222K(38464K)->38222K(38464K) Class: 4337K(4480K)->4337K(4480K)
[300.629s][info][gc             ] GC(290) Pause Young (Allocation Failure) 436M->196M(478M) 4.076ms
[300.629s][info][gc,cpu         ] GC(290) User=0.01s Sys=0.00s Real=0.01s
[301.499s][info][gc,start       ] GC(291) Pause Young (Allocation Failure)
[301.510s][info][gc,heap        ] GC(291) PSYoungGen: 250079K(289280K)->12292K(286208K) Eden: 246784K(246784K)->0K(248832K) From: 3295K(42496K)->12292K(37376K)
[301.510s][info][gc,heap        ] GC(291) ParOldGen: 197783K(200192K)->198532K(200192K)
[301.510s][info][gc,metaspace   ] GC(291) Metaspace: 42559K(42944K)->42559K(42944K) NonClass: 38222K(38464K)->38222K(38464K) Class: 4337K(4480K)->4337K(4480K)
[301.510s][info][gc             ] GC(291) Pause Young (Allocation Failure) 437M->205M(475M) 10.651ms
[301.510s][info][gc,cpu         ] GC(291) User=0.03s Sys=0.00s Real=0.01s
[302.447s][info][gc,start       ] GC(292) Pause Young (Allocation Failure)
[302.487s][info][gc,heap        ] GC(292) PSYoungGen: 261124K(286208K)->39908K(288768K) Eden: 248832K(248832K)->0K(248832K) From: 12292K(37376K)->39908K(39936K)
[302.487s][info][gc,heap        ] GC(292) ParOldGen: 198532K(200192K)->211425K(211456K)
[302.487s][info][gc,metaspace   ] GC(292) Metaspace: 42568K(42944K)->42568K(42944K) NonClass: 38229K(38464K)->38229K(38464K) Class: 4339K(4480K)->4339K(4480K)
[302.487s][info][gc             ] GC(292) Pause Young (Allocation Failure) 448M->245M(488M) 39.783ms
[302.487s][info][gc,cpu         ] GC(292) User=0.07s Sys=0.01s Real=0.04s
[303.409s][info][gc,start       ] GC(293) Pause Young (Allocation Failure)
[303.551s][info][gc,heap        ] GC(293) PSYoungGen: 288740K(288768K)->45054K(191488K) Eden: 248832K(248832K)->0K(146432K) From: 39908K(39936K)->45054K(45056K)
[303.551s][info][gc,heap        ] GC(293) ParOldGen: 211425K(211456K)->307576K(307712K)
[303.551s][info][gc,metaspace   ] GC(293) Metaspace: 42568K(42944K)->42568K(42944K) NonClass: 38229K(38464K)->38229K(38464K) Class: 4339K(4480K)->4339K(4480K)
[303.551s][info][gc             ] GC(293) Pause Young (Allocation Failure) 488M->344M(487M) 142.148ms
[303.551s][info][gc,cpu         ] GC(293) User=0.20s Sys=0.07s Real=0.14s
[304.070s][info][gc,start       ] GC(294) Pause Young (Allocation Failure)
[304.128s][info][gc,heap        ] GC(294) PSYoungGen: 191486K(191488K)->19600K(240128K) Eden: 146432K(146432K)->0K(146432K) From: 45054K(45056K)->19600K(93696K)
[304.129s][info][gc,heap        ] GC(294) ParOldGen: 307576K(307712K)->342759K(343040K)
[304.129s][info][gc,metaspace   ] GC(294) Metaspace: 42569K(42944K)->42569K(42944K) NonClass: 38230K(38464K)->38230K(38464K) Class: 4339K(4480K)->4339K(4480K)
[304.129s][info][gc             ] GC(294) Pause Young (Allocation Failure) 487M->353M(569M) 58.735ms
[304.129s][info][gc,cpu         ] GC(294) User=0.08s Sys=0.03s Real=0.06s
[304.673s][info][gc,start       ] GC(295) Pause Young (Allocation Failure)
[304.688s][info][gc,heap        ] GC(295) PSYoungGen: 166032K(240128K)->5733K(232448K) Eden: 146432K(146432K)->0K(151040K) From: 19600K(93696K)->5733K(81408K)
[304.688s][info][gc,heap        ] GC(295) ParOldGen: 342759K(343040K)->352175K(352256K)
[304.688s][info][gc,metaspace   ] GC(295) Metaspace: 42570K(42944K)->42570K(42944K) NonClass: 38231K(38464K)->38231K(38464K) Class: 4339K(4480K)->4339K(4480K)
[304.688s][info][gc             ] GC(295) Pause Young (Allocation Failure) 496M->349M(571M) 14.608ms
[304.688s][info][gc,cpu         ] GC(295) User=0.02s Sys=0.01s Real=0.02s
[305.247s][info][gc,start       ] GC(296) Pause Young (Allocation Failure)
[305.260s][info][gc,heap        ] GC(296) PSYoungGen: 156773K(232448K)->20491K(238592K) Eden: 151040K(151040K)->0K(151040K) From: 5733K(81408K)->20491K(87552K)
[305.260s][info][gc,heap        ] GC(296) ParOldGen: 352175K(352256K)->352720K(352768K)
[305.260s][info][gc,metaspace   ] GC(296) Metaspace: 42570K(42944K)->42570K(42944K) NonClass: 38231K(38464K)->38231K(38464K) Class: 4339K(4480K)->4339K(4480K)
[305.260s][info][gc             ] GC(296) Pause Young (Allocation Failure) 497M->364M(577M) 13.700ms
[305.260s][info][gc,cpu         ] GC(296) User=0.03s Sys=0.00s Real=0.01s
[305.753s][info][gc,start       ] GC(297) Pause Young (Allocation Failure)
[305.760s][info][gc,heap        ] GC(297) PSYoungGen: 171531K(238592K)->6760K(241152K) Eden: 151040K(151040K)->0K(163840K) From: 20491K(87552K)->6760K(77312K)
[305.760s][info][gc,heap        ] GC(297) ParOldGen: 352720K(352768K)->353329K(353792K)
[305.760s][info][gc,metaspace   ] GC(297) Metaspace: 42570K(42944K)->42570K(42944K) NonClass: 38231K(38464K)->38231K(38464K) Class: 4339K(4480K)->4339K(4480K)
[305.760s][info][gc             ] GC(297) Pause Young (Allocation Failure) 511M->351M(581M) 6.994ms
[305.760s][info][gc,cpu         ] GC(297) User=0.02s Sys=0.00s Real=0.01s
[306.324s][info][gc,start       ] GC(298) Pause Young (Allocation Failure)
[306.335s][info][gc,heap        ] GC(298) PSYoungGen: 170600K(241152K)->14628K(244224K) Eden: 163840K(163840K)->0K(163840K) From: 6760K(77312K)->14628K(80384K)
[306.335s][info][gc,heap        ] GC(298) ParOldGen: 353329K(353792K)->354056K(354304K)
[306.335s][info][gc,metaspace   ] GC(298) Metaspace: 42570K(42944K)->42570K(42944K) NonClass: 38231K(38464K)->38231K(38464K) Class: 4339K(4480K)->4339K(4480K)
[306.335s][info][gc             ] GC(298) Pause Young (Allocation Failure) 511M->360M(584M) 11.162ms
[306.335s][info][gc,cpu         ] GC(298) User=0.02s Sys=0.00s Real=0.01s
[306.908s][info][gc,start       ] GC(299) Pause Young (Allocation Failure)
[306.926s][info][gc,heap        ] GC(299) PSYoungGen: 178468K(244224K)->28161K(246784K) Eden: 163840K(163840K)->0K(176640K) From: 14628K(80384K)->28161K(70144K)
[306.926s][info][gc,heap        ] GC(299) ParOldGen: 354056K(354304K)->354457K(354816K)
[306.926s][info][gc,metaspace   ] GC(299) Metaspace: 42570K(42944K)->42570K(42944K) NonClass: 38231K(38464K)->38231K(38464K) Class: 4339K(4480K)->4339K(4480K)
[306.926s][info][gc             ] GC(299) Pause Young (Allocation Failure) 520M->373M(587M) 18.439ms
[306.926s][info][gc,cpu         ] GC(299) User=0.03s Sys=0.00s Real=0.02s
[307.481s][info][gc,start       ] GC(300) Pause Young (Allocation Failure)
[307.495s][info][gc,heap        ] GC(300) PSYoungGen: 204801K(246784K)->21620K(249856K) Eden: 176640K(176640K)->0K(176640K) From: 28161K(70144K)->21620K(73216K)
[307.495s][info][gc,heap        ] GC(300) ParOldGen: 354457K(354816K)->354803K(354816K)
[307.495s][info][gc,metaspace   ] GC(300) Metaspace: 42572K(42944K)->42572K(42944K) NonClass: 38232K(38464K)->38232K(38464K) Class: 4339K(4480K)->4339K(4480K)
[307.495s][info][gc             ] GC(300) Pause Young (Allocation Failure) 546M->367M(590M) 14.080ms
[307.495s][info][gc,cpu         ] GC(300) User=0.03s Sys=0.00s Real=0.01s
[308.039s][info][gc,start       ] GC(301) Pause Young (Allocation Failure)
[308.061s][info][gc,heap        ] GC(301) PSYoungGen: 198260K(249856K)->1182K(259584K) Eden: 176640K(176640K)->0K(190976K) From: 21620K(73216K)->1182K(68608K)
[308.061s][info][gc,heap        ] GC(301) ParOldGen: 354803K(354816K)->375525K(375808K)
[308.061s][info][gc,metaspace   ] GC(301) Metaspace: 42572K(42944K)->42572K(42944K) NonClass: 38232K(38464K)->38232K(38464K) Class: 4339K(4480K)->4339K(4480K)
[308.061s][info][gc             ] GC(301) Pause Young (Allocation Failure) 540M->367M(620M) 22.302ms
[308.061s][info][gc,cpu         ] GC(301) User=0.03s Sys=0.01s Real=0.02s
[308.634s][info][gc,start       ] GC(302) Pause Young (Allocation Failure)
[308.637s][info][gc,heap        ] GC(302) PSYoungGen: 192158K(259584K)->1993K(259072K) Eden: 190976K(190976K)->0K(190976K) From: 1182K(68608K)->1993K(68096K)
[308.637s][info][gc,heap        ] GC(302) ParOldGen: 375525K(375808K)->375717K(375808K)
[308.637s][info][gc,metaspace   ] GC(302) Metaspace: 42572K(42944K)->42572K(42944K) NonClass: 38233K(38464K)->38233K(38464K) Class: 4339K(4480K)->4339K(4480K)
[308.637s][info][gc             ] GC(302) Pause Young (Allocation Failure) 554M->368M(620M) 3.567ms
[308.637s][info][gc,cpu         ] GC(302) User=0.00s Sys=0.00s Real=0.01s
[309.090s][info][gc,start       ] GC(303) Pause Young (Allocation Failure)
[309.096s][info][gc,heap        ] GC(303) PSYoungGen: 192969K(259072K)->4732K(263680K) Eden: 190976K(190976K)->0K(199168K) From: 1993K(68096K)->4732K(64512K)
[309.096s][info][gc,heap        ] GC(303) ParOldGen: 375717K(375808K)->376181K(376320K)
[309.096s][info][gc,metaspace   ] GC(303) Metaspace: 42572K(42944K)->42572K(42944K) NonClass: 38233K(38464K)->38233K(38464K) Class: 4339K(4480K)->4339K(4480K)
[309.096s][info][gc             ] GC(303) Pause Young (Allocation Failure) 555M->371M(625M) 5.960ms
[309.096s][info][gc,cpu         ] GC(303) User=0.01s Sys=0.00s Real=0.01s
[309.461s][info][gc,start       ] GC(304) Pause Young (Allocation Failure)
[309.466s][info][gc,heap        ] GC(304) PSYoungGen: 203900K(263680K)->2126K(263680K) Eden: 199168K(199168K)->0K(199168K) From: 4732K(64512K)->2126K(64512K)
[309.466s][info][gc,heap        ] GC(304) ParOldGen: 376181K(376320K)->377881K(378368K)
[309.466s][info][gc,metaspace   ] GC(304) Metaspace: 42572K(42944K)->42572K(42944K) NonClass: 38233K(38464K)->38233K(38464K) Class: 4339K(4480K)->4339K(4480K)
[309.466s][info][gc             ] GC(304) Pause Young (Allocation Failure) 566M->371M(627M) 5.188ms
[309.466s][info][gc,cpu         ] GC(304) User=0.01s Sys=0.00s Real=0.01s
[309.858s][info][gc,start       ] GC(305) Pause Young (Allocation Failure)
[309.867s][info][gc,heap        ] GC(305) PSYoungGen: 200910K(263680K)->10094K(265216K) Eden: 198783K(199168K)->0K(206848K) From: 2126K(64512K)->10094K(58368K)
[309.867s][info][gc,heap        ] GC(305) ParOldGen: 377881K(378368K)->378133K(378368K)
[309.867s][info][gc,metaspace   ] GC(305) Metaspace: 42575K(42944K)->42575K(42944K) NonClass: 38235K(38464K)->38235K(38464K) Class: 4339K(4480K)->4339K(4480K)
[309.867s][info][gc             ] GC(305) Pause Young (Allocation Failure) 565M->379M(628M) 8.395ms
[309.867s][info][gc,cpu         ] GC(305) User=0.02s Sys=0.00s Real=0.01s
[310.131s][info][gc,start       ] GC(306) Pause Young (Allocation Failure)
[310.143s][info][gc,heap        ] GC(306) PSYoungGen: 215701K(265216K)->1628K(266240K) Eden: 205607K(206848K)->0K(206848K) From: 10094K(58368K)->1628K(59392K)
[310.143s][info][gc,heap        ] GC(306) ParOldGen: 378133K(378368K)->388036K(388096K)
[310.143s][info][gc,metaspace   ] GC(306) Metaspace: 42575K(42944K)->42575K(42944K) NonClass: 38235K(38464K)->38235K(38464K) Class: 4339K(4480K)->4339K(4480K)
[310.143s][info][gc             ] GC(306) Pause Young (Allocation Failure) 579M->380M(639M) 12.311ms
[310.143s][info][gc,cpu         ] GC(306) User=0.02s Sys=0.00s Real=0.01s
[310.414s][info][gc,start       ] GC(307) Pause Young (Allocation Failure)
[310.420s][info][gc,heap        ] GC(307) PSYoungGen: 208476K(266240K)->1876K(271360K) Eden: 206848K(206848K)->0K(217088K) From: 1628K(59392K)->1876K(54272K)
[310.420s][info][gc,heap        ] GC(307) ParOldGen: 388036K(388096K)->389629K(389632K)
[310.420s][info][gc,metaspace   ] GC(307) Metaspace: 42575K(42944K)->42575K(42944K) NonClass: 38235K(38464K)->38235K(38464K) Class: 4339K(4480K)->4339K(4480K)
[310.420s][info][gc             ] GC(307) Pause Young (Allocation Failure) 582M->382M(645M) 5.783ms
[310.420s][info][gc,cpu         ] GC(307) User=0.00s Sys=0.00s Real=0.01s
[310.707s][info][gc,start       ] GC(308) Pause Young (Allocation Failure)
[310.714s][info][gc,heap        ] GC(308) PSYoungGen: 217220K(271360K)->2896K(272384K) Eden: 215344K(217088K)->0K(217088K) From: 1876K(54272K)->2896K(55296K)
[310.714s][info][gc,heap        ] GC(308) ParOldGen: 389629K(389632K)->391500K(391680K)
[310.714s][info][gc,metaspace   ] GC(308) Metaspace: 42575K(42944K)->42575K(42944K) NonClass: 38235K(38464K)->38235K(38464K) Class: 4339K(4480K)->4339K(4480K)
[310.714s][info][gc             ] GC(308) Pause Young (Allocation Failure) 592M->385M(648M) 7.066ms
[310.714s][info][gc,cpu         ] GC(308) User=0.01s Sys=0.01s Real=0.00s
[311.012s][info][gc,start       ] GC(309) Pause Young (Allocation Failure)
[311.021s][info][gc,heap        ] GC(309) PSYoungGen: 218757K(272384K)->4496K(274944K) Eden: 215861K(217088K)->0K(225792K) From: 2896K(55296K)->4496K(49152K)
[311.021s][info][gc,heap        ] GC(309) ParOldGen: 391500K(391680K)->394378K(394752K)
[311.022s][info][gc,metaspace   ] GC(309) Metaspace: 42575K(42944K)->42575K(42944K) NonClass: 38235K(38464K)->38235K(38464K) Class: 4339K(4480K)->4339K(4480K)
[311.022s][info][gc             ] GC(309) Pause Young (Allocation Failure) 595M->389M(654M) 9.951ms
[311.022s][info][gc,cpu         ] GC(309) User=0.02s Sys=0.00s Real=0.01s
[311.340s][info][gc,start       ] GC(310) Pause Young (Allocation Failure)
[311.354s][info][gc,heap        ] GC(310) PSYoungGen: 230288K(274944K)->5863K(275968K) Eden: 225792K(225792K)->0K(225792K) From: 4496K(49152K)->5863K(50176K)
[311.354s][info][gc,heap        ] GC(310) ParOldGen: 394378K(394752K)->398804K(398848K)
[311.354s][info][gc,metaspace   ] GC(310) Metaspace: 42575K(42944K)->42575K(42944K) NonClass: 38235K(38464K)->38235K(38464K) Class: 4339K(4480K)->4339K(4480K)
[311.354s][info][gc             ] GC(310) Pause Young (Allocation Failure) 610M->395M(659M) 13.691ms
[311.354s][info][gc,cpu         ] GC(310) User=0.02s Sys=0.00s Real=0.01s
[311.681s][info][gc,start       ] GC(311) Pause Young (Allocation Failure)
[311.697s][info][gc,heap        ] GC(311) PSYoungGen: 231655K(275968K)->10542K(278528K) Eden: 225792K(225792K)->0K(236544K) From: 5863K(50176K)->10542K(41984K)
[311.697s][info][gc,heap        ] GC(311) ParOldGen: 398804K(398848K)->404745K(404992K)
[311.697s][info][gc,metaspace   ] GC(311) Metaspace: 42575K(42944K)->42575K(42944K) NonClass: 38235K(38464K)->38235K(38464K) Class: 4339K(4480K)->4339K(4480K)
[311.697s][info][gc             ] GC(311) Pause Young (Allocation Failure) 615M->405M(667M) 16.549ms
[311.697s][info][gc,cpu         ] GC(311) User=0.02s Sys=0.00s Real=0.02s
[312.191s][info][gc,start       ] GC(312) Pause Young (Allocation Failure)
[312.212s][info][gc,heap        ] GC(312) PSYoungGen: 247086K(278528K)->12722K(280064K) Eden: 236544K(236544K)->0K(236544K) From: 10542K(41984K)->12722K(43520K)
[312.212s][info][gc,heap        ] GC(312) ParOldGen: 404745K(404992K)->411460K(411648K)
[312.212s][info][gc,metaspace   ] GC(312) Metaspace: 42575K(42944K)->42575K(42944K) NonClass: 38236K(38464K)->38236K(38464K) Class: 4339K(4480K)->4339K(4480K)
[312.212s][info][gc             ] GC(312) Pause Young (Allocation Failure) 636M->414M(675M) 20.685ms
[312.212s][info][gc,cpu         ] GC(312) User=0.03s Sys=0.01s Real=0.02s
[312.784s][info][gc,start       ] GC(313) Pause Young (Allocation Failure)
[312.803s][info][gc,heap        ] GC(313) PSYoungGen: 249170K(280064K)->3018K(288256K) Eden: 236448K(236544K)->0K(249344K) From: 12722K(43520K)->3018K(38912K)
[312.803s][info][gc,heap        ] GC(313) ParOldGen: 411460K(411648K)->423895K(423936K)
[312.803s][info][gc,metaspace   ] GC(313) Metaspace: 42669K(43072K)->42669K(43072K) NonClass: 38329K(38592K)->38329K(38592K) Class: 4339K(4480K)->4339K(4480K)
[312.803s][info][gc             ] GC(313) Pause Young (Allocation Failure) 645M->416M(695M) 18.383ms
[312.803s][info][gc,cpu         ] GC(313) User=0.02s Sys=0.01s Real=0.02s
[313.426s][info][gc,start       ] GC(314) Pause Young (Allocation Failure)
[313.431s][info][gc,heap        ] GC(314) PSYoungGen: 252362K(288256K)->3940K(288768K) Eden: 249344K(249344K)->0K(249344K) From: 3018K(38912K)->3940K(39424K)
[313.431s][info][gc,heap        ] GC(314) ParOldGen: 423895K(423936K)->424553K(424960K)
[313.431s][info][gc,metaspace   ] GC(314) Metaspace: 42673K(43072K)->42673K(43072K) NonClass: 38333K(38592K)->38333K(38592K) Class: 4339K(4480K)->4339K(4480K)
[313.431s][info][gc             ] GC(314) Pause Young (Allocation Failure) 660M->418M(697M) 5.641ms
[313.431s][info][gc,cpu         ] GC(314) User=0.01s Sys=0.00s Real=0.01s
[314.056s][info][gc,start       ] GC(315) Pause Young (Allocation Failure)
[314.064s][info][gc,heap        ] GC(315) PSYoungGen: 253284K(288768K)->4768K(292864K) Eden: 249344K(249344K)->0K(257024K) From: 3940K(39424K)->4768K(35840K)
[314.064s][info][gc,heap        ] GC(315) ParOldGen: 424553K(424960K)->424561K(424960K)
[314.064s][info][gc,metaspace   ] GC(315) Metaspace: 42673K(43072K)->42673K(43072K) NonClass: 38334K(38592K)->38334K(38592K) Class: 4339K(4480K)->4339K(4480K)
[314.064s][info][gc             ] GC(315) Pause Young (Allocation Failure) 661M->419M(701M) 8.180ms
[314.064s][info][gc,cpu         ] GC(315) User=0.01s Sys=0.00s Real=0.01s
[314.836s][info][gc,start       ] GC(316) Pause Young (Allocation Failure)
[314.841s][info][gc,heap        ] GC(316) PSYoungGen: 261792K(292864K)->4518K(292864K) Eden: 257024K(257024K)->0K(257024K) From: 4768K(35840K)->4518K(35840K)
[314.841s][info][gc,heap        ] GC(316) ParOldGen: 424561K(424960K)->424609K(424960K)
[314.841s][info][gc,metaspace   ] GC(316) Metaspace: 42675K(43072K)->42675K(43072K) NonClass: 38335K(38592K)->38335K(38592K) Class: 4339K(4480K)->4339K(4480K)
[314.841s][info][gc             ] GC(316) Pause Young (Allocation Failure) 670M->419M(701M) 4.180ms
[314.841s][info][gc,cpu         ] GC(316) User=0.01s Sys=0.00s Real=0.00s
[315.795s][info][gc,start       ] GC(317) Pause Young (Allocation Failure)
[315.801s][info][gc,heap        ] GC(317) PSYoungGen: 261542K(292864K)->2770K(296448K) Eden: 257024K(257024K)->0K(263680K) From: 4518K(35840K)->2770K(32768K)
[315.801s][info][gc,heap        ] GC(317) ParOldGen: 424609K(424960K)->424737K(424960K)
[315.801s][info][gc,metaspace   ] GC(317) Metaspace: 42734K(43136K)->42734K(43136K) NonClass: 38394K(38656K)->38394K(38656K) Class: 4339K(4480K)->4339K(4480K)
[315.801s][info][gc             ] GC(317) Pause Young (Allocation Failure) 670M->417M(704M) 6.497ms
[315.801s][info][gc,cpu         ] GC(317) User=0.01s Sys=0.00s Real=0.01s
[317.189s][info][gc,start       ] GC(318) Pause Young (Allocation Failure)
[317.208s][info][gc,heap        ] GC(318) PSYoungGen: 266450K(296448K)->16492K(295936K) Eden: 263680K(263680K)->0K(263680K) From: 2770K(32768K)->16492K(32256K)
[317.208s][info][gc,heap        ] GC(318) ParOldGen: 424737K(424960K)->427371K(427520K)
[317.208s][info][gc,metaspace   ] GC(318) Metaspace: 42760K(43136K)->42760K(43136K) NonClass: 38421K(38656K)->38421K(38656K) Class: 4339K(4480K)->4339K(4480K)
[317.208s][info][gc             ] GC(318) Pause Young (Allocation Failure) 674M->433M(706M) 18.784ms
[317.208s][info][gc,cpu         ] GC(318) User=0.03s Sys=0.00s Real=0.02s
[317.904s][info][gc,start       ] GC(319) Pause Young (Allocation Failure)
[317.961s][info][gc,heap        ] GC(319) PSYoungGen: 280172K(295936K)->30124K(290304K) Eden: 263680K(263680K)->0K(257024K) From: 16492K(32256K)->30124K(33280K)
[317.961s][info][gc,heap        ] GC(319) ParOldGen: 427371K(427520K)->443675K(443904K)
[317.961s][info][gc,metaspace   ] GC(319) Metaspace: 42760K(43136K)->42760K(43136K) NonClass: 38421K(38656K)->38421K(38656K) Class: 4339K(4480K)->4339K(4480K)
[317.961s][info][gc             ] GC(319) Pause Young (Allocation Failure) 690M->462M(717M) 57.349ms
[317.961s][info][gc,cpu         ] GC(319) User=0.09s Sys=0.02s Real=0.06s
[318.584s][info][gc,start       ] GC(320) Pause Young (Allocation Failure)
[318.656s][info][gc,heap        ] GC(320) PSYoungGen: 287148K(290304K)->29430K(286720K) Eden: 257024K(257024K)->0K(257024K) From: 30124K(33280K)->29430K(29696K)
[318.656s][info][gc,heap        ] GC(320) ParOldGen: 443675K(443904K)->473979K(474112K)
[318.656s][info][gc,metaspace   ] GC(320) Metaspace: 42761K(43136K)->42761K(43136K) NonClass: 38422K(38656K)->38422K(38656K) Class: 4339K(4480K)->4339K(4480K)
[318.656s][info][gc             ] GC(320) Pause Young (Allocation Failure) 713M->491M(743M) 72.318ms
[318.656s][info][gc,cpu         ] GC(320) User=0.11s Sys=0.03s Real=0.08s
[322.370s][info][gc,start       ] GC(321) Pause Young (Allocation Failure)
[322.437s][info][gc,heap        ] GC(321) PSYoungGen: 286454K(286720K)->23663K(289280K) Eden: 257024K(257024K)->0K(246784K) From: 29430K(29696K)->23663K(42496K)
[322.437s][info][gc,heap        ] GC(321) ParOldGen: 473979K(474112K)->500028K(500224K)
[322.437s][info][gc,metaspace   ] GC(321) Metaspace: 42771K(43200K)->42771K(43200K) NonClass: 38431K(38720K)->38431K(38720K) Class: 4339K(4480K)->4339K(4480K)
[322.437s][info][gc             ] GC(321) Pause Young (Allocation Failure) 742M->511M(771M) 66.996ms
[322.437s][info][gc,cpu         ] GC(321) User=0.10s Sys=0.03s Real=0.07s
[323.285s][info][gc,start       ] GC(322) Pause Young (Allocation Failure)
[323.327s][info][gc,heap        ] GC(322) PSYoungGen: 270447K(289280K)->13220K(260096K) Eden: 246784K(246784K)->0K(246784K) From: 23663K(42496K)->13220K(13312K)
[323.327s][info][gc,heap        ] GC(322) ParOldGen: 500028K(500224K)->523556K(523776K)
[323.327s][info][gc,metaspace   ] GC(322) Metaspace: 42772K(43200K)->42772K(43200K) NonClass: 38433K(38720K)->38433K(38720K) Class: 4339K(4480K)->4339K(4480K)
[323.327s][info][gc             ] GC(322) Pause Young (Allocation Failure) 752M->524M(765M) 42.361ms
[323.327s][info][gc,cpu         ] GC(322) User=0.07s Sys=0.02s Real=0.05s
[324.053s][info][gc,start       ] GC(323) Pause Young (Allocation Failure)
[324.104s][info][gc,heap        ] GC(323) PSYoungGen: 260004K(260096K)->30956K(285184K) Eden: 246784K(246784K)->0K(244224K) From: 13220K(13312K)->30956K(40960K)
[324.104s][info][gc,heap        ] GC(323) ParOldGen: 523556K(523776K)->536369K(536576K)
[324.104s][info][gc,metaspace   ] GC(323) Metaspace: 42772K(43200K)->42772K(43200K) NonClass: 38433K(38720K)->38433K(38720K) Class: 4339K(4480K)->4339K(4480K)
[324.104s][info][gc             ] GC(323) Pause Young (Allocation Failure) 765M->554M(802M) 51.172ms
[324.104s][info][gc,cpu         ] GC(323) User=0.09s Sys=0.01s Real=0.05s
[324.836s][info][gc,start       ] GC(324) Pause Young (Allocation Failure)
[324.923s][info][gc,heap        ] GC(324) PSYoungGen: 275180K(285184K)->31224K(275456K) Eden: 244224K(244224K)->0K(244224K) From: 30956K(40960K)->31224K(31232K)
[324.923s][info][gc,heap        ] GC(324) ParOldGen: 536369K(536576K)->565801K(566272K)
[324.923s][info][gc,metaspace   ] GC(324) Metaspace: 42772K(43200K)->42772K(43200K) NonClass: 38433K(38720K)->38433K(38720K) Class: 4339K(4480K)->4339K(4480K)
[324.923s][info][gc             ] GC(324) Pause Young (Allocation Failure) 792M->583M(822M) 87.409ms
[324.923s][info][gc,cpu         ] GC(324) User=0.14s Sys=0.02s Real=0.08s
[326.547s][info][gc,start       ] GC(325) Pause Young (Allocation Failure)
[326.615s][info][gc,heap        ] GC(325) PSYoungGen: 275448K(275456K)->17040K(289280K) Eden: 244224K(244224K)->0K(241664K) From: 31224K(31232K)->17040K(47616K)
[326.615s][info][gc,heap        ] GC(325) ParOldGen: 565801K(566272K)->596946K(596992K)
[326.615s][info][gc,metaspace   ] GC(325) Metaspace: 42772K(43200K)->42772K(43200K) NonClass: 38433K(38720K)->38433K(38720K) Class: 4339K(4480K)->4339K(4480K)
[326.615s][info][gc             ] GC(325) Pause Young (Allocation Failure) 821M->599M(865M) 67.901ms
[326.615s][info][gc,cpu         ] GC(325) User=0.10s Sys=0.04s Real=0.06s
[327.847s][info][gc,start       ] GC(326) Pause Young (Allocation Failure)
[327.875s][info][gc,heap        ] GC(326) PSYoungGen: 258704K(289280K)->7729K(249856K) Eden: 241664K(241664K)->0K(241664K) From: 17040K(47616K)->7729K(8192K)
[327.875s][info][gc,heap        ] GC(326) ParOldGen: 596946K(596992K)->613494K(613888K)
[327.875s][info][gc,metaspace   ] GC(326) Metaspace: 42772K(43200K)->42772K(43200K) NonClass: 38433K(38720K)->38433K(38720K) Class: 4339K(4480K)->4339K(4480K)
[327.875s][info][gc             ] GC(326) Pause Young (Allocation Failure) 835M->606M(843M) 27.489ms
[327.875s][info][gc,cpu         ] GC(326) User=0.04s Sys=0.01s Real=0.02s
[329.357s][info][gc,start       ] GC(327) Pause Young (Allocation Failure)
[329.392s][info][gc,heap        ] GC(327) PSYoungGen: 249393K(249856K)->25565K(284672K) Eden: 241664K(241664K)->0K(241152K) From: 7729K(8192K)->25565K(43520K)
[329.392s][info][gc,heap        ] GC(327) ParOldGen: 613494K(613888K)->621090K(621568K)
[329.392s][info][gc,metaspace   ] GC(327) Metaspace: 42773K(43200K)->42773K(43200K) NonClass: 38433K(38720K)->38433K(38720K) Class: 4339K(4480K)->4339K(4480K)
[329.392s][info][gc             ] GC(327) Pause Young (Allocation Failure) 842M->631M(885M) 35.098ms
[329.392s][info][gc,cpu         ] GC(327) User=0.06s Sys=0.00s Real=0.03s
[330.913s][info][gc,start       ] GC(328) Pause Young (Allocation Failure)
[330.970s][info][gc,heap        ] GC(328) PSYoungGen: 266717K(284672K)->22081K(285184K) Eden: 241152K(241152K)->0K(241152K) From: 25565K(43520K)->22081K(44032K)
[330.970s][info][gc,heap        ] GC(328) ParOldGen: 621090K(621568K)->646464K(646656K)
[330.970s][info][gc,metaspace   ] GC(328) Metaspace: 42773K(43200K)->42773K(43200K) NonClass: 38433K(38720K)->38433K(38720K) Class: 4339K(4480K)->4339K(4480K)
[330.970s][info][gc             ] GC(328) Pause Young (Allocation Failure) 867M->652M(910M) 57.067ms
[330.970s][info][gc,cpu         ] GC(328) User=0.09s Sys=0.02s Real=0.06s
[332.163s][info][gc,start       ] GC(329) Pause Full (Allocation Failure)
[332.163s][info][gc,phases,start] GC(329) Marking Phase
[332.211s][info][gc,phases      ] GC(329) Marking Phase 47.642ms
[332.211s][info][gc,phases,start] GC(329) Summary Phase
[332.211s][info][gc,phases      ] GC(329) Summary Phase 0.033ms
[332.211s][info][gc,phases,start] GC(329) Forward
[332.223s][info][gc,phases      ] GC(329) Forward 12.175ms
[332.223s][info][gc,phases,start] GC(329) Adjust Pointers
[332.251s][info][gc,phases      ] GC(329) Adjust Pointers 28.473ms
[332.251s][info][gc,phases,start] GC(329) Compaction Phase
[332.261s][info][gc,phases      ] GC(329) Compaction Phase 9.571ms
[332.261s][info][gc,phases,start] GC(329) Post Compact
[332.264s][info][gc,phases      ] GC(329) Post Compact 2.611ms
[332.302s][info][gc,heap        ] GC(329) PSYoungGen: 263233K(285184K)->0K(289280K) Eden: 241152K(241152K)->0K(246272K) From: 22081K(44032K)->0K(43008K)
[332.302s][info][gc,heap        ] GC(329) ParOldGen: 646464K(646656K)->63640K(198144K)
[332.302s][info][gc,metaspace   ] GC(329) Metaspace: 42773K(43200K)->42773K(43200K) NonClass: 38434K(38720K)->38434K(38720K) Class: 4339K(4480K)->4339K(4480K)
[332.302s][info][gc             ] GC(329) Pause Full (Allocation Failure) 888M->62M(476M) 139.174ms
[332.302s][info][gc,cpu         ] GC(329) User=0.15s Sys=0.04s Real=0.14s
[332.978s][info][gc,start       ] GC(330) Pause Young (Allocation Failure)
[333.006s][info][gc,heap        ] GC(330) PSYoungGen: 246272K(289280K)->30892K(277504K) Eden: 246272K(246272K)->0K(246272K) From: 0K(43008K)->30892K(31232K)
[333.006s][info][gc,heap        ] GC(330) ParOldGen: 63640K(198144K)->63640K(198144K)
[333.006s][info][gc,metaspace   ] GC(330) Metaspace: 42773K(43200K)->42773K(43200K) NonClass: 38434K(38720K)->38434K(38720K) Class: 4339K(4480K)->4339K(4480K)
[333.006s][info][gc             ] GC(330) Pause Young (Allocation Failure) 302M->92M(464M) 28.884ms
[333.006s][info][gc,cpu         ] GC(330) User=0.05s Sys=0.00s Real=0.03s
[333.661s][info][gc,start       ] GC(331) Pause Young (Allocation Failure)
[333.718s][info][gc,heap        ] GC(331) PSYoungGen: 277164K(277504K)->31480K(284160K) Eden: 246272K(246272K)->0K(238592K) From: 30892K(31232K)->31480K(45568K)
[333.718s][info][gc,heap        ] GC(331) ParOldGen: 63640K(198144K)->92976K(198144K)
[333.718s][info][gc,metaspace   ] GC(331) Metaspace: 42773K(43200K)->42773K(43200K) NonClass: 38434K(38720K)->38434K(38720K) Class: 4339K(4480K)->4339K(4480K)
[333.718s][info][gc             ] GC(331) Pause Young (Allocation Failure) 332M->121M(471M) 57.663ms
[333.718s][info][gc,cpu         ] GC(331) User=0.12s Sys=0.00s Real=0.06s
[335.363s][info][gc,start       ] GC(332) Pause Young (Allocation Failure)
[335.406s][info][gc,heap        ] GC(332) PSYoungGen: 270072K(284160K)->15952K(286208K) Eden: 238592K(238592K)->0K(238592K) From: 31480K(45568K)->15952K(47616K)
[335.406s][info][gc,heap        ] GC(332) ParOldGen: 92976K(198144K)->124449K(198144K)
[335.407s][info][gc,metaspace   ] GC(332) Metaspace: 42773K(43200K)->42773K(43200K) NonClass: 38434K(38720K)->38434K(38720K) Class: 4339K(4480K)->4339K(4480K)
[335.407s][info][gc             ] GC(332) Pause Young (Allocation Failure) 354M->137M(473M) 43.563ms
[335.407s][info][gc,cpu         ] GC(332) User=0.09s Sys=0.00s Real=0.05s
[336.468s][info][gc,start       ] GC(333) Pause Young (Allocation Failure)
[336.488s][info][gc,heap        ] GC(333) PSYoungGen: 254544K(286208K)->10956K(284160K) Eden: 238592K(238592K)->0K(240640K) From: 15952K(47616K)->10956K(43520K)
[336.488s][info][gc,heap        ] GC(333) ParOldGen: 124449K(198144K)->140341K(198144K)
[336.488s][info][gc,metaspace   ] GC(333) Metaspace: 42773K(43200K)->42773K(43200K) NonClass: 38434K(38720K)->38434K(38720K) Class: 4339K(4480K)->4339K(4480K)
[336.488s][info][gc             ] GC(333) Pause Young (Allocation Failure) 370M->147M(471M) 20.097ms
[336.488s][info][gc,cpu         ] GC(333) User=0.04s Sys=0.00s Real=0.02s
[337.950s][info][gc,start       ] GC(334) Pause Young (Allocation Failure)
[337.956s][info][gc,heap        ] GC(334) PSYoungGen: 251596K(284160K)->2540K(285184K) Eden: 240640K(240640K)->0K(240640K) From: 10956K(43520K)->2540K(44544K)
[337.956s][info][gc,heap        ] GC(334) ParOldGen: 140341K(198144K)->145416K(198144K)
[337.956s][info][gc,metaspace   ] GC(334) Metaspace: 42773K(43200K)->42773K(43200K) NonClass: 38434K(38720K)->38434K(38720K) Class: 4339K(4480K)->4339K(4480K)
[337.956s][info][gc             ] GC(334) Pause Young (Allocation Failure) 382M->144M(472M) 5.980ms
[337.956s][info][gc,cpu         ] GC(334) User=0.01s Sys=0.00s Real=0.01s
[339.399s][info][gc,start       ] GC(335) Pause Young (Allocation Failure)
[339.424s][info][gc,heap        ] GC(335) PSYoungGen: 243180K(285184K)->22405K(287744K) Eden: 240640K(240640K)->0K(244224K) From: 2540K(44544K)->22405K(43520K)
[339.424s][info][gc,heap        ] GC(335) ParOldGen: 145416K(198144K)->147756K(198144K)
[339.424s][info][gc,metaspace   ] GC(335) Metaspace: 42773K(43200K)->42773K(43200K) NonClass: 38434K(38720K)->38434K(38720K) Class: 4339K(4480K)->4339K(4480K)
[339.424s][info][gc             ] GC(335) Pause Young (Allocation Failure) 379M->166M(474M) 25.266ms
[339.424s][info][gc,cpu         ] GC(335) User=0.05s Sys=0.00s Real=0.02s
[340.761s][info][gc,start       ] GC(336) Pause Young (Allocation Failure)
[340.805s][info][gc,heap        ] GC(336) PSYoungGen: 266629K(287744K)->29478K(288256K) Eden: 244224K(244224K)->0K(244224K) From: 22405K(43520K)->29478K(44032K)
[340.805s][info][gc,heap        ] GC(336) ParOldGen: 147756K(198144K)->170262K(198144K)
[340.805s][info][gc,metaspace   ] GC(336) Metaspace: 42776K(43200K)->42776K(43200K) NonClass: 38436K(38720K)->38436K(38720K) Class: 4339K(4480K)->4339K(4480K)
[340.805s][info][gc             ] GC(336) Pause Young (Allocation Failure) 404M->195M(475M) 43.981ms
[340.805s][info][gc,cpu         ] GC(336) User=0.08s Sys=0.00s Real=0.04s
[341.804s][info][gc,start       ] GC(337) Pause Young (Allocation Failure)
[341.829s][info][gc,heap        ] GC(337) PSYoungGen: 273702K(288256K)->11222K(288768K) Eden: 244224K(244224K)->0K(243712K) From: 29478K(44032K)->11222K(45056K)
[341.829s][info][gc,heap        ] GC(337) ParOldGen: 170262K(198144K)->192917K(198144K)
[341.829s][info][gc,metaspace   ] GC(337) Metaspace: 42776K(43200K)->42776K(43200K) NonClass: 38437K(38720K)->38437K(38720K) Class: 4339K(4480K)->4339K(4480K)
[341.829s][info][gc             ] GC(337) Pause Young (Allocation Failure) 433M->199M(475M) 25.439ms
[341.830s][info][gc,cpu         ] GC(337) User=0.05s Sys=0.00s Real=0.03s
[342.797s][info][gc,start       ] GC(338) Pause Young (Allocation Failure)
[342.813s][info][gc,heap        ] GC(338) PSYoungGen: 254934K(288768K)->18308K(262144K) Eden: 243712K(243712K)->0K(243712K) From: 11222K(45056K)->18308K(18432K)
[342.813s][info][gc,heap        ] GC(338) ParOldGen: 192917K(198144K)->193749K(198144K)
[342.813s][info][gc,metaspace   ] GC(338) Metaspace: 42776K(43200K)->42776K(43200K) NonClass: 38437K(38720K)->38437K(38720K) Class: 4339K(4480K)->4339K(4480K)
[342.813s][info][gc             ] GC(338) Pause Young (Allocation Failure) 437M->207M(449M) 16.673ms
[342.813s][info][gc,cpu         ] GC(338) User=0.03s Sys=0.00s Real=0.01s
[343.800s][info][gc,start       ] GC(339) Pause Young (Allocation Failure)
[343.804s][info][gc,heap        ] GC(339) PSYoungGen: 262020K(262144K)->4212K(286208K) Eden: 243712K(243712K)->0K(244224K) From: 18308K(18432K)->4212K(41984K)
[343.804s][info][gc,heap        ] GC(339) ParOldGen: 193749K(198144K)->194809K(198144K)
[343.804s][info][gc,metaspace   ] GC(339) Metaspace: 42776K(43200K)->42776K(43200K) NonClass: 38437K(38720K)->38437K(38720K) Class: 4339K(4480K)->4339K(4480K)
[343.804s][info][gc             ] GC(339) Pause Young (Allocation Failure) 445M->194M(473M) 4.738ms
[343.804s][info][gc,cpu         ] GC(339) User=0.01s Sys=0.00s Real=0.00s
[344.668s][info][gc,start       ] GC(340) Pause Young (Allocation Failure)
[344.671s][info][gc,heap        ] GC(340) PSYoungGen: 246717K(286208K)->1506K(286208K) Eden: 242504K(244224K)->0K(244224K) From: 4212K(41984K)->1506K(41984K)
[344.671s][info][gc,heap        ] GC(340) ParOldGen: 194809K(198144K)->196057K(198144K)
[344.671s][info][gc,metaspace   ] GC(340) Metaspace: 42777K(43200K)->42777K(43200K) NonClass: 38437K(38720K)->38437K(38720K) Class: 4339K(4480K)->4339K(4480K)
[344.671s][info][gc             ] GC(340) Pause Young (Allocation Failure) 431M->192M(473M) 3.577ms
[344.671s][info][gc,cpu         ] GC(340) User=0.00s Sys=0.00s Real=0.00s
[345.691s][info][gc,start       ] GC(341) Pause Young (Allocation Failure)
[345.714s][info][gc,heap        ] GC(341) PSYoungGen: 245730K(286208K)->25310K(289792K) Eden: 244224K(244224K)->0K(247808K) From: 1506K(41984K)->25310K(41984K)
[345.714s][info][gc,heap        ] GC(341) ParOldGen: 196057K(198144K)->197177K(198144K)
[345.714s][info][gc,metaspace   ] GC(341) Metaspace: 42777K(43200K)->42777K(43200K) NonClass: 38437K(38720K)->38437K(38720K) Class: 4339K(4480K)->4339K(4480K)
[345.714s][info][gc             ] GC(341) Pause Young (Allocation Failure) 431M->217M(476M) 22.539ms
[345.714s][info][gc,cpu         ] GC(341) User=0.04s Sys=0.00s Real=0.02s
[346.787s][info][gc,start       ] GC(342) Pause Young (Allocation Failure)
[346.794s][info][gc,heap        ] GC(342) PSYoungGen: 273118K(289792K)->7960K(290816K) Eden: 247808K(247808K)->0K(247808K) From: 25310K(41984K)->7960K(43008K)
[346.794s][info][gc,heap        ] GC(342) ParOldGen: 197177K(198144K)->197921K(198144K)
[346.794s][info][gc,metaspace   ] GC(342) Metaspace: 42777K(43200K)->42777K(43200K) NonClass: 38437K(38720K)->38437K(38720K) Class: 4339K(4480K)->4339K(4480K)
[346.794s][info][gc             ] GC(342) Pause Young (Allocation Failure) 459M->201M(477M) 7.482ms
[346.794s][info][gc,cpu         ] GC(342) User=0.02s Sys=0.00s Real=0.00s
[347.681s][info][gc,start       ] GC(343) Pause Young (Allocation Failure)
[347.690s][info][gc,heap        ] GC(343) PSYoungGen: 255768K(290816K)->3925K(288768K) Eden: 247808K(247808K)->0K(248832K) From: 7960K(43008K)->3925K(39936K)
[347.690s][info][gc,heap        ] GC(343) ParOldGen: 197921K(198144K)->199017K(199168K)
[347.690s][info][gc,metaspace   ] GC(343) Metaspace: 42777K(43200K)->42777K(43200K) NonClass: 38437K(38720K)->38437K(38720K) Class: 4339K(4480K)->4339K(4480K)
[347.690s][info][gc             ] GC(343) Pause Young (Allocation Failure) 443M->198M(476M) 8.886ms
[347.690s][info][gc,cpu         ] GC(343) User=0.01s Sys=0.01s Real=0.01s
[348.648s][info][gc,start       ] GC(344) Pause Young (Allocation Failure)
[348.653s][info][gc,heap        ] GC(344) PSYoungGen: 252757K(288768K)->5012K(289792K) Eden: 248832K(248832K)->0K(248832K) From: 3925K(39936K)->5012K(40960K)
[348.653s][info][gc,heap        ] GC(344) ParOldGen: 199017K(199168K)->200021K(200192K)
[348.653s][info][gc,metaspace   ] GC(344) Metaspace: 42777K(43200K)->42777K(43200K) NonClass: 38437K(38720K)->38437K(38720K) Class: 4339K(4480K)->4339K(4480K)
[348.653s][info][gc             ] GC(344) Pause Young (Allocation Failure) 441M->200M(478M) 5.812ms
[348.653s][info][gc,cpu         ] GC(344) User=0.01s Sys=0.00s Real=0.00s
[349.645s][info][gc,start       ] GC(345) Pause Young (Allocation Failure)
[349.659s][info][gc,heap        ] GC(345) PSYoungGen: 253844K(289792K)->12789K(287744K) Eden: 248832K(248832K)->0K(252928K) From: 5012K(40960K)->12789K(34816K)
[349.659s][info][gc,heap        ] GC(345) ParOldGen: 200021K(200192K)->201041K(201216K)
[349.659s][info][gc,metaspace   ] GC(345) Metaspace: 42777K(43200K)->42777K(43200K) NonClass: 38437K(38720K)->38437K(38720K) Class: 4339K(4480K)->4339K(4480K)
[349.659s][info][gc             ] GC(345) Pause Young (Allocation Failure) 443M->208M(477M) 13.996ms
[349.659s][info][gc,cpu         ] GC(345) User=0.03s Sys=0.00s Real=0.02s
[350.472s][info][gc,start       ] GC(346) Pause Young (Allocation Failure)
[350.514s][info][gc,heap        ] GC(346) PSYoungGen: 265717K(287744K)->37359K(290304K) Eden: 252928K(252928K)->0K(252928K) From: 12789K(34816K)->37359K(37376K)
[350.514s][info][gc,heap        ] GC(346) ParOldGen: 201041K(201216K)->206909K(207360K)
[350.514s][info][gc,metaspace   ] GC(346) Metaspace: 42777K(43200K)->42777K(43200K) NonClass: 38437K(38720K)->38437K(38720K) Class: 4339K(4480K)->4339K(4480K)
[350.514s][info][gc             ] GC(346) Pause Young (Allocation Failure) 455M->238M(486M) 42.210ms
[350.514s][info][gc,cpu         ] GC(346) User=0.08s Sys=0.00s Real=0.04s
[351.796s][info][gc,start       ] GC(347) Pause Young (Allocation Failure)
[351.847s][info][gc,heap        ] GC(347) PSYoungGen: 290287K(290304K)->19248K(288256K) Eden: 252928K(252928K)->0K(244736K) From: 37359K(37376K)->19248K(43520K)
[351.847s][info][gc,heap        ] GC(347) ParOldGen: 206909K(207360K)->226341K(226816K)
[351.847s][info][gc,metaspace   ] GC(347) Metaspace: 42777K(43200K)->42777K(43200K) NonClass: 38438K(38720K)->38438K(38720K) Class: 4339K(4480K)->4339K(4480K)
[351.847s][info][gc             ] GC(347) Pause Young (Allocation Failure) 485M->239M(503M) 51.329ms
[351.847s][info][gc,cpu         ] GC(347) User=0.09s Sys=0.02s Real=0.05s
[352.772s][info][gc,start       ] GC(348) Pause Young (Allocation Failure)
[352.807s][info][gc,heap        ] GC(348) PSYoungGen: 263528K(288256K)->6448K(289280K) Eden: 244279K(244736K)->0K(244736K) From: 19248K(43520K)->6448K(44544K)
[352.807s][info][gc,heap        ] GC(348) ParOldGen: 226341K(226816K)->245192K(245248K)
[352.807s][info][gc,metaspace   ] GC(348) Metaspace: 42777K(43200K)->42777K(43200K) NonClass: 38438K(38720K)->38438K(38720K) Class: 4339K(4480K)->4339K(4480K)
[352.807s][info][gc             ] GC(348) Pause Young (Allocation Failure) 478M->245M(522M) 34.518ms
[352.807s][info][gc,cpu         ] GC(348) User=0.06s Sys=0.01s Real=0.04s
[353.663s][info][gc,start       ] GC(349) Pause Young (Allocation Failure)
[353.692s][info][gc,heap        ] GC(349) PSYoungGen: 251184K(289280K)->28501K(286208K) Eden: 244736K(244736K)->0K(242688K) From: 6448K(44544K)->28501K(43520K)
[353.692s][info][gc,heap        ] GC(349) ParOldGen: 245192K(245248K)->251568K(251904K)
[353.692s][info][gc,metaspace   ] GC(349) Metaspace: 42777K(43200K)->42777K(43200K) NonClass: 38438K(38720K)->38438K(38720K) Class: 4339K(4480K)->4339K(4480K)
[353.692s][info][gc             ] GC(349) Pause Young (Allocation Failure) 484M->273M(525M) 29.012ms
[353.692s][info][gc,cpu         ] GC(349) User=0.06s Sys=0.01s Real=0.03s
[354.509s][info][gc,start       ] GC(350) Pause Young (Allocation Failure)
[354.525s][info][gc,heap        ] GC(350) PSYoungGen: 271189K(286208K)->8660K(288256K) Eden: 242688K(242688K)->0K(242688K) From: 28501K(43520K)->8660K(45568K)
[354.525s][info][gc,heap        ] GC(350) ParOldGen: 251568K(251904K)->261339K(261632K)
[354.525s][info][gc,metaspace   ] GC(350) Metaspace: 42777K(43200K)->42777K(43200K) NonClass: 38438K(38720K)->38438K(38720K) Class: 4339K(4480K)->4339K(4480K)
[354.525s][info][gc             ] GC(350) Pause Young (Allocation Failure) 510M->263M(537M) 15.860ms
[354.525s][info][gc,cpu         ] GC(350) User=0.03s Sys=0.01s Real=0.01s
[355.425s][info][gc,start       ] GC(351) Pause Young (Allocation Failure)
[355.440s][info][gc,heap        ] GC(351) PSYoungGen: 251348K(288256K)->20102K(284672K) Eden: 242688K(242688K)->0K(244224K) From: 8660K(45568K)->20102K(40448K)
[355.440s][info][gc,heap        ] GC(351) ParOldGen: 261339K(261632K)->261814K(262144K)
[355.440s][info][gc,metaspace   ] GC(351) Metaspace: 42777K(43200K)->42777K(43200K) NonClass: 38438K(38720K)->38438K(38720K) Class: 4339K(4480K)->4339K(4480K)
[355.440s][info][gc             ] GC(351) Pause Young (Allocation Failure) 500M->275M(534M) 14.768ms
[355.440s][info][gc,cpu         ] GC(351) User=0.03s Sys=0.00s Real=0.02s
[356.319s][info][gc,start       ] GC(352) Pause Young (Allocation Failure)
[356.340s][info][gc,heap        ] GC(352) PSYoungGen: 264326K(284672K)->29398K(286720K) Eden: 244224K(244224K)->0K(244224K) From: 20102K(40448K)->29398K(42496K)
[356.340s][info][gc,heap        ] GC(352) ParOldGen: 261814K(262144K)->262606K(262656K)
[356.340s][info][gc,metaspace   ] GC(352) Metaspace: 42777K(43200K)->42777K(43200K) NonClass: 38438K(38720K)->38438K(38720K) Class: 4339K(4480K)->4339K(4480K)
[356.340s][info][gc             ] GC(352) Pause Young (Allocation Failure) 513M->285M(536M) 21.480ms
[356.340s][info][gc,cpu         ] GC(352) User=0.04s Sys=0.00s Real=0.02s
[357.269s][info][gc,start       ] GC(353) Pause Young (Allocation Failure)
[357.278s][info][gc,heap        ] GC(353) PSYoungGen: 273622K(286720K)->8983K(289792K) Eden: 244224K(244224K)->0K(245248K) From: 29398K(42496K)->8983K(44544K)
[357.278s][info][gc,heap        ] GC(353) ParOldGen: 262606K(262656K)->264269K(264704K)
[357.278s][info][gc,metaspace   ] GC(353) Metaspace: 42777K(43200K)->42777K(43200K) NonClass: 38438K(38720K)->38438K(38720K) Class: 4339K(4480K)->4339K(4480K)
[357.278s][info][gc             ] GC(353) Pause Young (Allocation Failure) 523M->266M(541M) 9.213ms
[357.278s][info][gc,cpu         ] GC(353) User=0.02s Sys=0.00s Real=0.01s
[358.188s][info][gc,start       ] GC(354) Pause Young (Allocation Failure)
[358.286s][info][gc,heap        ] GC(354) PSYoungGen: 254231K(289792K)->43500K(288768K) Eden: 245248K(245248K)->0K(245248K) From: 8983K(44544K)->43500K(43520K)
[358.286s][info][gc,heap        ] GC(354) ParOldGen: 264269K(264704K)->323309K(323584K)
[358.286s][info][gc,metaspace   ] GC(354) Metaspace: 42777K(43200K)->42777K(43200K) NonClass: 38438K(38720K)->38438K(38720K) Class: 4339K(4480K)->4339K(4480K)
[358.286s][info][gc             ] GC(354) Pause Young (Allocation Failure) 506M->358M(598M) 98.877ms
[358.286s][info][gc,cpu         ] GC(354) User=0.14s Sys=0.05s Real=0.10s
[359.189s][info][gc,start       ] GC(355) Pause Young (Allocation Failure)
[359.262s][info][gc,heap        ] GC(355) PSYoungGen: 288748K(288768K)->20186K(240640K) Eden: 245248K(245248K)->0K(195584K) From: 43500K(43520K)->20186K(45056K)
[359.262s][info][gc,heap        ] GC(355) ParOldGen: 323309K(323584K)->366508K(366592K)
[359.262s][info][gc,metaspace   ] GC(355) Metaspace: 42777K(43200K)->42777K(43200K) NonClass: 38438K(38720K)->38438K(38720K) Class: 4339K(4480K)->4339K(4480K)
[359.262s][info][gc             ] GC(355) Pause Young (Allocation Failure) 597M->377M(593M) 73.639ms
[359.262s][info][gc,cpu         ] GC(355) User=0.12s Sys=0.02s Real=0.07s
[360.013s][info][gc,start       ] GC(356) Pause Young (Allocation Failure)
[360.037s][info][gc,heap        ] GC(356) PSYoungGen: 215770K(240640K)->20438K(264704K) Eden: 195584K(195584K)->0K(195584K) From: 20186K(45056K)->20438K(69120K)
[360.037s][info][gc,heap        ] GC(356) ParOldGen: 366508K(366592K)->370903K(371200K)
[360.037s][info][gc,metaspace   ] GC(356) Metaspace: 42777K(43200K)->42777K(43200K) NonClass: 38438K(38720K)->38438K(38720K) Class: 4339K(4480K)->4339K(4480K)
[360.037s][info][gc             ] GC(356) Pause Young (Allocation Failure) 568M->382M(621M) 23.727ms
[360.037s][info][gc,cpu         ] GC(356) User=0.03s Sys=0.01s Real=0.03s
[360.700s][info][gc,start       ] GC(357) Pause Young (Allocation Failure)
[360.723s][info][gc,heap        ] GC(357) PSYoungGen: 216022K(264704K)->32913K(259584K) Eden: 195584K(195584K)->0K(199680K) From: 20438K(69120K)->32913K(59904K)
[360.723s][info][gc,heap        ] GC(357) ParOldGen: 370903K(371200K)->371578K(371712K)
[360.723s][info][gc,metaspace   ] GC(357) Metaspace: 42777K(43200K)->42777K(43200K) NonClass: 38438K(38720K)->38438K(38720K) Class: 4339K(4480K)->4339K(4480K)
[360.723s][info][gc             ] GC(357) Pause Young (Allocation Failure) 573M->395M(616M) 23.359ms
[360.723s][info][gc,cpu         ] GC(357) User=0.04s Sys=0.01s Real=0.02s
[361.441s][info][gc,start       ] GC(358) Pause Young (Allocation Failure)
[361.467s][info][gc,heap        ] GC(358) PSYoungGen: 232593K(259584K)->36201K(264192K) Eden: 199680K(199680K)->0K(199680K) From: 32913K(59904K)->36201K(64512K)
[361.467s][info][gc,heap        ] GC(358) ParOldGen: 371578K(371712K)->372518K(372736K)
[361.467s][info][gc,metaspace   ] GC(358) Metaspace: 42777K(43200K)->42777K(43200K) NonClass: 38438K(38720K)->38438K(38720K) Class: 4339K(4480K)->4339K(4480K)
[361.467s][info][gc             ] GC(358) Pause Young (Allocation Failure) 590M->399M(622M) 25.944ms
[361.467s][info][gc,cpu         ] GC(358) User=0.05s Sys=0.00s Real=0.03s
[362.143s][info][gc,start       ] GC(359) Pause Young (Allocation Failure)
[362.158s][info][gc,heap        ] GC(359) PSYoungGen: 235881K(264192K)->21838K(263168K) Eden: 199680K(199680K)->0K(204800K) From: 36201K(64512K)->21838K(58368K)
[362.158s][info][gc,heap        ] GC(359) ParOldGen: 372518K(372736K)->372919K(373248K)
[362.158s][info][gc,metaspace   ] GC(359) Metaspace: 42777K(43200K)->42777K(43200K) NonClass: 38438K(38720K)->38438K(38720K) Class: 4339K(4480K)->4339K(4480K)
[362.158s][info][gc             ] GC(359) Pause Young (Allocation Failure) 594M->385M(621M) 15.320ms
[362.158s][info][gc,cpu         ] GC(359) User=0.03s Sys=0.00s Real=0.02s
[362.794s][info][gc,start       ] GC(360) Pause Young (Allocation Failure)
[362.818s][info][gc,heap        ] GC(360) PSYoungGen: 226638K(263168K)->1105K(266240K) Eden: 204800K(204800K)->0K(204800K) From: 21838K(58368K)->1105K(61440K)
[362.818s][info][gc,heap        ] GC(360) ParOldGen: 372919K(373248K)->393793K(394240K)
[362.818s][info][gc,metaspace   ] GC(360) Metaspace: 42777K(43200K)->42777K(43200K) NonClass: 38438K(38720K)->38438K(38720K) Class: 4339K(4480K)->4339K(4480K)
[362.818s][info][gc             ] GC(360) Pause Young (Allocation Failure) 585M->385M(645M) 23.485ms
[362.818s][info][gc,cpu         ] GC(360) User=0.03s Sys=0.01s Real=0.03s
[363.465s][info][gc,start       ] GC(361) Pause Young (Allocation Failure)
[363.469s][info][gc,heap        ] GC(361) PSYoungGen: 205905K(266240K)->1847K(271872K) Eden: 204800K(204800K)->0K(209920K) From: 1105K(61440K)->1847K(61952K)
[363.469s][info][gc,heap        ] GC(361) ParOldGen: 393793K(394240K)->393921K(394240K)
[363.469s][info][gc,metaspace   ] GC(361) Metaspace: 42777K(43200K)->42777K(43200K) NonClass: 38438K(38720K)->38438K(38720K) Class: 4339K(4480K)->4339K(4480K)
[363.469s][info][gc             ] GC(361) Pause Young (Allocation Failure) 585M->386M(650M) 3.617ms
[363.469s][info][gc,cpu         ] GC(361) User=0.00s Sys=0.00s Real=0.01s
[363.970s][info][gc,start       ] GC(362) Pause Young (Allocation Failure)
[363.975s][info][gc,heap        ] GC(362) PSYoungGen: 211767K(271872K)->3175K(213504K) Eden: 209920K(209920K)->0K(209920K) From: 1847K(61952K)->3175K(3584K)
[363.975s][info][gc,heap        ] GC(362) ParOldGen: 393921K(394240K)->394425K(394752K)
[363.975s][info][gc,metaspace   ] GC(362) Metaspace: 42777K(43200K)->42777K(43200K) NonClass: 38438K(38720K)->38438K(38720K) Class: 4339K(4480K)->4339K(4480K)
[363.975s][info][gc             ] GC(362) Pause Young (Allocation Failure) 591M->388M(594M) 4.894ms
[363.975s][info][gc,cpu         ] GC(362) User=0.01s Sys=0.00s Real=0.00s
[364.365s][info][gc,start       ] GC(363) Pause Young (Allocation Failure)
[364.371s][info][gc,heap        ] GC(363) PSYoungGen: 213095K(213504K)->3566K(272384K) Eden: 209920K(209920K)->0K(211456K) From: 3175K(3584K)->3566K(60928K)
[364.371s][info][gc,heap        ] GC(363) ParOldGen: 394425K(394752K)->396149K(396288K)
[364.371s][info][gc,metaspace   ] GC(363) Metaspace: 42777K(43200K)->42777K(43200K) NonClass: 38438K(38720K)->38438K(38720K) Class: 4339K(4480K)->4339K(4480K)
[364.371s][info][gc             ] GC(363) Pause Young (Allocation Failure) 593M->390M(653M) 6.487ms
[364.371s][info][gc,cpu         ] GC(363) User=0.01s Sys=0.00s Real=0.01s
[364.776s][info][gc,start       ] GC(364) Pause Young (Allocation Failure)
[364.784s][info][gc,heap        ] GC(364) PSYoungGen: 214817K(272384K)->10143K(221696K) Eden: 211250K(211456K)->0K(211456K) From: 3566K(60928K)->10143K(10240K)
[364.784s][info][gc,heap        ] GC(364) ParOldGen: 396149K(396288K)->396401K(396800K)
[364.784s][info][gc,metaspace   ] GC(364) Metaspace: 42777K(43200K)->42777K(43200K) NonClass: 38438K(38720K)->38438K(38720K) Class: 4339K(4480K)->4339K(4480K)
[364.784s][info][gc             ] GC(364) Pause Young (Allocation Failure) 596M->397M(604M) 8.500ms
[364.784s][info][gc,cpu         ] GC(364) User=0.02s Sys=0.00s Real=0.00s
[365.063s][info][gc,start       ] GC(365) Pause Young (Allocation Failure)
[365.077s][info][gc,heap        ] GC(365) PSYoungGen: 220541K(221696K)->2028K(271872K) Eden: 210398K(211456K)->0K(215040K) From: 10143K(10240K)->2028K(56832K)
[365.077s][info][gc,heap        ] GC(365) ParOldGen: 396401K(396800K)->406355K(406528K)
[365.077s][info][gc,metaspace   ] GC(365) Metaspace: 42777K(43200K)->42777K(43200K) NonClass: 38438K(38720K)->38438K(38720K) Class: 4339K(4480K)->4339K(4480K)
[365.077s][info][gc             ] GC(365) Pause Young (Allocation Failure) 602M->398M(662M) 13.710ms
[365.077s][info][gc,cpu         ] GC(365) User=0.02s Sys=0.01s Real=0.02s
[365.364s][info][gc,start       ] GC(366) Pause Young (Allocation Failure)
[365.371s][info][gc,heap        ] GC(366) PSYoungGen: 216242K(271872K)->1956K(270336K) Eden: 214213K(215040K)->0K(215040K) From: 2028K(56832K)->1956K(55296K)
[365.371s][info][gc,heap        ] GC(366) ParOldGen: 406355K(406528K)->408339K(408576K)
[365.371s][info][gc,metaspace   ] GC(366) Metaspace: 42777K(43200K)->42777K(43200K) NonClass: 38438K(38720K)->38438K(38720K) Class: 4339K(4480K)->4339K(4480K)
[365.371s][info][gc             ] GC(366) Pause Young (Allocation Failure) 608M->400M(663M) 6.835ms
[365.371s][info][gc,cpu         ] GC(366) User=0.02s Sys=0.00s Real=0.01s
[365.656s][info][gc,start       ] GC(367) Pause Young (Allocation Failure)
[365.663s][info][gc,heap        ] GC(367) PSYoungGen: 216996K(270336K)->2431K(276480K) Eden: 215040K(215040K)->0K(223744K) From: 1956K(55296K)->2431K(52736K)
[365.663s][info][gc,heap        ] GC(367) ParOldGen: 408339K(408576K)->410296K(410624K)
[365.663s][info][gc,metaspace   ] GC(367) Metaspace: 42777K(43200K)->42777K(43200K) NonClass: 38438K(38720K)->38438K(38720K) Class: 4339K(4480K)->4339K(4480K)
[365.663s][info][gc             ] GC(367) Pause Young (Allocation Failure) 610M->403M(671M) 6.967ms
[365.663s][info][gc,cpu         ] GC(367) User=0.01s Sys=0.00s Real=0.00s
[365.988s][info][gc,start       ] GC(368) Pause Young (Allocation Failure)
[366.000s][info][gc,heap        ] GC(368) PSYoungGen: 226175K(276480K)->6981K(275456K) Eden: 223744K(223744K)->0K(223744K) From: 2431K(52736K)->6981K(51712K)
[366.000s][info][gc,heap        ] GC(368) ParOldGen: 410296K(410624K)->412674K(413184K)
[366.000s][info][gc,metaspace   ] GC(368) Metaspace: 42777K(43200K)->42777K(43200K) NonClass: 38438K(38720K)->38438K(38720K) Class: 4339K(4480K)->4339K(4480K)
[366.000s][info][gc             ] GC(368) Pause Young (Allocation Failure) 621M->409M(672M) 12.109ms
[366.000s][info][gc,cpu         ] GC(368) User=0.03s Sys=0.00s Real=0.01s
[366.325s][info][gc,start       ] GC(369) Pause Young (Allocation Failure)
[366.343s][info][gc,heap        ] GC(369) PSYoungGen: 229843K(275456K)->6254K(279552K) Eden: 222862K(223744K)->0K(231936K) From: 6981K(51712K)->6254K(47616K)
[366.343s][info][gc,heap        ] GC(369) ParOldGen: 412674K(413184K)->419642K(419840K)
[366.343s][info][gc,metaspace   ] GC(369) Metaspace: 42777K(43200K)->42777K(43200K) NonClass: 38438K(38720K)->38438K(38720K) Class: 4339K(4480K)->4339K(4480K)
[366.343s][info][gc             ] GC(369) Pause Young (Allocation Failure) 627M->415M(683M) 18.115ms
[366.343s][info][gc,cpu         ] GC(369) User=0.03s Sys=0.01s Real=0.02s
[366.672s][info][gc,start       ] GC(370) Pause Young (Allocation Failure)
[366.686s][info][gc,heap        ] GC(370) PSYoungGen: 238190K(279552K)->3934K(278528K) Eden: 231936K(231936K)->0K(231936K) From: 6254K(47616K)->3934K(46592K)
[366.686s][info][gc,heap        ] GC(370) ParOldGen: 419642K(419840K)->426018K(426496K)
[366.686s][info][gc,metaspace   ] GC(370) Metaspace: 42777K(43200K)->42777K(43200K) NonClass: 38438K(38720K)->38438K(38720K) Class: 4339K(4480K)->4339K(4480K)
[366.686s][info][gc             ] GC(370) Pause Young (Allocation Failure) 642M->419M(688M) 14.647ms
[366.686s][info][gc,cpu         ] GC(370) User=0.03s Sys=0.00s Real=0.02s
[367.236s][info][gc,start       ] GC(371) Pause Young (Allocation Failure)
[367.255s][info][gc,heap        ] GC(371) PSYoungGen: 235870K(278528K)->13675K(284672K) Eden: 231936K(231936K)->0K(242176K) From: 3934K(46592K)->13675K(42496K)
[367.255s][info][gc,heap        ] GC(371) ParOldGen: 426018K(426496K)->429874K(430080K)
[367.255s][info][gc,metaspace   ] GC(371) Metaspace: 42779K(43200K)->42779K(43200K) NonClass: 38440K(38720K)->38440K(38720K) Class: 4339K(4480K)->4339K(4480K)
[367.255s][info][gc             ] GC(371) Pause Young (Allocation Failure) 646M->433M(698M) 18.808ms
[367.255s][info][gc,cpu         ] GC(371) User=0.04s Sys=0.01s Real=0.01s
[367.861s][info][gc,start       ] GC(372) Pause Young (Allocation Failure)
[367.882s][info][gc,heap        ] GC(372) PSYoungGen: 255851K(284672K)->3660K(284160K) Eden: 242176K(242176K)->0K(242176K) From: 13675K(42496K)->3660K(41984K)
[367.882s][info][gc,heap        ] GC(372) ParOldGen: 429874K(430080K)->442686K(442880K)
[367.882s][info][gc,metaspace   ] GC(372) Metaspace: 42820K(43200K)->42820K(43200K) NonClass: 38481K(38720K)->38481K(38720K) Class: 4339K(4480K)->4339K(4480K)
[367.882s][info][gc             ] GC(372) Pause Young (Allocation Failure) 669M->435M(710M) 20.274ms
[367.882s][info][gc,cpu         ] GC(372) User=0.03s Sys=0.01s Real=0.02s
[368.498s][info][gc,start       ] GC(373) Pause Young (Allocation Failure)
[368.501s][info][gc,heap        ] GC(373) PSYoungGen: 245836K(284160K)->864K(290304K) Eden: 242176K(242176K)->0K(250880K) From: 3660K(41984K)->864K(39424K)
[368.501s][info][gc,heap        ] GC(373) ParOldGen: 442686K(442880K)->442856K(442880K)
[368.501s][info][gc,metaspace   ] GC(373) Metaspace: 42823K(43200K)->42823K(43200K) NonClass: 38484K(38720K)->38484K(38720K) Class: 4339K(4480K)->4339K(4480K)
[368.501s][info][gc             ] GC(373) Pause Young (Allocation Failure) 672M->433M(716M) 2.769ms
[368.501s][info][gc,cpu         ] GC(373) User=0.01s Sys=0.00s Real=0.00s
[369.139s][info][gc,start       ] GC(374) Pause Young (Allocation Failure)
[369.145s][info][gc,heap        ] GC(374) PSYoungGen: 251744K(290304K)->4472K(289792K) Eden: 250880K(250880K)->0K(250880K) From: 864K(39424K)->4472K(38912K)
[369.145s][info][gc,heap        ] GC(374) ParOldGen: 442856K(442880K)->442856K(442880K)
[369.145s][info][gc,metaspace   ] GC(374) Metaspace: 42839K(43264K)->42839K(43264K) NonClass: 38499K(38784K)->38499K(38784K) Class: 4339K(4480K)->4339K(4480K)
[369.145s][info][gc             ] GC(374) Pause Young (Allocation Failure) 678M->436M(715M) 5.856ms
[369.145s][info][gc,cpu         ] GC(374) User=0.01s Sys=0.00s Real=0.00s
[369.847s][info][gc,start       ] GC(375) Pause Young (Allocation Failure)
[369.854s][info][gc,heap        ] GC(375) PSYoungGen: 255352K(289792K)->6834K(292352K) Eden: 250880K(250880K)->0K(258048K) From: 4472K(38912K)->6834K(34304K)
[369.854s][info][gc,heap        ] GC(375) ParOldGen: 442856K(442880K)->442896K(443392K)
[369.854s][info][gc,metaspace   ] GC(375) Metaspace: 42842K(43264K)->42842K(43264K) NonClass: 38503K(38784K)->38503K(38784K) Class: 4339K(4480K)->4339K(4480K)
[369.854s][info][gc             ] GC(375) Pause Young (Allocation Failure) 681M->439M(718M) 7.292ms
[369.854s][info][gc,cpu         ] GC(375) User=0.01s Sys=0.00s Real=0.00s
[371.051s][info][gc,start       ] GC(376) Pause Young (Allocation Failure)
[371.056s][info][gc,heap        ] GC(376) PSYoungGen: 264882K(292352K)->2962K(292352K) Eden: 258048K(258048K)->0K(258048K) From: 6834K(34304K)->2962K(34304K)
[371.056s][info][gc,heap        ] GC(376) ParOldGen: 442896K(443392K)->443016K(443392K)
[371.056s][info][gc,metaspace   ] GC(376) Metaspace: 42846K(43264K)->42846K(43264K) NonClass: 38506K(38784K)->38506K(38784K) Class: 4339K(4480K)->4339K(4480K)
[371.056s][info][gc             ] GC(376) Pause Young (Allocation Failure) 691M->435M(718M) 5.666ms
[371.056s][info][gc,cpu         ] GC(376) User=0.01s Sys=0.00s Real=0.01s
[372.153s][info][gc,start       ] GC(377) Pause Young (Allocation Failure)
[372.178s][info][gc,heap        ] GC(377) PSYoungGen: 261010K(292352K)->21850K(294912K) Eden: 258048K(258048K)->0K(262144K) From: 2962K(34304K)->21850K(32768K)
[372.178s][info][gc,heap        ] GC(377) ParOldGen: 443016K(443392K)->445866K(445952K)
[372.178s][info][gc,metaspace   ] GC(377) Metaspace: 42886K(43264K)->42886K(43264K) NonClass: 38546K(38784K)->38546K(38784K) Class: 4339K(4480K)->4339K(4480K)
[372.178s][info][gc             ] GC(377) Pause Young (Allocation Failure) 687M->456M(723M) 24.629ms
[372.178s][info][gc,cpu         ] GC(377) User=0.05s Sys=0.00s Real=0.03s
[372.847s][info][gc,start       ] GC(378) Pause Young (Allocation Failure)
[372.910s][info][gc,heap        ] GC(378) PSYoungGen: 283994K(294912K)->29720K(292352K) Eden: 262144K(262144K)->0K(262144K) From: 21850K(32768K)->29720K(30208K)
[372.910s][info][gc,heap        ] GC(378) ParOldGen: 445866K(445952K)->467326K(467456K)
[372.910s][info][gc,metaspace   ] GC(378) Metaspace: 42886K(43264K)->42886K(43264K) NonClass: 38546K(38784K)->38546K(38784K) Class: 4339K(4480K)->4339K(4480K)
[372.910s][info][gc             ] GC(378) Pause Young (Allocation Failure) 712M->485M(742M) 63.124ms
[372.910s][info][gc,cpu         ] GC(378) User=0.11s Sys=0.02s Real=0.06s
[373.594s][info][gc,start       ] GC(379) Pause Young (Allocation Failure)
[373.664s][info][gc,heap        ] GC(379) PSYoungGen: 291864K(292352K)->29216K(286208K) Eden: 262144K(262144K)->0K(245760K) From: 29720K(30208K)->29216K(40448K)
[373.664s][info][gc,heap        ] GC(379) ParOldGen: 467326K(467456K)->495594K(495616K)
[373.664s][info][gc,metaspace   ] GC(379) Metaspace: 42886K(43264K)->42886K(43264K) NonClass: 38546K(38784K)->38546K(38784K) Class: 4339K(4480K)->4339K(4480K)
[373.664s][info][gc             ] GC(379) Pause Young (Allocation Failure) 741M->512M(763M) 69.451ms
[373.664s][info][gc,cpu         ] GC(379) User=0.11s Sys=0.02s Real=0.07s
[377.255s][info][gc,start       ] GC(380) Pause Young (Allocation Failure)
[377.316s][info][gc,heap        ] GC(380) PSYoungGen: 274976K(286208K)->15991K(289792K) Eden: 245760K(245760K)->0K(245760K) From: 29216K(40448K)->15991K(44032K)
[377.316s][info][gc,heap        ] GC(380) ParOldGen: 495594K(495616K)->524923K(525312K)
[377.316s][info][gc,metaspace   ] GC(380) Metaspace: 42899K(43264K)->42899K(43264K) NonClass: 38560K(38784K)->38560K(38784K) Class: 4339K(4480K)->4339K(4480K)
[377.317s][info][gc             ] GC(380) Pause Young (Allocation Failure) 752M->528M(796M) 61.785ms
[377.317s][info][gc,cpu         ] GC(380) User=0.10s Sys=0.02s Real=0.07s
[378.023s][info][gc,start       ] GC(381) Pause Young (Allocation Failure)
[378.061s][info][gc,heap        ] GC(381) PSYoungGen: 261751K(289792K)->16479K(285184K) Eden: 245760K(245760K)->0K(247808K) From: 15991K(44032K)->16479K(37376K)
[378.061s][info][gc,heap        ] GC(381) ParOldGen: 524923K(525312K)->540675K(541184K)
[378.061s][info][gc,metaspace   ] GC(381) Metaspace: 42902K(43264K)->42902K(43264K) NonClass: 38562K(38784K)->38562K(38784K) Class: 4340K(4480K)->4340K(4480K)
[378.061s][info][gc             ] GC(381) Pause Young (Allocation Failure) 768M->544M(807M) 38.051ms
[378.061s][info][gc,cpu         ] GC(381) User=0.07s Sys=0.01s Real=0.04s
[378.751s][info][gc,start       ] GC(382) Pause Young (Allocation Failure)
[378.811s][info][gc,heap        ] GC(382) PSYoungGen: 264287K(285184K)->31000K(288256K) Eden: 247808K(247808K)->0K(247808K) From: 16479K(37376K)->31000K(40448K)
[378.811s][info][gc,heap        ] GC(382) ParOldGen: 540675K(541184K)->556759K(557056K)
[378.811s][info][gc,metaspace   ] GC(382) Metaspace: 42902K(43264K)->42902K(43264K) NonClass: 38562K(38784K)->38562K(38784K) Class: 4340K(4480K)->4340K(4480K)
[378.811s][info][gc             ] GC(382) Pause Young (Allocation Failure) 786M->573M(825M) 60.200ms
[378.811s][info][gc,cpu         ] GC(382) User=0.11s Sys=0.01s Real=0.06s
[379.502s][info][gc,start       ] GC(383) Pause Young (Allocation Failure)
[379.579s][info][gc,heap        ] GC(383) PSYoungGen: 278808K(288256K)->30816K(284672K) Eden: 247808K(247808K)->0K(240640K) From: 31000K(40448K)->30816K(44032K)
[379.579s][info][gc,heap        ] GC(383) ParOldGen: 556759K(557056K)->586319K(586752K)
[379.579s][info][gc,metaspace   ] GC(383) Metaspace: 42902K(43264K)->42902K(43264K) NonClass: 38562K(38784K)->38562K(38784K) Class: 4340K(4480K)->4340K(4480K)
[379.579s][info][gc             ] GC(383) Pause Young (Allocation Failure) 815M->602M(851M) 76.496ms
[379.579s][info][gc,cpu         ] GC(383) User=0.14s Sys=0.01s Real=0.08s
[381.253s][info][gc,start       ] GC(384) Pause Young (Allocation Failure)
[381.314s][info][gc,heap        ] GC(384) PSYoungGen: 271456K(284672K)->19537K(287232K) Eden: 240640K(240640K)->0K(240640K) From: 30816K(44032K)->19537K(46592K)
[381.314s][info][gc,heap        ] GC(384) ParOldGen: 586319K(586752K)->617328K(617472K)
[381.314s][info][gc,metaspace   ] GC(384) Metaspace: 42902K(43264K)->42902K(43264K) NonClass: 38562K(38784K)->38562K(38784K) Class: 4340K(4480K)->4340K(4480K)
[381.314s][info][gc             ] GC(384) Pause Young (Allocation Failure) 837M->621M(883M) 60.680ms
[381.314s][info][gc,cpu         ] GC(384) User=0.09s Sys=0.03s Real=0.06s
[382.729s][info][gc,start       ] GC(385) Pause Young (Allocation Failure)
[382.754s][info][gc,heap        ] GC(385) PSYoungGen: 260177K(287232K)->1814K(286720K) Eden: 240640K(240640K)->0K(242688K) From: 19537K(46592K)->1814K(44032K)
[382.754s][info][gc,heap        ] GC(385) ParOldGen: 617328K(617472K)->635556K(635904K)
[382.754s][info][gc,metaspace   ] GC(385) Metaspace: 42902K(43264K)->42902K(43264K) NonClass: 38562K(38784K)->38562K(38784K) Class: 4340K(4480K)->4340K(4480K)
[382.754s][info][gc             ] GC(385) Pause Young (Allocation Failure) 856M->622M(901M) 24.451ms
[382.754s][info][gc,cpu         ] GC(385) User=0.04s Sys=0.02s Real=0.02s
[384.241s][info][gc,start       ] GC(386) Pause Full (Allocation Failure)
[384.241s][info][gc,phases,start] GC(386) Marking Phase
[384.297s][info][gc,phases      ] GC(386) Marking Phase 56.122ms
[384.297s][info][gc,phases,start] GC(386) Summary Phase
[384.297s][info][gc,phases      ] GC(386) Summary Phase 0.033ms
[384.297s][info][gc,phases,start] GC(386) Forward
[384.312s][info][gc,phases      ] GC(386) Forward 14.800ms
[384.312s][info][gc,phases,start] GC(386) Adjust Pointers
[384.344s][info][gc,phases      ] GC(386) Adjust Pointers 32.500ms
[384.344s][info][gc,phases,start] GC(386) Compaction Phase
[384.356s][info][gc,phases      ] GC(386) Compaction Phase 11.607ms
[384.356s][info][gc,phases,start] GC(386) Post Compact
[384.359s][info][gc,phases      ] GC(386) Post Compact 2.750ms
[384.397s][info][gc,heap        ] GC(386) PSYoungGen: 244502K(286720K)->0K(287232K) Eden: 242688K(242688K)->0K(242688K) From: 1814K(44032K)->0K(44544K)
[384.397s][info][gc,heap        ] GC(386) ParOldGen: 635556K(635904K)->64722K(201728K)
[384.397s][info][gc,metaspace   ] GC(386) Metaspace: 42902K(43264K)->42902K(43264K) NonClass: 38562K(38784K)->38562K(38784K) Class: 4340K(4480K)->4340K(4480K)
[384.397s][info][gc             ] GC(386) Pause Full (Allocation Failure) 859M->63M(477M) 156.872ms
[384.397s][info][gc,cpu         ] GC(386) User=0.17s Sys=0.04s Real=0.16s
[385.911s][info][gc,start       ] GC(387) Pause Young (Allocation Failure)
[385.936s][info][gc,heap        ] GC(387) PSYoungGen: 242688K(287232K)->24565K(288256K) Eden: 242688K(242688K)->0K(243712K) From: 0K(44544K)->24565K(44544K)
[385.936s][info][gc,heap        ] GC(387) ParOldGen: 64722K(201728K)->64722K(201728K)
[385.936s][info][gc,metaspace   ] GC(387) Metaspace: 42902K(43264K)->42902K(43264K) NonClass: 38562K(38784K)->38562K(38784K) Class: 4340K(4480K)->4340K(4480K)
[385.936s][info][gc             ] GC(387) Pause Young (Allocation Failure) 300M->87M(478M) 24.913ms
[385.936s][info][gc,cpu         ] GC(387) User=0.04s Sys=0.00s Real=0.03s
[387.089s][info][gc,start       ] GC(388) Pause Young (Allocation Failure)
[387.136s][info][gc,heap        ] GC(388) PSYoungGen: 268277K(288256K)->30269K(274432K) Eden: 243712K(243712K)->0K(243712K) From: 24565K(44544K)->30269K(30720K)
[387.136s][info][gc,heap        ] GC(388) ParOldGen: 64722K(201728K)->88668K(201728K)
[387.136s][info][gc,metaspace   ] GC(388) Metaspace: 42902K(43264K)->42902K(43264K) NonClass: 38562K(38784K)->38562K(38784K) Class: 4340K(4480K)->4340K(4480K)
[387.136s][info][gc             ] GC(388) Pause Young (Allocation Failure) 325M->116M(465M) 46.786ms
[387.136s][info][gc,cpu         ] GC(388) User=0.10s Sys=0.01s Real=0.05s
[387.837s][info][gc,start       ] GC(389) Pause Young (Allocation Failure)
[387.896s][info][gc,heap        ] GC(389) PSYoungGen: 273981K(274432K)->30616K(282624K) Eden: 243712K(243712K)->0K(235520K) From: 30269K(30720K)->30616K(47104K)
[387.896s][info][gc,heap        ] GC(389) ParOldGen: 88668K(201728K)->118614K(201728K)
[387.896s][info][gc,metaspace   ] GC(389) Metaspace: 42902K(43264K)->42902K(43264K) NonClass: 38562K(38784K)->38562K(38784K) Class: 4340K(4480K)->4340K(4480K)
[387.896s][info][gc             ] GC(389) Pause Young (Allocation Failure) 354M->145M(473M) 58.150ms
[387.896s][info][gc,cpu         ] GC(389) User=0.12s Sys=0.00s Real=0.05s
[388.565s][info][gc,start       ] GC(390) Pause Young (Allocation Failure)
[388.622s][info][gc,heap        ] GC(390) PSYoungGen: 266136K(282624K)->29792K(265728K) Eden: 235520K(235520K)->0K(235520K) From: 30616K(47104K)->29792K(30208K)
[388.622s][info][gc,heap        ] GC(390) ParOldGen: 118614K(201728K)->147790K(201728K)
[388.622s][info][gc,metaspace   ] GC(390) Metaspace: 42902K(43264K)->42902K(43264K) NonClass: 38562K(38784K)->38562K(38784K) Class: 4340K(4480K)->4340K(4480K)
[388.622s][info][gc             ] GC(390) Pause Young (Allocation Failure) 375M->173M(456M) 56.641ms
[388.622s][info][gc,cpu         ] GC(390) User=0.11s Sys=0.00s Real=0.06s
[390.303s][info][gc,start       ] GC(391) Pause Young (Allocation Failure)
[390.343s][info][gc,heap        ] GC(391) PSYoungGen: 265312K(265728K)->13744K(285696K) Eden: 235520K(235520K)->0K(235520K) From: 29792K(30208K)->13744K(50176K)
[390.343s][info][gc,heap        ] GC(391) ParOldGen: 147790K(201728K)->177767K(201728K)
[390.343s][info][gc,metaspace   ] GC(391) Metaspace: 42902K(43264K)->42902K(43264K) NonClass: 38562K(38784K)->38562K(38784K) Class: 4340K(4480K)->4340K(4480K)
[390.343s][info][gc             ] GC(391) Pause Young (Allocation Failure) 403M->187M(476M) 39.758ms
[390.343s][info][gc,cpu         ] GC(391) User=0.08s Sys=0.00s Real=0.04s
[391.517s][info][gc,start       ] GC(392) Pause Young (Allocation Failure)
[391.539s][info][gc,heap        ] GC(392) PSYoungGen: 249264K(285696K)->11880K(247808K) Eden: 235520K(235520K)->0K(235520K) From: 13744K(50176K)->11880K(12288K)
[391.539s][info][gc,heap        ] GC(392) ParOldGen: 177767K(201728K)->191044K(201728K)
[391.539s][info][gc,metaspace   ] GC(392) Metaspace: 42902K(43264K)->42902K(43264K) NonClass: 38562K(38784K)->38562K(38784K) Class: 4340K(4480K)->4340K(4480K)
[391.539s][info][gc             ] GC(392) Pause Young (Allocation Failure) 417M->198M(439M) 21.504ms
[391.539s][info][gc,cpu         ] GC(392) User=0.05s Sys=0.00s Real=0.02s
[392.997s][info][gc,start       ] GC(393) Pause Young (Allocation Failure)
[393.014s][info][gc,heap        ] GC(393) PSYoungGen: 247400K(247808K)->8733K(283136K) Eden: 235520K(235520K)->0K(236544K) From: 11880K(12288K)->8733K(46592K)
[393.014s][info][gc,heap        ] GC(393) ParOldGen: 191044K(201728K)->201634K(201728K)
[393.014s][info][gc,metaspace   ] GC(393) Metaspace: 42902K(43264K)->42902K(43264K) NonClass: 38562K(38784K)->38562K(38784K) Class: 4340K(4480K)->4340K(4480K)
[393.014s][info][gc             ] GC(393) Pause Young (Allocation Failure) 428M->205M(473M) 17.326ms
[393.014s][info][gc,cpu         ] GC(393) User=0.04s Sys=0.00s Real=0.01s
[394.454s][info][gc,start       ] GC(394) Pause Young (Allocation Failure)
[394.488s][info][gc,heap        ] GC(394) PSYoungGen: 245277K(283136K)->22330K(282112K) Eden: 236544K(236544K)->0K(236544K) From: 8733K(46592K)->22330K(45568K)
[394.488s][info][gc,heap        ] GC(394) ParOldGen: 201634K(201728K)->210132K(210432K)
[394.488s][info][gc,metaspace   ] GC(394) Metaspace: 42902K(43264K)->42902K(43264K) NonClass: 38562K(38784K)->38562K(38784K) Class: 4340K(4480K)->4340K(4480K)
[394.488s][info][gc             ] GC(394) Pause Young (Allocation Failure) 436M->227M(481M) 33.811ms
[394.488s][info][gc,cpu         ] GC(394) User=0.06s Sys=0.00s Real=0.04s
[395.778s][info][gc,start       ] GC(395) Pause Young (Allocation Failure)
[395.831s][info][gc,heap        ] GC(395) PSYoungGen: 258874K(282112K)->28720K(285184K) Eden: 236544K(236544K)->0K(240640K) From: 22330K(45568K)->28720K(44544K)
[395.831s][info][gc,heap        ] GC(395) ParOldGen: 210132K(210432K)->232465K(232960K)
[395.831s][info][gc,metaspace   ] GC(395) Metaspace: 42908K(43264K)->42908K(43264K) NonClass: 38568K(38784K)->38568K(38784K) Class: 4340K(4480K)->4340K(4480K)
[395.831s][info][gc             ] GC(395) Pause Young (Allocation Failure) 458M->255M(506M) 53.073ms
[395.831s][info][gc,cpu         ] GC(395) User=0.09s Sys=0.02s Real=0.05s
[396.952s][info][gc,start       ] GC(396) Pause Young (Allocation Failure)
[396.988s][info][gc,heap        ] GC(396) PSYoungGen: 269360K(285184K)->12102K(286208K) Eden: 240640K(240640K)->0K(240640K) From: 28720K(44544K)->12102K(45568K)
[396.988s][info][gc,heap        ] GC(396) ParOldGen: 232465K(232960K)->254171K(254464K)
[396.988s][info][gc,metaspace   ] GC(396) Metaspace: 42927K(43328K)->42927K(43328K) NonClass: 38587K(38848K)->38587K(38848K) Class: 4340K(4480K)->4340K(4480K)
[396.988s][info][gc             ] GC(396) Pause Young (Allocation Failure) 490M->260M(528M) 36.037ms
[396.988s][info][gc,cpu         ] GC(396) User=0.05s Sys=0.02s Real=0.04s
[397.955s][info][gc,start       ] GC(397) Pause Young (Allocation Failure)
[397.972s][info][gc,heap        ] GC(397) PSYoungGen: 252742K(286208K)->17563K(283136K) Eden: 240640K(240640K)->0K(243712K) From: 12102K(45568K)->17563K(39424K)
[397.972s][info][gc,heap        ] GC(397) ParOldGen: 254171K(254464K)->254995K(255488K)
[397.972s][info][gc,metaspace   ] GC(397) Metaspace: 42927K(43328K)->42927K(43328K) NonClass: 38587K(38848K)->38587K(38848K) Class: 4340K(4480K)->4340K(4480K)
[397.972s][info][gc             ] GC(397) Pause Young (Allocation Failure) 495M->266M(526M) 16.523ms
[397.972s][info][gc,cpu         ] GC(397) User=0.03s Sys=0.00s Real=0.02s
[398.982s][info][gc,start       ] GC(398) Pause Young (Allocation Failure)
[398.986s][info][gc,heap        ] GC(398) PSYoungGen: 260306K(283136K)->1488K(285696K) Eden: 242743K(243712K)->0K(243712K) From: 17563K(39424K)->1488K(41984K)
[398.986s][info][gc,heap        ] GC(398) ParOldGen: 254995K(255488K)->256003K(256512K)
[398.986s][info][gc,metaspace   ] GC(398) Metaspace: 42934K(43328K)->42934K(43328K) NonClass: 38592K(38848K)->38592K(38848K) Class: 4342K(4480K)->4342K(4480K)
[398.986s][info][gc             ] GC(398) Pause Young (Allocation Failure) 503M->251M(529M) 4.414ms
[398.986s][info][gc,cpu         ] GC(398) User=0.00s Sys=0.00s Real=0.01s
[399.842s][info][gc,start       ] GC(399) Pause Young (Allocation Failure)
[399.850s][info][gc,heap        ] GC(399) PSYoungGen: 245200K(285696K)->7168K(290304K) Eden: 243712K(243712K)->0K(249344K) From: 1488K(41984K)->7168K(40960K)
[399.850s][info][gc,heap        ] GC(399) ParOldGen: 256003K(256512K)->257291K(257536K)
[399.850s][info][gc,metaspace   ] GC(399) Metaspace: 42934K(43328K)->42934K(43328K) NonClass: 38592K(38848K)->38592K(38848K) Class: 4342K(4480K)->4342K(4480K)
[399.850s][info][gc             ] GC(399) Pause Young (Allocation Failure) 489M->258M(535M) 8.490ms
[399.850s][info][gc,cpu         ] GC(399) User=0.02s Sys=0.01s Real=0.01s
[400.828s][info][gc,start       ] GC(400) Pause Young (Allocation Failure)
[400.853s][info][gc,heap        ] GC(400) PSYoungGen: 256512K(290304K)->26200K(290816K) Eden: 249344K(249344K)->0K(249344K) From: 7168K(40960K)->26200K(41472K)
[400.853s][info][gc,heap        ] GC(400) ParOldGen: 257291K(257536K)->258395K(258560K)
[400.853s][info][gc,metaspace   ] GC(400) Metaspace: 42934K(43328K)->42934K(43328K) NonClass: 38592K(38848K)->38592K(38848K) Class: 4342K(4480K)->4342K(4480K)
[400.853s][info][gc             ] GC(400) Pause Young (Allocation Failure) 501M->277M(536M) 24.967ms
[400.853s][info][gc,cpu         ] GC(400) User=0.04s Sys=0.00s Real=0.02s
[401.917s][info][gc,start       ] GC(401) Pause Young (Allocation Failure)
[401.927s][info][gc,heap        ] GC(401) PSYoungGen: 275544K(290816K)->9714K(290816K) Eden: 249344K(249344K)->0K(249344K) From: 26200K(41472K)->9714K(41472K)
[401.927s][info][gc,heap        ] GC(401) ParOldGen: 258395K(258560K)->259171K(259584K)
[401.927s][info][gc,metaspace   ] GC(401) Metaspace: 42934K(43328K)->42934K(43328K) NonClass: 38592K(38848K)->38592K(38848K) Class: 4342K(4480K)->4342K(4480K)
[401.927s][info][gc             ] GC(401) Pause Young (Allocation Failure) 521M->262M(537M) 9.637ms
[401.927s][info][gc,cpu         ] GC(401) User=0.02s Sys=0.00s Real=0.01s
[402.856s][info][gc,start       ] GC(402) Pause Young (Allocation Failure)
[402.864s][info][gc,heap        ] GC(402) PSYoungGen: 259058K(290816K)->7353K(290816K) Eden: 249344K(249344K)->0K(249344K) From: 9714K(41472K)->7353K(41472K)
[402.864s][info][gc,heap        ] GC(402) ParOldGen: 259171K(259584K)->260251K(260608K)
[402.864s][info][gc,metaspace   ] GC(402) Metaspace: 42935K(43328K)->42935K(43328K) NonClass: 38593K(38848K)->38593K(38848K) Class: 4342K(4480K)->4342K(4480K)
[402.864s][info][gc             ] GC(402) Pause Young (Allocation Failure) 506M->261M(538M) 7.729ms
[402.864s][info][gc,cpu         ] GC(402) User=0.02s Sys=0.00s Real=0.00s
[403.813s][info][gc,start       ] GC(403) Pause Young (Allocation Failure)
[403.821s][info][gc,heap        ] GC(403) PSYoungGen: 256697K(290816K)->7198K(291328K) Eden: 249344K(249344K)->0K(251904K) From: 7353K(41472K)->7198K(39424K)
[403.821s][info][gc,heap        ] GC(403) ParOldGen: 260251K(260608K)->261251K(261632K)
[403.821s][info][gc,metaspace   ] GC(403) Metaspace: 42935K(43328K)->42935K(43328K) NonClass: 38593K(38848K)->38593K(38848K) Class: 4342K(4480K)->4342K(4480K)
[403.821s][info][gc             ] GC(403) Pause Young (Allocation Failure) 504M->262M(540M) 8.254ms
[403.821s][info][gc,cpu         ] GC(403) User=0.01s Sys=0.00s Real=0.01s
[404.812s][info][gc,start       ] GC(404) Pause Young (Allocation Failure)
[404.819s][info][gc,heap        ] GC(404) PSYoungGen: 259102K(291328K)->6180K(291328K) Eden: 251904K(251904K)->0K(251904K) From: 7198K(39424K)->6180K(39424K)
[404.819s][info][gc,heap        ] GC(404) ParOldGen: 261251K(261632K)->262283K(262656K)
[404.819s][info][gc,metaspace   ] GC(404) Metaspace: 42935K(43328K)->42935K(43328K) NonClass: 38593K(38848K)->38593K(38848K) Class: 4342K(4480K)->4342K(4480K)
[404.819s][info][gc             ] GC(404) Pause Young (Allocation Failure) 508M->262M(541M) 6.816ms
[404.819s][info][gc,cpu         ] GC(404) User=0.01s Sys=0.00s Real=0.01s
[405.698s][info][gc,start       ] GC(405) Pause Young (Allocation Failure)
[405.742s][info][gc,heap        ] GC(405) PSYoungGen: 258084K(291328K)->38374K(279040K) Eden: 251904K(251904K)->0K(240640K) From: 6180K(39424K)->38374K(38400K)
[405.742s][info][gc,heap        ] GC(405) ParOldGen: 262283K(262656K)->266085K(266240K)
[405.742s][info][gc,metaspace   ] GC(405) Metaspace: 42935K(43328K)->42935K(43328K) NonClass: 38593K(38848K)->38593K(38848K) Class: 4342K(4480K)->4342K(4480K)
[405.742s][info][gc             ] GC(405) Pause Young (Allocation Failure) 508M->297M(532M) 44.000ms
[405.742s][info][gc,cpu         ] GC(405) User=0.08s Sys=0.01s Real=0.04s
[406.984s][info][gc,start       ] GC(406) Pause Young (Allocation Failure)
[407.034s][info][gc,heap        ] GC(406) PSYoungGen: 279014K(279040K)->17906K(287232K) Eden: 240640K(240640K)->0K(240640K) From: 38374K(38400K)->17906K(46592K)
[407.034s][info][gc,heap        ] GC(406) ParOldGen: 266085K(266240K)->285866K(286208K)
[407.034s][info][gc,metaspace   ] GC(406) Metaspace: 42935K(43328K)->42935K(43328K) NonClass: 38593K(38848K)->38593K(38848K) Class: 4342K(4480K)->4342K(4480K)
[407.034s][info][gc             ] GC(406) Pause Young (Allocation Failure) 532M->296M(560M) 49.827ms
[407.034s][info][gc,cpu         ] GC(406) User=0.08s Sys=0.02s Real=0.05s
[407.990s][info][gc,start       ] GC(407) Pause Young (Allocation Failure)
[408.037s][info][gc,heap        ] GC(407) PSYoungGen: 258546K(287232K)->18497K(280576K) Eden: 240640K(240640K)->0K(243200K) From: 17906K(46592K)->18497K(37376K)
[408.037s][info][gc,heap        ] GC(407) ParOldGen: 285866K(286208K)->303688K(304128K)
[408.037s][info][gc,metaspace   ] GC(407) Metaspace: 42935K(43328K)->42935K(43328K) NonClass: 38593K(38848K)->38593K(38848K) Class: 4342K(4480K)->4342K(4480K)
[408.037s][info][gc             ] GC(407) Pause Young (Allocation Failure) 531M->314M(571M) 47.358ms
[408.037s][info][gc,cpu         ] GC(407) User=0.07s Sys=0.01s Real=0.05s
[408.822s][info][gc,start       ] GC(408) Pause Young (Allocation Failure)
[408.851s][info][gc,heap        ] GC(408) PSYoungGen: 261294K(280576K)->28647K(285184K) Eden: 242797K(243200K)->0K(243200K) From: 18497K(37376K)->28647K(41984K)
[408.851s][info][gc,heap        ] GC(408) ParOldGen: 303688K(304128K)->309286K(309760K)
[408.851s][info][gc,metaspace   ] GC(408) Metaspace: 42943K(43328K)->42943K(43328K) NonClass: 38601K(38848K)->38601K(38848K) Class: 4342K(4480K)->4342K(4480K)
[408.851s][info][gc             ] GC(408) Pause Young (Allocation Failure) 551M->330M(581M) 28.613ms
[408.851s][info][gc,cpu         ] GC(408) User=0.05s Sys=0.01s Real=0.03s
[409.706s][info][gc,start       ] GC(409) Pause Young (Allocation Failure)
[409.723s][info][gc,heap        ] GC(409) PSYoungGen: 271847K(285184K)->8372K(290816K) Eden: 243200K(243200K)->0K(246784K) From: 28647K(41984K)->8372K(44032K)
[409.723s][info][gc,heap        ] GC(409) ParOldGen: 309286K(309760K)->319112K(319488K)
[409.723s][info][gc,metaspace   ] GC(409) Metaspace: 42943K(43328K)->42943K(43328K) NonClass: 38601K(38848K)->38601K(38848K) Class: 4342K(4480K)->4342K(4480K)
[409.723s][info][gc             ] GC(409) Pause Young (Allocation Failure) 567M->319M(596M) 17.091ms
[409.723s][info][gc,cpu         ] GC(409) User=0.02s Sys=0.01s Real=0.01s
[410.628s][info][gc,start       ] GC(410) Pause Young (Allocation Failure)
[410.644s][info][gc,heap        ] GC(410) PSYoungGen: 255156K(290816K)->21458K(268288K) Eden: 246784K(246784K)->0K(246784K) From: 8372K(44032K)->21458K(21504K)
[410.644s][info][gc,heap        ] GC(410) ParOldGen: 319112K(319488K)->319553K(320000K)
[410.644s][info][gc,metaspace   ] GC(410) Metaspace: 42943K(43328K)->42943K(43328K) NonClass: 38601K(38848K)->38601K(38848K) Class: 4342K(4480K)->4342K(4480K)
[410.644s][info][gc             ] GC(410) Pause Young (Allocation Failure) 560M->333M(574M) 15.447ms
[410.644s][info][gc,cpu         ] GC(410) User=0.03s Sys=0.01s Real=0.01s
[411.521s][info][gc,start       ] GC(411) Pause Young (Allocation Failure)
[411.544s][info][gc,heap        ] GC(411) PSYoungGen: 268242K(268288K)->32265K(285696K) Eden: 246784K(246784K)->0K(243712K) From: 21458K(21504K)->32265K(41984K)
[411.544s][info][gc,heap        ] GC(411) ParOldGen: 319553K(320000K)->320371K(320512K)
[411.545s][info][gc,metaspace   ] GC(411) Metaspace: 42943K(43328K)->42943K(43328K) NonClass: 38601K(38848K)->38601K(38848K) Class: 4342K(4480K)->4342K(4480K)
[411.545s][info][gc             ] GC(411) Pause Young (Allocation Failure) 574M->344M(592M) 23.331ms
[411.545s][info][gc,cpu         ] GC(411) User=0.04s Sys=0.01s Real=0.02s
[412.448s][info][gc,start       ] GC(412) Pause Young (Allocation Failure)
[412.459s][info][gc,heap        ] GC(412) PSYoungGen: 275977K(285696K)->12357K(288768K) Eden: 243712K(243712K)->0K(243712K) From: 32265K(41984K)->12357K(45056K)
[412.459s][info][gc,heap        ] GC(412) ParOldGen: 320371K(320512K)->322045K(322048K)
[412.459s][info][gc,metaspace   ] GC(412) Metaspace: 42943K(43328K)->42943K(43328K) NonClass: 38601K(38848K)->38601K(38848K) Class: 4342K(4480K)->4342K(4480K)
[412.459s][info][gc             ] GC(412) Pause Young (Allocation Failure) 582M->326M(596M) 11.667ms
[412.459s][info][gc,cpu         ] GC(412) User=0.02s Sys=0.01s Real=0.01s
[413.352s][info][gc,start       ] GC(413) Pause Young (Allocation Failure)
[413.452s][info][gc,heap        ] GC(413) PSYoungGen: 256069K(288768K)->43498K(232960K) Eden: 243712K(243712K)->0K(189440K) From: 12357K(45056K)->43498K(43520K)
[413.452s][info][gc,heap        ] GC(413) ParOldGen: 322045K(322048K)->380792K(380928K)
[413.452s][info][gc,metaspace   ] GC(413) Metaspace: 42943K(43328K)->42943K(43328K) NonClass: 38601K(38848K)->38601K(38848K) Class: 4342K(4480K)->4342K(4480K)
[413.452s][info][gc             ] GC(413) Pause Young (Allocation Failure) 564M->414M(599M) 100.123ms
[413.452s][info][gc,cpu         ] GC(413) User=0.15s Sys=0.05s Real=0.10s
[414.120s][info][gc,start       ] GC(414) Pause Young (Allocation Failure)
[414.171s][info][gc,heap        ] GC(414) PSYoungGen: 232938K(232960K)->5618K(261632K) Eden: 189440K(189440K)->0K(189440K) From: 43498K(43520K)->5618K(72192K)
[414.171s][info][gc,heap        ] GC(414) ParOldGen: 380792K(380928K)->419023K(419328K)
[414.171s][info][gc,metaspace   ] GC(414) Metaspace: 42943K(43328K)->42943K(43328K) NonClass: 38601K(38848K)->38601K(38848K) Class: 4342K(4480K)->4342K(4480K)
[414.171s][info][gc             ] GC(414) Pause Young (Allocation Failure) 599M->414M(665M) 51.423ms
[414.172s][info][gc,cpu         ] GC(414) User=0.07s Sys=0.03s Real=0.05s
[414.873s][info][gc,start       ] GC(415) Pause Young (Allocation Failure)
[414.897s][info][gc,heap        ] GC(415) PSYoungGen: 195058K(261632K)->32657K(257536K) Eden: 189440K(189440K)->0K(190464K) From: 5618K(72192K)->32657K(67072K)
[414.897s][info][gc,heap        ] GC(415) ParOldGen: 419023K(419328K)->421941K(422400K)
[414.897s][info][gc,metaspace   ] GC(415) Metaspace: 42943K(43328K)->42943K(43328K) NonClass: 38601K(38848K)->38601K(38848K) Class: 4342K(4480K)->4342K(4480K)
[414.897s][info][gc             ] GC(415) Pause Young (Allocation Failure) 599M->443M(664M) 24.177ms
[414.897s][info][gc,cpu         ] GC(415) User=0.04s Sys=0.00s Real=0.03s
[415.548s][info][gc,start       ] GC(416) Pause Young (Allocation Failure)
[415.558s][info][gc,heap        ] GC(416) PSYoungGen: 223121K(257536K)->13682K(260096K) Eden: 190464K(190464K)->0K(190464K) From: 32657K(67072K)->13682K(69632K)
[415.558s][info][gc,heap        ] GC(416) ParOldGen: 421941K(422400K)->422726K(422912K)
[415.558s][info][gc,metaspace   ] GC(416) Metaspace: 42943K(43328K)->42943K(43328K) NonClass: 38601K(38848K)->38601K(38848K) Class: 4342K(4480K)->4342K(4480K)
[415.558s][info][gc             ] GC(416) Pause Young (Allocation Failure) 629M->426M(667M) 10.110ms
[415.558s][info][gc,cpu         ] GC(416) User=0.02s Sys=0.00s Real=0.01s
[416.225s][info][gc,start       ] GC(417) Pause Young (Allocation Failure)
[416.240s][info][gc,heap        ] GC(417) PSYoungGen: 204146K(260096K)->20860K(257024K) Eden: 190464K(190464K)->0K(197120K) From: 13682K(69632K)->20860K(59904K)
[416.240s][info][gc,heap        ] GC(417) ParOldGen: 422726K(422912K)->423497K(423936K)
[416.240s][info][gc,metaspace   ] GC(417) Metaspace: 42943K(43328K)->42943K(43328K) NonClass: 38601K(38848K)->38601K(38848K) Class: 4342K(4480K)->4342K(4480K)
[416.240s][info][gc             ] GC(417) Pause Young (Allocation Failure) 612M->433M(665M) 14.936ms
[416.240s][info][gc,cpu         ] GC(417) User=0.02s Sys=0.00s Real=0.02s
[416.915s][info][gc,start       ] GC(418) Pause Young (Allocation Failure)
[416.920s][info][gc,heap        ] GC(418) PSYoungGen: 217980K(257024K)->3896K(260608K) Eden: 197120K(197120K)->0K(197120K) From: 20860K(59904K)->3896K(63488K)
[416.920s][info][gc,heap        ] GC(418) ParOldGen: 423497K(423936K)->423948K(424448K)
[416.920s][info][gc,metaspace   ] GC(418) Metaspace: 42943K(43328K)->42943K(43328K) NonClass: 38601K(38848K)->38601K(38848K) Class: 4342K(4480K)->4342K(4480K)
[416.920s][info][gc             ] GC(418) Pause Young (Allocation Failure) 626M->417M(669M) 5.098ms
[416.920s][info][gc,cpu         ] GC(418) User=0.01s Sys=0.00s Real=0.01s
[417.534s][info][gc,start       ] GC(419) Pause Young (Allocation Failure)
[417.549s][info][gc,heap        ] GC(419) PSYoungGen: 201016K(260608K)->21580K(261632K) Eden: 197120K(197120K)->0K(207360K) From: 3896K(63488K)->21580K(54272K)
[417.549s][info][gc,heap        ] GC(419) ParOldGen: 423948K(424448K)->424437K(424448K)
[417.549s][info][gc,metaspace   ] GC(419) Metaspace: 42943K(43328K)->42943K(43328K) NonClass: 38601K(38848K)->38601K(38848K) Class: 4342K(4480K)->4342K(4480K)
[417.549s][info][gc             ] GC(419) Pause Young (Allocation Failure) 610M->435M(670M) 15.074ms
[417.549s][info][gc,cpu         ] GC(419) User=0.02s Sys=0.00s Real=0.02s
[418.204s][info][gc,start       ] GC(420) Pause Young (Allocation Failure)
[418.226s][info][gc,heap        ] GC(420) PSYoungGen: 228940K(261632K)->716K(266240K) Eden: 207360K(207360K)->0K(207360K) From: 21580K(54272K)->716K(58880K)
[418.226s][info][gc,heap        ] GC(420) ParOldGen: 424437K(424448K)->444824K(444928K)
[418.226s][info][gc,metaspace   ] GC(420) Metaspace: 42943K(43328K)->42943K(43328K) NonClass: 38601K(38848K)->38601K(38848K) Class: 4342K(4480K)->4342K(4480K)
[418.226s][info][gc             ] GC(420) Pause Young (Allocation Failure) 638M->435M(694M) 21.594ms
[418.226s][info][gc,cpu         ] GC(420) User=0.02s Sys=0.02s Real=0.02s
[418.803s][info][gc,start       ] GC(421) Pause Young (Allocation Failure)
[418.807s][info][gc,heap        ] GC(421) PSYoungGen: 208076K(266240K)->3164K(272896K) Eden: 207360K(207360K)->0K(216064K) From: 716K(58880K)->3164K(56832K)
[418.807s][info][gc,heap        ] GC(421) ParOldGen: 444824K(444928K)->444840K(444928K)
[418.807s][info][gc,metaspace   ] GC(421) Metaspace: 42943K(43328K)->42943K(43328K) NonClass: 38601K(38848K)->38601K(38848K) Class: 4342K(4480K)->4342K(4480K)
[418.807s][info][gc             ] GC(421) Pause Young (Allocation Failure) 637M->437M(701M) 4.371ms
[418.807s][info][gc,cpu         ] GC(421) User=0.01s Sys=0.00s Real=0.01s
[419.209s][info][gc,start       ] GC(422) Pause Young (Allocation Failure)
[419.215s][info][gc,heap        ] GC(422) PSYoungGen: 219228K(272896K)->2894K(273920K) Eden: 216064K(216064K)->0K(216064K) From: 3164K(56832K)->2894K(57856K)
[419.215s][info][gc,heap        ] GC(422) ParOldGen: 444840K(444928K)->446772K(446976K)
[419.215s][info][gc,metaspace   ] GC(422) Metaspace: 42943K(43328K)->42943K(43328K) NonClass: 38601K(38848K)->38601K(38848K) Class: 4342K(4480K)->4342K(4480K)
[419.215s][info][gc             ] GC(422) Pause Young (Allocation Failure) 648M->439M(704M) 6.084ms
[419.215s][info][gc,cpu         ] GC(422) User=0.01s Sys=0.00s Real=0.00s
[419.659s][info][gc,start       ] GC(423) Pause Young (Allocation Failure)
[419.667s][info][gc,heap        ] GC(423) PSYoungGen: 218958K(273920K)->10067K(271360K) Eden: 216064K(216064K)->0K(219648K) From: 2894K(57856K)->10067K(51712K)
[419.667s][info][gc,heap        ] GC(423) ParOldGen: 446772K(446976K)->447008K(447488K)
[419.667s][info][gc,metaspace   ] GC(423) Metaspace: 42944K(43328K)->42944K(43328K) NonClass: 38601K(38848K)->38601K(38848K) Class: 4342K(4480K)->4342K(4480K)
[419.667s][info][gc             ] GC(423) Pause Young (Allocation Failure) 650M->446M(702M) 8.280ms
[419.667s][info][gc,cpu         ] GC(423) User=0.01s Sys=0.00s Real=0.01s
[419.947s][info][gc,start       ] GC(424) Pause Young (Allocation Failure)
[419.959s][info][gc,heap        ] GC(424) PSYoungGen: 229715K(271360K)->1180K(273408K) Eden: 219648K(219648K)->0K(219648K) From: 10067K(51712K)->1180K(53760K)
[419.959s][info][gc,heap        ] GC(424) ParOldGen: 447008K(447488K)->456871K(457216K)
[419.959s][info][gc,metaspace   ] GC(424) Metaspace: 42944K(43328K)->42944K(43328K) NonClass: 38601K(38848K)->38601K(38848K) Class: 4342K(4480K)->4342K(4480K)
[419.959s][info][gc             ] GC(424) Pause Young (Allocation Failure) 660M->447M(713M) 12.321ms
[419.959s][info][gc,cpu         ] GC(424) User=0.02s Sys=0.00s Real=0.01s
[420.250s][info][gc,start       ] GC(425) Pause Young (Allocation Failure)
[420.256s][info][gc,heap        ] GC(425) PSYoungGen: 220828K(273408K)->1856K(276480K) Eden: 219648K(219648K)->0K(227840K) From: 1180K(53760K)->1856K(48640K)
[420.256s][info][gc,heap        ] GC(425) ParOldGen: 456871K(457216K)->458002K(458240K)
[420.256s][info][gc,metaspace   ] GC(425) Metaspace: 42944K(43328K)->42944K(43328K) NonClass: 38601K(38848K)->38601K(38848K) Class: 4342K(4480K)->4342K(4480K)
[420.256s][info][gc             ] GC(425) Pause Young (Allocation Failure) 661M->449M(717M) 5.679ms
[420.256s][info][gc,cpu         ] GC(425) User=0.01s Sys=0.00s Real=0.00s
[420.566s][info][gc,start       ] GC(426) Pause Young (Allocation Failure)
[420.574s][info][gc,heap        ] GC(426) PSYoungGen: 229097K(276480K)->3496K(278528K) Eden: 227240K(227840K)->0K(227840K) From: 1856K(48640K)->3496K(50688K)
[420.574s][info][gc,heap        ] GC(426) ParOldGen: 458002K(458240K)->459798K(460288K)
[420.574s][info][gc,metaspace   ] GC(426) Metaspace: 42944K(43328K)->42944K(43328K) NonClass: 38601K(38848K)->38601K(38848K) Class: 4342K(4480K)->4342K(4480K)
[420.574s][info][gc             ] GC(426) Pause Young (Allocation Failure) 670M->452M(721M) 7.886ms
[420.574s][info][gc,cpu         ] GC(426) User=0.01s Sys=0.00s Real=0.00s
[420.896s][info][gc,start       ] GC(427) Pause Young (Allocation Failure)
[420.908s][info][gc,heap        ] GC(427) PSYoungGen: 231336K(278528K)->5743K(278016K) Eden: 227840K(227840K)->0K(234496K) From: 3496K(50688K)->5743K(43520K)
[420.908s][info][gc,heap        ] GC(427) ParOldGen: 459798K(460288K)->463227K(463360K)
[420.908s][info][gc,metaspace   ] GC(427) Metaspace: 42944K(43328K)->42944K(43328K) NonClass: 38601K(38848K)->38601K(38848K) Class: 4342K(4480K)->4342K(4480K)
[420.908s][info][gc             ] GC(427) Pause Young (Allocation Failure) 674M->457M(724M) 11.999ms
[420.908s][info][gc,cpu         ] GC(427) User=0.03s Sys=0.01s Real=0.01s
[421.238s][info][gc,start       ] GC(428) Pause Young (Allocation Failure)
[421.253s][info][gc,heap        ] GC(428) PSYoungGen: 239498K(278016K)->5672K(280576K) Eden: 233755K(234496K)->0K(234496K) From: 5743K(43520K)->5672K(46080K)
[421.253s][info][gc,heap        ] GC(428) ParOldGen: 463227K(463360K)->468937K(468992K)
[421.253s][info][gc,metaspace   ] GC(428) Metaspace: 42944K(43328K)->42944K(43328K) NonClass: 38601K(38848K)->38601K(38848K) Class: 4342K(4480K)->4342K(4480K)
[421.253s][info][gc             ] GC(428) Pause Young (Allocation Failure) 686M->463M(732M) 15.237ms
[421.253s][info][gc,cpu         ] GC(428) User=0.02s Sys=0.01s Real=0.01s
[421.598s][info][gc,start       ] GC(429) Pause Young (Allocation Failure)
[421.615s][info][gc,heap        ] GC(429) PSYoungGen: 240168K(280576K)->5729K(283648K) Eden: 234496K(234496K)->0K(244224K) From: 5672K(46080K)->5729K(39424K)
[421.615s][info][gc,heap        ] GC(429) ParOldGen: 468937K(468992K)->474696K(475136K)
[421.615s][info][gc,metaspace   ] GC(429) Metaspace: 42944K(43328K)->42944K(43328K) NonClass: 38601K(38848K)->38601K(38848K) Class: 4342K(4480K)->4342K(4480K)
[421.615s][info][gc             ] GC(429) Pause Young (Allocation Failure) 692M->469M(741M) 17.304ms
[421.615s][info][gc,cpu         ] GC(429) User=0.02s Sys=0.00s Real=0.01s
[422.153s][info][gc,start       ] GC(430) Pause Young (Allocation Failure)
[422.173s][info][gc,heap        ] GC(430) PSYoungGen: 249953K(283648K)->12647K(285696K) Eden: 244224K(244224K)->0K(244224K) From: 5729K(39424K)->12647K(41472K)
[422.173s][info][gc,heap        ] GC(430) ParOldGen: 474696K(475136K)->480305K(480768K)
[422.173s][info][gc,metaspace   ] GC(430) Metaspace: 42944K(43328K)->42944K(43328K) NonClass: 38602K(38848K)->38602K(38848K) Class: 4342K(4480K)->4342K(4480K)
[422.173s][info][gc             ] GC(430) Pause Young (Allocation Failure) 707M->481M(748M) 19.816ms
[422.173s][info][gc,cpu         ] GC(430) User=0.03s Sys=0.00s Real=0.02s
[422.800s][info][gc,start       ] GC(431) Pause Young (Allocation Failure)
[422.818s][info][gc,heap        ] GC(431) PSYoungGen: 256871K(285696K)->1595K(290816K) Eden: 244224K(244224K)->0K(253440K) From: 12647K(41472K)->1595K(37376K)
[422.818s][info][gc,heap        ] GC(431) ParOldGen: 480305K(480768K)->493170K(493568K)
[422.818s][info][gc,metaspace   ] GC(431) Metaspace: 42948K(43328K)->42948K(43328K) NonClass: 38606K(38848K)->38606K(38848K) Class: 4342K(4480K)->4342K(4480K)
[422.818s][info][gc             ] GC(431) Pause Young (Allocation Failure) 719M->483M(766M) 18.018ms
[422.818s][info][gc,cpu         ] GC(431) User=0.02s Sys=0.01s Real=0.02s
[423.428s][info][gc,start       ] GC(432) Pause Young (Allocation Failure)
[423.433s][info][gc,heap        ] GC(432) PSYoungGen: 255035K(290816K)->2674K(291328K) Eden: 253440K(253440K)->0K(253440K) From: 1595K(37376K)->2674K(37888K)
[423.433s][info][gc,heap        ] GC(432) ParOldGen: 493170K(493568K)->493339K(493568K)
[423.433s][info][gc,metaspace   ] GC(432) Metaspace: 42960K(43328K)->42960K(43328K) NonClass: 38618K(38848K)->38618K(38848K) Class: 4342K(4480K)->4342K(4480K)
[423.433s][info][gc             ] GC(432) Pause Young (Allocation Failure) 730M->484M(766M) 4.448ms
[423.433s][info][gc,cpu         ] GC(432) User=0.01s Sys=0.00s Real=0.00s
[424.050s][info][gc,start       ] GC(433) Pause Young (Allocation Failure)
[424.055s][info][gc,heap        ] GC(433) PSYoungGen: 256114K(291328K)->3960K(292864K) Eden: 253440K(253440K)->0K(259584K) From: 2674K(37888K)->3960K(33280K)
[424.055s][info][gc,heap        ] GC(433) ParOldGen: 493339K(493568K)->493339K(493568K)
[424.055s][info][gc,metaspace   ] GC(433) Metaspace: 42960K(43328K)->42960K(43328K) NonClass: 38618K(38848K)->38618K(38848K) Class: 4342K(4480K)->4342K(4480K)
[424.055s][info][gc             ] GC(433) Pause Young (Allocation Failure) 731M->485M(768M) 5.329ms
[424.055s][info][gc,cpu         ] GC(433) User=0.01s Sys=0.00s Real=0.00s
[424.733s][info][gc,start       ] GC(434) Pause Young (Allocation Failure)
[424.739s][info][gc,heap        ] GC(434) PSYoungGen: 263544K(292864K)->6850K(293888K) Eden: 259584K(259584K)->0K(259584K) From: 3960K(33280K)->6850K(34304K)
[424.739s][info][gc,heap        ] GC(434) ParOldGen: 493339K(493568K)->493395K(493568K)
[424.739s][info][gc,metaspace   ] GC(434) Metaspace: 42962K(43328K)->42962K(43328K) NonClass: 38620K(38848K)->38620K(38848K) Class: 4342K(4480K)->4342K(4480K)
[424.739s][info][gc             ] GC(434) Pause Young (Allocation Failure) 739M->488M(769M) 6.283ms
[424.739s][info][gc,cpu         ] GC(434) User=0.01s Sys=0.00s Real=0.01s
[425.945s][info][gc,start       ] GC(435) Pause Young (Allocation Failure)
[425.951s][info][gc,heap        ] GC(435) PSYoungGen: 266434K(293888K)->2898K(297472K) Eden: 259584K(259584K)->0K(267264K) From: 6850K(34304K)->2898K(30208K)
[425.951s][info][gc,heap        ] GC(435) ParOldGen: 493395K(493568K)->493515K(493568K)
[425.951s][info][gc,metaspace   ] GC(435) Metaspace: 42971K(43328K)->42971K(43328K) NonClass: 38629K(38848K)->38629K(38848K) Class: 4342K(4480K)->4342K(4480K)
[425.951s][info][gc             ] GC(435) Pause Young (Allocation Failure) 742M->484M(772M) 5.827ms
[425.951s][info][gc,cpu         ] GC(435) User=0.01s Sys=0.00s Real=0.01s
[426.982s][info][gc,start       ] GC(436) Pause Young (Allocation Failure)
[427.008s][info][gc,heap        ] GC(436) PSYoungGen: 270162K(297472K)->22682K(297984K) Eden: 267264K(267264K)->0K(267264K) From: 2898K(30208K)->22682K(30720K)
[427.008s][info][gc,heap        ] GC(436) ParOldGen: 493515K(493568K)->496366K(496640K)
[427.008s][info][gc,metaspace   ] GC(436) Metaspace: 42987K(43392K)->42987K(43392K) NonClass: 38644K(38912K)->38644K(38912K) Class: 4342K(4480K)->4342K(4480K)
[427.008s][info][gc             ] GC(436) Pause Young (Allocation Failure) 745M->506M(776M) 26.611ms
[427.008s][info][gc,cpu         ] GC(436) User=0.05s Sys=0.00s Real=0.03s
[427.696s][info][gc,start       ] GC(437) Pause Young (Allocation Failure)
[427.766s][info][gc,heap        ] GC(437) PSYoungGen: 289946K(297984K)->30264K(288768K) Eden: 267264K(267264K)->0K(254976K) From: 22682K(30720K)->30264K(33792K)
[427.766s][info][gc,heap        ] GC(437) ParOldGen: 496366K(496640K)->518670K(519168K)
[427.766s][info][gc,metaspace   ] GC(437) Metaspace: 42987K(43392K)->42987K(43392K) NonClass: 38644K(38912K)->38644K(38912K) Class: 4342K(4480K)->4342K(4480K)
[427.766s][info][gc             ] GC(437) Pause Young (Allocation Failure) 767M->536M(789M) 69.554ms
[427.766s][info][gc,cpu         ] GC(437) User=0.11s Sys=0.02s Real=0.06s
[428.420s][info][gc,start       ] GC(438) Pause Young (Allocation Failure)
[428.488s][info][gc,heap        ] GC(438) PSYoungGen: 285240K(288768K)->28481K(283648K) Eden: 254976K(254976K)->0K(254976K) From: 30264K(33792K)->28481K(28672K)
[428.488s][info][gc,heap        ] GC(438) ParOldGen: 518670K(519168K)->547446K(547840K)
[428.488s][info][gc,metaspace   ] GC(438) Metaspace: 42987K(43392K)->42987K(43392K) NonClass: 38644K(38912K)->38644K(38912K) Class: 4342K(4480K)->4342K(4480K)
[428.488s][info][gc             ] GC(438) Pause Young (Allocation Failure) 785M->562M(812M) 68.331ms
[428.488s][info][gc,cpu         ] GC(438) User=0.11s Sys=0.02s Real=0.07s
[432.109s][info][gc,start       ] GC(439) Pause Young (Allocation Failure)
[432.172s][info][gc,heap        ] GC(439) PSYoungGen: 283457K(283648K)->19744K(291328K) Eden: 254976K(254976K)->0K(248320K) From: 28481K(28672K)->19744K(43008K)
[432.172s][info][gc,heap        ] GC(439) ParOldGen: 547446K(547840K)->576039K(576512K)
[432.172s][info][gc,metaspace   ] GC(439) Metaspace: 42990K(43392K)->42990K(43392K) NonClass: 38648K(38912K)->38648K(38912K) Class: 4342K(4480K)->4342K(4480K)
[432.172s][info][gc             ] GC(439) Pause Young (Allocation Failure) 811M->581M(847M) 63.780ms
[432.172s][info][gc,cpu         ] GC(439) User=0.11s Sys=0.02s Real=0.06s
[433.074s][info][gc,start       ] GC(440) Pause Young (Allocation Failure)
[433.116s][info][gc,heap        ] GC(440) PSYoungGen: 268064K(291328K)->4960K(253440K) Eden: 248320K(248320K)->0K(248320K) From: 19744K(43008K)->4960K(5120K)
[433.116s][info][gc,heap        ] GC(440) ParOldGen: 576039K(576512K)->595655K(595968K)
[433.116s][info][gc,metaspace   ] GC(440) Metaspace: 42995K(43392K)->42995K(43392K) NonClass: 38653K(38912K)->38653K(38912K) Class: 4342K(4480K)->4342K(4480K)
[433.116s][info][gc             ] GC(440) Pause Young (Allocation Failure) 824M->586M(829M) 41.759ms
[433.116s][info][gc,cpu         ] GC(440) User=0.07s Sys=0.02s Real=0.04s
[434.458s][info][gc,start       ] GC(441) Pause Young (Allocation Failure)
[434.469s][info][gc,heap        ] GC(441) PSYoungGen: 253280K(253440K)->2583K(290304K) Eden: 248320K(248320K)->0K(249344K) From: 4960K(5120K)->2583K(40960K)
[434.470s][info][gc,heap        ] GC(441) ParOldGen: 595655K(595968K)->599948K(600064K)
[434.470s][info][gc,metaspace   ] GC(441) Metaspace: 42995K(43392K)->42995K(43392K) NonClass: 38653K(38912K)->38653K(38912K) Class: 4342K(4480K)->4342K(4480K)
[434.470s][info][gc             ] GC(441) Pause Young (Allocation Failure) 829M->588M(869M) 11.330ms
[434.470s][info][gc,cpu         ] GC(441) User=0.02s Sys=0.01s Real=0.01s
[436.020s][info][gc,start       ] GC(442) Pause Young (Allocation Failure)
[436.050s][info][gc,heap        ] GC(442) PSYoungGen: 251927K(290304K)->26054K(289280K) Eden: 249344K(249344K)->0K(249344K) From: 2583K(40960K)->26054K(39936K)
[436.050s][info][gc,heap        ] GC(442) ParOldGen: 599948K(600064K)->602424K(602624K)
[436.050s][info][gc,metaspace   ] GC(442) Metaspace: 42995K(43392K)->42995K(43392K) NonClass: 38653K(38912K)->38653K(38912K) Class: 4342K(4480K)->4342K(4480K)
[436.050s][info][gc             ] GC(442) Pause Young (Allocation Failure) 831M->613M(871M) 30.140ms
[436.050s][info][gc,cpu         ] GC(442) User=0.06s Sys=0.00s Real=0.03s
[437.590s][info][gc,start       ] GC(443) Pause Young (Allocation Failure)
[437.644s][info][gc,heap        ] GC(443) PSYoungGen: 275398K(289280K)->23107K(290304K) Eden: 249344K(249344K)->0K(247808K) From: 26054K(39936K)->23107K(42496K)
[437.645s][info][gc,heap        ] GC(443) ParOldGen: 602424K(602624K)->628390K(628736K)
[437.645s][info][gc,metaspace   ] GC(443) Metaspace: 42995K(43392K)->42995K(43392K) NonClass: 38653K(38912K)->38653K(38912K) Class: 4342K(4480K)->4342K(4480K)
[437.645s][info][gc             ] GC(443) Pause Young (Allocation Failure) 857M->636M(897M) 54.604ms
[437.645s][info][gc,cpu         ] GC(443) User=0.09s Sys=0.01s Real=0.05s
[438.790s][info][gc,start       ] GC(444) Pause Young (Allocation Failure)
[438.844s][info][gc,heap        ] GC(444) PSYoungGen: 270915K(290304K)->31246K(279552K) Eden: 247808K(247808K)->0K(247808K) From: 23107K(42496K)->31246K(31744K)
[438.845s][info][gc,heap        ] GC(444) ParOldGen: 628390K(628736K)->651469K(651776K)
[438.845s][info][gc,metaspace   ] GC(444) Metaspace: 42995K(43392K)->42995K(43392K) NonClass: 38653K(38912K)->38653K(38912K) Class: 4342K(4480K)->4342K(4480K)
[438.845s][info][gc             ] GC(444) Pause Young (Allocation Failure) 878M->666M(909M) 54.344ms
[438.845s][info][gc,cpu         ] GC(444) User=0.09s Sys=0.01s Real=0.05s
[439.520s][info][gc,start       ] GC(445) Pause Full (Allocation Failure)
[439.520s][info][gc,phases,start] GC(445) Marking Phase
[439.593s][info][gc,phases      ] GC(445) Marking Phase 73.183ms
[439.593s][info][gc,phases,start] GC(445) Summary Phase
[439.593s][info][gc,phases      ] GC(445) Summary Phase 0.030ms
[439.593s][info][gc,phases,start] GC(445) Forward
[439.614s][info][gc,phases      ] GC(445) Forward 20.587ms
[439.614s][info][gc,phases,start] GC(445) Adjust Pointers
[439.664s][info][gc,phases      ] GC(445) Adjust Pointers 50.472ms
[439.664s][info][gc,phases,start] GC(445) Compaction Phase
[439.688s][info][gc,phases      ] GC(445) Compaction Phase 23.687ms
[439.688s][info][gc,phases,start] GC(445) Post Compact
[439.691s][info][gc,phases      ] GC(445) Post Compact 2.733ms
[439.727s][info][gc,heap        ] GC(445) PSYoungGen: 279054K(279552K)->0K(287232K) Eden: 247808K(247808K)->0K(240640K) From: 31246K(31744K)->0K(46592K)
[439.727s][info][gc,heap        ] GC(445) ParOldGen: 651469K(651776K)->94077K(231424K)
[439.727s][info][gc,metaspace   ] GC(445) Metaspace: 42995K(43392K)->42995K(43392K) NonClass: 38653K(38912K)->38653K(38912K) Class: 4342K(4480K)->4342K(4480K)
[439.727s][info][gc             ] GC(445) Pause Full (Allocation Failure) 908M->91M(506M) 207.207ms
[439.727s][info][gc,cpu         ] GC(445) User=0.29s Sys=0.03s Real=0.21s
[440.395s][info][gc,start       ] GC(446) Pause Young (Allocation Failure)
[440.431s][info][gc,heap        ] GC(446) PSYoungGen: 240640K(287232K)->30776K(271872K) Eden: 240640K(240640K)->0K(240640K) From: 0K(46592K)->30776K(31232K)
[440.431s][info][gc,heap        ] GC(446) ParOldGen: 94077K(231424K)->94077K(231424K)
[440.431s][info][gc,metaspace   ] GC(446) Metaspace: 42995K(43392K)->42995K(43392K) NonClass: 38653K(38912K)->38653K(38912K) Class: 4342K(4480K)->4342K(4480K)
[440.431s][info][gc             ] GC(446) Pause Young (Allocation Failure) 326M->121M(491M) 36.007ms
[440.431s][info][gc,cpu         ] GC(446) User=0.08s Sys=0.00s Real=0.04s
[442.093s][info][gc,start       ] GC(447) Pause Young (Allocation Failure)
[442.133s][info][gc,heap        ] GC(447) PSYoungGen: 271416K(271872K)->14992K(287744K) Eden: 240640K(240640K)->0K(238592K) From: 30776K(31232K)->14992K(49152K)
[442.133s][info][gc,heap        ] GC(447) ParOldGen: 94077K(231424K)->124846K(231424K)
[442.133s][info][gc,metaspace   ] GC(447) Metaspace: 42995K(43392K)->42995K(43392K) NonClass: 38653K(38912K)->38653K(38912K) Class: 4342K(4480K)->4342K(4480K)
[442.133s][info][gc             ] GC(447) Pause Young (Allocation Failure) 356M->136M(507M) 39.570ms
[442.133s][info][gc,cpu         ] GC(447) User=0.08s Sys=0.00s Real=0.04s
[443.209s][info][gc,start       ] GC(448) Pause Young (Allocation Failure)
[443.232s][info][gc,heap        ] GC(448) PSYoungGen: 253584K(287744K)->14407K(253440K) Eden: 238592K(238592K)->0K(238592K) From: 14992K(49152K)->14407K(14848K)
[443.232s][info][gc,heap        ] GC(448) ParOldGen: 124846K(231424K)->139379K(231424K)
[443.232s][info][gc,metaspace   ] GC(448) Metaspace: 42995K(43392K)->42995K(43392K) NonClass: 38653K(38912K)->38653K(38912K) Class: 4342K(4480K)->4342K(4480K)
[443.232s][info][gc             ] GC(448) Pause Young (Allocation Failure) 369M->150M(473M) 23.064ms
[443.232s][info][gc,cpu         ] GC(448) User=0.05s Sys=0.01s Real=0.02s
[444.637s][info][gc,start       ] GC(449) Pause Young (Allocation Failure)
[444.653s][info][gc,heap        ] GC(449) PSYoungGen: 252999K(253440K)->7159K(283648K) Eden: 238592K(238592K)->0K(239616K) From: 14407K(14848K)->7159K(44032K)
[444.653s][info][gc,heap        ] GC(449) ParOldGen: 139379K(231424K)->152671K(231424K)
[444.653s][info][gc,metaspace   ] GC(449) Metaspace: 42995K(43392K)->42995K(43392K) NonClass: 38653K(38912K)->38653K(38912K) Class: 4342K(4480K)->4342K(4480K)
[444.653s][info][gc             ] GC(449) Pause Young (Allocation Failure) 383M->156M(503M) 16.387ms
[444.653s][info][gc,cpu         ] GC(449) User=0.03s Sys=0.00s Real=0.01s
[446.099s][info][gc,start       ] GC(450) Pause Young (Allocation Failure)
[446.127s][info][gc,heap        ] GC(450) PSYoungGen: 246775K(283648K)->22626K(282624K) Eden: 239616K(239616K)->0K(239616K) From: 7159K(44032K)->22626K(43008K)
[446.128s][info][gc,heap        ] GC(450) ParOldGen: 152671K(231424K)->159572K(231424K)
[446.128s][info][gc,metaspace   ] GC(450) Metaspace: 42995K(43392K)->42995K(43392K) NonClass: 38653K(38912K)->38653K(38912K) Class: 4342K(4480K)->4342K(4480K)
[446.128s][info][gc             ] GC(450) Pause Young (Allocation Failure) 390M->177M(502M) 28.950ms
[446.128s][info][gc,cpu         ] GC(450) User=0.05s Sys=0.00s Real=0.03s
[447.398s][info][gc,start       ] GC(451) Pause Young (Allocation Failure)
[447.440s][info][gc,heap        ] GC(451) PSYoungGen: 262242K(282624K)->28702K(287232K) Eden: 239616K(239616K)->0K(244736K) From: 22626K(43008K)->28702K(42496K)
[447.440s][info][gc,heap        ] GC(451) ParOldGen: 159572K(231424K)->182185K(231424K)
[447.440s][info][gc,metaspace   ] GC(451) Metaspace: 42996K(43392K)->42996K(43392K) NonClass: 38653K(38912K)->38653K(38912K) Class: 4342K(4480K)->4342K(4480K)
[447.440s][info][gc             ] GC(451) Pause Young (Allocation Failure) 411M->205M(506M) 41.959ms
[447.440s][info][gc,cpu         ] GC(451) User=0.09s Sys=0.00s Real=0.04s
[448.431s][info][gc,start       ] GC(452) Pause Young (Allocation Failure)
[448.456s][info][gc,heap        ] GC(452) PSYoungGen: 273438K(287232K)->12017K(289280K) Eden: 244736K(244736K)->0K(244736K) From: 28702K(42496K)->12017K(44544K)
[448.456s][info][gc,heap        ] GC(452) ParOldGen: 182185K(231424K)->203612K(231424K)
[448.456s][info][gc,metaspace   ] GC(452) Metaspace: 42997K(43392K)->42997K(43392K) NonClass: 38655K(38912K)->38655K(38912K) Class: 4342K(4480K)->4342K(4480K)
[448.456s][info][gc             ] GC(452) Pause Young (Allocation Failure) 444M->210M(508M) 25.145ms
[448.456s][info][gc,cpu         ] GC(452) User=0.05s Sys=0.00s Real=0.02s
[449.405s][info][gc,start       ] GC(453) Pause Young (Allocation Failure)
[449.423s][info][gc,heap        ] GC(453) PSYoungGen: 256753K(289280K)->20364K(285696K) Eden: 244736K(244736K)->0K(246272K) From: 12017K(44544K)->20364K(39424K)
[449.423s][info][gc,heap        ] GC(453) ParOldGen: 203612K(231424K)->204476K(231424K)
[449.423s][info][gc,metaspace   ] GC(453) Metaspace: 42997K(43392K)->42997K(43392K) NonClass: 38655K(38912K)->38655K(38912K) Class: 4342K(4480K)->4342K(4480K)
[449.423s][info][gc             ] GC(453) Pause Young (Allocation Failure) 449M->219M(505M) 17.979ms
[449.423s][info][gc,cpu         ] GC(453) User=0.04s Sys=0.00s Real=0.02s
[450.405s][info][gc,start       ] GC(454) Pause Young (Allocation Failure)
[450.410s][info][gc,heap        ] GC(454) PSYoungGen: 266636K(285696K)->4834K(287744K) Eden: 246272K(246272K)->0K(246272K) From: 20364K(39424K)->4834K(41472K)
[450.411s][info][gc,heap        ] GC(454) ParOldGen: 204476K(231424K)->205668K(231424K)
[450.411s][info][gc,metaspace   ] GC(454) Metaspace: 42997K(43392K)->42997K(43392K) NonClass: 38655K(38912K)->38655K(38912K) Class: 4342K(4480K)->4342K(4480K)
[450.411s][info][gc             ] GC(454) Pause Young (Allocation Failure) 460M->205M(507M) 5.536ms
[450.411s][info][gc,cpu         ] GC(454) User=0.01s Sys=0.00s Real=0.01s
[451.243s][info][gc,start       ] GC(455) Pause Young (Allocation Failure)
[451.249s][info][gc,heap        ] GC(455) PSYoungGen: 251106K(287744K)->4888K(291328K) Eden: 246272K(246272K)->0K(250880K) From: 4834K(41472K)->4888K(40448K)
[451.249s][info][gc,heap        ] GC(455) ParOldGen: 205668K(231424K)->206916K(231424K)
[451.249s][info][gc,metaspace   ] GC(455) Metaspace: 42997K(43392K)->42997K(43392K) NonClass: 38655K(38912K)->38655K(38912K) Class: 4342K(4480K)->4342K(4480K)
[451.249s][info][gc             ] GC(455) Pause Young (Allocation Failure) 446M->206M(510M) 5.750ms
[451.249s][info][gc,cpu         ] GC(455) User=0.01s Sys=0.00s Real=0.01s
[452.207s][info][gc,start       ] GC(456) Pause Young (Allocation Failure)
[452.231s][info][gc,heap        ] GC(456) PSYoungGen: 255768K(291328K)->26244K(277504K) Eden: 250880K(250880K)->0K(250880K) From: 4888K(40448K)->26244K(26624K)
[452.231s][info][gc,heap        ] GC(456) ParOldGen: 206916K(231424K)->208036K(231424K)
[452.231s][info][gc,metaspace   ] GC(456) Metaspace: 42998K(43392K)->42998K(43392K) NonClass: 38656K(38912K)->38656K(38912K) Class: 4342K(4480K)->4342K(4480K)
[452.231s][info][gc             ] GC(456) Pause Young (Allocation Failure) 451M->228M(497M) 23.200ms
[452.231s][info][gc,cpu         ] GC(456) User=0.04s Sys=0.00s Real=0.02s
[453.243s][info][gc,start       ] GC(457) Pause Young (Allocation Failure)
[453.253s][info][gc,heap        ] GC(457) PSYoungGen: 277124K(277504K)->10967K(293376K) Eden: 250880K(250880K)->0K(250880K) From: 26244K(26624K)->10967K(42496K)
[453.253s][info][gc,heap        ] GC(457) ParOldGen: 208036K(231424K)->208804K(231424K)
[453.253s][info][gc,metaspace   ] GC(457) Metaspace: 42998K(43392K)->42998K(43392K) NonClass: 38656K(38912K)->38656K(38912K) Class: 4342K(4480K)->4342K(4480K)
[453.253s][info][gc             ] GC(457) Pause Young (Allocation Failure) 473M->214M(512M) 9.707ms
[453.253s][info][gc,cpu         ] GC(457) User=0.02s Sys=0.00s Real=0.01s
[454.125s][info][gc,start       ] GC(458) Pause Young (Allocation Failure)
[454.133s][info][gc,heap        ] GC(458) PSYoungGen: 261847K(293376K)->8708K(260096K) Eden: 250880K(250880K)->0K(250880K) From: 10967K(42496K)->8708K(9216K)
[454.133s][info][gc,heap        ] GC(458) ParOldGen: 208804K(231424K)->209964K(231424K)
[454.133s][info][gc,metaspace   ] GC(458) Metaspace: 43000K(43392K)->43000K(43392K) NonClass: 38658K(38912K)->38658K(38912K) Class: 4342K(4480K)->4342K(4480K)
[454.133s][info][gc             ] GC(458) Pause Young (Allocation Failure) 459M->213M(480M) 8.266ms
[454.133s][info][gc,cpu         ] GC(458) User=0.02s Sys=0.00s Real=0.01s
[455.038s][info][gc,start       ] GC(459) Pause Young (Allocation Failure)
[455.046s][info][gc,heap        ] GC(459) PSYoungGen: 259588K(260096K)->8430K(291840K) Eden: 250880K(250880K)->0K(252416K) From: 8708K(9216K)->8430K(39424K)
[455.046s][info][gc,heap        ] GC(459) ParOldGen: 209964K(231424K)->210877K(231424K)
[455.046s][info][gc,metaspace   ] GC(459) Metaspace: 43002K(43392K)->43002K(43392K) NonClass: 38659K(38912K)->38659K(38912K) Class: 4342K(4480K)->4342K(4480K)
[455.046s][info][gc             ] GC(459) Pause Young (Allocation Failure) 458M->214M(511M) 8.308ms
[455.046s][info][gc,cpu         ] GC(459) User=0.02s Sys=0.00s Real=0.01s
[455.992s][info][gc,start       ] GC(460) Pause Young (Allocation Failure)
[456.000s][info][gc,heap        ] GC(460) PSYoungGen: 260846K(291840K)->7902K(290304K) Eden: 252416K(252416K)->0K(252416K) From: 8430K(39424K)->7902K(37888K)
[456.000s][info][gc,heap        ] GC(460) ParOldGen: 210877K(231424K)->211965K(231424K)
[456.000s][info][gc,metaspace   ] GC(460) Metaspace: 43002K(43392K)->43002K(43392K) NonClass: 38659K(38912K)->38659K(38912K) Class: 4342K(4480K)->4342K(4480K)
[456.000s][info][gc             ] GC(460) Pause Young (Allocation Failure) 460M->214M(509M) 8.369ms
[456.000s][info][gc,cpu         ] GC(460) User=0.01s Sys=0.00s Real=0.01s
[456.879s][info][gc,start       ] GC(461) Pause Young (Allocation Failure)
[456.925s][info][gc,heap        ] GC(461) PSYoungGen: 260318K(290304K)->36840K(280576K) Eden: 252416K(252416K)->0K(243712K) From: 7902K(37888K)->36840K(36864K)
[456.925s][info][gc,heap        ] GC(461) ParOldGen: 211965K(231424K)->217133K(231424K)
[456.925s][info][gc,metaspace   ] GC(461) Metaspace: 43002K(43392K)->43002K(43392K) NonClass: 38659K(38912K)->38659K(38912K) Class: 4342K(4480K)->4342K(4480K)
[456.925s][info][gc             ] GC(461) Pause Young (Allocation Failure) 461M->248M(500M) 45.953ms
[456.925s][info][gc,cpu         ] GC(461) User=0.08s Sys=0.00s Real=0.04s
[458.200s][info][gc,start       ] GC(462) Pause Young (Allocation Failure)
[458.239s][info][gc,heap        ] GC(462) PSYoungGen: 280552K(280576K)->15550K(288768K) Eden: 243712K(243712K)->0K(243712K) From: 36840K(36864K)->15550K(45056K)
[458.239s][info][gc,heap        ] GC(462) ParOldGen: 217133K(231424K)->235708K(236032K)
[458.239s][info][gc,metaspace   ] GC(462) Metaspace: 43004K(43392K)->43004K(43392K) NonClass: 38662K(38912K)->38662K(38912K) Class: 4342K(4480K)->4342K(4480K)
[458.239s][info][gc             ] GC(462) Pause Young (Allocation Failure) 486M->245M(512M) 38.707ms
[458.239s][info][gc,cpu         ] GC(462) User=0.07s Sys=0.01s Real=0.04s
[459.184s][info][gc,start       ] GC(463) Pause Young (Allocation Failure)
[459.209s][info][gc,heap        ] GC(463) PSYoungGen: 259262K(288768K)->5086K(285184K) Eden: 243712K(243712K)->0K(246272K) From: 15550K(45056K)->5086K(38912K)
[459.209s][info][gc,heap        ] GC(463) ParOldGen: 235708K(236032K)->251201K(251392K)
[459.209s][info][gc,metaspace   ] GC(463) Metaspace: 43004K(43392K)->43004K(43392K) NonClass: 38662K(38912K)->38662K(38912K) Class: 4342K(4480K)->4342K(4480K)
[459.209s][info][gc             ] GC(463) Pause Young (Allocation Failure) 483M->250M(524M) 25.470ms
[459.209s][info][gc,cpu         ] GC(463) User=0.04s Sys=0.01s Real=0.03s
[460.017s][info][gc,start       ] GC(464) Pause Young (Allocation Failure)
[460.030s][info][gc,heap        ] GC(464) PSYoungGen: 251358K(285184K)->13569K(288256K) Eden: 246272K(246272K)->0K(246272K) From: 5086K(38912K)->13569K(41984K)
[460.030s][info][gc,heap        ] GC(464) ParOldGen: 251201K(251392K)->252736K(252928K)
[460.030s][info][gc,metaspace   ] GC(464) Metaspace: 43004K(43392K)->43004K(43392K) NonClass: 38662K(38912K)->38662K(38912K) Class: 4342K(4480K)->4342K(4480K)
[460.030s][info][gc             ] GC(464) Pause Young (Allocation Failure) 490M->260M(528M) 13.039ms
[460.030s][info][gc,cpu         ] GC(464) User=0.02s Sys=0.00s Real=0.01s
[460.839s][info][gc,start       ] GC(465) Pause Young (Allocation Failure)
[460.852s][info][gc,heap        ] GC(465) PSYoungGen: 259841K(288256K)->2893K(290304K) Eden: 246272K(246272K)->0K(252416K) From: 13569K(41984K)->2893K(37888K)
[460.852s][info][gc,heap        ] GC(465) ParOldGen: 252736K(252928K)->262315K(262656K)
[460.852s][info][gc,metaspace   ] GC(465) Metaspace: 43004K(43392K)->43004K(43392K) NonClass: 38662K(38912K)->38662K(38912K) Class: 4342K(4480K)->4342K(4480K)
[460.852s][info][gc             ] GC(465) Pause Young (Allocation Failure) 500M->258M(540M) 13.311ms
[460.852s][info][gc,cpu         ] GC(465) User=0.02s Sys=0.00s Real=0.01s
[461.721s][info][gc,start       ] GC(466) Pause Young (Allocation Failure)
[461.745s][info][gc,heap        ] GC(466) PSYoungGen: 255309K(290304K)->38909K(291328K) Eden: 252416K(252416K)->0K(252416K) From: 2893K(37888K)->38909K(38912K)
[461.745s][info][gc,heap        ] GC(466) ParOldGen: 262315K(262656K)->263204K(263680K)
[461.745s][info][gc,metaspace   ] GC(466) Metaspace: 43005K(43392K)->43005K(43392K) NonClass: 38663K(38912K)->38663K(38912K) Class: 4342K(4480K)->4342K(4480K)
[461.745s][info][gc             ] GC(466) Pause Young (Allocation Failure) 505M->295M(542M) 24.174ms
[461.745s][info][gc,cpu         ] GC(466) User=0.05s Sys=0.00s Real=0.02s
[462.616s][info][gc,start       ] GC(467) Pause Young (Allocation Failure)
[462.698s][info][gc,heap        ] GC(467) PSYoungGen: 291325K(291328K)->42484K(229888K) Eden: 252416K(252416K)->0K(187392K) From: 38909K(38912K)->42484K(42496K)
[462.698s][info][gc,heap        ] GC(467) ParOldGen: 263204K(263680K)->318169K(318464K)
[462.698s][info][gc,metaspace   ] GC(467) Metaspace: 43005K(43392K)->43005K(43392K) NonClass: 38663K(38912K)->38663K(38912K) Class: 4342K(4480K)->4342K(4480K)
[462.698s][info][gc             ] GC(467) Pause Young (Allocation Failure) 541M->352M(535M) 81.618ms
[462.698s][info][gc,cpu         ] GC(467) User=0.13s Sys=0.04s Real=0.08s
[463.392s][info][gc,start       ] GC(468) Pause Young (Allocation Failure)
[463.493s][info][gc,heap        ] GC(468) PSYoungGen: 229876K(229888K)->73206K(260608K) Eden: 187392K(187392K)->0K(187392K) From: 42484K(42496K)->73206K(73216K)
[463.493s][info][gc,heap        ] GC(468) ParOldGen: 318169K(318464K)->368929K(369152K)
[463.493s][info][gc,metaspace   ] GC(468) Metaspace: 43005K(43392K)->43005K(43392K) NonClass: 38663K(38912K)->38663K(38912K) Class: 4342K(4480K)->4342K(4480K)
[463.493s][info][gc             ] GC(468) Pause Young (Allocation Failure) 535M->431M(615M) 101.450ms
[463.493s][info][gc,cpu         ] GC(468) User=0.17s Sys=0.03s Real=0.10s
[464.169s][info][gc,start       ] GC(469) Pause Young (Allocation Failure)
[464.307s][info][gc,heap        ] GC(469) PSYoungGen: 260598K(260608K)->73205K(184832K) Eden: 187392K(187392K)->0K(111616K) From: 73206K(73216K)->73205K(73216K)
[464.307s][info][gc,heap        ] GC(469) ParOldGen: 368929K(369152K)->457435K(457728K)
[464.307s][info][gc,metaspace   ] GC(469) Metaspace: 43005K(43392K)->43005K(43392K) NonClass: 38663K(38912K)->38663K(38912K) Class: 4342K(4480K)->4342K(4480K)
[464.307s][info][gc             ] GC(469) Pause Young (Allocation Failure) 614M->518M(627M) 138.651ms
[464.307s][info][gc,cpu         ] GC(469) User=0.21s Sys=0.06s Real=0.14s
[464.703s][info][gc,start       ] GC(470) Pause Young (Allocation Failure)
[464.803s][info][gc,heap        ] GC(470) PSYoungGen: 184821K(184832K)->29819K(222720K) Eden: 111616K(111616K)->0K(111616K) From: 73205K(73216K)->29819K(111104K)
[464.803s][info][gc,heap        ] GC(470) ParOldGen: 457435K(457728K)->529848K(529920K)
[464.803s][info][gc,metaspace   ] GC(470) Metaspace: 43005K(43392K)->43005K(43392K) NonClass: 38663K(38912K)->38663K(38912K) Class: 4342K(4480K)->4342K(4480K)
[464.803s][info][gc             ] GC(470) Pause Young (Allocation Failure) 627M->546M(735M) 100.127ms
[464.803s][info][gc,cpu         ] GC(470) User=0.14s Sys=0.05s Real=0.10s
[465.186s][info][gc,start       ] GC(471) Pause Young (Allocation Failure)
[465.209s][info][gc,heap        ] GC(471) PSYoungGen: 141435K(222720K)->3795K(222720K) Eden: 111616K(111616K)->0K(111616K) From: 29819K(111104K)->3795K(111104K)
[465.209s][info][gc,heap        ] GC(471) ParOldGen: 529848K(529920K)->546851K(547328K)
[465.209s][info][gc,metaspace   ] GC(471) Metaspace: 43005K(43392K)->43005K(43392K) NonClass: 38663K(38912K)->38663K(38912K) Class: 4342K(4480K)->4342K(4480K)
[465.209s][info][gc             ] GC(471) Pause Young (Allocation Failure) 655M->537M(752M) 22.518ms
[465.209s][info][gc,cpu         ] GC(471) User=0.03s Sys=0.02s Real=0.02s
[465.623s][info][gc,start       ] GC(472) Pause Young (Allocation Failure)
[465.629s][info][gc,heap        ] GC(472) PSYoungGen: 115411K(222720K)->6473K(222720K) Eden: 111616K(111616K)->0K(111616K) From: 3795K(111104K)->6473K(111104K)
[465.629s][info][gc,heap        ] GC(472) ParOldGen: 546851K(547328K)->547520K(547840K)
[465.629s][info][gc,metaspace   ] GC(472) Metaspace: 43005K(43392K)->43005K(43392K) NonClass: 38663K(38912K)->38663K(38912K) Class: 4342K(4480K)->4342K(4480K)
[465.629s][info][gc             ] GC(472) Pause Young (Allocation Failure) 646M->541M(752M) 6.288ms
[465.629s][info][gc,cpu         ] GC(472) User=0.01s Sys=0.00s Real=0.01s
[466.025s][info][gc,start       ] GC(473) Pause Young (Allocation Failure)
[466.046s][info][gc,heap        ] GC(473) PSYoungGen: 118089K(222720K)->32845K(222720K) Eden: 111616K(111616K)->0K(111616K) From: 6473K(111104K)->32845K(111104K)
[466.046s][info][gc,heap        ] GC(473) ParOldGen: 547520K(547840K)->547803K(547840K)
[466.046s][info][gc,metaspace   ] GC(473) Metaspace: 43005K(43392K)->43005K(43392K) NonClass: 38663K(38912K)->38663K(38912K) Class: 4342K(4480K)->4342K(4480K)
[466.046s][info][gc             ] GC(473) Pause Young (Allocation Failure) 650M->567M(752M) 21.191ms
[466.046s][info][gc,cpu         ] GC(473) User=0.04s Sys=0.00s Real=0.03s
[466.434s][info][gc,start       ] GC(474) Pause Young (Allocation Failure)
[466.442s][info][gc,heap        ] GC(474) PSYoungGen: 144461K(222720K)->10914K(222720K) Eden: 111616K(111616K)->0K(111616K) From: 32845K(111104K)->10914K(111104K)
[466.442s][info][gc,heap        ] GC(474) ParOldGen: 547803K(547840K)->548388K(548864K)
[466.442s][info][gc,metaspace   ] GC(474) Metaspace: 43005K(43392K)->43005K(43392K) NonClass: 38663K(38912K)->38663K(38912K) Class: 4342K(4480K)->4342K(4480K)
[466.442s][info][gc             ] GC(474) Pause Young (Allocation Failure) 676M->546M(753M) 8.597ms
[466.442s][info][gc,cpu         ] GC(474) User=0.01s Sys=0.00s Real=0.01s
[466.801s][info][gc,start       ] GC(475) Pause Young (Allocation Failure)
[466.807s][info][gc,heap        ] GC(475) PSYoungGen: 122530K(222720K)->5382K(222720K) Eden: 111616K(111616K)->0K(111616K) From: 10914K(111104K)->5382K(111104K)
[466.807s][info][gc,heap        ] GC(475) ParOldGen: 548388K(548864K)->549000K(549376K)
[466.807s][info][gc,metaspace   ] GC(475) Metaspace: 43005K(43392K)->43005K(43392K) NonClass: 38663K(38912K)->38663K(38912K) Class: 4342K(4480K)->4342K(4480K)
[466.807s][info][gc             ] GC(475) Pause Young (Allocation Failure) 655M->541M(754M) 6.227ms
[466.807s][info][gc,cpu         ] GC(475) User=0.01s Sys=0.00s Real=0.01s
[467.197s][info][gc,start       ] GC(476) Pause Young (Allocation Failure)
[467.201s][info][gc,heap        ] GC(476) PSYoungGen: 116998K(222720K)->1088K(222720K) Eden: 111616K(111616K)->0K(111616K) From: 5382K(111104K)->1088K(111104K)
[467.201s][info][gc,heap        ] GC(476) ParOldGen: 549000K(549376K)->549299K(549376K)
[467.201s][info][gc,metaspace   ] GC(476) Metaspace: 43005K(43392K)->43005K(43392K) NonClass: 38663K(38912K)->38663K(38912K) Class: 4342K(4480K)->4342K(4480K)
[467.201s][info][gc             ] GC(476) Pause Young (Allocation Failure) 650M->537M(754M) 3.435ms
[467.201s][info][gc,cpu         ] GC(476) User=0.01s Sys=0.00s Real=0.00s
[467.579s][info][gc,start       ] GC(477) Pause Young (Allocation Failure)
[467.603s][info][gc,heap        ] GC(477) PSYoungGen: 112704K(222720K)->35558K(215552K) Eden: 111616K(111616K)->0K(111616K) From: 1088K(111104K)->35558K(103936K)
[467.603s][info][gc,heap        ] GC(477) ParOldGen: 549299K(549376K)->549559K(549888K)
[467.603s][info][gc,metaspace   ] GC(477) Metaspace: 43005K(43392K)->43005K(43392K) NonClass: 38663K(38912K)->38663K(38912K) Class: 4342K(4480K)->4342K(4480K)
[467.603s][info][gc             ] GC(477) Pause Young (Allocation Failure) 646M->571M(747M) 24.225ms
[467.603s][info][gc,cpu         ] GC(477) User=0.05s Sys=0.00s Real=0.02s
[467.982s][info][gc,start       ] GC(478) Pause Young (Allocation Failure)
[468.000s][info][gc,heap        ] GC(478) PSYoungGen: 147174K(215552K)->26304K(219136K) Eden: 111616K(111616K)->0K(111616K) From: 35558K(103936K)->26304K(107520K)
[468.000s][info][gc,heap        ] GC(478) ParOldGen: 549559K(549888K)->550209K(550400K)
[468.000s][info][gc,metaspace   ] GC(478) Metaspace: 43005K(43392K)->43005K(43392K) NonClass: 38663K(38912K)->38663K(38912K) Class: 4342K(4480K)->4342K(4480K)
[468.000s][info][gc             ] GC(478) Pause Young (Allocation Failure) 680M->563M(751M) 17.562ms
[468.000s][info][gc,cpu         ] GC(478) User=0.03s Sys=0.00s Real=0.02s
[468.354s][info][gc,start       ] GC(479) Pause Young (Allocation Failure)
[468.391s][info][gc,heap        ] GC(479) PSYoungGen: 137920K(219136K)->24030K(218112K) Eden: 111616K(111616K)->0K(126464K) From: 26304K(107520K)->24030K(91648K)
[468.391s][info][gc,heap        ] GC(479) ParOldGen: 550209K(550400K)->572921K(572928K)
[468.391s][info][gc,metaspace   ] GC(479) Metaspace: 43005K(43392K)->43005K(43392K) NonClass: 38663K(38912K)->38663K(38912K) Class: 4342K(4480K)->4342K(4480K)
[468.391s][info][gc             ] GC(479) Pause Young (Allocation Failure) 672M->582M(772M) 37.432ms
[468.392s][info][gc,cpu         ] GC(479) User=0.06s Sys=0.02s Real=0.04s
[468.765s][info][gc,start       ] GC(480) Pause Young (Allocation Failure)
[468.790s][info][gc,heap        ] GC(480) PSYoungGen: 150494K(218112K)->782K(220160K) Eden: 126464K(126464K)->0K(126464K) From: 24030K(91648K)->782K(93696K)
[468.790s][info][gc,heap        ] GC(480) ParOldGen: 572921K(572928K)->595420K(595456K)
[468.790s][info][gc,metaspace   ] GC(480) Metaspace: 43005K(43392K)->43005K(43392K) NonClass: 38663K(38912K)->38663K(38912K) Class: 4342K(4480K)->4342K(4480K)
[468.790s][info][gc             ] GC(480) Pause Young (Allocation Failure) 706M->582M(796M) 25.067ms
[468.790s][info][gc,cpu         ] GC(480) User=0.03s Sys=0.02s Real=0.03s
[469.184s][info][gc,start       ] GC(481) Pause Young (Allocation Failure)
[469.187s][info][gc,heap        ] GC(481) PSYoungGen: 127246K(220160K)->874K(234496K) Eden: 126464K(126464K)->0K(147968K) From: 782K(93696K)->874K(86528K)
[469.187s][info][gc,heap        ] GC(481) ParOldGen: 595420K(595456K)->595459K(595968K)
[469.187s][info][gc,metaspace   ] GC(481) Metaspace: 43005K(43392K)->43005K(43392K) NonClass: 38663K(38912K)->38663K(38912K) Class: 4342K(4480K)->4342K(4480K)
[469.187s][info][gc             ] GC(481) Pause Young (Allocation Failure) 705M->582M(811M) 3.254ms
[469.187s][info][gc,cpu         ] GC(481) User=0.01s Sys=0.00s Real=0.01s
[469.619s][info][gc,start       ] GC(482) Pause Young (Allocation Failure)
[469.623s][info][gc,heap        ] GC(482) PSYoungGen: 148842K(234496K)->1779K(237568K) Eden: 147968K(147968K)->0K(147968K) From: 874K(86528K)->1779K(89600K)
[469.623s][info][gc,heap        ] GC(482) ParOldGen: 595459K(595968K)->595804K(595968K)
[469.623s][info][gc,metaspace   ] GC(482) Metaspace: 43005K(43392K)->43005K(43392K) NonClass: 38663K(38912K)->38663K(38912K) Class: 4342K(4480K)->4342K(4480K)
[469.623s][info][gc             ] GC(482) Pause Young (Allocation Failure) 726M->583M(814M) 4.122ms
[469.623s][info][gc,cpu         ] GC(482) User=0.00s Sys=0.00s Real=0.00s
[470.007s][info][gc,start       ] GC(483) Pause Young (Allocation Failure)
[470.012s][info][gc,heap        ] GC(483) PSYoungGen: 149747K(237568K)->3164K(238080K) Eden: 147968K(147968K)->0K(157696K) From: 1779K(89600K)->3164K(80384K)
[470.012s][info][gc,heap        ] GC(483) ParOldGen: 595804K(595968K)->596172K(596480K)
[470.012s][info][gc,metaspace   ] GC(483) Metaspace: 43005K(43392K)->43005K(43392K) NonClass: 38663K(38912K)->38663K(38912K) Class: 4342K(4480K)->4342K(4480K)
[470.012s][info][gc             ] GC(483) Pause Young (Allocation Failure) 728M->585M(815M) 5.277ms
[470.012s][info][gc,cpu         ] GC(483) User=0.01s Sys=0.00s Real=0.00s
[470.298s][info][gc,start       ] GC(484) Pause Young (Allocation Failure)
[470.304s][info][gc,heap        ] GC(484) PSYoungGen: 160860K(238080K)->1742K(241152K) Eden: 157696K(157696K)->0K(157696K) From: 3164K(80384K)->1742K(83456K)
[470.304s][info][gc,heap        ] GC(484) ParOldGen: 596172K(596480K)->597907K(598016K)
[470.304s][info][gc,metaspace   ] GC(484) Metaspace: 43005K(43392K)->43005K(43392K) NonClass: 38663K(38912K)->38663K(38912K) Class: 4342K(4480K)->4342K(4480K)
[470.305s][info][gc             ] GC(484) Pause Young (Allocation Failure) 739M->585M(819M) 6.454ms
[470.305s][info][gc,cpu         ] GC(484) User=0.00s Sys=0.01s Real=0.00s
[470.591s][info][gc,start       ] GC(485) Pause Young (Allocation Failure)
[470.594s][info][gc,heap        ] GC(485) PSYoungGen: 159438K(241152K)->1998K(243712K) Eden: 157696K(157696K)->0K(170496K) From: 1742K(83456K)->1998K(73216K)
[470.594s][info][gc,heap        ] GC(485) ParOldGen: 597907K(598016K)->597971K(598016K)
[470.594s][info][gc,metaspace   ] GC(485) Metaspace: 43005K(43392K)->43005K(43392K) NonClass: 38663K(38912K)->38663K(38912K) Class: 4342K(4480K)->4342K(4480K)
[470.594s][info][gc             ] GC(485) Pause Young (Allocation Failure) 739M->585M(822M) 3.769ms
[470.594s][info][gc,cpu         ] GC(485) User=0.00s Sys=0.00s Real=0.00s
[470.912s][info][gc,start       ] GC(486) Pause Young (Allocation Failure)
[470.921s][info][gc,heap        ] GC(486) PSYoungGen: 172494K(243712K)->10167K(246784K) Eden: 170496K(170496K)->0K(170496K) From: 1998K(73216K)->10167K(76288K)
[470.921s][info][gc,heap        ] GC(486) ParOldGen: 597971K(598016K)->598215K(598528K)
[470.921s][info][gc,metaspace   ] GC(486) Metaspace: 43005K(43392K)->43005K(43392K) NonClass: 38663K(38912K)->38663K(38912K) Class: 4342K(4480K)->4342K(4480K)
[470.921s][info][gc             ] GC(486) Pause Young (Allocation Failure) 752M->594M(825M) 9.046ms
[470.921s][info][gc,cpu         ] GC(486) User=0.02s Sys=0.00s Real=0.01s
[471.153s][info][gc,start       ] GC(487) Pause Young (Allocation Failure)
[471.166s][info][gc,heap        ] GC(487) PSYoungGen: 180663K(246784K)->1564K(253440K) Eden: 170496K(170496K)->0K(186368K) From: 10167K(76288K)->1564K(67072K)
[471.166s][info][gc,heap        ] GC(487) ParOldGen: 598215K(598528K)->608153K(608256K)
[471.166s][info][gc,metaspace   ] GC(487) Metaspace: 43008K(43392K)->43008K(43392K) NonClass: 38666K(38912K)->38666K(38912K) Class: 4342K(4480K)->4342K(4480K)
[471.167s][info][gc             ] GC(487) Pause Young (Allocation Failure) 760M->595M(841M) 13.412ms
[471.167s][info][gc,cpu         ] GC(487) User=0.02s Sys=0.01s Real=0.02s
[471.409s][info][gc,start       ] GC(488) Pause Young (Allocation Failure)
[471.416s][info][gc,heap        ] GC(488) PSYoungGen: 187291K(253440K)->1352K(254464K) Eden: 185726K(186368K)->0K(186368K) From: 1564K(67072K)->1352K(68096K)
[471.416s][info][gc,heap        ] GC(488) ParOldGen: 608153K(608256K)->609705K(609792K)
[471.416s][info][gc,metaspace   ] GC(488) Metaspace: 43008K(43392K)->43008K(43392K) NonClass: 38666K(38912K)->38666K(38912K) Class: 4342K(4480K)->4342K(4480K)
[471.416s][info][gc             ] GC(488) Pause Young (Allocation Failure) 776M->596M(844M) 6.758ms
[471.416s][info][gc,cpu         ] GC(488) User=0.01s Sys=0.00s Real=0.01s
[471.671s][info][gc,start       ] GC(489) Pause Young (Allocation Failure)
[471.678s][info][gc,heap        ] GC(489) PSYoungGen: 186239K(254464K)->3480K(260608K) Eden: 184886K(186368K)->0K(200704K) From: 1352K(68096K)->3480K(59904K)
[471.678s][info][gc,heap        ] GC(489) ParOldGen: 609705K(609792K)->610981K(611328K)
[471.678s][info][gc,metaspace   ] GC(489) Metaspace: 43008K(43392K)->43008K(43392K) NonClass: 38666K(38912K)->38666K(38912K) Class: 4342K(4480K)->4342K(4480K)
[471.678s][info][gc             ] GC(489) Pause Young (Allocation Failure) 777M->600M(851M) 7.350ms
[471.678s][info][gc,cpu         ] GC(489) User=0.01s Sys=0.00s Real=0.01s
[471.955s][info][gc,start       ] GC(490) Pause Young (Allocation Failure)
[471.965s][info][gc,heap        ] GC(490) PSYoungGen: 204039K(260608K)->3941K(262144K) Eden: 200559K(200704K)->0K(200704K) From: 3480K(59904K)->3941K(61440K)
[471.966s][info][gc,heap        ] GC(490) ParOldGen: 610981K(611328K)->614425K(614912K)
[471.966s][info][gc,metaspace   ] GC(490) Metaspace: 43008K(43392K)->43008K(43392K) NonClass: 38666K(38912K)->38666K(38912K) Class: 4342K(4480K)->4342K(4480K)
[471.966s][info][gc             ] GC(490) Pause Young (Allocation Failure) 795M->603M(856M) 10.826ms
[471.966s][info][gc,cpu         ] GC(490) User=0.02s Sys=0.00s Real=0.01s
[472.245s][info][gc,start       ] GC(491) Pause Young (Allocation Failure)
[472.257s][info][gc,heap        ] GC(491) PSYoungGen: 203462K(262144K)->4527K(267264K) Eden: 199521K(200704K)->0K(214528K) From: 3941K(61440K)->4527K(52736K)
[472.257s][info][gc,heap        ] GC(491) ParOldGen: 614425K(614912K)->618430K(618496K)
[472.257s][info][gc,metaspace   ] GC(491) Metaspace: 43008K(43392K)->43008K(43392K) NonClass: 38666K(38912K)->38666K(38912K) Class: 4342K(4480K)->4342K(4480K)
[472.258s][info][gc             ] GC(491) Pause Young (Allocation Failure) 798M->608M(865M) 12.367ms
[472.258s][info][gc,cpu         ] GC(491) User=0.02s Sys=0.01s Real=0.02s
[472.582s][info][gc,start       ] GC(492) Pause Young (Allocation Failure)
[472.599s][info][gc,heap        ] GC(492) PSYoungGen: 218511K(267264K)->8009K(268800K) Eden: 213983K(214528K)->0K(214528K) From: 4527K(52736K)->8009K(54272K)
[472.599s][info][gc,heap        ] GC(492) ParOldGen: 618430K(618496K)->622975K(623104K)
[472.599s][info][gc,metaspace   ] GC(492) Metaspace: 43010K(43392K)->43010K(43392K) NonClass: 38668K(38912K)->38668K(38912K) Class: 4342K(4480K)->4342K(4480K)
[472.599s][info][gc             ] GC(492) Pause Young (Allocation Failure) 817M->616M(871M) 16.918ms
[472.599s][info][gc,cpu         ] GC(492) User=0.03s Sys=0.00s Real=0.02s
[472.899s][info][gc,start       ] GC(493) Pause Young (Allocation Failure)
[472.918s][info][gc,heap        ] GC(493) PSYoungGen: 222537K(268800K)->7499K(274944K) Eden: 214528K(214528K)->0K(229376K) From: 8009K(54272K)->7499K(45568K)
[472.918s][info][gc,heap        ] GC(493) ParOldGen: 622975K(623104K)->631109K(631296K)
[472.918s][info][gc,metaspace   ] GC(493) Metaspace: 43011K(43392K)->43011K(43392K) NonClass: 38669K(38912K)->38669K(38912K) Class: 4342K(4480K)->4342K(4480K)
[472.918s][info][gc             ] GC(493) Pause Young (Allocation Failure) 825M->623M(885M) 18.861ms
[472.918s][info][gc,cpu         ] GC(493) User=0.03s Sys=0.00s Real=0.02s
[473.502s][info][gc,start       ] GC(494) Pause Young (Allocation Failure)
[473.518s][info][gc,heap        ] GC(494) PSYoungGen: 236875K(274944K)->9752K(275968K) Eden: 229376K(229376K)->0K(229376K) From: 7499K(45568K)->9752K(46592K)
[473.519s][info][gc,heap        ] GC(494) ParOldGen: 631109K(631296K)->636551K(636928K)
[473.519s][info][gc,metaspace   ] GC(494) Metaspace: 43012K(43392K)->43012K(43392K) NonClass: 38669K(38912K)->38669K(38912K) Class: 4342K(4480K)->4342K(4480K)
[473.519s][info][gc             ] GC(494) Pause Young (Allocation Failure) 847M->631M(891M) 16.669ms
[473.519s][info][gc,cpu         ] GC(494) User=0.03s Sys=0.01s Real=0.02s
[474.079s][info][gc,start       ] GC(495) Pause Young (Allocation Failure)
[474.092s][info][gc,heap        ] GC(495) PSYoungGen: 239030K(275968K)->2060K(285184K) Eden: 229278K(229376K)->0K(243712K) From: 9752K(46592K)->2060K(41472K)
[474.092s][info][gc,heap        ] GC(495) ParOldGen: 636551K(636928K)->644832K(645120K)
[474.092s][info][gc,metaspace   ] GC(495) Metaspace: 43026K(43392K)->43026K(43392K) NonClass: 38684K(38912K)->38684K(38912K) Class: 4342K(4480K)->4342K(4480K)
[474.092s][info][gc             ] GC(495) Pause Young (Allocation Failure) 855M->631M(908M) 13.391ms
[474.092s][info][gc,cpu         ] GC(495) User=0.02s Sys=0.01s Real=0.01s
[474.719s][info][gc,start       ] GC(496) Pause Full (Allocation Failure)
[474.719s][info][gc,phases,start] GC(496) Marking Phase
[474.779s][info][gc,phases      ] GC(496) Marking Phase 60.138ms
[474.779s][info][gc,phases,start] GC(496) Summary Phase
[474.779s][info][gc,phases      ] GC(496) Summary Phase 0.028ms
[474.779s][info][gc,phases,start] GC(496) Forward
[474.790s][info][gc,phases      ] GC(496) Forward 10.235ms
[474.790s][info][gc,phases,start] GC(496) Adjust Pointers
[474.824s][info][gc,phases      ] GC(496) Adjust Pointers 34.334ms
[474.824s][info][gc,phases,start] GC(496) Compaction Phase
[474.838s][info][gc,phases      ] GC(496) Compaction Phase 13.671ms
[474.838s][info][gc,phases,start] GC(496) Post Compact
[474.841s][info][gc,phases      ] GC(496) Post Compact 2.722ms
[474.877s][info][gc,heap        ] GC(496) PSYoungGen: 245772K(285184K)->0K(284672K) Eden: 243712K(243712K)->0K(243712K) From: 2060K(41472K)->0K(40960K)
[474.877s][info][gc,heap        ] GC(496) ParOldGen: 644832K(645120K)->77768K(203264K)
[474.877s][info][gc,metaspace   ] GC(496) Metaspace: 43028K(43392K)->43028K(43392K) NonClass: 38686K(38912K)->38686K(38912K) Class: 4342K(4480K)->4342K(4480K)
[474.877s][info][gc             ] GC(496) Pause Full (Allocation Failure) 869M->75M(476M) 158.138ms
[474.877s][info][gc,cpu         ] GC(496) User=0.19s Sys=0.04s Real=0.16s
[475.458s][info][gc,start       ] GC(497) Pause Young (Allocation Failure)
[475.466s][info][gc,heap        ] GC(497) PSYoungGen: 243712K(284672K)->9312K(287232K) Eden: 243712K(243712K)->0K(251904K) From: 0K(40960K)->9312K(35328K)
[475.466s][info][gc,heap        ] GC(497) ParOldGen: 77768K(203264K)->77768K(203264K)
[475.466s][info][gc,metaspace   ] GC(497) Metaspace: 43028K(43392K)->43028K(43392K) NonClass: 38686K(38912K)->38686K(38912K) Class: 4342K(4480K)->4342K(4480K)
[475.466s][info][gc             ] GC(497) Pause Young (Allocation Failure) 313M->85M(479M) 8.085ms
[475.466s][info][gc,cpu         ] GC(497) User=0.01s Sys=0.00s Real=0.01s
[476.115s][info][gc,start       ] GC(498) Pause Young (Allocation Failure)
[476.124s][info][gc,heap        ] GC(498) PSYoungGen: 261216K(287232K)->7621K(289792K) Eden: 251904K(251904K)->0K(251904K) From: 9312K(35328K)->7621K(37888K)
[476.124s][info][gc,heap        ] GC(498) ParOldGen: 77768K(203264K)->83749K(203264K)
[476.124s][info][gc,metaspace   ] GC(498) Metaspace: 43030K(43392K)->43030K(43392K) NonClass: 38686K(38912K)->38686K(38912K) Class: 4343K(4480K)->4343K(4480K)
[476.124s][info][gc             ] GC(498) Pause Young (Allocation Failure) 331M->89M(481M) 9.260ms
[476.124s][info][gc,cpu         ] GC(498) User=0.02s Sys=0.00s Real=0.01s
[477.328s][info][gc,start       ] GC(499) Pause Young (Allocation Failure)
[477.332s][info][gc,heap        ] GC(499) PSYoungGen: 259525K(289792K)->2930K(292864K) Eden: 251904K(251904K)->0K(260608K) From: 7621K(37888K)->2930K(32256K)
[477.332s][info][gc,heap        ] GC(499) ParOldGen: 83749K(203264K)->83893K(203264K)
[477.332s][info][gc,metaspace   ] GC(499) Metaspace: 43033K(43392K)->43033K(43392K) NonClass: 38690K(38912K)->38690K(38912K) Class: 4343K(4480K)->4343K(4480K)
[477.332s][info][gc             ] GC(499) Pause Young (Allocation Failure) 335M->84M(484M) 4.685ms
[477.332s][info][gc,cpu         ] GC(499) User=0.01s Sys=0.00s Real=0.00s
[478.381s][info][gc,start       ] GC(500) Pause Young (Allocation Failure)
[478.405s][info][gc,heap        ] GC(500) PSYoungGen: 263538K(292864K)->22874K(294400K) Eden: 260608K(260608K)->0K(260608K) From: 2930K(32256K)->22874K(33792K)
[478.405s][info][gc,heap        ] GC(500) ParOldGen: 83893K(203264K)->86759K(203264K)
[478.405s][info][gc,metaspace   ] GC(500) Metaspace: 43037K(43392K)->43037K(43392K) NonClass: 38694K(38912K)->38694K(38912K) Class: 4343K(4480K)->4343K(4480K)
[478.405s][info][gc             ] GC(500) Pause Young (Allocation Failure) 339M->107M(486M) 24.318ms
[478.405s][info][gc,cpu         ] GC(500) User=0.04s Sys=0.01s Real=0.02s
[479.070s][info][gc,start       ] GC(501) Pause Young (Allocation Failure)
[479.128s][info][gc,heap        ] GC(501) PSYoungGen: 283482K(294400K)->29592K(287744K) Eden: 260608K(260608K)->0K(250880K) From: 22874K(33792K)->29592K(36864K)
[479.128s][info][gc,heap        ] GC(501) ParOldGen: 86759K(203264K)->109247K(203264K)
[479.128s][info][gc,metaspace   ] GC(501) Metaspace: 43037K(43392K)->43037K(43392K) NonClass: 38694K(38912K)->38694K(38912K) Class: 4343K(4480K)->4343K(4480K)
[479.128s][info][gc             ] GC(501) Pause Young (Allocation Failure) 361M->135M(479M) 57.732ms
[479.128s][info][gc,cpu         ] GC(501) User=0.10s Sys=0.01s Real=0.06s
[479.748s][info][gc,start       ] GC(502) Pause Young (Allocation Failure)
[479.800s][info][gc,heap        ] GC(502) PSYoungGen: 280472K(287744K)->28192K(279552K) Eden: 250880K(250880K)->0K(250880K) From: 29592K(36864K)->28192K(28672K)
[479.800s][info][gc,heap        ] GC(502) ParOldGen: 109247K(203264K)->137351K(203264K)
[479.800s][info][gc,metaspace   ] GC(502) Metaspace: 43037K(43392K)->43037K(43392K) NonClass: 38694K(38912K)->38694K(38912K) Class: 4343K(4480K)->4343K(4480K)
[479.800s][info][gc             ] GC(502) Pause Young (Allocation Failure) 380M->161M(471M) 52.122ms
[479.800s][info][gc,cpu         ] GC(502) User=0.10s Sys=0.00s Real=0.05s
[483.203s][info][gc,start       ] GC(503) Pause Young (Allocation Failure)
[483.244s][info][gc,heap        ] GC(503) PSYoungGen: 279072K(279552K)->16503K(291328K) Eden: 250880K(250880K)->0K(246784K) From: 28192K(28672K)->16503K(44544K)
[483.244s][info][gc,heap        ] GC(503) ParOldGen: 137351K(203264K)->165672K(203264K)
[483.244s][info][gc,metaspace   ] GC(503) Metaspace: 43037K(43392K)->43037K(43392K) NonClass: 38694K(38912K)->38694K(38912K) Class: 4343K(4480K)->4343K(4480K)
[483.244s][info][gc             ] GC(503) Pause Young (Allocation Failure) 406M->177M(483M) 41.373ms
[483.244s][info][gc,cpu         ] GC(503) User=0.08s Sys=0.00s Real=0.04s
[483.931s][info][gc,start       ] GC(504) Pause Young (Allocation Failure)
[483.960s][info][gc,heap        ] GC(504) PSYoungGen: 263287K(291328K)->17722K(264704K) Eden: 246784K(246784K)->0K(246784K) From: 16503K(44544K)->17722K(17920K)
[483.960s][info][gc,heap        ] GC(504) ParOldGen: 165672K(203264K)->181960K(203264K)
[483.960s][info][gc,metaspace   ] GC(504) Metaspace: 43037K(43392K)->43037K(43392K) NonClass: 38694K(38912K)->38694K(38912K) Class: 4343K(4480K)->4343K(4480K)
[483.960s][info][gc             ] GC(504) Pause Young (Allocation Failure) 418M->195M(457M) 29.088ms
[483.960s][info][gc,cpu         ] GC(504) User=0.06s Sys=0.00s Real=0.03s
[484.602s][info][gc,start       ] GC(505) Pause Young (Allocation Failure)
[484.649s][info][gc,heap        ] GC(505) PSYoungGen: 264506K(264704K)->30808K(284160K) Eden: 246784K(246784K)->0K(243200K) From: 17722K(17920K)->30808K(40960K)
[484.649s][info][gc,heap        ] GC(505) ParOldGen: 181960K(203264K)->199309K(203264K)
[484.649s][info][gc,metaspace   ] GC(505) Metaspace: 43037K(43392K)->43037K(43392K) NonClass: 38694K(38912K)->38694K(38912K) Class: 4343K(4480K)->4343K(4480K)
[484.649s][info][gc             ] GC(505) Pause Young (Allocation Failure) 436M->224M(476M) 47.497ms
[484.649s][info][gc,cpu         ] GC(505) User=0.10s Sys=0.00s Real=0.05s
[485.287s][info][gc,start       ] GC(506) Pause Young (Allocation Failure)
[485.354s][info][gc,heap        ] GC(506) PSYoungGen: 274008K(284160K)->30272K(273920K) Eden: 243200K(243200K)->0K(243200K) From: 30808K(40960K)->30272K(30720K)
[485.354s][info][gc,heap        ] GC(506) ParOldGen: 199309K(203264K)->228685K(228864K)
[485.354s][info][gc,metaspace   ] GC(506) Metaspace: 43037K(43392K)->43037K(43392K) NonClass: 38694K(38912K)->38694K(38912K) Class: 4343K(4480K)->4343K(4480K)
[485.354s][info][gc             ] GC(506) Pause Young (Allocation Failure) 462M->252M(491M) 66.928ms
[485.354s][info][gc,cpu         ] GC(506) User=0.12s Sys=0.01s Real=0.06s
[486.981s][info][gc,start       ] GC(507) Pause Young (Allocation Failure)
[487.064s][info][gc,heap        ] GC(507) PSYoungGen: 273472K(273920K)->16624K(289792K) Eden: 243200K(243200K)->0K(242688K) From: 30272K(30720K)->16624K(47104K)
[487.064s][info][gc,heap        ] GC(507) ParOldGen: 228685K(228864K)->259182K(259584K)
[487.064s][info][gc,metaspace   ] GC(507) Metaspace: 43037K(43392K)->43037K(43392K) NonClass: 38694K(38912K)->38694K(38912K) Class: 4343K(4480K)->4343K(4480K)
[487.064s][info][gc             ] GC(507) Pause Young (Allocation Failure) 490M->269M(536M) 82.443ms
[487.064s][info][gc,cpu         ] GC(507) User=0.10s Sys=0.02s Real=0.08s
[488.412s][info][gc,start       ] GC(508) Pause Young (Allocation Failure)
[488.434s][info][gc,heap        ] GC(508) PSYoungGen: 259312K(289792K)->6006K(248832K) Eden: 242688K(242688K)->0K(242688K) From: 16624K(47104K)->6006K(6144K)
[488.434s][info][gc,heap        ] GC(508) ParOldGen: 259182K(259584K)->272459K(272896K)
[488.434s][info][gc,metaspace   ] GC(508) Metaspace: 43037K(43392K)->43037K(43392K) NonClass: 38694K(38912K)->38694K(38912K) Class: 4343K(4480K)->4343K(4480K)
[488.434s][info][gc             ] GC(508) Pause Young (Allocation Failure) 506M->271M(509M) 21.334ms
[488.434s][info][gc,cpu         ] GC(508) User=0.04s Sys=0.01s Real=0.02s
[489.832s][info][gc,start       ] GC(509) Pause Young (Allocation Failure)
[489.862s][info][gc,heap        ] GC(509) PSYoungGen: 248694K(248832K)->24505K(285696K) Eden: 242688K(242688K)->0K(242176K) From: 6006K(6144K)->24505K(43520K)
[489.862s][info][gc,heap        ] GC(509) ParOldGen: 272459K(272896K)->278311K(278528K)
[489.862s][info][gc,metaspace   ] GC(509) Metaspace: 43037K(43392K)->43037K(43392K) NonClass: 38694K(38912K)->38694K(38912K) Class: 4343K(4480K)->4343K(4480K)
[489.862s][info][gc             ] GC(509) Pause Young (Allocation Failure) 508M->295M(551M) 30.419ms
[489.862s][info][gc,cpu         ] GC(509) User=0.05s Sys=0.00s Real=0.03s
[491.362s][info][gc,start       ] GC(510) Pause Young (Allocation Failure)
[491.413s][info][gc,heap        ] GC(510) PSYoungGen: 266681K(285696K)->22693K(286208K) Eden: 242176K(242176K)->0K(242176K) From: 24505K(43520K)->22693K(44032K)
[491.413s][info][gc,heap        ] GC(510) ParOldGen: 278311K(278528K)->302929K(303104K)
[491.413s][info][gc,metaspace   ] GC(510) Metaspace: 43037K(43392K)->43037K(43392K) NonClass: 38694K(38912K)->38694K(38912K) Class: 4343K(4480K)->4343K(4480K)
[491.413s][info][gc             ] GC(510) Pause Young (Allocation Failure) 532M->317M(575M) 50.882ms
[491.413s][info][gc,cpu         ] GC(510) User=0.09s Sys=0.02s Real=0.05s
[492.405s][info][gc,start       ] GC(511) Pause Young (Allocation Failure)
[492.460s][info][gc,heap        ] GC(511) PSYoungGen: 264869K(286208K)->31684K(285184K) Eden: 242176K(242176K)->0K(241664K) From: 22693K(44032K)->31684K(43520K)
[492.460s][info][gc,heap        ] GC(511) ParOldGen: 302929K(303104K)->325664K(326144K)
[492.460s][info][gc,metaspace   ] GC(511) Metaspace: 43037K(43392K)->43037K(43392K) NonClass: 38694K(38912K)->38694K(38912K) Class: 4343K(4480K)->4343K(4480K)
[492.460s][info][gc             ] GC(511) Pause Young (Allocation Failure) 554M->348M(597M) 55.251ms
[492.460s][info][gc,cpu         ] GC(511) User=0.10s Sys=0.01s Real=0.06s
[493.080s][info][gc,start       ] GC(512) Pause Young (Allocation Failure)
[493.149s][info][gc,heap        ] GC(512) PSYoungGen: 273348K(285184K)->30264K(272384K) Eden: 241664K(241664K)->0K(241664K) From: 31684K(43520K)->30264K(30720K)
[493.149s][info][gc,heap        ] GC(512) ParOldGen: 325664K(326144K)->357026K(357376K)
[493.149s][info][gc,metaspace   ] GC(512) Metaspace: 43037K(43392K)->43037K(43392K) NonClass: 38694K(38912K)->38694K(38912K) Class: 4343K(4480K)->4343K(4480K)
[493.149s][info][gc             ] GC(512) Pause Young (Allocation Failure) 584M->378M(615M) 69.259ms
[493.149s][info][gc,cpu         ] GC(512) User=0.11s Sys=0.02s Real=0.07s
[493.789s][info][gc,start       ] GC(513) Pause Young (Allocation Failure)
[493.857s][info][gc,heap        ] GC(513) PSYoungGen: 271928K(272384K)->30368K(284160K) Eden: 241664K(241664K)->0K(236544K) From: 30264K(30720K)->30368K(47616K)
[493.857s][info][gc,heap        ] GC(513) ParOldGen: 357026K(357376K)->385842K(386048K)
[493.857s][info][gc,metaspace   ] GC(513) Metaspace: 43037K(43392K)->43037K(43392K) NonClass: 38694K(38912K)->38694K(38912K) Class: 4343K(4480K)->4343K(4480K)
[493.857s][info][gc             ] GC(513) Pause Young (Allocation Failure) 614M->406M(654M) 67.846ms
[493.857s][info][gc,cpu         ] GC(513) User=0.12s Sys=0.02s Real=0.07s
[495.447s][info][gc,start       ] GC(514) Pause Young (Allocation Failure)
[495.502s][info][gc,heap        ] GC(514) PSYoungGen: 266912K(284160K)->15101K(251904K) Eden: 236544K(236544K)->0K(236544K) From: 30368K(47616K)->15101K(15360K)
[495.502s][info][gc,heap        ] GC(514) ParOldGen: 385842K(386048K)->416419K(416768K)
[495.502s][info][gc,metaspace   ] GC(514) Metaspace: 43037K(43392K)->43037K(43392K) NonClass: 38694K(38912K)->38694K(38912K) Class: 4343K(4480K)->4343K(4480K)
[495.502s][info][gc             ] GC(514) Pause Young (Allocation Failure) 637M->421M(653M) 55.117ms
[495.502s][info][gc,cpu         ] GC(514) User=0.08s Sys=0.02s Real=0.05s
[496.642s][info][gc,start       ] GC(515) Pause Young (Allocation Failure)
[496.669s][info][gc,heap        ] GC(515) PSYoungGen: 251645K(251904K)->10800K(285696K) Eden: 236544K(236544K)->0K(238592K) From: 15101K(15360K)->10800K(47104K)
[496.669s][info][gc,heap        ] GC(515) ParOldGen: 416419K(416768K)->430071K(430080K)
[496.669s][info][gc,metaspace   ] GC(515) Metaspace: 43037K(43392K)->43037K(43392K) NonClass: 38694K(38912K)->38694K(38912K) Class: 4343K(4480K)->4343K(4480K)
[496.669s][info][gc             ] GC(515) Pause Young (Allocation Failure) 652M->430M(699M) 27.261ms
[496.669s][info][gc,cpu         ] GC(515) User=0.04s Sys=0.01s Real=0.03s
[498.140s][info][gc,start       ] GC(516) Pause Young (Allocation Failure)
[498.178s][info][gc,heap        ] GC(516) PSYoungGen: 249392K(285696K)->25946K(284672K) Eden: 238592K(238592K)->0K(238592K) From: 10800K(47104K)->25946K(46080K)
[498.178s][info][gc,heap        ] GC(516) ParOldGen: 430071K(430080K)->440770K(440832K)
[498.178s][info][gc,metaspace   ] GC(516) Metaspace: 43037K(43392K)->43037K(43392K) NonClass: 38694K(38912K)->38694K(38912K) Class: 4343K(4480K)->4343K(4480K)
[498.178s][info][gc             ] GC(516) Pause Young (Allocation Failure) 663M->455M(708M) 38.777ms
[498.178s][info][gc,cpu         ] GC(516) User=0.06s Sys=0.01s Real=0.04s
[499.598s][info][gc,start       ] GC(517) Pause Young (Allocation Failure)
[499.651s][info][gc,heap        ] GC(517) PSYoungGen: 264538K(284672K)->23042K(286208K) Eden: 238592K(238592K)->0K(242176K) From: 25946K(46080K)->23042K(44032K)
[499.651s][info][gc,heap        ] GC(517) ParOldGen: 440770K(440832K)->466570K(466944K)
[499.651s][info][gc,metaspace   ] GC(517) Metaspace: 43037K(43392K)->43037K(43392K) NonClass: 38694K(38912K)->38694K(38912K) Class: 4343K(4480K)->4343K(4480K)
[499.651s][info][gc             ] GC(517) Pause Young (Allocation Failure) 688M->478M(735M) 53.437ms
[499.651s][info][gc,cpu         ] GC(517) User=0.09s Sys=0.01s Real=0.05s
[500.825s][info][gc,start       ] GC(518) Pause Young (Allocation Failure)
[500.876s][info][gc,heap        ] GC(518) PSYoungGen: 265218K(286208K)->27632K(286208K) Eden: 242176K(242176K)->0K(242176K) From: 23042K(44032K)->27632K(44032K)
[500.876s][info][gc,heap        ] GC(518) ParOldGen: 466570K(466944K)->489471K(489472K)
[500.876s][info][gc,metaspace   ] GC(518) Metaspace: 43039K(43392K)->43039K(43392K) NonClass: 38695K(38912K)->38695K(38912K) Class: 4343K(4480K)->4343K(4480K)
[500.876s][info][gc             ] GC(518) Pause Young (Allocation Failure) 714M->504M(757M) 51.120ms
[500.876s][info][gc,cpu         ] GC(518) User=0.09s Sys=0.01s Real=0.06s
[501.780s][info][gc,start       ] GC(519) Pause Young (Allocation Failure)
[501.814s][info][gc,heap        ] GC(519) PSYoungGen: 269808K(286208K)->12852K(288256K) Eden: 242176K(242176K)->0K(245248K) From: 27632K(44032K)->12852K(43008K)
[501.814s][info][gc,heap        ] GC(519) ParOldGen: 489471K(489472K)->508836K(508928K)
[501.814s][info][gc,metaspace   ] GC(519) Metaspace: 43039K(43392K)->43039K(43392K) NonClass: 38695K(38912K)->38695K(38912K) Class: 4343K(4480K)->4343K(4480K)
[501.814s][info][gc             ] GC(519) Pause Young (Allocation Failure) 741M->509M(778M) 33.969ms
[501.814s][info][gc,cpu         ] GC(519) User=0.06s Sys=0.01s Real=0.03s
[502.701s][info][gc,start       ] GC(520) Pause Young (Allocation Failure)
[502.721s][info][gc,heap        ] GC(520) PSYoungGen: 258100K(288256K)->21218K(288768K) Eden: 245248K(245248K)->0K(245248K) From: 12852K(43008K)->21218K(43520K)
[502.721s][info][gc,heap        ] GC(520) ParOldGen: 508836K(508928K)->509640K(509952K)
[502.721s][info][gc,metaspace   ] GC(520) Metaspace: 43062K(43456K)->43062K(43456K) NonClass: 38718K(38976K)->38718K(38976K) Class: 4343K(4480K)->4343K(4480K)
[502.721s][info][gc             ] GC(520) Pause Young (Allocation Failure) 748M->518M(780M) 20.248ms
[502.721s][info][gc,cpu         ] GC(520) User=0.04s Sys=0.00s Real=0.02s
[503.653s][info][gc,start       ] GC(521) Pause Young (Allocation Failure)
[503.663s][info][gc,heap        ] GC(521) PSYoungGen: 266466K(288768K)->8046K(288768K) Eden: 245248K(245248K)->0K(247296K) From: 21218K(43520K)->8046K(41472K)
[503.663s][info][gc,heap        ] GC(521) ParOldGen: 509640K(509952K)->510888K(510976K)
[503.663s][info][gc,metaspace   ] GC(521) Metaspace: 43062K(43456K)->43062K(43456K) NonClass: 38718K(38976K)->38718K(38976K) Class: 4343K(4480K)->4343K(4480K)
[503.663s][info][gc             ] GC(521) Pause Young (Allocation Failure) 757M->506M(781M) 9.328ms
[503.663s][info][gc,cpu         ] GC(521) User=0.01s Sys=0.00s Real=0.01s
[504.483s][info][gc,start       ] GC(522) Pause Young (Allocation Failure)
[504.490s][info][gc,heap        ] GC(522) PSYoungGen: 255342K(288768K)->4660K(288768K) Eden: 247296K(247296K)->0K(247296K) From: 8046K(41472K)->4660K(41472K)
[504.490s][info][gc,heap        ] GC(522) ParOldGen: 510888K(510976K)->512048K(512512K)
[504.490s][info][gc,metaspace   ] GC(522) Metaspace: 43062K(43456K)->43062K(43456K) NonClass: 38718K(38976K)->38718K(38976K) Class: 4343K(4480K)->4343K(4480K)
[504.490s][info][gc             ] GC(522) Pause Young (Allocation Failure) 748M->504M(782M) 7.035ms
[504.490s][info][gc,cpu         ] GC(522) User=0.01s Sys=0.00s Real=0.01s
[505.399s][info][gc,start       ] GC(523) Pause Young (Allocation Failure)
[505.422s][info][gc,heap        ] GC(523) PSYoungGen: 251956K(288768K)->25179K(290816K) Eden: 247296K(247296K)->0K(248832K) From: 4660K(41472K)->25179K(41984K)
[505.423s][info][gc,heap        ] GC(523) ParOldGen: 512048K(512512K)->513176K(513536K)
[505.423s][info][gc,metaspace   ] GC(523) Metaspace: 43062K(43456K)->43062K(43456K) NonClass: 38719K(38976K)->38719K(38976K) Class: 4343K(4480K)->4343K(4480K)
[505.423s][info][gc             ] GC(523) Pause Young (Allocation Failure) 746M->525M(785M) 23.199ms
[505.423s][info][gc,cpu         ] GC(523) User=0.04s Sys=0.00s Real=0.02s
[506.453s][info][gc,start       ] GC(524) Pause Young (Allocation Failure)
[506.465s][info][gc,heap        ] GC(524) PSYoungGen: 274011K(290816K)->11951K(261120K) Eden: 248832K(248832K)->0K(248832K) From: 25179K(41984K)->11951K(12288K)
[506.465s][info][gc,heap        ] GC(524) ParOldGen: 513176K(513536K)->513920K(514048K)
[506.465s][info][gc,metaspace   ] GC(524) Metaspace: 43062K(43456K)->43062K(43456K) NonClass: 38719K(38976K)->38719K(38976K) Class: 4343K(4480K)->4343K(4480K)
[506.465s][info][gc             ] GC(524) Pause Young (Allocation Failure) 768M->513M(757M) 12.405ms
[506.465s][info][gc,cpu         ] GC(524) User=0.02s Sys=0.00s Real=0.01s
[507.298s][info][gc,start       ] GC(525) Pause Young (Allocation Failure)
[507.307s][info][gc,heap        ] GC(525) PSYoungGen: 260783K(261120K)->8708K(290816K) Eden: 248832K(248832K)->0K(249856K) From: 11951K(12288K)->8708K(40960K)
[507.307s][info][gc,heap        ] GC(525) ParOldGen: 513920K(514048K)->515072K(515584K)
[507.307s][info][gc,metaspace   ] GC(525) Metaspace: 43062K(43456K)->43062K(43456K) NonClass: 38719K(38976K)->38719K(38976K) Class: 4343K(4480K)->4343K(4480K)
[507.307s][info][gc             ] GC(525) Pause Young (Allocation Failure) 756M->511M(787M) 9.299ms
[507.307s][info][gc,cpu         ] GC(525) User=0.01s Sys=0.00s Real=0.01s
[508.219s][info][gc,start       ] GC(526) Pause Young (Allocation Failure)
[508.228s][info][gc,heap        ] GC(526) PSYoungGen: 258564K(290816K)->7589K(290304K) Eden: 249856K(249856K)->0K(249856K) From: 8708K(40960K)->7589K(40448K)
[508.228s][info][gc,heap        ] GC(526) ParOldGen: 515072K(515584K)->515948K(516096K)
[508.228s][info][gc,metaspace   ] GC(526) Metaspace: 43062K(43456K)->43062K(43456K) NonClass: 38719K(38976K)->38719K(38976K) Class: 4343K(4480K)->4343K(4480K)
[508.228s][info][gc             ] GC(526) Pause Young (Allocation Failure) 755M->511M(787M) 8.909ms
[508.228s][info][gc,cpu         ] GC(526) User=0.02s Sys=0.00s Real=0.01s
[509.173s][info][gc,start       ] GC(527) Pause Young (Allocation Failure)
[509.179s][info][gc,heap        ] GC(527) PSYoungGen: 257445K(290304K)->5013K(292352K) Eden: 249856K(249856K)->0K(252928K) From: 7589K(40448K)->5013K(39424K)
[509.180s][info][gc,heap        ] GC(527) ParOldGen: 515948K(516096K)->517004K(517120K)
[509.180s][info][gc,metaspace   ] GC(527) Metaspace: 43062K(43456K)->43062K(43456K) NonClass: 38719K(38976K)->38719K(38976K) Class: 4343K(4480K)->4343K(4480K)
[509.180s][info][gc             ] GC(527) Pause Young (Allocation Failure) 755M->509M(790M) 6.084ms
[509.180s][info][gc,cpu         ] GC(527) User=0.01s Sys=0.00s Real=0.01s
[509.977s][info][gc,start       ] GC(528) Pause Young (Allocation Failure)
[510.016s][info][gc,heap        ] GC(528) PSYoungGen: 257941K(292352K)->38880K(291840K) Eden: 252928K(252928K)->0K(252928K) From: 5013K(39424K)->38880K(38912K)
[510.017s][info][gc,heap        ] GC(528) ParOldGen: 517004K(517120K)->519756K(520192K)
[510.017s][info][gc,metaspace   ] GC(528) Metaspace: 43062K(43456K)->43062K(43456K) NonClass: 38719K(38976K)->38719K(38976K) Class: 4343K(4480K)->4343K(4480K)
[510.017s][info][gc             ] GC(528) Pause Young (Allocation Failure) 756M->545M(793M) 39.185ms
[510.017s][info][gc,cpu         ] GC(528) User=0.07s Sys=0.00s Real=0.04s
[511.287s][info][gc,start       ] GC(529) Pause Young (Allocation Failure)
[511.353s][info][gc,heap        ] GC(529) PSYoungGen: 291808K(291840K)->17978K(287744K) Eden: 252928K(252928K)->0K(245760K) From: 38880K(38912K)->17978K(41984K)
[511.353s][info][gc,heap        ] GC(529) ParOldGen: 519756K(520192K)->539046K(539136K)
[511.353s][info][gc,metaspace   ] GC(529) Metaspace: 43062K(43456K)->43062K(43456K) NonClass: 38719K(38976K)->38719K(38976K) Class: 4343K(4480K)->4343K(4480K)
[511.353s][info][gc             ] GC(529) Pause Young (Allocation Failure) 792M->543M(807M) 65.802ms
[511.353s][info][gc,cpu         ] GC(529) User=0.09s Sys=0.02s Real=0.06s
[512.225s][info][gc,start       ] GC(530) Pause Young (Allocation Failure)
[512.257s][info][gc,heap        ] GC(530) PSYoungGen: 263738K(287744K)->6631K(289792K) Eden: 245760K(245760K)->0K(245760K) From: 17978K(41984K)->6631K(44032K)
[512.257s][info][gc,heap        ] GC(530) ParOldGen: 539046K(539136K)->556933K(557056K)
[512.257s][info][gc,metaspace   ] GC(530) Metaspace: 43062K(43456K)->43062K(43456K) NonClass: 38719K(38976K)->38719K(38976K) Class: 4343K(4480K)->4343K(4480K)
[512.257s][info][gc             ] GC(530) Pause Young (Allocation Failure) 783M->550M(827M) 31.465ms
[512.257s][info][gc,cpu         ] GC(530) User=0.04s Sys=0.02s Real=0.04s
[512.999s][info][gc,start       ] GC(531) Pause Young (Allocation Failure)
[513.024s][info][gc,heap        ] GC(531) PSYoungGen: 252391K(289792K)->29770K(285696K) Eden: 245760K(245760K)->0K(242688K) From: 6631K(44032K)->29770K(43008K)
[513.024s][info][gc,heap        ] GC(531) ParOldGen: 556933K(557056K)->560745K(561152K)
[513.024s][info][gc,metaspace   ] GC(531) Metaspace: 43062K(43456K)->43062K(43456K) NonClass: 38719K(38976K)->38719K(38976K) Class: 4343K(4480K)->4343K(4480K)
[513.024s][info][gc             ] GC(531) Pause Young (Allocation Failure) 790M->576M(827M) 25.714ms
[513.024s][info][gc,cpu         ] GC(531) User=0.04s Sys=0.01s Real=0.02s
[513.828s][info][gc,start       ] GC(532) Pause Young (Allocation Failure)
[513.842s][info][gc,heap        ] GC(532) PSYoungGen: 272282K(285696K)->2656K(288256K) Eden: 242511K(242688K)->0K(242688K) From: 29770K(43008K)->2656K(45568K)
[513.842s][info][gc,heap        ] GC(532) ParOldGen: 560745K(561152K)->570332K(570368K)
[513.842s][info][gc,metaspace   ] GC(532) Metaspace: 43062K(43456K)->43062K(43456K) NonClass: 38719K(38976K)->38719K(38976K) Class: 4343K(4480K)->4343K(4480K)
[513.842s][info][gc             ] GC(532) Pause Young (Allocation Failure) 813M->559M(838M) 13.852ms
[513.842s][info][gc,cpu         ] GC(532) User=0.02s Sys=0.01s Real=0.01s
[514.702s][info][gc,start       ] GC(533) Pause Young (Allocation Failure)
[514.718s][info][gc,heap        ] GC(533) PSYoungGen: 245344K(288256K)->22078K(286720K) Eden: 242688K(242688K)->0K(243200K) From: 2656K(45568K)->22078K(43520K)
[514.719s][info][gc,heap        ] GC(533) ParOldGen: 570332K(570368K)->570799K(570880K)
[514.719s][info][gc,metaspace   ] GC(533) Metaspace: 43062K(43456K)->43062K(43456K) NonClass: 38719K(38976K)->38719K(38976K) Class: 4343K(4480K)->4343K(4480K)
[514.719s][info][gc             ] GC(533) Pause Young (Allocation Failure) 796M->578M(837M) 16.351ms
[514.719s][info][gc,cpu         ] GC(533) User=0.03s Sys=0.00s Real=0.02s
[515.573s][info][gc,start       ] GC(534) Pause Young (Allocation Failure)
[515.595s][info][gc,heap        ] GC(534) PSYoungGen: 265278K(286720K)->30861K(274432K) Eden: 243200K(243200K)->0K(243200K) From: 22078K(43520K)->30861K(31232K)
[515.595s][info][gc,heap        ] GC(534) ParOldGen: 570799K(570880K)->571583K(571904K)
[515.595s][info][gc,metaspace   ] GC(534) Metaspace: 43062K(43456K)->43062K(43456K) NonClass: 38719K(38976K)->38719K(38976K) Class: 4343K(4480K)->4343K(4480K)
[515.595s][info][gc             ] GC(534) Pause Young (Allocation Failure) 816M->588M(826M) 22.671ms
[515.595s][info][gc,cpu         ] GC(534) User=0.05s Sys=0.00s Real=0.02s
[516.487s][info][gc,start       ] GC(535) Pause Young (Allocation Failure)
[516.497s][info][gc,heap        ] GC(535) PSYoungGen: 274061K(274432K)->9490K(288256K) Eden: 243200K(243200K)->0K(241152K) From: 30861K(31232K)->9490K(47104K)
[516.497s][info][gc,heap        ] GC(535) ParOldGen: 571583K(571904K)->573257K(573440K)
[516.497s][info][gc,metaspace   ] GC(535) Metaspace: 43062K(43456K)->43062K(43456K) NonClass: 38719K(38976K)->38719K(38976K) Class: 4343K(4480K)->4343K(4480K)
[516.497s][info][gc             ] GC(535) Pause Young (Allocation Failure) 825M->569M(841M) 10.476ms
[516.497s][info][gc,cpu         ] GC(535) User=0.02s Sys=0.00s Real=0.01s
[517.364s][info][gc,start       ] GC(536) Pause Young (Allocation Failure)
[517.459s][info][gc,heap        ] GC(536) PSYoungGen: 250642K(288256K)->45542K(286720K) Eden: 241152K(241152K)->0K(241152K) From: 9490K(47104K)->45542K(45568K)
[517.459s][info][gc,heap        ] GC(536) ParOldGen: 573257K(573440K)->630977K(631296K)
[517.459s][info][gc,metaspace   ] GC(536) Metaspace: 43062K(43456K)->43062K(43456K) NonClass: 38719K(38976K)->38719K(38976K) Class: 4343K(4480K)->4343K(4480K)
[517.459s][info][gc             ] GC(536) Pause Young (Allocation Failure) 804M->660M(896M) 95.668ms
[517.459s][info][gc,cpu         ] GC(536) User=0.15s Sys=0.04s Real=0.10s
[518.338s][info][gc,start       ] GC(537) Pause Full (Allocation Failure)
[518.338s][info][gc,phases,start] GC(537) Marking Phase
[518.414s][info][gc,phases      ] GC(537) Marking Phase 76.056ms
[518.414s][info][gc,phases,start] GC(537) Summary Phase
[518.414s][info][gc,phases      ] GC(537) Summary Phase 0.030ms
[518.414s][info][gc,phases,start] GC(537) Forward
[518.436s][info][gc,phases      ] GC(537) Forward 22.247ms
[518.437s][info][gc,phases,start] GC(537) Adjust Pointers
[518.482s][info][gc,phases      ] GC(537) Adjust Pointers 45.087ms
[518.482s][info][gc,phases,start] GC(537) Compaction Phase
[518.506s][info][gc,phases      ] GC(537) Compaction Phase 24.772ms
[518.507s][info][gc,phases,start] GC(537) Post Compact
[518.509s][info][gc,phases      ] GC(537) Post Compact 2.674ms
[518.541s][info][gc,heap        ] GC(537) PSYoungGen: 286694K(286720K)->0K(231424K) Eden: 241152K(241152K)->0K(184320K) From: 45542K(45568K)->0K(47104K)
[518.541s][info][gc,heap        ] GC(537) ParOldGen: 630977K(631296K)->111264K(259072K)
[518.541s][info][gc,metaspace   ] GC(537) Metaspace: 43062K(43456K)->43062K(43456K) NonClass: 38719K(38976K)->38719K(38976K) Class: 4343K(4480K)->4343K(4480K)
[518.541s][info][gc             ] GC(537) Pause Full (Allocation Failure) 896M->108M(479M) 202.583ms
[518.541s][info][gc,cpu         ] GC(537) User=0.28s Sys=0.03s Real=0.20s
[519.217s][info][gc,start       ] GC(538) Pause Young (Allocation Failure)
[519.241s][info][gc,heap        ] GC(538) PSYoungGen: 184320K(231424K)->25653K(259072K) Eden: 184320K(184320K)->0K(184320K) From: 0K(47104K)->25653K(74752K)
[519.241s][info][gc,heap        ] GC(538) ParOldGen: 111264K(259072K)->111264K(259072K)
[519.241s][info][gc,metaspace   ] GC(538) Metaspace: 43062K(43456K)->43062K(43456K) NonClass: 38719K(38976K)->38719K(38976K) Class: 4343K(4480K)->4343K(4480K)
[519.241s][info][gc             ] GC(538) Pause Young (Allocation Failure) 288M->133M(506M) 23.127ms
[519.241s][info][gc,cpu         ] GC(538) User=0.04s Sys=0.00s Real=0.02s
[519.856s][info][gc,start       ] GC(539) Pause Young (Allocation Failure)
[519.875s][info][gc,heap        ] GC(539) PSYoungGen: 209973K(259072K)->11870K(250880K) Eden: 184320K(184320K)->0K(189440K) From: 25653K(74752K)->11870K(61440K)
[519.875s][info][gc,heap        ] GC(539) ParOldGen: 111264K(259072K)->120105K(259072K)
[519.875s][info][gc,metaspace   ] GC(539) Metaspace: 43062K(43456K)->43062K(43456K) NonClass: 38719K(38976K)->38719K(38976K) Class: 4343K(4480K)->4343K(4480K)
[519.875s][info][gc             ] GC(539) Pause Young (Allocation Failure) 313M->128M(498M) 19.116ms
[519.875s][info][gc,cpu         ] GC(539) User=0.04s Sys=0.00s Real=0.01s
[520.535s][info][gc,start       ] GC(540) Pause Young (Allocation Failure)
[520.550s][info][gc,heap        ] GC(540) PSYoungGen: 201310K(250880K)->22366K(257536K) Eden: 189440K(189440K)->0K(189440K) From: 11870K(61440K)->22366K(68096K)
[520.550s][info][gc,heap        ] GC(540) ParOldGen: 120105K(259072K)->120969K(259072K)
[520.550s][info][gc,metaspace   ] GC(540) Metaspace: 43062K(43456K)->43062K(43456K) NonClass: 38719K(38976K)->38719K(38976K) Class: 4343K(4480K)->4343K(4480K)
[520.550s][info][gc             ] GC(540) Pause Young (Allocation Failure) 313M->139M(504M) 15.133ms
[520.550s][info][gc,cpu         ] GC(540) User=0.03s Sys=0.00s Real=0.02s
[521.190s][info][gc,start       ] GC(541) Pause Young (Allocation Failure)
[521.192s][info][gc,heap        ] GC(541) PSYoungGen: 211806K(257536K)->1912K(263168K) Eden: 189440K(189440K)->0K(201728K) From: 22366K(68096K)->1912K(61440K)
[521.192s][info][gc,heap        ] GC(541) ParOldGen: 120969K(259072K)->121426K(259072K)
[521.192s][info][gc,metaspace   ] GC(541) Metaspace: 43062K(43456K)->43062K(43456K) NonClass: 38719K(38976K)->38719K(38976K) Class: 4343K(4480K)->4343K(4480K)
[521.192s][info][gc             ] GC(541) Pause Young (Allocation Failure) 324M->120M(510M) 2.914ms
[521.192s][info][gc,cpu         ] GC(541) User=0.00s Sys=0.00s Real=0.00s
[521.800s][info][gc,start       ] GC(542) Pause Young (Allocation Failure)
[521.813s][info][gc,heap        ] GC(542) PSYoungGen: 203640K(263168K)->20981K(265728K) Eden: 201728K(201728K)->0K(201728K) From: 1912K(61440K)->20981K(64000K)
[521.813s][info][gc,heap        ] GC(542) ParOldGen: 121426K(259072K)->121965K(259072K)
[521.813s][info][gc,metaspace   ] GC(542) Metaspace: 43062K(43456K)->43062K(43456K) NonClass: 38719K(38976K)->38719K(38976K) Class: 4343K(4480K)->4343K(4480K)
[521.813s][info][gc             ] GC(542) Pause Young (Allocation Failure) 317M->139M(512M) 13.305ms
[521.813s][info][gc,cpu         ] GC(542) User=0.02s Sys=0.00s Real=0.01s
[522.432s][info][gc,start       ] GC(543) Pause Young (Allocation Failure)
[522.443s][info][gc,heap        ] GC(543) PSYoungGen: 222709K(265728K)->824K(268288K) Eden: 201728K(201728K)->0K(208384K) From: 20981K(64000K)->824K(59904K)
[522.443s][info][gc,heap        ] GC(543) ParOldGen: 121965K(259072K)->142081K(259072K)
[522.443s][info][gc,metaspace   ] GC(543) Metaspace: 43062K(43456K)->43062K(43456K) NonClass: 38719K(38976K)->38719K(38976K) Class: 4343K(4480K)->4343K(4480K)
[522.443s][info][gc             ] GC(543) Pause Young (Allocation Failure) 336M->139M(515M) 11.194ms
[522.443s][info][gc,cpu         ] GC(543) User=0.02s Sys=0.00s Real=0.01s
[522.989s][info][gc,start       ] GC(544) Pause Young (Allocation Failure)
[522.993s][info][gc,heap        ] GC(544) PSYoungGen: 209208K(268288K)->4967K(268288K) Eden: 208384K(208384K)->0K(208384K) From: 824K(59904K)->4967K(59904K)
[522.994s][info][gc,heap        ] GC(544) ParOldGen: 142081K(259072K)->142113K(259072K)
[522.994s][info][gc,metaspace   ] GC(544) Metaspace: 43062K(43456K)->43062K(43456K) NonClass: 38719K(38976K)->38719K(38976K) Class: 4343K(4480K)->4343K(4480K)
[522.994s][info][gc             ] GC(544) Pause Young (Allocation Failure) 343M->143M(515M) 4.953ms
[522.994s][info][gc,cpu         ] GC(544) User=0.01s Sys=0.00s Real=0.00s
[523.372s][info][gc,start       ] GC(545) Pause Young (Allocation Failure)
[523.376s][info][gc,heap        ] GC(545) PSYoungGen: 213351K(268288K)->2862K(272384K) Eden: 208384K(208384K)->0K(215552K) From: 4967K(59904K)->2862K(56832K)
[523.376s][info][gc,heap        ] GC(545) ParOldGen: 142113K(259072K)->143960K(259072K)
[523.376s][info][gc,metaspace   ] GC(545) Metaspace: 43062K(43456K)->43062K(43456K) NonClass: 38719K(38976K)->38719K(38976K) Class: 4343K(4480K)->4343K(4480K)
[523.376s][info][gc             ] GC(545) Pause Young (Allocation Failure) 347M->143M(519M) 4.082ms
[523.376s][info][gc,cpu         ] GC(545) User=0.00s Sys=0.00s Real=0.01s
[523.803s][info][gc,start       ] GC(546) Pause Young (Allocation Failure)
[523.811s][info][gc,heap        ] GC(546) PSYoungGen: 217446K(272384K)->10113K(272384K) Eden: 214583K(215552K)->0K(215552K) From: 2862K(56832K)->10113K(56832K)
[523.811s][info][gc,heap        ] GC(546) ParOldGen: 143960K(259072K)->144204K(259072K)
[523.811s][info][gc,metaspace   ] GC(546) Metaspace: 43062K(43456K)->43062K(43456K) NonClass: 38719K(38976K)->38719K(38976K) Class: 4343K(4480K)->4343K(4480K)
[523.811s][info][gc             ] GC(546) Pause Young (Allocation Failure) 352M->150M(519M) 7.430ms
[523.811s][info][gc,cpu         ] GC(546) User=0.02s Sys=0.00s Real=0.01s
[524.091s][info][gc,start       ] GC(547) Pause Young (Allocation Failure)
[524.098s][info][gc,heap        ] GC(547) PSYoungGen: 225665K(272384K)->1580K(275456K) Eden: 215552K(215552K)->0K(221696K) From: 10113K(56832K)->1580K(53760K)
[524.098s][info][gc,heap        ] GC(547) ParOldGen: 144204K(259072K)->154076K(259072K)
[524.098s][info][gc,metaspace   ] GC(547) Metaspace: 43062K(43456K)->43062K(43456K) NonClass: 38719K(38976K)->38719K(38976K) Class: 4343K(4480K)->4343K(4480K)
[524.098s][info][gc             ] GC(547) Pause Young (Allocation Failure) 361M->152M(522M) 7.302ms
[524.098s][info][gc,cpu         ] GC(547) User=0.02s Sys=0.00s Real=0.01s
[524.391s][info][gc,start       ] GC(548) Pause Young (Allocation Failure)
[524.396s][info][gc,heap        ] GC(548) PSYoungGen: 221477K(275456K)->1956K(274432K) Eden: 219896K(221696K)->0K(221696K) From: 1580K(53760K)->1956K(52736K)
[524.396s][info][gc,heap        ] GC(548) ParOldGen: 154076K(259072K)->155614K(259072K)
[524.396s][info][gc,metaspace   ] GC(548) Metaspace: 43062K(43456K)->43062K(43456K) NonClass: 38719K(38976K)->38719K(38976K) Class: 4343K(4480K)->4343K(4480K)
[524.396s][info][gc             ] GC(548) Pause Young (Allocation Failure) 366M->153M(521M) 4.738ms
[524.396s][info][gc,cpu         ] GC(548) User=0.01s Sys=0.00s Real=0.00s
[524.690s][info][gc,start       ] GC(549) Pause Young (Allocation Failure)
[524.695s][info][gc,heap        ] GC(549) PSYoungGen: 223652K(274432K)->2896K(279040K) Eden: 221696K(221696K)->0K(229376K) From: 1956K(52736K)->2896K(49664K)
[524.695s][info][gc,heap        ] GC(549) ParOldGen: 155614K(259072K)->157556K(259072K)
[524.695s][info][gc,metaspace   ] GC(549) Metaspace: 43062K(43456K)->43062K(43456K) NonClass: 38719K(38976K)->38719K(38976K) Class: 4343K(4480K)->4343K(4480K)
[524.695s][info][gc             ] GC(549) Pause Young (Allocation Failure) 370M->156M(525M) 5.590ms
[524.696s][info][gc,cpu         ] GC(549) User=0.01s Sys=0.00s Real=0.00s
[525.020s][info][gc,start       ] GC(550) Pause Young (Allocation Failure)
[525.029s][info][gc,heap        ] GC(550) PSYoungGen: 232128K(279040K)->5693K(278528K) Eden: 229232K(229376K)->0K(229376K) From: 2896K(49664K)->5693K(49152K)
[525.029s][info][gc,heap        ] GC(550) ParOldGen: 157556K(259072K)->160417K(259072K)
[525.029s][info][gc,metaspace   ] GC(550) Metaspace: 43062K(43456K)->43062K(43456K) NonClass: 38719K(38976K)->38719K(38976K) Class: 4343K(4480K)->4343K(4480K)
[525.029s][info][gc             ] GC(550) Pause Young (Allocation Failure) 380M->162M(525M) 9.354ms
[525.029s][info][gc,cpu         ] GC(550) User=0.02s Sys=0.00s Real=0.01s
[525.355s][info][gc,start       ] GC(551) Pause Young (Allocation Failure)
[525.367s][info][gc,heap        ] GC(551) PSYoungGen: 234214K(278528K)->5683K(282112K) Eden: 228521K(229376K)->0K(237568K) From: 5693K(49152K)->5683K(44544K)
[525.367s][info][gc,heap        ] GC(551) ParOldGen: 160417K(259072K)->166159K(259072K)
[525.367s][info][gc,metaspace   ] GC(551) Metaspace: 43062K(43456K)->43062K(43456K) NonClass: 38719K(38976K)->38719K(38976K) Class: 4343K(4480K)->4343K(4480K)
[525.367s][info][gc             ] GC(551) Pause Young (Allocation Failure) 385M->167M(528M) 11.966ms
[525.367s][info][gc,cpu         ] GC(551) User=0.03s Sys=0.00s Real=0.02s
[525.705s][info][gc,start       ] GC(552) Pause Young (Allocation Failure)
[525.717s][info][gc,heap        ] GC(552) PSYoungGen: 242667K(282112K)->5745K(281600K) Eden: 236984K(237568K)->0K(237568K) From: 5683K(44544K)->5745K(44032K)
[525.717s][info][gc,heap        ] GC(552) ParOldGen: 166159K(259072K)->171938K(259072K)
[525.718s][info][gc,metaspace   ] GC(552) Metaspace: 43062K(43456K)->43062K(43456K) NonClass: 38719K(38976K)->38719K(38976K) Class: 4343K(4480K)->4343K(4480K)
[525.718s][info][gc             ] GC(552) Pause Young (Allocation Failure) 399M->173M(528M) 12.338ms
[525.718s][info][gc,cpu         ] GC(552) User=0.03s Sys=0.00s Real=0.02s
[526.235s][info][gc,start       ] GC(553) Pause Young (Allocation Failure)
[526.252s][info][gc,heap        ] GC(553) PSYoungGen: 243313K(281600K)->14000K(287744K) Eden: 237568K(237568K)->0K(247296K) From: 5745K(44032K)->14000K(40448K)
[526.252s][info][gc,heap        ] GC(553) ParOldGen: 171938K(259072K)->177517K(259072K)
[526.252s][info][gc,metaspace   ] GC(553) Metaspace: 43062K(43456K)->43062K(43456K) NonClass: 38719K(38976K)->38719K(38976K) Class: 4343K(4480K)->4343K(4480K)
[526.252s][info][gc             ] GC(553) Pause Young (Allocation Failure) 405M->187M(534M) 16.951ms
[526.252s][info][gc,cpu         ] GC(553) User=0.04s Sys=0.00s Real=0.02s
[526.845s][info][gc,start       ] GC(554) Pause Young (Allocation Failure)
[526.857s][info][gc,heap        ] GC(554) PSYoungGen: 261246K(287744K)->2256K(287232K) Eden: 247245K(247296K)->0K(247296K) From: 14000K(40448K)->2256K(39936K)
[526.857s][info][gc,heap        ] GC(554) ParOldGen: 177517K(259072K)->190381K(259072K)
[526.857s][info][gc,metaspace   ] GC(554) Metaspace: 43070K(43456K)->43070K(43456K) NonClass: 38727K(38976K)->38727K(38976K) Class: 4343K(4480K)->4343K(4480K)
[526.857s][info][gc             ] GC(554) Pause Young (Allocation Failure) 428M->188M(533M) 11.711ms
[526.857s][info][gc,cpu         ] GC(554) User=0.03s Sys=0.00s Real=0.02s
[527.449s][info][gc,start       ] GC(555) Pause Young (Allocation Failure)
[527.453s][info][gc,heap        ] GC(555) PSYoungGen: 249552K(287232K)->3697K(292352K) Eden: 247296K(247296K)->0K(254976K) From: 2256K(39936K)->3697K(37376K)
[527.453s][info][gc,heap        ] GC(555) ParOldGen: 190381K(259072K)->190558K(259072K)
[527.453s][info][gc,metaspace   ] GC(555) Metaspace: 43073K(43456K)->43073K(43456K) NonClass: 38730K(38976K)->38730K(38976K) Class: 4343K(4480K)->4343K(4480K)
[527.453s][info][gc             ] GC(555) Pause Young (Allocation Failure) 429M->189M(538M) 4.530ms
[527.453s][info][gc,cpu         ] GC(555) User=0.01s Sys=0.00s Real=0.00s
[528.058s][info][gc,start       ] GC(556) Pause Young (Allocation Failure)
[528.063s][info][gc,heap        ] GC(556) PSYoungGen: 258673K(292352K)->5494K(291840K) Eden: 254976K(254976K)->0K(254976K) From: 3697K(37376K)->5494K(36864K)
[528.064s][info][gc,heap        ] GC(556) ParOldGen: 190558K(259072K)->190566K(259072K)
[528.064s][info][gc,metaspace   ] GC(556) Metaspace: 43073K(43456K)->43073K(43456K) NonClass: 38730K(38976K)->38730K(38976K) Class: 4343K(4480K)->4343K(4480K)
[528.064s][info][gc             ] GC(556) Pause Young (Allocation Failure) 438M->191M(538M) 5.249ms
[528.064s][info][gc,cpu         ] GC(556) User=0.01s Sys=0.00s Real=0.00s
[528.749s][info][gc,start       ] GC(557) Pause Young (Allocation Failure)
[528.756s][info][gc,heap        ] GC(557) PSYoungGen: 260470K(291840K)->7602K(294400K) Eden: 254976K(254976K)->0K(262144K) From: 5494K(36864K)->7602K(32256K)
[528.756s][info][gc,heap        ] GC(557) ParOldGen: 190566K(259072K)->190614K(259072K)
[528.756s][info][gc,metaspace   ] GC(557) Metaspace: 43078K(43456K)->43078K(43456K) NonClass: 38735K(38976K)->38735K(38976K) Class: 4343K(4480K)->4343K(4480K)
[528.756s][info][gc             ] GC(557) Pause Young (Allocation Failure) 440M->193M(540M) 7.201ms
[528.756s][info][gc,cpu         ] GC(557) User=0.01s Sys=0.00s Real=0.01s
[529.933s][info][gc,start       ] GC(558) Pause Young (Allocation Failure)
[529.938s][info][gc,heap        ] GC(558) PSYoungGen: 269746K(294400K)->2962K(294400K) Eden: 262144K(262144K)->0K(262144K) From: 7602K(32256K)->2962K(32256K)
[529.938s][info][gc,heap        ] GC(558) ParOldGen: 190614K(259072K)->190742K(259072K)
[529.938s][info][gc,metaspace   ] GC(558) Metaspace: 43086K(43456K)->43086K(43456K) NonClass: 38743K(38976K)->38743K(38976K) Class: 4343K(4480K)->4343K(4480K)
[529.938s][info][gc             ] GC(558) Pause Young (Allocation Failure) 449M->189M(540M) 4.965ms
[529.938s][info][gc,cpu         ] GC(558) User=0.01s Sys=0.00s Real=0.01s
[531.089s][info][gc,start       ] GC(559) Pause Young (Allocation Failure)
[531.115s][info][gc,heap        ] GC(559) PSYoungGen: 265106K(294400K)->20703K(298496K) Eden: 262144K(262144K)->0K(267264K) From: 2962K(32256K)->20703K(31232K)
[531.115s][info][gc,heap        ] GC(559) ParOldGen: 190742K(259072K)->193616K(259072K)
[531.115s][info][gc,metaspace   ] GC(559) Metaspace: 43101K(43456K)->43101K(43456K) NonClass: 38758K(38976K)->38758K(38976K) Class: 4343K(4480K)->4343K(4480K)
[531.115s][info][gc             ] GC(559) Pause Young (Allocation Failure) 445M->209M(544M) 25.759ms
[531.115s][info][gc,cpu         ] GC(559) User=0.04s Sys=0.00s Real=0.02s
[531.800s][info][gc,start       ] GC(560) Pause Young (Allocation Failure)
[531.850s][info][gc,heap        ] GC(560) PSYoungGen: 287967K(298496K)->30156K(297472K) Eden: 267264K(267264K)->0K(267264K) From: 20703K(31232K)->30156K(30208K)
[531.850s][info][gc,heap        ] GC(560) ParOldGen: 193616K(259072K)->213925K(259072K)
[531.850s][info][gc,metaspace   ] GC(560) Metaspace: 43101K(43456K)->43101K(43456K) NonClass: 38758K(38976K)->38758K(38976K) Class: 4343K(4480K)->4343K(4480K)
[531.850s][info][gc             ] GC(560) Pause Young (Allocation Failure) 470M->238M(543M) 49.885ms
[531.850s][info][gc,cpu         ] GC(560) User=0.10s Sys=0.00s Real=0.05s
[532.539s][info][gc,start       ] GC(561) Pause Young (Allocation Failure)
[532.598s][info][gc,heap        ] GC(561) PSYoungGen: 297420K(297472K)->30616K(284160K) Eden: 267264K(267264K)->0K(247808K) From: 30156K(30208K)->30616K(36352K)
[532.599s][info][gc,heap        ] GC(561) ParOldGen: 213925K(259072K)->242529K(259072K)
[532.599s][info][gc,metaspace   ] GC(561) Metaspace: 43101K(43456K)->43101K(43456K) NonClass: 38758K(38976K)->38758K(38976K) Class: 4343K(4480K)->4343K(4480K)
[532.599s][info][gc             ] GC(561) Pause Young (Allocation Failure) 499M->266M(530M) 59.089ms
[532.599s][info][gc,cpu         ] GC(561) User=0.11s Sys=0.00s Real=0.06s
[535.985s][info][gc,start       ] GC(562) Pause Young (Allocation Failure)
[536.033s][info][gc,heap        ] GC(562) PSYoungGen: 278424K(284160K)->14928K(290816K) Eden: 247808K(247808K)->0K(247808K) From: 30616K(36352K)->14928K(43008K)
[536.034s][info][gc,heap        ] GC(562) ParOldGen: 242529K(259072K)->273074K(273408K)
[536.034s][info][gc,metaspace   ] GC(562) Metaspace: 43108K(43520K)->43108K(43520K) NonClass: 38765K(39040K)->38765K(39040K) Class: 4343K(4480K)->4343K(4480K)
[536.034s][info][gc             ] GC(562) Pause Young (Allocation Failure) 508M->281M(551M) 48.569ms
[536.034s][info][gc,cpu         ] GC(562) User=0.09s Sys=0.01s Real=0.05s
[536.759s][info][gc,start       ] GC(563) Pause Young (Allocation Failure)
[536.791s][info][gc,heap        ] GC(563) PSYoungGen: 262736K(290816K)->15642K(285184K) Eden: 247808K(247808K)->0K(250368K) From: 14928K(43008K)->15642K(34816K)
[536.791s][info][gc,heap        ] GC(563) ParOldGen: 273074K(273408K)->287794K(288256K)
[536.791s][info][gc,metaspace   ] GC(563) Metaspace: 43108K(43520K)->43108K(43520K) NonClass: 38765K(39040K)->38765K(39040K) Class: 4343K(4480K)->4343K(4480K)
[536.791s][info][gc             ] GC(563) Pause Young (Allocation Failure) 523M->296M(560M) 32.498ms
[536.791s][info][gc,cpu         ] GC(563) User=0.05s Sys=0.00s Real=0.03s
[537.465s][info][gc,start       ] GC(564) Pause Young (Allocation Failure)
[537.527s][info][gc,heap        ] GC(564) PSYoungGen: 266010K(285184K)->31352K(289280K) Eden: 250368K(250368K)->0K(250368K) From: 15642K(34816K)->31352K(38912K)
[537.527s][info][gc,heap        ] GC(564) ParOldGen: 287794K(288256K)->303034K(303104K)
[537.527s][info][gc,metaspace   ] GC(564) Metaspace: 43108K(43520K)->43108K(43520K) NonClass: 38765K(39040K)->38765K(39040K) Class: 4343K(4480K)->4343K(4480K)
[537.527s][info][gc             ] GC(564) Pause Young (Allocation Failure) 540M->326M(578M) 61.656ms
[537.527s][info][gc,cpu         ] GC(564) User=0.11s Sys=0.01s Real=0.07s
[538.203s][info][gc,start       ] GC(565) Pause Young (Allocation Failure)
[538.284s][info][gc,heap        ] GC(565) PSYoungGen: 281720K(289280K)->31104K(285696K) Eden: 250368K(250368K)->0K(242688K) From: 31352K(38912K)->31104K(43008K)
[538.284s][info][gc,heap        ] GC(565) ParOldGen: 303034K(303104K)->332946K(333312K)
[538.284s][info][gc,metaspace   ] GC(565) Metaspace: 43108K(43520K)->43108K(43520K) NonClass: 38765K(39040K)->38765K(39040K) Class: 4343K(4480K)->4343K(4480K)
[538.284s][info][gc             ] GC(565) Pause Young (Allocation Failure) 571M->355M(604M) 81.300ms
[538.284s][info][gc,cpu         ] GC(565) User=0.14s Sys=0.02s Real=0.08s
[539.995s][info][gc,start       ] GC(566) Pause Young (Allocation Failure)
[540.059s][info][gc,heap        ] GC(566) PSYoungGen: 273792K(285696K)->14644K(288256K) Eden: 242688K(242688K)->0K(242688K) From: 31104K(43008K)->14644K(45568K)
[540.059s][info][gc,heap        ] GC(566) ParOldGen: 332946K(333312K)->364251K(364544K)
[540.059s][info][gc,metaspace   ] GC(566) Metaspace: 43108K(43520K)->43108K(43520K) NonClass: 38765K(39040K)->38765K(39040K) Class: 4343K(4480K)->4343K(4480K)
[540.059s][info][gc             ] GC(566) Pause Young (Allocation Failure) 592M->370M(637M) 64.417ms
[540.059s][info][gc,cpu         ] GC(566) User=0.11s Sys=0.02s Real=0.07s
[541.382s][info][gc,start       ] GC(567) Pause Young (Allocation Failure)
[541.405s][info][gc,heap        ] GC(567) PSYoungGen: 257332K(288256K)->7679K(285696K) Eden: 242688K(242688K)->0K(244736K) From: 14644K(45568K)->7679K(40960K)
[541.405s][info][gc,heap        ] GC(567) ParOldGen: 364251K(364544K)->377673K(377856K)
[541.405s][info][gc,metaspace   ] GC(567) Metaspace: 43108K(43520K)->43108K(43520K) NonClass: 38765K(39040K)->38765K(39040K) Class: 4343K(4480K)->4343K(4480K)
[541.405s][info][gc             ] GC(567) Pause Young (Allocation Failure) 607M->376M(648M) 23.483ms
[541.405s][info][gc,cpu         ] GC(567) User=0.04s Sys=0.01s Real=0.02s
[542.855s][info][gc,start       ] GC(568) Pause Young (Allocation Failure)
[542.889s][info][gc,heap        ] GC(568) PSYoungGen: 252415K(285696K)->25303K(287232K) Eden: 244736K(244736K)->0K(244736K) From: 7679K(40960K)->25303K(42496K)
[542.889s][info][gc,heap        ] GC(568) ParOldGen: 377673K(377856K)->385193K(385536K)
[542.889s][info][gc,metaspace   ] GC(568) Metaspace: 43108K(43520K)->43108K(43520K) NonClass: 38765K(39040K)->38765K(39040K) Class: 4343K(4480K)->4343K(4480K)
[542.889s][info][gc             ] GC(568) Pause Young (Allocation Failure) 615M->400M(657M) 34.022ms
[542.889s][info][gc,cpu         ] GC(568) User=0.06s Sys=0.01s Real=0.04s
[544.433s][info][gc,start       ] GC(569) Pause Young (Allocation Failure)
[544.486s][info][gc,heap        ] GC(569) PSYoungGen: 270039K(287232K)->22945K(290816K) Eden: 244736K(244736K)->0K(247808K) From: 25303K(42496K)->22945K(43008K)
[544.486s][info][gc,heap        ] GC(569) ParOldGen: 385193K(385536K)->410360K(410624K)
[544.486s][info][gc,metaspace   ] GC(569) Metaspace: 43108K(43520K)->43108K(43520K) NonClass: 38765K(39040K)->38765K(39040K) Class: 4343K(4480K)->4343K(4480K)
[544.486s][info][gc             ] GC(569) Pause Young (Allocation Failure) 639M->423M(685M) 53.269ms
[544.486s][info][gc,cpu         ] GC(569) User=0.09s Sys=0.02s Real=0.06s
[545.542s][info][gc,start       ] GC(570) Pause Young (Allocation Failure)
[545.598s][info][gc,heap        ] GC(570) PSYoungGen: 270753K(290816K)->31963K(280064K) Eden: 247808K(247808K)->0K(247808K) From: 22945K(43008K)->31963K(32256K)
[545.598s][info][gc,heap        ] GC(570) ParOldGen: 410360K(410624K)->433357K(433664K)
[545.598s][info][gc,metaspace   ] GC(570) Metaspace: 43108K(43520K)->43108K(43520K) NonClass: 38765K(39040K)->38765K(39040K) Class: 4343K(4480K)->4343K(4480K)
[545.598s][info][gc             ] GC(570) Pause Young (Allocation Failure) 665M->454M(697M) 56.292ms
[545.598s][info][gc,cpu         ] GC(570) User=0.09s Sys=0.01s Real=0.06s
[546.274s][info][gc,start       ] GC(571) Pause Young (Allocation Failure)
[546.349s][info][gc,heap        ] GC(571) PSYoungGen: 279771K(280064K)->31032K(284160K) Eden: 247808K(247808K)->0K(238592K) From: 31963K(32256K)->31032K(45568K)
[546.349s][info][gc,heap        ] GC(571) ParOldGen: 433357K(433664K)->465036K(465408K)
[546.349s][info][gc,metaspace   ] GC(571) Metaspace: 43108K(43520K)->43108K(43520K) NonClass: 38765K(39040K)->38765K(39040K) Class: 4343K(4480K)->4343K(4480K)
[546.349s][info][gc             ] GC(571) Pause Young (Allocation Failure) 696M->484M(732M) 74.747ms
[546.349s][info][gc,cpu         ] GC(571) User=0.12s Sys=0.03s Real=0.08s
[547.024s][info][gc,start       ] GC(572) Pause Young (Allocation Failure)
[547.095s][info][gc,heap        ] GC(572) PSYoungGen: 269624K(284160K)->29920K(268800K) Eden: 238592K(238592K)->0K(238592K) From: 31032K(45568K)->29920K(30208K)
[547.095s][info][gc,heap        ] GC(572) ParOldGen: 465036K(465408K)->494580K(494592K)
[547.095s][info][gc,metaspace   ] GC(572) Metaspace: 43108K(43520K)->43108K(43520K) NonClass: 38765K(39040K)->38765K(39040K) Class: 4343K(4480K)->4343K(4480K)
[547.095s][info][gc             ] GC(572) Pause Young (Allocation Failure) 717M->512M(745M) 71.088ms
[547.095s][info][gc,cpu         ] GC(572) User=0.11s Sys=0.03s Real=0.07s
[548.763s][info][gc,start       ] GC(573) Pause Young (Allocation Failure)
[548.816s][info][gc,heap        ] GC(573) PSYoungGen: 268512K(268800K)->15336K(287232K) Eden: 238592K(238592K)->0K(238592K) From: 29920K(30208K)->15336K(48640K)
[548.817s][info][gc,heap        ] GC(573) ParOldGen: 494580K(494592K)->524725K(524800K)
[548.817s][info][gc,metaspace   ] GC(573) Metaspace: 43108K(43520K)->43108K(43520K) NonClass: 38765K(39040K)->38765K(39040K) Class: 4343K(4480K)->4343K(4480K)
[548.817s][info][gc             ] GC(573) Pause Young (Allocation Failure) 745M->527M(793M) 53.137ms
[548.817s][info][gc,cpu         ] GC(573) User=0.09s Sys=0.02s Real=0.06s
[549.985s][info][gc,start       ] GC(574) Pause Young (Allocation Failure)
[550.005s][info][gc,heap        ] GC(574) PSYoungGen: 253928K(287232K)->4427K(285184K) Eden: 238592K(238592K)->0K(238592K) From: 15336K(48640K)->4427K(46592K)
[550.005s][info][gc,heap        ] GC(574) ParOldGen: 524725K(524800K)->538154K(538624K)
[550.005s][info][gc,metaspace   ] GC(574) Metaspace: 43108K(43520K)->43108K(43520K) NonClass: 38765K(39040K)->38765K(39040K) Class: 4343K(4480K)->4343K(4480K)
[550.005s][info][gc             ] GC(574) Pause Young (Allocation Failure) 760M->529M(804M) 20.184ms
[550.005s][info][gc,cpu         ] GC(574) User=0.03s Sys=0.01s Real=0.02s
[551.422s][info][gc,start       ] GC(575) Pause Young (Allocation Failure)
[551.452s][info][gc,heap        ] GC(575) PSYoungGen: 243019K(285184K)->26276K(285184K) Eden: 238592K(238592K)->0K(238592K) From: 4427K(46592K)->26276K(46592K)
[551.452s][info][gc,heap        ] GC(575) ParOldGen: 538154K(538624K)->542395K(542720K)
[551.452s][info][gc,metaspace   ] GC(575) Metaspace: 43108K(43520K)->43108K(43520K) NonClass: 38765K(39040K)->38765K(39040K) Class: 4343K(4480K)->4343K(4480K)
[551.452s][info][gc             ] GC(575) Pause Young (Allocation Failure) 762M->555M(808M) 30.469ms
[551.452s][info][gc,cpu         ] GC(575) User=0.06s Sys=0.01s Real=0.03s
[552.957s][info][gc,start       ] GC(576) Pause Young (Allocation Failure)
[553.013s][info][gc,heap        ] GC(576) PSYoungGen: 264868K(285184K)->23040K(285184K) Eden: 238592K(238592K)->0K(238592K) From: 26276K(46592K)->23040K(46592K)
[553.013s][info][gc,heap        ] GC(576) ParOldGen: 542395K(542720K)->568535K(568832K)
[553.013s][info][gc,metaspace   ] GC(576) Metaspace: 43108K(43520K)->43108K(43520K) NonClass: 38765K(39040K)->38765K(39040K) Class: 4343K(4480K)->4343K(4480K)
[553.013s][info][gc             ] GC(576) Pause Young (Allocation Failure) 788M->577M(834M) 55.979ms
[553.013s][info][gc,cpu         ] GC(576) User=0.09s Sys=0.03s Real=0.05s
[554.243s][info][gc,start       ] GC(577) Pause Young (Allocation Failure)
[554.298s][info][gc,heap        ] GC(577) PSYoungGen: 261632K(285184K)->27105K(286208K) Eden: 238592K(238592K)->0K(240640K) From: 23040K(46592K)->27105K(45568K)
[554.298s][info][gc,heap        ] GC(577) ParOldGen: 568535K(568832K)->591598K(591872K)
[554.298s][info][gc,metaspace   ] GC(577) Metaspace: 43108K(43520K)->43108K(43520K) NonClass: 38765K(39040K)->38765K(39040K) Class: 4343K(4480K)->4343K(4480K)
[554.298s][info][gc             ] GC(577) Pause Young (Allocation Failure) 810M->604M(857M) 54.857ms
[554.298s][info][gc,cpu         ] GC(577) User=0.09s Sys=0.02s Real=0.06s
[555.227s][info][gc,start       ] GC(578) Pause Young (Allocation Failure)
[555.262s][info][gc,heap        ] GC(578) PSYoungGen: 267745K(286208K)->15555K(286208K) Eden: 240640K(240640K)->0K(240640K) From: 27105K(45568K)->15555K(45568K)
[555.262s][info][gc,heap        ] GC(578) ParOldGen: 591598K(591872K)->610292K(610304K)
[555.262s][info][gc,metaspace   ] GC(578) Metaspace: 43108K(43520K)->43108K(43520K) NonClass: 38765K(39040K)->38765K(39040K) Class: 4343K(4480K)->4343K(4480K)
[555.262s][info][gc             ] GC(578) Pause Young (Allocation Failure) 839M->611M(875M) 35.153ms
[555.262s][info][gc,cpu         ] GC(578) User=0.06s Sys=0.01s Real=0.03s
[556.170s][info][gc,start       ] GC(579) Pause Young (Allocation Failure)
[556.190s][info][gc,heap        ] GC(579) PSYoungGen: 256195K(286208K)->20515K(284672K) Eden: 240640K(240640K)->0K(244224K) From: 15555K(45568K)->20515K(40448K)
[556.190s][info][gc,heap        ] GC(579) ParOldGen: 610292K(610304K)->611068K(611328K)
[556.190s][info][gc,metaspace   ] GC(579) Metaspace: 43108K(43520K)->43108K(43520K) NonClass: 38765K(39040K)->38765K(39040K) Class: 4343K(4480K)->4343K(4480K)
[556.190s][info][gc             ] GC(579) Pause Young (Allocation Failure) 846M->616M(875M) 20.483ms
[556.190s][info][gc,cpu         ] GC(579) User=0.04s Sys=0.00s Real=0.02s
[557.104s][info][gc,start       ] GC(580) Pause Young (Allocation Failure)
[557.112s][info][gc,heap        ] GC(580) PSYoungGen: 264739K(284672K)->6470K(285696K) Eden: 244224K(244224K)->0K(244224K) From: 20515K(40448K)->6470K(41472K)
[557.112s][info][gc,heap        ] GC(580) ParOldGen: 611068K(611328K)->612108K(612352K)
[557.112s][info][gc,metaspace   ] GC(580) Metaspace: 43108K(43520K)->43108K(43520K) NonClass: 38765K(39040K)->38765K(39040K) Class: 4343K(4480K)->4343K(4480K)
[557.112s][info][gc             ] GC(580) Pause Young (Allocation Failure) 855M->604M(877M) 7.976ms
[557.112s][info][gc,cpu         ] GC(580) User=0.02s Sys=0.00s Real=0.01s
[557.921s][info][gc,start       ] GC(581) Pause Young (Allocation Failure)
[557.926s][info][gc,heap        ] GC(581) PSYoungGen: 250694K(285696K)->3707K(291840K) Eden: 244224K(244224K)->0K(249856K) From: 6470K(41472K)->3707K(41984K)
[557.926s][info][gc,heap        ] GC(581) ParOldGen: 612108K(612352K)->613252K(613376K)
[557.927s][info][gc,metaspace   ] GC(581) Metaspace: 43108K(43520K)->43108K(43520K) NonClass: 38765K(39040K)->38765K(39040K) Class: 4343K(4480K)->4343K(4480K)
[557.927s][info][gc             ] GC(581) Pause Young (Allocation Failure) 842M->602M(884M) 5.554ms
[557.927s][info][gc,cpu         ] GC(581) User=0.01s Sys=0.00s Real=0.01s
[558.881s][info][gc,start       ] GC(582) Pause Young (Allocation Failure)
[558.906s][info][gc,heap        ] GC(582) PSYoungGen: 253563K(291840K)->25972K(275968K) Eden: 249856K(249856K)->0K(249856K) From: 3707K(41984K)->25972K(26112K)
[558.906s][info][gc,heap        ] GC(582) ParOldGen: 613252K(613376K)->614404K(614912K)
[558.906s][info][gc,metaspace   ] GC(582) Metaspace: 43108K(43520K)->43108K(43520K) NonClass: 38765K(39040K)->38765K(39040K) Class: 4343K(4480K)->4343K(4480K)
[558.906s][info][gc             ] GC(582) Pause Young (Allocation Failure) 846M->625M(870M) 24.826ms
[558.906s][info][gc,cpu         ] GC(582) User=0.04s Sys=0.00s Real=0.03s
[559.976s][info][gc,start       ] GC(583) Pause Young (Allocation Failure)
[559.998s][info][gc,heap        ] GC(583) PSYoungGen: 275828K(275968K)->12386K(292352K) Eden: 249856K(249856K)->0K(249344K) From: 25972K(26112K)->12386K(43008K)
[559.998s][info][gc,heap        ] GC(583) ParOldGen: 614404K(614912K)->615148K(615424K)
[559.998s][info][gc,metaspace   ] GC(583) Metaspace: 43108K(43520K)->43108K(43520K) NonClass: 38765K(39040K)->38765K(39040K) Class: 4343K(4480K)->4343K(4480K)
[559.998s][info][gc             ] GC(583) Pause Young (Allocation Failure) 869M->612M(886M) 22.068ms
[559.998s][info][gc,cpu         ] GC(583) User=0.03s Sys=0.00s Real=0.02s
[560.892s][info][gc,start       ] GC(584) Pause Young (Allocation Failure)
[560.904s][info][gc,heap        ] GC(584) PSYoungGen: 261730K(292352K)->11653K(261120K) Eden: 249344K(249344K)->0K(249344K) From: 12386K(43008K)->11653K(11776K)
[560.905s][info][gc,heap        ] GC(584) ParOldGen: 615148K(615424K)->616308K(616448K)
[560.905s][info][gc,metaspace   ] GC(584) Metaspace: 43108K(43520K)->43108K(43520K) NonClass: 38765K(39040K)->38765K(39040K) Class: 4343K(4480K)->4343K(4480K)
[560.905s][info][gc             ] GC(584) Pause Young (Allocation Failure) 856M->613M(857M) 12.545ms
[560.905s][info][gc,cpu         ] GC(584) User=0.02s Sys=0.00s Real=0.01s
[561.828s][info][gc,start       ] GC(585) Pause Young (Allocation Failure)
[561.840s][info][gc,heap        ] GC(585) PSYoungGen: 260997K(261120K)->10530K(290304K) Eden: 249344K(249344K)->0K(250368K) From: 11653K(11776K)->10530K(39936K)
[561.840s][info][gc,heap        ] GC(585) ParOldGen: 616308K(616448K)->617208K(617472K)
[561.840s][info][gc,metaspace   ] GC(585) Metaspace: 43109K(43520K)->43109K(43520K) NonClass: 38766K(39040K)->38766K(39040K) Class: 4343K(4480K)->4343K(4480K)
[561.840s][info][gc             ] GC(585) Pause Young (Allocation Failure) 856M->613M(886M) 12.287ms
[561.840s][info][gc,cpu         ] GC(585) User=0.03s Sys=0.00s Real=0.01s
[562.782s][info][gc,start       ] GC(586) Pause Young (Allocation Failure)
[562.790s][info][gc,heap        ] GC(586) PSYoungGen: 260898K(290304K)->7116K(289280K) Eden: 250368K(250368K)->0K(250368K) From: 10530K(39936K)->7116K(38912K)
[562.790s][info][gc,heap        ] GC(586) ParOldGen: 617208K(617472K)->618284K(618496K)
[562.790s][info][gc,metaspace   ] GC(586) Metaspace: 43109K(43520K)->43109K(43520K) NonClass: 38766K(39040K)->38766K(39040K) Class: 4343K(4480K)->4343K(4480K)
[562.791s][info][gc             ] GC(586) Pause Young (Allocation Failure) 857M->610M(886M) 8.725ms
[562.791s][info][gc,cpu         ] GC(586) User=0.01s Sys=0.00s Real=0.01s
[563.621s][info][gc,start       ] GC(587) Pause Young (Allocation Failure)
[563.666s][info][gc,heap        ] GC(587) PSYoungGen: 257484K(289280K)->38390K(280064K) Eden: 250368K(250368K)->0K(241664K) From: 7116K(38912K)->38390K(38400K)
[563.666s][info][gc,heap        ] GC(587) ParOldGen: 618284K(618496K)->622864K(623104K)
[563.666s][info][gc,metaspace   ] GC(587) Metaspace: 43109K(43520K)->43109K(43520K) NonClass: 38766K(39040K)->38766K(39040K) Class: 4343K(4480K)->4343K(4480K)
[563.666s][info][gc             ] GC(587) Pause Young (Allocation Failure) 855M->645M(882M) 44.459ms
[563.666s][info][gc,cpu         ] GC(587) User=0.08s Sys=0.01s Real=0.05s
[564.889s][info][gc,start       ] GC(588) Pause Young (Allocation Failure)
[564.936s][info][gc,heap        ] GC(588) PSYoungGen: 280054K(280064K)->15022K(287744K) Eden: 241664K(241664K)->0K(241664K) From: 38390K(38400K)->15022K(46080K)
[564.936s][info][gc,heap        ] GC(588) ParOldGen: 622864K(623104K)->643032K(643072K)
[564.936s][info][gc,metaspace   ] GC(588) Metaspace: 43111K(43520K)->43111K(43520K) NonClass: 38768K(39040K)->38768K(39040K) Class: 4343K(4480K)->4343K(4480K)
[564.936s][info][gc             ] GC(588) Pause Young (Allocation Failure) 881M->642M(909M) 47.517ms
[564.936s][info][gc,cpu         ] GC(588) User=0.08s Sys=0.00s Real=0.05s
[565.847s][info][gc,start       ] GC(589) Pause Full (Allocation Failure)
[565.847s][info][gc,phases,start] GC(589) Marking Phase
[565.904s][info][gc,phases      ] GC(589) Marking Phase 56.625ms
[565.904s][info][gc,phases,start] GC(589) Summary Phase
[565.904s][info][gc,phases      ] GC(589) Summary Phase 0.044ms
[565.904s][info][gc,phases,start] GC(589) Forward
[565.916s][info][gc,phases      ] GC(589) Forward 12.508ms
[565.916s][info][gc,phases,start] GC(589) Adjust Pointers
[565.950s][info][gc,phases      ] GC(589) Adjust Pointers 33.506ms
[565.950s][info][gc,phases,start] GC(589) Compaction Phase
[565.963s][info][gc,phases      ] GC(589) Compaction Phase 12.875ms
[565.963s][info][gc,phases,start] GC(589) Post Compact
[565.966s][info][gc,phases      ] GC(589) Post Compact 2.704ms
[566.003s][info][gc,heap        ] GC(589) PSYoungGen: 256686K(287744K)->0K(285696K) Eden: 241664K(241664K)->0K(243712K) From: 15022K(46080K)->0K(41984K)
[566.003s][info][gc,heap        ] GC(589) ParOldGen: 643032K(643072K)->75185K(216064K)
[566.003s][info][gc,metaspace   ] GC(589) Metaspace: 43111K(43520K)->43111K(43520K) NonClass: 38768K(39040K)->38768K(39040K) Class: 4343K(4480K)->4343K(4480K)
[566.003s][info][gc             ] GC(589) Pause Full (Allocation Failure) 878M->73M(490M) 155.988ms
[566.003s][info][gc,cpu         ] GC(589) User=0.18s Sys=0.03s Real=0.15s
[566.759s][info][gc,start       ] GC(590) Pause Young (Allocation Failure)
[566.779s][info][gc,heap        ] GC(590) PSYoungGen: 243712K(285696K)->29537K(287744K) Eden: 243712K(243712K)->0K(243712K) From: 0K(41984K)->29537K(44032K)
[566.779s][info][gc,heap        ] GC(590) ParOldGen: 75185K(216064K)->75185K(216064K)
[566.779s][info][gc,metaspace   ] GC(590) Metaspace: 43111K(43520K)->43111K(43520K) NonClass: 38768K(39040K)->38768K(39040K) Class: 4343K(4480K)->4343K(4480K)
[566.779s][info][gc             ] GC(590) Pause Young (Allocation Failure) 311M->102M(492M) 19.700ms
[566.779s][info][gc,cpu         ] GC(590) User=0.04s Sys=0.00s Real=0.02s
[567.593s][info][gc,start       ] GC(591) Pause Young (Allocation Failure)
[567.601s][info][gc,heap        ] GC(591) PSYoungGen: 273249K(287744K)->2100K(287232K) Eden: 243712K(243712K)->0K(241664K) From: 29537K(44032K)->2100K(45568K)
[567.601s][info][gc,heap        ] GC(591) ParOldGen: 75185K(216064K)->85546K(216064K)
[567.601s][info][gc,metaspace   ] GC(591) Metaspace: 43112K(43520K)->43112K(43520K) NonClass: 38769K(39040K)->38769K(39040K) Class: 4343K(4480K)->4343K(4480K)
[567.601s][info][gc             ] GC(591) Pause Young (Allocation Failure) 340M->85M(491M) 8.528ms
[567.601s][info][gc,cpu         ] GC(591) User=0.02s Sys=0.00s Real=0.01s
[568.457s][info][gc,start       ] GC(592) Pause Young (Allocation Failure)
[568.471s][info][gc,heap        ] GC(592) PSYoungGen: 243764K(287232K)->21021K(263168K) Eden: 241664K(241664K)->0K(241664K) From: 2100K(45568K)->21021K(21504K)
[568.471s][info][gc,heap        ] GC(592) ParOldGen: 85546K(216064K)->86029K(216064K)
[568.471s][info][gc,metaspace   ] GC(592) Metaspace: 43112K(43520K)->43112K(43520K) NonClass: 38769K(39040K)->38769K(39040K) Class: 4343K(4480K)->4343K(4480K)
[568.471s][info][gc             ] GC(592) Pause Young (Allocation Failure) 321M->104M(468M) 14.583ms
[568.471s][info][gc,cpu         ] GC(592) User=0.03s Sys=0.00s Real=0.01s
[569.339s][info][gc,start       ] GC(593) Pause Young (Allocation Failure)
[569.358s][info][gc,heap        ] GC(593) PSYoungGen: 262685K(263168K)->28311K(285696K) Eden: 241664K(241664K)->0K(241152K) From: 21021K(21504K)->28311K(44544K)
[569.358s][info][gc,heap        ] GC(593) ParOldGen: 86029K(216064K)->86813K(216064K)
[569.358s][info][gc,metaspace   ] GC(593) Metaspace: 43112K(43520K)->43112K(43520K) NonClass: 38769K(39040K)->38769K(39040K) Class: 4343K(4480K)->4343K(4480K)
[569.358s][info][gc             ] GC(593) Pause Young (Allocation Failure) 340M->112M(490M) 19.937ms
[569.359s][info][gc,cpu         ] GC(593) User=0.04s Sys=0.00s Real=0.02s
[570.260s][info][gc,start       ] GC(594) Pause Young (Allocation Failure)
[570.266s][info][gc,heap        ] GC(594) PSYoungGen: 269463K(285696K)->5271K(286720K) Eden: 241152K(241152K)->0K(241152K) From: 28311K(44544K)->5271K(45568K)
[570.266s][info][gc,heap        ] GC(594) ParOldGen: 86813K(216064K)->88475K(216064K)
[570.266s][info][gc,metaspace   ] GC(594) Metaspace: 43112K(43520K)->43112K(43520K) NonClass: 38769K(39040K)->38769K(39040K) Class: 4343K(4480K)->4343K(4480K)
[570.266s][info][gc             ] GC(594) Pause Young (Allocation Failure) 347M->91M(491M) 5.925ms
[570.266s][info][gc,cpu         ] GC(594) User=0.02s Sys=0.00s Real=0.01s
[571.153s][info][gc,start       ] GC(595) Pause Young (Allocation Failure)
[571.223s][info][gc,heap        ] GC(595) PSYoungGen: 246423K(286720K)->45547K(230912K) Eden: 241152K(241152K)->0K(185344K) From: 5271K(45568K)->45547K(45568K)
[571.223s][info][gc,heap        ] GC(595) ParOldGen: 88475K(216064K)->146116K(216064K)
[571.223s][info][gc,metaspace   ] GC(595) Metaspace: 43112K(43520K)->43112K(43520K) NonClass: 38769K(39040K)->38769K(39040K) Class: 4343K(4480K)->4343K(4480K)
[571.223s][info][gc             ] GC(595) Pause Young (Allocation Failure) 327M->187M(436M) 70.126ms
[571.223s][info][gc,cpu         ] GC(595) User=0.13s Sys=0.00s Real=0.07s
[571.868s][info][gc,start       ] GC(596) Pause Young (Allocation Failure)
[571.918s][info][gc,heap        ] GC(596) PSYoungGen: 230838K(230912K)->24088K(259584K) Eden: 185291K(185344K)->0K(185344K) From: 45547K(45568K)->24088K(74240K)
[571.918s][info][gc,heap        ] GC(596) ParOldGen: 146116K(216064K)->191247K(216064K)
[571.918s][info][gc,metaspace   ] GC(596) Metaspace: 43114K(43520K)->43114K(43520K) NonClass: 38770K(39040K)->38770K(39040K) Class: 4343K(4480K)->4343K(4480K)
[571.918s][info][gc             ] GC(596) Pause Young (Allocation Failure) 368M->210M(464M) 50.396ms
[571.918s][info][gc,cpu         ] GC(596) User=0.10s Sys=0.00s Real=0.05s
[572.603s][info][gc,start       ] GC(597) Pause Young (Allocation Failure)
[572.629s][info][gc,heap        ] GC(597) PSYoungGen: 209432K(259584K)->30310K(249856K) Eden: 185344K(185344K)->0K(189952K) From: 24088K(74240K)->30310K(59904K)
[572.629s][info][gc,heap        ] GC(597) ParOldGen: 191247K(216064K)->198956K(216064K)
[572.629s][info][gc,metaspace   ] GC(597) Metaspace: 43114K(43520K)->43114K(43520K) NonClass: 38770K(39040K)->38770K(39040K) Class: 4343K(4480K)->4343K(4480K)
[572.629s][info][gc             ] GC(597) Pause Young (Allocation Failure) 391M->223M(455M) 25.763ms
[572.629s][info][gc,cpu         ] GC(597) User=0.05s Sys=0.00s Real=0.03s
[573.290s][info][gc,start       ] GC(598) Pause Young (Allocation Failure)
[573.294s][info][gc,heap        ] GC(598) PSYoungGen: 220262K(249856K)->3641K(257024K) Eden: 189952K(189952K)->0K(189952K) From: 30310K(59904K)->3641K(67072K)
[573.294s][info][gc,heap        ] GC(598) ParOldGen: 198956K(216064K)->199784K(216064K)
[573.294s][info][gc,metaspace   ] GC(598) Metaspace: 43114K(43520K)->43114K(43520K) NonClass: 38770K(39040K)->38770K(39040K) Class: 4343K(4480K)->4343K(4480K)
[573.294s][info][gc             ] GC(598) Pause Young (Allocation Failure) 409M->198M(462M) 4.681ms
[573.294s][info][gc,cpu         ] GC(598) User=0.01s Sys=0.00s Real=0.00s
[573.946s][info][gc,start       ] GC(599) Pause Young (Allocation Failure)
[573.955s][info][gc,heap        ] GC(599) PSYoungGen: 193593K(257024K)->12977K(261632K) Eden: 189952K(189952K)->0K(199680K) From: 3641K(67072K)->12977K(61952K)
[573.955s][info][gc,heap        ] GC(599) ParOldGen: 199784K(216064K)->200545K(216064K)
[573.955s][info][gc,metaspace   ] GC(599) Metaspace: 43114K(43520K)->43114K(43520K) NonClass: 38770K(39040K)->38770K(39040K) Class: 4343K(4480K)->4343K(4480K)
[573.955s][info][gc             ] GC(599) Pause Young (Allocation Failure) 384M->208M(466M) 9.474ms
[573.955s][info][gc,cpu         ] GC(599) User=0.01s Sys=0.00s Real=0.01s
[574.647s][info][gc,start       ] GC(600) Pause Young (Allocation Failure)
[574.661s][info][gc,heap        ] GC(600) PSYoungGen: 212657K(261632K)->24016K(264192K) Eden: 199680K(199680K)->0K(199680K) From: 12977K(61952K)->24016K(64512K)
[574.661s][info][gc,heap        ] GC(600) ParOldGen: 200545K(216064K)->201005K(216064K)
[574.661s][info][gc,metaspace   ] GC(600) Metaspace: 43114K(43520K)->43114K(43520K) NonClass: 38770K(39040K)->38770K(39040K) Class: 4343K(4480K)->4343K(4480K)
[574.661s][info][gc             ] GC(600) Pause Young (Allocation Failure) 403M->219M(469M) 14.905ms
[574.661s][info][gc,cpu         ] GC(600) User=0.03s Sys=0.00s Real=0.01s
[575.266s][info][gc,start       ] GC(601) Pause Young (Allocation Failure)
[575.281s][info][gc,heap        ] GC(601) PSYoungGen: 223696K(264192K)->22021K(263168K) Eden: 199680K(199680K)->0K(208384K) From: 24016K(64512K)->22021K(54784K)
[575.281s][info][gc,heap        ] GC(601) ParOldGen: 201005K(216064K)->201359K(216064K)
[575.281s][info][gc,metaspace   ] GC(601) Metaspace: 43114K(43520K)->43114K(43520K) NonClass: 38770K(39040K)->38770K(39040K) Class: 4343K(4480K)->4343K(4480K)
[575.281s][info][gc             ] GC(601) Pause Young (Allocation Failure) 414M->218M(468M) 14.238ms
[575.281s][info][gc,cpu         ] GC(601) User=0.03s Sys=0.00s Real=0.01s
[575.941s][info][gc,start       ] GC(602) Pause Young (Allocation Failure)
[575.958s][info][gc,heap        ] GC(602) PSYoungGen: 230405K(263168K)->2411K(265728K) Eden: 208384K(208384K)->0K(208384K) From: 22021K(54784K)->2411K(57344K)
[575.958s][info][gc,heap        ] GC(602) ParOldGen: 201359K(216064K)->221893K(222208K)
[575.959s][info][gc,metaspace   ] GC(602) Metaspace: 43114K(43520K)->43114K(43520K) NonClass: 38770K(39040K)->38770K(39040K) Class: 4343K(4480K)->4343K(4480K)
[575.959s][info][gc             ] GC(602) Pause Young (Allocation Failure) 421M->219M(476M) 17.705ms
[575.959s][info][gc,cpu         ] GC(602) User=0.02s Sys=0.01s Real=0.02s
[576.549s][info][gc,start       ] GC(603) Pause Young (Allocation Failure)
[576.553s][info][gc,heap        ] GC(603) PSYoungGen: 210795K(265728K)->3431K(275456K) Eden: 208384K(208384K)->0K(219136K) From: 2411K(57344K)->3431K(56320K)
[576.553s][info][gc,heap        ] GC(603) ParOldGen: 221893K(222208K)->221917K(222208K)
[576.553s][info][gc,metaspace   ] GC(603) Metaspace: 43114K(43520K)->43114K(43520K) NonClass: 38770K(39040K)->38770K(39040K) Class: 4343K(4480K)->4343K(4480K)
[576.553s][info][gc             ] GC(603) Pause Young (Allocation Failure) 422M->220M(486M) 4.252ms
[576.553s][info][gc,cpu         ] GC(603) User=0.00s Sys=0.00s Real=0.00s
[576.953s][info][gc,start       ] GC(604) Pause Young (Allocation Failure)
[576.959s][info][gc,heap        ] GC(604) PSYoungGen: 222567K(275456K)->2862K(275968K) Eden: 219136K(219136K)->0K(219136K) From: 3431K(56320K)->2862K(56832K)
[576.959s][info][gc,heap        ] GC(604) ParOldGen: 221917K(222208K)->223876K(224256K)
[576.959s][info][gc,metaspace   ] GC(604) Metaspace: 43114K(43520K)->43114K(43520K) NonClass: 38770K(39040K)->38770K(39040K) Class: 4343K(4480K)->4343K(4480K)
[576.959s][info][gc             ] GC(604) Pause Young (Allocation Failure) 434M->221M(488M) 5.728ms
[576.959s][info][gc,cpu         ] GC(604) User=0.01s Sys=0.00s Real=0.01s
[577.401s][info][gc,start       ] GC(605) Pause Young (Allocation Failure)
[577.409s][info][gc,heap        ] GC(605) PSYoungGen: 221998K(275968K)->10267K(272384K) Eden: 219136K(219136K)->0K(221184K) From: 2862K(56832K)->10267K(51200K)
[577.409s][info][gc,heap        ] GC(605) ParOldGen: 223876K(224256K)->223908K(224256K)
[577.409s][info][gc,metaspace   ] GC(605) Metaspace: 43114K(43520K)->43114K(43520K) NonClass: 38770K(39040K)->38770K(39040K) Class: 4343K(4480K)->4343K(4480K)
[577.409s][info][gc             ] GC(605) Pause Young (Allocation Failure) 435M->228M(485M) 7.631ms
[577.409s][info][gc,cpu         ] GC(605) User=0.01s Sys=0.00s Real=0.01s
[577.690s][info][gc,start       ] GC(606) Pause Young (Allocation Failure)
[577.702s][info][gc,heap        ] GC(606) PSYoungGen: 231451K(272384K)->1184K(274432K) Eden: 221184K(221184K)->0K(221184K) From: 10267K(51200K)->1184K(53248K)
[577.702s][info][gc,heap        ] GC(606) ParOldGen: 223908K(224256K)->233972K(233984K)
[577.702s][info][gc,metaspace   ] GC(606) Metaspace: 43114K(43520K)->43114K(43520K) NonClass: 38770K(39040K)->38770K(39040K) Class: 4343K(4480K)->4343K(4480K)
[577.702s][info][gc             ] GC(606) Pause Young (Allocation Failure) 444M->229M(496M) 11.933ms
[577.702s][info][gc,cpu         ] GC(606) User=0.01s Sys=0.01s Real=0.01s
[577.993s][info][gc,start       ] GC(607) Pause Young (Allocation Failure)
[577.998s][info][gc,heap        ] GC(607) PSYoungGen: 222368K(274432K)->1857K(276480K) Eden: 221184K(221184K)->0K(228352K) From: 1184K(53248K)->1857K(48128K)
[577.998s][info][gc,heap        ] GC(607) ParOldGen: 233972K(233984K)->235103K(235520K)
[577.998s][info][gc,metaspace   ] GC(607) Metaspace: 43114K(43520K)->43114K(43520K) NonClass: 38770K(39040K)->38770K(39040K) Class: 4343K(4480K)->4343K(4480K)
[577.998s][info][gc             ] GC(607) Pause Young (Allocation Failure) 445M->231M(500M) 5.141ms
[577.998s][info][gc,cpu         ] GC(607) User=0.01s Sys=0.00s Real=0.01s
[578.305s][info][gc,start       ] GC(608) Pause Young (Allocation Failure)
[578.312s][info][gc,heap        ] GC(608) PSYoungGen: 229036K(276480K)->3464K(279040K) Eden: 227179K(228352K)->0K(228352K) From: 1857K(48128K)->3464K(50688K)
[578.312s][info][gc,heap        ] GC(608) ParOldGen: 235103K(235520K)->236913K(237056K)
[578.312s][info][gc,metaspace   ] GC(608) Metaspace: 43114K(43520K)->43114K(43520K) NonClass: 38770K(39040K)->38770K(39040K) Class: 4343K(4480K)->4343K(4480K)
[578.312s][info][gc             ] GC(608) Pause Young (Allocation Failure) 453M->234M(504M) 7.147ms
[578.313s][info][gc,cpu         ] GC(608) User=0.02s Sys=0.01s Real=0.01s
[578.632s][info][gc,start       ] GC(609) Pause Young (Allocation Failure)
[578.643s][info][gc,heap        ] GC(609) PSYoungGen: 231816K(279040K)->5313K(278528K) Eden: 228352K(228352K)->0K(234496K) From: 3464K(50688K)->5313K(44032K)
[578.643s][info][gc,heap        ] GC(609) ParOldGen: 236913K(237056K)->240363K(240640K)
[578.643s][info][gc,metaspace   ] GC(609) Metaspace: 43115K(43520K)->43115K(43520K) NonClass: 38772K(39040K)->38772K(39040K) Class: 4343K(4480K)->4343K(4480K)
[578.643s][info][gc             ] GC(609) Pause Young (Allocation Failure) 457M->239M(507M) 10.773ms
[578.643s][info][gc,cpu         ] GC(609) User=0.02s Sys=0.01s Real=0.01s
[578.976s][info][gc,start       ] GC(610) Pause Young (Allocation Failure)
[578.990s][info][gc,heap        ] GC(610) PSYoungGen: 239809K(278528K)->8061K(281088K) Eden: 234496K(234496K)->0K(234496K) From: 5313K(44032K)->8061K(46592K)
[578.990s][info][gc,heap        ] GC(610) ParOldGen: 240363K(240640K)->245574K(245760K)
[578.990s][info][gc,metaspace   ] GC(610) Metaspace: 43115K(43520K)->43115K(43520K) NonClass: 38772K(39040K)->38772K(39040K) Class: 4343K(4480K)->4343K(4480K)
[578.990s][info][gc             ] GC(610) Pause Young (Allocation Failure) 468M->247M(514M) 14.781ms
[578.990s][info][gc,cpu         ] GC(610) User=0.02s Sys=0.01s Real=0.02s
[579.325s][info][gc,start       ] GC(611) Pause Young (Allocation Failure)
[579.340s][info][gc,heap        ] GC(611) PSYoungGen: 241203K(281088K)->5729K(282112K) Eden: 233142K(234496K)->0K(243200K) From: 8061K(46592K)->5729K(38912K)
[579.340s][info][gc,heap        ] GC(611) ParOldGen: 245574K(245760K)->251845K(251904K)
[579.340s][info][gc,metaspace   ] GC(611) Metaspace: 43115K(43520K)->43115K(43520K) NonClass: 38772K(39040K)->38772K(39040K) Class: 4343K(4480K)->4343K(4480K)
[579.340s][info][gc             ] GC(611) Pause Young (Allocation Failure) 475M->251M(521M) 15.346ms
[579.340s][info][gc,cpu         ] GC(611) User=0.02s Sys=0.01s Real=0.02s
[579.870s][info][gc,start       ] GC(612) Pause Young (Allocation Failure)
[579.893s][info][gc,heap        ] GC(612) PSYoungGen: 248929K(282112K)->13883K(284672K) Eden: 243200K(243200K)->0K(243200K) From: 5729K(38912K)->13883K(41472K)
[579.893s][info][gc,heap        ] GC(612) ParOldGen: 251845K(251904K)->257445K(257536K)
[579.893s][info][gc,metaspace   ] GC(612) Metaspace: 43115K(43520K)->43115K(43520K) NonClass: 38772K(39040K)->38772K(39040K) Class: 4343K(4480K)->4343K(4480K)
[579.893s][info][gc             ] GC(612) Pause Young (Allocation Failure) 489M->264M(529M) 22.459ms
[579.893s][info][gc,cpu         ] GC(612) User=0.04s Sys=0.01s Real=0.02s
[580.480s][info][gc,start       ] GC(613) Pause Young (Allocation Failure)
[580.497s][info][gc,heap        ] GC(613) PSYoungGen: 257083K(284672K)->539K(290816K) Eden: 243200K(243200K)->0K(252928K) From: 13883K(41472K)->539K(37888K)
[580.497s][info][gc,heap        ] GC(613) ParOldGen: 257445K(257536K)->270227K(270336K)
[580.497s][info][gc,metaspace   ] GC(613) Metaspace: 43117K(43520K)->43117K(43520K) NonClass: 38774K(39040K)->38774K(39040K) Class: 4343K(4480K)->4343K(4480K)
[580.497s][info][gc             ] GC(613) Pause Young (Allocation Failure) 502M->264M(548M) 17.093ms
[580.497s][info][gc,cpu         ] GC(613) User=0.03s Sys=0.01s Real=0.02s
[581.107s][info][gc,start       ] GC(614) Pause Young (Allocation Failure)
[581.111s][info][gc,heap        ] GC(614) PSYoungGen: 253467K(290816K)->4204K(291840K) Eden: 252928K(252928K)->0K(252928K) From: 539K(37888K)->4204K(38912K)
[581.112s][info][gc,heap        ] GC(614) ParOldGen: 270227K(270336K)->270478K(270848K)
[581.112s][info][gc,metaspace   ] GC(614) Metaspace: 43117K(43520K)->43117K(43520K) NonClass: 38774K(39040K)->38774K(39040K) Class: 4343K(4480K)->4343K(4480K)
[581.112s][info][gc             ] GC(614) Pause Young (Allocation Failure) 511M->268M(549M) 4.846ms
[581.112s][info][gc,cpu         ] GC(614) User=0.01s Sys=0.00s Real=0.00s
[581.712s][info][gc,start       ] GC(615) Pause Young (Allocation Failure)
[581.718s][info][gc,heap        ] GC(615) PSYoungGen: 257132K(291840K)->5849K(291840K) Eden: 252928K(252928K)->0K(258048K) From: 4204K(38912K)->5849K(33792K)
[581.718s][info][gc,heap        ] GC(615) ParOldGen: 270478K(270848K)->270486K(270848K)
[581.718s][info][gc,metaspace   ] GC(615) Metaspace: 43147K(43520K)->43147K(43520K) NonClass: 38804K(39040K)->38804K(39040K) Class: 4343K(4480K)->4343K(4480K)
[581.718s][info][gc             ] GC(615) Pause Young (Allocation Failure) 515M->269M(549M) 5.779ms
[581.718s][info][gc,cpu         ] GC(615) User=0.02s Sys=0.00s Real=0.01s
[582.397s][info][gc,start       ] GC(616) Pause Young (Allocation Failure)
[582.403s][info][gc,heap        ] GC(616) PSYoungGen: 263897K(291840K)->6834K(292864K) Eden: 258048K(258048K)->0K(258048K) From: 5849K(33792K)->6834K(34816K)
[582.403s][info][gc,heap        ] GC(616) ParOldGen: 270486K(270848K)->270534K(270848K)
[582.403s][info][gc,metaspace   ] GC(616) Metaspace: 43165K(43584K)->43165K(43584K) NonClass: 38822K(39104K)->38822K(39104K) Class: 4343K(4480K)->4343K(4480K)
[582.403s][info][gc             ] GC(616) Pause Young (Allocation Failure) 521M->270M(550M) 6.008ms
[582.403s][info][gc,cpu         ] GC(616) User=0.01s Sys=0.00s Real=0.00s
[583.539s][info][gc,start       ] GC(617) Pause Young (Allocation Failure)
[583.544s][info][gc,heap        ] GC(617) PSYoungGen: 264882K(292864K)->3090K(296960K) Eden: 258048K(258048K)->0K(266240K) From: 6834K(34816K)->3090K(30720K)
[583.544s][info][gc,heap        ] GC(617) ParOldGen: 270534K(270848K)->270654K(270848K)
[583.544s][info][gc,metaspace   ] GC(617) Metaspace: 43165K(43584K)->43165K(43584K) NonClass: 38822K(39104K)->38822K(39104K) Class: 4343K(4480K)->4343K(4480K)
[583.544s][info][gc             ] GC(617) Pause Young (Allocation Failure) 522M->267M(554M) 5.174ms
[583.544s][info][gc,cpu         ] GC(617) User=0.01s Sys=0.00s Real=0.00s
[584.659s][info][gc,start       ] GC(618) Pause Young (Allocation Failure)
[584.682s][info][gc,heap        ] GC(618) PSYoungGen: 269330K(296960K)->21050K(297472K) Eden: 266240K(266240K)->0K(266240K) From: 3090K(30720K)->21050K(31232K)
[584.682s][info][gc,heap        ] GC(618) ParOldGen: 270654K(270848K)->273616K(273920K)
[584.682s][info][gc,metaspace   ] GC(618) Metaspace: 43171K(43584K)->43171K(43584K) NonClass: 38828K(39104K)->38828K(39104K) Class: 4343K(4480K)->4343K(4480K)
[584.682s][info][gc             ] GC(618) Pause Young (Allocation Failure) 527M->287M(558M) 23.233ms
[584.683s][info][gc,cpu         ] GC(618) User=0.04s Sys=0.00s Real=0.02s
[585.338s][info][gc,start       ] GC(619) Pause Young (Allocation Failure)
[585.401s][info][gc,heap        ] GC(619) PSYoungGen: 287290K(297472K)->30120K(289792K) Eden: 266240K(266240K)->0K(256000K) From: 21050K(31232K)->30120K(33792K)
[585.401s][info][gc,heap        ] GC(619) ParOldGen: 273616K(273920K)->294184K(294400K)
[585.401s][info][gc,metaspace   ] GC(619) Metaspace: 43171K(43584K)->43171K(43584K) NonClass: 38828K(39104K)->38828K(39104K) Class: 4343K(4480K)->4343K(4480K)
[585.401s][info][gc             ] GC(619) Pause Young (Allocation Failure) 547M->316M(570M) 62.453ms
[585.401s][info][gc,cpu         ] GC(619) User=0.11s Sys=0.01s Real=0.06s
[586.035s][info][gc,start       ] GC(620) Pause Young (Allocation Failure)
[586.104s][info][gc,heap        ] GC(620) PSYoungGen: 286120K(289792K)->31616K(287744K) Eden: 256000K(256000K)->0K(256000K) From: 30120K(33792K)->31616K(31744K)
[586.104s][info][gc,heap        ] GC(620) ParOldGen: 294184K(294400K)->322836K(323072K)
[586.104s][info][gc,metaspace   ] GC(620) Metaspace: 43171K(43584K)->43171K(43584K) NonClass: 38828K(39104K)->38828K(39104K) Class: 4343K(4480K)->4343K(4480K)
[586.104s][info][gc             ] GC(620) Pause Young (Allocation Failure) 566M->346M(596M) 69.367ms
[586.104s][info][gc,cpu         ] GC(620) User=0.11s Sys=0.02s Real=0.07s
[589.422s][info][gc,start       ] GC(621) Pause Young (Allocation Failure)
[589.482s][info][gc,heap        ] GC(621) PSYoungGen: 287616K(287744K)->15952K(292352K) Eden: 256000K(256000K)->0K(248832K) From: 31616K(31744K)->15952K(43520K)
[589.482s][info][gc,heap        ] GC(621) ParOldGen: 322836K(323072K)->352061K(352256K)
[589.482s][info][gc,metaspace   ] GC(621) Metaspace: 43174K(43584K)->43174K(43584K) NonClass: 38831K(39104K)->38831K(39104K) Class: 4343K(4480K)->4343K(4480K)
[589.482s][info][gc             ] GC(621) Pause Young (Allocation Failure) 596M->359M(629M) 59.401ms
[589.482s][info][gc,cpu         ] GC(621) User=0.09s Sys=0.03s Real=0.06s
[590.219s][info][gc,start       ] GC(622) Pause Young (Allocation Failure)
[590.253s][info][gc,heap        ] GC(622) PSYoungGen: 264784K(292352K)->16122K(265216K) Eden: 248832K(248832K)->0K(248832K) From: 15952K(43520K)->16122K(16384K)
[590.253s][info][gc,heap        ] GC(622) ParOldGen: 352061K(352256K)->367897K(368128K)
[590.253s][info][gc,metaspace   ] GC(622) Metaspace: 43174K(43584K)->43174K(43584K) NonClass: 38831K(39104K)->38831K(39104K) Class: 4343K(4480K)->4343K(4480K)
[590.253s][info][gc             ] GC(622) Pause Young (Allocation Failure) 602M->375M(618M) 33.389ms
[590.253s][info][gc,cpu         ] GC(622) User=0.05s Sys=0.01s Real=0.03s
[590.920s][info][gc,start       ] GC(623) Pause Young (Allocation Failure)
[590.974s][info][gc,heap        ] GC(623) PSYoungGen: 264954K(265216K)->31160K(284160K) Eden: 248832K(248832K)->0K(244736K) From: 16122K(16384K)->31160K(39424K)
[590.974s][info][gc,heap        ] GC(623) ParOldGen: 367897K(368128K)->383601K(384000K)
[590.974s][info][gc,metaspace   ] GC(623) Metaspace: 43174K(43584K)->43174K(43584K) NonClass: 38831K(39104K)->38831K(39104K) Class: 4343K(4480K)->4343K(4480K)
[590.974s][info][gc             ] GC(623) Pause Young (Allocation Failure) 618M->405M(652M) 54.691ms
[590.974s][info][gc,cpu         ] GC(623) User=0.09s Sys=0.01s Real=0.05s
[591.632s][info][gc,start       ] GC(624) Pause Young (Allocation Failure)
[591.704s][info][gc,heap        ] GC(624) PSYoungGen: 275896K(284160K)->30639K(275456K) Eden: 244736K(244736K)->0K(244736K) From: 31160K(39424K)->30639K(30720K)
[591.704s][info][gc,heap        ] GC(624) ParOldGen: 383601K(384000K)->413321K(413696K)
[591.704s][info][gc,metaspace   ] GC(624) Metaspace: 43174K(43584K)->43174K(43584K) NonClass: 38831K(39104K)->38831K(39104K) Class: 4343K(4480K)->4343K(4480K)
[591.704s][info][gc             ] GC(624) Pause Young (Allocation Failure) 644M->433M(673M) 72.211ms
[591.704s][info][gc,cpu         ] GC(624) User=0.12s Sys=0.02s Real=0.07s
[593.386s][info][gc,start       ] GC(625) Pause Young (Allocation Failure)
[593.444s][info][gc,heap        ] GC(625) PSYoungGen: 275375K(275456K)->14612K(290304K) Eden: 244736K(244736K)->0K(244224K) From: 30639K(30720K)->14612K(46080K)
[593.444s][info][gc,heap        ] GC(625) ParOldGen: 413321K(413696K)->444122K(444416K)
[593.444s][info][gc,metaspace   ] GC(625) Metaspace: 43174K(43584K)->43174K(43584K) NonClass: 38831K(39104K)->38831K(39104K) Class: 4343K(4480K)->4343K(4480K)
[593.444s][info][gc             ] GC(625) Pause Young (Allocation Failure) 672M->447M(717M) 57.559ms
[593.444s][info][gc,cpu         ] GC(625) User=0.10s Sys=0.02s Real=0.05s
[594.739s][info][gc,start       ] GC(626) Pause Young (Allocation Failure)
[594.763s][info][gc,heap        ] GC(626) PSYoungGen: 258836K(290304K)->7652K(251904K) Eden: 244224K(244224K)->0K(244224K) From: 14612K(46080K)->7652K(7680K)
[594.763s][info][gc,heap        ] GC(626) ParOldGen: 444122K(444416K)->457748K(458240K)
[594.763s][info][gc,metaspace   ] GC(626) Metaspace: 43174K(43584K)->43174K(43584K) NonClass: 38831K(39104K)->38831K(39104K) Class: 4343K(4480K)->4343K(4480K)
[594.763s][info][gc             ] GC(626) Pause Young (Allocation Failure) 686M->454M(693M) 24.036ms
[594.763s][info][gc,cpu         ] GC(626) User=0.04s Sys=0.01s Real=0.02s
[596.217s][info][gc,start       ] GC(627) Pause Young (Allocation Failure)
[596.251s][info][gc,heap        ] GC(627) PSYoungGen: 251876K(251904K)->25212K(285696K) Eden: 244224K(244224K)->0K(243200K) From: 7652K(7680K)->25212K(42496K)
[596.251s][info][gc,heap        ] GC(627) ParOldGen: 457748K(458240K)->465302K(465408K)
[596.251s][info][gc,metaspace   ] GC(627) Metaspace: 43174K(43584K)->43174K(43584K) NonClass: 38831K(39104K)->38831K(39104K) Class: 4343K(4480K)->4343K(4480K)
[596.251s][info][gc             ] GC(627) Pause Young (Allocation Failure) 692M->479M(733M) 33.839ms
[596.251s][info][gc,cpu         ] GC(627) User=0.06s Sys=0.01s Real=0.03s
[597.758s][info][gc,start       ] GC(628) Pause Young (Allocation Failure)
[597.811s][info][gc,heap        ] GC(628) PSYoungGen: 268412K(285696K)->22951K(286720K) Eden: 243200K(243200K)->0K(243200K) From: 25212K(42496K)->22951K(43520K)
[597.811s][info][gc,heap        ] GC(628) ParOldGen: 465302K(465408K)->490427K(490496K)
[597.811s][info][gc,metaspace   ] GC(628) Metaspace: 43174K(43584K)->43174K(43584K) NonClass: 38831K(39104K)->38831K(39104K) Class: 4343K(4480K)->4343K(4480K)
[597.811s][info][gc             ] GC(628) Pause Young (Allocation Failure) 716M->501M(759M) 53.523ms
[597.811s][info][gc,cpu         ] GC(628) User=0.09s Sys=0.01s Real=0.05s
[598.857s][info][gc,start       ] GC(629) Pause Young (Allocation Failure)
[598.914s][info][gc,heap        ] GC(629) PSYoungGen: 266151K(286720K)->31364K(285696K) Eden: 243200K(243200K)->0K(242688K) From: 22951K(43520K)->31364K(43008K)
[598.914s][info][gc,heap        ] GC(629) ParOldGen: 490427K(490496K)->513364K(513536K)
[598.914s][info][gc,metaspace   ] GC(629) Metaspace: 43174K(43584K)->43174K(43584K) NonClass: 38831K(39104K)->38831K(39104K) Class: 4343K(4480K)->4343K(4480K)
[598.914s][info][gc             ] GC(629) Pause Young (Allocation Failure) 738M->531M(780M) 56.962ms
[598.914s][info][gc,cpu         ] GC(629) User=0.10s Sys=0.02s Real=0.05s
[599.571s][info][gc,start       ] GC(630) Pause Young (Allocation Failure)
[599.642s][info][gc,heap        ] GC(630) PSYoungGen: 274052K(285696K)->30488K(273408K) Eden: 242688K(242688K)->0K(242688K) From: 31364K(43008K)->30488K(30720K)
[599.642s][info][gc,heap        ] GC(630) ParOldGen: 513364K(513536K)->544426K(544768K)
[599.642s][info][gc,metaspace   ] GC(630) Metaspace: 43174K(43584K)->43174K(43584K) NonClass: 38831K(39104K)->38831K(39104K) Class: 4343K(4480K)->4343K(4480K)
[599.642s][info][gc             ] GC(630) Pause Young (Allocation Failure) 768M->561M(799M) 70.821ms
[599.642s][info][gc,cpu         ] GC(630) User=0.12s Sys=0.03s Real=0.07s
[600.301s][info][gc,start       ] GC(631) Pause Young (Allocation Failure)
[600.371s][info][gc,heap        ] GC(631) PSYoungGen: 273176K(273408K)->30528K(284672K) Eden: 242688K(242688K)->0K(237568K) From: 30488K(30720K)->30528K(47104K)
[600.371s][info][gc,heap        ] GC(631) ParOldGen: 544426K(544768K)->573466K(573952K)
[600.371s][info][gc,metaspace   ] GC(631) Metaspace: 43174K(43584K)->43174K(43584K) NonClass: 38831K(39104K)->38831K(39104K) Class: 4343K(4480K)->4343K(4480K)
[600.371s][info][gc             ] GC(631) Pause Young (Allocation Failure) 798M->589M(838M) 70.119ms
[600.371s][info][gc,cpu         ] GC(631) User=0.12s Sys=0.02s Real=0.07s
[601.977s][info][gc,start       ] GC(632) Pause Young (Allocation Failure)
[602.032s][info][gc,heap        ] GC(632) PSYoungGen: 268096K(284672K)->15053K(252928K) Eden: 237568K(237568K)->0K(237568K) From: 30528K(47104K)->15053K(15360K)
[602.032s][info][gc,heap        ] GC(632) ParOldGen: 573466K(573952K)->604179K(604672K)
[602.032s][info][gc,metaspace   ] GC(632) Metaspace: 43174K(43584K)->43174K(43584K) NonClass: 38831K(39104K)->38831K(39104K) Class: 4343K(4480K)->4343K(4480K)
[602.032s][info][gc             ] GC(632) Pause Young (Allocation Failure) 821M->604M(837M) 54.994ms
[602.032s][info][gc,cpu         ] GC(632) User=0.09s Sys=0.01s Real=0.05s
[603.116s][info][gc,start       ] GC(633) Pause Young (Allocation Failure)
[603.143s][info][gc,heap        ] GC(633) PSYoungGen: 252621K(252928K)->10574K(286208K) Eden: 237568K(237568K)->0K(239616K) From: 15053K(15360K)->10574K(46592K)
[603.143s][info][gc,heap        ] GC(633) ParOldGen: 604179K(604672K)->618275K(618496K)
[603.143s][info][gc,metaspace   ] GC(633) Metaspace: 43174K(43584K)->43174K(43584K) NonClass: 38831K(39104K)->38831K(39104K) Class: 4343K(4480K)->4343K(4480K)
[603.143s][info][gc             ] GC(633) Pause Young (Allocation Failure) 836M->614M(883M) 27.280ms
[603.143s][info][gc,cpu         ] GC(633) User=0.04s Sys=0.01s Real=0.03s
[604.567s][info][gc,start       ] GC(634) Pause Young (Allocation Failure)
[604.606s][info][gc,heap        ] GC(634) PSYoungGen: 250190K(286208K)->26180K(285184K) Eden: 239616K(239616K)->0K(239616K) From: 10574K(46592K)->26180K(45568K)
[604.606s][info][gc,heap        ] GC(634) ParOldGen: 618275K(618496K)->628868K(629248K)
[604.606s][info][gc,metaspace   ] GC(634) Metaspace: 43174K(43584K)->43174K(43584K) NonClass: 38831K(39104K)->38831K(39104K) Class: 4343K(4480K)->4343K(4480K)
[604.606s][info][gc             ] GC(634) Pause Young (Allocation Failure) 848M->639M(893M) 39.001ms
[604.606s][info][gc,cpu         ] GC(634) User=0.07s Sys=0.01s Real=0.04s
[606.043s][info][gc,start       ] GC(635) Pause Full (Allocation Failure)
[606.043s][info][gc,phases,start] GC(635) Marking Phase
[606.089s][info][gc,phases      ] GC(635) Marking Phase 46.281ms
[606.089s][info][gc,phases,start] GC(635) Summary Phase
[606.090s][info][gc,phases      ] GC(635) Summary Phase 0.030ms
[606.090s][info][gc,phases,start] GC(635) Forward
[606.095s][info][gc,phases      ] GC(635) Forward 5.624ms
[606.095s][info][gc,phases,start] GC(635) Adjust Pointers
[606.121s][info][gc,phases      ] GC(635) Adjust Pointers 25.722ms
[606.121s][info][gc,phases,start] GC(635) Compaction Phase
[606.128s][info][gc,phases      ] GC(635) Compaction Phase 6.674ms
[606.128s][info][gc,phases,start] GC(635) Post Compact
[606.130s][info][gc,phases      ] GC(635) Post Compact 2.697ms
[606.168s][info][gc,heap        ] GC(635) PSYoungGen: 265796K(285184K)->0K(287232K) Eden: 239616K(239616K)->0K(241664K) From: 26180K(45568K)->0K(45568K)
[606.168s][info][gc,heap        ] GC(635) ParOldGen: 628868K(629248K)->57924K(207872K)
[606.168s][info][gc,metaspace   ] GC(635) Metaspace: 43174K(43584K)->43174K(43584K) NonClass: 38831K(39104K)->38831K(39104K) Class: 4343K(4480K)->4343K(4480K)
[606.168s][info][gc             ] GC(635) Pause Full (Allocation Failure) 873M->56M(483M) 125.079ms
[606.168s][info][gc,cpu         ] GC(635) User=0.12s Sys=0.04s Real=0.13s
[607.401s][info][gc,start       ] GC(636) Pause Young (Allocation Failure)
[607.429s][info][gc,heap        ] GC(636) PSYoungGen: 241664K(287232K)->29285K(287232K) Eden: 241664K(241664K)->0K(241664K) From: 0K(45568K)->29285K(45568K)
[607.429s][info][gc,heap        ] GC(636) ParOldGen: 57924K(207872K)->57924K(207872K)
[607.429s][info][gc,metaspace   ] GC(636) Metaspace: 43174K(43584K)->43174K(43584K) NonClass: 38831K(39104K)->38831K(39104K) Class: 4343K(4480K)->4343K(4480K)
[607.429s][info][gc             ] GC(636) Pause Young (Allocation Failure) 292M->85M(483M) 27.702ms
[607.429s][info][gc,cpu         ] GC(636) User=0.05s Sys=0.00s Real=0.03s
[608.380s][info][gc,start       ] GC(637) Pause Young (Allocation Failure)
[608.404s][info][gc,heap        ] GC(637) PSYoungGen: 270949K(287232K)->12243K(287232K) Eden: 241664K(241664K)->0K(241664K) From: 29285K(45568K)->12243K(45568K)
[608.404s][info][gc,heap        ] GC(637) ParOldGen: 57924K(207872K)->77360K(207872K)
[608.404s][info][gc,metaspace   ] GC(637) Metaspace: 43174K(43584K)->43174K(43584K) NonClass: 38831K(39104K)->38831K(39104K) Class: 4343K(4480K)->4343K(4480K)
[608.404s][info][gc             ] GC(637) Pause Young (Allocation Failure) 321M->87M(483M) 23.984ms
[608.404s][info][gc,cpu         ] GC(637) User=0.04s Sys=0.00s Real=0.02s
[609.321s][info][gc,start       ] GC(638) Pause Young (Allocation Failure)
[609.339s][info][gc,heap        ] GC(638) PSYoungGen: 253907K(287232K)->19875K(261632K) Eden: 241664K(241664K)->0K(241664K) From: 12243K(45568K)->19875K(19968K)
[609.339s][info][gc,heap        ] GC(638) ParOldGen: 77360K(207872K)->78168K(207872K)
[609.339s][info][gc,metaspace   ] GC(638) Metaspace: 43174K(43584K)->43174K(43584K) NonClass: 38831K(39104K)->38831K(39104K) Class: 4343K(4480K)->4343K(4480K)
[609.339s][info][gc             ] GC(638) Pause Young (Allocation Failure) 323M->95M(458M) 17.717ms
[609.339s][info][gc,cpu         ] GC(638) User=0.04s Sys=0.00s Real=0.02s
[610.358s][info][gc,start       ] GC(639) Pause Young (Allocation Failure)
[610.364s][info][gc,heap        ] GC(639) PSYoungGen: 261539K(261632K)->6194K(285696K) Eden: 241664K(241664K)->0K(242688K) From: 19875K(19968K)->6194K(43008K)
[610.364s][info][gc,heap        ] GC(639) ParOldGen: 78168K(207872K)->79200K(207872K)
[610.364s][info][gc,metaspace   ] GC(639) Metaspace: 43190K(43584K)->43190K(43584K) NonClass: 38847K(39104K)->38847K(39104K) Class: 4343K(4480K)->4343K(4480K)
[610.364s][info][gc             ] GC(639) Pause Young (Allocation Failure) 331M->83M(482M) 6.166ms
[610.364s][info][gc,cpu         ] GC(639) User=0.01s Sys=0.00s Real=0.00s
[611.187s][info][gc,start       ] GC(640) Pause Young (Allocation Failure)
[611.191s][info][gc,heap        ] GC(640) PSYoungGen: 248882K(285696K)->4298K(285696K) Eden: 242688K(242688K)->0K(242688K) From: 6194K(43008K)->4298K(43008K)
[611.191s][info][gc,heap        ] GC(640) ParOldGen: 79200K(207872K)->80352K(207872K)
[611.191s][info][gc,metaspace   ] GC(640) Metaspace: 43190K(43584K)->43190K(43584K) NonClass: 38847K(39104K)->38847K(39104K) Class: 4343K(4480K)->4343K(4480K)
[611.191s][info][gc             ] GC(640) Pause Young (Allocation Failure) 320M->82M(482M) 4.033ms
[611.191s][info][gc,cpu         ] GC(640) User=0.01s Sys=0.00s Real=0.00s
[612.152s][info][gc,start       ] GC(641) Pause Young (Allocation Failure)
[612.173s][info][gc,heap        ] GC(641) PSYoungGen: 246986K(285696K)->25123K(289792K) Eden: 242688K(242688K)->0K(246784K) From: 4298K(43008K)->25123K(43008K)
[612.173s][info][gc,heap        ] GC(641) ParOldGen: 80352K(207872K)->81496K(207872K)
[612.173s][info][gc,metaspace   ] GC(641) Metaspace: 43190K(43584K)->43190K(43584K) NonClass: 38847K(39104K)->38847K(39104K) Class: 4343K(4480K)->4343K(4480K)
[612.174s][info][gc             ] GC(641) Pause Young (Allocation Failure) 319M->104M(486M) 21.609ms
[612.174s][info][gc,cpu         ] GC(641) User=0.04s Sys=0.00s Real=0.02s
[613.197s][info][gc,start       ] GC(642) Pause Young (Allocation Failure)
[613.207s][info][gc,heap        ] GC(642) PSYoungGen: 271907K(289792K)->11059K(258048K) Eden: 246784K(246784K)->0K(246784K) From: 25123K(43008K)->11059K(11264K)
[613.207s][info][gc,heap        ] GC(642) ParOldGen: 81496K(207872K)->82224K(207872K)
[613.207s][info][gc,metaspace   ] GC(642) Metaspace: 43191K(43584K)->43191K(43584K) NonClass: 38847K(39104K)->38847K(39104K) Class: 4343K(4480K)->4343K(4480K)
[613.207s][info][gc             ] GC(642) Pause Young (Allocation Failure) 345M->91M(455M) 9.761ms
[613.207s][info][gc,cpu         ] GC(642) User=0.02s Sys=0.00s Real=0.01s
[614.037s][info][gc,start       ] GC(643) Pause Young (Allocation Failure)
[614.043s][info][gc,heap        ] GC(643) PSYoungGen: 257821K(258048K)->8051K(289792K) Eden: 246762K(246784K)->0K(247808K) From: 11059K(11264K)->8051K(41984K)
[614.043s][info][gc,heap        ] GC(643) ParOldGen: 82224K(207872K)->83384K(207872K)
[614.043s][info][gc,metaspace   ] GC(643) Metaspace: 43191K(43584K)->43191K(43584K) NonClass: 38847K(39104K)->38847K(39104K) Class: 4343K(4480K)->4343K(4480K)
[614.043s][info][gc             ] GC(643) Pause Young (Allocation Failure) 332M->89M(486M) 6.529ms
[614.043s][info][gc,cpu         ] GC(643) User=0.01s Sys=0.00s Real=0.00s
[614.958s][info][gc,start       ] GC(644) Pause Young (Allocation Failure)
[614.965s][info][gc,heap        ] GC(644) PSYoungGen: 255859K(289792K)->6986K(289280K) Eden: 247808K(247808K)->0K(247808K) From: 8051K(41984K)->6986K(41472K)
[614.965s][info][gc,heap        ] GC(644) ParOldGen: 83384K(207872K)->84288K(207872K)
[614.965s][info][gc,metaspace   ] GC(644) Metaspace: 43191K(43584K)->43191K(43584K) NonClass: 38847K(39104K)->38847K(39104K) Class: 4343K(4480K)->4343K(4480K)
[614.965s][info][gc             ] GC(644) Pause Young (Allocation Failure) 331M->89M(485M) 6.757ms
[614.965s][info][gc,cpu         ] GC(644) User=0.02s Sys=0.00s Real=0.00s
[615.930s][info][gc,start       ] GC(645) Pause Young (Allocation Failure)
[615.934s][info][gc,heap        ] GC(645) PSYoungGen: 254794K(289280K)->5077K(291328K) Eden: 247808K(247808K)->0K(250880K) From: 6986K(41472K)->5077K(40448K)
[615.934s][info][gc,heap        ] GC(645) ParOldGen: 84288K(207872K)->85312K(207872K)
[615.934s][info][gc,metaspace   ] GC(645) Metaspace: 43191K(43584K)->43191K(43584K) NonClass: 38847K(39104K)->38847K(39104K) Class: 4343K(4480K)->4343K(4480K)
[615.934s][info][gc             ] GC(645) Pause Young (Allocation Failure) 331M->88M(487M) 4.557ms
[615.934s][info][gc,cpu         ] GC(645) User=0.01s Sys=0.00s Real=0.00s
[616.739s][info][gc,start       ] GC(646) Pause Young (Allocation Failure)
[616.776s][info][gc,heap        ] GC(646) PSYoungGen: 255957K(291328K)->39916K(290816K) Eden: 250880K(250880K)->0K(250880K) From: 5077K(40448K)->39916K(39936K)
[616.776s][info][gc,heap        ] GC(646) ParOldGen: 85312K(207872K)->86744K(207872K)
[616.776s][info][gc,metaspace   ] GC(646) Metaspace: 43191K(43584K)->43191K(43584K) NonClass: 38848K(39104K)->38848K(39104K) Class: 4343K(4480K)->4343K(4480K)
[616.776s][info][gc             ] GC(646) Pause Young (Allocation Failure) 333M->123M(487M) 36.358ms
[616.776s][info][gc,cpu         ] GC(646) User=0.07s Sys=0.00s Real=0.03s
[618.050s][info][gc,start       ] GC(647) Pause Young (Allocation Failure)
[618.087s][info][gc,heap        ] GC(647) PSYoungGen: 290796K(290816K)->17613K(287744K) Eden: 250880K(250880K)->0K(244736K) From: 39916K(39936K)->17613K(43008K)
[618.087s][info][gc,heap        ] GC(647) ParOldGen: 86744K(207872K)->106456K(207872K)
[618.087s][info][gc,metaspace   ] GC(647) Metaspace: 43191K(43584K)->43191K(43584K) NonClass: 38848K(39104K)->38848K(39104K) Class: 4343K(4480K)->4343K(4480K)
[618.087s][info][gc             ] GC(647) Pause Young (Allocation Failure) 368M->121M(484M) 37.140ms
[618.087s][info][gc,cpu         ] GC(647) User=0.07s Sys=0.00s Real=0.04s
[618.986s][info][gc,start       ] GC(648) Pause Young (Allocation Failure)
[619.008s][info][gc,heap        ] GC(648) PSYoungGen: 262349K(287744K)->7159K(289280K) Eden: 244736K(244736K)->0K(244736K) From: 17613K(43008K)->7159K(44544K)
[619.008s][info][gc,heap        ] GC(648) ParOldGen: 106456K(207872K)->123958K(207872K)
[619.008s][info][gc,metaspace   ] GC(648) Metaspace: 43191K(43584K)->43191K(43584K) NonClass: 38848K(39104K)->38848K(39104K) Class: 4343K(4480K)->4343K(4480K)
[619.008s][info][gc             ] GC(648) Pause Young (Allocation Failure) 360M->128M(485M) 22.206ms
[619.008s][info][gc,cpu         ] GC(648) User=0.04s Sys=0.00s Real=0.02s
[619.746s][info][gc,start       ] GC(649) Pause Young (Allocation Failure)
[619.769s][info][gc,heap        ] GC(649) PSYoungGen: 251895K(289280K)->29761K(286208K) Eden: 244736K(244736K)->0K(242688K) From: 7159K(44544K)->29761K(43520K)
[619.770s][info][gc,heap        ] GC(649) ParOldGen: 123958K(207872K)->128190K(207872K)
[619.770s][info][gc,metaspace   ] GC(649) Metaspace: 43191K(43584K)->43191K(43584K) NonClass: 38848K(39104K)->38848K(39104K) Class: 4343K(4480K)->4343K(4480K)
[619.770s][info][gc             ] GC(649) Pause Young (Allocation Failure) 367M->154M(482M) 23.757ms
[619.770s][info][gc,cpu         ] GC(649) User=0.04s Sys=0.00s Real=0.02s
[620.579s][info][gc,start       ] GC(650) Pause Young (Allocation Failure)
[620.588s][info][gc,heap        ] GC(650) PSYoungGen: 272449K(286208K)->3400K(288256K) Eden: 242688K(242688K)->0K(242688K) From: 29761K(43520K)->3400K(45568K)
[620.588s][info][gc,heap        ] GC(650) ParOldGen: 128190K(207872K)->137757K(207872K)
[620.588s][info][gc,metaspace   ] GC(650) Metaspace: 43191K(43584K)->43191K(43584K) NonClass: 38848K(39104K)->38848K(39104K) Class: 4343K(4480K)->4343K(4480K)
[620.588s][info][gc             ] GC(650) Pause Young (Allocation Failure) 391M->137M(484M) 9.088ms
[620.588s][info][gc,cpu         ] GC(650) User=0.02s Sys=0.00s Real=0.01s
[621.441s][info][gc,start       ] GC(651) Pause Young (Allocation Failure)
[621.457s][info][gc,heap        ] GC(651) PSYoungGen: 246088K(288256K)->22935K(287232K) Eden: 242688K(242688K)->0K(242688K) From: 3400K(45568K)->22935K(44544K)
[621.457s][info][gc,heap        ] GC(651) ParOldGen: 137757K(207872K)->138232K(207872K)
[621.457s][info][gc,metaspace   ] GC(651) Metaspace: 43191K(43584K)->43191K(43584K) NonClass: 38848K(39104K)->38848K(39104K) Class: 4343K(4480K)->4343K(4480K)
[621.457s][info][gc             ] GC(651) Pause Young (Allocation Failure) 374M->157M(483M) 15.710ms
[621.457s][info][gc,cpu         ] GC(651) User=0.03s Sys=0.00s Real=0.02s
[622.308s][info][gc,start       ] GC(652) Pause Young (Allocation Failure)
[622.330s][info][gc,heap        ] GC(652) PSYoungGen: 265623K(287232K)->31275K(274432K) Eden: 242688K(242688K)->0K(242688K) From: 22935K(44544K)->31275K(31744K)
[622.330s][info][gc,heap        ] GC(652) ParOldGen: 138232K(207872K)->139008K(207872K)
[622.330s][info][gc,metaspace   ] GC(652) Metaspace: 43191K(43584K)->43191K(43584K) NonClass: 38848K(39104K)->38848K(39104K) Class: 4343K(4480K)->4343K(4480K)
[622.330s][info][gc             ] GC(652) Pause Young (Allocation Failure) 394M->166M(471M) 21.982ms
[622.330s][info][gc,cpu         ] GC(652) User=0.04s Sys=0.00s Real=0.02s
[623.219s][info][gc,start       ] GC(653) Pause Young (Allocation Failure)
[623.228s][info][gc,heap        ] GC(653) PSYoungGen: 273963K(274432K)->9880K(287744K) Eden: 242688K(242688K)->0K(240128K) From: 31275K(31744K)->9880K(47616K)
[623.228s][info][gc,heap        ] GC(653) ParOldGen: 139008K(207872K)->140679K(207872K)
[623.228s][info][gc,metaspace   ] GC(653) Metaspace: 43191K(43584K)->43191K(43584K) NonClass: 38848K(39104K)->38848K(39104K) Class: 4343K(4480K)->4343K(4480K)
[623.228s][info][gc             ] GC(653) Pause Young (Allocation Failure) 403M->147M(484M) 8.916ms
[623.228s][info][gc,cpu         ] GC(653) User=0.02s Sys=0.00s Real=0.01s
[624.093s][info][gc,start       ] GC(654) Pause Young (Allocation Failure)
[624.170s][info][gc,heap        ] GC(654) PSYoungGen: 250008K(287744K)->46067K(286208K) Eden: 240128K(240128K)->0K(240128K) From: 9880K(47616K)->46067K(46080K)
[624.170s][info][gc,heap        ] GC(654) ParOldGen: 140679K(207872K)->198014K(207872K)
[624.170s][info][gc,metaspace   ] GC(654) Metaspace: 43191K(43584K)->43191K(43584K) NonClass: 38848K(39104K)->38848K(39104K) Class: 4343K(4480K)->4343K(4480K)
[624.170s][info][gc             ] GC(654) Pause Young (Allocation Failure) 381M->238M(482M) 76.683ms
[624.170s][info][gc,cpu         ] GC(654) User=0.15s Sys=0.00s Real=0.08s
[625.012s][info][gc,start       ] GC(655) Pause Young (Allocation Failure)
[625.084s][info][gc,heap        ] GC(655) PSYoungGen: 286195K(286208K)->41747K(229888K) Eden: 240128K(240128K)->0K(182272K) From: 46067K(46080K)->41747K(47616K)
[625.084s][info][gc,heap        ] GC(655) ParOldGen: 198014K(207872K)->235509K(235520K)
[625.084s][info][gc,metaspace   ] GC(655) Metaspace: 43191K(43584K)->43191K(43584K) NonClass: 38848K(39104K)->38848K(39104K) Class: 4343K(4480K)->4343K(4480K)
[625.084s][info][gc             ] GC(655) Pause Young (Allocation Failure) 472M->270M(454M) 72.650ms
[625.084s][info][gc,cpu         ] GC(655) User=0.12s Sys=0.02s Real=0.07s
[625.758s][info][gc,start       ] GC(656) Pause Young (Allocation Failure)
[625.776s][info][gc,heap        ] GC(656) PSYoungGen: 224019K(229888K)->15828K(258048K) Eden: 182272K(182272K)->0K(182272K) From: 41747K(47616K)->15828K(75776K)
[625.776s][info][gc,heap        ] GC(656) ParOldGen: 235509K(235520K)->240845K(241152K)
[625.777s][info][gc,metaspace   ] GC(656) Metaspace: 43191K(43584K)->43191K(43584K) NonClass: 38848K(39104K)->38848K(39104K) Class: 4343K(4480K)->4343K(4480K)
[625.777s][info][gc             ] GC(656) Pause Young (Allocation Failure) 448M->250M(487M) 18.921ms
[625.777s][info][gc,cpu         ] GC(656) User=0.03s Sys=0.01s Real=0.02s
[626.380s][info][gc,start       ] GC(657) Pause Young (Allocation Failure)
[626.387s][info][gc,heap        ] GC(657) PSYoungGen: 198100K(258048K)->7274K(252416K) Eden: 182272K(182272K)->0K(184832K) From: 15828K(75776K)->7274K(67584K)
[626.387s][info][gc,heap        ] GC(657) ParOldGen: 240845K(241152K)->241520K(241664K)
[626.387s][info][gc,metaspace   ] GC(657) Metaspace: 43191K(43584K)->43191K(43584K) NonClass: 38848K(39104K)->38848K(39104K) Class: 4343K(4480K)->4343K(4480K)
[626.387s][info][gc             ] GC(657) Pause Young (Allocation Failure) 428M->242M(482M) 7.148ms
[626.387s][info][gc,cpu         ] GC(657) User=0.01s Sys=0.00s Real=0.01s
[627.033s][info][gc,start       ] GC(658) Pause Young (Allocation Failure)
[627.046s][info][gc,heap        ] GC(658) PSYoungGen: 192106K(252416K)->13917K(256512K) Eden: 184832K(184832K)->0K(184832K) From: 7274K(67584K)->13917K(71680K)
[627.046s][info][gc,heap        ] GC(658) ParOldGen: 241520K(241664K)->242328K(242688K)
[627.046s][info][gc,metaspace   ] GC(658) Metaspace: 43191K(43584K)->43191K(43584K) NonClass: 38848K(39104K)->38848K(39104K) Class: 4343K(4480K)->4343K(4480K)
[627.046s][info][gc             ] GC(658) Pause Young (Allocation Failure) 423M->250M(487M) 12.847ms
[627.046s][info][gc,cpu         ] GC(658) User=0.02s Sys=0.00s Real=0.02s
[627.668s][info][gc,start       ] GC(659) Pause Young (Allocation Failure)
[627.679s][info][gc,heap        ] GC(659) PSYoungGen: 198749K(256512K)->11662K(255488K) Eden: 184832K(184832K)->0K(193024K) From: 13917K(71680K)->11662K(62464K)
[627.679s][info][gc,heap        ] GC(659) ParOldGen: 242328K(242688K)->242785K(243200K)
[627.679s][info][gc,metaspace   ] GC(659) Metaspace: 43191K(43584K)->43191K(43584K) NonClass: 38848K(39104K)->38848K(39104K) Class: 4343K(4480K)->4343K(4480K)
[627.679s][info][gc             ] GC(659) Pause Young (Allocation Failure) 430M->248M(487M) 11.050ms
[627.679s][info][gc,cpu         ] GC(659) User=0.02s Sys=0.00s Real=0.01s
[628.277s][info][gc,start       ] GC(660) Pause Young (Allocation Failure)
[628.292s][info][gc,heap        ] GC(660) PSYoungGen: 204686K(255488K)->21471K(259584K) Eden: 193024K(193024K)->0K(193024K) From: 11662K(62464K)->21471K(66560K)
[628.292s][info][gc,heap        ] GC(660) ParOldGen: 242785K(243200K)->243200K(243712K)
[628.292s][info][gc,metaspace   ] GC(660) Metaspace: 43191K(43584K)->43191K(43584K) NonClass: 38848K(39104K)->38848K(39104K) Class: 4343K(4480K)->4343K(4480K)
[628.292s][info][gc             ] GC(660) Pause Young (Allocation Failure) 436M->258M(491M) 14.260ms
[628.292s][info][gc,cpu         ] GC(660) User=0.03s Sys=0.00s Real=0.01s
[628.896s][info][gc,start       ] GC(661) Pause Young (Allocation Failure)
[628.917s][info][gc,heap        ] GC(661) PSYoungGen: 214495K(259584K)->622K(266752K) Eden: 193024K(193024K)->0K(204800K) From: 21471K(66560K)->622K(61952K)
[628.918s][info][gc,heap        ] GC(661) ParOldGen: 243200K(243712K)->263723K(264192K)
[628.918s][info][gc,metaspace   ] GC(661) Metaspace: 43191K(43584K)->43191K(43584K) NonClass: 38848K(39104K)->38848K(39104K) Class: 4343K(4480K)->4343K(4480K)
[628.918s][info][gc             ] GC(661) Pause Young (Allocation Failure) 446M->258M(518M) 21.839ms
[628.918s][info][gc,cpu         ] GC(661) User=0.02s Sys=0.02s Real=0.03s
[629.488s][info][gc,start       ] GC(662) Pause Young (Allocation Failure)
[629.493s][info][gc,heap        ] GC(662) PSYoungGen: 205422K(266752K)->3011K(266752K) Eden: 204800K(204800K)->0K(204800K) From: 622K(61952K)->3011K(61952K)
[629.493s][info][gc,heap        ] GC(662) ParOldGen: 263723K(264192K)->263747K(264192K)
[629.493s][info][gc,metaspace   ] GC(662) Metaspace: 43191K(43584K)->43191K(43584K) NonClass: 38848K(39104K)->38848K(39104K) Class: 4343K(4480K)->4343K(4480K)
[629.493s][info][gc             ] GC(662) Pause Young (Allocation Failure) 458M->260M(518M) 4.980ms
[629.493s][info][gc,cpu         ] GC(662) User=0.01s Sys=0.00s Real=0.00s
[629.849s][info][gc,start       ] GC(663) Pause Young (Allocation Failure)
[629.856s][info][gc,heap        ] GC(663) PSYoungGen: 207811K(266752K)->1742K(270848K) Eden: 204800K(204800K)->0K(210944K) From: 3011K(61952K)->1742K(59904K)
[629.856s][info][gc,heap        ] GC(663) ParOldGen: 263747K(264192K)->265690K(265728K)
[629.856s][info][gc,metaspace   ] GC(663) Metaspace: 43191K(43584K)->43191K(43584K) NonClass: 38848K(39104K)->38848K(39104K) Class: 4343K(4480K)->4343K(4480K)
[629.856s][info][gc             ] GC(663) Pause Young (Allocation Failure) 460M->261M(524M) 6.439ms
[629.856s][info][gc,cpu         ] GC(663) User=0.01s Sys=0.00s Real=0.01s
[630.316s][info][gc,start       ] GC(664) Pause Young (Allocation Failure)
[630.326s][info][gc,heap        ] GC(664) PSYoungGen: 212347K(270848K)->10296K(270336K) Eden: 210604K(210944K)->0K(210944K) From: 1742K(59904K)->10296K(59392K)
[630.326s][info][gc,heap        ] GC(664) ParOldGen: 265690K(265728K)->265722K(265728K)
[630.326s][info][gc,metaspace   ] GC(664) Metaspace: 43191K(43584K)->43191K(43584K) NonClass: 38848K(39104K)->38848K(39104K) Class: 4343K(4480K)->4343K(4480K)
[630.326s][info][gc             ] GC(664) Pause Young (Allocation Failure) 466M->269M(523M) 10.212ms
[630.326s][info][gc,cpu         ] GC(664) User=0.02s Sys=0.00s Real=0.01s
[630.588s][info][gc,start       ] GC(665) Pause Young (Allocation Failure)
[630.605s][info][gc,heap        ] GC(665) PSYoungGen: 221240K(270336K)->1084K(271360K) Eden: 210944K(210944K)->0K(215552K) From: 10296K(59392K)->1084K(55808K)
[630.605s][info][gc,heap        ] GC(665) ParOldGen: 265722K(265728K)->275791K(275968K)
[630.605s][info][gc,metaspace   ] GC(665) Metaspace: 43191K(43584K)->43191K(43584K) NonClass: 38848K(39104K)->38848K(39104K) Class: 4343K(4480K)->4343K(4480K)
[630.605s][info][gc             ] GC(665) Pause Young (Allocation Failure) 475M->270M(534M) 16.278ms
[630.605s][info][gc,cpu         ] GC(665) User=0.02s Sys=0.01s Real=0.01s
[630.883s][info][gc,start       ] GC(666) Pause Young (Allocation Failure)
[630.890s][info][gc,heap        ] GC(666) PSYoungGen: 216636K(271360K)->1921K(270336K) Eden: 215552K(215552K)->0K(215552K) From: 1084K(55808K)->1921K(54784K)
[630.890s][info][gc,heap        ] GC(666) ParOldGen: 275791K(275968K)->276824K(276992K)
[630.890s][info][gc,metaspace   ] GC(666) Metaspace: 43191K(43584K)->43191K(43584K) NonClass: 38848K(39104K)->38848K(39104K) Class: 4343K(4480K)->4343K(4480K)
[630.890s][info][gc             ] GC(666) Pause Young (Allocation Failure) 480M->272M(534M) 6.788ms
[630.890s][info][gc,cpu         ] GC(666) User=0.01s Sys=0.00s Real=0.01s
[631.177s][info][gc,start       ] GC(667) Pause Young (Allocation Failure)
[631.187s][info][gc,heap        ] GC(667) PSYoungGen: 216351K(270336K)->3480K(276992K) Eden: 214430K(215552K)->0K(225280K) From: 1921K(54784K)->3480K(51712K)
[631.187s][info][gc,heap        ] GC(667) ParOldGen: 276824K(276992K)->278710K(279040K)
[631.187s][info][gc,metaspace   ] GC(667) Metaspace: 43191K(43584K)->43191K(43584K) NonClass: 38848K(39104K)->38848K(39104K) Class: 4343K(4480K)->4343K(4480K)
[631.187s][info][gc             ] GC(667) Pause Young (Allocation Failure) 481M->275M(543M) 10.121ms
[631.187s][info][gc,cpu         ] GC(667) User=0.02s Sys=0.00s Real=0.01s
[631.519s][info][gc,start       ] GC(668) Pause Young (Allocation Failure)
[631.530s][info][gc,heap        ] GC(668) PSYoungGen: 228760K(276992K)->4454K(275968K) Eden: 225280K(225280K)->0K(225280K) From: 3480K(51712K)->4454K(50688K)
[631.530s][info][gc,heap        ] GC(668) ParOldGen: 278710K(279040K)->282187K(282624K)
[631.530s][info][gc,metaspace   ] GC(668) Metaspace: 43191K(43584K)->43191K(43584K) NonClass: 38848K(39104K)->38848K(39104K) Class: 4343K(4480K)->4343K(4480K)
[631.530s][info][gc             ] GC(668) Pause Young (Allocation Failure) 495M->279M(545M) 10.544ms
[631.530s][info][gc,cpu         ] GC(668) User=0.01s Sys=0.00s Real=0.01s
[631.849s][info][gc,start       ] GC(669) Pause Young (Allocation Failure)
[631.862s][info][gc,heap        ] GC(669) PSYoungGen: 229734K(275968K)->4615K(280576K) Eden: 225280K(225280K)->0K(233984K) From: 4454K(50688K)->4615K(46592K)
[631.862s][info][gc,heap        ] GC(669) ParOldGen: 282187K(282624K)->286606K(286720K)
[631.862s][info][gc,metaspace   ] GC(669) Metaspace: 43191K(43584K)->43191K(43584K) NonClass: 38848K(39104K)->38848K(39104K) Class: 4343K(4480K)->4343K(4480K)
[631.862s][info][gc             ] GC(669) Pause Young (Allocation Failure) 499M->284M(554M) 12.929ms
[631.862s][info][gc,cpu         ] GC(669) User=0.02s Sys=0.01s Real=0.01s
[632.217s][info][gc,start       ] GC(670) Pause Young (Allocation Failure)
[632.234s][info][gc,heap        ] GC(670) PSYoungGen: 238599K(280576K)->8220K(279552K) Eden: 233984K(233984K)->0K(233984K) From: 4615K(46592K)->8220K(45568K)
[632.234s][info][gc,heap        ] GC(670) ParOldGen: 286606K(286720K)->291219K(291328K)
[632.234s][info][gc,metaspace   ] GC(670) Metaspace: 43191K(43584K)->43191K(43584K) NonClass: 38848K(39104K)->38848K(39104K) Class: 4343K(4480K)->4343K(4480K)
[632.234s][info][gc             ] GC(670) Pause Young (Allocation Failure) 512M->292M(557M) 16.764ms
[632.234s][info][gc,cpu         ] GC(670) User=0.03s Sys=0.01s Real=0.01s
[632.684s][info][gc,start       ] GC(671) Pause Young (Allocation Failure)
[632.708s][info][gc,heap        ] GC(671) PSYoungGen: 242204K(279552K)->14809K(285696K) Eden: 233984K(233984K)->0K(243200K) From: 8220K(45568K)->14809K(42496K)
[632.708s][info][gc,heap        ] GC(671) ParOldGen: 291219K(291328K)->299296K(299520K)
[632.708s][info][gc,metaspace   ] GC(671) Metaspace: 43191K(43584K)->43191K(43584K) NonClass: 38848K(39104K)->38848K(39104K) Class: 4343K(4480K)->4343K(4480K)
[632.708s][info][gc             ] GC(671) Pause Young (Allocation Failure) 520M->306M(571M) 23.798ms
[632.708s][info][gc,cpu         ] GC(671) User=0.04s Sys=0.00s Real=0.03s
[633.276s][info][gc,start       ] GC(672) Pause Young (Allocation Failure)
[633.295s][info][gc,heap        ] GC(672) PSYoungGen: 258009K(285696K)->5295K(284160K) Eden: 243200K(243200K)->0K(243200K) From: 14809K(42496K)->5295K(40960K)
[633.295s][info][gc,heap        ] GC(672) ParOldGen: 299296K(299520K)->311427K(311808K)
[633.295s][info][gc,metaspace   ] GC(672) Metaspace: 43201K(43584K)->43201K(43584K) NonClass: 38858K(39104K)->38858K(39104K) Class: 4343K(4480K)->4343K(4480K)
[633.295s][info][gc             ] GC(672) Pause Young (Allocation Failure) 544M->309M(582M) 19.172ms
[633.295s][info][gc,cpu         ] GC(672) User=0.03s Sys=0.01s Real=0.02s
[633.868s][info][gc,start       ] GC(673) Pause Young (Allocation Failure)
[633.873s][info][gc,heap        ] GC(673) PSYoungGen: 248495K(284160K)->2504K(290816K) Eden: 243200K(243200K)->0K(251904K) From: 5295K(40960K)->2504K(38912K)
[633.873s][info][gc,heap        ] GC(673) ParOldGen: 311427K(311808K)->312362K(312832K)
[633.873s][info][gc,metaspace   ] GC(673) Metaspace: 43201K(43584K)->43201K(43584K) NonClass: 38858K(39104K)->38858K(39104K) Class: 4343K(4480K)->4343K(4480K)
[633.873s][info][gc             ] GC(673) Pause Young (Allocation Failure) 546M->307M(589M) 4.537ms
[633.873s][info][gc,cpu         ] GC(673) User=0.01s Sys=0.00s Real=0.00s
[634.462s][info][gc,start       ] GC(674) Pause Young (Allocation Failure)
[634.466s][info][gc,heap        ] GC(674) PSYoungGen: 254408K(290816K)->3365K(289280K) Eden: 251904K(251904K)->0K(251904K) From: 2504K(38912K)->3365K(37376K)
[634.466s][info][gc,heap        ] GC(674) ParOldGen: 312362K(312832K)->312362K(312832K)
[634.466s][info][gc,metaspace   ] GC(674) Metaspace: 43201K(43584K)->43201K(43584K) NonClass: 38858K(39104K)->38858K(39104K) Class: 4343K(4480K)->4343K(4480K)
[634.466s][info][gc             ] GC(674) Pause Young (Allocation Failure) 553M->308M(588M) 4.300ms
[634.466s][info][gc,cpu         ] GC(674) User=0.01s Sys=0.00s Real=0.01s
[635.103s][info][gc,start       ] GC(675) Pause Young (Allocation Failure)
[635.107s][info][gc,heap        ] GC(675) PSYoungGen: 255269K(289280K)->4521K(294400K) Eden: 251904K(251904K)->0K(259584K) From: 3365K(37376K)->4521K(34816K)
[635.107s][info][gc,heap        ] GC(675) ParOldGen: 312362K(312832K)->312410K(312832K)
[635.108s][info][gc,metaspace   ] GC(675) Metaspace: 43201K(43584K)->43201K(43584K) NonClass: 38858K(39104K)->38858K(39104K) Class: 4343K(4480K)->4343K(4480K)
[635.108s][info][gc             ] GC(675) Pause Young (Allocation Failure) 554M->309M(593M) 4.053ms
[635.108s][info][gc,cpu         ] GC(675) User=0.01s Sys=0.00s Real=0.01s
[635.737s][info][gc,start       ] GC(676) Pause Young (Allocation Failure)
[635.741s][info][gc,heap        ] GC(676) PSYoungGen: 264105K(294400K)->3765K(293376K) Eden: 259584K(259584K)->0K(259584K) From: 4521K(34816K)->3765K(33792K)
[635.741s][info][gc,heap        ] GC(676) ParOldGen: 312410K(312832K)->313729K(313856K)
[635.741s][info][gc,metaspace   ] GC(676) Metaspace: 43201K(43584K)->43201K(43584K) NonClass: 38858K(39104K)->38858K(39104K) Class: 4343K(4480K)->4343K(4480K)
[635.741s][info][gc             ] GC(676) Pause Young (Allocation Failure) 563M->310M(593M) 4.426ms
[635.741s][info][gc,cpu         ] GC(676) User=0.01s Sys=0.01s Real=0.00s
[636.905s][info][gc,start       ] GC(677) Pause Young (Allocation Failure)
[636.915s][info][gc,heap        ] GC(677) PSYoungGen: 263349K(293376K)->8242K(297472K) Eden: 259584K(259584K)->0K(267776K) From: 3765K(33792K)->8242K(29696K)
[636.915s][info][gc,heap        ] GC(677) ParOldGen: 313729K(313856K)->313873K(314368K)
[636.915s][info][gc,metaspace   ] GC(677) Metaspace: 43207K(43584K)->43207K(43584K) NonClass: 38864K(39104K)->38864K(39104K) Class: 4343K(4480K)->4343K(4480K)
[636.915s][info][gc             ] GC(677) Pause Young (Allocation Failure) 563M->314M(597M) 9.655ms
[636.915s][info][gc,cpu         ] GC(677) User=0.02s Sys=0.00s Real=0.01s
[637.760s][info][gc,start       ] GC(678) Pause Young (Allocation Failure)
[637.801s][info][gc,heap        ] GC(678) PSYoungGen: 276018K(297472K)->29664K(297472K) Eden: 267776K(267776K)->0K(267776K) From: 8242K(29696K)->29664K(29696K)
[637.801s][info][gc,heap        ] GC(678) ParOldGen: 313873K(314368K)->323795K(324096K)
[637.801s][info][gc,metaspace   ] GC(678) Metaspace: 43209K(43584K)->43209K(43584K) NonClass: 38866K(39104K)->38866K(39104K) Class: 4343K(4480K)->4343K(4480K)
[637.801s][info][gc             ] GC(678) Pause Young (Allocation Failure) 576M->345M(607M) 40.869ms
[637.801s][info][gc,cpu         ] GC(678) User=0.08s Sys=0.01s Real=0.04s
[638.421s][info][gc,start       ] GC(679) Pause Young (Allocation Failure)
[638.493s][info][gc,heap        ] GC(679) PSYoungGen: 297440K(297472K)->29720K(283136K) Eden: 267776K(267776K)->0K(246784K) From: 29664K(29696K)->29720K(36352K)
[638.493s][info][gc,heap        ] GC(679) ParOldGen: 323795K(324096K)->352739K(352768K)
[638.493s][info][gc,metaspace   ] GC(679) Metaspace: 43209K(43584K)->43209K(43584K) NonClass: 38866K(39104K)->38866K(39104K) Class: 4343K(4480K)->4343K(4480K)
[638.493s][info][gc             ] GC(679) Pause Young (Allocation Failure) 606M->373M(621M) 71.710ms
[638.493s][info][gc,cpu         ] GC(679) User=0.12s Sys=0.02s Real=0.07s
[638.968s][info][gc,heap,exit   ] Heap
[638.968s][info][gc,heap,exit   ]  PSYoungGen      total 283136K, used 207918K [0x00000000eba00000, 0x0000000100000000, 0x0000000100000000)
[638.968s][info][gc,heap,exit   ]   eden space 246784K, 72% used [0x00000000eba00000,0x00000000f6805b20,0x00000000fab00000)
[638.968s][info][gc,heap,exit   ]   from space 36352K, 81% used [0x00000000fdc80000,0x00000000ff986000,0x0000000100000000)
[638.968s][info][gc,heap,exit   ]   to   space 43520K, 0% used [0x00000000fab00000,0x00000000fab00000,0x00000000fd580000)
[638.968s][info][gc,heap,exit   ]  ParOldGen       total 352768K, used 352739K [0x00000000c2e00000, 0x00000000d8680000, 0x00000000eba00000)
[638.968s][info][gc,heap,exit   ]   object space 352768K, 99% used [0x00000000c2e00000,0x00000000d8678d10,0x00000000d8680000)
[638.968s][info][gc,heap,exit   ]  Metaspace       used 43338K, committed 43776K, reserved 1114112K
[638.968s][info][gc,heap,exit   ]   class space    used 4369K, committed 4480K, reserved 1048576K
