[0.002s][info][metaspace]  - commit_granule_bytes: 65536.
[0.002s][info][metaspace]  - commit_granule_words: 8192.
[0.002s][info][metaspace]  - virtual_space_node_default_size: 8388608.
[0.002s][info][metaspace]  - enlarge_chunks_in_place: 1.
[0.004s][info][gc,init  ] CardTable entry size: 512
[0.005s][info][gc       ] Using Parallel
[0.005s][info][gc,init  ] Version: 24-internal-adhoc.root.jdk (release)
[0.005s][info][gc,init  ] CPUs: 2 total, 2 available
[0.005s][info][gc,init  ] Memory: 3908M
[0.005s][info][gc,init  ] Large Page Support: Disabled
[0.005s][info][gc,init  ] NUMA Support: Disabled
[0.005s][info][gc,init  ] Compressed Oops: Enabled (32-bit)
[0.005s][info][gc,init  ] Alignments: Space 512K, Generation 512K, Heap 2M
[0.005s][info][gc,init  ] Heap Min Capacity: 256M
[0.005s][info][gc,init  ] Heap Initial Capacity: 256M
[0.005s][info][gc,init  ] Heap Max Capacity: 978M
[0.005s][info][gc,init  ] Pre-touch: Disabled
[0.005s][info][gc,init  ] Parallel Workers: 2
[0.021s][info][gc,metaspace] CDS archive(s) mapped at: [0x00007fac62000000-0x00007fac62e7b000-0x00007fac62e7b000), size 15183872, SharedBaseAddress: 0x00007fac62000000, ArchiveRelocationMode: 1.
[0.021s][info][gc,metaspace] Compressed class space mapped at: 0x00007fac63000000-0x00007faca3000000, reserved size: 1073741824
[0.021s][info][gc,metaspace] UseCompressedClassPointers 1, UseCompactObjectHeaders 1
[0.021s][info][gc,metaspace] Narrow klass pointer bits 22, Max shift 10
[0.021s][info][gc,metaspace] Narrow klass base: 0x00007fac62000000, Narrow klass shift: 10
[0.021s][info][gc,metaspace] Encoding Range: [0x00007fac62000000 - 0x00007fad62000000), (4294967296 bytes)
[0.021s][info][gc,metaspace] Klass Range:    [0x00007fac62000000 - 0x00007faca3000000), (1090519040 bytes)
[0.021s][info][gc,metaspace] Klass ID Range:  [1 - 1064960) (1064959)
[1.166s][info][gc,start    ] GC(0) Pause Young (Allocation Failure)
[1.173s][info][gc,heap     ] GC(0) PSYoungGen: 65536K(76288K)->3876K(76288K) Eden: 65536K(65536K)->0K(65536K) From: 0K(10752K)->3876K(10752K)
[1.173s][info][gc,heap     ] GC(0) ParOldGen: 1088K(175104K)->1096K(175104K)
[1.173s][info][gc,metaspace] GC(0) Metaspace: 8276K(8448K)->8276K(8448K) NonClass: 7139K(7232K)->7139K(7232K) Class: 1136K(1216K)->1136K(1216K)
[1.173s][info][gc          ] GC(0) Pause Young (Allocation Failure) 65M->4M(245M) 7.286ms
[1.173s][info][gc,cpu      ] GC(0) User=0.01s Sys=0.00s Real=0.01s
[3.848s][info][gc,start    ] GC(1) Pause Young (Allocation Failure)
[3.861s][info][gc,heap     ] GC(1) PSYoungGen: 69412K(76288K)->7938K(76288K) Eden: 65536K(65536K)->0K(65536K) From: 3876K(10752K)->7938K(10752K)
[3.861s][info][gc,heap     ] GC(1) ParOldGen: 1096K(175104K)->1104K(175104K)
[3.861s][info][gc,metaspace] GC(1) Metaspace: 20941K(21312K)->20941K(21312K) NonClass: 18463K(18688K)->18463K(18688K) Class: 2478K(2624K)->2478K(2624K)
[3.861s][info][gc          ] GC(1) Pause Young (Allocation Failure) 68M->8M(245M) 12.660ms
[3.861s][info][gc,cpu      ] GC(1) User=0.02s Sys=0.00s Real=0.02s
[5.078s][info][metaspace   ] ChkMgr @0x00007facc003ece0 (class-space): failed to commit 74 words on chunk @0x00007facc0673840, f, base 0x00007fac63290000, level lv11.
[5.078s][info][metaspace   ] Arena @0x00007facc00f19f0 (class arena): failed to allocate new chunk for requested word size 74.
[5.078s][info][metaspace   ] Arena @0x00007facc00f19f0 (class arena): allocation failed, returned null.
[5.078s][info][metaspace   ] ChkMgr @0x00007facc003ece0 (class-space): failed to commit 74 words on chunk @0x00007facc0673840, f, base 0x00007fac63290000, level lv11.
[5.078s][info][metaspace   ] Arena @0x00007facc00f19f0 (class arena): failed to allocate new chunk for requested word size 74.
[5.078s][info][metaspace   ] Arena @0x00007facc00f19f0 (class arena): allocation failed, returned null.
[5.078s][info][metaspace   ] ChkMgr @0x00007facc003ece0 (class-space): failed to commit 74 words on chunk @0x00007facc0673840, f, base 0x00007fac63290000, level lv11.
[5.078s][info][metaspace   ] Arena @0x00007facc00f19f0 (class arena): failed to allocate new chunk for requested word size 74.
[5.078s][info][metaspace   ] Arena @0x00007facc00f19f0 (class arena): allocation failed, returned null.
[5.078s][info][gc,start    ] GC(2) Pause Full (Metadata GC Threshold)
[5.078s][info][gc,phases,start] GC(2) Marking Phase
[5.091s][info][gc,phases      ] GC(2) Marking Phase 12.573ms
[5.091s][info][gc,phases,start] GC(2) Summary Phase
[5.091s][info][gc,phases      ] GC(2) Summary Phase 0.009ms
[5.091s][info][gc,phases,start] GC(2) Forward
[5.094s][info][gc,phases      ] GC(2) Forward 3.560ms
[5.094s][info][gc,phases,start] GC(2) Adjust Pointers
[5.101s][info][gc,phases      ] GC(2) Adjust Pointers 6.545ms
[5.101s][info][gc,phases,start] GC(2) Compaction Phase
[5.107s][info][gc,phases      ] GC(2) Compaction Phase 6.416ms
[5.108s][info][gc,phases,start] GC(2) Post Compact
[5.109s][info][gc,phases      ] GC(2) Post Compact 1.426ms
[5.109s][info][gc,heap        ] GC(2) PSYoungGen: 15336K(76288K)->0K(76288K) Eden: 7397K(65536K)->0K(65536K) From: 7938K(10752K)->0K(10752K)
[5.109s][info][gc,heap        ] GC(2) ParOldGen: 1104K(175104K)->9116K(175104K)
[5.109s][info][gc,metaspace   ] GC(2) Metaspace: 21126K(21504K)->21126K(21504K) NonClass: 18625K(18880K)->18625K(18880K) Class: 2501K(2624K)->2501K(2624K)
[5.109s][info][gc             ] GC(2) Pause Full (Metadata GC Threshold) 16M->8M(245M) 30.838ms
[5.109s][info][gc,cpu         ] GC(2) User=0.04s Sys=0.01s Real=0.03s
[5.982s][info][gc,start       ] GC(3) Pause Young (GCLocker Initiated GC)
[5.986s][info][gc,heap        ] GC(3) PSYoungGen: 65536K(76288K)->3066K(76288K) Eden: 65536K(65536K)->0K(65536K) From: 0K(10752K)->3066K(10752K)
[5.986s][info][gc,heap        ] GC(3) ParOldGen: 9124K(175104K)->9132K(175104K)
[5.986s][info][gc,metaspace   ] GC(3) Metaspace: 24104K(24448K)->24104K(24448K) NonClass: 21302K(21504K)->21302K(21504K) Class: 2802K(2944K)->2802K(2944K)
[5.986s][info][gc             ] GC(3) Pause Young (GCLocker Initiated GC) 72M->11M(245M) 4.733ms
[5.986s][info][gc,cpu         ] GC(3) User=0.01s Sys=0.00s Real=0.00s
[6.467s][info][gc,start       ] GC(4) Pause Young (Allocation Failure)
[6.473s][info][gc,heap        ] GC(4) PSYoungGen: 68602K(76288K)->4534K(76288K) Eden: 65536K(65536K)->0K(65536K) From: 3066K(10752K)->4534K(10752K)
[6.473s][info][gc,heap        ] GC(4) ParOldGen: 9132K(175104K)->9140K(175104K)
[6.473s][info][gc,metaspace   ] GC(4) Metaspace: 24421K(24832K)->24421K(24832K) NonClass: 21606K(21888K)->21606K(21888K) Class: 2815K(2944K)->2815K(2944K)
[6.473s][info][gc             ] GC(4) Pause Young (Allocation Failure) 75M->13M(245M) 6.431ms
[6.473s][info][gc,cpu         ] GC(4) User=0.01s Sys=0.00s Real=0.01s
[6.992s][info][gc,start       ] GC(5) Pause Young (Allocation Failure)
[6.998s][info][gc,heap        ] GC(5) PSYoungGen: 70070K(76288K)->5334K(76288K) Eden: 65536K(65536K)->0K(65536K) From: 4534K(10752K)->5334K(10752K)
[6.998s][info][gc,heap        ] GC(5) ParOldGen: 9140K(175104K)->9148K(175104K)
[6.998s][info][gc,metaspace   ] GC(5) Metaspace: 25855K(26304K)->25855K(26304K) NonClass: 22853K(23104K)->22853K(23104K) Class: 3001K(3200K)->3001K(3200K)
[6.998s][info][gc             ] GC(5) Pause Young (Allocation Failure) 77M->14M(245M) 6.493ms
[6.998s][info][gc,cpu         ] GC(5) User=0.01s Sys=0.00s Real=0.00s
[7.301s][info][gc,start       ] GC(6) Pause Young (Allocation Failure)
[7.314s][info][gc,heap        ] GC(6) PSYoungGen: 69767K(76288K)->6454K(78848K) Eden: 64432K(65536K)->0K(70656K) From: 5334K(10752K)->6454K(8192K)
[7.314s][info][gc,heap        ] GC(6) ParOldGen: 9148K(175104K)->9156K(175104K)
[7.314s][info][gc,metaspace   ] GC(6) Metaspace: 25971K(26432K)->25971K(26432K) NonClass: 22968K(23232K)->22968K(23232K) Class: 3003K(3200K)->3003K(3200K)
[7.314s][info][gc             ] GC(6) Pause Young (Allocation Failure) 77M->15M(248M) 13.029ms
[7.314s][info][gc,cpu         ] GC(6) User=0.02s Sys=0.00s Real=0.01s
[7.452s][info][gc,start       ] GC(7) Pause Young (Allocation Failure)
[7.461s][info][gc,heap        ] GC(7) PSYoungGen: 76911K(78848K)->7937K(78848K) Eden: 70456K(70656K)->0K(70656K) From: 6454K(8192K)->7937K(8192K)
[7.461s][info][gc,heap        ] GC(7) ParOldGen: 9156K(175104K)->9164K(175104K)
[7.461s][info][gc,metaspace   ] GC(7) Metaspace: 26053K(26496K)->26053K(26496K) NonClass: 23043K(23296K)->23043K(23296K) Class: 3010K(3200K)->3010K(3200K)
[7.461s][info][gc             ] GC(7) Pause Young (Allocation Failure) 84M->16M(248M) 9.275ms
[7.461s][info][gc,cpu         ] GC(7) User=0.02s Sys=0.00s Real=0.01s
[7.739s][info][gc,start       ] GC(8) Pause Young (Allocation Failure)
[7.753s][info][gc,heap        ] GC(8) PSYoungGen: 78593K(78848K)->5484K(149504K) Eden: 70656K(70656K)->0K(141312K) From: 7937K(8192K)->5484K(8192K)
[7.753s][info][gc,heap        ] GC(8) ParOldGen: 9164K(175104K)->12384K(175104K)
[7.753s][info][gc,metaspace   ] GC(8) Metaspace: 27419K(27840K)->27419K(27840K) NonClass: 24257K(24512K)->24257K(24512K) Class: 3161K(3328K)->3161K(3328K)
[7.753s][info][gc             ] GC(8) Pause Young (Allocation Failure) 85M->17M(317M) 14.349ms
[7.753s][info][gc,cpu         ] GC(8) User=0.02s Sys=0.00s Real=0.02s
[9.294s][info][gc,start       ] GC(9) Pause Young (Allocation Failure)
[9.309s][info][gc,heap        ] GC(9) PSYoungGen: 146796K(149504K)->3845K(150016K) Eden: 141312K(141312K)->0K(141312K) From: 5484K(8192K)->3845K(8704K)
[9.309s][info][gc,heap        ] GC(9) ParOldGen: 12384K(175104K)->15129K(175104K)
[9.309s][info][gc,metaspace   ] GC(9) Metaspace: 28292K(28736K)->28292K(28736K) NonClass: 25082K(25344K)->25082K(25344K) Class: 3209K(3392K)->3209K(3392K)
[9.309s][info][gc             ] GC(9) Pause Young (Allocation Failure) 155M->18M(317M) 14.866ms
[9.309s][info][gc,cpu         ] GC(9) User=0.02s Sys=0.00s Real=0.01s
[10.660s][info][gc,start       ] GC(10) Pause Young (Allocation Failure)
[10.679s][info][gc,heap        ] GC(10) PSYoungGen: 145157K(150016K)->8697K(231936K) Eden: 141312K(141312K)->0K(223232K) From: 3845K(8704K)->8697K(8704K)
[10.680s][info][gc,heap        ] GC(10) ParOldGen: 15129K(175104K)->20204K(175104K)
[10.680s][info][gc,metaspace   ] GC(10) Metaspace: 28495K(28992K)->28495K(28992K) NonClass: 25258K(25536K)->25258K(25536K) Class: 3236K(3456K)->3236K(3456K)
[10.680s][info][gc             ] GC(10) Pause Young (Allocation Failure) 156M->28M(397M) 19.332ms
[10.680s][info][gc,cpu         ] GC(10) User=0.02s Sys=0.02s Real=0.02s
[12.805s][info][gc,start       ] GC(11) Pause Young (Allocation Failure)
[12.858s][info][gc,heap        ] GC(11) PSYoungGen: 231929K(231936K)->11766K(235008K) Eden: 223232K(223232K)->0K(223232K) From: 8697K(8704K)->11766K(11776K)
[12.858s][info][gc,heap        ] GC(11) ParOldGen: 20204K(175104K)->41088K(175104K)
[12.858s][info][gc,metaspace   ] GC(11) Metaspace: 28546K(28992K)->28546K(28992K) NonClass: 25305K(25536K)->25305K(25536K) Class: 3240K(3456K)->3240K(3456K)
[12.858s][info][gc             ] GC(11) Pause Young (Allocation Failure) 246M->51M(400M) 53.323ms
[12.858s][info][gc,cpu         ] GC(11) User=0.09s Sys=0.02s Real=0.05s
[14.530s][info][gc,start       ] GC(12) Pause Young (Allocation Failure)
[14.584s][info][gc,heap        ] GC(12) PSYoungGen: 234998K(235008K)->19766K(307712K) Eden: 223232K(223232K)->0K(286720K) From: 11766K(11776K)->19766K(20992K)
[14.584s][info][gc,heap        ] GC(12) ParOldGen: 41088K(175104K)->52948K(175104K)
[14.584s][info][gc,metaspace   ] GC(12) Metaspace: 28582K(29056K)->28582K(29056K) NonClass: 25341K(25600K)->25341K(25600K) Class: 3240K(3456K)->3240K(3456K)
[14.584s][info][gc             ] GC(12) Pause Young (Allocation Failure) 269M->71M(471M) 53.917ms
[14.584s][info][gc,cpu         ] GC(12) User=0.08s Sys=0.03s Real=0.06s
[15.744s][info][gc,start       ] GC(13) Pause Young (Allocation Failure)
[15.833s][info][gc,heap        ] GC(13) PSYoungGen: 306486K(307712K)->23528K(310272K) Eden: 286720K(286720K)->0K(286720K) From: 19766K(20992K)->23528K(23552K)
[15.833s][info][gc,heap        ] GC(13) ParOldGen: 52948K(175104K)->85963K(175104K)
[15.833s][info][gc,metaspace   ] GC(13) Metaspace: 28677K(29120K)->28677K(29120K) NonClass: 25415K(25664K)->25415K(25664K) Class: 3261K(3456K)->3261K(3456K)
[15.834s][info][gc             ] GC(13) Pause Young (Allocation Failure) 351M->106M(474M) 89.209ms
[15.834s][info][gc,cpu         ] GC(13) User=0.14s Sys=0.04s Real=0.09s
[16.706s][info][gc,start       ] GC(14) Pause Young (Allocation Failure)
[16.785s][info][gc,heap        ] GC(14) PSYoungGen: 310248K(310272K)->23544K(250880K) Eden: 286720K(286720K)->0K(227328K) From: 23528K(23552K)->23544K(23552K)
[16.785s][info][gc,heap        ] GC(14) ParOldGen: 85963K(175104K)->120042K(175104K)
[16.785s][info][gc,metaspace   ] GC(14) Metaspace: 28716K(29184K)->28716K(29184K) NonClass: 25454K(25728K)->25454K(25728K) Class: 3261K(3456K)->3261K(3456K)
[16.785s][info][gc             ] GC(14) Pause Young (Allocation Failure) 386M->140M(416M) 78.857ms
[16.785s][info][gc,cpu         ] GC(14) User=0.13s Sys=0.03s Real=0.08s
[18.030s][info][gc,start       ] GC(15) Pause Young (Allocation Failure)
[18.104s][info][gc,heap        ] GC(15) PSYoungGen: 250872K(250880K)->38982K(266752K) Eden: 227328K(227328K)->0K(227328K) From: 23544K(23552K)->38982K(39424K)
[18.104s][info][gc,heap        ] GC(15) ParOldGen: 120042K(175104K)->141834K(175104K)
[18.104s][info][gc,metaspace   ] GC(15) Metaspace: 28716K(29184K)->28716K(29184K) NonClass: 25454K(25728K)->25454K(25728K) Class: 3261K(3456K)->3261K(3456K)
[18.104s][info][gc             ] GC(15) Pause Young (Allocation Failure) 362M->176M(431M) 74.034ms
[18.104s][info][gc,cpu         ] GC(15) User=0.13s Sys=0.02s Real=0.08s
[19.855s][info][gc,start       ] GC(16) Pause Young (Allocation Failure)
[19.919s][info][gc,heap        ] GC(16) PSYoungGen: 266310K(266752K)->27891K(277504K) Eden: 227328K(227328K)->0K(220160K) From: 38982K(39424K)->27891K(57344K)
[19.919s][info][gc,heap        ] GC(16) ParOldGen: 141834K(175104K)->165554K(175104K)
[19.919s][info][gc,metaspace   ] GC(16) Metaspace: 28789K(29248K)->28789K(29248K) NonClass: 25520K(25792K)->25520K(25792K) Class: 3268K(3456K)->3268K(3456K)
[19.919s][info][gc             ] GC(16) Pause Young (Allocation Failure) 398M->188M(442M) 63.891ms
[19.919s][info][gc,cpu         ] GC(16) User=0.12s Sys=0.01s Real=0.06s
[20.487s][info][gc,start       ] GC(17) Pause Young (Allocation Failure)
[20.545s][info][gc,heap        ] GC(17) PSYoungGen: 248051K(277504K)->27692K(248320K) Eden: 220160K(220160K)->0K(220160K) From: 27891K(57344K)->27692K(28160K)
[20.545s][info][gc,heap        ] GC(17) ParOldGen: 165554K(175104K)->193352K(193536K)
[20.545s][info][gc,metaspace   ] GC(17) Metaspace: 28790K(29248K)->28790K(29248K) NonClass: 25522K(25792K)->25522K(25792K) Class: 3268K(3456K)->3268K(3456K)
[20.545s][info][gc             ] GC(17) Pause Young (Allocation Failure) 403M->215M(431M) 58.272ms
[20.545s][info][gc,cpu         ] GC(17) User=0.09s Sys=0.02s Real=0.06s
[21.123s][info][gc,start       ] GC(18) Pause Young (Allocation Failure)
[21.186s][info][gc,heap        ] GC(18) PSYoungGen: 247852K(248320K)->27160K(275968K) Eden: 220160K(220160K)->0K(221184K) From: 27692K(28160K)->27160K(54784K)
[21.186s][info][gc,heap        ] GC(18) ParOldGen: 193352K(193536K)->220334K(220672K)
[21.186s][info][gc,metaspace   ] GC(18) Metaspace: 28790K(29248K)->28790K(29248K) NonClass: 25522K(25792K)->25522K(25792K) Class: 3268K(3456K)->3268K(3456K)
[21.186s][info][gc             ] GC(18) Pause Young (Allocation Failure) 430M->241M(485M) 62.776ms
[21.186s][info][gc,cpu         ] GC(18) User=0.10s Sys=0.03s Real=0.06s
[21.811s][info][gc,start       ] GC(19) Pause Young (Allocation Failure)
[21.880s][info][gc,heap        ] GC(19) PSYoungGen: 248344K(275968K)->29662K(274944K) Eden: 221184K(221184K)->0K(221184K) From: 27160K(54784K)->29662K(53760K)
[21.880s][info][gc,heap        ] GC(19) ParOldGen: 220334K(220672K)->245775K(246272K)
[21.880s][info][gc,metaspace   ] GC(19) Metaspace: 28790K(29248K)->28790K(29248K) NonClass: 25522K(25792K)->25522K(25792K) Class: 3268K(3456K)->3268K(3456K)
[21.880s][info][gc             ] GC(19) Pause Young (Allocation Failure) 457M->268M(509M) 68.549ms
[21.880s][info][gc,cpu         ] GC(19) User=0.11s Sys=0.02s Real=0.06s
[23.655s][info][gc,start       ] GC(20) Pause Young (Allocation Failure)
[23.693s][info][gc,heap        ] GC(20) PSYoungGen: 250846K(274944K)->6936K(279040K) Eden: 221184K(221184K)->0K(225792K) From: 29662K(53760K)->6936K(53248K)
[23.693s][info][gc,heap        ] GC(20) ParOldGen: 245775K(246272K)->273415K(273920K)
[23.693s][info][gc,metaspace   ] GC(20) Metaspace: 28852K(29312K)->28852K(29312K) NonClass: 25584K(25856K)->25584K(25856K) Class: 3268K(3456K)->3268K(3456K)
[23.693s][info][gc             ] GC(20) Pause Young (Allocation Failure) 484M->273M(540M) 37.712ms
[23.693s][info][gc,cpu         ] GC(20) User=0.05s Sys=0.02s Real=0.04s
[25.020s][info][gc,start       ] GC(21) Pause Young (Allocation Failure)
[25.028s][info][gc,heap        ] GC(21) PSYoungGen: 232728K(279040K)->603K(278528K) Eden: 225792K(225792K)->0K(225792K) From: 6936K(53248K)->603K(52736K)
[25.028s][info][gc,heap        ] GC(21) ParOldGen: 273415K(273920K)->279263K(279552K)
[25.028s][info][gc,metaspace   ] GC(21) Metaspace: 28866K(29312K)->28866K(29312K) NonClass: 25598K(25856K)->25598K(25856K) Class: 3268K(3456K)->3268K(3456K)
[25.028s][info][gc             ] GC(21) Pause Young (Allocation Failure) 494M->273M(545M) 7.607ms
[25.028s][info][gc,cpu         ] GC(21) User=0.01s Sys=0.01s Real=0.01s
[26.318s][info][gc,start       ] GC(22) Pause Young (Allocation Failure)
[26.343s][info][gc,heap        ] GC(22) PSYoungGen: 226395K(278528K)->22555K(277504K) Eden: 225792K(225792K)->0K(227840K) From: 603K(52736K)->22555K(49664K)
[26.343s][info][gc,heap        ] GC(22) ParOldGen: 279263K(279552K)->279817K(280064K)
[26.343s][info][gc,metaspace   ] GC(22) Metaspace: 28872K(29312K)->28872K(29312K) NonClass: 25604K(25856K)->25604K(25856K) Class: 3268K(3456K)->3268K(3456K)
[26.343s][info][gc             ] GC(22) Pause Young (Allocation Failure) 493M->295M(544M) 24.625ms
[26.343s][info][gc,cpu         ] GC(22) User=0.05s Sys=0.00s Real=0.03s
[27.712s][info][gc,start       ] GC(23) Pause Young (Allocation Failure)
[27.760s][info][gc,heap        ] GC(23) PSYoungGen: 250395K(277504K)->22399K(279040K) Eden: 227840K(227840K)->0K(227840K) From: 22555K(49664K)->22399K(51200K)
[27.760s][info][gc,heap        ] GC(23) ParOldGen: 279817K(280064K)->302489K(302592K)
[27.760s][info][gc,metaspace   ] GC(23) Metaspace: 28876K(29312K)->28876K(29312K) NonClass: 25608K(25856K)->25608K(25856K) Class: 3268K(3456K)->3268K(3456K)
[27.760s][info][gc             ] GC(23) Pause Young (Allocation Failure) 517M->317M(568M) 48.721ms
[27.761s][info][gc,cpu         ] GC(23) User=0.08s Sys=0.03s Real=0.05s
[30.542s][info][gc,start       ] GC(24) Pause Young (Allocation Failure)
[30.586s][info][gc,heap        ] GC(24) PSYoungGen: 250239K(279040K)->20127K(276992K) Eden: 227840K(227840K)->0K(233472K) From: 22399K(51200K)->20127K(43520K)
[30.586s][info][gc,heap        ] GC(24) ParOldGen: 302489K(302592K)->324865K(325120K)
[30.586s][info][gc,metaspace   ] GC(24) Metaspace: 32942K(33280K)->32942K(33280K) NonClass: 29366K(29568K)->29366K(29568K) Class: 3576K(3712K)->3576K(3712K)
[30.587s][info][gc             ] GC(24) Pause Young (Allocation Failure) 539M->336M(588M) 44.974ms
[30.587s][info][gc,cpu         ] GC(24) User=0.07s Sys=0.02s Real=0.04s
[33.122s][info][gc,start       ] GC(25) Pause Young (Allocation Failure)
[33.146s][info][gc,heap        ] GC(25) PSYoungGen: 253599K(276992K)->1431K(279552K) Eden: 233472K(233472K)->0K(233472K) From: 20127K(43520K)->1431K(46080K)
[33.146s][info][gc,heap        ] GC(25) ParOldGen: 324865K(325120K)->339696K(339968K)
[33.146s][info][gc,metaspace   ] GC(25) Metaspace: 33905K(34368K)->33905K(34368K) NonClass: 30316K(30592K)->30316K(30592K) Class: 3589K(3776K)->3589K(3776K)
[33.146s][info][gc             ] GC(25) Pause Young (Allocation Failure) 564M->333M(605M) 24.262ms
[33.146s][info][gc,cpu         ] GC(25) User=0.04s Sys=0.01s Real=0.02s
[35.013s][info][gc,start       ] GC(26) Pause Young (Allocation Failure)
[35.035s][info][gc,heap        ] GC(26) PSYoungGen: 234903K(279552K)->22441K(286208K) Eden: 233472K(233472K)->0K(241152K) From: 1431K(46080K)->22441K(45056K)
[35.036s][info][gc,heap        ] GC(26) ParOldGen: 339696K(339968K)->340778K(340992K)
[35.036s][info][gc,metaspace   ] GC(26) Metaspace: 34092K(34560K)->34092K(34560K) NonClass: 30500K(30784K)->30500K(30784K) Class: 3591K(3776K)->3591K(3776K)
[35.036s][info][gc             ] GC(26) Pause Young (Allocation Failure) 561M->354M(612M) 22.881ms
[35.036s][info][gc,cpu         ] GC(26) User=0.05s Sys=0.00s Real=0.02s
[36.932s][info][gc,start       ] GC(27) Pause Young (Allocation Failure)
[36.947s][info][gc,heap        ] GC(27) PSYoungGen: 263593K(286208K)->9705K(286720K) Eden: 241152K(241152K)->0K(241152K) From: 22441K(45056K)->9705K(45568K)
[36.947s][info][gc,heap        ] GC(27) ParOldGen: 340778K(340992K)->342054K(342528K)
[36.947s][info][gc,metaspace   ] GC(27) Metaspace: 34173K(34624K)->34173K(34624K) NonClass: 30581K(30848K)->30581K(30848K) Class: 3592K(3776K)->3592K(3776K)
[36.947s][info][gc             ] GC(27) Pause Young (Allocation Failure) 590M->343M(614M) 14.452ms
[36.947s][info][gc,cpu         ] GC(27) User=0.03s Sys=0.00s Real=0.01s
[38.830s][info][gc,start       ] GC(28) Pause Young (Allocation Failure)
[38.835s][info][gc,heap        ] GC(28) PSYoungGen: 250857K(286720K)->1616K(287744K) Eden: 241152K(241152K)->0K(243200K) From: 9705K(45568K)->1616K(44544K)
[38.835s][info][gc,heap        ] GC(28) ParOldGen: 342054K(342528K)->343341K(343552K)
[38.835s][info][gc,metaspace   ] GC(28) Metaspace: 34221K(34688K)->34221K(34688K) NonClass: 30628K(30912K)->30628K(30912K) Class: 3592K(3776K)->3592K(3776K)
[38.835s][info][gc             ] GC(28) Pause Young (Allocation Failure) 579M->336M(616M) 5.598ms
[38.835s][info][gc,cpu         ] GC(28) User=0.01s Sys=0.00s Real=0.01s
[39.172s][info][gc,start       ] GC(29) Pause Full (CodeCache GC Threshold)
[39.172s][info][gc,phases,start] GC(29) Marking Phase
[39.231s][info][gc,phases      ] GC(29) Marking Phase 58.756ms
[39.231s][info][gc,phases,start] GC(29) Summary Phase
[39.231s][info][gc,phases      ] GC(29) Summary Phase 0.018ms
[39.231s][info][gc,phases,start] GC(29) Forward
[39.237s][info][gc,phases      ] GC(29) Forward 5.769ms
[39.237s][info][gc,phases,start] GC(29) Adjust Pointers
[39.267s][info][gc,phases      ] GC(29) Adjust Pointers 30.275ms
[39.267s][info][gc,phases,start] GC(29) Compaction Phase
[39.276s][info][gc,phases      ] GC(29) Compaction Phase 8.672ms
[39.276s][info][gc,phases,start] GC(29) Post Compact
[39.282s][info][gc,phases      ] GC(29) Post Compact 6.645ms
[39.282s][info][gc,heap        ] GC(29) PSYoungGen: 51520K(287744K)->0K(287744K) Eden: 49904K(243200K)->0K(243200K) From: 1616K(44544K)->0K(44544K)
[39.282s][info][gc,heap        ] GC(29) ParOldGen: 343341K(343552K)->49175K(343552K)
[39.282s][info][gc,metaspace   ] GC(29) Metaspace: 34224K(34688K)->34224K(34688K) NonClass: 30632K(30912K)->30632K(30912K) Class: 3592K(3776K)->3592K(3776K)
[39.283s][info][gc             ] GC(29) Pause Full (CodeCache GC Threshold) 385M->48M(616M) 110.511ms
[39.283s][info][gc,cpu         ] GC(29) User=0.14s Sys=0.01s Real=0.11s
[40.883s][info][gc,start       ] GC(30) Pause Young (Allocation Failure)
[40.908s][info][gc,heap        ] GC(30) PSYoungGen: 243200K(287744K)->23647K(287744K) Eden: 243200K(243200K)->0K(243200K) From: 0K(44544K)->23647K(44544K)
[40.908s][info][gc,heap        ] GC(30) ParOldGen: 49175K(343552K)->49175K(343552K)
[40.908s][info][gc,metaspace   ] GC(30) Metaspace: 34247K(34688K)->34247K(34688K) NonClass: 30655K(30912K)->30655K(30912K) Class: 3592K(3776K)->3592K(3776K)
[40.908s][info][gc             ] GC(30) Pause Young (Allocation Failure) 285M->71M(616M) 25.536ms
[40.908s][info][gc,cpu         ] GC(30) User=0.04s Sys=0.00s Real=0.02s
[42.859s][info][gc,start       ] GC(31) Pause Young (Allocation Failure)
[42.872s][info][gc,heap        ] GC(31) PSYoungGen: 266847K(287744K)->6111K(287232K) Eden: 243200K(243200K)->0K(244736K) From: 23647K(44544K)->6111K(42496K)
[42.872s][info][gc,heap        ] GC(31) ParOldGen: 49175K(343552K)->51600K(343552K)
[42.872s][info][gc,metaspace   ] GC(31) Metaspace: 34290K(34752K)->34290K(34752K) NonClass: 30698K(30976K)->30698K(30976K) Class: 3592K(3776K)->3592K(3776K)
[42.872s][info][gc             ] GC(31) Pause Young (Allocation Failure) 308M->56M(616M) 12.343ms
[42.872s][info][gc,cpu         ] GC(31) User=0.02s Sys=0.00s Real=0.02s
[44.424s][info][gc,start       ] GC(32) Pause Young (Allocation Failure)
[44.451s][info][gc,heap        ] GC(32) PSYoungGen: 250823K(287232K)->15610K(288256K) Eden: 244711K(244736K)->0K(244736K) From: 6111K(42496K)->15610K(43520K)
[44.451s][info][gc,heap        ] GC(32) ParOldGen: 51600K(343552K)->52957K(343552K)
[44.451s][info][gc,metaspace   ] GC(32) Metaspace: 34298K(34752K)->34298K(34752K) NonClass: 30706K(30976K)->30706K(30976K) Class: 3592K(3776K)->3592K(3776K)
[44.451s][info][gc             ] GC(32) Pause Young (Allocation Failure) 295M->66M(617M) 27.375ms
[44.451s][info][gc,cpu         ] GC(32) User=0.04s Sys=0.00s Real=0.03s
[45.963s][info][gc,start       ] GC(33) Pause Young (Allocation Failure)
[45.978s][info][gc,heap        ] GC(33) PSYoungGen: 260346K(288256K)->10002K(288768K) Eden: 244736K(244736K)->0K(249344K) From: 15610K(43520K)->10002K(39424K)
[45.978s][info][gc,heap        ] GC(33) ParOldGen: 52957K(343552K)->54076K(343552K)
[45.978s][info][gc,metaspace   ] GC(33) Metaspace: 34338K(34816K)->34338K(34816K) NonClass: 30745K(31040K)->30745K(31040K) Class: 3592K(3776K)->3592K(3776K)
[45.978s][info][gc             ] GC(33) Pause Young (Allocation Failure) 305M->62M(617M) 14.961ms
[45.978s][info][gc,cpu         ] GC(33) User=0.02s Sys=0.00s Real=0.01s
[47.621s][info][gc,start       ] GC(34) Pause Young (Allocation Failure)
[47.630s][info][gc,heap        ] GC(34) PSYoungGen: 259346K(288768K)->10158K(288768K) Eden: 249344K(249344K)->0K(249344K) From: 10002K(39424K)->10158K(39424K)
[47.630s][info][gc,heap        ] GC(34) ParOldGen: 54076K(343552K)->55143K(343552K)
[47.630s][info][gc,metaspace   ] GC(34) Metaspace: 34368K(34816K)->34368K(34816K) NonClass: 30776K(31040K)->30776K(31040K) Class: 3592K(3776K)->3592K(3776K)
[47.630s][info][gc             ] GC(34) Pause Young (Allocation Failure) 306M->63M(617M) 9.186ms
[47.630s][info][gc,cpu         ] GC(34) User=0.02s Sys=0.00s Real=0.00s
[48.904s][info][gc,start       ] GC(35) Pause Young (Allocation Failure)
[48.949s][info][gc,heap        ] GC(35) PSYoungGen: 259502K(288768K)->37881K(278528K) Eden: 249344K(249344K)->0K(240640K) From: 10158K(39424K)->37881K(37888K)
[48.949s][info][gc,heap        ] GC(35) ParOldGen: 55143K(343552K)->61796K(343552K)
[48.949s][info][gc,metaspace   ] GC(35) Metaspace: 34373K(34816K)->34373K(34816K) NonClass: 30781K(31040K)->30781K(31040K) Class: 3592K(3776K)->3592K(3776K)
[48.949s][info][gc             ] GC(35) Pause Young (Allocation Failure) 307M->97M(607M) 44.377ms
[48.949s][info][gc,cpu         ] GC(35) User=0.08s Sys=0.00s Real=0.04s
[50.878s][info][gc,start       ] GC(36) Pause Young (Allocation Failure)
[50.932s][info][gc,heap        ] GC(36) PSYoungGen: 278521K(278528K)->22556K(287232K) Eden: 240640K(240640K)->0K(240640K) From: 37881K(37888K)->22556K(46592K)
[50.932s][info][gc,heap        ] GC(36) ParOldGen: 61796K(343552K)->82259K(343552K)
[50.932s][info][gc,metaspace   ] GC(36) Metaspace: 34381K(34816K)->34381K(34816K) NonClass: 30789K(31040K)->30789K(31040K) Class: 3592K(3776K)->3592K(3776K)
[50.932s][info][gc             ] GC(36) Pause Young (Allocation Failure) 332M->102M(616M) 53.752ms
[50.932s][info][gc,cpu         ] GC(36) User=0.10s Sys=0.00s Real=0.06s
[52.535s][info][gc,start       ] GC(37) Pause Young (Allocation Failure)
[52.555s][info][gc,heap        ] GC(37) PSYoungGen: 263196K(287232K)->5727K(285184K) Eden: 240640K(240640K)->0K(241664K) From: 22556K(46592K)->5727K(43520K)
[52.555s][info][gc,heap        ] GC(37) ParOldGen: 82259K(343552K)->93277K(343552K)
[52.555s][info][gc,metaspace   ] GC(37) Metaspace: 34471K(34944K)->34471K(34944K) NonClass: 30872K(31168K)->30872K(31168K) Class: 3599K(3776K)->3599K(3776K)
[52.555s][info][gc             ] GC(37) Pause Young (Allocation Failure) 337M->96M(614M) 20.636ms
[52.555s][info][gc,cpu         ] GC(37) User=0.04s Sys=0.00s Real=0.02s
[54.244s][info][gc,start       ] GC(38) Pause Young (Allocation Failure)
[54.261s][info][gc,heap        ] GC(38) PSYoungGen: 247391K(285184K)->20141K(286720K) Eden: 241664K(241664K)->0K(241664K) From: 5727K(43520K)->20141K(45056K)
[54.261s][info][gc,heap        ] GC(38) ParOldGen: 93277K(343552K)->96323K(343552K)
[54.261s][info][gc,metaspace   ] GC(38) Metaspace: 35342K(35712K)->35342K(35712K) NonClass: 31666K(31872K)->31666K(31872K) Class: 3676K(3840K)->3676K(3840K)
[54.261s][info][gc             ] GC(38) Pause Young (Allocation Failure) 332M->113M(615M) 17.419ms
[54.261s][info][gc,cpu         ] GC(38) User=0.03s Sys=0.00s Real=0.02s
[55.318s][info][gc,start       ] GC(39) Pause Young (Allocation Failure)
[55.336s][info][gc,heap        ] GC(39) PSYoungGen: 261805K(286720K)->15963K(283648K) Eden: 241664K(241664K)->0K(245248K) From: 20141K(45056K)->15963K(38400K)
[55.336s][info][gc,heap        ] GC(39) ParOldGen: 96323K(343552K)->104028K(343552K)
[55.336s][info][gc,metaspace   ] GC(39) Metaspace: 35381K(35840K)->35381K(35840K) NonClass: 31705K(32000K)->31705K(32000K) Class: 3676K(3840K)->3676K(3840K)
[55.336s][info][gc             ] GC(39) Pause Young (Allocation Failure) 349M->117M(612M) 18.365ms
[55.336s][info][gc,cpu         ] GC(39) User=0.04s Sys=0.00s Real=0.02s
[56.385s][info][gc,start       ] GC(40) Pause Young (Allocation Failure)
[56.411s][info][gc,heap        ] GC(40) PSYoungGen: 261211K(283648K)->40939K(286208K) Eden: 245248K(245248K)->0K(245248K) From: 15963K(38400K)->40939K(40960K)
[56.411s][info][gc,heap        ] GC(40) ParOldGen: 104028K(343552K)->107450K(343552K)
[56.411s][info][gc,metaspace   ] GC(40) Metaspace: 35405K(35840K)->35405K(35840K) NonClass: 31729K(32000K)->31729K(32000K) Class: 3676K(3840K)->3676K(3840K)
[56.411s][info][gc             ] GC(40) Pause Young (Allocation Failure) 356M->144M(615M) 25.811ms
[56.411s][info][gc,cpu         ] GC(40) User=0.05s Sys=0.00s Real=0.03s
[57.322s][info][gc,start       ] GC(41) Pause Young (Allocation Failure)
[57.385s][info][gc,heap        ] GC(41) PSYoungGen: 286187K(286208K)->47611K(229888K) Eden: 245248K(245248K)->0K(182272K) From: 40939K(40960K)->47611K(47616K)
[57.385s][info][gc,heap        ] GC(41) ParOldGen: 107450K(343552K)->160426K(343552K)
[57.385s][info][gc,metaspace   ] GC(41) Metaspace: 35412K(35840K)->35412K(35840K) NonClass: 31735K(32000K)->31735K(32000K) Class: 3677K(3840K)->3677K(3840K)
[57.385s][info][gc             ] GC(41) Pause Young (Allocation Failure) 384M->203M(560M) 63.527ms
[57.385s][info][gc,cpu         ] GC(41) User=0.12s Sys=0.00s Real=0.06s
[58.127s][info][gc,start       ] GC(42) Pause Young (Allocation Failure)
[58.214s][info][gc,heap        ] GC(42) PSYoungGen: 229883K(229888K)->75769K(258048K) Eden: 182272K(182272K)->0K(182272K) From: 47611K(47616K)->75769K(75776K)
[58.215s][info][gc,heap        ] GC(42) ParOldGen: 160426K(343552K)->209433K(343552K)
[58.215s][info][gc,metaspace   ] GC(42) Metaspace: 35416K(35904K)->35416K(35904K) NonClass: 31739K(32064K)->31739K(32064K) Class: 3677K(3840K)->3677K(3840K)
[58.215s][info][gc             ] GC(42) Pause Young (Allocation Failure) 381M->278M(587M) 87.474ms
[58.215s][info][gc,cpu         ] GC(42) User=0.16s Sys=0.00s Real=0.09s
[58.907s][info][gc,start       ] GC(43) Pause Young (Allocation Failure)
[59.012s][info][gc,heap        ] GC(43) PSYoungGen: 258041K(258048K)->75773K(187392K) Eden: 182272K(182272K)->0K(111616K) From: 75769K(75776K)->75773K(75776K)
[59.012s][info][gc,heap        ] GC(43) ParOldGen: 209433K(343552K)->299574K(343552K)
[59.012s][info][gc,metaspace   ] GC(43) Metaspace: 35417K(35904K)->35417K(35904K) NonClass: 31740K(32064K)->31740K(32064K) Class: 3677K(3840K)->3677K(3840K)
[59.012s][info][gc             ] GC(43) Pause Young (Allocation Failure) 456M->366M(518M) 104.848ms
[59.012s][info][gc,cpu         ] GC(43) User=0.21s Sys=0.00s Real=0.11s
[59.424s][info][gc,start       ] GC(44) Pause Young (Allocation Failure)
[59.502s][info][gc,heap        ] GC(44) PSYoungGen: 187389K(187392K)->30451K(222720K) Eden: 111616K(111616K)->0K(111616K) From: 75773K(75776K)->30451K(111104K)
[59.502s][info][gc,heap        ] GC(44) ParOldGen: 299574K(343552K)->374726K(374784K)
[59.502s][info][gc,metaspace   ] GC(44) Metaspace: 35417K(35904K)->35417K(35904K) NonClass: 31740K(32064K)->31740K(32064K) Class: 3677K(3840K)->3677K(3840K)
[59.502s][info][gc             ] GC(44) Pause Young (Allocation Failure) 475M->395M(583M) 78.734ms
[59.502s][info][gc,cpu         ] GC(44) User=0.13s Sys=0.02s Real=0.08s
[59.922s][info][gc,start       ] GC(45) Pause Young (Allocation Failure)
[59.945s][info][gc,heap        ] GC(45) PSYoungGen: 142067K(222720K)->6125K(222720K) Eden: 111616K(111616K)->0K(111616K) From: 30451K(111104K)->6125K(111104K)
[59.945s][info][gc,heap        ] GC(45) ParOldGen: 374726K(374784K)->391110K(391168K)
[59.945s][info][gc,metaspace   ] GC(45) Metaspace: 35429K(35904K)->35429K(35904K) NonClass: 31750K(32064K)->31750K(32064K) Class: 3679K(3840K)->3679K(3840K)
[59.945s][info][gc             ] GC(45) Pause Young (Allocation Failure) 504M->387M(599M) 23.035ms
[59.945s][info][gc,cpu         ] GC(45) User=0.03s Sys=0.01s Real=0.02s
[60.382s][info][gc,start       ] GC(46) Pause Young (Allocation Failure)
[60.389s][info][gc,heap        ] GC(46) PSYoungGen: 117741K(222720K)->2053K(222720K) Eden: 111616K(111616K)->0K(111616K) From: 6125K(111104K)->2053K(111104K)
[60.389s][info][gc,heap        ] GC(46) ParOldGen: 391110K(391168K)->391804K(392192K)
[60.389s][info][gc,metaspace   ] GC(46) Metaspace: 35432K(35904K)->35432K(35904K) NonClass: 31753K(32064K)->31753K(32064K) Class: 3679K(3840K)->3679K(3840K)
[60.389s][info][gc             ] GC(46) Pause Young (Allocation Failure) 496M->384M(600M) 7.312ms
[60.389s][info][gc,cpu         ] GC(46) User=0.01s Sys=0.00s Real=0.00s
[60.812s][info][gc,start       ] GC(47) Pause Young (Allocation Failure)
[60.831s][info][gc,heap        ] GC(47) PSYoungGen: 113669K(222720K)->32268K(222720K) Eden: 111616K(111616K)->0K(111616K) From: 2053K(111104K)->32268K(111104K)
[60.831s][info][gc,heap        ] GC(47) ParOldGen: 391804K(392192K)->392112K(392192K)
[60.831s][info][gc,metaspace   ] GC(47) Metaspace: 35433K(35904K)->35433K(35904K) NonClass: 31754K(32064K)->31754K(32064K) Class: 3679K(3840K)->3679K(3840K)
[60.832s][info][gc             ] GC(47) Pause Young (Allocation Failure) 493M->414M(600M) 19.959ms
[60.832s][info][gc,cpu         ] GC(47) User=0.04s Sys=0.00s Real=0.02s
[61.241s][info][gc,start       ] GC(48) Pause Young (Allocation Failure)
[61.249s][info][gc,heap        ] GC(48) PSYoungGen: 143884K(222720K)->11172K(222720K) Eden: 111616K(111616K)->0K(111616K) From: 32268K(111104K)->11172K(111104K)
[61.250s][info][gc,heap        ] GC(48) ParOldGen: 392112K(392192K)->392647K(392704K)
[61.250s][info][gc,metaspace   ] GC(48) Metaspace: 35441K(35904K)->35441K(35904K) NonClass: 31762K(32064K)->31762K(32064K) Class: 3679K(3840K)->3679K(3840K)
[61.250s][info][gc             ] GC(48) Pause Young (Allocation Failure) 523M->394M(601M) 8.318ms
[61.250s][info][gc,cpu         ] GC(48) User=0.01s Sys=0.00s Real=0.00s
[61.621s][info][gc,start       ] GC(49) Pause Young (Allocation Failure)
[61.629s][info][gc,heap        ] GC(49) PSYoungGen: 122788K(222720K)->6571K(222720K) Eden: 111616K(111616K)->0K(111616K) From: 11172K(111104K)->6571K(111104K)
[61.629s][info][gc,heap        ] GC(49) ParOldGen: 392647K(392704K)->393284K(393728K)
[61.629s][info][gc,metaspace   ] GC(49) Metaspace: 35443K(35904K)->35443K(35904K) NonClass: 31764K(32064K)->31764K(32064K) Class: 3679K(3840K)->3679K(3840K)
[61.629s][info][gc             ] GC(49) Pause Young (Allocation Failure) 503M->390M(602M) 8.054ms
[61.629s][info][gc,cpu         ] GC(49) User=0.01s Sys=0.00s Real=0.00s
[62.018s][info][gc,start       ] GC(50) Pause Young (Allocation Failure)
[62.027s][info][gc,heap        ] GC(50) PSYoungGen: 118187K(222720K)->6359K(222720K) Eden: 111616K(111616K)->0K(111616K) From: 6571K(111104K)->6359K(111104K)
[62.027s][info][gc,heap        ] GC(50) ParOldGen: 393284K(393728K)->393565K(393728K)
[62.027s][info][gc,metaspace   ] GC(50) Metaspace: 35443K(35904K)->35443K(35904K) NonClass: 31764K(32064K)->31764K(32064K) Class: 3679K(3840K)->3679K(3840K)
[62.027s][info][gc             ] GC(50) Pause Young (Allocation Failure) 499M->390M(602M) 8.956ms
[62.027s][info][gc,cpu         ] GC(50) User=0.02s Sys=0.00s Real=0.01s
[62.418s][info][gc,start       ] GC(51) Pause Young (Allocation Failure)
[62.463s][info][gc,heap        ] GC(51) PSYoungGen: 117975K(222720K)->34271K(218624K) Eden: 111616K(111616K)->0K(111616K) From: 6359K(111104K)->34271K(107008K)
[62.463s][info][gc,heap        ] GC(51) ParOldGen: 393565K(393728K)->393775K(394240K)
[62.463s][info][gc,metaspace   ] GC(51) Metaspace: 35443K(35904K)->35443K(35904K) NonClass: 31764K(32064K)->31764K(32064K) Class: 3679K(3840K)->3679K(3840K)
[62.463s][info][gc             ] GC(51) Pause Young (Allocation Failure) 499M->418M(598M) 44.777ms
[62.463s][info][gc,cpu         ] GC(51) User=0.09s Sys=0.00s Real=0.05s
[62.865s][info][gc,start       ] GC(52) Pause Young (Allocation Failure)
[62.900s][info][gc,heap        ] GC(52) PSYoungGen: 145887K(218624K)->28158K(139776K) Eden: 111616K(111616K)->0K(111616K) From: 34271K(107008K)->28158K(28160K)
[62.900s][info][gc,heap        ] GC(52) ParOldGen: 393775K(394240K)->394499K(394752K)
[62.900s][info][gc,metaspace   ] GC(52) Metaspace: 35444K(35904K)->35444K(35904K) NonClass: 31765K(32064K)->31765K(32064K) Class: 3679K(3840K)->3679K(3840K)
[62.900s][info][gc             ] GC(52) Pause Young (Allocation Failure) 527M->412M(522M) 35.661ms
[62.900s][info][gc,cpu         ] GC(52) User=0.03s Sys=0.00s Real=0.03s
[63.302s][info][gc,start       ] GC(53) Pause Young (Allocation Failure)
[63.340s][info][gc,heap        ] GC(53) PSYoungGen: 139774K(139776K)->26218K(225792K) Eden: 111616K(111616K)->0K(123904K) From: 28158K(28160K)->26218K(101888K)
[63.340s][info][gc,heap        ] GC(53) ParOldGen: 394499K(394752K)->416954K(417280K)
[63.340s][info][gc,metaspace   ] GC(53) Metaspace: 35518K(35968K)->35518K(35968K) NonClass: 31833K(32128K)->31833K(32128K) Class: 3684K(3840K)->3684K(3840K)
[63.340s][info][gc             ] GC(53) Pause Young (Allocation Failure) 521M->432M(628M) 38.796ms
[63.340s][info][gc,cpu         ] GC(53) User=0.06s Sys=0.01s Real=0.03s
[63.714s][info][gc,start       ] GC(54) Pause Young (Allocation Failure)
[63.745s][info][gc,heap        ] GC(54) PSYoungGen: 150122K(225792K)->766K(219648K) Eden: 123904K(123904K)->0K(123904K) From: 26218K(101888K)->766K(95744K)
[63.745s][info][gc,heap        ] GC(54) ParOldGen: 416954K(417280K)->441954K(442368K)
[63.745s][info][gc,metaspace   ] GC(54) Metaspace: 35533K(35968K)->35533K(35968K) NonClass: 31848K(32128K)->31848K(32128K) Class: 3684K(3840K)->3684K(3840K)
[63.745s][info][gc             ] GC(54) Pause Young (Allocation Failure) 553M->432M(646M) 30.938ms
[63.745s][info][gc,cpu         ] GC(54) User=0.04s Sys=0.02s Real=0.03s
[64.120s][info][gc,start       ] GC(55) Pause Young (Allocation Failure)
[64.125s][info][gc,heap        ] GC(55) PSYoungGen: 124670K(219648K)->1359K(232448K) Eden: 123904K(123904K)->0K(138240K) From: 766K(95744K)->1359K(94208K)
[64.125s][info][gc,heap        ] GC(55) ParOldGen: 441954K(442368K)->442065K(442368K)
[64.125s][info][gc,metaspace   ] GC(55) Metaspace: 35533K(35968K)->35533K(35968K) NonClass: 31848K(32128K)->31848K(32128K) Class: 3684K(3840K)->3684K(3840K)
[64.125s][info][gc             ] GC(55) Pause Young (Allocation Failure) 553M->433M(659M) 5.248ms
[64.125s][info][gc,cpu         ] GC(55) User=0.01s Sys=0.00s Real=0.01s
[64.541s][info][gc,start       ] GC(56) Pause Young (Allocation Failure)
[64.545s][info][gc,heap        ] GC(56) PSYoungGen: 139599K(232448K)->1149K(230400K) Eden: 138240K(138240K)->0K(138240K) From: 1359K(94208K)->1149K(92160K)
[64.545s][info][gc,heap        ] GC(56) ParOldGen: 442065K(442368K)->442410K(442880K)
[64.545s][info][gc,metaspace   ] GC(56) Metaspace: 35543K(35968K)->35543K(35968K) NonClass: 31859K(32128K)->31859K(32128K) Class: 3684K(3840K)->3684K(3840K)
[64.545s][info][gc             ] GC(56) Pause Young (Allocation Failure) 568M->433M(657M) 4.063ms
[64.545s][info][gc,cpu         ] GC(56) User=0.01s Sys=0.00s Real=0.00s
[65.003s][info][gc,start       ] GC(57) Pause Young (Allocation Failure)
[65.015s][info][gc,heap        ] GC(57) PSYoungGen: 139389K(230400K)->5276K(238080K) Eden: 138240K(138240K)->0K(151040K) From: 1149K(92160K)->5276K(87040K)
[65.015s][info][gc,heap        ] GC(57) ParOldGen: 442410K(442880K)->442762K(442880K)
[65.015s][info][gc,metaspace   ] GC(57) Metaspace: 35924K(36352K)->35924K(36352K) NonClass: 32140K(32384K)->32140K(32384K) Class: 3784K(3968K)->3784K(3968K)
[65.015s][info][gc             ] GC(57) Pause Young (Allocation Failure) 568M->437M(665M) 12.326ms
[65.015s][info][gc,cpu         ] GC(57) User=0.02s Sys=0.00s Real=0.01s
[65.300s][info][gc,start       ] GC(58) Pause Young (Allocation Failure)
[65.313s][info][gc,heap        ] GC(58) PSYoungGen: 156316K(238080K)->3182K(236544K) Eden: 151040K(151040K)->0K(151040K) From: 5276K(87040K)->3182K(85504K)
[65.313s][info][gc,heap        ] GC(58) ParOldGen: 442762K(442880K)->445093K(445440K)
[65.313s][info][gc,metaspace   ] GC(58) Metaspace: 35949K(36352K)->35949K(36352K) NonClass: 32165K(32384K)->32165K(32384K) Class: 3784K(3968K)->3784K(3968K)
[65.313s][info][gc             ] GC(58) Pause Young (Allocation Failure) 585M->437M(666M) 12.956ms
[65.313s][info][gc,cpu         ] GC(58) User=0.03s Sys=0.00s Real=0.02s
[65.586s][info][gc,start       ] GC(59) Pause Young (Allocation Failure)
[65.591s][info][gc,heap        ] GC(59) PSYoungGen: 154222K(236544K)->3502K(244736K) Eden: 151040K(151040K)->0K(164864K) From: 3182K(85504K)->3502K(79872K)
[65.591s][info][gc,heap        ] GC(59) ParOldGen: 445093K(445440K)->445157K(445440K)
[65.591s][info][gc,metaspace   ] GC(59) Metaspace: 35969K(36416K)->35969K(36416K) NonClass: 32184K(32448K)->32184K(32448K) Class: 3784K(3968K)->3784K(3968K)
[65.591s][info][gc             ] GC(59) Pause Young (Allocation Failure) 585M->438M(674M) 5.608ms
[65.591s][info][gc,cpu         ] GC(59) User=0.01s Sys=0.00s Real=0.01s
[66.122s][info][gc,start       ] GC(60) Pause Young (Allocation Failure)
[66.134s][info][gc,heap        ] GC(60) PSYoungGen: 168366K(244736K)->10211K(243200K) Eden: 164864K(164864K)->0K(164864K) From: 3502K(79872K)->10211K(78336K)
[66.134s][info][gc,heap        ] GC(60) ParOldGen: 445157K(445440K)->445394K(445440K)
[66.134s][info][gc,metaspace   ] GC(60) Metaspace: 36538K(36992K)->36538K(36992K) NonClass: 32691K(32960K)->32691K(32960K) Class: 3847K(4032K)->3847K(4032K)
[66.134s][info][gc             ] GC(60) Pause Young (Allocation Failure) 599M->444M(672M) 11.742ms
[66.134s][info][gc,cpu         ] GC(60) User=0.02s Sys=0.00s Real=0.01s
[66.352s][info][gc,start       ] GC(61) Pause Young (Allocation Failure)
[66.370s][info][gc,heap        ] GC(61) PSYoungGen: 173251K(243200K)->992K(252416K) Eden: 163040K(164864K)->0K(178688K) From: 10211K(78336K)->992K(73728K)
[66.370s][info][gc,heap        ] GC(61) ParOldGen: 445394K(445440K)->455367K(455680K)
[66.370s][info][gc,metaspace   ] GC(61) Metaspace: 36558K(36992K)->36558K(36992K) NonClass: 32710K(32960K)->32710K(32960K) Class: 3847K(4032K)->3847K(4032K)
[66.370s][info][gc             ] GC(61) Pause Young (Allocation Failure) 604M->445M(691M) 17.978ms
[66.370s][info][gc,cpu         ] GC(61) User=0.03s Sys=0.01s Real=0.01s
[66.708s][info][gc,start       ] GC(62) Pause Young (Allocation Failure)
[66.715s][info][gc,heap        ] GC(62) PSYoungGen: 179680K(252416K)->1252K(249344K) Eden: 178688K(178688K)->0K(178688K) From: 992K(73728K)->1252K(70656K)
[66.715s][info][gc,heap        ] GC(62) ParOldGen: 455367K(455680K)->456333K(456704K)
[66.715s][info][gc,metaspace   ] GC(62) Metaspace: 38042K(38464K)->38042K(38464K) NonClass: 34041K(34304K)->34041K(34304K) Class: 4000K(4160K)->4000K(4160K)
[66.715s][info][gc             ] GC(62) Pause Young (Allocation Failure) 620M->446M(689M) 7.291ms
[66.715s][info][gc,cpu         ] GC(62) User=0.01s Sys=0.01s Real=0.01s
[66.995s][info][gc,start       ] GC(63) Pause Young (Allocation Failure)
[67.002s][info][gc,heap        ] GC(63) PSYoungGen: 178990K(249344K)->1856K(259584K) Eden: 177737K(178688K)->0K(193024K) From: 1252K(70656K)->1856K(66560K)
[67.002s][info][gc,heap        ] GC(63) ParOldGen: 456333K(456704K)->457506K(457728K)
[67.002s][info][gc,metaspace   ] GC(63) Metaspace: 38121K(38592K)->38121K(38592K) NonClass: 34118K(34432K)->34118K(34432K) Class: 4002K(4160K)->4002K(4160K)
[67.002s][info][gc             ] GC(63) Pause Young (Allocation Failure) 620M->448M(700M) 6.524ms
[67.002s][info][gc,cpu         ] GC(63) User=0.02s Sys=0.00s Real=0.01s
[67.344s][info][gc,start       ] GC(64) Pause Young (Allocation Failure)
[67.352s][info][gc,heap        ] GC(64) PSYoungGen: 193547K(259584K)->2422K(257024K) Eden: 191691K(193024K)->0K(193024K) From: 1856K(66560K)->2422K(64000K)
[67.352s][info][gc,heap        ] GC(64) ParOldGen: 457506K(457728K)->459345K(459776K)
[67.352s][info][gc,metaspace   ] GC(64) Metaspace: 38202K(38656K)->38202K(38656K) NonClass: 34199K(34496K)->34199K(34496K) Class: 4002K(4160K)->4002K(4160K)
[67.352s][info][gc             ] GC(64) Pause Young (Allocation Failure) 635M->450M(700M) 7.477ms
[67.352s][info][gc,cpu         ] GC(64) User=0.02s Sys=0.00s Real=0.01s
[67.761s][info][gc,start       ] GC(65) Pause Young (Allocation Failure)
[67.779s][info][gc,heap        ] GC(65) PSYoungGen: 193769K(257024K)->7101K(265728K) Eden: 191346K(193024K)->0K(207360K) From: 2422K(64000K)->7101K(58368K)
[67.779s][info][gc,heap        ] GC(65) ParOldGen: 459345K(459776K)->461708K(461824K)
[67.779s][info][gc,metaspace   ] GC(65) Metaspace: 38331K(38784K)->38331K(38784K) NonClass: 34328K(34624K)->34328K(34624K) Class: 4002K(4160K)->4002K(4160K)
[67.779s][info][gc             ] GC(65) Pause Young (Allocation Failure) 637M->457M(710M) 17.474ms
[67.779s][info][gc,cpu         ] GC(65) User=0.03s Sys=0.00s Real=0.01s
[68.159s][info][gc,start       ] GC(66) Pause Young (Allocation Failure)
[68.193s][info][gc,heap        ] GC(66) PSYoungGen: 214461K(265728K)->5204K(263680K) Eden: 207360K(207360K)->0K(207360K) From: 7101K(58368K)->5204K(56320K)
[68.193s][info][gc,heap        ] GC(66) ParOldGen: 461708K(461824K)->468828K(468992K)
[68.193s][info][gc,metaspace   ] GC(66) Metaspace: 38354K(38784K)->38354K(38784K) NonClass: 34351K(34624K)->34351K(34624K) Class: 4002K(4160K)->4002K(4160K)
[68.194s][info][gc             ] GC(66) Pause Young (Allocation Failure) 660M->462M(715M) 34.851ms
[68.194s][info][gc,cpu         ] GC(66) User=0.06s Sys=0.01s Real=0.04s
[68.510s][info][gc,start       ] GC(67) Pause Young (Allocation Failure)
[68.530s][info][gc,heap        ] GC(67) PSYoungGen: 210789K(263680K)->2697K(274432K) Eden: 205585K(207360K)->0K(222208K) From: 5204K(56320K)->2697K(52224K)
[68.530s][info][gc,heap        ] GC(67) ParOldGen: 468828K(468992K)->474069K(474112K)
[68.530s][info][gc,metaspace   ] GC(67) Metaspace: 38373K(38784K)->38373K(38784K) NonClass: 34371K(34624K)->34371K(34624K) Class: 4002K(4160K)->4002K(4160K)
[68.530s][info][gc             ] GC(67) Pause Young (Allocation Failure) 663M->465M(731M) 19.506ms
[68.530s][info][gc,cpu         ] GC(67) User=0.04s Sys=0.00s Real=0.01s
[69.612s][info][gc,start       ] GC(68) Pause Young (Allocation Failure)
[69.630s][info][gc,heap        ] GC(68) PSYoungGen: 224905K(274432K)->15300K(272384K) Eden: 222208K(222208K)->0K(222208K) From: 2697K(52224K)->15300K(50176K)
[69.630s][info][gc,heap        ] GC(68) ParOldGen: 474069K(474112K)->476511K(476672K)
[69.630s][info][gc,metaspace   ] GC(68) Metaspace: 39052K(39488K)->39052K(39488K) NonClass: 34956K(35200K)->34956K(35200K) Class: 4095K(4288K)->4095K(4288K)
[69.630s][info][gc             ] GC(68) Pause Young (Allocation Failure) 682M->480M(731M) 17.950ms
[69.630s][info][gc,cpu         ] GC(68) User=0.03s Sys=0.00s Real=0.01s
[70.743s][info][gc,start       ] GC(69) Pause Young (Allocation Failure)
[70.766s][info][gc,heap        ] GC(69) PSYoungGen: 237508K(272384K)->5117K(280576K) Eden: 222208K(222208K)->0K(234496K) From: 15300K(50176K)->5117K(46080K)
[70.766s][info][gc,heap        ] GC(69) ParOldGen: 476511K(476672K)->491262K(491520K)
[70.766s][info][gc,metaspace   ] GC(69) Metaspace: 39416K(39808K)->39416K(39808K) NonClass: 35292K(35520K)->35292K(35520K) Class: 4124K(4288K)->4124K(4288K)
[70.766s][info][gc             ] GC(69) Pause Young (Allocation Failure) 697M->484M(754M) 23.803ms
[70.767s][info][gc,cpu         ] GC(69) User=0.04s Sys=0.01s Real=0.02s
[71.458s][info][gc,start       ] GC(70) Pause Young (Allocation Failure)
[71.464s][info][gc,heap        ] GC(70) PSYoungGen: 239613K(280576K)->2653K(279552K) Eden: 234496K(234496K)->0K(234496K) From: 5117K(46080K)->2653K(45056K)
[71.464s][info][gc,heap        ] GC(70) ParOldGen: 491262K(491520K)->492005K(492032K)
[71.464s][info][gc,metaspace   ] GC(70) Metaspace: 39434K(39872K)->39434K(39872K) NonClass: 35309K(35584K)->35309K(35584K) Class: 4124K(4288K)->4124K(4288K)
[71.464s][info][gc             ] GC(70) Pause Young (Allocation Failure) 713M->483M(753M) 6.742ms
[71.464s][info][gc,cpu         ] GC(70) User=0.02s Sys=0.00s Real=0.01s
[72.142s][info][gc,start       ] GC(71) Pause Young (Allocation Failure)
[72.145s][info][gc,heap        ] GC(71) PSYoungGen: 237149K(279552K)->1696K(286720K) Eden: 234496K(234496K)->0K(244736K) From: 2653K(45056K)->1696K(41984K)
[72.145s][info][gc,heap        ] GC(71) ParOldGen: 492005K(492032K)->492013K(492032K)
[72.145s][info][gc,metaspace   ] GC(71) Metaspace: 39465K(39872K)->39465K(39872K) NonClass: 35340K(35584K)->35340K(35584K) Class: 4125K(4288K)->4125K(4288K)
[72.145s][info][gc             ] GC(71) Pause Young (Allocation Failure) 712M->482M(760M) 3.472ms
[72.145s][info][gc,cpu         ] GC(71) User=0.01s Sys=0.00s Real=0.00s
[73.333s][info][gc,start       ] GC(72) Pause Young (Allocation Failure)
[73.337s][info][gc,heap        ] GC(72) PSYoungGen: 246432K(286720K)->3550K(285696K) Eden: 244736K(244736K)->0K(244736K) From: 1696K(41984K)->3550K(40960K)
[73.338s][info][gc,heap        ] GC(72) ParOldGen: 492013K(492032K)->492065K(492544K)
[73.338s][info][gc,metaspace   ] GC(72) Metaspace: 40243K(40704K)->40243K(40704K) NonClass: 35953K(36224K)->35953K(36224K) Class: 4290K(4480K)->4290K(4480K)
[73.338s][info][gc             ] GC(72) Pause Young (Allocation Failure) 721M->484M(760M) 4.173ms
[73.338s][info][gc,cpu         ] GC(72) User=0.01s Sys=0.00s Real=0.00s
[74.826s][info][gc,start       ] GC(73) Pause Young (Allocation Failure)
[74.832s][info][gc,heap        ] GC(73) PSYoungGen: 248286K(285696K)->6921K(289792K) Eden: 244736K(244736K)->0K(253952K) From: 3550K(40960K)->6921K(35840K)
[74.832s][info][gc,heap        ] GC(73) ParOldGen: 492065K(492544K)->493015K(493056K)
[74.832s][info][gc,metaspace   ] GC(73) Metaspace: 40388K(40896K)->40388K(40896K) NonClass: 36098K(36416K)->36098K(36416K) Class: 4290K(4480K)->4290K(4480K)
[74.832s][info][gc             ] GC(73) Pause Young (Allocation Failure) 723M->488M(764M) 6.827ms
[74.832s][info][gc,cpu         ] GC(73) User=0.01s Sys=0.00s Real=0.01s
[76.648s][info][gc,start       ] GC(74) Pause Young (Allocation Failure)
[76.662s][info][gc,heap        ] GC(74) PSYoungGen: 260873K(289792K)->3890K(289280K) Eden: 253952K(253952K)->0K(253952K) From: 6921K(35840K)->3890K(35328K)
[76.662s][info][gc,heap        ] GC(74) ParOldGen: 493015K(493056K)->493143K(493568K)
[76.662s][info][gc,metaspace   ] GC(74) Metaspace: 40749K(41152K)->40749K(41152K) NonClass: 36430K(36672K)->36430K(36672K) Class: 4318K(4480K)->4318K(4480K)
[76.662s][info][gc             ] GC(74) Pause Young (Allocation Failure) 736M->485M(764M) 13.599ms
[76.662s][info][gc,cpu         ] GC(74) User=0.02s Sys=0.00s Real=0.02s
[77.830s][info][gc,start       ] GC(75) Pause Young (Allocation Failure)
[77.862s][info][gc,heap        ] GC(75) PSYoungGen: 257842K(289280K)->27519K(290304K) Eden: 253952K(253952K)->0K(257024K) From: 3890K(35328K)->27519K(33280K)
[77.862s][info][gc,heap        ] GC(75) ParOldGen: 493143K(493568K)->496113K(496128K)
[77.862s][info][gc,metaspace   ] GC(75) Metaspace: 40958K(41344K)->40958K(41344K) NonClass: 36623K(36864K)->36623K(36864K) Class: 4334K(4480K)->4334K(4480K)
[77.862s][info][gc             ] GC(75) Pause Young (Allocation Failure) 733M->511M(768M) 32.528ms
[77.862s][info][gc,cpu         ] GC(75) User=0.06s Sys=0.00s Real=0.04s
[78.777s][info][gc,start       ] GC(76) Pause Young (Allocation Failure)
[78.868s][info][gc,heap        ] GC(76) PSYoungGen: 284543K(290304K)->29304K(286720K) Eden: 257024K(257024K)->0K(257024K) From: 27519K(33280K)->29304K(29696K)
[78.868s][info][gc,heap        ] GC(76) ParOldGen: 496113K(496128K)->522779K(523264K)
[78.868s][info][gc,metaspace   ] GC(76) Metaspace: 40970K(41408K)->40970K(41408K) NonClass: 36636K(36928K)->36636K(36928K) Class: 4334K(4480K)->4334K(4480K)
[78.868s][info][gc             ] GC(76) Pause Young (Allocation Failure) 762M->539M(791M) 90.368ms
[78.868s][info][gc,cpu         ] GC(76) User=0.16s Sys=0.02s Real=0.09s
[79.731s][info][gc,start       ] GC(77) Pause Young (Allocation Failure)
[79.798s][info][gc,heap        ] GC(77) PSYoungGen: 286328K(286720K)->28832K(284672K) Eden: 257024K(257024K)->0K(241664K) From: 29304K(29696K)->28832K(43008K)
[79.798s][info][gc,heap        ] GC(77) ParOldGen: 522779K(523264K)->550627K(550912K)
[79.798s][info][gc,metaspace   ] GC(77) Metaspace: 40986K(41408K)->40986K(41408K) NonClass: 36652K(36928K)->36652K(36928K) Class: 4334K(4480K)->4334K(4480K)
[79.798s][info][gc             ] GC(77) Pause Young (Allocation Failure) 790M->565M(816M) 66.551ms
[79.798s][info][gc,cpu         ] GC(77) User=0.11s Sys=0.02s Real=0.06s
[83.802s][info][gc,start       ] GC(78) Pause Young (Allocation Failure)
[83.858s][info][gc,heap        ] GC(78) PSYoungGen: 270496K(284672K)->12782K(287744K) Eden: 241664K(241664K)->0K(241664K) From: 28832K(43008K)->12782K(46080K)
[83.858s][info][gc,heap        ] GC(78) ParOldGen: 550627K(550912K)->579636K(580096K)
[83.858s][info][gc,metaspace   ] GC(78) Metaspace: 41131K(41536K)->41131K(41536K) NonClass: 36797K(37056K)->36797K(37056K) Class: 4334K(4480K)->4334K(4480K)
[83.858s][info][gc             ] GC(78) Pause Young (Allocation Failure) 801M->578M(847M) 55.661ms
[83.858s][info][gc,cpu         ] GC(78) User=0.09s Sys=0.02s Real=0.05s
[84.886s][info][gc,start       ] GC(79) Pause Young (Allocation Failure)
[84.908s][info][gc,heap        ] GC(79) PSYoungGen: 254446K(287744K)->4955K(284672K) Eden: 241664K(241664K)->0K(244736K) From: 12782K(46080K)->4955K(39936K)
[84.908s][info][gc,heap        ] GC(79) ParOldGen: 579636K(580096K)->592183K(592384K)
[84.908s][info][gc,metaspace   ] GC(79) Metaspace: 41242K(41664K)->41242K(41664K) NonClass: 36907K(37184K)->36907K(37184K) Class: 4334K(4480K)->4334K(4480K)
[84.908s][info][gc             ] GC(79) Pause Young (Allocation Failure) 814M->583M(856M) 21.918ms
[84.908s][info][gc,cpu         ] GC(79) User=0.03s Sys=0.02s Real=0.02s
[86.410s][info][gc,start       ] GC(80) Pause Full (CodeCache GC Threshold)
[86.410s][info][gc,phases,start] GC(80) Marking Phase
[86.489s][info][gc,phases      ] GC(80) Marking Phase 78.988ms
[86.489s][info][gc,phases,start] GC(80) Summary Phase
[86.489s][info][gc,phases      ] GC(80) Summary Phase 0.049ms
[86.489s][info][gc,phases,start] GC(80) Forward
[86.495s][info][gc,phases      ] GC(80) Forward 5.809ms
[86.495s][info][gc,phases,start] GC(80) Adjust Pointers
[86.528s][info][gc,phases      ] GC(80) Adjust Pointers 33.446ms
[86.528s][info][gc,phases,start] GC(80) Compaction Phase
[86.535s][info][gc,phases      ] GC(80) Compaction Phase 6.512ms
[86.535s][info][gc,phases,start] GC(80) Post Compact
[86.544s][info][gc,phases      ] GC(80) Post Compact 8.436ms
[86.544s][info][gc,heap        ] GC(80) PSYoungGen: 220044K(284672K)->0K(284672K) Eden: 215089K(244736K)->0K(244736K) From: 4955K(39936K)->0K(39936K)
[86.544s][info][gc,heap        ] GC(80) ParOldGen: 592183K(592384K)->50311K(592384K)
[86.544s][info][gc,metaspace   ] GC(80) Metaspace: 41244K(41664K)->41244K(41664K) NonClass: 36910K(37184K)->36910K(37184K) Class: 4334K(4480K)->4334K(4480K)
[86.544s][info][gc             ] GC(80) Pause Full (CodeCache GC Threshold) 793M->49M(856M) 133.929ms
[86.544s][info][gc,cpu         ] GC(80) User=0.17s Sys=0.01s Real=0.14s
[88.030s][info][gc,start       ] GC(81) Pause Young (Allocation Failure)
[88.055s][info][gc,heap        ] GC(81) PSYoungGen: 244736K(284672K)->25768K(286208K) Eden: 244736K(244736K)->0K(244736K) From: 0K(39936K)->25768K(41472K)
[88.055s][info][gc,heap        ] GC(81) ParOldGen: 50311K(592384K)->50311K(592384K)
[88.055s][info][gc,metaspace   ] GC(81) Metaspace: 41244K(41664K)->41244K(41664K) NonClass: 36910K(37184K)->36910K(37184K) Class: 4334K(4480K)->4334K(4480K)
[88.055s][info][gc             ] GC(81) Pause Young (Allocation Failure) 288M->74M(858M) 24.988ms
[88.055s][info][gc,cpu         ] GC(81) User=0.05s Sys=0.00s Real=0.03s
[89.516s][info][gc,start       ] GC(82) Pause Young (Allocation Failure)
[89.557s][info][gc,heap        ] GC(82) PSYoungGen: 270504K(286208K)->23276K(289280K) Eden: 244736K(244736K)->0K(245760K) From: 25768K(41472K)->23276K(43520K)
[89.557s][info][gc,heap        ] GC(82) ParOldGen: 50311K(592384K)->75933K(592384K)
[89.557s][info][gc,metaspace   ] GC(82) Metaspace: 41245K(41664K)->41245K(41664K) NonClass: 36911K(37184K)->36911K(37184K) Class: 4334K(4480K)->4334K(4480K)
[89.557s][info][gc             ] GC(82) Pause Young (Allocation Failure) 313M->96M(861M) 41.400ms
[89.557s][info][gc,cpu         ] GC(82) User=0.08s Sys=0.00s Real=0.04s
[90.742s][info][gc,start       ] GC(83) Pause Young (Allocation Failure)
[90.784s][info][gc,heap        ] GC(83) PSYoungGen: 269036K(289280K)->30882K(276992K) Eden: 245760K(245760K)->0K(245760K) From: 23276K(43520K)->30882K(31232K)
[90.784s][info][gc,heap        ] GC(83) ParOldGen: 75933K(592384K)->98619K(592384K)
[90.784s][info][gc,metaspace   ] GC(83) Metaspace: 41245K(41664K)->41245K(41664K) NonClass: 36911K(37184K)->36911K(37184K) Class: 4334K(4480K)->4334K(4480K)
[90.784s][info][gc             ] GC(83) Pause Young (Allocation Failure) 336M->126M(849M) 42.294ms
[90.784s][info][gc,cpu         ] GC(83) User=0.09s Sys=0.00s Real=0.04s
[91.420s][info][gc,start       ] GC(84) Pause Young (Allocation Failure)
[91.473s][info][gc,heap        ] GC(84) PSYoungGen: 276642K(276992K)->30732K(281600K) Eden: 245760K(245760K)->0K(234496K) From: 30882K(31232K)->30732K(47104K)
[91.473s][info][gc,heap        ] GC(84) ParOldGen: 98619K(592384K)->129168K(592384K)
[91.473s][info][gc,metaspace   ] GC(84) Metaspace: 41245K(41664K)->41245K(41664K) NonClass: 36911K(37184K)->36911K(37184K) Class: 4334K(4480K)->4334K(4480K)
[91.473s][info][gc             ] GC(84) Pause Young (Allocation Failure) 366M->156M(853M) 52.426ms
[91.473s][info][gc,cpu         ] GC(84) User=0.10s Sys=0.01s Real=0.06s
[92.087s][info][gc,start       ] GC(85) Pause Young (Allocation Failure)
[92.154s][info][gc,heap        ] GC(85) PSYoungGen: 265228K(281600K)->30136K(264704K) Eden: 234496K(234496K)->0K(234496K) From: 30732K(47104K)->30136K(30208K)
[92.155s][info][gc,heap        ] GC(85) ParOldGen: 129168K(592384K)->158344K(592384K)
[92.155s][info][gc,metaspace   ] GC(85) Metaspace: 41246K(41664K)->41246K(41664K) NonClass: 36912K(37184K)->36912K(37184K) Class: 4334K(4480K)->4334K(4480K)
[92.155s][info][gc             ] GC(85) Pause Young (Allocation Failure) 385M->184M(837M) 67.912ms
[92.155s][info][gc,cpu         ] GC(85) User=0.13s Sys=0.00s Real=0.07s
[93.733s][info][gc,start       ] GC(86) Pause Young (Allocation Failure)
[93.776s][info][gc,heap        ] GC(86) PSYoungGen: 264632K(264704K)->16112K(285696K) Eden: 234496K(234496K)->0K(234496K) From: 30136K(30208K)->16112K(51200K)
[93.776s][info][gc,heap        ] GC(86) ParOldGen: 158344K(592384K)->188489K(592384K)
[93.776s][info][gc,metaspace   ] GC(86) Metaspace: 41247K(41664K)->41247K(41664K) NonClass: 36912K(37184K)->36912K(37184K) Class: 4334K(4480K)->4334K(4480K)
[93.776s][info][gc             ] GC(86) Pause Young (Allocation Failure) 413M->199M(857M) 42.763ms
[93.776s][info][gc,cpu         ] GC(86) User=0.09s Sys=0.00s Real=0.04s
[94.856s][info][gc,start       ] GC(87) Pause Young (Allocation Failure)
[94.879s][info][gc,heap        ] GC(87) PSYoungGen: 250608K(285696K)->12990K(247808K) Eden: 234496K(234496K)->0K(234496K) From: 16112K(51200K)->12990K(13312K)
[94.879s][info][gc,heap        ] GC(87) ParOldGen: 188489K(592384K)->204665K(592384K)
[94.879s][info][gc,metaspace   ] GC(87) Metaspace: 41256K(41664K)->41256K(41664K) NonClass: 36921K(37184K)->36921K(37184K) Class: 4334K(4480K)->4334K(4480K)
[94.879s][info][gc             ] GC(87) Pause Young (Allocation Failure) 428M->212M(820M) 23.184ms
[94.879s][info][gc,cpu         ] GC(87) User=0.05s Sys=0.00s Real=0.02s
[96.223s][info][gc,start       ] GC(88) Pause Young (Allocation Failure)
[96.230s][info][gc,heap        ] GC(88) PSYoungGen: 247486K(247808K)->886K(280064K) Eden: 234496K(234496K)->0K(233984K) From: 12990K(13312K)->886K(46080K)
[96.230s][info][gc,heap        ] GC(88) ParOldGen: 204665K(592384K)->212582K(592384K)
[96.230s][info][gc,metaspace   ] GC(88) Metaspace: 41256K(41664K)->41256K(41664K) NonClass: 36921K(37184K)->36921K(37184K) Class: 4334K(4480K)->4334K(4480K)
[96.230s][info][gc             ] GC(88) Pause Young (Allocation Failure) 441M->208M(852M) 6.478ms
[96.230s][info][gc,cpu         ] GC(88) User=0.01s Sys=0.00s Real=0.00s
[97.575s][info][gc,start       ] GC(89) Pause Young (Allocation Failure)
[97.598s][info][gc,heap        ] GC(89) PSYoungGen: 234870K(280064K)->22260K(280576K) Eden: 233984K(233984K)->0K(233984K) From: 886K(46080K)->22260K(46592K)
[97.598s][info][gc,heap        ] GC(89) ParOldGen: 212582K(592384K)->213366K(592384K)
[97.598s][info][gc,metaspace   ] GC(89) Metaspace: 41256K(41664K)->41256K(41664K) NonClass: 36921K(37184K)->36921K(37184K) Class: 4334K(4480K)->4334K(4480K)
[97.598s][info][gc             ] GC(89) Pause Young (Allocation Failure) 436M->230M(852M) 23.057ms
[97.598s][info][gc,cpu         ] GC(89) User=0.05s Sys=0.00s Real=0.02s
[98.877s][info][gc,start       ] GC(90) Pause Young (Allocation Failure)
[98.917s][info][gc,heap        ] GC(90) PSYoungGen: 256244K(280576K)->20677K(284672K) Eden: 233984K(233984K)->0K(241664K) From: 22260K(46592K)->20677K(43008K)
[98.917s][info][gc,heap        ] GC(90) ParOldGen: 213366K(592384K)->235695K(592384K)
[98.917s][info][gc,metaspace   ] GC(90) Metaspace: 41256K(41664K)->41256K(41664K) NonClass: 36922K(37184K)->36922K(37184K) Class: 4334K(4480K)->4334K(4480K)
[98.917s][info][gc             ] GC(90) Pause Young (Allocation Failure) 458M->250M(856M) 39.912ms
[98.917s][info][gc,cpu         ] GC(90) User=0.07s Sys=0.00s Real=0.04s
[100.775s][info][gc,start       ] GC(91) Pause Young (Allocation Failure)
[100.810s][info][gc,heap        ] GC(91) PSYoungGen: 262341K(284672K)->16070K(285696K) Eden: 241664K(241664K)->0K(241664K) From: 20677K(43008K)->16070K(44032K)
[100.810s][info][gc,heap        ] GC(91) ParOldGen: 235695K(592384K)->256460K(592384K)
[100.810s][info][gc,metaspace   ] GC(91) Metaspace: 41288K(41728K)->41288K(41728K) NonClass: 36954K(37248K)->36954K(37248K) Class: 4334K(4480K)->4334K(4480K)
[100.810s][info][gc             ] GC(91) Pause Young (Allocation Failure) 486M->266M(857M) 34.845ms
[100.810s][info][gc,cpu         ] GC(91) User=0.07s Sys=0.00s Real=0.03s
[102.243s][info][gc,start       ] GC(92) Pause Young (Allocation Failure)
[102.252s][info][gc,heap        ] GC(92) PSYoungGen: 257734K(285696K)->4602K(288256K) Eden: 241664K(241664K)->0K(246784K) From: 16070K(44032K)->4602K(41472K)
[102.252s][info][gc,heap        ] GC(92) ParOldGen: 256460K(592384K)->260974K(592384K)
[102.252s][info][gc,metaspace   ] GC(92) Metaspace: 41302K(41728K)->41302K(41728K) NonClass: 36968K(37248K)->36968K(37248K) Class: 4334K(4480K)->4334K(4480K)
[102.252s][info][gc             ] GC(92) Pause Young (Allocation Failure) 502M->259M(860M) 8.855ms
[102.252s][info][gc,cpu         ] GC(92) User=0.01s Sys=0.00s Real=0.01s
[103.820s][info][gc,start       ] GC(93) Pause Young (Allocation Failure)
[103.828s][info][gc,heap        ] GC(93) PSYoungGen: 251386K(288256K)->6482K(288256K) Eden: 246784K(246784K)->0K(246784K) From: 4602K(41472K)->6482K(41472K)
[103.828s][info][gc,heap        ] GC(93) ParOldGen: 260974K(592384K)->262022K(592384K)
[103.828s][info][gc,metaspace   ] GC(93) Metaspace: 41313K(41728K)->41313K(41728K) NonClass: 36979K(37248K)->36979K(37248K) Class: 4334K(4480K)->4334K(4480K)
[103.828s][info][gc             ] GC(93) Pause Young (Allocation Failure) 500M->262M(860M) 8.553ms
[103.828s][info][gc,cpu         ] GC(93) User=0.02s Sys=0.00s Real=0.01s
[105.063s][info][gc,start       ] GC(94) Pause Young (Allocation Failure)
[105.067s][info][gc,heap        ] GC(94) PSYoungGen: 253266K(288256K)->3700K(291840K) Eden: 246784K(246784K)->0K(251392K) From: 6482K(41472K)->3700K(40448K)
[105.067s][info][gc,heap        ] GC(94) ParOldGen: 262022K(592384K)->263206K(592384K)
[105.067s][info][gc,metaspace   ] GC(94) Metaspace: 41323K(41728K)->41323K(41728K) NonClass: 36988K(37248K)->36988K(37248K) Class: 4334K(4480K)->4334K(4480K)
[105.067s][info][gc             ] GC(94) Pause Young (Allocation Failure) 503M->260M(863M) 4.283ms
[105.067s][info][gc,cpu         ] GC(94) User=0.00s Sys=0.00s Real=0.00s
[106.351s][info][gc,start       ] GC(95) Pause Young (Allocation Failure)
[106.373s][info][gc,heap        ] GC(95) PSYoungGen: 255092K(291840K)->26031K(291328K) Eden: 251392K(251392K)->0K(251392K) From: 3700K(40448K)->26031K(39936K)
[106.373s][info][gc,heap        ] GC(95) ParOldGen: 263206K(592384K)->264294K(592384K)
[106.373s][info][gc,metaspace   ] GC(95) Metaspace: 41334K(41728K)->41334K(41728K) NonClass: 36999K(37248K)->36999K(37248K) Class: 4334K(4480K)->4334K(4480K)
[106.373s][info][gc             ] GC(95) Pause Young (Allocation Failure) 506M->283M(863M) 22.405ms
[106.373s][info][gc,cpu         ] GC(95) User=0.04s Sys=0.00s Real=0.02s
[107.632s][info][gc,start       ] GC(96) Pause Young (Allocation Failure)
[107.643s][info][gc,heap        ] GC(96) PSYoungGen: 277423K(291328K)->10205K(291840K) Eden: 251392K(251392K)->0K(251904K) From: 26031K(39936K)->10205K(39936K)
[107.643s][info][gc,heap        ] GC(96) ParOldGen: 264294K(592384K)->265110K(592384K)
[107.643s][info][gc,metaspace   ] GC(96) Metaspace: 41337K(41728K)->41337K(41728K) NonClass: 37002K(37248K)->37002K(37248K) Class: 4334K(4480K)->4334K(4480K)
[107.643s][info][gc             ] GC(96) Pause Young (Allocation Failure) 529M->268M(863M) 11.913ms
[107.643s][info][gc,cpu         ] GC(96) User=0.03s Sys=0.00s Real=0.01s
[109.050s][info][gc,start       ] GC(97) Pause Young (Allocation Failure)
[109.063s][info][gc,heap        ] GC(97) PSYoungGen: 262109K(291840K)->7595K(291840K) Eden: 251904K(251904K)->0K(251904K) From: 10205K(39936K)->7595K(39936K)
[109.063s][info][gc,heap        ] GC(97) ParOldGen: 265110K(592384K)->266214K(592384K)
[109.063s][info][gc,metaspace   ] GC(97) Metaspace: 41340K(41728K)->41340K(41728K) NonClass: 37006K(37248K)->37006K(37248K) Class: 4334K(4480K)->4334K(4480K)
[109.063s][info][gc             ] GC(97) Pause Young (Allocation Failure) 514M->267M(863M) 12.668ms
[109.063s][info][gc,cpu         ] GC(97) User=0.03s Sys=0.00s Real=0.02s
[110.138s][info][gc,start       ] GC(98) Pause Young (Allocation Failure)
[110.145s][info][gc,heap        ] GC(98) PSYoungGen: 259499K(291840K)->1312K(293376K) Eden: 251904K(251904K)->0K(254464K) From: 7595K(39936K)->1312K(38912K)
[110.145s][info][gc,heap        ] GC(98) ParOldGen: 266214K(592384K)->267190K(592384K)
[110.145s][info][gc,metaspace   ] GC(98) Metaspace: 41349K(41792K)->41349K(41792K) NonClass: 37014K(37312K)->37014K(37312K) Class: 4334K(4480K)->4334K(4480K)
[110.145s][info][gc             ] GC(98) Pause Young (Allocation Failure) 513M->262M(865M) 6.681ms
[110.145s][info][gc,cpu         ] GC(98) User=0.01s Sys=0.00s Real=0.01s
[111.189s][info][gc,start       ] GC(99) Pause Young (Allocation Failure)
[111.204s][info][gc,heap        ] GC(99) PSYoungGen: 255776K(293376K)->13750K(292864K) Eden: 254464K(254464K)->0K(254464K) From: 1312K(38912K)->13750K(38400K)
[111.204s][info][gc,heap        ] GC(99) ParOldGen: 267190K(592384K)->268306K(592384K)
[111.204s][info][gc,metaspace   ] GC(99) Metaspace: 41367K(41792K)->41367K(41792K) NonClass: 37033K(37312K)->37033K(37312K) Class: 4334K(4480K)->4334K(4480K)
[111.204s][info][gc             ] GC(99) Pause Young (Allocation Failure) 510M->275M(864M) 15.212ms
[111.204s][info][gc,cpu         ] GC(99) User=0.03s Sys=0.00s Real=0.02s
[112.029s][info][gc,start       ] GC(100) Pause Young (Allocation Failure)
[112.069s][info][gc,heap        ] GC(100) PSYoungGen: 268214K(292864K)->36331K(281088K) Eden: 254464K(254464K)->0K(244736K) From: 13750K(38400K)->36331K(36352K)
[112.069s][info][gc,heap        ] GC(100) ParOldGen: 268306K(592384K)->273072K(592384K)
[112.069s][info][gc,metaspace   ] GC(100) Metaspace: 41369K(41792K)->41369K(41792K) NonClass: 37035K(37312K)->37035K(37312K) Class: 4334K(4480K)->4334K(4480K)
[112.069s][info][gc             ] GC(100) Pause Young (Allocation Failure) 523M->302M(853M) 39.354ms
[112.069s][info][gc,cpu         ] GC(100) User=0.08s Sys=0.00s Real=0.04s
[113.446s][info][gc,start       ] GC(101) Pause Young (Allocation Failure)
[113.489s][info][gc,heap        ] GC(101) PSYoungGen: 281067K(281088K)->21189K(289280K) Eden: 244736K(244736K)->0K(244736K) From: 36331K(36352K)->21189K(44544K)
[113.489s][info][gc,heap        ] GC(101) ParOldGen: 273072K(592384K)->293209K(592384K)
[113.489s][info][gc,metaspace   ] GC(101) Metaspace: 41369K(41792K)->41369K(41792K) NonClass: 37035K(37312K)->37035K(37312K) Class: 4334K(4480K)->4334K(4480K)
[113.489s][info][gc             ] GC(101) Pause Young (Allocation Failure) 541M->307M(861M) 42.681ms
[113.489s][info][gc,cpu         ] GC(101) User=0.08s Sys=0.00s Real=0.04s
[114.481s][info][gc,start       ] GC(102) Pause Young (Allocation Failure)
[114.546s][info][gc,heap        ] GC(102) PSYoungGen: 265925K(289280K)->22830K(288256K) Eden: 244736K(244736K)->0K(245760K) From: 21189K(44544K)->22830K(42496K)
[114.546s][info][gc,heap        ] GC(102) ParOldGen: 293209K(592384K)->314089K(592384K)
[114.546s][info][gc,metaspace   ] GC(102) Metaspace: 41397K(41856K)->41397K(41856K) NonClass: 37062K(37376K)->37062K(37376K) Class: 4334K(4480K)->4334K(4480K)
[114.546s][info][gc             ] GC(102) Pause Young (Allocation Failure) 546M->329M(860M) 64.644ms
[114.546s][info][gc,cpu         ] GC(102) User=0.08s Sys=0.00s Real=0.06s
[115.372s][info][gc,start       ] GC(103) Pause Young (Allocation Failure)
[115.401s][info][gc,heap        ] GC(103) PSYoungGen: 268590K(288256K)->27226K(289280K) Eden: 245760K(245760K)->0K(245760K) From: 22830K(42496K)->27226K(43520K)
[115.401s][info][gc,heap        ] GC(103) ParOldGen: 314089K(592384K)->323958K(592384K)
[115.401s][info][gc,metaspace   ] GC(103) Metaspace: 41419K(41856K)->41419K(41856K) NonClass: 37084K(37376K)->37084K(37376K) Class: 4334K(4480K)->4334K(4480K)
[115.401s][info][gc             ] GC(103) Pause Young (Allocation Failure) 569M->342M(861M) 29.229ms
[115.401s][info][gc,cpu         ] GC(103) User=0.06s Sys=0.00s Real=0.03s
[116.409s][info][gc,start       ] GC(104) Pause Young (Allocation Failure)
[116.420s][info][gc,heap        ] GC(104) PSYoungGen: 272986K(289280K)->7181K(289280K) Eden: 245760K(245760K)->0K(245760K) From: 27226K(43520K)->7181K(43520K)
[116.420s][info][gc,heap        ] GC(104) ParOldGen: 323958K(592384K)->333819K(592384K)
[116.420s][info][gc,metaspace   ] GC(104) Metaspace: 41422K(41856K)->41422K(41856K) NonClass: 37088K(37376K)->37088K(37376K) Class: 4334K(4480K)->4334K(4480K)
[116.420s][info][gc             ] GC(104) Pause Young (Allocation Failure) 582M->333M(861M) 11.076ms
[116.420s][info][gc,cpu         ] GC(104) User=0.02s Sys=0.00s Real=0.01s
[117.364s][info][gc,start       ] GC(105) Pause Young (Allocation Failure)
[117.387s][info][gc,heap        ] GC(105) PSYoungGen: 252941K(289280K)->19168K(265216K) Eden: 245760K(245760K)->0K(245760K) From: 7181K(43520K)->19168K(19456K)
[117.387s][info][gc,heap        ] GC(105) ParOldGen: 333819K(592384K)->334259K(592384K)
[117.387s][info][gc,metaspace   ] GC(105) Metaspace: 41424K(41856K)->41424K(41856K) NonClass: 37089K(37376K)->37089K(37376K) Class: 4334K(4480K)->4334K(4480K)
[117.387s][info][gc             ] GC(105) Pause Young (Allocation Failure) 573M->345M(837M) 22.773ms
[117.387s][info][gc,cpu         ] GC(105) User=0.04s Sys=0.00s Real=0.02s
[118.246s][info][gc,start       ] GC(106) Pause Young (Allocation Failure)
[118.267s][info][gc,heap        ] GC(106) PSYoungGen: 264928K(265216K)->29286K(286720K) Eden: 245760K(245760K)->0K(244736K) From: 19168K(19456K)->29286K(41984K)
[118.267s][info][gc,heap        ] GC(106) ParOldGen: 334259K(592384K)->335086K(592384K)
[118.267s][info][gc,metaspace   ] GC(106) Metaspace: 41424K(41856K)->41424K(41856K) NonClass: 37090K(37376K)->37090K(37376K) Class: 4334K(4480K)->4334K(4480K)
[118.267s][info][gc             ] GC(106) Pause Young (Allocation Failure) 585M->355M(858M) 20.425ms
[118.267s][info][gc,cpu         ] GC(106) User=0.04s Sys=0.00s Real=0.02s
[119.150s][info][gc,start       ] GC(107) Pause Young (Allocation Failure)
[119.159s][info][gc,heap        ] GC(107) PSYoungGen: 274022K(286720K)->9244K(288768K) Eden: 244736K(244736K)->0K(244736K) From: 29286K(41984K)->9244K(44032K)
[119.159s][info][gc,heap        ] GC(107) ParOldGen: 335086K(592384K)->336748K(592384K)
[119.159s][info][gc,metaspace   ] GC(107) Metaspace: 41425K(41856K)->41425K(41856K) NonClass: 37090K(37376K)->37090K(37376K) Class: 4334K(4480K)->4334K(4480K)
[119.159s][info][gc             ] GC(107) Pause Young (Allocation Failure) 594M->337M(860M) 8.522ms
[119.159s][info][gc,cpu         ] GC(107) User=0.02s Sys=0.00s Real=0.01s
[120.029s][info][gc,start       ] GC(108) Pause Young (Allocation Failure)
[120.098s][info][gc,heap        ] GC(108) PSYoungGen: 253980K(288768K)->42995K(232448K) Eden: 244736K(244736K)->0K(189440K) From: 9244K(44032K)->42995K(43008K)
[120.098s][info][gc,heap        ] GC(108) ParOldGen: 336748K(592384K)->396515K(592384K)
[120.098s][info][gc,metaspace   ] GC(108) Metaspace: 41425K(41856K)->41425K(41856K) NonClass: 37091K(37376K)->37091K(37376K) Class: 4334K(4480K)->4334K(4480K)
[120.098s][info][gc             ] GC(108) Pause Young (Allocation Failure) 576M->429M(805M) 69.184ms
[120.098s][info][gc,cpu         ] GC(108) User=0.14s Sys=0.00s Real=0.07s
[120.750s][info][gc,start       ] GC(109) Pause Young (Allocation Failure)
[120.785s][info][gc,heap        ] GC(109) PSYoungGen: 232435K(232448K)->18454K(261632K) Eden: 189440K(189440K)->0K(189440K) From: 42995K(43008K)->18454K(72192K)
[120.785s][info][gc,heap        ] GC(109) ParOldGen: 396515K(592384K)->425735K(592384K)
[120.785s][info][gc,metaspace   ] GC(109) Metaspace: 41425K(41856K)->41425K(41856K) NonClass: 37091K(37376K)->37091K(37376K) Class: 4334K(4480K)->4334K(4480K)
[120.785s][info][gc             ] GC(109) Pause Young (Allocation Failure) 614M->433M(834M) 34.673ms
[120.785s][info][gc,cpu         ] GC(109) User=0.06s Sys=0.00s Real=0.03s
[121.549s][info][gc,start       ] GC(110) Pause Young (Allocation Failure)
[121.570s][info][gc,heap        ] GC(110) PSYoungGen: 207894K(261632K)->32719K(254976K) Eden: 189440K(189440K)->0K(193024K) From: 18454K(72192K)->32719K(61952K)
[121.570s][info][gc,heap        ] GC(110) ParOldGen: 425735K(592384K)->426595K(592384K)
[121.570s][info][gc,metaspace   ] GC(110) Metaspace: 41431K(41856K)->41431K(41856K) NonClass: 37096K(37376K)->37096K(37376K) Class: 4334K(4480K)->4334K(4480K)
[121.570s][info][gc             ] GC(110) Pause Young (Allocation Failure) 618M->448M(827M) 21.272ms
[121.570s][info][gc,cpu         ] GC(110) User=0.04s Sys=0.00s Real=0.02s
[122.210s][info][gc,start       ] GC(111) Pause Young (Allocation Failure)
[122.220s][info][gc,heap        ] GC(111) PSYoungGen: 225743K(254976K)->13392K(260096K) Eden: 193024K(193024K)->0K(193024K) From: 32719K(61952K)->13392K(67072K)
[122.220s][info][gc,heap        ] GC(111) ParOldGen: 426595K(592384K)->427380K(592384K)
[122.220s][info][gc,metaspace   ] GC(111) Metaspace: 41436K(41856K)->41436K(41856K) NonClass: 37101K(37376K)->37101K(37376K) Class: 4334K(4480K)->4334K(4480K)
[122.220s][info][gc             ] GC(111) Pause Young (Allocation Failure) 637M->430M(832M) 9.484ms
[122.220s][info][gc,cpu         ] GC(111) User=0.02s Sys=0.00s Real=0.01s
[122.877s][info][gc,start       ] GC(112) Pause Young (Allocation Failure)
[122.890s][info][gc,heap        ] GC(112) PSYoungGen: 206416K(260096K)->19626K(258560K) Eden: 193024K(193024K)->0K(201728K) From: 13392K(67072K)->19626K(56832K)
[122.890s][info][gc,heap        ] GC(112) ParOldGen: 427380K(592384K)->428150K(592384K)
[122.890s][info][gc,metaspace   ] GC(112) Metaspace: 41436K(41856K)->41436K(41856K) NonClass: 37102K(37376K)->37102K(37376K) Class: 4334K(4480K)->4334K(4480K)
[122.890s][info][gc             ] GC(112) Pause Young (Allocation Failure) 618M->437M(831M) 12.956ms
[122.890s][info][gc,cpu         ] GC(112) User=0.02s Sys=0.01s Real=0.01s
[123.566s][info][gc,start       ] GC(113) Pause Young (Allocation Failure)
[123.574s][info][gc,heap        ] GC(113) PSYoungGen: 221354K(258560K)->9163K(263680K) Eden: 201728K(201728K)->0K(201728K) From: 19626K(56832K)->9163K(61952K)
[123.574s][info][gc,heap        ] GC(113) ParOldGen: 428150K(592384K)->428602K(592384K)
[123.574s][info][gc,metaspace   ] GC(113) Metaspace: 41441K(41856K)->41441K(41856K) NonClass: 37107K(37376K)->37107K(37376K) Class: 4334K(4480K)->4334K(4480K)
[123.574s][info][gc             ] GC(113) Pause Young (Allocation Failure) 634M->427M(836M) 7.816ms
[123.574s][info][gc,cpu         ] GC(113) User=0.01s Sys=0.00s Real=0.01s
[124.189s][info][gc,start       ] GC(114) Pause Young (Allocation Failure)
[124.203s][info][gc,heap        ] GC(114) PSYoungGen: 210891K(263680K)->21496K(263680K) Eden: 201728K(201728K)->0K(210944K) From: 9163K(61952K)->21496K(52736K)
[124.203s][info][gc,heap        ] GC(114) ParOldGen: 428602K(592384K)->429139K(592384K)
[124.203s][info][gc,metaspace   ] GC(114) Metaspace: 41441K(41856K)->41441K(41856K) NonClass: 37107K(37376K)->37107K(37376K) Class: 4334K(4480K)->4334K(4480K)
[124.203s][info][gc             ] GC(114) Pause Young (Allocation Failure) 624M->440M(836M) 14.019ms
[124.203s][info][gc,cpu         ] GC(114) User=0.02s Sys=0.00s Real=0.02s
[124.876s][info][gc,start       ] GC(115) Pause Young (Allocation Failure)
[124.888s][info][gc,heap        ] GC(115) PSYoungGen: 232440K(263680K)->691K(268288K) Eden: 210944K(210944K)->0K(210944K) From: 21496K(52736K)->691K(57344K)
[124.888s][info][gc,heap        ] GC(115) ParOldGen: 429139K(592384K)->449682K(592384K)
[124.888s][info][gc,metaspace   ] GC(115) Metaspace: 41441K(41856K)->41441K(41856K) NonClass: 37107K(37376K)->37107K(37376K) Class: 4334K(4480K)->4334K(4480K)
[124.888s][info][gc             ] GC(115) Pause Young (Allocation Failure) 646M->439M(840M) 12.143ms
[124.888s][info][gc,cpu         ] GC(115) User=0.02s Sys=0.00s Real=0.01s
[125.441s][info][gc,start       ] GC(116) Pause Young (Allocation Failure)
[125.446s][info][gc,heap        ] GC(116) PSYoungGen: 211635K(268288K)->4348K(274432K) Eden: 210944K(210944K)->0K(219136K) From: 691K(57344K)->4348K(55296K)
[125.446s][info][gc,heap        ] GC(116) ParOldGen: 449682K(592384K)->449706K(592384K)
[125.446s][info][gc,metaspace   ] GC(116) Metaspace: 41453K(41920K)->41453K(41920K) NonClass: 37118K(37440K)->37118K(37440K) Class: 4334K(4480K)->4334K(4480K)
[125.446s][info][gc             ] GC(116) Pause Young (Allocation Failure) 645M->443M(846M) 5.323ms
[125.446s][info][gc,cpu         ] GC(116) User=0.01s Sys=0.00s Real=0.00s
[125.832s][info][gc,start       ] GC(117) Pause Young (Allocation Failure)
[125.837s][info][gc,heap        ] GC(117) PSYoungGen: 223484K(274432K)->2688K(275456K) Eden: 219136K(219136K)->0K(219136K) From: 4348K(55296K)->2688K(56320K)
[125.837s][info][gc,heap        ] GC(117) ParOldGen: 449706K(592384K)->451593K(592384K)
[125.837s][info][gc,metaspace   ] GC(117) Metaspace: 41470K(41920K)->41470K(41920K) NonClass: 37135K(37440K)->37135K(37440K) Class: 4334K(4480K)->4334K(4480K)
[125.837s][info][gc             ] GC(117) Pause Young (Allocation Failure) 657M->443M(847M) 5.379ms
[125.837s][info][gc,cpu         ] GC(117) User=0.01s Sys=0.00s Real=0.00s
[126.275s][info][gc,start       ] GC(118) Pause Young (Allocation Failure)
[126.284s][info][gc,heap        ] GC(118) PSYoungGen: 221342K(275456K)->10216K(272384K) Eden: 218653K(219136K)->0K(222208K) From: 2688K(56320K)->10216K(50176K)
[126.284s][info][gc,heap        ] GC(118) ParOldGen: 451593K(592384K)->451837K(592384K)
[126.284s][info][gc,metaspace   ] GC(118) Metaspace: 41513K(41920K)->41513K(41920K) NonClass: 37179K(37440K)->37179K(37440K) Class: 4334K(4480K)->4334K(4480K)
[126.284s][info][gc             ] GC(118) Pause Young (Allocation Failure) 657M->451M(844M) 8.622ms
[126.284s][info][gc,cpu         ] GC(118) User=0.01s Sys=0.00s Real=0.01s
[126.562s][info][gc,start       ] GC(119) Pause Young (Allocation Failure)
[126.569s][info][gc,heap        ] GC(119) PSYoungGen: 232424K(272384K)->1340K(274944K) Eden: 222208K(222208K)->0K(222208K) From: 10216K(50176K)->1340K(52736K)
[126.570s][info][gc,heap        ] GC(119) ParOldGen: 451837K(592384K)->461749K(592384K)
[126.570s][info][gc,metaspace   ] GC(119) Metaspace: 41513K(41920K)->41513K(41920K) NonClass: 37179K(37440K)->37179K(37440K) Class: 4334K(4480K)->4334K(4480K)
[126.570s][info][gc             ] GC(119) Pause Young (Allocation Failure) 668M->452M(847M) 8.018ms
[126.570s][info][gc,cpu         ] GC(119) User=0.02s Sys=0.00s Real=0.00s
[126.860s][info][gc,start       ] GC(120) Pause Young (Allocation Failure)
[126.866s][info][gc,heap        ] GC(120) PSYoungGen: 223068K(274944K)->2021K(276992K) Eden: 221727K(222208K)->0K(229376K) From: 1340K(52736K)->2021K(47616K)
[126.866s][info][gc,heap        ] GC(120) ParOldGen: 461749K(592384K)->463041K(592384K)
[126.866s][info][gc,metaspace   ] GC(120) Metaspace: 41515K(41920K)->41515K(41920K) NonClass: 37181K(37440K)->37181K(37440K) Class: 4334K(4480K)->4334K(4480K)
[126.866s][info][gc             ] GC(120) Pause Young (Allocation Failure) 668M->454M(849M) 6.210ms
[126.866s][info][gc,cpu         ] GC(120) User=0.01s Sys=0.00s Real=0.01s
[127.175s][info][gc,start       ] GC(121) Pause Young (Allocation Failure)
[127.181s][info][gc,heap        ] GC(121) PSYoungGen: 230667K(276992K)->2998K(279552K) Eden: 228645K(229376K)->0K(229376K) From: 2021K(47616K)->2998K(50176K)
[127.181s][info][gc,heap        ] GC(121) ParOldGen: 463041K(592384K)->465016K(592384K)
[127.181s][info][gc,metaspace   ] GC(121) Metaspace: 41518K(41920K)->41518K(41920K) NonClass: 37183K(37440K)->37183K(37440K) Class: 4334K(4480K)->4334K(4480K)
[127.181s][info][gc             ] GC(121) Pause Young (Allocation Failure) 677M->457M(851M) 6.321ms
[127.181s][info][gc,cpu         ] GC(121) User=0.01s Sys=0.00s Real=0.01s
[127.512s][info][gc,start       ] GC(122) Pause Young (Allocation Failure)
[127.531s][info][gc,heap        ] GC(122) PSYoungGen: 232198K(279552K)->8967K(276480K) Eden: 229200K(229376K)->0K(235008K) From: 2998K(50176K)->8967K(41472K)
[127.531s][info][gc,heap        ] GC(122) ParOldGen: 465016K(592384K)->467990K(592384K)
[127.531s][info][gc,metaspace   ] GC(122) Metaspace: 41528K(41984K)->41528K(41984K) NonClass: 37193K(37504K)->37193K(37504K) Class: 4334K(4480K)->4334K(4480K)
[127.531s][info][gc             ] GC(122) Pause Young (Allocation Failure) 680M->465M(848M) 19.311ms
[127.531s][info][gc,cpu         ] GC(122) User=0.04s Sys=0.00s Real=0.02s
[127.875s][info][gc,start       ] GC(123) Pause Young (Allocation Failure)
[127.891s][info][gc,heap        ] GC(123) PSYoungGen: 242493K(276480K)->6124K(280576K) Eden: 233525K(235008K)->0K(235008K) From: 8967K(41472K)->6124K(45568K)
[127.891s][info][gc,heap        ] GC(123) ParOldGen: 467990K(592384K)->475134K(592384K)
[127.891s][info][gc,metaspace   ] GC(123) Metaspace: 41529K(41984K)->41529K(41984K) NonClass: 37195K(37504K)->37195K(37504K) Class: 4334K(4480K)->4334K(4480K)
[127.891s][info][gc             ] GC(123) Pause Young (Allocation Failure) 693M->469M(852M) 16.207ms
[127.891s][info][gc,cpu         ] GC(123) User=0.03s Sys=0.00s Real=0.02s
[128.222s][info][gc,start       ] GC(124) Pause Young (Allocation Failure)
[128.248s][info][gc,heap        ] GC(124) PSYoungGen: 241132K(280576K)->8582K(280064K) Eden: 235008K(235008K)->0K(244736K) From: 6124K(45568K)->8582K(35328K)
[128.248s][info][gc,heap        ] GC(124) ParOldGen: 475134K(592384K)->481324K(592384K)
[128.248s][info][gc,metaspace   ] GC(124) Metaspace: 41531K(41984K)->41531K(41984K) NonClass: 37197K(37504K)->37197K(37504K) Class: 4334K(4480K)->4334K(4480K)
[128.248s][info][gc             ] GC(124) Pause Young (Allocation Failure) 699M->478M(852M) 26.117ms
[128.248s][info][gc,cpu         ] GC(124) User=0.05s Sys=0.00s Real=0.02s
[128.903s][info][gc,start       ] GC(125) Pause Young (Allocation Failure)
[128.922s][info][gc,heap        ] GC(125) PSYoungGen: 253318K(280064K)->13288K(285184K) Eden: 244736K(244736K)->0K(244736K) From: 8582K(35328K)->13288K(40448K)
[128.922s][info][gc,heap        ] GC(125) ParOldGen: 481324K(592384K)->486078K(592384K)
[128.922s][info][gc,metaspace   ] GC(125) Metaspace: 41583K(41984K)->41583K(41984K) NonClass: 37248K(37504K)->37248K(37504K) Class: 4334K(4480K)->4334K(4480K)
[128.922s][info][gc             ] GC(125) Pause Young (Allocation Failure) 717M->487M(857M) 18.702ms
[128.922s][info][gc,cpu         ] GC(125) User=0.03s Sys=0.00s Real=0.02s
[129.601s][info][gc,start       ] GC(126) Pause Young (Allocation Failure)
[129.614s][info][gc,heap        ] GC(126) PSYoungGen: 258024K(285184K)->3256K(289280K) Eden: 244736K(244736K)->0K(254976K) From: 13288K(40448K)->3256K(34304K)
[129.614s][info][gc,heap        ] GC(126) ParOldGen: 486078K(592384K)->498113K(592384K)
[129.614s][info][gc,metaspace   ] GC(126) Metaspace: 41593K(42048K)->41593K(42048K) NonClass: 37259K(37568K)->37259K(37568K) Class: 4334K(4480K)->4334K(4480K)
[129.614s][info][gc             ] GC(126) Pause Young (Allocation Failure) 726M->489M(861M) 13.072ms
[129.614s][info][gc,cpu         ] GC(126) User=0.03s Sys=0.00s Real=0.01s
[130.282s][info][gc,start       ] GC(127) Pause Young (Allocation Failure)
[130.287s][info][gc,heap        ] GC(127) PSYoungGen: 258232K(289280K)->2723K(292352K) Eden: 254976K(254976K)->0K(254976K) From: 3256K(34304K)->2723K(37376K)
[130.287s][info][gc,heap        ] GC(127) ParOldGen: 498113K(592384K)->498282K(592384K)
[130.287s][info][gc,metaspace   ] GC(127) Metaspace: 41598K(42048K)->41598K(42048K) NonClass: 37264K(37568K)->37264K(37568K) Class: 4334K(4480K)->4334K(4480K)
[130.287s][info][gc             ] GC(127) Pause Young (Allocation Failure) 738M->489M(864M) 5.071ms
[130.287s][info][gc,cpu         ] GC(127) User=0.01s Sys=0.00s Real=0.00s
[130.930s][info][gc,start       ] GC(128) Pause Young (Allocation Failure)
[130.936s][info][gc,heap        ] GC(128) PSYoungGen: 257699K(292352K)->1920K(292864K) Eden: 254976K(254976K)->0K(260608K) From: 2723K(37376K)->1920K(32256K)
[130.936s][info][gc,heap        ] GC(128) ParOldGen: 498282K(592384K)->498325K(592384K)
[130.936s][info][gc,metaspace   ] GC(128) Metaspace: 41598K(42048K)->41598K(42048K) NonClass: 37264K(37568K)->37264K(37568K) Class: 4334K(4480K)->4334K(4480K)
[130.936s][info][gc             ] GC(128) Pause Young (Allocation Failure) 738M->488M(864M) 5.474ms
[130.936s][info][gc,cpu         ] GC(128) User=0.01s Sys=0.00s Real=0.01s
[131.758s][info][gc,start       ] GC(129) Pause Young (Allocation Failure)
[131.761s][info][gc,heap        ] GC(129) PSYoungGen: 262528K(292864K)->3398K(295424K) Eden: 260608K(260608K)->0K(260608K) From: 1920K(32256K)->3398K(34816K)
[131.761s][info][gc,heap        ] GC(129) ParOldGen: 498325K(592384K)->498389K(592384K)
[131.761s][info][gc,metaspace   ] GC(129) Metaspace: 41602K(42048K)->41602K(42048K) NonClass: 37268K(37568K)->37268K(37568K) Class: 4334K(4480K)->4334K(4480K)
[131.761s][info][gc             ] GC(129) Pause Young (Allocation Failure) 743M->490M(867M) 3.261ms
[131.761s][info][gc,cpu         ] GC(129) User=0.00s Sys=0.00s Real=0.01s
[133.081s][info][gc,start       ] GC(130) Pause Young (Allocation Failure)
[133.093s][info][gc,heap        ] GC(130) PSYoungGen: 264006K(295424K)->2962K(294912K) Eden: 260608K(260608K)->0K(265728K) From: 3398K(34816K)->2962K(29184K)
[133.093s][info][gc,heap        ] GC(130) ParOldGen: 498389K(592384K)->498525K(592384K)
[133.093s][info][gc,metaspace   ] GC(130) Metaspace: 41664K(42048K)->41664K(42048K) NonClass: 37329K(37568K)->37329K(37568K) Class: 4334K(4480K)->4334K(4480K)
[133.093s][info][gc             ] GC(130) Pause Young (Allocation Failure) 744M->489M(866M) 11.770ms
[133.093s][info][gc,cpu         ] GC(130) User=0.02s Sys=0.00s Real=0.01s
[134.182s][info][gc,start       ] GC(131) Pause Young (Allocation Failure)
[134.209s][info][gc,heap        ] GC(131) PSYoungGen: 268690K(294912K)->24762K(297472K) Eden: 265728K(265728K)->0K(265728K) From: 2962K(29184K)->24762K(31744K)
[134.210s][info][gc,heap        ] GC(131) ParOldGen: 498525K(592384K)->501375K(592384K)
[134.210s][info][gc,metaspace   ] GC(131) Metaspace: 41739K(42176K)->41739K(42176K) NonClass: 37405K(37696K)->37405K(37696K) Class: 4334K(4480K)->4334K(4480K)
[134.210s][info][gc             ] GC(131) Pause Young (Allocation Failure) 749M->513M(869M) 27.646ms
[134.210s][info][gc,cpu         ] GC(131) User=0.05s Sys=0.00s Real=0.02s
[134.880s][info][gc,start       ] GC(132) Pause Young (Allocation Failure)
[134.933s][info][gc,heap        ] GC(132) PSYoungGen: 290490K(297472K)->29816K(288256K) Eden: 265728K(265728K)->0K(252928K) From: 24762K(31744K)->29816K(35328K)
[134.933s][info][gc,heap        ] GC(132) ParOldGen: 501375K(592384K)->525339K(592384K)
[134.933s][info][gc,metaspace   ] GC(132) Metaspace: 41739K(42176K)->41739K(42176K) NonClass: 37405K(37696K)->37405K(37696K) Class: 4334K(4480K)->4334K(4480K)
[134.933s][info][gc             ] GC(132) Pause Young (Allocation Failure) 773M->542M(860M) 53.164ms
[134.933s][info][gc,cpu         ] GC(132) User=0.10s Sys=0.00s Real=0.06s
[135.645s][info][gc,start       ] GC(133) Pause Young (Allocation Failure)
[135.700s][info][gc,heap        ] GC(133) PSYoungGen: 282744K(288256K)->29536K(282624K) Eden: 252928K(252928K)->0K(252928K) From: 29816K(35328K)->29536K(29696K)
[135.700s][info][gc,heap        ] GC(133) ParOldGen: 525339K(592384K)->553715K(592384K)
[135.700s][info][gc,metaspace   ] GC(133) Metaspace: 41743K(42176K)->41743K(42176K) NonClass: 37408K(37696K)->37408K(37696K) Class: 4334K(4480K)->4334K(4480K)
[135.700s][info][gc             ] GC(133) Pause Young (Allocation Failure) 789M->569M(854M) 54.397ms
[135.700s][info][gc,cpu         ] GC(133) User=0.11s Sys=0.00s Real=0.05s
[139.274s][info][gc,start       ] GC(134) Pause Young (Allocation Failure)
[139.318s][info][gc,heap        ] GC(134) PSYoungGen: 282464K(282624K)->16688K(291328K) Eden: 252928K(252928K)->0K(247296K) From: 29536K(29696K)->16688K(44032K)
[139.318s][info][gc,heap        ] GC(134) ParOldGen: 553715K(592384K)->581947K(592384K)
[139.318s][info][gc,metaspace   ] GC(134) Metaspace: 41791K(42240K)->41791K(42240K) NonClass: 37457K(37760K)->37457K(37760K) Class: 4334K(4480K)->4334K(4480K)
[139.318s][info][gc             ] GC(134) Pause Young (Allocation Failure) 816M->584M(863M) 44.272ms
[139.318s][info][gc,cpu         ] GC(134) User=0.09s Sys=0.00s Real=0.04s
[140.181s][info][gc,start       ] GC(135) Pause Young (Allocation Failure)
[140.213s][info][gc,heap        ] GC(135) PSYoungGen: 263984K(291328K)->21563K(289792K) Eden: 247296K(247296K)->0K(247296K) From: 16688K(44032K)->21563K(42496K)
[140.213s][info][gc,heap        ] GC(135) ParOldGen: 581947K(592384K)->596299K(596480K)
[140.213s][info][gc,metaspace   ] GC(135) Metaspace: 41813K(42240K)->41813K(42240K) NonClass: 37479K(37760K)->37479K(37760K) Class: 4334K(4480K)->4334K(4480K)
[140.213s][info][gc             ] GC(135) Pause Young (Allocation Failure) 826M->603M(865M) 32.047ms
[140.213s][info][gc,cpu         ] GC(135) User=0.06s Sys=0.00s Real=0.03s
[140.829s][info][gc,start       ] GC(136) Pause Young (Allocation Failure)
[140.889s][info][gc,heap        ] GC(136) PSYoungGen: 268859K(289792K)->30968K(285184K) Eden: 247296K(247296K)->0K(242688K) From: 21563K(42496K)->30968K(42496K)
[140.890s][info][gc,heap        ] GC(136) ParOldGen: 596299K(596480K)->617048K(617472K)
[140.890s][info][gc,metaspace   ] GC(136) Metaspace: 41813K(42240K)->41813K(42240K) NonClass: 37479K(37760K)->37479K(37760K) Class: 4334K(4480K)->4334K(4480K)
[140.890s][info][gc             ] GC(136) Pause Young (Allocation Failure) 844M->632M(881M) 60.522ms
[140.890s][info][gc,cpu         ] GC(136) User=0.11s Sys=0.01s Real=0.06s
[141.516s][info][gc,start       ] GC(137) Pause Young (Allocation Failure)
[141.586s][info][gc,heap        ] GC(137) PSYoungGen: 273656K(285184K)->30640K(273408K) Eden: 242688K(242688K)->0K(242688K) From: 30968K(42496K)->30640K(30720K)
[141.586s][info][gc,heap        ] GC(137) ParOldGen: 617048K(617472K)->646320K(646656K)
[141.586s][info][gc,metaspace   ] GC(137) Metaspace: 41813K(42240K)->41813K(42240K) NonClass: 37479K(37760K)->37479K(37760K) Class: 4334K(4480K)->4334K(4480K)
[141.586s][info][gc             ] GC(137) Pause Young (Allocation Failure) 869M->661M(898M) 70.241ms
[141.587s][info][gc,cpu         ] GC(137) User=0.11s Sys=0.03s Real=0.07s
[143.263s][info][gc,start       ] GC(138) Pause Full (Allocation Failure)
[143.263s][info][gc,phases,start] GC(138) Marking Phase
[143.349s][info][gc,phases      ] GC(138) Marking Phase 85.280ms
[143.349s][info][gc,phases,start] GC(138) Summary Phase
[143.349s][info][gc,phases      ] GC(138) Summary Phase 0.030ms
[143.349s][info][gc,phases,start] GC(138) Forward
[143.357s][info][gc,phases      ] GC(138) Forward 7.784ms
[143.357s][info][gc,phases,start] GC(138) Adjust Pointers
[143.388s][info][gc,phases      ] GC(138) Adjust Pointers 31.654ms
[143.388s][info][gc,phases,start] GC(138) Compaction Phase
[143.396s][info][gc,phases      ] GC(138) Compaction Phase 7.381ms
[143.396s][info][gc,phases,start] GC(138) Post Compact
[143.401s][info][gc,phases      ] GC(138) Post Compact 4.975ms
[143.441s][info][gc,heap        ] GC(138) PSYoungGen: 273328K(273408K)->0K(285696K) Eden: 242688K(242688K)->0K(237568K) From: 30640K(30720K)->0K(48128K)
[143.441s][info][gc,heap        ] GC(138) ParOldGen: 646320K(646656K)->59232K(175104K)
[143.441s][info][gc,metaspace   ] GC(138) Metaspace: 41814K(42240K)->41814K(42240K) NonClass: 37479K(37760K)->37479K(37760K) Class: 4334K(4480K)->4334K(4480K)
[143.441s][info][gc             ] GC(138) Pause Full (Allocation Failure) 898M->57M(450M) 177.692ms
[143.441s][info][gc,cpu         ] GC(138) User=0.21s Sys=0.04s Real=0.18s
[144.825s][info][gc,start       ] GC(139) Pause Young (Allocation Failure)
[144.845s][info][gc,heap        ] GC(139) PSYoungGen: 237568K(285696K)->21341K(259072K) Eden: 237568K(237568K)->0K(237568K) From: 0K(48128K)->21341K(21504K)
[144.845s][info][gc,heap        ] GC(139) ParOldGen: 59232K(175104K)->59232K(175104K)
[144.845s][info][gc,metaspace   ] GC(139) Metaspace: 41814K(42240K)->41814K(42240K) NonClass: 37479K(37760K)->37479K(37760K) Class: 4334K(4480K)->4334K(4480K)
[144.845s][info][gc             ] GC(139) Pause Young (Allocation Failure) 289M->78M(424M) 20.557ms
[144.845s][info][gc,cpu         ] GC(139) User=0.04s Sys=0.00s Real=0.02s
[146.226s][info][gc,start       ] GC(140) Pause Young (Allocation Failure)
[146.264s][info][gc,heap        ] GC(140) PSYoungGen: 258909K(259072K)->23192K(285184K) Eden: 237568K(237568K)->0K(238592K) From: 21341K(21504K)->23192K(46592K)
[146.264s][info][gc,heap        ] GC(140) ParOldGen: 59232K(175104K)->80465K(175104K)
[146.264s][info][gc,metaspace   ] GC(140) Metaspace: 41815K(42240K)->41815K(42240K) NonClass: 37481K(37760K)->37481K(37760K) Class: 4334K(4480K)->4334K(4480K)
[146.264s][info][gc             ] GC(140) Pause Young (Allocation Failure) 310M->101M(449M) 38.593ms
[146.264s][info][gc,cpu         ] GC(140) User=0.07s Sys=0.00s Real=0.04s
[147.717s][info][gc,start       ] GC(141) Pause Young (Allocation Failure)
[147.754s][info][gc,heap        ] GC(141) PSYoungGen: 261784K(285184K)->22295K(284160K) Eden: 238592K(238592K)->0K(238592K) From: 23192K(46592K)->22295K(45568K)
[147.754s][info][gc,heap        ] GC(141) ParOldGen: 80465K(175104K)->102278K(175104K)
[147.754s][info][gc,metaspace   ] GC(141) Metaspace: 41815K(42240K)->41815K(42240K) NonClass: 37481K(37760K)->37481K(37760K) Class: 4334K(4480K)->4334K(4480K)
[147.754s][info][gc             ] GC(141) Pause Young (Allocation Failure) 334M->121M(448M) 37.367ms
[147.754s][info][gc,cpu         ] GC(141) User=0.07s Sys=0.00s Real=0.04s
[148.689s][info][gc,start       ] GC(142) Pause Young (Allocation Failure)
[148.733s][info][gc,heap        ] GC(142) PSYoungGen: 260887K(284160K)->31861K(284160K) Eden: 238592K(238592K)->0K(239616K) From: 22295K(45568K)->31861K(44544K)
[148.733s][info][gc,heap        ] GC(142) ParOldGen: 102278K(175104K)->124642K(175104K)
[148.733s][info][gc,metaspace   ] GC(142) Metaspace: 41815K(42240K)->41815K(42240K) NonClass: 37481K(37760K)->37481K(37760K) Class: 4334K(4480K)->4334K(4480K)
[148.733s][info][gc             ] GC(142) Pause Young (Allocation Failure) 354M->152M(448M) 44.665ms
[148.733s][info][gc,cpu         ] GC(142) User=0.09s Sys=0.00s Real=0.05s
[149.340s][info][gc,start       ] GC(143) Pause Young (Allocation Failure)
[149.395s][info][gc,heap        ] GC(143) PSYoungGen: 271477K(284160K)->30008K(286208K) Eden: 239616K(239616K)->0K(239616K) From: 31861K(44544K)->30008K(46592K)
[149.395s][info][gc,heap        ] GC(143) ParOldGen: 124642K(175104K)->156168K(175104K)
[149.395s][info][gc,metaspace   ] GC(143) Metaspace: 41815K(42240K)->41815K(42240K) NonClass: 37481K(37760K)->37481K(37760K) Class: 4334K(4480K)->4334K(4480K)
[149.395s][info][gc             ] GC(143) Pause Young (Allocation Failure) 386M->181M(450M) 55.120ms
[149.395s][info][gc,cpu         ] GC(143) User=0.11s Sys=0.00s Real=0.06s
[150.010s][info][gc,start       ] GC(144) Pause Young (Allocation Failure)
[150.068s][info][gc,heap        ] GC(144) PSYoungGen: 269624K(286208K)->29888K(285184K) Eden: 239616K(239616K)->0K(237568K) From: 30008K(46592K)->29888K(47616K)
[150.068s][info][gc,heap        ] GC(144) ParOldGen: 156168K(175104K)->184728K(184832K)
[150.068s][info][gc,metaspace   ] GC(144) Metaspace: 41815K(42240K)->41815K(42240K) NonClass: 37481K(37760K)->37481K(37760K) Class: 4334K(4480K)->4334K(4480K)
[150.068s][info][gc             ] GC(144) Pause Young (Allocation Failure) 415M->209M(459M) 57.806ms
[150.068s][info][gc,cpu         ] GC(144) User=0.10s Sys=0.01s Real=0.06s
[151.660s][info][gc,start       ] GC(145) Pause Young (Allocation Failure)
[151.713s][info][gc,heap        ] GC(145) PSYoungGen: 267456K(285184K)->15304K(252928K) Eden: 237568K(237568K)->0K(237568K) From: 29888K(47616K)->15304K(15360K)
[151.713s][info][gc,heap        ] GC(145) ParOldGen: 184728K(184832K)->214809K(215040K)
[151.713s][info][gc,metaspace   ] GC(145) Metaspace: 41815K(42240K)->41815K(42240K) NonClass: 37481K(37760K)->37481K(37760K) Class: 4334K(4480K)->4334K(4480K)
[151.713s][info][gc             ] GC(145) Pause Young (Allocation Failure) 441M->224M(457M) 52.961ms
[151.713s][info][gc,cpu         ] GC(145) User=0.07s Sys=0.03s Real=0.06s
[152.870s][info][gc,start       ] GC(146) Pause Young (Allocation Failure)
[152.889s][info][gc,heap        ] GC(146) PSYoungGen: 252872K(252928K)->4331K(284160K) Eden: 237568K(237568K)->0K(237568K) From: 15304K(15360K)->4331K(46592K)
[152.889s][info][gc,heap        ] GC(146) ParOldGen: 214809K(215040K)->228086K(228352K)
[152.889s][info][gc,metaspace   ] GC(146) Metaspace: 41816K(42240K)->41816K(42240K) NonClass: 37481K(37760K)->37481K(37760K) Class: 4334K(4480K)->4334K(4480K)
[152.889s][info][gc             ] GC(146) Pause Young (Allocation Failure) 456M->226M(500M) 19.157ms
[152.889s][info][gc,cpu         ] GC(146) User=0.03s Sys=0.01s Real=0.02s
[154.254s][info][gc,start       ] GC(147) Pause Young (Allocation Failure)
[154.283s][info][gc,heap        ] GC(147) PSYoungGen: 241899K(284160K)->26191K(284672K) Eden: 237568K(237568K)->0K(237568K) From: 4331K(46592K)->26191K(47104K)
[154.283s][info][gc,heap        ] GC(147) ParOldGen: 228086K(228352K)->232311K(232448K)
[154.283s][info][gc,metaspace   ] GC(147) Metaspace: 41817K(42240K)->41817K(42240K) NonClass: 37482K(37760K)->37482K(37760K) Class: 4334K(4480K)->4334K(4480K)
[154.283s][info][gc             ] GC(147) Pause Young (Allocation Failure) 458M->252M(505M) 29.460ms
[154.283s][info][gc,cpu         ] GC(147) User=0.05s Sys=0.01s Real=0.03s
[155.721s][info][gc,start       ] GC(148) Pause Young (Allocation Failure)
[155.775s][info][gc,heap        ] GC(148) PSYoungGen: 263759K(284672K)->22843K(283648K) Eden: 237568K(237568K)->0K(240128K) From: 26191K(47104K)->22843K(43520K)
[155.775s][info][gc,heap        ] GC(148) ParOldGen: 232311K(232448K)->258340K(258560K)
[155.775s][info][gc,metaspace   ] GC(148) Metaspace: 41817K(42240K)->41817K(42240K) NonClass: 37482K(37760K)->37482K(37760K) Class: 4334K(4480K)->4334K(4480K)
[155.775s][info][gc             ] GC(148) Pause Young (Allocation Failure) 484M->274M(529M) 53.867ms
[155.775s][info][gc,cpu         ] GC(148) User=0.09s Sys=0.02s Real=0.05s
[156.986s][info][gc,start       ] GC(149) Pause Young (Allocation Failure)
[157.037s][info][gc,heap        ] GC(149) PSYoungGen: 262971K(283648K)->27265K(285184K) Eden: 240128K(240128K)->0K(240128K) From: 22843K(43520K)->27265K(45056K)
[157.037s][info][gc,heap        ] GC(149) ParOldGen: 258340K(258560K)->281237K(281600K)
[157.037s][info][gc,metaspace   ] GC(149) Metaspace: 41829K(42304K)->41829K(42304K) NonClass: 37494K(37824K)->37494K(37824K) Class: 4334K(4480K)->4334K(4480K)
[157.037s][info][gc             ] GC(149) Pause Young (Allocation Failure) 509M->301M(553M) 51.565ms
[157.037s][info][gc,cpu         ] GC(149) User=0.09s Sys=0.02s Real=0.05s
[158.063s][info][gc,start       ] GC(150) Pause Young (Allocation Failure)
[158.120s][info][gc,heap        ] GC(150) PSYoungGen: 267393K(285184K)->14555K(286720K) Eden: 240128K(240128K)->0K(243712K) From: 27265K(45056K)->14555K(43008K)
[158.120s][info][gc,heap        ] GC(150) ParOldGen: 281237K(281600K)->300196K(300544K)
[158.120s][info][gc,metaspace   ] GC(150) Metaspace: 41835K(42304K)->41835K(42304K) NonClass: 37500K(37824K)->37500K(37824K) Class: 4334K(4480K)->4334K(4480K)
[158.120s][info][gc             ] GC(150) Pause Young (Allocation Failure) 535M->307M(573M) 56.964ms
[158.120s][info][gc,cpu         ] GC(150) User=0.06s Sys=0.01s Real=0.05s
[159.082s][info][gc,start       ] GC(151) Pause Young (Allocation Failure)
[159.100s][info][gc,heap        ] GC(151) PSYoungGen: 258267K(286720K)->20404K(287744K) Eden: 243712K(243712K)->0K(243712K) From: 14555K(43008K)->20404K(44032K)
[159.100s][info][gc,heap        ] GC(151) ParOldGen: 300196K(300544K)->300960K(301056K)
[159.100s][info][gc,metaspace   ] GC(151) Metaspace: 41843K(42304K)->41843K(42304K) NonClass: 37509K(37824K)->37509K(37824K) Class: 4334K(4480K)->4334K(4480K)
[159.100s][info][gc             ] GC(151) Pause Young (Allocation Failure) 545M->313M(575M) 18.287ms
[159.100s][info][gc,cpu         ] GC(151) User=0.03s Sys=0.00s Real=0.01s
[160.047s][info][gc,start       ] GC(152) Pause Young (Allocation Failure)
[160.057s][info][gc,heap        ] GC(152) PSYoungGen: 264116K(287744K)->5170K(287744K) Eden: 243712K(243712K)->0K(246272K) From: 20404K(44032K)->5170K(41472K)
[160.057s][info][gc,heap        ] GC(152) ParOldGen: 300960K(301056K)->302000K(302080K)
[160.057s][info][gc,metaspace   ] GC(152) Metaspace: 41848K(42304K)->41848K(42304K) NonClass: 37513K(37824K)->37513K(37824K) Class: 4334K(4480K)->4334K(4480K)
[160.057s][info][gc             ] GC(152) Pause Young (Allocation Failure) 551M->299M(576M) 10.197ms
[160.057s][info][gc,cpu         ] GC(152) User=0.02s Sys=0.00s Real=0.01s
[161.112s][info][gc,start       ] GC(153) Pause Young (Allocation Failure)
[161.118s][info][gc,heap        ] GC(153) PSYoungGen: 251442K(287744K)->4941K(288256K) Eden: 246272K(246272K)->0K(246272K) From: 5170K(41472K)->4941K(41984K)
[161.118s][info][gc,heap        ] GC(153) ParOldGen: 302000K(302080K)->303152K(303616K)
[161.118s][info][gc,metaspace   ] GC(153) Metaspace: 41848K(42304K)->41848K(42304K) NonClass: 37513K(37824K)->37513K(37824K) Class: 4334K(4480K)->4334K(4480K)
[161.118s][info][gc             ] GC(153) Pause Young (Allocation Failure) 540M->300M(578M) 5.813ms
[161.118s][info][gc,cpu         ] GC(153) User=0.01s Sys=0.01s Real=0.00s
[162.037s][info][gc,start       ] GC(154) Pause Young (GCLocker Initiated GC)
[162.060s][info][gc,heap        ] GC(154) PSYoungGen: 251213K(288256K)->26016K(290304K) Eden: 246272K(246272K)->0K(247808K) From: 4941K(41984K)->26016K(42496K)
[162.060s][info][gc,heap        ] GC(154) ParOldGen: 303227K(303616K)->304379K(304640K)
[162.060s][info][gc,metaspace   ] GC(154) Metaspace: 41849K(42304K)->41849K(42304K) NonClass: 37515K(37824K)->37515K(37824K) Class: 4334K(4480K)->4334K(4480K)
[162.060s][info][gc             ] GC(154) Pause Young (GCLocker Initiated GC) 541M->322M(581M) 23.231ms
[162.060s][info][gc,cpu         ] GC(154) User=0.04s Sys=0.00s Real=0.02s
[163.040s][info][gc,start       ] GC(155) Pause Young (Allocation Failure)
[163.057s][info][gc,heap        ] GC(155) PSYoungGen: 273824K(290304K)->13550K(261632K) Eden: 247808K(247808K)->0K(247808K) From: 26016K(42496K)->13550K(13824K)
[163.057s][info][gc,heap        ] GC(155) ParOldGen: 304379K(304640K)->305123K(305152K)
[163.057s][info][gc,metaspace   ] GC(155) Metaspace: 41849K(42304K)->41849K(42304K) NonClass: 37515K(37824K)->37515K(37824K) Class: 4334K(4480K)->4334K(4480K)
[163.057s][info][gc             ] GC(155) Pause Young (Allocation Failure) 564M->311M(553M) 16.507ms
[163.057s][info][gc,cpu         ] GC(155) User=0.03s Sys=0.00s Real=0.02s
[163.952s][info][gc,start       ] GC(156) Pause Young (Allocation Failure)
[163.964s][info][gc,heap        ] GC(156) PSYoungGen: 261358K(261632K)->12289K(291328K) Eden: 247808K(247808K)->0K(249856K) From: 13550K(13824K)->12289K(41472K)
[163.964s][info][gc,heap        ] GC(156) ParOldGen: 305123K(305152K)->306259K(306688K)
[163.964s][info][gc,metaspace   ] GC(156) Metaspace: 41850K(42304K)->41850K(42304K) NonClass: 37515K(37824K)->37515K(37824K) Class: 4334K(4480K)->4334K(4480K)
[163.964s][info][gc             ] GC(156) Pause Young (Allocation Failure) 553M->311M(584M) 12.123ms
[163.964s][info][gc,cpu         ] GC(156) User=0.02s Sys=0.00s Real=0.01s
[164.983s][info][gc,start       ] GC(157) Pause Young (Allocation Failure)
[164.998s][info][gc,heap        ] GC(157) PSYoungGen: 262145K(291328K)->9785K(289792K) Eden: 249856K(249856K)->0K(249856K) From: 12289K(41472K)->9785K(39936K)
[164.998s][info][gc,heap        ] GC(157) ParOldGen: 306259K(306688K)->307180K(307200K)
[164.998s][info][gc,metaspace   ] GC(157) Metaspace: 41850K(42304K)->41850K(42304K) NonClass: 37515K(37824K)->37515K(37824K) Class: 4334K(4480K)->4334K(4480K)
[164.998s][info][gc             ] GC(157) Pause Young (Allocation Failure) 555M->309M(583M) 14.928ms
[164.998s][info][gc,cpu         ] GC(157) User=0.03s Sys=0.01s Real=0.01s
[166.024s][info][gc,start       ] GC(158) Pause Young (Allocation Failure)
[166.037s][info][gc,heap        ] GC(158) PSYoungGen: 259641K(289792K)->8555K(291840K) Eden: 249856K(249856K)->0K(252928K) From: 9785K(39936K)->8555K(38912K)
[166.037s][info][gc,heap        ] GC(158) ParOldGen: 307180K(307200K)->308300K(308736K)
[166.037s][info][gc,metaspace   ] GC(158) Metaspace: 41850K(42304K)->41850K(42304K) NonClass: 37515K(37824K)->37515K(37824K) Class: 4334K(4480K)->4334K(4480K)
[166.037s][info][gc             ] GC(158) Pause Young (Allocation Failure) 553M->309M(586M) 12.302ms
[166.037s][info][gc,cpu         ] GC(158) User=0.02s Sys=0.00s Real=0.01s
[166.997s][info][gc,start       ] GC(159) Pause Young (Allocation Failure)
[167.040s][info][gc,heap        ] GC(159) PSYoungGen: 261483K(291840K)->38382K(291328K) Eden: 252928K(252928K)->0K(252928K) From: 8555K(38912K)->38382K(38400K)
[167.040s][info][gc,heap        ] GC(159) ParOldGen: 308300K(308736K)->314212K(314368K)
[167.040s][info][gc,metaspace   ] GC(159) Metaspace: 41851K(42304K)->41851K(42304K) NonClass: 37517K(37824K)->37517K(37824K) Class: 4334K(4480K)->4334K(4480K)
[167.040s][info][gc             ] GC(159) Pause Young (Allocation Failure) 556M->344M(591M) 43.144ms
[167.040s][info][gc,cpu         ] GC(159) User=0.08s Sys=0.00s Real=0.04s
[168.293s][info][gc,start       ] GC(160) Pause Young (Allocation Failure)
[168.338s][info][gc,heap        ] GC(160) PSYoungGen: 291310K(291328K)->23194K(285184K) Eden: 252928K(252928K)->0K(242688K) From: 38382K(38400K)->23194K(42496K)
[168.338s][info][gc,heap        ] GC(160) ParOldGen: 314212K(314368K)->329878K(330240K)
[168.338s][info][gc,metaspace   ] GC(160) Metaspace: 41852K(42304K)->41852K(42304K) NonClass: 37517K(37824K)->37517K(37824K) Class: 4334K(4480K)->4334K(4480K)
[168.338s][info][gc             ] GC(160) Pause Young (Allocation Failure) 591M->344M(601M) 45.779ms
[168.338s][info][gc,cpu         ] GC(160) User=0.08s Sys=0.01s Real=0.04s
[169.272s][info][gc,start       ] GC(161) Pause Young (Allocation Failure)
[169.302s][info][gc,heap        ] GC(161) PSYoungGen: 265882K(285184K)->6898K(288256K) Eden: 242688K(242688K)->0K(242688K) From: 23194K(42496K)->6898K(45568K)
[169.302s][info][gc,heap        ] GC(161) ParOldGen: 329878K(330240K)->347190K(347648K)
[169.302s][info][gc,metaspace   ] GC(161) Metaspace: 41852K(42304K)->41852K(42304K) NonClass: 37518K(37824K)->37518K(37824K) Class: 4334K(4480K)->4334K(4480K)
[169.302s][info][gc             ] GC(161) Pause Young (Allocation Failure) 581M->345M(621M) 29.596ms
[169.302s][info][gc,cpu         ] GC(161) User=0.05s Sys=0.01s Real=0.03s
[170.099s][info][gc,start       ] GC(162) Pause Young (Allocation Failure)
[170.114s][info][gc,heap        ] GC(162) PSYoungGen: 249586K(288256K)->18046K(282624K) Eden: 242688K(242688K)->0K(243200K) From: 6898K(45568K)->18046K(39424K)
[170.114s][info][gc,heap        ] GC(162) ParOldGen: 347190K(347648K)->348070K(348160K)
[170.115s][info][gc,metaspace   ] GC(162) Metaspace: 41860K(42304K)->41860K(42304K) NonClass: 37526K(37824K)->37526K(37824K) Class: 4334K(4480K)->4334K(4480K)
[170.115s][info][gc             ] GC(162) Pause Young (Allocation Failure) 582M->357M(616M) 15.061ms
[170.115s][info][gc,cpu         ] GC(162) User=0.02s Sys=0.00s Real=0.02s
[170.909s][info][gc,start       ] GC(163) Pause Young (Allocation Failure)
[170.923s][info][gc,heap        ] GC(163) PSYoungGen: 261246K(282624K)->2728K(285696K) Eden: 243200K(243200K)->0K(243200K) From: 18046K(39424K)->2728K(42496K)
[170.923s][info][gc,heap        ] GC(163) ParOldGen: 348070K(348160K)->357849K(357888K)
[170.923s][info][gc,metaspace   ] GC(163) Metaspace: 41865K(42304K)->41865K(42304K) NonClass: 37530K(37824K)->37530K(37824K) Class: 4334K(4480K)->4334K(4480K)
[170.923s][info][gc             ] GC(163) Pause Young (Allocation Failure) 595M->352M(628M) 13.886ms
[170.923s][info][gc,cpu         ] GC(163) User=0.02s Sys=0.01s Real=0.02s
[171.763s][info][gc,start       ] GC(164) Pause Young (Allocation Failure)
[171.787s][info][gc,heap        ] GC(164) PSYoungGen: 245928K(285696K)->39104K(280064K) Eden: 243200K(243200K)->0K(237568K) From: 2728K(42496K)->39104K(42496K)
[171.787s][info][gc,heap        ] GC(164) ParOldGen: 357849K(357888K)->358328K(358400K)
[171.788s][info][gc,metaspace   ] GC(164) Metaspace: 41866K(42304K)->41866K(42304K) NonClass: 37531K(37824K)->37531K(37824K) Class: 4334K(4480K)->4334K(4480K)
[171.788s][info][gc             ] GC(164) Pause Young (Allocation Failure) 589M->388M(623M) 24.714ms
[171.788s][info][gc,cpu         ] GC(164) User=0.05s Sys=0.00s Real=0.02s
[172.594s][info][gc,start       ] GC(165) Pause Young (Allocation Failure)
[172.626s][info][gc,heap        ] GC(165) PSYoungGen: 276672K(280064K)->48107K(285696K) Eden: 237568K(237568K)->0K(237568K) From: 39104K(42496K)->48107K(48128K)
[172.626s][info][gc,heap        ] GC(165) ParOldGen: 358328K(358400K)->359835K(359936K)
[172.626s][info][gc,metaspace   ] GC(165) Metaspace: 41866K(42304K)->41866K(42304K) NonClass: 37532K(37824K)->37532K(37824K) Class: 4334K(4480K)->4334K(4480K)
[172.626s][info][gc             ] GC(165) Pause Young (Allocation Failure) 620M->398M(630M) 32.617ms
[172.626s][info][gc,cpu         ] GC(165) User=0.07s Sys=0.01s Real=0.03s
[173.501s][info][gc,start       ] GC(166) Pause Young (Allocation Failure)
[173.575s][info][gc,heap        ] GC(166) PSYoungGen: 285675K(285696K)->48126K(227328K) Eden: 237568K(237568K)->0K(179200K) From: 48107K(48128K)->48126K(48128K)
[173.575s][info][gc,heap        ] GC(166) ParOldGen: 359835K(359936K)->397978K(398336K)
[173.576s][info][gc,metaspace   ] GC(166) Metaspace: 41866K(42304K)->41866K(42304K) NonClass: 37532K(37824K)->37532K(37824K) Class: 4334K(4480K)->4334K(4480K)
[173.576s][info][gc             ] GC(166) Pause Young (Allocation Failure) 630M->435M(611M) 74.461ms
[173.576s][info][gc,cpu         ] GC(166) User=0.13s Sys=0.02s Real=0.07s
[174.202s][info][gc,start       ] GC(167) Pause Young (Allocation Failure)
[174.307s][info][gc,heap        ] GC(167) PSYoungGen: 227326K(227328K)->77290K(256512K) Eden: 179200K(179200K)->0K(179200K) From: 48126K(48128K)->77290K(77312K)
[174.307s][info][gc,heap        ] GC(167) ParOldGen: 397978K(398336K)->450129K(450560K)
[174.307s][info][gc,metaspace   ] GC(167) Metaspace: 41866K(42304K)->41866K(42304K) NonClass: 37532K(37824K)->37532K(37824K) Class: 4334K(4480K)->4334K(4480K)
[174.307s][info][gc             ] GC(167) Pause Young (Allocation Failure) 610M->515M(690M) 104.915ms
[174.307s][info][gc,cpu         ] GC(167) User=0.18s Sys=0.03s Real=0.10s
[174.950s][info][gc,start       ] GC(168) Pause Young (Allocation Failure)
[175.032s][info][gc,heap        ] GC(168) PSYoungGen: 256490K(256512K)->16239K(198144K) Eden: 179200K(179200K)->0K(120832K) From: 77290K(77312K)->16239K(77312K)
[175.032s][info][gc,heap        ] GC(168) ParOldGen: 450129K(450560K)->515253K(515584K)
[175.032s][info][gc,metaspace   ] GC(168) Metaspace: 41868K(42304K)->41868K(42304K) NonClass: 37533K(37824K)->37533K(37824K) Class: 4334K(4480K)->4334K(4480K)
[175.032s][info][gc             ] GC(168) Pause Young (Allocation Failure) 690M->519M(697M) 82.062ms
[175.032s][info][gc,cpu         ] GC(168) User=0.12s Sys=0.04s Real=0.08s
[175.492s][info][gc,start       ] GC(169) Pause Young (Allocation Failure)
[175.501s][info][gc,heap        ] GC(169) PSYoungGen: 137071K(198144K)->1550K(227328K) Eden: 120832K(120832K)->0K(120832K) From: 16239K(77312K)->1550K(106496K)
[175.501s][info][gc,heap        ] GC(169) ParOldGen: 515253K(515584K)->521029K(521216K)
[175.501s][info][gc,metaspace   ] GC(169) Metaspace: 41869K(42304K)->41869K(42304K) NonClass: 37534K(37824K)->37534K(37824K) Class: 4334K(4480K)->4334K(4480K)
[175.501s][info][gc             ] GC(169) Pause Young (Allocation Failure) 637M->510M(731M) 9.127ms
[175.501s][info][gc,cpu         ] GC(169) User=0.01s Sys=0.00s Real=0.01s
[175.920s][info][gc,start       ] GC(170) Pause Young (Allocation Failure)
[175.941s][info][gc,heap        ] GC(170) PSYoungGen: 122382K(227328K)->32898K(211968K) Eden: 120832K(120832K)->0K(121856K) From: 1550K(106496K)->32898K(90112K)
[175.941s][info][gc,heap        ] GC(170) ParOldGen: 521029K(521216K)->521508K(521728K)
[175.941s][info][gc,metaspace   ] GC(170) Metaspace: 41869K(42304K)->41869K(42304K) NonClass: 37534K(37824K)->37534K(37824K) Class: 4334K(4480K)->4334K(4480K)
[175.941s][info][gc             ] GC(170) Pause Young (Allocation Failure) 628M->541M(716M) 21.749ms
[175.941s][info][gc,cpu         ] GC(170) User=0.04s Sys=0.01s Real=0.03s
[176.356s][info][gc,start       ] GC(171) Pause Young (Allocation Failure)
[176.363s][info][gc,heap        ] GC(171) PSYoungGen: 154754K(211968K)->6970K(220160K) Eden: 121856K(121856K)->0K(121856K) From: 32898K(90112K)->6970K(98304K)
[176.363s][info][gc,heap        ] GC(171) ParOldGen: 521508K(521728K)->522093K(522240K)
[176.363s][info][gc,metaspace   ] GC(171) Metaspace: 41869K(42304K)->41869K(42304K) NonClass: 37534K(37824K)->37534K(37824K) Class: 4334K(4480K)->4334K(4480K)
[176.363s][info][gc             ] GC(171) Pause Young (Allocation Failure) 660M->516M(725M) 6.585ms
[176.363s][info][gc,cpu         ] GC(171) User=0.01s Sys=0.00s Real=0.01s
[176.762s][info][gc,start       ] GC(172) Pause Young (Allocation Failure)
[176.778s][info][gc,heap        ] GC(172) PSYoungGen: 128826K(220160K)->22993K(222720K) Eden: 121856K(121856K)->0K(139776K) From: 6970K(98304K)->22993K(82944K)
[176.778s][info][gc,heap        ] GC(172) ParOldGen: 522093K(522240K)->522746K(522752K)
[176.778s][info][gc,metaspace   ] GC(172) Metaspace: 41869K(42304K)->41869K(42304K) NonClass: 37534K(37824K)->37534K(37824K) Class: 4334K(4480K)->4334K(4480K)
[176.778s][info][gc             ] GC(172) Pause Young (Allocation Failure) 635M->532M(728M) 16.586ms
[176.778s][info][gc,cpu         ] GC(172) User=0.03s Sys=0.00s Real=0.01s
[177.245s][info][gc,start       ] GC(173) Pause Young (Allocation Failure)
[177.258s][info][gc,heap        ] GC(173) PSYoungGen: 162769K(222720K)->21059K(230400K) Eden: 139776K(139776K)->0K(139776K) From: 22993K(82944K)->21059K(90624K)
[177.258s][info][gc,heap        ] GC(173) ParOldGen: 522746K(522752K)->523139K(523264K)
[177.258s][info][gc,metaspace   ] GC(173) Metaspace: 41869K(42304K)->41869K(42304K) NonClass: 37534K(37824K)->37534K(37824K) Class: 4334K(4480K)->4334K(4480K)
[177.258s][info][gc             ] GC(173) Pause Young (Allocation Failure) 669M->531M(736M) 13.331ms
[177.258s][info][gc,cpu         ] GC(173) User=0.03s Sys=0.00s Real=0.01s
[177.729s][info][gc,start       ] GC(174) Pause Young (Allocation Failure)
[177.745s][info][gc,heap        ] GC(174) PSYoungGen: 160835K(230400K)->23747K(229888K) Eden: 139776K(139776K)->0K(157184K) From: 21059K(90624K)->23747K(72704K)
[177.745s][info][gc,heap        ] GC(174) ParOldGen: 523139K(523264K)->523338K(523776K)
[177.745s][info][gc,metaspace   ] GC(174) Metaspace: 41869K(42304K)->41869K(42304K) NonClass: 37534K(37824K)->37534K(37824K) Class: 4334K(4480K)->4334K(4480K)
[177.745s][info][gc             ] GC(174) Pause Young (Allocation Failure) 667M->534M(736M) 16.129ms
[177.745s][info][gc,cpu         ] GC(174) User=0.03s Sys=0.00s Real=0.02s
[178.236s][info][gc,start       ] GC(175) Pause Young (Allocation Failure)
[178.250s][info][gc,heap        ] GC(175) PSYoungGen: 180931K(229888K)->21454K(238080K) Eden: 157184K(157184K)->0K(157184K) From: 23747K(72704K)->21454K(80896K)
[178.250s][info][gc,heap        ] GC(175) ParOldGen: 523338K(523776K)->523692K(523776K)
[178.250s][info][gc,metaspace   ] GC(175) Metaspace: 41870K(42304K)->41870K(42304K) NonClass: 37536K(37824K)->37536K(37824K) Class: 4334K(4480K)->4334K(4480K)
[178.250s][info][gc             ] GC(175) Pause Young (Allocation Failure) 687M->532M(744M) 14.322ms
[178.250s][info][gc,cpu         ] GC(175) User=0.03s Sys=0.00s Real=0.01s
[178.708s][info][gc,start       ] GC(176) Pause Young (Allocation Failure)
[178.730s][info][gc,heap        ] GC(176) PSYoungGen: 178638K(238080K)->1203K(247808K) Eden: 157184K(157184K)->0K(176128K) From: 21454K(80896K)->1203K(71680K)
[178.730s][info][gc,heap        ] GC(176) ParOldGen: 523692K(523776K)->544441K(544768K)
[178.730s][info][gc,metaspace   ] GC(176) Metaspace: 41870K(42304K)->41870K(42304K) NonClass: 37536K(37824K)->37536K(37824K) Class: 4334K(4480K)->4334K(4480K)
[178.730s][info][gc             ] GC(176) Pause Young (Allocation Failure) 685M->532M(774M) 22.010ms
[178.730s][info][gc,cpu         ] GC(176) User=0.03s Sys=0.02s Real=0.02s
[179.266s][info][gc,start       ] GC(177) Pause Young (Allocation Failure)
[179.269s][info][gc,heap        ] GC(177) PSYoungGen: 177331K(247808K)->1240K(252416K) Eden: 176128K(176128K)->0K(176128K) From: 1203K(71680K)->1240K(76288K)
[179.269s][info][gc,heap        ] GC(177) ParOldGen: 544441K(544768K)->544490K(544768K)
[179.269s][info][gc,metaspace   ] GC(177) Metaspace: 41870K(42304K)->41870K(42304K) NonClass: 37536K(37824K)->37536K(37824K) Class: 4334K(4480K)->4334K(4480K)
[179.269s][info][gc             ] GC(177) Pause Young (Allocation Failure) 704M->532M(778M) 3.132ms
[179.269s][info][gc,cpu         ] GC(177) User=0.01s Sys=0.00s Real=0.00s
[179.746s][info][gc,start       ] GC(178) Pause Young (Allocation Failure)
[179.752s][info][gc,heap        ] GC(178) PSYoungGen: 177368K(252416K)->4636K(252416K) Eden: 176128K(176128K)->0K(182272K) From: 1240K(76288K)->4636K(70144K)
[179.752s][info][gc,heap        ] GC(178) ParOldGen: 544490K(544768K)->544946K(545280K)
[179.752s][info][gc,metaspace   ] GC(178) Metaspace: 41873K(42304K)->41873K(42304K) NonClass: 37539K(37824K)->37539K(37824K) Class: 4334K(4480K)->4334K(4480K)
[179.752s][info][gc             ] GC(178) Pause Young (Allocation Failure) 704M->536M(779M) 6.129ms
[179.752s][info][gc,cpu         ] GC(178) User=0.01s Sys=0.00s Real=0.01s
[180.065s][info][gc,start       ] GC(179) Pause Young (Allocation Failure)
[180.071s][info][gc,heap        ] GC(179) PSYoungGen: 186908K(252416K)->3278K(255488K) Eden: 182272K(182272K)->0K(182272K) From: 4636K(70144K)->3278K(73216K)
[180.071s][info][gc,heap        ] GC(179) ParOldGen: 544946K(545280K)->546798K(546816K)
[180.071s][info][gc,metaspace   ] GC(179) Metaspace: 41873K(42304K)->41873K(42304K) NonClass: 37539K(37824K)->37539K(37824K) Class: 4334K(4480K)->4334K(4480K)
[180.071s][info][gc             ] GC(179) Pause Young (Allocation Failure) 714M->537M(783M) 6.541ms
[180.071s][info][gc,cpu         ] GC(179) User=0.01s Sys=0.00s Real=0.01s
[180.409s][info][gc,start       ] GC(180) Pause Young (Allocation Failure)
[180.416s][info][gc,heap        ] GC(180) PSYoungGen: 185550K(255488K)->10875K(252928K) Eden: 182272K(182272K)->0K(189952K) From: 3278K(73216K)->10875K(62976K)
[180.416s][info][gc,heap        ] GC(180) ParOldGen: 546798K(546816K)->546830K(547328K)
[180.416s][info][gc,metaspace   ] GC(180) Metaspace: 41873K(42304K)->41873K(42304K) NonClass: 37539K(37824K)->37539K(37824K) Class: 4334K(4480K)->4334K(4480K)
[180.416s][info][gc             ] GC(180) Pause Young (Allocation Failure) 715M->544M(781M) 7.093ms
[180.416s][info][gc,cpu         ] GC(180) User=0.01s Sys=0.00s Real=0.01s
[180.714s][info][gc,start       ] GC(181) Pause Young (Allocation Failure)
[180.725s][info][gc,heap        ] GC(181) PSYoungGen: 199389K(252928K)->4850K(257024K) Eden: 188513K(189952K)->0K(189952K) From: 10875K(62976K)->4850K(67072K)
[180.725s][info][gc,heap        ] GC(181) ParOldGen: 546830K(547328K)->552181K(552448K)
[180.725s][info][gc,metaspace   ] GC(181) Metaspace: 41894K(42304K)->41894K(42304K) NonClass: 37559K(37824K)->37559K(37824K) Class: 4335K(4480K)->4335K(4480K)
[180.725s][info][gc             ] GC(181) Pause Young (Allocation Failure) 728M->543M(790M) 10.338ms
[180.725s][info][gc,cpu         ] GC(181) User=0.01s Sys=0.01s Real=0.01s
[180.965s][info][gc,start       ] GC(182) Pause Young (Allocation Failure)
[180.974s][info][gc,heap        ] GC(182) PSYoungGen: 194802K(257024K)->1932K(261120K) Eden: 189952K(189952K)->0K(202240K) From: 4850K(67072K)->1932K(58880K)
[180.974s][info][gc,heap        ] GC(182) ParOldGen: 552181K(552448K)->557038K(557056K)
[180.974s][info][gc,metaspace   ] GC(182) Metaspace: 41894K(42304K)->41894K(42304K) NonClass: 37559K(37824K)->37559K(37824K) Class: 4335K(4480K)->4335K(4480K)
[180.974s][info][gc             ] GC(182) Pause Young (Allocation Failure) 729M->545M(799M) 9.520ms
[180.974s][info][gc,cpu         ] GC(182) User=0.01s Sys=0.00s Real=0.01s
[181.232s][info][gc,start       ] GC(183) Pause Young (Allocation Failure)
[181.238s][info][gc,heap        ] GC(183) PSYoungGen: 204172K(261120K)->1984K(264704K) Eden: 202240K(202240K)->0K(202240K) From: 1932K(58880K)->1984K(62464K)
[181.238s][info][gc,heap        ] GC(183) ParOldGen: 557038K(557056K)->558911K(559104K)
[181.238s][info][gc,metaspace   ] GC(183) Metaspace: 41894K(42304K)->41894K(42304K) NonClass: 37559K(37824K)->37559K(37824K) Class: 4335K(4480K)->4335K(4480K)
[181.238s][info][gc             ] GC(183) Pause Young (Allocation Failure) 743M->547M(804M) 6.824ms
[181.238s][info][gc,cpu         ] GC(183) User=0.02s Sys=0.01s Real=0.00s
[181.501s][info][gc,start       ] GC(184) Pause Young (Allocation Failure)
[181.508s][info][gc,heap        ] GC(184) PSYoungGen: 202768K(264704K)->2454K(265216K) Eden: 200783K(202240K)->0K(211456K) From: 1984K(62464K)->2454K(53760K)
[181.508s][info][gc,heap        ] GC(184) ParOldGen: 558911K(559104K)->560830K(561152K)
[181.508s][info][gc,metaspace   ] GC(184) Metaspace: 41894K(42304K)->41894K(42304K) NonClass: 37559K(37824K)->37559K(37824K) Class: 4335K(4480K)->4335K(4480K)
[181.508s][info][gc             ] GC(184) Pause Young (Allocation Failure) 743M->550M(807M) 7.021ms
[181.508s][info][gc,cpu         ] GC(184) User=0.01s Sys=0.00s Real=0.00s
[181.810s][info][gc,start       ] GC(185) Pause Young (Allocation Failure)
[181.822s][info][gc,heap        ] GC(185) PSYoungGen: 213620K(265216K)->7092K(268800K) Eden: 211166K(211456K)->0K(211456K) From: 2454K(53760K)->7092K(57344K)
[181.822s][info][gc,heap        ] GC(185) ParOldGen: 560830K(561152K)->563179K(563200K)
[181.822s][info][gc,metaspace   ] GC(185) Metaspace: 41895K(42304K)->41895K(42304K) NonClass: 37560K(37824K)->37560K(37824K) Class: 4335K(4480K)->4335K(4480K)
[181.822s][info][gc             ] GC(185) Pause Young (Allocation Failure) 756M->556M(812M) 11.825ms
[181.822s][info][gc,cpu         ] GC(185) User=0.01s Sys=0.00s Real=0.02s
[182.117s][info][gc,start       ] GC(186) Pause Young (Allocation Failure)
[182.139s][info][gc,heap        ] GC(186) PSYoungGen: 216896K(268800K)->5209K(270336K) Eden: 209803K(211456K)->0K(222720K) From: 7092K(57344K)->5209K(47616K)
[182.139s][info][gc,heap        ] GC(186) ParOldGen: 563179K(563200K)->570308K(570368K)
[182.139s][info][gc,metaspace   ] GC(186) Metaspace: 41896K(42304K)->41896K(42304K) NonClass: 37561K(37824K)->37561K(37824K) Class: 4335K(4480K)->4335K(4480K)
[182.139s][info][gc             ] GC(186) Pause Young (Allocation Failure) 761M->562M(821M) 21.907ms
[182.139s][info][gc,cpu         ] GC(186) User=0.04s Sys=0.01s Real=0.02s
[182.437s][info][gc,start       ] GC(187) Pause Young (Allocation Failure)
[182.450s][info][gc,heap        ] GC(187) PSYoungGen: 227929K(270336K)->3476K(273408K) Eden: 222720K(222720K)->0K(222720K) From: 5209K(47616K)->3476K(50688K)
[182.450s][info][gc,heap        ] GC(187) ParOldGen: 570308K(570368K)->575556K(576000K)
[182.450s][info][gc,metaspace   ] GC(187) Metaspace: 41898K(42304K)->41898K(42304K) NonClass: 37563K(37824K)->37563K(37824K) Class: 4335K(4480K)->4335K(4480K)
[182.450s][info][gc             ] GC(187) Pause Young (Allocation Failure) 779M->565M(829M) 12.777ms
[182.450s][info][gc,cpu         ] GC(187) User=0.02s Sys=0.01s Real=0.01s
[182.944s][info][gc,start       ] GC(188) Pause Young (Allocation Failure)
[182.962s][info][gc,heap        ] GC(188) PSYoungGen: 226196K(273408K)->13710K(277504K) Eden: 222720K(222720K)->0K(235008K) From: 3476K(50688K)->13710K(42496K)
[182.962s][info][gc,heap        ] GC(188) ParOldGen: 575556K(576000K)->578768K(579072K)
[182.962s][info][gc,metaspace   ] GC(188) Metaspace: 41974K(42368K)->41974K(42368K) NonClass: 37638K(37888K)->37638K(37888K) Class: 4335K(4480K)->4335K(4480K)
[182.962s][info][gc             ] GC(188) Pause Young (Allocation Failure) 782M->578M(836M) 17.743ms
[182.962s][info][gc,cpu         ] GC(188) User=0.04s Sys=0.00s Real=0.02s
[183.560s][info][gc,start       ] GC(189) Pause Young (Allocation Failure)
[183.581s][info][gc,heap        ] GC(189) PSYoungGen: 248718K(277504K)->3937K(280576K) Eden: 235008K(235008K)->0K(235008K) From: 13710K(42496K)->3937K(45568K)
[183.581s][info][gc,heap        ] GC(189) ParOldGen: 578768K(579072K)->592649K(592896K)
[183.581s][info][gc,metaspace   ] GC(189) Metaspace: 41988K(42432K)->41988K(42432K) NonClass: 37652K(37952K)->37652K(37952K) Class: 4335K(4480K)->4335K(4480K)
[183.581s][info][gc             ] GC(189) Pause Young (Allocation Failure) 808M->582M(853M) 21.598ms
[183.581s][info][gc,cpu         ] GC(189) User=0.04s Sys=0.01s Real=0.03s
[184.174s][info][gc,start       ] GC(190) Pause Young (Allocation Failure)
[184.179s][info][gc,heap        ] GC(190) PSYoungGen: 238945K(280576K)->1498K(283136K) Eden: 235008K(235008K)->0K(244736K) From: 3937K(45568K)->1498K(38400K)
[184.179s][info][gc,heap        ] GC(190) ParOldGen: 592649K(592896K)->593306K(593408K)
[184.179s][info][gc,metaspace   ] GC(190) Metaspace: 41992K(42432K)->41992K(42432K) NonClass: 37657K(37952K)->37657K(37952K) Class: 4335K(4480K)->4335K(4480K)
[184.179s][info][gc             ] GC(190) Pause Young (Allocation Failure) 812M->580M(856M) 4.866ms
[184.179s][info][gc,cpu         ] GC(190) User=0.00s Sys=0.00s Real=0.00s
[184.772s][info][gc,start       ] GC(191) Pause Young (Allocation Failure)
[184.778s][info][gc,heap        ] GC(191) PSYoungGen: 246234K(283136K)->5530K(286208K) Eden: 244736K(244736K)->0K(244736K) From: 1498K(38400K)->5530K(41472K)
[184.778s][info][gc,heap        ] GC(191) ParOldGen: 593306K(593408K)->593314K(593408K)
[184.778s][info][gc,metaspace   ] GC(191) Metaspace: 41997K(42432K)->41997K(42432K) NonClass: 37661K(37952K)->37661K(37952K) Class: 4335K(4480K)->4335K(4480K)
[184.778s][info][gc             ] GC(191) Pause Young (Allocation Failure) 819M->584M(859M) 6.400ms
[184.778s][info][gc,cpu         ] GC(191) User=0.01s Sys=0.00s Real=0.00s
[185.469s][info][gc,start       ] GC(192) Pause Young (Allocation Failure)
[185.474s][info][gc,heap        ] GC(192) PSYoungGen: 250266K(286208K)->4617K(287744K) Eden: 244736K(244736K)->0K(253440K) From: 5530K(41472K)->4617K(34304K)
[185.474s][info][gc,heap        ] GC(192) ParOldGen: 593314K(593408K)->593362K(593408K)
[185.475s][info][gc,metaspace   ] GC(192) Metaspace: 42003K(42432K)->42003K(42432K) NonClass: 37667K(37952K)->37667K(37952K) Class: 4335K(4480K)->4335K(4480K)
[185.475s][info][gc             ] GC(192) Pause Young (Allocation Failure) 823M->583M(860M) 5.754ms
[185.475s][info][gc,cpu         ] GC(192) User=0.01s Sys=0.00s Real=0.01s
[186.162s][info][gc,start       ] GC(193) Pause Young (Allocation Failure)
[186.172s][info][gc,heap        ] GC(193) PSYoungGen: 258057K(287744K)->3796K(290304K) Eden: 253440K(253440K)->0K(253440K) From: 4617K(34304K)->3796K(36864K)
[186.172s][info][gc,heap        ] GC(193) ParOldGen: 593362K(593408K)->594680K(594944K)
[186.172s][info][gc,metaspace   ] GC(193) Metaspace: 42006K(42432K)->42006K(42432K) NonClass: 37671K(37952K)->37671K(37952K) Class: 4335K(4480K)->4335K(4480K)
[186.172s][info][gc             ] GC(193) Pause Young (Allocation Failure) 831M->584M(864M) 10.576ms
[186.172s][info][gc,cpu         ] GC(193) User=0.02s Sys=0.00s Real=0.01s
[187.733s][info][gc,start       ] GC(194) Pause Young (Allocation Failure)
[187.747s][info][gc,heap        ] GC(194) PSYoungGen: 257236K(290304K)->12010K(294400K) Eden: 253440K(253440K)->0K(262144K) From: 3796K(36864K)->12010K(32256K)
[187.747s][info][gc,heap        ] GC(194) ParOldGen: 594680K(594944K)->595603K(595968K)
[187.747s][info][gc,metaspace   ] GC(194) Metaspace: 42098K(42560K)->42098K(42560K) NonClass: 37763K(38080K)->37763K(38080K) Class: 4335K(4480K)->4335K(4480K)
[187.747s][info][gc             ] GC(194) Pause Young (Allocation Failure) 831M->593M(869M) 13.476ms
[187.747s][info][gc,cpu         ] GC(194) User=0.03s Sys=0.00s Real=0.01s
[188.339s][info][gc,start       ] GC(195) Pause Young (Allocation Failure)
[188.385s][info][gc,heap        ] GC(195) PSYoungGen: 274154K(294400K)->29698K(292352K) Eden: 262144K(262144K)->0K(262144K) From: 12010K(32256K)->29698K(30208K)
[188.385s][info][gc,heap        ] GC(195) ParOldGen: 595603K(595968K)->607508K(607744K)
[188.385s][info][gc,metaspace   ] GC(195) Metaspace: 42102K(42560K)->42102K(42560K) NonClass: 37766K(38080K)->37766K(38080K) Class: 4335K(4480K)->4335K(4480K)
[188.385s][info][gc             ] GC(195) Pause Young (Allocation Failure) 849M->622M(879M) 46.227ms
[188.385s][info][gc,cpu         ] GC(195) User=0.08s Sys=0.01s Real=0.05s
[188.999s][info][gc,start       ] GC(196) Pause Young (Allocation Failure)
[189.073s][info][gc,heap        ] GC(196) PSYoungGen: 291842K(292352K)->29720K(285696K) Eden: 262144K(262144K)->0K(246784K) From: 29698K(30208K)->29720K(38912K)
[189.073s][info][gc,heap        ] GC(196) ParOldGen: 607508K(607744K)->636455K(636928K)
[189.073s][info][gc,metaspace   ] GC(196) Metaspace: 42102K(42560K)->42102K(42560K) NonClass: 37766K(38080K)->37766K(38080K) Class: 4335K(4480K)->4335K(4480K)
[189.073s][info][gc             ] GC(196) Pause Young (Allocation Failure) 878M->650M(901M) 73.918ms
[189.073s][info][gc,cpu         ] GC(196) User=0.11s Sys=0.03s Real=0.08s
[189.731s][info][gc,start       ] GC(197) Pause Young (Allocation Failure)
[189.804s][info][gc,heap        ] GC(197) PSYoungGen: 276503K(285696K)->35139K(282112K) Eden: 246783K(246784K)->0K(246784K) From: 29720K(38912K)->35139K(35328K)
[189.804s][info][gc,heap        ] GC(197) ParOldGen: 636455K(636928K)->664416K(664576K)
[189.804s][info][gc,metaspace   ] GC(197) Metaspace: 42102K(42560K)->42102K(42560K) NonClass: 37767K(38080K)->37767K(38080K) Class: 4335K(4480K)->4335K(4480K)
[189.804s][info][gc             ] GC(197) Pause Young (Allocation Failure) 891M->683M(924M) 73.499ms
[189.804s][info][gc,cpu         ] GC(197) User=0.12s Sys=0.03s Real=0.07s
[193.667s][info][gc,start       ] GC(198) Pause Full (Allocation Failure)
[193.667s][info][gc,phases,start] GC(198) Marking Phase
[193.722s][info][gc,phases      ] GC(198) Marking Phase 55.295ms
[193.722s][info][gc,phases,start] GC(198) Summary Phase
[193.722s][info][gc,phases      ] GC(198) Summary Phase 0.031ms
[193.722s][info][gc,phases,start] GC(198) Forward
[193.728s][info][gc,phases      ] GC(198) Forward 6.239ms
[193.728s][info][gc,phases,start] GC(198) Adjust Pointers
[193.756s][info][gc,phases      ] GC(198) Adjust Pointers 27.519ms
[193.756s][info][gc,phases,start] GC(198) Compaction Phase
[193.763s][info][gc,phases      ] GC(198) Compaction Phase 7.352ms
[193.763s][info][gc,phases,start] GC(198) Post Compact
[193.767s][info][gc,phases      ] GC(198) Post Compact 3.541ms
[193.808s][info][gc,heap        ] GC(198) PSYoungGen: 281923K(282112K)->0K(285184K) Eden: 246784K(246784K)->0K(236544K) From: 35139K(35328K)->0K(48640K)
[193.808s][info][gc,heap        ] GC(198) ParOldGen: 664416K(664576K)->49997K(175104K)
[193.808s][info][gc,metaspace   ] GC(198) Metaspace: 42154K(42560K)->42154K(42560K) NonClass: 37819K(38080K)->37819K(38080K) Class: 4335K(4480K)->4335K(4480K)
[193.808s][info][gc             ] GC(198) Pause Full (Allocation Failure) 924M->48M(449M) 141.066ms
[193.808s][info][gc,cpu         ] GC(198) User=0.13s Sys=0.04s Real=0.14s
[194.792s][info][gc,start       ] GC(199) Pause Young (Allocation Failure)
[194.798s][info][gc,heap        ] GC(199) PSYoungGen: 236544K(285184K)->7097K(243712K) Eden: 236544K(236544K)->0K(236544K) From: 0K(48640K)->7097K(7168K)
[194.798s][info][gc,heap        ] GC(199) ParOldGen: 49997K(175104K)->49997K(175104K)
[194.798s][info][gc,metaspace   ] GC(199) Metaspace: 42167K(42560K)->42167K(42560K) NonClass: 37831K(38080K)->37831K(38080K) Class: 4335K(4480K)->4335K(4480K)
[194.798s][info][gc             ] GC(199) Pause Young (Allocation Failure) 279M->55M(409M) 6.582ms
[194.798s][info][gc,cpu         ] GC(199) User=0.01s Sys=0.00s Real=0.00s
[196.158s][info][gc,start       ] GC(200) Pause Young (Allocation Failure)
[196.162s][info][gc,heap        ] GC(200) PSYoungGen: 243641K(243712K)->635K(284160K) Eden: 236544K(236544K)->0K(237568K) From: 7097K(7168K)->635K(46592K)
[196.162s][info][gc,heap        ] GC(200) ParOldGen: 49997K(175104K)->53627K(175104K)
[196.162s][info][gc,metaspace   ] GC(200) Metaspace: 42175K(42624K)->42175K(42624K) NonClass: 37839K(38144K)->37839K(38144K) Class: 4335K(4480K)->4335K(4480K)
[196.162s][info][gc             ] GC(200) Pause Young (Allocation Failure) 286M->52M(448M) 3.815ms
[196.162s][info][gc,cpu         ] GC(200) User=0.01s Sys=0.00s Real=0.01s
[197.552s][info][gc,start       ] GC(201) Pause Young (Allocation Failure)
[197.574s][info][gc,heap        ] GC(201) PSYoungGen: 238203K(284160K)->21116K(283136K) Eden: 237568K(237568K)->0K(237568K) From: 635K(46592K)->21116K(45568K)
[197.574s][info][gc,heap        ] GC(201) ParOldGen: 53627K(175104K)->54182K(175104K)
[197.574s][info][gc,metaspace   ] GC(201) Metaspace: 42175K(42624K)->42175K(42624K) NonClass: 37839K(38144K)->37839K(38144K) Class: 4335K(4480K)->4335K(4480K)
[197.574s][info][gc             ] GC(201) Pause Young (Allocation Failure) 284M->73M(447M) 21.715ms
[197.574s][info][gc,cpu         ] GC(201) User=0.05s Sys=0.00s Real=0.02s
[199.011s][info][gc,start       ] GC(202) Pause Young (Allocation Failure)
[199.048s][info][gc,heap        ] GC(202) PSYoungGen: 258684K(283136K)->22399K(287232K) Eden: 237568K(237568K)->0K(241664K) From: 21116K(45568K)->22399K(45568K)
[199.048s][info][gc,heap        ] GC(202) ParOldGen: 54182K(175104K)->75429K(175104K)
[199.048s][info][gc,metaspace   ] GC(202) Metaspace: 42175K(42624K)->42175K(42624K) NonClass: 37840K(38144K)->37840K(38144K) Class: 4335K(4480K)->4335K(4480K)
[199.048s][info][gc             ] GC(202) Pause Young (Allocation Failure) 305M->95M(451M) 37.484ms
[199.048s][info][gc,cpu         ] GC(202) User=0.07s Sys=0.00s Real=0.03s
[199.783s][info][gc,start       ] GC(203) Pause Young (Allocation Failure)
[199.829s][info][gc,heap        ] GC(203) PSYoungGen: 264063K(287232K)->34986K(276992K) Eden: 241664K(241664K)->0K(241664K) From: 22399K(45568K)->34986K(35328K)
[199.829s][info][gc,heap        ] GC(203) ParOldGen: 75429K(175104K)->97002K(175104K)
[199.829s][info][gc,metaspace   ] GC(203) Metaspace: 42175K(42624K)->42175K(42624K) NonClass: 37840K(38144K)->37840K(38144K) Class: 4335K(4480K)->4335K(4480K)
[199.829s][info][gc             ] GC(203) Pause Young (Allocation Failure) 331M->128M(441M) 46.117ms
[199.829s][info][gc,cpu         ] GC(203) User=0.09s Sys=0.00s Real=0.04s
[200.417s][info][gc,start       ] GC(204) Pause Young (Allocation Failure)
[200.475s][info][gc,heap        ] GC(204) PSYoungGen: 276650K(276992K)->30072K(280576K) Eden: 241664K(241664K)->0K(230400K) From: 34986K(35328K)->30072K(50176K)
[200.475s][info][gc,heap        ] GC(204) ParOldGen: 97002K(175104K)->131290K(175104K)
[200.475s][info][gc,metaspace   ] GC(204) Metaspace: 42175K(42624K)->42175K(42624K) NonClass: 37840K(38144K)->37840K(38144K) Class: 4335K(4480K)->4335K(4480K)
[200.475s][info][gc             ] GC(204) Pause Young (Allocation Failure) 364M->157M(445M) 57.550ms
[200.475s][info][gc,cpu         ] GC(204) User=0.12s Sys=0.00s Real=0.06s
[201.071s][info][gc,start       ] GC(205) Pause Young (Allocation Failure)
[201.123s][info][gc,heap        ] GC(205) PSYoungGen: 260472K(280576K)->29136K(259584K) Eden: 230400K(230400K)->0K(230400K) From: 30072K(50176K)->29136K(29184K)
[201.124s][info][gc,heap        ] GC(205) ParOldGen: 131290K(175104K)->159650K(175104K)
[201.124s][info][gc,metaspace   ] GC(205) Metaspace: 42175K(42624K)->42175K(42624K) NonClass: 37840K(38144K)->37840K(38144K) Class: 4335K(4480K)->4335K(4480K)
[201.124s][info][gc             ] GC(205) Pause Young (Allocation Failure) 382M->184M(424M) 52.594ms
[201.124s][info][gc,cpu         ] GC(205) User=0.11s Sys=0.00s Real=0.05s
[202.763s][info][gc,start       ] GC(206) Pause Young (Allocation Failure)
[202.798s][info][gc,heap        ] GC(206) PSYoungGen: 259536K(259584K)->8452K(282624K) Eden: 230400K(230400K)->0K(229888K) From: 29136K(29184K)->8452K(52736K)
[202.798s][info][gc,heap        ] GC(206) ParOldGen: 159650K(175104K)->188963K(189440K)
[202.798s][info][gc,metaspace   ] GC(206) Metaspace: 42175K(42624K)->42175K(42624K) NonClass: 37840K(38144K)->37840K(38144K) Class: 4335K(4480K)->4335K(4480K)
[202.798s][info][gc             ] GC(206) Pause Young (Allocation Failure) 409M->192M(461M) 34.461ms
[202.798s][info][gc,cpu         ] GC(206) User=0.06s Sys=0.01s Real=0.03s
[203.988s][info][gc,start       ] GC(207) Pause Young (Allocation Failure)
[204.005s][info][gc,heap        ] GC(207) PSYoungGen: 238340K(282624K)->6782K(237056K) Eden: 229888K(229888K)->0K(229888K) From: 8452K(52736K)->6782K(7168K)
[204.005s][info][gc,heap        ] GC(207) ParOldGen: 188963K(189440K)->195631K(196096K)
[204.005s][info][gc,metaspace   ] GC(207) Metaspace: 42175K(42624K)->42175K(42624K) NonClass: 37840K(38144K)->37840K(38144K) Class: 4335K(4480K)->4335K(4480K)
[204.005s][info][gc             ] GC(207) Pause Young (Allocation Failure) 417M->197M(423M) 16.909ms
[204.005s][info][gc,cpu         ] GC(207) User=0.02s Sys=0.01s Real=0.02s
[205.331s][info][gc,start       ] GC(208) Pause Young (Allocation Failure)
[205.362s][info][gc,heap        ] GC(208) PSYoungGen: 236670K(237056K)->24955K(279552K) Eden: 229888K(229888K)->0K(229888K) From: 6782K(7168K)->24955K(49664K)
[205.362s][info][gc,heap        ] GC(208) ParOldGen: 195631K(196096K)->202308K(202752K)
[205.362s][info][gc,metaspace   ] GC(208) Metaspace: 42175K(42624K)->42175K(42624K) NonClass: 37840K(38144K)->37840K(38144K) Class: 4335K(4480K)->4335K(4480K)
[205.362s][info][gc             ] GC(208) Pause Young (Allocation Failure) 422M->221M(471M) 31.819ms
[205.362s][info][gc,cpu         ] GC(208) User=0.06s Sys=0.00s Real=0.03s
[206.719s][info][gc,start       ] GC(209) Pause Young (Allocation Failure)
[206.770s][info][gc,heap        ] GC(209) PSYoungGen: 254843K(279552K)->22630K(279552K) Eden: 229888K(229888K)->0K(229888K) From: 24955K(49664K)->22630K(49664K)
[206.770s][info][gc,heap        ] GC(209) ParOldGen: 202308K(202752K)->227163K(227328K)
[206.770s][info][gc,metaspace   ] GC(209) Metaspace: 42176K(42624K)->42176K(42624K) NonClass: 37841K(38144K)->37841K(38144K) Class: 4335K(4480K)->4335K(4480K)
[206.770s][info][gc             ] GC(209) Pause Young (Allocation Failure) 446M->243M(495M) 50.914ms
[206.770s][info][gc,cpu         ] GC(209) User=0.09s Sys=0.02s Real=0.05s
[207.875s][info][gc,start       ] GC(210) Pause Young (Allocation Failure)
[207.918s][info][gc,heap        ] GC(210) PSYoungGen: 252518K(279552K)->19907K(280576K) Eden: 229888K(229888K)->0K(236032K) From: 22630K(49664K)->19907K(44544K)
[207.918s][info][gc,heap        ] GC(210) ParOldGen: 227163K(227328K)->249786K(249856K)
[207.918s][info][gc,metaspace   ] GC(210) Metaspace: 42183K(42624K)->42183K(42624K) NonClass: 37847K(38144K)->37847K(38144K) Class: 4335K(4480K)->4335K(4480K)
[207.918s][info][gc             ] GC(210) Pause Young (Allocation Failure) 468M->263M(518M) 42.249ms
[207.918s][info][gc,cpu         ] GC(210) User=0.07s Sys=0.01s Real=0.04s
[208.828s][info][gc,start       ] GC(211) Pause Young (Allocation Failure)
[208.858s][info][gc,heap        ] GC(211) PSYoungGen: 255939K(280576K)->13820K(281600K) Eden: 236032K(236032K)->0K(236032K) From: 19907K(44544K)->13820K(45568K)
[208.858s][info][gc,heap        ] GC(211) ParOldGen: 249786K(249856K)->265772K(266240K)
[208.858s][info][gc,metaspace   ] GC(211) Metaspace: 42192K(42624K)->42192K(42624K) NonClass: 37857K(38144K)->37857K(38144K) Class: 4335K(4480K)->4335K(4480K)
[208.858s][info][gc             ] GC(211) Pause Young (Allocation Failure) 493M->273M(535M) 29.788ms
[208.858s][info][gc,cpu         ] GC(211) User=0.04s Sys=0.01s Real=0.03s
[209.740s][info][gc,start       ] GC(212) Pause Young (Allocation Failure)
[209.759s][info][gc,heap        ] GC(212) PSYoungGen: 249852K(281600K)->21305K(285696K) Eden: 236032K(236032K)->0K(244224K) From: 13820K(45568K)->21305K(41472K)
[209.759s][info][gc,heap        ] GC(212) ParOldGen: 265772K(266240K)->266484K(266752K)
[209.759s][info][gc,metaspace   ] GC(212) Metaspace: 42192K(42624K)->42192K(42624K) NonClass: 37857K(38144K)->37857K(38144K) Class: 4335K(4480K)->4335K(4480K)
[209.759s][info][gc             ] GC(212) Pause Young (Allocation Failure) 503M->281M(539M) 19.423ms
[209.759s][info][gc,cpu         ] GC(212) User=0.04s Sys=0.00s Real=0.02s
[210.663s][info][gc,start       ] GC(213) Pause Young (Allocation Failure)
[210.671s][info][gc,heap        ] GC(213) PSYoungGen: 265529K(285696K)->8067K(286720K) Eden: 244224K(244224K)->0K(244224K) From: 21305K(41472K)->8067K(42496K)
[210.671s][info][gc,heap        ] GC(213) ParOldGen: 266484K(266752K)->267524K(267776K)
[210.671s][info][gc,metaspace   ] GC(213) Metaspace: 42204K(42624K)->42204K(42624K) NonClass: 37868K(38144K)->37868K(38144K) Class: 4335K(4480K)->4335K(4480K)
[210.671s][info][gc             ] GC(213) Pause Young (Allocation Failure) 519M->269M(541M) 8.359ms
[210.671s][info][gc,cpu         ] GC(213) User=0.02s Sys=0.00s Real=0.01s
[211.510s][info][gc,start       ] GC(214) Pause Young (Allocation Failure)
[211.517s][info][gc,heap        ] GC(214) PSYoungGen: 252291K(286720K)->5835K(289792K) Eden: 244224K(244224K)->0K(249344K) From: 8067K(42496K)->5835K(40448K)
[211.517s][info][gc,heap        ] GC(214) ParOldGen: 267524K(267776K)->268660K(268800K)
[211.517s][info][gc,metaspace   ] GC(214) Metaspace: 42205K(42624K)->42205K(42624K) NonClass: 37869K(38144K)->37869K(38144K) Class: 4335K(4480K)->4335K(4480K)
[211.517s][info][gc             ] GC(214) Pause Young (Allocation Failure) 507M->268M(545M) 6.626ms
[211.517s][info][gc,cpu         ] GC(214) User=0.01s Sys=0.00s Real=0.01s
[212.456s][info][gc,start       ] GC(215) Pause Young (Allocation Failure)
[212.477s][info][gc,heap        ] GC(215) PSYoungGen: 255179K(289792K)->23321K(290816K) Eden: 249344K(249344K)->0K(249344K) From: 5835K(40448K)->23321K(41472K)
[212.477s][info][gc,heap        ] GC(215) ParOldGen: 268660K(268800K)->269820K(269824K)
[212.477s][info][gc,metaspace   ] GC(215) Metaspace: 42208K(42624K)->42208K(42624K) NonClass: 37872K(38144K)->37872K(38144K) Class: 4335K(4480K)->4335K(4480K)
[212.477s][info][gc             ] GC(215) Pause Young (Allocation Failure) 511M->286M(547M) 21.409ms
[212.477s][info][gc,cpu         ] GC(215) User=0.04s Sys=0.00s Real=0.02s
[213.446s][info][gc,start       ] GC(216) Pause Young (Allocation Failure)
[213.458s][info][gc,heap        ] GC(216) PSYoungGen: 272665K(290816K)->12596K(289280K) Eden: 249344K(249344K)->0K(250880K) From: 23321K(41472K)->12596K(38400K)
[213.458s][info][gc,heap        ] GC(216) ParOldGen: 269820K(269824K)->270588K(270848K)
[213.458s][info][gc,metaspace   ] GC(216) Metaspace: 42208K(42624K)->42208K(42624K) NonClass: 37873K(38144K)->37873K(38144K) Class: 4335K(4480K)->4335K(4480K)
[213.458s][info][gc             ] GC(216) Pause Young (Allocation Failure) 529M->276M(547M) 12.150ms
[213.458s][info][gc,cpu         ] GC(216) User=0.02s Sys=0.00s Real=0.01s
[214.282s][info][gc,start       ] GC(217) Pause Young (Allocation Failure)
[214.294s][info][gc,heap        ] GC(217) PSYoungGen: 263476K(289280K)->12957K(290816K) Eden: 250880K(250880K)->0K(250880K) From: 12596K(38400K)->12957K(39936K)
[214.294s][info][gc,heap        ] GC(217) ParOldGen: 270588K(270848K)->271740K(271872K)
[214.294s][info][gc,metaspace   ] GC(217) Metaspace: 42209K(42624K)->42209K(42624K) NonClass: 37873K(38144K)->37873K(38144K) Class: 4335K(4480K)->4335K(4480K)
[214.294s][info][gc             ] GC(217) Pause Young (Allocation Failure) 521M->278M(549M) 12.495ms
[214.294s][info][gc,cpu         ] GC(217) User=0.03s Sys=0.00s Real=0.01s
[215.200s][info][gc,start       ] GC(218) Pause Young (Allocation Failure)
[215.211s][info][gc,heap        ] GC(218) PSYoungGen: 263837K(290816K)->9755K(292352K) Eden: 250880K(250880K)->0K(256000K) From: 12957K(39936K)->9755K(36352K)
[215.211s][info][gc,heap        ] GC(218) ParOldGen: 271740K(271872K)->272616K(272896K)
[215.211s][info][gc,metaspace   ] GC(218) Metaspace: 42209K(42624K)->42209K(42624K) NonClass: 37873K(38144K)->37873K(38144K) Class: 4335K(4480K)->4335K(4480K)
[215.211s][info][gc             ] GC(218) Pause Young (Allocation Failure) 523M->275M(552M) 10.682ms
[215.211s][info][gc,cpu         ] GC(218) User=0.02s Sys=0.00s Real=0.02s
[216.176s][info][gc,start       ] GC(219) Pause Young (Allocation Failure)
[216.187s][info][gc,heap        ] GC(219) PSYoungGen: 265755K(292352K)->9579K(292864K) Eden: 256000K(256000K)->0K(256000K) From: 9755K(36352K)->9579K(36864K)
[216.187s][info][gc,heap        ] GC(219) ParOldGen: 272616K(272896K)->273732K(273920K)
[216.187s][info][gc,metaspace   ] GC(219) Metaspace: 42209K(42624K)->42209K(42624K) NonClass: 37873K(38144K)->37873K(38144K) Class: 4335K(4480K)->4335K(4480K)
[216.187s][info][gc             ] GC(219) Pause Young (Allocation Failure) 525M->276M(553M) 10.540ms
[216.187s][info][gc,cpu         ] GC(219) User=0.03s Sys=0.00s Real=0.01s
[217.060s][info][gc,start       ] GC(220) Pause Young (Allocation Failure)
[217.121s][info][gc,heap        ] GC(220) PSYoungGen: 265579K(292864K)->35814K(279552K) Eden: 256000K(256000K)->0K(243712K) From: 9579K(36864K)->35814K(35840K)
[217.121s][info][gc,heap        ] GC(220) ParOldGen: 273732K(273920K)->282667K(283136K)
[217.121s][info][gc,metaspace   ] GC(220) Metaspace: 42209K(42624K)->42209K(42624K) NonClass: 37873K(38144K)->37873K(38144K) Class: 4335K(4480K)->4335K(4480K)
[217.121s][info][gc             ] GC(220) Pause Young (Allocation Failure) 526M->311M(549M) 61.249ms
[217.121s][info][gc,cpu         ] GC(220) User=0.08s Sys=0.01s Real=0.07s
[218.359s][info][gc,start       ] GC(221) Pause Young (Allocation Failure)
[218.402s][info][gc,heap        ] GC(221) PSYoungGen: 279526K(279552K)->21631K(288768K) Eden: 243712K(243712K)->0K(243712K) From: 35814K(35840K)->21631K(45056K)
[218.402s][info][gc,heap        ] GC(221) ParOldGen: 282667K(283136K)->297202K(297472K)
[218.402s][info][gc,metaspace   ] GC(221) Metaspace: 42209K(42624K)->42209K(42624K) NonClass: 37874K(38144K)->37874K(38144K) Class: 4335K(4480K)->4335K(4480K)
[218.402s][info][gc             ] GC(221) Pause Young (Allocation Failure) 549M->311M(572M) 43.876ms
[218.402s][info][gc,cpu         ] GC(221) User=0.08s Sys=0.01s Real=0.05s
[219.218s][info][gc,start       ] GC(222) Pause Young (Allocation Failure)
[219.245s][info][gc,heap        ] GC(222) PSYoungGen: 265343K(288768K)->7325K(286208K) Eden: 243712K(243712K)->0K(245248K) From: 21631K(45056K)->7325K(40960K)
[219.245s][info][gc,heap        ] GC(222) ParOldGen: 297202K(297472K)->312553K(312832K)
[219.245s][info][gc,metaspace   ] GC(222) Metaspace: 42211K(42624K)->42211K(42624K) NonClass: 37876K(38144K)->37876K(38144K) Class: 4335K(4480K)->4335K(4480K)
[219.245s][info][gc             ] GC(222) Pause Young (Allocation Failure) 549M->312M(585M) 27.245ms
[219.245s][info][gc,cpu         ] GC(222) User=0.05s Sys=0.01s Real=0.03s
[219.997s][info][gc,start       ] GC(223) Pause Young (Allocation Failure)
[220.013s][info][gc,heap        ] GC(223) PSYoungGen: 252573K(286208K)->21323K(288256K) Eden: 245248K(245248K)->0K(245248K) From: 7325K(40960K)->21323K(43008K)
[220.014s][info][gc,heap        ] GC(223) ParOldGen: 312553K(312832K)->313457K(313856K)
[220.014s][info][gc,metaspace   ] GC(223) Metaspace: 42223K(42624K)->42223K(42624K) NonClass: 37888K(38144K)->37888K(38144K) Class: 4335K(4480K)->4335K(4480K)
[220.014s][info][gc             ] GC(223) Pause Young (Allocation Failure) 551M->326M(588M) 16.870ms
[220.014s][info][gc,cpu         ] GC(223) User=0.03s Sys=0.00s Real=0.02s
[220.794s][info][gc,start       ] GC(224) Pause Young (Allocation Failure)
[220.808s][info][gc,heap        ] GC(224) PSYoungGen: 266571K(288256K)->3766K(289792K) Eden: 245248K(245248K)->0K(248832K) From: 21323K(43008K)->3766K(40960K)
[220.808s][info][gc,heap        ] GC(224) ParOldGen: 313457K(313856K)->323185K(323584K)
[220.808s][info][gc,metaspace   ] GC(224) Metaspace: 42225K(42624K)->42225K(42624K) NonClass: 37890K(38144K)->37890K(38144K) Class: 4335K(4480K)->4335K(4480K)
[220.808s][info][gc             ] GC(224) Pause Young (Allocation Failure) 566M->319M(599M) 14.171ms
[220.808s][info][gc,cpu         ] GC(224) User=0.02s Sys=0.01s Real=0.01s
[221.675s][info][gc,start       ] GC(225) Pause Young (Allocation Failure)
[221.700s][info][gc,heap        ] GC(225) PSYoungGen: 252598K(289792K)->41983K(290816K) Eden: 248832K(248832K)->0K(248832K) From: 3766K(40960K)->41983K(41984K)
[221.700s][info][gc,heap        ] GC(225) ParOldGen: 323185K(323584K)->323821K(324096K)
[221.700s][info][gc,metaspace   ] GC(225) Metaspace: 42226K(42624K)->42226K(42624K) NonClass: 37891K(38144K)->37891K(38144K) Class: 4335K(4480K)->4335K(4480K)
[221.700s][info][gc             ] GC(225) Pause Young (Allocation Failure) 562M->357M(600M) 25.229ms
[221.700s][info][gc,cpu         ] GC(225) User=0.05s Sys=0.00s Real=0.02s
[222.547s][info][gc,start       ] GC(226) Pause Young (Allocation Failure)
[222.591s][info][gc,heap        ] GC(226) PSYoungGen: 290815K(290816K)->43006K(254976K) Eden: 248832K(248832K)->0K(211968K) From: 41983K(41984K)->43006K(43008K)
[222.591s][info][gc,heap        ] GC(226) ParOldGen: 323821K(324096K)->339451K(339456K)
[222.591s][info][gc,metaspace   ] GC(226) Metaspace: 42228K(42624K)->42228K(42624K) NonClass: 37892K(38144K)->37892K(38144K) Class: 4336K(4480K)->4336K(4480K)
[222.591s][info][gc             ] GC(226) Pause Young (Allocation Failure) 600M->373M(580M) 44.574ms
[222.591s][info][gc,cpu         ] GC(226) User=0.08s Sys=0.02s Real=0.05s
[223.361s][info][gc,start       ] GC(227) Pause Young (Allocation Failure)
[223.484s][info][gc,heap        ] GC(227) PSYoungGen: 254887K(254976K)->60923K(272896K) Eden: 211880K(211968K)->0K(211968K) From: 43006K(43008K)->60923K(60928K)
[223.485s][info][gc,heap        ] GC(227) ParOldGen: 339451K(339456K)->420297K(420352K)
[223.485s][info][gc,metaspace   ] GC(227) Metaspace: 42229K(42624K)->42229K(42624K) NonClass: 37893K(38144K)->37893K(38144K) Class: 4336K(4480K)->4336K(4480K)
[223.485s][info][gc             ] GC(227) Pause Young (Allocation Failure) 580M->469M(677M) 123.833ms
[223.485s][info][gc,cpu         ] GC(227) User=0.18s Sys=0.07s Real=0.12s
[224.228s][info][gc,start       ] GC(228) Pause Young (Allocation Failure)
[224.358s][info][gc,heap        ] GC(228) PSYoungGen: 272891K(272896K)->60919K(172544K) Eden: 211968K(211968K)->0K(111616K) From: 60923K(60928K)->60919K(60928K)
[224.358s][info][gc,heap        ] GC(228) ParOldGen: 420297K(420352K)->500230K(500736K)
[224.358s][info][gc,metaspace   ] GC(228) Metaspace: 42231K(42624K)->42231K(42624K) NonClass: 37894K(38144K)->37894K(38144K) Class: 4336K(4480K)->4336K(4480K)
[224.358s][info][gc             ] GC(228) Pause Young (Allocation Failure) 676M->547M(657M) 130.386ms
[224.358s][info][gc,cpu         ] GC(228) User=0.20s Sys=0.06s Real=0.13s
[224.760s][info][gc,start       ] GC(229) Pause Young (Allocation Failure)
[224.834s][info][gc,heap        ] GC(229) PSYoungGen: 172535K(172544K)->22785K(222720K) Eden: 111616K(111616K)->0K(111616K) From: 60919K(60928K)->22785K(111104K)
[224.834s][info][gc,heap        ] GC(229) ParOldGen: 500230K(500736K)->551086K(551424K)
[224.834s][info][gc,metaspace   ] GC(229) Metaspace: 42231K(42624K)->42231K(42624K) NonClass: 37894K(38144K)->37894K(38144K) Class: 4336K(4480K)->4336K(4480K)
[224.834s][info][gc             ] GC(229) Pause Young (Allocation Failure) 656M->560M(756M) 74.024ms
[224.834s][info][gc,cpu         ] GC(229) User=0.09s Sys=0.05s Real=0.08s
[225.258s][info][gc,start       ] GC(230) Pause Young (Allocation Failure)
[225.279s][info][gc,heap        ] GC(230) PSYoungGen: 134401K(222720K)->17462K(222720K) Eden: 111616K(111616K)->0K(111616K) From: 22785K(111104K)->17462K(111104K)
[225.279s][info][gc,heap        ] GC(230) ParOldGen: 551086K(551424K)->561160K(561664K)
[225.279s][info][gc,metaspace   ] GC(230) Metaspace: 42231K(42624K)->42231K(42624K) NonClass: 37894K(38144K)->37894K(38144K) Class: 4336K(4480K)->4336K(4480K)
[225.279s][info][gc             ] GC(230) Pause Young (Allocation Failure) 669M->565M(766M) 21.279ms
[225.279s][info][gc,cpu         ] GC(230) User=0.04s Sys=0.00s Real=0.02s
[225.729s][info][gc,start       ] GC(231) Pause Young (Allocation Failure)
[225.739s][info][gc,heap        ] GC(231) PSYoungGen: 129078K(222720K)->3420K(222720K) Eden: 111616K(111616K)->0K(111616K) From: 17462K(111104K)->3420K(111104K)
[225.739s][info][gc,heap        ] GC(231) ParOldGen: 561160K(561664K)->561595K(561664K)
[225.739s][info][gc,metaspace   ] GC(231) Metaspace: 42231K(42624K)->42231K(42624K) NonClass: 37894K(38144K)->37894K(38144K) Class: 4336K(4480K)->4336K(4480K)
[225.739s][info][gc             ] GC(231) Pause Young (Allocation Failure) 674M->551M(766M) 10.148ms
[225.739s][info][gc,cpu         ] GC(231) User=0.02s Sys=0.00s Real=0.01s
[226.160s][info][gc,start       ] GC(232) Pause Young (Allocation Failure)
[226.174s][info][gc,heap        ] GC(232) PSYoungGen: 115036K(222720K)->20085K(222720K) Eden: 111616K(111616K)->0K(111616K) From: 3420K(111104K)->20085K(111104K)
[226.174s][info][gc,heap        ] GC(232) ParOldGen: 561595K(561664K)->562228K(562688K)
[226.174s][info][gc,metaspace   ] GC(232) Metaspace: 42231K(42624K)->42231K(42624K) NonClass: 37894K(38144K)->37894K(38144K) Class: 4336K(4480K)->4336K(4480K)
[226.174s][info][gc             ] GC(232) Pause Young (Allocation Failure) 660M->568M(767M) 14.762ms
[226.174s][info][gc,cpu         ] GC(232) User=0.03s Sys=0.00s Real=0.02s
[226.523s][info][gc,start       ] GC(233) Pause Young (Allocation Failure)
[226.536s][info][gc,heap        ] GC(233) PSYoungGen: 131701K(222720K)->19849K(222720K) Eden: 111616K(111616K)->0K(111616K) From: 20085K(111104K)->19849K(111104K)
[226.536s][info][gc,heap        ] GC(233) ParOldGen: 562228K(562688K)->562454K(562688K)
[226.536s][info][gc,metaspace   ] GC(233) Metaspace: 42231K(42624K)->42231K(42624K) NonClass: 37894K(38144K)->37894K(38144K) Class: 4336K(4480K)->4336K(4480K)
[226.536s][info][gc             ] GC(233) Pause Young (Allocation Failure) 677M->568M(767M) 12.531ms
[226.536s][info][gc,cpu         ] GC(233) User=0.03s Sys=0.00s Real=0.01s
[226.903s][info][gc,start       ] GC(234) Pause Young (Allocation Failure)
[226.931s][info][gc,heap        ] GC(234) PSYoungGen: 131382K(222720K)->40346K(212480K) Eden: 111532K(111616K)->0K(111616K) From: 19849K(111104K)->40346K(100864K)
[226.931s][info][gc,heap        ] GC(234) ParOldGen: 562454K(562688K)->563083K(563200K)
[226.931s][info][gc,metaspace   ] GC(234) Metaspace: 42231K(42624K)->42231K(42624K) NonClass: 37894K(38144K)->37894K(38144K) Class: 4336K(4480K)->4336K(4480K)
[226.931s][info][gc             ] GC(234) Pause Young (Allocation Failure) 677M->589M(757M) 27.432ms
[226.931s][info][gc,cpu         ] GC(234) User=0.04s Sys=0.01s Real=0.03s
[227.306s][info][gc,start       ] GC(235) Pause Young (Allocation Failure)
[227.319s][info][gc,heap        ] GC(235) PSYoungGen: 151962K(212480K)->20117K(217600K) Eden: 111616K(111616K)->0K(111616K) From: 40346K(100864K)->20117K(105984K)
[227.319s][info][gc,heap        ] GC(235) ParOldGen: 563083K(563200K)->563410K(563712K)
[227.319s][info][gc,metaspace   ] GC(235) Metaspace: 42231K(42624K)->42231K(42624K) NonClass: 37894K(38144K)->37894K(38144K) Class: 4336K(4480K)->4336K(4480K)
[227.319s][info][gc             ] GC(235) Pause Young (Allocation Failure) 698M->569M(763M) 13.065ms
[227.319s][info][gc,cpu         ] GC(235) User=0.03s Sys=0.00s Real=0.01s
[227.696s][info][gc,start       ] GC(236) Pause Young (Allocation Failure)
[227.703s][info][gc,heap        ] GC(236) PSYoungGen: 131733K(217600K)->8222K(222208K) Eden: 111616K(111616K)->0K(126464K) From: 20117K(105984K)->8222K(95744K)
[227.704s][info][gc,heap        ] GC(236) ParOldGen: 563410K(563712K)->563609K(563712K)
[227.704s][info][gc,metaspace   ] GC(236) Metaspace: 42231K(42624K)->42231K(42624K) NonClass: 37894K(38144K)->37894K(38144K) Class: 4336K(4480K)->4336K(4480K)
[227.704s][info][gc             ] GC(236) Pause Young (Allocation Failure) 678M->558M(767M) 7.600ms
[227.704s][info][gc,cpu         ] GC(236) User=0.02s Sys=0.00s Real=0.01s
[228.113s][info][gc,start       ] GC(237) Pause Young (Allocation Failure)
[228.123s][info][gc,heap        ] GC(237) PSYoungGen: 134686K(222208K)->12518K(225280K) Eden: 126464K(126464K)->0K(126464K) From: 8222K(95744K)->12518K(98816K)
[228.123s][info][gc,heap        ] GC(237) ParOldGen: 563609K(563712K)->563891K(564224K)
[228.123s][info][gc,metaspace   ] GC(237) Metaspace: 42231K(42624K)->42231K(42624K) NonClass: 37894K(38144K)->37894K(38144K) Class: 4336K(4480K)->4336K(4480K)
[228.123s][info][gc             ] GC(237) Pause Young (Allocation Failure) 681M->562M(771M) 9.380ms
[228.123s][info][gc,cpu         ] GC(237) User=0.02s Sys=0.00s Real=0.01s
[228.483s][info][gc,start       ] GC(238) Pause Young (Allocation Failure)
[228.501s][info][gc,heap        ] GC(238) PSYoungGen: 138982K(225280K)->13293K(227840K) Eden: 126464K(126464K)->0K(140288K) From: 12518K(98816K)->13293K(87552K)
[228.501s][info][gc,heap        ] GC(238) ParOldGen: 563891K(564224K)->572761K(572928K)
[228.501s][info][gc,metaspace   ] GC(238) Metaspace: 42231K(42624K)->42231K(42624K) NonClass: 37895K(38144K)->37895K(38144K) Class: 4336K(4480K)->4336K(4480K)
[228.501s][info][gc             ] GC(238) Pause Young (Allocation Failure) 686M->572M(782M) 18.103ms
[228.501s][info][gc,cpu         ] GC(238) User=0.03s Sys=0.01s Real=0.02s
[228.933s][info][gc,start       ] GC(239) Pause Young (Allocation Failure)
[228.948s][info][gc,heap        ] GC(239) PSYoungGen: 153581K(227840K)->1323K(230912K) Eden: 140288K(140288K)->0K(140288K) From: 13293K(87552K)->1323K(90624K)
[228.948s][info][gc,heap        ] GC(239) ParOldGen: 572761K(572928K)->584740K(585216K)
[228.948s][info][gc,metaspace   ] GC(239) Metaspace: 42231K(42624K)->42231K(42624K) NonClass: 37895K(38144K)->37895K(38144K) Class: 4336K(4480K)->4336K(4480K)
[228.948s][info][gc             ] GC(239) Pause Young (Allocation Failure) 709M->572M(797M) 14.564ms
[228.948s][info][gc,cpu         ] GC(239) User=0.01s Sys=0.01s Real=0.01s
[229.364s][info][gc,start       ] GC(240) Pause Young (Allocation Failure)
[229.368s][info][gc,heap        ] GC(240) PSYoungGen: 141611K(230912K)->1176K(236544K) Eden: 140288K(140288K)->0K(154112K) From: 1323K(90624K)->1176K(82432K)
[229.368s][info][gc,heap        ] GC(240) ParOldGen: 584740K(585216K)->584941K(585216K)
[229.368s][info][gc,metaspace   ] GC(240) Metaspace: 42231K(42624K)->42231K(42624K) NonClass: 37895K(38144K)->37895K(38144K) Class: 4336K(4480K)->4336K(4480K)
[229.368s][info][gc             ] GC(240) Pause Young (Allocation Failure) 709M->572M(802M) 3.493ms
[229.368s][info][gc,cpu         ] GC(240) User=0.00s Sys=0.00s Real=0.00s
[229.780s][info][gc,start       ] GC(241) Pause Young (Allocation Failure)
[229.785s][info][gc,heap        ] GC(241) PSYoungGen: 155288K(236544K)->3356K(240640K) Eden: 154112K(154112K)->0K(154112K) From: 1176K(82432K)->3356K(86528K)
[229.786s][info][gc,heap        ] GC(241) ParOldGen: 584941K(585216K)->585293K(585728K)
[229.786s][info][gc,metaspace   ] GC(241) Metaspace: 42234K(42624K)->42234K(42624K) NonClass: 37898K(38144K)->37898K(38144K) Class: 4336K(4480K)->4336K(4480K)
[229.786s][info][gc             ] GC(241) Pause Young (Allocation Failure) 722M->574M(807M) 5.257ms
[229.786s][info][gc,cpu         ] GC(241) User=0.01s Sys=0.00s Real=0.01s
[230.053s][info][gc,start       ] GC(242) Pause Young (Allocation Failure)
[230.058s][info][gc,heap        ] GC(242) PSYoungGen: 157468K(240640K)->1518K(240128K) Eden: 154112K(154112K)->0K(163840K) From: 3356K(86528K)->1518K(76288K)
[230.058s][info][gc,heap        ] GC(242) ParOldGen: 585293K(585728K)->587084K(587264K)
[230.058s][info][gc,metaspace   ] GC(242) Metaspace: 42234K(42624K)->42234K(42624K) NonClass: 37898K(38144K)->37898K(38144K) Class: 4336K(4480K)->4336K(4480K)
[230.058s][info][gc             ] GC(242) Pause Young (Allocation Failure) 725M->574M(808M) 5.016ms
[230.058s][info][gc,cpu         ] GC(242) User=0.01s Sys=0.00s Real=0.00s
[230.340s][info][gc,start       ] GC(243) Pause Young (Allocation Failure)
[230.344s][info][gc,heap        ] GC(243) PSYoungGen: 165358K(240128K)->2830K(244224K) Eden: 163840K(163840K)->0K(163840K) From: 1518K(76288K)->2830K(80384K)
[230.344s][info][gc,heap        ] GC(243) ParOldGen: 587084K(587264K)->587148K(587264K)
[230.344s][info][gc,metaspace   ] GC(243) Metaspace: 42234K(42624K)->42234K(42624K) NonClass: 37898K(38144K)->37898K(38144K) Class: 4336K(4480K)->4336K(4480K)
[230.344s][info][gc             ] GC(243) Pause Young (Allocation Failure) 734M->576M(812M) 4.429ms
[230.344s][info][gc,cpu         ] GC(243) User=0.01s Sys=0.00s Real=0.01s
[230.653s][info][gc,start       ] GC(244) Pause Young (Allocation Failure)
[230.662s][info][gc,heap        ] GC(244) PSYoungGen: 165520K(244224K)->10158K(242688K) Eden: 162689K(163840K)->0K(176640K) From: 2830K(80384K)->10158K(66048K)
[230.662s][info][gc,heap        ] GC(244) ParOldGen: 587148K(587264K)->587385K(587776K)
[230.662s][info][gc,metaspace   ] GC(244) Metaspace: 42238K(42624K)->42238K(42624K) NonClass: 37902K(38144K)->37902K(38144K) Class: 4336K(4480K)->4336K(4480K)
[230.662s][info][gc             ] GC(244) Pause Young (Allocation Failure) 735M->583M(811M) 8.606ms
[230.662s][info][gc,cpu         ] GC(244) User=0.02s Sys=0.00s Real=0.01s
[230.876s][info][gc,start       ] GC(245) Pause Young (Allocation Failure)
[230.888s][info][gc,heap        ] GC(245) PSYoungGen: 186588K(242688K)->1024K(248320K) Eden: 176430K(176640K)->0K(176640K) From: 10158K(66048K)->1024K(71680K)
[230.888s][info][gc,heap        ] GC(245) ParOldGen: 587385K(587776K)->597327K(597504K)
[230.888s][info][gc,metaspace   ] GC(245) Metaspace: 42238K(42624K)->42238K(42624K) NonClass: 37902K(38144K)->37902K(38144K) Class: 4336K(4480K)->4336K(4480K)
[230.888s][info][gc             ] GC(245) Pause Young (Allocation Failure) 755M->584M(826M) 12.175ms
[230.888s][info][gc,cpu         ] GC(245) User=0.02s Sys=0.00s Real=0.01s
[231.111s][info][gc,start       ] GC(246) Pause Young (Allocation Failure)
[231.117s][info][gc,heap        ] GC(246) PSYoungGen: 175968K(248320K)->1624K(253440K) Eden: 174944K(176640K)->0K(193536K) From: 1024K(71680K)->1624K(59904K)
[231.117s][info][gc,heap        ] GC(246) ParOldGen: 597327K(597504K)->598321K(598528K)
[231.117s][info][gc,metaspace   ] GC(246) Metaspace: 42238K(42624K)->42238K(42624K) NonClass: 37902K(38144K)->37902K(38144K) Class: 4336K(4480K)->4336K(4480K)
[231.117s][info][gc             ] GC(246) Pause Young (Allocation Failure) 755M->585M(832M) 5.463ms
[231.117s][info][gc,cpu         ] GC(246) User=0.01s Sys=0.00s Real=0.00s
[231.367s][info][gc,start       ] GC(247) Pause Young (Allocation Failure)
[231.374s][info][gc,heap        ] GC(247) PSYoungGen: 193356K(253440K)->2628K(259072K) Eden: 191732K(193536K)->0K(193536K) From: 1624K(59904K)->2628K(65536K)
[231.374s][info][gc,heap        ] GC(247) ParOldGen: 598321K(598528K)->599952K(600064K)
[231.374s][info][gc,metaspace   ] GC(247) Metaspace: 42238K(42624K)->42238K(42624K) NonClass: 37902K(38144K)->37902K(38144K) Class: 4336K(4480K)->4336K(4480K)
[231.374s][info][gc             ] GC(247) Pause Young (Allocation Failure) 773M->588M(839M) 6.910ms
[231.374s][info][gc,cpu         ] GC(247) User=0.01s Sys=0.00s Real=0.01s
[231.624s][info][gc,start       ] GC(248) Pause Young (Allocation Failure)
[231.636s][info][gc,heap        ] GC(248) PSYoungGen: 195894K(259072K)->3202K(258560K) Eden: 193265K(193536K)->0K(205824K) From: 2628K(65536K)->3202K(52736K)
[231.636s][info][gc,heap        ] GC(248) ParOldGen: 599952K(600064K)->602583K(602624K)
[231.636s][info][gc,metaspace   ] GC(248) Metaspace: 42256K(42624K)->42256K(42624K) NonClass: 37917K(38144K)->37917K(38144K) Class: 4338K(4480K)->4338K(4480K)
[231.636s][info][gc             ] GC(248) Pause Young (Allocation Failure) 777M->591M(841M) 12.398ms
[231.636s][info][gc,cpu         ] GC(248) User=0.02s Sys=0.00s Real=0.01s
[231.926s][info][gc,start       ] GC(249) Pause Young (Allocation Failure)
[231.938s][info][gc,heap        ] GC(249) PSYoungGen: 208586K(258560K)->6441K(264704K) Eden: 205384K(205824K)->0K(205824K) From: 3202K(52736K)->6441K(58880K)
[231.938s][info][gc,heap        ] GC(249) ParOldGen: 602583K(602624K)->605787K(606208K)
[231.938s][info][gc,metaspace   ] GC(249) Metaspace: 42259K(42624K)->42259K(42624K) NonClass: 37920K(38144K)->37920K(38144K) Class: 4338K(4480K)->4338K(4480K)
[231.938s][info][gc             ] GC(249) Pause Young (Allocation Failure) 792M->597M(850M) 12.660ms
[231.938s][info][gc,cpu         ] GC(249) User=0.02s Sys=0.00s Real=0.01s
[232.214s][info][gc,start       ] GC(250) Pause Young (Allocation Failure)
[232.230s][info][gc,heap        ] GC(250) PSYoungGen: 210534K(264704K)->4513K(266752K) Eden: 204093K(205824K)->0K(220160K) From: 6441K(58880K)->4513K(46592K)
[232.230s][info][gc,heap        ] GC(250) ParOldGen: 605787K(606208K)->612324K(612352K)
[232.230s][info][gc,metaspace   ] GC(250) Metaspace: 42259K(42624K)->42259K(42624K) NonClass: 37921K(38144K)->37921K(38144K) Class: 4338K(4480K)->4338K(4480K)
[232.230s][info][gc             ] GC(250) Pause Young (Allocation Failure) 797M->602M(858M) 15.744ms
[232.230s][info][gc,cpu         ] GC(250) User=0.02s Sys=0.01s Real=0.01s
[232.536s][info][gc,start       ] GC(251) Pause Young (Allocation Failure)
[232.550s][info][gc,heap        ] GC(251) PSYoungGen: 224673K(266752K)->6041K(271872K) Eden: 220160K(220160K)->0K(220160K) From: 4513K(46592K)->6041K(51712K)
[232.550s][info][gc,heap        ] GC(251) ParOldGen: 612324K(612352K)->616887K(616960K)
[232.550s][info][gc,metaspace   ] GC(251) Metaspace: 42259K(42624K)->42259K(42624K) NonClass: 37921K(38144K)->37921K(38144K) Class: 4338K(4480K)->4338K(4480K)
[232.550s][info][gc             ] GC(251) Pause Young (Allocation Failure) 817M->608M(868M) 14.637ms
[232.550s][info][gc,cpu         ] GC(251) User=0.02s Sys=0.00s Real=0.01s
[233.053s][info][gc,start       ] GC(252) Pause Young (Allocation Failure)
[233.073s][info][gc,heap        ] GC(252) PSYoungGen: 226201K(271872K)->11962K(274432K) Eden: 220160K(220160K)->0K(233984K) From: 6041K(51712K)->11962K(40448K)
[233.073s][info][gc,heap        ] GC(252) ParOldGen: 616887K(616960K)->622883K(623104K)
[233.073s][info][gc,metaspace   ] GC(252) Metaspace: 42267K(42624K)->42267K(42624K) NonClass: 37929K(38144K)->37929K(38144K) Class: 4338K(4480K)->4338K(4480K)
[233.073s][info][gc             ] GC(252) Pause Young (Allocation Failure) 823M->619M(876M) 19.316ms
[233.073s][info][gc,cpu         ] GC(252) User=0.03s Sys=0.01s Real=0.02s
[233.680s][info][gc,start       ] GC(253) Pause Young (Allocation Failure)
[233.699s][info][gc,heap        ] GC(253) PSYoungGen: 245946K(274432K)->4689K(279040K) Eden: 233984K(233984K)->0K(233984K) From: 11962K(40448K)->4689K(45056K)
[233.699s][info][gc,heap        ] GC(253) ParOldGen: 622883K(623104K)->633698K(633856K)
[233.699s][info][gc,metaspace   ] GC(253) Metaspace: 42299K(42688K)->42299K(42688K) NonClass: 37961K(38208K)->37961K(38208K) Class: 4338K(4480K)->4338K(4480K)
[233.699s][info][gc             ] GC(253) Pause Young (Allocation Failure) 848M->623M(891M) 19.708ms
[233.699s][info][gc,cpu         ] GC(253) User=0.02s Sys=0.02s Real=0.02s
[234.290s][info][gc,start       ] GC(254) Pause Young (Allocation Failure)
[234.294s][info][gc,heap        ] GC(254) PSYoungGen: 238673K(279040K)->2161K(282624K) Eden: 233984K(233984K)->0K(246272K) From: 4689K(45056K)->2161K(36352K)
[234.294s][info][gc,heap        ] GC(254) ParOldGen: 633698K(633856K)->633884K(634368K)
[234.294s][info][gc,metaspace   ] GC(254) Metaspace: 42301K(42688K)->42301K(42688K) NonClass: 37962K(38208K)->37962K(38208K) Class: 4338K(4480K)->4338K(4480K)
[234.294s][info][gc             ] GC(254) Pause Young (Allocation Failure) 851M->621M(895M) 4.564ms
[234.294s][info][gc,cpu         ] GC(254) User=0.01s Sys=0.00s Real=0.01s
[234.906s][info][gc,start       ] GC(255) Pause Young (Allocation Failure)
[234.910s][info][gc,heap        ] GC(255) PSYoungGen: 248433K(282624K)->2386K(286720K) Eden: 246272K(246272K)->0K(246272K) From: 2161K(36352K)->2386K(40448K)
[234.910s][info][gc,heap        ] GC(255) ParOldGen: 633884K(634368K)->633892K(634368K)
[234.910s][info][gc,metaspace   ] GC(255) Metaspace: 42303K(42688K)->42303K(42688K) NonClass: 37965K(38208K)->37965K(38208K) Class: 4338K(4480K)->4338K(4480K)
[234.910s][info][gc             ] GC(255) Pause Young (Allocation Failure) 861M->621M(899M) 4.316ms
[234.910s][info][gc,cpu         ] GC(255) User=0.01s Sys=0.00s Real=0.00s
[235.610s][info][gc,start       ] GC(256) Pause Young (Allocation Failure)
[235.617s][info][gc,heap        ] GC(256) PSYoungGen: 248658K(286720K)->6866K(286208K) Eden: 246272K(246272K)->0K(254976K) From: 2386K(40448K)->6866K(31232K)
[235.617s][info][gc,heap        ] GC(256) ParOldGen: 633892K(634368K)->633948K(634368K)
[235.617s][info][gc,metaspace   ] GC(256) Metaspace: 42372K(42752K)->42372K(42752K) NonClass: 38034K(38272K)->38034K(38272K) Class: 4338K(4480K)->4338K(4480K)
[235.617s][info][gc             ] GC(256) Pause Young (Allocation Failure) 861M->625M(899M) 6.768ms
[235.617s][info][gc,cpu         ] GC(256) User=0.01s Sys=0.00s Real=0.01s
[236.659s][info][gc,start       ] GC(257) Pause Young (Allocation Failure)
[236.665s][info][gc,heap        ] GC(257) PSYoungGen: 261842K(286208K)->3090K(290816K) Eden: 254976K(254976K)->0K(254976K) From: 6866K(31232K)->3090K(35840K)
[236.665s][info][gc,heap        ] GC(257) ParOldGen: 633948K(634368K)->634076K(634368K)
[236.665s][info][gc,metaspace   ] GC(257) Metaspace: 42482K(42880K)->42482K(42880K) NonClass: 38144K(38400K)->38144K(38400K) Class: 4338K(4480K)->4338K(4480K)
[236.665s][info][gc             ] GC(257) Pause Young (Allocation Failure) 874M->622M(903M) 6.149ms
[236.665s][info][gc,cpu         ] GC(257) User=0.01s Sys=0.00s Real=0.01s
[237.912s][info][gc,start       ] GC(258) Pause Young (Allocation Failure)
[237.933s][info][gc,heap        ] GC(258) PSYoungGen: 258066K(290816K)->18020K(296960K) Eden: 254976K(254976K)->0K(263168K) From: 3090K(35840K)->18020K(33792K)
[237.933s][info][gc,heap        ] GC(258) ParOldGen: 634076K(634368K)->636878K(636928K)
[237.933s][info][gc,metaspace   ] GC(258) Metaspace: 42545K(42944K)->42545K(42944K) NonClass: 38207K(38464K)->38207K(38464K) Class: 4338K(4480K)->4338K(4480K)
[237.933s][info][gc             ] GC(258) Pause Young (Allocation Failure) 871M->639M(912M) 21.185ms
[237.933s][info][gc,cpu         ] GC(258) User=0.04s Sys=0.01s Real=0.02s
[238.582s][info][gc,start       ] GC(259) Pause Young (Allocation Failure)
[238.636s][info][gc,heap        ] GC(259) PSYoungGen: 281188K(296960K)->29772K(293376K) Eden: 263168K(263168K)->0K(263168K) From: 18020K(33792K)->29772K(30208K)
[238.636s][info][gc,heap        ] GC(259) ParOldGen: 636878K(636928K)->654442K(654848K)
[238.636s][info][gc,metaspace   ] GC(259) Metaspace: 42545K(42944K)->42545K(42944K) NonClass: 38207K(38464K)->38207K(38464K) Class: 4338K(4480K)->4338K(4480K)
[238.636s][info][gc             ] GC(259) Pause Young (Allocation Failure) 896M->668M(926M) 54.565ms
[238.636s][info][gc,cpu         ] GC(259) User=0.09s Sys=0.01s Real=0.05s
[239.237s][info][gc,start       ] GC(260) Pause Full (Allocation Failure)
[239.238s][info][gc,phases,start] GC(260) Marking Phase
[239.356s][info][gc,phases      ] GC(260) Marking Phase 118.019ms
[239.356s][info][gc,phases,start] GC(260) Summary Phase
[239.356s][info][gc,phases      ] GC(260) Summary Phase 0.032ms
[239.356s][info][gc,phases,start] GC(260) Forward
[239.383s][info][gc,phases      ] GC(260) Forward 27.694ms
[239.383s][info][gc,phases,start] GC(260) Adjust Pointers
[239.459s][info][gc,phases      ] GC(260) Adjust Pointers 75.878ms
[239.459s][info][gc,phases,start] GC(260) Compaction Phase
[239.495s][info][gc,phases      ] GC(260) Compaction Phase 36.050ms
[239.496s][info][gc,phases,start] GC(260) Post Compact
[239.499s][info][gc,phases      ] GC(260) Post Compact 2.954ms
[239.534s][info][gc,heap        ] GC(260) PSYoungGen: 292940K(293376K)->0K(293376K) Eden: 263168K(263168K)->0K(252928K) From: 29772K(30208K)->0K(40448K)
[239.534s][info][gc,heap        ] GC(260) ParOldGen: 654442K(654848K)->132047K(229376K)
[239.534s][info][gc,metaspace   ] GC(260) Metaspace: 42545K(42944K)->42545K(42944K) NonClass: 38207K(38464K)->38207K(38464K) Class: 4338K(4480K)->4338K(4480K)
[239.534s][info][gc             ] GC(260) Pause Full (Allocation Failure) 925M->128M(510M) 296.568ms
[239.534s][info][gc,cpu         ] GC(260) User=0.46s Sys=0.04s Real=0.30s
[243.005s][info][gc,start       ] GC(261) Pause Young (Allocation Failure)
[243.025s][info][gc,heap        ] GC(261) PSYoungGen: 252928K(293376K)->18032K(271360K) Eden: 252928K(252928K)->0K(252928K) From: 0K(40448K)->18032K(18432K)
[243.025s][info][gc,heap        ] GC(261) ParOldGen: 132047K(229376K)->132047K(229376K)
[243.025s][info][gc,metaspace   ] GC(261) Metaspace: 42562K(43008K)->42562K(43008K) NonClass: 38224K(38528K)->38224K(38528K) Class: 4338K(4480K)->4338K(4480K)
[243.025s][info][gc             ] GC(261) Pause Young (Allocation Failure) 375M->146M(489M) 20.257ms
[243.025s][info][gc,cpu         ] GC(261) User=0.04s Sys=0.00s Real=0.02s
[243.901s][info][gc,start       ] GC(262) Pause Young (Allocation Failure)
[243.928s][info][gc,heap        ] GC(262) PSYoungGen: 270960K(271360K)->15740K(293888K) Eden: 252928K(252928K)->0K(253952K) From: 18032K(18432K)->15740K(39936K)
[243.928s][info][gc,heap        ] GC(262) ParOldGen: 132047K(229376K)->149967K(229376K)
[243.928s][info][gc,metaspace   ] GC(262) Metaspace: 42573K(43008K)->42573K(43008K) NonClass: 38235K(38528K)->38235K(38528K) Class: 4338K(4480K)->4338K(4480K)
[243.928s][info][gc             ] GC(262) Pause Young (Allocation Failure) 393M->161M(511M) 27.796ms
[243.929s][info][gc,cpu         ] GC(262) User=0.05s Sys=0.00s Real=0.02s
[244.600s][info][gc,start       ] GC(263) Pause Young (Allocation Failure)
[244.647s][info][gc,heap        ] GC(263) PSYoungGen: 269692K(293888K)->31800K(286208K) Eden: 253952K(253952K)->0K(253952K) From: 15740K(39936K)->31800K(32256K)
[244.647s][info][gc,heap        ] GC(263) ParOldGen: 149967K(229376K)->165251K(229376K)
[244.647s][info][gc,metaspace   ] GC(263) Metaspace: 42573K(43008K)->42573K(43008K) NonClass: 38235K(38528K)->38235K(38528K) Class: 4338K(4480K)->4338K(4480K)
[244.647s][info][gc             ] GC(263) Pause Young (Allocation Failure) 409M->192M(503M) 46.582ms
[244.647s][info][gc,cpu         ] GC(263) User=0.09s Sys=0.00s Real=0.05s
[245.317s][info][gc,start       ] GC(264) Pause Young (Allocation Failure)
[245.375s][info][gc,heap        ] GC(264) PSYoungGen: 285752K(286208K)->31520K(283136K) Eden: 253952K(253952K)->0K(239616K) From: 31800K(32256K)->31520K(43520K)
[245.375s][info][gc,heap        ] GC(264) ParOldGen: 165251K(229376K)->195587K(229376K)
[245.375s][info][gc,metaspace   ] GC(264) Metaspace: 42573K(43008K)->42573K(43008K) NonClass: 38235K(38528K)->38235K(38528K) Class: 4338K(4480K)->4338K(4480K)
[245.375s][info][gc             ] GC(264) Pause Young (Allocation Failure) 440M->221M(500M) 58.595ms
[245.375s][info][gc,cpu         ] GC(264) User=0.12s Sys=0.00s Real=0.06s
[247.039s][info][gc,start       ] GC(265) Pause Young (Allocation Failure)
[247.077s][info][gc,heap        ] GC(265) PSYoungGen: 271136K(283136K)->14644K(286720K) Eden: 239616K(239616K)->0K(239616K) From: 31520K(43520K)->14644K(47104K)
[247.077s][info][gc,heap        ] GC(265) ParOldGen: 195587K(229376K)->227332K(229376K)
[247.077s][info][gc,metaspace   ] GC(265) Metaspace: 42573K(43008K)->42573K(43008K) NonClass: 38235K(38528K)->38235K(38528K) Class: 4338K(4480K)->4338K(4480K)
[247.077s][info][gc             ] GC(265) Pause Young (Allocation Failure) 455M->236M(504M) 38.243ms
[247.077s][info][gc,cpu         ] GC(265) User=0.07s Sys=0.00s Real=0.04s
[248.415s][info][gc,start       ] GC(266) Pause Young (Allocation Failure)
[248.437s][info][gc,heap        ] GC(266) PSYoungGen: 254260K(286720K)->7551K(283136K) Eden: 239616K(239616K)->0K(242688K) From: 14644K(47104K)->7551K(40448K)
[248.437s][info][gc,heap        ] GC(266) ParOldGen: 227332K(229376K)->240187K(240640K)
[248.437s][info][gc,metaspace   ] GC(266) Metaspace: 42573K(43008K)->42573K(43008K) NonClass: 38235K(38528K)->38235K(38528K) Class: 4338K(4480K)->4338K(4480K)
[248.437s][info][gc             ] GC(266) Pause Young (Allocation Failure) 470M->241M(511M) 22.785ms
[248.437s][info][gc,cpu         ] GC(266) User=0.03s Sys=0.01s Real=0.02s
[249.944s][info][gc,start       ] GC(267) Pause Young (Allocation Failure)
[249.977s][info][gc,heap        ] GC(267) PSYoungGen: 250239K(283136K)->24921K(285184K) Eden: 242688K(242688K)->0K(242688K) From: 7551K(40448K)->24921K(42496K)
[249.977s][info][gc,heap        ] GC(267) ParOldGen: 240187K(240640K)->247536K(247808K)
[249.977s][info][gc,metaspace   ] GC(267) Metaspace: 42574K(43008K)->42574K(43008K) NonClass: 38236K(38528K)->38236K(38528K) Class: 4338K(4480K)->4338K(4480K)
[249.977s][info][gc             ] GC(267) Pause Young (Allocation Failure) 478M->266M(520M) 32.463ms
[249.977s][info][gc,cpu         ] GC(267) User=0.06s Sys=0.01s Real=0.03s
[251.512s][info][gc,start       ] GC(268) Pause Young (Allocation Failure)
[251.564s][info][gc,heap        ] GC(268) PSYoungGen: 267609K(285184K)->22758K(290304K) Eden: 242688K(242688K)->0K(246784K) From: 24921K(42496K)->22758K(43520K)
[251.564s][info][gc,heap        ] GC(268) ParOldGen: 247536K(247808K)->272494K(272896K)
[251.564s][info][gc,metaspace   ] GC(268) Metaspace: 42574K(43008K)->42574K(43008K) NonClass: 38236K(38528K)->38236K(38528K) Class: 4338K(4480K)->4338K(4480K)
[251.564s][info][gc             ] GC(268) Pause Young (Allocation Failure) 503M->288M(550M) 51.676ms
[251.564s][info][gc,cpu         ] GC(268) User=0.08s Sys=0.02s Real=0.05s
[252.626s][info][gc,start       ] GC(269) Pause Young (Allocation Failure)
[252.682s][info][gc,heap        ] GC(269) PSYoungGen: 269542K(290304K)->31758K(279040K) Eden: 246784K(246784K)->0K(246784K) From: 22758K(43520K)->31758K(32256K)
[252.682s][info][gc,heap        ] GC(269) ParOldGen: 272494K(272896K)->295290K(295424K)
[252.682s][info][gc,metaspace   ] GC(269) Metaspace: 42574K(43008K)->42574K(43008K) NonClass: 38236K(38528K)->38236K(38528K) Class: 4338K(4480K)->4338K(4480K)
[252.683s][info][gc             ] GC(269) Pause Young (Allocation Failure) 529M->319M(561M) 56.714ms
[252.683s][info][gc,cpu         ] GC(269) User=0.09s Sys=0.02s Real=0.06s
[253.334s][info][gc,start       ] GC(270) Pause Young (Allocation Failure)
[253.405s][info][gc,heap        ] GC(270) PSYoungGen: 278542K(279040K)->30936K(283136K) Eden: 246784K(246784K)->0K(236544K) From: 31758K(32256K)->30936K(46592K)
[253.405s][info][gc,heap        ] GC(270) ParOldGen: 295290K(295424K)->326743K(327168K)
[253.405s][info][gc,metaspace   ] GC(270) Metaspace: 42574K(43008K)->42574K(43008K) NonClass: 38236K(38528K)->38236K(38528K) Class: 4338K(4480K)->4338K(4480K)
[253.405s][info][gc             ] GC(270) Pause Young (Allocation Failure) 560M->349M(596M) 70.876ms
[253.405s][info][gc,cpu         ] GC(270) User=0.11s Sys=0.03s Real=0.07s
[254.040s][info][gc,start       ] GC(271) Pause Young (Allocation Failure)
[254.109s][info][gc,heap        ] GC(271) PSYoungGen: 267480K(283136K)->29824K(266752K) Eden: 236544K(236544K)->0K(236544K) From: 30936K(46592K)->29824K(30208K)
[254.109s][info][gc,heap        ] GC(271) ParOldGen: 326743K(327168K)->356231K(356352K)
[254.109s][info][gc,metaspace   ] GC(271) Metaspace: 42574K(43008K)->42574K(43008K) NonClass: 38236K(38528K)->38236K(38528K) Class: 4338K(4480K)->4338K(4480K)
[254.109s][info][gc             ] GC(271) Pause Young (Allocation Failure) 580M->377M(608M) 68.874ms
[254.109s][info][gc,cpu         ] GC(271) User=0.11s Sys=0.01s Real=0.07s
[255.719s][info][gc,start       ] GC(272) Pause Young (Allocation Failure)
[255.774s][info][gc,heap        ] GC(272) PSYoungGen: 266368K(266752K)->14192K(286208K) Eden: 236544K(236544K)->0K(236544K) From: 29824K(30208K)->14192K(49664K)
[255.774s][info][gc,heap        ] GC(272) ParOldGen: 356231K(356352K)->386288K(386560K)
[255.774s][info][gc,metaspace   ] GC(272) Metaspace: 42574K(43008K)->42574K(43008K) NonClass: 38236K(38528K)->38236K(38528K) Class: 4338K(4480K)->4338K(4480K)
[255.774s][info][gc             ] GC(272) Pause Young (Allocation Failure) 608M->391M(657M) 55.615ms
[255.774s][info][gc,cpu         ] GC(272) User=0.10s Sys=0.01s Real=0.06s
[256.872s][info][gc,start       ] GC(273) Pause Young (Allocation Failure)
[256.898s][info][gc,heap        ] GC(273) PSYoungGen: 250736K(286208K)->10760K(247808K) Eden: 236544K(236544K)->0K(236544K) From: 14192K(49664K)->10760K(11264K)
[256.898s][info][gc,heap        ] GC(273) ParOldGen: 386288K(386560K)->399976K(400384K)
[256.898s][info][gc,metaspace   ] GC(273) Metaspace: 42574K(43008K)->42574K(43008K) NonClass: 38236K(38528K)->38236K(38528K) Class: 4338K(4480K)->4338K(4480K)
[256.899s][info][gc             ] GC(273) Pause Young (Allocation Failure) 622M->401M(633M) 26.935ms
[256.899s][info][gc,cpu         ] GC(273) User=0.05s Sys=0.01s Real=0.02s
[258.377s][info][gc,start       ] GC(274) Pause Young (Allocation Failure)
[258.415s][info][gc,heap        ] GC(274) PSYoungGen: 247304K(247808K)->25739K(283648K) Eden: 236544K(236544K)->0K(237056K) From: 10760K(11264K)->25739K(46592K)
[258.415s][info][gc,heap        ] GC(274) ParOldGen: 399976K(400384K)->410711K(411136K)
[258.415s][info][gc,metaspace   ] GC(274) Metaspace: 42574K(43008K)->42574K(43008K) NonClass: 38236K(38528K)->38236K(38528K) Class: 4338K(4480K)->4338K(4480K)
[258.415s][info][gc             ] GC(274) Pause Young (Allocation Failure) 632M->426M(678M) 38.154ms
[258.415s][info][gc,cpu         ] GC(274) User=0.07s Sys=0.01s Real=0.04s
[259.827s][info][gc,start       ] GC(275) Pause Young (Allocation Failure)
[259.881s][info][gc,heap        ] GC(275) PSYoungGen: 262795K(283648K)->22671K(283136K) Eden: 237056K(237056K)->0K(237056K) From: 25739K(46592K)->22671K(46080K)
[259.881s][info][gc,heap        ] GC(275) ParOldGen: 410711K(411136K)->436093K(436224K)
[259.881s][info][gc,metaspace   ] GC(275) Metaspace: 42574K(43008K)->42574K(43008K) NonClass: 38236K(38528K)->38236K(38528K) Class: 4338K(4480K)->4338K(4480K)
[259.881s][info][gc             ] GC(275) Pause Young (Allocation Failure) 657M->448M(702M) 53.873ms
[259.881s][info][gc,cpu         ] GC(275) User=0.09s Sys=0.02s Real=0.06s
[261.101s][info][gc,start       ] GC(276) Pause Young (Allocation Failure)
[261.151s][info][gc,heap        ] GC(276) PSYoungGen: 259727K(283136K)->28662K(284672K) Eden: 237056K(237056K)->0K(240128K) From: 22671K(46080K)->28662K(44544K)
[261.151s][info][gc,heap        ] GC(276) ParOldGen: 436093K(436224K)->458562K(458752K)
[261.151s][info][gc,metaspace   ] GC(276) Metaspace: 42579K(43008K)->42579K(43008K) NonClass: 38240K(38528K)->38240K(38528K) Class: 4338K(4480K)->4338K(4480K)
[261.152s][info][gc             ] GC(276) Pause Young (Allocation Failure) 679M->475M(726M) 50.088ms
[261.152s][info][gc,cpu         ] GC(276) User=0.08s Sys=0.01s Real=0.05s
[262.102s][info][gc,start       ] GC(277) Pause Young (Allocation Failure)
[262.135s][info][gc,heap        ] GC(277) PSYoungGen: 268790K(284672K)->11949K(285696K) Eden: 240128K(240128K)->0K(240128K) From: 28662K(44544K)->11949K(45568K)
[262.135s][info][gc,heap        ] GC(277) ParOldGen: 458562K(458752K)->479231K(479232K)
[262.135s][info][gc,metaspace   ] GC(277) Metaspace: 42596K(43072K)->42596K(43072K) NonClass: 38258K(38592K)->38258K(38592K) Class: 4338K(4480K)->4338K(4480K)
[262.135s][info][gc             ] GC(277) Pause Young (Allocation Failure) 710M->479M(747M) 33.288ms
[262.135s][info][gc,cpu         ] GC(277) User=0.05s Sys=0.01s Real=0.03s
[263.024s][info][gc,start       ] GC(278) Pause Young (Allocation Failure)
[263.042s][info][gc,heap        ] GC(278) PSYoungGen: 252077K(285696K)->19932K(283136K) Eden: 240128K(240128K)->0K(243712K) From: 11949K(45568K)->19932K(39424K)
[263.042s][info][gc,heap        ] GC(278) ParOldGen: 479231K(479232K)->480071K(480256K)
[263.042s][info][gc,metaspace   ] GC(278) Metaspace: 42596K(43072K)->42596K(43072K) NonClass: 38258K(38592K)->38258K(38592K) Class: 4338K(4480K)->4338K(4480K)
[263.042s][info][gc             ] GC(278) Pause Young (Allocation Failure) 714M->488M(745M) 17.934ms
[263.042s][info][gc,cpu         ] GC(278) User=0.04s Sys=0.00s Real=0.02s
[264.033s][info][gc,start       ] GC(279) Pause Young (Allocation Failure)
[264.039s][info][gc,heap        ] GC(279) PSYoungGen: 263644K(283136K)->4436K(285696K) Eden: 243712K(243712K)->0K(243712K) From: 19932K(39424K)->4436K(41984K)
[264.039s][info][gc,heap        ] GC(279) ParOldGen: 480071K(480256K)->481248K(481280K)
[264.039s][info][gc,metaspace   ] GC(279) Metaspace: 42596K(43072K)->42596K(43072K) NonClass: 38258K(38592K)->38258K(38592K) Class: 4338K(4480K)->4338K(4480K)
[264.039s][info][gc             ] GC(279) Pause Young (Allocation Failure) 726M->474M(749M) 6.001ms
[264.039s][info][gc,cpu         ] GC(279) User=0.01s Sys=0.00s Real=0.00s
[264.847s][info][gc,start       ] GC(280) Pause Young (Allocation Failure)
[264.852s][info][gc,heap        ] GC(280) PSYoungGen: 248148K(285696K)->3732K(291328K) Eden: 243712K(243712K)->0K(248832K) From: 4436K(41984K)->3732K(42496K)
[264.853s][info][gc,heap        ] GC(280) ParOldGen: 481248K(481280K)->482488K(482816K)
[264.853s][info][gc,metaspace   ] GC(280) Metaspace: 42607K(43072K)->42607K(43072K) NonClass: 38266K(38592K)->38266K(38592K) Class: 4340K(4480K)->4340K(4480K)
[264.853s][info][gc             ] GC(280) Pause Young (Allocation Failure) 712M->474M(756M) 5.107ms
[264.853s][info][gc,cpu         ] GC(280) User=0.01s Sys=0.00s Real=0.01s
[265.755s][info][gc,start       ] GC(281) Pause Young (Allocation Failure)
[265.797s][info][gc,heap        ] GC(281) PSYoungGen: 252564K(291328K)->26932K(275968K) Eden: 248832K(248832K)->0K(248832K) From: 3732K(42496K)->26932K(27136K)
[265.797s][info][gc,heap        ] GC(281) ParOldGen: 482488K(482816K)->483616K(483840K)
[265.797s][info][gc,metaspace   ] GC(281) Metaspace: 42607K(43072K)->42607K(43072K) NonClass: 38267K(38592K)->38267K(38592K) Class: 4340K(4480K)->4340K(4480K)
[265.797s][info][gc             ] GC(281) Pause Young (Allocation Failure) 717M->498M(742M) 42.508ms
[265.797s][info][gc,cpu         ] GC(281) User=0.05s Sys=0.00s Real=0.04s
[266.782s][info][gc,start       ] GC(282) Pause Young (Allocation Failure)
[266.793s][info][gc,heap        ] GC(282) PSYoungGen: 275764K(275968K)->10436K(291328K) Eden: 248832K(248832K)->0K(247296K) From: 26932K(27136K)->10436K(44032K)
[266.793s][info][gc,heap        ] GC(282) ParOldGen: 483616K(483840K)->484376K(484864K)
[266.793s][info][gc,metaspace   ] GC(282) Metaspace: 42607K(43072K)->42607K(43072K) NonClass: 38267K(38592K)->38267K(38592K) Class: 4340K(4480K)->4340K(4480K)
[266.793s][info][gc             ] GC(282) Pause Young (Allocation Failure) 741M->483M(758M) 10.088ms
[266.793s][info][gc,cpu         ] GC(282) User=0.02s Sys=0.00s Real=0.01s
[267.646s][info][gc,start       ] GC(283) Pause Young (Allocation Failure)
[267.654s][info][gc,heap        ] GC(283) PSYoungGen: 257732K(291328K)->7673K(254976K) Eden: 247296K(247296K)->0K(247296K) From: 10436K(44032K)->7673K(7680K)
[267.654s][info][gc,heap        ] GC(283) ParOldGen: 484376K(484864K)->485536K(485888K)
[267.654s][info][gc,metaspace   ] GC(283) Metaspace: 42608K(43072K)->42608K(43072K) NonClass: 38268K(38592K)->38268K(38592K) Class: 4340K(4480K)->4340K(4480K)
[267.654s][info][gc             ] GC(283) Pause Young (Allocation Failure) 724M->481M(723M) 7.917ms
[267.654s][info][gc,cpu         ] GC(283) User=0.01s Sys=0.01s Real=0.01s
[268.546s][info][gc,start       ] GC(284) Pause Young (Allocation Failure)
[268.563s][info][gc,heap        ] GC(284) PSYoungGen: 254969K(254976K)->7460K(289792K) Eden: 247296K(247296K)->0K(248320K) From: 7673K(7680K)->7460K(41472K)
[268.563s][info][gc,heap        ] GC(284) ParOldGen: 485536K(485888K)->486460K(486912K)
[268.563s][info][gc,metaspace   ] GC(284) Metaspace: 42608K(43072K)->42608K(43072K) NonClass: 38268K(38592K)->38268K(38592K) Class: 4340K(4480K)->4340K(4480K)
[268.564s][info][gc             ] GC(284) Pause Young (Allocation Failure) 723M->482M(758M) 17.826ms
[268.564s][info][gc,cpu         ] GC(284) User=0.02s Sys=0.00s Real=0.02s
[269.487s][info][gc,start       ] GC(285) Pause Young (Allocation Failure)
[269.495s][info][gc,heap        ] GC(285) PSYoungGen: 255780K(289792K)->5476K(288768K) Eden: 248320K(248320K)->0K(248320K) From: 7460K(41472K)->5476K(40448K)
[269.495s][info][gc,heap        ] GC(285) ParOldGen: 486460K(486912K)->487496K(487936K)
[269.495s][info][gc,metaspace   ] GC(285) Metaspace: 42608K(43072K)->42608K(43072K) NonClass: 38268K(38592K)->38268K(38592K) Class: 4340K(4480K)->4340K(4480K)
[269.495s][info][gc             ] GC(285) Pause Young (Allocation Failure) 724M->481M(758M) 7.582ms
[269.495s][info][gc,cpu         ] GC(285) User=0.01s Sys=0.00s Real=0.01s
[270.269s][info][gc,start       ] GC(286) Pause Young (Allocation Failure)
[270.311s][info][gc,heap        ] GC(286) PSYoungGen: 253796K(288768K)->39911K(278528K) Eden: 248320K(248320K)->0K(238592K) From: 5476K(40448K)->39911K(39936K)
[270.311s][info][gc,heap        ] GC(286) ParOldGen: 487496K(487936K)->489392K(489472K)
[270.311s][info][gc,metaspace   ] GC(286) Metaspace: 42608K(43072K)->42608K(43072K) NonClass: 38268K(38592K)->38268K(38592K) Class: 4340K(4480K)->4340K(4480K)
[270.311s][info][gc             ] GC(286) Pause Young (Allocation Failure) 723M->516M(750M) 41.930ms
[270.311s][info][gc,cpu         ] GC(286) User=0.07s Sys=0.01s Real=0.05s
[271.541s][info][gc,start       ] GC(287) Pause Young (Allocation Failure)
[271.586s][info][gc,heap        ] GC(287) PSYoungGen: 278503K(278528K)->17326K(286208K) Eden: 238592K(238592K)->0K(238592K) From: 39911K(39936K)->17326K(47616K)
[271.587s][info][gc,heap        ] GC(287) ParOldGen: 489392K(489472K)->509144K(509440K)
[271.587s][info][gc,metaspace   ] GC(287) Metaspace: 42610K(43072K)->42610K(43072K) NonClass: 38269K(38592K)->38269K(38592K) Class: 4340K(4480K)->4340K(4480K)
[271.587s][info][gc             ] GC(287) Pause Young (Allocation Failure) 749M->514M(777M) 45.739ms
[271.587s][info][gc,cpu         ] GC(287) User=0.07s Sys=0.01s Real=0.04s
[272.467s][info][gc,start       ] GC(288) Pause Young (Allocation Failure)
[272.509s][info][gc,heap        ] GC(288) PSYoungGen: 255918K(286208K)->17906K(278016K) Eden: 238592K(238592K)->0K(241664K) From: 17326K(47616K)->17906K(36352K)
[272.509s][info][gc,heap        ] GC(288) ParOldGen: 509144K(509440K)->526219K(526336K)
[272.509s][info][gc,metaspace   ] GC(288) Metaspace: 42610K(43072K)->42610K(43072K) NonClass: 38269K(38592K)->38269K(38592K) Class: 4340K(4480K)->4340K(4480K)
[272.509s][info][gc             ] GC(288) Pause Young (Allocation Failure) 747M->531M(785M) 42.477ms
[272.509s][info][gc,cpu         ] GC(288) User=0.06s Sys=0.02s Real=0.04s
[273.236s][info][gc,start       ] GC(289) Pause Young (Allocation Failure)
[273.263s][info][gc,heap        ] GC(289) PSYoungGen: 259570K(278016K)->24531K(283648K) Eden: 241664K(241664K)->0K(241664K) From: 17906K(36352K)->24531K(41984K)
[273.263s][info][gc,heap        ] GC(289) ParOldGen: 526219K(526336K)->532649K(532992K)
[273.263s][info][gc,metaspace   ] GC(289) Metaspace: 42613K(43072K)->42613K(43072K) NonClass: 38273K(38592K)->38273K(38592K) Class: 4340K(4480K)->4340K(4480K)
[273.263s][info][gc             ] GC(289) Pause Young (Allocation Failure) 767M->544M(797M) 26.893ms
[273.263s][info][gc,cpu         ] GC(289) User=0.05s Sys=0.01s Real=0.03s
[274.043s][info][gc,start       ] GC(290) Pause Young (Allocation Failure)
[274.056s][info][gc,heap        ] GC(290) PSYoungGen: 266195K(283648K)->992K(290304K) Eden: 241664K(241664K)->0K(247808K) From: 24531K(41984K)->992K(42496K)
[274.056s][info][gc,heap        ] GC(290) ParOldGen: 532649K(532992K)->542513K(542720K)
[274.056s][info][gc,metaspace   ] GC(290) Metaspace: 42613K(43072K)->42613K(43072K) NonClass: 38273K(38592K)->38273K(38592K) Class: 4340K(4480K)->4340K(4480K)
[274.056s][info][gc             ] GC(290) Pause Young (Allocation Failure) 780M->530M(813M) 12.963ms
[274.056s][info][gc,cpu         ] GC(290) User=0.02s Sys=0.01s Real=0.01s
[274.907s][info][gc,start       ] GC(291) Pause Young (Allocation Failure)
[274.918s][info][gc,heap        ] GC(291) PSYoungGen: 248800K(290304K)->13242K(261120K) Eden: 247808K(247808K)->0K(247808K) From: 992K(42496K)->13242K(13312K)
[274.918s][info][gc,heap        ] GC(291) ParOldGen: 542513K(542720K)->542929K(543232K)
[274.918s][info][gc,metaspace   ] GC(291) Metaspace: 42613K(43072K)->42613K(43072K) NonClass: 38273K(38592K)->38273K(38592K) Class: 4340K(4480K)->4340K(4480K)
[274.918s][info][gc             ] GC(291) Pause Young (Allocation Failure) 772M->543M(785M) 10.942ms
[274.918s][info][gc,cpu         ] GC(291) User=0.02s Sys=0.00s Real=0.01s
[275.764s][info][gc,start       ] GC(292) Pause Young (Allocation Failure)
[275.782s][info][gc,heap        ] GC(292) PSYoungGen: 261050K(261120K)->23357K(288256K) Eden: 247808K(247808K)->0K(247808K) From: 13242K(13312K)->23357K(40448K)
[275.782s][info][gc,heap        ] GC(292) ParOldGen: 542929K(543232K)->543748K(544256K)
[275.782s][info][gc,metaspace   ] GC(292) Metaspace: 42613K(43072K)->42613K(43072K) NonClass: 38273K(38592K)->38273K(38592K) Class: 4340K(4480K)->4340K(4480K)
[275.782s][info][gc             ] GC(292) Pause Young (Allocation Failure) 785M->553M(813M) 17.706ms
[275.782s][info][gc,cpu         ] GC(292) User=0.03s Sys=0.00s Real=0.02s
[276.664s][info][gc,start       ] GC(293) Pause Young (Allocation Failure)
[276.672s][info][gc,heap        ] GC(293) PSYoungGen: 271165K(288256K)->6021K(288768K) Eden: 247808K(247808K)->0K(247808K) From: 23357K(40448K)->6021K(40960K)
[276.672s][info][gc,heap        ] GC(293) ParOldGen: 543748K(544256K)->545418K(545792K)
[276.672s][info][gc,metaspace   ] GC(293) Metaspace: 42613K(43072K)->42613K(43072K) NonClass: 38273K(38592K)->38273K(38592K) Class: 4340K(4480K)->4340K(4480K)
[276.672s][info][gc             ] GC(293) Pause Young (Allocation Failure) 795M->538M(815M) 7.970ms
[276.672s][info][gc,cpu         ] GC(293) User=0.01s Sys=0.00s Real=0.01s
[277.542s][info][gc,start       ] GC(294) Pause Young (Allocation Failure)
[277.641s][info][gc,heap        ] GC(294) PSYoungGen: 253829K(288768K)->40441K(233984K) Eden: 247808K(247808K)->0K(193536K) From: 6021K(40960K)->40441K(40448K)
[277.641s][info][gc,heap        ] GC(294) ParOldGen: 545418K(545792K)->608035K(608256K)
[277.641s][info][gc,metaspace   ] GC(294) Metaspace: 42613K(43072K)->42613K(43072K) NonClass: 38273K(38592K)->38273K(38592K) Class: 4340K(4480K)->4340K(4480K)
[277.641s][info][gc             ] GC(294) Pause Young (Allocation Failure) 780M->633M(822M) 99.474ms
[277.641s][info][gc,cpu         ] GC(294) User=0.14s Sys=0.06s Real=0.10s
[278.323s][info][gc,start       ] GC(295) Pause Young (Allocation Failure)
[278.372s][info][gc,heap        ] GC(295) PSYoungGen: 233977K(233984K)->7414K(263680K) Eden: 193536K(193536K)->0K(193536K) From: 40441K(40448K)->7414K(70144K)
[278.372s][info][gc,heap        ] GC(295) ParOldGen: 608035K(608256K)->641265K(641536K)
[278.372s][info][gc,metaspace   ] GC(295) Metaspace: 42614K(43072K)->42614K(43072K) NonClass: 38273K(38592K)->38273K(38592K) Class: 4340K(4480K)->4340K(4480K)
[278.372s][info][gc             ] GC(295) Pause Young (Allocation Failure) 822M->633M(884M) 49.119ms
[278.372s][info][gc,cpu         ] GC(295) User=0.07s Sys=0.04s Real=0.05s
[279.072s][info][gc,start       ] GC(296) Pause Full (Allocation Failure)
[279.072s][info][gc,phases,start] GC(296) Marking Phase
[279.155s][info][gc,phases      ] GC(296) Marking Phase 83.308ms
[279.155s][info][gc,phases,start] GC(296) Summary Phase
[279.155s][info][gc,phases      ] GC(296) Summary Phase 0.030ms
[279.155s][info][gc,phases,start] GC(296) Forward
[279.175s][info][gc,phases      ] GC(296) Forward 20.120ms
[279.175s][info][gc,phases,start] GC(296) Adjust Pointers
[279.220s][info][gc,phases      ] GC(296) Adjust Pointers 44.107ms
[279.220s][info][gc,phases,start] GC(296) Compaction Phase
[279.242s][info][gc,phases      ] GC(296) Compaction Phase 22.605ms
[279.242s][info][gc,phases,start] GC(296) Post Compact
[279.245s][info][gc,phases      ] GC(296) Post Compact 3.022ms
[279.279s][info][gc,heap        ] GC(296) PSYoungGen: 200950K(263680K)->0K(262144K) Eden: 193536K(193536K)->0K(195072K) From: 7414K(70144K)->0K(67072K)
[279.279s][info][gc,heap        ] GC(296) ParOldGen: 641265K(641536K)->108928K(239104K)
[279.279s][info][gc,metaspace   ] GC(296) Metaspace: 42615K(43072K)->42615K(43072K) NonClass: 38274K(38592K)->38274K(38592K) Class: 4340K(4480K)->4340K(4480K)
[279.279s][info][gc             ] GC(296) Pause Full (Allocation Failure) 822M->106M(489M) 207.388ms
[279.279s][info][gc,cpu         ] GC(296) User=0.27s Sys=0.04s Real=0.20s
[279.930s][info][gc,start       ] GC(297) Pause Young (Allocation Failure)
[279.939s][info][gc,heap        ] GC(297) PSYoungGen: 195072K(262144K)->9379K(263680K) Eden: 195072K(195072K)->0K(195072K) From: 0K(67072K)->9379K(68608K)
[279.939s][info][gc,heap        ] GC(297) ParOldGen: 108928K(239104K)->108928K(239104K)
[279.939s][info][gc,metaspace   ] GC(297) Metaspace: 42615K(43072K)->42615K(43072K) NonClass: 38274K(38592K)->38274K(38592K) Class: 4340K(4480K)->4340K(4480K)
[279.939s][info][gc             ] GC(297) Pause Young (Allocation Failure) 296M->115M(491M) 8.728ms
[279.939s][info][gc,cpu         ] GC(297) User=0.01s Sys=0.00s Real=0.01s
[280.604s][info][gc,start       ] GC(298) Pause Young (Allocation Failure)
[280.612s][info][gc,heap        ] GC(298) PSYoungGen: 204451K(263680K)->6093K(263168K) Eden: 195072K(195072K)->0K(199168K) From: 9379K(68608K)->6093K(64000K)
[280.613s][info][gc,heap        ] GC(298) ParOldGen: 108928K(239104K)->112701K(239104K)
[280.613s][info][gc,metaspace   ] GC(298) Metaspace: 42615K(43072K)->42615K(43072K) NonClass: 38274K(38592K)->38274K(38592K) Class: 4340K(4480K)->4340K(4480K)
[280.613s][info][gc             ] GC(298) Pause Young (Allocation Failure) 306M->116M(490M) 8.625ms
[280.613s][info][gc,cpu         ] GC(298) User=0.01s Sys=0.00s Real=0.01s
[281.274s][info][gc,start       ] GC(299) Pause Young (Allocation Failure)
[281.282s][info][gc,heap        ] GC(299) PSYoungGen: 205261K(263168K)->10065K(263680K) Eden: 199168K(199168K)->0K(199168K) From: 6093K(64000K)->10065K(64512K)
[281.282s][info][gc,heap        ] GC(299) ParOldGen: 112701K(239104K)->113184K(239104K)
[281.282s][info][gc,metaspace   ] GC(299) Metaspace: 42615K(43072K)->42615K(43072K) NonClass: 38274K(38592K)->38274K(38592K) Class: 4340K(4480K)->4340K(4480K)
[281.282s][info][gc             ] GC(299) Pause Young (Allocation Failure) 310M->120M(491M) 8.366ms
[281.282s][info][gc,cpu         ] GC(299) User=0.02s Sys=0.00s Real=0.01s
[281.881s][info][gc,start       ] GC(300) Pause Young (Allocation Failure)
[281.895s][info][gc,heap        ] GC(300) PSYoungGen: 209233K(263680K)->21477K(265728K) Eden: 199168K(199168K)->0K(207872K) From: 10065K(64512K)->21477K(57856K)
[281.895s][info][gc,heap        ] GC(300) ParOldGen: 113184K(239104K)->113647K(239104K)
[281.895s][info][gc,metaspace   ] GC(300) Metaspace: 42616K(43072K)->42616K(43072K) NonClass: 38276K(38592K)->38276K(38592K) Class: 4340K(4480K)->4340K(4480K)
[281.895s][info][gc             ] GC(300) Pause Young (Allocation Failure) 314M->131M(493M) 13.659ms
[281.895s][info][gc,cpu         ] GC(300) User=0.02s Sys=0.01s Real=0.01s
[282.531s][info][gc,start       ] GC(301) Pause Young (Allocation Failure)
[282.542s][info][gc,heap        ] GC(301) PSYoungGen: 229349K(265728K)->524K(266240K) Eden: 207872K(207872K)->0K(207872K) From: 21477K(57856K)->524K(58368K)
[282.542s][info][gc,heap        ] GC(301) ParOldGen: 113647K(239104K)->134173K(239104K)
[282.542s][info][gc,metaspace   ] GC(301) Metaspace: 42617K(43072K)->42617K(43072K) NonClass: 38277K(38592K)->38277K(38592K) Class: 4340K(4480K)->4340K(4480K)
[282.542s][info][gc             ] GC(301) Pause Young (Allocation Failure) 334M->131M(493M) 11.422ms
[282.542s][info][gc,cpu         ] GC(301) User=0.02s Sys=0.00s Real=0.01s
[283.081s][info][gc,start       ] GC(302) Pause Young (Allocation Failure)
[283.085s][info][gc,heap        ] GC(302) PSYoungGen: 208396K(266240K)->4281K(271360K) Eden: 207872K(207872K)->0K(217600K) From: 524K(58368K)->4281K(53760K)
[283.085s][info][gc,heap        ] GC(302) ParOldGen: 134173K(239104K)->134197K(239104K)
[283.085s][info][gc,metaspace   ] GC(302) Metaspace: 42617K(43072K)->42617K(43072K) NonClass: 38277K(38592K)->38277K(38592K) Class: 4340K(4480K)->4340K(4480K)
[283.085s][info][gc             ] GC(302) Pause Young (Allocation Failure) 334M->135M(498M) 4.348ms
[283.085s][info][gc,cpu         ] GC(302) User=0.01s Sys=0.00s Real=0.00s
[283.471s][info][gc,start       ] GC(303) Pause Young (Allocation Failure)
[283.476s][info][gc,heap        ] GC(303) PSYoungGen: 221881K(271360K)->3438K(273408K) Eden: 217600K(217600K)->0K(217600K) From: 4281K(53760K)->3438K(55808K)
[283.476s][info][gc,heap        ] GC(303) ParOldGen: 134197K(239104K)->136071K(239104K)
[283.476s][info][gc,metaspace   ] GC(303) Metaspace: 42617K(43072K)->42617K(43072K) NonClass: 38277K(38592K)->38277K(38592K) Class: 4340K(4480K)->4340K(4480K)
[283.476s][info][gc             ] GC(303) Pause Young (Allocation Failure) 347M->136M(500M) 4.784ms
[283.476s][info][gc,cpu         ] GC(303) User=0.01s Sys=0.00s Real=0.00s
[283.904s][info][gc,start       ] GC(304) Pause Young (Allocation Failure)
[283.911s][info][gc,heap        ] GC(304) PSYoungGen: 221038K(273408K)->10095K(271872K) Eden: 217600K(217600K)->0K(224256K) From: 3438K(55808K)->10095K(47616K)
[283.912s][info][gc,heap        ] GC(304) ParOldGen: 136071K(239104K)->136307K(239104K)
[283.912s][info][gc,metaspace   ] GC(304) Metaspace: 42619K(43072K)->42619K(43072K) NonClass: 38279K(38592K)->38279K(38592K) Class: 4340K(4480K)->4340K(4480K)
[283.912s][info][gc             ] GC(304) Pause Young (Allocation Failure) 348M->142M(499M) 7.176ms
[283.912s][info][gc,cpu         ] GC(304) User=0.02s Sys=0.00s Real=0.01s
[284.194s][info][gc,start       ] GC(305) Pause Young (Allocation Failure)
[284.201s][info][gc,heap        ] GC(305) PSYoungGen: 234351K(271872K)->1340K(274944K) Eden: 224256K(224256K)->0K(224256K) From: 10095K(47616K)->1340K(50688K)
[284.201s][info][gc,heap        ] GC(305) ParOldGen: 136307K(239104K)->146223K(239104K)
[284.202s][info][gc,metaspace   ] GC(305) Metaspace: 42619K(43072K)->42619K(43072K) NonClass: 38279K(38592K)->38279K(38592K) Class: 4340K(4480K)->4340K(4480K)
[284.202s][info][gc             ] GC(305) Pause Young (Allocation Failure) 361M->144M(502M) 7.191ms
[284.202s][info][gc,cpu         ] GC(305) User=0.01s Sys=0.00s Real=0.01s
[284.486s][info][gc,start       ] GC(306) Pause Young (Allocation Failure)
[284.490s][info][gc,heap        ] GC(306) PSYoungGen: 225417K(274944K)->1973K(278528K) Eden: 224076K(224256K)->0K(233984K) From: 1340K(50688K)->1973K(44544K)
[284.490s][info][gc,heap        ] GC(306) ParOldGen: 146223K(239104K)->147512K(239104K)
[284.490s][info][gc,metaspace   ] GC(306) Metaspace: 42619K(43072K)->42619K(43072K) NonClass: 38279K(38592K)->38279K(38592K) Class: 4340K(4480K)->4340K(4480K)
[284.490s][info][gc             ] GC(306) Pause Young (Allocation Failure) 362M->145M(505M) 4.427ms
[284.490s][info][gc,cpu         ] GC(306) User=0.00s Sys=0.00s Real=0.01s
[284.796s][info][gc,start       ] GC(307) Pause Young (Allocation Failure)
[284.802s][info][gc,heap        ] GC(307) PSYoungGen: 235957K(278528K)->3035K(281600K) Eden: 233984K(233984K)->0K(233984K) From: 1973K(44544K)->3035K(47616K)
[284.802s][info][gc,heap        ] GC(307) ParOldGen: 147512K(239104K)->149490K(239104K)
[284.802s][info][gc,metaspace   ] GC(307) Metaspace: 42620K(43072K)->42620K(43072K) NonClass: 38280K(38592K)->38280K(38592K) Class: 4340K(4480K)->4340K(4480K)
[284.802s][info][gc             ] GC(307) Pause Young (Allocation Failure) 374M->148M(508M) 5.758ms
[284.802s][info][gc,cpu         ] GC(307) User=0.01s Sys=0.00s Real=0.01s
[285.127s][info][gc,start       ] GC(308) Pause Young (Allocation Failure)
[285.138s][info][gc,heap        ] GC(308) PSYoungGen: 237019K(281600K)->8999K(279040K) Eden: 233984K(233984K)->0K(240640K) From: 3035K(47616K)->8999K(38400K)
[285.138s][info][gc,heap        ] GC(308) ParOldGen: 149490K(239104K)->152453K(239104K)
[285.138s][info][gc,metaspace   ] GC(308) Metaspace: 42620K(43072K)->42620K(43072K) NonClass: 38280K(38592K)->38280K(38592K) Class: 4340K(4480K)->4340K(4480K)
[285.138s][info][gc             ] GC(308) Pause Young (Allocation Failure) 377M->157M(506M) 10.934ms
[285.138s][info][gc,cpu         ] GC(308) User=0.02s Sys=0.00s Real=0.01s
[285.471s][info][gc,start       ] GC(309) Pause Young (Allocation Failure)
[285.484s][info][gc,heap        ] GC(309) PSYoungGen: 248624K(279040K)->6085K(283136K) Eden: 239624K(240640K)->0K(240640K) From: 8999K(38400K)->6085K(42496K)
[285.484s][info][gc,heap        ] GC(309) ParOldGen: 152453K(239104K)->159597K(239104K)
[285.484s][info][gc,metaspace   ] GC(309) Metaspace: 42620K(43072K)->42620K(43072K) NonClass: 38280K(38592K)->38280K(38592K) Class: 4340K(4480K)->4340K(4480K)
[285.484s][info][gc             ] GC(309) Pause Young (Allocation Failure) 391M->161M(510M) 13.305ms
[285.484s][info][gc,cpu         ] GC(309) User=0.02s Sys=0.00s Real=0.01s
[285.814s][info][gc,start       ] GC(310) Pause Young (Allocation Failure)
[285.827s][info][gc,heap        ] GC(310) PSYoungGen: 246079K(283136K)->6072K(285696K) Eden: 239993K(240640K)->0K(251392K) From: 6085K(42496K)->6072K(34304K)
[285.827s][info][gc,heap        ] GC(310) ParOldGen: 159597K(239104K)->165803K(239104K)
[285.827s][info][gc,metaspace   ] GC(310) Metaspace: 42620K(43072K)->42620K(43072K) NonClass: 38280K(38592K)->38280K(38592K) Class: 4340K(4480K)->4340K(4480K)
[285.827s][info][gc             ] GC(310) Pause Young (Allocation Failure) 396M->167M(512M) 12.535ms
[285.827s][info][gc,cpu         ] GC(310) User=0.03s Sys=0.00s Real=0.01s
[286.427s][info][gc,start       ] GC(311) Pause Young (Allocation Failure)
[286.443s][info][gc,heap        ] GC(311) PSYoungGen: 257464K(285696K)->11980K(289280K) Eden: 251392K(251392K)->0K(251392K) From: 6072K(34304K)->11980K(37888K)
[286.443s][info][gc,heap        ] GC(311) ParOldGen: 165803K(239104K)->171782K(239104K)
[286.443s][info][gc,metaspace   ] GC(311) Metaspace: 42714K(43136K)->42714K(43136K) NonClass: 38373K(38656K)->38373K(38656K) Class: 4340K(4480K)->4340K(4480K)
[286.443s][info][gc             ] GC(311) Pause Young (Allocation Failure) 413M->179M(516M) 15.970ms
[286.443s][info][gc,cpu         ] GC(311) User=0.03s Sys=0.00s Real=0.02s
[287.073s][info][gc,start       ] GC(312) Pause Young (Allocation Failure)
[287.083s][info][gc,heap        ] GC(312) PSYoungGen: 263372K(289280K)->2252K(292352K) Eden: 251392K(251392K)->0K(260096K) From: 11980K(37888K)->2252K(32256K)
[287.083s][info][gc,heap        ] GC(312) ParOldGen: 171782K(239104K)->182779K(239104K)
[287.083s][info][gc,metaspace   ] GC(312) Metaspace: 42716K(43136K)->42716K(43136K) NonClass: 38375K(38656K)->38375K(38656K) Class: 4340K(4480K)->4340K(4480K)
[287.083s][info][gc             ] GC(312) Pause Young (Allocation Failure) 424M->180M(519M) 10.361ms
[287.083s][info][gc,cpu         ] GC(312) User=0.02s Sys=0.00s Real=0.01s
[287.708s][info][gc,start       ] GC(313) Pause Young (Allocation Failure)
[287.713s][info][gc,heap        ] GC(313) PSYoungGen: 262348K(292352K)->5733K(294912K) Eden: 260096K(260096K)->0K(260096K) From: 2252K(32256K)->5733K(34816K)
[287.713s][info][gc,heap        ] GC(313) ParOldGen: 182779K(239104K)->182787K(239104K)
[287.713s][info][gc,metaspace   ] GC(313) Metaspace: 42716K(43136K)->42716K(43136K) NonClass: 38376K(38656K)->38376K(38656K) Class: 4340K(4480K)->4340K(4480K)
[287.713s][info][gc             ] GC(313) Pause Young (Allocation Failure) 434M->184M(521M) 5.369ms
[287.713s][info][gc,cpu         ] GC(313) User=0.01s Sys=0.00s Real=0.01s
[288.355s][info][gc,start       ] GC(314) Pause Young (Allocation Failure)
[288.358s][info][gc,heap        ] GC(314) PSYoungGen: 265829K(294912K)->3010K(295424K) Eden: 260096K(260096K)->0K(266240K) From: 5733K(34816K)->3010K(29184K)
[288.358s][info][gc,heap        ] GC(314) ParOldGen: 182787K(239104K)->182803K(239104K)
[288.358s][info][gc,metaspace   ] GC(314) Metaspace: 42717K(43136K)->42717K(43136K) NonClass: 38377K(38656K)->38377K(38656K) Class: 4340K(4480K)->4340K(4480K)
[288.358s][info][gc             ] GC(314) Pause Young (Allocation Failure) 438M->181M(522M) 3.151ms
[288.358s][info][gc,cpu         ] GC(314) User=0.00s Sys=0.00s Real=0.00s
[289.046s][info][gc,start       ] GC(315) Pause Young (Allocation Failure)
[289.049s][info][gc,heap        ] GC(315) PSYoungGen: 269250K(295424K)->3200K(297472K) Eden: 266240K(266240K)->0K(266240K) From: 3010K(29184K)->3200K(31232K)
[289.049s][info][gc,heap        ] GC(315) ParOldGen: 182803K(239104K)->183135K(239104K)
[289.049s][info][gc,metaspace   ] GC(315) Metaspace: 42776K(43264K)->42776K(43264K) NonClass: 38436K(38784K)->38436K(38784K) Class: 4340K(4480K)->4340K(4480K)
[289.049s][info][gc             ] GC(315) Pause Young (Allocation Failure) 441M->181M(524M) 2.512ms
[289.049s][info][gc,cpu         ] GC(315) User=0.00s Sys=0.00s Real=0.00s
[290.209s][info][gc,start       ] GC(316) Pause Young (Allocation Failure)
[290.214s][info][gc,heap        ] GC(316) PSYoungGen: 269440K(297472K)->3762K(298496K) Eden: 266240K(266240K)->0K(272384K) From: 3200K(31232K)->3762K(26112K)
[290.214s][info][gc,heap        ] GC(316) ParOldGen: 183135K(239104K)->183271K(239104K)
[290.214s][info][gc,metaspace   ] GC(316) Metaspace: 42811K(43264K)->42811K(43264K) NonClass: 38471K(38784K)->38471K(38784K) Class: 4340K(4480K)->4340K(4480K)
[290.214s][info][gc             ] GC(316) Pause Young (Allocation Failure) 441M->182M(525M) 5.642ms
[290.214s][info][gc,cpu         ] GC(316) User=0.02s Sys=0.00s Real=0.01s
[291.146s][info][gc,start       ] GC(317) Pause Young (Allocation Failure)
[291.178s][info][gc,heap        ] GC(317) PSYoungGen: 276146K(298496K)->28656K(301056K) Eden: 272384K(272384K)->0K(272384K) From: 3762K(26112K)->28656K(28672K)
[291.178s][info][gc,heap        ] GC(317) ParOldGen: 183271K(239104K)->188762K(239104K)
[291.178s][info][gc,metaspace   ] GC(317) Metaspace: 42815K(43264K)->42815K(43264K) NonClass: 38475K(38784K)->38475K(38784K) Class: 4340K(4480K)->4340K(4480K)
[291.178s][info][gc             ] GC(317) Pause Young (Allocation Failure) 448M->212M(527M) 32.536ms
[291.178s][info][gc,cpu         ] GC(317) User=0.06s Sys=0.00s Real=0.03s
[291.812s][info][gc,start       ] GC(318) Pause Young (Allocation Failure)
[291.873s][info][gc,heap        ] GC(318) PSYoungGen: 301040K(301056K)->31160K(283648K) Eden: 272384K(272384K)->0K(250880K) From: 28656K(28672K)->31160K(32768K)
[291.873s][info][gc,heap        ] GC(318) ParOldGen: 188762K(239104K)->216661K(239104K)
[291.873s][info][gc,metaspace   ] GC(318) Metaspace: 42815K(43264K)->42815K(43264K) NonClass: 38475K(38784K)->38475K(38784K) Class: 4340K(4480K)->4340K(4480K)
[291.873s][info][gc             ] GC(318) Pause Young (Allocation Failure) 478M->242M(510M) 61.027ms
[291.873s][info][gc,cpu         ] GC(318) User=0.11s Sys=0.01s Real=0.06s
[292.474s][info][gc,start       ] GC(319) Pause Young (Allocation Failure)
[292.532s][info][gc,heap        ] GC(319) PSYoungGen: 282040K(283648K)->28477K(279552K) Eden: 250880K(250880K)->0K(250880K) From: 31160K(32768K)->28477K(28672K)
[292.532s][info][gc,heap        ] GC(319) ParOldGen: 216661K(239104K)->246117K(246272K)
[292.532s][info][gc,metaspace   ] GC(319) Metaspace: 42816K(43264K)->42816K(43264K) NonClass: 38476K(38784K)->38476K(38784K) Class: 4340K(4480K)->4340K(4480K)
[292.532s][info][gc             ] GC(319) Pause Young (Allocation Failure) 487M->268M(513M) 58.552ms
[292.532s][info][gc,cpu         ] GC(319) User=0.11s Sys=0.00s Real=0.06s
[296.598s][info][gc,start       ] GC(320) Pause Young (GCLocker Initiated GC)
[296.639s][info][gc,heap        ] GC(320) PSYoungGen: 279357K(279552K)->7768K(291328K) Eden: 250880K(250880K)->0K(246784K) From: 28477K(28672K)->7768K(44544K)
[296.639s][info][gc,heap        ] GC(320) ParOldGen: 246151K(246272K)->274400K(274432K)
[296.639s][info][gc,metaspace   ] GC(320) Metaspace: 42821K(43264K)->42821K(43264K) NonClass: 38480K(38784K)->38480K(38784K) Class: 4340K(4480K)->4340K(4480K)
[296.639s][info][gc             ] GC(320) Pause Young (GCLocker Initiated GC) 513M->275M(552M) 41.820ms
[296.640s][info][gc,cpu         ] GC(320) User=0.06s Sys=0.02s Real=0.04s
[297.601s][info][gc,start       ] GC(321) Pause Young (Allocation Failure)
[297.615s][info][gc,heap        ] GC(321) PSYoungGen: 254552K(291328K)->5718K(252928K) Eden: 246784K(246784K)->0K(246784K) From: 7768K(44544K)->5718K(6144K)
[297.615s][info][gc,heap        ] GC(321) ParOldGen: 274400K(274432K)->281452K(281600K)
[297.615s][info][gc,metaspace   ] GC(321) Metaspace: 42821K(43264K)->42821K(43264K) NonClass: 38480K(38784K)->38480K(38784K) Class: 4340K(4480K)->4340K(4480K)
[297.615s][info][gc             ] GC(321) Pause Young (Allocation Failure) 516M->280M(522M) 14.518ms
[297.615s][info][gc,cpu         ] GC(321) User=0.02s Sys=0.00s Real=0.01s
[299.075s][info][gc,start       ] GC(322) Pause Young (Allocation Failure)
[299.081s][info][gc,heap        ] GC(322) PSYoungGen: 252502K(252928K)->352K(288256K) Eden: 246784K(246784K)->0K(247296K) From: 5718K(6144K)->352K(40960K)
[299.081s][info][gc,heap        ] GC(322) ParOldGen: 281452K(281600K)->285690K(285696K)
[299.082s][info][gc,metaspace   ] GC(322) Metaspace: 42821K(43264K)->42821K(43264K) NonClass: 38481K(38784K)->38481K(38784K) Class: 4340K(4480K)->4340K(4480K)
[299.082s][info][gc             ] GC(322) Pause Young (Allocation Failure) 521M->279M(560M) 6.789ms
[299.082s][info][gc,cpu         ] GC(322) User=0.01s Sys=0.00s Real=0.01s
[300.545s][info][gc,start       ] GC(323) Pause Young (Allocation Failure)
[300.568s][info][gc,heap        ] GC(323) PSYoungGen: 247648K(288256K)->21919K(287744K) Eden: 247296K(247296K)->0K(247296K) From: 352K(40960K)->21919K(40448K)
[300.568s][info][gc,heap        ] GC(323) ParOldGen: 285690K(285696K)->285979K(286208K)
[300.568s][info][gc,metaspace   ] GC(323) Metaspace: 42821K(43264K)->42821K(43264K) NonClass: 38481K(38784K)->38481K(38784K) Class: 4340K(4480K)->4340K(4480K)
[300.568s][info][gc             ] GC(323) Pause Young (Allocation Failure) 520M->300M(560M) 23.066ms
[300.568s][info][gc,cpu         ] GC(323) User=0.04s Sys=0.00s Real=0.02s
[302.012s][info][gc,start       ] GC(324) Pause Young (Allocation Failure)
[302.075s][info][gc,heap        ] GC(324) PSYoungGen: 269215K(287744K)->23399K(290304K) Eden: 247296K(247296K)->0K(248832K) From: 21919K(40448K)->23399K(41472K)
[302.075s][info][gc,heap        ] GC(324) ParOldGen: 285979K(286208K)->308060K(308224K)
[302.075s][info][gc,metaspace   ] GC(324) Metaspace: 42830K(43264K)->42830K(43264K) NonClass: 38488K(38784K)->38488K(38784K) Class: 4342K(4480K)->4342K(4480K)
[302.075s][info][gc             ] GC(324) Pause Young (Allocation Failure) 542M->323M(584M) 62.332ms
[302.075s][info][gc,cpu         ] GC(324) User=0.10s Sys=0.02s Real=0.06s
[302.872s][info][gc,start       ] GC(325) Pause Young (Allocation Failure)
[302.931s][info][gc,heap        ] GC(325) PSYoungGen: 272231K(290304K)->34933K(284160K) Eden: 248832K(248832K)->0K(248832K) From: 23399K(41472K)->34933K(35328K)
[302.931s][info][gc,heap        ] GC(325) ParOldGen: 308060K(308224K)->331480K(331776K)
[302.931s][info][gc,metaspace   ] GC(325) Metaspace: 42830K(43264K)->42830K(43264K) NonClass: 38488K(38784K)->38488K(38784K) Class: 4342K(4480K)->4342K(4480K)
[302.931s][info][gc             ] GC(325) Pause Young (Allocation Failure) 566M->357M(601M) 59.474ms
[302.931s][info][gc,cpu         ] GC(325) User=0.10s Sys=0.02s Real=0.06s
[303.540s][info][gc,start       ] GC(326) Pause Young (Allocation Failure)
[303.615s][info][gc,heap        ] GC(326) PSYoungGen: 283765K(284160K)->30968K(281088K) Eden: 248832K(248832K)->0K(233472K) From: 34933K(35328K)->30968K(47616K)
[303.615s][info][gc,heap        ] GC(326) ParOldGen: 331480K(331776K)->365761K(366080K)
[303.615s][info][gc,metaspace   ] GC(326) Metaspace: 42830K(43264K)->42830K(43264K) NonClass: 38488K(38784K)->38488K(38784K) Class: 4342K(4480K)->4342K(4480K)
[303.615s][info][gc             ] GC(326) Pause Young (Allocation Failure) 600M->387M(632M) 75.048ms
[303.615s][info][gc,cpu         ] GC(326) User=0.12s Sys=0.02s Real=0.08s
[304.218s][info][gc,start       ] GC(327) Pause Young (Allocation Failure)
[304.287s][info][gc,heap        ] GC(327) PSYoungGen: 264440K(281088K)->29552K(263168K) Eden: 233472K(233472K)->0K(233472K) From: 30968K(47616K)->29552K(29696K)
[304.287s][info][gc,heap        ] GC(327) ParOldGen: 365761K(366080K)->395017K(395264K)
[304.287s][info][gc,metaspace   ] GC(327) Metaspace: 42830K(43264K)->42830K(43264K) NonClass: 38488K(38784K)->38488K(38784K) Class: 4342K(4480K)->4342K(4480K)
[304.287s][info][gc             ] GC(327) Pause Young (Allocation Failure) 615M->414M(643M) 68.889ms
[304.287s][info][gc,cpu         ] GC(327) User=0.11s Sys=0.02s Real=0.07s
[305.926s][info][gc,start       ] GC(328) Pause Young (Allocation Failure)
[305.969s][info][gc,heap        ] GC(328) PSYoungGen: 263024K(263168K)->10176K(284160K) Eden: 233472K(233472K)->0K(232960K) From: 29552K(29696K)->10176K(51200K)
[305.969s][info][gc,heap        ] GC(328) ParOldGen: 395017K(395264K)->424706K(424960K)
[305.969s][info][gc,metaspace   ] GC(328) Metaspace: 42830K(43264K)->42830K(43264K) NonClass: 38488K(38784K)->38488K(38784K) Class: 4342K(4480K)->4342K(4480K)
[305.969s][info][gc             ] GC(328) Pause Young (Allocation Failure) 642M->424M(692M) 42.867ms
[305.969s][info][gc,cpu         ] GC(328) User=0.06s Sys=0.02s Real=0.04s
[307.200s][info][gc,start       ] GC(329) Pause Young (Allocation Failure)
[307.215s][info][gc,heap        ] GC(329) PSYoungGen: 243136K(284160K)->7081K(240128K) Eden: 232960K(232960K)->0K(232960K) From: 10176K(51200K)->7081K(7168K)
[307.215s][info][gc,heap        ] GC(329) ParOldGen: 424706K(424960K)->431415K(431616K)
[307.215s][info][gc,metaspace   ] GC(329) Metaspace: 42830K(43264K)->42830K(43264K) NonClass: 38488K(38784K)->38488K(38784K) Class: 4342K(4480K)->4342K(4480K)
[307.215s][info][gc             ] GC(329) Pause Young (Allocation Failure) 652M->428M(656M) 15.225ms
[307.215s][info][gc,cpu         ] GC(329) User=0.02s Sys=0.01s Real=0.02s
[308.521s][info][gc,start       ] GC(330) Pause Young (Allocation Failure)
[308.554s][info][gc,heap        ] GC(330) PSYoungGen: 240041K(240128K)->24604K(281088K) Eden: 232960K(232960K)->0K(232960K) From: 7081K(7168K)->24604K(48128K)
[308.554s][info][gc,heap        ] GC(330) ParOldGen: 431415K(431616K)->438450K(438784K)
[308.554s][info][gc,metaspace   ] GC(330) Metaspace: 42830K(43264K)->42830K(43264K) NonClass: 38488K(38784K)->38488K(38784K) Class: 4342K(4480K)->4342K(4480K)
[308.554s][info][gc             ] GC(330) Pause Young (Allocation Failure) 655M->452M(703M) 33.095ms
[308.554s][info][gc,cpu         ] GC(330) User=0.06s Sys=0.00s Real=0.03s
[309.915s][info][gc,start       ] GC(331) Pause Young (Allocation Failure)
[309.967s][info][gc,heap        ] GC(331) PSYoungGen: 257564K(281088K)->22789K(281088K) Eden: 232960K(232960K)->0K(232960K) From: 24604K(48128K)->22789K(48128K)
[309.967s][info][gc,heap        ] GC(331) ParOldGen: 438450K(438784K)->463159K(463360K)
[309.967s][info][gc,metaspace   ] GC(331) Metaspace: 42830K(43264K)->42830K(43264K) NonClass: 38488K(38784K)->38488K(38784K) Class: 4342K(4480K)->4342K(4480K)
[309.967s][info][gc             ] GC(331) Pause Young (Allocation Failure) 679M->474M(727M) 51.697ms
[309.967s][info][gc,cpu         ] GC(331) User=0.08s Sys=0.01s Real=0.05s
[311.034s][info][gc,start       ] GC(332) Pause Young (Allocation Failure)
[311.078s][info][gc,heap        ] GC(332) PSYoungGen: 255749K(281088K)->21119K(282624K) Eden: 232960K(232960K)->0K(238592K) From: 22789K(48128K)->21119K(44032K)
[311.078s][info][gc,heap        ] GC(332) ParOldGen: 463159K(463360K)->485940K(486400K)
[311.078s][info][gc,metaspace   ] GC(332) Metaspace: 42832K(43264K)->42832K(43264K) NonClass: 38490K(38784K)->38490K(38784K) Class: 4342K(4480K)->4342K(4480K)
[311.078s][info][gc             ] GC(332) Pause Young (Allocation Failure) 702M->495M(751M) 44.973ms
[311.079s][info][gc,cpu         ] GC(332) User=0.07s Sys=0.02s Real=0.04s
[311.977s][info][gc,start       ] GC(333) Pause Young (Allocation Failure)
[312.000s][info][gc,heap        ] GC(333) PSYoungGen: 259711K(282624K)->7409K(283648K) Eden: 238592K(238592K)->0K(238592K) From: 21119K(44032K)->7409K(45056K)
[312.000s][info][gc,heap        ] GC(333) ParOldGen: 485940K(486400K)->500734K(500736K)
[312.000s][info][gc,metaspace   ] GC(333) Metaspace: 42832K(43264K)->42832K(43264K) NonClass: 38490K(38784K)->38490K(38784K) Class: 4342K(4480K)->4342K(4480K)
[312.000s][info][gc             ] GC(333) Pause Young (Allocation Failure) 728M->496M(766M) 22.700ms
[312.000s][info][gc,cpu         ] GC(333) User=0.04s Sys=0.01s Real=0.02s
[312.866s][info][gc,start       ] GC(334) Pause Young (Allocation Failure)
[312.886s][info][gc,heap        ] GC(334) PSYoungGen: 246001K(283648K)->20242K(285184K) Eden: 238592K(238592K)->0K(244224K) From: 7409K(45056K)->20242K(40960K)
[312.886s][info][gc,heap        ] GC(334) ParOldGen: 500734K(500736K)->501438K(501760K)
[312.886s][info][gc,metaspace   ] GC(334) Metaspace: 42832K(43264K)->42832K(43264K) NonClass: 38490K(38784K)->38490K(38784K) Class: 4342K(4480K)->4342K(4480K)
[312.886s][info][gc             ] GC(334) Pause Young (Allocation Failure) 729M->509M(768M) 20.243ms
[312.886s][info][gc,cpu         ] GC(334) User=0.04s Sys=0.00s Real=0.02s
[313.762s][info][gc,start       ] GC(335) Pause Young (Allocation Failure)
[313.775s][info][gc,heap        ] GC(335) PSYoungGen: 264466K(285184K)->11644K(287232K) Eden: 244224K(244224K)->0K(244224K) From: 20242K(40960K)->11644K(43008K)
[313.775s][info][gc,heap        ] GC(335) ParOldGen: 501438K(501760K)->502822K(503296K)
[313.775s][info][gc,metaspace   ] GC(335) Metaspace: 42832K(43264K)->42832K(43264K) NonClass: 38490K(38784K)->38490K(38784K) Class: 4342K(4480K)->4342K(4480K)
[313.775s][info][gc             ] GC(335) Pause Young (Allocation Failure) 747M->502M(772M) 12.897ms
[313.775s][info][gc,cpu         ] GC(335) User=0.02s Sys=0.00s Real=0.01s
[314.644s][info][gc,start       ] GC(336) Pause Young (Allocation Failure)
[314.652s][info][gc,heap        ] GC(336) PSYoungGen: 255868K(287232K)->6441K(288256K) Eden: 244224K(244224K)->0K(249344K) From: 11644K(43008K)->6441K(38912K)
[314.652s][info][gc,heap        ] GC(336) ParOldGen: 502822K(503296K)->503894K(504320K)
[314.652s][info][gc,metaspace   ] GC(336) Metaspace: 42833K(43264K)->42833K(43264K) NonClass: 38491K(38784K)->38491K(38784K) Class: 4342K(4480K)->4342K(4480K)
[314.652s][info][gc             ] GC(336) Pause Young (Allocation Failure) 740M->498M(774M) 7.622ms
[314.652s][info][gc,cpu         ] GC(336) User=0.01s Sys=0.00s Real=0.01s
[315.740s][info][gc,start       ] GC(337) Pause Young (Allocation Failure)
[315.763s][info][gc,heap        ] GC(337) PSYoungGen: 255785K(288256K)->23279K(289792K) Eden: 249344K(249344K)->0K(249344K) From: 6441K(38912K)->23279K(40448K)
[315.763s][info][gc,heap        ] GC(337) ParOldGen: 503894K(504320K)->505030K(505344K)
[315.763s][info][gc,metaspace   ] GC(337) Metaspace: 42833K(43264K)->42833K(43264K) NonClass: 38491K(38784K)->38491K(38784K) Class: 4342K(4480K)->4342K(4480K)
[315.763s][info][gc             ] GC(337) Pause Young (Allocation Failure) 741M->515M(776M) 22.900ms
[315.763s][info][gc,cpu         ] GC(337) User=0.04s Sys=0.00s Real=0.03s
[316.742s][info][gc,start       ] GC(338) Pause Young (Allocation Failure)
[316.758s][info][gc,heap        ] GC(338) PSYoungGen: 272623K(289792K)->14950K(289792K) Eden: 249344K(249344K)->0K(252416K) From: 23279K(40448K)->14950K(37376K)
[316.758s][info][gc,heap        ] GC(338) ParOldGen: 505030K(505344K)->505798K(505856K)
[316.758s][info][gc,metaspace   ] GC(338) Metaspace: 42833K(43264K)->42833K(43264K) NonClass: 38491K(38784K)->38491K(38784K) Class: 4342K(4480K)->4342K(4480K)
[316.758s][info][gc             ] GC(338) Pause Young (Allocation Failure) 759M->508M(777M) 15.907ms
[316.758s][info][gc,cpu         ] GC(338) User=0.03s Sys=0.00s Real=0.01s
[317.597s][info][gc,start       ] GC(339) Pause Young (Allocation Failure)
[317.611s][info][gc,heap        ] GC(339) PSYoungGen: 267366K(289792K)->13026K(291328K) Eden: 252416K(252416K)->0K(252416K) From: 14950K(37376K)->13026K(38912K)
[317.611s][info][gc,heap        ] GC(339) ParOldGen: 505798K(505856K)->506950K(507392K)
[317.611s][info][gc,metaspace   ] GC(339) Metaspace: 42834K(43264K)->42834K(43264K) NonClass: 38492K(38784K)->38492K(38784K) Class: 4342K(4480K)->4342K(4480K)
[317.611s][info][gc             ] GC(339) Pause Young (Allocation Failure) 755M->507M(780M) 14.330ms
[317.611s][info][gc,cpu         ] GC(339) User=0.03s Sys=0.00s Real=0.02s
[318.558s][info][gc,start       ] GC(340) Pause Young (Allocation Failure)
[318.564s][info][gc,heap        ] GC(340) PSYoungGen: 265442K(291328K)->5382K(293888K) Eden: 252416K(252416K)->0K(257536K) From: 13026K(38912K)->5382K(36352K)
[318.564s][info][gc,heap        ] GC(340) ParOldGen: 506950K(507392K)->507838K(507904K)
[318.564s][info][gc,metaspace   ] GC(340) Metaspace: 42834K(43264K)->42834K(43264K) NonClass: 38492K(38784K)->38492K(38784K) Class: 4342K(4480K)->4342K(4480K)
[318.564s][info][gc             ] GC(340) Pause Young (Allocation Failure) 754M->501M(783M) 6.189ms
[318.564s][info][gc,cpu         ] GC(340) User=0.01s Sys=0.00s Real=0.01s
[319.552s][info][gc,start       ] GC(341) Pause Young (Allocation Failure)
[319.558s][info][gc,heap        ] GC(341) PSYoungGen: 262918K(293888K)->2240K(294400K) Eden: 257536K(257536K)->0K(257536K) From: 5382K(36352K)->2240K(36864K)
[319.558s][info][gc,heap        ] GC(341) ParOldGen: 507838K(507904K)->508974K(509440K)
[319.558s][info][gc,metaspace   ] GC(341) Metaspace: 42834K(43264K)->42834K(43264K) NonClass: 38492K(38784K)->38492K(38784K) Class: 4342K(4480K)->4342K(4480K)
[319.558s][info][gc             ] GC(341) Pause Young (Allocation Failure) 752M->499M(785M) 5.978ms
[319.558s][info][gc,cpu         ] GC(341) User=0.01s Sys=0.00s Real=0.00s
[320.512s][info][gc,start       ] GC(342) Pause Young (Allocation Failure)
[320.585s][info][gc,heap        ] GC(342) PSYoungGen: 259776K(294400K)->36842K(278528K) Eden: 257536K(257536K)->0K(241664K) From: 2240K(36864K)->36842K(36864K)
[320.585s][info][gc,heap        ] GC(342) ParOldGen: 508974K(509440K)->516203K(516608K)
[320.585s][info][gc,metaspace   ] GC(342) Metaspace: 42834K(43264K)->42834K(43264K) NonClass: 38492K(38784K)->38492K(38784K) Class: 4342K(4480K)->4342K(4480K)
[320.585s][info][gc             ] GC(342) Pause Young (Allocation Failure) 750M->540M(776M) 72.539ms
[320.585s][info][gc,cpu         ] GC(342) User=0.09s Sys=0.01s Real=0.07s
[321.751s][info][gc,start       ] GC(343) Pause Young (Allocation Failure)
[321.800s][info][gc,heap        ] GC(343) PSYoungGen: 278506K(278528K)->23757K(287744K) Eden: 241664K(241664K)->0K(241664K) From: 36842K(36864K)->23757K(46080K)
[321.800s][info][gc,heap        ] GC(343) ParOldGen: 516203K(516608K)->532890K(532992K)
[321.800s][info][gc,metaspace   ] GC(343) Metaspace: 42834K(43264K)->42834K(43264K) NonClass: 38492K(38784K)->38492K(38784K) Class: 4342K(4480K)->4342K(4480K)
[321.800s][info][gc             ] GC(343) Pause Young (Allocation Failure) 776M->543M(801M) 49.019ms
[321.800s][info][gc,cpu         ] GC(343) User=0.08s Sys=0.02s Real=0.04s
[322.695s][info][gc,start       ] GC(344) Pause Young (Allocation Failure)
[322.720s][info][gc,heap        ] GC(344) PSYoungGen: 265421K(287744K)->3360K(286208K) Eden: 241664K(241664K)->0K(242176K) From: 23757K(46080K)->3360K(44032K)
[322.720s][info][gc,heap        ] GC(344) ParOldGen: 532890K(532992K)->546826K(547328K)
[322.720s][info][gc,metaspace   ] GC(344) Metaspace: 42834K(43264K)->42834K(43264K) NonClass: 38492K(38784K)->38492K(38784K) Class: 4342K(4480K)->4342K(4480K)
[322.720s][info][gc             ] GC(344) Pause Young (Allocation Failure) 779M->537M(814M) 24.656ms
[322.720s][info][gc,cpu         ] GC(344) User=0.03s Sys=0.01s Real=0.02s
[323.517s][info][gc,start       ] GC(345) Pause Young (Allocation Failure)
[323.536s][info][gc,heap        ] GC(345) PSYoungGen: 245536K(286208K)->22977K(287232K) Eden: 242176K(242176K)->0K(242176K) From: 3360K(44032K)->22977K(45056K)
[323.536s][info][gc,heap        ] GC(345) ParOldGen: 546826K(547328K)->547834K(547840K)
[323.536s][info][gc,metaspace   ] GC(345) Metaspace: 42834K(43264K)->42834K(43264K) NonClass: 38492K(38784K)->38492K(38784K) Class: 4342K(4480K)->4342K(4480K)
[323.537s][info][gc             ] GC(345) Pause Young (Allocation Failure) 773M->557M(815M) 19.877ms
[323.537s][info][gc,cpu         ] GC(345) User=0.04s Sys=0.01s Real=0.02s
[324.363s][info][gc,start       ] GC(346) Pause Young (Allocation Failure)
[324.386s][info][gc,heap        ] GC(346) PSYoungGen: 265153K(287232K)->18916K(284672K) Eden: 242176K(242176K)->0K(243712K) From: 22977K(45056K)->18916K(40960K)
[324.386s][info][gc,heap        ] GC(346) ParOldGen: 547834K(547840K)->557435K(557568K)
[324.386s][info][gc,metaspace   ] GC(346) Metaspace: 42834K(43264K)->42834K(43264K) NonClass: 38492K(38784K)->38492K(38784K) Class: 4342K(4480K)->4342K(4480K)
[324.386s][info][gc             ] GC(346) Pause Young (Allocation Failure) 793M->562M(822M) 23.568ms
[324.386s][info][gc,cpu         ] GC(346) User=0.04s Sys=0.00s Real=0.02s
[325.256s][info][gc,start       ] GC(347) Pause Young (Allocation Failure)
[325.284s][info][gc,heap        ] GC(347) PSYoungGen: 262628K(284672K)->42999K(286720K) Eden: 243712K(243712K)->0K(243712K) From: 18916K(40960K)->42999K(43008K)
[325.284s][info][gc,heap        ] GC(347) ParOldGen: 557435K(557568K)->559261K(559616K)
[325.284s][info][gc,metaspace   ] GC(347) Metaspace: 42834K(43264K)->42834K(43264K) NonClass: 38492K(38784K)->38492K(38784K) Class: 4342K(4480K)->4342K(4480K)
[325.284s][info][gc             ] GC(347) Pause Young (Allocation Failure) 800M->588M(826M) 28.226ms
[325.284s][info][gc,cpu         ] GC(347) User=0.05s Sys=0.00s Real=0.03s
[326.086s][info][gc,start       ] GC(348) Pause Young (Allocation Failure)
[326.170s][info][gc,heap        ] GC(348) PSYoungGen: 286711K(286720K)->47102K(226304K) Eden: 243712K(243712K)->0K(179200K) From: 42999K(43008K)->47102K(47104K)
[326.170s][info][gc,heap        ] GC(348) ParOldGen: 559261K(559616K)->612842K(612864K)
[326.170s][info][gc,metaspace   ] GC(348) Metaspace: 42834K(43264K)->42834K(43264K) NonClass: 38492K(38784K)->38492K(38784K) Class: 4342K(4480K)->4342K(4480K)
[326.170s][info][gc             ] GC(348) Pause Young (Allocation Failure) 826M->644M(819M) 84.397ms
[326.170s][info][gc,cpu         ] GC(348) User=0.13s Sys=0.04s Real=0.08s
[326.821s][info][gc,start       ] GC(349) Pause Young (Allocation Failure)
[326.924s][info][gc,heap        ] GC(349) PSYoungGen: 226302K(226304K)->77309K(256512K) Eden: 179200K(179200K)->0K(179200K) From: 47102K(47104K)->77309K(77312K)
[326.924s][info][gc,heap        ] GC(349) ParOldGen: 612842K(612864K)->660273K(660480K)
[326.924s][info][gc,metaspace   ] GC(349) Metaspace: 42834K(43264K)->42834K(43264K) NonClass: 38492K(38784K)->38492K(38784K) Class: 4342K(4480K)->4342K(4480K)
[326.924s][info][gc             ] GC(349) Pause Young (Allocation Failure) 819M->720M(895M) 102.712ms
[326.924s][info][gc,cpu         ] GC(349) User=0.16s Sys=0.04s Real=0.10s
[327.558s][info][gc,start       ] GC(350) Pause Full (Allocation Failure)
[327.558s][info][gc,phases,start] GC(350) Marking Phase
[327.631s][info][gc,phases      ] GC(350) Marking Phase 72.315ms
[327.631s][info][gc,phases,start] GC(350) Summary Phase
[327.631s][info][gc,phases      ] GC(350) Summary Phase 0.030ms
[327.631s][info][gc,phases,start] GC(350) Forward
[327.649s][info][gc,phases      ] GC(350) Forward 18.298ms
[327.649s][info][gc,phases,start] GC(350) Adjust Pointers
[327.693s][info][gc,phases      ] GC(350) Adjust Pointers 43.611ms
[327.693s][info][gc,phases,start] GC(350) Compaction Phase
[327.713s][info][gc,phases      ] GC(350) Compaction Phase 20.274ms
[327.713s][info][gc,phases,start] GC(350) Post Compact
[327.716s][info][gc,phases      ] GC(350) Post Compact 2.754ms
[327.752s][info][gc,heap        ] GC(350) PSYoungGen: 256509K(256512K)->0K(194048K) Eden: 179200K(179200K)->0K(116736K) From: 77309K(77312K)->0K(77312K)
[327.752s][info][gc,heap        ] GC(350) ParOldGen: 660273K(660480K)->102059K(236544K)
[327.752s][info][gc,metaspace   ] GC(350) Metaspace: 42834K(43264K)->42834K(43264K) NonClass: 38492K(38784K)->38492K(38784K) Class: 4342K(4480K)->4342K(4480K)
[327.752s][info][gc             ] GC(350) Pause Full (Allocation Failure) 895M->99M(420M) 194.017ms
[327.752s][info][gc,cpu         ] GC(350) User=0.26s Sys=0.04s Real=0.20s
[328.153s][info][gc,start       ] GC(351) Pause Young (Allocation Failure)
[328.161s][info][gc,heap        ] GC(351) PSYoungGen: 116736K(194048K)->14507K(225280K) Eden: 116736K(116736K)->0K(116736K) From: 0K(77312K)->14507K(108544K)
[328.161s][info][gc,heap        ] GC(351) ParOldGen: 102059K(236544K)->102059K(236544K)
[328.162s][info][gc,metaspace   ] GC(351) Metaspace: 42834K(43264K)->42834K(43264K) NonClass: 38492K(38784K)->38492K(38784K) Class: 4342K(4480K)->4342K(4480K)
[328.162s][info][gc             ] GC(351) Pause Young (Allocation Failure) 213M->113M(451M) 8.752ms
[328.162s][info][gc,cpu         ] GC(351) User=0.01s Sys=0.00s Real=0.01s
[328.555s][info][gc,start       ] GC(352) Pause Young (Allocation Failure)
[328.564s][info][gc,heap        ] GC(352) PSYoungGen: 131243K(225280K)->9786K(216064K) Eden: 116736K(116736K)->0K(119808K) From: 14507K(108544K)->9786K(96256K)
[328.564s][info][gc,heap        ] GC(352) ParOldGen: 102059K(236544K)->102591K(236544K)
[328.564s][info][gc,metaspace   ] GC(352) Metaspace: 42834K(43264K)->42834K(43264K) NonClass: 38492K(38784K)->38492K(38784K) Class: 4342K(4480K)->4342K(4480K)
[328.564s][info][gc             ] GC(352) Pause Young (Allocation Failure) 227M->109M(442M) 8.928ms
[328.564s][info][gc,cpu         ] GC(352) User=0.01s Sys=0.01s Real=0.01s
[328.992s][info][gc,start       ] GC(353) Pause Young (Allocation Failure)
[328.996s][info][gc,heap        ] GC(353) PSYoungGen: 129594K(216064K)->4764K(222208K) Eden: 119808K(119808K)->0K(119808K) From: 9786K(96256K)->4764K(102400K)
[328.996s][info][gc,heap        ] GC(353) ParOldGen: 102591K(236544K)->103292K(236544K)
[328.997s][info][gc,metaspace   ] GC(353) Metaspace: 42834K(43264K)->42834K(43264K) NonClass: 38492K(38784K)->38492K(38784K) Class: 4342K(4480K)->4342K(4480K)
[328.997s][info][gc             ] GC(353) Pause Young (Allocation Failure) 226M->105M(448M) 4.777ms
[328.997s][info][gc,cpu         ] GC(353) User=0.00s Sys=0.00s Real=0.00s
[329.429s][info][gc,start       ] GC(354) Pause Young (Allocation Failure)
[329.434s][info][gc,heap        ] GC(354) PSYoungGen: 124572K(222208K)->4693K(224256K) Eden: 119808K(119808K)->0K(131072K) From: 4764K(102400K)->4693K(93184K)
[329.434s][info][gc,heap        ] GC(354) ParOldGen: 103292K(236544K)->103643K(236544K)
[329.434s][info][gc,metaspace   ] GC(354) Metaspace: 42834K(43264K)->42834K(43264K) NonClass: 38492K(38784K)->38492K(38784K) Class: 4342K(4480K)->4342K(4480K)
[329.434s][info][gc             ] GC(354) Pause Young (Allocation Failure) 222M->105M(450M) 4.411ms
[329.434s][info][gc,cpu         ] GC(354) User=0.00s Sys=0.00s Real=0.01s
[329.854s][info][gc,start       ] GC(355) Pause Young (Allocation Failure)
[329.864s][info][gc,heap        ] GC(355) PSYoungGen: 135765K(224256K)->15268K(228864K) Eden: 131072K(131072K)->0K(131072K) From: 4693K(93184K)->15268K(97792K)
[329.864s][info][gc,heap        ] GC(355) ParOldGen: 103643K(236544K)->104194K(236544K)
[329.864s][info][gc,metaspace   ] GC(355) Metaspace: 42834K(43264K)->42834K(43264K) NonClass: 38492K(38784K)->38492K(38784K) Class: 4342K(4480K)->4342K(4480K)
[329.864s][info][gc             ] GC(355) Pause Young (Allocation Failure) 233M->116M(454M) 9.933ms
[329.864s][info][gc,cpu         ] GC(355) User=0.02s Sys=0.00s Real=0.01s
[330.300s][info][gc,start       ] GC(356) Pause Young (Allocation Failure)
[330.324s][info][gc,heap        ] GC(356) PSYoungGen: 146340K(228864K)->39921K(233472K) Eden: 131072K(131072K)->0K(143360K) From: 15268K(97792K)->39921K(90112K)
[330.324s][info][gc,heap        ] GC(356) ParOldGen: 104194K(236544K)->104843K(236544K)
[330.324s][info][gc,metaspace   ] GC(356) Metaspace: 42834K(43264K)->42834K(43264K) NonClass: 38492K(38784K)->38492K(38784K) Class: 4342K(4480K)->4342K(4480K)
[330.324s][info][gc             ] GC(356) Pause Young (Allocation Failure) 244M->141M(459M) 24.005ms
[330.324s][info][gc,cpu         ] GC(356) User=0.05s Sys=0.00s Real=0.03s
[330.809s][info][gc,start       ] GC(357) Pause Young (Allocation Failure)
[330.828s][info][gc,heap        ] GC(357) PSYoungGen: 183281K(233472K)->29708K(234496K) Eden: 143360K(143360K)->0K(143360K) From: 39921K(90112K)->29708K(91136K)
[330.828s][info][gc,heap        ] GC(357) ParOldGen: 104843K(236544K)->105169K(236544K)
[330.828s][info][gc,metaspace   ] GC(357) Metaspace: 42834K(43264K)->42834K(43264K) NonClass: 38492K(38784K)->38492K(38784K) Class: 4342K(4480K)->4342K(4480K)
[330.828s][info][gc             ] GC(357) Pause Young (Allocation Failure) 281M->131M(460M) 19.049ms
[330.828s][info][gc,cpu         ] GC(357) User=0.04s Sys=0.00s Real=0.02s
[331.290s][info][gc,start       ] GC(358) Pause Young (Allocation Failure)
[331.293s][info][gc,heap        ] GC(358) PSYoungGen: 173068K(234496K)->2649K(239616K) Eden: 143360K(143360K)->0K(154112K) From: 29708K(91136K)->2649K(85504K)
[331.293s][info][gc,heap        ] GC(358) ParOldGen: 105169K(236544K)->105578K(236544K)
[331.293s][info][gc,metaspace   ] GC(358) Metaspace: 42834K(43264K)->42834K(43264K) NonClass: 38492K(38784K)->38492K(38784K) Class: 4342K(4480K)->4342K(4480K)
[331.293s][info][gc             ] GC(358) Pause Young (Allocation Failure) 271M->105M(465M) 3.056ms
[331.293s][info][gc,cpu         ] GC(358) User=0.01s Sys=0.00s Real=0.01s
[331.751s][info][gc,start       ] GC(359) Pause Young (Allocation Failure)
[331.765s][info][gc,heap        ] GC(359) PSYoungGen: 156761K(239616K)->21365K(238080K) Eden: 154112K(154112K)->0K(154112K) From: 2649K(85504K)->21365K(83968K)
[331.765s][info][gc,heap        ] GC(359) ParOldGen: 105578K(236544K)->105807K(236544K)
[331.765s][info][gc,metaspace   ] GC(359) Metaspace: 42834K(43264K)->42834K(43264K) NonClass: 38492K(38784K)->38492K(38784K) Class: 4342K(4480K)->4342K(4480K)
[331.765s][info][gc             ] GC(359) Pause Young (Allocation Failure) 256M->124M(463M) 13.368ms
[331.765s][info][gc,cpu         ] GC(359) User=0.02s Sys=0.00s Real=0.01s
[332.234s][info][gc,start       ] GC(360) Pause Young (Allocation Failure)
[332.246s][info][gc,heap        ] GC(360) PSYoungGen: 175477K(238080K)->1138K(244224K) Eden: 154112K(154112K)->0K(165376K) From: 21365K(83968K)->1138K(78848K)
[332.246s][info][gc,heap        ] GC(360) ParOldGen: 105807K(236544K)->126465K(236544K)
[332.246s][info][gc,metaspace   ] GC(360) Metaspace: 42834K(43264K)->42834K(43264K) NonClass: 38492K(38784K)->38492K(38784K) Class: 4342K(4480K)->4342K(4480K)
[332.246s][info][gc             ] GC(360) Pause Young (Allocation Failure) 274M->124M(469M) 12.103ms
[332.246s][info][gc,cpu         ] GC(360) User=0.02s Sys=0.00s Real=0.01s
[332.732s][info][gc,start       ] GC(361) Pause Young (Allocation Failure)
[332.734s][info][gc,heap        ] GC(361) PSYoungGen: 166514K(244224K)->1214K(243200K) Eden: 165376K(165376K)->0K(165376K) From: 1138K(78848K)->1214K(77824K)
[332.734s][info][gc,heap        ] GC(361) ParOldGen: 126465K(236544K)->126641K(236544K)
[332.734s][info][gc,metaspace   ] GC(361) Metaspace: 42834K(43264K)->42834K(43264K) NonClass: 38492K(38784K)->38492K(38784K) Class: 4342K(4480K)->4342K(4480K)
[332.734s][info][gc             ] GC(361) Pause Young (Allocation Failure) 286M->124M(468M) 2.179ms
[332.734s][info][gc,cpu         ] GC(361) User=0.01s Sys=0.00s Real=0.00s
[333.197s][info][gc,start       ] GC(362) Pause Young (Allocation Failure)
[333.201s][info][gc,heap        ] GC(362) PSYoungGen: 166590K(243200K)->3015K(253440K) Eden: 165376K(165376K)->0K(179712K) From: 1214K(77824K)->3015K(73728K)
[333.201s][info][gc,heap        ] GC(362) ParOldGen: 126641K(236544K)->127049K(236544K)
[333.201s][info][gc,metaspace   ] GC(362) Metaspace: 42834K(43264K)->42834K(43264K) NonClass: 38492K(38784K)->38492K(38784K) Class: 4342K(4480K)->4342K(4480K)
[333.201s][info][gc             ] GC(362) Pause Young (Allocation Failure) 286M->127M(478M) 3.918ms
[333.201s][info][gc,cpu         ] GC(362) User=0.01s Sys=0.00s Real=0.01s
[333.539s][info][gc,start       ] GC(363) Pause Young (Allocation Failure)
[333.543s][info][gc,heap        ] GC(363) PSYoungGen: 182727K(253440K)->2464K(252928K) Eden: 179712K(179712K)->0K(179712K) From: 3015K(73728K)->2464K(73216K)
[333.543s][info][gc,heap        ] GC(363) ParOldGen: 127049K(236544K)->128816K(236544K)
[333.543s][info][gc,metaspace   ] GC(363) Metaspace: 42834K(43264K)->42834K(43264K) NonClass: 38492K(38784K)->38492K(38784K) Class: 4342K(4480K)->4342K(4480K)
[333.543s][info][gc             ] GC(363) Pause Young (Allocation Failure) 302M->128M(478M) 3.722ms
[333.543s][info][gc,cpu         ] GC(363) User=0.01s Sys=0.00s Real=0.01s
[333.926s][info][gc,start       ] GC(364) Pause Young (Allocation Failure)
[333.935s][info][gc,heap        ] GC(364) PSYoungGen: 182176K(252928K)->15608K(253440K) Eden: 179712K(179712K)->0K(189952K) From: 2464K(73216K)->15608K(63488K)
[333.935s][info][gc,heap        ] GC(364) ParOldGen: 128816K(236544K)->128840K(236544K)
[333.935s][info][gc,metaspace   ] GC(364) Metaspace: 42834K(43264K)->42834K(43264K) NonClass: 38492K(38784K)->38492K(38784K) Class: 4342K(4480K)->4342K(4480K)
[333.935s][info][gc             ] GC(364) Pause Young (Allocation Failure) 303M->141M(478M) 9.178ms
[333.935s][info][gc,cpu         ] GC(364) User=0.02s Sys=0.00s Real=0.01s
[334.204s][info][gc,start       ] GC(365) Pause Young (Allocation Failure)
[334.211s][info][gc,heap        ] GC(365) PSYoungGen: 205560K(253440K)->3648K(255488K) Eden: 189952K(189952K)->0K(189952K) From: 15608K(63488K)->3648K(65536K)
[334.211s][info][gc,heap        ] GC(365) ParOldGen: 128840K(236544K)->135423K(236544K)
[334.211s][info][gc,metaspace   ] GC(365) Metaspace: 42834K(43264K)->42834K(43264K) NonClass: 38492K(38784K)->38492K(38784K) Class: 4342K(4480K)->4342K(4480K)
[334.211s][info][gc             ] GC(365) Pause Young (Allocation Failure) 326M->135M(480M) 6.763ms
[334.211s][info][gc,cpu         ] GC(365) User=0.02s Sys=0.00s Real=0.01s
[334.458s][info][gc,start       ] GC(366) Pause Young (Allocation Failure)
[334.463s][info][gc,heap        ] GC(366) PSYoungGen: 193600K(255488K)->1932K(263680K) Eden: 189952K(189952K)->0K(205312K) From: 3648K(65536K)->1932K(58368K)
[334.463s][info][gc,heap        ] GC(366) ParOldGen: 135423K(236544K)->139061K(236544K)
[334.463s][info][gc,metaspace   ] GC(366) Metaspace: 42834K(43264K)->42834K(43264K) NonClass: 38492K(38784K)->38492K(38784K) Class: 4342K(4480K)->4342K(4480K)
[334.463s][info][gc             ] GC(366) Pause Young (Allocation Failure) 321M->137M(488M) 5.618ms
[334.463s][info][gc,cpu         ] GC(366) User=0.01s Sys=0.00s Real=0.01s
[334.732s][info][gc,start       ] GC(367) Pause Young (Allocation Failure)
[334.736s][info][gc,heap        ] GC(367) PSYoungGen: 205436K(263680K)->1952K(265728K) Eden: 203503K(205312K)->0K(205312K) From: 1932K(58368K)->1952K(60416K)
[334.736s][info][gc,heap        ] GC(367) ParOldGen: 139061K(236544K)->140927K(236544K)
[334.736s][info][gc,metaspace   ] GC(367) Metaspace: 42834K(43264K)->42834K(43264K) NonClass: 38492K(38784K)->38492K(38784K) Class: 4342K(4480K)->4342K(4480K)
[334.736s][info][gc             ] GC(367) Pause Young (Allocation Failure) 336M->139M(490M) 4.794ms
[334.736s][info][gc,cpu         ] GC(367) User=0.01s Sys=0.00s Real=0.00s
[335.008s][info][gc,start       ] GC(368) Pause Young (Allocation Failure)
[335.013s][info][gc,heap        ] GC(368) PSYoungGen: 205748K(265728K)->2470K(268800K) Eden: 203795K(205312K)->0K(215552K) From: 1952K(60416K)->2470K(53248K)
[335.013s][info][gc,heap        ] GC(368) ParOldGen: 140927K(236544K)->142841K(236544K)
[335.013s][info][gc,metaspace   ] GC(368) Metaspace: 42834K(43264K)->42834K(43264K) NonClass: 38492K(38784K)->38492K(38784K) Class: 4342K(4480K)->4342K(4480K)
[335.013s][info][gc             ] GC(368) Pause Young (Allocation Failure) 338M->141M(493M) 5.108ms
[335.013s][info][gc,cpu         ] GC(368) User=0.01s Sys=0.00s Real=0.01s
[335.322s][info][gc,start       ] GC(369) Pause Young (Allocation Failure)
[335.332s][info][gc,heap        ] GC(369) PSYoungGen: 216743K(268800K)->7128K(270848K) Eden: 214272K(215552K)->0K(215552K) From: 2470K(53248K)->7128K(55296K)
[335.332s][info][gc,heap        ] GC(369) ParOldGen: 142841K(236544K)->145202K(236544K)
[335.332s][info][gc,metaspace   ] GC(369) Metaspace: 42834K(43264K)->42834K(43264K) NonClass: 38492K(38784K)->38492K(38784K) Class: 4342K(4480K)->4342K(4480K)
[335.333s][info][gc             ] GC(369) Pause Young (Allocation Failure) 351M->148M(495M) 10.469ms
[335.333s][info][gc,cpu         ] GC(369) User=0.02s Sys=0.00s Real=0.01s
[335.640s][info][gc,start       ] GC(370) Pause Young (Allocation Failure)
[335.654s][info][gc,heap        ] GC(370) PSYoungGen: 222048K(270848K)->6101K(273920K) Eden: 214919K(215552K)->0K(226816K) From: 7128K(55296K)->6101K(47104K)
[335.654s][info][gc,heap        ] GC(370) ParOldGen: 145202K(236544K)->152324K(236544K)
[335.654s][info][gc,metaspace   ] GC(370) Metaspace: 42834K(43264K)->42834K(43264K) NonClass: 38492K(38784K)->38492K(38784K) Class: 4342K(4480K)->4342K(4480K)
[335.654s][info][gc             ] GC(370) Pause Young (Allocation Failure) 358M->154M(498M) 14.043ms
[335.654s][info][gc,cpu         ] GC(370) User=0.03s Sys=0.00s Real=0.02s
[335.973s][info][gc,start       ] GC(371) Pause Young (Allocation Failure)
[335.984s][info][gc,heap        ] GC(371) PSYoungGen: 232917K(273920K)->4824K(275456K) Eden: 226816K(226816K)->0K(226816K) From: 6101K(47104K)->4824K(48640K)
[335.984s][info][gc,heap        ] GC(371) ParOldGen: 152324K(236544K)->158502K(236544K)
[335.984s][info][gc,metaspace   ] GC(371) Metaspace: 42834K(43264K)->42834K(43264K) NonClass: 38492K(38784K)->38492K(38784K) Class: 4342K(4480K)->4342K(4480K)
[335.984s][info][gc             ] GC(371) Pause Young (Allocation Failure) 376M->159M(500M) 11.446ms
[335.984s][info][gc,cpu         ] GC(371) User=0.02s Sys=0.00s Real=0.01s
[336.530s][info][gc,start       ] GC(372) Pause Young (Allocation Failure)
[336.545s][info][gc,heap        ] GC(372) PSYoungGen: 231640K(275456K)->12878K(281088K) Eden: 226816K(226816K)->0K(239104K) From: 4824K(48640K)->12878K(41984K)
[336.545s][info][gc,heap        ] GC(372) ParOldGen: 158502K(236544K)->163212K(236544K)
[336.545s][info][gc,metaspace   ] GC(372) Metaspace: 42834K(43264K)->42834K(43264K) NonClass: 38492K(38784K)->38492K(38784K) Class: 4342K(4480K)->4342K(4480K)
[336.545s][info][gc             ] GC(372) Pause Young (Allocation Failure) 380M->171M(505M) 15.353ms
[336.545s][info][gc,cpu         ] GC(372) User=0.03s Sys=0.00s Real=0.02s
[337.176s][info][gc,start       ] GC(373) Pause Young (Allocation Failure)
[337.188s][info][gc,heap        ] GC(373) PSYoungGen: 251982K(281088K)->3058K(282624K) Eden: 239104K(239104K)->0K(239104K) From: 12878K(41984K)->3058K(43520K)
[337.188s][info][gc,heap        ] GC(373) ParOldGen: 163212K(236544K)->175299K(236544K)
[337.188s][info][gc,metaspace   ] GC(373) Metaspace: 42872K(43264K)->42872K(43264K) NonClass: 38529K(38784K)->38529K(38784K) Class: 4342K(4480K)->4342K(4480K)
[337.188s][info][gc             ] GC(373) Pause Young (Allocation Failure) 405M->174M(507M) 11.897ms
[337.188s][info][gc,cpu         ] GC(373) User=0.03s Sys=0.00s Real=0.01s
[337.788s][info][gc,start       ] GC(374) Pause Young (Allocation Failure)
[337.792s][info][gc,heap        ] GC(374) PSYoungGen: 242162K(282624K)->2577K(286720K) Eden: 239104K(239104K)->0K(248832K) From: 3058K(43520K)->2577K(37888K)
[337.792s][info][gc,heap        ] GC(374) ParOldGen: 175299K(236544K)->175476K(236544K)
[337.792s][info][gc,metaspace   ] GC(374) Metaspace: 42876K(43264K)->42876K(43264K) NonClass: 38533K(38784K)->38533K(38784K) Class: 4342K(4480K)->4342K(4480K)
[337.792s][info][gc             ] GC(374) Pause Young (Allocation Failure) 407M->173M(511M) 3.511ms
[337.792s][info][gc,cpu         ] GC(374) User=0.00s Sys=0.00s Real=0.01s
[338.409s][info][gc,start       ] GC(375) Pause Young (Allocation Failure)
[338.413s][info][gc,heap        ] GC(375) PSYoungGen: 251409K(286720K)->2787K(288256K) Eden: 248832K(248832K)->0K(248832K) From: 2577K(37888K)->2787K(39424K)
[338.413s][info][gc,heap        ] GC(375) ParOldGen: 175476K(236544K)->175484K(236544K)
[338.413s][info][gc,metaspace   ] GC(375) Metaspace: 42892K(43328K)->42892K(43328K) NonClass: 38550K(38848K)->38550K(38848K) Class: 4342K(4480K)->4342K(4480K)
[338.413s][info][gc             ] GC(375) Pause Young (Allocation Failure) 416M->174M(512M) 3.453ms
[338.413s][info][gc,cpu         ] GC(375) User=0.01s Sys=0.00s Real=0.01s
[339.054s][info][gc,start       ] GC(376) Pause Young (Allocation Failure)
[339.059s][info][gc,heap        ] GC(376) PSYoungGen: 251619K(288256K)->6834K(289792K) Eden: 248832K(248832K)->0K(257024K) From: 2787K(39424K)->6834K(32768K)
[339.059s][info][gc,heap        ] GC(376) ParOldGen: 175484K(236544K)->175532K(236544K)
[339.059s][info][gc,metaspace   ] GC(376) Metaspace: 42896K(43328K)->42896K(43328K) NonClass: 38554K(38848K)->38554K(38848K) Class: 4342K(4480K)->4342K(4480K)
[339.059s][info][gc             ] GC(376) Pause Young (Allocation Failure) 417M->178M(514M) 5.173ms
[339.059s][info][gc,cpu         ] GC(376) User=0.01s Sys=0.00s Real=0.00s
[340.024s][info][gc,start       ] GC(377) Pause Young (Allocation Failure)
[340.029s][info][gc,heap        ] GC(377) PSYoungGen: 263858K(289792K)->2946K(291840K) Eden: 257024K(257024K)->0K(257024K) From: 6834K(32768K)->2946K(34816K)
[340.029s][info][gc,heap        ] GC(377) ParOldGen: 175532K(236544K)->175652K(236544K)
[340.029s][info][gc,metaspace   ] GC(377) Metaspace: 42899K(43328K)->42899K(43328K) NonClass: 38556K(38848K)->38556K(38848K) Class: 4342K(4480K)->4342K(4480K)
[340.029s][info][gc             ] GC(377) Pause Young (Allocation Failure) 429M->174M(516M) 4.733ms
[340.029s][info][gc,cpu         ] GC(377) User=0.01s Sys=0.00s Real=0.00s
[341.270s][info][gc,start       ] GC(378) Pause Young (Allocation Failure)
[341.290s][info][gc,heap        ] GC(378) PSYoungGen: 259970K(291840K)->19738K(296448K) Eden: 257024K(257024K)->0K(263168K) From: 2946K(34816K)->19738K(33280K)
[341.290s][info][gc,heap        ] GC(378) ParOldGen: 175652K(236544K)->178438K(236544K)
[341.290s][info][gc,metaspace   ] GC(378) Metaspace: 42935K(43328K)->42935K(43328K) NonClass: 38593K(38848K)->38593K(38848K) Class: 4342K(4480K)->4342K(4480K)
[341.290s][info][gc             ] GC(378) Pause Young (Allocation Failure) 425M->193M(520M) 20.007ms
[341.291s][info][gc,cpu         ] GC(378) User=0.04s Sys=0.00s Real=0.02s
[341.970s][info][gc,start       ] GC(379) Pause Young (Allocation Failure)
[342.019s][info][gc,heap        ] GC(379) PSYoungGen: 282906K(296448K)->29772K(293376K) Eden: 263168K(263168K)->0K(263168K) From: 19738K(33280K)->29772K(30208K)
[342.019s][info][gc,heap        ] GC(379) ParOldGen: 178438K(236544K)->197766K(236544K)
[342.019s][info][gc,metaspace   ] GC(379) Metaspace: 42935K(43328K)->42935K(43328K) NonClass: 38593K(38848K)->38593K(38848K) Class: 4342K(4480K)->4342K(4480K)
[342.019s][info][gc             ] GC(379) Pause Young (Allocation Failure) 450M->222M(517M) 48.624ms
[342.019s][info][gc,cpu         ] GC(379) User=0.09s Sys=0.00s Real=0.05s
[342.643s][info][gc,start       ] GC(380) Pause Young (Allocation Failure)
[342.703s][info][gc,heap        ] GC(380) PSYoungGen: 292940K(293376K)->32696K(283136K) Eden: 263168K(263168K)->0K(242688K) From: 29772K(30208K)->32696K(40448K)
[342.703s][info][gc,heap        ] GC(380) ParOldGen: 197766K(236544K)->225986K(236544K)
[342.703s][info][gc,metaspace   ] GC(380) Metaspace: 42935K(43328K)->42935K(43328K) NonClass: 38593K(38848K)->38593K(38848K) Class: 4342K(4480K)->4342K(4480K)
[342.703s][info][gc             ] GC(380) Pause Young (Allocation Failure) 479M->252M(507M) 59.363ms
[342.703s][info][gc,cpu         ] GC(380) User=0.11s Sys=0.01s Real=0.06s
[345.939s][info][gc,start       ] GC(381) Pause Young (Allocation Failure)
[345.991s][info][gc,heap        ] GC(381) PSYoungGen: 275384K(283136K)->16912K(288256K) Eden: 242688K(242688K)->0K(242688K) From: 32696K(40448K)->16912K(45568K)
[345.991s][info][gc,heap        ] GC(381) ParOldGen: 225986K(236544K)->255979K(256000K)
[345.991s][info][gc,metaspace   ] GC(381) Metaspace: 42948K(43328K)->42948K(43328K) NonClass: 38606K(38848K)->38606K(38848K) Class: 4342K(4480K)->4342K(4480K)
[345.992s][info][gc             ] GC(381) Pause Young (Allocation Failure) 489M->266M(531M) 52.238ms
[345.992s][info][gc,cpu         ] GC(381) User=0.08s Sys=0.02s Real=0.06s
[346.717s][info][gc,start       ] GC(382) Pause Young (Allocation Failure)
[346.751s][info][gc,heap        ] GC(382) PSYoungGen: 259600K(288256K)->14335K(281088K) Eden: 242688K(242688K)->0K(244736K) From: 16912K(45568K)->14335K(36352K)
[346.751s][info][gc,heap        ] GC(382) ParOldGen: 255979K(256000K)->272690K(272896K)
[346.751s][info][gc,metaspace   ] GC(382) Metaspace: 42952K(43328K)->42952K(43328K) NonClass: 38609K(38848K)->38609K(38848K) Class: 4343K(4480K)->4343K(4480K)
[346.751s][info][gc             ] GC(382) Pause Young (Allocation Failure) 503M->280M(541M) 33.716ms
[346.751s][info][gc,cpu         ] GC(382) User=0.06s Sys=0.01s Real=0.04s
[347.371s][info][gc,start       ] GC(383) Pause Young (Allocation Failure)
[347.420s][info][gc,heap        ] GC(383) PSYoungGen: 259071K(281088K)->30764K(285696K) Eden: 244736K(244736K)->0K(244736K) From: 14335K(36352K)->30764K(40960K)
[347.420s][info][gc,heap        ] GC(383) ParOldGen: 272690K(272896K)->286622K(286720K)
[347.420s][info][gc,metaspace   ] GC(383) Metaspace: 42952K(43328K)->42952K(43328K) NonClass: 38609K(38848K)->38609K(38848K) Class: 4343K(4480K)->4343K(4480K)
[347.420s][info][gc             ] GC(383) Pause Young (Allocation Failure) 519M->309M(559M) 49.323ms
[347.420s][info][gc,cpu         ] GC(383) User=0.09s Sys=0.01s Real=0.04s
[348.049s][info][gc,start       ] GC(384) Pause Young (Allocation Failure)
[348.122s][info][gc,heap        ] GC(384) PSYoungGen: 275500K(285696K)->31128K(283136K) Eden: 244736K(244736K)->0K(238592K) From: 30764K(40960K)->31128K(44544K)
[348.122s][info][gc,heap        ] GC(384) ParOldGen: 286622K(286720K)->315838K(315904K)
[348.122s][info][gc,metaspace   ] GC(384) Metaspace: 42952K(43328K)->42952K(43328K) NonClass: 38609K(38848K)->38609K(38848K) Class: 4343K(4480K)->4343K(4480K)
[348.122s][info][gc             ] GC(384) Pause Young (Allocation Failure) 548M->338M(585M) 72.916ms
[348.122s][info][gc,cpu         ] GC(384) User=0.11s Sys=0.03s Real=0.08s
[349.686s][info][gc,start       ] GC(385) Pause Young (Allocation Failure)
[349.743s][info][gc,heap        ] GC(385) PSYoungGen: 269720K(283136K)->15792K(286208K) Eden: 238592K(238592K)->0K(238592K) From: 31128K(44544K)->15792K(47616K)
[349.743s][info][gc,heap        ] GC(385) ParOldGen: 315838K(315904K)->346951K(347136K)
[349.743s][info][gc,metaspace   ] GC(385) Metaspace: 42952K(43328K)->42952K(43328K) NonClass: 38609K(38848K)->38609K(38848K) Class: 4343K(4480K)->4343K(4480K)
[349.743s][info][gc             ] GC(385) Pause Young (Allocation Failure) 571M->354M(618M) 56.816ms
[349.743s][info][gc,cpu         ] GC(385) User=0.09s Sys=0.03s Real=0.06s
[350.939s][info][gc,start       ] GC(386) Pause Young (Allocation Failure)
[350.963s][info][gc,heap        ] GC(386) PSYoungGen: 254384K(286208K)->8070K(284160K) Eden: 238592K(238592K)->0K(241664K) From: 15792K(47616K)->8070K(42496K)
[350.963s][info][gc,heap        ] GC(386) ParOldGen: 346951K(347136K)->361972K(361984K)
[350.963s][info][gc,metaspace   ] GC(386) Metaspace: 42952K(43328K)->42952K(43328K) NonClass: 38609K(38848K)->38609K(38848K) Class: 4343K(4480K)->4343K(4480K)
[350.963s][info][gc             ] GC(386) Pause Young (Allocation Failure) 587M->361M(631M) 24.514ms
[350.963s][info][gc,cpu         ] GC(386) User=0.04s Sys=0.01s Real=0.03s
[352.364s][info][gc,start       ] GC(387) Pause Young (Allocation Failure)
[352.399s][info][gc,heap        ] GC(387) PSYoungGen: 249734K(284160K)->25526K(285184K) Eden: 241664K(241664K)->0K(241664K) From: 8070K(42496K)->25526K(43520K)
[352.399s][info][gc,heap        ] GC(387) ParOldGen: 361972K(361984K)->370022K(370176K)
[352.399s][info][gc,metaspace   ] GC(387) Metaspace: 42952K(43328K)->42952K(43328K) NonClass: 38609K(38848K)->38609K(38848K) Class: 4343K(4480K)->4343K(4480K)
[352.399s][info][gc             ] GC(387) Pause Young (Allocation Failure) 597M->386M(640M) 35.691ms
[352.399s][info][gc,cpu         ] GC(387) User=0.06s Sys=0.00s Real=0.03s
[353.882s][info][gc,start       ] GC(388) Pause Young (Allocation Failure)
[353.940s][info][gc,heap        ] GC(388) PSYoungGen: 267190K(285184K)->22407K(289792K) Eden: 241664K(241664K)->0K(246272K) From: 25526K(43520K)->22407K(43520K)
[353.940s][info][gc,heap        ] GC(388) ParOldGen: 370022K(370176K)->395334K(395776K)
[353.940s][info][gc,metaspace   ] GC(388) Metaspace: 42952K(43328K)->42952K(43328K) NonClass: 38609K(38848K)->38609K(38848K) Class: 4343K(4480K)->4343K(4480K)
[353.940s][info][gc             ] GC(388) Pause Young (Allocation Failure) 622M->407M(669M) 58.378ms
[353.940s][info][gc,cpu         ] GC(388) User=0.09s Sys=0.02s Real=0.06s
[355.113s][info][gc,start       ] GC(389) Pause Young (Allocation Failure)
[355.167s][info][gc,heap        ] GC(389) PSYoungGen: 268679K(289792K)->30983K(277504K) Eden: 246272K(246272K)->0K(246272K) From: 22407K(43520K)->30983K(31232K)
[355.167s][info][gc,heap        ] GC(389) ParOldGen: 395334K(395776K)->417820K(418304K)
[355.167s][info][gc,metaspace   ] GC(389) Metaspace: 42952K(43328K)->42952K(43328K) NonClass: 38609K(38848K)->38609K(38848K) Class: 4343K(4480K)->4343K(4480K)
[355.167s][info][gc             ] GC(389) Pause Young (Allocation Failure) 648M->438M(679M) 53.347ms
[355.167s][info][gc,cpu         ] GC(389) User=0.08s Sys=0.02s Real=0.05s
[355.801s][info][gc,start       ] GC(390) Pause Young (Allocation Failure)
[355.869s][info][gc,heap        ] GC(390) PSYoungGen: 277255K(277504K)->30924K(284672K) Eden: 246272K(246272K)->0K(238592K) From: 30983K(31232K)->30924K(46080K)
[355.869s][info][gc,heap        ] GC(390) ParOldGen: 417820K(418304K)->448536K(449024K)
[355.869s][info][gc,metaspace   ] GC(390) Metaspace: 42952K(43328K)->42952K(43328K) NonClass: 38609K(38848K)->38609K(38848K) Class: 4343K(4480K)->4343K(4480K)
[355.869s][info][gc             ] GC(390) Pause Young (Allocation Failure) 678M->468M(716M) 67.861ms
[355.869s][info][gc,cpu         ] GC(390) User=0.11s Sys=0.03s Real=0.06s
[356.486s][info][gc,start       ] GC(391) Pause Young (Allocation Failure)
[356.556s][info][gc,heap        ] GC(391) PSYoungGen: 269516K(284672K)->30616K(269312K) Eden: 238592K(238592K)->0K(238592K) From: 30924K(46080K)->30616K(30720K)
[356.556s][info][gc,heap        ] GC(391) ParOldGen: 448536K(449024K)->477944K(478208K)
[356.556s][info][gc,metaspace   ] GC(391) Metaspace: 42952K(43328K)->42952K(43328K) NonClass: 38609K(38848K)->38609K(38848K) Class: 4343K(4480K)->4343K(4480K)
[356.556s][info][gc             ] GC(391) Pause Young (Allocation Failure) 701M->496M(730M) 70.302ms
[356.556s][info][gc,cpu         ] GC(391) User=0.12s Sys=0.01s Real=0.07s
[358.121s][info][gc,start       ] GC(392) Pause Young (Allocation Failure)
[358.178s][info][gc,heap        ] GC(392) PSYoungGen: 269208K(269312K)->16176K(286720K) Eden: 238592K(238592K)->0K(237568K) From: 30616K(30720K)->16176K(49152K)
[358.178s][info][gc,heap        ] GC(392) ParOldGen: 477944K(478208K)->508537K(508928K)
[358.178s][info][gc,metaspace   ] GC(392) Metaspace: 42952K(43328K)->42952K(43328K) NonClass: 38609K(38848K)->38609K(38848K) Class: 4343K(4480K)->4343K(4480K)
[358.178s][info][gc             ] GC(392) Pause Young (Allocation Failure) 729M->512M(777M) 57.055ms
[358.178s][info][gc,cpu         ] GC(392) User=0.09s Sys=0.01s Real=0.05s
[359.197s][info][gc,start       ] GC(393) Pause Young (Allocation Failure)
[359.224s][info][gc,heap        ] GC(393) PSYoungGen: 253744K(286720K)->11182K(248832K) Eden: 237568K(237568K)->0K(237568K) From: 16176K(49152K)->11182K(11264K)
[359.224s][info][gc,heap        ] GC(393) ParOldGen: 508537K(508928K)->524046K(524288K)
[359.224s][info][gc,metaspace   ] GC(393) Metaspace: 42952K(43328K)->42952K(43328K) NonClass: 38609K(38848K)->38609K(38848K) Class: 4343K(4480K)->4343K(4480K)
[359.224s][info][gc             ] GC(393) Pause Young (Allocation Failure) 744M->522M(755M) 27.572ms
[359.224s][info][gc,cpu         ] GC(393) User=0.04s Sys=0.01s Real=0.03s
[360.587s][info][gc,start       ] GC(394) Pause Young (Allocation Failure)
[360.604s][info][gc,heap        ] GC(394) PSYoungGen: 248750K(248832K)->4812K(283648K) Eden: 237568K(237568K)->0K(237568K) From: 11182K(11264K)->4812K(46080K)
[360.604s][info][gc,heap        ] GC(394) ParOldGen: 524046K(524288K)->533961K(534016K)
[360.604s][info][gc,metaspace   ] GC(394) Metaspace: 42952K(43328K)->42952K(43328K) NonClass: 38609K(38848K)->38609K(38848K) Class: 4343K(4480K)->4343K(4480K)
[360.604s][info][gc             ] GC(394) Pause Young (Allocation Failure) 754M->526M(798M) 17.276ms
[360.604s][info][gc,cpu         ] GC(394) User=0.03s Sys=0.00s Real=0.02s
[361.954s][info][gc,start       ] GC(395) Pause Young (Allocation Failure)
[361.983s][info][gc,heap        ] GC(395) PSYoungGen: 242380K(283648K)->22225K(283648K) Eden: 237568K(237568K)->0K(237568K) From: 4812K(46080K)->22225K(46080K)
[361.983s][info][gc,heap        ] GC(395) ParOldGen: 533961K(534016K)->538646K(539136K)
[361.983s][info][gc,metaspace   ] GC(395) Metaspace: 42952K(43328K)->42952K(43328K) NonClass: 38609K(38848K)->38609K(38848K) Class: 4343K(4480K)->4343K(4480K)
[361.983s][info][gc             ] GC(395) Pause Young (Allocation Failure) 758M->547M(803M) 28.589ms
[361.983s][info][gc,cpu         ] GC(395) User=0.05s Sys=0.00s Real=0.03s
[363.223s][info][gc,start       ] GC(396) Pause Young (Allocation Failure)
[363.271s][info][gc,heap        ] GC(396) PSYoungGen: 259793K(283648K)->27345K(285696K) Eden: 237568K(237568K)->0K(241152K) From: 22225K(46080K)->27345K(44544K)
[363.272s][info][gc,heap        ] GC(396) ParOldGen: 538646K(539136K)->560909K(561152K)
[363.272s][info][gc,metaspace   ] GC(396) Metaspace: 42959K(43392K)->42959K(43392K) NonClass: 38616K(38912K)->38616K(38912K) Class: 4343K(4480K)->4343K(4480K)
[363.272s][info][gc             ] GC(396) Pause Young (Allocation Failure) 779M->574M(827M) 48.551ms
[363.272s][info][gc,cpu         ] GC(396) User=0.07s Sys=0.02s Real=0.05s
[364.163s][info][gc,start       ] GC(397) Pause Young (Allocation Failure)
[364.200s][info][gc,heap        ] GC(397) PSYoungGen: 268497K(285696K)->12847K(286208K) Eden: 241152K(241152K)->0K(241152K) From: 27345K(44544K)->12847K(45056K)
[364.200s][info][gc,heap        ] GC(397) ParOldGen: 560909K(561152K)->583793K(584192K)
[364.200s][info][gc,metaspace   ] GC(397) Metaspace: 42973K(43392K)->42973K(43392K) NonClass: 38630K(38912K)->38630K(38912K) Class: 4343K(4480K)->4343K(4480K)
[364.200s][info][gc             ] GC(397) Pause Young (Allocation Failure) 809M->582M(850M) 37.351ms
[364.200s][info][gc,cpu         ] GC(397) User=0.06s Sys=0.01s Real=0.03s
[365.149s][info][gc,start       ] GC(398) Pause Young (Allocation Failure)
[365.160s][info][gc,heap        ] GC(398) PSYoungGen: 253999K(286208K)->13057K(286208K) Eden: 241152K(241152K)->0K(244736K) From: 12847K(45056K)->13057K(41472K)
[365.160s][info][gc,heap        ] GC(398) ParOldGen: 583793K(584192K)->584561K(584704K)
[365.160s][info][gc,metaspace   ] GC(398) Metaspace: 42973K(43392K)->42973K(43392K) NonClass: 38630K(38912K)->38630K(38912K) Class: 4343K(4480K)->4343K(4480K)
[365.160s][info][gc             ] GC(398) Pause Young (Allocation Failure) 818M->583M(850M) 11.663ms
[365.160s][info][gc,cpu         ] GC(398) User=0.02s Sys=0.00s Real=0.02s
[366.093s][info][gc,start       ] GC(399) Pause Young (Allocation Failure)
[366.101s][info][gc,heap        ] GC(399) PSYoungGen: 257793K(286208K)->6033K(287232K) Eden: 244736K(244736K)->0K(244736K) From: 13057K(41472K)->6033K(42496K)
[366.101s][info][gc,heap        ] GC(399) ParOldGen: 584561K(584704K)->585629K(585728K)
[366.101s][info][gc,metaspace   ] GC(399) Metaspace: 42976K(43392K)->42976K(43392K) NonClass: 38633K(38912K)->38633K(38912K) Class: 4343K(4480K)->4343K(4480K)
[366.101s][info][gc             ] GC(399) Pause Young (Allocation Failure) 822M->577M(852M) 7.822ms
[366.101s][info][gc,cpu         ] GC(399) User=0.01s Sys=0.00s Real=0.01s
[366.885s][info][gc,start       ] GC(400) Pause Young (Allocation Failure)
[366.892s][info][gc,heap        ] GC(400) PSYoungGen: 250769K(287232K)->5268K(289792K) Eden: 244736K(244736K)->0K(249344K) From: 6033K(42496K)->5268K(40448K)
[366.892s][info][gc,heap        ] GC(400) ParOldGen: 585629K(585728K)->586869K(587264K)
[366.892s][info][gc,metaspace   ] GC(400) Metaspace: 42977K(43392K)->42977K(43392K) NonClass: 38633K(38912K)->38633K(38912K) Class: 4343K(4480K)->4343K(4480K)
[366.892s][info][gc             ] GC(400) Pause Young (Allocation Failure) 816M->578M(856M) 6.795ms
[366.892s][info][gc,cpu         ] GC(400) User=0.01s Sys=0.00s Real=0.01s
[367.762s][info][gc,start       ] GC(401) Pause Young (Allocation Failure)
[367.789s][info][gc,heap        ] GC(401) PSYoungGen: 254612K(289792K)->29846K(279552K) Eden: 249344K(249344K)->0K(249344K) From: 5268K(40448K)->29846K(30208K)
[367.789s][info][gc,heap        ] GC(401) ParOldGen: 586869K(587264K)->587925K(588288K)
[367.789s][info][gc,metaspace   ] GC(401) Metaspace: 42977K(43392K)->42977K(43392K) NonClass: 38633K(38912K)->38633K(38912K) Class: 4343K(4480K)->4343K(4480K)
[367.789s][info][gc             ] GC(401) Pause Young (Allocation Failure) 821M->603M(847M) 26.508ms
[367.789s][info][gc,cpu         ] GC(401) User=0.05s Sys=0.00s Real=0.02s
[368.879s][info][gc,start       ] GC(402) Pause Young (Allocation Failure)
[368.884s][info][gc,heap        ] GC(402) PSYoungGen: 279190K(279552K)->1568K(289792K) Eden: 249344K(249344K)->0K(245760K) From: 29846K(30208K)->1568K(44032K)
[368.884s][info][gc,heap        ] GC(402) ParOldGen: 587925K(588288K)->588733K(588800K)
[368.884s][info][gc,metaspace   ] GC(402) Metaspace: 42977K(43392K)->42977K(43392K) NonClass: 38634K(38912K)->38634K(38912K) Class: 4343K(4480K)->4343K(4480K)
[368.884s][info][gc             ] GC(402) Pause Young (Allocation Failure) 846M->576M(858M) 4.923ms
[368.884s][info][gc,cpu         ] GC(402) User=0.01s Sys=0.00s Real=0.01s
[369.707s][info][gc,start       ] GC(403) Pause Young (Allocation Failure)
[369.716s][info][gc,heap        ] GC(403) PSYoungGen: 247328K(289792K)->7298K(253440K) Eden: 245760K(245760K)->0K(245760K) From: 1568K(44032K)->7298K(7680K)
[369.716s][info][gc,heap        ] GC(403) ParOldGen: 588733K(588800K)->589885K(590336K)
[369.716s][info][gc,metaspace   ] GC(403) Metaspace: 42977K(43392K)->42977K(43392K) NonClass: 38634K(38912K)->38634K(38912K) Class: 4343K(4480K)->4343K(4480K)
[369.716s][info][gc             ] GC(403) Pause Young (Allocation Failure) 816M->583M(824M) 9.000ms
[369.716s][info][gc,cpu         ] GC(403) User=0.01s Sys=0.00s Real=0.01s
[370.577s][info][gc,start       ] GC(404) Pause Young (Allocation Failure)
[370.586s][info][gc,heap        ] GC(404) PSYoungGen: 253058K(253440K)->8011K(290816K) Eden: 245760K(245760K)->0K(247808K) From: 7298K(7680K)->8011K(43008K)
[370.586s][info][gc,heap        ] GC(404) ParOldGen: 589885K(590336K)->590801K(590848K)
[370.586s][info][gc,metaspace   ] GC(404) Metaspace: 42977K(43392K)->42977K(43392K) NonClass: 38634K(38912K)->38634K(38912K) Class: 4343K(4480K)->4343K(4480K)
[370.586s][info][gc             ] GC(404) Pause Young (Allocation Failure) 823M->584M(861M) 9.212ms
[370.586s][info][gc,cpu         ] GC(404) User=0.02s Sys=0.00s Real=0.01s
[371.457s][info][gc,start       ] GC(405) Pause Young (Allocation Failure)
[371.471s][info][gc,heap        ] GC(405) PSYoungGen: 255819K(290816K)->12739K(288768K) Eden: 247808K(247808K)->0K(247808K) From: 8011K(43008K)->12739K(40960K)
[371.471s][info][gc,heap        ] GC(405) ParOldGen: 590801K(590848K)->591841K(591872K)
[371.471s][info][gc,metaspace   ] GC(405) Metaspace: 42977K(43392K)->42977K(43392K) NonClass: 38634K(38912K)->38634K(38912K) Class: 4343K(4480K)->4343K(4480K)
[371.471s][info][gc             ] GC(405) Pause Young (Allocation Failure) 826M->590M(860M) 14.058ms
[371.471s][info][gc,cpu         ] GC(405) User=0.03s Sys=0.00s Real=0.02s
[372.256s][info][gc,start       ] GC(406) Pause Young (Allocation Failure)
[372.292s][info][gc,heap        ] GC(406) PSYoungGen: 260547K(288768K)->38891K(280576K) Eden: 247808K(247808K)->0K(241664K) From: 12739K(40960K)->38891K(38912K)
[372.292s][info][gc,heap        ] GC(406) ParOldGen: 591841K(591872K)->593217K(593408K)
[372.292s][info][gc,metaspace   ] GC(406) Metaspace: 42977K(43392K)->42977K(43392K) NonClass: 38634K(38912K)->38634K(38912K) Class: 4343K(4480K)->4343K(4480K)
[372.293s][info][gc             ] GC(406) Pause Young (Allocation Failure) 832M->617M(853M) 36.602ms
[372.293s][info][gc,cpu         ] GC(406) User=0.07s Sys=0.01s Real=0.04s
[373.465s][info][gc,start       ] GC(407) Pause Young (Allocation Failure)
[373.516s][info][gc,heap        ] GC(407) PSYoungGen: 280555K(280576K)->18611K(287744K) Eden: 241664K(241664K)->0K(241664K) From: 38891K(38912K)->18611K(46080K)
[373.516s][info][gc,heap        ] GC(407) ParOldGen: 593217K(593408K)->615739K(615936K)
[373.517s][info][gc,metaspace   ] GC(407) Metaspace: 42977K(43392K)->42977K(43392K) NonClass: 38634K(38912K)->38634K(38912K) Class: 4343K(4480K)->4343K(4480K)
[373.517s][info][gc             ] GC(407) Pause Young (Allocation Failure) 853M->619M(882M) 51.631ms
[373.517s][info][gc,cpu         ] GC(407) User=0.08s Sys=0.02s Real=0.05s
[374.480s][info][gc,start       ] GC(408) Pause Young (Allocation Failure)
[374.607s][info][gc,heap        ] GC(408) PSYoungGen: 260275K(287744K)->27180K(287744K) Eden: 241664K(241664K)->0K(243712K) From: 18611K(46080K)->27180K(44032K)
[374.607s][info][gc,heap        ] GC(408) ParOldGen: 615739K(615936K)->634127K(634368K)
[374.607s][info][gc,metaspace   ] GC(408) Metaspace: 42977K(43392K)->42977K(43392K) NonClass: 38634K(38912K)->38634K(38912K) Class: 4343K(4480K)->4343K(4480K)
[374.607s][info][gc             ] GC(408) Pause Young (Allocation Failure) 855M->645M(900M) 126.469ms
[374.607s][info][gc,cpu         ] GC(408) User=0.12s Sys=0.02s Real=0.12s
[375.355s][info][gc,start       ] GC(409) Pause Full (Allocation Failure)
[375.355s][info][gc,phases,start] GC(409) Marking Phase
[375.434s][info][gc,phases      ] GC(409) Marking Phase 79.015ms
[375.434s][info][gc,phases,start] GC(409) Summary Phase
[375.434s][info][gc,phases      ] GC(409) Summary Phase 0.033ms
[375.434s][info][gc,phases,start] GC(409) Forward
[375.458s][info][gc,phases      ] GC(409) Forward 24.537ms
[375.458s][info][gc,phases,start] GC(409) Adjust Pointers
[375.505s][info][gc,phases      ] GC(409) Adjust Pointers 46.213ms
[375.505s][info][gc,phases,start] GC(409) Compaction Phase
[375.530s][info][gc,phases      ] GC(409) Compaction Phase 25.420ms
[375.530s][info][gc,phases,start] GC(409) Post Compact
[375.533s][info][gc,phases      ] GC(409) Post Compact 3.146ms
[375.567s][info][gc,heap        ] GC(409) PSYoungGen: 270892K(287744K)->0K(288768K) Eden: 243712K(243712K)->0K(243712K) From: 27180K(44032K)->0K(45056K)
[375.567s][info][gc,heap        ] GC(409) ParOldGen: 634127K(634368K)->111514K(232960K)
[375.567s][info][gc,metaspace   ] GC(409) Metaspace: 42986K(43392K)->42986K(43392K) NonClass: 38643K(38912K)->38643K(38912K) Class: 4343K(4480K)->4343K(4480K)
[375.567s][info][gc             ] GC(409) Pause Full (Allocation Failure) 883M->108M(509M) 212.735ms
[375.567s][info][gc,cpu         ] GC(409) User=0.29s Sys=0.03s Real=0.21s
[376.391s][info][gc,start       ] GC(410) Pause Young (Allocation Failure)
[376.412s][info][gc,heap        ] GC(410) PSYoungGen: 243712K(288768K)->31694K(283648K) Eden: 243712K(243712K)->0K(238592K) From: 0K(45056K)->31694K(45056K)
[376.412s][info][gc,heap        ] GC(410) ParOldGen: 111514K(232960K)->111514K(232960K)
[376.412s][info][gc,metaspace   ] GC(410) Metaspace: 42986K(43392K)->42986K(43392K) NonClass: 38643K(38912K)->38643K(38912K) Class: 4343K(4480K)->4343K(4480K)
[376.412s][info][gc             ] GC(410) Pause Young (Allocation Failure) 346M->139M(504M) 21.072ms
[376.412s][info][gc,cpu         ] GC(410) User=0.04s Sys=0.00s Real=0.02s
[377.197s][info][gc,start       ] GC(411) Pause Young (Allocation Failure)
[377.235s][info][gc,heap        ] GC(411) PSYoungGen: 270286K(283648K)->47603K(286208K) Eden: 238592K(238592K)->0K(238592K) From: 31694K(45056K)->47603K(47616K)
[377.235s][info][gc,heap        ] GC(411) ParOldGen: 111514K(232960K)->120499K(232960K)
[377.235s][info][gc,metaspace   ] GC(411) Metaspace: 42986K(43392K)->42986K(43392K) NonClass: 38643K(38912K)->38643K(38912K) Class: 4343K(4480K)->4343K(4480K)
[377.235s][info][gc             ] GC(411) Pause Young (Allocation Failure) 372M->164M(507M) 37.972ms
[377.235s][info][gc,cpu         ] GC(411) User=0.07s Sys=0.00s Real=0.04s
[378.086s][info][gc,start       ] GC(412) Pause Young (Allocation Failure)
[378.107s][info][gc,heap        ] GC(412) PSYoungGen: 286195K(286208K)->10246K(267776K) Eden: 238592K(238592K)->0K(220160K) From: 47603K(47616K)->10246K(47616K)
[378.107s][info][gc,heap        ] GC(412) ParOldGen: 120499K(232960K)->141912K(232960K)
[378.107s][info][gc,metaspace   ] GC(412) Metaspace: 42986K(43392K)->42986K(43392K) NonClass: 38643K(38912K)->38643K(38912K) Class: 4343K(4480K)->4343K(4480K)
[378.107s][info][gc             ] GC(412) Pause Young (Allocation Failure) 397M->148M(489M) 21.191ms
[378.107s][info][gc,cpu         ] GC(412) User=0.04s Sys=0.00s Real=0.02s
[378.872s][info][gc,start       ] GC(413) Pause Young (Allocation Failure)
[378.905s][info][gc,heap        ] GC(413) PSYoungGen: 230406K(267776K)->45265K(265728K) Eden: 220160K(220160K)->0K(220160K) From: 10246K(47616K)->45265K(45568K)
[378.905s][info][gc,heap        ] GC(413) ParOldGen: 141912K(232960K)->146006K(232960K)
[378.905s][info][gc,metaspace   ] GC(413) Metaspace: 42986K(43392K)->42986K(43392K) NonClass: 38643K(38912K)->38643K(38912K) Class: 4343K(4480K)->4343K(4480K)
[378.905s][info][gc             ] GC(413) Pause Young (Allocation Failure) 363M->186M(487M) 33.140ms
[378.905s][info][gc,cpu         ] GC(413) User=0.06s Sys=0.00s Real=0.03s
[379.702s][info][gc,start       ] GC(414) Pause Young (Allocation Failure)
[379.714s][info][gc,heap        ] GC(414) PSYoungGen: 265425K(265728K)->15768K(273920K) Eden: 220160K(220160K)->0K(211456K) From: 45265K(45568K)->15768K(62464K)
[379.714s][info][gc,heap        ] GC(414) ParOldGen: 146006K(232960K)->147227K(232960K)
[379.714s][info][gc,metaspace   ] GC(414) Metaspace: 42986K(43392K)->42986K(43392K) NonClass: 38643K(38912K)->38643K(38912K) Class: 4343K(4480K)->4343K(4480K)
[379.714s][info][gc             ] GC(414) Pause Young (Allocation Failure) 401M->159M(495M) 11.696ms
[379.714s][info][gc,cpu         ] GC(414) User=0.02s Sys=0.00s Real=0.01s
[380.447s][info][gc,start       ] GC(415) Pause Young (Allocation Failure)
[380.465s][info][gc,heap        ] GC(415) PSYoungGen: 227224K(273920K)->17328K(228864K) Eden: 211456K(211456K)->0K(211456K) From: 15768K(62464K)->17328K(17408K)
[380.465s][info][gc,heap        ] GC(415) ParOldGen: 147227K(232960K)->157004K(232960K)
[380.465s][info][gc,metaspace   ] GC(415) Metaspace: 42986K(43392K)->42986K(43392K) NonClass: 38643K(38912K)->38643K(38912K) Class: 4343K(4480K)->4343K(4480K)
[380.465s][info][gc             ] GC(415) Pause Young (Allocation Failure) 365M->170M(451M) 17.777ms
[380.465s][info][gc,cpu         ] GC(415) User=0.03s Sys=0.00s Real=0.02s
[381.207s][info][gc,start       ] GC(416) Pause Young (Allocation Failure)
[381.221s][info][gc,heap        ] GC(416) PSYoungGen: 228784K(228864K)->6193K(269312K) Eden: 211456K(211456K)->0K(211968K) From: 17328K(17408K)->6193K(57344K)
[381.221s][info][gc,heap        ] GC(416) ParOldGen: 157004K(232960K)->171976K(232960K)
[381.221s][info][gc,metaspace   ] GC(416) Metaspace: 42986K(43392K)->42986K(43392K) NonClass: 38643K(38912K)->38643K(38912K) Class: 4343K(4480K)->4343K(4480K)
[381.221s][info][gc             ] GC(416) Pause Young (Allocation Failure) 376M->173M(490M) 13.841ms
[381.221s][info][gc,cpu         ] GC(416) User=0.03s Sys=0.00s Real=0.02s
[381.941s][info][gc,start       ] GC(417) Pause Young (Allocation Failure)
[381.952s][info][gc,heap        ] GC(417) PSYoungGen: 218161K(269312K)->16674K(268800K) Eden: 211968K(211968K)->0K(211968K) From: 6193K(57344K)->16674K(56832K)
[381.952s][info][gc,heap        ] GC(417) ParOldGen: 171976K(232960K)->172994K(232960K)
[381.952s][info][gc,metaspace   ] GC(417) Metaspace: 42986K(43392K)->42986K(43392K) NonClass: 38643K(38912K)->38643K(38912K) Class: 4343K(4480K)->4343K(4480K)
[381.952s][info][gc             ] GC(417) Pause Young (Allocation Failure) 380M->185M(490M) 11.460ms
[381.952s][info][gc,cpu         ] GC(417) User=0.02s Sys=0.00s Real=0.01s
[382.660s][info][gc,start       ] GC(418) Pause Young (Allocation Failure)
[382.673s][info][gc,heap        ] GC(418) PSYoungGen: 228642K(268800K)->15671K(274432K) Eden: 211968K(211968K)->0K(222208K) From: 16674K(56832K)->15671K(52224K)
[382.673s][info][gc,heap        ] GC(418) ParOldGen: 172994K(232960K)->173813K(232960K)
[382.673s][info][gc,metaspace   ] GC(418) Metaspace: 42986K(43392K)->42986K(43392K) NonClass: 38643K(38912K)->38643K(38912K) Class: 4343K(4480K)->4343K(4480K)
[382.673s][info][gc             ] GC(418) Pause Young (Allocation Failure) 392M->185M(495M) 13.059ms
[382.673s][info][gc,cpu         ] GC(418) User=0.02s Sys=0.00s Real=0.02s
[383.427s][info][gc,start       ] GC(419) Pause Young (Allocation Failure)
[383.444s][info][gc,heap        ] GC(419) PSYoungGen: 237879K(274432K)->10951K(273408K) Eden: 222208K(222208K)->0K(222208K) From: 15671K(52224K)->10951K(51200K)
[383.444s][info][gc,heap        ] GC(419) ParOldGen: 173813K(232960K)->174322K(232960K)
[383.444s][info][gc,metaspace   ] GC(419) Metaspace: 42986K(43392K)->42986K(43392K) NonClass: 38643K(38912K)->38643K(38912K) Class: 4343K(4480K)->4343K(4480K)
[383.444s][info][gc             ] GC(419) Pause Young (Allocation Failure) 402M->180M(494M) 17.649ms
[383.444s][info][gc,cpu         ] GC(419) User=0.02s Sys=0.00s Real=0.02s
[384.115s][info][gc,start       ] GC(420) Pause Young (Allocation Failure)
[384.131s][info][gc,heap        ] GC(420) PSYoungGen: 233159K(273408K)->21360K(280576K) Eden: 222208K(222208K)->0K(232448K) From: 10951K(51200K)->21360K(48128K)
[384.131s][info][gc,heap        ] GC(420) ParOldGen: 174322K(232960K)->174867K(232960K)
[384.131s][info][gc,metaspace   ] GC(420) Metaspace: 42986K(43392K)->42986K(43392K) NonClass: 38643K(38912K)->38643K(38912K) Class: 4343K(4480K)->4343K(4480K)
[384.131s][info][gc             ] GC(420) Pause Young (Allocation Failure) 397M->191M(501M) 15.490ms
[384.131s][info][gc,cpu         ] GC(420) User=0.03s Sys=0.00s Real=0.02s
[384.832s][info][gc,start       ] GC(421) Pause Young (Allocation Failure)
[384.844s][info][gc,heap        ] GC(421) PSYoungGen: 253808K(280576K)->901K(280064K) Eden: 232448K(232448K)->0K(232448K) From: 21360K(48128K)->901K(47616K)
[384.844s][info][gc,heap        ] GC(421) ParOldGen: 174867K(232960K)->195150K(232960K)
[384.844s][info][gc,metaspace   ] GC(421) Metaspace: 42986K(43392K)->42986K(43392K) NonClass: 38643K(38912K)->38643K(38912K) Class: 4343K(4480K)->4343K(4480K)
[384.844s][info][gc             ] GC(421) Pause Young (Allocation Failure) 418M->191M(501M) 11.598ms
[384.844s][info][gc,cpu         ] GC(421) User=0.03s Sys=0.00s Real=0.01s
[385.384s][info][gc,start       ] GC(422) Pause Young (Allocation Failure)
[385.389s][info][gc,heap        ] GC(422) PSYoungGen: 233349K(280064K)->4199K(284672K) Eden: 232448K(232448K)->0K(238080K) From: 901K(47616K)->4199K(46592K)
[385.389s][info][gc,heap        ] GC(422) ParOldGen: 195150K(232960K)->195182K(232960K)
[385.389s][info][gc,metaspace   ] GC(422) Metaspace: 42986K(43392K)->42986K(43392K) NonClass: 38643K(38912K)->38643K(38912K) Class: 4343K(4480K)->4343K(4480K)
[385.389s][info][gc             ] GC(422) Pause Young (Allocation Failure) 418M->194M(505M) 4.662ms
[385.389s][info][gc,cpu         ] GC(422) User=0.01s Sys=0.00s Real=0.00s
[385.803s][info][gc,start       ] GC(423) Pause Young (Allocation Failure)
[385.808s][info][gc,heap        ] GC(423) PSYoungGen: 242279K(284672K)->2766K(285184K) Eden: 238080K(238080K)->0K(238080K) From: 4199K(46592K)->2766K(47104K)
[385.808s][info][gc,heap        ] GC(423) ParOldGen: 195182K(232960K)->196941K(232960K)
[385.808s][info][gc,metaspace   ] GC(423) Metaspace: 42986K(43392K)->42986K(43392K) NonClass: 38643K(38912K)->38643K(38912K) Class: 4343K(4480K)->4343K(4480K)
[385.808s][info][gc             ] GC(423) Pause Young (Allocation Failure) 427M->195M(506M) 4.541ms
[385.808s][info][gc,cpu         ] GC(423) User=0.01s Sys=0.00s Real=0.00s
[386.201s][info][gc,start       ] GC(424) Pause Young (Allocation Failure)
[386.209s][info][gc,heap        ] GC(424) PSYoungGen: 240846K(285184K)->12051K(280576K) Eden: 238080K(238080K)->0K(240128K) From: 2766K(47104K)->12051K(40448K)
[386.209s][info][gc,heap        ] GC(424) ParOldGen: 196941K(232960K)->197201K(232960K)
[386.209s][info][gc,metaspace   ] GC(424) Metaspace: 42986K(43392K)->42986K(43392K) NonClass: 38643K(38912K)->38643K(38912K) Class: 4343K(4480K)->4343K(4480K)
[386.209s][info][gc             ] GC(424) Pause Young (Allocation Failure) 427M->204M(501M) 7.730ms
[386.209s][info][gc,cpu         ] GC(424) User=0.01s Sys=0.00s Real=0.00s
[386.514s][info][gc,start       ] GC(425) Pause Young (Allocation Failure)
[386.522s][info][gc,heap        ] GC(425) PSYoungGen: 252068K(280576K)->3883K(283648K) Eden: 240017K(240128K)->0K(240128K) From: 12051K(40448K)->3883K(43520K)
[386.522s][info][gc,heap        ] GC(425) ParOldGen: 197201K(232960K)->207169K(232960K)
[386.522s][info][gc,metaspace   ] GC(425) Metaspace: 42986K(43392K)->42986K(43392K) NonClass: 38643K(38912K)->38643K(38912K) Class: 4343K(4480K)->4343K(4480K)
[386.522s][info][gc             ] GC(425) Pause Young (Allocation Failure) 438M->206M(504M) 8.323ms
[386.522s][info][gc,cpu         ] GC(425) User=0.02s Sys=0.00s Real=0.01s
[386.840s][info][gc,start       ] GC(426) Pause Young (Allocation Failure)
[386.846s][info][gc,heap        ] GC(426) PSYoungGen: 242759K(283648K)->3435K(287232K) Eden: 238876K(240128K)->0K(247808K) From: 3883K(43520K)->3435K(39424K)
[386.846s][info][gc,heap        ] GC(426) ParOldGen: 207169K(232960K)->209146K(232960K)
[386.846s][info][gc,metaspace   ] GC(426) Metaspace: 42986K(43392K)->42986K(43392K) NonClass: 38643K(38912K)->38643K(38912K) Class: 4343K(4480K)->4343K(4480K)
[386.846s][info][gc             ] GC(426) Pause Young (Allocation Failure) 439M->207M(508M) 6.355ms
[386.846s][info][gc,cpu         ] GC(426) User=0.01s Sys=0.00s Real=0.01s
[387.181s][info][gc,start       ] GC(427) Pause Young (Allocation Failure)
[387.190s][info][gc,heap        ] GC(427) PSYoungGen: 249916K(287232K)->5668K(289280K) Eden: 246481K(247808K)->0K(247808K) From: 3435K(39424K)->5668K(41472K)
[387.190s][info][gc,heap        ] GC(427) ParOldGen: 209146K(232960K)->212566K(232960K)
[387.190s][info][gc,metaspace   ] GC(427) Metaspace: 42986K(43392K)->42986K(43392K) NonClass: 38643K(38912K)->38643K(38912K) Class: 4343K(4480K)->4343K(4480K)
[387.190s][info][gc             ] GC(427) Pause Young (Allocation Failure) 448M->213M(510M) 9.560ms
[387.190s][info][gc,cpu         ] GC(427) User=0.02s Sys=0.00s Real=0.00s
[387.537s][info][gc,start       ] GC(428) Pause Young (Allocation Failure)
[387.550s][info][gc,heap        ] GC(428) PSYoungGen: 253476K(289280K)->7403K(287744K) Eden: 247808K(247808K)->0K(252416K) From: 5668K(41472K)->7403K(35328K)
[387.551s][info][gc,heap        ] GC(428) ParOldGen: 212566K(232960K)->218192K(232960K)
[387.551s][info][gc,metaspace   ] GC(428) Metaspace: 42986K(43392K)->42986K(43392K) NonClass: 38643K(38912K)->38643K(38912K) Class: 4343K(4480K)->4343K(4480K)
[387.551s][info][gc             ] GC(428) Pause Young (Allocation Failure) 455M->220M(508M) 13.309ms
[387.551s][info][gc,cpu         ] GC(428) User=0.02s Sys=0.00s Real=0.02s
[387.883s][info][gc,start       ] GC(429) Pause Young (Allocation Failure)
[387.894s][info][gc,heap        ] GC(429) PSYoungGen: 258546K(287744K)->3789K(290304K) Eden: 251142K(252416K)->0K(252416K) From: 7403K(35328K)->3789K(37888K)
[387.894s][info][gc,heap        ] GC(429) ParOldGen: 218192K(232960K)->225633K(232960K)
[387.894s][info][gc,metaspace   ] GC(429) Metaspace: 42986K(43392K)->42986K(43392K) NonClass: 38643K(38912K)->38643K(38912K) Class: 4343K(4480K)->4343K(4480K)
[387.894s][info][gc             ] GC(429) Pause Young (Allocation Failure) 465M->224M(511M) 11.647ms
[387.894s][info][gc,cpu         ] GC(429) User=0.03s Sys=0.00s Real=0.01s
[388.434s][info][gc,start       ] GC(430) Pause Young (Allocation Failure)
[388.450s][info][gc,heap        ] GC(430) PSYoungGen: 256205K(290304K)->14657K(292864K) Eden: 252416K(252416K)->0K(259584K) From: 3789K(37888K)->14657K(33280K)
[388.450s][info][gc,heap        ] GC(430) ParOldGen: 225633K(232960K)->229156K(232960K)
[388.450s][info][gc,metaspace   ] GC(430) Metaspace: 42987K(43392K)->42987K(43392K) NonClass: 38644K(38912K)->38644K(38912K) Class: 4343K(4480K)->4343K(4480K)
[388.450s][info][gc             ] GC(430) Pause Young (Allocation Failure) 470M->238M(513M) 15.886ms
[388.450s][info][gc,cpu         ] GC(430) User=0.03s Sys=0.01s Real=0.01s
[389.076s][info][gc,start       ] GC(431) Pause Young (Allocation Failure)
[389.092s][info][gc,heap        ] GC(431) PSYoungGen: 274241K(292864K)->571K(294912K) Eden: 259584K(259584K)->0K(259584K) From: 14657K(33280K)->571K(35328K)
[389.092s][info][gc,heap        ] GC(431) ParOldGen: 229156K(232960K)->243252K(243712K)
[389.092s][info][gc,metaspace   ] GC(431) Metaspace: 42992K(43392K)->42992K(43392K) NonClass: 38649K(38912K)->38649K(38912K) Class: 4343K(4480K)->4343K(4480K)
[389.092s][info][gc             ] GC(431) Pause Young (Allocation Failure) 491M->238M(526M) 16.245ms
[389.092s][info][gc,cpu         ] GC(431) User=0.03s Sys=0.00s Real=0.02s
[389.732s][info][gc,start       ] GC(432) Pause Young (Allocation Failure)
[389.734s][info][gc,heap        ] GC(432) PSYoungGen: 260155K(294912K)->896K(295936K) Eden: 259584K(259584K)->0K(263680K) From: 571K(35328K)->896K(32256K)
[389.734s][info][gc,heap        ] GC(432) ParOldGen: 243252K(243712K)->243430K(243712K)
[389.734s][info][gc,metaspace   ] GC(432) Metaspace: 43025K(43456K)->43025K(43456K) NonClass: 38682K(38976K)->38682K(38976K) Class: 4343K(4480K)->4343K(4480K)
[389.734s][info][gc             ] GC(432) Pause Young (Allocation Failure) 491M->238M(527M) 2.495ms
[389.734s][info][gc,cpu         ] GC(432) User=0.01s Sys=0.00s Real=0.00s
[390.369s][info][gc,start       ] GC(433) Pause Young (Allocation Failure)
[390.372s][info][gc,heap        ] GC(433) PSYoungGen: 264576K(295936K)->2418K(297472K) Eden: 263680K(263680K)->0K(263680K) From: 896K(32256K)->2418K(33792K)
[390.372s][info][gc,heap        ] GC(433) ParOldGen: 243430K(243712K)->243430K(243712K)
[390.372s][info][gc,metaspace   ] GC(433) Metaspace: 43025K(43456K)->43025K(43456K) NonClass: 38682K(38976K)->38682K(38976K) Class: 4343K(4480K)->4343K(4480K)
[390.372s][info][gc             ] GC(433) Pause Young (Allocation Failure) 496M->240M(528M) 3.126ms
[390.372s][info][gc,cpu         ] GC(433) User=0.00s Sys=0.00s Real=0.01s
[391.040s][info][gc,start       ] GC(434) Pause Young (Allocation Failure)
[391.047s][info][gc,heap        ] GC(434) PSYoungGen: 266098K(297472K)->6324K(295424K) Eden: 263680K(263680K)->0K(267264K) From: 2418K(33792K)->6324K(28160K)
[391.047s][info][gc,heap        ] GC(434) ParOldGen: 243430K(243712K)->243502K(243712K)
[391.047s][info][gc,metaspace   ] GC(434) Metaspace: 43027K(43456K)->43027K(43456K) NonClass: 38684K(38976K)->38684K(38976K) Class: 4343K(4480K)->4343K(4480K)
[391.047s][info][gc             ] GC(434) Pause Young (Allocation Failure) 497M->243M(526M) 6.527ms
[391.047s][info][gc,cpu         ] GC(434) User=0.02s Sys=0.00s Real=0.01s
[392.197s][info][gc,start       ] GC(435) Pause Young (Allocation Failure)
[392.202s][info][gc,heap        ] GC(435) PSYoungGen: 273588K(295424K)->3090K(297984K) Eden: 267264K(267264K)->0K(267264K) From: 6324K(28160K)->3090K(30720K)
[392.202s][info][gc,heap        ] GC(435) ParOldGen: 243502K(243712K)->243638K(243712K)
[392.202s][info][gc,metaspace   ] GC(435) Metaspace: 43046K(43456K)->43046K(43456K) NonClass: 38703K(38976K)->38703K(38976K) Class: 4343K(4480K)->4343K(4480K)
[392.202s][info][gc             ] GC(435) Pause Young (Allocation Failure) 504M->240M(529M) 5.095ms
[392.203s][info][gc,cpu         ] GC(435) User=0.01s Sys=0.00s Real=0.01s
[393.236s][info][gc,start       ] GC(436) Pause Young (Allocation Failure)
[393.266s][info][gc,heap        ] GC(436) PSYoungGen: 270354K(297984K)->26250K(295424K) Eden: 267264K(267264K)->0K(266240K) From: 3090K(30720K)->26250K(29184K)
[393.266s][info][gc,heap        ] GC(436) ParOldGen: 243638K(243712K)->246608K(246784K)
[393.266s][info][gc,metaspace   ] GC(436) Metaspace: 43052K(43456K)->43052K(43456K) NonClass: 38709K(38976K)->38709K(38976K) Class: 4343K(4480K)->4343K(4480K)
[393.266s][info][gc             ] GC(436) Pause Young (Allocation Failure) 501M->266M(529M) 30.108ms
[393.266s][info][gc,cpu         ] GC(436) User=0.05s Sys=0.01s Real=0.03s
[393.882s][info][gc,start       ] GC(437) Pause Young (Allocation Failure)
[393.947s][info][gc,heap        ] GC(437) PSYoungGen: 292490K(295424K)->30424K(296960K) Eden: 266240K(266240K)->0K(266240K) From: 26250K(29184K)->30424K(30720K)
[393.947s][info][gc,heap        ] GC(437) ParOldGen: 246608K(246784K)->272051K(272384K)
[393.947s][info][gc,metaspace   ] GC(437) Metaspace: 43052K(43456K)->43052K(43456K) NonClass: 38709K(38976K)->38709K(38976K) Class: 4343K(4480K)->4343K(4480K)
[393.947s][info][gc             ] GC(437) Pause Young (Allocation Failure) 526M->295M(556M) 65.074ms
[393.947s][info][gc,cpu         ] GC(437) User=0.10s Sys=0.02s Real=0.06s
[394.566s][info][gc,start       ] GC(438) Pause Young (Allocation Failure)
[394.632s][info][gc,heap        ] GC(438) PSYoungGen: 296664K(296960K)->29606K(284672K) Eden: 266240K(266240K)->0K(247808K) From: 30424K(30720K)->29606K(36864K)
[394.632s][info][gc,heap        ] GC(438) ParOldGen: 272051K(272384K)->301011K(301056K)
[394.632s][info][gc,metaspace   ] GC(438) Metaspace: 43052K(43456K)->43052K(43456K) NonClass: 38709K(38976K)->38709K(38976K) Class: 4343K(4480K)->4343K(4480K)
[394.633s][info][gc             ] GC(438) Pause Young (Allocation Failure) 555M->322M(572M) 66.889ms
[394.633s][info][gc,cpu         ] GC(438) User=0.11s Sys=0.03s Real=0.07s
[398.125s][info][gc,start       ] GC(439) Pause Young (Allocation Failure)
[398.177s][info][gc,heap        ] GC(439) PSYoungGen: 277414K(284672K)->13104K(290816K) Eden: 247808K(247808K)->0K(247808K) From: 29606K(36864K)->13104K(43008K)
[398.177s][info][gc,heap        ] GC(439) ParOldGen: 301011K(301056K)->330716K(330752K)
[398.177s][info][gc,metaspace   ] GC(439) Metaspace: 43055K(43456K)->43055K(43456K) NonClass: 38712K(38976K)->38712K(38976K) Class: 4343K(4480K)->4343K(4480K)
[398.177s][info][gc             ] GC(439) Pause Young (Allocation Failure) 564M->335M(607M) 52.050ms
[398.177s][info][gc,cpu         ] GC(439) User=0.08s Sys=0.02s Real=0.05s
[398.856s][info][gc,start       ] GC(440) Pause Young (Allocation Failure)
[398.891s][info][gc,heap        ] GC(440) PSYoungGen: 260912K(290816K)->22986K(289280K) Eden: 247808K(247808K)->0K(250368K) From: 13104K(43008K)->22986K(38912K)
[398.891s][info][gc,heap        ] GC(440) ParOldGen: 330716K(330752K)->341565K(342016K)
[398.891s][info][gc,metaspace   ] GC(440) Metaspace: 43058K(43456K)->43058K(43456K) NonClass: 38715K(38976K)->38715K(38976K) Class: 4343K(4480K)->4343K(4480K)
[398.891s][info][gc             ] GC(440) Pause Young (Allocation Failure) 577M->356M(616M) 35.281ms
[398.891s][info][gc,cpu         ] GC(440) User=0.06s Sys=0.01s Real=0.04s
[399.502s][info][gc,start       ] GC(441) Pause Young (Allocation Failure)
[399.565s][info][gc,heap        ] GC(441) PSYoungGen: 273354K(289280K)->31128K(281600K) Eden: 250368K(250368K)->0K(250368K) From: 22986K(38912K)->31128K(31232K)
[399.565s][info][gc,heap        ] GC(441) ParOldGen: 341565K(342016K)->363805K(364032K)
[399.565s][info][gc,metaspace   ] GC(441) Metaspace: 43058K(43456K)->43058K(43456K) NonClass: 38715K(38976K)->38715K(38976K) Class: 4343K(4480K)->4343K(4480K)
[399.565s][info][gc             ] GC(441) Pause Young (Allocation Failure) 600M->385M(630M) 63.323ms
[399.565s][info][gc,cpu         ] GC(441) User=0.10s Sys=0.02s Real=0.06s
[400.207s][info][gc,start       ] GC(442) Pause Young (Allocation Failure)
[400.279s][info][gc,heap        ] GC(442) PSYoungGen: 281496K(281600K)->31600K(283136K) Eden: 250368K(250368K)->0K(238592K) From: 31128K(31232K)->31600K(44544K)
[400.279s][info][gc,heap        ] GC(442) ParOldGen: 363805K(364032K)->393269K(393728K)
[400.279s][info][gc,metaspace   ] GC(442) Metaspace: 43058K(43456K)->43058K(43456K) NonClass: 38715K(38976K)->38715K(38976K) Class: 4343K(4480K)->4343K(4480K)
[400.279s][info][gc             ] GC(442) Pause Young (Allocation Failure) 630M->414M(661M) 71.979ms
[400.279s][info][gc,cpu         ] GC(442) User=0.12s Sys=0.02s Real=0.07s
[401.973s][info][gc,start       ] GC(443) Pause Young (Allocation Failure)
[402.022s][info][gc,heap        ] GC(443) PSYoungGen: 270192K(283136K)->12811K(286208K) Eden: 238592K(238592K)->0K(238592K) From: 31600K(44544K)->12811K(47616K)
[402.022s][info][gc,heap        ] GC(443) ParOldGen: 393269K(393728K)->425086K(425472K)
[402.022s][info][gc,metaspace   ] GC(443) Metaspace: 43058K(43456K)->43058K(43456K) NonClass: 38715K(38976K)->38715K(38976K) Class: 4343K(4480K)->4343K(4480K)
[402.022s][info][gc             ] GC(443) Pause Young (Allocation Failure) 647M->427M(695M) 48.739ms
[402.022s][info][gc,cpu         ] GC(443) User=0.07s Sys=0.03s Real=0.05s
[403.339s][info][gc,start       ] GC(444) Pause Young (Allocation Failure)
[403.354s][info][gc,heap        ] GC(444) PSYoungGen: 251403K(286208K)->288K(285184K) Eden: 238592K(238592K)->0K(240640K) From: 12811K(47616K)->288K(44544K)
[403.354s][info][gc,heap        ] GC(444) ParOldGen: 425086K(425472K)->436642K(436736K)
[403.354s][info][gc,metaspace   ] GC(444) Metaspace: 43058K(43456K)->43058K(43456K) NonClass: 38715K(38976K)->38715K(38976K) Class: 4343K(4480K)->4343K(4480K)
[403.354s][info][gc             ] GC(444) Pause Young (Allocation Failure) 660M->426M(705M) 14.826ms
[403.354s][info][gc,cpu         ] GC(444) User=0.02s Sys=0.01s Real=0.02s
[404.804s][info][gc,start       ] GC(445) Pause Young (Allocation Failure)
[404.827s][info][gc,heap        ] GC(445) PSYoungGen: 240928K(285184K)->21522K(286208K) Eden: 240640K(240640K)->0K(240640K) From: 288K(44544K)->21522K(45568K)
[404.827s][info][gc,heap        ] GC(445) ParOldGen: 436642K(436736K)->436832K(437248K)
[404.827s][info][gc,metaspace   ] GC(445) Metaspace: 43058K(43456K)->43058K(43456K) NonClass: 38715K(38976K)->38715K(38976K) Class: 4343K(4480K)->4343K(4480K)
[404.827s][info][gc             ] GC(445) Pause Young (Allocation Failure) 661M->447M(706M) 23.108ms
[404.827s][info][gc,cpu         ] GC(445) User=0.04s Sys=0.00s Real=0.02s
[406.229s][info][gc,start       ] GC(446) Pause Young (Allocation Failure)
[406.277s][info][gc,heap        ] GC(446) PSYoungGen: 262162K(286208K)->23446K(288256K) Eden: 240640K(240640K)->0K(243712K) From: 21522K(45568K)->23446K(44544K)
[406.277s][info][gc,heap        ] GC(446) ParOldGen: 436832K(437248K)->458438K(458752K)
[406.277s][info][gc,metaspace   ] GC(446) Metaspace: 43058K(43456K)->43058K(43456K) NonClass: 38715K(38976K)->38715K(38976K) Class: 4343K(4480K)->4343K(4480K)
[406.277s][info][gc             ] GC(446) Pause Young (Allocation Failure) 682M->470M(729M) 48.167ms
[406.277s][info][gc,cpu         ] GC(446) User=0.08s Sys=0.01s Real=0.05s
[407.133s][info][gc,start       ] GC(447) Pause Young (Allocation Failure)
[407.192s][info][gc,heap        ] GC(447) PSYoungGen: 267158K(288256K)->33697K(277504K) Eden: 243712K(243712K)->0K(243712K) From: 23446K(44544K)->33697K(33792K)
[407.192s][info][gc,heap        ] GC(447) ParOldGen: 458438K(458752K)->481709K(481792K)
[407.192s][info][gc,metaspace   ] GC(447) Metaspace: 43058K(43456K)->43058K(43456K) NonClass: 38715K(38976K)->38715K(38976K) Class: 4343K(4480K)->4343K(4480K)
[407.192s][info][gc             ] GC(447) Pause Young (Allocation Failure) 708M->503M(741M) 58.646ms
[407.192s][info][gc,cpu         ] GC(447) User=0.10s Sys=0.02s Real=0.06s
[407.792s][info][gc,start       ] GC(448) Pause Young (Allocation Failure)
[407.865s][info][gc,heap        ] GC(448) PSYoungGen: 277409K(277504K)->30456K(282624K) Eden: 243712K(243712K)->0K(234496K) From: 33697K(33792K)->30456K(48128K)
[407.865s][info][gc,heap        ] GC(448) ParOldGen: 481709K(481792K)->514733K(515072K)
[407.865s][info][gc,metaspace   ] GC(448) Metaspace: 43058K(43456K)->43058K(43456K) NonClass: 38715K(38976K)->38715K(38976K) Class: 4343K(4480K)->4343K(4480K)
[407.865s][info][gc             ] GC(448) Pause Young (Allocation Failure) 741M->532M(779M) 73.115ms
[407.865s][info][gc,cpu         ] GC(448) User=0.13s Sys=0.02s Real=0.07s
[408.465s][info][gc,start       ] GC(449) Pause Young (Allocation Failure)
[408.534s][info][gc,heap        ] GC(449) PSYoungGen: 264952K(282624K)->29744K(264704K) Eden: 234496K(234496K)->0K(234496K) From: 30456K(48128K)->29744K(30208K)
[408.534s][info][gc,heap        ] GC(449) ParOldGen: 514733K(515072K)->543525K(543744K)
[408.534s][info][gc,metaspace   ] GC(449) Metaspace: 43058K(43456K)->43058K(43456K) NonClass: 38715K(38976K)->38715K(38976K) Class: 4343K(4480K)->4343K(4480K)
[408.534s][info][gc             ] GC(449) Pause Young (Allocation Failure) 761M->559M(789M) 68.791ms
[408.534s][info][gc,cpu         ] GC(449) User=0.12s Sys=0.02s Real=0.07s
[410.152s][info][gc,start       ] GC(450) Pause Young (Allocation Failure)
[410.198s][info][gc,heap        ] GC(450) PSYoungGen: 264240K(264704K)->10432K(284672K) Eden: 234496K(234496K)->0K(234496K) From: 29744K(30208K)->10432K(50176K)
[410.198s][info][gc,heap        ] GC(450) ParOldGen: 543525K(543744K)->573438K(573440K)
[410.198s][info][gc,metaspace   ] GC(450) Metaspace: 43058K(43456K)->43058K(43456K) NonClass: 38715K(38976K)->38715K(38976K) Class: 4343K(4480K)->4343K(4480K)
[410.198s][info][gc             ] GC(450) Pause Young (Allocation Failure) 788M->570M(838M) 45.578ms
[410.198s][info][gc,cpu         ] GC(450) User=0.06s Sys=0.02s Real=0.04s
[411.371s][info][gc,start       ] GC(451) Pause Young (Allocation Failure)
[411.386s][info][gc,heap        ] GC(451) PSYoungGen: 244928K(284672K)->4121K(283648K) Eden: 234496K(234496K)->0K(234496K) From: 10432K(50176K)->4121K(49152K)
[411.386s][info][gc,heap        ] GC(451) ParOldGen: 573438K(573440K)->582363K(582656K)
[411.386s][info][gc,metaspace   ] GC(451) Metaspace: 43058K(43456K)->43058K(43456K) NonClass: 38715K(38976K)->38715K(38976K) Class: 4343K(4480K)->4343K(4480K)
[411.386s][info][gc             ] GC(451) Pause Young (Allocation Failure) 799M->572M(846M) 15.601ms
[411.386s][info][gc,cpu         ] GC(451) User=0.02s Sys=0.01s Real=0.01s
[412.713s][info][gc,start       ] GC(452) Pause Young (Allocation Failure)
[412.743s][info][gc,heap        ] GC(452) PSYoungGen: 238617K(283648K)->25806K(284160K) Eden: 234496K(234496K)->0K(235008K) From: 4121K(49152K)->25806K(49152K)
[412.743s][info][gc,heap        ] GC(452) ParOldGen: 582363K(582656K)->586368K(586752K)
[412.743s][info][gc,metaspace   ] GC(452) Metaspace: 43058K(43456K)->43058K(43456K) NonClass: 38715K(38976K)->38715K(38976K) Class: 4343K(4480K)->4343K(4480K)
[412.743s][info][gc             ] GC(452) Pause Young (Allocation Failure) 801M->597M(850M) 30.197ms
[412.743s][info][gc,cpu         ] GC(452) User=0.06s Sys=0.00s Real=0.03s
[414.134s][info][gc,start       ] GC(453) Pause Young (Allocation Failure)
[414.187s][info][gc,heap        ] GC(453) PSYoungGen: 260814K(284160K)->23050K(258560K) Eden: 235008K(235008K)->0K(235008K) From: 25806K(49152K)->23050K(23552K)
[414.187s][info][gc,heap        ] GC(453) ParOldGen: 586368K(586752K)->612159K(612352K)
[414.187s][info][gc,metaspace   ] GC(453) Metaspace: 43058K(43456K)->43058K(43456K) NonClass: 38715K(38976K)->38715K(38976K) Class: 4343K(4480K)->4343K(4480K)
[414.187s][info][gc             ] GC(453) Pause Young (Allocation Failure) 827M->620M(850M) 53.183ms
[414.187s][info][gc,cpu         ] GC(453) User=0.09s Sys=0.02s Real=0.05s
[415.300s][info][gc,start       ] GC(454) Pause Young (Allocation Failure)
[415.344s][info][gc,heap        ] GC(454) PSYoungGen: 258058K(258560K)->20386K(285184K) Eden: 235008K(235008K)->0K(238080K) From: 23050K(23552K)->20386K(47104K)
[415.344s][info][gc,heap        ] GC(454) ParOldGen: 612159K(612352K)->635232K(635392K)
[415.344s][info][gc,metaspace   ] GC(454) Metaspace: 43061K(43456K)->43061K(43456K) NonClass: 38718K(38976K)->38718K(38976K) Class: 4343K(4480K)->4343K(4480K)
[415.344s][info][gc             ] GC(454) Pause Young (Allocation Failure) 849M->640M(899M) 44.285ms
[415.344s][info][gc,cpu         ] GC(454) User=0.07s Sys=0.02s Real=0.05s
[416.222s][info][gc,start       ] GC(455) Pause Full (Allocation Failure)
[416.222s][info][gc,phases,start] GC(455) Marking Phase
[416.279s][info][gc,phases      ] GC(455) Marking Phase 56.676ms
[416.279s][info][gc,phases,start] GC(455) Summary Phase
[416.279s][info][gc,phases      ] GC(455) Summary Phase 0.030ms
[416.279s][info][gc,phases,start] GC(455) Forward
[416.292s][info][gc,phases      ] GC(455) Forward 13.252ms
[416.292s][info][gc,phases,start] GC(455) Adjust Pointers
[416.327s][info][gc,phases      ] GC(455) Adjust Pointers 34.891ms
[416.327s][info][gc,phases,start] GC(455) Compaction Phase
[416.342s][info][gc,phases      ] GC(455) Compaction Phase 14.679ms
[416.342s][info][gc,phases,start] GC(455) Post Compact
[416.344s][info][gc,phases      ] GC(455) Post Compact 2.617ms
[416.381s][info][gc,heap        ] GC(455) PSYoungGen: 258466K(285184K)->0K(283136K) Eden: 238080K(238080K)->0K(238080K) From: 20386K(47104K)->0K(45056K)
[416.381s][info][gc,heap        ] GC(455) ParOldGen: 635232K(635392K)->74597K(206336K)
[416.381s][info][gc,metaspace   ] GC(455) Metaspace: 43061K(43456K)->43061K(43456K) NonClass: 38718K(38976K)->38718K(38976K) Class: 4343K(4480K)->4343K(4480K)
[416.381s][info][gc             ] GC(455) Pause Full (Allocation Failure) 872M->72M(478M) 159.032ms
[416.381s][info][gc,cpu         ] GC(455) User=0.19s Sys=0.04s Real=0.16s
[417.242s][info][gc,start       ] GC(456) Pause Young (Allocation Failure)
[417.261s][info][gc,heap        ] GC(456) PSYoungGen: 238080K(283136K)->21949K(287232K) Eden: 238080K(238080K)->0K(243200K) From: 0K(45056K)->21949K(44032K)
[417.261s][info][gc,heap        ] GC(456) ParOldGen: 74597K(206336K)->74597K(206336K)
[417.261s][info][gc,metaspace   ] GC(456) Metaspace: 43061K(43456K)->43061K(43456K) NonClass: 38718K(38976K)->38718K(38976K) Class: 4343K(4480K)->4343K(4480K)
[417.261s][info][gc             ] GC(456) Pause Young (Allocation Failure) 305M->94M(482M) 18.973ms
[417.261s][info][gc,cpu         ] GC(456) User=0.04s Sys=0.00s Real=0.02s
[418.157s][info][gc,start       ] GC(457) Pause Young (Allocation Failure)
[418.165s][info][gc,heap        ] GC(457) PSYoungGen: 265149K(287232K)->8013K(286720K) Eden: 243200K(243200K)->0K(243200K) From: 21949K(44032K)->8013K(43520K)
[418.165s][info][gc,heap        ] GC(457) ParOldGen: 74597K(206336K)->76140K(206336K)
[418.165s][info][gc,metaspace   ] GC(457) Metaspace: 43061K(43456K)->43061K(43456K) NonClass: 38718K(38976K)->38718K(38976K) Class: 4343K(4480K)->4343K(4480K)
[418.165s][info][gc             ] GC(457) Pause Young (Allocation Failure) 331M->82M(481M) 7.943ms
[418.165s][info][gc,cpu         ] GC(457) User=0.02s Sys=0.00s Real=0.01s
[418.970s][info][gc,start       ] GC(458) Pause Young (Allocation Failure)
[418.975s][info][gc,heap        ] GC(458) PSYoungGen: 251213K(286720K)->5572K(289792K) Eden: 243200K(243200K)->0K(246784K) From: 8013K(43520K)->5572K(43008K)
[418.975s][info][gc,heap        ] GC(458) ParOldGen: 76140K(206336K)->77252K(206336K)
[418.975s][info][gc,metaspace   ] GC(458) Metaspace: 43061K(43456K)->43061K(43456K) NonClass: 38718K(38976K)->38718K(38976K) Class: 4343K(4480K)->4343K(4480K)
[418.975s][info][gc             ] GC(458) Pause Young (Allocation Failure) 319M->80M(484M) 5.420ms
[418.975s][info][gc,cpu         ] GC(458) User=0.01s Sys=0.00s Real=0.01s
[419.887s][info][gc,start       ] GC(459) Pause Young (Allocation Failure)
[419.908s][info][gc,heap        ] GC(459) PSYoungGen: 252356K(289792K)->25277K(289280K) Eden: 246784K(246784K)->0K(246784K) From: 5572K(43008K)->25277K(42496K)
[419.908s][info][gc,heap        ] GC(459) ParOldGen: 77252K(206336K)->78404K(206336K)
[419.908s][info][gc,metaspace   ] GC(459) Metaspace: 43062K(43456K)->43062K(43456K) NonClass: 38719K(38976K)->38719K(38976K) Class: 4343K(4480K)->4343K(4480K)
[419.908s][info][gc             ] GC(459) Pause Young (Allocation Failure) 321M->101M(484M) 21.832ms
[419.908s][info][gc,cpu         ] GC(459) User=0.04s Sys=0.00s Real=0.02s
[420.892s][info][gc,start       ] GC(460) Pause Young (Allocation Failure)
[420.902s][info][gc,heap        ] GC(460) PSYoungGen: 272061K(289280K)->12178K(288768K) Eden: 246784K(246784K)->0K(248320K) From: 25277K(42496K)->12178K(40448K)
[420.902s][info][gc,heap        ] GC(460) ParOldGen: 78404K(206336K)->79156K(206336K)
[420.902s][info][gc,metaspace   ] GC(460) Metaspace: 43062K(43456K)->43062K(43456K) NonClass: 38719K(38976K)->38719K(38976K) Class: 4343K(4480K)->4343K(4480K)
[420.902s][info][gc             ] GC(460) Pause Young (Allocation Failure) 342M->89M(483M) 10.734ms
[420.902s][info][gc,cpu         ] GC(460) User=0.02s Sys=0.00s Real=0.01s
[421.711s][info][gc,start       ] GC(461) Pause Young (Allocation Failure)
[421.721s][info][gc,heap        ] GC(461) PSYoungGen: 260498K(288768K)->11604K(289792K) Eden: 248320K(248320K)->0K(248320K) From: 12178K(40448K)->11604K(41472K)
[421.721s][info][gc,heap        ] GC(461) ParOldGen: 79156K(206336K)->80308K(206336K)
[421.721s][info][gc,metaspace   ] GC(461) Metaspace: 43064K(43456K)->43064K(43456K) NonClass: 38720K(38976K)->38720K(38976K) Class: 4343K(4480K)->4343K(4480K)
[421.721s][info][gc             ] GC(461) Pause Young (Allocation Failure) 331M->89M(484M) 10.078ms
[421.721s][info][gc,cpu         ] GC(461) User=0.02s Sys=0.00s Real=0.01s
[422.621s][info][gc,start       ] GC(462) Pause Young (Allocation Failure)
[422.630s][info][gc,heap        ] GC(462) PSYoungGen: 259924K(289792K)->8868K(290304K) Eden: 248320K(248320K)->0K(251904K) From: 11604K(41472K)->8868K(38400K)
[422.630s][info][gc,heap        ] GC(462) ParOldGen: 80308K(206336K)->81172K(206336K)
[422.630s][info][gc,metaspace   ] GC(462) Metaspace: 43065K(43456K)->43065K(43456K) NonClass: 38722K(38976K)->38722K(38976K) Class: 4343K(4480K)->4343K(4480K)
[422.630s][info][gc             ] GC(462) Pause Young (Allocation Failure) 332M->87M(485M) 8.775ms
[422.630s][info][gc,cpu         ] GC(462) User=0.02s Sys=0.00s Real=0.00s
[423.557s][info][gc,start       ] GC(463) Pause Young (Allocation Failure)
[423.565s][info][gc,heap        ] GC(463) PSYoungGen: 260772K(290304K)->8315K(291328K) Eden: 251904K(251904K)->0K(251904K) From: 8868K(38400K)->8315K(39424K)
[423.565s][info][gc,heap        ] GC(463) ParOldGen: 81172K(206336K)->82276K(206336K)
[423.565s][info][gc,metaspace   ] GC(463) Metaspace: 43065K(43456K)->43065K(43456K) NonClass: 38722K(38976K)->38722K(38976K) Class: 4343K(4480K)->4343K(4480K)
[423.565s][info][gc             ] GC(463) Pause Young (Allocation Failure) 333M->88M(486M) 7.970ms
[423.565s][info][gc,cpu         ] GC(463) User=0.01s Sys=0.00s Real=0.01s
[424.463s][info][gc,start       ] GC(464) Pause Young (Allocation Failure)
[424.502s][info][gc,heap        ] GC(464) PSYoungGen: 260219K(291328K)->38397K(280064K) Eden: 251904K(251904K)->0K(241664K) From: 8315K(39424K)->38397K(38400K)
[424.502s][info][gc,heap        ] GC(464) ParOldGen: 82276K(206336K)->86440K(206336K)
[424.502s][info][gc,metaspace   ] GC(464) Metaspace: 43065K(43456K)->43065K(43456K) NonClass: 38722K(38976K)->38722K(38976K) Class: 4343K(4480K)->4343K(4480K)
[424.502s][info][gc             ] GC(464) Pause Young (Allocation Failure) 334M->121M(475M) 38.538ms
[424.502s][info][gc,cpu         ] GC(464) User=0.08s Sys=0.00s Real=0.04s
[425.681s][info][gc,start       ] GC(465) Pause Young (Allocation Failure)
[425.738s][info][gc,heap        ] GC(465) PSYoungGen: 280061K(280064K)->19477K(287744K) Eden: 241664K(241664K)->0K(241664K) From: 38397K(38400K)->19477K(46080K)
[425.738s][info][gc,heap        ] GC(465) ParOldGen: 86440K(206336K)->106625K(206336K)
[425.738s][info][gc,metaspace   ] GC(465) Metaspace: 43065K(43456K)->43065K(43456K) NonClass: 38722K(38976K)->38722K(38976K) Class: 4343K(4480K)->4343K(4480K)
[425.738s][info][gc             ] GC(465) Pause Young (Allocation Failure) 357M->123M(482M) 56.244ms
[425.738s][info][gc,cpu         ] GC(465) User=0.08s Sys=0.00s Real=0.05s
[426.570s][info][gc,start       ] GC(466) Pause Young (Allocation Failure)
[426.589s][info][gc,heap        ] GC(466) PSYoungGen: 261141K(287744K)->1424K(285696K) Eden: 241664K(241664K)->0K(243712K) From: 19477K(46080K)->1424K(41984K)
[426.589s][info][gc,heap        ] GC(466) ParOldGen: 106625K(206336K)->126144K(206336K)
[426.589s][info][gc,metaspace   ] GC(466) Metaspace: 43065K(43456K)->43065K(43456K) NonClass: 38722K(38976K)->38722K(38976K) Class: 4343K(4480K)->4343K(4480K)
[426.589s][info][gc             ] GC(466) Pause Young (Allocation Failure) 359M->124M(480M) 19.560ms
[426.589s][info][gc,cpu         ] GC(466) User=0.04s Sys=0.00s Real=0.02s
[427.317s][info][gc,start       ] GC(467) Pause Young (Allocation Failure)
[427.327s][info][gc,heap        ] GC(467) PSYoungGen: 245136K(285696K)->11060K(287744K) Eden: 243712K(243712K)->0K(243712K) From: 1424K(41984K)->11060K(44032K)
[427.327s][info][gc,heap        ] GC(467) ParOldGen: 126144K(206336K)->127392K(206336K)
[427.327s][info][gc,metaspace   ] GC(467) Metaspace: 43065K(43456K)->43065K(43456K) NonClass: 38722K(38976K)->38722K(38976K) Class: 4343K(4480K)->4343K(4480K)
[427.327s][info][gc             ] GC(467) Pause Young (Allocation Failure) 362M->135M(482M) 10.060ms
[427.327s][info][gc,cpu         ] GC(467) User=0.02s Sys=0.00s Real=0.01s
[428.108s][info][gc,start       ] GC(468) Pause Young (Allocation Failure)
[428.119s][info][gc,heap        ] GC(468) PSYoungGen: 254772K(287744K)->8795K(286208K) Eden: 243712K(243712K)->0K(247296K) From: 11060K(44032K)->8795K(38912K)
[428.119s][info][gc,heap        ] GC(468) ParOldGen: 127392K(206336K)->136963K(206336K)
[428.119s][info][gc,metaspace   ] GC(468) Metaspace: 43065K(43456K)->43065K(43456K) NonClass: 38722K(38976K)->38722K(38976K) Class: 4343K(4480K)->4343K(4480K)
[428.119s][info][gc             ] GC(468) Pause Young (Allocation Failure) 373M->142M(481M) 10.890ms
[428.119s][info][gc,cpu         ] GC(468) User=0.02s Sys=0.00s Real=0.01s
[428.963s][info][gc,start       ] GC(469) Pause Young (Allocation Failure)
[428.983s][info][gc,heap        ] GC(469) PSYoungGen: 256091K(286208K)->32203K(288256K) Eden: 247296K(247296K)->0K(247296K) From: 8795K(38912K)->32203K(40960K)
[428.983s][info][gc,heap        ] GC(469) ParOldGen: 136963K(206336K)->137403K(206336K)
[428.983s][info][gc,metaspace   ] GC(469) Metaspace: 43066K(43456K)->43066K(43456K) NonClass: 38722K(38976K)->38722K(38976K) Class: 4343K(4480K)->4343K(4480K)
[428.983s][info][gc             ] GC(469) Pause Young (Allocation Failure) 383M->165M(483M) 20.446ms
[428.983s][info][gc,cpu         ] GC(469) User=0.04s Sys=0.00s Real=0.02s
[429.822s][info][gc,start       ] GC(470) Pause Young (Allocation Failure)
[429.852s][info][gc,heap        ] GC(470) PSYoungGen: 279499K(288256K)->43650K(274944K) Eden: 247296K(247296K)->0K(230400K) From: 32203K(40960K)->43650K(44544K)
[429.852s][info][gc,heap        ] GC(470) ParOldGen: 137403K(206336K)->138187K(206336K)
[429.852s][info][gc,metaspace   ] GC(470) Metaspace: 43066K(43456K)->43066K(43456K) NonClass: 38722K(38976K)->38722K(38976K) Class: 4343K(4480K)->4343K(4480K)
[429.852s][info][gc             ] GC(470) Pause Young (Allocation Failure) 407M->177M(470M) 29.277ms
[429.852s][info][gc,cpu         ] GC(470) User=0.06s Sys=0.01s Real=0.03s
[430.686s][info][gc,start       ] GC(471) Pause Young (Allocation Failure)
[430.698s][info][gc,heap        ] GC(471) PSYoungGen: 274050K(274944K)->15246K(282112K) Eden: 230400K(230400K)->0K(230400K) From: 43650K(44544K)->15246K(51712K)
[430.698s][info][gc,heap        ] GC(471) ParOldGen: 138187K(206336K)->139853K(206336K)
[430.698s][info][gc,metaspace   ] GC(471) Metaspace: 43066K(43456K)->43066K(43456K) NonClass: 38722K(38976K)->38722K(38976K) Class: 4343K(4480K)->4343K(4480K)
[430.698s][info][gc             ] GC(471) Pause Young (Allocation Failure) 402M->151M(477M) 11.931ms
[430.698s][info][gc,cpu         ] GC(471) User=0.03s Sys=0.00s Real=0.01s
[431.499s][info][gc,start       ] GC(472) Pause Young (Allocation Failure)
[431.577s][info][gc,heap        ] GC(472) PSYoungGen: 245646K(282112K)->49151K(228352K) Eden: 230400K(230400K)->0K(179200K) From: 15246K(51712K)->49151K(49152K)
[431.577s][info][gc,heap        ] GC(472) ParOldGen: 139853K(206336K)->193687K(206336K)
[431.577s][info][gc,metaspace   ] GC(472) Metaspace: 43066K(43456K)->43066K(43456K) NonClass: 38722K(38976K)->38722K(38976K) Class: 4343K(4480K)->4343K(4480K)
[431.577s][info][gc             ] GC(472) Pause Young (Allocation Failure) 376M->237M(424M) 78.799ms
[431.577s][info][gc,cpu         ] GC(472) User=0.15s Sys=0.01s Real=0.08s
[432.174s][info][gc,start       ] GC(473) Pause Young (Allocation Failure)
[432.227s][info][gc,heap        ] GC(473) PSYoungGen: 228351K(228352K)->21352K(256512K) Eden: 179200K(179200K)->0K(179200K) From: 49151K(49152K)->21352K(77312K)
[432.227s][info][gc,heap        ] GC(473) ParOldGen: 193687K(206336K)->233333K(233472K)
[432.227s][info][gc,metaspace   ] GC(473) Metaspace: 43066K(43456K)->43066K(43456K) NonClass: 38722K(38976K)->38722K(38976K) Class: 4343K(4480K)->4343K(4480K)
[432.227s][info][gc             ] GC(473) Pause Young (Allocation Failure) 412M->248M(478M) 53.043ms
[432.228s][info][gc,cpu         ] GC(473) User=0.09s Sys=0.02s Real=0.05s
[432.864s][info][gc,start       ] GC(474) Pause Young (Allocation Failure)
[432.888s][info][gc,heap        ] GC(474) PSYoungGen: 200552K(256512K)->25288K(243712K) Eden: 179200K(179200K)->0K(182784K) From: 21352K(77312K)->25288K(60928K)
[432.888s][info][gc,heap        ] GC(474) ParOldGen: 233333K(233472K)->240085K(240128K)
[432.888s][info][gc,metaspace   ] GC(474) Metaspace: 43066K(43456K)->43066K(43456K) NonClass: 38722K(38976K)->38722K(38976K) Class: 4343K(4480K)->4343K(4480K)
[432.888s][info][gc             ] GC(474) Pause Young (Allocation Failure) 423M->259M(472M) 23.979ms
[432.888s][info][gc,cpu         ] GC(474) User=0.04s Sys=0.01s Real=0.02s
[433.501s][info][gc,start       ] GC(475) Pause Young (Allocation Failure)
[433.513s][info][gc,heap        ] GC(475) PSYoungGen: 208072K(243712K)->15963K(251904K) Eden: 182784K(182784K)->0K(182784K) From: 25288K(60928K)->15963K(69120K)
[433.513s][info][gc,heap        ] GC(475) ParOldGen: 240085K(240128K)->240905K(241152K)
[433.513s][info][gc,metaspace   ] GC(475) Metaspace: 43066K(43456K)->43066K(43456K) NonClass: 38722K(38976K)->38722K(38976K) Class: 4343K(4480K)->4343K(4480K)
[433.513s][info][gc             ] GC(475) Pause Young (Allocation Failure) 437M->250M(481M) 11.315ms
[433.513s][info][gc,cpu         ] GC(475) User=0.03s Sys=0.00s Real=0.01s
[434.119s][info][gc,start       ] GC(476) Pause Young (Allocation Failure)
[434.124s][info][gc,heap        ] GC(476) PSYoungGen: 198747K(251904K)->4630K(261120K) Eden: 182784K(182784K)->0K(198144K) From: 15963K(69120K)->4630K(62976K)
[434.124s][info][gc,heap        ] GC(476) ParOldGen: 240905K(241152K)->241632K(241664K)
[434.124s][info][gc,metaspace   ] GC(476) Metaspace: 43066K(43456K)->43066K(43456K) NonClass: 38722K(38976K)->38722K(38976K) Class: 4343K(4480K)->4343K(4480K)
[434.124s][info][gc             ] GC(476) Pause Young (Allocation Failure) 429M->240M(491M) 4.837ms
[434.124s][info][gc,cpu         ] GC(476) User=0.01s Sys=0.00s Real=0.01s
[434.784s][info][gc,start       ] GC(477) Pause Young (Allocation Failure)
[434.802s][info][gc,heap        ] GC(477) PSYoungGen: 202774K(261120K)->28499K(264192K) Eden: 198144K(198144K)->0K(198144K) From: 4630K(62976K)->28499K(66048K)
[434.802s][info][gc,heap        ] GC(477) ParOldGen: 241632K(241664K)->242075K(242176K)
[434.802s][info][gc,metaspace   ] GC(477) Metaspace: 43066K(43456K)->43066K(43456K) NonClass: 38722K(38976K)->38722K(38976K) Class: 4343K(4480K)->4343K(4480K)
[434.802s][info][gc             ] GC(477) Pause Young (Allocation Failure) 433M->264M(494M) 18.053ms
[434.802s][info][gc,cpu         ] GC(477) User=0.03s Sys=0.00s Real=0.02s
[435.417s][info][gc,start       ] GC(478) Pause Young (Allocation Failure)
[435.431s][info][gc,heap        ] GC(478) PSYoungGen: 226643K(264192K)->21809K(259584K) Eden: 198144K(198144K)->0K(203776K) From: 28499K(66048K)->21809K(55808K)
[435.431s][info][gc,heap        ] GC(478) ParOldGen: 242075K(242176K)->242504K(242688K)
[435.431s][info][gc,metaspace   ] GC(478) Metaspace: 43066K(43456K)->43066K(43456K) NonClass: 38722K(38976K)->38722K(38976K) Class: 4343K(4480K)->4343K(4480K)
[435.431s][info][gc             ] GC(478) Pause Young (Allocation Failure) 457M->258M(490M) 13.692ms
[435.431s][info][gc,cpu         ] GC(478) User=0.02s Sys=0.00s Real=0.02s
[436.057s][info][gc,start       ] GC(479) Pause Young (Allocation Failure)
[436.078s][info][gc,heap        ] GC(479) PSYoungGen: 225585K(259584K)->803K(264192K) Eden: 203776K(203776K)->0K(203776K) From: 21809K(55808K)->803K(60416K)
[436.078s][info][gc,heap        ] GC(479) ParOldGen: 242504K(242688K)->263053K(263168K)
[436.078s][info][gc,metaspace   ] GC(479) Metaspace: 43066K(43456K)->43066K(43456K) NonClass: 38722K(38976K)->38722K(38976K) Class: 4343K(4480K)->4343K(4480K)
[436.078s][info][gc             ] GC(479) Pause Young (Allocation Failure) 457M->257M(515M) 20.679ms
[436.078s][info][gc,cpu         ] GC(479) User=0.02s Sys=0.01s Real=0.02s
[436.684s][info][gc,start       ] GC(480) Pause Young (Allocation Failure)
[436.689s][info][gc,heap        ] GC(480) PSYoungGen: 204579K(264192K)->4298K(271360K) Eden: 203776K(203776K)->0K(212992K) From: 803K(60416K)->4298K(58368K)
[436.689s][info][gc,heap        ] GC(480) ParOldGen: 263053K(263168K)->263069K(263168K)
[436.689s][info][gc,metaspace   ] GC(480) Metaspace: 43066K(43456K)->43066K(43456K) NonClass: 38722K(38976K)->38722K(38976K) Class: 4343K(4480K)->4343K(4480K)
[436.689s][info][gc             ] GC(480) Pause Young (Allocation Failure) 456M->261M(522M) 4.800ms
[436.689s][info][gc,cpu         ] GC(480) User=0.01s Sys=0.00s Real=0.00s
[437.047s][info][gc,start       ] GC(481) Pause Young (Allocation Failure)
[437.054s][info][gc,heap        ] GC(481) PSYoungGen: 217290K(271360K)->1934K(272384K) Eden: 212992K(212992K)->0K(212992K) From: 4298K(58368K)->1934K(59392K)
[437.054s][info][gc,heap        ] GC(481) ParOldGen: 263069K(263168K)->265048K(265216K)
[437.054s][info][gc,metaspace   ] GC(481) Metaspace: 43066K(43456K)->43066K(43456K) NonClass: 38722K(38976K)->38722K(38976K) Class: 4343K(4480K)->4343K(4480K)
[437.054s][info][gc             ] GC(481) Pause Young (Allocation Failure) 469M->260M(525M) 6.331ms
[437.054s][info][gc,cpu         ] GC(481) User=0.00s Sys=0.00s Real=0.01s
[437.463s][info][gc,start       ] GC(482) Pause Young (Allocation Failure)
[437.471s][info][gc,heap        ] GC(482) PSYoungGen: 214926K(272384K)->14080K(266752K) Eden: 212992K(212992K)->0K(215552K) From: 1934K(59392K)->14080K(51200K)
[437.471s][info][gc,heap        ] GC(482) ParOldGen: 265048K(265216K)->265120K(265216K)
[437.471s][info][gc,metaspace   ] GC(482) Metaspace: 43066K(43456K)->43066K(43456K) NonClass: 38722K(38976K)->38722K(38976K) Class: 4343K(4480K)->4343K(4480K)
[437.471s][info][gc             ] GC(482) Pause Young (Allocation Failure) 468M->272M(519M) 7.898ms
[437.471s][info][gc,cpu         ] GC(482) User=0.02s Sys=0.00s Real=0.01s
[437.766s][info][gc,start       ] GC(483) Pause Young (Allocation Failure)
[437.775s][info][gc,heap        ] GC(483) PSYoungGen: 228798K(266752K)->3978K(270848K) Eden: 214718K(215552K)->0K(215552K) From: 14080K(51200K)->3978K(55296K)
[437.775s][info][gc,heap        ] GC(483) ParOldGen: 265120K(265216K)->271411K(271872K)
[437.775s][info][gc,metaspace   ] GC(483) Metaspace: 43066K(43456K)->43066K(43456K) NonClass: 38722K(38976K)->38722K(38976K) Class: 4343K(4480K)->4343K(4480K)
[437.775s][info][gc             ] GC(483) Pause Young (Allocation Failure) 482M->268M(530M) 9.554ms
[437.775s][info][gc,cpu         ] GC(483) User=0.02s Sys=0.01s Real=0.01s
[438.044s][info][gc,start       ] GC(484) Pause Young (Allocation Failure)
[438.052s][info][gc,heap        ] GC(484) PSYoungGen: 219530K(270848K)->3883K(273920K) Eden: 215552K(215552K)->0K(224768K) From: 3978K(55296K)->3883K(49152K)
[438.052s][info][gc,heap        ] GC(484) ParOldGen: 271411K(271872K)->275378K(275456K)
[438.052s][info][gc,metaspace   ] GC(484) Metaspace: 43068K(43456K)->43068K(43456K) NonClass: 38725K(38976K)->38725K(38976K) Class: 4343K(4480K)->4343K(4480K)
[438.052s][info][gc             ] GC(484) Pause Young (Allocation Failure) 479M->272M(536M) 7.953ms
[438.052s][info][gc,cpu         ] GC(484) User=0.01s Sys=0.01s Real=0.01s
[438.345s][info][gc,start       ] GC(485) Pause Young (Allocation Failure)
[438.352s][info][gc,heap        ] GC(485) PSYoungGen: 228651K(273920K)->3387K(276992K) Eden: 224768K(224768K)->0K(224768K) From: 3883K(49152K)->3387K(52224K)
[438.353s][info][gc,heap        ] GC(485) ParOldGen: 275378K(275456K)->277351K(277504K)
[438.353s][info][gc,metaspace   ] GC(485) Metaspace: 43068K(43456K)->43068K(43456K) NonClass: 38725K(38976K)->38725K(38976K) Class: 4343K(4480K)->4343K(4480K)
[438.353s][info][gc             ] GC(485) Pause Young (Allocation Failure) 492M->274M(541M) 7.552ms
[438.353s][info][gc,cpu         ] GC(485) User=0.01s Sys=0.00s Real=0.01s
[438.649s][info][gc,start       ] GC(486) Pause Young (Allocation Failure)
[438.660s][info][gc,heap        ] GC(486) PSYoungGen: 226476K(276992K)->4611K(275968K) Eden: 223088K(224768K)->0K(230912K) From: 3387K(52224K)->4611K(45056K)
[438.660s][info][gc,heap        ] GC(486) ParOldGen: 277351K(277504K)->280733K(281088K)
[438.660s][info][gc,metaspace   ] GC(486) Metaspace: 43068K(43456K)->43068K(43456K) NonClass: 38725K(38976K)->38725K(38976K) Class: 4343K(4480K)->4343K(4480K)
[438.660s][info][gc             ] GC(486) Pause Young (Allocation Failure) 492M->278M(544M) 10.327ms
[438.660s][info][gc,cpu         ] GC(486) User=0.02s Sys=0.00s Real=0.01s
[438.979s][info][gc,start       ] GC(487) Pause Young (Allocation Failure)
[438.995s][info][gc,heap        ] GC(487) PSYoungGen: 233889K(275968K)->7690K(279552K) Eden: 229277K(230912K)->0K(230912K) From: 4611K(45056K)->7690K(48640K)
[438.995s][info][gc,heap        ] GC(487) ParOldGen: 280733K(281088K)->285362K(285696K)
[438.995s][info][gc,metaspace   ] GC(487) Metaspace: 43068K(43456K)->43068K(43456K) NonClass: 38725K(38976K)->38725K(38976K) Class: 4343K(4480K)->4343K(4480K)
[438.995s][info][gc             ] GC(487) Pause Young (Allocation Failure) 502M->286M(552M) 15.784ms
[438.995s][info][gc,cpu         ] GC(487) User=0.02s Sys=0.00s Real=0.02s
[439.292s][info][gc,start       ] GC(488) Pause Young (Allocation Failure)
[439.306s][info][gc,heap        ] GC(488) PSYoungGen: 238602K(279552K)->1706K(281088K) Eden: 230912K(230912K)->0K(239104K) From: 7690K(48640K)->1706K(41984K)
[439.306s][info][gc,heap        ] GC(488) ParOldGen: 285362K(285696K)->293188K(293376K)
[439.306s][info][gc,metaspace   ] GC(488) Metaspace: 43071K(43456K)->43071K(43456K) NonClass: 38728K(38976K)->38728K(38976K) Class: 4343K(4480K)->4343K(4480K)
[439.306s][info][gc             ] GC(488) Pause Young (Allocation Failure) 511M->287M(561M) 13.780ms
[439.306s][info][gc,cpu         ] GC(488) User=0.02s Sys=0.00s Real=0.01s
[439.763s][info][gc,start       ] GC(489) Pause Young (Allocation Failure)
[439.781s][info][gc,heap        ] GC(489) PSYoungGen: 240317K(281088K)->16567K(283648K) Eden: 238610K(239104K)->0K(239104K) From: 1706K(41984K)->16567K(44544K)
[439.781s][info][gc,heap        ] GC(489) ParOldGen: 293188K(293376K)->294559K(294912K)
[439.781s][info][gc,metaspace   ] GC(489) Metaspace: 43071K(43456K)->43071K(43456K) NonClass: 38728K(38976K)->38728K(38976K) Class: 4343K(4480K)->4343K(4480K)
[439.781s][info][gc             ] GC(489) Pause Young (Allocation Failure) 521M->303M(565M) 17.420ms
[439.781s][info][gc,cpu         ] GC(489) User=0.03s Sys=0.00s Real=0.02s
[440.343s][info][gc,start       ] GC(490) Pause Young (Allocation Failure)
[440.365s][info][gc,heap        ] GC(490) PSYoungGen: 255671K(283648K)->2688K(285184K) Eden: 239104K(239104K)->0K(246272K) From: 16567K(44544K)->2688K(38912K)
[440.365s][info][gc,heap        ] GC(490) ParOldGen: 294559K(294912K)->310455K(310784K)
[440.365s][info][gc,metaspace   ] GC(490) Metaspace: 43071K(43456K)->43071K(43456K) NonClass: 38728K(38976K)->38728K(38976K) Class: 4343K(4480K)->4343K(4480K)
[440.365s][info][gc             ] GC(490) Pause Young (Allocation Failure) 537M->305M(582M) 22.040ms
[440.365s][info][gc,cpu         ] GC(490) User=0.03s Sys=0.01s Real=0.02s
[440.972s][info][gc,start       ] GC(491) Pause Young (Allocation Failure)
[440.976s][info][gc,heap        ] GC(491) PSYoungGen: 248960K(285184K)->2993K(287744K) Eden: 246272K(246272K)->0K(246272K) From: 2688K(38912K)->2993K(41472K)
[440.976s][info][gc,heap        ] GC(491) ParOldGen: 310455K(310784K)->311481K(311808K)
[440.976s][info][gc,metaspace   ] GC(491) Metaspace: 43087K(43456K)->43087K(43456K) NonClass: 38743K(38976K)->38743K(38976K) Class: 4343K(4480K)->4343K(4480K)
[440.977s][info][gc             ] GC(491) Pause Young (Allocation Failure) 546M->307M(585M) 4.962ms
[440.977s][info][gc,cpu         ] GC(491) User=0.01s Sys=0.00s Real=0.00s
[441.564s][info][gc,start       ] GC(492) Pause Young (Allocation Failure)
[441.568s][info][gc,heap        ] GC(492) PSYoungGen: 249265K(287744K)->2674K(287232K) Eden: 246272K(246272K)->0K(252416K) From: 2993K(41472K)->2674K(34816K)
[441.568s][info][gc,heap        ] GC(492) ParOldGen: 311481K(311808K)->311489K(311808K)
[441.568s][info][gc,metaspace   ] GC(492) Metaspace: 43088K(43456K)->43088K(43456K) NonClass: 38745K(38976K)->38745K(38976K) Class: 4343K(4480K)->4343K(4480K)
[441.568s][info][gc             ] GC(492) Pause Young (Allocation Failure) 547M->306M(585M) 3.718ms
[441.568s][info][gc,cpu         ] GC(492) User=0.01s Sys=0.00s Real=0.00s
[442.209s][info][gc,start       ] GC(493) Pause Young (Allocation Failure)
[442.212s][info][gc,heap        ] GC(493) PSYoungGen: 255090K(287232K)->2911K(290304K) Eden: 252416K(252416K)->0K(252416K) From: 2674K(34816K)->2911K(37888K)
[442.212s][info][gc,heap        ] GC(493) ParOldGen: 311489K(311808K)->311537K(311808K)
[442.212s][info][gc,metaspace   ] GC(493) Metaspace: 43089K(43456K)->43089K(43456K) NonClass: 38745K(38976K)->38745K(38976K) Class: 4344K(4480K)->4344K(4480K)
[442.212s][info][gc             ] GC(493) Pause Young (Allocation Failure) 553M->307M(588M) 3.036ms
[442.212s][info][gc,cpu         ] GC(493) User=0.00s Sys=0.00s Real=0.01s
[442.839s][info][gc,start       ] GC(494) Pause Young (Allocation Failure)
[442.844s][info][gc,heap        ] GC(494) PSYoungGen: 255327K(290304K)->6479K(289280K) Eden: 252416K(252416K)->0K(259584K) From: 2911K(37888K)->6479K(29696K)
[442.844s][info][gc,heap        ] GC(494) ParOldGen: 311537K(311808K)->312855K(313344K)
[442.844s][info][gc,metaspace   ] GC(494) Metaspace: 43089K(43456K)->43089K(43456K) NonClass: 38745K(38976K)->38745K(38976K) Class: 4344K(4480K)->4344K(4480K)
[442.844s][info][gc             ] GC(494) Pause Young (Allocation Failure) 553M->311M(588M) 4.934ms
[442.844s][info][gc,cpu         ] GC(494) User=0.01s Sys=0.00s Real=0.01s
[444.033s][info][gc,start       ] GC(495) Pause Young (Allocation Failure)
[444.041s][info][gc,heap        ] GC(495) PSYoungGen: 266063K(289280K)->6016K(293376K) Eden: 259584K(259584K)->0K(259584K) From: 6479K(29696K)->6016K(33792K)
[444.041s][info][gc,heap        ] GC(495) ParOldGen: 312855K(313344K)->312975K(313344K)
[444.041s][info][gc,metaspace   ] GC(495) Metaspace: 43098K(43456K)->43098K(43456K) NonClass: 38754K(38976K)->38754K(38976K) Class: 4344K(4480K)->4344K(4480K)
[444.041s][info][gc             ] GC(495) Pause Young (Allocation Failure) 565M->311M(592M) 7.898ms
[444.041s][info][gc,cpu         ] GC(495) User=0.02s Sys=0.00s Real=0.01s
[444.891s][info][gc,start       ] GC(496) Pause Young (Allocation Failure)
[444.930s][info][gc,heap        ] GC(496) PSYoungGen: 265600K(293376K)->29536K(290816K) Eden: 259584K(259584K)->0K(259072K) From: 6016K(33792K)->29536K(31744K)
[444.930s][info][gc,heap        ] GC(496) ParOldGen: 312975K(313344K)->318623K(318976K)
[444.930s][info][gc,metaspace   ] GC(496) Metaspace: 43098K(43456K)->43098K(43456K) NonClass: 38754K(38976K)->38754K(38976K) Class: 4344K(4480K)->4344K(4480K)
[444.930s][info][gc             ] GC(496) Pause Young (Allocation Failure) 565M->339M(595M) 39.704ms
[444.930s][info][gc,cpu         ] GC(496) User=0.06s Sys=0.02s Real=0.03s
[445.529s][info][gc,start       ] GC(497) Pause Young (Allocation Failure)
[445.599s][info][gc,heap        ] GC(497) PSYoungGen: 288608K(290816K)->29176K(288256K) Eden: 259072K(259072K)->0K(259072K) From: 29536K(31744K)->29176K(29184K)
[445.599s][info][gc,heap        ] GC(497) ParOldGen: 318623K(318976K)->347403K(347648K)
[445.599s][info][gc,metaspace   ] GC(497) Metaspace: 43098K(43456K)->43098K(43456K) NonClass: 38754K(38976K)->38754K(38976K) Class: 4344K(4480K)->4344K(4480K)
[445.599s][info][gc             ] GC(497) Pause Young (Allocation Failure) 592M->367M(621M) 70.106ms
[445.599s][info][gc,cpu         ] GC(497) User=0.12s Sys=0.02s Real=0.07s
[446.198s][info][gc,start       ] GC(498) Pause Young (Allocation Failure)
[446.264s][info][gc,heap        ] GC(498) PSYoungGen: 288248K(288256K)->28624K(285696K) Eden: 259072K(259072K)->0K(243712K) From: 29176K(29184K)->28624K(41984K)
[446.264s][info][gc,heap        ] GC(498) ParOldGen: 347403K(347648K)->374851K(375296K)
[446.264s][info][gc,metaspace   ] GC(498) Metaspace: 43102K(43456K)->43102K(43456K) NonClass: 38757K(38976K)->38757K(38976K) Class: 4344K(4480K)->4344K(4480K)
[446.264s][info][gc             ] GC(498) Pause Young (Allocation Failure) 620M->394M(645M) 66.316ms
[446.264s][info][gc,cpu         ] GC(498) User=0.11s Sys=0.02s Real=0.07s
[449.671s][info][gc,start       ] GC(499) Pause Young (Allocation Failure)
[449.713s][info][gc,heap        ] GC(499) PSYoungGen: 272336K(285696K)->5632K(288768K) Eden: 243712K(243712K)->0K(243712K) From: 28624K(41984K)->5632K(45056K)
[449.713s][info][gc,heap        ] GC(499) ParOldGen: 374851K(375296K)->403611K(403968K)
[449.713s][info][gc,metaspace   ] GC(499) Metaspace: 43102K(43456K)->43102K(43456K) NonClass: 38757K(38976K)->38757K(38976K) Class: 4344K(4480K)->4344K(4480K)
[449.713s][info][gc             ] GC(499) Pause Young (Allocation Failure) 632M->399M(676M) 41.839ms
[449.713s][info][gc,cpu         ] GC(499) User=0.06s Sys=0.02s Real=0.04s
[450.336s][info][gc,start       ] GC(500) Pause Young (Allocation Failure)
[450.370s][info][gc,heap        ] GC(500) PSYoungGen: 249344K(288768K)->28288K(284672K) Eden: 243712K(243712K)->0K(241664K) From: 5632K(45056K)->28288K(43008K)
[450.370s][info][gc,heap        ] GC(500) ParOldGen: 403611K(403968K)->408956K(409088K)
[450.370s][info][gc,metaspace   ] GC(500) Metaspace: 43102K(43456K)->43102K(43456K) NonClass: 38757K(38976K)->38757K(38976K) Class: 4344K(4480K)->4344K(4480K)
[450.370s][info][gc             ] GC(500) Pause Young (Allocation Failure) 637M->426M(677M) 34.310ms
[450.370s][info][gc,cpu         ] GC(500) User=0.06s Sys=0.01s Real=0.03s
[450.980s][info][gc,start       ] GC(501) Pause Young (Allocation Failure)
[451.050s][info][gc,heap        ] GC(501) PSYoungGen: 269952K(284672K)->29688K(271360K) Eden: 241664K(241664K)->0K(241664K) From: 28288K(43008K)->29688K(29696K)
[451.050s][info][gc,heap        ] GC(501) ParOldGen: 408956K(409088K)->436524K(436736K)
[451.050s][info][gc,metaspace   ] GC(501) Metaspace: 43102K(43456K)->43102K(43456K) NonClass: 38757K(38976K)->38757K(38976K) Class: 4344K(4480K)->4344K(4480K)
[451.050s][info][gc             ] GC(501) Pause Young (Allocation Failure) 662M->455M(691M) 69.906ms
[451.050s][info][gc,cpu         ] GC(501) User=0.12s Sys=0.02s Real=0.07s
[451.688s][info][gc,start       ] GC(502) Pause Young (Allocation Failure)
[451.757s][info][gc,heap        ] GC(502) PSYoungGen: 271352K(271360K)->30816K(280576K) Eden: 241664K(241664K)->0K(232448K) From: 29688K(29696K)->30816K(48128K)
[451.757s][info][gc,heap        ] GC(502) ParOldGen: 436524K(436736K)->464524K(464896K)
[451.757s][info][gc,metaspace   ] GC(502) Metaspace: 43102K(43456K)->43102K(43456K) NonClass: 38757K(38976K)->38757K(38976K) Class: 4344K(4480K)->4344K(4480K)
[451.757s][info][gc             ] GC(502) Pause Young (Allocation Failure) 691M->483M(728M) 69.129ms
[451.757s][info][gc,cpu         ] GC(502) User=0.11s Sys=0.02s Real=0.07s
[453.499s][info][gc,start       ] GC(503) Pause Young (Allocation Failure)
[453.543s][info][gc,heap        ] GC(503) PSYoungGen: 263264K(280576K)->10326K(283136K) Eden: 232448K(232448K)->0K(232448K) From: 30816K(48128K)->10326K(50688K)
[453.543s][info][gc,heap        ] GC(503) ParOldGen: 464524K(464896K)->494786K(495104K)
[453.543s][info][gc,metaspace   ] GC(503) Metaspace: 43102K(43456K)->43102K(43456K) NonClass: 38757K(38976K)->38757K(38976K) Class: 4344K(4480K)->4344K(4480K)
[453.543s][info][gc             ] GC(503) Pause Young (Allocation Failure) 710M->493M(760M) 43.333ms
[453.543s][info][gc,cpu         ] GC(503) User=0.06s Sys=0.03s Real=0.05s
[454.851s][info][gc,start       ] GC(504) Pause Young (Allocation Failure)
[454.862s][info][gc,heap        ] GC(504) PSYoungGen: 242774K(283136K)->1399K(281600K) Eden: 232448K(232448K)->0K(234496K) From: 10326K(50688K)->1399K(47104K)
[454.862s][info][gc,heap        ] GC(504) ParOldGen: 494786K(495104K)->503211K(503296K)
[454.862s][info][gc,metaspace   ] GC(504) Metaspace: 43102K(43456K)->43102K(43456K) NonClass: 38757K(38976K)->38757K(38976K) Class: 4344K(4480K)->4344K(4480K)
[454.862s][info][gc             ] GC(504) Pause Young (Allocation Failure) 720M->492M(766M) 11.482ms
[454.863s][info][gc,cpu         ] GC(504) User=0.02s Sys=0.00s Real=0.01s
[456.252s][info][gc,start       ] GC(505) Pause Young (Allocation Failure)
[456.275s][info][gc,heap        ] GC(505) PSYoungGen: 235895K(281600K)->20393K(282624K) Eden: 234496K(234496K)->0K(234496K) From: 1399K(47104K)->20393K(48128K)
[456.275s][info][gc,heap        ] GC(505) ParOldGen: 503211K(503296K)->503964K(504320K)
[456.275s][info][gc,metaspace   ] GC(505) Metaspace: 43102K(43456K)->43102K(43456K) NonClass: 38757K(38976K)->38757K(38976K) Class: 4344K(4480K)->4344K(4480K)
[456.275s][info][gc             ] GC(505) Pause Young (Allocation Failure) 721M->512M(768M) 23.213ms
[456.275s][info][gc,cpu         ] GC(505) User=0.05s Sys=0.00s Real=0.02s
[457.642s][info][gc,start       ] GC(506) Pause Young (Allocation Failure)
[457.689s][info][gc,heap        ] GC(506) PSYoungGen: 254889K(282624K)->22463K(285184K) Eden: 234496K(234496K)->0K(239104K) From: 20393K(48128K)->22463K(46080K)
[457.689s][info][gc,heap        ] GC(506) ParOldGen: 503964K(504320K)->524506K(524800K)
[457.689s][info][gc,metaspace   ] GC(506) Metaspace: 43102K(43456K)->43102K(43456K) NonClass: 38757K(38976K)->38757K(38976K) Class: 4344K(4480K)->4344K(4480K)
[457.689s][info][gc             ] GC(506) Pause Young (Allocation Failure) 741M->534M(791M) 47.465ms
[457.689s][info][gc,cpu         ] GC(506) User=0.07s Sys=0.02s Real=0.04s
[458.520s][info][gc,start       ] GC(507) Pause Young (Allocation Failure)
[458.577s][info][gc,heap        ] GC(507) PSYoungGen: 261567K(285184K)->33672K(272896K) Eden: 239104K(239104K)->0K(239104K) From: 22463K(46080K)->33672K(33792K)
[458.577s][info][gc,heap        ] GC(507) ParOldGen: 524506K(524800K)->546886K(547328K)
[458.577s][info][gc,metaspace   ] GC(507) Metaspace: 43102K(43456K)->43102K(43456K) NonClass: 38757K(38976K)->38757K(38976K) Class: 4344K(4480K)->4344K(4480K)
[458.577s][info][gc             ] GC(507) Pause Young (Allocation Failure) 767M->566M(801M) 57.477ms
[458.577s][info][gc,cpu         ] GC(507) User=0.10s Sys=0.02s Real=0.06s
[459.169s][info][gc,start       ] GC(508) Pause Young (Allocation Failure)
[459.241s][info][gc,heap        ] GC(508) PSYoungGen: 272776K(272896K)->29912K(282112K) Eden: 239104K(239104K)->0K(232448K) From: 33672K(33792K)->29912K(49664K)
[459.241s][info][gc,heap        ] GC(508) ParOldGen: 546886K(547328K)->579781K(580096K)
[459.241s][info][gc,metaspace   ] GC(508) Metaspace: 43102K(43456K)->43102K(43456K) NonClass: 38757K(38976K)->38757K(38976K) Class: 4344K(4480K)->4344K(4480K)
[459.241s][info][gc             ] GC(508) Pause Young (Allocation Failure) 800M->595M(842M) 72.201ms
[459.241s][info][gc,cpu         ] GC(508) User=0.12s Sys=0.03s Real=0.08s
[459.840s][info][gc,start       ] GC(509) Pause Young (Allocation Failure)
[459.907s][info][gc,heap        ] GC(509) PSYoungGen: 262360K(282112K)->29304K(262144K) Eden: 232448K(232448K)->0K(232448K) From: 29912K(49664K)->29304K(29696K)
[459.907s][info][gc,heap        ] GC(509) ParOldGen: 579781K(580096K)->608253K(608256K)
[459.907s][info][gc,metaspace   ] GC(509) Metaspace: 43102K(43456K)->43102K(43456K) NonClass: 38757K(38976K)->38757K(38976K) Class: 4344K(4480K)->4344K(4480K)
[459.907s][info][gc             ] GC(509) Pause Young (Allocation Failure) 822M->622M(850M) 66.634ms
[459.907s][info][gc,cpu         ] GC(509) User=0.11s Sys=0.02s Real=0.07s
[461.522s][info][gc,start       ] GC(510) Pause Young (Allocation Failure)
[461.570s][info][gc,heap        ] GC(510) PSYoungGen: 261752K(262144K)->10835K(284160K) Eden: 232448K(232448K)->0K(232960K) From: 29304K(29696K)->10835K(51200K)
[461.570s][info][gc,heap        ] GC(510) ParOldGen: 608253K(608256K)->637726K(637952K)
[461.570s][info][gc,metaspace   ] GC(510) Metaspace: 43102K(43456K)->43102K(43456K) NonClass: 38757K(38976K)->38757K(38976K) Class: 4344K(4480K)->4344K(4480K)
[461.570s][info][gc             ] GC(510) Pause Young (Allocation Failure) 849M->633M(900M) 48.104ms
[461.570s][info][gc,cpu         ] GC(510) User=0.07s Sys=0.02s Real=0.04s
[462.716s][info][gc,start       ] GC(511) Pause Full (Allocation Failure)
[462.716s][info][gc,phases,start] GC(511) Marking Phase
[462.762s][info][gc,phases      ] GC(511) Marking Phase 46.302ms
[462.762s][info][gc,phases,start] GC(511) Summary Phase
[462.762s][info][gc,phases      ] GC(511) Summary Phase 0.041ms
[462.762s][info][gc,phases,start] GC(511) Forward
[462.768s][info][gc,phases      ] GC(511) Forward 5.973ms
[462.768s][info][gc,phases,start] GC(511) Adjust Pointers
[462.795s][info][gc,phases      ] GC(511) Adjust Pointers 26.476ms
[462.795s][info][gc,phases,start] GC(511) Compaction Phase
[462.803s][info][gc,phases      ] GC(511) Compaction Phase 8.081ms
[462.803s][info][gc,phases,start] GC(511) Post Compact
[462.806s][info][gc,phases      ] GC(511) Post Compact 2.571ms
[462.843s][info][gc,heap        ] GC(511) PSYoungGen: 243795K(284160K)->0K(282624K) Eden: 232960K(232960K)->0K(232960K) From: 10835K(51200K)->0K(49664K)
[462.843s][info][gc,heap        ] GC(511) ParOldGen: 637726K(637952K)->61754K(198656K)
[462.843s][info][gc,metaspace   ] GC(511) Metaspace: 43102K(43456K)->43102K(43456K) NonClass: 38757K(38976K)->38757K(38976K) Class: 4344K(4480K)->4344K(4480K)
[462.843s][info][gc             ] GC(511) Pause Full (Allocation Failure) 860M->60M(470M) 127.128ms
[462.843s][info][gc,cpu         ] GC(511) User=0.13s Sys=0.04s Real=0.13s
[464.178s][info][gc,start       ] GC(512) Pause Young (Allocation Failure)
[464.203s][info][gc,heap        ] GC(512) PSYoungGen: 232960K(282624K)->25933K(283136K) Eden: 232960K(232960K)->0K(233472K) From: 0K(49664K)->25933K(49664K)
[464.203s][info][gc,heap        ] GC(512) ParOldGen: 61754K(198656K)->61754K(198656K)
[464.203s][info][gc,metaspace   ] GC(512) Metaspace: 43102K(43456K)->43102K(43456K) NonClass: 38757K(38976K)->38757K(38976K) Class: 4344K(4480K)->4344K(4480K)
[464.203s][info][gc             ] GC(512) Pause Young (Allocation Failure) 287M->85M(470M) 25.140ms
[464.203s][info][gc,cpu         ] GC(512) User=0.05s Sys=0.00s Real=0.03s
[465.574s][info][gc,start       ] GC(513) Pause Young (Allocation Failure)
[465.614s][info][gc,heap        ] GC(513) PSYoungGen: 259405K(283136K)->22390K(256000K) Eden: 233472K(233472K)->0K(233472K) From: 25933K(49664K)->22390K(22528K)
[465.614s][info][gc,heap        ] GC(513) ParOldGen: 61754K(198656K)->87779K(198656K)
[465.614s][info][gc,metaspace   ] GC(513) Metaspace: 43102K(43456K)->43102K(43456K) NonClass: 38757K(38976K)->38757K(38976K) Class: 4344K(4480K)->4344K(4480K)
[465.614s][info][gc             ] GC(513) Pause Young (Allocation Failure) 313M->107M(444M) 40.402ms
[465.614s][info][gc,cpu         ] GC(513) User=0.08s Sys=0.00s Real=0.04s
[466.735s][info][gc,start       ] GC(514) Pause Young (Allocation Failure)
[466.773s][info][gc,heap        ] GC(514) PSYoungGen: 255862K(256000K)->25762K(282624K) Eden: 233472K(233472K)->0K(235520K) From: 22390K(22528K)->25762K(47104K)
[466.773s][info][gc,heap        ] GC(514) ParOldGen: 87779K(198656K)->110154K(198656K)
[466.773s][info][gc,metaspace   ] GC(514) Metaspace: 43103K(43456K)->43103K(43456K) NonClass: 38759K(38976K)->38759K(38976K) Class: 4344K(4480K)->4344K(4480K)
[466.773s][info][gc             ] GC(514) Pause Young (Allocation Failure) 335M->132M(470M) 38.159ms
[466.773s][info][gc,cpu         ] GC(514) User=0.07s Sys=0.00s Real=0.04s
[467.752s][info][gc,start       ] GC(515) Pause Young (Allocation Failure)
[467.775s][info][gc,heap        ] GC(515) PSYoungGen: 261282K(282624K)->12249K(282112K) Eden: 235520K(235520K)->0K(235520K) From: 25762K(47104K)->12249K(46592K)
[467.775s][info][gc,heap        ] GC(515) ParOldGen: 110154K(198656K)->128001K(198656K)
[467.775s][info][gc,metaspace   ] GC(515) Metaspace: 43103K(43456K)->43103K(43456K) NonClass: 38759K(38976K)->38759K(38976K) Class: 4344K(4480K)->4344K(4480K)
[467.775s][info][gc             ] GC(515) Pause Young (Allocation Failure) 362M->136M(469M) 22.238ms
[467.775s][info][gc,cpu         ] GC(515) User=0.04s Sys=0.00s Real=0.02s
[468.622s][info][gc,start       ] GC(516) Pause Young (Allocation Failure)
[468.641s][info][gc,heap        ] GC(516) PSYoungGen: 247769K(282112K)->23305K(285696K) Eden: 235520K(235520K)->0K(241664K) From: 12249K(46592K)->23305K(44032K)
[468.641s][info][gc,heap        ] GC(516) ParOldGen: 128001K(198656K)->128749K(198656K)
[468.641s][info][gc,metaspace   ] GC(516) Metaspace: 43128K(43520K)->43128K(43520K) NonClass: 38783K(39040K)->38783K(39040K) Class: 4344K(4480K)->4344K(4480K)
[468.641s][info][gc             ] GC(516) Pause Young (Allocation Failure) 366M->148M(473M) 18.674ms
[468.641s][info][gc,cpu         ] GC(516) User=0.04s Sys=0.00s Real=0.02s
[469.529s][info][gc,start       ] GC(517) Pause Young (Allocation Failure)
[469.533s][info][gc,heap        ] GC(517) PSYoungGen: 264969K(285696K)->3861K(285696K) Eden: 241664K(241664K)->0K(241664K) From: 23305K(44032K)->3861K(44032K)
[469.533s][info][gc,heap        ] GC(517) ParOldGen: 128749K(198656K)->129677K(198656K)
[469.533s][info][gc,metaspace   ] GC(517) Metaspace: 43128K(43520K)->43128K(43520K) NonClass: 38784K(39040K)->38784K(39040K) Class: 4344K(4480K)->4344K(4480K)
[469.533s][info][gc             ] GC(517) Pause Young (Allocation Failure) 384M->130M(473M) 3.768ms
[469.533s][info][gc,cpu         ] GC(517) User=0.01s Sys=0.00s Real=0.01s
[470.436s][info][gc,start       ] GC(518) Pause Young (Allocation Failure)
[470.439s][info][gc,heap        ] GC(518) PSYoungGen: 245525K(285696K)->3812K(289280K) Eden: 241664K(241664K)->0K(244736K) From: 3861K(44032K)->3812K(44544K)
[470.440s][info][gc,heap        ] GC(518) ParOldGen: 129677K(198656K)->130925K(198656K)
[470.440s][info][gc,metaspace   ] GC(518) Metaspace: 43128K(43520K)->43128K(43520K) NonClass: 38784K(39040K)->38784K(39040K) Class: 4344K(4480K)->4344K(4480K)
[470.440s][info][gc             ] GC(518) Pause Young (Allocation Failure) 366M->131M(476M) 3.869ms
[470.440s][info][gc,cpu         ] GC(518) User=0.01s Sys=0.00s Real=0.00s
[471.319s][info][gc,start       ] GC(519) Pause Young (Allocation Failure)
[471.340s][info][gc,heap        ] GC(519) PSYoungGen: 248548K(289280K)->25731K(270848K) Eden: 244736K(244736K)->0K(244736K) From: 3812K(44544K)->25731K(26112K)
[471.340s][info][gc,heap        ] GC(519) ParOldGen: 130925K(198656K)->132013K(198656K)
[471.340s][info][gc,metaspace   ] GC(519) Metaspace: 43128K(43520K)->43128K(43520K) NonClass: 38784K(39040K)->38784K(39040K) Class: 4344K(4480K)->4344K(4480K)
[471.340s][info][gc             ] GC(519) Pause Young (Allocation Failure) 370M->154M(458M) 21.573ms
[471.340s][info][gc,cpu         ] GC(519) User=0.04s Sys=0.00s Real=0.02s
[472.355s][info][gc,start       ] GC(520) Pause Young (Allocation Failure)
[472.362s][info][gc,heap        ] GC(520) PSYoungGen: 270467K(270848K)->7954K(289792K) Eden: 244736K(244736K)->0K(244736K) From: 25731K(26112K)->7954K(45056K)
[472.362s][info][gc,heap        ] GC(520) ParOldGen: 132013K(198656K)->132781K(198656K)
[472.362s][info][gc,metaspace   ] GC(520) Metaspace: 43128K(43520K)->43128K(43520K) NonClass: 38784K(39040K)->38784K(39040K) Class: 4344K(4480K)->4344K(4480K)
[472.362s][info][gc             ] GC(520) Pause Young (Allocation Failure) 393M->137M(477M) 6.657ms
[472.362s][info][gc,cpu         ] GC(520) User=0.01s Sys=0.00s Real=0.01s
[473.182s][info][gc,start       ] GC(521) Pause Young (Allocation Failure)
[473.185s][info][gc,heap        ] GC(521) PSYoungGen: 252690K(289792K)->3950K(248832K) Eden: 244736K(244736K)->0K(244736K) From: 7954K(45056K)->3950K(4096K)
[473.185s][info][gc,heap        ] GC(521) ParOldGen: 132781K(198656K)->133861K(198656K)
[473.185s][info][gc,metaspace   ] GC(521) Metaspace: 43128K(43520K)->43128K(43520K) NonClass: 38784K(39040K)->38784K(39040K) Class: 4344K(4480K)->4344K(4480K)
[473.185s][info][gc             ] GC(521) Pause Young (Allocation Failure) 376M->134M(437M) 3.858ms
[473.185s][info][gc,cpu         ] GC(521) User=0.01s Sys=0.00s Real=0.00s
[474.089s][info][gc,start       ] GC(522) Pause Young (Allocation Failure)
[474.094s][info][gc,heap        ] GC(522) PSYoungGen: 248686K(248832K)->5060K(289280K) Eden: 244736K(244736K)->0K(245760K) From: 3950K(4096K)->5060K(43520K)
[474.094s][info][gc,heap        ] GC(522) ParOldGen: 133861K(198656K)->134861K(198656K)
[474.094s][info][gc,metaspace   ] GC(522) Metaspace: 43128K(43520K)->43128K(43520K) NonClass: 38784K(39040K)->38784K(39040K) Class: 4344K(4480K)->4344K(4480K)
[474.094s][info][gc             ] GC(522) Pause Young (Allocation Failure) 373M->136M(476M) 4.649ms
[474.094s][info][gc,cpu         ] GC(522) User=0.01s Sys=0.00s Real=0.01s
[474.967s][info][gc,start       ] GC(523) Pause Young (Allocation Failure)
[474.981s][info][gc,heap        ] GC(523) PSYoungGen: 250820K(289280K)->14357K(260608K) Eden: 245760K(245760K)->0K(245760K) From: 5060K(43520K)->14357K(14848K)
[474.981s][info][gc,heap        ] GC(523) ParOldGen: 134861K(198656K)->135881K(198656K)
[474.981s][info][gc,metaspace   ] GC(523) Metaspace: 43128K(43520K)->43128K(43520K) NonClass: 38784K(39040K)->38784K(39040K) Class: 4344K(4480K)->4344K(4480K)
[474.981s][info][gc             ] GC(523) Pause Young (Allocation Failure) 376M->146M(448M) 13.989ms
[474.981s][info][gc,cpu         ] GC(523) User=0.02s Sys=0.00s Real=0.02s
[475.733s][info][gc,start       ] GC(524) Pause Young (Allocation Failure)
[475.767s][info][gc,heap        ] GC(524) PSYoungGen: 260117K(260608K)->39416K(280576K) Eden: 245760K(245760K)->0K(240640K) From: 14357K(14848K)->39416K(39936K)
[475.767s][info][gc,heap        ] GC(524) ParOldGen: 135881K(198656K)->136929K(198656K)
[475.767s][info][gc,metaspace   ] GC(524) Metaspace: 43128K(43520K)->43128K(43520K) NonClass: 38784K(39040K)->38784K(39040K) Class: 4344K(4480K)->4344K(4480K)
[475.767s][info][gc             ] GC(524) Pause Young (Allocation Failure) 386M->172M(468M) 34.376ms
[475.767s][info][gc,cpu         ] GC(524) User=0.06s Sys=0.00s Real=0.03s
[477.018s][info][gc,start       ] GC(525) Pause Young (Allocation Failure)
[477.055s][info][gc,heap        ] GC(525) PSYoungGen: 280056K(280576K)->16969K(287232K) Eden: 240640K(240640K)->0K(240640K) From: 39416K(39936K)->16969K(46592K)
[477.055s][info][gc,heap        ] GC(525) ParOldGen: 136929K(198656K)->157763K(198656K)
[477.055s][info][gc,metaspace   ] GC(525) Metaspace: 43128K(43520K)->43128K(43520K) NonClass: 38784K(39040K)->38784K(39040K) Class: 4344K(4480K)->4344K(4480K)
[477.055s][info][gc             ] GC(525) Pause Young (Allocation Failure) 407M->170M(474M) 36.904ms
[477.055s][info][gc,cpu         ] GC(525) User=0.07s Sys=0.00s Real=0.04s
[477.956s][info][gc,start       ] GC(526) Pause Young (Allocation Failure)
[477.994s][info][gc,heap        ] GC(526) PSYoungGen: 257609K(287232K)->23658K(284160K) Eden: 240640K(240640K)->0K(243712K) From: 16969K(46592K)->23658K(40448K)
[477.994s][info][gc,heap        ] GC(526) ParOldGen: 157763K(198656K)->174340K(198656K)
[477.994s][info][gc,metaspace   ] GC(526) Metaspace: 43128K(43520K)->43128K(43520K) NonClass: 38784K(39040K)->38784K(39040K) Class: 4344K(4480K)->4344K(4480K)
[477.994s][info][gc             ] GC(526) Pause Young (Allocation Failure) 405M->193M(471M) 38.389ms
[477.994s][info][gc,cpu         ] GC(526) User=0.07s Sys=0.01s Real=0.04s
[478.719s][info][gc,start       ] GC(527) Pause Young (Allocation Failure)
[478.741s][info][gc,heap        ] GC(527) PSYoungGen: 267370K(284160K)->12225K(287232K) Eden: 243712K(243712K)->0K(243712K) From: 23658K(40448K)->12225K(43520K)
[478.741s][info][gc,heap        ] GC(527) ParOldGen: 174340K(198656K)->187239K(198656K)
[478.741s][info][gc,metaspace   ] GC(527) Metaspace: 43128K(43520K)->43128K(43520K) NonClass: 38784K(39040K)->38784K(39040K) Class: 4344K(4480K)->4344K(4480K)
[478.741s][info][gc             ] GC(527) Pause Young (Allocation Failure) 431M->194M(474M) 21.698ms
[478.741s][info][gc,cpu         ] GC(527) User=0.04s Sys=0.00s Real=0.03s
[479.533s][info][gc,start       ] GC(528) Pause Young (Allocation Failure)
[479.541s][info][gc,heap        ] GC(528) PSYoungGen: 255937K(287232K)->1559K(288768K) Eden: 243712K(243712K)->0K(248320K) From: 12225K(43520K)->1559K(40448K)
[479.541s][info][gc,heap        ] GC(528) ParOldGen: 187239K(198656K)->197054K(198656K)
[479.541s][info][gc,metaspace   ] GC(528) Metaspace: 43128K(43520K)->43128K(43520K) NonClass: 38784K(39040K)->38784K(39040K) Class: 4344K(4480K)->4344K(4480K)
[479.541s][info][gc             ] GC(528) Pause Young (Allocation Failure) 432M->193M(476M) 8.098ms
[479.541s][info][gc,cpu         ] GC(528) User=0.02s Sys=0.00s Real=0.01s
[480.381s][info][gc,start       ] GC(529) Pause Young (Allocation Failure)
[480.397s][info][gc,heap        ] GC(529) PSYoungGen: 249879K(288768K)->25404K(290304K) Eden: 248320K(248320K)->0K(248320K) From: 1559K(40448K)->25404K(41984K)
[480.397s][info][gc,heap        ] GC(529) ParOldGen: 197054K(198656K)->197370K(198656K)
[480.397s][info][gc,metaspace   ] GC(529) Metaspace: 43128K(43520K)->43128K(43520K) NonClass: 38784K(39040K)->38784K(39040K) Class: 4344K(4480K)->4344K(4480K)
[480.397s][info][gc             ] GC(529) Pause Young (Allocation Failure) 436M->217M(477M) 15.791ms
[480.397s][info][gc,cpu         ] GC(529) User=0.03s Sys=0.00s Real=0.01s
[481.243s][info][gc,start       ] GC(530) Pause Young (Allocation Failure)
[481.252s][info][gc,heap        ] GC(530) PSYoungGen: 273724K(290304K)->10066K(289792K) Eden: 248320K(248320K)->0K(248832K) From: 25404K(41984K)->10066K(40960K)
[481.252s][info][gc,heap        ] GC(530) ParOldGen: 197370K(198656K)->198177K(198656K)
[481.252s][info][gc,metaspace   ] GC(530) Metaspace: 43128K(43520K)->43128K(43520K) NonClass: 38784K(39040K)->38784K(39040K) Class: 4344K(4480K)->4344K(4480K)
[481.252s][info][gc             ] GC(530) Pause Young (Allocation Failure) 460M->203M(477M) 8.863ms
[481.252s][info][gc,cpu         ] GC(530) User=0.02s Sys=0.00s Real=0.01s
[482.136s][info][gc,start       ] GC(531) Pause Young (Allocation Failure)
[482.172s][info][gc,heap        ] GC(531) PSYoungGen: 258898K(289792K)->41444K(290304K) Eden: 248832K(248832K)->0K(248832K) From: 10066K(40960K)->41444K(41472K)
[482.172s][info][gc,heap        ] GC(531) ParOldGen: 198177K(198656K)->209761K(209920K)
[482.172s][info][gc,metaspace   ] GC(531) Metaspace: 43128K(43520K)->43128K(43520K) NonClass: 38784K(39040K)->38784K(39040K) Class: 4344K(4480K)->4344K(4480K)
[482.172s][info][gc             ] GC(531) Pause Young (Allocation Failure) 446M->245M(488M) 36.254ms
[482.172s][info][gc,cpu         ] GC(531) User=0.06s Sys=0.01s Real=0.04s
[483.049s][info][gc,start       ] GC(532) Pause Young (Allocation Failure)
[483.184s][info][gc,heap        ] GC(532) PSYoungGen: 290276K(290304K)->43507K(187904K) Eden: 248832K(248832K)->0K(144384K) From: 41444K(41472K)->43507K(43520K)
[483.184s][info][gc,heap        ] GC(532) ParOldGen: 209761K(209920K)->308638K(308736K)
[483.184s][info][gc,metaspace   ] GC(532) Metaspace: 43128K(43520K)->43128K(43520K) NonClass: 38784K(39040K)->38784K(39040K) Class: 4344K(4480K)->4344K(4480K)
[483.184s][info][gc             ] GC(532) Pause Young (Allocation Failure) 488M->343M(485M) 135.057ms
[483.184s][info][gc,cpu         ] GC(532) User=0.19s Sys=0.07s Real=0.14s
[483.663s][info][gc,start       ] GC(533) Pause Young (Allocation Failure)
[483.716s][info][gc,heap        ] GC(533) PSYoungGen: 187891K(187904K)->18250K(239104K) Eden: 144384K(144384K)->0K(144384K) From: 43507K(43520K)->18250K(94720K)
[483.716s][info][gc,heap        ] GC(533) ParOldGen: 308638K(308736K)->342179K(342528K)
[483.716s][info][gc,metaspace   ] GC(533) Metaspace: 43128K(43520K)->43128K(43520K) NonClass: 38784K(39040K)->38784K(39040K) Class: 4344K(4480K)->4344K(4480K)
[483.716s][info][gc             ] GC(533) Pause Young (Allocation Failure) 484M->351M(568M) 52.948ms
[483.716s][info][gc,cpu         ] GC(533) User=0.08s Sys=0.02s Real=0.05s
[484.227s][info][gc,start       ] GC(534) Pause Young (Allocation Failure)
[484.242s][info][gc,heap        ] GC(534) PSYoungGen: 162634K(239104K)->6375K(231424K) Eden: 144384K(144384K)->0K(147968K) From: 18250K(94720K)->6375K(83456K)
[484.242s][info][gc,heap        ] GC(534) ParOldGen: 342179K(342528K)->352442K(352768K)
[484.242s][info][gc,metaspace   ] GC(534) Metaspace: 43128K(43520K)->43128K(43520K) NonClass: 38784K(39040K)->38784K(39040K) Class: 4344K(4480K)->4344K(4480K)
[484.242s][info][gc             ] GC(534) Pause Young (Allocation Failure) 492M->350M(570M) 15.056ms
[484.242s][info][gc,cpu         ] GC(534) User=0.02s Sys=0.01s Real=0.02s
[484.762s][info][gc,start       ] GC(535) Pause Young (Allocation Failure)
[484.775s][info][gc,heap        ] GC(535) PSYoungGen: 154343K(231424K)->17368K(237056K) Eden: 147968K(147968K)->0K(147968K) From: 6375K(83456K)->17368K(89088K)
[484.775s][info][gc,heap        ] GC(535) ParOldGen: 352442K(352768K)->352987K(353280K)
[484.775s][info][gc,metaspace   ] GC(535) Metaspace: 43128K(43520K)->43128K(43520K) NonClass: 38784K(39040K)->38784K(39040K) Class: 4344K(4480K)->4344K(4480K)
[484.775s][info][gc             ] GC(535) Pause Young (Allocation Failure) 494M->361M(576M) 12.238ms
[484.775s][info][gc,cpu         ] GC(535) User=0.03s Sys=0.00s Real=0.01s
[485.247s][info][gc,start       ] GC(536) Pause Young (Allocation Failure)
[485.257s][info][gc,heap        ] GC(536) PSYoungGen: 165336K(237056K)->12730K(236032K) Eden: 147968K(147968K)->0K(159744K) From: 17368K(89088K)->12730K(76288K)
[485.257s][info][gc,heap        ] GC(536) ParOldGen: 352987K(353280K)->353596K(353792K)
[485.257s][info][gc,metaspace   ] GC(536) Metaspace: 43128K(43520K)->43128K(43520K) NonClass: 38784K(39040K)->38784K(39040K) Class: 4344K(4480K)->4344K(4480K)
[485.257s][info][gc             ] GC(536) Pause Young (Allocation Failure) 506M->357M(576M) 9.358ms
[485.257s][info][gc,cpu         ] GC(536) User=0.02s Sys=0.00s Real=0.01s
[485.791s][info][gc,start       ] GC(537) Pause Young (Allocation Failure)
[485.797s][info][gc,heap        ] GC(537) PSYoungGen: 172474K(236032K)->4265K(241152K) Eden: 159744K(159744K)->0K(159744K) From: 12730K(76288K)->4265K(81408K)
[485.797s][info][gc,heap        ] GC(537) ParOldGen: 353596K(353792K)->354273K(354304K)
[485.797s][info][gc,metaspace   ] GC(537) Metaspace: 43128K(43520K)->43128K(43520K) NonClass: 38784K(39040K)->38784K(39040K) Class: 4344K(4480K)->4344K(4480K)
[485.797s][info][gc             ] GC(537) Pause Young (Allocation Failure) 513M->350M(581M) 5.200ms
[485.797s][info][gc,cpu         ] GC(537) User=0.00s Sys=0.01s Real=0.00s
[486.341s][info][gc,start       ] GC(538) Pause Young (Allocation Failure)
[486.354s][info][gc,heap        ] GC(538) PSYoungGen: 164009K(241152K)->16930K(242176K) Eden: 159744K(159744K)->0K(173056K) From: 4265K(81408K)->16930K(69120K)
[486.354s][info][gc,heap        ] GC(538) ParOldGen: 354273K(354304K)->354708K(354816K)
[486.354s][info][gc,metaspace   ] GC(538) Metaspace: 43128K(43520K)->43128K(43520K) NonClass: 38784K(39040K)->38784K(39040K) Class: 4344K(4480K)->4344K(4480K)
[486.354s][info][gc             ] GC(538) Pause Young (Allocation Failure) 506M->362M(583M) 12.502ms
[486.354s][info][gc,cpu         ] GC(538) User=0.02s Sys=0.00s Real=0.01s
[486.889s][info][gc,start       ] GC(539) Pause Young (Allocation Failure)
[486.903s][info][gc,heap        ] GC(539) PSYoungGen: 189986K(242176K)->21394K(248320K) Eden: 173056K(173056K)->0K(173056K) From: 16930K(69120K)->21394K(75264K)
[486.903s][info][gc,heap        ] GC(539) ParOldGen: 354708K(354816K)->355086K(355328K)
[486.903s][info][gc,metaspace   ] GC(539) Metaspace: 43128K(43520K)->43128K(43520K) NonClass: 38784K(39040K)->38784K(39040K) Class: 4344K(4480K)->4344K(4480K)
[486.903s][info][gc             ] GC(539) Pause Young (Allocation Failure) 531M->367M(589M) 13.939ms
[486.903s][info][gc,cpu         ] GC(539) User=0.03s Sys=0.00s Real=0.02s
[487.412s][info][gc,start       ] GC(540) Pause Young (Allocation Failure)
[487.434s][info][gc,heap        ] GC(540) PSYoungGen: 194450K(248320K)->1387K(255488K) Eden: 173056K(173056K)->0K(188416K) From: 21394K(75264K)->1387K(67072K)
[487.434s][info][gc,heap        ] GC(540) ParOldGen: 355086K(355328K)->375733K(375808K)
[487.434s][info][gc,metaspace   ] GC(540) Metaspace: 43128K(43520K)->43128K(43520K) NonClass: 38784K(39040K)->38784K(39040K) Class: 4344K(4480K)->4344K(4480K)
[487.434s][info][gc             ] GC(540) Pause Young (Allocation Failure) 536M->368M(616M) 21.731ms
[487.434s][info][gc,cpu         ] GC(540) User=0.03s Sys=0.02s Real=0.02s
[487.995s][info][gc,start       ] GC(541) Pause Young (Allocation Failure)
[487.998s][info][gc,heap        ] GC(541) PSYoungGen: 189803K(255488K)->1304K(257536K) Eden: 188416K(188416K)->0K(188416K) From: 1387K(67072K)->1304K(69120K)
[487.998s][info][gc,heap        ] GC(541) ParOldGen: 375733K(375808K)->375837K(376320K)
[487.998s][info][gc,metaspace   ] GC(541) Metaspace: 43128K(43520K)->43128K(43520K) NonClass: 38784K(39040K)->38784K(39040K) Class: 4344K(4480K)->4344K(4480K)
[487.998s][info][gc             ] GC(541) Pause Young (Allocation Failure) 552M->368M(619M) 3.042ms
[487.998s][info][gc,cpu         ] GC(541) User=0.01s Sys=0.00s Real=0.00s
[488.462s][info][gc,start       ] GC(542) Pause Young (Allocation Failure)
[488.467s][info][gc,heap        ] GC(542) PSYoungGen: 189720K(257536K)->3879K(259072K) Eden: 188416K(188416K)->0K(197120K) From: 1304K(69120K)->3879K(61952K)
[488.467s][info][gc,heap        ] GC(542) ParOldGen: 375837K(376320K)->376317K(376320K)
[488.467s][info][gc,metaspace   ] GC(542) Metaspace: 43128K(43520K)->43128K(43520K) NonClass: 38784K(39040K)->38784K(39040K) Class: 4344K(4480K)->4344K(4480K)
[488.467s][info][gc             ] GC(542) Pause Young (Allocation Failure) 552M->371M(620M) 5.494ms
[488.467s][info][gc,cpu         ] GC(542) User=0.01s Sys=0.00s Real=0.00s
[488.807s][info][gc,start       ] GC(543) Pause Young (Allocation Failure)
[488.812s][info][gc,heap        ] GC(543) PSYoungGen: 200999K(259072K)->1678K(262144K) Eden: 197120K(197120K)->0K(197120K) From: 3879K(61952K)->1678K(65024K)
[488.812s][info][gc,heap        ] GC(543) ParOldGen: 376317K(376320K)->378084K(378368K)
[488.812s][info][gc,metaspace   ] GC(543) Metaspace: 43128K(43520K)->43128K(43520K) NonClass: 38784K(39040K)->38784K(39040K) Class: 4344K(4480K)->4344K(4480K)
[488.812s][info][gc             ] GC(543) Pause Young (Allocation Failure) 563M->370M(625M) 4.716ms
[488.812s][info][gc,cpu         ] GC(543) User=0.01s Sys=0.00s Real=0.01s
[489.196s][info][gc,start       ] GC(544) Pause Young (Allocation Failure)
[489.204s][info][gc,heap        ] GC(544) PSYoungGen: 198714K(262144K)->10059K(260608K) Eden: 197035K(197120K)->0K(205824K) From: 1678K(65024K)->10059K(54784K)
[489.204s][info][gc,heap        ] GC(544) ParOldGen: 378084K(378368K)->378328K(378368K)
[489.204s][info][gc,metaspace   ] GC(544) Metaspace: 43128K(43520K)->43128K(43520K) NonClass: 38784K(39040K)->38784K(39040K) Class: 4344K(4480K)->4344K(4480K)
[489.204s][info][gc             ] GC(544) Pause Young (Allocation Failure) 563M->379M(624M) 7.822ms
[489.204s][info][gc,cpu         ] GC(544) User=0.02s Sys=0.00s Real=0.01s
[489.455s][info][gc,start       ] GC(545) Pause Young (Allocation Failure)
[489.467s][info][gc,heap        ] GC(545) PSYoungGen: 215666K(260608K)->1056K(265216K) Eden: 205607K(205824K)->0K(205824K) From: 10059K(54784K)->1056K(59392K)
[489.467s][info][gc,heap        ] GC(545) ParOldGen: 378328K(378368K)->388239K(388608K)
[489.467s][info][gc,metaspace   ] GC(545) Metaspace: 43128K(43520K)->43128K(43520K) NonClass: 38784K(39040K)->38784K(39040K) Class: 4344K(4480K)->4344K(4480K)
[489.467s][info][gc             ] GC(545) Pause Young (Allocation Failure) 580M->380M(638M) 11.746ms
[489.467s][info][gc,cpu         ] GC(545) User=0.01s Sys=0.01s Real=0.01s
[489.726s][info][gc,start       ] GC(546) Pause Young (Allocation Failure)
[489.731s][info][gc,heap        ] GC(546) PSYoungGen: 206871K(265216K)->1643K(267264K) Eden: 205815K(205824K)->0K(217088K) From: 1056K(59392K)->1643K(50176K)
[489.731s][info][gc,heap        ] GC(546) ParOldGen: 388239K(388608K)->389282K(389632K)
[489.731s][info][gc,metaspace   ] GC(546) Metaspace: 43128K(43520K)->43128K(43520K) NonClass: 38784K(39040K)->38784K(39040K) Class: 4344K(4480K)->4344K(4480K)
[489.731s][info][gc             ] GC(546) Pause Young (Allocation Failure) 581M->381M(641M) 5.036ms
[489.731s][info][gc,cpu         ] GC(546) User=0.01s Sys=0.00s Real=0.01s
[490.011s][info][gc,start       ] GC(547) Pause Young (Allocation Failure)
[490.018s][info][gc,heap        ] GC(547) PSYoungGen: 216966K(267264K)->2868K(271872K) Eden: 215322K(217088K)->0K(217088K) From: 1643K(50176K)->2868K(54784K)
[490.018s][info][gc,heap        ] GC(547) ParOldGen: 389282K(389632K)->390923K(391168K)
[490.018s][info][gc,metaspace   ] GC(547) Metaspace: 43128K(43520K)->43128K(43520K) NonClass: 38784K(39040K)->38784K(39040K) Class: 4344K(4480K)->4344K(4480K)
[490.018s][info][gc             ] GC(547) Pause Young (Allocation Failure) 592M->384M(647M) 6.601ms
[490.018s][info][gc,cpu         ] GC(547) User=0.01s Sys=0.00s Real=0.00s
[490.310s][info][gc,start       ] GC(548) Pause Young (Allocation Failure)
[490.320s][info][gc,heap        ] GC(548) PSYoungGen: 219956K(271872K)->5027K(270848K) Eden: 217088K(217088K)->0K(226816K) From: 2868K(54784K)->5027K(44032K)
[490.320s][info][gc,heap        ] GC(548) ParOldGen: 390923K(391168K)->393731K(394240K)
[490.320s][info][gc,metaspace   ] GC(548) Metaspace: 43128K(43520K)->43128K(43520K) NonClass: 38784K(39040K)->38784K(39040K) Class: 4344K(4480K)->4344K(4480K)
[490.320s][info][gc             ] GC(548) Pause Young (Allocation Failure) 596M->389M(649M) 10.192ms
[490.320s][info][gc,cpu         ] GC(548) User=0.02s Sys=0.01s Real=0.01s
[490.640s][info][gc,start       ] GC(549) Pause Young (Allocation Failure)
[490.656s][info][gc,heap        ] GC(549) PSYoungGen: 231732K(270848K)->7597K(275968K) Eden: 226705K(226816K)->0K(226816K) From: 5027K(44032K)->7597K(49152K)
[490.656s][info][gc,heap        ] GC(549) ParOldGen: 393731K(394240K)->398751K(398848K)
[490.656s][info][gc,metaspace   ] GC(549) Metaspace: 43128K(43520K)->43128K(43520K) NonClass: 38784K(39040K)->38784K(39040K) Class: 4344K(4480K)->4344K(4480K)
[490.656s][info][gc             ] GC(549) Pause Young (Allocation Failure) 610M->396M(659M) 15.659ms
[490.656s][info][gc,cpu         ] GC(549) User=0.02s Sys=0.01s Real=0.02s
[490.941s][info][gc,start       ] GC(550) Pause Young (Allocation Failure)
[490.955s][info][gc,heap        ] GC(550) PSYoungGen: 234413K(275968K)->1453K(278528K) Eden: 226816K(226816K)->0K(238592K) From: 7597K(49152K)->1453K(39936K)
[490.955s][info][gc,heap        ] GC(550) ParOldGen: 398751K(398848K)->406497K(406528K)
[490.955s][info][gc,metaspace   ] GC(550) Metaspace: 43128K(43520K)->43128K(43520K) NonClass: 38784K(39040K)->38784K(39040K) Class: 4344K(4480K)->4344K(4480K)
[490.955s][info][gc             ] GC(550) Pause Young (Allocation Failure) 618M->398M(669M) 13.702ms
[490.955s][info][gc,cpu         ] GC(550) User=0.02s Sys=0.01s Real=0.01s
[491.421s][info][gc,start       ] GC(551) Pause Young (Allocation Failure)
[491.438s][info][gc,heap        ] GC(551) PSYoungGen: 240045K(278528K)->16727K(282624K) Eden: 238592K(238592K)->0K(238592K) From: 1453K(39936K)->16727K(44032K)
[491.438s][info][gc,heap        ] GC(551) ParOldGen: 406497K(406528K)->407712K(408064K)
[491.438s][info][gc,metaspace   ] GC(551) Metaspace: 43128K(43520K)->43128K(43520K) NonClass: 38784K(39040K)->38784K(39040K) Class: 4344K(4480K)->4344K(4480K)
[491.438s][info][gc             ] GC(551) Pause Young (Allocation Failure) 631M->414M(674M) 17.092ms
[491.438s][info][gc,cpu         ] GC(551) User=0.04s Sys=0.00s Real=0.01s
[492.003s][info][gc,start       ] GC(552) Pause Young (Allocation Failure)
[492.025s][info][gc,heap        ] GC(552) PSYoungGen: 255319K(282624K)->1982K(285184K) Eden: 238592K(238592K)->0K(246272K) From: 16727K(44032K)->1982K(38912K)
[492.025s][info][gc,heap        ] GC(552) ParOldGen: 407712K(408064K)->423958K(424448K)
[492.025s][info][gc,metaspace   ] GC(552) Metaspace: 43133K(43520K)->43133K(43520K) NonClass: 38789K(39040K)->38789K(39040K) Class: 4344K(4480K)->4344K(4480K)
[492.025s][info][gc             ] GC(552) Pause Young (Allocation Failure) 647M->415M(693M) 22.310ms
[492.025s][info][gc,cpu         ] GC(552) User=0.04s Sys=0.01s Real=0.02s
[492.624s][info][gc,start       ] GC(553) Pause Young (Allocation Failure)
[492.628s][info][gc,heap        ] GC(553) PSYoungGen: 248254K(285184K)->2258K(287744K) Eden: 246272K(246272K)->0K(246272K) From: 1982K(38912K)->2258K(41472K)
[492.628s][info][gc,heap        ] GC(553) ParOldGen: 423958K(424448K)->424606K(424960K)
[492.628s][info][gc,metaspace   ] GC(553) Metaspace: 43139K(43520K)->43139K(43520K) NonClass: 38795K(39040K)->38795K(39040K) Class: 4344K(4480K)->4344K(4480K)
[492.628s][info][gc             ] GC(553) Pause Young (Allocation Failure) 656M->416M(696M) 4.396ms
[492.628s][info][gc,cpu         ] GC(553) User=0.01s Sys=0.00s Real=0.00s
[493.217s][info][gc,start       ] GC(554) Pause Young (Allocation Failure)
[493.222s][info][gc,heap        ] GC(554) PSYoungGen: 248530K(287744K)->4504K(287744K) Eden: 246272K(246272K)->0K(252928K) From: 2258K(41472K)->4504K(34816K)
[493.222s][info][gc,heap        ] GC(554) ParOldGen: 424606K(424960K)->424614K(424960K)
[493.222s][info][gc,metaspace   ] GC(554) Metaspace: 43139K(43520K)->43139K(43520K) NonClass: 38795K(39040K)->38795K(39040K) Class: 4344K(4480K)->4344K(4480K)
[493.222s][info][gc             ] GC(554) Pause Young (Allocation Failure) 657M->419M(696M) 5.378ms
[493.222s][info][gc,cpu         ] GC(554) User=0.01s Sys=0.00s Real=0.01s
[493.865s][info][gc,start       ] GC(555) Pause Young (Allocation Failure)
[493.870s][info][gc,heap        ] GC(555) PSYoungGen: 257432K(287744K)->5257K(290304K) Eden: 252928K(252928K)->0K(252928K) From: 4504K(34816K)->5257K(37376K)
[493.870s][info][gc,heap        ] GC(555) ParOldGen: 424614K(424960K)->424654K(424960K)
[493.870s][info][gc,metaspace   ] GC(555) Metaspace: 43139K(43520K)->43139K(43520K) NonClass: 38795K(39040K)->38795K(39040K) Class: 4344K(4480K)->4344K(4480K)
[493.870s][info][gc             ] GC(555) Pause Young (Allocation Failure) 666M->419M(698M) 5.178ms
[493.870s][info][gc,cpu         ] GC(555) User=0.01s Sys=0.00s Real=0.00s
[494.514s][info][gc,start       ] GC(556) Pause Young (Allocation Failure)
[494.519s][info][gc,heap        ] GC(556) PSYoungGen: 258185K(290304K)->4908K(292352K) Eden: 252928K(252928K)->0K(261632K) From: 5257K(37376K)->4908K(30720K)
[494.519s][info][gc,heap        ] GC(556) ParOldGen: 424654K(424960K)->425972K(425984K)
[494.519s][info][gc,metaspace   ] GC(556) Metaspace: 43146K(43520K)->43146K(43520K) NonClass: 38802K(39040K)->38802K(39040K) Class: 4344K(4480K)->4344K(4480K)
[494.519s][info][gc             ] GC(556) Pause Young (Allocation Failure) 666M->420M(701M) 5.543ms
[494.519s][info][gc,cpu         ] GC(556) User=0.01s Sys=0.00s Real=0.00s
[495.990s][info][gc,start       ] GC(557) Pause Young (Allocation Failure)
[496.004s][info][gc,heap        ] GC(557) PSYoungGen: 266540K(292352K)->13586K(294400K) Eden: 261632K(261632K)->0K(261632K) From: 4908K(30720K)->13586K(32768K)
[496.004s][info][gc,heap        ] GC(557) ParOldGen: 425972K(425984K)->426116K(426496K)
[496.004s][info][gc,metaspace   ] GC(557) Metaspace: 43158K(43520K)->43158K(43520K) NonClass: 38814K(39040K)->38814K(39040K) Class: 4344K(4480K)->4344K(4480K)
[496.004s][info][gc             ] GC(557) Pause Young (Allocation Failure) 676M->429M(704M) 13.651ms
[496.004s][info][gc,cpu         ] GC(557) User=0.03s Sys=0.00s Real=0.01s
[496.596s][info][gc,start       ] GC(558) Pause Young (Allocation Failure)
[496.646s][info][gc,heap        ] GC(558) PSYoungGen: 275218K(294400K)->29836K(290304K) Eden: 261632K(261632K)->0K(258048K) From: 13586K(32768K)->29836K(32256K)
[496.646s][info][gc,heap        ] GC(558) ParOldGen: 426116K(426496K)->439575K(439808K)
[496.646s][info][gc,metaspace   ] GC(558) Metaspace: 43158K(43520K)->43158K(43520K) NonClass: 38814K(39040K)->38814K(39040K) Class: 4344K(4480K)->4344K(4480K)
[496.646s][info][gc             ] GC(558) Pause Young (Allocation Failure) 684M->458M(713M) 49.799ms
[496.646s][info][gc,cpu         ] GC(558) User=0.08s Sys=0.02s Real=0.05s
[497.258s][info][gc,start       ] GC(559) Pause Young (Allocation Failure)
[497.328s][info][gc,heap        ] GC(559) PSYoungGen: 287884K(290304K)->28952K(287232K) Eden: 258048K(258048K)->0K(258048K) From: 29836K(32256K)->28952K(29184K)
[497.328s][info][gc,heap        ] GC(559) ParOldGen: 439575K(439808K)->468746K(468992K)
[497.328s][info][gc,metaspace   ] GC(559) Metaspace: 43158K(43520K)->43158K(43520K) NonClass: 38814K(39040K)->38814K(39040K) Class: 4344K(4480K)->4344K(4480K)
[497.328s][info][gc             ] GC(559) Pause Young (Allocation Failure) 710M->486M(738M) 70.083ms
[497.328s][info][gc,cpu         ] GC(559) User=0.12s Sys=0.02s Real=0.07s
[500.637s][info][gc,start       ] GC(560) Pause Young (Allocation Failure)
[500.701s][info][gc,heap        ] GC(560) PSYoungGen: 287000K(287232K)->25584K(287744K) Eden: 258048K(258048K)->0K(245760K) From: 28952K(29184K)->25584K(41984K)
[500.701s][info][gc,heap        ] GC(560) ParOldGen: 468746K(468992K)->495887K(496128K)
[500.701s][info][gc,metaspace   ] GC(560) Metaspace: 43166K(43584K)->43166K(43584K) NonClass: 38822K(39104K)->38822K(39104K) Class: 4344K(4480K)->4344K(4480K)
[500.701s][info][gc             ] GC(560) Pause Young (Allocation Failure) 738M->509M(765M) 63.602ms
[500.701s][info][gc,cpu         ] GC(560) User=0.10s Sys=0.02s Real=0.07s
[501.522s][info][gc,start       ] GC(561) Pause Young (Allocation Failure)
[501.558s][info][gc,heap        ] GC(561) PSYoungGen: 271344K(287744K)->6762K(289792K) Eden: 245760K(245760K)->0K(245760K) From: 25584K(41984K)->6762K(44032K)
[501.558s][info][gc,heap        ] GC(561) ParOldGen: 495887K(496128K)->521532K(521728K)
[501.558s][info][gc,metaspace   ] GC(561) Metaspace: 43166K(43584K)->43166K(43584K) NonClass: 38822K(39104K)->38822K(39104K) Class: 4344K(4480K)->4344K(4480K)
[501.558s][info][gc             ] GC(561) Pause Young (Allocation Failure) 749M->515M(792M) 35.857ms
[501.558s][info][gc,cpu         ] GC(561) User=0.06s Sys=0.01s Real=0.03s
[502.160s][info][gc,start       ] GC(562) Pause Young (Allocation Failure)
[502.199s][info][gc,heap        ] GC(562) PSYoungGen: 252522K(289792K)->30540K(283648K) Eden: 245760K(245760K)->0K(241664K) From: 6762K(44032K)->30540K(41984K)
[502.199s][info][gc,heap        ] GC(562) ParOldGen: 521532K(521728K)->528154K(528384K)
[502.199s][info][gc,metaspace   ] GC(562) Metaspace: 43166K(43584K)->43166K(43584K) NonClass: 38822K(39104K)->38822K(39104K) Class: 4344K(4480K)->4344K(4480K)
[502.199s][info][gc             ] GC(562) Pause Young (Allocation Failure) 755M->545M(793M) 39.373ms
[502.199s][info][gc,cpu         ] GC(562) User=0.08s Sys=0.00s Real=0.04s
[502.784s][info][gc,start       ] GC(563) Pause Young (Allocation Failure)
[502.857s][info][gc,heap        ] GC(563) PSYoungGen: 272204K(283648K)->29464K(271360K) Eden: 241664K(241664K)->0K(241664K) From: 30540K(41984K)->29464K(29696K)
[502.857s][info][gc,heap        ] GC(563) ParOldGen: 528154K(528384K)->558021K(558080K)
[502.857s][info][gc,metaspace   ] GC(563) Metaspace: 43166K(43584K)->43166K(43584K) NonClass: 38822K(39104K)->38822K(39104K) Class: 4344K(4480K)->4344K(4480K)
[502.857s][info][gc             ] GC(563) Pause Young (Allocation Failure) 781M->573M(810M) 72.204ms
[502.857s][info][gc,cpu         ] GC(563) User=0.12s Sys=0.03s Real=0.07s
[504.403s][info][gc,start       ] GC(564) Pause Young (Allocation Failure)
[504.467s][info][gc,heap        ] GC(564) PSYoungGen: 271128K(271360K)->24811K(285696K) Eden: 241664K(241664K)->0K(237568K) From: 29464K(29696K)->24811K(48128K)
[504.467s][info][gc,heap        ] GC(564) ParOldGen: 558021K(558080K)->585758K(586240K)
[504.467s][info][gc,metaspace   ] GC(564) Metaspace: 43166K(43584K)->43166K(43584K) NonClass: 38822K(39104K)->38822K(39104K) Class: 4344K(4480K)->4344K(4480K)
[504.467s][info][gc             ] GC(564) Pause Young (Allocation Failure) 809M->596M(851M) 63.446ms
[504.467s][info][gc,cpu         ] GC(564) User=0.10s Sys=0.03s Real=0.06s
[505.528s][info][gc,start       ] GC(565) Pause Young (Allocation Failure)
[505.568s][info][gc,heap        ] GC(565) PSYoungGen: 262379K(285696K)->13485K(251392K) Eden: 237568K(237568K)->0K(237568K) From: 24811K(48128K)->13485K(13824K)
[505.568s][info][gc,heap        ] GC(565) ParOldGen: 585758K(586240K)->610158K(610304K)
[505.568s][info][gc,metaspace   ] GC(565) Metaspace: 43166K(43584K)->43166K(43584K) NonClass: 38822K(39104K)->38822K(39104K) Class: 4344K(4480K)->4344K(4480K)
[505.568s][info][gc             ] GC(565) Pause Young (Allocation Failure) 828M->609M(841M) 40.010ms
[505.568s][info][gc,cpu         ] GC(565) User=0.06s Sys=0.02s Real=0.04s
[506.964s][info][gc,start       ] GC(566) Pause Young (Allocation Failure)
[506.976s][info][gc,heap        ] GC(566) PSYoungGen: 251053K(251392K)->622K(283136K) Eden: 237568K(237568K)->0K(237568K) From: 13485K(13824K)->622K(45568K)
[506.976s][info][gc,heap        ] GC(566) ParOldGen: 610158K(610304K)->618287K(618496K)
[506.976s][info][gc,metaspace   ] GC(566) Metaspace: 43166K(43584K)->43166K(43584K) NonClass: 38822K(39104K)->38822K(39104K) Class: 4344K(4480K)->4344K(4480K)
[506.976s][info][gc             ] GC(566) Pause Young (Allocation Failure) 841M->604M(880M) 11.462ms
[506.976s][info][gc,cpu         ] GC(566) User=0.02s Sys=0.00s Real=0.01s
[508.365s][info][gc,start       ] GC(567) Pause Young (Allocation Failure)
[508.390s][info][gc,heap        ] GC(567) PSYoungGen: 238190K(283136K)->22195K(283136K) Eden: 237568K(237568K)->0K(237568K) From: 622K(45568K)->22195K(45568K)
[508.390s][info][gc,heap        ] GC(567) ParOldGen: 618287K(618496K)->618723K(619008K)
[508.390s][info][gc,metaspace   ] GC(567) Metaspace: 43166K(43584K)->43166K(43584K) NonClass: 38822K(39104K)->38822K(39104K) Class: 4344K(4480K)->4344K(4480K)
[508.390s][info][gc             ] GC(567) Pause Young (Allocation Failure) 836M->625M(881M) 24.563ms
[508.390s][info][gc,cpu         ] GC(567) User=0.05s Sys=0.01s Real=0.02s
[509.777s][info][gc,start       ] GC(568) Pause Young (Allocation Failure)
[509.823s][info][gc,heap        ] GC(568) PSYoungGen: 259763K(283136K)->20287K(286720K) Eden: 237568K(237568K)->0K(243200K) From: 22195K(45568K)->20287K(43520K)
[509.823s][info][gc,heap        ] GC(568) ParOldGen: 618723K(619008K)->640886K(641024K)
[509.823s][info][gc,metaspace   ] GC(568) Metaspace: 43166K(43584K)->43166K(43584K) NonClass: 38822K(39104K)->38822K(39104K) Class: 4344K(4480K)->4344K(4480K)
[509.823s][info][gc             ] GC(568) Pause Young (Allocation Failure) 857M->645M(906M) 46.288ms
[509.824s][info][gc,cpu         ] GC(568) User=0.08s Sys=0.01s Real=0.05s
[510.430s][info][gc,start       ] GC(569) Pause Full (Allocation Failure)
[510.430s][info][gc,phases,start] GC(569) Marking Phase
[510.497s][info][gc,phases      ] GC(569) Marking Phase 67.232ms
[510.497s][info][gc,phases,start] GC(569) Summary Phase
[510.497s][info][gc,phases      ] GC(569) Summary Phase 0.030ms
[510.497s][info][gc,phases,start] GC(569) Forward
[510.516s][info][gc,phases      ] GC(569) Forward 18.550ms
[510.516s][info][gc,phases,start] GC(569) Adjust Pointers
[510.560s][info][gc,phases      ] GC(569) Adjust Pointers 44.075ms
[510.560s][info][gc,phases,start] GC(569) Compaction Phase
[510.580s][info][gc,phases      ] GC(569) Compaction Phase 19.847ms
[510.580s][info][gc,phases,start] GC(569) Post Compact
[510.583s][info][gc,phases      ] GC(569) Post Compact 2.657ms
[510.620s][info][gc,heap        ] GC(569) PSYoungGen: 263487K(286720K)->0K(287232K) Eden: 243200K(243200K)->0K(243200K) From: 20287K(43520K)->0K(44032K)
[510.620s][info][gc,heap        ] GC(569) ParOldGen: 640886K(641024K)->83876K(216064K)
[510.620s][info][gc,metaspace   ] GC(569) Metaspace: 43166K(43584K)->43166K(43584K) NonClass: 38822K(39104K)->38822K(39104K) Class: 4344K(4480K)->4344K(4480K)
[510.620s][info][gc             ] GC(569) Pause Full (Allocation Failure) 883M->81M(491M) 190.400ms
[510.620s][info][gc,cpu         ] GC(569) User=0.25s Sys=0.04s Real=0.19s
[511.228s][info][gc,start       ] GC(570) Pause Young (Allocation Failure)
[511.258s][info][gc,heap        ] GC(570) PSYoungGen: 243200K(287232K)->29816K(285696K) Eden: 243200K(243200K)->0K(241664K) From: 0K(44032K)->29816K(44032K)
[511.258s][info][gc,heap        ] GC(570) ParOldGen: 83876K(216064K)->83876K(216064K)
[511.258s][info][gc,metaspace   ] GC(570) Metaspace: 43166K(43584K)->43166K(43584K) NonClass: 38822K(39104K)->38822K(39104K) Class: 4344K(4480K)->4344K(4480K)
[511.258s][info][gc             ] GC(570) Pause Young (Allocation Failure) 319M->111M(490M) 29.662ms
[511.258s][info][gc,cpu         ] GC(570) User=0.05s Sys=0.00s Real=0.03s
[512.098s][info][gc,start       ] GC(571) Pause Young (Allocation Failure)
[512.164s][info][gc,heap        ] GC(571) PSYoungGen: 271480K(285696K)->40562K(282624K) Eden: 241664K(241664K)->0K(241664K) From: 29816K(44032K)->40562K(40960K)
[512.164s][info][gc,heap        ] GC(571) ParOldGen: 83876K(216064K)->111988K(216064K)
[512.164s][info][gc,metaspace   ] GC(571) Metaspace: 43166K(43584K)->43166K(43584K) NonClass: 38822K(39104K)->38822K(39104K) Class: 4344K(4480K)->4344K(4480K)
[512.164s][info][gc             ] GC(571) Pause Young (Allocation Failure) 347M->148M(487M) 65.890ms
[512.164s][info][gc,cpu         ] GC(571) User=0.13s Sys=0.00s Real=0.07s
[513.789s][info][gc,start       ] GC(572) Pause Young (Allocation Failure)
[513.813s][info][gc,heap        ] GC(572) PSYoungGen: 282226K(282624K)->6584K(282624K) Eden: 241664K(241664K)->0K(231424K) From: 40562K(40960K)->6584K(51200K)
[513.813s][info][gc,heap        ] GC(572) ParOldGen: 111988K(216064K)->140209K(216064K)
[513.813s][info][gc,metaspace   ] GC(572) Metaspace: 43166K(43584K)->43166K(43584K) NonClass: 38822K(39104K)->38822K(39104K) Class: 4344K(4480K)->4344K(4480K)
[513.813s][info][gc             ] GC(572) Pause Young (Allocation Failure) 384M->143M(487M) 23.901ms
[513.813s][info][gc,cpu         ] GC(572) User=0.04s Sys=0.00s Real=0.03s
[515.097s][info][gc,start       ] GC(573) Pause Young (Allocation Failure)
[515.101s][info][gc,heap        ] GC(573) PSYoungGen: 238008K(282624K)->571K(232448K) Eden: 231424K(231424K)->0K(231424K) From: 6584K(51200K)->571K(1024K)
[515.101s][info][gc,heap        ] GC(573) ParOldGen: 140209K(216064K)->145759K(216064K)
[515.101s][info][gc,metaspace   ] GC(573) Metaspace: 43166K(43584K)->43166K(43584K) NonClass: 38822K(39104K)->38822K(39104K) Class: 4344K(4480K)->4344K(4480K)
[515.101s][info][gc             ] GC(573) Pause Young (Allocation Failure) 369M->142M(438M) 4.203ms
[515.101s][info][gc,cpu         ] GC(573) User=0.01s Sys=0.00s Real=0.01s
[516.427s][info][gc,start       ] GC(574) Pause Young (Allocation Failure)
[516.450s][info][gc,heap        ] GC(574) PSYoungGen: 231995K(232448K)->21265K(283648K) Eden: 231424K(231424K)->0K(232960K) From: 571K(1024K)->21265K(50688K)
[516.450s][info][gc,heap        ] GC(574) ParOldGen: 145759K(216064K)->146215K(216064K)
[516.450s][info][gc,metaspace   ] GC(574) Metaspace: 43166K(43584K)->43166K(43584K) NonClass: 38822K(39104K)->38822K(39104K) Class: 4344K(4480K)->4344K(4480K)
[516.450s][info][gc             ] GC(574) Pause Young (Allocation Failure) 368M->163M(488M) 22.368ms
[516.450s][info][gc,cpu         ] GC(574) User=0.05s Sys=0.00s Real=0.02s
[517.773s][info][gc,start       ] GC(575) Pause Young (Allocation Failure)
[517.812s][info][gc,heap        ] GC(575) PSYoungGen: 254225K(283648K)->23220K(282112K) Eden: 232960K(232960K)->0K(232960K) From: 21265K(50688K)->23220K(49152K)
[517.812s][info][gc,heap        ] GC(575) ParOldGen: 146215K(216064K)->167620K(216064K)
[517.812s][info][gc,metaspace   ] GC(575) Metaspace: 43166K(43584K)->43166K(43584K) NonClass: 38822K(39104K)->38822K(39104K) Class: 4344K(4480K)->4344K(4480K)
[517.812s][info][gc             ] GC(575) Pause Young (Allocation Failure) 391M->186M(486M) 38.990ms
[517.812s][info][gc,cpu         ] GC(575) User=0.08s Sys=0.00s Real=0.04s
[518.830s][info][gc,start       ] GC(576) Pause Young (Allocation Failure)
[518.858s][info][gc,heap        ] GC(576) PSYoungGen: 256180K(282112K)->13626K(282624K) Eden: 232960K(232960K)->0K(236032K) From: 23220K(49152K)->13626K(46592K)
[518.858s][info][gc,heap        ] GC(576) ParOldGen: 167620K(216064K)->190840K(216064K)
[518.858s][info][gc,metaspace   ] GC(576) Metaspace: 43166K(43584K)->43166K(43584K) NonClass: 38822K(39104K)->38822K(39104K) Class: 4344K(4480K)->4344K(4480K)
[518.858s][info][gc             ] GC(576) Pause Young (Allocation Failure) 413M->199M(487M) 27.776ms
[518.858s][info][gc,cpu         ] GC(576) User=0.05s Sys=0.00s Real=0.03s
[519.738s][info][gc,start       ] GC(577) Pause Young (Allocation Failure)
[519.748s][info][gc,heap        ] GC(577) PSYoungGen: 249658K(282624K)->5678K(282112K) Eden: 236032K(236032K)->0K(236032K) From: 13626K(46592K)->5678K(46080K)
[519.748s][info][gc,heap        ] GC(577) ParOldGen: 190840K(216064K)->200886K(216064K)
[519.748s][info][gc,metaspace   ] GC(577) Metaspace: 43166K(43584K)->43166K(43584K) NonClass: 38822K(39104K)->38822K(39104K) Class: 4344K(4480K)->4344K(4480K)
[519.749s][info][gc             ] GC(577) Pause Young (Allocation Failure) 430M->201M(486M) 10.826ms
[519.749s][info][gc,cpu         ] GC(577) User=0.02s Sys=0.00s Real=0.01s
[520.649s][info][gc,start       ] GC(578) Pause Young (Allocation Failure)
[520.671s][info][gc,heap        ] GC(578) PSYoungGen: 241710K(282112K)->22350K(286720K) Eden: 236032K(236032K)->0K(241664K) From: 5678K(46080K)->22350K(45056K)
[520.671s][info][gc,heap        ] GC(578) ParOldGen: 200886K(216064K)->201726K(216064K)
[520.671s][info][gc,metaspace   ] GC(578) Metaspace: 43166K(43584K)->43166K(43584K) NonClass: 38822K(39104K)->38822K(39104K) Class: 4344K(4480K)->4344K(4480K)
[520.671s][info][gc             ] GC(578) Pause Young (Allocation Failure) 432M->218M(491M) 21.807ms
[520.671s][info][gc,cpu         ] GC(578) User=0.05s Sys=0.00s Real=0.03s
[521.439s][info][gc,start       ] GC(579) Pause Young (Allocation Failure)
[521.444s][info][gc,heap        ] GC(579) PSYoungGen: 264014K(286720K)->4340K(286208K) Eden: 241664K(241664K)->0K(241664K) From: 22350K(45056K)->4340K(44544K)
[521.444s][info][gc,heap        ] GC(579) ParOldGen: 201726K(216064K)->202926K(216064K)
[521.444s][info][gc,metaspace   ] GC(579) Metaspace: 43166K(43584K)->43166K(43584K) NonClass: 38822K(39104K)->38822K(39104K) Class: 4344K(4480K)->4344K(4480K)
[521.444s][info][gc             ] GC(579) Pause Young (Allocation Failure) 454M->202M(490M) 4.564ms
[521.444s][info][gc,cpu         ] GC(579) User=0.01s Sys=0.00s Real=0.01s
[522.274s][info][gc,start       ] GC(580) Pause Young (Allocation Failure)
[522.277s][info][gc,heap        ] GC(580) PSYoungGen: 246004K(286208K)->1328K(288768K) Eden: 241664K(241664K)->0K(244736K) From: 4340K(44544K)->1328K(44032K)
[522.277s][info][gc,heap        ] GC(580) ParOldGen: 202926K(216064K)->203798K(216064K)
[522.277s][info][gc,metaspace   ] GC(580) Metaspace: 43166K(43584K)->43166K(43584K) NonClass: 38822K(39104K)->38822K(39104K) Class: 4344K(4480K)->4344K(4480K)
[522.277s][info][gc             ] GC(580) Pause Young (Allocation Failure) 438M->200M(493M) 3.459ms
[522.277s][info][gc,cpu         ] GC(580) User=0.01s Sys=0.00s Real=0.00s
[523.240s][info][gc,start       ] GC(581) Pause Young (Allocation Failure)
[523.266s][info][gc,heap        ] GC(581) PSYoungGen: 246064K(288768K)->21578K(288256K) Eden: 244736K(244736K)->0K(244736K) From: 1328K(44032K)->21578K(43520K)
[523.267s][info][gc,heap        ] GC(581) ParOldGen: 203798K(216064K)->205110K(216064K)
[523.267s][info][gc,metaspace   ] GC(581) Metaspace: 43167K(43584K)->43167K(43584K) NonClass: 38822K(39104K)->38822K(39104K) Class: 4344K(4480K)->4344K(4480K)
[523.267s][info][gc             ] GC(581) Pause Young (Allocation Failure) 439M->221M(492M) 26.812ms
[523.267s][info][gc,cpu         ] GC(581) User=0.04s Sys=0.00s Real=0.03s
[524.170s][info][gc,start       ] GC(582) Pause Young (Allocation Failure)
[524.189s][info][gc,heap        ] GC(582) PSYoungGen: 266314K(288256K)->5709K(287744K) Eden: 244736K(244736K)->0K(246784K) From: 21578K(43520K)->5709K(40960K)
[524.189s][info][gc,heap        ] GC(582) ParOldGen: 205110K(216064K)->218187K(218624K)
[524.189s][info][gc,metaspace   ] GC(582) Metaspace: 43167K(43584K)->43167K(43584K) NonClass: 38822K(39104K)->38822K(39104K) Class: 4344K(4480K)->4344K(4480K)
[524.189s][info][gc             ] GC(582) Pause Young (Allocation Failure) 460M->218M(494M) 18.794ms
[524.189s][info][gc,cpu         ] GC(582) User=0.04s Sys=0.00s Real=0.02s
[525.043s][info][gc,start       ] GC(583) Pause Young (Allocation Failure)
[525.065s][info][gc,heap        ] GC(583) PSYoungGen: 252493K(287744K)->14312K(288768K) Eden: 246784K(246784K)->0K(246784K) From: 5709K(40960K)->14312K(41984K)
[525.065s][info][gc,heap        ] GC(583) ParOldGen: 218187K(218624K)->223696K(223744K)
[525.065s][info][gc,metaspace   ] GC(583) Metaspace: 43167K(43584K)->43167K(43584K) NonClass: 38823K(39104K)->38823K(39104K) Class: 4344K(4480K)->4344K(4480K)
[525.065s][info][gc             ] GC(583) Pause Young (Allocation Failure) 459M->232M(500M) 21.889ms
[525.065s][info][gc,cpu         ] GC(583) User=0.04s Sys=0.01s Real=0.02s
[525.871s][info][gc,start       ] GC(584) Pause Young (Allocation Failure)
[525.882s][info][gc,heap        ] GC(584) PSYoungGen: 261096K(288768K)->10676K(289280K) Eden: 246784K(246784K)->0K(252416K) From: 14312K(41984K)->10676K(36864K)
[525.882s][info][gc,heap        ] GC(584) ParOldGen: 223696K(223744K)->224688K(224768K)
[525.882s][info][gc,metaspace   ] GC(584) Metaspace: 43167K(43584K)->43167K(43584K) NonClass: 38823K(39104K)->38823K(39104K) Class: 4344K(4480K)->4344K(4480K)
[525.882s][info][gc             ] GC(584) Pause Young (Allocation Failure) 473M->229M(502M) 10.736ms
[525.882s][info][gc,cpu         ] GC(584) User=0.02s Sys=0.00s Real=0.01s
[526.814s][info][gc,start       ] GC(585) Pause Young (Allocation Failure)
[526.824s][info][gc,heap        ] GC(585) PSYoungGen: 263092K(289280K)->12130K(289792K) Eden: 252416K(252416K)->0K(252416K) From: 10676K(36864K)->12130K(37376K)
[526.824s][info][gc,heap        ] GC(585) ParOldGen: 224688K(224768K)->225564K(225792K)
[526.824s][info][gc,metaspace   ] GC(585) Metaspace: 43167K(43584K)->43167K(43584K) NonClass: 38823K(39104K)->38823K(39104K) Class: 4344K(4480K)->4344K(4480K)
[526.824s][info][gc             ] GC(585) Pause Young (Allocation Failure) 476M->232M(503M) 10.554ms
[526.824s][info][gc,cpu         ] GC(585) User=0.02s Sys=0.00s Real=0.01s
[527.818s][info][gc,start       ] GC(586) Pause Young (Allocation Failure)
[527.866s][info][gc,heap        ] GC(586) PSYoungGen: 264546K(289792K)->35310K(280064K) Eden: 252416K(252416K)->0K(244736K) From: 12130K(37376K)->35310K(35328K)
[527.866s][info][gc,heap        ] GC(586) ParOldGen: 225564K(225792K)->235023K(235520K)
[527.866s][info][gc,metaspace   ] GC(586) Metaspace: 43167K(43584K)->43167K(43584K) NonClass: 38823K(39104K)->38823K(39104K) Class: 4344K(4480K)->4344K(4480K)
[527.866s][info][gc             ] GC(586) Pause Young (Allocation Failure) 478M->263M(503M) 47.978ms
[527.866s][info][gc,cpu         ] GC(586) User=0.09s Sys=0.01s Real=0.05s
[528.988s][info][gc,start       ] GC(587) Pause Young (Allocation Failure)
[529.039s][info][gc,heap        ] GC(587) PSYoungGen: 280046K(280064K)->23338K(289280K) Eden: 244736K(244736K)->0K(244736K) From: 35310K(35328K)->23338K(44544K)
[529.039s][info][gc,heap        ] GC(587) ParOldGen: 235023K(235520K)->255193K(255488K)
[529.040s][info][gc,metaspace   ] GC(587) Metaspace: 43170K(43584K)->43170K(43584K) NonClass: 38825K(39104K)->38825K(39104K) Class: 4344K(4480K)->4344K(4480K)
[529.040s][info][gc             ] GC(587) Pause Young (Allocation Failure) 502M->272M(532M) 51.229ms
[529.040s][info][gc,cpu         ] GC(587) User=0.09s Sys=0.02s Real=0.05s
[529.866s][info][gc,start       ] GC(588) Pause Young (Allocation Failure)
[529.888s][info][gc,heap        ] GC(588) PSYoungGen: 268074K(289280K)->7396K(287232K) Eden: 244736K(244736K)->0K(244736K) From: 23338K(44544K)->7396K(42496K)
[529.888s][info][gc,heap        ] GC(588) ParOldGen: 255193K(255488K)->266190K(266240K)
[529.888s][info][gc,metaspace   ] GC(588) Metaspace: 43170K(43584K)->43170K(43584K) NonClass: 38825K(39104K)->38825K(39104K) Class: 4344K(4480K)->4344K(4480K)
[529.888s][info][gc             ] GC(588) Pause Young (Allocation Failure) 511M->267M(540M) 22.151ms
[529.888s][info][gc,cpu         ] GC(588) User=0.03s Sys=0.01s Real=0.02s
[530.656s][info][gc,start       ] GC(589) Pause Young (Allocation Failure)
[530.673s][info][gc,heap        ] GC(589) PSYoungGen: 252132K(287232K)->13523K(288256K) Eden: 244736K(244736K)->0K(244736K) From: 7396K(42496K)->13523K(43520K)
[530.673s][info][gc,heap        ] GC(589) ParOldGen: 266190K(266240K)->272450K(272896K)
[530.673s][info][gc,metaspace   ] GC(589) Metaspace: 43170K(43584K)->43170K(43584K) NonClass: 38825K(39104K)->38825K(39104K) Class: 4344K(4480K)->4344K(4480K)
[530.673s][info][gc             ] GC(589) Pause Young (Allocation Failure) 506M->279M(548M) 16.625ms
[530.673s][info][gc,cpu         ] GC(589) User=0.03s Sys=0.00s Real=0.02s
[531.453s][info][gc,start       ] GC(590) Pause Young (Allocation Failure)
[531.490s][info][gc,heap        ] GC(590) PSYoungGen: 258259K(288256K)->41465K(271872K) Eden: 244736K(244736K)->0K(230400K) From: 13523K(43520K)->41465K(41472K)
[531.490s][info][gc,heap        ] GC(590) ParOldGen: 272450K(272896K)->281912K(282112K)
[531.490s][info][gc,metaspace   ] GC(590) Metaspace: 43170K(43584K)->43170K(43584K) NonClass: 38826K(39104K)->38826K(39104K) Class: 4344K(4480K)->4344K(4480K)
[531.490s][info][gc             ] GC(590) Pause Young (Allocation Failure) 518M->315M(541M) 37.212ms
[531.490s][info][gc,cpu         ] GC(590) User=0.07s Sys=0.00s Real=0.03s
[532.328s][info][gc,start       ] GC(591) Pause Young (Allocation Failure)
[532.370s][info][gc,heap        ] GC(591) PSYoungGen: 271865K(271872K)->51496K(282112K) Eden: 230400K(230400K)->0K(230400K) From: 41465K(41472K)->51496K(51712K)
[532.370s][info][gc,heap        ] GC(591) ParOldGen: 281912K(282112K)->285735K(286208K)
[532.370s][info][gc,metaspace   ] GC(591) Metaspace: 43170K(43584K)->43170K(43584K) NonClass: 38826K(39104K)->38826K(39104K) Class: 4344K(4480K)->4344K(4480K)
[532.370s][info][gc             ] GC(591) Pause Young (Allocation Failure) 540M->329M(555M) 41.929ms
[532.370s][info][gc,cpu         ] GC(591) User=0.08s Sys=0.01s Real=0.04s
[533.126s][info][gc,start       ] GC(592) Pause Young (Allocation Failure)
[533.216s][info][gc,heap        ] GC(592) PSYoungGen: 281896K(282112K)->51688K(210432K) Eden: 230400K(230400K)->0K(158720K) From: 51496K(51712K)->51688K(51712K)
[533.216s][info][gc,heap        ] GC(592) ParOldGen: 285735K(286208K)->340147K(340480K)
[533.216s][info][gc,metaspace   ] GC(592) Metaspace: 43170K(43584K)->43170K(43584K) NonClass: 38826K(39104K)->38826K(39104K) Class: 4344K(4480K)->4344K(4480K)
[533.216s][info][gc             ] GC(592) Pause Young (Allocation Failure) 554M->382M(538M) 89.544ms
[533.216s][info][gc,cpu         ] GC(592) User=0.13s Sys=0.05s Real=0.09s
[533.809s][info][gc,start       ] GC(593) Pause Young (Allocation Failure)
[533.895s][info][gc,heap        ] GC(593) PSYoungGen: 210408K(210432K)->79497K(238592K) Eden: 158720K(158720K)->0K(158720K) From: 51688K(51712K)->79497K(79872K)
[533.895s][info][gc,heap        ] GC(593) ParOldGen: 340147K(340480K)->378381K(378880K)
[533.895s][info][gc,metaspace   ] GC(593) Metaspace: 43170K(43584K)->43170K(43584K) NonClass: 38826K(39104K)->38826K(39104K) Class: 4344K(4480K)->4344K(4480K)
[533.895s][info][gc             ] GC(593) Pause Young (Allocation Failure) 537M->447M(603M) 86.512ms
[533.896s][info][gc,cpu         ] GC(593) User=0.14s Sys=0.03s Real=0.09s
[534.472s][info][gc,start       ] GC(594) Pause Young (Allocation Failure)
[534.602s][info][gc,heap        ] GC(594) PSYoungGen: 238217K(238592K)->80886K(208896K) Eden: 158720K(158720K)->0K(113664K) From: 79497K(79872K)->80886K(95232K)
[534.602s][info][gc,heap        ] GC(594) ParOldGen: 378381K(378880K)->453489K(453632K)
[534.602s][info][gc,metaspace   ] GC(594) Metaspace: 43170K(43584K)->43170K(43584K) NonClass: 38826K(39104K)->38826K(39104K) Class: 4344K(4480K)->4344K(4480K)
[534.602s][info][gc             ] GC(594) Pause Young (Allocation Failure) 602M->521M(647M) 129.840ms
[534.602s][info][gc,cpu         ] GC(594) User=0.20s Sys=0.06s Real=0.13s
[534.993s][info][gc,start       ] GC(595) Pause Young (Allocation Failure)
[535.089s][info][gc,heap        ] GC(595) PSYoungGen: 194550K(208896K)->28671K(223744K) Eden: 113664K(113664K)->0K(113664K) From: 80886K(95232K)->28671K(110080K)
[535.089s][info][gc,heap        ] GC(595) ParOldGen: 453489K(453632K)->527846K(527872K)
[535.089s][info][gc,metaspace   ] GC(595) Metaspace: 43170K(43584K)->43170K(43584K) NonClass: 38826K(39104K)->38826K(39104K) Class: 4344K(4480K)->4344K(4480K)
[535.089s][info][gc             ] GC(595) Pause Young (Allocation Failure) 632M->543M(734M) 96.692ms
[535.089s][info][gc,cpu         ] GC(595) User=0.14s Sys=0.05s Real=0.09s
[535.471s][info][gc,start       ] GC(596) Pause Young (Allocation Failure)
[535.494s][info][gc,heap        ] GC(596) PSYoungGen: 142335K(223744K)->5786K(217600K) Eden: 113664K(113664K)->0K(118784K) From: 28671K(110080K)->5786K(98816K)
[535.494s][info][gc,heap        ] GC(596) ParOldGen: 527846K(527872K)->545470K(545792K)
[535.494s][info][gc,metaspace   ] GC(596) Metaspace: 43171K(43584K)->43171K(43584K) NonClass: 38827K(39104K)->38827K(39104K) Class: 4344K(4480K)->4344K(4480K)
[535.494s][info][gc             ] GC(596) Pause Young (Allocation Failure) 654M->538M(745M) 23.176ms
[535.494s][info][gc,cpu         ] GC(596) User=0.04s Sys=0.01s Real=0.02s
[535.925s][info][gc,start       ] GC(597) Pause Young (Allocation Failure)
[535.943s][info][gc,heap        ] GC(597) PSYoungGen: 124570K(217600K)->24731K(223232K) Eden: 118784K(118784K)->0K(118784K) From: 5786K(98816K)->24731K(104448K)
[535.943s][info][gc,heap        ] GC(597) ParOldGen: 545470K(545792K)->546041K(546304K)
[535.943s][info][gc,metaspace   ] GC(597) Metaspace: 43171K(43584K)->43171K(43584K) NonClass: 38827K(39104K)->38827K(39104K) Class: 4344K(4480K)->4344K(4480K)
[535.943s][info][gc             ] GC(597) Pause Young (Allocation Failure) 654M->557M(751M) 18.512ms
[535.943s][info][gc,cpu         ] GC(597) User=0.04s Sys=0.00s Real=0.02s
[536.350s][info][gc,start       ] GC(598) Pause Young (Allocation Failure)
[536.370s][info][gc,heap        ] GC(598) PSYoungGen: 143515K(223232K)->29172K(217600K) Eden: 118784K(118784K)->0K(130048K) From: 24731K(104448K)->29172K(87552K)
[536.370s][info][gc,heap        ] GC(598) ParOldGen: 546041K(546304K)->546512K(546816K)
[536.370s][info][gc,metaspace   ] GC(598) Metaspace: 43171K(43584K)->43171K(43584K) NonClass: 38827K(39104K)->38827K(39104K) Class: 4344K(4480K)->4344K(4480K)
[536.370s][info][gc             ] GC(598) Pause Young (Allocation Failure) 673M->562M(746M) 20.735ms
[536.371s][info][gc,cpu         ] GC(598) User=0.04s Sys=0.00s Real=0.03s
[536.822s][info][gc,start       ] GC(599) Pause Young (Allocation Failure)
[536.826s][info][gc,heap        ] GC(599) PSYoungGen: 159220K(217600K)->1867K(223744K) Eden: 130048K(130048K)->0K(130048K) From: 29172K(87552K)->1867K(93696K)
[536.826s][info][gc,heap        ] GC(599) ParOldGen: 546512K(546816K)->547105K(547328K)
[536.826s][info][gc,metaspace   ] GC(599) Metaspace: 43171K(43584K)->43171K(43584K) NonClass: 38827K(39104K)->38827K(39104K) Class: 4344K(4480K)->4344K(4480K)
[536.826s][info][gc             ] GC(599) Pause Young (Allocation Failure) 689M->536M(753M) 4.410ms
[536.826s][info][gc,cpu         ] GC(599) User=0.01s Sys=0.00s Real=0.00s
[537.254s][info][gc,start       ] GC(600) Pause Young (Allocation Failure)
[537.272s][info][gc,heap        ] GC(600) PSYoungGen: 131915K(223744K)->22917K(230400K) Eden: 130048K(130048K)->0K(146944K) From: 1867K(93696K)->22917K(83456K)
[537.272s][info][gc,heap        ] GC(600) ParOldGen: 547105K(547328K)->547747K(547840K)
[537.272s][info][gc,metaspace   ] GC(600) Metaspace: 43171K(43584K)->43171K(43584K) NonClass: 38827K(39104K)->38827K(39104K) Class: 4344K(4480K)->4344K(4480K)
[537.272s][info][gc             ] GC(600) Pause Young (Allocation Failure) 663M->557M(760M) 17.736ms
[537.272s][info][gc,cpu         ] GC(600) User=0.03s Sys=0.00s Real=0.02s
[537.769s][info][gc,start       ] GC(601) Pause Young (Allocation Failure)
[537.782s][info][gc,heap        ] GC(601) PSYoungGen: 169861K(230400K)->20722K(235520K) Eden: 146944K(146944K)->0K(146944K) From: 22917K(83456K)->20722K(88576K)
[537.782s][info][gc,heap        ] GC(601) ParOldGen: 547747K(547840K)->548148K(548352K)
[537.782s][info][gc,metaspace   ] GC(601) Metaspace: 43171K(43584K)->43171K(43584K) NonClass: 38827K(39104K)->38827K(39104K) Class: 4344K(4480K)->4344K(4480K)
[537.782s][info][gc             ] GC(601) Pause Young (Allocation Failure) 700M->555M(765M) 13.697ms
[537.782s][info][gc,cpu         ] GC(601) User=0.02s Sys=0.00s Real=0.02s
[538.278s][info][gc,start       ] GC(602) Pause Young (Allocation Failure)
[538.296s][info][gc,heap        ] GC(602) PSYoungGen: 167666K(235520K)->28392K(232960K) Eden: 146944K(146944K)->0K(160768K) From: 20722K(88576K)->28392K(72192K)
[538.296s][info][gc,heap        ] GC(602) ParOldGen: 548148K(548352K)->548347K(548352K)
[538.296s][info][gc,metaspace   ] GC(602) Metaspace: 43171K(43584K)->43171K(43584K) NonClass: 38827K(39104K)->38827K(39104K) Class: 4344K(4480K)->4344K(4480K)
[538.296s][info][gc             ] GC(602) Pause Young (Allocation Failure) 699M->563M(763M) 18.269ms
[538.296s][info][gc,cpu         ] GC(602) User=0.03s Sys=0.00s Real=0.02s
[538.793s][info][gc,start       ] GC(603) Pause Young (Allocation Failure)
[538.808s][info][gc,heap        ] GC(603) PSYoungGen: 189160K(232960K)->21360K(239616K) Eden: 160768K(160768K)->0K(160768K) From: 28392K(72192K)->21360K(78848K)
[538.808s][info][gc,heap        ] GC(603) ParOldGen: 548347K(548352K)->548701K(548864K)
[538.808s][info][gc,metaspace   ] GC(603) Metaspace: 43171K(43584K)->43171K(43584K) NonClass: 38827K(39104K)->38827K(39104K) Class: 4344K(4480K)->4344K(4480K)
[538.808s][info][gc             ] GC(603) Pause Young (Allocation Failure) 720M->556M(770M) 14.719ms
[538.808s][info][gc,cpu         ] GC(603) User=0.02s Sys=0.00s Real=0.01s
[539.283s][info][gc,start       ] GC(604) Pause Young (Allocation Failure)
[539.306s][info][gc,heap        ] GC(604) PSYoungGen: 182128K(239616K)->1163K(251904K) Eden: 160768K(160768K)->0K(179712K) From: 21360K(78848K)->1163K(72192K)
[539.306s][info][gc,heap        ] GC(604) ParOldGen: 548701K(548864K)->569344K(569856K)
[539.306s][info][gc,metaspace   ] GC(604) Metaspace: 43171K(43584K)->43171K(43584K) NonClass: 38827K(39104K)->38827K(39104K) Class: 4344K(4480K)->4344K(4480K)
[539.306s][info][gc             ] GC(604) Pause Young (Allocation Failure) 713M->557M(802M) 22.294ms
[539.306s][info][gc,cpu         ] GC(604) User=0.02s Sys=0.02s Real=0.02s
[539.851s][info][gc,start       ] GC(605) Pause Young (Allocation Failure)
[539.855s][info][gc,heap        ] GC(605) PSYoungGen: 180875K(251904K)->1345K(254976K) Eden: 179712K(179712K)->0K(179712K) From: 1163K(72192K)->1345K(75264K)
[539.855s][info][gc,heap        ] GC(605) ParOldGen: 569344K(569856K)->569448K(569856K)
[539.855s][info][gc,metaspace   ] GC(605) Metaspace: 43171K(43584K)->43171K(43584K) NonClass: 38827K(39104K)->38827K(39104K) Class: 4344K(4480K)->4344K(4480K)
[539.855s][info][gc             ] GC(605) Pause Young (Allocation Failure) 732M->557M(805M) 3.704ms
[539.855s][info][gc,cpu         ] GC(605) User=0.00s Sys=0.00s Real=0.00s
[540.310s][info][gc,start       ] GC(606) Pause Young (Allocation Failure)
[540.315s][info][gc,heap        ] GC(606) PSYoungGen: 181057K(254976K)->2983K(254464K) Eden: 179712K(179712K)->0K(184320K) From: 1345K(75264K)->2983K(70144K)
[540.315s][info][gc,heap        ] GC(606) ParOldGen: 569448K(569856K)->569912K(570368K)
[540.315s][info][gc,metaspace   ] GC(606) Metaspace: 43171K(43584K)->43171K(43584K) NonClass: 38827K(39104K)->38827K(39104K) Class: 4344K(4480K)->4344K(4480K)
[540.316s][info][gc             ] GC(606) Pause Young (Allocation Failure) 732M->559M(805M) 5.400ms
[540.316s][info][gc,cpu         ] GC(606) User=0.01s Sys=0.00s Real=0.01s
[540.635s][info][gc,start       ] GC(607) Pause Young (Allocation Failure)
[540.640s][info][gc,heap        ] GC(607) PSYoungGen: 187303K(254464K)->1262K(257024K) Eden: 184320K(184320K)->0K(184320K) From: 2983K(70144K)->1262K(72704K)
[540.640s][info][gc,heap        ] GC(607) ParOldGen: 569912K(570368K)->571703K(571904K)
[540.640s][info][gc,metaspace   ] GC(607) Metaspace: 43171K(43584K)->43171K(43584K) NonClass: 38827K(39104K)->38827K(39104K) Class: 4344K(4480K)->4344K(4480K)
[540.640s][info][gc             ] GC(607) Pause Young (Allocation Failure) 739M->559M(809M) 4.999ms
[540.640s][info][gc,cpu         ] GC(607) User=0.01s Sys=0.00s Real=0.00s
[541.024s][info][gc,start       ] GC(608) Pause Young (Allocation Failure)
[541.032s][info][gc,heap        ] GC(608) PSYoungGen: 185251K(257024K)->10182K(252928K) Eden: 183988K(184320K)->0K(189952K) From: 1262K(72704K)->10182K(62976K)
[541.032s][info][gc,heap        ] GC(608) ParOldGen: 571703K(571904K)->571735K(571904K)
[541.032s][info][gc,metaspace   ] GC(608) Metaspace: 43171K(43584K)->43171K(43584K) NonClass: 38827K(39104K)->38827K(39104K) Class: 4344K(4480K)->4344K(4480K)
[541.032s][info][gc             ] GC(608) Pause Young (Allocation Failure) 739M->568M(805M) 8.516ms
[541.032s][info][gc,cpu         ] GC(608) User=0.02s Sys=0.00s Real=0.01s
[541.263s][info][gc,start       ] GC(609) Pause Young (Allocation Failure)
[541.275s][info][gc,heap        ] GC(609) PSYoungGen: 200134K(252928K)->256K(257536K) Eden: 189952K(189952K)->0K(189952K) From: 10182K(62976K)->256K(67584K)
[541.275s][info][gc,heap        ] GC(609) ParOldGen: 571735K(571904K)->581751K(582144K)
[541.275s][info][gc,metaspace   ] GC(609) Metaspace: 43171K(43584K)->43171K(43584K) NonClass: 38827K(39104K)->38827K(39104K) Class: 4344K(4480K)->4344K(4480K)
[541.275s][info][gc             ] GC(609) Pause Young (Allocation Failure) 753M->568M(820M) 11.627ms
[541.275s][info][gc,cpu         ] GC(609) User=0.01s Sys=0.00s Real=0.01s
[541.514s][info][gc,start       ] GC(610) Pause Young (Allocation Failure)
[541.519s][info][gc,heap        ] GC(610) PSYoungGen: 190208K(257536K)->1932K(259072K) Eden: 189952K(189952K)->0K(200704K) From: 256K(67584K)->1932K(58368K)
[541.519s][info][gc,heap        ] GC(610) ParOldGen: 581751K(582144K)->581988K(582144K)
[541.519s][info][gc,metaspace   ] GC(610) Metaspace: 43171K(43584K)->43171K(43584K) NonClass: 38827K(39104K)->38827K(39104K) Class: 4344K(4480K)->4344K(4480K)
[541.519s][info][gc             ] GC(610) Pause Young (Allocation Failure) 753M->570M(821M) 4.535ms
[541.519s][info][gc,cpu         ] GC(610) User=0.01s Sys=0.00s Real=0.00s
[541.779s][info][gc,start       ] GC(611) Pause Young (Allocation Failure)
[541.789s][info][gc,heap        ] GC(611) PSYoungGen: 202584K(259072K)->3795K(263680K) Eden: 200652K(200704K)->0K(200704K) From: 1932K(58368K)->3795K(62976K)
[541.789s][info][gc,heap        ] GC(611) ParOldGen: 581988K(582144K)->583876K(584192K)
[541.789s][info][gc,metaspace   ] GC(611) Metaspace: 43171K(43584K)->43171K(43584K) NonClass: 38827K(39104K)->38827K(39104K) Class: 4344K(4480K)->4344K(4480K)
[541.789s][info][gc             ] GC(611) Pause Young (Allocation Failure) 766M->573M(828M) 10.141ms
[541.789s][info][gc,cpu         ] GC(611) User=0.02s Sys=0.00s Real=0.01s
[542.053s][info][gc,start       ] GC(612) Pause Young (Allocation Failure)
[542.060s][info][gc,heap        ] GC(612) PSYoungGen: 204499K(263680K)->2491K(263680K) Eden: 200704K(200704K)->0K(210432K) From: 3795K(62976K)->2491K(53248K)
[542.060s][info][gc,heap        ] GC(612) ParOldGen: 583876K(584192K)->585765K(586240K)
[542.060s][info][gc,metaspace   ] GC(612) Metaspace: 43171K(43584K)->43171K(43584K) NonClass: 38827K(39104K)->38827K(39104K) Class: 4344K(4480K)->4344K(4480K)
[542.060s][info][gc             ] GC(612) Pause Young (Allocation Failure) 769M->574M(830M) 7.321ms
[542.060s][info][gc,cpu         ] GC(612) User=0.01s Sys=0.00s Real=0.00s
[542.356s][info][gc,start       ] GC(613) Pause Young (Allocation Failure)
[542.368s][info][gc,heap        ] GC(613) PSYoungGen: 212923K(263680K)->7000K(268288K) Eden: 210432K(210432K)->0K(210432K) From: 2491K(53248K)->7000K(57856K)
[542.368s][info][gc,heap        ] GC(613) ParOldGen: 585765K(586240K)->588187K(588288K)
[542.368s][info][gc,metaspace   ] GC(613) Metaspace: 43172K(43584K)->43172K(43584K) NonClass: 38828K(39104K)->38828K(39104K) Class: 4344K(4480K)->4344K(4480K)
[542.368s][info][gc             ] GC(613) Pause Young (Allocation Failure) 779M->581M(836M) 12.254ms
[542.368s][info][gc,cpu         ] GC(613) User=0.02s Sys=0.00s Real=0.01s
[542.660s][info][gc,start       ] GC(614) Pause Young (Allocation Failure)
[542.677s][info][gc,heap        ] GC(614) PSYoungGen: 216129K(268288K)->6078K(268800K) Eden: 209129K(210432K)->0K(221696K) From: 7000K(57856K)->6078K(47104K)
[542.677s][info][gc,heap        ] GC(614) ParOldGen: 588187K(588288K)->595235K(595456K)
[542.677s][info][gc,metaspace   ] GC(614) Metaspace: 43172K(43584K)->43172K(43584K) NonClass: 38828K(39104K)->38828K(39104K) Class: 4344K(4480K)->4344K(4480K)
[542.677s][info][gc             ] GC(614) Pause Young (Allocation Failure) 785M->587M(844M) 17.529ms
[542.677s][info][gc,cpu         ] GC(614) User=0.03s Sys=0.00s Real=0.02s
[542.972s][info][gc,start       ] GC(615) Pause Young (Allocation Failure)
[542.987s][info][gc,heap        ] GC(615) PSYoungGen: 226448K(268800K)->4512K(272896K) Eden: 220370K(221696K)->0K(221696K) From: 6078K(47104K)->4512K(51200K)
[542.987s][info][gc,heap        ] GC(615) ParOldGen: 595235K(595456K)->601422K(601600K)
[542.987s][info][gc,metaspace   ] GC(615) Metaspace: 43172K(43584K)->43172K(43584K) NonClass: 38828K(39104K)->38828K(39104K) Class: 4344K(4480K)->4344K(4480K)
[542.987s][info][gc             ] GC(615) Pause Young (Allocation Failure) 802M->591M(854M) 15.429ms
[542.987s][info][gc,cpu         ] GC(615) User=0.03s Sys=0.00s Real=0.01s
[543.478s][info][gc,start       ] GC(616) Pause Young (Allocation Failure)
[543.496s][info][gc,heap        ] GC(616) PSYoungGen: 226208K(272896K)->12163K(275456K) Eden: 221696K(221696K)->0K(234496K) From: 4512K(51200K)->12163K(40960K)
[543.496s][info][gc,heap        ] GC(616) ParOldGen: 601422K(601600K)->605839K(606208K)
[543.496s][info][gc,metaspace   ] GC(616) Metaspace: 43172K(43584K)->43172K(43584K) NonClass: 38828K(39104K)->38828K(39104K) Class: 4344K(4480K)->4344K(4480K)
[543.496s][info][gc             ] GC(616) Pause Young (Allocation Failure) 808M->603M(861M) 18.392ms
[543.496s][info][gc,cpu         ] GC(616) User=0.03s Sys=0.00s Real=0.02s
[544.054s][info][gc,start       ] GC(617) Pause Young (Allocation Failure)
[544.073s][info][gc,heap        ] GC(617) PSYoungGen: 246659K(275456K)->3054K(279552K) Eden: 234496K(234496K)->0K(234496K) From: 12163K(40960K)->3054K(45056K)
[544.073s][info][gc,heap        ] GC(617) ParOldGen: 605839K(606208K)->618254K(618496K)
[544.073s][info][gc,metaspace   ] GC(617) Metaspace: 43175K(43584K)->43175K(43584K) NonClass: 38830K(39104K)->38830K(39104K) Class: 4344K(4480K)->4344K(4480K)
[544.073s][info][gc             ] GC(617) Pause Young (Allocation Failure) 832M->606M(877M) 18.717ms
[544.073s][info][gc,cpu         ] GC(617) User=0.03s Sys=0.01s Real=0.02s
[544.643s][info][gc,start       ] GC(618) Pause Young (Allocation Failure)
[544.648s][info][gc,heap        ] GC(618) PSYoungGen: 237550K(279552K)->3409K(282624K) Eden: 234496K(234496K)->0K(245760K) From: 3054K(45056K)->3409K(36864K)
[544.648s][info][gc,heap        ] GC(618) ParOldGen: 618254K(618496K)->618423K(618496K)
[544.648s][info][gc,metaspace   ] GC(618) Metaspace: 43175K(43584K)->43175K(43584K) NonClass: 38830K(39104K)->38830K(39104K) Class: 4344K(4480K)->4344K(4480K)
[544.648s][info][gc             ] GC(618) Pause Young (Allocation Failure) 835M->607M(880M) 5.369ms
[544.648s][info][gc,cpu         ] GC(618) User=0.01s Sys=0.00s Real=0.00s
[545.228s][info][gc,start       ] GC(619) Pause Young (Allocation Failure)
[545.235s][info][gc,heap        ] GC(619) PSYoungGen: 249169K(282624K)->5738K(286720K) Eden: 245760K(245760K)->0K(245760K) From: 3409K(36864K)->5738K(40960K)
[545.235s][info][gc,heap        ] GC(619) ParOldGen: 618423K(618496K)->618431K(618496K)
[545.235s][info][gc,metaspace   ] GC(619) Metaspace: 43179K(43584K)->43179K(43584K) NonClass: 38835K(39104K)->38835K(39104K) Class: 4344K(4480K)->4344K(4480K)
[545.235s][info][gc             ] GC(619) Pause Young (Allocation Failure) 847M->609M(884M) 6.690ms
[545.235s][info][gc,cpu         ] GC(619) User=0.01s Sys=0.00s Real=0.01s
[545.870s][info][gc,start       ] GC(620) Pause Young (Allocation Failure)
[545.874s][info][gc,heap        ] GC(620) PSYoungGen: 251498K(286720K)->2543K(288256K) Eden: 245760K(245760K)->0K(254464K) From: 5738K(40960K)->2543K(33792K)
[545.874s][info][gc,heap        ] GC(620) ParOldGen: 618431K(618496K)->618487K(618496K)
[545.874s][info][gc,metaspace   ] GC(620) Metaspace: 43199K(43584K)->43199K(43584K) NonClass: 38855K(39104K)->38855K(39104K) Class: 4344K(4480K)->4344K(4480K)
[545.874s][info][gc             ] GC(620) Pause Young (Allocation Failure) 849M->606M(885M) 3.379ms
[545.874s][info][gc,cpu         ] GC(620) User=0.01s Sys=0.00s Real=0.01s
[546.671s][info][gc,start       ] GC(621) Pause Young (Allocation Failure)
[546.675s][info][gc,heap        ] GC(621) PSYoungGen: 257007K(288256K)->480K(291328K) Eden: 254464K(254464K)->0K(254464K) From: 2543K(33792K)->480K(36864K)
[546.675s][info][gc,heap        ] GC(621) ParOldGen: 618487K(618496K)->618607K(619008K)
[546.675s][info][gc,metaspace   ] GC(621) Metaspace: 43199K(43584K)->43199K(43584K) NonClass: 38855K(39104K)->38855K(39104K) Class: 4344K(4480K)->4344K(4480K)
[546.675s][info][gc             ] GC(621) Pause Young (Allocation Failure) 854M->604M(889M) 3.716ms
[546.675s][info][gc,cpu         ] GC(621) User=0.01s Sys=0.00s Real=0.00s
[547.972s][info][gc,start       ] GC(622) Pause Young (Allocation Failure)
[547.988s][info][gc,heap        ] GC(622) PSYoungGen: 254944K(291328K)->16140K(296448K) Eden: 254464K(254464K)->0K(261632K) From: 480K(36864K)->16140K(34816K)
[547.988s][info][gc,heap        ] GC(622) ParOldGen: 618607K(619008K)->618951K(619008K)
[547.988s][info][gc,metaspace   ] GC(622) Metaspace: 43206K(43584K)->43206K(43584K) NonClass: 38862K(39104K)->38862K(39104K) Class: 4344K(4480K)->4344K(4480K)
[547.988s][info][gc             ] GC(622) Pause Young (Allocation Failure) 853M->620M(894M) 16.672ms
[547.988s][info][gc,cpu         ] GC(622) User=0.04s Sys=0.00s Real=0.01s
[548.642s][info][gc,start       ] GC(623) Pause Young (Allocation Failure)
[548.694s][info][gc,heap        ] GC(623) PSYoungGen: 277772K(296448K)->29996K(291840K) Eden: 261632K(261632K)->0K(261632K) From: 16140K(34816K)->29996K(30208K)
[548.694s][info][gc,heap        ] GC(623) ParOldGen: 618951K(619008K)->634895K(635392K)
[548.694s][info][gc,metaspace   ] GC(623) Metaspace: 43206K(43584K)->43206K(43584K) NonClass: 38862K(39104K)->38862K(39104K) Class: 4344K(4480K)->4344K(4480K)
[548.694s][info][gc             ] GC(623) Pause Young (Allocation Failure) 875M->649M(905M) 51.755ms
[548.694s][info][gc,cpu         ] GC(623) User=0.09s Sys=0.01s Real=0.05s
[549.266s][info][gc,start       ] GC(624) Pause Young (Allocation Failure)
[549.338s][info][gc,heap        ] GC(624) PSYoungGen: 291628K(291840K)->27352K(286720K) Eden: 261632K(261632K)->0K(245760K) From: 29996K(30208K)->27352K(40960K)
[549.338s][info][gc,heap        ] GC(624) ParOldGen: 634895K(635392K)->665027K(665088K)
[549.338s][info][gc,metaspace   ] GC(624) Metaspace: 43206K(43584K)->43206K(43584K) NonClass: 38862K(39104K)->38862K(39104K) Class: 4344K(4480K)->4344K(4480K)
[549.338s][info][gc             ] GC(624) Pause Young (Allocation Failure) 904M->676M(929M) 71.395ms
[549.338s][info][gc,cpu         ] GC(624) User=0.12s Sys=0.02s Real=0.07s
[552.704s][info][gc,start       ] GC(625) Pause Full (Allocation Failure)
[552.704s][info][gc,phases,start] GC(625) Marking Phase
[552.742s][info][gc,phases      ] GC(625) Marking Phase 38.011ms
[552.742s][info][gc,phases,start] GC(625) Summary Phase
[552.742s][info][gc,phases      ] GC(625) Summary Phase 0.031ms
[552.742s][info][gc,phases,start] GC(625) Forward
[552.746s][info][gc,phases      ] GC(625) Forward 3.883ms
[552.746s][info][gc,phases,start] GC(625) Adjust Pointers
[552.767s][info][gc,phases      ] GC(625) Adjust Pointers 21.164ms
[552.768s][info][gc,phases,start] GC(625) Compaction Phase
[552.772s][info][gc,phases      ] GC(625) Compaction Phase 4.476ms
[552.772s][info][gc,phases,start] GC(625) Post Compact
[552.775s][info][gc,phases      ] GC(625) Post Compact 2.720ms
[552.816s][info][gc,heap        ] GC(625) PSYoungGen: 273112K(286720K)->0K(289792K) Eden: 245760K(245760K)->0K(245760K) From: 27352K(40960K)->0K(44032K)
[552.816s][info][gc,heap        ] GC(625) ParOldGen: 665027K(665088K)->48089K(175104K)
[552.816s][info][gc,metaspace   ] GC(625) Metaspace: 43211K(43584K)->43211K(43584K) NonClass: 38867K(39104K)->38867K(39104K) Class: 4344K(4480K)->4344K(4480K)
[552.816s][info][gc             ] GC(625) Pause Full (Allocation Failure) 916M->46M(454M) 111.679ms
[552.816s][info][gc,cpu         ] GC(625) User=0.09s Sys=0.05s Real=0.11s
[553.543s][info][gc,start       ] GC(626) Pause Young (Allocation Failure)
[553.552s][info][gc,heap        ] GC(626) PSYoungGen: 245760K(289792K)->10476K(284672K) Eden: 245760K(245760K)->0K(245760K) From: 0K(44032K)->10476K(38912K)
[553.552s][info][gc,heap        ] GC(626) ParOldGen: 48089K(175104K)->48089K(175104K)
[553.552s][info][gc,metaspace   ] GC(626) Metaspace: 43211K(43584K)->43211K(43584K) NonClass: 38867K(39104K)->38867K(39104K) Class: 4344K(4480K)->4344K(4480K)
[553.552s][info][gc             ] GC(626) Pause Young (Allocation Failure) 286M->57M(449M) 9.613ms
[553.552s][info][gc,cpu         ] GC(626) User=0.01s Sys=0.00s Real=0.01s
[554.188s][info][gc,start       ] GC(627) Pause Young (Allocation Failure)
[554.227s][info][gc,heap        ] GC(627) PSYoungGen: 256236K(284672K)->30924K(287232K) Eden: 245760K(245760K)->0K(245760K) From: 10476K(38912K)->30924K(41472K)
[554.227s][info][gc,heap        ] GC(627) ParOldGen: 48089K(175104K)->58342K(175104K)
[554.227s][info][gc,metaspace   ] GC(627) Metaspace: 43211K(43584K)->43211K(43584K) NonClass: 38867K(39104K)->38867K(39104K) Class: 4344K(4480K)->4344K(4480K)
[554.227s][info][gc             ] GC(627) Pause Young (Allocation Failure) 297M->87M(451M) 39.110ms
[554.227s][info][gc,cpu         ] GC(627) User=0.07s Sys=0.00s Real=0.04s
[554.805s][info][gc,start       ] GC(628) Pause Young (Allocation Failure)
[554.861s][info][gc,heap        ] GC(628) PSYoungGen: 276684K(287232K)->28248K(283648K) Eden: 245760K(245760K)->0K(238592K) From: 30924K(41472K)->28248K(45056K)
[554.861s][info][gc,heap        ] GC(628) ParOldGen: 58342K(175104K)->89470K(175104K)
[554.861s][info][gc,metaspace   ] GC(628) Metaspace: 43211K(43584K)->43211K(43584K) NonClass: 38867K(39104K)->38867K(39104K) Class: 4344K(4480K)->4344K(4480K)
[554.861s][info][gc             ] GC(628) Pause Young (Allocation Failure) 327M->114M(448M) 55.827ms
[554.861s][info][gc,cpu         ] GC(628) User=0.11s Sys=0.00s Real=0.06s
[556.436s][info][gc,start       ] GC(629) Pause Young (Allocation Failure)
[556.482s][info][gc,heap        ] GC(629) PSYoungGen: 266840K(283648K)->22736K(286208K) Eden: 238592K(238592K)->0K(238592K) From: 28248K(45056K)->22736K(47616K)
[556.482s][info][gc,heap        ] GC(629) ParOldGen: 89470K(175104K)->117687K(175104K)
[556.482s][info][gc,metaspace   ] GC(629) Metaspace: 43211K(43584K)->43211K(43584K) NonClass: 38867K(39104K)->38867K(39104K) Class: 4344K(4480K)->4344K(4480K)
[556.482s][info][gc             ] GC(629) Pause Young (Allocation Failure) 347M->137M(450M) 46.002ms
[556.482s][info][gc,cpu         ] GC(629) User=0.09s Sys=0.00s Real=0.05s
[557.559s][info][gc,start       ] GC(630) Pause Young (Allocation Failure)
[557.586s][info][gc,heap        ] GC(630) PSYoungGen: 261328K(286208K)->13566K(280576K) Eden: 238592K(238592K)->0K(239104K) From: 22736K(47616K)->13566K(41472K)
[557.586s][info][gc,heap        ] GC(630) ParOldGen: 117687K(175104K)->139963K(175104K)
[557.586s][info][gc,metaspace   ] GC(630) Metaspace: 43211K(43584K)->43211K(43584K) NonClass: 38867K(39104K)->38867K(39104K) Class: 4344K(4480K)->4344K(4480K)
[557.586s][info][gc             ] GC(630) Pause Young (Allocation Failure) 370M->149M(445M) 27.487ms
[557.586s][info][gc,cpu         ] GC(630) User=0.05s Sys=0.00s Real=0.03s
[559.017s][info][gc,start       ] GC(631) Pause Young (Allocation Failure)
[559.049s][info][gc,heap        ] GC(631) PSYoungGen: 252670K(280576K)->24684K(283648K) Eden: 239104K(239104K)->0K(239104K) From: 13566K(41472K)->24684K(44544K)
[559.049s][info][gc,heap        ] GC(631) ParOldGen: 139963K(175104K)->152857K(175104K)
[559.049s][info][gc,metaspace   ] GC(631) Metaspace: 43211K(43584K)->43211K(43584K) NonClass: 38867K(39104K)->38867K(39104K) Class: 4344K(4480K)->4344K(4480K)
[559.049s][info][gc             ] GC(631) Pause Young (Allocation Failure) 383M->173M(448M) 32.272ms
[559.049s][info][gc,cpu         ] GC(631) User=0.06s Sys=0.00s Real=0.03s
[560.446s][info][gc,start       ] GC(632) Pause Young (Allocation Failure)
[560.485s][info][gc,heap        ] GC(632) PSYoungGen: 263788K(283648K)->21460K(287232K) Eden: 239104K(239104K)->0K(244736K) From: 24684K(44544K)->21460K(42496K)
[560.485s][info][gc,heap        ] GC(632) ParOldGen: 152857K(175104K)->177358K(177664K)
[560.485s][info][gc,metaspace   ] GC(632) Metaspace: 43211K(43584K)->43211K(43584K) NonClass: 38867K(39104K)->38867K(39104K) Class: 4344K(4480K)->4344K(4480K)
[560.486s][info][gc             ] GC(632) Pause Young (Allocation Failure) 406M->194M(454M) 39.240ms
[560.486s][info][gc,cpu         ] GC(632) User=0.07s Sys=0.01s Real=0.04s
[561.785s][info][gc,start       ] GC(633) Pause Young (Allocation Failure)
[561.835s][info][gc,heap        ] GC(633) PSYoungGen: 266196K(287232K)->28918K(288256K) Eden: 244736K(244736K)->0K(244736K) From: 21460K(42496K)->28918K(43520K)
[561.835s][info][gc,heap        ] GC(633) ParOldGen: 177358K(177664K)->198911K(199168K)
[561.835s][info][gc,metaspace   ] GC(633) Metaspace: 43211K(43584K)->43211K(43584K) NonClass: 38867K(39104K)->38867K(39104K) Class: 4344K(4480K)->4344K(4480K)
[561.835s][info][gc             ] GC(633) Pause Young (Allocation Failure) 433M->222M(476M) 49.993ms
[561.835s][info][gc,cpu         ] GC(633) User=0.08s Sys=0.02s Real=0.05s
[562.431s][info][gc,start       ] GC(634) Pause Young (Allocation Failure)
[562.496s][info][gc,heap        ] GC(634) PSYoungGen: 273654K(288256K)->30796K(285184K) Eden: 244736K(244736K)->0K(239616K) From: 28918K(43520K)->30796K(45568K)
[562.496s][info][gc,heap        ] GC(634) ParOldGen: 198911K(199168K)->227891K(228352K)
[562.496s][info][gc,metaspace   ] GC(634) Metaspace: 43211K(43584K)->43211K(43584K) NonClass: 38867K(39104K)->38867K(39104K) Class: 4344K(4480K)->4344K(4480K)
[562.496s][info][gc             ] GC(634) Pause Young (Allocation Failure) 461M->252M(501M) 64.631ms
[562.496s][info][gc,cpu         ] GC(634) User=0.10s Sys=0.03s Real=0.06s
[563.073s][info][gc,start       ] GC(635) Pause Young (Allocation Failure)
[563.143s][info][gc,heap        ] GC(635) PSYoungGen: 270412K(285184K)->29240K(269312K) Eden: 239616K(239616K)->0K(239616K) From: 30796K(45568K)->29240K(29696K)
[563.143s][info][gc,heap        ] GC(635) ParOldGen: 227891K(228352K)->258013K(258048K)
[563.143s][info][gc,metaspace   ] GC(635) Metaspace: 43211K(43584K)->43211K(43584K) NonClass: 38867K(39104K)->38867K(39104K) Class: 4344K(4480K)->4344K(4480K)
[563.143s][info][gc             ] GC(635) Pause Young (Allocation Failure) 486M->280M(515M) 70.583ms
[563.143s][info][gc,cpu         ] GC(635) User=0.12s Sys=0.02s Real=0.07s
[564.702s][info][gc,start       ] GC(636) Pause Young (Allocation Failure)
[564.764s][info][gc,heap        ] GC(636) PSYoungGen: 268856K(269312K)->24730K(286720K) Eden: 239616K(239616K)->0K(238592K) From: 29240K(29696K)->24730K(48128K)
[564.764s][info][gc,heap        ] GC(636) ParOldGen: 258013K(258048K)->285510K(285696K)
[564.764s][info][gc,metaspace   ] GC(636) Metaspace: 43211K(43584K)->43211K(43584K) NonClass: 38867K(39104K)->38867K(39104K) Class: 4344K(4480K)->4344K(4480K)
[564.764s][info][gc             ] GC(636) Pause Young (Allocation Failure) 514M->302M(559M) 62.709ms
[564.764s][info][gc,cpu         ] GC(636) User=0.10s Sys=0.03s Real=0.06s
[565.756s][info][gc,start       ] GC(637) Pause Young (Allocation Failure)
[565.790s][info][gc,heap        ] GC(637) PSYoungGen: 263322K(286720K)->8708K(247808K) Eden: 238592K(238592K)->0K(238592K) From: 24730K(48128K)->8708K(9216K)
[565.790s][info][gc,heap        ] GC(637) ParOldGen: 285510K(285696K)->309115K(309248K)
[565.790s][info][gc,metaspace   ] GC(637) Metaspace: 43211K(43584K)->43211K(43584K) NonClass: 38867K(39104K)->38867K(39104K) Class: 4344K(4480K)->4344K(4480K)
[565.790s][info][gc             ] GC(637) Pause Young (Allocation Failure) 535M->310M(544M) 33.570ms
[565.790s][info][gc,cpu         ] GC(637) User=0.05s Sys=0.02s Real=0.03s
[567.136s][info][gc,start       ] GC(638) Pause Young (Allocation Failure)
[567.145s][info][gc,heap        ] GC(638) PSYoungGen: 247300K(247808K)->1932K(284672K) Eden: 238592K(238592K)->0K(238080K) From: 8708K(9216K)->1932K(46592K)
[567.145s][info][gc,heap        ] GC(638) ParOldGen: 309115K(309248K)->314469K(314880K)
[567.145s][info][gc,metaspace   ] GC(638) Metaspace: 43211K(43584K)->43211K(43584K) NonClass: 38867K(39104K)->38867K(39104K) Class: 4344K(4480K)->4344K(4480K)
[567.145s][info][gc             ] GC(638) Pause Young (Allocation Failure) 543M->308M(585M) 8.372ms
[567.145s][info][gc,cpu         ] GC(638) User=0.02s Sys=0.00s Real=0.01s
[568.532s][info][gc,start       ] GC(639) Pause Young (Allocation Failure)
[568.559s][info][gc,heap        ] GC(639) PSYoungGen: 240012K(284672K)->24104K(285184K) Eden: 238080K(238080K)->0K(238080K) From: 1932K(46592K)->24104K(47104K)
[568.559s][info][gc,heap        ] GC(639) ParOldGen: 314469K(314880K)->316352K(316416K)
[568.559s][info][gc,metaspace   ] GC(639) Metaspace: 43211K(43584K)->43211K(43584K) NonClass: 38867K(39104K)->38867K(39104K) Class: 4344K(4480K)->4344K(4480K)
[568.559s][info][gc             ] GC(639) Pause Young (Allocation Failure) 541M->332M(587M) 26.639ms
[568.559s][info][gc,cpu         ] GC(639) User=0.06s Sys=0.00s Real=0.02s
[569.912s][info][gc,start       ] GC(640) Pause Young (Allocation Failure)
[569.961s][info][gc,heap        ] GC(640) PSYoungGen: 262184K(285184K)->20453K(283136K) Eden: 238080K(238080K)->0K(240640K) From: 24104K(47104K)->20453K(42496K)
[569.961s][info][gc,heap        ] GC(640) ParOldGen: 316352K(316416K)->340613K(340992K)
[569.961s][info][gc,metaspace   ] GC(640) Metaspace: 43211K(43584K)->43211K(43584K) NonClass: 38867K(39104K)->38867K(39104K) Class: 4344K(4480K)->4344K(4480K)
[569.961s][info][gc             ] GC(640) Pause Young (Allocation Failure) 564M->352M(609M) 49.064ms
[569.961s][info][gc,cpu         ] GC(640) User=0.08s Sys=0.01s Real=0.05s
[570.864s][info][gc,start       ] GC(641) Pause Young (Allocation Failure)
[570.897s][info][gc,heap        ] GC(641) PSYoungGen: 261093K(283136K)->12702K(284672K) Eden: 240640K(240640K)->0K(240640K) From: 20453K(42496K)->12702K(44032K)
[570.897s][info][gc,heap        ] GC(641) ParOldGen: 340613K(340992K)->360931K(360960K)
[570.897s][info][gc,metaspace   ] GC(641) Metaspace: 43211K(43584K)->43211K(43584K) NonClass: 38867K(39104K)->38867K(39104K) Class: 4344K(4480K)->4344K(4480K)
[570.897s][info][gc             ] GC(641) Pause Young (Allocation Failure) 587M->364M(630M) 33.070ms
[570.897s][info][gc,cpu         ] GC(641) User=0.05s Sys=0.01s Real=0.03s
[571.850s][info][gc,start       ] GC(642) Pause Young (Allocation Failure)
[571.860s][info][gc,heap        ] GC(642) PSYoungGen: 253342K(284672K)->3701K(289280K) Eden: 240640K(240640K)->0K(246784K) From: 12702K(44032K)->3701K(42496K)
[571.860s][info][gc,heap        ] GC(642) ParOldGen: 360931K(360960K)->366897K(367104K)
[571.860s][info][gc,metaspace   ] GC(642) Metaspace: 43211K(43584K)->43211K(43584K) NonClass: 38867K(39104K)->38867K(39104K) Class: 4344K(4480K)->4344K(4480K)
[571.860s][info][gc             ] GC(642) Pause Young (Allocation Failure) 599M->361M(641M) 9.287ms
[571.860s][info][gc,cpu         ] GC(642) User=0.01s Sys=0.00s Real=0.00s
[572.809s][info][gc,start       ] GC(643) Pause Young (Allocation Failure)
[572.814s][info][gc,heap        ] GC(643) PSYoungGen: 250485K(289280K)->1399K(289792K) Eden: 246784K(246784K)->0K(246784K) From: 3701K(42496K)->1399K(43008K)
[572.814s][info][gc,heap        ] GC(643) ParOldGen: 366897K(367104K)->367985K(368128K)
[572.814s][info][gc,metaspace   ] GC(643) Metaspace: 43230K(43648K)->43230K(43648K) NonClass: 38886K(39168K)->38886K(39168K) Class: 4344K(4480K)->4344K(4480K)
[572.814s][info][gc             ] GC(643) Pause Young (Allocation Failure) 602M->360M(642M) 4.641ms
[572.814s][info][gc,cpu         ] GC(643) User=0.01s Sys=0.00s Real=0.01s
[573.559s][info][gc,start       ] GC(644) Pause Young (Allocation Failure)
[573.569s][info][gc,heap        ] GC(644) PSYoungGen: 248183K(289792K)->8887K(286720K) Eden: 246784K(246784K)->0K(247808K) From: 1399K(43008K)->8887K(38912K)
[573.570s][info][gc,heap        ] GC(644) ParOldGen: 367985K(368128K)->369185K(369664K)
[573.570s][info][gc,metaspace   ] GC(644) Metaspace: 43230K(43648K)->43230K(43648K) NonClass: 38886K(39168K)->38886K(39168K) Class: 4344K(4480K)->4344K(4480K)
[573.570s][info][gc             ] GC(644) Pause Young (Allocation Failure) 601M->369M(641M) 10.082ms
[573.570s][info][gc,cpu         ] GC(644) User=0.02s Sys=0.00s Real=0.01s
[574.403s][info][gc,start       ] GC(645) Pause Young (Allocation Failure)
[574.424s][info][gc,heap        ] GC(645) PSYoungGen: 256695K(286720K)->24244K(288768K) Eden: 247808K(247808K)->0K(247808K) From: 8887K(38912K)->24244K(40960K)
[574.424s][info][gc,heap        ] GC(645) ParOldGen: 369185K(369664K)->370169K(370176K)
[574.424s][info][gc,metaspace   ] GC(645) Metaspace: 43230K(43648K)->43230K(43648K) NonClass: 38886K(39168K)->38886K(39168K) Class: 4344K(4480K)->4344K(4480K)
[574.424s][info][gc             ] GC(645) Pause Young (Allocation Failure) 611M->385M(643M) 20.404ms
[574.424s][info][gc,cpu         ] GC(645) User=0.04s Sys=0.01s Real=0.02s
[575.488s][info][gc,start       ] GC(646) Pause Young (Allocation Failure)
[575.496s][info][gc,heap        ] GC(646) PSYoungGen: 272052K(288768K)->6946K(291840K) Eden: 247808K(247808K)->0K(250880K) From: 24244K(40960K)->6946K(40960K)
[575.496s][info][gc,heap        ] GC(646) ParOldGen: 370169K(370176K)->371009K(371200K)
[575.496s][info][gc,metaspace   ] GC(646) Metaspace: 43231K(43648K)->43231K(43648K) NonClass: 38887K(39168K)->38887K(39168K) Class: 4344K(4480K)->4344K(4480K)
[575.496s][info][gc             ] GC(646) Pause Young (Allocation Failure) 627M->369M(647M) 7.247ms
[575.496s][info][gc,cpu         ] GC(646) User=0.02s Sys=0.00s Real=0.01s
[576.406s][info][gc,start       ] GC(647) Pause Young (Allocation Failure)
[576.415s][info][gc,heap        ] GC(647) PSYoungGen: 257826K(291840K)->7707K(259072K) Eden: 250880K(250880K)->0K(250880K) From: 6946K(40960K)->7707K(8192K)
[576.415s][info][gc,heap        ] GC(647) ParOldGen: 371009K(371200K)->372001K(372224K)
[576.415s][info][gc,metaspace   ] GC(647) Metaspace: 43231K(43648K)->43231K(43648K) NonClass: 38887K(39168K)->38887K(39168K) Class: 4344K(4480K)->4344K(4480K)
[576.415s][info][gc             ] GC(647) Pause Young (Allocation Failure) 614M->370M(616M) 8.834ms
[576.415s][info][gc,cpu         ] GC(647) User=0.02s Sys=0.00s Real=0.01s
[577.372s][info][gc,start       ] GC(648) Pause Young (Allocation Failure)
[577.377s][info][gc,heap        ] GC(648) PSYoungGen: 258587K(259072K)->4594K(292352K) Eden: 250880K(250880K)->0K(252928K) From: 7707K(8192K)->4594K(39424K)
[577.377s][info][gc,heap        ] GC(648) ParOldGen: 372001K(372224K)->373089K(373248K)
[577.378s][info][gc,metaspace   ] GC(648) Metaspace: 43231K(43648K)->43231K(43648K) NonClass: 38887K(39168K)->38887K(39168K) Class: 4344K(4480K)->4344K(4480K)
[577.378s][info][gc             ] GC(648) Pause Young (Allocation Failure) 615M->368M(650M) 5.534ms
[577.378s][info][gc,cpu         ] GC(648) User=0.01s Sys=0.00s Real=0.00s
[578.215s][info][gc,start       ] GC(649) Pause Young (Allocation Failure)
[578.223s][info][gc,heap        ] GC(649) PSYoungGen: 257522K(292352K)->7780K(291328K) Eden: 252928K(252928K)->0K(252928K) From: 4594K(39424K)->7780K(38400K)
[578.223s][info][gc,heap        ] GC(649) ParOldGen: 373089K(373248K)->374133K(374272K)
[578.223s][info][gc,metaspace   ] GC(649) Metaspace: 43231K(43648K)->43231K(43648K) NonClass: 38887K(39168K)->38887K(39168K) Class: 4344K(4480K)->4344K(4480K)
[578.223s][info][gc             ] GC(649) Pause Young (Allocation Failure) 615M->372M(650M) 8.144ms
[578.223s][info][gc,cpu         ] GC(649) User=0.02s Sys=0.00s Real=0.01s
[579.134s][info][gc,start       ] GC(650) Pause Young (Allocation Failure)
[579.160s][info][gc,heap        ] GC(650) PSYoungGen: 260708K(291328K)->28832K(289280K) Eden: 252928K(252928K)->0K(252416K) From: 7780K(38400K)->28832K(36864K)
[579.160s][info][gc,heap        ] GC(650) ParOldGen: 374133K(374272K)->375093K(375296K)
[579.160s][info][gc,metaspace   ] GC(650) Metaspace: 43231K(43648K)->43231K(43648K) NonClass: 38887K(39168K)->38887K(39168K) Class: 4344K(4480K)->4344K(4480K)
[579.160s][info][gc             ] GC(650) Pause Young (Allocation Failure) 619M->394M(649M) 26.400ms
[579.160s][info][gc,cpu         ] GC(650) User=0.05s Sys=0.00s Real=0.02s
[580.284s][info][gc,start       ] GC(651) Pause Young (Allocation Failure)
[580.352s][info][gc,heap        ] GC(651) PSYoungGen: 281248K(289280K)->23816K(276480K) Eden: 252416K(252416K)->0K(252416K) From: 28832K(36864K)->23816K(24064K)
[580.353s][info][gc,heap        ] GC(651) ParOldGen: 375093K(375296K)->390703K(391168K)
[580.353s][info][gc,metaspace   ] GC(651) Metaspace: 43231K(43648K)->43231K(43648K) NonClass: 38887K(39168K)->38887K(39168K) Class: 4344K(4480K)->4344K(4480K)
[580.353s][info][gc             ] GC(651) Pause Young (Allocation Failure) 640M->404M(652M) 68.306ms
[580.353s][info][gc,cpu         ] GC(651) User=0.08s Sys=0.01s Real=0.07s
[581.375s][info][gc,start       ] GC(652) Pause Young (Allocation Failure)
[581.440s][info][gc,heap        ] GC(652) PSYoungGen: 276232K(276480K)->31821K(285184K) Eden: 252416K(252416K)->0K(243712K) From: 23816K(24064K)->31821K(41472K)
[581.440s][info][gc,heap        ] GC(652) ParOldGen: 390703K(391168K)->414127K(414208K)
[581.440s][info][gc,metaspace   ] GC(652) Metaspace: 43231K(43648K)->43231K(43648K) NonClass: 38887K(39168K)->38887K(39168K) Class: 4344K(4480K)->4344K(4480K)
[581.441s][info][gc             ] GC(652) Pause Young (Allocation Failure) 651M->435M(683M) 65.409ms
[581.441s][info][gc,cpu         ] GC(652) User=0.11s Sys=0.02s Real=0.07s
[582.149s][info][gc,start       ] GC(653) Pause Young (Allocation Failure)
[582.209s][info][gc,heap        ] GC(653) PSYoungGen: 275533K(285184K)->33416K(277504K) Eden: 243712K(243712K)->0K(243712K) From: 31821K(41472K)->33416K(33792K)
[582.209s][info][gc,heap        ] GC(653) ParOldGen: 414127K(414208K)->440216K(440320K)
[582.209s][info][gc,metaspace   ] GC(653) Metaspace: 43231K(43648K)->43231K(43648K) NonClass: 38887K(39168K)->38887K(39168K) Class: 4344K(4480K)->4344K(4480K)
[582.209s][info][gc             ] GC(653) Pause Young (Allocation Failure) 673M->462M(701M) 60.346ms
[582.210s][info][gc,cpu         ] GC(653) User=0.10s Sys=0.01s Real=0.06s
[583.007s][info][gc,start       ] GC(654) Pause Young (Allocation Failure)
[583.034s][info][gc,heap        ] GC(654) PSYoungGen: 277128K(277504K)->26449K(285184K) Eden: 243712K(243712K)->0K(236544K) From: 33416K(33792K)->26449K(48640K)
[583.035s][info][gc,heap        ] GC(654) ParOldGen: 440216K(440320K)->450140K(450560K)
[583.035s][info][gc,metaspace   ] GC(654) Metaspace: 43231K(43648K)->43231K(43648K) NonClass: 38887K(39168K)->38887K(39168K) Class: 4344K(4480K)->4344K(4480K)
[583.035s][info][gc             ] GC(654) Pause Young (Allocation Failure) 700M->465M(718M) 27.801ms
[583.035s][info][gc,cpu         ] GC(654) User=0.05s Sys=0.00s Real=0.03s
[583.819s][info][gc,start       ] GC(655) Pause Young (Allocation Failure)
[583.845s][info][gc,heap        ] GC(655) PSYoungGen: 262993K(285184K)->39809K(276480K) Eden: 236544K(236544K)->0K(236544K) From: 26449K(48640K)->39809K(39936K)
[583.845s][info][gc,heap        ] GC(655) ParOldGen: 450140K(450560K)->450633K(451072K)
[583.845s][info][gc,metaspace   ] GC(655) Metaspace: 43231K(43648K)->43231K(43648K) NonClass: 38887K(39168K)->38887K(39168K) Class: 4344K(4480K)->4344K(4480K)
[583.845s][info][gc             ] GC(655) Pause Young (Allocation Failure) 696M->478M(710M) 26.089ms
[583.845s][info][gc,cpu         ] GC(655) User=0.05s Sys=0.00s Real=0.03s
[584.686s][info][gc,start       ] GC(656) Pause Young (Allocation Failure)
[584.697s][info][gc,heap        ] GC(656) PSYoungGen: 276353K(276480K)->12797K(282624K) Eden: 236544K(236544K)->0K(229376K) From: 39809K(39936K)->12797K(53248K)
[584.697s][info][gc,heap        ] GC(656) ParOldGen: 450633K(451072K)->451407K(451584K)
[584.697s][info][gc,metaspace   ] GC(656) Metaspace: 43231K(43648K)->43231K(43648K) NonClass: 38887K(39168K)->38887K(39168K) Class: 4344K(4480K)->4344K(4480K)
[584.697s][info][gc             ] GC(656) Pause Young (Allocation Failure) 709M->453M(717M) 10.588ms
[584.697s][info][gc,cpu         ] GC(656) User=0.02s Sys=0.00s Real=0.01s
[585.497s][info][gc,start       ] GC(657) Pause Young (Allocation Failure)
[585.516s][info][gc,heap        ] GC(657) PSYoungGen: 242173K(282624K)->24853K(254464K) Eden: 229376K(229376K)->0K(229376K) From: 12797K(53248K)->24853K(25088K)
[585.516s][info][gc,heap        ] GC(657) ParOldGen: 451407K(451584K)->452033K(452096K)
[585.516s][info][gc,metaspace   ] GC(657) Metaspace: 43231K(43648K)->43231K(43648K) NonClass: 38887K(39168K)->38887K(39168K) Class: 4344K(4480K)->4344K(4480K)
[585.516s][info][gc             ] GC(657) Pause Young (Allocation Failure) 677M->465M(690M) 19.357ms
[585.516s][info][gc,cpu         ] GC(657) User=0.04s Sys=0.00s Real=0.02s
[586.340s][info][gc,start       ] GC(658) Pause Young (Allocation Failure)
[586.375s][info][gc,heap        ] GC(658) PSYoungGen: 254229K(254464K)->50165K(266240K) Eden: 229376K(229376K)->0K(216064K) From: 24853K(25088K)->50165K(50176K)
[586.375s][info][gc,heap        ] GC(658) ParOldGen: 452033K(452096K)->454119K(454144K)
[586.375s][info][gc,metaspace   ] GC(658) Metaspace: 43231K(43648K)->43231K(43648K) NonClass: 38887K(39168K)->38887K(39168K) Class: 4344K(4480K)->4344K(4480K)
[586.375s][info][gc             ] GC(658) Pause Young (Allocation Failure) 689M->492M(703M) 34.390ms
[586.375s][info][gc,cpu         ] GC(658) User=0.06s Sys=0.01s Real=0.04s
[587.107s][info][gc,start       ] GC(659) Pause Young (Allocation Failure)
[587.178s][info][gc,heap        ] GC(659) PSYoungGen: 266229K(266240K)->35767K(251904K) Eden: 216064K(216064K)->0K(216064K) From: 50165K(50176K)->35767K(35840K)
[587.178s][info][gc,heap        ] GC(659) ParOldGen: 454119K(454144K)->501795K(502272K)
[587.178s][info][gc,metaspace   ] GC(659) Metaspace: 43231K(43648K)->43231K(43648K) NonClass: 38887K(39168K)->38887K(39168K) Class: 4344K(4480K)->4344K(4480K)
[587.178s][info][gc             ] GC(659) Pause Young (Allocation Failure) 703M->524M(736M) 71.159ms
[587.178s][info][gc,cpu         ] GC(659) User=0.10s Sys=0.04s Real=0.07s
[587.934s][info][gc,start       ] GC(660) Pause Young (Allocation Failure)
[587.969s][info][gc,heap        ] GC(660) PSYoungGen: 251831K(251904K)->7953K(274944K) Eden: 216064K(216064K)->0K(215552K) From: 35767K(35840K)->7953K(59392K)
[587.969s][info][gc,heap        ] GC(660) ParOldGen: 501795K(502272K)->526526K(526848K)
[587.969s][info][gc,metaspace   ] GC(660) Metaspace: 43231K(43648K)->43231K(43648K) NonClass: 38887K(39168K)->38887K(39168K) Class: 4344K(4480K)->4344K(4480K)
[587.969s][info][gc             ] GC(660) Pause Young (Allocation Failure) 735M->521M(783M) 34.828ms
[587.969s][info][gc,cpu         ] GC(660) User=0.06s Sys=0.01s Real=0.03s
[588.718s][info][gc,start       ] GC(661) Pause Young (Allocation Failure)
[588.729s][info][gc,heap        ] GC(661) PSYoungGen: 223505K(274944K)->13737K(229376K) Eden: 215552K(215552K)->0K(215552K) From: 7953K(59392K)->13737K(13824K)
[588.729s][info][gc,heap        ] GC(661) ParOldGen: 526526K(526848K)->527334K(527360K)
[588.729s][info][gc,metaspace   ] GC(661) Metaspace: 43231K(43648K)->43231K(43648K) NonClass: 38887K(39168K)->38887K(39168K) Class: 4344K(4480K)->4344K(4480K)
[588.729s][info][gc             ] GC(661) Pause Young (Allocation Failure) 732M->528M(739M) 11.296ms
[588.729s][info][gc,cpu         ] GC(661) User=0.02s Sys=0.00s Real=0.01s
[589.445s][info][gc,start       ] GC(662) Pause Young (Allocation Failure)
[589.456s][info][gc,heap        ] GC(662) PSYoungGen: 229289K(229376K)->11930K(274432K) Eden: 215552K(215552K)->0K(217088K) From: 13737K(13824K)->11930K(57344K)
[589.456s][info][gc,heap        ] GC(662) ParOldGen: 527334K(527360K)->528410K(528896K)
[589.456s][info][gc,metaspace   ] GC(662) Metaspace: 43231K(43648K)->43231K(43648K) NonClass: 38887K(39168K)->38887K(39168K) Class: 4344K(4480K)->4344K(4480K)
[589.456s][info][gc             ] GC(662) Pause Young (Allocation Failure) 738M->527M(784M) 10.915ms
[589.456s][info][gc,cpu         ] GC(662) User=0.02s Sys=0.00s Real=0.01s
[590.182s][info][gc,start       ] GC(663) Pause Young (Allocation Failure)
[590.186s][info][gc,heap        ] GC(663) PSYoungGen: 229018K(274432K)->2327K(272896K) Eden: 217088K(217088K)->0K(217088K) From: 11930K(57344K)->2327K(55808K)
[590.186s][info][gc,heap        ] GC(663) ParOldGen: 528410K(528896K)->528919K(529408K)
[590.186s][info][gc,metaspace   ] GC(663) Metaspace: 43231K(43648K)->43231K(43648K) NonClass: 38887K(39168K)->38887K(39168K) Class: 4344K(4480K)->4344K(4480K)
[590.186s][info][gc             ] GC(663) Pause Young (Allocation Failure) 739M->518M(783M) 4.499ms
[590.186s][info][gc,cpu         ] GC(663) User=0.01s Sys=0.00s Real=0.00s
[590.842s][info][gc,start       ] GC(664) Pause Young (Allocation Failure)
[590.857s][info][gc,heap        ] GC(664) PSYoungGen: 219415K(272896K)->21483K(274944K) Eden: 217088K(217088K)->0K(222720K) From: 2327K(55808K)->21483K(52224K)
[590.857s][info][gc,heap        ] GC(664) ParOldGen: 528919K(529408K)->529400K(529408K)
[590.857s][info][gc,metaspace   ] GC(664) Metaspace: 43231K(43648K)->43231K(43648K) NonClass: 38887K(39168K)->38887K(39168K) Class: 4344K(4480K)->4344K(4480K)
[590.857s][info][gc             ] GC(664) Pause Young (Allocation Failure) 730M->537M(785M) 14.926ms
[590.857s][info][gc,cpu         ] GC(664) User=0.02s Sys=0.00s Real=0.01s
[591.525s][info][gc,start       ] GC(665) Pause Young (Allocation Failure)
[591.546s][info][gc,heap        ] GC(665) PSYoungGen: 244203K(274944K)->773K(275456K) Eden: 222720K(222720K)->0K(222720K) From: 21483K(52224K)->773K(52736K)
[591.546s][info][gc,heap        ] GC(665) ParOldGen: 529400K(529408K)->549756K(549888K)
[591.546s][info][gc,metaspace   ] GC(665) Metaspace: 43231K(43648K)->43231K(43648K) NonClass: 38887K(39168K)->38887K(39168K) Class: 4344K(4480K)->4344K(4480K)
[591.546s][info][gc             ] GC(665) Pause Young (Allocation Failure) 755M->537M(806M) 21.250ms
[591.546s][info][gc,cpu         ] GC(665) User=0.02s Sys=0.02s Real=0.02s
[592.093s][info][gc,start       ] GC(666) Pause Young (Allocation Failure)
[592.099s][info][gc,heap        ] GC(666) PSYoungGen: 223493K(275456K)->4903K(278016K) Eden: 222720K(222720K)->0K(228352K) From: 773K(52736K)->4903K(49664K)
[592.099s][info][gc,heap        ] GC(666) ParOldGen: 549756K(549888K)->549788K(549888K)
[592.099s][info][gc,metaspace   ] GC(666) Metaspace: 43231K(43648K)->43231K(43648K) NonClass: 38887K(39168K)->38887K(39168K) Class: 4344K(4480K)->4344K(4480K)
[592.099s][info][gc             ] GC(666) Pause Young (Allocation Failure) 755M->541M(808M) 5.905ms
[592.099s][info][gc,cpu         ] GC(666) User=0.01s Sys=0.00s Real=0.00s
[592.495s][info][gc,start       ] GC(667) Pause Young (Allocation Failure)
[592.501s][info][gc,heap        ] GC(667) PSYoungGen: 233255K(278016K)->2798K(279552K) Eden: 228352K(228352K)->0K(228352K) From: 4903K(49664K)->2798K(51200K)
[592.501s][info][gc,heap        ] GC(667) ParOldGen: 549788K(549888K)->551603K(551936K)
[592.501s][info][gc,metaspace   ] GC(667) Metaspace: 43231K(43648K)->43231K(43648K) NonClass: 38887K(39168K)->38887K(39168K) Class: 4344K(4480K)->4344K(4480K)
[592.501s][info][gc             ] GC(667) Pause Young (Allocation Failure) 764M->541M(812M) 6.111ms
[592.501s][info][gc,cpu         ] GC(667) User=0.01s Sys=0.01s Real=0.01s
[592.900s][info][gc,start       ] GC(668) Pause Young (Allocation Failure)
[592.909s][info][gc,heap        ] GC(668) PSYoungGen: 230719K(279552K)->10133K(276992K) Eden: 227920K(228352K)->0K(232448K) From: 2798K(51200K)->10133K(44544K)
[592.909s][info][gc,heap        ] GC(668) ParOldGen: 551603K(551936K)->551847K(551936K)
[592.909s][info][gc,metaspace   ] GC(668) Metaspace: 43231K(43648K)->43231K(43648K) NonClass: 38887K(39168K)->38887K(39168K) Class: 4344K(4480K)->4344K(4480K)
[592.909s][info][gc             ] GC(668) Pause Young (Allocation Failure) 763M->548M(809M) 8.554ms
[592.909s][info][gc,cpu         ] GC(668) User=0.02s Sys=0.00s Real=0.00s
[593.197s][info][gc,start       ] GC(669) Pause Young (Allocation Failure)
[593.210s][info][gc,heap        ] GC(669) PSYoungGen: 242581K(276992K)->1928K(280064K) Eden: 232448K(232448K)->0K(232448K) From: 10133K(44544K)->1928K(47616K)
[593.210s][info][gc,heap        ] GC(669) ParOldGen: 551847K(551936K)->561801K(562176K)
[593.210s][info][gc,metaspace   ] GC(669) Metaspace: 43231K(43648K)->43231K(43648K) NonClass: 38887K(39168K)->38887K(39168K) Class: 4344K(4480K)->4344K(4480K)
[593.210s][info][gc             ] GC(669) Pause Young (Allocation Failure) 775M->550M(822M) 13.260ms
[593.210s][info][gc,cpu         ] GC(669) User=0.01s Sys=0.01s Real=0.01s
[593.510s][info][gc,start       ] GC(670) Pause Young (Allocation Failure)
[593.517s][info][gc,heap        ] GC(670) PSYoungGen: 234376K(280064K)->1968K(282112K) Eden: 232448K(232448K)->0K(239616K) From: 1928K(47616K)->1968K(42496K)
[593.517s][info][gc,heap        ] GC(670) ParOldGen: 561801K(562176K)->563704K(563712K)
[593.517s][info][gc,metaspace   ] GC(670) Metaspace: 43231K(43648K)->43231K(43648K) NonClass: 38887K(39168K)->38887K(39168K) Class: 4344K(4480K)->4344K(4480K)
[593.517s][info][gc             ] GC(670) Pause Young (Allocation Failure) 777M->552M(826M) 7.189ms
[593.517s][info][gc,cpu         ] GC(670) User=0.01s Sys=0.01s Real=0.01s
[593.838s][info][gc,start       ] GC(671) Pause Young (Allocation Failure)
[593.846s][info][gc,heap        ] GC(671) PSYoungGen: 241265K(282112K)->4554K(284672K) Eden: 239296K(239616K)->0K(239616K) From: 1968K(42496K)->4554K(45056K)
[593.846s][info][gc,heap        ] GC(671) ParOldGen: 563704K(563712K)->565642K(565760K)
[593.846s][info][gc,metaspace   ] GC(671) Metaspace: 43231K(43648K)->43231K(43648K) NonClass: 38887K(39168K)->38887K(39168K) Class: 4344K(4480K)->4344K(4480K)
[593.846s][info][gc             ] GC(671) Pause Young (Allocation Failure) 786M->556M(830M) 8.875ms
[593.846s][info][gc,cpu         ] GC(671) User=0.02s Sys=0.00s Real=0.01s
[594.186s][info][gc,start       ] GC(672) Pause Young (Allocation Failure)
[594.201s][info][gc,heap        ] GC(672) PSYoungGen: 242900K(284672K)->6996K(284160K) Eden: 238346K(239616K)->0K(245760K) From: 4554K(45056K)->6996K(38400K)
[594.201s][info][gc,heap        ] GC(672) ParOldGen: 565642K(565760K)->570226K(570368K)
[594.201s][info][gc,metaspace   ] GC(672) Metaspace: 43231K(43648K)->43231K(43648K) NonClass: 38887K(39168K)->38887K(39168K) Class: 4344K(4480K)->4344K(4480K)
[594.201s][info][gc             ] GC(672) Pause Young (Allocation Failure) 789M->563M(834M) 14.895ms
[594.201s][info][gc,cpu         ] GC(672) User=0.03s Sys=0.00s Real=0.02s
[594.531s][info][gc,start       ] GC(673) Pause Young (Allocation Failure)
[594.547s][info][gc,heap        ] GC(673) PSYoungGen: 251622K(284160K)->4049K(286720K) Eden: 244625K(245760K)->0K(245760K) From: 6996K(38400K)->4049K(40960K)
[594.547s][info][gc,heap        ] GC(673) ParOldGen: 570226K(570368K)->577284K(577536K)
[594.547s][info][gc,metaspace   ] GC(673) Metaspace: 43231K(43648K)->43231K(43648K) NonClass: 38887K(39168K)->38887K(39168K) Class: 4344K(4480K)->4344K(4480K)
[594.547s][info][gc             ] GC(673) Pause Young (Allocation Failure) 802M->567M(844M) 15.715ms
[594.547s][info][gc,cpu         ] GC(673) User=0.02s Sys=0.01s Real=0.01s
[595.020s][info][gc,start       ] GC(674) Pause Young (Allocation Failure)
[595.040s][info][gc,heap        ] GC(674) PSYoungGen: 248409K(286720K)->15806K(291328K) Eden: 244359K(245760K)->0K(253952K) From: 4049K(40960K)->15806K(37376K)
[595.040s][info][gc,heap        ] GC(674) ParOldGen: 577284K(577536K)->580973K(581120K)
[595.040s][info][gc,metaspace   ] GC(674) Metaspace: 43231K(43648K)->43231K(43648K) NonClass: 38887K(39168K)->38887K(39168K) Class: 4344K(4480K)->4344K(4480K)
[595.040s][info][gc             ] GC(674) Pause Young (Allocation Failure) 806M->582M(852M) 20.545ms
[595.040s][info][gc,cpu         ] GC(674) User=0.04s Sys=0.00s Real=0.02s
[595.653s][info][gc,start       ] GC(675) Pause Young (Allocation Failure)
[595.675s][info][gc,heap        ] GC(675) PSYoungGen: 269758K(291328K)->2731K(292352K) Eden: 253952K(253952K)->0K(253952K) From: 15806K(37376K)->2731K(38400K)
[595.676s][info][gc,heap        ] GC(675) ParOldGen: 580973K(581120K)->596430K(596480K)
[595.676s][info][gc,metaspace   ] GC(675) Metaspace: 43242K(43648K)->43242K(43648K) NonClass: 38897K(39168K)->38897K(39168K) Class: 4344K(4480K)->4344K(4480K)
[595.676s][info][gc             ] GC(675) Pause Young (Allocation Failure) 830M->585M(868M) 22.543ms
[595.676s][info][gc,cpu         ] GC(675) User=0.04s Sys=0.00s Real=0.02s
[596.288s][info][gc,start       ] GC(676) Pause Young (Allocation Failure)
[596.294s][info][gc,heap        ] GC(676) PSYoungGen: 256683K(292352K)->3967K(292864K) Eden: 253952K(253952K)->0K(258560K) From: 2731K(38400K)->3967K(34304K)
[596.294s][info][gc,heap        ] GC(676) ParOldGen: 596430K(596480K)->597941K(598016K)
[596.294s][info][gc,metaspace   ] GC(676) Metaspace: 43242K(43648K)->43242K(43648K) NonClass: 38897K(39168K)->38897K(39168K) Class: 4344K(4480K)->4344K(4480K)
[596.294s][info][gc             ] GC(676) Pause Young (Allocation Failure) 833M->587M(870M) 6.675ms
[596.294s][info][gc,cpu         ] GC(676) User=0.01s Sys=0.00s Real=0.01s
[596.921s][info][gc,start       ] GC(677) Pause Young (Allocation Failure)
[596.927s][info][gc,heap        ] GC(677) PSYoungGen: 262527K(292864K)->4120K(293888K) Eden: 258560K(258560K)->0K(258560K) From: 3967K(34304K)->4120K(35328K)
[596.927s][info][gc,heap        ] GC(677) ParOldGen: 597941K(598016K)->597949K(598016K)
[596.927s][info][gc,metaspace   ] GC(677) Metaspace: 43242K(43648K)->43242K(43648K) NonClass: 38897K(39168K)->38897K(39168K) Class: 4344K(4480K)->4344K(4480K)
[596.927s][info][gc             ] GC(677) Pause Young (Allocation Failure) 840M->587M(871M) 5.501ms
[596.927s][info][gc,cpu         ] GC(677) User=0.01s Sys=0.00s Real=0.00s
[597.601s][info][gc,start       ] GC(678) Pause Young (Allocation Failure)
[597.606s][info][gc,heap        ] GC(678) PSYoungGen: 262680K(293888K)->4649K(294912K) Eden: 258560K(258560K)->0K(264704K) From: 4120K(35328K)->4649K(30208K)
[597.606s][info][gc,heap        ] GC(678) ParOldGen: 597949K(598016K)->597997K(598016K)
[597.606s][info][gc,metaspace   ] GC(678) Metaspace: 43242K(43648K)->43242K(43648K) NonClass: 38898K(39168K)->38898K(39168K) Class: 4344K(4480K)->4344K(4480K)
[597.606s][info][gc             ] GC(678) Pause Young (Allocation Failure) 840M->588M(872M) 4.945ms
[597.606s][info][gc,cpu         ] GC(678) User=0.01s Sys=0.00s Real=0.00s
[598.316s][info][gc,start       ] GC(679) Pause Young (Allocation Failure)
[598.322s][info][gc,heap        ] GC(679) PSYoungGen: 269353K(294912K)->5300K(296448K) Eden: 264704K(264704K)->0K(264704K) From: 4649K(30208K)->5300K(31744K)
[598.323s][info][gc,heap        ] GC(679) ParOldGen: 597997K(598016K)->599323K(599552K)
[598.323s][info][gc,metaspace   ] GC(679) Metaspace: 43242K(43648K)->43242K(43648K) NonClass: 38898K(39168K)->38898K(39168K) Class: 4344K(4480K)->4344K(4480K)
[598.323s][info][gc             ] GC(679) Pause Young (Allocation Failure) 847M->590M(875M) 6.501ms
[598.323s][info][gc,cpu         ] GC(679) User=0.01s Sys=0.00s Real=0.01s
[599.773s][info][gc,start       ] GC(680) Pause Young (Allocation Failure)
[599.790s][info][gc,heap        ] GC(680) PSYoungGen: 270004K(296448K)->13356K(301056K) Eden: 264704K(264704K)->0K(271872K) From: 5300K(31744K)->13356K(29184K)
[599.790s][info][gc,heap        ] GC(680) ParOldGen: 599323K(599552K)->601790K(602112K)
[599.790s][info][gc,metaspace   ] GC(680) Metaspace: 43249K(43712K)->43249K(43712K) NonClass: 38904K(39232K)->38904K(39232K) Class: 4344K(4480K)->4344K(4480K)
[599.790s][info][gc             ] GC(680) Pause Young (Allocation Failure) 848M->600M(882M) 16.725ms
[599.790s][info][gc,cpu         ] GC(680) User=0.03s Sys=0.00s Real=0.01s
[600.452s][info][gc,start       ] GC(681) Pause Young (Allocation Failure)
[600.503s][info][gc,heap        ] GC(681) PSYoungGen: 285228K(301056K)->29676K(301568K) Eden: 271872K(271872K)->0K(271872K) From: 13356K(29184K)->29676K(29696K)
[600.503s][info][gc,heap        ] GC(681) ParOldGen: 601790K(602112K)->617063K(617472K)
[600.504s][info][gc,metaspace   ] GC(681) Metaspace: 43249K(43712K)->43249K(43712K) NonClass: 38904K(39232K)->38904K(39232K) Class: 4344K(4480K)->4344K(4480K)
[600.504s][info][gc             ] GC(681) Pause Young (Allocation Failure) 866M->631M(897M) 51.272ms
[600.504s][info][gc,cpu         ] GC(681) User=0.08s Sys=0.01s Real=0.05s
[601.100s][info][gc,start       ] GC(682) Pause Young (Allocation Failure)
[601.173s][info][gc,heap        ] GC(682) PSYoungGen: 301548K(301568K)->28920K(276992K) Eden: 271872K(271872K)->0K(244736K) From: 29676K(29696K)->28920K(32256K)
[601.173s][info][gc,heap        ] GC(682) ParOldGen: 617063K(617472K)->646910K(647168K)
[601.173s][info][gc,metaspace   ] GC(682) Metaspace: 43249K(43712K)->43249K(43712K) NonClass: 38904K(39232K)->38904K(39232K) Class: 4344K(4480K)->4344K(4480K)
[601.173s][info][gc             ] GC(682) Pause Young (Allocation Failure) 897M->659M(902M) 72.654ms
[601.173s][info][gc,cpu         ] GC(682) User=0.11s Sys=0.02s Real=0.08s
[601.653s][info][gc,heap,exit   ] Heap
[601.654s][info][gc,heap,exit   ]  PSYoungGen      total 276992K, used 197117K [0x00000000eba00000, 0x0000000100000000, 0x0000000100000000)
[601.654s][info][gc,heap,exit   ]   eden space 244736K, 68% used [0x00000000eba00000,0x00000000f5e41690,0x00000000fa900000)
[601.654s][info][gc,heap,exit   ]   from space 32256K, 89% used [0x00000000fe080000,0x00000000ffcbe000,0x0000000100000000)
[601.654s][info][gc,heap,exit   ]   to   space 44544K, 0% used [0x00000000fa900000,0x00000000fa900000,0x00000000fd480000)
[601.654s][info][gc,heap,exit   ]  ParOldGen       total 647168K, used 646910K [0x00000000c2e00000, 0x00000000ea600000, 0x00000000eba00000)
[601.654s][info][gc,heap,exit   ]   object space 647168K, 99% used [0x00000000c2e00000,0x00000000ea5bf870,0x00000000ea600000)
[601.654s][info][gc,heap,exit   ]  Metaspace       used 43384K, committed 43776K, reserved 1114112K
[601.654s][info][gc,heap,exit   ]   class space    used 4370K, committed 4480K, reserved 1048576K
