[0.002s][info][metaspace]  - commit_granule_bytes: 65536.
[0.002s][info][metaspace]  - commit_granule_words: 8192.
[0.002s][info][metaspace]  - virtual_space_node_default_size: 8388608.
[0.002s][info][metaspace]  - enlarge_chunks_in_place: 1.
[0.004s][info][gc,init  ] CardTable entry size: 512
[0.004s][info][gc       ] Using Parallel
[0.005s][info][gc,init  ] Version: 24-internal-adhoc.root.jdk (release)
[0.005s][info][gc,init  ] CPUs: 2 total, 2 available
[0.005s][info][gc,init  ] Memory: 3908M
[0.005s][info][gc,init  ] Large Page Support: Disabled
[0.005s][info][gc,init  ] NUMA Support: Disabled
[0.005s][info][gc,init  ] Compressed Oops: Enabled (32-bit)
[0.005s][info][gc,init  ] Alignments: Space 512K, Generation 512K, Heap 2M
[0.005s][info][gc,init  ] Heap Min Capacity: 256M
[0.005s][info][gc,init  ] Heap Initial Capacity: 256M
[0.005s][info][gc,init  ] Heap Max Capacity: 978M
[0.005s][info][gc,init  ] Pre-touch: Disabled
[0.005s][info][gc,init  ] Parallel Workers: 2
[0.019s][info][gc,metaspace] CDS archive(s) mapped at: [0x00007f9ad9000000-0x00007f9ad9e7b000-0x00007f9ad9e7b000), size 15183872, SharedBaseAddress: 0x00007f9ad9000000, ArchiveRelocationMode: 1.
[0.019s][info][gc,metaspace] Compressed class space mapped at: 0x00007f9ada000000-0x00007f9b1a000000, reserved size: 1073741824
[0.019s][info][gc,metaspace] UseCompressedClassPointers 1, UseCompactObjectHeaders 1
[0.019s][info][gc,metaspace] Narrow klass pointer bits 22, Max shift 10
[0.019s][info][gc,metaspace] Narrow klass base: 0x00007f9ad9000000, Narrow klass shift: 10
[0.019s][info][gc,metaspace] Encoding Range: [0x00007f9ad9000000 - 0x00007f9bd9000000), (4294967296 bytes)
[0.019s][info][gc,metaspace] Klass Range:    [0x00007f9ad9000000 - 0x00007f9b1a000000), (1090519040 bytes)
[0.019s][info][gc,metaspace] Klass ID Range:  [1 - 1064960) (1064959)
[1.430s][info][gc,start    ] GC(0) Pause Young (Allocation Failure)
[1.443s][info][gc,heap     ] GC(0) PSYoungGen: 65536K(76288K)->7841K(76288K) Eden: 65536K(65536K)->0K(65536K) From: 0K(10752K)->7841K(10752K)
[1.443s][info][gc,heap     ] GC(0) ParOldGen: 1088K(175104K)->1176K(175104K)
[1.443s][info][gc,metaspace] GC(0) Metaspace: 20041K(20224K)->20041K(20224K) NonClass: 17028K(17152K)->17028K(17152K) Class: 3012K(3072K)->3012K(3072K)
[1.443s][info][gc          ] GC(0) Pause Young (Allocation Failure) 65M->8M(245M) 12.471ms
[1.443s][info][gc,cpu      ] GC(0) User=0.02s Sys=0.00s Real=0.01s
[1.750s][info][metaspace   ] ChkMgr @0x00007f9b3803ee90 (non-class-space): failed to commit 7 words on chunk @0x00007f9b386ca7d8, f, base 0x00007f9ad1260000, level lv10.
[1.750s][info][metaspace   ] Arena @0x00007f9b382e7ec0 (non-class arena): failed to allocate new chunk for requested word size 7.
[1.750s][info][metaspace   ] Arena @0x00007f9b382e7ec0 (non-class arena): allocation failed, returned null.
[1.750s][info][metaspace   ] ChkMgr @0x00007f9b3803ee90 (non-class-space): failed to commit 7 words on chunk @0x00007f9b386ca7d8, f, base 0x00007f9ad1260000, level lv10.
[1.750s][info][metaspace   ] Arena @0x00007f9b382e7ec0 (non-class arena): failed to allocate new chunk for requested word size 7.
[1.750s][info][metaspace   ] Arena @0x00007f9b382e7ec0 (non-class arena): allocation failed, returned null.
[1.750s][info][metaspace   ] ChkMgr @0x00007f9b3803ee90 (non-class-space): failed to commit 7 words on chunk @0x00007f9b386ca7d8, f, base 0x00007f9ad1260000, level lv10.
[1.750s][info][metaspace   ] Arena @0x00007f9b382e7ec0 (non-class arena): failed to allocate new chunk for requested word size 7.
[1.750s][info][metaspace   ] Arena @0x00007f9b382e7ec0 (non-class arena): allocation failed, returned null.
[1.750s][info][gc,start    ] GC(1) Pause Full (Metadata GC Threshold)
[1.750s][info][gc,phases,start] GC(1) Marking Phase
[1.763s][info][gc,phases      ] GC(1) Marking Phase 12.736ms
[1.763s][info][gc,phases,start] GC(1) Summary Phase
[1.763s][info][gc,phases      ] GC(1) Summary Phase 0.009ms
[1.763s][info][gc,phases,start] GC(1) Forward
[1.766s][info][gc,phases      ] GC(1) Forward 2.871ms
[1.766s][info][gc,phases,start] GC(1) Adjust Pointers
[1.771s][info][gc,phases      ] GC(1) Adjust Pointers 5.138ms
[1.771s][info][gc,phases,start] GC(1) Compaction Phase
[1.776s][info][gc,phases      ] GC(1) Compaction Phase 5.051ms
[1.776s][info][gc,phases,start] GC(1) Post Compact
[1.777s][info][gc,phases      ] GC(1) Post Compact 1.167ms
[1.777s][info][gc,heap        ] GC(1) PSYoungGen: 25420K(76288K)->0K(76288K) Eden: 17579K(65536K)->0K(65536K) From: 7841K(10752K)->0K(10752K)
[1.777s][info][gc,heap        ] GC(1) ParOldGen: 1176K(175104K)->8190K(175104K)
[1.777s][info][gc,metaspace   ] GC(1) Metaspace: 21324K(21504K)->21324K(21504K) NonClass: 18157K(18240K)->18157K(18240K) Class: 3166K(3264K)->3166K(3264K)
[1.777s][info][gc             ] GC(1) Pause Full (Metadata GC Threshold) 25M->7M(245M) 27.232ms
[1.777s][info][gc,cpu         ] GC(1) User=0.04s Sys=0.01s Real=0.02s
[2.632s][info][gc,start       ] GC(2) Pause Young (Allocation Failure)
[2.638s][info][gc,heap        ] GC(2) PSYoungGen: 65536K(76288K)->4031K(76288K) Eden: 65536K(65536K)->0K(65536K) From: 0K(10752K)->4031K(10752K)
[2.638s][info][gc,heap        ] GC(2) ParOldGen: 8190K(175104K)->8198K(175104K)
[2.638s][info][gc,metaspace   ] GC(2) Metaspace: 23140K(23296K)->23140K(23296K) NonClass: 19847K(19904K)->19847K(19904K) Class: 3292K(3392K)->3292K(3392K)
[2.638s][info][gc             ] GC(2) Pause Young (Allocation Failure) 71M->11M(245M) 5.270ms
[2.638s][info][gc,cpu         ] GC(2) User=0.00s Sys=0.01s Real=0.00s
[3.036s][info][gc,start       ] GC(3) Pause Young (Allocation Failure)
[3.041s][info][gc,heap        ] GC(3) PSYoungGen: 69567K(76288K)->5221K(76288K) Eden: 65536K(65536K)->0K(65536K) From: 4031K(10752K)->5221K(10752K)
[3.041s][info][gc,heap        ] GC(3) ParOldGen: 8198K(175104K)->8198K(175104K)
[3.041s][info][gc,metaspace   ] GC(3) Metaspace: 23325K(23488K)->23325K(23488K) NonClass: 20027K(20096K)->20027K(20096K) Class: 3298K(3392K)->3298K(3392K)
[3.041s][info][gc             ] GC(3) Pause Young (Allocation Failure) 75M->13M(245M) 5.174ms
[3.041s][info][gc,cpu         ] GC(3) User=0.01s Sys=0.00s Real=0.01s
[3.751s][info][gc,start       ] GC(4) Pause Young (Allocation Failure)
[3.754s][info][gc,heap        ] GC(4) PSYoungGen: 70757K(76288K)->3091K(76288K) Eden: 65536K(65536K)->0K(65536K) From: 5221K(10752K)->3091K(10752K)
[3.754s][info][gc,heap        ] GC(4) ParOldGen: 8198K(175104K)->8206K(175104K)
[3.754s][info][gc,metaspace   ] GC(4) Metaspace: 23966K(24256K)->23966K(24256K) NonClass: 20648K(20800K)->20648K(20800K) Class: 3317K(3456K)->3317K(3456K)
[3.754s][info][gc             ] GC(4) Pause Young (Allocation Failure) 77M->11M(245M) 3.519ms
[3.754s][info][gc,cpu         ] GC(4) User=0.00s Sys=0.00s Real=0.00s
[4.264s][info][gc,start       ] GC(5) Pause Young (Allocation Failure)
[4.267s][info][gc,heap        ] GC(5) PSYoungGen: 68627K(76288K)->2529K(76288K) Eden: 65536K(65536K)->0K(65536K) From: 3091K(10752K)->2529K(10752K)
[4.267s][info][gc,heap        ] GC(5) ParOldGen: 8206K(175104K)->8214K(175104K)
[4.267s][info][gc,metaspace   ] GC(5) Metaspace: 24196K(24448K)->24196K(24448K) NonClass: 20877K(20992K)->20877K(20992K) Class: 3318K(3456K)->3318K(3456K)
[4.267s][info][gc             ] GC(5) Pause Young (Allocation Failure) 75M->10M(245M) 3.898ms
[4.267s][info][gc,cpu         ] GC(5) User=0.01s Sys=0.00s Real=0.00s
[4.745s][info][gc,start       ] GC(6) Pause Young (Allocation Failure)
[4.752s][info][gc,heap        ] GC(6) PSYoungGen: 68065K(76288K)->2497K(78336K) Eden: 65536K(65536K)->0K(69632K) From: 2529K(10752K)->2497K(8704K)
[4.752s][info][gc,heap        ] GC(6) ParOldGen: 8214K(175104K)->8222K(175104K)
[4.752s][info][gc,metaspace   ] GC(6) Metaspace: 24877K(25088K)->24877K(25088K) NonClass: 21520K(21632K)->21520K(21632K) Class: 3356K(3456K)->3356K(3456K)
[4.752s][info][gc             ] GC(6) Pause Young (Allocation Failure) 74M->10M(247M) 7.443ms
[4.752s][info][gc,cpu         ] GC(6) User=0.02s Sys=0.00s Real=0.01s
[5.252s][info][gc,start       ] GC(7) Pause Young (Allocation Failure)
[5.259s][info][gc,heap        ] GC(7) PSYoungGen: 72129K(78336K)->5449K(78336K) Eden: 69632K(69632K)->0K(69632K) From: 2497K(8704K)->5449K(8704K)
[5.259s][info][gc,heap        ] GC(7) ParOldGen: 8222K(175104K)->8358K(175104K)
[5.259s][info][gc,metaspace   ] GC(7) Metaspace: 25211K(25408K)->25211K(25408K) NonClass: 21853K(21952K)->21853K(21952K) Class: 3357K(3456K)->3357K(3456K)
[5.259s][info][gc             ] GC(7) Pause Young (Allocation Failure) 78M->13M(247M) 7.076ms
[5.259s][info][gc,cpu         ] GC(7) User=0.02s Sys=0.00s Real=0.01s
[5.551s][info][gc,start       ] GC(8) Pause Young (Allocation Failure)
[5.559s][info][gc,heap        ] GC(8) PSYoungGen: 75081K(78336K)->5831K(147968K) Eden: 69632K(69632K)->0K(139264K) From: 5449K(8704K)->5831K(8704K)
[5.559s][info][gc,heap        ] GC(8) ParOldGen: 8358K(175104K)->9023K(175104K)
[5.559s][info][gc,metaspace   ] GC(8) Metaspace: 25303K(25472K)->25303K(25472K) NonClass: 21945K(22016K)->21945K(22016K) Class: 3357K(3456K)->3357K(3456K)
[5.559s][info][gc             ] GC(8) Pause Young (Allocation Failure) 81M->14M(315M) 8.410ms
[5.559s][info][gc,cpu         ] GC(8) User=0.02s Sys=0.01s Real=0.01s
[6.340s][info][gc,start       ] GC(9) Pause Young (Allocation Failure)
[6.344s][info][gc,heap        ] GC(9) PSYoungGen: 145095K(147968K)->2930K(147968K) Eden: 139264K(139264K)->0K(139264K) From: 5831K(8704K)->2930K(8704K)
[6.344s][info][gc,heap        ] GC(9) ParOldGen: 9023K(175104K)->9103K(175104K)
[6.344s][info][gc,metaspace   ] GC(9) Metaspace: 25557K(25792K)->25557K(25792K) NonClass: 22199K(22336K)->22199K(22336K) Class: 3357K(3456K)->3357K(3456K)
[6.344s][info][gc             ] GC(9) Pause Young (Allocation Failure) 150M->11M(315M) 4.374ms
[6.344s][info][gc,cpu         ] GC(9) User=0.01s Sys=0.00s Real=0.00s
[7.057s][info][gc,start       ] GC(10) Pause Young (Allocation Failure)
[7.069s][info][gc,heap        ] GC(10) PSYoungGen: 142194K(147968K)->7624K(231424K) Eden: 139264K(139264K)->0K(222720K) From: 2930K(8704K)->7624K(8704K)
[7.069s][info][gc,heap        ] GC(10) ParOldGen: 9103K(175104K)->9119K(175104K)
[7.069s][info][gc,metaspace   ] GC(10) Metaspace: 25904K(26112K)->25904K(26112K) NonClass: 22547K(22656K)->22547K(22656K) Class: 3357K(3456K)->3357K(3456K)
[7.069s][info][gc             ] GC(10) Pause Young (Allocation Failure) 147M->16M(397M) 12.462ms
[7.069s][info][gc,cpu         ] GC(10) User=0.03s Sys=0.00s Real=0.02s
[8.047s][info][gc,start       ] GC(11) Pause Young (Allocation Failure)
[8.053s][info][gc,heap        ] GC(11) PSYoungGen: 230344K(231424K)->3040K(231936K) Eden: 222720K(222720K)->0K(222720K) From: 7624K(8704K)->3040K(9216K)
[8.053s][info][gc,heap        ] GC(11) ParOldGen: 9119K(175104K)->9159K(175104K)
[8.053s][info][gc,metaspace   ] GC(11) Metaspace: 26049K(26240K)->26049K(26240K) NonClass: 22692K(22784K)->22692K(22784K) Class: 3357K(3456K)->3357K(3456K)
[8.053s][info][gc             ] GC(11) Pause Young (Allocation Failure) 233M->11M(397M) 6.142ms
[8.053s][info][gc,cpu         ] GC(11) User=0.01s Sys=0.00s Real=0.01s
[8.931s][info][gc,start       ] GC(12) Pause Young (Allocation Failure)
[8.942s][info][gc,heap        ] GC(12) PSYoungGen: 225760K(231936K)->8602K(322560K) Eden: 222720K(222720K)->0K(313344K) From: 3040K(9216K)->8602K(9216K)
[8.942s][info][gc,heap        ] GC(12) ParOldGen: 9159K(175104K)->9538K(175104K)
[8.942s][info][gc,metaspace   ] GC(12) Metaspace: 26296K(26496K)->26296K(26496K) NonClass: 22938K(23040K)->22938K(23040K) Class: 3357K(3456K)->3357K(3456K)
[8.942s][info][gc             ] GC(12) Pause Young (Allocation Failure) 229M->17M(486M) 11.046ms
[8.942s][info][gc,cpu         ] GC(12) User=0.02s Sys=0.00s Real=0.01s
[10.192s][info][gc,start       ] GC(13) Pause Young (Allocation Failure)
[10.204s][info][gc,heap        ] GC(13) PSYoungGen: 321946K(322560K)->7656K(321024K) Eden: 313344K(313344K)->0K(313344K) From: 8602K(9216K)->7656K(7680K)
[10.204s][info][gc,heap        ] GC(13) ParOldGen: 9538K(175104K)->9554K(175104K)
[10.204s][info][gc,metaspace   ] GC(13) Metaspace: 26482K(26688K)->26482K(26688K) NonClass: 23124K(23232K)->23124K(23232K) Class: 3357K(3456K)->3357K(3456K)
[10.204s][info][gc             ] GC(13) Pause Young (Allocation Failure) 323M->16M(484M) 11.533ms
[10.204s][info][gc,cpu         ] GC(13) User=0.01s Sys=0.01s Real=0.01s
[11.339s][info][gc,start       ] GC(14) Pause Young (Allocation Failure)
[11.353s][info][gc,heap        ] GC(14) PSYoungGen: 321000K(321024K)->7306K(322048K) Eden: 313344K(313344K)->0K(311296K) From: 7656K(7680K)->7306K(10752K)
[11.353s][info][gc,heap        ] GC(14) ParOldGen: 9554K(175104K)->9578K(175104K)
[11.353s][info][gc,metaspace   ] GC(14) Metaspace: 26709K(26944K)->26709K(26944K) NonClass: 23348K(23488K)->23348K(23488K) Class: 3360K(3456K)->3360K(3456K)
[11.353s][info][gc             ] GC(14) Pause Young (Allocation Failure) 322M->16M(485M) 14.061ms
[11.353s][info][gc,cpu         ] GC(14) User=0.02s Sys=0.01s Real=0.01s
[12.389s][info][gc,start       ] GC(15) Pause Young (Allocation Failure)
[12.396s][info][gc,heap        ] GC(15) PSYoungGen: 318602K(322048K)->7802K(322560K) Eden: 311296K(311296K)->0K(311296K) From: 7306K(10752K)->7802K(11264K)
[12.396s][info][gc,heap        ] GC(15) ParOldGen: 9578K(175104K)->9602K(175104K)
[12.396s][info][gc,metaspace   ] GC(15) Metaspace: 26822K(27008K)->26822K(27008K) NonClass: 23460K(23552K)->23460K(23552K) Class: 3361K(3456K)->3361K(3456K)
[12.396s][info][gc             ] GC(15) Pause Young (Allocation Failure) 320M->16M(486M) 7.019ms
[12.396s][info][gc,cpu         ] GC(15) User=0.02s Sys=0.00s Real=0.00s
[13.458s][info][gc,start       ] GC(16) Pause Young (Allocation Failure)
[13.465s][info][gc,heap        ] GC(16) PSYoungGen: 319098K(322560K)->7704K(306688K) Eden: 311296K(311296K)->0K(298496K) From: 7802K(11264K)->7704K(8192K)
[13.465s][info][gc,heap        ] GC(16) ParOldGen: 9602K(175104K)->9626K(175104K)
[13.465s][info][gc,metaspace   ] GC(16) Metaspace: 27002K(27200K)->27002K(27200K) NonClass: 23640K(23744K)->23640K(23744K) Class: 3361K(3456K)->3361K(3456K)
[13.465s][info][gc             ] GC(16) Pause Young (Allocation Failure) 320M->16M(470M) 7.022ms
[13.465s][info][gc,cpu         ] GC(16) User=0.01s Sys=0.00s Real=0.01s
[14.380s][info][gc,start       ] GC(17) Pause Young (Allocation Failure)
[14.390s][info][gc,heap        ] GC(17) PSYoungGen: 306200K(306688K)->10432K(297472K) Eden: 298496K(298496K)->0K(286720K) From: 7704K(8192K)->10432K(10752K)
[14.390s][info][gc,heap        ] GC(17) ParOldGen: 9626K(175104K)->9658K(175104K)
[14.390s][info][gc,metaspace   ] GC(17) Metaspace: 27117K(27264K)->27117K(27264K) NonClass: 23755K(23808K)->23755K(23808K) Class: 3361K(3456K)->3361K(3456K)
[14.390s][info][gc             ] GC(17) Pause Young (Allocation Failure) 308M->19M(461M) 9.751ms
[14.390s][info][gc,cpu         ] GC(17) User=0.02s Sys=0.00s Real=0.01s
[15.303s][info][gc,start       ] GC(18) Pause Young (Allocation Failure)
[15.316s][info][gc,heap        ] GC(18) PSYoungGen: 297152K(297472K)->5095K(309248K) Eden: 286720K(286720K)->0K(304128K) From: 10432K(10752K)->5095K(5120K)
[15.316s][info][gc,heap        ] GC(18) ParOldGen: 9658K(175104K)->15490K(175104K)
[15.316s][info][gc,metaspace   ] GC(18) Metaspace: 27462K(27712K)->27462K(27712K) NonClass: 24100K(24256K)->24100K(24256K) Class: 3361K(3456K)->3361K(3456K)
[15.316s][info][gc             ] GC(18) Pause Young (Allocation Failure) 299M->20M(473M) 12.311ms
[15.316s][info][gc,cpu         ] GC(18) User=0.02s Sys=0.00s Real=0.01s
[16.248s][info][gc,start       ] GC(19) Pause Young (Allocation Failure)
[16.256s][info][gc,heap        ] GC(19) PSYoungGen: 309223K(309248K)->8202K(300544K) Eden: 304128K(304128K)->0K(291840K) From: 5095K(5120K)->8202K(8704K)
[16.256s][info][gc,heap        ] GC(19) ParOldGen: 15490K(175104K)->16058K(175104K)
[16.256s][info][gc,metaspace   ] GC(19) Metaspace: 27625K(27840K)->27625K(27840K) NonClass: 24262K(24384K)->24262K(24384K) Class: 3362K(3456K)->3362K(3456K)
[16.256s][info][gc             ] GC(19) Pause Young (Allocation Failure) 317M->23M(464M) 7.717ms
[16.256s][info][gc,cpu         ] GC(19) User=0.02s Sys=0.00s Real=0.00s
[16.960s][info][gc,heap,exit   ] Heap
[16.960s][info][gc,heap,exit   ]  PSYoungGen      total 300544K, used 249311K [0x00000000eba00000, 0x00000000ff200000, 0x0000000100000000)
[16.960s][info][gc,heap,exit   ]   eden space 291840K, 82% used [0x00000000eba00000,0x00000000fa5753c0,0x00000000fd700000)
[16.960s][info][gc,heap,exit   ]   from space 8704K, 94% used [0x00000000fe300000,0x00000000feb02b58,0x00000000feb80000)
[16.960s][info][gc,heap,exit   ]   to   space 6656K, 0% used [0x00000000feb80000,0x00000000feb80000,0x00000000ff200000)
[16.960s][info][gc,heap,exit   ]  ParOldGen       total 175104K, used 16058K [0x00000000c2e00000, 0x00000000cd900000, 0x00000000eba00000)
[16.960s][info][gc,heap,exit   ]   object space 175104K, 9% used [0x00000000c2e00000,0x00000000c3daeb50,0x00000000cd900000)
[16.960s][info][gc,heap,exit   ]  Metaspace       used 27657K, committed 27840K, reserved 1114112K
[16.960s][info][gc,heap,exit   ]   class space    used 3363K, committed 3456K, reserved 1048576K
