[0.002s][info][metaspace]  - commit_granule_bytes: 65536.
[0.002s][info][metaspace]  - commit_granule_words: 8192.
[0.002s][info][metaspace]  - virtual_space_node_default_size: 8388608.
[0.002s][info][metaspace]  - enlarge_chunks_in_place: 1.
[0.004s][info][gc,init  ] CardTable entry size: 512
[0.004s][info][gc       ] Using Parallel
[0.005s][info][gc,init  ] Version: 24-internal-adhoc.root.jdk (release)
[0.005s][info][gc,init  ] CPUs: 2 total, 2 available
[0.005s][info][gc,init  ] Memory: 3908M
[0.005s][info][gc,init  ] Large Page Support: Disabled
[0.005s][info][gc,init  ] NUMA Support: Disabled
[0.005s][info][gc,init  ] Compressed Oops: Enabled (32-bit)
[0.005s][info][gc,init  ] Alignments: Space 512K, Generation 512K, Heap 2M
[0.005s][info][gc,init  ] Heap Min Capacity: 256M
[0.005s][info][gc,init  ] Heap Initial Capacity: 256M
[0.005s][info][gc,init  ] Heap Max Capacity: 978M
[0.005s][info][gc,init  ] Pre-touch: Disabled
[0.005s][info][gc,init  ] Parallel Workers: 2
[0.019s][info][gc,metaspace] CDS archive(s) mapped at: [0x00007f9abd000000-0x00007f9abde7b000-0x00007f9abde7b000), size 15183872, SharedBaseAddress: 0x00007f9abd000000, ArchiveRelocationMode: 1.
[0.019s][info][gc,metaspace] Compressed class space mapped at: 0x00007f9abe000000-0x00007f9afe000000, reserved size: 1073741824
[0.019s][info][gc,metaspace] UseCompressedClassPointers 1, UseCompactObjectHeaders 1
[0.019s][info][gc,metaspace] Narrow klass pointer bits 22, Max shift 10
[0.019s][info][gc,metaspace] Narrow klass base: 0x00007f9abd000000, Narrow klass shift: 10
[0.019s][info][gc,metaspace] Encoding Range: [0x00007f9abd000000 - 0x00007f9bbd000000), (4294967296 bytes)
[0.019s][info][gc,metaspace] Klass Range:    [0x00007f9abd000000 - 0x00007f9afe000000), (1090519040 bytes)
[0.019s][info][gc,metaspace] Klass ID Range:  [1 - 1064960) (1064959)
[2.213s][info][gc,start    ] GC(0) Pause Young (Allocation Failure)
[2.227s][info][gc,heap     ] GC(0) PSYoungGen: 65536K(76288K)->7893K(76288K) Eden: 65536K(65536K)->0K(65536K) From: 0K(10752K)->7893K(10752K)
[2.227s][info][gc,heap     ] GC(0) ParOldGen: 1088K(175104K)->1176K(175104K)
[2.227s][info][gc,metaspace] GC(0) Metaspace: 20125K(20288K)->20125K(20288K) NonClass: 17113K(17216K)->17113K(17216K) Class: 3012K(3072K)->3012K(3072K)
[2.227s][info][gc          ] GC(0) Pause Young (Allocation Failure) 65M->8M(245M) 14.017ms
[2.227s][info][gc,cpu      ] GC(0) User=0.01s Sys=0.00s Real=0.01s
[2.524s][info][metaspace   ] Arena @0x00007f9b1c059a70 (non-class arena): commit failure (requested size: 314)
[2.524s][info][metaspace   ] ChkMgr @0x00007f9b1c03ee90 (non-class-space): failed to commit 314 words on chunk @0x00007f9b1c643d58, f, base 0x00007f9ab5300000, level lv04.
[2.524s][info][metaspace   ] Arena @0x00007f9b1c059a70 (non-class arena): failed to allocate new chunk for requested word size 314.
[2.525s][info][metaspace   ] Arena @0x00007f9b1c059a70 (non-class arena): allocation failed, returned null.
[2.525s][info][metaspace   ] Arena @0x00007f9b1c059a70 (non-class arena): commit failure (requested size: 314)
[2.525s][info][metaspace   ] ChkMgr @0x00007f9b1c03ee90 (non-class-space): failed to commit 314 words on chunk @0x00007f9b1c643d58, f, base 0x00007f9ab5300000, level lv04.
[2.525s][info][metaspace   ] Arena @0x00007f9b1c059a70 (non-class arena): failed to allocate new chunk for requested word size 314.
[2.525s][info][metaspace   ] Arena @0x00007f9b1c059a70 (non-class arena): allocation failed, returned null.
[2.525s][info][metaspace   ] Arena @0x00007f9b1c059a70 (non-class arena): commit failure (requested size: 314)
[2.525s][info][metaspace   ] ChkMgr @0x00007f9b1c03ee90 (non-class-space): failed to commit 314 words on chunk @0x00007f9b1c643d58, f, base 0x00007f9ab5300000, level lv04.
[2.525s][info][metaspace   ] Arena @0x00007f9b1c059a70 (non-class arena): failed to allocate new chunk for requested word size 314.
[2.525s][info][metaspace   ] Arena @0x00007f9b1c059a70 (non-class arena): allocation failed, returned null.
[2.525s][info][gc,start    ] GC(1) Pause Full (Metadata GC Threshold)
[2.525s][info][gc,phases,start] GC(1) Marking Phase
[2.536s][info][gc,phases      ] GC(1) Marking Phase 11.672ms
[2.536s][info][gc,phases,start] GC(1) Summary Phase
[2.536s][info][gc,phases      ] GC(1) Summary Phase 0.011ms
[2.536s][info][gc,phases,start] GC(1) Forward
[2.538s][info][gc,phases      ] GC(1) Forward 1.639ms
[2.538s][info][gc,phases,start] GC(1) Adjust Pointers
[2.545s][info][gc,phases      ] GC(1) Adjust Pointers 6.681ms
[2.545s][info][gc,phases,start] GC(1) Compaction Phase
[2.550s][info][gc,phases      ] GC(1) Compaction Phase 5.250ms
[2.550s][info][gc,phases,start] GC(1) Post Compact
[2.552s][info][gc,phases      ] GC(1) Post Compact 1.387ms
[2.552s][info][gc,heap        ] GC(1) PSYoungGen: 25415K(76288K)->0K(76288K) Eden: 17522K(65536K)->0K(65536K) From: 7893K(10752K)->0K(10752K)
[2.552s][info][gc,heap        ] GC(1) ParOldGen: 1176K(175104K)->8139K(175104K)
[2.552s][info][gc,metaspace   ] GC(1) Metaspace: 21363K(21504K)->21363K(21504K) NonClass: 18203K(18304K)->18203K(18304K) Class: 3160K(3200K)->3160K(3200K)
[2.552s][info][gc             ] GC(1) Pause Full (Metadata GC Threshold) 25M->7M(245M) 26.951ms
[2.552s][info][gc,cpu         ] GC(1) User=0.03s Sys=0.01s Real=0.03s
[3.311s][info][gc,start       ] GC(2) Pause Young (Allocation Failure)
[3.319s][info][gc,heap        ] GC(2) PSYoungGen: 65536K(76288K)->3928K(76288K) Eden: 65536K(65536K)->0K(65536K) From: 0K(10752K)->3928K(10752K)
[3.319s][info][gc,heap        ] GC(2) ParOldGen: 8139K(175104K)->8147K(175104K)
[3.319s][info][gc,metaspace   ] GC(2) Metaspace: 23130K(23360K)->23130K(23360K) NonClass: 19840K(19968K)->19840K(19968K) Class: 3290K(3392K)->3290K(3392K)
[3.319s][info][gc             ] GC(2) Pause Young (Allocation Failure) 71M->11M(245M) 7.441ms
[3.319s][info][gc,cpu         ] GC(2) User=0.01s Sys=0.00s Real=0.00s
[3.726s][info][gc,start       ] GC(3) Pause Young (Allocation Failure)
[3.732s][info][gc,heap        ] GC(3) PSYoungGen: 69464K(76288K)->5400K(76288K) Eden: 65536K(65536K)->0K(65536K) From: 3928K(10752K)->5400K(10752K)
[3.732s][info][gc,heap        ] GC(3) ParOldGen: 8147K(175104K)->8147K(175104K)
[3.732s][info][gc,metaspace   ] GC(3) Metaspace: 23364K(23552K)->23364K(23552K) NonClass: 20066K(20160K)->20066K(20160K) Class: 3298K(3392K)->3298K(3392K)
[3.732s][info][gc             ] GC(3) Pause Young (Allocation Failure) 75M->13M(245M) 6.259ms
[3.732s][info][gc,cpu         ] GC(3) User=0.01s Sys=0.00s Real=0.01s
[4.440s][info][gc,start       ] GC(4) Pause Young (Allocation Failure)
[4.444s][info][gc,heap        ] GC(4) PSYoungGen: 70936K(76288K)->3155K(76288K) Eden: 65536K(65536K)->0K(65536K) From: 5400K(10752K)->3155K(10752K)
[4.444s][info][gc,heap        ] GC(4) ParOldGen: 8147K(175104K)->8155K(175104K)
[4.444s][info][gc,metaspace   ] GC(4) Metaspace: 24006K(24256K)->24006K(24256K) NonClass: 20687K(20800K)->20687K(20800K) Class: 3318K(3456K)->3318K(3456K)
[4.444s][info][gc             ] GC(4) Pause Young (Allocation Failure) 77M->11M(245M) 3.798ms
[4.444s][info][gc,cpu         ] GC(4) User=0.01s Sys=0.00s Real=0.00s
[5.013s][info][gc,start       ] GC(5) Pause Young (Allocation Failure)
[5.017s][info][gc,heap        ] GC(5) PSYoungGen: 68691K(76288K)->2641K(76288K) Eden: 65536K(65536K)->0K(65536K) From: 3155K(10752K)->2641K(10752K)
[5.017s][info][gc,heap        ] GC(5) ParOldGen: 8155K(175104K)->8155K(175104K)
[5.017s][info][gc,metaspace   ] GC(5) Metaspace: 24289K(24512K)->24289K(24512K) NonClass: 20969K(21056K)->20969K(21056K) Class: 3319K(3456K)->3319K(3456K)
[5.017s][info][gc             ] GC(5) Pause Young (Allocation Failure) 75M->10M(245M) 3.271ms
[5.017s][info][gc,cpu         ] GC(5) User=0.01s Sys=0.01s Real=0.00s
[5.539s][info][gc,start       ] GC(6) Pause Young (Allocation Failure)
[5.543s][info][gc,heap        ] GC(6) PSYoungGen: 68177K(76288K)->2593K(78336K) Eden: 65536K(65536K)->0K(69632K) From: 2641K(10752K)->2593K(8704K)
[5.543s][info][gc,heap        ] GC(6) ParOldGen: 8155K(175104K)->8163K(175104K)
[5.543s][info][gc,metaspace   ] GC(6) Metaspace: 24944K(25152K)->24944K(25152K) NonClass: 21585K(21696K)->21585K(21696K) Class: 3358K(3456K)->3358K(3456K)
[5.543s][info][gc             ] GC(6) Pause Young (Allocation Failure) 74M->10M(247M) 4.302ms
[5.543s][info][gc,cpu         ] GC(6) User=0.01s Sys=0.00s Real=0.01s
[5.954s][info][gc,start       ] GC(7) Pause Young (Allocation Failure)
[5.962s][info][gc,heap        ] GC(7) PSYoungGen: 72225K(78336K)->5513K(78336K) Eden: 69632K(69632K)->0K(69632K) From: 2593K(8704K)->5513K(8704K)
[5.962s][info][gc,heap        ] GC(7) ParOldGen: 8163K(175104K)->8299K(175104K)
[5.962s][info][gc,metaspace   ] GC(7) Metaspace: 25189K(25344K)->25189K(25344K) NonClass: 21830K(21888K)->21830K(21888K) Class: 3358K(3456K)->3358K(3456K)
[5.963s][info][gc             ] GC(7) Pause Young (Allocation Failure) 78M->13M(247M) 9.001ms
[5.963s][info][gc,cpu         ] GC(7) User=0.01s Sys=0.00s Real=0.01s
[6.246s][info][gc,start       ] GC(8) Pause Young (Allocation Failure)
[6.249s][info][gc,heap        ] GC(8) PSYoungGen: 75145K(78336K)->1408K(147968K) Eden: 69632K(69632K)->0K(139264K) From: 5513K(8704K)->1408K(8704K)
[6.249s][info][gc,heap        ] GC(8) ParOldGen: 8299K(175104K)->8980K(175104K)
[6.249s][info][gc,metaspace   ] GC(8) Metaspace: 25266K(25472K)->25266K(25472K) NonClass: 21908K(22016K)->21908K(22016K) Class: 3358K(3456K)->3358K(3456K)
[6.249s][info][gc             ] GC(8) Pause Young (Allocation Failure) 81M->10M(315M) 3.274ms
[6.249s][info][gc,cpu         ] GC(8) User=0.00s Sys=0.00s Real=0.00s
[7.144s][info][gc,start       ] GC(9) Pause Young (Allocation Failure)
[7.149s][info][gc,heap        ] GC(9) PSYoungGen: 140672K(147968K)->2994K(137728K) Eden: 139264K(139264K)->0K(134656K) From: 1408K(8704K)->2994K(3072K)
[7.149s][info][gc,heap        ] GC(9) ParOldGen: 8980K(175104K)->9052K(175104K)
[7.149s][info][gc,metaspace   ] GC(9) Metaspace: 25573K(25728K)->25573K(25728K) NonClass: 22213K(22272K)->22213K(22272K) Class: 3359K(3456K)->3359K(3456K)
[7.149s][info][gc             ] GC(9) Pause Young (Allocation Failure) 146M->11M(305M) 4.620ms
[7.149s][info][gc,cpu         ] GC(9) User=0.00s Sys=0.00s Real=0.00s
[7.816s][info][gc,start       ] GC(10) Pause Young (Allocation Failure)
[7.824s][info][gc,heap        ] GC(10) PSYoungGen: 137650K(137728K)->6328K(137216K) Eden: 134656K(134656K)->0K(130560K) From: 2994K(3072K)->6328K(6656K)
[7.824s][info][gc,heap        ] GC(10) ParOldGen: 9052K(175104K)->9068K(175104K)
[7.824s][info][gc,metaspace   ] GC(10) Metaspace: 25931K(26112K)->25931K(26112K) NonClass: 22571K(22656K)->22571K(22656K) Class: 3359K(3456K)->3359K(3456K)
[7.824s][info][gc             ] GC(10) Pause Young (Allocation Failure) 143M->15M(305M) 7.560ms
[7.824s][info][gc,cpu         ] GC(10) User=0.01s Sys=0.01s Real=0.01s
[8.350s][info][gc,start       ] GC(11) Pause Young (Allocation Failure)
[8.355s][info][gc,heap        ] GC(11) PSYoungGen: 136888K(137216K)->4258K(131072K) Eden: 130560K(130560K)->0K(126464K) From: 6328K(6656K)->4258K(4608K)
[8.355s][info][gc,heap        ] GC(11) ParOldGen: 9068K(175104K)->9473K(175104K)
[8.355s][info][gc,metaspace   ] GC(11) Metaspace: 26059K(26304K)->26059K(26304K) NonClass: 22700K(22848K)->22700K(22848K) Class: 3359K(3456K)->3359K(3456K)
[8.355s][info][gc             ] GC(11) Pause Young (Allocation Failure) 142M->13M(299M) 4.697ms
[8.355s][info][gc,cpu         ] GC(11) User=0.01s Sys=0.00s Real=0.00s
[8.916s][info][gc,start       ] GC(12) Pause Young (Allocation Failure)
[8.921s][info][gc,heap        ] GC(12) PSYoungGen: 130722K(131072K)->2480K(124928K) Eden: 126464K(126464K)->0K(122368K) From: 4258K(4608K)->2480K(2560K)
[8.921s][info][gc,heap        ] GC(12) ParOldGen: 9473K(175104K)->9489K(175104K)
[8.921s][info][gc,metaspace   ] GC(12) Metaspace: 26132K(26304K)->26132K(26304K) NonClass: 22772K(22848K)->22772K(22848K) Class: 3359K(3456K)->3359K(3456K)
[8.921s][info][gc             ] GC(12) Pause Young (Allocation Failure) 136M->11M(293M) 5.654ms
[8.921s][info][gc,cpu         ] GC(12) User=0.01s Sys=0.00s Real=0.01s
[9.323s][info][gc,start       ] GC(13) Pause Young (Allocation Failure)
[9.335s][info][gc,heap        ] GC(13) PSYoungGen: 124848K(124928K)->8188K(131072K) Eden: 122368K(122368K)->0K(122880K) From: 2480K(2560K)->8188K(8192K)
[9.335s][info][gc,heap        ] GC(13) ParOldGen: 9489K(175104K)->10024K(175104K)
[9.335s][info][gc,metaspace   ] GC(13) Metaspace: 26204K(26368K)->26204K(26368K) NonClass: 22844K(22912K)->22844K(22912K) Class: 3359K(3456K)->3359K(3456K)
[9.335s][info][gc             ] GC(13) Pause Young (Allocation Failure) 131M->17M(299M) 12.209ms
[9.335s][info][gc,cpu         ] GC(13) User=0.02s Sys=0.00s Real=0.01s
[9.894s][info][gc,start       ] GC(14) Pause Young (Allocation Failure)
[9.901s][info][gc,heap        ] GC(14) PSYoungGen: 131068K(131072K)->3410K(205824K) Eden: 122880K(122880K)->0K(196608K) From: 8188K(8192K)->3410K(9216K)
[9.901s][info][gc,heap        ] GC(14) ParOldGen: 10024K(175104K)->10495K(175104K)
[9.901s][info][gc,metaspace   ] GC(14) Metaspace: 26332K(26560K)->26332K(26560K) NonClass: 22972K(23104K)->22972K(23104K) Class: 3359K(3456K)->3359K(3456K)
[9.901s][info][gc             ] GC(14) Pause Young (Allocation Failure) 137M->13M(372M) 6.746ms
[9.901s][info][gc,cpu         ] GC(14) User=0.01s Sys=0.00s Real=0.01s
[10.695s][info][gc,start       ] GC(15) Pause Young (Allocation Failure)
[10.707s][info][gc,heap        ] GC(15) PSYoungGen: 200018K(205824K)->9103K(205824K) Eden: 196608K(196608K)->0K(196608K) From: 3410K(9216K)->9103K(9216K)
[10.707s][info][gc,heap        ] GC(15) ParOldGen: 10495K(175104K)->10551K(175104K)
[10.707s][info][gc,metaspace   ] GC(15) Metaspace: 26500K(26688K)->26500K(26688K) NonClass: 23140K(23232K)->23140K(23232K) Class: 3359K(3456K)->3359K(3456K)
[10.707s][info][gc             ] GC(15) Pause Young (Allocation Failure) 205M->19M(372M) 11.473ms
[10.707s][info][gc,cpu         ] GC(15) User=0.01s Sys=0.00s Real=0.01s
[11.467s][info][gc,start       ] GC(16) Pause Young (Allocation Failure)
[11.472s][info][gc,heap        ] GC(16) PSYoungGen: 205711K(205824K)->3744K(323584K) Eden: 196608K(196608K)->0K(312832K) From: 9103K(9216K)->3744K(10752K)
[11.472s][info][gc,heap        ] GC(16) ParOldGen: 10551K(175104K)->10905K(175104K)
[11.472s][info][gc,metaspace   ] GC(16) Metaspace: 26664K(26880K)->26664K(26880K) NonClass: 23303K(23424K)->23303K(23424K) Class: 3360K(3456K)->3360K(3456K)
[11.472s][info][gc             ] GC(16) Pause Young (Allocation Failure) 211M->14M(487M) 5.258ms
[11.472s][info][gc,cpu         ] GC(16) User=0.01s Sys=0.00s Real=0.01s
[12.700s][info][gc,start       ] GC(17) Pause Young (Allocation Failure)
[12.708s][info][gc,heap        ] GC(17) PSYoungGen: 316576K(323584K)->6794K(323072K) Eden: 312832K(312832K)->0K(312832K) From: 3744K(10752K)->6794K(10240K)
[12.708s][info][gc,heap        ] GC(17) ParOldGen: 10905K(175104K)->10921K(175104K)
[12.708s][info][gc,metaspace   ] GC(17) Metaspace: 26796K(27008K)->26796K(27008K) NonClass: 23433K(23552K)->23433K(23552K) Class: 3362K(3456K)->3362K(3456K)
[12.708s][info][gc             ] GC(17) Pause Young (Allocation Failure) 319M->17M(486M) 8.123ms
[12.708s][info][gc,cpu         ] GC(17) User=0.01s Sys=0.00s Real=0.00s
[13.705s][info][gc,start       ] GC(18) Pause Young (Allocation Failure)
[13.719s][info][gc,heap        ] GC(18) PSYoungGen: 319626K(323072K)->7898K(322048K) Eden: 312832K(312832K)->0K(311296K) From: 6794K(10240K)->7898K(10752K)
[13.719s][info][gc,heap        ] GC(18) ParOldGen: 10921K(175104K)->10937K(175104K)
[13.719s][info][gc,metaspace   ] GC(18) Metaspace: 26918K(27136K)->26918K(27136K) NonClass: 23555K(23680K)->23555K(23680K) Class: 3362K(3456K)->3362K(3456K)
[13.719s][info][gc             ] GC(18) Pause Young (Allocation Failure) 322M->18M(485M) 13.992ms
[13.719s][info][gc,cpu         ] GC(18) User=0.03s Sys=0.00s Real=0.01s
[14.641s][info][gc,start       ] GC(19) Pause Young (Allocation Failure)
[14.650s][info][gc,heap        ] GC(19) PSYoungGen: 319194K(322048K)->7946K(322560K) Eden: 311296K(311296K)->0K(311296K) From: 7898K(10752K)->7946K(11264K)
[14.650s][info][gc,heap        ] GC(19) ParOldGen: 10937K(175104K)->10969K(175104K)
[14.650s][info][gc,metaspace   ] GC(19) Metaspace: 27035K(27200K)->27035K(27200K) NonClass: 23673K(23744K)->23673K(23744K) Class: 3362K(3456K)->3362K(3456K)
[14.650s][info][gc             ] GC(19) Pause Young (Allocation Failure) 322M->18M(486M) 9.594ms
[14.650s][info][gc,cpu         ] GC(19) User=0.02s Sys=0.00s Real=0.01s
[15.515s][info][gc,start       ] GC(20) Pause Young (Allocation Failure)
[15.533s][info][gc,heap        ] GC(20) PSYoungGen: 319242K(322560K)->9848K(320512K) Eden: 311296K(311296K)->0K(309248K) From: 7946K(11264K)->9848K(11264K)
[15.533s][info][gc,heap        ] GC(20) ParOldGen: 10969K(175104K)->10999K(175104K)
[15.533s][info][gc,metaspace   ] GC(20) Metaspace: 27086K(27264K)->27086K(27264K) NonClass: 23723K(23808K)->23723K(23808K) Class: 3362K(3456K)->3362K(3456K)
[15.533s][info][gc             ] GC(20) Pause Young (Allocation Failure) 322M->20M(484M) 17.776ms
[15.533s][info][gc,cpu         ] GC(20) User=0.04s Sys=0.00s Real=0.02s
[16.443s][info][gc,start       ] GC(21) Pause Young (Allocation Failure)
[16.456s][info][gc,heap        ] GC(21) PSYoungGen: 319096K(320512K)->7802K(317440K) Eden: 309248K(309248K)->0K(309248K) From: 9848K(11264K)->7802K(8192K)
[16.456s][info][gc,heap        ] GC(21) ParOldGen: 10999K(175104K)->11023K(175104K)
[16.456s][info][gc,metaspace   ] GC(21) Metaspace: 27237K(27456K)->27237K(27456K) NonClass: 23873K(24000K)->23873K(24000K) Class: 3363K(3456K)->3363K(3456K)
[16.456s][info][gc             ] GC(21) Pause Young (Allocation Failure) 322M->18M(481M) 12.949ms
[16.456s][info][gc,cpu         ] GC(21) User=0.02s Sys=0.00s Real=0.01s
[17.323s][info][gc,start       ] GC(22) Pause Young (Allocation Failure)
[17.334s][info][gc,heap        ] GC(22) PSYoungGen: 317050K(317440K)->8024K(321024K) Eden: 309248K(309248K)->0K(308224K) From: 7802K(8192K)->8024K(12800K)
[17.334s][info][gc,heap        ] GC(22) ParOldGen: 11023K(175104K)->11402K(175104K)
[17.334s][info][gc,metaspace   ] GC(22) Metaspace: 27407K(27584K)->27407K(27584K) NonClass: 24043K(24128K)->24043K(24128K) Class: 3363K(3456K)->3363K(3456K)
[17.334s][info][gc             ] GC(22) Pause Young (Allocation Failure) 320M->18M(484M) 11.556ms
[17.334s][info][gc,cpu         ] GC(22) User=0.02s Sys=0.00s Real=0.01s
[17.512s][info][gc,heap,exit   ] Heap
[17.512s][info][gc,heap,exit   ]  PSYoungGen      total 321024K, used 71548K [0x00000000eba00000, 0x0000000100000000, 0x0000000100000000)
[17.512s][info][gc,heap,exit   ]   eden space 308224K, 20% used [0x00000000eba00000,0x00000000ef808ed8,0x00000000fe700000)
[17.512s][info][gc,heap,exit   ]   from space 12800K, 62% used [0x00000000ff380000,0x00000000ffb56348,0x0000000100000000)
[17.512s][info][gc,heap,exit   ]   to   space 12800K, 0% used [0x00000000fe700000,0x00000000fe700000,0x00000000ff380000)
[17.512s][info][gc,heap,exit   ]  ParOldGen       total 175104K, used 11402K [0x00000000c2e00000, 0x00000000cd900000, 0x00000000eba00000)
[17.512s][info][gc,heap,exit   ]   object space 175104K, 6% used [0x00000000c2e00000,0x00000000c39228b8,0x00000000cd900000)
[17.512s][info][gc,heap,exit   ]  Metaspace       used 27417K, committed 27584K, reserved 1114112K
[17.512s][info][gc,heap,exit   ]   class space    used 3364K, committed 3456K, reserved 1048576K
