[0.002s][info][metaspace]  - commit_granule_bytes: 65536.
[0.002s][info][metaspace]  - commit_granule_words: 8192.
[0.002s][info][metaspace]  - virtual_space_node_default_size: 8388608.
[0.002s][info][metaspace]  - enlarge_chunks_in_place: 1.
[0.005s][info][gc,init  ] CardTable entry size: 512
[0.005s][info][gc       ] Using Parallel
[0.006s][info][gc,init  ] Version: 24-internal-adhoc.root.jdk (release)
[0.006s][info][gc,init  ] CPUs: 2 total, 2 available
[0.006s][info][gc,init  ] Memory: 3908M
[0.006s][info][gc,init  ] Large Page Support: Disabled
[0.006s][info][gc,init  ] NUMA Support: Disabled
[0.006s][info][gc,init  ] Compressed Oops: Enabled (32-bit)
[0.006s][info][gc,init  ] Alignments: Space 512K, Generation 512K, Heap 2M
[0.006s][info][gc,init  ] Heap Min Capacity: 256M
[0.006s][info][gc,init  ] Heap Initial Capacity: 256M
[0.006s][info][gc,init  ] Heap Max Capacity: 978M
[0.006s][info][gc,init  ] Pre-touch: Disabled
[0.006s][info][gc,init  ] Parallel Workers: 2
[0.022s][info][gc,metaspace] CDS archive(s) mapped at: [0x00007fb1fe000000-0x00007fb1fee7b000-0x00007fb1fee7b000), size 15183872, SharedBaseAddress: 0x00007fb1fe000000, ArchiveRelocationMode: 1.
[0.022s][info][gc,metaspace] Compressed class space mapped at: 0x00007fb1ff000000-0x00007fb23f000000, reserved size: 1073741824
[0.022s][info][gc,metaspace] UseCompressedClassPointers 1, UseCompactObjectHeaders 1
[0.022s][info][gc,metaspace] Narrow klass pointer bits 22, Max shift 10
[0.022s][info][gc,metaspace] Narrow klass base: 0x00007fb1fe000000, Narrow klass shift: 10
[0.022s][info][gc,metaspace] Encoding Range: [0x00007fb1fe000000 - 0x00007fb2fe000000), (4294967296 bytes)
[0.022s][info][gc,metaspace] Klass Range:    [0x00007fb1fe000000 - 0x00007fb23f000000), (1090519040 bytes)
[0.022s][info][gc,metaspace] Klass ID Range:  [1 - 1064960) (1064959)
[2.307s][info][gc,start    ] GC(0) Pause Young (Allocation Failure)
[2.315s][info][gc,heap     ] GC(0) PSYoungGen: 65418K(76288K)->5397K(76288K) Eden: 65418K(65536K)->0K(65536K) From: 0K(10752K)->5397K(10752K)
[2.315s][info][gc,heap     ] GC(0) ParOldGen: 1088K(175104K)->1096K(175104K)
[2.315s][info][gc,metaspace] GC(0) Metaspace: 12469K(12672K)->12469K(12672K) NonClass: 10567K(10688K)->10567K(10688K) Class: 1901K(1984K)->1901K(1984K)
[2.315s][info][gc          ] GC(0) Pause Young (Allocation Failure) 64M->6M(245M) 7.497ms
[2.315s][info][gc,cpu      ] GC(0) User=0.01s Sys=0.01s Real=0.01s
[2.819s][info][gc,start    ] GC(1) Pause Young (Allocation Failure)
[2.831s][info][gc,heap     ] GC(1) PSYoungGen: 70933K(76288K)->6699K(76288K) Eden: 65536K(65536K)->0K(65536K) From: 5397K(10752K)->6699K(10752K)
[2.831s][info][gc,heap     ] GC(1) ParOldGen: 1096K(175104K)->1104K(175104K)
[2.831s][info][gc,metaspace] GC(1) Metaspace: 12918K(13056K)->12918K(13056K) NonClass: 10978K(11072K)->10978K(11072K) Class: 1940K(1984K)->1940K(1984K)
[2.831s][info][gc          ] GC(1) Pause Young (Allocation Failure) 70M->7M(245M) 11.803ms
[2.831s][info][gc,cpu      ] GC(1) User=0.02s Sys=0.00s Real=0.01s
[139.402s][info][gc,start    ] GC(2) Pause Full (System.gc())
[139.402s][info][gc,phases,start] GC(2) Marking Phase
[139.413s][info][gc,phases      ] GC(2) Marking Phase 10.658ms
[139.413s][info][gc,phases,start] GC(2) Summary Phase
[139.413s][info][gc,phases      ] GC(2) Summary Phase 0.011ms
[139.413s][info][gc,phases,start] GC(2) Forward
[139.414s][info][gc,phases      ] GC(2) Forward 1.797ms
[139.414s][info][gc,phases,start] GC(2) Adjust Pointers
[139.420s][info][gc,phases      ] GC(2) Adjust Pointers 5.594ms
[139.420s][info][gc,phases,start] GC(2) Compaction Phase
[139.427s][info][gc,phases      ] GC(2) Compaction Phase 7.250ms
[139.428s][info][gc,phases,start] GC(2) Post Compact
[139.429s][info][gc,phases      ] GC(2) Post Compact 1.582ms
[139.429s][info][gc,heap        ] GC(2) PSYoungGen: 38893K(76288K)->0K(76288K) Eden: 32194K(65536K)->0K(65536K) From: 6699K(10752K)->0K(10752K)
[139.429s][info][gc,heap        ] GC(2) ParOldGen: 1104K(175104K)->7586K(175104K)
[139.429s][info][gc,metaspace   ] GC(2) Metaspace: 13122K(13312K)->13122K(13312K) NonClass: 11176K(11264K)->11176K(11264K) Class: 1945K(2048K)->1945K(2048K)
[139.429s][info][gc             ] GC(2) Pause Full (System.gc()) 39M->7M(245M) 27.323ms
[139.429s][info][gc,cpu         ] GC(2) User=0.03s Sys=0.00s Real=0.03s
[276.365s][info][gc,start       ] GC(3) Pause Full (System.gc())
[276.365s][info][gc,phases,start] GC(3) Marking Phase
[276.376s][info][gc,phases      ] GC(3) Marking Phase 10.923ms
[276.376s][info][gc,phases,start] GC(3) Summary Phase
[276.376s][info][gc,phases      ] GC(3) Summary Phase 0.010ms
[276.376s][info][gc,phases,start] GC(3) Forward
[276.378s][info][gc,phases      ] GC(3) Forward 2.301ms
[276.378s][info][gc,phases,start] GC(3) Adjust Pointers
[276.383s][info][gc,phases      ] GC(3) Adjust Pointers 4.964ms
[276.383s][info][gc,phases,start] GC(3) Compaction Phase
[276.387s][info][gc,phases      ] GC(3) Compaction Phase 3.653ms
[276.387s][info][gc,phases,start] GC(3) Post Compact
[276.387s][info][gc,phases      ] GC(3) Post Compact 0.300ms
[276.387s][info][gc,heap        ] GC(3) PSYoungGen: 39732K(76288K)->0K(76288K) Eden: 39732K(65536K)->0K(65536K) From: 0K(10752K)->0K(10752K)
[276.387s][info][gc,heap        ] GC(3) ParOldGen: 7586K(175104K)->7710K(175104K)
[276.387s][info][gc,metaspace   ] GC(3) Metaspace: 13330K(13504K)->13330K(13504K) NonClass: 11371K(11456K)->11371K(11456K) Class: 1958K(2048K)->1958K(2048K)
[276.387s][info][gc             ] GC(3) Pause Full (System.gc()) 46M->7M(245M) 22.491ms
[276.387s][info][gc,cpu         ] GC(3) User=0.03s Sys=0.00s Real=0.02s
[412.981s][info][gc,start       ] GC(4) Pause Full (System.gc())
[412.981s][info][gc,phases,start] GC(4) Marking Phase
[412.993s][info][gc,phases      ] GC(4) Marking Phase 11.707ms
[412.993s][info][gc,phases,start] GC(4) Summary Phase
[412.993s][info][gc,phases      ] GC(4) Summary Phase 0.018ms
[412.993s][info][gc,phases,start] GC(4) Forward
[412.996s][info][gc,phases      ] GC(4) Forward 2.629ms
[412.996s][info][gc,phases,start] GC(4) Adjust Pointers
[413.001s][info][gc,phases      ] GC(4) Adjust Pointers 5.280ms
[413.001s][info][gc,phases,start] GC(4) Compaction Phase
[413.004s][info][gc,phases      ] GC(4) Compaction Phase 2.696ms
[413.004s][info][gc,phases,start] GC(4) Post Compact
[413.004s][info][gc,phases      ] GC(4) Post Compact 0.276ms
[413.004s][info][gc,heap        ] GC(4) PSYoungGen: 38230K(76288K)->0K(76288K) Eden: 38230K(65536K)->0K(65536K) From: 0K(10752K)->0K(10752K)
[413.004s][info][gc,heap        ] GC(4) ParOldGen: 7710K(175104K)->7710K(175104K)
[413.004s][info][gc,metaspace   ] GC(4) Metaspace: 13393K(13568K)->13393K(13568K) NonClass: 11434K(11520K)->11434K(11520K) Class: 1958K(2048K)->1958K(2048K)
[413.004s][info][gc             ] GC(4) Pause Full (System.gc()) 44M->7M(245M) 23.059ms
[413.004s][info][gc,cpu         ] GC(4) User=0.04s Sys=0.00s Real=0.02s
[549.827s][info][gc,start       ] GC(5) Pause Full (System.gc())
[549.827s][info][gc,phases,start] GC(5) Marking Phase
[549.836s][info][gc,phases      ] GC(5) Marking Phase 9.523ms
[549.836s][info][gc,phases,start] GC(5) Summary Phase
[549.836s][info][gc,phases      ] GC(5) Summary Phase 0.009ms
[549.836s][info][gc,phases,start] GC(5) Forward
[549.837s][info][gc,phases      ] GC(5) Forward 0.432ms
[549.837s][info][gc,phases,start] GC(5) Adjust Pointers
[549.841s][info][gc,phases      ] GC(5) Adjust Pointers 4.376ms
[549.841s][info][gc,phases,start] GC(5) Compaction Phase
[549.842s][info][gc,phases      ] GC(5) Compaction Phase 1.313ms
[549.843s][info][gc,phases,start] GC(5) Post Compact
[549.843s][info][gc,phases      ] GC(5) Post Compact 0.180ms
[549.843s][info][gc,heap        ] GC(5) PSYoungGen: 37567K(76288K)->0K(76288K) Eden: 37567K(65536K)->0K(65536K) From: 0K(10752K)->0K(10752K)
[549.843s][info][gc,heap        ] GC(5) ParOldGen: 7710K(175104K)->7714K(175104K)
[549.843s][info][gc,metaspace   ] GC(5) Metaspace: 13447K(13632K)->13447K(13632K) NonClass: 11488K(11584K)->11488K(11584K) Class: 1958K(2048K)->1958K(2048K)
[549.843s][info][gc             ] GC(5) Pause Full (System.gc()) 44M->7M(245M) 16.041ms
[549.843s][info][gc,cpu         ] GC(5) User=0.03s Sys=0.00s Real=0.02s
[686.837s][info][gc,start       ] GC(6) Pause Full (System.gc())
[686.837s][info][gc,phases,start] GC(6) Marking Phase
[686.846s][info][gc,phases      ] GC(6) Marking Phase 8.975ms
[686.846s][info][gc,phases,start] GC(6) Summary Phase
[686.847s][info][gc,phases      ] GC(6) Summary Phase 0.011ms
[686.847s][info][gc,phases,start] GC(6) Forward
[686.847s][info][gc,phases      ] GC(6) Forward 0.503ms
[686.847s][info][gc,phases,start] GC(6) Adjust Pointers
[686.851s][info][gc,phases      ] GC(6) Adjust Pointers 4.221ms
[686.851s][info][gc,phases,start] GC(6) Compaction Phase
[686.853s][info][gc,phases      ] GC(6) Compaction Phase 1.355ms
[686.853s][info][gc,phases,start] GC(6) Post Compact
[686.853s][info][gc,phases      ] GC(6) Post Compact 0.168ms
[686.853s][info][gc,heap        ] GC(6) PSYoungGen: 37319K(76288K)->0K(76288K) Eden: 37319K(65536K)->0K(65536K) From: 0K(10752K)->0K(10752K)
[686.853s][info][gc,heap        ] GC(6) ParOldGen: 7714K(175104K)->7714K(175104K)
[686.853s][info][gc,metaspace   ] GC(6) Metaspace: 13488K(13632K)->13488K(13632K) NonClass: 11529K(11584K)->11529K(11584K) Class: 1958K(2048K)->1958K(2048K)
[686.853s][info][gc             ] GC(6) Pause Full (System.gc()) 43M->7M(245M) 15.481ms
[686.853s][info][gc,cpu         ] GC(6) User=0.02s Sys=0.00s Real=0.02s
[823.699s][info][gc,start       ] GC(7) Pause Full (System.gc())
[823.699s][info][gc,phases,start] GC(7) Marking Phase
[823.707s][info][gc,phases      ] GC(7) Marking Phase 8.506ms
[823.707s][info][gc,phases,start] GC(7) Summary Phase
[823.707s][info][gc,phases      ] GC(7) Summary Phase 0.011ms
[823.707s][info][gc,phases,start] GC(7) Forward
[823.708s][info][gc,phases      ] GC(7) Forward 0.453ms
[823.708s][info][gc,phases,start] GC(7) Adjust Pointers
[823.713s][info][gc,phases      ] GC(7) Adjust Pointers 4.915ms
[823.713s][info][gc,phases,start] GC(7) Compaction Phase
[823.714s][info][gc,phases      ] GC(7) Compaction Phase 1.643ms
[823.715s][info][gc,phases,start] GC(7) Post Compact
[823.715s][info][gc,phases      ] GC(7) Post Compact 0.213ms
[823.715s][info][gc,heap        ] GC(7) PSYoungGen: 37036K(76288K)->0K(76288K) Eden: 37036K(65536K)->0K(65536K) From: 0K(10752K)->0K(10752K)
[823.715s][info][gc,heap        ] GC(7) ParOldGen: 7714K(175104K)->7715K(175104K)
[823.715s][info][gc,metaspace   ] GC(7) Metaspace: 13517K(13696K)->13517K(13696K) NonClass: 11558K(11648K)->11558K(11648K) Class: 1958K(2048K)->1958K(2048K)
[823.715s][info][gc             ] GC(7) Pause Full (System.gc()) 43M->7M(245M) 16.176ms
[823.715s][info][gc,cpu         ] GC(7) User=0.02s Sys=0.00s Real=0.01s
[960.336s][info][gc,start       ] GC(8) Pause Full (System.gc())
[960.336s][info][gc,phases,start] GC(8) Marking Phase
[960.345s][info][gc,phases      ] GC(8) Marking Phase 8.499ms
[960.345s][info][gc,phases,start] GC(8) Summary Phase
[960.345s][info][gc,phases      ] GC(8) Summary Phase 0.010ms
[960.345s][info][gc,phases,start] GC(8) Forward
[960.346s][info][gc,phases      ] GC(8) Forward 0.823ms
[960.346s][info][gc,phases,start] GC(8) Adjust Pointers
[960.350s][info][gc,phases      ] GC(8) Adjust Pointers 4.108ms
[960.350s][info][gc,phases,start] GC(8) Compaction Phase
[960.351s][info][gc,phases      ] GC(8) Compaction Phase 1.342ms
[960.351s][info][gc,phases,start] GC(8) Post Compact
[960.352s][info][gc,phases      ] GC(8) Post Compact 0.167ms
[960.352s][info][gc,heap        ] GC(8) PSYoungGen: 37223K(76288K)->0K(76288K) Eden: 37223K(65536K)->0K(65536K) From: 0K(10752K)->0K(10752K)
[960.352s][info][gc,heap        ] GC(8) ParOldGen: 7715K(175104K)->7717K(175104K)
[960.352s][info][gc,metaspace   ] GC(8) Metaspace: 13556K(13760K)->13556K(13760K) NonClass: 11597K(11712K)->11597K(11712K) Class: 1958K(2048K)->1958K(2048K)
[960.352s][info][gc             ] GC(8) Pause Full (System.gc()) 43M->7M(245M) 15.214ms
[960.352s][info][gc,cpu         ] GC(8) User=0.02s Sys=0.00s Real=0.02s
[1097.076s][info][gc,start       ] GC(9) Pause Full (System.gc())
[1097.076s][info][gc,phases,start] GC(9) Marking Phase
[1097.091s][info][gc,phases      ] GC(9) Marking Phase 15.135ms
[1097.091s][info][gc,phases,start] GC(9) Summary Phase
[1097.091s][info][gc,phases      ] GC(9) Summary Phase 0.015ms
[1097.091s][info][gc,phases,start] GC(9) Forward
[1097.092s][info][gc,phases      ] GC(9) Forward 0.599ms
[1097.092s][info][gc,phases,start] GC(9) Adjust Pointers
[1097.100s][info][gc,phases      ] GC(9) Adjust Pointers 7.858ms
[1097.100s][info][gc,phases,start] GC(9) Compaction Phase
[1097.102s][info][gc,phases      ] GC(9) Compaction Phase 1.951ms
[1097.102s][info][gc,phases,start] GC(9) Post Compact
[1097.102s][info][gc,phases      ] GC(9) Post Compact 0.217ms
[1097.102s][info][gc,heap        ] GC(9) PSYoungGen: 37092K(76288K)->0K(76288K) Eden: 37092K(65536K)->0K(65536K) From: 0K(10752K)->0K(10752K)
[1097.102s][info][gc,heap        ] GC(9) ParOldGen: 7717K(175104K)->7718K(175104K)
[1097.102s][info][gc,metaspace   ] GC(9) Metaspace: 13600K(13760K)->13600K(13760K) NonClass: 11642K(11712K)->11642K(11712K) Class: 1958K(2048K)->1958K(2048K)
[1097.102s][info][gc             ] GC(9) Pause Full (System.gc()) 43M->7M(245M) 26.220ms
[1097.102s][info][gc,cpu         ] GC(9) User=0.04s Sys=0.00s Real=0.03s
[1233.858s][info][gc,start       ] GC(10) Pause Full (System.gc())
[1233.858s][info][gc,phases,start] GC(10) Marking Phase
[1233.869s][info][gc,phases      ] GC(10) Marking Phase 11.609ms
[1233.869s][info][gc,phases,start] GC(10) Summary Phase
[1233.869s][info][gc,phases      ] GC(10) Summary Phase 0.010ms
[1233.869s][info][gc,phases,start] GC(10) Forward
[1233.870s][info][gc,phases      ] GC(10) Forward 1.148ms
[1233.871s][info][gc,phases,start] GC(10) Adjust Pointers
[1233.875s][info][gc,phases      ] GC(10) Adjust Pointers 4.169ms
[1233.875s][info][gc,phases,start] GC(10) Compaction Phase
[1233.877s][info][gc,phases      ] GC(10) Compaction Phase 1.852ms
[1233.877s][info][gc,phases,start] GC(10) Post Compact
[1233.877s][info][metaspace      ] ChkMgr @0x00007fb25c03f180 (non-class-space): : reclaiming memory...
[1233.877s][info][metaspace      ] ChkMgr @0x00007fb25c03f180 (non-class-space): nothing reclaimed.
[1233.877s][info][metaspace      ] ChkMgr @0x00007fb25c03ef90 (class-space): : reclaiming memory...
[1233.877s][info][metaspace      ] ChkMgr @0x00007fb25c03ef90 (class-space): nothing reclaimed.
[1233.877s][info][gc,phases      ] GC(10) Post Compact 0.200ms
[1233.877s][info][gc,heap        ] GC(10) PSYoungGen: 36900K(76288K)->0K(76288K) Eden: 36900K(65536K)->0K(65536K) From: 0K(10752K)->0K(10752K)
[1233.877s][info][gc,heap        ] GC(10) ParOldGen: 7718K(175104K)->7518K(175104K)
[1233.877s][info][gc,metaspace   ] GC(10) Metaspace: 13654K(13888K)->13632K(13888K) NonClass: 11696K(11840K)->11673K(11840K) Class: 1958K(2048K)->1958K(2048K)
[1233.877s][info][gc             ] GC(10) Pause Full (System.gc()) 43M->7M(245M) 19.235ms
[1233.877s][info][gc,cpu         ] GC(10) User=0.03s Sys=0.00s Real=0.02s
[1370.639s][info][gc,start       ] GC(11) Pause Full (System.gc())
[1370.639s][info][gc,phases,start] GC(11) Marking Phase
[1370.647s][info][gc,phases      ] GC(11) Marking Phase 8.140ms
[1370.647s][info][gc,phases,start] GC(11) Summary Phase
[1370.647s][info][gc,phases      ] GC(11) Summary Phase 0.010ms
[1370.647s][info][gc,phases,start] GC(11) Forward
[1370.648s][info][gc,phases      ] GC(11) Forward 0.952ms
[1370.648s][info][gc,phases,start] GC(11) Adjust Pointers
[1370.652s][info][gc,phases      ] GC(11) Adjust Pointers 4.044ms
[1370.652s][info][gc,phases,start] GC(11) Compaction Phase
[1370.654s][info][gc,phases      ] GC(11) Compaction Phase 1.790ms
[1370.654s][info][gc,phases,start] GC(11) Post Compact
[1370.654s][info][gc,phases      ] GC(11) Post Compact 0.149ms
[1370.654s][info][gc,heap        ] GC(11) PSYoungGen: 36873K(76288K)->0K(76288K) Eden: 36873K(65536K)->0K(65536K) From: 0K(10752K)->0K(10752K)
[1370.654s][info][gc,heap        ] GC(11) ParOldGen: 7518K(175104K)->7518K(175104K)
[1370.654s][info][gc,metaspace   ] GC(11) Metaspace: 13660K(13888K)->13660K(13888K) NonClass: 11702K(11840K)->11702K(11840K) Class: 1958K(2048K)->1958K(2048K)
[1370.654s][info][gc             ] GC(11) Pause Full (System.gc()) 43M->7M(245M) 15.322ms
[1370.654s][info][gc,cpu         ] GC(11) User=0.03s Sys=0.00s Real=0.01s
[1507.288s][info][gc,start       ] GC(12) Pause Full (System.gc())
[1507.288s][info][gc,phases,start] GC(12) Marking Phase
[1507.297s][info][gc,phases      ] GC(12) Marking Phase 8.486ms
[1507.297s][info][gc,phases,start] GC(12) Summary Phase
[1507.297s][info][gc,phases      ] GC(12) Summary Phase 0.009ms
[1507.297s][info][gc,phases,start] GC(12) Forward
[1507.297s][info][gc,phases      ] GC(12) Forward 0.390ms
[1507.297s][info][gc,phases,start] GC(12) Adjust Pointers
[1507.301s][info][gc,phases      ] GC(12) Adjust Pointers 4.016ms
[1507.301s][info][gc,phases,start] GC(12) Compaction Phase
[1507.302s][info][gc,phases      ] GC(12) Compaction Phase 1.051ms
[1507.302s][info][gc,phases,start] GC(12) Post Compact
[1507.302s][info][gc,phases      ] GC(12) Post Compact 0.150ms
[1507.302s][info][gc,heap        ] GC(12) PSYoungGen: 36779K(76288K)->0K(76288K) Eden: 36779K(65536K)->0K(65536K) From: 0K(10752K)->0K(10752K)
[1507.302s][info][gc,heap        ] GC(12) ParOldGen: 7518K(175104K)->7519K(175104K)
[1507.302s][info][gc,metaspace   ] GC(12) Metaspace: 13688K(13888K)->13688K(13888K) NonClass: 11729K(11840K)->11729K(11840K) Class: 1958K(2048K)->1958K(2048K)
[1507.302s][info][gc             ] GC(12) Pause Full (System.gc()) 43M->7M(245M) 14.309ms
[1507.302s][info][gc,cpu         ] GC(12) User=0.02s Sys=0.00s Real=0.02s
[1507.308s][info][gc,heap,exit   ] Heap
[1507.308s][info][gc,heap,exit   ]  PSYoungGen      total 76288K, used 1136K [0x00000000eba00000, 0x00000000f4f00000, 0x0000000100000000)
[1507.308s][info][gc,heap,exit   ]   eden space 65536K, 1% used [0x00000000eba00000,0x00000000ebb1c0a0,0x00000000efa00000)
[1507.308s][info][gc,heap,exit   ]   from space 10752K, 0% used [0x00000000f0480000,0x00000000f0480000,0x00000000f0f00000)
[1507.308s][info][gc,heap,exit   ]   to   space 10752K, 0% used [0x00000000efa00000,0x00000000efa00000,0x00000000f0480000)
[1507.308s][info][gc,heap,exit   ]  ParOldGen       total 175104K, used 7519K [0x00000000c2e00000, 0x00000000cd900000, 0x00000000eba00000)
[1507.308s][info][gc,heap,exit   ]   object space 175104K, 4% used [0x00000000c2e00000,0x00000000c3557d00,0x00000000cd900000)
[1507.308s][info][gc,heap,exit   ]  Metaspace       used 13690K, committed 13888K, reserved 1114112K
[1507.308s][info][gc,heap,exit   ]   class space    used 1958K, committed 2048K, reserved 1048576K
