[0.002s][info][metaspace]  - commit_granule_bytes: 65536.
[0.002s][info][metaspace]  - commit_granule_words: 8192.
[0.002s][info][metaspace]  - virtual_space_node_default_size: 8388608.
[0.002s][info][metaspace]  - enlarge_chunks_in_place: 1.
[0.004s][info][gc,init  ] CardTable entry size: 512
[0.004s][info][gc       ] Using Parallel
[0.005s][info][gc,init  ] Version: 24-internal-adhoc.root.jdk (release)
[0.005s][info][gc,init  ] CPUs: 2 total, 2 available
[0.005s][info][gc,init  ] Memory: 3908M
[0.005s][info][gc,init  ] Large Page Support: Disabled
[0.005s][info][gc,init  ] NUMA Support: Disabled
[0.005s][info][gc,init  ] Compressed Oops: Enabled (32-bit)
[0.005s][info][gc,init  ] Alignments: Space 512K, Generation 512K, Heap 2M
[0.005s][info][gc,init  ] Heap Min Capacity: 256M
[0.005s][info][gc,init  ] Heap Initial Capacity: 256M
[0.005s][info][gc,init  ] Heap Max Capacity: 978M
[0.005s][info][gc,init  ] Pre-touch: Disabled
[0.005s][info][gc,init  ] Parallel Workers: 2
[0.023s][info][gc,metaspace] CDS archive(s) mapped at: [0x00007efc22000000-0x00007efc22e7b000-0x00007efc22e7b000), size 15183872, SharedBaseAddress: 0x00007efc22000000, ArchiveRelocationMode: 1.
[0.023s][info][gc,metaspace] Compressed class space mapped at: 0x00007efc23000000-0x00007efc63000000, reserved size: 1073741824
[0.023s][info][gc,metaspace] UseCompressedClassPointers 1, UseCompactObjectHeaders 1
[0.023s][info][gc,metaspace] Narrow klass pointer bits 22, Max shift 10
[0.023s][info][gc,metaspace] Narrow klass base: 0x00007efc22000000, Narrow klass shift: 10
[0.024s][info][gc,metaspace] Encoding Range: [0x00007efc22000000 - 0x00007efd22000000), (4294967296 bytes)
[0.024s][info][gc,metaspace] Klass Range:    [0x00007efc22000000 - 0x00007efc63000000), (1090519040 bytes)
[0.024s][info][gc,metaspace] Klass ID Range:  [1 - 1064960) (1064959)
[0.621s][info][gc,start    ] GC(0) Pause Young (Allocation Failure)
[0.629s][info][gc,heap     ] GC(0) PSYoungGen: 65479K(76288K)->1794K(76288K) Eden: 65479K(65536K)->0K(65536K) From: 0K(10752K)->1794K(10752K)
[0.629s][info][gc,heap     ] GC(0) ParOldGen: 1088K(175104K)->1096K(175104K)
[0.629s][info][gc,metaspace] GC(0) Metaspace: 2596K(2752K)->2596K(2752K) NonClass: 2269K(2368K)->2269K(2368K) Class: 327K(384K)->327K(384K)
[0.629s][info][gc          ] GC(0) Pause Young (Allocation Failure) 65M->2M(245M) 8.366ms
[0.629s][info][gc,cpu      ] GC(0) User=0.02s Sys=0.00s Real=0.01s
[0.831s][info][gc,start    ] GC(1) Pause Young (Allocation Failure)
[0.834s][info][gc,heap     ] GC(1) PSYoungGen: 67330K(76288K)->1970K(141824K) Eden: 65536K(65536K)->0K(131072K) From: 1794K(10752K)->1970K(10752K)
[0.834s][info][gc,heap     ] GC(1) ParOldGen: 1096K(175104K)->1104K(175104K)
[0.834s][info][gc,metaspace] GC(1) Metaspace: 2610K(2752K)->2610K(2752K) NonClass: 2283K(2368K)->2283K(2368K) Class: 327K(384K)->327K(384K)
[0.834s][info][gc          ] GC(1) Pause Young (Allocation Failure) 66M->3M(309M) 3.113ms
[0.834s][info][gc,cpu      ] GC(1) User=0.01s Sys=0.00s Real=0.01s
[1.445s][info][gc,start    ] GC(2) Pause Young (Allocation Failure)
[1.460s][info][gc,heap     ] GC(2) PSYoungGen: 133042K(141824K)->7134K(141824K) Eden: 131072K(131072K)->0K(131072K) From: 1970K(10752K)->7134K(10752K)
[1.460s][info][gc,heap     ] GC(2) ParOldGen: 1104K(175104K)->1104K(175104K)
[1.460s][info][gc,metaspace] GC(2) Metaspace: 9454K(9600K)->9454K(9600K) NonClass: 6618K(6656K)->6618K(6656K) Class: 2836K(2944K)->2836K(2944K)
[1.460s][info][gc          ] GC(2) Pause Young (Allocation Failure) 131M->8M(309M) 14.997ms
[1.461s][info][gc,cpu      ] GC(2) User=0.02s Sys=0.00s Real=0.01s
[1.603s][info][gc,start    ] GC(3) Pause Young (Allocation Failure)
[1.623s][info][gc,heap     ] GC(3) PSYoungGen: 138206K(141824K)->9853K(272896K) Eden: 131072K(131072K)->0K(262144K) From: 7134K(10752K)->9853K(10752K)
[1.623s][info][gc,heap     ] GC(3) ParOldGen: 1104K(175104K)->1112K(175104K)
[1.623s][info][gc,metaspace] GC(3) Metaspace: 9506K(9664K)->9506K(9664K) NonClass: 6670K(6720K)->6670K(6720K) Class: 2836K(2944K)->2836K(2944K)
[1.623s][info][gc          ] GC(3) Pause Young (Allocation Failure) 136M->10M(437M) 19.426ms
[1.623s][info][gc,cpu      ] GC(3) User=0.03s Sys=0.01s Real=0.02s
[2.268s][info][gc,start    ] GC(4) Pause Young (Allocation Failure)
[2.312s][info][gc,heap     ] GC(4) PSYoungGen: 271997K(272896K)->10742K(272896K) Eden: 262144K(262144K)->0K(262144K) From: 9853K(10752K)->10742K(10752K)
[2.312s][info][gc,heap     ] GC(4) ParOldGen: 1112K(175104K)->5857K(175104K)
[2.312s][info][gc,metaspace] GC(4) Metaspace: 13424K(13696K)->13424K(13696K) NonClass: 9075K(9216K)->9075K(9216K) Class: 4349K(4480K)->4349K(4480K)
[2.312s][info][gc          ] GC(4) Pause Young (Allocation Failure) 266M->16M(437M) 43.240ms
[2.312s][info][gc,cpu      ] GC(4) User=0.07s Sys=0.02s Real=0.04s
[2.969s][info][metaspace   ] ChkMgr @0x00007efc8003f160 (non-class-space): failed to commit 490 words on chunk @0x00007efc80592da8, f, base 0x00007efc18e40000, level lv10.
[2.969s][info][metaspace   ] Arena @0x00007efc8011e9f0 (non-class arena): failed to allocate new chunk for requested word size 490.
[2.969s][info][metaspace   ] Arena @0x00007efc8011e9f0 (non-class arena): allocation failed, returned null.
[2.969s][info][metaspace   ] ChkMgr @0x00007efc8003f160 (non-class-space): failed to commit 490 words on chunk @0x00007efc80592da8, f, base 0x00007efc18e40000, level lv10.
[2.969s][info][metaspace   ] Arena @0x00007efc8011e9f0 (non-class arena): failed to allocate new chunk for requested word size 490.
[2.969s][info][metaspace   ] Arena @0x00007efc8011e9f0 (non-class arena): allocation failed, returned null.
[2.969s][info][metaspace   ] ChkMgr @0x00007efc8003f160 (non-class-space): failed to commit 490 words on chunk @0x00007efc80592da8, f, base 0x00007efc18e40000, level lv10.
[2.969s][info][metaspace   ] Arena @0x00007efc8011e9f0 (non-class arena): failed to allocate new chunk for requested word size 490.
[2.969s][info][metaspace   ] Arena @0x00007efc8011e9f0 (non-class arena): allocation failed, returned null.
[2.969s][info][gc,start    ] GC(5) Pause Full (Metadata GC Threshold)
[2.969s][info][gc,phases,start] GC(5) Marking Phase
[2.994s][info][gc,phases      ] GC(5) Marking Phase 24.664ms
[2.994s][info][gc,phases,start] GC(5) Summary Phase
[2.994s][info][gc,phases      ] GC(5) Summary Phase 0.009ms
[2.994s][info][gc,phases,start] GC(5) Forward
[3.000s][info][gc,phases      ] GC(5) Forward 6.173ms
[3.000s][info][gc,phases,start] GC(5) Adjust Pointers
[3.011s][info][gc,phases      ] GC(5) Adjust Pointers 10.967ms
[3.011s][info][gc,phases,start] GC(5) Compaction Phase
[3.022s][info][gc,phases      ] GC(5) Compaction Phase 10.913ms
[3.022s][info][gc,phases,start] GC(5) Post Compact
[3.022s][info][metaspace      ] ChkMgr @0x00007efc8003f160 (non-class-space): : reclaiming memory...
[3.022s][info][metaspace      ] ChkMgr @0x00007efc8003f160 (non-class-space): nothing reclaimed.
[3.022s][info][metaspace      ] ChkMgr @0x00007efc8003ef70 (class-space): : reclaiming memory...
[3.022s][info][metaspace      ] ChkMgr @0x00007efc8003ef70 (class-space): nothing reclaimed.
[3.023s][info][gc,phases      ] GC(5) Post Compact 1.298ms
[3.023s][info][gc,heap        ] GC(5) PSYoungGen: 53651K(272896K)->0K(272896K) Eden: 42909K(262144K)->0K(262144K) From: 10742K(10752K)->0K(10752K)
[3.023s][info][gc,heap        ] GC(5) ParOldGen: 5857K(175104K)->19236K(175104K)
[3.023s][info][gc,metaspace   ] GC(5) Metaspace: 21253K(21504K)->21208K(21504K) NonClass: 14305K(14464K)->14261K(14464K) Class: 6948K(7040K)->6946K(7040K)
[3.023s][info][gc             ] GC(5) Pause Full (Metadata GC Threshold) 58M->18M(437M) 54.353ms
[3.023s][info][gc,cpu         ] GC(5) User=0.08s Sys=0.01s Real=0.06s
[4.756s][info][gc,start       ] GC(6) Pause Young (Allocation Failure)
[4.768s][info][gc,heap        ] GC(6) PSYoungGen: 262144K(272896K)->5144K(317440K) Eden: 262144K(262144K)->0K(300032K) From: 0K(10752K)->5144K(17408K)
[4.768s][info][gc,heap        ] GC(6) ParOldGen: 19236K(175104K)->19236K(175104K)
[4.768s][info][gc,metaspace   ] GC(6) Metaspace: 32641K(33216K)->32641K(33216K) NonClass: 23558K(23936K)->23558K(23936K) Class: 9082K(9280K)->9082K(9280K)
[4.768s][info][gc             ] GC(6) Pause Young (Allocation Failure) 274M->23M(481M) 11.374ms
[4.768s][info][gc,cpu         ] GC(6) User=0.01s Sys=0.00s Real=0.01s
[6.419s][info][gc,start       ] GC(7) Pause Young (Allocation Failure)
[6.429s][info][gc,heap        ] GC(7) PSYoungGen: 305176K(317440K)->5012K(305152K) Eden: 300032K(300032K)->0K(300032K) From: 5144K(17408K)->5012K(5120K)
[6.429s][info][gc,heap        ] GC(7) ParOldGen: 19236K(175104K)->19236K(175104K)
[6.429s][info][gc,metaspace   ] GC(7) Metaspace: 32669K(33280K)->32669K(33280K) NonClass: 23586K(24000K)->23586K(24000K) Class: 9082K(9280K)->9082K(9280K)
[6.429s][info][gc             ] GC(7) Pause Young (Allocation Failure) 316M->23M(469M) 10.260ms
[6.429s][info][gc,cpu         ] GC(7) User=0.02s Sys=0.01s Real=0.01s
[6.720s][info][gc,start       ] GC(8) Pause Young (Allocation Failure)
[6.726s][info][gc,heap        ] GC(8) PSYoungGen: 305044K(305152K)->5016K(315904K) Eden: 300032K(300032K)->0K(300544K) From: 5012K(5120K)->5016K(15360K)
[6.726s][info][gc,heap        ] GC(8) ParOldGen: 19236K(175104K)->19236K(175104K)
[6.726s][info][gc,metaspace   ] GC(8) Metaspace: 32669K(33280K)->32669K(33280K) NonClass: 23586K(24000K)->23586K(24000K) Class: 9082K(9280K)->9082K(9280K)
[6.726s][info][gc             ] GC(8) Pause Young (Allocation Failure) 316M->23M(479M) 6.171ms
[6.726s][info][gc,cpu         ] GC(8) User=0.01s Sys=0.00s Real=0.01s
[7.014s][info][gc,start       ] GC(9) Pause Young (Allocation Failure)
[7.022s][info][gc,heap        ] GC(9) PSYoungGen: 305560K(315904K)->64K(315392K) Eden: 300544K(300544K)->0K(300544K) From: 5016K(15360K)->64K(14848K)
[7.022s][info][gc,heap        ] GC(9) ParOldGen: 19236K(175104K)->24229K(175104K)
[7.022s][info][gc,metaspace   ] GC(9) Metaspace: 32669K(33280K)->32669K(33280K) NonClass: 23586K(24000K)->23586K(24000K) Class: 9082K(9280K)->9082K(9280K)
[7.022s][info][gc             ] GC(9) Pause Young (Allocation Failure) 317M->23M(479M) 7.835ms
[7.022s][info][gc,cpu         ] GC(9) User=0.01s Sys=0.01s Real=0.00s
[7.952s][info][gc,start       ] GC(10) Pause Young (Allocation Failure)
[7.954s][info][gc,heap        ] GC(10) PSYoungGen: 300608K(315392K)->32K(318464K) Eden: 300544K(300544K)->0K(303616K) From: 64K(14848K)->32K(14848K)
[7.954s][info][gc,heap        ] GC(10) ParOldGen: 24229K(175104K)->24245K(175104K)
[7.954s][info][gc,metaspace   ] GC(10) Metaspace: 32802K(33408K)->32802K(33408K) NonClass: 23719K(24128K)->23719K(24128K) Class: 9082K(9280K)->9082K(9280K)
[7.954s][info][gc             ] GC(10) Pause Young (Allocation Failure) 317M->23M(482M) 1.327ms
[7.954s][info][gc,cpu         ] GC(10) User=0.00s Sys=0.00s Real=0.00s
[8.046s][info][gc,start       ] GC(11) Pause Young (Allocation Failure)
[8.047s][info][gc,heap        ] GC(11) PSYoungGen: 303648K(318464K)->32K(318464K) Eden: 303616K(303616K)->0K(303616K) From: 32K(14848K)->32K(14848K)
[8.047s][info][gc,heap        ] GC(11) ParOldGen: 24245K(175104K)->24261K(175104K)
[8.047s][info][gc,metaspace   ] GC(11) Metaspace: 32802K(33408K)->32802K(33408K) NonClass: 23719K(24128K)->23719K(24128K) Class: 9082K(9280K)->9082K(9280K)
[8.047s][info][gc             ] GC(11) Pause Young (Allocation Failure) 320M->23M(482M) 0.907ms
[8.047s][info][gc,cpu         ] GC(11) User=0.00s Sys=0.00s Real=0.00s
[8.114s][info][gc,start       ] GC(12) Pause Young (Allocation Failure)
[8.114s][info][gc,heap        ] GC(12) PSYoungGen: 303648K(318464K)->32K(318976K) Eden: 303616K(303616K)->0K(304128K) From: 32K(14848K)->32K(14848K)
[8.114s][info][gc,heap        ] GC(12) ParOldGen: 24261K(175104K)->24261K(175104K)
[8.114s][info][gc,metaspace   ] GC(12) Metaspace: 32802K(33408K)->32802K(33408K) NonClass: 23719K(24128K)->23719K(24128K) Class: 9082K(9280K)->9082K(9280K)
[8.114s][info][gc             ] GC(12) Pause Young (Allocation Failure) 320M->23M(482M) 0.848ms
[8.114s][info][gc,cpu         ] GC(12) User=0.00s Sys=0.00s Real=0.00s
[8.397s][info][gc,start       ] GC(13) Pause Young (Allocation Failure)
[8.399s][info][gc,heap        ] GC(13) PSYoungGen: 304160K(318976K)->64K(304640K) Eden: 304128K(304128K)->0K(304128K) From: 32K(14848K)->64K(512K)
[8.399s][info][gc,heap        ] GC(13) ParOldGen: 24261K(175104K)->24261K(175104K)
[8.399s][info][gc,metaspace   ] GC(13) Metaspace: 32807K(33408K)->32807K(33408K) NonClass: 23724K(24128K)->23724K(24128K) Class: 9082K(9280K)->9082K(9280K)
[8.399s][info][gc             ] GC(13) Pause Young (Allocation Failure) 320M->23M(468M) 1.204ms
[8.399s][info][gc,cpu         ] GC(13) User=0.00s Sys=0.00s Real=0.00s
[8.736s][info][gc,start       ] GC(14) Pause Young (Allocation Failure)
[8.737s][info][gc,heap        ] GC(14) PSYoungGen: 304192K(304640K)->64K(318976K) Eden: 304128K(304128K)->0K(304640K) From: 64K(512K)->64K(14336K)
[8.737s][info][gc,heap        ] GC(14) ParOldGen: 24261K(175104K)->24277K(175104K)
[8.737s][info][gc,metaspace   ] GC(14) Metaspace: 32864K(33472K)->32864K(33472K) NonClass: 23781K(24192K)->23781K(24192K) Class: 9082K(9280K)->9082K(9280K)
[8.737s][info][gc             ] GC(14) Pause Young (Allocation Failure) 320M->23M(482M) 1.273ms
[8.737s][info][gc,cpu         ] GC(14) User=0.00s Sys=0.00s Real=0.00s
[8.919s][info][gc,start       ] GC(15) Pause Young (Allocation Failure)
[8.920s][info][gc,heap        ] GC(15) PSYoungGen: 304704K(318976K)->32K(292864K) Eden: 304640K(304640K)->0K(292352K) From: 64K(14336K)->32K(512K)
[8.920s][info][gc,heap        ] GC(15) ParOldGen: 24277K(175104K)->24293K(175104K)
[8.920s][info][gc,metaspace   ] GC(15) Metaspace: 32864K(33472K)->32864K(33472K) NonClass: 23781K(24192K)->23781K(24192K) Class: 9082K(9280K)->9082K(9280K)
[8.920s][info][gc             ] GC(15) Pause Young (Allocation Failure) 321M->23M(457M) 1.236ms
[8.920s][info][gc,cpu         ] GC(15) User=0.00s Sys=0.00s Real=0.00s
[9.168s][info][gc,start       ] GC(16) Pause Young (Allocation Failure)
[9.169s][info][gc,heap        ] GC(16) PSYoungGen: 292384K(292864K)->64K(281600K) Eden: 292352K(292352K)->0K(280576K) From: 32K(512K)->64K(1024K)
[9.169s][info][gc,heap        ] GC(16) ParOldGen: 24293K(175104K)->24293K(175104K)
[9.169s][info][gc,metaspace   ] GC(16) Metaspace: 32866K(33472K)->32866K(33472K) NonClass: 23783K(24192K)->23783K(24192K) Class: 9082K(9280K)->9082K(9280K)
[9.169s][info][gc             ] GC(16) Pause Young (Allocation Failure) 309M->23M(446M) 1.308ms
[9.169s][info][gc,cpu         ] GC(16) User=0.00s Sys=0.00s Real=0.00s
[10.003s][info][gc,start       ] GC(17) Pause Young (Allocation Failure)
[10.004s][info][gc,heap        ] GC(17) PSYoungGen: 280640K(281600K)->64K(282624K) Eden: 280576K(280576K)->0K(269312K) From: 64K(1024K)->64K(13312K)
[10.004s][info][gc,heap        ] GC(17) ParOldGen: 24293K(175104K)->24309K(175104K)
[10.004s][info][gc,metaspace   ] GC(17) Metaspace: 32871K(33472K)->32871K(33472K) NonClass: 23788K(24192K)->23788K(24192K) Class: 9082K(9280K)->9082K(9280K)
[10.004s][info][gc             ] GC(17) Pause Young (Allocation Failure) 297M->23M(447M) 0.985ms
[10.004s][info][gc,cpu         ] GC(17) User=0.00s Sys=0.00s Real=0.00s
[10.718s][info][gc,start       ] GC(18) Pause Young (Allocation Failure)
[10.719s][info][gc,heap        ] GC(18) PSYoungGen: 269376K(282624K)->64K(259072K) Eden: 269312K(269312K)->0K(258560K) From: 64K(13312K)->64K(512K)
[10.719s][info][gc,heap        ] GC(18) ParOldGen: 24309K(175104K)->24325K(175104K)
[10.719s][info][gc,metaspace   ] GC(18) Metaspace: 32905K(33536K)->32905K(33536K) NonClass: 23822K(24256K)->23822K(24256K) Class: 9082K(9280K)->9082K(9280K)
[10.719s][info][gc             ] GC(18) Pause Young (Allocation Failure) 286M->23M(424M) 1.568ms
[10.719s][info][gc,cpu         ] GC(18) User=0.00s Sys=0.00s Real=0.00s
[12.101s][info][gc,start       ] GC(19) Pause Young (Allocation Failure)
[12.101s][info][gc,heap        ] GC(19) PSYoungGen: 258624K(259072K)->64K(260096K) Eden: 258560K(258560K)->0K(248320K) From: 64K(512K)->64K(11776K)
[12.101s][info][gc,heap        ] GC(19) ParOldGen: 24325K(175104K)->24333K(175104K)
[12.101s][info][gc,metaspace   ] GC(19) Metaspace: 32932K(33536K)->32932K(33536K) NonClass: 23849K(24256K)->23849K(24256K) Class: 9082K(9280K)->9082K(9280K)
[12.101s][info][gc             ] GC(19) Pause Young (Allocation Failure) 276M->23M(425M) 0.494ms
[12.101s][info][gc,cpu         ] GC(19) User=0.00s Sys=0.00s Real=0.00s
[12.664s][info][gc,start       ] GC(20) Pause Young (Allocation Failure)
[12.665s][info][gc,heap        ] GC(20) PSYoungGen: 248384K(260096K)->64K(239104K) Eden: 248320K(248320K)->0K(238592K) From: 64K(11776K)->64K(512K)
[12.665s][info][gc,heap        ] GC(20) ParOldGen: 24333K(175104K)->24341K(175104K)
[12.665s][info][gc,metaspace   ] GC(20) Metaspace: 32935K(33536K)->32935K(33536K) NonClass: 23852K(24256K)->23852K(24256K) Class: 9082K(9280K)->9082K(9280K)
[12.665s][info][gc             ] GC(20) Pause Young (Allocation Failure) 266M->23M(404M) 1.283ms
[12.665s][info][gc,cpu         ] GC(20) User=0.00s Sys=0.00s Real=0.00s
[14.866s][info][gc,start       ] GC(21) Pause Young (Allocation Failure)
[14.867s][info][gc,heap        ] GC(21) PSYoungGen: 238656K(239104K)->64K(240128K) Eden: 238592K(238592K)->0K(229376K) From: 64K(512K)->64K(10752K)
[14.867s][info][gc,heap        ] GC(21) ParOldGen: 24341K(175104K)->24357K(175104K)
[14.867s][info][gc,metaspace   ] GC(21) Metaspace: 33007K(33664K)->33007K(33664K) NonClass: 23924K(24384K)->23924K(24384K) Class: 9082K(9280K)->9082K(9280K)
[14.867s][info][gc             ] GC(21) Pause Young (Allocation Failure) 256M->23M(405M) 1.251ms
[14.867s][info][gc,cpu         ] GC(21) User=0.00s Sys=0.00s Real=0.00s
[15.900s][info][gc,start       ] GC(22) Pause Young (Allocation Failure)
[15.901s][info][gc,heap        ] GC(22) PSYoungGen: 229440K(240128K)->64K(221184K) Eden: 229376K(229376K)->0K(220672K) From: 64K(10752K)->64K(512K)
[15.901s][info][gc,heap        ] GC(22) ParOldGen: 24357K(175104K)->24373K(175104K)
[15.901s][info][gc,metaspace   ] GC(22) Metaspace: 33165K(33792K)->33165K(33792K) NonClass: 24082K(24512K)->24082K(24512K) Class: 9082K(9280K)->9082K(9280K)
[15.901s][info][gc             ] GC(22) Pause Young (Allocation Failure) 247M->23M(387M) 1.235ms
[15.901s][info][gc,cpu         ] GC(22) User=0.00s Sys=0.00s Real=0.00s
[16.247s][info][gc,start       ] GC(23) Pause Young (Allocation Failure)
[16.248s][info][gc,heap        ] GC(23) PSYoungGen: 220736K(221184K)->64K(222208K) Eden: 220672K(220672K)->0K(212480K) From: 64K(512K)->64K(9728K)
[16.248s][info][gc,heap        ] GC(23) ParOldGen: 24373K(175104K)->24381K(175104K)
[16.248s][info][gc,metaspace   ] GC(23) Metaspace: 33187K(33856K)->33187K(33856K) NonClass: 24104K(24576K)->24104K(24576K) Class: 9082K(9280K)->9082K(9280K)
[16.248s][info][gc             ] GC(23) Pause Young (Allocation Failure) 239M->23M(388M) 0.523ms
[16.248s][info][gc,cpu         ] GC(23) User=0.00s Sys=0.00s Real=0.00s
[16.460s][info][gc,start       ] GC(24) Pause Young (Allocation Failure)
[16.461s][info][gc,heap        ] GC(24) PSYoungGen: 212544K(222208K)->64K(205312K) Eden: 212480K(212480K)->0K(204800K) From: 64K(9728K)->64K(512K)
[16.461s][info][gc,heap        ] GC(24) ParOldGen: 24381K(175104K)->24389K(175104K)
[16.461s][info][gc,metaspace   ] GC(24) Metaspace: 33231K(33856K)->33231K(33856K) NonClass: 24148K(24576K)->24148K(24576K) Class: 9082K(9280K)->9082K(9280K)
[16.461s][info][gc             ] GC(24) Pause Young (Allocation Failure) 231M->23M(371M) 1.191ms
[16.461s][info][gc,cpu         ] GC(24) User=0.00s Sys=0.00s Real=0.00s
[16.971s][info][gc,start       ] GC(25) Pause Young (Allocation Failure)
[16.971s][info][gc,heap        ] GC(25) PSYoungGen: 204864K(205312K)->64K(205824K) Eden: 204800K(204800K)->0K(197120K) From: 64K(512K)->64K(8704K)
[16.971s][info][gc,heap        ] GC(25) ParOldGen: 24389K(175104K)->24397K(175104K)
[16.971s][info][gc,metaspace   ] GC(25) Metaspace: 33239K(33920K)->33239K(33920K) NonClass: 24156K(24640K)->24156K(24640K) Class: 9082K(9280K)->9082K(9280K)
[16.971s][info][gc             ] GC(25) Pause Young (Allocation Failure) 223M->23M(372M) 0.593ms
[16.971s][info][gc,cpu         ] GC(25) User=0.00s Sys=0.00s Real=0.00s
[17.329s][info][gc,start       ] GC(26) Pause Young (Allocation Failure)
[17.331s][info][gc,heap        ] GC(26) PSYoungGen: 197184K(205824K)->64K(190464K) Eden: 197120K(197120K)->0K(189952K) From: 64K(8704K)->64K(512K)
[17.331s][info][gc,heap        ] GC(26) ParOldGen: 24397K(175104K)->24413K(175104K)
[17.331s][info][gc,metaspace   ] GC(26) Metaspace: 33373K(33984K)->33373K(33984K) NonClass: 24278K(24704K)->24278K(24704K) Class: 9095K(9280K)->9095K(9280K)
[17.331s][info][gc             ] GC(26) Pause Young (Allocation Failure) 216M->23M(357M) 1.637ms
[17.331s][info][gc,cpu         ] GC(26) User=0.01s Sys=0.00s Real=0.00s
[17.896s][info][gc,start       ] GC(27) Pause Young (Allocation Failure)
[17.897s][info][gc,heap        ] GC(27) PSYoungGen: 190016K(190464K)->262K(190976K) Eden: 189952K(189952K)->0K(183296K) From: 64K(512K)->262K(7680K)
[17.897s][info][gc,heap        ] GC(27) ParOldGen: 24413K(175104K)->24449K(175104K)
[17.897s][info][gc,metaspace   ] GC(27) Metaspace: 33685K(34304K)->33685K(34304K) NonClass: 24523K(24960K)->24523K(24960K) Class: 9161K(9344K)->9161K(9344K)
[17.897s][info][gc             ] GC(27) Pause Young (Allocation Failure) 209M->24M(357M) 0.870ms
[17.897s][info][gc,cpu         ] GC(27) User=0.00s Sys=0.00s Real=0.00s
[18.483s][info][gc,start       ] GC(28) Pause Young (Allocation Failure)
[18.522s][info][gc,heap        ] GC(28) PSYoungGen: 183558K(190976K)->7153K(244224K) Eden: 183296K(183296K)->0K(237056K) From: 262K(7680K)->7153K(7168K)
[18.522s][info][gc,heap        ] GC(28) ParOldGen: 24449K(175104K)->38041K(175104K)
[18.522s][info][gc,metaspace   ] GC(28) Metaspace: 34022K(34688K)->34022K(34688K) NonClass: 24842K(25280K)->24842K(25280K) Class: 9180K(9408K)->9180K(9408K)
[18.522s][info][gc             ] GC(28) Pause Young (Allocation Failure) 203M->44M(409M) 38.366ms
[18.522s][info][gc,cpu         ] GC(28) User=0.06s Sys=0.01s Real=0.03s
[18.928s][info][gc,start       ] GC(29) Pause Young (Allocation Failure)
[18.979s][info][gc,heap        ] GC(29) PSYoungGen: 244209K(244224K)->13824K(250880K) Eden: 237056K(237056K)->0K(237056K) From: 7153K(7168K)->13824K(13824K)
[18.980s][info][gc,heap        ] GC(29) ParOldGen: 38041K(175104K)->51249K(175104K)
[18.980s][info][gc,metaspace   ] GC(29) Metaspace: 34060K(34752K)->34060K(34752K) NonClass: 24878K(25344K)->24878K(25344K) Class: 9182K(9408K)->9182K(9408K)
[18.980s][info][gc             ] GC(29) Pause Young (Allocation Failure) 275M->63M(416M) 51.712ms
[18.980s][info][gc,cpu         ] GC(29) User=0.10s Sys=0.00s Real=0.05s
[19.246s][info][gc,start       ] GC(30) Pause Young (Allocation Failure)
[19.280s][info][gc,heap        ] GC(30) PSYoungGen: 250880K(250880K)->15680K(307200K) Eden: 237056K(237056K)->0K(285696K) From: 13824K(13824K)->15680K(21504K)
[19.280s][info][gc,heap        ] GC(30) ParOldGen: 51249K(175104K)->51609K(175104K)
[19.280s][info][gc,metaspace   ] GC(30) Metaspace: 34064K(34752K)->34064K(34752K) NonClass: 24881K(25344K)->24881K(25344K) Class: 9182K(9408K)->9182K(9408K)
[19.280s][info][gc             ] GC(30) Pause Young (Allocation Failure) 295M->65M(471M) 33.961ms
[19.280s][info][gc,cpu         ] GC(30) User=0.06s Sys=0.01s Real=0.03s
[19.687s][info][gc,start       ] GC(31) Pause Young (Allocation Failure)
[19.688s][info][gc,heap        ] GC(31) PSYoungGen: 301376K(307200K)->64K(309760K) Eden: 285696K(285696K)->0K(285696K) From: 15680K(21504K)->64K(24064K)
[19.688s][info][gc,heap        ] GC(31) ParOldGen: 51609K(175104K)->51617K(175104K)
[19.688s][info][gc,metaspace   ] GC(31) Metaspace: 34072K(34752K)->34072K(34752K) NonClass: 24887K(25344K)->24887K(25344K) Class: 9185K(9408K)->9185K(9408K)
[19.688s][info][gc             ] GC(31) Pause Young (Allocation Failure) 344M->50M(473M) 0.758ms
[19.688s][info][gc,cpu         ] GC(31) User=0.00s Sys=0.00s Real=0.00s
[20.482s][info][gc,start       ] GC(32) Pause Young (Allocation Failure)
[20.482s][info][gc,heap        ] GC(32) PSYoungGen: 285760K(309760K)->64K(307712K) Eden: 285696K(285696K)->0K(286720K) From: 64K(24064K)->64K(20992K)
[20.482s][info][gc,heap        ] GC(32) ParOldGen: 51617K(175104K)->51625K(175104K)
[20.482s][info][gc,metaspace   ] GC(32) Metaspace: 34072K(34752K)->34072K(34752K) NonClass: 24887K(25344K)->24887K(25344K) Class: 9185K(9408K)->9185K(9408K)
[20.482s][info][gc             ] GC(32) Pause Young (Allocation Failure) 329M->50M(471M) 0.898ms
[20.482s][info][gc,cpu         ] GC(32) User=0.00s Sys=0.00s Real=0.01s
[21.542s][info][gc,start       ] GC(33) Pause Young (Allocation Failure)
[21.542s][info][gc,heap        ] GC(33) PSYoungGen: 286784K(307712K)->64K(309248K) Eden: 286720K(286720K)->0K(286720K) From: 64K(20992K)->64K(22528K)
[21.543s][info][gc,heap        ] GC(33) ParOldGen: 51625K(175104K)->51641K(175104K)
[21.543s][info][gc,metaspace   ] GC(33) Metaspace: 34083K(34752K)->34083K(34752K) NonClass: 24898K(25344K)->24898K(25344K) Class: 9185K(9408K)->9185K(9408K)
[21.543s][info][gc             ] GC(33) Pause Young (Allocation Failure) 330M->50M(473M) 1.008ms
[21.543s][info][gc,cpu         ] GC(33) User=0.00s Sys=0.00s Real=0.01s
[21.816s][info][gc,start       ] GC(34) Pause Young (Allocation Failure)
[21.817s][info][gc,heap        ] GC(34) PSYoungGen: 286784K(309248K)->64K(309760K) Eden: 286720K(286720K)->0K(289792K) From: 64K(22528K)->64K(19968K)
[21.817s][info][gc,heap        ] GC(34) ParOldGen: 51641K(175104K)->51657K(175104K)
[21.817s][info][gc,metaspace   ] GC(34) Metaspace: 34083K(34752K)->34083K(34752K) NonClass: 24898K(25344K)->24898K(25344K) Class: 9185K(9408K)->9185K(9408K)
[21.817s][info][gc             ] GC(34) Pause Young (Allocation Failure) 330M->50M(473M) 0.898ms
[21.817s][info][gc,cpu         ] GC(34) User=0.00s Sys=0.00s Real=0.00s
[22.093s][info][gc,start       ] GC(35) Pause Young (Allocation Failure)
[22.094s][info][gc,heap        ] GC(35) PSYoungGen: 289856K(309760K)->64K(310784K) Eden: 289792K(289792K)->0K(289792K) From: 64K(19968K)->64K(20992K)
[22.094s][info][gc,heap        ] GC(35) ParOldGen: 51657K(175104K)->51657K(175104K)
[22.094s][info][gc,metaspace   ] GC(35) Metaspace: 34083K(34752K)->34083K(34752K) NonClass: 24898K(25344K)->24898K(25344K) Class: 9185K(9408K)->9185K(9408K)
[22.094s][info][gc             ] GC(35) Pause Young (Allocation Failure) 333M->50M(474M) 0.786ms
[22.094s][info][gc,cpu         ] GC(35) User=0.00s Sys=0.00s Real=0.00s
[22.779s][info][gc,start       ] GC(36) Pause Young (Allocation Failure)
[22.780s][info][gc,heap        ] GC(36) PSYoungGen: 289856K(310784K)->64K(310784K) Eden: 289792K(289792K)->0K(292864K) From: 64K(20992K)->64K(17920K)
[22.780s][info][gc,heap        ] GC(36) ParOldGen: 51657K(175104K)->51657K(175104K)
[22.780s][info][gc,metaspace   ] GC(36) Metaspace: 34094K(34752K)->34094K(34752K) NonClass: 24909K(25344K)->24909K(25344K) Class: 9185K(9408K)->9185K(9408K)
[22.780s][info][gc             ] GC(36) Pause Young (Allocation Failure) 333M->50M(474M) 1.114ms
[22.780s][info][gc,cpu         ] GC(36) User=0.00s Sys=0.00s Real=0.00s
[22.847s][info][gc,start       ] GC(37) Pause Young (Allocation Failure)
[22.848s][info][gc,heap        ] GC(37) PSYoungGen: 292928K(310784K)->32K(311808K) Eden: 292864K(292864K)->0K(292864K) From: 64K(17920K)->32K(18944K)
[22.848s][info][gc,heap        ] GC(37) ParOldGen: 51657K(175104K)->51673K(175104K)
[22.848s][info][gc,metaspace   ] GC(37) Metaspace: 34094K(34752K)->34094K(34752K) NonClass: 24909K(25344K)->24909K(25344K) Class: 9185K(9408K)->9185K(9408K)
[22.848s][info][gc             ] GC(37) Pause Young (Allocation Failure) 336M->50M(475M) 1.014ms
[22.848s][info][gc,cpu         ] GC(37) User=0.00s Sys=0.00s Real=0.00s
[22.919s][info][gc,start       ] GC(38) Pause Young (Allocation Failure)
[22.920s][info][gc,heap        ] GC(38) PSYoungGen: 292896K(311808K)->64K(312832K) Eden: 292864K(292864K)->0K(296960K) From: 32K(18944K)->64K(15872K)
[22.920s][info][gc,heap        ] GC(38) ParOldGen: 51673K(175104K)->51673K(175104K)
[22.920s][info][gc,metaspace   ] GC(38) Metaspace: 34095K(34752K)->34095K(34752K) NonClass: 24910K(25344K)->24910K(25344K) Class: 9185K(9408K)->9185K(9408K)
[22.920s][info][gc             ] GC(38) Pause Young (Allocation Failure) 336M->50M(476M) 1.087ms
[22.920s][info][gc,cpu         ] GC(38) User=0.00s Sys=0.00s Real=0.00s
[23.180s][info][gc,start       ] GC(39) Pause Young (Allocation Failure)
[23.181s][info][gc,heap        ] GC(39) PSYoungGen: 297024K(312832K)->32K(285696K) Eden: 296960K(296960K)->0K(285184K) From: 64K(15872K)->32K(512K)
[23.181s][info][gc,heap        ] GC(39) ParOldGen: 51673K(175104K)->51689K(175104K)
[23.181s][info][gc,metaspace   ] GC(39) Metaspace: 34095K(34752K)->34095K(34752K) NonClass: 24910K(25344K)->24910K(25344K) Class: 9185K(9408K)->9185K(9408K)
[23.181s][info][gc             ] GC(39) Pause Young (Allocation Failure) 340M->50M(450M) 1.531ms
[23.181s][info][gc,cpu         ] GC(39) User=0.00s Sys=0.00s Real=0.00s
[23.439s][info][gc,start       ] GC(40) Pause Young (Allocation Failure)
[23.440s][info][gc,heap        ] GC(40) PSYoungGen: 285216K(285696K)->64K(277504K) Eden: 285184K(285184K)->0K(273920K) From: 32K(512K)->64K(3584K)
[23.440s][info][gc,heap        ] GC(40) ParOldGen: 51689K(175104K)->51689K(175104K)
[23.440s][info][gc,metaspace   ] GC(40) Metaspace: 34095K(34752K)->34095K(34752K) NonClass: 24910K(25344K)->24910K(25344K) Class: 9185K(9408K)->9185K(9408K)
[23.440s][info][gc             ] GC(40) Pause Young (Allocation Failure) 329M->50M(442M) 1.050ms
[23.440s][info][gc,cpu         ] GC(40) User=0.00s Sys=0.00s Real=0.00s
[23.606s][info][gc,start       ] GC(41) Pause Young (Allocation Failure)
[23.606s][info][gc,heap        ] GC(41) PSYoungGen: 273984K(277504K)->64K(263680K) Eden: 273920K(273920K)->0K(263168K) From: 64K(3584K)->64K(512K)
[23.606s][info][gc,heap        ] GC(41) ParOldGen: 51689K(175104K)->51705K(175104K)
[23.606s][info][gc,metaspace   ] GC(41) Metaspace: 34116K(34816K)->34116K(34816K) NonClass: 24931K(25408K)->24931K(25408K) Class: 9185K(9408K)->9185K(9408K)
[23.606s][info][gc             ] GC(41) Pause Young (Allocation Failure) 318M->50M(428M) 0.566ms
[23.606s][info][gc,cpu         ] GC(41) User=0.00s Sys=0.00s Real=0.00s
[23.758s][info][gc,start       ] GC(42) Pause Young (Allocation Failure)
[23.760s][info][gc,heap        ] GC(42) PSYoungGen: 263232K(263680K)->64K(253440K) Eden: 263168K(263168K)->0K(252928K) From: 64K(512K)->64K(512K)
[23.760s][info][gc,heap        ] GC(42) ParOldGen: 51705K(175104K)->51713K(175104K)
[23.760s][info][gc,metaspace   ] GC(42) Metaspace: 34116K(34816K)->34116K(34816K) NonClass: 24931K(25408K)->24931K(25408K) Class: 9185K(9408K)->9185K(9408K)
[23.760s][info][gc             ] GC(42) Pause Young (Allocation Failure) 307M->50M(418M) 1.393ms
[23.760s][info][gc,cpu         ] GC(42) User=0.00s Sys=0.00s Real=0.00s
[24.171s][info][gc,start       ] GC(43) Pause Young (Allocation Failure)
[24.172s][info][gc,heap        ] GC(43) PSYoungGen: 252992K(253440K)->64K(256512K) Eden: 252928K(252928K)->0K(243200K) From: 64K(512K)->64K(13312K)
[24.172s][info][gc,heap        ] GC(43) ParOldGen: 51713K(175104K)->51721K(175104K)
[24.172s][info][gc,metaspace   ] GC(43) Metaspace: 34116K(34816K)->34116K(34816K) NonClass: 24931K(25408K)->24931K(25408K) Class: 9185K(9408K)->9185K(9408K)
[24.172s][info][gc             ] GC(43) Pause Young (Allocation Failure) 297M->50M(421M) 0.679ms
[24.172s][info][gc,cpu         ] GC(43) User=0.00s Sys=0.00s Real=0.01s
[25.230s][info][gc,start       ] GC(44) Pause Young (Allocation Failure)
[25.232s][info][gc,heap        ] GC(44) PSYoungGen: 243264K(256512K)->64K(234496K) Eden: 243200K(243200K)->0K(233984K) From: 64K(13312K)->64K(512K)
[25.232s][info][gc,heap        ] GC(44) ParOldGen: 51721K(175104K)->51729K(175104K)
[25.232s][info][gc,metaspace   ] GC(44) Metaspace: 34144K(34816K)->34144K(34816K) NonClass: 24958K(25408K)->24958K(25408K) Class: 9185K(9408K)->9185K(9408K)
[25.232s][info][gc             ] GC(44) Pause Young (Allocation Failure) 288M->50M(400M) 1.758ms
[25.232s][info][gc,cpu         ] GC(44) User=0.00s Sys=0.00s Real=0.00s
[26.355s][info][gc,start       ] GC(45) Pause Young (Allocation Failure)
[26.356s][info][gc,heap        ] GC(45) PSYoungGen: 234048K(234496K)->64K(237056K) Eden: 233984K(233984K)->0K(225280K) From: 64K(512K)->64K(11776K)
[26.356s][info][gc,heap        ] GC(45) ParOldGen: 51729K(175104K)->51737K(175104K)
[26.356s][info][gc,metaspace   ] GC(45) Metaspace: 34144K(34816K)->34144K(34816K) NonClass: 24958K(25408K)->24958K(25408K) Class: 9185K(9408K)->9185K(9408K)
[26.356s][info][gc             ] GC(45) Pause Young (Allocation Failure) 279M->50M(402M) 0.758ms
[26.356s][info][gc,cpu         ] GC(45) User=0.00s Sys=0.00s Real=0.00s
[26.662s][info][gc,start       ] GC(46) Pause Young (Allocation Failure)
[26.664s][info][gc,heap        ] GC(46) PSYoungGen: 225344K(237056K)->64K(217088K) Eden: 225280K(225280K)->0K(216576K) From: 64K(11776K)->64K(512K)
[26.664s][info][gc,heap        ] GC(46) ParOldGen: 51737K(175104K)->51753K(175104K)
[26.664s][info][gc,metaspace   ] GC(46) Metaspace: 34144K(34816K)->34144K(34816K) NonClass: 24958K(25408K)->24958K(25408K) Class: 9185K(9408K)->9185K(9408K)
[26.664s][info][gc             ] GC(46) Pause Young (Allocation Failure) 270M->50M(383M) 1.709ms
[26.664s][info][gc,cpu         ] GC(46) User=0.00s Sys=0.00s Real=0.00s
[27.168s][info][gc,start       ] GC(47) Pause Young (Allocation Failure)
[27.169s][info][gc,heap        ] GC(47) PSYoungGen: 216640K(217088K)->64K(218624K) Eden: 216576K(216576K)->0K(208384K) From: 64K(512K)->64K(10240K)
[27.169s][info][gc,heap        ] GC(47) ParOldGen: 51753K(175104K)->51769K(175104K)
[27.169s][info][gc,metaspace   ] GC(47) Metaspace: 34144K(34816K)->34144K(34816K) NonClass: 24958K(25408K)->24958K(25408K) Class: 9185K(9408K)->9185K(9408K)
[27.169s][info][gc             ] GC(47) Pause Young (Allocation Failure) 262M->50M(384M) 1.090ms
[27.169s][info][gc,cpu         ] GC(47) User=0.00s Sys=0.00s Real=0.00s
[29.232s][info][gc,start       ] GC(48) Pause Young (Allocation Failure)
[29.234s][info][gc,heap        ] GC(48) PSYoungGen: 208448K(218624K)->64K(201216K) Eden: 208384K(208384K)->0K(200704K) From: 64K(10240K)->64K(512K)
[29.234s][info][gc,heap        ] GC(48) ParOldGen: 51769K(175104K)->51785K(175104K)
[29.234s][info][gc,metaspace   ] GC(48) Metaspace: 34144K(34816K)->34144K(34816K) NonClass: 24959K(25408K)->24959K(25408K) Class: 9185K(9408K)->9185K(9408K)
[29.234s][info][gc             ] GC(48) Pause Young (Allocation Failure) 254M->50M(367M) 2.033ms
[29.234s][info][gc,cpu         ] GC(48) User=0.00s Sys=0.00s Real=0.00s
[30.149s][info][gc,start       ] GC(49) Pause Young (Allocation Failure)
[30.150s][info][gc,heap        ] GC(49) PSYoungGen: 200768K(201216K)->64K(202752K) Eden: 200704K(200704K)->0K(193536K) From: 64K(512K)->64K(9216K)
[30.150s][info][gc,heap        ] GC(49) ParOldGen: 51785K(175104K)->51801K(175104K)
[30.150s][info][gc,metaspace   ] GC(49) Metaspace: 34144K(34816K)->34144K(34816K) NonClass: 24959K(25408K)->24959K(25408K) Class: 9185K(9408K)->9185K(9408K)
[30.150s][info][gc             ] GC(49) Pause Young (Allocation Failure) 246M->50M(369M) 1.111ms
[30.150s][info][gc,cpu         ] GC(49) User=0.00s Sys=0.00s Real=0.00s
[30.449s][info][gc,start       ] GC(50) Pause Young (Allocation Failure)
[30.450s][info][gc,heap        ] GC(50) PSYoungGen: 193600K(202752K)->64K(186880K) Eden: 193536K(193536K)->0K(186368K) From: 64K(9216K)->64K(512K)
[30.450s][info][gc,heap        ] GC(50) ParOldGen: 51801K(175104K)->51817K(175104K)
[30.450s][info][gc,metaspace   ] GC(50) Metaspace: 34144K(34816K)->34144K(34816K) NonClass: 24959K(25408K)->24959K(25408K) Class: 9185K(9408K)->9185K(9408K)
[30.450s][info][gc             ] GC(50) Pause Young (Allocation Failure) 239M->50M(353M) 1.543ms
[30.450s][info][gc,cpu         ] GC(50) User=0.00s Sys=0.00s Real=0.00s
[30.553s][info][gc,start       ] GC(51) Pause Young (Allocation Failure)
[30.554s][info][gc,heap        ] GC(51) PSYoungGen: 186432K(186880K)->64K(187392K) Eden: 186368K(186368K)->0K(179712K) From: 64K(512K)->64K(7680K)
[30.554s][info][gc,heap        ] GC(51) ParOldGen: 51817K(175104K)->51833K(175104K)
[30.554s][info][gc,metaspace   ] GC(51) Metaspace: 34144K(34816K)->34144K(34816K) NonClass: 24959K(25408K)->24959K(25408K) Class: 9185K(9408K)->9185K(9408K)
[30.554s][info][gc             ] GC(51) Pause Young (Allocation Failure) 232M->50M(354M) 0.549ms
[30.554s][info][gc,cpu         ] GC(51) User=0.00s Sys=0.00s Real=0.00s
[30.965s][info][gc,start       ] GC(52) Pause Young (Allocation Failure)
[30.967s][info][gc,heap        ] GC(52) PSYoungGen: 179776K(187392K)->32K(174080K) Eden: 179712K(179712K)->0K(173568K) From: 64K(7680K)->32K(512K)
[30.967s][info][gc,heap        ] GC(52) ParOldGen: 51833K(175104K)->51841K(175104K)
[30.967s][info][gc,metaspace   ] GC(52) Metaspace: 34146K(34816K)->34146K(34816K) NonClass: 24961K(25408K)->24961K(25408K) Class: 9185K(9408K)->9185K(9408K)
[30.967s][info][gc             ] GC(52) Pause Young (Allocation Failure) 226M->50M(341M) 1.945ms
[30.967s][info][gc,cpu         ] GC(52) User=0.01s Sys=0.00s Real=0.00s
[31.394s][info][gc,start       ] GC(53) Pause Young (Allocation Failure)
[31.395s][info][gc,heap        ] GC(53) PSYoungGen: 173600K(174080K)->64K(174080K) Eden: 173568K(173568K)->0K(167424K) From: 32K(512K)->64K(6656K)
[31.395s][info][gc,heap        ] GC(53) ParOldGen: 51841K(175104K)->51857K(175104K)
[31.395s][info][gc,metaspace   ] GC(53) Metaspace: 34146K(34816K)->34146K(34816K) NonClass: 24961K(25408K)->24961K(25408K) Class: 9185K(9408K)->9185K(9408K)
[31.395s][info][gc             ] GC(53) Pause Young (Allocation Failure) 220M->50M(341M) 1.344ms
[31.395s][info][gc,cpu         ] GC(53) User=0.00s Sys=0.00s Real=0.00s
[31.571s][info][gc,start       ] GC(54) Pause Young (Allocation Failure)
[31.573s][info][gc,heap        ] GC(54) PSYoungGen: 167488K(174080K)->64K(162304K) Eden: 167424K(167424K)->0K(161792K) From: 64K(6656K)->64K(512K)
[31.573s][info][gc,heap        ] GC(54) ParOldGen: 51857K(175104K)->51865K(175104K)
[31.573s][info][gc,metaspace   ] GC(54) Metaspace: 34146K(34816K)->34146K(34816K) NonClass: 24961K(25408K)->24961K(25408K) Class: 9185K(9408K)->9185K(9408K)
[31.573s][info][gc             ] GC(54) Pause Young (Allocation Failure) 214M->50M(329M) 1.567ms
[31.573s][info][gc,cpu         ] GC(54) User=0.00s Sys=0.00s Real=0.01s
[31.895s][info][gc,start       ] GC(55) Pause Young (Allocation Failure)
[31.912s][info][gc,heap        ] GC(55) PSYoungGen: 161856K(162304K)->5632K(201728K) Eden: 161792K(161792K)->0K(196096K) From: 64K(512K)->5632K(5632K)
[31.912s][info][gc,heap        ] GC(55) ParOldGen: 51865K(175104K)->53273K(175104K)
[31.912s][info][gc,metaspace   ] GC(55) Metaspace: 34146K(34816K)->34146K(34816K) NonClass: 24961K(25408K)->24961K(25408K) Class: 9185K(9408K)->9185K(9408K)
[31.912s][info][gc             ] GC(55) Pause Young (Allocation Failure) 208M->57M(368M) 17.134ms
[31.912s][info][gc,cpu         ] GC(55) User=0.02s Sys=0.00s Real=0.01s
[32.164s][info][gc,start       ] GC(56) Pause Young (Allocation Failure)
[32.207s][info][gc,heap        ] GC(56) PSYoungGen: 201728K(201728K)->5632K(220672K) Eden: 196096K(196096K)->0K(215040K) From: 5632K(5632K)->5632K(5632K)
[32.207s][info][gc,heap        ] GC(56) ParOldGen: 53273K(175104K)->69769K(175104K)
[32.207s][info][gc,metaspace   ] GC(56) Metaspace: 34146K(34816K)->34146K(34816K) NonClass: 24961K(25408K)->24961K(25408K) Class: 9185K(9408K)->9185K(9408K)
[32.207s][info][gc             ] GC(56) Pause Young (Allocation Failure) 249M->73M(386M) 43.172ms
[32.207s][info][gc,cpu         ] GC(56) User=0.08s Sys=0.01s Real=0.04s
[32.485s][info][gc,start       ] GC(57) Pause Young (Allocation Failure)
[32.531s][info][gc,heap        ] GC(57) PSYoungGen: 220672K(220672K)->14848K(229888K) Eden: 215040K(215040K)->0K(215040K) From: 5632K(5632K)->14848K(14848K)
[32.531s][info][gc,heap        ] GC(57) ParOldGen: 69769K(175104K)->79593K(175104K)
[32.531s][info][gc,metaspace   ] GC(57) Metaspace: 34146K(34816K)->34146K(34816K) NonClass: 24961K(25408K)->24961K(25408K) Class: 9185K(9408K)->9185K(9408K)
[32.531s][info][gc             ] GC(57) Pause Young (Allocation Failure) 283M->92M(395M) 45.784ms
[32.531s][info][gc,cpu         ] GC(57) User=0.08s Sys=0.01s Real=0.04s
[32.711s][info][gc,start       ] GC(58) Pause Young (Allocation Failure)
[32.732s][info][gc,heap        ] GC(58) PSYoungGen: 229888K(229888K)->9312K(279552K) Eden: 215040K(215040K)->0K(258048K) From: 14848K(14848K)->9312K(21504K)
[32.732s][info][gc,heap        ] GC(58) ParOldGen: 79593K(175104K)->79849K(175104K)
[32.732s][info][gc,metaspace   ] GC(58) Metaspace: 34146K(34816K)->34146K(34816K) NonClass: 24961K(25408K)->24961K(25408K) Class: 9185K(9408K)->9185K(9408K)
[32.732s][info][gc             ] GC(58) Pause Young (Allocation Failure) 302M->87M(444M) 20.825ms
[32.732s][info][gc,cpu         ] GC(58) User=0.03s Sys=0.01s Real=0.02s
[33.129s][info][gc,start       ] GC(59) Pause Young (Allocation Failure)
[33.130s][info][gc,heap        ] GC(59) PSYoungGen: 267360K(279552K)->64K(279552K) Eden: 258048K(258048K)->0K(258048K) From: 9312K(21504K)->64K(21504K)
[33.130s][info][gc,heap        ] GC(59) ParOldGen: 79849K(175104K)->79857K(175104K)
[33.130s][info][gc,metaspace   ] GC(59) Metaspace: 34146K(34816K)->34146K(34816K) NonClass: 24961K(25408K)->24961K(25408K) Class: 9185K(9408K)->9185K(9408K)
[33.130s][info][gc             ] GC(59) Pause Young (Allocation Failure) 339M->78M(444M) 0.735ms
[33.130s][info][gc,cpu         ] GC(59) User=0.00s Sys=0.00s Real=0.00s
[33.837s][info][gc,start       ] GC(60) Pause Young (Allocation Failure)
[33.837s][info][gc,heap        ] GC(60) PSYoungGen: 258112K(279552K)->64K(311808K) Eden: 258048K(258048K)->0K(291328K) From: 64K(21504K)->64K(20480K)
[33.837s][info][gc,heap        ] GC(60) ParOldGen: 79857K(175104K)->79865K(175104K)
[33.837s][info][gc,metaspace   ] GC(60) Metaspace: 34146K(34816K)->34146K(34816K) NonClass: 24961K(25408K)->24961K(25408K) Class: 9185K(9408K)->9185K(9408K)
[33.837s][info][gc             ] GC(60) Pause Young (Allocation Failure) 330M->78M(475M) 0.782ms
[33.837s][info][gc,cpu         ] GC(60) User=0.00s Sys=0.00s Real=0.00s
[34.851s][info][gc,start       ] GC(61) Pause Young (Allocation Failure)
[34.852s][info][gc,heap        ] GC(61) PSYoungGen: 291392K(311808K)->64K(311808K) Eden: 291328K(291328K)->0K(291328K) From: 64K(20480K)->64K(20480K)
[34.852s][info][gc,heap        ] GC(61) ParOldGen: 79865K(175104K)->79881K(175104K)
[34.852s][info][gc,metaspace   ] GC(61) Metaspace: 34168K(34880K)->34168K(34880K) NonClass: 24983K(25472K)->24983K(25472K) Class: 9185K(9408K)->9185K(9408K)
[34.852s][info][gc             ] GC(61) Pause Young (Allocation Failure) 362M->78M(475M) 1.038ms
[34.852s][info][gc,cpu         ] GC(61) User=0.00s Sys=0.00s Real=0.00s
[35.128s][info][gc,start       ] GC(62) Pause Young (Allocation Failure)
[35.129s][info][gc,heap        ] GC(62) PSYoungGen: 291392K(311808K)->64K(312832K) Eden: 291328K(291328K)->0K(293376K) From: 64K(20480K)->64K(19456K)
[35.129s][info][gc,heap        ] GC(62) ParOldGen: 79881K(175104K)->79897K(175104K)
[35.129s][info][gc,metaspace   ] GC(62) Metaspace: 34168K(34880K)->34168K(34880K) NonClass: 24983K(25472K)->24983K(25472K) Class: 9185K(9408K)->9185K(9408K)
[35.129s][info][gc             ] GC(62) Pause Young (Allocation Failure) 362M->78M(476M) 0.876ms
[35.129s][info][gc,cpu         ] GC(62) User=0.00s Sys=0.00s Real=0.00s
[35.409s][info][gc,start       ] GC(63) Pause Young (Allocation Failure)
[35.410s][info][gc,heap        ] GC(63) PSYoungGen: 293440K(312832K)->64K(312320K) Eden: 293376K(293376K)->0K(293376K) From: 64K(19456K)->64K(18944K)
[35.410s][info][gc,heap        ] GC(63) ParOldGen: 79897K(175104K)->79897K(175104K)
[35.410s][info][gc,metaspace   ] GC(63) Metaspace: 34168K(34880K)->34168K(34880K) NonClass: 24983K(25472K)->24983K(25472K) Class: 9185K(9408K)->9185K(9408K)
[35.410s][info][gc             ] GC(63) Pause Young (Allocation Failure) 364M->78M(476M) 0.836ms
[35.410s][info][gc,cpu         ] GC(63) User=0.00s Sys=0.00s Real=0.00s
[35.825s][info][gc,start       ] GC(64) Pause Young (Allocation Failure)
[35.825s][info][gc,heap        ] GC(64) PSYoungGen: 293440K(312320K)->64K(313856K) Eden: 293376K(293376K)->0K(296448K) From: 64K(18944K)->64K(17408K)
[35.825s][info][gc,heap        ] GC(64) ParOldGen: 79897K(175104K)->79897K(175104K)
[35.825s][info][gc,metaspace   ] GC(64) Metaspace: 34184K(34880K)->34184K(34880K) NonClass: 24999K(25472K)->24999K(25472K) Class: 9185K(9408K)->9185K(9408K)
[35.825s][info][gc             ] GC(64) Pause Young (Allocation Failure) 364M->78M(477M) 0.791ms
[35.825s][info][gc,cpu         ] GC(64) User=0.01s Sys=0.00s Real=0.00s
[35.895s][info][gc,start       ] GC(65) Pause Young (Allocation Failure)
[35.896s][info][gc,heap        ] GC(65) PSYoungGen: 296512K(313856K)->64K(313344K) Eden: 296448K(296448K)->0K(296448K) From: 64K(17408K)->64K(16896K)
[35.896s][info][gc,heap        ] GC(65) ParOldGen: 79897K(175104K)->79913K(175104K)
[35.896s][info][gc,metaspace   ] GC(65) Metaspace: 34184K(34880K)->34184K(34880K) NonClass: 24999K(25472K)->24999K(25472K) Class: 9185K(9408K)->9185K(9408K)
[35.896s][info][gc             ] GC(65) Pause Young (Allocation Failure) 367M->78M(477M) 0.760ms
[35.896s][info][gc,cpu         ] GC(65) User=0.00s Sys=0.00s Real=0.00s
[35.975s][info][gc,start       ] GC(66) Pause Young (Allocation Failure)
[35.975s][info][gc,heap        ] GC(66) PSYoungGen: 296512K(313344K)->64K(315904K) Eden: 296448K(296448K)->0K(300544K) From: 64K(16896K)->64K(15360K)
[35.975s][info][gc,heap        ] GC(66) ParOldGen: 79913K(175104K)->79913K(175104K)
[35.975s][info][gc,metaspace   ] GC(66) Metaspace: 34185K(34880K)->34185K(34880K) NonClass: 25000K(25472K)->25000K(25472K) Class: 9185K(9408K)->9185K(9408K)
[35.975s][info][gc             ] GC(66) Pause Young (Allocation Failure) 367M->78M(479M) 0.611ms
[35.975s][info][gc,cpu         ] GC(66) User=0.00s Sys=0.00s Real=0.00s
[36.241s][info][gc,start       ] GC(67) Pause Young (Allocation Failure)
[36.241s][info][gc,heap        ] GC(67) PSYoungGen: 300608K(315904K)->64K(288768K) Eden: 300544K(300544K)->0K(288256K) From: 64K(15360K)->64K(512K)
[36.241s][info][gc,heap        ] GC(67) ParOldGen: 79913K(175104K)->79929K(175104K)
[36.241s][info][gc,metaspace   ] GC(67) Metaspace: 34185K(34880K)->34185K(34880K) NonClass: 25000K(25472K)->25000K(25472K) Class: 9185K(9408K)->9185K(9408K)
[36.242s][info][gc             ] GC(67) Pause Young (Allocation Failure) 371M->78M(453M) 0.766ms
[36.242s][info][gc,cpu         ] GC(67) User=0.00s Sys=0.00s Real=0.00s
[36.495s][info][gc,start       ] GC(68) Pause Young (Allocation Failure)
[36.496s][info][gc,heap        ] GC(68) PSYoungGen: 288320K(288768K)->64K(279040K) Eden: 288256K(288256K)->0K(276992K) From: 64K(512K)->64K(2048K)
[36.496s][info][gc,heap        ] GC(68) ParOldGen: 79929K(175104K)->79929K(175104K)
[36.496s][info][gc,metaspace   ] GC(68) Metaspace: 34185K(34880K)->34185K(34880K) NonClass: 25000K(25472K)->25000K(25472K) Class: 9185K(9408K)->9185K(9408K)
[36.496s][info][gc             ] GC(68) Pause Young (Allocation Failure) 359M->78M(443M) 0.753ms
[36.496s][info][gc,cpu         ] GC(68) User=0.00s Sys=0.00s Real=0.00s
[36.583s][info][gc,start       ] GC(69) Pause Young (Allocation Failure)
[36.584s][info][gc,heap        ] GC(69) PSYoungGen: 277056K(279040K)->64K(266752K) Eden: 276992K(276992K)->0K(266240K) From: 64K(2048K)->64K(512K)
[36.584s][info][gc,heap        ] GC(69) ParOldGen: 79929K(175104K)->79945K(175104K)
[36.584s][info][gc,metaspace   ] GC(69) Metaspace: 34185K(34880K)->34185K(34880K) NonClass: 25000K(25472K)->25000K(25472K) Class: 9185K(9408K)->9185K(9408K)
[36.584s][info][gc             ] GC(69) Pause Young (Allocation Failure) 348M->78M(431M) 0.721ms
[36.584s][info][gc,cpu         ] GC(69) User=0.00s Sys=0.00s Real=0.00s
[36.759s][info][gc,start       ] GC(70) Pause Young (Allocation Failure)
[36.761s][info][gc,heap        ] GC(70) PSYoungGen: 266304K(266752K)->64K(256512K) Eden: 266240K(266240K)->0K(256000K) From: 64K(512K)->64K(512K)
[36.761s][info][gc,heap        ] GC(70) ParOldGen: 79945K(175104K)->79945K(175104K)
[36.761s][info][gc,metaspace   ] GC(70) Metaspace: 34185K(34880K)->34185K(34880K) NonClass: 25000K(25472K)->25000K(25472K) Class: 9185K(9408K)->9185K(9408K)
[36.761s][info][gc             ] GC(70) Pause Young (Allocation Failure) 338M->78M(421M) 1.476ms
[36.761s][info][gc,cpu         ] GC(70) User=0.00s Sys=0.00s Real=0.00s
[37.278s][info][gc,start       ] GC(71) Pause Young (Allocation Failure)
[37.279s][info][gc,heap        ] GC(71) PSYoungGen: 256064K(256512K)->64K(258560K) Eden: 256000K(256000K)->0K(246272K) From: 64K(512K)->64K(12288K)
[37.279s][info][gc,heap        ] GC(71) ParOldGen: 79945K(175104K)->79953K(175104K)
[37.279s][info][gc,metaspace   ] GC(71) Metaspace: 34201K(34880K)->34201K(34880K) NonClass: 25016K(25472K)->25016K(25472K) Class: 9185K(9408K)->9185K(9408K)
[37.279s][info][gc             ] GC(71) Pause Young (Allocation Failure) 328M->78M(423M) 0.752ms
[37.279s][info][gc,cpu         ] GC(71) User=0.00s Sys=0.00s Real=0.00s
[37.955s][info][gc,start       ] GC(72) Pause Young (Allocation Failure)
[37.957s][info][gc,heap        ] GC(72) PSYoungGen: 246336K(258560K)->100K(237568K) Eden: 246272K(246272K)->0K(237056K) From: 64K(12288K)->100K(512K)
[37.957s][info][gc,heap        ] GC(72) ParOldGen: 79953K(175104K)->79961K(175104K)
[37.957s][info][gc,metaspace   ] GC(72) Metaspace: 34201K(34880K)->34201K(34880K) NonClass: 25016K(25472K)->25016K(25472K) Class: 9185K(9408K)->9185K(9408K)
[37.957s][info][gc             ] GC(72) Pause Young (Allocation Failure) 318M->78M(403M) 1.868ms
[37.957s][info][gc,cpu         ] GC(72) User=0.00s Sys=0.00s Real=0.00s
[39.130s][info][gc,start       ] GC(73) Pause Young (Allocation Failure)
[39.131s][info][gc,heap        ] GC(73) PSYoungGen: 237156K(237568K)->64K(238592K) Eden: 237056K(237056K)->0K(227840K) From: 100K(512K)->64K(10752K)
[39.131s][info][gc,heap        ] GC(73) ParOldGen: 79961K(175104K)->79977K(175104K)
[39.131s][info][gc,metaspace   ] GC(73) Metaspace: 34203K(34880K)->34203K(34880K) NonClass: 25018K(25472K)->25018K(25472K) Class: 9185K(9408K)->9185K(9408K)
[39.131s][info][gc             ] GC(73) Pause Young (Allocation Failure) 309M->78M(404M) 1.371ms
[39.131s][info][gc,cpu         ] GC(73) User=0.00s Sys=0.00s Real=0.00s
[39.477s][info][gc,start       ] GC(74) Pause Young (Allocation Failure)
[39.479s][info][gc,heap        ] GC(74) PSYoungGen: 227904K(238592K)->64K(219648K) Eden: 227840K(227840K)->0K(219136K) From: 64K(10752K)->64K(512K)
[39.479s][info][gc,heap        ] GC(74) ParOldGen: 79977K(175104K)->79993K(175104K)
[39.479s][info][gc,metaspace   ] GC(74) Metaspace: 34203K(34880K)->34203K(34880K) NonClass: 25018K(25472K)->25018K(25472K) Class: 9185K(9408K)->9185K(9408K)
[39.479s][info][gc             ] GC(74) Pause Young (Allocation Failure) 300M->78M(385M) 2.018ms
[39.479s][info][gc,cpu         ] GC(74) User=0.00s Sys=0.00s Real=0.00s
[40.214s][info][gc,start       ] GC(75) Pause Young (Allocation Failure)
[40.215s][info][gc,heap        ] GC(75) PSYoungGen: 219200K(219648K)->64K(220160K) Eden: 219136K(219136K)->0K(210944K) From: 64K(512K)->64K(9216K)
[40.215s][info][gc,heap        ] GC(75) ParOldGen: 79993K(175104K)->80009K(175104K)
[40.215s][info][gc,metaspace   ] GC(75) Metaspace: 34203K(34880K)->34203K(34880K) NonClass: 25018K(25472K)->25018K(25472K) Class: 9185K(9408K)->9185K(9408K)
[40.215s][info][gc             ] GC(75) Pause Young (Allocation Failure) 292M->78M(386M) 1.289ms
[40.215s][info][gc,cpu         ] GC(75) User=0.01s Sys=0.00s Real=0.00s
[41.921s][info][gc,start       ] GC(76) Pause Young (Allocation Failure)
[41.923s][info][gc,heap        ] GC(76) PSYoungGen: 211008K(220160K)->64K(203776K) Eden: 210944K(210944K)->0K(203264K) From: 64K(9216K)->64K(512K)
[41.923s][info][gc,heap        ] GC(76) ParOldGen: 80009K(175104K)->80025K(175104K)
[41.923s][info][gc,metaspace   ] GC(76) Metaspace: 34321K(35008K)->34321K(35008K) NonClass: 25136K(25600K)->25136K(25600K) Class: 9185K(9408K)->9185K(9408K)
[41.923s][info][gc             ] GC(76) Pause Young (Allocation Failure) 284M->78M(370M) 2.062ms
[41.923s][info][gc,cpu         ] GC(76) User=0.00s Sys=0.00s Real=0.01s
[42.766s][info][gc,start       ] GC(77) Pause Young (Allocation Failure)
[42.767s][info][gc,heap        ] GC(77) PSYoungGen: 203328K(203776K)->64K(203776K) Eden: 203264K(203264K)->0K(195584K) From: 64K(512K)->64K(8192K)
[42.767s][info][gc,heap        ] GC(77) ParOldGen: 80025K(175104K)->80041K(175104K)
[42.767s][info][gc,metaspace   ] GC(77) Metaspace: 34321K(35008K)->34321K(35008K) NonClass: 25136K(25600K)->25136K(25600K) Class: 9185K(9408K)->9185K(9408K)
[42.767s][info][gc             ] GC(77) Pause Young (Allocation Failure) 276M->78M(370M) 1.256ms
[42.767s][info][gc,cpu         ] GC(77) User=0.00s Sys=0.00s Real=0.00s
[43.035s][info][gc,start       ] GC(78) Pause Young (Allocation Failure)
[43.037s][info][gc,heap        ] GC(78) PSYoungGen: 195648K(203776K)->64K(188928K) Eden: 195584K(195584K)->0K(188416K) From: 64K(8192K)->64K(512K)
[43.037s][info][gc,heap        ] GC(78) ParOldGen: 80041K(175104K)->80057K(175104K)
[43.037s][info][gc,metaspace   ] GC(78) Metaspace: 34321K(35008K)->34321K(35008K) NonClass: 25136K(25600K)->25136K(25600K) Class: 9185K(9408K)->9185K(9408K)
[43.037s][info][gc             ] GC(78) Pause Young (Allocation Failure) 269M->78M(355M) 1.469ms
[43.037s][info][gc,cpu         ] GC(78) User=0.00s Sys=0.00s Real=0.00s
[43.182s][info][gc,start       ] GC(79) Pause Young (Allocation Failure)
[43.182s][info][gc,heap        ] GC(79) PSYoungGen: 188480K(188928K)->64K(188928K) Eden: 188416K(188416K)->0K(181760K) From: 64K(512K)->64K(7168K)
[43.182s][info][gc,heap        ] GC(79) ParOldGen: 80057K(175104K)->80065K(175104K)
[43.182s][info][gc,metaspace   ] GC(79) Metaspace: 34347K(35072K)->34347K(35072K) NonClass: 25162K(25664K)->25162K(25664K) Class: 9185K(9408K)->9185K(9408K)
[43.182s][info][gc             ] GC(79) Pause Young (Allocation Failure) 262M->78M(355M) 0.824ms
[43.182s][info][gc,cpu         ] GC(79) User=0.00s Sys=0.00s Real=0.01s
[43.618s][info][gc,start       ] GC(80) Pause Young (Allocation Failure)
[43.619s][info][gc,heap        ] GC(80) PSYoungGen: 181824K(188928K)->64K(175616K) Eden: 181760K(181760K)->0K(175104K) From: 64K(7168K)->64K(512K)
[43.620s][info][gc,heap        ] GC(80) ParOldGen: 80065K(175104K)->80073K(175104K)
[43.620s][info][gc,metaspace   ] GC(80) Metaspace: 34347K(35072K)->34347K(35072K) NonClass: 25162K(25664K)->25162K(25664K) Class: 9185K(9408K)->9185K(9408K)
[43.620s][info][gc             ] GC(80) Pause Young (Allocation Failure) 255M->78M(342M) 1.180ms
[43.620s][info][gc,cpu         ] GC(80) User=0.00s Sys=0.00s Real=0.00s
[43.933s][info][gc,start       ] GC(81) Pause Young (Allocation Failure)
[43.934s][info][gc,heap        ] GC(81) PSYoungGen: 175168K(175616K)->64K(175104K) Eden: 175104K(175104K)->0K(168960K) From: 64K(512K)->64K(6144K)
[43.934s][info][gc,heap        ] GC(81) ParOldGen: 80073K(175104K)->80081K(175104K)
[43.934s][info][gc,metaspace   ] GC(81) Metaspace: 34347K(35072K)->34347K(35072K) NonClass: 25162K(25664K)->25162K(25664K) Class: 9185K(9408K)->9185K(9408K)
[43.934s][info][gc             ] GC(81) Pause Young (Allocation Failure) 249M->78M(342M) 1.053ms
[43.934s][info][gc,cpu         ] GC(81) User=0.00s Sys=0.00s Real=0.00s
[44.161s][info][gc,start       ] GC(82) Pause Young (Allocation Failure)
[44.162s][info][gc,heap        ] GC(82) PSYoungGen: 169024K(175104K)->64K(163840K) Eden: 168960K(168960K)->0K(163328K) From: 64K(6144K)->64K(512K)
[44.162s][info][gc,heap        ] GC(82) ParOldGen: 80081K(175104K)->80089K(175104K)
[44.162s][info][gc,metaspace   ] GC(82) Metaspace: 34349K(35072K)->34349K(35072K) NonClass: 25164K(25664K)->25164K(25664K) Class: 9185K(9408K)->9185K(9408K)
[44.163s][info][gc             ] GC(82) Pause Young (Allocation Failure) 243M->78M(331M) 1.322ms
[44.163s][info][gc,cpu         ] GC(82) User=0.00s Sys=0.00s Real=0.01s
[44.454s][info][gc,start       ] GC(83) Pause Young (Allocation Failure)
[44.479s][info][gc,heap        ] GC(83) PSYoungGen: 163392K(163840K)->5120K(201216K) Eden: 163328K(163328K)->0K(196096K) From: 64K(512K)->5120K(5120K)
[44.479s][info][gc,heap        ] GC(83) ParOldGen: 80089K(175104K)->88377K(175104K)
[44.479s][info][gc,metaspace   ] GC(83) Metaspace: 34364K(35072K)->34364K(35072K) NonClass: 25179K(25664K)->25179K(25664K) Class: 9185K(9408K)->9185K(9408K)
[44.479s][info][gc             ] GC(83) Pause Young (Allocation Failure) 237M->91M(367M) 24.334ms
[44.479s][info][gc,cpu         ] GC(83) User=0.04s Sys=0.00s Real=0.02s
[44.731s][info][gc,start       ] GC(84) Pause Young (Allocation Failure)
[44.777s][info][gc,heap        ] GC(84) PSYoungGen: 201216K(201216K)->5120K(227328K) Eden: 196096K(196096K)->0K(222208K) From: 5120K(5120K)->5120K(5120K)
[44.777s][info][gc,heap        ] GC(84) ParOldGen: 88377K(175104K)->105609K(175104K)
[44.777s][info][gc,metaspace   ] GC(84) Metaspace: 34364K(35072K)->34364K(35072K) NonClass: 25179K(25664K)->25179K(25664K) Class: 9185K(9408K)->9185K(9408K)
[44.777s][info][gc             ] GC(84) Pause Young (Allocation Failure) 282M->108M(393M) 45.631ms
[44.777s][info][gc,cpu         ] GC(84) User=0.07s Sys=0.02s Real=0.05s
[45.061s][info][gc,start       ] GC(85) Pause Young (Allocation Failure)
[45.107s][info][gc,heap        ] GC(85) PSYoungGen: 227328K(227328K)->16384K(238592K) Eden: 222208K(222208K)->0K(222208K) From: 5120K(5120K)->16384K(16384K)
[45.107s][info][gc,heap        ] GC(85) ParOldGen: 105609K(175104K)->114737K(175104K)
[45.107s][info][gc,metaspace   ] GC(85) Metaspace: 34364K(35072K)->34364K(35072K) NonClass: 25179K(25664K)->25179K(25664K) Class: 9185K(9408K)->9185K(9408K)
[45.107s][info][gc             ] GC(85) Pause Young (Allocation Failure) 325M->128M(404M) 45.562ms
[45.107s][info][gc,cpu         ] GC(85) User=0.08s Sys=0.01s Real=0.05s
[45.204s][info][gc,start       ] GC(86) Pause Young (Allocation Failure)
[45.211s][info][gc,heap        ] GC(86) PSYoungGen: 238592K(238592K)->2080K(287744K) Eden: 222208K(222208K)->0K(266752K) From: 16384K(16384K)->2080K(20992K)
[45.211s][info][gc,heap        ] GC(86) ParOldGen: 114737K(175104K)->114977K(175104K)
[45.211s][info][gc,metaspace   ] GC(86) Metaspace: 34377K(35072K)->34377K(35072K) NonClass: 25192K(25664K)->25192K(25664K) Class: 9185K(9408K)->9185K(9408K)
[45.211s][info][gc             ] GC(86) Pause Young (Allocation Failure) 345M->114M(452M) 7.378ms
[45.211s][info][gc,cpu         ] GC(86) User=0.01s Sys=0.00s Real=0.00s
[45.791s][info][gc,start       ] GC(87) Pause Young (Allocation Failure)
[45.793s][info][gc,heap        ] GC(87) PSYoungGen: 268832K(287744K)->64K(288768K) Eden: 266752K(266752K)->0K(266752K) From: 2080K(20992K)->64K(22016K)
[45.793s][info][gc,heap        ] GC(87) ParOldGen: 114977K(175104K)->114993K(175104K)
[45.793s][info][gc,metaspace   ] GC(87) Metaspace: 34377K(35072K)->34377K(35072K) NonClass: 25192K(25664K)->25192K(25664K) Class: 9185K(9408K)->9185K(9408K)
[45.793s][info][gc             ] GC(87) Pause Young (Allocation Failure) 374M->112M(453M) 1.425ms
[45.793s][info][gc,cpu         ] GC(87) User=0.01s Sys=0.00s Real=0.01s
[46.463s][info][gc,start       ] GC(88) Pause Young (Allocation Failure)
[46.464s][info][gc,heap        ] GC(88) PSYoungGen: 266816K(288768K)->64K(310272K) Eden: 266752K(266752K)->0K(290304K) From: 64K(22016K)->64K(19968K)
[46.464s][info][gc,heap        ] GC(88) ParOldGen: 114993K(175104K)->115009K(175104K)
[46.464s][info][gc,metaspace   ] GC(88) Metaspace: 34377K(35072K)->34377K(35072K) NonClass: 25192K(25664K)->25192K(25664K) Class: 9185K(9408K)->9185K(9408K)
[46.464s][info][gc             ] GC(88) Pause Young (Allocation Failure) 372M->112M(474M) 1.577ms
[46.464s][info][gc,cpu         ] GC(88) User=0.00s Sys=0.00s Real=0.00s
[47.187s][info][gc,start       ] GC(89) Pause Young (Allocation Failure)
[47.189s][info][gc,heap        ] GC(89) PSYoungGen: 290368K(310272K)->64K(311296K) Eden: 290304K(290304K)->0K(290304K) From: 64K(19968K)->64K(20992K)
[47.189s][info][gc,heap        ] GC(89) ParOldGen: 115009K(175104K)->115025K(175104K)
[47.189s][info][gc,metaspace   ] GC(89) Metaspace: 34409K(35136K)->34409K(35136K) NonClass: 25224K(25728K)->25224K(25728K) Class: 9185K(9408K)->9185K(9408K)
[47.189s][info][gc             ] GC(89) Pause Young (Allocation Failure) 395M->112M(475M) 1.674ms
[47.189s][info][gc,cpu         ] GC(89) User=0.00s Sys=0.00s Real=0.00s
[47.463s][info][gc,start       ] GC(90) Pause Young (Allocation Failure)
[47.464s][info][gc,heap        ] GC(90) PSYoungGen: 290368K(311296K)->32K(310784K) Eden: 290304K(290304K)->0K(292864K) From: 64K(20992K)->32K(17920K)
[47.464s][info][gc,heap        ] GC(90) ParOldGen: 115025K(175104K)->115041K(175104K)
[47.464s][info][gc,metaspace   ] GC(90) Metaspace: 34409K(35136K)->34409K(35136K) NonClass: 25224K(25728K)->25224K(25728K) Class: 9185K(9408K)->9185K(9408K)
[47.464s][info][gc             ] GC(90) Pause Young (Allocation Failure) 395M->112M(474M) 1.553ms
[47.464s][info][gc,cpu         ] GC(90) User=0.00s Sys=0.00s Real=0.00s
[47.858s][info][gc,start       ] GC(91) Pause Young (Allocation Failure)
[47.860s][info][gc,heap        ] GC(91) PSYoungGen: 292896K(310784K)->64K(311808K) Eden: 292864K(292864K)->0K(292864K) From: 32K(17920K)->64K(18944K)
[47.860s][info][gc,heap        ] GC(91) ParOldGen: 115041K(175104K)->115041K(175104K)
[47.860s][info][gc,metaspace   ] GC(91) Metaspace: 34409K(35136K)->34409K(35136K) NonClass: 25224K(25728K)->25224K(25728K) Class: 9185K(9408K)->9185K(9408K)
[47.860s][info][gc             ] GC(91) Pause Young (Allocation Failure) 398M->112M(475M) 2.746ms
[47.860s][info][gc,cpu         ] GC(91) User=0.01s Sys=0.00s Real=0.00s
[48.029s][info][gc,start       ] GC(92) Pause Young (Allocation Failure)
[48.031s][info][gc,heap        ] GC(92) PSYoungGen: 292928K(311808K)->64K(312320K) Eden: 292864K(292864K)->0K(296448K) From: 64K(18944K)->64K(15872K)
[48.031s][info][gc,heap        ] GC(92) ParOldGen: 115041K(175104K)->115057K(175104K)
[48.031s][info][gc,metaspace   ] GC(92) Metaspace: 34425K(35136K)->34425K(35136K) NonClass: 25240K(25728K)->25240K(25728K) Class: 9185K(9408K)->9185K(9408K)
[48.031s][info][gc             ] GC(92) Pause Young (Allocation Failure) 398M->112M(476M) 1.362ms
[48.031s][info][gc,cpu         ] GC(92) User=0.00s Sys=0.00s Real=0.00s
[48.090s][info][gc,start       ] GC(93) Pause Young (Allocation Failure)
[48.091s][info][gc,heap        ] GC(93) PSYoungGen: 296512K(312320K)->32K(313856K) Eden: 296448K(296448K)->0K(296448K) From: 64K(15872K)->32K(17408K)
[48.091s][info][gc,heap        ] GC(93) ParOldGen: 115057K(175104K)->115073K(175104K)
[48.091s][info][gc,metaspace   ] GC(93) Metaspace: 34425K(35136K)->34425K(35136K) NonClass: 25240K(25728K)->25240K(25728K) Class: 9185K(9408K)->9185K(9408K)
[48.091s][info][gc             ] GC(93) Pause Young (Allocation Failure) 401M->112M(477M) 1.281ms
[48.091s][info][gc,cpu         ] GC(93) User=0.01s Sys=0.00s Real=0.00s
[48.219s][info][gc,start       ] GC(94) Pause Young (Allocation Failure)
[48.220s][info][gc,heap        ] GC(94) PSYoungGen: 296480K(313856K)->64K(313856K) Eden: 296448K(296448K)->0K(300032K) From: 32K(17408K)->64K(13824K)
[48.220s][info][gc,heap        ] GC(94) ParOldGen: 115073K(175104K)->115073K(175104K)
[48.220s][info][gc,metaspace   ] GC(94) Metaspace: 34425K(35136K)->34425K(35136K) NonClass: 25240K(25728K)->25240K(25728K) Class: 9185K(9408K)->9185K(9408K)
[48.220s][info][gc             ] GC(94) Pause Young (Allocation Failure) 401M->112M(477M) 1.235ms
[48.220s][info][gc,cpu         ] GC(94) User=0.00s Sys=0.00s Real=0.00s
[48.481s][info][gc,start       ] GC(95) Pause Young (Allocation Failure)
[48.482s][info][gc,heap        ] GC(95) PSYoungGen: 300096K(313856K)->64K(315392K) Eden: 300032K(300032K)->0K(300032K) From: 64K(13824K)->64K(15360K)
[48.482s][info][gc,heap        ] GC(95) ParOldGen: 115073K(175104K)->115081K(175104K)
[48.482s][info][gc,metaspace   ] GC(95) Metaspace: 34425K(35136K)->34425K(35136K) NonClass: 25240K(25728K)->25240K(25728K) Class: 9185K(9408K)->9185K(9408K)
[48.482s][info][gc             ] GC(95) Pause Young (Allocation Failure) 405M->112M(479M) 0.789ms
[48.482s][info][gc,cpu         ] GC(95) User=0.00s Sys=0.00s Real=0.00s
[48.668s][info][gc,start       ] GC(96) Pause Young (Allocation Failure)
[48.670s][info][gc,heap        ] GC(96) PSYoungGen: 300096K(315392K)->64K(315904K) Eden: 300032K(300032K)->0K(303616K) From: 64K(15360K)->64K(12288K)
[48.670s][info][gc,heap        ] GC(96) ParOldGen: 115081K(175104K)->115089K(175104K)
[48.670s][info][gc,metaspace   ] GC(96) Metaspace: 34425K(35136K)->34425K(35136K) NonClass: 25240K(25728K)->25240K(25728K) Class: 9185K(9408K)->9185K(9408K)
[48.670s][info][gc             ] GC(96) Pause Young (Allocation Failure) 405M->112M(479M) 1.485ms
[48.670s][info][gc,cpu         ] GC(96) User=0.00s Sys=0.00s Real=0.00s
[48.760s][info][gc,start       ] GC(97) Pause Young (Allocation Failure)
[48.761s][info][gc,heap        ] GC(97) PSYoungGen: 303680K(315904K)->64K(317440K) Eden: 303616K(303616K)->0K(303616K) From: 64K(12288K)->64K(13824K)
[48.761s][info][gc,heap        ] GC(97) ParOldGen: 115089K(175104K)->115105K(175104K)
[48.761s][info][gc,metaspace   ] GC(97) Metaspace: 34425K(35136K)->34425K(35136K) NonClass: 25240K(25728K)->25240K(25728K) Class: 9185K(9408K)->9185K(9408K)
[48.761s][info][gc             ] GC(97) Pause Young (Allocation Failure) 408M->112M(481M) 1.444ms
[48.761s][info][gc,cpu         ] GC(97) User=0.00s Sys=0.00s Real=0.00s
[49.081s][info][gc,start       ] GC(98) Pause Young (Allocation Failure)
[49.083s][info][gc,heap        ] GC(98) PSYoungGen: 303680K(317440K)->32K(291840K) Eden: 303616K(303616K)->0K(291328K) From: 64K(13824K)->32K(512K)
[49.083s][info][gc,heap        ] GC(98) ParOldGen: 115105K(175104K)->115113K(175104K)
[49.083s][info][gc,metaspace   ] GC(98) Metaspace: 34445K(35136K)->34445K(35136K) NonClass: 25260K(25728K)->25260K(25728K) Class: 9185K(9408K)->9185K(9408K)
[49.083s][info][gc             ] GC(98) Pause Young (Allocation Failure) 408M->112M(456M) 1.653ms
[49.083s][info][gc,cpu         ] GC(98) User=0.00s Sys=0.00s Real=0.01s
[50.041s][info][gc,start       ] GC(99) Pause Young (Allocation Failure)
[50.042s][info][gc,heap        ] GC(99) PSYoungGen: 291360K(291840K)->83K(291840K) Eden: 291328K(291328K)->0K(279552K) From: 32K(512K)->83K(12288K)
[50.042s][info][gc,heap        ] GC(99) ParOldGen: 115113K(175104K)->115129K(175104K)
[50.042s][info][gc,metaspace   ] GC(99) Metaspace: 34466K(35136K)->34466K(35136K) NonClass: 25281K(25728K)->25281K(25728K) Class: 9185K(9408K)->9185K(9408K)
[50.042s][info][gc             ] GC(99) Pause Young (Allocation Failure) 396M->112M(456M) 1.372ms
[50.042s][info][gc,cpu         ] GC(99) User=0.00s Sys=0.00s Real=0.01s
[51.109s][info][gc,start       ] GC(100) Pause Young (Allocation Failure)
[51.110s][info][gc,heap        ] GC(100) PSYoungGen: 279635K(291840K)->64K(268800K) Eden: 279552K(279552K)->0K(268288K) From: 83K(12288K)->64K(512K)
[51.110s][info][gc,heap        ] GC(100) ParOldGen: 115129K(175104K)->115137K(175104K)
[51.110s][info][gc,metaspace   ] GC(100) Metaspace: 34525K(35200K)->34525K(35200K) NonClass: 25340K(25792K)->25340K(25792K) Class: 9185K(9408K)->9185K(9408K)
[51.110s][info][gc             ] GC(100) Pause Young (Allocation Failure) 385M->112M(433M) 1.176ms
[51.110s][info][gc,cpu         ] GC(100) User=0.00s Sys=0.00s Real=0.00s
[51.546s][info][gc,start       ] GC(101) Pause Young (Allocation Failure)
[51.547s][info][gc,heap        ] GC(101) PSYoungGen: 268352K(268800K)->64K(268288K) Eden: 268288K(268288K)->0K(257536K) From: 64K(512K)->64K(10752K)
[51.547s][info][gc,heap        ] GC(101) ParOldGen: 115137K(175104K)->115145K(175104K)
[51.547s][info][gc,metaspace   ] GC(101) Metaspace: 34525K(35200K)->34525K(35200K) NonClass: 25340K(25792K)->25340K(25792K) Class: 9185K(9408K)->9185K(9408K)
[51.547s][info][gc             ] GC(101) Pause Young (Allocation Failure) 374M->112M(433M) 1.126ms
[51.547s][info][gc,cpu         ] GC(101) User=0.00s Sys=0.00s Real=0.00s
[52.553s][info][gc,start       ] GC(102) Pause Young (Allocation Failure)
[52.555s][info][gc,heap        ] GC(102) PSYoungGen: 257600K(268288K)->64K(247808K) Eden: 257536K(257536K)->0K(247296K) From: 64K(10752K)->64K(512K)
[52.555s][info][gc,heap        ] GC(102) ParOldGen: 115145K(175104K)->115153K(175104K)
[52.555s][info][gc,metaspace   ] GC(102) Metaspace: 34580K(35264K)->34580K(35264K) NonClass: 25394K(25856K)->25394K(25856K) Class: 9185K(9408K)->9185K(9408K)
[52.555s][info][gc             ] GC(102) Pause Young (Allocation Failure) 364M->112M(413M) 1.154ms
[52.555s][info][gc,cpu         ] GC(102) User=0.00s Sys=0.00s Real=0.00s
[53.556s][info][gc,start       ] GC(103) Pause Young (Allocation Failure)
[53.557s][info][gc,heap        ] GC(103) PSYoungGen: 247360K(247808K)->64K(246784K) Eden: 247296K(247296K)->0K(237568K) From: 64K(512K)->64K(9216K)
[53.557s][info][gc,heap        ] GC(103) ParOldGen: 115153K(175104K)->115169K(175104K)
[53.557s][info][gc,metaspace   ] GC(103) Metaspace: 34639K(35328K)->34639K(35328K) NonClass: 25454K(25920K)->25454K(25920K) Class: 9185K(9408K)->9185K(9408K)
[53.557s][info][gc             ] GC(103) Pause Young (Allocation Failure) 354M->112M(412M) 1.557ms
[53.557s][info][gc,cpu         ] GC(103) User=0.00s Sys=0.00s Real=0.00s
[54.203s][info][gc,start       ] GC(104) Pause Young (Allocation Failure)
[54.205s][info][gc,heap        ] GC(104) PSYoungGen: 237632K(246784K)->64K(228864K) Eden: 237568K(237568K)->0K(228352K) From: 64K(9216K)->64K(512K)
[54.205s][info][gc,heap        ] GC(104) ParOldGen: 115169K(175104K)->115185K(175104K)
[54.205s][info][gc,metaspace   ] GC(104) Metaspace: 34723K(35456K)->34723K(35456K) NonClass: 25538K(26048K)->25538K(26048K) Class: 9185K(9408K)->9185K(9408K)
[54.205s][info][gc             ] GC(104) Pause Young (Allocation Failure) 344M->112M(394M) 1.949ms
[54.205s][info][gc,cpu         ] GC(104) User=0.00s Sys=0.00s Real=0.00s
[54.296s][info][gc,start       ] GC(105) Pause Young (Allocation Failure)
[54.299s][info][gc,heap        ] GC(105) PSYoungGen: 228416K(228864K)->64K(282624K) Eden: 228352K(228352K)->0K(274432K) From: 64K(512K)->64K(8192K)
[54.299s][info][gc,heap        ] GC(105) ParOldGen: 115185K(175104K)->115201K(175104K)
[54.299s][info][gc,metaspace   ] GC(105) Metaspace: 34723K(35456K)->34723K(35456K) NonClass: 25538K(26048K)->25538K(26048K) Class: 9185K(9408K)->9185K(9408K)
[54.299s][info][gc             ] GC(105) Pause Young (Allocation Failure) 335M->112M(447M) 3.344ms
[54.299s][info][gc,cpu         ] GC(105) User=0.01s Sys=0.00s Real=0.00s
[54.941s][info][gc,start       ] GC(106) Pause Young (Allocation Failure)
[54.943s][info][gc,heap        ] GC(106) PSYoungGen: 274496K(282624K)->64K(264192K) Eden: 274432K(274432K)->0K(263680K) From: 64K(8192K)->64K(512K)
[54.943s][info][gc,heap        ] GC(106) ParOldGen: 115201K(175104K)->115217K(175104K)
[54.943s][info][gc,metaspace   ] GC(106) Metaspace: 34726K(35456K)->34726K(35456K) NonClass: 25541K(26048K)->25541K(26048K) Class: 9185K(9408K)->9185K(9408K)
[54.943s][info][gc             ] GC(106) Pause Young (Allocation Failure) 380M->112M(429M) 1.956ms
[54.943s][info][gc,cpu         ] GC(106) User=0.00s Sys=0.00s Real=0.01s
[55.243s][info][gc,start       ] GC(107) Pause Young (Allocation Failure)
[55.244s][info][gc,heap        ] GC(107) PSYoungGen: 263744K(264192K)->64K(260608K) Eden: 263680K(263680K)->0K(253440K) From: 64K(512K)->64K(7168K)
[55.244s][info][gc,heap        ] GC(107) ParOldGen: 115217K(175104K)->115225K(175104K)
[55.244s][info][gc,metaspace   ] GC(107) Metaspace: 34727K(35456K)->34727K(35456K) NonClass: 25542K(26048K)->25542K(26048K) Class: 9185K(9408K)->9185K(9408K)
[55.244s][info][gc             ] GC(107) Pause Young (Allocation Failure) 370M->112M(425M) 1.376ms
[55.244s][info][gc,cpu         ] GC(107) User=0.00s Sys=0.00s Real=0.00s
[55.594s][info][gc,start       ] GC(108) Pause Young (Allocation Failure)
[55.641s][info][gc,heap        ] GC(108) PSYoungGen: 253504K(260608K)->6656K(270848K) Eden: 253440K(253440K)->0K(264192K) From: 64K(7168K)->6656K(6656K)
[55.641s][info][gc,heap        ] GC(108) ParOldGen: 115225K(175104K)->132137K(175104K)
[55.641s][info][gc,metaspace   ] GC(108) Metaspace: 34743K(35456K)->34743K(35456K) NonClass: 25558K(26048K)->25558K(26048K) Class: 9185K(9408K)->9185K(9408K)
[55.641s][info][gc             ] GC(108) Pause Young (Allocation Failure) 360M->135M(435M) 46.267ms
[55.641s][info][gc,cpu         ] GC(108) User=0.07s Sys=0.02s Real=0.04s
[55.949s][info][gc,start       ] GC(109) Pause Young (Allocation Failure)
[56.008s][info][gc,heap        ] GC(109) PSYoungGen: 270848K(270848K)->14336K(278528K) Eden: 264192K(264192K)->0K(264192K) From: 6656K(6656K)->14336K(14336K)
[56.008s][info][gc,heap        ] GC(109) ParOldGen: 132137K(175104K)->148057K(175104K)
[56.008s][info][gc,metaspace   ] GC(109) Metaspace: 34743K(35456K)->34743K(35456K) NonClass: 25558K(26048K)->25558K(26048K) Class: 9185K(9408K)->9185K(9408K)
[56.008s][info][gc             ] GC(109) Pause Young (Allocation Failure) 393M->158M(443M) 59.191ms
[56.008s][info][gc,cpu         ] GC(109) User=0.10s Sys=0.01s Real=0.06s
[56.157s][info][gc,start       ] GC(110) Pause Young (Allocation Failure)
[56.181s][info][gc,heap        ] GC(110) PSYoungGen: 278528K(278528K)->9280K(310784K) Eden: 264192K(264192K)->0K(287232K) From: 14336K(14336K)->9280K(23552K)
[56.181s][info][gc,heap        ] GC(110) ParOldGen: 148057K(175104K)->148489K(175104K)
[56.181s][info][gc,metaspace   ] GC(110) Metaspace: 34743K(35456K)->34743K(35456K) NonClass: 25558K(26048K)->25558K(26048K) Class: 9185K(9408K)->9185K(9408K)
[56.181s][info][gc             ] GC(110) Pause Young (Allocation Failure) 416M->154M(474M) 23.899ms
[56.181s][info][gc,cpu         ] GC(110) User=0.05s Sys=0.00s Real=0.02s
[56.672s][info][gc,start       ] GC(111) Pause Young (Allocation Failure)
[56.673s][info][gc,heap        ] GC(111) PSYoungGen: 296512K(310784K)->64K(287744K) Eden: 287232K(287232K)->0K(287232K) From: 9280K(23552K)->64K(512K)
[56.673s][info][gc,heap        ] GC(111) ParOldGen: 148489K(175104K)->148497K(175104K)
[56.673s][info][gc,metaspace   ] GC(111) Metaspace: 34743K(35456K)->34743K(35456K) NonClass: 25558K(26048K)->25558K(26048K) Class: 9185K(9408K)->9185K(9408K)
[56.673s][info][gc             ] GC(111) Pause Young (Allocation Failure) 434M->145M(452M) 0.906ms
[56.673s][info][gc,cpu         ] GC(111) User=0.00s Sys=0.00s Real=0.00s
[57.395s][info][gc,start       ] GC(112) Pause Young (Allocation Failure)
[57.397s][info][gc,heap        ] GC(112) PSYoungGen: 287296K(287744K)->64K(310784K) Eden: 287232K(287232K)->0K(288256K) From: 64K(512K)->64K(22528K)
[57.397s][info][gc,heap        ] GC(112) ParOldGen: 148497K(175104K)->148513K(175104K)
[57.397s][info][gc,metaspace   ] GC(112) Metaspace: 34776K(35456K)->34776K(35456K) NonClass: 25591K(26048K)->25591K(26048K) Class: 9185K(9408K)->9185K(9408K)
[57.397s][info][gc             ] GC(112) Pause Young (Allocation Failure) 425M->145M(474M) 1.727ms
[57.397s][info][gc,cpu         ] GC(112) User=0.01s Sys=0.00s Real=0.00s
[57.995s][info][gc,start       ] GC(113) Pause Young (Allocation Failure)
[57.997s][info][gc,heap        ] GC(113) PSYoungGen: 288320K(310784K)->64K(309760K) Eden: 288256K(288256K)->0K(288256K) From: 64K(22528K)->64K(21504K)
[57.997s][info][gc,heap        ] GC(113) ParOldGen: 148513K(175104K)->148529K(175104K)
[57.997s][info][gc,metaspace   ] GC(113) Metaspace: 34776K(35456K)->34776K(35456K) NonClass: 25591K(26048K)->25591K(26048K) Class: 9185K(9408K)->9185K(9408K)
[57.997s][info][gc             ] GC(113) Pause Young (Allocation Failure) 426M->145M(473M) 1.941ms
[57.997s][info][gc,cpu         ] GC(113) User=0.00s Sys=0.00s Real=0.00s
[58.261s][info][gc,start       ] GC(114) Pause Young (Allocation Failure)
[58.262s][info][gc,heap        ] GC(114) PSYoungGen: 288320K(309760K)->32K(311296K) Eden: 288256K(288256K)->0K(290816K) From: 64K(21504K)->32K(20480K)
[58.262s][info][gc,heap        ] GC(114) ParOldGen: 148529K(175104K)->148545K(175104K)
[58.262s][info][gc,metaspace   ] GC(114) Metaspace: 34808K(35520K)->34808K(35520K) NonClass: 25623K(26112K)->25623K(26112K) Class: 9185K(9408K)->9185K(9408K)
[58.263s][info][gc             ] GC(114) Pause Young (Allocation Failure) 426M->145M(475M) 1.712ms
[58.263s][info][gc,cpu         ] GC(114) User=0.00s Sys=0.00s Real=0.01s
[58.600s][info][gc,start       ] GC(115) Pause Young (Allocation Failure)
[58.603s][info][gc,heap        ] GC(115) PSYoungGen: 290848K(311296K)->64K(310784K) Eden: 290816K(290816K)->0K(290816K) From: 32K(20480K)->64K(19968K)
[58.603s][info][gc,heap        ] GC(115) ParOldGen: 148545K(175104K)->148545K(175104K)
[58.603s][info][gc,metaspace   ] GC(115) Metaspace: 34808K(35520K)->34808K(35520K) NonClass: 25623K(26112K)->25623K(26112K) Class: 9185K(9408K)->9185K(9408K)
[58.603s][info][gc             ] GC(115) Pause Young (Allocation Failure) 429M->145M(474M) 3.033ms
[58.603s][info][gc,cpu         ] GC(115) User=0.00s Sys=0.00s Real=0.01s
[58.756s][info][gc,start       ] GC(116) Pause Young (Allocation Failure)
[58.757s][info][gc,heap        ] GC(116) PSYoungGen: 290880K(310784K)->64K(312832K) Eden: 290816K(290816K)->0K(294400K) From: 64K(19968K)->64K(18432K)
[58.757s][info][gc,heap        ] GC(116) ParOldGen: 148545K(175104K)->148553K(175104K)
[58.757s][info][gc,metaspace   ] GC(116) Metaspace: 34808K(35520K)->34808K(35520K) NonClass: 25623K(26112K)->25623K(26112K) Class: 9185K(9408K)->9185K(9408K)
[58.757s][info][gc             ] GC(116) Pause Young (Allocation Failure) 429M->145M(476M) 1.263ms
[58.757s][info][gc,cpu         ] GC(116) User=0.00s Sys=0.00s Real=0.00s
[58.815s][info][gc,start       ] GC(117) Pause Young (Allocation Failure)
[58.815s][info][gc,heap        ] GC(117) PSYoungGen: 294464K(312832K)->64K(312320K) Eden: 294400K(294400K)->0K(294400K) From: 64K(18432K)->64K(17920K)
[58.815s][info][gc,heap        ] GC(117) ParOldGen: 148553K(175104K)->148569K(175104K)
[58.815s][info][gc,metaspace   ] GC(117) Metaspace: 34808K(35520K)->34808K(35520K) NonClass: 25623K(26112K)->25623K(26112K) Class: 9185K(9408K)->9185K(9408K)
[58.815s][info][gc             ] GC(117) Pause Young (Allocation Failure) 432M->145M(476M) 0.830ms
[58.815s][info][gc,cpu         ] GC(117) User=0.00s Sys=0.00s Real=0.00s
[58.949s][info][gc,start       ] GC(118) Pause Young (Allocation Failure)
[58.950s][info][gc,heap        ] GC(118) PSYoungGen: 294464K(312320K)->64K(314880K) Eden: 294400K(294400K)->0K(298496K) From: 64K(17920K)->64K(16384K)
[58.950s][info][gc,heap        ] GC(118) ParOldGen: 148569K(175104K)->148569K(175104K)
[58.950s][info][gc,metaspace   ] GC(118) Metaspace: 34808K(35520K)->34808K(35520K) NonClass: 25623K(26112K)->25623K(26112K) Class: 9185K(9408K)->9185K(9408K)
[58.950s][info][gc             ] GC(118) Pause Young (Allocation Failure) 432M->145M(478M) 0.789ms
[58.950s][info][gc,cpu         ] GC(118) User=0.00s Sys=0.00s Real=0.00s
[59.214s][info][gc,start       ] GC(119) Pause Young (Allocation Failure)
[59.214s][info][gc,heap        ] GC(119) PSYoungGen: 298560K(314880K)->64K(314880K) Eden: 298496K(298496K)->0K(298496K) From: 64K(16384K)->64K(16384K)
[59.214s][info][gc,heap        ] GC(119) ParOldGen: 148569K(175104K)->148577K(175104K)
[59.214s][info][gc,metaspace   ] GC(119) Metaspace: 34808K(35520K)->34808K(35520K) NonClass: 25623K(26112K)->25623K(26112K) Class: 9185K(9408K)->9185K(9408K)
[59.214s][info][gc             ] GC(119) Pause Young (Allocation Failure) 436M->145M(478M) 0.853ms
[59.214s][info][gc,cpu         ] GC(119) User=0.00s Sys=0.00s Real=0.00s
[59.374s][info][gc,start       ] GC(120) Pause Young (Allocation Failure)
[59.375s][info][gc,heap        ] GC(120) PSYoungGen: 298560K(314880K)->64K(287232K) Eden: 298496K(298496K)->0K(286720K) From: 64K(16384K)->64K(512K)
[59.375s][info][gc,heap        ] GC(120) ParOldGen: 148577K(175104K)->148585K(175104K)
[59.376s][info][gc,metaspace   ] GC(120) Metaspace: 34808K(35520K)->34808K(35520K) NonClass: 25623K(26112K)->25623K(26112K) Class: 9185K(9408K)->9185K(9408K)
[59.376s][info][gc             ] GC(120) Pause Young (Allocation Failure) 436M->145M(451M) 1.116ms
[59.376s][info][gc,cpu         ] GC(120) User=0.00s Sys=0.00s Real=0.00s
[59.453s][info][gc,start       ] GC(121) Pause Young (Allocation Failure)
[59.454s][info][gc,heap        ] GC(121) PSYoungGen: 286784K(287232K)->64K(289792K) Eden: 286720K(286720K)->0K(275456K) From: 64K(512K)->64K(14336K)
[59.454s][info][gc,heap        ] GC(121) ParOldGen: 148585K(175104K)->148601K(175104K)
[59.454s][info][gc,metaspace   ] GC(121) Metaspace: 34808K(35520K)->34808K(35520K) NonClass: 25623K(26112K)->25623K(26112K) Class: 9185K(9408K)->9185K(9408K)
[59.454s][info][gc             ] GC(121) Pause Young (Allocation Failure) 425M->145M(454M) 0.802ms
[59.454s][info][gc,cpu         ] GC(121) User=0.00s Sys=0.00s Real=0.00s
[59.632s][info][gc,start       ] GC(122) Pause Young (Allocation Failure)
[59.633s][info][gc,heap        ] GC(122) PSYoungGen: 275520K(289792K)->64K(265216K) Eden: 275456K(275456K)->0K(264704K) From: 64K(14336K)->64K(512K)
[59.633s][info][gc,heap        ] GC(122) ParOldGen: 148601K(175104K)->148601K(175104K)
[59.633s][info][gc,metaspace   ] GC(122) Metaspace: 34808K(35520K)->34808K(35520K) NonClass: 25623K(26112K)->25623K(26112K) Class: 9185K(9408K)->9185K(9408K)
[59.633s][info][gc             ] GC(122) Pause Young (Allocation Failure) 414M->145M(430M) 1.393ms
[59.633s][info][gc,cpu         ] GC(122) User=0.00s Sys=0.00s Real=0.01s
[60.565s][info][gc,start       ] GC(123) Pause Young (Allocation Failure)
[60.565s][info][gc,heap        ] GC(123) PSYoungGen: 264768K(265216K)->64K(267264K) Eden: 264704K(264704K)->0K(254464K) From: 64K(512K)->64K(12800K)
[60.565s][info][gc,heap        ] GC(123) ParOldGen: 148601K(175104K)->148609K(175104K)
[60.566s][info][gc,metaspace   ] GC(123) Metaspace: 34876K(35584K)->34876K(35584K) NonClass: 25690K(26176K)->25690K(26176K) Class: 9185K(9408K)->9185K(9408K)
[60.566s][info][gc             ] GC(123) Pause Young (Allocation Failure) 403M->145M(432M) 0.893ms
[60.566s][info][gc,cpu         ] GC(123) User=0.00s Sys=0.00s Real=0.00s
[61.414s][info][gc,start       ] GC(124) Pause Young (Allocation Failure)
[61.416s][info][gc,heap        ] GC(124) PSYoungGen: 254528K(267264K)->64K(245248K) Eden: 254464K(254464K)->0K(244736K) From: 64K(12800K)->64K(512K)
[61.416s][info][gc,heap        ] GC(124) ParOldGen: 148609K(175104K)->148625K(175104K)
[61.416s][info][gc,metaspace   ] GC(124) Metaspace: 34876K(35584K)->34876K(35584K) NonClass: 25690K(26176K)->25690K(26176K) Class: 9185K(9408K)->9185K(9408K)
[61.416s][info][gc             ] GC(124) Pause Young (Allocation Failure) 393M->145M(410M) 1.177ms
[61.416s][info][gc,cpu         ] GC(124) User=0.00s Sys=0.00s Real=0.00s
[61.633s][info][gc,start       ] GC(125) Pause Young (Allocation Failure)
[61.635s][info][gc,heap        ] GC(125) PSYoungGen: 244800K(245248K)->64K(246784K) Eden: 244736K(244736K)->0K(235520K) From: 64K(512K)->64K(11264K)
[61.635s][info][gc,heap        ] GC(125) ParOldGen: 148625K(175104K)->148641K(175104K)
[61.635s][info][gc,metaspace   ] GC(125) Metaspace: 34876K(35584K)->34876K(35584K) NonClass: 25690K(26176K)->25690K(26176K) Class: 9185K(9408K)->9185K(9408K)
[61.635s][info][gc             ] GC(125) Pause Young (Allocation Failure) 384M->145M(412M) 1.500ms
[61.635s][info][gc,cpu         ] GC(125) User=0.00s Sys=0.00s Real=0.00s
[62.108s][info][gc,start       ] GC(126) Pause Young (Allocation Failure)
[62.110s][info][gc,heap        ] GC(126) PSYoungGen: 235584K(246784K)->64K(227328K) Eden: 235520K(235520K)->0K(226816K) From: 64K(11264K)->64K(512K)
[62.110s][info][gc,heap        ] GC(126) ParOldGen: 148641K(175104K)->148649K(175104K)
[62.110s][info][gc,metaspace   ] GC(126) Metaspace: 34877K(35584K)->34877K(35584K) NonClass: 25692K(26176K)->25692K(26176K) Class: 9185K(9408K)->9185K(9408K)
[62.110s][info][gc             ] GC(126) Pause Young (Allocation Failure) 375M->145M(393M) 2.217ms
[62.110s][info][gc,cpu         ] GC(126) User=0.00s Sys=0.00s Real=0.00s
[63.276s][info][gc,start       ] GC(127) Pause Young (Allocation Failure)
[63.277s][info][gc,heap        ] GC(127) PSYoungGen: 226880K(227328K)->64K(227840K) Eden: 226816K(226816K)->0K(218112K) From: 64K(512K)->64K(9728K)
[63.277s][info][gc,heap        ] GC(127) ParOldGen: 148649K(175104K)->148665K(175104K)
[63.277s][info][gc,metaspace   ] GC(127) Metaspace: 34880K(35584K)->34880K(35584K) NonClass: 25694K(26176K)->25694K(26176K) Class: 9185K(9408K)->9185K(9408K)
[63.277s][info][gc             ] GC(127) Pause Young (Allocation Failure) 366M->145M(393M) 1.742ms
[63.277s][info][gc,cpu         ] GC(127) User=0.01s Sys=0.00s Real=0.00s
[63.776s][info][gc,start       ] GC(128) Pause Young (Allocation Failure)
[63.779s][info][gc,heap        ] GC(128) PSYoungGen: 218176K(227840K)->64K(210432K) Eden: 218112K(218112K)->0K(209920K) From: 64K(9728K)->64K(512K)
[63.779s][info][gc,heap        ] GC(128) ParOldGen: 148665K(175104K)->148681K(175104K)
[63.779s][info][gc,metaspace   ] GC(128) Metaspace: 34880K(35584K)->34880K(35584K) NonClass: 25694K(26176K)->25694K(26176K) Class: 9185K(9408K)->9185K(9408K)
[63.779s][info][gc             ] GC(128) Pause Young (Allocation Failure) 358M->145M(376M) 2.836ms
[63.779s][info][gc,cpu         ] GC(128) User=0.00s Sys=0.00s Real=0.00s
[63.987s][info][gc,start       ] GC(129) Pause Young (Allocation Failure)
[63.989s][info][gc,heap        ] GC(129) PSYoungGen: 209984K(210432K)->64K(210944K) Eden: 209920K(209920K)->0K(202240K) From: 64K(512K)->64K(8704K)
[63.989s][info][gc,heap        ] GC(129) ParOldGen: 148681K(175104K)->148697K(175104K)
[63.989s][info][gc,metaspace   ] GC(129) Metaspace: 34890K(35584K)->34890K(35584K) NonClass: 25705K(26176K)->25705K(26176K) Class: 9185K(9408K)->9185K(9408K)
[63.989s][info][gc             ] GC(129) Pause Young (Allocation Failure) 350M->145M(377M) 1.390ms
[63.989s][info][gc,cpu         ] GC(129) User=0.00s Sys=0.00s Real=0.00s
[64.062s][info][gc,start       ] GC(130) Pause Young (Allocation Failure)
[64.063s][info][gc,heap        ] GC(130) PSYoungGen: 202304K(210944K)->64K(195584K) Eden: 202240K(202240K)->0K(195072K) From: 64K(8704K)->64K(512K)
[64.063s][info][gc,heap        ] GC(130) ParOldGen: 148697K(175104K)->148713K(175104K)
[64.063s][info][gc,metaspace   ] GC(130) Metaspace: 34890K(35584K)->34890K(35584K) NonClass: 25705K(26176K)->25705K(26176K) Class: 9185K(9408K)->9185K(9408K)
[64.063s][info][gc             ] GC(130) Pause Young (Allocation Failure) 342M->145M(362M) 1.368ms
[64.063s][info][gc,cpu         ] GC(130) User=0.00s Sys=0.00s Real=0.01s
[64.479s][info][gc,start       ] GC(131) Pause Young (Allocation Failure)
[64.480s][info][gc,heap        ] GC(131) PSYoungGen: 195136K(195584K)->64K(195584K) Eden: 195072K(195072K)->0K(187904K) From: 64K(512K)->64K(7680K)
[64.480s][info][gc,heap        ] GC(131) ParOldGen: 148713K(175104K)->148729K(175104K)
[64.480s][info][gc,metaspace   ] GC(131) Metaspace: 34890K(35584K)->34890K(35584K) NonClass: 25705K(26176K)->25705K(26176K) Class: 9185K(9408K)->9185K(9408K)
[64.480s][info][gc             ] GC(131) Pause Young (Allocation Failure) 335M->145M(362M) 1.172ms
[64.480s][info][gc,cpu         ] GC(131) User=0.00s Sys=0.00s Real=0.00s
[64.771s][info][gc,start       ] GC(132) Pause Young (Allocation Failure)
[64.773s][info][gc,heap        ] GC(132) PSYoungGen: 187968K(195584K)->64K(181760K) Eden: 187904K(187904K)->0K(181248K) From: 64K(7680K)->64K(512K)
[64.773s][info][gc,heap        ] GC(132) ParOldGen: 148729K(175104K)->148737K(175104K)
[64.773s][info][gc,metaspace   ] GC(132) Metaspace: 34890K(35584K)->34890K(35584K) NonClass: 25705K(26176K)->25705K(26176K) Class: 9185K(9408K)->9185K(9408K)
[64.773s][info][gc             ] GC(132) Pause Young (Allocation Failure) 328M->145M(348M) 2.334ms
[64.773s][info][gc,cpu         ] GC(132) User=0.00s Sys=0.00s Real=0.01s
[65.051s][info][gc,start       ] GC(133) Pause Young (Allocation Failure)
[65.052s][info][gc,heap        ] GC(133) PSYoungGen: 181312K(181760K)->64K(181760K) Eden: 181248K(181248K)->0K(175104K) From: 64K(512K)->64K(6656K)
[65.053s][info][gc,heap        ] GC(133) ParOldGen: 148737K(175104K)->148745K(175104K)
[65.053s][info][gc,metaspace   ] GC(133) Metaspace: 34890K(35584K)->34890K(35584K) NonClass: 25705K(26176K)->25705K(26176K) Class: 9185K(9408K)->9185K(9408K)
[65.053s][info][gc             ] GC(133) Pause Young (Allocation Failure) 322M->145M(348M) 1.849ms
[65.053s][info][gc,cpu         ] GC(133) User=0.00s Sys=0.00s Real=0.01s
[65.279s][info][gc,start       ] GC(134) Pause Young (Allocation Failure)
[65.330s][info][gc,heap        ] GC(134) PSYoungGen: 175168K(181760K)->6144K(216576K) Eden: 175104K(175104K)->0K(210432K) From: 64K(6656K)->6144K(6144K)
[65.330s][info][gc,heap        ] GC(134) ParOldGen: 148745K(175104K)->161225K(175104K)
[65.330s][info][gc,metaspace   ] GC(134) Metaspace: 34890K(35584K)->34890K(35584K) NonClass: 25705K(26176K)->25705K(26176K) Class: 9185K(9408K)->9185K(9408K)
[65.330s][info][gc             ] GC(134) Pause Young (Allocation Failure) 316M->163M(382M) 51.753ms
[65.330s][info][gc,cpu         ] GC(134) User=0.09s Sys=0.01s Real=0.05s
[65.588s][info][gc,start       ] GC(135) Pause Young (Allocation Failure)
[65.635s][info][gc,heap        ] GC(135) PSYoungGen: 216576K(216576K)->12288K(246784K) Eden: 210432K(210432K)->0K(234496K) From: 6144K(6144K)->12288K(12288K)
[65.635s][info][gc,heap        ] GC(135) ParOldGen: 161225K(175104K)->172969K(175104K)
[65.635s][info][gc,metaspace   ] GC(135) Metaspace: 34890K(35584K)->34890K(35584K) NonClass: 25705K(26176K)->25705K(26176K) Class: 9185K(9408K)->9185K(9408K)
[65.635s][info][gc             ] GC(135) Pause Young (Allocation Failure) 368M->180M(412M) 46.966ms
[65.635s][info][gc,cpu         ] GC(135) User=0.09s Sys=0.01s Real=0.05s
[65.867s][info][gc,start       ] GC(136) Pause Young (Allocation Failure)
[65.910s][info][gc,heap        ] GC(136) PSYoungGen: 246784K(246784K)->19456K(268288K) Eden: 234496K(234496K)->0K(248832K) From: 12288K(12288K)->19456K(19456K)
[65.910s][info][gc,heap        ] GC(136) ParOldGen: 172969K(175104K)->174089K(175104K)
[65.910s][info][gc,metaspace   ] GC(136) Metaspace: 34890K(35584K)->34890K(35584K) NonClass: 25705K(26176K)->25705K(26176K) Class: 9185K(9408K)->9185K(9408K)
[65.910s][info][gc             ] GC(136) Pause Young (Allocation Failure) 409M->189M(433M) 43.067ms
[65.910s][info][gc,cpu         ] GC(136) User=0.07s Sys=0.01s Real=0.04s
[66.031s][info][gc,start       ] GC(137) Pause Young (Allocation Failure)
[66.032s][info][gc,heap        ] GC(137) PSYoungGen: 268288K(268288K)->64K(272384K) Eden: 248832K(248832K)->0K(248832K) From: 19456K(19456K)->64K(23552K)
[66.032s][info][gc,heap        ] GC(137) ParOldGen: 174089K(175104K)->174121K(175104K)
[66.032s][info][gc,metaspace   ] GC(137) Metaspace: 34890K(35584K)->34890K(35584K) NonClass: 25705K(26176K)->25705K(26176K) Class: 9185K(9408K)->9185K(9408K)
[66.032s][info][gc             ] GC(137) Pause Young (Allocation Failure) 432M->170M(437M) 1.222ms
[66.032s][info][gc,cpu         ] GC(137) User=0.01s Sys=0.00s Real=0.01s
[66.633s][info][gc,start       ] GC(138) Pause Young (Allocation Failure)
[66.634s][info][gc,heap        ] GC(138) PSYoungGen: 248896K(272384K)->64K(307712K) Eden: 248832K(248832K)->0K(287232K) From: 64K(23552K)->64K(20480K)
[66.634s][info][gc,heap        ] GC(138) ParOldGen: 174121K(175104K)->174137K(175104K)
[66.634s][info][gc,metaspace   ] GC(138) Metaspace: 34890K(35584K)->34890K(35584K) NonClass: 25705K(26176K)->25705K(26176K) Class: 9185K(9408K)->9185K(9408K)
[66.634s][info][gc             ] GC(138) Pause Young (Allocation Failure) 413M->170M(471M) 1.059ms
[66.634s][info][gc,cpu         ] GC(138) User=0.00s Sys=0.00s Real=0.00s
[67.126s][info][gc,start       ] GC(139) Pause Young (Allocation Failure)
[67.129s][info][gc,heap        ] GC(139) PSYoungGen: 287296K(307712K)->64K(309248K) Eden: 287232K(287232K)->0K(287232K) From: 64K(20480K)->64K(22016K)
[67.129s][info][gc,heap        ] GC(139) ParOldGen: 174137K(175104K)->174137K(175104K)
[67.129s][info][gc,metaspace   ] GC(139) Metaspace: 34922K(35648K)->34922K(35648K) NonClass: 25737K(26240K)->25737K(26240K) Class: 9185K(9408K)->9185K(9408K)
[67.129s][info][gc             ] GC(139) Pause Young (Allocation Failure) 450M->170M(473M) 3.515ms
[67.129s][info][gc,cpu         ] GC(139) User=0.00s Sys=0.00s Real=0.00s
[67.604s][info][gc,start       ] GC(140) Pause Young (Allocation Failure)
[67.605s][info][gc,heap        ] GC(140) PSYoungGen: 287296K(309248K)->64K(309248K) Eden: 287232K(287232K)->0K(290304K) From: 64K(22016K)->64K(18944K)
[67.605s][info][gc,heap        ] GC(140) ParOldGen: 174137K(175104K)->174153K(175104K)
[67.605s][info][gc,metaspace   ] GC(140) Metaspace: 34922K(35648K)->34922K(35648K) NonClass: 25737K(26240K)->25737K(26240K) Class: 9185K(9408K)->9185K(9408K)
[67.605s][info][gc             ] GC(140) Pause Young (Allocation Failure) 450M->170M(473M) 1.155ms
[67.605s][info][gc,cpu         ] GC(140) User=0.00s Sys=0.00s Real=0.00s
[67.842s][info][gc,start       ] GC(141) Pause Young (Allocation Failure)
[67.843s][info][gc,heap        ] GC(141) PSYoungGen: 290368K(309248K)->64K(310784K) Eden: 290304K(290304K)->0K(290304K) From: 64K(18944K)->64K(20480K)
[67.843s][info][gc,heap        ] GC(141) ParOldGen: 174153K(175104K)->174169K(175104K)
[67.843s][info][gc,metaspace   ] GC(141) Metaspace: 34922K(35648K)->34922K(35648K) NonClass: 25737K(26240K)->25737K(26240K) Class: 9185K(9408K)->9185K(9408K)
[67.843s][info][gc             ] GC(141) Pause Young (Allocation Failure) 453M->170M(474M) 1.395ms
[67.843s][info][gc,cpu         ] GC(141) User=0.00s Sys=0.00s Real=0.01s
[68.199s][info][gc,start       ] GC(142) Pause Young (Allocation Failure)
[68.200s][info][gc,heap        ] GC(142) PSYoungGen: 290368K(310784K)->64K(310784K) Eden: 290304K(290304K)->0K(293888K) From: 64K(20480K)->64K(16896K)
[68.200s][info][gc,heap        ] GC(142) ParOldGen: 174169K(175104K)->174169K(175104K)
[68.200s][info][gc,metaspace   ] GC(142) Metaspace: 34922K(35648K)->34922K(35648K) NonClass: 25737K(26240K)->25737K(26240K) Class: 9185K(9408K)->9185K(9408K)
[68.200s][info][gc             ] GC(142) Pause Young (Allocation Failure) 453M->170M(474M) 0.865ms
[68.200s][info][gc,cpu         ] GC(142) User=0.00s Sys=0.00s Real=0.00s
[68.283s][info][gc,start       ] GC(143) Pause Young (Allocation Failure)
[68.285s][info][gc,heap        ] GC(143) PSYoungGen: 293952K(310784K)->32K(312320K) Eden: 293888K(293888K)->0K(293888K) From: 64K(16896K)->32K(18432K)
[68.285s][info][gc,heap        ] GC(143) ParOldGen: 174169K(175104K)->174177K(175104K)
[68.285s][info][gc,metaspace   ] GC(143) Metaspace: 34922K(35648K)->34922K(35648K) NonClass: 25737K(26240K)->25737K(26240K) Class: 9185K(9408K)->9185K(9408K)
[68.285s][info][gc             ] GC(143) Pause Young (Allocation Failure) 457M->170M(476M) 1.661ms
[68.285s][info][gc,cpu         ] GC(143) User=0.00s Sys=0.00s Real=0.00s
[68.339s][info][gc,start       ] GC(144) Pause Young (Allocation Failure)
[68.341s][info][gc,heap        ] GC(144) PSYoungGen: 293920K(312320K)->32K(313856K) Eden: 293888K(293888K)->0K(297984K) From: 32K(18432K)->32K(15872K)
[68.341s][info][gc,heap        ] GC(144) ParOldGen: 174177K(175104K)->174193K(175104K)
[68.341s][info][gc,metaspace   ] GC(144) Metaspace: 34922K(35648K)->34922K(35648K) NonClass: 25737K(26240K)->25737K(26240K) Class: 9185K(9408K)->9185K(9408K)
[68.341s][info][gc             ] GC(144) Pause Young (Allocation Failure) 457M->170M(477M) 1.653ms
[68.341s][info][gc,cpu         ] GC(144) User=0.00s Sys=0.00s Real=0.00s
[68.531s][info][gc,start       ] GC(145) Pause Young (Allocation Failure)
[68.533s][info][gc,heap        ] GC(145) PSYoungGen: 298016K(313856K)->64K(314880K) Eden: 297984K(297984K)->0K(297984K) From: 32K(15872K)->64K(16896K)
[68.533s][info][gc,heap        ] GC(145) ParOldGen: 174193K(175104K)->174201K(175104K)
[68.533s][info][gc,metaspace   ] GC(145) Metaspace: 34938K(35648K)->34938K(35648K) NonClass: 25753K(26240K)->25753K(26240K) Class: 9185K(9408K)->9185K(9408K)
[68.533s][info][gc             ] GC(145) Pause Young (Allocation Failure) 461M->170M(478M) 1.626ms
[68.533s][info][gc,cpu         ] GC(145) User=0.00s Sys=0.00s Real=0.01s
[68.762s][info][gc,start       ] GC(146) Pause Young (Allocation Failure)
[68.763s][info][gc,heap        ] GC(146) PSYoungGen: 298048K(314880K)->64K(314880K) Eden: 297984K(297984K)->0K(301056K) From: 64K(16896K)->64K(13824K)
[68.763s][info][gc,heap        ] GC(146) ParOldGen: 174201K(175104K)->174209K(175104K)
[68.763s][info][gc,metaspace   ] GC(146) Metaspace: 34942K(35648K)->34942K(35648K) NonClass: 25757K(26240K)->25757K(26240K) Class: 9185K(9408K)->9185K(9408K)
[68.763s][info][gc             ] GC(146) Pause Young (Allocation Failure) 461M->170M(478M) 0.941ms
[68.763s][info][gc,cpu         ] GC(146) User=0.00s Sys=0.00s Real=0.01s
[68.884s][info][gc,start       ] GC(147) Pause Young (Allocation Failure)
[68.885s][info][gc,heap        ] GC(147) PSYoungGen: 301120K(314880K)->64K(315904K) Eden: 301056K(301056K)->0K(301056K) From: 64K(13824K)->64K(14848K)
[68.885s][info][gc,heap        ] GC(147) ParOldGen: 174209K(175104K)->174217K(175104K)
[68.885s][info][gc,metaspace   ] GC(147) Metaspace: 34942K(35648K)->34942K(35648K) NonClass: 25757K(26240K)->25757K(26240K) Class: 9185K(9408K)->9185K(9408K)
[68.885s][info][gc             ] GC(147) Pause Young (Allocation Failure) 464M->170M(479M) 0.853ms
[68.885s][info][gc,cpu         ] GC(147) User=0.00s Sys=0.00s Real=0.00s
[68.998s][info][gc,start       ] GC(148) Pause Young (Allocation Failure)
[68.999s][info][gc,heap        ] GC(148) PSYoungGen: 301120K(315904K)->64K(317952K) Eden: 301056K(301056K)->0K(305152K) From: 64K(14848K)->64K(12800K)
[68.999s][info][gc,heap        ] GC(148) ParOldGen: 174217K(175104K)->174225K(175104K)
[68.999s][info][gc,metaspace   ] GC(148) Metaspace: 34942K(35648K)->34942K(35648K) NonClass: 25757K(26240K)->25757K(26240K) Class: 9185K(9408K)->9185K(9408K)
[68.999s][info][gc             ] GC(148) Pause Young (Allocation Failure) 464M->170M(481M) 0.899ms
[68.999s][info][gc,cpu         ] GC(148) User=0.00s Sys=0.00s Real=0.00s
[69.391s][info][gc,start       ] GC(149) Pause Young (Allocation Failure)
[69.392s][info][gc,heap        ] GC(149) PSYoungGen: 305216K(317952K)->64K(293376K) Eden: 305152K(305152K)->0K(292864K) From: 64K(12800K)->64K(512K)
[69.392s][info][gc,heap        ] GC(149) ParOldGen: 174225K(175104K)->174233K(175104K)
[69.392s][info][gc,metaspace   ] GC(149) Metaspace: 34942K(35648K)->34942K(35648K) NonClass: 25757K(26240K)->25757K(26240K) Class: 9185K(9408K)->9185K(9408K)
[69.392s][info][gc             ] GC(149) Pause Young (Allocation Failure) 468M->170M(457M) 0.877ms
[69.392s][info][gc,cpu         ] GC(149) User=0.00s Sys=0.00s Real=0.00s
[70.067s][info][gc,start       ] GC(150) Pause Young (Allocation Failure)
[70.068s][info][gc,heap        ] GC(150) PSYoungGen: 292928K(293376K)->83K(281600K) Eden: 292864K(292864K)->0K(281088K) From: 64K(512K)->83K(512K)
[70.068s][info][gc,heap        ] GC(150) ParOldGen: 174233K(175104K)->174241K(175104K)
[70.068s][info][gc,metaspace   ] GC(150) Metaspace: 34942K(35648K)->34942K(35648K) NonClass: 25757K(26240K)->25757K(26240K) Class: 9185K(9408K)->9185K(9408K)
[70.068s][info][gc             ] GC(150) Pause Young (Allocation Failure) 456M->170M(446M) 0.866ms
[70.068s][info][gc,cpu         ] GC(150) User=0.00s Sys=0.00s Real=0.00s
[71.053s][info][gc,start       ] GC(151) Pause Young (Allocation Failure)
[71.054s][info][gc,heap        ] GC(151) PSYoungGen: 281171K(281600K)->64K(281600K) Eden: 281088K(281088K)->0K(269824K) From: 83K(512K)->64K(11776K)
[71.054s][info][gc,heap        ] GC(151) ParOldGen: 174241K(175104K)->174249K(175104K)
[71.054s][info][gc,metaspace   ] GC(151) Metaspace: 34942K(35648K)->34942K(35648K) NonClass: 25757K(26240K)->25757K(26240K) Class: 9185K(9408K)->9185K(9408K)
[71.054s][info][gc             ] GC(151) Pause Young (Allocation Failure) 444M->170M(446M) 0.972ms
[71.054s][info][gc,cpu         ] GC(151) User=0.00s Sys=0.00s Real=0.00s
[71.541s][info][gc,start       ] GC(152) Pause Young (Allocation Failure)
[71.542s][info][gc,heap        ] GC(152) PSYoungGen: 269888K(281600K)->64K(259584K) Eden: 269824K(269824K)->0K(259072K) From: 64K(11776K)->64K(512K)
[71.542s][info][gc,heap        ] GC(152) ParOldGen: 174249K(175104K)->174257K(175104K)
[71.542s][info][gc,metaspace   ] GC(152) Metaspace: 34942K(35648K)->34942K(35648K) NonClass: 25757K(26240K)->25757K(26240K) Class: 9185K(9408K)->9185K(9408K)
[71.542s][info][gc             ] GC(152) Pause Young (Allocation Failure) 433M->170M(424M) 1.411ms
[71.542s][info][gc,cpu         ] GC(152) User=0.00s Sys=0.00s Real=0.01s
[72.653s][info][gc,start       ] GC(153) Pause Young (Allocation Failure)
[72.655s][info][gc,heap        ] GC(153) PSYoungGen: 259136K(259584K)->64K(259072K) Eden: 259072K(259072K)->0K(248832K) From: 64K(512K)->64K(10240K)
[72.655s][info][gc,heap        ] GC(153) ParOldGen: 174257K(175104K)->174265K(175104K)
[72.655s][info][gc,metaspace   ] GC(153) Metaspace: 34973K(35712K)->34973K(35712K) NonClass: 25788K(26304K)->25788K(26304K) Class: 9185K(9408K)->9185K(9408K)
[72.655s][info][gc             ] GC(153) Pause Young (Allocation Failure) 423M->170M(424M) 1.749ms
[72.655s][info][gc,cpu         ] GC(153) User=0.00s Sys=0.00s Real=0.00s
[73.130s][info][gc,start       ] GC(154) Pause Young (Allocation Failure)
[73.132s][info][gc,heap        ] GC(154) PSYoungGen: 248896K(259072K)->64K(239616K) Eden: 248832K(248832K)->0K(239104K) From: 64K(10240K)->64K(512K)
[73.132s][info][gc,heap        ] GC(154) ParOldGen: 174265K(175104K)->174281K(175104K)
[73.132s][info][gc,metaspace   ] GC(154) Metaspace: 34974K(35712K)->34974K(35712K) NonClass: 25789K(26304K)->25789K(26304K) Class: 9185K(9408K)->9185K(9408K)
[73.132s][info][gc             ] GC(154) Pause Young (Allocation Failure) 413M->170M(405M) 2.167ms
[73.132s][info][gc,cpu         ] GC(154) User=0.00s Sys=0.00s Real=0.00s
[73.312s][info][gc,start       ] GC(155) Pause Young (Allocation Failure)
[73.314s][info][gc,heap        ] GC(155) PSYoungGen: 239168K(239616K)->64K(238592K) Eden: 239104K(239104K)->0K(229888K) From: 64K(512K)->64K(8704K)
[73.314s][info][gc,heap        ] GC(155) ParOldGen: 174281K(175104K)->174297K(175104K)
[73.314s][info][gc,metaspace   ] GC(155) Metaspace: 34974K(35712K)->34974K(35712K) NonClass: 25789K(26304K)->25789K(26304K) Class: 9185K(9408K)->9185K(9408K)
[73.314s][info][gc             ] GC(155) Pause Young (Allocation Failure) 403M->170M(404M) 1.537ms
[73.314s][info][gc,cpu         ] GC(155) User=0.00s Sys=0.00s Real=0.00s
[73.519s][info][gc,start       ] GC(156) Pause Young (Allocation Failure)
[73.521s][info][gc,heap        ] GC(156) PSYoungGen: 229952K(238592K)->64K(221696K) Eden: 229888K(229888K)->0K(221184K) From: 64K(8704K)->64K(512K)
[73.521s][info][gc,heap        ] GC(156) ParOldGen: 174297K(175104K)->174313K(175104K)
[73.521s][info][gc,metaspace   ] GC(156) Metaspace: 34974K(35712K)->34974K(35712K) NonClass: 25789K(26304K)->25789K(26304K) Class: 9185K(9408K)->9185K(9408K)
[73.521s][info][gc             ] GC(156) Pause Young (Allocation Failure) 394M->170M(387M) 2.072ms
[73.521s][info][gc,cpu         ] GC(156) User=0.00s Sys=0.00s Real=0.00s
[74.033s][info][gc,start       ] GC(157) Pause Young (Allocation Failure)
[74.034s][info][gc,heap        ] GC(157) PSYoungGen: 221248K(221696K)->64K(220672K) Eden: 221184K(221184K)->0K(212992K) From: 64K(512K)->64K(7680K)
[74.034s][info][gc,heap        ] GC(157) ParOldGen: 174313K(175104K)->174321K(175104K)
[74.034s][info][gc,metaspace   ] GC(157) Metaspace: 34974K(35712K)->34974K(35712K) NonClass: 25789K(26304K)->25789K(26304K) Class: 9185K(9408K)->9185K(9408K)
[74.034s][info][gc             ] GC(157) Pause Young (Allocation Failure) 386M->170M(386M) 1.364ms
[74.034s][info][gc,cpu         ] GC(157) User=0.00s Sys=0.00s Real=0.00s
[74.293s][info][gc,start       ] GC(158) Pause Young (Allocation Failure)
[74.295s][info][gc,heap        ] GC(158) PSYoungGen: 213056K(220672K)->64K(205824K) Eden: 212992K(212992K)->0K(205312K) From: 64K(7680K)->64K(512K)
[74.295s][info][gc,heap        ] GC(158) ParOldGen: 174321K(175104K)->174329K(175104K)
[74.295s][info][gc,metaspace   ] GC(158) Metaspace: 34974K(35712K)->34974K(35712K) NonClass: 25789K(26304K)->25789K(26304K) Class: 9185K(9408K)->9185K(9408K)
[74.295s][info][gc             ] GC(158) Pause Young (Allocation Failure) 378M->170M(372M) 1.662ms
[74.295s][info][gc,cpu         ] GC(158) User=0.00s Sys=0.00s Real=0.00s
[74.577s][info][gc,start       ] GC(159) Pause Young (Allocation Failure)
[74.632s][info][gc,heap        ] GC(159) PSYoungGen: 205376K(205824K)->6656K(253440K) Eden: 205312K(205312K)->0K(246784K) From: 64K(512K)->6656K(6656K)
[74.632s][info][gc,heap        ] GC(159) ParOldGen: 174329K(175104K)->186289K(186368K)
[74.632s][info][gc,metaspace   ] GC(159) Metaspace: 34976K(35712K)->34976K(35712K) NonClass: 25791K(26304K)->25791K(26304K) Class: 9185K(9408K)->9185K(9408K)
[74.632s][info][gc             ] GC(159) Pause Young (Allocation Failure) 370M->188M(429M) 55.435ms
[74.632s][info][gc,cpu         ] GC(159) User=0.11s Sys=0.01s Real=0.06s
[74.932s][info][gc,start       ] GC(160) Pause Young (Allocation Failure)
[74.991s][info][gc,heap        ] GC(160) PSYoungGen: 253440K(253440K)->6656K(253440K) Eden: 246784K(246784K)->0K(246784K) From: 6656K(6656K)->6656K(6656K)
[74.991s][info][gc,heap        ] GC(160) ParOldGen: 186289K(186368K)->207809K(207872K)
[74.991s][info][gc,metaspace   ] GC(160) Metaspace: 34976K(35712K)->34976K(35712K) NonClass: 25791K(26304K)->25791K(26304K) Class: 9185K(9408K)->9185K(9408K)
[74.991s][info][gc             ] GC(160) Pause Young (Allocation Failure) 429M->209M(450M) 59.155ms
[74.991s][info][gc,cpu         ] GC(160) User=0.10s Sys=0.01s Real=0.06s
[75.183s][info][gc,start       ] GC(161) Pause Young (Allocation Failure)
[75.213s][info][gc,heap        ] GC(161) PSYoungGen: 253440K(253440K)->16192K(267776K) Eden: 246784K(246784K)->0K(246784K) From: 6656K(6656K)->16192K(20992K)
[75.213s][info][gc,heap        ] GC(161) ParOldGen: 207809K(207872K)->208385K(208896K)
[75.213s][info][gc,metaspace   ] GC(161) Metaspace: 34976K(35712K)->34976K(35712K) NonClass: 25791K(26304K)->25791K(26304K) Class: 9185K(9408K)->9185K(9408K)
[75.213s][info][gc             ] GC(161) Pause Young (Allocation Failure) 450M->219M(465M) 29.687ms
[75.213s][info][gc,cpu         ] GC(161) User=0.06s Sys=0.00s Real=0.03s
[75.433s][info][gc,start       ] GC(162) Pause Young (Allocation Failure)
[75.435s][info][gc,heap        ] GC(162) PSYoungGen: 262976K(267776K)->64K(310784K) Eden: 246784K(246784K)->0K(287232K) From: 16192K(20992K)->64K(23552K)
[75.435s][info][gc,heap        ] GC(162) ParOldGen: 208385K(208896K)->208401K(208896K)
[75.435s][info][gc,metaspace   ] GC(162) Metaspace: 34976K(35712K)->34976K(35712K) NonClass: 25791K(26304K)->25791K(26304K) Class: 9185K(9408K)->9185K(9408K)
[75.435s][info][gc             ] GC(162) Pause Young (Allocation Failure) 460M->203M(507M) 1.925ms
[75.435s][info][gc,cpu         ] GC(162) User=0.01s Sys=0.00s Real=0.00s
[76.112s][info][gc,start       ] GC(163) Pause Young (Allocation Failure)
[76.114s][info][gc,heap        ] GC(163) PSYoungGen: 287296K(310784K)->64K(287744K) Eden: 287232K(287232K)->0K(287232K) From: 64K(23552K)->64K(512K)
[76.114s][info][gc,heap        ] GC(163) ParOldGen: 208401K(208896K)->208409K(208896K)
[76.114s][info][gc,metaspace   ] GC(163) Metaspace: 34976K(35712K)->34976K(35712K) NonClass: 25791K(26304K)->25791K(26304K) Class: 9185K(9408K)->9185K(9408K)
[76.114s][info][gc             ] GC(163) Pause Young (Allocation Failure) 484M->203M(485M) 1.835ms
[76.114s][info][gc,cpu         ] GC(163) User=0.00s Sys=0.00s Real=0.00s
[76.634s][info][gc,start       ] GC(164) Pause Young (Allocation Failure)
[76.636s][info][gc,heap        ] GC(164) PSYoungGen: 287296K(287744K)->64K(309760K) Eden: 287232K(287232K)->0K(287744K) From: 64K(512K)->64K(22016K)
[76.636s][info][gc,heap        ] GC(164) ParOldGen: 208409K(208896K)->208425K(208896K)
[76.636s][info][gc,metaspace   ] GC(164) Metaspace: 34976K(35712K)->34976K(35712K) NonClass: 25791K(26304K)->25791K(26304K) Class: 9185K(9408K)->9185K(9408K)
[76.636s][info][gc             ] GC(164) Pause Young (Allocation Failure) 484M->203M(506M) 1.534ms
[76.636s][info][gc,cpu         ] GC(164) User=0.00s Sys=0.00s Real=0.00s
[76.871s][info][gc,start       ] GC(165) Pause Young (Allocation Failure)
[76.872s][info][gc,heap        ] GC(165) PSYoungGen: 287808K(309760K)->64K(309248K) Eden: 287744K(287744K)->0K(287744K) From: 64K(22016K)->64K(21504K)
[76.872s][info][gc,heap        ] GC(165) ParOldGen: 208425K(208896K)->208441K(208896K)
[76.872s][info][gc,metaspace   ] GC(165) Metaspace: 34976K(35712K)->34976K(35712K) NonClass: 25791K(26304K)->25791K(26304K) Class: 9185K(9408K)->9185K(9408K)
[76.872s][info][gc             ] GC(165) Pause Young (Allocation Failure) 484M->203M(506M) 1.230ms
[76.872s][info][gc,cpu         ] GC(165) User=0.01s Sys=0.00s Real=0.00s
[77.105s][info][gc,start       ] GC(166) Pause Young (Allocation Failure)
[77.106s][info][gc,heap        ] GC(166) PSYoungGen: 287808K(309248K)->64K(311296K) Eden: 287744K(287744K)->0K(291328K) From: 64K(21504K)->64K(19968K)
[77.106s][info][gc,heap        ] GC(166) ParOldGen: 208441K(208896K)->208441K(208896K)
[77.106s][info][gc,metaspace   ] GC(166) Metaspace: 34976K(35712K)->34976K(35712K) NonClass: 25791K(26304K)->25791K(26304K) Class: 9185K(9408K)->9185K(9408K)
[77.106s][info][gc             ] GC(166) Pause Young (Allocation Failure) 484M->203M(508M) 0.976ms
[77.106s][info][gc,cpu         ] GC(166) User=0.00s Sys=0.00s Real=0.00s
[77.437s][info][gc,start       ] GC(167) Pause Young (Allocation Failure)
[77.438s][info][gc,heap        ] GC(167) PSYoungGen: 291392K(311296K)->64K(310784K) Eden: 291328K(291328K)->0K(291328K) From: 64K(19968K)->64K(19456K)
[77.438s][info][gc,heap        ] GC(167) ParOldGen: 208441K(208896K)->208441K(208896K)
[77.438s][info][gc,metaspace   ] GC(167) Metaspace: 34976K(35712K)->34976K(35712K) NonClass: 25791K(26304K)->25791K(26304K) Class: 9185K(9408K)->9185K(9408K)
[77.438s][info][gc             ] GC(167) Pause Young (Allocation Failure) 488M->203M(507M) 0.969ms
[77.438s][info][gc,cpu         ] GC(167) User=0.00s Sys=0.00s Real=0.00s
[77.492s][info][gc,start       ] GC(168) Pause Young (Allocation Failure)
[77.494s][info][gc,heap        ] GC(168) PSYoungGen: 291392K(310784K)->64K(313344K) Eden: 291328K(291328K)->0K(295424K) From: 64K(19456K)->64K(17920K)
[77.494s][info][gc,heap        ] GC(168) ParOldGen: 208441K(208896K)->208457K(208896K)
[77.494s][info][gc,metaspace   ] GC(168) Metaspace: 34976K(35712K)->34976K(35712K) NonClass: 25791K(26304K)->25791K(26304K) Class: 9185K(9408K)->9185K(9408K)
[77.494s][info][gc             ] GC(168) Pause Young (Allocation Failure) 488M->203M(510M) 1.323ms
[77.494s][info][gc,cpu         ] GC(168) User=0.00s Sys=0.00s Real=0.00s
[77.549s][info][gc,start       ] GC(169) Pause Young (Allocation Failure)
[77.551s][info][gc,heap        ] GC(169) PSYoungGen: 295488K(313344K)->32K(312832K) Eden: 295424K(295424K)->0K(295424K) From: 64K(17920K)->32K(17408K)
[77.551s][info][gc,heap        ] GC(169) ParOldGen: 208457K(208896K)->208457K(208896K)
[77.551s][info][gc,metaspace   ] GC(169) Metaspace: 34976K(35712K)->34976K(35712K) NonClass: 25791K(26304K)->25791K(26304K) Class: 9185K(9408K)->9185K(9408K)
[77.551s][info][gc             ] GC(169) Pause Young (Allocation Failure) 492M->203M(509M) 1.914ms
[77.551s][info][gc,cpu         ] GC(169) User=0.00s Sys=0.00s Real=0.00s
[77.784s][info][gc,start       ] GC(170) Pause Young (Allocation Failure)
[77.787s][info][gc,heap        ] GC(170) PSYoungGen: 295456K(312832K)->64K(315392K) Eden: 295424K(295424K)->0K(299520K) From: 32K(17408K)->64K(15872K)
[77.787s][info][gc,heap        ] GC(170) ParOldGen: 208457K(208896K)->208457K(208896K)
[77.787s][info][gc,metaspace   ] GC(170) Metaspace: 34976K(35712K)->34976K(35712K) NonClass: 25791K(26304K)->25791K(26304K) Class: 9185K(9408K)->9185K(9408K)
[77.787s][info][gc             ] GC(170) Pause Young (Allocation Failure) 492M->203M(512M) 2.662ms
[77.787s][info][gc,cpu         ] GC(170) User=0.00s Sys=0.00s Real=0.00s
[78.008s][info][gc,start       ] GC(171) Pause Young (Allocation Failure)
[78.009s][info][gc,heap        ] GC(171) PSYoungGen: 299584K(315392K)->64K(315392K) Eden: 299520K(299520K)->0K(299520K) From: 64K(15872K)->64K(15872K)
[78.009s][info][gc,heap        ] GC(171) ParOldGen: 208457K(208896K)->208465K(208896K)
[78.009s][info][gc,metaspace   ] GC(171) Metaspace: 34977K(35712K)->34977K(35712K) NonClass: 25792K(26304K)->25792K(26304K) Class: 9185K(9408K)->9185K(9408K)
[78.009s][info][gc             ] GC(171) Pause Young (Allocation Failure) 496M->203M(512M) 1.312ms
[78.009s][info][gc,cpu         ] GC(171) User=0.00s Sys=0.00s Real=0.00s
[78.095s][info][gc,start       ] GC(172) Pause Young (Allocation Failure)
[78.095s][info][gc,heap        ] GC(172) PSYoungGen: 299584K(315392K)->64K(316928K) Eden: 299520K(299520K)->0K(303104K) From: 64K(15872K)->64K(13824K)
[78.095s][info][gc,heap        ] GC(172) ParOldGen: 208465K(208896K)->208473K(208896K)
[78.095s][info][gc,metaspace   ] GC(172) Metaspace: 34977K(35712K)->34977K(35712K) NonClass: 25792K(26304K)->25792K(26304K) Class: 9185K(9408K)->9185K(9408K)
[78.095s][info][gc             ] GC(172) Pause Young (Allocation Failure) 496M->203M(513M) 0.880ms
[78.095s][info][gc,cpu         ] GC(172) User=0.01s Sys=0.00s Real=0.00s
[78.242s][info][gc,start       ] GC(173) Pause Young (Allocation Failure)
[78.244s][info][gc,heap        ] GC(173) PSYoungGen: 303168K(316928K)->64K(316928K) Eden: 303104K(303104K)->0K(303104K) From: 64K(13824K)->64K(13824K)
[78.244s][info][gc,heap        ] GC(173) ParOldGen: 208473K(208896K)->208481K(208896K)
[78.244s][info][gc,metaspace   ] GC(173) Metaspace: 34977K(35712K)->34977K(35712K) NonClass: 25792K(26304K)->25792K(26304K) Class: 9185K(9408K)->9185K(9408K)
[78.244s][info][gc             ] GC(173) Pause Young (Allocation Failure) 499M->203M(513M) 2.270ms
[78.244s][info][gc,cpu         ] GC(173) User=0.00s Sys=0.00s Real=0.01s
[78.681s][info][gc,start       ] GC(174) Pause Young (Allocation Failure)
[78.682s][info][gc,heap        ] GC(174) PSYoungGen: 303168K(316928K)->64K(318464K) Eden: 303104K(303104K)->0K(306688K) From: 64K(13824K)->64K(11776K)
[78.682s][info][gc,heap        ] GC(174) ParOldGen: 208481K(208896K)->208489K(208896K)
[78.682s][info][gc,metaspace   ] GC(174) Metaspace: 34977K(35712K)->34977K(35712K) NonClass: 25792K(26304K)->25792K(26304K) Class: 9185K(9408K)->9185K(9408K)
[78.682s][info][gc             ] GC(174) Pause Young (Allocation Failure) 499M->203M(515M) 1.514ms
[78.682s][info][gc,cpu         ] GC(174) User=0.01s Sys=0.00s Real=0.01s
[80.068s][info][gc,start       ] GC(175) Pause Young (Allocation Failure)
[80.069s][info][gc,heap        ] GC(175) PSYoungGen: 306752K(318464K)->64K(294912K) Eden: 306688K(306688K)->0K(294400K) From: 64K(11776K)->64K(512K)
[80.069s][info][gc,heap        ] GC(175) ParOldGen: 208489K(208896K)->208497K(208896K)
[80.069s][info][gc,metaspace   ] GC(175) Metaspace: 34977K(35712K)->34977K(35712K) NonClass: 25792K(26304K)->25792K(26304K) Class: 9185K(9408K)->9185K(9408K)
[80.069s][info][gc             ] GC(175) Pause Young (Allocation Failure) 503M->203M(492M) 1.027ms
[80.069s][info][gc,cpu         ] GC(175) User=0.00s Sys=0.00s Real=0.00s
[80.386s][info][gc,start       ] GC(176) Pause Young (Allocation Failure)
[80.388s][info][gc,heap        ] GC(176) PSYoungGen: 294464K(294912K)->64K(283136K) Eden: 294400K(294400K)->0K(282624K) From: 64K(512K)->64K(512K)
[80.388s][info][gc,heap        ] GC(176) ParOldGen: 208497K(208896K)->208513K(208896K)
[80.388s][info][gc,metaspace   ] GC(176) Metaspace: 34977K(35712K)->34977K(35712K) NonClass: 25792K(26304K)->25792K(26304K) Class: 9185K(9408K)->9185K(9408K)
[80.388s][info][gc             ] GC(176) Pause Young (Allocation Failure) 491M->203M(480M) 1.913ms
[80.388s][info][gc,cpu         ] GC(176) User=0.00s Sys=0.00s Real=0.00s
[80.943s][info][gc,start       ] GC(177) Pause Young (Allocation Failure)
[80.944s][info][gc,heap        ] GC(177) PSYoungGen: 282688K(283136K)->64K(282112K) Eden: 282624K(282624K)->0K(271360K) From: 64K(512K)->64K(10752K)
[80.944s][info][gc,heap        ] GC(177) ParOldGen: 208513K(208896K)->208529K(208896K)
[80.944s][info][gc,metaspace   ] GC(177) Metaspace: 34978K(35712K)->34978K(35712K) NonClass: 25793K(26304K)->25793K(26304K) Class: 9185K(9408K)->9185K(9408K)
[80.944s][info][gc             ] GC(177) Pause Young (Allocation Failure) 479M->203M(479M) 1.765ms
[80.944s][info][gc,cpu         ] GC(177) User=0.00s Sys=0.00s Real=0.00s
[81.953s][info][gc,start       ] GC(178) Pause Young (Allocation Failure)
[81.956s][info][gc,heap        ] GC(178) PSYoungGen: 271424K(282112K)->64K(261120K) Eden: 271360K(271360K)->0K(260608K) From: 64K(10752K)->64K(512K)
[81.956s][info][gc,heap        ] GC(178) ParOldGen: 208529K(208896K)->208545K(208896K)
[81.956s][info][gc,metaspace   ] GC(178) Metaspace: 34978K(35712K)->34978K(35712K) NonClass: 25793K(26304K)->25793K(26304K) Class: 9185K(9408K)->9185K(9408K)
[81.956s][info][gc             ] GC(178) Pause Young (Allocation Failure) 468M->203M(459M) 2.759ms
[81.956s][info][gc,cpu         ] GC(178) User=0.01s Sys=0.01s Real=0.00s
[82.374s][info][gc,start       ] GC(179) Pause Young (Allocation Failure)
[82.376s][info][gc,heap        ] GC(179) PSYoungGen: 260672K(261120K)->64K(259584K) Eden: 260608K(260608K)->0K(250368K) From: 64K(512K)->64K(9216K)
[82.376s][info][gc,heap        ] GC(179) ParOldGen: 208545K(208896K)->208561K(208896K)
[82.376s][info][gc,metaspace   ] GC(179) Metaspace: 34978K(35712K)->34978K(35712K) NonClass: 25793K(26304K)->25793K(26304K) Class: 9185K(9408K)->9185K(9408K)
[82.376s][info][gc             ] GC(179) Pause Young (Allocation Failure) 458M->203M(457M) 1.733ms
[82.376s][info][gc,cpu         ] GC(179) User=0.01s Sys=0.00s Real=0.00s
[82.465s][info][gc,start       ] GC(180) Pause Young (Allocation Failure)
[82.468s][info][gc,heap        ] GC(180) PSYoungGen: 250432K(259584K)->64K(241152K) Eden: 250368K(250368K)->0K(240640K) From: 64K(9216K)->64K(512K)
[82.468s][info][gc,heap        ] GC(180) ParOldGen: 208561K(208896K)->208577K(208896K)
[82.468s][info][gc,metaspace   ] GC(180) Metaspace: 34978K(35712K)->34978K(35712K) NonClass: 25793K(26304K)->25793K(26304K) Class: 9185K(9408K)->9185K(9408K)
[82.468s][info][gc             ] GC(180) Pause Young (Allocation Failure) 448M->203M(439M) 2.487ms
[82.468s][info][gc,cpu         ] GC(180) User=0.01s Sys=0.00s Real=0.00s
[83.069s][info][gc,start       ] GC(181) Pause Young (Allocation Failure)
[83.071s][info][gc,heap        ] GC(181) PSYoungGen: 240704K(241152K)->64K(239616K) Eden: 240640K(240640K)->0K(231424K) From: 64K(512K)->64K(8192K)
[83.071s][info][gc,heap        ] GC(181) ParOldGen: 208577K(208896K)->208593K(208896K)
[83.071s][info][gc,metaspace   ] GC(181) Metaspace: 34978K(35712K)->34978K(35712K) NonClass: 25793K(26304K)->25793K(26304K) Class: 9185K(9408K)->9185K(9408K)
[83.071s][info][gc             ] GC(181) Pause Young (Allocation Failure) 438M->203M(438M) 1.747ms
[83.071s][info][gc,cpu         ] GC(181) User=0.00s Sys=0.00s Real=0.00s
[83.322s][info][gc,start       ] GC(182) Pause Young (Allocation Failure)
[83.325s][info][gc,heap        ] GC(182) PSYoungGen: 231488K(239616K)->64K(223232K) Eden: 231424K(231424K)->0K(222720K) From: 64K(8192K)->64K(512K)
[83.325s][info][gc,heap        ] GC(182) ParOldGen: 208593K(208896K)->208601K(208896K)
[83.325s][info][gc,metaspace   ] GC(182) Metaspace: 34978K(35712K)->34978K(35712K) NonClass: 25793K(26304K)->25793K(26304K) Class: 9185K(9408K)->9185K(9408K)
[83.325s][info][gc             ] GC(182) Pause Young (Allocation Failure) 429M->203M(422M) 2.555ms
[83.325s][info][gc,cpu         ] GC(182) User=0.00s Sys=0.00s Real=0.00s
[83.624s][info][gc,start       ] GC(183) Pause Young (Allocation Failure)
[83.654s][info][gc,heap        ] GC(183) PSYoungGen: 222784K(223232K)->7168K(274432K) Eden: 222720K(222720K)->0K(267264K) From: 64K(512K)->7168K(7168K)
[83.654s][info][gc,heap        ] GC(183) ParOldGen: 208601K(208896K)->217873K(218112K)
[83.654s][info][gc,metaspace   ] GC(183) Metaspace: 34978K(35712K)->34978K(35712K) NonClass: 25793K(26304K)->25793K(26304K) Class: 9185K(9408K)->9185K(9408K)
[83.654s][info][gc             ] GC(183) Pause Young (Allocation Failure) 421M->219M(481M) 30.024ms
[83.654s][info][gc,cpu         ] GC(183) User=0.05s Sys=0.01s Real=0.03s
[83.964s][info][gc,start       ] GC(184) Pause Young (Allocation Failure)
[84.028s][info][gc,heap        ] GC(184) PSYoungGen: 274432K(274432K)->12288K(270336K) Eden: 267264K(267264K)->0K(258048K) From: 7168K(7168K)->12288K(12288K)
[84.028s][info][gc,heap        ] GC(184) ParOldGen: 217873K(218112K)->235985K(236032K)
[84.028s][info][gc,metaspace   ] GC(184) Metaspace: 34978K(35712K)->34978K(35712K) NonClass: 25793K(26304K)->25793K(26304K) Class: 9185K(9408K)->9185K(9408K)
[84.028s][info][gc             ] GC(184) Pause Young (Allocation Failure) 480M->242M(494M) 63.714ms
[84.028s][info][gc,cpu         ] GC(184) User=0.10s Sys=0.02s Real=0.06s
[84.222s][info][gc,start       ] GC(185) Pause Young (Allocation Failure)
[84.250s][info][gc,heap        ] GC(185) PSYoungGen: 270336K(270336K)->16064K(279552K) Eden: 258048K(258048K)->0K(258048K) From: 12288K(12288K)->16064K(21504K)
[84.250s][info][gc,heap        ] GC(185) ParOldGen: 235985K(236032K)->236481K(236544K)
[84.250s][info][gc,metaspace   ] GC(185) Metaspace: 34978K(35712K)->34978K(35712K) NonClass: 25793K(26304K)->25793K(26304K) Class: 9185K(9408K)->9185K(9408K)
[84.250s][info][gc             ] GC(185) Pause Young (Allocation Failure) 494M->246M(504M) 27.745ms
[84.250s][info][gc,cpu         ] GC(185) User=0.06s Sys=0.00s Real=0.03s
[84.522s][info][gc,start       ] GC(186) Pause Young (Allocation Failure)
[84.523s][info][gc,heap        ] GC(186) PSYoungGen: 274112K(279552K)->64K(310272K) Eden: 258048K(258048K)->0K(286208K) From: 16064K(21504K)->64K(24064K)
[84.523s][info][gc,heap        ] GC(186) ParOldGen: 236481K(236544K)->236489K(236544K)
[84.523s][info][gc,metaspace   ] GC(186) Metaspace: 34978K(35712K)->34978K(35712K) NonClass: 25793K(26304K)->25793K(26304K) Class: 9185K(9408K)->9185K(9408K)
[84.523s][info][gc             ] GC(186) Pause Young (Allocation Failure) 498M->231M(534M) 1.043ms
[84.523s][info][gc,cpu         ] GC(186) User=0.00s Sys=0.00s Real=0.01s
[85.156s][info][gc,start       ] GC(187) Pause Young (Allocation Failure)
[85.157s][info][gc,heap        ] GC(187) PSYoungGen: 286272K(310272K)->64K(286720K) Eden: 286208K(286208K)->0K(286208K) From: 64K(24064K)->64K(512K)
[85.157s][info][gc,heap        ] GC(187) ParOldGen: 236489K(236544K)->236497K(236544K)
[85.157s][info][gc,metaspace   ] GC(187) Metaspace: 34978K(35712K)->34978K(35712K) NonClass: 25793K(26304K)->25793K(26304K) Class: 9185K(9408K)->9185K(9408K)
[85.157s][info][gc             ] GC(187) Pause Young (Allocation Failure) 510M->231M(511M) 1.131ms
[85.157s][info][gc,cpu         ] GC(187) User=0.00s Sys=0.00s Real=0.00s
[85.659s][info][gc,start       ] GC(188) Pause Young (Allocation Failure)
[85.662s][info][gc,heap        ] GC(188) PSYoungGen: 286272K(286720K)->64K(309760K) Eden: 286208K(286208K)->0K(287232K) From: 64K(512K)->64K(22528K)
[85.662s][info][gc,heap        ] GC(188) ParOldGen: 236497K(236544K)->236513K(236544K)
[85.662s][info][gc,metaspace   ] GC(188) Metaspace: 34978K(35712K)->34978K(35712K) NonClass: 25793K(26304K)->25793K(26304K) Class: 9185K(9408K)->9185K(9408K)
[85.662s][info][gc             ] GC(188) Pause Young (Allocation Failure) 510M->231M(533M) 2.134ms
[85.662s][info][gc,cpu         ] GC(188) User=0.00s Sys=0.00s Real=0.00s
[85.897s][info][gc,start       ] GC(189) Pause Young (Allocation Failure)
[85.899s][info][gc,heap        ] GC(189) PSYoungGen: 287296K(309760K)->32K(308736K) Eden: 287232K(287232K)->0K(287232K) From: 64K(22528K)->32K(21504K)
[85.899s][info][gc,heap        ] GC(189) ParOldGen: 236513K(236544K)->236529K(236544K)
[85.899s][info][gc,metaspace   ] GC(189) Metaspace: 34978K(35712K)->34978K(35712K) NonClass: 25793K(26304K)->25793K(26304K) Class: 9185K(9408K)->9185K(9408K)
[85.899s][info][gc             ] GC(189) Pause Young (Allocation Failure) 511M->231M(532M) 2.058ms
[85.899s][info][gc,cpu         ] GC(189) User=0.01s Sys=0.00s Real=0.00s
[86.142s][info][gc,start       ] GC(190) Pause Young (Allocation Failure)
[86.145s][info][gc,heap        ] GC(190) PSYoungGen: 287264K(308736K)->32K(311296K) Eden: 287232K(287232K)->0K(290816K) From: 32K(21504K)->32K(20480K)
[86.145s][info][gc,heap        ] GC(190) ParOldGen: 236529K(236544K)->236529K(236544K)
[86.145s][info][gc,metaspace   ] GC(190) Metaspace: 34978K(35712K)->34978K(35712K) NonClass: 25793K(26304K)->25793K(26304K) Class: 9185K(9408K)->9185K(9408K)
[86.145s][info][gc             ] GC(190) Pause Young (Allocation Failure) 511M->231M(535M) 2.172ms
[86.145s][info][gc,cpu         ] GC(190) User=0.01s Sys=0.00s Real=0.00s
[86.463s][info][gc,start       ] GC(191) Pause Young (Allocation Failure)
[86.466s][info][gc,heap        ] GC(191) PSYoungGen: 290848K(311296K)->64K(310784K) Eden: 290816K(290816K)->0K(290816K) From: 32K(20480K)->64K(19968K)
[86.466s][info][gc,heap        ] GC(191) ParOldGen: 236529K(236544K)->236529K(236544K)
[86.466s][info][gc,metaspace   ] GC(191) Metaspace: 34978K(35712K)->34978K(35712K) NonClass: 25793K(26304K)->25793K(26304K) Class: 9185K(9408K)->9185K(9408K)
[86.466s][info][gc             ] GC(191) Pause Young (Allocation Failure) 515M->231M(534M) 2.834ms
[86.466s][info][gc,cpu         ] GC(191) User=0.00s Sys=0.00s Real=0.00s
[86.516s][info][gc,start       ] GC(192) Pause Young (Allocation Failure)
[86.518s][info][gc,heap        ] GC(192) PSYoungGen: 290880K(310784K)->32K(312832K) Eden: 290816K(290816K)->0K(294400K) From: 64K(19968K)->32K(18432K)
[86.518s][info][gc,heap        ] GC(192) ParOldGen: 236529K(236544K)->236545K(237056K)
[86.518s][info][gc,metaspace   ] GC(192) Metaspace: 34978K(35712K)->34978K(35712K) NonClass: 25793K(26304K)->25793K(26304K) Class: 9185K(9408K)->9185K(9408K)
[86.518s][info][gc             ] GC(192) Pause Young (Allocation Failure) 515M->231M(537M) 1.598ms
[86.518s][info][gc,cpu         ] GC(192) User=0.00s Sys=0.00s Real=0.00s
[86.577s][info][gc,start       ] GC(193) Pause Young (Allocation Failure)
[86.579s][info][gc,heap        ] GC(193) PSYoungGen: 294432K(312832K)->64K(312320K) Eden: 294400K(294400K)->0K(294400K) From: 32K(18432K)->64K(17920K)
[86.579s][info][gc,heap        ] GC(193) ParOldGen: 236545K(237056K)->236545K(237056K)
[86.579s][info][gc,metaspace   ] GC(193) Metaspace: 34978K(35712K)->34978K(35712K) NonClass: 25793K(26304K)->25793K(26304K) Class: 9185K(9408K)->9185K(9408K)
[86.579s][info][gc             ] GC(193) Pause Young (Allocation Failure) 518M->231M(536M) 1.289ms
[86.579s][info][gc,cpu         ] GC(193) User=0.00s Sys=0.00s Real=0.00s
[86.815s][info][gc,start       ] GC(194) Pause Young (Allocation Failure)
[86.816s][info][gc,heap        ] GC(194) PSYoungGen: 294464K(312320K)->64K(314880K) Eden: 294400K(294400K)->0K(298496K) From: 64K(17920K)->64K(16384K)
[86.816s][info][gc,heap        ] GC(194) ParOldGen: 236545K(237056K)->236561K(237056K)
[86.816s][info][gc,metaspace   ] GC(194) Metaspace: 34978K(35712K)->34978K(35712K) NonClass: 25793K(26304K)->25793K(26304K) Class: 9185K(9408K)->9185K(9408K)
[86.816s][info][gc             ] GC(194) Pause Young (Allocation Failure) 518M->231M(539M) 0.992ms
[86.816s][info][gc,cpu         ] GC(194) User=0.00s Sys=0.00s Real=0.00s
[87.031s][info][gc,start       ] GC(195) Pause Young (Allocation Failure)
[87.032s][info][gc,heap        ] GC(195) PSYoungGen: 298560K(314880K)->64K(314368K) Eden: 298496K(298496K)->0K(298496K) From: 64K(16384K)->64K(15872K)
[87.032s][info][gc,heap        ] GC(195) ParOldGen: 236561K(237056K)->236561K(237056K)
[87.032s][info][gc,metaspace   ] GC(195) Metaspace: 34978K(35712K)->34978K(35712K) NonClass: 25793K(26304K)->25793K(26304K) Class: 9185K(9408K)->9185K(9408K)
[87.032s][info][gc             ] GC(195) Pause Young (Allocation Failure) 522M->231M(538M) 1.021ms
[87.032s][info][gc,cpu         ] GC(195) User=0.00s Sys=0.00s Real=0.00s
[87.113s][info][gc,start       ] GC(196) Pause Young (Allocation Failure)
[87.114s][info][gc,heap        ] GC(196) PSYoungGen: 298560K(314368K)->64K(316928K) Eden: 298496K(298496K)->0K(302080K) From: 64K(15872K)->64K(14848K)
[87.114s][info][gc,heap        ] GC(196) ParOldGen: 236561K(237056K)->236577K(237056K)
[87.114s][info][gc,metaspace   ] GC(196) Metaspace: 34978K(35712K)->34978K(35712K) NonClass: 25793K(26304K)->25793K(26304K) Class: 9185K(9408K)->9185K(9408K)
[87.114s][info][gc             ] GC(196) Pause Young (Allocation Failure) 522M->231M(541M) 0.930ms
[87.114s][info][gc,cpu         ] GC(196) User=0.00s Sys=0.00s Real=0.00s
[87.264s][info][gc,start       ] GC(197) Pause Young (Allocation Failure)
[87.266s][info][gc,heap        ] GC(197) PSYoungGen: 302144K(316928K)->64K(316416K) Eden: 302080K(302080K)->0K(302080K) From: 64K(14848K)->64K(14336K)
[87.266s][info][gc,heap        ] GC(197) ParOldGen: 236577K(237056K)->236577K(237056K)
[87.266s][info][gc,metaspace   ] GC(197) Metaspace: 34978K(35712K)->34978K(35712K) NonClass: 25793K(26304K)->25793K(26304K) Class: 9185K(9408K)->9185K(9408K)
[87.266s][info][gc             ] GC(197) Pause Young (Allocation Failure) 526M->231M(540M) 1.184ms
[87.266s][info][gc,cpu         ] GC(197) User=0.00s Sys=0.00s Real=0.00s
[87.705s][info][gc,start       ] GC(198) Pause Young (Allocation Failure)
[87.707s][info][gc,heap        ] GC(198) PSYoungGen: 302144K(316416K)->64K(290304K) Eden: 302080K(302080K)->0K(289792K) From: 64K(14336K)->64K(512K)
[87.707s][info][gc,heap        ] GC(198) ParOldGen: 236577K(237056K)->236593K(237056K)
[87.707s][info][gc,metaspace   ] GC(198) Metaspace: 34978K(35712K)->34978K(35712K) NonClass: 25793K(26304K)->25793K(26304K) Class: 9185K(9408K)->9185K(9408K)
[87.707s][info][gc             ] GC(198) Pause Young (Allocation Failure) 526M->231M(515M) 2.054ms
[87.707s][info][gc,cpu         ] GC(198) User=0.00s Sys=0.00s Real=0.00s
[89.039s][info][gc,start       ] GC(199) Pause Young (Allocation Failure)
[89.041s][info][gc,heap        ] GC(199) PSYoungGen: 289856K(290304K)->64K(290304K) Eden: 289792K(289792K)->0K(278016K) From: 64K(512K)->64K(12288K)
[89.041s][info][gc,heap        ] GC(199) ParOldGen: 236593K(237056K)->236601K(237056K)
[89.041s][info][gc,metaspace   ] GC(199) Metaspace: 34978K(35712K)->34978K(35712K) NonClass: 25793K(26304K)->25793K(26304K) Class: 9185K(9408K)->9185K(9408K)
[89.041s][info][gc             ] GC(199) Pause Young (Allocation Failure) 514M->231M(515M) 1.814ms
[89.041s][info][gc,cpu         ] GC(199) User=0.00s Sys=0.00s Real=0.00s
[89.289s][info][gc,start       ] GC(200) Pause Young (Allocation Failure)
[89.290s][info][gc,heap        ] GC(200) PSYoungGen: 278080K(290304K)->64K(267776K) Eden: 278016K(278016K)->0K(267264K) From: 64K(12288K)->64K(512K)
[89.290s][info][gc,heap        ] GC(200) ParOldGen: 236601K(237056K)->236609K(237056K)
[89.290s][info][gc,metaspace   ] GC(200) Metaspace: 34978K(35712K)->34978K(35712K) NonClass: 25793K(26304K)->25793K(26304K) Class: 9185K(9408K)->9185K(9408K)
[89.290s][info][gc             ] GC(200) Pause Young (Allocation Failure) 502M->231M(493M) 1.329ms
[89.290s][info][gc,cpu         ] GC(200) User=0.01s Sys=0.00s Real=0.00s
[89.820s][info][gc,start       ] GC(201) Pause Young (Allocation Failure)
[89.821s][info][gc,heap        ] GC(201) PSYoungGen: 267328K(267776K)->64K(267776K) Eden: 267264K(267264K)->0K(257024K) From: 64K(512K)->64K(10752K)
[89.821s][info][gc,heap        ] GC(201) ParOldGen: 236609K(237056K)->236617K(237056K)
[89.821s][info][gc,metaspace   ] GC(201) Metaspace: 34990K(35712K)->34990K(35712K) NonClass: 25805K(26304K)->25805K(26304K) Class: 9185K(9408K)->9185K(9408K)
[89.821s][info][gc             ] GC(201) Pause Young (Allocation Failure) 492M->231M(493M) 1.152ms
[89.821s][info][gc,cpu         ] GC(201) User=0.00s Sys=0.00s Real=0.00s
[90.797s][info][gc,start       ] GC(202) Pause Young (Allocation Failure)
[90.799s][info][gc,heap        ] GC(202) PSYoungGen: 257088K(267776K)->32K(247296K) Eden: 257024K(257024K)->0K(246784K) From: 64K(10752K)->32K(512K)
[90.799s][info][gc,heap        ] GC(202) ParOldGen: 236617K(237056K)->236625K(237056K)
[90.799s][info][gc,metaspace   ] GC(202) Metaspace: 34990K(35712K)->34990K(35712K) NonClass: 25805K(26304K)->25805K(26304K) Class: 9185K(9408K)->9185K(9408K)
[90.799s][info][gc             ] GC(202) Pause Young (Allocation Failure) 482M->231M(473M) 2.295ms
[90.799s][info][gc,cpu         ] GC(202) User=0.01s Sys=0.00s Real=0.00s
[91.193s][info][gc,start       ] GC(203) Pause Young (Allocation Failure)
[91.195s][info][gc,heap        ] GC(203) PSYoungGen: 246816K(247296K)->64K(246784K) Eden: 246784K(246784K)->0K(237056K) From: 32K(512K)->64K(9728K)
[91.195s][info][gc,heap        ] GC(203) ParOldGen: 236625K(237056K)->236633K(237056K)
[91.195s][info][gc,metaspace   ] GC(203) Metaspace: 34990K(35712K)->34990K(35712K) NonClass: 25805K(26304K)->25805K(26304K) Class: 9185K(9408K)->9185K(9408K)
[91.195s][info][gc             ] GC(203) Pause Young (Allocation Failure) 472M->231M(472M) 1.921ms
[91.195s][info][gc,cpu         ] GC(203) User=0.00s Sys=0.00s Real=0.00s
[91.314s][info][gc,start       ] GC(204) Pause Young (Allocation Failure)
[91.316s][info][gc,heap        ] GC(204) PSYoungGen: 237120K(246784K)->64K(228352K) Eden: 237056K(237056K)->0K(227840K) From: 64K(9728K)->64K(512K)
[91.316s][info][gc,heap        ] GC(204) ParOldGen: 236633K(237056K)->236641K(237056K)
[91.316s][info][gc,metaspace   ] GC(204) Metaspace: 34990K(35712K)->34990K(35712K) NonClass: 25805K(26304K)->25805K(26304K) Class: 9185K(9408K)->9185K(9408K)
[91.316s][info][gc             ] GC(204) Pause Young (Allocation Failure) 462M->231M(454M) 2.451ms
[91.316s][info][gc,cpu         ] GC(204) User=0.01s Sys=0.00s Real=0.00s
[91.708s][info][gc,start       ] GC(205) Pause Young (Allocation Failure)
[91.710s][info][gc,heap        ] GC(205) PSYoungGen: 227904K(228352K)->64K(227328K) Eden: 227840K(227840K)->0K(219136K) From: 64K(512K)->64K(8192K)
[91.710s][info][gc,heap        ] GC(205) ParOldGen: 236641K(237056K)->236649K(237056K)
[91.710s][info][gc,metaspace   ] GC(205) Metaspace: 34990K(35712K)->34990K(35712K) NonClass: 25805K(26304K)->25805K(26304K) Class: 9185K(9408K)->9185K(9408K)
[91.710s][info][gc             ] GC(205) Pause Young (Allocation Failure) 453M->231M(453M) 1.893ms
[91.710s][info][gc,cpu         ] GC(205) User=0.00s Sys=0.00s Real=0.00s
[92.049s][info][gc,start       ] GC(206) Pause Young (Allocation Failure)
[92.052s][info][gc,heap        ] GC(206) PSYoungGen: 219200K(227328K)->64K(211456K) Eden: 219136K(219136K)->0K(210944K) From: 64K(8192K)->64K(512K)
[92.052s][info][gc,heap        ] GC(206) ParOldGen: 236649K(237056K)->236657K(237056K)
[92.052s][info][gc,metaspace   ] GC(206) Metaspace: 34990K(35712K)->34990K(35712K) NonClass: 25805K(26304K)->25805K(26304K) Class: 9185K(9408K)->9185K(9408K)
[92.052s][info][gc             ] GC(206) Pause Young (Allocation Failure) 445M->231M(438M) 2.447ms
[92.052s][info][gc,cpu         ] GC(206) User=0.00s Sys=0.00s Real=0.00s
[92.363s][info][gc,start       ] GC(207) Pause Young (Allocation Failure)
[92.376s][info][gc,heap        ] GC(207) PSYoungGen: 211008K(211456K)->3968K(257536K) Eden: 210944K(210944K)->0K(253440K) From: 64K(512K)->3968K(4096K)
[92.376s][info][gc,heap        ] GC(207) ParOldGen: 236657K(237056K)->236673K(237056K)
[92.376s][info][gc,metaspace   ] GC(207) Metaspace: 34990K(35712K)->34990K(35712K) NonClass: 25805K(26304K)->25805K(26304K) Class: 9185K(9408K)->9185K(9408K)
[92.376s][info][gc             ] GC(207) Pause Young (Allocation Failure) 437M->235M(483M) 13.359ms
[92.376s][info][gc,cpu         ] GC(207) User=0.01s Sys=0.00s Real=0.01s
[92.672s][info][gc,start       ] GC(208) Pause Young (Allocation Failure)
[92.729s][info][gc,heap        ] GC(208) PSYoungGen: 257408K(257536K)->7680K(264704K) Eden: 253440K(253440K)->0K(257024K) From: 3968K(4096K)->7680K(7680K)
[92.729s][info][gc,heap        ] GC(208) ParOldGen: 236673K(237056K)->257593K(258048K)
[92.729s][info][gc,metaspace   ] GC(208) Metaspace: 34990K(35712K)->34990K(35712K) NonClass: 25805K(26304K)->25805K(26304K) Class: 9185K(9408K)->9185K(9408K)
[92.729s][info][gc             ] GC(208) Pause Young (Allocation Failure) 482M->259M(510M) 57.135ms
[92.729s][info][gc,cpu         ] GC(208) User=0.09s Sys=0.02s Real=0.06s
[93.025s][info][gc,start       ] GC(209) Pause Young (Allocation Failure)
[93.080s][info][gc,heap        ] GC(209) PSYoungGen: 264704K(264704K)->17408K(274432K) Eden: 257024K(257024K)->0K(257024K) From: 7680K(7680K)->17408K(17408K)
[93.080s][info][gc,heap        ] GC(209) ParOldGen: 257593K(258048K)->269737K(269824K)
[93.080s][info][gc,metaspace   ] GC(209) Metaspace: 34990K(35712K)->34990K(35712K) NonClass: 25805K(26304K)->25805K(26304K) Class: 9185K(9408K)->9185K(9408K)
[93.080s][info][gc             ] GC(209) Pause Young (Allocation Failure) 510M->280M(531M) 55.607ms
[93.080s][info][gc,cpu         ] GC(209) User=0.09s Sys=0.01s Real=0.05s
[93.170s][info][gc,start       ] GC(210) Pause Young (Allocation Failure)
[93.177s][info][gc,heap        ] GC(210) PSYoungGen: 274432K(274432K)->1184K(309248K) Eden: 257024K(257024K)->0K(283648K) From: 17408K(17408K)->1184K(25600K)
[93.177s][info][gc,heap        ] GC(210) ParOldGen: 269737K(269824K)->270057K(270336K)
[93.177s][info][gc,metaspace   ] GC(210) Metaspace: 34990K(35712K)->34990K(35712K) NonClass: 25805K(26304K)->25805K(26304K) Class: 9185K(9408K)->9185K(9408K)
[93.177s][info][gc             ] GC(210) Pause Young (Allocation Failure) 531M->264M(566M) 6.538ms
[93.177s][info][gc,cpu         ] GC(210) User=0.01s Sys=0.00s Real=0.01s
[93.777s][info][gc,start       ] GC(211) Pause Young (Allocation Failure)
[93.778s][info][gc,heap        ] GC(211) PSYoungGen: 284832K(309248K)->64K(284160K) Eden: 283648K(283648K)->0K(283648K) From: 1184K(25600K)->64K(512K)
[93.778s][info][gc,heap        ] GC(211) ParOldGen: 270057K(270336K)->270065K(270336K)
[93.778s][info][gc,metaspace   ] GC(211) Metaspace: 34990K(35712K)->34990K(35712K) NonClass: 25805K(26304K)->25805K(26304K) Class: 9185K(9408K)->9185K(9408K)
[93.778s][info][gc             ] GC(211) Pause Young (Allocation Failure) 541M->263M(541M) 1.146ms
[93.778s][info][gc,cpu         ] GC(211) User=0.00s Sys=0.00s Real=0.00s
[94.195s][info][gc,start       ] GC(212) Pause Young (Allocation Failure)
[94.196s][info][gc,heap        ] GC(212) PSYoungGen: 283712K(284160K)->64K(308224K) Eden: 283648K(283648K)->0K(284672K) From: 64K(512K)->64K(23552K)
[94.196s][info][gc,heap        ] GC(212) ParOldGen: 270065K(270336K)->270073K(270336K)
[94.196s][info][gc,metaspace   ] GC(212) Metaspace: 34991K(35712K)->34991K(35712K) NonClass: 25806K(26304K)->25806K(26304K) Class: 9185K(9408K)->9185K(9408K)
[94.196s][info][gc             ] GC(212) Pause Young (Allocation Failure) 540M->263M(565M) 1.430ms
[94.196s][info][gc,cpu         ] GC(212) User=0.01s Sys=0.00s Real=0.00s
[94.636s][info][gc,start       ] GC(213) Pause Young (Allocation Failure)
[94.637s][info][gc,heap        ] GC(213) PSYoungGen: 284736K(308224K)->64K(307200K) Eden: 284672K(284672K)->0K(284672K) From: 64K(23552K)->64K(22528K)
[94.637s][info][gc,heap        ] GC(213) ParOldGen: 270073K(270336K)->270089K(270336K)
[94.637s][info][gc,metaspace   ] GC(213) Metaspace: 34991K(35712K)->34991K(35712K) NonClass: 25806K(26304K)->25806K(26304K) Class: 9185K(9408K)->9185K(9408K)
[94.637s][info][gc             ] GC(213) Pause Young (Allocation Failure) 541M->263M(564M) 1.341ms
[94.637s][info][gc,cpu         ] GC(213) User=0.00s Sys=0.00s Real=0.00s
[94.857s][info][gc,start       ] GC(214) Pause Young (Allocation Failure)
[94.858s][info][gc,heap        ] GC(214) PSYoungGen: 284736K(307200K)->64K(309760K) Eden: 284672K(284672K)->0K(288256K) From: 64K(22528K)->64K(21504K)
[94.858s][info][gc,heap        ] GC(214) ParOldGen: 270089K(270336K)->270105K(270336K)
[94.858s][info][gc,metaspace   ] GC(214) Metaspace: 34991K(35712K)->34991K(35712K) NonClass: 25806K(26304K)->25806K(26304K) Class: 9185K(9408K)->9185K(9408K)
[94.858s][info][gc             ] GC(214) Pause Young (Allocation Failure) 541M->263M(566M) 1.200ms
[94.858s][info][gc,cpu         ] GC(214) User=0.00s Sys=0.00s Real=0.00s
[95.196s][info][gc,start       ] GC(215) Pause Young (Allocation Failure)
[95.197s][info][gc,heap        ] GC(215) PSYoungGen: 288320K(309760K)->64K(309248K) Eden: 288256K(288256K)->0K(288256K) From: 64K(21504K)->64K(20992K)
[95.197s][info][gc,heap        ] GC(215) ParOldGen: 270105K(270336K)->270105K(270336K)
[95.197s][info][gc,metaspace   ] GC(215) Metaspace: 34991K(35712K)->34991K(35712K) NonClass: 25806K(26304K)->25806K(26304K) Class: 9185K(9408K)->9185K(9408K)
[95.197s][info][gc             ] GC(215) Pause Young (Allocation Failure) 545M->263M(566M) 1.120ms
[95.197s][info][gc,cpu         ] GC(215) User=0.01s Sys=0.00s Real=0.00s
[95.305s][info][gc,start       ] GC(216) Pause Young (Allocation Failure)
[95.306s][info][gc,heap        ] GC(216) PSYoungGen: 288320K(309248K)->64K(311808K) Eden: 288256K(288256K)->0K(292352K) From: 64K(20992K)->64K(19456K)
[95.306s][info][gc,heap        ] GC(216) ParOldGen: 270105K(270336K)->270113K(270336K)
[95.306s][info][gc,metaspace   ] GC(216) Metaspace: 34991K(35712K)->34991K(35712K) NonClass: 25806K(26304K)->25806K(26304K) Class: 9185K(9408K)->9185K(9408K)
[95.306s][info][gc             ] GC(216) Pause Young (Allocation Failure) 545M->263M(568M) 1.095ms
[95.306s][info][gc,cpu         ] GC(216) User=0.00s Sys=0.00s Real=0.00s
[95.360s][info][gc,start       ] GC(217) Pause Young (Allocation Failure)
[95.361s][info][gc,heap        ] GC(217) PSYoungGen: 292416K(311808K)->64K(311296K) Eden: 292352K(292352K)->0K(292352K) From: 64K(19456K)->64K(18944K)
[95.361s][info][gc,heap        ] GC(217) ParOldGen: 270113K(270336K)->270129K(270336K)
[95.361s][info][gc,metaspace   ] GC(217) Metaspace: 34991K(35712K)->34991K(35712K) NonClass: 25806K(26304K)->25806K(26304K) Class: 9185K(9408K)->9185K(9408K)
[95.361s][info][gc             ] GC(217) Pause Young (Allocation Failure) 549M->263M(568M) 1.081ms
[95.361s][info][gc,cpu         ] GC(217) User=0.00s Sys=0.00s Real=0.00s
[95.511s][info][gc,start       ] GC(218) Pause Young (Allocation Failure)
[95.512s][info][gc,heap        ] GC(218) PSYoungGen: 292416K(311296K)->64K(313856K) Eden: 292352K(292352K)->0K(296448K) From: 64K(18944K)->64K(17408K)
[95.512s][info][gc,heap        ] GC(218) ParOldGen: 270129K(270336K)->270129K(270336K)
[95.512s][info][gc,metaspace   ] GC(218) Metaspace: 34991K(35712K)->34991K(35712K) NonClass: 25806K(26304K)->25806K(26304K) Class: 9185K(9408K)->9185K(9408K)
[95.512s][info][gc             ] GC(218) Pause Young (Allocation Failure) 549M->263M(570M) 1.216ms
[95.512s][info][gc,cpu         ] GC(218) User=0.01s Sys=0.00s Real=0.01s
[95.751s][info][gc,start       ] GC(219) Pause Young (Allocation Failure)
[95.753s][info][gc,heap        ] GC(219) PSYoungGen: 296512K(313856K)->64K(313344K) Eden: 296448K(296448K)->0K(296448K) From: 64K(17408K)->64K(16896K)
[95.753s][info][gc,heap        ] GC(219) ParOldGen: 270129K(270336K)->270145K(270336K)
[95.753s][info][gc,metaspace   ] GC(219) Metaspace: 34991K(35712K)->34991K(35712K) NonClass: 25806K(26304K)->25806K(26304K) Class: 9185K(9408K)->9185K(9408K)
[95.753s][info][gc             ] GC(219) Pause Young (Allocation Failure) 553M->263M(570M) 2.149ms
[95.753s][info][gc,cpu         ] GC(219) User=0.00s Sys=0.00s Real=0.01s
[95.892s][info][gc,start       ] GC(220) Pause Young (Allocation Failure)
[95.894s][info][gc,heap        ] GC(220) PSYoungGen: 296512K(313344K)->64K(315904K) Eden: 296448K(296448K)->0K(300544K) From: 64K(16896K)->64K(15360K)
[95.894s][info][gc,heap        ] GC(220) ParOldGen: 270145K(270336K)->270153K(270336K)
[95.894s][info][gc,metaspace   ] GC(220) Metaspace: 34991K(35712K)->34991K(35712K) NonClass: 25806K(26304K)->25806K(26304K) Class: 9185K(9408K)->9185K(9408K)
[95.894s][info][gc             ] GC(220) Pause Young (Allocation Failure) 553M->263M(572M) 2.100ms
[95.894s][info][gc,cpu         ] GC(220) User=0.00s Sys=0.00s Real=0.00s
[95.993s][info][gc,start       ] GC(221) Pause Young (Allocation Failure)
[95.994s][info][gc,heap        ] GC(221) PSYoungGen: 300608K(315904K)->64K(315392K) Eden: 300544K(300544K)->0K(300544K) From: 64K(15360K)->64K(14848K)
[95.994s][info][gc,heap        ] GC(221) ParOldGen: 270153K(270336K)->270161K(270336K)
[95.994s][info][gc,metaspace   ] GC(221) Metaspace: 34991K(35712K)->34991K(35712K) NonClass: 25806K(26304K)->25806K(26304K) Class: 9185K(9408K)->9185K(9408K)
[95.994s][info][gc             ] GC(221) Pause Young (Allocation Failure) 557M->263M(572M) 1.490ms
[95.994s][info][gc,cpu         ] GC(221) User=0.00s Sys=0.00s Real=0.00s
[96.170s][info][gc,start       ] GC(222) Pause Young (Allocation Failure)
[96.171s][info][gc,heap        ] GC(222) PSYoungGen: 300608K(315392K)->64K(317952K) Eden: 300544K(300544K)->0K(304640K) From: 64K(14848K)->64K(13312K)
[96.171s][info][gc,heap        ] GC(222) ParOldGen: 270161K(270336K)->270169K(270336K)
[96.171s][info][gc,metaspace   ] GC(222) Metaspace: 34991K(35712K)->34991K(35712K) NonClass: 25806K(26304K)->25806K(26304K) Class: 9185K(9408K)->9185K(9408K)
[96.171s][info][gc             ] GC(222) Pause Young (Allocation Failure) 557M->263M(574M) 1.080ms
[96.171s][info][gc,cpu         ] GC(222) User=0.00s Sys=0.00s Real=0.00s
[97.065s][info][gc,start       ] GC(223) Pause Young (Allocation Failure)
[97.066s][info][gc,heap        ] GC(223) PSYoungGen: 304704K(317952K)->64K(292864K) Eden: 304640K(304640K)->0K(292352K) From: 64K(13312K)->64K(512K)
[97.066s][info][gc,heap        ] GC(223) ParOldGen: 270169K(270336K)->270177K(270336K)
[97.066s][info][gc,metaspace   ] GC(223) Metaspace: 34991K(35712K)->34991K(35712K) NonClass: 25806K(26304K)->25806K(26304K) Class: 9185K(9408K)->9185K(9408K)
[97.066s][info][gc             ] GC(223) Pause Young (Allocation Failure) 561M->263M(550M) 1.290ms
[97.066s][info][gc,cpu         ] GC(223) User=0.00s Sys=0.00s Real=0.00s
[97.950s][info][gc,start       ] GC(224) Pause Young (Allocation Failure)
[97.951s][info][gc,heap        ] GC(224) PSYoungGen: 292416K(292864K)->64K(281088K) Eden: 292352K(292352K)->0K(280576K) From: 64K(512K)->64K(512K)
[97.951s][info][gc,heap        ] GC(224) ParOldGen: 270177K(270336K)->270185K(270336K)
[97.951s][info][gc,metaspace   ] GC(224) Metaspace: 34991K(35712K)->34991K(35712K) NonClass: 25806K(26304K)->25806K(26304K) Class: 9185K(9408K)->9185K(9408K)
[97.951s][info][gc             ] GC(224) Pause Young (Allocation Failure) 549M->263M(538M) 1.278ms
[97.951s][info][gc,cpu         ] GC(224) User=0.00s Sys=0.00s Real=0.00s
[98.375s][info][gc,start       ] GC(225) Pause Young (Allocation Failure)
[98.376s][info][gc,heap        ] GC(225) PSYoungGen: 280640K(281088K)->64K(280576K) Eden: 280576K(280576K)->0K(269312K) From: 64K(512K)->64K(11264K)
[98.376s][info][gc,heap        ] GC(225) ParOldGen: 270185K(270336K)->270193K(270336K)
[98.376s][info][gc,metaspace   ] GC(225) Metaspace: 34991K(35712K)->34991K(35712K) NonClass: 25806K(26304K)->25806K(26304K) Class: 9185K(9408K)->9185K(9408K)
[98.376s][info][gc             ] GC(225) Pause Young (Allocation Failure) 537M->263M(538M) 1.073ms
[98.376s][info][gc,cpu         ] GC(225) User=0.00s Sys=0.00s Real=0.00s
[99.374s][info][gc,start       ] GC(226) Pause Young (Allocation Failure)
[99.375s][info][gc,heap        ] GC(226) PSYoungGen: 269376K(280576K)->64K(259072K) Eden: 269312K(269312K)->0K(258560K) From: 64K(11264K)->64K(512K)
[99.375s][info][gc,heap        ] GC(226) ParOldGen: 270193K(270336K)->270201K(270336K)
[99.375s][info][gc,metaspace   ] GC(226) Metaspace: 34991K(35712K)->34991K(35712K) NonClass: 25806K(26304K)->25806K(26304K) Class: 9185K(9408K)->9185K(9408K)
[99.375s][info][gc             ] GC(226) Pause Young (Allocation Failure) 526M->263M(517M) 1.715ms
[99.375s][info][gc,cpu         ] GC(226) User=0.00s Sys=0.00s Real=0.00s
[99.788s][info][gc,start       ] GC(227) Pause Young (Allocation Failure)
[99.789s][info][gc,heap        ] GC(227) PSYoungGen: 258624K(259072K)->64K(258048K) Eden: 258560K(258560K)->0K(248320K) From: 64K(512K)->64K(9728K)
[99.789s][info][gc,heap        ] GC(227) ParOldGen: 270201K(270336K)->270209K(270336K)
[99.789s][info][gc,metaspace   ] GC(227) Metaspace: 34991K(35712K)->34991K(35712K) NonClass: 25806K(26304K)->25806K(26304K) Class: 9185K(9408K)->9185K(9408K)
[99.789s][info][gc             ] GC(227) Pause Young (Allocation Failure) 516M->263M(516M) 1.164ms
[99.789s][info][gc,cpu         ] GC(227) User=0.00s Sys=0.00s Real=0.00s
[99.961s][info][gc,start       ] GC(228) Pause Young (Allocation Failure)
[99.962s][info][gc,heap        ] GC(228) PSYoungGen: 248384K(258048K)->64K(239104K) Eden: 248320K(248320K)->0K(238592K) From: 64K(9728K)->64K(512K)
[99.962s][info][gc,heap        ] GC(228) ParOldGen: 270209K(270336K)->270217K(270336K)
[99.962s][info][gc,metaspace   ] GC(228) Metaspace: 34991K(35712K)->34991K(35712K) NonClass: 25806K(26304K)->25806K(26304K) Class: 9185K(9408K)->9185K(9408K)
[99.962s][info][gc             ] GC(228) Pause Young (Allocation Failure) 506M->263M(497M) 1.768ms
[99.962s][info][gc,cpu         ] GC(228) User=0.00s Sys=0.00s Real=0.01s
[100.205s][info][gc,start       ] GC(229) Pause Young (Allocation Failure)
[100.207s][info][gc,heap        ] GC(229) PSYoungGen: 238656K(239104K)->64K(238080K) Eden: 238592K(238592K)->0K(229376K) From: 64K(512K)->64K(8704K)
[100.207s][info][gc,heap        ] GC(229) ParOldGen: 270217K(270336K)->270225K(270336K)
[100.207s][info][gc,metaspace   ] GC(229) Metaspace: 34991K(35712K)->34991K(35712K) NonClass: 25806K(26304K)->25806K(26304K) Class: 9185K(9408K)->9185K(9408K)
[100.207s][info][gc             ] GC(229) Pause Young (Allocation Failure) 496M->263M(496M) 2.523ms
[100.207s][info][gc,cpu         ] GC(229) User=0.00s Sys=0.00s Real=0.00s
[100.675s][info][gc,start       ] GC(230) Pause Young (Allocation Failure)
[100.678s][info][gc,heap        ] GC(230) PSYoungGen: 229440K(238080K)->64K(221184K) Eden: 229376K(229376K)->0K(220672K) From: 64K(8704K)->64K(512K)
[100.678s][info][gc,heap        ] GC(230) ParOldGen: 270225K(270336K)->270233K(270336K)
[100.678s][info][gc,metaspace   ] GC(230) Metaspace: 34991K(35712K)->34991K(35712K) NonClass: 25806K(26304K)->25806K(26304K) Class: 9185K(9408K)->9185K(9408K)
[100.678s][info][gc             ] GC(230) Pause Young (Allocation Failure) 487M->263M(480M) 3.100ms
[100.678s][info][gc,cpu         ] GC(230) User=0.00s Sys=0.00s Real=0.00s
[100.971s][info][gc,start       ] GC(231) Pause Young (Allocation Failure)
[100.972s][info][gc,heap        ] GC(231) PSYoungGen: 220736K(221184K)->64K(220160K) Eden: 220672K(220672K)->0K(212480K) From: 64K(512K)->64K(7680K)
[100.972s][info][gc,heap        ] GC(231) ParOldGen: 270233K(270336K)->270241K(270336K)
[100.972s][info][gc,metaspace   ] GC(231) Metaspace: 34991K(35712K)->34991K(35712K) NonClass: 25806K(26304K)->25806K(26304K) Class: 9185K(9408K)->9185K(9408K)
[100.972s][info][gc             ] GC(231) Pause Young (Allocation Failure) 479M->263M(479M) 1.038ms
[100.972s][info][gc,cpu         ] GC(231) User=0.00s Sys=0.00s Real=0.01s
[101.225s][info][gc,start       ] GC(232) Pause Young (Allocation Failure)
[101.269s][info][gc,heap        ] GC(232) PSYoungGen: 212544K(220160K)->7168K(262144K) Eden: 212480K(212480K)->0K(254976K) From: 64K(7680K)->7168K(7168K)
[101.269s][info][gc,heap        ] GC(232) ParOldGen: 270241K(270336K)->286065K(286208K)
[101.269s][info][gc,metaspace   ] GC(232) Metaspace: 34991K(35712K)->34991K(35712K) NonClass: 25806K(26304K)->25806K(26304K) Class: 9185K(9408K)->9185K(9408K)
[101.269s][info][gc             ] GC(232) Pause Young (Allocation Failure) 471M->286M(535M) 43.713ms
[101.269s][info][gc,cpu         ] GC(232) User=0.07s Sys=0.01s Real=0.04s
[101.563s][info][gc,start       ] GC(233) Pause Young (Allocation Failure)
[101.619s][info][gc,heap        ] GC(233) PSYoungGen: 262144K(262144K)->14848K(269824K) Eden: 254976K(254976K)->0K(254976K) From: 7168K(7168K)->14848K(14848K)
[101.619s][info][gc,heap        ] GC(233) ParOldGen: 286065K(286208K)->300409K(300544K)
[101.619s][info][gc,metaspace   ] GC(233) Metaspace: 34991K(35712K)->34991K(35712K) NonClass: 25806K(26304K)->25806K(26304K) Class: 9185K(9408K)->9185K(9408K)
[101.619s][info][gc             ] GC(233) Pause Young (Allocation Failure) 535M->307M(557M) 55.994ms
[101.619s][info][gc,cpu         ] GC(233) User=0.10s Sys=0.02s Real=0.05s
[101.772s][info][gc,start       ] GC(234) Pause Young (Allocation Failure)
[101.798s][info][gc,heap        ] GC(234) PSYoungGen: 269824K(269824K)->10912K(309760K) Eden: 254976K(254976K)->0K(286720K) From: 14848K(14848K)->10912K(23040K)
[101.798s][info][gc,heap        ] GC(234) ParOldGen: 300409K(300544K)->300793K(301056K)
[101.798s][info][gc,metaspace   ] GC(234) Metaspace: 34991K(35712K)->34991K(35712K) NonClass: 25806K(26304K)->25806K(26304K) Class: 9185K(9408K)->9185K(9408K)
[101.798s][info][gc             ] GC(234) Pause Young (Allocation Failure) 556M->304M(596M) 25.305ms
[101.798s][info][gc,cpu         ] GC(234) User=0.05s Sys=0.00s Real=0.02s
[102.235s][info][gc,start       ] GC(235) Pause Young (Allocation Failure)
[102.236s][info][gc,heap        ] GC(235) PSYoungGen: 297632K(309760K)->64K(287232K) Eden: 286720K(286720K)->0K(286720K) From: 10912K(23040K)->64K(512K)
[102.236s][info][gc,heap        ] GC(235) ParOldGen: 300793K(301056K)->300801K(301056K)
[102.236s][info][gc,metaspace   ] GC(235) Metaspace: 34991K(35712K)->34991K(35712K) NonClass: 25806K(26304K)->25806K(26304K) Class: 9185K(9408K)->9185K(9408K)
[102.236s][info][gc             ] GC(235) Pause Young (Allocation Failure) 584M->293M(574M) 1.293ms
[102.236s][info][gc,cpu         ] GC(235) User=0.01s Sys=0.00s Real=0.00s
[102.780s][info][gc,start       ] GC(236) Pause Young (Allocation Failure)
[102.781s][info][gc,heap        ] GC(236) PSYoungGen: 286784K(287232K)->64K(310272K) Eden: 286720K(286720K)->0K(287744K) From: 64K(512K)->64K(22528K)
[102.781s][info][gc,heap        ] GC(236) ParOldGen: 300801K(301056K)->300809K(301056K)
[102.781s][info][gc,metaspace   ] GC(236) Metaspace: 34991K(35712K)->34991K(35712K) NonClass: 25806K(26304K)->25806K(26304K) Class: 9185K(9408K)->9185K(9408K)
[102.781s][info][gc             ] GC(236) Pause Young (Allocation Failure) 573M->293M(597M) 1.674ms
[102.781s][info][gc,cpu         ] GC(236) User=0.00s Sys=0.00s Real=0.00s
[103.218s][info][gc,start       ] GC(237) Pause Young (Allocation Failure)
[103.219s][info][gc,heap        ] GC(237) PSYoungGen: 287808K(310272K)->64K(309760K) Eden: 287744K(287744K)->0K(287744K) From: 64K(22528K)->64K(22016K)
[103.219s][info][gc,heap        ] GC(237) ParOldGen: 300809K(301056K)->300825K(301056K)
[103.219s][info][gc,metaspace   ] GC(237) Metaspace: 34991K(35712K)->34991K(35712K) NonClass: 25806K(26304K)->25806K(26304K) Class: 9185K(9408K)->9185K(9408K)
[103.219s][info][gc             ] GC(237) Pause Young (Allocation Failure) 574M->293M(596M) 1.336ms
[103.219s][info][gc,cpu         ] GC(237) User=0.00s Sys=0.00s Real=0.00s
[103.440s][info][gc,start       ] GC(238) Pause Young (Allocation Failure)
[103.441s][info][gc,heap        ] GC(238) PSYoungGen: 287808K(309760K)->64K(310784K) Eden: 287744K(287744K)->0K(289792K) From: 64K(22016K)->64K(20992K)
[103.441s][info][gc,heap        ] GC(238) ParOldGen: 300825K(301056K)->300841K(301056K)
[103.441s][info][gc,metaspace   ] GC(238) Metaspace: 34991K(35712K)->34991K(35712K) NonClass: 25806K(26304K)->25806K(26304K) Class: 9185K(9408K)->9185K(9408K)
[103.441s][info][gc             ] GC(238) Pause Young (Allocation Failure) 574M->293M(597M) 1.204ms
[103.441s][info][gc,cpu         ] GC(238) User=0.00s Sys=0.00s Real=0.00s
[103.666s][info][gc,start       ] GC(239) Pause Young (Allocation Failure)
[103.667s][info][gc,heap        ] GC(239) PSYoungGen: 289856K(310784K)->64K(310272K) Eden: 289792K(289792K)->0K(289792K) From: 64K(20992K)->64K(20480K)
[103.667s][info][gc,heap        ] GC(239) ParOldGen: 300841K(301056K)->300841K(301056K)
[103.667s][info][gc,metaspace   ] GC(239) Metaspace: 34991K(35712K)->34991K(35712K) NonClass: 25806K(26304K)->25806K(26304K) Class: 9185K(9408K)->9185K(9408K)
[103.667s][info][gc             ] GC(239) Pause Young (Allocation Failure) 576M->293M(597M) 1.227ms
[103.667s][info][gc,cpu         ] GC(239) User=0.00s Sys=0.00s Real=0.00s
[103.932s][info][gc,start       ] GC(240) Pause Young (Allocation Failure)
[103.933s][info][gc,heap        ] GC(240) PSYoungGen: 289856K(310272K)->64K(312320K) Eden: 289792K(289792K)->0K(293376K) From: 64K(20480K)->64K(18944K)
[103.933s][info][gc,heap        ] GC(240) ParOldGen: 300841K(301056K)->300841K(301056K)
[103.933s][info][gc,metaspace   ] GC(240) Metaspace: 34991K(35712K)->34991K(35712K) NonClass: 25806K(26304K)->25806K(26304K) Class: 9185K(9408K)->9185K(9408K)
[103.933s][info][gc             ] GC(240) Pause Young (Allocation Failure) 576M->293M(599M) 1.071ms
[103.933s][info][gc,cpu         ] GC(240) User=0.00s Sys=0.00s Real=0.00s
[103.986s][info][gc,start       ] GC(241) Pause Young (Allocation Failure)
[103.987s][info][gc,heap        ] GC(241) PSYoungGen: 293440K(312320K)->64K(311808K) Eden: 293376K(293376K)->0K(293376K) From: 64K(18944K)->64K(18432K)
[103.987s][info][gc,heap        ] GC(241) ParOldGen: 300841K(301056K)->300857K(301056K)
[103.987s][info][gc,metaspace   ] GC(241) Metaspace: 34991K(35712K)->34991K(35712K) NonClass: 25806K(26304K)->25806K(26304K) Class: 9185K(9408K)->9185K(9408K)
[103.987s][info][gc             ] GC(241) Pause Young (Allocation Failure) 580M->293M(598M) 1.084ms
[103.987s][info][gc,cpu         ] GC(241) User=0.00s Sys=0.00s Real=0.00s
[104.096s][info][gc,start       ] GC(242) Pause Young (Allocation Failure)
[104.098s][info][gc,heap        ] GC(242) PSYoungGen: 293440K(311808K)->64K(314368K) Eden: 293376K(293376K)->0K(297472K) From: 64K(18432K)->64K(16896K)
[104.098s][info][gc,heap        ] GC(242) ParOldGen: 300857K(301056K)->300857K(301056K)
[104.098s][info][gc,metaspace   ] GC(242) Metaspace: 34991K(35712K)->34991K(35712K) NonClass: 25806K(26304K)->25806K(26304K) Class: 9185K(9408K)->9185K(9408K)
[104.098s][info][gc             ] GC(242) Pause Young (Allocation Failure) 580M->293M(601M) 1.379ms
[104.098s][info][gc,cpu         ] GC(242) User=0.00s Sys=0.00s Real=0.00s
[104.331s][info][gc,start       ] GC(243) Pause Young (Allocation Failure)
[104.333s][info][gc,heap        ] GC(243) PSYoungGen: 297536K(314368K)->32K(313856K) Eden: 297472K(297472K)->0K(297472K) From: 64K(16896K)->32K(16384K)
[104.333s][info][gc,heap        ] GC(243) ParOldGen: 300857K(301056K)->300873K(301056K)
[104.333s][info][gc,metaspace   ] GC(243) Metaspace: 34991K(35712K)->34991K(35712K) NonClass: 25806K(26304K)->25806K(26304K) Class: 9185K(9408K)->9185K(9408K)
[104.333s][info][gc             ] GC(243) Pause Young (Allocation Failure) 584M->293M(600M) 2.292ms
[104.333s][info][gc,cpu         ] GC(243) User=0.01s Sys=0.00s Real=0.01s
[104.502s][info][gc,start       ] GC(244) Pause Young (Allocation Failure)
[104.505s][info][gc,heap        ] GC(244) PSYoungGen: 297504K(313856K)->64K(316416K) Eden: 297472K(297472K)->0K(301056K) From: 32K(16384K)->64K(15360K)
[104.505s][info][gc,heap        ] GC(244) ParOldGen: 300873K(301056K)->300873K(301056K)
[104.505s][info][gc,metaspace   ] GC(244) Metaspace: 34992K(35712K)->34992K(35712K) NonClass: 25807K(26304K)->25807K(26304K) Class: 9185K(9408K)->9185K(9408K)
[104.505s][info][gc             ] GC(244) Pause Young (Allocation Failure) 584M->293M(603M) 2.251ms
[104.505s][info][gc,cpu         ] GC(244) User=0.00s Sys=0.00s Real=0.00s
[104.590s][info][gc,start       ] GC(245) Pause Young (Allocation Failure)
[104.591s][info][gc,heap        ] GC(245) PSYoungGen: 301120K(316416K)->64K(315904K) Eden: 301056K(301056K)->0K(301056K) From: 64K(15360K)->64K(14848K)
[104.591s][info][gc,heap        ] GC(245) ParOldGen: 300873K(301056K)->300889K(301056K)
[104.591s][info][gc,metaspace   ] GC(245) Metaspace: 34992K(35712K)->34992K(35712K) NonClass: 25807K(26304K)->25807K(26304K) Class: 9185K(9408K)->9185K(9408K)
[104.591s][info][gc             ] GC(245) Pause Young (Allocation Failure) 587M->293M(602M) 1.460ms
[104.591s][info][gc,cpu         ] GC(245) User=0.00s Sys=0.00s Real=0.00s
[104.755s][info][gc,start       ] GC(246) Pause Young (Allocation Failure)
[104.756s][info][gc,heap        ] GC(246) PSYoungGen: 301120K(315904K)->64K(317952K) Eden: 301056K(301056K)->0K(304640K) From: 64K(14848K)->64K(13312K)
[104.756s][info][gc,heap        ] GC(246) ParOldGen: 300889K(301056K)->300889K(301056K)
[104.756s][info][gc,metaspace   ] GC(246) Metaspace: 34992K(35712K)->34992K(35712K) NonClass: 25807K(26304K)->25807K(26304K) Class: 9185K(9408K)->9185K(9408K)
[104.756s][info][gc             ] GC(246) Pause Young (Allocation Failure) 587M->293M(604M) 1.068ms
[104.756s][info][gc,cpu         ] GC(246) User=0.01s Sys=0.00s Real=0.00s
[105.669s][info][gc,start       ] GC(247) Pause Young (Allocation Failure)
[105.670s][info][gc,heap        ] GC(247) PSYoungGen: 304704K(317952K)->64K(292864K) Eden: 304640K(304640K)->0K(292352K) From: 64K(13312K)->64K(512K)
[105.670s][info][gc,heap        ] GC(247) ParOldGen: 300889K(301056K)->300897K(301056K)
[105.670s][info][gc,metaspace   ] GC(247) Metaspace: 34992K(35712K)->34992K(35712K) NonClass: 25807K(26304K)->25807K(26304K) Class: 9185K(9408K)->9185K(9408K)
[105.670s][info][gc             ] GC(247) Pause Young (Allocation Failure) 591M->293M(580M) 1.521ms
[105.670s][info][gc,cpu         ] GC(247) User=0.00s Sys=0.00s Real=0.00s
[106.501s][info][gc,start       ] GC(248) Pause Young (Allocation Failure)
[106.503s][info][gc,heap        ] GC(248) PSYoungGen: 292416K(292864K)->64K(281088K) Eden: 292352K(292352K)->0K(280576K) From: 64K(512K)->64K(512K)
[106.503s][info][gc,heap        ] GC(248) ParOldGen: 300897K(301056K)->300905K(301056K)
[106.503s][info][gc,metaspace   ] GC(248) Metaspace: 34992K(35712K)->34992K(35712K) NonClass: 25807K(26304K)->25807K(26304K) Class: 9185K(9408K)->9185K(9408K)
[106.503s][info][gc             ] GC(248) Pause Young (Allocation Failure) 579M->293M(568M) 1.581ms
[106.503s][info][gc,cpu         ] GC(248) User=0.00s Sys=0.00s Real=0.01s
[106.863s][info][gc,start       ] GC(249) Pause Young (Allocation Failure)
[106.864s][info][gc,heap        ] GC(249) PSYoungGen: 280640K(281088K)->64K(280576K) Eden: 280576K(280576K)->0K(269312K) From: 64K(512K)->64K(11264K)
[106.865s][info][gc,heap        ] GC(249) ParOldGen: 300905K(301056K)->300913K(301056K)
[106.865s][info][gc,metaspace   ] GC(249) Metaspace: 34992K(35712K)->34992K(35712K) NonClass: 25807K(26304K)->25807K(26304K) Class: 9185K(9408K)->9185K(9408K)
[106.865s][info][gc             ] GC(249) Pause Young (Allocation Failure) 567M->293M(568M) 1.129ms
[106.865s][info][gc,cpu         ] GC(249) User=0.01s Sys=0.00s Real=0.00s
[107.921s][info][gc,start       ] GC(250) Pause Young (Allocation Failure)
[107.923s][info][gc,heap        ] GC(250) PSYoungGen: 269376K(280576K)->64K(259072K) Eden: 269312K(269312K)->0K(258560K) From: 64K(11264K)->64K(512K)
[107.923s][info][gc,heap        ] GC(250) ParOldGen: 300913K(301056K)->300921K(301056K)
[107.923s][info][gc,metaspace   ] GC(250) Metaspace: 34992K(35712K)->34992K(35712K) NonClass: 25807K(26304K)->25807K(26304K) Class: 9185K(9408K)->9185K(9408K)
[107.923s][info][gc             ] GC(250) Pause Young (Allocation Failure) 556M->293M(547M) 1.903ms
[107.923s][info][gc,cpu         ] GC(250) User=0.00s Sys=0.00s Real=0.01s
[108.339s][info][gc,start       ] GC(251) Pause Young (Allocation Failure)
[108.340s][info][gc,heap        ] GC(251) PSYoungGen: 258624K(259072K)->64K(258048K) Eden: 258560K(258560K)->0K(248320K) From: 64K(512K)->64K(9728K)
[108.340s][info][gc,heap        ] GC(251) ParOldGen: 300921K(301056K)->300929K(301056K)
[108.340s][info][gc,metaspace   ] GC(251) Metaspace: 34992K(35712K)->34992K(35712K) NonClass: 25807K(26304K)->25807K(26304K) Class: 9185K(9408K)->9185K(9408K)
[108.340s][info][gc             ] GC(251) Pause Young (Allocation Failure) 546M->293M(546M) 1.200ms
[108.340s][info][gc,cpu         ] GC(251) User=0.00s Sys=0.00s Real=0.00s
[108.547s][info][gc,start       ] GC(252) Pause Young (Allocation Failure)
[108.548s][info][gc,heap        ] GC(252) PSYoungGen: 248384K(258048K)->64K(239104K) Eden: 248320K(248320K)->0K(238592K) From: 64K(9728K)->64K(512K)
[108.548s][info][gc,heap        ] GC(252) ParOldGen: 300929K(301056K)->300945K(301056K)
[108.548s][info][gc,metaspace   ] GC(252) Metaspace: 34992K(35712K)->34992K(35712K) NonClass: 25807K(26304K)->25807K(26304K) Class: 9185K(9408K)->9185K(9408K)
[108.548s][info][gc             ] GC(252) Pause Young (Allocation Failure) 536M->293M(527M) 1.870ms
[108.548s][info][gc,cpu         ] GC(252) User=0.00s Sys=0.00s Real=0.00s
[108.646s][info][gc,start       ] GC(253) Pause Young (Allocation Failure)
[108.649s][info][gc,heap        ] GC(253) PSYoungGen: 238656K(239104K)->64K(278528K) Eden: 238592K(238592K)->0K(269824K) From: 64K(512K)->64K(8704K)
[108.649s][info][gc,heap        ] GC(253) ParOldGen: 300945K(301056K)->300961K(301056K)
[108.649s][info][gc,metaspace   ] GC(253) Metaspace: 34992K(35712K)->34992K(35712K) NonClass: 25807K(26304K)->25807K(26304K) Class: 9185K(9408K)->9185K(9408K)
[108.649s][info][gc             ] GC(253) Pause Young (Allocation Failure) 526M->293M(566M) 3.359ms
[108.649s][info][gc,cpu         ] GC(253) User=0.00s Sys=0.00s Real=0.00s
[109.257s][info][gc,start       ] GC(254) Pause Young (Allocation Failure)
[109.259s][info][gc,heap        ] GC(254) PSYoungGen: 269888K(278528K)->64K(259584K) Eden: 269824K(269824K)->0K(259072K) From: 64K(8704K)->64K(512K)
[109.259s][info][gc,heap        ] GC(254) ParOldGen: 300961K(301056K)->300969K(301056K)
[109.259s][info][gc,metaspace   ] GC(254) Metaspace: 34992K(35712K)->34992K(35712K) NonClass: 25807K(26304K)->25807K(26304K) Class: 9185K(9408K)->9185K(9408K)
[109.260s][info][gc             ] GC(254) Pause Young (Allocation Failure) 557M->293M(547M) 2.388ms
[109.260s][info][gc,cpu         ] GC(254) User=0.00s Sys=0.00s Real=0.00s
[109.590s][info][gc,start       ] GC(255) Pause Young (Allocation Failure)
[109.591s][info][gc,heap        ] GC(255) PSYoungGen: 259136K(259584K)->256K(256512K) Eden: 259072K(259072K)->0K(248832K) From: 64K(512K)->256K(7680K)
[109.591s][info][gc,heap        ] GC(255) ParOldGen: 300969K(301056K)->300985K(301056K)
[109.591s][info][gc,metaspace   ] GC(255) Metaspace: 34992K(35712K)->34992K(35712K) NonClass: 25807K(26304K)->25807K(26304K) Class: 9185K(9408K)->9185K(9408K)
[109.591s][info][gc             ] GC(255) Pause Young (Allocation Failure) 546M->294M(544M) 1.428ms
[109.591s][info][gc,cpu         ] GC(255) User=0.00s Sys=0.00s Real=0.00s
[109.878s][info][gc,start       ] GC(256) Pause Young (Allocation Failure)
[109.935s][info][gc,heap        ] GC(256) PSYoungGen: 249088K(256512K)->7168K(279040K) Eden: 248832K(248832K)->0K(271872K) From: 256K(7680K)->7168K(7168K)
[109.935s][info][gc,heap        ] GC(256) ParOldGen: 300985K(301056K)->321905K(322048K)
[109.935s][info][gc,metaspace   ] GC(256) Metaspace: 34992K(35712K)->34992K(35712K) NonClass: 25807K(26304K)->25807K(26304K) Class: 9185K(9408K)->9185K(9408K)
[109.936s][info][gc             ] GC(256) Pause Young (Allocation Failure) 537M->321M(587M) 57.640ms
[109.936s][info][gc,cpu         ] GC(256) User=0.09s Sys=0.02s Real=0.06s
[110.250s][info][gc,start       ] GC(257) Pause Young (Allocation Failure)
[110.310s][info][gc,heap        ] GC(257) PSYoungGen: 279040K(279040K)->16384K(288256K) Eden: 271872K(271872K)->0K(271872K) From: 7168K(7168K)->16384K(16384K)
[110.310s][info][gc,heap        ] GC(257) ParOldGen: 321905K(322048K)->336753K(336896K)
[110.310s][info][gc,metaspace   ] GC(257) Metaspace: 34992K(35712K)->34992K(35712K) NonClass: 25807K(26304K)->25807K(26304K) Class: 9185K(9408K)->9185K(9408K)
[110.310s][info][gc             ] GC(257) Pause Young (Allocation Failure) 586M->344M(610M) 59.693ms
[110.310s][info][gc,cpu         ] GC(257) User=0.11s Sys=0.02s Real=0.06s
[110.422s][info][gc,start       ] GC(258) Pause Young (Allocation Failure)
[110.434s][info][gc,heap        ] GC(258) PSYoungGen: 288256K(288256K)->3680K(309760K) Eden: 271872K(271872K)->0K(284160K) From: 16384K(16384K)->3680K(25600K)
[110.434s][info][gc,heap        ] GC(258) ParOldGen: 336753K(336896K)->337153K(337408K)
[110.434s][info][gc,metaspace   ] GC(258) Metaspace: 34992K(35712K)->34992K(35712K) NonClass: 25807K(26304K)->25807K(26304K) Class: 9185K(9408K)->9185K(9408K)
[110.434s][info][gc             ] GC(258) Pause Young (Allocation Failure) 610M->332M(632M) 12.534ms
[110.434s][info][gc,cpu         ] GC(258) User=0.02s Sys=0.00s Real=0.02s
[111.023s][info][gc,start       ] GC(259) Pause Young (Allocation Failure)
[111.025s][info][gc,heap        ] GC(259) PSYoungGen: 287840K(309760K)->64K(284672K) Eden: 284160K(284160K)->0K(284160K) From: 3680K(25600K)->64K(512K)
[111.025s][info][gc,heap        ] GC(259) ParOldGen: 337153K(337408K)->337161K(337408K)
[111.025s][info][gc,metaspace   ] GC(259) Metaspace: 34992K(35712K)->34992K(35712K) NonClass: 25807K(26304K)->25807K(26304K) Class: 9185K(9408K)->9185K(9408K)
[111.025s][info][gc             ] GC(259) Pause Young (Allocation Failure) 610M->329M(607M) 1.313ms
[111.025s][info][gc,cpu         ] GC(259) User=0.00s Sys=0.00s Real=0.00s
[111.436s][info][gc,start       ] GC(260) Pause Young (Allocation Failure)
[111.438s][info][gc,heap        ] GC(260) PSYoungGen: 284224K(284672K)->64K(307712K) Eden: 284160K(284160K)->0K(284672K) From: 64K(512K)->64K(23040K)
[111.438s][info][gc,heap        ] GC(260) ParOldGen: 337161K(337408K)->337169K(337408K)
[111.438s][info][gc,metaspace   ] GC(260) Metaspace: 34992K(35712K)->34992K(35712K) NonClass: 25807K(26304K)->25807K(26304K) Class: 9185K(9408K)->9185K(9408K)
[111.438s][info][gc             ] GC(260) Pause Young (Allocation Failure) 606M->329M(630M) 1.297ms
[111.438s][info][gc,cpu         ] GC(260) User=0.00s Sys=0.00s Real=0.00s
[111.859s][info][gc,start       ] GC(261) Pause Young (Allocation Failure)
[111.860s][info][gc,heap        ] GC(261) PSYoungGen: 284736K(307712K)->64K(307200K) Eden: 284672K(284672K)->0K(284672K) From: 64K(23040K)->64K(22528K)
[111.860s][info][gc,heap        ] GC(261) ParOldGen: 337169K(337408K)->337185K(337408K)
[111.860s][info][gc,metaspace   ] GC(261) Metaspace: 34992K(35712K)->34992K(35712K) NonClass: 25807K(26304K)->25807K(26304K) Class: 9185K(9408K)->9185K(9408K)
[111.860s][info][gc             ] GC(261) Pause Young (Allocation Failure) 607M->329M(629M) 1.303ms
[111.860s][info][gc,cpu         ] GC(261) User=0.00s Sys=0.00s Real=0.00s
[112.086s][info][gc,start       ] GC(262) Pause Young (Allocation Failure)
[112.087s][info][gc,heap        ] GC(262) PSYoungGen: 284736K(307200K)->64K(310272K) Eden: 284672K(284672K)->0K(289280K) From: 64K(22528K)->64K(20992K)
[112.087s][info][gc,heap        ] GC(262) ParOldGen: 337185K(337408K)->337201K(337408K)
[112.087s][info][gc,metaspace   ] GC(262) Metaspace: 34992K(35712K)->34992K(35712K) NonClass: 25807K(26304K)->25807K(26304K) Class: 9185K(9408K)->9185K(9408K)
[112.087s][info][gc             ] GC(262) Pause Young (Allocation Failure) 607M->329M(632M) 1.212ms
[112.087s][info][gc,cpu         ] GC(262) User=0.00s Sys=0.00s Real=0.00s
[112.423s][info][gc,start       ] GC(263) Pause Young (Allocation Failure)
[112.425s][info][gc,heap        ] GC(263) PSYoungGen: 289344K(310272K)->64K(309760K) Eden: 289280K(289280K)->0K(289280K) From: 64K(20992K)->64K(20480K)
[112.425s][info][gc,heap        ] GC(263) ParOldGen: 337201K(337408K)->337201K(337408K)
[112.425s][info][gc,metaspace   ] GC(263) Metaspace: 34992K(35712K)->34992K(35712K) NonClass: 25807K(26304K)->25807K(26304K) Class: 9185K(9408K)->9185K(9408K)
[112.425s][info][gc             ] GC(263) Pause Young (Allocation Failure) 611M->329M(632M) 1.247ms
[112.425s][info][gc,cpu         ] GC(263) User=0.01s Sys=0.00s Real=0.00s
[112.536s][info][gc,start       ] GC(264) Pause Young (Allocation Failure)
[112.537s][info][gc,heap        ] GC(264) PSYoungGen: 289344K(309760K)->64K(312320K) Eden: 289280K(289280K)->0K(293376K) From: 64K(20480K)->64K(18944K)
[112.537s][info][gc,heap        ] GC(264) ParOldGen: 337201K(337408K)->337209K(337408K)
[112.537s][info][gc,metaspace   ] GC(264) Metaspace: 34992K(35712K)->34992K(35712K) NonClass: 25807K(26304K)->25807K(26304K) Class: 9185K(9408K)->9185K(9408K)
[112.537s][info][gc             ] GC(264) Pause Young (Allocation Failure) 611M->329M(634M) 1.086ms
[112.537s][info][gc,cpu         ] GC(264) User=0.00s Sys=0.00s Real=0.00s
[112.588s][info][gc,start       ] GC(265) Pause Young (Allocation Failure)
[112.589s][info][gc,heap        ] GC(265) PSYoungGen: 293440K(312320K)->64K(311808K) Eden: 293376K(293376K)->0K(293376K) From: 64K(18944K)->64K(18432K)
[112.589s][info][gc,heap        ] GC(265) ParOldGen: 337209K(337408K)->337225K(337408K)
[112.589s][info][gc,metaspace   ] GC(265) Metaspace: 34992K(35712K)->34992K(35712K) NonClass: 25807K(26304K)->25807K(26304K) Class: 9185K(9408K)->9185K(9408K)
[112.589s][info][gc             ] GC(265) Pause Young (Allocation Failure) 615M->329M(634M) 1.068ms
[112.589s][info][gc,cpu         ] GC(265) User=0.00s Sys=0.00s Real=0.00s
[112.729s][info][gc,start       ] GC(266) Pause Young (Allocation Failure)
[112.730s][info][gc,heap        ] GC(266) PSYoungGen: 293440K(311808K)->64K(314368K) Eden: 293376K(293376K)->0K(296960K) From: 64K(18432K)->64K(17408K)
[112.730s][info][gc,heap        ] GC(266) ParOldGen: 337225K(337408K)->337225K(337408K)
[112.730s][info][gc,metaspace   ] GC(266) Metaspace: 34992K(35712K)->34992K(35712K) NonClass: 25807K(26304K)->25807K(26304K) Class: 9185K(9408K)->9185K(9408K)
[112.731s][info][gc             ] GC(266) Pause Young (Allocation Failure) 615M->329M(636M) 1.152ms
[112.731s][info][gc,cpu         ] GC(266) User=0.00s Sys=0.00s Real=0.00s
[112.948s][info][gc,start       ] GC(267) Pause Young (Allocation Failure)
[112.949s][info][gc,heap        ] GC(267) PSYoungGen: 297024K(314368K)->64K(313856K) Eden: 296960K(296960K)->0K(296960K) From: 64K(17408K)->64K(16896K)
[112.949s][info][gc,heap        ] GC(267) ParOldGen: 337225K(337408K)->337233K(337408K)
[112.949s][info][gc,metaspace   ] GC(267) Metaspace: 34992K(35712K)->34992K(35712K) NonClass: 25807K(26304K)->25807K(26304K) Class: 9185K(9408K)->9185K(9408K)
[112.949s][info][gc             ] GC(267) Pause Young (Allocation Failure) 619M->329M(636M) 1.157ms
[112.949s][info][gc,cpu         ] GC(267) User=0.00s Sys=0.00s Real=0.00s
[113.089s][info][gc,start       ] GC(268) Pause Young (Allocation Failure)
[113.090s][info][gc,heap        ] GC(268) PSYoungGen: 297024K(313856K)->64K(315904K) Eden: 296960K(296960K)->0K(300544K) From: 64K(16896K)->64K(15360K)
[113.090s][info][gc,heap        ] GC(268) ParOldGen: 337233K(337408K)->337241K(337408K)
[113.090s][info][gc,metaspace   ] GC(268) Metaspace: 34992K(35712K)->34992K(35712K) NonClass: 25807K(26304K)->25807K(26304K) Class: 9185K(9408K)->9185K(9408K)
[113.090s][info][gc             ] GC(268) Pause Young (Allocation Failure) 619M->329M(638M) 1.165ms
[113.090s][info][gc,cpu         ] GC(268) User=0.00s Sys=0.00s Real=0.00s
[113.185s][info][gc,start       ] GC(269) Pause Young (Allocation Failure)
[113.187s][info][gc,heap        ] GC(269) PSYoungGen: 300608K(315904K)->64K(315392K) Eden: 300544K(300544K)->0K(300544K) From: 64K(15360K)->64K(14848K)
[113.187s][info][gc,heap        ] GC(269) ParOldGen: 337241K(337408K)->337249K(337408K)
[113.187s][info][gc,metaspace   ] GC(269) Metaspace: 34992K(35712K)->34992K(35712K) NonClass: 25807K(26304K)->25807K(26304K) Class: 9185K(9408K)->9185K(9408K)
[113.187s][info][gc             ] GC(269) Pause Young (Allocation Failure) 622M->329M(637M) 1.212ms
[113.187s][info][gc,cpu         ] GC(269) User=0.00s Sys=0.00s Real=0.00s
[113.361s][info][gc,start       ] GC(270) Pause Young (Allocation Failure)
[113.362s][info][gc,heap        ] GC(270) PSYoungGen: 300608K(315392K)->64K(317952K) Eden: 300544K(300544K)->0K(304640K) From: 64K(14848K)->64K(13312K)
[113.362s][info][gc,heap        ] GC(270) ParOldGen: 337249K(337408K)->337257K(337408K)
[113.362s][info][gc,metaspace   ] GC(270) Metaspace: 34992K(35712K)->34992K(35712K) NonClass: 25807K(26304K)->25807K(26304K) Class: 9185K(9408K)->9185K(9408K)
[113.362s][info][gc             ] GC(270) Pause Young (Allocation Failure) 622M->329M(640M) 1.210ms
[113.362s][info][gc,cpu         ] GC(270) User=0.00s Sys=0.00s Real=0.01s
[114.248s][info][gc,start       ] GC(271) Pause Young (Allocation Failure)
[114.249s][info][gc,heap        ] GC(271) PSYoungGen: 304704K(317952K)->64K(292864K) Eden: 304640K(304640K)->0K(292352K) From: 64K(13312K)->64K(512K)
[114.249s][info][gc,heap        ] GC(271) ParOldGen: 337257K(337408K)->337265K(337408K)
[114.249s][info][gc,metaspace   ] GC(271) Metaspace: 34992K(35712K)->34992K(35712K) NonClass: 25807K(26304K)->25807K(26304K) Class: 9185K(9408K)->9185K(9408K)
[114.249s][info][gc             ] GC(271) Pause Young (Allocation Failure) 626M->329M(615M) 1.307ms
[114.249s][info][gc,cpu         ] GC(271) User=0.00s Sys=0.00s Real=0.00s
[115.123s][info][gc,start       ] GC(272) Pause Young (Allocation Failure)
[115.124s][info][gc,heap        ] GC(272) PSYoungGen: 292416K(292864K)->64K(281088K) Eden: 292352K(292352K)->0K(280576K) From: 64K(512K)->64K(512K)
[115.124s][info][gc,heap        ] GC(272) ParOldGen: 337265K(337408K)->337273K(337408K)
[115.124s][info][gc,metaspace   ] GC(272) Metaspace: 34992K(35712K)->34992K(35712K) NonClass: 25807K(26304K)->25807K(26304K) Class: 9185K(9408K)->9185K(9408K)
[115.124s][info][gc             ] GC(272) Pause Young (Allocation Failure) 614M->329M(604M) 1.464ms
[115.124s][info][gc,cpu         ] GC(272) User=0.00s Sys=0.00s Real=0.00s
[115.548s][info][gc,start       ] GC(273) Pause Young (Allocation Failure)
[115.549s][info][gc,heap        ] GC(273) PSYoungGen: 280640K(281088K)->64K(280576K) Eden: 280576K(280576K)->0K(269312K) From: 64K(512K)->64K(11264K)
[115.549s][info][gc,heap        ] GC(273) ParOldGen: 337273K(337408K)->337281K(337408K)
[115.549s][info][gc,metaspace   ] GC(273) Metaspace: 34992K(35712K)->34992K(35712K) NonClass: 25807K(26304K)->25807K(26304K) Class: 9185K(9408K)->9185K(9408K)
[115.549s][info][gc             ] GC(273) Pause Young (Allocation Failure) 603M->329M(603M) 1.110ms
[115.549s][info][gc,cpu         ] GC(273) User=0.01s Sys=0.00s Real=0.00s
[116.528s][info][gc,start       ] GC(274) Pause Young (Allocation Failure)
[116.530s][info][gc,heap        ] GC(274) PSYoungGen: 269376K(280576K)->64K(259072K) Eden: 269312K(269312K)->0K(258560K) From: 64K(11264K)->64K(512K)
[116.530s][info][gc,heap        ] GC(274) ParOldGen: 337281K(337408K)->337289K(337408K)
[116.530s][info][gc,metaspace   ] GC(274) Metaspace: 34992K(35712K)->34992K(35712K) NonClass: 25807K(26304K)->25807K(26304K) Class: 9185K(9408K)->9185K(9408K)
[116.530s][info][gc             ] GC(274) Pause Young (Allocation Failure) 592M->329M(582M) 1.840ms
[116.530s][info][gc,cpu         ] GC(274) User=0.00s Sys=0.00s Real=0.00s
[116.929s][info][gc,start       ] GC(275) Pause Young (Allocation Failure)
[116.931s][info][gc,heap        ] GC(275) PSYoungGen: 258624K(259072K)->64K(258560K) Eden: 258560K(258560K)->0K(248320K) From: 64K(512K)->64K(10240K)
[116.931s][info][gc,heap        ] GC(275) ParOldGen: 337289K(337408K)->337297K(337408K)
[116.931s][info][gc,metaspace   ] GC(275) Metaspace: 34992K(35712K)->34992K(35712K) NonClass: 25807K(26304K)->25807K(26304K) Class: 9185K(9408K)->9185K(9408K)
[116.931s][info][gc             ] GC(275) Pause Young (Allocation Failure) 581M->329M(582M) 1.327ms
[116.931s][info][gc,cpu         ] GC(275) User=0.00s Sys=0.00s Real=0.00s
[117.098s][info][gc,start       ] GC(276) Pause Young (Allocation Failure)
[117.100s][info][gc,heap        ] GC(276) PSYoungGen: 248384K(258560K)->64K(239104K) Eden: 248320K(248320K)->0K(238592K) From: 64K(10240K)->64K(512K)
[117.100s][info][gc,heap        ] GC(276) ParOldGen: 337297K(337408K)->337305K(337408K)
[117.100s][info][gc,metaspace   ] GC(276) Metaspace: 34992K(35712K)->34992K(35712K) NonClass: 25807K(26304K)->25807K(26304K) Class: 9185K(9408K)->9185K(9408K)
[117.100s][info][gc             ] GC(276) Pause Young (Allocation Failure) 571M->329M(563M) 2.129ms
[117.100s][info][gc,cpu         ] GC(276) User=0.00s Sys=0.00s Real=0.00s
[117.337s][info][gc,start       ] GC(277) Pause Young (Allocation Failure)
[117.338s][info][gc,heap        ] GC(277) PSYoungGen: 238656K(239104K)->64K(238080K) Eden: 238592K(238592K)->0K(229376K) From: 64K(512K)->64K(8704K)
[117.338s][info][gc,heap        ] GC(277) ParOldGen: 337305K(337408K)->337313K(337408K)
[117.338s][info][gc,metaspace   ] GC(277) Metaspace: 34992K(35712K)->34992K(35712K) NonClass: 25807K(26304K)->25807K(26304K) Class: 9185K(9408K)->9185K(9408K)
[117.338s][info][gc             ] GC(277) Pause Young (Allocation Failure) 562M->329M(562M) 1.758ms
[117.338s][info][gc,cpu         ] GC(277) User=0.00s Sys=0.00s Real=0.00s
[117.804s][info][gc,start       ] GC(278) Pause Young (Allocation Failure)
[117.807s][info][gc,heap        ] GC(278) PSYoungGen: 229440K(238080K)->64K(221184K) Eden: 229376K(229376K)->0K(220672K) From: 64K(8704K)->64K(512K)
[117.807s][info][gc,heap        ] GC(278) ParOldGen: 337313K(337408K)->337321K(337408K)
[117.807s][info][gc,metaspace   ] GC(278) Metaspace: 34992K(35712K)->34992K(35712K) NonClass: 25807K(26304K)->25807K(26304K) Class: 9185K(9408K)->9185K(9408K)
[117.807s][info][gc             ] GC(278) Pause Young (Allocation Failure) 553M->329M(545M) 2.871ms
[117.807s][info][gc,cpu         ] GC(278) User=0.00s Sys=0.00s Real=0.00s
[118.098s][info][gc,start       ] GC(279) Pause Young (Allocation Failure)
[118.100s][info][gc,heap        ] GC(279) PSYoungGen: 220736K(221184K)->64K(220160K) Eden: 220672K(220672K)->0K(212480K) From: 64K(512K)->64K(7680K)
[118.100s][info][gc,heap        ] GC(279) ParOldGen: 337321K(337408K)->337329K(337408K)
[118.100s][info][gc,metaspace   ] GC(279) Metaspace: 34992K(35712K)->34992K(35712K) NonClass: 25807K(26304K)->25807K(26304K) Class: 9185K(9408K)->9185K(9408K)
[118.100s][info][gc             ] GC(279) Pause Young (Allocation Failure) 544M->329M(544M) 2.038ms
[118.100s][info][gc,cpu         ] GC(279) User=0.01s Sys=0.00s Real=0.00s
[118.355s][info][gc,start       ] GC(280) Pause Young (Allocation Failure)
[118.402s][info][gc,heap        ] GC(280) PSYoungGen: 212544K(220160K)->7168K(262144K) Eden: 212480K(212480K)->0K(254976K) From: 64K(7680K)->7168K(7168K)
[118.402s][info][gc,heap        ] GC(280) ParOldGen: 337329K(337408K)->353001K(353280K)
[118.402s][info][gc,metaspace   ] GC(280) Metaspace: 34992K(35712K)->34992K(35712K) NonClass: 25807K(26304K)->25807K(26304K) Class: 9185K(9408K)->9185K(9408K)
[118.402s][info][gc             ] GC(280) Pause Young (Allocation Failure) 536M->351M(601M) 47.053ms
[118.403s][info][gc,cpu         ] GC(280) User=0.08s Sys=0.01s Real=0.05s
[118.700s][info][gc,start       ] GC(281) Pause Young (Allocation Failure)
[118.757s][info][gc,heap        ] GC(281) PSYoungGen: 262144K(262144K)->14336K(269312K) Eden: 254976K(254976K)->0K(254976K) From: 7168K(7168K)->14336K(14336K)
[118.757s][info][gc,heap        ] GC(281) ParOldGen: 353001K(353280K)->367849K(368128K)
[118.757s][info][gc,metaspace   ] GC(281) Metaspace: 34992K(35712K)->34992K(35712K) NonClass: 25807K(26304K)->25807K(26304K) Class: 9185K(9408K)->9185K(9408K)
[118.757s][info][gc             ] GC(281) Pause Young (Allocation Failure) 600M->373M(622M) 57.525ms
[118.757s][info][gc,cpu         ] GC(281) User=0.10s Sys=0.01s Real=0.06s
[118.912s][info][gc,start       ] GC(282) Pause Young (Allocation Failure)
[118.938s][info][gc,heap        ] GC(282) PSYoungGen: 269312K(269312K)->11072K(309760K) Eden: 254976K(254976K)->0K(286720K) From: 14336K(14336K)->11072K(23040K)
[118.938s][info][gc,heap        ] GC(282) ParOldGen: 367849K(368128K)->368249K(368640K)
[118.938s][info][gc,metaspace   ] GC(282) Metaspace: 34992K(35712K)->34992K(35712K) NonClass: 25807K(26304K)->25807K(26304K) Class: 9185K(9408K)->9185K(9408K)
[118.938s][info][gc             ] GC(282) Pause Young (Allocation Failure) 622M->370M(662M) 26.229ms
[118.938s][info][gc,cpu         ] GC(282) User=0.05s Sys=0.01s Real=0.03s
[119.382s][info][gc,start       ] GC(283) Pause Young (Allocation Failure)
[119.384s][info][gc,heap        ] GC(283) PSYoungGen: 297792K(309760K)->64K(287232K) Eden: 286720K(286720K)->0K(286720K) From: 11072K(23040K)->64K(512K)
[119.384s][info][gc,heap        ] GC(283) ParOldGen: 368249K(368640K)->368257K(368640K)
[119.384s][info][gc,metaspace   ] GC(283) Metaspace: 34992K(35712K)->34992K(35712K) NonClass: 25807K(26304K)->25807K(26304K) Class: 9185K(9408K)->9185K(9408K)
[119.384s][info][gc             ] GC(283) Pause Young (Allocation Failure) 650M->359M(640M) 1.394ms
[119.384s][info][gc,cpu         ] GC(283) User=0.00s Sys=0.00s Real=0.00s
[119.929s][info][gc,start       ] GC(284) Pause Young (Allocation Failure)
[119.931s][info][gc,heap        ] GC(284) PSYoungGen: 286784K(287232K)->64K(310272K) Eden: 286720K(286720K)->0K(287744K) From: 64K(512K)->64K(22528K)
[119.931s][info][gc,heap        ] GC(284) ParOldGen: 368257K(368640K)->368265K(368640K)
[119.931s][info][gc,metaspace   ] GC(284) Metaspace: 34992K(35712K)->34992K(35712K) NonClass: 25807K(26304K)->25807K(26304K) Class: 9185K(9408K)->9185K(9408K)
[119.931s][info][gc             ] GC(284) Pause Young (Allocation Failure) 639M->359M(663M) 1.364ms
[119.931s][info][gc,cpu         ] GC(284) User=0.00s Sys=0.00s Real=0.00s
[120.354s][info][gc,start       ] GC(285) Pause Young (Allocation Failure)
[120.355s][info][gc,heap        ] GC(285) PSYoungGen: 287808K(310272K)->64K(309760K) Eden: 287744K(287744K)->0K(287744K) From: 64K(22528K)->64K(22016K)
[120.355s][info][gc,heap        ] GC(285) ParOldGen: 368265K(368640K)->368281K(368640K)
[120.355s][info][gc,metaspace   ] GC(285) Metaspace: 34992K(35712K)->34992K(35712K) NonClass: 25807K(26304K)->25807K(26304K) Class: 9185K(9408K)->9185K(9408K)
[120.355s][info][gc             ] GC(285) Pause Young (Allocation Failure) 640M->359M(662M) 1.347ms
[120.355s][info][gc,cpu         ] GC(285) User=0.00s Sys=0.00s Real=0.00s
[120.585s][info][gc,start       ] GC(286) Pause Young (Allocation Failure)
[120.587s][info][gc,heap        ] GC(286) PSYoungGen: 287808K(309760K)->64K(310784K) Eden: 287744K(287744K)->0K(289792K) From: 64K(22016K)->64K(20992K)
[120.587s][info][gc,heap        ] GC(286) ParOldGen: 368281K(368640K)->368297K(368640K)
[120.587s][info][gc,metaspace   ] GC(286) Metaspace: 34992K(35712K)->34992K(35712K) NonClass: 25807K(26304K)->25807K(26304K) Class: 9185K(9408K)->9185K(9408K)
[120.587s][info][gc             ] GC(286) Pause Young (Allocation Failure) 640M->359M(663M) 1.342ms
[120.587s][info][gc,cpu         ] GC(286) User=0.00s Sys=0.00s Real=0.00s
[120.817s][info][gc,start       ] GC(287) Pause Young (Allocation Failure)
[120.819s][info][gc,heap        ] GC(287) PSYoungGen: 289856K(310784K)->64K(310272K) Eden: 289792K(289792K)->0K(289792K) From: 64K(20992K)->64K(20480K)
[120.819s][info][gc,heap        ] GC(287) ParOldGen: 368297K(368640K)->368297K(368640K)
[120.819s][info][gc,metaspace   ] GC(287) Metaspace: 34992K(35712K)->34992K(35712K) NonClass: 25807K(26304K)->25807K(26304K) Class: 9185K(9408K)->9185K(9408K)
[120.819s][info][gc             ] GC(287) Pause Young (Allocation Failure) 642M->359M(663M) 1.343ms
[120.819s][info][gc,cpu         ] GC(287) User=0.00s Sys=0.00s Real=0.00s
[121.090s][info][gc,start       ] GC(288) Pause Young (Allocation Failure)
[121.091s][info][gc,heap        ] GC(288) PSYoungGen: 289856K(310272K)->64K(312320K) Eden: 289792K(289792K)->0K(293376K) From: 64K(20480K)->64K(18944K)
[121.091s][info][gc,heap        ] GC(288) ParOldGen: 368297K(368640K)->368297K(368640K)
[121.091s][info][gc,metaspace   ] GC(288) Metaspace: 35072K(35776K)->35072K(35776K) NonClass: 25887K(26368K)->25887K(26368K) Class: 9185K(9408K)->9185K(9408K)
[121.091s][info][gc             ] GC(288) Pause Young (Allocation Failure) 642M->359M(665M) 1.251ms
[121.091s][info][gc,cpu         ] GC(288) User=0.00s Sys=0.00s Real=0.00s
[121.144s][info][gc,start       ] GC(289) Pause Young (Allocation Failure)
[121.146s][info][gc,heap        ] GC(289) PSYoungGen: 293440K(312320K)->64K(311808K) Eden: 293376K(293376K)->0K(293376K) From: 64K(18944K)->64K(18432K)
[121.146s][info][gc,heap        ] GC(289) ParOldGen: 368297K(368640K)->368313K(368640K)
[121.146s][info][gc,metaspace   ] GC(289) Metaspace: 35072K(35776K)->35072K(35776K) NonClass: 25887K(26368K)->25887K(26368K) Class: 9185K(9408K)->9185K(9408K)
[121.146s][info][gc             ] GC(289) Pause Young (Allocation Failure) 646M->359M(664M) 1.322ms
[121.146s][info][gc,cpu         ] GC(289) User=0.00s Sys=0.00s Real=0.00s
[121.247s][info][gc,start       ] GC(290) Pause Young (Allocation Failure)
[121.248s][info][gc,heap        ] GC(290) PSYoungGen: 293440K(311808K)->64K(314368K) Eden: 293376K(293376K)->0K(297472K) From: 64K(18432K)->64K(16896K)
[121.248s][info][gc,heap        ] GC(290) ParOldGen: 368313K(368640K)->368313K(368640K)
[121.248s][info][gc,metaspace   ] GC(290) Metaspace: 35072K(35776K)->35072K(35776K) NonClass: 25887K(26368K)->25887K(26368K) Class: 9185K(9408K)->9185K(9408K)
[121.248s][info][gc             ] GC(290) Pause Young (Allocation Failure) 646M->359M(667M) 1.221ms
[121.248s][info][gc,cpu         ] GC(290) User=0.00s Sys=0.00s Real=0.00s
[121.475s][info][gc,start       ] GC(291) Pause Young (Allocation Failure)
[121.476s][info][gc,heap        ] GC(291) PSYoungGen: 297536K(314368K)->64K(313856K) Eden: 297472K(297472K)->0K(297472K) From: 64K(16896K)->64K(16384K)
[121.476s][info][gc,heap        ] GC(291) ParOldGen: 368313K(368640K)->368329K(368640K)
[121.476s][info][gc,metaspace   ] GC(291) Metaspace: 35072K(35776K)->35072K(35776K) NonClass: 25887K(26368K)->25887K(26368K) Class: 9185K(9408K)->9185K(9408K)
[121.476s][info][gc             ] GC(291) Pause Young (Allocation Failure) 650M->359M(666M) 1.312ms
[121.476s][info][gc,cpu         ] GC(291) User=0.01s Sys=0.00s Real=0.00s
[121.649s][info][gc,start       ] GC(292) Pause Young (Allocation Failure)
[121.650s][info][gc,heap        ] GC(292) PSYoungGen: 297536K(313856K)->64K(316416K) Eden: 297472K(297472K)->0K(301056K) From: 64K(16384K)->64K(15360K)
[121.650s][info][gc,heap        ] GC(292) ParOldGen: 368329K(368640K)->368329K(368640K)
[121.650s][info][gc,metaspace   ] GC(292) Metaspace: 35072K(35776K)->35072K(35776K) NonClass: 25887K(26368K)->25887K(26368K) Class: 9185K(9408K)->9185K(9408K)
[121.650s][info][gc             ] GC(292) Pause Young (Allocation Failure) 650M->359M(669M) 1.445ms
[121.650s][info][gc,cpu         ] GC(292) User=0.00s Sys=0.01s Real=0.00s
[121.737s][info][gc,start       ] GC(293) Pause Young (Allocation Failure)
[121.738s][info][gc,heap        ] GC(293) PSYoungGen: 301120K(316416K)->64K(315904K) Eden: 301056K(301056K)->0K(301056K) From: 64K(15360K)->64K(14848K)
[121.738s][info][gc,heap        ] GC(293) ParOldGen: 368329K(368640K)->368345K(368640K)
[121.738s][info][gc,metaspace   ] GC(293) Metaspace: 35072K(35776K)->35072K(35776K) NonClass: 25887K(26368K)->25887K(26368K) Class: 9185K(9408K)->9185K(9408K)
[121.738s][info][gc             ] GC(293) Pause Young (Allocation Failure) 653M->359M(668M) 1.297ms
[121.738s][info][gc,cpu         ] GC(293) User=0.00s Sys=0.00s Real=0.00s
[121.902s][info][gc,start       ] GC(294) Pause Young (Allocation Failure)
[121.903s][info][gc,heap        ] GC(294) PSYoungGen: 301120K(315904K)->64K(317952K) Eden: 301056K(301056K)->0K(304640K) From: 64K(14848K)->64K(13312K)
[121.903s][info][gc,heap        ] GC(294) ParOldGen: 368345K(368640K)->368345K(368640K)
[121.903s][info][gc,metaspace   ] GC(294) Metaspace: 35072K(35776K)->35072K(35776K) NonClass: 25887K(26368K)->25887K(26368K) Class: 9185K(9408K)->9185K(9408K)
[121.903s][info][gc             ] GC(294) Pause Young (Allocation Failure) 653M->359M(670M) 1.234ms
[121.903s][info][gc,cpu         ] GC(294) User=0.00s Sys=0.00s Real=0.01s
[122.825s][info][gc,start       ] GC(295) Pause Young (Allocation Failure)
[122.826s][info][gc,heap        ] GC(295) PSYoungGen: 304704K(317952K)->83K(292864K) Eden: 304640K(304640K)->0K(292352K) From: 64K(13312K)->83K(512K)
[122.827s][info][gc,heap        ] GC(295) ParOldGen: 368345K(368640K)->368353K(368640K)
[122.827s][info][gc,metaspace   ] GC(295) Metaspace: 35072K(35776K)->35072K(35776K) NonClass: 25887K(26368K)->25887K(26368K) Class: 9185K(9408K)->9185K(9408K)
[122.827s][info][gc             ] GC(295) Pause Young (Allocation Failure) 657M->359M(646M) 1.727ms
[122.827s][info][gc,cpu         ] GC(295) User=0.01s Sys=0.00s Real=0.00s
[123.655s][info][gc,start       ] GC(296) Pause Young (Allocation Failure)
[123.657s][info][gc,heap        ] GC(296) PSYoungGen: 292435K(292864K)->64K(281088K) Eden: 292352K(292352K)->0K(280576K) From: 83K(512K)->64K(512K)
[123.657s][info][gc,heap        ] GC(296) ParOldGen: 368353K(368640K)->368361K(368640K)
[123.657s][info][gc,metaspace   ] GC(296) Metaspace: 35072K(35776K)->35072K(35776K) NonClass: 25887K(26368K)->25887K(26368K) Class: 9185K(9408K)->9185K(9408K)
[123.657s][info][gc             ] GC(296) Pause Young (Allocation Failure) 645M->359M(634M) 1.798ms
[123.657s][info][gc,cpu         ] GC(296) User=0.00s Sys=0.00s Real=0.00s
[124.015s][info][gc,start       ] GC(297) Pause Young (Allocation Failure)
[124.016s][info][gc,heap        ] GC(297) PSYoungGen: 280640K(281088K)->64K(280576K) Eden: 280576K(280576K)->0K(269312K) From: 64K(512K)->64K(11264K)
[124.016s][info][gc,heap        ] GC(297) ParOldGen: 368361K(368640K)->368369K(368640K)
[124.016s][info][gc,metaspace   ] GC(297) Metaspace: 35072K(35776K)->35072K(35776K) NonClass: 25887K(26368K)->25887K(26368K) Class: 9185K(9408K)->9185K(9408K)
[124.016s][info][gc             ] GC(297) Pause Young (Allocation Failure) 633M->359M(634M) 1.253ms
[124.016s][info][gc,cpu         ] GC(297) User=0.00s Sys=0.00s Real=0.00s
[125.078s][info][gc,start       ] GC(298) Pause Young (Allocation Failure)
[125.080s][info][gc,heap        ] GC(298) PSYoungGen: 269376K(280576K)->64K(259072K) Eden: 269312K(269312K)->0K(258560K) From: 64K(11264K)->64K(512K)
[125.080s][info][gc,heap        ] GC(298) ParOldGen: 368369K(368640K)->368377K(368640K)
[125.080s][info][gc,metaspace   ] GC(298) Metaspace: 35072K(35776K)->35072K(35776K) NonClass: 25887K(26368K)->25887K(26368K) Class: 9185K(9408K)->9185K(9408K)
[125.080s][info][gc             ] GC(298) Pause Young (Allocation Failure) 622M->359M(613M) 1.785ms
[125.080s][info][gc,cpu         ] GC(298) User=0.00s Sys=0.00s Real=0.00s
[125.478s][info][gc,start       ] GC(299) Pause Young (Allocation Failure)
[125.479s][info][gc,heap        ] GC(299) PSYoungGen: 258624K(259072K)->64K(258048K) Eden: 258560K(258560K)->0K(248320K) From: 64K(512K)->64K(9728K)
[125.479s][info][gc,heap        ] GC(299) ParOldGen: 368377K(368640K)->368385K(368640K)
[125.479s][info][gc,metaspace   ] GC(299) Metaspace: 35072K(35776K)->35072K(35776K) NonClass: 25887K(26368K)->25887K(26368K) Class: 9185K(9408K)->9185K(9408K)
[125.479s][info][gc             ] GC(299) Pause Young (Allocation Failure) 612M->359M(612M) 1.304ms
[125.479s][info][gc,cpu         ] GC(299) User=0.00s Sys=0.00s Real=0.00s
[125.675s][info][gc,start       ] GC(300) Pause Young (Allocation Failure)
[125.678s][info][gc,heap        ] GC(300) PSYoungGen: 248384K(258048K)->64K(239104K) Eden: 248320K(248320K)->0K(238592K) From: 64K(9728K)->64K(512K)
[125.678s][info][gc,heap        ] GC(300) ParOldGen: 368385K(368640K)->368393K(368640K)
[125.678s][info][gc,metaspace   ] GC(300) Metaspace: 35072K(35776K)->35072K(35776K) NonClass: 25887K(26368K)->25887K(26368K) Class: 9185K(9408K)->9185K(9408K)
[125.678s][info][gc             ] GC(300) Pause Young (Allocation Failure) 602M->359M(593M) 2.908ms
[125.678s][info][gc,cpu         ] GC(300) User=0.00s Sys=0.01s Real=0.00s
[125.771s][info][gc,start       ] GC(301) Pause Young (Allocation Failure)
[125.773s][info][gc,heap        ] GC(301) PSYoungGen: 238656K(239104K)->64K(238080K) Eden: 238592K(238592K)->0K(229376K) From: 64K(512K)->64K(8704K)
[125.773s][info][gc,heap        ] GC(301) ParOldGen: 368393K(368640K)->368401K(368640K)
[125.773s][info][gc,metaspace   ] GC(301) Metaspace: 35072K(35776K)->35072K(35776K) NonClass: 25887K(26368K)->25887K(26368K) Class: 9185K(9408K)->9185K(9408K)
[125.773s][info][gc             ] GC(301) Pause Young (Allocation Failure) 592M->359M(592M) 1.998ms
[125.773s][info][gc,cpu         ] GC(301) User=0.00s Sys=0.00s Real=0.01s
[126.356s][info][gc,start       ] GC(302) Pause Young (Allocation Failure)
[126.360s][info][gc,heap        ] GC(302) PSYoungGen: 229440K(238080K)->64K(221184K) Eden: 229376K(229376K)->0K(220672K) From: 64K(8704K)->64K(512K)
[126.360s][info][gc,heap        ] GC(302) ParOldGen: 368401K(368640K)->368409K(368640K)
[126.360s][info][gc,metaspace   ] GC(302) Metaspace: 35072K(35776K)->35072K(35776K) NonClass: 25887K(26368K)->25887K(26368K) Class: 9185K(9408K)->9185K(9408K)
[126.360s][info][gc             ] GC(302) Pause Young (Allocation Failure) 583M->359M(576M) 3.345ms
[126.360s][info][gc,cpu         ] GC(302) User=0.00s Sys=0.00s Real=0.00s
[126.585s][info][gc,start       ] GC(303) Pause Young (Allocation Failure)
[126.587s][info][gc,heap        ] GC(303) PSYoungGen: 220736K(221184K)->64K(220160K) Eden: 220672K(220672K)->0K(212480K) From: 64K(512K)->64K(7680K)
[126.587s][info][gc,heap        ] GC(303) ParOldGen: 368409K(368640K)->368425K(368640K)
[126.587s][info][gc,metaspace   ] GC(303) Metaspace: 35072K(35776K)->35072K(35776K) NonClass: 25887K(26368K)->25887K(26368K) Class: 9185K(9408K)->9185K(9408K)
[126.587s][info][gc             ] GC(303) Pause Young (Allocation Failure) 575M->359M(575M) 2.460ms
[126.587s][info][gc,cpu         ] GC(303) User=0.00s Sys=0.00s Real=0.00s
[126.875s][info][gc,start       ] GC(304) Pause Young (Allocation Failure)
[126.906s][info][gc,heap        ] GC(304) PSYoungGen: 212544K(220160K)->7168K(262144K) Eden: 212480K(212480K)->0K(254976K) From: 64K(7680K)->7168K(7168K)
[126.906s][info][gc,heap        ] GC(304) ParOldGen: 368425K(368640K)->376417K(376832K)
[126.906s][info][gc,metaspace   ] GC(304) Metaspace: 35072K(35776K)->35072K(35776K) NonClass: 25887K(26368K)->25887K(26368K) Class: 9185K(9408K)->9185K(9408K)
[126.906s][info][gc             ] GC(304) Pause Young (Allocation Failure) 567M->374M(624M) 30.567ms
[126.906s][info][gc,cpu         ] GC(304) User=0.05s Sys=0.00s Real=0.03s
[127.201s][info][gc,start       ] GC(305) Pause Young (Allocation Failure)
[127.257s][info][gc,heap        ] GC(305) PSYoungGen: 262144K(262144K)->11776K(267776K) Eden: 254976K(254976K)->0K(256000K) From: 7168K(7168K)->11776K(11776K)
[127.257s][info][gc,heap        ] GC(305) ParOldGen: 376417K(376832K)->393625K(393728K)
[127.257s][info][gc,metaspace   ] GC(305) Metaspace: 35072K(35776K)->35072K(35776K) NonClass: 25887K(26368K)->25887K(26368K) Class: 9185K(9408K)->9185K(9408K)
[127.257s][info][gc             ] GC(305) Pause Young (Allocation Failure) 623M->395M(646M) 55.787ms
[127.257s][info][gc,cpu         ] GC(305) User=0.10s Sys=0.02s Real=0.06s
[127.473s][info][gc,start       ] GC(306) Pause Young (Allocation Failure)
[127.514s][info][gc,heap        ] GC(306) PSYoungGen: 267776K(267776K)->18752K(305664K) Eden: 256000K(256000K)->0K(284672K) From: 11776K(11776K)->18752K(20992K)
[127.514s][info][gc,heap        ] GC(306) ParOldGen: 393625K(393728K)->394089K(394240K)
[127.514s][info][gc,metaspace   ] GC(306) Metaspace: 35072K(35776K)->35072K(35776K) NonClass: 25887K(26368K)->25887K(26368K) Class: 9185K(9408K)->9185K(9408K)
[127.514s][info][gc             ] GC(306) Pause Young (Allocation Failure) 645M->403M(683M) 41.178ms
[127.514s][info][gc,cpu         ] GC(306) User=0.07s Sys=0.01s Real=0.04s
[127.801s][info][gc,start       ] GC(307) Pause Young (Allocation Failure)
[127.802s][info][gc,heap        ] GC(307) PSYoungGen: 303424K(305664K)->64K(309248K) Eden: 284672K(284672K)->0K(284672K) From: 18752K(20992K)->64K(24576K)
[127.802s][info][gc,heap        ] GC(307) ParOldGen: 394089K(394240K)->394097K(394240K)
[127.802s][info][gc,metaspace   ] GC(307) Metaspace: 35072K(35776K)->35072K(35776K) NonClass: 25887K(26368K)->25887K(26368K) Class: 9185K(9408K)->9185K(9408K)
[127.802s][info][gc             ] GC(307) Pause Young (Allocation Failure) 681M->384M(687M) 1.474ms
[127.802s][info][gc,cpu         ] GC(307) User=0.00s Sys=0.00s Real=0.01s
[128.431s][info][gc,start       ] GC(308) Pause Young (Allocation Failure)
[128.433s][info][gc,heap        ] GC(308) PSYoungGen: 284736K(309248K)->64K(306176K) Eden: 284672K(284672K)->0K(285696K) From: 64K(24576K)->64K(20480K)
[128.433s][info][gc,heap        ] GC(308) ParOldGen: 394097K(394240K)->394105K(394240K)
[128.433s][info][gc,metaspace   ] GC(308) Metaspace: 35073K(35776K)->35073K(35776K) NonClass: 25888K(26368K)->25888K(26368K) Class: 9185K(9408K)->9185K(9408K)
[128.433s][info][gc             ] GC(308) Pause Young (Allocation Failure) 662M->384M(684M) 1.582ms
[128.433s][info][gc,cpu         ] GC(308) User=0.01s Sys=0.00s Real=0.01s
[128.882s][info][gc,start       ] GC(309) Pause Young (Allocation Failure)
[128.883s][info][gc,heap        ] GC(309) PSYoungGen: 285760K(306176K)->64K(308224K) Eden: 285696K(285696K)->0K(285696K) From: 64K(20480K)->64K(22528K)
[128.883s][info][gc,heap        ] GC(309) ParOldGen: 394105K(394240K)->394121K(394240K)
[128.883s][info][gc,metaspace   ] GC(309) Metaspace: 35073K(35776K)->35073K(35776K) NonClass: 25888K(26368K)->25888K(26368K) Class: 9185K(9408K)->9185K(9408K)
[128.883s][info][gc             ] GC(309) Pause Young (Allocation Failure) 663M->384M(686M) 1.431ms
[128.883s][info][gc,cpu         ] GC(309) User=0.01s Sys=0.00s Real=0.01s
[129.103s][info][gc,start       ] GC(310) Pause Young (Allocation Failure)
[129.104s][info][gc,heap        ] GC(310) PSYoungGen: 285760K(308224K)->32K(308736K) Eden: 285696K(285696K)->0K(289280K) From: 64K(22528K)->32K(19456K)
[129.104s][info][gc,heap        ] GC(310) ParOldGen: 394121K(394240K)->394137K(394240K)
[129.104s][info][gc,metaspace   ] GC(310) Metaspace: 35073K(35776K)->35073K(35776K) NonClass: 25888K(26368K)->25888K(26368K) Class: 9185K(9408K)->9185K(9408K)
[129.104s][info][gc             ] GC(310) Pause Young (Allocation Failure) 663M->384M(686M) 1.332ms
[129.104s][info][gc,cpu         ] GC(310) User=0.01s Sys=0.00s Real=0.00s
[129.329s][info][gc,start       ] GC(311) Pause Young (Allocation Failure)
[129.330s][info][gc,heap        ] GC(311) PSYoungGen: 289312K(308736K)->64K(310272K) Eden: 289280K(289280K)->0K(289280K) From: 32K(19456K)->64K(20992K)
[129.330s][info][gc,heap        ] GC(311) ParOldGen: 394137K(394240K)->394137K(394240K)
[129.330s][info][gc,metaspace   ] GC(311) Metaspace: 35073K(35776K)->35073K(35776K) NonClass: 25888K(26368K)->25888K(26368K) Class: 9185K(9408K)->9185K(9408K)
[129.330s][info][gc             ] GC(311) Pause Young (Allocation Failure) 667M->384M(688M) 1.383ms
[129.330s][info][gc,cpu         ] GC(311) User=0.00s Sys=0.00s Real=0.00s
[129.644s][info][gc,start       ] GC(312) Pause Young (Allocation Failure)
[129.645s][info][gc,heap        ] GC(312) PSYoungGen: 289344K(310272K)->64K(310272K) Eden: 289280K(289280K)->0K(292864K) From: 64K(20992K)->64K(17408K)
[129.645s][info][gc,heap        ] GC(312) ParOldGen: 394137K(394240K)->394137K(394240K)
[129.645s][info][gc,metaspace   ] GC(312) Metaspace: 35073K(35776K)->35073K(35776K) NonClass: 25888K(26368K)->25888K(26368K) Class: 9185K(9408K)->9185K(9408K)
[129.645s][info][gc             ] GC(312) Pause Young (Allocation Failure) 667M->384M(688M) 1.695ms
[129.645s][info][gc,cpu         ] GC(312) User=0.00s Sys=0.00s Real=0.00s
[129.698s][info][gc,start       ] GC(313) Pause Young (Allocation Failure)
[129.699s][info][gc,heap        ] GC(313) PSYoungGen: 292928K(310272K)->64K(311808K) Eden: 292864K(292864K)->0K(292864K) From: 64K(17408K)->64K(18944K)
[129.699s][info][gc,heap        ] GC(313) ParOldGen: 394137K(394240K)->394153K(394240K)
[129.699s][info][gc,metaspace   ] GC(313) Metaspace: 35073K(35776K)->35073K(35776K) NonClass: 25888K(26368K)->25888K(26368K) Class: 9185K(9408K)->9185K(9408K)
[129.699s][info][gc             ] GC(313) Pause Young (Allocation Failure) 670M->384M(689M) 1.313ms
[129.699s][info][gc,cpu         ] GC(313) User=0.01s Sys=0.00s Real=0.00s
[129.755s][info][gc,start       ] GC(314) Pause Young (Allocation Failure)
[129.756s][info][gc,heap        ] GC(314) PSYoungGen: 292928K(311808K)->64K(312320K) Eden: 292864K(292864K)->0K(296960K) From: 64K(18944K)->64K(15360K)
[129.756s][info][gc,heap        ] GC(314) ParOldGen: 394153K(394240K)->394153K(394240K)
[129.756s][info][gc,metaspace   ] GC(314) Metaspace: 35073K(35776K)->35073K(35776K) NonClass: 25888K(26368K)->25888K(26368K) Class: 9185K(9408K)->9185K(9408K)
[129.756s][info][gc             ] GC(314) Pause Young (Allocation Failure) 670M->384M(690M) 1.317ms
[129.756s][info][gc,cpu         ] GC(314) User=0.00s Sys=0.00s Real=0.00s
[129.981s][info][gc,start       ] GC(315) Pause Young (Allocation Failure)
[129.982s][info][gc,heap        ] GC(315) PSYoungGen: 297024K(312320K)->64K(313856K) Eden: 296960K(296960K)->0K(296960K) From: 64K(15360K)->64K(16896K)
[129.982s][info][gc,heap        ] GC(315) ParOldGen: 394153K(394240K)->394169K(394240K)
[129.982s][info][gc,metaspace   ] GC(315) Metaspace: 35073K(35776K)->35073K(35776K) NonClass: 25888K(26368K)->25888K(26368K) Class: 9185K(9408K)->9185K(9408K)
[129.982s][info][gc             ] GC(315) Pause Young (Allocation Failure) 674M->384M(691M) 1.439ms
[129.982s][info][gc,cpu         ] GC(315) User=0.01s Sys=0.00s Real=0.01s
[130.187s][info][gc,start       ] GC(316) Pause Young (Allocation Failure)
[130.188s][info][gc,heap        ] GC(316) PSYoungGen: 297024K(313856K)->64K(315392K) Eden: 296960K(296960K)->0K(301056K) From: 64K(16896K)->64K(14336K)
[130.188s][info][gc,heap        ] GC(316) ParOldGen: 394169K(394240K)->394169K(394240K)
[130.188s][info][gc,metaspace   ] GC(316) Metaspace: 35073K(35776K)->35073K(35776K) NonClass: 25888K(26368K)->25888K(26368K) Class: 9185K(9408K)->9185K(9408K)
[130.188s][info][gc             ] GC(316) Pause Young (Allocation Failure) 674M->384M(693M) 1.316ms
[130.188s][info][gc,cpu         ] GC(316) User=0.00s Sys=0.00s Real=0.00s
[130.273s][info][gc,start       ] GC(317) Pause Young (Allocation Failure)
[130.274s][info][gc,heap        ] GC(317) PSYoungGen: 301120K(315392K)->64K(316416K) Eden: 301056K(301056K)->0K(301056K) From: 64K(14336K)->64K(15360K)
[130.274s][info][gc,heap        ] GC(317) ParOldGen: 394169K(394240K)->394185K(394240K)
[130.274s][info][gc,metaspace   ] GC(317) Metaspace: 35073K(35776K)->35073K(35776K) NonClass: 25888K(26368K)->25888K(26368K) Class: 9185K(9408K)->9185K(9408K)
[130.274s][info][gc             ] GC(317) Pause Young (Allocation Failure) 678M->385M(694M) 1.349ms
[130.274s][info][gc,cpu         ] GC(317) User=0.00s Sys=0.00s Real=0.00s
[130.410s][info][gc,start       ] GC(318) Pause Young (Allocation Failure)
[130.411s][info][gc,heap        ] GC(318) PSYoungGen: 301120K(316416K)->64K(316416K) Eden: 301056K(301056K)->0K(304128K) From: 64K(15360K)->64K(12288K)
[130.411s][info][gc,heap        ] GC(318) ParOldGen: 394185K(394240K)->394185K(394240K)
[130.412s][info][gc,metaspace   ] GC(318) Metaspace: 35073K(35776K)->35073K(35776K) NonClass: 25888K(26368K)->25888K(26368K) Class: 9185K(9408K)->9185K(9408K)
[130.412s][info][gc             ] GC(318) Pause Young (Allocation Failure) 679M->385M(694M) 1.291ms
[130.412s][info][gc,cpu         ] GC(318) User=0.00s Sys=0.00s Real=0.00s
[130.838s][info][gc,start       ] GC(319) Pause Young (Allocation Failure)
[130.839s][info][gc,heap        ] GC(319) PSYoungGen: 304192K(316416K)->64K(317440K) Eden: 304128K(304128K)->0K(304128K) From: 64K(12288K)->64K(13312K)
[130.839s][info][gc,heap        ] GC(319) ParOldGen: 394185K(394240K)->394193K(394240K)
[130.839s][info][gc,metaspace   ] GC(319) Metaspace: 35073K(35776K)->35073K(35776K) NonClass: 25888K(26368K)->25888K(26368K) Class: 9185K(9408K)->9185K(9408K)
[130.839s][info][gc             ] GC(319) Pause Young (Allocation Failure) 682M->385M(695M) 1.406ms
[130.839s][info][gc,cpu         ] GC(319) User=0.01s Sys=0.00s Real=0.00s
[132.176s][info][gc,start       ] GC(320) Pause Young (Allocation Failure)
[132.178s][info][gc,heap        ] GC(320) PSYoungGen: 304192K(317440K)->64K(292352K) Eden: 304128K(304128K)->0K(291840K) From: 64K(13312K)->64K(512K)
[132.178s][info][gc,heap        ] GC(320) ParOldGen: 394193K(394240K)->394201K(394240K)
[132.178s][info][gc,metaspace   ] GC(320) Metaspace: 35073K(35776K)->35073K(35776K) NonClass: 25888K(26368K)->25888K(26368K) Class: 9185K(9408K)->9185K(9408K)
[132.178s][info][gc             ] GC(320) Pause Young (Allocation Failure) 682M->385M(670M) 2.049ms
[132.178s][info][gc,cpu         ] GC(320) User=0.00s Sys=0.00s Real=0.00s
[132.455s][info][gc,start       ] GC(321) Pause Young (Allocation Failure)
[132.458s][info][gc,heap        ] GC(321) PSYoungGen: 291904K(292352K)->64K(291840K) Eden: 291840K(291840K)->0K(280064K) From: 64K(512K)->64K(11776K)
[132.458s][info][gc,heap        ] GC(321) ParOldGen: 394201K(394240K)->394217K(394240K)
[132.458s][info][gc,metaspace   ] GC(321) Metaspace: 35073K(35776K)->35073K(35776K) NonClass: 25888K(26368K)->25888K(26368K) Class: 9185K(9408K)->9185K(9408K)
[132.458s][info][gc             ] GC(321) Pause Young (Allocation Failure) 670M->385M(670M) 2.626ms
[132.458s][info][gc,cpu         ] GC(321) User=0.00s Sys=0.00s Real=0.00s
[132.916s][info][gc,start       ] GC(322) Pause Young (Allocation Failure)
[132.918s][info][gc,heap        ] GC(322) PSYoungGen: 280128K(291840K)->64K(269312K) Eden: 280064K(280064K)->0K(268800K) From: 64K(11776K)->64K(512K)
[132.918s][info][gc,heap        ] GC(322) ParOldGen: 394217K(394240K)->394225K(394240K)
[132.918s][info][gc,metaspace   ] GC(322) Metaspace: 35073K(35776K)->35073K(35776K) NonClass: 25888K(26368K)->25888K(26368K) Class: 9185K(9408K)->9185K(9408K)
[132.918s][info][gc             ] GC(322) Pause Young (Allocation Failure) 658M->385M(648M) 2.607ms
[132.918s][info][gc,cpu         ] GC(322) User=0.00s Sys=0.00s Real=0.00s
[133.853s][info][gc,start       ] GC(323) Pause Young (Allocation Failure)
[133.854s][info][gc,heap        ] GC(323) PSYoungGen: 268864K(269312K)->64K(268288K) Eden: 268800K(268800K)->0K(258048K) From: 64K(512K)->64K(10240K)
[133.854s][info][gc,heap        ] GC(323) ParOldGen: 394225K(394240K)->394233K(394240K)
[133.854s][info][gc,metaspace   ] GC(323) Metaspace: 35073K(35776K)->35073K(35776K) NonClass: 25888K(26368K)->25888K(26368K) Class: 9185K(9408K)->9185K(9408K)
[133.854s][info][gc             ] GC(323) Pause Young (Allocation Failure) 647M->385M(647M) 1.412ms
[133.854s][info][gc,cpu         ] GC(323) User=0.00s Sys=0.00s Real=0.00s
[134.234s][info][gc,start       ] GC(324) Pause Young (Allocation Failure)
[134.236s][info][gc,heap        ] GC(324) PSYoungGen: 258112K(268288K)->64K(248320K) Eden: 258048K(258048K)->0K(247808K) From: 64K(10240K)->64K(512K)
[134.236s][info][gc,heap        ] GC(324) ParOldGen: 394233K(394240K)->394249K(394752K)
[134.236s][info][gc,metaspace   ] GC(324) Metaspace: 35073K(35776K)->35073K(35776K) NonClass: 25888K(26368K)->25888K(26368K) Class: 9185K(9408K)->9185K(9408K)
[134.236s][info][gc             ] GC(324) Pause Young (Allocation Failure) 637M->385M(628M) 1.600ms
[134.236s][info][gc,cpu         ] GC(324) User=0.00s Sys=0.00s Real=0.00s
[134.324s][info][gc,start       ] GC(325) Pause Young (Allocation Failure)
[134.326s][info][gc,heap        ] GC(325) PSYoungGen: 247872K(248320K)->64K(246784K) Eden: 247808K(247808K)->0K(238080K) From: 64K(512K)->64K(8704K)
[134.326s][info][gc,heap        ] GC(325) ParOldGen: 394249K(394752K)->394257K(394752K)
[134.326s][info][gc,metaspace   ] GC(325) Metaspace: 35073K(35776K)->35073K(35776K) NonClass: 25888K(26368K)->25888K(26368K) Class: 9185K(9408K)->9185K(9408K)
[134.326s][info][gc             ] GC(325) Pause Young (Allocation Failure) 627M->385M(626M) 1.326ms
[134.326s][info][gc,cpu         ] GC(325) User=0.00s Sys=0.00s Real=0.00s
[134.898s][info][gc,start       ] GC(326) Pause Young (Allocation Failure)
[134.900s][info][gc,heap        ] GC(326) PSYoungGen: 238144K(246784K)->64K(229376K) Eden: 238080K(238080K)->0K(228864K) From: 64K(8704K)->64K(512K)
[134.900s][info][gc,heap        ] GC(326) ParOldGen: 394257K(394752K)->394265K(394752K)
[134.900s][info][gc,metaspace   ] GC(326) Metaspace: 35073K(35776K)->35073K(35776K) NonClass: 25888K(26368K)->25888K(26368K) Class: 9185K(9408K)->9185K(9408K)
[134.900s][info][gc             ] GC(326) Pause Young (Allocation Failure) 617M->385M(609M) 1.926ms
[134.900s][info][gc,cpu         ] GC(326) User=0.01s Sys=0.00s Real=0.00s
[135.144s][info][gc,start       ] GC(327) Pause Young (Allocation Failure)
[135.145s][info][gc,heap        ] GC(327) PSYoungGen: 228928K(229376K)->64K(227840K) Eden: 228864K(228864K)->0K(220160K) From: 64K(512K)->64K(7680K)
[135.145s][info][gc,heap        ] GC(327) ParOldGen: 394265K(394752K)->394273K(394752K)
[135.145s][info][gc,metaspace   ] GC(327) Metaspace: 35073K(35776K)->35073K(35776K) NonClass: 25888K(26368K)->25888K(26368K) Class: 9185K(9408K)->9185K(9408K)
[135.145s][info][gc             ] GC(327) Pause Young (Allocation Failure) 608M->385M(608M) 1.606ms
[135.145s][info][gc,cpu         ] GC(327) User=0.00s Sys=0.00s Real=0.00s
[135.438s][info][gc,start       ] GC(328) Pause Young (Allocation Failure)
[135.470s][info][gc,heap        ] GC(328) PSYoungGen: 220224K(227840K)->7168K(271360K) Eden: 220160K(220160K)->0K(264192K) From: 64K(7680K)->7168K(7168K)
[135.470s][info][gc,heap        ] GC(328) ParOldGen: 394273K(394752K)->403257K(403456K)
[135.470s][info][gc,metaspace   ] GC(328) Metaspace: 35073K(35776K)->35073K(35776K) NonClass: 25888K(26368K)->25888K(26368K) Class: 9185K(9408K)->9185K(9408K)
[135.470s][info][gc             ] GC(328) Pause Young (Allocation Failure) 600M->400M(659M) 32.091ms
[135.470s][info][gc,cpu         ] GC(328) User=0.05s Sys=0.01s Real=0.03s
[135.776s][info][gc,start       ] GC(329) Pause Young (Allocation Failure)
[135.834s][info][gc,heap        ] GC(329) PSYoungGen: 271360K(271360K)->12288K(281600K) Eden: 264192K(264192K)->0K(269312K) From: 7168K(7168K)->12288K(12288K)
[135.834s][info][gc,heap        ] GC(329) ParOldGen: 403257K(403456K)->421017K(421376K)
[135.834s][info][gc,metaspace   ] GC(329) Metaspace: 35073K(35776K)->35073K(35776K) NonClass: 25888K(26368K)->25888K(26368K) Class: 9185K(9408K)->9185K(9408K)
[135.834s][info][gc             ] GC(329) Pause Young (Allocation Failure) 658M->423M(686M) 57.936ms
[135.834s][info][gc,cpu         ] GC(329) User=0.10s Sys=0.01s Real=0.06s
[136.037s][info][gc,start       ] GC(330) Pause Young (Allocation Failure)
[136.075s][info][gc,heap        ] GC(330) PSYoungGen: 281600K(281600K)->16704K(307200K) Eden: 269312K(269312K)->0K(285696K) From: 12288K(12288K)->16704K(21504K)
[136.075s][info][gc,heap        ] GC(330) ParOldGen: 421017K(421376K)->421497K(421888K)
[136.075s][info][gc,metaspace   ] GC(330) Metaspace: 35073K(35776K)->35073K(35776K) NonClass: 25888K(26368K)->25888K(26368K) Class: 9185K(9408K)->9185K(9408K)
[136.075s][info][gc             ] GC(330) Pause Young (Allocation Failure) 686M->427M(712M) 37.793ms
[136.075s][info][gc,cpu         ] GC(330) User=0.07s Sys=0.01s Real=0.04s
[136.424s][info][gc,start       ] GC(331) Pause Young (Allocation Failure)
[136.425s][info][gc,heap        ] GC(331) PSYoungGen: 302400K(307200K)->64K(309760K) Eden: 285696K(285696K)->0K(285696K) From: 16704K(21504K)->64K(24064K)
[136.425s][info][gc,heap        ] GC(331) ParOldGen: 421497K(421888K)->421505K(421888K)
[136.425s][info][gc,metaspace   ] GC(331) Metaspace: 35073K(35776K)->35073K(35776K) NonClass: 25888K(26368K)->25888K(26368K) Class: 9185K(9408K)->9185K(9408K)
[136.425s][info][gc             ] GC(331) Pause Young (Allocation Failure) 706M->411M(714M) 1.476ms
[136.425s][info][gc,cpu         ] GC(331) User=0.00s Sys=0.00s Real=0.00s
[137.022s][info][gc,start       ] GC(332) Pause Young (Allocation Failure)
[137.023s][info][gc,heap        ] GC(332) PSYoungGen: 285760K(309760K)->64K(307200K) Eden: 285696K(285696K)->0K(286208K) From: 64K(24064K)->64K(20992K)
[137.023s][info][gc,heap        ] GC(332) ParOldGen: 421505K(421888K)->421513K(421888K)
[137.023s][info][gc,metaspace   ] GC(332) Metaspace: 35073K(35776K)->35073K(35776K) NonClass: 25888K(26368K)->25888K(26368K) Class: 9185K(9408K)->9185K(9408K)
[137.023s][info][gc             ] GC(332) Pause Young (Allocation Failure) 690M->411M(712M) 1.578ms
[137.023s][info][gc,cpu         ] GC(332) User=0.00s Sys=0.00s Real=0.01s
[137.458s][info][gc,start       ] GC(333) Pause Young (Allocation Failure)
[137.459s][info][gc,heap        ] GC(333) PSYoungGen: 286272K(307200K)->64K(308736K) Eden: 286208K(286208K)->0K(286208K) From: 64K(20992K)->64K(22528K)
[137.459s][info][gc,heap        ] GC(333) ParOldGen: 421513K(421888K)->421529K(421888K)
[137.459s][info][gc,metaspace   ] GC(333) Metaspace: 35073K(35776K)->35073K(35776K) NonClass: 25888K(26368K)->25888K(26368K) Class: 9185K(9408K)->9185K(9408K)
[137.459s][info][gc             ] GC(333) Pause Young (Allocation Failure) 691M->411M(713M) 1.497ms
[137.459s][info][gc,cpu         ] GC(333) User=0.01s Sys=0.00s Real=0.00s
[137.680s][info][gc,start       ] GC(334) Pause Young (Allocation Failure)
[137.682s][info][gc,heap        ] GC(334) PSYoungGen: 286272K(308736K)->64K(308736K) Eden: 286208K(286208K)->0K(289280K) From: 64K(22528K)->64K(19456K)
[137.682s][info][gc,heap        ] GC(334) ParOldGen: 421529K(421888K)->421545K(421888K)
[137.682s][info][gc,metaspace   ] GC(334) Metaspace: 35073K(35776K)->35073K(35776K) NonClass: 25888K(26368K)->25888K(26368K) Class: 9185K(9408K)->9185K(9408K)
[137.682s][info][gc             ] GC(334) Pause Young (Allocation Failure) 691M->411M(713M) 1.438ms
[137.682s][info][gc,cpu         ] GC(334) User=0.00s Sys=0.00s Real=0.00s
[137.905s][info][gc,start       ] GC(335) Pause Young (Allocation Failure)
[137.907s][info][gc,heap        ] GC(335) PSYoungGen: 289344K(308736K)->64K(310272K) Eden: 289280K(289280K)->0K(289280K) From: 64K(19456K)->64K(20992K)
[137.907s][info][gc,heap        ] GC(335) ParOldGen: 421545K(421888K)->421545K(421888K)
[137.907s][info][gc,metaspace   ] GC(335) Metaspace: 35073K(35776K)->35073K(35776K) NonClass: 25888K(26368K)->25888K(26368K) Class: 9185K(9408K)->9185K(9408K)
[137.907s][info][gc             ] GC(335) Pause Young (Allocation Failure) 694M->411M(715M) 1.407ms
[137.907s][info][gc,cpu         ] GC(335) User=0.00s Sys=0.00s Real=0.00s
[138.200s][info][gc,start       ] GC(336) Pause Young (Allocation Failure)
[138.202s][info][gc,heap        ] GC(336) PSYoungGen: 289344K(310272K)->64K(310272K) Eden: 289280K(289280K)->0K(292864K) From: 64K(20992K)->64K(17408K)
[138.202s][info][gc,heap        ] GC(336) ParOldGen: 421545K(421888K)->421545K(421888K)
[138.202s][info][gc,metaspace   ] GC(336) Metaspace: 35074K(35776K)->35074K(35776K) NonClass: 25889K(26368K)->25889K(26368K) Class: 9185K(9408K)->9185K(9408K)
[138.202s][info][gc             ] GC(336) Pause Young (Allocation Failure) 694M->411M(715M) 1.326ms
[138.202s][info][gc,cpu         ] GC(336) User=0.01s Sys=0.00s Real=0.00s
[138.252s][info][gc,start       ] GC(337) Pause Young (Allocation Failure)
[138.253s][info][gc,heap        ] GC(337) PSYoungGen: 292928K(310272K)->64K(311808K) Eden: 292864K(292864K)->0K(292864K) From: 64K(17408K)->64K(18944K)
[138.253s][info][gc,heap        ] GC(337) ParOldGen: 421545K(421888K)->421561K(421888K)
[138.253s][info][gc,metaspace   ] GC(337) Metaspace: 35074K(35776K)->35074K(35776K) NonClass: 25889K(26368K)->25889K(26368K) Class: 9185K(9408K)->9185K(9408K)
[138.253s][info][gc             ] GC(337) Pause Young (Allocation Failure) 697M->411M(716M) 1.269ms
[138.253s][info][gc,cpu         ] GC(337) User=0.00s Sys=0.00s Real=0.01s
[138.327s][info][gc,start       ] GC(338) Pause Young (Allocation Failure)
[138.328s][info][gc,heap        ] GC(338) PSYoungGen: 292928K(311808K)->64K(312320K) Eden: 292864K(292864K)->0K(296960K) From: 64K(18944K)->64K(15360K)
[138.328s][info][gc,heap        ] GC(338) ParOldGen: 421561K(421888K)->421561K(421888K)
[138.328s][info][gc,metaspace   ] GC(338) Metaspace: 35074K(35776K)->35074K(35776K) NonClass: 25889K(26368K)->25889K(26368K) Class: 9185K(9408K)->9185K(9408K)
[138.328s][info][gc             ] GC(338) Pause Young (Allocation Failure) 697M->411M(717M) 1.320ms
[138.328s][info][gc,cpu         ] GC(338) User=0.01s Sys=0.00s Real=0.00s
[138.551s][info][gc,start       ] GC(339) Pause Young (Allocation Failure)
[138.552s][info][gc,heap        ] GC(339) PSYoungGen: 297024K(312320K)->32K(313856K) Eden: 296960K(296960K)->0K(296960K) From: 64K(15360K)->32K(16896K)
[138.552s][info][gc,heap        ] GC(339) ParOldGen: 421561K(421888K)->421577K(421888K)
[138.552s][info][gc,metaspace   ] GC(339) Metaspace: 35074K(35776K)->35074K(35776K) NonClass: 25889K(26368K)->25889K(26368K) Class: 9185K(9408K)->9185K(9408K)
[138.552s][info][gc             ] GC(339) Pause Young (Allocation Failure) 701M->411M(718M) 1.357ms
[138.552s][info][gc,cpu         ] GC(339) User=0.01s Sys=0.00s Real=0.01s
[138.745s][info][gc,start       ] GC(340) Pause Young (Allocation Failure)
[138.747s][info][gc,heap        ] GC(340) PSYoungGen: 296992K(313856K)->64K(315392K) Eden: 296960K(296960K)->0K(301056K) From: 32K(16896K)->64K(14336K)
[138.747s][info][gc,heap        ] GC(340) ParOldGen: 421577K(421888K)->421577K(421888K)
[138.747s][info][gc,metaspace   ] GC(340) Metaspace: 35077K(35776K)->35077K(35776K) NonClass: 25891K(26368K)->25891K(26368K) Class: 9185K(9408K)->9185K(9408K)
[138.747s][info][gc             ] GC(340) Pause Young (Allocation Failure) 701M->411M(720M) 1.401ms
[138.747s][info][gc,cpu         ] GC(340) User=0.00s Sys=0.00s Real=0.00s
[138.832s][info][gc,start       ] GC(341) Pause Young (Allocation Failure)
[138.833s][info][gc,heap        ] GC(341) PSYoungGen: 301120K(315392K)->64K(316416K) Eden: 301056K(301056K)->0K(301056K) From: 64K(14336K)->64K(15360K)
[138.833s][info][gc,heap        ] GC(341) ParOldGen: 421577K(421888K)->421593K(421888K)
[138.833s][info][gc,metaspace   ] GC(341) Metaspace: 35077K(35776K)->35077K(35776K) NonClass: 25891K(26368K)->25891K(26368K) Class: 9185K(9408K)->9185K(9408K)
[138.833s][info][gc             ] GC(341) Pause Young (Allocation Failure) 705M->411M(721M) 1.410ms
[138.833s][info][gc,cpu         ] GC(341) User=0.01s Sys=0.00s Real=0.01s
[138.982s][info][gc,start       ] GC(342) Pause Young (Allocation Failure)
[138.983s][info][gc,heap        ] GC(342) PSYoungGen: 301120K(316416K)->64K(316416K) Eden: 301056K(301056K)->0K(304128K) From: 64K(15360K)->64K(12288K)
[138.983s][info][gc,heap        ] GC(342) ParOldGen: 421593K(421888K)->421593K(421888K)
[138.983s][info][gc,metaspace   ] GC(342) Metaspace: 35077K(35776K)->35077K(35776K) NonClass: 25891K(26368K)->25891K(26368K) Class: 9185K(9408K)->9185K(9408K)
[138.983s][info][gc             ] GC(342) Pause Young (Allocation Failure) 705M->411M(721M) 1.324ms
[138.983s][info][gc,cpu         ] GC(342) User=0.01s Sys=0.00s Real=0.01s
[139.920s][info][gc,start       ] GC(343) Pause Young (Allocation Failure)
[139.922s][info][gc,heap        ] GC(343) PSYoungGen: 304192K(316416K)->64K(292352K) Eden: 304128K(304128K)->0K(291840K) From: 64K(12288K)->64K(512K)
[139.922s][info][gc,heap        ] GC(343) ParOldGen: 421593K(421888K)->421601K(421888K)
[139.922s][info][gc,metaspace   ] GC(343) Metaspace: 35077K(35776K)->35077K(35776K) NonClass: 25891K(26368K)->25891K(26368K) Class: 9185K(9408K)->9185K(9408K)
[139.922s][info][gc             ] GC(343) Pause Young (Allocation Failure) 708M->411M(697M) 2.146ms
[139.922s][info][gc,cpu         ] GC(343) User=0.00s Sys=0.00s Real=0.00s
[140.740s][info][gc,start       ] GC(344) Pause Young (Allocation Failure)
[140.742s][info][gc,heap        ] GC(344) PSYoungGen: 291904K(292352K)->64K(280576K) Eden: 291840K(291840K)->0K(280064K) From: 64K(512K)->64K(512K)
[140.742s][info][gc,heap        ] GC(344) ParOldGen: 421601K(421888K)->421609K(421888K)
[140.742s][info][gc,metaspace   ] GC(344) Metaspace: 35077K(35776K)->35077K(35776K) NonClass: 25891K(26368K)->25891K(26368K) Class: 9185K(9408K)->9185K(9408K)
[140.742s][info][gc             ] GC(344) Pause Young (Allocation Failure) 696M->411M(686M) 1.885ms
[140.742s][info][gc,cpu         ] GC(344) User=0.01s Sys=0.00s Real=0.00s
[141.032s][info][gc,start       ] GC(345) Pause Young (Allocation Failure)
[141.036s][info][gc,heap        ] GC(345) PSYoungGen: 280128K(280576K)->64K(280576K) Eden: 280064K(280064K)->0K(268800K) From: 64K(512K)->64K(11776K)
[141.036s][info][gc,heap        ] GC(345) ParOldGen: 421609K(421888K)->421617K(421888K)
[141.036s][info][gc,metaspace   ] GC(345) Metaspace: 35077K(35776K)->35077K(35776K) NonClass: 25891K(26368K)->25891K(26368K) Class: 9185K(9408K)->9185K(9408K)
[141.036s][info][gc             ] GC(345) Pause Young (Allocation Failure) 685M->411M(686M) 3.786ms
[141.036s][info][gc,cpu         ] GC(345) User=0.01s Sys=0.00s Real=0.01s
[141.484s][info][gc,start       ] GC(346) Pause Young (Allocation Failure)
[141.487s][info][gc,heap        ] GC(346) PSYoungGen: 268864K(280576K)->64K(258560K) Eden: 268800K(268800K)->0K(258048K) From: 64K(11776K)->64K(512K)
[141.487s][info][gc,heap        ] GC(346) ParOldGen: 421617K(421888K)->421625K(421888K)
[141.487s][info][gc,metaspace   ] GC(346) Metaspace: 35077K(35776K)->35077K(35776K) NonClass: 25891K(26368K)->25891K(26368K) Class: 9185K(9408K)->9185K(9408K)
[141.487s][info][gc             ] GC(346) Pause Young (Allocation Failure) 674M->411M(664M) 2.782ms
[141.487s][info][gc,cpu         ] GC(346) User=0.00s Sys=0.00s Real=0.00s
[142.414s][info][gc,start       ] GC(347) Pause Young (Allocation Failure)
[142.416s][info][gc,heap        ] GC(347) PSYoungGen: 258112K(258560K)->64K(258048K) Eden: 258048K(258048K)->0K(247808K) From: 64K(512K)->64K(10240K)
[142.416s][info][gc,heap        ] GC(347) ParOldGen: 421625K(421888K)->421633K(421888K)
[142.416s][info][gc,metaspace   ] GC(347) Metaspace: 35077K(35776K)->35077K(35776K) NonClass: 25891K(26368K)->25891K(26368K) Class: 9185K(9408K)->9185K(9408K)
[142.416s][info][gc             ] GC(347) Pause Young (Allocation Failure) 663M->411M(664M) 1.460ms
[142.416s][info][gc,cpu         ] GC(347) User=0.00s Sys=0.00s Real=0.00s
[142.793s][info][gc,start       ] GC(348) Pause Young (Allocation Failure)
[142.796s][info][gc,heap        ] GC(348) PSYoungGen: 247872K(258048K)->64K(238592K) Eden: 247808K(247808K)->0K(238080K) From: 64K(10240K)->64K(512K)
[142.796s][info][gc,heap        ] GC(348) ParOldGen: 421633K(421888K)->421641K(421888K)
[142.796s][info][gc,metaspace   ] GC(348) Metaspace: 35077K(35776K)->35077K(35776K) NonClass: 25891K(26368K)->25891K(26368K) Class: 9185K(9408K)->9185K(9408K)
[142.796s][info][gc             ] GC(348) Pause Young (Allocation Failure) 653M->411M(645M) 2.312ms
[142.796s][info][gc,cpu         ] GC(348) User=0.00s Sys=0.00s Real=0.00s
[142.869s][info][gc,start       ] GC(349) Pause Young (Allocation Failure)
[142.870s][info][gc,heap        ] GC(349) PSYoungGen: 238144K(238592K)->64K(237568K) Eden: 238080K(238080K)->0K(228864K) From: 64K(512K)->64K(8704K)
[142.870s][info][gc,heap        ] GC(349) ParOldGen: 421641K(421888K)->421649K(421888K)
[142.870s][info][gc,metaspace   ] GC(349) Metaspace: 35077K(35776K)->35077K(35776K) NonClass: 25891K(26368K)->25891K(26368K) Class: 9185K(9408K)->9185K(9408K)
[142.870s][info][gc             ] GC(349) Pause Young (Allocation Failure) 644M->411M(644M) 1.385ms
[142.870s][info][gc,cpu         ] GC(349) User=0.00s Sys=0.00s Real=0.00s
[143.358s][info][gc,start       ] GC(350) Pause Young (Allocation Failure)
[143.360s][info][gc,heap        ] GC(350) PSYoungGen: 228928K(237568K)->64K(220672K) Eden: 228864K(228864K)->0K(220160K) From: 64K(8704K)->64K(512K)
[143.360s][info][gc,heap        ] GC(350) ParOldGen: 421649K(421888K)->421657K(421888K)
[143.360s][info][gc,metaspace   ] GC(350) Metaspace: 35077K(35776K)->35077K(35776K) NonClass: 25891K(26368K)->25891K(26368K) Class: 9185K(9408K)->9185K(9408K)
[143.360s][info][gc             ] GC(350) Pause Young (Allocation Failure) 635M->411M(627M) 2.094ms
[143.360s][info][gc,cpu         ] GC(350) User=0.01s Sys=0.00s Real=0.00s
[143.640s][info][gc,start       ] GC(351) Pause Young (Allocation Failure)
[143.642s][info][gc,heap        ] GC(351) PSYoungGen: 220224K(220672K)->64K(219648K) Eden: 220160K(220160K)->0K(211968K) From: 64K(512K)->64K(7680K)
[143.642s][info][gc,heap        ] GC(351) ParOldGen: 421657K(421888K)->421665K(421888K)
[143.642s][info][gc,metaspace   ] GC(351) Metaspace: 35077K(35776K)->35077K(35776K) NonClass: 25891K(26368K)->25891K(26368K) Class: 9185K(9408K)->9185K(9408K)
[143.642s][info][gc             ] GC(351) Pause Young (Allocation Failure) 626M->411M(626M) 1.463ms
[143.642s][info][gc,cpu         ] GC(351) User=0.00s Sys=0.00s Real=0.00s
[143.940s][info][gc,start       ] GC(352) Pause Young (Allocation Failure)
[143.956s][info][gc,heap        ] GC(352) PSYoungGen: 212032K(219648K)->7168K(261632K) Eden: 211968K(211968K)->0K(254464K) From: 64K(7680K)->7168K(7168K)
[143.956s][info][gc,heap        ] GC(352) ParOldGen: 421665K(421888K)->424105K(424448K)
[143.956s][info][gc,metaspace   ] GC(352) Metaspace: 35077K(35776K)->35077K(35776K) NonClass: 25891K(26368K)->25891K(26368K) Class: 9185K(9408K)->9185K(9408K)
[143.956s][info][gc             ] GC(352) Pause Young (Allocation Failure) 618M->421M(670M) 16.561ms
[143.956s][info][gc,cpu         ] GC(352) User=0.03s Sys=0.01s Real=0.02s
[144.248s][info][gc,start       ] GC(353) Pause Young (Allocation Failure)
[144.304s][info][gc,heap        ] GC(353) PSYoungGen: 261632K(261632K)->9728K(270336K) Eden: 254464K(254464K)->0K(260608K) From: 7168K(7168K)->9728K(9728K)
[144.304s][info][gc,heap        ] GC(353) ParOldGen: 424105K(424448K)->443161K(443392K)
[144.304s][info][gc,metaspace   ] GC(353) Metaspace: 35077K(35776K)->35077K(35776K) NonClass: 25891K(26368K)->25891K(26368K) Class: 9185K(9408K)->9185K(9408K)
[144.304s][info][gc             ] GC(353) Pause Young (Allocation Failure) 669M->442M(697M) 55.515ms
[144.304s][info][gc,cpu         ] GC(353) User=0.09s Sys=0.01s Real=0.06s
[144.565s][info][gc,start       ] GC(354) Pause Young (Allocation Failure)
[144.620s][info][gc,heap        ] GC(354) PSYoungGen: 270336K(270336K)->18944K(302592K) Eden: 260608K(260608K)->0K(283648K) From: 9728K(9728K)->18944K(18944K)
[144.620s][info][gc,heap        ] GC(354) ParOldGen: 443161K(443392K)->449049K(449536K)
[144.620s][info][gc,metaspace   ] GC(354) Metaspace: 35077K(35776K)->35077K(35776K) NonClass: 25891K(26368K)->25891K(26368K) Class: 9185K(9408K)->9185K(9408K)
[144.620s][info][gc             ] GC(354) Pause Young (Allocation Failure) 696M->457M(734M) 54.739ms
[144.620s][info][gc,cpu         ] GC(354) User=0.10s Sys=0.02s Real=0.05s
[144.801s][info][gc,start       ] GC(355) Pause Young (Allocation Failure)
[144.804s][info][gc,heap        ] GC(355) PSYoungGen: 302592K(302592K)->64K(308736K) Eden: 283648K(283648K)->0K(283648K) From: 18944K(18944K)->64K(25088K)
[144.804s][info][gc,heap        ] GC(355) ParOldGen: 449049K(449536K)->449201K(449536K)
[144.804s][info][gc,metaspace   ] GC(355) Metaspace: 35077K(35776K)->35077K(35776K) NonClass: 25891K(26368K)->25891K(26368K) Class: 9185K(9408K)->9185K(9408K)
[144.804s][info][gc             ] GC(355) Pause Young (Allocation Failure) 734M->438M(740M) 3.179ms
[144.804s][info][gc,cpu         ] GC(355) User=0.00s Sys=0.00s Real=0.01s
[145.487s][info][gc,start       ] GC(356) Pause Young (Allocation Failure)
[145.488s][info][gc,heap        ] GC(356) PSYoungGen: 283712K(308736K)->64K(306176K) Eden: 283648K(283648K)->0K(284160K) From: 64K(25088K)->64K(22016K)
[145.488s][info][gc,heap        ] GC(356) ParOldGen: 449201K(449536K)->449209K(449536K)
[145.488s][info][gc,metaspace   ] GC(356) Metaspace: 35077K(35776K)->35077K(35776K) NonClass: 25891K(26368K)->25891K(26368K) Class: 9185K(9408K)->9185K(9408K)
[145.488s][info][gc             ] GC(356) Pause Young (Allocation Failure) 715M->438M(738M) 1.720ms
[145.488s][info][gc,cpu         ] GC(356) User=0.01s Sys=0.00s Real=0.00s
[145.953s][info][gc,start       ] GC(357) Pause Young (Allocation Failure)
[145.954s][info][gc,heap        ] GC(357) PSYoungGen: 284224K(306176K)->64K(307712K) Eden: 284160K(284160K)->0K(284160K) From: 64K(22016K)->64K(23552K)
[145.954s][info][gc,heap        ] GC(357) ParOldGen: 449209K(449536K)->449225K(449536K)
[145.954s][info][gc,metaspace   ] GC(357) Metaspace: 35077K(35776K)->35077K(35776K) NonClass: 25891K(26368K)->25891K(26368K) Class: 9185K(9408K)->9185K(9408K)
[145.954s][info][gc             ] GC(357) Pause Young (Allocation Failure) 716M->438M(739M) 1.561ms
[145.954s][info][gc,cpu         ] GC(357) User=0.00s Sys=0.00s Real=0.00s
[146.174s][info][gc,start       ] GC(358) Pause Young (Allocation Failure)
[146.175s][info][gc,heap        ] GC(358) PSYoungGen: 284224K(307712K)->64K(307712K) Eden: 284160K(284160K)->0K(287744K) From: 64K(23552K)->64K(19968K)
[146.176s][info][gc,heap        ] GC(358) ParOldGen: 449225K(449536K)->449241K(449536K)
[146.176s][info][gc,metaspace   ] GC(358) Metaspace: 35077K(35776K)->35077K(35776K) NonClass: 25891K(26368K)->25891K(26368K) Class: 9185K(9408K)->9185K(9408K)
[146.176s][info][gc             ] GC(358) Pause Young (Allocation Failure) 716M->438M(739M) 1.545ms
[146.176s][info][gc,cpu         ] GC(358) User=0.00s Sys=0.00s Real=0.00s
[146.399s][info][gc,start       ] GC(359) Pause Young (Allocation Failure)
[146.400s][info][gc,heap        ] GC(359) PSYoungGen: 287808K(307712K)->64K(309248K) Eden: 287744K(287744K)->0K(287744K) From: 64K(19968K)->64K(21504K)
[146.400s][info][gc,heap        ] GC(359) ParOldGen: 449241K(449536K)->449241K(449536K)
[146.400s][info][gc,metaspace   ] GC(359) Metaspace: 35077K(35776K)->35077K(35776K) NonClass: 25891K(26368K)->25891K(26368K) Class: 9185K(9408K)->9185K(9408K)
[146.400s][info][gc             ] GC(359) Pause Young (Allocation Failure) 719M->438M(741M) 1.470ms
[146.400s][info][gc,cpu         ] GC(359) User=0.00s Sys=0.00s Real=0.00s
[146.743s][info][gc,start       ] GC(360) Pause Young (Allocation Failure)
[146.745s][info][gc,heap        ] GC(360) PSYoungGen: 287808K(309248K)->64K(309760K) Eden: 287744K(287744K)->0K(291840K) From: 64K(21504K)->64K(17920K)
[146.745s][info][gc,heap        ] GC(360) ParOldGen: 449241K(449536K)->449241K(449536K)
[146.745s][info][gc,metaspace   ] GC(360) Metaspace: 35077K(35776K)->35077K(35776K) NonClass: 25891K(26368K)->25891K(26368K) Class: 9185K(9408K)->9185K(9408K)
[146.745s][info][gc             ] GC(360) Pause Young (Allocation Failure) 719M->438M(741M) 1.518ms
[146.745s][info][gc,cpu         ] GC(360) User=0.00s Sys=0.00s Real=0.00s
[146.797s][info][gc,start       ] GC(361) Pause Young (Allocation Failure)
[146.799s][info][gc,heap        ] GC(361) PSYoungGen: 291904K(309760K)->64K(311296K) Eden: 291840K(291840K)->0K(291840K) From: 64K(17920K)->64K(19456K)
[146.799s][info][gc,heap        ] GC(361) ParOldGen: 449241K(449536K)->449257K(449536K)
[146.799s][info][gc,metaspace   ] GC(361) Metaspace: 35077K(35776K)->35077K(35776K) NonClass: 25891K(26368K)->25891K(26368K) Class: 9185K(9408K)->9185K(9408K)
[146.799s][info][gc             ] GC(361) Pause Young (Allocation Failure) 723M->438M(743M) 1.426ms
[146.799s][info][gc,cpu         ] GC(361) User=0.00s Sys=0.00s Real=0.00s
[146.849s][info][gc,start       ] GC(362) Pause Young (Allocation Failure)
[146.851s][info][gc,heap        ] GC(362) PSYoungGen: 291904K(311296K)->64K(311808K) Eden: 291840K(291840K)->0K(295936K) From: 64K(19456K)->64K(15872K)
[146.851s][info][gc,heap        ] GC(362) ParOldGen: 449257K(449536K)->449257K(449536K)
[146.851s][info][gc,metaspace   ] GC(362) Metaspace: 35077K(35776K)->35077K(35776K) NonClass: 25891K(26368K)->25891K(26368K) Class: 9185K(9408K)->9185K(9408K)
[146.851s][info][gc             ] GC(362) Pause Young (Allocation Failure) 723M->438M(743M) 1.433ms
[146.851s][info][gc,cpu         ] GC(362) User=0.00s Sys=0.00s Real=0.00s
[147.046s][info][gc,start       ] GC(363) Pause Young (Allocation Failure)
[147.048s][info][gc,heap        ] GC(363) PSYoungGen: 296000K(311808K)->64K(313344K) Eden: 295936K(295936K)->0K(295936K) From: 64K(15872K)->64K(17408K)
[147.048s][info][gc,heap        ] GC(363) ParOldGen: 449257K(449536K)->449265K(449536K)
[147.048s][info][gc,metaspace   ] GC(363) Metaspace: 35085K(35776K)->35085K(35776K) NonClass: 25900K(26368K)->25900K(26368K) Class: 9185K(9408K)->9185K(9408K)
[147.048s][info][gc             ] GC(363) Pause Young (Allocation Failure) 727M->438M(745M) 1.618ms
[147.048s][info][gc,cpu         ] GC(363) User=0.00s Sys=0.00s Real=0.00s
[147.259s][info][gc,start       ] GC(364) Pause Young (Allocation Failure)
[147.261s][info][gc,heap        ] GC(364) PSYoungGen: 296000K(313344K)->64K(314880K) Eden: 295936K(295936K)->0K(300032K) From: 64K(17408K)->64K(14848K)
[147.261s][info][gc,heap        ] GC(364) ParOldGen: 449265K(449536K)->449273K(449536K)
[147.261s][info][gc,metaspace   ] GC(364) Metaspace: 35085K(35776K)->35085K(35776K) NonClass: 25900K(26368K)->25900K(26368K) Class: 9185K(9408K)->9185K(9408K)
[147.261s][info][gc             ] GC(364) Pause Young (Allocation Failure) 727M->438M(746M) 1.530ms
[147.261s][info][gc,cpu         ] GC(364) User=0.01s Sys=0.00s Real=0.00s
[147.367s][info][gc,start       ] GC(365) Pause Young (Allocation Failure)
[147.369s][info][gc,heap        ] GC(365) PSYoungGen: 300096K(314880K)->64K(315904K) Eden: 300032K(300032K)->0K(300032K) From: 64K(14848K)->64K(15872K)
[147.369s][info][gc,heap        ] GC(365) ParOldGen: 449273K(449536K)->449281K(449536K)
[147.369s][info][gc,metaspace   ] GC(365) Metaspace: 35085K(35776K)->35085K(35776K) NonClass: 25900K(26368K)->25900K(26368K) Class: 9185K(9408K)->9185K(9408K)
[147.369s][info][gc             ] GC(365) Pause Young (Allocation Failure) 731M->438M(747M) 1.590ms
[147.369s][info][gc,cpu         ] GC(365) User=0.00s Sys=0.00s Real=0.00s
[147.487s][info][gc,start       ] GC(366) Pause Young (Allocation Failure)
[147.488s][info][gc,heap        ] GC(366) PSYoungGen: 300096K(315904K)->64K(315904K) Eden: 300032K(300032K)->0K(303104K) From: 64K(15872K)->64K(12800K)
[147.488s][info][gc,heap        ] GC(366) ParOldGen: 449281K(449536K)->449289K(449536K)
[147.488s][info][gc,metaspace   ] GC(366) Metaspace: 35085K(35776K)->35085K(35776K) NonClass: 25900K(26368K)->25900K(26368K) Class: 9185K(9408K)->9185K(9408K)
[147.488s][info][gc             ] GC(366) Pause Young (Allocation Failure) 731M->438M(747M) 1.512ms
[147.488s][info][gc,cpu         ] GC(366) User=0.00s Sys=0.00s Real=0.00s
[147.879s][info][gc,start       ] GC(367) Pause Young (Allocation Failure)
[147.880s][info][gc,heap        ] GC(367) PSYoungGen: 303168K(315904K)->64K(316928K) Eden: 303104K(303104K)->0K(303104K) From: 64K(12800K)->64K(13824K)
[147.880s][info][gc,heap        ] GC(367) ParOldGen: 449289K(449536K)->449297K(449536K)
[147.880s][info][gc,metaspace   ] GC(367) Metaspace: 35085K(35776K)->35085K(35776K) NonClass: 25900K(26368K)->25900K(26368K) Class: 9185K(9408K)->9185K(9408K)
[147.880s][info][gc             ] GC(367) Pause Young (Allocation Failure) 734M->438M(748M) 1.610ms
[147.880s][info][gc,cpu         ] GC(367) User=0.00s Sys=0.00s Real=0.00s
[148.519s][info][gc,start       ] GC(368) Pause Young (Allocation Failure)
[148.521s][info][gc,heap        ] GC(368) PSYoungGen: 303168K(316928K)->64K(291328K) Eden: 303104K(303104K)->0K(290816K) From: 64K(13824K)->64K(512K)
[148.521s][info][gc,heap        ] GC(368) ParOldGen: 449297K(449536K)->449305K(449536K)
[148.521s][info][gc,metaspace   ] GC(368) Metaspace: 35085K(35776K)->35085K(35776K) NonClass: 25900K(26368K)->25900K(26368K) Class: 9185K(9408K)->9185K(9408K)
[148.521s][info][gc             ] GC(368) Pause Young (Allocation Failure) 734M->438M(723M) 2.338ms
[148.521s][info][gc,cpu         ] GC(368) User=0.01s Sys=0.00s Real=0.00s
[149.469s][info][gc,start       ] GC(369) Pause Young (Allocation Failure)
[149.472s][info][gc,heap        ] GC(369) PSYoungGen: 290880K(291328K)->64K(291328K) Eden: 290816K(290816K)->0K(279040K) From: 64K(512K)->64K(12288K)
[149.472s][info][gc,heap        ] GC(369) ParOldGen: 449305K(449536K)->449313K(449536K)
[149.472s][info][gc,metaspace   ] GC(369) Metaspace: 35085K(35776K)->35085K(35776K) NonClass: 25900K(26368K)->25900K(26368K) Class: 9185K(9408K)->9185K(9408K)
[149.472s][info][gc             ] GC(369) Pause Young (Allocation Failure) 722M->438M(723M) 2.288ms
[149.472s][info][gc,cpu         ] GC(369) User=0.00s Sys=0.00s Real=0.00s
[149.916s][info][gc,start       ] GC(370) Pause Young (Allocation Failure)
[149.918s][info][gc,heap        ] GC(370) PSYoungGen: 279104K(291328K)->64K(268288K) Eden: 279040K(279040K)->0K(267776K) From: 64K(12288K)->64K(512K)
[149.918s][info][gc,heap        ] GC(370) ParOldGen: 449313K(449536K)->449321K(449536K)
[149.918s][info][gc,metaspace   ] GC(370) Metaspace: 35085K(35776K)->35085K(35776K) NonClass: 25900K(26368K)->25900K(26368K) Class: 9185K(9408K)->9185K(9408K)
[149.918s][info][gc             ] GC(370) Pause Young (Allocation Failure) 711M->438M(701M) 2.188ms
[149.918s][info][gc,cpu         ] GC(370) User=0.01s Sys=0.00s Real=0.00s
[150.912s][info][gc,start       ] GC(371) Pause Young (Allocation Failure)
[150.913s][info][gc,heap        ] GC(371) PSYoungGen: 267840K(268288K)->64K(267776K) Eden: 267776K(267776K)->0K(257024K) From: 64K(512K)->64K(10752K)
[150.913s][info][gc,heap        ] GC(371) ParOldGen: 449321K(449536K)->449329K(449536K)
[150.913s][info][gc,metaspace   ] GC(371) Metaspace: 35085K(35776K)->35085K(35776K) NonClass: 25900K(26368K)->25900K(26368K) Class: 9185K(9408K)->9185K(9408K)
[150.913s][info][gc             ] GC(371) Pause Young (Allocation Failure) 700M->438M(700M) 1.491ms
[150.913s][info][gc,cpu         ] GC(371) User=0.00s Sys=0.00s Real=0.01s
[151.274s][info][gc,start       ] GC(372) Pause Young (Allocation Failure)
[151.276s][info][gc,heap        ] GC(372) PSYoungGen: 257088K(267776K)->64K(247296K) Eden: 257024K(257024K)->0K(246784K) From: 64K(10752K)->64K(512K)
[151.276s][info][gc,heap        ] GC(372) ParOldGen: 449329K(449536K)->449337K(449536K)
[151.276s][info][gc,metaspace   ] GC(372) Metaspace: 35085K(35776K)->35085K(35776K) NonClass: 25900K(26368K)->25900K(26368K) Class: 9185K(9408K)->9185K(9408K)
[151.276s][info][gc             ] GC(372) Pause Young (Allocation Failure) 689M->438M(680M) 1.702ms
[151.276s][info][gc,cpu         ] GC(372) User=0.00s Sys=0.00s Real=0.00s
[151.388s][info][gc,start       ] GC(373) Pause Young (Allocation Failure)
[151.391s][info][gc,heap        ] GC(373) PSYoungGen: 246848K(247296K)->64K(246272K) Eden: 246784K(246784K)->0K(237056K) From: 64K(512K)->64K(9216K)
[151.391s][info][gc,heap        ] GC(373) ParOldGen: 449337K(449536K)->449345K(449536K)
[151.391s][info][gc,metaspace   ] GC(373) Metaspace: 35085K(35776K)->35085K(35776K) NonClass: 25900K(26368K)->25900K(26368K) Class: 9185K(9408K)->9185K(9408K)
[151.391s][info][gc             ] GC(373) Pause Young (Allocation Failure) 679M->438M(679M) 2.662ms
[151.391s][info][gc,cpu         ] GC(373) User=0.01s Sys=0.00s Real=0.00s
[151.829s][info][gc,start       ] GC(374) Pause Young (Allocation Failure)
[151.832s][info][gc,heap        ] GC(374) PSYoungGen: 237120K(246272K)->64K(228352K) Eden: 237056K(237056K)->0K(227840K) From: 64K(9216K)->64K(512K)
[151.832s][info][gc,heap        ] GC(374) ParOldGen: 449345K(449536K)->449353K(449536K)
[151.832s][info][gc,metaspace   ] GC(374) Metaspace: 35085K(35776K)->35085K(35776K) NonClass: 25900K(26368K)->25900K(26368K) Class: 9185K(9408K)->9185K(9408K)
[151.832s][info][gc             ] GC(374) Pause Young (Allocation Failure) 670M->438M(662M) 3.319ms
[151.832s][info][gc,cpu         ] GC(374) User=0.01s Sys=0.00s Real=0.01s
[152.158s][info][gc,start       ] GC(375) Pause Young (Allocation Failure)
[152.161s][info][gc,heap        ] GC(375) PSYoungGen: 227904K(228352K)->64K(227328K) Eden: 227840K(227840K)->0K(219136K) From: 64K(512K)->64K(8192K)
[152.161s][info][gc,heap        ] GC(375) ParOldGen: 449353K(449536K)->449361K(449536K)
[152.161s][info][gc,metaspace   ] GC(375) Metaspace: 35085K(35776K)->35085K(35776K) NonClass: 25900K(26368K)->25900K(26368K) Class: 9185K(9408K)->9185K(9408K)
[152.161s][info][gc             ] GC(375) Pause Young (Allocation Failure) 661M->438M(661M) 3.001ms
[152.161s][info][gc,cpu         ] GC(375) User=0.00s Sys=0.00s Real=0.00s
[152.474s][info][gc,start       ] GC(376) Pause Young (Allocation Failure)
[152.491s][info][gc,heap        ] GC(376) PSYoungGen: 219200K(227328K)->7168K(270336K) Eden: 219136K(219136K)->0K(263168K) From: 64K(8192K)->7168K(7168K)
[152.491s][info][gc,heap        ] GC(376) ParOldGen: 449361K(449536K)->450473K(450560K)
[152.491s][info][gc,metaspace   ] GC(376) Metaspace: 35085K(35776K)->35085K(35776K) NonClass: 25900K(26368K)->25900K(26368K) Class: 9185K(9408K)->9185K(9408K)
[152.491s][info][gc             ] GC(376) Pause Young (Allocation Failure) 652M->446M(704M) 16.690ms
[152.491s][info][gc,cpu         ] GC(376) User=0.03s Sys=0.00s Real=0.01s
[152.801s][info][gc,start       ] GC(377) Pause Young (Allocation Failure)
[152.861s][info][gc,heap        ] GC(377) PSYoungGen: 270336K(270336K)->9728K(282624K) Eden: 263168K(263168K)->0K(272896K) From: 7168K(7168K)->9728K(9728K)
[152.861s][info][gc,heap        ] GC(377) ParOldGen: 450473K(450560K)->470473K(470528K)
[152.861s][info][gc,metaspace   ] GC(377) Metaspace: 35085K(35776K)->35085K(35776K) NonClass: 25900K(26368K)->25900K(26368K) Class: 9185K(9408K)->9185K(9408K)
[152.861s][info][gc             ] GC(377) Pause Young (Allocation Failure) 703M->468M(735M) 60.024ms
[152.861s][info][gc,cpu         ] GC(377) User=0.10s Sys=0.02s Real=0.06s
[153.130s][info][gc,start       ] GC(378) Pause Young (Allocation Failure)
[153.186s][info][gc,heap        ] GC(378) PSYoungGen: 282624K(282624K)->19456K(302080K) Eden: 272896K(272896K)->0K(282624K) From: 9728K(9728K)->19456K(19456K)
[153.186s][info][gc,heap        ] GC(378) ParOldGen: 470473K(470528K)->476217K(476672K)
[153.186s][info][gc,metaspace   ] GC(378) Metaspace: 35085K(35776K)->35085K(35776K) NonClass: 25900K(26368K)->25900K(26368K) Class: 9185K(9408K)->9185K(9408K)
[153.186s][info][gc             ] GC(378) Pause Young (Allocation Failure) 735M->484M(760M) 55.975ms
[153.186s][info][gc,cpu         ] GC(378) User=0.09s Sys=0.01s Real=0.06s
[153.382s][info][gc,start       ] GC(379) Pause Young (Allocation Failure)
[153.385s][info][gc,heap        ] GC(379) PSYoungGen: 302080K(302080K)->64K(308224K) Eden: 282624K(282624K)->0K(282624K) From: 19456K(19456K)->64K(25600K)
[153.385s][info][gc,heap        ] GC(379) ParOldGen: 476217K(476672K)->476361K(476672K)
[153.385s][info][gc,metaspace   ] GC(379) Metaspace: 35085K(35776K)->35085K(35776K) NonClass: 25900K(26368K)->25900K(26368K) Class: 9185K(9408K)->9185K(9408K)
[153.385s][info][gc             ] GC(379) Pause Young (Allocation Failure) 760M->465M(766M) 3.149ms
[153.385s][info][gc,cpu         ] GC(379) User=0.01s Sys=0.00s Real=0.01s
[154.060s][info][gc,start       ] GC(380) Pause Young (Allocation Failure)
[154.062s][info][gc,heap        ] GC(380) PSYoungGen: 282688K(308224K)->64K(305152K) Eden: 282624K(282624K)->0K(283648K) From: 64K(25600K)->64K(21504K)
[154.062s][info][gc,heap        ] GC(380) ParOldGen: 476361K(476672K)->476369K(476672K)
[154.062s][info][gc,metaspace   ] GC(380) Metaspace: 35085K(35776K)->35085K(35776K) NonClass: 25900K(26368K)->25900K(26368K) Class: 9185K(9408K)->9185K(9408K)
[154.062s][info][gc             ] GC(380) Pause Young (Allocation Failure) 741M->465M(763M) 1.958ms
[154.062s][info][gc,cpu         ] GC(380) User=0.01s Sys=0.00s Real=0.00s
[154.523s][info][gc,start       ] GC(381) Pause Young (Allocation Failure)
[154.524s][info][gc,heap        ] GC(381) PSYoungGen: 283712K(305152K)->64K(307200K) Eden: 283648K(283648K)->0K(283648K) From: 64K(21504K)->64K(23552K)
[154.524s][info][gc,heap        ] GC(381) ParOldGen: 476369K(476672K)->476385K(476672K)
[154.524s][info][gc,metaspace   ] GC(381) Metaspace: 35085K(35776K)->35085K(35776K) NonClass: 25900K(26368K)->25900K(26368K) Class: 9185K(9408K)->9185K(9408K)
[154.524s][info][gc             ] GC(381) Pause Young (Allocation Failure) 742M->465M(765M) 1.617ms
[154.524s][info][gc,cpu         ] GC(381) User=0.01s Sys=0.00s Real=0.00s
[154.743s][info][gc,start       ] GC(382) Pause Young (Allocation Failure)
[154.745s][info][gc,heap        ] GC(382) PSYoungGen: 283712K(307200K)->64K(307712K) Eden: 283648K(283648K)->0K(287232K) From: 64K(23552K)->64K(20480K)
[154.745s][info][gc,heap        ] GC(382) ParOldGen: 476385K(476672K)->476401K(476672K)
[154.745s][info][gc,metaspace   ] GC(382) Metaspace: 35085K(35776K)->35085K(35776K) NonClass: 25900K(26368K)->25900K(26368K) Class: 9185K(9408K)->9185K(9408K)
[154.745s][info][gc             ] GC(382) Pause Young (Allocation Failure) 742M->465M(766M) 1.583ms
[154.745s][info][gc,cpu         ] GC(382) User=0.01s Sys=0.00s Real=0.00s
[154.964s][info][gc,start       ] GC(383) Pause Young (Allocation Failure)
[154.966s][info][gc,heap        ] GC(383) PSYoungGen: 287296K(307712K)->32K(309248K) Eden: 287232K(287232K)->0K(287232K) From: 64K(20480K)->32K(22016K)
[154.966s][info][gc,heap        ] GC(383) ParOldGen: 476401K(476672K)->476401K(476672K)
[154.966s][info][gc,metaspace   ] GC(383) Metaspace: 35085K(35776K)->35085K(35776K) NonClass: 25900K(26368K)->25900K(26368K) Class: 9185K(9408K)->9185K(9408K)
[154.966s][info][gc             ] GC(383) Pause Young (Allocation Failure) 745M->465M(767M) 1.534ms
[154.966s][info][gc,cpu         ] GC(383) User=0.00s Sys=0.00s Real=0.00s
[155.305s][info][gc,start       ] GC(384) Pause Young (Allocation Failure)
[155.306s][info][gc,heap        ] GC(384) PSYoungGen: 287264K(309248K)->64K(309248K) Eden: 287232K(287232K)->0K(290816K) From: 32K(22016K)->64K(18432K)
[155.306s][info][gc,heap        ] GC(384) ParOldGen: 476401K(476672K)->476401K(476672K)
[155.306s][info][gc,metaspace   ] GC(384) Metaspace: 35085K(35776K)->35085K(35776K) NonClass: 25900K(26368K)->25900K(26368K) Class: 9185K(9408K)->9185K(9408K)
[155.306s][info][gc             ] GC(384) Pause Young (Allocation Failure) 745M->465M(767M) 1.526ms
[155.306s][info][gc,cpu         ] GC(384) User=0.00s Sys=0.00s Real=0.00s
[155.357s][info][gc,start       ] GC(385) Pause Young (Allocation Failure)
[155.358s][info][gc,heap        ] GC(385) PSYoungGen: 290880K(309248K)->64K(310784K) Eden: 290816K(290816K)->0K(290816K) From: 64K(18432K)->64K(19968K)
[155.358s][info][gc,heap        ] GC(385) ParOldGen: 476401K(476672K)->476417K(476672K)
[155.358s][info][gc,metaspace   ] GC(385) Metaspace: 35085K(35776K)->35085K(35776K) NonClass: 25900K(26368K)->25900K(26368K) Class: 9185K(9408K)->9185K(9408K)
[155.358s][info][gc             ] GC(385) Pause Young (Allocation Failure) 749M->465M(769M) 1.484ms
[155.358s][info][gc,cpu         ] GC(385) User=0.00s Sys=0.00s Real=0.00s
[155.409s][info][gc,start       ] GC(386) Pause Young (Allocation Failure)
[155.410s][info][gc,heap        ] GC(386) PSYoungGen: 290880K(310784K)->64K(311296K) Eden: 290816K(290816K)->0K(294912K) From: 64K(19968K)->64K(16384K)
[155.410s][info][gc,heap        ] GC(386) ParOldGen: 476417K(476672K)->476417K(476672K)
[155.410s][info][gc,metaspace   ] GC(386) Metaspace: 35085K(35776K)->35085K(35776K) NonClass: 25900K(26368K)->25900K(26368K) Class: 9185K(9408K)->9185K(9408K)
[155.410s][info][gc             ] GC(386) Pause Young (Allocation Failure) 749M->465M(769M) 1.390ms
[155.410s][info][gc,cpu         ] GC(386) User=0.00s Sys=0.00s Real=0.00s
[155.606s][info][gc,start       ] GC(387) Pause Young (Allocation Failure)
[155.607s][info][gc,heap        ] GC(387) PSYoungGen: 294976K(311296K)->64K(312832K) Eden: 294912K(294912K)->0K(294912K) From: 64K(16384K)->64K(17920K)
[155.607s][info][gc,heap        ] GC(387) ParOldGen: 476417K(476672K)->476417K(476672K)
[155.607s][info][gc,metaspace   ] GC(387) Metaspace: 35085K(35776K)->35085K(35776K) NonClass: 25900K(26368K)->25900K(26368K) Class: 9185K(9408K)->9185K(9408K)
[155.607s][info][gc             ] GC(387) Pause Young (Allocation Failure) 753M->465M(771M) 1.562ms
[155.608s][info][gc,cpu         ] GC(387) User=0.01s Sys=0.00s Real=0.00s
[155.818s][info][gc,start       ] GC(388) Pause Young (Allocation Failure)
[155.819s][info][gc,heap        ] GC(388) PSYoungGen: 294976K(312832K)->64K(313344K) Eden: 294912K(294912K)->0K(299008K) From: 64K(17920K)->64K(14336K)
[155.820s][info][gc,heap        ] GC(388) ParOldGen: 476417K(476672K)->476425K(476672K)
[155.820s][info][gc,metaspace   ] GC(388) Metaspace: 35085K(35776K)->35085K(35776K) NonClass: 25900K(26368K)->25900K(26368K) Class: 9185K(9408K)->9185K(9408K)
[155.820s][info][gc             ] GC(388) Pause Young (Allocation Failure) 753M->465M(771M) 1.598ms
[155.820s][info][gc,cpu         ] GC(388) User=0.00s Sys=0.00s Real=0.00s
[155.924s][info][gc,start       ] GC(389) Pause Young (Allocation Failure)
[155.925s][info][gc,heap        ] GC(389) PSYoungGen: 299072K(313344K)->64K(314880K) Eden: 299008K(299008K)->0K(299008K) From: 64K(14336K)->64K(15872K)
[155.925s][info][gc,heap        ] GC(389) ParOldGen: 476425K(476672K)->476433K(476672K)
[155.925s][info][gc,metaspace   ] GC(389) Metaspace: 35085K(35776K)->35085K(35776K) NonClass: 25900K(26368K)->25900K(26368K) Class: 9185K(9408K)->9185K(9408K)
[155.925s][info][gc             ] GC(389) Pause Young (Allocation Failure) 757M->465M(773M) 1.601ms
[155.925s][info][gc,cpu         ] GC(389) User=0.00s Sys=0.00s Real=0.00s
[156.044s][info][gc,start       ] GC(390) Pause Young (Allocation Failure)
[156.045s][info][gc,heap        ] GC(390) PSYoungGen: 299072K(314880K)->64K(315392K) Eden: 299008K(299008K)->0K(303104K) From: 64K(15872K)->64K(12288K)
[156.045s][info][gc,heap        ] GC(390) ParOldGen: 476433K(476672K)->476441K(476672K)
[156.045s][info][gc,metaspace   ] GC(390) Metaspace: 35085K(35776K)->35085K(35776K) NonClass: 25900K(26368K)->25900K(26368K) Class: 9185K(9408K)->9185K(9408K)
[156.045s][info][gc             ] GC(390) Pause Young (Allocation Failure) 757M->465M(773M) 1.541ms
[156.045s][info][gc,cpu         ] GC(390) User=0.00s Sys=0.00s Real=0.00s
[156.438s][info][gc,start       ] GC(391) Pause Young (Allocation Failure)
[156.440s][info][gc,heap        ] GC(391) PSYoungGen: 303168K(315392K)->64K(316928K) Eden: 303104K(303104K)->0K(303104K) From: 64K(12288K)->64K(13824K)
[156.440s][info][gc,heap        ] GC(391) ParOldGen: 476441K(476672K)->476449K(476672K)
[156.440s][info][gc,metaspace   ] GC(391) Metaspace: 35085K(35776K)->35085K(35776K) NonClass: 25900K(26368K)->25900K(26368K) Class: 9185K(9408K)->9185K(9408K)
[156.440s][info][gc             ] GC(391) Pause Young (Allocation Failure) 761M->465M(775M) 1.730ms
[156.440s][info][gc,cpu         ] GC(391) User=0.00s Sys=0.00s Real=0.00s
[157.084s][info][gc,start       ] GC(392) Pause Young (Allocation Failure)
[157.086s][info][gc,heap        ] GC(392) PSYoungGen: 303168K(316928K)->83K(291328K) Eden: 303104K(303104K)->0K(290816K) From: 64K(13824K)->83K(512K)
[157.086s][info][gc,heap        ] GC(392) ParOldGen: 476449K(476672K)->476457K(476672K)
[157.086s][info][gc,metaspace   ] GC(392) Metaspace: 35085K(35776K)->35085K(35776K) NonClass: 25900K(26368K)->25900K(26368K) Class: 9185K(9408K)->9185K(9408K)
[157.086s][info][gc             ] GC(392) Pause Young (Allocation Failure) 761M->465M(750M) 2.143ms
[157.086s][info][gc,cpu         ] GC(392) User=0.00s Sys=0.00s Real=0.00s
[158.024s][info][gc,start       ] GC(393) Pause Young (Allocation Failure)
[158.025s][info][gc,heap        ] GC(393) PSYoungGen: 290899K(291328K)->64K(291328K) Eden: 290816K(290816K)->0K(279040K) From: 83K(512K)->64K(12288K)
[158.025s][info][gc,heap        ] GC(393) ParOldGen: 476457K(476672K)->476465K(476672K)
[158.025s][info][gc,metaspace   ] GC(393) Metaspace: 35085K(35776K)->35085K(35776K) NonClass: 25900K(26368K)->25900K(26368K) Class: 9185K(9408K)->9185K(9408K)
[158.025s][info][gc             ] GC(393) Pause Young (Allocation Failure) 749M->465M(750M) 1.544ms
[158.025s][info][gc,cpu         ] GC(393) User=0.00s Sys=0.00s Real=0.00s
[158.464s][info][gc,start       ] GC(394) Pause Young (Allocation Failure)
[158.466s][info][gc,heap        ] GC(394) PSYoungGen: 279104K(291328K)->64K(268288K) Eden: 279040K(279040K)->0K(267776K) From: 64K(12288K)->64K(512K)
[158.466s][info][gc,heap        ] GC(394) ParOldGen: 476465K(476672K)->476473K(476672K)
[158.466s][info][gc,metaspace   ] GC(394) Metaspace: 35085K(35776K)->35085K(35776K) NonClass: 25900K(26368K)->25900K(26368K) Class: 9185K(9408K)->9185K(9408K)
[158.466s][info][gc             ] GC(394) Pause Young (Allocation Failure) 737M->465M(727M) 1.925ms
[158.466s][info][gc,cpu         ] GC(394) User=0.00s Sys=0.00s Real=0.00s
[159.465s][info][gc,start       ] GC(395) Pause Young (Allocation Failure)
[159.466s][info][gc,heap        ] GC(395) PSYoungGen: 267840K(268288K)->64K(267776K) Eden: 267776K(267776K)->0K(257024K) From: 64K(512K)->64K(10752K)
[159.466s][info][gc,heap        ] GC(395) ParOldGen: 476473K(476672K)->476481K(476672K)
[159.466s][info][gc,metaspace   ] GC(395) Metaspace: 35085K(35776K)->35085K(35776K) NonClass: 25900K(26368K)->25900K(26368K) Class: 9185K(9408K)->9185K(9408K)
[159.466s][info][gc             ] GC(395) Pause Young (Allocation Failure) 726M->465M(727M) 1.544ms
[159.466s][info][gc,cpu         ] GC(395) User=0.01s Sys=0.00s Real=0.00s
[159.825s][info][gc,start       ] GC(396) Pause Young (Allocation Failure)
[159.826s][info][gc,heap        ] GC(396) PSYoungGen: 257088K(267776K)->64K(247296K) Eden: 257024K(257024K)->0K(246784K) From: 64K(10752K)->64K(512K)
[159.826s][info][gc,heap        ] GC(396) ParOldGen: 476481K(476672K)->476489K(476672K)
[159.826s][info][gc,metaspace   ] GC(396) Metaspace: 35085K(35776K)->35085K(35776K) NonClass: 25900K(26368K)->25900K(26368K) Class: 9185K(9408K)->9185K(9408K)
[159.826s][info][gc             ] GC(396) Pause Young (Allocation Failure) 716M->465M(707M) 1.618ms
[159.826s][info][gc,cpu         ] GC(396) User=0.01s Sys=0.00s Real=0.00s
[159.941s][info][gc,start       ] GC(397) Pause Young (Allocation Failure)
[159.942s][info][gc,heap        ] GC(397) PSYoungGen: 246848K(247296K)->64K(246272K) Eden: 246784K(246784K)->0K(237056K) From: 64K(512K)->64K(9216K)
[159.942s][info][gc,heap        ] GC(397) ParOldGen: 476489K(476672K)->476497K(476672K)
[159.942s][info][gc,metaspace   ] GC(397) Metaspace: 35085K(35776K)->35085K(35776K) NonClass: 25900K(26368K)->25900K(26368K) Class: 9185K(9408K)->9185K(9408K)
[159.942s][info][gc             ] GC(397) Pause Young (Allocation Failure) 706M->465M(706M) 1.336ms
[159.942s][info][gc,cpu         ] GC(397) User=0.00s Sys=0.00s Real=0.00s
[160.376s][info][gc,start       ] GC(398) Pause Young (Allocation Failure)
[160.379s][info][gc,heap        ] GC(398) PSYoungGen: 237120K(246272K)->64K(228352K) Eden: 237056K(237056K)->0K(227840K) From: 64K(9216K)->64K(512K)
[160.379s][info][gc,heap        ] GC(398) ParOldGen: 476497K(476672K)->476505K(476672K)
[160.379s][info][gc,metaspace   ] GC(398) Metaspace: 35085K(35776K)->35085K(35776K) NonClass: 25900K(26368K)->25900K(26368K) Class: 9185K(9408K)->9185K(9408K)
[160.379s][info][gc             ] GC(398) Pause Young (Allocation Failure) 696M->465M(688M) 2.200ms
[160.379s][info][gc,cpu         ] GC(398) User=0.01s Sys=0.00s Real=0.00s
[160.703s][info][gc,start       ] GC(399) Pause Young (Allocation Failure)
[160.704s][info][gc,heap        ] GC(399) PSYoungGen: 227904K(228352K)->64K(227328K) Eden: 227840K(227840K)->0K(219136K) From: 64K(512K)->64K(8192K)
[160.704s][info][gc,heap        ] GC(399) ParOldGen: 476505K(476672K)->476513K(476672K)
[160.704s][info][gc,metaspace   ] GC(399) Metaspace: 35085K(35776K)->35085K(35776K) NonClass: 25900K(26368K)->25900K(26368K) Class: 9185K(9408K)->9185K(9408K)
[160.704s][info][gc             ] GC(399) Pause Young (Allocation Failure) 687M->465M(687M) 1.459ms
[160.704s][info][gc,cpu         ] GC(399) User=0.00s Sys=0.00s Real=0.00s
[161.017s][info][gc,start       ] GC(400) Pause Young (Allocation Failure)
[161.030s][info][gc,heap        ] GC(400) PSYoungGen: 219200K(227328K)->7680K(270848K) Eden: 219136K(219136K)->0K(263168K) From: 64K(8192K)->7680K(7680K)
[161.030s][info][gc,heap        ] GC(400) ParOldGen: 476513K(476672K)->477009K(477184K)
[161.030s][info][gc,metaspace   ] GC(400) Metaspace: 35085K(35776K)->35085K(35776K) NonClass: 25900K(26368K)->25900K(26368K) Class: 9185K(9408K)->9185K(9408K)
[161.030s][info][gc             ] GC(400) Pause Young (Allocation Failure) 679M->473M(730M) 13.282ms
[161.030s][info][gc,cpu         ] GC(400) User=0.03s Sys=0.00s Real=0.01s
[161.334s][info][gc,start       ] GC(401) Pause Young (Allocation Failure)
[161.391s][info][gc,heap        ] GC(401) PSYoungGen: 270848K(270848K)->9728K(283136K) Eden: 263168K(263168K)->0K(273408K) From: 7680K(7680K)->9728K(9728K)
[161.391s][info][gc,heap        ] GC(401) ParOldGen: 477009K(477184K)->496993K(497152K)
[161.391s][info][gc,metaspace   ] GC(401) Metaspace: 35085K(35776K)->35085K(35776K) NonClass: 25900K(26368K)->25900K(26368K) Class: 9185K(9408K)->9185K(9408K)
[161.391s][info][gc             ] GC(401) Pause Young (Allocation Failure) 730M->494M(762M) 56.382ms
[161.391s][info][gc,cpu         ] GC(401) User=0.11s Sys=0.01s Real=0.05s
[161.658s][info][gc,start       ] GC(402) Pause Young (Allocation Failure)
[161.715s][info][gc,heap        ] GC(402) PSYoungGen: 283136K(283136K)->19456K(302080K) Eden: 273408K(273408K)->0K(282624K) From: 9728K(9728K)->19456K(19456K)
[161.715s][info][gc,heap        ] GC(402) ParOldGen: 496993K(497152K)->502841K(503296K)
[161.715s][info][gc,metaspace   ] GC(402) Metaspace: 35085K(35776K)->35085K(35776K) NonClass: 25900K(26368K)->25900K(26368K) Class: 9185K(9408K)->9185K(9408K)
[161.715s][info][gc             ] GC(402) Pause Young (Allocation Failure) 761M->510M(786M) 56.359ms
[161.715s][info][gc,cpu         ] GC(402) User=0.10s Sys=0.02s Real=0.06s
[161.910s][info][gc,start       ] GC(403) Pause Young (Allocation Failure)
[161.913s][info][gc,heap        ] GC(403) PSYoungGen: 302080K(302080K)->64K(308224K) Eden: 282624K(282624K)->0K(282624K) From: 19456K(19456K)->64K(25600K)
[161.913s][info][gc,heap        ] GC(403) ParOldGen: 502841K(503296K)->502993K(503296K)
[161.913s][info][gc,metaspace   ] GC(403) Metaspace: 35085K(35776K)->35085K(35776K) NonClass: 25900K(26368K)->25900K(26368K) Class: 9185K(9408K)->9185K(9408K)
[161.913s][info][gc             ] GC(403) Pause Young (Allocation Failure) 786M->491M(792M) 3.181ms
[161.913s][info][gc,cpu         ] GC(403) User=0.00s Sys=0.00s Real=0.01s
[162.592s][info][metaspace      ] ChkMgr @0x00007efc8003f160 (non-class-space): failed to commit 118 words on chunk @0x00007efc801b8e78, f, base 0x00007efc199e0000, level lv07.
[162.592s][info][metaspace      ] Arena @0x00007efc80059be0 (non-class arena): failed to allocate new chunk for requested word size 118.
[162.592s][info][metaspace      ] Arena @0x00007efc80059be0 (non-class arena): allocation failed, returned null.
[162.592s][info][metaspace      ] ChkMgr @0x00007efc8003f160 (non-class-space): failed to commit 118 words on chunk @0x00007efc801b8e78, f, base 0x00007efc199e0000, level lv07.
[162.592s][info][metaspace      ] Arena @0x00007efc80059be0 (non-class arena): failed to allocate new chunk for requested word size 118.
[162.592s][info][metaspace      ] Arena @0x00007efc80059be0 (non-class arena): allocation failed, returned null.
[162.593s][info][metaspace      ] ChkMgr @0x00007efc8003f160 (non-class-space): failed to commit 118 words on chunk @0x00007efc801b8e78, f, base 0x00007efc199e0000, level lv07.
[162.593s][info][metaspace      ] Arena @0x00007efc80059be0 (non-class arena): failed to allocate new chunk for requested word size 118.
[162.593s][info][metaspace      ] Arena @0x00007efc80059be0 (non-class arena): allocation failed, returned null.
[162.593s][info][gc,start       ] GC(404) Pause Full (Metadata GC Threshold)
[162.593s][info][gc,phases,start] GC(404) Marking Phase
[162.641s][info][gc,phases      ] GC(404) Marking Phase 48.023ms
[162.641s][info][gc,phases,start] GC(404) Summary Phase
[162.641s][info][gc,phases      ] GC(404) Summary Phase 0.042ms
[162.641s][info][gc,phases,start] GC(404) Forward
[162.644s][info][gc,phases      ] GC(404) Forward 2.884ms
[162.644s][info][gc,phases,start] GC(404) Adjust Pointers
[162.667s][info][gc,phases      ] GC(404) Adjust Pointers 22.661ms
[162.667s][info][gc,phases,start] GC(404) Compaction Phase
[162.675s][info][gc,phases      ] GC(404) Compaction Phase 7.829ms
[162.675s][info][gc,phases,start] GC(404) Post Compact
[162.688s][info][metaspace      ] ChkMgr @0x00007efc8003f160 (non-class-space): : reclaiming memory...
[162.688s][info][metaspace      ] ChkMgr @0x00007efc8003f160 (non-class-space): nothing reclaimed.
[162.688s][info][metaspace      ] ChkMgr @0x00007efc8003ef70 (class-space): : reclaiming memory...
[162.688s][info][metaspace      ] ChkMgr @0x00007efc8003ef70 (class-space): nothing reclaimed.
[162.688s][info][gc,phases      ] GC(404) Post Compact 13.603ms
[162.688s][info][gc,heap        ] GC(404) PSYoungGen: 277005K(308224K)->0K(308224K) Eden: 276941K(282624K)->0K(282624K) From: 64K(25600K)->0K(25600K)
[162.688s][info][gc,heap        ] GC(404) ParOldGen: 502993K(503296K)->48554K(503296K)
[162.688s][info][gc,metaspace   ] GC(404) Metaspace: 35120K(35840K)->35086K(35840K) NonClass: 25929K(26432K)->25898K(26432K) Class: 9191K(9408K)->9188K(9408K)
[162.688s][info][gc             ] GC(404) Pause Full (Metadata GC Threshold) 761M->47M(792M) 95.257ms
[162.689s][info][gc,cpu         ] GC(404) User=0.12s Sys=0.02s Real=0.09s
[163.073s][info][gc,start       ] GC(405) Pause Young (Allocation Failure)
[163.077s][info][gc,heap        ] GC(405) PSYoungGen: 282624K(308224K)->1356K(305152K) Eden: 282624K(282624K)->0K(283648K) From: 0K(25600K)->1356K(21504K)
[163.077s][info][gc,heap        ] GC(405) ParOldGen: 48554K(503296K)->48562K(503296K)
[163.077s][info][gc,metaspace   ] GC(405) Metaspace: 35227K(35904K)->35227K(35904K) NonClass: 26019K(26496K)->26019K(26496K) Class: 9208K(9408K)->9208K(9408K)
[163.077s][info][gc             ] GC(405) Pause Young (Allocation Failure) 323M->48M(789M) 4.046ms
[163.077s][info][gc,cpu         ] GC(405) User=0.00s Sys=0.00s Real=0.00s
[163.495s][info][gc,start       ] GC(406) Pause Young (Allocation Failure)
[163.496s][info][gc,heap        ] GC(406) PSYoungGen: 285004K(305152K)->32K(307200K) Eden: 283648K(283648K)->0K(283648K) From: 1356K(21504K)->32K(23552K)
[163.496s][info][gc,heap        ] GC(406) ParOldGen: 48562K(503296K)->49881K(503296K)
[163.496s][info][gc,metaspace   ] GC(406) Metaspace: 35227K(35904K)->35227K(35904K) NonClass: 26019K(26496K)->26019K(26496K) Class: 9208K(9408K)->9208K(9408K)
[163.496s][info][gc             ] GC(406) Pause Young (Allocation Failure) 325M->48M(791M) 1.686ms
[163.496s][info][gc,cpu         ] GC(406) User=0.00s Sys=0.00s Real=0.00s
[163.700s][info][gc,start       ] GC(407) Pause Young (Allocation Failure)
[163.700s][info][gc,heap        ] GC(407) PSYoungGen: 283680K(307200K)->32K(307200K) Eden: 283648K(283648K)->0K(287744K) From: 32K(23552K)->32K(19456K)
[163.700s][info][gc,heap        ] GC(407) ParOldGen: 49881K(503296K)->49897K(503296K)
[163.700s][info][gc,metaspace   ] GC(407) Metaspace: 35227K(35904K)->35227K(35904K) NonClass: 26019K(26496K)->26019K(26496K) Class: 9208K(9408K)->9208K(9408K)
[163.700s][info][gc             ] GC(407) Pause Young (Allocation Failure) 325M->48M(791M) 0.607ms
[163.700s][info][gc,cpu         ] GC(407) User=0.00s Sys=0.00s Real=0.00s
[164.045s][info][gc,start       ] GC(408) Pause Young (Allocation Failure)
[164.046s][info][gc,heap        ] GC(408) PSYoungGen: 287776K(307200K)->64K(309248K) Eden: 287744K(287744K)->0K(287744K) From: 32K(19456K)->64K(21504K)
[164.046s][info][gc,heap        ] GC(408) ParOldGen: 49897K(503296K)->49897K(503296K)
[164.046s][info][gc,metaspace   ] GC(408) Metaspace: 35227K(35904K)->35227K(35904K) NonClass: 26019K(26496K)->26019K(26496K) Class: 9208K(9408K)->9208K(9408K)
[164.046s][info][gc             ] GC(408) Pause Young (Allocation Failure) 329M->48M(793M) 0.608ms
[164.046s][info][gc,cpu         ] GC(408) User=0.00s Sys=0.00s Real=0.00s
[164.103s][info][gc,start       ] GC(409) Pause Young (Allocation Failure)
[164.104s][info][gc,heap        ] GC(409) PSYoungGen: 287808K(309248K)->64K(309760K) Eden: 287744K(287744K)->0K(291328K) From: 64K(21504K)->64K(18432K)
[164.104s][info][gc,heap        ] GC(409) ParOldGen: 49897K(503296K)->49905K(503296K)
[164.104s][info][gc,metaspace   ] GC(409) Metaspace: 35227K(35904K)->35227K(35904K) NonClass: 26019K(26496K)->26019K(26496K) Class: 9208K(9408K)->9208K(9408K)
[164.104s][info][gc             ] GC(409) Pause Young (Allocation Failure) 329M->48M(794M) 0.489ms
[164.104s][info][gc,cpu         ] GC(409) User=0.00s Sys=0.00s Real=0.00s
[164.154s][info][gc,start       ] GC(410) Pause Young (Allocation Failure)
[164.154s][info][gc,heap        ] GC(410) PSYoungGen: 291392K(309760K)->64K(311296K) Eden: 291328K(291328K)->0K(291328K) From: 64K(18432K)->64K(19968K)
[164.154s][info][gc,heap        ] GC(410) ParOldGen: 49905K(503296K)->49921K(503296K)
[164.154s][info][gc,metaspace   ] GC(410) Metaspace: 35227K(35904K)->35227K(35904K) NonClass: 26019K(26496K)->26019K(26496K) Class: 9208K(9408K)->9208K(9408K)
[164.154s][info][gc             ] GC(410) Pause Young (Allocation Failure) 333M->48M(795M) 0.584ms
[164.154s][info][gc,cpu         ] GC(410) User=0.01s Sys=0.00s Real=0.00s
[164.332s][info][gc,start       ] GC(411) Pause Young (Allocation Failure)
[164.333s][info][gc,heap        ] GC(411) PSYoungGen: 291392K(311296K)->64K(311296K) Eden: 291328K(291328K)->0K(294912K) From: 64K(19968K)->64K(16384K)
[164.333s][info][gc,heap        ] GC(411) ParOldGen: 49921K(503296K)->49921K(503296K)
[164.333s][info][gc,metaspace   ] GC(411) Metaspace: 35227K(35904K)->35227K(35904K) NonClass: 26019K(26496K)->26019K(26496K) Class: 9208K(9408K)->9208K(9408K)
[164.333s][info][gc             ] GC(411) Pause Young (Allocation Failure) 333M->48M(795M) 0.622ms
[164.333s][info][gc,cpu         ] GC(411) User=0.00s Sys=0.00s Real=0.00s
[164.558s][info][gc,start       ] GC(412) Pause Young (Allocation Failure)
[164.559s][info][gc,heap        ] GC(412) PSYoungGen: 294976K(311296K)->64K(283648K) Eden: 294912K(294912K)->0K(283136K) From: 64K(16384K)->64K(512K)
[164.559s][info][gc,heap        ] GC(412) ParOldGen: 49921K(503296K)->49929K(503296K)
[164.559s][info][gc,metaspace   ] GC(412) Metaspace: 35227K(35904K)->35227K(35904K) NonClass: 26019K(26496K)->26019K(26496K) Class: 9208K(9408K)->9208K(9408K)
[164.559s][info][gc             ] GC(412) Pause Young (Allocation Failure) 336M->48M(768M) 1.478ms
[164.559s][info][gc,cpu         ] GC(412) User=0.00s Sys=0.00s Real=0.00s
[164.677s][info][gc,start       ] GC(413) Pause Young (Allocation Failure)
[164.678s][info][gc,heap        ] GC(413) PSYoungGen: 283200K(283648K)->64K(275456K) Eden: 283136K(283136K)->0K(271872K) From: 64K(512K)->64K(3584K)
[164.678s][info][gc,heap        ] GC(413) ParOldGen: 49929K(503296K)->49937K(503296K)
[164.678s][info][gc,metaspace   ] GC(413) Metaspace: 35227K(35904K)->35227K(35904K) NonClass: 26019K(26496K)->26019K(26496K) Class: 9208K(9408K)->9208K(9408K)
[164.678s][info][gc             ] GC(413) Pause Young (Allocation Failure) 325M->48M(760M) 0.936ms
[164.678s][info][gc,cpu         ] GC(413) User=0.00s Sys=0.00s Real=0.00s
[164.764s][info][gc,start       ] GC(414) Pause Young (Allocation Failure)
[164.765s][info][gc,heap        ] GC(414) PSYoungGen: 271936K(275456K)->64K(261632K) Eden: 271872K(271872K)->0K(261120K) From: 64K(3584K)->64K(512K)
[164.765s][info][gc,heap        ] GC(414) ParOldGen: 49937K(503296K)->49945K(503296K)
[164.765s][info][gc,metaspace   ] GC(414) Metaspace: 35227K(35904K)->35227K(35904K) NonClass: 26019K(26496K)->26019K(26496K) Class: 9208K(9408K)->9208K(9408K)
[164.765s][info][gc             ] GC(414) Pause Young (Allocation Failure) 314M->48M(747M) 0.569ms
[164.765s][info][gc,cpu         ] GC(414) User=0.01s Sys=0.00s Real=0.00s
[164.918s][info][gc,start       ] GC(415) Pause Young (Allocation Failure)
[164.919s][info][gc,heap        ] GC(415) PSYoungGen: 261184K(261632K)->64K(251392K) Eden: 261120K(261120K)->0K(250880K) From: 64K(512K)->64K(512K)
[164.919s][info][gc,heap        ] GC(415) ParOldGen: 49945K(503296K)->49953K(503296K)
[164.919s][info][gc,metaspace   ] GC(415) Metaspace: 35227K(35904K)->35227K(35904K) NonClass: 26019K(26496K)->26019K(26496K) Class: 9208K(9408K)->9208K(9408K)
[164.919s][info][gc             ] GC(415) Pause Young (Allocation Failure) 303M->48M(737M) 1.261ms
[164.919s][info][gc,cpu         ] GC(415) User=0.00s Sys=0.00s Real=0.00s
[165.815s][info][gc,start       ] GC(416) Pause Young (Allocation Failure)
[165.816s][info][gc,heap        ] GC(416) PSYoungGen: 250944K(251392K)->64K(254976K) Eden: 250880K(250880K)->0K(241152K) From: 64K(512K)->64K(13824K)
[165.816s][info][gc,heap        ] GC(416) ParOldGen: 49953K(503296K)->49961K(503296K)
[165.816s][info][gc,metaspace   ] GC(416) Metaspace: 35227K(35904K)->35227K(35904K) NonClass: 26019K(26496K)->26019K(26496K) Class: 9208K(9408K)->9208K(9408K)
[165.816s][info][gc             ] GC(416) Pause Young (Allocation Failure) 293M->48M(740M) 0.590ms
[165.816s][info][gc,cpu         ] GC(416) User=0.00s Sys=0.00s Real=0.00s
[166.620s][info][gc,start       ] GC(417) Pause Young (Allocation Failure)
[166.622s][info][gc,heap        ] GC(417) PSYoungGen: 241216K(254976K)->64K(232448K) Eden: 241152K(241152K)->0K(231936K) From: 64K(13824K)->64K(512K)
[166.622s][info][gc,heap        ] GC(417) ParOldGen: 49961K(503296K)->49969K(503296K)
[166.622s][info][gc,metaspace   ] GC(417) Metaspace: 35227K(35904K)->35227K(35904K) NonClass: 26019K(26496K)->26019K(26496K) Class: 9208K(9408K)->9208K(9408K)
[166.622s][info][gc             ] GC(417) Pause Young (Allocation Failure) 284M->48M(718M) 1.626ms
[166.622s][info][gc,cpu         ] GC(417) User=0.00s Sys=0.00s Real=0.00s
[166.793s][info][gc,start       ] GC(418) Pause Young (Allocation Failure)
[166.793s][info][gc,heap        ] GC(418) PSYoungGen: 232000K(232448K)->64K(235520K) Eden: 231936K(231936K)->0K(223232K) From: 64K(512K)->64K(12288K)
[166.793s][info][gc,heap        ] GC(418) ParOldGen: 49969K(503296K)->49977K(503296K)
[166.793s][info][gc,metaspace   ] GC(418) Metaspace: 35227K(35904K)->35227K(35904K) NonClass: 26019K(26496K)->26019K(26496K) Class: 9208K(9408K)->9208K(9408K)
[166.793s][info][gc             ] GC(418) Pause Young (Allocation Failure) 275M->48M(721M) 0.567ms
[166.793s][info][gc,cpu         ] GC(418) User=0.00s Sys=0.00s Real=0.00s
[167.214s][info][gc,start       ] GC(419) Pause Young (Allocation Failure)
[167.215s][info][gc,heap        ] GC(419) PSYoungGen: 223296K(235520K)->64K(215552K) Eden: 223232K(223232K)->0K(215040K) From: 64K(12288K)->64K(512K)
[167.215s][info][gc,heap        ] GC(419) ParOldGen: 49977K(503296K)->49985K(503296K)
[167.215s][info][gc,metaspace   ] GC(419) Metaspace: 35227K(35904K)->35227K(35904K) NonClass: 26019K(26496K)->26019K(26496K) Class: 9208K(9408K)->9208K(9408K)
[167.215s][info][gc             ] GC(419) Pause Young (Allocation Failure) 266M->48M(702M) 1.314ms
[167.215s][info][gc,cpu         ] GC(419) User=0.00s Sys=0.01s Real=0.00s
[168.133s][info][gc,start       ] GC(420) Pause Young (Allocation Failure)
[168.134s][info][gc,heap        ] GC(420) PSYoungGen: 215104K(215552K)->64K(217600K) Eden: 215040K(215040K)->0K(206848K) From: 64K(512K)->64K(10752K)
[168.134s][info][gc,heap        ] GC(420) ParOldGen: 49985K(503296K)->49993K(503296K)
[168.134s][info][gc,metaspace   ] GC(420) Metaspace: 35227K(35904K)->35227K(35904K) NonClass: 26019K(26496K)->26019K(26496K) Class: 9208K(9408K)->9208K(9408K)
[168.134s][info][gc             ] GC(420) Pause Young (Allocation Failure) 258M->48M(704M) 0.709ms
[168.134s][info][gc,cpu         ] GC(420) User=0.00s Sys=0.00s Real=0.00s
[168.495s][info][gc,start       ] GC(421) Pause Young (Allocation Failure)
[168.497s][info][gc,heap        ] GC(421) PSYoungGen: 206912K(217600K)->64K(199680K) Eden: 206848K(206848K)->0K(199168K) From: 64K(10752K)->64K(512K)
[168.497s][info][gc,heap        ] GC(421) ParOldGen: 49993K(503296K)->50009K(503296K)
[168.497s][info][gc,metaspace   ] GC(421) Metaspace: 35227K(35904K)->35227K(35904K) NonClass: 26019K(26496K)->26019K(26496K) Class: 9208K(9408K)->9208K(9408K)
[168.497s][info][gc             ] GC(421) Pause Young (Allocation Failure) 250M->48M(686M) 1.478ms
[168.497s][info][gc,cpu         ] GC(421) User=0.00s Sys=0.00s Real=0.00s
[168.683s][info][gc,start       ] GC(422) Pause Young (Allocation Failure)
[168.684s][info][gc,heap        ] GC(422) PSYoungGen: 199232K(199680K)->64K(201216K) Eden: 199168K(199168K)->0K(192000K) From: 64K(512K)->64K(9216K)
[168.684s][info][gc,heap        ] GC(422) ParOldGen: 50009K(503296K)->50017K(503296K)
[168.684s][info][gc,metaspace   ] GC(422) Metaspace: 35227K(35904K)->35227K(35904K) NonClass: 26019K(26496K)->26019K(26496K) Class: 9208K(9408K)->9208K(9408K)
[168.684s][info][gc             ] GC(422) Pause Young (Allocation Failure) 243M->48M(688M) 0.688ms
[168.684s][info][gc,cpu         ] GC(422) User=0.00s Sys=0.00s Real=0.00s
[168.732s][info][gc,start       ] GC(423) Pause Young (Allocation Failure)
[168.733s][info][gc,heap        ] GC(423) PSYoungGen: 192064K(201216K)->32K(185856K) Eden: 192000K(192000K)->0K(185344K) From: 64K(9216K)->32K(512K)
[168.733s][info][gc,heap        ] GC(423) ParOldGen: 50017K(503296K)->50033K(503296K)
[168.733s][info][gc,metaspace   ] GC(423) Metaspace: 35227K(35904K)->35227K(35904K) NonClass: 26019K(26496K)->26019K(26496K) Class: 9208K(9408K)->9208K(9408K)
[168.733s][info][gc             ] GC(423) Pause Young (Allocation Failure) 236M->48M(673M) 1.394ms
[168.733s][info][gc,cpu         ] GC(423) User=0.00s Sys=0.00s Real=0.01s
[169.000s][info][gc,start       ] GC(424) Pause Young (Allocation Failure)
[169.001s][info][gc,heap        ] GC(424) PSYoungGen: 185376K(185856K)->64K(186880K) Eden: 185344K(185344K)->0K(178688K) From: 32K(512K)->64K(8192K)
[169.001s][info][gc,heap        ] GC(424) ParOldGen: 50033K(503296K)->50033K(503296K)
[169.001s][info][gc,metaspace   ] GC(424) Metaspace: 35227K(35904K)->35227K(35904K) NonClass: 26019K(26496K)->26019K(26496K) Class: 9208K(9408K)->9208K(9408K)
[169.001s][info][gc             ] GC(424) Pause Young (Allocation Failure) 229M->48M(674M) 0.725ms
[169.001s][info][gc,cpu         ] GC(424) User=0.00s Sys=0.00s Real=0.00s
[169.395s][info][gc,start       ] GC(425) Pause Young (Allocation Failure)
[169.397s][info][gc,heap        ] GC(425) PSYoungGen: 178752K(186880K)->64K(173056K) Eden: 178688K(178688K)->0K(172544K) From: 64K(8192K)->64K(512K)
[169.397s][info][gc,heap        ] GC(425) ParOldGen: 50033K(503296K)->50049K(503296K)
[169.397s][info][gc,metaspace   ] GC(425) Metaspace: 35227K(35904K)->35227K(35904K) NonClass: 26019K(26496K)->26019K(26496K) Class: 9208K(9408K)->9208K(9408K)
[169.397s][info][gc             ] GC(425) Pause Young (Allocation Failure) 223M->48M(660M) 1.811ms
[169.397s][info][gc,cpu         ] GC(425) User=0.00s Sys=0.00s Real=0.00s
[169.580s][info][gc,start       ] GC(426) Pause Young (Allocation Failure)
[169.581s][info][gc,heap        ] GC(426) PSYoungGen: 172608K(173056K)->64K(173568K) Eden: 172544K(172544K)->0K(166400K) From: 64K(512K)->64K(7168K)
[169.581s][info][gc,heap        ] GC(426) ParOldGen: 50049K(503296K)->50057K(503296K)
[169.581s][info][gc,metaspace   ] GC(426) Metaspace: 35227K(35904K)->35227K(35904K) NonClass: 26019K(26496K)->26019K(26496K) Class: 9208K(9408K)->9208K(9408K)
[169.581s][info][gc             ] GC(426) Pause Young (Allocation Failure) 217M->48M(661M) 0.849ms
[169.581s][info][gc,cpu         ] GC(426) User=0.00s Sys=0.00s Real=0.00s
[169.846s][info][gc,start       ] GC(427) Pause Young (Allocation Failure)
[169.870s][info][gc,heap        ] GC(427) PSYoungGen: 166464K(173568K)->6656K(206336K) Eden: 166400K(166400K)->0K(199680K) From: 64K(7168K)->6656K(6656K)
[169.870s][info][gc,heap        ] GC(427) ParOldGen: 50057K(503296K)->52057K(503296K)
[169.870s][info][gc,metaspace   ] GC(427) Metaspace: 35227K(35904K)->35227K(35904K) NonClass: 26019K(26496K)->26019K(26496K) Class: 9208K(9408K)->9208K(9408K)
[169.870s][info][gc             ] GC(427) Pause Young (Allocation Failure) 211M->57M(693M) 24.126ms
[169.870s][info][gc,cpu         ] GC(427) User=0.03s Sys=0.00s Real=0.02s
[170.101s][info][gc,start       ] GC(428) Pause Young (Allocation Failure)
[170.135s][info][gc,heap        ] GC(428) PSYoungGen: 206336K(206336K)->8704K(228864K) Eden: 199680K(199680K)->0K(220160K) From: 6656K(6656K)->8704K(8704K)
[170.135s][info][gc,heap        ] GC(428) ParOldGen: 52057K(503296K)->65945K(503296K)
[170.135s][info][gc,metaspace   ] GC(428) Metaspace: 35227K(35904K)->35227K(35904K) NonClass: 26019K(26496K)->26019K(26496K) Class: 9208K(9408K)->9208K(9408K)
[170.135s][info][gc             ] GC(428) Pause Young (Allocation Failure) 252M->72M(715M) 34.068ms
[170.135s][info][gc,cpu         ] GC(428) User=0.07s Sys=0.00s Real=0.04s
[170.388s][info][gc,start       ] GC(429) Pause Young (Allocation Failure)
[170.436s][info][gc,heap        ] GC(429) PSYoungGen: 228864K(228864K)->15872K(248320K) Eden: 220160K(220160K)->0K(232448K) From: 8704K(8704K)->15872K(15872K)
[170.436s][info][gc,heap        ] GC(429) ParOldGen: 65945K(503296K)->75273K(503296K)
[170.436s][info][gc,metaspace   ] GC(429) Metaspace: 35227K(35904K)->35227K(35904K) NonClass: 26019K(26496K)->26019K(26496K) Class: 9208K(9408K)->9208K(9408K)
[170.436s][info][gc             ] GC(429) Pause Young (Allocation Failure) 287M->89M(734M) 47.795ms
[170.436s][info][gc,cpu         ] GC(429) User=0.08s Sys=0.01s Real=0.05s
[170.549s][info][gc,start       ] GC(430) Pause Young (Allocation Failure)
[170.562s][info][gc,heap        ] GC(430) PSYoungGen: 248320K(248320K)->6688K(255488K) Eden: 232448K(232448K)->0K(232448K) From: 15872K(15872K)->6688K(23040K)
[170.562s][info][gc,heap        ] GC(430) ParOldGen: 75273K(503296K)->75529K(503296K)
[170.562s][info][gc,metaspace   ] GC(430) Metaspace: 35227K(35904K)->35227K(35904K) NonClass: 26019K(26496K)->26019K(26496K) Class: 9208K(9408K)->9208K(9408K)
[170.562s][info][gc             ] GC(430) Pause Young (Allocation Failure) 316M->80M(741M) 13.126ms
[170.562s][info][gc,cpu         ] GC(430) User=0.03s Sys=0.00s Real=0.02s
[170.897s][info][gc,start       ] GC(431) Pause Young (Allocation Failure)
[170.898s][info][gc,heap        ] GC(431) PSYoungGen: 239136K(255488K)->64K(299520K) Eden: 232448K(232448K)->0K(279040K) From: 6688K(23040K)->64K(20480K)
[170.898s][info][gc,heap        ] GC(431) ParOldGen: 75529K(503296K)->75537K(503296K)
[170.898s][info][gc,metaspace   ] GC(431) Metaspace: 35227K(35904K)->35227K(35904K) NonClass: 26019K(26496K)->26019K(26496K) Class: 9208K(9408K)->9208K(9408K)
[170.898s][info][gc             ] GC(431) Pause Young (Allocation Failure) 307M->73M(784M) 0.675ms
[170.898s][info][gc,cpu         ] GC(431) User=0.00s Sys=0.00s Real=0.00s
[171.508s][info][gc,start       ] GC(432) Pause Young (Allocation Failure)
[171.509s][info][gc,heap        ] GC(432) PSYoungGen: 279104K(299520K)->64K(300032K) Eden: 279040K(279040K)->0K(279040K) From: 64K(20480K)->64K(20992K)
[171.509s][info][gc,heap        ] GC(432) ParOldGen: 75537K(503296K)->75545K(503296K)
[171.509s][info][gc,metaspace   ] GC(432) Metaspace: 35227K(35904K)->35227K(35904K) NonClass: 26019K(26496K)->26019K(26496K) Class: 9208K(9408K)->9208K(9408K)
[171.509s][info][gc             ] GC(432) Pause Young (Allocation Failure) 346M->73M(784M) 0.784ms
[171.509s][info][gc,cpu         ] GC(432) User=0.01s Sys=0.00s Real=0.00s
[171.937s][info][gc,start       ] GC(433) Pause Young (Allocation Failure)
[171.938s][info][gc,heap        ] GC(433) PSYoungGen: 279104K(300032K)->64K(310784K) Eden: 279040K(279040K)->0K(292352K) From: 64K(20992K)->64K(18432K)
[171.938s][info][gc,heap        ] GC(433) ParOldGen: 75545K(503296K)->75561K(503296K)
[171.938s][info][gc,metaspace   ] GC(433) Metaspace: 35227K(35904K)->35227K(35904K) NonClass: 26019K(26496K)->26019K(26496K) Class: 9208K(9408K)->9208K(9408K)
[171.938s][info][gc             ] GC(433) Pause Young (Allocation Failure) 346M->73M(795M) 0.664ms
[171.938s][info][gc,cpu         ] GC(433) User=0.00s Sys=0.00s Real=0.00s
[172.158s][info][gc,start       ] GC(434) Pause Young (Allocation Failure)
[172.159s][info][gc,heap        ] GC(434) PSYoungGen: 292416K(310784K)->64K(311808K) Eden: 292352K(292352K)->0K(292352K) From: 64K(18432K)->64K(19456K)
[172.159s][info][gc,heap        ] GC(434) ParOldGen: 75561K(503296K)->75577K(503296K)
[172.159s][info][gc,metaspace   ] GC(434) Metaspace: 35227K(35904K)->35227K(35904K) NonClass: 26019K(26496K)->26019K(26496K) Class: 9208K(9408K)->9208K(9408K)
[172.159s][info][gc             ] GC(434) Pause Young (Allocation Failure) 359M->73M(796M) 0.689ms
[172.159s][info][gc,cpu         ] GC(434) User=0.00s Sys=0.00s Real=0.00s
[172.368s][info][gc,start       ] GC(435) Pause Young (Allocation Failure)
[172.369s][info][gc,heap        ] GC(435) PSYoungGen: 292416K(311808K)->64K(311808K) Eden: 292352K(292352K)->0K(295424K) From: 64K(19456K)->64K(16384K)
[172.369s][info][gc,heap        ] GC(435) ParOldGen: 75577K(503296K)->75577K(503296K)
[172.369s][info][gc,metaspace   ] GC(435) Metaspace: 35227K(35904K)->35227K(35904K) NonClass: 26019K(26496K)->26019K(26496K) Class: 9208K(9408K)->9208K(9408K)
[172.369s][info][gc             ] GC(435) Pause Young (Allocation Failure) 359M->73M(796M) 0.590ms
[172.369s][info][gc,cpu         ] GC(435) User=0.00s Sys=0.00s Real=0.00s
[172.666s][info][gc,start       ] GC(436) Pause Young (Allocation Failure)
[172.666s][info][gc,heap        ] GC(436) PSYoungGen: 295488K(311808K)->64K(313344K) Eden: 295424K(295424K)->0K(295424K) From: 64K(16384K)->64K(17920K)
[172.666s][info][gc,heap        ] GC(436) ParOldGen: 75577K(503296K)->75577K(503296K)
[172.666s][info][gc,metaspace   ] GC(436) Metaspace: 35227K(35904K)->35227K(35904K) NonClass: 26019K(26496K)->26019K(26496K) Class: 9208K(9408K)->9208K(9408K)
[172.666s][info][gc             ] GC(436) Pause Young (Allocation Failure) 362M->73M(797M) 0.661ms
[172.667s][info][gc,cpu         ] GC(436) User=0.00s Sys=0.00s Real=0.00s
[172.717s][info][gc,start       ] GC(437) Pause Young (Allocation Failure)
[172.718s][info][gc,heap        ] GC(437) PSYoungGen: 295488K(313344K)->64K(314368K) Eden: 295424K(295424K)->0K(299008K) From: 64K(17920K)->64K(15360K)
[172.718s][info][gc,heap        ] GC(437) ParOldGen: 75577K(503296K)->75593K(503296K)
[172.718s][info][gc,metaspace   ] GC(437) Metaspace: 35227K(35904K)->35227K(35904K) NonClass: 26019K(26496K)->26019K(26496K) Class: 9208K(9408K)->9208K(9408K)
[172.718s][info][gc             ] GC(437) Pause Young (Allocation Failure) 362M->73M(798M) 0.591ms
[172.718s][info][gc,cpu         ] GC(437) User=0.00s Sys=0.00s Real=0.00s
[172.801s][info][gc,start       ] GC(438) Pause Young (Allocation Failure)
[172.801s][info][gc,heap        ] GC(438) PSYoungGen: 299072K(314368K)->64K(315392K) Eden: 299008K(299008K)->0K(299008K) From: 64K(15360K)->64K(16384K)
[172.801s][info][gc,heap        ] GC(438) ParOldGen: 75593K(503296K)->75593K(503296K)
[172.801s][info][gc,metaspace   ] GC(438) Metaspace: 35227K(35904K)->35227K(35904K) NonClass: 26019K(26496K)->26019K(26496K) Class: 9208K(9408K)->9208K(9408K)
[172.801s][info][gc             ] GC(438) Pause Young (Allocation Failure) 365M->73M(799M) 0.629ms
[172.801s][info][gc,cpu         ] GC(438) User=0.01s Sys=0.00s Real=0.00s
[173.022s][info][gc,start       ] GC(439) Pause Young (Allocation Failure)
[173.023s][info][gc,heap        ] GC(439) PSYoungGen: 299072K(315392K)->64K(287744K) Eden: 299008K(299008K)->0K(287232K) From: 64K(16384K)->64K(512K)
[173.023s][info][gc,heap        ] GC(439) ParOldGen: 75593K(503296K)->75609K(503296K)
[173.023s][info][gc,metaspace   ] GC(439) Metaspace: 35227K(35904K)->35227K(35904K) NonClass: 26019K(26496K)->26019K(26496K) Class: 9208K(9408K)->9208K(9408K)
[173.023s][info][gc             ] GC(439) Pause Young (Allocation Failure) 365M->73M(772M) 0.612ms
[173.023s][info][gc,cpu         ] GC(439) User=0.01s Sys=0.00s Real=0.01s
[173.205s][info][gc,start       ] GC(440) Pause Young (Allocation Failure)
[173.205s][info][gc,heap        ] GC(440) PSYoungGen: 287296K(287744K)->64K(290304K) Eden: 287232K(287232K)->0K(275968K) From: 64K(512K)->64K(14336K)
[173.205s][info][gc,heap        ] GC(440) ParOldGen: 75609K(503296K)->75609K(503296K)
[173.205s][info][gc,metaspace   ] GC(440) Metaspace: 35228K(35904K)->35228K(35904K) NonClass: 26020K(26496K)->26020K(26496K) Class: 9208K(9408K)->9208K(9408K)
[173.205s][info][gc             ] GC(440) Pause Young (Allocation Failure) 354M->73M(775M) 0.613ms
[173.205s][info][gc,cpu         ] GC(440) User=0.00s Sys=0.00s Real=0.00s
[173.280s][info][gc,start       ] GC(441) Pause Young (Allocation Failure)
[173.280s][info][gc,heap        ] GC(441) PSYoungGen: 276032K(290304K)->64K(265728K) Eden: 275968K(275968K)->0K(265216K) From: 64K(14336K)->64K(512K)
[173.280s][info][gc,heap        ] GC(441) ParOldGen: 75609K(503296K)->75625K(503296K)
[173.280s][info][gc,metaspace   ] GC(441) Metaspace: 35228K(35904K)->35228K(35904K) NonClass: 26020K(26496K)->26020K(26496K) Class: 9208K(9408K)->9208K(9408K)
[173.280s][info][gc             ] GC(441) Pause Young (Allocation Failure) 343M->73M(751M) 0.644ms
[173.280s][info][gc,cpu         ] GC(441) User=0.00s Sys=0.00s Real=0.00s
[173.399s][info][gc,start       ] GC(442) Pause Young (Allocation Failure)
[173.399s][info][gc,heap        ] GC(442) PSYoungGen: 265280K(265728K)->64K(267776K) Eden: 265216K(265216K)->0K(254976K) From: 64K(512K)->64K(12800K)
[173.399s][info][gc,heap        ] GC(442) ParOldGen: 75625K(503296K)->75625K(503296K)
[173.399s][info][gc,metaspace   ] GC(442) Metaspace: 35228K(35904K)->35228K(35904K) NonClass: 26020K(26496K)->26020K(26496K) Class: 9208K(9408K)->9208K(9408K)
[173.399s][info][gc             ] GC(442) Pause Young (Allocation Failure) 332M->73M(753M) 0.468ms
[173.399s][info][gc,cpu         ] GC(442) User=0.00s Sys=0.00s Real=0.00s
[173.754s][info][gc,start       ] GC(443) Pause Young (Allocation Failure)
[173.755s][info][gc,heap        ] GC(443) PSYoungGen: 255040K(267776K)->64K(245760K) Eden: 254976K(254976K)->0K(245248K) From: 64K(12800K)->64K(512K)
[173.755s][info][gc,heap        ] GC(443) ParOldGen: 75625K(503296K)->75633K(503296K)
[173.755s][info][gc,metaspace   ] GC(443) Metaspace: 35228K(35904K)->35228K(35904K) NonClass: 26020K(26496K)->26020K(26496K) Class: 9208K(9408K)->9208K(9408K)
[173.755s][info][gc             ] GC(443) Pause Young (Allocation Failure) 322M->73M(731M) 1.006ms
[173.755s][info][gc,cpu         ] GC(443) User=0.00s Sys=0.00s Real=0.00s
[174.398s][info][gc,start       ] GC(444) Pause Young (Allocation Failure)
[174.399s][info][gc,heap        ] GC(444) PSYoungGen: 245312K(245760K)->83K(247296K) Eden: 245248K(245248K)->0K(236032K) From: 64K(512K)->83K(11264K)
[174.399s][info][gc,heap        ] GC(444) ParOldGen: 75633K(503296K)->75641K(503296K)
[174.399s][info][gc,metaspace   ] GC(444) Metaspace: 35228K(35904K)->35228K(35904K) NonClass: 26020K(26496K)->26020K(26496K) Class: 9208K(9408K)->9208K(9408K)
[174.399s][info][gc             ] GC(444) Pause Young (Allocation Failure) 313M->73M(733M) 0.522ms
[174.399s][info][gc,cpu         ] GC(444) User=0.01s Sys=0.00s Real=0.00s
[175.236s][info][gc,start       ] GC(445) Pause Young (Allocation Failure)
[175.237s][info][gc,heap        ] GC(445) PSYoungGen: 236115K(247296K)->64K(227328K) Eden: 236032K(236032K)->0K(226816K) From: 83K(11264K)->64K(512K)
[175.237s][info][gc,heap        ] GC(445) ParOldGen: 75641K(503296K)->75649K(503296K)
[175.237s][info][gc,metaspace   ] GC(445) Metaspace: 35228K(35904K)->35228K(35904K) NonClass: 26020K(26496K)->26020K(26496K) Class: 9208K(9408K)->9208K(9408K)
[175.237s][info][gc             ] GC(445) Pause Young (Allocation Failure) 304M->73M(713M) 1.555ms
[175.237s][info][gc,cpu         ] GC(445) User=0.00s Sys=0.00s Real=0.00s
[175.535s][info][gc,start       ] GC(446) Pause Young (Allocation Failure)
[175.536s][info][gc,heap        ] GC(446) PSYoungGen: 226880K(227328K)->64K(228352K) Eden: 226816K(226816K)->0K(218112K) From: 64K(512K)->64K(10240K)
[175.536s][info][gc,heap        ] GC(446) ParOldGen: 75649K(503296K)->75657K(503296K)
[175.536s][info][gc,metaspace   ] GC(446) Metaspace: 35228K(35904K)->35228K(35904K) NonClass: 26020K(26496K)->26020K(26496K) Class: 9208K(9408K)->9208K(9408K)
[175.536s][info][gc             ] GC(446) Pause Young (Allocation Failure) 295M->73M(714M) 0.537ms
[175.536s][info][gc,cpu         ] GC(446) User=0.00s Sys=0.00s Real=0.00s
[175.889s][info][gc,start       ] GC(447) Pause Young (Allocation Failure)
[175.891s][info][gc,heap        ] GC(447) PSYoungGen: 218176K(228352K)->64K(210432K) Eden: 218112K(218112K)->0K(209920K) From: 64K(10240K)->64K(512K)
[175.891s][info][gc,heap        ] GC(447) ParOldGen: 75657K(503296K)->75673K(503296K)
[175.891s][info][gc,metaspace   ] GC(447) Metaspace: 35228K(35904K)->35228K(35904K) NonClass: 26020K(26496K)->26020K(26496K) Class: 9208K(9408K)->9208K(9408K)
[175.891s][info][gc             ] GC(447) Pause Young (Allocation Failure) 286M->73M(697M) 1.538ms
[175.891s][info][gc,cpu         ] GC(447) User=0.00s Sys=0.00s Real=0.00s
[176.767s][info][gc,start       ] GC(448) Pause Young (Allocation Failure)
[176.768s][info][gc,heap        ] GC(448) PSYoungGen: 209984K(210432K)->64K(210944K) Eden: 209920K(209920K)->0K(202240K) From: 64K(512K)->64K(8704K)
[176.768s][info][gc,heap        ] GC(448) ParOldGen: 75673K(503296K)->75689K(503296K)
[176.768s][info][gc,metaspace   ] GC(448) Metaspace: 35228K(35904K)->35228K(35904K) NonClass: 26020K(26496K)->26020K(26496K) Class: 9208K(9408K)->9208K(9408K)
[176.768s][info][gc             ] GC(448) Pause Young (Allocation Failure) 278M->73M(697M) 0.989ms
[176.768s][info][gc,cpu         ] GC(448) User=0.00s Sys=0.00s Real=0.00s
[177.086s][info][gc,start       ] GC(449) Pause Young (Allocation Failure)
[177.088s][info][gc,heap        ] GC(449) PSYoungGen: 202304K(210944K)->64K(195584K) Eden: 202240K(202240K)->0K(195072K) From: 64K(8704K)->64K(512K)
[177.088s][info][gc,heap        ] GC(449) ParOldGen: 75689K(503296K)->75705K(503296K)
[177.088s][info][gc,metaspace   ] GC(449) Metaspace: 35228K(35904K)->35228K(35904K) NonClass: 26020K(26496K)->26020K(26496K) Class: 9208K(9408K)->9208K(9408K)
[177.088s][info][gc             ] GC(449) Pause Young (Allocation Failure) 271M->73M(682M) 1.553ms
[177.088s][info][gc,cpu         ] GC(449) User=0.00s Sys=0.00s Real=0.00s
[177.233s][info][gc,start       ] GC(450) Pause Young (Allocation Failure)
[177.234s][info][gc,heap        ] GC(450) PSYoungGen: 195136K(195584K)->64K(195584K) Eden: 195072K(195072K)->0K(187904K) From: 64K(512K)->64K(7680K)
[177.234s][info][gc,heap        ] GC(450) ParOldGen: 75705K(503296K)->75721K(503296K)
[177.234s][info][gc,metaspace   ] GC(450) Metaspace: 35228K(35904K)->35228K(35904K) NonClass: 26020K(26496K)->26020K(26496K) Class: 9208K(9408K)->9208K(9408K)
[177.234s][info][gc             ] GC(450) Pause Young (Allocation Failure) 264M->74M(682M) 0.839ms
[177.234s][info][gc,cpu         ] GC(450) User=0.01s Sys=0.00s Real=0.00s
[177.305s][info][gc,start       ] GC(451) Pause Young (Allocation Failure)
[177.306s][info][gc,heap        ] GC(451) PSYoungGen: 187968K(195584K)->64K(181760K) Eden: 187904K(187904K)->0K(181248K) From: 64K(7680K)->64K(512K)
[177.306s][info][gc,heap        ] GC(451) ParOldGen: 75721K(503296K)->75729K(503296K)
[177.306s][info][gc,metaspace   ] GC(451) Metaspace: 35228K(35904K)->35228K(35904K) NonClass: 26020K(26496K)->26020K(26496K) Class: 9208K(9408K)->9208K(9408K)
[177.306s][info][gc             ] GC(451) Pause Young (Allocation Failure) 257M->74M(669M) 1.457ms
[177.306s][info][gc,cpu         ] GC(451) User=0.00s Sys=0.01s Real=0.00s
[177.724s][info][gc,start       ] GC(452) Pause Young (Allocation Failure)
[177.725s][info][gc,heap        ] GC(452) PSYoungGen: 181312K(181760K)->64K(181760K) Eden: 181248K(181248K)->0K(175104K) From: 64K(512K)->64K(6656K)
[177.725s][info][gc,heap        ] GC(452) ParOldGen: 75729K(503296K)->75745K(503296K)
[177.725s][info][gc,metaspace   ] GC(452) Metaspace: 35228K(35904K)->35228K(35904K) NonClass: 26020K(26496K)->26020K(26496K) Class: 9208K(9408K)->9208K(9408K)
[177.725s][info][gc             ] GC(452) Pause Young (Allocation Failure) 251M->74M(669M) 0.918ms
[177.725s][info][gc,cpu         ] GC(452) User=0.00s Sys=0.00s Real=0.00s
[177.971s][info][gc,start       ] GC(453) Pause Young (Allocation Failure)
[177.973s][info][gc,heap        ] GC(453) PSYoungGen: 175168K(181760K)->32K(169472K) Eden: 175104K(175104K)->0K(168960K) From: 64K(6656K)->32K(512K)
[177.973s][info][gc,heap        ] GC(453) ParOldGen: 75745K(503296K)->75753K(503296K)
[177.973s][info][gc,metaspace   ] GC(453) Metaspace: 35228K(35904K)->35228K(35904K) NonClass: 26020K(26496K)->26020K(26496K) Class: 9208K(9408K)->9208K(9408K)
[177.973s][info][gc             ] GC(453) Pause Young (Allocation Failure) 245M->74M(657M) 2.003ms
[177.973s][info][gc,cpu         ] GC(453) User=0.00s Sys=0.00s Real=0.01s
[178.213s][info][gc,start       ] GC(454) Pause Young (Allocation Failure)
[178.214s][info][gc,heap        ] GC(454) PSYoungGen: 168992K(169472K)->64K(168960K) Eden: 168960K(168960K)->0K(163328K) From: 32K(512K)->64K(5632K)
[178.214s][info][gc,heap        ] GC(454) ParOldGen: 75753K(503296K)->75761K(503296K)
[178.214s][info][gc,metaspace   ] GC(454) Metaspace: 35228K(35904K)->35228K(35904K) NonClass: 26020K(26496K)->26020K(26496K) Class: 9208K(9408K)->9208K(9408K)
[178.214s][info][gc             ] GC(454) Pause Young (Allocation Failure) 239M->74M(656M) 0.648ms
[178.214s][info][gc,cpu         ] GC(454) User=0.00s Sys=0.00s Real=0.00s
[178.419s][info][gc,start       ] GC(455) Pause Young (Allocation Failure)
[178.458s][info][gc,heap        ] GC(455) PSYoungGen: 163392K(168960K)->5120K(201216K) Eden: 163328K(163328K)->0K(196096K) From: 64K(5632K)->5120K(5120K)
[178.458s][info][gc,heap        ] GC(455) ParOldGen: 75761K(503296K)->86529K(503296K)
[178.458s][info][gc,metaspace   ] GC(455) Metaspace: 35228K(35904K)->35228K(35904K) NonClass: 26020K(26496K)->26020K(26496K) Class: 9208K(9408K)->9208K(9408K)
[178.458s][info][gc             ] GC(455) Pause Young (Allocation Failure) 233M->89M(688M) 38.730ms
[178.458s][info][gc,cpu         ] GC(455) User=0.05s Sys=0.00s Real=0.04s
[178.681s][info][gc,start       ] GC(456) Pause Young (Allocation Failure)
[178.717s][info][gc,heap        ] GC(456) PSYoungGen: 201216K(201216K)->10752K(243200K) Eden: 196096K(196096K)->0K(232448K) From: 5120K(5120K)->10752K(10752K)
[178.717s][info][gc,heap        ] GC(456) ParOldGen: 86529K(503296K)->98193K(503296K)
[178.717s][info][gc,metaspace   ] GC(456) Metaspace: 35228K(35904K)->35228K(35904K) NonClass: 26020K(26496K)->26020K(26496K) Class: 9208K(9408K)->9208K(9408K)
[178.717s][info][gc             ] GC(456) Pause Young (Allocation Failure) 281M->106M(729M) 36.278ms
[178.717s][info][gc,cpu         ] GC(456) User=0.07s Sys=0.00s Real=0.04s
[178.970s][info][gc,start       ] GC(457) Pause Young (Allocation Failure)
[179.016s][info][gc,heap        ] GC(457) PSYoungGen: 243200K(243200K)->17408K(246784K) Eden: 232448K(232448K)->0K(229376K) From: 10752K(10752K)->17408K(17408K)
[179.016s][info][gc,heap        ] GC(457) ParOldGen: 98193K(503296K)->105721K(503296K)
[179.016s][info][gc,metaspace   ] GC(457) Metaspace: 35228K(35904K)->35228K(35904K) NonClass: 26020K(26496K)->26020K(26496K) Class: 9208K(9408K)->9208K(9408K)
[179.016s][info][gc             ] GC(457) Pause Young (Allocation Failure) 333M->120M(732M) 46.550ms
[179.016s][info][gc,cpu         ] GC(457) User=0.08s Sys=0.01s Real=0.05s
[179.089s][info][gc,start       ] GC(458) Pause Young (Allocation Failure)
[179.092s][info][gc,heap        ] GC(458) PSYoungGen: 246784K(246784K)->64K(252928K) Eden: 229376K(229376K)->0K(229376K) From: 17408K(17408K)->64K(23552K)
[179.092s][info][gc,heap        ] GC(458) ParOldGen: 105721K(503296K)->105921K(503296K)
[179.092s][info][gc,metaspace   ] GC(458) Metaspace: 35228K(35904K)->35228K(35904K) NonClass: 26020K(26496K)->26020K(26496K) Class: 9208K(9408K)->9208K(9408K)
[179.092s][info][gc             ] GC(458) Pause Young (Allocation Failure) 344M->103M(738M) 2.845ms
[179.092s][info][gc,cpu         ] GC(458) User=0.00s Sys=0.00s Real=0.00s
[179.566s][info][gc,start       ] GC(459) Pause Young (Allocation Failure)
[179.568s][info][gc,heap        ] GC(459) PSYoungGen: 229440K(252928K)->64K(296448K) Eden: 229376K(229376K)->0K(275456K) From: 64K(23552K)->64K(20992K)
[179.568s][info][gc,heap        ] GC(459) ParOldGen: 105921K(503296K)->105929K(503296K)
[179.568s][info][gc,metaspace   ] GC(459) Metaspace: 35228K(35904K)->35228K(35904K) NonClass: 26020K(26496K)->26020K(26496K) Class: 9208K(9408K)->9208K(9408K)
[179.568s][info][gc             ] GC(459) Pause Young (Allocation Failure) 327M->103M(781M) 1.454ms
[179.568s][info][gc,cpu         ] GC(459) User=0.00s Sys=0.00s Real=0.00s
[180.057s][info][gc,start       ] GC(460) Pause Young (Allocation Failure)
[180.058s][info][gc,heap        ] GC(460) PSYoungGen: 275520K(296448K)->64K(297472K) Eden: 275456K(275456K)->0K(275456K) From: 64K(20992K)->64K(22016K)
[180.058s][info][gc,heap        ] GC(460) ParOldGen: 105929K(503296K)->105945K(503296K)
[180.058s][info][gc,metaspace   ] GC(460) Metaspace: 35228K(35904K)->35228K(35904K) NonClass: 26020K(26496K)->26020K(26496K) Class: 9208K(9408K)->9208K(9408K)
[180.058s][info][gc             ] GC(460) Pause Young (Allocation Failure) 372M->103M(782M) 1.364ms
[180.058s][info][gc,cpu         ] GC(460) User=0.00s Sys=0.00s Real=0.00s
[180.462s][info][gc,start       ] GC(461) Pause Young (Allocation Failure)
[180.463s][info][gc,heap        ] GC(461) PSYoungGen: 275520K(297472K)->64K(309248K) Eden: 275456K(275456K)->0K(290304K) From: 64K(22016K)->64K(18944K)
[180.463s][info][gc,heap        ] GC(461) ParOldGen: 105945K(503296K)->105961K(503296K)
[180.463s][info][gc,metaspace   ] GC(461) Metaspace: 35228K(35904K)->35228K(35904K) NonClass: 26020K(26496K)->26020K(26496K) Class: 9208K(9408K)->9208K(9408K)
[180.463s][info][gc             ] GC(461) Pause Young (Allocation Failure) 372M->103M(793M) 0.758ms
[180.463s][info][gc,cpu         ] GC(461) User=0.00s Sys=0.00s Real=0.01s
[180.682s][info][gc,start       ] GC(462) Pause Young (Allocation Failure)
[180.683s][info][gc,heap        ] GC(462) PSYoungGen: 290368K(309248K)->64K(310784K) Eden: 290304K(290304K)->0K(290304K) From: 64K(18944K)->64K(20480K)
[180.683s][info][gc,heap        ] GC(462) ParOldGen: 105961K(503296K)->105977K(503296K)
[180.683s][info][gc,metaspace   ] GC(462) Metaspace: 35228K(35904K)->35228K(35904K) NonClass: 26020K(26496K)->26020K(26496K) Class: 9208K(9408K)->9208K(9408K)
[180.683s][info][gc             ] GC(462) Pause Young (Allocation Failure) 387M->103M(795M) 0.760ms
[180.683s][info][gc,cpu         ] GC(462) User=0.00s Sys=0.00s Real=0.01s
[180.988s][info][gc,start       ] GC(463) Pause Young (Allocation Failure)
[180.988s][info][gc,heap        ] GC(463) PSYoungGen: 290368K(310784K)->64K(310784K) Eden: 290304K(290304K)->0K(293888K) From: 64K(20480K)->64K(16896K)
[180.988s][info][gc,heap        ] GC(463) ParOldGen: 105977K(503296K)->105977K(503296K)
[180.988s][info][gc,metaspace   ] GC(463) Metaspace: 35228K(35904K)->35228K(35904K) NonClass: 26020K(26496K)->26020K(26496K) Class: 9208K(9408K)->9208K(9408K)
[180.988s][info][gc             ] GC(463) Pause Young (Allocation Failure) 387M->103M(795M) 0.677ms
[180.988s][info][gc,cpu         ] GC(463) User=0.00s Sys=0.00s Real=0.00s
[181.155s][info][gc,start       ] GC(464) Pause Young (Allocation Failure)
[181.155s][info][gc,heap        ] GC(464) PSYoungGen: 293952K(310784K)->64K(312320K) Eden: 293888K(293888K)->0K(293888K) From: 64K(16896K)->64K(18432K)
[181.155s][info][gc,heap        ] GC(464) ParOldGen: 105977K(503296K)->105985K(503296K)
[181.155s][info][gc,metaspace   ] GC(464) Metaspace: 35228K(35904K)->35228K(35904K) NonClass: 26020K(26496K)->26020K(26496K) Class: 9208K(9408K)->9208K(9408K)
[181.155s][info][gc             ] GC(464) Pause Young (Allocation Failure) 390M->103M(796M) 0.723ms
[181.155s][info][gc,cpu         ] GC(464) User=0.00s Sys=0.00s Real=0.00s
[181.205s][info][gc,start       ] GC(465) Pause Young (Allocation Failure)
[181.206s][info][gc,heap        ] GC(465) PSYoungGen: 293952K(312320K)->64K(313856K) Eden: 293888K(293888K)->0K(297984K) From: 64K(18432K)->64K(15872K)
[181.206s][info][gc,heap        ] GC(465) ParOldGen: 105985K(503296K)->106001K(503296K)
[181.206s][info][gc,metaspace   ] GC(465) Metaspace: 35228K(35904K)->35228K(35904K) NonClass: 26020K(26496K)->26020K(26496K) Class: 9208K(9408K)->9208K(9408K)
[181.206s][info][gc             ] GC(465) Pause Young (Allocation Failure) 390M->103M(798M) 0.570ms
[181.206s][info][gc,cpu         ] GC(465) User=0.00s Sys=0.00s Real=0.00s
[181.318s][info][gc,start       ] GC(466) Pause Young (Allocation Failure)
[181.319s][info][gc,heap        ] GC(466) PSYoungGen: 298048K(313856K)->64K(314880K) Eden: 297984K(297984K)->0K(297984K) From: 64K(15872K)->64K(16896K)
[181.319s][info][gc,heap        ] GC(466) ParOldGen: 106001K(503296K)->106001K(503296K)
[181.319s][info][gc,metaspace   ] GC(466) Metaspace: 35228K(35904K)->35228K(35904K) NonClass: 26020K(26496K)->26020K(26496K) Class: 9208K(9408K)->9208K(9408K)
[181.319s][info][gc             ] GC(466) Pause Young (Allocation Failure) 394M->103M(799M) 0.659ms
[181.319s][info][gc,cpu         ] GC(466) User=0.00s Sys=0.00s Real=0.00s
[181.538s][info][gc,start       ] GC(467) Pause Young (Allocation Failure)
[181.539s][info][gc,heap        ] GC(467) PSYoungGen: 298048K(314880K)->64K(286720K) Eden: 297984K(297984K)->0K(286208K) From: 64K(16896K)->64K(512K)
[181.539s][info][gc,heap        ] GC(467) ParOldGen: 106001K(503296K)->106009K(503296K)
[181.539s][info][gc,metaspace   ] GC(467) Metaspace: 35228K(35904K)->35228K(35904K) NonClass: 26020K(26496K)->26020K(26496K) Class: 9208K(9408K)->9208K(9408K)
[181.539s][info][gc             ] GC(467) Pause Young (Allocation Failure) 394M->103M(771M) 0.638ms
[181.539s][info][gc,cpu         ] GC(467) User=0.00s Sys=0.00s Real=0.00s
[181.699s][info][gc,start       ] GC(468) Pause Young (Allocation Failure)
[181.699s][info][gc,heap        ] GC(468) PSYoungGen: 286272K(286720K)->64K(289792K) Eden: 286208K(286208K)->0K(274944K) From: 64K(512K)->64K(14848K)
[181.699s][info][gc,heap        ] GC(468) ParOldGen: 106009K(503296K)->106017K(503296K)
[181.699s][info][gc,metaspace   ] GC(468) Metaspace: 35228K(35904K)->35228K(35904K) NonClass: 26020K(26496K)->26020K(26496K) Class: 9208K(9408K)->9208K(9408K)
[181.699s][info][gc             ] GC(468) Pause Young (Allocation Failure) 383M->103M(774M) 0.708ms
[181.699s][info][gc,cpu         ] GC(468) User=0.00s Sys=0.00s Real=0.00s
[181.773s][info][gc,start       ] GC(469) Pause Young (Allocation Failure)
[181.774s][info][gc,heap        ] GC(469) PSYoungGen: 275008K(289792K)->64K(264704K) Eden: 274944K(274944K)->0K(264192K) From: 64K(14848K)->64K(512K)
[181.774s][info][gc,heap        ] GC(469) ParOldGen: 106017K(503296K)->106033K(503296K)
[181.774s][info][gc,metaspace   ] GC(469) Metaspace: 35228K(35904K)->35228K(35904K) NonClass: 26020K(26496K)->26020K(26496K) Class: 9208K(9408K)->9208K(9408K)
[181.774s][info][gc             ] GC(469) Pause Young (Allocation Failure) 372M->103M(750M) 0.636ms
[181.774s][info][gc,cpu         ] GC(469) User=0.00s Sys=0.00s Real=0.00s
[181.909s][info][gc,start       ] GC(470) Pause Young (Allocation Failure)
[181.909s][info][gc,heap        ] GC(470) PSYoungGen: 264256K(264704K)->64K(267264K) Eden: 264192K(264192K)->0K(253952K) From: 64K(512K)->64K(13312K)
[181.909s][info][gc,heap        ] GC(470) ParOldGen: 106033K(503296K)->106033K(503296K)
[181.909s][info][gc,metaspace   ] GC(470) Metaspace: 35228K(35904K)->35228K(35904K) NonClass: 26020K(26496K)->26020K(26496K) Class: 9208K(9408K)->9208K(9408K)
[181.909s][info][gc             ] GC(470) Pause Young (Allocation Failure) 361M->103M(752M) 0.619ms
[181.909s][info][gc,cpu         ] GC(470) User=0.00s Sys=0.00s Real=0.00s
[182.289s][info][gc,start       ] GC(471) Pause Young (Allocation Failure)
[182.290s][info][gc,heap        ] GC(471) PSYoungGen: 254016K(267264K)->64K(244736K) Eden: 253952K(253952K)->0K(244224K) From: 64K(13312K)->64K(512K)
[182.290s][info][gc,heap        ] GC(471) ParOldGen: 106033K(503296K)->106041K(503296K)
[182.290s][info][gc,metaspace   ] GC(471) Metaspace: 35228K(35904K)->35228K(35904K) NonClass: 26020K(26496K)->26020K(26496K) Class: 9208K(9408K)->9208K(9408K)
[182.290s][info][gc             ] GC(471) Pause Young (Allocation Failure) 351M->103M(730M) 0.992ms
[182.290s][info][gc,cpu         ] GC(471) User=0.01s Sys=0.00s Real=0.00s
[182.883s][info][gc,start       ] GC(472) Pause Young (Allocation Failure)
[182.884s][info][gc,heap        ] GC(472) PSYoungGen: 244288K(244736K)->83K(246784K) Eden: 244224K(244224K)->0K(235008K) From: 64K(512K)->83K(11776K)
[182.884s][info][gc,heap        ] GC(472) ParOldGen: 106041K(503296K)->106049K(503296K)
[182.884s][info][gc,metaspace   ] GC(472) Metaspace: 35228K(35904K)->35228K(35904K) NonClass: 26020K(26496K)->26020K(26496K) Class: 9208K(9408K)->9208K(9408K)
[182.884s][info][gc             ] GC(472) Pause Young (Allocation Failure) 342M->103M(732M) 0.801ms
[182.884s][info][gc,cpu         ] GC(472) User=0.00s Sys=0.00s Real=0.00s
[183.757s][info][gc,start       ] GC(473) Pause Young (Allocation Failure)
[183.759s][info][gc,heap        ] GC(473) PSYoungGen: 235091K(246784K)->64K(226816K) Eden: 235008K(235008K)->0K(226304K) From: 83K(11776K)->64K(512K)
[183.759s][info][gc,heap        ] GC(473) ParOldGen: 106049K(503296K)->106057K(503296K)
[183.759s][info][gc,metaspace   ] GC(473) Metaspace: 35228K(35904K)->35228K(35904K) NonClass: 26020K(26496K)->26020K(26496K) Class: 9208K(9408K)->9208K(9408K)
[183.759s][info][gc             ] GC(473) Pause Young (Allocation Failure) 333M->103M(713M) 2.025ms
[183.759s][info][gc,cpu         ] GC(473) User=0.00s Sys=0.00s Real=0.00s
[184.092s][info][gc,start       ] GC(474) Pause Young (Allocation Failure)
[184.093s][info][gc,heap        ] GC(474) PSYoungGen: 226368K(226816K)->64K(227840K) Eden: 226304K(226304K)->0K(217600K) From: 64K(512K)->64K(10240K)
[184.093s][info][gc,heap        ] GC(474) ParOldGen: 106057K(503296K)->106073K(503296K)
[184.093s][info][gc,metaspace   ] GC(474) Metaspace: 35228K(35904K)->35228K(35904K) NonClass: 26020K(26496K)->26020K(26496K) Class: 9208K(9408K)->9208K(9408K)
[184.093s][info][gc             ] GC(474) Pause Young (Allocation Failure) 324M->103M(714M) 1.008ms
[184.093s][info][gc,cpu         ] GC(474) User=0.00s Sys=0.00s Real=0.01s
[184.612s][info][gc,start       ] GC(475) Pause Young (Allocation Failure)
[184.614s][info][gc,heap        ] GC(475) PSYoungGen: 217664K(227840K)->64K(209920K) Eden: 217600K(217600K)->0K(209408K) From: 64K(10240K)->64K(512K)
[184.614s][info][gc,heap        ] GC(475) ParOldGen: 106073K(503296K)->106089K(503296K)
[184.614s][info][gc,metaspace   ] GC(475) Metaspace: 35228K(35904K)->35228K(35904K) NonClass: 26020K(26496K)->26020K(26496K) Class: 9208K(9408K)->9208K(9408K)
[184.614s][info][gc             ] GC(475) Pause Young (Allocation Failure) 316M->103M(696M) 1.794ms
[184.614s][info][gc,cpu         ] GC(475) User=0.00s Sys=0.00s Real=0.00s
[185.282s][info][gc,start       ] GC(476) Pause Young (Allocation Failure)
[185.283s][info][gc,heap        ] GC(476) PSYoungGen: 209472K(209920K)->64K(210432K) Eden: 209408K(209408K)->0K(201728K) From: 64K(512K)->64K(8704K)
[185.283s][info][gc,heap        ] GC(476) ParOldGen: 106089K(503296K)->106105K(503296K)
[185.283s][info][gc,metaspace   ] GC(476) Metaspace: 35228K(35904K)->35228K(35904K) NonClass: 26020K(26496K)->26020K(26496K) Class: 9208K(9408K)->9208K(9408K)
[185.283s][info][gc             ] GC(476) Pause Young (Allocation Failure) 308M->103M(697M) 1.039ms
[185.283s][info][gc,cpu         ] GC(476) User=0.00s Sys=0.00s Real=0.00s
[185.586s][info][gc,start       ] GC(477) Pause Young (Allocation Failure)
[185.587s][info][gc,heap        ] GC(477) PSYoungGen: 201792K(210432K)->64K(195072K) Eden: 201728K(201728K)->0K(194560K) From: 64K(8704K)->64K(512K)
[185.587s][info][gc,heap        ] GC(477) ParOldGen: 106105K(503296K)->106121K(503296K)
[185.587s][info][gc,metaspace   ] GC(477) Metaspace: 35228K(35904K)->35228K(35904K) NonClass: 26020K(26496K)->26020K(26496K) Class: 9208K(9408K)->9208K(9408K)
[185.587s][info][gc             ] GC(477) Pause Young (Allocation Failure) 300M->103M(682M) 1.674ms
[185.588s][info][gc,cpu         ] GC(477) User=0.00s Sys=0.00s Real=0.00s
[185.717s][info][gc,start       ] GC(478) Pause Young (Allocation Failure)
[185.718s][info][gc,heap        ] GC(478) PSYoungGen: 194624K(195072K)->64K(195072K) Eden: 194560K(194560K)->0K(187392K) From: 64K(512K)->64K(7680K)
[185.718s][info][gc,heap        ] GC(478) ParOldGen: 106121K(503296K)->106137K(503296K)
[185.718s][info][gc,metaspace   ] GC(478) Metaspace: 35228K(35904K)->35228K(35904K) NonClass: 26020K(26496K)->26020K(26496K) Class: 9208K(9408K)->9208K(9408K)
[185.718s][info][gc             ] GC(478) Pause Young (Allocation Failure) 293M->103M(682M) 0.928ms
[185.718s][info][gc,cpu         ] GC(478) User=0.01s Sys=0.00s Real=0.00s
[185.830s][info][gc,start       ] GC(479) Pause Young (Allocation Failure)
[185.831s][info][gc,heap        ] GC(479) PSYoungGen: 187456K(195072K)->64K(181248K) Eden: 187392K(187392K)->0K(180736K) From: 64K(7680K)->64K(512K)
[185.831s][info][gc,heap        ] GC(479) ParOldGen: 106137K(503296K)->106145K(503296K)
[185.831s][info][gc,metaspace   ] GC(479) Metaspace: 35228K(35904K)->35228K(35904K) NonClass: 26020K(26496K)->26020K(26496K) Class: 9208K(9408K)->9208K(9408K)
[185.831s][info][gc             ] GC(479) Pause Young (Allocation Failure) 286M->103M(668M) 1.478ms
[185.831s][info][gc,cpu         ] GC(479) User=0.00s Sys=0.00s Real=0.00s
[186.303s][info][gc,start       ] GC(480) Pause Young (Allocation Failure)
[186.304s][info][gc,heap        ] GC(480) PSYoungGen: 180800K(181248K)->64K(181248K) Eden: 180736K(180736K)->0K(174592K) From: 64K(512K)->64K(6656K)
[186.305s][info][gc,heap        ] GC(480) ParOldGen: 106145K(503296K)->106161K(503296K)
[186.305s][info][gc,metaspace   ] GC(480) Metaspace: 35228K(35904K)->35228K(35904K) NonClass: 26020K(26496K)->26020K(26496K) Class: 9208K(9408K)->9208K(9408K)
[186.305s][info][gc             ] GC(480) Pause Young (Allocation Failure) 280M->103M(668M) 1.086ms
[186.305s][info][gc,cpu         ] GC(480) User=0.00s Sys=0.00s Real=0.00s
[186.493s][info][gc,start       ] GC(481) Pause Young (Allocation Failure)
[186.494s][info][gc,heap        ] GC(481) PSYoungGen: 174656K(181248K)->64K(168960K) Eden: 174592K(174592K)->0K(168448K) From: 64K(6656K)->64K(512K)
[186.494s][info][gc,heap        ] GC(481) ParOldGen: 106161K(503296K)->106161K(503296K)
[186.494s][info][gc,metaspace   ] GC(481) Metaspace: 35228K(35904K)->35228K(35904K) NonClass: 26020K(26496K)->26020K(26496K) Class: 9208K(9408K)->9208K(9408K)
[186.494s][info][gc             ] GC(481) Pause Young (Allocation Failure) 274M->103M(656M) 1.776ms
[186.494s][info][gc,cpu         ] GC(481) User=0.00s Sys=0.00s Real=0.00s
[186.751s][info][gc,start       ] GC(482) Pause Young (Allocation Failure)
[186.755s][info][gc,heap        ] GC(482) PSYoungGen: 168512K(168960K)->1952K(168448K) Eden: 168448K(168448K)->0K(162816K) From: 64K(512K)->1952K(5632K)
[186.755s][info][gc,heap        ] GC(482) ParOldGen: 106161K(503296K)->106177K(503296K)
[186.755s][info][gc,metaspace   ] GC(482) Metaspace: 35228K(35904K)->35228K(35904K) NonClass: 26020K(26496K)->26020K(26496K) Class: 9208K(9408K)->9208K(9408K)
[186.755s][info][gc             ] GC(482) Pause Young (Allocation Failure) 268M->105M(656M) 3.920ms
[186.755s][info][gc,cpu         ] GC(482) User=0.01s Sys=0.00s Real=0.01s
[186.942s][info][gc,start       ] GC(483) Pause Young (Allocation Failure)
[186.969s][info][gc,heap        ] GC(483) PSYoungGen: 164768K(168448K)->5632K(201216K) Eden: 162816K(162816K)->0K(195584K) From: 1952K(5632K)->5632K(5632K)
[186.969s][info][gc,heap        ] GC(483) ParOldGen: 106177K(503296K)->118921K(503296K)
[186.969s][info][gc,metaspace   ] GC(483) Metaspace: 35228K(35904K)->35228K(35904K) NonClass: 26020K(26496K)->26020K(26496K) Class: 9208K(9408K)->9208K(9408K)
[186.969s][info][gc             ] GC(483) Pause Young (Allocation Failure) 264M->121M(688M) 27.095ms
[186.969s][info][gc,cpu         ] GC(483) User=0.06s Sys=0.00s Real=0.03s
[187.193s][info][gc,start       ] GC(484) Pause Young (Allocation Failure)
[187.228s][info][gc,heap        ] GC(484) PSYoungGen: 201216K(201216K)->11776K(241664K) Eden: 195584K(195584K)->0K(229888K) From: 5632K(5632K)->11776K(11776K)
[187.228s][info][gc,heap        ] GC(484) ParOldGen: 118921K(503296K)->129553K(503296K)
[187.228s][info][gc,metaspace   ] GC(484) Metaspace: 35228K(35904K)->35228K(35904K) NonClass: 26020K(26496K)->26020K(26496K) Class: 9208K(9408K)->9208K(9408K)
[187.228s][info][gc             ] GC(484) Pause Young (Allocation Failure) 312M->138M(727M) 34.882ms
[187.228s][info][gc,cpu         ] GC(484) User=0.07s Sys=0.00s Real=0.03s
[187.447s][info][gc,start       ] GC(485) Pause Young (Allocation Failure)
[187.488s][info][gc,heap        ] GC(485) PSYoungGen: 241664K(241664K)->18432K(248832K) Eden: 229888K(229888K)->0K(230400K) From: 11776K(11776K)->18432K(18432K)
[187.488s][info][gc,heap        ] GC(485) ParOldGen: 129553K(503296K)->131649K(503296K)
[187.488s][info][gc,metaspace   ] GC(485) Metaspace: 35228K(35904K)->35228K(35904K) NonClass: 26020K(26496K)->26020K(26496K) Class: 9208K(9408K)->9208K(9408K)
[187.488s][info][gc             ] GC(485) Pause Young (Allocation Failure) 362M->146M(734M) 40.762ms
[187.488s][info][gc,cpu         ] GC(485) User=0.07s Sys=0.01s Real=0.04s
[187.574s][info][gc,start       ] GC(486) Pause Young (Allocation Failure)
[187.576s][info][gc,heap        ] GC(486) PSYoungGen: 248832K(248832K)->64K(253440K) Eden: 230400K(230400K)->0K(230400K) From: 18432K(18432K)->64K(23040K)
[187.576s][info][gc,heap        ] GC(486) ParOldGen: 131649K(503296K)->131705K(503296K)
[187.576s][info][gc,metaspace   ] GC(486) Metaspace: 35228K(35904K)->35228K(35904K) NonClass: 26020K(26496K)->26020K(26496K) Class: 9208K(9408K)->9208K(9408K)
[187.576s][info][gc             ] GC(486) Pause Young (Allocation Failure) 371M->128M(739M) 1.378ms
[187.576s][info][gc,cpu         ] GC(486) User=0.00s Sys=0.00s Real=0.00s
[188.113s][info][gc,start       ] GC(487) Pause Young (Allocation Failure)
[188.114s][info][gc,heap        ] GC(487) PSYoungGen: 230464K(253440K)->64K(297472K) Eden: 230400K(230400K)->0K(276480K) From: 64K(23040K)->64K(20992K)
[188.114s][info][gc,heap        ] GC(487) ParOldGen: 131705K(503296K)->131713K(503296K)
[188.114s][info][gc,metaspace   ] GC(487) Metaspace: 35228K(35904K)->35228K(35904K) NonClass: 26020K(26496K)->26020K(26496K) Class: 9208K(9408K)->9208K(9408K)
[188.114s][info][gc             ] GC(487) Pause Young (Allocation Failure) 353M->128M(782M) 0.901ms
[188.114s][info][gc,cpu         ] GC(487) User=0.00s Sys=0.00s Real=0.00s
[188.545s][info][gc,start       ] GC(488) Pause Young (Allocation Failure)
[188.546s][info][gc,heap        ] GC(488) PSYoungGen: 276544K(297472K)->64K(297984K) Eden: 276480K(276480K)->0K(276480K) From: 64K(20992K)->64K(21504K)
[188.546s][info][gc,heap        ] GC(488) ParOldGen: 131713K(503296K)->131721K(503296K)
[188.546s][info][gc,metaspace   ] GC(488) Metaspace: 35228K(35904K)->35228K(35904K) NonClass: 26020K(26496K)->26020K(26496K) Class: 9208K(9408K)->9208K(9408K)
[188.546s][info][gc             ] GC(488) Pause Young (Allocation Failure) 398M->128M(782M) 0.883ms
[188.546s][info][gc,cpu         ] GC(488) User=0.00s Sys=0.00s Real=0.00s
[188.948s][info][gc,start       ] GC(489) Pause Young (Allocation Failure)
[188.949s][info][gc,heap        ] GC(489) PSYoungGen: 276544K(297984K)->64K(311808K) Eden: 276480K(276480K)->0K(291840K) From: 64K(21504K)->64K(19968K)
[188.949s][info][gc,heap        ] GC(489) ParOldGen: 131721K(503296K)->131737K(503296K)
[188.949s][info][gc,metaspace   ] GC(489) Metaspace: 35228K(35904K)->35228K(35904K) NonClass: 26020K(26496K)->26020K(26496K) Class: 9208K(9408K)->9208K(9408K)
[188.949s][info][gc             ] GC(489) Pause Young (Allocation Failure) 398M->128M(796M) 0.828ms
[188.949s][info][gc,cpu         ] GC(489) User=0.00s Sys=0.00s Real=0.00s
[189.169s][info][gc,start       ] GC(490) Pause Young (Allocation Failure)
[189.170s][info][gc,heap        ] GC(490) PSYoungGen: 291904K(311808K)->64K(311808K) Eden: 291840K(291840K)->0K(291840K) From: 64K(19968K)->64K(19968K)
[189.170s][info][gc,heap        ] GC(490) ParOldGen: 131737K(503296K)->131753K(503296K)
[189.170s][info][gc,metaspace   ] GC(490) Metaspace: 35228K(35904K)->35228K(35904K) NonClass: 26020K(26496K)->26020K(26496K) Class: 9208K(9408K)->9208K(9408K)
[189.170s][info][gc             ] GC(490) Pause Young (Allocation Failure) 413M->128M(796M) 0.800ms
[189.170s][info][gc,cpu         ] GC(490) User=0.00s Sys=0.00s Real=0.00s
[189.491s][info][gc,start       ] GC(491) Pause Young (Allocation Failure)
[189.492s][info][gc,heap        ] GC(491) PSYoungGen: 291904K(311808K)->64K(312832K) Eden: 291840K(291840K)->0K(294912K) From: 64K(19968K)->64K(17920K)
[189.492s][info][gc,heap        ] GC(491) ParOldGen: 131753K(503296K)->131753K(503296K)
[189.492s][info][gc,metaspace   ] GC(491) Metaspace: 35228K(35904K)->35228K(35904K) NonClass: 26020K(26496K)->26020K(26496K) Class: 9208K(9408K)->9208K(9408K)
[189.492s][info][gc             ] GC(491) Pause Young (Allocation Failure) 413M->128M(797M) 0.717ms
[189.492s][info][gc,cpu         ] GC(491) User=0.00s Sys=0.00s Real=0.00s
[189.622s][info][gc,start       ] GC(492) Pause Young (Allocation Failure)
[189.623s][info][gc,heap        ] GC(492) PSYoungGen: 294976K(312832K)->64K(312832K) Eden: 294912K(294912K)->0K(294912K) From: 64K(17920K)->64K(17920K)
[189.623s][info][gc,heap        ] GC(492) ParOldGen: 131753K(503296K)->131761K(503296K)
[189.623s][info][gc,metaspace   ] GC(492) Metaspace: 35228K(35904K)->35228K(35904K) NonClass: 26020K(26496K)->26020K(26496K) Class: 9208K(9408K)->9208K(9408K)
[189.623s][info][gc             ] GC(492) Pause Young (Allocation Failure) 416M->128M(797M) 0.771ms
[189.623s][info][gc,cpu         ] GC(492) User=0.00s Sys=0.00s Real=0.00s
[189.674s][info][gc,start       ] GC(493) Pause Young (Allocation Failure)
[189.675s][info][gc,heap        ] GC(493) PSYoungGen: 294976K(312832K)->64K(315392K) Eden: 294912K(294912K)->0K(298496K) From: 64K(17920K)->64K(16896K)
[189.675s][info][gc,heap        ] GC(493) ParOldGen: 131761K(503296K)->131777K(503296K)
[189.675s][info][gc,metaspace   ] GC(493) Metaspace: 35228K(35904K)->35228K(35904K) NonClass: 26020K(26496K)->26020K(26496K) Class: 9208K(9408K)->9208K(9408K)
[189.675s][info][gc             ] GC(493) Pause Young (Allocation Failure) 416M->128M(799M) 0.660ms
[189.675s][info][gc,cpu         ] GC(493) User=0.00s Sys=0.00s Real=0.00s
[189.813s][info][gc,start       ] GC(494) Pause Young (Allocation Failure)
[189.814s][info][gc,heap        ] GC(494) PSYoungGen: 298560K(315392K)->64K(314880K) Eden: 298496K(298496K)->0K(298496K) From: 64K(16896K)->64K(16384K)
[189.814s][info][gc,heap        ] GC(494) ParOldGen: 131777K(503296K)->131777K(503296K)
[189.814s][info][gc,metaspace   ] GC(494) Metaspace: 35228K(35904K)->35228K(35904K) NonClass: 26020K(26496K)->26020K(26496K) Class: 9208K(9408K)->9208K(9408K)
[189.814s][info][gc             ] GC(494) Pause Young (Allocation Failure) 420M->128M(799M) 0.735ms
[189.814s][info][gc,cpu         ] GC(494) User=0.00s Sys=0.00s Real=0.00s
[190.032s][info][gc,start       ] GC(495) Pause Young (Allocation Failure)
[190.033s][info][gc,heap        ] GC(495) PSYoungGen: 298560K(314880K)->64K(287232K) Eden: 298496K(298496K)->0K(286720K) From: 64K(16384K)->64K(512K)
[190.033s][info][gc,heap        ] GC(495) ParOldGen: 131777K(503296K)->131785K(503296K)
[190.033s][info][gc,metaspace   ] GC(495) Metaspace: 35228K(35904K)->35228K(35904K) NonClass: 26020K(26496K)->26020K(26496K) Class: 9208K(9408K)->9208K(9408K)
[190.033s][info][gc             ] GC(495) Pause Young (Allocation Failure) 420M->128M(772M) 0.742ms
[190.033s][info][gc,cpu         ] GC(495) User=0.00s Sys=0.00s Real=0.01s
[190.171s][info][gc,start       ] GC(496) Pause Young (Allocation Failure)
[190.172s][info][gc,heap        ] GC(496) PSYoungGen: 286784K(287232K)->64K(289792K) Eden: 286720K(286720K)->0K(275456K) From: 64K(512K)->64K(14336K)
[190.172s][info][gc,heap        ] GC(496) ParOldGen: 131785K(503296K)->131793K(503296K)
[190.172s][info][gc,metaspace   ] GC(496) Metaspace: 35228K(35904K)->35228K(35904K) NonClass: 26020K(26496K)->26020K(26496K) Class: 9208K(9408K)->9208K(9408K)
[190.172s][info][gc             ] GC(496) Pause Young (Allocation Failure) 408M->128M(774M) 0.714ms
[190.172s][info][gc,cpu         ] GC(496) User=0.00s Sys=0.00s Real=0.00s
[190.246s][info][gc,start       ] GC(497) Pause Young (Allocation Failure)
[190.247s][info][gc,heap        ] GC(497) PSYoungGen: 275520K(289792K)->64K(265216K) Eden: 275456K(275456K)->0K(264704K) From: 64K(14336K)->64K(512K)
[190.247s][info][gc,heap        ] GC(497) ParOldGen: 131793K(503296K)->131801K(503296K)
[190.247s][info][gc,metaspace   ] GC(497) Metaspace: 35228K(35904K)->35228K(35904K) NonClass: 26020K(26496K)->26020K(26496K) Class: 9208K(9408K)->9208K(9408K)
[190.247s][info][gc             ] GC(497) Pause Young (Allocation Failure) 397M->128M(750M) 0.681ms
[190.247s][info][gc,cpu         ] GC(497) User=0.01s Sys=0.00s Real=0.00s
[190.399s][info][gc,start       ] GC(498) Pause Young (Allocation Failure)
[190.399s][info][gc,heap        ] GC(498) PSYoungGen: 264768K(265216K)->64K(267264K) Eden: 264704K(264704K)->0K(254464K) From: 64K(512K)->64K(12800K)
[190.399s][info][gc,heap        ] GC(498) ParOldGen: 131801K(503296K)->131809K(503296K)
[190.399s][info][gc,metaspace   ] GC(498) Metaspace: 35228K(35904K)->35228K(35904K) NonClass: 26020K(26496K)->26020K(26496K) Class: 9208K(9408K)->9208K(9408K)
[190.399s][info][gc             ] GC(498) Pause Young (Allocation Failure) 387M->128M(752M) 0.628ms
[190.399s][info][gc,cpu         ] GC(498) User=0.00s Sys=0.00s Real=0.00s
[191.315s][info][gc,start       ] GC(499) Pause Young (Allocation Failure)
[191.316s][info][gc,heap        ] GC(499) PSYoungGen: 254528K(267264K)->64K(245248K) Eden: 254464K(254464K)->0K(244736K) From: 64K(12800K)->64K(512K)
[191.316s][info][gc,heap        ] GC(499) ParOldGen: 131809K(503296K)->131817K(503296K)
[191.316s][info][gc,metaspace   ] GC(499) Metaspace: 35228K(35904K)->35228K(35904K) NonClass: 26020K(26496K)->26020K(26496K) Class: 9208K(9408K)->9208K(9408K)
[191.316s][info][gc             ] GC(499) Pause Young (Allocation Failure) 377M->128M(731M) 1.108ms
[191.316s][info][gc,cpu         ] GC(499) User=0.00s Sys=0.00s Real=0.00s
[191.662s][info][gc,start       ] GC(500) Pause Young (Allocation Failure)
[191.663s][info][gc,heap        ] GC(500) PSYoungGen: 244800K(245248K)->64K(246784K) Eden: 244736K(244736K)->0K(235520K) From: 64K(512K)->64K(11264K)
[191.663s][info][gc,heap        ] GC(500) ParOldGen: 131817K(503296K)->131825K(503296K)
[191.663s][info][gc,metaspace   ] GC(500) Metaspace: 35228K(35904K)->35228K(35904K) NonClass: 26020K(26496K)->26020K(26496K) Class: 9208K(9408K)->9208K(9408K)
[191.663s][info][gc             ] GC(500) Pause Young (Allocation Failure) 367M->128M(732M) 0.747ms
[191.663s][info][gc,cpu         ] GC(500) User=0.00s Sys=0.00s Real=0.00s
[192.276s][info][gc,start       ] GC(501) Pause Young (Allocation Failure)
[192.277s][info][gc,heap        ] GC(501) PSYoungGen: 235584K(246784K)->64K(227328K) Eden: 235520K(235520K)->0K(226816K) From: 64K(11264K)->64K(512K)
[192.277s][info][gc,heap        ] GC(501) ParOldGen: 131825K(503296K)->131833K(503296K)
[192.277s][info][gc,metaspace   ] GC(501) Metaspace: 35228K(35904K)->35228K(35904K) NonClass: 26020K(26496K)->26020K(26496K) Class: 9208K(9408K)->9208K(9408K)
[192.277s][info][gc             ] GC(501) Pause Young (Allocation Failure) 358M->128M(713M) 1.328ms
[192.277s][info][gc,cpu         ] GC(501) User=0.00s Sys=0.00s Real=0.00s
[192.669s][info][gc,start       ] GC(502) Pause Young (Allocation Failure)
[192.670s][info][gc,heap        ] GC(502) PSYoungGen: 226880K(227328K)->64K(227840K) Eden: 226816K(226816K)->0K(218112K) From: 64K(512K)->64K(9728K)
[192.670s][info][gc,heap        ] GC(502) ParOldGen: 131833K(503296K)->131841K(503296K)
[192.670s][info][gc,metaspace   ] GC(502) Metaspace: 35228K(35904K)->35228K(35904K) NonClass: 26020K(26496K)->26020K(26496K) Class: 9208K(9408K)->9208K(9408K)
[192.670s][info][gc             ] GC(502) Pause Young (Allocation Failure) 350M->128M(714M) 0.761ms
[192.670s][info][gc,cpu         ] GC(502) User=0.01s Sys=0.00s Real=0.00s
[193.605s][info][gc,start       ] GC(503) Pause Young (Allocation Failure)
[193.606s][info][gc,heap        ] GC(503) PSYoungGen: 218176K(227840K)->64K(210432K) Eden: 218112K(218112K)->0K(209920K) From: 64K(9728K)->64K(512K)
[193.606s][info][gc,heap        ] GC(503) ParOldGen: 131841K(503296K)->131849K(503296K)
[193.606s][info][gc,metaspace   ] GC(503) Metaspace: 35228K(35904K)->35228K(35904K) NonClass: 26020K(26496K)->26020K(26496K) Class: 9208K(9408K)->9208K(9408K)
[193.606s][info][gc             ] GC(503) Pause Young (Allocation Failure) 341M->128M(697M) 1.604ms
[193.607s][info][gc,cpu         ] GC(503) User=0.00s Sys=0.00s Real=0.00s
[193.816s][info][gc,start       ] GC(504) Pause Young (Allocation Failure)
[193.817s][info][gc,heap        ] GC(504) PSYoungGen: 209984K(210432K)->64K(210944K) Eden: 209920K(209920K)->0K(202240K) From: 64K(512K)->64K(8704K)
[193.817s][info][gc,heap        ] GC(504) ParOldGen: 131849K(503296K)->131865K(503296K)
[193.817s][info][gc,metaspace   ] GC(504) Metaspace: 35228K(35904K)->35228K(35904K) NonClass: 26020K(26496K)->26020K(26496K) Class: 9208K(9408K)->9208K(9408K)
[193.817s][info][gc             ] GC(504) Pause Young (Allocation Failure) 333M->128M(697M) 1.158ms
[193.817s][info][gc,cpu         ] GC(504) User=0.00s Sys=0.00s Real=0.00s
[194.152s][info][gc,start       ] GC(505) Pause Young (Allocation Failure)
[194.153s][info][gc,heap        ] GC(505) PSYoungGen: 202304K(210944K)->32K(195584K) Eden: 202240K(202240K)->0K(195072K) From: 64K(8704K)->32K(512K)
[194.153s][info][gc,heap        ] GC(505) ParOldGen: 131865K(503296K)->131873K(503296K)
[194.153s][info][gc,metaspace   ] GC(505) Metaspace: 35228K(35904K)->35228K(35904K) NonClass: 26020K(26496K)->26020K(26496K) Class: 9208K(9408K)->9208K(9408K)
[194.153s][info][gc             ] GC(505) Pause Young (Allocation Failure) 326M->128M(682M) 1.768ms
[194.153s][info][gc,cpu         ] GC(505) User=0.00s Sys=0.00s Real=0.01s
[194.231s][info][gc,start       ] GC(506) Pause Young (Allocation Failure)
[194.232s][info][gc,heap        ] GC(506) PSYoungGen: 195104K(195584K)->64K(195584K) Eden: 195072K(195072K)->0K(187904K) From: 32K(512K)->64K(7680K)
[194.232s][info][gc,heap        ] GC(506) ParOldGen: 131873K(503296K)->131889K(503296K)
[194.232s][info][gc,metaspace   ] GC(506) Metaspace: 35228K(35904K)->35228K(35904K) NonClass: 26020K(26496K)->26020K(26496K) Class: 9208K(9408K)->9208K(9408K)
[194.232s][info][gc             ] GC(506) Pause Young (Allocation Failure) 319M->128M(682M) 1.364ms
[194.232s][info][gc,cpu         ] GC(506) User=0.00s Sys=0.00s Real=0.01s
[194.470s][info][gc,start       ] GC(507) Pause Young (Allocation Failure)
[194.472s][info][gc,heap        ] GC(507) PSYoungGen: 187968K(195584K)->64K(181760K) Eden: 187904K(187904K)->0K(181248K) From: 64K(7680K)->64K(512K)
[194.472s][info][gc,heap        ] GC(507) ParOldGen: 131889K(503296K)->131897K(503296K)
[194.472s][info][gc,metaspace   ] GC(507) Metaspace: 35228K(35904K)->35228K(35904K) NonClass: 26020K(26496K)->26020K(26496K) Class: 9208K(9408K)->9208K(9408K)
[194.472s][info][gc             ] GC(507) Pause Young (Allocation Failure) 312M->128M(669M) 1.672ms
[194.472s][info][gc,cpu         ] GC(507) User=0.00s Sys=0.00s Real=0.01s
[194.894s][info][gc,start       ] GC(508) Pause Young (Allocation Failure)
[194.896s][info][gc,heap        ] GC(508) PSYoungGen: 181312K(181760K)->64K(181760K) Eden: 181248K(181248K)->0K(175104K) From: 64K(512K)->64K(6656K)
[194.896s][info][gc,heap        ] GC(508) ParOldGen: 131897K(503296K)->131905K(503296K)
[194.896s][info][gc,metaspace   ] GC(508) Metaspace: 35228K(35904K)->35228K(35904K) NonClass: 26020K(26496K)->26020K(26496K) Class: 9208K(9408K)->9208K(9408K)
[194.896s][info][gc             ] GC(508) Pause Young (Allocation Failure) 305M->128M(669M) 1.335ms
[194.896s][info][gc,cpu         ] GC(508) User=0.00s Sys=0.00s Real=0.00s
[195.075s][info][gc,start       ] GC(509) Pause Young (Allocation Failure)
[195.077s][info][gc,heap        ] GC(509) PSYoungGen: 175168K(181760K)->64K(169472K) Eden: 175104K(175104K)->0K(168960K) From: 64K(6656K)->64K(512K)
[195.077s][info][gc,heap        ] GC(509) ParOldGen: 131905K(503296K)->131913K(503296K)
[195.077s][info][gc,metaspace   ] GC(509) Metaspace: 35228K(35904K)->35228K(35904K) NonClass: 26020K(26496K)->26020K(26496K) Class: 9208K(9408K)->9208K(9408K)
[195.077s][info][gc             ] GC(509) Pause Young (Allocation Failure) 299M->128M(657M) 1.678ms
[195.077s][info][gc,cpu         ] GC(509) User=0.00s Sys=0.00s Real=0.00s
[195.317s][info][gc,start       ] GC(510) Pause Young (Allocation Failure)
[195.331s][info][gc,heap        ] GC(510) PSYoungGen: 169024K(169472K)->5632K(208384K) Eden: 168960K(168960K)->0K(202752K) From: 64K(512K)->5632K(5632K)
[195.331s][info][gc,heap        ] GC(510) ParOldGen: 131913K(503296K)->134345K(503296K)
[195.331s][info][gc,metaspace   ] GC(510) Metaspace: 35228K(35904K)->35228K(35904K) NonClass: 26020K(26496K)->26020K(26496K) Class: 9208K(9408K)->9208K(9408K)
[195.331s][info][gc             ] GC(510) Pause Young (Allocation Failure) 293M->136M(695M) 13.884ms
[195.331s][info][gc,cpu         ] GC(510) User=0.02s Sys=0.00s Real=0.01s
[195.562s][info][gc,start       ] GC(511) Pause Young (Allocation Failure)
[195.599s][info][gc,heap        ] GC(511) PSYoungGen: 208384K(208384K)->5632K(237568K) Eden: 202752K(202752K)->0K(231936K) From: 5632K(5632K)->5632K(5632K)
[195.599s][info][gc,heap        ] GC(511) ParOldGen: 134345K(503296K)->151657K(503296K)
[195.599s][info][gc,metaspace   ] GC(511) Metaspace: 35228K(35904K)->35228K(35904K) NonClass: 26020K(26496K)->26020K(26496K) Class: 9208K(9408K)->9208K(9408K)
[195.599s][info][gc             ] GC(511) Pause Young (Allocation Failure) 334M->153M(723M) 37.158ms
[195.599s][info][gc,cpu         ] GC(511) User=0.07s Sys=0.00s Real=0.04s
[195.863s][info][gc,start       ] GC(512) Pause Young (Allocation Failure)
[195.905s][info][gc,heap        ] GC(512) PSYoungGen: 237568K(237568K)->15360K(247296K) Eden: 231936K(231936K)->0K(231936K) From: 5632K(5632K)->15360K(15360K)
[195.905s][info][gc,heap        ] GC(512) ParOldGen: 151657K(503296K)->162921K(503296K)
[195.905s][info][gc,metaspace   ] GC(512) Metaspace: 35228K(35904K)->35228K(35904K) NonClass: 26020K(26496K)->26020K(26496K) Class: 9208K(9408K)->9208K(9408K)
[195.905s][info][gc             ] GC(512) Pause Young (Allocation Failure) 380M->174M(733M) 42.408ms
[195.905s][info][gc,cpu         ] GC(512) User=0.09s Sys=0.00s Real=0.04s
[196.008s][info][gc,start       ] GC(513) Pause Young (Allocation Failure)
[196.022s][info][gc,heap        ] GC(513) PSYoungGen: 247296K(247296K)->5536K(297984K) Eden: 231936K(231936K)->0K(278528K) From: 15360K(15360K)->5536K(19456K)
[196.022s][info][gc,heap        ] GC(513) ParOldGen: 162921K(503296K)->163225K(503296K)
[196.022s][info][gc,metaspace   ] GC(513) Metaspace: 35228K(35904K)->35228K(35904K) NonClass: 26020K(26496K)->26020K(26496K) Class: 9208K(9408K)->9208K(9408K)
[196.022s][info][gc             ] GC(513) Pause Young (Allocation Failure) 400M->164M(782M) 14.030ms
[196.022s][info][gc,cpu         ] GC(513) User=0.02s Sys=0.01s Real=0.02s
[196.509s][info][gc,start       ] GC(514) Pause Young (Allocation Failure)
[196.510s][info][gc,heap        ] GC(514) PSYoungGen: 284064K(297984K)->64K(299520K) Eden: 278528K(278528K)->0K(278528K) From: 5536K(19456K)->64K(20992K)
[196.510s][info][gc,heap        ] GC(514) ParOldGen: 163225K(503296K)->163233K(503296K)
[196.510s][info][gc,metaspace   ] GC(514) Metaspace: 35228K(35904K)->35228K(35904K) NonClass: 26020K(26496K)->26020K(26496K) Class: 9208K(9408K)->9208K(9408K)
[196.510s][info][gc             ] GC(514) Pause Young (Allocation Failure) 436M->159M(784M) 0.973ms
[196.510s][info][gc,cpu         ] GC(514) User=0.01s Sys=0.00s Real=0.00s
[197.022s][info][gc,start       ] GC(515) Pause Young (Allocation Failure)
[197.023s][info][gc,heap        ] GC(515) PSYoungGen: 278592K(299520K)->64K(311296K) Eden: 278528K(278528K)->0K(292352K) From: 64K(20992K)->64K(18944K)
[197.023s][info][gc,heap        ] GC(515) ParOldGen: 163233K(503296K)->163241K(503296K)
[197.023s][info][gc,metaspace   ] GC(515) Metaspace: 35228K(35904K)->35228K(35904K) NonClass: 26020K(26496K)->26020K(26496K) Class: 9208K(9408K)->9208K(9408K)
[197.023s][info][gc             ] GC(515) Pause Young (Allocation Failure) 431M->159M(795M) 0.939ms
[197.023s][info][gc,cpu         ] GC(515) User=0.00s Sys=0.00s Real=0.00s
[197.450s][info][gc,start       ] GC(516) Pause Young (Allocation Failure)
[197.451s][info][gc,heap        ] GC(516) PSYoungGen: 292416K(311296K)->64K(312320K) Eden: 292352K(292352K)->0K(292352K) From: 64K(18944K)->64K(19968K)
[197.451s][info][gc,heap        ] GC(516) ParOldGen: 163241K(503296K)->163257K(503296K)
[197.451s][info][gc,metaspace   ] GC(516) Metaspace: 35228K(35904K)->35228K(35904K) NonClass: 26020K(26496K)->26020K(26496K) Class: 9208K(9408K)->9208K(9408K)
[197.451s][info][gc             ] GC(516) Pause Young (Allocation Failure) 444M->159M(796M) 0.933ms
[197.451s][info][gc,cpu         ] GC(516) User=0.00s Sys=0.01s Real=0.00s
[197.659s][info][gc,start       ] GC(517) Pause Young (Allocation Failure)
[197.660s][info][gc,heap        ] GC(517) PSYoungGen: 292416K(312320K)->64K(312832K) Eden: 292352K(292352K)->0K(294912K) From: 64K(19968K)->64K(17920K)
[197.660s][info][gc,heap        ] GC(517) ParOldGen: 163257K(503296K)->163273K(503296K)
[197.660s][info][gc,metaspace   ] GC(517) Metaspace: 35228K(35904K)->35228K(35904K) NonClass: 26020K(26496K)->26020K(26496K) Class: 9208K(9408K)->9208K(9408K)
[197.660s][info][gc             ] GC(517) Pause Young (Allocation Failure) 444M->159M(797M) 0.885ms
[197.660s][info][gc,cpu         ] GC(517) User=0.00s Sys=0.00s Real=0.00s
[197.975s][info][gc,start       ] GC(518) Pause Young (Allocation Failure)
[197.976s][info][gc,heap        ] GC(518) PSYoungGen: 294976K(312832K)->64K(313344K) Eden: 294912K(294912K)->0K(294912K) From: 64K(17920K)->64K(18432K)
[197.976s][info][gc,heap        ] GC(518) ParOldGen: 163273K(503296K)->163273K(503296K)
[197.976s][info][gc,metaspace   ] GC(518) Metaspace: 35228K(35904K)->35228K(35904K) NonClass: 26020K(26496K)->26020K(26496K) Class: 9208K(9408K)->9208K(9408K)
[197.976s][info][gc             ] GC(518) Pause Young (Allocation Failure) 447M->159M(797M) 0.926ms
[197.976s][info][gc,cpu         ] GC(518) User=0.00s Sys=0.00s Real=0.00s
[198.127s][info][gc,start       ] GC(519) Pause Young (Allocation Failure)
[198.128s][info][gc,heap        ] GC(519) PSYoungGen: 294976K(313344K)->64K(314880K) Eden: 294912K(294912K)->0K(297984K) From: 64K(18432K)->64K(16896K)
[198.128s][info][gc,heap        ] GC(519) ParOldGen: 163273K(503296K)->163289K(503296K)
[198.128s][info][gc,metaspace   ] GC(519) Metaspace: 35228K(35904K)->35228K(35904K) NonClass: 26020K(26496K)->26020K(26496K) Class: 9208K(9408K)->9208K(9408K)
[198.128s][info][gc             ] GC(519) Pause Young (Allocation Failure) 447M->159M(799M) 0.879ms
[198.128s][info][gc,cpu         ] GC(519) User=0.01s Sys=0.00s Real=0.00s
[198.182s][info][gc,start       ] GC(520) Pause Young (Allocation Failure)
[198.183s][info][gc,heap        ] GC(520) PSYoungGen: 298048K(314880K)->32K(314880K) Eden: 297984K(297984K)->0K(297984K) From: 64K(16896K)->32K(16896K)
[198.183s][info][gc,heap        ] GC(520) ParOldGen: 163289K(503296K)->163305K(503296K)
[198.183s][info][gc,metaspace   ] GC(520) Metaspace: 35228K(35904K)->35228K(35904K) NonClass: 26020K(26496K)->26020K(26496K) Class: 9208K(9408K)->9208K(9408K)
[198.183s][info][gc             ] GC(520) Pause Young (Allocation Failure) 450M->159M(799M) 1.387ms
[198.183s][info][gc,cpu         ] GC(520) User=0.00s Sys=0.00s Real=0.01s
[198.304s][info][gc,start       ] GC(521) Pause Young (Allocation Failure)
[198.305s][info][gc,heap        ] GC(521) PSYoungGen: 298016K(314880K)->64K(316416K) Eden: 297984K(297984K)->0K(300544K) From: 32K(16896K)->64K(15872K)
[198.305s][info][gc,heap        ] GC(521) ParOldGen: 163305K(503296K)->163305K(503296K)
[198.305s][info][gc,metaspace   ] GC(521) Metaspace: 35228K(35904K)->35228K(35904K) NonClass: 26020K(26496K)->26020K(26496K) Class: 9208K(9408K)->9208K(9408K)
[198.305s][info][gc             ] GC(521) Pause Young (Allocation Failure) 450M->159M(800M) 1.303ms
[198.305s][info][gc,cpu         ] GC(521) User=0.00s Sys=0.00s Real=0.00s
[198.529s][info][gc,start       ] GC(522) Pause Young (Allocation Failure)
[198.530s][info][gc,heap        ] GC(522) PSYoungGen: 300608K(316416K)->64K(315904K) Eden: 300544K(300544K)->0K(300544K) From: 64K(15872K)->64K(15360K)
[198.530s][info][gc,heap        ] GC(522) ParOldGen: 163305K(503296K)->163321K(503296K)
[198.530s][info][gc,metaspace   ] GC(522) Metaspace: 35228K(35904K)->35228K(35904K) NonClass: 26020K(26496K)->26020K(26496K) Class: 9208K(9408K)->9208K(9408K)
[198.530s][info][gc             ] GC(522) Pause Young (Allocation Failure) 453M->159M(800M) 1.444ms
[198.530s][info][gc,cpu         ] GC(522) User=0.00s Sys=0.00s Real=0.00s
[198.682s][info][gc,start       ] GC(523) Pause Young (Allocation Failure)
[198.683s][info][gc,heap        ] GC(523) PSYoungGen: 300608K(315904K)->64K(317440K) Eden: 300544K(300544K)->0K(303616K) From: 64K(15360K)->64K(13824K)
[198.683s][info][gc,heap        ] GC(523) ParOldGen: 163321K(503296K)->163337K(503296K)
[198.683s][info][gc,metaspace   ] GC(523) Metaspace: 35228K(35904K)->35228K(35904K) NonClass: 26020K(26496K)->26020K(26496K) Class: 9208K(9408K)->9208K(9408K)
[198.684s][info][gc             ] GC(523) Pause Young (Allocation Failure) 453M->159M(801M) 1.409ms
[198.684s][info][gc,cpu         ] GC(523) User=0.01s Sys=0.00s Real=0.00s
[198.771s][info][gc,start       ] GC(524) Pause Young (Allocation Failure)
[198.772s][info][gc,heap        ] GC(524) PSYoungGen: 303680K(317440K)->64K(316928K) Eden: 303616K(303616K)->0K(303616K) From: 64K(13824K)->64K(13312K)
[198.772s][info][gc,heap        ] GC(524) ParOldGen: 163337K(503296K)->163353K(503296K)
[198.772s][info][gc,metaspace   ] GC(524) Metaspace: 35228K(35904K)->35228K(35904K) NonClass: 26020K(26496K)->26020K(26496K) Class: 9208K(9408K)->9208K(9408K)
[198.773s][info][gc             ] GC(524) Pause Young (Allocation Failure) 456M->159M(801M) 1.304ms
[198.773s][info][gc,cpu         ] GC(524) User=0.00s Sys=0.00s Real=0.01s
[198.949s][info][gc,start       ] GC(525) Pause Young (Allocation Failure)
[198.950s][info][gc,heap        ] GC(525) PSYoungGen: 303680K(316928K)->64K(319488K) Eden: 303616K(303616K)->0K(307712K) From: 64K(13312K)->64K(11776K)
[198.950s][info][gc,heap        ] GC(525) ParOldGen: 163353K(503296K)->163361K(503296K)
[198.950s][info][gc,metaspace   ] GC(525) Metaspace: 35228K(35904K)->35228K(35904K) NonClass: 26020K(26496K)->26020K(26496K) Class: 9208K(9408K)->9208K(9408K)
[198.950s][info][gc             ] GC(525) Pause Young (Allocation Failure) 456M->159M(803M) 1.347ms
[198.950s][info][gc,cpu         ] GC(525) User=0.00s Sys=0.00s Real=0.00s
[199.842s][info][gc,start       ] GC(526) Pause Young (Allocation Failure)
[199.844s][info][gc,heap        ] GC(526) PSYoungGen: 307776K(319488K)->32K(295936K) Eden: 307712K(307712K)->0K(295424K) From: 64K(11776K)->32K(512K)
[199.844s][info][gc,heap        ] GC(526) ParOldGen: 163361K(503296K)->163369K(503296K)
[199.844s][info][gc,metaspace   ] GC(526) Metaspace: 35228K(35904K)->35228K(35904K) NonClass: 26020K(26496K)->26020K(26496K) Class: 9208K(9408K)->9208K(9408K)
[199.844s][info][gc             ] GC(526) Pause Young (Allocation Failure) 460M->159M(780M) 1.512ms
[199.844s][info][gc,cpu         ] GC(526) User=0.00s Sys=0.00s Real=0.00s
[200.704s][info][gc,start       ] GC(527) Pause Young (Allocation Failure)
[200.706s][info][gc,heap        ] GC(527) PSYoungGen: 295456K(295936K)->64K(284160K) Eden: 295424K(295424K)->0K(283648K) From: 32K(512K)->64K(512K)
[200.706s][info][gc,heap        ] GC(527) ParOldGen: 163369K(503296K)->163385K(503296K)
[200.706s][info][gc,metaspace   ] GC(527) Metaspace: 35228K(35904K)->35228K(35904K) NonClass: 26020K(26496K)->26020K(26496K) Class: 9208K(9408K)->9208K(9408K)
[200.706s][info][gc             ] GC(527) Pause Young (Allocation Failure) 448M->159M(769M) 1.460ms
[200.706s][info][gc,cpu         ] GC(527) User=0.00s Sys=0.00s Real=0.00s
[201.124s][info][gc,start       ] GC(528) Pause Young (Allocation Failure)
[201.125s][info][gc,heap        ] GC(528) PSYoungGen: 283712K(284160K)->64K(283136K) Eden: 283648K(283648K)->0K(272384K) From: 64K(512K)->64K(10752K)
[201.125s][info][gc,heap        ] GC(528) ParOldGen: 163385K(503296K)->163401K(503296K)
[201.125s][info][gc,metaspace   ] GC(528) Metaspace: 35228K(35904K)->35228K(35904K) NonClass: 26020K(26496K)->26020K(26496K) Class: 9208K(9408K)->9208K(9408K)
[201.125s][info][gc             ] GC(528) Pause Young (Allocation Failure) 436M->159M(768M) 1.398ms
[201.125s][info][gc,cpu         ] GC(528) User=0.00s Sys=0.00s Real=0.00s
[202.110s][info][gc,start       ] GC(529) Pause Young (Allocation Failure)
[202.113s][info][gc,heap        ] GC(529) PSYoungGen: 272448K(283136K)->32K(262144K) Eden: 272384K(272384K)->0K(261632K) From: 64K(10752K)->32K(512K)
[202.113s][info][gc,heap        ] GC(529) ParOldGen: 163401K(503296K)->163409K(503296K)
[202.113s][info][gc,metaspace   ] GC(529) Metaspace: 35228K(35904K)->35228K(35904K) NonClass: 26020K(26496K)->26020K(26496K) Class: 9208K(9408K)->9208K(9408K)
[202.113s][info][gc             ] GC(529) Pause Young (Allocation Failure) 425M->159M(747M) 2.236ms
[202.113s][info][gc,cpu         ] GC(529) User=0.00s Sys=0.00s Real=0.01s
[202.511s][info][gc,start       ] GC(530) Pause Young (Allocation Failure)
[202.512s][info][gc,heap        ] GC(530) PSYoungGen: 261664K(262144K)->64K(260608K) Eden: 261632K(261632K)->0K(251392K) From: 32K(512K)->64K(9216K)
[202.512s][info][gc,heap        ] GC(530) ParOldGen: 163409K(503296K)->163425K(503296K)
[202.512s][info][gc,metaspace   ] GC(530) Metaspace: 35228K(35904K)->35228K(35904K) NonClass: 26020K(26496K)->26020K(26496K) Class: 9208K(9408K)->9208K(9408K)
[202.512s][info][gc             ] GC(530) Pause Young (Allocation Failure) 415M->159M(746M) 1.355ms
[202.512s][info][gc,cpu         ] GC(530) User=0.01s Sys=0.00s Real=0.00s
[202.680s][info][gc,start       ] GC(531) Pause Young (Allocation Failure)
[202.682s][info][gc,heap        ] GC(531) PSYoungGen: 251456K(260608K)->64K(242176K) Eden: 251392K(251392K)->0K(241664K) From: 64K(9216K)->64K(512K)
[202.682s][info][gc,heap        ] GC(531) ParOldGen: 163425K(503296K)->163441K(503296K)
[202.682s][info][gc,metaspace   ] GC(531) Metaspace: 35228K(35904K)->35228K(35904K) NonClass: 26020K(26496K)->26020K(26496K) Class: 9208K(9408K)->9208K(9408K)
[202.682s][info][gc             ] GC(531) Pause Young (Allocation Failure) 405M->159M(728M) 1.967ms
[202.682s][info][gc,cpu         ] GC(531) User=0.00s Sys=0.00s Real=0.00s
[202.925s][info][gc,start       ] GC(532) Pause Young (Allocation Failure)
[202.926s][info][gc,heap        ] GC(532) PSYoungGen: 241728K(242176K)->64K(240640K) Eden: 241664K(241664K)->0K(232448K) From: 64K(512K)->64K(8192K)
[202.926s][info][gc,heap        ] GC(532) ParOldGen: 163441K(503296K)->163449K(503296K)
[202.926s][info][gc,metaspace   ] GC(532) Metaspace: 35228K(35904K)->35228K(35904K) NonClass: 26020K(26496K)->26020K(26496K) Class: 9208K(9408K)->9208K(9408K)
[202.926s][info][gc             ] GC(532) Pause Young (Allocation Failure) 395M->159M(726M) 1.346ms
[202.926s][info][gc,cpu         ] GC(532) User=0.00s Sys=0.00s Real=0.00s
[203.388s][info][gc,start       ] GC(533) Pause Young (Allocation Failure)
[203.390s][info][gc,heap        ] GC(533) PSYoungGen: 232512K(240640K)->64K(224256K) Eden: 232448K(232448K)->0K(223744K) From: 64K(8192K)->64K(512K)
[203.390s][info][gc,heap        ] GC(533) ParOldGen: 163449K(503296K)->163465K(503296K)
[203.390s][info][gc,metaspace   ] GC(533) Metaspace: 35228K(35904K)->35228K(35904K) NonClass: 26020K(26496K)->26020K(26496K) Class: 9208K(9408K)->9208K(9408K)
[203.390s][info][gc             ] GC(533) Pause Young (Allocation Failure) 386M->159M(710M) 2.521ms
[203.390s][info][gc,cpu         ] GC(533) User=0.00s Sys=0.00s Real=0.00s
[203.694s][info][gc,start       ] GC(534) Pause Young (Allocation Failure)
[203.695s][info][gc,heap        ] GC(534) PSYoungGen: 223808K(224256K)->64K(222720K) Eden: 223744K(223744K)->0K(215552K) From: 64K(512K)->64K(7168K)
[203.695s][info][gc,heap        ] GC(534) ParOldGen: 163465K(503296K)->163473K(503296K)
[203.695s][info][gc,metaspace   ] GC(534) Metaspace: 35228K(35904K)->35228K(35904K) NonClass: 26020K(26496K)->26020K(26496K) Class: 9208K(9408K)->9208K(9408K)
[203.695s][info][gc             ] GC(534) Pause Young (Allocation Failure) 378M->159M(709M) 1.413ms
[203.695s][info][gc,cpu         ] GC(534) User=0.00s Sys=0.00s Real=0.00s
[203.941s][info][gc,start       ] GC(535) Pause Young (Allocation Failure)
[203.979s][info][gc,heap        ] GC(535) PSYoungGen: 215616K(222720K)->6656K(265728K) Eden: 215552K(215552K)->0K(259072K) From: 64K(7168K)->6656K(6656K)
[203.979s][info][gc,heap        ] GC(535) ParOldGen: 163473K(503296K)->180993K(503296K)
[203.979s][info][gc,metaspace   ] GC(535) Metaspace: 35228K(35904K)->35228K(35904K) NonClass: 26020K(26496K)->26020K(26496K) Class: 9208K(9408K)->9208K(9408K)
[203.979s][info][gc             ] GC(535) Pause Young (Allocation Failure) 370M->183M(751M) 38.876ms
[203.979s][info][gc,cpu         ] GC(535) User=0.07s Sys=0.01s Real=0.04s
[204.273s][info][gc,start       ] GC(536) Pause Young (Allocation Failure)
[204.321s][info][gc,heap        ] GC(536) PSYoungGen: 265728K(265728K)->14848K(273920K) Eden: 259072K(259072K)->0K(259072K) From: 6656K(6656K)->14848K(14848K)
[204.321s][info][gc,heap        ] GC(536) ParOldGen: 180993K(503296K)->195841K(503296K)
[204.321s][info][gc,metaspace   ] GC(536) Metaspace: 35228K(35904K)->35228K(35904K) NonClass: 26020K(26496K)->26020K(26496K) Class: 9208K(9408K)->9208K(9408K)
[204.321s][info][gc             ] GC(536) Pause Young (Allocation Failure) 436M->205M(759M) 47.832ms
[204.321s][info][gc,cpu         ] GC(536) User=0.10s Sys=0.00s Real=0.04s
[204.460s][info][gc,start       ] GC(537) Pause Young (Allocation Failure)
[204.481s][info][gc,heap        ] GC(537) PSYoungGen: 273920K(273920K)->9248K(310784K) Eden: 259072K(259072K)->0K(287232K) From: 14848K(14848K)->9248K(23552K)
[204.481s][info][gc,heap        ] GC(537) ParOldGen: 195841K(503296K)->196241K(503296K)
[204.481s][info][gc,metaspace   ] GC(537) Metaspace: 35228K(35904K)->35228K(35904K) NonClass: 26020K(26496K)->26020K(26496K) Class: 9208K(9408K)->9208K(9408K)
[204.481s][info][gc             ] GC(537) Pause Young (Allocation Failure) 458M->200M(795M) 21.843ms
[204.481s][info][gc,cpu         ] GC(537) User=0.03s Sys=0.00s Real=0.02s
[204.959s][info][gc,start       ] GC(538) Pause Young (Allocation Failure)
[204.960s][info][gc,heap        ] GC(538) PSYoungGen: 296480K(310784K)->64K(287744K) Eden: 287232K(287232K)->0K(287232K) From: 9248K(23552K)->64K(512K)
[204.960s][info][gc,heap        ] GC(538) ParOldGen: 196241K(503296K)->196249K(503296K)
[204.960s][info][gc,metaspace   ] GC(538) Metaspace: 35228K(35904K)->35228K(35904K) NonClass: 26020K(26496K)->26020K(26496K) Class: 9208K(9408K)->9208K(9408K)
[204.960s][info][gc             ] GC(538) Pause Young (Allocation Failure) 481M->191M(772M) 1.107ms
[204.960s][info][gc,cpu         ] GC(538) User=0.00s Sys=0.00s Real=0.00s
[205.466s][info][gc,start       ] GC(539) Pause Young (Allocation Failure)
[205.467s][info][gc,heap        ] GC(539) PSYoungGen: 287296K(287744K)->64K(310784K) Eden: 287232K(287232K)->0K(288256K) From: 64K(512K)->64K(22528K)
[205.467s][info][gc,heap        ] GC(539) ParOldGen: 196249K(503296K)->196257K(503296K)
[205.467s][info][gc,metaspace   ] GC(539) Metaspace: 35228K(35904K)->35228K(35904K) NonClass: 26020K(26496K)->26020K(26496K) Class: 9208K(9408K)->9208K(9408K)
[205.467s][info][gc             ] GC(539) Pause Young (Allocation Failure) 472M->191M(795M) 0.939ms
[205.467s][info][gc,cpu         ] GC(539) User=0.00s Sys=0.00s Real=0.00s
[205.881s][info][gc,start       ] GC(540) Pause Young (Allocation Failure)
[205.882s][info][gc,heap        ] GC(540) PSYoungGen: 288320K(310784K)->64K(309760K) Eden: 288256K(288256K)->0K(288256K) From: 64K(22528K)->64K(21504K)
[205.882s][info][gc,heap        ] GC(540) ParOldGen: 196257K(503296K)->196273K(503296K)
[205.882s][info][gc,metaspace   ] GC(540) Metaspace: 35228K(35904K)->35228K(35904K) NonClass: 26020K(26496K)->26020K(26496K) Class: 9208K(9408K)->9208K(9408K)
[205.882s][info][gc             ] GC(540) Pause Young (Allocation Failure) 473M->191M(794M) 1.000ms
[205.882s][info][gc,cpu         ] GC(540) User=0.00s Sys=0.00s Real=0.00s
[206.086s][info][gc,start       ] GC(541) Pause Young (Allocation Failure)
[206.087s][info][gc,heap        ] GC(541) PSYoungGen: 288320K(309760K)->64K(311296K) Eden: 288256K(288256K)->0K(290816K) From: 64K(21504K)->64K(20480K)
[206.087s][info][gc,heap        ] GC(541) ParOldGen: 196273K(503296K)->196289K(503296K)
[206.087s][info][gc,metaspace   ] GC(541) Metaspace: 35228K(35904K)->35228K(35904K) NonClass: 26020K(26496K)->26020K(26496K) Class: 9208K(9408K)->9208K(9408K)
[206.087s][info][gc             ] GC(541) Pause Young (Allocation Failure) 473M->191M(795M) 0.900ms
[206.087s][info][gc,cpu         ] GC(541) User=0.00s Sys=0.00s Real=0.00s
[206.397s][info][gc,start       ] GC(542) Pause Young (Allocation Failure)
[206.398s][info][gc,heap        ] GC(542) PSYoungGen: 290880K(311296K)->64K(310784K) Eden: 290816K(290816K)->0K(290816K) From: 64K(20480K)->64K(19968K)
[206.398s][info][gc,heap        ] GC(542) ParOldGen: 196289K(503296K)->196289K(503296K)
[206.398s][info][gc,metaspace   ] GC(542) Metaspace: 35228K(35904K)->35228K(35904K) NonClass: 26020K(26496K)->26020K(26496K) Class: 9208K(9408K)->9208K(9408K)
[206.398s][info][gc             ] GC(542) Pause Young (Allocation Failure) 475M->191M(795M) 0.871ms
[206.398s][info][gc,cpu         ] GC(542) User=0.00s Sys=0.00s Real=0.00s
[206.549s][info][gc,start       ] GC(543) Pause Young (Allocation Failure)
[206.549s][info][gc,heap        ] GC(543) PSYoungGen: 290880K(310784K)->64K(312832K) Eden: 290816K(290816K)->0K(294400K) From: 64K(19968K)->64K(18432K)
[206.549s][info][gc,heap        ] GC(543) ParOldGen: 196289K(503296K)->196297K(503296K)
[206.549s][info][gc,metaspace   ] GC(543) Metaspace: 35228K(35904K)->35228K(35904K) NonClass: 26020K(26496K)->26020K(26496K) Class: 9208K(9408K)->9208K(9408K)
[206.549s][info][gc             ] GC(543) Pause Young (Allocation Failure) 475M->191M(797M) 0.878ms
[206.549s][info][gc,cpu         ] GC(543) User=0.00s Sys=0.00s Real=0.00s
[206.603s][info][gc,start       ] GC(544) Pause Young (Allocation Failure)
[206.603s][info][gc,heap        ] GC(544) PSYoungGen: 294464K(312832K)->64K(312320K) Eden: 294400K(294400K)->0K(294400K) From: 64K(18432K)->64K(17920K)
[206.603s][info][gc,heap        ] GC(544) ParOldGen: 196297K(503296K)->196313K(503296K)
[206.603s][info][gc,metaspace   ] GC(544) Metaspace: 35228K(35904K)->35228K(35904K) NonClass: 26020K(26496K)->26020K(26496K) Class: 9208K(9408K)->9208K(9408K)
[206.603s][info][gc             ] GC(544) Pause Young (Allocation Failure) 479M->191M(796M) 0.877ms
[206.603s][info][gc,cpu         ] GC(544) User=0.01s Sys=0.00s Real=0.00s
[206.718s][info][gc,start       ] GC(545) Pause Young (Allocation Failure)
[206.719s][info][gc,heap        ] GC(545) PSYoungGen: 294464K(312320K)->64K(314880K) Eden: 294400K(294400K)->0K(298496K) From: 64K(17920K)->64K(16384K)
[206.719s][info][gc,heap        ] GC(545) ParOldGen: 196313K(503296K)->196313K(503296K)
[206.719s][info][gc,metaspace   ] GC(545) Metaspace: 35228K(35904K)->35228K(35904K) NonClass: 26020K(26496K)->26020K(26496K) Class: 9208K(9408K)->9208K(9408K)
[206.719s][info][gc             ] GC(545) Pause Young (Allocation Failure) 479M->191M(799M) 0.915ms
[206.719s][info][gc,cpu         ] GC(545) User=0.00s Sys=0.00s Real=0.00s
[206.941s][info][gc,start       ] GC(546) Pause Young (Allocation Failure)
[206.942s][info][gc,heap        ] GC(546) PSYoungGen: 298560K(314880K)->64K(314880K) Eden: 298496K(298496K)->0K(298496K) From: 64K(16384K)->64K(16384K)
[206.942s][info][gc,heap        ] GC(546) ParOldGen: 196313K(503296K)->196321K(503296K)
[206.942s][info][gc,metaspace   ] GC(546) Metaspace: 35228K(35904K)->35228K(35904K) NonClass: 26020K(26496K)->26020K(26496K) Class: 9208K(9408K)->9208K(9408K)
[206.942s][info][gc             ] GC(546) Pause Young (Allocation Failure) 483M->191M(799M) 0.905ms
[206.942s][info][gc,cpu         ] GC(546) User=0.00s Sys=0.00s Real=0.00s
[207.099s][info][gc,start       ] GC(547) Pause Young (Allocation Failure)
[207.100s][info][gc,heap        ] GC(547) PSYoungGen: 298560K(314880K)->64K(287232K) Eden: 298496K(298496K)->0K(286720K) From: 64K(16384K)->64K(512K)
[207.100s][info][gc,heap        ] GC(547) ParOldGen: 196321K(503296K)->196329K(503296K)
[207.100s][info][gc,metaspace   ] GC(547) Metaspace: 35228K(35904K)->35228K(35904K) NonClass: 26020K(26496K)->26020K(26496K) Class: 9208K(9408K)->9208K(9408K)
[207.100s][info][gc             ] GC(547) Pause Young (Allocation Failure) 483M->191M(772M) 1.088ms
[207.100s][info][gc,cpu         ] GC(547) User=0.00s Sys=0.00s Real=0.00s
[207.176s][info][gc,start       ] GC(548) Pause Young (Allocation Failure)
[207.178s][info][gc,heap        ] GC(548) PSYoungGen: 286784K(287232K)->32K(302592K) Eden: 286720K(286720K)->0K(288256K) From: 64K(512K)->32K(14336K)
[207.178s][info][gc,heap        ] GC(548) ParOldGen: 196329K(503296K)->196337K(503296K)
[207.178s][info][gc,metaspace   ] GC(548) Metaspace: 35228K(35904K)->35228K(35904K) NonClass: 26020K(26496K)->26020K(26496K) Class: 9208K(9408K)->9208K(9408K)
[207.178s][info][gc             ] GC(548) Pause Young (Allocation Failure) 471M->191M(787M) 1.361ms
[207.178s][info][gc,cpu         ] GC(548) User=0.01s Sys=0.00s Real=0.00s
[207.339s][info][gc,start       ] GC(549) Pause Young (Allocation Failure)
[207.340s][info][gc,heap        ] GC(549) PSYoungGen: 288288K(302592K)->64K(277504K) Eden: 288256K(288256K)->0K(276992K) From: 32K(14336K)->64K(512K)
[207.340s][info][gc,heap        ] GC(549) ParOldGen: 196337K(503296K)->196337K(503296K)
[207.340s][info][gc,metaspace   ] GC(549) Metaspace: 35228K(35904K)->35228K(35904K) NonClass: 26020K(26496K)->26020K(26496K) Class: 9208K(9408K)->9208K(9408K)
[207.340s][info][gc             ] GC(549) Pause Young (Allocation Failure) 473M->191M(762M) 0.985ms
[207.340s][info][gc,cpu         ] GC(549) User=0.00s Sys=0.00s Real=0.00s
[208.247s][info][gc,start       ] GC(550) Pause Young (Allocation Failure)
[208.249s][info][gc,heap        ] GC(550) PSYoungGen: 277056K(277504K)->83K(279040K) Eden: 276992K(276992K)->0K(266240K) From: 64K(512K)->83K(12800K)
[208.249s][info][gc,heap        ] GC(550) ParOldGen: 196337K(503296K)->196345K(503296K)
[208.249s][info][gc,metaspace   ] GC(550) Metaspace: 35228K(35904K)->35228K(35904K) NonClass: 26020K(26496K)->26020K(26496K) Class: 9208K(9408K)->9208K(9408K)
[208.249s][info][gc             ] GC(550) Pause Young (Allocation Failure) 462M->191M(764M) 1.447ms
[208.249s][info][gc,cpu         ] GC(550) User=0.00s Sys=0.00s Real=0.00s
[209.054s][info][gc,start       ] GC(551) Pause Young (Allocation Failure)
[209.056s][info][gc,heap        ] GC(551) PSYoungGen: 266323K(279040K)->32K(256512K) Eden: 266240K(266240K)->0K(256000K) From: 83K(12800K)->32K(512K)
[209.056s][info][gc,heap        ] GC(551) ParOldGen: 196345K(503296K)->196353K(503296K)
[209.056s][info][gc,metaspace   ] GC(551) Metaspace: 35228K(35904K)->35228K(35904K) NonClass: 26020K(26496K)->26020K(26496K) Class: 9208K(9408K)->9208K(9408K)
[209.056s][info][gc             ] GC(551) Pause Young (Allocation Failure) 451M->191M(742M) 2.188ms
[209.056s][info][gc,cpu         ] GC(551) User=0.00s Sys=0.00s Real=0.00s
[209.293s][info][gc,start       ] GC(552) Pause Young (Allocation Failure)
[209.295s][info][gc,heap        ] GC(552) PSYoungGen: 256032K(256512K)->64K(257536K) Eden: 256000K(256000K)->0K(246272K) From: 32K(512K)->64K(11264K)
[209.295s][info][gc,heap        ] GC(552) ParOldGen: 196353K(503296K)->196369K(503296K)
[209.295s][info][gc,metaspace   ] GC(552) Metaspace: 35228K(35904K)->35228K(35904K) NonClass: 26020K(26496K)->26020K(26496K) Class: 9208K(9408K)->9208K(9408K)
[209.295s][info][gc             ] GC(552) Pause Young (Allocation Failure) 441M->191M(743M) 1.629ms
[209.295s][info][gc,cpu         ] GC(552) User=0.00s Sys=0.00s Real=0.00s
[209.722s][info][gc,start       ] GC(553) Pause Young (Allocation Failure)
[209.724s][info][gc,heap        ] GC(553) PSYoungGen: 246336K(257536K)->64K(237568K) Eden: 246272K(246272K)->0K(237056K) From: 64K(11264K)->64K(512K)
[209.724s][info][gc,heap        ] GC(553) ParOldGen: 196369K(503296K)->196385K(503296K)
[209.724s][info][gc,metaspace   ] GC(553) Metaspace: 35228K(35904K)->35228K(35904K) NonClass: 26020K(26496K)->26020K(26496K) Class: 9208K(9408K)->9208K(9408K)
[209.724s][info][gc             ] GC(553) Pause Young (Allocation Failure) 432M->191M(723M) 1.758ms
[209.724s][info][gc,cpu         ] GC(553) User=0.00s Sys=0.00s Real=0.01s
[210.649s][info][gc,start       ] GC(554) Pause Young (Allocation Failure)
[210.651s][info][gc,heap        ] GC(554) PSYoungGen: 237120K(237568K)->64K(237568K) Eden: 237056K(237056K)->0K(227840K) From: 64K(512K)->64K(9728K)
[210.651s][info][gc,heap        ] GC(554) ParOldGen: 196385K(503296K)->196393K(503296K)
[210.651s][info][gc,metaspace   ] GC(554) Metaspace: 35228K(35904K)->35228K(35904K) NonClass: 26020K(26496K)->26020K(26496K) Class: 9208K(9408K)->9208K(9408K)
[210.651s][info][gc             ] GC(554) Pause Young (Allocation Failure) 423M->191M(723M) 1.612ms
[210.651s][info][gc,cpu         ] GC(554) User=0.00s Sys=0.00s Real=0.00s
[210.990s][info][gc,start       ] GC(555) Pause Young (Allocation Failure)
[210.992s][info][gc,heap        ] GC(555) PSYoungGen: 227904K(237568K)->64K(219648K) Eden: 227840K(227840K)->0K(219136K) From: 64K(9728K)->64K(512K)
[210.992s][info][gc,heap        ] GC(555) ParOldGen: 196393K(503296K)->196401K(503296K)
[210.992s][info][gc,metaspace   ] GC(555) Metaspace: 35228K(35904K)->35228K(35904K) NonClass: 26020K(26496K)->26020K(26496K) Class: 9208K(9408K)->9208K(9408K)
[210.992s][info][gc             ] GC(555) Pause Young (Allocation Failure) 414M->191M(706M) 2.291ms
[210.992s][info][gc,cpu         ] GC(555) User=0.00s Sys=0.00s Real=0.01s
[211.135s][info][gc,start       ] GC(556) Pause Young (Allocation Failure)
[211.136s][info][gc,heap        ] GC(556) PSYoungGen: 219200K(219648K)->64K(219648K) Eden: 219136K(219136K)->0K(210944K) From: 64K(512K)->64K(8704K)
[211.136s][info][gc,heap        ] GC(556) ParOldGen: 196401K(503296K)->196409K(503296K)
[211.136s][info][gc,metaspace   ] GC(556) Metaspace: 35228K(35904K)->35228K(35904K) NonClass: 26020K(26496K)->26020K(26496K) Class: 9208K(9408K)->9208K(9408K)
[211.136s][info][gc             ] GC(556) Pause Young (Allocation Failure) 405M->191M(706M) 1.424ms
[211.136s][info][gc,cpu         ] GC(556) User=0.00s Sys=0.00s Real=0.00s
[211.319s][info][gc,start       ] GC(557) Pause Young (Allocation Failure)
[211.321s][info][gc,heap        ] GC(557) PSYoungGen: 211008K(219648K)->64K(203776K) Eden: 210944K(210944K)->0K(203264K) From: 64K(8704K)->64K(512K)
[211.321s][info][gc,heap        ] GC(557) ParOldGen: 196409K(503296K)->196417K(503296K)
[211.321s][info][gc,metaspace   ] GC(557) Metaspace: 35228K(35904K)->35228K(35904K) NonClass: 26020K(26496K)->26020K(26496K) Class: 9208K(9408K)->9208K(9408K)
[211.321s][info][gc             ] GC(557) Pause Young (Allocation Failure) 397M->191M(690M) 2.079ms
[211.321s][info][gc,cpu         ] GC(557) User=0.00s Sys=0.01s Real=0.00s
[211.806s][info][gc,start       ] GC(558) Pause Young (Allocation Failure)
[211.807s][info][gc,heap        ] GC(558) PSYoungGen: 203328K(203776K)->64K(203264K) Eden: 203264K(203264K)->0K(195584K) From: 64K(512K)->64K(7680K)
[211.807s][info][gc,heap        ] GC(558) ParOldGen: 196417K(503296K)->196425K(503296K)
[211.807s][info][gc,metaspace   ] GC(558) Metaspace: 35228K(35904K)->35228K(35904K) NonClass: 26020K(26496K)->26020K(26496K) Class: 9208K(9408K)->9208K(9408K)
[211.807s][info][gc             ] GC(558) Pause Young (Allocation Failure) 390M->191M(690M) 1.872ms
[211.807s][info][gc,cpu         ] GC(558) User=0.00s Sys=0.00s Real=0.00s
[212.012s][info][gc,start       ] GC(559) Pause Young (Allocation Failure)
[212.014s][info][gc,heap        ] GC(559) PSYoungGen: 195648K(203264K)->32K(188928K) Eden: 195584K(195584K)->0K(188416K) From: 64K(7680K)->32K(512K)
[212.014s][info][gc,heap        ] GC(559) ParOldGen: 196425K(503296K)->196433K(503296K)
[212.014s][info][gc,metaspace   ] GC(559) Metaspace: 35228K(35904K)->35228K(35904K) NonClass: 26020K(26496K)->26020K(26496K) Class: 9208K(9408K)->9208K(9408K)
[212.014s][info][gc             ] GC(559) Pause Young (Allocation Failure) 382M->191M(676M) 2.029ms
[212.014s][info][gc,cpu         ] GC(559) User=0.00s Sys=0.00s Real=0.00s
[212.271s][info][gc,start       ] GC(560) Pause Young (Allocation Failure)
[212.290s][info][gc,heap        ] GC(560) PSYoungGen: 188448K(188928K)->6656K(232960K) Eden: 188416K(188416K)->0K(226304K) From: 32K(512K)->6656K(6656K)
[212.290s][info][gc,heap        ] GC(560) ParOldGen: 196433K(503296K)->201993K(503296K)
[212.290s][info][gc,metaspace   ] GC(560) Metaspace: 35228K(35904K)->35228K(35904K) NonClass: 26020K(26496K)->26020K(26496K) Class: 9208K(9408K)->9208K(9408K)
[212.290s][info][gc             ] GC(560) Pause Young (Allocation Failure) 375M->203M(719M) 19.504ms
[212.290s][info][gc,cpu         ] GC(560) User=0.03s Sys=0.00s Real=0.02s
[212.548s][info][gc,start       ] GC(561) Pause Young (Allocation Failure)
[212.588s][info][gc,heap        ] GC(561) PSYoungGen: 232960K(232960K)->6656K(257536K) Eden: 226304K(226304K)->0K(250880K) From: 6656K(6656K)->6656K(6656K)
[212.588s][info][gc,heap        ] GC(561) ParOldGen: 201993K(503296K)->221025K(503296K)
[212.588s][info][gc,metaspace   ] GC(561) Metaspace: 35228K(35904K)->35228K(35904K) NonClass: 26020K(26496K)->26020K(26496K) Class: 9208K(9408K)->9208K(9408K)
[212.588s][info][gc             ] GC(561) Pause Young (Allocation Failure) 424M->222M(743M) 40.317ms
[212.588s][info][gc,cpu         ] GC(561) User=0.08s Sys=0.00s Real=0.04s
[212.850s][info][gc,start       ] GC(562) Pause Young (Allocation Failure)
[212.891s][info][gc,heap        ] GC(562) PSYoungGen: 257536K(257536K)->18432K(269312K) Eden: 250880K(250880K)->0K(250880K) From: 6656K(6656K)->18432K(18432K)
[212.891s][info][gc,heap        ] GC(562) ParOldGen: 221025K(503296K)->227985K(503296K)
[212.891s][info][gc,metaspace   ] GC(562) Metaspace: 35228K(35904K)->35228K(35904K) NonClass: 26020K(26496K)->26020K(26496K) Class: 9208K(9408K)->9208K(9408K)
[212.891s][info][gc             ] GC(562) Pause Young (Allocation Failure) 467M->240M(754M) 40.958ms
[212.891s][info][gc,cpu         ] GC(562) User=0.08s Sys=0.00s Real=0.04s
[212.982s][info][gc,start       ] GC(563) Pause Young (Allocation Failure)
[212.985s][info][gc,heap        ] GC(563) PSYoungGen: 269312K(269312K)->64K(309760K) Eden: 250880K(250880K)->0K(285184K) From: 18432K(18432K)->64K(24576K)
[212.985s][info][gc,heap        ] GC(563) ParOldGen: 227985K(503296K)->228169K(503296K)
[212.985s][info][gc,metaspace   ] GC(563) Metaspace: 35228K(35904K)->35228K(35904K) NonClass: 26020K(26496K)->26020K(26496K) Class: 9208K(9408K)->9208K(9408K)
[212.985s][info][gc             ] GC(563) Pause Young (Allocation Failure) 485M->222M(794M) 2.873ms
[212.985s][info][gc,cpu         ] GC(563) User=0.01s Sys=0.00s Real=0.00s
[213.658s][info][gc,start       ] GC(564) Pause Young (Allocation Failure)
[213.659s][info][gc,heap        ] GC(564) PSYoungGen: 285248K(309760K)->64K(285696K) Eden: 285184K(285184K)->0K(285184K) From: 64K(24576K)->64K(512K)
[213.659s][info][gc,heap        ] GC(564) ParOldGen: 228169K(503296K)->228177K(503296K)
[213.659s][info][gc,metaspace   ] GC(564) Metaspace: 35228K(35904K)->35228K(35904K) NonClass: 26020K(26496K)->26020K(26496K) Class: 9208K(9408K)->9208K(9408K)
[213.659s][info][gc             ] GC(564) Pause Young (Allocation Failure) 501M->222M(770M) 1.070ms
[213.659s][info][gc,cpu         ] GC(564) User=0.00s Sys=0.00s Real=0.00s
[214.017s][info][gc,start       ] GC(565) Pause Young (Allocation Failure)
[214.019s][info][gc,heap        ] GC(565) PSYoungGen: 285248K(285696K)->64K(309248K) Eden: 285184K(285184K)->0K(286208K) From: 64K(512K)->64K(23040K)
[214.019s][info][gc,heap        ] GC(565) ParOldGen: 228177K(503296K)->228185K(503296K)
[214.019s][info][gc,metaspace   ] GC(565) Metaspace: 35228K(35904K)->35228K(35904K) NonClass: 26020K(26496K)->26020K(26496K) Class: 9208K(9408K)->9208K(9408K)
[214.019s][info][gc             ] GC(565) Pause Young (Allocation Failure) 501M->222M(793M) 1.068ms
[214.019s][info][gc,cpu         ] GC(565) User=0.00s Sys=0.00s Real=0.00s
[214.406s][info][gc,start       ] GC(566) Pause Young (Allocation Failure)
[214.407s][info][gc,heap        ] GC(566) PSYoungGen: 286272K(309248K)->64K(308224K) Eden: 286208K(286208K)->0K(286208K) From: 64K(23040K)->64K(22016K)
[214.407s][info][gc,heap        ] GC(566) ParOldGen: 228185K(503296K)->228201K(503296K)
[214.407s][info][gc,metaspace   ] GC(566) Metaspace: 35228K(35904K)->35228K(35904K) NonClass: 26020K(26496K)->26020K(26496K) Class: 9208K(9408K)->9208K(9408K)
[214.407s][info][gc             ] GC(566) Pause Young (Allocation Failure) 502M->222M(792M) 1.127ms
[214.407s][info][gc,cpu         ] GC(566) User=0.00s Sys=0.00s Real=0.00s
[214.609s][info][gc,start       ] GC(567) Pause Young (Allocation Failure)
[214.610s][info][gc,heap        ] GC(567) PSYoungGen: 286272K(308224K)->64K(310272K) Eden: 286208K(286208K)->0K(289280K) From: 64K(22016K)->64K(20992K)
[214.610s][info][gc,heap        ] GC(567) ParOldGen: 228201K(503296K)->228217K(503296K)
[214.610s][info][gc,metaspace   ] GC(567) Metaspace: 35228K(35904K)->35228K(35904K) NonClass: 26020K(26496K)->26020K(26496K) Class: 9208K(9408K)->9208K(9408K)
[214.611s][info][gc             ] GC(567) Pause Young (Allocation Failure) 502M->222M(794M) 1.034ms
[214.611s][info][gc,cpu         ] GC(567) User=0.00s Sys=0.00s Real=0.00s
[214.952s][info][gc,start       ] GC(568) Pause Young (Allocation Failure)
[214.953s][info][gc,heap        ] GC(568) PSYoungGen: 289344K(310272K)->64K(309760K) Eden: 289280K(289280K)->0K(289280K) From: 64K(20992K)->64K(20480K)
[214.953s][info][gc,heap        ] GC(568) ParOldGen: 228217K(503296K)->228217K(503296K)
[214.953s][info][gc,metaspace   ] GC(568) Metaspace: 35228K(35904K)->35228K(35904K) NonClass: 26020K(26496K)->26020K(26496K) Class: 9208K(9408K)->9208K(9408K)
[214.953s][info][gc             ] GC(568) Pause Young (Allocation Failure) 505M->222M(794M) 1.081ms
[214.953s][info][gc,cpu         ] GC(568) User=0.01s Sys=0.00s Real=0.01s
[215.023s][info][gc,start       ] GC(569) Pause Young (Allocation Failure)
[215.024s][info][gc,heap        ] GC(569) PSYoungGen: 289344K(309760K)->64K(312320K) Eden: 289280K(289280K)->0K(293376K) From: 64K(20480K)->64K(18944K)
[215.024s][info][gc,heap        ] GC(569) ParOldGen: 228217K(503296K)->228225K(503296K)
[215.024s][info][gc,metaspace   ] GC(569) Metaspace: 35228K(35904K)->35228K(35904K) NonClass: 26020K(26496K)->26020K(26496K) Class: 9208K(9408K)->9208K(9408K)
[215.024s][info][gc             ] GC(569) Pause Young (Allocation Failure) 505M->222M(796M) 0.990ms
[215.024s][info][gc,cpu         ] GC(569) User=0.01s Sys=0.00s Real=0.00s
[215.078s][info][gc,start       ] GC(570) Pause Young (Allocation Failure)
[215.079s][info][gc,heap        ] GC(570) PSYoungGen: 293440K(312320K)->64K(311808K) Eden: 293376K(293376K)->0K(293376K) From: 64K(18944K)->64K(18432K)
[215.079s][info][gc,heap        ] GC(570) ParOldGen: 228225K(503296K)->228241K(503296K)
[215.079s][info][gc,metaspace   ] GC(570) Metaspace: 35228K(35904K)->35228K(35904K) NonClass: 26020K(26496K)->26020K(26496K) Class: 9208K(9408K)->9208K(9408K)
[215.079s][info][gc             ] GC(570) Pause Young (Allocation Failure) 509M->222M(796M) 0.948ms
[215.079s][info][gc,cpu         ] GC(570) User=0.00s Sys=0.00s Real=0.00s
[215.244s][info][gc,start       ] GC(571) Pause Young (Allocation Failure)
[215.245s][info][gc,heap        ] GC(571) PSYoungGen: 293440K(311808K)->64K(314368K) Eden: 293376K(293376K)->0K(297472K) From: 64K(18432K)->64K(16896K)
[215.245s][info][gc,heap        ] GC(571) ParOldGen: 228241K(503296K)->228241K(503296K)
[215.245s][info][gc,metaspace   ] GC(571) Metaspace: 35228K(35904K)->35228K(35904K) NonClass: 26020K(26496K)->26020K(26496K) Class: 9208K(9408K)->9208K(9408K)
[215.245s][info][gc             ] GC(571) Pause Young (Allocation Failure) 509M->222M(798M) 0.933ms
[215.245s][info][gc,cpu         ] GC(571) User=0.00s Sys=0.00s Real=0.00s
[215.463s][info][gc,start       ] GC(572) Pause Young (Allocation Failure)
[215.464s][info][gc,heap        ] GC(572) PSYoungGen: 297536K(314368K)->64K(313856K) Eden: 297472K(297472K)->0K(297472K) From: 64K(16896K)->64K(16384K)
[215.464s][info][gc,heap        ] GC(572) ParOldGen: 228241K(503296K)->228249K(503296K)
[215.464s][info][gc,metaspace   ] GC(572) Metaspace: 35228K(35904K)->35228K(35904K) NonClass: 26020K(26496K)->26020K(26496K) Class: 9208K(9408K)->9208K(9408K)
[215.464s][info][gc             ] GC(572) Pause Young (Allocation Failure) 513M->222M(798M) 1.018ms
[215.464s][info][gc,cpu         ] GC(572) User=0.00s Sys=0.00s Real=0.00s
[215.583s][info][gc,start       ] GC(573) Pause Young (Allocation Failure)
[215.584s][info][gc,heap        ] GC(573) PSYoungGen: 297536K(313856K)->64K(286208K) Eden: 297472K(297472K)->0K(285696K) From: 64K(16384K)->64K(512K)
[215.584s][info][gc,heap        ] GC(573) ParOldGen: 228249K(503296K)->228257K(503296K)
[215.584s][info][gc,metaspace   ] GC(573) Metaspace: 35228K(35904K)->35228K(35904K) NonClass: 26020K(26496K)->26020K(26496K) Class: 9208K(9408K)->9208K(9408K)
[215.584s][info][gc             ] GC(573) Pause Young (Allocation Failure) 513M->222M(771M) 1.039ms
[215.584s][info][gc,cpu         ] GC(573) User=0.01s Sys=0.01s Real=0.00s
[215.681s][info][gc,start       ] GC(574) Pause Young (Allocation Failure)
[215.682s][info][gc,heap        ] GC(574) PSYoungGen: 285760K(286208K)->64K(288768K) Eden: 285696K(285696K)->0K(274432K) From: 64K(512K)->64K(14336K)
[215.682s][info][gc,heap        ] GC(574) ParOldGen: 228257K(503296K)->228265K(503296K)
[215.682s][info][gc,metaspace   ] GC(574) Metaspace: 35228K(35904K)->35228K(35904K) NonClass: 26020K(26496K)->26020K(26496K) Class: 9208K(9408K)->9208K(9408K)
[215.682s][info][gc             ] GC(574) Pause Young (Allocation Failure) 501M->222M(773M) 0.936ms
[215.682s][info][gc,cpu         ] GC(574) User=0.00s Sys=0.00s Real=0.01s
[215.858s][info][gc,start       ] GC(575) Pause Young (Allocation Failure)
[215.859s][info][gc,heap        ] GC(575) PSYoungGen: 274496K(288768K)->64K(264192K) Eden: 274432K(274432K)->0K(263680K) From: 64K(14336K)->64K(512K)
[215.859s][info][gc,heap        ] GC(575) ParOldGen: 228265K(503296K)->228273K(503296K)
[215.859s][info][gc,metaspace   ] GC(575) Metaspace: 35228K(35904K)->35228K(35904K) NonClass: 26020K(26496K)->26020K(26496K) Class: 9208K(9408K)->9208K(9408K)
[215.859s][info][gc             ] GC(575) Pause Young (Allocation Failure) 490M->222M(749M) 1.004ms
[215.859s][info][gc,cpu         ] GC(575) User=0.00s Sys=0.00s Real=0.00s
[216.723s][info][gc,start       ] GC(576) Pause Young (Allocation Failure)
[216.724s][info][gc,heap        ] GC(576) PSYoungGen: 263744K(264192K)->64K(266240K) Eden: 263680K(263680K)->0K(253440K) From: 64K(512K)->64K(12800K)
[216.724s][info][gc,heap        ] GC(576) ParOldGen: 228273K(503296K)->228281K(503296K)
[216.724s][info][gc,metaspace   ] GC(576) Metaspace: 35228K(35904K)->35228K(35904K) NonClass: 26020K(26496K)->26020K(26496K) Class: 9208K(9408K)->9208K(9408K)
[216.724s][info][gc             ] GC(576) Pause Young (Allocation Failure) 480M->222M(751M) 0.991ms
[216.724s][info][gc,cpu         ] GC(576) User=0.00s Sys=0.00s Real=0.00s
[217.539s][info][gc,start       ] GC(577) Pause Young (Allocation Failure)
[217.541s][info][gc,heap        ] GC(577) PSYoungGen: 253504K(266240K)->64K(244224K) Eden: 253440K(253440K)->0K(243712K) From: 64K(12800K)->64K(512K)
[217.541s][info][gc,heap        ] GC(577) ParOldGen: 228281K(503296K)->228289K(503296K)
[217.541s][info][gc,metaspace   ] GC(577) Metaspace: 35228K(35904K)->35228K(35904K) NonClass: 26020K(26496K)->26020K(26496K) Class: 9208K(9408K)->9208K(9408K)
[217.541s][info][gc             ] GC(577) Pause Young (Allocation Failure) 470M->223M(730M) 1.438ms
[217.541s][info][gc,cpu         ] GC(577) User=0.00s Sys=0.00s Real=0.00s
[217.819s][info][gc,start       ] GC(578) Pause Young (Allocation Failure)
[217.820s][info][gc,heap        ] GC(578) PSYoungGen: 243776K(244224K)->64K(245760K) Eden: 243712K(243712K)->0K(234496K) From: 64K(512K)->64K(11264K)
[217.820s][info][gc,heap        ] GC(578) ParOldGen: 228289K(503296K)->228297K(503296K)
[217.820s][info][gc,metaspace   ] GC(578) Metaspace: 35228K(35904K)->35228K(35904K) NonClass: 26020K(26496K)->26020K(26496K) Class: 9208K(9408K)->9208K(9408K)
[217.820s][info][gc             ] GC(578) Pause Young (Allocation Failure) 461M->223M(731M) 1.015ms
[217.820s][info][gc,cpu         ] GC(578) User=0.01s Sys=0.00s Real=0.00s
[218.213s][info][gc,start       ] GC(579) Pause Young (Allocation Failure)
[218.215s][info][gc,heap        ] GC(579) PSYoungGen: 234560K(245760K)->32K(226304K) Eden: 234496K(234496K)->0K(225792K) From: 64K(11264K)->32K(512K)
[218.215s][info][gc,heap        ] GC(579) ParOldGen: 228297K(503296K)->228305K(503296K)
[218.215s][info][gc,metaspace   ] GC(579) Metaspace: 35228K(35904K)->35228K(35904K) NonClass: 26020K(26496K)->26020K(26496K) Class: 9208K(9408K)->9208K(9408K)
[218.215s][info][gc             ] GC(579) Pause Young (Allocation Failure) 452M->222M(712M) 2.457ms
[218.216s][info][gc,cpu         ] GC(579) User=0.00s Sys=0.00s Real=0.00s
[219.109s][info][gc,start       ] GC(580) Pause Young (Allocation Failure)
[219.111s][info][gc,heap        ] GC(580) PSYoungGen: 225824K(226304K)->32K(226816K) Eden: 225792K(225792K)->0K(217088K) From: 32K(512K)->32K(9728K)
[219.111s][info][gc,heap        ] GC(580) ParOldGen: 228305K(503296K)->228313K(503296K)
[219.111s][info][gc,metaspace   ] GC(580) Metaspace: 35228K(35904K)->35228K(35904K) NonClass: 26020K(26496K)->26020K(26496K) Class: 9208K(9408K)->9208K(9408K)
[219.111s][info][gc             ] GC(580) Pause Young (Allocation Failure) 443M->222M(713M) 1.692ms
[219.111s][info][gc,cpu         ] GC(580) User=0.01s Sys=0.00s Real=0.00s
[219.433s][info][gc,start       ] GC(581) Pause Young (Allocation Failure)
[219.435s][info][gc,heap        ] GC(581) PSYoungGen: 217120K(226816K)->64K(209408K) Eden: 217088K(217088K)->0K(208896K) From: 32K(9728K)->64K(512K)
[219.435s][info][gc,heap        ] GC(581) ParOldGen: 228313K(503296K)->228329K(503296K)
[219.435s][info][gc,metaspace   ] GC(581) Metaspace: 35228K(35904K)->35228K(35904K) NonClass: 26020K(26496K)->26020K(26496K) Class: 9208K(9408K)->9208K(9408K)
[219.435s][info][gc             ] GC(581) Pause Young (Allocation Failure) 434M->223M(696M) 2.489ms
[219.435s][info][gc,cpu         ] GC(581) User=0.00s Sys=0.00s Real=0.00s
[219.575s][info][gc,start       ] GC(582) Pause Young (Allocation Failure)
[219.576s][info][gc,heap        ] GC(582) PSYoungGen: 208960K(209408K)->64K(209408K) Eden: 208896K(208896K)->0K(201216K) From: 64K(512K)->64K(8192K)
[219.576s][info][gc,heap        ] GC(582) ParOldGen: 228329K(503296K)->228345K(503296K)
[219.576s][info][gc,metaspace   ] GC(582) Metaspace: 35228K(35904K)->35228K(35904K) NonClass: 26020K(26496K)->26020K(26496K) Class: 9208K(9408K)->9208K(9408K)
[219.576s][info][gc             ] GC(582) Pause Young (Allocation Failure) 427M->223M(696M) 1.409ms
[219.576s][info][gc,cpu         ] GC(582) User=0.00s Sys=0.00s Real=0.00s
[219.713s][info][gc,start       ] GC(583) Pause Young (Allocation Failure)
[219.715s][info][gc,heap        ] GC(583) PSYoungGen: 201280K(209408K)->64K(194560K) Eden: 201216K(201216K)->0K(194048K) From: 64K(8192K)->64K(512K)
[219.715s][info][gc,heap        ] GC(583) ParOldGen: 228345K(503296K)->228353K(503296K)
[219.715s][info][gc,metaspace   ] GC(583) Metaspace: 35228K(35904K)->35228K(35904K) NonClass: 26020K(26496K)->26020K(26496K) Class: 9208K(9408K)->9208K(9408K)
[219.715s][info][gc             ] GC(583) Pause Young (Allocation Failure) 419M->223M(681M) 2.092ms
[219.715s][info][gc,cpu         ] GC(583) User=0.00s Sys=0.00s Real=0.00s
[220.221s][info][gc,start       ] GC(584) Pause Young (Allocation Failure)
[220.222s][info][gc,heap        ] GC(584) PSYoungGen: 194112K(194560K)->64K(194048K) Eden: 194048K(194048K)->0K(186880K) From: 64K(512K)->64K(7168K)
[220.222s][info][gc,heap        ] GC(584) ParOldGen: 228353K(503296K)->228369K(503296K)
[220.222s][info][gc,metaspace   ] GC(584) Metaspace: 35228K(35904K)->35228K(35904K) NonClass: 26020K(26496K)->26020K(26496K) Class: 9208K(9408K)->9208K(9408K)
[220.222s][info][gc             ] GC(584) Pause Young (Allocation Failure) 412M->223M(681M) 1.469ms
[220.222s][info][gc,cpu         ] GC(584) User=0.00s Sys=0.00s Real=0.01s
[220.401s][info][gc,start       ] GC(585) Pause Young (Allocation Failure)
[220.402s][info][gc,heap        ] GC(585) PSYoungGen: 186944K(194048K)->64K(180736K) Eden: 186880K(186880K)->0K(180224K) From: 64K(7168K)->64K(512K)
[220.402s][info][gc,heap        ] GC(585) ParOldGen: 228369K(503296K)->228369K(503296K)
[220.402s][info][gc,metaspace   ] GC(585) Metaspace: 35228K(35904K)->35228K(35904K) NonClass: 26020K(26496K)->26020K(26496K) Class: 9208K(9408K)->9208K(9408K)
[220.402s][info][gc             ] GC(585) Pause Young (Allocation Failure) 405M->223M(668M) 1.884ms
[220.402s][info][gc,cpu         ] GC(585) User=0.00s Sys=0.00s Real=0.01s
[220.663s][info][gc,start       ] GC(586) Pause Young (Allocation Failure)
[220.684s][info][gc,heap        ] GC(586) PSYoungGen: 180288K(180736K)->6144K(222720K) Eden: 180224K(180224K)->0K(216576K) From: 64K(512K)->6144K(6144K)
[220.684s][info][gc,heap        ] GC(586) ParOldGen: 228369K(503296K)->229401K(503296K)
[220.684s][info][gc,metaspace   ] GC(586) Metaspace: 35228K(35904K)->35228K(35904K) NonClass: 26020K(26496K)->26020K(26496K) Class: 9208K(9408K)->9208K(9408K)
[220.684s][info][gc             ] GC(586) Pause Young (Allocation Failure) 399M->230M(709M) 21.380ms
[220.684s][info][gc,cpu         ] GC(586) User=0.02s Sys=0.00s Real=0.02s
[220.932s][info][gc,start       ] GC(587) Pause Young (Allocation Failure)
[220.970s][info][gc,heap        ] GC(587) PSYoungGen: 222720K(222720K)->6144K(244736K) Eden: 216576K(216576K)->0K(238592K) From: 6144K(6144K)->6144K(6144K)
[220.970s][info][gc,heap        ] GC(587) ParOldGen: 229401K(503296K)->247729K(503296K)
[220.970s][info][gc,metaspace   ] GC(587) Metaspace: 35228K(35904K)->35228K(35904K) NonClass: 26020K(26496K)->26020K(26496K) Class: 9208K(9408K)->9208K(9408K)
[220.970s][info][gc             ] GC(587) Pause Young (Allocation Failure) 441M->247M(730M) 38.161ms
[220.970s][info][gc,cpu         ] GC(587) User=0.07s Sys=0.00s Real=0.03s
[221.243s][info][gc,start       ] GC(588) Pause Young (Allocation Failure)
[221.287s][info][gc,heap        ] GC(588) PSYoungGen: 244736K(244736K)->15872K(254464K) Eden: 238592K(238592K)->0K(238592K) From: 6144K(6144K)->15872K(15872K)
[221.287s][info][gc,heap        ] GC(588) ParOldGen: 247729K(503296K)->259265K(503296K)
[221.287s][info][gc,metaspace   ] GC(588) Metaspace: 35228K(35904K)->35228K(35904K) NonClass: 26020K(26496K)->26020K(26496K) Class: 9208K(9408K)->9208K(9408K)
[221.287s][info][gc             ] GC(588) Pause Young (Allocation Failure) 480M->268M(740M) 44.003ms
[221.287s][info][gc,cpu         ] GC(588) User=0.08s Sys=0.00s Real=0.04s
[221.381s][info][gc,start       ] GC(589) Pause Young (Allocation Failure)
[221.393s][info][gc,heap        ] GC(589) PSYoungGen: 254464K(254464K)->4160K(307200K) Eden: 238592K(238592K)->0K(286720K) From: 15872K(15872K)->4160K(20480K)
[221.393s][info][gc,heap        ] GC(589) ParOldGen: 259265K(503296K)->259569K(503296K)
[221.393s][info][gc,metaspace   ] GC(589) Metaspace: 35228K(35904K)->35228K(35904K) NonClass: 26020K(26496K)->26020K(26496K) Class: 9208K(9408K)->9208K(9408K)
[221.393s][info][gc             ] GC(589) Pause Young (Allocation Failure) 501M->257M(791M) 11.959ms
[221.393s][info][gc,cpu         ] GC(589) User=0.02s Sys=0.00s Real=0.02s
[221.941s][info][gc,start       ] GC(590) Pause Young (Allocation Failure)
[221.942s][info][gc,heap        ] GC(590) PSYoungGen: 290880K(307200K)->64K(308736K) Eden: 286720K(286720K)->0K(286720K) From: 4160K(20480K)->64K(22016K)
[221.942s][info][gc,heap        ] GC(590) ParOldGen: 259569K(503296K)->259577K(503296K)
[221.942s][info][gc,metaspace   ] GC(590) Metaspace: 35228K(35904K)->35228K(35904K) NonClass: 26020K(26496K)->26020K(26496K) Class: 9208K(9408K)->9208K(9408K)
[221.942s][info][gc             ] GC(590) Pause Young (Allocation Failure) 537M->253M(793M) 1.167ms
[221.942s][info][gc,cpu         ] GC(590) User=0.00s Sys=0.00s Real=0.01s
[222.411s][info][gc,start       ] GC(591) Pause Young (Allocation Failure)
[222.412s][info][gc,heap        ] GC(591) PSYoungGen: 286784K(308736K)->64K(310272K) Eden: 286720K(286720K)->0K(290304K) From: 64K(22016K)->64K(19968K)
[222.412s][info][gc,heap        ] GC(591) ParOldGen: 259577K(503296K)->259585K(503296K)
[222.412s][info][gc,metaspace   ] GC(591) Metaspace: 35228K(35904K)->35228K(35904K) NonClass: 26020K(26496K)->26020K(26496K) Class: 9208K(9408K)->9208K(9408K)
[222.412s][info][gc             ] GC(591) Pause Young (Allocation Failure) 533M->253M(794M) 1.090ms
[222.412s][info][gc,cpu         ] GC(591) User=0.00s Sys=0.00s Real=0.00s
[222.828s][info][gc,start       ] GC(592) Pause Young (Allocation Failure)
[222.829s][info][gc,heap        ] GC(592) PSYoungGen: 290368K(310272K)->64K(311296K) Eden: 290304K(290304K)->0K(290304K) From: 64K(19968K)->64K(20992K)
[222.829s][info][gc,heap        ] GC(592) ParOldGen: 259585K(503296K)->259601K(503296K)
[222.829s][info][gc,metaspace   ] GC(592) Metaspace: 35228K(35904K)->35228K(35904K) NonClass: 26020K(26496K)->26020K(26496K) Class: 9208K(9408K)->9208K(9408K)
[222.829s][info][gc             ] GC(592) Pause Young (Allocation Failure) 537M->253M(795M) 1.157ms
[222.829s][info][gc,cpu         ] GC(592) User=0.01s Sys=0.00s Real=0.00s
[223.036s][info][gc,start       ] GC(593) Pause Young (Allocation Failure)
[223.037s][info][gc,heap        ] GC(593) PSYoungGen: 290368K(311296K)->64K(311808K) Eden: 290304K(290304K)->0K(292864K) From: 64K(20992K)->64K(18944K)
[223.037s][info][gc,heap        ] GC(593) ParOldGen: 259601K(503296K)->259617K(503296K)
[223.037s][info][gc,metaspace   ] GC(593) Metaspace: 35228K(35904K)->35228K(35904K) NonClass: 26020K(26496K)->26020K(26496K) Class: 9208K(9408K)->9208K(9408K)
[223.037s][info][gc             ] GC(593) Pause Young (Allocation Failure) 537M->253M(796M) 1.084ms
[223.037s][info][gc,cpu         ] GC(593) User=0.00s Sys=0.00s Real=0.00s
[223.359s][info][gc,start       ] GC(594) Pause Young (Allocation Failure)
[223.360s][info][gc,heap        ] GC(594) PSYoungGen: 292928K(311808K)->64K(312320K) Eden: 292864K(292864K)->0K(292864K) From: 64K(18944K)->64K(19456K)
[223.360s][info][gc,heap        ] GC(594) ParOldGen: 259617K(503296K)->259617K(503296K)
[223.360s][info][gc,metaspace   ] GC(594) Metaspace: 35228K(35904K)->35228K(35904K) NonClass: 26020K(26496K)->26020K(26496K) Class: 9208K(9408K)->9208K(9408K)
[223.360s][info][gc             ] GC(594) Pause Young (Allocation Failure) 539M->253M(796M) 1.113ms
[223.360s][info][gc,cpu         ] GC(594) User=0.00s Sys=0.00s Real=0.00s
[223.485s][info][gc,start       ] GC(595) Pause Young (Allocation Failure)
[223.486s][info][gc,heap        ] GC(595) PSYoungGen: 292928K(312320K)->64K(312832K) Eden: 292864K(292864K)->0K(295936K) From: 64K(19456K)->64K(16896K)
[223.486s][info][gc,heap        ] GC(595) ParOldGen: 259617K(503296K)->259625K(503296K)
[223.486s][info][gc,metaspace   ] GC(595) Metaspace: 35228K(35904K)->35228K(35904K) NonClass: 26020K(26496K)->26020K(26496K) Class: 9208K(9408K)->9208K(9408K)
[223.486s][info][gc             ] GC(595) Pause Young (Allocation Failure) 539M->253M(797M) 1.029ms
[223.486s][info][gc,cpu         ] GC(595) User=0.00s Sys=0.00s Real=0.00s
[223.539s][info][gc,start       ] GC(596) Pause Young (Allocation Failure)
[223.540s][info][gc,heap        ] GC(596) PSYoungGen: 296000K(312832K)->32K(313344K) Eden: 295936K(295936K)->0K(295936K) From: 64K(16896K)->32K(17408K)
[223.540s][info][gc,heap        ] GC(596) ParOldGen: 259625K(503296K)->259641K(503296K)
[223.540s][info][gc,metaspace   ] GC(596) Metaspace: 35228K(35904K)->35228K(35904K) NonClass: 26020K(26496K)->26020K(26496K) Class: 9208K(9408K)->9208K(9408K)
[223.540s][info][gc             ] GC(596) Pause Young (Allocation Failure) 542M->253M(797M) 1.011ms
[223.540s][info][gc,cpu         ] GC(596) User=0.00s Sys=0.00s Real=0.00s
[223.675s][info][gc,start       ] GC(597) Pause Young (Allocation Failure)
[223.676s][info][gc,heap        ] GC(597) PSYoungGen: 295968K(313344K)->64K(315904K) Eden: 295936K(295936K)->0K(300032K) From: 32K(17408K)->64K(15872K)
[223.676s][info][gc,heap        ] GC(597) ParOldGen: 259641K(503296K)->259641K(503296K)
[223.676s][info][gc,metaspace   ] GC(597) Metaspace: 35228K(35904K)->35228K(35904K) NonClass: 26020K(26496K)->26020K(26496K) Class: 9208K(9408K)->9208K(9408K)
[223.676s][info][gc             ] GC(597) Pause Young (Allocation Failure) 542M->253M(800M) 1.019ms
[223.676s][info][gc,cpu         ] GC(597) User=0.00s Sys=0.00s Real=0.00s
[223.897s][info][gc,start       ] GC(598) Pause Young (Allocation Failure)
[223.898s][info][gc,heap        ] GC(598) PSYoungGen: 300096K(315904K)->64K(315904K) Eden: 300032K(300032K)->0K(300032K) From: 64K(15872K)->64K(15872K)
[223.898s][info][gc,heap        ] GC(598) ParOldGen: 259641K(503296K)->259649K(503296K)
[223.898s][info][gc,metaspace   ] GC(598) Metaspace: 35228K(35904K)->35228K(35904K) NonClass: 26020K(26496K)->26020K(26496K) Class: 9208K(9408K)->9208K(9408K)
[223.898s][info][gc             ] GC(598) Pause Young (Allocation Failure) 546M->253M(800M) 1.040ms
[223.899s][info][gc,cpu         ] GC(598) User=0.00s Sys=0.00s Real=0.00s
[224.040s][info][gc,start       ] GC(599) Pause Young (Allocation Failure)
[224.041s][info][gc,heap        ] GC(599) PSYoungGen: 300096K(315904K)->64K(316928K) Eden: 300032K(300032K)->0K(303104K) From: 64K(15872K)->64K(13824K)
[224.041s][info][gc,heap        ] GC(599) ParOldGen: 259649K(503296K)->259657K(503296K)
[224.041s][info][gc,metaspace   ] GC(599) Metaspace: 35228K(35904K)->35228K(35904K) NonClass: 26020K(26496K)->26020K(26496K) Class: 9208K(9408K)->9208K(9408K)
[224.041s][info][gc             ] GC(599) Pause Young (Allocation Failure) 546M->253M(801M) 1.029ms
[224.041s][info][gc,cpu         ] GC(599) User=0.00s Sys=0.00s Real=0.00s
[224.137s][info][gc,start       ] GC(600) Pause Young (Allocation Failure)
[224.138s][info][gc,heap        ] GC(600) PSYoungGen: 303168K(316928K)->64K(316928K) Eden: 303104K(303104K)->0K(303104K) From: 64K(13824K)->64K(13824K)
[224.138s][info][gc,heap        ] GC(600) ParOldGen: 259657K(503296K)->259665K(503296K)
[224.138s][info][gc,metaspace   ] GC(600) Metaspace: 35228K(35904K)->35228K(35904K) NonClass: 26020K(26496K)->26020K(26496K) Class: 9208K(9408K)->9208K(9408K)
[224.138s][info][gc             ] GC(600) Pause Young (Allocation Failure) 549M->253M(801M) 1.093ms
[224.138s][info][gc,cpu         ] GC(600) User=0.00s Sys=0.00s Real=0.00s
[224.332s][info][gc,start       ] GC(601) Pause Young (Allocation Failure)
[224.333s][info][gc,heap        ] GC(601) PSYoungGen: 303168K(316928K)->64K(291328K) Eden: 303104K(303104K)->0K(290816K) From: 64K(13824K)->64K(512K)
[224.333s][info][gc,heap        ] GC(601) ParOldGen: 259665K(503296K)->259673K(503296K)
[224.333s][info][gc,metaspace   ] GC(601) Metaspace: 35228K(35904K)->35228K(35904K) NonClass: 26020K(26496K)->26020K(26496K) Class: 9208K(9408K)->9208K(9408K)
[224.333s][info][gc             ] GC(601) Pause Young (Allocation Failure) 549M->253M(776M) 1.204ms
[224.333s][info][gc,cpu         ] GC(601) User=0.00s Sys=0.00s Real=0.01s
[225.216s][info][gc,start       ] GC(602) Pause Young (Allocation Failure)
[225.217s][info][gc,heap        ] GC(602) PSYoungGen: 290880K(291328K)->83K(291328K) Eden: 290816K(290816K)->0K(279040K) From: 64K(512K)->83K(12288K)
[225.217s][info][gc,heap        ] GC(602) ParOldGen: 259673K(503296K)->259681K(503296K)
[225.217s][info][gc,metaspace   ] GC(602) Metaspace: 35228K(35904K)->35228K(35904K) NonClass: 26020K(26496K)->26020K(26496K) Class: 9208K(9408K)->9208K(9408K)
[225.217s][info][gc             ] GC(602) Pause Young (Allocation Failure) 537M->253M(776M) 1.062ms
[225.217s][info][gc,cpu         ] GC(602) User=0.00s Sys=0.00s Real=0.00s
[226.085s][info][gc,start       ] GC(603) Pause Young (Allocation Failure)
[226.086s][info][gc,heap        ] GC(603) PSYoungGen: 279123K(291328K)->64K(268288K) Eden: 279040K(279040K)->0K(267776K) From: 83K(12288K)->64K(512K)
[226.086s][info][gc,heap        ] GC(603) ParOldGen: 259681K(503296K)->259689K(503296K)
[226.086s][info][gc,metaspace   ] GC(603) Metaspace: 35228K(35904K)->35228K(35904K) NonClass: 26020K(26496K)->26020K(26496K) Class: 9208K(9408K)->9208K(9408K)
[226.086s][info][gc             ] GC(603) Pause Young (Allocation Failure) 526M->253M(753M) 1.719ms
[226.086s][info][gc,cpu         ] GC(603) User=0.00s Sys=0.00s Real=0.00s
[226.467s][info][gc,start       ] GC(604) Pause Young (Allocation Failure)
[226.468s][info][gc,heap        ] GC(604) PSYoungGen: 267840K(268288K)->64K(267776K) Eden: 267776K(267776K)->0K(257024K) From: 64K(512K)->64K(10752K)
[226.468s][info][gc,heap        ] GC(604) ParOldGen: 259689K(503296K)->259697K(503296K)
[226.468s][info][gc,metaspace   ] GC(604) Metaspace: 35228K(35904K)->35228K(35904K) NonClass: 26020K(26496K)->26020K(26496K) Class: 9208K(9408K)->9208K(9408K)
[226.468s][info][gc             ] GC(604) Pause Young (Allocation Failure) 515M->253M(753M) 1.309ms
[226.468s][info][gc,cpu         ] GC(604) User=0.00s Sys=0.00s Real=0.00s
[227.480s][info][gc,start       ] GC(605) Pause Young (Allocation Failure)
[227.483s][info][gc,heap        ] GC(605) PSYoungGen: 257088K(267776K)->64K(247296K) Eden: 257024K(257024K)->0K(246784K) From: 64K(10752K)->64K(512K)
[227.483s][info][gc,heap        ] GC(605) ParOldGen: 259697K(503296K)->259713K(503296K)
[227.483s][info][gc,metaspace   ] GC(605) Metaspace: 35228K(35904K)->35228K(35904K) NonClass: 26020K(26496K)->26020K(26496K) Class: 9208K(9408K)->9208K(9408K)
[227.483s][info][gc             ] GC(605) Pause Young (Allocation Failure) 504M->253M(733M) 2.204ms
[227.483s][info][gc,cpu         ] GC(605) User=0.00s Sys=0.00s Real=0.01s
[227.871s][info][gc,start       ] GC(606) Pause Young (Allocation Failure)
[227.872s][info][gc,heap        ] GC(606) PSYoungGen: 246848K(247296K)->64K(246784K) Eden: 246784K(246784K)->0K(237056K) From: 64K(512K)->64K(9728K)
[227.873s][info][gc,heap        ] GC(606) ParOldGen: 259713K(503296K)->259721K(503296K)
[227.873s][info][gc,metaspace   ] GC(606) Metaspace: 35228K(35904K)->35228K(35904K) NonClass: 26020K(26496K)->26020K(26496K) Class: 9208K(9408K)->9208K(9408K)
[227.873s][info][gc             ] GC(606) Pause Young (Allocation Failure) 494M->253M(732M) 1.698ms
[227.873s][info][gc,cpu         ] GC(606) User=0.00s Sys=0.00s Real=0.01s
[228.064s][info][gc,start       ] GC(607) Pause Young (Allocation Failure)
[228.066s][info][gc,heap        ] GC(607) PSYoungGen: 237120K(246784K)->64K(228352K) Eden: 237056K(237056K)->0K(227840K) From: 64K(9728K)->64K(512K)
[228.066s][info][gc,heap        ] GC(607) ParOldGen: 259721K(503296K)->259729K(503296K)
[228.066s][info][gc,metaspace   ] GC(607) Metaspace: 35228K(35904K)->35228K(35904K) NonClass: 26020K(26496K)->26020K(26496K) Class: 9208K(9408K)->9208K(9408K)
[228.066s][info][gc             ] GC(607) Pause Young (Allocation Failure) 485M->253M(714M) 2.313ms
[228.066s][info][gc,cpu         ] GC(607) User=0.00s Sys=0.00s Real=0.00s
[228.150s][info][gc,start       ] GC(608) Pause Young (Allocation Failure)
[228.151s][info][gc,heap        ] GC(608) PSYoungGen: 227904K(228352K)->64K(227328K) Eden: 227840K(227840K)->0K(219136K) From: 64K(512K)->64K(8192K)
[228.151s][info][gc,heap        ] GC(608) ParOldGen: 259729K(503296K)->259737K(503296K)
[228.151s][info][gc,metaspace   ] GC(608) Metaspace: 35228K(35904K)->35228K(35904K) NonClass: 26020K(26496K)->26020K(26496K) Class: 9208K(9408K)->9208K(9408K)
[228.151s][info][gc             ] GC(608) Pause Young (Allocation Failure) 476M->253M(713M) 1.484ms
[228.151s][info][gc,cpu         ] GC(608) User=0.00s Sys=0.00s Real=0.00s
[228.676s][info][gc,start       ] GC(609) Pause Young (Allocation Failure)
[228.678s][info][gc,heap        ] GC(609) PSYoungGen: 219200K(227328K)->64K(211456K) Eden: 219136K(219136K)->0K(210944K) From: 64K(8192K)->64K(512K)
[228.678s][info][gc,heap        ] GC(609) ParOldGen: 259737K(503296K)->259745K(503296K)
[228.678s][info][gc,metaspace   ] GC(609) Metaspace: 35228K(35904K)->35228K(35904K) NonClass: 26020K(26496K)->26020K(26496K) Class: 9208K(9408K)->9208K(9408K)
[228.678s][info][gc             ] GC(609) Pause Young (Allocation Failure) 467M->253M(698M) 2.236ms
[228.678s][info][gc,cpu         ] GC(609) User=0.00s Sys=0.00s Real=0.00s
[228.919s][info][gc,start       ] GC(610) Pause Young (Allocation Failure)
[228.921s][info][gc,heap        ] GC(610) PSYoungGen: 211008K(211456K)->64K(210432K) Eden: 210944K(210944K)->0K(203264K) From: 64K(512K)->64K(7168K)
[228.921s][info][gc,heap        ] GC(610) ParOldGen: 259745K(503296K)->259753K(503296K)
[228.921s][info][gc,metaspace   ] GC(610) Metaspace: 35283K(35968K)->35283K(35968K) NonClass: 26075K(26560K)->26075K(26560K) Class: 9208K(9408K)->9208K(9408K)
[228.921s][info][gc             ] GC(610) Pause Young (Allocation Failure) 459M->253M(697M) 1.651ms
[228.921s][info][gc,cpu         ] GC(610) User=0.00s Sys=0.00s Real=0.00s
[229.203s][info][gc,start       ] GC(611) Pause Young (Allocation Failure)
[229.221s][info][gc,heap        ] GC(611) PSYoungGen: 203328K(210432K)->6656K(250880K) Eden: 203264K(203264K)->0K(244224K) From: 64K(7168K)->6656K(6656K)
[229.221s][info][gc,heap        ] GC(611) ParOldGen: 259753K(503296K)->263225K(503296K)
[229.221s][info][gc,metaspace   ] GC(611) Metaspace: 35283K(35968K)->35283K(35968K) NonClass: 26075K(26560K)->26075K(26560K) Class: 9208K(9408K)->9208K(9408K)
[229.221s][info][gc             ] GC(611) Pause Young (Allocation Failure) 452M->263M(736M) 17.756ms
[229.221s][info][gc,cpu         ] GC(611) User=0.03s Sys=0.00s Real=0.01s
[229.498s][info][gc,start       ] GC(612) Pause Young (Allocation Failure)
[229.540s][info][gc,heap        ] GC(612) PSYoungGen: 250880K(250880K)->9728K(273920K) Eden: 244224K(244224K)->0K(264192K) From: 6656K(6656K)->9728K(9728K)
[229.540s][info][gc,heap        ] GC(612) ParOldGen: 263225K(503296K)->281153K(503296K)
[229.540s][info][gc,metaspace   ] GC(612) Metaspace: 35283K(35968K)->35283K(35968K) NonClass: 26075K(26560K)->26075K(26560K) Class: 9208K(9408K)->9208K(9408K)
[229.540s][info][gc             ] GC(612) Pause Young (Allocation Failure) 502M->284M(759M) 41.953ms
[229.540s][info][gc,cpu         ] GC(612) User=0.08s Sys=0.01s Real=0.04s
[229.803s][info][gc,start       ] GC(613) Pause Young (Allocation Failure)
[229.855s][info][gc,heap        ] GC(613) PSYoungGen: 273920K(273920K)->18432K(302080K) Eden: 264192K(264192K)->0K(283648K) From: 9728K(9728K)->18432K(18432K)
[229.855s][info][gc,heap        ] GC(613) ParOldGen: 281153K(503296K)->288153K(503296K)
[229.855s][info][gc,metaspace   ] GC(613) Metaspace: 35283K(35968K)->35283K(35968K) NonClass: 26075K(26560K)->26075K(26560K) Class: 9208K(9408K)->9208K(9408K)
[229.855s][info][gc             ] GC(613) Pause Young (Allocation Failure) 542M->299M(786M) 51.215ms
[229.855s][info][gc,cpu         ] GC(613) User=0.09s Sys=0.00s Real=0.05s
[230.030s][info][gc,start       ] GC(614) Pause Young (Allocation Failure)
[230.033s][info][gc,heap        ] GC(614) PSYoungGen: 302080K(302080K)->64K(308736K) Eden: 283648K(283648K)->0K(283648K) From: 18432K(18432K)->64K(25088K)
[230.033s][info][gc,heap        ] GC(614) ParOldGen: 288153K(503296K)->288337K(503296K)
[230.033s][info][gc,metaspace   ] GC(614) Metaspace: 35283K(35968K)->35283K(35968K) NonClass: 26075K(26560K)->26075K(26560K) Class: 9208K(9408K)->9208K(9408K)
[230.033s][info][gc             ] GC(614) Pause Young (Allocation Failure) 576M->281M(793M) 2.997ms
[230.033s][info][gc,cpu         ] GC(614) User=0.01s Sys=0.00s Real=0.01s
[230.717s][info][gc,start       ] GC(615) Pause Young (Allocation Failure)
[230.718s][info][gc,heap        ] GC(615) PSYoungGen: 283712K(308736K)->64K(305664K) Eden: 283648K(283648K)->0K(284672K) From: 64K(25088K)->64K(20992K)
[230.718s][info][gc,heap        ] GC(615) ParOldGen: 288337K(503296K)->288353K(503296K)
[230.718s][info][gc,metaspace   ] GC(615) Metaspace: 35283K(35968K)->35283K(35968K) NonClass: 26075K(26560K)->26075K(26560K) Class: 9208K(9408K)->9208K(9408K)
[230.718s][info][gc             ] GC(615) Pause Young (Allocation Failure) 558M->281M(790M) 1.169ms
[230.718s][info][gc,cpu         ] GC(615) User=0.00s Sys=0.01s Real=0.00s
[231.185s][info][gc,start       ] GC(616) Pause Young (Allocation Failure)
[231.186s][info][gc,heap        ] GC(616) PSYoungGen: 284736K(305664K)->64K(307712K) Eden: 284672K(284672K)->0K(284672K) From: 64K(20992K)->64K(23040K)
[231.186s][info][gc,heap        ] GC(616) ParOldGen: 288353K(503296K)->288353K(503296K)
[231.186s][info][gc,metaspace   ] GC(616) Metaspace: 35283K(35968K)->35283K(35968K) NonClass: 26075K(26560K)->26075K(26560K) Class: 9208K(9408K)->9208K(9408K)
[231.186s][info][gc             ] GC(616) Pause Young (Allocation Failure) 559M->281M(792M) 1.179ms
[231.186s][info][gc,cpu         ] GC(616) User=0.00s Sys=0.00s Real=0.00s
[231.392s][info][gc,start       ] GC(617) Pause Young (Allocation Failure)
[231.393s][info][gc,heap        ] GC(617) PSYoungGen: 284736K(307712K)->64K(308224K) Eden: 284672K(284672K)->0K(288256K) From: 64K(23040K)->64K(19968K)
[231.393s][info][gc,heap        ] GC(617) ParOldGen: 288353K(503296K)->288369K(503296K)
[231.393s][info][gc,metaspace   ] GC(617) Metaspace: 35283K(35968K)->35283K(35968K) NonClass: 26075K(26560K)->26075K(26560K) Class: 9208K(9408K)->9208K(9408K)
[231.393s][info][gc             ] GC(617) Pause Young (Allocation Failure) 559M->281M(792M) 1.171ms
[231.393s][info][gc,cpu         ] GC(617) User=0.00s Sys=0.00s Real=0.01s
[231.600s][info][gc,start       ] GC(618) Pause Young (Allocation Failure)
[231.601s][info][gc,heap        ] GC(618) PSYoungGen: 288320K(308224K)->64K(309760K) Eden: 288256K(288256K)->0K(288256K) From: 64K(19968K)->64K(21504K)
[231.601s][info][gc,heap        ] GC(618) ParOldGen: 288369K(503296K)->288369K(503296K)
[231.601s][info][gc,metaspace   ] GC(618) Metaspace: 35283K(35968K)->35283K(35968K) NonClass: 26075K(26560K)->26075K(26560K) Class: 9208K(9408K)->9208K(9408K)
[231.602s][info][gc             ] GC(618) Pause Young (Allocation Failure) 563M->281M(794M) 1.142ms
[231.602s][info][gc,cpu         ] GC(618) User=0.00s Sys=0.00s Real=0.00s
[231.940s][info][gc,start       ] GC(619) Pause Young (Allocation Failure)
[231.941s][info][gc,heap        ] GC(619) PSYoungGen: 288320K(309760K)->64K(309760K) Eden: 288256K(288256K)->0K(291840K) From: 64K(21504K)->64K(17920K)
[231.941s][info][gc,heap        ] GC(619) ParOldGen: 288369K(503296K)->288369K(503296K)
[231.941s][info][gc,metaspace   ] GC(619) Metaspace: 35283K(35968K)->35283K(35968K) NonClass: 26075K(26560K)->26075K(26560K) Class: 9208K(9408K)->9208K(9408K)
[231.941s][info][gc             ] GC(619) Pause Young (Allocation Failure) 563M->281M(794M) 1.162ms
[231.941s][info][gc,cpu         ] GC(619) User=0.00s Sys=0.00s Real=0.00s
[231.994s][info][gc,start       ] GC(620) Pause Young (Allocation Failure)
[231.995s][info][gc,heap        ] GC(620) PSYoungGen: 291904K(309760K)->32K(311296K) Eden: 291840K(291840K)->0K(291840K) From: 64K(17920K)->32K(19456K)
[231.995s][info][gc,heap        ] GC(620) ParOldGen: 288369K(503296K)->288385K(503296K)
[231.995s][info][gc,metaspace   ] GC(620) Metaspace: 35283K(35968K)->35283K(35968K) NonClass: 26075K(26560K)->26075K(26560K) Class: 9208K(9408K)->9208K(9408K)
[231.995s][info][gc             ] GC(620) Pause Young (Allocation Failure) 566M->281M(795M) 1.956ms
[231.995s][info][gc,cpu         ] GC(620) User=0.00s Sys=0.00s Real=0.00s
[232.046s][info][gc,start       ] GC(621) Pause Young (Allocation Failure)
[232.048s][info][gc,heap        ] GC(621) PSYoungGen: 291872K(311296K)->32K(311808K) Eden: 291840K(291840K)->0K(295936K) From: 32K(19456K)->32K(15872K)
[232.048s][info][gc,heap        ] GC(621) ParOldGen: 288385K(503296K)->288385K(503296K)
[232.048s][info][gc,metaspace   ] GC(621) Metaspace: 35283K(35968K)->35283K(35968K) NonClass: 26075K(26560K)->26075K(26560K) Class: 9208K(9408K)->9208K(9408K)
[232.048s][info][gc             ] GC(621) Pause Young (Allocation Failure) 566M->281M(796M) 1.820ms
[232.048s][info][gc,cpu         ] GC(621) User=0.00s Sys=0.00s Real=0.00s
[232.245s][info][gc,start       ] GC(622) Pause Young (Allocation Failure)
[232.247s][info][gc,heap        ] GC(622) PSYoungGen: 295968K(311808K)->64K(313344K) Eden: 295936K(295936K)->0K(295936K) From: 32K(15872K)->64K(17408K)
[232.247s][info][gc,heap        ] GC(622) ParOldGen: 288385K(503296K)->288385K(503296K)
[232.247s][info][gc,metaspace   ] GC(622) Metaspace: 35283K(35968K)->35283K(35968K) NonClass: 26075K(26560K)->26075K(26560K) Class: 9208K(9408K)->9208K(9408K)
[232.247s][info][gc             ] GC(622) Pause Young (Allocation Failure) 570M->281M(797M) 1.920ms
[232.247s][info][gc,cpu         ] GC(622) User=0.00s Sys=0.00s Real=0.00s
[232.458s][info][gc,start       ] GC(623) Pause Young (Allocation Failure)
[232.459s][info][gc,heap        ] GC(623) PSYoungGen: 296000K(313344K)->64K(313856K) Eden: 295936K(295936K)->0K(300032K) From: 64K(17408K)->64K(13824K)
[232.459s][info][gc,heap        ] GC(623) ParOldGen: 288385K(503296K)->288401K(503296K)
[232.459s][info][gc,metaspace   ] GC(623) Metaspace: 35283K(35968K)->35283K(35968K) NonClass: 26075K(26560K)->26075K(26560K) Class: 9208K(9408K)->9208K(9408K)
[232.460s][info][gc             ] GC(623) Pause Young (Allocation Failure) 570M->281M(798M) 1.819ms
[232.460s][info][gc,cpu         ] GC(623) User=0.00s Sys=0.00s Real=0.00s
[232.564s][info][gc,start       ] GC(624) Pause Young (Allocation Failure)
[232.566s][info][gc,heap        ] GC(624) PSYoungGen: 300096K(313856K)->32K(315392K) Eden: 300032K(300032K)->0K(300032K) From: 64K(13824K)->32K(15360K)
[232.566s][info][gc,heap        ] GC(624) ParOldGen: 288401K(503296K)->288409K(503296K)
[232.566s][info][gc,metaspace   ] GC(624) Metaspace: 35283K(35968K)->35283K(35968K) NonClass: 26075K(26560K)->26075K(26560K) Class: 9208K(9408K)->9208K(9408K)
[232.566s][info][gc             ] GC(624) Pause Young (Allocation Failure) 574M->281M(799M) 1.662ms
[232.566s][info][gc,cpu         ] GC(624) User=0.01s Sys=0.00s Real=0.00s
[232.685s][info][gc,start       ] GC(625) Pause Young (Allocation Failure)
[232.686s][info][gc,heap        ] GC(625) PSYoungGen: 300064K(315392K)->64K(316928K) Eden: 300032K(300032K)->0K(304128K) From: 32K(15360K)->64K(12800K)
[232.686s][info][gc,heap        ] GC(625) ParOldGen: 288409K(503296K)->288417K(503296K)
[232.686s][info][gc,metaspace   ] GC(625) Metaspace: 35283K(35968K)->35283K(35968K) NonClass: 26075K(26560K)->26075K(26560K) Class: 9208K(9408K)->9208K(9408K)
[232.686s][info][gc             ] GC(625) Pause Young (Allocation Failure) 574M->281M(801M) 1.351ms
[232.686s][info][gc,cpu         ] GC(625) User=0.00s Sys=0.00s Real=0.00s
[233.082s][info][gc,start       ] GC(626) Pause Young (Allocation Failure)
[233.084s][info][gc,heap        ] GC(626) PSYoungGen: 304192K(316928K)->64K(317952K) Eden: 304128K(304128K)->0K(304128K) From: 64K(12800K)->64K(13824K)
[233.084s][info][gc,heap        ] GC(626) ParOldGen: 288417K(503296K)->288425K(503296K)
[233.084s][info][gc,metaspace   ] GC(626) Metaspace: 35283K(35968K)->35283K(35968K) NonClass: 26075K(26560K)->26075K(26560K) Class: 9208K(9408K)->9208K(9408K)
[233.084s][info][gc             ] GC(626) Pause Young (Allocation Failure) 578M->281M(802M) 2.063ms
[233.084s][info][gc,cpu         ] GC(626) User=0.00s Sys=0.00s Real=0.00s
[233.723s][info][gc,start       ] GC(627) Pause Young (Allocation Failure)
[233.725s][info][gc,heap        ] GC(627) PSYoungGen: 304192K(317952K)->83K(292352K) Eden: 304128K(304128K)->0K(291840K) From: 64K(13824K)->83K(512K)
[233.725s][info][gc,heap        ] GC(627) ParOldGen: 288425K(503296K)->288433K(503296K)
[233.725s][info][gc,metaspace   ] GC(627) Metaspace: 35283K(35968K)->35283K(35968K) NonClass: 26075K(26560K)->26075K(26560K) Class: 9208K(9408K)->9208K(9408K)
[233.725s][info][gc             ] GC(627) Pause Young (Allocation Failure) 578M->281M(777M) 1.878ms
[233.725s][info][gc,cpu         ] GC(627) User=0.01s Sys=0.00s Real=0.00s
[234.660s][info][gc,start       ] GC(628) Pause Young (Allocation Failure)
[234.662s][info][gc,heap        ] GC(628) PSYoungGen: 291923K(292352K)->64K(291840K) Eden: 291840K(291840K)->0K(280064K) From: 83K(512K)->64K(11776K)
[234.662s][info][gc,heap        ] GC(628) ParOldGen: 288433K(503296K)->288441K(503296K)
[234.662s][info][gc,metaspace   ] GC(628) Metaspace: 35283K(35968K)->35283K(35968K) NonClass: 26075K(26560K)->26075K(26560K) Class: 9208K(9408K)->9208K(9408K)
[234.662s][info][gc             ] GC(628) Pause Young (Allocation Failure) 566M->281M(776M) 2.220ms
[234.662s][info][gc,cpu         ] GC(628) User=0.00s Sys=0.00s Real=0.01s
[235.129s][info][gc,start       ] GC(629) Pause Young (Allocation Failure)
[235.132s][info][gc,heap        ] GC(629) PSYoungGen: 280128K(291840K)->64K(269312K) Eden: 280064K(280064K)->0K(268800K) From: 64K(11776K)->64K(512K)
[235.132s][info][gc,heap        ] GC(629) ParOldGen: 288441K(503296K)->288457K(503296K)
[235.132s][info][gc,metaspace   ] GC(629) Metaspace: 35283K(35968K)->35283K(35968K) NonClass: 26075K(26560K)->26075K(26560K) Class: 9208K(9408K)->9208K(9408K)
[235.132s][info][gc             ] GC(629) Pause Young (Allocation Failure) 555M->281M(754M) 2.501ms
[235.132s][info][gc,cpu         ] GC(629) User=0.01s Sys=0.00s Real=0.00s
[236.104s][info][gc,start       ] GC(630) Pause Young (Allocation Failure)
[236.106s][info][gc,heap        ] GC(630) PSYoungGen: 268864K(269312K)->64K(268288K) Eden: 268800K(268800K)->0K(258048K) From: 64K(512K)->64K(10240K)
[236.106s][info][gc,heap        ] GC(630) ParOldGen: 288457K(503296K)->288465K(503296K)
[236.106s][info][gc,metaspace   ] GC(630) Metaspace: 35283K(35968K)->35283K(35968K) NonClass: 26075K(26560K)->26075K(26560K) Class: 9208K(9408K)->9208K(9408K)
[236.106s][info][gc             ] GC(630) Pause Young (Allocation Failure) 544M->281M(753M) 1.829ms
[236.106s][info][gc,cpu         ] GC(630) User=0.00s Sys=0.00s Real=0.00s
[236.472s][info][gc,start       ] GC(631) Pause Young (Allocation Failure)
[236.474s][info][gc,heap        ] GC(631) PSYoungGen: 258112K(268288K)->64K(248320K) Eden: 258048K(258048K)->0K(247808K) From: 64K(10240K)->64K(512K)
[236.474s][info][gc,heap        ] GC(631) ParOldGen: 288465K(503296K)->288473K(503296K)
[236.474s][info][gc,metaspace   ] GC(631) Metaspace: 35283K(35968K)->35283K(35968K) NonClass: 26075K(26560K)->26075K(26560K) Class: 9208K(9408K)->9208K(9408K)
[236.474s][info][gc             ] GC(631) Pause Young (Allocation Failure) 533M->281M(734M) 1.973ms
[236.474s][info][gc,cpu         ] GC(631) User=0.00s Sys=0.00s Real=0.00s
[236.577s][info][gc,start       ] GC(632) Pause Young (Allocation Failure)
[236.579s][info][gc,heap        ] GC(632) PSYoungGen: 247872K(248320K)->32K(247296K) Eden: 247808K(247808K)->0K(238080K) From: 64K(512K)->32K(9216K)
[236.579s][info][gc,heap        ] GC(632) ParOldGen: 288473K(503296K)->288481K(503296K)
[236.579s][info][gc,metaspace   ] GC(632) Metaspace: 35283K(35968K)->35283K(35968K) NonClass: 26075K(26560K)->26075K(26560K) Class: 9208K(9408K)->9208K(9408K)
[236.579s][info][gc             ] GC(632) Pause Young (Allocation Failure) 523M->281M(733M) 1.456ms
[236.579s][info][gc,cpu         ] GC(632) User=0.00s Sys=0.00s Real=0.00s
[237.038s][info][gc,start       ] GC(633) Pause Young (Allocation Failure)
[237.041s][info][gc,heap        ] GC(633) PSYoungGen: 238112K(247296K)->64K(229376K) Eden: 238080K(238080K)->0K(228864K) From: 32K(9216K)->64K(512K)
[237.041s][info][gc,heap        ] GC(633) ParOldGen: 288481K(503296K)->288489K(503296K)
[237.041s][info][gc,metaspace   ] GC(633) Metaspace: 35283K(35968K)->35283K(35968K) NonClass: 26075K(26560K)->26075K(26560K) Class: 9208K(9408K)->9208K(9408K)
[237.041s][info][gc             ] GC(633) Pause Young (Allocation Failure) 514M->281M(715M) 2.526ms
[237.041s][info][gc,cpu         ] GC(633) User=0.00s Sys=0.00s Real=0.00s
[237.349s][info][gc,start       ] GC(634) Pause Young (Allocation Failure)
[237.351s][info][gc,heap        ] GC(634) PSYoungGen: 228928K(229376K)->64K(227840K) Eden: 228864K(228864K)->0K(220160K) From: 64K(512K)->64K(7680K)
[237.351s][info][gc,heap        ] GC(634) ParOldGen: 288489K(503296K)->288497K(503296K)
[237.351s][info][gc,metaspace   ] GC(634) Metaspace: 35283K(35968K)->35283K(35968K) NonClass: 26075K(26560K)->26075K(26560K) Class: 9208K(9408K)->9208K(9408K)
[237.351s][info][gc             ] GC(634) Pause Young (Allocation Failure) 505M->281M(714M) 2.088ms
[237.351s][info][gc,cpu         ] GC(634) User=0.00s Sys=0.00s Real=0.00s
[237.661s][info][gc,start       ] GC(635) Pause Young (Allocation Failure)
[237.680s][info][gc,heap        ] GC(635) PSYoungGen: 220224K(227840K)->7168K(271360K) Eden: 220160K(220160K)->0K(264192K) From: 64K(7680K)->7168K(7168K)
[237.680s][info][gc,heap        ] GC(635) ParOldGen: 288497K(503296K)->290769K(503296K)
[237.680s][info][gc,metaspace   ] GC(635) Metaspace: 35283K(35968K)->35283K(35968K) NonClass: 26075K(26560K)->26075K(26560K) Class: 9208K(9408K)->9208K(9408K)
[237.680s][info][gc             ] GC(635) Pause Young (Allocation Failure) 496M->290M(756M) 19.187ms
[237.680s][info][gc,cpu         ] GC(635) User=0.03s Sys=0.00s Real=0.02s
[237.980s][info][gc,start       ] GC(636) Pause Young (Allocation Failure)
[238.046s][info][gc,heap        ] GC(636) PSYoungGen: 271360K(271360K)->9728K(282624K) Eden: 264192K(264192K)->0K(272896K) From: 7168K(7168K)->9728K(9728K)
[238.046s][info][gc,heap        ] GC(636) ParOldGen: 290769K(503296K)->310921K(503296K)
[238.046s][info][gc,metaspace   ] GC(636) Metaspace: 35283K(35968K)->35283K(35968K) NonClass: 26075K(26560K)->26075K(26560K) Class: 9208K(9408K)->9208K(9408K)
[238.046s][info][gc             ] GC(636) Pause Young (Allocation Failure) 548M->313M(767M) 65.756ms
[238.046s][info][gc,cpu         ] GC(636) User=0.09s Sys=0.00s Real=0.07s
[238.300s][info][gc,start       ] GC(637) Pause Young (Allocation Failure)
[238.349s][info][gc,heap        ] GC(637) PSYoungGen: 282624K(282624K)->19456K(303104K) Eden: 272896K(272896K)->0K(283648K) From: 9728K(9728K)->19456K(19456K)
[238.349s][info][gc,heap        ] GC(637) ParOldGen: 310921K(503296K)->315385K(503296K)
[238.349s][info][gc,metaspace   ] GC(637) Metaspace: 35283K(35968K)->35283K(35968K) NonClass: 26075K(26560K)->26075K(26560K) Class: 9208K(9408K)->9208K(9408K)
[238.349s][info][gc             ] GC(637) Pause Young (Allocation Failure) 579M->326M(787M) 48.759ms
[238.349s][info][gc,cpu         ] GC(637) User=0.08s Sys=0.01s Real=0.05s
[238.573s][info][gc,start       ] GC(638) Pause Young (Allocation Failure)
[238.575s][info][gc,heap        ] GC(638) PSYoungGen: 303104K(303104K)->64K(308736K) Eden: 283648K(283648K)->0K(283648K) From: 19456K(19456K)->64K(25088K)
[238.575s][info][gc,heap        ] GC(638) ParOldGen: 315385K(503296K)->315497K(503296K)
[238.575s][info][gc,metaspace   ] GC(638) Metaspace: 35283K(35968K)->35283K(35968K) NonClass: 26075K(26560K)->26075K(26560K) Class: 9208K(9408K)->9208K(9408K)
[238.575s][info][gc             ] GC(638) Pause Young (Allocation Failure) 603M->308M(793M) 2.413ms
[238.575s][info][gc,cpu         ] GC(638) User=0.00s Sys=0.00s Real=0.00s
[239.244s][info][gc,start       ] GC(639) Pause Young (Allocation Failure)
[239.246s][info][gc,heap        ] GC(639) PSYoungGen: 283712K(308736K)->64K(306176K) Eden: 283648K(283648K)->0K(284160K) From: 64K(25088K)->64K(22016K)
[239.246s][info][gc,heap        ] GC(639) ParOldGen: 315497K(503296K)->315505K(503296K)
[239.246s][info][gc,metaspace   ] GC(639) Metaspace: 35283K(35968K)->35283K(35968K) NonClass: 26075K(26560K)->26075K(26560K) Class: 9208K(9408K)->9208K(9408K)
[239.246s][info][gc             ] GC(639) Pause Young (Allocation Failure) 585M->308M(790M) 1.477ms
[239.246s][info][gc,cpu         ] GC(639) User=0.00s Sys=0.00s Real=0.00s
[239.701s][info][gc,start       ] GC(640) Pause Young (Allocation Failure)
[239.702s][info][gc,heap        ] GC(640) PSYoungGen: 284224K(306176K)->64K(307712K) Eden: 284160K(284160K)->0K(284160K) From: 64K(22016K)->64K(23552K)
[239.702s][info][gc,heap        ] GC(640) ParOldGen: 315505K(503296K)->315521K(503296K)
[239.702s][info][gc,metaspace   ] GC(640) Metaspace: 35283K(35968K)->35283K(35968K) NonClass: 26075K(26560K)->26075K(26560K) Class: 9208K(9408K)->9208K(9408K)
[239.702s][info][gc             ] GC(640) Pause Young (Allocation Failure) 585M->308M(792M) 1.265ms
[239.702s][info][gc,cpu         ] GC(640) User=0.00s Sys=0.00s Real=0.01s
[239.903s][info][gc,start       ] GC(641) Pause Young (Allocation Failure)
[239.905s][info][gc,heap        ] GC(641) PSYoungGen: 284224K(307712K)->32K(307712K) Eden: 284160K(284160K)->0K(287744K) From: 64K(23552K)->32K(19968K)
[239.905s][info][gc,heap        ] GC(641) ParOldGen: 315521K(503296K)->315537K(503296K)
[239.905s][info][gc,metaspace   ] GC(641) Metaspace: 35283K(35968K)->35283K(35968K) NonClass: 26075K(26560K)->26075K(26560K) Class: 9208K(9408K)->9208K(9408K)
[239.905s][info][gc             ] GC(641) Pause Young (Allocation Failure) 585M->308M(792M) 1.185ms
[239.905s][info][gc,cpu         ] GC(641) User=0.00s Sys=0.00s Real=0.00s
[240.109s][info][gc,start       ] GC(642) Pause Young (Allocation Failure)
[240.110s][info][gc,heap        ] GC(642) PSYoungGen: 287776K(307712K)->64K(309248K) Eden: 287744K(287744K)->0K(287744K) From: 32K(19968K)->64K(21504K)
[240.110s][info][gc,heap        ] GC(642) ParOldGen: 315537K(503296K)->315537K(503296K)
[240.110s][info][gc,metaspace   ] GC(642) Metaspace: 35283K(35968K)->35283K(35968K) NonClass: 26075K(26560K)->26075K(26560K) Class: 9208K(9408K)->9208K(9408K)
[240.110s][info][gc             ] GC(642) Pause Young (Allocation Failure) 589M->308M(793M) 1.157ms
[240.110s][info][gc,cpu         ] GC(642) User=0.00s Sys=0.00s Real=0.00s
[240.434s][info][gc,start       ] GC(643) Pause Young (Allocation Failure)
[240.435s][info][gc,heap        ] GC(643) PSYoungGen: 287808K(309248K)->64K(309760K) Eden: 287744K(287744K)->0K(291840K) From: 64K(21504K)->64K(17920K)
[240.435s][info][gc,heap        ] GC(643) ParOldGen: 315537K(503296K)->315537K(503296K)
[240.435s][info][gc,metaspace   ] GC(643) Metaspace: 35283K(35968K)->35283K(35968K) NonClass: 26075K(26560K)->26075K(26560K) Class: 9208K(9408K)->9208K(9408K)
[240.435s][info][gc             ] GC(643) Pause Young (Allocation Failure) 589M->308M(794M) 1.084ms
[240.435s][info][gc,cpu         ] GC(643) User=0.00s Sys=0.00s Real=0.00s
[240.484s][info][gc,start       ] GC(644) Pause Young (Allocation Failure)
[240.485s][info][gc,heap        ] GC(644) PSYoungGen: 291904K(309760K)->64K(311296K) Eden: 291840K(291840K)->0K(291840K) From: 64K(17920K)->64K(19456K)
[240.485s][info][gc,heap        ] GC(644) ParOldGen: 315537K(503296K)->315553K(503296K)
[240.485s][info][gc,metaspace   ] GC(644) Metaspace: 35283K(35968K)->35283K(35968K) NonClass: 26075K(26560K)->26075K(26560K) Class: 9208K(9408K)->9208K(9408K)
[240.485s][info][gc             ] GC(644) Pause Young (Allocation Failure) 593M->308M(795M) 1.022ms
[240.485s][info][gc,cpu         ] GC(644) User=0.00s Sys=0.00s Real=0.00s
[240.534s][info][gc,start       ] GC(645) Pause Young (Allocation Failure)
[240.535s][info][gc,heap        ] GC(645) PSYoungGen: 291904K(311296K)->32K(311808K) Eden: 291840K(291840K)->0K(295936K) From: 64K(19456K)->32K(15872K)
[240.535s][info][gc,heap        ] GC(645) ParOldGen: 315553K(503296K)->315553K(503296K)
[240.535s][info][gc,metaspace   ] GC(645) Metaspace: 35283K(35968K)->35283K(35968K) NonClass: 26075K(26560K)->26075K(26560K) Class: 9208K(9408K)->9208K(9408K)
[240.535s][info][gc             ] GC(645) Pause Young (Allocation Failure) 593M->308M(796M) 1.105ms
[240.535s][info][gc,cpu         ] GC(645) User=0.00s Sys=0.00s Real=0.00s
[240.742s][info][gc,start       ] GC(646) Pause Young (Allocation Failure)
[240.743s][info][gc,heap        ] GC(646) PSYoungGen: 295968K(311808K)->64K(313344K) Eden: 295936K(295936K)->0K(295936K) From: 32K(15872K)->64K(17408K)
[240.743s][info][gc,heap        ] GC(646) ParOldGen: 315553K(503296K)->315553K(503296K)
[240.743s][info][gc,metaspace   ] GC(646) Metaspace: 35283K(35968K)->35283K(35968K) NonClass: 26075K(26560K)->26075K(26560K) Class: 9208K(9408K)->9208K(9408K)
[240.743s][info][gc             ] GC(646) Pause Young (Allocation Failure) 597M->308M(797M) 1.501ms
[240.743s][info][gc,cpu         ] GC(646) User=0.00s Sys=0.00s Real=0.01s
[240.952s][info][gc,start       ] GC(647) Pause Young (Allocation Failure)
[240.953s][info][gc,heap        ] GC(647) PSYoungGen: 296000K(313344K)->64K(314880K) Eden: 295936K(295936K)->0K(300032K) From: 64K(17408K)->64K(14848K)
[240.953s][info][gc,heap        ] GC(647) ParOldGen: 315553K(503296K)->315561K(503296K)
[240.953s][info][gc,metaspace   ] GC(647) Metaspace: 35283K(35968K)->35283K(35968K) NonClass: 26075K(26560K)->26075K(26560K) Class: 9208K(9408K)->9208K(9408K)
[240.953s][info][gc             ] GC(647) Pause Young (Allocation Failure) 597M->308M(799M) 1.140ms
[240.953s][info][gc,cpu         ] GC(647) User=0.00s Sys=0.00s Real=0.00s
[241.049s][info][gc,start       ] GC(648) Pause Young (Allocation Failure)
[241.050s][info][gc,heap        ] GC(648) PSYoungGen: 300096K(314880K)->64K(315904K) Eden: 300032K(300032K)->0K(300032K) From: 64K(14848K)->64K(15872K)
[241.050s][info][gc,heap        ] GC(648) ParOldGen: 315561K(503296K)->315569K(503296K)
[241.050s][info][gc,metaspace   ] GC(648) Metaspace: 35283K(35968K)->35283K(35968K) NonClass: 26075K(26560K)->26075K(26560K) Class: 9208K(9408K)->9208K(9408K)
[241.050s][info][gc             ] GC(648) Pause Young (Allocation Failure) 601M->308M(800M) 1.176ms
[241.050s][info][gc,cpu         ] GC(648) User=0.00s Sys=0.00s Real=0.00s
[241.174s][info][gc,start       ] GC(649) Pause Young (Allocation Failure)
[241.175s][info][gc,heap        ] GC(649) PSYoungGen: 300096K(315904K)->64K(315904K) Eden: 300032K(300032K)->0K(303104K) From: 64K(15872K)->64K(12800K)
[241.175s][info][gc,heap        ] GC(649) ParOldGen: 315569K(503296K)->315577K(503296K)
[241.175s][info][gc,metaspace   ] GC(649) Metaspace: 35283K(35968K)->35283K(35968K) NonClass: 26075K(26560K)->26075K(26560K) Class: 9208K(9408K)->9208K(9408K)
[241.175s][info][gc             ] GC(649) Pause Young (Allocation Failure) 601M->308M(800M) 1.171ms
[241.175s][info][gc,cpu         ] GC(649) User=0.01s Sys=0.00s Real=0.00s
[241.580s][info][gc,start       ] GC(650) Pause Young (Allocation Failure)
[241.582s][info][gc,heap        ] GC(650) PSYoungGen: 303168K(315904K)->64K(291328K) Eden: 303104K(303104K)->0K(290816K) From: 64K(12800K)->64K(512K)
[241.582s][info][gc,heap        ] GC(650) ParOldGen: 315577K(503296K)->315585K(503296K)
[241.582s][info][gc,metaspace   ] GC(650) Metaspace: 35283K(35968K)->35283K(35968K) NonClass: 26075K(26560K)->26075K(26560K) Class: 9208K(9408K)->9208K(9408K)
[241.582s][info][gc             ] GC(650) Pause Young (Allocation Failure) 604M->308M(776M) 1.988ms
[241.582s][info][gc,cpu         ] GC(650) User=0.00s Sys=0.01s Real=0.00s
[242.197s][info][gc,start       ] GC(651) Pause Young (Allocation Failure)
[242.198s][info][gc,heap        ] GC(651) PSYoungGen: 290880K(291328K)->64K(279552K) Eden: 290816K(290816K)->0K(279040K) From: 64K(512K)->64K(512K)
[242.198s][info][gc,heap        ] GC(651) ParOldGen: 315585K(503296K)->315593K(503296K)
[242.198s][info][gc,metaspace   ] GC(651) Metaspace: 35283K(35968K)->35283K(35968K) NonClass: 26075K(26560K)->26075K(26560K) Class: 9208K(9408K)->9208K(9408K)
[242.198s][info][gc             ] GC(651) Pause Young (Allocation Failure) 592M->308M(764M) 1.530ms
[242.198s][info][gc,cpu         ] GC(651) User=0.01s Sys=0.00s Real=0.00s
[243.126s][info][gc,start       ] GC(652) Pause Young (Allocation Failure)
[243.127s][info][gc,heap        ] GC(652) PSYoungGen: 279104K(279552K)->64K(280064K) Eden: 279040K(279040K)->0K(267776K) From: 64K(512K)->64K(12288K)
[243.127s][info][gc,heap        ] GC(652) ParOldGen: 315593K(503296K)->315601K(503296K)
[243.127s][info][gc,metaspace   ] GC(652) Metaspace: 35283K(35968K)->35283K(35968K) NonClass: 26075K(26560K)->26075K(26560K) Class: 9208K(9408K)->9208K(9408K)
[243.127s][info][gc             ] GC(652) Pause Young (Allocation Failure) 580M->308M(765M) 1.167ms
[243.127s][info][gc,cpu         ] GC(652) User=0.00s Sys=0.00s Real=0.00s
[243.558s][info][gc,start       ] GC(653) Pause Young (Allocation Failure)
[243.559s][info][gc,heap        ] GC(653) PSYoungGen: 267840K(280064K)->64K(257536K) Eden: 267776K(267776K)->0K(257024K) From: 64K(12288K)->64K(512K)
[243.559s][info][gc,heap        ] GC(653) ParOldGen: 315601K(503296K)->315609K(503296K)
[243.559s][info][gc,metaspace   ] GC(653) Metaspace: 35283K(35968K)->35283K(35968K) NonClass: 26075K(26560K)->26075K(26560K) Class: 9208K(9408K)->9208K(9408K)
[243.559s][info][gc             ] GC(653) Pause Young (Allocation Failure) 569M->308M(743M) 1.756ms
[243.559s][info][gc,cpu         ] GC(653) User=0.00s Sys=0.00s Real=0.00s
[244.533s][info][gc,start       ] GC(654) Pause Young (Allocation Failure)
[244.535s][info][gc,heap        ] GC(654) PSYoungGen: 257088K(257536K)->64K(257536K) Eden: 257024K(257024K)->0K(246784K) From: 64K(512K)->64K(10752K)
[244.535s][info][gc,heap        ] GC(654) ParOldGen: 315609K(503296K)->315625K(503296K)
[244.535s][info][gc,metaspace   ] GC(654) Metaspace: 35283K(35968K)->35283K(35968K) NonClass: 26075K(26560K)->26075K(26560K) Class: 9208K(9408K)->9208K(9408K)
[244.535s][info][gc             ] GC(654) Pause Young (Allocation Failure) 559M->308M(743M) 1.960ms
[244.535s][info][gc,cpu         ] GC(654) User=0.00s Sys=0.00s Real=0.00s
[244.893s][info][gc,start       ] GC(655) Pause Young (Allocation Failure)
[244.895s][info][gc,heap        ] GC(655) PSYoungGen: 246848K(257536K)->64K(237568K) Eden: 246784K(246784K)->0K(237056K) From: 64K(10752K)->64K(512K)
[244.895s][info][gc,heap        ] GC(655) ParOldGen: 315625K(503296K)->315641K(503296K)
[244.896s][info][gc,metaspace   ] GC(655) Metaspace: 35283K(35968K)->35283K(35968K) NonClass: 26075K(26560K)->26075K(26560K) Class: 9208K(9408K)->9208K(9408K)
[244.896s][info][gc             ] GC(655) Pause Young (Allocation Failure) 549M->308M(723M) 2.698ms
[244.896s][info][gc,cpu         ] GC(655) User=0.00s Sys=0.00s Real=0.00s
[245.036s][info][gc,start       ] GC(656) Pause Young (Allocation Failure)
[245.037s][info][gc,heap        ] GC(656) PSYoungGen: 237120K(237568K)->64K(237056K) Eden: 237056K(237056K)->0K(227840K) From: 64K(512K)->64K(9216K)
[245.037s][info][gc,heap        ] GC(656) ParOldGen: 315641K(503296K)->315657K(503296K)
[245.037s][info][gc,metaspace   ] GC(656) Metaspace: 35283K(35968K)->35283K(35968K) NonClass: 26075K(26560K)->26075K(26560K) Class: 9208K(9408K)->9208K(9408K)
[245.037s][info][gc             ] GC(656) Pause Young (Allocation Failure) 539M->308M(723M) 1.748ms
[245.037s][info][gc,cpu         ] GC(656) User=0.00s Sys=0.00s Real=0.00s
[245.345s][info][gc,start       ] GC(657) Pause Young (Allocation Failure)
[245.347s][info][gc,heap        ] GC(657) PSYoungGen: 227904K(237056K)->64K(219648K) Eden: 227840K(227840K)->0K(219136K) From: 64K(9216K)->64K(512K)
[245.347s][info][gc,heap        ] GC(657) ParOldGen: 315657K(503296K)->315665K(503296K)
[245.347s][info][gc,metaspace   ] GC(657) Metaspace: 35283K(35968K)->35283K(35968K) NonClass: 26075K(26560K)->26075K(26560K) Class: 9208K(9408K)->9208K(9408K)
[245.347s][info][gc             ] GC(657) Pause Young (Allocation Failure) 530M->308M(706M) 2.668ms
[245.347s][info][gc,cpu         ] GC(657) User=0.00s Sys=0.00s Real=0.00s
[245.723s][info][gc,start       ] GC(658) Pause Young (Allocation Failure)
[245.725s][info][gc,heap        ] GC(658) PSYoungGen: 219200K(219648K)->64K(219136K) Eden: 219136K(219136K)->0K(210944K) From: 64K(512K)->64K(8192K)
[245.725s][info][gc,heap        ] GC(658) ParOldGen: 315665K(503296K)->315673K(503296K)
[245.725s][info][gc,metaspace   ] GC(658) Metaspace: 35283K(35968K)->35283K(35968K) NonClass: 26075K(26560K)->26075K(26560K) Class: 9208K(9408K)->9208K(9408K)
[245.725s][info][gc             ] GC(658) Pause Young (Allocation Failure) 522M->308M(705M) 1.835ms
[245.725s][info][gc,cpu         ] GC(658) User=0.00s Sys=0.00s Real=0.00s
[246.015s][info][gc,start       ] GC(659) Pause Young (Allocation Failure)
[246.017s][info][gc,heap        ] GC(659) PSYoungGen: 211008K(219136K)->224K(203776K) Eden: 210944K(210944K)->0K(203264K) From: 64K(8192K)->224K(512K)
[246.017s][info][gc,heap        ] GC(659) ParOldGen: 315673K(503296K)->315681K(503296K)
[246.017s][info][gc,metaspace   ] GC(659) Metaspace: 35283K(35968K)->35283K(35968K) NonClass: 26075K(26560K)->26075K(26560K) Class: 9208K(9408K)->9208K(9408K)
[246.017s][info][gc             ] GC(659) Pause Young (Allocation Failure) 514M->308M(690M) 2.352ms
[246.017s][info][gc,cpu         ] GC(659) User=0.01s Sys=0.00s Real=0.00s
[246.248s][info][gc,start       ] GC(660) Pause Young (Allocation Failure)
[246.288s][info][gc,heap        ] GC(660) PSYoungGen: 203488K(203776K)->6656K(250880K) Eden: 203264K(203264K)->0K(244224K) From: 224K(512K)->6656K(6656K)
[246.288s][info][gc,heap        ] GC(660) ParOldGen: 315681K(503296K)->331961K(503296K)
[246.288s][info][gc,metaspace   ] GC(660) Metaspace: 35283K(35968K)->35283K(35968K) NonClass: 26075K(26560K)->26075K(26560K) Class: 9208K(9408K)->9208K(9408K)
[246.288s][info][gc             ] GC(660) Pause Young (Allocation Failure) 507M->330M(736M) 40.663ms
[246.288s][info][gc,cpu         ] GC(660) User=0.07s Sys=0.00s Real=0.04s
[246.566s][info][gc,start       ] GC(661) Pause Young (Allocation Failure)
[246.615s][info][gc,heap        ] GC(661) PSYoungGen: 250880K(250880K)->8192K(250368K) Eden: 244224K(244224K)->0K(242176K) From: 6656K(6656K)->8192K(8192K)
[246.615s][info][gc,heap        ] GC(661) ParOldGen: 331961K(503296K)->351769K(503296K)
[246.615s][info][gc,metaspace   ] GC(661) Metaspace: 35283K(35968K)->35283K(35968K) NonClass: 26075K(26560K)->26075K(26560K) Class: 9208K(9408K)->9208K(9408K)
[246.615s][info][gc             ] GC(661) Pause Young (Allocation Failure) 569M->351M(736M) 48.547ms
[246.615s][info][gc,cpu         ] GC(661) User=0.09s Sys=0.00s Real=0.05s
[246.773s][info][gc,start       ] GC(662) Pause Young (Allocation Failure)
[246.798s][info][gc,heap        ] GC(662) PSYoungGen: 250368K(250368K)->11968K(264704K) Eden: 242176K(242176K)->0K(242176K) From: 8192K(8192K)->11968K(22528K)
[246.798s][info][gc,heap        ] GC(662) ParOldGen: 351769K(503296K)->352297K(503296K)
[246.798s][info][gc,metaspace   ] GC(662) Metaspace: 35283K(35968K)->35283K(35968K) NonClass: 26075K(26560K)->26075K(26560K) Class: 9208K(9408K)->9208K(9408K)
[246.798s][info][gc             ] GC(662) Pause Young (Allocation Failure) 588M->355M(750M) 25.404ms
[246.798s][info][gc,cpu         ] GC(662) User=0.05s Sys=0.00s Real=0.02s
[247.075s][info][gc,start       ] GC(663) Pause Young (Allocation Failure)
[247.076s][info][gc,heap        ] GC(663) PSYoungGen: 254144K(264704K)->64K(310272K) Eden: 242176K(242176K)->0K(287744K) From: 11968K(22528K)->64K(22528K)
[247.076s][info][gc,heap        ] GC(663) ParOldGen: 352297K(503296K)->352305K(503296K)
[247.076s][info][gc,metaspace   ] GC(663) Metaspace: 35283K(35968K)->35283K(35968K) NonClass: 26075K(26560K)->26075K(26560K) Class: 9208K(9408K)->9208K(9408K)
[247.076s][info][gc             ] GC(663) Pause Young (Allocation Failure) 592M->344M(794M) 1.387ms
[247.076s][info][gc,cpu         ] GC(663) User=0.00s Sys=0.00s Real=0.00s
[247.714s][info][gc,start       ] GC(664) Pause Young (Allocation Failure)
[247.715s][info][gc,heap        ] GC(664) PSYoungGen: 287808K(310272K)->64K(310272K) Eden: 287744K(287744K)->0K(287744K) From: 64K(22528K)->64K(22528K)
[247.715s][info][gc,heap        ] GC(664) ParOldGen: 352305K(503296K)->352313K(503296K)
[247.715s][info][gc,metaspace   ] GC(664) Metaspace: 35283K(35968K)->35283K(35968K) NonClass: 26075K(26560K)->26075K(26560K) Class: 9208K(9408K)->9208K(9408K)
[247.715s][info][gc             ] GC(664) Pause Young (Allocation Failure) 625M->344M(794M) 1.465ms
[247.715s][info][gc,cpu         ] GC(664) User=0.00s Sys=0.00s Real=0.00s
[248.156s][info][gc,start       ] GC(665) Pause Young (Allocation Failure)
[248.157s][info][gc,heap        ] GC(665) PSYoungGen: 287808K(310272K)->64K(309760K) Eden: 287744K(287744K)->0K(289280K) From: 64K(22528K)->64K(20480K)
[248.157s][info][gc,heap        ] GC(665) ParOldGen: 352313K(503296K)->352329K(503296K)
[248.157s][info][gc,metaspace   ] GC(665) Metaspace: 35283K(35968K)->35283K(35968K) NonClass: 26075K(26560K)->26075K(26560K) Class: 9208K(9408K)->9208K(9408K)
[248.157s][info][gc             ] GC(665) Pause Young (Allocation Failure) 625M->344M(794M) 1.321ms
[248.157s][info][gc,cpu         ] GC(665) User=0.00s Sys=0.00s Real=0.00s
[248.369s][info][gc,start       ] GC(666) Pause Young (Allocation Failure)
[248.370s][info][gc,heap        ] GC(666) PSYoungGen: 289344K(309760K)->64K(310272K) Eden: 289280K(289280K)->0K(289280K) From: 64K(20480K)->64K(20992K)
[248.370s][info][gc,heap        ] GC(666) ParOldGen: 352329K(503296K)->352345K(503296K)
[248.370s][info][gc,metaspace   ] GC(666) Metaspace: 35283K(35968K)->35283K(35968K) NonClass: 26075K(26560K)->26075K(26560K) Class: 9208K(9408K)->9208K(9408K)
[248.370s][info][gc             ] GC(666) Pause Young (Allocation Failure) 626M->344M(794M) 1.427ms
[248.370s][info][gc,cpu         ] GC(666) User=0.00s Sys=0.00s Real=0.00s
[248.592s][info][gc,start       ] GC(667) Pause Young (Allocation Failure)
[248.593s][info][gc,heap        ] GC(667) PSYoungGen: 289344K(310272K)->64K(312320K) Eden: 289280K(289280K)->0K(292864K) From: 64K(20992K)->64K(19456K)
[248.593s][info][gc,heap        ] GC(667) ParOldGen: 352345K(503296K)->352345K(503296K)
[248.593s][info][gc,metaspace   ] GC(667) Metaspace: 35283K(35968K)->35283K(35968K) NonClass: 26075K(26560K)->26075K(26560K) Class: 9208K(9408K)->9208K(9408K)
[248.593s][info][gc             ] GC(667) Pause Young (Allocation Failure) 626M->344M(796M) 1.469ms
[248.593s][info][gc,cpu         ] GC(667) User=0.01s Sys=0.00s Real=0.01s
[248.922s][info][gc,start       ] GC(668) Pause Young (Allocation Failure)
[248.923s][info][gc,heap        ] GC(668) PSYoungGen: 292928K(312320K)->64K(312320K) Eden: 292864K(292864K)->0K(292864K) From: 64K(19456K)->64K(19456K)
[248.923s][info][gc,heap        ] GC(668) ParOldGen: 352345K(503296K)->352345K(503296K)
[248.923s][info][gc,metaspace   ] GC(668) Metaspace: 35283K(35968K)->35283K(35968K) NonClass: 26075K(26560K)->26075K(26560K) Class: 9208K(9408K)->9208K(9408K)
[248.923s][info][gc             ] GC(668) Pause Young (Allocation Failure) 630M->344M(796M) 1.420ms
[248.923s][info][gc,cpu         ] GC(668) User=0.00s Sys=0.00s Real=0.01s
[248.975s][info][gc,start       ] GC(669) Pause Young (Allocation Failure)
[248.976s][info][gc,heap        ] GC(669) PSYoungGen: 292928K(312320K)->64K(313344K) Eden: 292864K(292864K)->0K(295936K) From: 64K(19456K)->64K(17408K)
[248.976s][info][gc,heap        ] GC(669) ParOldGen: 352345K(503296K)->352361K(503296K)
[248.976s][info][gc,metaspace   ] GC(669) Metaspace: 35283K(35968K)->35283K(35968K) NonClass: 26075K(26560K)->26075K(26560K) Class: 9208K(9408K)->9208K(9408K)
[248.976s][info][gc             ] GC(669) Pause Young (Allocation Failure) 630M->344M(797M) 1.403ms
[248.976s][info][gc,cpu         ] GC(669) User=0.00s Sys=0.00s Real=0.00s
[249.047s][info][gc,start       ] GC(670) Pause Young (Allocation Failure)
[249.049s][info][gc,heap        ] GC(670) PSYoungGen: 296000K(313344K)->64K(313344K) Eden: 295936K(295936K)->0K(295936K) From: 64K(17408K)->64K(17408K)
[249.049s][info][gc,heap        ] GC(670) ParOldGen: 352361K(503296K)->352361K(503296K)
[249.049s][info][gc,metaspace   ] GC(670) Metaspace: 35283K(35968K)->35283K(35968K) NonClass: 26075K(26560K)->26075K(26560K) Class: 9208K(9408K)->9208K(9408K)
[249.049s][info][gc             ] GC(670) Pause Young (Allocation Failure) 633M->344M(797M) 1.411ms
[249.049s][info][gc,cpu         ] GC(670) User=0.00s Sys=0.00s Real=0.00s
[249.285s][info][gc,start       ] GC(671) Pause Young (Allocation Failure)
[249.286s][info][gc,heap        ] GC(671) PSYoungGen: 296000K(313344K)->64K(315392K) Eden: 295936K(295936K)->0K(300032K) From: 64K(17408K)->64K(15360K)
[249.286s][info][gc,heap        ] GC(671) ParOldGen: 352361K(503296K)->352377K(503296K)
[249.286s][info][gc,metaspace   ] GC(671) Metaspace: 35283K(35968K)->35283K(35968K) NonClass: 26075K(26560K)->26075K(26560K) Class: 9208K(9408K)->9208K(9408K)
[249.286s][info][gc             ] GC(671) Pause Young (Allocation Failure) 633M->344M(799M) 1.408ms
[249.286s][info][gc,cpu         ] GC(671) User=0.00s Sys=0.00s Real=0.00s
[249.503s][info][gc,start       ] GC(672) Pause Young (Allocation Failure)
[249.504s][info][gc,heap        ] GC(672) PSYoungGen: 300096K(315392K)->64K(315392K) Eden: 300032K(300032K)->0K(300032K) From: 64K(15360K)->64K(15360K)
[249.504s][info][gc,heap        ] GC(672) ParOldGen: 352377K(503296K)->352377K(503296K)
[249.504s][info][gc,metaspace   ] GC(672) Metaspace: 35283K(35968K)->35283K(35968K) NonClass: 26075K(26560K)->26075K(26560K) Class: 9208K(9408K)->9208K(9408K)
[249.504s][info][gc             ] GC(672) Pause Young (Allocation Failure) 637M->344M(799M) 1.585ms
[249.504s][info][gc,cpu         ] GC(672) User=0.00s Sys=0.00s Real=0.00s
[249.590s][info][gc,start       ] GC(673) Pause Young (Allocation Failure)
[249.591s][info][gc,heap        ] GC(673) PSYoungGen: 300096K(315392K)->64K(316928K) Eden: 300032K(300032K)->0K(303616K) From: 64K(15360K)->64K(13312K)
[249.591s][info][gc,heap        ] GC(673) ParOldGen: 352377K(503296K)->352393K(503296K)
[249.591s][info][gc,metaspace   ] GC(673) Metaspace: 35284K(35968K)->35284K(35968K) NonClass: 26076K(26560K)->26076K(26560K) Class: 9208K(9408K)->9208K(9408K)
[249.591s][info][gc             ] GC(673) Pause Young (Allocation Failure) 637M->344M(801M) 1.517ms
[249.591s][info][gc,cpu         ] GC(673) User=0.00s Sys=0.00s Real=0.00s
[249.751s][info][gc,start       ] GC(674) Pause Young (Allocation Failure)
[249.752s][info][gc,heap        ] GC(674) PSYoungGen: 303680K(316928K)->64K(317440K) Eden: 303616K(303616K)->0K(303616K) From: 64K(13312K)->64K(13824K)
[249.752s][info][gc,heap        ] GC(674) ParOldGen: 352393K(503296K)->352393K(503296K)
[249.752s][info][gc,metaspace   ] GC(674) Metaspace: 35284K(35968K)->35284K(35968K) NonClass: 26076K(26560K)->26076K(26560K) Class: 9208K(9408K)->9208K(9408K)
[249.752s][info][gc             ] GC(674) Pause Young (Allocation Failure) 640M->344M(801M) 1.469ms
[249.752s][info][gc,cpu         ] GC(674) User=0.00s Sys=0.00s Real=0.01s
[250.766s][info][gc,start       ] GC(675) Pause Young (Allocation Failure)
[250.768s][info][gc,heap        ] GC(675) PSYoungGen: 303677K(317440K)->64K(291840K) Eden: 303613K(303616K)->0K(291328K) From: 64K(13824K)->64K(512K)
[250.768s][info][gc,heap        ] GC(675) ParOldGen: 352393K(503296K)->352401K(503296K)
[250.768s][info][gc,metaspace   ] GC(675) Metaspace: 35284K(35968K)->35284K(35968K) NonClass: 26076K(26560K)->26076K(26560K) Class: 9208K(9408K)->9208K(9408K)
[250.768s][info][gc             ] GC(675) Pause Young (Allocation Failure) 640M->344M(776M) 1.466ms
[250.768s][info][gc,cpu         ] GC(675) User=0.00s Sys=0.00s Real=0.00s
[251.645s][info][gc,start       ] GC(676) Pause Young (Allocation Failure)
[251.647s][info][gc,heap        ] GC(676) PSYoungGen: 291392K(291840K)->64K(291840K) Eden: 291328K(291328K)->0K(279552K) From: 64K(512K)->64K(12288K)
[251.647s][info][gc,heap        ] GC(676) ParOldGen: 352401K(503296K)->352409K(503296K)
[251.647s][info][gc,metaspace   ] GC(676) Metaspace: 35284K(35968K)->35284K(35968K) NonClass: 26076K(26560K)->26076K(26560K) Class: 9208K(9408K)->9208K(9408K)
[251.647s][info][gc             ] GC(676) Pause Young (Allocation Failure) 628M->344M(776M) 1.448ms
[251.647s][info][gc,cpu         ] GC(676) User=0.00s Sys=0.00s Real=0.00s
[251.934s][info][gc,start       ] GC(677) Pause Young (Allocation Failure)
[251.937s][info][gc,heap        ] GC(677) PSYoungGen: 279616K(291840K)->64K(268800K) Eden: 279552K(279552K)->0K(268288K) From: 64K(12288K)->64K(512K)
[251.937s][info][gc,heap        ] GC(677) ParOldGen: 352409K(503296K)->352425K(503296K)
[251.937s][info][gc,metaspace   ] GC(677) Metaspace: 35284K(35968K)->35284K(35968K) NonClass: 26076K(26560K)->26076K(26560K) Class: 9208K(9408K)->9208K(9408K)
[251.937s][info][gc             ] GC(677) Pause Young (Allocation Failure) 617M->344M(754M) 2.616ms
[251.937s][info][gc,cpu         ] GC(677) User=0.00s Sys=0.00s Real=0.00s
[252.415s][info][gc,start       ] GC(678) Pause Young (Allocation Failure)
[252.418s][info][gc,heap        ] GC(678) PSYoungGen: 268352K(268800K)->64K(268288K) Eden: 268288K(268288K)->0K(257536K) From: 64K(512K)->64K(10752K)
[252.418s][info][gc,heap        ] GC(678) ParOldGen: 352425K(503296K)->352441K(503296K)
[252.418s][info][gc,metaspace   ] GC(678) Metaspace: 35284K(35968K)->35284K(35968K) NonClass: 26076K(26560K)->26076K(26560K) Class: 9208K(9408K)->9208K(9408K)
[252.418s][info][gc             ] GC(678) Pause Young (Allocation Failure) 606M->344M(753M) 2.420ms
[252.418s][info][gc,cpu         ] GC(678) User=0.00s Sys=0.00s Real=0.00s
[253.421s][info][gc,start       ] GC(679) Pause Young (Allocation Failure)
[253.424s][info][gc,heap        ] GC(679) PSYoungGen: 257600K(268288K)->64K(247808K) Eden: 257536K(257536K)->0K(247296K) From: 64K(10752K)->64K(512K)
[253.424s][info][gc,heap        ] GC(679) ParOldGen: 352441K(503296K)->352449K(503296K)
[253.424s][info][gc,metaspace   ] GC(679) Metaspace: 35284K(35968K)->35284K(35968K) NonClass: 26076K(26560K)->26076K(26560K) Class: 9208K(9408K)->9208K(9408K)
[253.424s][info][gc             ] GC(679) Pause Young (Allocation Failure) 595M->344M(733M) 2.892ms
[253.424s][info][gc,cpu         ] GC(679) User=0.00s Sys=0.01s Real=0.01s
[253.833s][info][gc,start       ] GC(680) Pause Young (Allocation Failure)
[253.835s][info][gc,heap        ] GC(680) PSYoungGen: 247360K(247808K)->64K(246784K) Eden: 247296K(247296K)->0K(237568K) From: 64K(512K)->64K(9216K)
[253.835s][info][gc,heap        ] GC(680) ParOldGen: 352449K(503296K)->352457K(503296K)
[253.835s][info][gc,metaspace   ] GC(680) Metaspace: 35284K(35968K)->35284K(35968K) NonClass: 26076K(26560K)->26076K(26560K) Class: 9208K(9408K)->9208K(9408K)
[253.835s][info][gc             ] GC(680) Pause Young (Allocation Failure) 585M->344M(732M) 2.525ms
[253.835s][info][gc,cpu         ] GC(680) User=0.00s Sys=0.00s Real=0.00s
[253.911s][info][gc,start       ] GC(681) Pause Young (Allocation Failure)
[253.913s][info][gc,heap        ] GC(681) PSYoungGen: 237632K(246784K)->64K(291840K) Eden: 237568K(237568K)->0K(283136K) From: 64K(9216K)->64K(8704K)
[253.913s][info][gc,heap        ] GC(681) ParOldGen: 352457K(503296K)->352465K(503296K)
[253.913s][info][gc,metaspace   ] GC(681) Metaspace: 35284K(35968K)->35284K(35968K) NonClass: 26076K(26560K)->26076K(26560K) Class: 9208K(9408K)->9208K(9408K)
[253.913s][info][gc             ] GC(681) Pause Young (Allocation Failure) 576M->344M(776M) 2.394ms
[253.913s][info][gc,cpu         ] GC(681) User=0.01s Sys=0.00s Real=0.01s
[254.575s][info][gc,start       ] GC(682) Pause Young (Allocation Failure)
[254.578s][info][gc,heap        ] GC(682) PSYoungGen: 283200K(291840K)->64K(272384K) Eden: 283136K(283136K)->0K(271872K) From: 64K(8704K)->64K(512K)
[254.578s][info][gc,heap        ] GC(682) ParOldGen: 352465K(503296K)->352473K(503296K)
[254.578s][info][gc,metaspace   ] GC(682) Metaspace: 35284K(35968K)->35284K(35968K) NonClass: 26076K(26560K)->26076K(26560K) Class: 9208K(9408K)->9208K(9408K)
[254.578s][info][gc             ] GC(682) Pause Young (Allocation Failure) 620M->344M(757M) 3.319ms
[254.578s][info][gc,cpu         ] GC(682) User=0.00s Sys=0.00s Real=0.00s
[254.891s][info][gc,start       ] GC(683) Pause Young (Allocation Failure)
[254.894s][info][gc,heap        ] GC(683) PSYoungGen: 271936K(272384K)->64K(261632K) Eden: 271872K(271872K)->0K(261120K) From: 64K(512K)->64K(512K)
[254.894s][info][gc,heap        ] GC(683) ParOldGen: 352473K(503296K)->352481K(503296K)
[254.894s][info][gc,metaspace   ] GC(683) Metaspace: 35284K(35968K)->35284K(35968K) NonClass: 26076K(26560K)->26076K(26560K) Class: 9208K(9408K)->9208K(9408K)
[254.894s][info][gc             ] GC(683) Pause Young (Allocation Failure) 609M->344M(747M) 3.191ms
[254.894s][info][gc,cpu         ] GC(683) User=0.00s Sys=0.00s Real=0.01s
[255.265s][info][gc,start       ] GC(684) Pause Young (Allocation Failure)
[255.309s][info][gc,heap        ] GC(684) PSYoungGen: 261184K(261632K)->7168K(277504K) Eden: 261120K(261120K)->0K(270336K) From: 64K(512K)->7168K(7168K)
[255.309s][info][gc,heap        ] GC(684) ParOldGen: 352481K(503296K)->370721K(503296K)
[255.309s][info][gc,metaspace   ] GC(684) Metaspace: 35284K(35968K)->35284K(35968K) NonClass: 26076K(26560K)->26076K(26560K) Class: 9208K(9408K)->9208K(9408K)
[255.309s][info][gc             ] GC(684) Pause Young (Allocation Failure) 599M->369M(762M) 43.777ms
[255.309s][info][gc,cpu         ] GC(684) User=0.08s Sys=0.00s Real=0.04s
[255.657s][info][gc,start       ] GC(685) Pause Young (Allocation Failure)
[255.720s][info][gc,heap        ] GC(685) PSYoungGen: 277504K(277504K)->15360K(300032K) Eden: 270336K(270336K)->0K(284672K) From: 7168K(7168K)->15360K(15360K)
[255.720s][info][gc,heap        ] GC(685) ParOldGen: 370721K(503296K)->386353K(503296K)
[255.720s][info][gc,metaspace   ] GC(685) Metaspace: 35284K(35968K)->35284K(35968K) NonClass: 26076K(26560K)->26076K(26560K) Class: 9208K(9408K)->9208K(9408K)
[255.720s][info][gc             ] GC(685) Pause Young (Allocation Failure) 633M->392M(784M) 63.143ms
[255.720s][info][gc,cpu         ] GC(685) User=0.11s Sys=0.01s Real=0.06s
[255.867s][info][gc,start       ] GC(686) Pause Young (Allocation Failure)
[255.886s][info][gc,heap        ] GC(686) PSYoungGen: 300032K(300032K)->6784K(309248K) Eden: 284672K(284672K)->0K(284672K) From: 15360K(15360K)->6784K(24576K)
[255.886s][info][gc,heap        ] GC(686) ParOldGen: 386353K(503296K)->386769K(503296K)
[255.886s][info][gc,metaspace   ] GC(686) Metaspace: 35284K(35968K)->35284K(35968K) NonClass: 26076K(26560K)->26076K(26560K) Class: 9208K(9408K)->9208K(9408K)
[255.886s][info][gc             ] GC(686) Pause Young (Allocation Failure) 670M->384M(793M) 19.056ms
[255.886s][info][gc,cpu         ] GC(686) User=0.02s Sys=0.01s Real=0.02s
[256.494s][info][gc,start       ] GC(687) Pause Young (Allocation Failure)
[256.495s][info][gc,heap        ] GC(687) PSYoungGen: 291456K(309248K)->64K(306688K) Eden: 284672K(284672K)->0K(286208K) From: 6784K(24576K)->64K(20480K)
[256.495s][info][gc,heap        ] GC(687) ParOldGen: 386769K(503296K)->386777K(503296K)
[256.495s][info][gc,metaspace   ] GC(687) Metaspace: 35284K(35968K)->35284K(35968K) NonClass: 26076K(26560K)->26076K(26560K) Class: 9208K(9408K)->9208K(9408K)
[256.495s][info][gc             ] GC(687) Pause Young (Allocation Failure) 662M->377M(791M) 1.739ms
[256.495s][info][gc,cpu         ] GC(687) User=0.01s Sys=0.00s Real=0.00s
[256.963s][info][gc,start       ] GC(688) Pause Young (Allocation Failure)
[256.965s][info][gc,heap        ] GC(688) PSYoungGen: 286272K(306688K)->64K(308736K) Eden: 286208K(286208K)->0K(286208K) From: 64K(20480K)->64K(22528K)
[256.965s][info][gc,heap        ] GC(688) ParOldGen: 386777K(503296K)->386785K(503296K)
[256.965s][info][gc,metaspace   ] GC(688) Metaspace: 35284K(35968K)->35284K(35968K) NonClass: 26076K(26560K)->26076K(26560K) Class: 9208K(9408K)->9208K(9408K)
[256.965s][info][gc             ] GC(688) Pause Young (Allocation Failure) 657M->377M(793M) 1.511ms
[256.965s][info][gc,cpu         ] GC(688) User=0.00s Sys=0.00s Real=0.00s
[257.405s][info][gc,start       ] GC(689) Pause Young (Allocation Failure)
[257.406s][info][gc,heap        ] GC(689) PSYoungGen: 286272K(308736K)->64K(309248K) Eden: 286208K(286208K)->0K(289792K) From: 64K(22528K)->64K(19456K)
[257.406s][info][gc,heap        ] GC(689) ParOldGen: 386785K(503296K)->386801K(503296K)
[257.406s][info][gc,metaspace   ] GC(689) Metaspace: 35284K(35968K)->35284K(35968K) NonClass: 26076K(26560K)->26076K(26560K) Class: 9208K(9408K)->9208K(9408K)
[257.406s][info][gc             ] GC(689) Pause Young (Allocation Failure) 657M->377M(793M) 1.589ms
[257.406s][info][gc,cpu         ] GC(689) User=0.01s Sys=0.00s Real=0.00s
[257.628s][info][gc,start       ] GC(690) Pause Young (Allocation Failure)
[257.629s][info][gc,heap        ] GC(690) PSYoungGen: 289856K(309248K)->64K(310784K) Eden: 289792K(289792K)->0K(289792K) From: 64K(19456K)->64K(20992K)
[257.629s][info][gc,heap        ] GC(690) ParOldGen: 386801K(503296K)->386817K(503296K)
[257.629s][info][gc,metaspace   ] GC(690) Metaspace: 35284K(35968K)->35284K(35968K) NonClass: 26076K(26560K)->26076K(26560K) Class: 9208K(9408K)->9208K(9408K)
[257.629s][info][gc             ] GC(690) Pause Young (Allocation Failure) 660M->377M(795M) 1.503ms
[257.629s][info][gc,cpu         ] GC(690) User=0.00s Sys=0.00s Real=0.00s
[257.977s][info][gc,start       ] GC(691) Pause Young (Allocation Failure)
[257.978s][info][gc,heap        ] GC(691) PSYoungGen: 289856K(310784K)->64K(310272K) Eden: 289792K(289792K)->0K(292864K) From: 64K(20992K)->64K(17408K)
[257.979s][info][gc,heap        ] GC(691) ParOldGen: 386817K(503296K)->386817K(503296K)
[257.979s][info][gc,metaspace   ] GC(691) Metaspace: 35284K(35968K)->35284K(35968K) NonClass: 26076K(26560K)->26076K(26560K) Class: 9208K(9408K)->9208K(9408K)
[257.979s][info][gc             ] GC(691) Pause Young (Allocation Failure) 660M->377M(794M) 1.594ms
[257.979s][info][gc,cpu         ] GC(691) User=0.01s Sys=0.00s Real=0.00s
[258.103s][info][gc,start       ] GC(692) Pause Young (Allocation Failure)
[258.105s][info][gc,heap        ] GC(692) PSYoungGen: 292928K(310272K)->64K(311808K) Eden: 292864K(292864K)->0K(292864K) From: 64K(17408K)->64K(18944K)
[258.105s][info][gc,heap        ] GC(692) ParOldGen: 386817K(503296K)->386825K(503296K)
[258.105s][info][gc,metaspace   ] GC(692) Metaspace: 35284K(35968K)->35284K(35968K) NonClass: 26076K(26560K)->26076K(26560K) Class: 9208K(9408K)->9208K(9408K)
[258.106s][info][gc             ] GC(692) Pause Young (Allocation Failure) 663M->377M(796M) 2.045ms
[258.106s][info][gc,cpu         ] GC(692) User=0.00s Sys=0.00s Real=0.00s
[258.158s][info][gc,start       ] GC(693) Pause Young (Allocation Failure)
[258.159s][info][gc,heap        ] GC(693) PSYoungGen: 292928K(311808K)->64K(313344K) Eden: 292864K(292864K)->0K(296960K) From: 64K(18944K)->64K(16384K)
[258.159s][info][gc,heap        ] GC(693) ParOldGen: 386825K(503296K)->386841K(503296K)
[258.159s][info][gc,metaspace   ] GC(693) Metaspace: 35284K(35968K)->35284K(35968K) NonClass: 26076K(26560K)->26076K(26560K) Class: 9208K(9408K)->9208K(9408K)
[258.159s][info][gc             ] GC(693) Pause Young (Allocation Failure) 663M->377M(797M) 1.436ms
[258.159s][info][gc,cpu         ] GC(693) User=0.01s Sys=0.00s Real=0.00s
[258.312s][info][gc,start       ] GC(694) Pause Young (Allocation Failure)
[258.314s][info][gc,heap        ] GC(694) PSYoungGen: 297024K(313344K)->64K(314368K) Eden: 296960K(296960K)->0K(296960K) From: 64K(16384K)->64K(17408K)
[258.314s][info][gc,heap        ] GC(694) ParOldGen: 386841K(503296K)->386841K(503296K)
[258.314s][info][gc,metaspace   ] GC(694) Metaspace: 35284K(35968K)->35284K(35968K) NonClass: 26076K(26560K)->26076K(26560K) Class: 9208K(9408K)->9208K(9408K)
[258.314s][info][gc             ] GC(694) Pause Young (Allocation Failure) 667M->377M(798M) 1.468ms
[258.314s][info][gc,cpu         ] GC(694) User=0.01s Sys=0.00s Real=0.00s
[258.548s][info][gc,start       ] GC(695) Pause Young (Allocation Failure)
[258.549s][info][gc,heap        ] GC(695) PSYoungGen: 297024K(314368K)->64K(314368K) Eden: 296960K(296960K)->0K(300032K) From: 64K(17408K)->64K(14336K)
[258.549s][info][gc,heap        ] GC(695) ParOldGen: 386841K(503296K)->386849K(503296K)
[258.549s][info][gc,metaspace   ] GC(695) Metaspace: 35284K(35968K)->35284K(35968K) NonClass: 26076K(26560K)->26076K(26560K) Class: 9208K(9408K)->9208K(9408K)
[258.549s][info][gc             ] GC(695) Pause Young (Allocation Failure) 667M->377M(798M) 1.472ms
[258.549s][info][gc,cpu         ] GC(695) User=0.00s Sys=0.00s Real=0.00s
[258.702s][info][gc,start       ] GC(696) Pause Young (Allocation Failure)
[258.703s][info][gc,heap        ] GC(696) PSYoungGen: 300096K(314368K)->64K(315392K) Eden: 300032K(300032K)->0K(300032K) From: 64K(14336K)->64K(15360K)
[258.703s][info][gc,heap        ] GC(696) ParOldGen: 386849K(503296K)->386857K(503296K)
[258.703s][info][gc,metaspace   ] GC(696) Metaspace: 35284K(35968K)->35284K(35968K) NonClass: 26076K(26560K)->26076K(26560K) Class: 9208K(9408K)->9208K(9408K)
[258.703s][info][gc             ] GC(696) Pause Young (Allocation Failure) 670M->377M(799M) 1.508ms
[258.703s][info][gc,cpu         ] GC(696) User=0.00s Sys=0.00s Real=0.01s
[258.803s][info][gc,start       ] GC(697) Pause Young (Allocation Failure)
[258.804s][info][gc,heap        ] GC(697) PSYoungGen: 300096K(315392K)->64K(317440K) Eden: 300032K(300032K)->0K(304128K) From: 64K(15360K)->64K(13312K)
[258.804s][info][gc,heap        ] GC(697) ParOldGen: 386857K(503296K)->386865K(503296K)
[258.804s][info][gc,metaspace   ] GC(697) Metaspace: 35284K(35968K)->35284K(35968K) NonClass: 26076K(26560K)->26076K(26560K) Class: 9208K(9408K)->9208K(9408K)
[258.804s][info][gc             ] GC(697) Pause Young (Allocation Failure) 670M->377M(801M) 1.432ms
[258.804s][info][gc,cpu         ] GC(697) User=0.01s Sys=0.00s Real=0.00s
[259.018s][info][gc,start       ] GC(698) Pause Young (Allocation Failure)
[259.019s][info][gc,heap        ] GC(698) PSYoungGen: 304192K(317440K)->64K(317952K) Eden: 304128K(304128K)->0K(304128K) From: 64K(13312K)->64K(13824K)
[259.019s][info][gc,heap        ] GC(698) ParOldGen: 386865K(503296K)->386873K(503296K)
[259.019s][info][gc,metaspace   ] GC(698) Metaspace: 35284K(35968K)->35284K(35968K) NonClass: 26076K(26560K)->26076K(26560K) Class: 9208K(9408K)->9208K(9408K)
[259.019s][info][gc             ] GC(698) Pause Young (Allocation Failure) 674M->377M(802M) 1.477ms
[259.020s][info][gc,cpu         ] GC(698) User=0.01s Sys=0.00s Real=0.00s
[259.950s][info][gc,start       ] GC(699) Pause Young (Allocation Failure)
[259.952s][info][gc,heap        ] GC(699) PSYoungGen: 304192K(317952K)->83K(292352K) Eden: 304128K(304128K)->0K(291840K) From: 64K(13824K)->83K(512K)
[259.952s][info][gc,heap        ] GC(699) ParOldGen: 386873K(503296K)->386881K(503296K)
[259.952s][info][gc,metaspace   ] GC(699) Metaspace: 35284K(35968K)->35284K(35968K) NonClass: 26076K(26560K)->26076K(26560K) Class: 9208K(9408K)->9208K(9408K)
[259.952s][info][gc             ] GC(699) Pause Young (Allocation Failure) 674M->377M(777M) 2.160ms
[259.952s][info][gc,cpu         ] GC(699) User=0.01s Sys=0.00s Real=0.00s
[260.898s][info][gc,start       ] GC(700) Pause Young (Allocation Failure)
[260.899s][info][gc,heap        ] GC(700) PSYoungGen: 291923K(292352K)->64K(292352K) Eden: 291840K(291840K)->0K(280064K) From: 83K(512K)->64K(12288K)
[260.899s][info][gc,heap        ] GC(700) ParOldGen: 386881K(503296K)->386889K(503296K)
[260.899s][info][gc,metaspace   ] GC(700) Metaspace: 35284K(35968K)->35284K(35968K) NonClass: 26076K(26560K)->26076K(26560K) Class: 9208K(9408K)->9208K(9408K)
[260.899s][info][gc             ] GC(700) Pause Young (Allocation Failure) 662M->377M(777M) 1.447ms
[260.899s][info][gc,cpu         ] GC(700) User=0.00s Sys=0.00s Real=0.00s
[261.363s][info][gc,start       ] GC(701) Pause Young (Allocation Failure)
[261.366s][info][gc,heap        ] GC(701) PSYoungGen: 280128K(292352K)->64K(269312K) Eden: 280064K(280064K)->0K(268800K) From: 64K(12288K)->64K(512K)
[261.366s][info][gc,heap        ] GC(701) ParOldGen: 386889K(503296K)->386905K(503296K)
[261.366s][info][gc,metaspace   ] GC(701) Metaspace: 35284K(35968K)->35284K(35968K) NonClass: 26076K(26560K)->26076K(26560K) Class: 9208K(9408K)->9208K(9408K)
[261.366s][info][gc             ] GC(701) Pause Young (Allocation Failure) 651M->377M(754M) 2.896ms
[261.366s][info][gc,cpu         ] GC(701) User=0.00s Sys=0.00s Real=0.00s
[262.404s][info][gc,start       ] GC(702) Pause Young (Allocation Failure)
[262.406s][info][gc,heap        ] GC(702) PSYoungGen: 268864K(269312K)->64K(268800K) Eden: 268800K(268800K)->0K(258048K) From: 64K(512K)->64K(10752K)
[262.406s][info][gc,heap        ] GC(702) ParOldGen: 386905K(503296K)->386921K(503296K)
[262.406s][info][gc,metaspace   ] GC(702) Metaspace: 35284K(35968K)->35284K(35968K) NonClass: 26076K(26560K)->26076K(26560K) Class: 9208K(9408K)->9208K(9408K)
[262.406s][info][gc             ] GC(702) Pause Young (Allocation Failure) 640M->377M(754M) 2.625ms
[262.406s][info][gc,cpu         ] GC(702) User=0.00s Sys=0.00s Real=0.00s
[262.837s][info][gc,start       ] GC(703) Pause Young (Allocation Failure)
[262.840s][info][gc,heap        ] GC(703) PSYoungGen: 258112K(268800K)->32K(248320K) Eden: 258048K(258048K)->0K(247808K) From: 64K(10752K)->32K(512K)
[262.840s][info][gc,heap        ] GC(703) ParOldGen: 386921K(503296K)->386929K(503296K)
[262.840s][info][gc,metaspace   ] GC(703) Metaspace: 35284K(35968K)->35284K(35968K) NonClass: 26076K(26560K)->26076K(26560K) Class: 9208K(9408K)->9208K(9408K)
[262.840s][info][gc             ] GC(703) Pause Young (Allocation Failure) 629M->377M(734M) 3.161ms
[262.840s][info][gc,cpu         ] GC(703) User=0.00s Sys=0.00s Real=0.00s
[263.018s][info][gc,start       ] GC(704) Pause Young (Allocation Failure)
[263.019s][info][gc,heap        ] GC(704) PSYoungGen: 247840K(248320K)->64K(247296K) Eden: 247808K(247808K)->0K(238080K) From: 32K(512K)->64K(9216K)
[263.019s][info][gc,heap        ] GC(704) ParOldGen: 386929K(503296K)->386937K(503296K)
[263.019s][info][gc,metaspace   ] GC(704) Metaspace: 35284K(35968K)->35284K(35968K) NonClass: 26076K(26560K)->26076K(26560K) Class: 9208K(9408K)->9208K(9408K)
[263.019s][info][gc             ] GC(704) Pause Young (Allocation Failure) 619M->377M(733M) 1.395ms
[263.019s][info][gc,cpu         ] GC(704) User=0.00s Sys=0.00s Real=0.00s
[263.283s][info][gc,start       ] GC(705) Pause Young (Allocation Failure)
[263.285s][info][gc,heap        ] GC(705) PSYoungGen: 238144K(247296K)->64K(229376K) Eden: 238080K(238080K)->0K(228864K) From: 64K(9216K)->64K(512K)
[263.285s][info][gc,heap        ] GC(705) ParOldGen: 386937K(503296K)->386945K(503296K)
[263.285s][info][gc,metaspace   ] GC(705) Metaspace: 35284K(35968K)->35284K(35968K) NonClass: 26076K(26560K)->26076K(26560K) Class: 9208K(9408K)->9208K(9408K)
[263.285s][info][gc             ] GC(705) Pause Young (Allocation Failure) 610M->377M(715M) 2.175ms
[263.285s][info][gc,cpu         ] GC(705) User=0.01s Sys=0.00s Real=0.00s
[263.751s][info][gc,start       ] GC(706) Pause Young (Allocation Failure)
[263.752s][info][gc,heap        ] GC(706) PSYoungGen: 228928K(229376K)->64K(228352K) Eden: 228864K(228864K)->0K(220160K) From: 64K(512K)->64K(8192K)
[263.752s][info][gc,heap        ] GC(706) ParOldGen: 386945K(503296K)->386953K(503296K)
[263.752s][info][gc,metaspace   ] GC(706) Metaspace: 35284K(35968K)->35284K(35968K) NonClass: 26076K(26560K)->26076K(26560K) Class: 9208K(9408K)->9208K(9408K)
[263.752s][info][gc             ] GC(706) Pause Young (Allocation Failure) 601M->377M(714M) 1.499ms
[263.752s][info][gc,cpu         ] GC(706) User=0.00s Sys=0.00s Real=0.01s
[264.045s][info][gc,start       ] GC(707) Pause Young (Allocation Failure)
[264.047s][info][gc,heap        ] GC(707) PSYoungGen: 220224K(228352K)->64K(212480K) Eden: 220160K(220160K)->0K(211968K) From: 64K(8192K)->64K(512K)
[264.047s][info][gc,heap        ] GC(707) ParOldGen: 386953K(503296K)->386961K(503296K)
[264.047s][info][gc,metaspace   ] GC(707) Metaspace: 35284K(35968K)->35284K(35968K) NonClass: 26076K(26560K)->26076K(26560K) Class: 9208K(9408K)->9208K(9408K)
[264.047s][info][gc             ] GC(707) Pause Young (Allocation Failure) 592M->377M(699M) 2.046ms
[264.047s][info][gc,cpu         ] GC(707) User=0.01s Sys=0.00s Real=0.00s
[264.294s][info][gc,start       ] GC(708) Pause Young (Allocation Failure)
[264.330s][info][gc,heap        ] GC(708) PSYoungGen: 212032K(212480K)->7168K(261632K) Eden: 211968K(211968K)->0K(254464K) From: 64K(512K)->7168K(7168K)
[264.330s][info][gc,heap        ] GC(708) ParOldGen: 386961K(503296K)->402937K(503296K)
[264.330s][info][gc,metaspace   ] GC(708) Metaspace: 35284K(35968K)->35284K(35968K) NonClass: 26076K(26560K)->26076K(26560K) Class: 9208K(9408K)->9208K(9408K)
[264.330s][info][gc             ] GC(708) Pause Young (Allocation Failure) 584M->400M(747M) 35.511ms
[264.330s][info][gc,cpu         ] GC(708) User=0.07s Sys=0.00s Real=0.03s
[264.621s][info][gc,start       ] GC(709) Pause Young (Allocation Failure)
[264.670s][info][gc,heap        ] GC(709) PSYoungGen: 261632K(261632K)->7168K(261632K) Eden: 254464K(254464K)->0K(254464K) From: 7168K(7168K)->7168K(7168K)
[264.670s][info][gc,heap        ] GC(709) ParOldGen: 402937K(503296K)->424921K(503296K)
[264.670s][info][gc,metaspace   ] GC(709) Metaspace: 35284K(35968K)->35284K(35968K) NonClass: 26076K(26560K)->26076K(26560K) Class: 9208K(9408K)->9208K(9408K)
[264.670s][info][gc             ] GC(709) Pause Young (Allocation Failure) 648M->421M(747M) 48.921ms
[264.670s][info][gc,cpu         ] GC(709) User=0.09s Sys=0.00s Real=0.05s
[264.821s][info][gc,start       ] GC(710) Pause Young (Allocation Failure)
[264.843s][info][gc,heap        ] GC(710) PSYoungGen: 261632K(261632K)->10816K(277504K) Eden: 254464K(254464K)->0K(254464K) From: 7168K(7168K)->10816K(23040K)
[264.843s][info][gc,heap        ] GC(710) ParOldGen: 424921K(503296K)->425513K(503296K)
[264.843s][info][gc,metaspace   ] GC(710) Metaspace: 35284K(35968K)->35284K(35968K) NonClass: 26076K(26560K)->26076K(26560K) Class: 9208K(9408K)->9208K(9408K)
[264.843s][info][gc             ] GC(710) Pause Young (Allocation Failure) 670M->426M(762M) 21.879ms
[264.843s][info][gc,cpu         ] GC(710) User=0.05s Sys=0.00s Real=0.03s
[265.217s][info][gc,start       ] GC(711) Pause Young (Allocation Failure)
[265.219s][info][gc,heap        ] GC(711) PSYoungGen: 265280K(277504K)->64K(309248K) Eden: 254464K(254464K)->0K(287232K) From: 10816K(23040K)->64K(22016K)
[265.219s][info][gc,heap        ] GC(711) ParOldGen: 425513K(503296K)->425521K(503296K)
[265.219s][info][gc,metaspace   ] GC(711) Metaspace: 35284K(35968K)->35284K(35968K) NonClass: 26076K(26560K)->26076K(26560K) Class: 9208K(9408K)->9208K(9408K)
[265.219s][info][gc             ] GC(711) Pause Young (Allocation Failure) 674M->415M(793M) 1.659ms
[265.219s][info][gc,cpu         ] GC(711) User=0.00s Sys=0.00s Real=0.00s
[265.849s][info][gc,start       ] GC(712) Pause Young (Allocation Failure)
[265.850s][info][gc,heap        ] GC(712) PSYoungGen: 287296K(309248K)->64K(309760K) Eden: 287232K(287232K)->0K(287232K) From: 64K(22016K)->64K(22528K)
[265.850s][info][gc,heap        ] GC(712) ParOldGen: 425521K(503296K)->425529K(503296K)
[265.850s][info][gc,metaspace   ] GC(712) Metaspace: 35284K(35968K)->35284K(35968K) NonClass: 26076K(26560K)->26076K(26560K) Class: 9208K(9408K)->9208K(9408K)
[265.850s][info][gc             ] GC(712) Pause Young (Allocation Failure) 696M->415M(794M) 1.627ms
[265.850s][info][gc,cpu         ] GC(712) User=0.01s Sys=0.00s Real=0.00s
[266.307s][info][gc,start       ] GC(713) Pause Young (Allocation Failure)
[266.308s][info][gc,heap        ] GC(713) PSYoungGen: 287296K(309760K)->64K(309248K) Eden: 287232K(287232K)->0K(289280K) From: 64K(22528K)->64K(19968K)
[266.308s][info][gc,heap        ] GC(713) ParOldGen: 425529K(503296K)->425545K(503296K)
[266.308s][info][gc,metaspace   ] GC(713) Metaspace: 35284K(35968K)->35284K(35968K) NonClass: 26076K(26560K)->26076K(26560K) Class: 9208K(9408K)->9208K(9408K)
[266.308s][info][gc             ] GC(713) Pause Young (Allocation Failure) 696M->415M(793M) 1.634ms
[266.308s][info][gc,cpu         ] GC(713) User=0.00s Sys=0.00s Real=0.00s
[266.531s][info][gc,start       ] GC(714) Pause Young (Allocation Failure)
[266.532s][info][gc,heap        ] GC(714) PSYoungGen: 289344K(309248K)->64K(310272K) Eden: 289280K(289280K)->0K(289280K) From: 64K(19968K)->64K(20992K)
[266.532s][info][gc,heap        ] GC(714) ParOldGen: 425545K(503296K)->425561K(503296K)
[266.532s][info][gc,metaspace   ] GC(714) Metaspace: 35284K(35968K)->35284K(35968K) NonClass: 26076K(26560K)->26076K(26560K) Class: 9208K(9408K)->9208K(9408K)
[266.532s][info][gc             ] GC(714) Pause Young (Allocation Failure) 698M->415M(794M) 1.625ms
[266.532s][info][gc,cpu         ] GC(714) User=0.01s Sys=0.00s Real=0.01s
[266.753s][info][gc,start       ] GC(715) Pause Young (Allocation Failure)
[266.755s][info][gc,heap        ] GC(715) PSYoungGen: 289344K(310272K)->64K(311808K) Eden: 289280K(289280K)->0K(292864K) From: 64K(20992K)->64K(18944K)
[266.755s][info][gc,heap        ] GC(715) ParOldGen: 425561K(503296K)->425561K(503296K)
[266.755s][info][gc,metaspace   ] GC(715) Metaspace: 35284K(35968K)->35284K(35968K) NonClass: 26076K(26560K)->26076K(26560K) Class: 9208K(9408K)->9208K(9408K)
[266.755s][info][gc             ] GC(715) Pause Young (Allocation Failure) 698M->415M(796M) 1.562ms
[266.755s][info][gc,cpu         ] GC(715) User=0.00s Sys=0.00s Real=0.00s
[267.061s][info][gc,start       ] GC(716) Pause Young (Allocation Failure)
[267.063s][info][gc,heap        ] GC(716) PSYoungGen: 292928K(311808K)->64K(312320K) Eden: 292864K(292864K)->0K(292864K) From: 64K(18944K)->64K(19456K)
[267.063s][info][gc,heap        ] GC(716) ParOldGen: 425561K(503296K)->425561K(503296K)
[267.063s][info][gc,metaspace   ] GC(716) Metaspace: 35284K(35968K)->35284K(35968K) NonClass: 26076K(26560K)->26076K(26560K) Class: 9208K(9408K)->9208K(9408K)
[267.063s][info][gc             ] GC(716) Pause Young (Allocation Failure) 701M->415M(796M) 1.600ms
[267.063s][info][gc,cpu         ] GC(716) User=0.01s Sys=0.00s Real=0.01s
[267.114s][info][gc,start       ] GC(717) Pause Young (Allocation Failure)
[267.116s][info][gc,heap        ] GC(717) PSYoungGen: 292928K(312320K)->64K(312832K) Eden: 292864K(292864K)->0K(295936K) From: 64K(19456K)->64K(16896K)
[267.116s][info][gc,heap        ] GC(717) ParOldGen: 425561K(503296K)->425577K(503296K)
[267.116s][info][gc,metaspace   ] GC(717) Metaspace: 35284K(35968K)->35284K(35968K) NonClass: 26076K(26560K)->26076K(26560K) Class: 9208K(9408K)->9208K(9408K)
[267.116s][info][gc             ] GC(717) Pause Young (Allocation Failure) 701M->415M(797M) 1.498ms
[267.116s][info][gc,cpu         ] GC(717) User=0.00s Sys=0.00s Real=0.00s
[267.208s][info][gc,start       ] GC(718) Pause Young (Allocation Failure)
[267.210s][info][gc,heap        ] GC(718) PSYoungGen: 296000K(312832K)->64K(313344K) Eden: 295936K(295936K)->0K(295936K) From: 64K(16896K)->64K(17408K)
[267.210s][info][gc,heap        ] GC(718) ParOldGen: 425577K(503296K)->425577K(503296K)
[267.210s][info][gc,metaspace   ] GC(718) Metaspace: 35284K(35968K)->35284K(35968K) NonClass: 26076K(26560K)->26076K(26560K) Class: 9208K(9408K)->9208K(9408K)
[267.210s][info][gc             ] GC(718) Pause Young (Allocation Failure) 704M->415M(797M) 1.575ms
[267.210s][info][gc,cpu         ] GC(718) User=0.00s Sys=0.00s Real=0.00s
[267.445s][info][gc,start       ] GC(719) Pause Young (Allocation Failure)
[267.446s][info][gc,heap        ] GC(719) PSYoungGen: 296000K(313344K)->64K(314880K) Eden: 295936K(295936K)->0K(300032K) From: 64K(17408K)->64K(14848K)
[267.446s][info][gc,heap        ] GC(719) ParOldGen: 425577K(503296K)->425593K(503296K)
[267.446s][info][gc,metaspace   ] GC(719) Metaspace: 35284K(35968K)->35284K(35968K) NonClass: 26076K(26560K)->26076K(26560K) Class: 9208K(9408K)->9208K(9408K)
[267.446s][info][gc             ] GC(719) Pause Young (Allocation Failure) 704M->415M(799M) 1.515ms
[267.446s][info][gc,cpu         ] GC(719) User=0.00s Sys=0.00s Real=0.00s
[267.645s][info][gc,start       ] GC(720) Pause Young (Allocation Failure)
[267.647s][info][gc,heap        ] GC(720) PSYoungGen: 300096K(314880K)->64K(315392K) Eden: 300032K(300032K)->0K(300032K) From: 64K(14848K)->64K(15360K)
[267.647s][info][gc,heap        ] GC(720) ParOldGen: 425593K(503296K)->425593K(503296K)
[267.647s][info][gc,metaspace   ] GC(720) Metaspace: 35284K(35968K)->35284K(35968K) NonClass: 26076K(26560K)->26076K(26560K) Class: 9208K(9408K)->9208K(9408K)
[267.647s][info][gc             ] GC(720) Pause Young (Allocation Failure) 708M->415M(799M) 1.585ms
[267.647s][info][gc,cpu         ] GC(720) User=0.00s Sys=0.00s Real=0.00s
[267.733s][info][gc,start       ] GC(721) Pause Young (Allocation Failure)
[267.735s][info][gc,heap        ] GC(721) PSYoungGen: 300096K(315392K)->64K(316416K) Eden: 300032K(300032K)->0K(303616K) From: 64K(15360K)->64K(12800K)
[267.735s][info][gc,heap        ] GC(721) ParOldGen: 425593K(503296K)->425609K(503296K)
[267.735s][info][gc,metaspace   ] GC(721) Metaspace: 35284K(35968K)->35284K(35968K) NonClass: 26076K(26560K)->26076K(26560K) Class: 9208K(9408K)->9208K(9408K)
[267.735s][info][gc             ] GC(721) Pause Young (Allocation Failure) 708M->415M(800M) 1.496ms
[267.735s][info][gc,cpu         ] GC(721) User=0.01s Sys=0.00s Real=0.00s
[267.907s][info][gc,start       ] GC(722) Pause Young (Allocation Failure)
[267.909s][info][gc,heap        ] GC(722) PSYoungGen: 303680K(316416K)->64K(317440K) Eden: 303616K(303616K)->0K(303616K) From: 64K(12800K)->64K(13824K)
[267.909s][info][gc,heap        ] GC(722) ParOldGen: 425609K(503296K)->425609K(503296K)
[267.909s][info][gc,metaspace   ] GC(722) Metaspace: 35284K(35968K)->35284K(35968K) NonClass: 26076K(26560K)->26076K(26560K) Class: 9208K(9408K)->9208K(9408K)
[267.909s][info][gc             ] GC(722) Pause Young (Allocation Failure) 712M->415M(801M) 1.549ms
[267.909s][info][gc,cpu         ] GC(722) User=0.00s Sys=0.00s Real=0.00s
[268.905s][info][gc,start       ] GC(723) Pause Young (Allocation Failure)
[268.907s][info][gc,heap        ] GC(723) PSYoungGen: 303680K(317440K)->64K(291840K) Eden: 303616K(303616K)->0K(291328K) From: 64K(13824K)->64K(512K)
[268.907s][info][gc,heap        ] GC(723) ParOldGen: 425609K(503296K)->425617K(503296K)
[268.907s][info][gc,metaspace   ] GC(723) Metaspace: 35284K(35968K)->35284K(35968K) NonClass: 26076K(26560K)->26076K(26560K) Class: 9208K(9408K)->9208K(9408K)
[268.907s][info][gc             ] GC(723) Pause Young (Allocation Failure) 712M->415M(776M) 1.579ms
[268.907s][info][gc,cpu         ] GC(723) User=0.00s Sys=0.00s Real=0.00s
[269.793s][info][gc,start       ] GC(724) Pause Young (Allocation Failure)
[269.794s][info][gc,heap        ] GC(724) PSYoungGen: 291392K(291840K)->64K(291840K) Eden: 291328K(291328K)->0K(279552K) From: 64K(512K)->64K(12288K)
[269.794s][info][gc,heap        ] GC(724) ParOldGen: 425617K(503296K)->425625K(503296K)
[269.794s][info][gc,metaspace   ] GC(724) Metaspace: 35284K(35968K)->35284K(35968K) NonClass: 26076K(26560K)->26076K(26560K) Class: 9208K(9408K)->9208K(9408K)
[269.794s][info][gc             ] GC(724) Pause Young (Allocation Failure) 700M->415M(776M) 1.572ms
[269.794s][info][gc,cpu         ] GC(724) User=0.00s Sys=0.00s Real=0.00s
[270.139s][info][gc,start       ] GC(725) Pause Young (Allocation Failure)
[270.140s][info][gc,heap        ] GC(725) PSYoungGen: 279616K(291840K)->64K(268800K) Eden: 279552K(279552K)->0K(268288K) From: 64K(12288K)->64K(512K)
[270.140s][info][gc,heap        ] GC(725) ParOldGen: 425625K(503296K)->425633K(503296K)
[270.140s][info][gc,metaspace   ] GC(725) Metaspace: 35284K(35968K)->35284K(35968K) NonClass: 26076K(26560K)->26076K(26560K) Class: 9208K(9408K)->9208K(9408K)
[270.140s][info][gc             ] GC(725) Pause Young (Allocation Failure) 688M->415M(754M) 1.713ms
[270.141s][info][gc,cpu         ] GC(725) User=0.00s Sys=0.00s Real=0.00s
[270.804s][info][gc,start       ] GC(726) Pause Young (Allocation Failure)
[270.805s][info][gc,heap        ] GC(726) PSYoungGen: 268352K(268800K)->64K(268288K) Eden: 268288K(268288K)->0K(257536K) From: 64K(512K)->64K(10752K)
[270.805s][info][gc,heap        ] GC(726) ParOldGen: 425633K(503296K)->425641K(503296K)
[270.805s][info][gc,metaspace   ] GC(726) Metaspace: 35284K(35968K)->35284K(35968K) NonClass: 26076K(26560K)->26076K(26560K) Class: 9208K(9408K)->9208K(9408K)
[270.805s][info][gc             ] GC(726) Pause Young (Allocation Failure) 677M->415M(753M) 1.563ms
[270.805s][info][gc,cpu         ] GC(726) User=0.00s Sys=0.00s Real=0.00s
[271.570s][info][gc,start       ] GC(727) Pause Young (Allocation Failure)
[271.571s][info][gc,heap        ] GC(727) PSYoungGen: 257600K(268288K)->64K(247808K) Eden: 257536K(257536K)->0K(247296K) From: 64K(10752K)->64K(512K)
[271.571s][info][gc,heap        ] GC(727) ParOldGen: 425641K(503296K)->425649K(503296K)
[271.571s][info][gc,metaspace   ] GC(727) Metaspace: 35284K(35968K)->35284K(35968K) NonClass: 26076K(26560K)->26076K(26560K) Class: 9208K(9408K)->9208K(9408K)
[271.571s][info][gc             ] GC(727) Pause Young (Allocation Failure) 667M->415M(733M) 1.860ms
[271.571s][info][gc,cpu         ] GC(727) User=0.00s Sys=0.01s Real=0.00s
[271.961s][info][gc,start       ] GC(728) Pause Young (Allocation Failure)
[271.964s][info][gc,heap        ] GC(728) PSYoungGen: 247360K(247808K)->64K(246784K) Eden: 247296K(247296K)->0K(237568K) From: 64K(512K)->64K(9216K)
[271.964s][info][gc,heap        ] GC(728) ParOldGen: 425649K(503296K)->425657K(503296K)
[271.964s][info][gc,metaspace   ] GC(728) Metaspace: 35284K(35968K)->35284K(35968K) NonClass: 26076K(26560K)->26076K(26560K) Class: 9208K(9408K)->9208K(9408K)
[271.964s][info][gc             ] GC(728) Pause Young (Allocation Failure) 657M->415M(732M) 2.152ms
[271.964s][info][gc,cpu         ] GC(728) User=0.00s Sys=0.00s Real=0.01s
[272.049s][info][gc,start       ] GC(729) Pause Young (Allocation Failure)
[272.052s][info][gc,heap        ] GC(729) PSYoungGen: 237632K(246784K)->64K(292352K) Eden: 237568K(237568K)->0K(283648K) From: 64K(9216K)->64K(8704K)
[272.052s][info][gc,heap        ] GC(729) ParOldGen: 425657K(503296K)->425665K(503296K)
[272.052s][info][gc,metaspace   ] GC(729) Metaspace: 35284K(35968K)->35284K(35968K) NonClass: 26076K(26560K)->26076K(26560K) Class: 9208K(9408K)->9208K(9408K)
[272.052s][info][gc             ] GC(729) Pause Young (Allocation Failure) 647M->415M(777M) 2.689ms
[272.052s][info][gc,cpu         ] GC(729) User=0.01s Sys=0.00s Real=0.00s
[272.704s][info][gc,start       ] GC(730) Pause Young (Allocation Failure)
[272.708s][info][gc,heap        ] GC(730) PSYoungGen: 283712K(292352K)->64K(272896K) Eden: 283648K(283648K)->0K(272384K) From: 64K(8704K)->64K(512K)
[272.708s][info][gc,heap        ] GC(730) ParOldGen: 425665K(503296K)->425673K(503296K)
[272.708s][info][gc,metaspace   ] GC(730) Metaspace: 35284K(35968K)->35284K(35968K) NonClass: 26076K(26560K)->26076K(26560K) Class: 9208K(9408K)->9208K(9408K)
[272.708s][info][gc             ] GC(730) Pause Young (Allocation Failure) 692M->415M(758M) 3.633ms
[272.708s][info][gc,cpu         ] GC(730) User=0.00s Sys=0.00s Real=0.00s
[273.036s][info][gc,start       ] GC(731) Pause Young (Allocation Failure)
[273.039s][info][gc,heap        ] GC(731) PSYoungGen: 272448K(272896K)->64K(262144K) Eden: 272384K(272384K)->0K(261632K) From: 64K(512K)->64K(512K)
[273.039s][info][gc,heap        ] GC(731) ParOldGen: 425673K(503296K)->425689K(503296K)
[273.039s][info][gc,metaspace   ] GC(731) Metaspace: 35284K(35968K)->35284K(35968K) NonClass: 26076K(26560K)->26076K(26560K) Class: 9208K(9408K)->9208K(9408K)
[273.040s][info][gc             ] GC(731) Pause Young (Allocation Failure) 681M->415M(747M) 3.403ms
[273.040s][info][gc,cpu         ] GC(731) User=0.00s Sys=0.00s Real=0.00s
[273.360s][info][gc,start       ] GC(732) Pause Young (Allocation Failure)
[273.410s][info][gc,heap        ] GC(732) PSYoungGen: 261696K(262144K)->7168K(278016K) Eden: 261632K(261632K)->0K(270848K) From: 64K(512K)->7168K(7168K)
[273.410s][info][gc,heap        ] GC(732) ParOldGen: 425689K(503296K)->447929K(503296K)
[273.410s][info][gc,metaspace   ] GC(732) Metaspace: 35284K(35968K)->35284K(35968K) NonClass: 26076K(26560K)->26076K(26560K) Class: 9208K(9408K)->9208K(9408K)
[273.410s][info][gc             ] GC(732) Pause Young (Allocation Failure) 671M->444M(763M) 50.188ms
[273.410s][info][gc,cpu         ] GC(732) User=0.09s Sys=0.00s Real=0.05s
[273.744s][info][gc,start       ] GC(733) Pause Young (Allocation Failure)
[273.809s][info][gc,heap        ] GC(733) PSYoungGen: 278016K(278016K)->16896K(298496K) Eden: 270848K(270848K)->0K(281600K) From: 7168K(7168K)->16896K(16896K)
[273.809s][info][gc,heap        ] GC(733) ParOldGen: 447929K(503296K)->462177K(503296K)
[273.809s][info][gc,metaspace   ] GC(733) Metaspace: 35284K(35968K)->35284K(35968K) NonClass: 26076K(26560K)->26076K(26560K) Class: 9208K(9408K)->9208K(9408K)
[273.809s][info][gc             ] GC(733) Pause Young (Allocation Failure) 708M->467M(783M) 64.934ms
[273.809s][info][gc,cpu         ] GC(733) User=0.12s Sys=0.01s Real=0.06s
[273.927s][info][gc,start       ] GC(734) Pause Young (Allocation Failure)
[273.936s][info][gc,heap        ] GC(734) PSYoungGen: 298496K(298496K)->2720K(307712K) Eden: 281600K(281600K)->0K(281600K) From: 16896K(16896K)->2720K(26112K)
[273.936s][info][gc,heap        ] GC(734) ParOldGen: 462177K(503296K)->462553K(503296K)
[273.936s][info][gc,metaspace   ] GC(734) Metaspace: 35284K(35968K)->35284K(35968K) NonClass: 26076K(26560K)->26076K(26560K) Class: 9208K(9408K)->9208K(9408K)
[273.936s][info][gc             ] GC(734) Pause Young (Allocation Failure) 742M->454M(792M) 9.309ms
[273.936s][info][gc,cpu         ] GC(734) User=0.02s Sys=0.00s Real=0.01s
[274.550s][info][gc,start       ] GC(735) Pause Young (Allocation Failure)
[274.552s][info][gc,heap        ] GC(735) PSYoungGen: 284320K(307712K)->64K(304128K) Eden: 281600K(281600K)->0K(283136K) From: 2720K(26112K)->64K(20992K)
[274.552s][info][gc,heap        ] GC(735) ParOldGen: 462553K(503296K)->462561K(503296K)
[274.552s][info][gc,metaspace   ] GC(735) Metaspace: 35284K(35968K)->35284K(35968K) NonClass: 26076K(26560K)->26076K(26560K) Class: 9208K(9408K)->9208K(9408K)
[274.552s][info][gc             ] GC(735) Pause Young (Allocation Failure) 729M->451M(788M) 1.768ms
[274.552s][info][gc,cpu         ] GC(735) User=0.00s Sys=0.00s Real=0.00s
[274.934s][info][gc,start       ] GC(736) Pause Young (Allocation Failure)
[274.936s][info][gc,heap        ] GC(736) PSYoungGen: 283200K(304128K)->64K(306688K) Eden: 283136K(283136K)->0K(283136K) From: 64K(20992K)->64K(23552K)
[274.936s][info][gc,heap        ] GC(736) ParOldGen: 462561K(503296K)->462569K(503296K)
[274.936s][info][gc,metaspace   ] GC(736) Metaspace: 35284K(35968K)->35284K(35968K) NonClass: 26076K(26560K)->26076K(26560K) Class: 9208K(9408K)->9208K(9408K)
[274.936s][info][gc             ] GC(736) Pause Young (Allocation Failure) 728M->451M(791M) 1.513ms
[274.936s][info][gc,cpu         ] GC(736) User=0.01s Sys=0.00s Real=0.00s
[275.342s][info][gc,start       ] GC(737) Pause Young (Allocation Failure)
[275.343s][info][gc,heap        ] GC(737) PSYoungGen: 283200K(306688K)->64K(307712K) Eden: 283136K(283136K)->0K(287232K) From: 64K(23552K)->64K(20480K)
[275.343s][info][gc,heap        ] GC(737) ParOldGen: 462569K(503296K)->462585K(503296K)
[275.343s][info][gc,metaspace   ] GC(737) Metaspace: 35284K(35968K)->35284K(35968K) NonClass: 26076K(26560K)->26076K(26560K) Class: 9208K(9408K)->9208K(9408K)
[275.343s][info][gc             ] GC(737) Pause Young (Allocation Failure) 728M->451M(792M) 1.537ms
[275.343s][info][gc,cpu         ] GC(737) User=0.00s Sys=0.00s Real=0.01s
[275.550s][info][gc,start       ] GC(738) Pause Young (Allocation Failure)
[275.551s][info][gc,heap        ] GC(738) PSYoungGen: 287296K(307712K)->64K(309248K) Eden: 287232K(287232K)->0K(287232K) From: 64K(20480K)->64K(22016K)
[275.551s][info][gc,heap        ] GC(738) ParOldGen: 462585K(503296K)->462601K(503296K)
[275.551s][info][gc,metaspace   ] GC(738) Metaspace: 35284K(35968K)->35284K(35968K) NonClass: 26076K(26560K)->26076K(26560K) Class: 9208K(9408K)->9208K(9408K)
[275.551s][info][gc             ] GC(738) Pause Young (Allocation Failure) 732M->451M(793M) 1.480ms
[275.551s][info][gc,cpu         ] GC(738) User=0.00s Sys=0.00s Real=0.00s
[275.879s][info][gc,start       ] GC(739) Pause Young (Allocation Failure)
[275.880s][info][gc,heap        ] GC(739) PSYoungGen: 287296K(309248K)->64K(309248K) Eden: 287232K(287232K)->0K(290816K) From: 64K(22016K)->64K(18432K)
[275.880s][info][gc,heap        ] GC(739) ParOldGen: 462601K(503296K)->462601K(503296K)
[275.880s][info][gc,metaspace   ] GC(739) Metaspace: 35284K(35968K)->35284K(35968K) NonClass: 26076K(26560K)->26076K(26560K) Class: 9208K(9408K)->9208K(9408K)
[275.880s][info][gc             ] GC(739) Pause Young (Allocation Failure) 732M->451M(793M) 1.489ms
[275.880s][info][gc,cpu         ] GC(739) User=0.01s Sys=0.00s Real=0.00s
[275.981s][info][gc,start       ] GC(740) Pause Young (Allocation Failure)
[275.983s][info][gc,heap        ] GC(740) PSYoungGen: 290880K(309248K)->64K(310784K) Eden: 290816K(290816K)->0K(290816K) From: 64K(18432K)->64K(19968K)
[275.983s][info][gc,heap        ] GC(740) ParOldGen: 462601K(503296K)->462609K(503296K)
[275.983s][info][gc,metaspace   ] GC(740) Metaspace: 35284K(35968K)->35284K(35968K) NonClass: 26076K(26560K)->26076K(26560K) Class: 9208K(9408K)->9208K(9408K)
[275.983s][info][gc             ] GC(740) Pause Young (Allocation Failure) 735M->451M(795M) 1.445ms
[275.983s][info][gc,cpu         ] GC(740) User=0.00s Sys=0.00s Real=0.01s
[276.033s][info][gc,start       ] GC(741) Pause Young (Allocation Failure)
[276.035s][info][gc,heap        ] GC(741) PSYoungGen: 290880K(310784K)->64K(311296K) Eden: 290816K(290816K)->0K(294912K) From: 64K(19968K)->64K(16384K)
[276.035s][info][gc,heap        ] GC(741) ParOldGen: 462609K(503296K)->462625K(503296K)
[276.035s][info][gc,metaspace   ] GC(741) Metaspace: 35284K(35968K)->35284K(35968K) NonClass: 26076K(26560K)->26076K(26560K) Class: 9208K(9408K)->9208K(9408K)
[276.035s][info][gc             ] GC(741) Pause Young (Allocation Failure) 735M->451M(795M) 1.387ms
[276.035s][info][gc,cpu         ] GC(741) User=0.00s Sys=0.00s Real=0.00s
[276.185s][info][gc,start       ] GC(742) Pause Young (Allocation Failure)
[276.186s][info][gc,heap        ] GC(742) PSYoungGen: 294976K(311296K)->64K(312832K) Eden: 294912K(294912K)->0K(294912K) From: 64K(16384K)->64K(17920K)
[276.186s][info][gc,heap        ] GC(742) ParOldGen: 462625K(503296K)->462625K(503296K)
[276.186s][info][gc,metaspace   ] GC(742) Metaspace: 35284K(35968K)->35284K(35968K) NonClass: 26076K(26560K)->26076K(26560K) Class: 9208K(9408K)->9208K(9408K)
[276.186s][info][gc             ] GC(742) Pause Young (Allocation Failure) 739M->451M(797M) 1.531ms
[276.186s][info][gc,cpu         ] GC(742) User=0.00s Sys=0.00s Real=0.00s
[276.405s][info][gc,start       ] GC(743) Pause Young (Allocation Failure)
[276.406s][info][gc,heap        ] GC(743) PSYoungGen: 294976K(312832K)->64K(313344K) Eden: 294912K(294912K)->0K(299008K) From: 64K(17920K)->64K(14336K)
[276.406s][info][gc,heap        ] GC(743) ParOldGen: 462625K(503296K)->462633K(503296K)
[276.406s][info][gc,metaspace   ] GC(743) Metaspace: 35284K(35968K)->35284K(35968K) NonClass: 26076K(26560K)->26076K(26560K) Class: 9208K(9408K)->9208K(9408K)
[276.406s][info][gc             ] GC(743) Pause Young (Allocation Failure) 739M->451M(797M) 1.495ms
[276.406s][info][gc,cpu         ] GC(743) User=0.00s Sys=0.00s Real=0.00s
[276.545s][info][gc,start       ] GC(744) Pause Young (Allocation Failure)
[276.546s][info][gc,heap        ] GC(744) PSYoungGen: 299072K(313344K)->64K(314880K) Eden: 299008K(299008K)->0K(299008K) From: 64K(14336K)->64K(15872K)
[276.546s][info][gc,heap        ] GC(744) ParOldGen: 462633K(503296K)->462641K(503296K)
[276.546s][info][gc,metaspace   ] GC(744) Metaspace: 35284K(35968K)->35284K(35968K) NonClass: 26076K(26560K)->26076K(26560K) Class: 9208K(9408K)->9208K(9408K)
[276.546s][info][gc             ] GC(744) Pause Young (Allocation Failure) 743M->451M(799M) 1.609ms
[276.546s][info][gc,cpu         ] GC(744) User=0.00s Sys=0.00s Real=0.00s
[276.643s][info][gc,start       ] GC(745) Pause Young (Allocation Failure)
[276.644s][info][gc,heap        ] GC(745) PSYoungGen: 299072K(314880K)->64K(315392K) Eden: 299008K(299008K)->0K(303104K) From: 64K(15872K)->64K(12288K)
[276.644s][info][gc,heap        ] GC(745) ParOldGen: 462641K(503296K)->462649K(503296K)
[276.644s][info][gc,metaspace   ] GC(745) Metaspace: 35284K(35968K)->35284K(35968K) NonClass: 26076K(26560K)->26076K(26560K) Class: 9208K(9408K)->9208K(9408K)
[276.644s][info][gc             ] GC(745) Pause Young (Allocation Failure) 743M->451M(799M) 1.410ms
[276.644s][info][gc,cpu         ] GC(745) User=0.00s Sys=0.00s Real=0.00s
[276.861s][info][gc,start       ] GC(746) Pause Young (Allocation Failure)
[276.863s][info][gc,heap        ] GC(746) PSYoungGen: 303168K(315392K)->64K(316928K) Eden: 303104K(303104K)->0K(303104K) From: 64K(12288K)->64K(13824K)
[276.863s][info][gc,heap        ] GC(746) ParOldGen: 462649K(503296K)->462657K(503296K)
[276.863s][info][gc,metaspace   ] GC(746) Metaspace: 35284K(35968K)->35284K(35968K) NonClass: 26076K(26560K)->26076K(26560K) Class: 9208K(9408K)->9208K(9408K)
[276.863s][info][gc             ] GC(746) Pause Young (Allocation Failure) 747M->451M(801M) 1.476ms
[276.863s][info][gc,cpu         ] GC(746) User=0.01s Sys=0.00s Real=0.01s
[277.712s][info][gc,start       ] GC(747) Pause Young (Allocation Failure)
[277.714s][info][gc,heap        ] GC(747) PSYoungGen: 303168K(316928K)->64K(291328K) Eden: 303104K(303104K)->0K(290816K) From: 64K(13824K)->64K(512K)
[277.714s][info][gc,heap        ] GC(747) ParOldGen: 462657K(503296K)->462665K(503296K)
[277.714s][info][gc,metaspace   ] GC(747) Metaspace: 35284K(35968K)->35284K(35968K) NonClass: 26076K(26560K)->26076K(26560K) Class: 9208K(9408K)->9208K(9408K)
[277.714s][info][gc             ] GC(747) Pause Young (Allocation Failure) 747M->451M(776M) 2.129ms
[277.714s][info][gc,cpu         ] GC(747) User=0.00s Sys=0.00s Real=0.01s
[278.621s][info][gc,start       ] GC(748) Pause Young (Allocation Failure)
[278.622s][info][gc,heap        ] GC(748) PSYoungGen: 290880K(291328K)->64K(291328K) Eden: 290816K(290816K)->0K(279040K) From: 64K(512K)->64K(12288K)
[278.622s][info][gc,heap        ] GC(748) ParOldGen: 462665K(503296K)->462673K(503296K)
[278.622s][info][gc,metaspace   ] GC(748) Metaspace: 35284K(35968K)->35284K(35968K) NonClass: 26076K(26560K)->26076K(26560K) Class: 9208K(9408K)->9208K(9408K)
[278.623s][info][gc             ] GC(748) Pause Young (Allocation Failure) 735M->451M(776M) 1.660ms
[278.623s][info][gc,cpu         ] GC(748) User=0.00s Sys=0.00s Real=0.01s
[279.057s][info][gc,start       ] GC(749) Pause Young (Allocation Failure)
[279.060s][info][gc,heap        ] GC(749) PSYoungGen: 279104K(291328K)->64K(268288K) Eden: 279040K(279040K)->0K(267776K) From: 64K(12288K)->64K(512K)
[279.060s][info][gc,heap        ] GC(749) ParOldGen: 462673K(503296K)->462689K(503296K)
[279.060s][info][gc,metaspace   ] GC(749) Metaspace: 35284K(35968K)->35284K(35968K) NonClass: 26076K(26560K)->26076K(26560K) Class: 9208K(9408K)->9208K(9408K)
[279.060s][info][gc             ] GC(749) Pause Young (Allocation Failure) 724M->451M(753M) 3.160ms
[279.060s][info][gc,cpu         ] GC(749) User=0.00s Sys=0.00s Real=0.00s
[280.024s][info][gc,start       ] GC(750) Pause Young (Allocation Failure)
[280.027s][info][gc,heap        ] GC(750) PSYoungGen: 267840K(268288K)->64K(267776K) Eden: 267776K(267776K)->0K(257024K) From: 64K(512K)->64K(10752K)
[280.027s][info][gc,heap        ] GC(750) ParOldGen: 462689K(503296K)->462705K(503296K)
[280.027s][info][gc,metaspace   ] GC(750) Metaspace: 35284K(35968K)->35284K(35968K) NonClass: 26076K(26560K)->26076K(26560K) Class: 9208K(9408K)->9208K(9408K)
[280.027s][info][gc             ] GC(750) Pause Young (Allocation Failure) 713M->451M(753M) 2.192ms
[280.027s][info][gc,cpu         ] GC(750) User=0.00s Sys=0.00s Real=0.00s
[280.424s][info][gc,start       ] GC(751) Pause Young (Allocation Failure)
[280.427s][info][gc,heap        ] GC(751) PSYoungGen: 257088K(267776K)->64K(247296K) Eden: 257024K(257024K)->0K(246784K) From: 64K(10752K)->64K(512K)
[280.427s][info][gc,heap        ] GC(751) ParOldGen: 462705K(503296K)->462721K(503296K)
[280.427s][info][gc,metaspace   ] GC(751) Metaspace: 35284K(35968K)->35284K(35968K) NonClass: 26076K(26560K)->26076K(26560K) Class: 9208K(9408K)->9208K(9408K)
[280.427s][info][gc             ] GC(751) Pause Young (Allocation Failure) 702M->451M(733M) 2.936ms
[280.427s][info][gc,cpu         ] GC(751) User=0.00s Sys=0.00s Real=0.00s
[280.590s][info][gc,start       ] GC(752) Pause Young (Allocation Failure)
[280.593s][info][gc,heap        ] GC(752) PSYoungGen: 246848K(247296K)->64K(246272K) Eden: 246784K(246784K)->0K(237056K) From: 64K(512K)->64K(9216K)
[280.593s][info][gc,heap        ] GC(752) ParOldGen: 462721K(503296K)->462737K(503296K)
[280.593s][info][gc,metaspace   ] GC(752) Metaspace: 35284K(35968K)->35284K(35968K) NonClass: 26076K(26560K)->26076K(26560K) Class: 9208K(9408K)->9208K(9408K)
[280.593s][info][gc             ] GC(752) Pause Young (Allocation Failure) 692M->451M(732M) 2.393ms
[280.593s][info][gc,cpu         ] GC(752) User=0.01s Sys=0.00s Real=0.01s
[280.838s][info][gc,start       ] GC(753) Pause Young (Allocation Failure)
[280.841s][info][gc,heap        ] GC(753) PSYoungGen: 237120K(246272K)->64K(228352K) Eden: 237056K(237056K)->0K(227840K) From: 64K(9216K)->64K(512K)
[280.841s][info][gc,heap        ] GC(753) ParOldGen: 462737K(503296K)->462745K(503296K)
[280.841s][info][gc,metaspace   ] GC(753) Metaspace: 35284K(35968K)->35284K(35968K) NonClass: 26076K(26560K)->26076K(26560K) Class: 9208K(9408K)->9208K(9408K)
[280.842s][info][gc             ] GC(753) Pause Young (Allocation Failure) 683M->451M(714M) 3.061ms
[280.842s][info][gc,cpu         ] GC(753) User=0.00s Sys=0.01s Real=0.00s
[281.275s][info][gc,start       ] GC(754) Pause Young (Allocation Failure)
[281.277s][info][gc,heap        ] GC(754) PSYoungGen: 227904K(228352K)->64K(227328K) Eden: 227840K(227840K)->0K(219136K) From: 64K(512K)->64K(8192K)
[281.277s][info][gc,heap        ] GC(754) ParOldGen: 462745K(503296K)->462761K(503296K)
[281.277s][info][gc,metaspace   ] GC(754) Metaspace: 35284K(35968K)->35284K(35968K) NonClass: 26076K(26560K)->26076K(26560K) Class: 9208K(9408K)->9208K(9408K)
[281.277s][info][gc             ] GC(754) Pause Young (Allocation Failure) 674M->451M(713M) 2.429ms
[281.277s][info][gc,cpu         ] GC(754) User=0.00s Sys=0.00s Real=0.00s
[281.553s][info][gc,start       ] GC(755) Pause Young (Allocation Failure)
[281.556s][info][gc,heap        ] GC(755) PSYoungGen: 219200K(227328K)->64K(211456K) Eden: 219136K(219136K)->0K(210944K) From: 64K(8192K)->64K(512K)
[281.556s][info][gc,heap        ] GC(755) ParOldGen: 462761K(503296K)->462769K(503296K)
[281.556s][info][gc,metaspace   ] GC(755) Metaspace: 35284K(35968K)->35284K(35968K) NonClass: 26076K(26560K)->26076K(26560K) Class: 9208K(9408K)->9208K(9408K)
[281.556s][info][gc             ] GC(755) Pause Young (Allocation Failure) 665M->451M(698M) 2.796ms
[281.556s][info][gc,cpu         ] GC(755) User=0.00s Sys=0.00s Real=0.00s
[281.803s][info][gc,start       ] GC(756) Pause Young (Allocation Failure)
[281.843s][info][gc,heap        ] GC(756) PSYoungGen: 211008K(211456K)->7168K(260608K) Eden: 210944K(210944K)->0K(253440K) From: 64K(512K)->7168K(7168K)
[281.843s][info][gc,heap        ] GC(756) ParOldGen: 462769K(503296K)->478417K(503296K)
[281.843s][info][gc,metaspace   ] GC(756) Metaspace: 35284K(35968K)->35284K(35968K) NonClass: 26076K(26560K)->26076K(26560K) Class: 9208K(9408K)->9208K(9408K)
[281.843s][info][gc             ] GC(756) Pause Young (Allocation Failure) 657M->474M(746M) 40.051ms
[281.843s][info][gc,cpu         ] GC(756) User=0.07s Sys=0.00s Real=0.04s
[282.132s][info][gc,start       ] GC(757) Pause Young (Allocation Failure)
[282.181s][info][gc,heap        ] GC(757) PSYoungGen: 260608K(260608K)->7168K(261632K) Eden: 253440K(253440K)->0K(254464K) From: 7168K(7168K)->7168K(7168K)
[282.181s][info][gc,heap        ] GC(757) ParOldGen: 478417K(503296K)->500273K(503296K)
[282.181s][info][gc,metaspace   ] GC(757) Metaspace: 35284K(35968K)->35284K(35968K) NonClass: 26076K(26560K)->26076K(26560K) Class: 9208K(9408K)->9208K(9408K)
[282.181s][info][gc             ] GC(757) Pause Young (Allocation Failure) 721M->495M(747M) 49.196ms
[282.181s][info][gc,cpu         ] GC(757) User=0.09s Sys=0.00s Real=0.05s
[282.336s][info][gc,start       ] GC(758) Pause Young (Allocation Failure)
[282.358s][info][gc,heap        ] GC(758) PSYoungGen: 261632K(261632K)->11264K(277504K) Eden: 254464K(254464K)->0K(254464K) From: 7168K(7168K)->11264K(23040K)
[282.358s][info][gc,heap        ] GC(758) ParOldGen: 500273K(503296K)->500865K(503296K)
[282.358s][info][gc,metaspace   ] GC(758) Metaspace: 35284K(35968K)->35284K(35968K) NonClass: 26076K(26560K)->26076K(26560K) Class: 9208K(9408K)->9208K(9408K)
[282.358s][info][gc             ] GC(758) Pause Young (Allocation Failure) 744M->500M(762M) 22.544ms
[282.358s][info][gc,cpu         ] GC(758) User=0.04s Sys=0.00s Real=0.02s
[282.705s][info][gc,start       ] GC(759) Pause Young (Allocation Failure)
[282.706s][info][gc,heap        ] GC(759) PSYoungGen: 265728K(277504K)->64K(310272K) Eden: 254464K(254464K)->0K(287232K) From: 11264K(23040K)->64K(23040K)
[282.706s][info][gc,heap        ] GC(759) ParOldGen: 500865K(503296K)->500873K(503296K)
[282.706s][info][gc,metaspace   ] GC(759) Metaspace: 35284K(35968K)->35284K(35968K) NonClass: 26076K(26560K)->26076K(26560K) Class: 9208K(9408K)->9208K(9408K)
[282.706s][info][gc             ] GC(759) Pause Young (Allocation Failure) 748M->489M(794M) 1.648ms
[282.706s][info][gc,cpu         ] GC(759) User=0.01s Sys=0.00s Real=0.00s
[283.297s][info][gc,start       ] GC(760) Pause Young (Allocation Failure)
[283.299s][info][gc,heap        ] GC(760) PSYoungGen: 287296K(310272K)->64K(287744K) Eden: 287232K(287232K)->0K(287232K) From: 64K(23040K)->64K(512K)
[283.299s][info][gc,heap        ] GC(760) ParOldGen: 500873K(503296K)->500881K(503296K)
[283.299s][info][gc,metaspace   ] GC(760) Metaspace: 35284K(35968K)->35284K(35968K) NonClass: 26076K(26560K)->26076K(26560K) Class: 9208K(9408K)->9208K(9408K)
[283.299s][info][gc             ] GC(760) Pause Young (Allocation Failure) 769M->489M(772M) 1.705ms
[283.299s][info][gc,cpu         ] GC(760) User=0.01s Sys=0.00s Real=0.00s
[283.726s][info][gc,start       ] GC(761) Pause Young (Allocation Failure)
[283.728s][info][gc,heap        ] GC(761) PSYoungGen: 287296K(287744K)->64K(310784K) Eden: 287232K(287232K)->0K(288768K) From: 64K(512K)->64K(22016K)
[283.728s][info][gc,heap        ] GC(761) ParOldGen: 500881K(503296K)->500897K(503296K)
[283.728s][info][gc,metaspace   ] GC(761) Metaspace: 35284K(35968K)->35284K(35968K) NonClass: 26076K(26560K)->26076K(26560K) Class: 9208K(9408K)->9208K(9408K)
[283.728s][info][gc             ] GC(761) Pause Young (Allocation Failure) 769M->489M(795M) 1.572ms
[283.728s][info][gc,cpu         ] GC(761) User=0.00s Sys=0.00s Real=0.00s
[283.935s][info][gc,start       ] GC(762) Pause Young (Allocation Failure)
[283.936s][info][gc,heap        ] GC(762) PSYoungGen: 288832K(310784K)->64K(309760K) Eden: 288768K(288768K)->0K(288768K) From: 64K(22016K)->64K(20992K)
[283.936s][info][gc,heap        ] GC(762) ParOldGen: 500897K(503296K)->500913K(503296K)
[283.936s][info][gc,metaspace   ] GC(762) Metaspace: 35284K(35968K)->35284K(35968K) NonClass: 26076K(26560K)->26076K(26560K) Class: 9208K(9408K)->9208K(9408K)
[283.936s][info][gc             ] GC(762) Pause Young (Allocation Failure) 771M->489M(794M) 1.544ms
[283.936s][info][gc,cpu         ] GC(762) User=0.00s Sys=0.00s Real=0.00s
[284.142s][info][gc,start       ] GC(763) Pause Young (Allocation Failure)
[284.143s][info][gc,heap        ] GC(763) PSYoungGen: 288832K(309760K)->64K(311808K) Eden: 288768K(288768K)->0K(291840K) From: 64K(20992K)->64K(19968K)
[284.143s][info][gc,heap        ] GC(763) ParOldGen: 500913K(503296K)->500913K(503296K)
[284.143s][info][gc,metaspace   ] GC(763) Metaspace: 35284K(35968K)->35284K(35968K) NonClass: 26076K(26560K)->26076K(26560K) Class: 9208K(9408K)->9208K(9408K)
[284.143s][info][gc             ] GC(763) Pause Young (Allocation Failure) 771M->489M(796M) 1.480ms
[284.143s][info][gc,cpu         ] GC(763) User=0.00s Sys=0.00s Real=0.01s
[284.443s][info][gc,start       ] GC(764) Pause Young (Allocation Failure)
[284.445s][info][gc,heap        ] GC(764) PSYoungGen: 291904K(311808K)->64K(311296K) Eden: 291840K(291840K)->0K(291840K) From: 64K(19968K)->64K(19456K)
[284.445s][info][gc,heap        ] GC(764) ParOldGen: 500913K(503296K)->500913K(503296K)
[284.445s][info][gc,metaspace   ] GC(764) Metaspace: 35284K(35968K)->35284K(35968K) NonClass: 26076K(26560K)->26076K(26560K) Class: 9208K(9408K)->9208K(9408K)
[284.445s][info][gc             ] GC(764) Pause Young (Allocation Failure) 774M->489M(795M) 1.618ms
[284.445s][info][gc,cpu         ] GC(764) User=0.00s Sys=0.00s Real=0.00s
[284.496s][info][gc,start       ] GC(765) Pause Young (Allocation Failure)
[284.497s][info][gc,heap        ] GC(765) PSYoungGen: 291904K(311296K)->64K(313344K) Eden: 291840K(291840K)->0K(295424K) From: 64K(19456K)->64K(17920K)
[284.497s][info][gc,heap        ] GC(765) ParOldGen: 500913K(503296K)->500929K(503296K)
[284.497s][info][gc,metaspace   ] GC(765) Metaspace: 35284K(35968K)->35284K(35968K) NonClass: 26076K(26560K)->26076K(26560K) Class: 9208K(9408K)->9208K(9408K)
[284.497s][info][gc             ] GC(765) Pause Young (Allocation Failure) 774M->489M(797M) 1.450ms
[284.497s][info][gc,cpu         ] GC(765) User=0.00s Sys=0.00s Real=0.00s
[284.581s][info][gc,start       ] GC(766) Pause Young (Allocation Failure)
[284.583s][info][gc,heap        ] GC(766) PSYoungGen: 295488K(313344K)->64K(312832K) Eden: 295424K(295424K)->0K(295424K) From: 64K(17920K)->64K(17408K)
[284.583s][info][gc,heap        ] GC(766) ParOldGen: 500929K(503296K)->500929K(503296K)
[284.583s][info][gc,metaspace   ] GC(766) Metaspace: 35284K(35968K)->35284K(35968K) NonClass: 26076K(26560K)->26076K(26560K) Class: 9208K(9408K)->9208K(9408K)
[284.583s][info][gc             ] GC(766) Pause Young (Allocation Failure) 777M->489M(797M) 1.425ms
[284.583s][info][gc,cpu         ] GC(766) User=0.01s Sys=0.00s Real=0.01s
[284.802s][info][gc,start       ] GC(767) Pause Young (Allocation Failure)
[284.803s][info][gc,heap        ] GC(767) PSYoungGen: 295488K(312832K)->64K(315392K) Eden: 295424K(295424K)->0K(299008K) From: 64K(17408K)->64K(16384K)
[284.803s][info][gc,heap        ] GC(767) ParOldGen: 500929K(503296K)->500945K(503296K)
[284.803s][info][gc,metaspace   ] GC(767) Metaspace: 35284K(35968K)->35284K(35968K) NonClass: 26076K(26560K)->26076K(26560K) Class: 9208K(9408K)->9208K(9408K)
[284.803s][info][gc             ] GC(767) Pause Young (Allocation Failure) 777M->489M(799M) 1.404ms
[284.803s][info][gc,cpu         ] GC(767) User=0.00s Sys=0.00s Real=0.01s
[284.992s][info][gc,start       ] GC(768) Pause Young (Allocation Failure)
[284.994s][info][gc,heap        ] GC(768) PSYoungGen: 299072K(315392K)->64K(314880K) Eden: 299008K(299008K)->0K(299008K) From: 64K(16384K)->64K(15872K)
[284.994s][info][gc,heap        ] GC(768) ParOldGen: 500945K(503296K)->500945K(503296K)
[284.994s][info][gc,metaspace   ] GC(768) Metaspace: 35284K(35968K)->35284K(35968K) NonClass: 26076K(26560K)->26076K(26560K) Class: 9208K(9408K)->9208K(9408K)
[284.994s][info][gc             ] GC(768) Pause Young (Allocation Failure) 781M->489M(799M) 1.483ms
[284.994s][info][gc,cpu         ] GC(768) User=0.00s Sys=0.00s Real=0.00s
[285.074s][info][gc,start       ] GC(769) Pause Young (Allocation Failure)
[285.076s][info][gc,heap        ] GC(769) PSYoungGen: 299072K(314880K)->64K(316928K) Eden: 299008K(299008K)->0K(302592K) From: 64K(15872K)->64K(14336K)
[285.076s][info][gc,heap        ] GC(769) ParOldGen: 500945K(503296K)->500961K(503296K)
[285.076s][info][gc,metaspace   ] GC(769) Metaspace: 35284K(35968K)->35284K(35968K) NonClass: 26076K(26560K)->26076K(26560K) Class: 9208K(9408K)->9208K(9408K)
[285.076s][info][gc             ] GC(769) Pause Young (Allocation Failure) 781M->489M(801M) 1.453ms
[285.076s][info][gc,cpu         ] GC(769) User=0.00s Sys=0.00s Real=0.00s
[285.232s][info][gc,start       ] GC(770) Pause Young (Allocation Failure)
[285.233s][info][gc,heap        ] GC(770) PSYoungGen: 302656K(316928K)->64K(316416K) Eden: 302592K(302592K)->0K(302592K) From: 64K(14336K)->64K(13824K)
[285.233s][info][gc,heap        ] GC(770) ParOldGen: 500961K(503296K)->500961K(503296K)
[285.233s][info][gc,metaspace   ] GC(770) Metaspace: 35284K(35968K)->35284K(35968K) NonClass: 26076K(26560K)->26076K(26560K) Class: 9208K(9408K)->9208K(9408K)
[285.233s][info][gc             ] GC(770) Pause Young (Allocation Failure) 784M->489M(800M) 1.549ms
[285.233s][info][gc,cpu         ] GC(770) User=0.00s Sys=0.00s Real=0.01s
[286.168s][info][gc,start       ] GC(771) Pause Young (Allocation Failure)
[286.169s][info][gc,heap        ] GC(771) PSYoungGen: 302656K(316416K)->64K(318976K) Eden: 302592K(302592K)->0K(306176K) From: 64K(13824K)->64K(12800K)
[286.169s][info][gc,heap        ] GC(771) ParOldGen: 500961K(503296K)->500969K(503296K)
[286.169s][info][gc,metaspace   ] GC(771) Metaspace: 35284K(35968K)->35284K(35968K) NonClass: 26076K(26560K)->26076K(26560K) Class: 9208K(9408K)->9208K(9408K)
[286.169s][info][gc             ] GC(771) Pause Young (Allocation Failure) 784M->489M(803M) 1.509ms
[286.169s][info][gc,cpu         ] GC(771) User=0.00s Sys=0.00s Real=0.00s
[287.003s][info][gc,start       ] GC(772) Pause Young (Allocation Failure)
[287.004s][info][gc,heap        ] GC(772) PSYoungGen: 306240K(318976K)->64K(294400K) Eden: 306176K(306176K)->0K(293888K) From: 64K(12800K)->64K(512K)
[287.004s][info][gc,heap        ] GC(772) ParOldGen: 500969K(503296K)->500977K(503296K)
[287.004s][info][gc,metaspace   ] GC(772) Metaspace: 35284K(35968K)->35284K(35968K) NonClass: 26076K(26560K)->26076K(26560K) Class: 9208K(9408K)->9208K(9408K)
[287.004s][info][gc             ] GC(772) Pause Young (Allocation Failure) 788M->489M(779M) 1.606ms
[287.004s][info][gc,cpu         ] GC(772) User=0.00s Sys=0.00s Real=0.00s
[287.358s][info][gc,start       ] GC(773) Pause Young (Allocation Failure)
[287.359s][info][gc,heap        ] GC(773) PSYoungGen: 293952K(294400K)->64K(282624K) Eden: 293888K(293888K)->0K(282112K) From: 64K(512K)->64K(512K)
[287.360s][info][gc,heap        ] GC(773) ParOldGen: 500977K(503296K)->500985K(503296K)
[287.360s][info][gc,metaspace   ] GC(773) Metaspace: 35284K(35968K)->35284K(35968K) NonClass: 26076K(26560K)->26076K(26560K) Class: 9208K(9408K)->9208K(9408K)
[287.360s][info][gc             ] GC(773) Pause Young (Allocation Failure) 776M->489M(767M) 1.554ms
[287.360s][info][gc,cpu         ] GC(773) User=0.00s Sys=0.00s Real=0.00s
[288.432s][info][gc,start       ] GC(774) Pause Young (Allocation Failure)
[288.433s][info][gc,heap        ] GC(774) PSYoungGen: 282176K(282624K)->64K(281600K) Eden: 282112K(282112K)->0K(270848K) From: 64K(512K)->64K(10752K)
[288.433s][info][gc,heap        ] GC(774) ParOldGen: 500985K(503296K)->500993K(503296K)
[288.433s][info][gc,metaspace   ] GC(774) Metaspace: 35284K(35968K)->35284K(35968K) NonClass: 26076K(26560K)->26076K(26560K) Class: 9208K(9408K)->9208K(9408K)
[288.433s][info][gc             ] GC(774) Pause Young (Allocation Failure) 764M->489M(766M) 1.502ms
[288.433s][info][gc,cpu         ] GC(774) User=0.01s Sys=0.00s Real=0.01s
[288.839s][info][gc,start       ] GC(775) Pause Young (Allocation Failure)
[288.841s][info][gc,heap        ] GC(775) PSYoungGen: 270912K(281600K)->64K(260608K) Eden: 270848K(270848K)->0K(260096K) From: 64K(10752K)->64K(512K)
[288.841s][info][gc,heap        ] GC(775) ParOldGen: 500993K(503296K)->501001K(503296K)
[288.841s][info][gc,metaspace   ] GC(775) Metaspace: 35284K(35968K)->35284K(35968K) NonClass: 26076K(26560K)->26076K(26560K) Class: 9208K(9408K)->9208K(9408K)
[288.841s][info][gc             ] GC(775) Pause Young (Allocation Failure) 753M->489M(746M) 2.115ms
[288.841s][info][gc,cpu         ] GC(775) User=0.00s Sys=0.00s Real=0.00s
[289.036s][info][gc,start       ] GC(776) Pause Young (Allocation Failure)
[289.038s][info][gc,heap        ] GC(776) PSYoungGen: 260160K(260608K)->64K(259072K) Eden: 260096K(260096K)->0K(249856K) From: 64K(512K)->64K(9216K)
[289.038s][info][gc,heap        ] GC(776) ParOldGen: 501001K(503296K)->501009K(503296K)
[289.038s][info][gc,metaspace   ] GC(776) Metaspace: 35284K(35968K)->35284K(35968K) NonClass: 26076K(26560K)->26076K(26560K) Class: 9208K(9408K)->9208K(9408K)
[289.038s][info][gc             ] GC(776) Pause Young (Allocation Failure) 743M->489M(744M) 1.884ms
[289.038s][info][gc,cpu         ] GC(776) User=0.00s Sys=0.00s Real=0.00s
[289.210s][info][gc,start       ] GC(777) Pause Young (Allocation Failure)
[289.213s][info][gc,heap        ] GC(777) PSYoungGen: 249920K(259072K)->64K(240640K) Eden: 249856K(249856K)->0K(240128K) From: 64K(9216K)->64K(512K)
[289.213s][info][gc,heap        ] GC(777) ParOldGen: 501009K(503296K)->501017K(503296K)
[289.213s][info][gc,metaspace   ] GC(777) Metaspace: 35284K(35968K)->35284K(35968K) NonClass: 26076K(26560K)->26076K(26560K) Class: 9208K(9408K)->9208K(9408K)
[289.213s][info][gc             ] GC(777) Pause Young (Allocation Failure) 733M->489M(726M) 3.256ms
[289.214s][info][gc,cpu         ] GC(777) User=0.00s Sys=0.00s Real=0.01s
[289.724s][info][gc,start       ] GC(778) Pause Young (Allocation Failure)
[289.726s][info][gc,heap        ] GC(778) PSYoungGen: 240192K(240640K)->32K(239104K) Eden: 240128K(240128K)->0K(230912K) From: 64K(512K)->32K(8192K)
[289.726s][info][gc,heap        ] GC(778) ParOldGen: 501017K(503296K)->501025K(503296K)
[289.726s][info][gc,metaspace   ] GC(778) Metaspace: 35284K(35968K)->35284K(35968K) NonClass: 26076K(26560K)->26076K(26560K) Class: 9208K(9408K)->9208K(9408K)
[289.726s][info][gc             ] GC(778) Pause Young (Allocation Failure) 723M->489M(725M) 2.689ms
[289.727s][info][gc,cpu         ] GC(778) User=0.00s Sys=0.00s Real=0.00s
[289.994s][info][gc,start       ] GC(779) Pause Young (Allocation Failure)
[289.996s][info][gc,heap        ] GC(779) PSYoungGen: 230944K(239104K)->64K(222720K) Eden: 230912K(230912K)->0K(222208K) From: 32K(8192K)->64K(512K)
[289.996s][info][gc,heap        ] GC(779) ParOldGen: 501025K(503296K)->501033K(503296K)
[289.996s][info][gc,metaspace   ] GC(779) Metaspace: 35298K(35968K)->35298K(35968K) NonClass: 26090K(26560K)->26090K(26560K) Class: 9208K(9408K)->9208K(9408K)
[289.996s][info][gc             ] GC(779) Pause Young (Allocation Failure) 714M->489M(709M) 2.609ms
[289.996s][info][gc,cpu         ] GC(779) User=0.00s Sys=0.00s Real=0.00s
[290.264s][info][gc,start       ] GC(780) Pause Young (Allocation Failure)
[290.307s][info][gc,heap        ] GC(780) PSYoungGen: 222272K(222720K)->7168K(273920K) Eden: 222208K(222208K)->0K(266752K) From: 64K(512K)->7168K(7168K)
[290.307s][info][gc,heap        ] GC(780) ParOldGen: 501033K(503296K)->517057K(517120K)
[290.307s][info][gc,metaspace   ] GC(780) Metaspace: 35298K(35968K)->35298K(35968K) NonClass: 26090K(26560K)->26090K(26560K) Class: 9208K(9408K)->9208K(9408K)
[290.307s][info][gc             ] GC(780) Pause Young (Allocation Failure) 706M->511M(772M) 43.625ms
[290.307s][info][gc,cpu         ] GC(780) User=0.08s Sys=0.01s Real=0.04s
[290.610s][info][gc,start       ] GC(781) Pause Young (Allocation Failure)
[290.677s][info][gc,heap        ] GC(781) PSYoungGen: 273920K(273920K)->14848K(272896K) Eden: 266752K(266752K)->0K(258048K) From: 7168K(7168K)->14848K(14848K)
[290.677s][info][gc,heap        ] GC(781) ParOldGen: 517057K(517120K)->532737K(532992K)
[290.677s][info][gc,metaspace   ] GC(781) Metaspace: 35298K(35968K)->35298K(35968K) NonClass: 26090K(26560K)->26090K(26560K) Class: 9208K(9408K)->9208K(9408K)
[290.677s][info][gc             ] GC(781) Pause Young (Allocation Failure) 772M->534M(787M) 66.729ms
[290.677s][info][gc,cpu         ] GC(781) User=0.10s Sys=0.02s Real=0.07s
[290.818s][info][gc,start       ] GC(782) Pause Young (Allocation Failure)
[290.836s][info][gc,heap        ] GC(782) PSYoungGen: 272896K(272896K)->9408K(281600K) Eden: 258048K(258048K)->0K(258048K) From: 14848K(14848K)->9408K(23552K)
[290.836s][info][gc,heap        ] GC(782) ParOldGen: 532737K(532992K)->533153K(533504K)
[290.836s][info][gc,metaspace   ] GC(782) Metaspace: 35298K(35968K)->35298K(35968K) NonClass: 26090K(26560K)->26090K(26560K) Class: 9208K(9408K)->9208K(9408K)
[290.836s][info][gc             ] GC(782) Pause Young (Allocation Failure) 786M->529M(796M) 18.728ms
[290.836s][info][gc,cpu         ] GC(782) User=0.04s Sys=0.00s Real=0.02s
[291.235s][info][gc,start       ] GC(783) Pause Young (Allocation Failure)
[291.237s][info][gc,heap        ] GC(783) PSYoungGen: 267456K(281600K)->64K(308224K) Eden: 258048K(258048K)->0K(286720K) From: 9408K(23552K)->64K(21504K)
[291.237s][info][gc,heap        ] GC(783) ParOldGen: 533153K(533504K)->533161K(533504K)
[291.237s][info][gc,metaspace   ] GC(783) Metaspace: 35298K(35968K)->35298K(35968K) NonClass: 26090K(26560K)->26090K(26560K) Class: 9208K(9408K)->9208K(9408K)
[291.237s][info][gc             ] GC(783) Pause Young (Allocation Failure) 781M->520M(822M) 1.777ms
[291.237s][info][gc,cpu         ] GC(783) User=0.01s Sys=0.00s Real=0.00s
[291.799s][info][gc,start       ] GC(784) Pause Young (Allocation Failure)
[291.801s][info][gc,heap        ] GC(784) PSYoungGen: 286784K(308224K)->64K(309248K) Eden: 286720K(286720K)->0K(286720K) From: 64K(21504K)->64K(22528K)
[291.801s][info][gc,heap        ] GC(784) ParOldGen: 533161K(533504K)->533169K(533504K)
[291.801s][info][gc,metaspace   ] GC(784) Metaspace: 35298K(35968K)->35298K(35968K) NonClass: 26090K(26560K)->26090K(26560K) Class: 9208K(9408K)->9208K(9408K)
[291.801s][info][gc             ] GC(784) Pause Young (Allocation Failure) 800M->520M(823M) 1.812ms
[291.801s][info][gc,cpu         ] GC(784) User=0.00s Sys=0.00s Real=0.00s
[292.218s][info][gc,start       ] GC(785) Pause Young (Allocation Failure)
[292.219s][info][gc,heap        ] GC(785) PSYoungGen: 286784K(309248K)->64K(308736K) Eden: 286720K(286720K)->0K(289280K) From: 64K(22528K)->64K(19456K)
[292.219s][info][gc,heap        ] GC(785) ParOldGen: 533169K(533504K)->533185K(533504K)
[292.219s][info][gc,metaspace   ] GC(785) Metaspace: 35298K(35968K)->35298K(35968K) NonClass: 26090K(26560K)->26090K(26560K) Class: 9208K(9408K)->9208K(9408K)
[292.219s][info][gc             ] GC(785) Pause Young (Allocation Failure) 800M->520M(822M) 1.672ms
[292.219s][info][gc,cpu         ] GC(785) User=0.01s Sys=0.00s Real=0.00s
[292.426s][info][gc,start       ] GC(786) Pause Young (Allocation Failure)
[292.427s][info][gc,heap        ] GC(786) PSYoungGen: 289344K(308736K)->64K(310272K) Eden: 289280K(289280K)->0K(289280K) From: 64K(19456K)->64K(20992K)
[292.427s][info][gc,heap        ] GC(786) ParOldGen: 533185K(533504K)->533201K(533504K)
[292.427s][info][gc,metaspace   ] GC(786) Metaspace: 35298K(35968K)->35298K(35968K) NonClass: 26090K(26560K)->26090K(26560K) Class: 9208K(9408K)->9208K(9408K)
[292.428s][info][gc             ] GC(786) Pause Young (Allocation Failure) 803M->520M(824M) 1.531ms
[292.428s][info][gc,cpu         ] GC(786) User=0.00s Sys=0.00s Real=0.00s
[292.634s][info][gc,start       ] GC(787) Pause Young (Allocation Failure)
[292.635s][info][gc,heap        ] GC(787) PSYoungGen: 289344K(310272K)->64K(311296K) Eden: 289280K(289280K)->0K(292864K) From: 64K(20992K)->64K(18432K)
[292.635s][info][gc,heap        ] GC(787) ParOldGen: 533201K(533504K)->533201K(533504K)
[292.635s][info][gc,metaspace   ] GC(787) Metaspace: 35298K(35968K)->35298K(35968K) NonClass: 26090K(26560K)->26090K(26560K) Class: 9208K(9408K)->9208K(9408K)
[292.635s][info][gc             ] GC(787) Pause Young (Allocation Failure) 803M->520M(825M) 1.600ms
[292.635s][info][gc,cpu         ] GC(787) User=0.00s Sys=0.00s Real=0.00s
[292.911s][info][gc,start       ] GC(788) Pause Young (Allocation Failure)
[292.912s][info][gc,heap        ] GC(788) PSYoungGen: 292928K(311296K)->64K(312320K) Eden: 292864K(292864K)->0K(292864K) From: 64K(18432K)->64K(19456K)
[292.912s][info][gc,heap        ] GC(788) ParOldGen: 533201K(533504K)->533201K(533504K)
[292.912s][info][gc,metaspace   ] GC(788) Metaspace: 35298K(35968K)->35298K(35968K) NonClass: 26090K(26560K)->26090K(26560K) Class: 9208K(9408K)->9208K(9408K)
[292.912s][info][gc             ] GC(788) Pause Young (Allocation Failure) 806M->520M(826M) 1.585ms
[292.912s][info][gc,cpu         ] GC(788) User=0.01s Sys=0.00s Real=0.01s
[292.962s][info][gc,start       ] GC(789) Pause Young (Allocation Failure)
[292.963s][info][gc,heap        ] GC(789) PSYoungGen: 292928K(312320K)->64K(312320K) Eden: 292864K(292864K)->0K(295936K) From: 64K(19456K)->64K(16384K)
[292.963s][info][gc,heap        ] GC(789) ParOldGen: 533201K(533504K)->533217K(533504K)
[292.963s][info][gc,metaspace   ] GC(789) Metaspace: 35298K(35968K)->35298K(35968K) NonClass: 26090K(26560K)->26090K(26560K) Class: 9208K(9408K)->9208K(9408K)
[292.963s][info][gc             ] GC(789) Pause Young (Allocation Failure) 806M->520M(826M) 1.493ms
[292.963s][info][gc,cpu         ] GC(789) User=0.00s Sys=0.00s Real=0.01s
[293.060s][info][gc,start       ] GC(790) Pause Young (Allocation Failure)
[293.061s][info][gc,heap        ] GC(790) PSYoungGen: 296000K(312320K)->64K(313344K) Eden: 295936K(295936K)->0K(295936K) From: 64K(16384K)->64K(17408K)
[293.061s][info][gc,heap        ] GC(790) ParOldGen: 533217K(533504K)->533217K(533504K)
[293.061s][info][gc,metaspace   ] GC(790) Metaspace: 35298K(35968K)->35298K(35968K) NonClass: 26090K(26560K)->26090K(26560K) Class: 9208K(9408K)->9208K(9408K)
[293.061s][info][gc             ] GC(790) Pause Young (Allocation Failure) 809M->520M(827M) 1.480ms
[293.061s][info][gc,cpu         ] GC(790) User=0.01s Sys=0.01s Real=0.00s
[293.281s][info][gc,start       ] GC(791) Pause Young (Allocation Failure)
[293.282s][info][gc,heap        ] GC(791) PSYoungGen: 296000K(313344K)->64K(314368K) Eden: 295936K(295936K)->0K(300032K) From: 64K(17408K)->64K(14336K)
[293.282s][info][gc,heap        ] GC(791) ParOldGen: 533217K(533504K)->533233K(533504K)
[293.282s][info][gc,metaspace   ] GC(791) Metaspace: 35298K(35968K)->35298K(35968K) NonClass: 26090K(26560K)->26090K(26560K) Class: 9208K(9408K)->9208K(9408K)
[293.282s][info][gc             ] GC(791) Pause Young (Allocation Failure) 809M->520M(828M) 1.558ms
[293.282s][info][gc,cpu         ] GC(791) User=0.01s Sys=0.00s Real=0.01s
[293.458s][info][gc,start       ] GC(792) Pause Young (Allocation Failure)
[293.460s][info][gc,heap        ] GC(792) PSYoungGen: 300096K(314368K)->64K(315392K) Eden: 300032K(300032K)->0K(300032K) From: 64K(14336K)->64K(15360K)
[293.460s][info][gc,heap        ] GC(792) ParOldGen: 533233K(533504K)->533233K(533504K)
[293.460s][info][gc,metaspace   ] GC(792) Metaspace: 35298K(35968K)->35298K(35968K) NonClass: 26090K(26560K)->26090K(26560K) Class: 9208K(9408K)->9208K(9408K)
[293.460s][info][gc             ] GC(792) Pause Young (Allocation Failure) 813M->520M(829M) 1.522ms
[293.460s][info][gc,cpu         ] GC(792) User=0.00s Sys=0.00s Real=0.00s
[293.540s][info][gc,start       ] GC(793) Pause Young (Allocation Failure)
[293.542s][info][gc,heap        ] GC(793) PSYoungGen: 300096K(315392K)->64K(315904K) Eden: 300032K(300032K)->0K(303616K) From: 64K(15360K)->64K(12288K)
[293.542s][info][gc,heap        ] GC(793) ParOldGen: 533233K(533504K)->533249K(533504K)
[293.542s][info][gc,metaspace   ] GC(793) Metaspace: 35298K(35968K)->35298K(35968K) NonClass: 26090K(26560K)->26090K(26560K) Class: 9208K(9408K)->9208K(9408K)
[293.542s][info][gc             ] GC(793) Pause Young (Allocation Failure) 813M->520M(829M) 1.470ms
[293.542s][info][gc,cpu         ] GC(793) User=0.01s Sys=0.00s Real=0.00s
[293.708s][info][gc,start       ] GC(794) Pause Young (Allocation Failure)
[293.710s][info][gc,heap        ] GC(794) PSYoungGen: 303680K(315904K)->64K(317440K) Eden: 303616K(303616K)->0K(303616K) From: 64K(12288K)->64K(13824K)
[293.710s][info][gc,heap        ] GC(794) ParOldGen: 533249K(533504K)->533249K(533504K)
[293.710s][info][gc,metaspace   ] GC(794) Metaspace: 35298K(35968K)->35298K(35968K) NonClass: 26090K(26560K)->26090K(26560K) Class: 9208K(9408K)->9208K(9408K)
[293.710s][info][gc             ] GC(794) Pause Young (Allocation Failure) 817M->520M(831M) 1.567ms
[293.710s][info][gc,cpu         ] GC(794) User=0.00s Sys=0.00s Real=0.00s
[294.630s][info][gc,start       ] GC(795) Pause Young (Allocation Failure)
[294.631s][info][gc,heap        ] GC(795) PSYoungGen: 303680K(317440K)->64K(318464K) Eden: 303616K(303616K)->0K(307200K) From: 64K(13824K)->64K(11264K)
[294.631s][info][gc,heap        ] GC(795) ParOldGen: 533249K(533504K)->533257K(533504K)
[294.631s][info][gc,metaspace   ] GC(795) Metaspace: 35298K(35968K)->35298K(35968K) NonClass: 26090K(26560K)->26090K(26560K) Class: 9208K(9408K)->9208K(9408K)
[294.631s][info][gc             ] GC(795) Pause Young (Allocation Failure) 817M->520M(832M) 1.622ms
[294.631s][info][gc,cpu         ] GC(795) User=0.00s Sys=0.00s Real=0.00s
[295.476s][info][gc,start       ] GC(796) Pause Young (Allocation Failure)
[295.477s][info][gc,heap        ] GC(796) PSYoungGen: 307264K(318464K)->64K(295424K) Eden: 307200K(307200K)->0K(294912K) From: 64K(11264K)->64K(512K)
[295.477s][info][gc,heap        ] GC(796) ParOldGen: 533257K(533504K)->533265K(533504K)
[295.477s][info][gc,metaspace   ] GC(796) Metaspace: 35298K(35968K)->35298K(35968K) NonClass: 26090K(26560K)->26090K(26560K) Class: 9208K(9408K)->9208K(9408K)
[295.477s][info][gc             ] GC(796) Pause Young (Allocation Failure) 820M->520M(809M) 1.722ms
[295.477s][info][gc,cpu         ] GC(796) User=0.00s Sys=0.01s Real=0.00s
[295.879s][info][gc,start       ] GC(797) Pause Young (Allocation Failure)
[295.880s][info][gc,heap        ] GC(797) PSYoungGen: 294976K(295424K)->64K(283648K) Eden: 294912K(294912K)->0K(283136K) From: 64K(512K)->64K(512K)
[295.880s][info][gc,heap        ] GC(797) ParOldGen: 533265K(533504K)->533273K(533504K)
[295.880s][info][gc,metaspace   ] GC(797) Metaspace: 35298K(35968K)->35298K(35968K) NonClass: 26090K(26560K)->26090K(26560K) Class: 9208K(9408K)->9208K(9408K)
[295.880s][info][gc             ] GC(797) Pause Young (Allocation Failure) 808M->520M(798M) 1.654ms
[295.880s][info][gc,cpu         ] GC(797) User=0.00s Sys=0.00s Real=0.00s
[296.916s][info][gc,start       ] GC(798) Pause Young (Allocation Failure)
[296.917s][info][gc,heap        ] GC(798) PSYoungGen: 283200K(283648K)->64K(282624K) Eden: 283136K(283136K)->0K(271872K) From: 64K(512K)->64K(10752K)
[296.917s][info][gc,heap        ] GC(798) ParOldGen: 533273K(533504K)->533281K(533504K)
[296.917s][info][gc,metaspace   ] GC(798) Metaspace: 35298K(35968K)->35298K(35968K) NonClass: 26090K(26560K)->26090K(26560K) Class: 9208K(9408K)->9208K(9408K)
[296.917s][info][gc             ] GC(798) Pause Young (Allocation Failure) 797M->520M(797M) 1.641ms
[296.917s][info][gc,cpu         ] GC(798) User=0.01s Sys=0.00s Real=0.00s
[297.325s][info][gc,start       ] GC(799) Pause Young (Allocation Failure)
[297.327s][info][gc,heap        ] GC(799) PSYoungGen: 271936K(282624K)->64K(261632K) Eden: 271872K(271872K)->0K(261120K) From: 64K(10752K)->64K(512K)
[297.327s][info][gc,heap        ] GC(799) ParOldGen: 533281K(533504K)->533289K(533504K)
[297.327s][info][gc,metaspace   ] GC(799) Metaspace: 35298K(35968K)->35298K(35968K) NonClass: 26090K(26560K)->26090K(26560K) Class: 9208K(9408K)->9208K(9408K)
[297.327s][info][gc             ] GC(799) Pause Young (Allocation Failure) 786M->520M(776M) 1.972ms
[297.327s][info][gc,cpu         ] GC(799) User=0.01s Sys=0.00s Real=0.00s
[297.504s][info][gc,start       ] GC(800) Pause Young (Allocation Failure)
[297.506s][info][gc,heap        ] GC(800) PSYoungGen: 261184K(261632K)->64K(260096K) Eden: 261120K(261120K)->0K(250880K) From: 64K(512K)->64K(9216K)
[297.506s][info][gc,heap        ] GC(800) ParOldGen: 533289K(533504K)->533297K(533504K)
[297.506s][info][gc,metaspace   ] GC(800) Metaspace: 35298K(35968K)->35298K(35968K) NonClass: 26090K(26560K)->26090K(26560K) Class: 9208K(9408K)->9208K(9408K)
[297.506s][info][gc             ] GC(800) Pause Young (Allocation Failure) 775M->520M(775M) 2.063ms
[297.506s][info][gc,cpu         ] GC(800) User=0.00s Sys=0.00s Real=0.00s
[297.767s][info][gc,start       ] GC(801) Pause Young (Allocation Failure)
[297.769s][info][gc,heap        ] GC(801) PSYoungGen: 250944K(260096K)->64K(241664K) Eden: 250880K(250880K)->0K(241152K) From: 64K(9216K)->64K(512K)
[297.769s][info][gc,heap        ] GC(801) ParOldGen: 533297K(533504K)->533305K(533504K)
[297.769s][info][gc,metaspace   ] GC(801) Metaspace: 35298K(35968K)->35298K(35968K) NonClass: 26090K(26560K)->26090K(26560K) Class: 9208K(9408K)->9208K(9408K)
[297.769s][info][gc             ] GC(801) Pause Young (Allocation Failure) 765M->520M(757M) 2.041ms
[297.769s][info][gc,cpu         ] GC(801) User=0.01s Sys=0.00s Real=0.00s
[298.198s][info][gc,start       ] GC(802) Pause Young (Allocation Failure)
[298.199s][info][gc,heap        ] GC(802) PSYoungGen: 241216K(241664K)->64K(240128K) Eden: 241152K(241152K)->0K(231936K) From: 64K(512K)->64K(8192K)
[298.199s][info][gc,heap        ] GC(802) ParOldGen: 533305K(533504K)->533313K(533504K)
[298.199s][info][gc,metaspace   ] GC(802) Metaspace: 35298K(35968K)->35298K(35968K) NonClass: 26090K(26560K)->26090K(26560K) Class: 9208K(9408K)->9208K(9408K)
[298.199s][info][gc             ] GC(802) Pause Young (Allocation Failure) 756M->520M(755M) 1.564ms
[298.199s][info][gc,cpu         ] GC(802) User=0.00s Sys=0.00s Real=0.00s
[298.512s][info][gc,start       ] GC(803) Pause Young (Allocation Failure)
[298.518s][info][gc,heap        ] GC(803) PSYoungGen: 231999K(240128K)->2528K(225792K) Eden: 231935K(231936K)->0K(223232K) From: 64K(8192K)->2528K(2560K)
[298.518s][info][gc,heap        ] GC(803) ParOldGen: 533313K(533504K)->533321K(533504K)
[298.518s][info][gc,metaspace   ] GC(803) Metaspace: 35298K(35968K)->35298K(35968K) NonClass: 26090K(26560K)->26090K(26560K) Class: 9208K(9408K)->9208K(9408K)
[298.518s][info][gc             ] GC(803) Pause Young (Allocation Failure) 747M->523M(741M) 5.537ms
[298.518s][info][gc,cpu         ] GC(803) User=0.01s Sys=0.00s Real=0.00s
[298.774s][info][gc,start       ] GC(804) Pause Young (Allocation Failure)
[298.822s][info][gc,heap        ] GC(804) PSYoungGen: 225760K(225792K)->7680K(275968K) Eden: 223232K(223232K)->0K(268288K) From: 2528K(2560K)->7680K(7680K)
[298.822s][info][gc,heap        ] GC(804) ParOldGen: 533321K(533504K)->550833K(550912K)
[298.822s][info][gc,metaspace   ] GC(804) Metaspace: 35298K(35968K)->35298K(35968K) NonClass: 26090K(26560K)->26090K(26560K) Class: 9208K(9408K)->9208K(9408K)
[298.822s][info][gc             ] GC(804) Pause Young (Allocation Failure) 741M->545M(807M) 48.063ms
[298.822s][info][gc,cpu         ] GC(804) User=0.08s Sys=0.02s Real=0.04s
[299.130s][info][gc,start       ] GC(805) Pause Young (Allocation Failure)
[299.195s][info][gc,heap        ] GC(805) PSYoungGen: 275968K(275968K)->15872K(275456K) Eden: 268288K(268288K)->0K(259584K) From: 7680K(7680K)->15872K(15872K)
[299.195s][info][gc,heap        ] GC(805) ParOldGen: 550833K(550912K)->565697K(565760K)
[299.195s][info][gc,metaspace   ] GC(805) Metaspace: 35298K(35968K)->35298K(35968K) NonClass: 26090K(26560K)->26090K(26560K) Class: 9208K(9408K)->9208K(9408K)
[299.195s][info][gc             ] GC(805) Pause Young (Allocation Failure) 807M->567M(821M) 65.308ms
[299.195s][info][gc,cpu         ] GC(805) User=0.11s Sys=0.02s Real=0.07s
[299.314s][info][gc,start       ] GC(806) Pause Young (Allocation Failure)
[299.327s][info][gc,heap        ] GC(806) PSYoungGen: 275456K(275456K)->4704K(284160K) Eden: 259584K(259584K)->0K(259584K) From: 15872K(15872K)->4704K(24576K)
[299.327s][info][gc,heap        ] GC(806) ParOldGen: 565697K(565760K)->566097K(566272K)
[299.327s][info][gc,metaspace   ] GC(806) Metaspace: 35298K(35968K)->35298K(35968K) NonClass: 26090K(26560K)->26090K(26560K) Class: 9208K(9408K)->9208K(9408K)
[299.327s][info][gc             ] GC(806) Pause Young (Allocation Failure) 821M->557M(830M) 12.855ms
[299.327s][info][gc,cpu         ] GC(806) User=0.02s Sys=0.00s Real=0.01s
[299.819s][info][gc,start       ] GC(807) Pause Young (Allocation Failure)
[299.821s][info][gc,heap        ] GC(807) PSYoungGen: 264288K(284160K)->64K(306688K) Eden: 259584K(259584K)->0K(286208K) From: 4704K(24576K)->64K(20480K)
[299.821s][info][gc,heap        ] GC(807) ParOldGen: 566097K(566272K)->566105K(566272K)
[299.821s][info][gc,metaspace   ] GC(807) Metaspace: 35298K(35968K)->35298K(35968K) NonClass: 26090K(26560K)->26090K(26560K) Class: 9208K(9408K)->9208K(9408K)
[299.821s][info][gc             ] GC(807) Pause Young (Allocation Failure) 810M->552M(852M) 1.762ms
[299.821s][info][gc,cpu         ] GC(807) User=0.01s Sys=0.00s Real=0.00s
[300.342s][info][gc,start       ] GC(808) Pause Young (Allocation Failure)
[300.345s][info][gc,heap        ] GC(808) PSYoungGen: 286272K(306688K)->128K(308736K) Eden: 286208K(286208K)->0K(286208K) From: 64K(20480K)->128K(22528K)
[300.345s][info][gc,heap        ] GC(808) ParOldGen: 566105K(566272K)->566113K(566272K)
[300.345s][info][gc,metaspace   ] GC(808) Metaspace: 35364K(36096K)->35364K(36096K) NonClass: 26155K(26688K)->26155K(26688K) Class: 9209K(9408K)->9209K(9408K)
[300.345s][info][gc             ] GC(808) Pause Young (Allocation Failure) 832M->552M(854M) 2.367ms
[300.345s][info][gc,cpu         ] GC(808) User=0.00s Sys=0.00s Real=0.00s
[300.759s][info][gc,start       ] GC(809) Pause Young (Allocation Failure)
[300.761s][info][gc,heap        ] GC(809) PSYoungGen: 286336K(308736K)->64K(309248K) Eden: 286208K(286208K)->0K(289792K) From: 128K(22528K)->64K(19456K)
[300.761s][info][gc,heap        ] GC(809) ParOldGen: 566113K(566272K)->566201K(566272K)
[300.761s][info][gc,metaspace   ] GC(809) Metaspace: 35364K(36096K)->35364K(36096K) NonClass: 26155K(26688K)->26155K(26688K) Class: 9209K(9408K)->9209K(9408K)
[300.761s][info][gc             ] GC(809) Pause Young (Allocation Failure) 832M->552M(855M) 1.944ms
[300.761s][info][gc,cpu         ] GC(809) User=0.01s Sys=0.00s Real=0.00s
[300.968s][info][gc,start       ] GC(810) Pause Young (Allocation Failure)
[300.970s][info][gc,heap        ] GC(810) PSYoungGen: 289856K(309248K)->64K(310784K) Eden: 289792K(289792K)->0K(289792K) From: 64K(19456K)->64K(20992K)
[300.970s][info][gc,heap        ] GC(810) ParOldGen: 566201K(566272K)->566217K(566272K)
[300.970s][info][gc,metaspace   ] GC(810) Metaspace: 35364K(36096K)->35364K(36096K) NonClass: 26155K(26688K)->26155K(26688K) Class: 9209K(9408K)->9209K(9408K)
[300.970s][info][gc             ] GC(810) Pause Young (Allocation Failure) 835M->553M(856M) 1.710ms
[300.970s][info][gc,cpu         ] GC(810) User=0.00s Sys=0.00s Real=0.00s
[301.278s][info][gc,start       ] GC(811) Pause Young (Allocation Failure)
[301.280s][info][gc,heap        ] GC(811) PSYoungGen: 289856K(310784K)->64K(310272K) Eden: 289792K(289792K)->0K(292864K) From: 64K(20992K)->64K(17408K)
[301.280s][info][gc,heap        ] GC(811) ParOldGen: 566217K(566272K)->566217K(566272K)
[301.280s][info][gc,metaspace   ] GC(811) Metaspace: 35364K(36096K)->35364K(36096K) NonClass: 26155K(26688K)->26155K(26688K) Class: 9209K(9408K)->9209K(9408K)
[301.280s][info][gc             ] GC(811) Pause Young (Allocation Failure) 836M->553M(856M) 1.624ms
[301.280s][info][gc,cpu         ] GC(811) User=0.00s Sys=0.00s Real=0.00s
[301.437s][info][gc,start       ] GC(812) Pause Young (Allocation Failure)
[301.439s][info][gc,heap        ] GC(812) PSYoungGen: 292928K(310272K)->64K(311808K) Eden: 292864K(292864K)->0K(292864K) From: 64K(17408K)->64K(18944K)
[301.439s][info][gc,heap        ] GC(812) ParOldGen: 566217K(566272K)->566225K(566272K)
[301.439s][info][gc,metaspace   ] GC(812) Metaspace: 35364K(36096K)->35364K(36096K) NonClass: 26155K(26688K)->26155K(26688K) Class: 9209K(9408K)->9209K(9408K)
[301.439s][info][gc             ] GC(812) Pause Young (Allocation Failure) 839M->553M(857M) 1.521ms
[301.439s][info][gc,cpu         ] GC(812) User=0.00s Sys=0.00s Real=0.00s
[301.490s][info][gc,start       ] GC(813) Pause Young (Allocation Failure)
[301.492s][info][gc,heap        ] GC(813) PSYoungGen: 292928K(311808K)->32K(313344K) Eden: 292864K(292864K)->0K(296960K) From: 64K(18944K)->32K(16384K)
[301.492s][info][gc,heap        ] GC(813) ParOldGen: 566225K(566272K)->566241K(566272K)
[301.492s][info][gc,metaspace   ] GC(813) Metaspace: 35364K(36096K)->35364K(36096K) NonClass: 26155K(26688K)->26155K(26688K) Class: 9209K(9408K)->9209K(9408K)
[301.492s][info][gc             ] GC(813) Pause Young (Allocation Failure) 839M->553M(859M) 1.574ms
[301.492s][info][gc,cpu         ] GC(813) User=0.01s Sys=0.00s Real=0.00s
[301.604s][info][gc,start       ] GC(814) Pause Young (Allocation Failure)
[301.606s][info][gc,heap        ] GC(814) PSYoungGen: 296992K(313344K)->64K(314368K) Eden: 296960K(296960K)->0K(296960K) From: 32K(16384K)->64K(17408K)
[301.606s][info][gc,heap        ] GC(814) ParOldGen: 566241K(566272K)->566241K(566272K)
[301.606s][info][gc,metaspace   ] GC(814) Metaspace: 35364K(36096K)->35364K(36096K) NonClass: 26155K(26688K)->26155K(26688K) Class: 9209K(9408K)->9209K(9408K)
[301.606s][info][gc             ] GC(814) Pause Young (Allocation Failure) 843M->553M(860M) 1.509ms
[301.606s][info][gc,cpu         ] GC(814) User=0.00s Sys=0.00s Real=0.00s
[301.826s][info][gc,start       ] GC(815) Pause Young (Allocation Failure)
[301.828s][info][gc,heap        ] GC(815) PSYoungGen: 297024K(314368K)->64K(314368K) Eden: 296960K(296960K)->0K(300032K) From: 64K(17408K)->64K(14336K)
[301.828s][info][gc,heap        ] GC(815) ParOldGen: 566241K(566272K)->566249K(566272K)
[301.828s][info][gc,metaspace   ] GC(815) Metaspace: 35364K(36096K)->35364K(36096K) NonClass: 26155K(26688K)->26155K(26688K) Class: 9209K(9408K)->9209K(9408K)
[301.828s][info][gc             ] GC(815) Pause Young (Allocation Failure) 843M->553M(860M) 1.602ms
[301.828s][info][gc,cpu         ] GC(815) User=0.00s Sys=0.00s Real=0.00s
[301.988s][info][gc,start       ] GC(816) Pause Young (Allocation Failure)
[301.990s][info][gc,heap        ] GC(816) PSYoungGen: 300096K(314368K)->64K(315392K) Eden: 300032K(300032K)->0K(300032K) From: 64K(14336K)->64K(15360K)
[301.990s][info][gc,heap        ] GC(816) ParOldGen: 566249K(566272K)->566257K(566272K)
[301.990s][info][gc,metaspace   ] GC(816) Metaspace: 35364K(36096K)->35364K(36096K) NonClass: 26155K(26688K)->26155K(26688K) Class: 9209K(9408K)->9209K(9408K)
[301.990s][info][gc             ] GC(816) Pause Young (Allocation Failure) 846M->553M(861M) 1.575ms
[301.990s][info][gc,cpu         ] GC(816) User=0.00s Sys=0.00s Real=0.00s
[302.071s][info][gc,start       ] GC(817) Pause Young (Allocation Failure)
[302.072s][info][gc,heap        ] GC(817) PSYoungGen: 300096K(315392K)->64K(317440K) Eden: 300032K(300032K)->0K(304128K) From: 64K(15360K)->64K(13312K)
[302.072s][info][gc,heap        ] GC(817) ParOldGen: 566257K(566272K)->566273K(566784K)
[302.072s][info][gc,metaspace   ] GC(817) Metaspace: 35364K(36096K)->35364K(36096K) NonClass: 26155K(26688K)->26155K(26688K) Class: 9209K(9408K)->9209K(9408K)
[302.072s][info][gc             ] GC(817) Pause Young (Allocation Failure) 846M->553M(863M) 1.522ms
[302.072s][info][gc,cpu         ] GC(817) User=0.01s Sys=0.00s Real=0.01s
[302.252s][info][gc,start       ] GC(818) Pause Young (Allocation Failure)
[302.253s][info][gc,heap        ] GC(818) PSYoungGen: 304192K(317440K)->64K(317952K) Eden: 304128K(304128K)->0K(304128K) From: 64K(13312K)->64K(13824K)
[302.253s][info][gc,heap        ] GC(818) ParOldGen: 566273K(566784K)->566273K(566784K)
[302.253s][info][gc,metaspace   ] GC(818) Metaspace: 35364K(36096K)->35364K(36096K) NonClass: 26155K(26688K)->26155K(26688K) Class: 9209K(9408K)->9209K(9408K)
[302.253s][info][gc             ] GC(818) Pause Young (Allocation Failure) 850M->553M(864M) 1.619ms
[302.253s][info][gc,cpu         ] GC(818) User=0.01s Sys=0.00s Real=0.01s
[303.163s][info][gc,start       ] GC(819) Pause Young (Allocation Failure)
[303.164s][info][gc,heap        ] GC(819) PSYoungGen: 304192K(317952K)->83K(318464K) Eden: 304128K(304128K)->0K(307200K) From: 64K(13824K)->83K(11264K)
[303.164s][info][gc,heap        ] GC(819) ParOldGen: 566273K(566784K)->566281K(566784K)
[303.164s][info][gc,metaspace   ] GC(819) Metaspace: 35364K(36096K)->35364K(36096K) NonClass: 26155K(26688K)->26155K(26688K) Class: 9209K(9408K)->9209K(9408K)
[303.165s][info][gc             ] GC(819) Pause Young (Allocation Failure) 850M->553M(864M) 1.695ms
[303.165s][info][gc,cpu         ] GC(819) User=0.01s Sys=0.00s Real=0.00s
[304.026s][info][gc,start       ] GC(820) Pause Young (Allocation Failure)
[304.028s][info][gc,heap        ] GC(820) PSYoungGen: 307283K(318464K)->64K(295424K) Eden: 307200K(307200K)->0K(294912K) From: 83K(11264K)->64K(512K)
[304.028s][info][gc,heap        ] GC(820) ParOldGen: 566281K(566784K)->566289K(566784K)
[304.028s][info][gc,metaspace   ] GC(820) Metaspace: 35364K(36096K)->35364K(36096K) NonClass: 26155K(26688K)->26155K(26688K) Class: 9209K(9408K)->9209K(9408K)
[304.028s][info][gc             ] GC(820) Pause Young (Allocation Failure) 853M->553M(842M) 1.770ms
[304.028s][info][gc,cpu         ] GC(820) User=0.01s Sys=0.00s Real=0.00s
[304.458s][info][gc,start       ] GC(821) Pause Young (Allocation Failure)
[304.460s][info][gc,heap        ] GC(821) PSYoungGen: 294976K(295424K)->64K(283648K) Eden: 294912K(294912K)->0K(283136K) From: 64K(512K)->64K(512K)
[304.460s][info][gc,heap        ] GC(821) ParOldGen: 566289K(566784K)->566297K(566784K)
[304.460s][info][gc,metaspace   ] GC(821) Metaspace: 35364K(36096K)->35364K(36096K) NonClass: 26155K(26688K)->26155K(26688K) Class: 9209K(9408K)->9209K(9408K)
[304.460s][info][gc             ] GC(821) Pause Young (Allocation Failure) 841M->553M(830M) 1.648ms
[304.460s][info][gc,cpu         ] GC(821) User=0.00s Sys=0.00s Real=0.00s
[305.456s][info][gc,start       ] GC(822) Pause Young (Allocation Failure)
[305.458s][info][gc,heap        ] GC(822) PSYoungGen: 283200K(283648K)->64K(282624K) Eden: 283136K(283136K)->0K(271872K) From: 64K(512K)->64K(10752K)
[305.458s][info][gc,heap        ] GC(822) ParOldGen: 566297K(566784K)->566305K(566784K)
[305.458s][info][gc,metaspace   ] GC(822) Metaspace: 35364K(36096K)->35364K(36096K) NonClass: 26155K(26688K)->26155K(26688K) Class: 9209K(9408K)->9209K(9408K)
[305.458s][info][gc             ] GC(822) Pause Young (Allocation Failure) 829M->553M(829M) 1.630ms
[305.458s][info][gc,cpu         ] GC(822) User=0.01s Sys=0.00s Real=0.00s
[305.875s][info][gc,start       ] GC(823) Pause Young (Allocation Failure)
[305.877s][info][gc,heap        ] GC(823) PSYoungGen: 271936K(282624K)->64K(261632K) Eden: 271872K(271872K)->0K(261120K) From: 64K(10752K)->64K(512K)
[305.877s][info][gc,heap        ] GC(823) ParOldGen: 566305K(566784K)->566313K(566784K)
[305.877s][info][gc,metaspace   ] GC(823) Metaspace: 35364K(36096K)->35364K(36096K) NonClass: 26155K(26688K)->26155K(26688K) Class: 9209K(9408K)->9209K(9408K)
[305.877s][info][gc             ] GC(823) Pause Young (Allocation Failure) 818M->553M(809M) 2.295ms
[305.877s][info][gc,cpu         ] GC(823) User=0.00s Sys=0.00s Real=0.00s
[306.041s][info][gc,start       ] GC(824) Pause Young (Allocation Failure)
[306.043s][info][gc,heap        ] GC(824) PSYoungGen: 261184K(261632K)->64K(260096K) Eden: 261120K(261120K)->0K(250880K) From: 64K(512K)->64K(9216K)
[306.043s][info][gc,heap        ] GC(824) ParOldGen: 566313K(566784K)->566329K(566784K)
[306.043s][info][gc,metaspace   ] GC(824) Metaspace: 35364K(36096K)->35364K(36096K) NonClass: 26155K(26688K)->26155K(26688K) Class: 9209K(9408K)->9209K(9408K)
[306.043s][info][gc             ] GC(824) Pause Young (Allocation Failure) 808M->553M(807M) 1.561ms
[306.043s][info][gc,cpu         ] GC(824) User=0.00s Sys=0.00s Real=0.01s
[306.376s][info][gc,start       ] GC(825) Pause Young (Allocation Failure)
[306.378s][info][gc,heap        ] GC(825) PSYoungGen: 250944K(260096K)->64K(241664K) Eden: 250880K(250880K)->0K(241152K) From: 64K(9216K)->64K(512K)
[306.378s][info][gc,heap        ] GC(825) ParOldGen: 566329K(566784K)->566337K(566784K)
[306.378s][info][gc,metaspace   ] GC(825) Metaspace: 35364K(36096K)->35364K(36096K) NonClass: 26155K(26688K)->26155K(26688K) Class: 9209K(9408K)->9209K(9408K)
[306.378s][info][gc             ] GC(825) Pause Young (Allocation Failure) 798M->553M(789M) 2.170ms
[306.378s][info][gc,cpu         ] GC(825) User=0.01s Sys=0.00s Real=0.00s
[306.733s][info][gc,start       ] GC(826) Pause Young (Allocation Failure)
[306.734s][info][gc,heap        ] GC(826) PSYoungGen: 241216K(241664K)->64K(240128K) Eden: 241152K(241152K)->0K(231936K) From: 64K(512K)->64K(8192K)
[306.734s][info][gc,heap        ] GC(826) ParOldGen: 566337K(566784K)->566345K(566784K)
[306.734s][info][gc,metaspace   ] GC(826) Metaspace: 35364K(36096K)->35364K(36096K) NonClass: 26155K(26688K)->26155K(26688K) Class: 9209K(9408K)->9209K(9408K)
[306.734s][info][gc             ] GC(826) Pause Young (Allocation Failure) 788M->553M(788M) 1.827ms
[306.734s][info][gc,cpu         ] GC(826) User=0.00s Sys=0.00s Real=0.00s
[307.085s][info][gc,start       ] GC(827) Pause Young (Allocation Failure)
[307.096s][info][gc,heap        ] GC(827) PSYoungGen: 232000K(240128K)->5920K(283136K) Eden: 231936K(231936K)->0K(275968K) From: 64K(8192K)->5920K(7168K)
[307.096s][info][gc,heap        ] GC(827) ParOldGen: 566345K(566784K)->566361K(566784K)
[307.096s][info][gc,metaspace   ] GC(827) Metaspace: 35364K(36096K)->35364K(36096K) NonClass: 26155K(26688K)->26155K(26688K) Class: 9209K(9408K)->9209K(9408K)
[307.096s][info][gc             ] GC(827) Pause Young (Allocation Failure) 779M->558M(830M) 10.101ms
[307.096s][info][gc,cpu         ] GC(827) User=0.02s Sys=0.00s Real=0.01s
[307.410s][info][gc,start       ] GC(828) Pause Young (Allocation Failure)
[307.471s][info][gc,heap        ] GC(828) PSYoungGen: 281888K(283136K)->8704K(284672K) Eden: 275968K(275968K)->0K(275968K) From: 5920K(7168K)->8704K(8704K)
[307.471s][info][gc,heap        ] GC(828) ParOldGen: 566361K(566784K)->588801K(589312K)
[307.471s][info][gc,metaspace   ] GC(828) Metaspace: 35364K(36096K)->35364K(36096K) NonClass: 26155K(26688K)->26155K(26688K) Class: 9209K(9408K)->9209K(9408K)
[307.471s][info][gc             ] GC(828) Pause Young (Allocation Failure) 828M->583M(853M) 60.744ms
[307.471s][info][gc,cpu         ] GC(828) User=0.11s Sys=0.01s Real=0.06s
[307.744s][info][gc,start       ] GC(829) Pause Young (Allocation Failure)
[307.802s][info][gc,heap        ] GC(829) PSYoungGen: 284672K(284672K)->18944K(301568K) Eden: 275968K(275968K)->0K(282624K) From: 8704K(8704K)->18944K(18944K)
[307.802s][info][gc,heap        ] GC(829) ParOldGen: 588801K(589312K)->596049K(596480K)
[307.802s][info][gc,metaspace   ] GC(829) Metaspace: 35364K(36096K)->35364K(36096K) NonClass: 26155K(26688K)->26155K(26688K) Class: 9209K(9408K)->9209K(9408K)
[307.802s][info][gc             ] GC(829) Pause Young (Allocation Failure) 853M->600M(877M) 58.269ms
[307.802s][info][gc,cpu         ] GC(829) User=0.09s Sys=0.02s Real=0.06s
[307.989s][info][gc,start       ] GC(830) Pause Young (Allocation Failure)
[307.992s][info][gc,heap        ] GC(830) PSYoungGen: 301568K(301568K)->64K(308224K) Eden: 282624K(282624K)->0K(282624K) From: 18944K(18944K)->64K(25600K)
[307.992s][info][gc,heap        ] GC(830) ParOldGen: 596049K(596480K)->596241K(596480K)
[307.992s][info][gc,metaspace   ] GC(830) Metaspace: 35364K(36096K)->35364K(36096K) NonClass: 26155K(26688K)->26155K(26688K) Class: 9209K(9408K)->9209K(9408K)
[307.992s][info][gc             ] GC(830) Pause Young (Allocation Failure) 876M->582M(883M) 3.847ms
[307.992s][info][gc,cpu         ] GC(830) User=0.01s Sys=0.00s Real=0.01s
[308.659s][info][gc,start       ] GC(831) Pause Young (Allocation Failure)
[308.661s][info][gc,heap        ] GC(831) PSYoungGen: 282688K(308224K)->64K(305664K) Eden: 282624K(282624K)->0K(283136K) From: 64K(25600K)->64K(22528K)
[308.661s][info][gc,heap        ] GC(831) ParOldGen: 596241K(596480K)->596257K(596480K)
[308.661s][info][gc,metaspace   ] GC(831) Metaspace: 35366K(36096K)->35366K(36096K) NonClass: 26157K(26688K)->26157K(26688K) Class: 9209K(9408K)->9209K(9408K)
[308.661s][info][gc             ] GC(831) Pause Young (Allocation Failure) 858M->582M(881M) 2.005ms
[308.661s][info][gc,cpu         ] GC(831) User=0.00s Sys=0.00s Real=0.00s
[309.122s][info][gc,start       ] GC(832) Pause Young (Allocation Failure)
[309.124s][info][gc,heap        ] GC(832) PSYoungGen: 283200K(305664K)->64K(307200K) Eden: 283136K(283136K)->0K(283136K) From: 64K(22528K)->64K(24064K)
[309.124s][info][gc,heap        ] GC(832) ParOldGen: 596257K(596480K)->596273K(596480K)
[309.124s][info][gc,metaspace   ] GC(832) Metaspace: 35366K(36096K)->35366K(36096K) NonClass: 26157K(26688K)->26157K(26688K) Class: 9209K(9408K)->9209K(9408K)
[309.124s][info][gc             ] GC(832) Pause Young (Allocation Failure) 858M->582M(882M) 1.773ms
[309.124s][info][gc,cpu         ] GC(832) User=0.00s Sys=0.00s Real=0.00s
[309.326s][info][gc,start       ] GC(833) Pause Young (Allocation Failure)
[309.327s][info][gc,heap        ] GC(833) PSYoungGen: 283200K(307200K)->64K(307200K) Eden: 283136K(283136K)->0K(286720K) From: 64K(24064K)->64K(20480K)
[309.327s][info][gc,heap        ] GC(833) ParOldGen: 596273K(596480K)->596289K(596480K)
[309.327s][info][gc,metaspace   ] GC(833) Metaspace: 35366K(36096K)->35366K(36096K) NonClass: 26157K(26688K)->26157K(26688K) Class: 9209K(9408K)->9209K(9408K)
[309.327s][info][gc             ] GC(833) Pause Young (Allocation Failure) 858M->582M(882M) 1.767ms
[309.327s][info][gc,cpu         ] GC(833) User=0.00s Sys=0.00s Real=0.00s
[309.531s][info][gc,start       ] GC(834) Pause Young (Allocation Failure)
[309.532s][info][gc,heap        ] GC(834) PSYoungGen: 286784K(307200K)->32K(308736K) Eden: 286720K(286720K)->0K(286720K) From: 64K(20480K)->32K(22016K)
[309.532s][info][gc,heap        ] GC(834) ParOldGen: 596289K(596480K)->596289K(596480K)
[309.532s][info][gc,metaspace   ] GC(834) Metaspace: 35366K(36096K)->35366K(36096K) NonClass: 26157K(26688K)->26157K(26688K) Class: 9209K(9408K)->9209K(9408K)
[309.532s][info][gc             ] GC(834) Pause Young (Allocation Failure) 862M->582M(884M) 1.670ms
[309.532s][info][gc,cpu         ] GC(834) User=0.00s Sys=0.00s Real=0.01s
[309.869s][info][gc,start       ] GC(835) Pause Young (Allocation Failure)
[309.870s][info][gc,heap        ] GC(835) PSYoungGen: 286752K(308736K)->64K(309248K) Eden: 286720K(286720K)->0K(290816K) From: 32K(22016K)->64K(18432K)
[309.870s][info][gc,heap        ] GC(835) ParOldGen: 596289K(596480K)->596289K(596480K)
[309.870s][info][gc,metaspace   ] GC(835) Metaspace: 35366K(36096K)->35366K(36096K) NonClass: 26157K(26688K)->26157K(26688K) Class: 9209K(9408K)->9209K(9408K)
[309.870s][info][gc             ] GC(835) Pause Young (Allocation Failure) 862M->582M(884M) 1.687ms
[309.870s][info][gc,cpu         ] GC(835) User=0.01s Sys=0.00s Real=0.00s
[309.920s][info][gc,start       ] GC(836) Pause Young (Allocation Failure)
[309.922s][info][gc,heap        ] GC(836) PSYoungGen: 290880K(309248K)->64K(310784K) Eden: 290816K(290816K)->0K(290816K) From: 64K(18432K)->64K(19968K)
[309.922s][info][gc,heap        ] GC(836) ParOldGen: 596289K(596480K)->596305K(596480K)
[309.922s][info][gc,metaspace   ] GC(836) Metaspace: 35366K(36096K)->35366K(36096K) NonClass: 26157K(26688K)->26157K(26688K) Class: 9209K(9408K)->9209K(9408K)
[309.922s][info][gc             ] GC(836) Pause Young (Allocation Failure) 866M->582M(886M) 1.659ms
[309.922s][info][gc,cpu         ] GC(836) User=0.00s Sys=0.00s Real=0.00s
[309.971s][info][gc,start       ] GC(837) Pause Young (Allocation Failure)
[309.973s][info][gc,heap        ] GC(837) PSYoungGen: 290880K(310784K)->64K(311296K) Eden: 290816K(290816K)->0K(294912K) From: 64K(19968K)->64K(16384K)
[309.973s][info][gc,heap        ] GC(837) ParOldGen: 596305K(596480K)->596305K(596480K)
[309.973s][info][gc,metaspace   ] GC(837) Metaspace: 35366K(36096K)->35366K(36096K) NonClass: 26157K(26688K)->26157K(26688K) Class: 9209K(9408K)->9209K(9408K)
[309.973s][info][gc             ] GC(837) Pause Young (Allocation Failure) 866M->582M(886M) 1.612ms
[309.973s][info][gc,cpu         ] GC(837) User=0.00s Sys=0.00s Real=0.01s
[310.163s][info][gc,start       ] GC(838) Pause Young (Allocation Failure)
[310.165s][info][gc,heap        ] GC(838) PSYoungGen: 294976K(311296K)->64K(312832K) Eden: 294912K(294912K)->0K(294912K) From: 64K(16384K)->64K(17920K)
[310.165s][info][gc,heap        ] GC(838) ParOldGen: 596305K(596480K)->596305K(596480K)
[310.165s][info][gc,metaspace   ] GC(838) Metaspace: 35366K(36096K)->35366K(36096K) NonClass: 26157K(26688K)->26157K(26688K) Class: 9209K(9408K)->9209K(9408K)
[310.165s][info][gc             ] GC(838) Pause Young (Allocation Failure) 870M->582M(888M) 1.720ms
[310.165s][info][gc,cpu         ] GC(838) User=0.00s Sys=0.00s Real=0.00s
[310.375s][info][gc,start       ] GC(839) Pause Young (Allocation Failure)
[310.377s][info][gc,heap        ] GC(839) PSYoungGen: 294976K(312832K)->64K(313344K) Eden: 294912K(294912K)->0K(299008K) From: 64K(17920K)->64K(14336K)
[310.377s][info][gc,heap        ] GC(839) ParOldGen: 596305K(596480K)->596313K(596480K)
[310.377s][info][gc,metaspace   ] GC(839) Metaspace: 35366K(36096K)->35366K(36096K) NonClass: 26157K(26688K)->26157K(26688K) Class: 9209K(9408K)->9209K(9408K)
[310.377s][info][gc             ] GC(839) Pause Young (Allocation Failure) 870M->582M(888M) 1.690ms
[310.377s][info][gc,cpu         ] GC(839) User=0.01s Sys=0.00s Real=0.00s
[310.484s][info][gc,start       ] GC(840) Pause Young (Allocation Failure)
[310.485s][info][gc,heap        ] GC(840) PSYoungGen: 299072K(313344K)->64K(314880K) Eden: 299008K(299008K)->0K(299008K) From: 64K(14336K)->64K(15872K)
[310.485s][info][gc,heap        ] GC(840) ParOldGen: 596313K(596480K)->596321K(596480K)
[310.485s][info][gc,metaspace   ] GC(840) Metaspace: 35366K(36096K)->35366K(36096K) NonClass: 26157K(26688K)->26157K(26688K) Class: 9209K(9408K)->9209K(9408K)
[310.486s][info][gc             ] GC(840) Pause Young (Allocation Failure) 874M->582M(890M) 1.717ms
[310.486s][info][gc,cpu         ] GC(840) User=0.00s Sys=0.00s Real=0.00s
[310.602s][info][gc,start       ] GC(841) Pause Young (Allocation Failure)
[310.604s][info][gc,heap        ] GC(841) PSYoungGen: 299072K(314880K)->64K(315392K) Eden: 299008K(299008K)->0K(303104K) From: 64K(15872K)->64K(12288K)
[310.604s][info][gc,heap        ] GC(841) ParOldGen: 596321K(596480K)->596329K(596480K)
[310.604s][info][gc,metaspace   ] GC(841) Metaspace: 35366K(36096K)->35366K(36096K) NonClass: 26157K(26688K)->26157K(26688K) Class: 9209K(9408K)->9209K(9408K)
[310.604s][info][gc             ] GC(841) Pause Young (Allocation Failure) 874M->582M(890M) 1.670ms
[310.604s][info][gc,cpu         ] GC(841) User=0.00s Sys=0.01s Real=0.01s
[310.994s][info][gc,start       ] GC(842) Pause Young (Allocation Failure)
[310.996s][info][gc,heap        ] GC(842) PSYoungGen: 303168K(315392K)->64K(316928K) Eden: 303104K(303104K)->0K(303104K) From: 64K(12288K)->64K(13824K)
[310.996s][info][gc,heap        ] GC(842) ParOldGen: 596329K(596480K)->596337K(596480K)
[310.996s][info][gc,metaspace   ] GC(842) Metaspace: 35366K(36096K)->35366K(36096K) NonClass: 26157K(26688K)->26157K(26688K) Class: 9209K(9408K)->9209K(9408K)
[310.996s][info][gc             ] GC(842) Pause Young (Allocation Failure) 878M->582M(892M) 1.718ms
[310.996s][info][gc,cpu         ] GC(842) User=0.01s Sys=0.00s Real=0.00s
[311.642s][info][gc,start       ] GC(843) Pause Young (Allocation Failure)
[311.644s][info][gc,heap        ] GC(843) PSYoungGen: 303168K(316928K)->64K(291328K) Eden: 303104K(303104K)->0K(290816K) From: 64K(13824K)->64K(512K)
[311.644s][info][gc,heap        ] GC(843) ParOldGen: 596337K(596480K)->596345K(596480K)
[311.644s][info][gc,metaspace   ] GC(843) Metaspace: 35366K(36096K)->35366K(36096K) NonClass: 26157K(26688K)->26157K(26688K) Class: 9209K(9408K)->9209K(9408K)
[311.644s][info][gc             ] GC(843) Pause Young (Allocation Failure) 878M->582M(867M) 2.403ms
[311.644s][info][gc,cpu         ] GC(843) User=0.00s Sys=0.00s Real=0.01s
[312.582s][info][gc,start       ] GC(844) Pause Young (Allocation Failure)
[312.585s][info][gc,heap        ] GC(844) PSYoungGen: 290880K(291328K)->64K(291328K) Eden: 290816K(290816K)->0K(279040K) From: 64K(512K)->64K(12288K)
[312.585s][info][gc,heap        ] GC(844) ParOldGen: 596345K(596480K)->596353K(596480K)
[312.585s][info][gc,metaspace   ] GC(844) Metaspace: 35366K(36096K)->35366K(36096K) NonClass: 26157K(26688K)->26157K(26688K) Class: 9209K(9408K)->9209K(9408K)
[312.585s][info][gc             ] GC(844) Pause Young (Allocation Failure) 866M->582M(867M) 2.450ms
[312.585s][info][gc,cpu         ] GC(844) User=0.00s Sys=0.00s Real=0.00s
[313.027s][info][gc,start       ] GC(845) Pause Young (Allocation Failure)
[313.030s][info][gc,heap        ] GC(845) PSYoungGen: 279104K(291328K)->64K(268288K) Eden: 279040K(279040K)->0K(267776K) From: 64K(12288K)->64K(512K)
[313.030s][info][gc,heap        ] GC(845) ParOldGen: 596353K(596480K)->596361K(596480K)
[313.030s][info][gc,metaspace   ] GC(845) Metaspace: 35366K(36096K)->35366K(36096K) NonClass: 26157K(26688K)->26157K(26688K) Class: 9209K(9408K)->9209K(9408K)
[313.030s][info][gc             ] GC(845) Pause Young (Allocation Failure) 854M->582M(844M) 2.899ms
[313.030s][info][gc,cpu         ] GC(845) User=0.01s Sys=0.00s Real=0.00s
[314.022s][info][gc,start       ] GC(846) Pause Young (Allocation Failure)
[314.024s][info][gc,heap        ] GC(846) PSYoungGen: 267840K(268288K)->64K(267776K) Eden: 267776K(267776K)->0K(257024K) From: 64K(512K)->64K(10752K)
[314.024s][info][gc,heap        ] GC(846) ParOldGen: 596361K(596480K)->596369K(596480K)
[314.024s][info][gc,metaspace   ] GC(846) Metaspace: 35366K(36096K)->35366K(36096K) NonClass: 26157K(26688K)->26157K(26688K) Class: 9209K(9408K)->9209K(9408K)
[314.024s][info][gc             ] GC(846) Pause Young (Allocation Failure) 843M->582M(844M) 1.706ms
[314.024s][info][gc,cpu         ] GC(846) User=0.01s Sys=0.00s Real=0.00s
[314.388s][info][gc,start       ] GC(847) Pause Young (Allocation Failure)
[314.390s][info][gc,heap        ] GC(847) PSYoungGen: 257088K(267776K)->64K(247296K) Eden: 257024K(257024K)->0K(246784K) From: 64K(10752K)->64K(512K)
[314.390s][info][gc,heap        ] GC(847) ParOldGen: 596369K(596480K)->596377K(596480K)
[314.390s][info][gc,metaspace   ] GC(847) Metaspace: 35366K(36096K)->35366K(36096K) NonClass: 26157K(26688K)->26157K(26688K) Class: 9209K(9408K)->9209K(9408K)
[314.390s][info][gc             ] GC(847) Pause Young (Allocation Failure) 833M->582M(824M) 2.420ms
[314.390s][info][gc,cpu         ] GC(847) User=0.00s Sys=0.01s Real=0.00s
[314.516s][info][gc,start       ] GC(848) Pause Young (Allocation Failure)
[314.518s][info][gc,heap        ] GC(848) PSYoungGen: 246848K(247296K)->64K(246272K) Eden: 246784K(246784K)->0K(237056K) From: 64K(512K)->64K(9216K)
[314.518s][info][gc,heap        ] GC(848) ParOldGen: 596377K(596480K)->596385K(596480K)
[314.518s][info][gc,metaspace   ] GC(848) Metaspace: 35366K(36096K)->35366K(36096K) NonClass: 26157K(26688K)->26157K(26688K) Class: 9209K(9408K)->9209K(9408K)
[314.518s][info][gc             ] GC(848) Pause Young (Allocation Failure) 823M->582M(823M) 1.887ms
[314.518s][info][gc,cpu         ] GC(848) User=0.00s Sys=0.00s Real=0.00s
[314.932s][info][gc,start       ] GC(849) Pause Young (Allocation Failure)
[314.936s][info][gc,heap        ] GC(849) PSYoungGen: 237120K(246272K)->64K(228352K) Eden: 237056K(237056K)->0K(227840K) From: 64K(9216K)->64K(512K)
[314.936s][info][gc,heap        ] GC(849) ParOldGen: 596385K(596480K)->596401K(596480K)
[314.936s][info][gc,metaspace   ] GC(849) Metaspace: 35366K(36096K)->35366K(36096K) NonClass: 26157K(26688K)->26157K(26688K) Class: 9209K(9408K)->9209K(9408K)
[314.936s][info][gc             ] GC(849) Pause Young (Allocation Failure) 813M->582M(805M) 3.688ms
[314.936s][info][gc,cpu         ] GC(849) User=0.01s Sys=0.00s Real=0.00s
[315.226s][info][gc,start       ] GC(850) Pause Young (Allocation Failure)
[315.229s][info][gc,heap        ] GC(850) PSYoungGen: 227904K(228352K)->32K(227328K) Eden: 227840K(227840K)->0K(219136K) From: 64K(512K)->32K(8192K)
[315.229s][info][gc,heap        ] GC(850) ParOldGen: 596401K(596480K)->596409K(596480K)
[315.229s][info][gc,metaspace   ] GC(850) Metaspace: 35366K(36096K)->35366K(36096K) NonClass: 26157K(26688K)->26157K(26688K) Class: 9209K(9408K)->9209K(9408K)
[315.229s][info][gc             ] GC(850) Pause Young (Allocation Failure) 804M->582M(804M) 2.893ms
[315.229s][info][gc,cpu         ] GC(850) User=0.01s Sys=0.00s Real=0.00s
[315.538s][info][gc,start       ] GC(851) Pause Young (Allocation Failure)
[315.551s][info][gc,heap        ] GC(851) PSYoungGen: 219168K(227328K)->7360K(270848K) Eden: 219136K(219136K)->0K(263168K) From: 32K(8192K)->7360K(7680K)
[315.551s][info][gc,heap        ] GC(851) ParOldGen: 596409K(596480K)->596417K(596480K)
[315.551s][info][gc,metaspace   ] GC(851) Metaspace: 35366K(36096K)->35366K(36096K) NonClass: 26157K(26688K)->26157K(26688K) Class: 9209K(9408K)->9209K(9408K)
[315.551s][info][gc             ] GC(851) Pause Young (Allocation Failure) 796M->589M(847M) 13.265ms
[315.551s][info][gc,cpu         ] GC(851) User=0.03s Sys=0.00s Real=0.01s
[315.850s][info][gc,start       ] GC(852) Pause Young (Allocation Failure)
[315.908s][info][gc,heap        ] GC(852) PSYoungGen: 270528K(270848K)->9216K(283136K) Eden: 263168K(263168K)->0K(273920K) From: 7360K(7680K)->9216K(9216K)
[315.908s][info][gc,heap        ] GC(852) ParOldGen: 596417K(596480K)->616897K(616960K)
[315.908s][info][gc,metaspace   ] GC(852) Metaspace: 35366K(36096K)->35366K(36096K) NonClass: 26157K(26688K)->26157K(26688K) Class: 9209K(9408K)->9209K(9408K)
[315.908s][info][gc             ] GC(852) Pause Young (Allocation Failure) 846M->611M(879M) 57.685ms
[315.908s][info][gc,cpu         ] GC(852) User=0.10s Sys=0.01s Real=0.06s
[316.177s][info][gc,start       ] GC(853) Pause Young (Allocation Failure)
[316.235s][info][gc,heap        ] GC(853) PSYoungGen: 283136K(283136K)->18944K(301568K) Eden: 273920K(273920K)->0K(282624K) From: 9216K(9216K)->18944K(18944K)
[316.235s][info][gc,heap        ] GC(853) ParOldGen: 616897K(616960K)->624089K(624128K)
[316.235s][info][gc,metaspace   ] GC(853) Metaspace: 35366K(36096K)->35366K(36096K) NonClass: 26157K(26688K)->26157K(26688K) Class: 9209K(9408K)->9209K(9408K)
[316.236s][info][gc             ] GC(853) Pause Young (Allocation Failure) 878M->627M(904M) 58.280ms
[316.236s][info][gc,cpu         ] GC(853) User=0.10s Sys=0.02s Real=0.06s
[316.416s][info][gc,start       ] GC(854) Pause Young (Allocation Failure)
[316.420s][info][gc,heap        ] GC(854) PSYoungGen: 301568K(301568K)->64K(308224K) Eden: 282624K(282624K)->0K(282624K) From: 18944K(18944K)->64K(25600K)
[316.420s][info][gc,heap        ] GC(854) ParOldGen: 624089K(624128K)->624281K(624640K)
[316.420s][info][gc,metaspace   ] GC(854) Metaspace: 35366K(36096K)->35366K(36096K) NonClass: 26157K(26688K)->26157K(26688K) Class: 9209K(9408K)->9209K(9408K)
[316.420s][info][gc             ] GC(854) Pause Young (Allocation Failure) 903M->609M(911M) 3.858ms
[316.420s][info][gc,cpu         ] GC(854) User=0.01s Sys=0.00s Real=0.00s
[317.091s][info][gc,start       ] GC(855) Pause Young (Allocation Failure)
[317.093s][info][gc,heap        ] GC(855) PSYoungGen: 282688K(308224K)->64K(305664K) Eden: 282624K(282624K)->0K(283136K) From: 64K(25600K)->64K(22528K)
[317.093s][info][gc,heap        ] GC(855) ParOldGen: 624281K(624640K)->624289K(624640K)
[317.093s][info][gc,metaspace   ] GC(855) Metaspace: 35366K(36096K)->35366K(36096K) NonClass: 26157K(26688K)->26157K(26688K) Class: 9209K(9408K)->9209K(9408K)
[317.093s][info][gc             ] GC(855) Pause Young (Allocation Failure) 885M->609M(908M) 2.304ms
[317.093s][info][gc,cpu         ] GC(855) User=0.01s Sys=0.00s Real=0.01s
[317.556s][info][gc,start       ] GC(856) Pause Young (Allocation Failure)
[317.558s][info][gc,heap        ] GC(856) PSYoungGen: 283200K(305664K)->64K(307200K) Eden: 283136K(283136K)->0K(283136K) From: 64K(22528K)->64K(24064K)
[317.558s][info][gc,heap        ] GC(856) ParOldGen: 624289K(624640K)->624305K(624640K)
[317.558s][info][gc,metaspace   ] GC(856) Metaspace: 35366K(36096K)->35366K(36096K) NonClass: 26157K(26688K)->26157K(26688K) Class: 9209K(9408K)->9209K(9408K)
[317.558s][info][gc             ] GC(856) Pause Young (Allocation Failure) 886M->609M(910M) 1.894ms
[317.558s][info][gc,cpu         ] GC(856) User=0.00s Sys=0.00s Real=0.00s
[317.760s][info][gc,start       ] GC(857) Pause Young (Allocation Failure)
[317.761s][info][gc,heap        ] GC(857) PSYoungGen: 283200K(307200K)->64K(307200K) Eden: 283136K(283136K)->0K(286720K) From: 64K(24064K)->64K(20480K)
[317.761s][info][gc,heap        ] GC(857) ParOldGen: 624305K(624640K)->624321K(624640K)
[317.762s][info][gc,metaspace   ] GC(857) Metaspace: 35366K(36096K)->35366K(36096K) NonClass: 26157K(26688K)->26157K(26688K) Class: 9209K(9408K)->9209K(9408K)
[317.762s][info][gc             ] GC(857) Pause Young (Allocation Failure) 886M->609M(910M) 1.875ms
[317.762s][info][gc,cpu         ] GC(857) User=0.00s Sys=0.00s Real=0.00s
[317.965s][info][gc,start       ] GC(858) Pause Young (Allocation Failure)
[317.967s][info][gc,heap        ] GC(858) PSYoungGen: 286784K(307200K)->64K(308736K) Eden: 286720K(286720K)->0K(286720K) From: 64K(20480K)->64K(22016K)
[317.967s][info][gc,heap        ] GC(858) ParOldGen: 624321K(624640K)->624321K(624640K)
[317.967s][info][gc,metaspace   ] GC(858) Metaspace: 35366K(36096K)->35366K(36096K) NonClass: 26157K(26688K)->26157K(26688K) Class: 9209K(9408K)->9209K(9408K)
[317.967s][info][gc             ] GC(858) Pause Young (Allocation Failure) 889M->609M(911M) 1.808ms
[317.967s][info][gc,cpu         ] GC(858) User=0.00s Sys=0.00s Real=0.00s
[318.304s][info][gc,start       ] GC(859) Pause Young (Allocation Failure)
[318.306s][info][gc,heap        ] GC(859) PSYoungGen: 286784K(308736K)->64K(309248K) Eden: 286720K(286720K)->0K(290816K) From: 64K(22016K)->64K(18432K)
[318.306s][info][gc,heap        ] GC(859) ParOldGen: 624321K(624640K)->624321K(624640K)
[318.306s][info][gc,metaspace   ] GC(859) Metaspace: 35366K(36096K)->35366K(36096K) NonClass: 26157K(26688K)->26157K(26688K) Class: 9209K(9408K)->9209K(9408K)
[318.306s][info][gc             ] GC(859) Pause Young (Allocation Failure) 889M->609M(912M) 1.829ms
[318.306s][info][gc,cpu         ] GC(859) User=0.00s Sys=0.00s Real=0.00s
[318.355s][info][gc,start       ] GC(860) Pause Young (Allocation Failure)
[318.358s][info][gc,heap        ] GC(860) PSYoungGen: 290880K(309248K)->64K(310784K) Eden: 290816K(290816K)->0K(290816K) From: 64K(18432K)->64K(19968K)
[318.358s][info][gc,heap        ] GC(860) ParOldGen: 624321K(624640K)->624337K(624640K)
[318.358s][info][gc,metaspace   ] GC(860) Metaspace: 35366K(36096K)->35366K(36096K) NonClass: 26157K(26688K)->26157K(26688K) Class: 9209K(9408K)->9209K(9408K)
[318.358s][info][gc             ] GC(860) Pause Young (Allocation Failure) 893M->609M(913M) 2.396ms
[318.358s][info][gc,cpu         ] GC(860) User=0.00s Sys=0.00s Real=0.00s
[318.407s][info][gc,start       ] GC(861) Pause Young (Allocation Failure)
[318.409s][info][gc,heap        ] GC(861) PSYoungGen: 290880K(310784K)->64K(311296K) Eden: 290816K(290816K)->0K(294912K) From: 64K(19968K)->64K(16384K)
[318.409s][info][gc,heap        ] GC(861) ParOldGen: 624337K(624640K)->624337K(624640K)
[318.409s][info][gc,metaspace   ] GC(861) Metaspace: 35366K(36096K)->35366K(36096K) NonClass: 26157K(26688K)->26157K(26688K) Class: 9209K(9408K)->9209K(9408K)
[318.409s][info][gc             ] GC(861) Pause Young (Allocation Failure) 893M->609M(914M) 1.661ms
[318.409s][info][gc,cpu         ] GC(861) User=0.00s Sys=0.01s Real=0.00s
[318.598s][info][gc,start       ] GC(862) Pause Young (Allocation Failure)
[318.600s][info][gc,heap        ] GC(862) PSYoungGen: 294976K(311296K)->64K(312832K) Eden: 294912K(294912K)->0K(294912K) From: 64K(16384K)->64K(17920K)
[318.600s][info][gc,heap        ] GC(862) ParOldGen: 624337K(624640K)->624337K(624640K)
[318.600s][info][gc,metaspace   ] GC(862) Metaspace: 35366K(36096K)->35366K(36096K) NonClass: 26157K(26688K)->26157K(26688K) Class: 9209K(9408K)->9209K(9408K)
[318.600s][info][gc             ] GC(862) Pause Young (Allocation Failure) 897M->609M(915M) 1.793ms
[318.600s][info][gc,cpu         ] GC(862) User=0.00s Sys=0.00s Real=0.00s
[318.811s][info][gc,start       ] GC(863) Pause Young (Allocation Failure)
[318.813s][info][gc,heap        ] GC(863) PSYoungGen: 294976K(312832K)->64K(313344K) Eden: 294912K(294912K)->0K(299008K) From: 64K(17920K)->64K(14336K)
[318.813s][info][gc,heap        ] GC(863) ParOldGen: 624337K(624640K)->624345K(624640K)
[318.813s][info][gc,metaspace   ] GC(863) Metaspace: 35366K(36096K)->35366K(36096K) NonClass: 26157K(26688K)->26157K(26688K) Class: 9209K(9408K)->9209K(9408K)
[318.813s][info][gc             ] GC(863) Pause Young (Allocation Failure) 897M->609M(916M) 1.789ms
[318.813s][info][gc,cpu         ] GC(863) User=0.01s Sys=0.00s Real=0.01s
[318.920s][info][gc,start       ] GC(864) Pause Young (Allocation Failure)
[318.922s][info][gc,heap        ] GC(864) PSYoungGen: 299072K(313344K)->64K(314880K) Eden: 299008K(299008K)->0K(299008K) From: 64K(14336K)->64K(15872K)
[318.922s][info][gc,heap        ] GC(864) ParOldGen: 624345K(624640K)->624353K(624640K)
[318.922s][info][gc,metaspace   ] GC(864) Metaspace: 35366K(36096K)->35366K(36096K) NonClass: 26157K(26688K)->26157K(26688K) Class: 9209K(9408K)->9209K(9408K)
[318.922s][info][gc             ] GC(864) Pause Young (Allocation Failure) 901M->609M(917M) 1.855ms
[318.922s][info][gc,cpu         ] GC(864) User=0.00s Sys=0.00s Real=0.00s
[319.037s][info][gc,start       ] GC(865) Pause Young (Allocation Failure)
[319.039s][info][gc,heap        ] GC(865) PSYoungGen: 299072K(314880K)->64K(315392K) Eden: 299008K(299008K)->0K(303104K) From: 64K(15872K)->64K(12288K)
[319.039s][info][gc,heap        ] GC(865) ParOldGen: 624353K(624640K)->624361K(624640K)
[319.039s][info][gc,metaspace   ] GC(865) Metaspace: 35366K(36096K)->35366K(36096K) NonClass: 26157K(26688K)->26157K(26688K) Class: 9209K(9408K)->9209K(9408K)
[319.039s][info][gc             ] GC(865) Pause Young (Allocation Failure) 901M->609M(918M) 1.758ms
[319.039s][info][gc,cpu         ] GC(865) User=0.00s Sys=0.00s Real=0.00s
[319.426s][info][gc,start       ] GC(866) Pause Young (Allocation Failure)
[319.428s][info][gc,heap        ] GC(866) PSYoungGen: 303168K(315392K)->64K(316928K) Eden: 303104K(303104K)->0K(303104K) From: 64K(12288K)->64K(13824K)
[319.428s][info][gc,heap        ] GC(866) ParOldGen: 624361K(624640K)->624369K(624640K)
[319.428s][info][gc,metaspace   ] GC(866) Metaspace: 35366K(36096K)->35366K(36096K) NonClass: 26157K(26688K)->26157K(26688K) Class: 9209K(9408K)->9209K(9408K)
[319.428s][info][gc             ] GC(866) Pause Young (Allocation Failure) 905M->609M(919M) 1.809ms
[319.428s][info][gc,cpu         ] GC(866) User=0.01s Sys=0.00s Real=0.00s
[320.074s][info][gc,start       ] GC(867) Pause Young (Allocation Failure)
[320.076s][info][gc,heap        ] GC(867) PSYoungGen: 303168K(316928K)->64K(317440K) Eden: 303104K(303104K)->0K(306688K) From: 64K(13824K)->64K(10752K)
[320.076s][info][gc,heap        ] GC(867) ParOldGen: 624369K(624640K)->624377K(624640K)
[320.076s][info][gc,metaspace   ] GC(867) Metaspace: 35366K(36096K)->35366K(36096K) NonClass: 26157K(26688K)->26157K(26688K) Class: 9209K(9408K)->9209K(9408K)
[320.076s][info][gc             ] GC(867) Pause Young (Allocation Failure) 905M->609M(920M) 1.780ms
[320.076s][info][gc,cpu         ] GC(867) User=0.00s Sys=0.01s Real=0.00s
[321.040s][info][gc,start       ] GC(868) Pause Young (Allocation Failure)
[321.043s][info][gc,heap        ] GC(868) PSYoungGen: 306752K(317440K)->64K(294912K) Eden: 306688K(306688K)->0K(294400K) From: 64K(10752K)->64K(512K)
[321.043s][info][gc,heap        ] GC(868) ParOldGen: 624377K(624640K)->624385K(624640K)
[321.043s][info][gc,metaspace   ] GC(868) Metaspace: 35366K(36096K)->35366K(36096K) NonClass: 26157K(26688K)->26157K(26688K) Class: 9209K(9408K)->9209K(9408K)
[321.043s][info][gc             ] GC(868) Pause Young (Allocation Failure) 909M->609M(898M) 2.364ms
[321.043s][info][gc,cpu         ] GC(868) User=0.00s Sys=0.00s Real=0.01s
[321.564s][info][gc,start       ] GC(869) Pause Young (Allocation Failure)
[321.567s][info][gc,heap        ] GC(869) PSYoungGen: 294464K(294912K)->64K(283136K) Eden: 294400K(294400K)->0K(282624K) From: 64K(512K)->64K(512K)
[321.567s][info][gc,heap        ] GC(869) ParOldGen: 624385K(624640K)->624393K(624640K)
[321.567s][info][gc,metaspace   ] GC(869) Metaspace: 35366K(36096K)->35366K(36096K) NonClass: 26157K(26688K)->26157K(26688K) Class: 9209K(9408K)->9209K(9408K)
[321.567s][info][gc             ] GC(869) Pause Young (Allocation Failure) 897M->609M(886M) 2.325ms
[321.567s][info][gc,cpu         ] GC(869) User=0.00s Sys=0.00s Real=0.00s
[322.512s][info][gc,start       ] GC(870) Pause Young (Allocation Failure)
[322.513s][info][gc,heap        ] GC(870) PSYoungGen: 282688K(283136K)->64K(282112K) Eden: 282624K(282624K)->0K(271360K) From: 64K(512K)->64K(10752K)
[322.513s][info][gc,heap        ] GC(870) ParOldGen: 624393K(624640K)->624401K(624640K)
[322.514s][info][gc,metaspace   ] GC(870) Metaspace: 35366K(36096K)->35366K(36096K) NonClass: 26157K(26688K)->26157K(26688K) Class: 9209K(9408K)->9209K(9408K)
[322.514s][info][gc             ] GC(870) Pause Young (Allocation Failure) 885M->609M(885M) 1.863ms
[322.514s][info][gc,cpu         ] GC(870) User=0.00s Sys=0.00s Real=0.01s
[322.904s][info][gc,start       ] GC(871) Pause Young (Allocation Failure)
[322.906s][info][gc,heap        ] GC(871) PSYoungGen: 271424K(282112K)->64K(261120K) Eden: 271360K(271360K)->0K(260608K) From: 64K(10752K)->64K(512K)
[322.906s][info][gc,heap        ] GC(871) ParOldGen: 624401K(624640K)->624409K(624640K)
[322.906s][info][gc,metaspace   ] GC(871) Metaspace: 35366K(36096K)->35366K(36096K) NonClass: 26157K(26688K)->26157K(26688K) Class: 9209K(9408K)->9209K(9408K)
[322.906s][info][gc             ] GC(871) Pause Young (Allocation Failure) 874M->609M(865M) 2.352ms
[322.906s][info][gc,cpu         ] GC(871) User=0.00s Sys=0.00s Real=0.00s
[322.997s][info][gc,start       ] GC(872) Pause Young (Allocation Failure)
[322.999s][info][gc,heap        ] GC(872) PSYoungGen: 260672K(261120K)->64K(259584K) Eden: 260608K(260608K)->0K(250368K) From: 64K(512K)->64K(9216K)
[322.999s][info][gc,heap        ] GC(872) ParOldGen: 624409K(624640K)->624417K(624640K)
[322.999s][info][gc,metaspace   ] GC(872) Metaspace: 35366K(36096K)->35366K(36096K) NonClass: 26157K(26688K)->26157K(26688K) Class: 9209K(9408K)->9209K(9408K)
[322.999s][info][gc             ] GC(872) Pause Young (Allocation Failure) 864M->609M(863M) 1.695ms
[322.999s][info][gc,cpu         ] GC(872) User=0.00s Sys=0.00s Real=0.00s
[323.583s][info][gc,start       ] GC(873) Pause Young (Allocation Failure)
[323.586s][info][gc,heap        ] GC(873) PSYoungGen: 250432K(259584K)->64K(241152K) Eden: 250368K(250368K)->0K(240640K) From: 64K(9216K)->64K(512K)
[323.586s][info][gc,heap        ] GC(873) ParOldGen: 624417K(624640K)->624425K(624640K)
[323.586s][info][gc,metaspace   ] GC(873) Metaspace: 35366K(36096K)->35366K(36096K) NonClass: 26157K(26688K)->26157K(26688K) Class: 9209K(9408K)->9209K(9408K)
[323.586s][info][gc             ] GC(873) Pause Young (Allocation Failure) 854M->609M(845M) 2.424ms
[323.586s][info][gc,cpu         ] GC(873) User=0.00s Sys=0.00s Real=0.00s
[323.801s][info][gc,start       ] GC(874) Pause Young (Allocation Failure)
[323.803s][info][gc,heap        ] GC(874) PSYoungGen: 240704K(241152K)->64K(239616K) Eden: 240640K(240640K)->0K(231424K) From: 64K(512K)->64K(8192K)
[323.803s][info][gc,heap        ] GC(874) ParOldGen: 624425K(624640K)->624433K(624640K)
[323.803s][info][gc,metaspace   ] GC(874) Metaspace: 35366K(36096K)->35366K(36096K) NonClass: 26157K(26688K)->26157K(26688K) Class: 9209K(9408K)->9209K(9408K)
[323.803s][info][gc             ] GC(874) Pause Young (Allocation Failure) 844M->609M(844M) 1.779ms
[323.803s][info][gc,cpu         ] GC(874) User=0.00s Sys=0.01s Real=0.01s
[324.101s][info][gc,start       ] GC(875) Pause Young (Allocation Failure)
[324.138s][info][gc,heap        ] GC(875) PSYoungGen: 231488K(239616K)->7680K(279040K) Eden: 231424K(231424K)->0K(271360K) From: 64K(8192K)->7680K(7680K)
[324.138s][info][gc,heap        ] GC(875) ParOldGen: 624433K(624640K)->636601K(636928K)
[324.139s][info][gc,metaspace   ] GC(875) Metaspace: 35366K(36096K)->35366K(36096K) NonClass: 26157K(26688K)->26157K(26688K) Class: 9209K(9408K)->9209K(9408K)
[324.139s][info][gc             ] GC(875) Pause Young (Allocation Failure) 835M->629M(894M) 37.365ms
[324.139s][info][gc,cpu         ] GC(875) User=0.06s Sys=0.01s Real=0.04s
[324.451s][info][gc,start       ] GC(876) Pause Young (Allocation Failure)
[324.511s][info][gc,heap        ] GC(876) PSYoungGen: 279040K(279040K)->13824K(285184K) Eden: 271360K(271360K)->0K(271360K) From: 7680K(7680K)->13824K(13824K)
[324.511s][info][gc,heap        ] GC(876) ParOldGen: 636601K(636928K)->653721K(653824K)
[324.511s][info][gc,metaspace   ] GC(876) Metaspace: 35366K(36096K)->35366K(36096K) NonClass: 26157K(26688K)->26157K(26688K) Class: 9209K(9408K)->9209K(9408K)
[324.511s][info][gc             ] GC(876) Pause Young (Allocation Failure) 894M->651M(917M) 60.167ms
[324.511s][info][gc,cpu         ] GC(876) User=0.11s Sys=0.00s Real=0.06s
[324.678s][info][gc,start       ] GC(877) Pause Young (Allocation Failure)
[324.708s][info][gc,heap        ] GC(877) PSYoungGen: 285184K(285184K)->12224K(308736K) Eden: 271360K(271360K)->0K(285696K) From: 13824K(13824K)->12224K(23040K)
[324.708s][info][gc,heap        ] GC(877) ParOldGen: 653721K(653824K)->654185K(654336K)
[324.708s][info][gc,metaspace   ] GC(877) Metaspace: 35366K(36096K)->35366K(36096K) NonClass: 26157K(26688K)->26157K(26688K) Class: 9209K(9408K)->9209K(9408K)
[324.708s][info][gc             ] GC(877) Pause Young (Allocation Failure) 916M->650M(940M) 30.007ms
[324.708s][info][gc,cpu         ] GC(877) User=0.05s Sys=0.01s Real=0.03s
[325.144s][info][gc,start       ] GC(878) Pause Young (Allocation Failure)
[325.146s][info][gc,heap        ] GC(878) PSYoungGen: 297920K(308736K)->64K(309760K) Eden: 285696K(285696K)->0K(285696K) From: 12224K(23040K)->64K(24064K)
[325.146s][info][gc,heap        ] GC(878) ParOldGen: 654185K(654336K)->654193K(654336K)
[325.146s][info][gc,metaspace   ] GC(878) Metaspace: 35366K(36096K)->35366K(36096K) NonClass: 26157K(26688K)->26157K(26688K) Class: 9209K(9408K)->9209K(9408K)
[325.146s][info][gc             ] GC(878) Pause Young (Allocation Failure) 929M->638M(941M) 1.946ms
[325.146s][info][gc,cpu         ] GC(878) User=0.00s Sys=0.00s Real=0.00s
[325.670s][info][gc,start       ] GC(879) Pause Young (Allocation Failure)
[325.672s][info][gc,heap        ] GC(879) PSYoungGen: 285760K(309760K)->64K(308736K) Eden: 285696K(285696K)->0K(286720K) From: 64K(24064K)->64K(22016K)
[325.672s][info][gc,heap        ] GC(879) ParOldGen: 654193K(654336K)->654201K(654336K)
[325.672s][info][gc,metaspace   ] GC(879) Metaspace: 35366K(36096K)->35366K(36096K) NonClass: 26157K(26688K)->26157K(26688K) Class: 9209K(9408K)->9209K(9408K)
[325.672s][info][gc             ] GC(879) Pause Young (Allocation Failure) 917M->638M(940M) 1.985ms
[325.672s][info][gc,cpu         ] GC(879) User=0.01s Sys=0.00s Real=0.01s
[326.085s][info][gc,start       ] GC(880) Pause Young (Allocation Failure)
[326.087s][info][gc,heap        ] GC(880) PSYoungGen: 286784K(308736K)->64K(309248K) Eden: 286720K(286720K)->0K(286720K) From: 64K(22016K)->64K(22528K)
[326.087s][info][gc,heap        ] GC(880) ParOldGen: 654201K(654336K)->654217K(654336K)
[326.087s][info][gc,metaspace   ] GC(880) Metaspace: 35366K(36096K)->35366K(36096K) NonClass: 26157K(26688K)->26157K(26688K) Class: 9209K(9408K)->9209K(9408K)
[326.087s][info][gc             ] GC(880) Pause Young (Allocation Failure) 918M->638M(941M) 1.844ms
[326.087s][info][gc,cpu         ] GC(880) User=0.00s Sys=0.00s Real=0.00s
[326.290s][info][gc,start       ] GC(881) Pause Young (Allocation Failure)
[326.291s][info][gc,heap        ] GC(881) PSYoungGen: 286784K(309248K)->32K(309760K) Eden: 286720K(286720K)->0K(289792K) From: 64K(22528K)->32K(19968K)
[326.291s][info][gc,heap        ] GC(881) ParOldGen: 654217K(654336K)->654233K(654336K)
[326.291s][info][gc,metaspace   ] GC(881) Metaspace: 35366K(36096K)->35366K(36096K) NonClass: 26157K(26688K)->26157K(26688K) Class: 9209K(9408K)->9209K(9408K)
[326.291s][info][gc             ] GC(881) Pause Young (Allocation Failure) 918M->638M(941M) 1.806ms
[326.291s][info][gc,cpu         ] GC(881) User=0.01s Sys=0.00s Real=0.00s
[326.497s][info][gc,start       ] GC(882) Pause Young (Allocation Failure)
[326.499s][info][gc,heap        ] GC(882) PSYoungGen: 289824K(309760K)->64K(310272K) Eden: 289792K(289792K)->0K(289792K) From: 32K(19968K)->64K(20480K)
[326.499s][info][gc,heap        ] GC(882) ParOldGen: 654233K(654336K)->654233K(654336K)
[326.499s][info][gc,metaspace   ] GC(882) Metaspace: 35366K(36096K)->35366K(36096K) NonClass: 26157K(26688K)->26157K(26688K) Class: 9209K(9408K)->9209K(9408K)
[326.499s][info][gc             ] GC(882) Pause Young (Allocation Failure) 921M->638M(942M) 1.778ms
[326.499s][info][gc,cpu         ] GC(882) User=0.00s Sys=0.00s Real=0.00s
[326.767s][info][gc,start       ] GC(883) Pause Young (Allocation Failure)
[326.769s][info][gc,heap        ] GC(883) PSYoungGen: 289856K(310272K)->64K(311296K) Eden: 289792K(289792K)->0K(293376K) From: 64K(20480K)->64K(17920K)
[326.769s][info][gc,heap        ] GC(883) ParOldGen: 654233K(654336K)->654233K(654336K)
[326.769s][info][gc,metaspace   ] GC(883) Metaspace: 35380K(36096K)->35380K(36096K) NonClass: 26171K(26688K)->26171K(26688K) Class: 9209K(9408K)->9209K(9408K)
[326.769s][info][gc             ] GC(883) Pause Young (Allocation Failure) 921M->638M(943M) 1.895ms
[326.769s][info][gc,cpu         ] GC(883) User=0.00s Sys=0.01s Real=0.00s
[326.820s][info][gc,start       ] GC(884) Pause Young (Allocation Failure)
[326.821s][info][gc,heap        ] GC(884) PSYoungGen: 293440K(311296K)->64K(312320K) Eden: 293376K(293376K)->0K(293376K) From: 64K(17920K)->64K(18944K)
[326.821s][info][gc,heap        ] GC(884) ParOldGen: 654233K(654336K)->654249K(654336K)
[326.821s][info][gc,metaspace   ] GC(884) Metaspace: 35380K(36096K)->35380K(36096K) NonClass: 26171K(26688K)->26171K(26688K) Class: 9209K(9408K)->9209K(9408K)
[326.821s][info][gc             ] GC(884) Pause Young (Allocation Failure) 925M->638M(944M) 1.784ms
[326.821s][info][gc,cpu         ] GC(884) User=0.01s Sys=0.00s Real=0.00s
[326.921s][info][gc,start       ] GC(885) Pause Young (Allocation Failure)
[326.923s][info][gc,heap        ] GC(885) PSYoungGen: 293440K(312320K)->64K(312832K) Eden: 293376K(293376K)->0K(296960K) From: 64K(18944K)->64K(15872K)
[326.923s][info][gc,heap        ] GC(885) ParOldGen: 654249K(654336K)->654249K(654336K)
[326.923s][info][gc,metaspace   ] GC(885) Metaspace: 35380K(36096K)->35380K(36096K) NonClass: 26171K(26688K)->26171K(26688K) Class: 9209K(9408K)->9209K(9408K)
[326.923s][info][gc             ] GC(885) Pause Young (Allocation Failure) 925M->638M(944M) 1.744ms
[326.923s][info][gc,cpu         ] GC(885) User=0.00s Sys=0.00s Real=0.01s
[327.145s][info][gc,start       ] GC(886) Pause Young (Allocation Failure)
[327.147s][info][gc,heap        ] GC(886) PSYoungGen: 297024K(312832K)->64K(313856K) Eden: 296960K(296960K)->0K(296960K) From: 64K(15872K)->64K(16896K)
[327.147s][info][gc,heap        ] GC(886) ParOldGen: 654249K(654336K)->654265K(654336K)
[327.147s][info][gc,metaspace   ] GC(886) Metaspace: 35380K(36096K)->35380K(36096K) NonClass: 26171K(26688K)->26171K(26688K) Class: 9209K(9408K)->9209K(9408K)
[327.147s][info][gc             ] GC(886) Pause Young (Allocation Failure) 928M->638M(945M) 1.864ms
[327.147s][info][gc,cpu         ] GC(886) User=0.00s Sys=0.00s Real=0.00s
[327.316s][info][gc,start       ] GC(887) Pause Young (Allocation Failure)
[327.318s][info][gc,heap        ] GC(887) PSYoungGen: 297024K(313856K)->64K(314880K) Eden: 296960K(296960K)->0K(301056K) From: 64K(16896K)->64K(13824K)
[327.318s][info][gc,heap        ] GC(887) ParOldGen: 654265K(654336K)->654265K(654336K)
[327.318s][info][gc,metaspace   ] GC(887) Metaspace: 35382K(36096K)->35382K(36096K) NonClass: 26172K(26688K)->26172K(26688K) Class: 9209K(9408K)->9209K(9408K)
[327.318s][info][gc             ] GC(887) Pause Young (Allocation Failure) 928M->638M(946M) 1.927ms
[327.318s][info][gc,cpu         ] GC(887) User=0.00s Sys=0.00s Real=0.00s
[327.401s][info][gc,start       ] GC(888) Pause Young (Allocation Failure)
[327.403s][info][gc,heap        ] GC(888) PSYoungGen: 301120K(314880K)->64K(315904K) Eden: 301056K(301056K)->0K(301056K) From: 64K(13824K)->64K(14848K)
[327.403s][info][gc,heap        ] GC(888) ParOldGen: 654265K(654336K)->654281K(654336K)
[327.403s][info][gc,metaspace   ] GC(888) Metaspace: 35383K(36096K)->35383K(36096K) NonClass: 26174K(26688K)->26174K(26688K) Class: 9209K(9408K)->9209K(9408K)
[327.403s][info][gc             ] GC(888) Pause Young (Allocation Failure) 932M->639M(947M) 1.832ms
[327.403s][info][gc,cpu         ] GC(888) User=0.01s Sys=0.00s Real=0.01s
[327.569s][info][gc,start       ] GC(889) Pause Young (Allocation Failure)
[327.570s][info][gc,heap        ] GC(889) PSYoungGen: 301120K(315904K)->64K(317952K) Eden: 301056K(301056K)->0K(305152K) From: 64K(14848K)->64K(12800K)
[327.570s][info][gc,heap        ] GC(889) ParOldGen: 654281K(654336K)->654281K(654336K)
[327.570s][info][gc,metaspace   ] GC(889) Metaspace: 35383K(36096K)->35383K(36096K) NonClass: 26174K(26688K)->26174K(26688K) Class: 9209K(9408K)->9209K(9408K)
[327.570s][info][gc             ] GC(889) Pause Young (Allocation Failure) 933M->639M(949M) 1.773ms
[327.570s][info][gc,cpu         ] GC(889) User=0.00s Sys=0.00s Real=0.00s
[328.492s][info][gc,start       ] GC(890) Pause Young (Allocation Failure)
[328.494s][info][gc,heap        ] GC(890) PSYoungGen: 305216K(317952K)->64K(318464K) Eden: 305152K(305152K)->0K(305152K) From: 64K(12800K)->64K(13312K)
[328.494s][info][gc,heap        ] GC(890) ParOldGen: 654281K(654336K)->654289K(654336K)
[328.494s][info][gc,metaspace   ] GC(890) Metaspace: 35383K(36096K)->35383K(36096K) NonClass: 26174K(26688K)->26174K(26688K) Class: 9209K(9408K)->9209K(9408K)
[328.494s][info][gc             ] GC(890) Pause Young (Allocation Failure) 937M->639M(950M) 1.956ms
[328.494s][info][gc,cpu         ] GC(890) User=0.00s Sys=0.00s Real=0.01s
[329.378s][info][gc,start       ] GC(891) Pause Young (Allocation Failure)
[329.380s][info][gc,heap        ] GC(891) PSYoungGen: 305216K(318464K)->64K(293376K) Eden: 305152K(305152K)->0K(292864K) From: 64K(13312K)->64K(512K)
[329.380s][info][gc,heap        ] GC(891) ParOldGen: 654289K(654336K)->654297K(654336K)
[329.380s][info][gc,metaspace   ] GC(891) Metaspace: 35383K(36096K)->35383K(36096K) NonClass: 26174K(26688K)->26174K(26688K) Class: 9209K(9408K)->9209K(9408K)
[329.380s][info][gc             ] GC(891) Pause Young (Allocation Failure) 937M->639M(925M) 2.191ms
[329.380s][info][gc,cpu         ] GC(891) User=0.01s Sys=0.00s Real=0.00s
[329.785s][info][gc,start       ] GC(892) Pause Young (Allocation Failure)
[329.787s][info][gc,heap        ] GC(892) PSYoungGen: 292928K(293376K)->64K(292864K) Eden: 292864K(292864K)->0K(281088K) From: 64K(512K)->64K(11776K)
[329.787s][info][gc,heap        ] GC(892) ParOldGen: 654297K(654336K)->654305K(654336K)
[329.787s][info][gc,metaspace   ] GC(892) Metaspace: 35383K(36096K)->35383K(36096K) NonClass: 26174K(26688K)->26174K(26688K) Class: 9209K(9408K)->9209K(9408K)
[329.787s][info][gc             ] GC(892) Pause Young (Allocation Failure) 925M->639M(925M) 1.976ms
[329.787s][info][gc,cpu         ] GC(892) User=0.00s Sys=0.00s Real=0.00s
[330.816s][info][gc,start       ] GC(893) Pause Young (Allocation Failure)
[330.819s][info][gc,heap        ] GC(893) PSYoungGen: 281152K(292864K)->64K(270336K) Eden: 281088K(281088K)->0K(269824K) From: 64K(11776K)->64K(512K)
[330.819s][info][gc,heap        ] GC(893) ParOldGen: 654305K(654336K)->654313K(654336K)
[330.819s][info][gc,metaspace   ] GC(893) Metaspace: 35383K(36096K)->35383K(36096K) NonClass: 26174K(26688K)->26174K(26688K) Class: 9209K(9408K)->9209K(9408K)
[330.819s][info][gc             ] GC(893) Pause Young (Allocation Failure) 913M->639M(903M) 2.590ms
[330.819s][info][gc,cpu         ] GC(893) User=0.00s Sys=0.00s Real=0.00s
[331.226s][info][gc,start       ] GC(894) Pause Young (Allocation Failure)
[331.227s][info][gc,heap        ] GC(894) PSYoungGen: 269888K(270336K)->64K(269312K) Eden: 269824K(269824K)->0K(259072K) From: 64K(512K)->64K(10240K)
[331.227s][info][gc,heap        ] GC(894) ParOldGen: 654313K(654336K)->654321K(654336K)
[331.227s][info][gc,metaspace   ] GC(894) Metaspace: 35383K(36096K)->35383K(36096K) NonClass: 26174K(26688K)->26174K(26688K) Class: 9209K(9408K)->9209K(9408K)
[331.227s][info][gc             ] GC(894) Pause Young (Allocation Failure) 902M->639M(902M) 1.872ms
[331.227s][info][gc,cpu         ] GC(894) User=0.00s Sys=0.00s Real=0.00s
[331.405s][info][gc,start       ] GC(895) Pause Young (Allocation Failure)
[331.407s][info][gc,heap        ] GC(895) PSYoungGen: 259136K(269312K)->64K(249344K) Eden: 259072K(259072K)->0K(248832K) From: 64K(10240K)->64K(512K)
[331.407s][info][gc,heap        ] GC(895) ParOldGen: 654321K(654336K)->654329K(654336K)
[331.407s][info][gc,metaspace   ] GC(895) Metaspace: 35383K(36096K)->35383K(36096K) NonClass: 26174K(26688K)->26174K(26688K) Class: 9209K(9408K)->9209K(9408K)
[331.407s][info][gc             ] GC(895) Pause Young (Allocation Failure) 892M->639M(882M) 2.046ms
[331.408s][info][gc,cpu         ] GC(895) User=0.01s Sys=0.00s Real=0.00s
[331.650s][info][gc,start       ] GC(896) Pause Young (Allocation Failure)
[331.652s][info][gc,heap        ] GC(896) PSYoungGen: 248896K(249344K)->64K(247808K) Eden: 248832K(248832K)->0K(239104K) From: 64K(512K)->64K(8704K)
[331.652s][info][gc,heap        ] GC(896) ParOldGen: 654329K(654336K)->654337K(654848K)
[331.652s][info][gc,metaspace   ] GC(896) Metaspace: 35383K(36096K)->35383K(36096K) NonClass: 26174K(26688K)->26174K(26688K) Class: 9209K(9408K)->9209K(9408K)
[331.652s][info][gc             ] GC(896) Pause Young (Allocation Failure) 882M->639M(881M) 1.849ms
[331.652s][info][gc,cpu         ] GC(896) User=0.00s Sys=0.00s Real=0.00s
[332.090s][info][gc,start       ] GC(897) Pause Young (Allocation Failure)
[332.092s][info][gc,heap        ] GC(897) PSYoungGen: 239168K(247808K)->64K(230400K) Eden: 239104K(239104K)->0K(229888K) From: 64K(8704K)->64K(512K)
[332.092s][info][gc,heap        ] GC(897) ParOldGen: 654337K(654848K)->654345K(654848K)
[332.092s][info][gc,metaspace   ] GC(897) Metaspace: 35383K(36096K)->35383K(36096K) NonClass: 26174K(26688K)->26174K(26688K) Class: 9209K(9408K)->9209K(9408K)
[332.092s][info][gc             ] GC(897) Pause Young (Allocation Failure) 872M->639M(864M) 2.374ms
[332.092s][info][gc,cpu         ] GC(897) User=0.00s Sys=0.00s Real=0.01s
[332.393s][info][gc,start       ] GC(898) Pause Young (Allocation Failure)
[332.397s][info][gc,heap        ] GC(898) PSYoungGen: 229951K(230400K)->1312K(228864K) Eden: 229887K(229888K)->0K(221184K) From: 64K(512K)->1312K(7680K)
[332.397s][info][gc,heap        ] GC(898) ParOldGen: 654345K(654848K)->654353K(654848K)
[332.397s][info][gc,metaspace   ] GC(898) Metaspace: 35383K(36096K)->35383K(36096K) NonClass: 26174K(26688K)->26174K(26688K) Class: 9209K(9408K)->9209K(9408K)
[332.397s][info][gc             ] GC(898) Pause Young (Allocation Failure) 863M->640M(863M) 3.541ms
[332.397s][info][gc,cpu         ] GC(898) User=0.00s Sys=0.00s Real=0.00s
[332.651s][info][gc,start       ] GC(899) Pause Young (Allocation Failure)
[332.701s][info][gc,promotion   ] GC(899) Promotion failed
[332.701s][info][gc,heap        ] GC(899) PSYoungGen: 222496K(228864K)->222496K(228864K) Eden: 221184K(221184K)->221184K(221184K) From: 1312K(7680K)->1312K(7680K)
[332.701s][info][gc,heap        ] GC(899) ParOldGen: 654353K(654848K)->667641K(667648K)
[332.701s][info][gc,metaspace   ] GC(899) Metaspace: 35383K(36096K)->35383K(36096K) NonClass: 26174K(26688K)->26174K(26688K) Class: 9209K(9408K)->9209K(9408K)
[332.701s][info][gc             ] GC(899) Pause Young (Allocation Failure) 856M->869M(875M) 49.687ms
[332.701s][info][gc,cpu         ] GC(899) User=0.08s Sys=0.01s Real=0.05s
[332.701s][info][gc,start       ] GC(900) Pause Full (Allocation Failure)
[332.701s][info][gc,phases,start] GC(900) Marking Phase
[332.764s][info][gc,phases      ] GC(900) Marking Phase 63.156ms
[332.764s][info][gc,phases,start] GC(900) Summary Phase
[332.764s][info][gc,phases      ] GC(900) Summary Phase 0.027ms
[332.764s][info][gc,phases,start] GC(900) Forward
[332.779s][info][gc,phases      ] GC(900) Forward 14.616ms
[332.779s][info][gc,phases,start] GC(900) Adjust Pointers
[332.810s][info][gc,phases      ] GC(900) Adjust Pointers 31.103ms
[332.810s][info][gc,phases,start] GC(900) Compaction Phase
[332.825s][info][gc,phases      ] GC(900) Compaction Phase 15.721ms
[332.826s][info][gc,phases,start] GC(900) Post Compact
[332.831s][info][gc,phases      ] GC(900) Post Compact 5.016ms
[332.868s][info][gc,heap        ] GC(900) PSYoungGen: 222496K(228864K)->0K(265728K) Eden: 221184K(221184K)->0K(265216K) From: 1312K(7680K)->0K(512K)
[332.868s][info][gc,heap        ] GC(900) ParOldGen: 667641K(667648K)->81384K(175104K)
[332.868s][info][gc,metaspace   ] GC(900) Metaspace: 35383K(36096K)->35383K(36096K) NonClass: 26174K(26688K)->26174K(26688K) Class: 9209K(9408K)->9209K(9408K)
[332.868s][info][gc             ] GC(900) Pause Full (Allocation Failure) 869M->79M(430M) 167.323ms
[332.868s][info][gc,cpu         ] GC(900) User=0.21s Sys=0.04s Real=0.17s
[333.171s][info][gc,start       ] GC(901) Pause Young (Allocation Failure)
[333.216s][info][gc,heap        ] GC(901) PSYoungGen: 265216K(265728K)->7168K(280064K) Eden: 265216K(265216K)->0K(272896K) From: 0K(512K)->7168K(7168K)
[333.216s][info][gc,heap        ] GC(901) ParOldGen: 81384K(175104K)->104144K(175104K)
[333.216s][info][gc,metaspace   ] GC(901) Metaspace: 35383K(36096K)->35383K(36096K) NonClass: 26174K(26688K)->26174K(26688K) Class: 9209K(9408K)->9209K(9408K)
[333.216s][info][gc             ] GC(901) Pause Young (Allocation Failure) 338M->108M(444M) 44.676ms
[333.216s][info][gc,cpu         ] GC(901) User=0.09s Sys=0.00s Real=0.05s
[333.342s][info][gc,start       ] GC(902) Pause Young (Allocation Failure)
[333.361s][info][gc,heap        ] GC(902) PSYoungGen: 280064K(280064K)->6496K(316928K) Eden: 272896K(272896K)->0K(299520K) From: 7168K(7168K)->6496K(17408K)
[333.361s][info][gc,heap        ] GC(902) ParOldGen: 104144K(175104K)->104768K(175104K)
[333.361s][info][gc,metaspace   ] GC(902) Metaspace: 35383K(36096K)->35383K(36096K) NonClass: 26174K(26688K)->26174K(26688K) Class: 9209K(9408K)->9209K(9408K)
[333.361s][info][gc             ] GC(902) Pause Young (Allocation Failure) 375M->108M(480M) 19.295ms
[333.361s][info][gc,cpu         ] GC(902) User=0.03s Sys=0.01s Real=0.01s
[333.944s][info][gc,start       ] GC(903) Pause Young (Allocation Failure)
[333.945s][info][gc,heap        ] GC(903) PSYoungGen: 306016K(316928K)->64K(300032K) Eden: 299520K(299520K)->0K(299520K) From: 6496K(17408K)->64K(512K)
[333.945s][info][gc,heap        ] GC(903) ParOldGen: 104768K(175104K)->104776K(175104K)
[333.945s][info][gc,metaspace   ] GC(903) Metaspace: 35383K(36096K)->35383K(36096K) NonClass: 26174K(26688K)->26174K(26688K) Class: 9209K(9408K)->9209K(9408K)
[333.945s][info][gc             ] GC(903) Pause Young (Allocation Failure) 401M->102M(464M) 0.841ms
[333.945s][info][gc,cpu         ] GC(903) User=0.01s Sys=0.00s Real=0.00s
[334.373s][info][gc,start       ] GC(904) Pause Young (Allocation Failure)
[334.373s][info][gc,heap        ] GC(904) PSYoungGen: 299584K(300032K)->64K(316416K) Eden: 299520K(299520K)->0K(300032K) From: 64K(512K)->64K(16384K)
[334.373s][info][gc,heap        ] GC(904) ParOldGen: 104776K(175104K)->104784K(175104K)
[334.373s][info][gc,metaspace   ] GC(904) Metaspace: 35383K(36096K)->35383K(36096K) NonClass: 26174K(26688K)->26174K(26688K) Class: 9209K(9408K)->9209K(9408K)
[334.373s][info][gc             ] GC(904) Pause Young (Allocation Failure) 394M->102M(480M) 0.709ms
[334.373s][info][gc,cpu         ] GC(904) User=0.00s Sys=0.00s Real=0.00s
[334.792s][info][gc,start       ] GC(905) Pause Young (Allocation Failure)
[334.793s][info][gc,heap        ] GC(905) PSYoungGen: 300096K(316416K)->64K(315904K) Eden: 300032K(300032K)->0K(300032K) From: 64K(16384K)->64K(15872K)
[334.793s][info][gc,heap        ] GC(905) ParOldGen: 104784K(175104K)->104800K(175104K)
[334.793s][info][gc,metaspace   ] GC(905) Metaspace: 35383K(36096K)->35383K(36096K) NonClass: 26174K(26688K)->26174K(26688K) Class: 9209K(9408K)->9209K(9408K)
[334.793s][info][gc             ] GC(905) Pause Young (Allocation Failure) 395M->102M(479M) 0.791ms
[334.793s][info][gc,cpu         ] GC(905) User=0.00s Sys=0.00s Real=0.00s
[335.007s][info][gc,start       ] GC(906) Pause Young (Allocation Failure)
[335.008s][info][gc,heap        ] GC(906) PSYoungGen: 300096K(315904K)->64K(316928K) Eden: 300032K(300032K)->0K(302080K) From: 64K(15872K)->64K(14848K)
[335.008s][info][gc,heap        ] GC(906) ParOldGen: 104800K(175104K)->104816K(175104K)
[335.008s][info][gc,metaspace   ] GC(906) Metaspace: 35383K(36096K)->35383K(36096K) NonClass: 26174K(26688K)->26174K(26688K) Class: 9209K(9408K)->9209K(9408K)
[335.008s][info][gc             ] GC(906) Pause Young (Allocation Failure) 395M->102M(480M) 0.709ms
[335.008s][info][gc,cpu         ] GC(906) User=0.00s Sys=0.00s Real=0.00s
[335.360s][info][gc,start       ] GC(907) Pause Young (Allocation Failure)
[335.360s][info][gc,heap        ] GC(907) PSYoungGen: 302144K(316928K)->64K(316416K) Eden: 302080K(302080K)->0K(302080K) From: 64K(14848K)->64K(14336K)
[335.360s][info][gc,heap        ] GC(907) ParOldGen: 104816K(175104K)->104816K(175104K)
[335.360s][info][gc,metaspace   ] GC(907) Metaspace: 35383K(36096K)->35383K(36096K) NonClass: 26174K(26688K)->26174K(26688K) Class: 9209K(9408K)->9209K(9408K)
[335.360s][info][gc             ] GC(907) Pause Young (Allocation Failure) 397M->102M(480M) 0.703ms
[335.360s][info][gc,cpu         ] GC(907) User=0.00s Sys=0.00s Real=0.00s
[335.430s][info][gc,start       ] GC(908) Pause Young (Allocation Failure)
[335.430s][info][gc,heap        ] GC(908) PSYoungGen: 302144K(316416K)->64K(318464K) Eden: 302080K(302080K)->0K(305664K) From: 64K(14336K)->64K(12800K)
[335.430s][info][gc,heap        ] GC(908) ParOldGen: 104816K(175104K)->104824K(175104K)
[335.430s][info][gc,metaspace   ] GC(908) Metaspace: 35383K(36096K)->35383K(36096K) NonClass: 26174K(26688K)->26174K(26688K) Class: 9209K(9408K)->9209K(9408K)
[335.430s][info][gc             ] GC(908) Pause Young (Allocation Failure) 397M->102M(482M) 0.650ms
[335.430s][info][gc,cpu         ] GC(908) User=0.00s Sys=0.00s Real=0.00s
[335.485s][info][gc,start       ] GC(909) Pause Young (Allocation Failure)
[335.485s][info][gc,heap        ] GC(909) PSYoungGen: 305728K(318464K)->64K(318464K) Eden: 305664K(305664K)->0K(305664K) From: 64K(12800K)->64K(12800K)
[335.485s][info][gc,heap        ] GC(909) ParOldGen: 104824K(175104K)->104840K(175104K)
[335.485s][info][gc,metaspace   ] GC(909) Metaspace: 35383K(36096K)->35383K(36096K) NonClass: 26174K(26688K)->26174K(26688K) Class: 9209K(9408K)->9209K(9408K)
[335.485s][info][gc             ] GC(909) Pause Young (Allocation Failure) 400M->102M(482M) 0.754ms
[335.485s][info][gc,cpu         ] GC(909) User=0.01s Sys=0.00s Real=0.00s
[335.676s][info][gc,start       ] GC(910) Pause Young (Allocation Failure)
[335.677s][info][gc,heap        ] GC(910) PSYoungGen: 305728K(318464K)->64K(320512K) Eden: 305664K(305664K)->0K(308736K) From: 64K(12800K)->64K(11776K)
[335.677s][info][gc,heap        ] GC(910) ParOldGen: 104840K(175104K)->104840K(175104K)
[335.677s][info][gc,metaspace   ] GC(910) Metaspace: 35383K(36096K)->35383K(36096K) NonClass: 26174K(26688K)->26174K(26688K) Class: 9209K(9408K)->9209K(9408K)
[335.677s][info][gc             ] GC(910) Pause Young (Allocation Failure) 400M->102M(484M) 0.715ms
[335.677s][info][gc,cpu         ] GC(910) User=0.00s Sys=0.00s Real=0.00s
[335.899s][info][gc,start       ] GC(911) Pause Young (Allocation Failure)
[335.900s][info][gc,heap        ] GC(911) PSYoungGen: 308800K(320512K)->64K(320512K) Eden: 308736K(308736K)->0K(308736K) From: 64K(11776K)->64K(11776K)
[335.900s][info][gc,heap        ] GC(911) ParOldGen: 104840K(175104K)->104848K(175104K)
[335.900s][info][gc,metaspace   ] GC(911) Metaspace: 35383K(36096K)->35383K(36096K) NonClass: 26174K(26688K)->26174K(26688K) Class: 9209K(9408K)->9209K(9408K)
[335.900s][info][gc             ] GC(911) Pause Young (Allocation Failure) 403M->102M(484M) 0.759ms
[335.900s][info][gc,cpu         ] GC(911) User=0.00s Sys=0.00s Real=0.00s
[336.002s][info][gc,start       ] GC(912) Pause Young (Allocation Failure)
[336.003s][info][gc,heap        ] GC(912) PSYoungGen: 308800K(320512K)->64K(296960K) Eden: 308736K(308736K)->0K(296448K) From: 64K(11776K)->64K(512K)
[336.003s][info][gc,heap        ] GC(912) ParOldGen: 104848K(175104K)->104856K(175104K)
[336.003s][info][gc,metaspace   ] GC(912) Metaspace: 35383K(36096K)->35383K(36096K) NonClass: 26174K(26688K)->26174K(26688K) Class: 9209K(9408K)->9209K(9408K)
[336.003s][info][gc             ] GC(912) Pause Young (Allocation Failure) 403M->102M(461M) 0.799ms
[336.003s][info][gc,cpu         ] GC(912) User=0.00s Sys=0.00s Real=0.01s
[336.124s][info][gc,start       ] GC(913) Pause Young (Allocation Failure)
[336.124s][info][gc,heap        ] GC(913) PSYoungGen: 296512K(296960K)->64K(294912K) Eden: 296448K(296448K)->0K(284672K) From: 64K(512K)->64K(10240K)
[336.124s][info][gc,heap        ] GC(913) ParOldGen: 104856K(175104K)->104864K(175104K)
[336.124s][info][gc,metaspace   ] GC(913) Metaspace: 35383K(36096K)->35383K(36096K) NonClass: 26174K(26688K)->26174K(26688K) Class: 9209K(9408K)->9209K(9408K)
[336.124s][info][gc             ] GC(913) Pause Young (Allocation Failure) 391M->102M(459M) 0.582ms
[336.124s][info][gc,cpu         ] GC(913) User=0.00s Sys=0.00s Real=0.00s
[336.506s][info][gc,start       ] GC(914) Pause Young (Allocation Failure)
[336.507s][info][gc,heap        ] GC(914) PSYoungGen: 284736K(294912K)->64K(273920K) Eden: 284672K(284672K)->0K(273408K) From: 64K(10240K)->64K(512K)
[336.507s][info][gc,heap        ] GC(914) ParOldGen: 104864K(175104K)->104872K(175104K)
[336.507s][info][gc,metaspace   ] GC(914) Metaspace: 35383K(36096K)->35383K(36096K) NonClass: 26174K(26688K)->26174K(26688K) Class: 9209K(9408K)->9209K(9408K)
[336.507s][info][gc             ] GC(914) Pause Young (Allocation Failure) 380M->102M(438M) 1.138ms
[336.507s][info][gc,cpu         ] GC(914) User=0.00s Sys=0.00s Real=0.00s
[337.145s][info][gc,start       ] GC(915) Pause Young (Allocation Failure)
[337.146s][info][gc,heap        ] GC(915) PSYoungGen: 273472K(273920K)->83K(271872K) Eden: 273408K(273408K)->0K(262656K) From: 64K(512K)->83K(9216K)
[337.146s][info][gc,heap        ] GC(915) ParOldGen: 104872K(175104K)->104880K(175104K)
[337.146s][info][gc,metaspace   ] GC(915) Metaspace: 35383K(36096K)->35383K(36096K) NonClass: 26174K(26688K)->26174K(26688K) Class: 9209K(9408K)->9209K(9408K)
[337.146s][info][gc             ] GC(915) Pause Young (Allocation Failure) 369M->102M(436M) 1.101ms
[337.146s][info][gc,cpu         ] GC(915) User=0.00s Sys=0.00s Real=0.00s
[338.042s][info][gc,start       ] GC(916) Pause Young (Allocation Failure)
[338.043s][info][gc,heap        ] GC(916) PSYoungGen: 262739K(271872K)->64K(252928K) Eden: 262656K(262656K)->0K(252416K) From: 83K(9216K)->64K(512K)
[338.043s][info][gc,heap        ] GC(916) ParOldGen: 104880K(175104K)->104896K(175104K)
[338.043s][info][gc,metaspace   ] GC(916) Metaspace: 35383K(36096K)->35383K(36096K) NonClass: 26174K(26688K)->26174K(26688K) Class: 9209K(9408K)->9209K(9408K)
[338.043s][info][gc             ] GC(916) Pause Young (Allocation Failure) 359M->102M(418M) 1.507ms
[338.043s][info][gc,cpu         ] GC(916) User=0.00s Sys=0.00s Real=0.01s
[338.446s][info][gc,start       ] GC(917) Pause Young (Allocation Failure)
[338.447s][info][gc,heap        ] GC(917) PSYoungGen: 252480K(252928K)->64K(250880K) Eden: 252416K(252416K)->0K(242688K) From: 64K(512K)->64K(8192K)
[338.447s][info][gc,heap        ] GC(917) ParOldGen: 104896K(175104K)->104912K(175104K)
[338.447s][info][gc,metaspace   ] GC(917) Metaspace: 35383K(36096K)->35383K(36096K) NonClass: 26174K(26688K)->26174K(26688K) Class: 9209K(9408K)->9209K(9408K)
[338.447s][info][gc             ] GC(917) Pause Young (Allocation Failure) 349M->102M(416M) 1.035ms
[338.447s][info][gc,cpu         ] GC(917) User=0.00s Sys=0.00s Real=0.00s
[339.401s][info][gc,start       ] GC(918) Pause Young (Allocation Failure)
[339.403s][info][gc,heap        ] GC(918) PSYoungGen: 242752K(250880K)->64K(233984K) Eden: 242688K(242688K)->0K(233472K) From: 64K(8192K)->64K(512K)
[339.403s][info][gc,heap        ] GC(918) ParOldGen: 104912K(175104K)->104928K(175104K)
[339.403s][info][gc,metaspace   ] GC(918) Metaspace: 35383K(36096K)->35383K(36096K) NonClass: 26174K(26688K)->26174K(26688K) Class: 9209K(9408K)->9209K(9408K)
[339.403s][info][gc             ] GC(918) Pause Young (Allocation Failure) 339M->102M(399M) 1.565ms
[339.403s][info][gc,cpu         ] GC(918) User=0.00s Sys=0.00s Real=0.01s
[339.782s][info][gc,start       ] GC(919) Pause Young (Allocation Failure)
[339.783s][info][gc,heap        ] GC(919) PSYoungGen: 233536K(233984K)->64K(231936K) Eden: 233472K(233472K)->0K(224768K) From: 64K(512K)->64K(7168K)
[339.783s][info][gc,heap        ] GC(919) ParOldGen: 104928K(175104K)->104944K(175104K)
[339.783s][info][gc,metaspace   ] GC(919) Metaspace: 35383K(36096K)->35383K(36096K) NonClass: 26174K(26688K)->26174K(26688K) Class: 9209K(9408K)->9209K(9408K)
[339.783s][info][gc             ] GC(919) Pause Young (Allocation Failure) 330M->102M(397M) 0.991ms
[339.783s][info][gc,cpu         ] GC(919) User=0.00s Sys=0.00s Real=0.01s
[339.965s][info][gc,start       ] GC(920) Pause Young (Allocation Failure)
[339.967s][info][gc,heap        ] GC(920) PSYoungGen: 224832K(231936K)->64K(217088K) Eden: 224768K(224768K)->0K(216576K) From: 64K(7168K)->64K(512K)
[339.967s][info][gc,heap        ] GC(920) ParOldGen: 104944K(175104K)->104960K(175104K)
[339.967s][info][gc,metaspace   ] GC(920) Metaspace: 35383K(36096K)->35383K(36096K) NonClass: 26174K(26688K)->26174K(26688K) Class: 9209K(9408K)->9209K(9408K)
[339.967s][info][gc             ] GC(920) Pause Young (Allocation Failure) 322M->102M(383M) 1.415ms
[339.967s][info][gc,cpu         ] GC(920) User=0.00s Sys=0.00s Real=0.00s
[340.043s][info][gc,start       ] GC(921) Pause Young (Allocation Failure)
[340.044s][info][gc,heap        ] GC(921) PSYoungGen: 216640K(217088K)->64K(214528K) Eden: 216576K(216576K)->0K(208384K) From: 64K(512K)->64K(6144K)
[340.044s][info][gc,heap        ] GC(921) ParOldGen: 104960K(175104K)->104976K(175104K)
[340.044s][info][gc,metaspace   ] GC(921) Metaspace: 35383K(36096K)->35383K(36096K) NonClass: 26174K(26688K)->26174K(26688K) Class: 9209K(9408K)->9209K(9408K)
[340.044s][info][gc             ] GC(921) Pause Young (Allocation Failure) 314M->102M(380M) 0.888ms
[340.044s][info][gc,cpu         ] GC(921) User=0.00s Sys=0.00s Real=0.00s
[340.511s][info][gc,start       ] GC(922) Pause Young (Allocation Failure)
[340.513s][info][gc,heap        ] GC(922) PSYoungGen: 208448K(214528K)->64K(201216K) Eden: 208384K(208384K)->0K(200704K) From: 64K(6144K)->64K(512K)
[340.513s][info][gc,heap        ] GC(922) ParOldGen: 104976K(175104K)->104992K(175104K)
[340.513s][info][gc,metaspace   ] GC(922) Metaspace: 35383K(36096K)->35383K(36096K) NonClass: 26174K(26688K)->26174K(26688K) Class: 9209K(9408K)->9209K(9408K)
[340.513s][info][gc             ] GC(922) Pause Young (Allocation Failure) 306M->102M(367M) 1.528ms
[340.513s][info][gc,cpu         ] GC(922) User=0.00s Sys=0.00s Real=0.01s
[340.725s][info][gc,start       ] GC(923) Pause Young (Allocation Failure)
[340.726s][info][gc,heap        ] GC(923) PSYoungGen: 200768K(201216K)->64K(198656K) Eden: 200704K(200704K)->0K(193536K) From: 64K(512K)->64K(5120K)
[340.726s][info][gc,heap        ] GC(923) ParOldGen: 104992K(175104K)->105008K(175104K)
[340.726s][info][gc,metaspace   ] GC(923) Metaspace: 35383K(36096K)->35383K(36096K) NonClass: 26174K(26688K)->26174K(26688K) Class: 9209K(9408K)->9209K(9408K)
[340.726s][info][gc             ] GC(923) Pause Young (Allocation Failure) 298M->102M(365M) 1.009ms
[340.726s][info][gc,cpu         ] GC(923) User=0.00s Sys=0.00s Real=0.00s
[341.005s][info][gc,start       ] GC(924) Pause Young (Allocation Failure)
[341.014s][info][gc,heap        ] GC(924) PSYoungGen: 193600K(198656K)->5120K(235008K) Eden: 193536K(193536K)->0K(229888K) From: 64K(5120K)->5120K(5120K)
[341.014s][info][gc,heap        ] GC(924) ParOldGen: 105008K(175104K)->105240K(175104K)
[341.014s][info][gc,metaspace   ] GC(924) Metaspace: 35383K(36096K)->35383K(36096K) NonClass: 26174K(26688K)->26174K(26688K) Class: 9209K(9408K)->9209K(9408K)
[341.014s][info][gc             ] GC(924) Pause Young (Allocation Failure) 291M->107M(400M) 8.881ms
[341.014s][info][gc,cpu         ] GC(924) User=0.02s Sys=0.00s Real=0.01s
[341.277s][info][gc,start       ] GC(925) Pause Young (Allocation Failure)
[341.316s][info][gc,heap        ] GC(925) PSYoungGen: 235008K(235008K)->6144K(279552K) Eden: 229888K(229888K)->0K(273408K) From: 5120K(5120K)->6144K(6144K)
[341.316s][info][gc,heap        ] GC(925) ParOldGen: 105240K(175104K)->125048K(175104K)
[341.316s][info][gc,metaspace   ] GC(925) Metaspace: 35383K(36096K)->35383K(36096K) NonClass: 26174K(26688K)->26174K(26688K) Class: 9209K(9408K)->9209K(9408K)
[341.316s][info][gc             ] GC(925) Pause Young (Allocation Failure) 332M->128M(444M) 38.905ms
[341.316s][info][gc,cpu         ] GC(925) User=0.08s Sys=0.00s Real=0.04s
[341.628s][info][gc,start       ] GC(926) Pause Young (Allocation Failure)
[341.686s][info][gc,heap        ] GC(926) PSYoungGen: 279552K(279552K)->14848K(281088K) Eden: 273408K(273408K)->0K(266240K) From: 6144K(6144K)->14848K(14848K)
[341.686s][info][gc,heap        ] GC(926) ParOldGen: 125048K(175104K)->141584K(175104K)
[341.686s][info][gc,metaspace   ] GC(926) Metaspace: 35383K(36096K)->35383K(36096K) NonClass: 26174K(26688K)->26174K(26688K) Class: 9209K(9408K)->9209K(9408K)
[341.686s][info][gc             ] GC(926) Pause Young (Allocation Failure) 395M->152M(445M) 58.232ms
[341.686s][info][gc,cpu         ] GC(926) User=0.10s Sys=0.00s Real=0.06s
[341.780s][info][gc,start       ] GC(927) Pause Young (Allocation Failure)
[341.786s][info][gc,heap        ] GC(927) PSYoungGen: 281088K(281088K)->544K(290304K) Eden: 266240K(266240K)->0K(266240K) From: 14848K(14848K)->544K(24064K)
[341.786s][info][gc,heap        ] GC(927) ParOldGen: 141584K(175104K)->142024K(175104K)
[341.786s][info][gc,metaspace   ] GC(927) Metaspace: 35383K(36096K)->35383K(36096K) NonClass: 26174K(26688K)->26174K(26688K) Class: 9209K(9408K)->9209K(9408K)
[341.786s][info][gc             ] GC(927) Pause Young (Allocation Failure) 412M->139M(454M) 5.902ms
[341.786s][info][gc,cpu         ] GC(927) User=0.02s Sys=0.00s Real=0.01s
[342.363s][info][gc,start       ] GC(928) Pause Young (Allocation Failure)
[342.365s][info][gc,heap        ] GC(928) PSYoungGen: 266784K(290304K)->64K(307200K) Eden: 266240K(266240K)->0K(286208K) From: 544K(24064K)->64K(20992K)
[342.365s][info][gc,heap        ] GC(928) ParOldGen: 142024K(175104K)->142040K(175104K)
[342.365s][info][gc,metaspace   ] GC(928) Metaspace: 35383K(36096K)->35383K(36096K) NonClass: 26174K(26688K)->26174K(26688K) Class: 9209K(9408K)->9209K(9408K)
[342.365s][info][gc             ] GC(928) Pause Young (Allocation Failure) 399M->138M(471M) 1.533ms
[342.365s][info][gc,cpu         ] GC(928) User=0.00s Sys=0.00s Real=0.00s
[342.766s][info][gc,start       ] GC(929) Pause Young (Allocation Failure)
[342.767s][info][gc,heap        ] GC(929) PSYoungGen: 286272K(307200K)->32K(308736K) Eden: 286208K(286208K)->0K(286208K) From: 64K(20992K)->32K(22528K)
[342.767s][info][gc,heap        ] GC(929) ParOldGen: 142040K(175104K)->142048K(175104K)
[342.767s][info][gc,metaspace   ] GC(929) Metaspace: 35383K(36096K)->35383K(36096K) NonClass: 26174K(26688K)->26174K(26688K) Class: 9209K(9408K)->9209K(9408K)
[342.767s][info][gc             ] GC(929) Pause Young (Allocation Failure) 418M->138M(472M) 1.214ms
[342.767s][info][gc,cpu         ] GC(929) User=0.00s Sys=0.00s Real=0.00s
[343.177s][info][gc,start       ] GC(930) Pause Young (Allocation Failure)
[343.178s][info][gc,heap        ] GC(930) PSYoungGen: 286240K(308736K)->64K(308736K) Eden: 286208K(286208K)->0K(289280K) From: 32K(22528K)->64K(19456K)
[343.178s][info][gc,heap        ] GC(930) ParOldGen: 142048K(175104K)->142064K(175104K)
[343.178s][info][gc,metaspace   ] GC(930) Metaspace: 35383K(36096K)->35383K(36096K) NonClass: 26174K(26688K)->26174K(26688K) Class: 9209K(9408K)->9209K(9408K)
[343.178s][info][gc             ] GC(930) Pause Young (Allocation Failure) 418M->138M(472M) 0.866ms
[343.178s][info][gc,cpu         ] GC(930) User=0.00s Sys=0.00s Real=0.00s
[343.386s][info][gc,start       ] GC(931) Pause Young (Allocation Failure)
[343.387s][info][gc,heap        ] GC(931) PSYoungGen: 289344K(308736K)->64K(310272K) Eden: 289280K(289280K)->0K(289280K) From: 64K(19456K)->64K(20992K)
[343.387s][info][gc,heap        ] GC(931) ParOldGen: 142064K(175104K)->142080K(175104K)
[343.387s][info][gc,metaspace   ] GC(931) Metaspace: 35383K(36096K)->35383K(36096K) NonClass: 26174K(26688K)->26174K(26688K) Class: 9209K(9408K)->9209K(9408K)
[343.387s][info][gc             ] GC(931) Pause Young (Allocation Failure) 421M->138M(474M) 0.791ms
[343.387s][info][gc,cpu         ] GC(931) User=0.00s Sys=0.00s Real=0.00s
[343.716s][info][gc,start       ] GC(932) Pause Young (Allocation Failure)
[343.717s][info][gc,heap        ] GC(932) PSYoungGen: 289344K(310272K)->64K(310272K) Eden: 289280K(289280K)->0K(292864K) From: 64K(20992K)->64K(17408K)
[343.717s][info][gc,heap        ] GC(932) ParOldGen: 142080K(175104K)->142080K(175104K)
[343.717s][info][gc,metaspace   ] GC(932) Metaspace: 35383K(36096K)->35383K(36096K) NonClass: 26174K(26688K)->26174K(26688K) Class: 9209K(9408K)->9209K(9408K)
[343.717s][info][gc             ] GC(932) Pause Young (Allocation Failure) 421M->138M(474M) 0.712ms
[343.717s][info][gc,cpu         ] GC(932) User=0.00s Sys=0.00s Real=0.00s
[343.818s][info][gc,start       ] GC(933) Pause Young (Allocation Failure)
[343.819s][info][gc,heap        ] GC(933) PSYoungGen: 292928K(310272K)->64K(311808K) Eden: 292864K(292864K)->0K(292864K) From: 64K(17408K)->64K(18944K)
[343.819s][info][gc,heap        ] GC(933) ParOldGen: 142080K(175104K)->142088K(175104K)
[343.819s][info][gc,metaspace   ] GC(933) Metaspace: 35383K(36096K)->35383K(36096K) NonClass: 26174K(26688K)->26174K(26688K) Class: 9209K(9408K)->9209K(9408K)
[343.819s][info][gc             ] GC(933) Pause Young (Allocation Failure) 424M->138M(475M) 0.813ms
[343.819s][info][gc,cpu         ] GC(933) User=0.00s Sys=0.00s Real=0.00s
[343.870s][info][gc,start       ] GC(934) Pause Young (Allocation Failure)
[343.870s][info][gc,heap        ] GC(934) PSYoungGen: 292928K(311808K)->64K(312320K) Eden: 292864K(292864K)->0K(296960K) From: 64K(18944K)->64K(15360K)
[343.870s][info][gc,heap        ] GC(934) ParOldGen: 142088K(175104K)->142104K(175104K)
[343.870s][info][gc,metaspace   ] GC(934) Metaspace: 35383K(36096K)->35383K(36096K) NonClass: 26174K(26688K)->26174K(26688K) Class: 9209K(9408K)->9209K(9408K)
[343.870s][info][gc             ] GC(934) Pause Young (Allocation Failure) 424M->138M(476M) 0.696ms
[343.870s][info][gc,cpu         ] GC(934) User=0.00s Sys=0.00s Real=0.00s
[344.020s][info][gc,start       ] GC(935) Pause Young (Allocation Failure)
[344.021s][info][gc,heap        ] GC(935) PSYoungGen: 297024K(312320K)->64K(313856K) Eden: 296960K(296960K)->0K(296960K) From: 64K(15360K)->64K(16896K)
[344.021s][info][gc,heap        ] GC(935) ParOldGen: 142104K(175104K)->142104K(175104K)
[344.021s][info][gc,metaspace   ] GC(935) Metaspace: 35383K(36096K)->35383K(36096K) NonClass: 26174K(26688K)->26174K(26688K) Class: 9209K(9408K)->9209K(9408K)
[344.021s][info][gc             ] GC(935) Pause Young (Allocation Failure) 428M->138M(477M) 0.753ms
[344.021s][info][gc,cpu         ] GC(935) User=0.00s Sys=0.00s Real=0.00s
[344.243s][info][gc,start       ] GC(936) Pause Young (Allocation Failure)
[344.244s][info][gc,heap        ] GC(936) PSYoungGen: 297024K(313856K)->64K(315392K) Eden: 296960K(296960K)->0K(301056K) From: 64K(16896K)->64K(14336K)
[344.244s][info][gc,heap        ] GC(936) ParOldGen: 142104K(175104K)->142112K(175104K)
[344.244s][info][gc,metaspace   ] GC(936) Metaspace: 35383K(36096K)->35383K(36096K) NonClass: 26174K(26688K)->26174K(26688K) Class: 9209K(9408K)->9209K(9408K)
[344.244s][info][gc             ] GC(936) Pause Young (Allocation Failure) 428M->138M(479M) 0.950ms
[344.244s][info][gc,cpu         ] GC(936) User=0.00s Sys=0.00s Real=0.00s
[344.379s][info][gc,start       ] GC(937) Pause Young (Allocation Failure)
[344.379s][info][gc,heap        ] GC(937) PSYoungGen: 301120K(315392K)->64K(289280K) Eden: 301056K(301056K)->0K(288768K) From: 64K(14336K)->64K(512K)
[344.379s][info][gc,heap        ] GC(937) ParOldGen: 142112K(175104K)->142120K(175104K)
[344.379s][info][gc,metaspace   ] GC(937) Metaspace: 35383K(36096K)->35383K(36096K) NonClass: 26174K(26688K)->26174K(26688K) Class: 9209K(9408K)->9209K(9408K)
[344.379s][info][gc             ] GC(937) Pause Young (Allocation Failure) 432M->138M(453M) 0.826ms
[344.379s][info][gc,cpu         ] GC(937) User=0.00s Sys=0.00s Real=0.00s
[344.473s][info][gc,start       ] GC(938) Pause Young (Allocation Failure)
[344.473s][info][gc,heap        ] GC(938) PSYoungGen: 288832K(289280K)->64K(278016K) Eden: 288768K(288768K)->0K(277504K) From: 64K(512K)->64K(512K)
[344.473s][info][gc,heap        ] GC(938) ParOldGen: 142120K(175104K)->142128K(175104K)
[344.473s][info][gc,metaspace   ] GC(938) Metaspace: 35383K(36096K)->35383K(36096K) NonClass: 26174K(26688K)->26174K(26688K) Class: 9209K(9408K)->9209K(9408K)
[344.473s][info][gc             ] GC(938) Pause Young (Allocation Failure) 420M->138M(442M) 0.833ms
[344.473s][info][gc,cpu         ] GC(938) User=0.00s Sys=0.00s Real=0.00s
[344.639s][info][gc,start       ] GC(939) Pause Young (Allocation Failure)
[344.639s][info][gc,heap        ] GC(939) PSYoungGen: 277568K(278016K)->64K(280064K) Eden: 277504K(277504K)->0K(266752K) From: 64K(512K)->64K(13312K)
[344.639s][info][gc,heap        ] GC(939) ParOldGen: 142128K(175104K)->142136K(175104K)
[344.639s][info][gc,metaspace   ] GC(939) Metaspace: 35383K(36096K)->35383K(36096K) NonClass: 26174K(26688K)->26174K(26688K) Class: 9209K(9408K)->9209K(9408K)
[344.639s][info][gc             ] GC(939) Pause Young (Allocation Failure) 409M->138M(444M) 0.706ms
[344.639s][info][gc,cpu         ] GC(939) User=0.00s Sys=0.00s Real=0.00s
[345.523s][info][gc,start       ] GC(940) Pause Young (Allocation Failure)
[345.525s][info][gc,heap        ] GC(940) PSYoungGen: 266816K(280064K)->83K(257024K) Eden: 266752K(266752K)->0K(256512K) From: 64K(13312K)->83K(512K)
[345.525s][info][gc,heap        ] GC(940) ParOldGen: 142136K(175104K)->142144K(175104K)
[345.525s][info][gc,metaspace   ] GC(940) Metaspace: 35383K(36096K)->35383K(36096K) NonClass: 26174K(26688K)->26174K(26688K) Class: 9209K(9408K)->9209K(9408K)
[345.525s][info][gc             ] GC(940) Pause Young (Allocation Failure) 399M->138M(422M) 1.675ms
[345.525s][info][gc,cpu         ] GC(940) User=0.00s Sys=0.00s Real=0.00s
[346.343s][info][gc,start       ] GC(941) Pause Young (Allocation Failure)
[346.344s][info][gc,heap        ] GC(941) PSYoungGen: 256595K(257024K)->64K(258560K) Eden: 256512K(256512K)->0K(246784K) From: 83K(512K)->64K(11776K)
[346.344s][info][gc,heap        ] GC(941) ParOldGen: 142144K(175104K)->142152K(175104K)
[346.344s][info][gc,metaspace   ] GC(941) Metaspace: 35383K(36096K)->35383K(36096K) NonClass: 26174K(26688K)->26174K(26688K) Class: 9209K(9408K)->9209K(9408K)
[346.344s][info][gc             ] GC(941) Pause Young (Allocation Failure) 389M->138M(423M) 1.288ms
[346.344s][info][gc,cpu         ] GC(941) User=0.00s Sys=0.00s Real=0.00s
[346.608s][info][gc,start       ] GC(942) Pause Young (Allocation Failure)
[346.610s][info][gc,heap        ] GC(942) PSYoungGen: 246848K(258560K)->64K(238080K) Eden: 246784K(246784K)->0K(237568K) From: 64K(11776K)->64K(512K)
[346.610s][info][gc,heap        ] GC(942) ParOldGen: 142152K(175104K)->142168K(175104K)
[346.610s][info][gc,metaspace   ] GC(942) Metaspace: 35383K(36096K)->35383K(36096K) NonClass: 26174K(26688K)->26174K(26688K) Class: 9209K(9408K)->9209K(9408K)
[346.610s][info][gc             ] GC(942) Pause Young (Allocation Failure) 379M->138M(403M) 2.189ms
[346.610s][info][gc,cpu         ] GC(942) User=0.00s Sys=0.00s Real=0.00s
[347.018s][info][gc,start       ] GC(943) Pause Young (Allocation Failure)
[347.019s][info][gc,heap        ] GC(943) PSYoungGen: 237632K(238080K)->64K(238592K) Eden: 237568K(237568K)->0K(228352K) From: 64K(512K)->64K(10240K)
[347.019s][info][gc,heap        ] GC(943) ParOldGen: 142168K(175104K)->142184K(175104K)
[347.019s][info][gc,metaspace   ] GC(943) Metaspace: 35383K(36096K)->35383K(36096K) NonClass: 26174K(26688K)->26174K(26688K) Class: 9209K(9408K)->9209K(9408K)
[347.019s][info][gc             ] GC(943) Pause Young (Allocation Failure) 370M->138M(404M) 1.375ms
[347.019s][info][gc,cpu         ] GC(943) User=0.01s Sys=0.00s Real=0.00s
[347.911s][info][gc,start       ] GC(944) Pause Young (Allocation Failure)
[347.913s][info][gc,heap        ] GC(944) PSYoungGen: 228416K(238592K)->64K(220160K) Eden: 228352K(228352K)->0K(219648K) From: 64K(10240K)->64K(512K)
[347.913s][info][gc,heap        ] GC(944) ParOldGen: 142184K(175104K)->142200K(175104K)
[347.913s][info][gc,metaspace   ] GC(944) Metaspace: 35383K(36096K)->35383K(36096K) NonClass: 26174K(26688K)->26174K(26688K) Class: 9209K(9408K)->9209K(9408K)
[347.913s][info][gc             ] GC(944) Pause Young (Allocation Failure) 361M->138M(386M) 2.183ms
[347.913s][info][gc,cpu         ] GC(944) User=0.00s Sys=0.00s Real=0.01s
[348.241s][info][gc,start       ] GC(945) Pause Young (Allocation Failure)
[348.243s][info][gc,heap        ] GC(945) PSYoungGen: 219712K(220160K)->64K(220672K) Eden: 219648K(219648K)->0K(211456K) From: 64K(512K)->64K(9216K)
[348.243s][info][gc,heap        ] GC(945) ParOldGen: 142200K(175104K)->142216K(175104K)
[348.243s][info][gc,metaspace   ] GC(945) Metaspace: 35383K(36096K)->35383K(36096K) NonClass: 26174K(26688K)->26174K(26688K) Class: 9209K(9408K)->9209K(9408K)
[348.243s][info][gc             ] GC(945) Pause Young (Allocation Failure) 353M->138M(386M) 1.260ms
[348.243s][info][gc,cpu         ] GC(945) User=0.00s Sys=0.00s Real=0.01s
[348.384s][info][gc,start       ] GC(946) Pause Young (Allocation Failure)
[348.385s][info][gc,heap        ] GC(946) PSYoungGen: 211520K(220672K)->64K(204288K) Eden: 211456K(211456K)->0K(203776K) From: 64K(9216K)->64K(512K)
[348.385s][info][gc,heap        ] GC(946) ParOldGen: 142216K(175104K)->142232K(175104K)
[348.385s][info][gc,metaspace   ] GC(946) Metaspace: 35383K(36096K)->35383K(36096K) NonClass: 26174K(26688K)->26174K(26688K) Class: 9209K(9408K)->9209K(9408K)
[348.385s][info][gc             ] GC(946) Pause Young (Allocation Failure) 345M->138M(370M) 1.826ms
[348.385s][info][gc,cpu         ] GC(946) User=0.00s Sys=0.00s Real=0.00s
[348.533s][info][gc,start       ] GC(947) Pause Young (Allocation Failure)
[348.534s][info][gc,heap        ] GC(947) PSYoungGen: 203840K(204288K)->64K(204288K) Eden: 203776K(203776K)->0K(196608K) From: 64K(512K)->64K(7680K)
[348.534s][info][gc,heap        ] GC(947) ParOldGen: 142232K(175104K)->142240K(175104K)
[348.534s][info][gc,metaspace   ] GC(947) Metaspace: 35383K(36096K)->35383K(36096K) NonClass: 26174K(26688K)->26174K(26688K) Class: 9209K(9408K)->9209K(9408K)
[348.534s][info][gc             ] GC(947) Pause Young (Allocation Failure) 337M->138M(370M) 1.110ms
[348.534s][info][gc,cpu         ] GC(947) User=0.00s Sys=0.00s Real=0.00s
[349.030s][info][gc,start       ] GC(948) Pause Young (Allocation Failure)
[349.032s][info][gc,heap        ] GC(948) PSYoungGen: 196672K(204288K)->64K(189952K) Eden: 196608K(196608K)->0K(189440K) From: 64K(7680K)->64K(512K)
[349.032s][info][gc,heap        ] GC(948) ParOldGen: 142240K(175104K)->142248K(175104K)
[349.032s][info][gc,metaspace   ] GC(948) Metaspace: 35383K(36096K)->35383K(36096K) NonClass: 26174K(26688K)->26174K(26688K) Class: 9209K(9408K)->9209K(9408K)
[349.032s][info][gc             ] GC(948) Pause Young (Allocation Failure) 330M->138M(356M) 1.826ms
[349.032s][info][gc,cpu         ] GC(948) User=0.01s Sys=0.00s Real=0.00s
[349.176s][info][gc,start       ] GC(949) Pause Young (Allocation Failure)
[349.177s][info][gc,heap        ] GC(949) PSYoungGen: 189504K(189952K)->64K(189440K) Eden: 189440K(189440K)->0K(182784K) From: 64K(512K)->64K(6656K)
[349.177s][info][gc,heap        ] GC(949) ParOldGen: 142248K(175104K)->142256K(175104K)
[349.177s][info][gc,metaspace   ] GC(949) Metaspace: 35383K(36096K)->35383K(36096K) NonClass: 26174K(26688K)->26174K(26688K) Class: 9209K(9408K)->9209K(9408K)
[349.177s][info][gc             ] GC(949) Pause Young (Allocation Failure) 323M->138M(356M) 1.183ms
[349.177s][info][gc,cpu         ] GC(949) User=0.00s Sys=0.00s Real=0.00s
[349.436s][info][gc,start       ] GC(950) Pause Young (Allocation Failure)
[349.451s][info][gc,heap        ] GC(950) PSYoungGen: 182848K(189440K)->6144K(224256K) Eden: 182784K(182784K)->0K(218112K) From: 64K(6656K)->6144K(6144K)
[349.451s][info][gc,heap        ] GC(950) ParOldGen: 142256K(175104K)->144632K(175104K)
[349.451s][info][gc,metaspace   ] GC(950) Metaspace: 35383K(36096K)->35383K(36096K) NonClass: 26174K(26688K)->26174K(26688K) Class: 9209K(9408K)->9209K(9408K)
[349.451s][info][gc             ] GC(950) Pause Young (Allocation Failure) 317M->147M(390M) 15.163ms
[349.451s][info][gc,cpu         ] GC(950) User=0.02s Sys=0.00s Real=0.01s
[349.698s][info][gc,start       ] GC(951) Pause Young (Allocation Failure)
[349.736s][info][gc,heap        ] GC(951) PSYoungGen: 224256K(224256K)->8704K(248832K) Eden: 218112K(218112K)->0K(240128K) From: 6144K(6144K)->8704K(8704K)
[349.736s][info][gc,heap        ] GC(951) ParOldGen: 144632K(175104K)->160608K(175104K)
[349.736s][info][gc,metaspace   ] GC(951) Metaspace: 35383K(36096K)->35383K(36096K) NonClass: 26174K(26688K)->26174K(26688K) Class: 9209K(9408K)->9209K(9408K)
[349.736s][info][gc             ] GC(951) Pause Young (Allocation Failure) 360M->165M(414M) 37.818ms
[349.736s][info][gc,cpu         ] GC(951) User=0.08s Sys=0.00s Real=0.04s
[350.008s][info][gc,start       ] GC(952) Pause Young (Allocation Failure)
[350.060s][info][gc,heap        ] GC(952) PSYoungGen: 248832K(248832K)->16384K(270336K) Eden: 240128K(240128K)->0K(253952K) From: 8704K(8704K)->16384K(16384K)
[350.060s][info][gc,heap        ] GC(952) ParOldGen: 160608K(175104K)->171736K(175104K)
[350.060s][info][gc,metaspace   ] GC(952) Metaspace: 35383K(36096K)->35383K(36096K) NonClass: 26174K(26688K)->26174K(26688K) Class: 9209K(9408K)->9209K(9408K)
[350.060s][info][gc             ] GC(952) Pause Young (Allocation Failure) 399M->183M(435M) 52.269ms
[350.060s][info][gc,cpu         ] GC(952) User=0.09s Sys=0.02s Real=0.05s
[350.156s][info][gc,start       ] GC(953) Pause Young (Allocation Failure)
[350.163s][info][gc,heap        ] GC(953) PSYoungGen: 270336K(270336K)->2464K(278016K) Eden: 253952K(253952K)->0K(253952K) From: 16384K(16384K)->2464K(24064K)
[350.163s][info][gc,heap        ] GC(953) ParOldGen: 171736K(175104K)->172032K(175104K)
[350.163s][info][gc,metaspace   ] GC(953) Metaspace: 35383K(36096K)->35383K(36096K) NonClass: 26174K(26688K)->26174K(26688K) Class: 9209K(9408K)->9209K(9408K)
[350.163s][info][gc             ] GC(953) Pause Young (Allocation Failure) 431M->170M(442M) 7.233ms
[350.163s][info][gc,cpu         ] GC(953) User=0.01s Sys=0.00s Real=0.01s
[350.659s][info][gc,start       ] GC(954) Pause Young (Allocation Failure)
[350.660s][info][gc,heap        ] GC(954) PSYoungGen: 256416K(278016K)->64K(306688K) Eden: 253952K(253952K)->0K(286720K) From: 2464K(24064K)->64K(19968K)
[350.660s][info][gc,heap        ] GC(954) ParOldGen: 172032K(175104K)->172040K(175104K)
[350.660s][info][gc,metaspace   ] GC(954) Metaspace: 35383K(36096K)->35383K(36096K) NonClass: 26174K(26688K)->26174K(26688K) Class: 9209K(9408K)->9209K(9408K)
[350.660s][info][gc             ] GC(954) Pause Young (Allocation Failure) 418M->168M(470M) 1.013ms
[350.660s][info][gc,cpu         ] GC(954) User=0.00s Sys=0.00s Real=0.00s
[351.141s][info][gc,start       ] GC(955) Pause Young (Allocation Failure)
[351.142s][info][gc,heap        ] GC(955) PSYoungGen: 286784K(306688K)->64K(308736K) Eden: 286720K(286720K)->0K(286720K) From: 64K(19968K)->64K(22016K)
[351.142s][info][gc,heap        ] GC(955) ParOldGen: 172040K(175104K)->172048K(175104K)
[351.142s][info][gc,metaspace   ] GC(955) Metaspace: 35383K(36096K)->35383K(36096K) NonClass: 26174K(26688K)->26174K(26688K) Class: 9209K(9408K)->9209K(9408K)
[351.142s][info][gc             ] GC(955) Pause Young (Allocation Failure) 448M->168M(472M) 0.894ms
[351.142s][info][gc,cpu         ] GC(955) User=0.00s Sys=0.00s Real=0.00s
[351.554s][info][gc,start       ] GC(956) Pause Young (Allocation Failure)
[351.555s][info][gc,heap        ] GC(956) PSYoungGen: 286784K(308736K)->64K(309248K) Eden: 286720K(286720K)->0K(290304K) From: 64K(22016K)->64K(18944K)
[351.555s][info][gc,heap        ] GC(956) ParOldGen: 172048K(175104K)->172064K(175104K)
[351.555s][info][gc,metaspace   ] GC(956) Metaspace: 35383K(36096K)->35383K(36096K) NonClass: 26174K(26688K)->26174K(26688K) Class: 9209K(9408K)->9209K(9408K)
[351.555s][info][gc             ] GC(956) Pause Young (Allocation Failure) 448M->168M(473M) 0.871ms
[351.555s][info][gc,cpu         ] GC(956) User=0.00s Sys=0.00s Real=0.00s
[351.762s][info][gc,start       ] GC(957) Pause Young (Allocation Failure)
[351.762s][info][gc,heap        ] GC(957) PSYoungGen: 290368K(309248K)->64K(310784K) Eden: 290304K(290304K)->0K(290304K) From: 64K(18944K)->64K(20480K)
[351.762s][info][gc,heap        ] GC(957) ParOldGen: 172064K(175104K)->172080K(175104K)
[351.762s][info][gc,metaspace   ] GC(957) Metaspace: 35383K(36096K)->35383K(36096K) NonClass: 26174K(26688K)->26174K(26688K) Class: 9209K(9408K)->9209K(9408K)
[351.762s][info][gc             ] GC(957) Pause Young (Allocation Failure) 451M->168M(474M) 0.834ms
[351.762s][info][gc,cpu         ] GC(957) User=0.00s Sys=0.00s Real=0.01s
[352.080s][info][gc,start       ] GC(958) Pause Young (Allocation Failure)
[352.081s][info][gc,heap        ] GC(958) PSYoungGen: 290368K(310784K)->64K(311808K) Eden: 290304K(290304K)->0K(293888K) From: 64K(20480K)->64K(17920K)
[352.081s][info][gc,heap        ] GC(958) ParOldGen: 172080K(175104K)->172080K(175104K)
[352.081s][info][gc,metaspace   ] GC(958) Metaspace: 35383K(36096K)->35383K(36096K) NonClass: 26174K(26688K)->26174K(26688K) Class: 9209K(9408K)->9209K(9408K)
[352.081s][info][gc             ] GC(958) Pause Young (Allocation Failure) 451M->168M(475M) 0.902ms
[352.081s][info][gc,cpu         ] GC(958) User=0.00s Sys=0.00s Real=0.00s
[352.215s][info][gc,start       ] GC(959) Pause Young (Allocation Failure)
[352.216s][info][gc,heap        ] GC(959) PSYoungGen: 293952K(311808K)->64K(312832K) Eden: 293888K(293888K)->0K(293888K) From: 64K(17920K)->64K(18944K)
[352.216s][info][gc,heap        ] GC(959) ParOldGen: 172080K(175104K)->172088K(175104K)
[352.216s][info][gc,metaspace   ] GC(959) Metaspace: 35383K(36096K)->35383K(36096K) NonClass: 26174K(26688K)->26174K(26688K) Class: 9209K(9408K)->9209K(9408K)
[352.216s][info][gc             ] GC(959) Pause Young (Allocation Failure) 455M->168M(476M) 0.888ms
[352.216s][info][gc,cpu         ] GC(959) User=0.00s Sys=0.00s Real=0.00s
[352.266s][info][gc,start       ] GC(960) Pause Young (Allocation Failure)
[352.266s][info][gc,heap        ] GC(960) PSYoungGen: 293952K(312832K)->64K(312832K) Eden: 293888K(293888K)->0K(296960K) From: 64K(18944K)->64K(15872K)
[352.266s][info][gc,heap        ] GC(960) ParOldGen: 172088K(175104K)->172104K(175104K)
[352.267s][info][gc,metaspace   ] GC(960) Metaspace: 35383K(36096K)->35383K(36096K) NonClass: 26174K(26688K)->26174K(26688K) Class: 9209K(9408K)->9209K(9408K)
[352.267s][info][gc             ] GC(960) Pause Young (Allocation Failure) 455M->168M(476M) 0.789ms
[352.267s][info][gc,cpu         ] GC(960) User=0.00s Sys=0.00s Real=0.00s
[352.398s][info][gc,start       ] GC(961) Pause Young (Allocation Failure)
[352.399s][info][gc,heap        ] GC(961) PSYoungGen: 297024K(312832K)->64K(313856K) Eden: 296960K(296960K)->0K(296960K) From: 64K(15872K)->64K(16896K)
[352.399s][info][gc,heap        ] GC(961) ParOldGen: 172104K(175104K)->172104K(175104K)
[352.399s][info][gc,metaspace   ] GC(961) Metaspace: 35383K(36096K)->35383K(36096K) NonClass: 26174K(26688K)->26174K(26688K) Class: 9209K(9408K)->9209K(9408K)
[352.399s][info][gc             ] GC(961) Pause Young (Allocation Failure) 458M->168M(477M) 0.846ms
[352.399s][info][gc,cpu         ] GC(961) User=0.00s Sys=0.00s Real=0.00s
[352.617s][info][gc,start       ] GC(962) Pause Young (Allocation Failure)
[352.618s][info][gc,heap        ] GC(962) PSYoungGen: 297024K(313856K)->64K(314880K) Eden: 296960K(296960K)->0K(301056K) From: 64K(16896K)->64K(13824K)
[352.618s][info][gc,heap        ] GC(962) ParOldGen: 172104K(175104K)->172112K(175104K)
[352.618s][info][gc,metaspace   ] GC(962) Metaspace: 35383K(36096K)->35383K(36096K) NonClass: 26174K(26688K)->26174K(26688K) Class: 9209K(9408K)->9209K(9408K)
[352.618s][info][gc             ] GC(962) Pause Young (Allocation Failure) 458M->168M(478M) 0.797ms
[352.618s][info][gc,cpu         ] GC(962) User=0.00s Sys=0.00s Real=0.00s
[352.769s][info][gc,start       ] GC(963) Pause Young (Allocation Failure)
[352.770s][info][gc,heap        ] GC(963) PSYoungGen: 301120K(314880K)->64K(289280K) Eden: 301056K(301056K)->0K(288768K) From: 64K(13824K)->64K(512K)
[352.770s][info][gc,heap        ] GC(963) ParOldGen: 172112K(175104K)->172120K(175104K)
[352.770s][info][gc,metaspace   ] GC(963) Metaspace: 35383K(36096K)->35383K(36096K) NonClass: 26174K(26688K)->26174K(26688K) Class: 9209K(9408K)->9209K(9408K)
[352.770s][info][gc             ] GC(963) Pause Young (Allocation Failure) 462M->168M(453M) 0.932ms
[352.770s][info][gc,cpu         ] GC(963) User=0.00s Sys=0.00s Real=0.00s
[352.853s][info][gc,start       ] GC(964) Pause Young (Allocation Failure)
[352.854s][info][gc,heap        ] GC(964) PSYoungGen: 288832K(289280K)->64K(278528K) Eden: 288768K(288768K)->0K(277504K) From: 64K(512K)->64K(1024K)
[352.854s][info][gc,heap        ] GC(964) ParOldGen: 172120K(175104K)->172128K(175104K)
[352.854s][info][gc,metaspace   ] GC(964) Metaspace: 35383K(36096K)->35383K(36096K) NonClass: 26174K(26688K)->26174K(26688K) Class: 9209K(9408K)->9209K(9408K)
[352.854s][info][gc             ] GC(964) Pause Young (Allocation Failure) 450M->168M(443M) 0.873ms
[352.854s][info][gc,cpu         ] GC(964) User=0.00s Sys=0.00s Real=0.00s
[353.016s][info][gc,start       ] GC(965) Pause Young (Allocation Failure)
[353.017s][info][gc,heap        ] GC(965) PSYoungGen: 277568K(278528K)->64K(280064K) Eden: 277504K(277504K)->0K(266752K) From: 64K(1024K)->64K(13312K)
[353.017s][info][gc,heap        ] GC(965) ParOldGen: 172128K(175104K)->172136K(175104K)
[353.017s][info][gc,metaspace   ] GC(965) Metaspace: 35383K(36096K)->35383K(36096K) NonClass: 26174K(26688K)->26174K(26688K) Class: 9209K(9408K)->9209K(9408K)
[353.017s][info][gc             ] GC(965) Pause Young (Allocation Failure) 439M->168M(444M) 0.707ms
[353.017s][info][gc,cpu         ] GC(965) User=0.00s Sys=0.00s Real=0.00s
[353.924s][info][gc,start       ] GC(966) Pause Young (Allocation Failure)
[353.926s][info][gc,heap        ] GC(966) PSYoungGen: 266816K(280064K)->64K(257024K) Eden: 266752K(266752K)->0K(256512K) From: 64K(13312K)->64K(512K)
[353.926s][info][gc,heap        ] GC(966) ParOldGen: 172136K(175104K)->172144K(175104K)
[353.926s][info][gc,metaspace   ] GC(966) Metaspace: 35383K(36096K)->35383K(36096K) NonClass: 26174K(26688K)->26174K(26688K) Class: 9209K(9408K)->9209K(9408K)
[353.926s][info][gc             ] GC(966) Pause Young (Allocation Failure) 428M->168M(422M) 1.572ms
[353.926s][info][gc,cpu         ] GC(966) User=0.00s Sys=0.00s Real=0.00s
[354.731s][info][gc,start       ] GC(967) Pause Young (Allocation Failure)
[354.732s][info][gc,heap        ] GC(967) PSYoungGen: 256576K(257024K)->64K(258560K) Eden: 256512K(256512K)->0K(246784K) From: 64K(512K)->64K(11776K)
[354.732s][info][gc,heap        ] GC(967) ParOldGen: 172144K(175104K)->172152K(175104K)
[354.732s][info][gc,metaspace   ] GC(967) Metaspace: 35383K(36096K)->35383K(36096K) NonClass: 26174K(26688K)->26174K(26688K) Class: 9209K(9408K)->9209K(9408K)
[354.732s][info][gc             ] GC(967) Pause Young (Allocation Failure) 418M->168M(423M) 0.892ms
[354.732s][info][gc,cpu         ] GC(967) User=0.00s Sys=0.00s Real=0.01s
[354.938s][info][gc,start       ] GC(968) Pause Young (Allocation Failure)
[354.940s][info][gc,heap        ] GC(968) PSYoungGen: 246848K(258560K)->64K(238080K) Eden: 246784K(246784K)->0K(237568K) From: 64K(11776K)->64K(512K)
[354.940s][info][gc,heap        ] GC(968) ParOldGen: 172152K(175104K)->172168K(175104K)
[354.940s][info][gc,metaspace   ] GC(968) Metaspace: 35383K(36096K)->35383K(36096K) NonClass: 26174K(26688K)->26174K(26688K) Class: 9209K(9408K)->9209K(9408K)
[354.940s][info][gc             ] GC(968) Pause Young (Allocation Failure) 409M->168M(403M) 2.243ms
[354.940s][info][gc,cpu         ] GC(968) User=0.00s Sys=0.00s Real=0.00s
[355.326s][info][gc,start       ] GC(969) Pause Young (Allocation Failure)
[355.327s][info][gc,heap        ] GC(969) PSYoungGen: 237632K(238080K)->64K(238592K) Eden: 237568K(237568K)->0K(228352K) From: 64K(512K)->64K(10240K)
[355.327s][info][gc,heap        ] GC(969) ParOldGen: 172168K(175104K)->172184K(175104K)
[355.327s][info][gc,metaspace   ] GC(969) Metaspace: 35383K(36096K)->35383K(36096K) NonClass: 26174K(26688K)->26174K(26688K) Class: 9209K(9408K)->9209K(9408K)
[355.327s][info][gc             ] GC(969) Pause Young (Allocation Failure) 400M->168M(404M) 1.301ms
[355.327s][info][gc,cpu         ] GC(969) User=0.00s Sys=0.00s Real=0.00s
[356.259s][info][gc,start       ] GC(970) Pause Young (Allocation Failure)
[356.261s][info][gc,heap        ] GC(970) PSYoungGen: 228416K(238592K)->64K(220160K) Eden: 228352K(228352K)->0K(219648K) From: 64K(10240K)->64K(512K)
[356.261s][info][gc,heap        ] GC(970) ParOldGen: 172184K(175104K)->172200K(175104K)
[356.261s][info][gc,metaspace   ] GC(970) Metaspace: 35383K(36096K)->35383K(36096K) NonClass: 26174K(26688K)->26174K(26688K) Class: 9209K(9408K)->9209K(9408K)
[356.261s][info][gc             ] GC(970) Pause Young (Allocation Failure) 391M->168M(386M) 2.157ms
[356.261s][info][gc,cpu         ] GC(970) User=0.00s Sys=0.00s Real=0.00s
[356.617s][info][gc,start       ] GC(971) Pause Young (Allocation Failure)
[356.619s][info][gc,heap        ] GC(971) PSYoungGen: 219712K(220160K)->64K(220160K) Eden: 219648K(219648K)->0K(211456K) From: 64K(512K)->64K(8704K)
[356.619s][info][gc,heap        ] GC(971) ParOldGen: 172200K(175104K)->172216K(175104K)
[356.619s][info][gc,metaspace   ] GC(971) Metaspace: 35383K(36096K)->35383K(36096K) NonClass: 26174K(26688K)->26174K(26688K) Class: 9209K(9408K)->9209K(9408K)
[356.619s][info][gc             ] GC(971) Pause Young (Allocation Failure) 382M->168M(386M) 1.331ms
[356.619s][info][gc,cpu         ] GC(971) User=0.00s Sys=0.00s Real=0.00s
[356.776s][info][gc,start       ] GC(972) Pause Young (Allocation Failure)
[356.778s][info][gc,heap        ] GC(972) PSYoungGen: 211520K(220160K)->64K(204288K) Eden: 211456K(211456K)->0K(203776K) From: 64K(8704K)->64K(512K)
[356.778s][info][gc,heap        ] GC(972) ParOldGen: 172216K(175104K)->172232K(175104K)
[356.778s][info][gc,metaspace   ] GC(972) Metaspace: 35383K(36096K)->35383K(36096K) NonClass: 26174K(26688K)->26174K(26688K) Class: 9209K(9408K)->9209K(9408K)
[356.778s][info][gc             ] GC(972) Pause Young (Allocation Failure) 374M->168M(370M) 2.182ms
[356.778s][info][gc,cpu         ] GC(972) User=0.00s Sys=0.00s Real=0.00s
[356.861s][info][gc,start       ] GC(973) Pause Young (Allocation Failure)
[356.862s][info][gc,heap        ] GC(973) PSYoungGen: 203840K(204288K)->64K(204288K) Eden: 203776K(203776K)->0K(196608K) From: 64K(512K)->64K(7680K)
[356.862s][info][gc,heap        ] GC(973) ParOldGen: 172232K(175104K)->172248K(175104K)
[356.862s][info][gc,metaspace   ] GC(973) Metaspace: 35383K(36096K)->35383K(36096K) NonClass: 26174K(26688K)->26174K(26688K) Class: 9209K(9408K)->9209K(9408K)
[356.862s][info][gc             ] GC(973) Pause Young (Allocation Failure) 367M->168M(370M) 1.184ms
[356.862s][info][gc,cpu         ] GC(973) User=0.01s Sys=0.00s Real=0.01s
[357.348s][info][gc,start       ] GC(974) Pause Young (Allocation Failure)
[357.350s][info][gc,heap        ] GC(974) PSYoungGen: 196672K(204288K)->64K(189952K) Eden: 196608K(196608K)->0K(189440K) From: 64K(7680K)->64K(512K)
[357.350s][info][gc,heap        ] GC(974) ParOldGen: 172248K(175104K)->172264K(175104K)
[357.350s][info][gc,metaspace   ] GC(974) Metaspace: 35383K(36096K)->35383K(36096K) NonClass: 26174K(26688K)->26174K(26688K) Class: 9209K(9408K)->9209K(9408K)
[357.350s][info][gc             ] GC(974) Pause Young (Allocation Failure) 360M->168M(356M) 1.762ms
[357.350s][info][gc,cpu         ] GC(974) User=0.00s Sys=0.00s Real=0.00s
[357.530s][info][gc,start       ] GC(975) Pause Young (Allocation Failure)
[357.531s][info][gc,heap        ] GC(975) PSYoungGen: 189504K(189952K)->32K(189440K) Eden: 189440K(189440K)->0K(182784K) From: 64K(512K)->32K(6656K)
[357.531s][info][gc,heap        ] GC(975) ParOldGen: 172264K(175104K)->172272K(175104K)
[357.531s][info][gc,metaspace   ] GC(975) Metaspace: 35383K(36096K)->35383K(36096K) NonClass: 26174K(26688K)->26174K(26688K) Class: 9209K(9408K)->9209K(9408K)
[357.531s][info][gc             ] GC(975) Pause Young (Allocation Failure) 353M->168M(356M) 1.299ms
[357.531s][info][gc,cpu         ] GC(975) User=0.01s Sys=0.00s Real=0.00s
[357.803s][info][gc,start       ] GC(976) Pause Young (Allocation Failure)
[357.811s][info][gc,heap        ] GC(976) PSYoungGen: 182816K(189440K)->4448K(222208K) Eden: 182784K(182784K)->0K(217600K) From: 32K(6656K)->4448K(4608K)
[357.811s][info][gc,heap        ] GC(976) ParOldGen: 172272K(175104K)->172288K(175104K)
[357.811s][info][gc,metaspace   ] GC(976) Metaspace: 35383K(36096K)->35383K(36096K) NonClass: 26174K(26688K)->26174K(26688K) Class: 9209K(9408K)->9209K(9408K)
[357.811s][info][gc             ] GC(976) Pause Young (Allocation Failure) 346M->172M(388M) 8.183ms
[357.811s][info][gc,cpu         ] GC(976) User=0.02s Sys=0.00s Real=0.00s
[358.063s][info][gc,start       ] GC(977) Pause Young (Allocation Failure)
[358.137s][info][gc,heap        ] GC(977) PSYoungGen: 222048K(222208K)->7168K(249344K) Eden: 217600K(217600K)->0K(242176K) From: 4448K(4608K)->7168K(7168K)
[358.137s][info][gc,heap        ] GC(977) ParOldGen: 172288K(175104K)->189680K(189952K)
[358.137s][info][gc,metaspace   ] GC(977) Metaspace: 35383K(36096K)->35383K(36096K) NonClass: 26174K(26688K)->26174K(26688K) Class: 9209K(9408K)->9209K(9408K)
[358.137s][info][gc             ] GC(977) Pause Young (Allocation Failure) 385M->192M(429M) 74.103ms
[358.137s][info][gc,cpu         ] GC(977) User=0.14s Sys=0.01s Real=0.07s
[358.427s][info][gc,start       ] GC(978) Pause Young (Allocation Failure)
[358.512s][info][gc,heap        ] GC(978) PSYoungGen: 249344K(249344K)->15360K(268800K) Eden: 242176K(242176K)->0K(253440K) From: 7168K(7168K)->15360K(15360K)
[358.512s][info][gc,heap        ] GC(978) ParOldGen: 189680K(189952K)->202104K(202240K)
[358.512s][info][gc,metaspace   ] GC(978) Metaspace: 35383K(36096K)->35383K(36096K) NonClass: 26174K(26688K)->26174K(26688K) Class: 9209K(9408K)->9209K(9408K)
[358.512s][info][gc             ] GC(978) Pause Young (Allocation Failure) 428M->212M(460M) 84.401ms
[358.512s][info][gc,cpu         ] GC(978) User=0.15s Sys=0.01s Real=0.08s
[358.641s][info][gc,start       ] GC(979) Pause Young (Allocation Failure)
[358.663s][info][gc,heap        ] GC(979) PSYoungGen: 268800K(268800K)->6368K(276480K) Eden: 253440K(253440K)->0K(253440K) From: 15360K(15360K)->6368K(23040K)
[358.663s][info][gc,heap        ] GC(979) ParOldGen: 202104K(202240K)->202432K(202752K)
[358.663s][info][gc,metaspace   ] GC(979) Metaspace: 35383K(36096K)->35383K(36096K) NonClass: 26174K(26688K)->26174K(26688K) Class: 9209K(9408K)->9209K(9408K)
[358.663s][info][gc             ] GC(979) Pause Young (Allocation Failure) 459M->203M(468M) 22.084ms
[358.663s][info][gc,cpu         ] GC(979) User=0.04s Sys=0.01s Real=0.03s
[359.099s][info][gc,start       ] GC(980) Pause Young (Allocation Failure)
[359.100s][info][gc,heap        ] GC(980) PSYoungGen: 259808K(276480K)->64K(308224K) Eden: 253440K(253440K)->0K(289280K) From: 6368K(23040K)->64K(18944K)
[359.100s][info][gc,heap        ] GC(980) ParOldGen: 202432K(202752K)->202440K(202752K)
[359.100s][info][gc,metaspace   ] GC(980) Metaspace: 35383K(36096K)->35383K(36096K) NonClass: 26174K(26688K)->26174K(26688K) Class: 9209K(9408K)->9209K(9408K)
[359.100s][info][gc             ] GC(980) Pause Young (Allocation Failure) 451M->197M(499M) 1.145ms
[359.100s][info][gc,cpu         ] GC(980) User=0.00s Sys=0.00s Real=0.00s
[359.649s][info][gc,start       ] GC(981) Pause Young (Allocation Failure)
[359.650s][info][gc,heap        ] GC(981) PSYoungGen: 289344K(308224K)->64K(310272K) Eden: 289280K(289280K)->0K(289280K) From: 64K(18944K)->64K(20992K)
[359.650s][info][gc,heap        ] GC(981) ParOldGen: 202440K(202752K)->202448K(202752K)
[359.650s][info][gc,metaspace   ] GC(981) Metaspace: 35383K(36096K)->35383K(36096K) NonClass: 26174K(26688K)->26174K(26688K) Class: 9209K(9408K)->9209K(9408K)
[359.650s][info][gc             ] GC(981) Pause Young (Allocation Failure) 480M->197M(501M) 1.059ms
[359.650s][info][gc,cpu         ] GC(981) User=0.00s Sys=0.00s Real=0.00s
[360.066s][info][gc,start       ] GC(982) Pause Young (Allocation Failure)
[360.067s][info][gc,heap        ] GC(982) PSYoungGen: 289344K(310272K)->64K(310272K) Eden: 289280K(289280K)->0K(292352K) From: 64K(20992K)->64K(17920K)
[360.067s][info][gc,heap        ] GC(982) ParOldGen: 202448K(202752K)->202464K(202752K)
[360.067s][info][gc,metaspace   ] GC(982) Metaspace: 35383K(36096K)->35383K(36096K) NonClass: 26174K(26688K)->26174K(26688K) Class: 9209K(9408K)->9209K(9408K)
[360.067s][info][gc             ] GC(982) Pause Young (Allocation Failure) 480M->197M(501M) 1.035ms
[360.067s][info][gc,cpu         ] GC(982) User=0.01s Sys=0.00s Real=0.00s
[360.276s][info][gc,start       ] GC(983) Pause Young (Allocation Failure)
[360.277s][info][gc,heap        ] GC(983) PSYoungGen: 292416K(310272K)->64K(311808K) Eden: 292352K(292352K)->0K(292352K) From: 64K(17920K)->64K(19456K)
[360.277s][info][gc,heap        ] GC(983) ParOldGen: 202464K(202752K)->202480K(202752K)
[360.277s][info][gc,metaspace   ] GC(983) Metaspace: 35383K(36096K)->35383K(36096K) NonClass: 26174K(26688K)->26174K(26688K) Class: 9209K(9408K)->9209K(9408K)
[360.277s][info][gc             ] GC(983) Pause Young (Allocation Failure) 483M->197M(502M) 0.920ms
[360.277s][info][gc,cpu         ] GC(983) User=0.00s Sys=0.00s Real=0.00s
[360.588s][info][gc,start       ] GC(984) Pause Young (Allocation Failure)
[360.588s][info][gc,heap        ] GC(984) PSYoungGen: 292416K(311808K)->64K(311808K) Eden: 292352K(292352K)->0K(295424K) From: 64K(19456K)->64K(16384K)
[360.588s][info][gc,heap        ] GC(984) ParOldGen: 202480K(202752K)->202480K(202752K)
[360.588s][info][gc,metaspace   ] GC(984) Metaspace: 35383K(36096K)->35383K(36096K) NonClass: 26174K(26688K)->26174K(26688K) Class: 9209K(9408K)->9209K(9408K)
[360.588s][info][gc             ] GC(984) Pause Young (Allocation Failure) 483M->197M(502M) 0.863ms
[360.588s][info][gc,cpu         ] GC(984) User=0.00s Sys=0.00s Real=0.00s
[360.748s][info][gc,start       ] GC(985) Pause Young (Allocation Failure)
[360.748s][info][gc,heap        ] GC(985) PSYoungGen: 295488K(311808K)->64K(313344K) Eden: 295424K(295424K)->0K(295424K) From: 64K(16384K)->64K(17920K)
[360.748s][info][gc,heap        ] GC(985) ParOldGen: 202480K(202752K)->202488K(202752K)
[360.748s][info][gc,metaspace   ] GC(985) Metaspace: 35383K(36096K)->35383K(36096K) NonClass: 26174K(26688K)->26174K(26688K) Class: 9209K(9408K)->9209K(9408K)
[360.748s][info][gc             ] GC(985) Pause Young (Allocation Failure) 486M->197M(504M) 0.887ms
[360.748s][info][gc,cpu         ] GC(985) User=0.00s Sys=0.00s Real=0.00s
[360.799s][info][gc,start       ] GC(986) Pause Young (Allocation Failure)
[360.800s][info][gc,heap        ] GC(986) PSYoungGen: 295488K(313344K)->32K(313344K) Eden: 295424K(295424K)->0K(298496K) From: 64K(17920K)->32K(14848K)
[360.800s][info][gc,heap        ] GC(986) ParOldGen: 202488K(202752K)->202504K(202752K)
[360.800s][info][gc,metaspace   ] GC(986) Metaspace: 35383K(36096K)->35383K(36096K) NonClass: 26174K(26688K)->26174K(26688K) Class: 9209K(9408K)->9209K(9408K)
[360.800s][info][gc             ] GC(986) Pause Young (Allocation Failure) 486M->197M(504M) 0.793ms
[360.800s][info][gc,cpu         ] GC(986) User=0.00s Sys=0.00s Real=0.00s
[360.920s][info][gc,start       ] GC(987) Pause Young (Allocation Failure)
[360.921s][info][gc,heap        ] GC(987) PSYoungGen: 298528K(313344K)->64K(314880K) Eden: 298496K(298496K)->0K(298496K) From: 32K(14848K)->64K(16384K)
[360.921s][info][gc,heap        ] GC(987) ParOldGen: 202504K(202752K)->202504K(202752K)
[360.921s][info][gc,metaspace   ] GC(987) Metaspace: 35383K(36096K)->35383K(36096K) NonClass: 26174K(26688K)->26174K(26688K) Class: 9209K(9408K)->9209K(9408K)
[360.921s][info][gc             ] GC(987) Pause Young (Allocation Failure) 489M->197M(505M) 0.898ms
[360.921s][info][gc,cpu         ] GC(987) User=0.00s Sys=0.00s Real=0.00s
[361.140s][info][gc,start       ] GC(988) Pause Young (Allocation Failure)
[361.141s][info][gc,heap        ] GC(988) PSYoungGen: 298560K(314880K)->64K(315904K) Eden: 298496K(298496K)->0K(302080K) From: 64K(16384K)->64K(13824K)
[361.141s][info][gc,heap        ] GC(988) ParOldGen: 202504K(202752K)->202512K(202752K)
[361.141s][info][gc,metaspace   ] GC(988) Metaspace: 35383K(36096K)->35383K(36096K) NonClass: 26174K(26688K)->26174K(26688K) Class: 9209K(9408K)->9209K(9408K)
[361.141s][info][gc             ] GC(988) Pause Young (Allocation Failure) 489M->197M(506M) 0.842ms
[361.141s][info][gc,cpu         ] GC(988) User=0.00s Sys=0.00s Real=0.00s
[361.300s][info][gc,start       ] GC(989) Pause Young (Allocation Failure)
[361.301s][info][gc,heap        ] GC(989) PSYoungGen: 302144K(315904K)->64K(316928K) Eden: 302080K(302080K)->0K(302080K) From: 64K(13824K)->64K(14848K)
[361.301s][info][gc,heap        ] GC(989) ParOldGen: 202512K(202752K)->202520K(202752K)
[361.301s][info][gc,metaspace   ] GC(989) Metaspace: 35383K(36096K)->35383K(36096K) NonClass: 26174K(26688K)->26174K(26688K) Class: 9209K(9408K)->9209K(9408K)
[361.301s][info][gc             ] GC(989) Pause Young (Allocation Failure) 492M->197M(507M) 0.967ms
[361.301s][info][gc,cpu         ] GC(989) User=0.00s Sys=0.00s Real=0.00s
[361.386s][info][gc,start       ] GC(990) Pause Young (Allocation Failure)
[361.387s][info][gc,heap        ] GC(990) PSYoungGen: 302144K(316928K)->64K(316928K) Eden: 302080K(302080K)->0K(305152K) From: 64K(14848K)->64K(11776K)
[361.387s][info][gc,heap        ] GC(990) ParOldGen: 202520K(202752K)->202528K(202752K)
[361.387s][info][gc,metaspace   ] GC(990) Metaspace: 35383K(36096K)->35383K(36096K) NonClass: 26174K(26688K)->26174K(26688K) Class: 9209K(9408K)->9209K(9408K)
[361.387s][info][gc             ] GC(990) Pause Young (Allocation Failure) 492M->197M(507M) 0.846ms
[361.387s][info][gc,cpu         ] GC(990) User=0.00s Sys=0.00s Real=0.00s
[361.567s][info][gc,start       ] GC(991) Pause Young (Allocation Failure)
[361.568s][info][gc,heap        ] GC(991) PSYoungGen: 305216K(316928K)->64K(293376K) Eden: 305152K(305152K)->0K(292864K) From: 64K(11776K)->64K(512K)
[361.568s][info][gc,heap        ] GC(991) ParOldGen: 202528K(202752K)->202536K(202752K)
[361.568s][info][gc,metaspace   ] GC(991) Metaspace: 35383K(36096K)->35383K(36096K) NonClass: 26174K(26688K)->26174K(26688K) Class: 9209K(9408K)->9209K(9408K)
[361.568s][info][gc             ] GC(991) Pause Young (Allocation Failure) 495M->197M(484M) 0.921ms
[361.568s][info][gc,cpu         ] GC(991) User=0.00s Sys=0.01s Real=0.00s
[362.468s][info][gc,start       ] GC(992) Pause Young (Allocation Failure)
[362.469s][info][gc,heap        ] GC(992) PSYoungGen: 292928K(293376K)->83K(281600K) Eden: 292864K(292864K)->0K(281088K) From: 64K(512K)->83K(512K)
[362.469s][info][gc,heap        ] GC(992) ParOldGen: 202536K(202752K)->202544K(202752K)
[362.469s][info][gc,metaspace   ] GC(992) Metaspace: 35383K(36096K)->35383K(36096K) NonClass: 26174K(26688K)->26174K(26688K) Class: 9209K(9408K)->9209K(9408K)
[362.469s][info][gc             ] GC(992) Pause Young (Allocation Failure) 483M->197M(473M) 1.049ms
[362.469s][info][gc,cpu         ] GC(992) User=0.00s Sys=0.00s Real=0.00s
[363.303s][info][gc,start       ] GC(993) Pause Young (Allocation Failure)
[363.304s][info][gc,heap        ] GC(993) PSYoungGen: 281171K(281600K)->64K(281088K) Eden: 281088K(281088K)->0K(269824K) From: 83K(512K)->64K(11264K)
[363.304s][info][gc,heap        ] GC(993) ParOldGen: 202544K(202752K)->202552K(202752K)
[363.304s][info][gc,metaspace   ] GC(993) Metaspace: 35383K(36096K)->35383K(36096K) NonClass: 26174K(26688K)->26174K(26688K) Class: 9209K(9408K)->9209K(9408K)
[363.304s][info][gc             ] GC(993) Pause Young (Allocation Failure) 472M->197M(472M) 0.909ms
[363.304s][info][gc,cpu         ] GC(993) User=0.00s Sys=0.00s Real=0.00s
[363.669s][info][gc,start       ] GC(994) Pause Young (Allocation Failure)
[363.670s][info][gc,heap        ] GC(994) PSYoungGen: 269888K(281088K)->64K(259584K) Eden: 269824K(269824K)->0K(259072K) From: 64K(11264K)->64K(512K)
[363.670s][info][gc,heap        ] GC(994) ParOldGen: 202552K(202752K)->202560K(202752K)
[363.670s][info][gc,metaspace   ] GC(994) Metaspace: 35383K(36096K)->35383K(36096K) NonClass: 26174K(26688K)->26174K(26688K) Class: 9209K(9408K)->9209K(9408K)
[363.670s][info][gc             ] GC(994) Pause Young (Allocation Failure) 461M->197M(451M) 1.371ms
[363.670s][info][gc,cpu         ] GC(994) User=0.00s Sys=0.00s Real=0.00s
[364.732s][info][gc,start       ] GC(995) Pause Young (Allocation Failure)
[364.733s][info][gc,heap        ] GC(995) PSYoungGen: 259136K(259584K)->64K(259072K) Eden: 259072K(259072K)->0K(248832K) From: 64K(512K)->64K(10240K)
[364.733s][info][gc,heap        ] GC(995) ParOldGen: 202560K(202752K)->202568K(202752K)
[364.733s][info][gc,metaspace   ] GC(995) Metaspace: 35383K(36096K)->35383K(36096K) NonClass: 26174K(26688K)->26174K(26688K) Class: 9209K(9408K)->9209K(9408K)
[364.733s][info][gc             ] GC(995) Pause Young (Allocation Failure) 450M->197M(451M) 0.848ms
[364.733s][info][gc,cpu         ] GC(995) User=0.00s Sys=0.00s Real=0.01s
[365.120s][info][gc,start       ] GC(996) Pause Young (Allocation Failure)
[365.122s][info][gc,heap        ] GC(996) PSYoungGen: 248896K(259072K)->64K(239616K) Eden: 248832K(248832K)->0K(239104K) From: 64K(10240K)->64K(512K)
[365.122s][info][gc,heap        ] GC(996) ParOldGen: 202568K(202752K)->202576K(202752K)
[365.122s][info][gc,metaspace   ] GC(996) Metaspace: 35383K(36096K)->35383K(36096K) NonClass: 26174K(26688K)->26174K(26688K) Class: 9209K(9408K)->9209K(9408K)
[365.122s][info][gc             ] GC(996) Pause Young (Allocation Failure) 440M->197M(432M) 2.015ms
[365.122s][info][gc,cpu         ] GC(996) User=0.00s Sys=0.00s Real=0.01s
[365.323s][info][gc,start       ] GC(997) Pause Young (Allocation Failure)
[365.325s][info][gc,heap        ] GC(997) PSYoungGen: 239168K(239616K)->64K(238592K) Eden: 239104K(239104K)->0K(229888K) From: 64K(512K)->64K(8704K)
[365.325s][info][gc,heap        ] GC(997) ParOldGen: 202576K(202752K)->202584K(202752K)
[365.325s][info][gc,metaspace   ] GC(997) Metaspace: 35383K(36096K)->35383K(36096K) NonClass: 26174K(26688K)->26174K(26688K) Class: 9209K(9408K)->9209K(9408K)
[365.325s][info][gc             ] GC(997) Pause Young (Allocation Failure) 431M->197M(431M) 1.335ms
[365.325s][info][gc,cpu         ] GC(997) User=0.00s Sys=0.00s Real=0.00s
[365.402s][info][gc,start       ] GC(998) Pause Young (Allocation Failure)
[365.404s][info][gc,heap        ] GC(998) PSYoungGen: 229952K(238592K)->64K(221696K) Eden: 229888K(229888K)->0K(221184K) From: 64K(8704K)->64K(512K)
[365.404s][info][gc,heap        ] GC(998) ParOldGen: 202584K(202752K)->202600K(202752K)
[365.404s][info][gc,metaspace   ] GC(998) Metaspace: 35383K(36096K)->35383K(36096K) NonClass: 26174K(26688K)->26174K(26688K) Class: 9209K(9408K)->9209K(9408K)
[365.404s][info][gc             ] GC(998) Pause Young (Allocation Failure) 422M->197M(414M) 1.993ms
[365.404s][info][gc,cpu         ] GC(998) User=0.00s Sys=0.00s Real=0.00s
[365.899s][info][gc,start       ] GC(999) Pause Young (Allocation Failure)
[365.901s][info][gc,heap        ] GC(999) PSYoungGen: 221248K(221696K)->64K(220672K) Eden: 221184K(221184K)->0K(212992K) From: 64K(512K)->64K(7680K)
[365.901s][info][gc,heap        ] GC(999) ParOldGen: 202600K(202752K)->202616K(202752K)
[365.901s][info][gc,metaspace   ] GC(999) Metaspace: 35383K(36096K)->35383K(36096K) NonClass: 26174K(26688K)->26174K(26688K) Class: 9209K(9408K)->9209K(9408K)
[365.901s][info][gc             ] GC(999) Pause Young (Allocation Failure) 413M->197M(413M) 1.334ms
[365.901s][info][gc,cpu         ] GC(999) User=0.01s Sys=0.00s Real=0.00s
[366.120s][info][gc,start       ] GC(1000) Pause Young (Allocation Failure)
[366.123s][info][gc,heap        ] GC(1000) PSYoungGen: 213056K(220672K)->32K(205824K) Eden: 212992K(212992K)->0K(205312K) From: 64K(7680K)->32K(512K)
[366.123s][info][gc,heap        ] GC(1000) ParOldGen: 202616K(202752K)->202624K(202752K)
[366.123s][info][gc,metaspace   ] GC(1000) Metaspace: 35383K(36096K)->35383K(36096K) NonClass: 26174K(26688K)->26174K(26688K) Class: 9209K(9408K)->9209K(9408K)
[366.123s][info][gc             ] GC(1000) Pause Young (Allocation Failure) 405M->197M(399M) 3.434ms
[366.123s][info][gc,cpu         ] GC(1000) User=0.00s Sys=0.00s Real=0.01s
[366.419s][info][gc,start       ] GC(1001) Pause Young (Allocation Failure)
[366.449s][info][gc,heap        ] GC(1001) PSYoungGen: 205344K(205824K)->6656K(252416K) Eden: 205312K(205312K)->0K(245760K) From: 32K(512K)->6656K(6656K)
[366.449s][info][gc,heap        ] GC(1001) ParOldGen: 202624K(202752K)->205128K(205312K)
[366.449s][info][gc,metaspace   ] GC(1001) Metaspace: 35383K(36096K)->35383K(36096K) NonClass: 26174K(26688K)->26174K(26688K) Class: 9209K(9408K)->9209K(9408K)
[366.449s][info][gc             ] GC(1001) Pause Young (Allocation Failure) 398M->206M(447M) 29.962ms
[366.449s][info][gc,cpu         ] GC(1001) User=0.05s Sys=0.01s Real=0.03s
[366.734s][info][gc,start       ] GC(1002) Pause Young (Allocation Failure)
[366.819s][info][gc,heap        ] GC(1002) PSYoungGen: 252416K(252416K)->6656K(256000K) Eden: 245760K(245760K)->0K(249344K) From: 6656K(6656K)->6656K(6656K)
[366.819s][info][gc,heap        ] GC(1002) ParOldGen: 205128K(205312K)->226272K(226304K)
[366.819s][info][gc,metaspace   ] GC(1002) Metaspace: 35383K(36096K)->35383K(36096K) NonClass: 26174K(26688K)->26174K(26688K) Class: 9209K(9408K)->9209K(9408K)
[366.819s][info][gc             ] GC(1002) Pause Young (Allocation Failure) 446M->227M(471M) 84.296ms
[366.819s][info][gc,cpu         ] GC(1002) User=0.15s Sys=0.01s Real=0.08s
[367.099s][info][gc,start       ] GC(1003) Pause Young (Allocation Failure)
[367.188s][info][gc,heap        ] GC(1003) PSYoungGen: 256000K(256000K)->18432K(267776K) Eden: 249344K(249344K)->0K(249344K) From: 6656K(6656K)->18432K(18432K)
[367.188s][info][gc,heap        ] GC(1003) ParOldGen: 226272K(226304K)->234160K(234496K)
[367.188s][info][gc,metaspace   ] GC(1003) Metaspace: 35383K(36096K)->35383K(36096K) NonClass: 26174K(26688K)->26174K(26688K) Class: 9209K(9408K)->9209K(9408K)
[367.188s][info][gc             ] GC(1003) Pause Young (Allocation Failure) 470M->246M(490M) 88.555ms
[367.188s][info][gc,cpu         ] GC(1003) User=0.16s Sys=0.01s Real=0.09s
[367.278s][info][gc,start       ] GC(1004) Pause Young (Allocation Failure)
[367.281s][info][gc,heap        ] GC(1004) PSYoungGen: 267776K(267776K)->64K(309760K) Eden: 249344K(249344K)->0K(284672K) From: 18432K(18432K)->64K(25088K)
[367.281s][info][gc,heap        ] GC(1004) ParOldGen: 234160K(234496K)->234368K(234496K)
[367.281s][info][gc,metaspace   ] GC(1004) Metaspace: 35383K(36096K)->35383K(36096K) NonClass: 26174K(26688K)->26174K(26688K) Class: 9209K(9408K)->9209K(9408K)
[367.281s][info][gc             ] GC(1004) Pause Young (Allocation Failure) 490M->228M(531M) 3.249ms
[367.281s][info][gc,cpu         ] GC(1004) User=0.01s Sys=0.00s Real=0.00s
[367.926s][info][gc,start       ] GC(1005) Pause Young (Allocation Failure)
[367.927s][info][gc,heap        ] GC(1005) PSYoungGen: 284736K(309760K)->64K(285184K) Eden: 284672K(284672K)->0K(284672K) From: 64K(25088K)->64K(512K)
[367.927s][info][gc,heap        ] GC(1005) ParOldGen: 234368K(234496K)->234376K(234496K)
[367.927s][info][gc,metaspace   ] GC(1005) Metaspace: 35383K(36096K)->35383K(36096K) NonClass: 26174K(26688K)->26174K(26688K) Class: 9209K(9408K)->9209K(9408K)
[367.927s][info][gc             ] GC(1005) Pause Young (Allocation Failure) 506M->228M(507M) 1.184ms
[367.927s][info][gc,cpu         ] GC(1005) User=0.00s Sys=0.00s Real=0.00s
[368.290s][info][gc,start       ] GC(1006) Pause Young (Allocation Failure)
[368.291s][info][gc,heap        ] GC(1006) PSYoungGen: 284736K(285184K)->64K(309248K) Eden: 284672K(284672K)->0K(285696K) From: 64K(512K)->64K(23552K)
[368.291s][info][gc,heap        ] GC(1006) ParOldGen: 234376K(234496K)->234384K(234496K)
[368.291s][info][gc,metaspace   ] GC(1006) Metaspace: 35383K(36096K)->35383K(36096K) NonClass: 26174K(26688K)->26174K(26688K) Class: 9209K(9408K)->9209K(9408K)
[368.291s][info][gc             ] GC(1006) Pause Young (Allocation Failure) 506M->228M(531M) 1.128ms
[368.291s][info][gc,cpu         ] GC(1006) User=0.00s Sys=0.00s Real=0.00s
[368.695s][info][gc,start       ] GC(1007) Pause Young (Allocation Failure)
[368.696s][info][gc,heap        ] GC(1007) PSYoungGen: 285760K(309248K)->64K(308224K) Eden: 285696K(285696K)->0K(285696K) From: 64K(23552K)->64K(22528K)
[368.696s][info][gc,heap        ] GC(1007) ParOldGen: 234384K(234496K)->234400K(234496K)
[368.696s][info][gc,metaspace   ] GC(1007) Metaspace: 35383K(36096K)->35383K(36096K) NonClass: 26174K(26688K)->26174K(26688K) Class: 9209K(9408K)->9209K(9408K)
[368.696s][info][gc             ] GC(1007) Pause Young (Allocation Failure) 507M->228M(530M) 1.099ms
[368.696s][info][gc,cpu         ] GC(1007) User=0.00s Sys=0.00s Real=0.00s
[368.901s][info][gc,start       ] GC(1008) Pause Young (Allocation Failure)
[368.902s][info][gc,heap        ] GC(1008) PSYoungGen: 285760K(308224K)->64K(310272K) Eden: 285696K(285696K)->0K(288768K) From: 64K(22528K)->64K(21504K)
[368.902s][info][gc,heap        ] GC(1008) ParOldGen: 234400K(234496K)->234416K(234496K)
[368.902s][info][gc,metaspace   ] GC(1008) Metaspace: 35383K(36096K)->35383K(36096K) NonClass: 26174K(26688K)->26174K(26688K) Class: 9209K(9408K)->9209K(9408K)
[368.902s][info][gc             ] GC(1008) Pause Young (Allocation Failure) 507M->228M(532M) 1.028ms
[368.902s][info][gc,cpu         ] GC(1008) User=0.00s Sys=0.00s Real=0.00s
[369.240s][info][gc,start       ] GC(1009) Pause Young (Allocation Failure)
[369.241s][info][gc,heap        ] GC(1009) PSYoungGen: 288832K(310272K)->64K(309248K) Eden: 288768K(288768K)->0K(288768K) From: 64K(21504K)->64K(20480K)
[369.241s][info][gc,heap        ] GC(1009) ParOldGen: 234416K(234496K)->234416K(234496K)
[369.241s][info][gc,metaspace   ] GC(1009) Metaspace: 35383K(36096K)->35383K(36096K) NonClass: 26174K(26688K)->26174K(26688K) Class: 9209K(9408K)->9209K(9408K)
[369.241s][info][gc             ] GC(1009) Pause Young (Allocation Failure) 510M->228M(531M) 1.014ms
[369.241s][info][gc,cpu         ] GC(1009) User=0.00s Sys=0.00s Real=0.00s
[369.322s][info][gc,start       ] GC(1010) Pause Young (Allocation Failure)
[369.323s][info][gc,heap        ] GC(1010) PSYoungGen: 288832K(309248K)->64K(312320K) Eden: 288768K(288768K)->0K(292864K) From: 64K(20480K)->64K(19456K)
[369.323s][info][gc,heap        ] GC(1010) ParOldGen: 234416K(234496K)->234424K(234496K)
[369.323s][info][gc,metaspace   ] GC(1010) Metaspace: 35383K(36096K)->35383K(36096K) NonClass: 26174K(26688K)->26174K(26688K) Class: 9209K(9408K)->9209K(9408K)
[369.323s][info][gc             ] GC(1010) Pause Young (Allocation Failure) 510M->228M(534M) 0.944ms
[369.323s][info][gc,cpu         ] GC(1010) User=0.00s Sys=0.00s Real=0.00s
[369.377s][info][gc,start       ] GC(1011) Pause Young (Allocation Failure)
[369.378s][info][gc,heap        ] GC(1011) PSYoungGen: 292928K(312320K)->64K(311296K) Eden: 292864K(292864K)->0K(292864K) From: 64K(19456K)->64K(18432K)
[369.378s][info][gc,heap        ] GC(1011) ParOldGen: 234424K(234496K)->234440K(234496K)
[369.378s][info][gc,metaspace   ] GC(1011) Metaspace: 35383K(36096K)->35383K(36096K) NonClass: 26174K(26688K)->26174K(26688K) Class: 9209K(9408K)->9209K(9408K)
[369.378s][info][gc             ] GC(1011) Pause Young (Allocation Failure) 514M->229M(533M) 0.877ms
[369.378s][info][gc,cpu         ] GC(1011) User=0.00s Sys=0.00s Real=0.00s
[369.534s][info][gc,start       ] GC(1012) Pause Young (Allocation Failure)
[369.535s][info][gc,heap        ] GC(1012) PSYoungGen: 292928K(311296K)->64K(314368K) Eden: 292864K(292864K)->0K(296960K) From: 64K(18432K)->64K(17408K)
[369.535s][info][gc,heap        ] GC(1012) ParOldGen: 234440K(234496K)->234440K(234496K)
[369.535s][info][gc,metaspace   ] GC(1012) Metaspace: 35383K(36096K)->35383K(36096K) NonClass: 26174K(26688K)->26174K(26688K) Class: 9209K(9408K)->9209K(9408K)
[369.535s][info][gc             ] GC(1012) Pause Young (Allocation Failure) 515M->229M(536M) 1.002ms
[369.535s][info][gc,cpu         ] GC(1012) User=0.00s Sys=0.00s Real=0.00s
[369.756s][info][gc,start       ] GC(1013) Pause Young (Allocation Failure)
[369.757s][info][gc,heap        ] GC(1013) PSYoungGen: 297024K(314368K)->64K(313344K) Eden: 296960K(296960K)->0K(296960K) From: 64K(17408K)->64K(16384K)
[369.757s][info][gc,heap        ] GC(1013) ParOldGen: 234440K(234496K)->234448K(234496K)
[369.757s][info][gc,metaspace   ] GC(1013) Metaspace: 35383K(36096K)->35383K(36096K) NonClass: 26174K(26688K)->26174K(26688K) Class: 9209K(9408K)->9209K(9408K)
[369.757s][info][gc             ] GC(1013) Pause Young (Allocation Failure) 519M->229M(535M) 1.082ms
[369.757s][info][gc,cpu         ] GC(1013) User=0.01s Sys=0.00s Real=0.00s
[369.884s][info][gc,start       ] GC(1014) Pause Young (Allocation Failure)
[369.885s][info][gc,heap        ] GC(1014) PSYoungGen: 297024K(313344K)->64K(315904K) Eden: 296960K(296960K)->0K(300544K) From: 64K(16384K)->64K(15360K)
[369.885s][info][gc,heap        ] GC(1014) ParOldGen: 234448K(234496K)->234456K(234496K)
[369.885s][info][gc,metaspace   ] GC(1014) Metaspace: 35383K(36096K)->35383K(36096K) NonClass: 26174K(26688K)->26174K(26688K) Class: 9209K(9408K)->9209K(9408K)
[369.885s][info][gc             ] GC(1014) Pause Young (Allocation Failure) 519M->229M(537M) 1.095ms
[369.885s][info][gc,cpu         ] GC(1014) User=0.00s Sys=0.00s Real=0.00s
[369.990s][info][gc,start       ] GC(1015) Pause Young (Allocation Failure)
[369.991s][info][gc,heap        ] GC(1015) PSYoungGen: 300608K(315904K)->64K(315392K) Eden: 300544K(300544K)->0K(300544K) From: 64K(15360K)->64K(14848K)
[369.991s][info][gc,heap        ] GC(1015) ParOldGen: 234456K(234496K)->234464K(234496K)
[369.991s][info][gc,metaspace   ] GC(1015) Metaspace: 35383K(36096K)->35383K(36096K) NonClass: 26174K(26688K)->26174K(26688K) Class: 9209K(9408K)->9209K(9408K)
[369.991s][info][gc             ] GC(1015) Pause Young (Allocation Failure) 522M->229M(537M) 1.021ms
[369.991s][info][gc,cpu         ] GC(1015) User=0.00s Sys=0.00s Real=0.00s
[370.244s][info][gc,start       ] GC(1016) Pause Young (Allocation Failure)
[370.245s][info][gc,heap        ] GC(1016) PSYoungGen: 300608K(315392K)->64K(289280K) Eden: 300544K(300544K)->0K(288768K) From: 64K(14848K)->64K(512K)
[370.245s][info][gc,heap        ] GC(1016) ParOldGen: 234464K(234496K)->234472K(234496K)
[370.245s][info][gc,metaspace   ] GC(1016) Metaspace: 35383K(36096K)->35383K(36096K) NonClass: 26174K(26688K)->26174K(26688K) Class: 9209K(9408K)->9209K(9408K)
[370.245s][info][gc             ] GC(1016) Pause Young (Allocation Failure) 522M->229M(511M) 0.979ms
[370.245s][info][gc,cpu         ] GC(1016) User=0.00s Sys=0.00s Real=0.00s
[371.051s][info][gc,start       ] GC(1017) Pause Young (Allocation Failure)
[371.052s][info][gc,heap        ] GC(1017) PSYoungGen: 288832K(289280K)->64K(290304K) Eden: 288768K(288768K)->0K(277504K) From: 64K(512K)->64K(12800K)
[371.052s][info][gc,heap        ] GC(1017) ParOldGen: 234472K(234496K)->234480K(234496K)
[371.052s][info][gc,metaspace   ] GC(1017) Metaspace: 35383K(36096K)->35383K(36096K) NonClass: 26174K(26688K)->26174K(26688K) Class: 9209K(9408K)->9209K(9408K)
[371.052s][info][gc             ] GC(1017) Pause Young (Allocation Failure) 511M->229M(512M) 0.937ms
[371.052s][info][gc,cpu         ] GC(1017) User=0.01s Sys=0.00s Real=0.00s
[371.925s][info][gc,start       ] GC(1018) Pause Young (Allocation Failure)
[371.926s][info][gc,heap        ] GC(1018) PSYoungGen: 277568K(290304K)->64K(267264K) Eden: 277504K(277504K)->0K(266752K) From: 64K(12800K)->64K(512K)
[371.926s][info][gc,heap        ] GC(1018) ParOldGen: 234480K(234496K)->234488K(234496K)
[371.926s][info][gc,metaspace   ] GC(1018) Metaspace: 35383K(36096K)->35383K(36096K) NonClass: 26174K(26688K)->26174K(26688K) Class: 9209K(9408K)->9209K(9408K)
[371.926s][info][gc             ] GC(1018) Pause Young (Allocation Failure) 500M->229M(490M) 1.082ms
[371.926s][info][gc,cpu         ] GC(1018) User=0.01s Sys=0.00s Real=0.00s
[372.328s][info][gc,start       ] GC(1019) Pause Young (Allocation Failure)
[372.329s][info][gc,heap        ] GC(1019) PSYoungGen: 266816K(267264K)->64K(267776K) Eden: 266752K(266752K)->0K(256512K) From: 64K(512K)->64K(11264K)
[372.329s][info][gc,heap        ] GC(1019) ParOldGen: 234488K(234496K)->234496K(235008K)
[372.329s][info][gc,metaspace   ] GC(1019) Metaspace: 35383K(36096K)->35383K(36096K) NonClass: 26174K(26688K)->26174K(26688K) Class: 9209K(9408K)->9209K(9408K)
[372.329s][info][gc             ] GC(1019) Pause Young (Allocation Failure) 489M->229M(491M) 0.929ms
[372.329s][info][gc,cpu         ] GC(1019) User=0.00s Sys=0.00s Real=0.00s
[373.321s][info][gc,start       ] GC(1020) Pause Young (Allocation Failure)
[373.322s][info][gc,heap        ] GC(1020) PSYoungGen: 256576K(267776K)->64K(247296K) Eden: 256512K(256512K)->0K(246784K) From: 64K(11264K)->64K(512K)
[373.322s][info][gc,heap        ] GC(1020) ParOldGen: 234496K(235008K)->234504K(235008K)
[373.322s][info][gc,metaspace   ] GC(1020) Metaspace: 35383K(36096K)->35383K(36096K) NonClass: 26174K(26688K)->26174K(26688K) Class: 9209K(9408K)->9209K(9408K)
[373.322s][info][gc             ] GC(1020) Pause Young (Allocation Failure) 479M->229M(471M) 1.419ms
[373.322s][info][gc,cpu         ] GC(1020) User=0.00s Sys=0.00s Real=0.01s
[373.711s][info][gc,start       ] GC(1021) Pause Young (Allocation Failure)
[373.713s][info][gc,heap        ] GC(1021) PSYoungGen: 246848K(247296K)->64K(247296K) Eden: 246784K(246784K)->0K(237568K) From: 64K(512K)->64K(9728K)
[373.713s][info][gc,heap        ] GC(1021) ParOldGen: 234504K(235008K)->234512K(235008K)
[373.713s][info][gc,metaspace   ] GC(1021) Metaspace: 35383K(36096K)->35383K(36096K) NonClass: 26174K(26688K)->26174K(26688K) Class: 9209K(9408K)->9209K(9408K)
[373.713s][info][gc             ] GC(1021) Pause Young (Allocation Failure) 470M->229M(471M) 1.677ms
[373.713s][info][gc,cpu         ] GC(1021) User=0.00s Sys=0.00s Real=0.01s
[373.896s][info][gc,start       ] GC(1022) Pause Young (Allocation Failure)
[373.898s][info][gc,heap        ] GC(1022) PSYoungGen: 237632K(247296K)->64K(228864K) Eden: 237568K(237568K)->0K(228352K) From: 64K(9728K)->64K(512K)
[373.898s][info][gc,heap        ] GC(1022) ParOldGen: 234512K(235008K)->234520K(235008K)
[373.898s][info][gc,metaspace   ] GC(1022) Metaspace: 35383K(36096K)->35383K(36096K) NonClass: 26174K(26688K)->26174K(26688K) Class: 9209K(9408K)->9209K(9408K)
[373.898s][info][gc             ] GC(1022) Pause Young (Allocation Failure) 461M->229M(453M) 2.219ms
[373.898s][info][gc,cpu         ] GC(1022) User=0.00s Sys=0.00s Real=0.00s
[373.993s][info][gc,start       ] GC(1023) Pause Young (Allocation Failure)
[373.994s][info][gc,heap        ] GC(1023) PSYoungGen: 228416K(228864K)->64K(228352K) Eden: 228352K(228352K)->0K(219648K) From: 64K(512K)->64K(8704K)
[373.994s][info][gc,heap        ] GC(1023) ParOldGen: 234520K(235008K)->234536K(235008K)
[373.994s][info][gc,metaspace   ] GC(1023) Metaspace: 35383K(36096K)->35383K(36096K) NonClass: 26174K(26688K)->26174K(26688K) Class: 9209K(9408K)->9209K(9408K)
[373.994s][info][gc             ] GC(1023) Pause Young (Allocation Failure) 452M->229M(452M) 1.473ms
[373.994s][info][gc,cpu         ] GC(1023) User=0.00s Sys=0.00s Real=0.00s
[374.576s][info][gc,start       ] GC(1024) Pause Young (Allocation Failure)
[374.579s][info][gc,heap        ] GC(1024) PSYoungGen: 219712K(228352K)->64K(211968K) Eden: 219648K(219648K)->0K(211456K) From: 64K(8704K)->64K(512K)
[374.579s][info][gc,heap        ] GC(1024) ParOldGen: 234536K(235008K)->234544K(235008K)
[374.579s][info][gc,metaspace   ] GC(1024) Metaspace: 35383K(36096K)->35383K(36096K) NonClass: 26174K(26688K)->26174K(26688K) Class: 9209K(9408K)->9209K(9408K)
[374.579s][info][gc             ] GC(1024) Pause Young (Allocation Failure) 443M->229M(436M) 2.771ms
[374.579s][info][gc,cpu         ] GC(1024) User=0.00s Sys=0.00s Real=0.00s
[374.749s][info][gc,start       ] GC(1025) Pause Young (Allocation Failure)
[374.750s][info][gc,heap        ] GC(1025) PSYoungGen: 211520K(211968K)->64K(210944K) Eden: 211456K(211456K)->0K(203776K) From: 64K(512K)->64K(7168K)
[374.750s][info][gc,heap        ] GC(1025) ParOldGen: 234544K(235008K)->234552K(235008K)
[374.750s][info][gc,metaspace   ] GC(1025) Metaspace: 35383K(36096K)->35383K(36096K) NonClass: 26174K(26688K)->26174K(26688K) Class: 9209K(9408K)->9209K(9408K)
[374.750s][info][gc             ] GC(1025) Pause Young (Allocation Failure) 435M->229M(435M) 1.304ms
[374.750s][info][gc,cpu         ] GC(1025) User=0.00s Sys=0.00s Real=0.00s
[375.027s][info][gc,start       ] GC(1026) Pause Young (Allocation Failure)
[375.051s][info][gc,heap        ] GC(1026) PSYoungGen: 203840K(210944K)->6656K(250368K) Eden: 203776K(203776K)->0K(243712K) From: 64K(7168K)->6656K(6656K)
[375.051s][info][gc,heap        ] GC(1026) ParOldGen: 234552K(235008K)->241040K(241152K)
[375.051s][info][gc,metaspace   ] GC(1026) Metaspace: 35383K(36096K)->35383K(36096K) NonClass: 26174K(26688K)->26174K(26688K) Class: 9209K(9408K)->9209K(9408K)
[375.051s][info][gc             ] GC(1026) Pause Young (Allocation Failure) 428M->241M(480M) 24.068ms
[375.051s][info][gc,cpu         ] GC(1026) User=0.04s Sys=0.01s Real=0.02s
[375.333s][info][gc,start       ] GC(1027) Pause Young (Allocation Failure)
[375.386s][info][gc,heap        ] GC(1027) PSYoungGen: 250368K(250368K)->10752K(269312K) Eden: 243712K(243712K)->0K(258560K) From: 6656K(6656K)->10752K(10752K)
[375.386s][info][gc,heap        ] GC(1027) ParOldGen: 241040K(241152K)->257960K(258048K)
[375.386s][info][gc,metaspace   ] GC(1027) Metaspace: 35383K(36096K)->35383K(36096K) NonClass: 26174K(26688K)->26174K(26688K) Class: 9209K(9408K)->9209K(9408K)
[375.386s][info][gc             ] GC(1027) Pause Young (Allocation Failure) 479M->262M(515M) 53.821ms
[375.386s][info][gc,cpu         ] GC(1027) User=0.10s Sys=0.00s Real=0.05s
[375.626s][info][gc,start       ] GC(1028) Pause Young (Allocation Failure)
[375.674s][info][gc,heap        ] GC(1028) PSYoungGen: 269312K(269312K)->19456K(304128K) Eden: 258560K(258560K)->0K(284672K) From: 10752K(10752K)->19456K(19456K)
[375.674s][info][gc,heap        ] GC(1028) ParOldGen: 257960K(258048K)->260944K(261120K)
[375.674s][info][gc,metaspace   ] GC(1028) Metaspace: 35383K(36096K)->35383K(36096K) NonClass: 26174K(26688K)->26174K(26688K) Class: 9209K(9408K)->9209K(9408K)
[375.674s][info][gc             ] GC(1028) Pause Young (Allocation Failure) 514M->273M(552M) 48.009ms
[375.674s][info][gc,cpu         ] GC(1028) User=0.08s Sys=0.02s Real=0.05s
[375.903s][info][gc,start       ] GC(1029) Pause Young (Allocation Failure)
[375.905s][info][gc,heap        ] GC(1029) PSYoungGen: 304128K(304128K)->64K(309248K) Eden: 284672K(284672K)->0K(284672K) From: 19456K(19456K)->64K(24576K)
[375.905s][info][gc,heap        ] GC(1029) ParOldGen: 260944K(261120K)->261024K(261120K)
[375.905s][info][gc,metaspace   ] GC(1029) Metaspace: 35383K(36096K)->35383K(36096K) NonClass: 26174K(26688K)->26174K(26688K) Class: 9209K(9408K)->9209K(9408K)
[375.905s][info][gc             ] GC(1029) Pause Young (Allocation Failure) 551M->254M(557M) 2.006ms
[375.905s][info][gc,cpu         ] GC(1029) User=0.00s Sys=0.00s Real=0.00s
[376.558s][info][gc,start       ] GC(1030) Pause Young (Allocation Failure)
[376.559s][info][gc,heap        ] GC(1030) PSYoungGen: 284736K(309248K)->64K(306688K) Eden: 284672K(284672K)->0K(285184K) From: 64K(24576K)->64K(21504K)
[376.559s][info][gc,heap        ] GC(1030) ParOldGen: 261024K(261120K)->261032K(261120K)
[376.559s][info][gc,metaspace   ] GC(1030) Metaspace: 35383K(36096K)->35383K(36096K) NonClass: 26174K(26688K)->26174K(26688K) Class: 9209K(9408K)->9209K(9408K)
[376.559s][info][gc             ] GC(1030) Pause Young (Allocation Failure) 532M->254M(554M) 1.081ms
[376.559s][info][gc,cpu         ] GC(1030) User=0.00s Sys=0.00s Real=0.00s
[377.019s][info][gc,start       ] GC(1031) Pause Young (Allocation Failure)
[377.020s][info][gc,heap        ] GC(1031) PSYoungGen: 285248K(306688K)->64K(308224K) Eden: 285184K(285184K)->0K(285184K) From: 64K(21504K)->64K(23040K)
[377.020s][info][gc,heap        ] GC(1031) ParOldGen: 261032K(261120K)->261048K(261120K)
[377.020s][info][gc,metaspace   ] GC(1031) Metaspace: 35383K(36096K)->35383K(36096K) NonClass: 26174K(26688K)->26174K(26688K) Class: 9209K(9408K)->9209K(9408K)
[377.020s][info][gc             ] GC(1031) Pause Young (Allocation Failure) 533M->254M(556M) 1.186ms
[377.020s][info][gc,cpu         ] GC(1031) User=0.00s Sys=0.00s Real=0.00s
[377.225s][info][gc,start       ] GC(1032) Pause Young (Allocation Failure)
[377.226s][info][gc,heap        ] GC(1032) PSYoungGen: 285248K(308224K)->64K(308224K) Eden: 285184K(285184K)->0K(288768K) From: 64K(23040K)->64K(19456K)
[377.226s][info][gc,heap        ] GC(1032) ParOldGen: 261048K(261120K)->261064K(261120K)
[377.226s][info][gc,metaspace   ] GC(1032) Metaspace: 35383K(36096K)->35383K(36096K) NonClass: 26174K(26688K)->26174K(26688K) Class: 9209K(9408K)->9209K(9408K)
[377.226s][info][gc             ] GC(1032) Pause Young (Allocation Failure) 533M->255M(556M) 1.051ms
[377.226s][info][gc,cpu         ] GC(1032) User=0.00s Sys=0.00s Real=0.00s
[377.436s][info][gc,start       ] GC(1033) Pause Young (Allocation Failure)
[377.437s][info][gc,heap        ] GC(1033) PSYoungGen: 288832K(308224K)->64K(309760K) Eden: 288768K(288768K)->0K(288768K) From: 64K(19456K)->64K(20992K)
[377.437s][info][gc,heap        ] GC(1033) ParOldGen: 261064K(261120K)->261064K(261120K)
[377.437s][info][gc,metaspace   ] GC(1033) Metaspace: 35383K(36096K)->35383K(36096K) NonClass: 26174K(26688K)->26174K(26688K) Class: 9209K(9408K)->9209K(9408K)
[377.437s][info][gc             ] GC(1033) Pause Young (Allocation Failure) 537M->255M(557M) 1.016ms
[377.437s][info][gc,cpu         ] GC(1033) User=0.01s Sys=0.00s Real=0.00s
[377.762s][info][gc,start       ] GC(1034) Pause Young (Allocation Failure)
[377.763s][info][gc,heap        ] GC(1034) PSYoungGen: 288832K(309760K)->64K(310272K) Eden: 288768K(288768K)->0K(292352K) From: 64K(20992K)->64K(17920K)
[377.763s][info][gc,heap        ] GC(1034) ParOldGen: 261064K(261120K)->261072K(261120K)
[377.763s][info][gc,metaspace   ] GC(1034) Metaspace: 35383K(36096K)->35383K(36096K) NonClass: 26174K(26688K)->26174K(26688K) Class: 9209K(9408K)->9209K(9408K)
[377.763s][info][gc             ] GC(1034) Pause Young (Allocation Failure) 537M->255M(558M) 0.965ms
[377.763s][info][gc,cpu         ] GC(1034) User=0.00s Sys=0.00s Real=0.01s
[377.815s][info][gc,start       ] GC(1035) Pause Young (Allocation Failure)
[377.816s][info][gc,heap        ] GC(1035) PSYoungGen: 292416K(310272K)->64K(311808K) Eden: 292352K(292352K)->0K(292352K) From: 64K(17920K)->64K(19456K)
[377.816s][info][gc,heap        ] GC(1035) ParOldGen: 261072K(261120K)->261088K(261120K)
[377.816s][info][gc,metaspace   ] GC(1035) Metaspace: 35383K(36096K)->35383K(36096K) NonClass: 26174K(26688K)->26174K(26688K) Class: 9209K(9408K)->9209K(9408K)
[377.816s][info][gc             ] GC(1035) Pause Young (Allocation Failure) 540M->255M(559M) 1.050ms
[377.816s][info][gc,cpu         ] GC(1035) User=0.00s Sys=0.00s Real=0.00s
[377.865s][info][gc,start       ] GC(1036) Pause Young (Allocation Failure)
[377.866s][info][gc,heap        ] GC(1036) PSYoungGen: 292416K(311808K)->64K(311808K) Eden: 292352K(292352K)->0K(295936K) From: 64K(19456K)->64K(15872K)
[377.866s][info][gc,heap        ] GC(1036) ParOldGen: 261088K(261120K)->261088K(261120K)
[377.866s][info][gc,metaspace   ] GC(1036) Metaspace: 35383K(36096K)->35383K(36096K) NonClass: 26174K(26688K)->26174K(26688K) Class: 9209K(9408K)->9209K(9408K)
[377.866s][info][gc             ] GC(1036) Pause Young (Allocation Failure) 540M->255M(559M) 0.938ms
[377.866s][info][gc,cpu         ] GC(1036) User=0.00s Sys=0.00s Real=0.00s
[378.076s][info][gc,start       ] GC(1037) Pause Young (Allocation Failure)
[378.077s][info][gc,heap        ] GC(1037) PSYoungGen: 296000K(311808K)->64K(313344K) Eden: 295936K(295936K)->0K(295936K) From: 64K(15872K)->64K(17408K)
[378.077s][info][gc,heap        ] GC(1037) ParOldGen: 261088K(261120K)->261088K(261120K)
[378.077s][info][gc,metaspace   ] GC(1037) Metaspace: 35383K(36096K)->35383K(36096K) NonClass: 26174K(26688K)->26174K(26688K) Class: 9209K(9408K)->9209K(9408K)
[378.077s][info][gc             ] GC(1037) Pause Young (Allocation Failure) 544M->255M(561M) 1.067ms
[378.077s][info][gc,cpu         ] GC(1037) User=0.00s Sys=0.00s Real=0.00s
[378.287s][info][gc,start       ] GC(1038) Pause Young (Allocation Failure)
[378.288s][info][gc,heap        ] GC(1038) PSYoungGen: 296000K(313344K)->64K(313856K) Eden: 295936K(295936K)->0K(300032K) From: 64K(17408K)->64K(13824K)
[378.288s][info][gc,heap        ] GC(1038) ParOldGen: 261088K(261120K)->261096K(261120K)
[378.288s][info][gc,metaspace   ] GC(1038) Metaspace: 35383K(36096K)->35383K(36096K) NonClass: 26174K(26688K)->26174K(26688K) Class: 9209K(9408K)->9209K(9408K)
[378.288s][info][gc             ] GC(1038) Pause Young (Allocation Failure) 544M->255M(561M) 1.086ms
[378.288s][info][gc,cpu         ] GC(1038) User=0.00s Sys=0.00s Real=0.00s
[378.383s][info][gc,start       ] GC(1039) Pause Young (Allocation Failure)
[378.384s][info][gc,heap        ] GC(1039) PSYoungGen: 300096K(313856K)->64K(315392K) Eden: 300032K(300032K)->0K(300032K) From: 64K(13824K)->64K(15360K)
[378.384s][info][gc,heap        ] GC(1039) ParOldGen: 261096K(261120K)->261104K(261120K)
[378.384s][info][gc,metaspace   ] GC(1039) Metaspace: 35383K(36096K)->35383K(36096K) NonClass: 26174K(26688K)->26174K(26688K) Class: 9209K(9408K)->9209K(9408K)
[378.384s][info][gc             ] GC(1039) Pause Young (Allocation Failure) 548M->255M(563M) 1.134ms
[378.384s][info][gc,cpu         ] GC(1039) User=0.00s Sys=0.00s Real=0.00s
[378.510s][info][gc,start       ] GC(1040) Pause Young (Allocation Failure)
[378.511s][info][gc,heap        ] GC(1040) PSYoungGen: 300096K(315392K)->64K(315904K) Eden: 300032K(300032K)->0K(304128K) From: 64K(15360K)->64K(11776K)
[378.511s][info][gc,heap        ] GC(1040) ParOldGen: 261104K(261120K)->261112K(261120K)
[378.511s][info][gc,metaspace   ] GC(1040) Metaspace: 35383K(36096K)->35383K(36096K) NonClass: 26174K(26688K)->26174K(26688K) Class: 9209K(9408K)->9209K(9408K)
[378.511s][info][gc             ] GC(1040) Pause Young (Allocation Failure) 548M->255M(563M) 1.032ms
[378.511s][info][gc,cpu         ] GC(1040) User=0.00s Sys=0.00s Real=0.00s
[378.923s][info][gc,start       ] GC(1041) Pause Young (Allocation Failure)
[378.925s][info][gc,heap        ] GC(1041) PSYoungGen: 304192K(315904K)->64K(292352K) Eden: 304128K(304128K)->0K(291840K) From: 64K(11776K)->64K(512K)
[378.925s][info][gc,heap        ] GC(1041) ParOldGen: 261112K(261120K)->261120K(261632K)
[378.925s][info][gc,metaspace   ] GC(1041) Metaspace: 35383K(36096K)->35383K(36096K) NonClass: 26174K(26688K)->26174K(26688K) Class: 9209K(9408K)->9209K(9408K)
[378.925s][info][gc             ] GC(1041) Pause Young (Allocation Failure) 552M->255M(541M) 1.848ms
[378.925s][info][gc,cpu         ] GC(1041) User=0.00s Sys=0.00s Real=0.00s
[379.720s][info][gc,start       ] GC(1042) Pause Young (Allocation Failure)
[379.722s][info][gc,heap        ] GC(1042) PSYoungGen: 291904K(292352K)->64K(280576K) Eden: 291840K(291840K)->0K(280064K) From: 64K(512K)->64K(512K)
[379.722s][info][gc,heap        ] GC(1042) ParOldGen: 261120K(261632K)->261128K(261632K)
[379.722s][info][gc,metaspace   ] GC(1042) Metaspace: 35383K(36096K)->35383K(36096K) NonClass: 26174K(26688K)->26174K(26688K) Class: 9209K(9408K)->9209K(9408K)
[379.722s][info][gc             ] GC(1042) Pause Young (Allocation Failure) 540M->255M(529M) 1.704ms
[379.722s][info][gc,cpu         ] GC(1042) User=0.00s Sys=0.00s Real=0.00s
[380.475s][info][gc,start       ] GC(1043) Pause Young (Allocation Failure)
[380.476s][info][gc,heap        ] GC(1043) PSYoungGen: 280128K(280576K)->64K(280576K) Eden: 280064K(280064K)->0K(268800K) From: 64K(512K)->64K(11776K)
[380.476s][info][gc,heap        ] GC(1043) ParOldGen: 261128K(261632K)->261136K(261632K)
[380.476s][info][gc,metaspace   ] GC(1043) Metaspace: 35383K(36096K)->35383K(36096K) NonClass: 26174K(26688K)->26174K(26688K) Class: 9209K(9408K)->9209K(9408K)
[380.476s][info][gc             ] GC(1043) Pause Young (Allocation Failure) 528M->255M(529M) 1.086ms
[380.476s][info][gc,cpu         ] GC(1043) User=0.00s Sys=0.00s Real=0.00s
[380.911s][info][gc,start       ] GC(1044) Pause Young (Allocation Failure)
[380.912s][info][gc,heap        ] GC(1044) PSYoungGen: 268864K(280576K)->64K(258560K) Eden: 268800K(268800K)->0K(258048K) From: 64K(11776K)->64K(512K)
[380.912s][info][gc,heap        ] GC(1044) ParOldGen: 261136K(261632K)->261144K(261632K)
[380.912s][info][gc,metaspace   ] GC(1044) Metaspace: 35383K(36096K)->35383K(36096K) NonClass: 26174K(26688K)->26174K(26688K) Class: 9209K(9408K)->9209K(9408K)
[380.912s][info][gc             ] GC(1044) Pause Young (Allocation Failure) 517M->255M(508M) 1.525ms
[380.912s][info][gc,cpu         ] GC(1044) User=0.00s Sys=0.00s Real=0.01s
[381.905s][info][gc,start       ] GC(1045) Pause Young (Allocation Failure)
[381.906s][info][gc,heap        ] GC(1045) PSYoungGen: 258112K(258560K)->64K(258048K) Eden: 258048K(258048K)->0K(247808K) From: 64K(512K)->64K(10240K)
[381.906s][info][gc,heap        ] GC(1045) ParOldGen: 261144K(261632K)->261152K(261632K)
[381.906s][info][gc,metaspace   ] GC(1045) Metaspace: 35383K(36096K)->35383K(36096K) NonClass: 26174K(26688K)->26174K(26688K) Class: 9209K(9408K)->9209K(9408K)
[381.906s][info][gc             ] GC(1045) Pause Young (Allocation Failure) 507M->255M(507M) 1.139ms
[381.906s][info][gc,cpu         ] GC(1045) User=0.00s Sys=0.00s Real=0.00s
[382.254s][info][gc,start       ] GC(1046) Pause Young (Allocation Failure)
[382.256s][info][gc,heap        ] GC(1046) PSYoungGen: 247872K(258048K)->64K(238592K) Eden: 247808K(247808K)->0K(238080K) From: 64K(10240K)->64K(512K)
[382.256s][info][gc,heap        ] GC(1046) ParOldGen: 261152K(261632K)->261160K(261632K)
[382.256s][info][gc,metaspace   ] GC(1046) Metaspace: 35383K(36096K)->35383K(36096K) NonClass: 26174K(26688K)->26174K(26688K) Class: 9209K(9408K)->9209K(9408K)
[382.256s][info][gc             ] GC(1046) Pause Young (Allocation Failure) 497M->255M(488M) 1.906ms
[382.256s][info][gc,cpu         ] GC(1046) User=0.00s Sys=0.00s Real=0.00s
[382.395s][info][gc,start       ] GC(1047) Pause Young (Allocation Failure)
[382.396s][info][gc,heap        ] GC(1047) PSYoungGen: 238144K(238592K)->64K(238080K) Eden: 238080K(238080K)->0K(228864K) From: 64K(512K)->64K(9216K)
[382.396s][info][gc,heap        ] GC(1047) ParOldGen: 261160K(261632K)->261168K(261632K)
[382.396s][info][gc,metaspace   ] GC(1047) Metaspace: 35383K(36096K)->35383K(36096K) NonClass: 26174K(26688K)->26174K(26688K) Class: 9209K(9408K)->9209K(9408K)
[382.396s][info][gc             ] GC(1047) Pause Young (Allocation Failure) 487M->255M(488M) 0.990ms
[382.396s][info][gc,cpu         ] GC(1047) User=0.01s Sys=0.00s Real=0.00s
[382.732s][info][gc,start       ] GC(1048) Pause Young (Allocation Failure)
[382.734s][info][gc,heap        ] GC(1048) PSYoungGen: 228928K(238080K)->64K(220672K) Eden: 228864K(228864K)->0K(220160K) From: 64K(9216K)->64K(512K)
[382.734s][info][gc,heap        ] GC(1048) ParOldGen: 261168K(261632K)->261176K(261632K)
[382.734s][info][gc,metaspace   ] GC(1048) Metaspace: 35383K(36096K)->35383K(36096K) NonClass: 26174K(26688K)->26174K(26688K) Class: 9209K(9408K)->9209K(9408K)
[382.734s][info][gc             ] GC(1048) Pause Young (Allocation Failure) 478M->255M(471M) 1.663ms
[382.734s][info][gc,cpu         ] GC(1048) User=0.00s Sys=0.00s Real=0.00s
[383.065s][info][gc,start       ] GC(1049) Pause Young (Allocation Failure)
[383.066s][info][gc,heap        ] GC(1049) PSYoungGen: 220224K(220672K)->64K(219648K) Eden: 220160K(220160K)->0K(211968K) From: 64K(512K)->64K(7680K)
[383.066s][info][gc,heap        ] GC(1049) ParOldGen: 261176K(261632K)->261184K(261632K)
[383.066s][info][gc,metaspace   ] GC(1049) Metaspace: 35383K(36096K)->35383K(36096K) NonClass: 26174K(26688K)->26174K(26688K) Class: 9209K(9408K)->9209K(9408K)
[383.066s][info][gc             ] GC(1049) Pause Young (Allocation Failure) 470M->255M(470M) 1.061ms
[383.066s][info][gc,cpu         ] GC(1049) User=0.00s Sys=0.00s Real=0.00s
[383.364s][info][gc,start       ] GC(1050) Pause Young (Allocation Failure)
[383.368s][info][gc,heap        ] GC(1050) PSYoungGen: 212032K(219648K)->1952K(206336K) Eden: 211968K(211968K)->0K(204288K) From: 64K(7680K)->1952K(2048K)
[383.368s][info][gc,heap        ] GC(1050) ParOldGen: 261184K(261632K)->261200K(261632K)
[383.368s][info][gc,metaspace   ] GC(1050) Metaspace: 35383K(36096K)->35383K(36096K) NonClass: 26174K(26688K)->26174K(26688K) Class: 9209K(9408K)->9209K(9408K)
[383.368s][info][gc             ] GC(1050) Pause Young (Allocation Failure) 462M->256M(457M) 3.890ms
[383.368s][info][gc,cpu         ] GC(1050) User=0.01s Sys=0.00s Real=0.00s
[383.601s][info][gc,start       ] GC(1051) Pause Young (Allocation Failure)
[383.647s][info][gc,heap        ] GC(1051) PSYoungGen: 206240K(206336K)->7168K(251904K) Eden: 204288K(204288K)->0K(244736K) From: 1952K(2048K)->7168K(7168K)
[383.647s][info][gc,heap        ] GC(1051) ParOldGen: 261200K(261632K)->277088K(277504K)
[383.647s][info][gc,metaspace   ] GC(1051) Metaspace: 35383K(36096K)->35383K(36096K) NonClass: 26174K(26688K)->26174K(26688K) Class: 9209K(9408K)->9209K(9408K)
[383.647s][info][gc             ] GC(1051) Pause Young (Allocation Failure) 456M->277M(517M) 45.578ms
[383.647s][info][gc,cpu         ] GC(1051) User=0.08s Sys=0.01s Real=0.05s
[383.928s][info][gc,start       ] GC(1052) Pause Young (Allocation Failure)
[383.985s][info][gc,heap        ] GC(1052) PSYoungGen: 251904K(251904K)->7168K(251392K) Eden: 244736K(244736K)->0K(244224K) From: 7168K(7168K)->7168K(7168K)
[383.985s][info][gc,heap        ] GC(1052) ParOldGen: 277088K(277504K)->297968K(297984K)
[383.985s][info][gc,metaspace   ] GC(1052) Metaspace: 35383K(36096K)->35383K(36096K) NonClass: 26174K(26688K)->26174K(26688K) Class: 9209K(9408K)->9209K(9408K)
[383.985s][info][gc             ] GC(1052) Pause Young (Allocation Failure) 516M->297M(536M) 57.241ms
[383.985s][info][gc,cpu         ] GC(1052) User=0.10s Sys=0.01s Real=0.06s
[384.129s][info][gc,start       ] GC(1053) Pause Young (Allocation Failure)
[384.150s][info][gc,heap        ] GC(1053) PSYoungGen: 251392K(251392K)->10048K(267264K) Eden: 244224K(244224K)->0K(244224K) From: 7168K(7168K)->10048K(23040K)
[384.150s][info][gc,heap        ] GC(1053) ParOldGen: 297968K(297984K)->298528K(299008K)
[384.150s][info][gc,metaspace   ] GC(1053) Metaspace: 35383K(36096K)->35383K(36096K) NonClass: 26174K(26688K)->26174K(26688K) Class: 9209K(9408K)->9209K(9408K)
[384.150s][info][gc             ] GC(1053) Pause Young (Allocation Failure) 536M->301M(553M) 20.801ms
[384.150s][info][gc,cpu         ] GC(1053) User=0.04s Sys=0.00s Real=0.02s
[384.468s][info][gc,start       ] GC(1054) Pause Young (Allocation Failure)
[384.469s][info][gc,heap        ] GC(1054) PSYoungGen: 254272K(267264K)->64K(309248K) Eden: 244224K(244224K)->0K(288256K) From: 10048K(23040K)->64K(20992K)
[384.469s][info][gc,heap        ] GC(1054) ParOldGen: 298528K(299008K)->298536K(299008K)
[384.469s][info][gc,metaspace   ] GC(1054) Metaspace: 35383K(36096K)->35383K(36096K) NonClass: 26174K(26688K)->26174K(26688K) Class: 9209K(9408K)->9209K(9408K)
[384.469s][info][gc             ] GC(1054) Pause Young (Allocation Failure) 539M->291M(594M) 1.247ms
[384.469s][info][gc,cpu         ] GC(1054) User=0.00s Sys=0.00s Real=0.00s
[385.074s][info][gc,start       ] GC(1055) Pause Young (Allocation Failure)
[385.075s][info][gc,heap        ] GC(1055) PSYoungGen: 288320K(309248K)->64K(310272K) Eden: 288256K(288256K)->0K(288256K) From: 64K(20992K)->64K(22016K)
[385.075s][info][gc,heap        ] GC(1055) ParOldGen: 298536K(299008K)->298544K(299008K)
[385.075s][info][gc,metaspace   ] GC(1055) Metaspace: 35383K(36096K)->35383K(36096K) NonClass: 26174K(26688K)->26174K(26688K) Class: 9209K(9408K)->9209K(9408K)
[385.075s][info][gc             ] GC(1055) Pause Young (Allocation Failure) 573M->291M(595M) 1.260ms
[385.075s][info][gc,cpu         ] GC(1055) User=0.00s Sys=0.00s Real=0.00s
[385.509s][info][gc,start       ] GC(1056) Pause Young (Allocation Failure)
[385.510s][info][gc,heap        ] GC(1056) PSYoungGen: 288320K(310272K)->64K(309248K) Eden: 288256K(288256K)->0K(290304K) From: 64K(22016K)->64K(18944K)
[385.510s][info][gc,heap        ] GC(1056) ParOldGen: 298544K(299008K)->298560K(299008K)
[385.510s][info][gc,metaspace   ] GC(1056) Metaspace: 35383K(36096K)->35383K(36096K) NonClass: 26174K(26688K)->26174K(26688K) Class: 9209K(9408K)->9209K(9408K)
[385.510s][info][gc             ] GC(1056) Pause Young (Allocation Failure) 573M->291M(594M) 1.186ms
[385.510s][info][gc,cpu         ] GC(1056) User=0.01s Sys=0.00s Real=0.00s
[385.719s][info][gc,start       ] GC(1057) Pause Young (Allocation Failure)
[385.720s][info][gc,heap        ] GC(1057) PSYoungGen: 290368K(309248K)->64K(310784K) Eden: 290304K(290304K)->0K(290304K) From: 64K(18944K)->64K(20480K)
[385.720s][info][gc,heap        ] GC(1057) ParOldGen: 298560K(299008K)->298576K(299008K)
[385.720s][info][gc,metaspace   ] GC(1057) Metaspace: 35383K(36096K)->35383K(36096K) NonClass: 26174K(26688K)->26174K(26688K) Class: 9209K(9408K)->9209K(9408K)
[385.720s][info][gc             ] GC(1057) Pause Young (Allocation Failure) 575M->291M(595M) 1.257ms
[385.720s][info][gc,cpu         ] GC(1057) User=0.01s Sys=0.00s Real=0.00s
[385.928s][info][gc,start       ] GC(1058) Pause Young (Allocation Failure)
[385.929s][info][gc,heap        ] GC(1058) PSYoungGen: 290368K(310784K)->64K(310784K) Eden: 290304K(290304K)->0K(293376K) From: 64K(20480K)->64K(17408K)
[385.929s][info][gc,heap        ] GC(1058) ParOldGen: 298576K(299008K)->298576K(299008K)
[385.929s][info][gc,metaspace   ] GC(1058) Metaspace: 35383K(36096K)->35383K(36096K) NonClass: 26174K(26688K)->26174K(26688K) Class: 9209K(9408K)->9209K(9408K)
[385.929s][info][gc             ] GC(1058) Pause Young (Allocation Failure) 575M->291M(595M) 1.135ms
[385.929s][info][gc,cpu         ] GC(1058) User=0.00s Sys=0.00s Real=0.00s
[386.219s][info][gc,start       ] GC(1059) Pause Young (Allocation Failure)
[386.220s][info][gc,heap        ] GC(1059) PSYoungGen: 293440K(310784K)->64K(312320K) Eden: 293376K(293376K)->0K(293376K) From: 64K(17408K)->64K(18944K)
[386.221s][info][gc,heap        ] GC(1059) ParOldGen: 298576K(299008K)->298576K(299008K)
[386.221s][info][gc,metaspace   ] GC(1059) Metaspace: 35383K(36096K)->35383K(36096K) NonClass: 26174K(26688K)->26174K(26688K) Class: 9209K(9408K)->9209K(9408K)
[386.221s][info][gc             ] GC(1059) Pause Young (Allocation Failure) 578M->291M(597M) 1.175ms
[386.221s][info][gc,cpu         ] GC(1059) User=0.00s Sys=0.00s Real=0.00s
[386.271s][info][gc,start       ] GC(1060) Pause Young (Allocation Failure)
[386.272s][info][gc,heap        ] GC(1060) PSYoungGen: 293440K(312320K)->64K(312320K) Eden: 293376K(293376K)->0K(296960K) From: 64K(18944K)->64K(15360K)
[386.272s][info][gc,heap        ] GC(1060) ParOldGen: 298576K(299008K)->298592K(299008K)
[386.272s][info][gc,metaspace   ] GC(1060) Metaspace: 35383K(36096K)->35383K(36096K) NonClass: 26174K(26688K)->26174K(26688K) Class: 9209K(9408K)->9209K(9408K)
[386.272s][info][gc             ] GC(1060) Pause Young (Allocation Failure) 578M->291M(597M) 1.103ms
[386.272s][info][gc,cpu         ] GC(1060) User=0.01s Sys=0.00s Real=0.00s
[386.355s][info][gc,start       ] GC(1061) Pause Young (Allocation Failure)
[386.356s][info][gc,heap        ] GC(1061) PSYoungGen: 297024K(312320K)->64K(313856K) Eden: 296960K(296960K)->0K(296960K) From: 64K(15360K)->64K(16896K)
[386.356s][info][gc,heap        ] GC(1061) ParOldGen: 298592K(299008K)->298592K(299008K)
[386.356s][info][gc,metaspace   ] GC(1061) Metaspace: 35383K(36096K)->35383K(36096K) NonClass: 26174K(26688K)->26174K(26688K) Class: 9209K(9408K)->9209K(9408K)
[386.356s][info][gc             ] GC(1061) Pause Young (Allocation Failure) 581M->291M(598M) 1.162ms
[386.356s][info][gc,cpu         ] GC(1061) User=0.00s Sys=0.00s Real=0.00s
[386.576s][info][gc,start       ] GC(1062) Pause Young (Allocation Failure)
[386.577s][info][gc,heap        ] GC(1062) PSYoungGen: 297024K(313856K)->64K(314368K) Eden: 296960K(296960K)->0K(300544K) From: 64K(16896K)->64K(13824K)
[386.577s][info][gc,heap        ] GC(1062) ParOldGen: 298592K(299008K)->298608K(299008K)
[386.577s][info][gc,metaspace   ] GC(1062) Metaspace: 35383K(36096K)->35383K(36096K) NonClass: 26174K(26688K)->26174K(26688K) Class: 9209K(9408K)->9209K(9408K)
[386.577s][info][gc             ] GC(1062) Pause Young (Allocation Failure) 581M->291M(599M) 1.159ms
[386.577s][info][gc,cpu         ] GC(1062) User=0.00s Sys=0.00s Real=0.00s
[386.765s][info][gc,start       ] GC(1063) Pause Young (Allocation Failure)
[386.766s][info][gc,heap        ] GC(1063) PSYoungGen: 300608K(314368K)->64K(315904K) Eden: 300544K(300544K)->0K(300544K) From: 64K(13824K)->64K(15360K)
[386.766s][info][gc,heap        ] GC(1063) ParOldGen: 298608K(299008K)->298608K(299008K)
[386.766s][info][gc,metaspace   ] GC(1063) Metaspace: 35383K(36096K)->35383K(36096K) NonClass: 26174K(26688K)->26174K(26688K) Class: 9209K(9408K)->9209K(9408K)
[386.766s][info][gc             ] GC(1063) Pause Young (Allocation Failure) 585M->291M(600M) 1.201ms
[386.766s][info][gc,cpu         ] GC(1063) User=0.00s Sys=0.00s Real=0.00s
[386.848s][info][gc,start       ] GC(1064) Pause Young (Allocation Failure)
[386.849s][info][gc,heap        ] GC(1064) PSYoungGen: 300608K(315904K)->64K(315904K) Eden: 300544K(300544K)->0K(304128K) From: 64K(15360K)->64K(11776K)
[386.849s][info][gc,heap        ] GC(1064) ParOldGen: 298608K(299008K)->298624K(299008K)
[386.849s][info][gc,metaspace   ] GC(1064) Metaspace: 35383K(36096K)->35383K(36096K) NonClass: 26174K(26688K)->26174K(26688K) Class: 9209K(9408K)->9209K(9408K)
[386.849s][info][gc             ] GC(1064) Pause Young (Allocation Failure) 585M->291M(600M) 1.188ms
[386.849s][info][gc,cpu         ] GC(1064) User=0.01s Sys=0.00s Real=0.00s
[387.009s][info][gc,start       ] GC(1065) Pause Young (Allocation Failure)
[387.010s][info][gc,heap        ] GC(1065) PSYoungGen: 304192K(315904K)->64K(317440K) Eden: 304128K(304128K)->0K(304128K) From: 64K(11776K)->64K(13312K)
[387.010s][info][gc,heap        ] GC(1065) ParOldGen: 298624K(299008K)->298624K(299008K)
[387.010s][info][gc,metaspace   ] GC(1065) Metaspace: 35383K(36096K)->35383K(36096K) NonClass: 26174K(26688K)->26174K(26688K) Class: 9209K(9408K)->9209K(9408K)
[387.010s][info][gc             ] GC(1065) Pause Young (Allocation Failure) 588M->291M(602M) 1.118ms
[387.010s][info][gc,cpu         ] GC(1065) User=0.01s Sys=0.00s Real=0.00s
[387.942s][info][gc,start       ] GC(1066) Pause Young (Allocation Failure)
[387.943s][info][gc,heap        ] GC(1066) PSYoungGen: 304192K(317440K)->64K(292352K) Eden: 304128K(304128K)->0K(291840K) From: 64K(13312K)->64K(512K)
[387.943s][info][gc,heap        ] GC(1066) ParOldGen: 298624K(299008K)->298632K(299008K)
[387.943s][info][gc,metaspace   ] GC(1066) Metaspace: 35383K(36096K)->35383K(36096K) NonClass: 26174K(26688K)->26174K(26688K) Class: 9209K(9408K)->9209K(9408K)
[387.943s][info][gc             ] GC(1066) Pause Young (Allocation Failure) 588M->291M(577M) 1.164ms
[387.943s][info][gc,cpu         ] GC(1066) User=0.01s Sys=0.00s Real=0.01s
[388.764s][info][gc,start       ] GC(1067) Pause Young (Allocation Failure)
[388.765s][info][gc,heap        ] GC(1067) PSYoungGen: 291904K(292352K)->64K(291840K) Eden: 291840K(291840K)->0K(280064K) From: 64K(512K)->64K(11776K)
[388.765s][info][gc,heap        ] GC(1067) ParOldGen: 298632K(299008K)->298640K(299008K)
[388.765s][info][gc,metaspace   ] GC(1067) Metaspace: 35383K(36096K)->35383K(36096K) NonClass: 26174K(26688K)->26174K(26688K) Class: 9209K(9408K)->9209K(9408K)
[388.765s][info][gc             ] GC(1067) Pause Young (Allocation Failure) 576M->291M(577M) 1.189ms
[388.765s][info][gc,cpu         ] GC(1067) User=0.00s Sys=0.00s Real=0.00s
[389.079s][info][gc,start       ] GC(1068) Pause Young (Allocation Failure)
[389.080s][info][gc,heap        ] GC(1068) PSYoungGen: 280128K(291840K)->64K(269312K) Eden: 280064K(280064K)->0K(268800K) From: 64K(11776K)->64K(512K)
[389.080s][info][gc,heap        ] GC(1068) ParOldGen: 298640K(299008K)->298648K(299008K)
[389.080s][info][gc,metaspace   ] GC(1068) Metaspace: 35383K(36096K)->35383K(36096K) NonClass: 26174K(26688K)->26174K(26688K) Class: 9209K(9408K)->9209K(9408K)
[389.080s][info][gc             ] GC(1068) Pause Young (Allocation Failure) 565M->291M(555M) 1.148ms
[389.080s][info][gc,cpu         ] GC(1068) User=0.00s Sys=0.00s Real=0.00s
[389.660s][info][gc,start       ] GC(1069) Pause Young (Allocation Failure)
[389.661s][info][gc,heap        ] GC(1069) PSYoungGen: 268864K(269312K)->64K(268288K) Eden: 268800K(268800K)->0K(258048K) From: 64K(512K)->64K(10240K)
[389.662s][info][gc,heap        ] GC(1069) ParOldGen: 298648K(299008K)->298656K(299008K)
[389.662s][info][gc,metaspace   ] GC(1069) Metaspace: 35383K(36096K)->35383K(36096K) NonClass: 26174K(26688K)->26174K(26688K) Class: 9209K(9408K)->9209K(9408K)
[389.662s][info][gc             ] GC(1069) Pause Young (Allocation Failure) 554M->291M(554M) 1.249ms
[389.662s][info][gc,cpu         ] GC(1069) User=0.00s Sys=0.00s Real=0.00s
[390.423s][info][gc,start       ] GC(1070) Pause Young (Allocation Failure)
[390.424s][info][gc,heap        ] GC(1070) PSYoungGen: 258112K(268288K)->64K(248320K) Eden: 258048K(258048K)->0K(247808K) From: 64K(10240K)->64K(512K)
[390.424s][info][gc,heap        ] GC(1070) ParOldGen: 298656K(299008K)->298664K(299008K)
[390.424s][info][gc,metaspace   ] GC(1070) Metaspace: 35383K(36096K)->35383K(36096K) NonClass: 26174K(26688K)->26174K(26688K) Class: 9209K(9408K)->9209K(9408K)
[390.424s][info][gc             ] GC(1070) Pause Young (Allocation Failure) 543M->291M(534M) 1.295ms
[390.424s][info][gc,cpu         ] GC(1070) User=0.00s Sys=0.00s Real=0.00s
[390.791s][info][gc,start       ] GC(1071) Pause Young (Allocation Failure)
[390.793s][info][gc,heap        ] GC(1071) PSYoungGen: 247872K(248320K)->64K(247296K) Eden: 247808K(247808K)->0K(238080K) From: 64K(512K)->64K(9216K)
[390.793s][info][gc,heap        ] GC(1071) ParOldGen: 298664K(299008K)->298672K(299008K)
[390.793s][info][gc,metaspace   ] GC(1071) Metaspace: 35383K(36096K)->35383K(36096K) NonClass: 26174K(26688K)->26174K(26688K) Class: 9209K(9408K)->9209K(9408K)
[390.793s][info][gc             ] GC(1071) Pause Young (Allocation Failure) 533M->291M(533M) 1.887ms
[390.793s][info][gc,cpu         ] GC(1071) User=0.00s Sys=0.00s Real=0.01s
[390.874s][info][gc,start       ] GC(1072) Pause Young (Allocation Failure)
[390.877s][info][gc,heap        ] GC(1072) PSYoungGen: 238144K(247296K)->64K(229376K) Eden: 238080K(238080K)->0K(228864K) From: 64K(9216K)->64K(512K)
[390.877s][info][gc,heap        ] GC(1072) ParOldGen: 298672K(299008K)->298680K(299008K)
[390.877s][info][gc,metaspace   ] GC(1072) Metaspace: 35383K(36096K)->35383K(36096K) NonClass: 26174K(26688K)->26174K(26688K) Class: 9209K(9408K)->9209K(9408K)
[390.877s][info][gc             ] GC(1072) Pause Young (Allocation Failure) 524M->291M(516M) 2.382ms
[390.877s][info][gc,cpu         ] GC(1072) User=0.00s Sys=0.00s Real=0.00s
[391.390s][info][gc,start       ] GC(1073) Pause Young (Allocation Failure)
[391.392s][info][gc,heap        ] GC(1073) PSYoungGen: 228928K(229376K)->64K(228352K) Eden: 228864K(228864K)->0K(220160K) From: 64K(512K)->64K(8192K)
[391.392s][info][gc,heap        ] GC(1073) ParOldGen: 298680K(299008K)->298688K(299008K)
[391.392s][info][gc,metaspace   ] GC(1073) Metaspace: 35383K(36096K)->35383K(36096K) NonClass: 26174K(26688K)->26174K(26688K) Class: 9209K(9408K)->9209K(9408K)
[391.392s][info][gc             ] GC(1073) Pause Young (Allocation Failure) 515M->291M(515M) 1.847ms
[391.392s][info][gc,cpu         ] GC(1073) User=0.00s Sys=0.00s Real=0.01s
[391.609s][info][gc,start       ] GC(1074) Pause Young (Allocation Failure)
[391.611s][info][gc,heap        ] GC(1074) PSYoungGen: 220224K(228352K)->64K(212480K) Eden: 220160K(220160K)->0K(211968K) From: 64K(8192K)->64K(512K)
[391.611s][info][gc,heap        ] GC(1074) ParOldGen: 298688K(299008K)->298696K(299008K)
[391.611s][info][gc,metaspace   ] GC(1074) Metaspace: 35383K(36096K)->35383K(36096K) NonClass: 26174K(26688K)->26174K(26688K) Class: 9209K(9408K)->9209K(9408K)
[391.611s][info][gc             ] GC(1074) Pause Young (Allocation Failure) 506M->291M(499M) 2.247ms
[391.611s][info][gc,cpu         ] GC(1074) User=0.00s Sys=0.00s Real=0.00s
[391.904s][info][gc,start       ] GC(1075) Pause Young (Allocation Failure)
[391.928s][info][gc,heap        ] GC(1075) PSYoungGen: 212032K(212480K)->6656K(260096K) Eden: 211968K(211968K)->0K(253440K) From: 64K(512K)->6656K(6656K)
[391.928s][info][gc,heap        ] GC(1075) ParOldGen: 298696K(299008K)->303576K(303616K)
[391.928s][info][gc,metaspace   ] GC(1075) Metaspace: 35383K(36096K)->35383K(36096K) NonClass: 26174K(26688K)->26174K(26688K) Class: 9209K(9408K)->9209K(9408K)
[391.928s][info][gc             ] GC(1075) Pause Young (Allocation Failure) 498M->302M(550M) 23.228ms
[391.928s][info][gc,cpu         ] GC(1075) User=0.03s Sys=0.01s Real=0.02s
[392.219s][info][gc,start       ] GC(1076) Pause Young (Allocation Failure)
[392.276s][info][gc,heap        ] GC(1076) PSYoungGen: 260096K(260096K)->6656K(267264K) Eden: 253440K(253440K)->0K(260608K) From: 6656K(6656K)->6656K(6656K)
[392.277s][info][gc,heap        ] GC(1076) ParOldGen: 303576K(303616K)->325656K(326144K)
[392.277s][info][gc,metaspace   ] GC(1076) Metaspace: 35383K(36096K)->35383K(36096K) NonClass: 26174K(26688K)->26174K(26688K) Class: 9209K(9408K)->9209K(9408K)
[392.277s][info][gc             ] GC(1076) Pause Young (Allocation Failure) 550M->324M(579M) 57.296ms
[392.277s][info][gc,cpu         ] GC(1076) User=0.10s Sys=0.01s Real=0.06s
[392.524s][info][gc,start       ] GC(1077) Pause Young (Allocation Failure)
[392.565s][info][gc,heap        ] GC(1077) PSYoungGen: 267264K(267264K)->19456K(280064K) Eden: 260608K(260608K)->0K(260608K) From: 6656K(6656K)->19456K(19456K)
[392.565s][info][gc,heap        ] GC(1077) ParOldGen: 325656K(326144K)->329296K(329728K)
[392.565s][info][gc,metaspace   ] GC(1077) Metaspace: 35383K(36096K)->35383K(36096K) NonClass: 26174K(26688K)->26174K(26688K) Class: 9209K(9408K)->9209K(9408K)
[392.565s][info][gc             ] GC(1077) Pause Young (Allocation Failure) 579M->340M(595M) 40.445ms
[392.565s][info][gc,cpu         ] GC(1077) User=0.08s Sys=0.01s Real=0.04s
[392.725s][info][gc,start       ] GC(1078) Pause Young (Allocation Failure)
[392.727s][info][gc,heap        ] GC(1078) PSYoungGen: 280064K(280064K)->64K(309760K) Eden: 260608K(260608K)->0K(284672K) From: 19456K(19456K)->64K(25088K)
[392.727s][info][gc,heap        ] GC(1078) ParOldGen: 329296K(329728K)->329392K(329728K)
[392.727s][info][gc,metaspace   ] GC(1078) Metaspace: 35383K(36096K)->35383K(36096K) NonClass: 26174K(26688K)->26174K(26688K) Class: 9209K(9408K)->9209K(9408K)
[392.727s][info][gc             ] GC(1078) Pause Young (Allocation Failure) 595M->321M(624M) 2.326ms
[392.727s][info][gc,cpu         ] GC(1078) User=0.00s Sys=0.00s Real=0.00s
[393.405s][info][gc,start       ] GC(1079) Pause Young (Allocation Failure)
[393.406s][info][gc,heap        ] GC(1079) PSYoungGen: 284736K(309760K)->64K(285184K) Eden: 284672K(284672K)->0K(284672K) From: 64K(25088K)->64K(512K)
[393.406s][info][gc,heap        ] GC(1079) ParOldGen: 329392K(329728K)->329408K(329728K)
[393.406s][info][gc,metaspace   ] GC(1079) Metaspace: 35383K(36096K)->35383K(36096K) NonClass: 26174K(26688K)->26174K(26688K) Class: 9209K(9408K)->9209K(9408K)
[393.406s][info][gc             ] GC(1079) Pause Young (Allocation Failure) 599M->321M(600M) 1.384ms
[393.406s][info][gc,cpu         ] GC(1079) User=0.01s Sys=0.00s Real=0.00s
[393.886s][info][gc,start       ] GC(1080) Pause Young (Allocation Failure)
[393.887s][info][gc,heap        ] GC(1080) PSYoungGen: 284736K(285184K)->64K(308224K) Eden: 284672K(284672K)->0K(285184K) From: 64K(512K)->64K(23040K)
[393.887s][info][gc,heap        ] GC(1080) ParOldGen: 329408K(329728K)->329408K(329728K)
[393.887s][info][gc,metaspace   ] GC(1080) Metaspace: 35383K(36096K)->35383K(36096K) NonClass: 26174K(26688K)->26174K(26688K) Class: 9209K(9408K)->9209K(9408K)
[393.887s][info][gc             ] GC(1080) Pause Young (Allocation Failure) 599M->321M(623M) 1.425ms
[393.887s][info][gc,cpu         ] GC(1080) User=0.01s Sys=0.00s Real=0.00s
[394.091s][info][gc,start       ] GC(1081) Pause Young (Allocation Failure)
[394.093s][info][gc,heap        ] GC(1081) PSYoungGen: 285248K(308224K)->64K(307712K) Eden: 285184K(285184K)->0K(285184K) From: 64K(23040K)->64K(22528K)
[394.093s][info][gc,heap        ] GC(1081) ParOldGen: 329408K(329728K)->329424K(329728K)
[394.093s][info][gc,metaspace   ] GC(1081) Metaspace: 35383K(36096K)->35383K(36096K) NonClass: 26174K(26688K)->26174K(26688K) Class: 9209K(9408K)->9209K(9408K)
[394.093s][info][gc             ] GC(1081) Pause Young (Allocation Failure) 600M->321M(622M) 1.192ms
[394.093s][info][gc,cpu         ] GC(1081) User=0.00s Sys=0.00s Real=0.01s
[394.296s][info][gc,start       ] GC(1082) Pause Young (Allocation Failure)
[394.297s][info][gc,heap        ] GC(1082) PSYoungGen: 285248K(307712K)->64K(310272K) Eden: 285184K(285184K)->0K(289280K) From: 64K(22528K)->64K(20992K)
[394.297s][info][gc,heap        ] GC(1082) ParOldGen: 329424K(329728K)->329424K(329728K)
[394.297s][info][gc,metaspace   ] GC(1082) Metaspace: 35383K(36096K)->35383K(36096K) NonClass: 26174K(26688K)->26174K(26688K) Class: 9209K(9408K)->9209K(9408K)
[394.297s][info][gc             ] GC(1082) Pause Young (Allocation Failure) 600M->321M(625M) 1.180ms
[394.298s][info][gc,cpu         ] GC(1082) User=0.01s Sys=0.00s Real=0.00s
[394.641s][info][gc,start       ] GC(1083) Pause Young (Allocation Failure)
[394.642s][info][gc,heap        ] GC(1083) PSYoungGen: 289344K(310272K)->64K(309760K) Eden: 289280K(289280K)->0K(289280K) From: 64K(20992K)->64K(20480K)
[394.642s][info][gc,heap        ] GC(1083) ParOldGen: 329424K(329728K)->329424K(329728K)
[394.642s][info][gc,metaspace   ] GC(1083) Metaspace: 35383K(36096K)->35383K(36096K) NonClass: 26174K(26688K)->26174K(26688K) Class: 9209K(9408K)->9209K(9408K)
[394.642s][info][gc             ] GC(1083) Pause Young (Allocation Failure) 604M->321M(624M) 1.271ms
[394.642s][info][gc,cpu         ] GC(1083) User=0.00s Sys=0.00s Real=0.01s
[394.691s][info][gc,start       ] GC(1084) Pause Young (Allocation Failure)
[394.692s][info][gc,heap        ] GC(1084) PSYoungGen: 289344K(309760K)->64K(312320K) Eden: 289280K(289280K)->0K(293376K) From: 64K(20480K)->64K(18944K)
[394.692s][info][gc,heap        ] GC(1084) ParOldGen: 329424K(329728K)->329440K(329728K)
[394.692s][info][gc,metaspace   ] GC(1084) Metaspace: 35383K(36096K)->35383K(36096K) NonClass: 26174K(26688K)->26174K(26688K) Class: 9209K(9408K)->9209K(9408K)
[394.692s][info][gc             ] GC(1084) Pause Young (Allocation Failure) 604M->321M(627M) 1.072ms
[394.692s][info][gc,cpu         ] GC(1084) User=0.00s Sys=0.00s Real=0.01s
[394.745s][info][gc,start       ] GC(1085) Pause Young (Allocation Failure)
[394.746s][info][gc,heap        ] GC(1085) PSYoungGen: 293440K(312320K)->64K(311808K) Eden: 293376K(293376K)->0K(293376K) From: 64K(18944K)->64K(18432K)
[394.746s][info][gc,heap        ] GC(1085) ParOldGen: 329440K(329728K)->329440K(329728K)
[394.746s][info][gc,metaspace   ] GC(1085) Metaspace: 35383K(36096K)->35383K(36096K) NonClass: 26174K(26688K)->26174K(26688K) Class: 9209K(9408K)->9209K(9408K)
[394.746s][info][gc             ] GC(1085) Pause Young (Allocation Failure) 608M->321M(626M) 1.138ms
[394.746s][info][gc,cpu         ] GC(1085) User=0.00s Sys=0.00s Real=0.00s
[394.933s][info][gc,start       ] GC(1086) Pause Young (Allocation Failure)
[394.934s][info][gc,heap        ] GC(1086) PSYoungGen: 293440K(311808K)->64K(314368K) Eden: 293376K(293376K)->0K(297472K) From: 64K(18432K)->64K(16896K)
[394.934s][info][gc,heap        ] GC(1086) ParOldGen: 329440K(329728K)->329440K(329728K)
[394.934s][info][gc,metaspace   ] GC(1086) Metaspace: 35383K(36096K)->35383K(36096K) NonClass: 26174K(26688K)->26174K(26688K) Class: 9209K(9408K)->9209K(9408K)
[394.934s][info][gc             ] GC(1086) Pause Young (Allocation Failure) 608M->321M(629M) 1.169ms
[394.934s][info][gc,cpu         ] GC(1086) User=0.00s Sys=0.00s Real=0.00s
[395.149s][info][gc,start       ] GC(1087) Pause Young (Allocation Failure)
[395.151s][info][gc,heap        ] GC(1087) PSYoungGen: 297536K(314368K)->64K(313856K) Eden: 297472K(297472K)->0K(297472K) From: 64K(16896K)->64K(16384K)
[395.151s][info][gc,heap        ] GC(1087) ParOldGen: 329440K(329728K)->329448K(329728K)
[395.151s][info][gc,metaspace   ] GC(1087) Metaspace: 35383K(36096K)->35383K(36096K) NonClass: 26174K(26688K)->26174K(26688K) Class: 9209K(9408K)->9209K(9408K)
[395.151s][info][gc             ] GC(1087) Pause Young (Allocation Failure) 612M->321M(628M) 1.207ms
[395.151s][info][gc,cpu         ] GC(1087) User=0.00s Sys=0.00s Real=0.00s
[395.256s][info][gc,start       ] GC(1088) Pause Young (Allocation Failure)
[395.257s][info][gc,heap        ] GC(1088) PSYoungGen: 297536K(313856K)->64K(316416K) Eden: 297472K(297472K)->0K(301568K) From: 64K(16384K)->64K(14848K)
[395.257s][info][gc,heap        ] GC(1088) ParOldGen: 329448K(329728K)->329456K(329728K)
[395.257s][info][gc,metaspace   ] GC(1088) Metaspace: 35383K(36096K)->35383K(36096K) NonClass: 26174K(26688K)->26174K(26688K) Class: 9209K(9408K)->9209K(9408K)
[395.257s][info][gc             ] GC(1088) Pause Young (Allocation Failure) 612M->321M(631M) 1.176ms
[395.257s][info][gc,cpu         ] GC(1088) User=0.01s Sys=0.00s Real=0.00s
[395.377s][info][gc,start       ] GC(1089) Pause Young (Allocation Failure)
[395.378s][info][gc,heap        ] GC(1089) PSYoungGen: 301632K(316416K)->64K(315904K) Eden: 301568K(301568K)->0K(301568K) From: 64K(14848K)->64K(14336K)
[395.378s][info][gc,heap        ] GC(1089) ParOldGen: 329456K(329728K)->329464K(329728K)
[395.378s][info][gc,metaspace   ] GC(1089) Metaspace: 35383K(36096K)->35383K(36096K) NonClass: 26174K(26688K)->26174K(26688K) Class: 9209K(9408K)->9209K(9408K)
[395.378s][info][gc             ] GC(1089) Pause Young (Allocation Failure) 616M->321M(630M) 1.230ms
[395.378s][info][gc,cpu         ] GC(1089) User=0.00s Sys=0.00s Real=0.00s
[395.763s][info][gc,start       ] GC(1090) Pause Young (Allocation Failure)
[395.765s][info][gc,heap        ] GC(1090) PSYoungGen: 301632K(315904K)->64K(289792K) Eden: 301568K(301568K)->0K(289280K) From: 64K(14336K)->64K(512K)
[395.765s][info][gc,heap        ] GC(1090) ParOldGen: 329464K(329728K)->329472K(329728K)
[395.765s][info][gc,metaspace   ] GC(1090) Metaspace: 35383K(36096K)->35383K(36096K) NonClass: 26174K(26688K)->26174K(26688K) Class: 9209K(9408K)->9209K(9408K)
[395.765s][info][gc             ] GC(1090) Pause Young (Allocation Failure) 616M->321M(605M) 1.213ms
[395.765s][info][gc,cpu         ] GC(1090) User=0.00s Sys=0.00s Real=0.00s
[396.417s][info][gc,start       ] GC(1091) Pause Young (Allocation Failure)
[396.418s][info][gc,heap        ] GC(1091) PSYoungGen: 289344K(289792K)->64K(290816K) Eden: 289280K(289280K)->0K(278016K) From: 64K(512K)->64K(12800K)
[396.418s][info][gc,heap        ] GC(1091) ParOldGen: 329472K(329728K)->329480K(329728K)
[396.418s][info][gc,metaspace   ] GC(1091) Metaspace: 35383K(36096K)->35383K(36096K) NonClass: 26174K(26688K)->26174K(26688K) Class: 9209K(9408K)->9209K(9408K)
[396.418s][info][gc             ] GC(1091) Pause Young (Allocation Failure) 604M->321M(606M) 1.163ms
[396.418s][info][gc,cpu         ] GC(1091) User=0.01s Sys=0.00s Real=0.00s
[397.332s][info][gc,start       ] GC(1092) Pause Young (Allocation Failure)
[397.333s][info][gc,heap        ] GC(1092) PSYoungGen: 278079K(290816K)->64K(267776K) Eden: 278015K(278016K)->0K(267264K) From: 64K(12800K)->64K(512K)
[397.333s][info][gc,heap        ] GC(1092) ParOldGen: 329480K(329728K)->329488K(329728K)
[397.333s][info][gc,metaspace   ] GC(1092) Metaspace: 35383K(36096K)->35383K(36096K) NonClass: 26174K(26688K)->26174K(26688K) Class: 9209K(9408K)->9209K(9408K)
[397.333s][info][gc             ] GC(1092) Pause Young (Allocation Failure) 593M->321M(583M) 1.300ms
[397.333s][info][gc,cpu         ] GC(1092) User=0.00s Sys=0.00s Real=0.01s
[397.765s][info][gc,start       ] GC(1093) Pause Young (Allocation Failure)
[397.766s][info][gc,heap        ] GC(1093) PSYoungGen: 267328K(267776K)->64K(268288K) Eden: 267264K(267264K)->0K(257024K) From: 64K(512K)->64K(11264K)
[397.766s][info][gc,heap        ] GC(1093) ParOldGen: 329488K(329728K)->329496K(329728K)
[397.766s][info][gc,metaspace   ] GC(1093) Metaspace: 35383K(36096K)->35383K(36096K) NonClass: 26174K(26688K)->26174K(26688K) Class: 9209K(9408K)->9209K(9408K)
[397.766s][info][gc             ] GC(1093) Pause Young (Allocation Failure) 582M->321M(584M) 1.180ms
[397.766s][info][gc,cpu         ] GC(1093) User=0.00s Sys=0.00s Real=0.00s
[398.721s][info][gc,start       ] GC(1094) Pause Young (Allocation Failure)
[398.723s][info][gc,heap        ] GC(1094) PSYoungGen: 257088K(268288K)->64K(247808K) Eden: 257024K(257024K)->0K(247296K) From: 64K(11264K)->64K(512K)
[398.723s][info][gc,heap        ] GC(1094) ParOldGen: 329496K(329728K)->329504K(329728K)
[398.723s][info][gc,metaspace   ] GC(1094) Metaspace: 35383K(36096K)->35383K(36096K) NonClass: 26174K(26688K)->26174K(26688K) Class: 9209K(9408K)->9209K(9408K)
[398.723s][info][gc             ] GC(1094) Pause Young (Allocation Failure) 572M->321M(564M) 1.534ms
[398.723s][info][gc,cpu         ] GC(1094) User=0.00s Sys=0.00s Real=0.01s
[399.105s][info][gc,start       ] GC(1095) Pause Young (Allocation Failure)
[399.106s][info][gc,heap        ] GC(1095) PSYoungGen: 247360K(247808K)->64K(247808K) Eden: 247296K(247296K)->0K(238080K) From: 64K(512K)->64K(9728K)
[399.106s][info][gc,heap        ] GC(1095) ParOldGen: 329504K(329728K)->329512K(329728K)
[399.106s][info][gc,metaspace   ] GC(1095) Metaspace: 35383K(36096K)->35383K(36096K) NonClass: 26174K(26688K)->26174K(26688K) Class: 9209K(9408K)->9209K(9408K)
[399.106s][info][gc             ] GC(1095) Pause Young (Allocation Failure) 563M->321M(564M) 1.721ms
[399.106s][info][gc,cpu         ] GC(1095) User=0.00s Sys=0.00s Real=0.00s
[399.263s][info][gc,start       ] GC(1096) Pause Young (Allocation Failure)
[399.265s][info][gc,heap        ] GC(1096) PSYoungGen: 238144K(247808K)->64K(229376K) Eden: 238080K(238080K)->0K(228864K) From: 64K(9728K)->64K(512K)
[399.265s][info][gc,heap        ] GC(1096) ParOldGen: 329512K(329728K)->329520K(329728K)
[399.265s][info][gc,metaspace   ] GC(1096) Metaspace: 35383K(36096K)->35383K(36096K) NonClass: 26174K(26688K)->26174K(26688K) Class: 9209K(9408K)->9209K(9408K)
[399.265s][info][gc             ] GC(1096) Pause Young (Allocation Failure) 554M->321M(546M) 2.539ms
[399.266s][info][gc,cpu         ] GC(1096) User=0.00s Sys=0.00s Real=0.00s
[399.498s][info][gc,start       ] GC(1097) Pause Young (Allocation Failure)
[399.500s][info][gc,heap        ] GC(1097) PSYoungGen: 228928K(229376K)->64K(228864K) Eden: 228864K(228864K)->0K(220160K) From: 64K(512K)->64K(8704K)
[399.500s][info][gc,heap        ] GC(1097) ParOldGen: 329520K(329728K)->329528K(329728K)
[399.500s][info][gc,metaspace   ] GC(1097) Metaspace: 35383K(36096K)->35383K(36096K) NonClass: 26174K(26688K)->26174K(26688K) Class: 9209K(9408K)->9209K(9408K)
[399.500s][info][gc             ] GC(1097) Pause Young (Allocation Failure) 545M->321M(545M) 1.894ms
[399.500s][info][gc,cpu         ] GC(1097) User=0.01s Sys=0.00s Real=0.00s
[399.933s][info][gc,start       ] GC(1098) Pause Young (Allocation Failure)
[399.935s][info][gc,heap        ] GC(1098) PSYoungGen: 220224K(228864K)->64K(212480K) Eden: 220160K(220160K)->0K(211968K) From: 64K(8704K)->64K(512K)
[399.935s][info][gc,heap        ] GC(1098) ParOldGen: 329528K(329728K)->329536K(329728K)
[399.935s][info][gc,metaspace   ] GC(1098) Metaspace: 35383K(36096K)->35383K(36096K) NonClass: 26174K(26688K)->26174K(26688K) Class: 9209K(9408K)->9209K(9408K)
[399.935s][info][gc             ] GC(1098) Pause Young (Allocation Failure) 536M->321M(529M) 2.413ms
[399.935s][info][gc,cpu         ] GC(1098) User=0.00s Sys=0.00s Real=0.00s
[400.174s][info][gc,start       ] GC(1099) Pause Young (Allocation Failure)
[400.176s][info][gc,heap        ] GC(1099) PSYoungGen: 212032K(212480K)->64K(211456K) Eden: 211968K(211968K)->0K(204288K) From: 64K(512K)->64K(7168K)
[400.176s][info][gc,heap        ] GC(1099) ParOldGen: 329536K(329728K)->329552K(329728K)
[400.176s][info][gc,metaspace   ] GC(1099) Metaspace: 35383K(36096K)->35383K(36096K) NonClass: 26174K(26688K)->26174K(26688K) Class: 9209K(9408K)->9209K(9408K)
[400.176s][info][gc             ] GC(1099) Pause Young (Allocation Failure) 528M->321M(528M) 1.923ms
[400.176s][info][gc,cpu         ] GC(1099) User=0.00s Sys=0.00s Real=0.00s
[400.434s][info][gc,start       ] GC(1100) Pause Young (Allocation Failure)
[400.476s][info][gc,heap        ] GC(1100) PSYoungGen: 204352K(211456K)->6656K(251392K) Eden: 204288K(204288K)->0K(244736K) From: 64K(7168K)->6656K(6656K)
[400.476s][info][gc,heap        ] GC(1100) ParOldGen: 329552K(329728K)->342880K(343040K)
[400.476s][info][gc,metaspace   ] GC(1100) Metaspace: 35383K(36096K)->35383K(36096K) NonClass: 26174K(26688K)->26174K(26688K) Class: 9209K(9408K)->9209K(9408K)
[400.476s][info][gc             ] GC(1100) Pause Young (Allocation Failure) 521M->341M(580M) 42.269ms
[400.476s][info][gc,cpu         ] GC(1100) User=0.07s Sys=0.01s Real=0.04s
[400.757s][info][gc,start       ] GC(1101) Pause Young (Allocation Failure)
[400.811s][info][gc,heap        ] GC(1101) PSYoungGen: 251392K(251392K)->13312K(268800K) Eden: 244736K(244736K)->0K(255488K) From: 6656K(6656K)->13312K(13312K)
[400.811s][info][gc,heap        ] GC(1101) ParOldGen: 342880K(343040K)->357536K(357888K)
[400.811s][info][gc,metaspace   ] GC(1101) Metaspace: 35383K(36096K)->35383K(36096K) NonClass: 26174K(26688K)->26174K(26688K) Class: 9209K(9408K)->9209K(9408K)
[400.811s][info][gc             ] GC(1101) Pause Young (Allocation Failure) 580M->362M(612M) 53.491ms
[400.811s][info][gc,cpu         ] GC(1101) User=0.10s Sys=0.01s Real=0.05s
[400.997s][info][gc,start       ] GC(1102) Pause Young (Allocation Failure)
[401.031s][info][gc,heap        ] GC(1102) PSYoungGen: 268800K(268800K)->15072K(308224K) Eden: 255488K(255488K)->0K(286720K) From: 13312K(13312K)->15072K(21504K)
[401.031s][info][gc,heap        ] GC(1102) ParOldGen: 357536K(357888K)->357936K(358400K)
[401.031s][info][gc,metaspace   ] GC(1102) Metaspace: 35383K(36096K)->35383K(36096K) NonClass: 26174K(26688K)->26174K(26688K) Class: 9209K(9408K)->9209K(9408K)
[401.031s][info][gc             ] GC(1102) Pause Young (Allocation Failure) 611M->364M(651M) 33.310ms
[401.031s][info][gc,cpu         ] GC(1102) User=0.04s Sys=0.02s Real=0.03s
[401.383s][info][gc,start       ] GC(1103) Pause Young (Allocation Failure)
[401.384s][info][gc,heap        ] GC(1103) PSYoungGen: 301792K(308224K)->64K(310272K) Eden: 286720K(286720K)->0K(286720K) From: 15072K(21504K)->64K(23552K)
[401.384s][info][gc,heap        ] GC(1103) ParOldGen: 357936K(358400K)->357944K(358400K)
[401.384s][info][gc,metaspace   ] GC(1103) Metaspace: 35383K(36096K)->35383K(36096K) NonClass: 26174K(26688K)->26174K(26688K) Class: 9209K(9408K)->9209K(9408K)
[401.384s][info][gc             ] GC(1103) Pause Young (Allocation Failure) 644M->349M(653M) 1.481ms
[401.384s][info][gc,cpu         ] GC(1103) User=0.00s Sys=0.00s Real=0.00s
[401.967s][info][gc,start       ] GC(1104) Pause Young (Allocation Failure)
[401.969s][info][gc,heap        ] GC(1104) PSYoungGen: 286784K(310272K)->64K(307712K) Eden: 286720K(286720K)->0K(287232K) From: 64K(23552K)->64K(20480K)
[401.969s][info][gc,heap        ] GC(1104) ParOldGen: 357944K(358400K)->357952K(358400K)
[401.969s][info][gc,metaspace   ] GC(1104) Metaspace: 35383K(36096K)->35383K(36096K) NonClass: 26174K(26688K)->26174K(26688K) Class: 9209K(9408K)->9209K(9408K)
[401.969s][info][gc             ] GC(1104) Pause Young (Allocation Failure) 629M->349M(650M) 1.484ms
[401.969s][info][gc,cpu         ] GC(1104) User=0.00s Sys=0.00s Real=0.00s
[402.400s][info][gc,start       ] GC(1105) Pause Young (Allocation Failure)
[402.402s][info][gc,heap        ] GC(1105) PSYoungGen: 287296K(307712K)->64K(309248K) Eden: 287232K(287232K)->0K(287232K) From: 64K(20480K)->64K(22016K)
[402.402s][info][gc,heap        ] GC(1105) ParOldGen: 357952K(358400K)->357968K(358400K)
[402.402s][info][gc,metaspace   ] GC(1105) Metaspace: 35383K(36096K)->35383K(36096K) NonClass: 26174K(26688K)->26174K(26688K) Class: 9209K(9408K)->9209K(9408K)
[402.402s][info][gc             ] GC(1105) Pause Young (Allocation Failure) 630M->349M(652M) 1.350ms
[402.402s][info][gc,cpu         ] GC(1105) User=0.01s Sys=0.00s Real=0.00s
[402.608s][info][gc,start       ] GC(1106) Pause Young (Allocation Failure)
[402.609s][info][gc,heap        ] GC(1106) PSYoungGen: 287296K(309248K)->64K(309248K) Eden: 287232K(287232K)->0K(290304K) From: 64K(22016K)->64K(18944K)
[402.609s][info][gc,heap        ] GC(1106) ParOldGen: 357968K(358400K)->357984K(358400K)
[402.609s][info][gc,metaspace   ] GC(1106) Metaspace: 35383K(36096K)->35383K(36096K) NonClass: 26174K(26688K)->26174K(26688K) Class: 9209K(9408K)->9209K(9408K)
[402.609s][info][gc             ] GC(1106) Pause Young (Allocation Failure) 630M->349M(652M) 1.294ms
[402.609s][info][gc,cpu         ] GC(1106) User=0.00s Sys=0.00s Real=0.00s
[402.821s][info][gc,start       ] GC(1107) Pause Young (Allocation Failure)
[402.822s][info][gc,heap        ] GC(1107) PSYoungGen: 290368K(309248K)->64K(310784K) Eden: 290304K(290304K)->0K(290304K) From: 64K(18944K)->64K(20480K)
[402.822s][info][gc,heap        ] GC(1107) ParOldGen: 357984K(358400K)->357984K(358400K)
[402.822s][info][gc,metaspace   ] GC(1107) Metaspace: 35383K(36096K)->35383K(36096K) NonClass: 26174K(26688K)->26174K(26688K) Class: 9209K(9408K)->9209K(9408K)
[402.822s][info][gc             ] GC(1107) Pause Young (Allocation Failure) 633M->349M(653M) 1.323ms
[402.822s][info][gc,cpu         ] GC(1107) User=0.00s Sys=0.00s Real=0.01s
[403.111s][info][gc,start       ] GC(1108) Pause Young (Allocation Failure)
[403.113s][info][gc,heap        ] GC(1108) PSYoungGen: 290368K(310784K)->64K(310784K) Eden: 290304K(290304K)->0K(293888K) From: 64K(20480K)->64K(16896K)
[403.113s][info][gc,heap        ] GC(1108) ParOldGen: 357984K(358400K)->357984K(358400K)
[403.113s][info][gc,metaspace   ] GC(1108) Metaspace: 35383K(36096K)->35383K(36096K) NonClass: 26174K(26688K)->26174K(26688K) Class: 9209K(9408K)->9209K(9408K)
[403.113s][info][gc             ] GC(1108) Pause Young (Allocation Failure) 633M->349M(653M) 1.244ms
[403.113s][info][gc,cpu         ] GC(1108) User=0.00s Sys=0.00s Real=0.01s
[403.165s][info][gc,start       ] GC(1109) Pause Young (Allocation Failure)
[403.166s][info][gc,heap        ] GC(1109) PSYoungGen: 293952K(310784K)->64K(312320K) Eden: 293888K(293888K)->0K(293888K) From: 64K(16896K)->64K(18432K)
[403.166s][info][gc,heap        ] GC(1109) ParOldGen: 357984K(358400K)->358000K(358400K)
[403.166s][info][gc,metaspace   ] GC(1109) Metaspace: 35383K(36096K)->35383K(36096K) NonClass: 26174K(26688K)->26174K(26688K) Class: 9209K(9408K)->9209K(9408K)
[403.166s][info][gc             ] GC(1109) Pause Young (Allocation Failure) 636M->349M(655M) 1.226ms
[403.166s][info][gc,cpu         ] GC(1109) User=0.00s Sys=0.00s Real=0.00s
[403.244s][info][gc,start       ] GC(1110) Pause Young (Allocation Failure)
[403.246s][info][gc,heap        ] GC(1110) PSYoungGen: 293952K(312320K)->64K(313856K) Eden: 293888K(293888K)->0K(297984K) From: 64K(18432K)->64K(15872K)
[403.246s][info][gc,heap        ] GC(1110) ParOldGen: 358000K(358400K)->358000K(358400K)
[403.246s][info][gc,metaspace   ] GC(1110) Metaspace: 35383K(36096K)->35383K(36096K) NonClass: 26174K(26688K)->26174K(26688K) Class: 9209K(9408K)->9209K(9408K)
[403.246s][info][gc             ] GC(1110) Pause Young (Allocation Failure) 636M->349M(656M) 1.168ms
[403.246s][info][gc,cpu         ] GC(1110) User=0.00s Sys=0.00s Real=0.00s
[403.470s][info][gc,start       ] GC(1111) Pause Young (Allocation Failure)
[403.471s][info][gc,heap        ] GC(1111) PSYoungGen: 298048K(313856K)->64K(314880K) Eden: 297984K(297984K)->0K(297984K) From: 64K(15872K)->64K(16896K)
[403.471s][info][gc,heap        ] GC(1111) ParOldGen: 358000K(358400K)->358016K(358400K)
[403.471s][info][gc,metaspace   ] GC(1111) Metaspace: 35383K(36096K)->35383K(36096K) NonClass: 26174K(26688K)->26174K(26688K) Class: 9209K(9408K)->9209K(9408K)
[403.471s][info][gc             ] GC(1111) Pause Young (Allocation Failure) 640M->349M(657M) 1.263ms
[403.471s][info][gc,cpu         ] GC(1111) User=0.00s Sys=0.00s Real=0.00s
[403.657s][info][gc,start       ] GC(1112) Pause Young (Allocation Failure)
[403.658s][info][gc,heap        ] GC(1112) PSYoungGen: 298048K(314880K)->64K(314880K) Eden: 297984K(297984K)->0K(301056K) From: 64K(16896K)->64K(13824K)
[403.658s][info][gc,heap        ] GC(1112) ParOldGen: 358016K(358400K)->358016K(358400K)
[403.658s][info][gc,metaspace   ] GC(1112) Metaspace: 35383K(36096K)->35383K(36096K) NonClass: 26174K(26688K)->26174K(26688K) Class: 9209K(9408K)->9209K(9408K)
[403.658s][info][gc             ] GC(1112) Pause Young (Allocation Failure) 640M->349M(657M) 1.318ms
[403.658s][info][gc,cpu         ] GC(1112) User=0.00s Sys=0.00s Real=0.00s
[403.744s][info][gc,start       ] GC(1113) Pause Young (Allocation Failure)
[403.745s][info][gc,heap        ] GC(1113) PSYoungGen: 301120K(314880K)->64K(315904K) Eden: 301056K(301056K)->0K(301056K) From: 64K(13824K)->64K(14848K)
[403.745s][info][gc,heap        ] GC(1113) ParOldGen: 358016K(358400K)->358032K(358400K)
[403.745s][info][gc,metaspace   ] GC(1113) Metaspace: 35383K(36096K)->35383K(36096K) NonClass: 26174K(26688K)->26174K(26688K) Class: 9209K(9408K)->9209K(9408K)
[403.745s][info][gc             ] GC(1113) Pause Young (Allocation Failure) 643M->349M(658M) 1.371ms
[403.745s][info][gc,cpu         ] GC(1113) User=0.00s Sys=0.00s Real=0.00s
[403.899s][info][gc,start       ] GC(1114) Pause Young (Allocation Failure)
[403.901s][info][gc,heap        ] GC(1114) PSYoungGen: 301120K(315904K)->64K(317952K) Eden: 301056K(301056K)->0K(305152K) From: 64K(14848K)->64K(12800K)
[403.901s][info][gc,heap        ] GC(1114) ParOldGen: 358032K(358400K)->358032K(358400K)
[403.901s][info][gc,metaspace   ] GC(1114) Metaspace: 35383K(36096K)->35383K(36096K) NonClass: 26174K(26688K)->26174K(26688K) Class: 9209K(9408K)->9209K(9408K)
[403.901s][info][gc             ] GC(1114) Pause Young (Allocation Failure) 643M->349M(660M) 1.264ms
[403.901s][info][gc,cpu         ] GC(1114) User=0.01s Sys=0.00s Real=0.00s
[404.853s][info][gc,start       ] GC(1115) Pause Young (Allocation Failure)
[404.855s][info][gc,heap        ] GC(1115) PSYoungGen: 305216K(317952K)->83K(293376K) Eden: 305152K(305152K)->0K(292864K) From: 64K(12800K)->83K(512K)
[404.855s][info][gc,heap        ] GC(1115) ParOldGen: 358032K(358400K)->358040K(358400K)
[404.855s][info][gc,metaspace   ] GC(1115) Metaspace: 35383K(36096K)->35383K(36096K) NonClass: 26174K(26688K)->26174K(26688K) Class: 9209K(9408K)->9209K(9408K)
[404.855s][info][gc             ] GC(1115) Pause Young (Allocation Failure) 647M->349M(636M) 1.877ms
[404.855s][info][gc,cpu         ] GC(1115) User=0.00s Sys=0.00s Real=0.00s
[405.678s][info][gc,start       ] GC(1116) Pause Young (Allocation Failure)
[405.679s][info][gc,heap        ] GC(1116) PSYoungGen: 292947K(293376K)->64K(281600K) Eden: 292864K(292864K)->0K(281088K) From: 83K(512K)->64K(512K)
[405.679s][info][gc,heap        ] GC(1116) ParOldGen: 358040K(358400K)->358048K(358400K)
[405.680s][info][gc,metaspace   ] GC(1116) Metaspace: 35383K(36096K)->35383K(36096K) NonClass: 26174K(26688K)->26174K(26688K) Class: 9209K(9408K)->9209K(9408K)
[405.680s][info][gc             ] GC(1116) Pause Young (Allocation Failure) 635M->349M(625M) 1.816ms
[405.680s][info][gc,cpu         ] GC(1116) User=0.01s Sys=0.00s Real=0.00s
[405.991s][info][gc,start       ] GC(1117) Pause Young (Allocation Failure)
[405.992s][info][gc,heap        ] GC(1117) PSYoungGen: 281152K(281600K)->64K(281088K) Eden: 281088K(281088K)->0K(269824K) From: 64K(512K)->64K(11264K)
[405.992s][info][gc,heap        ] GC(1117) ParOldGen: 358048K(358400K)->358056K(358400K)
[405.992s][info][gc,metaspace   ] GC(1117) Metaspace: 35383K(36096K)->35383K(36096K) NonClass: 26174K(26688K)->26174K(26688K) Class: 9209K(9408K)->9209K(9408K)
[405.992s][info][gc             ] GC(1117) Pause Young (Allocation Failure) 624M->349M(624M) 1.283ms
[405.992s][info][gc,cpu         ] GC(1117) User=0.00s Sys=0.00s Real=0.01s
[406.475s][info][gc,start       ] GC(1118) Pause Young (Allocation Failure)
[406.478s][info][gc,heap        ] GC(1118) PSYoungGen: 269888K(281088K)->64K(259584K) Eden: 269824K(269824K)->0K(259072K) From: 64K(11264K)->64K(512K)
[406.478s][info][gc,heap        ] GC(1118) ParOldGen: 358056K(358400K)->358064K(358400K)
[406.478s][info][gc,metaspace   ] GC(1118) Metaspace: 35383K(36096K)->35383K(36096K) NonClass: 26174K(26688K)->26174K(26688K) Class: 9209K(9408K)->9209K(9408K)
[406.478s][info][gc             ] GC(1118) Pause Young (Allocation Failure) 613M->349M(603M) 2.676ms
[406.478s][info][gc,cpu         ] GC(1118) User=0.00s Sys=0.00s Real=0.00s
[407.333s][info][gc,start       ] GC(1119) Pause Young (Allocation Failure)
[407.335s][info][gc,heap        ] GC(1119) PSYoungGen: 259136K(259584K)->64K(259072K) Eden: 259072K(259072K)->0K(248832K) From: 64K(512K)->64K(10240K)
[407.335s][info][gc,heap        ] GC(1119) ParOldGen: 358064K(358400K)->358072K(358400K)
[407.335s][info][gc,metaspace   ] GC(1119) Metaspace: 35383K(36096K)->35383K(36096K) NonClass: 26174K(26688K)->26174K(26688K) Class: 9209K(9408K)->9209K(9408K)
[407.335s][info][gc             ] GC(1119) Pause Young (Allocation Failure) 602M->349M(603M) 2.204ms
[407.336s][info][gc,cpu         ] GC(1119) User=0.01s Sys=0.00s Real=0.00s
[407.705s][info][gc,start       ] GC(1120) Pause Young (Allocation Failure)
[407.708s][info][gc,heap        ] GC(1120) PSYoungGen: 248896K(259072K)->64K(239616K) Eden: 248832K(248832K)->0K(239104K) From: 64K(10240K)->64K(512K)
[407.708s][info][gc,heap        ] GC(1120) ParOldGen: 358072K(358400K)->358080K(358400K)
[407.708s][info][gc,metaspace   ] GC(1120) Metaspace: 35383K(36096K)->35383K(36096K) NonClass: 26174K(26688K)->26174K(26688K) Class: 9209K(9408K)->9209K(9408K)
[407.708s][info][gc             ] GC(1120) Pause Young (Allocation Failure) 592M->349M(584M) 2.889ms
[407.708s][info][gc,cpu         ] GC(1120) User=0.01s Sys=0.00s Real=0.00s
[407.789s][info][gc,start       ] GC(1121) Pause Young (Allocation Failure)
[407.791s][info][gc,heap        ] GC(1121) PSYoungGen: 239168K(239616K)->64K(280064K) Eden: 239104K(239104K)->0K(271360K) From: 64K(512K)->64K(8704K)
[407.791s][info][gc,heap        ] GC(1121) ParOldGen: 358080K(358400K)->358088K(358400K)
[407.791s][info][gc,metaspace   ] GC(1121) Metaspace: 35383K(36096K)->35383K(36096K) NonClass: 26174K(26688K)->26174K(26688K) Class: 9209K(9408K)->9209K(9408K)
[407.791s][info][gc             ] GC(1121) Pause Young (Allocation Failure) 583M->349M(623M) 2.071ms
[407.791s][info][gc,cpu         ] GC(1121) User=0.00s Sys=0.00s Real=0.00s
[408.387s][info][gc,start       ] GC(1122) Pause Young (Allocation Failure)
[408.389s][info][gc,heap        ] GC(1122) PSYoungGen: 271424K(280064K)->64K(261120K) Eden: 271360K(271360K)->0K(260608K) From: 64K(8704K)->64K(512K)
[408.389s][info][gc,heap        ] GC(1122) ParOldGen: 358088K(358400K)->358096K(358400K)
[408.389s][info][gc,metaspace   ] GC(1122) Metaspace: 35383K(36096K)->35383K(36096K) NonClass: 26174K(26688K)->26174K(26688K) Class: 9209K(9408K)->9209K(9408K)
[408.390s][info][gc             ] GC(1122) Pause Young (Allocation Failure) 614M->349M(605M) 2.135ms
[408.390s][info][gc,cpu         ] GC(1122) User=0.00s Sys=0.00s Real=0.00s
[408.648s][info][gc,start       ] GC(1123) Pause Young (Allocation Failure)
[408.650s][info][gc,heap        ] GC(1123) PSYoungGen: 260672K(261120K)->64K(258048K) Eden: 260608K(260608K)->0K(250368K) From: 64K(512K)->64K(7680K)
[408.650s][info][gc,heap        ] GC(1123) ParOldGen: 358096K(358400K)->358104K(358400K)
[408.650s][info][gc,metaspace   ] GC(1123) Metaspace: 35383K(36096K)->35383K(36096K) NonClass: 26174K(26688K)->26174K(26688K) Class: 9209K(9408K)->9209K(9408K)
[408.650s][info][gc             ] GC(1123) Pause Young (Allocation Failure) 604M->349M(602M) 2.182ms
[408.650s][info][gc,cpu         ] GC(1123) User=0.00s Sys=0.00s Real=0.00s
[408.959s][info][gc,start       ] GC(1124) Pause Young (Allocation Failure)
[409.013s][info][gc,heap        ] GC(1124) PSYoungGen: 250432K(258048K)->7168K(276992K) Eden: 250368K(250368K)->0K(269824K) From: 64K(7680K)->7168K(7168K)
[409.013s][info][gc,heap        ] GC(1124) ParOldGen: 358104K(358400K)->376312K(376320K)
[409.013s][info][gc,metaspace   ] GC(1124) Metaspace: 35383K(36096K)->35383K(36096K) NonClass: 26174K(26688K)->26174K(26688K) Class: 9209K(9408K)->9209K(9408K)
[409.013s][info][gc             ] GC(1124) Pause Young (Allocation Failure) 594M->374M(638M) 54.145ms
[409.013s][info][gc,cpu         ] GC(1124) User=0.08s Sys=0.02s Real=0.06s
[409.322s][info][gc,start       ] GC(1125) Pause Young (Allocation Failure)
[409.382s][info][gc,heap        ] GC(1125) PSYoungGen: 276992K(276992K)->15360K(285184K) Eden: 269824K(269824K)->0K(269824K) From: 7168K(7168K)->15360K(15360K)
[409.382s][info][gc,heap        ] GC(1125) ParOldGen: 376312K(376320K)->391888K(392192K)
[409.382s][info][gc,metaspace   ] GC(1125) Metaspace: 35383K(36096K)->35383K(36096K) NonClass: 26174K(26688K)->26174K(26688K) Class: 9209K(9408K)->9209K(9408K)
[409.382s][info][gc             ] GC(1125) Pause Young (Allocation Failure) 637M->397M(661M) 60.597ms
[409.382s][info][gc,cpu         ] GC(1125) User=0.10s Sys=0.01s Real=0.07s
[409.508s][info][gc,start       ] GC(1126) Pause Young (Allocation Failure)
[409.527s][info][gc,heap        ] GC(1126) PSYoungGen: 285184K(285184K)->6848K(310784K) Eden: 269824K(269824K)->0K(286208K) From: 15360K(15360K)->6848K(24576K)
[409.527s][info][gc,heap        ] GC(1126) ParOldGen: 391888K(392192K)->392304K(392704K)
[409.527s][info][gc,metaspace   ] GC(1126) Metaspace: 35383K(36096K)->35383K(36096K) NonClass: 26174K(26688K)->26174K(26688K) Class: 9209K(9408K)->9209K(9408K)
[409.527s][info][gc             ] GC(1126) Pause Young (Allocation Failure) 661M->389M(687M) 18.435ms
[409.527s][info][gc,cpu         ] GC(1126) User=0.03s Sys=0.00s Real=0.02s
[410.057s][info][gc,start       ] GC(1127) Pause Young (Allocation Failure)
[410.058s][info][gc,heap        ] GC(1127) PSYoungGen: 293056K(310784K)->64K(286720K) Eden: 286208K(286208K)->0K(286208K) From: 6848K(24576K)->64K(512K)
[410.058s][info][gc,heap        ] GC(1127) ParOldGen: 392304K(392704K)->392312K(392704K)
[410.058s][info][gc,metaspace   ] GC(1127) Metaspace: 35383K(36096K)->35383K(36096K) NonClass: 26174K(26688K)->26174K(26688K) Class: 9209K(9408K)->9209K(9408K)
[410.058s][info][gc             ] GC(1127) Pause Young (Allocation Failure) 669M->383M(663M) 1.429ms
[410.058s][info][gc,cpu         ] GC(1127) User=0.00s Sys=0.00s Real=0.00s
[410.510s][info][gc,start       ] GC(1128) Pause Young (Allocation Failure)
[410.511s][info][gc,heap        ] GC(1128) PSYoungGen: 286272K(286720K)->64K(309760K) Eden: 286208K(286208K)->0K(287232K) From: 64K(512K)->64K(22528K)
[410.511s][info][gc,heap        ] GC(1128) ParOldGen: 392312K(392704K)->392320K(392704K)
[410.511s][info][gc,metaspace   ] GC(1128) Metaspace: 35383K(36096K)->35383K(36096K) NonClass: 26174K(26688K)->26174K(26688K) Class: 9209K(9408K)->9209K(9408K)
[410.511s][info][gc             ] GC(1128) Pause Young (Allocation Failure) 662M->383M(686M) 1.368ms
[410.511s][info][gc,cpu         ] GC(1128) User=0.00s Sys=0.00s Real=0.00s
[410.924s][info][gc,start       ] GC(1129) Pause Young (Allocation Failure)
[410.925s][info][gc,heap        ] GC(1129) PSYoungGen: 287296K(309760K)->64K(308736K) Eden: 287232K(287232K)->0K(287232K) From: 64K(22528K)->64K(21504K)
[410.925s][info][gc,heap        ] GC(1129) ParOldGen: 392320K(392704K)->392336K(392704K)
[410.925s][info][gc,metaspace   ] GC(1129) Metaspace: 35383K(36096K)->35383K(36096K) NonClass: 26174K(26688K)->26174K(26688K) Class: 9209K(9408K)->9209K(9408K)
[410.925s][info][gc             ] GC(1129) Pause Young (Allocation Failure) 663M->383M(685M) 1.312ms
[410.925s][info][gc,cpu         ] GC(1129) User=0.01s Sys=0.00s Real=0.00s
[411.130s][info][gc,start       ] GC(1130) Pause Young (Allocation Failure)
[411.131s][info][gc,heap        ] GC(1130) PSYoungGen: 287296K(308736K)->64K(311296K) Eden: 287232K(287232K)->0K(290816K) From: 64K(21504K)->64K(20480K)
[411.131s][info][gc,heap        ] GC(1130) ParOldGen: 392336K(392704K)->392352K(392704K)
[411.131s][info][gc,metaspace   ] GC(1130) Metaspace: 35383K(36096K)->35383K(36096K) NonClass: 26174K(26688K)->26174K(26688K) Class: 9209K(9408K)->9209K(9408K)
[411.131s][info][gc             ] GC(1130) Pause Young (Allocation Failure) 663M->383M(687M) 1.257ms
[411.131s][info][gc,cpu         ] GC(1130) User=0.00s Sys=0.00s Real=0.00s
[411.453s][info][gc,start       ] GC(1131) Pause Young (Allocation Failure)
[411.454s][info][gc,heap        ] GC(1131) PSYoungGen: 290880K(311296K)->64K(310784K) Eden: 290816K(290816K)->0K(290816K) From: 64K(20480K)->64K(19968K)
[411.454s][info][gc,heap        ] GC(1131) ParOldGen: 392352K(392704K)->392352K(392704K)
[411.454s][info][gc,metaspace   ] GC(1131) Metaspace: 35383K(36096K)->35383K(36096K) NonClass: 26174K(26688K)->26174K(26688K) Class: 9209K(9408K)->9209K(9408K)
[411.454s][info][gc             ] GC(1131) Pause Young (Allocation Failure) 667M->383M(687M) 1.303ms
[411.454s][info][gc,cpu         ] GC(1131) User=0.00s Sys=0.00s Real=0.00s
[411.581s][info][gc,start       ] GC(1132) Pause Young (Allocation Failure)
[411.583s][info][gc,heap        ] GC(1132) PSYoungGen: 290880K(310784K)->64K(312832K) Eden: 290816K(290816K)->0K(294400K) From: 64K(19968K)->64K(18432K)
[411.583s][info][gc,heap        ] GC(1132) ParOldGen: 392352K(392704K)->392360K(392704K)
[411.583s][info][gc,metaspace   ] GC(1132) Metaspace: 35383K(36096K)->35383K(36096K) NonClass: 26174K(26688K)->26174K(26688K) Class: 9209K(9408K)->9209K(9408K)
[411.583s][info][gc             ] GC(1132) Pause Young (Allocation Failure) 667M->383M(689M) 1.297ms
[411.583s][info][gc,cpu         ] GC(1132) User=0.00s Sys=0.00s Real=0.01s
[411.634s][info][gc,start       ] GC(1133) Pause Young (Allocation Failure)
[411.636s][info][gc,heap        ] GC(1133) PSYoungGen: 294464K(312832K)->64K(312320K) Eden: 294400K(294400K)->0K(294400K) From: 64K(18432K)->64K(17920K)
[411.636s][info][gc,heap        ] GC(1133) ParOldGen: 392360K(392704K)->392376K(392704K)
[411.636s][info][gc,metaspace   ] GC(1133) Metaspace: 35383K(36096K)->35383K(36096K) NonClass: 26174K(26688K)->26174K(26688K) Class: 9209K(9408K)->9209K(9408K)
[411.636s][info][gc             ] GC(1133) Pause Young (Allocation Failure) 670M->383M(688M) 1.303ms
[411.636s][info][gc,cpu         ] GC(1133) User=0.00s Sys=0.00s Real=0.00s
[411.765s][info][gc,start       ] GC(1134) Pause Young (Allocation Failure)
[411.766s][info][gc,heap        ] GC(1134) PSYoungGen: 294464K(312320K)->64K(314880K) Eden: 294400K(294400K)->0K(298496K) From: 64K(17920K)->64K(16384K)
[411.766s][info][gc,heap        ] GC(1134) ParOldGen: 392376K(392704K)->392376K(392704K)
[411.766s][info][gc,metaspace   ] GC(1134) Metaspace: 35383K(36096K)->35383K(36096K) NonClass: 26174K(26688K)->26174K(26688K) Class: 9209K(9408K)->9209K(9408K)
[411.766s][info][gc             ] GC(1134) Pause Young (Allocation Failure) 670M->383M(691M) 1.325ms
[411.767s][info][gc,cpu         ] GC(1134) User=0.00s Sys=0.00s Real=0.00s
[411.988s][info][gc,start       ] GC(1135) Pause Young (Allocation Failure)
[411.989s][info][gc,heap        ] GC(1135) PSYoungGen: 298560K(314880K)->64K(314880K) Eden: 298496K(298496K)->0K(298496K) From: 64K(16384K)->64K(16384K)
[411.989s][info][gc,heap        ] GC(1135) ParOldGen: 392376K(392704K)->392384K(392704K)
[411.989s][info][gc,metaspace   ] GC(1135) Metaspace: 35383K(36096K)->35383K(36096K) NonClass: 26174K(26688K)->26174K(26688K) Class: 9209K(9408K)->9209K(9408K)
[411.989s][info][gc             ] GC(1135) Pause Young (Allocation Failure) 674M->383M(691M) 1.319ms
[411.989s][info][gc,cpu         ] GC(1135) User=0.00s Sys=0.00s Real=0.00s
[412.135s][info][gc,start       ] GC(1136) Pause Young (Allocation Failure)
[412.137s][info][gc,heap        ] GC(1136) PSYoungGen: 298560K(314880K)->64K(316416K) Eden: 298496K(298496K)->0K(302080K) From: 64K(16384K)->64K(14336K)
[412.137s][info][gc,heap        ] GC(1136) ParOldGen: 392384K(392704K)->392392K(392704K)
[412.137s][info][gc,metaspace   ] GC(1136) Metaspace: 35383K(36096K)->35383K(36096K) NonClass: 26174K(26688K)->26174K(26688K) Class: 9209K(9408K)->9209K(9408K)
[412.137s][info][gc             ] GC(1136) Pause Young (Allocation Failure) 674M->383M(692M) 1.358ms
[412.137s][info][gc,cpu         ] GC(1136) User=0.00s Sys=0.00s Real=0.00s
[412.229s][info][gc,start       ] GC(1137) Pause Young (Allocation Failure)
[412.231s][info][gc,heap        ] GC(1137) PSYoungGen: 302144K(316416K)->64K(316416K) Eden: 302080K(302080K)->0K(302080K) From: 64K(14336K)->64K(14336K)
[412.231s][info][gc,heap        ] GC(1137) ParOldGen: 392392K(392704K)->392400K(392704K)
[412.231s][info][gc,metaspace   ] GC(1137) Metaspace: 35383K(36096K)->35383K(36096K) NonClass: 26174K(26688K)->26174K(26688K) Class: 9209K(9408K)->9209K(9408K)
[412.231s][info][gc             ] GC(1137) Pause Young (Allocation Failure) 678M->383M(692M) 1.301ms
[412.231s][info][gc,cpu         ] GC(1137) User=0.01s Sys=0.00s Real=0.00s
[412.409s][info][gc,start       ] GC(1138) Pause Young (Allocation Failure)
[412.410s][info][gc,heap        ] GC(1138) PSYoungGen: 302144K(316416K)->64K(317952K) Eden: 302080K(302080K)->0K(305664K) From: 64K(14336K)->64K(12288K)
[412.410s][info][gc,heap        ] GC(1138) ParOldGen: 392400K(392704K)->392408K(392704K)
[412.410s][info][gc,metaspace   ] GC(1138) Metaspace: 35383K(36096K)->35383K(36096K) NonClass: 26174K(26688K)->26174K(26688K) Class: 9209K(9408K)->9209K(9408K)
[412.410s][info][gc             ] GC(1138) Pause Young (Allocation Failure) 678M->383M(694M) 1.254ms
[412.410s][info][gc,cpu         ] GC(1138) User=0.00s Sys=0.00s Real=0.00s
[413.309s][info][gc,start       ] GC(1139) Pause Young (Allocation Failure)
[413.311s][info][gc,heap        ] GC(1139) PSYoungGen: 305728K(317952K)->64K(293888K) Eden: 305664K(305664K)->0K(293376K) From: 64K(12288K)->64K(512K)
[413.311s][info][gc,heap        ] GC(1139) ParOldGen: 392408K(392704K)->392416K(392704K)
[413.311s][info][gc,metaspace   ] GC(1139) Metaspace: 35383K(36096K)->35383K(36096K) NonClass: 26174K(26688K)->26174K(26688K) Class: 9209K(9408K)->9209K(9408K)
[413.311s][info][gc             ] GC(1139) Pause Young (Allocation Failure) 681M->383M(670M) 1.467ms
[413.311s][info][gc,cpu         ] GC(1139) User=0.00s Sys=0.00s Real=0.00s
[414.179s][info][gc,start       ] GC(1140) Pause Young (Allocation Failure)
[414.181s][info][gc,heap        ] GC(1140) PSYoungGen: 293440K(293888K)->64K(282112K) Eden: 293376K(293376K)->0K(281600K) From: 64K(512K)->64K(512K)
[414.181s][info][gc,heap        ] GC(1140) ParOldGen: 392416K(392704K)->392424K(392704K)
[414.181s][info][gc,metaspace   ] GC(1140) Metaspace: 35383K(36096K)->35383K(36096K) NonClass: 26174K(26688K)->26174K(26688K) Class: 9209K(9408K)->9209K(9408K)
[414.181s][info][gc             ] GC(1140) Pause Young (Allocation Failure) 669M->383M(659M) 1.967ms
[414.181s][info][gc,cpu         ] GC(1140) User=0.00s Sys=0.00s Real=0.00s
[414.601s][info][gc,start       ] GC(1141) Pause Young (Allocation Failure)
[414.602s][info][gc,heap        ] GC(1141) PSYoungGen: 281664K(282112K)->64K(281600K) Eden: 281600K(281600K)->0K(270336K) From: 64K(512K)->64K(11264K)
[414.602s][info][gc,heap        ] GC(1141) ParOldGen: 392424K(392704K)->392432K(392704K)
[414.602s][info][gc,metaspace   ] GC(1141) Metaspace: 35383K(36096K)->35383K(36096K) NonClass: 26174K(26688K)->26174K(26688K) Class: 9209K(9408K)->9209K(9408K)
[414.602s][info][gc             ] GC(1141) Pause Young (Allocation Failure) 658M->383M(658M) 1.758ms
[414.602s][info][gc,cpu         ] GC(1141) User=0.00s Sys=0.00s Real=0.01s
[415.582s][info][gc,start       ] GC(1142) Pause Young (Allocation Failure)
[415.584s][info][gc,heap        ] GC(1142) PSYoungGen: 270400K(281600K)->64K(260096K) Eden: 270336K(270336K)->0K(259584K) From: 64K(11264K)->64K(512K)
[415.584s][info][gc,heap        ] GC(1142) ParOldGen: 392432K(392704K)->392440K(392704K)
[415.584s][info][gc,metaspace   ] GC(1142) Metaspace: 35383K(36096K)->35383K(36096K) NonClass: 26174K(26688K)->26174K(26688K) Class: 9209K(9408K)->9209K(9408K)
[415.584s][info][gc             ] GC(1142) Pause Young (Allocation Failure) 647M->383M(637M) 1.869ms
[415.584s][info][gc,cpu         ] GC(1142) User=0.01s Sys=0.00s Real=0.00s
[415.984s][info][gc,start       ] GC(1143) Pause Young (Allocation Failure)
[415.985s][info][gc,heap        ] GC(1143) PSYoungGen: 259648K(260096K)->64K(259072K) Eden: 259584K(259584K)->0K(249344K) From: 64K(512K)->64K(9728K)
[415.985s][info][gc,heap        ] GC(1143) ParOldGen: 392440K(392704K)->392448K(392704K)
[415.985s][info][gc,metaspace   ] GC(1143) Metaspace: 35383K(36096K)->35383K(36096K) NonClass: 26174K(26688K)->26174K(26688K) Class: 9209K(9408K)->9209K(9408K)
[415.985s][info][gc             ] GC(1143) Pause Young (Allocation Failure) 636M->383M(636M) 1.315ms
[415.985s][info][gc,cpu         ] GC(1143) User=0.01s Sys=0.00s Real=0.00s
[416.154s][info][gc,start       ] GC(1144) Pause Young (Allocation Failure)
[416.156s][info][gc,heap        ] GC(1144) PSYoungGen: 249408K(259072K)->64K(240128K) Eden: 249344K(249344K)->0K(239616K) From: 64K(9728K)->64K(512K)
[416.156s][info][gc,heap        ] GC(1144) ParOldGen: 392448K(392704K)->392456K(392704K)
[416.156s][info][gc,metaspace   ] GC(1144) Metaspace: 35383K(36096K)->35383K(36096K) NonClass: 26174K(26688K)->26174K(26688K) Class: 9209K(9408K)->9209K(9408K)
[416.156s][info][gc             ] GC(1144) Pause Young (Allocation Failure) 626M->383M(618M) 1.715ms
[416.156s][info][gc,cpu         ] GC(1144) User=0.01s Sys=0.00s Real=0.00s
[416.383s][info][gc,start       ] GC(1145) Pause Young (Allocation Failure)
[416.384s][info][gc,heap        ] GC(1145) PSYoungGen: 239680K(240128K)->64K(239104K) Eden: 239616K(239616K)->0K(230400K) From: 64K(512K)->64K(8704K)
[416.384s][info][gc,heap        ] GC(1145) ParOldGen: 392456K(392704K)->392464K(392704K)
[416.384s][info][gc,metaspace   ] GC(1145) Metaspace: 35383K(36096K)->35383K(36096K) NonClass: 26174K(26688K)->26174K(26688K) Class: 9209K(9408K)->9209K(9408K)
[416.384s][info][gc             ] GC(1145) Pause Young (Allocation Failure) 617M->383M(617M) 1.229ms
[416.384s][info][gc,cpu         ] GC(1145) User=0.00s Sys=0.00s Real=0.00s
[416.827s][info][gc,start       ] GC(1146) Pause Young (Allocation Failure)
[416.828s][info][gc,heap        ] GC(1146) PSYoungGen: 230464K(239104K)->64K(222208K) Eden: 230400K(230400K)->0K(221696K) From: 64K(8704K)->64K(512K)
[416.829s][info][gc,heap        ] GC(1146) ParOldGen: 392464K(392704K)->392472K(392704K)
[416.829s][info][gc,metaspace   ] GC(1146) Metaspace: 35383K(36096K)->35383K(36096K) NonClass: 26174K(26688K)->26174K(26688K) Class: 9209K(9408K)->9209K(9408K)
[416.829s][info][gc             ] GC(1146) Pause Young (Allocation Failure) 608M->383M(600M) 1.892ms
[416.829s][info][gc,cpu         ] GC(1146) User=0.00s Sys=0.00s Real=0.00s
[417.097s][info][gc,start       ] GC(1147) Pause Young (Allocation Failure)
[417.098s][info][gc,heap        ] GC(1147) PSYoungGen: 221760K(222208K)->64K(221184K) Eden: 221696K(221696K)->0K(213504K) From: 64K(512K)->64K(7680K)
[417.098s][info][gc,heap        ] GC(1147) ParOldGen: 392472K(392704K)->392480K(392704K)
[417.098s][info][gc,metaspace   ] GC(1147) Metaspace: 35383K(36096K)->35383K(36096K) NonClass: 26174K(26688K)->26174K(26688K) Class: 9209K(9408K)->9209K(9408K)
[417.098s][info][gc             ] GC(1147) Pause Young (Allocation Failure) 599M->383M(599M) 1.220ms
[417.098s][info][gc,cpu         ] GC(1147) User=0.01s Sys=0.00s Real=0.00s
[417.351s][info][gc,start       ] GC(1148) Pause Young (Allocation Failure)
[417.394s][info][gc,heap        ] GC(1148) PSYoungGen: 213568K(221184K)->7168K(263168K) Eden: 213504K(213504K)->0K(256000K) From: 64K(7680K)->7168K(7168K)
[417.394s][info][gc,heap        ] GC(1148) ParOldGen: 392480K(392704K)->408208K(408576K)
[417.394s][info][gc,metaspace   ] GC(1148) Metaspace: 35383K(36096K)->35383K(36096K) NonClass: 26174K(26688K)->26174K(26688K) Class: 9209K(9408K)->9209K(9408K)
[417.394s][info][gc             ] GC(1148) Pause Young (Allocation Failure) 591M->405M(656M) 43.029ms
[417.394s][info][gc,cpu         ] GC(1148) User=0.08s Sys=0.01s Real=0.05s
[417.686s][info][gc,start       ] GC(1149) Pause Young (Allocation Failure)
[417.742s][info][gc,heap        ] GC(1149) PSYoungGen: 263168K(263168K)->14336K(270336K) Eden: 256000K(256000K)->0K(256000K) From: 7168K(7168K)->14336K(14336K)
[417.742s][info][gc,heap        ] GC(1149) ParOldGen: 408208K(408576K)->423176K(423424K)
[417.742s][info][gc,metaspace   ] GC(1149) Metaspace: 35383K(36096K)->35383K(36096K) NonClass: 26174K(26688K)->26174K(26688K) Class: 9209K(9408K)->9209K(9408K)
[417.742s][info][gc             ] GC(1149) Pause Young (Allocation Failure) 655M->427M(677M) 56.367ms
[417.742s][info][gc,cpu         ] GC(1149) User=0.09s Sys=0.01s Real=0.06s
[417.894s][info][gc,start       ] GC(1150) Pause Young (Allocation Failure)
[417.920s][info][gc,heap        ] GC(1150) PSYoungGen: 270336K(270336K)->10912K(309760K) Eden: 256000K(256000K)->0K(286720K) From: 14336K(14336K)->10912K(23040K)
[417.920s][info][gc,heap        ] GC(1150) ParOldGen: 423176K(423424K)->423576K(423936K)
[417.920s][info][gc,metaspace   ] GC(1150) Metaspace: 35383K(36096K)->35383K(36096K) NonClass: 26174K(26688K)->26174K(26688K) Class: 9209K(9408K)->9209K(9408K)
[417.920s][info][gc             ] GC(1150) Pause Young (Allocation Failure) 677M->424M(716M) 25.683ms
[417.920s][info][gc,cpu         ] GC(1150) User=0.04s Sys=0.01s Real=0.02s
[418.354s][info][gc,start       ] GC(1151) Pause Young (Allocation Failure)
[418.356s][info][gc,heap        ] GC(1151) PSYoungGen: 297632K(309760K)->64K(287232K) Eden: 286720K(286720K)->0K(286720K) From: 10912K(23040K)->64K(512K)
[418.356s][info][gc,heap        ] GC(1151) ParOldGen: 423576K(423936K)->423584K(423936K)
[418.356s][info][gc,metaspace   ] GC(1151) Metaspace: 35383K(36096K)->35383K(36096K) NonClass: 26174K(26688K)->26174K(26688K) Class: 9209K(9408K)->9209K(9408K)
[418.356s][info][gc             ] GC(1151) Pause Young (Allocation Failure) 704M->413M(694M) 1.549ms
[418.356s][info][gc,cpu         ] GC(1151) User=0.01s Sys=0.00s Real=0.00s
[418.886s][info][gc,start       ] GC(1152) Pause Young (Allocation Failure)
[418.888s][info][gc,heap        ] GC(1152) PSYoungGen: 286784K(287232K)->64K(310272K) Eden: 286720K(286720K)->0K(287744K) From: 64K(512K)->64K(22528K)
[418.888s][info][gc,heap        ] GC(1152) ParOldGen: 423584K(423936K)->423592K(423936K)
[418.888s][info][gc,metaspace   ] GC(1152) Metaspace: 35383K(36096K)->35383K(36096K) NonClass: 26174K(26688K)->26174K(26688K) Class: 9209K(9408K)->9209K(9408K)
[418.888s][info][gc             ] GC(1152) Pause Young (Allocation Failure) 693M->413M(717M) 1.487ms
[418.888s][info][gc,cpu         ] GC(1152) User=0.00s Sys=0.00s Real=0.00s
[419.316s][info][gc,start       ] GC(1153) Pause Young (Allocation Failure)
[419.318s][info][gc,heap        ] GC(1153) PSYoungGen: 287808K(310272K)->64K(309760K) Eden: 287744K(287744K)->0K(287744K) From: 64K(22528K)->64K(22016K)
[419.318s][info][gc,heap        ] GC(1153) ParOldGen: 423592K(423936K)->423608K(423936K)
[419.318s][info][gc,metaspace   ] GC(1153) Metaspace: 35383K(36096K)->35383K(36096K) NonClass: 26174K(26688K)->26174K(26688K) Class: 9209K(9408K)->9209K(9408K)
[419.318s][info][gc             ] GC(1153) Pause Young (Allocation Failure) 694M->413M(716M) 1.709ms
[419.318s][info][gc,cpu         ] GC(1153) User=0.01s Sys=0.00s Real=0.00s
[419.524s][info][gc,start       ] GC(1154) Pause Young (Allocation Failure)
[419.526s][info][gc,heap        ] GC(1154) PSYoungGen: 287808K(309760K)->64K(310784K) Eden: 287744K(287744K)->0K(289792K) From: 64K(22016K)->64K(20992K)
[419.526s][info][gc,heap        ] GC(1154) ParOldGen: 423608K(423936K)->423624K(423936K)
[419.526s][info][gc,metaspace   ] GC(1154) Metaspace: 35383K(36096K)->35383K(36096K) NonClass: 26174K(26688K)->26174K(26688K) Class: 9209K(9408K)->9209K(9408K)
[419.526s][info][gc             ] GC(1154) Pause Young (Allocation Failure) 694M->413M(717M) 1.378ms
[419.526s][info][gc,cpu         ] GC(1154) User=0.00s Sys=0.00s Real=0.00s
[419.734s][info][gc,start       ] GC(1155) Pause Young (Allocation Failure)
[419.735s][info][gc,heap        ] GC(1155) PSYoungGen: 289856K(310784K)->64K(310272K) Eden: 289792K(289792K)->0K(289792K) From: 64K(20992K)->64K(20480K)
[419.735s][info][gc,heap        ] GC(1155) ParOldGen: 423624K(423936K)->423624K(423936K)
[419.735s][info][gc,metaspace   ] GC(1155) Metaspace: 35383K(36096K)->35383K(36096K) NonClass: 26174K(26688K)->26174K(26688K) Class: 9209K(9408K)->9209K(9408K)
[419.735s][info][gc             ] GC(1155) Pause Young (Allocation Failure) 696M->413M(717M) 1.395ms
[419.735s][info][gc,cpu         ] GC(1155) User=0.00s Sys=0.00s Real=0.00s
[420.001s][info][gc,start       ] GC(1156) Pause Young (Allocation Failure)
[420.002s][info][gc,heap        ] GC(1156) PSYoungGen: 289856K(310272K)->64K(312320K) Eden: 289792K(289792K)->0K(293376K) From: 64K(20480K)->64K(18944K)
[420.002s][info][gc,heap        ] GC(1156) ParOldGen: 423624K(423936K)->423624K(423936K)
[420.002s][info][gc,metaspace   ] GC(1156) Metaspace: 35383K(36096K)->35383K(36096K) NonClass: 26174K(26688K)->26174K(26688K) Class: 9209K(9408K)->9209K(9408K)
[420.002s][info][gc             ] GC(1156) Pause Young (Allocation Failure) 696M->413M(719M) 1.265ms
[420.002s][info][gc,cpu         ] GC(1156) User=0.00s Sys=0.00s Real=0.00s
[420.054s][info][gc,start       ] GC(1157) Pause Young (Allocation Failure)
[420.056s][info][gc,heap        ] GC(1157) PSYoungGen: 293440K(312320K)->64K(311808K) Eden: 293376K(293376K)->0K(293376K) From: 64K(18944K)->64K(18432K)
[420.056s][info][gc,heap        ] GC(1157) ParOldGen: 423624K(423936K)->423640K(423936K)
[420.056s][info][gc,metaspace   ] GC(1157) Metaspace: 35383K(36096K)->35383K(36096K) NonClass: 26174K(26688K)->26174K(26688K) Class: 9209K(9408K)->9209K(9408K)
[420.056s][info][gc             ] GC(1157) Pause Young (Allocation Failure) 700M->413M(718M) 1.293ms
[420.056s][info][gc,cpu         ] GC(1157) User=0.00s Sys=0.00s Real=0.00s
[420.156s][info][gc,start       ] GC(1158) Pause Young (Allocation Failure)
[420.157s][info][gc,heap        ] GC(1158) PSYoungGen: 293440K(311808K)->64K(314368K) Eden: 293376K(293376K)->0K(297472K) From: 64K(18432K)->64K(16896K)
[420.157s][info][gc,heap        ] GC(1158) ParOldGen: 423640K(423936K)->423640K(423936K)
[420.157s][info][gc,metaspace   ] GC(1158) Metaspace: 35383K(36096K)->35383K(36096K) NonClass: 26174K(26688K)->26174K(26688K) Class: 9209K(9408K)->9209K(9408K)
[420.157s][info][gc             ] GC(1158) Pause Young (Allocation Failure) 700M->413M(721M) 1.344ms
[420.157s][info][gc,cpu         ] GC(1158) User=0.00s Sys=0.00s Real=0.00s
[420.380s][info][gc,start       ] GC(1159) Pause Young (Allocation Failure)
[420.381s][info][gc,heap        ] GC(1159) PSYoungGen: 297536K(314368K)->64K(313856K) Eden: 297472K(297472K)->0K(297472K) From: 64K(16896K)->64K(16384K)
[420.381s][info][gc,heap        ] GC(1159) ParOldGen: 423640K(423936K)->423656K(423936K)
[420.381s][info][gc,metaspace   ] GC(1159) Metaspace: 35383K(36096K)->35383K(36096K) NonClass: 26174K(26688K)->26174K(26688K) Class: 9209K(9408K)->9209K(9408K)
[420.381s][info][gc             ] GC(1159) Pause Young (Allocation Failure) 704M->413M(720M) 1.334ms
[420.381s][info][gc,cpu         ] GC(1159) User=0.00s Sys=0.00s Real=0.00s
[420.548s][info][gc,start       ] GC(1160) Pause Young (Allocation Failure)
[420.550s][info][gc,heap        ] GC(1160) PSYoungGen: 297536K(313856K)->64K(316416K) Eden: 297472K(297472K)->0K(301056K) From: 64K(16384K)->64K(15360K)
[420.550s][info][gc,heap        ] GC(1160) ParOldGen: 423656K(423936K)->423656K(423936K)
[420.550s][info][gc,metaspace   ] GC(1160) Metaspace: 35383K(36096K)->35383K(36096K) NonClass: 26174K(26688K)->26174K(26688K) Class: 9209K(9408K)->9209K(9408K)
[420.550s][info][gc             ] GC(1160) Pause Young (Allocation Failure) 704M->413M(723M) 1.321ms
[420.550s][info][gc,cpu         ] GC(1160) User=0.00s Sys=0.00s Real=0.00s
[420.634s][info][gc,start       ] GC(1161) Pause Young (Allocation Failure)
[420.636s][info][gc,heap        ] GC(1161) PSYoungGen: 301120K(316416K)->64K(315904K) Eden: 301056K(301056K)->0K(301056K) From: 64K(15360K)->64K(14848K)
[420.636s][info][gc,heap        ] GC(1161) ParOldGen: 423656K(423936K)->423672K(423936K)
[420.636s][info][gc,metaspace   ] GC(1161) Metaspace: 35383K(36096K)->35383K(36096K) NonClass: 26174K(26688K)->26174K(26688K) Class: 9209K(9408K)->9209K(9408K)
[420.636s][info][gc             ] GC(1161) Pause Young (Allocation Failure) 707M->413M(722M) 1.536ms
[420.636s][info][gc,cpu         ] GC(1161) User=0.00s Sys=0.00s Real=0.00s
[420.803s][info][gc,start       ] GC(1162) Pause Young (Allocation Failure)
[420.804s][info][gc,heap        ] GC(1162) PSYoungGen: 301120K(315904K)->64K(317952K) Eden: 301056K(301056K)->0K(304640K) From: 64K(14848K)->64K(13312K)
[420.804s][info][gc,heap        ] GC(1162) ParOldGen: 423672K(423936K)->423672K(423936K)
[420.804s][info][gc,metaspace   ] GC(1162) Metaspace: 35383K(36096K)->35383K(36096K) NonClass: 26174K(26688K)->26174K(26688K) Class: 9209K(9408K)->9209K(9408K)
[420.804s][info][gc             ] GC(1162) Pause Young (Allocation Failure) 707M->413M(724M) 1.315ms
[420.804s][info][gc,cpu         ] GC(1162) User=0.01s Sys=0.00s Real=0.00s
[421.721s][info][gc,start       ] GC(1163) Pause Young (Allocation Failure)
[421.723s][info][gc,heap        ] GC(1163) PSYoungGen: 304704K(317952K)->64K(317440K) Eden: 304640K(304640K)->0K(304640K) From: 64K(13312K)->64K(12800K)
[421.723s][info][gc,heap        ] GC(1163) ParOldGen: 423672K(423936K)->423680K(423936K)
[421.723s][info][gc,metaspace   ] GC(1163) Metaspace: 35383K(36096K)->35383K(36096K) NonClass: 26174K(26688K)->26174K(26688K) Class: 9209K(9408K)->9209K(9408K)
[421.723s][info][gc             ] GC(1163) Pause Young (Allocation Failure) 711M->413M(724M) 1.576ms
[421.723s][info][gc,cpu         ] GC(1163) User=0.00s Sys=0.00s Real=0.01s
[422.561s][info][gc,start       ] GC(1164) Pause Young (Allocation Failure)
[422.562s][info][gc,heap        ] GC(1164) PSYoungGen: 304704K(317440K)->64K(292864K) Eden: 304640K(304640K)->0K(292352K) From: 64K(12800K)->64K(512K)
[422.562s][info][gc,heap        ] GC(1164) ParOldGen: 423680K(423936K)->423688K(423936K)
[422.562s][info][gc,metaspace   ] GC(1164) Metaspace: 35383K(36096K)->35383K(36096K) NonClass: 26174K(26688K)->26174K(26688K) Class: 9209K(9408K)->9209K(9408K)
[422.562s][info][gc             ] GC(1164) Pause Young (Allocation Failure) 711M->413M(700M) 1.486ms
[422.562s][info][gc,cpu         ] GC(1164) User=0.00s Sys=0.00s Real=0.01s
[422.967s][info][gc,start       ] GC(1165) Pause Young (Allocation Failure)
[422.968s][info][gc,heap        ] GC(1165) PSYoungGen: 292416K(292864K)->64K(291840K) Eden: 292352K(292352K)->0K(280576K) From: 64K(512K)->64K(11264K)
[422.968s][info][gc,heap        ] GC(1165) ParOldGen: 423688K(423936K)->423696K(423936K)
[422.968s][info][gc,metaspace   ] GC(1165) Metaspace: 35383K(36096K)->35383K(36096K) NonClass: 26174K(26688K)->26174K(26688K) Class: 9209K(9408K)->9209K(9408K)
[422.968s][info][gc             ] GC(1165) Pause Young (Allocation Failure) 699M->413M(699M) 1.360ms
[422.968s][info][gc,cpu         ] GC(1165) User=0.00s Sys=0.00s Real=0.00s
[423.997s][info][gc,start       ] GC(1166) Pause Young (Allocation Failure)
[423.999s][info][gc,heap        ] GC(1166) PSYoungGen: 280640K(291840K)->64K(269824K) Eden: 280576K(280576K)->0K(269312K) From: 64K(11264K)->64K(512K)
[423.999s][info][gc,heap        ] GC(1166) ParOldGen: 423696K(423936K)->423704K(423936K)
[423.999s][info][gc,metaspace   ] GC(1166) Metaspace: 35383K(36096K)->35383K(36096K) NonClass: 26174K(26688K)->26174K(26688K) Class: 9209K(9408K)->9209K(9408K)
[423.999s][info][gc             ] GC(1166) Pause Young (Allocation Failure) 687M->413M(677M) 1.995ms
[423.999s][info][gc,cpu         ] GC(1166) User=0.00s Sys=0.00s Real=0.00s
[424.404s][info][gc,start       ] GC(1167) Pause Young (Allocation Failure)
[424.405s][info][gc,heap        ] GC(1167) PSYoungGen: 269376K(269824K)->64K(268288K) Eden: 269312K(269312K)->0K(258560K) From: 64K(512K)->64K(9728K)
[424.405s][info][gc,heap        ] GC(1167) ParOldGen: 423704K(423936K)->423712K(423936K)
[424.405s][info][gc,metaspace   ] GC(1167) Metaspace: 35383K(36096K)->35383K(36096K) NonClass: 26174K(26688K)->26174K(26688K) Class: 9209K(9408K)->9209K(9408K)
[424.405s][info][gc             ] GC(1167) Pause Young (Allocation Failure) 676M->413M(676M) 1.394ms
[424.405s][info][gc,cpu         ] GC(1167) User=0.01s Sys=0.00s Real=0.00s
[424.584s][info][gc,start       ] GC(1168) Pause Young (Allocation Failure)
[424.585s][info][gc,heap        ] GC(1168) PSYoungGen: 258624K(268288K)->64K(248832K) Eden: 258560K(258560K)->0K(248320K) From: 64K(9728K)->64K(512K)
[424.585s][info][gc,heap        ] GC(1168) ParOldGen: 423712K(423936K)->423720K(423936K)
[424.585s][info][gc,metaspace   ] GC(1168) Metaspace: 35383K(36096K)->35383K(36096K) NonClass: 26174K(26688K)->26174K(26688K) Class: 9209K(9408K)->9209K(9408K)
[424.585s][info][gc             ] GC(1168) Pause Young (Allocation Failure) 666M->413M(657M) 1.540ms
[424.585s][info][gc,cpu         ] GC(1168) User=0.00s Sys=0.00s Real=0.00s
[424.822s][info][gc,start       ] GC(1169) Pause Young (Allocation Failure)
[424.823s][info][gc,heap        ] GC(1169) PSYoungGen: 248384K(248832K)->64K(247296K) Eden: 248320K(248320K)->0K(238592K) From: 64K(512K)->64K(8704K)
[424.823s][info][gc,heap        ] GC(1169) ParOldGen: 423720K(423936K)->423728K(423936K)
[424.823s][info][gc,metaspace   ] GC(1169) Metaspace: 35383K(36096K)->35383K(36096K) NonClass: 26174K(26688K)->26174K(26688K) Class: 9209K(9408K)->9209K(9408K)
[424.823s][info][gc             ] GC(1169) Pause Young (Allocation Failure) 656M->413M(655M) 1.237ms
[424.823s][info][gc,cpu         ] GC(1169) User=0.00s Sys=0.00s Real=0.00s
[425.260s][info][gc,start       ] GC(1170) Pause Young (Allocation Failure)
[425.262s][info][gc,heap        ] GC(1170) PSYoungGen: 238656K(247296K)->64K(229888K) Eden: 238592K(238592K)->0K(229376K) From: 64K(8704K)->64K(512K)
[425.262s][info][gc,heap        ] GC(1170) ParOldGen: 423728K(423936K)->423736K(423936K)
[425.262s][info][gc,metaspace   ] GC(1170) Metaspace: 35383K(36096K)->35383K(36096K) NonClass: 26174K(26688K)->26174K(26688K) Class: 9209K(9408K)->9209K(9408K)
[425.262s][info][gc             ] GC(1170) Pause Young (Allocation Failure) 646M->413M(638M) 1.761ms
[425.262s][info][gc,cpu         ] GC(1170) User=0.00s Sys=0.00s Real=0.00s
[425.558s][info][gc,start       ] GC(1171) Pause Young (Allocation Failure)
[425.561s][info][gc,heap        ] GC(1171) PSYoungGen: 229440K(229888K)->960K(228352K) Eden: 229376K(229376K)->0K(220672K) From: 64K(512K)->960K(7680K)
[425.561s][info][gc,heap        ] GC(1171) ParOldGen: 423736K(423936K)->423752K(423936K)
[425.561s][info][gc,metaspace   ] GC(1171) Metaspace: 35383K(36096K)->35383K(36096K) NonClass: 26174K(26688K)->26174K(26688K) Class: 9209K(9408K)->9209K(9408K)
[425.561s][info][gc             ] GC(1171) Pause Young (Allocation Failure) 637M->414M(637M) 2.677ms
[425.561s][info][gc,cpu         ] GC(1171) User=0.00s Sys=0.00s Real=0.00s
[425.812s][info][gc,start       ] GC(1172) Pause Young (Allocation Failure)
[425.860s][info][gc,heap        ] GC(1172) PSYoungGen: 221632K(228352K)->7168K(271872K) Eden: 220672K(220672K)->0K(264704K) From: 960K(7680K)->7168K(7168K)
[425.860s][info][gc,heap        ] GC(1172) ParOldGen: 423752K(423936K)->441488K(441856K)
[425.860s][info][gc,metaspace   ] GC(1172) Metaspace: 35383K(36096K)->35383K(36096K) NonClass: 26174K(26688K)->26174K(26688K) Class: 9209K(9408K)->9209K(9408K)
[425.860s][info][gc             ] GC(1172) Pause Young (Allocation Failure) 630M->438M(697M) 47.549ms
[425.860s][info][gc,cpu         ] GC(1172) User=0.08s Sys=0.02s Real=0.04s
[426.162s][info][gc,start       ] GC(1173) Pause Young (Allocation Failure)
[426.222s][info][gc,heap        ] GC(1173) PSYoungGen: 271872K(271872K)->15360K(280064K) Eden: 264704K(264704K)->0K(264704K) From: 7168K(7168K)->15360K(15360K)
[426.222s][info][gc,heap        ] GC(1173) ParOldGen: 441488K(441856K)->456464K(456704K)
[426.222s][info][gc,metaspace   ] GC(1173) Metaspace: 35383K(36096K)->35383K(36096K) NonClass: 26174K(26688K)->26174K(26688K) Class: 9209K(9408K)->9209K(9408K)
[426.222s][info][gc             ] GC(1173) Pause Young (Allocation Failure) 696M->460M(719M) 59.645ms
[426.222s][info][gc,cpu         ] GC(1173) User=0.10s Sys=0.01s Real=0.05s
[426.348s][info][gc,start       ] GC(1174) Pause Young (Allocation Failure)
[426.368s][info][gc,heap        ] GC(1174) PSYoungGen: 280064K(280064K)->6976K(311296K) Eden: 264704K(264704K)->0K(287232K) From: 15360K(15360K)->6976K(24064K)
[426.368s][info][gc,heap        ] GC(1174) ParOldGen: 456464K(456704K)->456864K(457216K)
[426.368s][info][gc,metaspace   ] GC(1174) Metaspace: 35383K(36096K)->35383K(36096K) NonClass: 26174K(26688K)->26174K(26688K) Class: 9209K(9408K)->9209K(9408K)
[426.368s][info][gc             ] GC(1174) Pause Young (Allocation Failure) 719M->452M(750M) 19.795ms
[426.368s][info][gc,cpu         ] GC(1174) User=0.04s Sys=0.01s Real=0.02s
[426.892s][info][gc,start       ] GC(1175) Pause Young (Allocation Failure)
[426.894s][info][gc,heap        ] GC(1175) PSYoungGen: 294208K(311296K)->64K(287744K) Eden: 287232K(287232K)->0K(287232K) From: 6976K(24064K)->64K(512K)
[426.894s][info][gc,heap        ] GC(1175) ParOldGen: 456864K(457216K)->456872K(457216K)
[426.894s][info][gc,metaspace   ] GC(1175) Metaspace: 35383K(36096K)->35383K(36096K) NonClass: 26174K(26688K)->26174K(26688K) Class: 9209K(9408K)->9209K(9408K)
[426.894s][info][gc             ] GC(1175) Pause Young (Allocation Failure) 733M->446M(727M) 1.708ms
[426.894s][info][gc,cpu         ] GC(1175) User=0.01s Sys=0.00s Real=0.01s
[427.355s][info][gc,start       ] GC(1176) Pause Young (Allocation Failure)
[427.357s][info][gc,heap        ] GC(1176) PSYoungGen: 287296K(287744K)->64K(309760K) Eden: 287232K(287232K)->0K(287744K) From: 64K(512K)->64K(22016K)
[427.357s][info][gc,heap        ] GC(1176) ParOldGen: 456872K(457216K)->456880K(457216K)
[427.357s][info][gc,metaspace   ] GC(1176) Metaspace: 35383K(36096K)->35383K(36096K) NonClass: 26174K(26688K)->26174K(26688K) Class: 9209K(9408K)->9209K(9408K)
[427.357s][info][gc             ] GC(1176) Pause Young (Allocation Failure) 726M->446M(749M) 1.578ms
[427.357s][info][gc,cpu         ] GC(1176) User=0.01s Sys=0.00s Real=0.00s
[427.770s][info][gc,start       ] GC(1177) Pause Young (Allocation Failure)
[427.771s][info][gc,heap        ] GC(1177) PSYoungGen: 287808K(309760K)->64K(309248K) Eden: 287744K(287744K)->0K(287744K) From: 64K(22016K)->64K(21504K)
[427.771s][info][gc,heap        ] GC(1177) ParOldGen: 456880K(457216K)->456896K(457216K)
[427.771s][info][gc,metaspace   ] GC(1177) Metaspace: 35383K(36096K)->35383K(36096K) NonClass: 26174K(26688K)->26174K(26688K) Class: 9209K(9408K)->9209K(9408K)
[427.771s][info][gc             ] GC(1177) Pause Young (Allocation Failure) 727M->446M(748M) 1.559ms
[427.771s][info][gc,cpu         ] GC(1177) User=0.00s Sys=0.00s Real=0.00s
[427.977s][info][gc,start       ] GC(1178) Pause Young (Allocation Failure)
[427.979s][info][gc,heap        ] GC(1178) PSYoungGen: 287808K(309248K)->64K(311296K) Eden: 287744K(287744K)->0K(290816K) From: 64K(21504K)->64K(20480K)
[427.979s][info][gc,heap        ] GC(1178) ParOldGen: 456896K(457216K)->456912K(457216K)
[427.979s][info][gc,metaspace   ] GC(1178) Metaspace: 35383K(36096K)->35383K(36096K) NonClass: 26174K(26688K)->26174K(26688K) Class: 9209K(9408K)->9209K(9408K)
[427.979s][info][gc             ] GC(1178) Pause Young (Allocation Failure) 727M->446M(750M) 1.526ms
[427.979s][info][gc,cpu         ] GC(1178) User=0.00s Sys=0.00s Real=0.00s
[428.298s][info][gc,start       ] GC(1179) Pause Young (Allocation Failure)
[428.300s][info][gc,heap        ] GC(1179) PSYoungGen: 290880K(311296K)->64K(310784K) Eden: 290816K(290816K)->0K(290816K) From: 64K(20480K)->64K(19968K)
[428.300s][info][gc,heap        ] GC(1179) ParOldGen: 456912K(457216K)->456912K(457216K)
[428.300s][info][gc,metaspace   ] GC(1179) Metaspace: 35383K(36096K)->35383K(36096K) NonClass: 26174K(26688K)->26174K(26688K) Class: 9209K(9408K)->9209K(9408K)
[428.300s][info][gc             ] GC(1179) Pause Young (Allocation Failure) 730M->446M(750M) 1.340ms
[428.300s][info][gc,cpu         ] GC(1179) User=0.00s Sys=0.00s Real=0.00s
[428.430s][info][gc,start       ] GC(1180) Pause Young (Allocation Failure)
[428.431s][info][gc,heap        ] GC(1180) PSYoungGen: 290880K(310784K)->64K(312832K) Eden: 290816K(290816K)->0K(294400K) From: 64K(19968K)->64K(18432K)
[428.431s][info][gc,heap        ] GC(1180) ParOldGen: 456912K(457216K)->456920K(457216K)
[428.431s][info][gc,metaspace   ] GC(1180) Metaspace: 35383K(36096K)->35383K(36096K) NonClass: 26174K(26688K)->26174K(26688K) Class: 9209K(9408K)->9209K(9408K)
[428.431s][info][gc             ] GC(1180) Pause Young (Allocation Failure) 730M->446M(752M) 1.398ms
[428.431s][info][gc,cpu         ] GC(1180) User=0.00s Sys=0.00s Real=0.00s
[428.481s][info][gc,start       ] GC(1181) Pause Young (Allocation Failure)
[428.483s][info][gc,heap        ] GC(1181) PSYoungGen: 294464K(312832K)->64K(312320K) Eden: 294400K(294400K)->0K(294400K) From: 64K(18432K)->64K(17920K)
[428.483s][info][gc,heap        ] GC(1181) ParOldGen: 456920K(457216K)->456936K(457216K)
[428.483s][info][gc,metaspace   ] GC(1181) Metaspace: 35383K(36096K)->35383K(36096K) NonClass: 26174K(26688K)->26174K(26688K) Class: 9209K(9408K)->9209K(9408K)
[428.483s][info][gc             ] GC(1181) Pause Young (Allocation Failure) 733M->446M(751M) 1.395ms
[428.483s][info][gc,cpu         ] GC(1181) User=0.00s Sys=0.00s Real=0.01s
[428.611s][info][gc,start       ] GC(1182) Pause Young (Allocation Failure)
[428.613s][info][gc,heap        ] GC(1182) PSYoungGen: 294464K(312320K)->64K(314880K) Eden: 294400K(294400K)->0K(297984K) From: 64K(17920K)->64K(16896K)
[428.613s][info][gc,heap        ] GC(1182) ParOldGen: 456936K(457216K)->456936K(457216K)
[428.613s][info][gc,metaspace   ] GC(1182) Metaspace: 35383K(36096K)->35383K(36096K) NonClass: 26174K(26688K)->26174K(26688K) Class: 9209K(9408K)->9209K(9408K)
[428.613s][info][gc             ] GC(1182) Pause Young (Allocation Failure) 733M->446M(754M) 1.507ms
[428.613s][info][gc,cpu         ] GC(1182) User=0.00s Sys=0.00s Real=0.01s
[428.833s][info][gc,start       ] GC(1183) Pause Young (Allocation Failure)
[428.835s][info][gc,heap        ] GC(1183) PSYoungGen: 298048K(314880K)->64K(314368K) Eden: 297984K(297984K)->0K(297984K) From: 64K(16896K)->64K(16384K)
[428.835s][info][gc,heap        ] GC(1183) ParOldGen: 456936K(457216K)->456944K(457216K)
[428.835s][info][gc,metaspace   ] GC(1183) Metaspace: 35383K(36096K)->35383K(36096K) NonClass: 26174K(26688K)->26174K(26688K) Class: 9209K(9408K)->9209K(9408K)
[428.835s][info][gc             ] GC(1183) Pause Young (Allocation Failure) 737M->446M(753M) 1.418ms
[428.835s][info][gc,cpu         ] GC(1183) User=0.00s Sys=0.00s Real=0.00s
[428.983s][info][gc,start       ] GC(1184) Pause Young (Allocation Failure)
[428.984s][info][gc,heap        ] GC(1184) PSYoungGen: 298048K(314368K)->64K(316416K) Eden: 297984K(297984K)->0K(301568K) From: 64K(16384K)->64K(14848K)
[428.984s][info][gc,heap        ] GC(1184) ParOldGen: 456944K(457216K)->456952K(457216K)
[428.984s][info][gc,metaspace   ] GC(1184) Metaspace: 35383K(36096K)->35383K(36096K) NonClass: 26174K(26688K)->26174K(26688K) Class: 9209K(9408K)->9209K(9408K)
[428.984s][info][gc             ] GC(1184) Pause Young (Allocation Failure) 737M->446M(755M) 1.580ms
[428.984s][info][gc,cpu         ] GC(1184) User=0.00s Sys=0.00s Real=0.00s
[429.076s][info][gc,start       ] GC(1185) Pause Young (Allocation Failure)
[429.077s][info][gc,heap        ] GC(1185) PSYoungGen: 301632K(316416K)->64K(315904K) Eden: 301568K(301568K)->0K(301568K) From: 64K(14848K)->64K(14336K)
[429.077s][info][gc,heap        ] GC(1185) ParOldGen: 456952K(457216K)->456960K(457216K)
[429.077s][info][gc,metaspace   ] GC(1185) Metaspace: 35383K(36096K)->35383K(36096K) NonClass: 26174K(26688K)->26174K(26688K) Class: 9209K(9408K)->9209K(9408K)
[429.077s][info][gc             ] GC(1185) Pause Young (Allocation Failure) 740M->446M(755M) 1.431ms
[429.077s][info][gc,cpu         ] GC(1185) User=0.00s Sys=0.00s Real=0.00s
[429.255s][info][gc,start       ] GC(1186) Pause Young (Allocation Failure)
[429.256s][info][gc,heap        ] GC(1186) PSYoungGen: 301632K(315904K)->64K(318464K) Eden: 301568K(301568K)->0K(305152K) From: 64K(14336K)->64K(13312K)
[429.256s][info][gc,heap        ] GC(1186) ParOldGen: 456960K(457216K)->456968K(457216K)
[429.256s][info][gc,metaspace   ] GC(1186) Metaspace: 35383K(36096K)->35383K(36096K) NonClass: 26174K(26688K)->26174K(26688K) Class: 9209K(9408K)->9209K(9408K)
[429.256s][info][gc             ] GC(1186) Pause Young (Allocation Failure) 740M->446M(757M) 1.441ms
[429.256s][info][gc,cpu         ] GC(1186) User=0.00s Sys=0.00s Real=0.00s
[430.150s][info][gc,start       ] GC(1187) Pause Young (Allocation Failure)
[430.152s][info][gc,heap        ] GC(1187) PSYoungGen: 305216K(318464K)->64K(317952K) Eden: 305152K(305152K)->0K(305152K) From: 64K(13312K)->64K(12800K)
[430.152s][info][gc,heap        ] GC(1187) ParOldGen: 456968K(457216K)->456976K(457216K)
[430.152s][info][gc,metaspace   ] GC(1187) Metaspace: 35383K(36096K)->35383K(36096K) NonClass: 26174K(26688K)->26174K(26688K) Class: 9209K(9408K)->9209K(9408K)
[430.152s][info][gc             ] GC(1187) Pause Young (Allocation Failure) 744M->446M(757M) 1.425ms
[430.152s][info][gc,cpu         ] GC(1187) User=0.01s Sys=0.00s Real=0.00s
[431.026s][info][gc,start       ] GC(1188) Pause Young (Allocation Failure)
[431.028s][info][gc,heap        ] GC(1188) PSYoungGen: 305216K(317952K)->64K(293376K) Eden: 305152K(305152K)->0K(292864K) From: 64K(12800K)->64K(512K)
[431.028s][info][gc,heap        ] GC(1188) ParOldGen: 456976K(457216K)->456984K(457216K)
[431.028s][info][gc,metaspace   ] GC(1188) Metaspace: 35383K(36096K)->35383K(36096K) NonClass: 26174K(26688K)->26174K(26688K) Class: 9209K(9408K)->9209K(9408K)
[431.028s][info][gc             ] GC(1188) Pause Young (Allocation Failure) 744M->446M(733M) 1.487ms
[431.028s][info][gc,cpu         ] GC(1188) User=0.00s Sys=0.00s Real=0.00s
[431.472s][info][gc,start       ] GC(1189) Pause Young (Allocation Failure)
[431.473s][info][gc,heap        ] GC(1189) PSYoungGen: 292928K(293376K)->64K(292352K) Eden: 292864K(292864K)->0K(281088K) From: 64K(512K)->64K(11264K)
[431.473s][info][gc,heap        ] GC(1189) ParOldGen: 456984K(457216K)->456992K(457216K)
[431.473s][info][gc,metaspace   ] GC(1189) Metaspace: 35383K(36096K)->35383K(36096K) NonClass: 26174K(26688K)->26174K(26688K) Class: 9209K(9408K)->9209K(9408K)
[431.473s][info][gc             ] GC(1189) Pause Young (Allocation Failure) 732M->446M(732M) 1.472ms
[431.473s][info][gc,cpu         ] GC(1189) User=0.01s Sys=0.00s Real=0.01s
[432.458s][info][gc,start       ] GC(1190) Pause Young (Allocation Failure)
[432.460s][info][gc,heap        ] GC(1190) PSYoungGen: 281152K(292352K)->64K(270336K) Eden: 281088K(281088K)->0K(269824K) From: 64K(11264K)->64K(512K)
[432.460s][info][gc,heap        ] GC(1190) ParOldGen: 456992K(457216K)->457000K(457216K)
[432.460s][info][gc,metaspace   ] GC(1190) Metaspace: 35383K(36096K)->35383K(36096K) NonClass: 26174K(26688K)->26174K(26688K) Class: 9209K(9408K)->9209K(9408K)
[432.460s][info][gc             ] GC(1190) Pause Young (Allocation Failure) 720M->446M(710M) 2.042ms
[432.460s][info][gc,cpu         ] GC(1190) User=0.00s Sys=0.01s Real=0.00s
[432.864s][info][gc,start       ] GC(1191) Pause Young (Allocation Failure)
[432.865s][info][gc,heap        ] GC(1191) PSYoungGen: 269888K(270336K)->64K(268800K) Eden: 269824K(269824K)->0K(259072K) From: 64K(512K)->64K(9728K)
[432.865s][info][gc,heap        ] GC(1191) ParOldGen: 457000K(457216K)->457008K(457216K)
[432.865s][info][gc,metaspace   ] GC(1191) Metaspace: 35383K(36096K)->35383K(36096K) NonClass: 26174K(26688K)->26174K(26688K) Class: 9209K(9408K)->9209K(9408K)
[432.865s][info][gc             ] GC(1191) Pause Young (Allocation Failure) 709M->446M(709M) 1.522ms
[432.865s][info][gc,cpu         ] GC(1191) User=0.00s Sys=0.00s Real=0.00s
[433.020s][info][gc,start       ] GC(1192) Pause Young (Allocation Failure)
[433.022s][info][gc,heap        ] GC(1192) PSYoungGen: 259136K(268800K)->64K(249344K) Eden: 259072K(259072K)->0K(248832K) From: 64K(9728K)->64K(512K)
[433.022s][info][gc,heap        ] GC(1192) ParOldGen: 457008K(457216K)->457016K(457216K)
[433.022s][info][gc,metaspace   ] GC(1192) Metaspace: 35383K(36096K)->35383K(36096K) NonClass: 26174K(26688K)->26174K(26688K) Class: 9209K(9408K)->9209K(9408K)
[433.022s][info][gc             ] GC(1192) Pause Young (Allocation Failure) 699M->446M(690M) 1.761ms
[433.022s][info][gc,cpu         ] GC(1192) User=0.00s Sys=0.00s Real=0.01s
[433.385s][info][gc,start       ] GC(1193) Pause Young (Allocation Failure)
[433.386s][info][gc,heap        ] GC(1193) PSYoungGen: 248896K(249344K)->64K(247808K) Eden: 248832K(248832K)->0K(239104K) From: 64K(512K)->64K(8704K)
[433.386s][info][gc,heap        ] GC(1193) ParOldGen: 457016K(457216K)->457024K(457216K)
[433.386s][info][gc,metaspace   ] GC(1193) Metaspace: 35383K(36096K)->35383K(36096K) NonClass: 26174K(26688K)->26174K(26688K) Class: 9209K(9408K)->9209K(9408K)
[433.386s][info][gc             ] GC(1193) Pause Young (Allocation Failure) 689M->446M(688M) 1.458ms
[433.386s][info][gc,cpu         ] GC(1193) User=0.00s Sys=0.00s Real=0.00s
[433.717s][info][gc,start       ] GC(1194) Pause Young (Allocation Failure)
[433.718s][info][gc,heap        ] GC(1194) PSYoungGen: 239168K(247808K)->64K(230400K) Eden: 239104K(239104K)->0K(229888K) From: 64K(8704K)->64K(512K)
[433.718s][info][gc,heap        ] GC(1194) ParOldGen: 457024K(457216K)->457032K(457216K)
[433.718s][info][gc,metaspace   ] GC(1194) Metaspace: 35383K(36096K)->35383K(36096K) NonClass: 26174K(26688K)->26174K(26688K) Class: 9209K(9408K)->9209K(9408K)
[433.718s][info][gc             ] GC(1194) Pause Young (Allocation Failure) 679M->446M(671M) 1.878ms
[433.718s][info][gc,cpu         ] GC(1194) User=0.00s Sys=0.00s Real=0.00s
[434.043s][info][gc,start       ] GC(1195) Pause Young (Allocation Failure)
[434.055s][info][gc,heap        ] GC(1195) PSYoungGen: 229951K(230400K)->7168K(280576K) Eden: 229887K(229888K)->0K(273408K) From: 64K(512K)->7168K(7168K)
[434.055s][info][gc,heap        ] GC(1195) ParOldGen: 457032K(457216K)->457064K(457216K)
[434.055s][info][gc,metaspace   ] GC(1195) Metaspace: 35383K(36096K)->35383K(36096K) NonClass: 26174K(26688K)->26174K(26688K) Class: 9209K(9408K)->9209K(9408K)
[434.055s][info][gc             ] GC(1195) Pause Young (Allocation Failure) 670M->453M(720M) 11.676ms
[434.055s][info][gc,cpu         ] GC(1195) User=0.02s Sys=0.00s Real=0.01s
[434.380s][info][gc,start       ] GC(1196) Pause Young (Allocation Failure)
[434.441s][info][gc,heap        ] GC(1196) PSYoungGen: 280576K(280576K)->7168K(274432K) Eden: 273408K(273408K)->0K(267264K) From: 7168K(7168K)->7168K(7168K)
[434.441s][info][gc,heap        ] GC(1196) ParOldGen: 457064K(457216K)->480752K(480768K)
[434.441s][info][gc,metaspace   ] GC(1196) Metaspace: 35383K(36096K)->35383K(36096K) NonClass: 26174K(26688K)->26174K(26688K) Class: 9209K(9408K)->9209K(9408K)
[434.441s][info][gc             ] GC(1196) Pause Young (Allocation Failure) 720M->476M(737M) 60.501ms
[434.441s][info][gc,cpu         ] GC(1196) User=0.10s Sys=0.01s Real=0.06s
[434.703s][info][gc,start       ] GC(1197) Pause Young (Allocation Failure)
[434.749s][info][gc,heap        ] GC(1197) PSYoungGen: 274432K(274432K)->19456K(286720K) Eden: 267264K(267264K)->0K(267264K) From: 7168K(7168K)->19456K(19456K)
[434.749s][info][gc,heap        ] GC(1197) ParOldGen: 480752K(480768K)->486520K(486912K)
[434.749s][info][gc,metaspace   ] GC(1197) Metaspace: 35383K(36096K)->35383K(36096K) NonClass: 26174K(26688K)->26174K(26688K) Class: 9209K(9408K)->9209K(9408K)
[434.749s][info][gc             ] GC(1197) Pause Young (Allocation Failure) 737M->494M(755M) 46.051ms
[434.749s][info][gc,cpu         ] GC(1197) User=0.09s Sys=0.01s Real=0.04s
[434.899s][info][gc,start       ] GC(1198) Pause Young (Allocation Failure)
[434.902s][info][gc,heap        ] GC(1198) PSYoungGen: 286720K(286720K)->64K(309248K) Eden: 267264K(267264K)->0K(283648K) From: 19456K(19456K)->64K(25600K)
[434.902s][info][gc,heap        ] GC(1198) ParOldGen: 486520K(486912K)->486664K(486912K)
[434.902s][info][gc,metaspace   ] GC(1198) Metaspace: 35383K(36096K)->35383K(36096K) NonClass: 26174K(26688K)->26174K(26688K) Class: 9209K(9408K)->9209K(9408K)
[434.902s][info][gc             ] GC(1198) Pause Young (Allocation Failure) 755M->475M(777M) 3.268ms
[434.902s][info][gc,cpu         ] GC(1198) User=0.00s Sys=0.00s Real=0.00s
[435.577s][info][gc,start       ] GC(1199) Pause Young (Allocation Failure)
[435.578s][info][gc,heap        ] GC(1199) PSYoungGen: 283712K(309248K)->64K(284160K) Eden: 283648K(283648K)->0K(283648K) From: 64K(25600K)->64K(512K)
[435.578s][info][gc,heap        ] GC(1199) ParOldGen: 486664K(486912K)->486680K(486912K)
[435.578s][info][gc,metaspace   ] GC(1199) Metaspace: 35383K(36096K)->35383K(36096K) NonClass: 26174K(26688K)->26174K(26688K) Class: 9209K(9408K)->9209K(9408K)
[435.578s][info][gc             ] GC(1199) Pause Young (Allocation Failure) 752M->475M(753M) 1.718ms
[435.578s][info][gc,cpu         ] GC(1199) User=0.00s Sys=0.00s Real=0.00s
[435.950s][info][gc,start       ] GC(1200) Pause Young (Allocation Failure)
[435.955s][info][gc,heap        ] GC(1200) PSYoungGen: 283712K(284160K)->128K(308736K) Eden: 283648K(283648K)->0K(284672K) From: 64K(512K)->128K(24064K)
[435.955s][info][gc,heap        ] GC(1200) ParOldGen: 486680K(486912K)->486688K(486912K)
[435.955s][info][gc,metaspace   ] GC(1200) Metaspace: 35457K(36224K)->35457K(36224K) NonClass: 26245K(26816K)->26245K(26816K) Class: 9211K(9408K)->9211K(9408K)
[435.955s][info][gc             ] GC(1200) Pause Young (Allocation Failure) 752M->475M(777M) 4.579ms
[435.955s][info][gc,cpu         ] GC(1200) User=0.01s Sys=0.00s Real=0.01s
[436.332s][info][gc,start       ] GC(1201) Pause Young (Allocation Failure)
[436.336s][info][gc,heap        ] GC(1201) PSYoungGen: 284800K(308736K)->32K(307712K) Eden: 284672K(284672K)->0K(284672K) From: 128K(24064K)->32K(23040K)
[436.336s][info][gc,heap        ] GC(1201) ParOldGen: 486688K(486912K)->486776K(486912K)
[436.336s][info][gc,metaspace   ] GC(1201) Metaspace: 35457K(36224K)->35457K(36224K) NonClass: 26245K(26816K)->26245K(26816K) Class: 9211K(9408K)->9211K(9408K)
[436.336s][info][gc             ] GC(1201) Pause Young (Allocation Failure) 753M->475M(776M) 3.565ms
[436.336s][info][gc,cpu         ] GC(1201) User=0.00s Sys=0.00s Real=0.00s
[436.539s][info][gc,start       ] GC(1202) Pause Young (Allocation Failure)
[436.541s][info][gc,heap        ] GC(1202) PSYoungGen: 284704K(307712K)->64K(309760K) Eden: 284672K(284672K)->0K(287744K) From: 32K(23040K)->64K(22016K)
[436.541s][info][gc,heap        ] GC(1202) ParOldGen: 486776K(486912K)->486792K(486912K)
[436.541s][info][gc,metaspace   ] GC(1202) Metaspace: 35457K(36224K)->35457K(36224K) NonClass: 26245K(26816K)->26245K(26816K) Class: 9211K(9408K)->9211K(9408K)
[436.541s][info][gc             ] GC(1202) Pause Young (Allocation Failure) 753M->475M(778M) 1.984ms
[436.541s][info][gc,cpu         ] GC(1202) User=0.00s Sys=0.00s Real=0.00s
[436.887s][info][gc,start       ] GC(1203) Pause Young (Allocation Failure)
[436.889s][info][gc,heap        ] GC(1203) PSYoungGen: 287808K(309760K)->64K(308736K) Eden: 287744K(287744K)->0K(287744K) From: 64K(22016K)->64K(20992K)
[436.889s][info][gc,heap        ] GC(1203) ParOldGen: 486792K(486912K)->486792K(486912K)
[436.889s][info][gc,metaspace   ] GC(1203) Metaspace: 35457K(36224K)->35457K(36224K) NonClass: 26245K(26816K)->26245K(26816K) Class: 9211K(9408K)->9211K(9408K)
[436.889s][info][gc             ] GC(1203) Pause Young (Allocation Failure) 756M->475M(777M) 1.580ms
[436.889s][info][gc,cpu         ] GC(1203) User=0.01s Sys=0.00s Real=0.00s
[436.953s][info][gc,start       ] GC(1204) Pause Young (Allocation Failure)
[436.954s][info][gc,heap        ] GC(1204) PSYoungGen: 287808K(308736K)->64K(311808K) Eden: 287744K(287744K)->0K(291840K) From: 64K(20992K)->64K(19968K)
[436.954s][info][gc,heap        ] GC(1204) ParOldGen: 486792K(486912K)->486800K(486912K)
[436.954s][info][gc,metaspace   ] GC(1204) Metaspace: 35457K(36224K)->35457K(36224K) NonClass: 26245K(26816K)->26245K(26816K) Class: 9211K(9408K)->9211K(9408K)
[436.954s][info][gc             ] GC(1204) Pause Young (Allocation Failure) 756M->475M(780M) 1.513ms
[436.954s][info][gc,cpu         ] GC(1204) User=0.00s Sys=0.00s Real=0.00s
[437.004s][info][gc,start       ] GC(1205) Pause Young (Allocation Failure)
[437.005s][info][gc,heap        ] GC(1205) PSYoungGen: 291904K(311808K)->64K(310784K) Eden: 291840K(291840K)->0K(291840K) From: 64K(19968K)->64K(18944K)
[437.005s][info][gc,heap        ] GC(1205) ParOldGen: 486800K(486912K)->486816K(486912K)
[437.005s][info][gc,metaspace   ] GC(1205) Metaspace: 35457K(36224K)->35457K(36224K) NonClass: 26245K(26816K)->26245K(26816K) Class: 9211K(9408K)->9211K(9408K)
[437.005s][info][gc             ] GC(1205) Pause Young (Allocation Failure) 760M->475M(779M) 1.344ms
[437.005s][info][gc,cpu         ] GC(1205) User=0.00s Sys=0.00s Real=0.00s
[437.172s][info][gc,start       ] GC(1206) Pause Young (Allocation Failure)
[437.174s][info][gc,heap        ] GC(1206) PSYoungGen: 291904K(310784K)->64K(313856K) Eden: 291840K(291840K)->0K(295936K) From: 64K(18944K)->64K(17920K)
[437.174s][info][gc,heap        ] GC(1206) ParOldGen: 486816K(486912K)->486816K(486912K)
[437.174s][info][gc,metaspace   ] GC(1206) Metaspace: 35457K(36224K)->35457K(36224K) NonClass: 26245K(26816K)->26245K(26816K) Class: 9211K(9408K)->9211K(9408K)
[437.174s][info][gc             ] GC(1206) Pause Young (Allocation Failure) 760M->475M(782M) 1.478ms
[437.174s][info][gc,cpu         ] GC(1206) User=0.00s Sys=0.00s Real=0.00s
[437.391s][info][gc,start       ] GC(1207) Pause Young (Allocation Failure)
[437.392s][info][gc,heap        ] GC(1207) PSYoungGen: 296000K(313856K)->64K(312832K) Eden: 295936K(295936K)->0K(295936K) From: 64K(17920K)->64K(16896K)
[437.392s][info][gc,heap        ] GC(1207) ParOldGen: 486816K(486912K)->486824K(486912K)
[437.392s][info][gc,metaspace   ] GC(1207) Metaspace: 35469K(36224K)->35469K(36224K) NonClass: 26257K(26816K)->26257K(26816K) Class: 9211K(9408K)->9211K(9408K)
[437.392s][info][gc             ] GC(1207) Pause Young (Allocation Failure) 764M->475M(781M) 1.496ms
[437.392s][info][gc,cpu         ] GC(1207) User=0.00s Sys=0.00s Real=0.01s
[437.511s][info][gc,start       ] GC(1208) Pause Young (Allocation Failure)
[437.513s][info][gc,heap        ] GC(1208) PSYoungGen: 296000K(312832K)->64K(315904K) Eden: 295936K(295936K)->0K(300032K) From: 64K(16896K)->64K(15872K)
[437.513s][info][gc,heap        ] GC(1208) ParOldGen: 486824K(486912K)->486832K(486912K)
[437.513s][info][gc,metaspace   ] GC(1208) Metaspace: 35469K(36224K)->35469K(36224K) NonClass: 26257K(26816K)->26257K(26816K) Class: 9211K(9408K)->9211K(9408K)
[437.513s][info][gc             ] GC(1208) Pause Young (Allocation Failure) 764M->475M(784M) 1.456ms
[437.513s][info][gc,cpu         ] GC(1208) User=0.00s Sys=0.00s Real=0.01s
[437.622s][info][gc,start       ] GC(1209) Pause Young (Allocation Failure)
[437.623s][info][gc,heap        ] GC(1209) PSYoungGen: 300096K(315904K)->64K(314880K) Eden: 300032K(300032K)->0K(300032K) From: 64K(15872K)->64K(14848K)
[437.623s][info][gc,heap        ] GC(1209) ParOldGen: 486832K(486912K)->486840K(486912K)
[437.623s][info][gc,metaspace   ] GC(1209) Metaspace: 35469K(36224K)->35469K(36224K) NonClass: 26257K(26816K)->26257K(26816K) Class: 9211K(9408K)->9211K(9408K)
[437.623s][info][gc             ] GC(1209) Pause Young (Allocation Failure) 768M->475M(783M) 1.441ms
[437.623s][info][gc,cpu         ] GC(1209) User=0.00s Sys=0.00s Real=0.01s
[437.985s][info][gc,start       ] GC(1210) Pause Young (Allocation Failure)
[437.986s][info][gc,heap        ] GC(1210) PSYoungGen: 300096K(314880K)->64K(317440K) Eden: 300032K(300032K)->0K(303616K) From: 64K(14848K)->64K(13824K)
[437.986s][info][gc,heap        ] GC(1210) ParOldGen: 486840K(486912K)->486848K(486912K)
[437.986s][info][gc,metaspace   ] GC(1210) Metaspace: 35469K(36224K)->35469K(36224K) NonClass: 26257K(26816K)->26257K(26816K) Class: 9211K(9408K)->9211K(9408K)
[437.986s][info][gc             ] GC(1210) Pause Young (Allocation Failure) 768M->475M(785M) 1.522ms
[437.986s][info][gc,cpu         ] GC(1210) User=0.00s Sys=0.00s Real=0.00s
[438.680s][info][gc,start       ] GC(1211) Pause Young (Allocation Failure)
[438.682s][info][gc,heap        ] GC(1211) PSYoungGen: 303680K(317440K)->64K(291840K) Eden: 303616K(303616K)->0K(291328K) From: 64K(13824K)->64K(512K)
[438.682s][info][gc,heap        ] GC(1211) ParOldGen: 486848K(486912K)->486856K(486912K)
[438.682s][info][gc,metaspace   ] GC(1211) Metaspace: 35469K(36224K)->35469K(36224K) NonClass: 26257K(26816K)->26257K(26816K) Class: 9211K(9408K)->9211K(9408K)
[438.682s][info][gc             ] GC(1211) Pause Young (Allocation Failure) 772M->475M(760M) 1.570ms
[438.682s][info][gc,cpu         ] GC(1211) User=0.00s Sys=0.00s Real=0.00s
[439.588s][info][gc,start       ] GC(1212) Pause Young (Allocation Failure)
[439.590s][info][gc,heap        ] GC(1212) PSYoungGen: 291392K(291840K)->64K(280064K) Eden: 291328K(291328K)->0K(279552K) From: 64K(512K)->64K(512K)
[439.590s][info][gc,heap        ] GC(1212) ParOldGen: 486856K(486912K)->486864K(486912K)
[439.590s][info][gc,metaspace   ] GC(1212) Metaspace: 35469K(36224K)->35469K(36224K) NonClass: 26257K(26816K)->26257K(26816K) Class: 9211K(9408K)->9211K(9408K)
[439.590s][info][gc             ] GC(1212) Pause Young (Allocation Failure) 760M->475M(749M) 1.564ms
[439.590s][info][gc,cpu         ] GC(1212) User=0.00s Sys=0.00s Real=0.00s
[440.034s][info][gc,start       ] GC(1213) Pause Young (Allocation Failure)
[440.035s][info][gc,heap        ] GC(1213) PSYoungGen: 279616K(280064K)->64K(279552K) Eden: 279552K(279552K)->0K(268288K) From: 64K(512K)->64K(11264K)
[440.035s][info][gc,heap        ] GC(1213) ParOldGen: 486864K(486912K)->486872K(486912K)
[440.035s][info][gc,metaspace   ] GC(1213) Metaspace: 35469K(36224K)->35469K(36224K) NonClass: 26257K(26816K)->26257K(26816K) Class: 9211K(9408K)->9211K(9408K)
[440.035s][info][gc             ] GC(1213) Pause Young (Allocation Failure) 748M->475M(748M) 1.487ms
[440.035s][info][gc,cpu         ] GC(1213) User=0.00s Sys=0.00s Real=0.00s
[441.016s][info][gc,start       ] GC(1214) Pause Young (Allocation Failure)
[441.018s][info][gc,heap        ] GC(1214) PSYoungGen: 268352K(279552K)->64K(258560K) Eden: 268288K(268288K)->0K(258048K) From: 64K(11264K)->64K(512K)
[441.018s][info][gc,heap        ] GC(1214) ParOldGen: 486872K(486912K)->486880K(486912K)
[441.018s][info][gc,metaspace   ] GC(1214) Metaspace: 35469K(36224K)->35469K(36224K) NonClass: 26257K(26816K)->26257K(26816K) Class: 9211K(9408K)->9211K(9408K)
[441.018s][info][gc             ] GC(1214) Pause Young (Allocation Failure) 737M->475M(728M) 2.085ms
[441.018s][info][gc,cpu         ] GC(1214) User=0.00s Sys=0.00s Real=0.00s
[441.400s][info][gc,start       ] GC(1215) Pause Young (Allocation Failure)
[441.401s][info][gc,heap        ] GC(1215) PSYoungGen: 258112K(258560K)->64K(257536K) Eden: 258048K(258048K)->0K(247808K) From: 64K(512K)->64K(9728K)
[441.401s][info][gc,heap        ] GC(1215) ParOldGen: 486880K(486912K)->486888K(486912K)
[441.401s][info][gc,metaspace   ] GC(1215) Metaspace: 35469K(36224K)->35469K(36224K) NonClass: 26257K(26816K)->26257K(26816K) Class: 9211K(9408K)->9211K(9408K)
[441.401s][info][gc             ] GC(1215) Pause Young (Allocation Failure) 727M->475M(727M) 1.605ms
[441.401s][info][gc,cpu         ] GC(1215) User=0.00s Sys=0.00s Real=0.00s
[441.549s][info][gc,start       ] GC(1216) Pause Young (Allocation Failure)
[441.551s][info][gc,heap        ] GC(1216) PSYoungGen: 247872K(257536K)->64K(238592K) Eden: 247808K(247808K)->0K(238080K) From: 64K(9728K)->64K(512K)
[441.551s][info][gc,heap        ] GC(1216) ParOldGen: 486888K(486912K)->486896K(486912K)
[441.551s][info][gc,metaspace   ] GC(1216) Metaspace: 35469K(36224K)->35469K(36224K) NonClass: 26257K(26816K)->26257K(26816K) Class: 9211K(9408K)->9211K(9408K)
[441.551s][info][gc             ] GC(1216) Pause Young (Allocation Failure) 717M->475M(708M) 2.403ms
[441.551s][info][gc,cpu         ] GC(1216) User=0.00s Sys=0.00s Real=0.00s
[441.882s][info][gc,start       ] GC(1217) Pause Young (Allocation Failure)
[441.885s][info][gc,heap        ] GC(1217) PSYoungGen: 238144K(238592K)->64K(237568K) Eden: 238080K(238080K)->0K(228864K) From: 64K(512K)->64K(8704K)
[441.885s][info][gc,heap        ] GC(1217) ParOldGen: 486896K(486912K)->486904K(486912K)
[441.885s][info][gc,metaspace   ] GC(1217) Metaspace: 35469K(36224K)->35469K(36224K) NonClass: 26257K(26816K)->26257K(26816K) Class: 9211K(9408K)->9211K(9408K)
[441.885s][info][gc             ] GC(1217) Pause Young (Allocation Failure) 708M->475M(707M) 2.872ms
[441.885s][info][gc,cpu         ] GC(1217) User=0.00s Sys=0.00s Real=0.00s
[442.231s][info][gc,start       ] GC(1218) Pause Young (Allocation Failure)
[442.234s][info][gc,heap        ] GC(1218) PSYoungGen: 228928K(237568K)->32K(220672K) Eden: 228864K(228864K)->0K(220160K) From: 64K(8704K)->32K(512K)
[442.234s][info][gc,heap        ] GC(1218) ParOldGen: 486904K(486912K)->486912K(487424K)
[442.234s][info][gc,metaspace   ] GC(1218) Metaspace: 35469K(36224K)->35469K(36224K) NonClass: 26257K(26816K)->26257K(26816K) Class: 9211K(9408K)->9211K(9408K)
[442.234s][info][gc             ] GC(1218) Pause Young (Allocation Failure) 699M->475M(691M) 3.094ms
[442.234s][info][gc,cpu         ] GC(1218) User=0.00s Sys=0.00s Real=0.01s
[442.547s][info][gc,start       ] GC(1219) Pause Young (Allocation Failure)
[442.555s][info][gc,heap        ] GC(1219) PSYoungGen: 220192K(220672K)->3424K(269312K) Eden: 220160K(220160K)->0K(261632K) From: 32K(512K)->3424K(7680K)
[442.555s][info][gc,heap        ] GC(1219) ParOldGen: 486912K(487424K)->486920K(487424K)
[442.555s][info][gc,metaspace   ] GC(1219) Metaspace: 35469K(36224K)->35469K(36224K) NonClass: 26257K(26816K)->26257K(26816K) Class: 9211K(9408K)->9211K(9408K)
[442.555s][info][gc             ] GC(1219) Pause Young (Allocation Failure) 690M->478M(739M) 8.131ms
[442.555s][info][gc,cpu         ] GC(1219) User=0.01s Sys=0.00s Real=0.01s
[442.854s][info][gc,start       ] GC(1220) Pause Young (Allocation Failure)
[442.914s][info][gc,heap        ] GC(1220) PSYoungGen: 265056K(269312K)->7680K(261120K) Eden: 261632K(261632K)->0K(253440K) From: 3424K(7680K)->7680K(7680K)
[442.914s][info][gc,heap        ] GC(1220) ParOldGen: 486920K(487424K)->508768K(508928K)
[442.914s][info][gc,metaspace   ] GC(1220) Metaspace: 35469K(36224K)->35469K(36224K) NonClass: 26257K(26816K)->26257K(26816K) Class: 9211K(9408K)->9211K(9408K)
[442.914s][info][gc             ] GC(1220) Pause Young (Allocation Failure) 734M->504M(752M) 60.467ms
[442.914s][info][gc,cpu         ] GC(1220) User=0.10s Sys=0.01s Real=0.06s
[443.205s][info][gc,start       ] GC(1221) Pause Young (Allocation Failure)
[443.261s][info][gc,heap        ] GC(1221) PSYoungGen: 261120K(261120K)->17920K(271360K) Eden: 253440K(253440K)->0K(253440K) From: 7680K(7680K)->17920K(17920K)
[443.261s][info][gc,heap        ] GC(1221) ParOldGen: 508768K(508928K)->520024K(520192K)
[443.261s][info][gc,metaspace   ] GC(1221) Metaspace: 35469K(36224K)->35469K(36224K) NonClass: 26257K(26816K)->26257K(26816K) Class: 9211K(9408K)->9211K(9408K)
[443.261s][info][gc             ] GC(1221) Pause Young (Allocation Failure) 751M->525M(773M) 56.087ms
[443.261s][info][gc,cpu         ] GC(1221) User=0.10s Sys=0.01s Real=0.05s
[443.350s][info][gc,start       ] GC(1222) Pause Young (Allocation Failure)
[443.357s][info][gc,heap        ] GC(1222) PSYoungGen: 271360K(271360K)->1152K(309248K) Eden: 253440K(253440K)->0K(283648K) From: 17920K(17920K)->1152K(25600K)
[443.357s][info][gc,heap        ] GC(1222) ParOldGen: 520024K(520192K)->520320K(520704K)
[443.357s][info][gc,metaspace   ] GC(1222) Metaspace: 35469K(36224K)->35469K(36224K) NonClass: 26257K(26816K)->26257K(26816K) Class: 9211K(9408K)->9211K(9408K)
[443.357s][info][gc             ] GC(1222) Pause Young (Allocation Failure) 772M->509M(810M) 7.185ms
[443.357s][info][gc,cpu         ] GC(1222) User=0.01s Sys=0.00s Real=0.01s
[443.945s][info][gc,start       ] GC(1223) Pause Young (Allocation Failure)
[443.947s][info][gc,heap        ] GC(1223) PSYoungGen: 284800K(309248K)->64K(284160K) Eden: 283648K(283648K)->0K(283648K) From: 1152K(25600K)->64K(512K)
[443.947s][info][gc,heap        ] GC(1223) ParOldGen: 520320K(520704K)->520328K(520704K)
[443.947s][info][gc,metaspace   ] GC(1223) Metaspace: 35469K(36224K)->35469K(36224K) NonClass: 26257K(26816K)->26257K(26816K) Class: 9211K(9408K)->9211K(9408K)
[443.947s][info][gc             ] GC(1223) Pause Young (Allocation Failure) 786M->508M(786M) 1.778ms
[443.947s][info][gc,cpu         ] GC(1223) User=0.00s Sys=0.00s Real=0.00s
[444.344s][info][gc,start       ] GC(1224) Pause Young (Allocation Failure)
[444.347s][info][gc,heap        ] GC(1224) PSYoungGen: 283712K(284160K)->64K(308736K) Eden: 283648K(283648K)->0K(284672K) From: 64K(512K)->64K(24064K)
[444.347s][info][gc,heap        ] GC(1224) ParOldGen: 520328K(520704K)->520336K(520704K)
[444.347s][info][gc,metaspace   ] GC(1224) Metaspace: 35469K(36224K)->35469K(36224K) NonClass: 26257K(26816K)->26257K(26816K) Class: 9211K(9408K)->9211K(9408K)
[444.347s][info][gc             ] GC(1224) Pause Young (Allocation Failure) 785M->508M(810M) 2.255ms
[444.347s][info][gc,cpu         ] GC(1224) User=0.00s Sys=0.00s Real=0.00s
[444.754s][info][gc,start       ] GC(1225) Pause Young (Allocation Failure)
[444.756s][info][gc,heap        ] GC(1225) PSYoungGen: 284736K(308736K)->64K(307712K) Eden: 284672K(284672K)->0K(284672K) From: 64K(24064K)->64K(23040K)
[444.756s][info][gc,heap        ] GC(1225) ParOldGen: 520336K(520704K)->520352K(520704K)
[444.756s][info][gc,metaspace   ] GC(1225) Metaspace: 35469K(36224K)->35469K(36224K) NonClass: 26257K(26816K)->26257K(26816K) Class: 9211K(9408K)->9211K(9408K)
[444.756s][info][gc             ] GC(1225) Pause Young (Allocation Failure) 786M->508M(809M) 1.791ms
[444.756s][info][gc,cpu         ] GC(1225) User=0.00s Sys=0.00s Real=0.00s
[444.958s][info][gc,start       ] GC(1226) Pause Young (Allocation Failure)
[444.960s][info][gc,heap        ] GC(1226) PSYoungGen: 284736K(307712K)->64K(309760K) Eden: 284672K(284672K)->0K(287744K) From: 64K(23040K)->64K(22016K)
[444.960s][info][gc,heap        ] GC(1226) ParOldGen: 520352K(520704K)->520368K(520704K)
[444.960s][info][gc,metaspace   ] GC(1226) Metaspace: 35469K(36224K)->35469K(36224K) NonClass: 26257K(26816K)->26257K(26816K) Class: 9211K(9408K)->9211K(9408K)
[444.960s][info][gc             ] GC(1226) Pause Young (Allocation Failure) 786M->508M(811M) 1.702ms
[444.960s][info][gc,cpu         ] GC(1226) User=0.01s Sys=0.00s Real=0.00s
[445.285s][info][gc,start       ] GC(1227) Pause Young (Allocation Failure)
[445.287s][info][gc,heap        ] GC(1227) PSYoungGen: 287808K(309760K)->64K(308736K) Eden: 287744K(287744K)->0K(287744K) From: 64K(22016K)->64K(20992K)
[445.287s][info][gc,heap        ] GC(1227) ParOldGen: 520368K(520704K)->520368K(520704K)
[445.287s][info][gc,metaspace   ] GC(1227) Metaspace: 35469K(36224K)->35469K(36224K) NonClass: 26257K(26816K)->26257K(26816K) Class: 9211K(9408K)->9211K(9408K)
[445.287s][info][gc             ] GC(1227) Pause Young (Allocation Failure) 789M->508M(810M) 1.740ms
[445.287s][info][gc,cpu         ] GC(1227) User=0.00s Sys=0.00s Real=0.00s
[445.396s][info][gc,start       ] GC(1228) Pause Young (Allocation Failure)
[445.397s][info][gc,heap        ] GC(1228) PSYoungGen: 287808K(308736K)->64K(311808K) Eden: 287744K(287744K)->0K(291840K) From: 64K(20992K)->64K(19968K)
[445.397s][info][gc,heap        ] GC(1228) ParOldGen: 520368K(520704K)->520376K(520704K)
[445.397s][info][gc,metaspace   ] GC(1228) Metaspace: 35469K(36224K)->35469K(36224K) NonClass: 26257K(26816K)->26257K(26816K) Class: 9211K(9408K)->9211K(9408K)
[445.397s][info][gc             ] GC(1228) Pause Young (Allocation Failure) 789M->508M(813M) 1.570ms
[445.397s][info][gc,cpu         ] GC(1228) User=0.00s Sys=0.00s Real=0.00s
[445.450s][info][gc,start       ] GC(1229) Pause Young (Allocation Failure)
[445.451s][info][gc,heap        ] GC(1229) PSYoungGen: 291904K(311808K)->64K(310784K) Eden: 291840K(291840K)->0K(291840K) From: 64K(19968K)->64K(18944K)
[445.451s][info][gc,heap        ] GC(1229) ParOldGen: 520376K(520704K)->520392K(520704K)
[445.451s][info][gc,metaspace   ] GC(1229) Metaspace: 35469K(36224K)->35469K(36224K) NonClass: 26257K(26816K)->26257K(26816K) Class: 9211K(9408K)->9211K(9408K)
[445.451s][info][gc             ] GC(1229) Pause Young (Allocation Failure) 793M->508M(812M) 1.561ms
[445.451s][info][gc,cpu         ] GC(1229) User=0.01s Sys=0.00s Real=0.00s
[445.588s][info][gc,start       ] GC(1230) Pause Young (Allocation Failure)
[445.589s][info][gc,heap        ] GC(1230) PSYoungGen: 291904K(310784K)->64K(313856K) Eden: 291840K(291840K)->0K(295936K) From: 64K(18944K)->64K(17920K)
[445.589s][info][gc,heap        ] GC(1230) ParOldGen: 520392K(520704K)->520392K(520704K)
[445.589s][info][gc,metaspace   ] GC(1230) Metaspace: 35469K(36224K)->35469K(36224K) NonClass: 26257K(26816K)->26257K(26816K) Class: 9211K(9408K)->9211K(9408K)
[445.589s][info][gc             ] GC(1230) Pause Young (Allocation Failure) 793M->508M(815M) 1.638ms
[445.589s][info][gc,cpu         ] GC(1230) User=0.00s Sys=0.00s Real=0.00s
[445.808s][info][gc,start       ] GC(1231) Pause Young (Allocation Failure)
[445.809s][info][gc,heap        ] GC(1231) PSYoungGen: 296000K(313856K)->64K(312832K) Eden: 295936K(295936K)->0K(295936K) From: 64K(17920K)->64K(16896K)
[445.809s][info][gc,heap        ] GC(1231) ParOldGen: 520392K(520704K)->520400K(520704K)
[445.809s][info][gc,metaspace   ] GC(1231) Metaspace: 35469K(36224K)->35469K(36224K) NonClass: 26257K(26816K)->26257K(26816K) Class: 9211K(9408K)->9211K(9408K)
[445.809s][info][gc             ] GC(1231) Pause Young (Allocation Failure) 797M->508M(814M) 1.637ms
[445.809s][info][gc,cpu         ] GC(1231) User=0.00s Sys=0.00s Real=0.00s
[445.949s][info][gc,start       ] GC(1232) Pause Young (Allocation Failure)
[445.951s][info][gc,heap        ] GC(1232) PSYoungGen: 296000K(312832K)->64K(315904K) Eden: 295936K(295936K)->0K(300032K) From: 64K(16896K)->64K(15872K)
[445.951s][info][gc,heap        ] GC(1232) ParOldGen: 520400K(520704K)->520408K(520704K)
[445.951s][info][gc,metaspace   ] GC(1232) Metaspace: 35469K(36224K)->35469K(36224K) NonClass: 26257K(26816K)->26257K(26816K) Class: 9211K(9408K)->9211K(9408K)
[445.951s][info][gc             ] GC(1232) Pause Young (Allocation Failure) 797M->508M(817M) 1.645ms
[445.951s][info][gc,cpu         ] GC(1232) User=0.00s Sys=0.00s Real=0.00s
[446.045s][info][gc,start       ] GC(1233) Pause Young (Allocation Failure)
[446.046s][info][gc,heap        ] GC(1233) PSYoungGen: 300096K(315904K)->64K(314880K) Eden: 300032K(300032K)->0K(300032K) From: 64K(15872K)->64K(14848K)
[446.046s][info][gc,heap        ] GC(1233) ParOldGen: 520408K(520704K)->520416K(520704K)
[446.046s][info][gc,metaspace   ] GC(1233) Metaspace: 35469K(36224K)->35469K(36224K) NonClass: 26257K(26816K)->26257K(26816K) Class: 9211K(9408K)->9211K(9408K)
[446.046s][info][gc             ] GC(1233) Pause Young (Allocation Failure) 801M->508M(816M) 1.652ms
[446.046s][info][gc,cpu         ] GC(1233) User=0.01s Sys=0.00s Real=0.00s
[446.223s][info][gc,start       ] GC(1234) Pause Young (Allocation Failure)
[446.225s][info][gc,heap        ] GC(1234) PSYoungGen: 300096K(314880K)->64K(317440K) Eden: 300032K(300032K)->0K(303616K) From: 64K(14848K)->64K(13824K)
[446.225s][info][gc,heap        ] GC(1234) ParOldGen: 520416K(520704K)->520424K(520704K)
[446.225s][info][gc,metaspace   ] GC(1234) Metaspace: 35469K(36224K)->35469K(36224K) NonClass: 26257K(26816K)->26257K(26816K) Class: 9211K(9408K)->9211K(9408K)
[446.225s][info][gc             ] GC(1234) Pause Young (Allocation Failure) 801M->508M(818M) 1.648ms
[446.225s][info][gc,cpu         ] GC(1234) User=0.01s Sys=0.00s Real=0.00s
[447.116s][info][gc,start       ] GC(1235) Pause Young (Allocation Failure)
[447.118s][info][gc,heap        ] GC(1235) PSYoungGen: 303680K(317440K)->64K(316928K) Eden: 303616K(303616K)->0K(303616K) From: 64K(13824K)->64K(13312K)
[447.118s][info][gc,heap        ] GC(1235) ParOldGen: 520424K(520704K)->520432K(520704K)
[447.118s][info][gc,metaspace   ] GC(1235) Metaspace: 35469K(36224K)->35469K(36224K) NonClass: 26257K(26816K)->26257K(26816K) Class: 9211K(9408K)->9211K(9408K)
[447.118s][info][gc             ] GC(1235) Pause Young (Allocation Failure) 804M->508M(818M) 1.775ms
[447.118s][info][gc,cpu         ] GC(1235) User=0.01s Sys=0.00s Real=0.00s
[447.999s][info][gc,start       ] GC(1236) Pause Young (Allocation Failure)
[448.001s][info][gc,heap        ] GC(1236) PSYoungGen: 303680K(316928K)->64K(291840K) Eden: 303616K(303616K)->0K(291328K) From: 64K(13312K)->64K(512K)
[448.001s][info][gc,heap        ] GC(1236) ParOldGen: 520432K(520704K)->520440K(520704K)
[448.001s][info][gc,metaspace   ] GC(1236) Metaspace: 35469K(36224K)->35469K(36224K) NonClass: 26257K(26816K)->26257K(26816K) Class: 9211K(9408K)->9211K(9408K)
[448.001s][info][gc             ] GC(1236) Pause Young (Allocation Failure) 804M->508M(793M) 1.816ms
[448.001s][info][gc,cpu         ] GC(1236) User=0.01s Sys=0.00s Real=0.00s
[448.452s][info][gc,start       ] GC(1237) Pause Young (Allocation Failure)
[448.453s][info][gc,heap        ] GC(1237) PSYoungGen: 291392K(291840K)->64K(290816K) Eden: 291328K(291328K)->0K(279552K) From: 64K(512K)->64K(11264K)
[448.453s][info][gc,heap        ] GC(1237) ParOldGen: 520440K(520704K)->520448K(520704K)
[448.453s][info][gc,metaspace   ] GC(1237) Metaspace: 35469K(36224K)->35469K(36224K) NonClass: 26257K(26816K)->26257K(26816K) Class: 9211K(9408K)->9211K(9408K)
[448.453s][info][gc             ] GC(1237) Pause Young (Allocation Failure) 792M->508M(792M) 1.639ms
[448.453s][info][gc,cpu         ] GC(1237) User=0.01s Sys=0.00s Real=0.01s
[449.436s][info][gc,start       ] GC(1238) Pause Young (Allocation Failure)
[449.438s][info][gc,heap        ] GC(1238) PSYoungGen: 279616K(290816K)->64K(268800K) Eden: 279552K(279552K)->0K(268288K) From: 64K(11264K)->64K(512K)
[449.438s][info][gc,heap        ] GC(1238) ParOldGen: 520448K(520704K)->520456K(520704K)
[449.438s][info][gc,metaspace   ] GC(1238) Metaspace: 35470K(36224K)->35470K(36224K) NonClass: 26258K(26816K)->26258K(26816K) Class: 9211K(9408K)->9211K(9408K)
[449.438s][info][gc             ] GC(1238) Pause Young (Allocation Failure) 781M->508M(771M) 1.855ms
[449.438s][info][gc,cpu         ] GC(1238) User=0.00s Sys=0.00s Real=0.00s
[449.836s][info][gc,start       ] GC(1239) Pause Young (Allocation Failure)
[449.838s][info][gc,heap        ] GC(1239) PSYoungGen: 268352K(268800K)->64K(268288K) Eden: 268288K(268288K)->0K(258048K) From: 64K(512K)->64K(10240K)
[449.838s][info][gc,heap        ] GC(1239) ParOldGen: 520456K(520704K)->520464K(520704K)
[449.838s][info][gc,metaspace   ] GC(1239) Metaspace: 35470K(36224K)->35470K(36224K) NonClass: 26258K(26816K)->26258K(26816K) Class: 9211K(9408K)->9211K(9408K)
[449.838s][info][gc             ] GC(1239) Pause Young (Allocation Failure) 770M->508M(770M) 1.548ms
[449.838s][info][gc,cpu         ] GC(1239) User=0.00s Sys=0.00s Real=0.00s
[449.991s][info][gc,start       ] GC(1240) Pause Young (Allocation Failure)
[449.992s][info][gc,heap        ] GC(1240) PSYoungGen: 258112K(268288K)->64K(248320K) Eden: 258048K(258048K)->0K(247808K) From: 64K(10240K)->64K(512K)
[449.992s][info][gc,heap        ] GC(1240) ParOldGen: 520464K(520704K)->520472K(520704K)
[449.993s][info][gc,metaspace   ] GC(1240) Metaspace: 35470K(36224K)->35470K(36224K) NonClass: 26258K(26816K)->26258K(26816K) Class: 9211K(9408K)->9211K(9408K)
[449.993s][info][gc             ] GC(1240) Pause Young (Allocation Failure) 760M->508M(751M) 1.741ms
[449.993s][info][gc,cpu         ] GC(1240) User=0.01s Sys=0.00s Real=0.01s
[450.353s][info][gc,start       ] GC(1241) Pause Young (Allocation Failure)
[450.354s][info][gc,heap        ] GC(1241) PSYoungGen: 247872K(248320K)->64K(246784K) Eden: 247808K(247808K)->0K(238080K) From: 64K(512K)->64K(8704K)
[450.354s][info][gc,heap        ] GC(1241) ParOldGen: 520472K(520704K)->520480K(520704K)
[450.354s][info][gc,metaspace   ] GC(1241) Metaspace: 35470K(36224K)->35470K(36224K) NonClass: 26258K(26816K)->26258K(26816K) Class: 9211K(9408K)->9211K(9408K)
[450.355s][info][gc             ] GC(1241) Pause Young (Allocation Failure) 750M->508M(749M) 1.527ms
[450.355s][info][gc,cpu         ] GC(1241) User=0.00s Sys=0.00s Real=0.00s
[450.686s][info][gc,start       ] GC(1242) Pause Young (Allocation Failure)
[450.689s][info][gc,heap        ] GC(1242) PSYoungGen: 238144K(246784K)->32K(229376K) Eden: 238080K(238080K)->0K(228864K) From: 64K(8704K)->32K(512K)
[450.689s][info][gc,heap        ] GC(1242) ParOldGen: 520480K(520704K)->520488K(520704K)
[450.689s][info][gc,metaspace   ] GC(1242) Metaspace: 35470K(36224K)->35470K(36224K) NonClass: 26258K(26816K)->26258K(26816K) Class: 9211K(9408K)->9211K(9408K)
[450.689s][info][gc             ] GC(1242) Pause Young (Allocation Failure) 740M->508M(732M) 3.051ms
[450.689s][info][gc,cpu         ] GC(1242) User=0.00s Sys=0.00s Real=0.00s
[451.016s][info][gc,start       ] GC(1243) Pause Young (Allocation Failure)
[451.028s][info][gc,heap        ] GC(1243) PSYoungGen: 228896K(229376K)->6848K(280064K) Eden: 228864K(228864K)->0K(272896K) From: 32K(512K)->6848K(7168K)
[451.028s][info][gc,heap        ] GC(1243) ParOldGen: 520488K(520704K)->520504K(520704K)
[451.028s][info][gc,metaspace   ] GC(1243) Metaspace: 35470K(36224K)->35470K(36224K) NonClass: 26258K(26816K)->26258K(26816K) Class: 9211K(9408K)->9211K(9408K)
[451.028s][info][gc             ] GC(1243) Pause Young (Allocation Failure) 731M->514M(782M) 11.871ms
[451.028s][info][gc,cpu         ] GC(1243) User=0.03s Sys=0.00s Real=0.01s
[451.339s][info][gc,start       ] GC(1244) Pause Young (Allocation Failure)
[451.400s][info][gc,heap        ] GC(1244) PSYoungGen: 279744K(280064K)->8192K(273408K) Eden: 272896K(272896K)->0K(265216K) From: 6848K(7168K)->8192K(8192K)
[451.400s][info][gc,heap        ] GC(1244) ParOldGen: 520504K(520704K)->543112K(543232K)
[451.400s][info][gc,metaspace   ] GC(1244) Metaspace: 35470K(36224K)->35470K(36224K) NonClass: 26258K(26816K)->26258K(26816K) Class: 9211K(9408K)->9211K(9408K)
[451.400s][info][gc             ] GC(1244) Pause Young (Allocation Failure) 781M->538M(797M) 61.000ms
[451.400s][info][gc,cpu         ] GC(1244) User=0.10s Sys=0.01s Real=0.06s
[451.669s][info][gc,start       ] GC(1245) Pause Young (Allocation Failure)
[451.716s][info][gc,heap        ] GC(1245) PSYoungGen: 273408K(273408K)->19456K(284672K) Eden: 265216K(265216K)->0K(265216K) From: 8192K(8192K)->19456K(19456K)
[451.716s][info][gc,heap        ] GC(1245) ParOldGen: 543112K(543232K)->549288K(549376K)
[451.716s][info][gc,metaspace   ] GC(1245) Metaspace: 35470K(36224K)->35470K(36224K) NonClass: 26258K(26816K)->26258K(26816K) Class: 9211K(9408K)->9211K(9408K)
[451.716s][info][gc             ] GC(1245) Pause Young (Allocation Failure) 797M->555M(814M) 46.584ms
[451.716s][info][gc,cpu         ] GC(1245) User=0.08s Sys=0.01s Real=0.05s
[451.848s][info][gc,start       ] GC(1246) Pause Young (Allocation Failure)
[451.851s][info][gc,heap        ] GC(1246) PSYoungGen: 284672K(284672K)->64K(308736K) Eden: 265216K(265216K)->0K(283136K) From: 19456K(19456K)->64K(25600K)
[451.851s][info][gc,heap        ] GC(1246) ParOldGen: 549288K(549376K)->549448K(549888K)
[451.851s][info][gc,metaspace   ] GC(1246) Metaspace: 35470K(36224K)->35470K(36224K) NonClass: 26258K(26816K)->26258K(26816K) Class: 9211K(9408K)->9211K(9408K)
[451.852s][info][gc             ] GC(1246) Pause Young (Allocation Failure) 814M->536M(838M) 3.549ms
[451.852s][info][gc,cpu         ] GC(1246) User=0.01s Sys=0.00s Real=0.00s
[452.529s][info][gc,start       ] GC(1247) Pause Young (Allocation Failure)
[452.530s][info][gc,heap        ] GC(1247) PSYoungGen: 283200K(308736K)->64K(283648K) Eden: 283136K(283136K)->0K(283136K) From: 64K(25600K)->64K(512K)
[452.530s][info][gc,heap        ] GC(1247) ParOldGen: 549448K(549888K)->549464K(549888K)
[452.530s][info][gc,metaspace   ] GC(1247) Metaspace: 35470K(36224K)->35470K(36224K) NonClass: 26258K(26816K)->26258K(26816K) Class: 9211K(9408K)->9211K(9408K)
[452.530s][info][gc             ] GC(1247) Pause Young (Allocation Failure) 813M->536M(814M) 1.798ms
[452.530s][info][gc,cpu         ] GC(1247) User=0.00s Sys=0.00s Real=0.00s
[452.936s][info][gc,start       ] GC(1248) Pause Young (Allocation Failure)
[452.937s][info][gc,heap        ] GC(1248) PSYoungGen: 283200K(283648K)->64K(308224K) Eden: 283136K(283136K)->0K(284160K) From: 64K(512K)->64K(24064K)
[452.937s][info][gc,heap        ] GC(1248) ParOldGen: 549464K(549888K)->549464K(549888K)
[452.937s][info][gc,metaspace   ] GC(1248) Metaspace: 35470K(36224K)->35470K(36224K) NonClass: 26258K(26816K)->26258K(26816K) Class: 9211K(9408K)->9211K(9408K)
[452.937s][info][gc             ] GC(1248) Pause Young (Allocation Failure) 813M->536M(838M) 1.897ms
[452.937s][info][gc,cpu         ] GC(1248) User=0.00s Sys=0.00s Real=0.00s
[453.236s][info][gc,start       ] GC(1249) Pause Young (Allocation Failure)
[453.238s][info][gc,heap        ] GC(1249) PSYoungGen: 284224K(308224K)->64K(307200K) Eden: 284160K(284160K)->0K(284160K) From: 64K(24064K)->64K(23040K)
[453.238s][info][gc,heap        ] GC(1249) ParOldGen: 549464K(549888K)->549480K(549888K)
[453.238s][info][gc,metaspace   ] GC(1249) Metaspace: 35470K(36224K)->35470K(36224K) NonClass: 26258K(26816K)->26258K(26816K) Class: 9211K(9408K)->9211K(9408K)
[453.238s][info][gc             ] GC(1249) Pause Young (Allocation Failure) 814M->536M(837M) 1.814ms
[453.238s][info][gc,cpu         ] GC(1249) User=0.00s Sys=0.00s Real=0.00s
[453.441s][info][gc,start       ] GC(1250) Pause Young (Allocation Failure)
[453.442s][info][gc,heap        ] GC(1250) PSYoungGen: 284224K(307200K)->64K(309760K) Eden: 284160K(284160K)->0K(287744K) From: 64K(23040K)->64K(22016K)
[453.442s][info][gc,heap        ] GC(1250) ParOldGen: 549480K(549888K)->549496K(549888K)
[453.442s][info][gc,metaspace   ] GC(1250) Metaspace: 35470K(36224K)->35470K(36224K) NonClass: 26258K(26816K)->26258K(26816K) Class: 9211K(9408K)->9211K(9408K)
[453.443s][info][gc             ] GC(1250) Pause Young (Allocation Failure) 814M->536M(839M) 1.689ms
[453.443s][info][gc,cpu         ] GC(1250) User=0.00s Sys=0.00s Real=0.01s
[453.785s][info][gc,start       ] GC(1251) Pause Young (Allocation Failure)
[453.787s][info][gc,heap        ] GC(1251) PSYoungGen: 287808K(309760K)->64K(308736K) Eden: 287744K(287744K)->0K(287744K) From: 64K(22016K)->64K(20992K)
[453.787s][info][gc,heap        ] GC(1251) ParOldGen: 549496K(549888K)->549496K(549888K)
[453.787s][info][gc,metaspace   ] GC(1251) Metaspace: 35470K(36224K)->35470K(36224K) NonClass: 26258K(26816K)->26258K(26816K) Class: 9211K(9408K)->9211K(9408K)
[453.787s][info][gc             ] GC(1251) Pause Young (Allocation Failure) 817M->536M(838M) 1.647ms
[453.787s][info][gc,cpu         ] GC(1251) User=0.01s Sys=0.00s Real=0.00s
[453.841s][info][gc,start       ] GC(1252) Pause Young (Allocation Failure)
[453.843s][info][gc,heap        ] GC(1252) PSYoungGen: 287808K(308736K)->64K(311808K) Eden: 287744K(287744K)->0K(291840K) From: 64K(20992K)->64K(19968K)
[453.843s][info][gc,heap        ] GC(1252) ParOldGen: 549496K(549888K)->549504K(549888K)
[453.843s][info][gc,metaspace   ] GC(1252) Metaspace: 35470K(36224K)->35470K(36224K) NonClass: 26258K(26816K)->26258K(26816K) Class: 9211K(9408K)->9211K(9408K)
[453.843s][info][gc             ] GC(1252) Pause Young (Allocation Failure) 817M->536M(841M) 1.667ms
[453.843s][info][gc,cpu         ] GC(1252) User=0.00s Sys=0.00s Real=0.01s
[453.892s][info][gc,start       ] GC(1253) Pause Young (Allocation Failure)
[453.894s][info][gc,heap        ] GC(1253) PSYoungGen: 291904K(311808K)->32K(310784K) Eden: 291840K(291840K)->0K(291840K) From: 64K(19968K)->32K(18944K)
[453.894s][info][gc,heap        ] GC(1253) ParOldGen: 549504K(549888K)->549520K(549888K)
[453.894s][info][gc,metaspace   ] GC(1253) Metaspace: 35470K(36224K)->35470K(36224K) NonClass: 26258K(26816K)->26258K(26816K) Class: 9211K(9408K)->9211K(9408K)
[453.894s][info][gc             ] GC(1253) Pause Young (Allocation Failure) 821M->536M(840M) 1.546ms
[453.894s][info][gc,cpu         ] GC(1253) User=0.01s Sys=0.00s Real=0.00s
[454.066s][info][gc,start       ] GC(1254) Pause Young (Allocation Failure)
[454.067s][info][gc,heap        ] GC(1254) PSYoungGen: 291872K(310784K)->64K(313856K) Eden: 291840K(291840K)->0K(295936K) From: 32K(18944K)->64K(17920K)
[454.067s][info][gc,heap        ] GC(1254) ParOldGen: 549520K(549888K)->549520K(549888K)
[454.067s][info][gc,metaspace   ] GC(1254) Metaspace: 35470K(36224K)->35470K(36224K) NonClass: 26258K(26816K)->26258K(26816K) Class: 9211K(9408K)->9211K(9408K)
[454.067s][info][gc             ] GC(1254) Pause Young (Allocation Failure) 821M->536M(843M) 1.666ms
[454.067s][info][gc,cpu         ] GC(1254) User=0.00s Sys=0.00s Real=0.00s
[454.281s][info][gc,start       ] GC(1255) Pause Young (Allocation Failure)
[454.283s][info][gc,heap        ] GC(1255) PSYoungGen: 296000K(313856K)->64K(312832K) Eden: 295936K(295936K)->0K(295936K) From: 64K(17920K)->64K(16896K)
[454.283s][info][gc,heap        ] GC(1255) ParOldGen: 549520K(549888K)->549528K(549888K)
[454.283s][info][gc,metaspace   ] GC(1255) Metaspace: 35470K(36224K)->35470K(36224K) NonClass: 26258K(26816K)->26258K(26816K) Class: 9211K(9408K)->9211K(9408K)
[454.283s][info][gc             ] GC(1255) Pause Young (Allocation Failure) 825M->536M(842M) 1.613ms
[454.283s][info][gc,cpu         ] GC(1255) User=0.00s Sys=0.00s Real=0.01s
[454.398s][info][gc,start       ] GC(1256) Pause Young (Allocation Failure)
[454.399s][info][gc,heap        ] GC(1256) PSYoungGen: 296000K(312832K)->64K(315904K) Eden: 295936K(295936K)->0K(300032K) From: 64K(16896K)->64K(15872K)
[454.399s][info][gc,heap        ] GC(1256) ParOldGen: 549528K(549888K)->549536K(549888K)
[454.399s][info][gc,metaspace   ] GC(1256) Metaspace: 35470K(36224K)->35470K(36224K) NonClass: 26258K(26816K)->26258K(26816K) Class: 9211K(9408K)->9211K(9408K)
[454.399s][info][gc             ] GC(1256) Pause Young (Allocation Failure) 825M->536M(845M) 1.672ms
[454.399s][info][gc,cpu         ] GC(1256) User=0.00s Sys=0.00s Real=0.00s
[454.511s][info][gc,start       ] GC(1257) Pause Young (Allocation Failure)
[454.512s][info][gc,heap        ] GC(1257) PSYoungGen: 300096K(315904K)->64K(314880K) Eden: 300032K(300032K)->0K(300032K) From: 64K(15872K)->64K(14848K)
[454.512s][info][gc,heap        ] GC(1257) ParOldGen: 549536K(549888K)->549544K(549888K)
[454.512s][info][gc,metaspace   ] GC(1257) Metaspace: 35470K(36224K)->35470K(36224K) NonClass: 26258K(26816K)->26258K(26816K) Class: 9211K(9408K)->9211K(9408K)
[454.512s][info][gc             ] GC(1257) Pause Young (Allocation Failure) 829M->536M(844M) 1.646ms
[454.512s][info][gc,cpu         ] GC(1257) User=0.00s Sys=0.00s Real=0.01s
[454.875s][info][gc,start       ] GC(1258) Pause Young (Allocation Failure)
[454.877s][info][gc,heap        ] GC(1258) PSYoungGen: 300096K(314880K)->64K(317440K) Eden: 300032K(300032K)->0K(303616K) From: 64K(14848K)->64K(13824K)
[454.877s][info][gc,heap        ] GC(1258) ParOldGen: 549544K(549888K)->549552K(549888K)
[454.877s][info][gc,metaspace   ] GC(1258) Metaspace: 35470K(36224K)->35470K(36224K) NonClass: 26258K(26816K)->26258K(26816K) Class: 9211K(9408K)->9211K(9408K)
[454.877s][info][gc             ] GC(1258) Pause Young (Allocation Failure) 829M->536M(847M) 1.654ms
[454.877s][info][gc,cpu         ] GC(1258) User=0.01s Sys=0.01s Real=0.00s
[455.561s][info][gc,start       ] GC(1259) Pause Young (Allocation Failure)
[455.562s][info][gc,heap        ] GC(1259) PSYoungGen: 303680K(317440K)->64K(316928K) Eden: 303616K(303616K)->0K(303616K) From: 64K(13824K)->64K(13312K)
[455.562s][info][gc,heap        ] GC(1259) ParOldGen: 549552K(549888K)->549560K(549888K)
[455.562s][info][gc,metaspace   ] GC(1259) Metaspace: 35470K(36224K)->35470K(36224K) NonClass: 26258K(26816K)->26258K(26816K) Class: 9211K(9408K)->9211K(9408K)
[455.562s][info][gc             ] GC(1259) Pause Young (Allocation Failure) 833M->536M(846M) 1.722ms
[455.562s][info][gc,cpu         ] GC(1259) User=0.01s Sys=0.00s Real=0.01s
[456.527s][info][gc,start       ] GC(1260) Pause Young (Allocation Failure)
[456.529s][info][gc,heap        ] GC(1260) PSYoungGen: 303680K(316928K)->64K(291840K) Eden: 303616K(303616K)->0K(291328K) From: 64K(13312K)->64K(512K)
[456.529s][info][gc,heap        ] GC(1260) ParOldGen: 549560K(549888K)->549568K(549888K)
[456.529s][info][gc,metaspace   ] GC(1260) Metaspace: 35470K(36224K)->35470K(36224K) NonClass: 26258K(26816K)->26258K(26816K) Class: 9211K(9408K)->9211K(9408K)
[456.529s][info][gc             ] GC(1260) Pause Young (Allocation Failure) 833M->536M(822M) 1.914ms
[456.529s][info][gc,cpu         ] GC(1260) User=0.00s Sys=0.00s Real=0.00s
[456.995s][info][gc,start       ] GC(1261) Pause Young (Allocation Failure)
[456.997s][info][gc,heap        ] GC(1261) PSYoungGen: 291392K(291840K)->64K(290816K) Eden: 291328K(291328K)->0K(279552K) From: 64K(512K)->64K(11264K)
[456.997s][info][gc,heap        ] GC(1261) ParOldGen: 549568K(549888K)->549576K(549888K)
[456.997s][info][gc,metaspace   ] GC(1261) Metaspace: 35470K(36224K)->35470K(36224K) NonClass: 26258K(26816K)->26258K(26816K) Class: 9211K(9408K)->9211K(9408K)
[456.997s][info][gc             ] GC(1261) Pause Young (Allocation Failure) 821M->536M(821M) 2.091ms
[456.997s][info][gc,cpu         ] GC(1261) User=0.00s Sys=0.00s Real=0.00s
[458.031s][info][gc,start       ] GC(1262) Pause Young (Allocation Failure)
[458.033s][info][gc,heap        ] GC(1262) PSYoungGen: 279616K(290816K)->64K(268800K) Eden: 279552K(279552K)->0K(268288K) From: 64K(11264K)->64K(512K)
[458.033s][info][gc,heap        ] GC(1262) ParOldGen: 549576K(549888K)->549584K(549888K)
[458.033s][info][gc,metaspace   ] GC(1262) Metaspace: 35470K(36224K)->35470K(36224K) NonClass: 26258K(26816K)->26258K(26816K) Class: 9211K(9408K)->9211K(9408K)
[458.033s][info][gc             ] GC(1262) Pause Young (Allocation Failure) 809M->536M(799M) 2.210ms
[458.033s][info][gc,cpu         ] GC(1262) User=0.00s Sys=0.00s Real=0.01s
[458.420s][info][gc,start       ] GC(1263) Pause Young (Allocation Failure)
[458.423s][info][gc,heap        ] GC(1263) PSYoungGen: 268352K(268800K)->64K(267776K) Eden: 268288K(268288K)->0K(258048K) From: 64K(512K)->64K(9728K)
[458.423s][info][gc,heap        ] GC(1263) ParOldGen: 549584K(549888K)->549600K(549888K)
[458.423s][info][gc,metaspace   ] GC(1263) Metaspace: 35470K(36224K)->35470K(36224K) NonClass: 26258K(26816K)->26258K(26816K) Class: 9211K(9408K)->9211K(9408K)
[458.423s][info][gc             ] GC(1263) Pause Young (Allocation Failure) 798M->536M(798M) 3.360ms
[458.423s][info][gc,cpu         ] GC(1263) User=0.00s Sys=0.00s Real=0.01s
[458.536s][info][gc,start       ] GC(1264) Pause Young (Allocation Failure)
[458.539s][info][gc,heap        ] GC(1264) PSYoungGen: 258112K(267776K)->32K(300544K) Eden: 258048K(258048K)->0K(291328K) From: 64K(9728K)->32K(9216K)
[458.539s][info][gc,heap        ] GC(1264) ParOldGen: 549600K(549888K)->549616K(549888K)
[458.539s][info][gc,metaspace   ] GC(1264) Metaspace: 35470K(36224K)->35470K(36224K) NonClass: 26258K(26816K)->26258K(26816K) Class: 9211K(9408K)->9211K(9408K)
[458.539s][info][gc             ] GC(1264) Pause Young (Allocation Failure) 788M->536M(830M) 3.183ms
[458.539s][info][gc,cpu         ] GC(1264) User=0.01s Sys=0.00s Real=0.00s
[459.169s][info][gc,start       ] GC(1265) Pause Young (Allocation Failure)
[459.172s][info][gc,heap        ] GC(1265) PSYoungGen: 291360K(300544K)->32K(300032K) Eden: 291328K(291328K)->0K(291328K) From: 32K(9216K)->32K(8704K)
[459.172s][info][gc,heap        ] GC(1265) ParOldGen: 549616K(549888K)->549624K(549888K)
[459.172s][info][gc,metaspace   ] GC(1265) Metaspace: 35470K(36224K)->35470K(36224K) NonClass: 26258K(26816K)->26258K(26816K) Class: 9211K(9408K)->9211K(9408K)
[459.172s][info][gc             ] GC(1265) Pause Young (Allocation Failure) 821M->536M(830M) 3.128ms
[459.172s][info][gc,cpu         ] GC(1265) User=0.01s Sys=0.00s Real=0.00s
[459.481s][info][gc,start       ] GC(1266) Pause Young (Allocation Failure)
[459.483s][info][gc,heap        ] GC(1266) PSYoungGen: 291360K(300032K)->64K(280064K) Eden: 291328K(291328K)->0K(279552K) From: 32K(8704K)->64K(512K)
[459.483s][info][gc,heap        ] GC(1266) ParOldGen: 549624K(549888K)->549632K(549888K)
[459.483s][info][gc,metaspace   ] GC(1266) Metaspace: 35470K(36224K)->35470K(36224K) NonClass: 26258K(26816K)->26258K(26816K) Class: 9211K(9408K)->9211K(9408K)
[459.483s][info][gc             ] GC(1266) Pause Young (Allocation Failure) 821M->536M(810M) 2.033ms
[459.483s][info][gc,cpu         ] GC(1266) User=0.01s Sys=0.00s Real=0.01s
[459.822s][info][gc,start       ] GC(1267) Pause Young (Allocation Failure)
[459.887s][info][gc,heap        ] GC(1267) PSYoungGen: 279616K(280064K)->7680K(316928K) Eden: 279552K(279552K)->0K(309248K) From: 64K(512K)->7680K(7680K)
[459.887s][info][gc,heap        ] GC(1267) ParOldGen: 549632K(549888K)->572528K(572928K)
[459.887s][info][gc,metaspace   ] GC(1267) Metaspace: 35470K(36224K)->35470K(36224K) NonClass: 26258K(26816K)->26258K(26816K) Class: 9211K(9408K)->9211K(9408K)
[459.888s][info][gc             ] GC(1267) Pause Young (Allocation Failure) 809M->566M(869M) 65.729ms
[459.888s][info][gc,cpu         ] GC(1267) User=0.10s Sys=0.03s Real=0.07s
[460.235s][info][gc,start       ] GC(1268) Pause Young (Allocation Failure)
[460.310s][info][gc,heap        ] GC(1268) PSYoungGen: 316928K(316928K)->16896K(296448K) Eden: 309248K(309248K)->0K(279552K) From: 7680K(7680K)->16896K(16896K)
[460.310s][info][gc,heap        ] GC(1268) ParOldGen: 572528K(572928K)->588328K(588800K)
[460.310s][info][gc,metaspace   ] GC(1268) Metaspace: 35472K(36224K)->35472K(36224K) NonClass: 26260K(26816K)->26260K(26816K) Class: 9211K(9408K)->9211K(9408K)
[460.310s][info][gc             ] GC(1268) Pause Young (Allocation Failure) 868M->591M(864M) 75.315ms
[460.310s][info][gc,cpu         ] GC(1268) User=0.12s Sys=0.02s Real=0.07s
[460.441s][info][gc,start       ] GC(1269) Pause Young (Allocation Failure)
[460.447s][info][gc,heap        ] GC(1269) PSYoungGen: 296448K(296448K)->64K(306688K) Eden: 279552K(279552K)->0K(279552K) From: 16896K(16896K)->64K(27136K)
[460.447s][info][gc,heap        ] GC(1269) ParOldGen: 588328K(588800K)->588744K(588800K)
[460.447s][info][gc,metaspace   ] GC(1269) Metaspace: 35472K(36224K)->35472K(36224K) NonClass: 26260K(26816K)->26260K(26816K) Class: 9211K(9408K)->9211K(9408K)
[460.447s][info][gc             ] GC(1269) Pause Young (Allocation Failure) 864M->575M(874M) 6.503ms
[460.447s][info][gc,cpu         ] GC(1269) User=0.01s Sys=0.00s Real=0.01s
[461.130s][info][gc,start       ] GC(1270) Pause Young (Allocation Failure)
[461.133s][info][gc,heap        ] GC(1270) PSYoungGen: 279616K(306688K)->64K(303616K) Eden: 279552K(279552K)->0K(280576K) From: 64K(27136K)->64K(23040K)
[461.133s][info][gc,heap        ] GC(1270) ParOldGen: 588744K(588800K)->588760K(588800K)
[461.133s][info][gc,metaspace   ] GC(1270) Metaspace: 35472K(36224K)->35472K(36224K) NonClass: 26260K(26816K)->26260K(26816K) Class: 9211K(9408K)->9211K(9408K)
[461.133s][info][gc             ] GC(1270) Pause Young (Allocation Failure) 848M->575M(871M) 2.269ms
[461.133s][info][gc,cpu         ] GC(1270) User=0.01s Sys=0.00s Real=0.01s
[461.478s][info][gc,start       ] GC(1271) Pause Young (Allocation Failure)
[461.480s][info][gc,heap        ] GC(1271) PSYoungGen: 280640K(303616K)->64K(305664K) Eden: 280576K(280576K)->0K(280576K) From: 64K(23040K)->64K(25088K)
[461.480s][info][gc,heap        ] GC(1271) ParOldGen: 588760K(588800K)->588760K(588800K)
[461.480s][info][gc,metaspace   ] GC(1271) Metaspace: 35472K(36224K)->35472K(36224K) NonClass: 26260K(26816K)->26260K(26816K) Class: 9211K(9408K)->9211K(9408K)
[461.480s][info][gc             ] GC(1271) Pause Young (Allocation Failure) 849M->575M(873M) 1.882ms
[461.480s][info][gc,cpu         ] GC(1271) User=0.00s Sys=0.00s Real=0.00s
[461.862s][info][gc,start       ] GC(1272) Pause Young (Allocation Failure)
[461.864s][info][gc,heap        ] GC(1272) PSYoungGen: 280640K(305664K)->64K(305664K) Eden: 280576K(280576K)->0K(284672K) From: 64K(25088K)->64K(20992K)
[461.864s][info][gc,heap        ] GC(1272) ParOldGen: 588760K(588800K)->588776K(588800K)
[461.864s][info][gc,metaspace   ] GC(1272) Metaspace: 35472K(36224K)->35472K(36224K) NonClass: 26260K(26816K)->26260K(26816K) Class: 9211K(9408K)->9211K(9408K)
[461.864s][info][gc             ] GC(1272) Pause Young (Allocation Failure) 849M->575M(873M) 1.938ms
[461.864s][info][gc,cpu         ] GC(1272) User=0.01s Sys=0.00s Real=0.01s
[462.072s][info][gc,start       ] GC(1273) Pause Young (Allocation Failure)
[462.074s][info][gc,heap        ] GC(1273) PSYoungGen: 284736K(305664K)->64K(307712K) Eden: 284672K(284672K)->0K(284672K) From: 64K(20992K)->64K(23040K)
[462.074s][info][gc,heap        ] GC(1273) ParOldGen: 588776K(588800K)->588792K(588800K)
[462.074s][info][gc,metaspace   ] GC(1273) Metaspace: 35472K(36224K)->35472K(36224K) NonClass: 26260K(26816K)->26260K(26816K) Class: 9211K(9408K)->9211K(9408K)
[462.074s][info][gc             ] GC(1273) Pause Young (Allocation Failure) 853M->575M(875M) 1.829ms
[462.074s][info][gc,cpu         ] GC(1273) User=0.01s Sys=0.00s Real=0.00s
[462.424s][info][gc,start       ] GC(1274) Pause Young (Allocation Failure)
[462.425s][info][gc,heap        ] GC(1274) PSYoungGen: 284736K(307712K)->64K(307712K) Eden: 284672K(284672K)->0K(288768K) From: 64K(23040K)->64K(18944K)
[462.425s][info][gc,heap        ] GC(1274) ParOldGen: 588792K(588800K)->588792K(588800K)
[462.425s][info][gc,metaspace   ] GC(1274) Metaspace: 35472K(36224K)->35472K(36224K) NonClass: 26260K(26816K)->26260K(26816K) Class: 9211K(9408K)->9211K(9408K)
[462.425s][info][gc             ] GC(1274) Pause Young (Allocation Failure) 853M->575M(875M) 1.831ms
[462.426s][info][gc,cpu         ] GC(1274) User=0.00s Sys=0.00s Real=0.00s
[462.498s][info][gc,start       ] GC(1275) Pause Young (Allocation Failure)
[462.500s][info][gc,heap        ] GC(1275) PSYoungGen: 288832K(307712K)->64K(309760K) Eden: 288768K(288768K)->0K(288768K) From: 64K(18944K)->64K(20992K)
[462.500s][info][gc,heap        ] GC(1275) ParOldGen: 588792K(588800K)->588808K(589312K)
[462.500s][info][gc,metaspace   ] GC(1275) Metaspace: 35472K(36224K)->35472K(36224K) NonClass: 26260K(26816K)->26260K(26816K) Class: 9211K(9408K)->9211K(9408K)
[462.500s][info][gc             ] GC(1275) Pause Young (Allocation Failure) 857M->575M(878M) 1.778ms
[462.500s][info][gc,cpu         ] GC(1275) User=0.00s Sys=0.01s Real=0.00s
[462.551s][info][gc,start       ] GC(1276) Pause Young (Allocation Failure)
[462.552s][info][gc,heap        ] GC(1276) PSYoungGen: 288832K(309760K)->64K(308736K) Eden: 288768K(288768K)->0K(292864K) From: 64K(20992K)->64K(15872K)
[462.552s][info][gc,heap        ] GC(1276) ParOldGen: 588808K(589312K)->588824K(589312K)
[462.553s][info][gc,metaspace   ] GC(1276) Metaspace: 35472K(36224K)->35472K(36224K) NonClass: 26260K(26816K)->26260K(26816K) Class: 9211K(9408K)->9211K(9408K)
[462.553s][info][gc             ] GC(1276) Pause Young (Allocation Failure) 857M->575M(877M) 1.822ms
[462.553s][info][gc,cpu         ] GC(1276) User=0.01s Sys=0.00s Real=0.01s
[462.719s][info][gc,start       ] GC(1277) Pause Young (Allocation Failure)
[462.721s][info][gc,heap        ] GC(1277) PSYoungGen: 292928K(308736K)->64K(311296K) Eden: 292864K(292864K)->0K(292864K) From: 64K(15872K)->64K(18432K)
[462.721s][info][gc,heap        ] GC(1277) ParOldGen: 588824K(589312K)->588824K(589312K)
[462.721s][info][gc,metaspace   ] GC(1277) Metaspace: 35472K(36224K)->35472K(36224K) NonClass: 26260K(26816K)->26260K(26816K) Class: 9211K(9408K)->9211K(9408K)
[462.721s][info][gc             ] GC(1277) Pause Young (Allocation Failure) 861M->575M(879M) 1.953ms
[462.721s][info][gc,cpu         ] GC(1277) User=0.01s Sys=0.00s Real=0.00s
[462.939s][info][gc,start       ] GC(1278) Pause Young (Allocation Failure)
[462.941s][info][gc,heap        ] GC(1278) PSYoungGen: 292928K(311296K)->64K(312320K) Eden: 292864K(292864K)->0K(297984K) From: 64K(18432K)->64K(14336K)
[462.941s][info][gc,heap        ] GC(1278) ParOldGen: 588824K(589312K)->588832K(589312K)
[462.941s][info][gc,metaspace   ] GC(1278) Metaspace: 35472K(36224K)->35472K(36224K) NonClass: 26260K(26816K)->26260K(26816K) Class: 9211K(9408K)->9211K(9408K)
[462.941s][info][gc             ] GC(1278) Pause Young (Allocation Failure) 861M->575M(880M) 1.863ms
[462.941s][info][gc,cpu         ] GC(1278) User=0.01s Sys=0.00s Real=0.00s
[463.068s][info][gc,start       ] GC(1279) Pause Young (Allocation Failure)
[463.070s][info][gc,heap        ] GC(1279) PSYoungGen: 298048K(312320K)->64K(314368K) Eden: 297984K(297984K)->0K(297984K) From: 64K(14336K)->64K(16384K)
[463.070s][info][gc,heap        ] GC(1279) ParOldGen: 588832K(589312K)->588840K(589312K)
[463.070s][info][gc,metaspace   ] GC(1279) Metaspace: 35472K(36224K)->35472K(36224K) NonClass: 26260K(26816K)->26260K(26816K) Class: 9211K(9408K)->9211K(9408K)
[463.070s][info][gc             ] GC(1279) Pause Young (Allocation Failure) 866M->575M(882M) 1.790ms
[463.070s][info][gc,cpu         ] GC(1279) User=0.01s Sys=0.00s Real=0.00s
[463.174s][info][gc,start       ] GC(1280) Pause Young (Allocation Failure)
[463.176s][info][gc,heap        ] GC(1280) PSYoungGen: 298048K(314368K)->64K(315392K) Eden: 297984K(297984K)->0K(302080K) From: 64K(16384K)->64K(13312K)
[463.176s][info][gc,heap        ] GC(1280) ParOldGen: 588840K(589312K)->588848K(589312K)
[463.176s][info][gc,metaspace   ] GC(1280) Metaspace: 35472K(36224K)->35472K(36224K) NonClass: 26260K(26816K)->26260K(26816K) Class: 9211K(9408K)->9211K(9408K)
[463.176s][info][gc             ] GC(1280) Pause Young (Allocation Failure) 866M->575M(883M) 1.798ms
[463.176s][info][gc,cpu         ] GC(1280) User=0.00s Sys=0.00s Real=0.00s
[463.452s][info][gc,start       ] GC(1281) Pause Young (Allocation Failure)
[463.455s][info][gc,heap        ] GC(1281) PSYoungGen: 302144K(315392K)->32K(316928K) Eden: 302080K(302080K)->0K(302080K) From: 64K(13312K)->32K(14848K)
[463.455s][info][gc,heap        ] GC(1281) ParOldGen: 588848K(589312K)->588864K(589312K)
[463.455s][info][gc,metaspace   ] GC(1281) Metaspace: 35472K(36224K)->35472K(36224K) NonClass: 26260K(26816K)->26260K(26816K) Class: 9211K(9408K)->9211K(9408K)
[463.455s][info][gc             ] GC(1281) Pause Young (Allocation Failure) 870M->575M(885M) 3.432ms
[463.455s][info][gc,cpu         ] GC(1281) User=0.00s Sys=0.00s Real=0.01s
[464.279s][info][gc,start       ] GC(1282) Pause Young (Allocation Failure)
[464.281s][info][gc,heap        ] GC(1282) PSYoungGen: 302112K(316928K)->64K(316416K) Eden: 302080K(302080K)->0K(305152K) From: 32K(14848K)->64K(11264K)
[464.281s][info][gc,heap        ] GC(1282) ParOldGen: 588864K(589312K)->588872K(589312K)
[464.281s][info][gc,metaspace   ] GC(1282) Metaspace: 35472K(36224K)->35472K(36224K) NonClass: 26260K(26816K)->26260K(26816K) Class: 9211K(9408K)->9211K(9408K)
[464.281s][info][gc             ] GC(1282) Pause Young (Allocation Failure) 870M->575M(884M) 2.165ms
[464.281s][info][gc,cpu         ] GC(1282) User=0.00s Sys=0.00s Real=0.00s
[465.223s][info][gc,start       ] GC(1283) Pause Young (Allocation Failure)
[465.225s][info][gc,heap        ] GC(1283) PSYoungGen: 305216K(316416K)->64K(317952K) Eden: 305152K(305152K)->0K(305152K) From: 64K(11264K)->64K(12800K)
[465.225s][info][gc,heap        ] GC(1283) ParOldGen: 588872K(589312K)->588880K(589312K)
[465.225s][info][gc,metaspace   ] GC(1283) Metaspace: 35472K(36224K)->35472K(36224K) NonClass: 26260K(26816K)->26260K(26816K) Class: 9211K(9408K)->9211K(9408K)
[465.225s][info][gc             ] GC(1283) Pause Young (Allocation Failure) 873M->575M(886M) 1.932ms
[465.225s][info][gc,cpu         ] GC(1283) User=0.00s Sys=0.00s Real=0.00s
[465.698s][info][gc,start       ] GC(1284) Pause Young (Allocation Failure)
[465.700s][info][gc,heap        ] GC(1284) PSYoungGen: 305216K(317952K)->64K(293376K) Eden: 305152K(305152K)->0K(292864K) From: 64K(12800K)->64K(512K)
[465.700s][info][gc,heap        ] GC(1284) ParOldGen: 588880K(589312K)->588888K(589312K)
[465.700s][info][gc,metaspace   ] GC(1284) Metaspace: 35472K(36224K)->35472K(36224K) NonClass: 26260K(26816K)->26260K(26816K) Class: 9211K(9408K)->9211K(9408K)
[465.700s][info][gc             ] GC(1284) Pause Young (Allocation Failure) 873M->575M(862M) 2.424ms
[465.700s][info][gc,cpu         ] GC(1284) User=0.00s Sys=0.00s Real=0.00s
[466.748s][info][gc,start       ] GC(1285) Pause Young (Allocation Failure)
[466.749s][info][gc,heap        ] GC(1285) PSYoungGen: 292928K(293376K)->64K(292352K) Eden: 292864K(292864K)->0K(281088K) From: 64K(512K)->64K(11264K)
[466.749s][info][gc,heap        ] GC(1285) ParOldGen: 588888K(589312K)->588896K(589312K)
[466.749s][info][gc,metaspace   ] GC(1285) Metaspace: 35472K(36224K)->35472K(36224K) NonClass: 26260K(26816K)->26260K(26816K) Class: 9211K(9408K)->9211K(9408K)
[466.749s][info][gc             ] GC(1285) Pause Young (Allocation Failure) 861M->575M(861M) 1.895ms
[466.749s][info][gc,cpu         ] GC(1285) User=0.01s Sys=0.00s Real=0.00s
[467.171s][info][gc,start       ] GC(1286) Pause Young (Allocation Failure)
[467.173s][info][gc,heap        ] GC(1286) PSYoungGen: 281152K(292352K)->64K(270336K) Eden: 281088K(281088K)->0K(269824K) From: 64K(11264K)->64K(512K)
[467.173s][info][gc,heap        ] GC(1286) ParOldGen: 588896K(589312K)->588904K(589312K)
[467.173s][info][gc,metaspace   ] GC(1286) Metaspace: 35472K(36224K)->35472K(36224K) NonClass: 26260K(26816K)->26260K(26816K) Class: 9211K(9408K)->9211K(9408K)
[467.173s][info][gc             ] GC(1286) Pause Young (Allocation Failure) 849M->575M(839M) 2.555ms
[467.173s][info][gc,cpu         ] GC(1286) User=0.01s Sys=0.00s Real=0.01s
[467.269s][info][gc,start       ] GC(1287) Pause Young (Allocation Failure)
[467.271s][info][gc,heap        ] GC(1287) PSYoungGen: 269888K(270336K)->64K(268800K) Eden: 269824K(269824K)->0K(259072K) From: 64K(512K)->64K(9728K)
[467.271s][info][gc,heap        ] GC(1287) ParOldGen: 588904K(589312K)->588912K(589312K)
[467.271s][info][gc,metaspace   ] GC(1287) Metaspace: 35472K(36224K)->35472K(36224K) NonClass: 26260K(26816K)->26260K(26816K) Class: 9211K(9408K)->9211K(9408K)
[467.271s][info][gc             ] GC(1287) Pause Young (Allocation Failure) 838M->575M(838M) 1.744ms
[467.271s][info][gc,cpu         ] GC(1287) User=0.01s Sys=0.00s Real=0.00s
[467.878s][info][gc,start       ] GC(1288) Pause Young (Allocation Failure)
[467.881s][info][gc,heap        ] GC(1288) PSYoungGen: 259136K(268800K)->64K(249344K) Eden: 259072K(259072K)->0K(248832K) From: 64K(9728K)->64K(512K)
[467.881s][info][gc,heap        ] GC(1288) ParOldGen: 588912K(589312K)->588920K(589312K)
[467.881s][info][gc,metaspace   ] GC(1288) Metaspace: 35472K(36224K)->35472K(36224K) NonClass: 26260K(26816K)->26260K(26816K) Class: 9211K(9408K)->9211K(9408K)
[467.881s][info][gc             ] GC(1288) Pause Young (Allocation Failure) 828M->575M(819M) 2.601ms
[467.881s][info][gc,cpu         ] GC(1288) User=0.00s Sys=0.00s Real=0.00s
[468.109s][info][gc,start       ] GC(1289) Pause Young (Allocation Failure)
[468.111s][info][gc,heap        ] GC(1289) PSYoungGen: 248896K(249344K)->64K(247296K) Eden: 248832K(248832K)->0K(239104K) From: 64K(512K)->64K(8192K)
[468.111s][info][gc,heap        ] GC(1289) ParOldGen: 588920K(589312K)->588928K(589312K)
[468.111s][info][gc,metaspace   ] GC(1289) Metaspace: 35472K(36224K)->35472K(36224K) NonClass: 26260K(26816K)->26260K(26816K) Class: 9211K(9408K)->9211K(9408K)
[468.111s][info][gc             ] GC(1289) Pause Young (Allocation Failure) 818M->575M(817M) 1.772ms
[468.111s][info][gc,cpu         ] GC(1289) User=0.00s Sys=0.00s Real=0.00s
[468.429s][info][gc,start       ] GC(1290) Pause Young (Allocation Failure)
[468.470s][info][gc,heap        ] GC(1290) PSYoungGen: 239168K(247296K)->7680K(288768K) Eden: 239104K(239104K)->0K(281088K) From: 64K(8192K)->7680K(7680K)
[468.470s][info][gc,heap        ] GC(1290) ParOldGen: 588928K(589312K)->602592K(602624K)
[468.470s][info][gc,metaspace   ] GC(1290) Metaspace: 35472K(36224K)->35472K(36224K) NonClass: 26260K(26816K)->26260K(26816K) Class: 9211K(9408K)->9211K(9408K)
[468.470s][info][gc             ] GC(1290) Pause Young (Allocation Failure) 808M->595M(870M) 41.301ms
[468.470s][info][gc,cpu         ] GC(1290) User=0.07s Sys=0.01s Real=0.04s
[468.805s][info][gc,start       ] GC(1291) Pause Young (Allocation Failure)
[468.868s][info][gc,heap        ] GC(1291) PSYoungGen: 288768K(288768K)->14848K(295936K) Eden: 281088K(281088K)->0K(281088K) From: 7680K(7680K)->14848K(14848K)
[468.868s][info][gc,heap        ] GC(1291) ParOldGen: 602592K(602624K)->619824K(620032K)
[468.868s][info][gc,metaspace   ] GC(1291) Metaspace: 35472K(36224K)->35472K(36224K) NonClass: 26260K(26816K)->26260K(26816K) Class: 9211K(9408K)->9211K(9408K)
[468.868s][info][gc             ] GC(1291) Pause Young (Allocation Failure) 870M->619M(894M) 63.182ms
[468.868s][info][gc,cpu         ] GC(1291) User=0.11s Sys=0.01s Real=0.06s
[469.021s][info][gc,start       ] GC(1292) Pause Young (Allocation Failure)
[469.046s][info][gc,heap        ] GC(1292) PSYoungGen: 295936K(295936K)->9600K(309760K) Eden: 281088K(281088K)->0K(285184K) From: 14848K(14848K)->9600K(24576K)
[469.046s][info][gc,heap        ] GC(1292) ParOldGen: 619824K(620032K)->620288K(620544K)
[469.046s][info][gc,metaspace   ] GC(1292) Metaspace: 35472K(36224K)->35472K(36224K) NonClass: 26260K(26816K)->26260K(26816K) Class: 9211K(9408K)->9211K(9408K)
[469.046s][info][gc             ] GC(1292) Pause Young (Allocation Failure) 894M->615M(908M) 25.201ms
[469.046s][info][gc,cpu         ] GC(1292) User=0.04s Sys=0.01s Real=0.03s
[469.559s][info][gc,start       ] GC(1293) Pause Young (Allocation Failure)
[469.561s][info][gc,heap        ] GC(1293) PSYoungGen: 294784K(309760K)->64K(285696K) Eden: 285184K(285184K)->0K(285184K) From: 9600K(24576K)->64K(512K)
[469.561s][info][gc,heap        ] GC(1293) ParOldGen: 620288K(620544K)->620296K(620544K)
[469.561s][info][gc,metaspace   ] GC(1293) Metaspace: 35472K(36224K)->35472K(36224K) NonClass: 26260K(26816K)->26260K(26816K) Class: 9211K(9408K)->9211K(9408K)
[469.561s][info][gc             ] GC(1293) Pause Young (Allocation Failure) 893M->605M(885M) 2.083ms
[469.561s][info][gc,cpu         ] GC(1293) User=0.00s Sys=0.00s Real=0.00s
[470.046s][info][gc,start       ] GC(1294) Pause Young (Allocation Failure)
[470.048s][info][gc,heap        ] GC(1294) PSYoungGen: 285248K(285696K)->64K(308736K) Eden: 285184K(285184K)->0K(285696K) From: 64K(512K)->64K(23040K)
[470.048s][info][gc,heap        ] GC(1294) ParOldGen: 620296K(620544K)->620304K(620544K)
[470.048s][info][gc,metaspace   ] GC(1294) Metaspace: 35472K(36224K)->35472K(36224K) NonClass: 26260K(26816K)->26260K(26816K) Class: 9211K(9408K)->9211K(9408K)
[470.048s][info][gc             ] GC(1294) Pause Young (Allocation Failure) 884M->605M(907M) 2.037ms
[470.048s][info][gc,cpu         ] GC(1294) User=0.01s Sys=0.00s Real=0.00s
[470.471s][info][gc,start       ] GC(1295) Pause Young (Allocation Failure)
[470.473s][info][gc,heap        ] GC(1295) PSYoungGen: 285760K(308736K)->64K(308224K) Eden: 285696K(285696K)->0K(285696K) From: 64K(23040K)->64K(22528K)
[470.473s][info][gc,heap        ] GC(1295) ParOldGen: 620304K(620544K)->620320K(620544K)
[470.473s][info][gc,metaspace   ] GC(1295) Metaspace: 35472K(36224K)->35472K(36224K) NonClass: 26260K(26816K)->26260K(26816K) Class: 9211K(9408K)->9211K(9408K)
[470.473s][info][gc             ] GC(1295) Pause Young (Allocation Failure) 884M->605M(907M) 1.997ms
[470.473s][info][gc,cpu         ] GC(1295) User=0.00s Sys=0.00s Real=0.01s
[470.683s][info][gc,start       ] GC(1296) Pause Young (Allocation Failure)
[470.685s][info][gc,heap        ] GC(1296) PSYoungGen: 285760K(308224K)->64K(310272K) Eden: 285696K(285696K)->0K(289280K) From: 64K(22528K)->64K(20992K)
[470.685s][info][gc,heap        ] GC(1296) ParOldGen: 620320K(620544K)->620336K(620544K)
[470.685s][info][gc,metaspace   ] GC(1296) Metaspace: 35472K(36224K)->35472K(36224K) NonClass: 26260K(26816K)->26260K(26816K) Class: 9211K(9408K)->9211K(9408K)
[470.685s][info][gc             ] GC(1296) Pause Young (Allocation Failure) 884M->605M(909M) 1.996ms
[470.685s][info][gc,cpu         ] GC(1296) User=0.00s Sys=0.00s Real=0.00s
[471.007s][info][gc,start       ] GC(1297) Pause Young (Allocation Failure)
[471.009s][info][gc,heap        ] GC(1297) PSYoungGen: 289344K(310272K)->64K(309760K) Eden: 289280K(289280K)->0K(289280K) From: 64K(20992K)->64K(20480K)
[471.009s][info][gc,heap        ] GC(1297) ParOldGen: 620336K(620544K)->620336K(620544K)
[471.009s][info][gc,metaspace   ] GC(1297) Metaspace: 35472K(36224K)->35472K(36224K) NonClass: 26260K(26816K)->26260K(26816K) Class: 9211K(9408K)->9211K(9408K)
[471.009s][info][gc             ] GC(1297) Pause Young (Allocation Failure) 888M->605M(908M) 1.962ms
[471.009s][info][gc,cpu         ] GC(1297) User=0.01s Sys=0.00s Real=0.00s
[471.158s][info][gc,start       ] GC(1298) Pause Young (Allocation Failure)
[471.160s][info][gc,heap        ] GC(1298) PSYoungGen: 289344K(309760K)->64K(312320K) Eden: 289280K(289280K)->0K(292864K) From: 64K(20480K)->64K(19456K)
[471.160s][info][gc,heap        ] GC(1298) ParOldGen: 620336K(620544K)->620344K(620544K)
[471.160s][info][gc,metaspace   ] GC(1298) Metaspace: 35472K(36224K)->35472K(36224K) NonClass: 26260K(26816K)->26260K(26816K) Class: 9211K(9408K)->9211K(9408K)
[471.160s][info][gc             ] GC(1298) Pause Young (Allocation Failure) 888M->605M(911M) 1.910ms
[471.160s][info][gc,cpu         ] GC(1298) User=0.00s Sys=0.00s Real=0.00s
[471.211s][info][gc,start       ] GC(1299) Pause Young (Allocation Failure)
[471.213s][info][gc,heap        ] GC(1299) PSYoungGen: 292928K(312320K)->64K(311808K) Eden: 292864K(292864K)->0K(292864K) From: 64K(19456K)->64K(18944K)
[471.213s][info][gc,heap        ] GC(1299) ParOldGen: 620344K(620544K)->620360K(620544K)
[471.213s][info][gc,metaspace   ] GC(1299) Metaspace: 35472K(36224K)->35472K(36224K) NonClass: 26260K(26816K)->26260K(26816K) Class: 9211K(9408K)->9211K(9408K)
[471.213s][info][gc             ] GC(1299) Pause Young (Allocation Failure) 891M->605M(910M) 1.850ms
[471.213s][info][gc,cpu         ] GC(1299) User=0.00s Sys=0.00s Real=0.01s
[471.330s][info][gc,start       ] GC(1300) Pause Young (Allocation Failure)
[471.332s][info][gc,heap        ] GC(1300) PSYoungGen: 292928K(311808K)->64K(313856K) Eden: 292864K(292864K)->0K(296448K) From: 64K(18944K)->64K(17408K)
[471.332s][info][gc,heap        ] GC(1300) ParOldGen: 620360K(620544K)->620360K(620544K)
[471.332s][info][gc,metaspace   ] GC(1300) Metaspace: 35472K(36224K)->35472K(36224K) NonClass: 26260K(26816K)->26260K(26816K) Class: 9211K(9408K)->9211K(9408K)
[471.332s][info][gc             ] GC(1300) Pause Young (Allocation Failure) 891M->605M(912M) 1.934ms
[471.332s][info][gc,cpu         ] GC(1300) User=0.00s Sys=0.00s Real=0.00s
[471.559s][info][gc,start       ] GC(1301) Pause Young (Allocation Failure)
[471.560s][info][gc,heap        ] GC(1301) PSYoungGen: 296512K(313856K)->64K(313344K) Eden: 296448K(296448K)->0K(296448K) From: 64K(17408K)->64K(16896K)
[471.560s][info][gc,heap        ] GC(1301) ParOldGen: 620360K(620544K)->620368K(620544K)
[471.560s][info][gc,metaspace   ] GC(1301) Metaspace: 35472K(36224K)->35472K(36224K) NonClass: 26260K(26816K)->26260K(26816K) Class: 9211K(9408K)->9211K(9408K)
[471.560s][info][gc             ] GC(1301) Pause Young (Allocation Failure) 895M->605M(912M) 1.878ms
[471.561s][info][gc,cpu         ] GC(1301) User=0.00s Sys=0.00s Real=0.00s
[471.721s][info][gc,start       ] GC(1302) Pause Young (Allocation Failure)
[471.723s][info][gc,heap        ] GC(1302) PSYoungGen: 296512K(313344K)->64K(315904K) Eden: 296448K(296448K)->0K(300544K) From: 64K(16896K)->64K(15360K)
[471.723s][info][gc,heap        ] GC(1302) ParOldGen: 620368K(620544K)->620376K(620544K)
[471.723s][info][gc,metaspace   ] GC(1302) Metaspace: 35472K(36224K)->35472K(36224K) NonClass: 26260K(26816K)->26260K(26816K) Class: 9211K(9408K)->9211K(9408K)
[471.723s][info][gc             ] GC(1302) Pause Young (Allocation Failure) 895M->605M(914M) 1.949ms
[471.723s][info][gc,cpu         ] GC(1302) User=0.00s Sys=0.00s Real=0.01s
[471.806s][info][gc,start       ] GC(1303) Pause Young (Allocation Failure)
[471.808s][info][gc,heap        ] GC(1303) PSYoungGen: 300608K(315904K)->64K(315392K) Eden: 300544K(300544K)->0K(300544K) From: 64K(15360K)->64K(14848K)
[471.808s][info][gc,heap        ] GC(1303) ParOldGen: 620376K(620544K)->620384K(620544K)
[471.808s][info][gc,metaspace   ] GC(1303) Metaspace: 35472K(36224K)->35472K(36224K) NonClass: 26260K(26816K)->26260K(26816K) Class: 9211K(9408K)->9211K(9408K)
[471.808s][info][gc             ] GC(1303) Pause Young (Allocation Failure) 899M->605M(914M) 1.873ms
[471.808s][info][gc,cpu         ] GC(1303) User=0.00s Sys=0.00s Real=0.00s
[471.987s][info][gc,start       ] GC(1304) Pause Young (Allocation Failure)
[471.989s][info][gc,heap        ] GC(1304) PSYoungGen: 300608K(315392K)->64K(317952K) Eden: 300544K(300544K)->0K(304128K) From: 64K(14848K)->64K(13824K)
[471.989s][info][gc,heap        ] GC(1304) ParOldGen: 620384K(620544K)->620392K(620544K)
[471.989s][info][gc,metaspace   ] GC(1304) Metaspace: 35472K(36224K)->35472K(36224K) NonClass: 26260K(26816K)->26260K(26816K) Class: 9211K(9408K)->9211K(9408K)
[471.989s][info][gc             ] GC(1304) Pause Young (Allocation Failure) 899M->605M(916M) 1.959ms
[471.989s][info][gc,cpu         ] GC(1304) User=0.00s Sys=0.00s Real=0.00s
[472.937s][info][gc,start       ] GC(1305) Pause Young (Allocation Failure)
[472.939s][info][gc,heap        ] GC(1305) PSYoungGen: 304192K(317952K)->64K(317440K) Eden: 304128K(304128K)->0K(304128K) From: 64K(13824K)->64K(13312K)
[472.939s][info][gc,heap        ] GC(1305) ParOldGen: 620392K(620544K)->620400K(620544K)
[472.939s][info][gc,metaspace   ] GC(1305) Metaspace: 35472K(36224K)->35472K(36224K) NonClass: 26260K(26816K)->26260K(26816K) Class: 9211K(9408K)->9211K(9408K)
[472.939s][info][gc             ] GC(1305) Pause Young (Allocation Failure) 902M->605M(916M) 2.101ms
[472.939s][info][gc,cpu         ] GC(1305) User=0.00s Sys=0.00s Real=0.00s
[473.828s][info][gc,start       ] GC(1306) Pause Young (Allocation Failure)
[473.830s][info][gc,heap        ] GC(1306) PSYoungGen: 304192K(317440K)->64K(319488K) Eden: 304128K(304128K)->0K(307200K) From: 64K(13312K)->64K(12288K)
[473.830s][info][gc,heap        ] GC(1306) ParOldGen: 620400K(620544K)->620408K(620544K)
[473.830s][info][gc,metaspace   ] GC(1306) Metaspace: 35472K(36224K)->35472K(36224K) NonClass: 26260K(26816K)->26260K(26816K) Class: 9211K(9408K)->9211K(9408K)
[473.830s][info][gc             ] GC(1306) Pause Young (Allocation Failure) 902M->605M(918M) 1.997ms
[473.830s][info][gc,cpu         ] GC(1306) User=0.01s Sys=0.00s Real=0.00s
[474.294s][info][gc,start       ] GC(1307) Pause Young (Allocation Failure)
[474.296s][info][gc,heap        ] GC(1307) PSYoungGen: 307264K(319488K)->64K(295424K) Eden: 307200K(307200K)->0K(294912K) From: 64K(12288K)->64K(512K)
[474.296s][info][gc,heap        ] GC(1307) ParOldGen: 620408K(620544K)->620416K(620544K)
[474.296s][info][gc,metaspace   ] GC(1307) Metaspace: 35472K(36224K)->35472K(36224K) NonClass: 26260K(26816K)->26260K(26816K) Class: 9211K(9408K)->9211K(9408K)
[474.296s][info][gc             ] GC(1307) Pause Young (Allocation Failure) 905M->605M(894M) 2.005ms
[474.296s][info][gc,cpu         ] GC(1307) User=0.00s Sys=0.00s Real=0.00s
[475.318s][info][gc,start       ] GC(1308) Pause Young (Allocation Failure)
[475.321s][info][gc,heap        ] GC(1308) PSYoungGen: 294976K(295424K)->64K(283648K) Eden: 294912K(294912K)->0K(283136K) From: 64K(512K)->64K(512K)
[475.321s][info][gc,heap        ] GC(1308) ParOldGen: 620416K(620544K)->620424K(620544K)
[475.321s][info][gc,metaspace   ] GC(1308) Metaspace: 35472K(36224K)->35472K(36224K) NonClass: 26260K(26816K)->26260K(26816K) Class: 9211K(9408K)->9211K(9408K)
[475.321s][info][gc             ] GC(1308) Pause Young (Allocation Failure) 893M->605M(883M) 2.749ms
[475.321s][info][gc,cpu         ] GC(1308) User=0.00s Sys=0.00s Real=0.00s
[475.742s][info][gc,start       ] GC(1309) Pause Young (Allocation Failure)
[475.744s][info][gc,heap        ] GC(1309) PSYoungGen: 283200K(283648K)->64K(282112K) Eden: 283136K(283136K)->0K(271872K) From: 64K(512K)->64K(10240K)
[475.744s][info][gc,heap        ] GC(1309) ParOldGen: 620424K(620544K)->620432K(620544K)
[475.744s][info][gc,metaspace   ] GC(1309) Metaspace: 35472K(36224K)->35472K(36224K) NonClass: 26260K(26816K)->26260K(26816K) Class: 9211K(9408K)->9211K(9408K)
[475.744s][info][gc             ] GC(1309) Pause Young (Allocation Failure) 882M->605M(881M) 2.212ms
[475.744s][info][gc,cpu         ] GC(1309) User=0.01s Sys=0.00s Real=0.01s
[475.898s][info][gc,start       ] GC(1310) Pause Young (Allocation Failure)
[475.902s][info][gc,heap        ] GC(1310) PSYoungGen: 271936K(282112K)->64K(261632K) Eden: 271872K(271872K)->0K(261120K) From: 64K(10240K)->64K(512K)
[475.902s][info][gc,heap        ] GC(1310) ParOldGen: 620432K(620544K)->620440K(620544K)
[475.902s][info][gc,metaspace   ] GC(1310) Metaspace: 35472K(36224K)->35472K(36224K) NonClass: 26260K(26816K)->26260K(26816K) Class: 9211K(9408K)->9211K(9408K)
[475.902s][info][gc             ] GC(1310) Pause Young (Allocation Failure) 871M->605M(861M) 3.295ms
[475.902s][info][gc,cpu         ] GC(1310) User=0.00s Sys=0.00s Real=0.00s
[476.369s][info][gc,start       ] GC(1311) Pause Young (Allocation Failure)
[476.372s][info][gc,heap        ] GC(1311) PSYoungGen: 261184K(261632K)->64K(259584K) Eden: 261120K(261120K)->0K(250880K) From: 64K(512K)->64K(8704K)
[476.372s][info][gc,heap        ] GC(1311) ParOldGen: 620440K(620544K)->620448K(620544K)
[476.372s][info][gc,metaspace   ] GC(1311) Metaspace: 35472K(36224K)->35472K(36224K) NonClass: 26260K(26816K)->26260K(26816K) Class: 9211K(9408K)->9211K(9408K)
[476.372s][info][gc             ] GC(1311) Pause Young (Allocation Failure) 860M->605M(859M) 2.689ms
[476.372s][info][gc,cpu         ] GC(1311) User=0.00s Sys=0.00s Real=0.00s
[476.683s][info][gc,start       ] GC(1312) Pause Young (Allocation Failure)
[476.685s][info][gc,heap        ] GC(1312) PSYoungGen: 250944K(259584K)->64K(241664K) Eden: 250880K(250880K)->0K(241152K) From: 64K(8704K)->64K(512K)
[476.685s][info][gc,heap        ] GC(1312) ParOldGen: 620448K(620544K)->620456K(620544K)
[476.685s][info][gc,metaspace   ] GC(1312) Metaspace: 35472K(36224K)->35472K(36224K) NonClass: 26260K(26816K)->26260K(26816K) Class: 9211K(9408K)->9211K(9408K)
[476.685s][info][gc             ] GC(1312) Pause Young (Allocation Failure) 850M->605M(842M) 2.801ms
[476.685s][info][gc,cpu         ] GC(1312) User=0.00s Sys=0.00s Real=0.00s
[477.020s][info][gc,start       ] GC(1313) Pause Young (Allocation Failure)
[477.047s][info][gc,heap        ] GC(1313) PSYoungGen: 241216K(241664K)->7680K(285184K) Eden: 241152K(241152K)->0K(277504K) From: 64K(512K)->7680K(7680K)
[477.047s][info][gc,heap        ] GC(1313) ParOldGen: 620456K(620544K)->626856K(627200K)
[477.047s][info][gc,metaspace   ] GC(1313) Metaspace: 35472K(36224K)->35472K(36224K) NonClass: 26260K(26816K)->26260K(26816K) Class: 9211K(9408K)->9211K(9408K)
[477.047s][info][gc             ] GC(1313) Pause Young (Allocation Failure) 841M->619M(891M) 27.463ms
[477.047s][info][gc,cpu         ] GC(1313) User=0.05s Sys=0.00s Real=0.03s
[477.371s][info][gc,start       ] GC(1314) Pause Young (Allocation Failure)
[477.440s][info][gc,heap        ] GC(1314) PSYoungGen: 285184K(285184K)->11776K(290304K) Eden: 277504K(277504K)->0K(278528K) From: 7680K(7680K)->11776K(11776K)
[477.440s][info][gc,heap        ] GC(1314) ParOldGen: 626856K(627200K)->646568K(646656K)
[477.440s][info][gc,metaspace   ] GC(1314) Metaspace: 35472K(36224K)->35472K(36224K) NonClass: 26260K(26816K)->26260K(26816K) Class: 9211K(9408K)->9211K(9408K)
[477.440s][info][gc             ] GC(1314) Pause Young (Allocation Failure) 890M->642M(915M) 68.720ms
[477.440s][info][gc,cpu         ] GC(1314) User=0.12s Sys=0.02s Real=0.07s
[477.653s][info][gc,start       ] GC(1315) Pause Young (Allocation Failure)
[477.686s][info][gc,heap        ] GC(1315) PSYoungGen: 290304K(290304K)->17248K(300544K) Eden: 278528K(278528K)->0K(278528K) From: 11776K(11776K)->17248K(22016K)
[477.686s][info][gc,heap        ] GC(1315) ParOldGen: 646568K(646656K)->647104K(647168K)
[477.686s][info][gc,metaspace   ] GC(1315) Metaspace: 35472K(36224K)->35472K(36224K) NonClass: 26260K(26816K)->26260K(26816K) Class: 9211K(9408K)->9211K(9408K)
[477.686s][info][gc             ] GC(1315) Pause Young (Allocation Failure) 914M->648M(925M) 32.948ms
[477.686s][info][gc,cpu         ] GC(1315) User=0.06s Sys=0.00s Real=0.03s
[478.035s][info][gc,start       ] GC(1316) Pause Young (Allocation Failure)
[478.037s][info][gc,heap        ] GC(1316) PSYoungGen: 295776K(300544K)->64K(309760K) Eden: 278528K(278528K)->0K(285184K) From: 17248K(22016K)->64K(24576K)
[478.037s][info][gc,heap        ] GC(1316) ParOldGen: 647104K(647168K)->647112K(647168K)
[478.037s][info][gc,metaspace   ] GC(1316) Metaspace: 35472K(36224K)->35472K(36224K) NonClass: 26260K(26816K)->26260K(26816K) Class: 9211K(9408K)->9211K(9408K)
[478.037s][info][gc             ] GC(1316) Pause Young (Allocation Failure) 920M->632M(934M) 2.047ms
[478.037s][info][gc,cpu         ] GC(1316) User=0.01s Sys=0.00s Real=0.00s
[478.634s][info][gc,start       ] GC(1317) Pause Young (Allocation Failure)
[478.636s][info][gc,heap        ] GC(1317) PSYoungGen: 285248K(309760K)->64K(285696K) Eden: 285184K(285184K)->0K(285184K) From: 64K(24576K)->64K(512K)
[478.636s][info][gc,heap        ] GC(1317) ParOldGen: 647112K(647168K)->647120K(647168K)
[478.636s][info][gc,metaspace   ] GC(1317) Metaspace: 35472K(36224K)->35472K(36224K) NonClass: 26260K(26816K)->26260K(26816K) Class: 9211K(9408K)->9211K(9408K)
[478.636s][info][gc             ] GC(1317) Pause Young (Allocation Failure) 910M->632M(911M) 2.175ms
[478.636s][info][gc,cpu         ] GC(1317) User=0.01s Sys=0.00s Real=0.00s
[479.076s][info][gc,start       ] GC(1318) Pause Young (Allocation Failure)
[479.078s][info][gc,heap        ] GC(1318) PSYoungGen: 285248K(285696K)->64K(309248K) Eden: 285184K(285184K)->0K(286208K) From: 64K(512K)->64K(23040K)
[479.078s][info][gc,heap        ] GC(1318) ParOldGen: 647120K(647168K)->647136K(647168K)
[479.078s][info][gc,metaspace   ] GC(1318) Metaspace: 35472K(36224K)->35472K(36224K) NonClass: 26260K(26816K)->26260K(26816K) Class: 9211K(9408K)->9211K(9408K)
[479.078s][info][gc             ] GC(1318) Pause Young (Allocation Failure) 910M->632M(934M) 2.100ms
[479.078s][info][gc,cpu         ] GC(1318) User=0.01s Sys=0.01s Real=0.00s
[479.295s][info][gc,start       ] GC(1319) Pause Young (Allocation Failure)
[479.297s][info][gc,heap        ] GC(1319) PSYoungGen: 286272K(309248K)->64K(308224K) Eden: 286208K(286208K)->0K(286208K) From: 64K(23040K)->64K(22016K)
[479.297s][info][gc,heap        ] GC(1319) ParOldGen: 647136K(647168K)->647152K(647168K)
[479.297s][info][gc,metaspace   ] GC(1319) Metaspace: 35472K(36224K)->35472K(36224K) NonClass: 26260K(26816K)->26260K(26816K) Class: 9211K(9408K)->9211K(9408K)
[479.297s][info][gc             ] GC(1319) Pause Young (Allocation Failure) 911M->632M(933M) 2.311ms
[479.297s][info][gc,cpu         ] GC(1319) User=0.00s Sys=0.00s Real=0.00s
[479.508s][info][gc,start       ] GC(1320) Pause Young (Allocation Failure)
[479.510s][info][gc,heap        ] GC(1320) PSYoungGen: 286272K(308224K)->32K(310784K) Eden: 286208K(286208K)->0K(289792K) From: 64K(22016K)->32K(20992K)
[479.510s][info][gc,heap        ] GC(1320) ParOldGen: 647152K(647168K)->647152K(647168K)
[479.510s][info][gc,metaspace   ] GC(1320) Metaspace: 35472K(36224K)->35472K(36224K) NonClass: 26260K(26816K)->26260K(26816K) Class: 9211K(9408K)->9211K(9408K)
[479.510s][info][gc             ] GC(1320) Pause Young (Allocation Failure) 911M->632M(935M) 2.002ms
[479.510s][info][gc,cpu         ] GC(1320) User=0.01s Sys=0.00s Real=0.00s
[479.811s][info][gc,start       ] GC(1321) Pause Young (Allocation Failure)
[479.813s][info][gc,heap        ] GC(1321) PSYoungGen: 289824K(310784K)->64K(309760K) Eden: 289792K(289792K)->0K(289792K) From: 32K(20992K)->64K(19968K)
[479.813s][info][gc,heap        ] GC(1321) ParOldGen: 647152K(647168K)->647152K(647168K)
[479.813s][info][gc,metaspace   ] GC(1321) Metaspace: 35472K(36224K)->35472K(36224K) NonClass: 26260K(26816K)->26260K(26816K) Class: 9211K(9408K)->9211K(9408K)
[479.813s][info][gc             ] GC(1321) Pause Young (Allocation Failure) 915M->632M(934M) 1.956ms
[479.813s][info][gc,cpu         ] GC(1321) User=0.00s Sys=0.00s Real=0.01s
[479.863s][info][gc,start       ] GC(1322) Pause Young (Allocation Failure)
[479.865s][info][gc,heap        ] GC(1322) PSYoungGen: 289856K(309760K)->64K(312832K) Eden: 289792K(289792K)->0K(293888K) From: 64K(19968K)->64K(18944K)
[479.865s][info][gc,heap        ] GC(1322) ParOldGen: 647152K(647168K)->647168K(647680K)
[479.865s][info][gc,metaspace   ] GC(1322) Metaspace: 35472K(36224K)->35472K(36224K) NonClass: 26260K(26816K)->26260K(26816K) Class: 9211K(9408K)->9211K(9408K)
[479.865s][info][gc             ] GC(1322) Pause Young (Allocation Failure) 915M->632M(938M) 1.859ms
[479.865s][info][gc,cpu         ] GC(1322) User=0.00s Sys=0.00s Real=0.00s
[479.934s][info][gc,start       ] GC(1323) Pause Young (Allocation Failure)
[479.936s][info][gc,heap        ] GC(1323) PSYoungGen: 293952K(312832K)->64K(312320K) Eden: 293888K(293888K)->0K(293888K) From: 64K(18944K)->64K(18432K)
[479.936s][info][gc,heap        ] GC(1323) ParOldGen: 647168K(647680K)->647168K(647680K)
[479.936s][info][gc,metaspace   ] GC(1323) Metaspace: 35472K(36224K)->35472K(36224K) NonClass: 26260K(26816K)->26260K(26816K) Class: 9211K(9408K)->9211K(9408K)
[479.936s][info][gc             ] GC(1323) Pause Young (Allocation Failure) 919M->632M(937M) 1.836ms
[479.936s][info][gc,cpu         ] GC(1323) User=0.01s Sys=0.00s Real=0.00s
[480.159s][info][gc,start       ] GC(1324) Pause Young (Allocation Failure)
[480.161s][info][gc,heap        ] GC(1324) PSYoungGen: 293952K(312320K)->64K(314368K) Eden: 293888K(293888K)->0K(297472K) From: 64K(18432K)->64K(16896K)
[480.161s][info][gc,heap        ] GC(1324) ParOldGen: 647168K(647680K)->647184K(647680K)
[480.161s][info][gc,metaspace   ] GC(1324) Metaspace: 35472K(36224K)->35472K(36224K) NonClass: 26260K(26816K)->26260K(26816K) Class: 9211K(9408K)->9211K(9408K)
[480.161s][info][gc             ] GC(1324) Pause Young (Allocation Failure) 919M->632M(939M) 1.886ms
[480.161s][info][gc,cpu         ] GC(1324) User=0.00s Sys=0.00s Real=0.00s
[480.362s][info][gc,start       ] GC(1325) Pause Young (Allocation Failure)
[480.364s][info][gc,heap        ] GC(1325) PSYoungGen: 297536K(314368K)->64K(313856K) Eden: 297472K(297472K)->0K(297472K) From: 64K(16896K)->64K(16384K)
[480.364s][info][gc,heap        ] GC(1325) ParOldGen: 647184K(647680K)->647184K(647680K)
[480.364s][info][gc,metaspace   ] GC(1325) Metaspace: 35472K(36224K)->35472K(36224K) NonClass: 26260K(26816K)->26260K(26816K) Class: 9211K(9408K)->9211K(9408K)
[480.364s][info][gc             ] GC(1325) Pause Young (Allocation Failure) 922M->632M(939M) 1.959ms
[480.364s][info][gc,cpu         ] GC(1325) User=0.00s Sys=0.00s Real=0.00s
[480.446s][info][gc,start       ] GC(1326) Pause Young (Allocation Failure)
[480.448s][info][gc,heap        ] GC(1326) PSYoungGen: 297536K(313856K)->64K(316416K) Eden: 297472K(297472K)->0K(301568K) From: 64K(16384K)->64K(14848K)
[480.448s][info][gc,heap        ] GC(1326) ParOldGen: 647184K(647680K)->647200K(647680K)
[480.448s][info][gc,metaspace   ] GC(1326) Metaspace: 35472K(36224K)->35472K(36224K) NonClass: 26260K(26816K)->26260K(26816K) Class: 9211K(9408K)->9211K(9408K)
[480.448s][info][gc             ] GC(1326) Pause Young (Allocation Failure) 922M->632M(941M) 1.867ms
[480.448s][info][gc,cpu         ] GC(1326) User=0.00s Sys=0.00s Real=0.00s
[480.599s][info][gc,start       ] GC(1327) Pause Young (Allocation Failure)
[480.603s][info][gc,heap        ] GC(1327) PSYoungGen: 301632K(316416K)->64K(315904K) Eden: 301568K(301568K)->0K(301568K) From: 64K(14848K)->64K(14336K)
[480.603s][info][gc,heap        ] GC(1327) ParOldGen: 647200K(647680K)->647200K(647680K)
[480.603s][info][gc,metaspace   ] GC(1327) Metaspace: 35472K(36224K)->35472K(36224K) NonClass: 26260K(26816K)->26260K(26816K) Class: 9211K(9408K)->9211K(9408K)
[480.603s][info][gc             ] GC(1327) Pause Young (Allocation Failure) 926M->632M(941M) 3.695ms
[480.603s][info][gc,cpu         ] GC(1327) User=0.00s Sys=0.00s Real=0.01s
[481.572s][info][gc,start       ] GC(1328) Pause Young (Allocation Failure)
[481.575s][info][gc,heap        ] GC(1328) PSYoungGen: 301632K(315904K)->32K(318464K) Eden: 301568K(301568K)->0K(305152K) From: 64K(14336K)->32K(13312K)
[481.575s][info][gc,heap        ] GC(1328) ParOldGen: 647200K(647680K)->647208K(647680K)
[481.575s][info][gc,metaspace   ] GC(1328) Metaspace: 35472K(36224K)->35472K(36224K) NonClass: 26260K(26816K)->26260K(26816K) Class: 9211K(9408K)->9211K(9408K)
[481.575s][info][gc             ] GC(1328) Pause Young (Allocation Failure) 926M->632M(943M) 3.380ms
[481.575s][info][gc,cpu         ] GC(1328) User=0.00s Sys=0.00s Real=0.01s
[482.424s][info][gc,start       ] GC(1329) Pause Young (Allocation Failure)
[482.428s][info][gc,heap        ] GC(1329) PSYoungGen: 305184K(318464K)->64K(317952K) Eden: 305152K(305152K)->0K(305152K) From: 32K(13312K)->64K(12800K)
[482.428s][info][gc,heap        ] GC(1329) ParOldGen: 647208K(647680K)->647216K(647680K)
[482.428s][info][gc,metaspace   ] GC(1329) Metaspace: 35472K(36224K)->35472K(36224K) NonClass: 26260K(26816K)->26260K(26816K) Class: 9211K(9408K)->9211K(9408K)
[482.428s][info][gc             ] GC(1329) Pause Young (Allocation Failure) 930M->632M(943M) 4.042ms
[482.428s][info][gc,cpu         ] GC(1329) User=0.00s Sys=0.00s Real=0.00s
[482.774s][info][gc,start       ] GC(1330) Pause Young (Allocation Failure)
[482.776s][info][gc,heap        ] GC(1330) PSYoungGen: 305216K(317952K)->64K(320000K) Eden: 305152K(305152K)->0K(308224K) From: 64K(12800K)->64K(11776K)
[482.776s][info][gc,heap        ] GC(1330) ParOldGen: 647216K(647680K)->647224K(647680K)
[482.776s][info][gc,metaspace   ] GC(1330) Metaspace: 35472K(36224K)->35472K(36224K) NonClass: 26260K(26816K)->26260K(26816K) Class: 9211K(9408K)->9211K(9408K)
[482.776s][info][gc             ] GC(1330) Pause Young (Allocation Failure) 930M->632M(945M) 2.530ms
[482.776s][info][gc,cpu         ] GC(1330) User=0.01s Sys=0.00s Real=0.00s
[483.928s][info][gc,start       ] GC(1331) Pause Young (Allocation Failure)
[483.930s][info][gc,heap        ] GC(1331) PSYoungGen: 308288K(320000K)->64K(296448K) Eden: 308224K(308224K)->0K(295936K) From: 64K(11776K)->64K(512K)
[483.930s][info][gc,heap        ] GC(1331) ParOldGen: 647224K(647680K)->647232K(647680K)
[483.930s][info][gc,metaspace   ] GC(1331) Metaspace: 35472K(36224K)->35472K(36224K) NonClass: 26260K(26816K)->26260K(26816K) Class: 9211K(9408K)->9211K(9408K)
[483.930s][info][gc             ] GC(1331) Pause Young (Allocation Failure) 933M->632M(922M) 2.126ms
[483.930s][info][gc,cpu         ] GC(1331) User=0.01s Sys=0.00s Real=0.00s
[484.362s][info][gc,start       ] GC(1332) Pause Young (Allocation Failure)
[484.365s][info][gc,heap        ] GC(1332) PSYoungGen: 296000K(296448K)->64K(284672K) Eden: 295936K(295936K)->0K(284160K) From: 64K(512K)->64K(512K)
[484.365s][info][gc,heap        ] GC(1332) ParOldGen: 647232K(647680K)->647240K(647680K)
[484.365s][info][gc,metaspace   ] GC(1332) Metaspace: 35472K(36224K)->35472K(36224K) NonClass: 26260K(26816K)->26260K(26816K) Class: 9211K(9408K)->9211K(9408K)
[484.365s][info][gc             ] GC(1332) Pause Young (Allocation Failure) 921M->632M(910M) 2.345ms
[484.365s][info][gc,cpu         ] GC(1332) User=0.00s Sys=0.00s Real=0.00s
[484.553s][info][gc,start       ] GC(1333) Pause Young (Allocation Failure)
[484.555s][info][gc,heap        ] GC(1333) PSYoungGen: 284224K(284672K)->64K(282624K) Eden: 284160K(284160K)->0K(272896K) From: 64K(512K)->64K(9728K)
[484.555s][info][gc,heap        ] GC(1333) ParOldGen: 647240K(647680K)->647248K(647680K)
[484.555s][info][gc,metaspace   ] GC(1333) Metaspace: 35472K(36224K)->35472K(36224K) NonClass: 26260K(26816K)->26260K(26816K) Class: 9211K(9408K)->9211K(9408K)
[484.555s][info][gc             ] GC(1333) Pause Young (Allocation Failure) 909M->632M(908M) 2.008ms
[484.555s][info][gc,cpu         ] GC(1333) User=0.00s Sys=0.00s Real=0.00s
[484.934s][info][gc,start       ] GC(1334) Pause Young (Allocation Failure)
[484.938s][info][gc,heap        ] GC(1334) PSYoungGen: 272960K(282624K)->64K(262656K) Eden: 272896K(272896K)->0K(262144K) From: 64K(9728K)->64K(512K)
[484.938s][info][gc,heap        ] GC(1334) ParOldGen: 647248K(647680K)->647264K(647680K)
[484.938s][info][gc,metaspace   ] GC(1334) Metaspace: 35472K(36224K)->35472K(36224K) NonClass: 26260K(26816K)->26260K(26816K) Class: 9211K(9408K)->9211K(9408K)
[484.938s][info][gc             ] GC(1334) Pause Young (Allocation Failure) 898M->632M(889M) 3.725ms
[484.938s][info][gc,cpu         ] GC(1334) User=0.00s Sys=0.00s Real=0.00s
[485.311s][info][gc,start       ] GC(1335) Pause Young (Allocation Failure)
[485.314s][info][gc,heap        ] GC(1335) PSYoungGen: 262208K(262656K)->64K(260096K) Eden: 262144K(262144K)->0K(251904K) From: 64K(512K)->64K(8192K)
[485.314s][info][gc,heap        ] GC(1335) ParOldGen: 647264K(647680K)->647272K(647680K)
[485.314s][info][gc,metaspace   ] GC(1335) Metaspace: 35472K(36224K)->35472K(36224K) NonClass: 26260K(26816K)->26260K(26816K) Class: 9211K(9408K)->9211K(9408K)
[485.314s][info][gc             ] GC(1335) Pause Young (Allocation Failure) 888M->632M(886M) 2.537ms
[485.314s][info][gc,cpu         ] GC(1335) User=0.01s Sys=0.00s Real=0.01s
[485.668s][info][gc,start       ] GC(1336) Pause Young (Allocation Failure)
[485.694s][info][gc,heap        ] GC(1336) PSYoungGen: 251968K(260096K)->7680K(290304K) Eden: 251904K(251904K)->0K(282624K) From: 64K(8192K)->7680K(7680K)
[485.694s][info][gc,heap        ] GC(1336) ParOldGen: 647272K(647680K)->651784K(652288K)
[485.695s][info][gc,metaspace   ] GC(1336) Metaspace: 35472K(36224K)->35472K(36224K) NonClass: 26260K(26816K)->26260K(26816K) Class: 9211K(9408K)->9211K(9408K)
[485.695s][info][gc             ] GC(1336) Pause Young (Allocation Failure) 878M->644M(920M) 26.424ms
[485.695s][info][gc,cpu         ] GC(1336) User=0.04s Sys=0.01s Real=0.03s
[486.026s][info][gc,start       ] GC(1337) Pause Young (Allocation Failure)
[486.090s][info][gc,promotion   ] GC(1337) Promotion failed
[486.090s][info][gc,heap        ] GC(1337) PSYoungGen: 290304K(290304K)->290304K(290304K) Eden: 282624K(282624K)->282624K(282624K) From: 7680K(7680K)->7680K(7680K)
[486.090s][info][gc,heap        ] GC(1337) ParOldGen: 651784K(652288K)->667640K(667648K)
[486.090s][info][gc,metaspace   ] GC(1337) Metaspace: 35472K(36224K)->35472K(36224K) NonClass: 26260K(26816K)->26260K(26816K) Class: 9211K(9408K)->9211K(9408K)
[486.091s][info][gc             ] GC(1337) Pause Young (Allocation Failure) 920M->935M(935M) 64.108ms
[486.091s][info][gc,cpu         ] GC(1337) User=0.11s Sys=0.01s Real=0.06s
[486.091s][info][gc,start       ] GC(1338) Pause Full (Allocation Failure)
[486.091s][info][gc,phases,start] GC(1338) Marking Phase
[486.163s][info][gc,phases      ] GC(1338) Marking Phase 72.591ms
[486.163s][info][gc,phases,start] GC(1338) Summary Phase
[486.163s][info][gc,phases      ] GC(1338) Summary Phase 0.027ms
[486.163s][info][gc,phases,start] GC(1338) Forward
[486.179s][info][gc,phases      ] GC(1338) Forward 15.391ms
[486.179s][info][gc,phases,start] GC(1338) Adjust Pointers
[486.213s][info][gc,phases      ] GC(1338) Adjust Pointers 34.222ms
[486.213s][info][gc,phases,start] GC(1338) Compaction Phase
[486.234s][info][gc,phases      ] GC(1338) Compaction Phase 21.155ms
[486.234s][info][gc,phases,start] GC(1338) Post Compact
[486.237s][info][metaspace      ] ChkMgr @0x00007efc8003f160 (non-class-space): : reclaiming memory...
[486.237s][info][metaspace      ] ChkMgr @0x00007efc8003f160 (non-class-space): nothing reclaimed.
[486.237s][info][metaspace      ] ChkMgr @0x00007efc8003ef70 (class-space): : reclaiming memory...
[486.237s][info][metaspace      ] ChkMgr @0x00007efc8003ef70 (class-space): nothing reclaimed.
[486.237s][info][gc,phases      ] GC(1338) Post Compact 2.953ms
[486.274s][info][gc,heap        ] GC(1338) PSYoungGen: 290304K(290304K)->0K(293888K) Eden: 282624K(282624K)->0K(282624K) From: 7680K(7680K)->0K(11264K)
[486.274s][info][gc,heap        ] GC(1338) ParOldGen: 667640K(667648K)->88391K(175104K)
[486.274s][info][gc,metaspace   ] GC(1338) Metaspace: 35472K(36224K)->35430K(36224K) NonClass: 26260K(26816K)->26219K(26816K) Class: 9211K(9408K)->9211K(9408K)
[486.274s][info][gc             ] GC(1338) Pause Full (Allocation Failure) 935M->86M(458M) 183.786ms
[486.274s][info][gc,cpu         ] GC(1338) User=0.25s Sys=0.04s Real=0.19s
[486.506s][info][gc,start       ] GC(1339) Pause Young (Allocation Failure)
[486.540s][info][gc,heap        ] GC(1339) PSYoungGen: 282624K(293888K)->11264K(312320K) Eden: 282624K(282624K)->0K(301056K) From: 0K(11264K)->11264K(11264K)
[486.540s][info][gc,heap        ] GC(1339) ParOldGen: 88391K(175104K)->95695K(175104K)
[486.540s][info][gc,metaspace   ] GC(1339) Metaspace: 35430K(36224K)->35430K(36224K) NonClass: 26219K(26816K)->26219K(26816K) Class: 9211K(9408K)->9211K(9408K)
[486.540s][info][gc             ] GC(1339) Pause Young (Allocation Failure) 362M->104M(476M) 33.915ms
[486.540s][info][gc,cpu         ] GC(1339) User=0.06s Sys=0.00s Real=0.03s
[486.926s][info][gc,start       ] GC(1340) Pause Young (Allocation Failure)
[486.929s][info][gc,heap        ] GC(1340) PSYoungGen: 312320K(312320K)->64K(317440K) Eden: 301056K(301056K)->0K(301056K) From: 11264K(11264K)->64K(16384K)
[486.929s][info][gc,heap        ] GC(1340) ParOldGen: 95695K(175104K)->95903K(175104K)
[486.929s][info][gc,metaspace   ] GC(1340) Metaspace: 35430K(36224K)->35430K(36224K) NonClass: 26219K(26816K)->26219K(26816K) Class: 9211K(9408K)->9211K(9408K)
[486.929s][info][gc             ] GC(1340) Pause Young (Allocation Failure) 398M->93M(481M) 2.873ms
[486.929s][info][gc,cpu         ] GC(1340) User=0.00s Sys=0.00s Real=0.00s
[487.529s][info][gc,start       ] GC(1341) Pause Young (Allocation Failure)
[487.531s][info][gc,heap        ] GC(1341) PSYoungGen: 301120K(317440K)->64K(315904K) Eden: 301056K(301056K)->0K(301568K) From: 64K(16384K)->64K(14336K)
[487.531s][info][gc,heap        ] GC(1341) ParOldGen: 95903K(175104K)->95911K(175104K)
[487.531s][info][gc,metaspace   ] GC(1341) Metaspace: 35430K(36224K)->35430K(36224K) NonClass: 26219K(26816K)->26219K(26816K) Class: 9211K(9408K)->9211K(9408K)
[487.531s][info][gc             ] GC(1341) Pause Young (Allocation Failure) 387M->93M(479M) 1.478ms
[487.531s][info][gc,cpu         ] GC(1341) User=0.00s Sys=0.00s Real=0.00s
[487.968s][info][gc,start       ] GC(1342) Pause Young (Allocation Failure)
[487.970s][info][gc,heap        ] GC(1342) PSYoungGen: 301632K(315904K)->64K(316928K) Eden: 301568K(301568K)->0K(301568K) From: 64K(14336K)->64K(15360K)
[487.970s][info][gc,heap        ] GC(1342) ParOldGen: 95911K(175104K)->95927K(175104K)
[487.970s][info][gc,metaspace   ] GC(1342) Metaspace: 35430K(36224K)->35430K(36224K) NonClass: 26219K(26816K)->26219K(26816K) Class: 9211K(9408K)->9211K(9408K)
[487.970s][info][gc             ] GC(1342) Pause Young (Allocation Failure) 388M->93M(480M) 1.353ms
[487.970s][info][gc,cpu         ] GC(1342) User=0.00s Sys=0.00s Real=0.00s
[488.190s][info][gc,start       ] GC(1343) Pause Young (Allocation Failure)
[488.191s][info][gc,heap        ] GC(1343) PSYoungGen: 301632K(316928K)->32K(317440K) Eden: 301568K(301568K)->0K(304128K) From: 64K(15360K)->32K(13312K)
[488.191s][info][gc,heap        ] GC(1343) ParOldGen: 95927K(175104K)->95943K(175104K)
[488.191s][info][gc,metaspace   ] GC(1343) Metaspace: 35430K(36224K)->35430K(36224K) NonClass: 26219K(26816K)->26219K(26816K) Class: 9211K(9408K)->9211K(9408K)
[488.191s][info][gc             ] GC(1343) Pause Young (Allocation Failure) 388M->93M(481M) 1.245ms
[488.191s][info][gc,cpu         ] GC(1343) User=0.00s Sys=0.00s Real=0.00s
[488.525s][info][gc,start       ] GC(1344) Pause Young (Allocation Failure)
[488.526s][info][gc,heap        ] GC(1344) PSYoungGen: 304160K(317440K)->64K(317952K) Eden: 304128K(304128K)->0K(304128K) From: 32K(13312K)->64K(13824K)
[488.526s][info][gc,heap        ] GC(1344) ParOldGen: 95943K(175104K)->95943K(175104K)
[488.527s][info][gc,metaspace   ] GC(1344) Metaspace: 35430K(36224K)->35430K(36224K) NonClass: 26219K(26816K)->26219K(26816K) Class: 9211K(9408K)->9211K(9408K)
[488.527s][info][gc             ] GC(1344) Pause Young (Allocation Failure) 390M->93M(481M) 1.234ms
[488.527s][info][gc,cpu         ] GC(1344) User=0.00s Sys=0.00s Real=0.00s
[488.676s][info][gc,start       ] GC(1345) Pause Young (Allocation Failure)
[488.678s][info][gc,heap        ] GC(1345) PSYoungGen: 304192K(317952K)->32K(317952K) Eden: 304128K(304128K)->0K(306688K) From: 64K(13824K)->32K(11264K)
[488.678s][info][gc,heap        ] GC(1345) ParOldGen: 95943K(175104K)->95959K(175104K)
[488.678s][info][gc,metaspace   ] GC(1345) Metaspace: 35430K(36224K)->35430K(36224K) NonClass: 26219K(26816K)->26219K(26816K) Class: 9211K(9408K)->9211K(9408K)
[488.678s][info][gc             ] GC(1345) Pause Young (Allocation Failure) 390M->93M(481M) 1.213ms
[488.678s][info][gc,cpu         ] GC(1345) User=0.00s Sys=0.00s Real=0.00s
[488.732s][info][gc,start       ] GC(1346) Pause Young (Allocation Failure)
[488.733s][info][gc,heap        ] GC(1346) PSYoungGen: 306720K(317952K)->32K(318976K) Eden: 306688K(306688K)->0K(306688K) From: 32K(11264K)->32K(12288K)
[488.733s][info][gc,heap        ] GC(1346) ParOldGen: 95959K(175104K)->95967K(175104K)
[488.733s][info][gc,metaspace   ] GC(1346) Metaspace: 35430K(36224K)->35430K(36224K) NonClass: 26219K(26816K)->26219K(26816K) Class: 9211K(9408K)->9211K(9408K)
[488.733s][info][gc             ] GC(1346) Pause Young (Allocation Failure) 393M->93M(482M) 1.181ms
[488.733s][info][gc,cpu         ] GC(1346) User=0.00s Sys=0.00s Real=0.01s
[488.878s][info][gc,start       ] GC(1347) Pause Young (Allocation Failure)
[488.879s][info][gc,heap        ] GC(1347) PSYoungGen: 306720K(318976K)->32K(318976K) Eden: 306688K(306688K)->0K(309760K) From: 32K(12288K)->32K(9216K)
[488.879s][info][gc,heap        ] GC(1347) ParOldGen: 95967K(175104K)->95967K(175104K)
[488.879s][info][gc,metaspace   ] GC(1347) Metaspace: 35430K(36224K)->35430K(36224K) NonClass: 26219K(26816K)->26219K(26816K) Class: 9211K(9408K)->9211K(9408K)
[488.879s][info][gc             ] GC(1347) Pause Young (Allocation Failure) 393M->93M(482M) 1.192ms
[488.879s][info][gc,cpu         ] GC(1347) User=0.01s Sys=0.00s Real=0.00s
[489.112s][info][gc,start       ] GC(1348) Pause Young (Allocation Failure)
[489.113s][info][gc,heap        ] GC(1348) PSYoungGen: 309792K(318976K)->32K(320512K) Eden: 309760K(309760K)->0K(309760K) From: 32K(9216K)->32K(10752K)
[489.113s][info][gc,heap        ] GC(1348) ParOldGen: 95967K(175104K)->95975K(175104K)
[489.113s][info][gc,metaspace   ] GC(1348) Metaspace: 35430K(36224K)->35430K(36224K) NonClass: 26219K(26816K)->26219K(26816K) Class: 9211K(9408K)->9211K(9408K)
[489.113s][info][gc             ] GC(1348) Pause Young (Allocation Failure) 396M->93M(484M) 1.325ms
[489.113s][info][gc,cpu         ] GC(1348) User=0.00s Sys=0.00s Real=0.00s
[489.253s][info][gc,start       ] GC(1349) Pause Young (Allocation Failure)
[489.254s][info][gc,heap        ] GC(1349) PSYoungGen: 309792K(320512K)->64K(321536K) Eden: 309760K(309760K)->0K(312832K) From: 32K(10752K)->64K(8704K)
[489.254s][info][gc,heap        ] GC(1349) ParOldGen: 95975K(175104K)->95983K(175104K)
[489.254s][info][gc,metaspace   ] GC(1349) Metaspace: 35430K(36224K)->35430K(36224K) NonClass: 26219K(26816K)->26219K(26816K) Class: 9211K(9408K)->9211K(9408K)
[489.254s][info][gc             ] GC(1349) Pause Young (Allocation Failure) 396M->93M(485M) 0.960ms
[489.254s][info][gc,cpu         ] GC(1349) User=0.00s Sys=0.00s Real=0.00s
[489.366s][info][gc,start       ] GC(1350) Pause Young (Allocation Failure)
[489.367s][info][gc,heap        ] GC(1350) PSYoungGen: 312896K(321536K)->64K(300544K) Eden: 312832K(312832K)->0K(300032K) From: 64K(8704K)->64K(512K)
[489.367s][info][gc,heap        ] GC(1350) ParOldGen: 95983K(175104K)->95991K(175104K)
[489.367s][info][gc,metaspace   ] GC(1350) Metaspace: 35430K(36224K)->35430K(36224K) NonClass: 26219K(26816K)->26219K(26816K) Class: 9211K(9408K)->9211K(9408K)
[489.367s][info][gc             ] GC(1350) Pause Young (Allocation Failure) 399M->93M(464M) 1.277ms
[489.367s][info][gc,cpu         ] GC(1350) User=0.01s Sys=0.00s Real=0.00s
[489.644s][info][gc,start       ] GC(1351) Pause Young (Allocation Failure)
[489.645s][info][gc,heap        ] GC(1351) PSYoungGen: 300096K(300544K)->64K(288768K) Eden: 300032K(300032K)->0K(288256K) From: 64K(512K)->64K(512K)
[489.645s][info][gc,heap        ] GC(1351) ParOldGen: 95991K(175104K)->95999K(175104K)
[489.645s][info][gc,metaspace   ] GC(1351) Metaspace: 35430K(36224K)->35430K(36224K) NonClass: 26219K(26816K)->26219K(26816K) Class: 9211K(9408K)->9211K(9408K)
[489.645s][info][gc             ] GC(1351) Pause Young (Allocation Failure) 386M->93M(453M) 0.867ms
[489.645s][info][gc,cpu         ] GC(1351) User=0.00s Sys=0.00s Real=0.00s
[490.436s][info][gc,start       ] GC(1352) Pause Young (Allocation Failure)
[490.437s][info][gc,heap        ] GC(1352) PSYoungGen: 288320K(288768K)->64K(285696K) Eden: 288256K(288256K)->0K(276992K) From: 64K(512K)->64K(8704K)
[490.437s][info][gc,heap        ] GC(1352) ParOldGen: 95999K(175104K)->96007K(175104K)
[490.437s][info][gc,metaspace   ] GC(1352) Metaspace: 35430K(36224K)->35430K(36224K) NonClass: 26219K(26816K)->26219K(26816K) Class: 9211K(9408K)->9211K(9408K)
[490.437s][info][gc             ] GC(1352) Pause Young (Allocation Failure) 375M->93M(450M) 0.713ms
[490.437s][info][gc,cpu         ] GC(1352) User=0.00s Sys=0.00s Real=0.00s
[491.338s][info][gc,start       ] GC(1353) Pause Young (Allocation Failure)
[491.339s][info][gc,heap        ] GC(1353) PSYoungGen: 277056K(285696K)->64K(266752K) Eden: 276992K(276992K)->0K(266240K) From: 64K(8704K)->64K(512K)
[491.339s][info][gc,heap        ] GC(1353) ParOldGen: 96007K(175104K)->96015K(175104K)
[491.339s][info][gc,metaspace   ] GC(1353) Metaspace: 35430K(36224K)->35430K(36224K) NonClass: 26219K(26816K)->26219K(26816K) Class: 9211K(9408K)->9211K(9408K)
[491.339s][info][gc             ] GC(1353) Pause Young (Allocation Failure) 364M->93M(431M) 1.255ms
[491.339s][info][gc,cpu         ] GC(1353) User=0.00s Sys=0.00s Real=0.00s
[491.756s][info][gc,start       ] GC(1354) Pause Young (Allocation Failure)
[491.757s][info][gc,heap        ] GC(1354) PSYoungGen: 266304K(266752K)->64K(263680K) Eden: 266240K(266240K)->0K(256000K) From: 64K(512K)->64K(7680K)
[491.757s][info][gc,heap        ] GC(1354) ParOldGen: 96015K(175104K)->96023K(175104K)
[491.757s][info][gc,metaspace   ] GC(1354) Metaspace: 35430K(36224K)->35430K(36224K) NonClass: 26219K(26816K)->26219K(26816K) Class: 9211K(9408K)->9211K(9408K)
[491.757s][info][gc             ] GC(1354) Pause Young (Allocation Failure) 353M->93M(428M) 0.713ms
[491.757s][info][gc,cpu         ] GC(1354) User=0.00s Sys=0.00s Real=0.00s
[492.755s][info][gc,start       ] GC(1355) Pause Young (Allocation Failure)
[492.757s][info][gc,heap        ] GC(1355) PSYoungGen: 256064K(263680K)->64K(246784K) Eden: 256000K(256000K)->0K(246272K) From: 64K(7680K)->64K(512K)
[492.757s][info][gc,heap        ] GC(1355) ParOldGen: 96023K(175104K)->96031K(175104K)
[492.757s][info][gc,metaspace   ] GC(1355) Metaspace: 35430K(36224K)->35430K(36224K) NonClass: 26219K(26816K)->26219K(26816K) Class: 9211K(9408K)->9211K(9408K)
[492.757s][info][gc             ] GC(1355) Pause Young (Allocation Failure) 343M->93M(412M) 1.399ms
[492.757s][info][gc,cpu         ] GC(1355) User=0.00s Sys=0.00s Real=0.00s
[493.155s][info][gc,start       ] GC(1356) Pause Young (Allocation Failure)
[493.156s][info][gc,heap        ] GC(1356) PSYoungGen: 246336K(246784K)->64K(243712K) Eden: 246272K(246272K)->0K(237056K) From: 64K(512K)->64K(6656K)
[493.156s][info][gc,heap        ] GC(1356) ParOldGen: 96031K(175104K)->96039K(175104K)
[493.156s][info][gc,metaspace   ] GC(1356) Metaspace: 35430K(36224K)->35430K(36224K) NonClass: 26219K(26816K)->26219K(26816K) Class: 9211K(9408K)->9211K(9408K)
[493.156s][info][gc             ] GC(1356) Pause Young (Allocation Failure) 334M->93M(409M) 0.719ms
[493.156s][info][gc,cpu         ] GC(1356) User=0.00s Sys=0.00s Real=0.00s
[493.338s][info][gc,start       ] GC(1357) Pause Young (Allocation Failure)
[493.339s][info][gc,heap        ] GC(1357) PSYoungGen: 237120K(243712K)->64K(228864K) Eden: 237056K(237056K)->0K(228352K) From: 64K(6656K)->64K(512K)
[493.339s][info][gc,heap        ] GC(1357) ParOldGen: 96039K(175104K)->96047K(175104K)
[493.339s][info][gc,metaspace   ] GC(1357) Metaspace: 35430K(36224K)->35430K(36224K) NonClass: 26219K(26816K)->26219K(26816K) Class: 9211K(9408K)->9211K(9408K)
[493.339s][info][gc             ] GC(1357) Pause Young (Allocation Failure) 325M->93M(394M) 1.374ms
[493.339s][info][gc,cpu         ] GC(1357) User=0.00s Sys=0.00s Real=0.00s
[493.448s][info][gc,start       ] GC(1358) Pause Young (Allocation Failure)
[493.448s][info][gc,heap        ] GC(1358) PSYoungGen: 228416K(228864K)->64K(225280K) Eden: 228352K(228352K)->0K(219648K) From: 64K(512K)->64K(5632K)
[493.448s][info][gc,heap        ] GC(1358) ParOldGen: 96047K(175104K)->96055K(175104K)
[493.449s][info][gc,metaspace   ] GC(1358) Metaspace: 35430K(36224K)->35430K(36224K) NonClass: 26219K(26816K)->26219K(26816K) Class: 9211K(9408K)->9211K(9408K)
[493.449s][info][gc             ] GC(1358) Pause Young (Allocation Failure) 316M->93M(391M) 0.669ms
[493.449s][info][gc,cpu         ] GC(1358) User=0.00s Sys=0.00s Real=0.00s
[494.015s][info][gc,start       ] GC(1359) Pause Young (Allocation Failure)
[494.016s][info][gc,heap        ] GC(1359) PSYoungGen: 219712K(225280K)->64K(211968K) Eden: 219648K(219648K)->0K(211456K) From: 64K(5632K)->64K(512K)
[494.016s][info][gc,heap        ] GC(1359) ParOldGen: 96055K(175104K)->96063K(175104K)
[494.016s][info][gc,metaspace   ] GC(1359) Metaspace: 35430K(36224K)->35430K(36224K) NonClass: 26219K(26816K)->26219K(26816K) Class: 9211K(9408K)->9211K(9408K)
[494.016s][info][gc             ] GC(1359) Pause Young (Allocation Failure) 308M->93M(378M) 1.288ms
[494.016s][info][gc,cpu         ] GC(1359) User=0.00s Sys=0.00s Real=0.00s
[494.194s][info][gc,start       ] GC(1360) Pause Young (Allocation Failure)
[494.194s][info][gc,heap        ] GC(1360) PSYoungGen: 211520K(211968K)->64K(208896K) Eden: 211456K(211456K)->0K(203776K) From: 64K(512K)->64K(5120K)
[494.194s][info][gc,heap        ] GC(1360) ParOldGen: 96063K(175104K)->96071K(175104K)
[494.194s][info][gc,metaspace   ] GC(1360) Metaspace: 35430K(36224K)->35430K(36224K) NonClass: 26219K(26816K)->26219K(26816K) Class: 9211K(9408K)->9211K(9408K)
[494.194s][info][gc             ] GC(1360) Pause Young (Allocation Failure) 300M->93M(375M) 0.686ms
[494.195s][info][gc,cpu         ] GC(1360) User=0.00s Sys=0.00s Real=0.00s
[494.493s][info][gc,start       ] GC(1361) Pause Young (Allocation Failure)
[494.517s][info][gc,heap        ] GC(1361) PSYoungGen: 203840K(208896K)->4608K(247808K) Eden: 203776K(203776K)->0K(243200K) From: 64K(5120K)->4608K(4608K)
[494.517s][info][gc,heap        ] GC(1361) ParOldGen: 96071K(175104K)->105167K(175104K)
[494.517s][info][gc,metaspace   ] GC(1361) Metaspace: 35430K(36224K)->35430K(36224K) NonClass: 26219K(26816K)->26219K(26816K) Class: 9211K(9408K)->9211K(9408K)
[494.517s][info][gc             ] GC(1361) Pause Young (Allocation Failure) 292M->107M(413M) 24.383ms
[494.517s][info][gc,cpu         ] GC(1361) User=0.04s Sys=0.00s Real=0.02s
[494.803s][info][gc,start       ] GC(1362) Pause Young (Allocation Failure)
[494.848s][info][gc,heap        ] GC(1362) PSYoungGen: 247808K(247808K)->9216K(281600K) Eden: 243200K(243200K)->0K(272384K) From: 4608K(4608K)->9216K(9216K)
[494.848s][info][gc,heap        ] GC(1362) ParOldGen: 105167K(175104K)->123639K(175104K)
[494.848s][info][gc,metaspace   ] GC(1362) Metaspace: 35430K(36224K)->35430K(36224K) NonClass: 26219K(26816K)->26219K(26816K) Class: 9211K(9408K)->9211K(9408K)
[494.848s][info][gc             ] GC(1362) Pause Young (Allocation Failure) 344M->129M(446M) 44.946ms
[494.848s][info][gc,cpu         ] GC(1362) User=0.09s Sys=0.00s Real=0.04s
[495.097s][info][gc,start       ] GC(1363) Pause Young (Allocation Failure)
[495.143s][info][gc,heap        ] GC(1363) PSYoungGen: 281600K(281600K)->17920K(304128K) Eden: 272384K(272384K)->0K(286208K) From: 9216K(9216K)->17920K(17920K)
[495.143s][info][gc,heap        ] GC(1363) ParOldGen: 123639K(175104K)->127711K(175104K)
[495.143s][info][gc,metaspace   ] GC(1363) Metaspace: 35430K(36224K)->35430K(36224K) NonClass: 26219K(26816K)->26219K(26816K) Class: 9211K(9408K)->9211K(9408K)
[495.143s][info][gc             ] GC(1363) Pause Young (Allocation Failure) 395M->142M(468M) 46.107ms
[495.143s][info][gc,cpu         ] GC(1363) User=0.08s Sys=0.02s Real=0.05s
[495.412s][info][gc,start       ] GC(1364) Pause Young (Allocation Failure)
[495.414s][info][gc,heap        ] GC(1364) PSYoungGen: 304128K(304128K)->64K(309248K) Eden: 286208K(286208K)->0K(286208K) From: 17920K(17920K)->64K(23040K)
[495.414s][info][gc,heap        ] GC(1364) ParOldGen: 127711K(175104K)->127815K(175104K)
[495.414s][info][gc,metaspace   ] GC(1364) Metaspace: 35430K(36224K)->35430K(36224K) NonClass: 26219K(26816K)->26219K(26816K) Class: 9211K(9408K)->9211K(9408K)
[495.414s][info][gc             ] GC(1364) Pause Young (Allocation Failure) 421M->124M(473M) 1.954ms
[495.414s][info][gc,cpu         ] GC(1364) User=0.00s Sys=0.00s Real=0.01s
[496.058s][info][gc,start       ] GC(1365) Pause Young (Allocation Failure)
[496.059s][info][gc,heap        ] GC(1365) PSYoungGen: 286272K(309248K)->64K(308224K) Eden: 286208K(286208K)->0K(288256K) From: 64K(23040K)->64K(19968K)
[496.059s][info][gc,heap        ] GC(1365) ParOldGen: 127815K(175104K)->127831K(175104K)
[496.059s][info][gc,metaspace   ] GC(1365) Metaspace: 35431K(36224K)->35431K(36224K) NonClass: 26220K(26816K)->26220K(26816K) Class: 9211K(9408K)->9211K(9408K)
[496.059s][info][gc             ] GC(1365) Pause Young (Allocation Failure) 404M->124M(472M) 1.529ms
[496.059s][info][gc,cpu         ] GC(1365) User=0.00s Sys=0.00s Real=0.00s
[496.520s][info][gc,start       ] GC(1366) Pause Young (Allocation Failure)
[496.522s][info][gc,heap        ] GC(1366) PSYoungGen: 288320K(308224K)->64K(309760K) Eden: 288256K(288256K)->0K(288256K) From: 64K(19968K)->64K(21504K)
[496.522s][info][gc,heap        ] GC(1366) ParOldGen: 127831K(175104K)->127847K(175104K)
[496.522s][info][gc,metaspace   ] GC(1366) Metaspace: 35431K(36224K)->35431K(36224K) NonClass: 26220K(26816K)->26220K(26816K) Class: 9211K(9408K)->9211K(9408K)
[496.522s][info][gc             ] GC(1366) Pause Young (Allocation Failure) 406M->124M(473M) 1.404ms
[496.522s][info][gc,cpu         ] GC(1366) User=0.00s Sys=0.00s Real=0.00s
[496.736s][info][gc,start       ] GC(1367) Pause Young (Allocation Failure)
[496.738s][info][gc,heap        ] GC(1367) PSYoungGen: 288320K(309760K)->64K(309760K) Eden: 288256K(288256K)->0K(291328K) From: 64K(21504K)->64K(18432K)
[496.738s][info][gc,heap        ] GC(1367) ParOldGen: 127847K(175104K)->127863K(175104K)
[496.738s][info][gc,metaspace   ] GC(1367) Metaspace: 35431K(36224K)->35431K(36224K) NonClass: 26220K(26816K)->26220K(26816K) Class: 9211K(9408K)->9211K(9408K)
[496.738s][info][gc             ] GC(1367) Pause Young (Allocation Failure) 406M->124M(473M) 1.484ms
[496.738s][info][gc,cpu         ] GC(1367) User=0.00s Sys=0.00s Real=0.00s
[496.952s][info][gc,start       ] GC(1368) Pause Young (Allocation Failure)
[496.953s][info][gc,heap        ] GC(1368) PSYoungGen: 291392K(309760K)->32K(311296K) Eden: 291328K(291328K)->0K(291328K) From: 64K(18432K)->32K(19968K)
[496.953s][info][gc,heap        ] GC(1368) ParOldGen: 127863K(175104K)->127863K(175104K)
[496.953s][info][gc,metaspace   ] GC(1368) Metaspace: 35431K(36224K)->35431K(36224K) NonClass: 26220K(26816K)->26220K(26816K) Class: 9211K(9408K)->9211K(9408K)
[496.953s][info][gc             ] GC(1368) Pause Young (Allocation Failure) 409M->124M(475M) 1.290ms
[496.953s][info][gc,cpu         ] GC(1368) User=0.00s Sys=0.00s Real=0.00s
[497.269s][info][gc,start       ] GC(1369) Pause Young (Allocation Failure)
[497.270s][info][gc,heap        ] GC(1369) PSYoungGen: 291360K(311296K)->64K(312320K) Eden: 291328K(291328K)->0K(294912K) From: 32K(19968K)->64K(17408K)
[497.270s][info][gc,heap        ] GC(1369) ParOldGen: 127863K(175104K)->127863K(175104K)
[497.270s][info][gc,metaspace   ] GC(1369) Metaspace: 35431K(36224K)->35431K(36224K) NonClass: 26220K(26816K)->26220K(26816K) Class: 9211K(9408K)->9211K(9408K)
[497.270s][info][gc             ] GC(1369) Pause Young (Allocation Failure) 409M->124M(476M) 1.276ms
[497.270s][info][gc,cpu         ] GC(1369) User=0.00s Sys=0.00s Real=0.00s
[497.324s][info][gc,start       ] GC(1370) Pause Young (Allocation Failure)
[497.325s][info][gc,heap        ] GC(1370) PSYoungGen: 294976K(312320K)->32K(313344K) Eden: 294912K(294912K)->0K(294912K) From: 64K(17408K)->32K(18432K)
[497.325s][info][gc,heap        ] GC(1370) ParOldGen: 127863K(175104K)->127871K(175104K)
[497.325s][info][gc,metaspace   ] GC(1370) Metaspace: 35431K(36224K)->35431K(36224K) NonClass: 26220K(26816K)->26220K(26816K) Class: 9211K(9408K)->9211K(9408K)
[497.325s][info][gc             ] GC(1370) Pause Young (Allocation Failure) 412M->124M(477M) 1.247ms
[497.325s][info][gc,cpu         ] GC(1370) User=0.00s Sys=0.00s Real=0.00s
[497.386s][info][gc,start       ] GC(1371) Pause Young (Allocation Failure)
[497.387s][info][gc,heap        ] GC(1371) PSYoungGen: 294944K(313344K)->32K(313344K) Eden: 294912K(294912K)->0K(297984K) From: 32K(18432K)->32K(15360K)
[497.387s][info][gc,heap        ] GC(1371) ParOldGen: 127871K(175104K)->127871K(175104K)
[497.387s][info][gc,metaspace   ] GC(1371) Metaspace: 35431K(36224K)->35431K(36224K) NonClass: 26220K(26816K)->26220K(26816K) Class: 9211K(9408K)->9211K(9408K)
[497.387s][info][gc             ] GC(1371) Pause Young (Allocation Failure) 412M->124M(477M) 1.130ms
[497.387s][info][gc,cpu         ] GC(1371) User=0.00s Sys=0.00s Real=0.00s
[497.614s][info][gc,start       ] GC(1372) Pause Young (Allocation Failure)
[497.616s][info][gc,heap        ] GC(1372) PSYoungGen: 298016K(313344K)->64K(314368K) Eden: 297984K(297984K)->0K(297984K) From: 32K(15360K)->64K(16384K)
[497.616s][info][gc,heap        ] GC(1372) ParOldGen: 127871K(175104K)->127887K(175104K)
[497.616s][info][gc,metaspace   ] GC(1372) Metaspace: 35431K(36224K)->35431K(36224K) NonClass: 26220K(26816K)->26220K(26816K) Class: 9211K(9408K)->9211K(9408K)
[497.616s][info][gc             ] GC(1372) Pause Young (Allocation Failure) 415M->124M(478M) 1.389ms
[497.616s][info][gc,cpu         ] GC(1372) User=0.01s Sys=0.00s Real=0.00s
[497.823s][info][gc,start       ] GC(1373) Pause Young (Allocation Failure)
[497.824s][info][gc,heap        ] GC(1373) PSYoungGen: 298048K(314368K)->64K(316416K) Eden: 297984K(297984K)->0K(302080K) From: 64K(16384K)->64K(14336K)
[497.824s][info][gc,heap        ] GC(1373) ParOldGen: 127887K(175104K)->127887K(175104K)
[497.824s][info][gc,metaspace   ] GC(1373) Metaspace: 35432K(36224K)->35432K(36224K) NonClass: 26221K(26816K)->26221K(26816K) Class: 9211K(9408K)->9211K(9408K)
[497.824s][info][gc             ] GC(1373) Pause Young (Allocation Failure) 415M->124M(480M) 1.329ms
[497.824s][info][gc,cpu         ] GC(1373) User=0.00s Sys=0.00s Real=0.00s
[497.911s][info][gc,start       ] GC(1374) Pause Young (Allocation Failure)
[497.912s][info][gc,heap        ] GC(1374) PSYoungGen: 302144K(316416K)->32K(316928K) Eden: 302080K(302080K)->0K(302080K) From: 64K(14336K)->32K(14848K)
[497.912s][info][gc,heap        ] GC(1374) ParOldGen: 127887K(175104K)->127895K(175104K)
[497.912s][info][gc,metaspace   ] GC(1374) Metaspace: 35432K(36224K)->35432K(36224K) NonClass: 26221K(26816K)->26221K(26816K) Class: 9211K(9408K)->9211K(9408K)
[497.912s][info][gc             ] GC(1374) Pause Young (Allocation Failure) 419M->124M(480M) 1.236ms
[497.912s][info][gc,cpu         ] GC(1374) User=0.00s Sys=0.00s Real=0.01s
[498.057s][info][gc,start       ] GC(1375) Pause Young (Allocation Failure)
[498.058s][info][gc,heap        ] GC(1375) PSYoungGen: 302112K(316928K)->64K(317440K) Eden: 302080K(302080K)->0K(305152K) From: 32K(14848K)->64K(12288K)
[498.058s][info][gc,heap        ] GC(1375) ParOldGen: 127895K(175104K)->127895K(175104K)
[498.058s][info][gc,metaspace   ] GC(1375) Metaspace: 35432K(36224K)->35432K(36224K) NonClass: 26221K(26816K)->26221K(26816K) Class: 9211K(9408K)->9211K(9408K)
[498.058s][info][gc             ] GC(1375) Pause Young (Allocation Failure) 419M->124M(481M) 0.771ms
[498.058s][info][gc,cpu         ] GC(1375) User=0.01s Sys=0.00s Real=0.00s
[499.031s][info][gc,start       ] GC(1376) Pause Young (Allocation Failure)
[499.033s][info][gc,heap        ] GC(1376) PSYoungGen: 305216K(317440K)->64K(293376K) Eden: 305152K(305152K)->0K(292864K) From: 64K(12288K)->64K(512K)
[499.033s][info][gc,heap        ] GC(1376) ParOldGen: 127895K(175104K)->127903K(175104K)
[499.033s][info][gc,metaspace   ] GC(1376) Metaspace: 35432K(36224K)->35432K(36224K) NonClass: 26221K(26816K)->26221K(26816K) Class: 9211K(9408K)->9211K(9408K)
[499.033s][info][gc             ] GC(1376) Pause Young (Allocation Failure) 422M->124M(457M) 1.396ms
[499.033s][info][gc,cpu         ] GC(1376) User=0.01s Sys=0.00s Real=0.01s
[499.862s][info][gc,start       ] GC(1377) Pause Young (Allocation Failure)
[499.864s][info][gc,heap        ] GC(1377) PSYoungGen: 292928K(293376K)->64K(281600K) Eden: 292864K(292864K)->0K(281088K) From: 64K(512K)->64K(512K)
[499.864s][info][gc,heap        ] GC(1377) ParOldGen: 127903K(175104K)->127911K(175104K)
[499.864s][info][gc,metaspace   ] GC(1377) Metaspace: 35432K(36224K)->35432K(36224K) NonClass: 26221K(26816K)->26221K(26816K) Class: 9211K(9408K)->9211K(9408K)
[499.864s][info][gc             ] GC(1377) Pause Young (Allocation Failure) 410M->124M(446M) 1.731ms
[499.864s][info][gc,cpu         ] GC(1377) User=0.00s Sys=0.00s Real=0.01s
[500.130s][info][gc,start       ] GC(1378) Pause Young (Allocation Failure)
[500.130s][info][gc,heap        ] GC(1378) PSYoungGen: 281152K(281600K)->64K(281088K) Eden: 281088K(281088K)->0K(269824K) From: 64K(512K)->64K(11264K)
[500.130s][info][gc,heap        ] GC(1378) ParOldGen: 127911K(175104K)->127919K(175104K)
[500.130s][info][gc,metaspace   ] GC(1378) Metaspace: 35432K(36224K)->35432K(36224K) NonClass: 26221K(26816K)->26221K(26816K) Class: 9211K(9408K)->9211K(9408K)
[500.130s][info][gc             ] GC(1378) Pause Young (Allocation Failure) 399M->124M(445M) 0.812ms
[500.130s][info][gc,cpu         ] GC(1378) User=0.00s Sys=0.00s Real=0.00s
[500.594s][info][gc,start       ] GC(1379) Pause Young (Allocation Failure)
[500.595s][info][gc,heap        ] GC(1379) PSYoungGen: 269888K(281088K)->64K(259584K) Eden: 269824K(269824K)->0K(259072K) From: 64K(11264K)->64K(512K)
[500.595s][info][gc,heap        ] GC(1379) ParOldGen: 127919K(175104K)->127927K(175104K)
[500.595s][info][gc,metaspace   ] GC(1379) Metaspace: 35432K(36224K)->35432K(36224K) NonClass: 26221K(26816K)->26221K(26816K) Class: 9211K(9408K)->9211K(9408K)
[500.595s][info][gc             ] GC(1379) Pause Young (Allocation Failure) 388M->124M(424M) 1.558ms
[500.595s][info][gc,cpu         ] GC(1379) User=0.00s Sys=0.00s Real=0.00s
[501.545s][info][gc,start       ] GC(1380) Pause Young (Allocation Failure)
[501.546s][info][gc,heap        ] GC(1380) PSYoungGen: 259136K(259584K)->64K(258560K) Eden: 259072K(259072K)->0K(248832K) From: 64K(512K)->64K(9728K)
[501.546s][info][gc,heap        ] GC(1380) ParOldGen: 127927K(175104K)->127935K(175104K)
[501.546s][info][gc,metaspace   ] GC(1380) Metaspace: 35432K(36224K)->35432K(36224K) NonClass: 26221K(26816K)->26221K(26816K) Class: 9211K(9408K)->9211K(9408K)
[501.546s][info][gc             ] GC(1380) Pause Young (Allocation Failure) 377M->124M(423M) 0.779ms
[501.546s][info][gc,cpu         ] GC(1380) User=0.00s Sys=0.00s Real=0.00s
[501.948s][info][gc,start       ] GC(1381) Pause Young (Allocation Failure)
[501.950s][info][gc,heap        ] GC(1381) PSYoungGen: 248896K(258560K)->64K(239616K) Eden: 248832K(248832K)->0K(239104K) From: 64K(9728K)->64K(512K)
[501.950s][info][gc,heap        ] GC(1381) ParOldGen: 127935K(175104K)->127943K(175104K)
[501.950s][info][gc,metaspace   ] GC(1381) Metaspace: 35432K(36224K)->35432K(36224K) NonClass: 26221K(26816K)->26221K(26816K) Class: 9211K(9408K)->9211K(9408K)
[501.950s][info][gc             ] GC(1381) Pause Young (Allocation Failure) 367M->125M(405M) 1.637ms
[501.950s][info][gc,cpu         ] GC(1381) User=0.00s Sys=0.00s Real=0.00s
[502.026s][info][gc,start       ] GC(1382) Pause Young (Allocation Failure)
[502.027s][info][gc,heap        ] GC(1382) PSYoungGen: 239168K(239616K)->32K(238592K) Eden: 239104K(239104K)->0K(229888K) From: 64K(512K)->32K(8704K)
[502.027s][info][gc,heap        ] GC(1382) ParOldGen: 127943K(175104K)->127951K(175104K)
[502.027s][info][gc,metaspace   ] GC(1382) Metaspace: 35432K(36224K)->35432K(36224K) NonClass: 26221K(26816K)->26221K(26816K) Class: 9211K(9408K)->9211K(9408K)
[502.027s][info][gc             ] GC(1382) Pause Young (Allocation Failure) 358M->124M(404M) 1.170ms
[502.027s][info][gc,cpu         ] GC(1382) User=0.00s Sys=0.00s Real=0.00s
[502.496s][info][gc,start       ] GC(1383) Pause Young (Allocation Failure)
[502.498s][info][gc,heap        ] GC(1383) PSYoungGen: 229920K(238592K)->64K(221696K) Eden: 229888K(229888K)->0K(221184K) From: 32K(8704K)->64K(512K)
[502.498s][info][gc,heap        ] GC(1383) ParOldGen: 127951K(175104K)->127959K(175104K)
[502.498s][info][gc,metaspace   ] GC(1383) Metaspace: 35432K(36224K)->35432K(36224K) NonClass: 26221K(26816K)->26221K(26816K) Class: 9211K(9408K)->9211K(9408K)
[502.498s][info][gc             ] GC(1383) Pause Young (Allocation Failure) 349M->125M(387M) 1.991ms
[502.498s][info][gc,cpu         ] GC(1383) User=0.00s Sys=0.00s Real=0.00s
[502.759s][info][gc,start       ] GC(1384) Pause Young (Allocation Failure)
[502.760s][info][gc,heap        ] GC(1384) PSYoungGen: 221248K(221696K)->32K(220672K) Eden: 221184K(221184K)->0K(212992K) From: 64K(512K)->32K(7680K)
[502.760s][info][gc,heap        ] GC(1384) ParOldGen: 127959K(175104K)->127967K(175104K)
[502.760s][info][gc,metaspace   ] GC(1384) Metaspace: 35432K(36224K)->35432K(36224K) NonClass: 26221K(26816K)->26221K(26816K) Class: 9211K(9408K)->9211K(9408K)
[502.760s][info][gc             ] GC(1384) Pause Young (Allocation Failure) 341M->124M(386M) 1.215ms
[502.760s][info][gc,cpu         ] GC(1384) User=0.00s Sys=0.00s Real=0.00s
[503.068s][info][gc,start       ] GC(1385) Pause Young (Allocation Failure)
[503.093s][info][gc,heap        ] GC(1385) PSYoungGen: 213024K(220672K)->7168K(261632K) Eden: 212992K(212992K)->0K(254464K) From: 32K(7680K)->7168K(7168K)
[503.093s][info][gc,heap        ] GC(1385) ParOldGen: 127967K(175104K)->129071K(175104K)
[503.093s][info][gc,metaspace   ] GC(1385) Metaspace: 35432K(36224K)->35432K(36224K) NonClass: 26221K(26816K)->26221K(26816K) Class: 9211K(9408K)->9211K(9408K)
[503.093s][info][gc             ] GC(1385) Pause Young (Allocation Failure) 332M->133M(426M) 24.834ms
[503.093s][info][gc,cpu         ] GC(1385) User=0.02s Sys=0.00s Real=0.03s
[503.390s][info][gc,start       ] GC(1386) Pause Young (Allocation Failure)
[503.435s][info][gc,heap        ] GC(1386) PSYoungGen: 261632K(261632K)->9216K(271360K) Eden: 254464K(254464K)->0K(262144K) From: 7168K(7168K)->9216K(9216K)
[503.435s][info][gc,heap        ] GC(1386) ParOldGen: 129071K(175104K)->148599K(175104K)
[503.435s][info][gc,metaspace   ] GC(1386) Metaspace: 35432K(36224K)->35432K(36224K) NonClass: 26221K(26816K)->26221K(26816K) Class: 9211K(9408K)->9211K(9408K)
[503.435s][info][gc             ] GC(1386) Pause Young (Allocation Failure) 381M->154M(436M) 45.612ms
[503.435s][info][gc,cpu         ] GC(1386) User=0.09s Sys=0.01s Real=0.05s
[503.712s][info][gc,start       ] GC(1387) Pause Young (Allocation Failure)
[503.767s][info][gc,heap        ] GC(1387) PSYoungGen: 271360K(271360K)->18432K(302080K) Eden: 262144K(262144K)->0K(283648K) From: 9216K(9216K)->18432K(18432K)
[503.767s][info][gc,heap        ] GC(1387) ParOldGen: 148599K(175104K)->156343K(175104K)
[503.767s][info][gc,metaspace   ] GC(1387) Metaspace: 35432K(36224K)->35432K(36224K) NonClass: 26221K(26816K)->26221K(26816K) Class: 9211K(9408K)->9211K(9408K)
[503.767s][info][gc             ] GC(1387) Pause Young (Allocation Failure) 410M->170M(466M) 55.422ms
[503.767s][info][gc,cpu         ] GC(1387) User=0.10s Sys=0.01s Real=0.06s
[503.931s][info][gc,start       ] GC(1388) Pause Young (Allocation Failure)
[503.934s][info][gc,heap        ] GC(1388) PSYoungGen: 302080K(302080K)->64K(308736K) Eden: 283648K(283648K)->0K(283648K) From: 18432K(18432K)->64K(25088K)
[503.934s][info][gc,heap        ] GC(1388) ParOldGen: 156343K(175104K)->156551K(175104K)
[503.934s][info][gc,metaspace   ] GC(1388) Metaspace: 35432K(36224K)->35432K(36224K) NonClass: 26221K(26816K)->26221K(26816K) Class: 9211K(9408K)->9211K(9408K)
[503.934s][info][gc             ] GC(1388) Pause Young (Allocation Failure) 447M->152M(472M) 2.921ms
[503.934s][info][gc,cpu         ] GC(1388) User=0.01s Sys=0.00s Real=0.01s
[504.622s][info][gc,start       ] GC(1389) Pause Young (Allocation Failure)
[504.623s][info][gc,heap        ] GC(1389) PSYoungGen: 283712K(308736K)->64K(306176K) Eden: 283648K(283648K)->0K(284160K) From: 64K(25088K)->64K(22016K)
[504.623s][info][gc,heap        ] GC(1389) ParOldGen: 156551K(175104K)->156567K(175104K)
[504.623s][info][gc,metaspace   ] GC(1389) Metaspace: 35432K(36224K)->35432K(36224K) NonClass: 26221K(26816K)->26221K(26816K) Class: 9211K(9408K)->9211K(9408K)
[504.623s][info][gc             ] GC(1389) Pause Young (Allocation Failure) 429M->152M(470M) 1.144ms
[504.623s][info][gc,cpu         ] GC(1389) User=0.00s Sys=0.00s Real=0.01s
[505.117s][info][gc,start       ] GC(1390) Pause Young (Allocation Failure)
[505.118s][info][gc,heap        ] GC(1390) PSYoungGen: 284224K(306176K)->64K(307712K) Eden: 284160K(284160K)->0K(284160K) From: 64K(22016K)->64K(23552K)
[505.118s][info][gc,heap        ] GC(1390) ParOldGen: 156567K(175104K)->156567K(175104K)
[505.118s][info][gc,metaspace   ] GC(1390) Metaspace: 35432K(36224K)->35432K(36224K) NonClass: 26221K(26816K)->26221K(26816K) Class: 9211K(9408K)->9211K(9408K)
[505.118s][info][gc             ] GC(1390) Pause Young (Allocation Failure) 430M->152M(471M) 0.944ms
[505.118s][info][gc,cpu         ] GC(1390) User=0.00s Sys=0.00s Real=0.00s
[505.326s][info][gc,start       ] GC(1391) Pause Young (Allocation Failure)
[505.327s][info][gc,heap        ] GC(1391) PSYoungGen: 284224K(307712K)->64K(307712K) Eden: 284160K(284160K)->0K(287744K) From: 64K(23552K)->64K(19968K)
[505.327s][info][gc,heap        ] GC(1391) ParOldGen: 156567K(175104K)->156583K(175104K)
[505.327s][info][gc,metaspace   ] GC(1391) Metaspace: 35432K(36224K)->35432K(36224K) NonClass: 26221K(26816K)->26221K(26816K) Class: 9211K(9408K)->9211K(9408K)
[505.327s][info][gc             ] GC(1391) Pause Young (Allocation Failure) 430M->152M(471M) 1.001ms
[505.327s][info][gc,cpu         ] GC(1391) User=0.00s Sys=0.00s Real=0.00s
[505.540s][info][gc,start       ] GC(1392) Pause Young (Allocation Failure)
[505.541s][info][gc,heap        ] GC(1392) PSYoungGen: 287808K(307712K)->32K(309248K) Eden: 287744K(287744K)->0K(287744K) From: 64K(19968K)->32K(21504K)
[505.541s][info][gc,heap        ] GC(1392) ParOldGen: 156583K(175104K)->156583K(175104K)
[505.541s][info][gc,metaspace   ] GC(1392) Metaspace: 35432K(36224K)->35432K(36224K) NonClass: 26221K(26816K)->26221K(26816K) Class: 9211K(9408K)->9211K(9408K)
[505.541s][info][gc             ] GC(1392) Pause Young (Allocation Failure) 433M->152M(473M) 0.910ms
[505.541s][info][gc,cpu         ] GC(1392) User=0.00s Sys=0.00s Real=0.00s
[505.896s][info][gc,start       ] GC(1393) Pause Young (Allocation Failure)
[505.897s][info][gc,heap        ] GC(1393) PSYoungGen: 287776K(309248K)->64K(309760K) Eden: 287744K(287744K)->0K(291840K) From: 32K(21504K)->64K(17920K)
[505.897s][info][gc,heap        ] GC(1393) ParOldGen: 156583K(175104K)->156583K(175104K)
[505.897s][info][gc,metaspace   ] GC(1393) Metaspace: 35432K(36224K)->35432K(36224K) NonClass: 26221K(26816K)->26221K(26816K) Class: 9211K(9408K)->9211K(9408K)
[505.897s][info][gc             ] GC(1393) Pause Young (Allocation Failure) 433M->152M(473M) 0.930ms
[505.897s][info][gc,cpu         ] GC(1393) User=0.01s Sys=0.00s Real=0.00s
[505.949s][info][gc,start       ] GC(1394) Pause Young (Allocation Failure)
[505.950s][info][gc,heap        ] GC(1394) PSYoungGen: 291904K(309760K)->64K(311296K) Eden: 291840K(291840K)->0K(291840K) From: 64K(17920K)->64K(19456K)
[505.950s][info][gc,heap        ] GC(1394) ParOldGen: 156583K(175104K)->156599K(175104K)
[505.950s][info][gc,metaspace   ] GC(1394) Metaspace: 35432K(36224K)->35432K(36224K) NonClass: 26221K(26816K)->26221K(26816K) Class: 9211K(9408K)->9211K(9408K)
[505.950s][info][gc             ] GC(1394) Pause Young (Allocation Failure) 437M->152M(475M) 0.884ms
[505.950s][info][gc,cpu         ] GC(1394) User=0.01s Sys=0.00s Real=0.00s
[506.001s][info][gc,start       ] GC(1395) Pause Young (Allocation Failure)
[506.002s][info][gc,heap        ] GC(1395) PSYoungGen: 291904K(311296K)->64K(311808K) Eden: 291840K(291840K)->0K(295936K) From: 64K(19456K)->64K(15872K)
[506.002s][info][gc,heap        ] GC(1395) ParOldGen: 156599K(175104K)->156599K(175104K)
[506.002s][info][gc,metaspace   ] GC(1395) Metaspace: 35432K(36224K)->35432K(36224K) NonClass: 26221K(26816K)->26221K(26816K) Class: 9211K(9408K)->9211K(9408K)
[506.002s][info][gc             ] GC(1395) Pause Young (Allocation Failure) 437M->152M(475M) 0.774ms
[506.002s][info][gc,cpu         ] GC(1395) User=0.00s Sys=0.00s Real=0.00s
[506.195s][info][gc,start       ] GC(1396) Pause Young (Allocation Failure)
[506.196s][info][gc,heap        ] GC(1396) PSYoungGen: 296000K(311808K)->64K(313344K) Eden: 295936K(295936K)->0K(295936K) From: 64K(15872K)->64K(17408K)
[506.196s][info][gc,heap        ] GC(1396) ParOldGen: 156599K(175104K)->156599K(175104K)
[506.196s][info][gc,metaspace   ] GC(1396) Metaspace: 35432K(36224K)->35432K(36224K) NonClass: 26221K(26816K)->26221K(26816K) Class: 9211K(9408K)->9211K(9408K)
[506.196s][info][gc             ] GC(1396) Pause Young (Allocation Failure) 441M->152M(477M) 0.860ms
[506.196s][info][gc,cpu         ] GC(1396) User=0.00s Sys=0.00s Real=0.00s
[506.414s][info][gc,start       ] GC(1397) Pause Young (Allocation Failure)
[506.415s][info][gc,heap        ] GC(1397) PSYoungGen: 296000K(313344K)->64K(314880K) Eden: 295936K(295936K)->0K(300032K) From: 64K(17408K)->64K(14848K)
[506.415s][info][gc,heap        ] GC(1397) ParOldGen: 156599K(175104K)->156607K(175104K)
[506.415s][info][gc,metaspace   ] GC(1397) Metaspace: 35432K(36224K)->35432K(36224K) NonClass: 26221K(26816K)->26221K(26816K) Class: 9211K(9408K)->9211K(9408K)
[506.415s][info][gc             ] GC(1397) Pause Young (Allocation Failure) 441M->152M(478M) 0.918ms
[506.415s][info][gc,cpu         ] GC(1397) User=0.00s Sys=0.00s Real=0.00s
[506.528s][info][gc,start       ] GC(1398) Pause Young (Allocation Failure)
[506.528s][info][gc,heap        ] GC(1398) PSYoungGen: 300096K(314880K)->64K(315904K) Eden: 300032K(300032K)->0K(300032K) From: 64K(14848K)->64K(15872K)
[506.528s][info][gc,heap        ] GC(1398) ParOldGen: 156607K(175104K)->156615K(175104K)
[506.528s][info][gc,metaspace   ] GC(1398) Metaspace: 35432K(36224K)->35432K(36224K) NonClass: 26221K(26816K)->26221K(26816K) Class: 9211K(9408K)->9211K(9408K)
[506.528s][info][gc             ] GC(1398) Pause Young (Allocation Failure) 445M->153M(479M) 0.910ms
[506.528s][info][gc,cpu         ] GC(1398) User=0.01s Sys=0.00s Real=0.00s
[506.647s][info][gc,start       ] GC(1399) Pause Young (Allocation Failure)
[506.649s][info][gc,heap        ] GC(1399) PSYoungGen: 300096K(315904K)->64K(288768K) Eden: 300032K(300032K)->0K(288256K) From: 64K(15872K)->64K(512K)
[506.649s][info][gc,heap        ] GC(1399) ParOldGen: 156615K(175104K)->156623K(175104K)
[506.649s][info][gc,metaspace   ] GC(1399) Metaspace: 35432K(36224K)->35432K(36224K) NonClass: 26221K(26816K)->26221K(26816K) Class: 9211K(9408K)->9211K(9408K)
[506.649s][info][gc             ] GC(1399) Pause Young (Allocation Failure) 446M->153M(453M) 1.878ms
[506.649s][info][gc,cpu         ] GC(1399) User=0.01s Sys=0.00s Real=0.00s
[507.025s][info][gc,start       ] GC(1400) Pause Young (Allocation Failure)
[507.026s][info][gc,heap        ] GC(1400) PSYoungGen: 288320K(288768K)->64K(290816K) Eden: 288256K(288256K)->0K(276992K) From: 64K(512K)->64K(13824K)
[507.026s][info][gc,heap        ] GC(1400) ParOldGen: 156623K(175104K)->156631K(175104K)
[507.026s][info][gc,metaspace   ] GC(1400) Metaspace: 35432K(36224K)->35432K(36224K) NonClass: 26221K(26816K)->26221K(26816K) Class: 9211K(9408K)->9211K(9408K)
[507.026s][info][gc             ] GC(1400) Pause Young (Allocation Failure) 434M->153M(455M) 0.848ms
[507.026s][info][gc,cpu         ] GC(1400) User=0.00s Sys=0.00s Real=0.00s
[507.701s][info][gc,start       ] GC(1401) Pause Young (Allocation Failure)
[507.702s][info][gc,heap        ] GC(1401) PSYoungGen: 277056K(290816K)->83K(266752K) Eden: 276992K(276992K)->0K(266240K) From: 64K(13824K)->83K(512K)
[507.702s][info][gc,heap        ] GC(1401) ParOldGen: 156631K(175104K)->156639K(175104K)
[507.702s][info][gc,metaspace   ] GC(1401) Metaspace: 35432K(36224K)->35432K(36224K) NonClass: 26221K(26816K)->26221K(26816K) Class: 9211K(9408K)->9211K(9408K)
[507.702s][info][gc             ] GC(1401) Pause Young (Allocation Failure) 423M->153M(431M) 1.081ms
[507.702s][info][gc,cpu         ] GC(1401) User=0.00s Sys=0.00s Real=0.01s
[508.619s][info][gc,start       ] GC(1402) Pause Young (Allocation Failure)
[508.620s][info][gc,heap        ] GC(1402) PSYoungGen: 266323K(266752K)->64K(268288K) Eden: 266240K(266240K)->0K(256000K) From: 83K(512K)->64K(12288K)
[508.620s][info][gc,heap        ] GC(1402) ParOldGen: 156639K(175104K)->156647K(175104K)
[508.620s][info][gc,metaspace   ] GC(1402) Metaspace: 35432K(36224K)->35432K(36224K) NonClass: 26221K(26816K)->26221K(26816K) Class: 9211K(9408K)->9211K(9408K)
[508.620s][info][gc             ] GC(1402) Pause Young (Allocation Failure) 413M->153M(433M) 0.842ms
[508.620s][info][gc,cpu         ] GC(1402) User=0.00s Sys=0.00s Real=0.00s
[509.027s][info][gc,start       ] GC(1403) Pause Young (Allocation Failure)
[509.028s][info][gc,heap        ] GC(1403) PSYoungGen: 256064K(268288K)->64K(246784K) Eden: 256000K(256000K)->0K(246272K) From: 64K(12288K)->64K(512K)
[509.028s][info][gc,heap        ] GC(1403) ParOldGen: 156647K(175104K)->156655K(175104K)
[509.028s][info][gc,metaspace   ] GC(1403) Metaspace: 35432K(36224K)->35432K(36224K) NonClass: 26221K(26816K)->26221K(26816K) Class: 9211K(9408K)->9211K(9408K)
[509.028s][info][gc             ] GC(1403) Pause Young (Allocation Failure) 403M->153M(412M) 1.421ms
[509.028s][info][gc,cpu         ] GC(1403) User=0.00s Sys=0.01s Real=0.00s
[510.032s][info][gc,start       ] GC(1404) Pause Young (Allocation Failure)
[510.033s][info][gc,heap        ] GC(1404) PSYoungGen: 246336K(246784K)->64K(247808K) Eden: 246272K(246272K)->0K(237056K) From: 64K(512K)->64K(10752K)
[510.033s][info][gc,heap        ] GC(1404) ParOldGen: 156655K(175104K)->156663K(175104K)
[510.033s][info][gc,metaspace   ] GC(1404) Metaspace: 35432K(36224K)->35432K(36224K) NonClass: 26221K(26816K)->26221K(26816K) Class: 9211K(9408K)->9211K(9408K)
[510.033s][info][gc             ] GC(1404) Pause Young (Allocation Failure) 393M->153M(413M) 0.944ms
[510.033s][info][gc,cpu         ] GC(1404) User=0.01s Sys=0.00s Real=0.00s
[510.422s][info][gc,start       ] GC(1405) Pause Young (Allocation Failure)
[510.423s][info][gc,heap        ] GC(1405) PSYoungGen: 237120K(247808K)->64K(228864K) Eden: 237056K(237056K)->0K(228352K) From: 64K(10752K)->64K(512K)
[510.423s][info][gc,heap        ] GC(1405) ParOldGen: 156663K(175104K)->156671K(175104K)
[510.423s][info][gc,metaspace   ] GC(1405) Metaspace: 35432K(36224K)->35432K(36224K) NonClass: 26221K(26816K)->26221K(26816K) Class: 9211K(9408K)->9211K(9408K)
[510.423s][info][gc             ] GC(1405) Pause Young (Allocation Failure) 384M->153M(394M) 1.446ms
[510.423s][info][gc,cpu         ] GC(1405) User=0.00s Sys=0.00s Real=0.01s
[510.611s][info][gc,start       ] GC(1406) Pause Young (Allocation Failure)
[510.612s][info][gc,heap        ] GC(1406) PSYoungGen: 228416K(228864K)->32K(228864K) Eden: 228352K(228352K)->0K(219648K) From: 64K(512K)->32K(9216K)
[510.612s][info][gc,heap        ] GC(1406) ParOldGen: 156671K(175104K)->156679K(175104K)
[510.612s][info][gc,metaspace   ] GC(1406) Metaspace: 35432K(36224K)->35432K(36224K) NonClass: 26221K(26816K)->26221K(26816K) Class: 9211K(9408K)->9211K(9408K)
[510.612s][info][gc             ] GC(1406) Pause Young (Allocation Failure) 376M->153M(394M) 1.302ms
[510.612s][info][gc,cpu         ] GC(1406) User=0.00s Sys=0.00s Real=0.01s
[510.693s][info][gc,start       ] GC(1407) Pause Young (Allocation Failure)
[510.694s][info][gc,heap        ] GC(1407) PSYoungGen: 219680K(228864K)->64K(211968K) Eden: 219648K(219648K)->0K(211456K) From: 32K(9216K)->64K(512K)
[510.694s][info][gc,heap        ] GC(1407) ParOldGen: 156679K(175104K)->156687K(175104K)
[510.694s][info][gc,metaspace   ] GC(1407) Metaspace: 35432K(36224K)->35432K(36224K) NonClass: 26221K(26816K)->26221K(26816K) Class: 9211K(9408K)->9211K(9408K)
[510.694s][info][gc             ] GC(1407) Pause Young (Allocation Failure) 367M->153M(378M) 1.439ms
[510.694s][info][gc,cpu         ] GC(1407) User=0.00s Sys=0.00s Real=0.00s
[511.194s][info][gc,start       ] GC(1408) Pause Young (Allocation Failure)
[511.195s][info][gc,heap        ] GC(1408) PSYoungGen: 211520K(211968K)->64K(211968K) Eden: 211456K(211456K)->0K(203776K) From: 64K(512K)->64K(8192K)
[511.195s][info][gc,heap        ] GC(1408) ParOldGen: 156687K(175104K)->156695K(175104K)
[511.195s][info][gc,metaspace   ] GC(1408) Metaspace: 35432K(36224K)->35432K(36224K) NonClass: 26221K(26816K)->26221K(26816K) Class: 9211K(9408K)->9211K(9408K)
[511.195s][info][gc             ] GC(1408) Pause Young (Allocation Failure) 359M->153M(378M) 1.474ms
[511.195s][info][gc,cpu         ] GC(1408) User=0.00s Sys=0.00s Real=0.00s
[511.404s][info][gc,start       ] GC(1409) Pause Young (Allocation Failure)
[511.406s][info][gc,heap        ] GC(1409) PSYoungGen: 203840K(211968K)->32K(197120K) Eden: 203776K(203776K)->0K(196608K) From: 64K(8192K)->32K(512K)
[511.406s][info][gc,heap        ] GC(1409) ParOldGen: 156695K(175104K)->156703K(175104K)
[511.406s][info][gc,metaspace   ] GC(1409) Metaspace: 35432K(36224K)->35432K(36224K) NonClass: 26221K(26816K)->26221K(26816K) Class: 9211K(9408K)->9211K(9408K)
[511.406s][info][gc             ] GC(1409) Pause Young (Allocation Failure) 352M->153M(363M) 2.089ms
[511.406s][info][gc,cpu         ] GC(1409) User=0.00s Sys=0.00s Real=0.00s
[511.693s][info][gc,start       ] GC(1410) Pause Young (Allocation Failure)
[511.709s][info][gc,heap        ] GC(1410) PSYoungGen: 196640K(197120K)->6656K(241152K) Eden: 196608K(196608K)->0K(234496K) From: 32K(512K)->6656K(6656K)
[511.709s][info][gc,heap        ] GC(1410) ParOldGen: 156703K(175104K)->157047K(175104K)
[511.709s][info][gc,metaspace   ] GC(1410) Metaspace: 35432K(36224K)->35432K(36224K) NonClass: 26221K(26816K)->26221K(26816K) Class: 9211K(9408K)->9211K(9408K)
[511.709s][info][gc             ] GC(1410) Pause Young (Allocation Failure) 345M->159M(406M) 16.216ms
[511.709s][info][gc,cpu         ] GC(1410) User=0.03s Sys=0.00s Real=0.01s
[511.985s][info][gc,start       ] GC(1411) Pause Young (Allocation Failure)
[512.027s][info][gc,heap        ] GC(1411) PSYoungGen: 241152K(241152K)->6656K(253952K) Eden: 234496K(234496K)->0K(247296K) From: 6656K(6656K)->6656K(6656K)
[512.027s][info][gc,heap        ] GC(1411) ParOldGen: 157047K(175104K)->176863K(177152K)
[512.027s][info][gc,metaspace   ] GC(1411) Metaspace: 35432K(36224K)->35432K(36224K) NonClass: 26221K(26816K)->26221K(26816K) Class: 9211K(9408K)->9211K(9408K)
[512.027s][info][gc             ] GC(1411) Pause Young (Allocation Failure) 388M->179M(421M) 42.244ms
[512.027s][info][gc,cpu         ] GC(1411) User=0.09s Sys=0.00s Real=0.04s
[512.331s][info][gc,start       ] GC(1412) Pause Young (Allocation Failure)
[512.384s][info][gc,heap        ] GC(1412) PSYoungGen: 253952K(253952K)->17408K(264704K) Eden: 247296K(247296K)->0K(247296K) From: 6656K(6656K)->17408K(17408K)
[512.384s][info][gc,heap        ] GC(1412) ParOldGen: 176863K(177152K)->187879K(187904K)
[512.384s][info][gc,metaspace   ] GC(1412) Metaspace: 35432K(36224K)->35432K(36224K) NonClass: 26221K(26816K)->26221K(26816K) Class: 9211K(9408K)->9211K(9408K)
[512.384s][info][gc             ] GC(1412) Pause Young (Allocation Failure) 420M->200M(442M) 53.122ms
[512.384s][info][gc,cpu         ] GC(1412) User=0.10s Sys=0.01s Real=0.06s
[512.472s][info][gc,start       ] GC(1413) Pause Young (Allocation Failure)
[512.478s][info][gc,heap        ] GC(1413) PSYoungGen: 264704K(264704K)->1312K(309760K) Eden: 247296K(247296K)->0K(284672K) From: 17408K(17408K)->1312K(25088K)
[512.478s][info][gc,heap        ] GC(1413) ParOldGen: 187879K(187904K)->188167K(188416K)
[512.478s][info][gc,metaspace   ] GC(1413) Metaspace: 35432K(36224K)->35432K(36224K) NonClass: 26221K(26816K)->26221K(26816K) Class: 9211K(9408K)->9211K(9408K)
[512.478s][info][gc             ] GC(1413) Pause Young (Allocation Failure) 441M->185M(486M) 6.653ms
[512.478s][info][gc,cpu         ] GC(1413) User=0.01s Sys=0.00s Real=0.01s
[513.077s][info][gc,start       ] GC(1414) Pause Young (Allocation Failure)
[513.078s][info][gc,heap        ] GC(1414) PSYoungGen: 285984K(309760K)->64K(285184K) Eden: 284672K(284672K)->0K(284672K) From: 1312K(25088K)->64K(512K)
[513.078s][info][gc,heap        ] GC(1414) ParOldGen: 188167K(188416K)->188175K(188416K)
[513.079s][info][gc,metaspace   ] GC(1414) Metaspace: 35432K(36224K)->35432K(36224K) NonClass: 26221K(26816K)->26221K(26816K) Class: 9211K(9408K)->9211K(9408K)
[513.079s][info][gc             ] GC(1414) Pause Young (Allocation Failure) 463M->183M(462M) 1.053ms
[513.079s][info][gc,cpu         ] GC(1414) User=0.00s Sys=0.00s Real=0.00s
[513.501s][info][gc,start       ] GC(1415) Pause Young (Allocation Failure)
[513.502s][info][gc,heap        ] GC(1415) PSYoungGen: 284736K(285184K)->64K(308224K) Eden: 284672K(284672K)->0K(285184K) From: 64K(512K)->64K(23040K)
[513.502s][info][gc,heap        ] GC(1415) ParOldGen: 188175K(188416K)->188183K(188416K)
[513.502s][info][gc,metaspace   ] GC(1415) Metaspace: 35432K(36224K)->35432K(36224K) NonClass: 26221K(26816K)->26221K(26816K) Class: 9211K(9408K)->9211K(9408K)
[513.502s][info][gc             ] GC(1415) Pause Young (Allocation Failure) 461M->183M(485M) 1.023ms
[513.502s][info][gc,cpu         ] GC(1415) User=0.00s Sys=0.00s Real=0.00s
[513.921s][info][gc,start       ] GC(1416) Pause Young (Allocation Failure)
[513.922s][info][gc,heap        ] GC(1416) PSYoungGen: 285248K(308224K)->64K(307712K) Eden: 285184K(285184K)->0K(285184K) From: 64K(23040K)->64K(22528K)
[513.922s][info][gc,heap        ] GC(1416) ParOldGen: 188183K(188416K)->188199K(188416K)
[513.922s][info][gc,metaspace   ] GC(1416) Metaspace: 35432K(36224K)->35432K(36224K) NonClass: 26221K(26816K)->26221K(26816K) Class: 9211K(9408K)->9211K(9408K)
[513.922s][info][gc             ] GC(1416) Pause Young (Allocation Failure) 462M->183M(484M) 0.972ms
[513.922s][info][gc,cpu         ] GC(1416) User=0.00s Sys=0.00s Real=0.00s
[514.130s][info][gc,start       ] GC(1417) Pause Young (Allocation Failure)
[514.131s][info][gc,heap        ] GC(1417) PSYoungGen: 285248K(307712K)->64K(310272K) Eden: 285184K(285184K)->0K(289280K) From: 64K(22528K)->64K(20992K)
[514.131s][info][gc,heap        ] GC(1417) ParOldGen: 188199K(188416K)->188215K(188416K)
[514.131s][info][gc,metaspace   ] GC(1417) Metaspace: 35432K(36224K)->35432K(36224K) NonClass: 26221K(26816K)->26221K(26816K) Class: 9211K(9408K)->9211K(9408K)
[514.131s][info][gc             ] GC(1417) Pause Young (Allocation Failure) 462M->183M(487M) 0.972ms
[514.131s][info][gc,cpu         ] GC(1417) User=0.00s Sys=0.00s Real=0.00s
[514.465s][info][gc,start       ] GC(1418) Pause Young (Allocation Failure)
[514.467s][info][gc,heap        ] GC(1418) PSYoungGen: 289344K(310272K)->64K(309760K) Eden: 289280K(289280K)->0K(289280K) From: 64K(20992K)->64K(20480K)
[514.467s][info][gc,heap        ] GC(1418) ParOldGen: 188215K(188416K)->188215K(188416K)
[514.467s][info][gc,metaspace   ] GC(1418) Metaspace: 35432K(36224K)->35432K(36224K) NonClass: 26221K(26816K)->26221K(26816K) Class: 9211K(9408K)->9211K(9408K)
[514.467s][info][gc             ] GC(1418) Pause Young (Allocation Failure) 466M->183M(486M) 1.687ms
[514.467s][info][gc,cpu         ] GC(1418) User=0.00s Sys=0.00s Real=0.00s
[514.581s][info][gc,start       ] GC(1419) Pause Young (Allocation Failure)
[514.582s][info][gc,heap        ] GC(1419) PSYoungGen: 289344K(309760K)->32K(312320K) Eden: 289280K(289280K)->0K(293376K) From: 64K(20480K)->32K(18944K)
[514.582s][info][gc,heap        ] GC(1419) ParOldGen: 188215K(188416K)->188231K(188416K)
[514.582s][info][gc,metaspace   ] GC(1419) Metaspace: 35432K(36224K)->35432K(36224K) NonClass: 26221K(26816K)->26221K(26816K) Class: 9211K(9408K)->9211K(9408K)
[514.582s][info][gc             ] GC(1419) Pause Young (Allocation Failure) 466M->183M(489M) 1.554ms
[514.582s][info][gc,cpu         ] GC(1419) User=0.00s Sys=0.00s Real=0.01s
[514.637s][info][gc,start       ] GC(1420) Pause Young (Allocation Failure)
[514.638s][info][gc,heap        ] GC(1420) PSYoungGen: 293408K(312320K)->32K(311808K) Eden: 293376K(293376K)->0K(293376K) From: 32K(18944K)->32K(18432K)
[514.638s][info][gc,heap        ] GC(1420) ParOldGen: 188231K(188416K)->188239K(188416K)
[514.638s][info][gc,metaspace   ] GC(1420) Metaspace: 35432K(36224K)->35432K(36224K) NonClass: 26221K(26816K)->26221K(26816K) Class: 9211K(9408K)->9211K(9408K)
[514.638s][info][gc             ] GC(1420) Pause Young (Allocation Failure) 470M->183M(488M) 1.594ms
[514.638s][info][gc,cpu         ] GC(1420) User=0.00s Sys=0.00s Real=0.00s
[514.779s][info][gc,start       ] GC(1421) Pause Young (Allocation Failure)
[514.781s][info][gc,heap        ] GC(1421) PSYoungGen: 293408K(311808K)->32K(314368K) Eden: 293376K(293376K)->0K(297472K) From: 32K(18432K)->32K(16896K)
[514.781s][info][gc,heap        ] GC(1421) ParOldGen: 188239K(188416K)->188239K(188416K)
[514.781s][info][gc,metaspace   ] GC(1421) Metaspace: 35432K(36224K)->35432K(36224K) NonClass: 26221K(26816K)->26221K(26816K) Class: 9211K(9408K)->9211K(9408K)
[514.781s][info][gc             ] GC(1421) Pause Young (Allocation Failure) 470M->183M(491M) 1.554ms
[514.781s][info][gc,cpu         ] GC(1421) User=0.00s Sys=0.00s Real=0.00s
[515.006s][info][gc,start       ] GC(1422) Pause Young (Allocation Failure)
[515.008s][info][gc,heap        ] GC(1422) PSYoungGen: 297504K(314368K)->32K(313856K) Eden: 297472K(297472K)->0K(297472K) From: 32K(16896K)->32K(16384K)
[515.008s][info][gc,heap        ] GC(1422) ParOldGen: 188239K(188416K)->188247K(188416K)
[515.008s][info][gc,metaspace   ] GC(1422) Metaspace: 35432K(36224K)->35432K(36224K) NonClass: 26221K(26816K)->26221K(26816K) Class: 9211K(9408K)->9211K(9408K)
[515.008s][info][gc             ] GC(1422) Pause Young (Allocation Failure) 474M->183M(490M) 1.684ms
[515.008s][info][gc,cpu         ] GC(1422) User=0.00s Sys=0.00s Real=0.00s
[515.156s][info][gc,start       ] GC(1423) Pause Young (Allocation Failure)
[515.157s][info][gc,heap        ] GC(1423) PSYoungGen: 297504K(313856K)->64K(316416K) Eden: 297472K(297472K)->0K(301568K) From: 32K(16384K)->64K(14848K)
[515.157s][info][gc,heap        ] GC(1423) ParOldGen: 188247K(188416K)->188255K(188416K)
[515.157s][info][gc,metaspace   ] GC(1423) Metaspace: 35432K(36224K)->35432K(36224K) NonClass: 26221K(26816K)->26221K(26816K) Class: 9211K(9408K)->9211K(9408K)
[515.157s][info][gc             ] GC(1423) Pause Young (Allocation Failure) 474M->183M(493M) 1.069ms
[515.157s][info][gc,cpu         ] GC(1423) User=0.01s Sys=0.00s Real=0.00s
[515.258s][info][gc,start       ] GC(1424) Pause Young (Allocation Failure)
[515.259s][info][gc,heap        ] GC(1424) PSYoungGen: 301632K(316416K)->64K(315904K) Eden: 301568K(301568K)->0K(301568K) From: 64K(14848K)->64K(14336K)
[515.259s][info][gc,heap        ] GC(1424) ParOldGen: 188255K(188416K)->188263K(188416K)
[515.259s][info][gc,metaspace   ] GC(1424) Metaspace: 35432K(36224K)->35432K(36224K) NonClass: 26221K(26816K)->26221K(26816K) Class: 9211K(9408K)->9211K(9408K)
[515.259s][info][gc             ] GC(1424) Pause Young (Allocation Failure) 478M->183M(492M) 1.108ms
[515.259s][info][gc,cpu         ] GC(1424) User=0.01s Sys=0.00s Real=0.00s
[515.441s][info][gc,start       ] GC(1425) Pause Young (Allocation Failure)
[515.442s][info][gc,heap        ] GC(1425) PSYoungGen: 301632K(315904K)->64K(318464K) Eden: 301568K(301568K)->0K(305664K) From: 64K(14336K)->64K(12800K)
[515.442s][info][gc,heap        ] GC(1425) ParOldGen: 188263K(188416K)->188271K(188416K)
[515.442s][info][gc,metaspace   ] GC(1425) Metaspace: 35432K(36224K)->35432K(36224K) NonClass: 26221K(26816K)->26221K(26816K) Class: 9211K(9408K)->9211K(9408K)
[515.442s][info][gc             ] GC(1425) Pause Young (Allocation Failure) 478M->183M(495M) 0.981ms
[515.442s][info][gc,cpu         ] GC(1425) User=0.00s Sys=0.00s Real=0.00s
[516.353s][info][gc,start       ] GC(1426) Pause Young (Allocation Failure)
[516.354s][info][gc,heap        ] GC(1426) PSYoungGen: 305728K(318464K)->64K(293888K) Eden: 305664K(305664K)->0K(293376K) From: 64K(12800K)->64K(512K)
[516.354s][info][gc,heap        ] GC(1426) ParOldGen: 188271K(188416K)->188279K(188416K)
[516.354s][info][gc,metaspace   ] GC(1426) Metaspace: 35432K(36224K)->35432K(36224K) NonClass: 26221K(26816K)->26221K(26816K) Class: 9211K(9408K)->9211K(9408K)
[516.354s][info][gc             ] GC(1426) Pause Young (Allocation Failure) 482M->183M(471M) 1.064ms
[516.354s][info][gc,cpu         ] GC(1426) User=0.01s Sys=0.00s Real=0.00s
[517.279s][info][gc,start       ] GC(1427) Pause Young (Allocation Failure)
[517.280s][info][gc,heap        ] GC(1427) PSYoungGen: 293440K(293888K)->64K(282112K) Eden: 293376K(293376K)->0K(281600K) From: 64K(512K)->64K(512K)
[517.280s][info][gc,heap        ] GC(1427) ParOldGen: 188279K(188416K)->188287K(188416K)
[517.280s][info][gc,metaspace   ] GC(1427) Metaspace: 35432K(36224K)->35432K(36224K) NonClass: 26221K(26816K)->26221K(26816K) Class: 9211K(9408K)->9211K(9408K)
[517.280s][info][gc             ] GC(1427) Pause Young (Allocation Failure) 470M->183M(459M) 1.379ms
[517.280s][info][gc,cpu         ] GC(1427) User=0.00s Sys=0.00s Real=0.00s
[517.722s][info][gc,start       ] GC(1428) Pause Young (Allocation Failure)
[517.723s][info][gc,heap        ] GC(1428) PSYoungGen: 281664K(282112K)->64K(281600K) Eden: 281600K(281600K)->0K(270336K) From: 64K(512K)->64K(11264K)
[517.723s][info][gc,heap        ] GC(1428) ParOldGen: 188287K(188416K)->188303K(188416K)
[517.723s][info][gc,metaspace   ] GC(1428) Metaspace: 35432K(36224K)->35432K(36224K) NonClass: 26221K(26816K)->26221K(26816K) Class: 9211K(9408K)->9211K(9408K)
[517.723s][info][gc             ] GC(1428) Pause Young (Allocation Failure) 458M->183M(459M) 1.674ms
[517.723s][info][gc,cpu         ] GC(1428) User=0.00s Sys=0.00s Real=0.01s
[518.724s][info][gc,start       ] GC(1429) Pause Young (Allocation Failure)
[518.726s][info][gc,heap        ] GC(1429) PSYoungGen: 270400K(281600K)->64K(260096K) Eden: 270336K(270336K)->0K(259584K) From: 64K(11264K)->64K(512K)
[518.726s][info][gc,heap        ] GC(1429) ParOldGen: 188303K(188416K)->188319K(188416K)
[518.726s][info][gc,metaspace   ] GC(1429) Metaspace: 35432K(36224K)->35432K(36224K) NonClass: 26221K(26816K)->26221K(26816K) Class: 9211K(9408K)->9211K(9408K)
[518.726s][info][gc             ] GC(1429) Pause Young (Allocation Failure) 447M->183M(438M) 2.249ms
[518.726s][info][gc,cpu         ] GC(1429) User=0.01s Sys=0.00s Real=0.00s
[519.149s][info][gc,start       ] GC(1430) Pause Young (Allocation Failure)
[519.150s][info][gc,heap        ] GC(1430) PSYoungGen: 259648K(260096K)->64K(259072K) Eden: 259584K(259584K)->0K(249344K) From: 64K(512K)->64K(9728K)
[519.150s][info][gc,heap        ] GC(1430) ParOldGen: 188319K(188416K)->188335K(188416K)
[519.150s][info][gc,metaspace   ] GC(1430) Metaspace: 35432K(36224K)->35432K(36224K) NonClass: 26221K(26816K)->26221K(26816K) Class: 9211K(9408K)->9211K(9408K)
[519.151s][info][gc             ] GC(1430) Pause Young (Allocation Failure) 437M->183M(437M) 1.599ms
[519.151s][info][gc,cpu         ] GC(1430) User=0.00s Sys=0.00s Real=0.00s
[519.321s][info][gc,start       ] GC(1431) Pause Young (Allocation Failure)
[519.324s][info][gc,heap        ] GC(1431) PSYoungGen: 249408K(259072K)->32K(240128K) Eden: 249344K(249344K)->0K(239616K) From: 64K(9728K)->32K(512K)
[519.324s][info][gc,heap        ] GC(1431) ParOldGen: 188335K(188416K)->188351K(188416K)
[519.324s][info][gc,metaspace   ] GC(1431) Metaspace: 35432K(36224K)->35432K(36224K) NonClass: 26221K(26816K)->26221K(26816K) Class: 9211K(9408K)->9211K(9408K)
[519.324s][info][gc             ] GC(1431) Pause Young (Allocation Failure) 427M->183M(418M) 2.461ms
[519.324s][info][gc,cpu         ] GC(1431) User=0.00s Sys=0.00s Real=0.01s
[519.611s][info][gc,start       ] GC(1432) Pause Young (Allocation Failure)
[519.613s][info][gc,heap        ] GC(1432) PSYoungGen: 239648K(240128K)->64K(239104K) Eden: 239616K(239616K)->0K(230400K) From: 32K(512K)->64K(8704K)
[519.613s][info][gc,heap        ] GC(1432) ParOldGen: 188351K(188416K)->188359K(188416K)
[519.613s][info][gc,metaspace   ] GC(1432) Metaspace: 35432K(36224K)->35432K(36224K) NonClass: 26221K(26816K)->26221K(26816K) Class: 9211K(9408K)->9211K(9408K)
[519.613s][info][gc             ] GC(1432) Pause Young (Allocation Failure) 417M->184M(417M) 1.662ms
[519.613s][info][gc,cpu         ] GC(1432) User=0.00s Sys=0.00s Real=0.01s
[520.088s][info][gc,start       ] GC(1433) Pause Young (Allocation Failure)
[520.090s][info][gc,heap        ] GC(1433) PSYoungGen: 230464K(239104K)->32K(222208K) Eden: 230400K(230400K)->0K(221696K) From: 64K(8704K)->32K(512K)
[520.090s][info][gc,heap        ] GC(1433) ParOldGen: 188359K(188416K)->188367K(188416K)
[520.090s][info][gc,metaspace   ] GC(1433) Metaspace: 35432K(36224K)->35432K(36224K) NonClass: 26221K(26816K)->26221K(26816K) Class: 9211K(9408K)->9211K(9408K)
[520.090s][info][gc             ] GC(1433) Pause Young (Allocation Failure) 409M->183M(401M) 2.132ms
[520.090s][info][gc,cpu         ] GC(1433) User=0.00s Sys=0.00s Real=0.00s
[520.405s][info][gc,start       ] GC(1434) Pause Young (Allocation Failure)
[520.406s][info][gc,heap        ] GC(1434) PSYoungGen: 221728K(222208K)->96K(220672K) Eden: 221696K(221696K)->0K(213504K) From: 32K(512K)->96K(7168K)
[520.406s][info][gc,heap        ] GC(1434) ParOldGen: 188367K(188416K)->188375K(188416K)
[520.406s][info][gc,metaspace   ] GC(1434) Metaspace: 35432K(36224K)->35432K(36224K) NonClass: 26221K(26816K)->26221K(26816K) Class: 9211K(9408K)->9211K(9408K)
[520.406s][info][gc             ] GC(1434) Pause Young (Allocation Failure) 400M->184M(399M) 1.063ms
[520.406s][info][gc,cpu         ] GC(1434) User=0.00s Sys=0.01s Real=0.00s
[520.712s][info][gc,start       ] GC(1435) Pause Young (Allocation Failure)
[520.759s][info][gc,heap        ] GC(1435) PSYoungGen: 213600K(220672K)->6656K(262656K) Eden: 213504K(213504K)->0K(256000K) From: 96K(7168K)->6656K(6656K)
[520.759s][info][gc,heap        ] GC(1435) ParOldGen: 188375K(188416K)->205823K(205824K)
[520.759s][info][gc,metaspace   ] GC(1435) Metaspace: 35432K(36224K)->35432K(36224K) NonClass: 26221K(26816K)->26221K(26816K) Class: 9211K(9408K)->9211K(9408K)
[520.759s][info][gc             ] GC(1435) Pause Young (Allocation Failure) 392M->207M(457M) 47.189ms
[520.759s][info][gc,cpu         ] GC(1435) User=0.07s Sys=0.01s Real=0.05s
[521.157s][info][gc,start       ] GC(1436) Pause Young (Allocation Failure)
[521.219s][info][gc,heap        ] GC(1436) PSYoungGen: 262656K(262656K)->14848K(270848K) Eden: 256000K(256000K)->0K(256000K) From: 6656K(6656K)->14848K(14848K)
[521.219s][info][gc,heap        ] GC(1436) ParOldGen: 205823K(205824K)->220327K(220672K)
[521.219s][info][gc,metaspace   ] GC(1436) Metaspace: 35432K(36224K)->35432K(36224K) NonClass: 26221K(26816K)->26221K(26816K) Class: 9211K(9408K)->9211K(9408K)
[521.219s][info][gc             ] GC(1436) Pause Young (Allocation Failure) 457M->229M(480M) 61.525ms
[521.219s][info][gc,cpu         ] GC(1436) User=0.11s Sys=0.01s Real=0.06s
[521.417s][info][gc,start       ] GC(1437) Pause Young (Allocation Failure)
[521.442s][info][gc,heap        ] GC(1437) PSYoungGen: 270848K(270848K)->9600K(310784K) Eden: 256000K(256000K)->0K(287232K) From: 14848K(14848K)->9600K(23552K)
[521.442s][info][gc,heap        ] GC(1437) ParOldGen: 220327K(220672K)->220711K(221184K)
[521.442s][info][gc,metaspace   ] GC(1437) Metaspace: 35432K(36224K)->35432K(36224K) NonClass: 26221K(26816K)->26221K(26816K) Class: 9211K(9408K)->9211K(9408K)
[521.442s][info][gc             ] GC(1437) Pause Young (Allocation Failure) 479M->224M(519M) 25.544ms
[521.442s][info][gc,cpu         ] GC(1437) User=0.05s Sys=0.01s Real=0.03s
[522.040s][info][gc,start       ] GC(1438) Pause Young (Allocation Failure)
[522.042s][info][gc,heap        ] GC(1438) PSYoungGen: 296832K(310784K)->64K(287744K) Eden: 287232K(287232K)->0K(287232K) From: 9600K(23552K)->64K(512K)
[522.042s][info][gc,heap        ] GC(1438) ParOldGen: 220711K(221184K)->220719K(221184K)
[522.042s][info][gc,metaspace   ] GC(1438) Metaspace: 35432K(36224K)->35432K(36224K) NonClass: 26221K(26816K)->26221K(26816K) Class: 9211K(9408K)->9211K(9408K)
[522.042s][info][gc             ] GC(1438) Pause Young (Allocation Failure) 505M->215M(497M) 1.222ms
[522.042s][info][gc,cpu         ] GC(1438) User=0.00s Sys=0.00s Real=0.00s
[522.726s][info][gc,start       ] GC(1439) Pause Young (Allocation Failure)
[522.727s][info][gc,heap        ] GC(1439) PSYoungGen: 287296K(287744K)->64K(310272K) Eden: 287232K(287232K)->0K(287744K) From: 64K(512K)->64K(22528K)
[522.727s][info][gc,heap        ] GC(1439) ParOldGen: 220719K(221184K)->220727K(221184K)
[522.727s][info][gc,metaspace   ] GC(1439) Metaspace: 35432K(36224K)->35432K(36224K) NonClass: 26221K(26816K)->26221K(26816K) Class: 9211K(9408K)->9211K(9408K)
[522.727s][info][gc             ] GC(1439) Pause Young (Allocation Failure) 496M->215M(519M) 1.138ms
[522.727s][info][gc,cpu         ] GC(1439) User=0.01s Sys=0.00s Real=0.00s
[523.302s][info][gc,start       ] GC(1440) Pause Young (Allocation Failure)
[523.303s][info][gc,heap        ] GC(1440) PSYoungGen: 287808K(310272K)->64K(309760K) Eden: 287744K(287744K)->0K(287744K) From: 64K(22528K)->64K(22016K)
[523.303s][info][gc,heap        ] GC(1440) ParOldGen: 220727K(221184K)->220743K(221184K)
[523.303s][info][gc,metaspace   ] GC(1440) Metaspace: 35432K(36224K)->35432K(36224K) NonClass: 26221K(26816K)->26221K(26816K) Class: 9211K(9408K)->9211K(9408K)
[523.303s][info][gc             ] GC(1440) Pause Young (Allocation Failure) 496M->215M(518M) 1.173ms
[523.303s][info][gc,cpu         ] GC(1440) User=0.01s Sys=0.00s Real=0.01s
[523.567s][info][gc,start       ] GC(1441) Pause Young (Allocation Failure)
[523.568s][info][gc,heap        ] GC(1441) PSYoungGen: 287808K(309760K)->64K(310784K) Eden: 287744K(287744K)->0K(290304K) From: 64K(22016K)->64K(20480K)
[523.568s][info][gc,heap        ] GC(1441) ParOldGen: 220743K(221184K)->220759K(221184K)
[523.568s][info][gc,metaspace   ] GC(1441) Metaspace: 35432K(36224K)->35432K(36224K) NonClass: 26221K(26816K)->26221K(26816K) Class: 9211K(9408K)->9211K(9408K)
[523.568s][info][gc             ] GC(1441) Pause Young (Allocation Failure) 496M->215M(519M) 1.068ms
[523.568s][info][gc,cpu         ] GC(1441) User=0.00s Sys=0.00s Real=0.00s
[523.975s][info][gc,start       ] GC(1442) Pause Young (Allocation Failure)
[523.976s][info][gc,heap        ] GC(1442) PSYoungGen: 290368K(310784K)->64K(310272K) Eden: 290304K(290304K)->0K(290304K) From: 64K(20480K)->64K(19968K)
[523.976s][info][gc,heap        ] GC(1442) ParOldGen: 220759K(221184K)->220759K(221184K)
[523.976s][info][gc,metaspace   ] GC(1442) Metaspace: 35432K(36224K)->35432K(36224K) NonClass: 26221K(26816K)->26221K(26816K) Class: 9211K(9408K)->9211K(9408K)
[523.976s][info][gc             ] GC(1442) Pause Young (Allocation Failure) 499M->215M(519M) 1.082ms
[523.976s][info][gc,cpu         ] GC(1442) User=0.00s Sys=0.00s Real=0.00s
[524.159s][info][gc,start       ] GC(1443) Pause Young (Allocation Failure)
[524.160s][info][gc,heap        ] GC(1443) PSYoungGen: 290368K(310272K)->64K(312832K) Eden: 290304K(290304K)->0K(293888K) From: 64K(19968K)->64K(18944K)
[524.160s][info][gc,heap        ] GC(1443) ParOldGen: 220759K(221184K)->220767K(221184K)
[524.160s][info][gc,metaspace   ] GC(1443) Metaspace: 35432K(36224K)->35432K(36224K) NonClass: 26221K(26816K)->26221K(26816K) Class: 9211K(9408K)->9211K(9408K)
[524.160s][info][gc             ] GC(1443) Pause Young (Allocation Failure) 499M->215M(521M) 1.009ms
[524.160s][info][gc,cpu         ] GC(1443) User=0.00s Sys=0.00s Real=0.00s
[524.222s][info][gc,start       ] GC(1444) Pause Young (Allocation Failure)
[524.223s][info][gc,heap        ] GC(1444) PSYoungGen: 293952K(312832K)->64K(312320K) Eden: 293888K(293888K)->0K(293888K) From: 64K(18944K)->64K(18432K)
[524.223s][info][gc,heap        ] GC(1444) ParOldGen: 220767K(221184K)->220783K(221184K)
[524.223s][info][gc,metaspace   ] GC(1444) Metaspace: 35432K(36224K)->35432K(36224K) NonClass: 26221K(26816K)->26221K(26816K) Class: 9211K(9408K)->9211K(9408K)
[524.223s][info][gc             ] GC(1444) Pause Young (Allocation Failure) 502M->215M(521M) 1.035ms
[524.223s][info][gc,cpu         ] GC(1444) User=0.00s Sys=0.00s Real=0.00s
[524.357s][info][gc,start       ] GC(1445) Pause Young (Allocation Failure)
[524.358s][info][gc,heap        ] GC(1445) PSYoungGen: 293952K(312320K)->64K(314368K) Eden: 293888K(293888K)->0K(297472K) From: 64K(18432K)->64K(16896K)
[524.358s][info][gc,heap        ] GC(1445) ParOldGen: 220783K(221184K)->220783K(221184K)
[524.358s][info][gc,metaspace   ] GC(1445) Metaspace: 35432K(36224K)->35432K(36224K) NonClass: 26221K(26816K)->26221K(26816K) Class: 9211K(9408K)->9211K(9408K)
[524.358s][info][gc             ] GC(1445) Pause Young (Allocation Failure) 502M->215M(523M) 1.065ms
[524.358s][info][gc,cpu         ] GC(1445) User=0.00s Sys=0.01s Real=0.00s
[524.605s][info][gc,start       ] GC(1446) Pause Young (Allocation Failure)
[524.606s][info][gc,heap        ] GC(1446) PSYoungGen: 297536K(314368K)->64K(313856K) Eden: 297472K(297472K)->0K(297472K) From: 64K(16896K)->64K(16384K)
[524.606s][info][gc,heap        ] GC(1446) ParOldGen: 220783K(221184K)->220791K(221184K)
[524.606s][info][gc,metaspace   ] GC(1446) Metaspace: 35432K(36224K)->35432K(36224K) NonClass: 26221K(26816K)->26221K(26816K) Class: 9211K(9408K)->9211K(9408K)
[524.606s][info][gc             ] GC(1446) Pause Young (Allocation Failure) 506M->215M(522M) 1.011ms
[524.606s][info][gc,cpu         ] GC(1446) User=0.00s Sys=0.00s Real=0.00s
[524.782s][info][gc,start       ] GC(1447) Pause Young (Allocation Failure)
[524.783s][info][gc,heap        ] GC(1447) PSYoungGen: 297536K(313856K)->64K(316416K) Eden: 297472K(297472K)->0K(301568K) From: 64K(16384K)->64K(14848K)
[524.783s][info][gc,heap        ] GC(1447) ParOldGen: 220791K(221184K)->220799K(221184K)
[524.783s][info][gc,metaspace   ] GC(1447) Metaspace: 35432K(36224K)->35432K(36224K) NonClass: 26221K(26816K)->26221K(26816K) Class: 9211K(9408K)->9211K(9408K)
[524.783s][info][gc             ] GC(1447) Pause Young (Allocation Failure) 506M->215M(525M) 1.069ms
[524.783s][info][gc,cpu         ] GC(1447) User=0.01s Sys=0.00s Real=0.01s
[524.870s][info][gc,start       ] GC(1448) Pause Young (Allocation Failure)
[524.871s][info][gc,heap        ] GC(1448) PSYoungGen: 301632K(316416K)->64K(315904K) Eden: 301568K(301568K)->0K(301568K) From: 64K(14848K)->64K(14336K)
[524.871s][info][gc,heap        ] GC(1448) ParOldGen: 220799K(221184K)->220815K(221184K)
[524.871s][info][gc,metaspace   ] GC(1448) Metaspace: 35432K(36224K)->35432K(36224K) NonClass: 26221K(26816K)->26221K(26816K) Class: 9211K(9408K)->9211K(9408K)
[524.871s][info][gc             ] GC(1448) Pause Young (Allocation Failure) 510M->215M(524M) 1.003ms
[524.871s][info][gc,cpu         ] GC(1448) User=0.00s Sys=0.00s Real=0.00s
[525.046s][info][gc,start       ] GC(1449) Pause Young (Allocation Failure)
[525.047s][info][gc,heap        ] GC(1449) PSYoungGen: 301632K(315904K)->64K(289792K) Eden: 301568K(301568K)->0K(289280K) From: 64K(14336K)->64K(512K)
[525.047s][info][gc,heap        ] GC(1449) ParOldGen: 220815K(221184K)->220815K(221184K)
[525.047s][info][gc,metaspace   ] GC(1449) Metaspace: 35432K(36224K)->35432K(36224K) NonClass: 26221K(26816K)->26221K(26816K) Class: 9211K(9408K)->9211K(9408K)
[525.047s][info][gc             ] GC(1449) Pause Young (Allocation Failure) 510M->215M(499M) 1.019ms
[525.047s][info][gc,cpu         ] GC(1449) User=0.00s Sys=0.00s Real=0.00s
[525.984s][info][gc,start       ] GC(1450) Pause Young (Allocation Failure)
[525.985s][info][gc,heap        ] GC(1450) PSYoungGen: 289344K(289792K)->64K(290816K) Eden: 289280K(289280K)->0K(278016K) From: 64K(512K)->64K(12800K)
[525.985s][info][gc,heap        ] GC(1450) ParOldGen: 220815K(221184K)->220823K(221184K)
[525.985s][info][gc,metaspace   ] GC(1450) Metaspace: 35432K(36224K)->35432K(36224K) NonClass: 26221K(26816K)->26221K(26816K) Class: 9211K(9408K)->9211K(9408K)
[525.985s][info][gc             ] GC(1450) Pause Young (Allocation Failure) 498M->215M(500M) 0.938ms
[525.985s][info][gc,cpu         ] GC(1450) User=0.00s Sys=0.00s Real=0.00s
[526.834s][info][gc,start       ] GC(1451) Pause Young (Allocation Failure)
[526.835s][info][gc,heap        ] GC(1451) PSYoungGen: 278080K(290816K)->64K(267776K) Eden: 278016K(278016K)->0K(267264K) From: 64K(12800K)->64K(512K)
[526.835s][info][gc,heap        ] GC(1451) ParOldGen: 220823K(221184K)->220831K(221184K)
[526.835s][info][gc,metaspace   ] GC(1451) Metaspace: 35432K(36224K)->35432K(36224K) NonClass: 26221K(26816K)->26221K(26816K) Class: 9211K(9408K)->9211K(9408K)
[526.835s][info][gc             ] GC(1451) Pause Young (Allocation Failure) 487M->215M(477M) 1.630ms
[526.835s][info][gc,cpu         ] GC(1451) User=0.00s Sys=0.00s Real=0.00s
[527.164s][info][gc,start       ] GC(1452) Pause Young (Allocation Failure)
[527.165s][info][gc,heap        ] GC(1452) PSYoungGen: 267328K(267776K)->64K(268288K) Eden: 267264K(267264K)->0K(257024K) From: 64K(512K)->64K(11264K)
[527.165s][info][gc,heap        ] GC(1452) ParOldGen: 220831K(221184K)->220839K(221184K)
[527.165s][info][gc,metaspace   ] GC(1452) Metaspace: 35432K(36224K)->35432K(36224K) NonClass: 26221K(26816K)->26221K(26816K) Class: 9211K(9408K)->9211K(9408K)
[527.165s][info][gc             ] GC(1452) Pause Young (Allocation Failure) 476M->215M(478M) 0.963ms
[527.165s][info][gc,cpu         ] GC(1452) User=0.00s Sys=0.00s Real=0.00s
[527.577s][info][gc,start       ] GC(1453) Pause Young (Allocation Failure)
[527.578s][info][gc,heap        ] GC(1453) PSYoungGen: 257088K(268288K)->64K(247808K) Eden: 257024K(257024K)->0K(247296K) From: 64K(11264K)->64K(512K)
[527.578s][info][gc,heap        ] GC(1453) ParOldGen: 220839K(221184K)->220847K(221184K)
[527.578s][info][gc,metaspace   ] GC(1453) Metaspace: 35432K(36224K)->35432K(36224K) NonClass: 26221K(26816K)->26221K(26816K) Class: 9211K(9408K)->9211K(9408K)
[527.578s][info][gc             ] GC(1453) Pause Young (Allocation Failure) 466M->215M(458M) 1.316ms
[527.578s][info][gc,cpu         ] GC(1453) User=0.00s Sys=0.00s Real=0.00s
[528.516s][info][gc,start       ] GC(1454) Pause Young (Allocation Failure)
[528.517s][info][gc,heap        ] GC(1454) PSYoungGen: 247360K(247808K)->64K(247808K) Eden: 247296K(247296K)->0K(238080K) From: 64K(512K)->64K(9728K)
[528.517s][info][gc,heap        ] GC(1454) ParOldGen: 220847K(221184K)->220855K(221184K)
[528.517s][info][gc,metaspace   ] GC(1454) Metaspace: 35432K(36224K)->35432K(36224K) NonClass: 26221K(26816K)->26221K(26816K) Class: 9211K(9408K)->9211K(9408K)
[528.517s][info][gc             ] GC(1454) Pause Young (Allocation Failure) 457M->215M(458M) 0.988ms
[528.517s][info][gc,cpu         ] GC(1454) User=0.00s Sys=0.00s Real=0.00s
[528.901s][info][gc,start       ] GC(1455) Pause Young (Allocation Failure)
[528.903s][info][gc,heap        ] GC(1455) PSYoungGen: 238144K(247808K)->64K(229376K) Eden: 238080K(238080K)->0K(228864K) From: 64K(9728K)->64K(512K)
[528.903s][info][gc,heap        ] GC(1455) ParOldGen: 220855K(221184K)->220863K(221184K)
[528.903s][info][gc,metaspace   ] GC(1455) Metaspace: 35432K(36224K)->35432K(36224K) NonClass: 26221K(26816K)->26221K(26816K) Class: 9211K(9408K)->9211K(9408K)
[528.903s][info][gc             ] GC(1455) Pause Young (Allocation Failure) 448M->215M(440M) 1.716ms
[528.903s][info][gc,cpu         ] GC(1455) User=0.00s Sys=0.00s Real=0.01s
[528.968s][info][gc,start       ] GC(1456) Pause Young (Allocation Failure)
[528.969s][info][gc,heap        ] GC(1456) PSYoungGen: 228928K(229376K)->64K(228864K) Eden: 228864K(228864K)->0K(220160K) From: 64K(512K)->64K(8704K)
[528.969s][info][gc,heap        ] GC(1456) ParOldGen: 220863K(221184K)->220871K(221184K)
[528.969s][info][gc,metaspace   ] GC(1456) Metaspace: 35432K(36224K)->35432K(36224K) NonClass: 26221K(26816K)->26221K(26816K) Class: 9211K(9408K)->9211K(9408K)
[528.969s][info][gc             ] GC(1456) Pause Young (Allocation Failure) 439M->215M(439M) 0.928ms
[528.969s][info][gc,cpu         ] GC(1456) User=0.00s Sys=0.00s Real=0.00s
[529.409s][info][gc,start       ] GC(1457) Pause Young (Allocation Failure)
[529.411s][info][gc,heap        ] GC(1457) PSYoungGen: 220224K(228864K)->64K(212480K) Eden: 220160K(220160K)->0K(211968K) From: 64K(8704K)->64K(512K)
[529.411s][info][gc,heap        ] GC(1457) ParOldGen: 220871K(221184K)->220879K(221184K)
[529.411s][info][gc,metaspace   ] GC(1457) Metaspace: 35432K(36224K)->35432K(36224K) NonClass: 26221K(26816K)->26221K(26816K) Class: 9211K(9408K)->9211K(9408K)
[529.411s][info][gc             ] GC(1457) Pause Young (Allocation Failure) 430M->215M(423M) 1.621ms
[529.411s][info][gc,cpu         ] GC(1457) User=0.00s Sys=0.00s Real=0.00s
[529.693s][info][gc,start       ] GC(1458) Pause Young (Allocation Failure)
[529.694s][info][gc,heap        ] GC(1458) PSYoungGen: 212032K(212480K)->64K(211968K) Eden: 211968K(211968K)->0K(204288K) From: 64K(512K)->64K(7680K)
[529.694s][info][gc,heap        ] GC(1458) ParOldGen: 220879K(221184K)->220887K(221184K)
[529.694s][info][gc,metaspace   ] GC(1458) Metaspace: 35432K(36224K)->35432K(36224K) NonClass: 26221K(26816K)->26221K(26816K) Class: 9211K(9408K)->9211K(9408K)
[529.694s][info][gc             ] GC(1458) Pause Young (Allocation Failure) 422M->215M(423M) 1.090ms
[529.694s][info][gc,cpu         ] GC(1458) User=0.00s Sys=0.00s Real=0.00s
[530.017s][info][gc,start       ] GC(1459) Pause Young (Allocation Failure)
[530.025s][info][gc,heap        ] GC(1459) PSYoungGen: 204352K(211968K)->4512K(201728K) Eden: 204288K(204288K)->0K(197120K) From: 64K(7680K)->4512K(4608K)
[530.025s][info][gc,heap        ] GC(1459) ParOldGen: 220887K(221184K)->220895K(221184K)
[530.025s][info][gc,metaspace   ] GC(1459) Metaspace: 35432K(36224K)->35432K(36224K) NonClass: 26221K(26816K)->26221K(26816K) Class: 9211K(9408K)->9211K(9408K)
[530.025s][info][gc             ] GC(1459) Pause Young (Allocation Failure) 415M->220M(413M) 7.588ms
[530.025s][info][gc,cpu         ] GC(1459) User=0.02s Sys=0.00s Real=0.01s
[530.283s][info][gc,start       ] GC(1460) Pause Young (Allocation Failure)
[530.324s][info][gc,heap        ] GC(1460) PSYoungGen: 201632K(201728K)->7680K(243712K) Eden: 197120K(197120K)->0K(236032K) From: 4512K(4608K)->7680K(7680K)
[530.324s][info][gc,heap        ] GC(1460) ParOldGen: 220895K(221184K)->235463K(235520K)
[530.324s][info][gc,metaspace   ] GC(1460) Metaspace: 35432K(36224K)->35432K(36224K) NonClass: 26221K(26816K)->26221K(26816K) Class: 9211K(9408K)->9211K(9408K)
[530.324s][info][gc             ] GC(1460) Pause Young (Allocation Failure) 412M->237M(468M) 41.218ms
[530.324s][info][gc,cpu         ] GC(1460) User=0.07s Sys=0.02s Real=0.04s
[530.633s][info][gc,start       ] GC(1461) Pause Young (Allocation Failure)
[530.689s][info][gc,heap        ] GC(1461) PSYoungGen: 243712K(243712K)->3584K(251392K) Eden: 236032K(236032K)->0K(247808K) From: 7680K(7680K)->3584K(3584K)
[530.689s][info][gc,heap        ] GC(1461) ParOldGen: 235463K(235520K)->258919K(259072K)
[530.689s][info][gc,metaspace   ] GC(1461) Metaspace: 35432K(36224K)->35432K(36224K) NonClass: 26221K(26816K)->26221K(26816K) Class: 9211K(9408K)->9211K(9408K)
[530.689s][info][gc             ] GC(1461) Pause Young (Allocation Failure) 467M->256M(498M) 56.388ms
[530.689s][info][gc,cpu         ] GC(1461) User=0.09s Sys=0.02s Real=0.05s
[530.842s][info][gc,start       ] GC(1462) Pause Young (Allocation Failure)
[530.862s][info][gc,heap        ] GC(1462) PSYoungGen: 251392K(251392K)->9312K(270336K) Eden: 247808K(247808K)->0K(247808K) From: 3584K(3584K)->9312K(22528K)
[530.862s][info][gc,heap        ] GC(1462) ParOldGen: 258919K(259072K)->259543K(259584K)
[530.862s][info][gc,metaspace   ] GC(1462) Metaspace: 35432K(36224K)->35432K(36224K) NonClass: 26221K(26816K)->26221K(26816K) Class: 9211K(9408K)->9211K(9408K)
[530.862s][info][gc             ] GC(1462) Pause Young (Allocation Failure) 498M->262M(517M) 20.038ms
[530.862s][info][gc,cpu         ] GC(1462) User=0.04s Sys=0.00s Real=0.02s
[531.218s][info][gc,start       ] GC(1463) Pause Young (Allocation Failure)
[531.219s][info][gc,heap        ] GC(1463) PSYoungGen: 257120K(270336K)->64K(309248K) Eden: 247808K(247808K)->0K(288768K) From: 9312K(22528K)->64K(20480K)
[531.219s][info][gc,heap        ] GC(1463) ParOldGen: 259543K(259584K)->259551K(259584K)
[531.219s][info][gc,metaspace   ] GC(1463) Metaspace: 35432K(36224K)->35432K(36224K) NonClass: 26221K(26816K)->26221K(26816K) Class: 9211K(9408K)->9211K(9408K)
[531.219s][info][gc             ] GC(1463) Pause Young (Allocation Failure) 504M->253M(555M) 1.166ms
[531.219s][info][gc,cpu         ] GC(1463) User=0.00s Sys=0.00s Real=0.00s
[531.821s][info][gc,start       ] GC(1464) Pause Young (Allocation Failure)
[531.822s][info][gc,heap        ] GC(1464) PSYoungGen: 288832K(309248K)->64K(310272K) Eden: 288768K(288768K)->0K(288768K) From: 64K(20480K)->64K(21504K)
[531.822s][info][gc,heap        ] GC(1464) ParOldGen: 259551K(259584K)->259559K(259584K)
[531.822s][info][gc,metaspace   ] GC(1464) Metaspace: 35432K(36224K)->35432K(36224K) NonClass: 26221K(26816K)->26221K(26816K) Class: 9211K(9408K)->9211K(9408K)
[531.822s][info][gc             ] GC(1464) Pause Young (Allocation Failure) 535M->253M(556M) 1.161ms
[531.822s][info][gc,cpu         ] GC(1464) User=0.00s Sys=0.00s Real=0.00s
[532.248s][info][gc,start       ] GC(1465) Pause Young (Allocation Failure)
[532.249s][info][gc,heap        ] GC(1465) PSYoungGen: 288832K(310272K)->64K(310784K) Eden: 288768K(288768K)->0K(291328K) From: 64K(21504K)->64K(19456K)
[532.249s][info][gc,heap        ] GC(1465) ParOldGen: 259559K(259584K)->259575K(259584K)
[532.249s][info][gc,metaspace   ] GC(1465) Metaspace: 35432K(36224K)->35432K(36224K) NonClass: 26221K(26816K)->26221K(26816K) Class: 9211K(9408K)->9211K(9408K)
[532.250s][info][gc             ] GC(1465) Pause Young (Allocation Failure) 535M->253M(557M) 1.041ms
[532.250s][info][gc,cpu         ] GC(1465) User=0.00s Sys=0.00s Real=0.00s
[532.463s][info][gc,start       ] GC(1466) Pause Young (Allocation Failure)
[532.464s][info][gc,heap        ] GC(1466) PSYoungGen: 291392K(310784K)->64K(311808K) Eden: 291328K(291328K)->0K(291328K) From: 64K(19456K)->64K(20480K)
[532.464s][info][gc,heap        ] GC(1466) ParOldGen: 259575K(259584K)->259591K(260096K)
[532.464s][info][gc,metaspace   ] GC(1466) Metaspace: 35432K(36224K)->35432K(36224K) NonClass: 26221K(26816K)->26221K(26816K) Class: 9211K(9408K)->9211K(9408K)
[532.464s][info][gc             ] GC(1466) Pause Young (Allocation Failure) 538M->253M(558M) 1.084ms
[532.464s][info][gc,cpu         ] GC(1466) User=0.00s Sys=0.00s Real=0.00s
[532.673s][info][gc,start       ] GC(1467) Pause Young (Allocation Failure)
[532.674s][info][gc,heap        ] GC(1467) PSYoungGen: 291392K(311808K)->64K(311296K) Eden: 291328K(291328K)->0K(293888K) From: 64K(20480K)->64K(17408K)
[532.674s][info][gc,heap        ] GC(1467) ParOldGen: 259591K(260096K)->259591K(260096K)
[532.674s][info][gc,metaspace   ] GC(1467) Metaspace: 35432K(36224K)->35432K(36224K) NonClass: 26221K(26816K)->26221K(26816K) Class: 9211K(9408K)->9211K(9408K)
[532.674s][info][gc             ] GC(1467) Pause Young (Allocation Failure) 538M->253M(558M) 0.968ms
[532.674s][info][gc,cpu         ] GC(1467) User=0.00s Sys=0.00s Real=0.00s
[532.959s][info][gc,start       ] GC(1468) Pause Young (Allocation Failure)
[532.960s][info][gc,heap        ] GC(1468) PSYoungGen: 293952K(311296K)->64K(312320K) Eden: 293888K(293888K)->0K(293888K) From: 64K(17408K)->64K(18432K)
[532.960s][info][gc,heap        ] GC(1468) ParOldGen: 259591K(260096K)->259591K(260096K)
[532.960s][info][gc,metaspace   ] GC(1468) Metaspace: 35432K(36224K)->35432K(36224K) NonClass: 26221K(26816K)->26221K(26816K) Class: 9211K(9408K)->9211K(9408K)
[532.960s][info][gc             ] GC(1468) Pause Young (Allocation Failure) 540M->253M(559M) 1.067ms
[532.960s][info][gc,cpu         ] GC(1468) User=0.00s Sys=0.00s Real=0.00s
[533.010s][info][gc,start       ] GC(1469) Pause Young (Allocation Failure)
[533.011s][info][gc,heap        ] GC(1469) PSYoungGen: 293952K(312320K)->64K(314368K) Eden: 293888K(293888K)->0K(297984K) From: 64K(18432K)->64K(16384K)
[533.011s][info][gc,heap        ] GC(1469) ParOldGen: 259591K(260096K)->259607K(260096K)
[533.011s][info][gc,metaspace   ] GC(1469) Metaspace: 35432K(36224K)->35432K(36224K) NonClass: 26221K(26816K)->26221K(26816K) Class: 9211K(9408K)->9211K(9408K)
[533.011s][info][gc             ] GC(1469) Pause Young (Allocation Failure) 540M->253M(561M) 0.926ms
[533.011s][info][gc,cpu         ] GC(1469) User=0.01s Sys=0.00s Real=0.00s
[533.106s][info][gc,start       ] GC(1470) Pause Young (Allocation Failure)
[533.107s][info][gc,heap        ] GC(1470) PSYoungGen: 298048K(314368K)->64K(314880K) Eden: 297984K(297984K)->0K(297984K) From: 64K(16384K)->64K(16896K)
[533.107s][info][gc,heap        ] GC(1470) ParOldGen: 259607K(260096K)->259607K(260096K)
[533.107s][info][gc,metaspace   ] GC(1470) Metaspace: 35432K(36224K)->35432K(36224K) NonClass: 26221K(26816K)->26221K(26816K) Class: 9211K(9408K)->9211K(9408K)
[533.107s][info][gc             ] GC(1470) Pause Young (Allocation Failure) 544M->253M(561M) 1.070ms
[533.107s][info][gc,cpu         ] GC(1470) User=0.00s Sys=0.00s Real=0.00s
[533.329s][info][gc,start       ] GC(1471) Pause Young (Allocation Failure)
[533.330s][info][gc,heap        ] GC(1471) PSYoungGen: 298048K(314880K)->64K(315392K) Eden: 297984K(297984K)->0K(301056K) From: 64K(16896K)->64K(14336K)
[533.330s][info][gc,heap        ] GC(1471) ParOldGen: 259607K(260096K)->259623K(260096K)
[533.330s][info][gc,metaspace   ] GC(1471) Metaspace: 35432K(36224K)->35432K(36224K) NonClass: 26221K(26816K)->26221K(26816K) Class: 9211K(9408K)->9211K(9408K)
[533.330s][info][gc             ] GC(1471) Pause Young (Allocation Failure) 544M->253M(562M) 1.058ms
[533.330s][info][gc,cpu         ] GC(1471) User=0.00s Sys=0.00s Real=0.00s
[533.510s][info][gc,start       ] GC(1472) Pause Young (Allocation Failure)
[533.511s][info][gc,heap        ] GC(1472) PSYoungGen: 301120K(315392K)->64K(315904K) Eden: 301056K(301056K)->0K(301056K) From: 64K(14336K)->64K(14848K)
[533.511s][info][gc,heap        ] GC(1472) ParOldGen: 259623K(260096K)->259623K(260096K)
[533.511s][info][gc,metaspace   ] GC(1472) Metaspace: 35432K(36224K)->35432K(36224K) NonClass: 26221K(26816K)->26221K(26816K) Class: 9211K(9408K)->9211K(9408K)
[533.511s][info][gc             ] GC(1472) Pause Young (Allocation Failure) 547M->253M(562M) 1.121ms
[533.511s][info][gc,cpu         ] GC(1472) User=0.00s Sys=0.00s Real=0.00s
[533.593s][info][gc,start       ] GC(1473) Pause Young (Allocation Failure)
[533.594s][info][gc,heap        ] GC(1473) PSYoungGen: 301120K(315904K)->64K(316928K) Eden: 301056K(301056K)->0K(304640K) From: 64K(14848K)->64K(12288K)
[533.594s][info][gc,heap        ] GC(1473) ParOldGen: 259623K(260096K)->259639K(260096K)
[533.594s][info][gc,metaspace   ] GC(1473) Metaspace: 35432K(36224K)->35432K(36224K) NonClass: 26221K(26816K)->26221K(26816K) Class: 9211K(9408K)->9211K(9408K)
[533.594s][info][gc             ] GC(1473) Pause Young (Allocation Failure) 547M->253M(563M) 0.999ms
[533.594s][info][gc,cpu         ] GC(1473) User=0.00s Sys=0.00s Real=0.00s
[533.761s][info][gc,start       ] GC(1474) Pause Young (Allocation Failure)
[533.762s][info][gc,heap        ] GC(1474) PSYoungGen: 304704K(316928K)->64K(317952K) Eden: 304640K(304640K)->0K(304640K) From: 64K(12288K)->64K(13312K)
[533.762s][info][gc,heap        ] GC(1474) ParOldGen: 259639K(260096K)->259639K(260096K)
[533.762s][info][gc,metaspace   ] GC(1474) Metaspace: 35432K(36224K)->35432K(36224K) NonClass: 26221K(26816K)->26221K(26816K) Class: 9211K(9408K)->9211K(9408K)
[533.762s][info][gc             ] GC(1474) Pause Young (Allocation Failure) 551M->253M(564M) 1.074ms
[533.762s][info][gc,cpu         ] GC(1474) User=0.00s Sys=0.00s Real=0.00s
[534.685s][info][gc,start       ] GC(1475) Pause Young (Allocation Failure)
[534.686s][info][gc,heap        ] GC(1475) PSYoungGen: 304704K(317952K)->64K(292864K) Eden: 304640K(304640K)->0K(292352K) From: 64K(13312K)->64K(512K)
[534.686s][info][gc,heap        ] GC(1475) ParOldGen: 259639K(260096K)->259647K(260096K)
[534.686s][info][gc,metaspace   ] GC(1475) Metaspace: 35432K(36224K)->35432K(36224K) NonClass: 26221K(26816K)->26221K(26816K) Class: 9211K(9408K)->9211K(9408K)
[534.686s][info][gc             ] GC(1475) Pause Young (Allocation Failure) 551M->253M(540M) 1.036ms
[534.686s][info][gc,cpu         ] GC(1475) User=0.00s Sys=0.00s Real=0.00s
[535.514s][info][gc,start       ] GC(1476) Pause Young (Allocation Failure)
[535.515s][info][gc,heap        ] GC(1476) PSYoungGen: 292416K(292864K)->64K(292352K) Eden: 292352K(292352K)->0K(280576K) From: 64K(512K)->64K(11776K)
[535.515s][info][gc,heap        ] GC(1476) ParOldGen: 259647K(260096K)->259655K(260096K)
[535.515s][info][gc,metaspace   ] GC(1476) Metaspace: 35432K(36224K)->35432K(36224K) NonClass: 26221K(26816K)->26221K(26816K) Class: 9211K(9408K)->9211K(9408K)
[535.515s][info][gc             ] GC(1476) Pause Young (Allocation Failure) 539M->253M(539M) 0.944ms
[535.515s][info][gc,cpu         ] GC(1476) User=0.00s Sys=0.00s Real=0.00s
[535.865s][info][gc,start       ] GC(1477) Pause Young (Allocation Failure)
[535.866s][info][gc,heap        ] GC(1477) PSYoungGen: 280640K(292352K)->64K(269824K) Eden: 280576K(280576K)->0K(269312K) From: 64K(11776K)->64K(512K)
[535.866s][info][gc,heap        ] GC(1477) ParOldGen: 259655K(260096K)->259663K(260096K)
[535.866s][info][gc,metaspace   ] GC(1477) Metaspace: 35432K(36224K)->35432K(36224K) NonClass: 26221K(26816K)->26221K(26816K) Class: 9211K(9408K)->9211K(9408K)
[535.866s][info][gc             ] GC(1477) Pause Young (Allocation Failure) 527M->253M(517M) 1.025ms
[535.866s][info][gc,cpu         ] GC(1477) User=0.00s Sys=0.00s Real=0.00s
[536.813s][info][gc,start       ] GC(1478) Pause Young (Allocation Failure)
[536.813s][info][gc,heap        ] GC(1478) PSYoungGen: 269376K(269824K)->64K(269312K) Eden: 269312K(269312K)->0K(259072K) From: 64K(512K)->64K(10240K)
[536.813s][info][gc,heap        ] GC(1478) ParOldGen: 259663K(260096K)->259671K(260096K)
[536.813s][info][gc,metaspace   ] GC(1478) Metaspace: 35432K(36224K)->35432K(36224K) NonClass: 26221K(26816K)->26221K(26816K) Class: 9211K(9408K)->9211K(9408K)
[536.814s][info][gc             ] GC(1478) Pause Young (Allocation Failure) 516M->253M(517M) 0.998ms
[536.814s][info][gc,cpu         ] GC(1478) User=0.00s Sys=0.00s Real=0.00s
[537.331s][info][gc,start       ] GC(1479) Pause Young (Allocation Failure)
[537.332s][info][gc,heap        ] GC(1479) PSYoungGen: 259136K(269312K)->64K(249344K) Eden: 259072K(259072K)->0K(248832K) From: 64K(10240K)->64K(512K)
[537.332s][info][gc,heap        ] GC(1479) ParOldGen: 259671K(260096K)->259679K(260096K)
[537.332s][info][gc,metaspace   ] GC(1479) Metaspace: 35432K(36224K)->35432K(36224K) NonClass: 26221K(26816K)->26221K(26816K) Class: 9211K(9408K)->9211K(9408K)
[537.332s][info][gc             ] GC(1479) Pause Young (Allocation Failure) 506M->253M(497M) 1.221ms
[537.332s][info][gc,cpu         ] GC(1479) User=0.00s Sys=0.00s Real=0.01s
[537.533s][info][gc,start       ] GC(1480) Pause Young (Allocation Failure)
[537.534s][info][gc,heap        ] GC(1480) PSYoungGen: 248896K(249344K)->64K(248320K) Eden: 248832K(248832K)->0K(239104K) From: 64K(512K)->64K(9216K)
[537.534s][info][gc,heap        ] GC(1480) ParOldGen: 259679K(260096K)->259687K(260096K)
[537.534s][info][gc,metaspace   ] GC(1480) Metaspace: 35432K(36224K)->35432K(36224K) NonClass: 26221K(26816K)->26221K(26816K) Class: 9211K(9408K)->9211K(9408K)
[537.534s][info][gc             ] GC(1480) Pause Young (Allocation Failure) 496M->253M(496M) 0.921ms
[537.534s][info][gc,cpu         ] GC(1480) User=0.00s Sys=0.00s Real=0.00s
[537.627s][info][gc,start       ] GC(1481) Pause Young (Allocation Failure)
[537.628s][info][gc,heap        ] GC(1481) PSYoungGen: 239168K(248320K)->64K(230400K) Eden: 239104K(239104K)->0K(229888K) From: 64K(9216K)->64K(512K)
[537.628s][info][gc,heap        ] GC(1481) ParOldGen: 259687K(260096K)->259695K(260096K)
[537.628s][info][gc,metaspace   ] GC(1481) Metaspace: 35432K(36224K)->35432K(36224K) NonClass: 26221K(26816K)->26221K(26816K) Class: 9211K(9408K)->9211K(9408K)
[537.628s][info][gc             ] GC(1481) Pause Young (Allocation Failure) 487M->253M(479M) 1.486ms
[537.628s][info][gc,cpu         ] GC(1481) User=0.00s Sys=0.01s Real=0.00s
[538.197s][info][gc,start       ] GC(1482) Pause Young (Allocation Failure)
[538.198s][info][gc,heap        ] GC(1482) PSYoungGen: 229952K(230400K)->64K(228864K) Eden: 229888K(229888K)->0K(221184K) From: 64K(512K)->64K(7680K)
[538.198s][info][gc,heap        ] GC(1482) ParOldGen: 259695K(260096K)->259703K(260096K)
[538.198s][info][gc,metaspace   ] GC(1482) Metaspace: 35432K(36224K)->35432K(36224K) NonClass: 26221K(26816K)->26221K(26816K) Class: 9211K(9408K)->9211K(9408K)
[538.198s][info][gc             ] GC(1482) Pause Young (Allocation Failure) 478M->253M(477M) 0.950ms
[538.198s][info][gc,cpu         ] GC(1482) User=0.00s Sys=0.00s Real=0.00s
[538.381s][info][gc,start       ] GC(1483) Pause Young (Allocation Failure)
[538.383s][info][gc,heap        ] GC(1483) PSYoungGen: 221248K(228864K)->64K(213504K) Eden: 221184K(221184K)->0K(212992K) From: 64K(7680K)->64K(512K)
[538.383s][info][gc,heap        ] GC(1483) ParOldGen: 259703K(260096K)->259711K(260096K)
[538.383s][info][gc,metaspace   ] GC(1483) Metaspace: 35432K(36224K)->35432K(36224K) NonClass: 26221K(26816K)->26221K(26816K) Class: 9211K(9408K)->9211K(9408K)
[538.383s][info][gc             ] GC(1483) Pause Young (Allocation Failure) 469M->253M(462M) 1.447ms
[538.383s][info][gc,cpu         ] GC(1483) User=0.01s Sys=0.00s Real=0.01s
[538.669s][info][gc,start       ] GC(1484) Pause Young (Allocation Failure)
[538.698s][info][gc,heap        ] GC(1484) PSYoungGen: 213056K(213504K)->6656K(261632K) Eden: 212992K(212992K)->0K(254976K) From: 64K(512K)->6656K(6656K)
[538.698s][info][gc,heap        ] GC(1484) ParOldGen: 259711K(260096K)->267943K(268288K)
[538.698s][info][gc,metaspace   ] GC(1484) Metaspace: 35432K(36224K)->35432K(36224K) NonClass: 26221K(26816K)->26221K(26816K) Class: 9211K(9408K)->9211K(9408K)
[538.698s][info][gc             ] GC(1484) Pause Young (Allocation Failure) 461M->268M(517M) 28.722ms
[538.698s][info][gc,cpu         ] GC(1484) User=0.05s Sys=0.00s Real=0.03s
[538.988s][info][gc,start       ] GC(1485) Pause Young (Allocation Failure)
[539.045s][info][gc,heap        ] GC(1485) PSYoungGen: 261632K(261632K)->6656K(266240K) Eden: 254976K(254976K)->0K(259584K) From: 6656K(6656K)->6656K(6656K)
[539.045s][info][gc,heap        ] GC(1485) ParOldGen: 267943K(268288K)->290287K(290304K)
[539.045s][info][gc,metaspace   ] GC(1485) Metaspace: 35432K(36224K)->35432K(36224K) NonClass: 26221K(26816K)->26221K(26816K) Class: 9211K(9408K)->9211K(9408K)
[539.045s][info][gc             ] GC(1485) Pause Young (Allocation Failure) 517M->289M(543M) 57.398ms
[539.045s][info][gc,cpu         ] GC(1485) User=0.10s Sys=0.02s Real=0.06s
[539.261s][info][gc,start       ] GC(1486) Pause Young (Allocation Failure)
[539.297s][info][gc,heap        ] GC(1486) PSYoungGen: 266240K(266240K)->19008K(280064K) Eden: 259584K(259584K)->0K(259584K) From: 6656K(6656K)->19008K(20480K)
[539.297s][info][gc,heap        ] GC(1486) ParOldGen: 290287K(290304K)->290895K(291328K)
[539.297s][info][gc,metaspace   ] GC(1486) Metaspace: 35432K(36224K)->35432K(36224K) NonClass: 26221K(26816K)->26221K(26816K) Class: 9211K(9408K)->9211K(9408K)
[539.297s][info][gc             ] GC(1486) Pause Young (Allocation Failure) 543M->302M(558M) 36.714ms
[539.297s][info][gc,cpu         ] GC(1486) User=0.07s Sys=0.00s Real=0.04s
[539.523s][info][gc,start       ] GC(1487) Pause Young (Allocation Failure)
[539.524s][info][gc,heap        ] GC(1487) PSYoungGen: 278592K(280064K)->64K(310272K) Eden: 259584K(259584K)->0K(286208K) From: 19008K(20480K)->64K(24064K)
[539.524s][info][gc,heap        ] GC(1487) ParOldGen: 290895K(291328K)->290903K(291328K)
[539.524s][info][gc,metaspace   ] GC(1487) Metaspace: 35432K(36224K)->35432K(36224K) NonClass: 26221K(26816K)->26221K(26816K) Class: 9211K(9408K)->9211K(9408K)
[539.524s][info][gc             ] GC(1487) Pause Young (Allocation Failure) 556M->284M(587M) 1.206ms
[539.524s][info][gc,cpu         ] GC(1487) User=0.00s Sys=0.00s Real=0.00s
[540.175s][info][gc,start       ] GC(1488) Pause Young (Allocation Failure)
[540.176s][info][gc,heap        ] GC(1488) PSYoungGen: 286272K(310272K)->64K(286720K) Eden: 286208K(286208K)->0K(286208K) From: 64K(24064K)->64K(512K)
[540.176s][info][gc,heap        ] GC(1488) ParOldGen: 290903K(291328K)->290911K(291328K)
[540.176s][info][gc,metaspace   ] GC(1488) Metaspace: 35432K(36224K)->35432K(36224K) NonClass: 26221K(26816K)->26221K(26816K) Class: 9211K(9408K)->9211K(9408K)
[540.176s][info][gc             ] GC(1488) Pause Young (Allocation Failure) 563M->284M(564M) 1.212ms
[540.176s][info][gc,cpu         ] GC(1488) User=0.00s Sys=0.00s Real=0.00s
[540.631s][info][gc,start       ] GC(1489) Pause Young (Allocation Failure)
[540.632s][info][gc,heap        ] GC(1489) PSYoungGen: 286272K(286720K)->64K(309248K) Eden: 286208K(286208K)->0K(286720K) From: 64K(512K)->64K(22528K)
[540.632s][info][gc,heap        ] GC(1489) ParOldGen: 290911K(291328K)->290927K(291328K)
[540.632s][info][gc,metaspace   ] GC(1489) Metaspace: 35432K(36224K)->35432K(36224K) NonClass: 26221K(26816K)->26221K(26816K) Class: 9211K(9408K)->9211K(9408K)
[540.632s][info][gc             ] GC(1489) Pause Young (Allocation Failure) 563M->284M(586M) 1.101ms
[540.632s][info][gc,cpu         ] GC(1489) User=0.00s Sys=0.00s Real=0.00s
[540.836s][info][gc,start       ] GC(1490) Pause Young (Allocation Failure)
[540.837s][info][gc,heap        ] GC(1490) PSYoungGen: 286784K(309248K)->64K(308736K) Eden: 286720K(286720K)->0K(286720K) From: 64K(22528K)->64K(22016K)
[540.837s][info][gc,heap        ] GC(1490) ParOldGen: 290927K(291328K)->290943K(291328K)
[540.837s][info][gc,metaspace   ] GC(1490) Metaspace: 35432K(36224K)->35432K(36224K) NonClass: 26221K(26816K)->26221K(26816K) Class: 9211K(9408K)->9211K(9408K)
[540.837s][info][gc             ] GC(1490) Pause Young (Allocation Failure) 564M->284M(586M) 1.046ms
[540.837s][info][gc,cpu         ] GC(1490) User=0.00s Sys=0.00s Real=0.00s
[541.040s][info][gc,start       ] GC(1491) Pause Young (Allocation Failure)
[541.041s][info][gc,heap        ] GC(1491) PSYoungGen: 286784K(308736K)->64K(310784K) Eden: 286720K(286720K)->0K(290304K) From: 64K(22016K)->64K(20480K)
[541.041s][info][gc,heap        ] GC(1491) ParOldGen: 290943K(291328K)->290943K(291328K)
[541.041s][info][gc,metaspace   ] GC(1491) Metaspace: 35432K(36224K)->35432K(36224K) NonClass: 26221K(26816K)->26221K(26816K) Class: 9211K(9408K)->9211K(9408K)
[541.041s][info][gc             ] GC(1491) Pause Young (Allocation Failure) 564M->284M(588M) 1.024ms
[541.041s][info][gc,cpu         ] GC(1491) User=0.00s Sys=0.00s Real=0.00s
[541.364s][info][gc,start       ] GC(1492) Pause Young (Allocation Failure)
[541.365s][info][gc,heap        ] GC(1492) PSYoungGen: 290368K(310784K)->64K(310272K) Eden: 290304K(290304K)->0K(290304K) From: 64K(20480K)->64K(19968K)
[541.365s][info][gc,heap        ] GC(1492) ParOldGen: 290943K(291328K)->290943K(291328K)
[541.365s][info][gc,metaspace   ] GC(1492) Metaspace: 35432K(36224K)->35432K(36224K) NonClass: 26221K(26816K)->26221K(26816K) Class: 9211K(9408K)->9211K(9408K)
[541.365s][info][gc             ] GC(1492) Pause Young (Allocation Failure) 567M->284M(587M) 1.053ms
[541.365s][info][gc,cpu         ] GC(1492) User=0.00s Sys=0.00s Real=0.00s
[541.414s][info][gc,start       ] GC(1493) Pause Young (Allocation Failure)
[541.415s][info][gc,heap        ] GC(1493) PSYoungGen: 290368K(310272K)->64K(312832K) Eden: 290304K(290304K)->0K(294400K) From: 64K(19968K)->64K(18432K)
[541.415s][info][gc,heap        ] GC(1493) ParOldGen: 290943K(291328K)->290959K(291328K)
[541.415s][info][gc,metaspace   ] GC(1493) Metaspace: 35432K(36224K)->35432K(36224K) NonClass: 26221K(26816K)->26221K(26816K) Class: 9211K(9408K)->9211K(9408K)
[541.415s][info][gc             ] GC(1493) Pause Young (Allocation Failure) 567M->284M(590M) 0.955ms
[541.415s][info][gc,cpu         ] GC(1493) User=0.00s Sys=0.00s Real=0.00s
[541.468s][info][gc,start       ] GC(1494) Pause Young (Allocation Failure)
[541.469s][info][gc,heap        ] GC(1494) PSYoungGen: 294464K(312832K)->64K(312320K) Eden: 294400K(294400K)->0K(294400K) From: 64K(18432K)->64K(17920K)
[541.469s][info][gc,heap        ] GC(1494) ParOldGen: 290959K(291328K)->290959K(291328K)
[541.469s][info][gc,metaspace   ] GC(1494) Metaspace: 35432K(36224K)->35432K(36224K) NonClass: 26221K(26816K)->26221K(26816K) Class: 9211K(9408K)->9211K(9408K)
[541.469s][info][gc             ] GC(1494) Pause Young (Allocation Failure) 571M->284M(589M) 1.023ms
[541.469s][info][gc,cpu         ] GC(1494) User=0.00s Sys=0.00s Real=0.00s
[541.678s][info][gc,start       ] GC(1495) Pause Young (Allocation Failure)
[541.679s][info][gc,heap        ] GC(1495) PSYoungGen: 294464K(312320K)->64K(314880K) Eden: 294400K(294400K)->0K(298496K) From: 64K(17920K)->64K(16384K)
[541.679s][info][gc,heap        ] GC(1495) ParOldGen: 290959K(291328K)->290959K(291328K)
[541.679s][info][gc,metaspace   ] GC(1495) Metaspace: 35432K(36224K)->35432K(36224K) NonClass: 26221K(26816K)->26221K(26816K) Class: 9211K(9408K)->9211K(9408K)
[541.679s][info][gc             ] GC(1495) Pause Young (Allocation Failure) 571M->284M(592M) 1.094ms
[541.679s][info][gc,cpu         ] GC(1495) User=0.01s Sys=0.00s Real=0.00s
[541.893s][info][gc,start       ] GC(1496) Pause Young (Allocation Failure)
[541.894s][info][gc,heap        ] GC(1496) PSYoungGen: 298560K(314880K)->64K(314368K) Eden: 298496K(298496K)->0K(298496K) From: 64K(16384K)->64K(15872K)
[541.894s][info][gc,heap        ] GC(1496) ParOldGen: 290959K(291328K)->290967K(291328K)
[541.894s][info][gc,metaspace   ] GC(1496) Metaspace: 35432K(36224K)->35432K(36224K) NonClass: 26221K(26816K)->26221K(26816K) Class: 9211K(9408K)->9211K(9408K)
[541.894s][info][gc             ] GC(1496) Pause Young (Allocation Failure) 575M->284M(591M) 1.068ms
[541.894s][info][gc,cpu         ] GC(1496) User=0.01s Sys=0.00s Real=0.00s
[541.982s][info][gc,start       ] GC(1497) Pause Young (Allocation Failure)
[541.983s][info][gc,heap        ] GC(1497) PSYoungGen: 298560K(314368K)->64K(316928K) Eden: 298496K(298496K)->0K(302080K) From: 64K(15872K)->64K(14848K)
[541.983s][info][gc,heap        ] GC(1497) ParOldGen: 290967K(291328K)->290975K(291328K)
[541.983s][info][gc,metaspace   ] GC(1497) Metaspace: 35432K(36224K)->35432K(36224K) NonClass: 26221K(26816K)->26221K(26816K) Class: 9211K(9408K)->9211K(9408K)
[541.983s][info][gc             ] GC(1497) Pause Young (Allocation Failure) 575M->284M(594M) 1.074ms
[541.983s][info][gc,cpu         ] GC(1497) User=0.01s Sys=0.00s Real=0.00s
[542.115s][info][gc,start       ] GC(1498) Pause Young (Allocation Failure)
[542.116s][info][gc,heap        ] GC(1498) PSYoungGen: 302144K(316928K)->64K(316416K) Eden: 302080K(302080K)->0K(302080K) From: 64K(14848K)->64K(14336K)
[542.116s][info][gc,heap        ] GC(1498) ParOldGen: 290975K(291328K)->290983K(291328K)
[542.116s][info][gc,metaspace   ] GC(1498) Metaspace: 35432K(36224K)->35432K(36224K) NonClass: 26221K(26816K)->26221K(26816K) Class: 9211K(9408K)->9211K(9408K)
[542.116s][info][gc             ] GC(1498) Pause Young (Allocation Failure) 579M->284M(593M) 1.199ms
[542.116s][info][gc,cpu         ] GC(1498) User=0.00s Sys=0.00s Real=0.00s
[542.529s][info][gc,start       ] GC(1499) Pause Young (Allocation Failure)
[542.530s][info][gc,heap        ] GC(1499) PSYoungGen: 302144K(316416K)->64K(290304K) Eden: 302080K(302080K)->0K(289792K) From: 64K(14336K)->64K(512K)
[542.530s][info][gc,heap        ] GC(1499) ParOldGen: 290983K(291328K)->290991K(291328K)
[542.530s][info][gc,metaspace   ] GC(1499) Metaspace: 35432K(36224K)->35432K(36224K) NonClass: 26221K(26816K)->26221K(26816K) Class: 9211K(9408K)->9211K(9408K)
[542.530s][info][gc             ] GC(1499) Pause Young (Allocation Failure) 579M->284M(568M) 1.098ms
[542.530s][info][gc,cpu         ] GC(1499) User=0.00s Sys=0.00s Real=0.00s
[543.377s][info][gc,start       ] GC(1500) Pause Young (Allocation Failure)
[543.378s][info][gc,heap        ] GC(1500) PSYoungGen: 289856K(290304K)->64K(290816K) Eden: 289792K(289792K)->0K(278528K) From: 64K(512K)->64K(12288K)
[543.378s][info][gc,heap        ] GC(1500) ParOldGen: 290991K(291328K)->290999K(291328K)
[543.378s][info][gc,metaspace   ] GC(1500) Metaspace: 35432K(36224K)->35432K(36224K) NonClass: 26221K(26816K)->26221K(26816K) Class: 9211K(9408K)->9211K(9408K)
[543.378s][info][gc             ] GC(1500) Pause Young (Allocation Failure) 567M->284M(568M) 1.038ms
[543.378s][info][gc,cpu         ] GC(1500) User=0.00s Sys=0.00s Real=0.00s
[544.079s][info][gc,start       ] GC(1501) Pause Young (Allocation Failure)
[544.080s][info][gc,heap        ] GC(1501) PSYoungGen: 278592K(290816K)->64K(268288K) Eden: 278528K(278528K)->0K(267776K) From: 64K(12288K)->64K(512K)
[544.080s][info][gc,heap        ] GC(1501) ParOldGen: 290999K(291328K)->291007K(291328K)
[544.080s][info][gc,metaspace   ] GC(1501) Metaspace: 35432K(36224K)->35432K(36224K) NonClass: 26221K(26816K)->26221K(26816K) Class: 9211K(9408K)->9211K(9408K)
[544.080s][info][gc             ] GC(1501) Pause Young (Allocation Failure) 556M->284M(546M) 1.132ms
[544.080s][info][gc,cpu         ] GC(1501) User=0.00s Sys=0.00s Real=0.00s
[544.509s][info][gc,start       ] GC(1502) Pause Young (Allocation Failure)
[544.510s][info][gc,heap        ] GC(1502) PSYoungGen: 267840K(268288K)->64K(268288K) Eden: 267776K(267776K)->0K(257536K) From: 64K(512K)->64K(10752K)
[544.510s][info][gc,heap        ] GC(1502) ParOldGen: 291007K(291328K)->291015K(291328K)
[544.510s][info][gc,metaspace   ] GC(1502) Metaspace: 35432K(36224K)->35432K(36224K) NonClass: 26221K(26816K)->26221K(26816K) Class: 9211K(9408K)->9211K(9408K)
[544.510s][info][gc             ] GC(1502) Pause Young (Allocation Failure) 545M->284M(546M) 1.087ms
[544.510s][info][gc,cpu         ] GC(1502) User=0.00s Sys=0.00s Real=0.00s
[545.492s][info][gc,start       ] GC(1503) Pause Young (Allocation Failure)
[545.494s][info][gc,heap        ] GC(1503) PSYoungGen: 257600K(268288K)->64K(248320K) Eden: 257536K(257536K)->0K(247808K) From: 64K(10752K)->64K(512K)
[545.494s][info][gc,heap        ] GC(1503) ParOldGen: 291015K(291328K)->291023K(291328K)
[545.494s][info][gc,metaspace   ] GC(1503) Metaspace: 35432K(36224K)->35432K(36224K) NonClass: 26221K(26816K)->26221K(26816K) Class: 9211K(9408K)->9211K(9408K)
[545.494s][info][gc             ] GC(1503) Pause Young (Allocation Failure) 535M->284M(527M) 1.360ms
[545.494s][info][gc,cpu         ] GC(1503) User=0.00s Sys=0.00s Real=0.00s
[545.841s][info][gc,start       ] GC(1504) Pause Young (Allocation Failure)
[545.842s][info][gc,heap        ] GC(1504) PSYoungGen: 247872K(248320K)->64K(248320K) Eden: 247808K(247808K)->0K(238592K) From: 64K(512K)->64K(9728K)
[545.842s][info][gc,heap        ] GC(1504) ParOldGen: 291023K(291328K)->291031K(291328K)
[545.842s][info][gc,metaspace   ] GC(1504) Metaspace: 35432K(36224K)->35432K(36224K) NonClass: 26221K(26816K)->26221K(26816K) Class: 9211K(9408K)->9211K(9408K)
[545.842s][info][gc             ] GC(1504) Pause Young (Allocation Failure) 526M->284M(527M) 1.000ms
[545.842s][info][gc,cpu         ] GC(1504) User=0.00s Sys=0.00s Real=0.00s
[545.977s][info][gc,start       ] GC(1505) Pause Young (Allocation Failure)
[545.978s][info][gc,heap        ] GC(1505) PSYoungGen: 238656K(248320K)->64K(229888K) Eden: 238592K(238592K)->0K(229376K) From: 64K(9728K)->64K(512K)
[545.978s][info][gc,heap        ] GC(1505) ParOldGen: 291031K(291328K)->291039K(291328K)
[545.978s][info][gc,metaspace   ] GC(1505) Metaspace: 35432K(36224K)->35432K(36224K) NonClass: 26221K(26816K)->26221K(26816K) Class: 9211K(9408K)->9211K(9408K)
[545.978s][info][gc             ] GC(1505) Pause Young (Allocation Failure) 517M->284M(509M) 1.483ms
[545.978s][info][gc,cpu         ] GC(1505) User=0.00s Sys=0.00s Real=0.00s
[546.319s][info][gc,start       ] GC(1506) Pause Young (Allocation Failure)
[546.320s][info][gc,heap        ] GC(1506) PSYoungGen: 229440K(229888K)->64K(228864K) Eden: 229376K(229376K)->0K(220672K) From: 64K(512K)->64K(8192K)
[546.320s][info][gc,heap        ] GC(1506) ParOldGen: 291039K(291328K)->291047K(291328K)
[546.320s][info][gc,metaspace   ] GC(1506) Metaspace: 35432K(36224K)->35432K(36224K) NonClass: 26221K(26816K)->26221K(26816K) Class: 9211K(9408K)->9211K(9408K)
[546.320s][info][gc             ] GC(1506) Pause Young (Allocation Failure) 508M->284M(508M) 1.737ms
[546.320s][info][gc,cpu         ] GC(1506) User=0.00s Sys=0.00s Real=0.00s
[546.652s][info][gc,start       ] GC(1507) Pause Young (Allocation Failure)
[546.654s][info][gc,heap        ] GC(1507) PSYoungGen: 220736K(228864K)->64K(212992K) Eden: 220672K(220672K)->0K(212480K) From: 64K(8192K)->64K(512K)
[546.654s][info][gc,heap        ] GC(1507) ParOldGen: 291047K(291328K)->291055K(291328K)
[546.654s][info][gc,metaspace   ] GC(1507) Metaspace: 35432K(36224K)->35432K(36224K) NonClass: 26221K(26816K)->26221K(26816K) Class: 9211K(9408K)->9211K(9408K)
[546.654s][info][gc             ] GC(1507) Pause Young (Allocation Failure) 499M->284M(492M) 2.365ms
[546.654s][info][gc,cpu         ] GC(1507) User=0.00s Sys=0.01s Real=0.01s
[546.954s][info][gc,start       ] GC(1508) Pause Young (Allocation Failure)
[546.960s][info][gc,heap        ] GC(1508) PSYoungGen: 212544K(212992K)->2272K(211968K) Eden: 212480K(212480K)->0K(204800K) From: 64K(512K)->2272K(7168K)
[546.960s][info][gc,heap        ] GC(1508) ParOldGen: 291055K(291328K)->291063K(291328K)
[546.960s][info][gc,metaspace   ] GC(1508) Metaspace: 35432K(36224K)->35432K(36224K) NonClass: 26221K(26816K)->26221K(26816K) Class: 9211K(9408K)->9211K(9408K)
[546.960s][info][gc             ] GC(1508) Pause Young (Allocation Failure) 491M->286M(491M) 6.302ms
[546.960s][info][gc,cpu         ] GC(1508) User=0.00s Sys=0.00s Real=0.00s
[547.193s][info][gc,start       ] GC(1509) Pause Young (Allocation Failure)
[547.237s][info][gc,heap        ] GC(1509) PSYoungGen: 207072K(211968K)->7168K(252416K) Eden: 204800K(204800K)->0K(245248K) From: 2272K(7168K)->7168K(7168K)
[547.237s][info][gc,heap        ] GC(1509) ParOldGen: 291063K(291328K)->307007K(307200K)
[547.237s][info][gc,metaspace   ] GC(1509) Metaspace: 35432K(36224K)->35432K(36224K) NonClass: 26221K(26816K)->26221K(26816K) Class: 9211K(9408K)->9211K(9408K)
[547.237s][info][gc             ] GC(1509) Pause Young (Allocation Failure) 486M->306M(546M) 44.688ms
[547.237s][info][gc,cpu         ] GC(1509) User=0.07s Sys=0.01s Real=0.04s
[547.516s][info][gc,start       ] GC(1510) Pause Young (Allocation Failure)
[547.568s][info][gc,heap        ] GC(1510) PSYoungGen: 252416K(252416K)->14848K(267264K) Eden: 245248K(245248K)->0K(252416K) From: 7168K(7168K)->14848K(14848K)
[547.568s][info][gc,heap        ] GC(1510) ParOldGen: 307007K(307200K)->320255K(320512K)
[547.568s][info][gc,metaspace   ] GC(1510) Metaspace: 35432K(36224K)->35432K(36224K) NonClass: 26221K(26816K)->26221K(26816K) Class: 9211K(9408K)->9211K(9408K)
[547.568s][info][gc             ] GC(1510) Pause Young (Allocation Failure) 546M->327M(574M) 51.259ms
[547.568s][info][gc,cpu         ] GC(1510) User=0.09s Sys=0.01s Real=0.05s
[547.709s][info][gc,start       ] GC(1511) Pause Young (Allocation Failure)
[547.732s][info][gc,heap        ] GC(1511) PSYoungGen: 267264K(267264K)->9664K(311296K) Eden: 252416K(252416K)->0K(288256K) From: 14848K(14848K)->9664K(23040K)
[547.732s][info][gc,heap        ] GC(1511) ParOldGen: 320255K(320512K)->320607K(321024K)
[547.732s][info][gc,metaspace   ] GC(1511) Metaspace: 35432K(36224K)->35432K(36224K) NonClass: 26221K(26816K)->26221K(26816K) Class: 9211K(9408K)->9211K(9408K)
[547.732s][info][gc             ] GC(1511) Pause Young (Allocation Failure) 573M->322M(617M) 22.987ms
[547.732s][info][gc,cpu         ] GC(1511) User=0.05s Sys=0.00s Real=0.02s
[548.187s][info][gc,start       ] GC(1512) Pause Young (Allocation Failure)
[548.188s][info][gc,heap        ] GC(1512) PSYoungGen: 297920K(311296K)->64K(288768K) Eden: 288256K(288256K)->0K(288256K) From: 9664K(23040K)->64K(512K)
[548.188s][info][gc,heap        ] GC(1512) ParOldGen: 320607K(321024K)->320615K(321024K)
[548.188s][info][gc,metaspace   ] GC(1512) Metaspace: 35432K(36224K)->35432K(36224K) NonClass: 26221K(26816K)->26221K(26816K) Class: 9211K(9408K)->9211K(9408K)
[548.188s][info][gc             ] GC(1512) Pause Young (Allocation Failure) 604M->313M(595M) 1.322ms
[548.189s][info][gc,cpu         ] GC(1512) User=0.00s Sys=0.00s Real=0.00s
[548.706s][info][gc,start       ] GC(1513) Pause Young (Allocation Failure)
[548.708s][info][gc,heap        ] GC(1513) PSYoungGen: 288320K(288768K)->64K(310784K) Eden: 288256K(288256K)->0K(288768K) From: 64K(512K)->64K(22016K)
[548.708s][info][gc,heap        ] GC(1513) ParOldGen: 320615K(321024K)->320623K(321024K)
[548.708s][info][gc,metaspace   ] GC(1513) Metaspace: 35433K(36224K)->35433K(36224K) NonClass: 26222K(26816K)->26222K(26816K) Class: 9211K(9408K)->9211K(9408K)
[548.708s][info][gc             ] GC(1513) Pause Young (Allocation Failure) 594M->313M(617M) 1.204ms
[548.708s][info][gc,cpu         ] GC(1513) User=0.00s Sys=0.00s Real=0.00s
[549.124s][info][gc,start       ] GC(1514) Pause Young (Allocation Failure)
[549.126s][info][gc,heap        ] GC(1514) PSYoungGen: 288832K(310784K)->64K(310272K) Eden: 288768K(288768K)->0K(288768K) From: 64K(22016K)->64K(21504K)
[549.126s][info][gc,heap        ] GC(1514) ParOldGen: 320623K(321024K)->320639K(321024K)
[549.126s][info][gc,metaspace   ] GC(1514) Metaspace: 35433K(36224K)->35433K(36224K) NonClass: 26222K(26816K)->26222K(26816K) Class: 9211K(9408K)->9211K(9408K)
[549.126s][info][gc             ] GC(1514) Pause Young (Allocation Failure) 595M->313M(616M) 1.232ms
[549.126s][info][gc,cpu         ] GC(1514) User=0.00s Sys=0.00s Real=0.00s
[549.331s][info][gc,start       ] GC(1515) Pause Young (Allocation Failure)
[549.332s][info][gc,heap        ] GC(1515) PSYoungGen: 288832K(310272K)->64K(311296K) Eden: 288768K(288768K)->0K(291328K) From: 64K(21504K)->64K(19968K)
[549.332s][info][gc,heap        ] GC(1515) ParOldGen: 320639K(321024K)->320655K(321024K)
[549.332s][info][gc,metaspace   ] GC(1515) Metaspace: 35433K(36224K)->35433K(36224K) NonClass: 26222K(26816K)->26222K(26816K) Class: 9211K(9408K)->9211K(9408K)
[549.332s][info][gc             ] GC(1515) Pause Young (Allocation Failure) 595M->313M(617M) 1.114ms
[549.332s][info][gc,cpu         ] GC(1515) User=0.00s Sys=0.00s Real=0.00s
[549.643s][info][gc,start       ] GC(1516) Pause Young (Allocation Failure)
[549.644s][info][gc,heap        ] GC(1516) PSYoungGen: 291392K(311296K)->64K(310784K) Eden: 291328K(291328K)->0K(291328K) From: 64K(19968K)->64K(19456K)
[549.644s][info][gc,heap        ] GC(1516) ParOldGen: 320655K(321024K)->320655K(321024K)
[549.644s][info][gc,metaspace   ] GC(1516) Metaspace: 35433K(36224K)->35433K(36224K) NonClass: 26222K(26816K)->26222K(26816K) Class: 9211K(9408K)->9211K(9408K)
[549.644s][info][gc             ] GC(1516) Pause Young (Allocation Failure) 597M->313M(617M) 1.111ms
[549.644s][info][gc,cpu         ] GC(1516) User=0.00s Sys=0.00s Real=0.00s
[549.802s][info][gc,start       ] GC(1517) Pause Young (Allocation Failure)
[549.803s][info][gc,heap        ] GC(1517) PSYoungGen: 291392K(310784K)->64K(313344K) Eden: 291328K(291328K)->0K(295424K) From: 64K(19456K)->64K(17920K)
[549.803s][info][gc,heap        ] GC(1517) ParOldGen: 320655K(321024K)->320663K(321024K)
[549.803s][info][gc,metaspace   ] GC(1517) Metaspace: 35433K(36224K)->35433K(36224K) NonClass: 26222K(26816K)->26222K(26816K) Class: 9211K(9408K)->9211K(9408K)
[549.803s][info][gc             ] GC(1517) Pause Young (Allocation Failure) 597M->313M(619M) 1.116ms
[549.803s][info][gc,cpu         ] GC(1517) User=0.00s Sys=0.00s Real=0.01s
[549.856s][info][gc,start       ] GC(1518) Pause Young (Allocation Failure)
[549.858s][info][gc,heap        ] GC(1518) PSYoungGen: 295488K(313344K)->64K(313344K) Eden: 295424K(295424K)->0K(295424K) From: 64K(17920K)->64K(17920K)
[549.858s][info][gc,heap        ] GC(1518) ParOldGen: 320663K(321024K)->320679K(321024K)
[549.858s][info][gc,metaspace   ] GC(1518) Metaspace: 35433K(36224K)->35433K(36224K) NonClass: 26222K(26816K)->26222K(26816K) Class: 9211K(9408K)->9211K(9408K)
[549.858s][info][gc             ] GC(1518) Pause Young (Allocation Failure) 601M->313M(619M) 1.136ms
[549.858s][info][gc,cpu         ] GC(1518) User=0.00s Sys=0.00s Real=0.00s
[549.969s][info][gc,start       ] GC(1519) Pause Young (Allocation Failure)
[549.970s][info][gc,heap        ] GC(1519) PSYoungGen: 295488K(313344K)->64K(314880K) Eden: 295424K(295424K)->0K(299008K) From: 64K(17920K)->64K(15872K)
[549.970s][info][gc,heap        ] GC(1519) ParOldGen: 320679K(321024K)->320679K(321024K)
[549.970s][info][gc,metaspace   ] GC(1519) Metaspace: 35433K(36224K)->35433K(36224K) NonClass: 26222K(26816K)->26222K(26816K) Class: 9211K(9408K)->9211K(9408K)
[549.970s][info][gc             ] GC(1519) Pause Young (Allocation Failure) 601M->313M(621M) 1.122ms
[549.970s][info][gc,cpu         ] GC(1519) User=0.00s Sys=0.00s Real=0.00s
[550.193s][info][gc,start       ] GC(1520) Pause Young (Allocation Failure)
[550.195s][info][gc,heap        ] GC(1520) PSYoungGen: 299072K(314880K)->64K(314880K) Eden: 299008K(299008K)->0K(299008K) From: 64K(15872K)->64K(15872K)
[550.195s][info][gc,heap        ] GC(1520) ParOldGen: 320679K(321024K)->320687K(321024K)
[550.195s][info][gc,metaspace   ] GC(1520) Metaspace: 35433K(36224K)->35433K(36224K) NonClass: 26222K(26816K)->26222K(26816K) Class: 9211K(9408K)->9211K(9408K)
[550.195s][info][gc             ] GC(1520) Pause Young (Allocation Failure) 605M->313M(621M) 1.198ms
[550.195s][info][gc,cpu         ] GC(1520) User=0.00s Sys=0.00s Real=0.00s
[550.353s][info][gc,start       ] GC(1521) Pause Young (Allocation Failure)
[550.354s][info][gc,heap        ] GC(1521) PSYoungGen: 299072K(314880K)->64K(316416K) Eden: 299008K(299008K)->0K(302592K) From: 64K(15872K)->64K(13824K)
[550.354s][info][gc,heap        ] GC(1521) ParOldGen: 320687K(321024K)->320695K(321024K)
[550.354s][info][gc,metaspace   ] GC(1521) Metaspace: 35433K(36224K)->35433K(36224K) NonClass: 26222K(26816K)->26222K(26816K) Class: 9211K(9408K)->9211K(9408K)
[550.354s][info][gc             ] GC(1521) Pause Young (Allocation Failure) 605M->313M(622M) 1.194ms
[550.354s][info][gc,cpu         ] GC(1521) User=0.00s Sys=0.00s Real=0.00s
[550.438s][info][gc,start       ] GC(1522) Pause Young (Allocation Failure)
[550.439s][info][gc,heap        ] GC(1522) PSYoungGen: 302656K(316416K)->64K(316928K) Eden: 302592K(302592K)->0K(302592K) From: 64K(13824K)->64K(14336K)
[550.439s][info][gc,heap        ] GC(1522) ParOldGen: 320695K(321024K)->320703K(321024K)
[550.439s][info][gc,metaspace   ] GC(1522) Metaspace: 35433K(36224K)->35433K(36224K) NonClass: 26222K(26816K)->26222K(26816K) Class: 9211K(9408K)->9211K(9408K)
[550.439s][info][gc             ] GC(1522) Pause Young (Allocation Failure) 608M->313M(623M) 1.187ms
[550.439s][info][gc,cpu         ] GC(1522) User=0.00s Sys=0.00s Real=0.00s
[550.613s][info][gc,start       ] GC(1523) Pause Young (Allocation Failure)
[550.614s][info][gc,heap        ] GC(1523) PSYoungGen: 302656K(316928K)->64K(318976K) Eden: 302592K(302592K)->0K(306176K) From: 64K(14336K)->64K(12800K)
[550.614s][info][gc,heap        ] GC(1523) ParOldGen: 320703K(321024K)->320711K(321024K)
[550.614s][info][gc,metaspace   ] GC(1523) Metaspace: 35433K(36224K)->35433K(36224K) NonClass: 26222K(26816K)->26222K(26816K) Class: 9211K(9408K)->9211K(9408K)
[550.614s][info][gc             ] GC(1523) Pause Young (Allocation Failure) 608M->313M(625M) 1.150ms
[550.614s][info][gc,cpu         ] GC(1523) User=0.00s Sys=0.00s Real=0.00s
[551.523s][info][gc,start       ] GC(1524) Pause Young (Allocation Failure)
[551.524s][info][gc,heap        ] GC(1524) PSYoungGen: 306240K(318976K)->83K(294400K) Eden: 306176K(306176K)->0K(293888K) From: 64K(12800K)->83K(512K)
[551.524s][info][gc,heap        ] GC(1524) ParOldGen: 320711K(321024K)->320719K(321024K)
[551.524s][info][gc,metaspace   ] GC(1524) Metaspace: 35433K(36224K)->35433K(36224K) NonClass: 26222K(26816K)->26222K(26816K) Class: 9211K(9408K)->9211K(9408K)
[551.524s][info][gc             ] GC(1524) Pause Young (Allocation Failure) 612M->313M(601M) 1.308ms
[551.524s][info][gc,cpu         ] GC(1524) User=0.00s Sys=0.00s Real=0.00s
[552.380s][info][gc,start       ] GC(1525) Pause Young (Allocation Failure)
[552.382s][info][gc,heap        ] GC(1525) PSYoungGen: 293971K(294400K)->64K(282624K) Eden: 293888K(293888K)->0K(282112K) From: 83K(512K)->64K(512K)
[552.382s][info][gc,heap        ] GC(1525) ParOldGen: 320719K(321024K)->320727K(321024K)
[552.382s][info][gc,metaspace   ] GC(1525) Metaspace: 35433K(36224K)->35433K(36224K) NonClass: 26222K(26816K)->26222K(26816K) Class: 9211K(9408K)->9211K(9408K)
[552.382s][info][gc             ] GC(1525) Pause Young (Allocation Failure) 600M->313M(589M) 1.784ms
[552.382s][info][gc,cpu         ] GC(1525) User=0.00s Sys=0.00s Real=0.00s
[552.781s][info][gc,start       ] GC(1526) Pause Young (Allocation Failure)
[552.782s][info][gc,heap        ] GC(1526) PSYoungGen: 282176K(282624K)->64K(282112K) Eden: 282112K(282112K)->0K(270848K) From: 64K(512K)->64K(11264K)
[552.782s][info][gc,heap        ] GC(1526) ParOldGen: 320727K(321024K)->320735K(321024K)
[552.782s][info][gc,metaspace   ] GC(1526) Metaspace: 35433K(36224K)->35433K(36224K) NonClass: 26222K(26816K)->26222K(26816K) Class: 9211K(9408K)->9211K(9408K)
[552.783s][info][gc             ] GC(1526) Pause Young (Allocation Failure) 588M->313M(589M) 1.240ms
[552.783s][info][gc,cpu         ] GC(1526) User=0.00s Sys=0.00s Real=0.01s
[553.800s][info][gc,start       ] GC(1527) Pause Young (Allocation Failure)
[553.802s][info][gc,heap        ] GC(1527) PSYoungGen: 270912K(282112K)->64K(260608K) Eden: 270848K(270848K)->0K(260096K) From: 64K(11264K)->64K(512K)
[553.802s][info][gc,heap        ] GC(1527) ParOldGen: 320735K(321024K)->320743K(321024K)
[553.802s][info][gc,metaspace   ] GC(1527) Metaspace: 35433K(36224K)->35433K(36224K) NonClass: 26222K(26816K)->26222K(26816K) Class: 9211K(9408K)->9211K(9408K)
[553.802s][info][gc             ] GC(1527) Pause Young (Allocation Failure) 577M->313M(568M) 1.699ms
[553.802s][info][gc,cpu         ] GC(1527) User=0.00s Sys=0.00s Real=0.01s
[554.198s][info][gc,start       ] GC(1528) Pause Young (Allocation Failure)
[554.200s][info][gc,heap        ] GC(1528) PSYoungGen: 260160K(260608K)->64K(259584K) Eden: 260096K(260096K)->0K(249856K) From: 64K(512K)->64K(9728K)
[554.200s][info][gc,heap        ] GC(1528) ParOldGen: 320743K(321024K)->320751K(321024K)
[554.200s][info][gc,metaspace   ] GC(1528) Metaspace: 35433K(36224K)->35433K(36224K) NonClass: 26222K(26816K)->26222K(26816K) Class: 9211K(9408K)->9211K(9408K)
[554.200s][info][gc             ] GC(1528) Pause Young (Allocation Failure) 567M->313M(567M) 1.125ms
[554.200s][info][gc,cpu         ] GC(1528) User=0.01s Sys=0.00s Real=0.00s
[554.390s][info][gc,start       ] GC(1529) Pause Young (Allocation Failure)
[554.392s][info][gc,heap        ] GC(1529) PSYoungGen: 249920K(259584K)->64K(240640K) Eden: 249856K(249856K)->0K(240128K) From: 64K(9728K)->64K(512K)
[554.392s][info][gc,heap        ] GC(1529) ParOldGen: 320751K(321024K)->320759K(321024K)
[554.392s][info][gc,metaspace   ] GC(1529) Metaspace: 35433K(36224K)->35433K(36224K) NonClass: 26222K(26816K)->26222K(26816K) Class: 9211K(9408K)->9211K(9408K)
[554.392s][info][gc             ] GC(1529) Pause Young (Allocation Failure) 557M->313M(548M) 1.759ms
[554.392s][info][gc,cpu         ] GC(1529) User=0.00s Sys=0.00s Real=0.01s
[554.558s][info][gc,start       ] GC(1530) Pause Young (Allocation Failure)
[554.559s][info][gc,heap        ] GC(1530) PSYoungGen: 240192K(240640K)->64K(239616K) Eden: 240128K(240128K)->0K(230912K) From: 64K(512K)->64K(8704K)
[554.559s][info][gc,heap        ] GC(1530) ParOldGen: 320759K(321024K)->320767K(321024K)
[554.559s][info][gc,metaspace   ] GC(1530) Metaspace: 35433K(36224K)->35433K(36224K) NonClass: 26222K(26816K)->26222K(26816K) Class: 9211K(9408K)->9211K(9408K)
[554.559s][info][gc             ] GC(1530) Pause Young (Allocation Failure) 547M->313M(547M) 1.087ms
[554.559s][info][gc,cpu         ] GC(1530) User=0.00s Sys=0.00s Real=0.00s
[555.061s][info][gc,start       ] GC(1531) Pause Young (Allocation Failure)
[555.063s][info][gc,heap        ] GC(1531) PSYoungGen: 230976K(239616K)->64K(222720K) Eden: 230912K(230912K)->0K(222208K) From: 64K(8704K)->64K(512K)
[555.063s][info][gc,heap        ] GC(1531) ParOldGen: 320767K(321024K)->320775K(321024K)
[555.063s][info][gc,metaspace   ] GC(1531) Metaspace: 35433K(36224K)->35433K(36224K) NonClass: 26222K(26816K)->26222K(26816K) Class: 9211K(9408K)->9211K(9408K)
[555.063s][info][gc             ] GC(1531) Pause Young (Allocation Failure) 538M->313M(531M) 1.770ms
[555.063s][info][gc,cpu         ] GC(1531) User=0.01s Sys=0.01s Real=0.01s
[555.289s][info][gc,start       ] GC(1532) Pause Young (Allocation Failure)
[555.290s][info][gc,heap        ] GC(1532) PSYoungGen: 222272K(222720K)->64K(221184K) Eden: 222208K(222208K)->0K(214016K) From: 64K(512K)->64K(7168K)
[555.290s][info][gc,heap        ] GC(1532) ParOldGen: 320775K(321024K)->320783K(321024K)
[555.290s][info][gc,metaspace   ] GC(1532) Metaspace: 35433K(36224K)->35433K(36224K) NonClass: 26222K(26816K)->26222K(26816K) Class: 9211K(9408K)->9211K(9408K)
[555.290s][info][gc             ] GC(1532) Pause Young (Allocation Failure) 530M->313M(529M) 0.990ms
[555.290s][info][gc,cpu         ] GC(1532) User=0.00s Sys=0.00s Real=0.00s
[555.564s][info][gc,start       ] GC(1533) Pause Young (Allocation Failure)
[555.601s][info][gc,heap        ] GC(1533) PSYoungGen: 214080K(221184K)->6656K(262656K) Eden: 214016K(214016K)->0K(256000K) From: 64K(7168K)->6656K(6656K)
[555.601s][info][gc,heap        ] GC(1533) ParOldGen: 320783K(321024K)->334223K(334336K)
[555.601s][info][gc,metaspace   ] GC(1533) Metaspace: 35433K(36224K)->35433K(36224K) NonClass: 26222K(26816K)->26222K(26816K) Class: 9211K(9408K)->9211K(9408K)
[555.601s][info][gc             ] GC(1533) Pause Young (Allocation Failure) 522M->332M(583M) 37.125ms
[555.601s][info][gc,cpu         ] GC(1533) User=0.07s Sys=0.01s Real=0.03s
[555.898s][info][gc,start       ] GC(1534) Pause Young (Allocation Failure)
[555.953s][info][gc,heap        ] GC(1534) PSYoungGen: 262656K(262656K)->13312K(269312K) Eden: 256000K(256000K)->0K(256000K) From: 6656K(6656K)->13312K(13312K)
[555.953s][info][gc,heap        ] GC(1534) ParOldGen: 334223K(334336K)->350159K(350208K)
[555.953s][info][gc,metaspace   ] GC(1534) Metaspace: 35433K(36224K)->35433K(36224K) NonClass: 26222K(26816K)->26222K(26816K) Class: 9211K(9408K)->9211K(9408K)
[555.953s][info][gc             ] GC(1534) Pause Young (Allocation Failure) 582M->354M(605M) 55.619ms
[555.953s][info][gc,cpu         ] GC(1534) User=0.10s Sys=0.01s Real=0.06s
[556.127s][info][gc,start       ] GC(1535) Pause Young (Allocation Failure)
[556.158s][info][gc,heap        ] GC(1535) PSYoungGen: 269312K(269312K)->13696K(308736K) Eden: 256000K(256000K)->0K(286720K) From: 13312K(13312K)->13696K(22016K)
[556.158s][info][gc,heap        ] GC(1535) ParOldGen: 350159K(350208K)->350591K(350720K)
[556.158s][info][gc,metaspace   ] GC(1535) Metaspace: 35433K(36224K)->35433K(36224K) NonClass: 26222K(26816K)->26222K(26816K) Class: 9211K(9408K)->9211K(9408K)
[556.158s][info][gc             ] GC(1535) Pause Young (Allocation Failure) 604M->355M(644M) 30.971ms
[556.158s][info][gc,cpu         ] GC(1535) User=0.05s Sys=0.01s Real=0.03s
[556.539s][info][gc,start       ] GC(1536) Pause Young (Allocation Failure)
[556.540s][info][gc,heap        ] GC(1536) PSYoungGen: 300416K(308736K)->64K(310272K) Eden: 286720K(286720K)->0K(286720K) From: 13696K(22016K)->64K(23552K)
[556.540s][info][gc,heap        ] GC(1536) ParOldGen: 350591K(350720K)->350599K(350720K)
[556.540s][info][gc,metaspace   ] GC(1536) Metaspace: 35433K(36224K)->35433K(36224K) NonClass: 26222K(26816K)->26222K(26816K) Class: 9211K(9408K)->9211K(9408K)
[556.540s][info][gc             ] GC(1536) Pause Young (Allocation Failure) 635M->342M(645M) 1.319ms
[556.540s][info][gc,cpu         ] GC(1536) User=0.00s Sys=0.00s Real=0.00s
[557.109s][info][gc,start       ] GC(1537) Pause Young (Allocation Failure)
[557.110s][info][gc,heap        ] GC(1537) PSYoungGen: 286784K(310272K)->64K(307712K) Eden: 286720K(286720K)->0K(287232K) From: 64K(23552K)->64K(20480K)
[557.110s][info][gc,heap        ] GC(1537) ParOldGen: 350599K(350720K)->350607K(350720K)
[557.110s][info][gc,metaspace   ] GC(1537) Metaspace: 35433K(36224K)->35433K(36224K) NonClass: 26222K(26816K)->26222K(26816K) Class: 9211K(9408K)->9211K(9408K)
[557.110s][info][gc             ] GC(1537) Pause Young (Allocation Failure) 622M->342M(643M) 1.414ms
[557.110s][info][gc,cpu         ] GC(1537) User=0.00s Sys=0.00s Real=0.00s
[557.531s][info][gc,start       ] GC(1538) Pause Young (Allocation Failure)
[557.533s][info][gc,heap        ] GC(1538) PSYoungGen: 287296K(307712K)->64K(309248K) Eden: 287232K(287232K)->0K(287232K) From: 64K(20480K)->64K(22016K)
[557.533s][info][gc,heap        ] GC(1538) ParOldGen: 350607K(350720K)->350623K(350720K)
[557.533s][info][gc,metaspace   ] GC(1538) Metaspace: 35433K(36224K)->35433K(36224K) NonClass: 26222K(26816K)->26222K(26816K) Class: 9211K(9408K)->9211K(9408K)
[557.533s][info][gc             ] GC(1538) Pause Young (Allocation Failure) 622M->342M(644M) 1.277ms
[557.533s][info][gc,cpu         ] GC(1538) User=0.00s Sys=0.00s Real=0.01s
[557.737s][info][gc,start       ] GC(1539) Pause Young (Allocation Failure)
[557.738s][info][gc,heap        ] GC(1539) PSYoungGen: 287296K(309248K)->64K(309248K) Eden: 287232K(287232K)->0K(290304K) From: 64K(22016K)->64K(18944K)
[557.738s][info][gc,heap        ] GC(1539) ParOldGen: 350623K(350720K)->350639K(350720K)
[557.738s][info][gc,metaspace   ] GC(1539) Metaspace: 35433K(36224K)->35433K(36224K) NonClass: 26222K(26816K)->26222K(26816K) Class: 9211K(9408K)->9211K(9408K)
[557.738s][info][gc             ] GC(1539) Pause Young (Allocation Failure) 622M->342M(644M) 1.279ms
[557.738s][info][gc,cpu         ] GC(1539) User=0.00s Sys=0.00s Real=0.00s
[557.947s][info][gc,start       ] GC(1540) Pause Young (Allocation Failure)
[557.949s][info][gc,heap        ] GC(1540) PSYoungGen: 290368K(309248K)->64K(310784K) Eden: 290304K(290304K)->0K(290304K) From: 64K(18944K)->64K(20480K)
[557.949s][info][gc,heap        ] GC(1540) ParOldGen: 350639K(350720K)->350639K(350720K)
[557.949s][info][gc,metaspace   ] GC(1540) Metaspace: 35433K(36224K)->35433K(36224K) NonClass: 26222K(26816K)->26222K(26816K) Class: 9211K(9408K)->9211K(9408K)
[557.949s][info][gc             ] GC(1540) Pause Young (Allocation Failure) 625M->342M(646M) 1.338ms
[557.949s][info][gc,cpu         ] GC(1540) User=0.00s Sys=0.00s Real=0.00s
[558.229s][info][gc,start       ] GC(1541) Pause Young (Allocation Failure)
[558.230s][info][gc,heap        ] GC(1541) PSYoungGen: 290368K(310784K)->64K(310784K) Eden: 290304K(290304K)->0K(293888K) From: 64K(20480K)->64K(16896K)
[558.230s][info][gc,heap        ] GC(1541) ParOldGen: 350639K(350720K)->350639K(350720K)
[558.230s][info][gc,metaspace   ] GC(1541) Metaspace: 35433K(36224K)->35433K(36224K) NonClass: 26222K(26816K)->26222K(26816K) Class: 9211K(9408K)->9211K(9408K)
[558.230s][info][gc             ] GC(1541) Pause Young (Allocation Failure) 625M->342M(646M) 1.207ms
[558.230s][info][gc,cpu         ] GC(1541) User=0.00s Sys=0.00s Real=0.00s
[558.283s][info][gc,start       ] GC(1542) Pause Young (Allocation Failure)
[558.284s][info][gc,heap        ] GC(1542) PSYoungGen: 293952K(310784K)->64K(312320K) Eden: 293888K(293888K)->0K(293888K) From: 64K(16896K)->64K(18432K)
[558.284s][info][gc,heap        ] GC(1542) ParOldGen: 350639K(350720K)->350655K(350720K)
[558.284s][info][gc,metaspace   ] GC(1542) Metaspace: 35433K(36224K)->35433K(36224K) NonClass: 26222K(26816K)->26222K(26816K) Class: 9211K(9408K)->9211K(9408K)
[558.284s][info][gc             ] GC(1542) Pause Young (Allocation Failure) 629M->342M(647M) 1.408ms
[558.284s][info][gc,cpu         ] GC(1542) User=0.00s Sys=0.00s Real=0.00s
[558.370s][info][gc,start       ] GC(1543) Pause Young (Allocation Failure)
[558.371s][info][gc,heap        ] GC(1543) PSYoungGen: 293952K(312320K)->64K(313856K) Eden: 293888K(293888K)->0K(297984K) From: 64K(18432K)->64K(15872K)
[558.371s][info][gc,heap        ] GC(1543) ParOldGen: 350655K(350720K)->350655K(350720K)
[558.371s][info][gc,metaspace   ] GC(1543) Metaspace: 35433K(36224K)->35433K(36224K) NonClass: 26222K(26816K)->26222K(26816K) Class: 9211K(9408K)->9211K(9408K)
[558.371s][info][gc             ] GC(1543) Pause Young (Allocation Failure) 629M->342M(649M) 1.127ms
[558.371s][info][gc,cpu         ] GC(1543) User=0.00s Sys=0.00s Real=0.00s
[558.594s][info][gc,start       ] GC(1544) Pause Young (Allocation Failure)
[558.595s][info][gc,heap        ] GC(1544) PSYoungGen: 298048K(313856K)->64K(314880K) Eden: 297984K(297984K)->0K(297984K) From: 64K(15872K)->64K(16896K)
[558.595s][info][gc,heap        ] GC(1544) ParOldGen: 350655K(350720K)->350671K(350720K)
[558.595s][info][gc,metaspace   ] GC(1544) Metaspace: 35433K(36224K)->35433K(36224K) NonClass: 26222K(26816K)->26222K(26816K) Class: 9211K(9408K)->9211K(9408K)
[558.596s][info][gc             ] GC(1544) Pause Young (Allocation Failure) 633M->342M(650M) 1.243ms
[558.596s][info][gc,cpu         ] GC(1544) User=0.00s Sys=0.00s Real=0.00s
[558.775s][info][gc,start       ] GC(1545) Pause Young (Allocation Failure)
[558.776s][info][gc,heap        ] GC(1545) PSYoungGen: 298048K(314880K)->64K(314880K) Eden: 297984K(297984K)->0K(301056K) From: 64K(16896K)->64K(13824K)
[558.776s][info][gc,heap        ] GC(1545) ParOldGen: 350671K(350720K)->350671K(350720K)
[558.776s][info][gc,metaspace   ] GC(1545) Metaspace: 35433K(36224K)->35433K(36224K) NonClass: 26222K(26816K)->26222K(26816K) Class: 9211K(9408K)->9211K(9408K)
[558.776s][info][gc             ] GC(1545) Pause Young (Allocation Failure) 633M->342M(650M) 1.205ms
[558.776s][info][gc,cpu         ] GC(1545) User=0.00s Sys=0.00s Real=0.00s
[558.859s][info][gc,start       ] GC(1546) Pause Young (Allocation Failure)
[558.860s][info][gc,heap        ] GC(1546) PSYoungGen: 301120K(314880K)->64K(315904K) Eden: 301056K(301056K)->0K(301056K) From: 64K(13824K)->64K(14848K)
[558.860s][info][gc,heap        ] GC(1546) ParOldGen: 350671K(350720K)->350687K(350720K)
[558.860s][info][gc,metaspace   ] GC(1546) Metaspace: 35433K(36224K)->35433K(36224K) NonClass: 26222K(26816K)->26222K(26816K) Class: 9211K(9408K)->9211K(9408K)
[558.860s][info][gc             ] GC(1546) Pause Young (Allocation Failure) 636M->342M(651M) 1.526ms
[558.860s][info][gc,cpu         ] GC(1546) User=0.00s Sys=0.00s Real=0.00s
[559.016s][info][gc,start       ] GC(1547) Pause Young (Allocation Failure)
[559.018s][info][gc,heap        ] GC(1547) PSYoungGen: 301120K(315904K)->64K(317952K) Eden: 301056K(301056K)->0K(305152K) From: 64K(14848K)->64K(12800K)
[559.018s][info][gc,heap        ] GC(1547) ParOldGen: 350687K(350720K)->350687K(350720K)
[559.018s][info][gc,metaspace   ] GC(1547) Metaspace: 35433K(36224K)->35433K(36224K) NonClass: 26222K(26816K)->26222K(26816K) Class: 9211K(9408K)->9211K(9408K)
[559.018s][info][gc             ] GC(1547) Pause Young (Allocation Failure) 636M->342M(653M) 1.261ms
[559.018s][info][gc,cpu         ] GC(1547) User=0.00s Sys=0.00s Real=0.00s
[559.950s][info][gc,start       ] GC(1548) Pause Young (Allocation Failure)
[559.952s][info][gc,heap        ] GC(1548) PSYoungGen: 305216K(317952K)->64K(318464K) Eden: 305152K(305152K)->0K(305152K) From: 64K(12800K)->64K(13312K)
[559.952s][info][gc,heap        ] GC(1548) ParOldGen: 350687K(350720K)->350695K(350720K)
[559.952s][info][gc,metaspace   ] GC(1548) Metaspace: 35433K(36224K)->35433K(36224K) NonClass: 26222K(26816K)->26222K(26816K) Class: 9211K(9408K)->9211K(9408K)
[559.952s][info][gc             ] GC(1548) Pause Young (Allocation Failure) 640M->342M(653M) 1.304ms
[559.952s][info][gc,cpu         ] GC(1548) User=0.00s Sys=0.00s Real=0.00s
[560.792s][info][gc,start       ] GC(1549) Pause Young (Allocation Failure)
[560.794s][info][gc,heap        ] GC(1549) PSYoungGen: 305216K(318464K)->64K(293376K) Eden: 305152K(305152K)->0K(292864K) From: 64K(13312K)->64K(512K)
[560.794s][info][gc,heap        ] GC(1549) ParOldGen: 350695K(350720K)->350703K(350720K)
[560.794s][info][gc,metaspace   ] GC(1549) Metaspace: 35433K(36224K)->35433K(36224K) NonClass: 26222K(26816K)->26222K(26816K) Class: 9211K(9408K)->9211K(9408K)
[560.794s][info][gc             ] GC(1549) Pause Young (Allocation Failure) 640M->342M(629M) 1.509ms
[560.794s][info][gc,cpu         ] GC(1549) User=0.00s Sys=0.00s Real=0.00s
[561.167s][info][gc,start       ] GC(1550) Pause Young (Allocation Failure)
[561.168s][info][gc,heap        ] GC(1550) PSYoungGen: 292928K(293376K)->64K(292352K) Eden: 292864K(292864K)->0K(281088K) From: 64K(512K)->64K(11264K)
[561.168s][info][gc,heap        ] GC(1550) ParOldGen: 350703K(350720K)->350711K(350720K)
[561.168s][info][gc,metaspace   ] GC(1550) Metaspace: 35433K(36224K)->35433K(36224K) NonClass: 26222K(26816K)->26222K(26816K) Class: 9211K(9408K)->9211K(9408K)
[561.168s][info][gc             ] GC(1550) Pause Young (Allocation Failure) 628M->342M(628M) 1.205ms
[561.168s][info][gc,cpu         ] GC(1550) User=0.00s Sys=0.00s Real=0.00s
[562.231s][info][gc,start       ] GC(1551) Pause Young (Allocation Failure)
[562.233s][info][gc,heap        ] GC(1551) PSYoungGen: 281152K(292352K)->64K(270336K) Eden: 281088K(281088K)->0K(269824K) From: 64K(11264K)->64K(512K)
[562.233s][info][gc,heap        ] GC(1551) ParOldGen: 350711K(350720K)->350719K(350720K)
[562.233s][info][gc,metaspace   ] GC(1551) Metaspace: 35433K(36224K)->35433K(36224K) NonClass: 26222K(26816K)->26222K(26816K) Class: 9211K(9408K)->9211K(9408K)
[562.233s][info][gc             ] GC(1551) Pause Young (Allocation Failure) 617M->342M(606M) 1.959ms
[562.233s][info][gc,cpu         ] GC(1551) User=0.00s Sys=0.00s Real=0.01s
[562.637s][info][gc,start       ] GC(1552) Pause Young (Allocation Failure)
[562.638s][info][gc,heap        ] GC(1552) PSYoungGen: 269888K(270336K)->64K(269312K) Eden: 269824K(269824K)->0K(259072K) From: 64K(512K)->64K(10240K)
[562.638s][info][gc,heap        ] GC(1552) ParOldGen: 350719K(350720K)->350735K(351232K)
[562.638s][info][gc,metaspace   ] GC(1552) Metaspace: 35433K(36224K)->35433K(36224K) NonClass: 26222K(26816K)->26222K(26816K) Class: 9211K(9408K)->9211K(9408K)
[562.638s][info][gc             ] GC(1552) Pause Young (Allocation Failure) 606M->342M(606M) 1.192ms
[562.638s][info][gc,cpu         ] GC(1552) User=0.00s Sys=0.00s Real=0.00s
[562.827s][info][gc,start       ] GC(1553) Pause Young (Allocation Failure)
[562.828s][info][gc,heap        ] GC(1553) PSYoungGen: 259136K(269312K)->64K(249344K) Eden: 259072K(259072K)->0K(248832K) From: 64K(10240K)->64K(512K)
[562.828s][info][gc,heap        ] GC(1553) ParOldGen: 350735K(351232K)->350743K(351232K)
[562.828s][info][gc,metaspace   ] GC(1553) Metaspace: 35433K(36224K)->35433K(36224K) NonClass: 26222K(26816K)->26222K(26816K) Class: 9211K(9408K)->9211K(9408K)
[562.828s][info][gc             ] GC(1553) Pause Young (Allocation Failure) 595M->342M(586M) 1.367ms
[562.828s][info][gc,cpu         ] GC(1553) User=0.01s Sys=0.00s Real=0.00s
[563.023s][info][gc,start       ] GC(1554) Pause Young (Allocation Failure)
[563.024s][info][gc,heap        ] GC(1554) PSYoungGen: 248896K(249344K)->64K(247808K) Eden: 248832K(248832K)->0K(239104K) From: 64K(512K)->64K(8704K)
[563.024s][info][gc,heap        ] GC(1554) ParOldGen: 350743K(351232K)->350751K(351232K)
[563.024s][info][gc,metaspace   ] GC(1554) Metaspace: 35433K(36224K)->35433K(36224K) NonClass: 26222K(26816K)->26222K(26816K) Class: 9211K(9408K)->9211K(9408K)
[563.024s][info][gc             ] GC(1554) Pause Young (Allocation Failure) 585M->342M(585M) 1.167ms
[563.024s][info][gc,cpu         ] GC(1554) User=0.00s Sys=0.00s Real=0.00s
[563.507s][info][gc,start       ] GC(1555) Pause Young (Allocation Failure)
[563.508s][info][gc,heap        ] GC(1555) PSYoungGen: 239168K(247808K)->64K(230400K) Eden: 239104K(239104K)->0K(229888K) From: 64K(8704K)->64K(512K)
[563.508s][info][gc,heap        ] GC(1555) ParOldGen: 350751K(351232K)->350759K(351232K)
[563.508s][info][gc,metaspace   ] GC(1555) Metaspace: 35433K(36224K)->35433K(36224K) NonClass: 26222K(26816K)->26222K(26816K) Class: 9211K(9408K)->9211K(9408K)
[563.508s][info][gc             ] GC(1555) Pause Young (Allocation Failure) 576M->342M(568M) 1.619ms
[563.508s][info][gc,cpu         ] GC(1555) User=0.00s Sys=0.00s Real=0.00s
[563.781s][info][gc,start       ] GC(1556) Pause Young (Allocation Failure)
[563.782s][info][gc,heap        ] GC(1556) PSYoungGen: 229952K(230400K)->64K(228864K) Eden: 229888K(229888K)->0K(221184K) From: 64K(512K)->64K(7680K)
[563.782s][info][gc,heap        ] GC(1556) ParOldGen: 350759K(351232K)->350767K(351232K)
[563.782s][info][gc,metaspace   ] GC(1556) Metaspace: 35433K(36224K)->35433K(36224K) NonClass: 26222K(26816K)->26222K(26816K) Class: 9211K(9408K)->9211K(9408K)
[563.782s][info][gc             ] GC(1556) Pause Young (Allocation Failure) 567M->342M(566M) 1.086ms
[563.782s][info][gc,cpu         ] GC(1556) User=0.01s Sys=0.00s Real=0.00s
[564.041s][info][gc,start       ] GC(1557) Pause Young (Allocation Failure)
[564.088s][info][gc,heap        ] GC(1557) PSYoungGen: 221248K(228864K)->7168K(272384K) Eden: 221184K(221184K)->0K(265216K) From: 64K(7680K)->7168K(7168K)
[564.088s][info][gc,heap        ] GC(1557) ParOldGen: 350767K(351232K)->367471K(367616K)
[564.088s][info][gc,metaspace   ] GC(1557) Metaspace: 35433K(36224K)->35433K(36224K) NonClass: 26222K(26816K)->26222K(26816K) Class: 9211K(9408K)->9211K(9408K)
[564.088s][info][gc             ] GC(1557) Pause Young (Allocation Failure) 558M->365M(625M) 46.941ms
[564.088s][info][gc,cpu         ] GC(1557) User=0.08s Sys=0.01s Real=0.05s
[564.390s][info][gc,start       ] GC(1558) Pause Young (Allocation Failure)
[564.447s][info][gc,heap        ] GC(1558) PSYoungGen: 272384K(272384K)->14848K(280064K) Eden: 265216K(265216K)->0K(265216K) From: 7168K(7168K)->14848K(14848K)
[564.447s][info][gc,heap        ] GC(1558) ParOldGen: 367471K(367616K)->382991K(383488K)
[564.447s][info][gc,metaspace   ] GC(1558) Metaspace: 35433K(36224K)->35433K(36224K) NonClass: 26222K(26816K)->26222K(26816K) Class: 9211K(9408K)->9211K(9408K)
[564.447s][info][gc             ] GC(1558) Pause Young (Allocation Failure) 624M->388M(648M) 56.993ms
[564.447s][info][gc,cpu         ] GC(1558) User=0.10s Sys=0.01s Real=0.06s
[564.585s][info][gc,start       ] GC(1559) Pause Young (Allocation Failure)
[564.607s][info][gc,heap        ] GC(1559) PSYoungGen: 280064K(280064K)->8896K(310272K) Eden: 265216K(265216K)->0K(286208K) From: 14848K(14848K)->8896K(24064K)
[564.607s][info][gc,heap        ] GC(1559) ParOldGen: 382991K(383488K)->383407K(383488K)
[564.607s][info][gc,metaspace   ] GC(1559) Metaspace: 35433K(36224K)->35433K(36224K) NonClass: 26222K(26816K)->26222K(26816K) Class: 9211K(9408K)->9211K(9408K)
[564.607s][info][gc             ] GC(1559) Pause Young (Allocation Failure) 647M->383M(677M) 22.022ms
[564.607s][info][gc,cpu         ] GC(1559) User=0.04s Sys=0.01s Real=0.02s
[565.094s][info][gc,start       ] GC(1560) Pause Young (Allocation Failure)
[565.095s][info][gc,heap        ] GC(1560) PSYoungGen: 295104K(310272K)->64K(286720K) Eden: 286208K(286208K)->0K(286208K) From: 8896K(24064K)->64K(512K)
[565.095s][info][gc,heap        ] GC(1560) ParOldGen: 383407K(383488K)->383415K(383488K)
[565.095s][info][gc,metaspace   ] GC(1560) Metaspace: 35433K(36224K)->35433K(36224K) NonClass: 26222K(26816K)->26222K(26816K) Class: 9211K(9408K)->9211K(9408K)
[565.095s][info][gc             ] GC(1560) Pause Young (Allocation Failure) 662M->374M(654M) 1.365ms
[565.095s][info][gc,cpu         ] GC(1560) User=0.00s Sys=0.00s Real=0.00s
[565.581s][info][gc,start       ] GC(1561) Pause Young (Allocation Failure)
[565.583s][info][gc,heap        ] GC(1561) PSYoungGen: 286272K(286720K)->64K(309248K) Eden: 286208K(286208K)->0K(286720K) From: 64K(512K)->64K(22528K)
[565.583s][info][gc,heap        ] GC(1561) ParOldGen: 383415K(383488K)->383423K(383488K)
[565.583s][info][gc,metaspace   ] GC(1561) Metaspace: 35433K(36224K)->35433K(36224K) NonClass: 26222K(26816K)->26222K(26816K) Class: 9211K(9408K)->9211K(9408K)
[565.583s][info][gc             ] GC(1561) Pause Young (Allocation Failure) 653M->374M(676M) 1.286ms
[565.583s][info][gc,cpu         ] GC(1561) User=0.00s Sys=0.00s Real=0.01s
[565.997s][info][gc,start       ] GC(1562) Pause Young (Allocation Failure)
[565.998s][info][gc,heap        ] GC(1562) PSYoungGen: 286784K(309248K)->64K(308736K) Eden: 286720K(286720K)->0K(286720K) From: 64K(22528K)->64K(22016K)
[565.998s][info][gc,heap        ] GC(1562) ParOldGen: 383423K(383488K)->383439K(383488K)
[565.998s][info][gc,metaspace   ] GC(1562) Metaspace: 35433K(36224K)->35433K(36224K) NonClass: 26222K(26816K)->26222K(26816K) Class: 9211K(9408K)->9211K(9408K)
[565.998s][info][gc             ] GC(1562) Pause Young (Allocation Failure) 654M->374M(676M) 1.293ms
[565.998s][info][gc,cpu         ] GC(1562) User=0.00s Sys=0.00s Real=0.00s
[566.201s][info][gc,start       ] GC(1563) Pause Young (Allocation Failure)
[566.202s][info][gc,heap        ] GC(1563) PSYoungGen: 286784K(308736K)->32K(310784K) Eden: 286720K(286720K)->0K(290304K) From: 64K(22016K)->32K(20480K)
[566.202s][info][gc,heap        ] GC(1563) ParOldGen: 383439K(383488K)->383455K(383488K)
[566.202s][info][gc,metaspace   ] GC(1563) Metaspace: 35433K(36224K)->35433K(36224K) NonClass: 26222K(26816K)->26222K(26816K) Class: 9211K(9408K)->9211K(9408K)
[566.202s][info][gc             ] GC(1563) Pause Young (Allocation Failure) 654M->374M(678M) 1.198ms
[566.202s][info][gc,cpu         ] GC(1563) User=0.00s Sys=0.00s Real=0.01s
[566.513s][info][gc,start       ] GC(1564) Pause Young (Allocation Failure)
[566.514s][info][gc,heap        ] GC(1564) PSYoungGen: 290336K(310784K)->64K(310272K) Eden: 290304K(290304K)->0K(290304K) From: 32K(20480K)->64K(19968K)
[566.514s][info][gc,heap        ] GC(1564) ParOldGen: 383455K(383488K)->383455K(383488K)
[566.514s][info][gc,metaspace   ] GC(1564) Metaspace: 35433K(36224K)->35433K(36224K) NonClass: 26222K(26816K)->26222K(26816K) Class: 9211K(9408K)->9211K(9408K)
[566.514s][info][gc             ] GC(1564) Pause Young (Allocation Failure) 657M->374M(677M) 1.300ms
[566.514s][info][gc,cpu         ] GC(1564) User=0.00s Sys=0.00s Real=0.00s
[566.662s][info][gc,start       ] GC(1565) Pause Young (Allocation Failure)
[566.663s][info][gc,heap        ] GC(1565) PSYoungGen: 290368K(310272K)->64K(312832K) Eden: 290304K(290304K)->0K(294400K) From: 64K(19968K)->64K(18432K)
[566.663s][info][gc,heap        ] GC(1565) ParOldGen: 383455K(383488K)->383463K(383488K)
[566.663s][info][gc,metaspace   ] GC(1565) Metaspace: 35433K(36224K)->35433K(36224K) NonClass: 26222K(26816K)->26222K(26816K) Class: 9211K(9408K)->9211K(9408K)
[566.663s][info][gc             ] GC(1565) Pause Young (Allocation Failure) 658M->374M(680M) 1.213ms
[566.663s][info][gc,cpu         ] GC(1565) User=0.00s Sys=0.00s Real=0.00s
[566.714s][info][gc,start       ] GC(1566) Pause Young (Allocation Failure)
[566.715s][info][gc,heap        ] GC(1566) PSYoungGen: 294464K(312832K)->64K(312832K) Eden: 294400K(294400K)->0K(294400K) From: 64K(18432K)->64K(18432K)
[566.715s][info][gc,heap        ] GC(1566) ParOldGen: 383463K(383488K)->383479K(383488K)
[566.715s][info][gc,metaspace   ] GC(1566) Metaspace: 35433K(36224K)->35433K(36224K) NonClass: 26222K(26816K)->26222K(26816K) Class: 9211K(9408K)->9211K(9408K)
[566.715s][info][gc             ] GC(1566) Pause Young (Allocation Failure) 662M->374M(680M) 1.158ms
[566.715s][info][gc,cpu         ] GC(1566) User=0.00s Sys=0.00s Real=0.00s
[566.830s][info][gc,start       ] GC(1567) Pause Young (Allocation Failure)
[566.831s][info][gc,heap        ] GC(1567) PSYoungGen: 294464K(312832K)->64K(314368K) Eden: 294400K(294400K)->0K(297984K) From: 64K(18432K)->64K(16384K)
[566.831s][info][gc,heap        ] GC(1567) ParOldGen: 383479K(383488K)->383479K(383488K)
[566.831s][info][gc,metaspace   ] GC(1567) Metaspace: 35433K(36224K)->35433K(36224K) NonClass: 26222K(26816K)->26222K(26816K) Class: 9211K(9408K)->9211K(9408K)
[566.831s][info][gc             ] GC(1567) Pause Young (Allocation Failure) 662M->374M(681M) 1.155ms
[566.831s][info][gc,cpu         ] GC(1567) User=0.00s Sys=0.00s Real=0.00s
[567.053s][info][gc,start       ] GC(1568) Pause Young (Allocation Failure)
[567.054s][info][gc,heap        ] GC(1568) PSYoungGen: 298048K(314368K)->64K(314368K) Eden: 297984K(297984K)->0K(297984K) From: 64K(16384K)->64K(16384K)
[567.054s][info][gc,heap        ] GC(1568) ParOldGen: 383479K(383488K)->383487K(383488K)
[567.054s][info][gc,metaspace   ] GC(1568) Metaspace: 35433K(36224K)->35433K(36224K) NonClass: 26222K(26816K)->26222K(26816K) Class: 9211K(9408K)->9211K(9408K)
[567.054s][info][gc             ] GC(1568) Pause Young (Allocation Failure) 665M->374M(681M) 1.228ms
[567.054s][info][gc,cpu         ] GC(1568) User=0.00s Sys=0.00s Real=0.00s
[567.210s][info][gc,start       ] GC(1569) Pause Young (Allocation Failure)
[567.211s][info][gc,heap        ] GC(1569) PSYoungGen: 298048K(314368K)->64K(316928K) Eden: 297984K(297984K)->0K(301568K) From: 64K(16384K)->64K(15360K)
[567.211s][info][gc,heap        ] GC(1569) ParOldGen: 383487K(383488K)->383495K(384000K)
[567.211s][info][gc,metaspace   ] GC(1569) Metaspace: 35434K(36224K)->35434K(36224K) NonClass: 26223K(26816K)->26223K(26816K) Class: 9211K(9408K)->9211K(9408K)
[567.211s][info][gc             ] GC(1569) Pause Young (Allocation Failure) 665M->374M(684M) 1.276ms
[567.211s][info][gc,cpu         ] GC(1569) User=0.00s Sys=0.00s Real=0.00s
[567.296s][info][gc,start       ] GC(1570) Pause Young (Allocation Failure)
[567.298s][info][gc,heap        ] GC(1570) PSYoungGen: 301632K(316928K)->64K(316416K) Eden: 301568K(301568K)->0K(301568K) From: 64K(15360K)->64K(14848K)
[567.298s][info][gc,heap        ] GC(1570) ParOldGen: 383495K(384000K)->383503K(384000K)
[567.298s][info][gc,metaspace   ] GC(1570) Metaspace: 35434K(36224K)->35434K(36224K) NonClass: 26223K(26816K)->26223K(26816K) Class: 9211K(9408K)->9211K(9408K)
[567.298s][info][gc             ] GC(1570) Pause Young (Allocation Failure) 669M->374M(684M) 1.238ms
[567.298s][info][gc,cpu         ] GC(1570) User=0.00s Sys=0.00s Real=0.00s
[567.470s][info][gc,start       ] GC(1571) Pause Young (Allocation Failure)
[567.472s][info][gc,heap        ] GC(1571) PSYoungGen: 301632K(316416K)->64K(317952K) Eden: 301568K(301568K)->0K(304640K) From: 64K(14848K)->64K(13312K)
[567.472s][info][gc,heap        ] GC(1571) ParOldGen: 383503K(384000K)->383511K(384000K)
[567.472s][info][gc,metaspace   ] GC(1571) Metaspace: 35434K(36224K)->35434K(36224K) NonClass: 26223K(26816K)->26223K(26816K) Class: 9211K(9408K)->9211K(9408K)
[567.472s][info][gc             ] GC(1571) Pause Young (Allocation Failure) 669M->374M(685M) 1.236ms
[567.472s][info][gc,cpu         ] GC(1571) User=0.00s Sys=0.00s Real=0.00s
[568.381s][info][gc,start       ] GC(1572) Pause Young (Allocation Failure)
[568.383s][info][gc,heap        ] GC(1572) PSYoungGen: 304704K(317952K)->83K(292864K) Eden: 304640K(304640K)->0K(292352K) From: 64K(13312K)->83K(512K)
[568.383s][info][gc,heap        ] GC(1572) ParOldGen: 383511K(384000K)->383519K(384000K)
[568.383s][info][gc,metaspace   ] GC(1572) Metaspace: 35434K(36224K)->35434K(36224K) NonClass: 26223K(26816K)->26223K(26816K) Class: 9211K(9408K)->9211K(9408K)
[568.383s][info][gc             ] GC(1572) Pause Young (Allocation Failure) 672M->374M(661M) 1.396ms
[568.383s][info][gc,cpu         ] GC(1572) User=0.00s Sys=0.00s Real=0.01s
[569.229s][info][gc,start       ] GC(1573) Pause Young (Allocation Failure)
[569.231s][info][gc,heap        ] GC(1573) PSYoungGen: 292435K(292864K)->64K(281088K) Eden: 292352K(292352K)->0K(280576K) From: 83K(512K)->64K(512K)
[569.231s][info][gc,heap        ] GC(1573) ParOldGen: 383519K(384000K)->383527K(384000K)
[569.231s][info][gc,metaspace   ] GC(1573) Metaspace: 35434K(36224K)->35434K(36224K) NonClass: 26223K(26816K)->26223K(26816K) Class: 9211K(9408K)->9211K(9408K)
[569.231s][info][gc             ] GC(1573) Pause Young (Allocation Failure) 660M->374M(649M) 1.854ms
[569.231s][info][gc,cpu         ] GC(1573) User=0.00s Sys=0.00s Real=0.00s
[569.636s][info][gc,start       ] GC(1574) Pause Young (Allocation Failure)
[569.638s][info][gc,heap        ] GC(1574) PSYoungGen: 280640K(281088K)->64K(280576K) Eden: 280576K(280576K)->0K(269312K) From: 64K(512K)->64K(11264K)
[569.638s][info][gc,heap        ] GC(1574) ParOldGen: 383527K(384000K)->383535K(384000K)
[569.638s][info][gc,metaspace   ] GC(1574) Metaspace: 35434K(36224K)->35434K(36224K) NonClass: 26223K(26816K)->26223K(26816K) Class: 9211K(9408K)->9211K(9408K)
[569.638s][info][gc             ] GC(1574) Pause Young (Allocation Failure) 648M->374M(649M) 1.329ms
[569.638s][info][gc,cpu         ] GC(1574) User=0.00s Sys=0.00s Real=0.00s
[570.659s][info][gc,start       ] GC(1575) Pause Young (Allocation Failure)
[570.661s][info][gc,heap        ] GC(1575) PSYoungGen: 269376K(280576K)->64K(259584K) Eden: 269312K(269312K)->0K(259072K) From: 64K(11264K)->64K(512K)
[570.661s][info][gc,heap        ] GC(1575) ParOldGen: 383535K(384000K)->383543K(384000K)
[570.661s][info][gc,metaspace   ] GC(1575) Metaspace: 35434K(36224K)->35434K(36224K) NonClass: 26223K(26816K)->26223K(26816K) Class: 9211K(9408K)->9211K(9408K)
[570.661s][info][gc             ] GC(1575) Pause Young (Allocation Failure) 637M->374M(628M) 1.943ms
[570.661s][info][gc,cpu         ] GC(1575) User=0.00s Sys=0.00s Real=0.00s
[571.059s][info][gc,start       ] GC(1576) Pause Young (Allocation Failure)
[571.060s][info][gc,heap        ] GC(1576) PSYoungGen: 259136K(259584K)->64K(258560K) Eden: 259072K(259072K)->0K(248832K) From: 64K(512K)->64K(9728K)
[571.060s][info][gc,heap        ] GC(1576) ParOldGen: 383543K(384000K)->383551K(384000K)
[571.060s][info][gc,metaspace   ] GC(1576) Metaspace: 35434K(36224K)->35434K(36224K) NonClass: 26223K(26816K)->26223K(26816K) Class: 9211K(9408K)->9211K(9408K)
[571.060s][info][gc             ] GC(1576) Pause Young (Allocation Failure) 627M->374M(627M) 1.263ms
[571.060s][info][gc,cpu         ] GC(1576) User=0.00s Sys=0.00s Real=0.00s
[571.243s][info][gc,start       ] GC(1577) Pause Young (Allocation Failure)
[571.244s][info][gc,heap        ] GC(1577) PSYoungGen: 248896K(258560K)->64K(239616K) Eden: 248832K(248832K)->0K(239104K) From: 64K(9728K)->64K(512K)
[571.244s][info][gc,heap        ] GC(1577) ParOldGen: 383551K(384000K)->383559K(384000K)
[571.244s][info][gc,metaspace   ] GC(1577) Metaspace: 35434K(36224K)->35434K(36224K) NonClass: 26223K(26816K)->26223K(26816K) Class: 9211K(9408K)->9211K(9408K)
[571.245s][info][gc             ] GC(1577) Pause Young (Allocation Failure) 617M->374M(609M) 1.714ms
[571.245s][info][gc,cpu         ] GC(1577) User=0.01s Sys=0.00s Real=0.00s
[571.397s][info][gc,start       ] GC(1578) Pause Young (Allocation Failure)
[571.398s][info][gc,heap        ] GC(1578) PSYoungGen: 239168K(239616K)->64K(238592K) Eden: 239104K(239104K)->0K(229888K) From: 64K(512K)->64K(8704K)
[571.398s][info][gc,heap        ] GC(1578) ParOldGen: 383559K(384000K)->383567K(384000K)
[571.398s][info][gc,metaspace   ] GC(1578) Metaspace: 35434K(36224K)->35434K(36224K) NonClass: 26223K(26816K)->26223K(26816K) Class: 9211K(9408K)->9211K(9408K)
[571.399s][info][gc             ] GC(1578) Pause Young (Allocation Failure) 608M->374M(608M) 1.158ms
[571.399s][info][gc,cpu         ] GC(1578) User=0.00s Sys=0.00s Real=0.00s
[571.919s][info][gc,start       ] GC(1579) Pause Young (Allocation Failure)
[571.921s][info][gc,heap        ] GC(1579) PSYoungGen: 229952K(238592K)->64K(221696K) Eden: 229888K(229888K)->0K(221184K) From: 64K(8704K)->64K(512K)
[571.921s][info][gc,heap        ] GC(1579) ParOldGen: 383567K(384000K)->383575K(384000K)
[571.921s][info][gc,metaspace   ] GC(1579) Metaspace: 35434K(36224K)->35434K(36224K) NonClass: 26223K(26816K)->26223K(26816K) Class: 9211K(9408K)->9211K(9408K)
[571.921s][info][gc             ] GC(1579) Pause Young (Allocation Failure) 599M->374M(591M) 2.035ms
[571.921s][info][gc,cpu         ] GC(1579) User=0.00s Sys=0.00s Real=0.00s
[572.139s][info][gc,start       ] GC(1580) Pause Young (Allocation Failure)
[572.140s][info][gc,heap        ] GC(1580) PSYoungGen: 221248K(221696K)->64K(220672K) Eden: 221184K(221184K)->0K(212992K) From: 64K(512K)->64K(7680K)
[572.140s][info][gc,heap        ] GC(1580) ParOldGen: 383575K(384000K)->383583K(384000K)
[572.140s][info][gc,metaspace   ] GC(1580) Metaspace: 35434K(36224K)->35434K(36224K) NonClass: 26223K(26816K)->26223K(26816K) Class: 9211K(9408K)->9211K(9408K)
[572.140s][info][gc             ] GC(1580) Pause Young (Allocation Failure) 590M->374M(590M) 1.211ms
[572.140s][info][gc,cpu         ] GC(1580) User=0.00s Sys=0.00s Real=0.00s
[572.417s][info][gc,start       ] GC(1581) Pause Young (Allocation Failure)
[572.452s][info][gc,heap        ] GC(1581) PSYoungGen: 213056K(220672K)->7168K(262144K) Eden: 212992K(212992K)->0K(254976K) From: 64K(7680K)->7168K(7168K)
[572.452s][info][gc,heap        ] GC(1581) ParOldGen: 383583K(384000K)->395495K(395776K)
[572.452s][info][gc,metaspace   ] GC(1581) Metaspace: 35434K(36224K)->35434K(36224K) NonClass: 26223K(26816K)->26223K(26816K) Class: 9211K(9408K)->9211K(9408K)
[572.452s][info][gc             ] GC(1581) Pause Young (Allocation Failure) 582M->393M(642M) 35.476ms
[572.452s][info][gc,cpu         ] GC(1581) User=0.06s Sys=0.01s Real=0.04s
[572.745s][info][gc,start       ] GC(1582) Pause Young (Allocation Failure)
[572.799s][info][gc,heap        ] GC(1582) PSYoungGen: 262144K(262144K)->13312K(268288K) Eden: 254976K(254976K)->0K(254976K) From: 7168K(7168K)->13312K(13312K)
[572.800s][info][gc,heap        ] GC(1582) ParOldGen: 395495K(395776K)->411271K(411648K)
[572.800s][info][gc,metaspace   ] GC(1582) Metaspace: 35434K(36224K)->35434K(36224K) NonClass: 26223K(26816K)->26223K(26816K) Class: 9211K(9408K)->9211K(9408K)
[572.800s][info][gc             ] GC(1582) Pause Young (Allocation Failure) 642M->414M(664M) 54.924ms
[572.800s][info][gc,cpu         ] GC(1582) User=0.10s Sys=0.01s Real=0.05s
[572.983s][info][gc,start       ] GC(1583) Pause Young (Allocation Failure)
[573.016s][info][gc,heap        ] GC(1583) PSYoungGen: 268288K(268288K)->14816K(307712K) Eden: 254976K(254976K)->0K(285696K) From: 13312K(13312K)->14816K(22016K)
[573.016s][info][gc,heap        ] GC(1583) ParOldGen: 411271K(411648K)->411703K(412160K)
[573.016s][info][gc,metaspace   ] GC(1583) Metaspace: 35434K(36224K)->35434K(36224K) NonClass: 26223K(26816K)->26223K(26816K) Class: 9211K(9408K)->9211K(9408K)
[573.016s][info][gc             ] GC(1583) Pause Young (Allocation Failure) 663M->416M(703M) 33.590ms
[573.016s][info][gc,cpu         ] GC(1583) User=0.06s Sys=0.01s Real=0.03s
[573.373s][info][gc,start       ] GC(1584) Pause Young (Allocation Failure)
[573.374s][info][gc,heap        ] GC(1584) PSYoungGen: 300512K(307712K)->64K(309760K) Eden: 285696K(285696K)->0K(285696K) From: 14816K(22016K)->64K(24064K)
[573.374s][info][gc,heap        ] GC(1584) ParOldGen: 411703K(412160K)->411711K(412160K)
[573.374s][info][gc,metaspace   ] GC(1584) Metaspace: 35434K(36224K)->35434K(36224K) NonClass: 26223K(26816K)->26223K(26816K) Class: 9211K(9408K)->9211K(9408K)
[573.374s][info][gc             ] GC(1584) Pause Young (Allocation Failure) 695M->402M(705M) 1.500ms
[573.374s][info][gc,cpu         ] GC(1584) User=0.00s Sys=0.00s Real=0.00s
[573.983s][info][gc,start       ] GC(1585) Pause Young (Allocation Failure)
[573.985s][info][gc,heap        ] GC(1585) PSYoungGen: 285760K(309760K)->128K(307712K) Eden: 285696K(285696K)->0K(286720K) From: 64K(24064K)->128K(20992K)
[573.986s][info][gc,heap        ] GC(1585) ParOldGen: 411711K(412160K)->411719K(412160K)
[573.986s][info][gc,metaspace   ] GC(1585) Metaspace: 35505K(36224K)->35505K(36224K) NonClass: 26293K(26816K)->26293K(26816K) Class: 9211K(9408K)->9211K(9408K)
[573.986s][info][gc             ] GC(1585) Pause Young (Allocation Failure) 681M->402M(703M) 2.721ms
[573.986s][info][gc,cpu         ] GC(1585) User=0.01s Sys=0.00s Real=0.00s
[574.426s][info][gc,start       ] GC(1586) Pause Young (Allocation Failure)
[574.427s][info][gc,heap        ] GC(1586) PSYoungGen: 286848K(307712K)->64K(309248K) Eden: 286720K(286720K)->0K(286720K) From: 128K(20992K)->64K(22528K)
[574.427s][info][gc,heap        ] GC(1586) ParOldGen: 411719K(412160K)->411807K(412160K)
[574.427s][info][gc,metaspace   ] GC(1586) Metaspace: 35505K(36224K)->35505K(36224K) NonClass: 26293K(26816K)->26293K(26816K) Class: 9211K(9408K)->9211K(9408K)
[574.427s][info][gc             ] GC(1586) Pause Young (Allocation Failure) 682M->402M(704M) 1.653ms
[574.428s][info][gc,cpu         ] GC(1586) User=0.01s Sys=0.00s Real=0.00s
[574.630s][info][gc,start       ] GC(1587) Pause Young (Allocation Failure)
[574.633s][info][gc,heap        ] GC(1587) PSYoungGen: 286784K(309248K)->32K(308736K) Eden: 286720K(286720K)->0K(289792K) From: 64K(22528K)->32K(18944K)
[574.633s][info][gc,heap        ] GC(1587) ParOldGen: 411807K(412160K)->411823K(412160K)
[574.633s][info][gc,metaspace   ] GC(1587) Metaspace: 35505K(36224K)->35505K(36224K) NonClass: 26293K(26816K)->26293K(26816K) Class: 9211K(9408K)->9211K(9408K)
[574.633s][info][gc             ] GC(1587) Pause Young (Allocation Failure) 682M->402M(704M) 2.565ms
[574.633s][info][gc,cpu         ] GC(1587) User=0.00s Sys=0.00s Real=0.01s
[574.841s][info][gc,start       ] GC(1588) Pause Young (Allocation Failure)
[574.844s][info][gc,heap        ] GC(1588) PSYoungGen: 289824K(308736K)->64K(310272K) Eden: 289792K(289792K)->0K(289792K) From: 32K(18944K)->64K(20480K)
[574.844s][info][gc,heap        ] GC(1588) ParOldGen: 411823K(412160K)->411823K(412160K)
[574.844s][info][gc,metaspace   ] GC(1588) Metaspace: 35505K(36224K)->35505K(36224K) NonClass: 26293K(26816K)->26293K(26816K) Class: 9211K(9408K)->9211K(9408K)
[574.844s][info][gc             ] GC(1588) Pause Young (Allocation Failure) 685M->402M(705M) 2.370ms
[574.844s][info][gc,cpu         ] GC(1588) User=0.01s Sys=0.00s Real=0.01s
[575.144s][info][gc,start       ] GC(1589) Pause Young (Allocation Failure)
[575.146s][info][gc,heap        ] GC(1589) PSYoungGen: 289856K(310272K)->64K(310784K) Eden: 289792K(289792K)->0K(293888K) From: 64K(20480K)->64K(16896K)
[575.146s][info][gc,heap        ] GC(1589) ParOldGen: 411823K(412160K)->411823K(412160K)
[575.146s][info][gc,metaspace   ] GC(1589) Metaspace: 35505K(36224K)->35505K(36224K) NonClass: 26293K(26816K)->26293K(26816K) Class: 9211K(9408K)->9211K(9408K)
[575.146s][info][gc             ] GC(1589) Pause Young (Allocation Failure) 685M->402M(706M) 2.283ms
[575.146s][info][gc,cpu         ] GC(1589) User=0.00s Sys=0.00s Real=0.00s
[575.199s][info][gc,start       ] GC(1590) Pause Young (Allocation Failure)
[575.201s][info][gc,heap        ] GC(1590) PSYoungGen: 293952K(310784K)->32K(312320K) Eden: 293888K(293888K)->0K(293888K) From: 64K(16896K)->32K(18432K)
[575.201s][info][gc,heap        ] GC(1590) ParOldGen: 411823K(412160K)->411839K(412160K)
[575.201s][info][gc,metaspace   ] GC(1590) Metaspace: 35505K(36224K)->35505K(36224K) NonClass: 26293K(26816K)->26293K(26816K) Class: 9211K(9408K)->9211K(9408K)
[575.201s][info][gc             ] GC(1590) Pause Young (Allocation Failure) 689M->402M(707M) 2.174ms
[575.201s][info][gc,cpu         ] GC(1590) User=0.00s Sys=0.00s Real=0.00s
[575.269s][info][gc,start       ] GC(1591) Pause Young (Allocation Failure)
[575.271s][info][gc,heap        ] GC(1591) PSYoungGen: 293920K(312320K)->64K(312832K) Eden: 293888K(293888K)->0K(297472K) From: 32K(18432K)->64K(15360K)
[575.271s][info][gc,heap        ] GC(1591) ParOldGen: 411839K(412160K)->411839K(412160K)
[575.271s][info][gc,metaspace   ] GC(1591) Metaspace: 35505K(36224K)->35505K(36224K) NonClass: 26293K(26816K)->26293K(26816K) Class: 9211K(9408K)->9211K(9408K)
[575.271s][info][gc             ] GC(1591) Pause Young (Allocation Failure) 689M->402M(708M) 2.210ms
[575.271s][info][gc,cpu         ] GC(1591) User=0.00s Sys=0.00s Real=0.00s
[575.494s][info][gc,start       ] GC(1592) Pause Young (Allocation Failure)
[575.497s][info][gc,heap        ] GC(1592) PSYoungGen: 297536K(312832K)->32K(314368K) Eden: 297472K(297472K)->0K(297472K) From: 64K(15360K)->32K(16896K)
[575.497s][info][gc,heap        ] GC(1592) ParOldGen: 411839K(412160K)->411855K(412160K)
[575.497s][info][gc,metaspace   ] GC(1592) Metaspace: 35505K(36224K)->35505K(36224K) NonClass: 26293K(26816K)->26293K(26816K) Class: 9211K(9408K)->9211K(9408K)
[575.497s][info][gc             ] GC(1592) Pause Young (Allocation Failure) 692M->402M(709M) 2.382ms
[575.497s][info][gc,cpu         ] GC(1592) User=0.00s Sys=0.00s Real=0.00s
[575.691s][info][gc,start       ] GC(1593) Pause Young (Allocation Failure)
[575.694s][info][gc,heap        ] GC(1593) PSYoungGen: 297504K(314368K)->64K(314368K) Eden: 297472K(297472K)->0K(301056K) From: 32K(16896K)->64K(13312K)
[575.694s][info][gc,heap        ] GC(1593) ParOldGen: 411855K(412160K)->411855K(412160K)
[575.694s][info][gc,metaspace   ] GC(1593) Metaspace: 35505K(36224K)->35505K(36224K) NonClass: 26293K(26816K)->26293K(26816K) Class: 9211K(9408K)->9211K(9408K)
[575.694s][info][gc             ] GC(1593) Pause Young (Allocation Failure) 692M->402M(709M) 2.468ms
[575.694s][info][gc,cpu         ] GC(1593) User=0.00s Sys=0.00s Real=0.01s
[575.777s][info][gc,start       ] GC(1594) Pause Young (Allocation Failure)
[575.780s][info][gc,heap        ] GC(1594) PSYoungGen: 301120K(314368K)->32K(315904K) Eden: 301056K(301056K)->0K(301056K) From: 64K(13312K)->32K(14848K)
[575.780s][info][gc,heap        ] GC(1594) ParOldGen: 411855K(412160K)->411871K(412160K)
[575.780s][info][gc,metaspace   ] GC(1594) Metaspace: 35505K(36224K)->35505K(36224K) NonClass: 26293K(26816K)->26293K(26816K) Class: 9211K(9408K)->9211K(9408K)
[575.780s][info][gc             ] GC(1594) Pause Young (Allocation Failure) 696M->402M(711M) 2.464ms
[575.780s][info][gc,cpu         ] GC(1594) User=0.00s Sys=0.00s Real=0.00s
[575.925s][info][gc,start       ] GC(1595) Pause Young (Allocation Failure)
[575.926s][info][gc,heap        ] GC(1595) PSYoungGen: 301088K(315904K)->64K(317440K) Eden: 301056K(301056K)->0K(305152K) From: 32K(14848K)->64K(12288K)
[575.926s][info][gc,heap        ] GC(1595) ParOldGen: 411871K(412160K)->411871K(412160K)
[575.926s][info][gc,metaspace   ] GC(1595) Metaspace: 35505K(36224K)->35505K(36224K) NonClass: 26293K(26816K)->26293K(26816K) Class: 9211K(9408K)->9211K(9408K)
[575.926s][info][gc             ] GC(1595) Pause Young (Allocation Failure) 696M->402M(712M) 1.520ms
[575.926s][info][gc,cpu         ] GC(1595) User=0.01s Sys=0.00s Real=0.00s
[576.880s][info][gc,start       ] GC(1596) Pause Young (Allocation Failure)
[576.882s][info][gc,heap        ] GC(1596) PSYoungGen: 305213K(317440K)->83K(318464K) Eden: 305149K(305152K)->0K(305152K) From: 64K(12288K)->83K(13312K)
[576.882s][info][gc,heap        ] GC(1596) ParOldGen: 411871K(412160K)->411879K(412160K)
[576.882s][info][gc,metaspace   ] GC(1596) Metaspace: 35505K(36224K)->35505K(36224K) NonClass: 26293K(26816K)->26293K(26816K) Class: 9211K(9408K)->9211K(9408K)
[576.882s][info][gc             ] GC(1596) Pause Young (Allocation Failure) 700M->402M(713M) 1.524ms
[576.882s][info][gc,cpu         ] GC(1596) User=0.01s Sys=0.00s Real=0.00s
[577.738s][info][gc,start       ] GC(1597) Pause Young (Allocation Failure)
[577.740s][info][gc,heap        ] GC(1597) PSYoungGen: 305235K(318464K)->64K(319488K) Eden: 305152K(305152K)->0K(308224K) From: 83K(13312K)->64K(11264K)
[577.740s][info][gc,heap        ] GC(1597) ParOldGen: 411879K(412160K)->411887K(412160K)
[577.740s][info][gc,metaspace   ] GC(1597) Metaspace: 35505K(36224K)->35505K(36224K) NonClass: 26293K(26816K)->26293K(26816K) Class: 9211K(9408K)->9211K(9408K)
[577.740s][info][gc             ] GC(1597) Pause Young (Allocation Failure) 700M->402M(714M) 1.472ms
[577.740s][info][gc,cpu         ] GC(1597) User=0.00s Sys=0.00s Real=0.00s
[578.093s][info][gc,start       ] GC(1598) Pause Young (Allocation Failure)
[578.095s][info][gc,heap        ] GC(1598) PSYoungGen: 308288K(319488K)->64K(320000K) Eden: 308224K(308224K)->0K(308224K) From: 64K(11264K)->64K(11776K)
[578.095s][info][gc,heap        ] GC(1598) ParOldGen: 411887K(412160K)->411895K(412160K)
[578.095s][info][gc,metaspace   ] GC(1598) Metaspace: 35505K(36224K)->35505K(36224K) NonClass: 26293K(26816K)->26293K(26816K) Class: 9211K(9408K)->9211K(9408K)
[578.095s][info][gc             ] GC(1598) Pause Young (Allocation Failure) 703M->402M(715M) 1.402ms
[578.095s][info][gc,cpu         ] GC(1598) User=0.00s Sys=0.00s Real=0.00s
[579.211s][info][gc,start       ] GC(1599) Pause Young (Allocation Failure)
[579.213s][info][gc,heap        ] GC(1599) PSYoungGen: 308288K(320000K)->64K(296448K) Eden: 308224K(308224K)->0K(295936K) From: 64K(11776K)->64K(512K)
[579.213s][info][gc,heap        ] GC(1599) ParOldGen: 411895K(412160K)->411903K(412160K)
[579.213s][info][gc,metaspace   ] GC(1599) Metaspace: 35505K(36224K)->35505K(36224K) NonClass: 26293K(26816K)->26293K(26816K) Class: 9211K(9408K)->9211K(9408K)
[579.213s][info][gc             ] GC(1599) Pause Young (Allocation Failure) 703M->402M(692M) 1.789ms
[579.213s][info][gc,cpu         ] GC(1599) User=0.01s Sys=0.00s Real=0.01s
[579.634s][info][gc,start       ] GC(1600) Pause Young (Allocation Failure)
[579.636s][info][gc,heap        ] GC(1600) PSYoungGen: 296000K(296448K)->64K(294400K) Eden: 295936K(295936K)->0K(284160K) From: 64K(512K)->64K(10240K)
[579.636s][info][gc,heap        ] GC(1600) ParOldGen: 411903K(412160K)->411911K(412160K)
[579.636s][info][gc,metaspace   ] GC(1600) Metaspace: 35505K(36224K)->35505K(36224K) NonClass: 26293K(26816K)->26293K(26816K) Class: 9211K(9408K)->9211K(9408K)
[579.636s][info][gc             ] GC(1600) Pause Young (Allocation Failure) 691M->402M(690M) 1.849ms
[579.636s][info][gc,cpu         ] GC(1600) User=0.00s Sys=0.00s Real=0.00s
[579.816s][info][gc,start       ] GC(1601) Pause Young (Allocation Failure)
[579.818s][info][gc,heap        ] GC(1601) PSYoungGen: 284224K(294400K)->64K(273408K) Eden: 284160K(284160K)->0K(272896K) From: 64K(10240K)->64K(512K)
[579.818s][info][gc,heap        ] GC(1601) ParOldGen: 411911K(412160K)->411919K(412160K)
[579.818s][info][gc,metaspace   ] GC(1601) Metaspace: 35505K(36224K)->35505K(36224K) NonClass: 26293K(26816K)->26293K(26816K) Class: 9211K(9408K)->9211K(9408K)
[579.818s][info][gc             ] GC(1601) Pause Young (Allocation Failure) 679M->402M(669M) 2.252ms
[579.818s][info][gc,cpu         ] GC(1601) User=0.00s Sys=0.00s Real=0.00s
[580.210s][info][gc,start       ] GC(1602) Pause Young (Allocation Failure)
[580.211s][info][gc,heap        ] GC(1602) PSYoungGen: 272960K(273408K)->64K(270848K) Eden: 272896K(272896K)->0K(262144K) From: 64K(512K)->64K(8704K)
[580.211s][info][gc,heap        ] GC(1602) ParOldGen: 411919K(412160K)->411927K(412160K)
[580.211s][info][gc,metaspace   ] GC(1602) Metaspace: 35505K(36224K)->35505K(36224K) NonClass: 26293K(26816K)->26293K(26816K) Class: 9211K(9408K)->9211K(9408K)
[580.211s][info][gc             ] GC(1602) Pause Young (Allocation Failure) 668M->402M(667M) 1.339ms
[580.211s][info][gc,cpu         ] GC(1602) User=0.00s Sys=0.00s Real=0.00s
[580.561s][info][gc,start       ] GC(1603) Pause Young (Allocation Failure)
[580.563s][info][gc,heap        ] GC(1603) PSYoungGen: 262208K(270848K)->64K(252416K) Eden: 262144K(262144K)->0K(251904K) From: 64K(8704K)->64K(512K)
[580.563s][info][gc,heap        ] GC(1603) ParOldGen: 411927K(412160K)->411935K(412160K)
[580.563s][info][gc,metaspace   ] GC(1603) Metaspace: 35505K(36224K)->35505K(36224K) NonClass: 26293K(26816K)->26293K(26816K) Class: 9211K(9408K)->9211K(9408K)
[580.563s][info][gc             ] GC(1603) Pause Young (Allocation Failure) 658M->402M(649M) 1.657ms
[580.563s][info][gc,cpu         ] GC(1603) User=0.00s Sys=0.00s Real=0.01s
[580.905s][info][gc,start       ] GC(1604) Pause Young (Allocation Failure)
[580.928s][info][gc,heap        ] GC(1604) PSYoungGen: 251968K(252416K)->7680K(297984K) Eden: 251904K(251904K)->0K(290304K) From: 64K(512K)->7680K(7680K)
[580.929s][info][gc,heap        ] GC(1604) ParOldGen: 411935K(412160K)->417783K(417792K)
[580.929s][info][gc,metaspace   ] GC(1604) Metaspace: 35505K(36224K)->35505K(36224K) NonClass: 26293K(26816K)->26293K(26816K) Class: 9211K(9408K)->9211K(9408K)
[580.929s][info][gc             ] GC(1604) Pause Young (Allocation Failure) 648M->415M(699M) 23.893ms
[580.929s][info][gc,cpu         ] GC(1604) User=0.04s Sys=0.01s Real=0.02s
[581.260s][info][gc,start       ] GC(1605) Pause Young (Allocation Failure)
[581.329s][info][gc,heap        ] GC(1605) PSYoungGen: 297984K(297984K)->11776K(301568K) Eden: 290304K(290304K)->0K(289792K) From: 7680K(7680K)->11776K(11776K)
[581.329s][info][gc,heap        ] GC(1605) ParOldGen: 417783K(417792K)->438919K(439296K)
[581.329s][info][gc,metaspace   ] GC(1605) Metaspace: 35505K(36224K)->35505K(36224K) NonClass: 26293K(26816K)->26293K(26816K) Class: 9211K(9408K)->9211K(9408K)
[581.329s][info][gc             ] GC(1605) Pause Young (Allocation Failure) 698M->440M(723M) 69.426ms
[581.329s][info][gc,cpu         ] GC(1605) User=0.11s Sys=0.02s Real=0.07s
[581.534s][info][gc,start       ] GC(1606) Pause Young (Allocation Failure)
[581.563s][info][gc,heap        ] GC(1606) PSYoungGen: 301568K(301568K)->16384K(306176K) Eden: 289792K(289792K)->0K(289792K) From: 11776K(11776K)->16384K(16384K)
[581.563s][info][gc,heap        ] GC(1606) ParOldGen: 438919K(439296K)->439495K(439808K)
[581.563s][info][gc,metaspace   ] GC(1606) Metaspace: 35505K(36224K)->35505K(36224K) NonClass: 26293K(26816K)->26293K(26816K) Class: 9211K(9408K)->9211K(9408K)
[581.563s][info][gc             ] GC(1606) Pause Young (Allocation Failure) 723M->445M(728M) 29.311ms
[581.563s][info][gc,cpu         ] GC(1606) User=0.06s Sys=0.00s Real=0.03s
[581.965s][info][gc,start       ] GC(1607) Pause Young (Allocation Failure)
[581.966s][info][gc,heap        ] GC(1607) PSYoungGen: 306176K(306176K)->64K(309760K) Eden: 289792K(289792K)->0K(285184K) From: 16384K(16384K)->64K(24576K)
[581.966s][info][gc,heap        ] GC(1607) ParOldGen: 439495K(439808K)->439503K(439808K)
[581.966s][info][gc,metaspace   ] GC(1607) Metaspace: 35505K(36224K)->35505K(36224K) NonClass: 26293K(26816K)->26293K(26816K) Class: 9211K(9408K)->9211K(9408K)
[581.966s][info][gc             ] GC(1607) Pause Young (Allocation Failure) 728M->429M(732M) 1.520ms
[581.966s][info][gc,cpu         ] GC(1607) User=0.00s Sys=0.00s Real=0.00s
[582.517s][info][gc,start       ] GC(1608) Pause Young (Allocation Failure)
[582.519s][info][gc,heap        ] GC(1608) PSYoungGen: 285248K(309760K)->64K(285696K) Eden: 285184K(285184K)->0K(285184K) From: 64K(24576K)->64K(512K)
[582.519s][info][gc,heap        ] GC(1608) ParOldGen: 439503K(439808K)->439511K(439808K)
[582.519s][info][gc,metaspace   ] GC(1608) Metaspace: 35519K(36224K)->35519K(36224K) NonClass: 26308K(26816K)->26308K(26816K) Class: 9211K(9408K)->9211K(9408K)
[582.519s][info][gc             ] GC(1608) Pause Young (Allocation Failure) 707M->429M(708M) 1.519ms
[582.519s][info][gc,cpu         ] GC(1608) User=0.01s Sys=0.00s Real=0.00s
[582.935s][info][gc,start       ] GC(1609) Pause Young (Allocation Failure)
[582.937s][info][gc,heap        ] GC(1609) PSYoungGen: 285248K(285696K)->64K(309248K) Eden: 285184K(285184K)->0K(286208K) From: 64K(512K)->64K(23040K)
[582.937s][info][gc,heap        ] GC(1609) ParOldGen: 439511K(439808K)->439527K(439808K)
[582.937s][info][gc,metaspace   ] GC(1609) Metaspace: 35519K(36224K)->35519K(36224K) NonClass: 26308K(26816K)->26308K(26816K) Class: 9211K(9408K)->9211K(9408K)
[582.937s][info][gc             ] GC(1609) Pause Young (Allocation Failure) 707M->429M(731M) 1.483ms
[582.937s][info][gc,cpu         ] GC(1609) User=0.00s Sys=0.00s Real=0.00s
[583.140s][info][gc,start       ] GC(1610) Pause Young (Allocation Failure)
[583.141s][info][gc,heap        ] GC(1610) PSYoungGen: 286272K(309248K)->64K(308224K) Eden: 286208K(286208K)->0K(286208K) From: 64K(23040K)->64K(22016K)
[583.141s][info][gc,heap        ] GC(1610) ParOldGen: 439527K(439808K)->439543K(439808K)
[583.141s][info][gc,metaspace   ] GC(1610) Metaspace: 35519K(36224K)->35519K(36224K) NonClass: 26308K(26816K)->26308K(26816K) Class: 9211K(9408K)->9211K(9408K)
[583.141s][info][gc             ] GC(1610) Pause Young (Allocation Failure) 708M->429M(730M) 1.435ms
[583.141s][info][gc,cpu         ] GC(1610) User=0.00s Sys=0.00s Real=0.00s
[583.344s][info][gc,start       ] GC(1611) Pause Young (Allocation Failure)
[583.345s][info][gc,heap        ] GC(1611) PSYoungGen: 286272K(308224K)->64K(310784K) Eden: 286208K(286208K)->0K(289792K) From: 64K(22016K)->64K(20992K)
[583.345s][info][gc,heap        ] GC(1611) ParOldGen: 439543K(439808K)->439543K(439808K)
[583.345s][info][gc,metaspace   ] GC(1611) Metaspace: 35519K(36224K)->35519K(36224K) NonClass: 26308K(26816K)->26308K(26816K) Class: 9211K(9408K)->9211K(9408K)
[583.345s][info][gc             ] GC(1611) Pause Young (Allocation Failure) 708M->429M(733M) 1.356ms
[583.345s][info][gc,cpu         ] GC(1611) User=0.00s Sys=0.00s Real=0.00s
[583.625s][info][gc,start       ] GC(1612) Pause Young (Allocation Failure)
[583.626s][info][gc,heap        ] GC(1612) PSYoungGen: 289856K(310784K)->64K(309760K) Eden: 289792K(289792K)->0K(289792K) From: 64K(20992K)->64K(19968K)
[583.626s][info][gc,heap        ] GC(1612) ParOldGen: 439543K(439808K)->439543K(439808K)
[583.627s][info][gc,metaspace   ] GC(1612) Metaspace: 35519K(36224K)->35519K(36224K) NonClass: 26308K(26816K)->26308K(26816K) Class: 9211K(9408K)->9211K(9408K)
[583.627s][info][gc             ] GC(1612) Pause Young (Allocation Failure) 712M->429M(732M) 1.322ms
[583.627s][info][gc,cpu         ] GC(1612) User=0.00s Sys=0.00s Real=0.00s
[583.675s][info][gc,start       ] GC(1613) Pause Young (Allocation Failure)
[583.676s][info][gc,heap        ] GC(1613) PSYoungGen: 289856K(309760K)->64K(312320K) Eden: 289792K(289792K)->0K(293376K) From: 64K(19968K)->64K(18944K)
[583.676s][info][gc,heap        ] GC(1613) ParOldGen: 439543K(439808K)->439559K(439808K)
[583.676s][info][gc,metaspace   ] GC(1613) Metaspace: 35519K(36224K)->35519K(36224K) NonClass: 26308K(26816K)->26308K(26816K) Class: 9211K(9408K)->9211K(9408K)
[583.676s][info][gc             ] GC(1613) Pause Young (Allocation Failure) 712M->429M(734M) 1.323ms
[583.676s][info][gc,cpu         ] GC(1613) User=0.00s Sys=0.00s Real=0.00s
[583.763s][info][gc,start       ] GC(1614) Pause Young (Allocation Failure)
[583.764s][info][gc,heap        ] GC(1614) PSYoungGen: 293440K(312320K)->64K(311808K) Eden: 293376K(293376K)->0K(293376K) From: 64K(18944K)->64K(18432K)
[583.764s][info][gc,heap        ] GC(1614) ParOldGen: 439559K(439808K)->439559K(439808K)
[583.764s][info][gc,metaspace   ] GC(1614) Metaspace: 35519K(36224K)->35519K(36224K) NonClass: 26308K(26816K)->26308K(26816K) Class: 9211K(9408K)->9211K(9408K)
[583.764s][info][gc             ] GC(1614) Pause Young (Allocation Failure) 715M->429M(734M) 1.330ms
[583.764s][info][gc,cpu         ] GC(1614) User=0.00s Sys=0.00s Real=0.00s
[583.981s][info][gc,start       ] GC(1615) Pause Young (Allocation Failure)
[583.982s][info][gc,heap        ] GC(1615) PSYoungGen: 293440K(311808K)->64K(314368K) Eden: 293376K(293376K)->0K(297472K) From: 64K(18432K)->64K(16896K)
[583.982s][info][gc,heap        ] GC(1615) ParOldGen: 439559K(439808K)->439575K(439808K)
[583.982s][info][gc,metaspace   ] GC(1615) Metaspace: 35519K(36224K)->35519K(36224K) NonClass: 26308K(26816K)->26308K(26816K) Class: 9211K(9408K)->9211K(9408K)
[583.982s][info][gc             ] GC(1615) Pause Young (Allocation Failure) 715M->429M(736M) 1.369ms
[583.982s][info][gc,cpu         ] GC(1615) User=0.00s Sys=0.00s Real=0.00s
[584.163s][info][gc,start       ] GC(1616) Pause Young (Allocation Failure)
[584.164s][info][gc,heap        ] GC(1616) PSYoungGen: 297536K(314368K)->64K(313856K) Eden: 297472K(297472K)->0K(297472K) From: 64K(16896K)->64K(16384K)
[584.164s][info][gc,heap        ] GC(1616) ParOldGen: 439575K(439808K)->439575K(439808K)
[584.164s][info][gc,metaspace   ] GC(1616) Metaspace: 35519K(36224K)->35519K(36224K) NonClass: 26308K(26816K)->26308K(26816K) Class: 9211K(9408K)->9211K(9408K)
[584.164s][info][gc             ] GC(1616) Pause Young (Allocation Failure) 719M->429M(736M) 1.355ms
[584.164s][info][gc,cpu         ] GC(1616) User=0.00s Sys=0.00s Real=0.00s
[584.245s][info][gc,start       ] GC(1617) Pause Young (Allocation Failure)
[584.246s][info][gc,heap        ] GC(1617) PSYoungGen: 297536K(313856K)->64K(316416K) Eden: 297472K(297472K)->0K(301568K) From: 64K(16384K)->64K(14848K)
[584.246s][info][gc,heap        ] GC(1617) ParOldGen: 439575K(439808K)->439591K(439808K)
[584.246s][info][gc,metaspace   ] GC(1617) Metaspace: 35519K(36224K)->35519K(36224K) NonClass: 26308K(26816K)->26308K(26816K) Class: 9211K(9408K)->9211K(9408K)
[584.246s][info][gc             ] GC(1617) Pause Young (Allocation Failure) 719M->429M(738M) 1.265ms
[584.246s][info][gc,cpu         ] GC(1617) User=0.00s Sys=0.00s Real=0.00s
[584.411s][info][gc,start       ] GC(1618) Pause Young (Allocation Failure)
[584.412s][info][gc,heap        ] GC(1618) PSYoungGen: 301632K(316416K)->64K(315904K) Eden: 301568K(301568K)->0K(301568K) From: 64K(14848K)->64K(14336K)
[584.412s][info][gc,heap        ] GC(1618) ParOldGen: 439591K(439808K)->439591K(439808K)
[584.412s][info][gc,metaspace   ] GC(1618) Metaspace: 35519K(36224K)->35519K(36224K) NonClass: 26308K(26816K)->26308K(26816K) Class: 9211K(9408K)->9211K(9408K)
[584.412s][info][gc             ] GC(1618) Pause Young (Allocation Failure) 723M->429M(738M) 1.558ms
[584.412s][info][gc,cpu         ] GC(1618) User=0.00s Sys=0.00s Real=0.01s
[585.346s][info][gc,start       ] GC(1619) Pause Young (Allocation Failure)
[585.347s][info][gc,heap        ] GC(1619) PSYoungGen: 301632K(315904K)->83K(318464K) Eden: 301568K(301568K)->0K(305152K) From: 64K(14336K)->83K(13312K)
[585.347s][info][gc,heap        ] GC(1619) ParOldGen: 439591K(439808K)->439599K(439808K)
[585.347s][info][gc,metaspace   ] GC(1619) Metaspace: 35519K(36224K)->35519K(36224K) NonClass: 26308K(26816K)->26308K(26816K) Class: 9211K(9408K)->9211K(9408K)
[585.347s][info][gc             ] GC(1619) Pause Young (Allocation Failure) 723M->429M(740M) 1.439ms
[585.347s][info][gc,cpu         ] GC(1619) User=0.00s Sys=0.00s Real=0.00s
[586.173s][info][gc,start       ] GC(1620) Pause Young (Allocation Failure)
[586.175s][info][gc,heap        ] GC(1620) PSYoungGen: 305235K(318464K)->64K(293376K) Eden: 305152K(305152K)->0K(292864K) From: 83K(13312K)->64K(512K)
[586.175s][info][gc,heap        ] GC(1620) ParOldGen: 439599K(439808K)->439607K(439808K)
[586.175s][info][gc,metaspace   ] GC(1620) Metaspace: 35519K(36224K)->35519K(36224K) NonClass: 26308K(26816K)->26308K(26816K) Class: 9211K(9408K)->9211K(9408K)
[586.175s][info][gc             ] GC(1620) Pause Young (Allocation Failure) 727M->429M(716M) 1.775ms
[586.175s][info][gc,cpu         ] GC(1620) User=0.01s Sys=0.00s Real=0.00s
[586.528s][info][gc,start       ] GC(1621) Pause Young (Allocation Failure)
[586.529s][info][gc,heap        ] GC(1621) PSYoungGen: 292928K(293376K)->64K(281600K) Eden: 292864K(292864K)->0K(281088K) From: 64K(512K)->64K(512K)
[586.529s][info][gc,heap        ] GC(1621) ParOldGen: 439607K(439808K)->439615K(439808K)
[586.529s][info][gc,metaspace   ] GC(1621) Metaspace: 35519K(36224K)->35519K(36224K) NonClass: 26308K(26816K)->26308K(26816K) Class: 9211K(9408K)->9211K(9408K)
[586.529s][info][gc             ] GC(1621) Pause Young (Allocation Failure) 715M->429M(704M) 1.827ms
[586.530s][info][gc,cpu         ] GC(1621) User=0.00s Sys=0.00s Real=0.00s
[587.606s][info][gc,start       ] GC(1622) Pause Young (Allocation Failure)
[587.607s][info][gc,heap        ] GC(1622) PSYoungGen: 281152K(281600K)->64K(281088K) Eden: 281088K(281088K)->0K(269824K) From: 64K(512K)->64K(11264K)
[587.607s][info][gc,heap        ] GC(1622) ParOldGen: 439615K(439808K)->439623K(439808K)
[587.607s][info][gc,metaspace   ] GC(1622) Metaspace: 35519K(36224K)->35519K(36224K) NonClass: 26308K(26816K)->26308K(26816K) Class: 9211K(9408K)->9211K(9408K)
[587.607s][info][gc             ] GC(1622) Pause Young (Allocation Failure) 703M->429M(704M) 1.355ms
[587.607s][info][gc,cpu         ] GC(1622) User=0.00s Sys=0.00s Real=0.00s
[588.012s][info][gc,start       ] GC(1623) Pause Young (Allocation Failure)
[588.014s][info][gc,heap        ] GC(1623) PSYoungGen: 269888K(281088K)->64K(259584K) Eden: 269824K(269824K)->0K(259072K) From: 64K(11264K)->64K(512K)
[588.014s][info][gc,heap        ] GC(1623) ParOldGen: 439623K(439808K)->439631K(439808K)
[588.014s][info][gc,metaspace   ] GC(1623) Metaspace: 35519K(36224K)->35519K(36224K) NonClass: 26308K(26816K)->26308K(26816K) Class: 9211K(9408K)->9211K(9408K)
[588.014s][info][gc             ] GC(1623) Pause Young (Allocation Failure) 692M->429M(683M) 1.874ms
[588.014s][info][gc,cpu         ] GC(1623) User=0.00s Sys=0.00s Real=0.00s
[588.208s][info][gc,start       ] GC(1624) Pause Young (Allocation Failure)
[588.209s][info][gc,heap        ] GC(1624) PSYoungGen: 259136K(259584K)->64K(258560K) Eden: 259072K(259072K)->0K(248832K) From: 64K(512K)->64K(9728K)
[588.209s][info][gc,heap        ] GC(1624) ParOldGen: 439631K(439808K)->439639K(439808K)
[588.209s][info][gc,metaspace   ] GC(1624) Metaspace: 35519K(36224K)->35519K(36224K) NonClass: 26308K(26816K)->26308K(26816K) Class: 9211K(9408K)->9211K(9408K)
[588.209s][info][gc             ] GC(1624) Pause Young (Allocation Failure) 682M->429M(682M) 1.344ms
[588.209s][info][gc,cpu         ] GC(1624) User=0.00s Sys=0.00s Real=0.00s
[588.369s][info][gc,start       ] GC(1625) Pause Young (Allocation Failure)
[588.371s][info][gc,heap        ] GC(1625) PSYoungGen: 248896K(258560K)->64K(239616K) Eden: 248832K(248832K)->0K(239104K) From: 64K(9728K)->64K(512K)
[588.371s][info][gc,heap        ] GC(1625) ParOldGen: 439639K(439808K)->439647K(439808K)
[588.371s][info][gc,metaspace   ] GC(1625) Metaspace: 35519K(36224K)->35519K(36224K) NonClass: 26308K(26816K)->26308K(26816K) Class: 9211K(9408K)->9211K(9408K)
[588.371s][info][gc             ] GC(1625) Pause Young (Allocation Failure) 672M->429M(663M) 1.786ms
[588.371s][info][gc,cpu         ] GC(1625) User=0.01s Sys=0.00s Real=0.00s
[588.882s][info][gc,start       ] GC(1626) Pause Young (Allocation Failure)
[588.883s][info][gc,heap        ] GC(1626) PSYoungGen: 239168K(239616K)->64K(238080K) Eden: 239104K(239104K)->0K(229888K) From: 64K(512K)->64K(8192K)
[588.883s][info][gc,heap        ] GC(1626) ParOldGen: 439647K(439808K)->439655K(439808K)
[588.883s][info][gc,metaspace   ] GC(1626) Metaspace: 35519K(36224K)->35519K(36224K) NonClass: 26308K(26816K)->26308K(26816K) Class: 9211K(9408K)->9211K(9408K)
[588.883s][info][gc             ] GC(1626) Pause Young (Allocation Failure) 662M->429M(662M) 1.249ms
[588.883s][info][gc,cpu         ] GC(1626) User=0.01s Sys=0.00s Real=0.01s
[589.133s][info][gc,start       ] GC(1627) Pause Young (Allocation Failure)
[589.135s][info][gc,heap        ] GC(1627) PSYoungGen: 229952K(238080K)->64K(221696K) Eden: 229888K(229888K)->0K(221184K) From: 64K(8192K)->64K(512K)
[589.135s][info][gc,heap        ] GC(1627) ParOldGen: 439655K(439808K)->439663K(439808K)
[589.135s][info][gc,metaspace   ] GC(1627) Metaspace: 35519K(36224K)->35519K(36224K) NonClass: 26308K(26816K)->26308K(26816K) Class: 9211K(9408K)->9211K(9408K)
[589.135s][info][gc             ] GC(1627) Pause Young (Allocation Failure) 653M->429M(646M) 1.833ms
[589.135s][info][gc,cpu         ] GC(1627) User=0.00s Sys=0.00s Real=0.00s
[589.408s][info][gc,start       ] GC(1628) Pause Young (Allocation Failure)
[589.450s][info][gc,heap        ] GC(1628) PSYoungGen: 221248K(221696K)->7168K(271872K) Eden: 221184K(221184K)->0K(264704K) From: 64K(512K)->7168K(7168K)
[589.450s][info][gc,heap        ] GC(1628) ParOldGen: 439663K(439808K)->454935K(455168K)
[589.450s][info][gc,metaspace   ] GC(1628) Metaspace: 35519K(36224K)->35519K(36224K) NonClass: 26308K(26816K)->26308K(26816K) Class: 9211K(9408K)->9211K(9408K)
[589.450s][info][gc             ] GC(1628) Pause Young (Allocation Failure) 645M->451M(710M) 41.865ms
[589.450s][info][gc,cpu         ] GC(1628) User=0.07s Sys=0.01s Real=0.04s
[589.753s][info][gc,start       ] GC(1629) Pause Young (Allocation Failure)
[589.817s][info][gc,heap        ] GC(1629) PSYoungGen: 271872K(271872K)->14848K(270848K) Eden: 264704K(264704K)->0K(256000K) From: 7168K(7168K)->14848K(14848K)
[589.817s][info][gc,heap        ] GC(1629) ParOldGen: 454935K(455168K)->470359K(470528K)
[589.817s][info][gc,metaspace   ] GC(1629) Metaspace: 35519K(36224K)->35519K(36224K) NonClass: 26308K(26816K)->26308K(26816K) Class: 9211K(9408K)->9211K(9408K)
[589.817s][info][gc             ] GC(1629) Pause Young (Allocation Failure) 709M->473M(724M) 64.168ms
[589.817s][info][gc,cpu         ] GC(1629) User=0.10s Sys=0.02s Real=0.06s
[589.966s][info][gc,start       ] GC(1630) Pause Young (Allocation Failure)
[589.986s][info][gc,heap        ] GC(1630) PSYoungGen: 270848K(270848K)->10368K(279552K) Eden: 256000K(256000K)->0K(256000K) From: 14848K(14848K)->10368K(23552K)
[589.986s][info][gc,heap        ] GC(1630) ParOldGen: 470359K(470528K)->470775K(471040K)
[589.986s][info][gc,metaspace   ] GC(1630) Metaspace: 35519K(36224K)->35519K(36224K) NonClass: 26308K(26816K)->26308K(26816K) Class: 9211K(9408K)->9211K(9408K)
[589.986s][info][gc             ] GC(1630) Pause Young (Allocation Failure) 723M->469M(733M) 19.967ms
[589.986s][info][gc,cpu         ] GC(1630) User=0.04s Sys=0.00s Real=0.02s
[590.345s][info][gc,start       ] GC(1631) Pause Young (Allocation Failure)
[590.346s][info][gc,heap        ] GC(1631) PSYoungGen: 266368K(279552K)->64K(309248K) Eden: 256000K(256000K)->0K(286720K) From: 10368K(23552K)->64K(22528K)
[590.346s][info][gc,heap        ] GC(1631) ParOldGen: 470775K(471040K)->470783K(471040K)
[590.346s][info][gc,metaspace   ] GC(1631) Metaspace: 35519K(36224K)->35519K(36224K) NonClass: 26308K(26816K)->26308K(26816K) Class: 9211K(9408K)->9211K(9408K)
[590.346s][info][gc             ] GC(1631) Pause Young (Allocation Failure) 719M->459M(762M) 1.528ms
[590.346s][info][gc,cpu         ] GC(1631) User=0.00s Sys=0.00s Real=0.00s
[590.911s][info][gc,start       ] GC(1632) Pause Young (Allocation Failure)
[590.913s][info][gc,heap        ] GC(1632) PSYoungGen: 286784K(309248K)->64K(309760K) Eden: 286720K(286720K)->0K(286720K) From: 64K(22528K)->64K(23040K)
[590.913s][info][gc,heap        ] GC(1632) ParOldGen: 470783K(471040K)->470791K(471040K)
[590.913s][info][gc,metaspace   ] GC(1632) Metaspace: 35519K(36224K)->35519K(36224K) NonClass: 26308K(26816K)->26308K(26816K) Class: 9211K(9408K)->9211K(9408K)
[590.913s][info][gc             ] GC(1632) Pause Young (Allocation Failure) 739M->459M(762M) 1.566ms
[590.913s][info][gc,cpu         ] GC(1632) User=0.01s Sys=0.00s Real=0.01s
[591.335s][info][gc,start       ] GC(1633) Pause Young (Allocation Failure)
[591.337s][info][gc,heap        ] GC(1633) PSYoungGen: 286784K(309760K)->64K(310272K) Eden: 286720K(286720K)->0K(288768K) From: 64K(23040K)->64K(21504K)
[591.337s][info][gc,heap        ] GC(1633) ParOldGen: 470791K(471040K)->470807K(471040K)
[591.337s][info][gc,metaspace   ] GC(1633) Metaspace: 35519K(36224K)->35519K(36224K) NonClass: 26308K(26816K)->26308K(26816K) Class: 9211K(9408K)->9211K(9408K)
[591.337s][info][gc             ] GC(1633) Pause Young (Allocation Failure) 739M->459M(763M) 1.483ms
[591.337s][info][gc,cpu         ] GC(1633) User=0.00s Sys=0.00s Real=0.00s
[591.547s][info][gc,start       ] GC(1634) Pause Young (Allocation Failure)
[591.548s][info][gc,heap        ] GC(1634) PSYoungGen: 288832K(310272K)->64K(310272K) Eden: 288768K(288768K)->0K(288768K) From: 64K(21504K)->64K(21504K)
[591.549s][info][gc,heap        ] GC(1634) ParOldGen: 470807K(471040K)->470823K(471040K)
[591.549s][info][gc,metaspace   ] GC(1634) Metaspace: 35519K(36224K)->35519K(36224K) NonClass: 26308K(26816K)->26308K(26816K) Class: 9211K(9408K)->9211K(9408K)
[591.549s][info][gc             ] GC(1634) Pause Young (Allocation Failure) 741M->459M(763M) 1.578ms
[591.549s][info][gc,cpu         ] GC(1634) User=0.00s Sys=0.00s Real=0.00s
[591.753s][info][gc,start       ] GC(1635) Pause Young (Allocation Failure)
[591.755s][info][gc,heap        ] GC(1635) PSYoungGen: 288832K(310272K)->64K(311296K) Eden: 288768K(288768K)->0K(291840K) From: 64K(21504K)->64K(19456K)
[591.755s][info][gc,heap        ] GC(1635) ParOldGen: 470823K(471040K)->470823K(471040K)
[591.755s][info][gc,metaspace   ] GC(1635) Metaspace: 35519K(36224K)->35519K(36224K) NonClass: 26308K(26816K)->26308K(26816K) Class: 9211K(9408K)->9211K(9408K)
[591.755s][info][gc             ] GC(1635) Pause Young (Allocation Failure) 741M->459M(764M) 1.389ms
[591.755s][info][gc,cpu         ] GC(1635) User=0.01s Sys=0.00s Real=0.00s
[592.040s][info][gc,start       ] GC(1636) Pause Young (Allocation Failure)
[592.042s][info][gc,heap        ] GC(1636) PSYoungGen: 291904K(311296K)->64K(311296K) Eden: 291840K(291840K)->0K(291840K) From: 64K(19456K)->64K(19456K)
[592.042s][info][gc,heap        ] GC(1636) ParOldGen: 470823K(471040K)->470823K(471040K)
[592.042s][info][gc,metaspace   ] GC(1636) Metaspace: 35519K(36224K)->35519K(36224K) NonClass: 26308K(26816K)->26308K(26816K) Class: 9211K(9408K)->9211K(9408K)
[592.042s][info][gc             ] GC(1636) Pause Young (Allocation Failure) 744M->459M(764M) 1.497ms
[592.042s][info][gc,cpu         ] GC(1636) User=0.00s Sys=0.00s Real=0.00s
[592.091s][info][gc,start       ] GC(1637) Pause Young (Allocation Failure)
[592.093s][info][gc,heap        ] GC(1637) PSYoungGen: 291904K(311296K)->64K(313344K) Eden: 291840K(291840K)->0K(295936K) From: 64K(19456K)->64K(17408K)
[592.093s][info][gc,heap        ] GC(1637) ParOldGen: 470823K(471040K)->470839K(471040K)
[592.093s][info][gc,metaspace   ] GC(1637) Metaspace: 35519K(36224K)->35519K(36224K) NonClass: 26308K(26816K)->26308K(26816K) Class: 9211K(9408K)->9211K(9408K)
[592.093s][info][gc             ] GC(1637) Pause Young (Allocation Failure) 744M->459M(766M) 1.362ms
[592.093s][info][gc,cpu         ] GC(1637) User=0.01s Sys=0.00s Real=0.01s
[592.181s][info][gc,start       ] GC(1638) Pause Young (Allocation Failure)
[592.182s][info][gc,heap        ] GC(1638) PSYoungGen: 296000K(313344K)->64K(313344K) Eden: 295936K(295936K)->0K(295936K) From: 64K(17408K)->64K(17408K)
[592.182s][info][gc,heap        ] GC(1638) ParOldGen: 470839K(471040K)->470839K(471040K)
[592.182s][info][gc,metaspace   ] GC(1638) Metaspace: 35519K(36224K)->35519K(36224K) NonClass: 26308K(26816K)->26308K(26816K) Class: 9211K(9408K)->9211K(9408K)
[592.182s][info][gc             ] GC(1638) Pause Young (Allocation Failure) 748M->459M(766M) 1.427ms
[592.182s][info][gc,cpu         ] GC(1638) User=0.00s Sys=0.00s Real=0.01s
[592.403s][info][gc,start       ] GC(1639) Pause Young (Allocation Failure)
[592.405s][info][gc,heap        ] GC(1639) PSYoungGen: 296000K(313344K)->64K(315904K) Eden: 295936K(295936K)->0K(299520K) From: 64K(17408K)->64K(16384K)
[592.405s][info][gc,heap        ] GC(1639) ParOldGen: 470839K(471040K)->470855K(471040K)
[592.405s][info][gc,metaspace   ] GC(1639) Metaspace: 35519K(36224K)->35519K(36224K) NonClass: 26308K(26816K)->26308K(26816K) Class: 9211K(9408K)->9211K(9408K)
[592.405s][info][gc             ] GC(1639) Pause Young (Allocation Failure) 748M->459M(768M) 1.424ms
[592.405s][info][gc,cpu         ] GC(1639) User=0.01s Sys=0.00s Real=0.00s
[592.589s][info][gc,start       ] GC(1640) Pause Young (Allocation Failure)
[592.590s][info][gc,heap        ] GC(1640) PSYoungGen: 299584K(315904K)->64K(315392K) Eden: 299520K(299520K)->0K(299520K) From: 64K(16384K)->64K(15872K)
[592.590s][info][gc,heap        ] GC(1640) ParOldGen: 470855K(471040K)->470855K(471040K)
[592.590s][info][gc,metaspace   ] GC(1640) Metaspace: 35520K(36224K)->35520K(36224K) NonClass: 26309K(26816K)->26309K(26816K) Class: 9211K(9408K)->9211K(9408K)
[592.590s][info][gc             ] GC(1640) Pause Young (Allocation Failure) 752M->459M(768M) 1.522ms
[592.590s][info][gc,cpu         ] GC(1640) User=0.00s Sys=0.00s Real=0.00s
[592.671s][info][gc,start       ] GC(1641) Pause Young (Allocation Failure)
[592.672s][info][gc,heap        ] GC(1641) PSYoungGen: 299584K(315392K)->32K(316928K) Eden: 299520K(299520K)->0K(302592K) From: 64K(15872K)->32K(14336K)
[592.672s][info][gc,heap        ] GC(1641) ParOldGen: 470855K(471040K)->470871K(471040K)
[592.672s][info][gc,metaspace   ] GC(1641) Metaspace: 35520K(36224K)->35520K(36224K) NonClass: 26309K(26816K)->26309K(26816K) Class: 9211K(9408K)->9211K(9408K)
[592.672s][info][gc             ] GC(1641) Pause Young (Allocation Failure) 752M->459M(769M) 1.366ms
[592.672s][info][gc,cpu         ] GC(1641) User=0.00s Sys=0.00s Real=0.01s
[592.831s][info][gc,start       ] GC(1642) Pause Young (Allocation Failure)
[592.833s][info][gc,heap        ] GC(1642) PSYoungGen: 302624K(316928K)->64K(316416K) Eden: 302592K(302592K)->0K(302592K) From: 32K(14336K)->64K(13824K)
[592.833s][info][gc,heap        ] GC(1642) ParOldGen: 470871K(471040K)->470871K(471040K)
[592.833s][info][gc,metaspace   ] GC(1642) Metaspace: 35520K(36224K)->35520K(36224K) NonClass: 26309K(26816K)->26309K(26816K) Class: 9211K(9408K)->9211K(9408K)
[592.833s][info][gc             ] GC(1642) Pause Young (Allocation Failure) 755M->459M(769M) 1.455ms
[592.833s][info][gc,cpu         ] GC(1642) User=0.00s Sys=0.00s Real=0.01s
[593.761s][info][gc,start       ] GC(1643) Pause Young (Allocation Failure)
[593.762s][info][gc,heap        ] GC(1643) PSYoungGen: 302656K(316416K)->83K(318976K) Eden: 302592K(302592K)->0K(306688K) From: 64K(13824K)->83K(12288K)
[593.762s][info][gc,heap        ] GC(1643) ParOldGen: 470871K(471040K)->470879K(471040K)
[593.762s][info][gc,metaspace   ] GC(1643) Metaspace: 35520K(36224K)->35520K(36224K) NonClass: 26309K(26816K)->26309K(26816K) Class: 9211K(9408K)->9211K(9408K)
[593.762s][info][gc             ] GC(1643) Pause Young (Allocation Failure) 755M->459M(771M) 1.543ms
[593.762s][info][gc,cpu         ] GC(1643) User=0.00s Sys=0.00s Real=0.01s
[594.597s][info][gc,start       ] GC(1644) Pause Young (Allocation Failure)
[594.598s][info][gc,heap        ] GC(1644) PSYoungGen: 306771K(318976K)->64K(294912K) Eden: 306688K(306688K)->0K(294400K) From: 83K(12288K)->64K(512K)
[594.598s][info][gc,heap        ] GC(1644) ParOldGen: 470879K(471040K)->470887K(471040K)
[594.598s][info][gc,metaspace   ] GC(1644) Metaspace: 35520K(36224K)->35520K(36224K) NonClass: 26309K(26816K)->26309K(26816K) Class: 9211K(9408K)->9211K(9408K)
[594.598s][info][gc             ] GC(1644) Pause Young (Allocation Failure) 759M->459M(748M) 1.573ms
[594.598s][info][gc,cpu         ] GC(1644) User=0.00s Sys=0.00s Real=0.00s
[594.969s][info][gc,start       ] GC(1645) Pause Young (Allocation Failure)
[594.971s][info][gc,heap        ] GC(1645) PSYoungGen: 294464K(294912K)->64K(283136K) Eden: 294400K(294400K)->0K(282624K) From: 64K(512K)->64K(512K)
[594.971s][info][gc,heap        ] GC(1645) ParOldGen: 470887K(471040K)->470895K(471040K)
[594.971s][info][gc,metaspace   ] GC(1645) Metaspace: 35520K(36224K)->35520K(36224K) NonClass: 26309K(26816K)->26309K(26816K) Class: 9211K(9408K)->9211K(9408K)
[594.971s][info][gc             ] GC(1645) Pause Young (Allocation Failure) 747M->459M(736M) 1.482ms
[594.971s][info][gc,cpu         ] GC(1645) User=0.00s Sys=0.00s Real=0.00s
[596.044s][info][gc,start       ] GC(1646) Pause Young (Allocation Failure)
[596.046s][info][gc,heap        ] GC(1646) PSYoungGen: 282688K(283136K)->64K(282112K) Eden: 282624K(282624K)->0K(271360K) From: 64K(512K)->64K(10752K)
[596.046s][info][gc,heap        ] GC(1646) ParOldGen: 470895K(471040K)->470903K(471040K)
[596.046s][info][gc,metaspace   ] GC(1646) Metaspace: 35520K(36224K)->35520K(36224K) NonClass: 26309K(26816K)->26309K(26816K) Class: 9211K(9408K)->9211K(9408K)
[596.046s][info][gc             ] GC(1646) Pause Young (Allocation Failure) 735M->459M(735M) 2.065ms
[596.046s][info][gc,cpu         ] GC(1646) User=0.00s Sys=0.00s Real=0.00s
[596.454s][info][gc,start       ] GC(1647) Pause Young (Allocation Failure)
[596.458s][info][gc,heap        ] GC(1647) PSYoungGen: 271424K(282112K)->64K(261120K) Eden: 271360K(271360K)->0K(260608K) From: 64K(10752K)->64K(512K)
[596.458s][info][gc,heap        ] GC(1647) ParOldGen: 470903K(471040K)->470919K(471040K)
[596.458s][info][gc,metaspace   ] GC(1647) Metaspace: 35520K(36224K)->35520K(36224K) NonClass: 26309K(26816K)->26309K(26816K) Class: 9211K(9408K)->9211K(9408K)
[596.458s][info][gc             ] GC(1647) Pause Young (Allocation Failure) 724M->459M(715M) 3.197ms
[596.458s][info][gc,cpu         ] GC(1647) User=0.00s Sys=0.00s Real=0.00s
[596.645s][info][gc,start       ] GC(1648) Pause Young (Allocation Failure)
[596.648s][info][gc,heap        ] GC(1648) PSYoungGen: 260672K(261120K)->64K(259584K) Eden: 260608K(260608K)->0K(250368K) From: 64K(512K)->64K(9216K)
[596.648s][info][gc,heap        ] GC(1648) ParOldGen: 470919K(471040K)->470935K(471040K)
[596.648s][info][gc,metaspace   ] GC(1648) Metaspace: 35520K(36224K)->35520K(36224K) NonClass: 26309K(26816K)->26309K(26816K) Class: 9211K(9408K)->9211K(9408K)
[596.648s][info][gc             ] GC(1648) Pause Young (Allocation Failure) 714M->459M(713M) 2.478ms
[596.648s][info][gc,cpu         ] GC(1648) User=0.00s Sys=0.00s Real=0.00s
[596.850s][info][gc,start       ] GC(1649) Pause Young (Allocation Failure)
[596.853s][info][gc,heap        ] GC(1649) PSYoungGen: 250432K(259584K)->64K(241152K) Eden: 250368K(250368K)->0K(240640K) From: 64K(9216K)->64K(512K)
[596.853s][info][gc,heap        ] GC(1649) ParOldGen: 470935K(471040K)->470951K(471040K)
[596.853s][info][gc,metaspace   ] GC(1649) Metaspace: 35520K(36224K)->35520K(36224K) NonClass: 26309K(26816K)->26309K(26816K) Class: 9211K(9408K)->9211K(9408K)
[596.853s][info][gc             ] GC(1649) Pause Young (Allocation Failure) 704M->459M(695M) 2.979ms
[596.853s][info][gc,cpu         ] GC(1649) User=0.01s Sys=0.00s Real=0.01s
[597.320s][info][gc,start       ] GC(1650) Pause Young (Allocation Failure)
[597.322s][info][gc,heap        ] GC(1650) PSYoungGen: 240704K(241152K)->64K(239616K) Eden: 240640K(240640K)->0K(231424K) From: 64K(512K)->64K(8192K)
[597.322s][info][gc,heap        ] GC(1650) ParOldGen: 470951K(471040K)->470959K(471040K)
[597.322s][info][gc,metaspace   ] GC(1650) Metaspace: 35520K(36224K)->35520K(36224K) NonClass: 26309K(26816K)->26309K(26816K) Class: 9211K(9408K)->9211K(9408K)
[597.322s][info][gc             ] GC(1650) Pause Young (Allocation Failure) 694M->459M(694M) 1.835ms
[597.322s][info][gc,cpu         ] GC(1650) User=0.01s Sys=0.00s Real=0.01s
[597.610s][info][gc,start       ] GC(1651) Pause Young (Allocation Failure)
[597.612s][info][gc,heap        ] GC(1651) PSYoungGen: 231488K(239616K)->64K(223232K) Eden: 231424K(231424K)->0K(222720K) From: 64K(8192K)->64K(512K)
[597.612s][info][gc,heap        ] GC(1651) ParOldGen: 470959K(471040K)->470967K(471040K)
[597.612s][info][gc,metaspace   ] GC(1651) Metaspace: 35520K(36224K)->35520K(36224K) NonClass: 26309K(26816K)->26309K(26816K) Class: 9211K(9408K)->9211K(9408K)
[597.612s][info][gc             ] GC(1651) Pause Young (Allocation Failure) 685M->459M(678M) 1.845ms
[597.612s][info][gc,cpu         ] GC(1651) User=0.00s Sys=0.00s Real=0.01s
[597.865s][info][gc,start       ] GC(1652) Pause Young (Allocation Failure)
[597.915s][info][gc,heap        ] GC(1652) PSYoungGen: 222784K(223232K)->7168K(273920K) Eden: 222720K(222720K)->0K(266752K) From: 64K(512K)->7168K(7168K)
[597.915s][info][gc,heap        ] GC(1652) ParOldGen: 470967K(471040K)->488855K(488960K)
[597.915s][info][gc,metaspace   ] GC(1652) Metaspace: 35520K(36224K)->35520K(36224K) NonClass: 26309K(26816K)->26309K(26816K) Class: 9211K(9408K)->9211K(9408K)
[597.915s][info][gc             ] GC(1652) Pause Young (Allocation Failure) 677M->484M(745M) 50.691ms
[597.915s][info][gc,cpu         ] GC(1652) User=0.07s Sys=0.02s Real=0.05s
[598.219s][info][gc,start       ] GC(1653) Pause Young (Allocation Failure)
[598.286s][info][gc,heap        ] GC(1653) PSYoungGen: 273920K(273920K)->15360K(272896K) Eden: 266752K(266752K)->0K(257536K) From: 7168K(7168K)->15360K(15360K)
[598.286s][info][gc,heap        ] GC(1653) ParOldGen: 488855K(488960K)->504071K(504320K)
[598.286s][info][gc,metaspace   ] GC(1653) Metaspace: 35520K(36224K)->35520K(36224K) NonClass: 26309K(26816K)->26309K(26816K) Class: 9211K(9408K)->9211K(9408K)
[598.286s][info][gc             ] GC(1653) Pause Young (Allocation Failure) 744M->507M(759M) 66.950ms
[598.286s][info][gc,cpu         ] GC(1653) User=0.10s Sys=0.03s Real=0.07s
[598.414s][info][gc,start       ] GC(1654) Pause Young (Allocation Failure)
[598.430s][info][gc,heap        ] GC(1654) PSYoungGen: 272896K(272896K)->7520K(282112K) Eden: 257536K(257536K)->0K(257536K) From: 15360K(15360K)->7520K(24576K)
[598.430s][info][gc,heap        ] GC(1654) ParOldGen: 504071K(504320K)->504471K(504832K)
[598.430s][info][gc,metaspace   ] GC(1654) Metaspace: 35520K(36224K)->35520K(36224K) NonClass: 26309K(26816K)->26309K(26816K) Class: 9211K(9408K)->9211K(9408K)
[598.430s][info][gc             ] GC(1654) Pause Young (Allocation Failure) 758M->499M(768M) 15.959ms
[598.430s][info][gc,cpu         ] GC(1654) User=0.03s Sys=0.00s Real=0.01s
[598.848s][info][gc,start       ] GC(1655) Pause Young (Allocation Failure)
[598.849s][info][gc,heap        ] GC(1655) PSYoungGen: 265056K(282112K)->64K(306688K) Eden: 257536K(257536K)->0K(286208K) From: 7520K(24576K)->64K(20480K)
[598.849s][info][gc,heap        ] GC(1655) ParOldGen: 504471K(504832K)->504479K(504832K)
[598.849s][info][gc,metaspace   ] GC(1655) Metaspace: 35520K(36224K)->35520K(36224K) NonClass: 26309K(26816K)->26309K(26816K) Class: 9211K(9408K)->9211K(9408K)
[598.849s][info][gc             ] GC(1655) Pause Young (Allocation Failure) 751M->492M(792M) 1.635ms
[598.849s][info][gc,cpu         ] GC(1655) User=0.01s Sys=0.00s Real=0.00s
[599.387s][info][gc,start       ] GC(1656) Pause Young (Allocation Failure)
[599.388s][info][gc,heap        ] GC(1656) PSYoungGen: 286272K(306688K)->64K(308736K) Eden: 286208K(286208K)->0K(286208K) From: 64K(20480K)->64K(22528K)
[599.388s][info][gc,heap        ] GC(1656) ParOldGen: 504479K(504832K)->504487K(504832K)
[599.388s][info][gc,metaspace   ] GC(1656) Metaspace: 35520K(36224K)->35520K(36224K) NonClass: 26309K(26816K)->26309K(26816K) Class: 9211K(9408K)->9211K(9408K)
[599.388s][info][gc             ] GC(1656) Pause Young (Allocation Failure) 772M->492M(794M) 1.639ms
[599.388s][info][gc,cpu         ] GC(1656) User=0.00s Sys=0.00s Real=0.00s
[599.804s][info][gc,start       ] GC(1657) Pause Young (Allocation Failure)
[599.806s][info][gc,heap        ] GC(1657) PSYoungGen: 286272K(308736K)->64K(309248K) Eden: 286208K(286208K)->0K(289792K) From: 64K(22528K)->64K(19456K)
[599.806s][info][gc,heap        ] GC(1657) ParOldGen: 504487K(504832K)->504503K(504832K)
[599.806s][info][gc,metaspace   ] GC(1657) Metaspace: 35520K(36224K)->35520K(36224K) NonClass: 26309K(26816K)->26309K(26816K) Class: 9211K(9408K)->9211K(9408K)
[599.806s][info][gc             ] GC(1657) Pause Young (Allocation Failure) 772M->492M(795M) 1.594ms
[599.806s][info][gc,cpu         ] GC(1657) User=0.00s Sys=0.00s Real=0.00s
[600.012s][info][gc,start       ] GC(1658) Pause Young (Allocation Failure)
[600.014s][info][gc,heap        ] GC(1658) PSYoungGen: 289856K(309248K)->64K(310784K) Eden: 289792K(289792K)->0K(289792K) From: 64K(19456K)->64K(20992K)
[600.014s][info][gc,heap        ] GC(1658) ParOldGen: 504503K(504832K)->504519K(504832K)
[600.014s][info][gc,metaspace   ] GC(1658) Metaspace: 35520K(36224K)->35520K(36224K) NonClass: 26309K(26816K)->26309K(26816K) Class: 9211K(9408K)->9211K(9408K)
[600.014s][info][gc             ] GC(1658) Pause Young (Allocation Failure) 775M->492M(796M) 1.561ms
[600.014s][info][gc,cpu         ] GC(1658) User=0.00s Sys=0.00s Real=0.00s
[600.317s][info][gc,start       ] GC(1659) Pause Young (Allocation Failure)
[600.319s][info][gc,heap        ] GC(1659) PSYoungGen: 289856K(310784K)->64K(310272K) Eden: 289792K(289792K)->0K(292864K) From: 64K(20992K)->64K(17408K)
[600.319s][info][gc,heap        ] GC(1659) ParOldGen: 504519K(504832K)->504519K(504832K)
[600.319s][info][gc,metaspace   ] GC(1659) Metaspace: 35520K(36224K)->35520K(36224K) NonClass: 26309K(26816K)->26309K(26816K) Class: 9211K(9408K)->9211K(9408K)
[600.319s][info][gc             ] GC(1659) Pause Young (Allocation Failure) 775M->492M(796M) 1.510ms
[600.319s][info][gc,cpu         ] GC(1659) User=0.00s Sys=0.00s Real=0.00s
[600.489s][info][gc,start       ] GC(1660) Pause Young (Allocation Failure)
[600.490s][info][gc,heap        ] GC(1660) PSYoungGen: 292928K(310272K)->64K(311808K) Eden: 292864K(292864K)->0K(292864K) From: 64K(17408K)->64K(18944K)
[600.490s][info][gc,heap        ] GC(1660) ParOldGen: 504519K(504832K)->504527K(504832K)
[600.490s][info][gc,metaspace   ] GC(1660) Metaspace: 35520K(36224K)->35520K(36224K) NonClass: 26309K(26816K)->26309K(26816K) Class: 9211K(9408K)->9211K(9408K)
[600.490s][info][gc             ] GC(1660) Pause Young (Allocation Failure) 778M->492M(797M) 1.400ms
[600.490s][info][gc,cpu         ] GC(1660) User=0.00s Sys=0.00s Real=0.00s
[600.540s][info][gc,start       ] GC(1661) Pause Young (Allocation Failure)
[600.541s][info][gc,heap        ] GC(1661) PSYoungGen: 292928K(311808K)->64K(312320K) Eden: 292864K(292864K)->0K(296448K) From: 64K(18944K)->64K(15872K)
[600.541s][info][gc,heap        ] GC(1661) ParOldGen: 504527K(504832K)->504543K(504832K)
[600.541s][info][gc,metaspace   ] GC(1661) Metaspace: 35520K(36224K)->35520K(36224K) NonClass: 26309K(26816K)->26309K(26816K) Class: 9211K(9408K)->9211K(9408K)
[600.541s][info][gc             ] GC(1661) Pause Young (Allocation Failure) 778M->492M(798M) 1.371ms
[600.541s][info][gc,cpu         ] GC(1661) User=0.01s Sys=0.00s Real=0.00s
[600.647s][info][gc,start       ] GC(1662) Pause Young (Allocation Failure)
[600.648s][info][gc,heap        ] GC(1662) PSYoungGen: 296512K(312320K)->64K(313856K) Eden: 296448K(296448K)->0K(296448K) From: 64K(15872K)->64K(17408K)
[600.648s][info][gc,heap        ] GC(1662) ParOldGen: 504543K(504832K)->504543K(504832K)
[600.648s][info][gc,metaspace   ] GC(1662) Metaspace: 35520K(36224K)->35520K(36224K) NonClass: 26309K(26816K)->26309K(26816K) Class: 9211K(9408K)->9211K(9408K)
[600.648s][info][gc             ] GC(1662) Pause Young (Allocation Failure) 782M->492M(799M) 1.470ms
[600.648s][info][gc,cpu         ] GC(1662) User=0.00s Sys=0.00s Real=0.00s
[600.867s][info][gc,start       ] GC(1663) Pause Young (Allocation Failure)
[600.869s][info][gc,heap        ] GC(1663) PSYoungGen: 296512K(313856K)->32K(313856K) Eden: 296448K(296448K)->0K(300032K) From: 64K(17408K)->32K(13824K)
[600.869s][info][gc,heap        ] GC(1663) ParOldGen: 504543K(504832K)->504559K(504832K)
[600.869s][info][gc,metaspace   ] GC(1663) Metaspace: 35520K(36224K)->35520K(36224K) NonClass: 26309K(26816K)->26309K(26816K) Class: 9211K(9408K)->9211K(9408K)
[600.869s][info][gc             ] GC(1663) Pause Young (Allocation Failure) 782M->492M(799M) 1.448ms
[600.869s][info][gc,cpu         ] GC(1663) User=0.00s Sys=0.00s Real=0.00s
[601.036s][info][gc,start       ] GC(1664) Pause Young (Allocation Failure)
[601.038s][info][gc,heap        ] GC(1664) PSYoungGen: 300064K(313856K)->64K(315392K) Eden: 300032K(300032K)->0K(300032K) From: 32K(13824K)->64K(15360K)
[601.038s][info][gc,heap        ] GC(1664) ParOldGen: 504559K(504832K)->504559K(504832K)
[601.038s][info][gc,metaspace   ] GC(1664) Metaspace: 35520K(36224K)->35520K(36224K) NonClass: 26309K(26816K)->26309K(26816K) Class: 9211K(9408K)->9211K(9408K)
[601.038s][info][gc             ] GC(1664) Pause Young (Allocation Failure) 785M->492M(801M) 1.516ms
[601.038s][info][gc,cpu         ] GC(1664) User=0.00s Sys=0.00s Real=0.00s
[601.118s][info][gc,start       ] GC(1665) Pause Young (Allocation Failure)
[601.120s][info][gc,heap        ] GC(1665) PSYoungGen: 300096K(315392K)->64K(316928K) Eden: 300032K(300032K)->0K(304128K) From: 64K(15360K)->64K(12800K)
[601.120s][info][gc,heap        ] GC(1665) ParOldGen: 504559K(504832K)->504575K(504832K)
[601.120s][info][gc,metaspace   ] GC(1665) Metaspace: 35520K(36224K)->35520K(36224K) NonClass: 26309K(26816K)->26309K(26816K) Class: 9211K(9408K)->9211K(9408K)
[601.120s][info][gc             ] GC(1665) Pause Young (Allocation Failure) 785M->492M(802M) 1.454ms
[601.120s][info][gc,cpu         ] GC(1665) User=0.00s Sys=0.00s Real=0.00s
[601.292s][info][gc,start       ] GC(1666) Pause Young (Allocation Failure)
[601.294s][info][gc,heap        ] GC(1666) PSYoungGen: 304192K(316928K)->64K(317952K) Eden: 304128K(304128K)->0K(304128K) From: 64K(12800K)->64K(13824K)
[601.294s][info][gc,heap        ] GC(1666) ParOldGen: 504575K(504832K)->504575K(504832K)
[601.294s][info][gc,metaspace   ] GC(1666) Metaspace: 35520K(36224K)->35520K(36224K) NonClass: 26309K(26816K)->26309K(26816K) Class: 9211K(9408K)->9211K(9408K)
[601.294s][info][gc             ] GC(1666) Pause Young (Allocation Failure) 789M->492M(803M) 1.592ms
[601.294s][info][gc,cpu         ] GC(1666) User=0.00s Sys=0.00s Real=0.01s
[602.208s][info][gc,start       ] GC(1667) Pause Young (Allocation Failure)
[602.210s][info][gc,heap        ] GC(1667) PSYoungGen: 304192K(317952K)->64K(318976K) Eden: 304128K(304128K)->0K(307200K) From: 64K(13824K)->64K(11776K)
[602.210s][info][gc,heap        ] GC(1667) ParOldGen: 504575K(504832K)->504583K(504832K)
[602.210s][info][gc,metaspace   ] GC(1667) Metaspace: 35520K(36224K)->35520K(36224K) NonClass: 26309K(26816K)->26309K(26816K) Class: 9211K(9408K)->9211K(9408K)
[602.210s][info][gc             ] GC(1667) Pause Young (Allocation Failure) 789M->492M(804M) 1.632ms
[602.210s][info][gc,cpu         ] GC(1667) User=0.01s Sys=0.00s Real=0.00s
[603.068s][info][gc,start       ] GC(1668) Pause Young (Allocation Failure)
[603.069s][info][gc,heap        ] GC(1668) PSYoungGen: 307264K(318976K)->64K(295424K) Eden: 307200K(307200K)->0K(294912K) From: 64K(11776K)->64K(512K)
[603.069s][info][gc,heap        ] GC(1668) ParOldGen: 504583K(504832K)->504591K(504832K)
[603.069s][info][gc,metaspace   ] GC(1668) Metaspace: 35520K(36224K)->35520K(36224K) NonClass: 26309K(26816K)->26309K(26816K) Class: 9211K(9408K)->9211K(9408K)
[603.069s][info][gc             ] GC(1668) Pause Young (Allocation Failure) 792M->492M(781M) 1.670ms
[603.069s][info][gc,cpu         ] GC(1668) User=0.00s Sys=0.00s Real=0.00s
[603.488s][info][gc,start       ] GC(1669) Pause Young (Allocation Failure)
[603.489s][info][gc,heap        ] GC(1669) PSYoungGen: 294976K(295424K)->64K(283648K) Eden: 294912K(294912K)->0K(283136K) From: 64K(512K)->64K(512K)
[603.489s][info][gc,heap        ] GC(1669) ParOldGen: 504591K(504832K)->504599K(504832K)
[603.489s][info][gc,metaspace   ] GC(1669) Metaspace: 35520K(36224K)->35520K(36224K) NonClass: 26309K(26816K)->26309K(26816K) Class: 9211K(9408K)->9211K(9408K)
[603.489s][info][gc             ] GC(1669) Pause Young (Allocation Failure) 780M->492M(770M) 1.542ms
[603.489s][info][gc,cpu         ] GC(1669) User=0.00s Sys=0.00s Real=0.00s
[604.523s][info][gc,start       ] GC(1670) Pause Young (Allocation Failure)
[604.524s][info][gc,heap        ] GC(1670) PSYoungGen: 283200K(283648K)->64K(282624K) Eden: 283136K(283136K)->0K(271872K) From: 64K(512K)->64K(10752K)
[604.524s][info][gc,heap        ] GC(1670) ParOldGen: 504599K(504832K)->504607K(504832K)
[604.524s][info][gc,metaspace   ] GC(1670) Metaspace: 35520K(36224K)->35520K(36224K) NonClass: 26309K(26816K)->26309K(26816K) Class: 9211K(9408K)->9211K(9408K)
[604.524s][info][gc             ] GC(1670) Pause Young (Allocation Failure) 769M->492M(769M) 1.634ms
[604.524s][info][gc,cpu         ] GC(1670) User=0.00s Sys=0.00s Real=0.00s
[604.930s][info][gc,start       ] GC(1671) Pause Young (Allocation Failure)
[604.932s][info][gc,heap        ] GC(1671) PSYoungGen: 271936K(282624K)->64K(261632K) Eden: 271872K(271872K)->0K(261120K) From: 64K(10752K)->64K(512K)
[604.932s][info][gc,heap        ] GC(1671) ParOldGen: 504607K(504832K)->504615K(504832K)
[604.932s][info][gc,metaspace   ] GC(1671) Metaspace: 35520K(36224K)->35520K(36224K) NonClass: 26309K(26816K)->26309K(26816K) Class: 9211K(9408K)->9211K(9408K)
[604.932s][info][gc             ] GC(1671) Pause Young (Allocation Failure) 758M->492M(748M) 1.841ms
[604.932s][info][gc,cpu         ] GC(1671) User=0.00s Sys=0.01s Real=0.01s
[605.103s][info][gc,start       ] GC(1672) Pause Young (Allocation Failure)
[605.104s][info][gc,heap        ] GC(1672) PSYoungGen: 261184K(261632K)->64K(260096K) Eden: 261120K(261120K)->0K(250880K) From: 64K(512K)->64K(9216K)
[605.104s][info][gc,heap        ] GC(1672) ParOldGen: 504615K(504832K)->504623K(504832K)
[605.104s][info][gc,metaspace   ] GC(1672) Metaspace: 35520K(36224K)->35520K(36224K) NonClass: 26309K(26816K)->26309K(26816K) Class: 9211K(9408K)->9211K(9408K)
[605.104s][info][gc             ] GC(1672) Pause Young (Allocation Failure) 747M->492M(747M) 1.706ms
[605.104s][info][gc,cpu         ] GC(1672) User=0.00s Sys=0.00s Real=0.00s
[605.397s][info][gc,start       ] GC(1673) Pause Young (Allocation Failure)
[605.400s][info][gc,heap        ] GC(1673) PSYoungGen: 250944K(260096K)->64K(241664K) Eden: 250880K(250880K)->0K(241152K) From: 64K(9216K)->64K(512K)
[605.400s][info][gc,heap        ] GC(1673) ParOldGen: 504623K(504832K)->504631K(504832K)
[605.400s][info][gc,metaspace   ] GC(1673) Metaspace: 35520K(36224K)->35520K(36224K) NonClass: 26309K(26816K)->26309K(26816K) Class: 9211K(9408K)->9211K(9408K)
[605.400s][info][gc             ] GC(1673) Pause Young (Allocation Failure) 737M->492M(729M) 2.530ms
[605.400s][info][gc,cpu         ] GC(1673) User=0.01s Sys=0.00s Real=0.00s
[605.782s][info][gc,start       ] GC(1674) Pause Young (Allocation Failure)
[605.785s][info][gc,heap        ] GC(1674) PSYoungGen: 241216K(241664K)->64K(240128K) Eden: 241152K(241152K)->0K(231936K) From: 64K(512K)->64K(8192K)
[605.785s][info][gc,heap        ] GC(1674) ParOldGen: 504631K(504832K)->504647K(504832K)
[605.785s][info][gc,metaspace   ] GC(1674) Metaspace: 35520K(36224K)->35520K(36224K) NonClass: 26309K(26816K)->26309K(26816K) Class: 9211K(9408K)->9211K(9408K)
[605.785s][info][gc             ] GC(1674) Pause Young (Allocation Failure) 728M->492M(727M) 2.609ms
[605.785s][info][gc,cpu         ] GC(1674) User=0.00s Sys=0.00s Real=0.00s
[606.106s][info][gc,start       ] GC(1675) Pause Young (Allocation Failure)
[606.115s][info][gc,heap        ] GC(1675) PSYoungGen: 232000K(240128K)->4512K(282624K) Eden: 231936K(231936K)->0K(275456K) From: 64K(8192K)->4512K(7168K)
[606.115s][info][gc,heap        ] GC(1675) ParOldGen: 504647K(504832K)->504663K(504832K)
[606.115s][info][gc,metaspace   ] GC(1675) Metaspace: 35520K(36224K)->35520K(36224K) NonClass: 26309K(26816K)->26309K(26816K) Class: 9211K(9408K)->9211K(9408K)
[606.116s][info][gc             ] GC(1675) Pause Young (Allocation Failure) 719M->497M(769M) 9.081ms
[606.116s][info][gc,cpu         ] GC(1675) User=0.02s Sys=0.00s Real=0.01s
[606.433s][info][gc,start       ] GC(1676) Pause Young (Allocation Failure)
[606.496s][info][gc,heap        ] GC(1676) PSYoungGen: 279968K(282624K)->8192K(283648K) Eden: 275456K(275456K)->0K(275456K) From: 4512K(7168K)->8192K(8192K)
[606.496s][info][gc,heap        ] GC(1676) ParOldGen: 504663K(504832K)->527559K(527872K)
[606.496s][info][gc,metaspace   ] GC(1676) Metaspace: 35520K(36224K)->35520K(36224K) NonClass: 26309K(26816K)->26309K(26816K) Class: 9211K(9408K)->9211K(9408K)
[606.496s][info][gc             ] GC(1676) Pause Young (Allocation Failure) 766M->523M(792M) 62.161ms
[606.496s][info][gc,cpu         ] GC(1676) User=0.10s Sys=0.01s Real=0.06s
[606.779s][info][gc,start       ] GC(1677) Pause Young (Allocation Failure)
[606.838s][info][gc,heap        ] GC(1677) PSYoungGen: 283648K(283648K)->18432K(300032K) Eden: 275456K(275456K)->0K(281600K) From: 8192K(8192K)->18432K(18432K)
[606.839s][info][gc,heap        ] GC(1677) ParOldGen: 527559K(527872K)->536807K(537088K)
[606.839s][info][gc,metaspace   ] GC(1677) Metaspace: 35520K(36224K)->35520K(36224K) NonClass: 26309K(26816K)->26309K(26816K) Class: 9211K(9408K)->9211K(9408K)
[606.839s][info][gc             ] GC(1677) Pause Young (Allocation Failure) 792M->542M(817M) 59.830ms
[606.839s][info][gc,cpu         ] GC(1677) User=0.10s Sys=0.02s Real=0.06s
[606.988s][info][gc,start       ] GC(1678) Pause Young (Allocation Failure)
[606.992s][info][gc,heap        ] GC(1678) PSYoungGen: 300032K(300032K)->64K(307712K) Eden: 281600K(281600K)->0K(281600K) From: 18432K(18432K)->64K(26112K)
[606.992s][info][gc,heap        ] GC(1678) ParOldGen: 536807K(537088K)->537047K(537088K)
[606.992s][info][gc,metaspace   ] GC(1678) Metaspace: 35520K(36224K)->35520K(36224K) NonClass: 26309K(26816K)->26309K(26816K) Class: 9211K(9408K)->9211K(9408K)
[606.992s][info][gc             ] GC(1678) Pause Young (Allocation Failure) 817M->524M(825M) 4.111ms
[606.992s][info][gc,cpu         ] GC(1678) User=0.00s Sys=0.00s Real=0.01s
[607.662s][info][gc,start       ] GC(1679) Pause Young (Allocation Failure)
[607.664s][info][gc,heap        ] GC(1679) PSYoungGen: 281664K(307712K)->64K(304640K) Eden: 281600K(281600K)->0K(282624K) From: 64K(26112K)->64K(22016K)
[607.664s][info][gc,heap        ] GC(1679) ParOldGen: 537047K(537088K)->537063K(537088K)
[607.664s][info][gc,metaspace   ] GC(1679) Metaspace: 35520K(36224K)->35520K(36224K) NonClass: 26309K(26816K)->26309K(26816K) Class: 9211K(9408K)->9211K(9408K)
[607.664s][info][gc             ] GC(1679) Pause Young (Allocation Failure) 799M->524M(822M) 2.071ms
[607.664s][info][gc,cpu         ] GC(1679) User=0.00s Sys=0.00s Real=0.01s
[608.152s][info][gc,start       ] GC(1680) Pause Young (Allocation Failure)
[608.153s][info][gc,heap        ] GC(1680) PSYoungGen: 282688K(304640K)->64K(306688K) Eden: 282624K(282624K)->0K(282624K) From: 64K(22016K)->64K(24064K)
[608.153s][info][gc,heap        ] GC(1680) ParOldGen: 537063K(537088K)->537063K(537088K)
[608.153s][info][gc,metaspace   ] GC(1680) Metaspace: 35520K(36224K)->35520K(36224K) NonClass: 26309K(26816K)->26309K(26816K) Class: 9211K(9408K)->9211K(9408K)
[608.153s][info][gc             ] GC(1680) Pause Young (Allocation Failure) 800M->524M(824M) 1.672ms
[608.153s][info][gc,cpu         ] GC(1680) User=0.00s Sys=0.00s Real=0.01s
[608.353s][info][gc,start       ] GC(1681) Pause Young (Allocation Failure)
[608.355s][info][gc,heap        ] GC(1681) PSYoungGen: 282688K(306688K)->64K(306688K) Eden: 282624K(282624K)->0K(286720K) From: 64K(24064K)->64K(19968K)
[608.355s][info][gc,heap        ] GC(1681) ParOldGen: 537063K(537088K)->537079K(537088K)
[608.355s][info][gc,metaspace   ] GC(1681) Metaspace: 35520K(36224K)->35520K(36224K) NonClass: 26309K(26816K)->26309K(26816K) Class: 9211K(9408K)->9211K(9408K)
[608.355s][info][gc             ] GC(1681) Pause Young (Allocation Failure) 800M->524M(824M) 1.669ms
[608.355s][info][gc,cpu         ] GC(1681) User=0.00s Sys=0.00s Real=0.00s
[608.561s][info][gc,start       ] GC(1682) Pause Young (Allocation Failure)
[608.562s][info][gc,heap        ] GC(1682) PSYoungGen: 286784K(306688K)->32K(308736K) Eden: 286720K(286720K)->0K(286720K) From: 64K(19968K)->32K(22016K)
[608.563s][info][gc,heap        ] GC(1682) ParOldGen: 537079K(537088K)->537079K(537088K)
[608.563s][info][gc,metaspace   ] GC(1682) Metaspace: 35520K(36224K)->35520K(36224K) NonClass: 26309K(26816K)->26309K(26816K) Class: 9211K(9408K)->9211K(9408K)
[608.563s][info][gc             ] GC(1682) Pause Young (Allocation Failure) 804M->524M(826M) 1.627ms
[608.563s][info][gc,cpu         ] GC(1682) User=0.00s Sys=0.00s Real=0.01s
[608.911s][info][gc,start       ] GC(1683) Pause Young (Allocation Failure)
[608.913s][info][gc,heap        ] GC(1683) PSYoungGen: 286752K(308736K)->64K(308736K) Eden: 286720K(286720K)->0K(290816K) From: 32K(22016K)->64K(17920K)
[608.913s][info][gc,heap        ] GC(1683) ParOldGen: 537079K(537088K)->537079K(537088K)
[608.913s][info][gc,metaspace   ] GC(1683) Metaspace: 35520K(36224K)->35520K(36224K) NonClass: 26309K(26816K)->26309K(26816K) Class: 9211K(9408K)->9211K(9408K)
[608.913s][info][gc             ] GC(1683) Pause Young (Allocation Failure) 804M->524M(826M) 1.521ms
[608.913s][info][gc,cpu         ] GC(1683) User=0.00s Sys=0.00s Real=0.01s
[608.963s][info][gc,start       ] GC(1684) Pause Young (Allocation Failure)
[608.964s][info][gc,heap        ] GC(1684) PSYoungGen: 290880K(308736K)->64K(310784K) Eden: 290816K(290816K)->0K(290816K) From: 64K(17920K)->64K(19968K)
[608.964s][info][gc,heap        ] GC(1684) ParOldGen: 537079K(537088K)->537087K(537088K)
[608.964s][info][gc,metaspace   ] GC(1684) Metaspace: 35520K(36224K)->35520K(36224K) NonClass: 26309K(26816K)->26309K(26816K) Class: 9211K(9408K)->9211K(9408K)
[608.964s][info][gc             ] GC(1684) Pause Young (Allocation Failure) 808M->524M(828M) 1.446ms
[608.964s][info][gc,cpu         ] GC(1684) User=0.00s Sys=0.00s Real=0.00s
[609.014s][info][gc,start       ] GC(1685) Pause Young (Allocation Failure)
[609.015s][info][gc,heap        ] GC(1685) PSYoungGen: 290880K(310784K)->64K(310784K) Eden: 290816K(290816K)->0K(294912K) From: 64K(19968K)->64K(15872K)
[609.015s][info][gc,heap        ] GC(1685) ParOldGen: 537087K(537088K)->537103K(537600K)
[609.015s][info][gc,metaspace   ] GC(1685) Metaspace: 35520K(36224K)->35520K(36224K) NonClass: 26309K(26816K)->26309K(26816K) Class: 9211K(9408K)->9211K(9408K)
[609.015s][info][gc             ] GC(1685) Pause Young (Allocation Failure) 808M->524M(828M) 1.501ms
[609.015s][info][gc,cpu         ] GC(1685) User=0.01s Sys=0.00s Real=0.00s
[609.198s][info][gc,start       ] GC(1686) Pause Young (Allocation Failure)
[609.200s][info][gc,heap        ] GC(1686) PSYoungGen: 294976K(310784K)->64K(312832K) Eden: 294912K(294912K)->0K(294912K) From: 64K(15872K)->64K(17920K)
[609.200s][info][gc,heap        ] GC(1686) ParOldGen: 537103K(537600K)->537103K(537600K)
[609.200s][info][gc,metaspace   ] GC(1686) Metaspace: 35520K(36224K)->35520K(36224K) NonClass: 26309K(26816K)->26309K(26816K) Class: 9211K(9408K)->9211K(9408K)
[609.200s][info][gc             ] GC(1686) Pause Young (Allocation Failure) 812M->524M(830M) 1.573ms
[609.200s][info][gc,cpu         ] GC(1686) User=0.00s Sys=0.00s Real=0.00s
[609.411s][info][gc,start       ] GC(1687) Pause Young (Allocation Failure)
[609.413s][info][gc,heap        ] GC(1687) PSYoungGen: 294976K(312832K)->64K(312832K) Eden: 294912K(294912K)->0K(299008K) From: 64K(17920K)->64K(13824K)
[609.413s][info][gc,heap        ] GC(1687) ParOldGen: 537103K(537600K)->537111K(537600K)
[609.413s][info][gc,metaspace   ] GC(1687) Metaspace: 35520K(36224K)->35520K(36224K) NonClass: 26309K(26816K)->26309K(26816K) Class: 9211K(9408K)->9211K(9408K)
[609.413s][info][gc             ] GC(1687) Pause Young (Allocation Failure) 812M->524M(830M) 1.548ms
[609.413s][info][gc,cpu         ] GC(1687) User=0.00s Sys=0.00s Real=0.01s
[609.526s][info][gc,start       ] GC(1688) Pause Young (Allocation Failure)
[609.528s][info][gc,heap        ] GC(1688) PSYoungGen: 299072K(312832K)->64K(314880K) Eden: 299008K(299008K)->0K(299008K) From: 64K(13824K)->64K(15872K)
[609.528s][info][gc,heap        ] GC(1688) ParOldGen: 537111K(537600K)->537119K(537600K)
[609.528s][info][gc,metaspace   ] GC(1688) Metaspace: 35520K(36224K)->35520K(36224K) NonClass: 26309K(26816K)->26309K(26816K) Class: 9211K(9408K)->9211K(9408K)
[609.528s][info][gc             ] GC(1688) Pause Young (Allocation Failure) 816M->524M(832M) 1.583ms
[609.528s][info][gc,cpu         ] GC(1688) User=0.01s Sys=0.01s Real=0.00s
[609.639s][info][gc,start       ] GC(1689) Pause Young (Allocation Failure)
[609.640s][info][gc,heap        ] GC(1689) PSYoungGen: 299072K(314880K)->64K(315904K) Eden: 299008K(299008K)->0K(303104K) From: 64K(15872K)->64K(12800K)
[609.640s][info][gc,heap        ] GC(1689) ParOldGen: 537119K(537600K)->537127K(537600K)
[609.640s][info][gc,metaspace   ] GC(1689) Metaspace: 35520K(36224K)->35520K(36224K) NonClass: 26309K(26816K)->26309K(26816K) Class: 9211K(9408K)->9211K(9408K)
[609.640s][info][gc             ] GC(1689) Pause Young (Allocation Failure) 816M->524M(833M) 1.537ms
[609.640s][info][gc,cpu         ] GC(1689) User=0.00s Sys=0.00s Real=0.00s
[610.017s][info][gc,start       ] GC(1690) Pause Young (Allocation Failure)
[610.019s][info][gc,heap        ] GC(1690) PSYoungGen: 303168K(315904K)->64K(317440K) Eden: 303104K(303104K)->0K(303104K) From: 64K(12800K)->64K(14336K)
[610.019s][info][gc,heap        ] GC(1690) ParOldGen: 537127K(537600K)->537135K(537600K)
[610.019s][info][gc,metaspace   ] GC(1690) Metaspace: 35520K(36224K)->35520K(36224K) NonClass: 26309K(26816K)->26309K(26816K) Class: 9211K(9408K)->9211K(9408K)
[610.019s][info][gc             ] GC(1690) Pause Young (Allocation Failure) 820M->524M(835M) 1.763ms
[610.019s][info][gc,cpu         ] GC(1690) User=0.00s Sys=0.00s Real=0.00s
[610.684s][info][gc,start       ] GC(1691) Pause Young (Allocation Failure)
[610.685s][info][gc,heap        ] GC(1691) PSYoungGen: 303168K(317440K)->64K(316928K) Eden: 303104K(303104K)->0K(306176K) From: 64K(14336K)->64K(10752K)
[610.685s][info][gc,heap        ] GC(1691) ParOldGen: 537135K(537600K)->537143K(537600K)
[610.685s][info][gc,metaspace   ] GC(1691) Metaspace: 35520K(36224K)->35520K(36224K) NonClass: 26309K(26816K)->26309K(26816K) Class: 9211K(9408K)->9211K(9408K)
[610.685s][info][gc             ] GC(1691) Pause Young (Allocation Failure) 820M->524M(834M) 1.657ms
[610.685s][info][gc,cpu         ] GC(1691) User=0.00s Sys=0.00s Real=0.00s
[611.625s][info][gc,start       ] GC(1692) Pause Young (Allocation Failure)
[611.627s][info][gc,heap        ] GC(1692) PSYoungGen: 306240K(316928K)->64K(294400K) Eden: 306176K(306176K)->0K(293888K) From: 64K(10752K)->64K(512K)
[611.627s][info][gc,heap        ] GC(1692) ParOldGen: 537143K(537600K)->537151K(537600K)
[611.627s][info][gc,metaspace   ] GC(1692) Metaspace: 35520K(36224K)->35520K(36224K) NonClass: 26309K(26816K)->26309K(26816K) Class: 9211K(9408K)->9211K(9408K)
[611.627s][info][gc             ] GC(1692) Pause Young (Allocation Failure) 823M->524M(812M) 2.322ms
[611.627s][info][gc,cpu         ] GC(1692) User=0.00s Sys=0.00s Real=0.00s
[612.118s][info][gc,start       ] GC(1693) Pause Young (Allocation Failure)
[612.120s][info][gc,heap        ] GC(1693) PSYoungGen: 293952K(294400K)->64K(282624K) Eden: 293888K(293888K)->0K(282112K) From: 64K(512K)->64K(512K)
[612.120s][info][gc,heap        ] GC(1693) ParOldGen: 537151K(537600K)->537159K(537600K)
[612.120s][info][gc,metaspace   ] GC(1693) Metaspace: 35520K(36224K)->35520K(36224K) NonClass: 26309K(26816K)->26309K(26816K) Class: 9211K(9408K)->9211K(9408K)
[612.120s][info][gc             ] GC(1693) Pause Young (Allocation Failure) 811M->524M(801M) 2.041ms
[612.120s][info][gc,cpu         ] GC(1693) User=0.01s Sys=0.00s Real=0.00s
[613.102s][info][gc,start       ] GC(1694) Pause Young (Allocation Failure)
[613.104s][info][gc,heap        ] GC(1694) PSYoungGen: 282176K(282624K)->64K(281600K) Eden: 282112K(282112K)->0K(270848K) From: 64K(512K)->64K(10752K)
[613.104s][info][gc,heap        ] GC(1694) ParOldGen: 537159K(537600K)->537167K(537600K)
[613.104s][info][gc,metaspace   ] GC(1694) Metaspace: 35520K(36224K)->35520K(36224K) NonClass: 26309K(26816K)->26309K(26816K) Class: 9211K(9408K)->9211K(9408K)
[613.104s][info][gc             ] GC(1694) Pause Young (Allocation Failure) 800M->524M(800M) 1.583ms
[613.104s][info][gc,cpu         ] GC(1694) User=0.00s Sys=0.00s Real=0.00s
[613.504s][info][gc,start       ] GC(1695) Pause Young (Allocation Failure)
[613.506s][info][gc,heap        ] GC(1695) PSYoungGen: 270912K(281600K)->64K(260608K) Eden: 270848K(270848K)->0K(260096K) From: 64K(10752K)->64K(512K)
[613.506s][info][gc,heap        ] GC(1695) ParOldGen: 537167K(537600K)->537183K(537600K)
[613.506s][info][gc,metaspace   ] GC(1695) Metaspace: 35520K(36224K)->35520K(36224K) NonClass: 26309K(26816K)->26309K(26816K) Class: 9211K(9408K)->9211K(9408K)
[613.506s][info][gc             ] GC(1695) Pause Young (Allocation Failure) 789M->524M(779M) 1.926ms
[613.506s][info][gc,cpu         ] GC(1695) User=0.00s Sys=0.00s Real=0.00s
[613.590s][info][gc,start       ] GC(1696) Pause Young (Allocation Failure)
[613.591s][info][gc,heap        ] GC(1696) PSYoungGen: 260160K(260608K)->64K(259072K) Eden: 260096K(260096K)->0K(249856K) From: 64K(512K)->64K(9216K)
[613.591s][info][gc,heap        ] GC(1696) ParOldGen: 537183K(537600K)->537191K(537600K)
[613.591s][info][gc,metaspace   ] GC(1696) Metaspace: 35520K(36224K)->35520K(36224K) NonClass: 26309K(26816K)->26309K(26816K) Class: 9211K(9408K)->9211K(9408K)
[613.591s][info][gc             ] GC(1696) Pause Young (Allocation Failure) 778M->524M(778M) 1.394ms
[613.591s][info][gc,cpu         ] GC(1696) User=0.00s Sys=0.00s Real=0.00s
[614.150s][info][gc,start       ] GC(1697) Pause Young (Allocation Failure)
[614.152s][info][gc,heap        ] GC(1697) PSYoungGen: 249920K(259072K)->64K(240640K) Eden: 249856K(249856K)->0K(240128K) From: 64K(9216K)->64K(512K)
[614.152s][info][gc,heap        ] GC(1697) ParOldGen: 537191K(537600K)->537199K(537600K)
[614.152s][info][gc,metaspace   ] GC(1697) Metaspace: 35520K(36224K)->35520K(36224K) NonClass: 26309K(26816K)->26309K(26816K) Class: 9211K(9408K)->9211K(9408K)
[614.152s][info][gc             ] GC(1697) Pause Young (Allocation Failure) 768M->524M(760M) 2.070ms
[614.152s][info][gc,cpu         ] GC(1697) User=0.00s Sys=0.00s Real=0.00s
[614.387s][info][gc,start       ] GC(1698) Pause Young (Allocation Failure)
[614.390s][info][gc,heap        ] GC(1698) PSYoungGen: 240192K(240640K)->64K(239104K) Eden: 240128K(240128K)->0K(230912K) From: 64K(512K)->64K(8192K)
[614.390s][info][gc,heap        ] GC(1698) ParOldGen: 537199K(537600K)->537207K(537600K)
[614.390s][info][gc,metaspace   ] GC(1698) Metaspace: 35520K(36224K)->35520K(36224K) NonClass: 26309K(26816K)->26309K(26816K) Class: 9211K(9408K)->9211K(9408K)
[614.390s][info][gc             ] GC(1698) Pause Young (Allocation Failure) 759M->524M(758M) 2.357ms
[614.390s][info][gc,cpu         ] GC(1698) User=0.00s Sys=0.00s Real=0.00s
[614.693s][info][gc,start       ] GC(1699) Pause Young (Allocation Failure)
[614.731s][info][gc,heap        ] GC(1699) PSYoungGen: 230976K(239104K)->7680K(278016K) Eden: 230912K(230912K)->0K(270336K) From: 64K(8192K)->7680K(7680K)
[614.731s][info][gc,heap        ] GC(1699) ParOldGen: 537207K(537600K)->547263K(547328K)
[614.731s][info][gc,metaspace   ] GC(1699) Metaspace: 35520K(36224K)->35520K(36224K) NonClass: 26309K(26816K)->26309K(26816K) Class: 9211K(9408K)->9211K(9408K)
[614.731s][info][gc             ] GC(1699) Pause Young (Allocation Failure) 750M->541M(806M) 38.204ms
[614.731s][info][gc,cpu         ] GC(1699) User=0.06s Sys=0.00s Real=0.03s
[615.039s][info][gc,start       ] GC(1700) Pause Young (Allocation Failure)
[615.098s][info][gc,heap        ] GC(1700) PSYoungGen: 278016K(278016K)->13312K(283648K) Eden: 270336K(270336K)->0K(270336K) From: 7680K(7680K)->13312K(13312K)
[615.098s][info][gc,heap        ] GC(1700) ParOldGen: 547263K(547328K)->564727K(564736K)
[615.098s][info][gc,metaspace   ] GC(1700) Metaspace: 35520K(36224K)->35520K(36224K) NonClass: 26309K(26816K)->26309K(26816K) Class: 9211K(9408K)->9211K(9408K)
[615.098s][info][gc             ] GC(1700) Pause Young (Allocation Failure) 805M->564M(828M) 58.923ms
[615.098s][info][gc,cpu         ] GC(1700) User=0.11s Sys=0.01s Real=0.06s
[615.283s][info][gc,start       ] GC(1701) Pause Young (Allocation Failure)
[615.317s][info][gc,heap        ] GC(1701) PSYoungGen: 283648K(283648K)->14432K(308224K) Eden: 270336K(270336K)->0K(285696K) From: 13312K(13312K)->14432K(22528K)
[615.317s][info][gc,heap        ] GC(1701) ParOldGen: 564727K(564736K)->565207K(565248K)
[615.317s][info][gc,metaspace   ] GC(1701) Metaspace: 35520K(36224K)->35520K(36224K) NonClass: 26309K(26816K)->26309K(26816K) Class: 9211K(9408K)->9211K(9408K)
[615.317s][info][gc             ] GC(1701) Pause Young (Allocation Failure) 828M->566M(853M) 33.460ms
[615.317s][info][gc,cpu         ] GC(1701) User=0.05s Sys=0.01s Real=0.03s
[615.701s][info][gc,start       ] GC(1702) Pause Young (Allocation Failure)
[615.703s][info][gc,heap        ] GC(1702) PSYoungGen: 300128K(308224K)->64K(309760K) Eden: 285696K(285696K)->0K(285696K) From: 14432K(22528K)->64K(24064K)
[615.703s][info][gc,heap        ] GC(1702) ParOldGen: 565207K(565248K)->565215K(565248K)
[615.703s][info][gc,metaspace   ] GC(1702) Metaspace: 35520K(36224K)->35520K(36224K) NonClass: 26309K(26816K)->26309K(26816K) Class: 9211K(9408K)->9211K(9408K)
[615.703s][info][gc             ] GC(1702) Pause Young (Allocation Failure) 845M->552M(854M) 1.756ms
[615.703s][info][gc,cpu         ] GC(1702) User=0.01s Sys=0.00s Real=0.01s
[616.261s][info][gc,start       ] GC(1703) Pause Young (Allocation Failure)
[616.262s][info][gc,heap        ] GC(1703) PSYoungGen: 285760K(309760K)->64K(307200K) Eden: 285696K(285696K)->0K(286208K) From: 64K(24064K)->64K(20992K)
[616.262s][info][gc,heap        ] GC(1703) ParOldGen: 565215K(565248K)->565223K(565248K)
[616.262s][info][gc,metaspace   ] GC(1703) Metaspace: 35520K(36224K)->35520K(36224K) NonClass: 26309K(26816K)->26309K(26816K) Class: 9211K(9408K)->9211K(9408K)
[616.262s][info][gc             ] GC(1703) Pause Young (Allocation Failure) 831M->552M(852M) 1.705ms
[616.262s][info][gc,cpu         ] GC(1703) User=0.00s Sys=0.00s Real=0.01s
[616.683s][info][gc,start       ] GC(1704) Pause Young (Allocation Failure)
[616.685s][info][gc,heap        ] GC(1704) PSYoungGen: 286272K(307200K)->64K(308736K) Eden: 286208K(286208K)->0K(286208K) From: 64K(20992K)->64K(22528K)
[616.685s][info][gc,heap        ] GC(1704) ParOldGen: 565223K(565248K)->565239K(565248K)
[616.685s][info][gc,metaspace   ] GC(1704) Metaspace: 35520K(36224K)->35520K(36224K) NonClass: 26309K(26816K)->26309K(26816K) Class: 9211K(9408K)->9211K(9408K)
[616.685s][info][gc             ] GC(1704) Pause Young (Allocation Failure) 831M->552M(853M) 1.726ms
[616.685s][info][gc,cpu         ] GC(1704) User=0.01s Sys=0.00s Real=0.00s
[616.889s][info][gc,start       ] GC(1705) Pause Young (Allocation Failure)
[616.891s][info][gc,heap        ] GC(1705) PSYoungGen: 286272K(308736K)->32K(308736K) Eden: 286208K(286208K)->0K(289280K) From: 64K(22528K)->32K(19456K)
[616.891s][info][gc,heap        ] GC(1705) ParOldGen: 565239K(565248K)->565255K(565760K)
[616.891s][info][gc,metaspace   ] GC(1705) Metaspace: 35520K(36224K)->35520K(36224K) NonClass: 26309K(26816K)->26309K(26816K) Class: 9211K(9408K)->9211K(9408K)
[616.891s][info][gc             ] GC(1705) Pause Young (Allocation Failure) 831M->552M(854M) 1.679ms
[616.891s][info][gc,cpu         ] GC(1705) User=0.00s Sys=0.00s Real=0.00s
[617.097s][info][gc,start       ] GC(1706) Pause Young (Allocation Failure)
[617.098s][info][gc,heap        ] GC(1706) PSYoungGen: 289312K(308736K)->64K(310272K) Eden: 289280K(289280K)->0K(289280K) From: 32K(19456K)->64K(20992K)
[617.098s][info][gc,heap        ] GC(1706) ParOldGen: 565255K(565760K)->565255K(565760K)
[617.098s][info][gc,metaspace   ] GC(1706) Metaspace: 35520K(36224K)->35520K(36224K) NonClass: 26309K(26816K)->26309K(26816K) Class: 9211K(9408K)->9211K(9408K)
[617.098s][info][gc             ] GC(1706) Pause Young (Allocation Failure) 834M->552M(855M) 1.607ms
[617.098s][info][gc,cpu         ] GC(1706) User=0.00s Sys=0.00s Real=0.00s
[617.382s][info][gc,start       ] GC(1707) Pause Young (Allocation Failure)
[617.383s][info][gc,heap        ] GC(1707) PSYoungGen: 289344K(310272K)->64K(310272K) Eden: 289280K(289280K)->0K(292864K) From: 64K(20992K)->64K(17408K)
[617.383s][info][gc,heap        ] GC(1707) ParOldGen: 565255K(565760K)->565255K(565760K)
[617.383s][info][gc,metaspace   ] GC(1707) Metaspace: 35520K(36224K)->35520K(36224K) NonClass: 26309K(26816K)->26309K(26816K) Class: 9211K(9408K)->9211K(9408K)
[617.383s][info][gc             ] GC(1707) Pause Young (Allocation Failure) 834M->552M(855M) 1.582ms
[617.383s][info][gc,cpu         ] GC(1707) User=0.00s Sys=0.00s Real=0.01s
[617.434s][info][gc,start       ] GC(1708) Pause Young (Allocation Failure)
[617.436s][info][gc,heap        ] GC(1708) PSYoungGen: 292928K(310272K)->64K(311808K) Eden: 292864K(292864K)->0K(292864K) From: 64K(17408K)->64K(18944K)
[617.436s][info][gc,heap        ] GC(1708) ParOldGen: 565255K(565760K)->565271K(565760K)
[617.436s][info][gc,metaspace   ] GC(1708) Metaspace: 35520K(36224K)->35520K(36224K) NonClass: 26309K(26816K)->26309K(26816K) Class: 9211K(9408K)->9211K(9408K)
[617.436s][info][gc             ] GC(1708) Pause Young (Allocation Failure) 838M->552M(857M) 1.724ms
[617.436s][info][gc,cpu         ] GC(1708) User=0.01s Sys=0.00s Real=0.00s
[617.522s][info][gc,start       ] GC(1709) Pause Young (Allocation Failure)
[617.523s][info][gc,heap        ] GC(1709) PSYoungGen: 292928K(311808K)->64K(312320K) Eden: 292864K(292864K)->0K(296960K) From: 64K(18944K)->64K(15360K)
[617.523s][info][gc,heap        ] GC(1709) ParOldGen: 565271K(565760K)->565271K(565760K)
[617.523s][info][gc,metaspace   ] GC(1709) Metaspace: 35520K(36224K)->35520K(36224K) NonClass: 26309K(26816K)->26309K(26816K) Class: 9211K(9408K)->9211K(9408K)
[617.523s][info][gc             ] GC(1709) Pause Young (Allocation Failure) 838M->552M(857M) 1.582ms
[617.523s][info][gc,cpu         ] GC(1709) User=0.01s Sys=0.00s Real=0.01s
[617.746s][info][gc,start       ] GC(1710) Pause Young (Allocation Failure)
[617.747s][info][gc,heap        ] GC(1710) PSYoungGen: 297024K(312320K)->64K(313856K) Eden: 296960K(296960K)->0K(296960K) From: 64K(15360K)->64K(16896K)
[617.747s][info][gc,heap        ] GC(1710) ParOldGen: 565271K(565760K)->565287K(565760K)
[617.747s][info][gc,metaspace   ] GC(1710) Metaspace: 35520K(36224K)->35520K(36224K) NonClass: 26309K(26816K)->26309K(26816K) Class: 9211K(9408K)->9211K(9408K)
[617.747s][info][gc             ] GC(1710) Pause Young (Allocation Failure) 842M->552M(859M) 1.721ms
[617.747s][info][gc,cpu         ] GC(1710) User=0.01s Sys=0.00s Real=0.00s
[617.928s][info][gc,start       ] GC(1711) Pause Young (Allocation Failure)
[617.929s][info][gc,heap        ] GC(1711) PSYoungGen: 297024K(313856K)->64K(315392K) Eden: 296960K(296960K)->0K(301056K) From: 64K(16896K)->64K(14336K)
[617.929s][info][gc,heap        ] GC(1711) ParOldGen: 565287K(565760K)->565287K(565760K)
[617.929s][info][gc,metaspace   ] GC(1711) Metaspace: 35520K(36224K)->35520K(36224K) NonClass: 26309K(26816K)->26309K(26816K) Class: 9211K(9408K)->9211K(9408K)
[617.929s][info][gc             ] GC(1711) Pause Young (Allocation Failure) 842M->552M(860M) 1.713ms
[617.929s][info][gc,cpu         ] GC(1711) User=0.00s Sys=0.00s Real=0.00s
[618.013s][info][gc,start       ] GC(1712) Pause Young (Allocation Failure)
[618.015s][info][gc,heap        ] GC(1712) PSYoungGen: 301120K(315392K)->64K(316416K) Eden: 301056K(301056K)->0K(301056K) From: 64K(14336K)->64K(15360K)
[618.015s][info][gc,heap        ] GC(1712) ParOldGen: 565287K(565760K)->565303K(565760K)
[618.015s][info][gc,metaspace   ] GC(1712) Metaspace: 35520K(36224K)->35520K(36224K) NonClass: 26309K(26816K)->26309K(26816K) Class: 9211K(9408K)->9211K(9408K)
[618.015s][info][gc             ] GC(1712) Pause Young (Allocation Failure) 846M->552M(861M) 1.664ms
[618.015s][info][gc,cpu         ] GC(1712) User=0.00s Sys=0.00s Real=0.00s
[618.172s][info][gc,start       ] GC(1713) Pause Young (Allocation Failure)
[618.174s][info][gc,heap        ] GC(1713) PSYoungGen: 301120K(316416K)->64K(316416K) Eden: 301056K(301056K)->0K(304128K) From: 64K(15360K)->64K(12288K)
[618.174s][info][gc,heap        ] GC(1713) ParOldGen: 565303K(565760K)->565303K(565760K)
[618.174s][info][gc,metaspace   ] GC(1713) Metaspace: 35520K(36224K)->35520K(36224K) NonClass: 26309K(26816K)->26309K(26816K) Class: 9211K(9408K)->9211K(9408K)
[618.174s][info][gc             ] GC(1713) Pause Young (Allocation Failure) 846M->552M(861M) 1.653ms
[618.174s][info][gc,cpu         ] GC(1713) User=0.00s Sys=0.00s Real=0.00s
[619.105s][info][gc,start       ] GC(1714) Pause Young (Allocation Failure)
[619.106s][info][gc,heap        ] GC(1714) PSYoungGen: 304192K(316416K)->83K(317440K) Eden: 304128K(304128K)->0K(304128K) From: 64K(12288K)->83K(13312K)
[619.106s][info][gc,heap        ] GC(1714) ParOldGen: 565303K(565760K)->565311K(565760K)
[619.106s][info][gc,metaspace   ] GC(1714) Metaspace: 35520K(36224K)->35520K(36224K) NonClass: 26309K(26816K)->26309K(26816K) Class: 9211K(9408K)->9211K(9408K)
[619.106s][info][gc             ] GC(1714) Pause Young (Allocation Failure) 849M->552M(862M) 1.690ms
[619.106s][info][gc,cpu         ] GC(1714) User=0.00s Sys=0.00s Real=0.00s
[619.939s][info][gc,start       ] GC(1715) Pause Young (Allocation Failure)
[619.941s][info][gc,heap        ] GC(1715) PSYoungGen: 304211K(317440K)->64K(292352K) Eden: 304128K(304128K)->0K(291840K) From: 83K(13312K)->64K(512K)
[619.941s][info][gc,heap        ] GC(1715) ParOldGen: 565311K(565760K)->565319K(565760K)
[619.941s][info][gc,metaspace   ] GC(1715) Metaspace: 35520K(36224K)->35520K(36224K) NonClass: 26309K(26816K)->26309K(26816K) Class: 9211K(9408K)->9211K(9408K)
[619.941s][info][gc             ] GC(1715) Pause Young (Allocation Failure) 849M->552M(838M) 1.959ms
[619.941s][info][gc,cpu         ] GC(1715) User=0.00s Sys=0.00s Real=0.00s
[620.307s][info][gc,start       ] GC(1716) Pause Young (Allocation Failure)
[620.309s][info][gc,heap        ] GC(1716) PSYoungGen: 291904K(292352K)->64K(291840K) Eden: 291840K(291840K)->0K(280064K) From: 64K(512K)->64K(11776K)
[620.309s][info][gc,heap        ] GC(1716) ParOldGen: 565319K(565760K)->565327K(565760K)
[620.309s][info][gc,metaspace   ] GC(1716) Metaspace: 35520K(36224K)->35520K(36224K) NonClass: 26309K(26816K)->26309K(26816K) Class: 9211K(9408K)->9211K(9408K)
[620.309s][info][gc             ] GC(1716) Pause Young (Allocation Failure) 837M->552M(837M) 1.672ms
[620.309s][info][gc,cpu         ] GC(1716) User=0.00s Sys=0.00s Real=0.00s
[621.374s][info][gc,start       ] GC(1717) Pause Young (Allocation Failure)
[621.376s][info][gc,heap        ] GC(1717) PSYoungGen: 280128K(291840K)->64K(269312K) Eden: 280064K(280064K)->0K(268800K) From: 64K(11776K)->64K(512K)
[621.376s][info][gc,heap        ] GC(1717) ParOldGen: 565327K(565760K)->565335K(565760K)
[621.376s][info][gc,metaspace   ] GC(1717) Metaspace: 35520K(36224K)->35520K(36224K) NonClass: 26309K(26816K)->26309K(26816K) Class: 9211K(9408K)->9211K(9408K)
[621.376s][info][gc             ] GC(1717) Pause Young (Allocation Failure) 825M->552M(815M) 2.242ms
[621.376s][info][gc,cpu         ] GC(1717) User=0.01s Sys=0.00s Real=0.00s
[621.783s][info][gc,start       ] GC(1718) Pause Young (Allocation Failure)
[621.786s][info][gc,heap        ] GC(1718) PSYoungGen: 268864K(269312K)->64K(268800K) Eden: 268800K(268800K)->0K(258560K) From: 64K(512K)->64K(10240K)
[621.786s][info][gc,heap        ] GC(1718) ParOldGen: 565335K(565760K)->565351K(565760K)
[621.786s][info][gc,metaspace   ] GC(1718) Metaspace: 35520K(36224K)->35520K(36224K) NonClass: 26309K(26816K)->26309K(26816K) Class: 9211K(9408K)->9211K(9408K)
[621.786s][info][gc             ] GC(1718) Pause Young (Allocation Failure) 814M->552M(815M) 3.083ms
[621.786s][info][gc,cpu         ] GC(1718) User=0.00s Sys=0.00s Real=0.00s
[621.978s][info][gc,start       ] GC(1719) Pause Young (Allocation Failure)
[621.981s][info][gc,heap        ] GC(1719) PSYoungGen: 258624K(268800K)->64K(249344K) Eden: 258560K(258560K)->0K(248832K) From: 64K(10240K)->64K(512K)
[621.981s][info][gc,heap        ] GC(1719) ParOldGen: 565351K(565760K)->565367K(565760K)
[621.981s][info][gc,metaspace   ] GC(1719) Metaspace: 35520K(36224K)->35520K(36224K) NonClass: 26309K(26816K)->26309K(26816K) Class: 9211K(9408K)->9211K(9408K)
[621.981s][info][gc             ] GC(1719) Pause Young (Allocation Failure) 804M->552M(796M) 3.102ms
[621.981s][info][gc,cpu         ] GC(1719) User=0.01s Sys=0.00s Real=0.00s
[622.150s][info][gc,start       ] GC(1720) Pause Young (Allocation Failure)
[622.153s][info][gc,heap        ] GC(1720) PSYoungGen: 248896K(249344K)->64K(292864K) Eden: 248832K(248832K)->0K(284160K) From: 64K(512K)->64K(8704K)
[622.153s][info][gc,heap        ] GC(1720) ParOldGen: 565367K(565760K)->565383K(565760K)
[622.153s][info][gc,metaspace   ] GC(1720) Metaspace: 35520K(36224K)->35520K(36224K) NonClass: 26309K(26816K)->26309K(26816K) Class: 9211K(9408K)->9211K(9408K)
[622.153s][info][gc             ] GC(1720) Pause Young (Allocation Failure) 795M->552M(838M) 2.888ms
[622.153s][info][gc,cpu         ] GC(1720) User=0.01s Sys=0.00s Real=0.01s
[622.669s][info][gc,start       ] GC(1721) Pause Young (Allocation Failure)
[622.672s][info][gc,heap        ] GC(1721) PSYoungGen: 284224K(292864K)->64K(273408K) Eden: 284160K(284160K)->0K(272896K) From: 64K(8704K)->64K(512K)
[622.672s][info][gc,heap        ] GC(1721) ParOldGen: 565383K(565760K)->565399K(565760K)
[622.672s][info][gc,metaspace   ] GC(1721) Metaspace: 35520K(36224K)->35520K(36224K) NonClass: 26309K(26816K)->26309K(26816K) Class: 9211K(9408K)->9211K(9408K)
[622.672s][info][gc             ] GC(1721) Pause Young (Allocation Failure) 829M->552M(819M) 2.834ms
[622.672s][info][gc,cpu         ] GC(1721) User=0.01s Sys=0.00s Real=0.00s
[623.035s][info][gc,start       ] GC(1722) Pause Young (Allocation Failure)
[623.052s][info][gc,heap        ] GC(1722) PSYoungGen: 272960K(273408K)->7680K(296448K) Eden: 272896K(272896K)->0K(288768K) From: 64K(512K)->7680K(7680K)
[623.052s][info][gc,heap        ] GC(1722) ParOldGen: 565399K(565760K)->565639K(565760K)
[623.052s][info][gc,metaspace   ] GC(1722) Metaspace: 35520K(36224K)->35520K(36224K) NonClass: 26309K(26816K)->26309K(26816K) Class: 9211K(9408K)->9211K(9408K)
[623.052s][info][gc             ] GC(1722) Pause Young (Allocation Failure) 818M->559M(842M) 17.217ms
[623.052s][info][gc,cpu         ] GC(1722) User=0.02s Sys=0.00s Real=0.02s
[623.382s][info][gc,start       ] GC(1723) Pause Young (Allocation Failure)
[623.448s][info][gc,heap        ] GC(1723) PSYoungGen: 296448K(296448K)->9728K(302592K) Eden: 288768K(288768K)->0K(292864K) From: 7680K(7680K)->9728K(9728K)
[623.448s][info][gc,heap        ] GC(1723) ParOldGen: 565639K(565760K)->588503K(588800K)
[623.448s][info][gc,metaspace   ] GC(1723) Metaspace: 35520K(36224K)->35520K(36224K) NonClass: 26309K(26816K)->26309K(26816K) Class: 9211K(9408K)->9211K(9408K)
[623.448s][info][gc             ] GC(1723) Pause Young (Allocation Failure) 841M->584M(870M) 65.713ms
[623.448s][info][gc,cpu         ] GC(1723) User=0.11s Sys=0.03s Real=0.07s
[623.697s][info][gc,start       ] GC(1724) Pause Young (Allocation Failure)
[623.744s][info][gc,heap        ] GC(1724) PSYoungGen: 302592K(302592K)->20480K(313344K) Eden: 292864K(292864K)->0K(292864K) From: 9728K(9728K)->20480K(20480K)
[623.744s][info][gc,heap        ] GC(1724) ParOldGen: 588503K(588800K)->590759K(590848K)
[623.744s][info][gc,metaspace   ] GC(1724) Metaspace: 35520K(36224K)->35520K(36224K) NonClass: 26309K(26816K)->26309K(26816K) Class: 9211K(9408K)->9211K(9408K)
[623.744s][info][gc             ] GC(1724) Pause Young (Allocation Failure) 870M->596M(883M) 46.523ms
[623.744s][info][gc,cpu         ] GC(1724) User=0.09s Sys=0.01s Real=0.05s
[624.048s][info][gc,start       ] GC(1725) Pause Young (Allocation Failure)
[624.050s][info][gc,heap        ] GC(1725) PSYoungGen: 313344K(313344K)->64K(305152K) Eden: 292864K(292864K)->0K(284672K) From: 20480K(20480K)->64K(20480K)
[624.050s][info][gc,heap        ] GC(1725) ParOldGen: 590759K(590848K)->590807K(590848K)
[624.050s][info][gc,metaspace   ] GC(1725) Metaspace: 35520K(36224K)->35520K(36224K) NonClass: 26309K(26816K)->26309K(26816K) Class: 9211K(9408K)->9211K(9408K)
[624.050s][info][gc             ] GC(1725) Pause Young (Allocation Failure) 882M->577M(875M) 2.361ms
[624.050s][info][gc,cpu         ] GC(1725) User=0.00s Sys=0.00s Real=0.00s
[624.650s][info][gc,start       ] GC(1726) Pause Young (Allocation Failure)
[624.652s][info][gc,heap        ] GC(1726) PSYoungGen: 284736K(305152K)->64K(309248K) Eden: 284672K(284672K)->0K(284672K) From: 64K(20480K)->64K(24576K)
[624.652s][info][gc,heap        ] GC(1726) ParOldGen: 590807K(590848K)->590815K(590848K)
[624.652s][info][gc,metaspace   ] GC(1726) Metaspace: 35520K(36224K)->35520K(36224K) NonClass: 26309K(26816K)->26309K(26816K) Class: 9211K(9408K)->9211K(9408K)
[624.652s][info][gc             ] GC(1726) Pause Young (Allocation Failure) 855M->577M(879M) 1.773ms
[624.652s][info][gc,cpu         ] GC(1726) User=0.00s Sys=0.00s Real=0.00s
[625.091s][info][gc,start       ] GC(1727) Pause Young (Allocation Failure)
[625.093s][info][gc,heap        ] GC(1727) PSYoungGen: 284736K(309248K)->64K(306688K) Eden: 284672K(284672K)->0K(285184K) From: 64K(24576K)->64K(21504K)
[625.093s][info][gc,heap        ] GC(1727) ParOldGen: 590815K(590848K)->590831K(590848K)
[625.093s][info][gc,metaspace   ] GC(1727) Metaspace: 35520K(36224K)->35520K(36224K) NonClass: 26309K(26816K)->26309K(26816K) Class: 9211K(9408K)->9211K(9408K)
[625.093s][info][gc             ] GC(1727) Pause Young (Allocation Failure) 855M->577M(876M) 2.011ms
[625.093s][info][gc,cpu         ] GC(1727) User=0.01s Sys=0.00s Real=0.01s
[625.296s][info][gc,start       ] GC(1728) Pause Young (Allocation Failure)
[625.298s][info][gc,heap        ] GC(1728) PSYoungGen: 285248K(306688K)->64K(308224K) Eden: 285184K(285184K)->0K(285184K) From: 64K(21504K)->64K(23040K)
[625.298s][info][gc,heap        ] GC(1728) ParOldGen: 590831K(590848K)->590847K(590848K)
[625.298s][info][gc,metaspace   ] GC(1728) Metaspace: 35520K(36224K)->35520K(36224K) NonClass: 26309K(26816K)->26309K(26816K) Class: 9211K(9408K)->9211K(9408K)
[625.298s][info][gc             ] GC(1728) Pause Young (Allocation Failure) 855M->577M(878M) 1.706ms
[625.298s][info][gc,cpu         ] GC(1728) User=0.00s Sys=0.00s Real=0.00s
[625.500s][info][gc,start       ] GC(1729) Pause Young (Allocation Failure)
[625.502s][info][gc,heap        ] GC(1729) PSYoungGen: 285248K(308224K)->64K(308224K) Eden: 285184K(285184K)->0K(288768K) From: 64K(23040K)->64K(19456K)
[625.502s][info][gc,heap        ] GC(1729) ParOldGen: 590847K(590848K)->590847K(590848K)
[625.502s][info][gc,metaspace   ] GC(1729) Metaspace: 35520K(36224K)->35520K(36224K) NonClass: 26309K(26816K)->26309K(26816K) Class: 9211K(9408K)->9211K(9408K)
[625.502s][info][gc             ] GC(1729) Pause Young (Allocation Failure) 855M->577M(878M) 1.774ms
[625.502s][info][gc,cpu         ] GC(1729) User=0.00s Sys=0.00s Real=0.01s
[625.809s][info][gc,start       ] GC(1730) Pause Young (Allocation Failure)
[625.811s][info][gc,heap        ] GC(1730) PSYoungGen: 288832K(308224K)->64K(309760K) Eden: 288768K(288768K)->0K(288768K) From: 64K(19456K)->64K(20992K)
[625.811s][info][gc,heap        ] GC(1730) ParOldGen: 590847K(590848K)->590847K(590848K)
[625.811s][info][gc,metaspace   ] GC(1730) Metaspace: 35520K(36224K)->35520K(36224K) NonClass: 26309K(26816K)->26309K(26816K) Class: 9211K(9408K)->9211K(9408K)
[625.811s][info][gc             ] GC(1730) Pause Young (Allocation Failure) 859M->577M(879M) 1.672ms
[625.811s][info][gc,cpu         ] GC(1730) User=0.00s Sys=0.00s Real=0.00s
[625.860s][info][gc,start       ] GC(1731) Pause Young (Allocation Failure)
[625.861s][info][gc,heap        ] GC(1731) PSYoungGen: 288832K(309760K)->64K(310272K) Eden: 288768K(288768K)->0K(292864K) From: 64K(20992K)->64K(17408K)
[625.861s][info][gc,heap        ] GC(1731) ParOldGen: 590847K(590848K)->590863K(591360K)
[625.861s][info][gc,metaspace   ] GC(1731) Metaspace: 35520K(36224K)->35520K(36224K) NonClass: 26309K(26816K)->26309K(26816K) Class: 9211K(9408K)->9211K(9408K)
[625.861s][info][gc             ] GC(1731) Pause Young (Allocation Failure) 859M->577M(880M) 1.682ms
[625.861s][info][gc,cpu         ] GC(1731) User=0.00s Sys=0.00s Real=0.00s
[625.917s][info][gc,start       ] GC(1732) Pause Young (Allocation Failure)
[625.919s][info][gc,heap        ] GC(1732) PSYoungGen: 292928K(310272K)->64K(311808K) Eden: 292864K(292864K)->0K(292864K) From: 64K(17408K)->64K(18944K)
[625.919s][info][gc,heap        ] GC(1732) ParOldGen: 590863K(591360K)->590863K(591360K)
[625.919s][info][gc,metaspace   ] GC(1732) Metaspace: 35520K(36224K)->35520K(36224K) NonClass: 26309K(26816K)->26309K(26816K) Class: 9211K(9408K)->9211K(9408K)
[625.919s][info][gc             ] GC(1732) Pause Young (Allocation Failure) 863M->577M(882M) 1.544ms
[625.919s][info][gc,cpu         ] GC(1732) User=0.00s Sys=0.00s Real=0.00s
[626.136s][info][gc,start       ] GC(1733) Pause Young (Allocation Failure)
[626.137s][info][gc,heap        ] GC(1733) PSYoungGen: 292928K(311808K)->64K(312320K) Eden: 292864K(292864K)->0K(296960K) From: 64K(18944K)->64K(15360K)
[626.138s][info][gc,heap        ] GC(1733) ParOldGen: 590863K(591360K)->590879K(591360K)
[626.138s][info][gc,metaspace   ] GC(1733) Metaspace: 35520K(36224K)->35520K(36224K) NonClass: 26309K(26816K)->26309K(26816K) Class: 9211K(9408K)->9211K(9408K)
[626.138s][info][gc             ] GC(1733) Pause Young (Allocation Failure) 863M->577M(882M) 1.637ms
[626.138s][info][gc,cpu         ] GC(1733) User=0.00s Sys=0.00s Real=0.00s
[626.343s][info][gc,start       ] GC(1734) Pause Young (Allocation Failure)
[626.345s][info][gc,heap        ] GC(1734) PSYoungGen: 297024K(312320K)->64K(313856K) Eden: 296960K(296960K)->0K(296960K) From: 64K(15360K)->64K(16896K)
[626.345s][info][gc,heap        ] GC(1734) ParOldGen: 590879K(591360K)->590879K(591360K)
[626.345s][info][gc,metaspace   ] GC(1734) Metaspace: 35520K(36224K)->35520K(36224K) NonClass: 26309K(26816K)->26309K(26816K) Class: 9211K(9408K)->9211K(9408K)
[626.345s][info][gc             ] GC(1734) Pause Young (Allocation Failure) 867M->577M(884M) 1.731ms
[626.345s][info][gc,cpu         ] GC(1734) User=0.00s Sys=0.00s Real=0.00s
[626.425s][info][gc,start       ] GC(1735) Pause Young (Allocation Failure)
[626.427s][info][gc,heap        ] GC(1735) PSYoungGen: 297024K(313856K)->64K(314368K) Eden: 296960K(296960K)->0K(301056K) From: 64K(16896K)->64K(13312K)
[626.427s][info][gc,heap        ] GC(1735) ParOldGen: 590879K(591360K)->590895K(591360K)
[626.427s][info][gc,metaspace   ] GC(1735) Metaspace: 35520K(36224K)->35520K(36224K) NonClass: 26309K(26816K)->26309K(26816K) Class: 9211K(9408K)->9211K(9408K)
[626.427s][info][gc             ] GC(1735) Pause Young (Allocation Failure) 867M->577M(884M) 1.772ms
[626.427s][info][gc,cpu         ] GC(1735) User=0.00s Sys=0.00s Real=0.00s
[626.562s][info][gc,start       ] GC(1736) Pause Young (Allocation Failure)
[626.563s][info][gc,heap        ] GC(1736) PSYoungGen: 301120K(314368K)->64K(315904K) Eden: 301056K(301056K)->0K(301056K) From: 64K(13312K)->64K(14848K)
[626.563s][info][gc,heap        ] GC(1736) ParOldGen: 590895K(591360K)->590895K(591360K)
[626.563s][info][gc,metaspace   ] GC(1736) Metaspace: 35520K(36224K)->35520K(36224K) NonClass: 26309K(26816K)->26309K(26816K) Class: 9211K(9408K)->9211K(9408K)
[626.563s][info][gc             ] GC(1736) Pause Young (Allocation Failure) 871M->577M(886M) 1.639ms
[626.563s][info][gc,cpu         ] GC(1736) User=0.00s Sys=0.00s Real=0.01s
[626.990s][info][gc,start       ] GC(1737) Pause Young (Allocation Failure)
[626.992s][info][gc,heap        ] GC(1737) PSYoungGen: 301120K(315904K)->64K(316416K) Eden: 301056K(301056K)->0K(305152K) From: 64K(14848K)->64K(11264K)
[626.992s][info][gc,heap        ] GC(1737) ParOldGen: 590895K(591360K)->590903K(591360K)
[626.992s][info][gc,metaspace   ] GC(1737) Metaspace: 35520K(36224K)->35520K(36224K) NonClass: 26309K(26816K)->26309K(26816K) Class: 9211K(9408K)->9211K(9408K)
[626.992s][info][gc             ] GC(1737) Pause Young (Allocation Failure) 871M->577M(886M) 1.753ms
[626.992s][info][gc,cpu         ] GC(1737) User=0.01s Sys=0.00s Real=0.00s
[628.347s][info][gc,start       ] GC(1738) Pause Young (Allocation Failure)
[628.349s][info][gc,heap        ] GC(1738) PSYoungGen: 305216K(316416K)->64K(317952K) Eden: 305152K(305152K)->0K(305152K) From: 64K(11264K)->64K(12800K)
[628.349s][info][gc,heap        ] GC(1738) ParOldGen: 590903K(591360K)->590911K(591360K)
[628.349s][info][gc,metaspace   ] GC(1738) Metaspace: 35520K(36224K)->35520K(36224K) NonClass: 26309K(26816K)->26309K(26816K) Class: 9211K(9408K)->9211K(9408K)
[628.349s][info][gc             ] GC(1738) Pause Young (Allocation Failure) 875M->577M(888M) 1.875ms
[628.349s][info][gc,cpu         ] GC(1738) User=0.00s Sys=0.00s Real=0.00s
[628.644s][info][gc,start       ] GC(1739) Pause Young (Allocation Failure)
[628.646s][info][gc,heap        ] GC(1739) PSYoungGen: 305216K(317952K)->64K(293376K) Eden: 305152K(305152K)->0K(292864K) From: 64K(12800K)->64K(512K)
[628.646s][info][gc,heap        ] GC(1739) ParOldGen: 590911K(591360K)->590919K(591360K)
[628.646s][info][gc,metaspace   ] GC(1739) Metaspace: 35520K(36224K)->35520K(36224K) NonClass: 26309K(26816K)->26309K(26816K) Class: 9211K(9408K)->9211K(9408K)
[628.646s][info][gc             ] GC(1739) Pause Young (Allocation Failure) 875M->577M(864M) 2.165ms
[628.646s][info][gc,cpu         ] GC(1739) User=0.00s Sys=0.00s Real=0.00s
[629.347s][info][gc,start       ] GC(1740) Pause Young (Allocation Failure)
[629.348s][info][gc,heap        ] GC(1740) PSYoungGen: 292928K(293376K)->64K(292352K) Eden: 292864K(292864K)->0K(281088K) From: 64K(512K)->64K(11264K)
[629.348s][info][gc,heap        ] GC(1740) ParOldGen: 590919K(591360K)->590927K(591360K)
[629.348s][info][gc,metaspace   ] GC(1740) Metaspace: 35520K(36224K)->35520K(36224K) NonClass: 26309K(26816K)->26309K(26816K) Class: 9211K(9408K)->9211K(9408K)
[629.349s][info][gc             ] GC(1740) Pause Young (Allocation Failure) 863M->577M(863M) 2.013ms
[629.349s][info][gc,cpu         ] GC(1740) User=0.00s Sys=0.00s Real=0.00s
[630.213s][info][gc,start       ] GC(1741) Pause Young (Allocation Failure)
[630.215s][info][gc,heap        ] GC(1741) PSYoungGen: 281152K(292352K)->64K(270336K) Eden: 281088K(281088K)->0K(269824K) From: 64K(11264K)->64K(512K)
[630.215s][info][gc,heap        ] GC(1741) ParOldGen: 590927K(591360K)->590935K(591360K)
[630.215s][info][gc,metaspace   ] GC(1741) Metaspace: 35520K(36224K)->35520K(36224K) NonClass: 26309K(26816K)->26309K(26816K) Class: 9211K(9408K)->9211K(9408K)
[630.215s][info][gc             ] GC(1741) Pause Young (Allocation Failure) 851M->577M(841M) 1.933ms
[630.215s][info][gc,cpu         ] GC(1741) User=0.00s Sys=0.00s Real=0.00s
[630.419s][info][gc,start       ] GC(1742) Pause Young (Allocation Failure)
[630.421s][info][gc,heap        ] GC(1742) PSYoungGen: 269888K(270336K)->64K(268800K) Eden: 269824K(269824K)->0K(259072K) From: 64K(512K)->64K(9728K)
[630.421s][info][gc,heap        ] GC(1742) ParOldGen: 590935K(591360K)->590943K(591360K)
[630.421s][info][gc,metaspace   ] GC(1742) Metaspace: 35520K(36224K)->35520K(36224K) NonClass: 26309K(26816K)->26309K(26816K) Class: 9211K(9408K)->9211K(9408K)
[630.421s][info][gc             ] GC(1742) Pause Young (Allocation Failure) 840M->577M(840M) 1.648ms
[630.421s][info][gc,cpu         ] GC(1742) User=0.00s Sys=0.00s Real=0.00s
[630.589s][info][gc,start       ] GC(1743) Pause Young (Allocation Failure)
[630.591s][info][gc,heap        ] GC(1743) PSYoungGen: 259136K(268800K)->64K(249344K) Eden: 259072K(259072K)->0K(248832K) From: 64K(9728K)->64K(512K)
[630.591s][info][gc,heap        ] GC(1743) ParOldGen: 590943K(591360K)->590951K(591360K)
[630.591s][info][gc,metaspace   ] GC(1743) Metaspace: 35520K(36224K)->35520K(36224K) NonClass: 26309K(26816K)->26309K(26816K) Class: 9211K(9408K)->9211K(9408K)
[630.591s][info][gc             ] GC(1743) Pause Young (Allocation Failure) 830M->577M(821M) 2.175ms
[630.591s][info][gc,cpu         ] GC(1743) User=0.00s Sys=0.00s Real=0.00s
[631.100s][info][gc,start       ] GC(1744) Pause Young (Allocation Failure)
[631.102s][info][gc,heap        ] GC(1744) PSYoungGen: 248896K(249344K)->64K(247808K) Eden: 248832K(248832K)->0K(239104K) From: 64K(512K)->64K(8704K)
[631.102s][info][gc,heap        ] GC(1744) ParOldGen: 590951K(591360K)->590959K(591360K)
[631.102s][info][gc,metaspace   ] GC(1744) Metaspace: 35520K(36224K)->35520K(36224K) NonClass: 26309K(26816K)->26309K(26816K) Class: 9211K(9408K)->9211K(9408K)
[631.102s][info][gc             ] GC(1744) Pause Young (Allocation Failure) 820M->577M(819M) 1.664ms
[631.102s][info][gc,cpu         ] GC(1744) User=0.00s Sys=0.00s Real=0.00s
[631.393s][info][gc,start       ] GC(1745) Pause Young (Allocation Failure)
[631.396s][info][gc,heap        ] GC(1745) PSYoungGen: 239168K(247808K)->64K(230400K) Eden: 239104K(239104K)->0K(229888K) From: 64K(8704K)->64K(512K)
[631.396s][info][gc,heap        ] GC(1745) ParOldGen: 590959K(591360K)->590967K(591360K)
[631.396s][info][gc,metaspace   ] GC(1745) Metaspace: 35520K(36224K)->35520K(36224K) NonClass: 26309K(26816K)->26309K(26816K) Class: 9211K(9408K)->9211K(9408K)
[631.396s][info][gc             ] GC(1745) Pause Young (Allocation Failure) 810M->577M(802M) 2.148ms
[631.396s][info][gc,cpu         ] GC(1745) User=0.01s Sys=0.00s Real=0.00s
[631.659s][info][gc,start       ] GC(1746) Pause Young (Allocation Failure)
[631.709s][info][gc,heap        ] GC(1746) PSYoungGen: 229952K(230400K)->7680K(283136K) Eden: 229888K(229888K)->0K(275456K) From: 64K(512K)->7680K(7680K)
[631.709s][info][gc,heap        ] GC(1746) ParOldGen: 590967K(591360K)->609199K(609280K)
[631.709s][info][gc,metaspace   ] GC(1746) Metaspace: 35520K(36224K)->35520K(36224K) NonClass: 26309K(26816K)->26309K(26816K) Class: 9211K(9408K)->9211K(9408K)
[631.709s][info][gc             ] GC(1746) Pause Young (Allocation Failure) 801M->602M(871M) 50.626ms
[631.709s][info][gc,cpu         ] GC(1746) User=0.09s Sys=0.01s Real=0.05s
[632.026s][info][gc,start       ] GC(1747) Pause Young (Allocation Failure)
[632.093s][info][gc,heap        ] GC(1747) PSYoungGen: 283136K(283136K)->16384K(283136K) Eden: 275456K(275456K)->0K(266752K) From: 7680K(7680K)->16384K(16384K)
[632.093s][info][gc,heap        ] GC(1747) ParOldGen: 609199K(609280K)->624383K(624640K)
[632.093s][info][gc,metaspace   ] GC(1747) Metaspace: 35520K(36224K)->35520K(36224K) NonClass: 26309K(26816K)->26309K(26816K) Class: 9211K(9408K)->9211K(9408K)
[632.093s][info][gc             ] GC(1747) Pause Young (Allocation Failure) 871M->625M(886M) 67.622ms
[632.093s][info][gc,cpu         ] GC(1747) User=0.11s Sys=0.02s Real=0.07s
[632.215s][info][gc,start       ] GC(1748) Pause Young (Allocation Failure)
[632.229s][info][gc,heap        ] GC(1748) PSYoungGen: 283136K(283136K)->5664K(291840K) Eden: 266752K(266752K)->0K(266752K) From: 16384K(16384K)->5664K(25088K)
[632.230s][info][gc,heap        ] GC(1748) ParOldGen: 624383K(624640K)->624783K(625152K)
[632.230s][info][gc,metaspace   ] GC(1748) Metaspace: 35520K(36224K)->35520K(36224K) NonClass: 26309K(26816K)->26309K(26816K) Class: 9211K(9408K)->9211K(9408K)
[632.230s][info][gc             ] GC(1748) Pause Young (Allocation Failure) 886M->615M(895M) 14.474ms
[632.230s][info][gc,cpu         ] GC(1748) User=0.03s Sys=0.00s Real=0.01s
[632.726s][info][gc,start       ] GC(1749) Pause Young (Allocation Failure)
[632.728s][info][gc,heap        ] GC(1749) PSYoungGen: 272416K(291840K)->64K(306176K) Eden: 266752K(266752K)->0K(285184K) From: 5664K(25088K)->64K(20992K)
[632.728s][info][gc,heap        ] GC(1749) ParOldGen: 624783K(625152K)->624791K(625152K)
[632.728s][info][gc,metaspace   ] GC(1749) Metaspace: 35520K(36224K)->35520K(36224K) NonClass: 26309K(26816K)->26309K(26816K) Class: 9211K(9408K)->9211K(9408K)
[632.728s][info][gc             ] GC(1749) Pause Young (Allocation Failure) 876M->610M(909M) 1.898ms
[632.728s][info][gc,cpu         ] GC(1749) User=0.00s Sys=0.00s Real=0.00s
[633.201s][info][gc,start       ] GC(1750) Pause Young (Allocation Failure)
[633.203s][info][gc,heap        ] GC(1750) PSYoungGen: 285248K(306176K)->64K(308224K) Eden: 285184K(285184K)->0K(285184K) From: 64K(20992K)->64K(23040K)
[633.203s][info][gc,heap        ] GC(1750) ParOldGen: 624791K(625152K)->624799K(625152K)
[633.203s][info][gc,metaspace   ] GC(1750) Metaspace: 35520K(36224K)->35520K(36224K) NonClass: 26309K(26816K)->26309K(26816K) Class: 9211K(9408K)->9211K(9408K)
[633.203s][info][gc             ] GC(1750) Pause Young (Allocation Failure) 888M->610M(911M) 1.857ms
[633.203s][info][gc,cpu         ] GC(1750) User=0.01s Sys=0.00s Real=0.01s
[633.617s][info][gc,start       ] GC(1751) Pause Young (Allocation Failure)
[633.618s][info][gc,heap        ] GC(1751) PSYoungGen: 285248K(308224K)->64K(307712K) Eden: 285184K(285184K)->0K(288768K) From: 64K(23040K)->64K(18944K)
[633.618s][info][gc,heap        ] GC(1751) ParOldGen: 624799K(625152K)->624815K(625152K)
[633.618s][info][gc,metaspace   ] GC(1751) Metaspace: 35520K(36224K)->35520K(36224K) NonClass: 26309K(26816K)->26309K(26816K) Class: 9211K(9408K)->9211K(9408K)
[633.618s][info][gc             ] GC(1751) Pause Young (Allocation Failure) 888M->610M(911M) 1.867ms
[633.618s][info][gc,cpu         ] GC(1751) User=0.00s Sys=0.00s Real=0.00s
[633.825s][info][gc,start       ] GC(1752) Pause Young (Allocation Failure)
[633.826s][info][gc,heap        ] GC(1752) PSYoungGen: 288832K(307712K)->64K(309760K) Eden: 288768K(288768K)->0K(288768K) From: 64K(18944K)->64K(20992K)
[633.827s][info][gc,heap        ] GC(1752) ParOldGen: 624815K(625152K)->624831K(625152K)
[633.827s][info][gc,metaspace   ] GC(1752) Metaspace: 35520K(36224K)->35520K(36224K) NonClass: 26309K(26816K)->26309K(26816K) Class: 9211K(9408K)->9211K(9408K)
[633.827s][info][gc             ] GC(1752) Pause Young (Allocation Failure) 892M->610M(913M) 1.763ms
[633.827s][info][gc,cpu         ] GC(1752) User=0.00s Sys=0.00s Real=0.00s
[634.142s][info][gc,start       ] GC(1753) Pause Young (Allocation Failure)
[634.144s][info][gc,heap        ] GC(1753) PSYoungGen: 288832K(309760K)->64K(310272K) Eden: 288768K(288768K)->0K(292352K) From: 64K(20992K)->64K(17920K)
[634.144s][info][gc,heap        ] GC(1753) ParOldGen: 624831K(625152K)->624831K(625152K)
[634.144s][info][gc,metaspace   ] GC(1753) Metaspace: 35520K(36224K)->35520K(36224K) NonClass: 26309K(26816K)->26309K(26816K) Class: 9211K(9408K)->9211K(9408K)
[634.144s][info][gc             ] GC(1753) Pause Young (Allocation Failure) 892M->610M(913M) 1.692ms
[634.144s][info][gc,cpu         ] GC(1753) User=0.01s Sys=0.00s Real=0.01s
[634.287s][info][gc,start       ] GC(1754) Pause Young (Allocation Failure)
[634.289s][info][gc,heap        ] GC(1754) PSYoungGen: 292416K(310272K)->64K(311808K) Eden: 292352K(292352K)->0K(292352K) From: 64K(17920K)->64K(19456K)
[634.289s][info][gc,heap        ] GC(1754) ParOldGen: 624831K(625152K)->624839K(625152K)
[634.289s][info][gc,metaspace   ] GC(1754) Metaspace: 35520K(36224K)->35520K(36224K) NonClass: 26309K(26816K)->26309K(26816K) Class: 9211K(9408K)->9211K(9408K)
[634.289s][info][gc             ] GC(1754) Pause Young (Allocation Failure) 895M->610M(915M) 1.659ms
[634.289s][info][gc,cpu         ] GC(1754) User=0.00s Sys=0.00s Real=0.00s
[634.338s][info][gc,start       ] GC(1755) Pause Young (Allocation Failure)
[634.340s][info][gc,heap        ] GC(1755) PSYoungGen: 292416K(311808K)->64K(311808K) Eden: 292352K(292352K)->0K(295936K) From: 64K(19456K)->64K(15872K)
[634.340s][info][gc,heap        ] GC(1755) ParOldGen: 624839K(625152K)->624855K(625152K)
[634.340s][info][gc,metaspace   ] GC(1755) Metaspace: 35520K(36224K)->35520K(36224K) NonClass: 26309K(26816K)->26309K(26816K) Class: 9211K(9408K)->9211K(9408K)
[634.340s][info][gc             ] GC(1755) Pause Young (Allocation Failure) 895M->610M(915M) 1.628ms
[634.340s][info][gc,cpu         ] GC(1755) User=0.00s Sys=0.00s Real=0.00s
[634.462s][info][gc,start       ] GC(1756) Pause Young (Allocation Failure)
[634.464s][info][gc,heap        ] GC(1756) PSYoungGen: 296000K(311808K)->64K(313344K) Eden: 295936K(295936K)->0K(295936K) From: 64K(15872K)->64K(17408K)
[634.464s][info][gc,heap        ] GC(1756) ParOldGen: 624855K(625152K)->624855K(625152K)
[634.464s][info][gc,metaspace   ] GC(1756) Metaspace: 35520K(36224K)->35520K(36224K) NonClass: 26309K(26816K)->26309K(26816K) Class: 9211K(9408K)->9211K(9408K)
[634.464s][info][gc             ] GC(1756) Pause Young (Allocation Failure) 899M->610M(916M) 1.639ms
[634.464s][info][gc,cpu         ] GC(1756) User=0.01s Sys=0.00s Real=0.00s
[634.682s][info][gc,start       ] GC(1757) Pause Young (Allocation Failure)
[634.684s][info][gc,heap        ] GC(1757) PSYoungGen: 296000K(313344K)->64K(313856K) Eden: 295936K(295936K)->0K(300032K) From: 64K(17408K)->64K(13824K)
[634.684s][info][gc,heap        ] GC(1757) ParOldGen: 624855K(625152K)->624863K(625152K)
[634.684s][info][gc,metaspace   ] GC(1757) Metaspace: 35520K(36224K)->35520K(36224K) NonClass: 26309K(26816K)->26309K(26816K) Class: 9211K(9408K)->9211K(9408K)
[634.684s][info][gc             ] GC(1757) Pause Young (Allocation Failure) 899M->610M(917M) 1.755ms
[634.684s][info][gc,cpu         ] GC(1757) User=0.01s Sys=0.00s Real=0.00s
[634.838s][info][gc,start       ] GC(1758) Pause Young (Allocation Failure)
[634.839s][info][gc,heap        ] GC(1758) PSYoungGen: 300096K(313856K)->64K(315392K) Eden: 300032K(300032K)->0K(300032K) From: 64K(13824K)->64K(15360K)
[634.839s][info][gc,heap        ] GC(1758) ParOldGen: 624863K(625152K)->624871K(625152K)
[634.839s][info][gc,metaspace   ] GC(1758) Metaspace: 35520K(36224K)->35520K(36224K) NonClass: 26309K(26816K)->26309K(26816K) Class: 9211K(9408K)->9211K(9408K)
[634.840s][info][gc             ] GC(1758) Pause Young (Allocation Failure) 903M->610M(918M) 1.768ms
[634.840s][info][gc,cpu         ] GC(1758) User=0.00s Sys=0.00s Real=0.00s
[634.924s][info][gc,start       ] GC(1759) Pause Young (Allocation Failure)
[634.927s][info][gc,heap        ] GC(1759) PSYoungGen: 300096K(315392K)->32K(315904K) Eden: 300032K(300032K)->0K(303616K) From: 64K(15360K)->32K(12288K)
[634.927s][info][gc,heap        ] GC(1759) ParOldGen: 624871K(625152K)->624887K(625152K)
[634.927s][info][gc,metaspace   ] GC(1759) Metaspace: 35520K(36224K)->35520K(36224K) NonClass: 26309K(26816K)->26309K(26816K) Class: 9211K(9408K)->9211K(9408K)
[634.927s][info][gc             ] GC(1759) Pause Young (Allocation Failure) 903M->610M(919M) 3.340ms
[634.927s][info][gc,cpu         ] GC(1759) User=0.00s Sys=0.00s Real=0.00s
[635.103s][info][gc,start       ] GC(1760) Pause Young (Allocation Failure)
[635.106s][info][gc,heap        ] GC(1760) PSYoungGen: 303648K(315904K)->64K(317440K) Eden: 303616K(303616K)->0K(303616K) From: 32K(12288K)->64K(13824K)
[635.106s][info][gc,heap        ] GC(1760) ParOldGen: 624887K(625152K)->624895K(625152K)
[635.106s][info][gc,metaspace   ] GC(1760) Metaspace: 35520K(36224K)->35520K(36224K) NonClass: 26309K(26816K)->26309K(26816K) Class: 9211K(9408K)->9211K(9408K)
[635.106s][info][gc             ] GC(1760) Pause Young (Allocation Failure) 906M->610M(920M) 2.521ms
[635.106s][info][gc,cpu         ] GC(1760) User=0.01s Sys=0.00s Real=0.00s
[636.006s][info][gc,start       ] GC(1761) Pause Young (Allocation Failure)
[636.008s][info][gc,heap        ] GC(1761) PSYoungGen: 303680K(317440K)->64K(318464K) Eden: 303616K(303616K)->0K(307200K) From: 64K(13824K)->64K(11264K)
[636.008s][info][gc,heap        ] GC(1761) ParOldGen: 624895K(625152K)->624903K(625152K)
[636.008s][info][gc,metaspace   ] GC(1761) Metaspace: 35520K(36224K)->35520K(36224K) NonClass: 26309K(26816K)->26309K(26816K) Class: 9211K(9408K)->9211K(9408K)
[636.008s][info][gc             ] GC(1761) Pause Young (Allocation Failure) 906M->610M(921M) 1.836ms
[636.008s][info][gc,cpu         ] GC(1761) User=0.00s Sys=0.00s Real=0.00s
[636.881s][info][gc,start       ] GC(1762) Pause Young (Allocation Failure)
[636.883s][info][gc,heap        ] GC(1762) PSYoungGen: 307264K(318464K)->64K(319488K) Eden: 307200K(307200K)->0K(307200K) From: 64K(11264K)->64K(12288K)
[636.883s][info][gc,heap        ] GC(1762) ParOldGen: 624903K(625152K)->624911K(625152K)
[636.883s][info][gc,metaspace   ] GC(1762) Metaspace: 35520K(36224K)->35520K(36224K) NonClass: 26309K(26816K)->26309K(26816K) Class: 9211K(9408K)->9211K(9408K)
[636.883s][info][gc             ] GC(1762) Pause Young (Allocation Failure) 910M->610M(922M) 1.887ms
[636.883s][info][gc,cpu         ] GC(1762) User=0.00s Sys=0.00s Real=0.01s
[637.348s][info][gc,start       ] GC(1763) Pause Young (Allocation Failure)
[637.350s][info][gc,heap        ] GC(1763) PSYoungGen: 307264K(319488K)->64K(320512K) Eden: 307200K(307200K)->0K(310272K) From: 64K(12288K)->64K(10240K)
[637.350s][info][gc,heap        ] GC(1763) ParOldGen: 624911K(625152K)->624919K(625152K)
[637.350s][info][gc,metaspace   ] GC(1763) Metaspace: 35520K(36224K)->35520K(36224K) NonClass: 26309K(26816K)->26309K(26816K) Class: 9211K(9408K)->9211K(9408K)
[637.350s][info][gc             ] GC(1763) Pause Young (Allocation Failure) 910M->610M(923M) 1.907ms
[637.350s][info][gc,cpu         ] GC(1763) User=0.01s Sys=0.00s Real=0.00s
[638.371s][info][gc,start       ] GC(1764) Pause Young (Allocation Failure)
[638.372s][info][gc,heap        ] GC(1764) PSYoungGen: 310336K(320512K)->64K(298496K) Eden: 310272K(310272K)->0K(297984K) From: 64K(10240K)->64K(512K)
[638.373s][info][gc,heap        ] GC(1764) ParOldGen: 624919K(625152K)->624927K(625152K)
[638.373s][info][gc,metaspace   ] GC(1764) Metaspace: 35520K(36224K)->35520K(36224K) NonClass: 26309K(26816K)->26309K(26816K) Class: 9211K(9408K)->9211K(9408K)
[638.373s][info][gc             ] GC(1764) Pause Young (Allocation Failure) 913M->610M(902M) 1.944ms
[638.373s][info][gc,cpu         ] GC(1764) User=0.00s Sys=0.00s Real=0.01s
[638.792s][info][gc,start       ] GC(1765) Pause Young (Allocation Failure)
[638.794s][info][gc,heap        ] GC(1765) PSYoungGen: 298048K(298496K)->64K(286720K) Eden: 297984K(297984K)->0K(286208K) From: 64K(512K)->64K(512K)
[638.794s][info][gc,heap        ] GC(1765) ParOldGen: 624927K(625152K)->624935K(625152K)
[638.794s][info][gc,metaspace   ] GC(1765) Metaspace: 35520K(36224K)->35520K(36224K) NonClass: 26309K(26816K)->26309K(26816K) Class: 9211K(9408K)->9211K(9408K)
[638.794s][info][gc             ] GC(1765) Pause Young (Allocation Failure) 901M->610M(890M) 1.822ms
[638.794s][info][gc,cpu         ] GC(1765) User=0.01s Sys=0.00s Real=0.00s
[638.925s][info][gc,start       ] GC(1766) Pause Young (Allocation Failure)
[638.927s][info][gc,heap        ] GC(1766) PSYoungGen: 286272K(286720K)->64K(284160K) Eden: 286208K(286208K)->0K(274944K) From: 64K(512K)->64K(9216K)
[638.927s][info][gc,heap        ] GC(1766) ParOldGen: 624935K(625152K)->624943K(625152K)
[638.927s][info][gc,metaspace   ] GC(1766) Metaspace: 35520K(36224K)->35520K(36224K) NonClass: 26309K(26816K)->26309K(26816K) Class: 9211K(9408K)->9211K(9408K)
[638.927s][info][gc             ] GC(1766) Pause Young (Allocation Failure) 889M->610M(888M) 1.745ms
[638.927s][info][gc,cpu         ] GC(1766) User=0.00s Sys=0.00s Real=0.00s
[639.528s][info][gc,start       ] GC(1767) Pause Young (Allocation Failure)
[639.530s][info][gc,heap        ] GC(1767) PSYoungGen: 275008K(284160K)->64K(264704K) Eden: 274944K(274944K)->0K(264192K) From: 64K(9216K)->64K(512K)
[639.530s][info][gc,heap        ] GC(1767) ParOldGen: 624943K(625152K)->624951K(625152K)
[639.530s][info][gc,metaspace   ] GC(1767) Metaspace: 35520K(36224K)->35520K(36224K) NonClass: 26309K(26816K)->26309K(26816K) Class: 9211K(9408K)->9211K(9408K)
[639.530s][info][gc             ] GC(1767) Pause Young (Allocation Failure) 878M->610M(869M) 2.233ms
[639.530s][info][gc,cpu         ] GC(1767) User=0.00s Sys=0.01s Real=0.00s
[639.785s][info][gc,start       ] GC(1768) Pause Young (Allocation Failure)
[639.787s][info][gc,heap        ] GC(1768) PSYoungGen: 264256K(264704K)->64K(262144K) Eden: 264192K(264192K)->0K(253952K) From: 64K(512K)->64K(8192K)
[639.787s][info][gc,heap        ] GC(1768) ParOldGen: 624951K(625152K)->624959K(625152K)
[639.787s][info][gc,metaspace   ] GC(1768) Metaspace: 35520K(36224K)->35520K(36224K) NonClass: 26309K(26816K)->26309K(26816K) Class: 9211K(9408K)->9211K(9408K)
[639.787s][info][gc             ] GC(1768) Pause Young (Allocation Failure) 868M->610M(866M) 1.787ms
[639.787s][info][gc,cpu         ] GC(1768) User=0.01s Sys=0.00s Real=0.00s
[640.100s][info][gc,start       ] GC(1769) Pause Young (Allocation Failure)
[640.151s][info][gc,heap        ] GC(1769) PSYoungGen: 254016K(262144K)->7680K(288768K) Eden: 253952K(253952K)->0K(281088K) From: 64K(8192K)->7680K(7680K)
[640.151s][info][gc,heap        ] GC(1769) ParOldGen: 624959K(625152K)->642919K(643072K)
[640.151s][info][gc,metaspace   ] GC(1769) Metaspace: 35520K(36224K)->35520K(36224K) NonClass: 26309K(26816K)->26309K(26816K) Class: 9211K(9408K)->9211K(9408K)
[640.151s][info][gc             ] GC(1769) Pause Young (Allocation Failure) 858M->635M(910M) 50.790ms
[640.151s][info][gc,cpu         ] GC(1769) User=0.08s Sys=0.01s Real=0.05s
[640.472s][info][gc,start       ] GC(1770) Pause Young (Allocation Failure)
[640.533s][info][gc,heap        ] GC(1770) PSYoungGen: 288768K(288768K)->15872K(296960K) Eden: 281088K(281088K)->0K(281088K) From: 7680K(7680K)->15872K(15872K)
[640.533s][info][gc,heap        ] GC(1770) ParOldGen: 642919K(643072K)->659239K(659456K)
[640.533s][info][gc,metaspace   ] GC(1770) Metaspace: 35520K(36224K)->35520K(36224K) NonClass: 26309K(26816K)->26309K(26816K) Class: 9211K(9408K)->9211K(9408K)
[640.533s][info][gc             ] GC(1770) Pause Young (Allocation Failure) 909M->659M(934M) 61.756ms
[640.533s][info][gc,cpu         ] GC(1770) User=0.11s Sys=0.01s Real=0.07s
[640.659s][info][gc,start       ] GC(1771) Pause Full (Allocation Failure)
[640.659s][info][gc,phases,start] GC(1771) Marking Phase
[640.705s][info][gc,phases      ] GC(1771) Marking Phase 45.790ms
[640.705s][info][gc,phases,start] GC(1771) Summary Phase
[640.705s][info][gc,phases      ] GC(1771) Summary Phase 0.025ms
[640.705s][info][gc,phases,start] GC(1771) Forward
[640.714s][info][gc,phases      ] GC(1771) Forward 9.012ms
[640.714s][info][gc,phases,start] GC(1771) Adjust Pointers
[640.737s][info][gc,phases      ] GC(1771) Adjust Pointers 22.834ms
[640.737s][info][gc,phases,start] GC(1771) Compaction Phase
[640.746s][info][gc,phases      ] GC(1771) Compaction Phase 8.880ms
[640.746s][info][gc,phases,start] GC(1771) Post Compact
[640.749s][info][metaspace      ] ChkMgr @0x00007efc8003f160 (non-class-space): : reclaiming memory...
[640.749s][info][metaspace      ] ChkMgr @0x00007efc8003f160 (non-class-space): nothing reclaimed.
[640.749s][info][metaspace      ] ChkMgr @0x00007efc8003ef70 (class-space): : reclaiming memory...
[640.749s][info][metaspace      ] ChkMgr @0x00007efc8003ef70 (class-space): nothing reclaimed.
[640.749s][info][gc,phases      ] GC(1771) Post Compact 2.618ms
[640.785s][info][gc,heap        ] GC(1771) PSYoungGen: 296960K(296960K)->0K(308224K) Eden: 281088K(281088K)->0K(282624K) From: 15872K(15872K)->0K(25600K)
[640.785s][info][gc,heap        ] GC(1771) ParOldGen: 659239K(659456K)->61371K(175104K)
[640.785s][info][gc,metaspace   ] GC(1771) Metaspace: 35520K(36224K)->35479K(36224K) NonClass: 26309K(26816K)->26268K(26816K) Class: 9211K(9408K)->9211K(9408K)
[640.785s][info][gc             ] GC(1771) Pause Full (Allocation Failure) 933M->59M(472M) 126.047ms
[640.785s][info][gc,cpu         ] GC(1771) User=0.14s Sys=0.03s Real=0.13s
[641.348s][info][gc,start       ] GC(1772) Pause Young (Allocation Failure)
[641.350s][info][gc,heap        ] GC(1772) PSYoungGen: 282624K(308224K)->64K(283136K) Eden: 282624K(282624K)->0K(282624K) From: 0K(25600K)->64K(512K)
[641.350s][info][gc,heap        ] GC(1772) ParOldGen: 61371K(175104K)->61371K(175104K)
[641.350s][info][gc,metaspace   ] GC(1772) Metaspace: 35479K(36224K)->35479K(36224K) NonClass: 26268K(26816K)->26268K(26816K) Class: 9211K(9408K)->9211K(9408K)
[641.350s][info][gc             ] GC(1772) Pause Young (Allocation Failure) 335M->59M(447M) 2.103ms
[641.350s][info][gc,cpu         ] GC(1772) User=0.01s Sys=0.00s Real=0.00s
[641.766s][info][gc,start       ] GC(1773) Pause Young (Allocation Failure)
[641.767s][info][gc,heap        ] GC(1773) PSYoungGen: 282688K(283136K)->64K(308224K) Eden: 282624K(282624K)->0K(283648K) From: 64K(512K)->64K(24576K)
[641.767s][info][gc,heap        ] GC(1773) ParOldGen: 61371K(175104K)->61379K(175104K)
[641.767s][info][gc,metaspace   ] GC(1773) Metaspace: 35479K(36224K)->35479K(36224K) NonClass: 26268K(26816K)->26268K(26816K) Class: 9211K(9408K)->9211K(9408K)
[641.767s][info][gc             ] GC(1773) Pause Young (Allocation Failure) 335M->60M(472M) 0.603ms
[641.767s][info][gc,cpu         ] GC(1773) User=0.00s Sys=0.00s Real=0.00s
[642.178s][info][gc,start       ] GC(1774) Pause Young (Allocation Failure)
[642.179s][info][gc,heap        ] GC(1774) PSYoungGen: 283712K(308224K)->64K(307200K) Eden: 283648K(283648K)->0K(283648K) From: 64K(24576K)->64K(23552K)
[642.179s][info][gc,heap        ] GC(1774) ParOldGen: 61379K(175104K)->61395K(175104K)
[642.179s][info][gc,metaspace   ] GC(1774) Metaspace: 35479K(36224K)->35479K(36224K) NonClass: 26268K(26816K)->26268K(26816K) Class: 9211K(9408K)->9211K(9408K)
[642.179s][info][gc             ] GC(1774) Pause Young (Allocation Failure) 337M->60M(471M) 0.582ms
[642.179s][info][gc,cpu         ] GC(1774) User=0.00s Sys=0.00s Real=0.00s
[642.384s][info][gc,start       ] GC(1775) Pause Young (Allocation Failure)
[642.384s][info][gc,heap        ] GC(1775) PSYoungGen: 283712K(307200K)->64K(309248K) Eden: 283648K(283648K)->0K(286720K) From: 64K(23552K)->64K(22528K)
[642.384s][info][gc,heap        ] GC(1775) ParOldGen: 61395K(175104K)->61411K(175104K)
[642.384s][info][gc,metaspace   ] GC(1775) Metaspace: 35479K(36224K)->35479K(36224K) NonClass: 26268K(26816K)->26268K(26816K) Class: 9211K(9408K)->9211K(9408K)
[642.384s][info][gc             ] GC(1775) Pause Young (Allocation Failure) 337M->60M(473M) 0.530ms
[642.384s][info][gc,cpu         ] GC(1775) User=0.00s Sys=0.00s Real=0.00s
[642.705s][info][gc,start       ] GC(1776) Pause Young (Allocation Failure)
[642.705s][info][gc,heap        ] GC(1776) PSYoungGen: 286784K(309248K)->64K(308224K) Eden: 286720K(286720K)->0K(286720K) From: 64K(22528K)->64K(21504K)
[642.705s][info][gc,heap        ] GC(1776) ParOldGen: 61411K(175104K)->61411K(175104K)
[642.705s][info][gc,metaspace   ] GC(1776) Metaspace: 35479K(36224K)->35479K(36224K) NonClass: 26268K(26816K)->26268K(26816K) Class: 9211K(9408K)->9211K(9408K)
[642.705s][info][gc             ] GC(1776) Pause Young (Allocation Failure) 340M->60M(472M) 0.556ms
[642.705s][info][gc,cpu         ] GC(1776) User=0.00s Sys=0.00s Real=0.00s
[642.829s][info][gc,start       ] GC(1777) Pause Young (Allocation Failure)
[642.830s][info][gc,heap        ] GC(1777) PSYoungGen: 286784K(308224K)->64K(311296K) Eden: 286720K(286720K)->0K(290816K) From: 64K(21504K)->64K(20480K)
[642.830s][info][gc,heap        ] GC(1777) ParOldGen: 61411K(175104K)->61419K(175104K)
[642.830s][info][gc,metaspace   ] GC(1777) Metaspace: 35479K(36224K)->35479K(36224K) NonClass: 26268K(26816K)->26268K(26816K) Class: 9211K(9408K)->9211K(9408K)
[642.830s][info][gc             ] GC(1777) Pause Young (Allocation Failure) 340M->60M(475M) 0.467ms
[642.830s][info][gc,cpu         ] GC(1777) User=0.00s Sys=0.00s Real=0.00s
[642.879s][info][gc,start       ] GC(1778) Pause Young (Allocation Failure)
[642.879s][info][gc,heap        ] GC(1778) PSYoungGen: 290880K(311296K)->64K(310272K) Eden: 290816K(290816K)->0K(290816K) From: 64K(20480K)->64K(19456K)
[642.879s][info][gc,heap        ] GC(1778) ParOldGen: 61419K(175104K)->61435K(175104K)
[642.879s][info][gc,metaspace   ] GC(1778) Metaspace: 35479K(36224K)->35479K(36224K) NonClass: 26268K(26816K)->26268K(26816K) Class: 9211K(9408K)->9211K(9408K)
[642.879s][info][gc             ] GC(1778) Pause Young (Allocation Failure) 344M->60M(474M) 0.429ms
[642.879s][info][gc,cpu         ] GC(1778) User=0.00s Sys=0.00s Real=0.00s
[643.007s][info][gc,start       ] GC(1779) Pause Young (Allocation Failure)
[643.007s][info][gc,heap        ] GC(1779) PSYoungGen: 290880K(310272K)->64K(313344K) Eden: 290816K(290816K)->0K(294912K) From: 64K(19456K)->64K(18432K)
[643.007s][info][gc,heap        ] GC(1779) ParOldGen: 61435K(175104K)->61435K(175104K)
[643.007s][info][gc,metaspace   ] GC(1779) Metaspace: 35479K(36224K)->35479K(36224K) NonClass: 26268K(26816K)->26268K(26816K) Class: 9211K(9408K)->9211K(9408K)
[643.007s][info][gc             ] GC(1779) Pause Young (Allocation Failure) 344M->60M(477M) 0.569ms
[643.007s][info][gc,cpu         ] GC(1779) User=0.01s Sys=0.00s Real=0.00s
[643.223s][info][gc,start       ] GC(1780) Pause Young (Allocation Failure)
[643.224s][info][gc,heap        ] GC(1780) PSYoungGen: 294976K(313344K)->64K(283648K) Eden: 294912K(294912K)->0K(283136K) From: 64K(18432K)->64K(512K)
[643.224s][info][gc,heap        ] GC(1780) ParOldGen: 61435K(175104K)->61443K(175104K)
[643.224s][info][gc,metaspace   ] GC(1780) Metaspace: 35479K(36224K)->35479K(36224K) NonClass: 26268K(26816K)->26268K(26816K) Class: 9211K(9408K)->9211K(9408K)
[643.224s][info][gc             ] GC(1780) Pause Young (Allocation Failure) 348M->60M(448M) 0.539ms
[643.224s][info][gc,cpu         ] GC(1780) User=0.00s Sys=0.00s Real=0.00s
[643.370s][info][gc,start       ] GC(1781) Pause Young (Allocation Failure)
[643.370s][info][gc,heap        ] GC(1781) PSYoungGen: 283200K(283648K)->64K(274944K) Eden: 283136K(283136K)->0K(271872K) From: 64K(512K)->64K(3072K)
[643.370s][info][gc,heap        ] GC(1781) ParOldGen: 61443K(175104K)->61451K(175104K)
[643.370s][info][gc,metaspace   ] GC(1781) Metaspace: 35479K(36224K)->35479K(36224K) NonClass: 26268K(26816K)->26268K(26816K) Class: 9211K(9408K)->9211K(9408K)
[643.371s][info][gc             ] GC(1781) Pause Young (Allocation Failure) 336M->60M(439M) 0.715ms
[643.371s][info][gc,cpu         ] GC(1781) User=0.00s Sys=0.00s Real=0.00s
[643.443s][info][gc,start       ] GC(1782) Pause Young (Allocation Failure)
[643.444s][info][gc,heap        ] GC(1782) PSYoungGen: 271936K(274944K)->64K(261632K) Eden: 271872K(271872K)->0K(261120K) From: 64K(3072K)->64K(512K)
[643.444s][info][gc,heap        ] GC(1782) ParOldGen: 61451K(175104K)->61467K(175104K)
[643.444s][info][gc,metaspace   ] GC(1782) Metaspace: 35479K(36224K)->35479K(36224K) NonClass: 26268K(26816K)->26268K(26816K) Class: 9211K(9408K)->9211K(9408K)
[643.444s][info][gc             ] GC(1782) Pause Young (Allocation Failure) 325M->60M(426M) 0.678ms
[643.444s][info][gc,cpu         ] GC(1782) User=0.00s Sys=0.00s Real=0.00s
[643.585s][info][gc,start       ] GC(1783) Pause Young (Allocation Failure)
[643.586s][info][gc,heap        ] GC(1783) PSYoungGen: 261184K(261632K)->64K(251392K) Eden: 261120K(261120K)->0K(250880K) From: 64K(512K)->64K(512K)
[643.586s][info][gc,heap        ] GC(1783) ParOldGen: 61467K(175104K)->61467K(175104K)
[643.586s][info][gc,metaspace   ] GC(1783) Metaspace: 35479K(36224K)->35479K(36224K) NonClass: 26268K(26816K)->26268K(26816K) Class: 9211K(9408K)->9211K(9408K)
[643.586s][info][gc             ] GC(1783) Pause Young (Allocation Failure) 315M->60M(416M) 1.451ms
[643.586s][info][gc,cpu         ] GC(1783) User=0.00s Sys=0.00s Real=0.00s
[643.976s][info][gc,start       ] GC(1784) Pause Young (Allocation Failure)
[643.977s][info][gc,heap        ] GC(1784) PSYoungGen: 250944K(251392K)->64K(254976K) Eden: 250880K(250880K)->0K(241152K) From: 64K(512K)->64K(13824K)
[643.977s][info][gc,heap        ] GC(1784) ParOldGen: 61467K(175104K)->61475K(175104K)
[643.977s][info][gc,metaspace   ] GC(1784) Metaspace: 35479K(36224K)->35479K(36224K) NonClass: 26268K(26816K)->26268K(26816K) Class: 9211K(9408K)->9211K(9408K)
[643.977s][info][gc             ] GC(1784) Pause Young (Allocation Failure) 305M->60M(420M) 0.568ms
[643.977s][info][gc,cpu         ] GC(1784) User=0.00s Sys=0.00s Real=0.00s
[644.567s][info][gc,start       ] GC(1785) Pause Young (Allocation Failure)
[644.569s][info][gc,heap        ] GC(1785) PSYoungGen: 241216K(254976K)->64K(232448K) Eden: 241152K(241152K)->0K(231936K) From: 64K(13824K)->64K(512K)
[644.569s][info][gc,heap        ] GC(1785) ParOldGen: 61475K(175104K)->61483K(175104K)
[644.569s][info][gc,metaspace   ] GC(1785) Metaspace: 35479K(36224K)->35479K(36224K) NonClass: 26268K(26816K)->26268K(26816K) Class: 9211K(9408K)->9211K(9408K)
[644.569s][info][gc             ] GC(1785) Pause Young (Allocation Failure) 295M->60M(398M) 1.576ms
[644.569s][info][gc,cpu         ] GC(1785) User=0.00s Sys=0.00s Real=0.00s
[645.461s][info][gc,start       ] GC(1786) Pause Young (Allocation Failure)
[645.461s][info][gc,heap        ] GC(1786) PSYoungGen: 232000K(232448K)->64K(235008K) Eden: 231936K(231936K)->0K(223232K) From: 64K(512K)->64K(11776K)
[645.461s][info][gc,heap        ] GC(1786) ParOldGen: 61483K(175104K)->61491K(175104K)
[645.461s][info][gc,metaspace   ] GC(1786) Metaspace: 35479K(36224K)->35479K(36224K) NonClass: 26268K(26816K)->26268K(26816K) Class: 9211K(9408K)->9211K(9408K)
[645.461s][info][gc             ] GC(1786) Pause Young (Allocation Failure) 286M->60M(400M) 0.556ms
[645.461s][info][gc,cpu         ] GC(1786) User=0.00s Sys=0.00s Real=0.00s
[645.801s][info][gc,start       ] GC(1787) Pause Young (Allocation Failure)
[645.802s][info][gc,heap        ] GC(1787) PSYoungGen: 223296K(235008K)->64K(215552K) Eden: 223232K(223232K)->0K(215040K) From: 64K(11776K)->64K(512K)
[645.802s][info][gc,heap        ] GC(1787) ParOldGen: 61491K(175104K)->61499K(175104K)
[645.802s][info][gc,metaspace   ] GC(1787) Metaspace: 35479K(36224K)->35479K(36224K) NonClass: 26268K(26816K)->26268K(26816K) Class: 9211K(9408K)->9211K(9408K)
[645.802s][info][gc             ] GC(1787) Pause Young (Allocation Failure) 278M->60M(381M) 1.425ms
[645.802s][info][gc,cpu         ] GC(1787) User=0.00s Sys=0.00s Real=0.01s
[646.394s][info][gc,start       ] GC(1788) Pause Young (Allocation Failure)
[646.394s][info][gc,heap        ] GC(1788) PSYoungGen: 215104K(215552K)->64K(217600K) Eden: 215040K(215040K)->0K(207360K) From: 64K(512K)->64K(10240K)
[646.394s][info][gc,heap        ] GC(1788) ParOldGen: 61499K(175104K)->61507K(175104K)
[646.394s][info][gc,metaspace   ] GC(1788) Metaspace: 35479K(36224K)->35479K(36224K) NonClass: 26268K(26816K)->26268K(26816K) Class: 9211K(9408K)->9211K(9408K)
[646.394s][info][gc             ] GC(1788) Pause Young (Allocation Failure) 270M->60M(383M) 0.540ms
[646.394s][info][gc,cpu         ] GC(1788) User=0.00s Sys=0.00s Real=0.00s
[646.989s][info][gc,start       ] GC(1789) Pause Young (Allocation Failure)
[646.990s][info][gc,heap        ] GC(1789) PSYoungGen: 207424K(217600K)->64K(200192K) Eden: 207360K(207360K)->0K(199680K) From: 64K(10240K)->64K(512K)
[646.990s][info][gc,heap        ] GC(1789) ParOldGen: 61507K(175104K)->61515K(175104K)
[646.990s][info][gc,metaspace   ] GC(1789) Metaspace: 35479K(36224K)->35479K(36224K) NonClass: 26268K(26816K)->26268K(26816K) Class: 9211K(9408K)->9211K(9408K)
[646.990s][info][gc             ] GC(1789) Pause Young (Allocation Failure) 262M->60M(366M) 1.586ms
[646.990s][info][gc,cpu         ] GC(1789) User=0.00s Sys=0.00s Real=0.00s
[647.292s][info][gc,start       ] GC(1790) Pause Young (Allocation Failure)
[647.292s][info][gc,heap        ] GC(1790) PSYoungGen: 199744K(200192K)->64K(201728K) Eden: 199680K(199680K)->0K(192512K) From: 64K(512K)->64K(9216K)
[647.292s][info][gc,heap        ] GC(1790) ParOldGen: 61515K(175104K)->61523K(175104K)
[647.292s][info][gc,metaspace   ] GC(1790) Metaspace: 35479K(36224K)->35479K(36224K) NonClass: 26268K(26816K)->26268K(26816K) Class: 9211K(9408K)->9211K(9408K)
[647.292s][info][gc             ] GC(1790) Pause Young (Allocation Failure) 255M->60M(368M) 0.932ms
[647.292s][info][gc,cpu         ] GC(1790) User=0.00s Sys=0.00s Real=0.01s
[647.420s][info][gc,start       ] GC(1791) Pause Young (Allocation Failure)
[647.422s][info][gc,heap        ] GC(1791) PSYoungGen: 192576K(201728K)->64K(186368K) Eden: 192512K(192512K)->0K(185856K) From: 64K(9216K)->64K(512K)
[647.422s][info][gc,heap        ] GC(1791) ParOldGen: 61523K(175104K)->61531K(175104K)
[647.422s][info][gc,metaspace   ] GC(1791) Metaspace: 35479K(36224K)->35479K(36224K) NonClass: 26268K(26816K)->26268K(26816K) Class: 9211K(9408K)->9211K(9408K)
[647.422s][info][gc             ] GC(1791) Pause Young (Allocation Failure) 248M->60M(353M) 1.510ms
[647.422s][info][gc,cpu         ] GC(1791) User=0.00s Sys=0.00s Real=0.00s
[647.522s][info][gc,start       ] GC(1792) Pause Young (Allocation Failure)
[647.522s][info][gc,heap        ] GC(1792) PSYoungGen: 185920K(186368K)->64K(186880K) Eden: 185856K(185856K)->0K(179200K) From: 64K(512K)->64K(7680K)
[647.522s][info][gc,heap        ] GC(1792) ParOldGen: 61531K(175104K)->61539K(175104K)
[647.522s][info][gc,metaspace   ] GC(1792) Metaspace: 35479K(36224K)->35479K(36224K) NonClass: 26268K(26816K)->26268K(26816K) Class: 9211K(9408K)->9211K(9408K)
[647.522s][info][gc             ] GC(1792) Pause Young (Allocation Failure) 241M->60M(353M) 0.739ms
[647.522s][info][gc,cpu         ] GC(1792) User=0.00s Sys=0.00s Real=0.01s
[647.987s][info][gc,start       ] GC(1793) Pause Young (Allocation Failure)
[647.989s][info][gc,heap        ] GC(1793) PSYoungGen: 179264K(186880K)->64K(173568K) Eden: 179200K(179200K)->0K(173056K) From: 64K(7680K)->64K(512K)
[647.989s][info][gc,heap        ] GC(1793) ParOldGen: 61539K(175104K)->61555K(175104K)
[647.989s][info][gc,metaspace   ] GC(1793) Metaspace: 35479K(36224K)->35479K(36224K) NonClass: 26268K(26816K)->26268K(26816K) Class: 9211K(9408K)->9211K(9408K)
[647.989s][info][gc             ] GC(1793) Pause Young (Allocation Failure) 235M->60M(340M) 1.563ms
[647.989s][info][gc,cpu         ] GC(1793) User=0.00s Sys=0.00s Real=0.00s
[648.141s][info][gc,start       ] GC(1794) Pause Young (Allocation Failure)
[648.141s][info][gc,heap        ] GC(1794) PSYoungGen: 173120K(173568K)->64K(173568K) Eden: 173056K(173056K)->0K(166912K) From: 64K(512K)->64K(6656K)
[648.141s][info][gc,heap        ] GC(1794) ParOldGen: 61555K(175104K)->61555K(175104K)
[648.141s][info][gc,metaspace   ] GC(1794) Metaspace: 35479K(36224K)->35479K(36224K) NonClass: 26268K(26816K)->26268K(26816K) Class: 9211K(9408K)->9211K(9408K)
[648.141s][info][gc             ] GC(1794) Pause Young (Allocation Failure) 229M->60M(340M) 0.789ms
[648.141s][info][gc,cpu         ] GC(1794) User=0.00s Sys=0.00s Real=0.00s
[648.393s][info][gc,start       ] GC(1795) Pause Young (Allocation Failure)
[648.397s][info][gc,heap        ] GC(1795) PSYoungGen: 166976K(173568K)->1088K(162816K) Eden: 166912K(166912K)->0K(161280K) From: 64K(6656K)->1088K(1536K)
[648.397s][info][gc,heap        ] GC(1795) ParOldGen: 61555K(175104K)->61563K(175104K)
[648.397s][info][gc,metaspace   ] GC(1795) Metaspace: 35479K(36224K)->35479K(36224K) NonClass: 26268K(26816K)->26268K(26816K) Class: 9211K(9408K)->9211K(9408K)
[648.397s][info][gc             ] GC(1795) Pause Young (Allocation Failure) 223M->61M(330M) 4.442ms
[648.397s][info][gc,cpu         ] GC(1795) User=0.00s Sys=0.00s Real=0.00s
[648.581s][info][gc,start       ] GC(1796) Pause Young (Allocation Failure)
[648.613s][info][gc,heap        ] GC(1796) PSYoungGen: 162368K(162816K)->6144K(199168K) Eden: 161280K(161280K)->0K(193024K) From: 1088K(1536K)->6144K(6144K)
[648.613s][info][gc,heap        ] GC(1796) ParOldGen: 61563K(175104K)->73619K(175104K)
[648.613s][info][gc,metaspace   ] GC(1796) Metaspace: 35479K(36224K)->35479K(36224K) NonClass: 26268K(26816K)->26268K(26816K) Class: 9211K(9408K)->9211K(9408K)
[648.613s][info][gc             ] GC(1796) Pause Young (Allocation Failure) 218M->77M(365M) 32.030ms
[648.613s][info][gc,cpu         ] GC(1796) User=0.06s Sys=0.00s Real=0.04s
[648.835s][info][gc,start       ] GC(1797) Pause Young (Allocation Failure)
[648.870s][info][gc,heap        ] GC(1797) PSYoungGen: 199168K(199168K)->5120K(215552K) Eden: 193024K(193024K)->0K(210432K) From: 6144K(6144K)->5120K(5120K)
[648.870s][info][gc,heap        ] GC(1797) ParOldGen: 73619K(175104K)->90611K(175104K)
[648.870s][info][gc,metaspace   ] GC(1797) Metaspace: 35479K(36224K)->35479K(36224K) NonClass: 26268K(26816K)->26268K(26816K) Class: 9211K(9408K)->9211K(9408K)
[648.870s][info][gc             ] GC(1797) Pause Young (Allocation Failure) 266M->93M(381M) 35.130ms
[648.870s][info][gc,cpu         ] GC(1797) User=0.07s Sys=0.00s Real=0.03s
[649.097s][info][gc,start       ] GC(1798) Pause Young (Allocation Failure)
[649.133s][info][gc,heap        ] GC(1798) PSYoungGen: 215552K(215552K)->18432K(228864K) Eden: 210432K(210432K)->0K(210432K) From: 5120K(5120K)->18432K(18432K)
[649.133s][info][gc,heap        ] GC(1798) ParOldGen: 90611K(175104K)->94211K(175104K)
[649.133s][info][gc,metaspace   ] GC(1798) Metaspace: 35479K(36224K)->35479K(36224K) NonClass: 26268K(26816K)->26268K(26816K) Class: 9211K(9408K)->9211K(9408K)
[649.133s][info][gc             ] GC(1798) Pause Young (Allocation Failure) 298M->110M(394M) 35.476ms
[649.133s][info][gc,cpu         ] GC(1798) User=0.07s Sys=0.00s Real=0.04s
[649.196s][info][gc,start       ] GC(1799) Pause Young (Allocation Failure)
[649.197s][info][gc,heap        ] GC(1799) PSYoungGen: 228864K(228864K)->64K(274432K) Eden: 210432K(210432K)->0K(252928K) From: 18432K(18432K)->64K(21504K)
[649.197s][info][gc,heap        ] GC(1799) ParOldGen: 94211K(175104K)->94307K(175104K)
[649.197s][info][gc,metaspace   ] GC(1799) Metaspace: 35479K(36224K)->35479K(36224K) NonClass: 26268K(26816K)->26268K(26816K) Class: 9211K(9408K)->9211K(9408K)
[649.197s][info][gc             ] GC(1799) Pause Young (Allocation Failure) 315M->92M(439M) 1.649ms
[649.197s][info][gc,cpu         ] GC(1799) User=0.00s Sys=0.00s Real=0.00s
[649.697s][info][gc,start       ] GC(1800) Pause Young (Allocation Failure)
[649.698s][info][gc,heap        ] GC(1800) PSYoungGen: 252992K(274432K)->64K(275456K) Eden: 252928K(252928K)->0K(252928K) From: 64K(21504K)->64K(22528K)
[649.698s][info][gc,heap        ] GC(1800) ParOldGen: 94307K(175104K)->94315K(175104K)
[649.698s][info][gc,metaspace   ] GC(1800) Metaspace: 35479K(36224K)->35479K(36224K) NonClass: 26268K(26816K)->26268K(26816K) Class: 9211K(9408K)->9211K(9408K)
[649.698s][info][gc             ] GC(1800) Pause Young (Allocation Failure) 339M->92M(440M) 0.822ms
[649.698s][info][gc,cpu         ] GC(1800) User=0.00s Sys=0.00s Real=0.00s
[650.146s][info][gc,start       ] GC(1801) Pause Young (Allocation Failure)
[650.147s][info][gc,heap        ] GC(1801) PSYoungGen: 252992K(275456K)->64K(308736K) Eden: 252928K(252928K)->0K(289280K) From: 64K(22528K)->64K(19456K)
[650.147s][info][gc,heap        ] GC(1801) ParOldGen: 94315K(175104K)->94323K(175104K)
[650.147s][info][gc,metaspace   ] GC(1801) Metaspace: 35479K(36224K)->35479K(36224K) NonClass: 26268K(26816K)->26268K(26816K) Class: 9211K(9408K)->9211K(9408K)
[650.147s][info][gc             ] GC(1801) Pause Young (Allocation Failure) 339M->92M(472M) 0.695ms
[650.147s][info][gc,cpu         ] GC(1801) User=0.00s Sys=0.00s Real=0.00s
[650.594s][info][gc,start       ] GC(1802) Pause Young (Allocation Failure)
[650.594s][info][gc,heap        ] GC(1802) PSYoungGen: 289344K(308736K)->64K(310272K) Eden: 289280K(289280K)->0K(289280K) From: 64K(19456K)->64K(20992K)
[650.594s][info][gc,heap        ] GC(1802) ParOldGen: 94323K(175104K)->94339K(175104K)
[650.594s][info][gc,metaspace   ] GC(1802) Metaspace: 35479K(36224K)->35479K(36224K) NonClass: 26268K(26816K)->26268K(26816K) Class: 9211K(9408K)->9211K(9408K)
[650.594s][info][gc             ] GC(1802) Pause Young (Allocation Failure) 374M->92M(474M) 0.733ms
[650.594s][info][gc,cpu         ] GC(1802) User=0.01s Sys=0.00s Real=0.00s
[650.802s][info][gc,start       ] GC(1803) Pause Young (Allocation Failure)
[650.802s][info][gc,heap        ] GC(1803) PSYoungGen: 289344K(310272K)->64K(310272K) Eden: 289280K(289280K)->0K(292352K) From: 64K(20992K)->64K(17920K)
[650.802s][info][gc,heap        ] GC(1803) ParOldGen: 94339K(175104K)->94355K(175104K)
[650.802s][info][gc,metaspace   ] GC(1803) Metaspace: 35479K(36224K)->35479K(36224K) NonClass: 26268K(26816K)->26268K(26816K) Class: 9211K(9408K)->9211K(9408K)
[650.802s][info][gc             ] GC(1803) Pause Young (Allocation Failure) 374M->92M(474M) 0.665ms
[650.802s][info][gc,cpu         ] GC(1803) User=0.00s Sys=0.00s Real=0.01s
[651.115s][info][gc,start       ] GC(1804) Pause Young (Allocation Failure)
[651.115s][info][gc,heap        ] GC(1804) PSYoungGen: 292416K(310272K)->64K(311808K) Eden: 292352K(292352K)->0K(292352K) From: 64K(17920K)->64K(19456K)
[651.115s][info][gc,heap        ] GC(1804) ParOldGen: 94355K(175104K)->94355K(175104K)
[651.115s][info][gc,metaspace   ] GC(1804) Metaspace: 35479K(36224K)->35479K(36224K) NonClass: 26268K(26816K)->26268K(26816K) Class: 9211K(9408K)->9211K(9408K)
[651.115s][info][gc             ] GC(1804) Pause Young (Allocation Failure) 377M->92M(475M) 0.703ms
[651.115s][info][gc,cpu         ] GC(1804) User=0.00s Sys=0.00s Real=0.00s
[651.281s][info][gc,start       ] GC(1805) Pause Young (Allocation Failure)
[651.282s][info][gc,heap        ] GC(1805) PSYoungGen: 292416K(311808K)->64K(311808K) Eden: 292352K(292352K)->0K(295936K) From: 64K(19456K)->64K(15872K)
[651.282s][info][gc,heap        ] GC(1805) ParOldGen: 94355K(175104K)->94363K(175104K)
[651.282s][info][gc,metaspace   ] GC(1805) Metaspace: 35479K(36224K)->35479K(36224K) NonClass: 26268K(26816K)->26268K(26816K) Class: 9211K(9408K)->9211K(9408K)
[651.282s][info][gc             ] GC(1805) Pause Young (Allocation Failure) 377M->92M(475M) 0.605ms
[651.282s][info][gc,cpu         ] GC(1805) User=0.00s Sys=0.00s Real=0.00s
[651.335s][info][gc,start       ] GC(1806) Pause Young (Allocation Failure)
[651.335s][info][gc,heap        ] GC(1806) PSYoungGen: 296000K(311808K)->64K(313344K) Eden: 295936K(295936K)->0K(295936K) From: 64K(15872K)->64K(17408K)
[651.335s][info][gc,heap        ] GC(1806) ParOldGen: 94363K(175104K)->94379K(175104K)
[651.335s][info][gc,metaspace   ] GC(1806) Metaspace: 35479K(36224K)->35479K(36224K) NonClass: 26268K(26816K)->26268K(26816K) Class: 9211K(9408K)->9211K(9408K)
[651.335s][info][gc             ] GC(1806) Pause Young (Allocation Failure) 381M->92M(477M) 0.620ms
[651.335s][info][gc,cpu         ] GC(1806) User=0.00s Sys=0.00s Real=0.00s
[651.448s][info][gc,start       ] GC(1807) Pause Young (Allocation Failure)
[651.449s][info][gc,heap        ] GC(1807) PSYoungGen: 296000K(313344K)->64K(314880K) Eden: 295936K(295936K)->0K(300032K) From: 64K(17408K)->64K(14848K)
[651.449s][info][gc,heap        ] GC(1807) ParOldGen: 94379K(175104K)->94379K(175104K)
[651.449s][info][gc,metaspace   ] GC(1807) Metaspace: 35479K(36224K)->35479K(36224K) NonClass: 26268K(26816K)->26268K(26816K) Class: 9211K(9408K)->9211K(9408K)
[651.449s][info][gc             ] GC(1807) Pause Young (Allocation Failure) 381M->92M(478M) 0.691ms
[651.449s][info][gc,cpu         ] GC(1807) User=0.00s Sys=0.00s Real=0.00s
[651.674s][info][gc,start       ] GC(1808) Pause Young (Allocation Failure)
[651.674s][info][gc,heap        ] GC(1808) PSYoungGen: 300096K(314880K)->64K(288768K) Eden: 300032K(300032K)->0K(288256K) From: 64K(14848K)->64K(512K)
[651.674s][info][gc,heap        ] GC(1808) ParOldGen: 94379K(175104K)->94387K(175104K)
[651.674s][info][gc,metaspace   ] GC(1808) Metaspace: 35479K(36224K)->35479K(36224K) NonClass: 26268K(26816K)->26268K(26816K) Class: 9211K(9408K)->9211K(9408K)
[651.674s][info][gc             ] GC(1808) Pause Young (Allocation Failure) 385M->92M(453M) 0.717ms
[651.674s][info][gc,cpu         ] GC(1808) User=0.00s Sys=0.00s Real=0.00s
[651.834s][info][gc,start       ] GC(1809) Pause Young (Allocation Failure)
[651.835s][info][gc,heap        ] GC(1809) PSYoungGen: 288320K(288768K)->64K(278528K) Eden: 288256K(288256K)->0K(276992K) From: 64K(512K)->64K(1536K)
[651.835s][info][gc,heap        ] GC(1809) ParOldGen: 94387K(175104K)->94395K(175104K)
[651.835s][info][gc,metaspace   ] GC(1809) Metaspace: 35479K(36224K)->35479K(36224K) NonClass: 26268K(26816K)->26268K(26816K) Class: 9211K(9408K)->9211K(9408K)
[651.835s][info][gc             ] GC(1809) Pause Young (Allocation Failure) 373M->92M(443M) 0.763ms
[651.835s][info][gc,cpu         ] GC(1809) User=0.01s Sys=0.00s Real=0.00s
[651.910s][info][gc,start       ] GC(1810) Pause Young (Allocation Failure)
[651.910s][info][gc,heap        ] GC(1810) PSYoungGen: 277056K(278528K)->64K(280064K) Eden: 276992K(276992K)->0K(266240K) From: 64K(1536K)->64K(13824K)
[651.910s][info][gc,heap        ] GC(1810) ParOldGen: 94395K(175104K)->94411K(175104K)
[651.910s][info][gc,metaspace   ] GC(1810) Metaspace: 35479K(36224K)->35479K(36224K) NonClass: 26268K(26816K)->26268K(26816K) Class: 9211K(9408K)->9211K(9408K)
[651.910s][info][gc             ] GC(1810) Pause Young (Allocation Failure) 362M->92M(444M) 0.619ms
[651.910s][info][gc,cpu         ] GC(1810) User=0.00s Sys=0.00s Real=0.00s
[652.049s][info][gc,start       ] GC(1811) Pause Young (Allocation Failure)
[652.050s][info][gc,heap        ] GC(1811) PSYoungGen: 266304K(280064K)->64K(256512K) Eden: 266240K(266240K)->0K(256000K) From: 64K(13824K)->64K(512K)
[652.050s][info][gc,heap        ] GC(1811) ParOldGen: 94411K(175104K)->94411K(175104K)
[652.050s][info][gc,metaspace   ] GC(1811) Metaspace: 35479K(36224K)->35479K(36224K) NonClass: 26268K(26816K)->26268K(26816K) Class: 9211K(9408K)->9211K(9408K)
[652.050s][info][gc             ] GC(1811) Pause Young (Allocation Failure) 352M->92M(421M) 1.443ms
[652.050s][info][gc,cpu         ] GC(1811) User=0.00s Sys=0.00s Real=0.00s
[652.443s][info][gc,start       ] GC(1812) Pause Young (Allocation Failure)
[652.444s][info][gc,heap        ] GC(1812) PSYoungGen: 256064K(256512K)->64K(258560K) Eden: 256000K(256000K)->0K(246272K) From: 64K(512K)->64K(12288K)
[652.444s][info][gc,heap        ] GC(1812) ParOldGen: 94411K(175104K)->94419K(175104K)
[652.444s][info][gc,metaspace   ] GC(1812) Metaspace: 35479K(36224K)->35479K(36224K) NonClass: 26268K(26816K)->26268K(26816K) Class: 9211K(9408K)->9211K(9408K)
[652.444s][info][gc             ] GC(1812) Pause Young (Allocation Failure) 342M->92M(423M) 1.045ms
[652.444s][info][gc,cpu         ] GC(1812) User=0.00s Sys=0.00s Real=0.00s
[653.033s][info][gc,start       ] GC(1813) Pause Young (Allocation Failure)
[653.035s][info][gc,heap        ] GC(1813) PSYoungGen: 246336K(258560K)->115K(237568K) Eden: 246272K(246272K)->0K(237056K) From: 64K(12288K)->115K(512K)
[653.035s][info][gc,heap        ] GC(1813) ParOldGen: 94419K(175104K)->94427K(175104K)
[653.035s][info][gc,metaspace   ] GC(1813) Metaspace: 35479K(36224K)->35479K(36224K) NonClass: 26268K(26816K)->26268K(26816K) Class: 9211K(9408K)->9211K(9408K)
[653.035s][info][gc             ] GC(1813) Pause Young (Allocation Failure) 332M->92M(403M) 1.923ms
[653.035s][info][gc,cpu         ] GC(1813) User=0.00s Sys=0.00s Real=0.00s
[653.926s][info][gc,start       ] GC(1814) Pause Young (Allocation Failure)
[653.927s][info][gc,heap        ] GC(1814) PSYoungGen: 237171K(237568K)->64K(239104K) Eden: 237056K(237056K)->0K(228352K) From: 115K(512K)->64K(10752K)
[653.927s][info][gc,heap        ] GC(1814) ParOldGen: 94427K(175104K)->94435K(175104K)
[653.927s][info][gc,metaspace   ] GC(1814) Metaspace: 35479K(36224K)->35479K(36224K) NonClass: 26268K(26816K)->26268K(26816K) Class: 9211K(9408K)->9211K(9408K)
[653.927s][info][gc             ] GC(1814) Pause Young (Allocation Failure) 323M->92M(404M) 1.119ms
[653.927s][info][gc,cpu         ] GC(1814) User=0.00s Sys=0.00s Real=0.00s
[654.280s][info][gc,start       ] GC(1815) Pause Young (Allocation Failure)
[654.282s][info][gc,heap        ] GC(1815) PSYoungGen: 228416K(239104K)->64K(220160K) Eden: 228352K(228352K)->0K(219648K) From: 64K(10752K)->64K(512K)
[654.282s][info][gc,heap        ] GC(1815) ParOldGen: 94435K(175104K)->94451K(175104K)
[654.282s][info][gc,metaspace   ] GC(1815) Metaspace: 35479K(36224K)->35479K(36224K) NonClass: 26268K(26816K)->26268K(26816K) Class: 9211K(9408K)->9211K(9408K)
[654.282s][info][gc             ] GC(1815) Pause Young (Allocation Failure) 315M->92M(386M) 2.123ms
[654.282s][info][gc,cpu         ] GC(1815) User=0.00s Sys=0.00s Real=0.01s
[655.111s][info][gc,start       ] GC(1816) Pause Young (Allocation Failure)
[655.112s][info][gc,heap        ] GC(1816) PSYoungGen: 219712K(220160K)->32K(220672K) Eden: 219648K(219648K)->0K(211456K) From: 64K(512K)->32K(9216K)
[655.112s][info][gc,heap        ] GC(1816) ParOldGen: 94451K(175104K)->94459K(175104K)
[655.112s][info][gc,metaspace   ] GC(1816) Metaspace: 35479K(36224K)->35479K(36224K) NonClass: 26268K(26816K)->26268K(26816K) Class: 9211K(9408K)->9211K(9408K)
[655.112s][info][gc             ] GC(1816) Pause Young (Allocation Failure) 306M->92M(386M) 1.213ms
[655.112s][info][gc,cpu         ] GC(1816) User=0.00s Sys=0.00s Real=0.01s
[655.462s][info][gc,start       ] GC(1817) Pause Young (Allocation Failure)
[655.463s][info][gc,heap        ] GC(1817) PSYoungGen: 211488K(220672K)->64K(204288K) Eden: 211456K(211456K)->0K(203776K) From: 32K(9216K)->64K(512K)
[655.463s][info][gc,heap        ] GC(1817) ParOldGen: 94459K(175104K)->94467K(175104K)
[655.463s][info][gc,metaspace   ] GC(1817) Metaspace: 35479K(36224K)->35479K(36224K) NonClass: 26268K(26816K)->26268K(26816K) Class: 9211K(9408K)->9211K(9408K)
[655.463s][info][gc             ] GC(1817) Pause Young (Allocation Failure) 298M->92M(370M) 1.668ms
[655.463s][info][gc,cpu         ] GC(1817) User=0.00s Sys=0.00s Real=0.01s
[655.770s][info][gc,start       ] GC(1818) Pause Young (Allocation Failure)
[655.771s][info][gc,heap        ] GC(1818) PSYoungGen: 203840K(204288K)->64K(204800K) Eden: 203776K(203776K)->0K(196608K) From: 64K(512K)->64K(8192K)
[655.771s][info][gc,heap        ] GC(1818) ParOldGen: 94467K(175104K)->94475K(175104K)
[655.771s][info][gc,metaspace   ] GC(1818) Metaspace: 35479K(36224K)->35479K(36224K) NonClass: 26268K(26816K)->26268K(26816K) Class: 9211K(9408K)->9211K(9408K)
[655.771s][info][gc             ] GC(1818) Pause Young (Allocation Failure) 291M->92M(371M) 1.069ms
[655.771s][info][gc,cpu         ] GC(1818) User=0.00s Sys=0.00s Real=0.00s
[655.885s][info][gc,start       ] GC(1819) Pause Young (Allocation Failure)
[655.886s][info][gc,heap        ] GC(1819) PSYoungGen: 196672K(204800K)->64K(189952K) Eden: 196608K(196608K)->0K(189440K) From: 64K(8192K)->64K(512K)
[655.886s][info][gc,heap        ] GC(1819) ParOldGen: 94475K(175104K)->94483K(175104K)
[655.886s][info][gc,metaspace   ] GC(1819) Metaspace: 35479K(36224K)->35479K(36224K) NonClass: 26268K(26816K)->26268K(26816K) Class: 9211K(9408K)->9211K(9408K)
[655.886s][info][gc             ] GC(1819) Pause Young (Allocation Failure) 284M->92M(356M) 1.486ms
[655.886s][info][gc,cpu         ] GC(1819) User=0.00s Sys=0.00s Real=0.00s
[656.057s][info][gc,start       ] GC(1820) Pause Young (Allocation Failure)
[656.058s][info][gc,heap        ] GC(1820) PSYoungGen: 189504K(189952K)->64K(189952K) Eden: 189440K(189440K)->0K(182784K) From: 64K(512K)->64K(7168K)
[656.058s][info][gc,heap        ] GC(1820) ParOldGen: 94483K(175104K)->94491K(175104K)
[656.058s][info][gc,metaspace   ] GC(1820) Metaspace: 35479K(36224K)->35479K(36224K) NonClass: 26268K(26816K)->26268K(26816K) Class: 9211K(9408K)->9211K(9408K)
[656.058s][info][gc             ] GC(1820) Pause Young (Allocation Failure) 277M->92M(356M) 0.907ms
[656.058s][info][gc,cpu         ] GC(1820) User=0.00s Sys=0.00s Real=0.00s
[656.524s][info][gc,start       ] GC(1821) Pause Young (Allocation Failure)
[656.525s][info][gc,heap        ] GC(1821) PSYoungGen: 182848K(189952K)->64K(177152K) Eden: 182784K(182784K)->0K(176640K) From: 64K(7168K)->64K(512K)
[656.525s][info][gc,heap        ] GC(1821) ParOldGen: 94491K(175104K)->94499K(175104K)
[656.525s][info][gc,metaspace   ] GC(1821) Metaspace: 35479K(36224K)->35479K(36224K) NonClass: 26268K(26816K)->26268K(26816K) Class: 9211K(9408K)->9211K(9408K)
[656.525s][info][gc             ] GC(1821) Pause Young (Allocation Failure) 270M->92M(344M) 1.466ms
[656.525s][info][gc,cpu         ] GC(1821) User=0.00s Sys=0.01s Real=0.00s
[656.648s][info][gc,start       ] GC(1822) Pause Young (Allocation Failure)
[656.649s][info][gc,heap        ] GC(1822) PSYoungGen: 176702K(177152K)->64K(176640K) Eden: 176638K(176640K)->0K(170496K) From: 64K(512K)->64K(6144K)
[656.649s][info][gc,heap        ] GC(1822) ParOldGen: 94499K(175104K)->94507K(175104K)
[656.649s][info][gc,metaspace   ] GC(1822) Metaspace: 35479K(36224K)->35479K(36224K) NonClass: 26268K(26816K)->26268K(26816K) Class: 9211K(9408K)->9211K(9408K)
[656.649s][info][gc             ] GC(1822) Pause Young (Allocation Failure) 264M->92M(343M) 1.013ms
[656.649s][info][gc,cpu         ] GC(1822) User=0.01s Sys=0.00s Real=0.00s
[656.895s][info][gc,start       ] GC(1823) Pause Young (Allocation Failure)
[656.907s][info][gc,heap        ] GC(1823) PSYoungGen: 170560K(176640K)->5632K(208896K) Eden: 170496K(170496K)->0K(203264K) From: 64K(6144K)->5632K(5632K)
[656.907s][info][gc,heap        ] GC(1823) ParOldGen: 94507K(175104K)->94563K(175104K)
[656.907s][info][gc,metaspace   ] GC(1823) Metaspace: 35479K(36224K)->35479K(36224K) NonClass: 26268K(26816K)->26268K(26816K) Class: 9211K(9408K)->9211K(9408K)
[656.907s][info][gc             ] GC(1823) Pause Young (Allocation Failure) 258M->97M(375M) 12.185ms
[656.908s][info][gc,cpu         ] GC(1823) User=0.02s Sys=0.00s Real=0.01s
[657.139s][info][gc,start       ] GC(1824) Pause Young (Allocation Failure)
[657.175s][info][gc,heap        ] GC(1824) PSYoungGen: 208896K(208896K)->7168K(242176K) Eden: 203264K(203264K)->0K(235008K) From: 5632K(5632K)->7168K(7168K)
[657.175s][info][gc,heap        ] GC(1824) ParOldGen: 94563K(175104K)->110331K(175104K)
[657.175s][info][gc,metaspace   ] GC(1824) Metaspace: 35479K(36224K)->35479K(36224K) NonClass: 26268K(26816K)->26268K(26816K) Class: 9211K(9408K)->9211K(9408K)
[657.175s][info][gc             ] GC(1824) Pause Young (Allocation Failure) 296M->114M(407M) 36.129ms
[657.175s][info][gc,cpu         ] GC(1824) User=0.07s Sys=0.00s Real=0.04s
[657.442s][info][gc,start       ] GC(1825) Pause Young (Allocation Failure)
[657.492s][info][gc,heap        ] GC(1825) PSYoungGen: 242176K(242176K)->14336K(250368K) Eden: 235008K(235008K)->0K(236032K) From: 7168K(7168K)->14336K(14336K)
[657.492s][info][gc,heap        ] GC(1825) ParOldGen: 110331K(175104K)->122923K(175104K)
[657.492s][info][gc,metaspace   ] GC(1825) Metaspace: 35479K(36224K)->35479K(36224K) NonClass: 26268K(26816K)->26268K(26816K) Class: 9211K(9408K)->9211K(9408K)
[657.492s][info][gc             ] GC(1825) Pause Young (Allocation Failure) 344M->134M(415M) 49.785ms
[657.492s][info][gc,cpu         ] GC(1825) User=0.09s Sys=0.00s Real=0.05s
[657.615s][info][gc,start       ] GC(1826) Pause Young (Allocation Failure)
[657.629s][info][gc,heap        ] GC(1826) PSYoungGen: 250368K(250368K)->7552K(258048K) Eden: 236032K(236032K)->0K(236032K) From: 14336K(14336K)->7552K(22016K)
[657.629s][info][gc,heap        ] GC(1826) ParOldGen: 122923K(175104K)->123259K(175104K)
[657.629s][info][gc,metaspace   ] GC(1826) Metaspace: 35479K(36224K)->35479K(36224K) NonClass: 26268K(26816K)->26268K(26816K) Class: 9211K(9408K)->9211K(9408K)
[657.629s][info][gc             ] GC(1826) Pause Young (Allocation Failure) 364M->127M(423M) 14.101ms
[657.629s][info][gc,cpu         ] GC(1826) User=0.03s Sys=0.00s Real=0.01s
[657.951s][info][gc,start       ] GC(1827) Pause Young (Allocation Failure)
[657.952s][info][gc,heap        ] GC(1827) PSYoungGen: 243584K(258048K)->64K(303104K) Eden: 236032K(236032K)->0K(283136K) From: 7552K(22016K)->64K(19968K)
[657.952s][info][gc,heap        ] GC(1827) ParOldGen: 123259K(175104K)->123267K(175104K)
[657.952s][info][gc,metaspace   ] GC(1827) Metaspace: 35479K(36224K)->35479K(36224K) NonClass: 26268K(26816K)->26268K(26816K) Class: 9211K(9408K)->9211K(9408K)
[657.952s][info][gc             ] GC(1827) Pause Young (Allocation Failure) 358M->120M(467M) 0.855ms
[657.952s][info][gc,cpu         ] GC(1827) User=0.00s Sys=0.00s Real=0.01s
[658.545s][info][gc,start       ] GC(1828) Pause Young (Allocation Failure)
[658.546s][info][gc,heap        ] GC(1828) PSYoungGen: 283200K(303104K)->64K(304128K) Eden: 283136K(283136K)->0K(283136K) From: 64K(19968K)->64K(20992K)
[658.546s][info][gc,heap        ] GC(1828) ParOldGen: 123267K(175104K)->123275K(175104K)
[658.546s][info][gc,metaspace   ] GC(1828) Metaspace: 35480K(36224K)->35480K(36224K) NonClass: 26269K(26816K)->26269K(26816K) Class: 9211K(9408K)->9211K(9408K)
[658.546s][info][gc             ] GC(1828) Pause Young (Allocation Failure) 396M->120M(468M) 0.836ms
[658.546s][info][gc,cpu         ] GC(1828) User=0.00s Sys=0.00s Real=0.00s
[658.974s][info][gc,start       ] GC(1829) Pause Young (Allocation Failure)
[658.974s][info][gc,heap        ] GC(1829) PSYoungGen: 283200K(304128K)->64K(311808K) Eden: 283136K(283136K)->0K(292864K) From: 64K(20992K)->64K(18944K)
[658.974s][info][gc,heap        ] GC(1829) ParOldGen: 123275K(175104K)->123291K(175104K)
[658.974s][info][gc,metaspace   ] GC(1829) Metaspace: 35480K(36224K)->35480K(36224K) NonClass: 26269K(26816K)->26269K(26816K) Class: 9211K(9408K)->9211K(9408K)
[658.974s][info][gc             ] GC(1829) Pause Young (Allocation Failure) 396M->120M(475M) 0.759ms
[658.974s][info][gc,cpu         ] GC(1829) User=0.00s Sys=0.00s Real=0.00s
[659.190s][info][gc,start       ] GC(1830) Pause Young (Allocation Failure)
[659.191s][info][gc,heap        ] GC(1830) PSYoungGen: 292928K(311808K)->64K(312320K) Eden: 292864K(292864K)->0K(292864K) From: 64K(18944K)->64K(19456K)
[659.191s][info][gc,heap        ] GC(1830) ParOldGen: 123291K(175104K)->123307K(175104K)
[659.191s][info][gc,metaspace   ] GC(1830) Metaspace: 35480K(36224K)->35480K(36224K) NonClass: 26269K(26816K)->26269K(26816K) Class: 9211K(9408K)->9211K(9408K)
[659.191s][info][gc             ] GC(1830) Pause Young (Allocation Failure) 406M->120M(476M) 0.762ms
[659.191s][info][gc,cpu         ] GC(1830) User=0.00s Sys=0.00s Real=0.00s
[659.409s][info][gc,start       ] GC(1831) Pause Young (Allocation Failure)
[659.410s][info][gc,heap        ] GC(1831) PSYoungGen: 292928K(312320K)->64K(313856K) Eden: 292864K(292864K)->0K(295936K) From: 64K(19456K)->64K(17920K)
[659.410s][info][gc,heap        ] GC(1831) ParOldGen: 123307K(175104K)->123307K(175104K)
[659.410s][info][gc,metaspace   ] GC(1831) Metaspace: 35480K(36224K)->35480K(36224K) NonClass: 26269K(26816K)->26269K(26816K) Class: 9211K(9408K)->9211K(9408K)
[659.410s][info][gc             ] GC(1831) Pause Young (Allocation Failure) 406M->120M(477M) 0.885ms
[659.410s][info][gc,cpu         ] GC(1831) User=0.00s Sys=0.00s Real=0.00s
[659.705s][info][gc,start       ] GC(1832) Pause Young (Allocation Failure)
[659.706s][info][gc,heap        ] GC(1832) PSYoungGen: 296000K(313856K)->64K(313856K) Eden: 295936K(295936K)->0K(295936K) From: 64K(17920K)->64K(17920K)
[659.706s][info][gc,heap        ] GC(1832) ParOldGen: 123307K(175104K)->123307K(175104K)
[659.706s][info][gc,metaspace   ] GC(1832) Metaspace: 35480K(36224K)->35480K(36224K) NonClass: 26269K(26816K)->26269K(26816K) Class: 9211K(9408K)->9211K(9408K)
[659.706s][info][gc             ] GC(1832) Pause Young (Allocation Failure) 409M->120M(477M) 1.214ms
[659.706s][info][gc,cpu         ] GC(1832) User=0.00s Sys=0.00s Real=0.00s
[659.756s][info][gc,start       ] GC(1833) Pause Young (Allocation Failure)
[659.757s][info][gc,heap        ] GC(1833) PSYoungGen: 296000K(313856K)->32K(315392K) Eden: 295936K(295936K)->0K(298496K) From: 64K(17920K)->32K(16896K)
[659.757s][info][gc,heap        ] GC(1833) ParOldGen: 123307K(175104K)->123323K(175104K)
[659.757s][info][gc,metaspace   ] GC(1833) Metaspace: 35480K(36224K)->35480K(36224K) NonClass: 26269K(26816K)->26269K(26816K) Class: 9211K(9408K)->9211K(9408K)
[659.757s][info][gc             ] GC(1833) Pause Young (Allocation Failure) 409M->120M(479M) 1.035ms
[659.757s][info][gc,cpu         ] GC(1833) User=0.00s Sys=0.00s Real=0.00s
[659.844s][info][gc,start       ] GC(1834) Pause Young (Allocation Failure)
[659.845s][info][gc,heap        ] GC(1834) PSYoungGen: 298528K(315392K)->64K(314880K) Eden: 298496K(298496K)->0K(298496K) From: 32K(16896K)->64K(16384K)
[659.845s][info][gc,heap        ] GC(1834) ParOldGen: 123323K(175104K)->123323K(175104K)
[659.845s][info][gc,metaspace   ] GC(1834) Metaspace: 35480K(36224K)->35480K(36224K) NonClass: 26269K(26816K)->26269K(26816K) Class: 9211K(9408K)->9211K(9408K)
[659.845s][info][gc             ] GC(1834) Pause Young (Allocation Failure) 411M->120M(478M) 1.112ms
[659.845s][info][gc,cpu         ] GC(1834) User=0.00s Sys=0.00s Real=0.00s
[660.065s][info][gc,start       ] GC(1835) Pause Young (Allocation Failure)
[660.066s][info][gc,heap        ] GC(1835) PSYoungGen: 298560K(314880K)->32K(316416K) Eden: 298496K(298496K)->0K(301568K) From: 64K(16384K)->32K(14848K)
[660.066s][info][gc,heap        ] GC(1835) ParOldGen: 123323K(175104K)->123339K(175104K)
[660.066s][info][gc,metaspace   ] GC(1835) Metaspace: 35480K(36224K)->35480K(36224K) NonClass: 26269K(26816K)->26269K(26816K) Class: 9211K(9408K)->9211K(9408K)
[660.066s][info][gc             ] GC(1835) Pause Young (Allocation Failure) 411M->120M(480M) 1.067ms
[660.066s][info][gc,cpu         ] GC(1835) User=0.00s Sys=0.00s Real=0.00s
[660.250s][info][gc,start       ] GC(1836) Pause Young (Allocation Failure)
[660.251s][info][gc,heap        ] GC(1836) PSYoungGen: 301600K(316416K)->64K(315904K) Eden: 301568K(301568K)->0K(301568K) From: 32K(14848K)->64K(14336K)
[660.251s][info][gc,heap        ] GC(1836) ParOldGen: 123339K(175104K)->123339K(175104K)
[660.251s][info][gc,metaspace   ] GC(1836) Metaspace: 35480K(36224K)->35480K(36224K) NonClass: 26269K(26816K)->26269K(26816K) Class: 9211K(9408K)->9211K(9408K)
[660.251s][info][gc             ] GC(1836) Pause Young (Allocation Failure) 414M->120M(479M) 1.212ms
[660.251s][info][gc,cpu         ] GC(1836) User=0.00s Sys=0.00s Real=0.00s
[660.332s][info][gc,start       ] GC(1837) Pause Young (Allocation Failure)
[660.333s][info][gc,heap        ] GC(1837) PSYoungGen: 301632K(315904K)->32K(318464K) Eden: 301568K(301568K)->0K(305664K) From: 64K(14336K)->32K(12800K)
[660.333s][info][gc,heap        ] GC(1837) ParOldGen: 123339K(175104K)->123355K(175104K)
[660.333s][info][gc,metaspace   ] GC(1837) Metaspace: 35480K(36224K)->35480K(36224K) NonClass: 26269K(26816K)->26269K(26816K) Class: 9211K(9408K)->9211K(9408K)
[660.333s][info][gc             ] GC(1837) Pause Young (Allocation Failure) 415M->120M(482M) 1.130ms
[660.333s][info][gc,cpu         ] GC(1837) User=0.00s Sys=0.00s Real=0.01s
[660.496s][info][gc,start       ] GC(1838) Pause Young (Allocation Failure)
[660.497s][info][gc,heap        ] GC(1838) PSYoungGen: 305696K(318464K)->64K(318464K) Eden: 305664K(305664K)->0K(305664K) From: 32K(12800K)->64K(12800K)
[660.497s][info][gc,heap        ] GC(1838) ParOldGen: 123355K(175104K)->123355K(175104K)
[660.497s][info][gc,metaspace   ] GC(1838) Metaspace: 35480K(36224K)->35480K(36224K) NonClass: 26269K(26816K)->26269K(26816K) Class: 9211K(9408K)->9211K(9408K)
[660.497s][info][gc             ] GC(1838) Pause Young (Allocation Failure) 418M->120M(482M) 1.182ms
[660.497s][info][gc,cpu         ] GC(1838) User=0.00s Sys=0.00s Real=0.00s
[661.420s][info][gc,start       ] GC(1839) Pause Young (Allocation Failure)
[661.421s][info][gc,heap        ] GC(1839) PSYoungGen: 305728K(318464K)->64K(293888K) Eden: 305664K(305664K)->0K(293376K) From: 64K(12800K)->64K(512K)
[661.421s][info][gc,heap        ] GC(1839) ParOldGen: 123355K(175104K)->123363K(175104K)
[661.421s][info][gc,metaspace   ] GC(1839) Metaspace: 35480K(36224K)->35480K(36224K) NonClass: 26269K(26816K)->26269K(26816K) Class: 9211K(9408K)->9211K(9408K)
[661.421s][info][gc             ] GC(1839) Pause Young (Allocation Failure) 419M->120M(458M) 1.221ms
[661.421s][info][gc,cpu         ] GC(1839) User=0.00s Sys=0.00s Real=0.00s
[662.251s][info][gc,start       ] GC(1840) Pause Young (Allocation Failure)
[662.252s][info][gc,heap        ] GC(1840) PSYoungGen: 293440K(293888K)->64K(292864K) Eden: 293376K(293376K)->0K(281600K) From: 64K(512K)->64K(11264K)
[662.252s][info][gc,heap        ] GC(1840) ParOldGen: 123363K(175104K)->123371K(175104K)
[662.252s][info][gc,metaspace   ] GC(1840) Metaspace: 35480K(36224K)->35480K(36224K) NonClass: 26269K(26816K)->26269K(26816K) Class: 9211K(9408K)->9211K(9408K)
[662.252s][info][gc             ] GC(1840) Pause Young (Allocation Failure) 407M->120M(457M) 1.268ms
[662.252s][info][gc,cpu         ] GC(1840) User=0.00s Sys=0.00s Real=0.01s
[662.596s][info][gc,start       ] GC(1841) Pause Young (Allocation Failure)
[662.597s][info][gc,heap        ] GC(1841) PSYoungGen: 281664K(292864K)->64K(270848K) Eden: 281600K(281600K)->0K(270336K) From: 64K(11264K)->64K(512K)
[662.597s][info][gc,heap        ] GC(1841) ParOldGen: 123371K(175104K)->123387K(175104K)
[662.597s][info][gc,metaspace   ] GC(1841) Metaspace: 35480K(36224K)->35480K(36224K) NonClass: 26269K(26816K)->26269K(26816K) Class: 9211K(9408K)->9211K(9408K)
[662.597s][info][gc             ] GC(1841) Pause Young (Allocation Failure) 395M->120M(435M) 1.218ms
[662.597s][info][gc,cpu         ] GC(1841) User=0.00s Sys=0.00s Real=0.00s
[663.468s][info][gc,start       ] GC(1842) Pause Young (Allocation Failure)
[663.470s][info][gc,heap        ] GC(1842) PSYoungGen: 270400K(270848K)->64K(269312K) Eden: 270336K(270336K)->0K(259584K) From: 64K(512K)->64K(9728K)
[663.470s][info][gc,heap        ] GC(1842) ParOldGen: 123387K(175104K)->123403K(175104K)
[663.470s][info][gc,metaspace   ] GC(1842) Metaspace: 35480K(36224K)->35480K(36224K) NonClass: 26269K(26816K)->26269K(26816K) Class: 9211K(9408K)->9211K(9408K)
[663.470s][info][gc             ] GC(1842) Pause Young (Allocation Failure) 384M->120M(434M) 1.175ms
[663.470s][info][gc,cpu         ] GC(1842) User=0.00s Sys=0.00s Real=0.00s
[664.073s][info][gc,start       ] GC(1843) Pause Young (Allocation Failure)
[664.074s][info][gc,heap        ] GC(1843) PSYoungGen: 259648K(269312K)->64K(249856K) Eden: 259584K(259584K)->0K(249344K) From: 64K(9728K)->64K(512K)
[664.074s][info][gc,heap        ] GC(1843) ParOldGen: 123403K(175104K)->123411K(175104K)
[664.074s][info][gc,metaspace   ] GC(1843) Metaspace: 35480K(36224K)->35480K(36224K) NonClass: 26269K(26816K)->26269K(26816K) Class: 9211K(9408K)->9211K(9408K)
[664.074s][info][gc             ] GC(1843) Pause Young (Allocation Failure) 374M->120M(415M) 1.518ms
[664.074s][info][gc,cpu         ] GC(1843) User=0.00s Sys=0.00s Real=0.00s
[664.274s][info][gc,start       ] GC(1844) Pause Young (Allocation Failure)
[664.275s][info][gc,heap        ] GC(1844) PSYoungGen: 249408K(249856K)->64K(248320K) Eden: 249344K(249344K)->0K(239616K) From: 64K(512K)->64K(8704K)
[664.275s][info][gc,heap        ] GC(1844) ParOldGen: 123411K(175104K)->123419K(175104K)
[664.275s][info][gc,metaspace   ] GC(1844) Metaspace: 35480K(36224K)->35480K(36224K) NonClass: 26269K(26816K)->26269K(26816K) Class: 9211K(9408K)->9211K(9408K)
[664.275s][info][gc             ] GC(1844) Pause Young (Allocation Failure) 364M->120M(413M) 1.012ms
[664.275s][info][gc,cpu         ] GC(1844) User=0.00s Sys=0.00s Real=0.00s
[664.362s][info][gc,start       ] GC(1845) Pause Young (Allocation Failure)
[664.364s][info][gc,heap        ] GC(1845) PSYoungGen: 239680K(248320K)->64K(230912K) Eden: 239616K(239616K)->0K(230400K) From: 64K(8704K)->64K(512K)
[664.364s][info][gc,heap        ] GC(1845) ParOldGen: 123419K(175104K)->123427K(175104K)
[664.364s][info][gc,metaspace   ] GC(1845) Metaspace: 35480K(36224K)->35480K(36224K) NonClass: 26269K(26816K)->26269K(26816K) Class: 9211K(9408K)->9211K(9408K)
[664.364s][info][gc             ] GC(1845) Pause Young (Allocation Failure) 354M->120M(396M) 1.636ms
[664.364s][info][gc,cpu         ] GC(1845) User=0.00s Sys=0.00s Real=0.00s
[664.925s][info][gc,start       ] GC(1846) Pause Young (Allocation Failure)
[664.926s][info][gc,heap        ] GC(1846) PSYoungGen: 230464K(230912K)->64K(229376K) Eden: 230400K(230400K)->0K(221696K) From: 64K(512K)->64K(7680K)
[664.926s][info][gc,heap        ] GC(1846) ParOldGen: 123427K(175104K)->123435K(175104K)
[664.926s][info][gc,metaspace   ] GC(1846) Metaspace: 35480K(36224K)->35480K(36224K) NonClass: 26269K(26816K)->26269K(26816K) Class: 9211K(9408K)->9211K(9408K)
[664.926s][info][gc             ] GC(1846) Pause Young (Allocation Failure) 345M->120M(395M) 1.037ms
[664.926s][info][gc,cpu         ] GC(1846) User=0.00s Sys=0.00s Real=0.00s
[665.115s][info][gc,start       ] GC(1847) Pause Young (Allocation Failure)
[665.117s][info][gc,heap        ] GC(1847) PSYoungGen: 221758K(229376K)->64K(214016K) Eden: 221694K(221696K)->0K(213504K) From: 64K(7680K)->64K(512K)
[665.117s][info][gc,heap        ] GC(1847) ParOldGen: 123435K(175104K)->123443K(175104K)
[665.117s][info][gc,metaspace   ] GC(1847) Metaspace: 35480K(36224K)->35480K(36224K) NonClass: 26269K(26816K)->26269K(26816K) Class: 9211K(9408K)->9211K(9408K)
[665.117s][info][gc             ] GC(1847) Pause Young (Allocation Failure) 337M->120M(380M) 1.807ms
[665.117s][info][gc,cpu         ] GC(1847) User=0.00s Sys=0.00s Real=0.00s
[665.402s][info][gc,start       ] GC(1848) Pause Young (Allocation Failure)
[665.426s][info][gc,heap        ] GC(1848) PSYoungGen: 213568K(214016K)->6656K(262144K) Eden: 213504K(213504K)->0K(255488K) From: 64K(512K)->6656K(6656K)
[665.426s][info][gc,heap        ] GC(1848) ParOldGen: 123443K(175104K)->131491K(175104K)
[665.426s][info][gc,metaspace   ] GC(1848) Metaspace: 35480K(36224K)->35480K(36224K) NonClass: 26269K(26816K)->26269K(26816K) Class: 9211K(9408K)->9211K(9408K)
[665.426s][info][gc             ] GC(1848) Pause Young (Allocation Failure) 329M->134M(427M) 23.496ms
[665.426s][info][gc,cpu         ] GC(1848) User=0.05s Sys=0.00s Real=0.02s
[665.716s][info][gc,start       ] GC(1849) Pause Young (Allocation Failure)
[665.762s][info][gc,heap        ] GC(1849) PSYoungGen: 262144K(262144K)->6656K(267264K) Eden: 255488K(255488K)->0K(260608K) From: 6656K(6656K)->6656K(6656K)
[665.762s][info][gc,heap        ] GC(1849) ParOldGen: 131491K(175104K)->153891K(175104K)
[665.762s][info][gc,metaspace   ] GC(1849) Metaspace: 35480K(36224K)->35480K(36224K) NonClass: 26269K(26816K)->26269K(26816K) Class: 9211K(9408K)->9211K(9408K)
[665.762s][info][gc             ] GC(1849) Pause Young (Allocation Failure) 384M->156M(432M) 45.690ms
[665.762s][info][gc,cpu         ] GC(1849) User=0.09s Sys=0.00s Real=0.04s
[665.978s][info][gc,start       ] GC(1850) Pause Young (Allocation Failure)
[666.011s][info][gc,heap        ] GC(1850) PSYoungGen: 267264K(267264K)->19104K(281088K) Eden: 260608K(260608K)->0K(260608K) From: 6656K(6656K)->19104K(20480K)
[666.011s][info][gc,heap        ] GC(1850) ParOldGen: 153891K(175104K)->154499K(175104K)
[666.011s][info][gc,metaspace   ] GC(1850) Metaspace: 35480K(36224K)->35480K(36224K) NonClass: 26269K(26816K)->26269K(26816K) Class: 9211K(9408K)->9211K(9408K)
[666.011s][info][gc             ] GC(1850) Pause Young (Allocation Failure) 411M->169M(445M) 32.544ms
[666.011s][info][gc,cpu         ] GC(1850) User=0.07s Sys=0.00s Real=0.03s
[666.227s][info][gc,start       ] GC(1851) Pause Young (Allocation Failure)
[666.228s][info][gc,heap        ] GC(1851) PSYoungGen: 279712K(281088K)->64K(310272K) Eden: 260608K(260608K)->0K(286208K) From: 19104K(20480K)->64K(24064K)
[666.228s][info][gc,heap        ] GC(1851) ParOldGen: 154499K(175104K)->154507K(175104K)
[666.228s][info][gc,metaspace   ] GC(1851) Metaspace: 35480K(36224K)->35480K(36224K) NonClass: 26269K(26816K)->26269K(26816K) Class: 9211K(9408K)->9211K(9408K)
[666.228s][info][gc             ] GC(1851) Pause Young (Allocation Failure) 424M->150M(474M) 0.869ms
[666.228s][info][gc,cpu         ] GC(1851) User=0.00s Sys=0.00s Real=0.00s
[666.875s][info][gc,start       ] GC(1852) Pause Young (Allocation Failure)
[666.876s][info][gc,heap        ] GC(1852) PSYoungGen: 286272K(310272K)->64K(286720K) Eden: 286208K(286208K)->0K(286208K) From: 64K(24064K)->64K(512K)
[666.876s][info][gc,heap        ] GC(1852) ParOldGen: 154507K(175104K)->154515K(175104K)
[666.876s][info][gc,metaspace   ] GC(1852) Metaspace: 35481K(36224K)->35481K(36224K) NonClass: 26270K(26816K)->26270K(26816K) Class: 9211K(9408K)->9211K(9408K)
[666.876s][info][gc             ] GC(1852) Pause Young (Allocation Failure) 430M->150M(451M) 0.903ms
[666.876s][info][gc,cpu         ] GC(1852) User=0.00s Sys=0.00s Real=0.00s
[667.346s][info][gc,start       ] GC(1853) Pause Young (Allocation Failure)
[667.347s][info][gc,heap        ] GC(1853) PSYoungGen: 286272K(286720K)->64K(309760K) Eden: 286208K(286208K)->0K(287232K) From: 64K(512K)->64K(22528K)
[667.347s][info][gc,heap        ] GC(1853) ParOldGen: 154515K(175104K)->154531K(175104K)
[667.347s][info][gc,metaspace   ] GC(1853) Metaspace: 35481K(36224K)->35481K(36224K) NonClass: 26270K(26816K)->26270K(26816K) Class: 9211K(9408K)->9211K(9408K)
[667.347s][info][gc             ] GC(1853) Pause Young (Allocation Failure) 430M->150M(473M) 0.944ms
[667.347s][info][gc,cpu         ] GC(1853) User=0.00s Sys=0.00s Real=0.00s
[667.551s][info][gc,start       ] GC(1854) Pause Young (Allocation Failure)
[667.551s][info][gc,heap        ] GC(1854) PSYoungGen: 287296K(309760K)->64K(308736K) Eden: 287232K(287232K)->0K(287232K) From: 64K(22528K)->64K(21504K)
[667.551s][info][gc,heap        ] GC(1854) ParOldGen: 154531K(175104K)->154547K(175104K)
[667.551s][info][gc,metaspace   ] GC(1854) Metaspace: 35481K(36224K)->35481K(36224K) NonClass: 26270K(26816K)->26270K(26816K) Class: 9211K(9408K)->9211K(9408K)
[667.551s][info][gc             ] GC(1854) Pause Young (Allocation Failure) 431M->150M(472M) 0.786ms
[667.551s][info][gc,cpu         ] GC(1854) User=0.00s Sys=0.00s Real=0.00s
[667.756s][info][gc,start       ] GC(1855) Pause Young (Allocation Failure)
[667.756s][info][gc,heap        ] GC(1855) PSYoungGen: 287296K(308736K)->64K(311296K) Eden: 287232K(287232K)->0K(290816K) From: 64K(21504K)->64K(20480K)
[667.756s][info][gc,heap        ] GC(1855) ParOldGen: 154547K(175104K)->154547K(175104K)
[667.756s][info][gc,metaspace   ] GC(1855) Metaspace: 35481K(36224K)->35481K(36224K) NonClass: 26270K(26816K)->26270K(26816K) Class: 9211K(9408K)->9211K(9408K)
[667.756s][info][gc             ] GC(1855) Pause Young (Allocation Failure) 431M->150M(475M) 0.753ms
[667.756s][info][gc,cpu         ] GC(1855) User=0.00s Sys=0.00s Real=0.00s
[668.083s][info][gc,start       ] GC(1856) Pause Young (Allocation Failure)
[668.083s][info][gc,heap        ] GC(1856) PSYoungGen: 290880K(311296K)->64K(310784K) Eden: 290816K(290816K)->0K(290816K) From: 64K(20480K)->64K(19968K)
[668.083s][info][gc,heap        ] GC(1856) ParOldGen: 154547K(175104K)->154547K(175104K)
[668.084s][info][gc,metaspace   ] GC(1856) Metaspace: 35481K(36224K)->35481K(36224K) NonClass: 26270K(26816K)->26270K(26816K) Class: 9211K(9408K)->9211K(9408K)
[668.084s][info][gc             ] GC(1856) Pause Young (Allocation Failure) 434M->150M(474M) 0.831ms
[668.084s][info][gc,cpu         ] GC(1856) User=0.00s Sys=0.00s Real=0.00s
[668.132s][info][gc,start       ] GC(1857) Pause Young (Allocation Failure)
[668.133s][info][gc,heap        ] GC(1857) PSYoungGen: 290880K(310784K)->64K(312832K) Eden: 290816K(290816K)->0K(294400K) From: 64K(19968K)->64K(18432K)
[668.133s][info][gc,heap        ] GC(1857) ParOldGen: 154547K(175104K)->154563K(175104K)
[668.133s][info][gc,metaspace   ] GC(1857) Metaspace: 35481K(36224K)->35481K(36224K) NonClass: 26270K(26816K)->26270K(26816K) Class: 9211K(9408K)->9211K(9408K)
[668.133s][info][gc             ] GC(1857) Pause Young (Allocation Failure) 434M->151M(476M) 0.748ms
[668.133s][info][gc,cpu         ] GC(1857) User=0.00s Sys=0.00s Real=0.00s
[668.186s][info][gc,start       ] GC(1858) Pause Young (Allocation Failure)
[668.187s][info][gc,heap        ] GC(1858) PSYoungGen: 294464K(312832K)->64K(312320K) Eden: 294400K(294400K)->0K(294400K) From: 64K(18432K)->64K(17920K)
[668.187s][info][gc,heap        ] GC(1858) ParOldGen: 154563K(175104K)->154563K(175104K)
[668.187s][info][gc,metaspace   ] GC(1858) Metaspace: 35481K(36224K)->35481K(36224K) NonClass: 26270K(26816K)->26270K(26816K) Class: 9211K(9408K)->9211K(9408K)
[668.187s][info][gc             ] GC(1858) Pause Young (Allocation Failure) 438M->151M(476M) 0.686ms
[668.187s][info][gc,cpu         ] GC(1858) User=0.00s Sys=0.00s Real=0.00s
[668.397s][info][gc,start       ] GC(1859) Pause Young (Allocation Failure)
[668.397s][info][gc,heap        ] GC(1859) PSYoungGen: 294464K(312320K)->64K(314880K) Eden: 294400K(294400K)->0K(298496K) From: 64K(17920K)->64K(16384K)
[668.397s][info][gc,heap        ] GC(1859) ParOldGen: 154563K(175104K)->154563K(175104K)
[668.398s][info][gc,metaspace   ] GC(1859) Metaspace: 35481K(36224K)->35481K(36224K) NonClass: 26270K(26816K)->26270K(26816K) Class: 9211K(9408K)->9211K(9408K)
[668.398s][info][gc             ] GC(1859) Pause Young (Allocation Failure) 438M->151M(478M) 0.750ms
[668.398s][info][gc,cpu         ] GC(1859) User=0.00s Sys=0.00s Real=0.00s
[668.613s][info][gc,start       ] GC(1860) Pause Young (Allocation Failure)
[668.614s][info][gc,heap        ] GC(1860) PSYoungGen: 298560K(314880K)->64K(287232K) Eden: 298496K(298496K)->0K(286720K) From: 64K(16384K)->64K(512K)
[668.614s][info][gc,heap        ] GC(1860) ParOldGen: 154563K(175104K)->154571K(175104K)
[668.614s][info][gc,metaspace   ] GC(1860) Metaspace: 35481K(36224K)->35481K(36224K) NonClass: 26270K(26816K)->26270K(26816K) Class: 9211K(9408K)->9211K(9408K)
[668.614s][info][gc             ] GC(1860) Pause Young (Allocation Failure) 442M->151M(451M) 0.970ms
[668.614s][info][gc,cpu         ] GC(1860) User=0.00s Sys=0.00s Real=0.00s
[668.698s][info][gc,start       ] GC(1861) Pause Young (Allocation Failure)
[668.700s][info][gc,heap        ] GC(1861) PSYoungGen: 286784K(287232K)->64K(302080K) Eden: 286720K(286720K)->0K(287232K) From: 64K(512K)->64K(14848K)
[668.700s][info][gc,heap        ] GC(1861) ParOldGen: 154571K(175104K)->154587K(175104K)
[668.700s][info][gc,metaspace   ] GC(1861) Metaspace: 35481K(36224K)->35481K(36224K) NonClass: 26270K(26816K)->26270K(26816K) Class: 9211K(9408K)->9211K(9408K)
[668.700s][info][gc             ] GC(1861) Pause Young (Allocation Failure) 431M->151M(466M) 1.282ms
[668.700s][info][gc,cpu         ] GC(1861) User=0.00s Sys=0.00s Real=0.00s
[668.819s][info][gc,start       ] GC(1862) Pause Young (Allocation Failure)
[668.820s][info][gc,heap        ] GC(1862) PSYoungGen: 287296K(302080K)->64K(301568K) Eden: 287232K(287232K)->0K(287232K) From: 64K(14848K)->64K(14336K)
[668.820s][info][gc,heap        ] GC(1862) ParOldGen: 154587K(175104K)->154595K(175104K)
[668.820s][info][gc,metaspace   ] GC(1862) Metaspace: 35481K(36224K)->35481K(36224K) NonClass: 26270K(26816K)->26270K(26816K) Class: 9211K(9408K)->9211K(9408K)
[668.820s][info][gc             ] GC(1862) Pause Young (Allocation Failure) 431M->151M(465M) 1.250ms
[668.820s][info][gc,cpu         ] GC(1862) User=0.00s Sys=0.00s Real=0.00s
[669.197s][info][gc,start       ] GC(1863) Pause Young (Allocation Failure)
[669.198s][info][gc,heap        ] GC(1863) PSYoungGen: 287296K(301568K)->64K(276480K) Eden: 287232K(287232K)->0K(275968K) From: 64K(14336K)->64K(512K)
[669.198s][info][gc,heap        ] GC(1863) ParOldGen: 154595K(175104K)->154603K(175104K)
[669.198s][info][gc,metaspace   ] GC(1863) Metaspace: 35481K(36224K)->35481K(36224K) NonClass: 26270K(26816K)->26270K(26816K) Class: 9211K(9408K)->9211K(9408K)
[669.198s][info][gc             ] GC(1863) Pause Young (Allocation Failure) 431M->151M(441M) 1.277ms
[669.198s][info][gc,cpu         ] GC(1863) User=0.00s Sys=0.00s Real=0.00s
[669.837s][info][gc,start       ] GC(1864) Pause Young (Allocation Failure)
[669.838s][info][gc,heap        ] GC(1864) PSYoungGen: 276032K(276480K)->32K(277504K) Eden: 275968K(275968K)->0K(265216K) From: 64K(512K)->32K(12288K)
[669.838s][info][gc,heap        ] GC(1864) ParOldGen: 154603K(175104K)->154611K(175104K)
[669.838s][info][gc,metaspace   ] GC(1864) Metaspace: 35481K(36224K)->35481K(36224K) NonClass: 26270K(26816K)->26270K(26816K) Class: 9211K(9408K)->9211K(9408K)
[669.838s][info][gc             ] GC(1864) Pause Young (Allocation Failure) 420M->151M(442M) 1.211ms
[669.838s][info][gc,cpu         ] GC(1864) User=0.00s Sys=0.00s Real=0.00s
[670.735s][info][gc,start       ] GC(1865) Pause Young (Allocation Failure)
[670.736s][info][gc,heap        ] GC(1865) PSYoungGen: 265248K(277504K)->64K(255488K) Eden: 265216K(265216K)->0K(254976K) From: 32K(12288K)->64K(512K)
[670.736s][info][gc,heap        ] GC(1865) ParOldGen: 154611K(175104K)->154619K(175104K)
[670.736s][info][gc,metaspace   ] GC(1865) Metaspace: 35481K(36224K)->35481K(36224K) NonClass: 26270K(26816K)->26270K(26816K) Class: 9211K(9408K)->9211K(9408K)
[670.736s][info][gc             ] GC(1865) Pause Young (Allocation Failure) 410M->151M(420M) 1.475ms
[670.736s][info][gc,cpu         ] GC(1865) User=0.00s Sys=0.00s Real=0.00s
[671.153s][info][gc,start       ] GC(1866) Pause Young (Allocation Failure)
[671.155s][info][gc,heap        ] GC(1866) PSYoungGen: 255040K(255488K)->64K(256000K) Eden: 254976K(254976K)->0K(245248K) From: 64K(512K)->64K(10752K)
[671.155s][info][gc,heap        ] GC(1866) ParOldGen: 154619K(175104K)->154635K(175104K)
[671.155s][info][gc,metaspace   ] GC(1866) Metaspace: 35481K(36224K)->35481K(36224K) NonClass: 26270K(26816K)->26270K(26816K) Class: 9211K(9408K)->9211K(9408K)
[671.155s][info][gc             ] GC(1866) Pause Young (Allocation Failure) 400M->151M(421M) 1.278ms
[671.155s][info][gc,cpu         ] GC(1866) User=0.00s Sys=0.00s Real=0.00s
[672.106s][info][gc,start       ] GC(1867) Pause Young (Allocation Failure)
[672.107s][info][gc,heap        ] GC(1867) PSYoungGen: 245312K(256000K)->64K(236544K) Eden: 245248K(245248K)->0K(236032K) From: 64K(10752K)->64K(512K)
[672.107s][info][gc,heap        ] GC(1867) ParOldGen: 154635K(175104K)->154643K(175104K)
[672.107s][info][gc,metaspace   ] GC(1867) Metaspace: 35481K(36224K)->35481K(36224K) NonClass: 26270K(26816K)->26270K(26816K) Class: 9211K(9408K)->9211K(9408K)
[672.107s][info][gc             ] GC(1867) Pause Young (Allocation Failure) 390M->151M(402M) 1.489ms
[672.107s][info][gc,cpu         ] GC(1867) User=0.00s Sys=0.00s Real=0.00s
[672.492s][info][gc,start       ] GC(1868) Pause Young (Allocation Failure)
[672.493s][info][gc,heap        ] GC(1868) PSYoungGen: 236096K(236544K)->64K(237056K) Eden: 236032K(236032K)->0K(227328K) From: 64K(512K)->64K(9728K)
[672.493s][info][gc,heap        ] GC(1868) ParOldGen: 154643K(175104K)->154651K(175104K)
[672.493s][info][gc,metaspace   ] GC(1868) Metaspace: 35481K(36224K)->35481K(36224K) NonClass: 26270K(26816K)->26270K(26816K) Class: 9211K(9408K)->9211K(9408K)
[672.493s][info][gc             ] GC(1868) Pause Young (Allocation Failure) 381M->151M(402M) 1.309ms
[672.493s][info][gc,cpu         ] GC(1868) User=0.00s Sys=0.00s Real=0.01s
[672.671s][info][gc,start       ] GC(1869) Pause Young (Allocation Failure)
[672.673s][info][gc,heap        ] GC(1869) PSYoungGen: 227392K(237056K)->64K(219136K) Eden: 227328K(227328K)->0K(218624K) From: 64K(9728K)->64K(512K)
[672.674s][info][gc,heap        ] GC(1869) ParOldGen: 154651K(175104K)->154659K(175104K)
[672.674s][info][gc,metaspace   ] GC(1869) Metaspace: 35481K(36224K)->35481K(36224K) NonClass: 26270K(26816K)->26270K(26816K) Class: 9211K(9408K)->9211K(9408K)
[672.674s][info][gc             ] GC(1869) Pause Young (Allocation Failure) 373M->151M(385M) 2.075ms
[672.674s][info][gc,cpu         ] GC(1869) User=0.01s Sys=0.00s Real=0.01s
[672.755s][info][gc,start       ] GC(1870) Pause Young (Allocation Failure)
[672.756s][info][gc,heap        ] GC(1870) PSYoungGen: 218688K(219136K)->64K(218624K) Eden: 218624K(218624K)->0K(210432K) From: 64K(512K)->64K(8192K)
[672.756s][info][gc,heap        ] GC(1870) ParOldGen: 154659K(175104K)->154667K(175104K)
[672.756s][info][gc,metaspace   ] GC(1870) Metaspace: 35481K(36224K)->35481K(36224K) NonClass: 26270K(26816K)->26270K(26816K) Class: 9211K(9408K)->9211K(9408K)
[672.756s][info][gc             ] GC(1870) Pause Young (Allocation Failure) 364M->151M(384M) 1.160ms
[672.756s][info][gc,cpu         ] GC(1870) User=0.00s Sys=0.00s Real=0.00s
[673.257s][info][gc,start       ] GC(1871) Pause Young (Allocation Failure)
[673.259s][info][gc,heap        ] GC(1871) PSYoungGen: 210496K(218624K)->64K(203264K) Eden: 210432K(210432K)->0K(202752K) From: 64K(8192K)->64K(512K)
[673.259s][info][gc,heap        ] GC(1871) ParOldGen: 154667K(175104K)->154675K(175104K)
[673.259s][info][gc,metaspace   ] GC(1871) Metaspace: 35481K(36224K)->35481K(36224K) NonClass: 26270K(26816K)->26270K(26816K) Class: 9211K(9408K)->9211K(9408K)
[673.259s][info][gc             ] GC(1871) Pause Young (Allocation Failure) 356M->151M(369M) 2.085ms
[673.259s][info][gc,cpu         ] GC(1871) User=0.00s Sys=0.00s Real=0.00s
[673.446s][info][gc,start       ] GC(1872) Pause Young (Allocation Failure)
[673.448s][info][gc,heap        ] GC(1872) PSYoungGen: 202816K(203264K)->64K(202752K) Eden: 202752K(202752K)->0K(195584K) From: 64K(512K)->64K(7168K)
[673.448s][info][gc,heap        ] GC(1872) ParOldGen: 154675K(175104K)->154683K(175104K)
[673.448s][info][gc,metaspace   ] GC(1872) Metaspace: 35481K(36224K)->35481K(36224K) NonClass: 26270K(26816K)->26270K(26816K) Class: 9211K(9408K)->9211K(9408K)
[673.448s][info][gc             ] GC(1872) Pause Young (Allocation Failure) 349M->151M(369M) 1.220ms
[673.448s][info][gc,cpu         ] GC(1872) User=0.00s Sys=0.00s Real=0.00s
[673.722s][info][gc,start       ] GC(1873) Pause Young (Allocation Failure)
[673.745s][info][gc,heap        ] GC(1873) PSYoungGen: 195648K(202752K)->6656K(240640K) Eden: 195584K(195584K)->0K(233984K) From: 64K(7168K)->6656K(6656K)
[673.745s][info][gc,heap        ] GC(1873) ParOldGen: 154683K(175104K)->156043K(175104K)
[673.745s][info][gc,metaspace   ] GC(1873) Metaspace: 35481K(36224K)->35481K(36224K) NonClass: 26270K(26816K)->26270K(26816K) Class: 9211K(9408K)->9211K(9408K)
[673.745s][info][gc             ] GC(1873) Pause Young (Allocation Failure) 342M->158M(406M) 23.146ms
[673.745s][info][gc,cpu         ] GC(1873) User=0.02s Sys=0.00s Real=0.03s
[674.011s][info][gc,start       ] GC(1874) Pause Young (Allocation Failure)
[674.055s][info][gc,heap        ] GC(1874) PSYoungGen: 240640K(240640K)->8704K(273408K) Eden: 233984K(233984K)->0K(264704K) From: 6656K(6656K)->8704K(8704K)
[674.055s][info][gc,heap        ] GC(1874) ParOldGen: 156043K(175104K)->173779K(175104K)
[674.055s][info][gc,metaspace   ] GC(1874) Metaspace: 35481K(36224K)->35481K(36224K) NonClass: 26270K(26816K)->26270K(26816K) Class: 9211K(9408K)->9211K(9408K)
[674.055s][info][gc             ] GC(1874) Pause Young (Allocation Failure) 387M->178M(438M) 44.164ms
[674.055s][info][gc,cpu         ] GC(1874) User=0.08s Sys=0.00s Real=0.05s
[674.347s][info][gc,start       ] GC(1875) Pause Young (Allocation Failure)
[674.412s][info][gc,heap        ] GC(1875) PSYoungGen: 273408K(273408K)->17408K(290304K) Eden: 264704K(264704K)->0K(272896K) From: 8704K(8704K)->17408K(17408K)
[674.412s][info][gc,heap        ] GC(1875) ParOldGen: 173779K(175104K)->185075K(185344K)
[674.412s][info][gc,metaspace   ] GC(1875) Metaspace: 35481K(36224K)->35481K(36224K) NonClass: 26270K(26816K)->26270K(26816K) Class: 9211K(9408K)->9211K(9408K)
[674.412s][info][gc             ] GC(1875) Pause Young (Allocation Failure) 436M->197M(464M) 65.345ms
[674.412s][info][gc,cpu         ] GC(1875) User=0.11s Sys=0.02s Real=0.06s
[674.508s][info][gc,start       ] GC(1876) Pause Young (Allocation Failure)
[674.512s][info][gc,heap        ] GC(1876) PSYoungGen: 290304K(290304K)->64K(297984K) Eden: 272896K(272896K)->0K(272896K) From: 17408K(17408K)->64K(25088K)
[674.512s][info][gc,heap        ] GC(1876) ParOldGen: 185075K(185344K)->185379K(185856K)
[674.512s][info][gc,metaspace   ] GC(1876) Metaspace: 35481K(36224K)->35481K(36224K) NonClass: 26270K(26816K)->26270K(26816K) Class: 9211K(9408K)->9211K(9408K)
[674.512s][info][gc             ] GC(1876) Pause Young (Allocation Failure) 464M->181M(472M) 4.175ms
[674.512s][info][gc,cpu         ] GC(1876) User=0.01s Sys=0.00s Real=0.00s
[675.148s][info][gc,start       ] GC(1877) Pause Young (Allocation Failure)
[675.149s][info][gc,heap        ] GC(1877) PSYoungGen: 272960K(297984K)->64K(306176K) Eden: 272896K(272896K)->0K(284160K) From: 64K(25088K)->64K(22016K)
[675.149s][info][gc,heap        ] GC(1877) ParOldGen: 185379K(185856K)->185387K(185856K)
[675.149s][info][gc,metaspace   ] GC(1877) Metaspace: 35481K(36224K)->35481K(36224K) NonClass: 26270K(26816K)->26270K(26816K) Class: 9211K(9408K)->9211K(9408K)
[675.149s][info][gc             ] GC(1877) Pause Young (Allocation Failure) 447M->181M(480M) 0.904ms
[675.149s][info][gc,cpu         ] GC(1877) User=0.00s Sys=0.00s Real=0.00s
[675.509s][info][gc,start       ] GC(1878) Pause Young (Allocation Failure)
[675.510s][info][gc,heap        ] GC(1878) PSYoungGen: 284224K(306176K)->64K(307712K) Eden: 284160K(284160K)->0K(284160K) From: 64K(22016K)->64K(23552K)
[675.510s][info][gc,heap        ] GC(1878) ParOldGen: 185387K(185856K)->185395K(185856K)
[675.510s][info][gc,metaspace   ] GC(1878) Metaspace: 35481K(36224K)->35481K(36224K) NonClass: 26270K(26816K)->26270K(26816K) Class: 9211K(9408K)->9211K(9408K)
[675.510s][info][gc             ] GC(1878) Pause Young (Allocation Failure) 458M->181M(482M) 0.918ms
[675.510s][info][gc,cpu         ] GC(1878) User=0.00s Sys=0.00s Real=0.00s
[675.904s][info][gc,start       ] GC(1879) Pause Young (Allocation Failure)
[675.905s][info][gc,heap        ] GC(1879) PSYoungGen: 284224K(307712K)->64K(307712K) Eden: 284160K(284160K)->0K(287744K) From: 64K(23552K)->64K(19968K)
[675.905s][info][gc,heap        ] GC(1879) ParOldGen: 185395K(185856K)->185411K(185856K)
[675.905s][info][gc,metaspace   ] GC(1879) Metaspace: 35481K(36224K)->35481K(36224K) NonClass: 26270K(26816K)->26270K(26816K) Class: 9211K(9408K)->9211K(9408K)
[675.905s][info][gc             ] GC(1879) Pause Young (Allocation Failure) 458M->181M(482M) 0.873ms
[675.905s][info][gc,cpu         ] GC(1879) User=0.00s Sys=0.00s Real=0.00s
[676.112s][info][gc,start       ] GC(1880) Pause Young (Allocation Failure)
[676.113s][info][gc,heap        ] GC(1880) PSYoungGen: 287808K(307712K)->64K(309248K) Eden: 287744K(287744K)->0K(287744K) From: 64K(19968K)->64K(21504K)
[676.113s][info][gc,heap        ] GC(1880) ParOldGen: 185411K(185856K)->185427K(185856K)
[676.113s][info][gc,metaspace   ] GC(1880) Metaspace: 35481K(36224K)->35481K(36224K) NonClass: 26270K(26816K)->26270K(26816K) Class: 9211K(9408K)->9211K(9408K)
[676.113s][info][gc             ] GC(1880) Pause Young (Allocation Failure) 462M->181M(483M) 0.860ms
[676.113s][info][gc,cpu         ] GC(1880) User=0.00s Sys=0.00s Real=0.01s
[676.450s][info][gc,start       ] GC(1881) Pause Young (Allocation Failure)
[676.450s][info][gc,heap        ] GC(1881) PSYoungGen: 287808K(309248K)->64K(309760K) Eden: 287744K(287744K)->0K(291840K) From: 64K(21504K)->64K(17920K)
[676.450s][info][gc,heap        ] GC(1881) ParOldGen: 185427K(185856K)->185427K(185856K)
[676.450s][info][gc,metaspace   ] GC(1881) Metaspace: 35481K(36224K)->35481K(36224K) NonClass: 26270K(26816K)->26270K(26816K) Class: 9211K(9408K)->9211K(9408K)
[676.450s][info][gc             ] GC(1881) Pause Young (Allocation Failure) 462M->181M(484M) 0.815ms
[676.450s][info][gc,cpu         ] GC(1881) User=0.00s Sys=0.00s Real=0.00s
[676.532s][info][gc,start       ] GC(1882) Pause Young (Allocation Failure)
[676.533s][info][gc,heap        ] GC(1882) PSYoungGen: 291904K(309760K)->64K(311296K) Eden: 291840K(291840K)->0K(291840K) From: 64K(17920K)->64K(19456K)
[676.533s][info][gc,heap        ] GC(1882) ParOldGen: 185427K(185856K)->185435K(185856K)
[676.533s][info][gc,metaspace   ] GC(1882) Metaspace: 35481K(36224K)->35481K(36224K) NonClass: 26270K(26816K)->26270K(26816K) Class: 9211K(9408K)->9211K(9408K)
[676.533s][info][gc             ] GC(1882) Pause Young (Allocation Failure) 466M->181M(485M) 0.894ms
[676.533s][info][gc,cpu         ] GC(1882) User=0.00s Sys=0.00s Real=0.01s
[676.583s][info][gc,start       ] GC(1883) Pause Young (Allocation Failure)
[676.583s][info][gc,heap        ] GC(1883) PSYoungGen: 291904K(311296K)->64K(311808K) Eden: 291840K(291840K)->0K(295936K) From: 64K(19456K)->64K(15872K)
[676.583s][info][gc,heap        ] GC(1883) ParOldGen: 185435K(185856K)->185451K(185856K)
[676.583s][info][gc,metaspace   ] GC(1883) Metaspace: 35481K(36224K)->35481K(36224K) NonClass: 26270K(26816K)->26270K(26816K) Class: 9211K(9408K)->9211K(9408K)
[676.583s][info][gc             ] GC(1883) Pause Young (Allocation Failure) 466M->181M(486M) 0.837ms
[676.583s][info][gc,cpu         ] GC(1883) User=0.00s Sys=0.00s Real=0.00s
[676.750s][info][gc,start       ] GC(1884) Pause Young (Allocation Failure)
[676.750s][info][gc,heap        ] GC(1884) PSYoungGen: 296000K(311808K)->64K(313344K) Eden: 295936K(295936K)->0K(295936K) From: 64K(15872K)->64K(17408K)
[676.750s][info][gc,heap        ] GC(1884) ParOldGen: 185451K(185856K)->185451K(185856K)
[676.750s][info][gc,metaspace   ] GC(1884) Metaspace: 35481K(36224K)->35481K(36224K) NonClass: 26270K(26816K)->26270K(26816K) Class: 9211K(9408K)->9211K(9408K)
[676.750s][info][gc             ] GC(1884) Pause Young (Allocation Failure) 470M->181M(487M) 0.948ms
[676.750s][info][gc,cpu         ] GC(1884) User=0.01s Sys=0.00s Real=0.00s
[676.964s][info][gc,start       ] GC(1885) Pause Young (Allocation Failure)
[676.965s][info][gc,heap        ] GC(1885) PSYoungGen: 296000K(313344K)->64K(313856K) Eden: 295936K(295936K)->0K(300032K) From: 64K(17408K)->64K(13824K)
[676.965s][info][gc,heap        ] GC(1885) ParOldGen: 185451K(185856K)->185459K(185856K)
[676.965s][info][gc,metaspace   ] GC(1885) Metaspace: 35481K(36224K)->35481K(36224K) NonClass: 26270K(26816K)->26270K(26816K) Class: 9211K(9408K)->9211K(9408K)
[676.965s][info][gc             ] GC(1885) Pause Young (Allocation Failure) 470M->181M(488M) 0.912ms
[676.965s][info][gc,cpu         ] GC(1885) User=0.00s Sys=0.00s Real=0.00s
[677.090s][info][gc,start       ] GC(1886) Pause Young (Allocation Failure)
[677.090s][info][gc,heap        ] GC(1886) PSYoungGen: 300096K(313856K)->64K(315392K) Eden: 300032K(300032K)->0K(300032K) From: 64K(13824K)->64K(15360K)
[677.090s][info][gc,heap        ] GC(1886) ParOldGen: 185459K(185856K)->185467K(185856K)
[677.090s][info][gc,metaspace   ] GC(1886) Metaspace: 35481K(36224K)->35481K(36224K) NonClass: 26270K(26816K)->26270K(26816K) Class: 9211K(9408K)->9211K(9408K)
[677.090s][info][gc             ] GC(1886) Pause Young (Allocation Failure) 474M->181M(489M) 0.886ms
[677.090s][info][gc,cpu         ] GC(1886) User=0.00s Sys=0.00s Real=0.00s
[677.195s][info][gc,start       ] GC(1887) Pause Young (Allocation Failure)
[677.196s][info][gc,heap        ] GC(1887) PSYoungGen: 300096K(315392K)->64K(288768K) Eden: 300032K(300032K)->0K(288256K) From: 64K(15360K)->64K(512K)
[677.196s][info][gc,heap        ] GC(1887) ParOldGen: 185467K(185856K)->185475K(185856K)
[677.196s][info][gc,metaspace   ] GC(1887) Metaspace: 35481K(36224K)->35481K(36224K) NonClass: 26270K(26816K)->26270K(26816K) Class: 9211K(9408K)->9211K(9408K)
[677.196s][info][gc             ] GC(1887) Pause Young (Allocation Failure) 474M->181M(463M) 0.841ms
[677.196s][info][gc,cpu         ] GC(1887) User=0.00s Sys=0.00s Real=0.00s
[677.436s][info][gc,start       ] GC(1888) Pause Young (Allocation Failure)
[677.436s][info][gc,heap        ] GC(1888) PSYoungGen: 288320K(288768K)->64K(290816K) Eden: 288256K(288256K)->0K(276992K) From: 64K(512K)->64K(13824K)
[677.436s][info][gc,heap        ] GC(1888) ParOldGen: 185475K(185856K)->185483K(185856K)
[677.436s][info][gc,metaspace   ] GC(1888) Metaspace: 35481K(36224K)->35481K(36224K) NonClass: 26270K(26816K)->26270K(26816K) Class: 9211K(9408K)->9211K(9408K)
[677.436s][info][gc             ] GC(1888) Pause Young (Allocation Failure) 462M->181M(465M) 0.808ms
[677.436s][info][gc,cpu         ] GC(1888) User=0.00s Sys=0.00s Real=0.00s
[678.236s][info][gc,start       ] GC(1889) Pause Young (Allocation Failure)
[678.237s][info][gc,heap        ] GC(1889) PSYoungGen: 277056K(290816K)->83K(266752K) Eden: 276992K(276992K)->0K(266240K) From: 64K(13824K)->83K(512K)
[678.237s][info][gc,heap        ] GC(1889) ParOldGen: 185483K(185856K)->185491K(185856K)
[678.237s][info][gc,metaspace   ] GC(1889) Metaspace: 35481K(36224K)->35481K(36224K) NonClass: 26270K(26816K)->26270K(26816K) Class: 9211K(9408K)->9211K(9408K)
[678.237s][info][gc             ] GC(1889) Pause Young (Allocation Failure) 451M->181M(442M) 1.533ms
[678.237s][info][gc,cpu         ] GC(1889) User=0.00s Sys=0.00s Real=0.00s
[679.092s][info][gc,start       ] GC(1890) Pause Young (Allocation Failure)
[679.093s][info][gc,heap        ] GC(1890) PSYoungGen: 266323K(266752K)->64K(268288K) Eden: 266240K(266240K)->0K(256000K) From: 83K(512K)->64K(12288K)
[679.093s][info][gc,heap        ] GC(1890) ParOldGen: 185491K(185856K)->185499K(185856K)
[679.093s][info][gc,metaspace   ] GC(1890) Metaspace: 35481K(36224K)->35481K(36224K) NonClass: 26270K(26816K)->26270K(26816K) Class: 9211K(9408K)->9211K(9408K)
[679.093s][info][gc             ] GC(1890) Pause Young (Allocation Failure) 441M->181M(443M) 0.885ms
[679.093s][info][gc,cpu         ] GC(1890) User=0.00s Sys=0.00s Real=0.01s
[679.452s][info][gc,start       ] GC(1891) Pause Young (Allocation Failure)
[679.453s][info][gc,heap        ] GC(1891) PSYoungGen: 256064K(268288K)->64K(246784K) Eden: 256000K(256000K)->0K(246272K) From: 64K(12288K)->64K(512K)
[679.454s][info][gc,heap        ] GC(1891) ParOldGen: 185499K(185856K)->185507K(185856K)
[679.454s][info][gc,metaspace   ] GC(1891) Metaspace: 35481K(36224K)->35481K(36224K) NonClass: 26270K(26816K)->26270K(26816K) Class: 9211K(9408K)->9211K(9408K)
[679.454s][info][gc             ] GC(1891) Pause Young (Allocation Failure) 431M->181M(422M) 1.886ms
[679.454s][info][gc,cpu         ] GC(1891) User=0.00s Sys=0.00s Real=0.01s
[680.470s][info][gc,start       ] GC(1892) Pause Young (Allocation Failure)
[680.471s][info][gc,heap        ] GC(1892) PSYoungGen: 246336K(246784K)->64K(247808K) Eden: 246272K(246272K)->0K(237056K) From: 64K(512K)->64K(10752K)
[680.471s][info][gc,heap        ] GC(1892) ParOldGen: 185507K(185856K)->185515K(185856K)
[680.471s][info][gc,metaspace   ] GC(1892) Metaspace: 35481K(36224K)->35481K(36224K) NonClass: 26270K(26816K)->26270K(26816K) Class: 9211K(9408K)->9211K(9408K)
[680.471s][info][gc             ] GC(1892) Pause Young (Allocation Failure) 421M->181M(423M) 0.913ms
[680.471s][info][gc,cpu         ] GC(1892) User=0.00s Sys=0.00s Real=0.00s
[680.696s][info][gc,start       ] GC(1893) Pause Young (Allocation Failure)
[680.699s][info][gc,heap        ] GC(1893) PSYoungGen: 237120K(247808K)->64K(228864K) Eden: 237056K(237056K)->0K(228352K) From: 64K(10752K)->64K(512K)
[680.699s][info][gc,heap        ] GC(1893) ParOldGen: 185515K(185856K)->185523K(185856K)
[680.699s][info][gc,metaspace   ] GC(1893) Metaspace: 35481K(36224K)->35481K(36224K) NonClass: 26270K(26816K)->26270K(26816K) Class: 9211K(9408K)->9211K(9408K)
[680.699s][info][gc             ] GC(1893) Pause Young (Allocation Failure) 412M->181M(405M) 2.274ms
[680.699s][info][gc,cpu         ] GC(1893) User=0.00s Sys=0.00s Real=0.00s
[681.056s][info][gc,start       ] GC(1894) Pause Young (Allocation Failure)
[681.057s][info][gc,heap        ] GC(1894) PSYoungGen: 228416K(228864K)->64K(228864K) Eden: 228352K(228352K)->0K(219648K) From: 64K(512K)->64K(9216K)
[681.057s][info][gc,heap        ] GC(1894) ParOldGen: 185523K(185856K)->185531K(185856K)
[681.057s][info][gc,metaspace   ] GC(1894) Metaspace: 35481K(36224K)->35481K(36224K) NonClass: 26270K(26816K)->26270K(26816K) Class: 9211K(9408K)->9211K(9408K)
[681.057s][info][gc             ] GC(1894) Pause Young (Allocation Failure) 404M->181M(405M) 1.426ms
[681.057s][info][gc,cpu         ] GC(1894) User=0.01s Sys=0.00s Real=0.00s
[681.120s][info][gc,start       ] GC(1895) Pause Young (Allocation Failure)
[681.122s][info][gc,heap        ] GC(1895) PSYoungGen: 219712K(228864K)->64K(211968K) Eden: 219648K(219648K)->0K(211456K) From: 64K(9216K)->64K(512K)
[681.122s][info][gc,heap        ] GC(1895) ParOldGen: 185531K(185856K)->185539K(185856K)
[681.122s][info][gc,metaspace   ] GC(1895) Metaspace: 35481K(36224K)->35481K(36224K) NonClass: 26270K(26816K)->26270K(26816K) Class: 9211K(9408K)->9211K(9408K)
[681.122s][info][gc             ] GC(1895) Pause Young (Allocation Failure) 395M->181M(388M) 1.941ms
[681.122s][info][gc,cpu         ] GC(1895) User=0.00s Sys=0.00s Real=0.01s
[681.528s][info][gc,start       ] GC(1896) Pause Young (Allocation Failure)
[681.529s][info][gc,heap        ] GC(1896) PSYoungGen: 211520K(211968K)->64K(211968K) Eden: 211456K(211456K)->0K(203776K) From: 64K(512K)->64K(8192K)
[681.529s][info][gc,heap        ] GC(1896) ParOldGen: 185539K(185856K)->185547K(185856K)
[681.529s][info][gc,metaspace   ] GC(1896) Metaspace: 35481K(36224K)->35481K(36224K) NonClass: 26270K(26816K)->26270K(26816K) Class: 9211K(9408K)->9211K(9408K)
[681.529s][info][gc             ] GC(1896) Pause Young (Allocation Failure) 387M->181M(388M) 1.453ms
[681.529s][info][gc,cpu         ] GC(1896) User=0.01s Sys=0.00s Real=0.00s
[681.782s][info][gc,start       ] GC(1897) Pause Young (Allocation Failure)
[681.784s][info][gc,heap        ] GC(1897) PSYoungGen: 203840K(211968K)->64K(197120K) Eden: 203776K(203776K)->0K(196608K) From: 64K(8192K)->64K(512K)
[681.784s][info][gc,heap        ] GC(1897) ParOldGen: 185547K(185856K)->185555K(185856K)
[681.784s][info][gc,metaspace   ] GC(1897) Metaspace: 35481K(36224K)->35481K(36224K) NonClass: 26270K(26816K)->26270K(26816K) Class: 9211K(9408K)->9211K(9408K)
[681.784s][info][gc             ] GC(1897) Pause Young (Allocation Failure) 380M->181M(374M) 2.133ms
[681.784s][info][gc,cpu         ] GC(1897) User=0.00s Sys=0.00s Real=0.01s
[682.074s][info][gc,start       ] GC(1898) Pause Young (Allocation Failure)
[682.080s][info][gc,heap        ] GC(1898) PSYoungGen: 196672K(197120K)->2304K(240128K) Eden: 196608K(196608K)->0K(233472K) From: 64K(512K)->2304K(6656K)
[682.080s][info][gc,heap        ] GC(1898) ParOldGen: 185555K(185856K)->185563K(185856K)
[682.080s][info][gc,metaspace   ] GC(1898) Metaspace: 35481K(36224K)->35481K(36224K) NonClass: 26270K(26816K)->26270K(26816K) Class: 9211K(9408K)->9211K(9408K)
[682.080s][info][gc             ] GC(1898) Pause Young (Allocation Failure) 373M->183M(416M) 6.198ms
[682.080s][info][gc,cpu         ] GC(1898) User=0.00s Sys=0.00s Real=0.00s
[682.348s][info][gc,start       ] GC(1899) Pause Young (Allocation Failure)
[682.401s][info][gc,heap        ] GC(1899) PSYoungGen: 235776K(240128K)->6656K(256512K) Eden: 233472K(233472K)->0K(249856K) From: 2304K(6656K)->6656K(6656K)
[682.402s][info][gc,heap        ] GC(1899) ParOldGen: 185563K(185856K)->205259K(205312K)
[682.402s][info][gc,metaspace   ] GC(1899) Metaspace: 35481K(36224K)->35481K(36224K) NonClass: 26270K(26816K)->26270K(26816K) Class: 9211K(9408K)->9211K(9408K)
[682.402s][info][gc             ] GC(1899) Pause Young (Allocation Failure) 411M->206M(451M) 53.768ms
[682.402s][info][gc,cpu         ] GC(1899) User=0.09s Sys=0.01s Real=0.05s
[682.688s][info][gc,start       ] GC(1900) Pause Young (Allocation Failure)
[682.742s][info][gc,heap        ] GC(1900) PSYoungGen: 256512K(256512K)->15872K(265728K) Eden: 249856K(249856K)->0K(249856K) From: 6656K(6656K)->15872K(15872K)
[682.742s][info][gc,heap        ] GC(1900) ParOldGen: 205259K(205312K)->218099K(218112K)
[682.742s][info][gc,metaspace   ] GC(1900) Metaspace: 35481K(36224K)->35481K(36224K) NonClass: 26270K(26816K)->26270K(26816K) Class: 9211K(9408K)->9211K(9408K)
[682.742s][info][gc             ] GC(1900) Pause Young (Allocation Failure) 450M->228M(472M) 53.351ms
[682.742s][info][gc,cpu         ] GC(1900) User=0.10s Sys=0.01s Real=0.05s
[682.856s][info][gc,start       ] GC(1901) Pause Young (Allocation Failure)
[682.871s][info][gc,heap        ] GC(1901) PSYoungGen: 265728K(265728K)->5856K(311808K) Eden: 249856K(249856K)->0K(287744K) From: 15872K(15872K)->5856K(24064K)
[682.871s][info][gc,heap        ] GC(1901) ParOldGen: 218099K(218112K)->218435K(218624K)
[682.871s][info][gc,metaspace   ] GC(1901) Metaspace: 35481K(36224K)->35481K(36224K) NonClass: 26270K(26816K)->26270K(26816K) Class: 9211K(9408K)->9211K(9408K)
[682.871s][info][gc             ] GC(1901) Pause Young (Allocation Failure) 472M->219M(518M) 15.755ms
[682.871s][info][gc,cpu         ] GC(1901) User=0.03s Sys=0.00s Real=0.01s
[683.388s][info][gc,start       ] GC(1902) Pause Young (Allocation Failure)
[683.389s][info][gc,heap        ] GC(1902) PSYoungGen: 293600K(311808K)->64K(288256K) Eden: 287744K(287744K)->0K(287744K) From: 5856K(24064K)->64K(512K)
[683.389s][info][gc,heap        ] GC(1902) ParOldGen: 218435K(218624K)->218443K(218624K)
[683.389s][info][gc,metaspace   ] GC(1902) Metaspace: 35481K(36224K)->35481K(36224K) NonClass: 26270K(26816K)->26270K(26816K) Class: 9211K(9408K)->9211K(9408K)
[683.389s][info][gc             ] GC(1902) Pause Young (Allocation Failure) 500M->213M(495M) 1.095ms
[683.389s][info][gc,cpu         ] GC(1902) User=0.01s Sys=0.00s Real=0.00s
[683.854s][info][gc,start       ] GC(1903) Pause Young (Allocation Failure)
[683.855s][info][gc,heap        ] GC(1903) PSYoungGen: 287808K(288256K)->64K(309760K) Eden: 287744K(287744K)->0K(288256K) From: 64K(512K)->64K(21504K)
[683.855s][info][gc,heap        ] GC(1903) ParOldGen: 218443K(218624K)->218451K(218624K)
[683.855s][info][gc,metaspace   ] GC(1903) Metaspace: 35481K(36224K)->35481K(36224K) NonClass: 26270K(26816K)->26270K(26816K) Class: 9211K(9408K)->9211K(9408K)
[683.855s][info][gc             ] GC(1903) Pause Young (Allocation Failure) 494M->213M(516M) 1.049ms
[683.855s][info][gc,cpu         ] GC(1903) User=0.00s Sys=0.00s Real=0.00s
[684.268s][info][gc,start       ] GC(1904) Pause Young (Allocation Failure)
[684.269s][info][gc,heap        ] GC(1904) PSYoungGen: 288320K(309760K)->64K(309248K) Eden: 288256K(288256K)->0K(288256K) From: 64K(21504K)->64K(20992K)
[684.269s][info][gc,heap        ] GC(1904) ParOldGen: 218451K(218624K)->218467K(218624K)
[684.269s][info][gc,metaspace   ] GC(1904) Metaspace: 35481K(36224K)->35481K(36224K) NonClass: 26270K(26816K)->26270K(26816K) Class: 9211K(9408K)->9211K(9408K)
[684.269s][info][gc             ] GC(1904) Pause Young (Allocation Failure) 494M->213M(515M) 1.075ms
[684.269s][info][gc,cpu         ] GC(1904) User=0.00s Sys=0.00s Real=0.00s
[684.474s][info][gc,start       ] GC(1905) Pause Young (Allocation Failure)
[684.475s][info][gc,heap        ] GC(1905) PSYoungGen: 288320K(309248K)->64K(311808K) Eden: 288256K(288256K)->0K(291840K) From: 64K(20992K)->64K(19968K)
[684.475s][info][gc,heap        ] GC(1905) ParOldGen: 218467K(218624K)->218483K(218624K)
[684.475s][info][gc,metaspace   ] GC(1905) Metaspace: 35481K(36224K)->35481K(36224K) NonClass: 26270K(26816K)->26270K(26816K) Class: 9211K(9408K)->9211K(9408K)
[684.475s][info][gc             ] GC(1905) Pause Young (Allocation Failure) 494M->213M(518M) 0.966ms
[684.475s][info][gc,cpu         ] GC(1905) User=0.00s Sys=0.00s Real=0.00s
[684.799s][info][gc,start       ] GC(1906) Pause Young (Allocation Failure)
[684.800s][info][gc,heap        ] GC(1906) PSYoungGen: 291904K(311808K)->64K(311296K) Eden: 291840K(291840K)->0K(291840K) From: 64K(19968K)->64K(19456K)
[684.800s][info][gc,heap        ] GC(1906) ParOldGen: 218483K(218624K)->218483K(218624K)
[684.800s][info][gc,metaspace   ] GC(1906) Metaspace: 35481K(36224K)->35481K(36224K) NonClass: 26270K(26816K)->26270K(26816K) Class: 9211K(9408K)->9211K(9408K)
[684.800s][info][gc             ] GC(1906) Pause Young (Allocation Failure) 498M->213M(517M) 0.967ms
[684.800s][info][gc,cpu         ] GC(1906) User=0.00s Sys=0.00s Real=0.00s
[684.934s][info][gc,start       ] GC(1907) Pause Young (Allocation Failure)
[684.935s][info][gc,heap        ] GC(1907) PSYoungGen: 291904K(311296K)->64K(313344K) Eden: 291840K(291840K)->0K(295424K) From: 64K(19456K)->64K(17920K)
[684.935s][info][gc,heap        ] GC(1907) ParOldGen: 218483K(218624K)->218491K(218624K)
[684.935s][info][gc,metaspace   ] GC(1907) Metaspace: 35481K(36224K)->35481K(36224K) NonClass: 26270K(26816K)->26270K(26816K) Class: 9211K(9408K)->9211K(9408K)
[684.935s][info][gc             ] GC(1907) Pause Young (Allocation Failure) 498M->213M(519M) 0.900ms
[684.935s][info][gc,cpu         ] GC(1907) User=0.01s Sys=0.00s Real=0.00s
[684.988s][info][gc,start       ] GC(1908) Pause Young (Allocation Failure)
[684.989s][info][gc,heap        ] GC(1908) PSYoungGen: 295488K(313344K)->32K(312832K) Eden: 295424K(295424K)->0K(295424K) From: 64K(17920K)->32K(17408K)
[684.989s][info][gc,heap        ] GC(1908) ParOldGen: 218491K(218624K)->218507K(218624K)
[684.989s][info][gc,metaspace   ] GC(1908) Metaspace: 35481K(36224K)->35481K(36224K) NonClass: 26270K(26816K)->26270K(26816K) Class: 9211K(9408K)->9211K(9408K)
[684.989s][info][gc             ] GC(1908) Pause Young (Allocation Failure) 501M->213M(519M) 0.919ms
[684.989s][info][gc,cpu         ] GC(1908) User=0.01s Sys=0.00s Real=0.00s
[685.118s][info][gc,start       ] GC(1909) Pause Young (Allocation Failure)
[685.119s][info][gc,heap        ] GC(1909) PSYoungGen: 295456K(312832K)->64K(315392K) Eden: 295424K(295424K)->0K(299520K) From: 32K(17408K)->64K(15872K)
[685.119s][info][gc,heap        ] GC(1909) ParOldGen: 218507K(218624K)->218507K(218624K)
[685.119s][info][gc,metaspace   ] GC(1909) Metaspace: 35481K(36224K)->35481K(36224K) NonClass: 26270K(26816K)->26270K(26816K) Class: 9211K(9408K)->9211K(9408K)
[685.119s][info][gc             ] GC(1909) Pause Young (Allocation Failure) 501M->213M(521M) 0.956ms
[685.119s][info][gc,cpu         ] GC(1909) User=0.01s Sys=0.00s Real=0.00s
[685.340s][info][gc,start       ] GC(1910) Pause Young (Allocation Failure)
[685.341s][info][gc,heap        ] GC(1910) PSYoungGen: 299584K(315392K)->64K(315392K) Eden: 299520K(299520K)->0K(299520K) From: 64K(15872K)->64K(15872K)
[685.341s][info][gc,heap        ] GC(1910) ParOldGen: 218507K(218624K)->218515K(218624K)
[685.341s][info][gc,metaspace   ] GC(1910) Metaspace: 35481K(36224K)->35481K(36224K) NonClass: 26270K(26816K)->26270K(26816K) Class: 9211K(9408K)->9211K(9408K)
[685.341s][info][gc             ] GC(1910) Pause Young (Allocation Failure) 505M->213M(521M) 0.925ms
[685.341s][info][gc,cpu         ] GC(1910) User=0.00s Sys=0.00s Real=0.00s
[685.487s][info][gc,start       ] GC(1911) Pause Young (Allocation Failure)
[685.488s][info][gc,heap        ] GC(1911) PSYoungGen: 299584K(315392K)->64K(316928K) Eden: 299520K(299520K)->0K(303104K) From: 64K(15872K)->64K(13824K)
[685.488s][info][gc,heap        ] GC(1911) ParOldGen: 218515K(218624K)->218523K(218624K)
[685.488s][info][gc,metaspace   ] GC(1911) Metaspace: 35481K(36224K)->35481K(36224K) NonClass: 26270K(26816K)->26270K(26816K) Class: 9211K(9408K)->9211K(9408K)
[685.488s][info][gc             ] GC(1911) Pause Young (Allocation Failure) 505M->213M(523M) 0.927ms
[685.488s][info][gc,cpu         ] GC(1911) User=0.00s Sys=0.01s Real=0.00s
[685.581s][info][gc,start       ] GC(1912) Pause Young (Allocation Failure)
[685.582s][info][gc,heap        ] GC(1912) PSYoungGen: 303168K(316928K)->64K(316928K) Eden: 303104K(303104K)->0K(303104K) From: 64K(13824K)->64K(13824K)
[685.582s][info][gc,heap        ] GC(1912) ParOldGen: 218523K(218624K)->218531K(218624K)
[685.582s][info][gc,metaspace   ] GC(1912) Metaspace: 35481K(36224K)->35481K(36224K) NonClass: 26270K(26816K)->26270K(26816K) Class: 9211K(9408K)->9211K(9408K)
[685.582s][info][gc             ] GC(1912) Pause Young (Allocation Failure) 509M->213M(523M) 0.943ms
[685.582s][info][gc,cpu         ] GC(1912) User=0.00s Sys=0.00s Real=0.01s
[685.759s][info][gc,start       ] GC(1913) Pause Young (Allocation Failure)
[685.760s][info][gc,heap        ] GC(1913) PSYoungGen: 303168K(316928K)->64K(291328K) Eden: 303104K(303104K)->0K(290816K) From: 64K(13824K)->64K(512K)
[685.760s][info][gc,heap        ] GC(1913) ParOldGen: 218531K(218624K)->218539K(218624K)
[685.760s][info][gc,metaspace   ] GC(1913) Metaspace: 35481K(36224K)->35481K(36224K) NonClass: 26270K(26816K)->26270K(26816K) Class: 9211K(9408K)->9211K(9408K)
[685.760s][info][gc             ] GC(1913) Pause Young (Allocation Failure) 509M->213M(498M) 0.998ms
[685.760s][info][gc,cpu         ] GC(1913) User=0.00s Sys=0.00s Real=0.00s
[686.650s][info][gc,start       ] GC(1914) Pause Young (Allocation Failure)
[686.651s][info][gc,heap        ] GC(1914) PSYoungGen: 290880K(291328K)->83K(291840K) Eden: 290816K(290816K)->0K(279552K) From: 64K(512K)->83K(12288K)
[686.651s][info][gc,heap        ] GC(1914) ParOldGen: 218539K(218624K)->218547K(218624K)
[686.651s][info][gc,metaspace   ] GC(1914) Metaspace: 35481K(36224K)->35481K(36224K) NonClass: 26270K(26816K)->26270K(26816K) Class: 9211K(9408K)->9211K(9408K)
[686.651s][info][gc             ] GC(1914) Pause Young (Allocation Failure) 497M->213M(498M) 0.922ms
[686.651s][info][gc,cpu         ] GC(1914) User=0.00s Sys=0.00s Real=0.00s
[687.506s][info][gc,start       ] GC(1915) Pause Young (Allocation Failure)
[687.508s][info][gc,heap        ] GC(1915) PSYoungGen: 279635K(291840K)->64K(269312K) Eden: 279552K(279552K)->0K(268800K) From: 83K(12288K)->64K(512K)
[687.508s][info][gc,heap        ] GC(1915) ParOldGen: 218547K(218624K)->218555K(218624K)
[687.508s][info][gc,metaspace   ] GC(1915) Metaspace: 35481K(36224K)->35481K(36224K) NonClass: 26270K(26816K)->26270K(26816K) Class: 9211K(9408K)->9211K(9408K)
[687.508s][info][gc             ] GC(1915) Pause Young (Allocation Failure) 486M->213M(476M) 1.332ms
[687.508s][info][gc,cpu         ] GC(1915) User=0.00s Sys=0.00s Real=0.00s
[687.885s][info][gc,start       ] GC(1916) Pause Young (Allocation Failure)
[687.886s][info][gc,heap        ] GC(1916) PSYoungGen: 268864K(269312K)->64K(269312K) Eden: 268800K(268800K)->0K(258560K) From: 64K(512K)->64K(10752K)
[687.886s][info][gc,heap        ] GC(1916) ParOldGen: 218555K(218624K)->218563K(218624K)
[687.886s][info][gc,metaspace   ] GC(1916) Metaspace: 35481K(36224K)->35481K(36224K) NonClass: 26270K(26816K)->26270K(26816K) Class: 9211K(9408K)->9211K(9408K)
[687.886s][info][gc             ] GC(1916) Pause Young (Allocation Failure) 475M->213M(476M) 0.940ms
[687.886s][info][gc,cpu         ] GC(1916) User=0.00s Sys=0.00s Real=0.00s
[688.911s][info][gc,start       ] GC(1917) Pause Young (Allocation Failure)
[688.913s][info][gc,heap        ] GC(1917) PSYoungGen: 258624K(269312K)->64K(249344K) Eden: 258560K(258560K)->0K(248832K) From: 64K(10752K)->64K(512K)
[688.913s][info][gc,heap        ] GC(1917) ParOldGen: 218563K(218624K)->218579K(218624K)
[688.913s][info][gc,metaspace   ] GC(1917) Metaspace: 35481K(36224K)->35481K(36224K) NonClass: 26270K(26816K)->26270K(26816K) Class: 9211K(9408K)->9211K(9408K)
[688.913s][info][gc             ] GC(1917) Pause Young (Allocation Failure) 466M->213M(457M) 2.057ms
[688.913s][info][gc,cpu         ] GC(1917) User=0.00s Sys=0.00s Real=0.01s
[689.300s][info][gc,start       ] GC(1918) Pause Young (Allocation Failure)
[689.302s][info][gc,heap        ] GC(1918) PSYoungGen: 248896K(249344K)->64K(248832K) Eden: 248832K(248832K)->0K(239104K) From: 64K(512K)->64K(9728K)
[689.302s][info][gc,heap        ] GC(1918) ParOldGen: 218579K(218624K)->218587K(218624K)
[689.302s][info][gc,metaspace   ] GC(1918) Metaspace: 35481K(36224K)->35481K(36224K) NonClass: 26270K(26816K)->26270K(26816K) Class: 9211K(9408K)->9211K(9408K)
[689.302s][info][gc             ] GC(1918) Pause Young (Allocation Failure) 456M->213M(456M) 1.495ms
[689.302s][info][gc,cpu         ] GC(1918) User=0.00s Sys=0.00s Real=0.00s
[689.508s][info][gc,start       ] GC(1919) Pause Young (Allocation Failure)
[689.510s][info][gc,heap        ] GC(1919) PSYoungGen: 239168K(248832K)->64K(230400K) Eden: 239104K(239104K)->0K(229888K) From: 64K(9728K)->64K(512K)
[689.510s][info][gc,heap        ] GC(1919) ParOldGen: 218587K(218624K)->218595K(218624K)
[689.510s][info][gc,metaspace   ] GC(1919) Metaspace: 35481K(36224K)->35481K(36224K) NonClass: 26270K(26816K)->26270K(26816K) Class: 9211K(9408K)->9211K(9408K)
[689.511s][info][gc             ] GC(1919) Pause Young (Allocation Failure) 447M->213M(438M) 2.338ms
[689.511s][info][gc,cpu         ] GC(1919) User=0.00s Sys=0.00s Real=0.00s
[689.593s][info][gc,start       ] GC(1920) Pause Young (Allocation Failure)
[689.594s][info][gc,heap        ] GC(1920) PSYoungGen: 229952K(230400K)->64K(229376K) Eden: 229888K(229888K)->0K(221184K) From: 64K(512K)->64K(8192K)
[689.594s][info][gc,heap        ] GC(1920) ParOldGen: 218595K(218624K)->218603K(218624K)
[689.594s][info][gc,metaspace   ] GC(1920) Metaspace: 35481K(36224K)->35481K(36224K) NonClass: 26270K(26816K)->26270K(26816K) Class: 9211K(9408K)->9211K(9408K)
[689.594s][info][gc             ] GC(1920) Pause Young (Allocation Failure) 438M->213M(437M) 1.472ms
[689.594s][info][gc,cpu         ] GC(1920) User=0.00s Sys=0.00s Real=0.00s
[690.114s][info][gc,start       ] GC(1921) Pause Young (Allocation Failure)
[690.116s][info][gc,heap        ] GC(1921) PSYoungGen: 221248K(229376K)->64K(213504K) Eden: 221184K(221184K)->0K(212992K) From: 64K(8192K)->64K(512K)
[690.116s][info][gc,heap        ] GC(1921) ParOldGen: 218603K(218624K)->218611K(218624K)
[690.116s][info][gc,metaspace   ] GC(1921) Metaspace: 35481K(36224K)->35481K(36224K) NonClass: 26270K(26816K)->26270K(26816K) Class: 9211K(9408K)->9211K(9408K)
[690.116s][info][gc             ] GC(1921) Pause Young (Allocation Failure) 429M->213M(422M) 2.147ms
[690.116s][info][gc,cpu         ] GC(1921) User=0.00s Sys=0.00s Real=0.00s
[690.314s][info][gc,start       ] GC(1922) Pause Young (Allocation Failure)
[690.315s][info][gc,heap        ] GC(1922) PSYoungGen: 213056K(213504K)->64K(212480K) Eden: 212992K(212992K)->0K(205312K) From: 64K(512K)->64K(7168K)
[690.315s][info][gc,heap        ] GC(1922) ParOldGen: 218611K(218624K)->218619K(218624K)
[690.315s][info][gc,metaspace   ] GC(1922) Metaspace: 35481K(36224K)->35481K(36224K) NonClass: 26270K(26816K)->26270K(26816K) Class: 9211K(9408K)->9211K(9408K)
[690.315s][info][gc             ] GC(1922) Pause Young (Allocation Failure) 421M->213M(421M) 1.504ms
[690.315s][info][gc,cpu         ] GC(1922) User=0.00s Sys=0.00s Real=0.00s
[690.598s][info][gc,start       ] GC(1923) Pause Young (Allocation Failure)
[690.620s][info][gc,heap        ] GC(1923) PSYoungGen: 205376K(212480K)->6656K(252416K) Eden: 205312K(205312K)->0K(245760K) From: 64K(7168K)->6656K(6656K)
[690.620s][info][gc,heap        ] GC(1923) ParOldGen: 218619K(218624K)->222691K(222720K)
[690.620s][info][gc,metaspace   ] GC(1923) Metaspace: 35481K(36224K)->35481K(36224K) NonClass: 26270K(26816K)->26270K(26816K) Class: 9211K(9408K)->9211K(9408K)
[690.620s][info][gc             ] GC(1923) Pause Young (Allocation Failure) 414M->223M(464M) 21.193ms
[690.620s][info][gc,cpu         ] GC(1923) User=0.03s Sys=0.01s Real=0.02s
[690.902s][info][gc,start       ] GC(1924) Pause Young (Allocation Failure)
[690.955s][info][gc,heap        ] GC(1924) PSYoungGen: 252416K(252416K)->9728K(273920K) Eden: 245760K(245760K)->0K(264192K) From: 6656K(6656K)->9728K(9728K)
[690.955s][info][gc,heap        ] GC(1924) ParOldGen: 222691K(222720K)->240803K(241152K)
[690.955s][info][gc,metaspace   ] GC(1924) Metaspace: 35481K(36224K)->35481K(36224K) NonClass: 26270K(26816K)->26270K(26816K) Class: 9211K(9408K)->9211K(9408K)
[690.955s][info][gc             ] GC(1924) Pause Young (Allocation Failure) 463M->244M(503M) 52.721ms
[690.955s][info][gc,cpu         ] GC(1924) User=0.09s Sys=0.01s Real=0.06s
[691.212s][info][gc,start       ] GC(1925) Pause Young (Allocation Failure)
[691.265s][info][gc,heap        ] GC(1925) PSYoungGen: 273920K(273920K)->18944K(302592K) Eden: 264192K(264192K)->0K(283648K) From: 9728K(9728K)->18944K(18944K)
[691.265s][info][gc,heap        ] GC(1925) ParOldGen: 240803K(241152K)->246523K(246784K)
[691.265s][info][gc,metaspace   ] GC(1925) Metaspace: 35482K(36224K)->35482K(36224K) NonClass: 26271K(26816K)->26271K(26816K) Class: 9211K(9408K)->9211K(9408K)
[691.265s][info][gc             ] GC(1925) Pause Young (Allocation Failure) 502M->259M(536M) 52.984ms
[691.265s][info][gc,cpu         ] GC(1925) User=0.09s Sys=0.02s Real=0.06s
[691.449s][info][gc,start       ] GC(1926) Pause Young (Allocation Failure)
[691.451s][info][gc,heap        ] GC(1926) PSYoungGen: 302592K(302592K)->64K(308736K) Eden: 283648K(283648K)->0K(283648K) From: 18944K(18944K)->64K(25088K)
[691.451s][info][gc,heap        ] GC(1926) ParOldGen: 246523K(246784K)->246667K(246784K)
[691.451s][info][gc,metaspace   ] GC(1926) Metaspace: 35482K(36224K)->35482K(36224K) NonClass: 26271K(26816K)->26271K(26816K) Class: 9211K(9408K)->9211K(9408K)
[691.451s][info][gc             ] GC(1926) Pause Young (Allocation Failure) 536M->240M(542M) 2.581ms
[691.451s][info][gc,cpu         ] GC(1926) User=0.00s Sys=0.00s Real=0.00s
[692.118s][info][gc,start       ] GC(1927) Pause Young (Allocation Failure)
[692.119s][info][gc,heap        ] GC(1927) PSYoungGen: 283712K(308736K)->64K(305664K) Eden: 283648K(283648K)->0K(284672K) From: 64K(25088K)->64K(20992K)
[692.119s][info][gc,heap        ] GC(1927) ParOldGen: 246667K(246784K)->246675K(246784K)
[692.119s][info][gc,metaspace   ] GC(1927) Metaspace: 35482K(36224K)->35482K(36224K) NonClass: 26271K(26816K)->26271K(26816K) Class: 9211K(9408K)->9211K(9408K)
[692.119s][info][gc             ] GC(1927) Pause Young (Allocation Failure) 517M->240M(539M) 1.283ms
[692.119s][info][gc,cpu         ] GC(1927) User=0.01s Sys=0.00s Real=0.00s
[692.588s][info][gc,start       ] GC(1928) Pause Young (Allocation Failure)
[692.589s][info][gc,heap        ] GC(1928) PSYoungGen: 284736K(305664K)->64K(307712K) Eden: 284672K(284672K)->0K(284672K) From: 64K(20992K)->64K(23040K)
[692.589s][info][gc,heap        ] GC(1928) ParOldGen: 246675K(246784K)->246691K(246784K)
[692.589s][info][gc,metaspace   ] GC(1928) Metaspace: 35482K(36224K)->35482K(36224K) NonClass: 26271K(26816K)->26271K(26816K) Class: 9211K(9408K)->9211K(9408K)
[692.589s][info][gc             ] GC(1928) Pause Young (Allocation Failure) 518M->240M(541M) 1.103ms
[692.589s][info][gc,cpu         ] GC(1928) User=0.00s Sys=0.00s Real=0.00s
[692.792s][info][gc,start       ] GC(1929) Pause Young (Allocation Failure)
[692.793s][info][gc,heap        ] GC(1929) PSYoungGen: 284736K(307712K)->64K(308224K) Eden: 284672K(284672K)->0K(288256K) From: 64K(23040K)->64K(19968K)
[692.793s][info][gc,heap        ] GC(1929) ParOldGen: 246691K(246784K)->246707K(246784K)
[692.793s][info][gc,metaspace   ] GC(1929) Metaspace: 35482K(36224K)->35482K(36224K) NonClass: 26271K(26816K)->26271K(26816K) Class: 9211K(9408K)->9211K(9408K)
[692.793s][info][gc             ] GC(1929) Pause Young (Allocation Failure) 518M->240M(542M) 1.064ms
[692.793s][info][gc,cpu         ] GC(1929) User=0.00s Sys=0.00s Real=0.00s
[693.002s][info][gc,start       ] GC(1930) Pause Young (Allocation Failure)
[693.003s][info][gc,heap        ] GC(1930) PSYoungGen: 288320K(308224K)->64K(309760K) Eden: 288256K(288256K)->0K(288256K) From: 64K(19968K)->64K(21504K)
[693.003s][info][gc,heap        ] GC(1930) ParOldGen: 246707K(246784K)->246707K(246784K)
[693.003s][info][gc,metaspace   ] GC(1930) Metaspace: 35482K(36224K)->35482K(36224K) NonClass: 26271K(26816K)->26271K(26816K) Class: 9211K(9408K)->9211K(9408K)
[693.003s][info][gc             ] GC(1930) Pause Young (Allocation Failure) 522M->240M(543M) 1.055ms
[693.003s][info][gc,cpu         ] GC(1930) User=0.00s Sys=0.00s Real=0.01s
[693.341s][info][gc,start       ] GC(1931) Pause Young (Allocation Failure)
[693.342s][info][gc,heap        ] GC(1931) PSYoungGen: 288320K(309760K)->64K(309760K) Eden: 288256K(288256K)->0K(291840K) From: 64K(21504K)->64K(17920K)
[693.342s][info][gc,heap        ] GC(1931) ParOldGen: 246707K(246784K)->246707K(246784K)
[693.342s][info][gc,metaspace   ] GC(1931) Metaspace: 35482K(36224K)->35482K(36224K) NonClass: 26271K(26816K)->26271K(26816K) Class: 9211K(9408K)->9211K(9408K)
[693.342s][info][gc             ] GC(1931) Pause Young (Allocation Failure) 522M->240M(543M) 1.067ms
[693.342s][info][gc,cpu         ] GC(1931) User=0.00s Sys=0.00s Real=0.00s
[693.394s][info][gc,start       ] GC(1932) Pause Young (Allocation Failure)
[693.395s][info][gc,heap        ] GC(1932) PSYoungGen: 291904K(309760K)->64K(311296K) Eden: 291840K(291840K)->0K(291840K) From: 64K(17920K)->64K(19456K)
[693.395s][info][gc,heap        ] GC(1932) ParOldGen: 246707K(246784K)->246723K(246784K)
[693.395s][info][gc,metaspace   ] GC(1932) Metaspace: 35482K(36224K)->35482K(36224K) NonClass: 26271K(26816K)->26271K(26816K) Class: 9211K(9408K)->9211K(9408K)
[693.395s][info][gc             ] GC(1932) Pause Young (Allocation Failure) 525M->241M(545M) 1.061ms
[693.395s][info][gc,cpu         ] GC(1932) User=0.00s Sys=0.00s Real=0.00s
[693.444s][info][gc,start       ] GC(1933) Pause Young (Allocation Failure)
[693.445s][info][gc,heap        ] GC(1933) PSYoungGen: 291904K(311296K)->64K(311808K) Eden: 291840K(291840K)->0K(295936K) From: 64K(19456K)->64K(15872K)
[693.445s][info][gc,heap        ] GC(1933) ParOldGen: 246723K(246784K)->246723K(246784K)
[693.445s][info][gc,metaspace   ] GC(1933) Metaspace: 35482K(36224K)->35482K(36224K) NonClass: 26271K(26816K)->26271K(26816K) Class: 9211K(9408K)->9211K(9408K)
[693.445s][info][gc             ] GC(1933) Pause Young (Allocation Failure) 526M->241M(545M) 1.004ms
[693.445s][info][gc,cpu         ] GC(1933) User=0.00s Sys=0.00s Real=0.00s
[693.643s][info][gc,start       ] GC(1934) Pause Young (Allocation Failure)
[693.644s][info][gc,heap        ] GC(1934) PSYoungGen: 296000K(311808K)->64K(313344K) Eden: 295936K(295936K)->0K(295936K) From: 64K(15872K)->64K(17408K)
[693.644s][info][gc,heap        ] GC(1934) ParOldGen: 246723K(246784K)->246723K(246784K)
[693.645s][info][gc,metaspace   ] GC(1934) Metaspace: 35482K(36224K)->35482K(36224K) NonClass: 26271K(26816K)->26271K(26816K) Class: 9211K(9408K)->9211K(9408K)
[693.645s][info][gc             ] GC(1934) Pause Young (Allocation Failure) 530M->241M(547M) 1.068ms
[693.645s][info][gc,cpu         ] GC(1934) User=0.00s Sys=0.00s Real=0.00s
[693.856s][info][gc,start       ] GC(1935) Pause Young (Allocation Failure)
[693.857s][info][gc,heap        ] GC(1935) PSYoungGen: 296000K(313344K)->64K(313856K) Eden: 295936K(295936K)->0K(300032K) From: 64K(17408K)->64K(13824K)
[693.857s][info][gc,heap        ] GC(1935) ParOldGen: 246723K(246784K)->246731K(246784K)
[693.857s][info][gc,metaspace   ] GC(1935) Metaspace: 35482K(36224K)->35482K(36224K) NonClass: 26271K(26816K)->26271K(26816K) Class: 9211K(9408K)->9211K(9408K)
[693.857s][info][gc             ] GC(1935) Pause Young (Allocation Failure) 530M->241M(547M) 1.043ms
[693.857s][info][gc,cpu         ] GC(1935) User=0.00s Sys=0.00s Real=0.00s
[693.959s][info][gc,start       ] GC(1936) Pause Young (Allocation Failure)
[693.960s][info][gc,heap        ] GC(1936) PSYoungGen: 300096K(313856K)->64K(315392K) Eden: 300032K(300032K)->0K(300032K) From: 64K(13824K)->64K(15360K)
[693.960s][info][gc,heap        ] GC(1936) ParOldGen: 246731K(246784K)->246739K(246784K)
[693.960s][info][gc,metaspace   ] GC(1936) Metaspace: 35482K(36224K)->35482K(36224K) NonClass: 26271K(26816K)->26271K(26816K) Class: 9211K(9408K)->9211K(9408K)
[693.960s][info][gc             ] GC(1936) Pause Young (Allocation Failure) 534M->241M(549M) 1.061ms
[693.960s][info][gc,cpu         ] GC(1936) User=0.00s Sys=0.00s Real=0.00s
[694.080s][info][gc,start       ] GC(1937) Pause Young (Allocation Failure)
[694.081s][info][gc,heap        ] GC(1937) PSYoungGen: 300096K(315392K)->64K(316928K) Eden: 300032K(300032K)->0K(304128K) From: 64K(15360K)->64K(12800K)
[694.081s][info][gc,heap        ] GC(1937) ParOldGen: 246739K(246784K)->246747K(246784K)
[694.081s][info][gc,metaspace   ] GC(1937) Metaspace: 35482K(36224K)->35482K(36224K) NonClass: 26271K(26816K)->26271K(26816K) Class: 9211K(9408K)->9211K(9408K)
[694.081s][info][gc             ] GC(1937) Pause Young (Allocation Failure) 534M->241M(550M) 1.014ms
[694.081s][info][gc,cpu         ] GC(1937) User=0.01s Sys=0.00s Real=0.00s
[694.479s][info][gc,start       ] GC(1938) Pause Young (Allocation Failure)
[694.481s][info][gc,heap        ] GC(1938) PSYoungGen: 304192K(316928K)->64K(292352K) Eden: 304128K(304128K)->0K(291840K) From: 64K(12800K)->64K(512K)
[694.481s][info][gc,heap        ] GC(1938) ParOldGen: 246747K(246784K)->246755K(246784K)
[694.481s][info][gc,metaspace   ] GC(1938) Metaspace: 35482K(36224K)->35482K(36224K) NonClass: 26271K(26816K)->26271K(26816K) Class: 9211K(9408K)->9211K(9408K)
[694.481s][info][gc             ] GC(1938) Pause Young (Allocation Failure) 538M->241M(526M) 1.793ms
[694.481s][info][gc,cpu         ] GC(1938) User=0.00s Sys=0.00s Real=0.00s
[695.111s][info][gc,start       ] GC(1939) Pause Young (Allocation Failure)
[695.113s][info][gc,heap        ] GC(1939) PSYoungGen: 291904K(292352K)->64K(280576K) Eden: 291840K(291840K)->0K(280064K) From: 64K(512K)->64K(512K)
[695.113s][info][gc,heap        ] GC(1939) ParOldGen: 246755K(246784K)->246763K(246784K)
[695.113s][info][gc,metaspace   ] GC(1939) Metaspace: 35482K(36224K)->35482K(36224K) NonClass: 26271K(26816K)->26271K(26816K) Class: 9211K(9408K)->9211K(9408K)
[695.113s][info][gc             ] GC(1939) Pause Young (Allocation Failure) 526M->241M(515M) 1.496ms
[695.113s][info][gc,cpu         ] GC(1939) User=0.00s Sys=0.00s Real=0.01s
[696.052s][info][gc,start       ] GC(1940) Pause Young (Allocation Failure)
[696.053s][info][gc,heap        ] GC(1940) PSYoungGen: 280128K(280576K)->64K(281088K) Eden: 280064K(280064K)->0K(269312K) From: 64K(512K)->64K(11776K)
[696.053s][info][gc,heap        ] GC(1940) ParOldGen: 246763K(246784K)->246771K(246784K)
[696.053s][info][gc,metaspace   ] GC(1940) Metaspace: 35482K(36224K)->35482K(36224K) NonClass: 26271K(26816K)->26271K(26816K) Class: 9211K(9408K)->9211K(9408K)
[696.053s][info][gc             ] GC(1940) Pause Young (Allocation Failure) 514M->241M(515M) 1.012ms
[696.053s][info][gc,cpu         ] GC(1940) User=0.00s Sys=0.00s Real=0.00s
[696.491s][info][gc,start       ] GC(1941) Pause Young (Allocation Failure)
[696.492s][info][gc,heap        ] GC(1941) PSYoungGen: 269376K(281088K)->64K(259584K) Eden: 269312K(269312K)->0K(259072K) From: 64K(11776K)->64K(512K)
[696.492s][info][gc,heap        ] GC(1941) ParOldGen: 246771K(246784K)->246779K(246784K)
[696.492s][info][gc,metaspace   ] GC(1941) Metaspace: 35482K(36224K)->35482K(36224K) NonClass: 26271K(26816K)->26271K(26816K) Class: 9211K(9408K)->9211K(9408K)
[696.492s][info][gc             ] GC(1941) Pause Young (Allocation Failure) 504M->241M(494M) 1.542ms
[696.492s][info][gc,cpu         ] GC(1941) User=0.00s Sys=0.00s Real=0.01s
[697.467s][info][gc,start       ] GC(1942) Pause Young (Allocation Failure)
[697.468s][info][gc,heap        ] GC(1942) PSYoungGen: 259136K(259584K)->64K(259072K) Eden: 259072K(259072K)->0K(248832K) From: 64K(512K)->64K(10240K)
[697.468s][info][gc,heap        ] GC(1942) ParOldGen: 246779K(246784K)->246787K(247296K)
[697.468s][info][gc,metaspace   ] GC(1942) Metaspace: 35482K(36224K)->35482K(36224K) NonClass: 26271K(26816K)->26271K(26816K) Class: 9211K(9408K)->9211K(9408K)
[697.468s][info][gc             ] GC(1942) Pause Young (Allocation Failure) 494M->241M(494M) 1.045ms
[697.468s][info][gc,cpu         ] GC(1942) User=0.00s Sys=0.00s Real=0.00s
[697.830s][info][gc,start       ] GC(1943) Pause Young (Allocation Failure)
[697.831s][info][gc,heap        ] GC(1943) PSYoungGen: 248896K(259072K)->64K(239616K) Eden: 248832K(248832K)->0K(239104K) From: 64K(10240K)->64K(512K)
[697.831s][info][gc,heap        ] GC(1943) ParOldGen: 246787K(247296K)->246795K(247296K)
[697.831s][info][gc,metaspace   ] GC(1943) Metaspace: 35482K(36224K)->35482K(36224K) NonClass: 26271K(26816K)->26271K(26816K) Class: 9211K(9408K)->9211K(9408K)
[697.831s][info][gc             ] GC(1943) Pause Young (Allocation Failure) 484M->241M(475M) 1.545ms
[697.831s][info][gc,cpu         ] GC(1943) User=0.00s Sys=0.01s Real=0.00s
[697.976s][info][gc,start       ] GC(1944) Pause Young (Allocation Failure)
[697.977s][info][gc,heap        ] GC(1944) PSYoungGen: 239168K(239616K)->64K(239104K) Eden: 239104K(239104K)->0K(229888K) From: 64K(512K)->64K(9216K)
[697.977s][info][gc,heap        ] GC(1944) ParOldGen: 246795K(247296K)->246803K(247296K)
[697.977s][info][gc,metaspace   ] GC(1944) Metaspace: 35482K(36224K)->35482K(36224K) NonClass: 26271K(26816K)->26271K(26816K) Class: 9211K(9408K)->9211K(9408K)
[697.977s][info][gc             ] GC(1944) Pause Young (Allocation Failure) 474M->241M(475M) 0.901ms
[697.977s][info][gc,cpu         ] GC(1944) User=0.00s Sys=0.00s Real=0.00s
[698.276s][info][gc,start       ] GC(1945) Pause Young (Allocation Failure)
[698.278s][info][gc,heap        ] GC(1945) PSYoungGen: 229952K(239104K)->32K(221696K) Eden: 229888K(229888K)->0K(221184K) From: 64K(9216K)->32K(512K)
[698.278s][info][gc,heap        ] GC(1945) ParOldGen: 246803K(247296K)->246811K(247296K)
[698.278s][info][gc,metaspace   ] GC(1945) Metaspace: 35482K(36224K)->35482K(36224K) NonClass: 26271K(26816K)->26271K(26816K) Class: 9211K(9408K)->9211K(9408K)
[698.278s][info][gc             ] GC(1945) Pause Young (Allocation Failure) 465M->241M(458M) 2.055ms
[698.278s][info][gc,cpu         ] GC(1945) User=0.00s Sys=0.00s Real=0.00s
[698.644s][info][gc,start       ] GC(1946) Pause Young (Allocation Failure)
[698.646s][info][gc,heap        ] GC(1946) PSYoungGen: 221216K(221696K)->64K(220672K) Eden: 221184K(221184K)->0K(212992K) From: 32K(512K)->64K(7680K)
[698.646s][info][gc,heap        ] GC(1946) ParOldGen: 246811K(247296K)->246819K(247296K)
[698.646s][info][gc,metaspace   ] GC(1946) Metaspace: 35482K(36224K)->35482K(36224K) NonClass: 26271K(26816K)->26271K(26816K) Class: 9211K(9408K)->9211K(9408K)
[698.646s][info][gc             ] GC(1946) Pause Young (Allocation Failure) 457M->241M(457M) 1.617ms
[698.646s][info][gc,cpu         ] GC(1946) User=0.00s Sys=0.00s Real=0.00s
[698.934s][info][gc,start       ] GC(1947) Pause Young (Allocation Failure)
[698.937s][info][gc,heap        ] GC(1947) PSYoungGen: 213056K(220672K)->608K(206336K) Eden: 212992K(212992K)->0K(205312K) From: 64K(7680K)->608K(1024K)
[698.937s][info][gc,heap        ] GC(1947) ParOldGen: 246819K(247296K)->246827K(247296K)
[698.937s][info][gc,metaspace   ] GC(1947) Metaspace: 35482K(36224K)->35482K(36224K) NonClass: 26271K(26816K)->26271K(26816K) Class: 9211K(9408K)->9211K(9408K)
[698.937s][info][gc             ] GC(1947) Pause Young (Allocation Failure) 449M->241M(443M) 3.606ms
[698.937s][info][gc,cpu         ] GC(1947) User=0.01s Sys=0.00s Real=0.00s
[699.172s][info][gc,start       ] GC(1948) Pause Young (Allocation Failure)
[699.219s][info][gc,heap        ] GC(1948) PSYoungGen: 205920K(206336K)->6656K(252928K) Eden: 205312K(205312K)->0K(246272K) From: 608K(1024K)->6656K(6656K)
[699.219s][info][gc,heap        ] GC(1948) ParOldGen: 246827K(247296K)->263347K(263680K)
[699.219s][info][gc,metaspace   ] GC(1948) Metaspace: 35482K(36224K)->35482K(36224K) NonClass: 26271K(26816K)->26271K(26816K) Class: 9211K(9408K)->9211K(9408K)
[699.219s][info][gc             ] GC(1948) Pause Young (Allocation Failure) 442M->263M(504M) 47.164ms
[699.219s][info][gc,cpu         ] GC(1948) User=0.08s Sys=0.01s Real=0.05s
[699.500s][info][gc,start       ] GC(1949) Pause Young (Allocation Failure)
[699.557s][info][gc,heap        ] GC(1949) PSYoungGen: 252928K(252928K)->8704K(252416K) Eden: 246272K(246272K)->0K(243712K) From: 6656K(6656K)->8704K(8704K)
[699.557s][info][gc,heap        ] GC(1949) ParOldGen: 263347K(263680K)->282883K(283136K)
[699.557s][info][gc,metaspace   ] GC(1949) Metaspace: 35482K(36224K)->35482K(36224K) NonClass: 26271K(26816K)->26271K(26816K) Class: 9211K(9408K)->9211K(9408K)
[699.557s][info][gc             ] GC(1949) Pause Young (Allocation Failure) 504M->284M(523M) 57.072ms
[699.557s][info][gc,cpu         ] GC(1949) User=0.09s Sys=0.02s Real=0.06s
[699.709s][info][gc,start       ] GC(1950) Pause Young (Allocation Failure)
[699.731s][info][gc,heap        ] GC(1950) PSYoungGen: 252416K(252416K)->11136K(266240K) Eden: 243712K(243712K)->0K(243712K) From: 8704K(8704K)->11136K(22528K)
[699.731s][info][gc,heap        ] GC(1950) ParOldGen: 282883K(283136K)->283411K(283648K)
[699.731s][info][gc,metaspace   ] GC(1950) Metaspace: 35482K(36224K)->35482K(36224K) NonClass: 26271K(26816K)->26271K(26816K) Class: 9211K(9408K)->9211K(9408K)
[699.731s][info][gc             ] GC(1950) Pause Young (Allocation Failure) 522M->287M(537M) 21.692ms
[699.731s][info][gc,cpu         ] GC(1950) User=0.04s Sys=0.00s Real=0.02s
[700.020s][info][gc,start       ] GC(1951) Pause Young (Allocation Failure)
[700.021s][info][gc,heap        ] GC(1951) PSYoungGen: 254848K(266240K)->64K(310784K) Eden: 243712K(243712K)->0K(288256K) From: 11136K(22528K)->64K(22528K)
[700.021s][info][gc,heap        ] GC(1951) ParOldGen: 283411K(283648K)->283419K(283648K)
[700.021s][info][gc,metaspace   ] GC(1951) Metaspace: 35482K(36224K)->35482K(36224K) NonClass: 26271K(26816K)->26271K(26816K) Class: 9211K(9408K)->9211K(9408K)
[700.021s][info][gc             ] GC(1951) Pause Young (Allocation Failure) 525M->276M(580M) 1.286ms
[700.021s][info][gc,cpu         ] GC(1951) User=0.01s Sys=0.00s Real=0.00s
[700.636s][info][gc,start       ] GC(1952) Pause Young (Allocation Failure)
[700.637s][info][gc,heap        ] GC(1952) PSYoungGen: 288320K(310784K)->64K(288768K) Eden: 288256K(288256K)->0K(288256K) From: 64K(22528K)->64K(512K)
[700.637s][info][gc,heap        ] GC(1952) ParOldGen: 283419K(283648K)->283427K(283648K)
[700.637s][info][gc,metaspace   ] GC(1952) Metaspace: 35482K(36224K)->35482K(36224K) NonClass: 26271K(26816K)->26271K(26816K) Class: 9211K(9408K)->9211K(9408K)
[700.637s][info][gc             ] GC(1952) Pause Young (Allocation Failure) 558M->276M(559M) 1.235ms
[700.637s][info][gc,cpu         ] GC(1952) User=0.00s Sys=0.01s Real=0.00s
[701.077s][info][gc,start       ] GC(1953) Pause Young (Allocation Failure)
[701.078s][info][gc,heap        ] GC(1953) PSYoungGen: 288320K(288768K)->64K(310784K) Eden: 288256K(288256K)->0K(289280K) From: 64K(512K)->64K(21504K)
[701.078s][info][gc,heap        ] GC(1953) ParOldGen: 283427K(283648K)->283443K(283648K)
[701.078s][info][gc,metaspace   ] GC(1953) Metaspace: 35482K(36224K)->35482K(36224K) NonClass: 26271K(26816K)->26271K(26816K) Class: 9211K(9408K)->9211K(9408K)
[701.078s][info][gc             ] GC(1953) Pause Young (Allocation Failure) 558M->276M(580M) 1.124ms
[701.078s][info][gc,cpu         ] GC(1953) User=0.00s Sys=0.00s Real=0.00s
[701.284s][info][gc,start       ] GC(1954) Pause Young (Allocation Failure)
[701.286s][info][gc,heap        ] GC(1954) PSYoungGen: 289344K(310784K)->64K(310272K) Eden: 289280K(289280K)->0K(289280K) From: 64K(21504K)->64K(20992K)
[701.286s][info][gc,heap        ] GC(1954) ParOldGen: 283443K(283648K)->283459K(283648K)
[701.286s][info][gc,metaspace   ] GC(1954) Metaspace: 35482K(36224K)->35482K(36224K) NonClass: 26271K(26816K)->26271K(26816K) Class: 9211K(9408K)->9211K(9408K)
[701.286s][info][gc             ] GC(1954) Pause Young (Allocation Failure) 559M->276M(580M) 1.168ms
[701.286s][info][gc,cpu         ] GC(1954) User=0.00s Sys=0.00s Real=0.00s
[701.492s][info][gc,start       ] GC(1955) Pause Young (Allocation Failure)
[701.493s][info][gc,heap        ] GC(1955) PSYoungGen: 289344K(310272K)->64K(311808K) Eden: 289280K(289280K)->0K(292352K) From: 64K(20992K)->64K(19456K)
[701.493s][info][gc,heap        ] GC(1955) ParOldGen: 283459K(283648K)->283459K(283648K)
[701.493s][info][gc,metaspace   ] GC(1955) Metaspace: 35482K(36224K)->35482K(36224K) NonClass: 26271K(26816K)->26271K(26816K) Class: 9211K(9408K)->9211K(9408K)
[701.493s][info][gc             ] GC(1955) Pause Young (Allocation Failure) 559M->276M(581M) 1.098ms
[701.493s][info][gc,cpu         ] GC(1955) User=0.01s Sys=0.00s Real=0.01s
[701.793s][info][gc,start       ] GC(1956) Pause Young (Allocation Failure)
[701.795s][info][gc,heap        ] GC(1956) PSYoungGen: 292416K(311808K)->64K(311296K) Eden: 292352K(292352K)->0K(292352K) From: 64K(19456K)->64K(18944K)
[701.795s][info][gc,heap        ] GC(1956) ParOldGen: 283459K(283648K)->283459K(283648K)
[701.795s][info][gc,metaspace   ] GC(1956) Metaspace: 35482K(36224K)->35482K(36224K) NonClass: 26271K(26816K)->26271K(26816K) Class: 9211K(9408K)->9211K(9408K)
[701.795s][info][gc             ] GC(1956) Pause Young (Allocation Failure) 562M->276M(581M) 1.186ms
[701.795s][info][gc,cpu         ] GC(1956) User=0.00s Sys=0.00s Real=0.00s
[701.844s][info][gc,start       ] GC(1957) Pause Young (Allocation Failure)
[701.845s][info][gc,heap        ] GC(1957) PSYoungGen: 292416K(311296K)->64K(313856K) Eden: 292352K(292352K)->0K(295936K) From: 64K(18944K)->64K(17920K)
[701.845s][info][gc,heap        ] GC(1957) ParOldGen: 283459K(283648K)->283475K(283648K)
[701.845s][info][gc,metaspace   ] GC(1957) Metaspace: 35482K(36224K)->35482K(36224K) NonClass: 26271K(26816K)->26271K(26816K) Class: 9211K(9408K)->9211K(9408K)
[701.845s][info][gc             ] GC(1957) Pause Young (Allocation Failure) 562M->276M(583M) 1.054ms
[701.845s][info][gc,cpu         ] GC(1957) User=0.01s Sys=0.00s Real=0.00s
[701.920s][info][gc,start       ] GC(1958) Pause Young (Allocation Failure)
[701.921s][info][gc,heap        ] GC(1958) PSYoungGen: 296000K(313856K)->64K(313344K) Eden: 295936K(295936K)->0K(295936K) From: 64K(17920K)->64K(17408K)
[701.921s][info][gc,heap        ] GC(1958) ParOldGen: 283475K(283648K)->283475K(283648K)
[701.921s][info][gc,metaspace   ] GC(1958) Metaspace: 35482K(36224K)->35482K(36224K) NonClass: 26271K(26816K)->26271K(26816K) Class: 9211K(9408K)->9211K(9408K)
[701.921s][info][gc             ] GC(1958) Pause Young (Allocation Failure) 565M->276M(583M) 1.096ms
[701.921s][info][gc,cpu         ] GC(1958) User=0.00s Sys=0.00s Real=0.00s
[702.140s][info][gc,start       ] GC(1959) Pause Young (Allocation Failure)
[702.141s][info][gc,heap        ] GC(1959) PSYoungGen: 296000K(313344K)->64K(315392K) Eden: 295936K(295936K)->0K(299520K) From: 64K(17408K)->64K(15872K)
[702.141s][info][gc,heap        ] GC(1959) ParOldGen: 283475K(283648K)->283491K(283648K)
[702.141s][info][gc,metaspace   ] GC(1959) Metaspace: 35482K(36224K)->35482K(36224K) NonClass: 26271K(26816K)->26271K(26816K) Class: 9211K(9408K)->9211K(9408K)
[702.141s][info][gc             ] GC(1959) Pause Young (Allocation Failure) 565M->276M(585M) 1.061ms
[702.141s][info][gc,cpu         ] GC(1959) User=0.00s Sys=0.00s Real=0.00s
[702.337s][info][gc,start       ] GC(1960) Pause Young (Allocation Failure)
[702.338s][info][gc,heap        ] GC(1960) PSYoungGen: 299584K(315392K)->64K(314880K) Eden: 299520K(299520K)->0K(299520K) From: 64K(15872K)->64K(15360K)
[702.338s][info][gc,heap        ] GC(1960) ParOldGen: 283491K(283648K)->283491K(283648K)
[702.338s][info][gc,metaspace   ] GC(1960) Metaspace: 35482K(36224K)->35482K(36224K) NonClass: 26271K(26816K)->26271K(26816K) Class: 9211K(9408K)->9211K(9408K)
[702.339s][info][gc             ] GC(1960) Pause Young (Allocation Failure) 569M->276M(584M) 1.094ms
[702.339s][info][gc,cpu         ] GC(1960) User=0.00s Sys=0.00s Real=0.00s
[702.420s][info][gc,start       ] GC(1961) Pause Young (Allocation Failure)
[702.421s][info][gc,heap        ] GC(1961) PSYoungGen: 299584K(314880K)->64K(317440K) Eden: 299520K(299520K)->0K(303104K) From: 64K(15360K)->64K(14336K)
[702.421s][info][gc,heap        ] GC(1961) ParOldGen: 283491K(283648K)->283507K(283648K)
[702.421s][info][gc,metaspace   ] GC(1961) Metaspace: 35482K(36224K)->35482K(36224K) NonClass: 26271K(26816K)->26271K(26816K) Class: 9211K(9408K)->9211K(9408K)
[702.421s][info][gc             ] GC(1961) Pause Young (Allocation Failure) 569M->276M(587M) 1.063ms
[702.421s][info][gc,cpu         ] GC(1961) User=0.01s Sys=0.00s Real=0.00s
[702.572s][info][gc,start       ] GC(1962) Pause Young (Allocation Failure)
[702.573s][info][gc,heap        ] GC(1962) PSYoungGen: 303168K(317440K)->64K(316928K) Eden: 303104K(303104K)->0K(303104K) From: 64K(14336K)->64K(13824K)
[702.573s][info][gc,heap        ] GC(1962) ParOldGen: 283507K(283648K)->283507K(283648K)
[702.573s][info][gc,metaspace   ] GC(1962) Metaspace: 35482K(36224K)->35482K(36224K) NonClass: 26271K(26816K)->26271K(26816K) Class: 9211K(9408K)->9211K(9408K)
[702.573s][info][gc             ] GC(1962) Pause Young (Allocation Failure) 572M->276M(586M) 1.108ms
[702.573s][info][gc,cpu         ] GC(1962) User=0.00s Sys=0.00s Real=0.01s
[703.509s][info][gc,start       ] GC(1963) Pause Young (Allocation Failure)
[703.510s][info][gc,heap        ] GC(1963) PSYoungGen: 303168K(316928K)->83K(291328K) Eden: 303104K(303104K)->0K(290816K) From: 64K(13824K)->83K(512K)
[703.510s][info][gc,heap        ] GC(1963) ParOldGen: 283507K(283648K)->283515K(283648K)
[703.510s][info][gc,metaspace   ] GC(1963) Metaspace: 35482K(36224K)->35482K(36224K) NonClass: 26271K(26816K)->26271K(26816K) Class: 9211K(9408K)->9211K(9408K)
[703.511s][info][gc             ] GC(1963) Pause Young (Allocation Failure) 572M->276M(561M) 1.166ms
[703.511s][info][gc,cpu         ] GC(1963) User=0.00s Sys=0.00s Real=0.00s
[704.330s][info][gc,start       ] GC(1964) Pause Young (Allocation Failure)
[704.331s][info][gc,heap        ] GC(1964) PSYoungGen: 290899K(291328K)->64K(291840K) Eden: 290816K(290816K)->0K(279552K) From: 83K(512K)->64K(12288K)
[704.331s][info][gc,heap        ] GC(1964) ParOldGen: 283515K(283648K)->283523K(283648K)
[704.331s][info][gc,metaspace   ] GC(1964) Metaspace: 35482K(36224K)->35482K(36224K) NonClass: 26271K(26816K)->26271K(26816K) Class: 9211K(9408K)->9211K(9408K)
[704.331s][info][gc             ] GC(1964) Pause Young (Allocation Failure) 560M->276M(562M) 1.044ms
[704.331s][info][gc,cpu         ] GC(1964) User=0.01s Sys=0.00s Real=0.00s
[704.621s][info][gc,start       ] GC(1965) Pause Young (Allocation Failure)
[704.622s][info][gc,heap        ] GC(1965) PSYoungGen: 279616K(291840K)->64K(269312K) Eden: 279552K(279552K)->0K(268800K) From: 64K(12288K)->64K(512K)
[704.622s][info][gc,heap        ] GC(1965) ParOldGen: 283523K(283648K)->283531K(283648K)
[704.622s][info][gc,metaspace   ] GC(1965) Metaspace: 35482K(36224K)->35482K(36224K) NonClass: 26271K(26816K)->26271K(26816K) Class: 9211K(9408K)->9211K(9408K)
[704.622s][info][gc             ] GC(1965) Pause Young (Allocation Failure) 549M->276M(540M) 1.266ms
[704.622s][info][gc,cpu         ] GC(1965) User=0.00s Sys=0.00s Real=0.01s
[705.061s][info][gc,start       ] GC(1966) Pause Young (Allocation Failure)
[705.062s][info][gc,heap        ] GC(1966) PSYoungGen: 268864K(269312K)->64K(269312K) Eden: 268800K(268800K)->0K(258560K) From: 64K(512K)->64K(10752K)
[705.062s][info][gc,heap        ] GC(1966) ParOldGen: 283531K(283648K)->283539K(283648K)
[705.062s][info][gc,metaspace   ] GC(1966) Metaspace: 35482K(36224K)->35482K(36224K) NonClass: 26271K(26816K)->26271K(26816K) Class: 9211K(9408K)->9211K(9408K)
[705.062s][info][gc             ] GC(1966) Pause Young (Allocation Failure) 539M->276M(540M) 1.079ms
[705.062s][info][gc,cpu         ] GC(1966) User=0.01s Sys=0.00s Real=0.00s
[705.980s][info][gc,start       ] GC(1967) Pause Young (Allocation Failure)
[705.981s][info][gc,heap        ] GC(1967) PSYoungGen: 258624K(269312K)->64K(249344K) Eden: 258560K(258560K)->0K(248832K) From: 64K(10752K)->64K(512K)
[705.981s][info][gc,heap        ] GC(1967) ParOldGen: 283539K(283648K)->283547K(283648K)
[705.981s][info][gc,metaspace   ] GC(1967) Metaspace: 35482K(36224K)->35482K(36224K) NonClass: 26271K(26816K)->26271K(26816K) Class: 9211K(9408K)->9211K(9408K)
[705.981s][info][gc             ] GC(1967) Pause Young (Allocation Failure) 529M->276M(520M) 1.375ms
[705.981s][info][gc,cpu         ] GC(1967) User=0.00s Sys=0.00s Real=0.00s
[706.359s][info][gc,start       ] GC(1968) Pause Young (Allocation Failure)
[706.360s][info][gc,heap        ] GC(1968) PSYoungGen: 248896K(249344K)->64K(248320K) Eden: 248832K(248832K)->0K(239104K) From: 64K(512K)->64K(9216K)
[706.361s][info][gc,heap        ] GC(1968) ParOldGen: 283547K(283648K)->283555K(283648K)
[706.361s][info][gc,metaspace   ] GC(1968) Metaspace: 35482K(36224K)->35482K(36224K) NonClass: 26271K(26816K)->26271K(26816K) Class: 9211K(9408K)->9211K(9408K)
[706.361s][info][gc             ] GC(1968) Pause Young (Allocation Failure) 519M->276M(519M) 1.757ms
[706.361s][info][gc,cpu         ] GC(1968) User=0.00s Sys=0.00s Real=0.00s
[706.433s][info][gc,start       ] GC(1969) Pause Young (Allocation Failure)
[706.435s][info][gc,heap        ] GC(1969) PSYoungGen: 239168K(248320K)->64K(230400K) Eden: 239104K(239104K)->0K(229888K) From: 64K(9216K)->64K(512K)
[706.435s][info][gc,heap        ] GC(1969) ParOldGen: 283555K(283648K)->283563K(283648K)
[706.435s][info][gc,metaspace   ] GC(1969) Metaspace: 35482K(36224K)->35482K(36224K) NonClass: 26271K(26816K)->26271K(26816K) Class: 9211K(9408K)->9211K(9408K)
[706.435s][info][gc             ] GC(1969) Pause Young (Allocation Failure) 510M->276M(502M) 2.229ms
[706.435s][info][gc,cpu         ] GC(1969) User=0.00s Sys=0.00s Real=0.00s
[706.907s][info][gc,start       ] GC(1970) Pause Young (Allocation Failure)
[706.909s][info][gc,heap        ] GC(1970) PSYoungGen: 229952K(230400K)->64K(229376K) Eden: 229888K(229888K)->0K(221184K) From: 64K(512K)->64K(8192K)
[706.909s][info][gc,heap        ] GC(1970) ParOldGen: 283563K(283648K)->283571K(283648K)
[706.909s][info][gc,metaspace   ] GC(1970) Metaspace: 35482K(36224K)->35482K(36224K) NonClass: 26271K(26816K)->26271K(26816K) Class: 9211K(9408K)->9211K(9408K)
[706.909s][info][gc             ] GC(1970) Pause Young (Allocation Failure) 501M->276M(501M) 1.813ms
[706.909s][info][gc,cpu         ] GC(1970) User=0.01s Sys=0.00s Real=0.00s
[707.149s][info][gc,start       ] GC(1971) Pause Young (Allocation Failure)
[707.151s][info][gc,heap        ] GC(1971) PSYoungGen: 221248K(229376K)->64K(213504K) Eden: 221184K(221184K)->0K(212992K) From: 64K(8192K)->64K(512K)
[707.151s][info][gc,heap        ] GC(1971) ParOldGen: 283571K(283648K)->283579K(283648K)
[707.151s][info][gc,metaspace   ] GC(1971) Metaspace: 35482K(36224K)->35482K(36224K) NonClass: 26271K(26816K)->26271K(26816K) Class: 9211K(9408K)->9211K(9408K)
[707.151s][info][gc             ] GC(1971) Pause Young (Allocation Failure) 492M->276M(485M) 2.281ms
[707.151s][info][gc,cpu         ] GC(1971) User=0.00s Sys=0.00s Real=0.00s
[707.447s][info][gc,start       ] GC(1972) Pause Young (Allocation Failure)
[707.477s][info][gc,heap        ] GC(1972) PSYoungGen: 213056K(213504K)->7168K(262144K) Eden: 212992K(212992K)->0K(254976K) From: 64K(512K)->7168K(7168K)
[707.477s][info][gc,heap        ] GC(1972) ParOldGen: 283579K(283648K)->286059K(286208K)
[707.477s][info][gc,metaspace   ] GC(1972) Metaspace: 35482K(36224K)->35482K(36224K) NonClass: 26271K(26816K)->26271K(26816K) Class: 9211K(9408K)->9211K(9408K)
[707.477s][info][gc             ] GC(1972) Pause Young (Allocation Failure) 484M->286M(535M) 30.541ms
[707.477s][info][gc,cpu         ] GC(1972) User=0.03s Sys=0.00s Real=0.03s
[707.769s][info][gc,start       ] GC(1973) Pause Young (Allocation Failure)
[707.827s][info][gc,heap        ] GC(1973) PSYoungGen: 262144K(262144K)->7168K(264704K) Eden: 254976K(254976K)->0K(257536K) From: 7168K(7168K)->7168K(7168K)
[707.827s][info][gc,heap        ] GC(1973) ParOldGen: 286059K(286208K)->307739K(308224K)
[707.827s][info][gc,metaspace   ] GC(1973) Metaspace: 35482K(36224K)->35482K(36224K) NonClass: 26271K(26816K)->26271K(26816K) Class: 9211K(9408K)->9211K(9408K)
[707.827s][info][gc             ] GC(1973) Pause Young (Allocation Failure) 535M->307M(559M) 57.944ms
[707.827s][info][gc,cpu         ] GC(1973) User=0.09s Sys=0.02s Real=0.06s
[708.083s][info][gc,start       ] GC(1974) Pause Young (Allocation Failure)
[708.127s][info][gc,heap        ] GC(1974) PSYoungGen: 264704K(264704K)->18944K(276480K) Eden: 257536K(257536K)->0K(257536K) From: 7168K(7168K)->18944K(18944K)
[708.127s][info][gc,heap        ] GC(1974) ParOldGen: 307739K(308224K)->313595K(313856K)
[708.127s][info][gc,metaspace   ] GC(1974) Metaspace: 35482K(36224K)->35482K(36224K) NonClass: 26271K(26816K)->26271K(26816K) Class: 9211K(9408K)->9211K(9408K)
[708.127s][info][gc             ] GC(1974) Pause Young (Allocation Failure) 559M->324M(576M) 43.851ms
[708.127s][info][gc,cpu         ] GC(1974) User=0.08s Sys=0.01s Real=0.04s
[708.235s][info][gc,start       ] GC(1975) Pause Young (Allocation Failure)
[708.238s][info][gc,heap        ] GC(1975) PSYoungGen: 276480K(276480K)->64K(309760K) Eden: 257536K(257536K)->0K(284672K) From: 18944K(18944K)->64K(25088K)
[708.238s][info][gc,heap        ] GC(1975) ParOldGen: 313595K(313856K)->313747K(313856K)
[708.238s][info][gc,metaspace   ] GC(1975) Metaspace: 35482K(36224K)->35482K(36224K) NonClass: 26271K(26816K)->26271K(26816K) Class: 9211K(9408K)->9211K(9408K)
[708.238s][info][gc             ] GC(1975) Pause Young (Allocation Failure) 576M->306M(609M) 2.785ms
[708.238s][info][gc,cpu         ] GC(1975) User=0.01s Sys=0.00s Real=0.00s
[708.913s][info][gc,start       ] GC(1976) Pause Young (Allocation Failure)
[708.914s][info][gc,heap        ] GC(1976) PSYoungGen: 284736K(309760K)->64K(285184K) Eden: 284672K(284672K)->0K(284672K) From: 64K(25088K)->64K(512K)
[708.914s][info][gc,heap        ] GC(1976) ParOldGen: 313747K(313856K)->313763K(313856K)
[708.914s][info][gc,metaspace   ] GC(1976) Metaspace: 35482K(36224K)->35482K(36224K) NonClass: 26271K(26816K)->26271K(26816K) Class: 9211K(9408K)->9211K(9408K)
[708.914s][info][gc             ] GC(1976) Pause Young (Allocation Failure) 584M->306M(585M) 1.253ms
[708.914s][info][gc,cpu         ] GC(1976) User=0.00s Sys=0.00s Real=0.00s
[709.289s][info][gc,start       ] GC(1977) Pause Young (Allocation Failure)
[709.291s][info][gc,heap        ] GC(1977) PSYoungGen: 284736K(285184K)->128K(309248K) Eden: 284672K(284672K)->0K(285696K) From: 64K(512K)->128K(23552K)
[709.291s][info][gc,heap        ] GC(1977) ParOldGen: 313763K(313856K)->313771K(313856K)
[709.291s][info][gc,metaspace   ] GC(1977) Metaspace: 35630K(36352K)->35630K(36352K) NonClass: 26419K(26944K)->26419K(26944K) Class: 9211K(9408K)->9211K(9408K)
[709.291s][info][gc             ] GC(1977) Pause Young (Allocation Failure) 584M->306M(608M) 1.704ms
[709.291s][info][gc,cpu         ] GC(1977) User=0.00s Sys=0.00s Real=0.00s
[709.682s][info][gc,start       ] GC(1978) Pause Young (Allocation Failure)
[709.683s][info][gc,heap        ] GC(1978) PSYoungGen: 285824K(309248K)->64K(308224K) Eden: 285696K(285696K)->0K(285696K) From: 128K(23552K)->64K(22528K)
[709.683s][info][gc,heap        ] GC(1978) ParOldGen: 313771K(313856K)->313859K(314368K)
[709.683s][info][gc,metaspace   ] GC(1978) Metaspace: 35630K(36352K)->35630K(36352K) NonClass: 26419K(26944K)->26419K(26944K) Class: 9211K(9408K)->9211K(9408K)
[709.683s][info][gc             ] GC(1978) Pause Young (Allocation Failure) 585M->306M(608M) 1.394ms
[709.683s][info][gc,cpu         ] GC(1978) User=0.00s Sys=0.00s Real=0.01s
[709.886s][info][gc,start       ] GC(1979) Pause Young (Allocation Failure)
[709.887s][info][gc,heap        ] GC(1979) PSYoungGen: 285760K(308224K)->64K(310272K) Eden: 285696K(285696K)->0K(288768K) From: 64K(22528K)->64K(21504K)
[709.887s][info][gc,heap        ] GC(1979) ParOldGen: 313859K(314368K)->313875K(314368K)
[709.887s][info][gc,metaspace   ] GC(1979) Metaspace: 35630K(36352K)->35630K(36352K) NonClass: 26419K(26944K)->26419K(26944K) Class: 9211K(9408K)->9211K(9408K)
[709.887s][info][gc             ] GC(1979) Pause Young (Allocation Failure) 585M->306M(610M) 1.081ms
[709.887s][info][gc,cpu         ] GC(1979) User=0.00s Sys=0.00s Real=0.00s
[710.230s][info][gc,start       ] GC(1980) Pause Young (Allocation Failure)
[710.231s][info][gc,heap        ] GC(1980) PSYoungGen: 288832K(310272K)->64K(309248K) Eden: 288768K(288768K)->0K(288768K) From: 64K(21504K)->64K(20480K)
[710.231s][info][gc,heap        ] GC(1980) ParOldGen: 313875K(314368K)->313875K(314368K)
[710.231s][info][gc,metaspace   ] GC(1980) Metaspace: 35630K(36352K)->35630K(36352K) NonClass: 26419K(26944K)->26419K(26944K) Class: 9211K(9408K)->9211K(9408K)
[710.231s][info][gc             ] GC(1980) Pause Young (Allocation Failure) 588M->306M(609M) 1.048ms
[710.231s][info][gc,cpu         ] GC(1980) User=0.00s Sys=0.00s Real=0.00s
[710.304s][info][gc,start       ] GC(1981) Pause Young (Allocation Failure)
[710.305s][info][gc,heap        ] GC(1981) PSYoungGen: 288832K(309248K)->64K(312320K) Eden: 288768K(288768K)->0K(292864K) From: 64K(20480K)->64K(19456K)
[710.305s][info][gc,heap        ] GC(1981) ParOldGen: 313875K(314368K)->313883K(314368K)
[710.305s][info][gc,metaspace   ] GC(1981) Metaspace: 35630K(36352K)->35630K(36352K) NonClass: 26419K(26944K)->26419K(26944K) Class: 9211K(9408K)->9211K(9408K)
[710.305s][info][gc             ] GC(1981) Pause Young (Allocation Failure) 588M->306M(612M) 0.962ms
[710.305s][info][gc,cpu         ] GC(1981) User=0.01s Sys=0.00s Real=0.00s
[710.358s][info][gc,start       ] GC(1982) Pause Young (Allocation Failure)
[710.359s][info][gc,heap        ] GC(1982) PSYoungGen: 292928K(312320K)->64K(311296K) Eden: 292864K(292864K)->0K(292864K) From: 64K(19456K)->64K(18432K)
[710.359s][info][gc,heap        ] GC(1982) ParOldGen: 313883K(314368K)->313899K(314368K)
[710.359s][info][gc,metaspace   ] GC(1982) Metaspace: 35630K(36352K)->35630K(36352K) NonClass: 26419K(26944K)->26419K(26944K) Class: 9211K(9408K)->9211K(9408K)
[710.359s][info][gc             ] GC(1982) Pause Young (Allocation Failure) 592M->306M(611M) 1.045ms
[710.359s][info][gc,cpu         ] GC(1982) User=0.00s Sys=0.00s Real=0.00s
[710.523s][info][gc,start       ] GC(1983) Pause Young (Allocation Failure)
[710.524s][info][gc,heap        ] GC(1983) PSYoungGen: 292928K(311296K)->64K(314368K) Eden: 292864K(292864K)->0K(296960K) From: 64K(18432K)->64K(17408K)
[710.524s][info][gc,heap        ] GC(1983) ParOldGen: 313899K(314368K)->313899K(314368K)
[710.524s][info][gc,metaspace   ] GC(1983) Metaspace: 35630K(36352K)->35630K(36352K) NonClass: 26419K(26944K)->26419K(26944K) Class: 9211K(9408K)->9211K(9408K)
[710.524s][info][gc             ] GC(1983) Pause Young (Allocation Failure) 592M->306M(614M) 1.105ms
[710.524s][info][gc,cpu         ] GC(1983) User=0.00s Sys=0.00s Real=0.00s
[710.741s][info][gc,start       ] GC(1984) Pause Young (Allocation Failure)
[710.742s][info][gc,heap        ] GC(1984) PSYoungGen: 297024K(314368K)->64K(313344K) Eden: 296960K(296960K)->0K(296960K) From: 64K(17408K)->64K(16384K)
[710.742s][info][gc,heap        ] GC(1984) ParOldGen: 313899K(314368K)->313907K(314368K)
[710.742s][info][gc,metaspace   ] GC(1984) Metaspace: 35630K(36352K)->35630K(36352K) NonClass: 26419K(26944K)->26419K(26944K) Class: 9211K(9408K)->9211K(9408K)
[710.742s][info][gc             ] GC(1984) Pause Young (Allocation Failure) 596M->306M(613M) 1.146ms
[710.742s][info][gc,cpu         ] GC(1984) User=0.00s Sys=0.00s Real=0.00s
[710.863s][info][gc,start       ] GC(1985) Pause Young (Allocation Failure)
[710.864s][info][gc,heap        ] GC(1985) PSYoungGen: 297024K(313344K)->64K(315904K) Eden: 296960K(296960K)->0K(300544K) From: 64K(16384K)->64K(15360K)
[710.864s][info][gc,heap        ] GC(1985) ParOldGen: 313907K(314368K)->313915K(314368K)
[710.864s][info][gc,metaspace   ] GC(1985) Metaspace: 35630K(36352K)->35630K(36352K) NonClass: 26419K(26944K)->26419K(26944K) Class: 9211K(9408K)->9211K(9408K)
[710.864s][info][gc             ] GC(1985) Pause Young (Allocation Failure) 596M->306M(615M) 1.167ms
[710.864s][info][gc,cpu         ] GC(1985) User=0.00s Sys=0.00s Real=0.00s
[710.971s][info][gc,start       ] GC(1986) Pause Young (Allocation Failure)
[710.972s][info][gc,heap        ] GC(1986) PSYoungGen: 300608K(315904K)->64K(315392K) Eden: 300544K(300544K)->0K(300544K) From: 64K(15360K)->64K(14848K)
[710.972s][info][gc,heap        ] GC(1986) ParOldGen: 313915K(314368K)->313923K(314368K)
[710.972s][info][gc,metaspace   ] GC(1986) Metaspace: 35630K(36352K)->35630K(36352K) NonClass: 26419K(26944K)->26419K(26944K) Class: 9211K(9408K)->9211K(9408K)
[710.972s][info][gc             ] GC(1986) Pause Young (Allocation Failure) 600M->306M(615M) 1.150ms
[710.972s][info][gc,cpu         ] GC(1986) User=0.00s Sys=0.00s Real=0.01s
[711.248s][info][gc,start       ] GC(1987) Pause Young (Allocation Failure)
[711.249s][info][gc,heap        ] GC(1987) PSYoungGen: 300608K(315392K)->64K(289280K) Eden: 300544K(300544K)->0K(288768K) From: 64K(14848K)->64K(512K)
[711.249s][info][gc,heap        ] GC(1987) ParOldGen: 313923K(314368K)->313931K(314368K)
[711.249s][info][gc,metaspace   ] GC(1987) Metaspace: 35630K(36352K)->35630K(36352K) NonClass: 26419K(26944K)->26419K(26944K) Class: 9211K(9408K)->9211K(9408K)
[711.249s][info][gc             ] GC(1987) Pause Young (Allocation Failure) 600M->306M(589M) 1.088ms
[711.249s][info][gc,cpu         ] GC(1987) User=0.00s Sys=0.00s Real=0.00s
[712.023s][info][gc,start       ] GC(1988) Pause Young (Allocation Failure)
[712.024s][info][gc,heap        ] GC(1988) PSYoungGen: 288832K(289280K)->83K(290304K) Eden: 288768K(288768K)->0K(277504K) From: 64K(512K)->83K(12800K)
[712.024s][info][gc,heap        ] GC(1988) ParOldGen: 313931K(314368K)->313939K(314368K)
[712.024s][info][gc,metaspace   ] GC(1988) Metaspace: 35630K(36352K)->35630K(36352K) NonClass: 26419K(26944K)->26419K(26944K) Class: 9211K(9408K)->9211K(9408K)
[712.024s][info][gc             ] GC(1988) Pause Young (Allocation Failure) 588M->306M(590M) 1.179ms
[712.024s][info][gc,cpu         ] GC(1988) User=0.01s Sys=0.00s Real=0.00s
[712.914s][info][gc,start       ] GC(1989) Pause Young (Allocation Failure)
[712.915s][info][gc,heap        ] GC(1989) PSYoungGen: 277587K(290304K)->64K(267264K) Eden: 277504K(277504K)->0K(266752K) From: 83K(12800K)->64K(512K)
[712.915s][info][gc,heap        ] GC(1989) ParOldGen: 313939K(314368K)->313947K(314368K)
[712.915s][info][gc,metaspace   ] GC(1989) Metaspace: 35630K(36352K)->35630K(36352K) NonClass: 26419K(26944K)->26419K(26944K) Class: 9211K(9408K)->9211K(9408K)
[712.915s][info][gc             ] GC(1989) Pause Young (Allocation Failure) 577M->306M(568M) 1.402ms
[712.915s][info][gc,cpu         ] GC(1989) User=0.00s Sys=0.00s Real=0.00s
[713.325s][info][gc,start       ] GC(1990) Pause Young (Allocation Failure)
[713.327s][info][gc,heap        ] GC(1990) PSYoungGen: 266816K(267264K)->64K(267776K) Eden: 266752K(266752K)->0K(256512K) From: 64K(512K)->64K(11264K)
[713.327s][info][gc,heap        ] GC(1990) ParOldGen: 313947K(314368K)->313955K(314368K)
[713.327s][info][gc,metaspace   ] GC(1990) Metaspace: 35630K(36352K)->35630K(36352K) NonClass: 26419K(26944K)->26419K(26944K) Class: 9211K(9408K)->9211K(9408K)
[713.327s][info][gc             ] GC(1990) Pause Young (Allocation Failure) 567M->306M(568M) 1.170ms
[713.327s][info][gc,cpu         ] GC(1990) User=0.01s Sys=0.00s Real=0.00s
[714.298s][info][gc,start       ] GC(1991) Pause Young (Allocation Failure)
[714.299s][info][gc,heap        ] GC(1991) PSYoungGen: 256576K(267776K)->64K(247296K) Eden: 256512K(256512K)->0K(246784K) From: 64K(11264K)->64K(512K)
[714.299s][info][gc,heap        ] GC(1991) ParOldGen: 313955K(314368K)->313963K(314368K)
[714.299s][info][gc,metaspace   ] GC(1991) Metaspace: 35630K(36352K)->35630K(36352K) NonClass: 26419K(26944K)->26419K(26944K) Class: 9211K(9408K)->9211K(9408K)
[714.299s][info][gc             ] GC(1991) Pause Young (Allocation Failure) 557M->306M(548M) 1.523ms
[714.299s][info][gc,cpu         ] GC(1991) User=0.00s Sys=0.00s Real=0.00s
[714.689s][info][gc,start       ] GC(1992) Pause Young (Allocation Failure)
[714.690s][info][gc,heap        ] GC(1992) PSYoungGen: 246848K(247296K)->64K(247296K) Eden: 246784K(246784K)->0K(237568K) From: 64K(512K)->64K(9728K)
[714.690s][info][gc,heap        ] GC(1992) ParOldGen: 313963K(314368K)->313971K(314368K)
[714.690s][info][gc,metaspace   ] GC(1992) Metaspace: 35630K(36352K)->35630K(36352K) NonClass: 26419K(26944K)->26419K(26944K) Class: 9211K(9408K)->9211K(9408K)
[714.690s][info][gc             ] GC(1992) Pause Young (Allocation Failure) 547M->306M(548M) 1.149ms
[714.690s][info][gc,cpu         ] GC(1992) User=0.00s Sys=0.00s Real=0.00s
[714.867s][info][gc,start       ] GC(1993) Pause Young (Allocation Failure)
[714.869s][info][gc,heap        ] GC(1993) PSYoungGen: 237632K(247296K)->64K(228864K) Eden: 237568K(237568K)->0K(228352K) From: 64K(9728K)->64K(512K)
[714.869s][info][gc,heap        ] GC(1993) ParOldGen: 313971K(314368K)->313979K(314368K)
[714.869s][info][gc,metaspace   ] GC(1993) Metaspace: 35630K(36352K)->35630K(36352K) NonClass: 26419K(26944K)->26419K(26944K) Class: 9211K(9408K)->9211K(9408K)
[714.869s][info][gc             ] GC(1993) Pause Young (Allocation Failure) 538M->306M(530M) 1.548ms
[714.869s][info][gc,cpu         ] GC(1993) User=0.00s Sys=0.00s Real=0.00s
[714.985s][info][gc,start       ] GC(1994) Pause Young (Allocation Failure)
[714.987s][info][gc,heap        ] GC(1994) PSYoungGen: 228416K(228864K)->64K(228352K) Eden: 228352K(228352K)->0K(219648K) From: 64K(512K)->64K(8704K)
[714.987s][info][gc,heap        ] GC(1994) ParOldGen: 313979K(314368K)->313995K(314368K)
[714.987s][info][gc,metaspace   ] GC(1994) Metaspace: 35630K(36352K)->35630K(36352K) NonClass: 26419K(26944K)->26419K(26944K) Class: 9211K(9408K)->9211K(9408K)
[714.987s][info][gc             ] GC(1994) Pause Young (Allocation Failure) 529M->306M(530M) 1.531ms
[714.987s][info][gc,cpu         ] GC(1994) User=0.00s Sys=0.00s Real=0.00s
[715.528s][info][gc,start       ] GC(1995) Pause Young (Allocation Failure)
[715.530s][info][gc,heap        ] GC(1995) PSYoungGen: 219712K(228352K)->64K(211968K) Eden: 219648K(219648K)->0K(211456K) From: 64K(8704K)->64K(512K)
[715.530s][info][gc,heap        ] GC(1995) ParOldGen: 313995K(314368K)->314011K(314368K)
[715.530s][info][gc,metaspace   ] GC(1995) Metaspace: 35630K(36352K)->35630K(36352K) NonClass: 26419K(26944K)->26419K(26944K) Class: 9211K(9408K)->9211K(9408K)
[715.530s][info][gc             ] GC(1995) Pause Young (Allocation Failure) 521M->306M(514M) 2.177ms
[715.530s][info][gc,cpu         ] GC(1995) User=0.00s Sys=0.00s Real=0.00s
[715.709s][info][gc,start       ] GC(1996) Pause Young (Allocation Failure)
[715.711s][info][gc,heap        ] GC(1996) PSYoungGen: 211520K(211968K)->64K(210944K) Eden: 211456K(211456K)->0K(203776K) From: 64K(512K)->64K(7168K)
[715.711s][info][gc,heap        ] GC(1996) ParOldGen: 314011K(314368K)->314019K(314368K)
[715.711s][info][gc,metaspace   ] GC(1996) Metaspace: 35630K(36352K)->35630K(36352K) NonClass: 26419K(26944K)->26419K(26944K) Class: 9211K(9408K)->9211K(9408K)
[715.711s][info][gc             ] GC(1996) Pause Young (Allocation Failure) 513M->306M(513M) 1.835ms
[715.711s][info][gc,cpu         ] GC(1996) User=0.00s Sys=0.00s Real=0.00s
[715.984s][info][gc,start       ] GC(1997) Pause Young (Allocation Failure)
[716.024s][info][gc,heap        ] GC(1997) PSYoungGen: 203840K(210944K)->6656K(250880K) Eden: 203776K(203776K)->0K(244224K) From: 64K(7168K)->6656K(6656K)
[716.024s][info][gc,heap        ] GC(1997) ParOldGen: 314019K(314368K)->321635K(322048K)
[716.024s][info][gc,metaspace   ] GC(1997) Metaspace: 35630K(36352K)->35630K(36352K) NonClass: 26419K(26944K)->26419K(26944K) Class: 9211K(9408K)->9211K(9408K)
[716.024s][info][gc             ] GC(1997) Pause Young (Allocation Failure) 505M->320M(559M) 39.922ms
[716.024s][info][gc,cpu         ] GC(1997) User=0.04s Sys=0.01s Real=0.04s
[716.301s][info][gc,start       ] GC(1998) Pause Young (Allocation Failure)
[716.354s][info][gc,heap        ] GC(1998) PSYoungGen: 250880K(250880K)->11264K(268288K) Eden: 244224K(244224K)->0K(257024K) From: 6656K(6656K)->11264K(11264K)
[716.354s][info][gc,heap        ] GC(1998) ParOldGen: 321635K(322048K)->338131K(338432K)
[716.354s][info][gc,metaspace   ] GC(1998) Metaspace: 35630K(36352K)->35630K(36352K) NonClass: 26419K(26944K)->26419K(26944K) Class: 9211K(9408K)->9211K(9408K)
[716.354s][info][gc             ] GC(1998) Pause Young (Allocation Failure) 559M->341M(592M) 52.816ms
[716.354s][info][gc,cpu         ] GC(1998) User=0.08s Sys=0.02s Real=0.06s
[716.585s][info][gc,start       ] GC(1999) Pause Young (Allocation Failure)
[716.630s][info][gc,heap        ] GC(1999) PSYoungGen: 268288K(268288K)->19968K(304640K) Eden: 257024K(257024K)->0K(284672K) From: 11264K(11264K)->19968K(19968K)
[716.630s][info][gc,heap        ] GC(1999) ParOldGen: 338131K(338432K)->339403K(339456K)
[716.630s][info][gc,metaspace   ] GC(1999) Metaspace: 35630K(36352K)->35630K(36352K) NonClass: 26419K(26944K)->26419K(26944K) Class: 9211K(9408K)->9211K(9408K)
[716.630s][info][gc             ] GC(1999) Pause Young (Allocation Failure) 592M->350M(629M) 45.242ms
[716.630s][info][gc,cpu         ] GC(1999) User=0.07s Sys=0.02s Real=0.04s
[716.870s][info][gc,start       ] GC(2000) Pause Young (Allocation Failure)
[716.872s][info][gc,heap        ] GC(2000) PSYoungGen: 304640K(304640K)->64K(309248K) Eden: 284672K(284672K)->0K(284672K) From: 19968K(19968K)->64K(24576K)
[716.872s][info][gc,heap        ] GC(2000) ParOldGen: 339403K(339456K)->339435K(339456K)
[716.872s][info][gc,metaspace   ] GC(2000) Metaspace: 35630K(36352K)->35630K(36352K) NonClass: 26419K(26944K)->26419K(26944K) Class: 9211K(9408K)->9211K(9408K)
[716.872s][info][gc             ] GC(2000) Pause Young (Allocation Failure) 628M->331M(633M) 1.582ms
[716.872s][info][gc,cpu         ] GC(2000) User=0.00s Sys=0.00s Real=0.01s
[717.511s][info][gc,start       ] GC(2001) Pause Young (Allocation Failure)
[717.512s][info][gc,heap        ] GC(2001) PSYoungGen: 284736K(309248K)->64K(306688K) Eden: 284672K(284672K)->0K(285184K) From: 64K(24576K)->64K(21504K)
[717.512s][info][gc,heap        ] GC(2001) ParOldGen: 339435K(339456K)->339443K(339456K)
[717.512s][info][gc,metaspace   ] GC(2001) Metaspace: 35630K(36352K)->35630K(36352K) NonClass: 26419K(26944K)->26419K(26944K) Class: 9211K(9408K)->9211K(9408K)
[717.512s][info][gc             ] GC(2001) Pause Young (Allocation Failure) 609M->331M(631M) 1.362ms
[717.512s][info][gc,cpu         ] GC(2001) User=0.00s Sys=0.00s Real=0.01s
[717.966s][info][gc,start       ] GC(2002) Pause Young (Allocation Failure)
[717.968s][info][gc,heap        ] GC(2002) PSYoungGen: 285248K(306688K)->64K(308224K) Eden: 285184K(285184K)->0K(285184K) From: 64K(21504K)->64K(23040K)
[717.968s][info][gc,heap        ] GC(2002) ParOldGen: 339443K(339456K)->339459K(339968K)
[717.968s][info][gc,metaspace   ] GC(2002) Metaspace: 35630K(36352K)->35630K(36352K) NonClass: 26419K(26944K)->26419K(26944K) Class: 9211K(9408K)->9211K(9408K)
[717.968s][info][gc             ] GC(2002) Pause Young (Allocation Failure) 610M->331M(633M) 1.307ms
[717.968s][info][gc,cpu         ] GC(2002) User=0.00s Sys=0.00s Real=0.00s
[718.171s][info][gc,start       ] GC(2003) Pause Young (Allocation Failure)
[718.172s][info][gc,heap        ] GC(2003) PSYoungGen: 285248K(308224K)->64K(308224K) Eden: 285184K(285184K)->0K(288768K) From: 64K(23040K)->64K(19456K)
[718.172s][info][gc,heap        ] GC(2003) ParOldGen: 339459K(339968K)->339475K(339968K)
[718.172s][info][gc,metaspace   ] GC(2003) Metaspace: 35630K(36352K)->35630K(36352K) NonClass: 26419K(26944K)->26419K(26944K) Class: 9211K(9408K)->9211K(9408K)
[718.172s][info][gc             ] GC(2003) Pause Young (Allocation Failure) 610M->331M(633M) 1.303ms
[718.172s][info][gc,cpu         ] GC(2003) User=0.00s Sys=0.01s Real=0.01s
[718.380s][info][gc,start       ] GC(2004) Pause Young (Allocation Failure)
[718.382s][info][gc,heap        ] GC(2004) PSYoungGen: 288832K(308224K)->64K(309760K) Eden: 288768K(288768K)->0K(288768K) From: 64K(19456K)->64K(20992K)
[718.382s][info][gc,heap        ] GC(2004) ParOldGen: 339475K(339968K)->339475K(339968K)
[718.382s][info][gc,metaspace   ] GC(2004) Metaspace: 35630K(36352K)->35630K(36352K) NonClass: 26419K(26944K)->26419K(26944K) Class: 9211K(9408K)->9211K(9408K)
[718.382s][info][gc             ] GC(2004) Pause Young (Allocation Failure) 613M->331M(634M) 1.258ms
[718.382s][info][gc,cpu         ] GC(2004) User=0.00s Sys=0.00s Real=0.00s
[718.704s][info][gc,start       ] GC(2005) Pause Young (Allocation Failure)
[718.705s][info][gc,heap        ] GC(2005) PSYoungGen: 288832K(309760K)->64K(310272K) Eden: 288768K(288768K)->0K(292864K) From: 64K(20992K)->64K(17408K)
[718.706s][info][gc,heap        ] GC(2005) ParOldGen: 339475K(339968K)->339475K(339968K)
[718.706s][info][gc,metaspace   ] GC(2005) Metaspace: 35630K(36352K)->35630K(36352K) NonClass: 26419K(26944K)->26419K(26944K) Class: 9211K(9408K)->9211K(9408K)
[718.706s][info][gc             ] GC(2005) Pause Young (Allocation Failure) 613M->331M(635M) 1.133ms
[718.706s][info][gc,cpu         ] GC(2005) User=0.01s Sys=0.00s Real=0.00s
[718.759s][info][gc,start       ] GC(2006) Pause Young (Allocation Failure)
[718.760s][info][gc,heap        ] GC(2006) PSYoungGen: 292928K(310272K)->64K(311808K) Eden: 292864K(292864K)->0K(292864K) From: 64K(17408K)->64K(18944K)
[718.760s][info][gc,heap        ] GC(2006) ParOldGen: 339475K(339968K)->339491K(339968K)
[718.760s][info][gc,metaspace   ] GC(2006) Metaspace: 35630K(36352K)->35630K(36352K) NonClass: 26419K(26944K)->26419K(26944K) Class: 9211K(9408K)->9211K(9408K)
[718.760s][info][gc             ] GC(2006) Pause Young (Allocation Failure) 617M->331M(636M) 1.254ms
[718.760s][info][gc,cpu         ] GC(2006) User=0.00s Sys=0.00s Real=0.00s
[718.810s][info][gc,start       ] GC(2007) Pause Young (Allocation Failure)
[718.812s][info][gc,heap        ] GC(2007) PSYoungGen: 292928K(311808K)->64K(313344K) Eden: 292864K(292864K)->0K(296960K) From: 64K(18944K)->64K(16384K)
[718.812s][info][gc,heap        ] GC(2007) ParOldGen: 339491K(339968K)->339491K(339968K)
[718.812s][info][gc,metaspace   ] GC(2007) Metaspace: 35630K(36352K)->35630K(36352K) NonClass: 26419K(26944K)->26419K(26944K) Class: 9211K(9408K)->9211K(9408K)
[718.812s][info][gc             ] GC(2007) Pause Young (Allocation Failure) 617M->331M(638M) 1.112ms
[718.812s][info][gc,cpu         ] GC(2007) User=0.00s Sys=0.00s Real=0.00s
[719.028s][info][gc,start       ] GC(2008) Pause Young (Allocation Failure)
[719.030s][info][gc,heap        ] GC(2008) PSYoungGen: 297024K(313344K)->64K(314368K) Eden: 296960K(296960K)->0K(296960K) From: 64K(16384K)->64K(17408K)
[719.030s][info][gc,heap        ] GC(2008) ParOldGen: 339491K(339968K)->339491K(339968K)
[719.030s][info][gc,metaspace   ] GC(2008) Metaspace: 35630K(36352K)->35630K(36352K) NonClass: 26419K(26944K)->26419K(26944K) Class: 9211K(9408K)->9211K(9408K)
[719.030s][info][gc             ] GC(2008) Pause Young (Allocation Failure) 621M->331M(639M) 1.301ms
[719.030s][info][gc,cpu         ] GC(2008) User=0.00s Sys=0.00s Real=0.00s
[719.238s][info][gc,start       ] GC(2009) Pause Young (Allocation Failure)
[719.240s][info][gc,heap        ] GC(2009) PSYoungGen: 297024K(314368K)->64K(314368K) Eden: 296960K(296960K)->0K(300032K) From: 64K(17408K)->64K(14336K)
[719.240s][info][gc,heap        ] GC(2009) ParOldGen: 339491K(339968K)->339499K(339968K)
[719.240s][info][gc,metaspace   ] GC(2009) Metaspace: 35630K(36352K)->35630K(36352K) NonClass: 26419K(26944K)->26419K(26944K) Class: 9211K(9408K)->9211K(9408K)
[719.240s][info][gc             ] GC(2009) Pause Young (Allocation Failure) 621M->331M(639M) 1.167ms
[719.240s][info][gc,cpu         ] GC(2009) User=0.00s Sys=0.00s Real=0.00s
[719.328s][info][gc,start       ] GC(2010) Pause Young (Allocation Failure)
[719.329s][info][gc,heap        ] GC(2010) PSYoungGen: 300096K(314368K)->64K(315392K) Eden: 300032K(300032K)->0K(300032K) From: 64K(14336K)->64K(15360K)
[719.329s][info][gc,heap        ] GC(2010) ParOldGen: 339499K(339968K)->339507K(339968K)
[719.329s][info][gc,metaspace   ] GC(2010) Metaspace: 35630K(36352K)->35630K(36352K) NonClass: 26419K(26944K)->26419K(26944K) Class: 9211K(9408K)->9211K(9408K)
[719.330s][info][gc             ] GC(2010) Pause Young (Allocation Failure) 624M->331M(640M) 1.244ms
[719.330s][info][gc,cpu         ] GC(2010) User=0.01s Sys=0.00s Real=0.00s
[719.469s][info][gc,start       ] GC(2011) Pause Young (Allocation Failure)
[719.470s][info][gc,heap        ] GC(2011) PSYoungGen: 300096K(315392K)->64K(316416K) Eden: 300032K(300032K)->0K(304128K) From: 64K(15360K)->64K(12288K)
[719.470s][info][gc,heap        ] GC(2011) ParOldGen: 339507K(339968K)->339515K(339968K)
[719.470s][info][gc,metaspace   ] GC(2011) Metaspace: 35630K(36352K)->35630K(36352K) NonClass: 26419K(26944K)->26419K(26944K) Class: 9211K(9408K)->9211K(9408K)
[719.470s][info][gc             ] GC(2011) Pause Young (Allocation Failure) 624M->331M(641M) 1.381ms
[719.470s][info][gc,cpu         ] GC(2011) User=0.01s Sys=0.00s Real=0.00s
[719.889s][info][gc,start       ] GC(2012) Pause Young (Allocation Failure)
[719.890s][info][gc,heap        ] GC(2012) PSYoungGen: 304192K(316416K)->64K(317440K) Eden: 304128K(304128K)->0K(304128K) From: 64K(12288K)->64K(13312K)
[719.890s][info][gc,heap        ] GC(2012) ParOldGen: 339515K(339968K)->339523K(339968K)
[719.890s][info][gc,metaspace   ] GC(2012) Metaspace: 35630K(36352K)->35630K(36352K) NonClass: 26419K(26944K)->26419K(26944K) Class: 9211K(9408K)->9211K(9408K)
[719.890s][info][gc             ] GC(2012) Pause Young (Allocation Failure) 628M->331M(642M) 1.274ms
[719.890s][info][gc,cpu         ] GC(2012) User=0.00s Sys=0.00s Real=0.00s
[721.054s][info][gc,start       ] GC(2013) Pause Young (Allocation Failure)
[721.056s][info][gc,heap        ] GC(2013) PSYoungGen: 304192K(317440K)->64K(292352K) Eden: 304128K(304128K)->0K(291840K) From: 64K(13312K)->64K(512K)
[721.056s][info][gc,heap        ] GC(2013) ParOldGen: 339523K(339968K)->339531K(339968K)
[721.056s][info][gc,metaspace   ] GC(2013) Metaspace: 35630K(36352K)->35630K(36352K) NonClass: 26419K(26944K)->26419K(26944K) Class: 9211K(9408K)->9211K(9408K)
[721.056s][info][gc             ] GC(2013) Pause Young (Allocation Failure) 628M->331M(617M) 1.809ms
[721.056s][info][gc,cpu         ] GC(2013) User=0.01s Sys=0.00s Real=0.00s
[721.490s][info][gc,start       ] GC(2014) Pause Young (Allocation Failure)
[721.491s][info][gc,heap        ] GC(2014) PSYoungGen: 291904K(292352K)->64K(291840K) Eden: 291840K(291840K)->0K(280064K) From: 64K(512K)->64K(11776K)
[721.491s][info][gc,heap        ] GC(2014) ParOldGen: 339531K(339968K)->339539K(339968K)
[721.491s][info][gc,metaspace   ] GC(2014) Metaspace: 35630K(36352K)->35630K(36352K) NonClass: 26419K(26944K)->26419K(26944K) Class: 9211K(9408K)->9211K(9408K)
[721.491s][info][gc             ] GC(2014) Pause Young (Allocation Failure) 616M->331M(617M) 1.116ms
[721.491s][info][gc,cpu         ] GC(2014) User=0.00s Sys=0.00s Real=0.00s
[721.969s][info][gc,start       ] GC(2015) Pause Young (Allocation Failure)
[721.970s][info][gc,heap        ] GC(2015) PSYoungGen: 280128K(291840K)->64K(269824K) Eden: 280064K(280064K)->0K(269312K) From: 64K(11776K)->64K(512K)
[721.970s][info][gc,heap        ] GC(2015) ParOldGen: 339539K(339968K)->339547K(339968K)
[721.970s][info][gc,metaspace   ] GC(2015) Metaspace: 35630K(36352K)->35630K(36352K) NonClass: 26419K(26944K)->26419K(26944K) Class: 9211K(9408K)->9211K(9408K)
[721.970s][info][gc             ] GC(2015) Pause Young (Allocation Failure) 605M->331M(595M) 1.852ms
[721.970s][info][gc,cpu         ] GC(2015) User=0.00s Sys=0.00s Real=0.00s
[722.908s][info][gc,start       ] GC(2016) Pause Young (Allocation Failure)
[722.910s][info][gc,heap        ] GC(2016) PSYoungGen: 269376K(269824K)->64K(269312K) Eden: 269312K(269312K)->0K(259072K) From: 64K(512K)->64K(10240K)
[722.910s][info][gc,heap        ] GC(2016) ParOldGen: 339547K(339968K)->339555K(339968K)
[722.910s][info][gc,metaspace   ] GC(2016) Metaspace: 35630K(36352K)->35630K(36352K) NonClass: 26419K(26944K)->26419K(26944K) Class: 9211K(9408K)->9211K(9408K)
[722.910s][info][gc             ] GC(2016) Pause Young (Allocation Failure) 594M->331M(595M) 1.242ms
[722.910s][info][gc,cpu         ] GC(2016) User=0.00s Sys=0.00s Real=0.00s
[723.296s][info][gc,start       ] GC(2017) Pause Young (Allocation Failure)
[723.298s][info][gc,heap        ] GC(2017) PSYoungGen: 259136K(269312K)->64K(249344K) Eden: 259072K(259072K)->0K(248832K) From: 64K(10240K)->64K(512K)
[723.298s][info][gc,heap        ] GC(2017) ParOldGen: 339555K(339968K)->339563K(339968K)
[723.298s][info][gc,metaspace   ] GC(2017) Metaspace: 35630K(36352K)->35630K(36352K) NonClass: 26419K(26944K)->26419K(26944K) Class: 9211K(9408K)->9211K(9408K)
[723.298s][info][gc             ] GC(2017) Pause Young (Allocation Failure) 584M->331M(575M) 2.334ms
[723.298s][info][gc,cpu         ] GC(2017) User=0.00s Sys=0.00s Real=0.00s
[723.379s][info][gc,start       ] GC(2018) Pause Young (Allocation Failure)
[723.381s][info][gc,heap        ] GC(2018) PSYoungGen: 248896K(249344K)->32K(248320K) Eden: 248832K(248832K)->0K(239104K) From: 64K(512K)->32K(9216K)
[723.381s][info][gc,heap        ] GC(2018) ParOldGen: 339563K(339968K)->339571K(339968K)
[723.381s][info][gc,metaspace   ] GC(2018) Metaspace: 35630K(36352K)->35630K(36352K) NonClass: 26419K(26944K)->26419K(26944K) Class: 9211K(9408K)->9211K(9408K)
[723.381s][info][gc             ] GC(2018) Pause Young (Allocation Failure) 574M->331M(574M) 1.647ms
[723.381s][info][gc,cpu         ] GC(2018) User=0.00s Sys=0.00s Real=0.00s
[723.911s][info][gc,start       ] GC(2019) Pause Young (Allocation Failure)
[723.913s][info][gc,heap        ] GC(2019) PSYoungGen: 239136K(248320K)->64K(230400K) Eden: 239104K(239104K)->0K(229888K) From: 32K(9216K)->64K(512K)
[723.913s][info][gc,heap        ] GC(2019) ParOldGen: 339571K(339968K)->339587K(339968K)
[723.913s][info][gc,metaspace   ] GC(2019) Metaspace: 35630K(36352K)->35630K(36352K) NonClass: 26419K(26944K)->26419K(26944K) Class: 9211K(9408K)->9211K(9408K)
[723.913s][info][gc             ] GC(2019) Pause Young (Allocation Failure) 565M->331M(557M) 2.721ms
[723.913s][info][gc,cpu         ] GC(2019) User=0.00s Sys=0.00s Real=0.01s
[724.136s][info][gc,start       ] GC(2020) Pause Young (Allocation Failure)
[724.138s][info][gc,heap        ] GC(2020) PSYoungGen: 229952K(230400K)->32K(228864K) Eden: 229888K(229888K)->0K(221184K) From: 64K(512K)->32K(7680K)
[724.138s][info][gc,heap        ] GC(2020) ParOldGen: 339587K(339968K)->339595K(339968K)
[724.138s][info][gc,metaspace   ] GC(2020) Metaspace: 35630K(36352K)->35630K(36352K) NonClass: 26419K(26944K)->26419K(26944K) Class: 9211K(9408K)->9211K(9408K)
[724.138s][info][gc             ] GC(2020) Pause Young (Allocation Failure) 556M->331M(555M) 1.746ms
[724.138s][info][gc,cpu         ] GC(2020) User=0.01s Sys=0.00s Real=0.00s
[724.434s][info][gc,start       ] GC(2021) Pause Young (Allocation Failure)
[724.464s][info][gc,heap        ] GC(2021) PSYoungGen: 221216K(228864K)->7168K(271872K) Eden: 221184K(221184K)->0K(264704K) From: 32K(7680K)->7168K(7168K)
[724.464s][info][gc,heap        ] GC(2021) ParOldGen: 339595K(339968K)->346763K(347136K)
[724.464s][info][gc,metaspace   ] GC(2021) Metaspace: 35630K(36352K)->35630K(36352K) NonClass: 26419K(26944K)->26419K(26944K) Class: 9211K(9408K)->9211K(9408K)
[724.464s][info][gc             ] GC(2021) Pause Young (Allocation Failure) 547M->345M(604M) 29.640ms
[724.464s][info][gc,cpu         ] GC(2021) User=0.04s Sys=0.01s Real=0.03s
[724.767s][info][gc,start       ] GC(2022) Pause Young (Allocation Failure)
[724.825s][info][gc,heap        ] GC(2022) PSYoungGen: 271872K(271872K)->11776K(282112K) Eden: 264704K(264704K)->0K(270336K) From: 7168K(7168K)->11776K(11776K)
[724.825s][info][gc,heap        ] GC(2022) ParOldGen: 346763K(347136K)->365051K(365056K)
[724.825s][info][gc,metaspace   ] GC(2022) Metaspace: 35630K(36352K)->35630K(36352K) NonClass: 26419K(26944K)->26419K(26944K) Class: 9211K(9408K)->9211K(9408K)
[724.825s][info][gc             ] GC(2022) Pause Young (Allocation Failure) 604M->367M(632M) 57.439ms
[724.825s][info][gc,cpu         ] GC(2022) User=0.10s Sys=0.02s Real=0.06s
[725.042s][info][gc,start       ] GC(2023) Pause Young (Allocation Failure)
[725.083s][info][gc,heap        ] GC(2023) PSYoungGen: 282112K(282112K)->18432K(305664K) Eden: 270336K(270336K)->0K(284672K) From: 11776K(11776K)->18432K(20992K)
[725.083s][info][gc,heap        ] GC(2023) ParOldGen: 365051K(365056K)->365547K(365568K)
[725.083s][info][gc,metaspace   ] GC(2023) Metaspace: 35630K(36352K)->35630K(36352K) NonClass: 26419K(26944K)->26419K(26944K) Class: 9211K(9408K)->9211K(9408K)
[725.084s][info][gc             ] GC(2023) Pause Young (Allocation Failure) 631M->374M(655M) 41.598ms
[725.084s][info][gc,cpu         ] GC(2023) User=0.07s Sys=0.01s Real=0.05s
[725.392s][info][gc,start       ] GC(2024) Pause Young (Allocation Failure)
[725.393s][info][gc,heap        ] GC(2024) PSYoungGen: 303104K(305664K)->64K(309248K) Eden: 284672K(284672K)->0K(284672K) From: 18432K(20992K)->64K(24576K)
[725.393s][info][gc,heap        ] GC(2024) ParOldGen: 365547K(365568K)->365555K(365568K)
[725.393s][info][gc,metaspace   ] GC(2024) Metaspace: 35630K(36352K)->35630K(36352K) NonClass: 26419K(26944K)->26419K(26944K) Class: 9211K(9408K)->9211K(9408K)
[725.393s][info][gc             ] GC(2024) Pause Young (Allocation Failure) 652M->357M(659M) 1.306ms
[725.393s][info][gc,cpu         ] GC(2024) User=0.00s Sys=0.00s Real=0.01s
[725.990s][info][gc,start       ] GC(2025) Pause Young (Allocation Failure)
[725.992s][info][gc,heap        ] GC(2025) PSYoungGen: 284736K(309248K)->64K(307200K) Eden: 284672K(284672K)->0K(285696K) From: 64K(24576K)->64K(21504K)
[725.992s][info][gc,heap        ] GC(2025) ParOldGen: 365555K(365568K)->365563K(365568K)
[725.992s][info][gc,metaspace   ] GC(2025) Metaspace: 35630K(36352K)->35630K(36352K) NonClass: 26419K(26944K)->26419K(26944K) Class: 9211K(9408K)->9211K(9408K)
[725.992s][info][gc             ] GC(2025) Pause Young (Allocation Failure) 635M->357M(657M) 1.320ms
[725.992s][info][gc,cpu         ] GC(2025) User=0.01s Sys=0.00s Real=0.00s
[726.430s][info][gc,start       ] GC(2026) Pause Young (Allocation Failure)
[726.432s][info][gc,heap        ] GC(2026) PSYoungGen: 285760K(307200K)->64K(308736K) Eden: 285696K(285696K)->0K(285696K) From: 64K(21504K)->64K(23040K)
[726.432s][info][gc,heap        ] GC(2026) ParOldGen: 365563K(365568K)->365579K(366080K)
[726.432s][info][gc,metaspace   ] GC(2026) Metaspace: 35630K(36352K)->35630K(36352K) NonClass: 26419K(26944K)->26419K(26944K) Class: 9211K(9408K)->9211K(9408K)
[726.432s][info][gc             ] GC(2026) Pause Young (Allocation Failure) 636M->357M(659M) 1.378ms
[726.432s][info][gc,cpu         ] GC(2026) User=0.01s Sys=0.00s Real=0.00s
[726.638s][info][gc,start       ] GC(2027) Pause Young (Allocation Failure)
[726.639s][info][gc,heap        ] GC(2027) PSYoungGen: 285760K(308736K)->64K(308224K) Eden: 285696K(285696K)->0K(288768K) From: 64K(23040K)->64K(19456K)
[726.639s][info][gc,heap        ] GC(2027) ParOldGen: 365579K(366080K)->365595K(366080K)
[726.639s][info][gc,metaspace   ] GC(2027) Metaspace: 35630K(36352K)->35630K(36352K) NonClass: 26419K(26944K)->26419K(26944K) Class: 9211K(9408K)->9211K(9408K)
[726.639s][info][gc             ] GC(2027) Pause Young (Allocation Failure) 636M->357M(658M) 1.295ms
[726.639s][info][gc,cpu         ] GC(2027) User=0.00s Sys=0.00s Real=0.00s
[726.846s][info][gc,start       ] GC(2028) Pause Young (Allocation Failure)
[726.847s][info][gc,heap        ] GC(2028) PSYoungGen: 288832K(308224K)->64K(309760K) Eden: 288768K(288768K)->0K(288768K) From: 64K(19456K)->64K(20992K)
[726.847s][info][gc,heap        ] GC(2028) ParOldGen: 365595K(366080K)->365595K(366080K)
[726.847s][info][gc,metaspace   ] GC(2028) Metaspace: 35630K(36352K)->35630K(36352K) NonClass: 26419K(26944K)->26419K(26944K) Class: 9211K(9408K)->9211K(9408K)
[726.847s][info][gc             ] GC(2028) Pause Young (Allocation Failure) 639M->357M(660M) 1.271ms
[726.847s][info][gc,cpu         ] GC(2028) User=0.00s Sys=0.00s Real=0.00s
[727.151s][info][gc,start       ] GC(2029) Pause Young (Allocation Failure)
[727.152s][info][gc,heap        ] GC(2029) PSYoungGen: 288832K(309760K)->64K(310272K) Eden: 288768K(288768K)->0K(292864K) From: 64K(20992K)->64K(17408K)
[727.152s][info][gc,heap        ] GC(2029) ParOldGen: 365595K(366080K)->365595K(366080K)
[727.152s][info][gc,metaspace   ] GC(2029) Metaspace: 35630K(36352K)->35630K(36352K) NonClass: 26419K(26944K)->26419K(26944K) Class: 9211K(9408K)->9211K(9408K)
[727.152s][info][gc             ] GC(2029) Pause Young (Allocation Failure) 639M->357M(660M) 1.212ms
[727.152s][info][gc,cpu         ] GC(2029) User=0.00s Sys=0.00s Real=0.01s
[727.202s][info][gc,start       ] GC(2030) Pause Young (Allocation Failure)
[727.203s][info][gc,heap        ] GC(2030) PSYoungGen: 292928K(310272K)->64K(311808K) Eden: 292864K(292864K)->0K(292864K) From: 64K(17408K)->64K(18944K)
[727.203s][info][gc,heap        ] GC(2030) ParOldGen: 365595K(366080K)->365611K(366080K)
[727.203s][info][gc,metaspace   ] GC(2030) Metaspace: 35630K(36352K)->35630K(36352K) NonClass: 26419K(26944K)->26419K(26944K) Class: 9211K(9408K)->9211K(9408K)
[727.203s][info][gc             ] GC(2030) Pause Young (Allocation Failure) 643M->357M(662M) 1.128ms
[727.203s][info][gc,cpu         ] GC(2030) User=0.01s Sys=0.00s Real=0.00s
[727.267s][info][gc,start       ] GC(2031) Pause Young (Allocation Failure)
[727.268s][info][gc,heap        ] GC(2031) PSYoungGen: 292928K(311808K)->64K(312320K) Eden: 292864K(292864K)->0K(296960K) From: 64K(18944K)->64K(15360K)
[727.268s][info][gc,heap        ] GC(2031) ParOldGen: 365611K(366080K)->365611K(366080K)
[727.268s][info][gc,metaspace   ] GC(2031) Metaspace: 35630K(36352K)->35630K(36352K) NonClass: 26419K(26944K)->26419K(26944K) Class: 9211K(9408K)->9211K(9408K)
[727.268s][info][gc             ] GC(2031) Pause Young (Allocation Failure) 643M->357M(662M) 1.131ms
[727.268s][info][gc,cpu         ] GC(2031) User=0.00s Sys=0.00s Real=0.00s
[727.489s][info][gc,start       ] GC(2032) Pause Young (Allocation Failure)
[727.490s][info][gc,heap        ] GC(2032) PSYoungGen: 297024K(312320K)->64K(313856K) Eden: 296960K(296960K)->0K(296960K) From: 64K(15360K)->64K(16896K)
[727.490s][info][gc,heap        ] GC(2032) ParOldGen: 365611K(366080K)->365627K(366080K)
[727.490s][info][gc,metaspace   ] GC(2032) Metaspace: 35630K(36352K)->35630K(36352K) NonClass: 26419K(26944K)->26419K(26944K) Class: 9211K(9408K)->9211K(9408K)
[727.490s][info][gc             ] GC(2032) Pause Young (Allocation Failure) 647M->357M(664M) 1.180ms
[727.490s][info][gc,cpu         ] GC(2032) User=0.00s Sys=0.00s Real=0.00s
[727.689s][info][gc,start       ] GC(2033) Pause Young (Allocation Failure)
[727.690s][info][gc,heap        ] GC(2033) PSYoungGen: 297024K(313856K)->64K(314368K) Eden: 296960K(296960K)->0K(300544K) From: 64K(16896K)->64K(13824K)
[727.690s][info][gc,heap        ] GC(2033) ParOldGen: 365627K(366080K)->365627K(366080K)
[727.690s][info][gc,metaspace   ] GC(2033) Metaspace: 35630K(36352K)->35630K(36352K) NonClass: 26419K(26944K)->26419K(26944K) Class: 9211K(9408K)->9211K(9408K)
[727.690s][info][gc             ] GC(2033) Pause Young (Allocation Failure) 647M->357M(664M) 1.296ms
[727.690s][info][gc,cpu         ] GC(2033) User=0.00s Sys=0.00s Real=0.00s
[727.774s][info][gc,start       ] GC(2034) Pause Young (Allocation Failure)
[727.776s][info][gc,heap        ] GC(2034) PSYoungGen: 300608K(314368K)->64K(315904K) Eden: 300544K(300544K)->0K(300544K) From: 64K(13824K)->64K(15360K)
[727.776s][info][gc,heap        ] GC(2034) ParOldGen: 365627K(366080K)->365643K(366080K)
[727.776s][info][gc,metaspace   ] GC(2034) Metaspace: 35630K(36352K)->35630K(36352K) NonClass: 26419K(26944K)->26419K(26944K) Class: 9211K(9408K)->9211K(9408K)
[727.776s][info][gc             ] GC(2034) Pause Young (Allocation Failure) 650M->357M(666M) 1.232ms
[727.776s][info][gc,cpu         ] GC(2034) User=0.00s Sys=0.00s Real=0.00s
[727.917s][info][gc,start       ] GC(2035) Pause Young (Allocation Failure)
[727.918s][info][gc,heap        ] GC(2035) PSYoungGen: 300608K(315904K)->64K(315904K) Eden: 300544K(300544K)->0K(304128K) From: 64K(15360K)->64K(11776K)
[727.918s][info][gc,heap        ] GC(2035) ParOldGen: 365643K(366080K)->365643K(366080K)
[727.918s][info][gc,metaspace   ] GC(2035) Metaspace: 35630K(36352K)->35630K(36352K) NonClass: 26419K(26944K)->26419K(26944K) Class: 9211K(9408K)->9211K(9408K)
[727.918s][info][gc             ] GC(2035) Pause Young (Allocation Failure) 650M->357M(666M) 1.243ms
[727.918s][info][gc,cpu         ] GC(2035) User=0.01s Sys=0.00s Real=0.00s
[728.871s][info][gc,start       ] GC(2036) Pause Young (Allocation Failure)
[728.873s][info][gc,heap        ] GC(2036) PSYoungGen: 304191K(315904K)->64K(292352K) Eden: 304127K(304128K)->0K(291840K) From: 64K(11776K)->64K(512K)
[728.873s][info][gc,heap        ] GC(2036) ParOldGen: 365643K(366080K)->365651K(366080K)
[728.873s][info][gc,metaspace   ] GC(2036) Metaspace: 35630K(36352K)->35630K(36352K) NonClass: 26419K(26944K)->26419K(26944K) Class: 9211K(9408K)->9211K(9408K)
[728.873s][info][gc             ] GC(2036) Pause Young (Allocation Failure) 654M->357M(643M) 2.083ms
[728.873s][info][gc,cpu         ] GC(2036) User=0.01s Sys=0.00s Real=0.01s
[729.681s][info][gc,start       ] GC(2037) Pause Young (Allocation Failure)
[729.683s][info][gc,heap        ] GC(2037) PSYoungGen: 291904K(292352K)->64K(280576K) Eden: 291840K(291840K)->0K(280064K) From: 64K(512K)->64K(512K)
[729.683s][info][gc,heap        ] GC(2037) ParOldGen: 365651K(366080K)->365659K(366080K)
[729.683s][info][gc,metaspace   ] GC(2037) Metaspace: 35630K(36352K)->35630K(36352K) NonClass: 26419K(26944K)->26419K(26944K) Class: 9211K(9408K)->9211K(9408K)
[729.683s][info][gc             ] GC(2037) Pause Young (Allocation Failure) 642M->357M(631M) 1.926ms
[729.683s][info][gc,cpu         ] GC(2037) User=0.00s Sys=0.00s Real=0.01s
[729.940s][info][gc,start       ] GC(2038) Pause Young (Allocation Failure)
[729.941s][info][gc,heap        ] GC(2038) PSYoungGen: 280128K(280576K)->64K(281088K) Eden: 280064K(280064K)->0K(269312K) From: 64K(512K)->64K(11776K)
[729.941s][info][gc,heap        ] GC(2038) ParOldGen: 365659K(366080K)->365667K(366080K)
[729.941s][info][gc,metaspace   ] GC(2038) Metaspace: 35630K(36352K)->35630K(36352K) NonClass: 26419K(26944K)->26419K(26944K) Class: 9211K(9408K)->9211K(9408K)
[729.941s][info][gc             ] GC(2038) Pause Young (Allocation Failure) 630M->357M(632M) 1.733ms
[729.941s][info][gc,cpu         ] GC(2038) User=0.00s Sys=0.00s Real=0.00s
[730.392s][info][gc,start       ] GC(2039) Pause Young (Allocation Failure)
[730.394s][info][gc,heap        ] GC(2039) PSYoungGen: 269376K(281088K)->64K(259584K) Eden: 269312K(269312K)->0K(259072K) From: 64K(11776K)->64K(512K)
[730.394s][info][gc,heap        ] GC(2039) ParOldGen: 365667K(366080K)->365675K(366080K)
[730.394s][info][gc,metaspace   ] GC(2039) Metaspace: 35630K(36352K)->35630K(36352K) NonClass: 26419K(26944K)->26419K(26944K) Class: 9211K(9408K)->9211K(9408K)
[730.394s][info][gc             ] GC(2039) Pause Young (Allocation Failure) 620M->357M(611M) 1.826ms
[730.394s][info][gc,cpu         ] GC(2039) User=0.00s Sys=0.00s Real=0.01s
[731.328s][info][gc,start       ] GC(2040) Pause Young (Allocation Failure)
[731.330s][info][gc,heap        ] GC(2040) PSYoungGen: 259136K(259584K)->32K(259072K) Eden: 259072K(259072K)->0K(248832K) From: 64K(512K)->32K(10240K)
[731.331s][info][gc,heap        ] GC(2040) ParOldGen: 365675K(366080K)->365683K(366080K)
[731.331s][info][gc,metaspace   ] GC(2040) Metaspace: 35630K(36352K)->35630K(36352K) NonClass: 26419K(26944K)->26419K(26944K) Class: 9211K(9408K)->9211K(9408K)
[731.331s][info][gc             ] GC(2040) Pause Young (Allocation Failure) 610M->357M(610M) 2.433ms
[731.331s][info][gc,cpu         ] GC(2040) User=0.01s Sys=0.00s Real=0.00s
[731.716s][info][gc,start       ] GC(2041) Pause Young (Allocation Failure)
[731.719s][info][gc,heap        ] GC(2041) PSYoungGen: 248864K(259072K)->32K(239616K) Eden: 248832K(248832K)->0K(239104K) From: 32K(10240K)->32K(512K)
[731.719s][info][gc,heap        ] GC(2041) ParOldGen: 365683K(366080K)->365691K(366080K)
[731.719s][info][gc,metaspace   ] GC(2041) Metaspace: 35630K(36352K)->35630K(36352K) NonClass: 26419K(26944K)->26419K(26944K) Class: 9211K(9408K)->9211K(9408K)
[731.719s][info][gc             ] GC(2041) Pause Young (Allocation Failure) 600M->357M(591M) 3.018ms
[731.719s][info][gc,cpu         ] GC(2041) User=0.00s Sys=0.00s Real=0.00s
[731.798s][info][gc,start       ] GC(2042) Pause Young (Allocation Failure)
[731.800s][info][gc,heap        ] GC(2042) PSYoungGen: 239136K(239616K)->64K(278016K) Eden: 239104K(239104K)->0K(268800K) From: 32K(512K)->64K(9216K)
[731.800s][info][gc,heap        ] GC(2042) ParOldGen: 365691K(366080K)->365699K(366080K)
[731.800s][info][gc,metaspace   ] GC(2042) Metaspace: 35630K(36352K)->35630K(36352K) NonClass: 26419K(26944K)->26419K(26944K) Class: 9211K(9408K)->9211K(9408K)
[731.800s][info][gc             ] GC(2042) Pause Young (Allocation Failure) 590M->357M(629M) 2.261ms
[731.800s][info][gc,cpu         ] GC(2042) User=0.00s Sys=0.00s Real=0.00s
[732.355s][info][gc,start       ] GC(2043) Pause Young (Allocation Failure)
[732.357s][info][gc,heap        ] GC(2043) PSYoungGen: 268864K(278016K)->64K(259072K) Eden: 268800K(268800K)->0K(258560K) From: 64K(9216K)->64K(512K)
[732.357s][info][gc,heap        ] GC(2043) ParOldGen: 365699K(366080K)->365715K(366080K)
[732.357s][info][gc,metaspace   ] GC(2043) Metaspace: 35630K(36352K)->35630K(36352K) NonClass: 26419K(26944K)->26419K(26944K) Class: 9211K(9408K)->9211K(9408K)
[732.357s][info][gc             ] GC(2043) Pause Young (Allocation Failure) 619M->357M(610M) 2.309ms
[732.357s][info][gc,cpu         ] GC(2043) User=0.00s Sys=0.00s Real=0.00s
[732.621s][info][gc,start       ] GC(2044) Pause Young (Allocation Failure)
[732.623s][info][gc,heap        ] GC(2044) PSYoungGen: 258624K(259072K)->64K(256512K) Eden: 258560K(258560K)->0K(248832K) From: 64K(512K)->64K(7680K)
[732.623s][info][gc,heap        ] GC(2044) ParOldGen: 365715K(366080K)->365731K(366080K)
[732.623s][info][gc,metaspace   ] GC(2044) Metaspace: 35630K(36352K)->35630K(36352K) NonClass: 26419K(26944K)->26419K(26944K) Class: 9211K(9408K)->9211K(9408K)
[732.623s][info][gc             ] GC(2044) Pause Young (Allocation Failure) 609M->357M(608M) 2.196ms
[732.623s][info][gc,cpu         ] GC(2044) User=0.00s Sys=0.00s Real=0.01s
[732.945s][info][gc,start       ] GC(2045) Pause Young (Allocation Failure)
[733.007s][info][gc,heap        ] GC(2045) PSYoungGen: 248896K(256512K)->7168K(279040K) Eden: 248832K(248832K)->0K(271872K) From: 64K(7680K)->7168K(7168K)
[733.007s][info][gc,heap        ] GC(2045) ParOldGen: 365731K(366080K)->379379K(379392K)
[733.007s][info][gc,metaspace   ] GC(2045) Metaspace: 35630K(36352K)->35630K(36352K) NonClass: 26419K(26944K)->26419K(26944K) Class: 9211K(9408K)->9211K(9408K)
[733.007s][info][gc             ] GC(2045) Pause Young (Allocation Failure) 600M->377M(643M) 61.631ms
[733.007s][info][gc,cpu         ] GC(2045) User=0.07s Sys=0.01s Real=0.06s
[733.317s][info][gc,start       ] GC(2046) Pause Young (Allocation Failure)
[733.376s][info][gc,heap        ] GC(2046) PSYoungGen: 279040K(279040K)->13824K(285696K) Eden: 271872K(271872K)->0K(271872K) From: 7168K(7168K)->13824K(13824K)
[733.376s][info][gc,heap        ] GC(2046) ParOldGen: 379379K(379392K)->396595K(396800K)
[733.376s][info][gc,metaspace   ] GC(2046) Metaspace: 35630K(36352K)->35630K(36352K) NonClass: 26419K(26944K)->26419K(26944K) Class: 9211K(9408K)->9211K(9408K)
[733.376s][info][gc             ] GC(2046) Pause Young (Allocation Failure) 642M->400M(666M) 58.692ms
[733.376s][info][gc,cpu         ] GC(2046) User=0.11s Sys=0.01s Real=0.06s
[733.539s][info][gc,start       ] GC(2047) Pause Young (Allocation Failure)
[733.565s][info][gc,heap        ] GC(2047) PSYoungGen: 285696K(285696K)->11168K(310272K) Eden: 271872K(271872K)->0K(286720K) From: 13824K(13824K)->11168K(23552K)
[733.565s][info][gc,heap        ] GC(2047) ParOldGen: 396595K(396800K)->397059K(397312K)
[733.565s][info][gc,metaspace   ] GC(2047) Metaspace: 35630K(36352K)->35630K(36352K) NonClass: 26419K(26944K)->26419K(26944K) Class: 9211K(9408K)->9211K(9408K)
[733.565s][info][gc             ] GC(2047) Pause Young (Allocation Failure) 666M->398M(691M) 26.605ms
[733.565s][info][gc,cpu         ] GC(2047) User=0.05s Sys=0.01s Real=0.03s
[734.017s][info][gc,start       ] GC(2048) Pause Young (Allocation Failure)
[734.018s][info][gc,heap        ] GC(2048) PSYoungGen: 297888K(310272K)->64K(287232K) Eden: 286720K(286720K)->0K(286720K) From: 11168K(23552K)->64K(512K)
[734.018s][info][gc,heap        ] GC(2048) ParOldGen: 397059K(397312K)->397067K(397312K)
[734.018s][info][gc,metaspace   ] GC(2048) Metaspace: 35630K(36352K)->35630K(36352K) NonClass: 26419K(26944K)->26419K(26944K) Class: 9211K(9408K)->9211K(9408K)
[734.018s][info][gc             ] GC(2048) Pause Young (Allocation Failure) 678M->387M(668M) 1.394ms
[734.018s][info][gc,cpu         ] GC(2048) User=0.01s Sys=0.00s Real=0.00s
[734.534s][info][gc,start       ] GC(2049) Pause Young (Allocation Failure)
[734.535s][info][gc,heap        ] GC(2049) PSYoungGen: 286784K(287232K)->64K(310784K) Eden: 286720K(286720K)->0K(287744K) From: 64K(512K)->64K(23040K)
[734.535s][info][gc,heap        ] GC(2049) ParOldGen: 397067K(397312K)->397075K(397312K)
[734.535s][info][gc,metaspace   ] GC(2049) Metaspace: 35630K(36352K)->35630K(36352K) NonClass: 26419K(26944K)->26419K(26944K) Class: 9211K(9408K)->9211K(9408K)
[734.535s][info][gc             ] GC(2049) Pause Young (Allocation Failure) 667M->387M(691M) 1.519ms
[734.535s][info][gc,cpu         ] GC(2049) User=0.00s Sys=0.00s Real=0.00s
[734.950s][info][gc,start       ] GC(2050) Pause Young (Allocation Failure)
[734.952s][info][gc,heap        ] GC(2050) PSYoungGen: 287808K(310784K)->64K(309760K) Eden: 287744K(287744K)->0K(287744K) From: 64K(23040K)->64K(22016K)
[734.952s][info][gc,heap        ] GC(2050) ParOldGen: 397075K(397312K)->397091K(397312K)
[734.952s][info][gc,metaspace   ] GC(2050) Metaspace: 35630K(36352K)->35630K(36352K) NonClass: 26419K(26944K)->26419K(26944K) Class: 9211K(9408K)->9211K(9408K)
[734.952s][info][gc             ] GC(2050) Pause Young (Allocation Failure) 668M->387M(690M) 1.316ms
[734.952s][info][gc,cpu         ] GC(2050) User=0.00s Sys=0.00s Real=0.00s
[735.159s][info][gc,start       ] GC(2051) Pause Young (Allocation Failure)
[735.160s][info][gc,heap        ] GC(2051) PSYoungGen: 287808K(309760K)->64K(310784K) Eden: 287744K(287744K)->0K(289792K) From: 64K(22016K)->64K(20992K)
[735.160s][info][gc,heap        ] GC(2051) ParOldGen: 397091K(397312K)->397107K(397312K)
[735.160s][info][gc,metaspace   ] GC(2051) Metaspace: 35630K(36352K)->35630K(36352K) NonClass: 26419K(26944K)->26419K(26944K) Class: 9211K(9408K)->9211K(9408K)
[735.160s][info][gc             ] GC(2051) Pause Young (Allocation Failure) 668M->387M(691M) 1.328ms
[735.160s][info][gc,cpu         ] GC(2051) User=0.01s Sys=0.00s Real=0.00s
[735.467s][info][gc,start       ] GC(2052) Pause Young (Allocation Failure)
[735.468s][info][gc,heap        ] GC(2052) PSYoungGen: 289856K(310784K)->64K(310272K) Eden: 289792K(289792K)->0K(289792K) From: 64K(20992K)->64K(20480K)
[735.468s][info][gc,heap        ] GC(2052) ParOldGen: 397107K(397312K)->397107K(397312K)
[735.468s][info][gc,metaspace   ] GC(2052) Metaspace: 35630K(36352K)->35630K(36352K) NonClass: 26419K(26944K)->26419K(26944K) Class: 9211K(9408K)->9211K(9408K)
[735.468s][info][gc             ] GC(2052) Pause Young (Allocation Failure) 670M->387M(691M) 1.310ms
[735.468s][info][gc,cpu         ] GC(2052) User=0.01s Sys=0.00s Real=0.00s
[735.629s][info][gc,start       ] GC(2053) Pause Young (Allocation Failure)
[735.630s][info][gc,heap        ] GC(2053) PSYoungGen: 289856K(310272K)->64K(312320K) Eden: 289792K(289792K)->0K(293376K) From: 64K(20480K)->64K(18944K)
[735.630s][info][gc,heap        ] GC(2053) ParOldGen: 397107K(397312K)->397115K(397312K)
[735.630s][info][gc,metaspace   ] GC(2053) Metaspace: 35630K(36352K)->35630K(36352K) NonClass: 26419K(26944K)->26419K(26944K) Class: 9211K(9408K)->9211K(9408K)
[735.630s][info][gc             ] GC(2053) Pause Young (Allocation Failure) 670M->387M(693M) 1.231ms
[735.630s][info][gc,cpu         ] GC(2053) User=0.01s Sys=0.00s Real=0.00s
[735.681s][info][gc,start       ] GC(2054) Pause Young (Allocation Failure)
[735.682s][info][gc,heap        ] GC(2054) PSYoungGen: 293440K(312320K)->64K(311808K) Eden: 293376K(293376K)->0K(293376K) From: 64K(18944K)->64K(18432K)
[735.682s][info][gc,heap        ] GC(2054) ParOldGen: 397115K(397312K)->397131K(397312K)
[735.682s][info][gc,metaspace   ] GC(2054) Metaspace: 35630K(36352K)->35630K(36352K) NonClass: 26419K(26944K)->26419K(26944K) Class: 9211K(9408K)->9211K(9408K)
[735.682s][info][gc             ] GC(2054) Pause Young (Allocation Failure) 674M->387M(692M) 1.250ms
[735.682s][info][gc,cpu         ] GC(2054) User=0.00s Sys=0.00s Real=0.00s
[735.790s][info][gc,start       ] GC(2055) Pause Young (Allocation Failure)
[735.791s][info][gc,heap        ] GC(2055) PSYoungGen: 293440K(311808K)->64K(314368K) Eden: 293376K(293376K)->0K(296960K) From: 64K(18432K)->64K(17408K)
[735.791s][info][gc,heap        ] GC(2055) ParOldGen: 397131K(397312K)->397131K(397312K)
[735.791s][info][gc,metaspace   ] GC(2055) Metaspace: 35630K(36352K)->35630K(36352K) NonClass: 26419K(26944K)->26419K(26944K) Class: 9211K(9408K)->9211K(9408K)
[735.791s][info][gc             ] GC(2055) Pause Young (Allocation Failure) 674M->387M(695M) 1.250ms
[735.791s][info][gc,cpu         ] GC(2055) User=0.00s Sys=0.00s Real=0.00s
[736.013s][info][gc,start       ] GC(2056) Pause Young (Allocation Failure)
[736.014s][info][gc,heap        ] GC(2056) PSYoungGen: 297024K(314368K)->64K(313856K) Eden: 296960K(296960K)->0K(296960K) From: 64K(17408K)->64K(16896K)
[736.014s][info][gc,heap        ] GC(2056) ParOldGen: 397131K(397312K)->397139K(397312K)
[736.014s][info][gc,metaspace   ] GC(2056) Metaspace: 35630K(36352K)->35630K(36352K) NonClass: 26419K(26944K)->26419K(26944K) Class: 9211K(9408K)->9211K(9408K)
[736.014s][info][gc             ] GC(2056) Pause Young (Allocation Failure) 677M->387M(694M) 1.364ms
[736.014s][info][gc,cpu         ] GC(2056) User=0.01s Sys=0.00s Real=0.00s
[736.175s][info][gc,start       ] GC(2057) Pause Young (Allocation Failure)
[736.177s][info][gc,heap        ] GC(2057) PSYoungGen: 297024K(313856K)->64K(315904K) Eden: 296960K(296960K)->0K(300544K) From: 64K(16896K)->64K(15360K)
[736.177s][info][gc,heap        ] GC(2057) ParOldGen: 397139K(397312K)->397147K(397312K)
[736.177s][info][gc,metaspace   ] GC(2057) Metaspace: 35630K(36352K)->35630K(36352K) NonClass: 26419K(26944K)->26419K(26944K) Class: 9211K(9408K)->9211K(9408K)
[736.177s][info][gc             ] GC(2057) Pause Young (Allocation Failure) 677M->387M(696M) 1.377ms
[736.177s][info][gc,cpu         ] GC(2057) User=0.00s Sys=0.00s Real=0.00s
[736.259s][info][gc,start       ] GC(2058) Pause Young (Allocation Failure)
[736.261s][info][gc,heap        ] GC(2058) PSYoungGen: 300608K(315904K)->64K(315392K) Eden: 300544K(300544K)->0K(300544K) From: 64K(15360K)->64K(14848K)
[736.261s][info][gc,heap        ] GC(2058) ParOldGen: 397147K(397312K)->397163K(397312K)
[736.261s][info][gc,metaspace   ] GC(2058) Metaspace: 35630K(36352K)->35630K(36352K) NonClass: 26419K(26944K)->26419K(26944K) Class: 9211K(9408K)->9211K(9408K)
[736.261s][info][gc             ] GC(2058) Pause Young (Allocation Failure) 681M->387M(696M) 1.326ms
[736.261s][info][gc,cpu         ] GC(2058) User=0.00s Sys=0.00s Real=0.00s
[736.429s][info][gc,start       ] GC(2059) Pause Young (Allocation Failure)
[736.430s][info][gc,heap        ] GC(2059) PSYoungGen: 300608K(315392K)->64K(317952K) Eden: 300544K(300544K)->0K(304128K) From: 64K(14848K)->64K(13824K)
[736.430s][info][gc,heap        ] GC(2059) ParOldGen: 397163K(397312K)->397163K(397312K)
[736.430s][info][gc,metaspace   ] GC(2059) Metaspace: 35630K(36352K)->35630K(36352K) NonClass: 26419K(26944K)->26419K(26944K) Class: 9211K(9408K)->9211K(9408K)
[736.430s][info][gc             ] GC(2059) Pause Young (Allocation Failure) 681M->387M(698M) 1.244ms
[736.430s][info][gc,cpu         ] GC(2059) User=0.00s Sys=0.00s Real=0.00s
[737.349s][info][gc,start       ] GC(2060) Pause Young (Allocation Failure)
[737.351s][info][gc,heap        ] GC(2060) PSYoungGen: 304192K(317952K)->64K(292352K) Eden: 304128K(304128K)->0K(291840K) From: 64K(13824K)->64K(512K)
[737.351s][info][gc,heap        ] GC(2060) ParOldGen: 397163K(397312K)->397171K(397312K)
[737.351s][info][gc,metaspace   ] GC(2060) Metaspace: 35630K(36352K)->35630K(36352K) NonClass: 26419K(26944K)->26419K(26944K) Class: 9211K(9408K)->9211K(9408K)
[737.351s][info][gc             ] GC(2060) Pause Young (Allocation Failure) 684M->387M(673M) 1.586ms
[737.351s][info][gc,cpu         ] GC(2060) User=0.01s Sys=0.00s Real=0.00s
[738.191s][info][gc,start       ] GC(2061) Pause Young (Allocation Failure)
[738.193s][info][gc,heap        ] GC(2061) PSYoungGen: 291904K(292352K)->64K(280576K) Eden: 291840K(291840K)->0K(280064K) From: 64K(512K)->64K(512K)
[738.193s][info][gc,heap        ] GC(2061) ParOldGen: 397171K(397312K)->397179K(397312K)
[738.193s][info][gc,metaspace   ] GC(2061) Metaspace: 35638K(36352K)->35638K(36352K) NonClass: 26426K(26944K)->26426K(26944K) Class: 9211K(9408K)->9211K(9408K)
[738.193s][info][gc             ] GC(2061) Pause Young (Allocation Failure) 672M->387M(662M) 1.928ms
[738.193s][info][gc,cpu         ] GC(2061) User=0.01s Sys=0.00s Real=0.01s
[738.571s][info][gc,start       ] GC(2062) Pause Young (Allocation Failure)
[738.572s][info][gc,heap        ] GC(2062) PSYoungGen: 280128K(280576K)->64K(280576K) Eden: 280064K(280064K)->0K(269312K) From: 64K(512K)->64K(11264K)
[738.572s][info][gc,heap        ] GC(2062) ParOldGen: 397179K(397312K)->397187K(397312K)
[738.572s][info][gc,metaspace   ] GC(2062) Metaspace: 35646K(36352K)->35646K(36352K) NonClass: 26434K(26944K)->26434K(26944K) Class: 9211K(9408K)->9211K(9408K)
[738.572s][info][gc             ] GC(2062) Pause Young (Allocation Failure) 661M->387M(662M) 1.370ms
[738.572s][info][gc,cpu         ] GC(2062) User=0.00s Sys=0.00s Real=0.01s
[739.620s][info][gc,start       ] GC(2063) Pause Young (Allocation Failure)
[739.622s][info][gc,heap        ] GC(2063) PSYoungGen: 269376K(280576K)->64K(259584K) Eden: 269312K(269312K)->0K(259072K) From: 64K(11264K)->64K(512K)
[739.622s][info][gc,heap        ] GC(2063) ParOldGen: 397187K(397312K)->397195K(397312K)
[739.622s][info][gc,metaspace   ] GC(2063) Metaspace: 35646K(36352K)->35646K(36352K) NonClass: 26434K(26944K)->26434K(26944K) Class: 9211K(9408K)->9211K(9408K)
[739.622s][info][gc             ] GC(2063) Pause Young (Allocation Failure) 650M->387M(641M) 1.917ms
[739.622s][info][gc,cpu         ] GC(2063) User=0.00s Sys=0.00s Real=0.01s
[740.018s][info][gc,start       ] GC(2064) Pause Young (Allocation Failure)
[740.019s][info][gc,heap        ] GC(2064) PSYoungGen: 259136K(259584K)->64K(259072K) Eden: 259072K(259072K)->0K(248832K) From: 64K(512K)->64K(10240K)
[740.019s][info][gc,heap        ] GC(2064) ParOldGen: 397195K(397312K)->397203K(397312K)
[740.019s][info][gc,metaspace   ] GC(2064) Metaspace: 35646K(36352K)->35646K(36352K) NonClass: 26434K(26944K)->26434K(26944K) Class: 9211K(9408K)->9211K(9408K)
[740.019s][info][gc             ] GC(2064) Pause Young (Allocation Failure) 640M->387M(641M) 1.653ms
[740.019s][info][gc,cpu         ] GC(2064) User=0.00s Sys=0.00s Real=0.00s
[740.212s][info][gc,start       ] GC(2065) Pause Young (Allocation Failure)
[740.214s][info][gc,heap        ] GC(2065) PSYoungGen: 248896K(259072K)->64K(239616K) Eden: 248832K(248832K)->0K(239104K) From: 64K(10240K)->64K(512K)
[740.214s][info][gc,heap        ] GC(2065) ParOldGen: 397203K(397312K)->397211K(397312K)
[740.214s][info][gc,metaspace   ] GC(2065) Metaspace: 35646K(36352K)->35646K(36352K) NonClass: 26434K(26944K)->26434K(26944K) Class: 9211K(9408K)->9211K(9408K)
[740.214s][info][gc             ] GC(2065) Pause Young (Allocation Failure) 630M->387M(622M) 1.947ms
[740.214s][info][gc,cpu         ] GC(2065) User=0.00s Sys=0.00s Real=0.01s
[740.317s][info][gc,start       ] GC(2066) Pause Young (Allocation Failure)
[740.319s][info][gc,heap        ] GC(2066) PSYoungGen: 239168K(239616K)->64K(238592K) Eden: 239104K(239104K)->0K(229888K) From: 64K(512K)->64K(8704K)
[740.319s][info][gc,heap        ] GC(2066) ParOldGen: 397211K(397312K)->397219K(397312K)
[740.319s][info][gc,metaspace   ] GC(2066) Metaspace: 35646K(36352K)->35646K(36352K) NonClass: 26434K(26944K)->26434K(26944K) Class: 9211K(9408K)->9211K(9408K)
[740.319s][info][gc             ] GC(2066) Pause Young (Allocation Failure) 621M->387M(621M) 2.223ms
[740.319s][info][gc,cpu         ] GC(2066) User=0.00s Sys=0.00s Real=0.00s
[740.880s][info][gc,start       ] GC(2067) Pause Young (Allocation Failure)
[740.883s][info][gc,heap        ] GC(2067) PSYoungGen: 229952K(238592K)->64K(221696K) Eden: 229888K(229888K)->0K(221184K) From: 64K(8704K)->64K(512K)
[740.883s][info][gc,heap        ] GC(2067) ParOldGen: 397219K(397312K)->397235K(397312K)
[740.883s][info][gc,metaspace   ] GC(2067) Metaspace: 35646K(36352K)->35646K(36352K) NonClass: 26434K(26944K)->26434K(26944K) Class: 9211K(9408K)->9211K(9408K)
[740.883s][info][gc             ] GC(2067) Pause Young (Allocation Failure) 612M->387M(604M) 2.861ms
[740.883s][info][gc,cpu         ] GC(2067) User=0.00s Sys=0.00s Real=0.01s
[741.081s][info][gc,start       ] GC(2068) Pause Young (Allocation Failure)
[741.083s][info][gc,heap        ] GC(2068) PSYoungGen: 221248K(221696K)->64K(220672K) Eden: 221184K(221184K)->0K(212992K) From: 64K(512K)->64K(7680K)
[741.083s][info][gc,heap        ] GC(2068) ParOldGen: 397235K(397312K)->397251K(397312K)
[741.083s][info][gc,metaspace   ] GC(2068) Metaspace: 35646K(36352K)->35646K(36352K) NonClass: 26434K(26944K)->26434K(26944K) Class: 9211K(9408K)->9211K(9408K)
[741.083s][info][gc             ] GC(2068) Pause Young (Allocation Failure) 603M->388M(603M) 2.198ms
[741.083s][info][gc,cpu         ] GC(2068) User=0.00s Sys=0.00s Real=0.01s
[741.363s][info][gc,start       ] GC(2069) Pause Young (Allocation Failure)
[741.396s][info][gc,heap        ] GC(2069) PSYoungGen: 213056K(220672K)->7168K(262656K) Eden: 212992K(212992K)->0K(255488K) From: 64K(7680K)->7168K(7168K)
[741.396s][info][gc,heap        ] GC(2069) ParOldGen: 397251K(397312K)->406979K(407040K)
[741.396s][info][gc,metaspace   ] GC(2069) Metaspace: 35646K(36352K)->35646K(36352K) NonClass: 26434K(26944K)->26434K(26944K) Class: 9211K(9408K)->9211K(9408K)
[741.396s][info][gc             ] GC(2069) Pause Young (Allocation Failure) 596M->404M(654M) 32.923ms
[741.396s][info][gc,cpu         ] GC(2069) User=0.05s Sys=0.01s Real=0.03s
[741.690s][info][gc,start       ] GC(2070) Pause Young (Allocation Failure)
[741.745s][info][gc,heap        ] GC(2070) PSYoungGen: 262656K(262656K)->12288K(267776K) Eden: 255488K(255488K)->0K(255488K) From: 7168K(7168K)->12288K(12288K)
[741.745s][info][gc,heap        ] GC(2070) ParOldGen: 406979K(407040K)->423779K(423936K)
[741.745s][info][gc,metaspace   ] GC(2070) Metaspace: 35646K(36352K)->35646K(36352K) NonClass: 26434K(26944K)->26434K(26944K) Class: 9211K(9408K)->9211K(9408K)
[741.745s][info][gc             ] GC(2070) Pause Young (Allocation Failure) 653M->425M(675M) 55.045ms
[741.745s][info][gc,cpu         ] GC(2070) User=0.10s Sys=0.01s Real=0.06s
[741.945s][info][gc,start       ] GC(2071) Pause Young (Allocation Failure)
[741.984s][info][gc,heap        ] GC(2071) PSYoungGen: 267776K(267776K)->16928K(307200K) Eden: 255488K(255488K)->0K(285696K) From: 12288K(12288K)->16928K(21504K)
[741.984s][info][gc,heap        ] GC(2071) ParOldGen: 423779K(423936K)->424227K(424448K)
[741.984s][info][gc,metaspace   ] GC(2071) Metaspace: 35646K(36352K)->35646K(36352K) NonClass: 26434K(26944K)->26434K(26944K) Class: 9211K(9408K)->9211K(9408K)
[741.984s][info][gc             ] GC(2071) Pause Young (Allocation Failure) 675M->430M(714M) 38.558ms
[741.984s][info][gc,cpu         ] GC(2071) User=0.07s Sys=0.01s Real=0.04s
[742.297s][info][gc,start       ] GC(2072) Pause Young (Allocation Failure)
[742.298s][info][gc,heap        ] GC(2072) PSYoungGen: 302624K(307200K)->64K(309760K) Eden: 285696K(285696K)->0K(285696K) From: 16928K(21504K)->64K(24064K)
[742.298s][info][gc,heap        ] GC(2072) ParOldGen: 424227K(424448K)->424235K(424448K)
[742.298s][info][gc,metaspace   ] GC(2072) Metaspace: 35646K(36352K)->35646K(36352K) NonClass: 26434K(26944K)->26434K(26944K) Class: 9211K(9408K)->9211K(9408K)
[742.298s][info][gc             ] GC(2072) Pause Young (Allocation Failure) 709M->414M(717M) 1.527ms
[742.298s][info][gc,cpu         ] GC(2072) User=0.01s Sys=0.01s Real=0.00s
[742.897s][info][gc,start       ] GC(2073) Pause Young (Allocation Failure)
[742.899s][info][gc,heap        ] GC(2073) PSYoungGen: 285760K(309760K)->64K(307200K) Eden: 285696K(285696K)->0K(286208K) From: 64K(24064K)->64K(20992K)
[742.899s][info][gc,heap        ] GC(2073) ParOldGen: 424235K(424448K)->424243K(424448K)
[742.899s][info][gc,metaspace   ] GC(2073) Metaspace: 35646K(36352K)->35646K(36352K) NonClass: 26434K(26944K)->26434K(26944K) Class: 9211K(9408K)->9211K(9408K)
[742.899s][info][gc             ] GC(2073) Pause Young (Allocation Failure) 693M->414M(714M) 1.559ms
[742.899s][info][gc,cpu         ] GC(2073) User=0.01s Sys=0.00s Real=0.00s
[743.338s][info][gc,start       ] GC(2074) Pause Young (Allocation Failure)
[743.340s][info][gc,heap        ] GC(2074) PSYoungGen: 286272K(307200K)->64K(308736K) Eden: 286208K(286208K)->0K(286208K) From: 64K(20992K)->64K(22528K)
[743.340s][info][gc,heap        ] GC(2074) ParOldGen: 424243K(424448K)->424259K(424448K)
[743.340s][info][gc,metaspace   ] GC(2074) Metaspace: 35646K(36352K)->35646K(36352K) NonClass: 26434K(26944K)->26434K(26944K) Class: 9211K(9408K)->9211K(9408K)
[743.340s][info][gc             ] GC(2074) Pause Young (Allocation Failure) 693M->414M(716M) 1.524ms
[743.340s][info][gc,cpu         ] GC(2074) User=0.01s Sys=0.00s Real=0.00s
[743.543s][info][gc,start       ] GC(2075) Pause Young (Allocation Failure)
[743.544s][info][gc,heap        ] GC(2075) PSYoungGen: 286272K(308736K)->64K(309760K) Eden: 286208K(286208K)->0K(289792K) From: 64K(22528K)->64K(19968K)
[743.544s][info][gc,heap        ] GC(2075) ParOldGen: 424259K(424448K)->424275K(424448K)
[743.544s][info][gc,metaspace   ] GC(2075) Metaspace: 35646K(36352K)->35646K(36352K) NonClass: 26434K(26944K)->26434K(26944K) Class: 9211K(9408K)->9211K(9408K)
[743.544s][info][gc             ] GC(2075) Pause Young (Allocation Failure) 693M->414M(717M) 1.438ms
[743.544s][info][gc,cpu         ] GC(2075) User=0.00s Sys=0.00s Real=0.00s
[743.753s][info][gc,start       ] GC(2076) Pause Young (Allocation Failure)
[743.754s][info][gc,heap        ] GC(2076) PSYoungGen: 289856K(309760K)->64K(310784K) Eden: 289792K(289792K)->0K(289792K) From: 64K(19968K)->64K(20992K)
[743.754s][info][gc,heap        ] GC(2076) ParOldGen: 424275K(424448K)->424275K(424448K)
[743.754s][info][gc,metaspace   ] GC(2076) Metaspace: 35646K(36352K)->35646K(36352K) NonClass: 26434K(26944K)->26434K(26944K) Class: 9211K(9408K)->9211K(9408K)
[743.755s][info][gc             ] GC(2076) Pause Young (Allocation Failure) 697M->414M(718M) 1.380ms
[743.755s][info][gc,cpu         ] GC(2076) User=0.00s Sys=0.00s Real=0.00s
[744.056s][info][gc,start       ] GC(2077) Pause Young (Allocation Failure)
[744.057s][info][gc,heap        ] GC(2077) PSYoungGen: 289856K(310784K)->64K(310784K) Eden: 289792K(289792K)->0K(292864K) From: 64K(20992K)->64K(17920K)
[744.057s][info][gc,heap        ] GC(2077) ParOldGen: 424275K(424448K)->424275K(424448K)
[744.057s][info][gc,metaspace   ] GC(2077) Metaspace: 35646K(36352K)->35646K(36352K) NonClass: 26434K(26944K)->26434K(26944K) Class: 9211K(9408K)->9211K(9408K)
[744.057s][info][gc             ] GC(2077) Pause Young (Allocation Failure) 697M->414M(718M) 1.343ms
[744.057s][info][gc,cpu         ] GC(2077) User=0.01s Sys=0.00s Real=0.00s
[744.108s][info][gc,start       ] GC(2078) Pause Young (Allocation Failure)
[744.110s][info][gc,heap        ] GC(2078) PSYoungGen: 292928K(310784K)->64K(311808K) Eden: 292864K(292864K)->0K(292864K) From: 64K(17920K)->64K(18944K)
[744.110s][info][gc,heap        ] GC(2078) ParOldGen: 424275K(424448K)->424291K(424448K)
[744.110s][info][gc,metaspace   ] GC(2078) Metaspace: 35646K(36352K)->35646K(36352K) NonClass: 26434K(26944K)->26434K(26944K) Class: 9211K(9408K)->9211K(9408K)
[744.110s][info][gc             ] GC(2078) Pause Young (Allocation Failure) 700M->414M(719M) 1.373ms
[744.110s][info][gc,cpu         ] GC(2078) User=0.00s Sys=0.00s Real=0.00s
[744.175s][info][gc,start       ] GC(2079) Pause Young (Allocation Failure)
[744.176s][info][gc,heap        ] GC(2079) PSYoungGen: 292928K(311808K)->64K(312832K) Eden: 292864K(292864K)->0K(296960K) From: 64K(18944K)->64K(15872K)
[744.176s][info][gc,heap        ] GC(2079) ParOldGen: 424291K(424448K)->424291K(424448K)
[744.176s][info][gc,metaspace   ] GC(2079) Metaspace: 35646K(36352K)->35646K(36352K) NonClass: 26434K(26944K)->26434K(26944K) Class: 9211K(9408K)->9211K(9408K)
[744.176s][info][gc             ] GC(2079) Pause Young (Allocation Failure) 700M->414M(720M) 1.307ms
[744.176s][info][gc,cpu         ] GC(2079) User=0.01s Sys=0.00s Real=0.00s
[744.398s][info][gc,start       ] GC(2080) Pause Young (Allocation Failure)
[744.400s][info][gc,heap        ] GC(2080) PSYoungGen: 297024K(312832K)->64K(313856K) Eden: 296960K(296960K)->0K(296960K) From: 64K(15872K)->64K(16896K)
[744.400s][info][gc,heap        ] GC(2080) ParOldGen: 424291K(424448K)->424307K(424448K)
[744.400s][info][gc,metaspace   ] GC(2080) Metaspace: 35646K(36352K)->35646K(36352K) NonClass: 26434K(26944K)->26434K(26944K) Class: 9211K(9408K)->9211K(9408K)
[744.400s][info][gc             ] GC(2080) Pause Young (Allocation Failure) 704M->414M(721M) 1.506ms
[744.400s][info][gc,cpu         ] GC(2080) User=0.01s Sys=0.00s Real=0.00s
[744.596s][info][gc,start       ] GC(2081) Pause Young (Allocation Failure)
[744.598s][info][gc,heap        ] GC(2081) PSYoungGen: 297024K(313856K)->64K(314880K) Eden: 296960K(296960K)->0K(301056K) From: 64K(16896K)->64K(13824K)
[744.598s][info][gc,heap        ] GC(2081) ParOldGen: 424307K(424448K)->424307K(424448K)
[744.598s][info][gc,metaspace   ] GC(2081) Metaspace: 35646K(36352K)->35646K(36352K) NonClass: 26434K(26944K)->26434K(26944K) Class: 9211K(9408K)->9211K(9408K)
[744.598s][info][gc             ] GC(2081) Pause Young (Allocation Failure) 704M->414M(722M) 1.483ms
[744.598s][info][gc,cpu         ] GC(2081) User=0.01s Sys=0.00s Real=0.00s
[744.681s][info][gc,start       ] GC(2082) Pause Young (Allocation Failure)
[744.682s][info][gc,heap        ] GC(2082) PSYoungGen: 301120K(314880K)->64K(315904K) Eden: 301056K(301056K)->0K(301056K) From: 64K(13824K)->64K(14848K)
[744.682s][info][gc,heap        ] GC(2082) ParOldGen: 424307K(424448K)->424323K(424448K)
[744.682s][info][gc,metaspace   ] GC(2082) Metaspace: 35646K(36352K)->35646K(36352K) NonClass: 26434K(26944K)->26434K(26944K) Class: 9211K(9408K)->9211K(9408K)
[744.682s][info][gc             ] GC(2082) Pause Young (Allocation Failure) 708M->414M(723M) 1.474ms
[744.682s][info][gc,cpu         ] GC(2082) User=0.00s Sys=0.00s Real=0.01s
[744.826s][info][gc,start       ] GC(2083) Pause Young (Allocation Failure)
[744.827s][info][gc,heap        ] GC(2083) PSYoungGen: 301120K(315904K)->64K(316416K) Eden: 301056K(301056K)->0K(304640K) From: 64K(14848K)->64K(11776K)
[744.827s][info][gc,heap        ] GC(2083) ParOldGen: 424323K(424448K)->424323K(424448K)
[744.827s][info][gc,metaspace   ] GC(2083) Metaspace: 35646K(36352K)->35646K(36352K) NonClass: 26434K(26944K)->26434K(26944K) Class: 9211K(9408K)->9211K(9408K)
[744.827s][info][gc             ] GC(2083) Pause Young (Allocation Failure) 708M->414M(723M) 1.411ms
[744.827s][info][gc,cpu         ] GC(2083) User=0.00s Sys=0.00s Real=0.00s
[745.774s][info][gc,start       ] GC(2084) Pause Young (Allocation Failure)
[745.775s][info][gc,heap        ] GC(2084) PSYoungGen: 304704K(316416K)->64K(317952K) Eden: 304640K(304640K)->0K(304640K) From: 64K(11776K)->64K(13312K)
[745.775s][info][gc,heap        ] GC(2084) ParOldGen: 424323K(424448K)->424331K(424448K)
[745.775s][info][gc,metaspace   ] GC(2084) Metaspace: 35646K(36352K)->35646K(36352K) NonClass: 26434K(26944K)->26434K(26944K) Class: 9211K(9408K)->9211K(9408K)
[745.775s][info][gc             ] GC(2084) Pause Young (Allocation Failure) 711M->414M(725M) 1.593ms
[745.775s][info][gc,cpu         ] GC(2084) User=0.01s Sys=0.00s Real=0.00s
[746.608s][info][gc,start       ] GC(2085) Pause Young (Allocation Failure)
[746.610s][info][gc,heap        ] GC(2085) PSYoungGen: 304704K(317952K)->64K(292864K) Eden: 304640K(304640K)->0K(292352K) From: 64K(13312K)->64K(512K)
[746.610s][info][gc,heap        ] GC(2085) ParOldGen: 424331K(424448K)->424339K(424448K)
[746.610s][info][gc,metaspace   ] GC(2085) Metaspace: 35646K(36352K)->35646K(36352K) NonClass: 26434K(26944K)->26434K(26944K) Class: 9211K(9408K)->9211K(9408K)
[746.610s][info][gc             ] GC(2085) Pause Young (Allocation Failure) 711M->414M(700M) 2.038ms
[746.610s][info][gc,cpu         ] GC(2085) User=0.00s Sys=0.00s Real=0.00s
[746.924s][info][gc,start       ] GC(2086) Pause Young (Allocation Failure)
[746.925s][info][gc,heap        ] GC(2086) PSYoungGen: 292416K(292864K)->64K(292352K) Eden: 292352K(292352K)->0K(280576K) From: 64K(512K)->64K(11776K)
[746.925s][info][gc,heap        ] GC(2086) ParOldGen: 424339K(424448K)->424347K(424448K)
[746.925s][info][gc,metaspace   ] GC(2086) Metaspace: 35646K(36352K)->35646K(36352K) NonClass: 26434K(26944K)->26434K(26944K) Class: 9211K(9408K)->9211K(9408K)
[746.925s][info][gc             ] GC(2086) Pause Young (Allocation Failure) 699M->414M(700M) 1.445ms
[746.925s][info][gc,cpu         ] GC(2086) User=0.01s Sys=0.00s Real=0.00s
[747.613s][info][gc,start       ] GC(2087) Pause Young (Allocation Failure)
[747.615s][info][gc,heap        ] GC(2087) PSYoungGen: 280640K(292352K)->64K(269824K) Eden: 280576K(280576K)->0K(269312K) From: 64K(11776K)->64K(512K)
[747.615s][info][gc,heap        ] GC(2087) ParOldGen: 424347K(424448K)->424355K(424448K)
[747.615s][info][gc,metaspace   ] GC(2087) Metaspace: 35646K(36352K)->35646K(36352K) NonClass: 26434K(26944K)->26434K(26944K) Class: 9211K(9408K)->9211K(9408K)
[747.615s][info][gc             ] GC(2087) Pause Young (Allocation Failure) 688M->414M(678M) 2.008ms
[747.615s][info][gc,cpu         ] GC(2087) User=0.00s Sys=0.00s Real=0.00s
[748.434s][info][gc,start       ] GC(2088) Pause Young (Allocation Failure)
[748.437s][info][gc,heap        ] GC(2088) PSYoungGen: 269376K(269824K)->32K(269312K) Eden: 269312K(269312K)->0K(259072K) From: 64K(512K)->32K(10240K)
[748.437s][info][gc,heap        ] GC(2088) ParOldGen: 424355K(424448K)->424363K(424448K)
[748.437s][info][gc,metaspace   ] GC(2088) Metaspace: 35646K(36352K)->35646K(36352K) NonClass: 26434K(26944K)->26434K(26944K) Class: 9211K(9408K)->9211K(9408K)
[748.437s][info][gc             ] GC(2088) Pause Young (Allocation Failure) 677M->414M(677M) 2.549ms
[748.437s][info][gc,cpu         ] GC(2088) User=0.00s Sys=0.00s Real=0.00s
[748.661s][info][gc,start       ] GC(2089) Pause Young (Allocation Failure)
[748.664s][info][gc,heap        ] GC(2089) PSYoungGen: 259104K(269312K)->32K(249344K) Eden: 259072K(259072K)->0K(248832K) From: 32K(10240K)->32K(512K)
[748.664s][info][gc,heap        ] GC(2089) ParOldGen: 424363K(424448K)->424371K(424448K)
[748.664s][info][gc,metaspace   ] GC(2089) Metaspace: 35646K(36352K)->35646K(36352K) NonClass: 26434K(26944K)->26434K(26944K) Class: 9211K(9408K)->9211K(9408K)
[748.664s][info][gc             ] GC(2089) Pause Young (Allocation Failure) 667M->414M(658M) 2.725ms
[748.664s][info][gc,cpu         ] GC(2089) User=0.00s Sys=0.00s Real=0.01s
[748.761s][info][gc,start       ] GC(2090) Pause Young (Allocation Failure)
[748.763s][info][gc,heap        ] GC(2090) PSYoungGen: 248864K(249344K)->64K(293376K) Eden: 248832K(248832K)->0K(284672K) From: 32K(512K)->64K(8704K)
[748.763s][info][gc,heap        ] GC(2090) ParOldGen: 424371K(424448K)->424379K(424448K)
[748.763s][info][gc,metaspace   ] GC(2090) Metaspace: 35646K(36352K)->35646K(36352K) NonClass: 26434K(26944K)->26434K(26944K) Class: 9211K(9408K)->9211K(9408K)
[748.763s][info][gc             ] GC(2090) Pause Young (Allocation Failure) 657M->414M(701M) 2.468ms
[748.763s][info][gc,cpu         ] GC(2090) User=0.00s Sys=0.00s Real=0.01s
[749.349s][info][gc,start       ] GC(2091) Pause Young (Allocation Failure)
[749.352s][info][gc,heap        ] GC(2091) PSYoungGen: 284736K(293376K)->64K(273920K) Eden: 284672K(284672K)->0K(273408K) From: 64K(8704K)->64K(512K)
[749.352s][info][gc,heap        ] GC(2091) ParOldGen: 424379K(424448K)->424395K(424448K)
[749.352s][info][gc,metaspace   ] GC(2091) Metaspace: 35646K(36352K)->35646K(36352K) NonClass: 26434K(26944K)->26434K(26944K) Class: 9211K(9408K)->9211K(9408K)
[749.352s][info][gc             ] GC(2091) Pause Young (Allocation Failure) 692M->414M(682M) 2.479ms
[749.352s][info][gc,cpu         ] GC(2091) User=0.00s Sys=0.00s Real=0.00s
[749.698s][info][gc,start       ] GC(2092) Pause Young (Allocation Failure)
[749.709s][info][gc,heap        ] GC(2092) PSYoungGen: 273472K(273920K)->4352K(296960K) Eden: 273408K(273408K)->0K(289280K) From: 64K(512K)->4352K(7680K)
[749.709s][info][gc,heap        ] GC(2092) ParOldGen: 424395K(424448K)->424411K(424448K)
[749.709s][info][gc,metaspace   ] GC(2092) Metaspace: 35646K(36352K)->35646K(36352K) NonClass: 26434K(26944K)->26434K(26944K) Class: 9211K(9408K)->9211K(9408K)
[749.709s][info][gc             ] GC(2092) Pause Young (Allocation Failure) 681M->418M(704M) 11.287ms
[749.709s][info][gc,cpu         ] GC(2092) User=0.02s Sys=0.00s Real=0.01s
[750.039s][info][gc,start       ] GC(2093) Pause Young (Allocation Failure)
[750.106s][info][gc,heap        ] GC(2093) PSYoungGen: 293632K(296960K)->8192K(303104K) Eden: 289280K(289280K)->0K(294912K) From: 4352K(7680K)->8192K(8192K)
[750.106s][info][gc,heap        ] GC(2093) ParOldGen: 424411K(424448K)->448867K(449024K)
[750.106s][info][gc,metaspace   ] GC(2093) Metaspace: 35646K(36352K)->35646K(36352K) NonClass: 26434K(26944K)->26434K(26944K) Class: 9211K(9408K)->9211K(9408K)
[750.106s][info][gc             ] GC(2093) Pause Young (Allocation Failure) 701M->446M(734M) 66.431ms
[750.106s][info][gc,cpu         ] GC(2093) User=0.11s Sys=0.02s Real=0.07s
[750.383s][info][gc,start       ] GC(2094) Pause Young (Allocation Failure)
[750.439s][info][gc,heap        ] GC(2094) PSYoungGen: 303104K(303104K)->19456K(314368K) Eden: 294912K(294912K)->0K(294912K) From: 8192K(8192K)->19456K(19456K)
[750.439s][info][gc,heap        ] GC(2094) ParOldGen: 448867K(449024K)->455755K(456192K)
[750.439s][info][gc,metaspace   ] GC(2094) Metaspace: 35646K(36352K)->35646K(36352K) NonClass: 26434K(26944K)->26434K(26944K) Class: 9211K(9408K)->9211K(9408K)
[750.439s][info][gc             ] GC(2094) Pause Young (Allocation Failure) 734M->464M(752M) 55.323ms
[750.439s][info][gc,cpu         ] GC(2094) User=0.09s Sys=0.01s Real=0.05s
[750.688s][info][gc,start       ] GC(2095) Pause Young (Allocation Failure)
[750.691s][info][gc,heap        ] GC(2095) PSYoungGen: 314368K(314368K)->64K(303104K) Eden: 294912K(294912K)->0K(283648K) From: 19456K(19456K)->64K(19456K)
[750.691s][info][gc,heap        ] GC(2095) ParOldGen: 455755K(456192K)->455931K(456192K)
[750.691s][info][gc,metaspace   ] GC(2095) Metaspace: 35646K(36352K)->35646K(36352K) NonClass: 26434K(26944K)->26434K(26944K) Class: 9211K(9408K)->9211K(9408K)
[750.691s][info][gc             ] GC(2095) Pause Young (Allocation Failure) 752M->445M(741M) 3.411ms
[750.691s][info][gc,cpu         ] GC(2095) User=0.01s Sys=0.00s Real=0.00s
[751.321s][info][gc,start       ] GC(2096) Pause Young (Allocation Failure)
[751.323s][info][gc,heap        ] GC(2096) PSYoungGen: 283712K(303104K)->64K(308736K) Eden: 283648K(283648K)->0K(283648K) From: 64K(19456K)->64K(25088K)
[751.323s][info][gc,heap        ] GC(2096) ParOldGen: 455931K(456192K)->455939K(456192K)
[751.323s][info][gc,metaspace   ] GC(2096) Metaspace: 35646K(36352K)->35646K(36352K) NonClass: 26434K(26944K)->26434K(26944K) Class: 9211K(9408K)->9211K(9408K)
[751.323s][info][gc             ] GC(2096) Pause Young (Allocation Failure) 722M->445M(747M) 1.483ms
[751.323s][info][gc,cpu         ] GC(2096) User=0.00s Sys=0.00s Real=0.01s
[751.773s][info][gc,start       ] GC(2097) Pause Young (Allocation Failure)
[751.775s][info][gc,heap        ] GC(2097) PSYoungGen: 283712K(308736K)->64K(305664K) Eden: 283648K(283648K)->0K(284672K) From: 64K(25088K)->64K(20992K)
[751.775s][info][gc,heap        ] GC(2097) ParOldGen: 455939K(456192K)->455955K(456192K)
[751.775s][info][gc,metaspace   ] GC(2097) Metaspace: 35646K(36352K)->35646K(36352K) NonClass: 26434K(26944K)->26434K(26944K) Class: 9211K(9408K)->9211K(9408K)
[751.775s][info][gc             ] GC(2097) Pause Young (Allocation Failure) 722M->445M(744M) 1.762ms
[751.775s][info][gc,cpu         ] GC(2097) User=0.00s Sys=0.00s Real=0.00s
[751.979s][info][gc,start       ] GC(2098) Pause Young (Allocation Failure)
[751.980s][info][gc,heap        ] GC(2098) PSYoungGen: 284736K(305664K)->64K(307712K) Eden: 284672K(284672K)->0K(284672K) From: 64K(20992K)->64K(23040K)
[751.980s][info][gc,heap        ] GC(2098) ParOldGen: 455955K(456192K)->455971K(456192K)
[751.980s][info][gc,metaspace   ] GC(2098) Metaspace: 35646K(36352K)->35646K(36352K) NonClass: 26434K(26944K)->26434K(26944K) Class: 9211K(9408K)->9211K(9408K)
[751.980s][info][gc             ] GC(2098) Pause Young (Allocation Failure) 723M->445M(746M) 1.534ms
[751.980s][info][gc,cpu         ] GC(2098) User=0.01s Sys=0.00s Real=0.00s
[752.184s][info][gc,start       ] GC(2099) Pause Young (Allocation Failure)
[752.185s][info][gc,heap        ] GC(2099) PSYoungGen: 284736K(307712K)->64K(307712K) Eden: 284672K(284672K)->0K(288768K) From: 64K(23040K)->64K(18944K)
[752.185s][info][gc,heap        ] GC(2099) ParOldGen: 455971K(456192K)->455971K(456192K)
[752.185s][info][gc,metaspace   ] GC(2099) Metaspace: 35646K(36352K)->35646K(36352K) NonClass: 26434K(26944K)->26434K(26944K) Class: 9211K(9408K)->9211K(9408K)
[752.186s][info][gc             ] GC(2099) Pause Young (Allocation Failure) 723M->445M(746M) 1.492ms
[752.186s][info][gc,cpu         ] GC(2099) User=0.00s Sys=0.01s Real=0.00s
[752.512s][info][gc,start       ] GC(2100) Pause Young (Allocation Failure)
[752.514s][info][gc,heap        ] GC(2100) PSYoungGen: 288832K(307712K)->64K(309760K) Eden: 288768K(288768K)->0K(288768K) From: 64K(18944K)->64K(20992K)
[752.514s][info][gc,heap        ] GC(2100) ParOldGen: 455971K(456192K)->455971K(456192K)
[752.514s][info][gc,metaspace   ] GC(2100) Metaspace: 35646K(36352K)->35646K(36352K) NonClass: 26434K(26944K)->26434K(26944K) Class: 9211K(9408K)->9211K(9408K)
[752.514s][info][gc             ] GC(2100) Pause Young (Allocation Failure) 727M->445M(748M) 1.476ms
[752.514s][info][gc,cpu         ] GC(2100) User=0.01s Sys=0.00s Real=0.00s
[752.562s][info][gc,start       ] GC(2101) Pause Young (Allocation Failure)
[752.564s][info][gc,heap        ] GC(2101) PSYoungGen: 288832K(309760K)->64K(309760K) Eden: 288768K(288768K)->0K(292864K) From: 64K(20992K)->64K(16896K)
[752.564s][info][gc,heap        ] GC(2101) ParOldGen: 455971K(456192K)->455987K(456192K)
[752.564s][info][gc,metaspace   ] GC(2101) Metaspace: 35646K(36352K)->35646K(36352K) NonClass: 26434K(26944K)->26434K(26944K) Class: 9211K(9408K)->9211K(9408K)
[752.564s][info][gc             ] GC(2101) Pause Young (Allocation Failure) 727M->445M(748M) 1.450ms
[752.564s][info][gc,cpu         ] GC(2101) User=0.00s Sys=0.00s Real=0.00s
[752.613s][info][gc,start       ] GC(2102) Pause Young (Allocation Failure)
[752.615s][info][gc,heap        ] GC(2102) PSYoungGen: 292928K(309760K)->64K(311808K) Eden: 292864K(292864K)->0K(292864K) From: 64K(16896K)->64K(18944K)
[752.615s][info][gc,heap        ] GC(2102) ParOldGen: 455987K(456192K)->455987K(456192K)
[752.615s][info][gc,metaspace   ] GC(2102) Metaspace: 35646K(36352K)->35646K(36352K) NonClass: 26434K(26944K)->26434K(26944K) Class: 9211K(9408K)->9211K(9408K)
[752.615s][info][gc             ] GC(2102) Pause Young (Allocation Failure) 731M->445M(750M) 1.435ms
[752.615s][info][gc,cpu         ] GC(2102) User=0.00s Sys=0.00s Real=0.00s
[752.821s][info][gc,start       ] GC(2103) Pause Young (Allocation Failure)
[752.822s][info][gc,heap        ] GC(2103) PSYoungGen: 292928K(311808K)->64K(311808K) Eden: 292864K(292864K)->0K(296960K) From: 64K(18944K)->64K(14848K)
[752.822s][info][gc,heap        ] GC(2103) ParOldGen: 455987K(456192K)->455987K(456192K)
[752.822s][info][gc,metaspace   ] GC(2103) Metaspace: 35646K(36352K)->35646K(36352K) NonClass: 26434K(26944K)->26434K(26944K) Class: 9211K(9408K)->9211K(9408K)
[752.822s][info][gc             ] GC(2103) Pause Young (Allocation Failure) 731M->445M(750M) 1.464ms
[752.822s][info][gc,cpu         ] GC(2103) User=0.01s Sys=0.00s Real=0.01s
[753.034s][info][gc,start       ] GC(2104) Pause Young (Allocation Failure)
[753.035s][info][gc,heap        ] GC(2104) PSYoungGen: 297024K(311808K)->64K(313856K) Eden: 296960K(296960K)->0K(296960K) From: 64K(14848K)->64K(16896K)
[753.036s][info][gc,heap        ] GC(2104) ParOldGen: 455987K(456192K)->455995K(456192K)
[753.036s][info][gc,metaspace   ] GC(2104) Metaspace: 35646K(36352K)->35646K(36352K) NonClass: 26434K(26944K)->26434K(26944K) Class: 9211K(9408K)->9211K(9408K)
[753.036s][info][gc             ] GC(2104) Pause Young (Allocation Failure) 735M->445M(752M) 1.559ms
[753.036s][info][gc,cpu         ] GC(2104) User=0.00s Sys=0.00s Real=0.00s
[753.126s][info][gc,start       ] GC(2105) Pause Young (Allocation Failure)
[753.128s][info][gc,heap        ] GC(2105) PSYoungGen: 297024K(313856K)->64K(313856K) Eden: 296960K(296960K)->0K(301056K) From: 64K(16896K)->64K(12800K)
[753.128s][info][gc,heap        ] GC(2105) ParOldGen: 455995K(456192K)->456003K(456192K)
[753.128s][info][gc,metaspace   ] GC(2105) Metaspace: 35646K(36352K)->35646K(36352K) NonClass: 26434K(26944K)->26434K(26944K) Class: 9211K(9408K)->9211K(9408K)
[753.128s][info][gc             ] GC(2105) Pause Young (Allocation Failure) 735M->445M(752M) 1.478ms
[753.128s][info][gc,cpu         ] GC(2105) User=0.00s Sys=0.00s Real=0.00s
[753.254s][info][gc,start       ] GC(2106) Pause Young (Allocation Failure)
[753.255s][info][gc,heap        ] GC(2106) PSYoungGen: 301120K(313856K)->64K(315904K) Eden: 301056K(301056K)->0K(301056K) From: 64K(12800K)->64K(14848K)
[753.255s][info][gc,heap        ] GC(2106) ParOldGen: 456003K(456192K)->456011K(456192K)
[753.255s][info][gc,metaspace   ] GC(2106) Metaspace: 35646K(36352K)->35646K(36352K) NonClass: 26434K(26944K)->26434K(26944K) Class: 9211K(9408K)->9211K(9408K)
[753.255s][info][gc             ] GC(2106) Pause Young (Allocation Failure) 739M->445M(754M) 1.412ms
[753.255s][info][gc,cpu         ] GC(2106) User=0.00s Sys=0.00s Real=0.00s
[753.662s][info][gc,start       ] GC(2107) Pause Young (Allocation Failure)
[753.663s][info][gc,heap        ] GC(2107) PSYoungGen: 301120K(315904K)->64K(316416K) Eden: 301056K(301056K)->0K(304640K) From: 64K(14848K)->64K(11776K)
[753.663s][info][gc,heap        ] GC(2107) ParOldGen: 456011K(456192K)->456019K(456192K)
[753.663s][info][gc,metaspace   ] GC(2107) Metaspace: 35646K(36352K)->35646K(36352K) NonClass: 26434K(26944K)->26434K(26944K) Class: 9211K(9408K)->9211K(9408K)
[753.663s][info][gc             ] GC(2107) Pause Young (Allocation Failure) 739M->445M(754M) 1.565ms
[753.663s][info][gc,cpu         ] GC(2107) User=0.01s Sys=0.00s Real=0.01s
[754.612s][info][gc,start       ] GC(2108) Pause Young (Allocation Failure)
[754.614s][info][gc,heap        ] GC(2108) PSYoungGen: 304704K(316416K)->64K(292864K) Eden: 304640K(304640K)->0K(292352K) From: 64K(11776K)->64K(512K)
[754.614s][info][gc,heap        ] GC(2108) ParOldGen: 456019K(456192K)->456027K(456192K)
[754.614s][info][gc,metaspace   ] GC(2108) Metaspace: 35646K(36352K)->35646K(36352K) NonClass: 26434K(26944K)->26434K(26944K) Class: 9211K(9408K)->9211K(9408K)
[754.614s][info][gc             ] GC(2108) Pause Young (Allocation Failure) 742M->445M(731M) 1.891ms
[754.614s][info][gc,cpu         ] GC(2108) User=0.01s Sys=0.00s Real=0.00s
[755.256s][info][gc,start       ] GC(2109) Pause Young (Allocation Failure)
[755.258s][info][gc,heap        ] GC(2109) PSYoungGen: 292416K(292864K)->64K(281088K) Eden: 292352K(292352K)->0K(280576K) From: 64K(512K)->64K(512K)
[755.258s][info][gc,heap        ] GC(2109) ParOldGen: 456027K(456192K)->456035K(456192K)
[755.258s][info][gc,metaspace   ] GC(2109) Metaspace: 35646K(36352K)->35646K(36352K) NonClass: 26434K(26944K)->26434K(26944K) Class: 9211K(9408K)->9211K(9408K)
[755.258s][info][gc             ] GC(2109) Pause Young (Allocation Failure) 730M->445M(720M) 1.956ms
[755.258s][info][gc,cpu         ] GC(2109) User=0.00s Sys=0.00s Real=0.00s
[755.749s][info][gc,start       ] GC(2110) Pause Young (Allocation Failure)
[755.751s][info][gc,heap        ] GC(2110) PSYoungGen: 280640K(281088K)->64K(281088K) Eden: 280576K(280576K)->0K(269312K) From: 64K(512K)->64K(11776K)
[755.751s][info][gc,heap        ] GC(2110) ParOldGen: 456035K(456192K)->456043K(456192K)
[755.751s][info][gc,metaspace   ] GC(2110) Metaspace: 35646K(36352K)->35646K(36352K) NonClass: 26434K(26944K)->26434K(26944K) Class: 9211K(9408K)->9211K(9408K)
[755.751s][info][gc             ] GC(2110) Pause Young (Allocation Failure) 719M->445M(720M) 1.462ms
[755.751s][info][gc,cpu         ] GC(2110) User=0.00s Sys=0.00s Real=0.00s
[756.692s][info][gc,start       ] GC(2111) Pause Young (Allocation Failure)
[756.694s][info][gc,heap        ] GC(2111) PSYoungGen: 269376K(281088K)->64K(259584K) Eden: 269312K(269312K)->0K(259072K) From: 64K(11776K)->64K(512K)
[756.694s][info][gc,heap        ] GC(2111) ParOldGen: 456043K(456192K)->456051K(456192K)
[756.694s][info][gc,metaspace   ] GC(2111) Metaspace: 35646K(36352K)->35646K(36352K) NonClass: 26434K(26944K)->26434K(26944K) Class: 9211K(9408K)->9211K(9408K)
[756.694s][info][gc             ] GC(2111) Pause Young (Allocation Failure) 708M->445M(699M) 2.066ms
[756.694s][info][gc,cpu         ] GC(2111) User=0.00s Sys=0.00s Real=0.00s
[757.088s][info][gc,start       ] GC(2112) Pause Young (Allocation Failure)
[757.090s][info][gc,heap        ] GC(2112) PSYoungGen: 259136K(259584K)->64K(259072K) Eden: 259072K(259072K)->0K(248832K) From: 64K(512K)->64K(10240K)
[757.090s][info][gc,heap        ] GC(2112) ParOldGen: 456051K(456192K)->456067K(456192K)
[757.090s][info][gc,metaspace   ] GC(2112) Metaspace: 35646K(36352K)->35646K(36352K) NonClass: 26434K(26944K)->26434K(26944K) Class: 9211K(9408K)->9211K(9408K)
[757.090s][info][gc             ] GC(2112) Pause Young (Allocation Failure) 698M->445M(698M) 2.664ms
[757.090s][info][gc,cpu         ] GC(2112) User=0.01s Sys=0.00s Real=0.00s
[757.168s][info][gc,start       ] GC(2113) Pause Young (Allocation Failure)
[757.170s][info][gc,heap        ] GC(2113) PSYoungGen: 248896K(259072K)->64K(289280K) Eden: 248832K(248832K)->0K(280064K) From: 64K(10240K)->64K(9216K)
[757.170s][info][gc,heap        ] GC(2113) ParOldGen: 456067K(456192K)->456075K(456192K)
[757.170s][info][gc,metaspace   ] GC(2113) Metaspace: 35646K(36352K)->35646K(36352K) NonClass: 26434K(26944K)->26434K(26944K) Class: 9211K(9408K)->9211K(9408K)
[757.170s][info][gc             ] GC(2113) Pause Young (Allocation Failure) 688M->445M(728M) 2.586ms
[757.170s][info][gc,cpu         ] GC(2113) User=0.01s Sys=0.00s Real=0.00s
[757.772s][info][gc,start       ] GC(2114) Pause Young (Allocation Failure)
[757.775s][info][gc,heap        ] GC(2114) PSYoungGen: 280128K(289280K)->64K(288768K) Eden: 280064K(280064K)->0K(280064K) From: 64K(9216K)->64K(8704K)
[757.775s][info][gc,heap        ] GC(2114) ParOldGen: 456075K(456192K)->456091K(456192K)
[757.775s][info][gc,metaspace   ] GC(2114) Metaspace: 35646K(36352K)->35646K(36352K) NonClass: 26434K(26944K)->26434K(26944K) Class: 9211K(9408K)->9211K(9408K)
[757.775s][info][gc             ] GC(2114) Pause Young (Allocation Failure) 718M->445M(727M) 2.776ms
[757.775s][info][gc,cpu         ] GC(2114) User=0.01s Sys=0.00s Real=0.00s
[758.053s][info][gc,start       ] GC(2115) Pause Young (Allocation Failure)
[758.055s][info][gc,heap        ] GC(2115) PSYoungGen: 280128K(288768K)->64K(269824K) Eden: 280064K(280064K)->0K(269312K) From: 64K(8704K)->64K(512K)
[758.055s][info][gc,heap        ] GC(2115) ParOldGen: 456091K(456192K)->456099K(456192K)
[758.055s][info][gc,metaspace   ] GC(2115) Metaspace: 35646K(36352K)->35646K(36352K) NonClass: 26434K(26944K)->26434K(26944K) Class: 9211K(9408K)->9211K(9408K)
[758.056s][info][gc             ] GC(2115) Pause Young (Allocation Failure) 718M->445M(709M) 2.077ms
[758.056s][info][gc,cpu         ] GC(2115) User=0.01s Sys=0.00s Real=0.00s
[758.377s][info][gc,start       ] GC(2116) Pause Young (Allocation Failure)
[758.456s][info][gc,heap        ] GC(2116) PSYoungGen: 269376K(269824K)->7680K(316928K) Eden: 269312K(269312K)->0K(309248K) From: 64K(512K)->7680K(7680K)
[758.456s][info][gc,heap        ] GC(2116) ParOldGen: 456099K(456192K)->476899K(477184K)
[758.456s][info][gc,metaspace   ] GC(2116) Metaspace: 35646K(36352K)->35646K(36352K) NonClass: 26434K(26944K)->26434K(26944K) Class: 9211K(9408K)->9211K(9408K)
[758.456s][info][gc             ] GC(2116) Pause Young (Allocation Failure) 708M->473M(775M) 78.295ms
[758.456s][info][gc,cpu         ] GC(2116) User=0.09s Sys=0.02s Real=0.08s
[758.817s][info][gc,start       ] GC(2117) Pause Young (Allocation Failure)
[758.894s][info][gc,heap        ] GC(2117) PSYoungGen: 316928K(316928K)->16896K(296448K) Eden: 309248K(309248K)->0K(279552K) From: 7680K(7680K)->16896K(16896K)
[758.894s][info][gc,heap        ] GC(2117) ParOldGen: 476899K(477184K)->494731K(495104K)
[758.894s][info][gc,metaspace   ] GC(2117) Metaspace: 35646K(36352K)->35646K(36352K) NonClass: 26434K(26944K)->26434K(26944K) Class: 9211K(9408K)->9211K(9408K)
[758.894s][info][gc             ] GC(2117) Pause Young (Allocation Failure) 775M->499M(773M) 76.248ms
[758.894s][info][gc,cpu         ] GC(2117) User=0.13s Sys=0.02s Real=0.08s
[758.993s][info][gc,start       ] GC(2118) Pause Young (Allocation Failure)
[759.000s][info][gc,heap        ] GC(2118) PSYoungGen: 296448K(296448K)->64K(306688K) Eden: 279552K(279552K)->0K(279552K) From: 16896K(16896K)->64K(27136K)
[759.000s][info][gc,heap        ] GC(2118) ParOldGen: 494731K(495104K)->495203K(495616K)
[759.000s][info][gc,metaspace   ] GC(2118) Metaspace: 35646K(36352K)->35646K(36352K) NonClass: 26434K(26944K)->26434K(26944K) Class: 9211K(9408K)->9211K(9408K)
[759.000s][info][gc             ] GC(2118) Pause Young (Allocation Failure) 772M->483M(783M) 6.657ms
[759.000s][info][gc,cpu         ] GC(2118) User=0.01s Sys=0.00s Real=0.00s
[759.648s][info][gc,start       ] GC(2119) Pause Young (Allocation Failure)
[759.650s][info][gc,heap        ] GC(2119) PSYoungGen: 279616K(306688K)->64K(304128K) Eden: 279552K(279552K)->0K(280064K) From: 64K(27136K)->64K(24064K)
[759.650s][info][gc,heap        ] GC(2119) ParOldGen: 495203K(495616K)->495211K(495616K)
[759.650s][info][gc,metaspace   ] GC(2119) Metaspace: 35646K(36352K)->35646K(36352K) NonClass: 26434K(26944K)->26434K(26944K) Class: 9211K(9408K)->9211K(9408K)
[759.650s][info][gc             ] GC(2119) Pause Young (Allocation Failure) 756M->483M(781M) 1.903ms
[759.650s][info][gc,cpu         ] GC(2119) User=0.00s Sys=0.00s Real=0.00s
[759.998s][info][gc,start       ] GC(2120) Pause Young (Allocation Failure)
[760.000s][info][gc,heap        ] GC(2120) PSYoungGen: 280128K(304128K)->64K(305664K) Eden: 280064K(280064K)->0K(280064K) From: 64K(24064K)->64K(25600K)
[760.000s][info][gc,heap        ] GC(2120) ParOldGen: 495211K(495616K)->495219K(495616K)
[760.000s][info][gc,metaspace   ] GC(2120) Metaspace: 35646K(36352K)->35646K(36352K) NonClass: 26434K(26944K)->26434K(26944K) Class: 9211K(9408K)->9211K(9408K)
[760.000s][info][gc             ] GC(2120) Pause Young (Allocation Failure) 757M->483M(782M) 1.618ms
[760.000s][info][gc,cpu         ] GC(2120) User=0.00s Sys=0.00s Real=0.00s
[760.390s][info][gc,start       ] GC(2121) Pause Young (Allocation Failure)
[760.392s][info][gc,heap        ] GC(2121) PSYoungGen: 280128K(305664K)->64K(304640K) Eden: 280064K(280064K)->0K(283648K) From: 64K(25600K)->64K(20992K)
[760.392s][info][gc,heap        ] GC(2121) ParOldGen: 495219K(495616K)->495235K(495616K)
[760.392s][info][gc,metaspace   ] GC(2121) Metaspace: 35646K(36352K)->35646K(36352K) NonClass: 26434K(26944K)->26434K(26944K) Class: 9211K(9408K)->9211K(9408K)
[760.392s][info][gc             ] GC(2121) Pause Young (Allocation Failure) 757M->483M(781M) 1.648ms
[760.392s][info][gc,cpu         ] GC(2121) User=0.00s Sys=0.00s Real=0.00s
[760.595s][info][gc,start       ] GC(2122) Pause Young (Allocation Failure)
[760.596s][info][gc,heap        ] GC(2122) PSYoungGen: 283712K(304640K)->64K(306688K) Eden: 283648K(283648K)->0K(283648K) From: 64K(20992K)->64K(23040K)
[760.596s][info][gc,heap        ] GC(2122) ParOldGen: 495235K(495616K)->495251K(495616K)
[760.596s][info][gc,metaspace   ] GC(2122) Metaspace: 35646K(36352K)->35646K(36352K) NonClass: 26434K(26944K)->26434K(26944K) Class: 9211K(9408K)->9211K(9408K)
[760.596s][info][gc             ] GC(2122) Pause Young (Allocation Failure) 760M->483M(783M) 1.487ms
[760.596s][info][gc,cpu         ] GC(2122) User=0.01s Sys=0.00s Real=0.00s
[760.929s][info][gc,start       ] GC(2123) Pause Young (Allocation Failure)
[760.931s][info][gc,heap        ] GC(2123) PSYoungGen: 283712K(306688K)->64K(307712K) Eden: 283648K(283648K)->0K(288768K) From: 64K(23040K)->64K(18944K)
[760.931s][info][gc,heap        ] GC(2123) ParOldGen: 495251K(495616K)->495251K(495616K)
[760.931s][info][gc,metaspace   ] GC(2123) Metaspace: 35646K(36352K)->35646K(36352K) NonClass: 26434K(26944K)->26434K(26944K) Class: 9211K(9408K)->9211K(9408K)
[760.931s][info][gc             ] GC(2123) Pause Young (Allocation Failure) 760M->483M(784M) 1.498ms
[760.931s][info][gc,cpu         ] GC(2123) User=0.00s Sys=0.00s Real=0.00s
[761.020s][info][gc,start       ] GC(2124) Pause Young (Allocation Failure)
[761.021s][info][gc,heap        ] GC(2124) PSYoungGen: 288832K(307712K)->64K(309760K) Eden: 288768K(288768K)->0K(288768K) From: 64K(18944K)->64K(20992K)
[761.021s][info][gc,heap        ] GC(2124) ParOldGen: 495251K(495616K)->495259K(495616K)
[761.021s][info][gc,metaspace   ] GC(2124) Metaspace: 35646K(36352K)->35646K(36352K) NonClass: 26434K(26944K)->26434K(26944K) Class: 9211K(9408K)->9211K(9408K)
[761.021s][info][gc             ] GC(2124) Pause Young (Allocation Failure) 765M->483M(786M) 1.479ms
[761.021s][info][gc,cpu         ] GC(2124) User=0.00s Sys=0.00s Real=0.00s
[761.070s][info][gc,start       ] GC(2125) Pause Young (Allocation Failure)
[761.071s][info][gc,heap        ] GC(2125) PSYoungGen: 288832K(309760K)->64K(309760K) Eden: 288768K(288768K)->0K(292864K) From: 64K(20992K)->64K(16896K)
[761.071s][info][gc,heap        ] GC(2125) ParOldGen: 495259K(495616K)->495275K(495616K)
[761.071s][info][gc,metaspace   ] GC(2125) Metaspace: 35646K(36352K)->35646K(36352K) NonClass: 26434K(26944K)->26434K(26944K) Class: 9211K(9408K)->9211K(9408K)
[761.071s][info][gc             ] GC(2125) Pause Young (Allocation Failure) 765M->483M(786M) 1.494ms
[761.071s][info][gc,cpu         ] GC(2125) User=0.00s Sys=0.00s Real=0.00s
[761.221s][info][gc,start       ] GC(2126) Pause Young (Allocation Failure)
[761.222s][info][gc,heap        ] GC(2126) PSYoungGen: 292928K(309760K)->64K(311808K) Eden: 292864K(292864K)->0K(292864K) From: 64K(16896K)->64K(18944K)
[761.222s][info][gc,heap        ] GC(2126) ParOldGen: 495275K(495616K)->495275K(495616K)
[761.222s][info][gc,metaspace   ] GC(2126) Metaspace: 35646K(36352K)->35646K(36352K) NonClass: 26434K(26944K)->26434K(26944K) Class: 9211K(9408K)->9211K(9408K)
[761.222s][info][gc             ] GC(2126) Pause Young (Allocation Failure) 769M->483M(788M) 1.414ms
[761.222s][info][gc,cpu         ] GC(2126) User=0.00s Sys=0.00s Real=0.00s
[761.436s][info][gc,start       ] GC(2127) Pause Young (Allocation Failure)
[761.437s][info][gc,heap        ] GC(2127) PSYoungGen: 292928K(311808K)->64K(311808K) Eden: 292864K(292864K)->0K(296960K) From: 64K(18944K)->64K(14848K)
[761.437s][info][gc,heap        ] GC(2127) ParOldGen: 495275K(495616K)->495283K(495616K)
[761.437s][info][gc,metaspace   ] GC(2127) Metaspace: 35646K(36352K)->35646K(36352K) NonClass: 26434K(26944K)->26434K(26944K) Class: 9211K(9408K)->9211K(9408K)
[761.437s][info][gc             ] GC(2127) Pause Young (Allocation Failure) 769M->483M(788M) 1.507ms
[761.437s][info][gc,cpu         ] GC(2127) User=0.00s Sys=0.00s Real=0.00s
[761.570s][info][gc,start       ] GC(2128) Pause Young (Allocation Failure)
[761.571s][info][gc,heap        ] GC(2128) PSYoungGen: 297024K(311808K)->64K(313856K) Eden: 296960K(296960K)->0K(296960K) From: 64K(14848K)->64K(16896K)
[761.571s][info][gc,heap        ] GC(2128) ParOldGen: 495283K(495616K)->495291K(495616K)
[761.571s][info][gc,metaspace   ] GC(2128) Metaspace: 35646K(36352K)->35646K(36352K) NonClass: 26434K(26944K)->26434K(26944K) Class: 9211K(9408K)->9211K(9408K)
[761.571s][info][gc             ] GC(2128) Pause Young (Allocation Failure) 773M->483M(790M) 1.478ms
[761.571s][info][gc,cpu         ] GC(2128) User=0.00s Sys=0.00s Real=0.00s
[761.667s][info][gc,start       ] GC(2129) Pause Young (Allocation Failure)
[761.668s][info][gc,heap        ] GC(2129) PSYoungGen: 297024K(313856K)->64K(313856K) Eden: 296960K(296960K)->0K(301056K) From: 64K(16896K)->64K(12800K)
[761.668s][info][gc,heap        ] GC(2129) ParOldGen: 495291K(495616K)->495299K(495616K)
[761.668s][info][gc,metaspace   ] GC(2129) Metaspace: 35646K(36352K)->35646K(36352K) NonClass: 26434K(26944K)->26434K(26944K) Class: 9211K(9408K)->9211K(9408K)
[761.668s][info][gc             ] GC(2129) Pause Young (Allocation Failure) 773M->483M(790M) 1.434ms
[761.668s][info][gc,cpu         ] GC(2129) User=0.00s Sys=0.00s Real=0.00s
[761.874s][info][gc,start       ] GC(2130) Pause Young (Allocation Failure)
[761.876s][info][gc,heap        ] GC(2130) PSYoungGen: 301120K(313856K)->64K(315904K) Eden: 301056K(301056K)->0K(301056K) From: 64K(12800K)->64K(14848K)
[761.876s][info][gc,heap        ] GC(2130) ParOldGen: 495299K(495616K)->495307K(495616K)
[761.876s][info][gc,metaspace   ] GC(2130) Metaspace: 35646K(36352K)->35646K(36352K) NonClass: 26434K(26944K)->26434K(26944K) Class: 9211K(9408K)->9211K(9408K)
[761.876s][info][gc             ] GC(2130) Pause Young (Allocation Failure) 777M->483M(792M) 1.441ms
[761.876s][info][gc,cpu         ] GC(2130) User=0.00s Sys=0.00s Real=0.00s
[762.736s][info][gc,start       ] GC(2131) Pause Young (Allocation Failure)
[762.738s][info][gc,heap        ] GC(2131) PSYoungGen: 301120K(315904K)->83K(315904K) Eden: 301056K(301056K)->0K(305152K) From: 64K(14848K)->83K(10752K)
[762.738s][info][gc,heap        ] GC(2131) ParOldGen: 495307K(495616K)->495315K(495616K)
[762.738s][info][gc,metaspace   ] GC(2131) Metaspace: 35646K(36352K)->35646K(36352K) NonClass: 26434K(26944K)->26434K(26944K) Class: 9211K(9408K)->9211K(9408K)
[762.738s][info][gc             ] GC(2131) Pause Young (Allocation Failure) 777M->483M(792M) 1.572ms
[762.738s][info][gc,cpu         ] GC(2131) User=0.01s Sys=0.00s Real=0.00s
[763.644s][info][gc,start       ] GC(2132) Pause Young (Allocation Failure)
[763.646s][info][gc,heap        ] GC(2132) PSYoungGen: 305235K(315904K)->64K(293376K) Eden: 305152K(305152K)->0K(292864K) From: 83K(10752K)->64K(512K)
[763.646s][info][gc,heap        ] GC(2132) ParOldGen: 495315K(495616K)->495331K(495616K)
[763.646s][info][gc,metaspace   ] GC(2132) Metaspace: 35646K(36352K)->35646K(36352K) NonClass: 26434K(26944K)->26434K(26944K) Class: 9211K(9408K)->9211K(9408K)
[763.646s][info][gc             ] GC(2132) Pause Young (Allocation Failure) 781M->483M(770M) 2.156ms
[763.646s][info][gc,cpu         ] GC(2132) User=0.00s Sys=0.00s Real=0.00s
[764.098s][info][gc,start       ] GC(2133) Pause Young (Allocation Failure)
[764.101s][info][gc,heap        ] GC(2133) PSYoungGen: 292928K(293376K)->64K(281600K) Eden: 292864K(292864K)->0K(281088K) From: 64K(512K)->64K(512K)
[764.101s][info][gc,heap        ] GC(2133) ParOldGen: 495331K(495616K)->495339K(495616K)
[764.101s][info][gc,metaspace   ] GC(2133) Metaspace: 35646K(36352K)->35646K(36352K) NonClass: 26434K(26944K)->26434K(26944K) Class: 9211K(9408K)->9211K(9408K)
[764.101s][info][gc             ] GC(2133) Pause Young (Allocation Failure) 769M->483M(759M) 2.259ms
[764.101s][info][gc,cpu         ] GC(2133) User=0.01s Sys=0.00s Real=0.00s
[765.097s][info][gc,start       ] GC(2134) Pause Young (Allocation Failure)
[765.099s][info][gc,heap        ] GC(2134) PSYoungGen: 281152K(281600K)->64K(281088K) Eden: 281088K(281088K)->0K(269824K) From: 64K(512K)->64K(11264K)
[765.099s][info][gc,heap        ] GC(2134) ParOldGen: 495339K(495616K)->495347K(495616K)
[765.099s][info][gc,metaspace   ] GC(2134) Metaspace: 35646K(36352K)->35646K(36352K) NonClass: 26434K(26944K)->26434K(26944K) Class: 9211K(9408K)->9211K(9408K)
[765.099s][info][gc             ] GC(2134) Pause Young (Allocation Failure) 758M->483M(758M) 1.623ms
[765.099s][info][gc,cpu         ] GC(2134) User=0.00s Sys=0.00s Real=0.00s
[765.484s][info][gc,start       ] GC(2135) Pause Young (Allocation Failure)
[765.487s][info][gc,heap        ] GC(2135) PSYoungGen: 269888K(281088K)->64K(259584K) Eden: 269824K(269824K)->0K(259072K) From: 64K(11264K)->64K(512K)
[765.487s][info][gc,heap        ] GC(2135) ParOldGen: 495347K(495616K)->495355K(495616K)
[765.487s][info][gc,metaspace   ] GC(2135) Metaspace: 35646K(36352K)->35646K(36352K) NonClass: 26434K(26944K)->26434K(26944K) Class: 9211K(9408K)->9211K(9408K)
[765.487s][info][gc             ] GC(2135) Pause Young (Allocation Failure) 747M->483M(737M) 2.856ms
[765.487s][info][gc,cpu         ] GC(2135) User=0.01s Sys=0.00s Real=0.00s
[765.634s][info][gc,start       ] GC(2136) Pause Young (Allocation Failure)
[765.635s][info][gc,heap        ] GC(2136) PSYoungGen: 259136K(259584K)->64K(258560K) Eden: 259072K(259072K)->0K(248832K) From: 64K(512K)->64K(9728K)
[765.635s][info][gc,heap        ] GC(2136) ParOldGen: 495355K(495616K)->495363K(495616K)
[765.635s][info][gc,metaspace   ] GC(2136) Metaspace: 35646K(36352K)->35646K(36352K) NonClass: 26434K(26944K)->26434K(26944K) Class: 9211K(9408K)->9211K(9408K)
[765.635s][info][gc             ] GC(2136) Pause Young (Allocation Failure) 736M->483M(736M) 1.577ms
[765.635s][info][gc,cpu         ] GC(2136) User=0.01s Sys=0.00s Real=0.00s
[766.055s][info][gc,start       ] GC(2137) Pause Young (Allocation Failure)
[766.059s][info][gc,heap        ] GC(2137) PSYoungGen: 248896K(258560K)->64K(239616K) Eden: 248832K(248832K)->0K(239104K) From: 64K(9728K)->64K(512K)
[766.059s][info][gc,heap        ] GC(2137) ParOldGen: 495363K(495616K)->495371K(495616K)
[766.059s][info][gc,metaspace   ] GC(2137) Metaspace: 35646K(36352K)->35646K(36352K) NonClass: 26434K(26944K)->26434K(26944K) Class: 9211K(9408K)->9211K(9408K)
[766.059s][info][gc             ] GC(2137) Pause Young (Allocation Failure) 726M->483M(718M) 3.572ms
[766.059s][info][gc,cpu         ] GC(2137) User=0.01s Sys=0.00s Real=0.00s
[766.361s][info][gc,start       ] GC(2138) Pause Young (Allocation Failure)
[766.363s][info][gc,heap        ] GC(2138) PSYoungGen: 239168K(239616K)->32K(238080K) Eden: 239104K(239104K)->0K(229888K) From: 64K(512K)->32K(8192K)
[766.363s][info][gc,heap        ] GC(2138) ParOldGen: 495371K(495616K)->495379K(495616K)
[766.363s][info][gc,metaspace   ] GC(2138) Metaspace: 35646K(36352K)->35646K(36352K) NonClass: 26434K(26944K)->26434K(26944K) Class: 9211K(9408K)->9211K(9408K)
[766.363s][info][gc             ] GC(2138) Pause Young (Allocation Failure) 717M->483M(716M) 2.293ms
[766.363s][info][gc,cpu         ] GC(2138) User=0.00s Sys=0.00s Real=0.01s
[766.684s][info][gc,start       ] GC(2139) Pause Young (Allocation Failure)
[766.701s][info][gc,heap        ] GC(2139) PSYoungGen: 229920K(238080K)->7680K(280064K) Eden: 229888K(229888K)->0K(272384K) From: 32K(8192K)->7680K(7680K)
[766.701s][info][gc,heap        ] GC(2139) ParOldGen: 495379K(495616K)->497643K(497664K)
[766.701s][info][gc,metaspace   ] GC(2139) Metaspace: 35646K(36352K)->35646K(36352K) NonClass: 26434K(26944K)->26434K(26944K) Class: 9211K(9408K)->9211K(9408K)
[766.701s][info][gc             ] GC(2139) Pause Young (Allocation Failure) 708M->493M(759M) 16.890ms
[766.701s][info][gc,cpu         ] GC(2139) User=0.03s Sys=0.00s Real=0.01s
[767.012s][info][gc,start       ] GC(2140) Pause Young (Allocation Failure)
[767.070s][info][gc,heap        ] GC(2140) PSYoungGen: 280064K(280064K)->10752K(283136K) Eden: 272384K(272384K)->0K(272384K) From: 7680K(7680K)->10752K(10752K)
[767.070s][info][gc,heap        ] GC(2140) ParOldGen: 497643K(497664K)->517691K(518144K)
[767.070s][info][gc,metaspace   ] GC(2140) Metaspace: 35646K(36352K)->35646K(36352K) NonClass: 26434K(26944K)->26434K(26944K) Class: 9211K(9408K)->9211K(9408K)
[767.070s][info][gc             ] GC(2140) Pause Young (Allocation Failure) 759M->516M(782M) 57.949ms
[767.070s][info][gc,cpu         ] GC(2140) User=0.09s Sys=0.02s Real=0.06s
[767.316s][info][gc,start       ] GC(2141) Pause Young (Allocation Failure)
[767.365s][info][gc,heap        ] GC(2141) PSYoungGen: 283136K(283136K)->20480K(303104K) Eden: 272384K(272384K)->0K(282624K) From: 10752K(10752K)->20480K(20480K)
[767.365s][info][gc,heap        ] GC(2141) ParOldGen: 517691K(518144K)->519707K(520192K)
[767.365s][info][gc,metaspace   ] GC(2141) Metaspace: 35646K(36352K)->35646K(36352K) NonClass: 26434K(26944K)->26434K(26944K) Class: 9211K(9408K)->9211K(9408K)
[767.365s][info][gc             ] GC(2141) Pause Young (Allocation Failure) 782M->527M(804M) 48.756ms
[767.365s][info][gc,cpu         ] GC(2141) User=0.08s Sys=0.01s Real=0.05s
[767.609s][info][gc,start       ] GC(2142) Pause Young (Allocation Failure)
[767.611s][info][gc,heap        ] GC(2142) PSYoungGen: 303104K(303104K)->64K(308224K) Eden: 282624K(282624K)->0K(282624K) From: 20480K(20480K)->64K(25600K)
[767.611s][info][gc,heap        ] GC(2142) ParOldGen: 519707K(520192K)->519755K(520192K)
[767.611s][info][gc,metaspace   ] GC(2142) Metaspace: 35646K(36352K)->35646K(36352K) NonClass: 26434K(26944K)->26434K(26944K) Class: 9211K(9408K)->9211K(9408K)
[767.611s][info][gc             ] GC(2142) Pause Young (Allocation Failure) 803M->507M(809M) 2.197ms
[767.611s][info][gc,cpu         ] GC(2142) User=0.00s Sys=0.00s Real=0.00s
[768.246s][info][gc,start       ] GC(2143) Pause Young (Allocation Failure)
[768.248s][info][gc,heap        ] GC(2143) PSYoungGen: 282688K(308224K)->64K(305152K) Eden: 282624K(282624K)->0K(283648K) From: 64K(25600K)->64K(21504K)
[768.248s][info][gc,heap        ] GC(2143) ParOldGen: 519755K(520192K)->519763K(520192K)
[768.248s][info][gc,metaspace   ] GC(2143) Metaspace: 35646K(36352K)->35646K(36352K) NonClass: 26434K(26944K)->26434K(26944K) Class: 9211K(9408K)->9211K(9408K)
[768.248s][info][gc             ] GC(2143) Pause Young (Allocation Failure) 783M->507M(806M) 1.925ms
[768.248s][info][gc,cpu         ] GC(2143) User=0.00s Sys=0.00s Real=0.00s
[768.702s][info][gc,start       ] GC(2144) Pause Young (Allocation Failure)
[768.704s][info][gc,heap        ] GC(2144) PSYoungGen: 283712K(305152K)->64K(307200K) Eden: 283648K(283648K)->0K(283648K) From: 64K(21504K)->64K(23552K)
[768.704s][info][gc,heap        ] GC(2144) ParOldGen: 519763K(520192K)->519779K(520192K)
[768.704s][info][gc,metaspace   ] GC(2144) Metaspace: 35646K(36352K)->35646K(36352K) NonClass: 26434K(26944K)->26434K(26944K) Class: 9211K(9408K)->9211K(9408K)
[768.704s][info][gc             ] GC(2144) Pause Young (Allocation Failure) 784M->507M(808M) 1.657ms
[768.704s][info][gc,cpu         ] GC(2144) User=0.00s Sys=0.00s Real=0.00s
[768.907s][info][gc,start       ] GC(2145) Pause Young (Allocation Failure)
[768.909s][info][gc,heap        ] GC(2145) PSYoungGen: 283712K(307200K)->64K(307712K) Eden: 283648K(283648K)->0K(287232K) From: 64K(23552K)->64K(20480K)
[768.909s][info][gc,heap        ] GC(2145) ParOldGen: 519779K(520192K)->519795K(520192K)
[768.909s][info][gc,metaspace   ] GC(2145) Metaspace: 35646K(36352K)->35646K(36352K) NonClass: 26434K(26944K)->26434K(26944K) Class: 9211K(9408K)->9211K(9408K)
[768.909s][info][gc             ] GC(2145) Pause Young (Allocation Failure) 784M->507M(808M) 1.582ms
[768.909s][info][gc,cpu         ] GC(2145) User=0.01s Sys=0.00s Real=0.00s
[769.115s][info][gc,start       ] GC(2146) Pause Young (Allocation Failure)
[769.116s][info][gc,heap        ] GC(2146) PSYoungGen: 287296K(307712K)->64K(309248K) Eden: 287232K(287232K)->0K(287232K) From: 64K(20480K)->64K(22016K)
[769.116s][info][gc,heap        ] GC(2146) ParOldGen: 519795K(520192K)->519795K(520192K)
[769.116s][info][gc,metaspace   ] GC(2146) Metaspace: 35646K(36352K)->35646K(36352K) NonClass: 26434K(26944K)->26434K(26944K) Class: 9211K(9408K)->9211K(9408K)
[769.116s][info][gc             ] GC(2146) Pause Young (Allocation Failure) 788M->507M(810M) 1.613ms
[769.116s][info][gc,cpu         ] GC(2146) User=0.01s Sys=0.00s Real=0.00s
[769.441s][info][gc,start       ] GC(2147) Pause Young (Allocation Failure)
[769.443s][info][gc,heap        ] GC(2147) PSYoungGen: 287296K(309248K)->64K(309248K) Eden: 287232K(287232K)->0K(290816K) From: 64K(22016K)->64K(18432K)
[769.443s][info][gc,heap        ] GC(2147) ParOldGen: 519795K(520192K)->519795K(520192K)
[769.443s][info][gc,metaspace   ] GC(2147) Metaspace: 35646K(36352K)->35646K(36352K) NonClass: 26434K(26944K)->26434K(26944K) Class: 9211K(9408K)->9211K(9408K)
[769.443s][info][gc             ] GC(2147) Pause Young (Allocation Failure) 788M->507M(810M) 1.552ms
[769.443s][info][gc,cpu         ] GC(2147) User=0.00s Sys=0.00s Real=0.01s
[769.494s][info][gc,start       ] GC(2148) Pause Young (Allocation Failure)
[769.495s][info][gc,heap        ] GC(2148) PSYoungGen: 290880K(309248K)->64K(310784K) Eden: 290816K(290816K)->0K(290816K) From: 64K(18432K)->64K(19968K)
[769.495s][info][gc,heap        ] GC(2148) ParOldGen: 519795K(520192K)->519811K(520192K)
[769.495s][info][gc,metaspace   ] GC(2148) Metaspace: 35646K(36352K)->35646K(36352K) NonClass: 26434K(26944K)->26434K(26944K) Class: 9211K(9408K)->9211K(9408K)
[769.495s][info][gc             ] GC(2148) Pause Young (Allocation Failure) 791M->507M(811M) 1.450ms
[769.495s][info][gc,cpu         ] GC(2148) User=0.00s Sys=0.00s Real=0.00s
[769.546s][info][gc,start       ] GC(2149) Pause Young (Allocation Failure)
[769.547s][info][gc,heap        ] GC(2149) PSYoungGen: 290880K(310784K)->64K(311296K) Eden: 290816K(290816K)->0K(294912K) From: 64K(19968K)->64K(16384K)
[769.547s][info][gc,heap        ] GC(2149) ParOldGen: 519811K(520192K)->519811K(520192K)
[769.547s][info][gc,metaspace   ] GC(2149) Metaspace: 35646K(36352K)->35646K(36352K) NonClass: 26434K(26944K)->26434K(26944K) Class: 9211K(9408K)->9211K(9408K)
[769.547s][info][gc             ] GC(2149) Pause Young (Allocation Failure) 791M->507M(812M) 1.400ms
[769.547s][info][gc,cpu         ] GC(2149) User=0.01s Sys=0.00s Real=0.00s
[769.757s][info][gc,start       ] GC(2150) Pause Young (Allocation Failure)
[769.758s][info][gc,heap        ] GC(2150) PSYoungGen: 294976K(311296K)->64K(312832K) Eden: 294912K(294912K)->0K(294912K) From: 64K(16384K)->64K(17920K)
[769.758s][info][gc,heap        ] GC(2150) ParOldGen: 519811K(520192K)->519811K(520192K)
[769.758s][info][gc,metaspace   ] GC(2150) Metaspace: 35646K(36352K)->35646K(36352K) NonClass: 26434K(26944K)->26434K(26944K) Class: 9211K(9408K)->9211K(9408K)
[769.758s][info][gc             ] GC(2150) Pause Young (Allocation Failure) 795M->507M(813M) 1.638ms
[769.758s][info][gc,cpu         ] GC(2150) User=0.01s Sys=0.00s Real=0.00s
[769.968s][info][gc,start       ] GC(2151) Pause Young (Allocation Failure)
[769.970s][info][gc,heap        ] GC(2151) PSYoungGen: 294976K(312832K)->64K(313344K) Eden: 294912K(294912K)->0K(299008K) From: 64K(17920K)->64K(14336K)
[769.970s][info][gc,heap        ] GC(2151) ParOldGen: 519811K(520192K)->519819K(520192K)
[769.970s][info][gc,metaspace   ] GC(2151) Metaspace: 35646K(36352K)->35646K(36352K) NonClass: 26434K(26944K)->26434K(26944K) Class: 9211K(9408K)->9211K(9408K)
[769.970s][info][gc             ] GC(2151) Pause Young (Allocation Failure) 795M->507M(814M) 1.605ms
[769.970s][info][gc,cpu         ] GC(2151) User=0.01s Sys=0.00s Real=0.00s
[770.065s][info][gc,start       ] GC(2152) Pause Young (Allocation Failure)
[770.066s][info][gc,heap        ] GC(2152) PSYoungGen: 299072K(313344K)->64K(314880K) Eden: 299008K(299008K)->0K(299008K) From: 64K(14336K)->64K(15872K)
[770.066s][info][gc,heap        ] GC(2152) ParOldGen: 519819K(520192K)->519827K(520192K)
[770.066s][info][gc,metaspace   ] GC(2152) Metaspace: 35646K(36352K)->35646K(36352K) NonClass: 26434K(26944K)->26434K(26944K) Class: 9211K(9408K)->9211K(9408K)
[770.066s][info][gc             ] GC(2152) Pause Young (Allocation Failure) 799M->507M(815M) 1.658ms
[770.066s][info][gc,cpu         ] GC(2152) User=0.00s Sys=0.00s Real=0.00s
[770.191s][info][gc,start       ] GC(2153) Pause Young (Allocation Failure)
[770.192s][info][gc,heap        ] GC(2153) PSYoungGen: 299072K(314880K)->64K(315392K) Eden: 299008K(299008K)->0K(303104K) From: 64K(15872K)->64K(12288K)
[770.192s][info][gc,heap        ] GC(2153) ParOldGen: 519827K(520192K)->519835K(520192K)
[770.192s][info][gc,metaspace   ] GC(2153) Metaspace: 35646K(36352K)->35646K(36352K) NonClass: 26434K(26944K)->26434K(26944K) Class: 9211K(9408K)->9211K(9408K)
[770.192s][info][gc             ] GC(2153) Pause Young (Allocation Failure) 799M->507M(816M) 1.504ms
[770.192s][info][gc,cpu         ] GC(2153) User=0.00s Sys=0.00s Real=0.01s
[770.602s][info][gc,start       ] GC(2154) Pause Young (Allocation Failure)
[770.603s][info][gc,heap        ] GC(2154) PSYoungGen: 303168K(315392K)->64K(316928K) Eden: 303104K(303104K)->0K(303104K) From: 64K(12288K)->64K(13824K)
[770.603s][info][gc,heap        ] GC(2154) ParOldGen: 519835K(520192K)->519843K(520192K)
[770.603s][info][gc,metaspace   ] GC(2154) Metaspace: 35646K(36352K)->35646K(36352K) NonClass: 26434K(26944K)->26434K(26944K) Class: 9211K(9408K)->9211K(9408K)
[770.603s][info][gc             ] GC(2154) Pause Young (Allocation Failure) 803M->507M(817M) 1.807ms
[770.603s][info][gc,cpu         ] GC(2154) User=0.01s Sys=0.00s Real=0.01s
[771.521s][info][gc,start       ] GC(2155) Pause Young (Allocation Failure)
[771.523s][info][gc,heap        ] GC(2155) PSYoungGen: 303168K(316928K)->64K(291328K) Eden: 303104K(303104K)->0K(290816K) From: 64K(13824K)->64K(512K)
[771.523s][info][gc,heap        ] GC(2155) ParOldGen: 519843K(520192K)->519851K(520192K)
[771.523s][info][gc,metaspace   ] GC(2155) Metaspace: 35646K(36352K)->35646K(36352K) NonClass: 26434K(26944K)->26434K(26944K) Class: 9211K(9408K)->9211K(9408K)
[771.523s][info][gc             ] GC(2155) Pause Young (Allocation Failure) 803M->507M(792M) 2.200ms
[771.523s][info][gc,cpu         ] GC(2155) User=0.00s Sys=0.00s Real=0.01s
[772.195s][info][gc,start       ] GC(2156) Pause Young (Allocation Failure)
[772.196s][info][gc,heap        ] GC(2156) PSYoungGen: 290880K(291328K)->64K(291840K) Eden: 290816K(290816K)->0K(279552K) From: 64K(512K)->64K(12288K)
[772.197s][info][gc,heap        ] GC(2156) ParOldGen: 519851K(520192K)->519859K(520192K)
[772.197s][info][gc,metaspace   ] GC(2156) Metaspace: 35646K(36352K)->35646K(36352K) NonClass: 26434K(26944K)->26434K(26944K) Class: 9211K(9408K)->9211K(9408K)
[772.197s][info][gc             ] GC(2156) Pause Young (Allocation Failure) 791M->507M(793M) 1.650ms
[772.197s][info][gc,cpu         ] GC(2156) User=0.00s Sys=0.00s Real=0.00s
[772.692s][info][gc,start       ] GC(2157) Pause Young (Allocation Failure)
[772.694s][info][gc,heap        ] GC(2157) PSYoungGen: 279616K(291840K)->64K(269312K) Eden: 279552K(279552K)->0K(268800K) From: 64K(12288K)->64K(512K)
[772.694s][info][gc,heap        ] GC(2157) ParOldGen: 519859K(520192K)->519867K(520192K)
[772.694s][info][gc,metaspace   ] GC(2157) Metaspace: 35646K(36352K)->35646K(36352K) NonClass: 26434K(26944K)->26434K(26944K) Class: 9211K(9408K)->9211K(9408K)
[772.694s][info][gc             ] GC(2157) Pause Young (Allocation Failure) 780M->507M(771M) 2.027ms
[772.694s][info][gc,cpu         ] GC(2157) User=0.00s Sys=0.00s Real=0.00s
[773.636s][info][gc,start       ] GC(2158) Pause Young (Allocation Failure)
[773.638s][info][gc,heap        ] GC(2158) PSYoungGen: 268864K(269312K)->64K(269312K) Eden: 268800K(268800K)->0K(258560K) From: 64K(512K)->64K(10752K)
[773.638s][info][gc,heap        ] GC(2158) ParOldGen: 519867K(520192K)->519875K(520192K)
[773.638s][info][gc,metaspace   ] GC(2158) Metaspace: 35646K(36352K)->35646K(36352K) NonClass: 26434K(26944K)->26434K(26944K) Class: 9211K(9408K)->9211K(9408K)
[773.638s][info][gc             ] GC(2158) Pause Young (Allocation Failure) 770M->507M(771M) 1.737ms
[773.638s][info][gc,cpu         ] GC(2158) User=0.00s Sys=0.00s Real=0.00s
[774.025s][info][gc,start       ] GC(2159) Pause Young (Allocation Failure)
[774.027s][info][gc,heap        ] GC(2159) PSYoungGen: 258624K(269312K)->64K(249344K) Eden: 258560K(258560K)->0K(248832K) From: 64K(10752K)->64K(512K)
[774.027s][info][gc,heap        ] GC(2159) ParOldGen: 519875K(520192K)->519883K(520192K)
[774.027s][info][gc,metaspace   ] GC(2159) Metaspace: 35646K(36352K)->35646K(36352K) NonClass: 26434K(26944K)->26434K(26944K) Class: 9211K(9408K)->9211K(9408K)
[774.027s][info][gc             ] GC(2159) Pause Young (Allocation Failure) 760M->507M(751M) 1.786ms
[774.027s][info][gc,cpu         ] GC(2159) User=0.00s Sys=0.01s Real=0.00s
[774.111s][info][gc,start       ] GC(2160) Pause Young (Allocation Failure)
[774.113s][info][gc,heap        ] GC(2160) PSYoungGen: 248896K(249344K)->64K(248320K) Eden: 248832K(248832K)->0K(239104K) From: 64K(512K)->64K(9216K)
[774.113s][info][gc,heap        ] GC(2160) ParOldGen: 519883K(520192K)->519891K(520192K)
[774.113s][info][gc,metaspace   ] GC(2160) Metaspace: 35646K(36352K)->35646K(36352K) NonClass: 26434K(26944K)->26434K(26944K) Class: 9211K(9408K)->9211K(9408K)
[774.113s][info][gc             ] GC(2160) Pause Young (Allocation Failure) 750M->507M(750M) 1.482ms
[774.113s][info][gc,cpu         ] GC(2160) User=0.01s Sys=0.00s Real=0.01s
[774.605s][info][gc,start       ] GC(2161) Pause Young (Allocation Failure)
[774.606s][info][gc,heap        ] GC(2161) PSYoungGen: 239168K(248320K)->64K(230400K) Eden: 239104K(239104K)->0K(229888K) From: 64K(9216K)->64K(512K)
[774.607s][info][gc,heap        ] GC(2161) ParOldGen: 519891K(520192K)->519899K(520192K)
[774.607s][info][gc,metaspace   ] GC(2161) Metaspace: 35646K(36352K)->35646K(36352K) NonClass: 26434K(26944K)->26434K(26944K) Class: 9211K(9408K)->9211K(9408K)
[774.607s][info][gc             ] GC(2161) Pause Young (Allocation Failure) 741M->507M(733M) 2.000ms
[774.607s][info][gc,cpu         ] GC(2161) User=0.01s Sys=0.00s Real=0.00s
[774.854s][info][gc,start       ] GC(2162) Pause Young (Allocation Failure)
[774.855s][info][gc,heap        ] GC(2162) PSYoungGen: 229952K(230400K)->64K(229376K) Eden: 229888K(229888K)->0K(221184K) From: 64K(512K)->64K(8192K)
[774.855s][info][gc,heap        ] GC(2162) ParOldGen: 519899K(520192K)->519907K(520192K)
[774.855s][info][gc,metaspace   ] GC(2162) Metaspace: 35646K(36352K)->35646K(36352K) NonClass: 26434K(26944K)->26434K(26944K) Class: 9211K(9408K)->9211K(9408K)
[774.855s][info][gc             ] GC(2162) Pause Young (Allocation Failure) 732M->507M(732M) 1.754ms
[774.856s][info][gc,cpu         ] GC(2162) User=0.01s Sys=0.00s Real=0.00s
[775.159s][info][gc,start       ] GC(2163) Pause Young (Allocation Failure)
[775.181s][info][gc,heap        ] GC(2163) PSYoungGen: 221248K(229376K)->7680K(271872K) Eden: 221184K(221184K)->0K(264192K) From: 64K(8192K)->7680K(7680K)
[775.181s][info][gc,heap        ] GC(2163) ParOldGen: 519907K(520192K)->524315K(524800K)
[775.181s][info][gc,metaspace   ] GC(2163) Metaspace: 35646K(36352K)->35646K(36352K) NonClass: 26434K(26944K)->26434K(26944K) Class: 9211K(9408K)->9211K(9408K)
[775.181s][info][gc             ] GC(2163) Pause Young (Allocation Failure) 723M->519M(778M) 21.216ms
[775.181s][info][gc,cpu         ] GC(2163) User=0.04s Sys=0.00s Real=0.02s
[775.484s][info][gc,start       ] GC(2164) Pause Young (Allocation Failure)
[775.540s][info][gc,heap        ] GC(2164) PSYoungGen: 271872K(271872K)->10752K(282112K) Eden: 264192K(264192K)->0K(271360K) From: 7680K(7680K)->10752K(10752K)
[775.540s][info][gc,heap        ] GC(2164) ParOldGen: 524315K(524800K)->543491K(543744K)
[775.540s][info][gc,metaspace   ] GC(2164) Metaspace: 35646K(36352K)->35646K(36352K) NonClass: 26434K(26944K)->26434K(26944K) Class: 9211K(9408K)->9211K(9408K)
[775.540s][info][gc             ] GC(2164) Pause Young (Allocation Failure) 777M->541M(806M) 56.106ms
[775.540s][info][gc,cpu         ] GC(2164) User=0.10s Sys=0.02s Real=0.05s
[775.775s][info][gc,start       ] GC(2165) Pause Young (Allocation Failure)
[775.822s][info][gc,heap        ] GC(2165) PSYoungGen: 282112K(282112K)->20480K(304128K) Eden: 271360K(271360K)->0K(283648K) From: 10752K(10752K)->20480K(20480K)
[775.822s][info][gc,heap        ] GC(2165) ParOldGen: 543491K(543744K)->544267K(544768K)
[775.822s][info][gc,metaspace   ] GC(2165) Metaspace: 35646K(36352K)->35646K(36352K) NonClass: 26434K(26944K)->26434K(26944K) Class: 9211K(9408K)->9211K(9408K)
[775.822s][info][gc             ] GC(2165) Pause Young (Allocation Failure) 806M->551M(829M) 46.789ms
[775.822s][info][gc,cpu         ] GC(2165) User=0.08s Sys=0.01s Real=0.05s
[776.088s][info][gc,start       ] GC(2166) Pause Young (Allocation Failure)
[776.089s][info][gc,heap        ] GC(2166) PSYoungGen: 304128K(304128K)->64K(308736K) Eden: 283648K(283648K)->0K(283648K) From: 20480K(20480K)->64K(25088K)
[776.089s][info][gc,heap        ] GC(2166) ParOldGen: 544267K(544768K)->544283K(544768K)
[776.089s][info][gc,metaspace   ] GC(2166) Metaspace: 35646K(36352K)->35646K(36352K) NonClass: 26434K(26944K)->26434K(26944K) Class: 9211K(9408K)->9211K(9408K)
[776.090s][info][gc             ] GC(2166) Pause Young (Allocation Failure) 828M->531M(833M) 1.866ms
[776.090s][info][gc,cpu         ] GC(2166) User=0.00s Sys=0.00s Real=0.00s
[776.712s][info][gc,start       ] GC(2167) Pause Young (Allocation Failure)
[776.714s][info][gc,heap        ] GC(2167) PSYoungGen: 283712K(308736K)->64K(306688K) Eden: 283648K(283648K)->0K(284672K) From: 64K(25088K)->64K(22016K)
[776.714s][info][gc,heap        ] GC(2167) ParOldGen: 544283K(544768K)->544291K(544768K)
[776.714s][info][gc,metaspace   ] GC(2167) Metaspace: 35646K(36352K)->35646K(36352K) NonClass: 26434K(26944K)->26434K(26944K) Class: 9211K(9408K)->9211K(9408K)
[776.714s][info][gc             ] GC(2167) Pause Young (Allocation Failure) 808M->531M(831M) 1.917ms
[776.714s][info][gc,cpu         ] GC(2167) User=0.01s Sys=0.00s Real=0.00s
[777.163s][info][gc,start       ] GC(2168) Pause Young (Allocation Failure)
[777.165s][info][gc,heap        ] GC(2168) PSYoungGen: 284736K(306688K)->64K(308224K) Eden: 284672K(284672K)->0K(284672K) From: 64K(22016K)->64K(23552K)
[777.165s][info][gc,heap        ] GC(2168) ParOldGen: 544291K(544768K)->544307K(544768K)
[777.165s][info][gc,metaspace   ] GC(2168) Metaspace: 35646K(36352K)->35646K(36352K) NonClass: 26434K(26944K)->26434K(26944K) Class: 9211K(9408K)->9211K(9408K)
[777.165s][info][gc             ] GC(2168) Pause Young (Allocation Failure) 809M->531M(833M) 1.789ms
[777.165s][info][gc,cpu         ] GC(2168) User=0.01s Sys=0.00s Real=0.00s
[777.367s][info][gc,start       ] GC(2169) Pause Young (Allocation Failure)
[777.369s][info][gc,heap        ] GC(2169) PSYoungGen: 284736K(308224K)->64K(307712K) Eden: 284672K(284672K)->0K(287744K) From: 64K(23552K)->64K(19968K)
[777.369s][info][gc,heap        ] GC(2169) ParOldGen: 544307K(544768K)->544323K(544768K)
[777.369s][info][gc,metaspace   ] GC(2169) Metaspace: 35646K(36352K)->35646K(36352K) NonClass: 26434K(26944K)->26434K(26944K) Class: 9211K(9408K)->9211K(9408K)
[777.369s][info][gc             ] GC(2169) Pause Young (Allocation Failure) 809M->531M(832M) 1.708ms
[777.369s][info][gc,cpu         ] GC(2169) User=0.00s Sys=0.00s Real=0.00s
[777.575s][info][gc,start       ] GC(2170) Pause Young (Allocation Failure)
[777.576s][info][gc,heap        ] GC(2170) PSYoungGen: 287808K(307712K)->64K(309248K) Eden: 287744K(287744K)->0K(287744K) From: 64K(19968K)->64K(21504K)
[777.576s][info][gc,heap        ] GC(2170) ParOldGen: 544323K(544768K)->544323K(544768K)
[777.576s][info][gc,metaspace   ] GC(2170) Metaspace: 35646K(36352K)->35646K(36352K) NonClass: 26434K(26944K)->26434K(26944K) Class: 9211K(9408K)->9211K(9408K)
[777.576s][info][gc             ] GC(2170) Pause Young (Allocation Failure) 812M->531M(834M) 1.660ms
[777.576s][info][gc,cpu         ] GC(2170) User=0.01s Sys=0.00s Real=0.00s
[777.893s][info][gc,start       ] GC(2171) Pause Young (Allocation Failure)
[777.895s][info][gc,heap        ] GC(2171) PSYoungGen: 287808K(309248K)->64K(309760K) Eden: 287744K(287744K)->0K(291840K) From: 64K(21504K)->64K(17920K)
[777.895s][info][gc,heap        ] GC(2171) ParOldGen: 544323K(544768K)->544323K(544768K)
[777.895s][info][gc,metaspace   ] GC(2171) Metaspace: 35646K(36352K)->35646K(36352K) NonClass: 26434K(26944K)->26434K(26944K) Class: 9211K(9408K)->9211K(9408K)
[777.895s][info][gc             ] GC(2171) Pause Young (Allocation Failure) 812M->531M(834M) 1.570ms
[777.895s][info][gc,cpu         ] GC(2171) User=0.01s Sys=0.00s Real=0.00s
[777.944s][info][gc,start       ] GC(2172) Pause Young (Allocation Failure)
[777.946s][info][gc,heap        ] GC(2172) PSYoungGen: 291904K(309760K)->64K(311296K) Eden: 291840K(291840K)->0K(291840K) From: 64K(17920K)->64K(19456K)
[777.946s][info][gc,heap        ] GC(2172) ParOldGen: 544323K(544768K)->544339K(544768K)
[777.946s][info][gc,metaspace   ] GC(2172) Metaspace: 35646K(36352K)->35646K(36352K) NonClass: 26434K(26944K)->26434K(26944K) Class: 9211K(9408K)->9211K(9408K)
[777.946s][info][gc             ] GC(2172) Pause Young (Allocation Failure) 816M->531M(836M) 1.500ms
[777.946s][info][gc,cpu         ] GC(2172) User=0.01s Sys=0.00s Real=0.00s
[777.996s][info][gc,start       ] GC(2173) Pause Young (Allocation Failure)
[777.997s][info][gc,heap        ] GC(2173) PSYoungGen: 291904K(311296K)->64K(311808K) Eden: 291840K(291840K)->0K(295936K) From: 64K(19456K)->64K(15872K)
[777.998s][info][gc,heap        ] GC(2173) ParOldGen: 544339K(544768K)->544339K(544768K)
[777.998s][info][gc,metaspace   ] GC(2173) Metaspace: 35646K(36352K)->35646K(36352K) NonClass: 26434K(26944K)->26434K(26944K) Class: 9211K(9408K)->9211K(9408K)
[777.998s][info][gc             ] GC(2173) Pause Young (Allocation Failure) 816M->531M(836M) 1.633ms
[777.998s][info][gc,cpu         ] GC(2173) User=0.00s Sys=0.00s Real=0.00s
[778.217s][info][gc,start       ] GC(2174) Pause Young (Allocation Failure)
[778.218s][info][gc,heap        ] GC(2174) PSYoungGen: 296000K(311808K)->64K(313344K) Eden: 295936K(295936K)->0K(295936K) From: 64K(15872K)->64K(17408K)
[778.218s][info][gc,heap        ] GC(2174) ParOldGen: 544339K(544768K)->544339K(544768K)
[778.218s][info][gc,metaspace   ] GC(2174) Metaspace: 35646K(36352K)->35646K(36352K) NonClass: 26434K(26944K)->26434K(26944K) Class: 9211K(9408K)->9211K(9408K)
[778.218s][info][gc             ] GC(2174) Pause Young (Allocation Failure) 820M->531M(838M) 1.649ms
[778.218s][info][gc,cpu         ] GC(2174) User=0.00s Sys=0.00s Real=0.00s
[778.427s][info][gc,start       ] GC(2175) Pause Young (Allocation Failure)
[778.429s][info][gc,heap        ] GC(2175) PSYoungGen: 296000K(313344K)->64K(313856K) Eden: 295936K(295936K)->0K(300032K) From: 64K(17408K)->64K(13824K)
[778.429s][info][gc,heap        ] GC(2175) ParOldGen: 544339K(544768K)->544347K(544768K)
[778.429s][info][gc,metaspace   ] GC(2175) Metaspace: 35646K(36352K)->35646K(36352K) NonClass: 26434K(26944K)->26434K(26944K) Class: 9211K(9408K)->9211K(9408K)
[778.429s][info][gc             ] GC(2175) Pause Young (Allocation Failure) 820M->531M(838M) 1.675ms
[778.429s][info][gc,cpu         ] GC(2175) User=0.00s Sys=0.00s Real=0.00s
[778.516s][info][gc,start       ] GC(2176) Pause Young (Allocation Failure)
[778.517s][info][gc,heap        ] GC(2176) PSYoungGen: 300096K(313856K)->64K(315392K) Eden: 300032K(300032K)->0K(300032K) From: 64K(13824K)->64K(15360K)
[778.518s][info][gc,heap        ] GC(2176) ParOldGen: 544347K(544768K)->544355K(544768K)
[778.518s][info][gc,metaspace   ] GC(2176) Metaspace: 35646K(36352K)->35646K(36352K) NonClass: 26434K(26944K)->26434K(26944K) Class: 9211K(9408K)->9211K(9408K)
[778.518s][info][gc             ] GC(2176) Pause Young (Allocation Failure) 824M->531M(840M) 1.670ms
[778.518s][info][gc,cpu         ] GC(2176) User=0.01s Sys=0.00s Real=0.00s
[778.648s][info][gc,start       ] GC(2177) Pause Young (Allocation Failure)
[778.649s][info][gc,heap        ] GC(2177) PSYoungGen: 300096K(315392K)->64K(315904K) Eden: 300032K(300032K)->0K(303616K) From: 64K(15360K)->64K(12288K)
[778.649s][info][gc,heap        ] GC(2177) ParOldGen: 544355K(544768K)->544363K(544768K)
[778.649s][info][gc,metaspace   ] GC(2177) Metaspace: 35646K(36352K)->35646K(36352K) NonClass: 26434K(26944K)->26434K(26944K) Class: 9211K(9408K)->9211K(9408K)
[778.649s][info][gc             ] GC(2177) Pause Young (Allocation Failure) 824M->531M(840M) 1.540ms
[778.649s][info][gc,cpu         ] GC(2177) User=0.00s Sys=0.00s Real=0.00s
[779.072s][info][gc,start       ] GC(2178) Pause Young (Allocation Failure)
[779.074s][info][gc,heap        ] GC(2178) PSYoungGen: 303680K(315904K)->64K(317440K) Eden: 303616K(303616K)->0K(303616K) From: 64K(12288K)->64K(13824K)
[779.074s][info][gc,heap        ] GC(2178) ParOldGen: 544363K(544768K)->544371K(544768K)
[779.074s][info][gc,metaspace   ] GC(2178) Metaspace: 35646K(36352K)->35646K(36352K) NonClass: 26434K(26944K)->26434K(26944K) Class: 9211K(9408K)->9211K(9408K)
[779.074s][info][gc             ] GC(2178) Pause Young (Allocation Failure) 828M->531M(842M) 1.759ms
[779.074s][info][gc,cpu         ] GC(2178) User=0.00s Sys=0.00s Real=0.00s
[780.438s][info][gc,start       ] GC(2179) Pause Young (Allocation Failure)
[780.440s][info][gc,heap        ] GC(2179) PSYoungGen: 303680K(317440K)->64K(317440K) Eden: 303616K(303616K)->0K(307200K) From: 64K(13824K)->64K(10240K)
[780.440s][info][gc,heap        ] GC(2179) ParOldGen: 544371K(544768K)->544379K(544768K)
[780.440s][info][gc,metaspace   ] GC(2179) Metaspace: 35646K(36352K)->35646K(36352K) NonClass: 26434K(26944K)->26434K(26944K) Class: 9211K(9408K)->9211K(9408K)
[780.440s][info][gc             ] GC(2179) Pause Young (Allocation Failure) 828M->531M(842M) 1.828ms
[780.440s][info][gc,cpu         ] GC(2179) User=0.00s Sys=0.00s Real=0.00s
[780.723s][info][gc,start       ] GC(2180) Pause Young (Allocation Failure)
[780.725s][info][gc,heap        ] GC(2180) PSYoungGen: 307264K(317440K)->64K(295424K) Eden: 307200K(307200K)->0K(294912K) From: 64K(10240K)->64K(512K)
[780.725s][info][gc,heap        ] GC(2180) ParOldGen: 544379K(544768K)->544387K(544768K)
[780.725s][info][gc,metaspace   ] GC(2180) Metaspace: 35646K(36352K)->35646K(36352K) NonClass: 26434K(26944K)->26434K(26944K) Class: 9211K(9408K)->9211K(9408K)
[780.725s][info][gc             ] GC(2180) Pause Young (Allocation Failure) 831M->531M(820M) 2.307ms
[780.725s][info][gc,cpu         ] GC(2180) User=0.00s Sys=0.00s Real=0.00s
[781.242s][info][gc,start       ] GC(2181) Pause Young (Allocation Failure)
[781.244s][info][gc,heap        ] GC(2181) PSYoungGen: 294976K(295424K)->64K(283648K) Eden: 294912K(294912K)->0K(283136K) From: 64K(512K)->64K(512K)
[781.244s][info][gc,heap        ] GC(2181) ParOldGen: 544387K(544768K)->544395K(544768K)
[781.244s][info][gc,metaspace   ] GC(2181) Metaspace: 35646K(36352K)->35646K(36352K) NonClass: 26434K(26944K)->26434K(26944K) Class: 9211K(9408K)->9211K(9408K)
[781.244s][info][gc             ] GC(2181) Pause Young (Allocation Failure) 819M->531M(809M) 2.047ms
[781.244s][info][gc,cpu         ] GC(2181) User=0.00s Sys=0.00s Real=0.01s
[782.289s][info][gc,start       ] GC(2182) Pause Young (Allocation Failure)
[782.291s][info][gc,heap        ] GC(2182) PSYoungGen: 283200K(283648K)->64K(282112K) Eden: 283136K(283136K)->0K(271872K) From: 64K(512K)->64K(10240K)
[782.291s][info][gc,heap        ] GC(2182) ParOldGen: 544395K(544768K)->544403K(544768K)
[782.291s][info][gc,metaspace   ] GC(2182) Metaspace: 35646K(36352K)->35646K(36352K) NonClass: 26434K(26944K)->26434K(26944K) Class: 9211K(9408K)->9211K(9408K)
[782.291s][info][gc             ] GC(2182) Pause Young (Allocation Failure) 808M->531M(807M) 1.728ms
[782.291s][info][gc,cpu         ] GC(2182) User=0.01s Sys=0.00s Real=0.00s
[782.499s][info][gc,start       ] GC(2183) Pause Young (Allocation Failure)
[782.501s][info][gc,heap        ] GC(2183) PSYoungGen: 271936K(282112K)->64K(261632K) Eden: 271872K(271872K)->0K(261120K) From: 64K(10240K)->64K(512K)
[782.501s][info][gc,heap        ] GC(2183) ParOldGen: 544403K(544768K)->544411K(544768K)
[782.501s][info][gc,metaspace   ] GC(2183) Metaspace: 35646K(36352K)->35646K(36352K) NonClass: 26434K(26944K)->26434K(26944K) Class: 9211K(9408K)->9211K(9408K)
[782.501s][info][gc             ] GC(2183) Pause Young (Allocation Failure) 797M->531M(787M) 2.053ms
[782.501s][info][gc,cpu         ] GC(2183) User=0.01s Sys=0.00s Real=0.00s
[782.669s][info][gc,start       ] GC(2184) Pause Young (Allocation Failure)
[782.670s][info][gc,heap        ] GC(2184) PSYoungGen: 261184K(261632K)->64K(260096K) Eden: 261120K(261120K)->0K(250880K) From: 64K(512K)->64K(9216K)
[782.670s][info][gc,heap        ] GC(2184) ParOldGen: 544411K(544768K)->544419K(544768K)
[782.670s][info][gc,metaspace   ] GC(2184) Metaspace: 35646K(36352K)->35646K(36352K) NonClass: 26434K(26944K)->26434K(26944K) Class: 9211K(9408K)->9211K(9408K)
[782.670s][info][gc             ] GC(2184) Pause Young (Allocation Failure) 786M->531M(786M) 1.536ms
[782.670s][info][gc,cpu         ] GC(2184) User=0.01s Sys=0.00s Real=0.00s
[783.185s][info][gc,start       ] GC(2185) Pause Young (Allocation Failure)
[783.188s][info][gc,heap        ] GC(2185) PSYoungGen: 250944K(260096K)->64K(241664K) Eden: 250880K(250880K)->0K(241152K) From: 64K(9216K)->64K(512K)
[783.188s][info][gc,heap        ] GC(2185) ParOldGen: 544419K(544768K)->544427K(544768K)
[783.188s][info][gc,metaspace   ] GC(2185) Metaspace: 35646K(36352K)->35646K(36352K) NonClass: 26434K(26944K)->26434K(26944K) Class: 9211K(9408K)->9211K(9408K)
[783.188s][info][gc             ] GC(2185) Pause Young (Allocation Failure) 776M->531M(768M) 2.267ms
[783.188s][info][gc,cpu         ] GC(2185) User=0.00s Sys=0.01s Real=0.00s
[783.483s][info][gc,start       ] GC(2186) Pause Young (Allocation Failure)
[783.485s][info][gc,heap        ] GC(2186) PSYoungGen: 241216K(241664K)->352K(239616K) Eden: 241152K(241152K)->0K(231936K) From: 64K(512K)->352K(7680K)
[783.485s][info][gc,heap        ] GC(2186) ParOldGen: 544427K(544768K)->544443K(544768K)
[783.485s][info][gc,metaspace   ] GC(2186) Metaspace: 35646K(36352K)->35646K(36352K) NonClass: 26434K(26944K)->26434K(26944K) Class: 9211K(9408K)->9211K(9408K)
[783.485s][info][gc             ] GC(2186) Pause Young (Allocation Failure) 767M->532M(766M) 2.024ms
[783.485s][info][gc,cpu         ] GC(2186) User=0.00s Sys=0.00s Real=0.00s
[783.750s][info][gc,start       ] GC(2187) Pause Young (Allocation Failure)
[783.803s][info][gc,heap        ] GC(2187) PSYoungGen: 232288K(239616K)->7168K(276992K) Eden: 231936K(231936K)->0K(269824K) From: 352K(7680K)->7168K(7168K)
[783.803s][info][gc,heap        ] GC(2187) ParOldGen: 544443K(544768K)->563451K(563712K)
[783.803s][info][gc,metaspace   ] GC(2187) Metaspace: 35646K(36352K)->35646K(36352K) NonClass: 26434K(26944K)->26434K(26944K) Class: 9211K(9408K)->9211K(9408K)
[783.803s][info][gc             ] GC(2187) Pause Young (Allocation Failure) 758M->557M(821M) 53.449ms
[783.803s][info][gc,cpu         ] GC(2187) User=0.08s Sys=0.01s Real=0.06s
[784.113s][info][gc,start       ] GC(2188) Pause Young (Allocation Failure)
[784.171s][info][gc,heap        ] GC(2188) PSYoungGen: 276992K(276992K)->15872K(285696K) Eden: 269824K(269824K)->0K(269824K) From: 7168K(7168K)->15872K(15872K)
[784.171s][info][gc,heap        ] GC(2188) ParOldGen: 563451K(563712K)->578531K(578560K)
[784.171s][info][gc,metaspace   ] GC(2188) Metaspace: 35646K(36352K)->35646K(36352K) NonClass: 26434K(26944K)->26434K(26944K) Class: 9211K(9408K)->9211K(9408K)
[784.171s][info][gc             ] GC(2188) Pause Young (Allocation Failure) 820M->580M(844M) 58.231ms
[784.171s][info][gc,cpu         ] GC(2188) User=0.10s Sys=0.01s Real=0.05s
[784.294s][info][gc,start       ] GC(2189) Pause Young (Allocation Failure)
[784.310s][info][gc,heap        ] GC(2189) PSYoungGen: 285696K(285696K)->5760K(310784K) Eden: 269824K(269824K)->0K(285696K) From: 15872K(15872K)->5760K(25088K)
[784.310s][info][gc,heap        ] GC(2189) ParOldGen: 578531K(578560K)->578931K(579072K)
[784.310s][info][gc,metaspace   ] GC(2189) Metaspace: 35646K(36352K)->35646K(36352K) NonClass: 26434K(26944K)->26434K(26944K) Class: 9211K(9408K)->9211K(9408K)
[784.311s][info][gc             ] GC(2189) Pause Young (Allocation Failure) 843M->570M(869M) 16.992ms
[784.311s][info][gc,cpu         ] GC(2189) User=0.03s Sys=0.01s Real=0.01s
[784.854s][info][gc,start       ] GC(2190) Pause Young (Allocation Failure)
[784.855s][info][gc,heap        ] GC(2190) PSYoungGen: 291456K(310784K)->64K(286208K) Eden: 285696K(285696K)->0K(285696K) From: 5760K(25088K)->64K(512K)
[784.856s][info][gc,heap        ] GC(2190) ParOldGen: 578931K(579072K)->578939K(579072K)
[784.856s][info][gc,metaspace   ] GC(2190) Metaspace: 35646K(36352K)->35646K(36352K) NonClass: 26434K(26944K)->26434K(26944K) Class: 9211K(9408K)->9211K(9408K)
[784.856s][info][gc             ] GC(2190) Pause Young (Allocation Failure) 849M->565M(845M) 1.958ms
[784.856s][info][gc,cpu         ] GC(2190) User=0.01s Sys=0.00s Real=0.00s
[785.291s][info][gc,start       ] GC(2191) Pause Young (Allocation Failure)
[785.293s][info][gc,heap        ] GC(2191) PSYoungGen: 285760K(286208K)->64K(308736K) Eden: 285696K(285696K)->0K(286208K) From: 64K(512K)->64K(22528K)
[785.293s][info][gc,heap        ] GC(2191) ParOldGen: 578939K(579072K)->578947K(579072K)
[785.293s][info][gc,metaspace   ] GC(2191) Metaspace: 35646K(36352K)->35646K(36352K) NonClass: 26434K(26944K)->26434K(26944K) Class: 9211K(9408K)->9211K(9408K)
[785.293s][info][gc             ] GC(2191) Pause Young (Allocation Failure) 844M->565M(867M) 1.849ms
[785.293s][info][gc,cpu         ] GC(2191) User=0.00s Sys=0.00s Real=0.01s
[785.704s][info][gc,start       ] GC(2192) Pause Young (Allocation Failure)
[785.705s][info][gc,heap        ] GC(2192) PSYoungGen: 286272K(308736K)->64K(308224K) Eden: 286208K(286208K)->0K(286208K) From: 64K(22528K)->64K(22016K)
[785.705s][info][gc,heap        ] GC(2192) ParOldGen: 578947K(579072K)->578963K(579072K)
[785.706s][info][gc,metaspace   ] GC(2192) Metaspace: 35646K(36352K)->35646K(36352K) NonClass: 26434K(26944K)->26434K(26944K) Class: 9211K(9408K)->9211K(9408K)
[785.706s][info][gc             ] GC(2192) Pause Young (Allocation Failure) 844M->565M(866M) 1.978ms
[785.706s][info][gc,cpu         ] GC(2192) User=0.01s Sys=0.00s Real=0.00s
[785.909s][info][gc,start       ] GC(2193) Pause Young (Allocation Failure)
[785.911s][info][gc,heap        ] GC(2193) PSYoungGen: 286272K(308224K)->64K(310784K) Eden: 286208K(286208K)->0K(290304K) From: 64K(22016K)->64K(20480K)
[785.911s][info][gc,heap        ] GC(2193) ParOldGen: 578963K(579072K)->578979K(579072K)
[785.911s][info][gc,metaspace   ] GC(2193) Metaspace: 35646K(36352K)->35646K(36352K) NonClass: 26434K(26944K)->26434K(26944K) Class: 9211K(9408K)->9211K(9408K)
[785.911s][info][gc             ] GC(2193) Pause Young (Allocation Failure) 844M->565M(869M) 1.723ms
[785.911s][info][gc,cpu         ] GC(2193) User=0.00s Sys=0.00s Real=0.00s
[786.233s][info][gc,start       ] GC(2194) Pause Young (Allocation Failure)
[786.235s][info][gc,heap        ] GC(2194) PSYoungGen: 290368K(310784K)->64K(310272K) Eden: 290304K(290304K)->0K(290304K) From: 64K(20480K)->64K(19968K)
[786.235s][info][gc,heap        ] GC(2194) ParOldGen: 578979K(579072K)->578979K(579072K)
[786.235s][info][gc,metaspace   ] GC(2194) Metaspace: 35646K(36352K)->35646K(36352K) NonClass: 26434K(26944K)->26434K(26944K) Class: 9211K(9408K)->9211K(9408K)
[786.235s][info][gc             ] GC(2194) Pause Young (Allocation Failure) 848M->565M(868M) 1.639ms
[786.235s][info][gc,cpu         ] GC(2194) User=0.00s Sys=0.00s Real=0.00s
[786.359s][info][gc,start       ] GC(2195) Pause Young (Allocation Failure)
[786.360s][info][gc,heap        ] GC(2195) PSYoungGen: 290368K(310272K)->64K(312832K) Eden: 290304K(290304K)->0K(293888K) From: 64K(19968K)->64K(18944K)
[786.360s][info][gc,heap        ] GC(2195) ParOldGen: 578979K(579072K)->578987K(579072K)
[786.360s][info][gc,metaspace   ] GC(2195) Metaspace: 35646K(36352K)->35646K(36352K) NonClass: 26434K(26944K)->26434K(26944K) Class: 9211K(9408K)->9211K(9408K)
[786.360s][info][gc             ] GC(2195) Pause Young (Allocation Failure) 848M->565M(871M) 1.595ms
[786.360s][info][gc,cpu         ] GC(2195) User=0.00s Sys=0.00s Real=0.00s
[786.412s][info][gc,start       ] GC(2196) Pause Young (Allocation Failure)
[786.413s][info][gc,heap        ] GC(2196) PSYoungGen: 293952K(312832K)->64K(312320K) Eden: 293888K(293888K)->0K(293888K) From: 64K(18944K)->64K(18432K)
[786.413s][info][gc,heap        ] GC(2196) ParOldGen: 578987K(579072K)->579003K(579072K)
[786.413s][info][gc,metaspace   ] GC(2196) Metaspace: 35646K(36352K)->35646K(36352K) NonClass: 26434K(26944K)->26434K(26944K) Class: 9211K(9408K)->9211K(9408K)
[786.413s][info][gc             ] GC(2196) Pause Young (Allocation Failure) 852M->565M(870M) 1.654ms
[786.413s][info][gc,cpu         ] GC(2196) User=0.00s Sys=0.00s Real=0.01s
[786.550s][info][gc,start       ] GC(2197) Pause Young (Allocation Failure)
[786.551s][info][gc,heap        ] GC(2197) PSYoungGen: 293952K(312320K)->64K(314368K) Eden: 293888K(293888K)->0K(297472K) From: 64K(18432K)->64K(16896K)
[786.551s][info][gc,heap        ] GC(2197) ParOldGen: 579003K(579072K)->579003K(579072K)
[786.551s][info][gc,metaspace   ] GC(2197) Metaspace: 35646K(36352K)->35646K(36352K) NonClass: 26434K(26944K)->26434K(26944K) Class: 9211K(9408K)->9211K(9408K)
[786.551s][info][gc             ] GC(2197) Pause Young (Allocation Failure) 852M->565M(872M) 1.706ms
[786.551s][info][gc,cpu         ] GC(2197) User=0.00s Sys=0.00s Real=0.00s
[786.773s][info][gc,start       ] GC(2198) Pause Young (Allocation Failure)
[786.775s][info][gc,heap        ] GC(2198) PSYoungGen: 297536K(314368K)->64K(313856K) Eden: 297472K(297472K)->0K(297472K) From: 64K(16896K)->64K(16384K)
[786.775s][info][gc,heap        ] GC(2198) ParOldGen: 579003K(579072K)->579011K(579072K)
[786.775s][info][gc,metaspace   ] GC(2198) Metaspace: 35646K(36352K)->35646K(36352K) NonClass: 26434K(26944K)->26434K(26944K) Class: 9211K(9408K)->9211K(9408K)
[786.775s][info][gc             ] GC(2198) Pause Young (Allocation Failure) 855M->565M(872M) 1.757ms
[786.775s][info][gc,cpu         ] GC(2198) User=0.00s Sys=0.00s Real=0.00s
[786.919s][info][gc,start       ] GC(2199) Pause Young (Allocation Failure)
[786.921s][info][gc,heap        ] GC(2199) PSYoungGen: 297536K(313856K)->64K(316416K) Eden: 297472K(297472K)->0K(301568K) From: 64K(16384K)->64K(14848K)
[786.921s][info][gc,heap        ] GC(2199) ParOldGen: 579011K(579072K)->579019K(579072K)
[786.921s][info][gc,metaspace   ] GC(2199) Metaspace: 35646K(36352K)->35646K(36352K) NonClass: 26434K(26944K)->26434K(26944K) Class: 9211K(9408K)->9211K(9408K)
[786.921s][info][gc             ] GC(2199) Pause Young (Allocation Failure) 856M->565M(874M) 1.650ms
[786.921s][info][gc,cpu         ] GC(2199) User=0.00s Sys=0.00s Real=0.00s
[787.015s][info][gc,start       ] GC(2200) Pause Young (Allocation Failure)
[787.017s][info][gc,heap        ] GC(2200) PSYoungGen: 301632K(316416K)->64K(315904K) Eden: 301568K(301568K)->0K(301568K) From: 64K(14848K)->64K(14336K)
[787.017s][info][gc,heap        ] GC(2200) ParOldGen: 579019K(579072K)->579027K(579072K)
[787.017s][info][gc,metaspace   ] GC(2200) Metaspace: 35646K(36352K)->35646K(36352K) NonClass: 26434K(26944K)->26434K(26944K) Class: 9211K(9408K)->9211K(9408K)
[787.017s][info][gc             ] GC(2200) Pause Young (Allocation Failure) 860M->565M(874M) 1.739ms
[787.017s][info][gc,cpu         ] GC(2200) User=0.00s Sys=0.00s Real=0.00s
[787.191s][info][gc,start       ] GC(2201) Pause Young (Allocation Failure)
[787.193s][info][gc,heap        ] GC(2201) PSYoungGen: 301632K(315904K)->64K(318464K) Eden: 301568K(301568K)->0K(305664K) From: 64K(14336K)->64K(12800K)
[787.193s][info][gc,heap        ] GC(2201) ParOldGen: 579027K(579072K)->579035K(579072K)
[787.193s][info][gc,metaspace   ] GC(2201) Metaspace: 35646K(36352K)->35646K(36352K) NonClass: 26434K(26944K)->26434K(26944K) Class: 9211K(9408K)->9211K(9408K)
[787.193s][info][gc             ] GC(2201) Pause Young (Allocation Failure) 860M->565M(876M) 1.746ms
[787.193s][info][gc,cpu         ] GC(2201) User=0.00s Sys=0.00s Real=0.01s
[788.118s][info][gc,start       ] GC(2202) Pause Young (Allocation Failure)
[788.120s][info][gc,heap        ] GC(2202) PSYoungGen: 305728K(318464K)->64K(318464K) Eden: 305664K(305664K)->0K(305664K) From: 64K(12800K)->64K(12800K)
[788.120s][info][gc,heap        ] GC(2202) ParOldGen: 579035K(579072K)->579043K(579072K)
[788.120s][info][gc,metaspace   ] GC(2202) Metaspace: 35646K(36352K)->35646K(36352K) NonClass: 26434K(26944K)->26434K(26944K) Class: 9211K(9408K)->9211K(9408K)
[788.120s][info][gc             ] GC(2202) Pause Young (Allocation Failure) 864M->565M(876M) 1.912ms
[788.120s][info][gc,cpu         ] GC(2202) User=0.00s Sys=0.00s Real=0.00s
[789.012s][info][gc,start       ] GC(2203) Pause Young (Allocation Failure)
[789.014s][info][gc,heap        ] GC(2203) PSYoungGen: 305728K(318464K)->64K(293888K) Eden: 305664K(305664K)->0K(293376K) From: 64K(12800K)->64K(512K)
[789.014s][info][gc,heap        ] GC(2203) ParOldGen: 579043K(579072K)->579051K(579072K)
[789.014s][info][gc,metaspace   ] GC(2203) Metaspace: 35646K(36352K)->35646K(36352K) NonClass: 26434K(26944K)->26434K(26944K) Class: 9211K(9408K)->9211K(9408K)
[789.014s][info][gc             ] GC(2203) Pause Young (Allocation Failure) 864M->565M(852M) 1.946ms
[789.014s][info][gc,cpu         ] GC(2203) User=0.01s Sys=0.00s Real=0.00s
[789.471s][info][gc,start       ] GC(2204) Pause Young (Allocation Failure)
[789.473s][info][gc,heap        ] GC(2204) PSYoungGen: 293440K(293888K)->64K(292864K) Eden: 293376K(293376K)->0K(281600K) From: 64K(512K)->64K(11264K)
[789.473s][info][gc,heap        ] GC(2204) ParOldGen: 579051K(579072K)->579059K(579072K)
[789.473s][info][gc,metaspace   ] GC(2204) Metaspace: 35646K(36352K)->35646K(36352K) NonClass: 26434K(26944K)->26434K(26944K) Class: 9211K(9408K)->9211K(9408K)
[789.473s][info][gc             ] GC(2204) Pause Young (Allocation Failure) 852M->565M(851M) 1.679ms
[789.473s][info][gc,cpu         ] GC(2204) User=0.00s Sys=0.00s Real=0.01s
[790.442s][info][gc,start       ] GC(2205) Pause Young (Allocation Failure)
[790.444s][info][gc,heap        ] GC(2205) PSYoungGen: 281664K(292864K)->64K(270848K) Eden: 281600K(281600K)->0K(270336K) From: 64K(11264K)->64K(512K)
[790.444s][info][gc,heap        ] GC(2205) ParOldGen: 579059K(579072K)->579067K(579072K)
[790.444s][info][gc,metaspace   ] GC(2205) Metaspace: 35646K(36352K)->35646K(36352K) NonClass: 26434K(26944K)->26434K(26944K) Class: 9211K(9408K)->9211K(9408K)
[790.444s][info][gc             ] GC(2205) Pause Young (Allocation Failure) 840M->565M(830M) 2.016ms
[790.444s][info][gc,cpu         ] GC(2205) User=0.00s Sys=0.00s Real=0.00s
[790.841s][info][gc,start       ] GC(2206) Pause Young (Allocation Failure)
[790.843s][info][gc,heap        ] GC(2206) PSYoungGen: 270400K(270848K)->64K(269312K) Eden: 270336K(270336K)->0K(259584K) From: 64K(512K)->64K(9728K)
[790.843s][info][gc,heap        ] GC(2206) ParOldGen: 579067K(579072K)->579075K(579584K)
[790.843s][info][gc,metaspace   ] GC(2206) Metaspace: 35646K(36352K)->35646K(36352K) NonClass: 26434K(26944K)->26434K(26944K) Class: 9211K(9408K)->9211K(9408K)
[790.843s][info][gc             ] GC(2206) Pause Young (Allocation Failure) 829M->565M(829M) 1.731ms
[790.843s][info][gc,cpu         ] GC(2206) User=0.00s Sys=0.00s Real=0.01s
[790.996s][info][gc,start       ] GC(2207) Pause Young (Allocation Failure)
[790.998s][info][gc,heap        ] GC(2207) PSYoungGen: 259648K(269312K)->64K(249856K) Eden: 259584K(259584K)->0K(249344K) From: 64K(9728K)->64K(512K)
[790.998s][info][gc,heap        ] GC(2207) ParOldGen: 579075K(579584K)->579083K(579584K)
[790.998s][info][gc,metaspace   ] GC(2207) Metaspace: 35646K(36352K)->35646K(36352K) NonClass: 26434K(26944K)->26434K(26944K) Class: 9211K(9408K)->9211K(9408K)
[790.998s][info][gc             ] GC(2207) Pause Young (Allocation Failure) 819M->565M(810M) 2.178ms
[790.998s][info][gc,cpu         ] GC(2207) User=0.00s Sys=0.00s Real=0.00s
[791.381s][info][gc,start       ] GC(2208) Pause Young (Allocation Failure)
[791.382s][info][gc,heap        ] GC(2208) PSYoungGen: 249408K(249856K)->64K(248320K) Eden: 249344K(249344K)->0K(239616K) From: 64K(512K)->64K(8704K)
[791.382s][info][gc,heap        ] GC(2208) ParOldGen: 579083K(579584K)->579091K(579584K)
[791.382s][info][gc,metaspace   ] GC(2208) Metaspace: 35646K(36352K)->35646K(36352K) NonClass: 26434K(26944K)->26434K(26944K) Class: 9211K(9408K)->9211K(9408K)
[791.382s][info][gc             ] GC(2208) Pause Young (Allocation Failure) 809M->565M(808M) 1.723ms
[791.382s][info][gc,cpu         ] GC(2208) User=0.01s Sys=0.00s Real=0.01s
[791.701s][info][gc,start       ] GC(2209) Pause Young (Allocation Failure)
[791.703s][info][gc,heap        ] GC(2209) PSYoungGen: 239680K(248320K)->64K(230912K) Eden: 239616K(239616K)->0K(230400K) From: 64K(8704K)->64K(512K)
[791.703s][info][gc,heap        ] GC(2209) ParOldGen: 579091K(579584K)->579099K(579584K)
[791.703s][info][gc,metaspace   ] GC(2209) Metaspace: 35646K(36352K)->35646K(36352K) NonClass: 26434K(26944K)->26434K(26944K) Class: 9211K(9408K)->9211K(9408K)
[791.703s][info][gc             ] GC(2209) Pause Young (Allocation Failure) 799M->565M(791M) 2.015ms
[791.703s][info][gc,cpu         ] GC(2209) User=0.01s Sys=0.00s Real=0.01s
[792.029s][info][gc,start       ] GC(2210) Pause Young (Allocation Failure)
[792.043s][info][gc,heap        ] GC(2210) PSYoungGen: 230464K(230912K)->7680K(282112K) Eden: 230400K(230400K)->0K(274432K) From: 64K(512K)->7680K(7680K)
[792.043s][info][gc,heap        ] GC(2210) ParOldGen: 579099K(579584K)->579891K(580096K)
[792.043s][info][gc,metaspace   ] GC(2210) Metaspace: 35646K(36352K)->35646K(36352K) NonClass: 26434K(26944K)->26434K(26944K) Class: 9211K(9408K)->9211K(9408K)
[792.043s][info][gc             ] GC(2210) Pause Young (Allocation Failure) 790M->573M(842M) 14.263ms
[792.043s][info][gc,cpu         ] GC(2210) User=0.03s Sys=0.00s Real=0.02s
[792.363s][info][gc,start       ] GC(2211) Pause Young (Allocation Failure)
[792.423s][info][gc,heap        ] GC(2211) PSYoungGen: 282112K(282112K)->7680K(274432K) Eden: 274432K(274432K)->0K(266752K) From: 7680K(7680K)->7680K(7680K)
[792.423s][info][gc,heap        ] GC(2211) ParOldGen: 579891K(580096K)->603203K(603648K)
[792.423s][info][gc,metaspace   ] GC(2211) Metaspace: 35646K(36352K)->35646K(36352K) NonClass: 26434K(26944K)->26434K(26944K) Class: 9211K(9408K)->9211K(9408K)
[792.423s][info][gc             ] GC(2211) Pause Young (Allocation Failure) 841M->596M(857M) 60.665ms
[792.423s][info][gc,cpu         ] GC(2211) User=0.11s Sys=0.02s Real=0.06s
[792.679s][info][gc,start       ] GC(2212) Pause Young (Allocation Failure)
[792.722s][info][gc,heap        ] GC(2212) PSYoungGen: 274432K(274432K)->19968K(286720K) Eden: 266752K(266752K)->0K(266752K) From: 7680K(7680K)->19968K(19968K)
[792.722s][info][gc,heap        ] GC(2212) ParOldGen: 603203K(603648K)->607059K(607232K)
[792.722s][info][gc,metaspace   ] GC(2212) Metaspace: 35646K(36352K)->35646K(36352K) NonClass: 26434K(26944K)->26434K(26944K) Class: 9211K(9408K)->9211K(9408K)
[792.722s][info][gc             ] GC(2212) Pause Young (Allocation Failure) 857M->612M(873M) 42.611ms
[792.722s][info][gc,cpu         ] GC(2212) User=0.08s Sys=0.00s Real=0.05s
[792.892s][info][gc,start       ] GC(2213) Pause Young (Allocation Failure)
[792.895s][info][gc,heap        ] GC(2213) PSYoungGen: 286720K(286720K)->64K(309248K) Eden: 266752K(266752K)->0K(283648K) From: 19968K(19968K)->64K(25600K)
[792.895s][info][gc,heap        ] GC(2213) ParOldGen: 607059K(607232K)->607155K(607232K)
[792.895s][info][gc,metaspace   ] GC(2213) Metaspace: 35646K(36352K)->35646K(36352K) NonClass: 26434K(26944K)->26434K(26944K) Class: 9211K(9408K)->9211K(9408K)
[792.895s][info][gc             ] GC(2213) Pause Young (Allocation Failure) 872M->592M(895M) 2.802ms
[792.895s][info][gc,cpu         ] GC(2213) User=0.00s Sys=0.00s Real=0.00s
[793.567s][info][gc,start       ] GC(2214) Pause Young (Allocation Failure)
[793.569s][info][gc,heap        ] GC(2214) PSYoungGen: 283712K(309248K)->64K(284160K) Eden: 283648K(283648K)->0K(283648K) From: 64K(25600K)->64K(512K)
[793.569s][info][gc,heap        ] GC(2214) ParOldGen: 607155K(607232K)->607163K(607232K)
[793.569s][info][gc,metaspace   ] GC(2214) Metaspace: 35646K(36352K)->35646K(36352K) NonClass: 26434K(26944K)->26434K(26944K) Class: 9211K(9408K)->9211K(9408K)
[793.569s][info][gc             ] GC(2214) Pause Young (Allocation Failure) 869M->592M(870M) 1.968ms
[793.569s][info][gc,cpu         ] GC(2214) User=0.01s Sys=0.00s Real=0.00s
[794.034s][info][gc,start       ] GC(2215) Pause Young (Allocation Failure)
[794.036s][info][gc,heap        ] GC(2215) PSYoungGen: 283712K(284160K)->64K(307712K) Eden: 283648K(283648K)->0K(284160K) From: 64K(512K)->64K(23552K)
[794.036s][info][gc,heap        ] GC(2215) ParOldGen: 607163K(607232K)->607179K(607232K)
[794.036s][info][gc,metaspace   ] GC(2215) Metaspace: 35646K(36352K)->35646K(36352K) NonClass: 26434K(26944K)->26434K(26944K) Class: 9211K(9408K)->9211K(9408K)
[794.036s][info][gc             ] GC(2215) Pause Young (Allocation Failure) 869M->593M(893M) 1.932ms
[794.036s][info][gc,cpu         ] GC(2215) User=0.00s Sys=0.00s Real=0.00s
[794.238s][info][gc,start       ] GC(2216) Pause Young (Allocation Failure)
[794.240s][info][gc,heap        ] GC(2216) PSYoungGen: 284224K(307712K)->64K(307200K) Eden: 284160K(284160K)->0K(284160K) From: 64K(23552K)->64K(23040K)
[794.240s][info][gc,heap        ] GC(2216) ParOldGen: 607179K(607232K)->607195K(607232K)
[794.240s][info][gc,metaspace   ] GC(2216) Metaspace: 35646K(36352K)->35646K(36352K) NonClass: 26434K(26944K)->26434K(26944K) Class: 9211K(9408K)->9211K(9408K)
[794.240s][info][gc             ] GC(2216) Pause Young (Allocation Failure) 870M->593M(893M) 1.854ms
[794.240s][info][gc,cpu         ] GC(2216) User=0.00s Sys=0.00s Real=0.00s
[794.452s][info][gc,start       ] GC(2217) Pause Young (Allocation Failure)
[794.453s][info][gc,heap        ] GC(2217) PSYoungGen: 284224K(307200K)->64K(309760K) Eden: 284160K(284160K)->0K(288256K) From: 64K(23040K)->64K(21504K)
[794.454s][info][gc,heap        ] GC(2217) ParOldGen: 607195K(607232K)->607195K(607232K)
[794.454s][info][gc,metaspace   ] GC(2217) Metaspace: 35646K(36352K)->35646K(36352K) NonClass: 26434K(26944K)->26434K(26944K) Class: 9211K(9408K)->9211K(9408K)
[794.454s][info][gc             ] GC(2217) Pause Young (Allocation Failure) 870M->593M(895M) 1.990ms
[794.454s][info][gc,cpu         ] GC(2217) User=0.01s Sys=0.00s Real=0.01s
[794.799s][info][gc,start       ] GC(2218) Pause Young (Allocation Failure)
[794.801s][info][gc,heap        ] GC(2218) PSYoungGen: 288320K(309760K)->64K(309248K) Eden: 288256K(288256K)->0K(288256K) From: 64K(21504K)->64K(20992K)
[794.801s][info][gc,heap        ] GC(2218) ParOldGen: 607195K(607232K)->607195K(607232K)
[794.801s][info][gc,metaspace   ] GC(2218) Metaspace: 35646K(36352K)->35646K(36352K) NonClass: 26434K(26944K)->26434K(26944K) Class: 9211K(9408K)->9211K(9408K)
[794.801s][info][gc             ] GC(2218) Pause Young (Allocation Failure) 874M->593M(895M) 1.859ms
[794.801s][info][gc,cpu         ] GC(2218) User=0.01s Sys=0.00s Real=0.00s
[794.851s][info][gc,start       ] GC(2219) Pause Young (Allocation Failure)
[794.852s][info][gc,heap        ] GC(2219) PSYoungGen: 288320K(309248K)->64K(311808K) Eden: 288256K(288256K)->0K(292352K) From: 64K(20992K)->64K(19456K)
[794.852s][info][gc,heap        ] GC(2219) ParOldGen: 607195K(607232K)->607211K(607232K)
[794.852s][info][gc,metaspace   ] GC(2219) Metaspace: 35646K(36352K)->35646K(36352K) NonClass: 26434K(26944K)->26434K(26944K) Class: 9211K(9408K)->9211K(9408K)
[794.852s][info][gc             ] GC(2219) Pause Young (Allocation Failure) 874M->593M(897M) 1.722ms
[794.852s][info][gc,cpu         ] GC(2219) User=0.01s Sys=0.00s Real=0.01s
[794.903s][info][gc,start       ] GC(2220) Pause Young (Allocation Failure)
[794.905s][info][gc,heap        ] GC(2220) PSYoungGen: 292416K(311808K)->64K(311296K) Eden: 292352K(292352K)->0K(292352K) From: 64K(19456K)->64K(18944K)
[794.905s][info][gc,heap        ] GC(2220) ParOldGen: 607211K(607232K)->607211K(607232K)
[794.905s][info][gc,metaspace   ] GC(2220) Metaspace: 35646K(36352K)->35646K(36352K) NonClass: 26434K(26944K)->26434K(26944K) Class: 9211K(9408K)->9211K(9408K)
[794.905s][info][gc             ] GC(2220) Pause Young (Allocation Failure) 878M->593M(897M) 1.614ms
[794.905s][info][gc,cpu         ] GC(2220) User=0.00s Sys=0.00s Real=0.00s
[795.090s][info][gc,start       ] GC(2221) Pause Young (Allocation Failure)
[795.092s][info][gc,heap        ] GC(2221) PSYoungGen: 292416K(311296K)->64K(313856K) Eden: 292352K(292352K)->0K(296448K) From: 64K(18944K)->64K(17408K)
[795.092s][info][gc,heap        ] GC(2221) ParOldGen: 607211K(607232K)->607211K(607232K)
[795.092s][info][gc,metaspace   ] GC(2221) Metaspace: 35646K(36352K)->35646K(36352K) NonClass: 26434K(26944K)->26434K(26944K) Class: 9211K(9408K)->9211K(9408K)
[795.092s][info][gc             ] GC(2221) Pause Young (Allocation Failure) 878M->593M(899M) 1.606ms
[795.092s][info][gc,cpu         ] GC(2221) User=0.00s Sys=0.00s Real=0.00s
[795.305s][info][gc,start       ] GC(2222) Pause Young (Allocation Failure)
[795.307s][info][gc,heap        ] GC(2222) PSYoungGen: 296512K(313856K)->64K(313344K) Eden: 296448K(296448K)->0K(296448K) From: 64K(17408K)->64K(16896K)
[795.307s][info][gc,heap        ] GC(2222) ParOldGen: 607211K(607232K)->607219K(607232K)
[795.307s][info][gc,metaspace   ] GC(2222) Metaspace: 35646K(36352K)->35646K(36352K) NonClass: 26434K(26944K)->26434K(26944K) Class: 9211K(9408K)->9211K(9408K)
[795.307s][info][gc             ] GC(2222) Pause Young (Allocation Failure) 882M->593M(899M) 1.698ms
[795.307s][info][gc,cpu         ] GC(2222) User=0.00s Sys=0.00s Real=0.00s
[795.413s][info][gc,start       ] GC(2223) Pause Young (Allocation Failure)
[795.414s][info][gc,heap        ] GC(2223) PSYoungGen: 296512K(313344K)->64K(315904K) Eden: 296448K(296448K)->0K(300544K) From: 64K(16896K)->64K(15360K)
[795.415s][info][gc,heap        ] GC(2223) ParOldGen: 607219K(607232K)->607227K(607232K)
[795.415s][info][gc,metaspace   ] GC(2223) Metaspace: 35646K(36352K)->35646K(36352K) NonClass: 26434K(26944K)->26434K(26944K) Class: 9211K(9408K)->9211K(9408K)
[795.415s][info][gc             ] GC(2223) Pause Young (Allocation Failure) 882M->593M(901M) 1.754ms
[795.415s][info][gc,cpu         ] GC(2223) User=0.00s Sys=0.00s Real=0.00s
[795.532s][info][gc,start       ] GC(2224) Pause Young (Allocation Failure)
[795.534s][info][gc,heap        ] GC(2224) PSYoungGen: 300608K(315904K)->64K(315392K) Eden: 300544K(300544K)->0K(300544K) From: 64K(15360K)->64K(14848K)
[795.534s][info][gc,heap        ] GC(2224) ParOldGen: 607227K(607232K)->607235K(607744K)
[795.534s][info][gc,metaspace   ] GC(2224) Metaspace: 35646K(36352K)->35646K(36352K) NonClass: 26434K(26944K)->26434K(26944K) Class: 9211K(9408K)->9211K(9408K)
[795.534s][info][gc             ] GC(2224) Pause Young (Allocation Failure) 886M->593M(901M) 1.699ms
[795.534s][info][gc,cpu         ] GC(2224) User=0.01s Sys=0.00s Real=0.01s
[795.912s][info][gc,start       ] GC(2225) Pause Young (Allocation Failure)
[795.914s][info][gc,heap        ] GC(2225) PSYoungGen: 300608K(315392K)->64K(317952K) Eden: 300544K(300544K)->0K(304640K) From: 64K(14848K)->64K(13312K)
[795.914s][info][gc,heap        ] GC(2225) ParOldGen: 607235K(607744K)->607243K(607744K)
[795.914s][info][gc,metaspace   ] GC(2225) Metaspace: 35646K(36352K)->35646K(36352K) NonClass: 26434K(26944K)->26434K(26944K) Class: 9211K(9408K)->9211K(9408K)
[795.914s][info][gc             ] GC(2225) Pause Young (Allocation Failure) 886M->593M(904M) 1.774ms
[795.914s][info][gc,cpu         ] GC(2225) User=0.01s Sys=0.00s Real=0.01s
[796.573s][info][gc,start       ] GC(2226) Pause Young (Allocation Failure)
[796.575s][info][gc,heap        ] GC(2226) PSYoungGen: 304704K(317952K)->64K(317440K) Eden: 304640K(304640K)->0K(304640K) From: 64K(13312K)->64K(12800K)
[796.575s][info][gc,heap        ] GC(2226) ParOldGen: 607243K(607744K)->607251K(607744K)
[796.575s][info][gc,metaspace   ] GC(2226) Metaspace: 35646K(36352K)->35646K(36352K) NonClass: 26434K(26944K)->26434K(26944K) Class: 9211K(9408K)->9211K(9408K)
[796.575s][info][gc             ] GC(2226) Pause Young (Allocation Failure) 890M->593M(903M) 1.793ms
[796.575s][info][gc,cpu         ] GC(2226) User=0.00s Sys=0.00s Real=0.00s
[797.516s][info][gc,start       ] GC(2227) Pause Young (Allocation Failure)
[797.518s][info][gc,heap        ] GC(2227) PSYoungGen: 304704K(317440K)->64K(292864K) Eden: 304640K(304640K)->0K(292352K) From: 64K(12800K)->64K(512K)
[797.518s][info][gc,heap        ] GC(2227) ParOldGen: 607251K(607744K)->607259K(607744K)
[797.518s][info][gc,metaspace   ] GC(2227) Metaspace: 35646K(36352K)->35646K(36352K) NonClass: 26434K(26944K)->26434K(26944K) Class: 9211K(9408K)->9211K(9408K)
[797.518s][info][gc             ] GC(2227) Pause Young (Allocation Failure) 890M->593M(879M) 1.803ms
[797.518s][info][gc,cpu         ] GC(2227) User=0.00s Sys=0.00s Real=0.00s
[798.035s][info][gc,start       ] GC(2228) Pause Young (Allocation Failure)
[798.037s][info][gc,heap        ] GC(2228) PSYoungGen: 292416K(292864K)->64K(291840K) Eden: 292352K(292352K)->0K(280576K) From: 64K(512K)->64K(11264K)
[798.037s][info][gc,heap        ] GC(2228) ParOldGen: 607259K(607744K)->607267K(607744K)
[798.037s][info][gc,metaspace   ] GC(2228) Metaspace: 35646K(36352K)->35646K(36352K) NonClass: 26434K(26944K)->26434K(26944K) Class: 9211K(9408K)->9211K(9408K)
[798.037s][info][gc             ] GC(2228) Pause Young (Allocation Failure) 878M->593M(878M) 1.832ms
[798.037s][info][gc,cpu         ] GC(2228) User=0.00s Sys=0.00s Real=0.00s
[798.983s][info][gc,start       ] GC(2229) Pause Young (Allocation Failure)
[798.985s][info][gc,heap        ] GC(2229) PSYoungGen: 280640K(291840K)->64K(269824K) Eden: 280576K(280576K)->0K(269312K) From: 64K(11264K)->64K(512K)
[798.985s][info][gc,heap        ] GC(2229) ParOldGen: 607267K(607744K)->607275K(607744K)
[798.985s][info][gc,metaspace   ] GC(2229) Metaspace: 35646K(36352K)->35646K(36352K) NonClass: 26434K(26944K)->26434K(26944K) Class: 9211K(9408K)->9211K(9408K)
[798.985s][info][gc             ] GC(2229) Pause Young (Allocation Failure) 867M->593M(857M) 1.909ms
[798.985s][info][gc,cpu         ] GC(2229) User=0.01s Sys=0.00s Real=0.00s
[799.383s][info][gc,start       ] GC(2230) Pause Young (Allocation Failure)
[799.384s][info][gc,heap        ] GC(2230) PSYoungGen: 269376K(269824K)->64K(268800K) Eden: 269312K(269312K)->0K(259072K) From: 64K(512K)->64K(9728K)
[799.384s][info][gc,heap        ] GC(2230) ParOldGen: 607275K(607744K)->607283K(607744K)
[799.384s][info][gc,metaspace   ] GC(2230) Metaspace: 35646K(36352K)->35646K(36352K) NonClass: 26434K(26944K)->26434K(26944K) Class: 9211K(9408K)->9211K(9408K)
[799.384s][info][gc             ] GC(2230) Pause Young (Allocation Failure) 856M->593M(856M) 1.697ms
[799.384s][info][gc,cpu         ] GC(2230) User=0.01s Sys=0.00s Real=0.00s
[799.470s][info][gc,start       ] GC(2231) Pause Young (Allocation Failure)
[799.472s][info][gc,heap        ] GC(2231) PSYoungGen: 259136K(268800K)->64K(249344K) Eden: 259072K(259072K)->0K(248832K) From: 64K(9728K)->64K(512K)
[799.472s][info][gc,heap        ] GC(2231) ParOldGen: 607283K(607744K)->607291K(607744K)
[799.472s][info][gc,metaspace   ] GC(2231) Metaspace: 35646K(36352K)->35646K(36352K) NonClass: 26434K(26944K)->26434K(26944K) Class: 9211K(9408K)->9211K(9408K)
[799.472s][info][gc             ] GC(2231) Pause Young (Allocation Failure) 846M->593M(837M) 1.980ms
[799.472s][info][gc,cpu         ] GC(2231) User=0.00s Sys=0.00s Real=0.00s
[800.031s][info][gc,start       ] GC(2232) Pause Young (Allocation Failure)
[800.032s][info][gc,heap        ] GC(2232) PSYoungGen: 248896K(249344K)->64K(247808K) Eden: 248832K(248832K)->0K(239104K) From: 64K(512K)->64K(8704K)
[800.032s][info][gc,heap        ] GC(2232) ParOldGen: 607291K(607744K)->607299K(607744K)
[800.032s][info][gc,metaspace   ] GC(2232) Metaspace: 35646K(36352K)->35646K(36352K) NonClass: 26434K(26944K)->26434K(26944K) Class: 9211K(9408K)->9211K(9408K)
[800.032s][info][gc             ] GC(2232) Pause Young (Allocation Failure) 836M->593M(835M) 1.661ms
[800.032s][info][gc,cpu         ] GC(2232) User=0.00s Sys=0.01s Real=0.01s
[800.253s][info][gc,start       ] GC(2233) Pause Young (Allocation Failure)
[800.255s][info][gc,heap        ] GC(2233) PSYoungGen: 239168K(247808K)->64K(230400K) Eden: 239104K(239104K)->0K(229888K) From: 64K(8704K)->64K(512K)
[800.255s][info][gc,heap        ] GC(2233) ParOldGen: 607299K(607744K)->607307K(607744K)
[800.255s][info][gc,metaspace   ] GC(2233) Metaspace: 35646K(36352K)->35646K(36352K) NonClass: 26434K(26944K)->26434K(26944K) Class: 9211K(9408K)->9211K(9408K)
[800.255s][info][gc             ] GC(2233) Pause Young (Allocation Failure) 826M->593M(818M) 2.167ms
[800.255s][info][gc,cpu         ] GC(2233) User=0.01s Sys=0.00s Real=0.00s
[800.559s][info][gc,start       ] GC(2234) Pause Young (Allocation Failure)
[800.592s][info][gc,heap        ] GC(2234) PSYoungGen: 229952K(230400K)->7680K(282624K) Eden: 229888K(229888K)->0K(274944K) From: 64K(512K)->7680K(7680K)
[800.592s][info][gc,heap        ] GC(2234) ParOldGen: 607307K(607744K)->617355K(617472K)
[800.592s][info][gc,metaspace   ] GC(2234) Metaspace: 35646K(36352K)->35646K(36352K) NonClass: 26434K(26944K)->26434K(26944K) Class: 9211K(9408K)->9211K(9408K)
[800.592s][info][gc             ] GC(2234) Pause Young (Allocation Failure) 817M->610M(879M) 32.843ms
[800.592s][info][gc,cpu         ] GC(2234) User=0.05s Sys=0.00s Real=0.03s
[800.909s][info][gc,start       ] GC(2235) Pause Young (Allocation Failure)
[800.974s][info][gc,heap        ] GC(2235) PSYoungGen: 282624K(282624K)->13312K(279040K) Eden: 274944K(274944K)->0K(265728K) From: 7680K(7680K)->13312K(13312K)
[800.974s][info][gc,heap        ] GC(2235) ParOldGen: 617355K(617472K)->635331K(635392K)
[800.974s][info][gc,metaspace   ] GC(2235) Metaspace: 35646K(36352K)->35646K(36352K) NonClass: 26434K(26944K)->26434K(26944K) Class: 9211K(9408K)->9211K(9408K)
[800.974s][info][gc             ] GC(2235) Pause Young (Allocation Failure) 878M->633M(893M) 65.176ms
[800.974s][info][gc,cpu         ] GC(2235) User=0.11s Sys=0.02s Real=0.07s
[801.156s][info][gc,start       ] GC(2236) Pause Young (Allocation Failure)
[801.183s][info][gc,heap        ] GC(2236) PSYoungGen: 279040K(279040K)->13920K(288256K) Eden: 265728K(265728K)->0K(265728K) From: 13312K(13312K)->13920K(22528K)
[801.183s][info][gc,heap        ] GC(2236) ParOldGen: 635331K(635392K)->635811K(635904K)
[801.183s][info][gc,metaspace   ] GC(2236) Metaspace: 35646K(36352K)->35646K(36352K) NonClass: 26434K(26944K)->26434K(26944K) Class: 9211K(9408K)->9211K(9408K)
[801.183s][info][gc             ] GC(2236) Pause Young (Allocation Failure) 892M->634M(902M) 26.676ms
[801.183s][info][gc,cpu         ] GC(2236) User=0.05s Sys=0.00s Real=0.03s
[801.524s][info][gc,start       ] GC(2237) Pause Young (Allocation Failure)
[801.526s][info][gc,heap        ] GC(2237) PSYoungGen: 279648K(288256K)->64K(310272K) Eden: 265728K(265728K)->0K(286208K) From: 13920K(22528K)->64K(24064K)
[801.526s][info][gc,heap        ] GC(2237) ParOldGen: 635811K(635904K)->635819K(635904K)
[801.526s][info][gc,metaspace   ] GC(2237) Metaspace: 35646K(36352K)->35646K(36352K) NonClass: 26434K(26944K)->26434K(26944K) Class: 9211K(9408K)->9211K(9408K)
[801.526s][info][gc             ] GC(2237) Pause Young (Allocation Failure) 894M->620M(924M) 1.940ms
[801.526s][info][gc,cpu         ] GC(2237) User=0.00s Sys=0.00s Real=0.00s
[802.107s][info][gc,start       ] GC(2238) Pause Young (Allocation Failure)
[802.109s][info][gc,heap        ] GC(2238) PSYoungGen: 286272K(310272K)->64K(286720K) Eden: 286208K(286208K)->0K(286208K) From: 64K(24064K)->64K(512K)
[802.109s][info][gc,heap        ] GC(2238) ParOldGen: 635819K(635904K)->635827K(635904K)
[802.109s][info][gc,metaspace   ] GC(2238) Metaspace: 35646K(36352K)->35646K(36352K) NonClass: 26434K(26944K)->26434K(26944K) Class: 9211K(9408K)->9211K(9408K)
[802.109s][info][gc             ] GC(2238) Pause Young (Allocation Failure) 900M->620M(901M) 2.033ms
[802.109s][info][gc,cpu         ] GC(2238) User=0.00s Sys=0.00s Real=0.00s
[802.556s][info][gc,start       ] GC(2239) Pause Young (Allocation Failure)
[802.558s][info][gc,heap        ] GC(2239) PSYoungGen: 286272K(286720K)->64K(309760K) Eden: 286208K(286208K)->0K(287232K) From: 64K(512K)->64K(22528K)
[802.558s][info][gc,heap        ] GC(2239) ParOldGen: 635827K(635904K)->635843K(635904K)
[802.558s][info][gc,metaspace   ] GC(2239) Metaspace: 35646K(36352K)->35646K(36352K) NonClass: 26434K(26944K)->26434K(26944K) Class: 9211K(9408K)->9211K(9408K)
[802.558s][info][gc             ] GC(2239) Pause Young (Allocation Failure) 900M->621M(923M) 1.975ms
[802.558s][info][gc,cpu         ] GC(2239) User=0.00s Sys=0.00s Real=0.00s
[802.763s][info][gc,start       ] GC(2240) Pause Young (Allocation Failure)
[802.765s][info][gc,heap        ] GC(2240) PSYoungGen: 287296K(309760K)->64K(308736K) Eden: 287232K(287232K)->0K(287232K) From: 64K(22528K)->64K(21504K)
[802.765s][info][gc,heap        ] GC(2240) ParOldGen: 635843K(635904K)->635859K(635904K)
[802.765s][info][gc,metaspace   ] GC(2240) Metaspace: 35646K(36352K)->35646K(36352K) NonClass: 26434K(26944K)->26434K(26944K) Class: 9211K(9408K)->9211K(9408K)
[802.765s][info][gc             ] GC(2240) Pause Young (Allocation Failure) 901M->621M(922M) 1.857ms
[802.765s][info][gc,cpu         ] GC(2240) User=0.00s Sys=0.00s Real=0.00s
[802.970s][info][gc,start       ] GC(2241) Pause Young (Allocation Failure)
[802.972s][info][gc,heap        ] GC(2241) PSYoungGen: 287296K(308736K)->64K(311296K) Eden: 287232K(287232K)->0K(290816K) From: 64K(21504K)->64K(20480K)
[802.972s][info][gc,heap        ] GC(2241) ParOldGen: 635859K(635904K)->635859K(635904K)
[802.972s][info][gc,metaspace   ] GC(2241) Metaspace: 35646K(36352K)->35646K(36352K) NonClass: 26434K(26944K)->26434K(26944K) Class: 9211K(9408K)->9211K(9408K)
[802.972s][info][gc             ] GC(2241) Pause Young (Allocation Failure) 901M->621M(925M) 1.924ms
[802.972s][info][gc,cpu         ] GC(2241) User=0.01s Sys=0.00s Real=0.00s
[803.268s][info][gc,start       ] GC(2242) Pause Young (Allocation Failure)
[803.270s][info][gc,heap        ] GC(2242) PSYoungGen: 290880K(311296K)->64K(310784K) Eden: 290816K(290816K)->0K(290816K) From: 64K(20480K)->64K(19968K)
[803.270s][info][gc,heap        ] GC(2242) ParOldGen: 635859K(635904K)->635859K(635904K)
[803.270s][info][gc,metaspace   ] GC(2242) Metaspace: 35646K(36352K)->35646K(36352K) NonClass: 26434K(26944K)->26434K(26944K) Class: 9211K(9408K)->9211K(9408K)
[803.270s][info][gc             ] GC(2242) Pause Young (Allocation Failure) 905M->621M(924M) 1.715ms
[803.270s][info][gc,cpu         ] GC(2242) User=0.01s Sys=0.00s Real=0.00s
[803.320s][info][gc,start       ] GC(2243) Pause Young (Allocation Failure)
[803.322s][info][gc,heap        ] GC(2243) PSYoungGen: 290880K(310784K)->64K(312832K) Eden: 290816K(290816K)->0K(294400K) From: 64K(19968K)->64K(18432K)
[803.322s][info][gc,heap        ] GC(2243) ParOldGen: 635859K(635904K)->635875K(635904K)
[803.322s][info][gc,metaspace   ] GC(2243) Metaspace: 35646K(36352K)->35646K(36352K) NonClass: 26434K(26944K)->26434K(26944K) Class: 9211K(9408K)->9211K(9408K)
[803.322s][info][gc             ] GC(2243) Pause Young (Allocation Failure) 905M->621M(926M) 1.631ms
[803.322s][info][gc,cpu         ] GC(2243) User=0.00s Sys=0.00s Real=0.00s
[803.397s][info][gc,start       ] GC(2244) Pause Young (Allocation Failure)
[803.399s][info][gc,heap        ] GC(2244) PSYoungGen: 294464K(312832K)->64K(312320K) Eden: 294400K(294400K)->0K(294400K) From: 64K(18432K)->64K(17920K)
[803.399s][info][gc,heap        ] GC(2244) ParOldGen: 635875K(635904K)->635875K(635904K)
[803.399s][info][gc,metaspace   ] GC(2244) Metaspace: 35646K(36352K)->35646K(36352K) NonClass: 26434K(26944K)->26434K(26944K) Class: 9211K(9408K)->9211K(9408K)
[803.399s][info][gc             ] GC(2244) Pause Young (Allocation Failure) 908M->621M(926M) 1.742ms
[803.399s][info][gc,cpu         ] GC(2244) User=0.01s Sys=0.00s Real=0.00s
[803.618s][info][gc,start       ] GC(2245) Pause Young (Allocation Failure)
[803.619s][info][gc,heap        ] GC(2245) PSYoungGen: 294464K(312320K)->64K(314880K) Eden: 294400K(294400K)->0K(298496K) From: 64K(17920K)->64K(16384K)
[803.619s][info][gc,heap        ] GC(2245) ParOldGen: 635875K(635904K)->635891K(635904K)
[803.619s][info][gc,metaspace   ] GC(2245) Metaspace: 35646K(36352K)->35646K(36352K) NonClass: 26434K(26944K)->26434K(26944K) Class: 9211K(9408K)->9211K(9408K)
[803.619s][info][gc             ] GC(2245) Pause Young (Allocation Failure) 908M->621M(928M) 1.811ms
[803.619s][info][gc,cpu         ] GC(2245) User=0.01s Sys=0.00s Real=0.00s
[803.811s][info][gc,start       ] GC(2246) Pause Young (Allocation Failure)
[803.813s][info][gc,heap        ] GC(2246) PSYoungGen: 298560K(314880K)->64K(314368K) Eden: 298496K(298496K)->0K(298496K) From: 64K(16384K)->64K(15872K)
[803.813s][info][gc,heap        ] GC(2246) ParOldGen: 635891K(635904K)->635891K(635904K)
[803.813s][info][gc,metaspace   ] GC(2246) Metaspace: 35654K(36352K)->35654K(36352K) NonClass: 26442K(26944K)->26442K(26944K) Class: 9211K(9408K)->9211K(9408K)
[803.813s][info][gc             ] GC(2246) Pause Young (Allocation Failure) 912M->621M(928M) 1.914ms
[803.813s][info][gc,cpu         ] GC(2246) User=0.00s Sys=0.00s Real=0.01s
[803.893s][info][gc,start       ] GC(2247) Pause Young (Allocation Failure)
[803.895s][info][gc,heap        ] GC(2247) PSYoungGen: 298560K(314368K)->64K(316928K) Eden: 298496K(298496K)->0K(302080K) From: 64K(15872K)->64K(14848K)
[803.895s][info][gc,heap        ] GC(2247) ParOldGen: 635891K(635904K)->635907K(636416K)
[803.895s][info][gc,metaspace   ] GC(2247) Metaspace: 35654K(36352K)->35654K(36352K) NonClass: 26442K(26944K)->26442K(26944K) Class: 9211K(9408K)->9211K(9408K)
[803.895s][info][gc             ] GC(2247) Pause Young (Allocation Failure) 912M->621M(931M) 1.756ms
[803.895s][info][gc,cpu         ] GC(2247) User=0.00s Sys=0.00s Real=0.00s
[804.043s][info][gc,start       ] GC(2248) Pause Young (Allocation Failure)
[804.046s][info][gc,heap        ] GC(2248) PSYoungGen: 302144K(316928K)->64K(316416K) Eden: 302080K(302080K)->0K(302080K) From: 64K(14848K)->64K(14336K)
[804.046s][info][gc,heap        ] GC(2248) ParOldGen: 635907K(636416K)->635907K(636416K)
[804.046s][info][gc,metaspace   ] GC(2248) Metaspace: 35654K(36352K)->35654K(36352K) NonClass: 26442K(26944K)->26442K(26944K) Class: 9211K(9408K)->9211K(9408K)
[804.046s][info][gc             ] GC(2248) Pause Young (Allocation Failure) 916M->621M(930M) 2.551ms
[804.046s][info][gc,cpu         ] GC(2248) User=0.00s Sys=0.00s Real=0.00s
[804.984s][info][gc,start       ] GC(2249) Pause Young (Allocation Failure)
[804.985s][info][gc,heap        ] GC(2249) PSYoungGen: 302144K(316416K)->64K(318464K) Eden: 302080K(302080K)->0K(305664K) From: 64K(14336K)->64K(12800K)
[804.985s][info][gc,heap        ] GC(2249) ParOldGen: 635907K(636416K)->635915K(636416K)
[804.985s][info][gc,metaspace   ] GC(2249) Metaspace: 35654K(36352K)->35654K(36352K) NonClass: 26442K(26944K)->26442K(26944K) Class: 9211K(9408K)->9211K(9408K)
[804.985s][info][gc             ] GC(2249) Pause Young (Allocation Failure) 916M->621M(932M) 1.875ms
[804.985s][info][gc,cpu         ] GC(2249) User=0.00s Sys=0.00s Real=0.00s
[805.810s][info][gc,start       ] GC(2250) Pause Young (Allocation Failure)
[805.812s][info][gc,heap        ] GC(2250) PSYoungGen: 305728K(318464K)->64K(317952K) Eden: 305664K(305664K)->0K(305664K) From: 64K(12800K)->64K(12288K)
[805.812s][info][gc,heap        ] GC(2250) ParOldGen: 635915K(636416K)->635923K(636416K)
[805.812s][info][gc,metaspace   ] GC(2250) Metaspace: 35654K(36352K)->35654K(36352K) NonClass: 26442K(26944K)->26442K(26944K) Class: 9211K(9408K)->9211K(9408K)
[805.812s][info][gc             ] GC(2250) Pause Young (Allocation Failure) 919M->621M(932M) 1.931ms
[805.812s][info][gc,cpu         ] GC(2250) User=0.00s Sys=0.00s Real=0.00s
[806.167s][info][gc,start       ] GC(2251) Pause Young (Allocation Failure)
[806.169s][info][gc,heap        ] GC(2251) PSYoungGen: 305728K(317952K)->64K(293888K) Eden: 305664K(305664K)->0K(293376K) From: 64K(12288K)->64K(512K)
[806.169s][info][gc,heap        ] GC(2251) ParOldGen: 635923K(636416K)->635931K(636416K)
[806.169s][info][gc,metaspace   ] GC(2251) Metaspace: 35654K(36352K)->35654K(36352K) NonClass: 26442K(26944K)->26442K(26944K) Class: 9211K(9408K)->9211K(9408K)
[806.169s][info][gc             ] GC(2251) Pause Young (Allocation Failure) 919M->621M(908M) 1.818ms
[806.169s][info][gc,cpu         ] GC(2251) User=0.00s Sys=0.00s Real=0.00s
[807.251s][info][gc,start       ] GC(2252) Pause Young (Allocation Failure)
[807.253s][info][gc,heap        ] GC(2252) PSYoungGen: 293440K(293888K)->64K(292352K) Eden: 293376K(293376K)->0K(281600K) From: 64K(512K)->64K(10752K)
[807.253s][info][gc,heap        ] GC(2252) ParOldGen: 635931K(636416K)->635939K(636416K)
[807.253s][info][gc,metaspace   ] GC(2252) Metaspace: 35654K(36352K)->35654K(36352K) NonClass: 26442K(26944K)->26442K(26944K) Class: 9211K(9408K)->9211K(9408K)
[807.253s][info][gc             ] GC(2252) Pause Young (Allocation Failure) 907M->621M(907M) 1.903ms
[807.253s][info][gc,cpu         ] GC(2252) User=0.00s Sys=0.00s Real=0.01s
[807.675s][info][gc,start       ] GC(2253) Pause Young (Allocation Failure)
[807.677s][info][gc,heap        ] GC(2253) PSYoungGen: 281664K(292352K)->64K(270848K) Eden: 281600K(281600K)->0K(270336K) From: 64K(10752K)->64K(512K)
[807.677s][info][gc,heap        ] GC(2253) ParOldGen: 635939K(636416K)->635947K(636416K)
[807.677s][info][gc,metaspace   ] GC(2253) Metaspace: 35654K(36352K)->35654K(36352K) NonClass: 26442K(26944K)->26442K(26944K) Class: 9211K(9408K)->9211K(9408K)
[807.677s][info][gc             ] GC(2253) Pause Young (Allocation Failure) 896M->621M(886M) 1.817ms
[807.677s][info][gc,cpu         ] GC(2253) User=0.01s Sys=0.00s Real=0.00s
[807.865s][info][gc,start       ] GC(2254) Pause Young (Allocation Failure)
[807.866s][info][gc,heap        ] GC(2254) PSYoungGen: 270400K(270848K)->64K(269312K) Eden: 270336K(270336K)->0K(259584K) From: 64K(512K)->64K(9728K)
[807.866s][info][gc,heap        ] GC(2254) ParOldGen: 635947K(636416K)->635955K(636416K)
[807.866s][info][gc,metaspace   ] GC(2254) Metaspace: 35654K(36352K)->35654K(36352K) NonClass: 26442K(26944K)->26442K(26944K) Class: 9211K(9408K)->9211K(9408K)
[807.867s][info][gc             ] GC(2254) Pause Young (Allocation Failure) 885M->621M(884M) 1.705ms
[807.867s][info][gc,cpu         ] GC(2254) User=0.01s Sys=0.00s Real=0.00s
[808.132s][info][gc,start       ] GC(2255) Pause Young (Allocation Failure)
[808.134s][info][gc,heap        ] GC(2255) PSYoungGen: 259648K(269312K)->64K(249856K) Eden: 259584K(259584K)->0K(249344K) From: 64K(9728K)->64K(512K)
[808.134s][info][gc,heap        ] GC(2255) ParOldGen: 635955K(636416K)->635963K(636416K)
[808.134s][info][gc,metaspace   ] GC(2255) Metaspace: 35654K(36352K)->35654K(36352K) NonClass: 26442K(26944K)->26442K(26944K) Class: 9211K(9408K)->9211K(9408K)
[808.134s][info][gc             ] GC(2255) Pause Young (Allocation Failure) 874M->621M(865M) 2.046ms
[808.134s][info][gc,cpu         ] GC(2255) User=0.00s Sys=0.00s Real=0.00s
[808.546s][info][gc,start       ] GC(2256) Pause Young (Allocation Failure)
[808.548s][info][gc,heap        ] GC(2256) PSYoungGen: 249408K(249856K)->64K(247808K) Eden: 249344K(249344K)->0K(239616K) From: 64K(512K)->64K(8192K)
[808.548s][info][gc,heap        ] GC(2256) ParOldGen: 635963K(636416K)->635971K(636416K)
[808.548s][info][gc,metaspace   ] GC(2256) Metaspace: 35654K(36352K)->35654K(36352K) NonClass: 26442K(26944K)->26442K(26944K) Class: 9211K(9408K)->9211K(9408K)
[808.548s][info][gc             ] GC(2256) Pause Young (Allocation Failure) 864M->621M(863M) 1.752ms
[808.548s][info][gc,cpu         ] GC(2256) User=0.00s Sys=0.00s Real=0.00s
[808.877s][info][gc,start       ] GC(2257) Pause Young (Allocation Failure)
[808.885s][info][gc,heap        ] GC(2257) PSYoungGen: 239679K(247808K)->4768K(291328K) Eden: 239615K(239616K)->0K(284672K) From: 64K(8192K)->4768K(6656K)
[808.885s][info][gc,heap        ] GC(2257) ParOldGen: 635971K(636416K)->635979K(636416K)
[808.885s][info][gc,metaspace   ] GC(2257) Metaspace: 35654K(36352K)->35654K(36352K) NonClass: 26442K(26944K)->26442K(26944K) Class: 9211K(9408K)->9211K(9408K)
[808.885s][info][gc             ] GC(2257) Pause Young (Allocation Failure) 855M->625M(906M) 8.188ms
[808.885s][info][gc,cpu         ] GC(2257) User=0.02s Sys=0.00s Real=0.01s
[809.213s][info][gc,start       ] GC(2258) Pause Young (Allocation Failure)
[809.276s][info][gc,heap        ] GC(2258) PSYoungGen: 289440K(291328K)->8704K(293376K) Eden: 284672K(284672K)->0K(284672K) From: 4768K(6656K)->8704K(8704K)
[809.276s][info][gc,heap        ] GC(2258) ParOldGen: 635979K(636416K)->659403K(659456K)
[809.276s][info][gc,metaspace   ] GC(2258) Metaspace: 35654K(36352K)->35654K(36352K) NonClass: 26442K(26944K)->26442K(26944K) Class: 9211K(9408K)->9211K(9408K)
[809.276s][info][gc             ] GC(2258) Pause Young (Allocation Failure) 903M->652M(930M) 62.704ms
[809.276s][info][gc,cpu         ] GC(2258) User=0.10s Sys=0.01s Real=0.06s
[809.568s][info][gc,start       ] GC(2259) Pause Full (Allocation Failure)
[809.568s][info][gc,phases,start] GC(2259) Marking Phase
[809.652s][info][gc,phases      ] GC(2259) Marking Phase 83.604ms
[809.652s][info][gc,phases,start] GC(2259) Summary Phase
[809.652s][info][gc,phases      ] GC(2259) Summary Phase 0.027ms
[809.652s][info][gc,phases,start] GC(2259) Forward
[809.676s][info][gc,phases      ] GC(2259) Forward 24.285ms
[809.676s][info][gc,phases,start] GC(2259) Adjust Pointers
[809.720s][info][gc,phases      ] GC(2259) Adjust Pointers 43.211ms
[809.720s][info][gc,phases,start] GC(2259) Compaction Phase
[809.745s][info][gc,phases      ] GC(2259) Compaction Phase 25.599ms
[809.745s][info][gc,phases,start] GC(2259) Post Compact
[809.748s][info][metaspace      ] ChkMgr @0x00007efc8003f160 (non-class-space): : reclaiming memory...
[809.748s][info][metaspace      ] ChkMgr @0x00007efc8003f160 (non-class-space): nothing reclaimed.
[809.748s][info][metaspace      ] ChkMgr @0x00007efc8003ef70 (class-space): : reclaiming memory...
[809.748s][info][metaspace      ] ChkMgr @0x00007efc8003ef70 (class-space): nothing reclaimed.
[809.748s][info][gc,phases      ] GC(2259) Post Compact 2.653ms
[809.785s][info][gc,heap        ] GC(2259) PSYoungGen: 293376K(293376K)->0K(314368K) Eden: 284672K(284672K)->0K(294912K) From: 8704K(8704K)->0K(19456K)
[809.785s][info][gc,heap        ] GC(2259) ParOldGen: 659403K(659456K)->81840K(175104K)
[809.785s][info][gc,metaspace   ] GC(2259) Metaspace: 35654K(36352K)->35612K(36352K) NonClass: 26442K(26944K)->26401K(26944K) Class: 9211K(9408K)->9211K(9408K)
[809.785s][info][gc             ] GC(2259) Pause Full (Allocation Failure) 930M->79M(478M) 216.521ms
[809.785s][info][gc,cpu         ] GC(2259) User=0.31s Sys=0.04s Real=0.22s
[810.014s][info][gc,start       ] GC(2260) Pause Young (Allocation Failure)
[810.023s][info][gc,heap        ] GC(2260) PSYoungGen: 294912K(314368K)->64K(295424K) Eden: 294912K(294912K)->0K(294912K) From: 0K(19456K)->64K(512K)
[810.023s][info][gc,heap        ] GC(2260) ParOldGen: 81840K(175104K)->81840K(175104K)
[810.023s][info][gc,metaspace   ] GC(2260) Metaspace: 35612K(36352K)->35612K(36352K) NonClass: 26401K(26944K)->26401K(26944K) Class: 9211K(9408K)->9211K(9408K)
[810.023s][info][gc             ] GC(2260) Pause Young (Allocation Failure) 367M->79M(459M) 8.793ms
[810.023s][info][gc,cpu         ] GC(2260) User=0.01s Sys=0.00s Real=0.01s
[810.678s][info][gc,start       ] GC(2261) Pause Young (Allocation Failure)
[810.679s][info][gc,heap        ] GC(2261) PSYoungGen: 294976K(295424K)->64K(313856K) Eden: 294912K(294912K)->0K(295424K) From: 64K(512K)->64K(18432K)
[810.679s][info][gc,heap        ] GC(2261) ParOldGen: 81840K(175104K)->81848K(175104K)
[810.679s][info][gc,metaspace   ] GC(2261) Metaspace: 35612K(36352K)->35612K(36352K) NonClass: 26401K(26944K)->26401K(26944K) Class: 9211K(9408K)->9211K(9408K)
[810.679s][info][gc             ] GC(2261) Pause Young (Allocation Failure) 367M->79M(477M) 0.641ms
[810.679s][info][gc,cpu         ] GC(2261) User=0.00s Sys=0.00s Real=0.00s
[811.138s][info][gc,start       ] GC(2262) Pause Young (Allocation Failure)
[811.139s][info][gc,heap        ] GC(2262) PSYoungGen: 295488K(313856K)->64K(313344K) Eden: 295424K(295424K)->0K(295424K) From: 64K(18432K)->64K(17920K)
[811.139s][info][gc,heap        ] GC(2262) ParOldGen: 81848K(175104K)->81864K(175104K)
[811.139s][info][gc,metaspace   ] GC(2262) Metaspace: 35612K(36352K)->35612K(36352K) NonClass: 26401K(26944K)->26401K(26944K) Class: 9211K(9408K)->9211K(9408K)
[811.139s][info][gc             ] GC(2262) Pause Young (Allocation Failure) 368M->80M(477M) 0.647ms
[811.139s][info][gc,cpu         ] GC(2262) User=0.00s Sys=0.00s Real=0.00s
[811.351s][info][gc,start       ] GC(2263) Pause Young (Allocation Failure)
[811.351s][info][gc,heap        ] GC(2263) PSYoungGen: 295488K(313344K)->64K(314880K) Eden: 295424K(295424K)->0K(298496K) From: 64K(17920K)->64K(16384K)
[811.351s][info][gc,heap        ] GC(2263) ParOldGen: 81864K(175104K)->81880K(175104K)
[811.351s][info][gc,metaspace   ] GC(2263) Metaspace: 35612K(36352K)->35612K(36352K) NonClass: 26401K(26944K)->26401K(26944K) Class: 9211K(9408K)->9211K(9408K)
[811.351s][info][gc             ] GC(2263) Pause Young (Allocation Failure) 368M->80M(478M) 0.539ms
[811.351s][info][gc,cpu         ] GC(2263) User=0.00s Sys=0.00s Real=0.00s
[811.565s][info][gc,start       ] GC(2264) Pause Young (Allocation Failure)
[811.566s][info][gc,heap        ] GC(2264) PSYoungGen: 298560K(314880K)->64K(314368K) Eden: 298496K(298496K)->0K(298496K) From: 64K(16384K)->64K(15872K)
[811.566s][info][gc,heap        ] GC(2264) ParOldGen: 81880K(175104K)->81880K(175104K)
[811.566s][info][gc,metaspace   ] GC(2264) Metaspace: 35612K(36352K)->35612K(36352K) NonClass: 26401K(26944K)->26401K(26944K) Class: 9211K(9408K)->9211K(9408K)
[811.566s][info][gc             ] GC(2264) Pause Young (Allocation Failure) 371M->80M(478M) 0.551ms
[811.566s][info][gc,cpu         ] GC(2264) User=0.00s Sys=0.00s Real=0.00s
[811.874s][info][gc,start       ] GC(2265) Pause Young (Allocation Failure)
[811.874s][info][gc,heap        ] GC(2265) PSYoungGen: 298560K(314368K)->64K(316928K) Eden: 298496K(298496K)->0K(302592K) From: 64K(15872K)->64K(14336K)
[811.874s][info][gc,heap        ] GC(2265) ParOldGen: 81880K(175104K)->81880K(175104K)
[811.874s][info][gc,metaspace   ] GC(2265) Metaspace: 35612K(36352K)->35612K(36352K) NonClass: 26401K(26944K)->26401K(26944K) Class: 9211K(9408K)->9211K(9408K)
[811.874s][info][gc             ] GC(2265) Pause Young (Allocation Failure) 371M->80M(480M) 0.610ms
[811.874s][info][gc,cpu         ] GC(2265) User=0.00s Sys=0.01s Real=0.00s
[811.926s][info][gc,start       ] GC(2266) Pause Young (Allocation Failure)
[811.927s][info][gc,heap        ] GC(2266) PSYoungGen: 302656K(316928K)->64K(316928K) Eden: 302592K(302592K)->0K(302592K) From: 64K(14336K)->64K(14336K)
[811.927s][info][gc,heap        ] GC(2266) ParOldGen: 81880K(175104K)->81896K(175104K)
[811.927s][info][gc,metaspace   ] GC(2266) Metaspace: 35612K(36352K)->35612K(36352K) NonClass: 26401K(26944K)->26401K(26944K) Class: 9211K(9408K)->9211K(9408K)
[811.927s][info][gc             ] GC(2266) Pause Young (Allocation Failure) 375M->80M(480M) 0.563ms
[811.927s][info][gc,cpu         ] GC(2266) User=0.00s Sys=0.00s Real=0.00s
[812.008s][info][gc,start       ] GC(2267) Pause Young (Allocation Failure)
[812.009s][info][gc,heap        ] GC(2267) PSYoungGen: 302656K(316928K)->64K(290816K) Eden: 302592K(302592K)->0K(290304K) From: 64K(14336K)->64K(512K)
[812.009s][info][gc,heap        ] GC(2267) ParOldGen: 81896K(175104K)->81896K(175104K)
[812.009s][info][gc,metaspace   ] GC(2267) Metaspace: 35612K(36352K)->35612K(36352K) NonClass: 26401K(26944K)->26401K(26944K) Class: 9211K(9408K)->9211K(9408K)
[812.009s][info][gc             ] GC(2267) Pause Young (Allocation Failure) 375M->80M(455M) 0.574ms
[812.009s][info][gc,cpu         ] GC(2267) User=0.00s Sys=0.00s Real=0.00s
[812.225s][info][gc,start       ] GC(2268) Pause Young (Allocation Failure)
[812.226s][info][gc,heap        ] GC(2268) PSYoungGen: 290368K(290816K)->64K(291840K) Eden: 290304K(290304K)->0K(279040K) From: 64K(512K)->64K(12800K)
[812.226s][info][gc,heap        ] GC(2268) ParOldGen: 81896K(175104K)->81912K(175104K)
[812.226s][info][gc,metaspace   ] GC(2268) Metaspace: 35612K(36352K)->35612K(36352K) NonClass: 26401K(26944K)->26401K(26944K) Class: 9211K(9408K)->9211K(9408K)
[812.226s][info][gc             ] GC(2268) Pause Young (Allocation Failure) 363M->80M(456M) 0.518ms
[812.226s][info][gc,cpu         ] GC(2268) User=0.00s Sys=0.00s Real=0.00s
[812.411s][info][gc,start       ] GC(2269) Pause Young (Allocation Failure)
[812.411s][info][gc,heap        ] GC(2269) PSYoungGen: 279104K(291840K)->64K(268800K) Eden: 279040K(279040K)->0K(268288K) From: 64K(12800K)->64K(512K)
[812.411s][info][gc,heap        ] GC(2269) ParOldGen: 81912K(175104K)->81912K(175104K)
[812.411s][info][gc,metaspace   ] GC(2269) Metaspace: 35613K(36352K)->35613K(36352K) NonClass: 26402K(26944K)->26402K(26944K) Class: 9211K(9408K)->9211K(9408K)
[812.412s][info][gc             ] GC(2269) Pause Young (Allocation Failure) 352M->80M(433M) 0.648ms
[812.412s][info][gc,cpu         ] GC(2269) User=0.00s Sys=0.00s Real=0.00s
[812.485s][info][gc,start       ] GC(2270) Pause Young (Allocation Failure)
[812.485s][info][gc,heap        ] GC(2270) PSYoungGen: 268352K(268800K)->64K(269312K) Eden: 268288K(268288K)->0K(258048K) From: 64K(512K)->64K(11264K)
[812.485s][info][gc,heap        ] GC(2270) ParOldGen: 81912K(175104K)->81928K(175104K)
[812.485s][info][gc,metaspace   ] GC(2270) Metaspace: 35613K(36352K)->35613K(36352K) NonClass: 26402K(26944K)->26402K(26944K) Class: 9211K(9408K)->9211K(9408K)
[812.485s][info][gc             ] GC(2270) Pause Young (Allocation Failure) 342M->80M(434M) 0.533ms
[812.485s][info][gc,cpu         ] GC(2270) User=0.00s Sys=0.00s Real=0.00s
[812.594s][info][gc,start       ] GC(2271) Pause Young (Allocation Failure)
[812.594s][info][gc,heap        ] GC(2271) PSYoungGen: 258112K(269312K)->64K(248832K) Eden: 258048K(258048K)->0K(248320K) From: 64K(11264K)->64K(512K)
[812.595s][info][gc,heap        ] GC(2271) ParOldGen: 81928K(175104K)->81928K(175104K)
[812.595s][info][gc,metaspace   ] GC(2271) Metaspace: 35613K(36352K)->35613K(36352K) NonClass: 26402K(26944K)->26402K(26944K) Class: 9211K(9408K)->9211K(9408K)
[812.595s][info][gc             ] GC(2271) Pause Young (Allocation Failure) 332M->80M(414M) 0.884ms
[812.595s][info][gc,cpu         ] GC(2271) User=0.00s Sys=0.00s Real=0.00s
[812.921s][info][gc,start       ] GC(2272) Pause Young (Allocation Failure)
[812.921s][info][gc,heap        ] GC(2272) PSYoungGen: 248384K(248832K)->64K(248832K) Eden: 248320K(248320K)->0K(239104K) From: 64K(512K)->64K(9728K)
[812.921s][info][gc,heap        ] GC(2272) ParOldGen: 81928K(175104K)->81936K(175104K)
[812.921s][info][gc,metaspace   ] GC(2272) Metaspace: 35613K(36352K)->35613K(36352K) NonClass: 26402K(26944K)->26402K(26944K) Class: 9211K(9408K)->9211K(9408K)
[812.921s][info][gc             ] GC(2272) Pause Young (Allocation Failure) 322M->80M(414M) 0.579ms
[812.921s][info][gc,cpu         ] GC(2272) User=0.00s Sys=0.00s Real=0.00s
[813.601s][info][gc,start       ] GC(2273) Pause Young (Allocation Failure)
[813.602s][info][gc,heap        ] GC(2273) PSYoungGen: 239168K(248832K)->64K(230400K) Eden: 239104K(239104K)->0K(229888K) From: 64K(9728K)->64K(512K)
[813.602s][info][gc,heap        ] GC(2273) ParOldGen: 81936K(175104K)->81944K(175104K)
[813.602s][info][gc,metaspace   ] GC(2273) Metaspace: 35613K(36352K)->35613K(36352K) NonClass: 26402K(26944K)->26402K(26944K) Class: 9211K(9408K)->9211K(9408K)
[813.602s][info][gc             ] GC(2273) Pause Young (Allocation Failure) 313M->80M(396M) 1.130ms
[813.602s][info][gc,cpu         ] GC(2273) User=0.00s Sys=0.00s Real=0.01s
[814.418s][info][gc,start       ] GC(2274) Pause Young (Allocation Failure)
[814.419s][info][gc,heap        ] GC(2274) PSYoungGen: 229952K(230400K)->64K(229888K) Eden: 229888K(229888K)->0K(221184K) From: 64K(512K)->64K(8704K)
[814.419s][info][gc,heap        ] GC(2274) ParOldGen: 81944K(175104K)->81952K(175104K)
[814.419s][info][gc,metaspace   ] GC(2274) Metaspace: 35613K(36352K)->35613K(36352K) NonClass: 26402K(26944K)->26402K(26944K) Class: 9211K(9408K)->9211K(9408K)
[814.419s][info][gc             ] GC(2274) Pause Young (Allocation Failure) 304M->80M(395M) 0.634ms
[814.419s][info][gc,cpu         ] GC(2274) User=0.00s Sys=0.00s Real=0.00s
[814.635s][info][gc,start       ] GC(2275) Pause Young (Allocation Failure)
[814.636s][info][gc,heap        ] GC(2275) PSYoungGen: 221248K(229888K)->64K(213504K) Eden: 221184K(221184K)->0K(212992K) From: 64K(8704K)->64K(512K)
[814.636s][info][gc,heap        ] GC(2275) ParOldGen: 81952K(175104K)->81960K(175104K)
[814.636s][info][gc,metaspace   ] GC(2275) Metaspace: 35613K(36352K)->35613K(36352K) NonClass: 26402K(26944K)->26402K(26944K) Class: 9211K(9408K)->9211K(9408K)
[814.636s][info][gc             ] GC(2275) Pause Young (Allocation Failure) 296M->80M(379M) 1.079ms
[814.636s][info][gc,cpu         ] GC(2275) User=0.01s Sys=0.00s Real=0.00s
[814.985s][info][gc,start       ] GC(2276) Pause Young (Allocation Failure)
[814.985s][info][gc,heap        ] GC(2276) PSYoungGen: 213056K(213504K)->64K(212992K) Eden: 212992K(212992K)->0K(205312K) From: 64K(512K)->64K(7680K)
[814.985s][info][gc,heap        ] GC(2276) ParOldGen: 81960K(175104K)->81968K(175104K)
[814.985s][info][gc,metaspace   ] GC(2276) Metaspace: 35613K(36352K)->35613K(36352K) NonClass: 26402K(26944K)->26402K(26944K) Class: 9211K(9408K)->9211K(9408K)
[814.985s][info][gc             ] GC(2276) Pause Young (Allocation Failure) 288M->80M(379M) 0.556ms
[814.985s][info][gc,cpu         ] GC(2276) User=0.00s Sys=0.00s Real=0.00s
[815.892s][info][gc,start       ] GC(2277) Pause Young (Allocation Failure)
[815.893s][info][gc,heap        ] GC(2277) PSYoungGen: 205376K(212992K)->64K(198656K) Eden: 205312K(205312K)->0K(198144K) From: 64K(7680K)->64K(512K)
[815.893s][info][gc,heap        ] GC(2277) ParOldGen: 81968K(175104K)->81976K(175104K)
[815.893s][info][gc,metaspace   ] GC(2277) Metaspace: 35613K(36352K)->35613K(36352K) NonClass: 26402K(26944K)->26402K(26944K) Class: 9211K(9408K)->9211K(9408K)
[815.893s][info][gc             ] GC(2277) Pause Young (Allocation Failure) 280M->80M(365M) 1.260ms
[815.893s][info][gc,cpu         ] GC(2277) User=0.00s Sys=0.00s Real=0.01s
[816.249s][info][gc,start       ] GC(2278) Pause Young (Allocation Failure)
[816.250s][info][gc,heap        ] GC(2278) PSYoungGen: 198208K(198656K)->64K(197632K) Eden: 198144K(198144K)->0K(190976K) From: 64K(512K)->64K(6656K)
[816.250s][info][gc,heap        ] GC(2278) ParOldGen: 81976K(175104K)->81984K(175104K)
[816.250s][info][gc,metaspace   ] GC(2278) Metaspace: 35613K(36352K)->35613K(36352K) NonClass: 26402K(26944K)->26402K(26944K) Class: 9211K(9408K)->9211K(9408K)
[816.250s][info][gc             ] GC(2278) Pause Young (Allocation Failure) 273M->80M(364M) 0.897ms
[816.250s][info][gc,cpu         ] GC(2278) User=0.00s Sys=0.00s Real=0.00s
[816.426s][info][gc,start       ] GC(2279) Pause Young (Allocation Failure)
[816.428s][info][gc,heap        ] GC(2279) PSYoungGen: 191040K(197632K)->64K(184832K) Eden: 190976K(190976K)->0K(184320K) From: 64K(6656K)->64K(512K)
[816.428s][info][gc,heap        ] GC(2279) ParOldGen: 81984K(175104K)->81992K(175104K)
[816.428s][info][gc,metaspace   ] GC(2279) Metaspace: 35613K(36352K)->35613K(36352K) NonClass: 26402K(26944K)->26402K(26944K) Class: 9211K(9408K)->9211K(9408K)
[816.428s][info][gc             ] GC(2279) Pause Young (Allocation Failure) 266M->80M(351M) 1.287ms
[816.428s][info][gc,cpu         ] GC(2279) User=0.00s Sys=0.00s Real=0.00s
[816.478s][info][gc,start       ] GC(2280) Pause Young (Allocation Failure)
[816.479s][info][gc,heap        ] GC(2280) PSYoungGen: 184384K(184832K)->32K(183296K) Eden: 184320K(184320K)->0K(177664K) From: 64K(512K)->32K(5632K)
[816.479s][info][gc,heap        ] GC(2280) ParOldGen: 81992K(175104K)->82008K(175104K)
[816.479s][info][gc,metaspace   ] GC(2280) Metaspace: 35613K(36352K)->35613K(36352K) NonClass: 26402K(26944K)->26402K(26944K) Class: 9211K(9408K)->9211K(9408K)
[816.479s][info][gc             ] GC(2280) Pause Young (Allocation Failure) 260M->80M(350M) 0.893ms
[816.479s][info][gc,cpu         ] GC(2280) User=0.01s Sys=0.00s Real=0.00s
[816.724s][info][gc,start       ] GC(2281) Pause Young (Allocation Failure)
[816.725s][info][gc,heap        ] GC(2281) PSYoungGen: 177696K(183296K)->64K(172032K) Eden: 177664K(177664K)->0K(171520K) From: 32K(5632K)->64K(512K)
[816.725s][info][gc,heap        ] GC(2281) ParOldGen: 82008K(175104K)->82008K(175104K)
[816.725s][info][gc,metaspace   ] GC(2281) Metaspace: 35613K(36352K)->35613K(36352K) NonClass: 26402K(26944K)->26402K(26944K) Class: 9211K(9408K)->9211K(9408K)
[816.725s][info][gc             ] GC(2281) Pause Young (Allocation Failure) 253M->80M(339M) 1.337ms
[816.725s][info][gc,cpu         ] GC(2281) User=0.00s Sys=0.00s Real=0.00s
[817.114s][info][gc,start       ] GC(2282) Pause Young (Allocation Failure)
[817.115s][info][gc,heap        ] GC(2282) PSYoungGen: 171584K(172032K)->64K(171008K) Eden: 171520K(171520K)->0K(165888K) From: 64K(512K)->64K(5120K)
[817.115s][info][gc,heap        ] GC(2282) ParOldGen: 82008K(175104K)->82024K(175104K)
[817.115s][info][gc,metaspace   ] GC(2282) Metaspace: 35613K(36352K)->35613K(36352K) NonClass: 26402K(26944K)->26402K(26944K) Class: 9211K(9408K)->9211K(9408K)
[817.115s][info][gc             ] GC(2282) Pause Young (Allocation Failure) 247M->80M(338M) 0.954ms
[817.115s][info][gc,cpu         ] GC(2282) User=0.00s Sys=0.00s Real=0.00s
[817.246s][info][gc,start       ] GC(2283) Pause Young (Allocation Failure)
[817.247s][info][gc,heap        ] GC(2283) PSYoungGen: 165952K(171008K)->32K(160768K) Eden: 165888K(165888K)->0K(160256K) From: 64K(5120K)->32K(512K)
[817.247s][info][gc,heap        ] GC(2283) ParOldGen: 82024K(175104K)->82032K(175104K)
[817.247s][info][gc,metaspace   ] GC(2283) Metaspace: 35613K(36352K)->35613K(36352K) NonClass: 26402K(26944K)->26402K(26944K) Class: 9211K(9408K)->9211K(9408K)
[817.247s][info][gc             ] GC(2283) Pause Young (Allocation Failure) 242M->80M(328M) 1.124ms
[817.247s][info][gc,cpu         ] GC(2283) User=0.00s Sys=0.00s Real=0.00s
[817.480s][info][gc,start       ] GC(2284) Pause Young (Allocation Failure)
[817.497s][info][gc,heap        ] GC(2284) PSYoungGen: 160288K(160768K)->4096K(195584K) Eden: 160256K(160256K)->0K(191488K) From: 32K(512K)->4096K(4096K)
[817.497s][info][gc,heap        ] GC(2284) ParOldGen: 82032K(175104K)->83616K(175104K)
[817.497s][info][gc,metaspace   ] GC(2284) Metaspace: 35613K(36352K)->35613K(36352K) NonClass: 26402K(26944K)->26402K(26944K) Class: 9211K(9408K)->9211K(9408K)
[817.497s][info][gc             ] GC(2284) Pause Young (Allocation Failure) 236M->85M(362M) 17.525ms
[817.497s][info][gc,cpu         ] GC(2284) User=0.02s Sys=0.00s Real=0.02s
[817.718s][info][gc,start       ] GC(2285) Pause Young (Allocation Failure)
[817.752s][info][gc,heap        ] GC(2285) PSYoungGen: 195584K(195584K)->4096K(233472K) Eden: 191488K(191488K)->0K(229376K) From: 4096K(4096K)->4096K(4096K)
[817.752s][info][gc,heap        ] GC(2285) ParOldGen: 83616K(175104K)->101176K(175104K)
[817.752s][info][gc,metaspace   ] GC(2285) Metaspace: 35613K(36352K)->35613K(36352K) NonClass: 26402K(26944K)->26402K(26944K) Class: 9211K(9408K)->9211K(9408K)
[817.752s][info][gc             ] GC(2285) Pause Young (Allocation Failure) 272M->102M(399M) 34.592ms
[817.752s][info][gc,cpu         ] GC(2285) User=0.06s Sys=0.00s Real=0.04s
[818.017s][info][gc,start       ] GC(2286) Pause Young (Allocation Failure)
[818.059s][info][gc,heap        ] GC(2286) PSYoungGen: 233472K(233472K)->13312K(246784K) Eden: 229376K(229376K)->0K(233472K) From: 4096K(4096K)->13312K(13312K)
[818.059s][info][gc,heap        ] GC(2286) ParOldGen: 101176K(175104K)->114216K(175104K)
[818.059s][info][gc,metaspace   ] GC(2286) Metaspace: 35613K(36352K)->35613K(36352K) NonClass: 26402K(26944K)->26402K(26944K) Class: 9211K(9408K)->9211K(9408K)
[818.059s][info][gc             ] GC(2286) Pause Young (Allocation Failure) 326M->124M(412M) 42.161ms
[818.059s][info][gc,cpu         ] GC(2286) User=0.08s Sys=0.00s Real=0.04s
[818.198s][info][gc,start       ] GC(2287) Pause Young (Allocation Failure)
[818.219s][info][gc,heap        ] GC(2287) PSYoungGen: 246784K(246784K)->9536K(294912K) Eden: 233472K(233472K)->0K(274432K) From: 13312K(13312K)->9536K(20480K)
[818.219s][info][gc,heap        ] GC(2287) ParOldGen: 114216K(175104K)->114568K(175104K)
[818.219s][info][gc,metaspace   ] GC(2287) Metaspace: 35613K(36352K)->35613K(36352K) NonClass: 26402K(26944K)->26402K(26944K) Class: 9211K(9408K)->9211K(9408K)
[818.219s][info][gc             ] GC(2287) Pause Young (Allocation Failure) 352M->121M(459M) 21.665ms
[818.219s][info][gc,cpu         ] GC(2287) User=0.04s Sys=0.01s Real=0.02s
[818.605s][info][gc,start       ] GC(2288) Pause Young (Allocation Failure)
[818.606s][info][gc,heap        ] GC(2288) PSYoungGen: 283968K(294912K)->64K(295424K) Eden: 274432K(274432K)->0K(274432K) From: 9536K(20480K)->64K(20992K)
[818.606s][info][gc,heap        ] GC(2288) ParOldGen: 114568K(175104K)->114576K(175104K)
[818.606s][info][gc,metaspace   ] GC(2288) Metaspace: 35613K(36352K)->35613K(36352K) NonClass: 26402K(26944K)->26402K(26944K) Class: 9211K(9408K)->9211K(9408K)
[818.606s][info][gc             ] GC(2288) Pause Young (Allocation Failure) 389M->111M(459M) 0.875ms
[818.606s][info][gc,cpu         ] GC(2288) User=0.00s Sys=0.00s Real=0.00s
[819.155s][info][gc,start       ] GC(2289) Pause Young (Allocation Failure)
[819.156s][info][gc,heap        ] GC(2289) PSYoungGen: 274496K(295424K)->64K(310784K) Eden: 274432K(274432K)->0K(292352K) From: 64K(20992K)->64K(18432K)
[819.156s][info][gc,heap        ] GC(2289) ParOldGen: 114576K(175104K)->114584K(175104K)
[819.156s][info][gc,metaspace   ] GC(2289) Metaspace: 35613K(36352K)->35613K(36352K) NonClass: 26402K(26944K)->26402K(26944K) Class: 9211K(9408K)->9211K(9408K)
[819.156s][info][gc             ] GC(2289) Pause Young (Allocation Failure) 379M->111M(474M) 0.799ms
[819.156s][info][gc,cpu         ] GC(2289) User=0.00s Sys=0.00s Real=0.00s
[819.602s][info][gc,start       ] GC(2290) Pause Young (Allocation Failure)
[819.603s][info][gc,heap        ] GC(2290) PSYoungGen: 292416K(310784K)->64K(311808K) Eden: 292352K(292352K)->0K(292352K) From: 64K(18432K)->64K(19456K)
[819.603s][info][gc,heap        ] GC(2290) ParOldGen: 114584K(175104K)->114600K(175104K)
[819.603s][info][gc,metaspace   ] GC(2290) Metaspace: 35613K(36352K)->35613K(36352K) NonClass: 26402K(26944K)->26402K(26944K) Class: 9211K(9408K)->9211K(9408K)
[819.603s][info][gc             ] GC(2290) Pause Young (Allocation Failure) 397M->111M(475M) 0.819ms
[819.603s][info][gc,cpu         ] GC(2290) User=0.01s Sys=0.00s Real=0.01s
[819.812s][info][gc,start       ] GC(2291) Pause Young (Allocation Failure)
[819.813s][info][gc,heap        ] GC(2291) PSYoungGen: 292416K(311808K)->64K(312832K) Eden: 292352K(292352K)->0K(295424K) From: 64K(19456K)->64K(17408K)
[819.813s][info][gc,heap        ] GC(2291) ParOldGen: 114600K(175104K)->114616K(175104K)
[819.813s][info][gc,metaspace   ] GC(2291) Metaspace: 35613K(36352K)->35613K(36352K) NonClass: 26402K(26944K)->26402K(26944K) Class: 9211K(9408K)->9211K(9408K)
[819.813s][info][gc             ] GC(2291) Pause Young (Allocation Failure) 397M->111M(476M) 0.689ms
[819.813s][info][gc,cpu         ] GC(2291) User=0.01s Sys=0.00s Real=0.01s
[820.026s][info][gc,start       ] GC(2292) Pause Young (Allocation Failure)
[820.027s][info][gc,heap        ] GC(2292) PSYoungGen: 295488K(312832K)->64K(313856K) Eden: 295424K(295424K)->0K(295424K) From: 64K(17408K)->64K(18432K)
[820.027s][info][gc,heap        ] GC(2292) ParOldGen: 114616K(175104K)->114616K(175104K)
[820.027s][info][gc,metaspace   ] GC(2292) Metaspace: 35613K(36352K)->35613K(36352K) NonClass: 26402K(26944K)->26402K(26944K) Class: 9211K(9408K)->9211K(9408K)
[820.027s][info][gc             ] GC(2292) Pause Young (Allocation Failure) 400M->111M(477M) 0.757ms
[820.027s][info][gc,cpu         ] GC(2292) User=0.00s Sys=0.00s Real=0.00s
[820.308s][info][gc,start       ] GC(2293) Pause Young (Allocation Failure)
[820.309s][info][gc,heap        ] GC(2293) PSYoungGen: 295488K(313856K)->64K(313344K) Eden: 295424K(295424K)->0K(297984K) From: 64K(18432K)->64K(15360K)
[820.309s][info][gc,heap        ] GC(2293) ParOldGen: 114616K(175104K)->114616K(175104K)
[820.309s][info][gc,metaspace   ] GC(2293) Metaspace: 35613K(36352K)->35613K(36352K) NonClass: 26402K(26944K)->26402K(26944K) Class: 9211K(9408K)->9211K(9408K)
[820.309s][info][gc             ] GC(2293) Pause Young (Allocation Failure) 400M->111M(477M) 0.672ms
[820.309s][info][gc,cpu         ] GC(2293) User=0.00s Sys=0.00s Real=0.00s
[820.360s][info][gc,start       ] GC(2294) Pause Young (Allocation Failure)
[820.361s][info][gc,heap        ] GC(2294) PSYoungGen: 298048K(313344K)->64K(314368K) Eden: 297984K(297984K)->0K(297984K) From: 64K(15360K)->64K(16384K)
[820.361s][info][gc,heap        ] GC(2294) ParOldGen: 114616K(175104K)->114632K(175104K)
[820.361s][info][gc,metaspace   ] GC(2294) Metaspace: 35613K(36352K)->35613K(36352K) NonClass: 26402K(26944K)->26402K(26944K) Class: 9211K(9408K)->9211K(9408K)
[820.361s][info][gc             ] GC(2294) Pause Young (Allocation Failure) 402M->112M(478M) 0.590ms
[820.361s][info][gc,cpu         ] GC(2294) User=0.00s Sys=0.00s Real=0.00s
[820.459s][info][gc,start       ] GC(2295) Pause Young (Allocation Failure)
[820.460s][info][gc,heap        ] GC(2295) PSYoungGen: 298048K(314368K)->64K(314880K) Eden: 297984K(297984K)->0K(301568K) From: 64K(16384K)->64K(13312K)
[820.460s][info][gc,heap        ] GC(2295) ParOldGen: 114632K(175104K)->114632K(175104K)
[820.460s][info][gc,metaspace   ] GC(2295) Metaspace: 35613K(36352K)->35613K(36352K) NonClass: 26402K(26944K)->26402K(26944K) Class: 9211K(9408K)->9211K(9408K)
[820.460s][info][gc             ] GC(2295) Pause Young (Allocation Failure) 403M->112M(478M) 0.648ms
[820.460s][info][gc,cpu         ] GC(2295) User=0.00s Sys=0.00s Real=0.00s
[820.683s][info][gc,start       ] GC(2296) Pause Young (Allocation Failure)
[820.684s][info][gc,heap        ] GC(2296) PSYoungGen: 301632K(314880K)->64K(316416K) Eden: 301568K(301568K)->0K(301568K) From: 64K(13312K)->64K(14848K)
[820.684s][info][gc,heap        ] GC(2296) ParOldGen: 114632K(175104K)->114648K(175104K)
[820.684s][info][gc,metaspace   ] GC(2296) Metaspace: 35613K(36352K)->35613K(36352K) NonClass: 26402K(26944K)->26402K(26944K) Class: 9211K(9408K)->9211K(9408K)
[820.684s][info][gc             ] GC(2296) Pause Young (Allocation Failure) 406M->112M(480M) 0.664ms
[820.684s][info][gc,cpu         ] GC(2296) User=0.00s Sys=0.00s Real=0.00s
[820.854s][info][gc,start       ] GC(2297) Pause Young (Allocation Failure)
[820.855s][info][gc,heap        ] GC(2297) PSYoungGen: 301632K(316416K)->64K(290304K) Eden: 301568K(301568K)->0K(289792K) From: 64K(14848K)->64K(512K)
[820.855s][info][gc,heap        ] GC(2297) ParOldGen: 114648K(175104K)->114648K(175104K)
[820.855s][info][gc,metaspace   ] GC(2297) Metaspace: 35613K(36352K)->35613K(36352K) NonClass: 26402K(26944K)->26402K(26944K) Class: 9211K(9408K)->9211K(9408K)
[820.855s][info][gc             ] GC(2297) Pause Young (Allocation Failure) 406M->112M(454M) 0.756ms
[820.855s][info][gc,cpu         ] GC(2297) User=0.00s Sys=0.00s Real=0.00s
[820.934s][info][gc,start       ] GC(2298) Pause Young (Allocation Failure)
[820.934s][info][gc,heap        ] GC(2298) PSYoungGen: 289856K(290304K)->64K(291840K) Eden: 289792K(289792K)->0K(278528K) From: 64K(512K)->64K(13312K)
[820.934s][info][gc,heap        ] GC(2298) ParOldGen: 114648K(175104K)->114664K(175104K)
[820.934s][info][gc,metaspace   ] GC(2298) Metaspace: 35613K(36352K)->35613K(36352K) NonClass: 26402K(26944K)->26402K(26944K) Class: 9211K(9408K)->9211K(9408K)
[820.934s][info][gc             ] GC(2298) Pause Young (Allocation Failure) 395M->112M(456M) 0.606ms
[820.934s][info][gc,cpu         ] GC(2298) User=0.00s Sys=0.00s Real=0.00s
[821.082s][info][gc,start       ] GC(2299) Pause Young (Allocation Failure)
[821.082s][info][gc,heap        ] GC(2299) PSYoungGen: 278592K(291840K)->64K(268288K) Eden: 278528K(278528K)->0K(267776K) From: 64K(13312K)->64K(512K)
[821.082s][info][gc,heap        ] GC(2299) ParOldGen: 114664K(175104K)->114664K(175104K)
[821.082s][info][gc,metaspace   ] GC(2299) Metaspace: 35613K(36352K)->35613K(36352K) NonClass: 26402K(26944K)->26402K(26944K) Class: 9211K(9408K)->9211K(9408K)
[821.082s][info][gc             ] GC(2299) Pause Young (Allocation Failure) 384M->112M(433M) 0.697ms
[821.082s][info][gc,cpu         ] GC(2299) User=0.00s Sys=0.00s Real=0.01s
[822.008s][info][gc,start       ] GC(2300) Pause Young (Allocation Failure)
[822.008s][info][gc,heap        ] GC(2300) PSYoungGen: 267833K(268288K)->83K(269312K) Eden: 267769K(267776K)->0K(257536K) From: 64K(512K)->83K(11776K)
[822.008s][info][gc,heap        ] GC(2300) ParOldGen: 114664K(175104K)->114672K(175104K)
[822.008s][info][gc,metaspace   ] GC(2300) Metaspace: 35613K(36352K)->35613K(36352K) NonClass: 26402K(26944K)->26402K(26944K) Class: 9211K(9408K)->9211K(9408K)
[822.008s][info][gc             ] GC(2300) Pause Young (Allocation Failure) 373M->112M(434M) 0.626ms
[822.008s][info][gc,cpu         ] GC(2300) User=0.00s Sys=0.00s Real=0.00s
[822.447s][info][gc,start       ] GC(2301) Pause Young (Allocation Failure)
[822.448s][info][gc,heap        ] GC(2301) PSYoungGen: 257619K(269312K)->64K(248320K) Eden: 257536K(257536K)->0K(247808K) From: 83K(11776K)->64K(512K)
[822.448s][info][gc,heap        ] GC(2301) ParOldGen: 114672K(175104K)->114680K(175104K)
[822.448s][info][gc,metaspace   ] GC(2301) Metaspace: 35613K(36352K)->35613K(36352K) NonClass: 26402K(26944K)->26402K(26944K) Class: 9211K(9408K)->9211K(9408K)
[822.448s][info][gc             ] GC(2301) Pause Young (Allocation Failure) 363M->112M(413M) 1.224ms
[822.448s][info][gc,cpu         ] GC(2301) User=0.00s Sys=0.00s Real=0.00s
[822.986s][info][gc,start       ] GC(2302) Pause Young (Allocation Failure)
[822.987s][info][gc,heap        ] GC(2302) PSYoungGen: 247872K(248320K)->64K(248832K) Eden: 247808K(247808K)->0K(238592K) From: 64K(512K)->64K(10240K)
[822.987s][info][gc,heap        ] GC(2302) ParOldGen: 114680K(175104K)->114688K(175104K)
[822.987s][info][gc,metaspace   ] GC(2302) Metaspace: 35613K(36352K)->35613K(36352K) NonClass: 26402K(26944K)->26402K(26944K) Class: 9211K(9408K)->9211K(9408K)
[822.987s][info][gc             ] GC(2302) Pause Young (Allocation Failure) 354M->112M(414M) 0.992ms
[822.987s][info][gc,cpu         ] GC(2302) User=0.00s Sys=0.00s Real=0.00s
[823.397s][info][gc,start       ] GC(2303) Pause Young (Allocation Failure)
[823.399s][info][gc,heap        ] GC(2303) PSYoungGen: 238656K(248832K)->64K(229888K) Eden: 238592K(238592K)->0K(229376K) From: 64K(10240K)->64K(512K)
[823.399s][info][gc,heap        ] GC(2303) ParOldGen: 114688K(175104K)->114704K(175104K)
[823.399s][info][gc,metaspace   ] GC(2303) Metaspace: 35613K(36352K)->35613K(36352K) NonClass: 26402K(26944K)->26402K(26944K) Class: 9211K(9408K)->9211K(9408K)
[823.399s][info][gc             ] GC(2303) Pause Young (Allocation Failure) 345M->112M(395M) 1.822ms
[823.399s][info][gc,cpu         ] GC(2303) User=0.00s Sys=0.00s Real=0.00s
[824.320s][info][gc,start       ] GC(2304) Pause Young (Allocation Failure)
[824.321s][info][gc,heap        ] GC(2304) PSYoungGen: 229440K(229888K)->64K(229888K) Eden: 229376K(229376K)->0K(220672K) From: 64K(512K)->64K(9216K)
[824.321s][info][gc,heap        ] GC(2304) ParOldGen: 114704K(175104K)->114720K(175104K)
[824.321s][info][gc,metaspace   ] GC(2304) Metaspace: 35613K(36352K)->35613K(36352K) NonClass: 26402K(26944K)->26402K(26944K) Class: 9211K(9408K)->9211K(9408K)
[824.321s][info][gc             ] GC(2304) Pause Young (Allocation Failure) 336M->112M(395M) 1.066ms
[824.321s][info][gc,cpu         ] GC(2304) User=0.00s Sys=0.00s Real=0.00s
[824.706s][info][gc,start       ] GC(2305) Pause Young (Allocation Failure)
[824.708s][info][gc,heap        ] GC(2305) PSYoungGen: 220736K(229888K)->64K(212992K) Eden: 220672K(220672K)->0K(212480K) From: 64K(9216K)->64K(512K)
[824.708s][info][gc,heap        ] GC(2305) ParOldGen: 114720K(175104K)->114736K(175104K)
[824.708s][info][gc,metaspace   ] GC(2305) Metaspace: 35613K(36352K)->35613K(36352K) NonClass: 26402K(26944K)->26402K(26944K) Class: 9211K(9408K)->9211K(9408K)
[824.708s][info][gc             ] GC(2305) Pause Young (Allocation Failure) 327M->112M(379M) 1.888ms
[824.708s][info][gc,cpu         ] GC(2305) User=0.00s Sys=0.00s Real=0.00s
[824.883s][info][gc,start       ] GC(2306) Pause Young (Allocation Failure)
[824.884s][info][gc,heap        ] GC(2306) PSYoungGen: 212544K(212992K)->32K(212992K) Eden: 212480K(212480K)->0K(204800K) From: 64K(512K)->32K(8192K)
[824.884s][info][gc,heap        ] GC(2306) ParOldGen: 114736K(175104K)->114744K(175104K)
[824.884s][info][gc,metaspace   ] GC(2306) Metaspace: 35613K(36352K)->35613K(36352K) NonClass: 26402K(26944K)->26402K(26944K) Class: 9211K(9408K)->9211K(9408K)
[824.884s][info][gc             ] GC(2306) Pause Young (Allocation Failure) 319M->112M(379M) 1.136ms
[824.884s][info][gc,cpu         ] GC(2306) User=0.00s Sys=0.00s Real=0.00s
[824.952s][info][gc,start       ] GC(2307) Pause Young (Allocation Failure)
[824.954s][info][gc,heap        ] GC(2307) PSYoungGen: 204832K(212992K)->64K(198144K) Eden: 204800K(204800K)->0K(197632K) From: 32K(8192K)->64K(512K)
[824.954s][info][gc,heap        ] GC(2307) ParOldGen: 114744K(175104K)->114760K(175104K)
[824.954s][info][gc,metaspace   ] GC(2307) Metaspace: 35613K(36352K)->35613K(36352K) NonClass: 26402K(26944K)->26402K(26944K) Class: 9211K(9408K)->9211K(9408K)
[824.954s][info][gc             ] GC(2307) Pause Young (Allocation Failure) 312M->112M(364M) 1.552ms
[824.954s][info][gc,cpu         ] GC(2307) User=0.00s Sys=0.00s Real=0.00s
[825.362s][info][gc,start       ] GC(2308) Pause Young (Allocation Failure)
[825.363s][info][gc,heap        ] GC(2308) PSYoungGen: 197696K(198144K)->64K(197632K) Eden: 197632K(197632K)->0K(190464K) From: 64K(512K)->64K(7168K)
[825.363s][info][gc,heap        ] GC(2308) ParOldGen: 114760K(175104K)->114776K(175104K)
[825.363s][info][gc,metaspace   ] GC(2308) Metaspace: 35613K(36352K)->35613K(36352K) NonClass: 26402K(26944K)->26402K(26944K) Class: 9211K(9408K)->9211K(9408K)
[825.363s][info][gc             ] GC(2308) Pause Young (Allocation Failure) 305M->112M(364M) 0.989ms
[825.363s][info][gc,cpu         ] GC(2308) User=0.00s Sys=0.00s Real=0.01s
[825.587s][info][gc,start       ] GC(2309) Pause Young (Allocation Failure)
[825.589s][info][gc,heap        ] GC(2309) PSYoungGen: 190528K(197632K)->64K(184320K) Eden: 190464K(190464K)->0K(183808K) From: 64K(7168K)->64K(512K)
[825.589s][info][gc,heap        ] GC(2309) ParOldGen: 114776K(175104K)->114792K(175104K)
[825.589s][info][gc,metaspace   ] GC(2309) Metaspace: 35613K(36352K)->35613K(36352K) NonClass: 26402K(26944K)->26402K(26944K) Class: 9211K(9408K)->9211K(9408K)
[825.589s][info][gc             ] GC(2309) Pause Young (Allocation Failure) 298M->112M(351M) 1.569ms
[825.589s][info][gc,cpu         ] GC(2309) User=0.00s Sys=0.01s Real=0.00s
[825.864s][info][gc,start       ] GC(2310) Pause Young (Allocation Failure)
[825.866s][info][gc,heap        ] GC(2310) PSYoungGen: 183872K(184320K)->256K(183296K) Eden: 183808K(183808K)->0K(177152K) From: 64K(512K)->256K(6144K)
[825.866s][info][gc,heap        ] GC(2310) ParOldGen: 114792K(175104K)->114808K(175104K)
[825.866s][info][gc,metaspace   ] GC(2310) Metaspace: 35613K(36352K)->35613K(36352K) NonClass: 26402K(26944K)->26402K(26944K) Class: 9211K(9408K)->9211K(9408K)
[825.866s][info][gc             ] GC(2310) Pause Young (Allocation Failure) 291M->112M(350M) 1.627ms
[825.866s][info][gc,cpu         ] GC(2310) User=0.00s Sys=0.00s Real=0.00s
[826.069s][info][gc,start       ] GC(2311) Pause Young (Allocation Failure)
[826.103s][info][gc,heap        ] GC(2311) PSYoungGen: 177408K(183296K)->5632K(218112K) Eden: 177152K(177152K)->0K(212480K) From: 256K(6144K)->5632K(5632K)
[826.103s][info][gc,heap        ] GC(2311) ParOldGen: 114808K(175104K)->129168K(175104K)
[826.103s][info][gc,metaspace   ] GC(2311) Metaspace: 35613K(36352K)->35613K(36352K) NonClass: 26402K(26944K)->26402K(26944K) Class: 9211K(9408K)->9211K(9408K)
[826.103s][info][gc             ] GC(2311) Pause Young (Allocation Failure) 285M->131M(384M) 33.794ms
[826.103s][info][gc,cpu         ] GC(2311) User=0.06s Sys=0.00s Real=0.04s
[826.346s][info][gc,start       ] GC(2312) Pause Young (Allocation Failure)
[826.385s][info][gc,heap        ] GC(2312) PSYoungGen: 218112K(218112K)->12288K(253952K) Eden: 212480K(212480K)->0K(241664K) From: 5632K(5632K)->12288K(12288K)
[826.385s][info][gc,heap        ] GC(2312) ParOldGen: 129168K(175104K)->141232K(175104K)
[826.385s][info][gc,metaspace   ] GC(2312) Metaspace: 35613K(36352K)->35613K(36352K) NonClass: 26402K(26944K)->26402K(26944K) Class: 9211K(9408K)->9211K(9408K)
[826.385s][info][gc             ] GC(2312) Pause Young (Allocation Failure) 339M->149M(419M) 38.142ms
[826.385s][info][gc,cpu         ] GC(2312) User=0.08s Sys=0.00s Real=0.04s
[826.594s][info][gc,start       ] GC(2313) Pause Young (Allocation Failure)
[826.633s][info][gc,heap        ] GC(2313) PSYoungGen: 253952K(253952K)->18464K(270336K) Eden: 241664K(241664K)->0K(250880K) From: 12288K(12288K)->18464K(19456K)
[826.633s][info][gc,heap        ] GC(2313) ParOldGen: 141232K(175104K)->141552K(175104K)
[826.633s][info][gc,metaspace   ] GC(2313) Metaspace: 35613K(36352K)->35613K(36352K) NonClass: 26402K(26944K)->26402K(26944K) Class: 9211K(9408K)->9211K(9408K)
[826.633s][info][gc             ] GC(2313) Pause Young (Allocation Failure) 385M->156M(435M) 39.050ms
[826.633s][info][gc,cpu         ] GC(2313) User=0.06s Sys=0.01s Real=0.04s
[826.801s][info][gc,start       ] GC(2314) Pause Young (Allocation Failure)
[826.802s][info][gc,heap        ] GC(2314) PSYoungGen: 269344K(270336K)->64K(273920K) Eden: 250880K(250880K)->0K(250880K) From: 18464K(19456K)->64K(23040K)
[826.802s][info][gc,heap        ] GC(2314) ParOldGen: 141552K(175104K)->141560K(175104K)
[826.802s][info][gc,metaspace   ] GC(2314) Metaspace: 35613K(36352K)->35613K(36352K) NonClass: 26402K(26944K)->26402K(26944K) Class: 9211K(9408K)->9211K(9408K)
[826.802s][info][gc             ] GC(2314) Pause Young (Allocation Failure) 401M->138M(438M) 0.831ms
[826.802s][info][gc,cpu         ] GC(2314) User=0.00s Sys=0.00s Real=0.01s
[827.394s][info][gc,start       ] GC(2315) Pause Young (Allocation Failure)
[827.395s][info][gc,heap        ] GC(2315) PSYoungGen: 250944K(273920K)->64K(308224K) Eden: 250880K(250880K)->0K(288256K) From: 64K(23040K)->64K(19968K)
[827.395s][info][gc,heap        ] GC(2315) ParOldGen: 141560K(175104K)->141576K(175104K)
[827.395s][info][gc,metaspace   ] GC(2315) Metaspace: 35613K(36352K)->35613K(36352K) NonClass: 26402K(26944K)->26402K(26944K) Class: 9211K(9408K)->9211K(9408K)
[827.395s][info][gc             ] GC(2315) Pause Young (Allocation Failure) 383M->138M(472M) 0.836ms
[827.395s][info][gc,cpu         ] GC(2315) User=0.00s Sys=0.00s Real=0.00s
[827.751s][info][gc,start       ] GC(2316) Pause Young (Allocation Failure)
[827.752s][info][gc,heap        ] GC(2316) PSYoungGen: 288320K(308224K)->64K(309760K) Eden: 288256K(288256K)->0K(288256K) From: 64K(19968K)->64K(21504K)
[827.752s][info][gc,heap        ] GC(2316) ParOldGen: 141576K(175104K)->141576K(175104K)
[827.752s][info][gc,metaspace   ] GC(2316) Metaspace: 35613K(36352K)->35613K(36352K) NonClass: 26402K(26944K)->26402K(26944K) Class: 9211K(9408K)->9211K(9408K)
[827.752s][info][gc             ] GC(2316) Pause Young (Allocation Failure) 419M->138M(473M) 0.821ms
[827.752s][info][gc,cpu         ] GC(2316) User=0.00s Sys=0.00s Real=0.01s
[828.126s][info][gc,start       ] GC(2317) Pause Young (Allocation Failure)
[828.127s][info][gc,heap        ] GC(2317) PSYoungGen: 288320K(309760K)->64K(309760K) Eden: 288256K(288256K)->0K(291328K) From: 64K(21504K)->64K(18432K)
[828.127s][info][gc,heap        ] GC(2317) ParOldGen: 141576K(175104K)->141592K(175104K)
[828.127s][info][gc,metaspace   ] GC(2317) Metaspace: 35613K(36352K)->35613K(36352K) NonClass: 26402K(26944K)->26402K(26944K) Class: 9211K(9408K)->9211K(9408K)
[828.127s][info][gc             ] GC(2317) Pause Young (Allocation Failure) 419M->138M(473M) 0.824ms
[828.127s][info][gc,cpu         ] GC(2317) User=0.00s Sys=0.00s Real=0.00s
[828.335s][info][gc,start       ] GC(2318) Pause Young (Allocation Failure)
[828.336s][info][gc,heap        ] GC(2318) PSYoungGen: 291392K(309760K)->64K(311296K) Eden: 291328K(291328K)->0K(291328K) From: 64K(18432K)->64K(19968K)
[828.336s][info][gc,heap        ] GC(2318) ParOldGen: 141592K(175104K)->141608K(175104K)
[828.336s][info][gc,metaspace   ] GC(2318) Metaspace: 35613K(36352K)->35613K(36352K) NonClass: 26402K(26944K)->26402K(26944K) Class: 9211K(9408K)->9211K(9408K)
[828.336s][info][gc             ] GC(2318) Pause Young (Allocation Failure) 422M->138M(475M) 0.728ms
[828.336s][info][gc,cpu         ] GC(2318) User=0.00s Sys=0.00s Real=0.00s
[828.688s][info][gc,start       ] GC(2319) Pause Young (Allocation Failure)
[828.689s][info][gc,heap        ] GC(2319) PSYoungGen: 291392K(311296K)->64K(311296K) Eden: 291328K(291328K)->0K(294912K) From: 64K(19968K)->64K(16384K)
[828.689s][info][gc,heap        ] GC(2319) ParOldGen: 141608K(175104K)->141608K(175104K)
[828.689s][info][gc,metaspace   ] GC(2319) Metaspace: 35613K(36352K)->35613K(36352K) NonClass: 26402K(26944K)->26402K(26944K) Class: 9211K(9408K)->9211K(9408K)
[828.689s][info][gc             ] GC(2319) Pause Young (Allocation Failure) 422M->138M(475M) 0.733ms
[828.689s][info][gc,cpu         ] GC(2319) User=0.00s Sys=0.00s Real=0.00s
[828.741s][info][gc,start       ] GC(2320) Pause Young (Allocation Failure)
[828.742s][info][gc,heap        ] GC(2320) PSYoungGen: 294976K(311296K)->64K(312832K) Eden: 294912K(294912K)->0K(294912K) From: 64K(16384K)->64K(17920K)
[828.742s][info][gc,heap        ] GC(2320) ParOldGen: 141608K(175104K)->141624K(175104K)
[828.742s][info][gc,metaspace   ] GC(2320) Metaspace: 35613K(36352K)->35613K(36352K) NonClass: 26402K(26944K)->26402K(26944K) Class: 9211K(9408K)->9211K(9408K)
[828.742s][info][gc             ] GC(2320) Pause Young (Allocation Failure) 426M->138M(476M) 0.722ms
[828.742s][info][gc,cpu         ] GC(2320) User=0.00s Sys=0.00s Real=0.01s
[828.792s][info][gc,start       ] GC(2321) Pause Young (Allocation Failure)
[828.793s][info][gc,heap        ] GC(2321) PSYoungGen: 294976K(312832K)->64K(313344K) Eden: 294912K(294912K)->0K(298496K) From: 64K(17920K)->64K(14848K)
[828.793s][info][gc,heap        ] GC(2321) ParOldGen: 141624K(175104K)->141624K(175104K)
[828.793s][info][gc,metaspace   ] GC(2321) Metaspace: 35613K(36352K)->35613K(36352K) NonClass: 26402K(26944K)->26402K(26944K) Class: 9211K(9408K)->9211K(9408K)
[828.793s][info][gc             ] GC(2321) Pause Young (Allocation Failure) 426M->138M(477M) 0.681ms
[828.793s][info][gc,cpu         ] GC(2321) User=0.01s Sys=0.00s Real=0.00s
[828.982s][info][gc,start       ] GC(2322) Pause Young (Allocation Failure)
[828.983s][info][gc,heap        ] GC(2322) PSYoungGen: 298560K(313344K)->64K(314880K) Eden: 298496K(298496K)->0K(298496K) From: 64K(14848K)->64K(16384K)
[828.983s][info][gc,heap        ] GC(2322) ParOldGen: 141624K(175104K)->141624K(175104K)
[828.983s][info][gc,metaspace   ] GC(2322) Metaspace: 35613K(36352K)->35613K(36352K) NonClass: 26402K(26944K)->26402K(26944K) Class: 9211K(9408K)->9211K(9408K)
[828.983s][info][gc             ] GC(2322) Pause Young (Allocation Failure) 429M->138M(478M) 0.767ms
[828.983s][info][gc,cpu         ] GC(2322) User=0.00s Sys=0.00s Real=0.00s
[829.196s][info][gc,start       ] GC(2323) Pause Young (Allocation Failure)
[829.197s][info][gc,heap        ] GC(2323) PSYoungGen: 298560K(314880K)->64K(314880K) Eden: 298496K(298496K)->0K(302080K) From: 64K(16384K)->64K(12800K)
[829.197s][info][gc,heap        ] GC(2323) ParOldGen: 141624K(175104K)->141632K(175104K)
[829.197s][info][gc,metaspace   ] GC(2323) Metaspace: 35613K(36352K)->35613K(36352K) NonClass: 26402K(26944K)->26402K(26944K) Class: 9211K(9408K)->9211K(9408K)
[829.197s][info][gc             ] GC(2323) Pause Young (Allocation Failure) 429M->138M(478M) 0.730ms
[829.197s][info][gc,cpu         ] GC(2323) User=0.00s Sys=0.00s Real=0.00s
[829.305s][info][gc,start       ] GC(2324) Pause Young (Allocation Failure)
[829.305s][info][gc,heap        ] GC(2324) PSYoungGen: 302144K(314880K)->64K(290816K) Eden: 302080K(302080K)->0K(290304K) From: 64K(12800K)->64K(512K)
[829.305s][info][gc,heap        ] GC(2324) ParOldGen: 141632K(175104K)->141640K(175104K)
[829.305s][info][gc,metaspace   ] GC(2324) Metaspace: 35613K(36352K)->35613K(36352K) NonClass: 26402K(26944K)->26402K(26944K) Class: 9211K(9408K)->9211K(9408K)
[829.305s][info][gc             ] GC(2324) Pause Young (Allocation Failure) 433M->138M(455M) 0.744ms
[829.305s][info][gc,cpu         ] GC(2324) User=0.00s Sys=0.00s Real=0.00s
[829.418s][info][gc,start       ] GC(2325) Pause Young (Allocation Failure)
[829.418s][info][gc,heap        ] GC(2325) PSYoungGen: 290368K(290816K)->64K(279552K) Eden: 290304K(290304K)->0K(279040K) From: 64K(512K)->64K(512K)
[829.418s][info][gc,heap        ] GC(2325) ParOldGen: 141640K(175104K)->141648K(175104K)
[829.418s][info][gc,metaspace   ] GC(2325) Metaspace: 35613K(36352K)->35613K(36352K) NonClass: 26402K(26944K)->26402K(26944K) Class: 9211K(9408K)->9211K(9408K)
[829.418s][info][gc             ] GC(2325) Pause Young (Allocation Failure) 421M->138M(444M) 0.722ms
[829.418s][info][gc,cpu         ] GC(2325) User=0.01s Sys=0.00s Real=0.00s
[829.769s][info][gc,start       ] GC(2326) Pause Young (Allocation Failure)
[829.769s][info][gc,heap        ] GC(2326) PSYoungGen: 279104K(279552K)->64K(281088K) Eden: 279040K(279040K)->0K(268288K) From: 64K(512K)->64K(12800K)
[829.769s][info][gc,heap        ] GC(2326) ParOldGen: 141648K(175104K)->141656K(175104K)
[829.769s][info][gc,metaspace   ] GC(2326) Metaspace: 35613K(36352K)->35613K(36352K) NonClass: 26402K(26944K)->26402K(26944K) Class: 9211K(9408K)->9211K(9408K)
[829.769s][info][gc             ] GC(2326) Pause Young (Allocation Failure) 410M->138M(445M) 0.677ms
[829.769s][info][gc,cpu         ] GC(2326) User=0.01s Sys=0.00s Real=0.00s
[830.438s][info][gc,start       ] GC(2327) Pause Young (Allocation Failure)
[830.439s][info][gc,heap        ] GC(2327) PSYoungGen: 268352K(281088K)->64K(258560K) Eden: 268288K(268288K)->0K(258048K) From: 64K(12800K)->64K(512K)
[830.439s][info][gc,heap        ] GC(2327) ParOldGen: 141656K(175104K)->141664K(175104K)
[830.439s][info][gc,metaspace   ] GC(2327) Metaspace: 35613K(36352K)->35613K(36352K) NonClass: 26402K(26944K)->26402K(26944K) Class: 9211K(9408K)->9211K(9408K)
[830.439s][info][gc             ] GC(2327) Pause Young (Allocation Failure) 400M->138M(423M) 1.283ms
[830.439s][info][gc,cpu         ] GC(2327) User=0.00s Sys=0.00s Real=0.00s
[831.301s][info][gc,start       ] GC(2328) Pause Young (Allocation Failure)
[831.302s][info][gc,heap        ] GC(2328) PSYoungGen: 258112K(258560K)->64K(259584K) Eden: 258048K(258048K)->0K(248320K) From: 64K(512K)->64K(11264K)
[831.302s][info][gc,heap        ] GC(2328) ParOldGen: 141664K(175104K)->141672K(175104K)
[831.302s][info][gc,metaspace   ] GC(2328) Metaspace: 35613K(36352K)->35613K(36352K) NonClass: 26402K(26944K)->26402K(26944K) Class: 9211K(9408K)->9211K(9408K)
[831.302s][info][gc             ] GC(2328) Pause Young (Allocation Failure) 390M->138M(424M) 1.240ms
[831.302s][info][gc,cpu         ] GC(2328) User=0.00s Sys=0.00s Real=0.00s
[831.661s][info][gc,start       ] GC(2329) Pause Young (Allocation Failure)
[831.663s][info][gc,heap        ] GC(2329) PSYoungGen: 248384K(259584K)->64K(239616K) Eden: 248320K(248320K)->0K(239104K) From: 64K(11264K)->64K(512K)
[831.663s][info][gc,heap        ] GC(2329) ParOldGen: 141672K(175104K)->141688K(175104K)
[831.663s][info][gc,metaspace   ] GC(2329) Metaspace: 35613K(36352K)->35613K(36352K) NonClass: 26402K(26944K)->26402K(26944K) Class: 9211K(9408K)->9211K(9408K)
[831.663s][info][gc             ] GC(2329) Pause Young (Allocation Failure) 380M->138M(405M) 2.289ms
[831.664s][info][gc,cpu         ] GC(2329) User=0.00s Sys=0.00s Real=0.01s
[832.559s][info][gc,start       ] GC(2330) Pause Young (Allocation Failure)
[832.560s][info][gc,heap        ] GC(2330) PSYoungGen: 239168K(239616K)->96K(239616K) Eden: 239104K(239104K)->0K(229888K) From: 64K(512K)->96K(9728K)
[832.560s][info][gc,heap        ] GC(2330) ParOldGen: 141688K(175104K)->141704K(175104K)
[832.560s][info][gc,metaspace   ] GC(2330) Metaspace: 35613K(36352K)->35613K(36352K) NonClass: 26402K(26944K)->26402K(26944K) Class: 9211K(9408K)->9211K(9408K)
[832.560s][info][gc             ] GC(2330) Pause Young (Allocation Failure) 371M->138M(405M) 1.291ms
[832.560s][info][gc,cpu         ] GC(2330) User=0.00s Sys=0.00s Real=0.00s
[832.911s][info][gc,start       ] GC(2331) Pause Young (Allocation Failure)
[832.912s][info][gc,heap        ] GC(2331) PSYoungGen: 229984K(239616K)->64K(221696K) Eden: 229888K(229888K)->0K(221184K) From: 96K(9728K)->64K(512K)
[832.912s][info][gc,heap        ] GC(2331) ParOldGen: 141704K(175104K)->141712K(175104K)
[832.912s][info][gc,metaspace   ] GC(2331) Metaspace: 35613K(36352K)->35613K(36352K) NonClass: 26402K(26944K)->26402K(26944K) Class: 9211K(9408K)->9211K(9408K)
[832.912s][info][gc             ] GC(2331) Pause Young (Allocation Failure) 362M->138M(387M) 1.778ms
[832.912s][info][gc,cpu         ] GC(2331) User=0.00s Sys=0.00s Real=0.01s
[833.272s][info][gc,start       ] GC(2332) Pause Young (Allocation Failure)
[833.273s][info][gc,heap        ] GC(2332) PSYoungGen: 221248K(221696K)->64K(221696K) Eden: 221184K(221184K)->0K(212992K) From: 64K(512K)->64K(8704K)
[833.273s][info][gc,heap        ] GC(2332) ParOldGen: 141712K(175104K)->141720K(175104K)
[833.273s][info][gc,metaspace   ] GC(2332) Metaspace: 35613K(36352K)->35613K(36352K) NonClass: 26402K(26944K)->26402K(26944K) Class: 9211K(9408K)->9211K(9408K)
[833.273s][info][gc             ] GC(2332) Pause Young (Allocation Failure) 354M->138M(387M) 1.147ms
[833.273s][info][gc,cpu         ] GC(2332) User=0.00s Sys=0.00s Real=0.00s
[833.333s][info][gc,start       ] GC(2333) Pause Young (Allocation Failure)
[833.335s][info][gc,heap        ] GC(2333) PSYoungGen: 213056K(221696K)->64K(205824K) Eden: 212992K(212992K)->0K(205312K) From: 64K(8704K)->64K(512K)
[833.335s][info][gc,heap        ] GC(2333) ParOldGen: 141720K(175104K)->141728K(175104K)
[833.335s][info][gc,metaspace   ] GC(2333) Metaspace: 35613K(36352K)->35613K(36352K) NonClass: 26402K(26944K)->26402K(26944K) Class: 9211K(9408K)->9211K(9408K)
[833.335s][info][gc             ] GC(2333) Pause Young (Allocation Failure) 346M->138M(372M) 1.723ms
[833.335s][info][gc,cpu         ] GC(2333) User=0.00s Sys=0.00s Real=0.00s
[833.672s][info][gc,start       ] GC(2334) Pause Young (Allocation Failure)
[833.673s][info][gc,heap        ] GC(2334) PSYoungGen: 205376K(205824K)->64K(205824K) Eden: 205312K(205312K)->0K(198144K) From: 64K(512K)->64K(7680K)
[833.673s][info][gc,heap        ] GC(2334) ParOldGen: 141728K(175104K)->141736K(175104K)
[833.673s][info][gc,metaspace   ] GC(2334) Metaspace: 35613K(36352K)->35613K(36352K) NonClass: 26402K(26944K)->26402K(26944K) Class: 9211K(9408K)->9211K(9408K)
[833.673s][info][gc             ] GC(2334) Pause Young (Allocation Failure) 338M->138M(372M) 1.157ms
[833.673s][info][gc,cpu         ] GC(2334) User=0.00s Sys=0.00s Real=0.00s
[833.985s][info][gc,start       ] GC(2335) Pause Young (Allocation Failure)
[833.987s][info][gc,heap        ] GC(2335) PSYoungGen: 198208K(205824K)->64K(191488K) Eden: 198144K(198144K)->0K(190976K) From: 64K(7680K)->64K(512K)
[833.987s][info][gc,heap        ] GC(2335) ParOldGen: 141736K(175104K)->141752K(175104K)
[833.987s][info][gc,metaspace   ] GC(2335) Metaspace: 35613K(36352K)->35613K(36352K) NonClass: 26402K(26944K)->26402K(26944K) Class: 9211K(9408K)->9211K(9408K)
[833.987s][info][gc             ] GC(2335) Pause Young (Allocation Failure) 331M->138M(358M) 1.773ms
[833.987s][info][gc,cpu         ] GC(2335) User=0.00s Sys=0.00s Real=0.00s
[834.228s][info][gc,start       ] GC(2336) Pause Young (Allocation Failure)
[834.229s][info][gc,heap        ] GC(2336) PSYoungGen: 191040K(191488K)->64K(190976K) Eden: 190976K(190976K)->0K(184320K) From: 64K(512K)->64K(6656K)
[834.229s][info][gc,heap        ] GC(2336) ParOldGen: 141752K(175104K)->141768K(175104K)
[834.229s][info][gc,metaspace   ] GC(2336) Metaspace: 35613K(36352K)->35613K(36352K) NonClass: 26402K(26944K)->26402K(26944K) Class: 9211K(9408K)->9211K(9408K)
[834.229s][info][gc             ] GC(2336) Pause Young (Allocation Failure) 324M->138M(357M) 1.027ms
[834.229s][info][gc,cpu         ] GC(2336) User=0.00s Sys=0.00s Real=0.00s
[834.458s][info][gc,start       ] GC(2337) Pause Young (Allocation Failure)
[834.501s][info][gc,heap        ] GC(2337) PSYoungGen: 184384K(190976K)->6144K(226816K) Eden: 184320K(184320K)->0K(220672K) From: 64K(6656K)->6144K(6144K)
[834.501s][info][gc,heap        ] GC(2337) ParOldGen: 141768K(175104K)->154088K(175104K)
[834.502s][info][gc,metaspace   ] GC(2337) Metaspace: 35613K(36352K)->35613K(36352K) NonClass: 26402K(26944K)->26402K(26944K) Class: 9211K(9408K)->9211K(9408K)
[834.502s][info][gc             ] GC(2337) Pause Young (Allocation Failure) 318M->156M(392M) 43.205ms
[834.502s][info][gc,cpu         ] GC(2337) User=0.05s Sys=0.00s Real=0.04s
[834.755s][info][gc,start       ] GC(2338) Pause Young (Allocation Failure)
[834.796s][info][gc,heap        ] GC(2338) PSYoungGen: 226816K(226816K)->12288K(247808K) Eden: 220672K(220672K)->0K(235520K) From: 6144K(6144K)->12288K(12288K)
[834.796s][info][gc,heap        ] GC(2338) ParOldGen: 154088K(175104K)->167024K(175104K)
[834.796s][info][gc,metaspace   ] GC(2338) Metaspace: 35613K(36352K)->35613K(36352K) NonClass: 26402K(26944K)->26402K(26944K) Class: 9211K(9408K)->9211K(9408K)
[834.797s][info][gc             ] GC(2338) Pause Young (Allocation Failure) 371M->175M(413M) 41.579ms
[834.797s][info][gc,cpu         ] GC(2338) User=0.09s Sys=0.00s Real=0.04s
[835.011s][info][gc,start       ] GC(2339) Pause Young (Allocation Failure)
[835.051s][info][gc,heap        ] GC(2339) PSYoungGen: 247808K(247808K)->19296K(280064K) Eden: 235520K(235520K)->0K(260608K) From: 12288K(12288K)->19296K(19456K)
[835.051s][info][gc,heap        ] GC(2339) ParOldGen: 167024K(175104K)->167376K(175104K)
[835.051s][info][gc,metaspace   ] GC(2339) Metaspace: 35613K(36352K)->35613K(36352K) NonClass: 26402K(26944K)->26402K(26944K) Class: 9211K(9408K)->9211K(9408K)
[835.051s][info][gc             ] GC(2339) Pause Young (Allocation Failure) 405M->182M(444M) 40.364ms
[835.051s][info][gc,cpu         ] GC(2339) User=0.07s Sys=0.01s Real=0.04s
[835.214s][info][gc,start       ] GC(2340) Pause Young (Allocation Failure)
[835.215s][info][gc,heap        ] GC(2340) PSYoungGen: 279904K(280064K)->64K(284160K) Eden: 260608K(260608K)->0K(260608K) From: 19296K(19456K)->64K(23552K)
[835.215s][info][gc,heap        ] GC(2340) ParOldGen: 167376K(175104K)->167384K(175104K)
[835.215s][info][gc,metaspace   ] GC(2340) Metaspace: 35613K(36352K)->35613K(36352K) NonClass: 26402K(26944K)->26402K(26944K) Class: 9211K(9408K)->9211K(9408K)
[835.215s][info][gc             ] GC(2340) Pause Young (Allocation Failure) 436M->163M(448M) 0.924ms
[835.215s][info][gc,cpu         ] GC(2340) User=0.00s Sys=0.00s Real=0.00s
[835.828s][info][gc,start       ] GC(2341) Pause Young (Allocation Failure)
[835.828s][info][gc,heap        ] GC(2341) PSYoungGen: 260672K(284160K)->64K(307712K) Eden: 260608K(260608K)->0K(287232K) From: 64K(23552K)->64K(20480K)
[835.828s][info][gc,heap        ] GC(2341) ParOldGen: 167384K(175104K)->167400K(175104K)
[835.829s][info][gc,metaspace   ] GC(2341) Metaspace: 35613K(36352K)->35613K(36352K) NonClass: 26402K(26944K)->26402K(26944K) Class: 9211K(9408K)->9211K(9408K)
[835.829s][info][gc             ] GC(2341) Pause Young (Allocation Failure) 418M->163M(471M) 0.867ms
[835.829s][info][gc,cpu         ] GC(2341) User=0.00s Sys=0.00s Real=0.00s
[836.194s][info][gc,start       ] GC(2342) Pause Young (Allocation Failure)
[836.195s][info][gc,heap        ] GC(2342) PSYoungGen: 287296K(307712K)->64K(309248K) Eden: 287232K(287232K)->0K(287232K) From: 64K(20480K)->64K(22016K)
[836.195s][info][gc,heap        ] GC(2342) ParOldGen: 167400K(175104K)->167400K(175104K)
[836.195s][info][gc,metaspace   ] GC(2342) Metaspace: 35613K(36352K)->35613K(36352K) NonClass: 26402K(26944K)->26402K(26944K) Class: 9211K(9408K)->9211K(9408K)
[836.195s][info][gc             ] GC(2342) Pause Young (Allocation Failure) 444M->163M(473M) 0.989ms
[836.195s][info][gc,cpu         ] GC(2342) User=0.00s Sys=0.00s Real=0.00s
[836.562s][info][gc,start       ] GC(2343) Pause Young (Allocation Failure)
[836.563s][info][gc,heap        ] GC(2343) PSYoungGen: 287296K(309248K)->64K(310272K) Eden: 287232K(287232K)->0K(290816K) From: 64K(22016K)->64K(19456K)
[836.563s][info][gc,heap        ] GC(2343) ParOldGen: 167400K(175104K)->167416K(175104K)
[836.563s][info][gc,metaspace   ] GC(2343) Metaspace: 35613K(36352K)->35613K(36352K) NonClass: 26402K(26944K)->26402K(26944K) Class: 9211K(9408K)->9211K(9408K)
[836.563s][info][gc             ] GC(2343) Pause Young (Allocation Failure) 444M->163M(474M) 0.837ms
[836.563s][info][gc,cpu         ] GC(2343) User=0.00s Sys=0.00s Real=0.00s
[836.771s][info][gc,start       ] GC(2344) Pause Young (Allocation Failure)
[836.772s][info][gc,heap        ] GC(2344) PSYoungGen: 290880K(310272K)->64K(311296K) Eden: 290816K(290816K)->0K(290816K) From: 64K(19456K)->64K(20480K)
[836.772s][info][gc,heap        ] GC(2344) ParOldGen: 167416K(175104K)->167432K(175104K)
[836.772s][info][gc,metaspace   ] GC(2344) Metaspace: 35613K(36352K)->35613K(36352K) NonClass: 26402K(26944K)->26402K(26944K) Class: 9211K(9408K)->9211K(9408K)
[836.772s][info][gc             ] GC(2344) Pause Young (Allocation Failure) 447M->163M(475M) 1.088ms
[836.772s][info][gc,cpu         ] GC(2344) User=0.01s Sys=0.00s Real=0.00s
[837.122s][info][gc,start       ] GC(2345) Pause Young (Allocation Failure)
[837.122s][info][gc,heap        ] GC(2345) PSYoungGen: 290880K(311296K)->64K(311296K) Eden: 290816K(290816K)->0K(293888K) From: 64K(20480K)->64K(17408K)
[837.122s][info][gc,heap        ] GC(2345) ParOldGen: 167432K(175104K)->167432K(175104K)
[837.122s][info][gc,metaspace   ] GC(2345) Metaspace: 35613K(36352K)->35613K(36352K) NonClass: 26402K(26944K)->26402K(26944K) Class: 9211K(9408K)->9211K(9408K)
[837.123s][info][gc             ] GC(2345) Pause Young (Allocation Failure) 447M->163M(475M) 0.833ms
[837.123s][info][gc,cpu         ] GC(2345) User=0.01s Sys=0.00s Real=0.01s
[837.173s][info][gc,start       ] GC(2346) Pause Young (Allocation Failure)
[837.173s][info][gc,heap        ] GC(2346) PSYoungGen: 293952K(311296K)->64K(312320K) Eden: 293888K(293888K)->0K(293888K) From: 64K(17408K)->64K(18432K)
[837.174s][info][gc,heap        ] GC(2346) ParOldGen: 167432K(175104K)->167448K(175104K)
[837.174s][info][gc,metaspace   ] GC(2346) Metaspace: 35613K(36352K)->35613K(36352K) NonClass: 26402K(26944K)->26402K(26944K) Class: 9211K(9408K)->9211K(9408K)
[837.174s][info][gc             ] GC(2346) Pause Young (Allocation Failure) 450M->163M(476M) 0.797ms
[837.174s][info][gc,cpu         ] GC(2346) User=0.01s Sys=0.00s Real=0.00s
[837.223s][info][gc,start       ] GC(2347) Pause Young (Allocation Failure)
[837.224s][info][gc,heap        ] GC(2347) PSYoungGen: 293952K(312320K)->64K(313344K) Eden: 293888K(293888K)->0K(297984K) From: 64K(18432K)->64K(15360K)
[837.224s][info][gc,heap        ] GC(2347) ParOldGen: 167448K(175104K)->167448K(175104K)
[837.224s][info][gc,metaspace   ] GC(2347) Metaspace: 35613K(36352K)->35613K(36352K) NonClass: 26402K(26944K)->26402K(26944K) Class: 9211K(9408K)->9211K(9408K)
[837.224s][info][gc             ] GC(2347) Pause Young (Allocation Failure) 450M->163M(477M) 0.752ms
[837.224s][info][gc,cpu         ] GC(2347) User=0.01s Sys=0.00s Real=0.00s
[837.411s][info][gc,start       ] GC(2348) Pause Young (Allocation Failure)
[837.412s][info][gc,heap        ] GC(2348) PSYoungGen: 298048K(313344K)->64K(314368K) Eden: 297984K(297984K)->0K(297984K) From: 64K(15360K)->64K(16384K)
[837.412s][info][gc,heap        ] GC(2348) ParOldGen: 167448K(175104K)->167448K(175104K)
[837.412s][info][gc,metaspace   ] GC(2348) Metaspace: 35613K(36352K)->35613K(36352K) NonClass: 26402K(26944K)->26402K(26944K) Class: 9211K(9408K)->9211K(9408K)
[837.412s][info][gc             ] GC(2348) Pause Young (Allocation Failure) 454M->163M(478M) 0.746ms
[837.412s][info][gc,cpu         ] GC(2348) User=0.00s Sys=0.00s Real=0.00s
[837.624s][info][gc,start       ] GC(2349) Pause Young (Allocation Failure)
[837.624s][info][gc,heap        ] GC(2349) PSYoungGen: 298048K(314368K)->64K(314880K) Eden: 297984K(297984K)->0K(301568K) From: 64K(16384K)->64K(13312K)
[837.624s][info][gc,heap        ] GC(2349) ParOldGen: 167448K(175104K)->167456K(175104K)
[837.624s][info][gc,metaspace   ] GC(2349) Metaspace: 35613K(36352K)->35613K(36352K) NonClass: 26402K(26944K)->26402K(26944K) Class: 9211K(9408K)->9211K(9408K)
[837.624s][info][gc             ] GC(2349) Pause Young (Allocation Failure) 454M->163M(478M) 0.788ms
[837.624s][info][gc,cpu         ] GC(2349) User=0.00s Sys=0.00s Real=0.00s
[837.729s][info][gc,start       ] GC(2350) Pause Young (Allocation Failure)
[837.730s][info][gc,heap        ] GC(2350) PSYoungGen: 301632K(314880K)->64K(290304K) Eden: 301568K(301568K)->0K(289792K) From: 64K(13312K)->64K(512K)
[837.730s][info][gc,heap        ] GC(2350) ParOldGen: 167456K(175104K)->167464K(175104K)
[837.730s][info][gc,metaspace   ] GC(2350) Metaspace: 35613K(36352K)->35613K(36352K) NonClass: 26402K(26944K)->26402K(26944K) Class: 9211K(9408K)->9211K(9408K)
[837.730s][info][gc             ] GC(2350) Pause Young (Allocation Failure) 458M->163M(454M) 0.748ms
[837.730s][info][gc,cpu         ] GC(2350) User=0.00s Sys=0.00s Real=0.00s
[837.842s][info][gc,start       ] GC(2351) Pause Young (Allocation Failure)
[837.843s][info][gc,heap        ] GC(2351) PSYoungGen: 289856K(290304K)->64K(279040K) Eden: 289792K(289792K)->0K(278528K) From: 64K(512K)->64K(512K)
[837.843s][info][gc,heap        ] GC(2351) ParOldGen: 167464K(175104K)->167472K(175104K)
[837.843s][info][gc,metaspace   ] GC(2351) Metaspace: 35613K(36352K)->35613K(36352K) NonClass: 26402K(26944K)->26402K(26944K) Class: 9211K(9408K)->9211K(9408K)
[837.843s][info][gc             ] GC(2351) Pause Young (Allocation Failure) 446M->163M(443M) 0.790ms
[837.843s][info][gc,cpu         ] GC(2351) User=0.00s Sys=0.00s Real=0.01s
[838.194s][info][gc,start       ] GC(2352) Pause Young (Allocation Failure)
[838.194s][info][gc,heap        ] GC(2352) PSYoungGen: 278592K(279040K)->64K(280576K) Eden: 278528K(278528K)->0K(267776K) From: 64K(512K)->64K(12800K)
[838.194s][info][gc,heap        ] GC(2352) ParOldGen: 167472K(175104K)->167480K(175104K)
[838.194s][info][gc,metaspace   ] GC(2352) Metaspace: 35613K(36352K)->35613K(36352K) NonClass: 26402K(26944K)->26402K(26944K) Class: 9211K(9408K)->9211K(9408K)
[838.194s][info][gc             ] GC(2352) Pause Young (Allocation Failure) 435M->163M(445M) 0.835ms
[838.194s][info][gc,cpu         ] GC(2352) User=0.00s Sys=0.00s Real=0.00s
[838.862s][info][gc,start       ] GC(2353) Pause Young (Allocation Failure)
[838.863s][info][gc,heap        ] GC(2353) PSYoungGen: 267840K(280576K)->83K(258048K) Eden: 267776K(267776K)->0K(257536K) From: 64K(12800K)->83K(512K)
[838.863s][info][gc,heap        ] GC(2353) ParOldGen: 167480K(175104K)->167488K(175104K)
[838.863s][info][gc,metaspace   ] GC(2353) Metaspace: 35613K(36352K)->35613K(36352K) NonClass: 26402K(26944K)->26402K(26944K) Class: 9211K(9408K)->9211K(9408K)
[838.863s][info][gc             ] GC(2353) Pause Young (Allocation Failure) 425M->163M(423M) 1.394ms
[838.863s][info][gc,cpu         ] GC(2353) User=0.00s Sys=0.00s Real=0.01s
[839.732s][info][gc,start       ] GC(2354) Pause Young (Allocation Failure)
[839.734s][info][gc,heap        ] GC(2354) PSYoungGen: 257619K(258048K)->64K(259072K) Eden: 257536K(257536K)->0K(247808K) From: 83K(512K)->64K(11264K)
[839.734s][info][gc,heap        ] GC(2354) ParOldGen: 167488K(175104K)->167496K(175104K)
[839.734s][info][gc,metaspace   ] GC(2354) Metaspace: 35613K(36352K)->35613K(36352K) NonClass: 26402K(26944K)->26402K(26944K) Class: 9211K(9408K)->9211K(9408K)
[839.734s][info][gc             ] GC(2354) Pause Young (Allocation Failure) 415M->163M(424M) 1.458ms
[839.734s][info][gc,cpu         ] GC(2354) User=0.00s Sys=0.00s Real=0.00s
[840.087s][info][gc,start       ] GC(2355) Pause Young (Allocation Failure)
[840.089s][info][gc,heap        ] GC(2355) PSYoungGen: 247872K(259072K)->64K(239104K) Eden: 247808K(247808K)->0K(238592K) From: 64K(11264K)->64K(512K)
[840.089s][info][gc,heap        ] GC(2355) ParOldGen: 167496K(175104K)->167512K(175104K)
[840.089s][info][gc,metaspace   ] GC(2355) Metaspace: 35613K(36352K)->35613K(36352K) NonClass: 26402K(26944K)->26402K(26944K) Class: 9211K(9408K)->9211K(9408K)
[840.089s][info][gc             ] GC(2355) Pause Young (Allocation Failure) 405M->163M(404M) 2.159ms
[840.089s][info][gc,cpu         ] GC(2355) User=0.00s Sys=0.01s Real=0.00s
[840.917s][info][gc,start       ] GC(2356) Pause Young (Allocation Failure)
[840.918s][info][gc,heap        ] GC(2356) PSYoungGen: 238656K(239104K)->64K(239616K) Eden: 238592K(238592K)->0K(229376K) From: 64K(512K)->64K(10240K)
[840.918s][info][gc,heap        ] GC(2356) ParOldGen: 167512K(175104K)->167528K(175104K)
[840.918s][info][gc,metaspace   ] GC(2356) Metaspace: 35613K(36352K)->35613K(36352K) NonClass: 26402K(26944K)->26402K(26944K) Class: 9211K(9408K)->9211K(9408K)
[840.918s][info][gc             ] GC(2356) Pause Young (Allocation Failure) 396M->163M(405M) 1.317ms
[840.918s][info][gc,cpu         ] GC(2356) User=0.01s Sys=0.00s Real=0.00s
[841.317s][info][gc,start       ] GC(2357) Pause Young (Allocation Failure)
[841.319s][info][gc,heap        ] GC(2357) PSYoungGen: 229440K(239616K)->64K(221184K) Eden: 229376K(229376K)->0K(220672K) From: 64K(10240K)->64K(512K)
[841.319s][info][gc,heap        ] GC(2357) ParOldGen: 167528K(175104K)->167536K(175104K)
[841.319s][info][gc,metaspace   ] GC(2357) Metaspace: 35613K(36352K)->35613K(36352K) NonClass: 26402K(26944K)->26402K(26944K) Class: 9211K(9408K)->9211K(9408K)
[841.319s][info][gc             ] GC(2357) Pause Young (Allocation Failure) 387M->163M(387M) 2.122ms
[841.319s][info][gc,cpu         ] GC(2357) User=0.00s Sys=0.00s Real=0.00s
[841.676s][info][gc,start       ] GC(2358) Pause Young (Allocation Failure)
[841.677s][info][gc,heap        ] GC(2358) PSYoungGen: 220736K(221184K)->64K(221184K) Eden: 220672K(220672K)->0K(212480K) From: 64K(512K)->64K(8704K)
[841.677s][info][gc,heap        ] GC(2358) ParOldGen: 167536K(175104K)->167544K(175104K)
[841.677s][info][gc,metaspace   ] GC(2358) Metaspace: 35613K(36352K)->35613K(36352K) NonClass: 26402K(26944K)->26402K(26944K) Class: 9211K(9408K)->9211K(9408K)
[841.677s][info][gc             ] GC(2358) Pause Young (Allocation Failure) 379M->163M(387M) 1.429ms
[841.677s][info][gc,cpu         ] GC(2358) User=0.00s Sys=0.00s Real=0.00s
[841.745s][info][gc,start       ] GC(2359) Pause Young (Allocation Failure)
[841.747s][info][gc,heap        ] GC(2359) PSYoungGen: 212544K(221184K)->64K(205312K) Eden: 212480K(212480K)->0K(204800K) From: 64K(8704K)->64K(512K)
[841.747s][info][gc,heap        ] GC(2359) ParOldGen: 167544K(175104K)->167552K(175104K)
[841.747s][info][gc,metaspace   ] GC(2359) Metaspace: 35613K(36352K)->35613K(36352K) NonClass: 26402K(26944K)->26402K(26944K) Class: 9211K(9408K)->9211K(9408K)
[841.747s][info][gc             ] GC(2359) Pause Young (Allocation Failure) 371M->163M(371M) 1.978ms
[841.747s][info][gc,cpu         ] GC(2359) User=0.00s Sys=0.00s Real=0.00s
[842.073s][info][gc,start       ] GC(2360) Pause Young (Allocation Failure)
[842.074s][info][gc,heap        ] GC(2360) PSYoungGen: 204864K(205312K)->64K(205312K) Eden: 204800K(204800K)->0K(197632K) From: 64K(512K)->64K(7680K)
[842.074s][info][gc,heap        ] GC(2360) ParOldGen: 167552K(175104K)->167560K(175104K)
[842.074s][info][gc,metaspace   ] GC(2360) Metaspace: 35613K(36352K)->35613K(36352K) NonClass: 26402K(26944K)->26402K(26944K) Class: 9211K(9408K)->9211K(9408K)
[842.074s][info][gc             ] GC(2360) Pause Young (Allocation Failure) 363M->163M(371M) 1.248ms
[842.074s][info][gc,cpu         ] GC(2360) User=0.00s Sys=0.00s Real=0.00s
[842.401s][info][gc,start       ] GC(2361) Pause Young (Allocation Failure)
[842.403s][info][gc,heap        ] GC(2361) PSYoungGen: 197696K(205312K)->64K(190976K) Eden: 197632K(197632K)->0K(190464K) From: 64K(7680K)->64K(512K)
[842.403s][info][gc,heap        ] GC(2361) ParOldGen: 167560K(175104K)->167576K(175104K)
[842.403s][info][gc,metaspace   ] GC(2361) Metaspace: 35613K(36352K)->35613K(36352K) NonClass: 26402K(26944K)->26402K(26944K) Class: 9211K(9408K)->9211K(9408K)
[842.403s][info][gc             ] GC(2361) Pause Young (Allocation Failure) 356M->163M(357M) 2.056ms
[842.403s][info][gc,cpu         ] GC(2361) User=0.00s Sys=0.00s Real=0.01s
[842.634s][info][gc,start       ] GC(2362) Pause Young (Allocation Failure)
[842.635s][info][gc,heap        ] GC(2362) PSYoungGen: 190528K(190976K)->64K(190464K) Eden: 190464K(190464K)->0K(183808K) From: 64K(512K)->64K(6656K)
[842.635s][info][gc,heap        ] GC(2362) ParOldGen: 167576K(175104K)->167592K(175104K)
[842.635s][info][gc,metaspace   ] GC(2362) Metaspace: 35613K(36352K)->35613K(36352K) NonClass: 26402K(26944K)->26402K(26944K) Class: 9211K(9408K)->9211K(9408K)
[842.635s][info][gc             ] GC(2362) Pause Young (Allocation Failure) 349M->163M(357M) 1.172ms
[842.635s][info][gc,cpu         ] GC(2362) User=0.00s Sys=0.00s Real=0.00s
[842.870s][info][gc,start       ] GC(2363) Pause Young (Allocation Failure)
[842.900s][info][gc,heap        ] GC(2363) PSYoungGen: 183872K(190464K)->6144K(226304K) Eden: 183808K(183808K)->0K(220160K) From: 64K(6656K)->6144K(6144K)
[842.900s][info][gc,heap        ] GC(2363) ParOldGen: 167592K(175104K)->179120K(179200K)
[842.900s][info][gc,metaspace   ] GC(2363) Metaspace: 35613K(36352K)->35613K(36352K) NonClass: 26402K(26944K)->26402K(26944K) Class: 9211K(9408K)->9211K(9408K)
[842.900s][info][gc             ] GC(2363) Pause Young (Allocation Failure) 343M->180M(396M) 29.888ms
[842.900s][info][gc,cpu         ] GC(2363) User=0.06s Sys=0.00s Real=0.03s
[843.154s][info][gc,start       ] GC(2364) Pause Young (Allocation Failure)
[843.203s][info][gc,heap        ] GC(2364) PSYoungGen: 226304K(226304K)->11776K(248320K) Eden: 220160K(220160K)->0K(236544K) From: 6144K(6144K)->11776K(11776K)
[843.203s][info][gc,heap        ] GC(2364) ParOldGen: 179120K(179200K)->192496K(192512K)
[843.203s][info][gc,metaspace   ] GC(2364) Metaspace: 35613K(36352K)->35613K(36352K) NonClass: 26402K(26944K)->26402K(26944K) Class: 9211K(9408K)->9211K(9408K)
[843.203s][info][gc             ] GC(2364) Pause Young (Allocation Failure) 395M->199M(430M) 49.133ms
[843.203s][info][gc,cpu         ] GC(2364) User=0.09s Sys=0.01s Real=0.05s
[843.425s][info][gc,start       ] GC(2365) Pause Young (Allocation Failure)
[843.469s][info][gc,heap        ] GC(2365) PSYoungGen: 248320K(248320K)->19456K(278528K) Eden: 236544K(236544K)->0K(259072K) From: 11776K(11776K)->19456K(19456K)
[843.469s][info][gc,heap        ] GC(2365) ParOldGen: 192496K(192512K)->193520K(193536K)
[843.469s][info][gc,metaspace   ] GC(2365) Metaspace: 35613K(36352K)->35613K(36352K) NonClass: 26402K(26944K)->26402K(26944K) Class: 9211K(9408K)->9211K(9408K)
[843.469s][info][gc             ] GC(2365) Pause Young (Allocation Failure) 430M->207M(461M) 43.733ms
[843.469s][info][gc,cpu         ] GC(2365) User=0.08s Sys=0.02s Real=0.04s
[843.616s][info][gc,start       ] GC(2366) Pause Young (Allocation Failure)
[843.617s][info][gc,heap        ] GC(2366) PSYoungGen: 278528K(278528K)->64K(283136K) Eden: 259072K(259072K)->0K(259072K) From: 19456K(19456K)->64K(24064K)
[843.617s][info][gc,heap        ] GC(2366) ParOldGen: 193520K(193536K)->193544K(194048K)
[843.617s][info][gc,metaspace   ] GC(2366) Metaspace: 35613K(36352K)->35613K(36352K) NonClass: 26402K(26944K)->26402K(26944K) Class: 9211K(9408K)->9211K(9408K)
[843.617s][info][gc             ] GC(2366) Pause Young (Allocation Failure) 460M->189M(466M) 1.208ms
[843.617s][info][gc,cpu         ] GC(2366) User=0.01s Sys=0.00s Real=0.00s
[844.228s][info][gc,start       ] GC(2367) Pause Young (Allocation Failure)
[844.229s][info][gc,heap        ] GC(2367) PSYoungGen: 259136K(283136K)->64K(307712K) Eden: 259072K(259072K)->0K(286720K) From: 64K(24064K)->64K(20992K)
[844.229s][info][gc,heap        ] GC(2367) ParOldGen: 193544K(194048K)->193560K(194048K)
[844.229s][info][gc,metaspace   ] GC(2367) Metaspace: 35613K(36352K)->35613K(36352K) NonClass: 26402K(26944K)->26402K(26944K) Class: 9211K(9408K)->9211K(9408K)
[844.229s][info][gc             ] GC(2367) Pause Young (Allocation Failure) 442M->189M(490M) 0.953ms
[844.229s][info][gc,cpu         ] GC(2367) User=0.00s Sys=0.00s Real=0.00s
[844.618s][info][gc,start       ] GC(2368) Pause Young (Allocation Failure)
[844.619s][info][gc,heap        ] GC(2368) PSYoungGen: 286784K(307712K)->160K(309248K) Eden: 286720K(286720K)->0K(286720K) From: 64K(20992K)->160K(22528K)
[844.619s][info][gc,heap        ] GC(2368) ParOldGen: 193560K(194048K)->193568K(194048K)
[844.619s][info][gc,metaspace   ] GC(2368) Metaspace: 35690K(36416K)->35690K(36416K) NonClass: 26478K(27008K)->26478K(27008K) Class: 9211K(9408K)->9211K(9408K)
[844.619s][info][gc             ] GC(2368) Pause Young (Allocation Failure) 469M->189M(491M) 1.498ms
[844.619s][info][gc,cpu         ] GC(2368) User=0.00s Sys=0.00s Real=0.00s
[845.022s][info][gc,start       ] GC(2369) Pause Young (Allocation Failure)
[845.023s][info][gc,heap        ] GC(2369) PSYoungGen: 286880K(309248K)->64K(308736K) Eden: 286720K(286720K)->0K(289792K) From: 160K(22528K)->64K(18944K)
[845.023s][info][gc,heap        ] GC(2369) ParOldGen: 193568K(194048K)->193656K(194048K)
[845.023s][info][gc,metaspace   ] GC(2369) Metaspace: 35690K(36416K)->35690K(36416K) NonClass: 26478K(27008K)->26478K(27008K) Class: 9211K(9408K)->9211K(9408K)
[845.023s][info][gc             ] GC(2369) Pause Young (Allocation Failure) 469M->189M(491M) 1.028ms
[845.023s][info][gc,cpu         ] GC(2369) User=0.00s Sys=0.00s Real=0.01s
[845.230s][info][gc,start       ] GC(2370) Pause Young (Allocation Failure)
[845.231s][info][gc,heap        ] GC(2370) PSYoungGen: 289856K(308736K)->64K(310272K) Eden: 289792K(289792K)->0K(289792K) From: 64K(18944K)->64K(20480K)
[845.231s][info][gc,heap        ] GC(2370) ParOldGen: 193656K(194048K)->193672K(194048K)
[845.231s][info][gc,metaspace   ] GC(2370) Metaspace: 35690K(36416K)->35690K(36416K) NonClass: 26478K(27008K)->26478K(27008K) Class: 9211K(9408K)->9211K(9408K)
[845.231s][info][gc             ] GC(2370) Pause Young (Allocation Failure) 472M->189M(492M) 0.831ms
[845.231s][info][gc,cpu         ] GC(2370) User=0.00s Sys=0.00s Real=0.00s
[845.571s][info][gc,start       ] GC(2371) Pause Young (Allocation Failure)
[845.572s][info][gc,heap        ] GC(2371) PSYoungGen: 289856K(310272K)->64K(310784K) Eden: 289792K(289792K)->0K(293888K) From: 64K(20480K)->64K(16896K)
[845.572s][info][gc,heap        ] GC(2371) ParOldGen: 193672K(194048K)->193672K(194048K)
[845.572s][info][gc,metaspace   ] GC(2371) Metaspace: 35690K(36416K)->35690K(36416K) NonClass: 26478K(27008K)->26478K(27008K) Class: 9211K(9408K)->9211K(9408K)
[845.572s][info][gc             ] GC(2371) Pause Young (Allocation Failure) 472M->189M(493M) 0.881ms
[845.572s][info][gc,cpu         ] GC(2371) User=0.00s Sys=0.00s Real=0.00s
[845.649s][info][gc,start       ] GC(2372) Pause Young (Allocation Failure)
[845.650s][info][gc,heap        ] GC(2372) PSYoungGen: 293952K(310784K)->64K(312320K) Eden: 293888K(293888K)->0K(293888K) From: 64K(16896K)->64K(18432K)
[845.650s][info][gc,heap        ] GC(2372) ParOldGen: 193672K(194048K)->193680K(194048K)
[845.650s][info][gc,metaspace   ] GC(2372) Metaspace: 35690K(36416K)->35690K(36416K) NonClass: 26478K(27008K)->26478K(27008K) Class: 9211K(9408K)->9211K(9408K)
[845.650s][info][gc             ] GC(2372) Pause Young (Allocation Failure) 476M->189M(494M) 0.778ms
[845.650s][info][gc,cpu         ] GC(2372) User=0.00s Sys=0.00s Real=0.00s
[845.702s][info][gc,start       ] GC(2373) Pause Young (Allocation Failure)
[845.703s][info][gc,heap        ] GC(2373) PSYoungGen: 293952K(312320K)->64K(312832K) Eden: 293888K(293888K)->0K(297472K) From: 64K(18432K)->64K(15360K)
[845.703s][info][gc,heap        ] GC(2373) ParOldGen: 193680K(194048K)->193696K(194048K)
[845.703s][info][gc,metaspace   ] GC(2373) Metaspace: 35690K(36416K)->35690K(36416K) NonClass: 26478K(27008K)->26478K(27008K) Class: 9211K(9408K)->9211K(9408K)
[845.703s][info][gc             ] GC(2373) Pause Young (Allocation Failure) 476M->189M(495M) 0.895ms
[845.703s][info][gc,cpu         ] GC(2373) User=0.00s Sys=0.00s Real=0.00s
[845.871s][info][gc,start       ] GC(2374) Pause Young (Allocation Failure)
[845.872s][info][gc,heap        ] GC(2374) PSYoungGen: 297536K(312832K)->64K(314368K) Eden: 297472K(297472K)->0K(297472K) From: 64K(15360K)->64K(16896K)
[845.872s][info][gc,heap        ] GC(2374) ParOldGen: 193696K(194048K)->193696K(194048K)
[845.872s][info][gc,metaspace   ] GC(2374) Metaspace: 35690K(36416K)->35690K(36416K) NonClass: 26478K(27008K)->26478K(27008K) Class: 9211K(9408K)->9211K(9408K)
[845.872s][info][gc             ] GC(2374) Pause Young (Allocation Failure) 479M->189M(496M) 0.854ms
[845.872s][info][gc,cpu         ] GC(2374) User=0.00s Sys=0.00s Real=0.01s
[846.086s][info][gc,start       ] GC(2375) Pause Young (Allocation Failure)
[846.087s][info][gc,heap        ] GC(2375) PSYoungGen: 297536K(314368K)->64K(314368K) Eden: 297472K(297472K)->0K(301056K) From: 64K(16896K)->64K(13312K)
[846.087s][info][gc,heap        ] GC(2375) ParOldGen: 193696K(194048K)->193704K(194048K)
[846.087s][info][gc,metaspace   ] GC(2375) Metaspace: 35690K(36416K)->35690K(36416K) NonClass: 26478K(27008K)->26478K(27008K) Class: 9211K(9408K)->9211K(9408K)
[846.087s][info][gc             ] GC(2375) Pause Young (Allocation Failure) 479M->189M(496M) 0.835ms
[846.087s][info][gc,cpu         ] GC(2375) User=0.00s Sys=0.00s Real=0.00s
[846.205s][info][gc,start       ] GC(2376) Pause Young (Allocation Failure)
[846.206s][info][gc,heap        ] GC(2376) PSYoungGen: 301120K(314368K)->64K(315904K) Eden: 301056K(301056K)->0K(301056K) From: 64K(13312K)->64K(14848K)
[846.206s][info][gc,heap        ] GC(2376) ParOldGen: 193704K(194048K)->193712K(194048K)
[846.206s][info][gc,metaspace   ] GC(2376) Metaspace: 35690K(36416K)->35690K(36416K) NonClass: 26478K(27008K)->26478K(27008K) Class: 9211K(9408K)->9211K(9408K)
[846.206s][info][gc             ] GC(2376) Pause Young (Allocation Failure) 483M->189M(498M) 0.915ms
[846.206s][info][gc,cpu         ] GC(2376) User=0.00s Sys=0.00s Real=0.00s
[846.315s][info][gc,start       ] GC(2377) Pause Young (Allocation Failure)
[846.316s][info][gc,heap        ] GC(2377) PSYoungGen: 301120K(315904K)->64K(289792K) Eden: 301056K(301056K)->0K(289280K) From: 64K(14848K)->64K(512K)
[846.316s][info][gc,heap        ] GC(2377) ParOldGen: 193712K(194048K)->193720K(194048K)
[846.316s][info][gc,metaspace   ] GC(2377) Metaspace: 35690K(36416K)->35690K(36416K) NonClass: 26478K(27008K)->26478K(27008K) Class: 9211K(9408K)->9211K(9408K)
[846.316s][info][gc             ] GC(2377) Pause Young (Allocation Failure) 483M->189M(472M) 0.834ms
[846.316s][info][gc,cpu         ] GC(2377) User=0.00s Sys=0.00s Real=0.00s
[846.668s][info][gc,start       ] GC(2378) Pause Young (Allocation Failure)
[846.669s][info][gc,heap        ] GC(2378) PSYoungGen: 289344K(289792K)->64K(291328K) Eden: 289280K(289280K)->0K(278016K) From: 64K(512K)->64K(13312K)
[846.669s][info][gc,heap        ] GC(2378) ParOldGen: 193720K(194048K)->193728K(194048K)
[846.669s][info][gc,metaspace   ] GC(2378) Metaspace: 35690K(36416K)->35690K(36416K) NonClass: 26478K(27008K)->26478K(27008K) Class: 9211K(9408K)->9211K(9408K)
[846.669s][info][gc             ] GC(2378) Pause Young (Allocation Failure) 471M->189M(474M) 0.912ms
[846.669s][info][gc,cpu         ] GC(2378) User=0.00s Sys=0.00s Real=0.00s
[847.355s][info][gc,start       ] GC(2379) Pause Young (Allocation Failure)
[847.356s][info][gc,heap        ] GC(2379) PSYoungGen: 278080K(291328K)->64K(267776K) Eden: 278016K(278016K)->0K(267264K) From: 64K(13312K)->64K(512K)
[847.356s][info][gc,heap        ] GC(2379) ParOldGen: 193728K(194048K)->193736K(194048K)
[847.356s][info][gc,metaspace   ] GC(2379) Metaspace: 35690K(36416K)->35690K(36416K) NonClass: 26478K(27008K)->26478K(27008K) Class: 9211K(9408K)->9211K(9408K)
[847.356s][info][gc             ] GC(2379) Pause Young (Allocation Failure) 460M->189M(451M) 0.913ms
[847.356s][info][gc,cpu         ] GC(2379) User=0.00s Sys=0.00s Real=0.00s
[848.220s][info][gc,start       ] GC(2380) Pause Young (Allocation Failure)
[848.220s][info][gc,heap        ] GC(2380) PSYoungGen: 267328K(267776K)->64K(268800K) Eden: 267264K(267264K)->0K(257024K) From: 64K(512K)->64K(11776K)
[848.220s][info][gc,heap        ] GC(2380) ParOldGen: 193736K(194048K)->193744K(194048K)
[848.220s][info][gc,metaspace   ] GC(2380) Metaspace: 35690K(36416K)->35690K(36416K) NonClass: 26478K(27008K)->26478K(27008K) Class: 9211K(9408K)->9211K(9408K)
[848.220s][info][gc             ] GC(2380) Pause Young (Allocation Failure) 450M->189M(452M) 0.818ms
[848.220s][info][gc,cpu         ] GC(2380) User=0.00s Sys=0.00s Real=0.00s
[848.598s][info][gc,start       ] GC(2381) Pause Young (Allocation Failure)
[848.599s][info][gc,heap        ] GC(2381) PSYoungGen: 257088K(268800K)->64K(247808K) Eden: 257024K(257024K)->0K(247296K) From: 64K(11776K)->64K(512K)
[848.599s][info][gc,heap        ] GC(2381) ParOldGen: 193744K(194048K)->193752K(194048K)
[848.599s][info][gc,metaspace   ] GC(2381) Metaspace: 35690K(36416K)->35690K(36416K) NonClass: 26478K(27008K)->26478K(27008K) Class: 9211K(9408K)->9211K(9408K)
[848.599s][info][gc             ] GC(2381) Pause Young (Allocation Failure) 440M->189M(431M) 1.154ms
[848.599s][info][gc,cpu         ] GC(2381) User=0.00s Sys=0.00s Real=0.00s
[849.603s][info][gc,start       ] GC(2382) Pause Young (Allocation Failure)
[849.604s][info][gc,heap        ] GC(2382) PSYoungGen: 247360K(247808K)->64K(248320K) Eden: 247296K(247296K)->0K(238080K) From: 64K(512K)->64K(10240K)
[849.605s][info][gc,heap        ] GC(2382) ParOldGen: 193752K(194048K)->193760K(194048K)
[849.605s][info][gc,metaspace   ] GC(2382) Metaspace: 35690K(36416K)->35690K(36416K) NonClass: 26478K(27008K)->26478K(27008K) Class: 9211K(9408K)->9211K(9408K)
[849.605s][info][gc             ] GC(2382) Pause Young (Allocation Failure) 430M->189M(432M) 1.396ms
[849.605s][info][gc,cpu         ] GC(2382) User=0.00s Sys=0.00s Real=0.00s
[849.985s][info][gc,start       ] GC(2383) Pause Young (Allocation Failure)
[849.987s][info][gc,heap        ] GC(2383) PSYoungGen: 238144K(248320K)->64K(229888K) Eden: 238080K(238080K)->0K(229376K) From: 64K(10240K)->64K(512K)
[849.987s][info][gc,heap        ] GC(2383) ParOldGen: 193760K(194048K)->193768K(194048K)
[849.987s][info][gc,metaspace   ] GC(2383) Metaspace: 35690K(36416K)->35690K(36416K) NonClass: 26478K(27008K)->26478K(27008K) Class: 9211K(9408K)->9211K(9408K)
[849.987s][info][gc             ] GC(2383) Pause Young (Allocation Failure) 421M->189M(414M) 1.970ms
[849.987s][info][gc,cpu         ] GC(2383) User=0.00s Sys=0.01s Real=0.00s
[850.181s][info][gc,start       ] GC(2384) Pause Young (Allocation Failure)
[850.183s][info][gc,heap        ] GC(2384) PSYoungGen: 229440K(229888K)->64K(229376K) Eden: 229376K(229376K)->0K(220672K) From: 64K(512K)->64K(8704K)
[850.183s][info][gc,heap        ] GC(2384) ParOldGen: 193768K(194048K)->193776K(194048K)
[850.183s][info][gc,metaspace   ] GC(2384) Metaspace: 35690K(36416K)->35690K(36416K) NonClass: 26478K(27008K)->26478K(27008K) Class: 9211K(9408K)->9211K(9408K)
[850.183s][info][gc             ] GC(2384) Pause Young (Allocation Failure) 413M->189M(413M) 1.239ms
[850.183s][info][gc,cpu         ] GC(2384) User=0.00s Sys=0.00s Real=0.01s
[850.255s][info][gc,start       ] GC(2385) Pause Young (Allocation Failure)
[850.257s][info][gc,heap        ] GC(2385) PSYoungGen: 220736K(229376K)->64K(212992K) Eden: 220672K(220672K)->0K(212480K) From: 64K(8704K)->64K(512K)
[850.257s][info][gc,heap        ] GC(2385) ParOldGen: 193776K(194048K)->193784K(194048K)
[850.257s][info][gc,metaspace   ] GC(2385) Metaspace: 35690K(36416K)->35690K(36416K) NonClass: 26478K(27008K)->26478K(27008K) Class: 9211K(9408K)->9211K(9408K)
[850.257s][info][gc             ] GC(2385) Pause Young (Allocation Failure) 404M->189M(397M) 1.921ms
[850.257s][info][gc,cpu         ] GC(2385) User=0.00s Sys=0.00s Real=0.00s
[850.705s][info][gc,start       ] GC(2386) Pause Young (Allocation Failure)
[850.706s][info][gc,heap        ] GC(2386) PSYoungGen: 212544K(212992K)->64K(212480K) Eden: 212480K(212480K)->0K(204800K) From: 64K(512K)->64K(7680K)
[850.706s][info][gc,heap        ] GC(2386) ParOldGen: 193784K(194048K)->193800K(194048K)
[850.706s][info][gc,metaspace   ] GC(2386) Metaspace: 35690K(36416K)->35690K(36416K) NonClass: 26478K(27008K)->26478K(27008K) Class: 9211K(9408K)->9211K(9408K)
[850.706s][info][gc             ] GC(2386) Pause Young (Allocation Failure) 396M->189M(397M) 1.256ms
[850.706s][info][gc,cpu         ] GC(2386) User=0.00s Sys=0.00s Real=0.00s
[850.932s][info][gc,start       ] GC(2387) Pause Young (Allocation Failure)
[850.934s][info][gc,heap        ] GC(2387) PSYoungGen: 204864K(212480K)->64K(198144K) Eden: 204800K(204800K)->0K(197632K) From: 64K(7680K)->64K(512K)
[850.934s][info][gc,heap        ] GC(2387) ParOldGen: 193800K(194048K)->193808K(194048K)
[850.934s][info][gc,metaspace   ] GC(2387) Metaspace: 35690K(36416K)->35690K(36416K) NonClass: 26478K(27008K)->26478K(27008K) Class: 9211K(9408K)->9211K(9408K)
[850.934s][info][gc             ] GC(2387) Pause Young (Allocation Failure) 389M->189M(383M) 1.853ms
[850.934s][info][gc,cpu         ] GC(2387) User=0.00s Sys=0.00s Real=0.00s
[851.220s][info][gc,start       ] GC(2388) Pause Young (Allocation Failure)
[851.230s][info][gc,heap        ] GC(2388) PSYoungGen: 197695K(198144K)->5184K(240640K) Eden: 197631K(197632K)->0K(235008K) From: 64K(512K)->5184K(5632K)
[851.230s][info][gc,heap        ] GC(2388) ParOldGen: 193808K(194048K)->193816K(194048K)
[851.230s][info][gc,metaspace   ] GC(2388) Metaspace: 35690K(36416K)->35690K(36416K) NonClass: 26478K(27008K)->26478K(27008K) Class: 9211K(9408K)->9211K(9408K)
[851.230s][info][gc             ] GC(2388) Pause Young (Allocation Failure) 382M->194M(424M) 9.617ms
[851.230s][info][gc,cpu         ] GC(2388) User=0.02s Sys=0.00s Real=0.01s
[851.500s][info][gc,start       ] GC(2389) Pause Young (Allocation Failure)
[851.551s][info][gc,heap        ] GC(2389) PSYoungGen: 240192K(240640K)->7680K(258560K) Eden: 235008K(235008K)->0K(250880K) From: 5184K(5632K)->7680K(7680K)
[851.551s][info][gc,heap        ] GC(2389) ParOldGen: 193816K(194048K)->212656K(212992K)
[851.551s][info][gc,metaspace   ] GC(2389) Metaspace: 35690K(36416K)->35690K(36416K) NonClass: 26478K(27008K)->26478K(27008K) Class: 9211K(9408K)->9211K(9408K)
[851.551s][info][gc             ] GC(2389) Pause Young (Allocation Failure) 423M->215M(460M) 50.797ms
[851.551s][info][gc,cpu         ] GC(2389) User=0.09s Sys=0.01s Real=0.05s
[851.840s][info][gc,start       ] GC(2390) Pause Young (Allocation Failure)
[851.893s][info][gc,heap        ] GC(2390) PSYoungGen: 258560K(258560K)->16384K(267264K) Eden: 250880K(250880K)->0K(250880K) From: 7680K(7680K)->16384K(16384K)
[851.893s][info][gc,heap        ] GC(2390) ParOldGen: 212656K(212992K)->225080K(225280K)
[851.893s][info][gc,metaspace   ] GC(2390) Metaspace: 35690K(36416K)->35690K(36416K) NonClass: 26478K(27008K)->26478K(27008K) Class: 9211K(9408K)->9211K(9408K)
[851.893s][info][gc             ] GC(2390) Pause Young (Allocation Failure) 460M->235M(481M) 52.992ms
[851.893s][info][gc,cpu         ] GC(2390) User=0.09s Sys=0.01s Real=0.06s
[851.989s][info][gc,start       ] GC(2391) Pause Young (Allocation Failure)
[851.998s][info][gc,heap        ] GC(2391) PSYoungGen: 267264K(267264K)->2688K(310272K) Eden: 250880K(250880K)->0K(285696K) From: 16384K(16384K)->2688K(24576K)
[851.998s][info][gc,heap        ] GC(2391) ParOldGen: 225080K(225280K)->225416K(225792K)
[851.998s][info][gc,metaspace   ] GC(2391) Metaspace: 35690K(36416K)->35690K(36416K) NonClass: 26478K(27008K)->26478K(27008K) Class: 9211K(9408K)->9211K(9408K)
[851.998s][info][gc             ] GC(2391) Pause Young (Allocation Failure) 480M->222M(523M) 9.618ms
[851.998s][info][gc,cpu         ] GC(2391) User=0.01s Sys=0.00s Real=0.01s
[852.565s][info][gc,start       ] GC(2392) Pause Young (Allocation Failure)
[852.566s][info][gc,heap        ] GC(2392) PSYoungGen: 288384K(310272K)->64K(286208K) Eden: 285696K(285696K)->0K(285696K) From: 2688K(24576K)->64K(512K)
[852.566s][info][gc,heap        ] GC(2392) ParOldGen: 225416K(225792K)->225424K(225792K)
[852.566s][info][gc,metaspace   ] GC(2392) Metaspace: 35690K(36416K)->35690K(36416K) NonClass: 26478K(27008K)->26478K(27008K) Class: 9211K(9408K)->9211K(9408K)
[852.566s][info][gc             ] GC(2392) Pause Young (Allocation Failure) 501M->220M(500M) 1.054ms
[852.566s][info][gc,cpu         ] GC(2392) User=0.00s Sys=0.00s Real=0.00s
[852.989s][info][gc,start       ] GC(2393) Pause Young (Allocation Failure)
[852.990s][info][gc,heap        ] GC(2393) PSYoungGen: 285760K(286208K)->64K(309248K) Eden: 285696K(285696K)->0K(286720K) From: 64K(512K)->64K(22528K)
[852.990s][info][gc,heap        ] GC(2393) ParOldGen: 225424K(225792K)->225432K(225792K)
[852.990s][info][gc,metaspace   ] GC(2393) Metaspace: 35690K(36416K)->35690K(36416K) NonClass: 26478K(27008K)->26478K(27008K) Class: 9211K(9408K)->9211K(9408K)
[852.990s][info][gc             ] GC(2393) Pause Young (Allocation Failure) 499M->220M(522M) 0.991ms
[852.990s][info][gc,cpu         ] GC(2393) User=0.01s Sys=0.00s Real=0.00s
[853.407s][info][gc,start       ] GC(2394) Pause Young (Allocation Failure)
[853.408s][info][gc,heap        ] GC(2394) PSYoungGen: 286784K(309248K)->64K(308224K) Eden: 286720K(286720K)->0K(286720K) From: 64K(22528K)->64K(21504K)
[853.408s][info][gc,heap        ] GC(2394) ParOldGen: 225432K(225792K)->225448K(225792K)
[853.408s][info][gc,metaspace   ] GC(2394) Metaspace: 35690K(36416K)->35690K(36416K) NonClass: 26478K(27008K)->26478K(27008K) Class: 9211K(9408K)->9211K(9408K)
[853.408s][info][gc             ] GC(2394) Pause Young (Allocation Failure) 500M->220M(521M) 1.010ms
[853.408s][info][gc,cpu         ] GC(2394) User=0.00s Sys=0.00s Real=0.00s
[853.612s][info][gc,start       ] GC(2395) Pause Young (Allocation Failure)
[853.613s][info][gc,heap        ] GC(2395) PSYoungGen: 286784K(308224K)->64K(311296K) Eden: 286720K(286720K)->0K(290816K) From: 64K(21504K)->64K(20480K)
[853.613s][info][gc,heap        ] GC(2395) ParOldGen: 225448K(225792K)->225464K(225792K)
[853.613s][info][gc,metaspace   ] GC(2395) Metaspace: 35690K(36416K)->35690K(36416K) NonClass: 26478K(27008K)->26478K(27008K) Class: 9211K(9408K)->9211K(9408K)
[853.613s][info][gc             ] GC(2395) Pause Young (Allocation Failure) 500M->220M(524M) 0.929ms
[853.613s][info][gc,cpu         ] GC(2395) User=0.00s Sys=0.00s Real=0.00s
[853.941s][info][gc,start       ] GC(2396) Pause Young (Allocation Failure)
[853.942s][info][gc,heap        ] GC(2396) PSYoungGen: 290880K(311296K)->64K(310784K) Eden: 290816K(290816K)->0K(290816K) From: 64K(20480K)->64K(19968K)
[853.942s][info][gc,heap        ] GC(2396) ParOldGen: 225464K(225792K)->225464K(225792K)
[853.942s][info][gc,metaspace   ] GC(2396) Metaspace: 35690K(36416K)->35690K(36416K) NonClass: 26478K(27008K)->26478K(27008K) Class: 9211K(9408K)->9211K(9408K)
[853.942s][info][gc             ] GC(2396) Pause Young (Allocation Failure) 504M->220M(524M) 0.995ms
[853.942s][info][gc,cpu         ] GC(2396) User=0.00s Sys=0.00s Real=0.01s
[854.058s][info][gc,start       ] GC(2397) Pause Young (Allocation Failure)
[854.059s][info][gc,heap        ] GC(2397) PSYoungGen: 290880K(310784K)->64K(312832K) Eden: 290816K(290816K)->0K(294400K) From: 64K(19968K)->64K(18432K)
[854.059s][info][gc,heap        ] GC(2397) ParOldGen: 225464K(225792K)->225472K(225792K)
[854.059s][info][gc,metaspace   ] GC(2397) Metaspace: 35690K(36416K)->35690K(36416K) NonClass: 26478K(27008K)->26478K(27008K) Class: 9211K(9408K)->9211K(9408K)
[854.059s][info][gc             ] GC(2397) Pause Young (Allocation Failure) 504M->220M(526M) 0.923ms
[854.059s][info][gc,cpu         ] GC(2397) User=0.01s Sys=0.00s Real=0.00s
[854.113s][info][gc,start       ] GC(2398) Pause Young (Allocation Failure)
[854.114s][info][gc,heap        ] GC(2398) PSYoungGen: 294464K(312832K)->64K(312320K) Eden: 294400K(294400K)->0K(294400K) From: 64K(18432K)->64K(17920K)
[854.114s][info][gc,heap        ] GC(2398) ParOldGen: 225472K(225792K)->225488K(225792K)
[854.114s][info][gc,metaspace   ] GC(2398) Metaspace: 35690K(36416K)->35690K(36416K) NonClass: 26478K(27008K)->26478K(27008K) Class: 9211K(9408K)->9211K(9408K)
[854.114s][info][gc             ] GC(2398) Pause Young (Allocation Failure) 507M->220M(525M) 0.991ms
[854.114s][info][gc,cpu         ] GC(2398) User=0.00s Sys=0.00s Real=0.00s
[854.253s][info][gc,start       ] GC(2399) Pause Young (Allocation Failure)
[854.254s][info][gc,heap        ] GC(2399) PSYoungGen: 294464K(312320K)->64K(314880K) Eden: 294400K(294400K)->0K(297984K) From: 64K(17920K)->64K(16896K)
[854.254s][info][gc,heap        ] GC(2399) ParOldGen: 225488K(225792K)->225488K(225792K)
[854.254s][info][gc,metaspace   ] GC(2399) Metaspace: 35690K(36416K)->35690K(36416K) NonClass: 26478K(27008K)->26478K(27008K) Class: 9211K(9408K)->9211K(9408K)
[854.254s][info][gc             ] GC(2399) Pause Young (Allocation Failure) 507M->220M(528M) 0.925ms
[854.254s][info][gc,cpu         ] GC(2399) User=0.00s Sys=0.00s Real=0.00s
[854.490s][info][gc,start       ] GC(2400) Pause Young (Allocation Failure)
[854.491s][info][gc,heap        ] GC(2400) PSYoungGen: 298048K(314880K)->64K(314368K) Eden: 297984K(297984K)->0K(297984K) From: 64K(16896K)->64K(16384K)
[854.491s][info][gc,heap        ] GC(2400) ParOldGen: 225488K(225792K)->225496K(225792K)
[854.491s][info][gc,metaspace   ] GC(2400) Metaspace: 35690K(36416K)->35690K(36416K) NonClass: 26478K(27008K)->26478K(27008K) Class: 9211K(9408K)->9211K(9408K)
[854.491s][info][gc             ] GC(2400) Pause Young (Allocation Failure) 511M->220M(527M) 1.000ms
[854.491s][info][gc,cpu         ] GC(2400) User=0.00s Sys=0.00s Real=0.00s
[854.634s][info][gc,start       ] GC(2401) Pause Young (Allocation Failure)
[854.635s][info][gc,heap        ] GC(2401) PSYoungGen: 298048K(314368K)->64K(316416K) Eden: 297984K(297984K)->0K(301568K) From: 64K(16384K)->64K(14848K)
[854.635s][info][gc,heap        ] GC(2401) ParOldGen: 225496K(225792K)->225504K(225792K)
[854.635s][info][gc,metaspace   ] GC(2401) Metaspace: 35690K(36416K)->35690K(36416K) NonClass: 26478K(27008K)->26478K(27008K) Class: 9211K(9408K)->9211K(9408K)
[854.635s][info][gc             ] GC(2401) Pause Young (Allocation Failure) 511M->220M(529M) 0.975ms
[854.635s][info][gc,cpu         ] GC(2401) User=0.01s Sys=0.00s Real=0.00s
[854.734s][info][gc,start       ] GC(2402) Pause Young (Allocation Failure)
[854.735s][info][gc,heap        ] GC(2402) PSYoungGen: 301632K(316416K)->64K(315904K) Eden: 301568K(301568K)->0K(301568K) From: 64K(14848K)->64K(14336K)
[854.735s][info][gc,heap        ] GC(2402) ParOldGen: 225504K(225792K)->225512K(225792K)
[854.735s][info][gc,metaspace   ] GC(2402) Metaspace: 35690K(36416K)->35690K(36416K) NonClass: 26478K(27008K)->26478K(27008K) Class: 9211K(9408K)->9211K(9408K)
[854.735s][info][gc             ] GC(2402) Pause Young (Allocation Failure) 514M->220M(529M) 0.969ms
[854.735s][info][gc,cpu         ] GC(2402) User=0.00s Sys=0.00s Real=0.00s
[854.920s][info][gc,start       ] GC(2403) Pause Young (Allocation Failure)
[854.921s][info][gc,heap        ] GC(2403) PSYoungGen: 301632K(315904K)->64K(290304K) Eden: 301568K(301568K)->0K(289792K) From: 64K(14336K)->64K(512K)
[854.921s][info][gc,heap        ] GC(2403) ParOldGen: 225512K(225792K)->225520K(225792K)
[854.921s][info][gc,metaspace   ] GC(2403) Metaspace: 35690K(36416K)->35690K(36416K) NonClass: 26478K(27008K)->26478K(27008K) Class: 9211K(9408K)->9211K(9408K)
[854.921s][info][gc             ] GC(2403) Pause Young (Allocation Failure) 514M->220M(504M) 0.935ms
[854.921s][info][gc,cpu         ] GC(2403) User=0.00s Sys=0.00s Real=0.00s
[855.803s][info][gc,start       ] GC(2404) Pause Young (Allocation Failure)
[855.804s][info][gc,heap        ] GC(2404) PSYoungGen: 289856K(290304K)->64K(291328K) Eden: 289792K(289792K)->0K(278528K) From: 64K(512K)->64K(12800K)
[855.804s][info][gc,heap        ] GC(2404) ParOldGen: 225520K(225792K)->225528K(225792K)
[855.804s][info][gc,metaspace   ] GC(2404) Metaspace: 35690K(36416K)->35690K(36416K) NonClass: 26478K(27008K)->26478K(27008K) Class: 9211K(9408K)->9211K(9408K)
[855.804s][info][gc             ] GC(2404) Pause Young (Allocation Failure) 503M->220M(505M) 0.938ms
[855.804s][info][gc,cpu         ] GC(2404) User=0.00s Sys=0.00s Real=0.00s
[856.661s][info][gc,start       ] GC(2405) Pause Young (Allocation Failure)
[856.662s][info][gc,heap        ] GC(2405) PSYoungGen: 278592K(291328K)->64K(268288K) Eden: 278528K(278528K)->0K(267776K) From: 64K(12800K)->64K(512K)
[856.662s][info][gc,heap        ] GC(2405) ParOldGen: 225528K(225792K)->225536K(225792K)
[856.662s][info][gc,metaspace   ] GC(2405) Metaspace: 35690K(36416K)->35690K(36416K) NonClass: 26478K(27008K)->26478K(27008K) Class: 9211K(9408K)->9211K(9408K)
[856.662s][info][gc             ] GC(2405) Pause Young (Allocation Failure) 492M->220M(482M) 1.243ms
[856.662s][info][gc,cpu         ] GC(2405) User=0.00s Sys=0.00s Real=0.01s
[857.046s][info][gc,start       ] GC(2406) Pause Young (Allocation Failure)
[857.046s][info][gc,heap        ] GC(2406) PSYoungGen: 267840K(268288K)->64K(268800K) Eden: 267776K(267776K)->0K(257536K) From: 64K(512K)->64K(11264K)
[857.046s][info][gc,heap        ] GC(2406) ParOldGen: 225536K(225792K)->225544K(225792K)
[857.046s][info][gc,metaspace   ] GC(2406) Metaspace: 35690K(36416K)->35690K(36416K) NonClass: 26478K(27008K)->26478K(27008K) Class: 9211K(9408K)->9211K(9408K)
[857.046s][info][gc             ] GC(2406) Pause Young (Allocation Failure) 481M->220M(483M) 0.930ms
[857.046s][info][gc,cpu         ] GC(2406) User=0.00s Sys=0.00s Real=0.00s
[858.057s][info][gc,start       ] GC(2407) Pause Young (Allocation Failure)
[858.058s][info][gc,heap        ] GC(2407) PSYoungGen: 257600K(268800K)->64K(248320K) Eden: 257536K(257536K)->0K(247808K) From: 64K(11264K)->64K(512K)
[858.058s][info][gc,heap        ] GC(2407) ParOldGen: 225544K(225792K)->225552K(225792K)
[858.058s][info][gc,metaspace   ] GC(2407) Metaspace: 35690K(36416K)->35690K(36416K) NonClass: 26478K(27008K)->26478K(27008K) Class: 9211K(9408K)->9211K(9408K)
[858.058s][info][gc             ] GC(2407) Pause Young (Allocation Failure) 471M->220M(463M) 1.224ms
[858.058s][info][gc,cpu         ] GC(2407) User=0.00s Sys=0.00s Real=0.00s
[858.447s][info][gc,start       ] GC(2408) Pause Young (Allocation Failure)
[858.448s][info][gc,heap        ] GC(2408) PSYoungGen: 247872K(248320K)->64K(248320K) Eden: 247808K(247808K)->0K(238592K) From: 64K(512K)->64K(9728K)
[858.448s][info][gc,heap        ] GC(2408) ParOldGen: 225552K(225792K)->225560K(225792K)
[858.448s][info][gc,metaspace   ] GC(2408) Metaspace: 35690K(36416K)->35690K(36416K) NonClass: 26478K(27008K)->26478K(27008K) Class: 9211K(9408K)->9211K(9408K)
[858.448s][info][gc             ] GC(2408) Pause Young (Allocation Failure) 462M->220M(463M) 0.872ms
[858.448s][info][gc,cpu         ] GC(2408) User=0.00s Sys=0.00s Real=0.00s
[858.640s][info][gc,start       ] GC(2409) Pause Young (Allocation Failure)
[858.642s][info][gc,heap        ] GC(2409) PSYoungGen: 238656K(248320K)->64K(229888K) Eden: 238592K(238592K)->0K(229376K) From: 64K(9728K)->64K(512K)
[858.642s][info][gc,heap        ] GC(2409) ParOldGen: 225560K(225792K)->225568K(225792K)
[858.642s][info][gc,metaspace   ] GC(2409) Metaspace: 35690K(36416K)->35690K(36416K) NonClass: 26478K(27008K)->26478K(27008K) Class: 9211K(9408K)->9211K(9408K)
[858.642s][info][gc             ] GC(2409) Pause Young (Allocation Failure) 453M->220M(445M) 2.038ms
[858.642s][info][gc,cpu         ] GC(2409) User=0.00s Sys=0.00s Real=0.00s
[858.729s][info][gc,start       ] GC(2410) Pause Young (Allocation Failure)
[858.730s][info][gc,heap        ] GC(2410) PSYoungGen: 229440K(229888K)->64K(228864K) Eden: 229376K(229376K)->0K(220672K) From: 64K(512K)->64K(8192K)
[858.730s][info][gc,heap        ] GC(2410) ParOldGen: 225568K(225792K)->225576K(225792K)
[858.730s][info][gc,metaspace   ] GC(2410) Metaspace: 35690K(36416K)->35690K(36416K) NonClass: 26478K(27008K)->26478K(27008K) Class: 9211K(9408K)->9211K(9408K)
[858.730s][info][gc             ] GC(2410) Pause Young (Allocation Failure) 444M->220M(444M) 1.395ms
[858.730s][info][gc,cpu         ] GC(2410) User=0.00s Sys=0.00s Real=0.00s
[859.261s][info][gc,start       ] GC(2411) Pause Young (Allocation Failure)
[859.263s][info][gc,heap        ] GC(2411) PSYoungGen: 220736K(228864K)->64K(212992K) Eden: 220672K(220672K)->0K(212480K) From: 64K(8192K)->64K(512K)
[859.263s][info][gc,heap        ] GC(2411) ParOldGen: 225576K(225792K)->225592K(225792K)
[859.263s][info][gc,metaspace   ] GC(2411) Metaspace: 35690K(36416K)->35690K(36416K) NonClass: 26478K(27008K)->26478K(27008K) Class: 9211K(9408K)->9211K(9408K)
[859.263s][info][gc             ] GC(2411) Pause Young (Allocation Failure) 435M->220M(428M) 2.203ms
[859.263s][info][gc,cpu         ] GC(2411) User=0.00s Sys=0.00s Real=0.01s
[859.454s][info][gc,start       ] GC(2412) Pause Young (Allocation Failure)
[859.455s][info][gc,heap        ] GC(2412) PSYoungGen: 212544K(212992K)->64K(211968K) Eden: 212480K(212480K)->0K(204800K) From: 64K(512K)->64K(7168K)
[859.455s][info][gc,heap        ] GC(2412) ParOldGen: 225592K(225792K)->225600K(225792K)
[859.455s][info][gc,metaspace   ] GC(2412) Metaspace: 35690K(36416K)->35690K(36416K) NonClass: 26478K(27008K)->26478K(27008K) Class: 9211K(9408K)->9211K(9408K)
[859.455s][info][gc             ] GC(2412) Pause Young (Allocation Failure) 427M->220M(427M) 1.398ms
[859.455s][info][gc,cpu         ] GC(2412) User=0.00s Sys=0.00s Real=0.00s
[859.738s][info][gc,start       ] GC(2413) Pause Young (Allocation Failure)
[859.761s][info][gc,heap        ] GC(2413) PSYoungGen: 204864K(211968K)->6656K(251392K) Eden: 204800K(204800K)->0K(244736K) From: 64K(7168K)->6656K(6656K)
[859.761s][info][gc,heap        ] GC(2413) ParOldGen: 225600K(225792K)->230128K(230400K)
[859.761s][info][gc,metaspace   ] GC(2413) Metaspace: 35690K(36416K)->35690K(36416K) NonClass: 26478K(27008K)->26478K(27008K) Class: 9211K(9408K)->9211K(9408K)
[859.761s][info][gc             ] GC(2413) Pause Young (Allocation Failure) 420M->231M(470M) 23.114ms
[859.761s][info][gc,cpu         ] GC(2413) User=0.03s Sys=0.00s Real=0.02s
[860.043s][info][gc,start       ] GC(2414) Pause Young (Allocation Failure)
[860.096s][info][gc,heap        ] GC(2414) PSYoungGen: 251392K(251392K)->10240K(271360K) Eden: 244736K(244736K)->0K(261120K) From: 6656K(6656K)->10240K(10240K)
[860.096s][info][gc,heap        ] GC(2414) ParOldGen: 230128K(230400K)->247624K(247808K)
[860.096s][info][gc,metaspace   ] GC(2414) Metaspace: 35690K(36416K)->35690K(36416K) NonClass: 26478K(27008K)->26478K(27008K) Class: 9211K(9408K)->9211K(9408K)
[860.096s][info][gc             ] GC(2414) Pause Young (Allocation Failure) 470M->251M(507M) 52.898ms
[860.096s][info][gc,cpu         ] GC(2414) User=0.09s Sys=0.02s Real=0.05s
[860.354s][info][gc,start       ] GC(2415) Pause Young (Allocation Failure)
[860.406s][info][gc,heap        ] GC(2415) PSYoungGen: 271360K(271360K)->18944K(302592K) Eden: 261120K(261120K)->0K(283648K) From: 10240K(10240K)->18944K(18944K)
[860.406s][info][gc,heap        ] GC(2415) ParOldGen: 247624K(247808K)->252992K(253440K)
[860.406s][info][gc,metaspace   ] GC(2415) Metaspace: 35690K(36416K)->35690K(36416K) NonClass: 26478K(27008K)->26478K(27008K) Class: 9211K(9408K)->9211K(9408K)
[860.406s][info][gc             ] GC(2415) Pause Young (Allocation Failure) 506M->265M(543M) 51.906ms
[860.406s][info][gc,cpu         ] GC(2415) User=0.09s Sys=0.01s Real=0.05s
[860.595s][info][gc,start       ] GC(2416) Pause Young (Allocation Failure)
[860.597s][info][gc,heap        ] GC(2416) PSYoungGen: 302592K(302592K)->64K(308736K) Eden: 283648K(283648K)->0K(283648K) From: 18944K(18944K)->64K(25088K)
[860.597s][info][gc,heap        ] GC(2416) ParOldGen: 252992K(253440K)->253136K(253440K)
[860.597s][info][gc,metaspace   ] GC(2416) Metaspace: 35690K(36416K)->35690K(36416K) NonClass: 26478K(27008K)->26478K(27008K) Class: 9211K(9408K)->9211K(9408K)
[860.597s][info][gc             ] GC(2416) Pause Young (Allocation Failure) 542M->247M(549M) 2.618ms
[860.597s][info][gc,cpu         ] GC(2416) User=0.00s Sys=0.00s Real=0.00s
[861.261s][info][gc,start       ] GC(2417) Pause Young (Allocation Failure)
[861.262s][info][gc,heap        ] GC(2417) PSYoungGen: 283712K(308736K)->64K(305664K) Eden: 283648K(283648K)->0K(284672K) From: 64K(25088K)->64K(20992K)
[861.262s][info][gc,heap        ] GC(2417) ParOldGen: 253136K(253440K)->253144K(253440K)
[861.262s][info][gc,metaspace   ] GC(2417) Metaspace: 35690K(36416K)->35690K(36416K) NonClass: 26478K(27008K)->26478K(27008K) Class: 9211K(9408K)->9211K(9408K)
[861.262s][info][gc             ] GC(2417) Pause Young (Allocation Failure) 524M->247M(546M) 1.114ms
[861.262s][info][gc,cpu         ] GC(2417) User=0.00s Sys=0.00s Real=0.01s
[861.738s][info][gc,start       ] GC(2418) Pause Young (Allocation Failure)
[861.739s][info][gc,heap        ] GC(2418) PSYoungGen: 284736K(305664K)->64K(307712K) Eden: 284672K(284672K)->0K(284672K) From: 64K(20992K)->64K(23040K)
[861.739s][info][gc,heap        ] GC(2418) ParOldGen: 253144K(253440K)->253160K(253440K)
[861.739s][info][gc,metaspace   ] GC(2418) Metaspace: 35690K(36416K)->35690K(36416K) NonClass: 26478K(27008K)->26478K(27008K) Class: 9211K(9408K)->9211K(9408K)
[861.739s][info][gc             ] GC(2418) Pause Young (Allocation Failure) 525M->247M(548M) 1.059ms
[861.739s][info][gc,cpu         ] GC(2418) User=0.00s Sys=0.00s Real=0.00s
[861.943s][info][gc,start       ] GC(2419) Pause Young (Allocation Failure)
[861.944s][info][gc,heap        ] GC(2419) PSYoungGen: 284736K(307712K)->64K(308224K) Eden: 284672K(284672K)->0K(288256K) From: 64K(23040K)->64K(19968K)
[861.945s][info][gc,heap        ] GC(2419) ParOldGen: 253160K(253440K)->253176K(253440K)
[861.945s][info][gc,metaspace   ] GC(2419) Metaspace: 35690K(36416K)->35690K(36416K) NonClass: 26478K(27008K)->26478K(27008K) Class: 9211K(9408K)->9211K(9408K)
[861.945s][info][gc             ] GC(2419) Pause Young (Allocation Failure) 525M->247M(548M) 1.037ms
[861.945s][info][gc,cpu         ] GC(2419) User=0.00s Sys=0.00s Real=0.00s
[862.155s][info][gc,start       ] GC(2420) Pause Young (Allocation Failure)
[862.156s][info][gc,heap        ] GC(2420) PSYoungGen: 288320K(308224K)->64K(309760K) Eden: 288256K(288256K)->0K(288256K) From: 64K(19968K)->64K(21504K)
[862.156s][info][gc,heap        ] GC(2420) ParOldGen: 253176K(253440K)->253176K(253440K)
[862.156s][info][gc,metaspace   ] GC(2420) Metaspace: 35690K(36416K)->35690K(36416K) NonClass: 26478K(27008K)->26478K(27008K) Class: 9211K(9408K)->9211K(9408K)
[862.156s][info][gc             ] GC(2420) Pause Young (Allocation Failure) 528M->247M(550M) 1.014ms
[862.156s][info][gc,cpu         ] GC(2420) User=0.00s Sys=0.00s Real=0.00s
[862.495s][info][gc,start       ] GC(2421) Pause Young (Allocation Failure)
[862.496s][info][gc,heap        ] GC(2421) PSYoungGen: 288320K(309760K)->64K(309760K) Eden: 288256K(288256K)->0K(291840K) From: 64K(21504K)->64K(17920K)
[862.496s][info][gc,heap        ] GC(2421) ParOldGen: 253176K(253440K)->253176K(253440K)
[862.496s][info][gc,metaspace   ] GC(2421) Metaspace: 35690K(36416K)->35690K(36416K) NonClass: 26478K(27008K)->26478K(27008K) Class: 9211K(9408K)->9211K(9408K)
[862.496s][info][gc             ] GC(2421) Pause Young (Allocation Failure) 528M->247M(550M) 1.034ms
[862.496s][info][gc,cpu         ] GC(2421) User=0.00s Sys=0.00s Real=0.00s
[862.550s][info][gc,start       ] GC(2422) Pause Young (Allocation Failure)
[862.551s][info][gc,heap        ] GC(2422) PSYoungGen: 291904K(309760K)->64K(311296K) Eden: 291840K(291840K)->0K(291840K) From: 64K(17920K)->64K(19456K)
[862.551s][info][gc,heap        ] GC(2422) ParOldGen: 253176K(253440K)->253192K(253440K)
[862.551s][info][gc,metaspace   ] GC(2422) Metaspace: 35690K(36416K)->35690K(36416K) NonClass: 26478K(27008K)->26478K(27008K) Class: 9211K(9408K)->9211K(9408K)
[862.551s][info][gc             ] GC(2422) Pause Young (Allocation Failure) 532M->247M(551M) 0.981ms
[862.551s][info][gc,cpu         ] GC(2422) User=0.00s Sys=0.00s Real=0.00s
[862.601s][info][gc,start       ] GC(2423) Pause Young (Allocation Failure)
[862.601s][info][gc,heap        ] GC(2423) PSYoungGen: 291904K(311296K)->64K(311808K) Eden: 291840K(291840K)->0K(295936K) From: 64K(19456K)->64K(15872K)
[862.601s][info][gc,heap        ] GC(2423) ParOldGen: 253192K(253440K)->253192K(253440K)
[862.601s][info][gc,metaspace   ] GC(2423) Metaspace: 35690K(36416K)->35690K(36416K) NonClass: 26478K(27008K)->26478K(27008K) Class: 9211K(9408K)->9211K(9408K)
[862.601s][info][gc             ] GC(2423) Pause Young (Allocation Failure) 532M->247M(552M) 0.861ms
[862.601s][info][gc,cpu         ] GC(2423) User=0.00s Sys=0.00s Real=0.00s
[862.801s][info][gc,start       ] GC(2424) Pause Young (Allocation Failure)
[862.802s][info][gc,heap        ] GC(2424) PSYoungGen: 296000K(311808K)->64K(313344K) Eden: 295936K(295936K)->0K(295936K) From: 64K(15872K)->64K(17408K)
[862.802s][info][gc,heap        ] GC(2424) ParOldGen: 253192K(253440K)->253192K(253440K)
[862.802s][info][gc,metaspace   ] GC(2424) Metaspace: 35690K(36416K)->35690K(36416K) NonClass: 26478K(27008K)->26478K(27008K) Class: 9211K(9408K)->9211K(9408K)
[862.802s][info][gc             ] GC(2424) Pause Young (Allocation Failure) 536M->247M(553M) 1.013ms
[862.802s][info][gc,cpu         ] GC(2424) User=0.00s Sys=0.00s Real=0.00s
[863.014s][info][gc,start       ] GC(2425) Pause Young (Allocation Failure)
[863.015s][info][gc,heap        ] GC(2425) PSYoungGen: 296000K(313344K)->64K(313856K) Eden: 295936K(295936K)->0K(300032K) From: 64K(17408K)->64K(13824K)
[863.015s][info][gc,heap        ] GC(2425) ParOldGen: 253192K(253440K)->253200K(253440K)
[863.015s][info][gc,metaspace   ] GC(2425) Metaspace: 35690K(36416K)->35690K(36416K) NonClass: 26478K(27008K)->26478K(27008K) Class: 9211K(9408K)->9211K(9408K)
[863.015s][info][gc             ] GC(2425) Pause Young (Allocation Failure) 536M->247M(554M) 1.005ms
[863.015s][info][gc,cpu         ] GC(2425) User=0.00s Sys=0.00s Real=0.00s
[863.119s][info][gc,start       ] GC(2426) Pause Young (Allocation Failure)
[863.120s][info][gc,heap        ] GC(2426) PSYoungGen: 300096K(313856K)->64K(315392K) Eden: 300032K(300032K)->0K(300032K) From: 64K(13824K)->64K(15360K)
[863.120s][info][gc,heap        ] GC(2426) ParOldGen: 253200K(253440K)->253208K(253440K)
[863.120s][info][gc,metaspace   ] GC(2426) Metaspace: 35690K(36416K)->35690K(36416K) NonClass: 26478K(27008K)->26478K(27008K) Class: 9211K(9408K)->9211K(9408K)
[863.120s][info][gc             ] GC(2426) Pause Young (Allocation Failure) 540M->247M(555M) 1.041ms
[863.120s][info][gc,cpu         ] GC(2426) User=0.01s Sys=0.00s Real=0.00s
[863.243s][info][gc,start       ] GC(2427) Pause Young (Allocation Failure)
[863.244s][info][gc,heap        ] GC(2427) PSYoungGen: 300096K(315392K)->64K(316928K) Eden: 300032K(300032K)->0K(304128K) From: 64K(15360K)->64K(12800K)
[863.244s][info][gc,heap        ] GC(2427) ParOldGen: 253208K(253440K)->253216K(253440K)
[863.244s][info][gc,metaspace   ] GC(2427) Metaspace: 35690K(36416K)->35690K(36416K) NonClass: 26478K(27008K)->26478K(27008K) Class: 9211K(9408K)->9211K(9408K)
[863.244s][info][gc             ] GC(2427) Pause Young (Allocation Failure) 540M->247M(557M) 0.957ms
[863.244s][info][gc,cpu         ] GC(2427) User=0.00s Sys=0.00s Real=0.00s
[863.639s][info][gc,start       ] GC(2428) Pause Young (Allocation Failure)
[863.641s][info][gc,heap        ] GC(2428) PSYoungGen: 304192K(316928K)->64K(292352K) Eden: 304128K(304128K)->0K(291840K) From: 64K(12800K)->64K(512K)
[863.641s][info][gc,heap        ] GC(2428) ParOldGen: 253216K(253440K)->253224K(253440K)
[863.641s][info][gc,metaspace   ] GC(2428) Metaspace: 35690K(36416K)->35690K(36416K) NonClass: 26478K(27008K)->26478K(27008K) Class: 9211K(9408K)->9211K(9408K)
[863.641s][info][gc             ] GC(2428) Pause Young (Allocation Failure) 544M->247M(533M) 1.756ms
[863.641s][info][gc,cpu         ] GC(2428) User=0.00s Sys=0.00s Real=0.00s
[864.270s][info][gc,start       ] GC(2429) Pause Young (Allocation Failure)
[864.272s][info][gc,heap        ] GC(2429) PSYoungGen: 291904K(292352K)->64K(280576K) Eden: 291840K(291840K)->0K(280064K) From: 64K(512K)->64K(512K)
[864.272s][info][gc,heap        ] GC(2429) ParOldGen: 253224K(253440K)->253232K(253440K)
[864.272s][info][gc,metaspace   ] GC(2429) Metaspace: 35690K(36416K)->35690K(36416K) NonClass: 26478K(27008K)->26478K(27008K) Class: 9211K(9408K)->9211K(9408K)
[864.272s][info][gc             ] GC(2429) Pause Young (Allocation Failure) 532M->247M(521M) 1.437ms
[864.272s][info][gc,cpu         ] GC(2429) User=0.00s Sys=0.00s Real=0.00s
[865.198s][info][gc,start       ] GC(2430) Pause Young (Allocation Failure)
[865.199s][info][gc,heap        ] GC(2430) PSYoungGen: 280128K(280576K)->64K(281088K) Eden: 280064K(280064K)->0K(269312K) From: 64K(512K)->64K(11776K)
[865.199s][info][gc,heap        ] GC(2430) ParOldGen: 253232K(253440K)->253240K(253440K)
[865.199s][info][gc,metaspace   ] GC(2430) Metaspace: 35690K(36416K)->35690K(36416K) NonClass: 26478K(27008K)->26478K(27008K) Class: 9211K(9408K)->9211K(9408K)
[865.199s][info][gc             ] GC(2430) Pause Young (Allocation Failure) 520M->247M(522M) 1.018ms
[865.199s][info][gc,cpu         ] GC(2430) User=0.00s Sys=0.00s Real=0.00s
[865.633s][info][gc,start       ] GC(2431) Pause Young (Allocation Failure)
[865.635s][info][gc,heap        ] GC(2431) PSYoungGen: 269376K(281088K)->64K(259584K) Eden: 269312K(269312K)->0K(259072K) From: 64K(11776K)->64K(512K)
[865.635s][info][gc,heap        ] GC(2431) ParOldGen: 253240K(253440K)->253248K(253440K)
[865.635s][info][gc,metaspace   ] GC(2431) Metaspace: 35690K(36416K)->35690K(36416K) NonClass: 26478K(27008K)->26478K(27008K) Class: 9211K(9408K)->9211K(9408K)
[865.635s][info][gc             ] GC(2431) Pause Young (Allocation Failure) 510M->247M(501M) 1.439ms
[865.635s][info][gc,cpu         ] GC(2431) User=0.00s Sys=0.00s Real=0.00s
[866.607s][info][gc,start       ] GC(2432) Pause Young (Allocation Failure)
[866.608s][info][gc,heap        ] GC(2432) PSYoungGen: 259136K(259584K)->64K(259584K) Eden: 259072K(259072K)->0K(249344K) From: 64K(512K)->64K(10240K)
[866.608s][info][gc,heap        ] GC(2432) ParOldGen: 253248K(253440K)->253256K(253440K)
[866.608s][info][gc,metaspace   ] GC(2432) Metaspace: 35690K(36416K)->35690K(36416K) NonClass: 26478K(27008K)->26478K(27008K) Class: 9211K(9408K)->9211K(9408K)
[866.608s][info][gc             ] GC(2432) Pause Young (Allocation Failure) 500M->247M(501M) 1.031ms
[866.608s][info][gc,cpu         ] GC(2432) User=0.00s Sys=0.00s Real=0.00s
[866.973s][info][gc,start       ] GC(2433) Pause Young (Allocation Failure)
[866.975s][info][gc,heap        ] GC(2433) PSYoungGen: 249408K(259584K)->64K(240128K) Eden: 249344K(249344K)->0K(239616K) From: 64K(10240K)->64K(512K)
[866.975s][info][gc,heap        ] GC(2433) ParOldGen: 253256K(253440K)->253264K(253440K)
[866.975s][info][gc,metaspace   ] GC(2433) Metaspace: 35690K(36416K)->35690K(36416K) NonClass: 26478K(27008K)->26478K(27008K) Class: 9211K(9408K)->9211K(9408K)
[866.975s][info][gc             ] GC(2433) Pause Young (Allocation Failure) 490M->247M(482M) 1.602ms
[866.975s][info][gc,cpu         ] GC(2433) User=0.00s Sys=0.00s Real=0.00s
[867.121s][info][gc,start       ] GC(2434) Pause Young (Allocation Failure)
[867.122s][info][gc,heap        ] GC(2434) PSYoungGen: 239680K(240128K)->64K(239616K) Eden: 239616K(239616K)->0K(230400K) From: 64K(512K)->64K(9216K)
[867.122s][info][gc,heap        ] GC(2434) ParOldGen: 253264K(253440K)->253272K(253440K)
[867.122s][info][gc,metaspace   ] GC(2434) Metaspace: 35690K(36416K)->35690K(36416K) NonClass: 26478K(27008K)->26478K(27008K) Class: 9211K(9408K)->9211K(9408K)
[867.122s][info][gc             ] GC(2434) Pause Young (Allocation Failure) 481M->247M(481M) 1.593ms
[867.122s][info][gc,cpu         ] GC(2434) User=0.00s Sys=0.00s Real=0.01s
[867.427s][info][gc,start       ] GC(2435) Pause Young (Allocation Failure)
[867.430s][info][gc,heap        ] GC(2435) PSYoungGen: 230464K(239616K)->64K(222208K) Eden: 230400K(230400K)->0K(221696K) From: 64K(9216K)->64K(512K)
[867.430s][info][gc,heap        ] GC(2435) ParOldGen: 253272K(253440K)->253280K(253440K)
[867.430s][info][gc,metaspace   ] GC(2435) Metaspace: 35690K(36416K)->35690K(36416K) NonClass: 26478K(27008K)->26478K(27008K) Class: 9211K(9408K)->9211K(9408K)
[867.430s][info][gc             ] GC(2435) Pause Young (Allocation Failure) 472M->247M(464M) 2.218ms
[867.430s][info][gc,cpu         ] GC(2435) User=0.00s Sys=0.00s Real=0.00s
[867.790s][info][gc,start       ] GC(2436) Pause Young (Allocation Failure)
[867.791s][info][gc,heap        ] GC(2436) PSYoungGen: 221760K(222208K)->64K(221184K) Eden: 221696K(221696K)->0K(213504K) From: 64K(512K)->64K(7680K)
[867.791s][info][gc,heap        ] GC(2436) ParOldGen: 253280K(253440K)->253296K(253440K)
[867.791s][info][gc,metaspace   ] GC(2436) Metaspace: 35690K(36416K)->35690K(36416K) NonClass: 26478K(27008K)->26478K(27008K) Class: 9211K(9408K)->9211K(9408K)
[867.791s][info][gc             ] GC(2436) Pause Young (Allocation Failure) 463M->247M(463M) 1.649ms
[867.791s][info][gc,cpu         ] GC(2436) User=0.00s Sys=0.00s Real=0.00s
[868.084s][info][gc,start       ] GC(2437) Pause Young (Allocation Failure)
[868.087s][info][gc,heap        ] GC(2437) PSYoungGen: 213568K(221184K)->896K(206848K) Eden: 213504K(213504K)->0K(205824K) From: 64K(7680K)->896K(1024K)
[868.087s][info][gc,heap        ] GC(2437) ParOldGen: 253296K(253440K)->253304K(253440K)
[868.087s][info][gc,metaspace   ] GC(2437) Metaspace: 35690K(36416K)->35690K(36416K) NonClass: 26478K(27008K)->26478K(27008K) Class: 9211K(9408K)->9211K(9408K)
[868.087s][info][gc             ] GC(2437) Pause Young (Allocation Failure) 455M->248M(449M) 3.756ms
[868.087s][info][gc,cpu         ] GC(2437) User=0.00s Sys=0.00s Real=0.00s
[868.325s][info][gc,start       ] GC(2438) Pause Young (Allocation Failure)
[868.375s][info][gc,heap        ] GC(2438) PSYoungGen: 206720K(206848K)->6656K(253440K) Eden: 205824K(205824K)->0K(246784K) From: 896K(1024K)->6656K(6656K)
[868.375s][info][gc,heap        ] GC(2438) ParOldGen: 253304K(253440K)->269880K(270336K)
[868.375s][info][gc,metaspace   ] GC(2438) Metaspace: 35690K(36416K)->35690K(36416K) NonClass: 26478K(27008K)->26478K(27008K) Class: 9211K(9408K)->9211K(9408K)
[868.375s][info][gc             ] GC(2438) Pause Young (Allocation Failure) 449M->270M(511M) 50.003ms
[868.375s][info][gc,cpu         ] GC(2438) User=0.07s Sys=0.01s Real=0.05s
[868.660s][info][gc,start       ] GC(2439) Pause Young (Allocation Failure)
[868.719s][info][gc,heap        ] GC(2439) PSYoungGen: 253440K(253440K)->9216K(252928K) Eden: 246784K(246784K)->0K(243712K) From: 6656K(6656K)->9216K(9216K)
[868.719s][info][gc,heap        ] GC(2439) ParOldGen: 269880K(270336K)->288960K(289280K)
[868.719s][info][gc,metaspace   ] GC(2439) Metaspace: 35690K(36416K)->35690K(36416K) NonClass: 26478K(27008K)->26478K(27008K) Class: 9211K(9408K)->9211K(9408K)
[868.719s][info][gc             ] GC(2439) Pause Young (Allocation Failure) 511M->291M(529M) 58.820ms
[868.719s][info][gc,cpu         ] GC(2439) User=0.09s Sys=0.02s Real=0.06s
[868.870s][info][gc,start       ] GC(2440) Pause Young (Allocation Failure)
[868.891s][info][gc,heap        ] GC(2440) PSYoungGen: 252928K(252928K)->10752K(266240K) Eden: 243712K(243712K)->0K(243712K) From: 9216K(9216K)->10752K(22528K)
[868.891s][info][gc,heap        ] GC(2440) ParOldGen: 288960K(289280K)->289472K(289792K)
[868.891s][info][gc,metaspace   ] GC(2440) Metaspace: 35690K(36416K)->35690K(36416K) NonClass: 26478K(27008K)->26478K(27008K) Class: 9211K(9408K)->9211K(9408K)
[868.891s][info][gc             ] GC(2440) Pause Young (Allocation Failure) 529M->293M(543M) 21.384ms
[868.891s][info][gc,cpu         ] GC(2440) User=0.04s Sys=0.01s Real=0.02s
[869.190s][info][gc,start       ] GC(2441) Pause Young (Allocation Failure)
[869.191s][info][gc,heap        ] GC(2441) PSYoungGen: 254464K(266240K)->64K(310784K) Eden: 243712K(243712K)->0K(288256K) From: 10752K(22528K)->64K(22528K)
[869.191s][info][gc,heap        ] GC(2441) ParOldGen: 289472K(289792K)->289480K(289792K)
[869.191s][info][gc,metaspace   ] GC(2441) Metaspace: 35690K(36416K)->35690K(36416K) NonClass: 26478K(27008K)->26478K(27008K) Class: 9211K(9408K)->9211K(9408K)
[869.191s][info][gc             ] GC(2441) Pause Young (Allocation Failure) 531M->282M(586M) 1.136ms
[869.191s][info][gc,cpu         ] GC(2441) User=0.01s Sys=0.00s Real=0.00s
[869.813s][info][gc,start       ] GC(2442) Pause Young (Allocation Failure)
[869.814s][info][gc,heap        ] GC(2442) PSYoungGen: 288320K(310784K)->64K(288768K) Eden: 288256K(288256K)->0K(288256K) From: 64K(22528K)->64K(512K)
[869.814s][info][gc,heap        ] GC(2442) ParOldGen: 289480K(289792K)->289488K(289792K)
[869.814s][info][gc,metaspace   ] GC(2442) Metaspace: 35690K(36416K)->35690K(36416K) NonClass: 26478K(27008K)->26478K(27008K) Class: 9211K(9408K)->9211K(9408K)
[869.814s][info][gc             ] GC(2442) Pause Young (Allocation Failure) 564M->282M(565M) 1.192ms
[869.814s][info][gc,cpu         ] GC(2442) User=0.00s Sys=0.00s Real=0.00s
[870.256s][info][gc,start       ] GC(2443) Pause Young (Allocation Failure)
[870.257s][info][gc,heap        ] GC(2443) PSYoungGen: 288320K(288768K)->64K(310784K) Eden: 288256K(288256K)->0K(289280K) From: 64K(512K)->64K(21504K)
[870.257s][info][gc,heap        ] GC(2443) ParOldGen: 289488K(289792K)->289504K(289792K)
[870.257s][info][gc,metaspace   ] GC(2443) Metaspace: 35690K(36416K)->35690K(36416K) NonClass: 26478K(27008K)->26478K(27008K) Class: 9211K(9408K)->9211K(9408K)
[870.257s][info][gc             ] GC(2443) Pause Young (Allocation Failure) 564M->282M(586M) 1.078ms
[870.257s][info][gc,cpu         ] GC(2443) User=0.00s Sys=0.00s Real=0.00s
[870.465s][info][gc,start       ] GC(2444) Pause Young (Allocation Failure)
[870.466s][info][gc,heap        ] GC(2444) PSYoungGen: 289344K(310784K)->64K(310272K) Eden: 289280K(289280K)->0K(289280K) From: 64K(21504K)->64K(20992K)
[870.466s][info][gc,heap        ] GC(2444) ParOldGen: 289504K(289792K)->289520K(289792K)
[870.466s][info][gc,metaspace   ] GC(2444) Metaspace: 35690K(36416K)->35690K(36416K) NonClass: 26478K(27008K)->26478K(27008K) Class: 9211K(9408K)->9211K(9408K)
[870.466s][info][gc             ] GC(2444) Pause Young (Allocation Failure) 565M->282M(586M) 1.021ms
[870.466s][info][gc,cpu         ] GC(2444) User=0.00s Sys=0.00s Real=0.00s
[870.672s][info][gc,start       ] GC(2445) Pause Young (Allocation Failure)
[870.673s][info][gc,heap        ] GC(2445) PSYoungGen: 289344K(310272K)->64K(311808K) Eden: 289280K(289280K)->0K(292352K) From: 64K(20992K)->64K(19456K)
[870.673s][info][gc,heap        ] GC(2445) ParOldGen: 289520K(289792K)->289520K(289792K)
[870.673s][info][gc,metaspace   ] GC(2445) Metaspace: 35690K(36416K)->35690K(36416K) NonClass: 26478K(27008K)->26478K(27008K) Class: 9211K(9408K)->9211K(9408K)
[870.673s][info][gc             ] GC(2445) Pause Young (Allocation Failure) 565M->282M(587M) 0.999ms
[870.673s][info][gc,cpu         ] GC(2445) User=0.01s Sys=0.00s Real=0.01s
[870.975s][info][gc,start       ] GC(2446) Pause Young (Allocation Failure)
[870.976s][info][gc,heap        ] GC(2446) PSYoungGen: 292416K(311808K)->64K(311296K) Eden: 292352K(292352K)->0K(292352K) From: 64K(19456K)->64K(18944K)
[870.976s][info][gc,heap        ] GC(2446) ParOldGen: 289520K(289792K)->289520K(289792K)
[870.976s][info][gc,metaspace   ] GC(2446) Metaspace: 35690K(36416K)->35690K(36416K) NonClass: 26478K(27008K)->26478K(27008K) Class: 9211K(9408K)->9211K(9408K)
[870.976s][info][gc             ] GC(2446) Pause Young (Allocation Failure) 568M->282M(587M) 1.134ms
[870.976s][info][gc,cpu         ] GC(2446) User=0.00s Sys=0.00s Real=0.00s
[871.027s][info][gc,start       ] GC(2447) Pause Young (Allocation Failure)
[871.028s][info][gc,heap        ] GC(2447) PSYoungGen: 292416K(311296K)->64K(313856K) Eden: 292352K(292352K)->0K(295936K) From: 64K(18944K)->64K(17920K)
[871.028s][info][gc,heap        ] GC(2447) ParOldGen: 289520K(289792K)->289536K(289792K)
[871.028s][info][gc,metaspace   ] GC(2447) Metaspace: 35690K(36416K)->35690K(36416K) NonClass: 26478K(27008K)->26478K(27008K) Class: 9211K(9408K)->9211K(9408K)
[871.028s][info][gc             ] GC(2447) Pause Young (Allocation Failure) 568M->282M(589M) 0.994ms
[871.028s][info][gc,cpu         ] GC(2447) User=0.00s Sys=0.00s Real=0.00s
[871.105s][info][gc,start       ] GC(2448) Pause Young (Allocation Failure)
[871.106s][info][gc,heap        ] GC(2448) PSYoungGen: 296000K(313856K)->64K(313344K) Eden: 295936K(295936K)->0K(295936K) From: 64K(17920K)->64K(17408K)
[871.106s][info][gc,heap        ] GC(2448) ParOldGen: 289536K(289792K)->289536K(289792K)
[871.106s][info][gc,metaspace   ] GC(2448) Metaspace: 35690K(36416K)->35690K(36416K) NonClass: 26478K(27008K)->26478K(27008K) Class: 9211K(9408K)->9211K(9408K)
[871.106s][info][gc             ] GC(2448) Pause Young (Allocation Failure) 571M->282M(589M) 1.027ms
[871.106s][info][gc,cpu         ] GC(2448) User=0.00s Sys=0.00s Real=0.00s
[871.325s][info][gc,start       ] GC(2449) Pause Young (Allocation Failure)
[871.326s][info][gc,heap        ] GC(2449) PSYoungGen: 296000K(313344K)->64K(315392K) Eden: 295936K(295936K)->0K(299520K) From: 64K(17408K)->64K(15872K)
[871.326s][info][gc,heap        ] GC(2449) ParOldGen: 289536K(289792K)->289552K(289792K)
[871.326s][info][gc,metaspace   ] GC(2449) Metaspace: 35690K(36416K)->35690K(36416K) NonClass: 26478K(27008K)->26478K(27008K) Class: 9211K(9408K)->9211K(9408K)
[871.326s][info][gc             ] GC(2449) Pause Young (Allocation Failure) 571M->282M(591M) 1.013ms
[871.326s][info][gc,cpu         ] GC(2449) User=0.00s Sys=0.00s Real=0.00s
[871.521s][info][gc,start       ] GC(2450) Pause Young (Allocation Failure)
[871.522s][info][gc,heap        ] GC(2450) PSYoungGen: 299584K(315392K)->64K(314880K) Eden: 299520K(299520K)->0K(299520K) From: 64K(15872K)->64K(15360K)
[871.522s][info][gc,heap        ] GC(2450) ParOldGen: 289552K(289792K)->289552K(289792K)
[871.522s][info][gc,metaspace   ] GC(2450) Metaspace: 35690K(36416K)->35690K(36416K) NonClass: 26478K(27008K)->26478K(27008K) Class: 9211K(9408K)->9211K(9408K)
[871.522s][info][gc             ] GC(2450) Pause Young (Allocation Failure) 575M->282M(590M) 1.105ms
[871.522s][info][gc,cpu         ] GC(2450) User=0.01s Sys=0.00s Real=0.00s
[871.603s][info][gc,start       ] GC(2451) Pause Young (Allocation Failure)
[871.604s][info][gc,heap        ] GC(2451) PSYoungGen: 299584K(314880K)->64K(317440K) Eden: 299520K(299520K)->0K(303104K) From: 64K(15360K)->64K(14336K)
[871.604s][info][gc,heap        ] GC(2451) ParOldGen: 289552K(289792K)->289568K(289792K)
[871.604s][info][gc,metaspace   ] GC(2451) Metaspace: 35690K(36416K)->35690K(36416K) NonClass: 26478K(27008K)->26478K(27008K) Class: 9211K(9408K)->9211K(9408K)
[871.604s][info][gc             ] GC(2451) Pause Young (Allocation Failure) 575M->282M(593M) 1.037ms
[871.604s][info][gc,cpu         ] GC(2451) User=0.00s Sys=0.00s Real=0.00s
[871.756s][info][gc,start       ] GC(2452) Pause Young (Allocation Failure)
[871.757s][info][gc,heap        ] GC(2452) PSYoungGen: 303168K(317440K)->64K(316928K) Eden: 303104K(303104K)->0K(303104K) From: 64K(14336K)->64K(13824K)
[871.757s][info][gc,heap        ] GC(2452) ParOldGen: 289568K(289792K)->289568K(289792K)
[871.757s][info][gc,metaspace   ] GC(2452) Metaspace: 35690K(36416K)->35690K(36416K) NonClass: 26478K(27008K)->26478K(27008K) Class: 9211K(9408K)->9211K(9408K)
[871.757s][info][gc             ] GC(2452) Pause Young (Allocation Failure) 578M->282M(592M) 1.050ms
[871.757s][info][gc,cpu         ] GC(2452) User=0.00s Sys=0.00s Real=0.00s
[872.703s][info][gc,start       ] GC(2453) Pause Young (Allocation Failure)
[872.704s][info][gc,heap        ] GC(2453) PSYoungGen: 303168K(316928K)->83K(291328K) Eden: 303104K(303104K)->0K(290816K) From: 64K(13824K)->83K(512K)
[872.704s][info][gc,heap        ] GC(2453) ParOldGen: 289568K(289792K)->289576K(289792K)
[872.704s][info][gc,metaspace   ] GC(2453) Metaspace: 35690K(36416K)->35690K(36416K) NonClass: 26478K(27008K)->26478K(27008K) Class: 9211K(9408K)->9211K(9408K)
[872.704s][info][gc             ] GC(2453) Pause Young (Allocation Failure) 578M->282M(567M) 1.157ms
[872.704s][info][gc,cpu         ] GC(2453) User=0.00s Sys=0.00s Real=0.00s
[873.522s][info][gc,start       ] GC(2454) Pause Young (Allocation Failure)
[873.523s][info][gc,heap        ] GC(2454) PSYoungGen: 290899K(291328K)->64K(291328K) Eden: 290816K(290816K)->0K(279552K) From: 83K(512K)->64K(11776K)
[873.523s][info][gc,heap        ] GC(2454) ParOldGen: 289576K(289792K)->289584K(289792K)
[873.523s][info][gc,metaspace   ] GC(2454) Metaspace: 35690K(36416K)->35690K(36416K) NonClass: 26478K(27008K)->26478K(27008K) Class: 9211K(9408K)->9211K(9408K)
[873.523s][info][gc             ] GC(2454) Pause Young (Allocation Failure) 566M->282M(567M) 1.079ms
[873.523s][info][gc,cpu         ] GC(2454) User=0.00s Sys=0.00s Real=0.01s
[873.809s][info][gc,start       ] GC(2455) Pause Young (Allocation Failure)
[873.810s][info][gc,heap        ] GC(2455) PSYoungGen: 279616K(291328K)->64K(269312K) Eden: 279552K(279552K)->0K(268800K) From: 64K(11776K)->64K(512K)
[873.810s][info][gc,heap        ] GC(2455) ParOldGen: 289584K(289792K)->289592K(289792K)
[873.810s][info][gc,metaspace   ] GC(2455) Metaspace: 35690K(36416K)->35690K(36416K) NonClass: 26478K(27008K)->26478K(27008K) Class: 9211K(9408K)->9211K(9408K)
[873.810s][info][gc             ] GC(2455) Pause Young (Allocation Failure) 555M->282M(546M) 1.163ms
[873.810s][info][gc,cpu         ] GC(2455) User=0.00s Sys=0.00s Real=0.00s
[874.248s][info][gc,start       ] GC(2456) Pause Young (Allocation Failure)
[874.249s][info][gc,heap        ] GC(2456) PSYoungGen: 268864K(269312K)->64K(269312K) Eden: 268800K(268800K)->0K(258560K) From: 64K(512K)->64K(10752K)
[874.249s][info][gc,heap        ] GC(2456) ParOldGen: 289592K(289792K)->289600K(289792K)
[874.249s][info][gc,metaspace   ] GC(2456) Metaspace: 35690K(36416K)->35690K(36416K) NonClass: 26478K(27008K)->26478K(27008K) Class: 9211K(9408K)->9211K(9408K)
[874.249s][info][gc             ] GC(2456) Pause Young (Allocation Failure) 545M->282M(546M) 0.965ms
[874.249s][info][gc,cpu         ] GC(2456) User=0.00s Sys=0.00s Real=0.00s
[875.170s][info][gc,start       ] GC(2457) Pause Young (Allocation Failure)
[875.171s][info][gc,heap        ] GC(2457) PSYoungGen: 258624K(269312K)->64K(249344K) Eden: 258560K(258560K)->0K(248832K) From: 64K(10752K)->64K(512K)
[875.171s][info][gc,heap        ] GC(2457) ParOldGen: 289600K(289792K)->289608K(289792K)
[875.171s][info][gc,metaspace   ] GC(2457) Metaspace: 35690K(36416K)->35690K(36416K) NonClass: 26478K(27008K)->26478K(27008K) Class: 9211K(9408K)->9211K(9408K)
[875.171s][info][gc             ] GC(2457) Pause Young (Allocation Failure) 535M->282M(526M) 1.276ms
[875.171s][info][gc,cpu         ] GC(2457) User=0.00s Sys=0.00s Real=0.00s
[875.562s][info][gc,start       ] GC(2458) Pause Young (Allocation Failure)
[875.563s][info][gc,heap        ] GC(2458) PSYoungGen: 248896K(249344K)->64K(248832K) Eden: 248832K(248832K)->0K(239616K) From: 64K(512K)->64K(9216K)
[875.563s][info][gc,heap        ] GC(2458) ParOldGen: 289608K(289792K)->289616K(289792K)
[875.563s][info][gc,metaspace   ] GC(2458) Metaspace: 35690K(36416K)->35690K(36416K) NonClass: 26478K(27008K)->26478K(27008K) Class: 9211K(9408K)->9211K(9408K)
[875.563s][info][gc             ] GC(2458) Pause Young (Allocation Failure) 525M->282M(526M) 1.106ms
[875.563s][info][gc,cpu         ] GC(2458) User=0.00s Sys=0.00s Real=0.00s
[875.639s][info][gc,start       ] GC(2459) Pause Young (Allocation Failure)
[875.640s][info][gc,heap        ] GC(2459) PSYoungGen: 239680K(248832K)->64K(230912K) Eden: 239616K(239616K)->0K(230400K) From: 64K(9216K)->64K(512K)
[875.640s][info][gc,heap        ] GC(2459) ParOldGen: 289616K(289792K)->289624K(289792K)
[875.640s][info][gc,metaspace   ] GC(2459) Metaspace: 35690K(36416K)->35690K(36416K) NonClass: 26478K(27008K)->26478K(27008K) Class: 9211K(9408K)->9211K(9408K)
[875.641s][info][gc             ] GC(2459) Pause Young (Allocation Failure) 516M->282M(508M) 1.473ms
[875.641s][info][gc,cpu         ] GC(2459) User=0.00s Sys=0.00s Real=0.00s
[876.137s][info][gc,start       ] GC(2460) Pause Young (Allocation Failure)
[876.138s][info][gc,heap        ] GC(2460) PSYoungGen: 230464K(230912K)->64K(229888K) Eden: 230400K(230400K)->0K(221696K) From: 64K(512K)->64K(8192K)
[876.138s][info][gc,heap        ] GC(2460) ParOldGen: 289624K(289792K)->289632K(289792K)
[876.138s][info][gc,metaspace   ] GC(2460) Metaspace: 35690K(36416K)->35690K(36416K) NonClass: 26478K(27008K)->26478K(27008K) Class: 9211K(9408K)->9211K(9408K)
[876.138s][info][gc             ] GC(2460) Pause Young (Allocation Failure) 507M->282M(507M) 1.233ms
[876.138s][info][gc,cpu         ] GC(2460) User=0.00s Sys=0.00s Real=0.00s
[876.376s][info][gc,start       ] GC(2461) Pause Young (Allocation Failure)
[876.379s][info][gc,heap        ] GC(2461) PSYoungGen: 221760K(229888K)->64K(214016K) Eden: 221696K(221696K)->0K(213504K) From: 64K(8192K)->64K(512K)
[876.379s][info][gc,heap        ] GC(2461) ParOldGen: 289632K(289792K)->289640K(289792K)
[876.379s][info][gc,metaspace   ] GC(2461) Metaspace: 35690K(36416K)->35690K(36416K) NonClass: 26478K(27008K)->26478K(27008K) Class: 9211K(9408K)->9211K(9408K)
[876.379s][info][gc             ] GC(2461) Pause Young (Allocation Failure) 499M->282M(492M) 2.470ms
[876.379s][info][gc,cpu         ] GC(2461) User=0.00s Sys=0.00s Real=0.00s
[876.681s][info][gc,start       ] GC(2462) Pause Young (Allocation Failure)
[876.701s][info][gc,heap        ] GC(2462) PSYoungGen: 213568K(214016K)->7168K(262144K) Eden: 213504K(213504K)->0K(254976K) From: 64K(512K)->7168K(7168K)
[876.701s][info][gc,heap        ] GC(2462) ParOldGen: 289640K(289792K)->292736K(292864K)
[876.701s][info][gc,metaspace   ] GC(2462) Metaspace: 35690K(36416K)->35690K(36416K) NonClass: 26478K(27008K)->26478K(27008K) Class: 9211K(9408K)->9211K(9408K)
[876.701s][info][gc             ] GC(2462) Pause Young (Allocation Failure) 491M->292M(542M) 20.444ms
[876.701s][info][gc,cpu         ] GC(2462) User=0.03s Sys=0.00s Real=0.02s
[876.993s][info][gc,start       ] GC(2463) Pause Young (Allocation Failure)
[877.050s][info][gc,heap        ] GC(2463) PSYoungGen: 262144K(262144K)->7168K(264704K) Eden: 254976K(254976K)->0K(257536K) From: 7168K(7168K)->7168K(7168K)
[877.050s][info][gc,heap        ] GC(2463) ParOldGen: 292736K(292864K)->314432K(314880K)
[877.050s][info][gc,metaspace   ] GC(2463) Metaspace: 35690K(36416K)->35690K(36416K) NonClass: 26478K(27008K)->26478K(27008K) Class: 9211K(9408K)->9211K(9408K)
[877.050s][info][gc             ] GC(2463) Pause Young (Allocation Failure) 541M->314M(566M) 56.548ms
[877.050s][info][gc,cpu         ] GC(2463) User=0.09s Sys=0.02s Real=0.05s
[877.304s][info][gc,start       ] GC(2464) Pause Young (Allocation Failure)
[877.348s][info][gc,heap        ] GC(2464) PSYoungGen: 264704K(264704K)->18944K(276480K) Eden: 257536K(257536K)->0K(257536K) From: 7168K(7168K)->18944K(18944K)
[877.348s][info][gc,heap        ] GC(2464) ParOldGen: 314432K(314880K)->319664K(320000K)
[877.348s][info][gc,metaspace   ] GC(2464) Metaspace: 35690K(36416K)->35690K(36416K) NonClass: 26478K(27008K)->26478K(27008K) Class: 9211K(9408K)->9211K(9408K)
[877.348s][info][gc             ] GC(2464) Pause Young (Allocation Failure) 565M->330M(582M) 43.771ms
[877.348s][info][gc,cpu         ] GC(2464) User=0.08s Sys=0.01s Real=0.04s
[877.468s][info][gc,start       ] GC(2465) Pause Young (Allocation Failure)
[877.471s][info][gc,heap        ] GC(2465) PSYoungGen: 276480K(276480K)->64K(309760K) Eden: 257536K(257536K)->0K(284672K) From: 18944K(18944K)->64K(25088K)
[877.471s][info][gc,heap        ] GC(2465) ParOldGen: 319664K(320000K)->319792K(320000K)
[877.471s][info][gc,metaspace   ] GC(2465) Metaspace: 35690K(36416K)->35690K(36416K) NonClass: 26478K(27008K)->26478K(27008K) Class: 9211K(9408K)->9211K(9408K)
[877.471s][info][gc             ] GC(2465) Pause Young (Allocation Failure) 582M->312M(615M) 2.688ms
[877.471s][info][gc,cpu         ] GC(2465) User=0.01s Sys=0.00s Real=0.00s
[878.145s][info][gc,start       ] GC(2466) Pause Young (Allocation Failure)
[878.146s][info][gc,heap        ] GC(2466) PSYoungGen: 284736K(309760K)->64K(285184K) Eden: 284672K(284672K)->0K(284672K) From: 64K(25088K)->64K(512K)
[878.146s][info][gc,heap        ] GC(2466) ParOldGen: 319792K(320000K)->319808K(320000K)
[878.146s][info][gc,metaspace   ] GC(2466) Metaspace: 35690K(36416K)->35690K(36416K) NonClass: 26478K(27008K)->26478K(27008K) Class: 9211K(9408K)->9211K(9408K)
[878.146s][info][gc             ] GC(2466) Pause Young (Allocation Failure) 590M->312M(591M) 1.244ms
[878.146s][info][gc,cpu         ] GC(2466) User=0.00s Sys=0.00s Real=0.00s
[878.597s][info][gc,start       ] GC(2467) Pause Young (Allocation Failure)
[878.599s][info][gc,heap        ] GC(2467) PSYoungGen: 284736K(285184K)->64K(309248K) Eden: 284672K(284672K)->0K(285696K) From: 64K(512K)->64K(23552K)
[878.599s][info][gc,heap        ] GC(2467) ParOldGen: 319808K(320000K)->319808K(320000K)
[878.599s][info][gc,metaspace   ] GC(2467) Metaspace: 35690K(36416K)->35690K(36416K) NonClass: 26478K(27008K)->26478K(27008K) Class: 9211K(9408K)->9211K(9408K)
[878.599s][info][gc             ] GC(2467) Pause Young (Allocation Failure) 590M->312M(614M) 1.147ms
[878.599s][info][gc,cpu         ] GC(2467) User=0.00s Sys=0.00s Real=0.00s
[878.857s][info][gc,start       ] GC(2468) Pause Young (Allocation Failure)
[878.859s][info][gc,heap        ] GC(2468) PSYoungGen: 285760K(309248K)->64K(308224K) Eden: 285696K(285696K)->0K(285696K) From: 64K(23552K)->64K(22528K)
[878.859s][info][gc,heap        ] GC(2468) ParOldGen: 319808K(320000K)->319824K(320000K)
[878.859s][info][gc,metaspace   ] GC(2468) Metaspace: 35690K(36416K)->35690K(36416K) NonClass: 26478K(27008K)->26478K(27008K) Class: 9211K(9408K)->9211K(9408K)
[878.859s][info][gc             ] GC(2468) Pause Young (Allocation Failure) 591M->312M(613M) 1.171ms
[878.859s][info][gc,cpu         ] GC(2468) User=0.00s Sys=0.00s Real=0.00s
[879.062s][info][gc,start       ] GC(2469) Pause Young (Allocation Failure)
[879.063s][info][gc,heap        ] GC(2469) PSYoungGen: 285760K(308224K)->64K(310272K) Eden: 285696K(285696K)->0K(288768K) From: 64K(22528K)->64K(21504K)
[879.064s][info][gc,heap        ] GC(2469) ParOldGen: 319824K(320000K)->319840K(320000K)
[879.064s][info][gc,metaspace   ] GC(2469) Metaspace: 35690K(36416K)->35690K(36416K) NonClass: 26478K(27008K)->26478K(27008K) Class: 9211K(9408K)->9211K(9408K)
[879.064s][info][gc             ] GC(2469) Pause Young (Allocation Failure) 591M->312M(615M) 1.117ms
[879.064s][info][gc,cpu         ] GC(2469) User=0.01s Sys=0.00s Real=0.00s
[879.415s][info][gc,start       ] GC(2470) Pause Young (Allocation Failure)
[879.416s][info][gc,heap        ] GC(2470) PSYoungGen: 288832K(310272K)->64K(309248K) Eden: 288768K(288768K)->0K(288768K) From: 64K(21504K)->64K(20480K)
[879.416s][info][gc,heap        ] GC(2470) ParOldGen: 319840K(320000K)->319840K(320000K)
[879.416s][info][gc,metaspace   ] GC(2470) Metaspace: 35690K(36416K)->35690K(36416K) NonClass: 26478K(27008K)->26478K(27008K) Class: 9211K(9408K)->9211K(9408K)
[879.417s][info][gc             ] GC(2470) Pause Young (Allocation Failure) 594M->312M(614M) 1.126ms
[879.417s][info][gc,cpu         ] GC(2470) User=0.00s Sys=0.00s Real=0.00s
[879.468s][info][gc,start       ] GC(2471) Pause Young (Allocation Failure)
[879.469s][info][gc,heap        ] GC(2471) PSYoungGen: 288832K(309248K)->64K(312320K) Eden: 288768K(288768K)->0K(292864K) From: 64K(20480K)->64K(19456K)
[879.469s][info][gc,heap        ] GC(2471) ParOldGen: 319840K(320000K)->319848K(320000K)
[879.469s][info][gc,metaspace   ] GC(2471) Metaspace: 35690K(36416K)->35690K(36416K) NonClass: 26478K(27008K)->26478K(27008K) Class: 9211K(9408K)->9211K(9408K)
[879.469s][info][gc             ] GC(2471) Pause Young (Allocation Failure) 594M->312M(617M) 1.094ms
[879.469s][info][gc,cpu         ] GC(2471) User=0.00s Sys=0.00s Real=0.00s
[879.523s][info][gc,start       ] GC(2472) Pause Young (Allocation Failure)
[879.524s][info][gc,heap        ] GC(2472) PSYoungGen: 292928K(312320K)->64K(311296K) Eden: 292864K(292864K)->0K(292864K) From: 64K(19456K)->64K(18432K)
[879.524s][info][gc,heap        ] GC(2472) ParOldGen: 319848K(320000K)->319864K(320000K)
[879.524s][info][gc,metaspace   ] GC(2472) Metaspace: 35690K(36416K)->35690K(36416K) NonClass: 26478K(27008K)->26478K(27008K) Class: 9211K(9408K)->9211K(9408K)
[879.524s][info][gc             ] GC(2472) Pause Young (Allocation Failure) 598M->312M(616M) 1.160ms
[879.524s][info][gc,cpu         ] GC(2472) User=0.00s Sys=0.00s Real=0.00s
[879.702s][info][gc,start       ] GC(2473) Pause Young (Allocation Failure)
[879.703s][info][gc,heap        ] GC(2473) PSYoungGen: 292928K(311296K)->64K(314368K) Eden: 292864K(292864K)->0K(296960K) From: 64K(18432K)->64K(17408K)
[879.703s][info][gc,heap        ] GC(2473) ParOldGen: 319864K(320000K)->319864K(320000K)
[879.703s][info][gc,metaspace   ] GC(2473) Metaspace: 35690K(36416K)->35690K(36416K) NonClass: 26478K(27008K)->26478K(27008K) Class: 9211K(9408K)->9211K(9408K)
[879.703s][info][gc             ] GC(2473) Pause Young (Allocation Failure) 598M->312M(619M) 1.521ms
[879.703s][info][gc,cpu         ] GC(2473) User=0.00s Sys=0.00s Real=0.01s
[879.922s][info][gc,start       ] GC(2474) Pause Young (Allocation Failure)
[879.923s][info][gc,heap        ] GC(2474) PSYoungGen: 297024K(314368K)->64K(313344K) Eden: 296960K(296960K)->0K(296960K) From: 64K(17408K)->64K(16384K)
[879.923s][info][gc,heap        ] GC(2474) ParOldGen: 319864K(320000K)->319872K(320000K)
[879.923s][info][gc,metaspace   ] GC(2474) Metaspace: 35690K(36416K)->35690K(36416K) NonClass: 26478K(27008K)->26478K(27008K) Class: 9211K(9408K)->9211K(9408K)
[879.923s][info][gc             ] GC(2474) Pause Young (Allocation Failure) 602M->312M(618M) 1.137ms
[879.923s][info][gc,cpu         ] GC(2474) User=0.01s Sys=0.00s Real=0.01s
[880.034s][info][gc,start       ] GC(2475) Pause Young (Allocation Failure)
[880.035s][info][gc,heap        ] GC(2475) PSYoungGen: 297024K(313344K)->64K(315904K) Eden: 296960K(296960K)->0K(300544K) From: 64K(16384K)->64K(15360K)
[880.035s][info][gc,heap        ] GC(2475) ParOldGen: 319872K(320000K)->319880K(320000K)
[880.035s][info][gc,metaspace   ] GC(2475) Metaspace: 35690K(36416K)->35690K(36416K) NonClass: 26478K(27008K)->26478K(27008K) Class: 9211K(9408K)->9211K(9408K)
[880.035s][info][gc             ] GC(2475) Pause Young (Allocation Failure) 602M->312M(621M) 1.126ms
[880.035s][info][gc,cpu         ] GC(2475) User=0.00s Sys=0.00s Real=0.00s
[880.150s][info][gc,start       ] GC(2476) Pause Young (Allocation Failure)
[880.151s][info][gc,heap        ] GC(2476) PSYoungGen: 300608K(315904K)->64K(315392K) Eden: 300544K(300544K)->0K(300544K) From: 64K(15360K)->64K(14848K)
[880.151s][info][gc,heap        ] GC(2476) ParOldGen: 319880K(320000K)->319888K(320000K)
[880.151s][info][gc,metaspace   ] GC(2476) Metaspace: 35690K(36416K)->35690K(36416K) NonClass: 26478K(27008K)->26478K(27008K) Class: 9211K(9408K)->9211K(9408K)
[880.151s][info][gc             ] GC(2476) Pause Young (Allocation Failure) 605M->312M(620M) 1.110ms
[880.151s][info][gc,cpu         ] GC(2476) User=0.00s Sys=0.00s Real=0.00s
[880.520s][info][gc,start       ] GC(2477) Pause Young (Allocation Failure)
[880.521s][info][gc,heap        ] GC(2477) PSYoungGen: 300608K(315392K)->64K(289280K) Eden: 300544K(300544K)->0K(288768K) From: 64K(14848K)->64K(512K)
[880.521s][info][gc,heap        ] GC(2477) ParOldGen: 319888K(320000K)->319896K(320000K)
[880.521s][info][gc,metaspace   ] GC(2477) Metaspace: 35690K(36416K)->35690K(36416K) NonClass: 26478K(27008K)->26478K(27008K) Class: 9211K(9408K)->9211K(9408K)
[880.521s][info][gc             ] GC(2477) Pause Young (Allocation Failure) 605M->312M(595M) 1.181ms
[880.521s][info][gc,cpu         ] GC(2477) User=0.00s Sys=0.00s Real=0.00s
[881.189s][info][gc,start       ] GC(2478) Pause Young (Allocation Failure)
[881.190s][info][gc,heap        ] GC(2478) PSYoungGen: 288832K(289280K)->64K(290304K) Eden: 288768K(288768K)->0K(277504K) From: 64K(512K)->64K(12800K)
[881.190s][info][gc,heap        ] GC(2478) ParOldGen: 319896K(320000K)->319904K(320000K)
[881.190s][info][gc,metaspace   ] GC(2478) Metaspace: 35690K(36416K)->35690K(36416K) NonClass: 26478K(27008K)->26478K(27008K) Class: 9211K(9408K)->9211K(9408K)
[881.190s][info][gc             ] GC(2478) Pause Young (Allocation Failure) 594M->312M(596M) 1.290ms
[881.190s][info][gc,cpu         ] GC(2478) User=0.01s Sys=0.00s Real=0.00s
[882.092s][info][gc,start       ] GC(2479) Pause Young (Allocation Failure)
[882.093s][info][gc,heap        ] GC(2479) PSYoungGen: 277568K(290304K)->64K(267264K) Eden: 277504K(277504K)->0K(266752K) From: 64K(12800K)->64K(512K)
[882.093s][info][gc,heap        ] GC(2479) ParOldGen: 319904K(320000K)->319912K(320000K)
[882.093s][info][gc,metaspace   ] GC(2479) Metaspace: 35690K(36416K)->35690K(36416K) NonClass: 26478K(27008K)->26478K(27008K) Class: 9211K(9408K)->9211K(9408K)
[882.093s][info][gc             ] GC(2479) Pause Young (Allocation Failure) 583M->312M(573M) 1.260ms
[882.093s][info][gc,cpu         ] GC(2479) User=0.00s Sys=0.00s Real=0.01s
[882.533s][info][gc,start       ] GC(2480) Pause Young (Allocation Failure)
[882.534s][info][gc,heap        ] GC(2480) PSYoungGen: 266816K(267264K)->64K(267776K) Eden: 266752K(266752K)->0K(256512K) From: 64K(512K)->64K(11264K)
[882.534s][info][gc,heap        ] GC(2480) ParOldGen: 319912K(320000K)->319920K(320000K)
[882.534s][info][gc,metaspace   ] GC(2480) Metaspace: 35690K(36416K)->35690K(36416K) NonClass: 26478K(27008K)->26478K(27008K) Class: 9211K(9408K)->9211K(9408K)
[882.534s][info][gc             ] GC(2480) Pause Young (Allocation Failure) 572M->312M(574M) 1.111ms
[882.534s][info][gc,cpu         ] GC(2480) User=0.00s Sys=0.00s Real=0.00s
[883.476s][info][gc,start       ] GC(2481) Pause Young (Allocation Failure)
[883.477s][info][gc,heap        ] GC(2481) PSYoungGen: 256576K(267776K)->64K(247296K) Eden: 256512K(256512K)->0K(246784K) From: 64K(11264K)->64K(512K)
[883.477s][info][gc,heap        ] GC(2481) ParOldGen: 319920K(320000K)->319928K(320000K)
[883.477s][info][gc,metaspace   ] GC(2481) Metaspace: 35690K(36416K)->35690K(36416K) NonClass: 26478K(27008K)->26478K(27008K) Class: 9211K(9408K)->9211K(9408K)
[883.477s][info][gc             ] GC(2481) Pause Young (Allocation Failure) 562M->312M(554M) 1.566ms
[883.477s][info][gc,cpu         ] GC(2481) User=0.00s Sys=0.01s Real=0.00s
[883.871s][info][gc,start       ] GC(2482) Pause Young (Allocation Failure)
[883.872s][info][gc,heap        ] GC(2482) PSYoungGen: 246848K(247296K)->64K(247296K) Eden: 246784K(246784K)->0K(237568K) From: 64K(512K)->64K(9728K)
[883.872s][info][gc,heap        ] GC(2482) ParOldGen: 319928K(320000K)->319936K(320000K)
[883.872s][info][gc,metaspace   ] GC(2482) Metaspace: 35690K(36416K)->35690K(36416K) NonClass: 26478K(27008K)->26478K(27008K) Class: 9211K(9408K)->9211K(9408K)
[883.872s][info][gc             ] GC(2482) Pause Young (Allocation Failure) 553M->312M(554M) 1.144ms
[883.872s][info][gc,cpu         ] GC(2482) User=0.00s Sys=0.00s Real=0.01s
[884.040s][info][gc,start       ] GC(2483) Pause Young (Allocation Failure)
[884.041s][info][gc,heap        ] GC(2483) PSYoungGen: 237632K(247296K)->64K(229376K) Eden: 237568K(237568K)->0K(228864K) From: 64K(9728K)->64K(512K)
[884.041s][info][gc,heap        ] GC(2483) ParOldGen: 319936K(320000K)->319944K(320000K)
[884.041s][info][gc,metaspace   ] GC(2483) Metaspace: 35690K(36416K)->35690K(36416K) NonClass: 26478K(27008K)->26478K(27008K) Class: 9211K(9408K)->9211K(9408K)
[884.041s][info][gc             ] GC(2483) Pause Young (Allocation Failure) 544M->312M(536M) 1.758ms
[884.041s][info][gc,cpu         ] GC(2483) User=0.01s Sys=0.00s Real=0.00s
[884.219s][info][gc,start       ] GC(2484) Pause Young (Allocation Failure)
[884.220s][info][gc,heap        ] GC(2484) PSYoungGen: 228928K(229376K)->64K(228864K) Eden: 228864K(228864K)->0K(220160K) From: 64K(512K)->64K(8704K)
[884.220s][info][gc,heap        ] GC(2484) ParOldGen: 319944K(320000K)->319952K(320000K)
[884.220s][info][gc,metaspace   ] GC(2484) Metaspace: 35690K(36416K)->35690K(36416K) NonClass: 26478K(27008K)->26478K(27008K) Class: 9211K(9408K)->9211K(9408K)
[884.220s][info][gc             ] GC(2484) Pause Young (Allocation Failure) 536M->312M(536M) 1.106ms
[884.220s][info][gc,cpu         ] GC(2484) User=0.01s Sys=0.00s Real=0.00s
[884.716s][info][gc,start       ] GC(2485) Pause Young (Allocation Failure)
[884.717s][info][gc,heap        ] GC(2485) PSYoungGen: 220224K(228864K)->64K(212480K) Eden: 220160K(220160K)->0K(211968K) From: 64K(8704K)->64K(512K)
[884.717s][info][gc,heap        ] GC(2485) ParOldGen: 319952K(320000K)->319960K(320000K)
[884.717s][info][gc,metaspace   ] GC(2485) Metaspace: 35690K(36416K)->35690K(36416K) NonClass: 26478K(27008K)->26478K(27008K) Class: 9211K(9408K)->9211K(9408K)
[884.717s][info][gc             ] GC(2485) Pause Young (Allocation Failure) 527M->312M(520M) 1.770ms
[884.717s][info][gc,cpu         ] GC(2485) User=0.00s Sys=0.00s Real=0.00s
[884.926s][info][gc,start       ] GC(2486) Pause Young (Allocation Failure)
[884.927s][info][gc,heap        ] GC(2486) PSYoungGen: 212032K(212480K)->64K(211456K) Eden: 211968K(211968K)->0K(204288K) From: 64K(512K)->64K(7168K)
[884.927s][info][gc,heap        ] GC(2486) ParOldGen: 319960K(320000K)->319968K(320000K)
[884.927s][info][gc,metaspace   ] GC(2486) Metaspace: 35690K(36416K)->35690K(36416K) NonClass: 26478K(27008K)->26478K(27008K) Class: 9211K(9408K)->9211K(9408K)
[884.927s][info][gc             ] GC(2486) Pause Young (Allocation Failure) 519M->312M(519M) 1.121ms
[884.927s][info][gc,cpu         ] GC(2486) User=0.00s Sys=0.00s Real=0.00s
[885.196s][info][gc,start       ] GC(2487) Pause Young (Allocation Failure)
[885.233s][info][gc,heap        ] GC(2487) PSYoungGen: 204352K(211456K)->6656K(251392K) Eden: 204288K(204288K)->0K(244736K) From: 64K(7168K)->6656K(6656K)
[885.233s][info][gc,heap        ] GC(2487) ParOldGen: 319968K(320000K)->330704K(330752K)
[885.233s][info][gc,metaspace   ] GC(2487) Metaspace: 35690K(36416K)->35690K(36416K) NonClass: 26478K(27008K)->26478K(27008K) Class: 9211K(9408K)->9211K(9408K)
[885.233s][info][gc             ] GC(2487) Pause Young (Allocation Failure) 512M->329M(568M) 36.605ms
[885.233s][info][gc,cpu         ] GC(2487) User=0.04s Sys=0.01s Real=0.04s
[885.514s][info][gc,start       ] GC(2488) Pause Young (Allocation Failure)
[885.568s][info][gc,heap        ] GC(2488) PSYoungGen: 251392K(251392K)->12288K(268288K) Eden: 244736K(244736K)->0K(256000K) From: 6656K(6656K)->12288K(12288K)
[885.568s][info][gc,heap        ] GC(2488) ParOldGen: 330704K(330752K)->346320K(346624K)
[885.568s][info][gc,metaspace   ] GC(2488) Metaspace: 35690K(36416K)->35690K(36416K) NonClass: 26478K(27008K)->26478K(27008K) Class: 9211K(9408K)->9211K(9408K)
[885.568s][info][gc             ] GC(2488) Pause Young (Allocation Failure) 568M->350M(600M) 53.901ms
[885.568s][info][gc,cpu         ] GC(2488) User=0.10s Sys=0.01s Real=0.05s
[885.776s][info][gc,start       ] GC(2489) Pause Young (Allocation Failure)
[885.815s][info][gc,heap        ] GC(2489) PSYoungGen: 268288K(268288K)->17632K(306688K) Eden: 256000K(256000K)->0K(285696K) From: 12288K(12288K)->17632K(20992K)
[885.815s][info][gc,heap        ] GC(2489) ParOldGen: 346320K(346624K)->346736K(347136K)
[885.815s][info][gc,metaspace   ] GC(2489) Metaspace: 35690K(36416K)->35690K(36416K) NonClass: 26478K(27008K)->26478K(27008K) Class: 9211K(9408K)->9211K(9408K)
[885.815s][info][gc             ] GC(2489) Pause Young (Allocation Failure) 600M->355M(638M) 38.961ms
[885.815s][info][gc,cpu         ] GC(2489) User=0.07s Sys=0.02s Real=0.04s
[886.114s][info][gc,start       ] GC(2490) Pause Young (Allocation Failure)
[886.116s][info][gc,heap        ] GC(2490) PSYoungGen: 303328K(306688K)->64K(309760K) Eden: 285696K(285696K)->0K(285696K) From: 17632K(20992K)->64K(24064K)
[886.116s][info][gc,heap        ] GC(2490) ParOldGen: 346736K(347136K)->346744K(347136K)
[886.116s][info][gc,metaspace   ] GC(2490) Metaspace: 35690K(36416K)->35690K(36416K) NonClass: 26478K(27008K)->26478K(27008K) Class: 9211K(9408K)->9211K(9408K)
[886.116s][info][gc             ] GC(2490) Pause Young (Allocation Failure) 634M->338M(641M) 1.287ms
[886.116s][info][gc,cpu         ] GC(2490) User=0.00s Sys=0.00s Real=0.00s
[886.723s][info][gc,start       ] GC(2491) Pause Young (Allocation Failure)
[886.724s][info][gc,heap        ] GC(2491) PSYoungGen: 285760K(309760K)->64K(307200K) Eden: 285696K(285696K)->0K(286208K) From: 64K(24064K)->64K(20992K)
[886.724s][info][gc,heap        ] GC(2491) ParOldGen: 346744K(347136K)->346752K(347136K)
[886.724s][info][gc,metaspace   ] GC(2491) Metaspace: 35690K(36416K)->35690K(36416K) NonClass: 26478K(27008K)->26478K(27008K) Class: 9211K(9408K)->9211K(9408K)
[886.724s][info][gc             ] GC(2491) Pause Young (Allocation Failure) 617M->338M(639M) 1.289ms
[886.724s][info][gc,cpu         ] GC(2491) User=0.00s Sys=0.00s Real=0.00s
[887.170s][info][gc,start       ] GC(2492) Pause Young (Allocation Failure)
[887.172s][info][gc,heap        ] GC(2492) PSYoungGen: 286272K(307200K)->64K(308736K) Eden: 286208K(286208K)->0K(286208K) From: 64K(20992K)->64K(22528K)
[887.172s][info][gc,heap        ] GC(2492) ParOldGen: 346752K(347136K)->346768K(347136K)
[887.172s][info][gc,metaspace   ] GC(2492) Metaspace: 35690K(36416K)->35690K(36416K) NonClass: 26478K(27008K)->26478K(27008K) Class: 9211K(9408K)->9211K(9408K)
[887.172s][info][gc             ] GC(2492) Pause Young (Allocation Failure) 618M->338M(640M) 1.294ms
[887.172s][info][gc,cpu         ] GC(2492) User=0.01s Sys=0.00s Real=0.00s
[887.376s][info][gc,start       ] GC(2493) Pause Young (Allocation Failure)
[887.377s][info][gc,heap        ] GC(2493) PSYoungGen: 286272K(308736K)->64K(308736K) Eden: 286208K(286208K)->0K(289792K) From: 64K(22528K)->64K(18944K)
[887.377s][info][gc,heap        ] GC(2493) ParOldGen: 346768K(347136K)->346784K(347136K)
[887.377s][info][gc,metaspace   ] GC(2493) Metaspace: 35690K(36416K)->35690K(36416K) NonClass: 26478K(27008K)->26478K(27008K) Class: 9211K(9408K)->9211K(9408K)
[887.377s][info][gc             ] GC(2493) Pause Young (Allocation Failure) 618M->338M(640M) 1.265ms
[887.377s][info][gc,cpu         ] GC(2493) User=0.00s Sys=0.00s Real=0.00s
[887.585s][info][gc,start       ] GC(2494) Pause Young (Allocation Failure)
[887.587s][info][gc,heap        ] GC(2494) PSYoungGen: 289856K(308736K)->64K(310272K) Eden: 289792K(289792K)->0K(289792K) From: 64K(18944K)->64K(20480K)
[887.587s][info][gc,heap        ] GC(2494) ParOldGen: 346784K(347136K)->346784K(347136K)
[887.587s][info][gc,metaspace   ] GC(2494) Metaspace: 35690K(36416K)->35690K(36416K) NonClass: 26478K(27008K)->26478K(27008K) Class: 9211K(9408K)->9211K(9408K)
[887.587s][info][gc             ] GC(2494) Pause Young (Allocation Failure) 621M->338M(642M) 1.172ms
[887.587s][info][gc,cpu         ] GC(2494) User=0.00s Sys=0.00s Real=0.00s
[887.891s][info][gc,start       ] GC(2495) Pause Young (Allocation Failure)
[887.892s][info][gc,heap        ] GC(2495) PSYoungGen: 289856K(310272K)->64K(310784K) Eden: 289792K(289792K)->0K(293376K) From: 64K(20480K)->64K(17408K)
[887.892s][info][gc,heap        ] GC(2495) ParOldGen: 346784K(347136K)->346784K(347136K)
[887.892s][info][gc,metaspace   ] GC(2495) Metaspace: 35690K(36416K)->35690K(36416K) NonClass: 26478K(27008K)->26478K(27008K) Class: 9211K(9408K)->9211K(9408K)
[887.892s][info][gc             ] GC(2495) Pause Young (Allocation Failure) 621M->338M(642M) 1.128ms
[887.892s][info][gc,cpu         ] GC(2495) User=0.00s Sys=0.00s Real=0.01s
[887.946s][info][gc,start       ] GC(2496) Pause Young (Allocation Failure)
[887.947s][info][gc,heap        ] GC(2496) PSYoungGen: 293440K(310784K)->64K(312320K) Eden: 293376K(293376K)->0K(293376K) From: 64K(17408K)->64K(18944K)
[887.947s][info][gc,heap        ] GC(2496) ParOldGen: 346784K(347136K)->346800K(347136K)
[887.947s][info][gc,metaspace   ] GC(2496) Metaspace: 35690K(36416K)->35690K(36416K) NonClass: 26478K(27008K)->26478K(27008K) Class: 9211K(9408K)->9211K(9408K)
[887.947s][info][gc             ] GC(2496) Pause Young (Allocation Failure) 625M->338M(644M) 1.128ms
[887.947s][info][gc,cpu         ] GC(2496) User=0.01s Sys=0.00s Real=0.00s
[888.009s][info][gc,start       ] GC(2497) Pause Young (Allocation Failure)
[888.011s][info][gc,heap        ] GC(2497) PSYoungGen: 293440K(312320K)->64K(312320K) Eden: 293376K(293376K)->0K(296960K) From: 64K(18944K)->64K(15360K)
[888.011s][info][gc,heap        ] GC(2497) ParOldGen: 346800K(347136K)->346800K(347136K)
[888.011s][info][gc,metaspace   ] GC(2497) Metaspace: 35690K(36416K)->35690K(36416K) NonClass: 26478K(27008K)->26478K(27008K) Class: 9211K(9408K)->9211K(9408K)
[888.011s][info][gc             ] GC(2497) Pause Young (Allocation Failure) 625M->338M(644M) 1.087ms
[888.011s][info][gc,cpu         ] GC(2497) User=0.00s Sys=0.00s Real=0.00s
[888.235s][info][gc,start       ] GC(2498) Pause Young (Allocation Failure)
[888.236s][info][gc,heap        ] GC(2498) PSYoungGen: 297024K(312320K)->64K(313856K) Eden: 296960K(296960K)->0K(296960K) From: 64K(15360K)->64K(16896K)
[888.236s][info][gc,heap        ] GC(2498) ParOldGen: 346800K(347136K)->346816K(347136K)
[888.236s][info][gc,metaspace   ] GC(2498) Metaspace: 35690K(36416K)->35690K(36416K) NonClass: 26478K(27008K)->26478K(27008K) Class: 9211K(9408K)->9211K(9408K)
[888.236s][info][gc             ] GC(2498) Pause Young (Allocation Failure) 628M->338M(645M) 1.218ms
[888.236s][info][gc,cpu         ] GC(2498) User=0.00s Sys=0.00s Real=0.00s
[888.435s][info][gc,start       ] GC(2499) Pause Young (Allocation Failure)
[888.436s][info][gc,heap        ] GC(2499) PSYoungGen: 297024K(313856K)->64K(314368K) Eden: 296960K(296960K)->0K(301056K) From: 64K(16896K)->64K(13312K)
[888.436s][info][gc,heap        ] GC(2499) ParOldGen: 346816K(347136K)->346816K(347136K)
[888.436s][info][gc,metaspace   ] GC(2499) Metaspace: 35690K(36416K)->35690K(36416K) NonClass: 26478K(27008K)->26478K(27008K) Class: 9211K(9408K)->9211K(9408K)
[888.436s][info][gc             ] GC(2499) Pause Young (Allocation Failure) 628M->338M(646M) 1.206ms
[888.436s][info][gc,cpu         ] GC(2499) User=0.00s Sys=0.00s Real=0.00s
[888.521s][info][gc,start       ] GC(2500) Pause Young (Allocation Failure)
[888.522s][info][gc,heap        ] GC(2500) PSYoungGen: 301120K(314368K)->64K(315904K) Eden: 301056K(301056K)->0K(301056K) From: 64K(13312K)->64K(14848K)
[888.522s][info][gc,heap        ] GC(2500) ParOldGen: 346816K(347136K)->346832K(347136K)
[888.522s][info][gc,metaspace   ] GC(2500) Metaspace: 35690K(36416K)->35690K(36416K) NonClass: 26478K(27008K)->26478K(27008K) Class: 9211K(9408K)->9211K(9408K)
[888.522s][info][gc             ] GC(2500) Pause Young (Allocation Failure) 632M->338M(647M) 1.185ms
[888.522s][info][gc,cpu         ] GC(2500) User=0.01s Sys=0.00s Real=0.00s
[888.665s][info][gc,start       ] GC(2501) Pause Young (Allocation Failure)
[888.666s][info][gc,heap        ] GC(2501) PSYoungGen: 301120K(315904K)->64K(316416K) Eden: 301056K(301056K)->0K(304640K) From: 64K(14848K)->64K(11776K)
[888.666s][info][gc,heap        ] GC(2501) ParOldGen: 346832K(347136K)->346832K(347136K)
[888.666s][info][gc,metaspace   ] GC(2501) Metaspace: 35690K(36416K)->35690K(36416K) NonClass: 26478K(27008K)->26478K(27008K) Class: 9211K(9408K)->9211K(9408K)
[888.666s][info][gc             ] GC(2501) Pause Young (Allocation Failure) 632M->338M(648M) 1.170ms
[888.666s][info][gc,cpu         ] GC(2501) User=0.00s Sys=0.00s Real=0.00s
[889.611s][info][gc,start       ] GC(2502) Pause Young (Allocation Failure)
[889.613s][info][gc,heap        ] GC(2502) PSYoungGen: 304704K(316416K)->83K(292864K) Eden: 304640K(304640K)->0K(292352K) From: 64K(11776K)->83K(512K)
[889.613s][info][gc,heap        ] GC(2502) ParOldGen: 346832K(347136K)->346840K(347136K)
[889.613s][info][gc,metaspace   ] GC(2502) Metaspace: 35690K(36416K)->35690K(36416K) NonClass: 26478K(27008K)->26478K(27008K) Class: 9211K(9408K)->9211K(9408K)
[889.613s][info][gc             ] GC(2502) Pause Young (Allocation Failure) 636M->338M(625M) 1.857ms
[889.613s][info][gc,cpu         ] GC(2502) User=0.00s Sys=0.00s Real=0.01s
[890.422s][info][gc,start       ] GC(2503) Pause Young (Allocation Failure)
[890.423s][info][gc,heap        ] GC(2503) PSYoungGen: 292435K(292864K)->64K(281088K) Eden: 292352K(292352K)->0K(280576K) From: 83K(512K)->64K(512K)
[890.423s][info][gc,heap        ] GC(2503) ParOldGen: 346840K(347136K)->346848K(347136K)
[890.423s][info][gc,metaspace   ] GC(2503) Metaspace: 35690K(36416K)->35690K(36416K) NonClass: 26478K(27008K)->26478K(27008K) Class: 9211K(9408K)->9211K(9408K)
[890.423s][info][gc             ] GC(2503) Pause Young (Allocation Failure) 624M->338M(613M) 1.670ms
[890.423s][info][gc,cpu         ] GC(2503) User=0.00s Sys=0.00s Real=0.01s
[890.683s][info][gc,start       ] GC(2504) Pause Young (Allocation Failure)
[890.685s][info][gc,heap        ] GC(2504) PSYoungGen: 280640K(281088K)->64K(281600K) Eden: 280576K(280576K)->0K(269824K) From: 64K(512K)->64K(11776K)
[890.685s][info][gc,heap        ] GC(2504) ParOldGen: 346848K(347136K)->346856K(347136K)
[890.685s][info][gc,metaspace   ] GC(2504) Metaspace: 35690K(36416K)->35690K(36416K) NonClass: 26478K(27008K)->26478K(27008K) Class: 9211K(9408K)->9211K(9408K)
[890.685s][info][gc             ] GC(2504) Pause Young (Allocation Failure) 612M->338M(614M) 1.168ms
[890.685s][info][gc,cpu         ] GC(2504) User=0.00s Sys=0.00s Real=0.00s
[891.138s][info][gc,start       ] GC(2505) Pause Young (Allocation Failure)
[891.140s][info][gc,heap        ] GC(2505) PSYoungGen: 269888K(281600K)->32K(260096K) Eden: 269824K(269824K)->0K(259584K) From: 64K(11776K)->32K(512K)
[891.140s][info][gc,heap        ] GC(2505) ParOldGen: 346856K(347136K)->346864K(347136K)
[891.140s][info][gc,metaspace   ] GC(2505) Metaspace: 35690K(36416K)->35690K(36416K) NonClass: 26478K(27008K)->26478K(27008K) Class: 9211K(9408K)->9211K(9408K)
[891.140s][info][gc             ] GC(2505) Pause Young (Allocation Failure) 602M->338M(593M) 2.088ms
[891.140s][info][gc,cpu         ] GC(2505) User=0.00s Sys=0.00s Real=0.00s
[892.071s][info][gc,start       ] GC(2506) Pause Young (Allocation Failure)
[892.072s][info][gc,heap        ] GC(2506) PSYoungGen: 259616K(260096K)->64K(260096K) Eden: 259584K(259584K)->0K(249856K) From: 32K(512K)->64K(10240K)
[892.072s][info][gc,heap        ] GC(2506) ParOldGen: 346864K(347136K)->346872K(347136K)
[892.072s][info][gc,metaspace   ] GC(2506) Metaspace: 35690K(36416K)->35690K(36416K) NonClass: 26478K(27008K)->26478K(27008K) Class: 9211K(9408K)->9211K(9408K)
[892.072s][info][gc             ] GC(2506) Pause Young (Allocation Failure) 592M->338M(593M) 1.732ms
[892.072s][info][gc,cpu         ] GC(2506) User=0.00s Sys=0.00s Real=0.01s
[892.455s][info][gc,start       ] GC(2507) Pause Young (Allocation Failure)
[892.457s][info][gc,heap        ] GC(2507) PSYoungGen: 249920K(260096K)->64K(240640K) Eden: 249856K(249856K)->0K(240128K) From: 64K(10240K)->64K(512K)
[892.457s][info][gc,heap        ] GC(2507) ParOldGen: 346872K(347136K)->346880K(347136K)
[892.457s][info][gc,metaspace   ] GC(2507) Metaspace: 35690K(36416K)->35690K(36416K) NonClass: 26478K(27008K)->26478K(27008K) Class: 9211K(9408K)->9211K(9408K)
[892.457s][info][gc             ] GC(2507) Pause Young (Allocation Failure) 582M->338M(574M) 2.175ms
[892.457s][info][gc,cpu         ] GC(2507) User=0.01s Sys=0.00s Real=0.00s
[892.531s][info][gc,start       ] GC(2508) Pause Young (Allocation Failure)
[892.532s][info][gc,heap        ] GC(2508) PSYoungGen: 240192K(240640K)->64K(239616K) Eden: 240128K(240128K)->0K(230912K) From: 64K(512K)->64K(8704K)
[892.532s][info][gc,heap        ] GC(2508) ParOldGen: 346880K(347136K)->346888K(347136K)
[892.532s][info][gc,metaspace   ] GC(2508) Metaspace: 35690K(36416K)->35690K(36416K) NonClass: 26478K(27008K)->26478K(27008K) Class: 9211K(9408K)->9211K(9408K)
[892.532s][info][gc             ] GC(2508) Pause Young (Allocation Failure) 573M->338M(573M) 1.444ms
[892.532s][info][gc,cpu         ] GC(2508) User=0.00s Sys=0.00s Real=0.01s
[892.998s][info][gc,start       ] GC(2509) Pause Young (Allocation Failure)
[893.001s][info][gc,heap        ] GC(2509) PSYoungGen: 230976K(239616K)->64K(222720K) Eden: 230912K(230912K)->0K(222208K) From: 64K(8704K)->64K(512K)
[893.001s][info][gc,heap        ] GC(2509) ParOldGen: 346888K(347136K)->346904K(347136K)
[893.001s][info][gc,metaspace   ] GC(2509) Metaspace: 35690K(36416K)->35690K(36416K) NonClass: 26478K(27008K)->26478K(27008K) Class: 9211K(9408K)->9211K(9408K)
[893.001s][info][gc             ] GC(2509) Pause Young (Allocation Failure) 564M->338M(556M) 2.676ms
[893.001s][info][gc,cpu         ] GC(2509) User=0.00s Sys=0.00s Real=0.00s
[893.252s][info][gc,start       ] GC(2510) Pause Young (Allocation Failure)
[893.254s][info][gc,heap        ] GC(2510) PSYoungGen: 222272K(222720K)->64K(221696K) Eden: 222208K(222208K)->0K(214016K) From: 64K(512K)->64K(7680K)
[893.254s][info][gc,heap        ] GC(2510) ParOldGen: 346904K(347136K)->346920K(347136K)
[893.254s][info][gc,metaspace   ] GC(2510) Metaspace: 35690K(36416K)->35690K(36416K) NonClass: 26478K(27008K)->26478K(27008K) Class: 9211K(9408K)->9211K(9408K)
[893.254s][info][gc             ] GC(2510) Pause Young (Allocation Failure) 555M->338M(555M) 2.003ms
[893.254s][info][gc,cpu         ] GC(2510) User=0.00s Sys=0.00s Real=0.01s
[893.553s][info][gc,start       ] GC(2511) Pause Young (Allocation Failure)
[893.581s][info][gc,heap        ] GC(2511) PSYoungGen: 214080K(221696K)->7168K(263168K) Eden: 214016K(214016K)->0K(256000K) From: 64K(7680K)->7168K(7168K)
[893.581s][info][gc,heap        ] GC(2511) ParOldGen: 346920K(347136K)->348768K(349184K)
[893.581s][info][gc,metaspace   ] GC(2511) Metaspace: 35690K(36416K)->35690K(36416K) NonClass: 26478K(27008K)->26478K(27008K) Class: 9211K(9408K)->9211K(9408K)
[893.581s][info][gc             ] GC(2511) Pause Young (Allocation Failure) 547M->347M(598M) 27.803ms
[893.581s][info][gc,cpu         ] GC(2511) User=0.03s Sys=0.00s Real=0.02s
[893.877s][info][gc,start       ] GC(2512) Pause Young (Allocation Failure)
[893.933s][info][gc,heap        ] GC(2512) PSYoungGen: 263168K(263168K)->9728K(271360K) Eden: 256000K(256000K)->0K(261632K) From: 7168K(7168K)->9728K(9728K)
[893.933s][info][gc,heap        ] GC(2512) ParOldGen: 348768K(349184K)->367976K(368128K)
[893.933s][info][gc,metaspace   ] GC(2512) Metaspace: 35690K(36416K)->35690K(36416K) NonClass: 26478K(27008K)->26478K(27008K) Class: 9211K(9408K)->9211K(9408K)
[893.933s][info][gc             ] GC(2512) Pause Young (Allocation Failure) 597M->368M(624M) 56.491ms
[893.933s][info][gc,cpu         ] GC(2512) User=0.09s Sys=0.02s Real=0.06s
[894.197s][info][gc,start       ] GC(2513) Pause Young (Allocation Failure)
[894.251s][info][gc,heap        ] GC(2513) PSYoungGen: 271360K(271360K)->18944K(302592K) Eden: 261632K(261632K)->0K(283648K) From: 9728K(9728K)->18944K(18944K)
[894.251s][info][gc,heap        ] GC(2513) ParOldGen: 367976K(368128K)->374280K(374784K)
[894.251s][info][gc,metaspace   ] GC(2513) Metaspace: 35690K(36416K)->35690K(36416K) NonClass: 26478K(27008K)->26478K(27008K) Class: 9211K(9408K)->9211K(9408K)
[894.251s][info][gc             ] GC(2513) Pause Young (Allocation Failure) 624M->384M(661M) 54.455ms
[894.251s][info][gc,cpu         ] GC(2513) User=0.09s Sys=0.02s Real=0.05s
[894.423s][info][gc,start       ] GC(2514) Pause Young (Allocation Failure)
[894.426s][info][gc,heap        ] GC(2514) PSYoungGen: 302592K(302592K)->64K(308736K) Eden: 283648K(283648K)->0K(283648K) From: 18944K(18944K)->64K(25088K)
[894.426s][info][gc,heap        ] GC(2514) ParOldGen: 374280K(374784K)->374440K(374784K)
[894.426s][info][gc,metaspace   ] GC(2514) Metaspace: 35690K(36416K)->35690K(36416K) NonClass: 26478K(27008K)->26478K(27008K) Class: 9211K(9408K)->9211K(9408K)
[894.426s][info][gc             ] GC(2514) Pause Young (Allocation Failure) 661M->365M(667M) 3.070ms
[894.426s][info][gc,cpu         ] GC(2514) User=0.01s Sys=0.00s Real=0.00s
[895.096s][info][gc,start       ] GC(2515) Pause Young (Allocation Failure)
[895.098s][info][gc,heap        ] GC(2515) PSYoungGen: 283712K(308736K)->64K(306176K) Eden: 283648K(283648K)->0K(284160K) From: 64K(25088K)->64K(22016K)
[895.098s][info][gc,heap        ] GC(2515) ParOldGen: 374440K(374784K)->374456K(374784K)
[895.098s][info][gc,metaspace   ] GC(2515) Metaspace: 35690K(36416K)->35690K(36416K) NonClass: 26478K(27008K)->26478K(27008K) Class: 9211K(9408K)->9211K(9408K)
[895.098s][info][gc             ] GC(2515) Pause Young (Allocation Failure) 642M->365M(665M) 1.566ms
[895.098s][info][gc,cpu         ] GC(2515) User=0.00s Sys=0.00s Real=0.00s
[895.570s][info][gc,start       ] GC(2516) Pause Young (Allocation Failure)
[895.572s][info][gc,heap        ] GC(2516) PSYoungGen: 284224K(306176K)->64K(307712K) Eden: 284160K(284160K)->0K(284160K) From: 64K(22016K)->64K(23552K)
[895.572s][info][gc,heap        ] GC(2516) ParOldGen: 374456K(374784K)->374456K(374784K)
[895.572s][info][gc,metaspace   ] GC(2516) Metaspace: 35690K(36416K)->35690K(36416K) NonClass: 26478K(27008K)->26478K(27008K) Class: 9211K(9408K)->9211K(9408K)
[895.572s][info][gc             ] GC(2516) Pause Young (Allocation Failure) 643M->365M(666M) 1.330ms
[895.572s][info][gc,cpu         ] GC(2516) User=0.00s Sys=0.00s Real=0.00s
[895.773s][info][gc,start       ] GC(2517) Pause Young (Allocation Failure)
[895.775s][info][gc,heap        ] GC(2517) PSYoungGen: 284224K(307712K)->64K(307712K) Eden: 284160K(284160K)->0K(287744K) From: 64K(23552K)->64K(19968K)
[895.775s][info][gc,heap        ] GC(2517) ParOldGen: 374456K(374784K)->374472K(374784K)
[895.775s][info][gc,metaspace   ] GC(2517) Metaspace: 35690K(36416K)->35690K(36416K) NonClass: 26478K(27008K)->26478K(27008K) Class: 9211K(9408K)->9211K(9408K)
[895.775s][info][gc             ] GC(2517) Pause Young (Allocation Failure) 643M->365M(666M) 1.327ms
[895.775s][info][gc,cpu         ] GC(2517) User=0.01s Sys=0.00s Real=0.00s
[895.983s][info][gc,start       ] GC(2518) Pause Young (Allocation Failure)
[895.984s][info][gc,heap        ] GC(2518) PSYoungGen: 287808K(307712K)->64K(309248K) Eden: 287744K(287744K)->0K(287744K) From: 64K(19968K)->64K(21504K)
[895.984s][info][gc,heap        ] GC(2518) ParOldGen: 374472K(374784K)->374472K(374784K)
[895.984s][info][gc,metaspace   ] GC(2518) Metaspace: 35690K(36416K)->35690K(36416K) NonClass: 26478K(27008K)->26478K(27008K) Class: 9211K(9408K)->9211K(9408K)
[895.984s][info][gc             ] GC(2518) Pause Young (Allocation Failure) 646M->365M(668M) 1.312ms
[895.984s][info][gc,cpu         ] GC(2518) User=0.00s Sys=0.00s Real=0.00s
[896.326s][info][gc,start       ] GC(2519) Pause Young (Allocation Failure)
[896.328s][info][gc,heap        ] GC(2519) PSYoungGen: 287808K(309248K)->64K(309760K) Eden: 287744K(287744K)->0K(291840K) From: 64K(21504K)->64K(17920K)
[896.328s][info][gc,heap        ] GC(2519) ParOldGen: 374472K(374784K)->374472K(374784K)
[896.328s][info][gc,metaspace   ] GC(2519) Metaspace: 35690K(36416K)->35690K(36416K) NonClass: 26478K(27008K)->26478K(27008K) Class: 9211K(9408K)->9211K(9408K)
[896.328s][info][gc             ] GC(2519) Pause Young (Allocation Failure) 646M->365M(668M) 1.612ms
[896.328s][info][gc,cpu         ] GC(2519) User=0.00s Sys=0.00s Real=0.00s
[896.381s][info][gc,start       ] GC(2520) Pause Young (Allocation Failure)
[896.382s][info][gc,heap        ] GC(2520) PSYoungGen: 291904K(309760K)->64K(311296K) Eden: 291840K(291840K)->0K(291840K) From: 64K(17920K)->64K(19456K)
[896.382s][info][gc,heap        ] GC(2520) ParOldGen: 374472K(374784K)->374488K(374784K)
[896.382s][info][gc,metaspace   ] GC(2520) Metaspace: 35690K(36416K)->35690K(36416K) NonClass: 26478K(27008K)->26478K(27008K) Class: 9211K(9408K)->9211K(9408K)
[896.382s][info][gc             ] GC(2520) Pause Young (Allocation Failure) 650M->365M(670M) 1.289ms
[896.382s][info][gc,cpu         ] GC(2520) User=0.00s Sys=0.00s Real=0.00s
[896.431s][info][gc,start       ] GC(2521) Pause Young (Allocation Failure)
[896.432s][info][gc,heap        ] GC(2521) PSYoungGen: 291904K(311296K)->64K(311808K) Eden: 291840K(291840K)->0K(295936K) From: 64K(19456K)->64K(15872K)
[896.432s][info][gc,heap        ] GC(2521) ParOldGen: 374488K(374784K)->374488K(374784K)
[896.432s][info][gc,metaspace   ] GC(2521) Metaspace: 35690K(36416K)->35690K(36416K) NonClass: 26478K(27008K)->26478K(27008K) Class: 9211K(9408K)->9211K(9408K)
[896.432s][info][gc             ] GC(2521) Pause Young (Allocation Failure) 650M->365M(670M) 1.201ms
[896.432s][info][gc,cpu         ] GC(2521) User=0.00s Sys=0.00s Real=0.01s
[896.626s][info][gc,start       ] GC(2522) Pause Young (Allocation Failure)
[896.627s][info][gc,heap        ] GC(2522) PSYoungGen: 296000K(311808K)->64K(313344K) Eden: 295936K(295936K)->0K(295936K) From: 64K(15872K)->64K(17408K)
[896.627s][info][gc,heap        ] GC(2522) ParOldGen: 374488K(374784K)->374488K(374784K)
[896.628s][info][gc,metaspace   ] GC(2522) Metaspace: 35690K(36416K)->35690K(36416K) NonClass: 26478K(27008K)->26478K(27008K) Class: 9211K(9408K)->9211K(9408K)
[896.628s][info][gc             ] GC(2522) Pause Young (Allocation Failure) 654M->365M(672M) 1.322ms
[896.628s][info][gc,cpu         ] GC(2522) User=0.00s Sys=0.00s Real=0.00s
[896.839s][info][gc,start       ] GC(2523) Pause Young (Allocation Failure)
[896.840s][info][gc,heap        ] GC(2523) PSYoungGen: 296000K(313344K)->64K(314880K) Eden: 295936K(295936K)->0K(300032K) From: 64K(17408K)->64K(14848K)
[896.840s][info][gc,heap        ] GC(2523) ParOldGen: 374488K(374784K)->374496K(374784K)
[896.840s][info][gc,metaspace   ] GC(2523) Metaspace: 35690K(36416K)->35690K(36416K) NonClass: 26478K(27008K)->26478K(27008K) Class: 9211K(9408K)->9211K(9408K)
[896.840s][info][gc             ] GC(2523) Pause Young (Allocation Failure) 654M->365M(673M) 1.283ms
[896.840s][info][gc,cpu         ] GC(2523) User=0.00s Sys=0.00s Real=0.00s
[896.947s][info][gc,start       ] GC(2524) Pause Young (Allocation Failure)
[896.949s][info][gc,heap        ] GC(2524) PSYoungGen: 300096K(314880K)->64K(315904K) Eden: 300032K(300032K)->0K(300032K) From: 64K(14848K)->64K(15872K)
[896.949s][info][gc,heap        ] GC(2524) ParOldGen: 374496K(374784K)->374504K(374784K)
[896.949s][info][gc,metaspace   ] GC(2524) Metaspace: 35690K(36416K)->35690K(36416K) NonClass: 26478K(27008K)->26478K(27008K) Class: 9211K(9408K)->9211K(9408K)
[896.949s][info][gc             ] GC(2524) Pause Young (Allocation Failure) 658M->365M(674M) 1.352ms
[896.949s][info][gc,cpu         ] GC(2524) User=0.00s Sys=0.00s Real=0.00s
[897.067s][info][gc,start       ] GC(2525) Pause Young (Allocation Failure)
[897.068s][info][gc,heap        ] GC(2525) PSYoungGen: 300096K(315904K)->64K(315904K) Eden: 300032K(300032K)->0K(303104K) From: 64K(15872K)->64K(12800K)
[897.068s][info][gc,heap        ] GC(2525) ParOldGen: 374504K(374784K)->374512K(374784K)
[897.068s][info][gc,metaspace   ] GC(2525) Metaspace: 35690K(36416K)->35690K(36416K) NonClass: 26478K(27008K)->26478K(27008K) Class: 9211K(9408K)->9211K(9408K)
[897.068s][info][gc             ] GC(2525) Pause Young (Allocation Failure) 658M->365M(674M) 1.285ms
[897.068s][info][gc,cpu         ] GC(2525) User=0.00s Sys=0.00s Real=0.00s
[897.460s][info][gc,start       ] GC(2526) Pause Young (Allocation Failure)
[897.461s][info][gc,heap        ] GC(2526) PSYoungGen: 303168K(315904K)->64K(316928K) Eden: 303104K(303104K)->0K(303104K) From: 64K(12800K)->64K(13824K)
[897.461s][info][gc,heap        ] GC(2526) ParOldGen: 374512K(374784K)->374520K(374784K)
[897.461s][info][gc,metaspace   ] GC(2526) Metaspace: 35690K(36416K)->35690K(36416K) NonClass: 26478K(27008K)->26478K(27008K) Class: 9211K(9408K)->9211K(9408K)
[897.461s][info][gc             ] GC(2526) Pause Young (Allocation Failure) 661M->365M(675M) 1.305ms
[897.461s][info][gc,cpu         ] GC(2526) User=0.00s Sys=0.00s Real=0.00s
[898.105s][info][gc,start       ] GC(2527) Pause Young (Allocation Failure)
[898.108s][info][gc,heap        ] GC(2527) PSYoungGen: 303168K(316928K)->83K(291328K) Eden: 303104K(303104K)->0K(290816K) From: 64K(13824K)->83K(512K)
[898.108s][info][gc,heap        ] GC(2527) ParOldGen: 374520K(374784K)->374528K(374784K)
[898.108s][info][gc,metaspace   ] GC(2527) Metaspace: 35690K(36416K)->35690K(36416K) NonClass: 26478K(27008K)->26478K(27008K) Class: 9211K(9408K)->9211K(9408K)
[898.108s][info][gc             ] GC(2527) Pause Young (Allocation Failure) 661M->365M(650M) 3.056ms
[898.108s][info][gc,cpu         ] GC(2527) User=0.00s Sys=0.00s Real=0.00s
[899.046s][info][gc,start       ] GC(2528) Pause Young (Allocation Failure)
[899.048s][info][gc,heap        ] GC(2528) PSYoungGen: 290899K(291328K)->64K(291840K) Eden: 290816K(290816K)->0K(279552K) From: 83K(512K)->64K(12288K)
[899.048s][info][gc,heap        ] GC(2528) ParOldGen: 374528K(374784K)->374536K(374784K)
[899.048s][info][gc,metaspace   ] GC(2528) Metaspace: 35690K(36416K)->35690K(36416K) NonClass: 26478K(27008K)->26478K(27008K) Class: 9211K(9408K)->9211K(9408K)
[899.048s][info][gc             ] GC(2528) Pause Young (Allocation Failure) 649M->365M(651M) 2.231ms
[899.048s][info][gc,cpu         ] GC(2528) User=0.00s Sys=0.00s Real=0.00s
[899.501s][info][gc,start       ] GC(2529) Pause Young (Allocation Failure)
[899.503s][info][gc,heap        ] GC(2529) PSYoungGen: 279616K(291840K)->64K(269312K) Eden: 279552K(279552K)->0K(268800K) From: 64K(12288K)->64K(512K)
[899.503s][info][gc,heap        ] GC(2529) ParOldGen: 374536K(374784K)->374552K(374784K)
[899.503s][info][gc,metaspace   ] GC(2529) Metaspace: 35690K(36416K)->35690K(36416K) NonClass: 26478K(27008K)->26478K(27008K) Class: 9211K(9408K)->9211K(9408K)
[899.503s][info][gc             ] GC(2529) Pause Young (Allocation Failure) 638M->365M(629M) 2.789ms
[899.503s][info][gc,cpu         ] GC(2529) User=0.00s Sys=0.00s Real=0.01s
[900.498s][info][gc,start       ] GC(2530) Pause Young (Allocation Failure)
[900.500s][info][gc,heap        ] GC(2530) PSYoungGen: 268864K(269312K)->64K(269312K) Eden: 268800K(268800K)->0K(258560K) From: 64K(512K)->64K(10752K)
[900.500s][info][gc,heap        ] GC(2530) ParOldGen: 374552K(374784K)->374560K(374784K)
[900.500s][info][gc,metaspace   ] GC(2530) Metaspace: 35690K(36416K)->35690K(36416K) NonClass: 26478K(27008K)->26478K(27008K) Class: 9211K(9408K)->9211K(9408K)
[900.500s][info][gc             ] GC(2530) Pause Young (Allocation Failure) 628M->365M(629M) 2.160ms
[900.500s][info][gc,cpu         ] GC(2530) User=0.00s Sys=0.00s Real=0.00s
[900.862s][info][gc,start       ] GC(2531) Pause Young (Allocation Failure)
[900.865s][info][gc,heap        ] GC(2531) PSYoungGen: 258624K(269312K)->64K(249344K) Eden: 258560K(258560K)->0K(248832K) From: 64K(10752K)->64K(512K)
[900.865s][info][gc,heap        ] GC(2531) ParOldGen: 374560K(374784K)->374568K(374784K)
[900.865s][info][gc,metaspace   ] GC(2531) Metaspace: 35690K(36416K)->35690K(36416K) NonClass: 26478K(27008K)->26478K(27008K) Class: 9211K(9408K)->9211K(9408K)
[900.865s][info][gc             ] GC(2531) Pause Young (Allocation Failure) 618M->365M(609M) 2.214ms
[900.865s][info][gc,cpu         ] GC(2531) User=0.00s Sys=0.00s Real=0.00s
[900.980s][info][gc,start       ] GC(2532) Pause Young (Allocation Failure)
[900.982s][info][gc,heap        ] GC(2532) PSYoungGen: 248896K(249344K)->64K(248832K) Eden: 248832K(248832K)->0K(239616K) From: 64K(512K)->64K(9216K)
[900.982s][info][gc,heap        ] GC(2532) ParOldGen: 374568K(374784K)->374576K(374784K)
[900.982s][info][gc,metaspace   ] GC(2532) Metaspace: 35690K(36416K)->35690K(36416K) NonClass: 26478K(27008K)->26478K(27008K) Class: 9211K(9408K)->9211K(9408K)
[900.982s][info][gc             ] GC(2532) Pause Young (Allocation Failure) 608M->365M(609M) 1.908ms
[900.982s][info][gc,cpu         ] GC(2532) User=0.00s Sys=0.00s Real=0.01s
[901.424s][info][gc,start       ] GC(2533) Pause Young (Allocation Failure)
[901.426s][info][gc,heap        ] GC(2533) PSYoungGen: 239680K(248832K)->64K(230912K) Eden: 239616K(239616K)->0K(230400K) From: 64K(9216K)->64K(512K)
[901.426s][info][gc,heap        ] GC(2533) ParOldGen: 374576K(374784K)->374584K(374784K)
[901.426s][info][gc,metaspace   ] GC(2533) Metaspace: 35690K(36416K)->35690K(36416K) NonClass: 26478K(27008K)->26478K(27008K) Class: 9211K(9408K)->9211K(9408K)
[901.426s][info][gc             ] GC(2533) Pause Young (Allocation Failure) 599M->365M(591M) 2.475ms
[901.426s][info][gc,cpu         ] GC(2533) User=0.00s Sys=0.00s Real=0.00s
[901.702s][info][gc,start       ] GC(2534) Pause Young (Allocation Failure)
[901.704s][info][gc,heap        ] GC(2534) PSYoungGen: 230464K(230912K)->32K(229888K) Eden: 230400K(230400K)->0K(221696K) From: 64K(512K)->32K(8192K)
[901.704s][info][gc,heap        ] GC(2534) ParOldGen: 374584K(374784K)->374592K(374784K)
[901.704s][info][gc,metaspace   ] GC(2534) Metaspace: 35690K(36416K)->35690K(36416K) NonClass: 26478K(27008K)->26478K(27008K) Class: 9211K(9408K)->9211K(9408K)
[901.704s][info][gc             ] GC(2534) Pause Young (Allocation Failure) 590M->365M(590M) 1.527ms
[901.704s][info][gc,cpu         ] GC(2534) User=0.00s Sys=0.00s Real=0.00s
[902.013s][info][gc,start       ] GC(2535) Pause Young (Allocation Failure)
[902.029s][info][gc,heap        ] GC(2535) PSYoungGen: 221728K(229888K)->7168K(271360K) Eden: 221696K(221696K)->0K(264192K) From: 32K(8192K)->7168K(7168K)
[902.029s][info][gc,heap        ] GC(2535) ParOldGen: 374592K(374784K)->376856K(377344K)
[902.029s][info][gc,metaspace   ] GC(2535) Metaspace: 35690K(36416K)->35690K(36416K) NonClass: 26478K(27008K)->26478K(27008K) Class: 9211K(9408K)->9211K(9408K)
[902.029s][info][gc             ] GC(2535) Pause Young (Allocation Failure) 582M->375M(633M) 15.912ms
[902.029s][info][gc,cpu         ] GC(2535) User=0.03s Sys=0.00s Real=0.01s
[902.334s][info][gc,start       ] GC(2536) Pause Young (Allocation Failure)
[902.391s][info][gc,heap        ] GC(2536) PSYoungGen: 271360K(271360K)->10240K(282112K) Eden: 264192K(264192K)->0K(271872K) From: 7168K(7168K)->10240K(10240K)
[902.391s][info][gc,heap        ] GC(2536) ParOldGen: 376856K(377344K)->396488K(396800K)
[902.391s][info][gc,metaspace   ] GC(2536) Metaspace: 35690K(36416K)->35690K(36416K) NonClass: 26478K(27008K)->26478K(27008K) Class: 9211K(9408K)->9211K(9408K)
[902.391s][info][gc             ] GC(2536) Pause Young (Allocation Failure) 633M->397M(663M) 56.468ms
[902.391s][info][gc,cpu         ] GC(2536) User=0.10s Sys=0.02s Real=0.05s
[902.648s][info][gc,start       ] GC(2537) Pause Young (Allocation Failure)
[902.701s][info][gc,heap        ] GC(2537) PSYoungGen: 282112K(282112K)->19456K(303104K) Eden: 271872K(271872K)->0K(283648K) From: 10240K(10240K)->19456K(19456K)
[902.701s][info][gc,heap        ] GC(2537) ParOldGen: 396488K(396800K)->400952K(401408K)
[902.701s][info][gc,metaspace   ] GC(2537) Metaspace: 35690K(36416K)->35690K(36416K) NonClass: 26478K(27008K)->26478K(27008K) Class: 9211K(9408K)->9211K(9408K)
[902.701s][info][gc             ] GC(2537) Pause Young (Allocation Failure) 662M->410M(688M) 53.172ms
[902.702s][info][gc,cpu         ] GC(2537) User=0.08s Sys=0.02s Real=0.05s
[902.918s][info][gc,start       ] GC(2538) Pause Young (Allocation Failure)
[902.920s][info][gc,heap        ] GC(2538) PSYoungGen: 303104K(303104K)->64K(308736K) Eden: 283648K(283648K)->0K(283648K) From: 19456K(19456K)->64K(25088K)
[902.920s][info][gc,heap        ] GC(2538) ParOldGen: 400952K(401408K)->401064K(401408K)
[902.920s][info][gc,metaspace   ] GC(2538) Metaspace: 35690K(36416K)->35690K(36416K) NonClass: 26478K(27008K)->26478K(27008K) Class: 9211K(9408K)->9211K(9408K)
[902.920s][info][gc             ] GC(2538) Pause Young (Allocation Failure) 687M->391M(693M) 2.470ms
[902.920s][info][gc,cpu         ] GC(2538) User=0.01s Sys=0.00s Real=0.00s
[903.568s][info][gc,start       ] GC(2539) Pause Young (Allocation Failure)
[903.570s][info][gc,heap        ] GC(2539) PSYoungGen: 283712K(308736K)->64K(306176K) Eden: 283648K(283648K)->0K(284160K) From: 64K(25088K)->64K(22016K)
[903.570s][info][gc,heap        ] GC(2539) ParOldGen: 401064K(401408K)->401072K(401408K)
[903.570s][info][gc,metaspace   ] GC(2539) Metaspace: 35690K(36416K)->35690K(36416K) NonClass: 26478K(27008K)->26478K(27008K) Class: 9211K(9408K)->9211K(9408K)
[903.570s][info][gc             ] GC(2539) Pause Young (Allocation Failure) 668M->391M(691M) 1.550ms
[903.570s][info][gc,cpu         ] GC(2539) User=0.00s Sys=0.00s Real=0.00s
[904.032s][info][gc,start       ] GC(2540) Pause Young (Allocation Failure)
[904.033s][info][gc,heap        ] GC(2540) PSYoungGen: 284224K(306176K)->64K(307712K) Eden: 284160K(284160K)->0K(284160K) From: 64K(22016K)->64K(23552K)
[904.033s][info][gc,heap        ] GC(2540) ParOldGen: 401072K(401408K)->401088K(401408K)
[904.033s][info][gc,metaspace   ] GC(2540) Metaspace: 35690K(36416K)->35690K(36416K) NonClass: 26478K(27008K)->26478K(27008K) Class: 9211K(9408K)->9211K(9408K)
[904.033s][info][gc             ] GC(2540) Pause Young (Allocation Failure) 669M->391M(692M) 1.460ms
[904.033s][info][gc,cpu         ] GC(2540) User=0.01s Sys=0.00s Real=0.01s
[904.236s][info][gc,start       ] GC(2541) Pause Young (Allocation Failure)
[904.237s][info][gc,heap        ] GC(2541) PSYoungGen: 284224K(307712K)->64K(307712K) Eden: 284160K(284160K)->0K(287744K) From: 64K(23552K)->64K(19968K)
[904.237s][info][gc,heap        ] GC(2541) ParOldGen: 401088K(401408K)->401104K(401408K)
[904.237s][info][gc,metaspace   ] GC(2541) Metaspace: 35690K(36416K)->35690K(36416K) NonClass: 26478K(27008K)->26478K(27008K) Class: 9211K(9408K)->9211K(9408K)
[904.237s][info][gc             ] GC(2541) Pause Young (Allocation Failure) 669M->391M(692M) 1.318ms
[904.237s][info][gc,cpu         ] GC(2541) User=0.00s Sys=0.00s Real=0.00s
[904.442s][info][gc,start       ] GC(2542) Pause Young (Allocation Failure)
[904.443s][info][gc,heap        ] GC(2542) PSYoungGen: 287808K(307712K)->64K(309248K) Eden: 287744K(287744K)->0K(287744K) From: 64K(19968K)->64K(21504K)
[904.443s][info][gc,heap        ] GC(2542) ParOldGen: 401104K(401408K)->401104K(401408K)
[904.443s][info][gc,metaspace   ] GC(2542) Metaspace: 35690K(36416K)->35690K(36416K) NonClass: 26478K(27008K)->26478K(27008K) Class: 9211K(9408K)->9211K(9408K)
[904.443s][info][gc             ] GC(2542) Pause Young (Allocation Failure) 672M->391M(694M) 1.208ms
[904.443s][info][gc,cpu         ] GC(2542) User=0.01s Sys=0.00s Real=0.01s
[904.773s][info][gc,start       ] GC(2543) Pause Young (Allocation Failure)
[904.774s][info][gc,heap        ] GC(2543) PSYoungGen: 287808K(309248K)->64K(309760K) Eden: 287744K(287744K)->0K(291840K) From: 64K(21504K)->64K(17920K)
[904.774s][info][gc,heap        ] GC(2543) ParOldGen: 401104K(401408K)->401104K(401408K)
[904.774s][info][gc,metaspace   ] GC(2543) Metaspace: 35690K(36416K)->35690K(36416K) NonClass: 26478K(27008K)->26478K(27008K) Class: 9211K(9408K)->9211K(9408K)
[904.774s][info][gc             ] GC(2543) Pause Young (Allocation Failure) 672M->391M(694M) 1.208ms
[904.774s][info][gc,cpu         ] GC(2543) User=0.00s Sys=0.00s Real=0.00s
[904.826s][info][gc,start       ] GC(2544) Pause Young (Allocation Failure)
[904.827s][info][gc,heap        ] GC(2544) PSYoungGen: 291904K(309760K)->64K(311296K) Eden: 291840K(291840K)->0K(291840K) From: 64K(17920K)->64K(19456K)
[904.827s][info][gc,heap        ] GC(2544) ParOldGen: 401104K(401408K)->401120K(401408K)
[904.827s][info][gc,metaspace   ] GC(2544) Metaspace: 35690K(36416K)->35690K(36416K) NonClass: 26478K(27008K)->26478K(27008K) Class: 9211K(9408K)->9211K(9408K)
[904.827s][info][gc             ] GC(2544) Pause Young (Allocation Failure) 676M->391M(696M) 1.139ms
[904.827s][info][gc,cpu         ] GC(2544) User=0.00s Sys=0.00s Real=0.00s
[904.877s][info][gc,start       ] GC(2545) Pause Young (Allocation Failure)
[904.878s][info][gc,heap        ] GC(2545) PSYoungGen: 291904K(311296K)->32K(311808K) Eden: 291840K(291840K)->0K(295936K) From: 64K(19456K)->32K(15872K)
[904.878s][info][gc,heap        ] GC(2545) ParOldGen: 401120K(401408K)->401120K(401408K)
[904.878s][info][gc,metaspace   ] GC(2545) Metaspace: 35690K(36416K)->35690K(36416K) NonClass: 26478K(27008K)->26478K(27008K) Class: 9211K(9408K)->9211K(9408K)
[904.878s][info][gc             ] GC(2545) Pause Young (Allocation Failure) 676M->391M(696M) 1.134ms
[904.878s][info][gc,cpu         ] GC(2545) User=0.00s Sys=0.00s Real=0.00s
[905.084s][info][gc,start       ] GC(2546) Pause Young (Allocation Failure)
[905.085s][info][gc,heap        ] GC(2546) PSYoungGen: 295968K(311808K)->64K(313344K) Eden: 295936K(295936K)->0K(295936K) From: 32K(15872K)->64K(17408K)
[905.085s][info][gc,heap        ] GC(2546) ParOldGen: 401120K(401408K)->401120K(401408K)
[905.085s][info][gc,metaspace   ] GC(2546) Metaspace: 35690K(36416K)->35690K(36416K) NonClass: 26478K(27008K)->26478K(27008K) Class: 9211K(9408K)->9211K(9408K)
[905.085s][info][gc             ] GC(2546) Pause Young (Allocation Failure) 680M->391M(698M) 1.296ms
[905.085s][info][gc,cpu         ] GC(2546) User=0.00s Sys=0.00s Real=0.00s
[905.294s][info][gc,start       ] GC(2547) Pause Young (Allocation Failure)
[905.296s][info][gc,heap        ] GC(2547) PSYoungGen: 296000K(313344K)->64K(314880K) Eden: 295936K(295936K)->0K(300032K) From: 64K(17408K)->64K(14848K)
[905.296s][info][gc,heap        ] GC(2547) ParOldGen: 401120K(401408K)->401128K(401408K)
[905.296s][info][gc,metaspace   ] GC(2547) Metaspace: 35690K(36416K)->35690K(36416K) NonClass: 26478K(27008K)->26478K(27008K) Class: 9211K(9408K)->9211K(9408K)
[905.296s][info][gc             ] GC(2547) Pause Young (Allocation Failure) 680M->391M(699M) 1.197ms
[905.296s][info][gc,cpu         ] GC(2547) User=0.00s Sys=0.00s Real=0.00s
[905.393s][info][gc,start       ] GC(2548) Pause Young (Allocation Failure)
[905.394s][info][gc,heap        ] GC(2548) PSYoungGen: 300096K(314880K)->64K(315904K) Eden: 300032K(300032K)->0K(300032K) From: 64K(14848K)->64K(15872K)
[905.394s][info][gc,heap        ] GC(2548) ParOldGen: 401128K(401408K)->401136K(401408K)
[905.394s][info][gc,metaspace   ] GC(2548) Metaspace: 35690K(36416K)->35690K(36416K) NonClass: 26478K(27008K)->26478K(27008K) Class: 9211K(9408K)->9211K(9408K)
[905.394s][info][gc             ] GC(2548) Pause Young (Allocation Failure) 684M->391M(700M) 1.269ms
[905.394s][info][gc,cpu         ] GC(2548) User=0.01s Sys=0.00s Real=0.00s
[905.519s][info][gc,start       ] GC(2549) Pause Young (Allocation Failure)
[905.520s][info][gc,heap        ] GC(2549) PSYoungGen: 300096K(315904K)->64K(315904K) Eden: 300032K(300032K)->0K(303104K) From: 64K(15872K)->64K(12800K)
[905.520s][info][gc,heap        ] GC(2549) ParOldGen: 401136K(401408K)->401144K(401408K)
[905.520s][info][gc,metaspace   ] GC(2549) Metaspace: 35690K(36416K)->35690K(36416K) NonClass: 26478K(27008K)->26478K(27008K) Class: 9211K(9408K)->9211K(9408K)
[905.520s][info][gc             ] GC(2549) Pause Young (Allocation Failure) 684M->391M(700M) 1.224ms
[905.520s][info][gc,cpu         ] GC(2549) User=0.00s Sys=0.00s Real=0.00s
[905.923s][info][gc,start       ] GC(2550) Pause Young (Allocation Failure)
[905.925s][info][gc,heap        ] GC(2550) PSYoungGen: 303168K(315904K)->64K(316928K) Eden: 303104K(303104K)->0K(303104K) From: 64K(12800K)->64K(13824K)
[905.925s][info][gc,heap        ] GC(2550) ParOldGen: 401144K(401408K)->401152K(401408K)
[905.925s][info][gc,metaspace   ] GC(2550) Metaspace: 35690K(36416K)->35690K(36416K) NonClass: 26478K(27008K)->26478K(27008K) Class: 9211K(9408K)->9211K(9408K)
[905.925s][info][gc             ] GC(2550) Pause Young (Allocation Failure) 687M->391M(701M) 1.333ms
[905.925s][info][gc,cpu         ] GC(2550) User=0.00s Sys=0.00s Real=0.00s
[906.793s][info][gc,start       ] GC(2551) Pause Young (Allocation Failure)
[906.795s][info][gc,heap        ] GC(2551) PSYoungGen: 303168K(316928K)->64K(291328K) Eden: 303104K(303104K)->0K(290816K) From: 64K(13824K)->64K(512K)
[906.795s][info][gc,heap        ] GC(2551) ParOldGen: 401152K(401408K)->401160K(401408K)
[906.795s][info][gc,metaspace   ] GC(2551) Metaspace: 35690K(36416K)->35690K(36416K) NonClass: 26478K(27008K)->26478K(27008K) Class: 9211K(9408K)->9211K(9408K)
[906.795s][info][gc             ] GC(2551) Pause Young (Allocation Failure) 687M->391M(676M) 2.071ms
[906.795s][info][gc,cpu         ] GC(2551) User=0.00s Sys=0.00s Real=0.00s
[907.505s][info][gc,start       ] GC(2552) Pause Young (Allocation Failure)
[907.506s][info][gc,heap        ] GC(2552) PSYoungGen: 290880K(291328K)->64K(291840K) Eden: 290816K(290816K)->0K(279552K) From: 64K(512K)->64K(12288K)
[907.506s][info][gc,heap        ] GC(2552) ParOldGen: 401160K(401408K)->401168K(401408K)
[907.506s][info][gc,metaspace   ] GC(2552) Metaspace: 35690K(36416K)->35690K(36416K) NonClass: 26478K(27008K)->26478K(27008K) Class: 9211K(9408K)->9211K(9408K)
[907.506s][info][gc             ] GC(2552) Pause Young (Allocation Failure) 675M->391M(677M) 1.253ms
[907.506s][info][gc,cpu         ] GC(2552) User=0.00s Sys=0.00s Real=0.00s
[908.009s][info][gc,start       ] GC(2553) Pause Young (Allocation Failure)
[908.010s][info][gc,heap        ] GC(2553) PSYoungGen: 279616K(291840K)->64K(269312K) Eden: 279552K(279552K)->0K(268800K) From: 64K(12288K)->64K(512K)
[908.010s][info][gc,heap        ] GC(2553) ParOldGen: 401168K(401408K)->401176K(401408K)
[908.010s][info][gc,metaspace   ] GC(2553) Metaspace: 35690K(36416K)->35690K(36416K) NonClass: 26478K(27008K)->26478K(27008K) Class: 9211K(9408K)->9211K(9408K)
[908.010s][info][gc             ] GC(2553) Pause Young (Allocation Failure) 664M->391M(655M) 1.788ms
[908.010s][info][gc,cpu         ] GC(2553) User=0.00s Sys=0.00s Real=0.00s
[908.945s][info][gc,start       ] GC(2554) Pause Young (Allocation Failure)
[908.947s][info][gc,heap        ] GC(2554) PSYoungGen: 268864K(269312K)->64K(269312K) Eden: 268800K(268800K)->0K(258560K) From: 64K(512K)->64K(10752K)
[908.947s][info][gc,heap        ] GC(2554) ParOldGen: 401176K(401408K)->401184K(401408K)
[908.947s][info][gc,metaspace   ] GC(2554) Metaspace: 35690K(36416K)->35690K(36416K) NonClass: 26478K(27008K)->26478K(27008K) Class: 9211K(9408K)->9211K(9408K)
[908.947s][info][gc             ] GC(2554) Pause Young (Allocation Failure) 654M->391M(655M) 1.231ms
[908.947s][info][gc,cpu         ] GC(2554) User=0.01s Sys=0.00s Real=0.00s
[909.329s][info][gc,start       ] GC(2555) Pause Young (Allocation Failure)
[909.331s][info][gc,heap        ] GC(2555) PSYoungGen: 258624K(269312K)->64K(249344K) Eden: 258560K(258560K)->0K(248832K) From: 64K(10752K)->64K(512K)
[909.331s][info][gc,heap        ] GC(2555) ParOldGen: 401184K(401408K)->401192K(401408K)
[909.331s][info][gc,metaspace   ] GC(2555) Metaspace: 35690K(36416K)->35690K(36416K) NonClass: 26478K(27008K)->26478K(27008K) Class: 9211K(9408K)->9211K(9408K)
[909.331s][info][gc             ] GC(2555) Pause Young (Allocation Failure) 644M->391M(635M) 1.347ms
[909.331s][info][gc,cpu         ] GC(2555) User=0.00s Sys=0.00s Real=0.00s
[909.419s][info][gc,start       ] GC(2556) Pause Young (Allocation Failure)
[909.420s][info][gc,heap        ] GC(2556) PSYoungGen: 248896K(249344K)->64K(248832K) Eden: 248832K(248832K)->0K(239616K) From: 64K(512K)->64K(9216K)
[909.420s][info][gc,heap        ] GC(2556) ParOldGen: 401192K(401408K)->401200K(401408K)
[909.420s][info][gc,metaspace   ] GC(2556) Metaspace: 35690K(36416K)->35690K(36416K) NonClass: 26478K(27008K)->26478K(27008K) Class: 9211K(9408K)->9211K(9408K)
[909.420s][info][gc             ] GC(2556) Pause Young (Allocation Failure) 634M->391M(635M) 1.096ms
[909.420s][info][gc,cpu         ] GC(2556) User=0.00s Sys=0.00s Real=0.00s
[909.910s][info][gc,start       ] GC(2557) Pause Young (Allocation Failure)
[909.912s][info][gc,heap        ] GC(2557) PSYoungGen: 239680K(248832K)->64K(230912K) Eden: 239616K(239616K)->0K(230400K) From: 64K(9216K)->64K(512K)
[909.912s][info][gc,heap        ] GC(2557) ParOldGen: 401200K(401408K)->401208K(401408K)
[909.912s][info][gc,metaspace   ] GC(2557) Metaspace: 35690K(36416K)->35690K(36416K) NonClass: 26478K(27008K)->26478K(27008K) Class: 9211K(9408K)->9211K(9408K)
[909.912s][info][gc             ] GC(2557) Pause Young (Allocation Failure) 625M->391M(617M) 2.038ms
[909.912s][info][gc,cpu         ] GC(2557) User=0.00s Sys=0.00s Real=0.00s
[910.161s][info][gc,start       ] GC(2558) Pause Young (Allocation Failure)
[910.162s][info][gc,heap        ] GC(2558) PSYoungGen: 230464K(230912K)->64K(229888K) Eden: 230400K(230400K)->0K(221696K) From: 64K(512K)->64K(8192K)
[910.162s][info][gc,heap        ] GC(2558) ParOldGen: 401208K(401408K)->401216K(401408K)
[910.162s][info][gc,metaspace   ] GC(2558) Metaspace: 35690K(36416K)->35690K(36416K) NonClass: 26478K(27008K)->26478K(27008K) Class: 9211K(9408K)->9211K(9408K)
[910.162s][info][gc             ] GC(2558) Pause Young (Allocation Failure) 616M->391M(616M) 1.208ms
[910.162s][info][gc,cpu         ] GC(2558) User=0.00s Sys=0.00s Real=0.01s
[910.470s][info][gc,start       ] GC(2559) Pause Young (Allocation Failure)
[910.491s][info][gc,heap        ] GC(2559) PSYoungGen: 221760K(229888K)->7168K(271872K) Eden: 221696K(221696K)->0K(264704K) From: 64K(8192K)->7168K(7168K)
[910.491s][info][gc,heap        ] GC(2559) ParOldGen: 401216K(401408K)->405968K(406016K)
[910.491s][info][gc,metaspace   ] GC(2559) Metaspace: 35690K(36416K)->35690K(36416K) NonClass: 26478K(27008K)->26478K(27008K) Class: 9211K(9408K)->9211K(9408K)
[910.491s][info][gc             ] GC(2559) Pause Young (Allocation Failure) 608M->403M(662M) 21.182ms
[910.491s][info][gc,cpu         ] GC(2559) User=0.03s Sys=0.00s Real=0.02s
[910.797s][info][gc,start       ] GC(2560) Pause Young (Allocation Failure)
[910.855s][info][gc,heap        ] GC(2560) PSYoungGen: 271872K(271872K)->10752K(281600K) Eden: 264704K(264704K)->0K(270848K) From: 7168K(7168K)->10752K(10752K)
[910.855s][info][gc,heap        ] GC(2560) ParOldGen: 405968K(406016K)->425216K(425472K)
[910.855s][info][gc,metaspace   ] GC(2560) Metaspace: 35690K(36416K)->35690K(36416K) NonClass: 26478K(27008K)->26478K(27008K) Class: 9211K(9408K)->9211K(9408K)
[910.855s][info][gc             ] GC(2560) Pause Young (Allocation Failure) 661M->425M(690M) 57.397ms
[910.855s][info][gc,cpu         ] GC(2560) User=0.10s Sys=0.02s Real=0.06s
[911.092s][info][gc,start       ] GC(2561) Pause Young (Allocation Failure)
[911.140s][info][gc,heap        ] GC(2561) PSYoungGen: 281600K(281600K)->20480K(304128K) Eden: 270848K(270848K)->0K(283648K) From: 10752K(10752K)->20480K(20480K)
[911.140s][info][gc,heap        ] GC(2561) ParOldGen: 425216K(425472K)->426088K(426496K)
[911.140s][info][gc,metaspace   ] GC(2561) Metaspace: 35690K(36416K)->35690K(36416K) NonClass: 26478K(27008K)->26478K(27008K) Class: 9211K(9408K)->9211K(9408K)
[911.140s][info][gc             ] GC(2561) Pause Young (Allocation Failure) 690M->436M(713M) 47.222ms
[911.140s][info][gc,cpu         ] GC(2561) User=0.08s Sys=0.01s Real=0.04s
[911.401s][info][gc,start       ] GC(2562) Pause Young (Allocation Failure)
[911.402s][info][gc,heap        ] GC(2562) PSYoungGen: 304128K(304128K)->64K(308736K) Eden: 283648K(283648K)->0K(283648K) From: 20480K(20480K)->64K(25088K)
[911.402s][info][gc,heap        ] GC(2562) ParOldGen: 426088K(426496K)->426104K(426496K)
[911.402s][info][gc,metaspace   ] GC(2562) Metaspace: 35690K(36416K)->35690K(36416K) NonClass: 26478K(27008K)->26478K(27008K) Class: 9211K(9408K)->9211K(9408K)
[911.402s][info][gc             ] GC(2562) Pause Young (Allocation Failure) 713M->416M(718M) 1.599ms
[911.402s][info][gc,cpu         ] GC(2562) User=0.00s Sys=0.00s Real=0.01s
[912.026s][info][gc,start       ] GC(2563) Pause Young (Allocation Failure)
[912.027s][info][gc,heap        ] GC(2563) PSYoungGen: 283712K(308736K)->64K(306688K) Eden: 283648K(283648K)->0K(284672K) From: 64K(25088K)->64K(22016K)
[912.027s][info][gc,heap        ] GC(2563) ParOldGen: 426104K(426496K)->426112K(426496K)
[912.027s][info][gc,metaspace   ] GC(2563) Metaspace: 35690K(36416K)->35690K(36416K) NonClass: 26478K(27008K)->26478K(27008K) Class: 9211K(9408K)->9211K(9408K)
[912.027s][info][gc             ] GC(2563) Pause Young (Allocation Failure) 693M->416M(716M) 1.603ms
[912.027s][info][gc,cpu         ] GC(2563) User=0.01s Sys=0.00s Real=0.00s
[912.484s][info][gc,start       ] GC(2564) Pause Young (Allocation Failure)
[912.485s][info][gc,heap        ] GC(2564) PSYoungGen: 284736K(306688K)->64K(308224K) Eden: 284672K(284672K)->0K(284672K) From: 64K(22016K)->64K(23552K)
[912.485s][info][gc,heap        ] GC(2564) ParOldGen: 426112K(426496K)->426128K(426496K)
[912.485s][info][gc,metaspace   ] GC(2564) Metaspace: 35690K(36416K)->35690K(36416K) NonClass: 26478K(27008K)->26478K(27008K) Class: 9211K(9408K)->9211K(9408K)
[912.485s][info][gc             ] GC(2564) Pause Young (Allocation Failure) 694M->416M(717M) 1.437ms
[912.485s][info][gc,cpu         ] GC(2564) User=0.00s Sys=0.00s Real=0.00s
[912.689s][info][gc,start       ] GC(2565) Pause Young (Allocation Failure)
[912.690s][info][gc,heap        ] GC(2565) PSYoungGen: 284736K(308224K)->64K(307712K) Eden: 284672K(284672K)->0K(287744K) From: 64K(23552K)->64K(19968K)
[912.690s][info][gc,heap        ] GC(2565) ParOldGen: 426128K(426496K)->426144K(426496K)
[912.690s][info][gc,metaspace   ] GC(2565) Metaspace: 35690K(36416K)->35690K(36416K) NonClass: 26478K(27008K)->26478K(27008K) Class: 9211K(9408K)->9211K(9408K)
[912.690s][info][gc             ] GC(2565) Pause Young (Allocation Failure) 694M->416M(717M) 1.440ms
[912.690s][info][gc,cpu         ] GC(2565) User=0.01s Sys=0.00s Real=0.00s
[912.895s][info][gc,start       ] GC(2566) Pause Young (Allocation Failure)
[912.897s][info][gc,heap        ] GC(2566) PSYoungGen: 287808K(307712K)->64K(309248K) Eden: 287744K(287744K)->0K(287744K) From: 64K(19968K)->64K(21504K)
[912.897s][info][gc,heap        ] GC(2566) ParOldGen: 426144K(426496K)->426144K(426496K)
[912.897s][info][gc,metaspace   ] GC(2566) Metaspace: 35690K(36416K)->35690K(36416K) NonClass: 26478K(27008K)->26478K(27008K) Class: 9211K(9408K)->9211K(9408K)
[912.897s][info][gc             ] GC(2566) Pause Young (Allocation Failure) 697M->416M(718M) 1.249ms
[912.897s][info][gc,cpu         ] GC(2566) User=0.00s Sys=0.00s Real=0.00s
[913.216s][info][gc,start       ] GC(2567) Pause Young (Allocation Failure)
[913.217s][info][gc,heap        ] GC(2567) PSYoungGen: 287808K(309248K)->64K(309760K) Eden: 287744K(287744K)->0K(291840K) From: 64K(21504K)->64K(17920K)
[913.217s][info][gc,heap        ] GC(2567) ParOldGen: 426144K(426496K)->426144K(426496K)
[913.217s][info][gc,metaspace   ] GC(2567) Metaspace: 35690K(36416K)->35690K(36416K) NonClass: 26478K(27008K)->26478K(27008K) Class: 9211K(9408K)->9211K(9408K)
[913.217s][info][gc             ] GC(2567) Pause Young (Allocation Failure) 697M->416M(719M) 1.317ms
[913.217s][info][gc,cpu         ] GC(2567) User=0.00s Sys=0.00s Real=0.00s
[913.268s][info][gc,start       ] GC(2568) Pause Young (Allocation Failure)
[913.269s][info][gc,heap        ] GC(2568) PSYoungGen: 291904K(309760K)->64K(311296K) Eden: 291840K(291840K)->0K(291840K) From: 64K(17920K)->64K(19456K)
[913.269s][info][gc,heap        ] GC(2568) ParOldGen: 426144K(426496K)->426160K(426496K)
[913.269s][info][gc,metaspace   ] GC(2568) Metaspace: 35690K(36416K)->35690K(36416K) NonClass: 26478K(27008K)->26478K(27008K) Class: 9211K(9408K)->9211K(9408K)
[913.269s][info][gc             ] GC(2568) Pause Young (Allocation Failure) 701M->416M(720M) 1.227ms
[913.269s][info][gc,cpu         ] GC(2568) User=0.01s Sys=0.00s Real=0.00s
[913.319s][info][gc,start       ] GC(2569) Pause Young (Allocation Failure)
[913.320s][info][gc,heap        ] GC(2569) PSYoungGen: 291904K(311296K)->32K(311808K) Eden: 291840K(291840K)->0K(295936K) From: 64K(19456K)->32K(15872K)
[913.320s][info][gc,heap        ] GC(2569) ParOldGen: 426160K(426496K)->426160K(426496K)
[913.320s][info][gc,metaspace   ] GC(2569) Metaspace: 35690K(36416K)->35690K(36416K) NonClass: 26478K(27008K)->26478K(27008K) Class: 9211K(9408K)->9211K(9408K)
[913.320s][info][gc             ] GC(2569) Pause Young (Allocation Failure) 701M->416M(721M) 1.219ms
[913.320s][info][gc,cpu         ] GC(2569) User=0.00s Sys=0.00s Real=0.00s
[913.538s][info][gc,start       ] GC(2570) Pause Young (Allocation Failure)
[913.539s][info][gc,heap        ] GC(2570) PSYoungGen: 295967K(311808K)->64K(313344K) Eden: 295935K(295936K)->0K(295936K) From: 32K(15872K)->64K(17408K)
[913.539s][info][gc,heap        ] GC(2570) ParOldGen: 426160K(426496K)->426160K(426496K)
[913.539s][info][gc,metaspace   ] GC(2570) Metaspace: 35690K(36416K)->35690K(36416K) NonClass: 26478K(27008K)->26478K(27008K) Class: 9211K(9408K)->9211K(9408K)
[913.539s][info][gc             ] GC(2570) Pause Young (Allocation Failure) 705M->416M(722M) 1.314ms
[913.539s][info][gc,cpu         ] GC(2570) User=0.00s Sys=0.00s Real=0.00s
[913.747s][info][gc,start       ] GC(2571) Pause Young (Allocation Failure)
[913.749s][info][gc,heap        ] GC(2571) PSYoungGen: 296000K(313344K)->64K(313856K) Eden: 295936K(295936K)->0K(300032K) From: 64K(17408K)->64K(13824K)
[913.749s][info][gc,heap        ] GC(2571) ParOldGen: 426160K(426496K)->426168K(426496K)
[913.749s][info][gc,metaspace   ] GC(2571) Metaspace: 35690K(36416K)->35690K(36416K) NonClass: 26478K(27008K)->26478K(27008K) Class: 9211K(9408K)->9211K(9408K)
[913.749s][info][gc             ] GC(2571) Pause Young (Allocation Failure) 705M->416M(723M) 1.260ms
[913.749s][info][gc,cpu         ] GC(2571) User=0.00s Sys=0.00s Real=0.00s
[913.837s][info][gc,start       ] GC(2572) Pause Young (Allocation Failure)
[913.838s][info][gc,heap        ] GC(2572) PSYoungGen: 300096K(313856K)->64K(315392K) Eden: 300032K(300032K)->0K(300032K) From: 64K(13824K)->64K(15360K)
[913.838s][info][gc,heap        ] GC(2572) ParOldGen: 426168K(426496K)->426176K(426496K)
[913.838s][info][gc,metaspace   ] GC(2572) Metaspace: 35690K(36416K)->35690K(36416K) NonClass: 26478K(27008K)->26478K(27008K) Class: 9211K(9408K)->9211K(9408K)
[913.838s][info][gc             ] GC(2572) Pause Young (Allocation Failure) 709M->416M(724M) 1.314ms
[913.838s][info][gc,cpu         ] GC(2572) User=0.00s Sys=0.00s Real=0.00s
[913.968s][info][gc,start       ] GC(2573) Pause Young (Allocation Failure)
[913.969s][info][gc,heap        ] GC(2573) PSYoungGen: 300096K(315392K)->64K(315904K) Eden: 300032K(300032K)->0K(303616K) From: 64K(15360K)->64K(12288K)
[913.969s][info][gc,heap        ] GC(2573) ParOldGen: 426176K(426496K)->426184K(426496K)
[913.969s][info][gc,metaspace   ] GC(2573) Metaspace: 35690K(36416K)->35690K(36416K) NonClass: 26478K(27008K)->26478K(27008K) Class: 9211K(9408K)->9211K(9408K)
[913.969s][info][gc             ] GC(2573) Pause Young (Allocation Failure) 709M->416M(725M) 1.254ms
[913.969s][info][gc,cpu         ] GC(2573) User=0.00s Sys=0.00s Real=0.00s
[914.386s][info][gc,start       ] GC(2574) Pause Young (Allocation Failure)
[914.388s][info][gc,heap        ] GC(2574) PSYoungGen: 303680K(315904K)->64K(317440K) Eden: 303616K(303616K)->0K(303616K) From: 64K(12288K)->64K(13824K)
[914.388s][info][gc,heap        ] GC(2574) ParOldGen: 426184K(426496K)->426192K(426496K)
[914.388s][info][gc,metaspace   ] GC(2574) Metaspace: 35690K(36416K)->35690K(36416K) NonClass: 26478K(27008K)->26478K(27008K) Class: 9211K(9408K)->9211K(9408K)
[914.388s][info][gc             ] GC(2574) Pause Young (Allocation Failure) 712M->416M(726M) 1.385ms
[914.388s][info][gc,cpu         ] GC(2574) User=0.01s Sys=0.00s Real=0.00s
[915.715s][info][gc,start       ] GC(2575) Pause Young (Allocation Failure)
[915.717s][info][gc,heap        ] GC(2575) PSYoungGen: 303680K(317440K)->64K(291840K) Eden: 303616K(303616K)->0K(291328K) From: 64K(13824K)->64K(512K)
[915.717s][info][gc,heap        ] GC(2575) ParOldGen: 426192K(426496K)->426200K(426496K)
[915.717s][info][gc,metaspace   ] GC(2575) Metaspace: 35690K(36416K)->35690K(36416K) NonClass: 26478K(27008K)->26478K(27008K) Class: 9211K(9408K)->9211K(9408K)
[915.717s][info][gc             ] GC(2575) Pause Young (Allocation Failure) 712M->416M(701M) 2.045ms
[915.717s][info][gc,cpu         ] GC(2575) User=0.00s Sys=0.00s Real=0.00s
[915.996s][info][gc,start       ] GC(2576) Pause Young (Allocation Failure)
[915.997s][info][gc,heap        ] GC(2576) PSYoungGen: 291392K(291840K)->64K(291840K) Eden: 291328K(291328K)->0K(280064K) From: 64K(512K)->64K(11776K)
[915.997s][info][gc,heap        ] GC(2576) ParOldGen: 426200K(426496K)->426208K(426496K)
[915.997s][info][gc,metaspace   ] GC(2576) Metaspace: 35690K(36416K)->35690K(36416K) NonClass: 26478K(27008K)->26478K(27008K) Class: 9211K(9408K)->9211K(9408K)
[915.997s][info][gc             ] GC(2576) Pause Young (Allocation Failure) 700M->416M(701M) 1.405ms
[915.997s][info][gc,cpu         ] GC(2576) User=0.00s Sys=0.00s Real=0.00s
[916.473s][info][gc,start       ] GC(2577) Pause Young (Allocation Failure)
[916.475s][info][gc,heap        ] GC(2577) PSYoungGen: 280128K(291840K)->64K(269824K) Eden: 280064K(280064K)->0K(269312K) From: 64K(11776K)->64K(512K)
[916.475s][info][gc,heap        ] GC(2577) ParOldGen: 426208K(426496K)->426216K(426496K)
[916.475s][info][gc,metaspace   ] GC(2577) Metaspace: 35690K(36416K)->35690K(36416K) NonClass: 26478K(27008K)->26478K(27008K) Class: 9211K(9408K)->9211K(9408K)
[916.475s][info][gc             ] GC(2577) Pause Young (Allocation Failure) 689M->416M(680M) 1.708ms
[916.475s][info][gc,cpu         ] GC(2577) User=0.00s Sys=0.00s Real=0.00s
[917.438s][info][gc,start       ] GC(2578) Pause Young (Allocation Failure)
[917.440s][info][gc,heap        ] GC(2578) PSYoungGen: 269376K(269824K)->64K(269312K) Eden: 269312K(269312K)->0K(259072K) From: 64K(512K)->64K(10240K)
[917.440s][info][gc,heap        ] GC(2578) ParOldGen: 426216K(426496K)->426224K(426496K)
[917.440s][info][gc,metaspace   ] GC(2578) Metaspace: 35690K(36416K)->35690K(36416K) NonClass: 26478K(27008K)->26478K(27008K) Class: 9211K(9408K)->9211K(9408K)
[917.440s][info][gc             ] GC(2578) Pause Young (Allocation Failure) 679M->416M(679M) 2.020ms
[917.440s][info][gc,cpu         ] GC(2578) User=0.01s Sys=0.00s Real=0.00s
[917.829s][info][gc,start       ] GC(2579) Pause Young (Allocation Failure)
[917.831s][info][gc,heap        ] GC(2579) PSYoungGen: 259136K(269312K)->64K(249856K) Eden: 259072K(259072K)->0K(249344K) From: 64K(10240K)->64K(512K)
[917.831s][info][gc,heap        ] GC(2579) ParOldGen: 426224K(426496K)->426232K(426496K)
[917.831s][info][gc,metaspace   ] GC(2579) Metaspace: 35690K(36416K)->35690K(36416K) NonClass: 26478K(27008K)->26478K(27008K) Class: 9211K(9408K)->9211K(9408K)
[917.831s][info][gc             ] GC(2579) Pause Young (Allocation Failure) 669M->416M(660M) 1.525ms
[917.831s][info][gc,cpu         ] GC(2579) User=0.00s Sys=0.00s Real=0.00s
[917.914s][info][gc,start       ] GC(2580) Pause Young (Allocation Failure)
[917.915s][info][gc,heap        ] GC(2580) PSYoungGen: 249408K(249856K)->64K(248832K) Eden: 249344K(249344K)->0K(239616K) From: 64K(512K)->64K(9216K)
[917.915s][info][gc,heap        ] GC(2580) ParOldGen: 426232K(426496K)->426240K(426496K)
[917.915s][info][gc,metaspace   ] GC(2580) Metaspace: 35690K(36416K)->35690K(36416K) NonClass: 26478K(27008K)->26478K(27008K) Class: 9211K(9408K)->9211K(9408K)
[917.915s][info][gc             ] GC(2580) Pause Young (Allocation Failure) 659M->416M(659M) 1.284ms
[917.915s][info][gc,cpu         ] GC(2580) User=0.00s Sys=0.00s Real=0.00s
[918.454s][info][gc,start       ] GC(2581) Pause Young (Allocation Failure)
[918.456s][info][gc,heap        ] GC(2581) PSYoungGen: 239680K(248832K)->64K(230912K) Eden: 239616K(239616K)->0K(230400K) From: 64K(9216K)->64K(512K)
[918.456s][info][gc,heap        ] GC(2581) ParOldGen: 426240K(426496K)->426248K(426496K)
[918.456s][info][gc,metaspace   ] GC(2581) Metaspace: 35690K(36416K)->35690K(36416K) NonClass: 26478K(27008K)->26478K(27008K) Class: 9211K(9408K)->9211K(9408K)
[918.456s][info][gc             ] GC(2581) Pause Young (Allocation Failure) 650M->416M(642M) 2.027ms
[918.456s][info][gc,cpu         ] GC(2581) User=0.00s Sys=0.00s Real=0.00s
[918.675s][info][gc,start       ] GC(2582) Pause Young (Allocation Failure)
[918.676s][info][gc,heap        ] GC(2582) PSYoungGen: 230464K(230912K)->64K(229376K) Eden: 230400K(230400K)->0K(221696K) From: 64K(512K)->64K(7680K)
[918.676s][info][gc,heap        ] GC(2582) ParOldGen: 426248K(426496K)->426256K(426496K)
[918.676s][info][gc,metaspace   ] GC(2582) Metaspace: 35690K(36416K)->35690K(36416K) NonClass: 26478K(27008K)->26478K(27008K) Class: 9211K(9408K)->9211K(9408K)
[918.676s][info][gc             ] GC(2582) Pause Young (Allocation Failure) 641M->416M(640M) 1.219ms
[918.676s][info][gc,cpu         ] GC(2582) User=0.00s Sys=0.00s Real=0.00s
[918.976s][info][gc,start       ] GC(2583) Pause Young (Allocation Failure)
[919.004s][info][gc,heap        ] GC(2583) PSYoungGen: 221760K(229376K)->7168K(272384K) Eden: 221696K(221696K)->0K(265216K) From: 64K(7680K)->7168K(7168K)
[919.004s][info][gc,heap        ] GC(2583) ParOldGen: 426256K(426496K)->433968K(434176K)
[919.004s][info][gc,metaspace   ] GC(2583) Metaspace: 35690K(36416K)->35690K(36416K) NonClass: 26478K(27008K)->26478K(27008K) Class: 9211K(9408K)->9211K(9408K)
[919.004s][info][gc             ] GC(2583) Pause Young (Allocation Failure) 632M->430M(690M) 28.035ms
[919.004s][info][gc,cpu         ] GC(2583) User=0.05s Sys=0.00s Real=0.03s
[919.312s][info][gc,start       ] GC(2584) Pause Young (Allocation Failure)
[919.369s][info][gc,heap        ] GC(2584) PSYoungGen: 272384K(272384K)->11776K(281088K) Eden: 265216K(265216K)->0K(269312K) From: 7168K(7168K)->11776K(11776K)
[919.369s][info][gc,heap        ] GC(2584) ParOldGen: 433968K(434176K)->452328K(452608K)
[919.369s][info][gc,metaspace   ] GC(2584) Metaspace: 35690K(36416K)->35690K(36416K) NonClass: 26478K(27008K)->26478K(27008K) Class: 9211K(9408K)->9211K(9408K)
[919.370s][info][gc             ] GC(2584) Pause Young (Allocation Failure) 689M->453M(716M) 57.871ms
[919.370s][info][gc,cpu         ] GC(2584) User=0.10s Sys=0.02s Real=0.06s
[919.583s][info][gc,start       ] GC(2585) Pause Young (Allocation Failure)
[919.623s][info][gc,heap        ] GC(2585) PSYoungGen: 281088K(281088K)->17856K(306176K) Eden: 269312K(269312K)->0K(284672K) From: 11776K(11776K)->17856K(21504K)
[919.623s][info][gc,heap        ] GC(2585) ParOldGen: 452328K(452608K)->452824K(453120K)
[919.623s][info][gc,metaspace   ] GC(2585) Metaspace: 35690K(36416K)->35690K(36416K) NonClass: 26478K(27008K)->26478K(27008K) Class: 9211K(9408K)->9211K(9408K)
[919.623s][info][gc             ] GC(2585) Pause Young (Allocation Failure) 716M->459M(741M) 40.578ms
[919.623s][info][gc,cpu         ] GC(2585) User=0.07s Sys=0.00s Real=0.04s
[919.939s][info][gc,start       ] GC(2586) Pause Young (Allocation Failure)
[919.941s][info][gc,heap        ] GC(2586) PSYoungGen: 302528K(306176K)->64K(309248K) Eden: 284672K(284672K)->0K(284672K) From: 17856K(21504K)->64K(24576K)
[919.941s][info][gc,heap        ] GC(2586) ParOldGen: 452824K(453120K)->452832K(453120K)
[919.941s][info][gc,metaspace   ] GC(2586) Metaspace: 35690K(36416K)->35690K(36416K) NonClass: 26478K(27008K)->26478K(27008K) Class: 9211K(9408K)->9211K(9408K)
[919.941s][info][gc             ] GC(2586) Pause Young (Allocation Failure) 737M->442M(744M) 1.514ms
[919.941s][info][gc,cpu         ] GC(2586) User=0.00s Sys=0.00s Real=0.00s
[920.532s][info][gc,start       ] GC(2587) Pause Young (Allocation Failure)
[920.533s][info][gc,heap        ] GC(2587) PSYoungGen: 284736K(309248K)->64K(307200K) Eden: 284672K(284672K)->0K(285696K) From: 64K(24576K)->64K(21504K)
[920.533s][info][gc,heap        ] GC(2587) ParOldGen: 452832K(453120K)->452840K(453120K)
[920.533s][info][gc,metaspace   ] GC(2587) Metaspace: 35690K(36416K)->35690K(36416K) NonClass: 26478K(27008K)->26478K(27008K) Class: 9211K(9408K)->9211K(9408K)
[920.533s][info][gc             ] GC(2587) Pause Young (Allocation Failure) 720M->442M(742M) 1.504ms
[920.533s][info][gc,cpu         ] GC(2587) User=0.00s Sys=0.00s Real=0.01s
[920.972s][info][gc,start       ] GC(2588) Pause Young (Allocation Failure)
[920.973s][info][gc,heap        ] GC(2588) PSYoungGen: 285760K(307200K)->64K(308736K) Eden: 285696K(285696K)->0K(285696K) From: 64K(21504K)->64K(23040K)
[920.973s][info][gc,heap        ] GC(2588) ParOldGen: 452840K(453120K)->452856K(453120K)
[920.973s][info][gc,metaspace   ] GC(2588) Metaspace: 35690K(36416K)->35690K(36416K) NonClass: 26478K(27008K)->26478K(27008K) Class: 9211K(9408K)->9211K(9408K)
[920.973s][info][gc             ] GC(2588) Pause Young (Allocation Failure) 721M->442M(744M) 1.461ms
[920.973s][info][gc,cpu         ] GC(2588) User=0.00s Sys=0.01s Real=0.01s
[921.177s][info][gc,start       ] GC(2589) Pause Young (Allocation Failure)
[921.178s][info][gc,heap        ] GC(2589) PSYoungGen: 285760K(308736K)->64K(308224K) Eden: 285696K(285696K)->0K(288768K) From: 64K(23040K)->64K(19456K)
[921.178s][info][gc,heap        ] GC(2589) ParOldGen: 452856K(453120K)->452872K(453120K)
[921.178s][info][gc,metaspace   ] GC(2589) Metaspace: 35690K(36416K)->35690K(36416K) NonClass: 26478K(27008K)->26478K(27008K) Class: 9211K(9408K)->9211K(9408K)
[921.178s][info][gc             ] GC(2589) Pause Young (Allocation Failure) 721M->442M(743M) 1.402ms
[921.178s][info][gc,cpu         ] GC(2589) User=0.00s Sys=0.00s Real=0.00s
[921.382s][info][gc,start       ] GC(2590) Pause Young (Allocation Failure)
[921.384s][info][gc,heap        ] GC(2590) PSYoungGen: 288832K(308224K)->64K(309760K) Eden: 288768K(288768K)->0K(288768K) From: 64K(19456K)->64K(20992K)
[921.384s][info][gc,heap        ] GC(2590) ParOldGen: 452872K(453120K)->452872K(453120K)
[921.384s][info][gc,metaspace   ] GC(2590) Metaspace: 35690K(36416K)->35690K(36416K) NonClass: 26478K(27008K)->26478K(27008K) Class: 9211K(9408K)->9211K(9408K)
[921.384s][info][gc             ] GC(2590) Pause Young (Allocation Failure) 724M->442M(745M) 1.430ms
[921.384s][info][gc,cpu         ] GC(2590) User=0.00s Sys=0.00s Real=0.00s
[921.688s][info][gc,start       ] GC(2591) Pause Young (Allocation Failure)
[921.689s][info][gc,heap        ] GC(2591) PSYoungGen: 288832K(309760K)->64K(310272K) Eden: 288768K(288768K)->0K(292864K) From: 64K(20992K)->64K(17408K)
[921.689s][info][gc,heap        ] GC(2591) ParOldGen: 452872K(453120K)->452872K(453120K)
[921.689s][info][gc,metaspace   ] GC(2591) Metaspace: 35690K(36416K)->35690K(36416K) NonClass: 26478K(27008K)->26478K(27008K) Class: 9211K(9408K)->9211K(9408K)
[921.689s][info][gc             ] GC(2591) Pause Young (Allocation Failure) 724M->442M(745M) 1.444ms
[921.689s][info][gc,cpu         ] GC(2591) User=0.00s Sys=0.00s Real=0.00s
[921.740s][info][gc,start       ] GC(2592) Pause Young (Allocation Failure)
[921.741s][info][gc,heap        ] GC(2592) PSYoungGen: 292928K(310272K)->64K(311808K) Eden: 292864K(292864K)->0K(292864K) From: 64K(17408K)->64K(18944K)
[921.741s][info][gc,heap        ] GC(2592) ParOldGen: 452872K(453120K)->452888K(453120K)
[921.741s][info][gc,metaspace   ] GC(2592) Metaspace: 35690K(36416K)->35690K(36416K) NonClass: 26478K(27008K)->26478K(27008K) Class: 9211K(9408K)->9211K(9408K)
[921.741s][info][gc             ] GC(2592) Pause Young (Allocation Failure) 728M->442M(747M) 1.292ms
[921.741s][info][gc,cpu         ] GC(2592) User=0.00s Sys=0.00s Real=0.00s
[921.808s][info][gc,start       ] GC(2593) Pause Young (Allocation Failure)
[921.810s][info][gc,heap        ] GC(2593) PSYoungGen: 292928K(311808K)->64K(312320K) Eden: 292864K(292864K)->0K(296960K) From: 64K(18944K)->64K(15360K)
[921.810s][info][gc,heap        ] GC(2593) ParOldGen: 452888K(453120K)->452888K(453120K)
[921.810s][info][gc,metaspace   ] GC(2593) Metaspace: 35690K(36416K)->35690K(36416K) NonClass: 26478K(27008K)->26478K(27008K) Class: 9211K(9408K)->9211K(9408K)
[921.810s][info][gc             ] GC(2593) Pause Young (Allocation Failure) 728M->442M(747M) 1.469ms
[921.810s][info][gc,cpu         ] GC(2593) User=0.00s Sys=0.00s Real=0.00s
[922.032s][info][gc,start       ] GC(2594) Pause Young (Allocation Failure)
[922.034s][info][gc,heap        ] GC(2594) PSYoungGen: 297024K(312320K)->64K(313856K) Eden: 296960K(296960K)->0K(296960K) From: 64K(15360K)->64K(16896K)
[922.034s][info][gc,heap        ] GC(2594) ParOldGen: 452888K(453120K)->452904K(453120K)
[922.034s][info][gc,metaspace   ] GC(2594) Metaspace: 35690K(36416K)->35690K(36416K) NonClass: 26478K(27008K)->26478K(27008K) Class: 9211K(9408K)->9211K(9408K)
[922.034s][info][gc             ] GC(2594) Pause Young (Allocation Failure) 732M->442M(749M) 1.460ms
[922.034s][info][gc,cpu         ] GC(2594) User=0.01s Sys=0.00s Real=0.00s
[922.234s][info][gc,start       ] GC(2595) Pause Young (Allocation Failure)
[922.235s][info][gc,heap        ] GC(2595) PSYoungGen: 297024K(313856K)->64K(314368K) Eden: 296960K(296960K)->0K(300544K) From: 64K(16896K)->64K(13824K)
[922.235s][info][gc,heap        ] GC(2595) ParOldGen: 452904K(453120K)->452904K(453120K)
[922.235s][info][gc,metaspace   ] GC(2595) Metaspace: 35690K(36416K)->35690K(36416K) NonClass: 26478K(27008K)->26478K(27008K) Class: 9211K(9408K)->9211K(9408K)
[922.235s][info][gc             ] GC(2595) Pause Young (Allocation Failure) 732M->442M(749M) 1.442ms
[922.235s][info][gc,cpu         ] GC(2595) User=0.01s Sys=0.00s Real=0.00s
[922.319s][info][gc,start       ] GC(2596) Pause Young (Allocation Failure)
[922.321s][info][gc,heap        ] GC(2596) PSYoungGen: 300608K(314368K)->64K(315904K) Eden: 300544K(300544K)->0K(300544K) From: 64K(13824K)->64K(15360K)
[922.321s][info][gc,heap        ] GC(2596) ParOldGen: 452904K(453120K)->452920K(453120K)
[922.321s][info][gc,metaspace   ] GC(2596) Metaspace: 35690K(36416K)->35690K(36416K) NonClass: 26478K(27008K)->26478K(27008K) Class: 9211K(9408K)->9211K(9408K)
[922.321s][info][gc             ] GC(2596) Pause Young (Allocation Failure) 735M->442M(751M) 1.558ms
[922.321s][info][gc,cpu         ] GC(2596) User=0.00s Sys=0.00s Real=0.00s
[922.466s][info][gc,start       ] GC(2597) Pause Young (Allocation Failure)
[922.467s][info][gc,heap        ] GC(2597) PSYoungGen: 300608K(315904K)->64K(315904K) Eden: 300544K(300544K)->0K(304128K) From: 64K(15360K)->64K(11776K)
[922.467s][info][gc,heap        ] GC(2597) ParOldGen: 452920K(453120K)->452920K(453120K)
[922.467s][info][gc,metaspace   ] GC(2597) Metaspace: 35690K(36416K)->35690K(36416K) NonClass: 26478K(27008K)->26478K(27008K) Class: 9211K(9408K)->9211K(9408K)
[922.467s][info][gc             ] GC(2597) Pause Young (Allocation Failure) 735M->442M(751M) 1.426ms
[922.467s][info][gc,cpu         ] GC(2597) User=0.00s Sys=0.00s Real=0.00s
[923.415s][info][gc,start       ] GC(2598) Pause Young (Allocation Failure)
[923.416s][info][gc,heap        ] GC(2598) PSYoungGen: 304188K(315904K)->64K(317440K) Eden: 304124K(304128K)->0K(304128K) From: 64K(11776K)->64K(13312K)
[923.416s][info][gc,heap        ] GC(2598) ParOldGen: 452920K(453120K)->452928K(453120K)
[923.416s][info][gc,metaspace   ] GC(2598) Metaspace: 35690K(36416K)->35690K(36416K) NonClass: 26478K(27008K)->26478K(27008K) Class: 9211K(9408K)->9211K(9408K)
[923.416s][info][gc             ] GC(2598) Pause Young (Allocation Failure) 739M->442M(752M) 1.458ms
[923.416s][info][gc,cpu         ] GC(2598) User=0.00s Sys=0.00s Real=0.00s
[924.232s][info][gc,start       ] GC(2599) Pause Young (Allocation Failure)
[924.234s][info][gc,heap        ] GC(2599) PSYoungGen: 304192K(317440K)->64K(292352K) Eden: 304128K(304128K)->0K(291840K) From: 64K(13312K)->64K(512K)
[924.234s][info][gc,heap        ] GC(2599) ParOldGen: 452928K(453120K)->452936K(453120K)
[924.234s][info][gc,metaspace   ] GC(2599) Metaspace: 35690K(36416K)->35690K(36416K) NonClass: 26478K(27008K)->26478K(27008K) Class: 9211K(9408K)->9211K(9408K)
[924.234s][info][gc             ] GC(2599) Pause Young (Allocation Failure) 739M->442M(728M) 2.037ms
[924.234s][info][gc,cpu         ] GC(2599) User=0.01s Sys=0.00s Real=0.00s
[924.542s][info][gc,start       ] GC(2600) Pause Young (Allocation Failure)
[924.543s][info][gc,heap        ] GC(2600) PSYoungGen: 291904K(292352K)->64K(291840K) Eden: 291840K(291840K)->0K(280064K) From: 64K(512K)->64K(11776K)
[924.543s][info][gc,heap        ] GC(2600) ParOldGen: 452936K(453120K)->452944K(453120K)
[924.543s][info][gc,metaspace   ] GC(2600) Metaspace: 35690K(36416K)->35690K(36416K) NonClass: 26478K(27008K)->26478K(27008K) Class: 9211K(9408K)->9211K(9408K)
[924.543s][info][gc             ] GC(2600) Pause Young (Allocation Failure) 727M->442M(727M) 1.333ms
[924.543s][info][gc,cpu         ] GC(2600) User=0.00s Sys=0.00s Real=0.01s
[925.186s][info][gc,start       ] GC(2601) Pause Young (Allocation Failure)
[925.188s][info][gc,heap        ] GC(2601) PSYoungGen: 280128K(291840K)->64K(269824K) Eden: 280064K(280064K)->0K(269312K) From: 64K(11776K)->64K(512K)
[925.188s][info][gc,heap        ] GC(2601) ParOldGen: 452944K(453120K)->452952K(453120K)
[925.188s][info][gc,metaspace   ] GC(2601) Metaspace: 35690K(36416K)->35690K(36416K) NonClass: 26478K(27008K)->26478K(27008K) Class: 9211K(9408K)->9211K(9408K)
[925.188s][info][gc             ] GC(2601) Pause Young (Allocation Failure) 715M->442M(706M) 2.029ms
[925.188s][info][gc,cpu         ] GC(2601) User=0.01s Sys=0.01s Real=0.00s
[925.904s][info][gc,start       ] GC(2602) Pause Young (Allocation Failure)
[925.905s][info][gc,heap        ] GC(2602) PSYoungGen: 269376K(269824K)->64K(269312K) Eden: 269312K(269312K)->0K(259072K) From: 64K(512K)->64K(10240K)
[925.905s][info][gc,heap        ] GC(2602) ParOldGen: 452952K(453120K)->452960K(453120K)
[925.905s][info][gc,metaspace   ] GC(2602) Metaspace: 35690K(36416K)->35690K(36416K) NonClass: 26478K(27008K)->26478K(27008K) Class: 9211K(9408K)->9211K(9408K)
[925.905s][info][gc             ] GC(2602) Pause Young (Allocation Failure) 705M->442M(705M) 1.299ms
[925.905s][info][gc,cpu         ] GC(2602) User=0.00s Sys=0.00s Real=0.00s
[926.264s][info][gc,start       ] GC(2603) Pause Young (Allocation Failure)
[926.267s][info][gc,heap        ] GC(2603) PSYoungGen: 259136K(269312K)->64K(249856K) Eden: 259072K(259072K)->0K(249344K) From: 64K(10240K)->64K(512K)
[926.267s][info][gc,heap        ] GC(2603) ParOldGen: 452960K(453120K)->452968K(453120K)
[926.267s][info][gc,metaspace   ] GC(2603) Metaspace: 35690K(36416K)->35690K(36416K) NonClass: 26478K(27008K)->26478K(27008K) Class: 9211K(9408K)->9211K(9408K)
[926.267s][info][gc             ] GC(2603) Pause Young (Allocation Failure) 695M->442M(686M) 2.563ms
[926.267s][info][gc,cpu         ] GC(2603) User=0.00s Sys=0.00s Real=0.00s
[926.365s][info][gc,start       ] GC(2604) Pause Young (Allocation Failure)
[926.367s][info][gc,heap        ] GC(2604) PSYoungGen: 249408K(249856K)->64K(248832K) Eden: 249344K(249344K)->0K(239616K) From: 64K(512K)->64K(9216K)
[926.367s][info][gc,heap        ] GC(2604) ParOldGen: 452968K(453120K)->452976K(453120K)
[926.367s][info][gc,metaspace   ] GC(2604) Metaspace: 35690K(36416K)->35690K(36416K) NonClass: 26478K(27008K)->26478K(27008K) Class: 9211K(9408K)->9211K(9408K)
[926.367s][info][gc             ] GC(2604) Pause Young (Allocation Failure) 685M->442M(685M) 2.182ms
[926.367s][info][gc,cpu         ] GC(2604) User=0.00s Sys=0.00s Real=0.00s
[926.938s][info][gc,start       ] GC(2605) Pause Young (Allocation Failure)
[926.941s][info][gc,heap        ] GC(2605) PSYoungGen: 239680K(248832K)->64K(230912K) Eden: 239616K(239616K)->0K(230400K) From: 64K(9216K)->64K(512K)
[926.941s][info][gc,heap        ] GC(2605) ParOldGen: 452976K(453120K)->452984K(453120K)
[926.941s][info][gc,metaspace   ] GC(2605) Metaspace: 35690K(36416K)->35690K(36416K) NonClass: 26478K(27008K)->26478K(27008K) Class: 9211K(9408K)->9211K(9408K)
[926.941s][info][gc             ] GC(2605) Pause Young (Allocation Failure) 676M->442M(668M) 2.584ms
[926.941s][info][gc,cpu         ] GC(2605) User=0.00s Sys=0.00s Real=0.00s
[927.154s][info][gc,start       ] GC(2606) Pause Young (Allocation Failure)
[927.155s][info][gc,heap        ] GC(2606) PSYoungGen: 230464K(230912K)->64K(229376K) Eden: 230400K(230400K)->0K(221696K) From: 64K(512K)->64K(7680K)
[927.155s][info][gc,heap        ] GC(2606) ParOldGen: 452984K(453120K)->452992K(453120K)
[927.155s][info][gc,metaspace   ] GC(2606) Metaspace: 35690K(36416K)->35690K(36416K) NonClass: 26478K(27008K)->26478K(27008K) Class: 9211K(9408K)->9211K(9408K)
[927.155s][info][gc             ] GC(2606) Pause Young (Allocation Failure) 667M->442M(666M) 1.669ms
[927.155s][info][gc,cpu         ] GC(2606) User=0.01s Sys=0.00s Real=0.00s
[927.445s][info][gc,start       ] GC(2607) Pause Young (Allocation Failure)
[927.500s][info][gc,heap        ] GC(2607) PSYoungGen: 221760K(229376K)->7168K(272896K) Eden: 221696K(221696K)->0K(265728K) From: 64K(7680K)->7168K(7168K)
[927.500s][info][gc,heap        ] GC(2607) ParOldGen: 452992K(453120K)->464992K(465408K)
[927.500s][info][gc,metaspace   ] GC(2607) Metaspace: 35690K(36416K)->35690K(36416K) NonClass: 26478K(27008K)->26478K(27008K) Class: 9211K(9408K)->9211K(9408K)
[927.500s][info][gc             ] GC(2607) Pause Young (Allocation Failure) 658M->461M(721M) 54.701ms
[927.500s][info][gc,cpu         ] GC(2607) User=0.07s Sys=0.00s Real=0.05s
[927.808s][info][gc,start       ] GC(2608) Pause Young (Allocation Failure)
[927.866s][info][gc,heap        ] GC(2608) PSYoungGen: 272896K(272896K)->13312K(280576K) Eden: 265728K(265728K)->0K(267264K) From: 7168K(7168K)->13312K(13312K)
[927.866s][info][gc,heap        ] GC(2608) ParOldGen: 464992K(465408K)->481984K(482304K)
[927.866s][info][gc,metaspace   ] GC(2608) Metaspace: 35690K(36416K)->35690K(36416K) NonClass: 26478K(27008K)->26478K(27008K) Class: 9211K(9408K)->9211K(9408K)
[927.866s][info][gc             ] GC(2608) Pause Young (Allocation Failure) 720M->483M(745M) 58.514ms
[927.866s][info][gc,cpu         ] GC(2608) User=0.10s Sys=0.02s Real=0.06s
[928.046s][info][gc,start       ] GC(2609) Pause Young (Allocation Failure)
[928.078s][info][gc,heap        ] GC(2609) PSYoungGen: 280576K(280576K)->13536K(308224K) Eden: 267264K(267264K)->0K(285696K) From: 13312K(13312K)->13536K(22528K)
[928.078s][info][gc,heap        ] GC(2609) ParOldGen: 481984K(482304K)->482448K(482816K)
[928.078s][info][gc,metaspace   ] GC(2609) Metaspace: 35690K(36416K)->35690K(36416K) NonClass: 26478K(27008K)->26478K(27008K) Class: 9211K(9408K)->9211K(9408K)
[928.078s][info][gc             ] GC(2609) Pause Young (Allocation Failure) 744M->484M(772M) 32.237ms
[928.078s][info][gc,cpu         ] GC(2609) User=0.06s Sys=0.01s Real=0.03s
[928.477s][info][gc,start       ] GC(2610) Pause Young (Allocation Failure)
[928.479s][info][gc,heap        ] GC(2610) PSYoungGen: 299232K(308224K)->64K(309760K) Eden: 285696K(285696K)->0K(285696K) From: 13536K(22528K)->64K(24064K)
[928.479s][info][gc,heap        ] GC(2610) ParOldGen: 482448K(482816K)->482456K(482816K)
[928.479s][info][gc,metaspace   ] GC(2610) Metaspace: 35690K(36416K)->35690K(36416K) NonClass: 26478K(27008K)->26478K(27008K) Class: 9211K(9408K)->9211K(9408K)
[928.479s][info][gc             ] GC(2610) Pause Young (Allocation Failure) 763M->471M(774M) 1.631ms
[928.479s][info][gc,cpu         ] GC(2610) User=0.00s Sys=0.00s Real=0.00s
[929.032s][info][gc,start       ] GC(2611) Pause Young (Allocation Failure)
[929.033s][info][gc,heap        ] GC(2611) PSYoungGen: 285760K(309760K)->64K(308224K) Eden: 285696K(285696K)->0K(286720K) From: 64K(24064K)->64K(21504K)
[929.033s][info][gc,heap        ] GC(2611) ParOldGen: 482456K(482816K)->482464K(482816K)
[929.033s][info][gc,metaspace   ] GC(2611) Metaspace: 35690K(36416K)->35690K(36416K) NonClass: 26478K(27008K)->26478K(27008K) Class: 9211K(9408K)->9211K(9408K)
[929.033s][info][gc             ] GC(2611) Pause Young (Allocation Failure) 750M->471M(772M) 1.586ms
[929.033s][info][gc,cpu         ] GC(2611) User=0.01s Sys=0.00s Real=0.01s
[929.468s][info][gc,start       ] GC(2612) Pause Young (Allocation Failure)
[929.469s][info][gc,heap        ] GC(2612) PSYoungGen: 286784K(308224K)->64K(309248K) Eden: 286720K(286720K)->0K(286720K) From: 64K(21504K)->64K(22528K)
[929.470s][info][gc,heap        ] GC(2612) ParOldGen: 482464K(482816K)->482480K(482816K)
[929.470s][info][gc,metaspace   ] GC(2612) Metaspace: 35690K(36416K)->35690K(36416K) NonClass: 26478K(27008K)->26478K(27008K) Class: 9211K(9408K)->9211K(9408K)
[929.470s][info][gc             ] GC(2612) Pause Young (Allocation Failure) 751M->471M(773M) 1.689ms
[929.470s][info][gc,cpu         ] GC(2612) User=0.00s Sys=0.00s Real=0.00s
[929.675s][info][gc,start       ] GC(2613) Pause Young (Allocation Failure)
[929.676s][info][gc,heap        ] GC(2613) PSYoungGen: 286784K(309248K)->64K(309248K) Eden: 286720K(286720K)->0K(289792K) From: 64K(22528K)->64K(19456K)
[929.676s][info][gc,heap        ] GC(2613) ParOldGen: 482480K(482816K)->482496K(482816K)
[929.676s][info][gc,metaspace   ] GC(2613) Metaspace: 35690K(36416K)->35690K(36416K) NonClass: 26478K(27008K)->26478K(27008K) Class: 9211K(9408K)->9211K(9408K)
[929.676s][info][gc             ] GC(2613) Pause Young (Allocation Failure) 751M->471M(773M) 1.432ms
[929.676s][info][gc,cpu         ] GC(2613) User=0.00s Sys=0.00s Real=0.00s
[929.884s][info][gc,start       ] GC(2614) Pause Young (Allocation Failure)
[929.885s][info][gc,heap        ] GC(2614) PSYoungGen: 289856K(309248K)->64K(310272K) Eden: 289792K(289792K)->0K(289792K) From: 64K(19456K)->64K(20480K)
[929.885s][info][gc,heap        ] GC(2614) ParOldGen: 482496K(482816K)->482496K(482816K)
[929.885s][info][gc,metaspace   ] GC(2614) Metaspace: 35690K(36416K)->35690K(36416K) NonClass: 26478K(27008K)->26478K(27008K) Class: 9211K(9408K)->9211K(9408K)
[929.885s][info][gc             ] GC(2614) Pause Young (Allocation Failure) 754M->471M(774M) 1.359ms
[929.885s][info][gc,cpu         ] GC(2614) User=0.00s Sys=0.00s Real=0.00s
[930.164s][info][gc,start       ] GC(2615) Pause Young (Allocation Failure)
[930.165s][info][gc,heap        ] GC(2615) PSYoungGen: 289856K(310272K)->64K(312320K) Eden: 289792K(289792K)->0K(293888K) From: 64K(20480K)->64K(18432K)
[930.165s][info][gc,heap        ] GC(2615) ParOldGen: 482496K(482816K)->482496K(482816K)
[930.165s][info][gc,metaspace   ] GC(2615) Metaspace: 35690K(36416K)->35690K(36416K) NonClass: 26478K(27008K)->26478K(27008K) Class: 9211K(9408K)->9211K(9408K)
[930.165s][info][gc             ] GC(2615) Pause Young (Allocation Failure) 754M->471M(776M) 1.369ms
[930.165s][info][gc,cpu         ] GC(2615) User=0.00s Sys=0.00s Real=0.00s
[930.216s][info][gc,start       ] GC(2616) Pause Young (Allocation Failure)
[930.218s][info][gc,heap        ] GC(2616) PSYoungGen: 293952K(312320K)->64K(312832K) Eden: 293888K(293888K)->0K(293888K) From: 64K(18432K)->64K(18944K)
[930.218s][info][gc,heap        ] GC(2616) ParOldGen: 482496K(482816K)->482512K(482816K)
[930.218s][info][gc,metaspace   ] GC(2616) Metaspace: 35690K(36416K)->35690K(36416K) NonClass: 26478K(27008K)->26478K(27008K) Class: 9211K(9408K)->9211K(9408K)
[930.218s][info][gc             ] GC(2616) Pause Young (Allocation Failure) 758M->471M(777M) 1.263ms
[930.218s][info][gc,cpu         ] GC(2616) User=0.00s Sys=0.00s Real=0.00s
[930.309s][info][gc,start       ] GC(2617) Pause Young (Allocation Failure)
[930.310s][info][gc,heap        ] GC(2617) PSYoungGen: 293952K(312832K)->64K(313344K) Eden: 293888K(293888K)->0K(296960K) From: 64K(18944K)->64K(16384K)
[930.310s][info][gc,heap        ] GC(2617) ParOldGen: 482512K(482816K)->482512K(482816K)
[930.310s][info][gc,metaspace   ] GC(2617) Metaspace: 35690K(36416K)->35690K(36416K) NonClass: 26478K(27008K)->26478K(27008K) Class: 9211K(9408K)->9211K(9408K)
[930.310s][info][gc             ] GC(2617) Pause Young (Allocation Failure) 758M->471M(777M) 1.271ms
[930.310s][info][gc,cpu         ] GC(2617) User=0.00s Sys=0.00s Real=0.00s
[930.532s][info][gc,start       ] GC(2618) Pause Young (Allocation Failure)
[930.534s][info][gc,heap        ] GC(2618) PSYoungGen: 297024K(313344K)->64K(313856K) Eden: 296960K(296960K)->0K(296960K) From: 64K(16384K)->64K(16896K)
[930.534s][info][gc,heap        ] GC(2618) ParOldGen: 482512K(482816K)->482528K(482816K)
[930.534s][info][gc,metaspace   ] GC(2618) Metaspace: 35690K(36416K)->35690K(36416K) NonClass: 26478K(27008K)->26478K(27008K) Class: 9211K(9408K)->9211K(9408K)
[930.534s][info][gc             ] GC(2618) Pause Young (Allocation Failure) 761M->471M(778M) 1.370ms
[930.534s][info][gc,cpu         ] GC(2618) User=0.00s Sys=0.00s Real=0.00s
[930.710s][info][gc,start       ] GC(2619) Pause Young (Allocation Failure)
[930.711s][info][gc,heap        ] GC(2619) PSYoungGen: 297024K(313856K)->64K(315392K) Eden: 296960K(296960K)->0K(301056K) From: 64K(16896K)->64K(14336K)
[930.711s][info][gc,heap        ] GC(2619) ParOldGen: 482528K(482816K)->482528K(482816K)
[930.711s][info][gc,metaspace   ] GC(2619) Metaspace: 35690K(36416K)->35690K(36416K) NonClass: 26478K(27008K)->26478K(27008K) Class: 9211K(9408K)->9211K(9408K)
[930.711s][info][gc             ] GC(2619) Pause Young (Allocation Failure) 761M->471M(779M) 1.425ms
[930.711s][info][gc,cpu         ] GC(2619) User=0.00s Sys=0.00s Real=0.00s
[930.795s][info][gc,start       ] GC(2620) Pause Young (Allocation Failure)
[930.797s][info][gc,heap        ] GC(2620) PSYoungGen: 301120K(315392K)->64K(315904K) Eden: 301056K(301056K)->0K(301056K) From: 64K(14336K)->64K(14848K)
[930.797s][info][gc,heap        ] GC(2620) ParOldGen: 482528K(482816K)->482544K(482816K)
[930.797s][info][gc,metaspace   ] GC(2620) Metaspace: 35690K(36416K)->35690K(36416K) NonClass: 26478K(27008K)->26478K(27008K) Class: 9211K(9408K)->9211K(9408K)
[930.797s][info][gc             ] GC(2620) Pause Young (Allocation Failure) 765M->471M(780M) 1.428ms
[930.797s][info][gc,cpu         ] GC(2620) User=0.01s Sys=0.00s Real=0.00s
[930.959s][info][gc,start       ] GC(2621) Pause Young (Allocation Failure)
[930.961s][info][gc,heap        ] GC(2621) PSYoungGen: 301120K(315904K)->64K(318464K) Eden: 301056K(301056K)->0K(305152K) From: 64K(14848K)->64K(13312K)
[930.961s][info][gc,heap        ] GC(2621) ParOldGen: 482544K(482816K)->482544K(482816K)
[930.961s][info][gc,metaspace   ] GC(2621) Metaspace: 35690K(36416K)->35690K(36416K) NonClass: 26478K(27008K)->26478K(27008K) Class: 9211K(9408K)->9211K(9408K)
[930.961s][info][gc             ] GC(2621) Pause Young (Allocation Failure) 765M->471M(782M) 1.662ms
[930.961s][info][gc,cpu         ] GC(2621) User=0.00s Sys=0.00s Real=0.00s
[931.898s][info][gc,start       ] GC(2622) Pause Young (Allocation Failure)
[931.899s][info][gc,heap        ] GC(2622) PSYoungGen: 305216K(318464K)->64K(318464K) Eden: 305152K(305152K)->0K(305152K) From: 64K(13312K)->64K(13312K)
[931.899s][info][gc,heap        ] GC(2622) ParOldGen: 482544K(482816K)->482552K(482816K)
[931.899s][info][gc,metaspace   ] GC(2622) Metaspace: 35690K(36416K)->35690K(36416K) NonClass: 26478K(27008K)->26478K(27008K) Class: 9211K(9408K)->9211K(9408K)
[931.899s][info][gc             ] GC(2622) Pause Young (Allocation Failure) 769M->471M(782M) 1.628ms
[931.899s][info][gc,cpu         ] GC(2622) User=0.00s Sys=0.00s Real=0.00s
[932.734s][info][gc,start       ] GC(2623) Pause Young (Allocation Failure)
[932.736s][info][gc,heap        ] GC(2623) PSYoungGen: 305216K(318464K)->64K(293376K) Eden: 305152K(305152K)->0K(292864K) From: 64K(13312K)->64K(512K)
[932.736s][info][gc,heap        ] GC(2623) ParOldGen: 482552K(482816K)->482560K(482816K)
[932.736s][info][gc,metaspace   ] GC(2623) Metaspace: 35690K(36416K)->35690K(36416K) NonClass: 26478K(27008K)->26478K(27008K) Class: 9211K(9408K)->9211K(9408K)
[932.736s][info][gc             ] GC(2623) Pause Young (Allocation Failure) 769M->471M(758M) 1.842ms
[932.736s][info][gc,cpu         ] GC(2623) User=0.00s Sys=0.00s Real=0.00s
[933.119s][info][gc,start       ] GC(2624) Pause Young (Allocation Failure)
[933.121s][info][gc,heap        ] GC(2624) PSYoungGen: 292928K(293376K)->64K(292864K) Eden: 292864K(292864K)->0K(281088K) From: 64K(512K)->64K(11776K)
[933.121s][info][gc,heap        ] GC(2624) ParOldGen: 482560K(482816K)->482568K(482816K)
[933.121s][info][gc,metaspace   ] GC(2624) Metaspace: 35690K(36416K)->35690K(36416K) NonClass: 26478K(27008K)->26478K(27008K) Class: 9211K(9408K)->9211K(9408K)
[933.121s][info][gc             ] GC(2624) Pause Young (Allocation Failure) 757M->471M(757M) 1.435ms
[933.121s][info][gc,cpu         ] GC(2624) User=0.00s Sys=0.00s Real=0.00s
[934.180s][info][gc,start       ] GC(2625) Pause Young (Allocation Failure)
[934.182s][info][gc,heap        ] GC(2625) PSYoungGen: 281152K(292864K)->64K(270336K) Eden: 281088K(281088K)->0K(269824K) From: 64K(11776K)->64K(512K)
[934.182s][info][gc,heap        ] GC(2625) ParOldGen: 482568K(482816K)->482576K(482816K)
[934.182s][info][gc,metaspace   ] GC(2625) Metaspace: 35690K(36416K)->35690K(36416K) NonClass: 26478K(27008K)->26478K(27008K) Class: 9211K(9408K)->9211K(9408K)
[934.182s][info][gc             ] GC(2625) Pause Young (Allocation Failure) 745M->471M(735M) 2.090ms
[934.182s][info][gc,cpu         ] GC(2625) User=0.00s Sys=0.00s Real=0.01s
[934.588s][info][gc,start       ] GC(2626) Pause Young (Allocation Failure)
[934.589s][info][gc,heap        ] GC(2626) PSYoungGen: 269888K(270336K)->64K(269824K) Eden: 269824K(269824K)->0K(259584K) From: 64K(512K)->64K(10240K)
[934.589s][info][gc,heap        ] GC(2626) ParOldGen: 482576K(482816K)->482584K(482816K)
[934.589s][info][gc,metaspace   ] GC(2626) Metaspace: 35690K(36416K)->35690K(36416K) NonClass: 26478K(27008K)->26478K(27008K) Class: 9211K(9408K)->9211K(9408K)
[934.589s][info][gc             ] GC(2626) Pause Young (Allocation Failure) 734M->471M(735M) 1.492ms
[934.589s][info][gc,cpu         ] GC(2626) User=0.01s Sys=0.00s Real=0.00s
[934.777s][info][gc,start       ] GC(2627) Pause Young (Allocation Failure)
[934.779s][info][gc,heap        ] GC(2627) PSYoungGen: 259648K(269824K)->64K(250368K) Eden: 259584K(259584K)->0K(249856K) From: 64K(10240K)->64K(512K)
[934.779s][info][gc,heap        ] GC(2627) ParOldGen: 482584K(482816K)->482592K(482816K)
[934.779s][info][gc,metaspace   ] GC(2627) Metaspace: 35690K(36416K)->35690K(36416K) NonClass: 26478K(27008K)->26478K(27008K) Class: 9211K(9408K)->9211K(9408K)
[934.779s][info][gc             ] GC(2627) Pause Young (Allocation Failure) 724M->471M(716M) 1.632ms
[934.779s][info][gc,cpu         ] GC(2627) User=0.01s Sys=0.00s Real=0.00s
[934.989s][info][gc,start       ] GC(2628) Pause Young (Allocation Failure)
[934.991s][info][gc,heap        ] GC(2628) PSYoungGen: 249920K(250368K)->64K(248832K) Eden: 249856K(249856K)->0K(240128K) From: 64K(512K)->64K(8704K)
[934.991s][info][gc,heap        ] GC(2628) ParOldGen: 482592K(482816K)->482600K(482816K)
[934.991s][info][gc,metaspace   ] GC(2628) Metaspace: 35690K(36416K)->35690K(36416K) NonClass: 26478K(27008K)->26478K(27008K) Class: 9211K(9408K)->9211K(9408K)
[934.991s][info][gc             ] GC(2628) Pause Young (Allocation Failure) 715M->471M(714M) 1.355ms
[934.991s][info][gc,cpu         ] GC(2628) User=0.00s Sys=0.00s Real=0.00s
[935.454s][info][gc,start       ] GC(2629) Pause Young (Allocation Failure)
[935.456s][info][gc,heap        ] GC(2629) PSYoungGen: 240192K(248832K)->64K(231424K) Eden: 240128K(240128K)->0K(230912K) From: 64K(8704K)->64K(512K)
[935.456s][info][gc,heap        ] GC(2629) ParOldGen: 482600K(482816K)->482608K(482816K)
[935.456s][info][gc,metaspace   ] GC(2629) Metaspace: 35690K(36416K)->35690K(36416K) NonClass: 26478K(27008K)->26478K(27008K) Class: 9211K(9408K)->9211K(9408K)
[935.456s][info][gc             ] GC(2629) Pause Young (Allocation Failure) 705M->471M(697M) 1.893ms
[935.456s][info][gc,cpu         ] GC(2629) User=0.00s Sys=0.00s Real=0.00s
[935.747s][info][gc,start       ] GC(2630) Pause Young (Allocation Failure)
[935.748s][info][gc,heap        ] GC(2630) PSYoungGen: 230976K(231424K)->64K(229888K) Eden: 230912K(230912K)->0K(222208K) From: 64K(512K)->64K(7680K)
[935.748s][info][gc,heap        ] GC(2630) ParOldGen: 482608K(482816K)->482616K(482816K)
[935.748s][info][gc,metaspace   ] GC(2630) Metaspace: 35690K(36416K)->35690K(36416K) NonClass: 26478K(27008K)->26478K(27008K) Class: 9211K(9408K)->9211K(9408K)
[935.748s][info][gc             ] GC(2630) Pause Young (Allocation Failure) 696M->471M(696M) 1.416ms
[935.748s][info][gc,cpu         ] GC(2630) User=0.00s Sys=0.00s Real=0.00s
[936.005s][info][gc,start       ] GC(2631) Pause Young (Allocation Failure)
[936.053s][info][gc,heap        ] GC(2631) PSYoungGen: 222272K(229888K)->7168K(273408K) Eden: 222208K(222208K)->0K(266240K) From: 64K(7680K)->7168K(7168K)
[936.053s][info][gc,heap        ] GC(2631) ParOldGen: 482616K(482816K)->500528K(500736K)
[936.053s][info][gc,metaspace   ] GC(2631) Metaspace: 35690K(36416K)->35690K(36416K) NonClass: 26478K(27008K)->26478K(27008K) Class: 9211K(9408K)->9211K(9408K)
[936.053s][info][gc             ] GC(2631) Pause Young (Allocation Failure) 688M->495M(756M) 48.079ms
[936.053s][info][gc,cpu         ] GC(2631) User=0.08s Sys=0.02s Real=0.05s
[936.362s][info][gc,start       ] GC(2632) Pause Young (Allocation Failure)
[936.420s][info][gc,heap        ] GC(2632) PSYoungGen: 273408K(273408K)->15360K(281600K) Eden: 266240K(266240K)->0K(266240K) From: 7168K(7168K)->15360K(15360K)
[936.420s][info][gc,heap        ] GC(2632) ParOldGen: 500528K(500736K)->515688K(516096K)
[936.420s][info][gc,metaspace   ] GC(2632) Metaspace: 35690K(36416K)->35690K(36416K) NonClass: 26478K(27008K)->26478K(27008K) Class: 9211K(9408K)->9211K(9408K)
[936.420s][info][gc             ] GC(2632) Pause Young (Allocation Failure) 755M->518M(779M) 58.228ms
[936.420s][info][gc,cpu         ] GC(2632) User=0.10s Sys=0.01s Real=0.06s
[936.555s][info][gc,start       ] GC(2633) Pause Young (Allocation Failure)
[936.575s][info][gc,heap        ] GC(2633) PSYoungGen: 281600K(281600K)->7520K(310784K) Eden: 266240K(266240K)->0K(286208K) From: 15360K(15360K)->7520K(24576K)
[936.575s][info][gc,heap        ] GC(2633) ParOldGen: 515688K(516096K)->516088K(516096K)
[936.575s][info][gc,metaspace   ] GC(2633) Metaspace: 35690K(36416K)->35690K(36416K) NonClass: 26478K(27008K)->26478K(27008K) Class: 9211K(9408K)->9211K(9408K)
[936.575s][info][gc             ] GC(2633) Pause Young (Allocation Failure) 778M->511M(807M) 20.201ms
[936.575s][info][gc,cpu         ] GC(2633) User=0.03s Sys=0.01s Real=0.02s
[937.085s][info][gc,start       ] GC(2634) Pause Young (Allocation Failure)
[937.087s][info][gc,heap        ] GC(2634) PSYoungGen: 293728K(310784K)->64K(286720K) Eden: 286208K(286208K)->0K(286208K) From: 7520K(24576K)->64K(512K)
[937.087s][info][gc,heap        ] GC(2634) ParOldGen: 516088K(516096K)->516096K(516608K)
[937.087s][info][gc,metaspace   ] GC(2634) Metaspace: 35690K(36416K)->35690K(36416K) NonClass: 26478K(27008K)->26478K(27008K) Class: 9211K(9408K)->9211K(9408K)
[937.087s][info][gc             ] GC(2634) Pause Young (Allocation Failure) 790M->504M(784M) 1.655ms
[937.087s][info][gc,cpu         ] GC(2634) User=0.00s Sys=0.00s Real=0.00s
[937.570s][info][gc,start       ] GC(2635) Pause Young (Allocation Failure)
[937.572s][info][gc,heap        ] GC(2635) PSYoungGen: 286272K(286720K)->64K(309248K) Eden: 286208K(286208K)->0K(286720K) From: 64K(512K)->64K(22528K)
[937.572s][info][gc,heap        ] GC(2635) ParOldGen: 516096K(516608K)->516104K(516608K)
[937.572s][info][gc,metaspace   ] GC(2635) Metaspace: 35690K(36416K)->35690K(36416K) NonClass: 26478K(27008K)->26478K(27008K) Class: 9211K(9408K)->9211K(9408K)
[937.572s][info][gc             ] GC(2635) Pause Young (Allocation Failure) 783M->504M(806M) 1.761ms
[937.572s][info][gc,cpu         ] GC(2635) User=0.00s Sys=0.00s Real=0.00s
[938.020s][info][gc,start       ] GC(2636) Pause Young (Allocation Failure)
[938.022s][info][gc,heap        ] GC(2636) PSYoungGen: 286784K(309248K)->64K(308736K) Eden: 286720K(286720K)->0K(286720K) From: 64K(22528K)->64K(22016K)
[938.022s][info][gc,heap        ] GC(2636) ParOldGen: 516104K(516608K)->516120K(516608K)
[938.022s][info][gc,metaspace   ] GC(2636) Metaspace: 35690K(36416K)->35690K(36416K) NonClass: 26478K(27008K)->26478K(27008K) Class: 9211K(9408K)->9211K(9408K)
[938.022s][info][gc             ] GC(2636) Pause Young (Allocation Failure) 784M->504M(806M) 1.668ms
[938.022s][info][gc,cpu         ] GC(2636) User=0.00s Sys=0.00s Real=0.00s
[938.228s][info][gc,start       ] GC(2637) Pause Young (Allocation Failure)
[938.229s][info][gc,heap        ] GC(2637) PSYoungGen: 286784K(308736K)->64K(310784K) Eden: 286720K(286720K)->0K(290304K) From: 64K(22016K)->64K(20480K)
[938.229s][info][gc,heap        ] GC(2637) ParOldGen: 516120K(516608K)->516136K(516608K)
[938.229s][info][gc,metaspace   ] GC(2637) Metaspace: 35690K(36416K)->35690K(36416K) NonClass: 26478K(27008K)->26478K(27008K) Class: 9211K(9408K)->9211K(9408K)
[938.229s][info][gc             ] GC(2637) Pause Young (Allocation Failure) 784M->504M(808M) 1.519ms
[938.229s][info][gc,cpu         ] GC(2637) User=0.00s Sys=0.00s Real=0.00s
[938.547s][info][gc,start       ] GC(2638) Pause Young (Allocation Failure)
[938.549s][info][gc,heap        ] GC(2638) PSYoungGen: 290368K(310784K)->64K(310272K) Eden: 290304K(290304K)->0K(290304K) From: 64K(20480K)->64K(19968K)
[938.549s][info][gc,heap        ] GC(2638) ParOldGen: 516136K(516608K)->516136K(516608K)
[938.549s][info][gc,metaspace   ] GC(2638) Metaspace: 35690K(36416K)->35690K(36416K) NonClass: 26478K(27008K)->26478K(27008K) Class: 9211K(9408K)->9211K(9408K)
[938.549s][info][gc             ] GC(2638) Pause Young (Allocation Failure) 787M->504M(807M) 1.590ms
[938.549s][info][gc,cpu         ] GC(2638) User=0.00s Sys=0.00s Real=0.00s
[938.688s][info][gc,start       ] GC(2639) Pause Young (Allocation Failure)
[938.689s][info][gc,heap        ] GC(2639) PSYoungGen: 290368K(310272K)->64K(312832K) Eden: 290304K(290304K)->0K(293888K) From: 64K(19968K)->64K(18944K)
[938.689s][info][gc,heap        ] GC(2639) ParOldGen: 516136K(516608K)->516144K(516608K)
[938.689s][info][gc,metaspace   ] GC(2639) Metaspace: 35690K(36416K)->35690K(36416K) NonClass: 26478K(27008K)->26478K(27008K) Class: 9211K(9408K)->9211K(9408K)
[938.689s][info][gc             ] GC(2639) Pause Young (Allocation Failure) 787M->504M(810M) 1.458ms
[938.689s][info][gc,cpu         ] GC(2639) User=0.00s Sys=0.00s Real=0.00s
[938.741s][info][gc,start       ] GC(2640) Pause Young (Allocation Failure)
[938.742s][info][gc,heap        ] GC(2640) PSYoungGen: 293952K(312832K)->64K(312320K) Eden: 293888K(293888K)->0K(293888K) From: 64K(18944K)->64K(18432K)
[938.742s][info][gc,heap        ] GC(2640) ParOldGen: 516144K(516608K)->516160K(516608K)
[938.742s][info][gc,metaspace   ] GC(2640) Metaspace: 35690K(36416K)->35690K(36416K) NonClass: 26478K(27008K)->26478K(27008K) Class: 9211K(9408K)->9211K(9408K)
[938.742s][info][gc             ] GC(2640) Pause Young (Allocation Failure) 791M->504M(809M) 1.359ms
[938.742s][info][gc,cpu         ] GC(2640) User=0.00s Sys=0.00s Real=0.01s
[938.869s][info][gc,start       ] GC(2641) Pause Young (Allocation Failure)
[938.871s][info][gc,heap        ] GC(2641) PSYoungGen: 293952K(312320K)->64K(314368K) Eden: 293888K(293888K)->0K(297472K) From: 64K(18432K)->64K(16896K)
[938.871s][info][gc,heap        ] GC(2641) ParOldGen: 516160K(516608K)->516160K(516608K)
[938.871s][info][gc,metaspace   ] GC(2641) Metaspace: 35690K(36416K)->35690K(36416K) NonClass: 26478K(27008K)->26478K(27008K) Class: 9211K(9408K)->9211K(9408K)
[938.871s][info][gc             ] GC(2641) Pause Young (Allocation Failure) 791M->504M(811M) 1.482ms
[938.871s][info][gc,cpu         ] GC(2641) User=0.00s Sys=0.00s Real=0.00s
[939.108s][info][gc,start       ] GC(2642) Pause Young (Allocation Failure)
[939.109s][info][gc,heap        ] GC(2642) PSYoungGen: 297536K(314368K)->64K(313856K) Eden: 297472K(297472K)->0K(297472K) From: 64K(16896K)->64K(16384K)
[939.109s][info][gc,heap        ] GC(2642) ParOldGen: 516160K(516608K)->516168K(516608K)
[939.109s][info][gc,metaspace   ] GC(2642) Metaspace: 35690K(36416K)->35690K(36416K) NonClass: 26478K(27008K)->26478K(27008K) Class: 9211K(9408K)->9211K(9408K)
[939.109s][info][gc             ] GC(2642) Pause Young (Allocation Failure) 794M->504M(811M) 1.580ms
[939.109s][info][gc,cpu         ] GC(2642) User=0.00s Sys=0.00s Real=0.00s
[939.264s][info][gc,start       ] GC(2643) Pause Young (Allocation Failure)
[939.266s][info][gc,heap        ] GC(2643) PSYoungGen: 297536K(313856K)->64K(316416K) Eden: 297472K(297472K)->0K(301568K) From: 64K(16384K)->64K(14848K)
[939.266s][info][gc,heap        ] GC(2643) ParOldGen: 516168K(516608K)->516176K(516608K)
[939.266s][info][gc,metaspace   ] GC(2643) Metaspace: 35690K(36416K)->35690K(36416K) NonClass: 26478K(27008K)->26478K(27008K) Class: 9211K(9408K)->9211K(9408K)
[939.266s][info][gc             ] GC(2643) Pause Young (Allocation Failure) 794M->504M(813M) 1.500ms
[939.266s][info][gc,cpu         ] GC(2643) User=0.01s Sys=0.00s Real=0.00s
[939.356s][info][gc,start       ] GC(2644) Pause Young (Allocation Failure)
[939.357s][info][gc,heap        ] GC(2644) PSYoungGen: 301632K(316416K)->64K(315904K) Eden: 301568K(301568K)->0K(301568K) From: 64K(14848K)->64K(14336K)
[939.357s][info][gc,heap        ] GC(2644) ParOldGen: 516176K(516608K)->516184K(516608K)
[939.357s][info][gc,metaspace   ] GC(2644) Metaspace: 35690K(36416K)->35690K(36416K) NonClass: 26478K(27008K)->26478K(27008K) Class: 9211K(9408K)->9211K(9408K)
[939.357s][info][gc             ] GC(2644) Pause Young (Allocation Failure) 798M->504M(813M) 1.475ms
[939.357s][info][gc,cpu         ] GC(2644) User=0.01s Sys=0.00s Real=0.00s
[939.531s][info][gc,start       ] GC(2645) Pause Young (Allocation Failure)
[939.533s][info][gc,heap        ] GC(2645) PSYoungGen: 301632K(315904K)->64K(318464K) Eden: 301568K(301568K)->0K(305664K) From: 64K(14336K)->64K(12800K)
[939.533s][info][gc,heap        ] GC(2645) ParOldGen: 516184K(516608K)->516192K(516608K)
[939.533s][info][gc,metaspace   ] GC(2645) Metaspace: 35690K(36416K)->35690K(36416K) NonClass: 26478K(27008K)->26478K(27008K) Class: 9211K(9408K)->9211K(9408K)
[939.533s][info][gc             ] GC(2645) Pause Young (Allocation Failure) 798M->504M(815M) 1.499ms
[939.533s][info][gc,cpu         ] GC(2645) User=0.00s Sys=0.00s Real=0.01s
[940.441s][info][gc,start       ] GC(2646) Pause Young (Allocation Failure)
[940.442s][info][gc,heap        ] GC(2646) PSYoungGen: 305728K(318464K)->83K(318464K) Eden: 305664K(305664K)->0K(305664K) From: 64K(12800K)->83K(12800K)
[940.442s][info][gc,heap        ] GC(2646) ParOldGen: 516192K(516608K)->516200K(516608K)
[940.442s][info][gc,metaspace   ] GC(2646) Metaspace: 35690K(36416K)->35690K(36416K) NonClass: 26478K(27008K)->26478K(27008K) Class: 9211K(9408K)->9211K(9408K)
[940.442s][info][gc             ] GC(2646) Pause Young (Allocation Failure) 802M->504M(815M) 1.619ms
[940.442s][info][gc,cpu         ] GC(2646) User=0.01s Sys=0.00s Real=0.01s
[941.311s][info][gc,start       ] GC(2647) Pause Young (Allocation Failure)
[941.312s][info][gc,heap        ] GC(2647) PSYoungGen: 305747K(318464K)->64K(293888K) Eden: 305664K(305664K)->0K(293376K) From: 83K(12800K)->64K(512K)
[941.312s][info][gc,heap        ] GC(2647) ParOldGen: 516200K(516608K)->516208K(516608K)
[941.312s][info][gc,metaspace   ] GC(2647) Metaspace: 35690K(36416K)->35690K(36416K) NonClass: 26478K(27008K)->26478K(27008K) Class: 9211K(9408K)->9211K(9408K)
[941.312s][info][gc             ] GC(2647) Pause Young (Allocation Failure) 802M->504M(791M) 1.599ms
[941.312s][info][gc,cpu         ] GC(2647) User=0.00s Sys=0.00s Real=0.01s
[941.754s][info][gc,start       ] GC(2648) Pause Young (Allocation Failure)
[941.756s][info][gc,heap        ] GC(2648) PSYoungGen: 293440K(293888K)->64K(292864K) Eden: 293376K(293376K)->0K(281600K) From: 64K(512K)->64K(11264K)
[941.756s][info][gc,heap        ] GC(2648) ParOldGen: 516208K(516608K)->516216K(516608K)
[941.756s][info][gc,metaspace   ] GC(2648) Metaspace: 35690K(36416K)->35690K(36416K) NonClass: 26478K(27008K)->26478K(27008K) Class: 9211K(9408K)->9211K(9408K)
[941.756s][info][gc             ] GC(2648) Pause Young (Allocation Failure) 790M->504M(790M) 1.456ms
[941.756s][info][gc,cpu         ] GC(2648) User=0.01s Sys=0.00s Real=0.00s
[942.739s][info][gc,start       ] GC(2649) Pause Young (Allocation Failure)
[942.741s][info][gc,heap        ] GC(2649) PSYoungGen: 281664K(292864K)->64K(270848K) Eden: 281600K(281600K)->0K(270336K) From: 64K(11264K)->64K(512K)
[942.741s][info][gc,heap        ] GC(2649) ParOldGen: 516216K(516608K)->516224K(516608K)
[942.741s][info][gc,metaspace   ] GC(2649) Metaspace: 35690K(36416K)->35690K(36416K) NonClass: 26478K(27008K)->26478K(27008K) Class: 9211K(9408K)->9211K(9408K)
[942.741s][info][gc             ] GC(2649) Pause Young (Allocation Failure) 779M->504M(769M) 2.016ms
[942.741s][info][gc,cpu         ] GC(2649) User=0.00s Sys=0.00s Real=0.00s
[943.149s][info][gc,start       ] GC(2650) Pause Young (Allocation Failure)
[943.151s][info][gc,heap        ] GC(2650) PSYoungGen: 270400K(270848K)->64K(269824K) Eden: 270336K(270336K)->0K(260096K) From: 64K(512K)->64K(9728K)
[943.151s][info][gc,heap        ] GC(2650) ParOldGen: 516224K(516608K)->516232K(516608K)
[943.151s][info][gc,metaspace   ] GC(2650) Metaspace: 35690K(36416K)->35690K(36416K) NonClass: 26478K(27008K)->26478K(27008K) Class: 9211K(9408K)->9211K(9408K)
[943.151s][info][gc             ] GC(2650) Pause Young (Allocation Failure) 768M->504M(768M) 1.480ms
[943.151s][info][gc,cpu         ] GC(2650) User=0.01s Sys=0.00s Real=0.00s
[943.313s][info][gc,start       ] GC(2651) Pause Young (Allocation Failure)
[943.315s][info][gc,heap        ] GC(2651) PSYoungGen: 260160K(269824K)->64K(250368K) Eden: 260096K(260096K)->0K(249856K) From: 64K(9728K)->64K(512K)
[943.315s][info][gc,heap        ] GC(2651) ParOldGen: 516232K(516608K)->516240K(516608K)
[943.315s][info][gc,metaspace   ] GC(2651) Metaspace: 35690K(36416K)->35690K(36416K) NonClass: 26478K(27008K)->26478K(27008K) Class: 9211K(9408K)->9211K(9408K)
[943.315s][info][gc             ] GC(2651) Pause Young (Allocation Failure) 758M->504M(749M) 2.320ms
[943.315s][info][gc,cpu         ] GC(2651) User=0.00s Sys=0.00s Real=0.00s
[943.662s][info][gc,start       ] GC(2652) Pause Young (Allocation Failure)
[943.665s][info][gc,heap        ] GC(2652) PSYoungGen: 249920K(250368K)->64K(248832K) Eden: 249856K(249856K)->0K(240128K) From: 64K(512K)->64K(8704K)
[943.665s][info][gc,heap        ] GC(2652) ParOldGen: 516240K(516608K)->516248K(516608K)
[943.665s][info][gc,metaspace   ] GC(2652) Metaspace: 35690K(36416K)->35690K(36416K) NonClass: 26478K(27008K)->26478K(27008K) Class: 9211K(9408K)->9211K(9408K)
[943.665s][info][gc             ] GC(2652) Pause Young (Allocation Failure) 748M->504M(747M) 2.577ms
[943.665s][info][gc,cpu         ] GC(2652) User=0.00s Sys=0.00s Real=0.00s
[944.004s][info][gc,start       ] GC(2653) Pause Young (Allocation Failure)
[944.007s][info][gc,heap        ] GC(2653) PSYoungGen: 240192K(248832K)->64K(231424K) Eden: 240128K(240128K)->0K(230912K) From: 64K(8704K)->64K(512K)
[944.007s][info][gc,heap        ] GC(2653) ParOldGen: 516248K(516608K)->516264K(516608K)
[944.007s][info][gc,metaspace   ] GC(2653) Metaspace: 35690K(36416K)->35690K(36416K) NonClass: 26478K(27008K)->26478K(27008K) Class: 9211K(9408K)->9211K(9408K)
[944.007s][info][gc             ] GC(2653) Pause Young (Allocation Failure) 738M->504M(730M) 3.089ms
[944.007s][info][gc,cpu         ] GC(2653) User=0.00s Sys=0.00s Real=0.00s
[944.339s][info][gc,start       ] GC(2654) Pause Young (Allocation Failure)
[944.360s][info][gc,heap        ] GC(2654) PSYoungGen: 230976K(231424K)->6784K(283136K) Eden: 230912K(230912K)->0K(275968K) From: 64K(512K)->6784K(7168K)
[944.360s][info][gc,heap        ] GC(2654) ParOldGen: 516264K(516608K)->516280K(516608K)
[944.360s][info][gc,metaspace   ] GC(2654) Metaspace: 35690K(36416K)->35690K(36416K) NonClass: 26478K(27008K)->26478K(27008K) Class: 9211K(9408K)->9211K(9408K)
[944.360s][info][gc             ] GC(2654) Pause Young (Allocation Failure) 729M->510M(781M) 21.143ms
[944.360s][info][gc,cpu         ] GC(2654) User=0.02s Sys=0.00s Real=0.02s
[944.691s][info][gc,start       ] GC(2655) Pause Young (Allocation Failure)
[944.754s][info][gc,heap        ] GC(2655) PSYoungGen: 282752K(283136K)->8192K(274944K) Eden: 275968K(275968K)->0K(266752K) From: 6784K(7168K)->8192K(8192K)
[944.754s][info][gc,heap        ] GC(2655) ParOldGen: 516280K(516608K)->539232K(539648K)
[944.754s][info][gc,metaspace   ] GC(2655) Metaspace: 35690K(36416K)->35690K(36416K) NonClass: 26478K(27008K)->26478K(27008K) Class: 9211K(9408K)->9211K(9408K)
[944.754s][info][gc             ] GC(2655) Pause Young (Allocation Failure) 780M->534M(795M) 63.115ms
[944.754s][info][gc,cpu         ] GC(2655) User=0.11s Sys=0.01s Real=0.07s
[945.022s][info][gc,start       ] GC(2656) Pause Young (Allocation Failure)
[945.068s][info][gc,heap        ] GC(2656) PSYoungGen: 274944K(274944K)->19456K(286208K) Eden: 266752K(266752K)->0K(266752K) From: 8192K(8192K)->19456K(19456K)
[945.068s][info][gc,heap        ] GC(2656) ParOldGen: 539232K(539648K)->545128K(545280K)
[945.068s][info][gc,metaspace   ] GC(2656) Metaspace: 35690K(36416K)->35690K(36416K) NonClass: 26478K(27008K)->26478K(27008K) Class: 9211K(9408K)->9211K(9408K)
[945.068s][info][gc             ] GC(2656) Pause Young (Allocation Failure) 795M->551M(812M) 46.164ms
[945.068s][info][gc,cpu         ] GC(2656) User=0.09s Sys=0.01s Real=0.05s
[945.209s][info][gc,start       ] GC(2657) Pause Young (Allocation Failure)
[945.212s][info][gc,heap        ] GC(2657) PSYoungGen: 286208K(286208K)->64K(309248K) Eden: 266752K(266752K)->0K(283648K) From: 19456K(19456K)->64K(25600K)
[945.212s][info][gc,heap        ] GC(2657) ParOldGen: 545128K(545280K)->545272K(545280K)
[945.212s][info][gc,metaspace   ] GC(2657) Metaspace: 35690K(36416K)->35690K(36416K) NonClass: 26478K(27008K)->26478K(27008K) Class: 9211K(9408K)->9211K(9408K)
[945.212s][info][gc             ] GC(2657) Pause Young (Allocation Failure) 811M->532M(834M) 3.276ms
[945.212s][info][gc,cpu         ] GC(2657) User=0.01s Sys=0.00s Real=0.01s
[945.883s][info][gc,start       ] GC(2658) Pause Young (Allocation Failure)
[945.885s][info][gc,heap        ] GC(2658) PSYoungGen: 283712K(309248K)->64K(284160K) Eden: 283648K(283648K)->0K(283648K) From: 64K(25600K)->64K(512K)
[945.885s][info][gc,heap        ] GC(2658) ParOldGen: 545272K(545280K)->545288K(545792K)
[945.885s][info][gc,metaspace   ] GC(2658) Metaspace: 35690K(36416K)->35690K(36416K) NonClass: 26478K(27008K)->26478K(27008K) Class: 9211K(9408K)->9211K(9408K)
[945.885s][info][gc             ] GC(2658) Pause Young (Allocation Failure) 809M->532M(810M) 1.737ms
[945.885s][info][gc,cpu         ] GC(2658) User=0.00s Sys=0.00s Real=0.00s
[946.379s][info][gc,start       ] GC(2659) Pause Young (Allocation Failure)
[946.381s][info][gc,heap        ] GC(2659) PSYoungGen: 283712K(284160K)->64K(308736K) Eden: 283648K(283648K)->0K(284672K) From: 64K(512K)->64K(24064K)
[946.381s][info][gc,heap        ] GC(2659) ParOldGen: 545288K(545792K)->545288K(545792K)
[946.381s][info][gc,metaspace   ] GC(2659) Metaspace: 35690K(36416K)->35690K(36416K) NonClass: 26478K(27008K)->26478K(27008K) Class: 9211K(9408K)->9211K(9408K)
[946.381s][info][gc             ] GC(2659) Pause Young (Allocation Failure) 809M->532M(834M) 1.716ms
[946.381s][info][gc,cpu         ] GC(2659) User=0.00s Sys=0.00s Real=0.00s
[946.584s][info][gc,start       ] GC(2660) Pause Young (Allocation Failure)
[946.586s][info][gc,heap        ] GC(2660) PSYoungGen: 284736K(308736K)->64K(307712K) Eden: 284672K(284672K)->0K(284672K) From: 64K(24064K)->64K(23040K)
[946.586s][info][gc,heap        ] GC(2660) ParOldGen: 545288K(545792K)->545304K(545792K)
[946.586s][info][gc,metaspace   ] GC(2660) Metaspace: 35690K(36416K)->35690K(36416K) NonClass: 26478K(27008K)->26478K(27008K) Class: 9211K(9408K)->9211K(9408K)
[946.586s][info][gc             ] GC(2660) Pause Young (Allocation Failure) 810M->532M(833M) 1.667ms
[946.586s][info][gc,cpu         ] GC(2660) User=0.00s Sys=0.00s Real=0.00s
[946.789s][info][gc,start       ] GC(2661) Pause Young (Allocation Failure)
[946.791s][info][gc,heap        ] GC(2661) PSYoungGen: 284736K(307712K)->64K(309760K) Eden: 284672K(284672K)->0K(287744K) From: 64K(23040K)->64K(22016K)
[946.791s][info][gc,heap        ] GC(2661) ParOldGen: 545304K(545792K)->545304K(545792K)
[946.791s][info][gc,metaspace   ] GC(2661) Metaspace: 35690K(36416K)->35690K(36416K) NonClass: 26478K(27008K)->26478K(27008K) Class: 9211K(9408K)->9211K(9408K)
[946.791s][info][gc             ] GC(2661) Pause Young (Allocation Failure) 810M->532M(835M) 1.611ms
[946.791s][info][gc,cpu         ] GC(2661) User=0.00s Sys=0.00s Real=0.00s
[947.142s][info][gc,start       ] GC(2662) Pause Young (Allocation Failure)
[947.143s][info][gc,heap        ] GC(2662) PSYoungGen: 287808K(309760K)->64K(308736K) Eden: 287744K(287744K)->0K(287744K) From: 64K(22016K)->64K(20992K)
[947.143s][info][gc,heap        ] GC(2662) ParOldGen: 545304K(545792K)->545304K(545792K)
[947.143s][info][gc,metaspace   ] GC(2662) Metaspace: 35690K(36416K)->35690K(36416K) NonClass: 26478K(27008K)->26478K(27008K) Class: 9211K(9408K)->9211K(9408K)
[947.143s][info][gc             ] GC(2662) Pause Young (Allocation Failure) 813M->532M(834M) 1.623ms
[947.143s][info][gc,cpu         ] GC(2662) User=0.01s Sys=0.00s Real=0.01s
[947.193s][info][gc,start       ] GC(2663) Pause Young (Allocation Failure)
[947.195s][info][gc,heap        ] GC(2663) PSYoungGen: 287808K(308736K)->64K(311808K) Eden: 287744K(287744K)->0K(291840K) From: 64K(20992K)->64K(19968K)
[947.195s][info][gc,heap        ] GC(2663) ParOldGen: 545304K(545792K)->545320K(545792K)
[947.195s][info][gc,metaspace   ] GC(2663) Metaspace: 35690K(36416K)->35690K(36416K) NonClass: 26478K(27008K)->26478K(27008K) Class: 9211K(9408K)->9211K(9408K)
[947.195s][info][gc             ] GC(2663) Pause Young (Allocation Failure) 813M->532M(837M) 1.498ms
[947.195s][info][gc,cpu         ] GC(2663) User=0.00s Sys=0.00s Real=0.00s
[947.245s][info][gc,start       ] GC(2664) Pause Young (Allocation Failure)
[947.246s][info][gc,heap        ] GC(2664) PSYoungGen: 291904K(311808K)->64K(310784K) Eden: 291840K(291840K)->0K(291840K) From: 64K(19968K)->64K(18944K)
[947.246s][info][gc,heap        ] GC(2664) ParOldGen: 545320K(545792K)->545320K(545792K)
[947.246s][info][gc,metaspace   ] GC(2664) Metaspace: 35690K(36416K)->35690K(36416K) NonClass: 26478K(27008K)->26478K(27008K) Class: 9211K(9408K)->9211K(9408K)
[947.246s][info][gc             ] GC(2664) Pause Young (Allocation Failure) 817M->532M(836M) 1.425ms
[947.246s][info][gc,cpu         ] GC(2664) User=0.00s Sys=0.00s Real=0.00s
[947.422s][info][gc,start       ] GC(2665) Pause Young (Allocation Failure)
[947.423s][info][gc,heap        ] GC(2665) PSYoungGen: 291904K(310784K)->64K(313856K) Eden: 291840K(291840K)->0K(295936K) From: 64K(18944K)->64K(17920K)
[947.423s][info][gc,heap        ] GC(2665) ParOldGen: 545320K(545792K)->545320K(545792K)
[947.423s][info][gc,metaspace   ] GC(2665) Metaspace: 35690K(36416K)->35690K(36416K) NonClass: 26478K(27008K)->26478K(27008K) Class: 9211K(9408K)->9211K(9408K)
[947.424s][info][gc             ] GC(2665) Pause Young (Allocation Failure) 817M->532M(839M) 1.440ms
[947.424s][info][gc,cpu         ] GC(2665) User=0.00s Sys=0.00s Real=0.00s
[947.637s][info][gc,start       ] GC(2666) Pause Young (Allocation Failure)
[947.639s][info][gc,heap        ] GC(2666) PSYoungGen: 296000K(313856K)->64K(312832K) Eden: 295936K(295936K)->0K(295936K) From: 64K(17920K)->64K(16896K)
[947.639s][info][gc,heap        ] GC(2666) ParOldGen: 545320K(545792K)->545328K(545792K)
[947.639s][info][gc,metaspace   ] GC(2666) Metaspace: 35690K(36416K)->35690K(36416K) NonClass: 26478K(27008K)->26478K(27008K) Class: 9211K(9408K)->9211K(9408K)
[947.639s][info][gc             ] GC(2666) Pause Young (Allocation Failure) 821M->532M(838M) 1.507ms
[947.639s][info][gc,cpu         ] GC(2666) User=0.00s Sys=0.00s Real=0.00s
[947.751s][info][gc,start       ] GC(2667) Pause Young (Allocation Failure)
[947.753s][info][gc,heap        ] GC(2667) PSYoungGen: 296000K(312832K)->64K(315904K) Eden: 295936K(295936K)->0K(300032K) From: 64K(16896K)->64K(15872K)
[947.753s][info][gc,heap        ] GC(2667) ParOldGen: 545328K(545792K)->545336K(545792K)
[947.753s][info][gc,metaspace   ] GC(2667) Metaspace: 35690K(36416K)->35690K(36416K) NonClass: 26478K(27008K)->26478K(27008K) Class: 9211K(9408K)->9211K(9408K)
[947.753s][info][gc             ] GC(2667) Pause Young (Allocation Failure) 821M->532M(841M) 1.509ms
[947.753s][info][gc,cpu         ] GC(2667) User=0.01s Sys=0.00s Real=0.01s
[947.867s][info][gc,start       ] GC(2668) Pause Young (Allocation Failure)
[947.868s][info][gc,heap        ] GC(2668) PSYoungGen: 300096K(315904K)->64K(314880K) Eden: 300032K(300032K)->0K(300032K) From: 64K(15872K)->64K(14848K)
[947.868s][info][gc,heap        ] GC(2668) ParOldGen: 545336K(545792K)->545344K(545792K)
[947.868s][info][gc,metaspace   ] GC(2668) Metaspace: 35690K(36416K)->35690K(36416K) NonClass: 26478K(27008K)->26478K(27008K) Class: 9211K(9408K)->9211K(9408K)
[947.868s][info][gc             ] GC(2668) Pause Young (Allocation Failure) 825M->532M(840M) 1.549ms
[947.868s][info][gc,cpu         ] GC(2668) User=0.00s Sys=0.00s Real=0.00s
[948.236s][info][gc,start       ] GC(2669) Pause Young (Allocation Failure)
[948.238s][info][gc,heap        ] GC(2669) PSYoungGen: 300096K(314880K)->64K(317440K) Eden: 300032K(300032K)->0K(303616K) From: 64K(14848K)->64K(13824K)
[948.238s][info][gc,heap        ] GC(2669) ParOldGen: 545344K(545792K)->545352K(545792K)
[948.238s][info][gc,metaspace   ] GC(2669) Metaspace: 35690K(36416K)->35690K(36416K) NonClass: 26478K(27008K)->26478K(27008K) Class: 9211K(9408K)->9211K(9408K)
[948.238s][info][gc             ] GC(2669) Pause Young (Allocation Failure) 825M->532M(843M) 1.679ms
[948.238s][info][gc,cpu         ] GC(2669) User=0.00s Sys=0.00s Real=0.00s
[948.915s][info][gc,start       ] GC(2670) Pause Young (Allocation Failure)
[948.917s][info][gc,heap        ] GC(2670) PSYoungGen: 303680K(317440K)->83K(316928K) Eden: 303616K(303616K)->0K(303616K) From: 64K(13824K)->83K(13312K)
[948.917s][info][gc,heap        ] GC(2670) ParOldGen: 545352K(545792K)->545360K(545792K)
[948.917s][info][gc,metaspace   ] GC(2670) Metaspace: 35690K(36416K)->35690K(36416K) NonClass: 26478K(27008K)->26478K(27008K) Class: 9211K(9408K)->9211K(9408K)
[948.917s][info][gc             ] GC(2670) Pause Young (Allocation Failure) 829M->532M(842M) 1.697ms
[948.917s][info][gc,cpu         ] GC(2670) User=0.00s Sys=0.00s Real=0.00s
[949.844s][info][gc,start       ] GC(2671) Pause Young (Allocation Failure)
[949.846s][info][gc,heap        ] GC(2671) PSYoungGen: 303699K(316928K)->64K(291840K) Eden: 303615K(303616K)->0K(291328K) From: 83K(13312K)->64K(512K)
[949.846s][info][gc,heap        ] GC(2671) ParOldGen: 545360K(545792K)->545368K(545792K)
[949.846s][info][gc,metaspace   ] GC(2671) Metaspace: 35690K(36416K)->35690K(36416K) NonClass: 26478K(27008K)->26478K(27008K) Class: 9211K(9408K)->9211K(9408K)
[949.846s][info][gc             ] GC(2671) Pause Young (Allocation Failure) 829M->532M(818M) 1.618ms
[949.846s][info][gc,cpu         ] GC(2671) User=0.00s Sys=0.00s Real=0.00s
[950.300s][info][gc,start       ] GC(2672) Pause Young (Allocation Failure)
[950.302s][info][gc,heap        ] GC(2672) PSYoungGen: 291392K(291840K)->64K(291328K) Eden: 291328K(291328K)->0K(280064K) From: 64K(512K)->64K(11264K)
[950.302s][info][gc,heap        ] GC(2672) ParOldGen: 545368K(545792K)->545376K(545792K)
[950.302s][info][gc,metaspace   ] GC(2672) Metaspace: 35690K(36416K)->35690K(36416K) NonClass: 26478K(27008K)->26478K(27008K) Class: 9211K(9408K)->9211K(9408K)
[950.302s][info][gc             ] GC(2672) Pause Young (Allocation Failure) 817M->532M(817M) 1.631ms
[950.302s][info][gc,cpu         ] GC(2672) User=0.00s Sys=0.00s Real=0.00s
[951.310s][info][gc,start       ] GC(2673) Pause Young (Allocation Failure)
[951.312s][info][gc,heap        ] GC(2673) PSYoungGen: 280128K(291328K)->64K(269824K) Eden: 280064K(280064K)->0K(269312K) From: 64K(11264K)->64K(512K)
[951.312s][info][gc,heap        ] GC(2673) ParOldGen: 545376K(545792K)->545384K(545792K)
[951.312s][info][gc,metaspace   ] GC(2673) Metaspace: 35690K(36416K)->35690K(36416K) NonClass: 26478K(27008K)->26478K(27008K) Class: 9211K(9408K)->9211K(9408K)
[951.312s][info][gc             ] GC(2673) Pause Young (Allocation Failure) 806M->532M(796M) 1.613ms
[951.312s][info][gc,cpu         ] GC(2673) User=0.00s Sys=0.00s Real=0.00s
[951.707s][info][gc,start       ] GC(2674) Pause Young (Allocation Failure)
[951.709s][info][gc,heap        ] GC(2674) PSYoungGen: 269376K(269824K)->64K(268800K) Eden: 269312K(269312K)->0K(259072K) From: 64K(512K)->64K(9728K)
[951.709s][info][gc,heap        ] GC(2674) ParOldGen: 545384K(545792K)->545392K(545792K)
[951.709s][info][gc,metaspace   ] GC(2674) Metaspace: 35690K(36416K)->35690K(36416K) NonClass: 26478K(27008K)->26478K(27008K) Class: 9211K(9408K)->9211K(9408K)
[951.709s][info][gc             ] GC(2674) Pause Young (Allocation Failure) 795M->532M(795M) 1.639ms
[951.709s][info][gc,cpu         ] GC(2674) User=0.00s Sys=0.00s Real=0.00s
[951.811s][info][gc,start       ] GC(2675) Pause Young (Allocation Failure)
[951.813s][info][gc,heap        ] GC(2675) PSYoungGen: 259136K(268800K)->64K(249856K) Eden: 259072K(259072K)->0K(249344K) From: 64K(9728K)->64K(512K)
[951.813s][info][gc,heap        ] GC(2675) ParOldGen: 545392K(545792K)->545400K(545792K)
[951.813s][info][gc,metaspace   ] GC(2675) Metaspace: 35690K(36416K)->35690K(36416K) NonClass: 26478K(27008K)->26478K(27008K) Class: 9211K(9408K)->9211K(9408K)
[951.813s][info][gc             ] GC(2675) Pause Young (Allocation Failure) 785M->532M(777M) 1.752ms
[951.813s][info][gc,cpu         ] GC(2675) User=0.00s Sys=0.00s Real=0.01s
[952.342s][info][gc,start       ] GC(2676) Pause Young (Allocation Failure)
[952.344s][info][gc,heap        ] GC(2676) PSYoungGen: 249408K(249856K)->64K(248320K) Eden: 249344K(249344K)->0K(239616K) From: 64K(512K)->64K(8704K)
[952.344s][info][gc,heap        ] GC(2676) ParOldGen: 545400K(545792K)->545408K(545792K)
[952.344s][info][gc,metaspace   ] GC(2676) Metaspace: 35690K(36416K)->35690K(36416K) NonClass: 26478K(27008K)->26478K(27008K) Class: 9211K(9408K)->9211K(9408K)
[952.344s][info][gc             ] GC(2676) Pause Young (Allocation Failure) 776M->532M(775M) 1.550ms
[952.344s][info][gc,cpu         ] GC(2676) User=0.00s Sys=0.00s Real=0.00s
[952.593s][info][gc,start       ] GC(2677) Pause Young (Allocation Failure)
[952.595s][info][gc,heap        ] GC(2677) PSYoungGen: 239680K(248320K)->64K(230912K) Eden: 239616K(239616K)->0K(230400K) From: 64K(8704K)->64K(512K)
[952.595s][info][gc,heap        ] GC(2677) ParOldGen: 545408K(545792K)->545416K(545792K)
[952.595s][info][gc,metaspace   ] GC(2677) Metaspace: 35690K(36416K)->35690K(36416K) NonClass: 26478K(27008K)->26478K(27008K) Class: 9211K(9408K)->9211K(9408K)
[952.595s][info][gc             ] GC(2677) Pause Young (Allocation Failure) 766M->532M(758M) 2.028ms
[952.595s][info][gc,cpu         ] GC(2677) User=0.00s Sys=0.00s Real=0.00s
[952.906s][info][gc,start       ] GC(2678) Pause Young (Allocation Failure)
[952.938s][info][gc,heap        ] GC(2678) PSYoungGen: 230464K(230912K)->7680K(283136K) Eden: 230400K(230400K)->0K(275456K) From: 64K(512K)->7680K(7680K)
[952.938s][info][gc,heap        ] GC(2678) ParOldGen: 545416K(545792K)->553344K(553472K)
[952.938s][info][gc,metaspace   ] GC(2678) Metaspace: 35690K(36416K)->35690K(36416K) NonClass: 26478K(27008K)->26478K(27008K) Class: 9211K(9408K)->9211K(9408K)
[952.938s][info][gc             ] GC(2678) Pause Young (Allocation Failure) 757M->547M(817M) 31.946ms
[952.938s][info][gc,cpu         ] GC(2678) User=0.05s Sys=0.01s Real=0.03s
[953.261s][info][gc,start       ] GC(2679) Pause Young (Allocation Failure)
[953.327s][info][gc,heap        ] GC(2679) PSYoungGen: 283136K(283136K)->12288K(278016K) Eden: 275456K(275456K)->0K(265728K) From: 7680K(7680K)->12288K(12288K)
[953.327s][info][gc,heap        ] GC(2679) ParOldGen: 553344K(553472K)->572352K(572416K)
[953.327s][info][gc,metaspace   ] GC(2679) Metaspace: 35690K(36416K)->35690K(36416K) NonClass: 26478K(27008K)->26478K(27008K) Class: 9211K(9408K)->9211K(9408K)
[953.327s][info][gc             ] GC(2679) Pause Young (Allocation Failure) 816M->570M(830M) 66.120ms
[953.327s][info][gc,cpu         ] GC(2679) User=0.11s Sys=0.02s Real=0.07s
[953.525s][info][gc,start       ] GC(2680) Pause Young (Allocation Failure)
[953.554s][info][gc,heap        ] GC(2680) PSYoungGen: 278016K(278016K)->15968K(287744K) Eden: 265728K(265728K)->0K(265728K) From: 12288K(12288K)->15968K(22016K)
[953.554s][info][gc,heap        ] GC(2680) ParOldGen: 572352K(572416K)->572864K(572928K)
[953.554s][info][gc,metaspace   ] GC(2680) Metaspace: 35690K(36416K)->35690K(36416K) NonClass: 26478K(27008K)->26478K(27008K) Class: 9211K(9408K)->9211K(9408K)
[953.554s][info][gc             ] GC(2680) Pause Young (Allocation Failure) 830M->575M(840M) 28.396ms
[953.554s][info][gc,cpu         ] GC(2680) User=0.06s Sys=0.00s Real=0.03s
[953.856s][info][gc,start       ] GC(2681) Pause Young (Allocation Failure)
[953.858s][info][gc,heap        ] GC(2681) PSYoungGen: 281696K(287744K)->64K(310272K) Eden: 265728K(265728K)->0K(285696K) From: 15968K(22016K)->64K(24576K)
[953.858s][info][gc,heap        ] GC(2681) ParOldGen: 572864K(572928K)->572872K(572928K)
[953.858s][info][gc,metaspace   ] GC(2681) Metaspace: 35690K(36416K)->35690K(36416K) NonClass: 26478K(27008K)->26478K(27008K) Class: 9211K(9408K)->9211K(9408K)
[953.858s][info][gc             ] GC(2681) Pause Young (Allocation Failure) 834M->559M(862M) 1.848ms
[953.858s][info][gc,cpu         ] GC(2681) User=0.00s Sys=0.00s Real=0.00s
[954.460s][info][gc,start       ] GC(2682) Pause Young (Allocation Failure)
[954.461s][info][gc,heap        ] GC(2682) PSYoungGen: 285760K(310272K)->64K(286208K) Eden: 285696K(285696K)->0K(285696K) From: 64K(24576K)->64K(512K)
[954.462s][info][gc,heap        ] GC(2682) ParOldGen: 572872K(572928K)->572880K(572928K)
[954.462s][info][gc,metaspace   ] GC(2682) Metaspace: 35690K(36416K)->35690K(36416K) NonClass: 26478K(27008K)->26478K(27008K) Class: 9211K(9408K)->9211K(9408K)
[954.462s][info][gc             ] GC(2682) Pause Young (Allocation Failure) 838M->559M(839M) 1.767ms
[954.462s][info][gc,cpu         ] GC(2682) User=0.00s Sys=0.00s Real=0.00s
[954.907s][info][gc,start       ] GC(2683) Pause Young (Allocation Failure)
[954.908s][info][gc,heap        ] GC(2683) PSYoungGen: 285760K(286208K)->64K(309760K) Eden: 285696K(285696K)->0K(286720K) From: 64K(512K)->64K(23040K)
[954.908s][info][gc,heap        ] GC(2683) ParOldGen: 572880K(572928K)->572896K(572928K)
[954.908s][info][gc,metaspace   ] GC(2683) Metaspace: 35690K(36416K)->35690K(36416K) NonClass: 26478K(27008K)->26478K(27008K) Class: 9211K(9408K)->9211K(9408K)
[954.909s][info][gc             ] GC(2683) Pause Young (Allocation Failure) 838M->559M(862M) 1.771ms
[954.909s][info][gc,cpu         ] GC(2683) User=0.00s Sys=0.00s Real=0.00s
[955.113s][info][gc,start       ] GC(2684) Pause Young (Allocation Failure)
[955.115s][info][gc,heap        ] GC(2684) PSYoungGen: 286784K(309760K)->64K(308736K) Eden: 286720K(286720K)->0K(286720K) From: 64K(23040K)->64K(22016K)
[955.115s][info][gc,heap        ] GC(2684) ParOldGen: 572896K(572928K)->572912K(572928K)
[955.115s][info][gc,metaspace   ] GC(2684) Metaspace: 35690K(36416K)->35690K(36416K) NonClass: 26478K(27008K)->26478K(27008K) Class: 9211K(9408K)->9211K(9408K)
[955.115s][info][gc             ] GC(2684) Pause Young (Allocation Failure) 839M->559M(861M) 1.821ms
[955.115s][info][gc,cpu         ] GC(2684) User=0.01s Sys=0.00s Real=0.00s
[955.320s][info][gc,start       ] GC(2685) Pause Young (Allocation Failure)
[955.323s][info][gc,heap        ] GC(2685) PSYoungGen: 286784K(308736K)->32K(310784K) Eden: 286720K(286720K)->0K(289792K) From: 64K(22016K)->32K(20992K)
[955.323s][info][gc,heap        ] GC(2685) ParOldGen: 572912K(572928K)->572912K(572928K)
[955.323s][info][gc,metaspace   ] GC(2685) Metaspace: 35690K(36416K)->35690K(36416K) NonClass: 26478K(27008K)->26478K(27008K) Class: 9211K(9408K)->9211K(9408K)
[955.323s][info][gc             ] GC(2685) Pause Young (Allocation Failure) 839M->559M(863M) 2.599ms
[955.323s][info][gc,cpu         ] GC(2685) User=0.00s Sys=0.00s Real=0.01s
[955.627s][info][gc,start       ] GC(2686) Pause Young (Allocation Failure)
[955.629s][info][gc,heap        ] GC(2686) PSYoungGen: 289824K(310784K)->64K(309760K) Eden: 289792K(289792K)->0K(289792K) From: 32K(20992K)->64K(19968K)
[955.629s][info][gc,heap        ] GC(2686) ParOldGen: 572912K(572928K)->572912K(572928K)
[955.629s][info][gc,metaspace   ] GC(2686) Metaspace: 35690K(36416K)->35690K(36416K) NonClass: 26478K(27008K)->26478K(27008K) Class: 9211K(9408K)->9211K(9408K)
[955.629s][info][gc             ] GC(2686) Pause Young (Allocation Failure) 842M->559M(862M) 1.600ms
[955.629s][info][gc,cpu         ] GC(2686) User=0.00s Sys=0.00s Real=0.00s
[955.680s][info][gc,start       ] GC(2687) Pause Young (Allocation Failure)
[955.681s][info][gc,heap        ] GC(2687) PSYoungGen: 289856K(309760K)->64K(312832K) Eden: 289792K(289792K)->0K(293888K) From: 64K(19968K)->64K(18944K)
[955.681s][info][gc,heap        ] GC(2687) ParOldGen: 572912K(572928K)->572928K(573440K)
[955.681s][info][gc,metaspace   ] GC(2687) Metaspace: 35690K(36416K)->35690K(36416K) NonClass: 26478K(27008K)->26478K(27008K) Class: 9211K(9408K)->9211K(9408K)
[955.681s][info][gc             ] GC(2687) Pause Young (Allocation Failure) 842M->559M(865M) 1.610ms
[955.681s][info][gc,cpu         ] GC(2687) User=0.00s Sys=0.00s Real=0.00s
[955.743s][info][gc,start       ] GC(2688) Pause Young (Allocation Failure)
[955.744s][info][gc,heap        ] GC(2688) PSYoungGen: 293952K(312832K)->64K(311808K) Eden: 293888K(293888K)->0K(293888K) From: 64K(18944K)->64K(17920K)
[955.744s][info][gc,heap        ] GC(2688) ParOldGen: 572928K(573440K)->572928K(573440K)
[955.744s][info][gc,metaspace   ] GC(2688) Metaspace: 35690K(36416K)->35690K(36416K) NonClass: 26478K(27008K)->26478K(27008K) Class: 9211K(9408K)->9211K(9408K)
[955.744s][info][gc             ] GC(2688) Pause Young (Allocation Failure) 846M->559M(864M) 1.481ms
[955.744s][info][gc,cpu         ] GC(2688) User=0.01s Sys=0.00s Real=0.00s
[955.962s][info][gc,start       ] GC(2689) Pause Young (Allocation Failure)
[955.963s][info][gc,heap        ] GC(2689) PSYoungGen: 293952K(311808K)->32K(314880K) Eden: 293888K(293888K)->0K(297984K) From: 64K(17920K)->32K(16896K)
[955.963s][info][gc,heap        ] GC(2689) ParOldGen: 572928K(573440K)->572944K(573440K)
[955.963s][info][gc,metaspace   ] GC(2689) Metaspace: 35690K(36416K)->35690K(36416K) NonClass: 26478K(27008K)->26478K(27008K) Class: 9211K(9408K)->9211K(9408K)
[955.963s][info][gc             ] GC(2689) Pause Young (Allocation Failure) 846M->559M(867M) 1.508ms
[955.963s][info][gc,cpu         ] GC(2689) User=0.00s Sys=0.00s Real=0.01s
[956.165s][info][gc,start       ] GC(2690) Pause Young (Allocation Failure)
[956.167s][info][gc,heap        ] GC(2690) PSYoungGen: 298016K(314880K)->64K(313856K) Eden: 297984K(297984K)->0K(297984K) From: 32K(16896K)->64K(15872K)
[956.167s][info][gc,heap        ] GC(2690) ParOldGen: 572944K(573440K)->572944K(573440K)
[956.167s][info][gc,metaspace   ] GC(2690) Metaspace: 35690K(36416K)->35690K(36416K) NonClass: 26478K(27008K)->26478K(27008K) Class: 9211K(9408K)->9211K(9408K)
[956.167s][info][gc             ] GC(2690) Pause Young (Allocation Failure) 850M->559M(866M) 1.669ms
[956.167s][info][gc,cpu         ] GC(2690) User=0.00s Sys=0.00s Real=0.00s
[956.248s][info][gc,start       ] GC(2691) Pause Young (Allocation Failure)
[956.249s][info][gc,heap        ] GC(2691) PSYoungGen: 298048K(313856K)->64K(316928K) Eden: 297984K(297984K)->0K(302080K) From: 64K(15872K)->64K(14848K)
[956.249s][info][gc,heap        ] GC(2691) ParOldGen: 572944K(573440K)->572960K(573440K)
[956.249s][info][gc,metaspace   ] GC(2691) Metaspace: 35690K(36416K)->35690K(36416K) NonClass: 26478K(27008K)->26478K(27008K) Class: 9211K(9408K)->9211K(9408K)
[956.249s][info][gc             ] GC(2691) Pause Young (Allocation Failure) 850M->559M(869M) 1.582ms
[956.249s][info][gc,cpu         ] GC(2691) User=0.00s Sys=0.00s Real=0.00s
[956.391s][info][gc,start       ] GC(2692) Pause Young (Allocation Failure)
[956.392s][info][gc,heap        ] GC(2692) PSYoungGen: 302144K(316928K)->64K(316416K) Eden: 302080K(302080K)->0K(302080K) From: 64K(14848K)->64K(14336K)
[956.392s][info][gc,heap        ] GC(2692) ParOldGen: 572960K(573440K)->572960K(573440K)
[956.392s][info][gc,metaspace   ] GC(2692) Metaspace: 35690K(36416K)->35690K(36416K) NonClass: 26478K(27008K)->26478K(27008K) Class: 9211K(9408K)->9211K(9408K)
[956.392s][info][gc             ] GC(2692) Pause Young (Allocation Failure) 854M->559M(869M) 1.517ms
[956.392s][info][gc,cpu         ] GC(2692) User=0.00s Sys=0.00s Real=0.01s
[957.344s][info][gc,start       ] GC(2693) Pause Young (Allocation Failure)
[957.346s][info][gc,heap        ] GC(2693) PSYoungGen: 302144K(316416K)->83K(318464K) Eden: 302080K(302080K)->0K(305152K) From: 64K(14336K)->83K(13312K)
[957.346s][info][gc,heap        ] GC(2693) ParOldGen: 572960K(573440K)->572968K(573440K)
[957.346s][info][gc,metaspace   ] GC(2693) Metaspace: 35690K(36416K)->35690K(36416K) NonClass: 26478K(27008K)->26478K(27008K) Class: 9211K(9408K)->9211K(9408K)
[957.346s][info][gc             ] GC(2693) Pause Young (Allocation Failure) 854M->559M(871M) 1.786ms
[957.346s][info][gc,cpu         ] GC(2693) User=0.00s Sys=0.00s Real=0.00s
[958.167s][info][gc,start       ] GC(2694) Pause Young (Allocation Failure)
[958.169s][info][gc,heap        ] GC(2694) PSYoungGen: 305235K(318464K)->64K(293376K) Eden: 305152K(305152K)->0K(292864K) From: 83K(13312K)->64K(512K)
[958.169s][info][gc,heap        ] GC(2694) ParOldGen: 572968K(573440K)->572976K(573440K)
[958.169s][info][gc,metaspace   ] GC(2694) Metaspace: 35690K(36416K)->35690K(36416K) NonClass: 26478K(27008K)->26478K(27008K) Class: 9211K(9408K)->9211K(9408K)
[958.169s][info][gc             ] GC(2694) Pause Young (Allocation Failure) 857M->559M(846M) 1.771ms
[958.169s][info][gc,cpu         ] GC(2694) User=0.00s Sys=0.00s Real=0.00s
[958.463s][info][gc,start       ] GC(2695) Pause Young (Allocation Failure)
[958.464s][info][gc,heap        ] GC(2695) PSYoungGen: 292928K(293376K)->64K(281600K) Eden: 292864K(292864K)->0K(281088K) From: 64K(512K)->64K(512K)
[958.464s][info][gc,heap        ] GC(2695) ParOldGen: 572976K(573440K)->572984K(573440K)
[958.464s][info][gc,metaspace   ] GC(2695) Metaspace: 35690K(36416K)->35690K(36416K) NonClass: 26478K(27008K)->26478K(27008K) Class: 9211K(9408K)->9211K(9408K)
[958.464s][info][gc             ] GC(2695) Pause Young (Allocation Failure) 845M->559M(835M) 1.652ms
[958.464s][info][gc,cpu         ] GC(2695) User=0.00s Sys=0.00s Real=0.00s
[958.919s][info][gc,start       ] GC(2696) Pause Young (Allocation Failure)
[958.920s][info][gc,heap        ] GC(2696) PSYoungGen: 281152K(281600K)->64K(280576K) Eden: 281088K(281088K)->0K(269824K) From: 64K(512K)->64K(10752K)
[958.920s][info][gc,heap        ] GC(2696) ParOldGen: 572984K(573440K)->572992K(573440K)
[958.920s][info][gc,metaspace   ] GC(2696) Metaspace: 35690K(36416K)->35690K(36416K) NonClass: 26478K(27008K)->26478K(27008K) Class: 9211K(9408K)->9211K(9408K)
[958.920s][info][gc             ] GC(2696) Pause Young (Allocation Failure) 834M->559M(834M) 1.609ms
[958.920s][info][gc,cpu         ] GC(2696) User=0.00s Sys=0.00s Real=0.00s
[959.857s][info][gc,start       ] GC(2697) Pause Young (Allocation Failure)
[959.859s][info][gc,heap        ] GC(2697) PSYoungGen: 269888K(280576K)->64K(260096K) Eden: 269824K(269824K)->0K(259584K) From: 64K(10752K)->64K(512K)
[959.859s][info][gc,heap        ] GC(2697) ParOldGen: 572992K(573440K)->573000K(573440K)
[959.859s][info][gc,metaspace   ] GC(2697) Metaspace: 35690K(36416K)->35690K(36416K) NonClass: 26478K(27008K)->26478K(27008K) Class: 9211K(9408K)->9211K(9408K)
[959.859s][info][gc             ] GC(2697) Pause Young (Allocation Failure) 823M->559M(814M) 2.338ms
[959.859s][info][gc,cpu         ] GC(2697) User=0.00s Sys=0.00s Real=0.00s
[960.227s][info][gc,start       ] GC(2698) Pause Young (Allocation Failure)
[960.230s][info][gc,heap        ] GC(2698) PSYoungGen: 259648K(260096K)->64K(259584K) Eden: 259584K(259584K)->0K(249856K) From: 64K(512K)->64K(9728K)
[960.230s][info][gc,heap        ] GC(2698) ParOldGen: 573000K(573440K)->573008K(573440K)
[960.230s][info][gc,metaspace   ] GC(2698) Metaspace: 35690K(36416K)->35690K(36416K) NonClass: 26478K(27008K)->26478K(27008K) Class: 9211K(9408K)->9211K(9408K)
[960.230s][info][gc             ] GC(2698) Pause Young (Allocation Failure) 813M->559M(813M) 2.931ms
[960.230s][info][gc,cpu         ] GC(2698) User=0.00s Sys=0.00s Real=0.00s
[960.326s][info][gc,start       ] GC(2699) Pause Young (Allocation Failure)
[960.328s][info][gc,heap        ] GC(2699) PSYoungGen: 249920K(259584K)->64K(240640K) Eden: 249856K(249856K)->0K(240128K) From: 64K(9728K)->64K(512K)
[960.328s][info][gc,heap        ] GC(2699) ParOldGen: 573008K(573440K)->573016K(573440K)
[960.328s][info][gc,metaspace   ] GC(2699) Metaspace: 35690K(36416K)->35690K(36416K) NonClass: 26478K(27008K)->26478K(27008K) Class: 9211K(9408K)->9211K(9408K)
[960.328s][info][gc             ] GC(2699) Pause Young (Allocation Failure) 803M->559M(795M) 2.122ms
[960.328s][info][gc,cpu         ] GC(2699) User=0.01s Sys=0.00s Real=0.00s
[960.903s][info][gc,start       ] GC(2700) Pause Young (Allocation Failure)
[960.905s][info][gc,heap        ] GC(2700) PSYoungGen: 240192K(240640K)->64K(239104K) Eden: 240128K(240128K)->0K(230912K) From: 64K(512K)->64K(8192K)
[960.905s][info][gc,heap        ] GC(2700) ParOldGen: 573016K(573440K)->573024K(573440K)
[960.905s][info][gc,metaspace   ] GC(2700) Metaspace: 35690K(36416K)->35690K(36416K) NonClass: 26478K(27008K)->26478K(27008K) Class: 9211K(9408K)->9211K(9408K)
[960.905s][info][gc             ] GC(2700) Pause Young (Allocation Failure) 794M->559M(793M) 1.533ms
[960.905s][info][gc,cpu         ] GC(2700) User=0.00s Sys=0.00s Real=0.00s
[961.111s][info][gc,start       ] GC(2701) Pause Young (Allocation Failure)
[961.113s][info][gc,heap        ] GC(2701) PSYoungGen: 230976K(239104K)->64K(222720K) Eden: 230912K(230912K)->0K(222208K) From: 64K(8192K)->64K(512K)
[961.113s][info][gc,heap        ] GC(2701) ParOldGen: 573024K(573440K)->573032K(573440K)
[961.113s][info][gc,metaspace   ] GC(2701) Metaspace: 35690K(36416K)->35690K(36416K) NonClass: 26478K(27008K)->26478K(27008K) Class: 9211K(9408K)->9211K(9408K)
[961.113s][info][gc             ] GC(2701) Pause Young (Allocation Failure) 785M->559M(777M) 2.027ms
[961.113s][info][gc,cpu         ] GC(2701) User=0.00s Sys=0.00s Real=0.01s
[961.405s][info][gc,start       ] GC(2702) Pause Young (Allocation Failure)
[961.440s][info][gc,heap        ] GC(2702) PSYoungGen: 222272K(222720K)->7168K(272896K) Eden: 222208K(222208K)->0K(265728K) From: 64K(512K)->7168K(7168K)
[961.440s][info][gc,heap        ] GC(2702) ParOldGen: 573032K(573440K)->584368K(584704K)
[961.440s][info][gc,metaspace   ] GC(2702) Metaspace: 35690K(36416K)->35690K(36416K) NonClass: 26478K(27008K)->26478K(27008K) Class: 9211K(9408K)->9211K(9408K)
[961.440s][info][gc             ] GC(2702) Pause Young (Allocation Failure) 776M->577M(837M) 35.243ms
[961.440s][info][gc,cpu         ] GC(2702) User=0.06s Sys=0.01s Real=0.03s
[961.749s][info][gc,start       ] GC(2703) Pause Young (Allocation Failure)
[961.814s][info][gc,heap        ] GC(2703) PSYoungGen: 272896K(272896K)->13312K(269824K) Eden: 265728K(265728K)->0K(256512K) From: 7168K(7168K)->13312K(13312K)
[961.815s][info][gc,heap        ] GC(2703) ParOldGen: 584368K(584704K)->601344K(601600K)
[961.815s][info][gc,metaspace   ] GC(2703) Metaspace: 35690K(36416K)->35690K(36416K) NonClass: 26478K(27008K)->26478K(27008K) Class: 9211K(9408K)->9211K(9408K)
[961.815s][info][gc             ] GC(2703) Pause Young (Allocation Failure) 837M->600M(851M) 65.429ms
[961.815s][info][gc,cpu         ] GC(2703) User=0.11s Sys=0.02s Real=0.07s
[961.996s][info][gc,start       ] GC(2704) Pause Young (Allocation Failure)
[962.022s][info][gc,heap        ] GC(2704) PSYoungGen: 269824K(269824K)->14176K(279040K) Eden: 256512K(256512K)->0K(256512K) From: 13312K(13312K)->14176K(22528K)
[962.023s][info][gc,heap        ] GC(2704) ParOldGen: 601344K(601600K)->601808K(602112K)
[962.023s][info][gc,metaspace   ] GC(2704) Metaspace: 35690K(36416K)->35690K(36416K) NonClass: 26478K(27008K)->26478K(27008K) Class: 9211K(9408K)->9211K(9408K)
[962.023s][info][gc             ] GC(2704) Pause Young (Allocation Failure) 850M->601M(860M) 26.872ms
[962.023s][info][gc,cpu         ] GC(2704) User=0.05s Sys=0.00s Real=0.03s
[962.317s][info][gc,start       ] GC(2705) Pause Young (Allocation Failure)
[962.319s][info][gc,heap        ] GC(2705) PSYoungGen: 270688K(279040K)->64K(310272K) Eden: 256512K(256512K)->0K(286720K) From: 14176K(22528K)->64K(23552K)
[962.319s][info][gc,heap        ] GC(2705) ParOldGen: 601808K(602112K)->601816K(602112K)
[962.319s][info][gc,metaspace   ] GC(2705) Metaspace: 35690K(36416K)->35690K(36416K) NonClass: 26478K(27008K)->26478K(27008K) Class: 9211K(9408K)->9211K(9408K)
[962.319s][info][gc             ] GC(2705) Pause Young (Allocation Failure) 852M->587M(891M) 1.944ms
[962.319s][info][gc,cpu         ] GC(2705) User=0.00s Sys=0.00s Real=0.00s
[962.927s][info][gc,start       ] GC(2706) Pause Young (Allocation Failure)
[962.928s][info][gc,heap        ] GC(2706) PSYoungGen: 286784K(310272K)->64K(309760K) Eden: 286720K(286720K)->0K(286720K) From: 64K(23552K)->64K(23040K)
[962.928s][info][gc,heap        ] GC(2706) ParOldGen: 601816K(602112K)->601824K(602112K)
[962.928s][info][gc,metaspace   ] GC(2706) Metaspace: 35690K(36416K)->35690K(36416K) NonClass: 26478K(27008K)->26478K(27008K) Class: 9211K(9408K)->9211K(9408K)
[962.928s][info][gc             ] GC(2706) Pause Young (Allocation Failure) 867M->587M(890M) 1.771ms
[962.928s][info][gc,cpu         ] GC(2706) User=0.00s Sys=0.00s Real=0.00s
[963.375s][info][gc,start       ] GC(2707) Pause Young (Allocation Failure)
[963.376s][info][gc,heap        ] GC(2707) PSYoungGen: 286784K(309760K)->64K(309760K) Eden: 286720K(286720K)->0K(288256K) From: 64K(23040K)->64K(21504K)
[963.376s][info][gc,heap        ] GC(2707) ParOldGen: 601824K(602112K)->601840K(602112K)
[963.376s][info][gc,metaspace   ] GC(2707) Metaspace: 35690K(36416K)->35690K(36416K) NonClass: 26478K(27008K)->26478K(27008K) Class: 9211K(9408K)->9211K(9408K)
[963.376s][info][gc             ] GC(2707) Pause Young (Allocation Failure) 867M->587M(890M) 1.801ms
[963.376s][info][gc,cpu         ] GC(2707) User=0.01s Sys=0.00s Real=0.00s
[963.583s][info][gc,start       ] GC(2708) Pause Young (Allocation Failure)
[963.585s][info][gc,heap        ] GC(2708) PSYoungGen: 288320K(309760K)->64K(309760K) Eden: 288256K(288256K)->0K(288256K) From: 64K(21504K)->64K(21504K)
[963.585s][info][gc,heap        ] GC(2708) ParOldGen: 601840K(602112K)->601856K(602112K)
[963.585s][info][gc,metaspace   ] GC(2708) Metaspace: 35690K(36416K)->35690K(36416K) NonClass: 26478K(27008K)->26478K(27008K) Class: 9211K(9408K)->9211K(9408K)
[963.585s][info][gc             ] GC(2708) Pause Young (Allocation Failure) 869M->587M(890M) 1.701ms
[963.585s][info][gc,cpu         ] GC(2708) User=0.01s Sys=0.00s Real=0.00s
[963.791s][info][gc,start       ] GC(2709) Pause Young (Allocation Failure)
[963.793s][info][gc,heap        ] GC(2709) PSYoungGen: 288320K(309760K)->64K(311808K) Eden: 288256K(288256K)->0K(291328K) From: 64K(21504K)->64K(20480K)
[963.793s][info][gc,heap        ] GC(2709) ParOldGen: 601856K(602112K)->601856K(602112K)
[963.793s][info][gc,metaspace   ] GC(2709) Metaspace: 35690K(36416K)->35690K(36416K) NonClass: 26478K(27008K)->26478K(27008K) Class: 9211K(9408K)->9211K(9408K)
[963.793s][info][gc             ] GC(2709) Pause Young (Allocation Failure) 869M->587M(892M) 1.676ms
[963.793s][info][gc,cpu         ] GC(2709) User=0.00s Sys=0.00s Real=0.01s
[964.096s][info][gc,start       ] GC(2710) Pause Young (Allocation Failure)
[964.098s][info][gc,heap        ] GC(2710) PSYoungGen: 291392K(311808K)->64K(311296K) Eden: 291328K(291328K)->0K(291328K) From: 64K(20480K)->64K(19968K)
[964.098s][info][gc,heap        ] GC(2710) ParOldGen: 601856K(602112K)->601856K(602112K)
[964.098s][info][gc,metaspace   ] GC(2710) Metaspace: 35690K(36416K)->35690K(36416K) NonClass: 26478K(27008K)->26478K(27008K) Class: 9211K(9408K)->9211K(9408K)
[964.098s][info][gc             ] GC(2710) Pause Young (Allocation Failure) 872M->587M(892M) 1.644ms
[964.098s][info][gc,cpu         ] GC(2710) User=0.00s Sys=0.00s Real=0.00s
[964.148s][info][gc,start       ] GC(2711) Pause Young (Allocation Failure)
[964.150s][info][gc,heap        ] GC(2711) PSYoungGen: 291392K(311296K)->64K(312832K) Eden: 291328K(291328K)->0K(294400K) From: 64K(19968K)->64K(18432K)
[964.150s][info][gc,heap        ] GC(2711) ParOldGen: 601856K(602112K)->601872K(602112K)
[964.150s][info][gc,metaspace   ] GC(2711) Metaspace: 35690K(36416K)->35690K(36416K) NonClass: 26478K(27008K)->26478K(27008K) Class: 9211K(9408K)->9211K(9408K)
[964.150s][info][gc             ] GC(2711) Pause Young (Allocation Failure) 872M->587M(893M) 1.596ms
[964.150s][info][gc,cpu         ] GC(2711) User=0.00s Sys=0.00s Real=0.00s
[964.217s][info][gc,start       ] GC(2712) Pause Young (Allocation Failure)
[964.218s][info][gc,heap        ] GC(2712) PSYoungGen: 294464K(312832K)->64K(312320K) Eden: 294400K(294400K)->0K(294400K) From: 64K(18432K)->64K(17920K)
[964.218s][info][gc,heap        ] GC(2712) ParOldGen: 601872K(602112K)->601872K(602112K)
[964.218s][info][gc,metaspace   ] GC(2712) Metaspace: 35690K(36416K)->35690K(36416K) NonClass: 26478K(27008K)->26478K(27008K) Class: 9211K(9408K)->9211K(9408K)
[964.218s][info][gc             ] GC(2712) Pause Young (Allocation Failure) 875M->587M(893M) 1.639ms
[964.218s][info][gc,cpu         ] GC(2712) User=0.00s Sys=0.00s Real=0.00s
[964.437s][info][gc,start       ] GC(2713) Pause Young (Allocation Failure)
[964.438s][info][gc,heap        ] GC(2713) PSYoungGen: 294464K(312320K)->64K(314880K) Eden: 294400K(294400K)->0K(298496K) From: 64K(17920K)->64K(16384K)
[964.438s][info][gc,heap        ] GC(2713) ParOldGen: 601872K(602112K)->601888K(602112K)
[964.438s][info][gc,metaspace   ] GC(2713) Metaspace: 35690K(36416K)->35690K(36416K) NonClass: 26478K(27008K)->26478K(27008K) Class: 9211K(9408K)->9211K(9408K)
[964.438s][info][gc             ] GC(2713) Pause Young (Allocation Failure) 875M->587M(895M) 1.628ms
[964.438s][info][gc,cpu         ] GC(2713) User=0.00s Sys=0.00s Real=0.00s
[964.641s][info][gc,start       ] GC(2714) Pause Young (Allocation Failure)
[964.642s][info][gc,heap        ] GC(2714) PSYoungGen: 298560K(314880K)->64K(314368K) Eden: 298496K(298496K)->0K(298496K) From: 64K(16384K)->64K(15872K)
[964.642s][info][gc,heap        ] GC(2714) ParOldGen: 601888K(602112K)->601888K(602112K)
[964.642s][info][gc,metaspace   ] GC(2714) Metaspace: 35690K(36416K)->35690K(36416K) NonClass: 26478K(27008K)->26478K(27008K) Class: 9211K(9408K)->9211K(9408K)
[964.642s][info][gc             ] GC(2714) Pause Young (Allocation Failure) 879M->587M(895M) 1.673ms
[964.642s][info][gc,cpu         ] GC(2714) User=0.00s Sys=0.00s Real=0.01s
[964.723s][info][gc,start       ] GC(2715) Pause Young (Allocation Failure)
[964.725s][info][gc,heap        ] GC(2715) PSYoungGen: 298560K(314368K)->64K(316928K) Eden: 298496K(298496K)->0K(302080K) From: 64K(15872K)->64K(14848K)
[964.725s][info][gc,heap        ] GC(2715) ParOldGen: 601888K(602112K)->601904K(602112K)
[964.725s][info][gc,metaspace   ] GC(2715) Metaspace: 35690K(36416K)->35690K(36416K) NonClass: 26478K(27008K)->26478K(27008K) Class: 9211K(9408K)->9211K(9408K)
[964.725s][info][gc             ] GC(2715) Pause Young (Allocation Failure) 879M->587M(897M) 1.582ms
[964.725s][info][gc,cpu         ] GC(2715) User=0.00s Sys=0.00s Real=0.00s
[964.870s][info][gc,start       ] GC(2716) Pause Young (Allocation Failure)
[964.872s][info][gc,heap        ] GC(2716) PSYoungGen: 302144K(316928K)->64K(316416K) Eden: 302080K(302080K)->0K(302080K) From: 64K(14848K)->64K(14336K)
[964.872s][info][gc,heap        ] GC(2716) ParOldGen: 601904K(602112K)->601904K(602112K)
[964.872s][info][gc,metaspace   ] GC(2716) Metaspace: 35690K(36416K)->35690K(36416K) NonClass: 26478K(27008K)->26478K(27008K) Class: 9211K(9408K)->9211K(9408K)
[964.872s][info][gc             ] GC(2716) Pause Young (Allocation Failure) 882M->587M(897M) 1.750ms
[964.872s][info][gc,cpu         ] GC(2716) User=0.00s Sys=0.00s Real=0.00s
[965.822s][info][gc,start       ] GC(2717) Pause Young (Allocation Failure)
[965.824s][info][gc,heap        ] GC(2717) PSYoungGen: 302130K(316416K)->83K(318464K) Eden: 302066K(302080K)->0K(305664K) From: 64K(14336K)->83K(12800K)
[965.824s][info][gc,heap        ] GC(2717) ParOldGen: 601904K(602112K)->601912K(602112K)
[965.824s][info][gc,metaspace   ] GC(2717) Metaspace: 35690K(36416K)->35690K(36416K) NonClass: 26478K(27008K)->26478K(27008K) Class: 9211K(9408K)->9211K(9408K)
[965.824s][info][gc             ] GC(2717) Pause Young (Allocation Failure) 882M->587M(899M) 1.744ms
[965.824s][info][gc,cpu         ] GC(2717) User=0.00s Sys=0.00s Real=0.00s
[966.648s][info][gc,start       ] GC(2718) Pause Young (Allocation Failure)
[966.650s][info][gc,heap        ] GC(2718) PSYoungGen: 305747K(318464K)->64K(293888K) Eden: 305664K(305664K)->0K(293376K) From: 83K(12800K)->64K(512K)
[966.650s][info][gc,heap        ] GC(2718) ParOldGen: 601912K(602112K)->601920K(602112K)
[966.650s][info][gc,metaspace   ] GC(2718) Metaspace: 35690K(36416K)->35690K(36416K) NonClass: 26478K(27008K)->26478K(27008K) Class: 9211K(9408K)->9211K(9408K)
[966.650s][info][gc             ] GC(2718) Pause Young (Allocation Failure) 886M->587M(875M) 1.887ms
[966.650s][info][gc,cpu         ] GC(2718) User=0.00s Sys=0.00s Real=0.00s
[966.957s][info][gc,start       ] GC(2719) Pause Young (Allocation Failure)
[966.959s][info][gc,heap        ] GC(2719) PSYoungGen: 293440K(293888K)->64K(282112K) Eden: 293376K(293376K)->0K(281600K) From: 64K(512K)->64K(512K)
[966.959s][info][gc,heap        ] GC(2719) ParOldGen: 601920K(602112K)->601928K(602112K)
[966.959s][info][gc,metaspace   ] GC(2719) Metaspace: 35690K(36416K)->35690K(36416K) NonClass: 26478K(27008K)->26478K(27008K) Class: 9211K(9408K)->9211K(9408K)
[966.959s][info][gc             ] GC(2719) Pause Young (Allocation Failure) 874M->587M(863M) 1.809ms
[966.959s][info][gc,cpu         ] GC(2719) User=0.00s Sys=0.00s Real=0.00s
[967.613s][info][gc,start       ] GC(2720) Pause Young (Allocation Failure)
[967.615s][info][gc,heap        ] GC(2720) PSYoungGen: 281664K(282112K)->64K(281088K) Eden: 281600K(281600K)->0K(270336K) From: 64K(512K)->64K(10752K)
[967.615s][info][gc,heap        ] GC(2720) ParOldGen: 601928K(602112K)->601936K(602112K)
[967.615s][info][gc,metaspace   ] GC(2720) Metaspace: 35690K(36416K)->35690K(36416K) NonClass: 26478K(27008K)->26478K(27008K) Class: 9211K(9408K)->9211K(9408K)
[967.615s][info][gc             ] GC(2720) Pause Young (Allocation Failure) 862M->587M(862M) 1.600ms
[967.615s][info][gc,cpu         ] GC(2720) User=0.01s Sys=0.00s Real=0.00s
[968.335s][info][gc,start       ] GC(2721) Pause Young (Allocation Failure)
[968.337s][info][gc,heap        ] GC(2721) PSYoungGen: 270400K(281088K)->64K(260608K) Eden: 270336K(270336K)->0K(260096K) From: 64K(10752K)->64K(512K)
[968.337s][info][gc,heap        ] GC(2721) ParOldGen: 601936K(602112K)->601944K(602112K)
[968.337s][info][gc,metaspace   ] GC(2721) Metaspace: 35690K(36416K)->35690K(36416K) NonClass: 26478K(27008K)->26478K(27008K) Class: 9211K(9408K)->9211K(9408K)
[968.337s][info][gc             ] GC(2721) Pause Young (Allocation Failure) 851M->587M(842M) 2.296ms
[968.337s][info][gc,cpu         ] GC(2721) User=0.01s Sys=0.00s Real=0.00s
[968.702s][info][gc,start       ] GC(2722) Pause Young (Allocation Failure)
[968.704s][info][gc,heap        ] GC(2722) PSYoungGen: 260160K(260608K)->64K(259072K) Eden: 260096K(260096K)->0K(249856K) From: 64K(512K)->64K(9216K)
[968.704s][info][gc,heap        ] GC(2722) ParOldGen: 601944K(602112K)->601952K(602112K)
[968.704s][info][gc,metaspace   ] GC(2722) Metaspace: 35690K(36416K)->35690K(36416K) NonClass: 26478K(27008K)->26478K(27008K) Class: 9211K(9408K)->9211K(9408K)
[968.704s][info][gc             ] GC(2722) Pause Young (Allocation Failure) 841M->587M(841M) 2.005ms
[968.704s][info][gc,cpu         ] GC(2722) User=0.00s Sys=0.00s Real=0.01s
[968.803s][info][gc,start       ] GC(2723) Pause Young (Allocation Failure)
[968.806s][info][gc,heap        ] GC(2723) PSYoungGen: 249920K(259072K)->64K(289280K) Eden: 249856K(249856K)->0K(280576K) From: 64K(9216K)->64K(8704K)
[968.806s][info][gc,heap        ] GC(2723) ParOldGen: 601952K(602112K)->601960K(602112K)
[968.806s][info][gc,metaspace   ] GC(2723) Metaspace: 35690K(36416K)->35690K(36416K) NonClass: 26478K(27008K)->26478K(27008K) Class: 9211K(9408K)->9211K(9408K)
[968.806s][info][gc             ] GC(2723) Pause Young (Allocation Failure) 831M->587M(870M) 3.052ms
[968.806s][info][gc,cpu         ] GC(2723) User=0.00s Sys=0.00s Real=0.00s
[969.393s][info][gc,start       ] GC(2724) Pause Young (Allocation Failure)
[969.396s][info][gc,heap        ] GC(2724) PSYoungGen: 280640K(289280K)->32K(288768K) Eden: 280576K(280576K)->0K(280576K) From: 64K(8704K)->32K(8192K)
[969.396s][info][gc,heap        ] GC(2724) ParOldGen: 601960K(602112K)->601968K(602112K)
[969.396s][info][gc,metaspace   ] GC(2724) Metaspace: 35690K(36416K)->35690K(36416K) NonClass: 26478K(27008K)->26478K(27008K) Class: 9211K(9408K)->9211K(9408K)
[969.396s][info][gc             ] GC(2724) Pause Young (Allocation Failure) 861M->587M(870M) 3.080ms
[969.396s][info][gc,cpu         ] GC(2724) User=0.00s Sys=0.00s Real=0.00s
[969.739s][info][gc,start       ] GC(2725) Pause Young (Allocation Failure)
[969.750s][info][gc,heap        ] GC(2725) PSYoungGen: 280608K(288768K)->4768K(323584K) Eden: 280576K(280576K)->0K(315904K) From: 32K(8192K)->4768K(7680K)
[969.750s][info][gc,heap        ] GC(2725) ParOldGen: 601968K(602112K)->601976K(602112K)
[969.750s][info][gc,metaspace   ] GC(2725) Metaspace: 35690K(36416K)->35690K(36416K) NonClass: 26478K(27008K)->26478K(27008K) Class: 9211K(9408K)->9211K(9408K)
[969.750s][info][gc             ] GC(2725) Pause Young (Allocation Failure) 861M->592M(904M) 10.747ms
[969.750s][info][gc,cpu         ] GC(2725) User=0.02s Sys=0.01s Real=0.01s
[970.130s][info][gc,start       ] GC(2726) Pause Young (Allocation Failure)
[970.206s][info][gc,heap        ] GC(2726) PSYoungGen: 320672K(323584K)->8704K(324608K) Eden: 315904K(315904K)->0K(315904K) From: 4768K(7680K)->8704K(8704K)
[970.206s][info][gc,heap        ] GC(2726) ParOldGen: 601976K(602112K)->628928K(629248K)
[970.206s][info][gc,metaspace   ] GC(2726) Metaspace: 35690K(36416K)->35690K(36416K) NonClass: 26478K(27008K)->26478K(27008K) Class: 9211K(9408K)->9211K(9408K)
[970.206s][info][gc             ] GC(2726) Pause Young (Allocation Failure) 901M->622M(931M) 75.226ms
[970.206s][info][gc,cpu         ] GC(2726) User=0.12s Sys=0.03s Real=0.08s
[970.468s][info][gc,start       ] GC(2727) Pause Young (Allocation Failure)
[970.520s][info][gc,heap        ] GC(2727) PSYoungGen: 324608K(324608K)->9216K(291840K) Eden: 315904K(315904K)->0K(282624K) From: 8704K(8704K)->9216K(9216K)
[970.520s][info][gc,heap        ] GC(2727) ParOldGen: 628928K(629248K)->642680K(643072K)
[970.520s][info][gc,metaspace   ] GC(2727) Metaspace: 35690K(36416K)->35690K(36416K) NonClass: 26478K(27008K)->26478K(27008K) Class: 9211K(9408K)->9211K(9408K)
[970.520s][info][gc             ] GC(2727) Pause Young (Allocation Failure) 931M->636M(913M) 51.863ms
[970.520s][info][gc,cpu         ] GC(2727) User=0.09s Sys=0.01s Real=0.05s
[970.850s][info][gc,start       ] GC(2728) Pause Young (Allocation Failure)
[970.856s][info][gc,heap        ] GC(2728) PSYoungGen: 291840K(291840K)->64K(308224K) Eden: 282624K(282624K)->0K(282624K) From: 9216K(9216K)->64K(25600K)
[970.856s][info][gc,heap        ] GC(2728) ParOldGen: 642680K(643072K)->643040K(643072K)
[970.856s][info][gc,metaspace   ] GC(2728) Metaspace: 35690K(36416K)->35690K(36416K) NonClass: 26478K(27008K)->26478K(27008K) Class: 9211K(9408K)->9211K(9408K)
[970.856s][info][gc             ] GC(2728) Pause Young (Allocation Failure) 912M->628M(929M) 5.549ms
[970.856s][info][gc,cpu         ] GC(2728) User=0.01s Sys=0.00s Real=0.01s
[971.442s][info][gc,start       ] GC(2729) Pause Young (Allocation Failure)
[971.444s][info][gc,heap        ] GC(2729) PSYoungGen: 282688K(308224K)->64K(305664K) Eden: 282624K(282624K)->0K(283136K) From: 64K(25600K)->64K(22528K)
[971.444s][info][gc,heap        ] GC(2729) ParOldGen: 643040K(643072K)->643048K(643072K)
[971.444s][info][gc,metaspace   ] GC(2729) Metaspace: 35690K(36416K)->35690K(36416K) NonClass: 26478K(27008K)->26478K(27008K) Class: 9211K(9408K)->9211K(9408K)
[971.444s][info][gc             ] GC(2729) Pause Young (Allocation Failure) 904M->628M(926M) 2.058ms
[971.444s][info][gc,cpu         ] GC(2729) User=0.01s Sys=0.00s Real=0.01s
[971.883s][info][gc,start       ] GC(2730) Pause Young (Allocation Failure)
[971.885s][info][gc,heap        ] GC(2730) PSYoungGen: 283200K(305664K)->64K(307200K) Eden: 283136K(283136K)->0K(283136K) From: 64K(22528K)->64K(24064K)
[971.885s][info][gc,heap        ] GC(2730) ParOldGen: 643048K(643072K)->643064K(643072K)
[971.885s][info][gc,metaspace   ] GC(2730) Metaspace: 35690K(36416K)->35690K(36416K) NonClass: 26478K(27008K)->26478K(27008K) Class: 9211K(9408K)->9211K(9408K)
[971.885s][info][gc             ] GC(2730) Pause Young (Allocation Failure) 904M->628M(928M) 1.864ms
[971.885s][info][gc,cpu         ] GC(2730) User=0.01s Sys=0.00s Real=0.00s
[972.090s][info][gc,start       ] GC(2731) Pause Young (Allocation Failure)
[972.092s][info][gc,heap        ] GC(2731) PSYoungGen: 283200K(307200K)->64K(307200K) Eden: 283136K(283136K)->0K(286720K) From: 64K(24064K)->64K(20480K)
[972.092s][info][gc,heap        ] GC(2731) ParOldGen: 643064K(643072K)->643080K(643584K)
[972.092s][info][gc,metaspace   ] GC(2731) Metaspace: 35690K(36416K)->35690K(36416K) NonClass: 26478K(27008K)->26478K(27008K) Class: 9211K(9408K)->9211K(9408K)
[972.092s][info][gc             ] GC(2731) Pause Young (Allocation Failure) 904M->628M(928M) 1.945ms
[972.092s][info][gc,cpu         ] GC(2731) User=0.00s Sys=0.00s Real=0.01s
[972.298s][info][gc,start       ] GC(2732) Pause Young (Allocation Failure)
[972.300s][info][gc,heap        ] GC(2732) PSYoungGen: 286784K(307200K)->64K(308736K) Eden: 286720K(286720K)->0K(286720K) From: 64K(20480K)->64K(22016K)
[972.300s][info][gc,heap        ] GC(2732) ParOldGen: 643080K(643584K)->643080K(643584K)
[972.300s][info][gc,metaspace   ] GC(2732) Metaspace: 35690K(36416K)->35690K(36416K) NonClass: 26478K(27008K)->26478K(27008K) Class: 9211K(9408K)->9211K(9408K)
[972.300s][info][gc             ] GC(2732) Pause Young (Allocation Failure) 908M->628M(930M) 1.717ms
[972.300s][info][gc,cpu         ] GC(2732) User=0.00s Sys=0.00s Real=0.00s
[972.606s][info][gc,start       ] GC(2733) Pause Young (Allocation Failure)
[972.608s][info][gc,heap        ] GC(2733) PSYoungGen: 286784K(308736K)->64K(309248K) Eden: 286720K(286720K)->0K(290816K) From: 64K(22016K)->64K(18432K)
[972.608s][info][gc,heap        ] GC(2733) ParOldGen: 643080K(643584K)->643080K(643584K)
[972.608s][info][gc,metaspace   ] GC(2733) Metaspace: 35690K(36416K)->35690K(36416K) NonClass: 26478K(27008K)->26478K(27008K) Class: 9211K(9408K)->9211K(9408K)
[972.608s][info][gc             ] GC(2733) Pause Young (Allocation Failure) 908M->628M(930M) 1.748ms
[972.608s][info][gc,cpu         ] GC(2733) User=0.00s Sys=0.00s Real=0.00s
[972.658s][info][gc,start       ] GC(2734) Pause Young (Allocation Failure)
[972.659s][info][gc,heap        ] GC(2734) PSYoungGen: 290880K(309248K)->64K(310784K) Eden: 290816K(290816K)->0K(290816K) From: 64K(18432K)->64K(19968K)
[972.659s][info][gc,heap        ] GC(2734) ParOldGen: 643080K(643584K)->643096K(643584K)
[972.659s][info][gc,metaspace   ] GC(2734) Metaspace: 35690K(36416K)->35690K(36416K) NonClass: 26478K(27008K)->26478K(27008K) Class: 9211K(9408K)->9211K(9408K)
[972.659s][info][gc             ] GC(2734) Pause Young (Allocation Failure) 912M->628M(932M) 1.617ms
[972.659s][info][gc,cpu         ] GC(2734) User=0.00s Sys=0.00s Real=0.00s
[972.719s][info][gc,start       ] GC(2735) Pause Young (Allocation Failure)
[972.720s][info][gc,heap        ] GC(2735) PSYoungGen: 290880K(310784K)->64K(311296K) Eden: 290816K(290816K)->0K(294912K) From: 64K(19968K)->64K(16384K)
[972.720s][info][gc,heap        ] GC(2735) ParOldGen: 643096K(643584K)->643096K(643584K)
[972.720s][info][gc,metaspace   ] GC(2735) Metaspace: 35690K(36416K)->35690K(36416K) NonClass: 26478K(27008K)->26478K(27008K) Class: 9211K(9408K)->9211K(9408K)
[972.720s][info][gc             ] GC(2735) Pause Young (Allocation Failure) 912M->628M(932M) 1.701ms
[972.720s][info][gc,cpu         ] GC(2735) User=0.00s Sys=0.00s Real=0.00s
[972.939s][info][gc,start       ] GC(2736) Pause Young (Allocation Failure)
[972.941s][info][gc,heap        ] GC(2736) PSYoungGen: 294976K(311296K)->64K(312832K) Eden: 294912K(294912K)->0K(294912K) From: 64K(16384K)->64K(17920K)
[972.941s][info][gc,heap        ] GC(2736) ParOldGen: 643096K(643584K)->643112K(643584K)
[972.941s][info][gc,metaspace   ] GC(2736) Metaspace: 35690K(36416K)->35690K(36416K) NonClass: 26478K(27008K)->26478K(27008K) Class: 9211K(9408K)->9211K(9408K)
[972.941s][info][gc             ] GC(2736) Pause Young (Allocation Failure) 916M->628M(934M) 1.783ms
[972.941s][info][gc,cpu         ] GC(2736) User=0.00s Sys=0.00s Real=0.00s
[973.144s][info][gc,start       ] GC(2737) Pause Young (Allocation Failure)
[973.146s][info][gc,heap        ] GC(2737) PSYoungGen: 294976K(312832K)->64K(313344K) Eden: 294912K(294912K)->0K(299008K) From: 64K(17920K)->64K(14336K)
[973.146s][info][gc,heap        ] GC(2737) ParOldGen: 643112K(643584K)->643112K(643584K)
[973.146s][info][gc,metaspace   ] GC(2737) Metaspace: 35690K(36416K)->35690K(36416K) NonClass: 26478K(27008K)->26478K(27008K) Class: 9211K(9408K)->9211K(9408K)
[973.146s][info][gc             ] GC(2737) Pause Young (Allocation Failure) 916M->628M(934M) 1.869ms
[973.146s][info][gc,cpu         ] GC(2737) User=0.00s Sys=0.00s Real=0.00s
[973.228s][info][gc,start       ] GC(2738) Pause Young (Allocation Failure)
[973.229s][info][gc,heap        ] GC(2738) PSYoungGen: 299072K(313344K)->64K(314880K) Eden: 299008K(299008K)->0K(299008K) From: 64K(14336K)->64K(15872K)
[973.229s][info][gc,heap        ] GC(2738) ParOldGen: 643112K(643584K)->643128K(643584K)
[973.229s][info][gc,metaspace   ] GC(2738) Metaspace: 35690K(36416K)->35690K(36416K) NonClass: 26478K(27008K)->26478K(27008K) Class: 9211K(9408K)->9211K(9408K)
[973.229s][info][gc             ] GC(2738) Pause Young (Allocation Failure) 920M->628M(936M) 1.696ms
[973.229s][info][gc,cpu         ] GC(2738) User=0.00s Sys=0.00s Real=0.00s
[973.366s][info][gc,start       ] GC(2739) Pause Young (Allocation Failure)
[973.368s][info][gc,heap        ] GC(2739) PSYoungGen: 299072K(314880K)->64K(315392K) Eden: 299008K(299008K)->0K(303104K) From: 64K(15872K)->64K(12288K)
[973.368s][info][gc,heap        ] GC(2739) ParOldGen: 643128K(643584K)->643128K(643584K)
[973.368s][info][gc,metaspace   ] GC(2739) Metaspace: 35690K(36416K)->35690K(36416K) NonClass: 26478K(27008K)->26478K(27008K) Class: 9211K(9408K)->9211K(9408K)
[973.368s][info][gc             ] GC(2739) Pause Young (Allocation Failure) 920M->628M(936M) 1.668ms
[973.368s][info][gc,cpu         ] GC(2739) User=0.00s Sys=0.00s Real=0.00s
[973.794s][info][gc,start       ] GC(2740) Pause Young (Allocation Failure)
[973.796s][info][gc,heap        ] GC(2740) PSYoungGen: 303168K(315392K)->64K(316928K) Eden: 303104K(303104K)->0K(303104K) From: 64K(12288K)->64K(13824K)
[973.796s][info][gc,heap        ] GC(2740) ParOldGen: 643128K(643584K)->643136K(643584K)
[973.796s][info][gc,metaspace   ] GC(2740) Metaspace: 35690K(36416K)->35690K(36416K) NonClass: 26478K(27008K)->26478K(27008K) Class: 9211K(9408K)->9211K(9408K)
[973.796s][info][gc             ] GC(2740) Pause Young (Allocation Failure) 924M->628M(938M) 1.789ms
[973.796s][info][gc,cpu         ] GC(2740) User=0.00s Sys=0.00s Real=0.00s
[975.169s][info][gc,start       ] GC(2741) Pause Young (Allocation Failure)
[975.171s][info][gc,heap        ] GC(2741) PSYoungGen: 303168K(316928K)->64K(317440K) Eden: 303104K(303104K)->0K(306688K) From: 64K(13824K)->64K(10752K)
[975.171s][info][gc,heap        ] GC(2741) ParOldGen: 643136K(643584K)->643144K(643584K)
[975.171s][info][gc,metaspace   ] GC(2741) Metaspace: 35690K(36416K)->35690K(36416K) NonClass: 26478K(27008K)->26478K(27008K) Class: 9211K(9408K)->9211K(9408K)
[975.171s][info][gc             ] GC(2741) Pause Young (Allocation Failure) 924M->628M(938M) 2.018ms
[975.171s][info][gc,cpu         ] GC(2741) User=0.00s Sys=0.00s Real=0.00s
[975.480s][info][gc,start       ] GC(2742) Pause Young (Allocation Failure)
[975.482s][info][gc,heap        ] GC(2742) PSYoungGen: 306752K(317440K)->64K(294912K) Eden: 306688K(306688K)->0K(294400K) From: 64K(10752K)->64K(512K)
[975.482s][info][gc,heap        ] GC(2742) ParOldGen: 643144K(643584K)->643152K(643584K)
[975.482s][info][gc,metaspace   ] GC(2742) Metaspace: 35690K(36416K)->35690K(36416K) NonClass: 26478K(27008K)->26478K(27008K) Class: 9211K(9408K)->9211K(9408K)
[975.482s][info][gc             ] GC(2742) Pause Young (Allocation Failure) 927M->628M(916M) 2.316ms
[975.482s][info][gc,cpu         ] GC(2742) User=0.00s Sys=0.00s Real=0.01s
[976.315s][info][gc,start       ] GC(2743) Pause Young (Allocation Failure)
[976.317s][info][gc,heap        ] GC(2743) PSYoungGen: 294464K(294912K)->64K(283136K) Eden: 294400K(294400K)->0K(282624K) From: 64K(512K)->64K(512K)
[976.317s][info][gc,heap        ] GC(2743) ParOldGen: 643152K(643584K)->643160K(643584K)
[976.317s][info][gc,metaspace   ] GC(2743) Metaspace: 35690K(36416K)->35690K(36416K) NonClass: 26478K(27008K)->26478K(27008K) Class: 9211K(9408K)->9211K(9408K)
[976.317s][info][gc             ] GC(2743) Pause Young (Allocation Failure) 915M->628M(905M) 2.466ms
[976.317s][info][gc,cpu         ] GC(2743) User=0.00s Sys=0.00s Real=0.00s
[977.028s][info][gc,start       ] GC(2744) Pause Young (Allocation Failure)
[977.030s][info][gc,heap        ] GC(2744) PSYoungGen: 282688K(283136K)->64K(282112K) Eden: 282624K(282624K)->0K(271360K) From: 64K(512K)->64K(10752K)
[977.030s][info][gc,heap        ] GC(2744) ParOldGen: 643160K(643584K)->643168K(643584K)
[977.030s][info][gc,metaspace   ] GC(2744) Metaspace: 35690K(36416K)->35690K(36416K) NonClass: 26478K(27008K)->26478K(27008K) Class: 9211K(9408K)->9211K(9408K)
[977.030s][info][gc             ] GC(2744) Pause Young (Allocation Failure) 904M->628M(904M) 2.005ms
[977.030s][info][gc,cpu         ] GC(2744) User=0.00s Sys=0.00s Real=0.00s
[977.235s][info][gc,start       ] GC(2745) Pause Young (Allocation Failure)
[977.237s][info][gc,heap        ] GC(2745) PSYoungGen: 271424K(282112K)->64K(261120K) Eden: 271360K(271360K)->0K(260608K) From: 64K(10752K)->64K(512K)
[977.237s][info][gc,heap        ] GC(2745) ParOldGen: 643168K(643584K)->643176K(643584K)
[977.237s][info][gc,metaspace   ] GC(2745) Metaspace: 35690K(36416K)->35690K(36416K) NonClass: 26478K(27008K)->26478K(27008K) Class: 9211K(9408K)->9211K(9408K)
[977.237s][info][gc             ] GC(2745) Pause Young (Allocation Failure) 893M->628M(883M) 2.441ms
[977.237s][info][gc,cpu         ] GC(2745) User=0.00s Sys=0.00s Real=0.00s
[977.440s][info][gc,start       ] GC(2746) Pause Young (Allocation Failure)
[977.443s][info][gc,heap        ] GC(2746) PSYoungGen: 260672K(261120K)->64K(259584K) Eden: 260608K(260608K)->0K(250368K) From: 64K(512K)->64K(9216K)
[977.443s][info][gc,heap        ] GC(2746) ParOldGen: 643176K(643584K)->643184K(643584K)
[977.443s][info][gc,metaspace   ] GC(2746) Metaspace: 35690K(36416K)->35690K(36416K) NonClass: 26478K(27008K)->26478K(27008K) Class: 9211K(9408K)->9211K(9408K)
[977.443s][info][gc             ] GC(2746) Pause Young (Allocation Failure) 882M->628M(882M) 3.106ms
[977.443s][info][gc,cpu         ] GC(2746) User=0.01s Sys=0.00s Real=0.01s
[977.918s][info][gc,start       ] GC(2747) Pause Young (Allocation Failure)
[977.921s][info][gc,heap        ] GC(2747) PSYoungGen: 250432K(259584K)->64K(241152K) Eden: 250368K(250368K)->0K(240640K) From: 64K(9216K)->64K(512K)
[977.921s][info][gc,heap        ] GC(2747) ParOldGen: 643184K(643584K)->643192K(643584K)
[977.921s][info][gc,metaspace   ] GC(2747) Metaspace: 35690K(36416K)->35690K(36416K) NonClass: 26478K(27008K)->26478K(27008K) Class: 9211K(9408K)->9211K(9408K)
[977.921s][info][gc             ] GC(2747) Pause Young (Allocation Failure) 872M->628M(864M) 2.192ms
[977.921s][info][gc,cpu         ] GC(2747) User=0.00s Sys=0.00s Real=0.00s
[978.229s][info][gc,start       ] GC(2748) Pause Young (Allocation Failure)
[978.233s][info][gc,heap        ] GC(2748) PSYoungGen: 240704K(241152K)->1856K(239616K) Eden: 240640K(240640K)->0K(231424K) From: 64K(512K)->1856K(8192K)
[978.233s][info][gc,heap        ] GC(2748) ParOldGen: 643192K(643584K)->643200K(643584K)
[978.233s][info][gc,metaspace   ] GC(2748) Metaspace: 35690K(36416K)->35690K(36416K) NonClass: 26478K(27008K)->26478K(27008K) Class: 9211K(9408K)->9211K(9408K)
[978.233s][info][gc             ] GC(2748) Pause Young (Allocation Failure) 863M->629M(862M) 4.102ms
[978.233s][info][gc,cpu         ] GC(2748) User=0.01s Sys=0.00s Real=0.01s
[978.501s][info][gc,start       ] GC(2749) Pause Young (Allocation Failure)
[978.551s][info][gc,heap        ] GC(2749) PSYoungGen: 233280K(239616K)->7680K(275968K) Eden: 231424K(231424K)->0K(268288K) From: 1856K(8192K)->7680K(7680K)
[978.551s][info][gc,heap        ] GC(2749) ParOldGen: 643200K(643584K)->661640K(662016K)
[978.551s][info][gc,metaspace   ] GC(2749) Metaspace: 35690K(36416K)->35690K(36416K) NonClass: 26478K(27008K)->26478K(27008K) Class: 9211K(9408K)->9211K(9408K)
[978.551s][info][gc             ] GC(2749) Pause Young (Allocation Failure) 855M->653M(916M) 50.134ms
[978.551s][info][gc,cpu         ] GC(2749) User=0.09s Sys=0.01s Real=0.05s
[978.863s][info][gc,start       ] GC(2750) Pause Full (Allocation Failure)
[978.863s][info][gc,phases,start] GC(2750) Marking Phase
[978.953s][info][gc,phases      ] GC(2750) Marking Phase 89.615ms
[978.953s][info][gc,phases,start] GC(2750) Summary Phase
[978.953s][info][gc,phases      ] GC(2750) Summary Phase 0.027ms
[978.953s][info][gc,phases,start] GC(2750) Forward
[978.978s][info][gc,phases      ] GC(2750) Forward 25.542ms
[978.978s][info][gc,phases,start] GC(2750) Adjust Pointers
[979.023s][info][gc,phases      ] GC(2750) Adjust Pointers 44.673ms
[979.023s][info][gc,phases,start] GC(2750) Compaction Phase
[979.052s][info][gc,phases      ] GC(2750) Compaction Phase 29.034ms
[979.052s][info][gc,phases,start] GC(2750) Post Compact
[979.055s][info][metaspace      ] ChkMgr @0x00007efc8003f160 (non-class-space): : reclaiming memory...
[979.055s][info][metaspace      ] ChkMgr @0x00007efc8003f160 (non-class-space): nothing reclaimed.
[979.055s][info][metaspace      ] ChkMgr @0x00007efc8003ef70 (class-space): : reclaiming memory...
[979.055s][info][metaspace      ] ChkMgr @0x00007efc8003ef70 (class-space): nothing reclaimed.
[979.055s][info][gc,phases      ] GC(2750) Post Compact 2.857ms
[979.093s][info][gc,heap        ] GC(2750) PSYoungGen: 275968K(275968K)->0K(284672K) Eden: 268288K(268288K)->0K(268288K) From: 7680K(7680K)->0K(16384K)
[979.093s][info][gc,heap        ] GC(2750) ParOldGen: 661640K(662016K)->85815K(175104K)
[979.093s][info][gc,metaspace   ] GC(2750) Metaspace: 35690K(36416K)->35558K(36416K) NonClass: 26478K(27008K)->26347K(27008K) Class: 9211K(9408K)->9211K(9408K)
[979.093s][info][gc             ] GC(2750) Pause Full (Allocation Failure) 915M->83M(449M) 229.578ms
[979.093s][info][gc,cpu         ] GC(2750) User=0.35s Sys=0.04s Real=0.23s
[979.209s][info][gc,start       ] GC(2751) Pause Young (Allocation Failure)
[979.226s][info][gc,heap        ] GC(2751) PSYoungGen: 268288K(284672K)->4480K(315392K) Eden: 268288K(268288K)->0K(301056K) From: 0K(16384K)->4480K(14336K)
[979.226s][info][gc,heap        ] GC(2751) ParOldGen: 85815K(175104K)->85815K(175104K)
[979.226s][info][gc,metaspace   ] GC(2751) Metaspace: 35558K(36416K)->35558K(36416K) NonClass: 26347K(27008K)->26347K(27008K) Class: 9211K(9408K)->9211K(9408K)
[979.226s][info][gc             ] GC(2751) Pause Young (Allocation Failure) 345M->88M(479M) 17.084ms
[979.226s][info][gc,cpu         ] GC(2751) User=0.03s Sys=0.00s Real=0.02s
[979.827s][info][gc,start       ] GC(2752) Pause Young (Allocation Failure)
[979.828s][info][gc,heap        ] GC(2752) PSYoungGen: 305536K(315392K)->64K(316416K) Eden: 301056K(301056K)->0K(301056K) From: 4480K(14336K)->64K(15360K)
[979.828s][info][gc,heap        ] GC(2752) ParOldGen: 85815K(175104K)->85823K(175104K)
[979.828s][info][gc,metaspace   ] GC(2752) Metaspace: 35558K(36416K)->35558K(36416K) NonClass: 26347K(27008K)->26347K(27008K) Class: 9211K(9408K)->9211K(9408K)
[979.828s][info][gc             ] GC(2752) Pause Young (Allocation Failure) 382M->83M(480M) 0.724ms
[979.828s][info][gc,cpu         ] GC(2752) User=0.00s Sys=0.00s Real=0.00s
[980.278s][info][gc,start       ] GC(2753) Pause Young (Allocation Failure)
[980.279s][info][gc,heap        ] GC(2753) PSYoungGen: 301120K(316416K)->128K(316928K) Eden: 301056K(301056K)->0K(303616K) From: 64K(15360K)->128K(13312K)
[980.279s][info][gc,heap        ] GC(2753) ParOldGen: 85823K(175104K)->85831K(175104K)
[980.279s][info][gc,metaspace   ] GC(2753) Metaspace: 35629K(36416K)->35629K(36416K) NonClass: 26417K(27008K)->26417K(27008K) Class: 9211K(9408K)->9211K(9408K)
[980.279s][info][gc             ] GC(2753) Pause Young (Allocation Failure) 377M->83M(480M) 1.281ms
[980.279s][info][gc,cpu         ] GC(2753) User=0.00s Sys=0.00s Real=0.00s
[980.710s][info][gc,start       ] GC(2754) Pause Young (Allocation Failure)
[980.711s][info][gc,heap        ] GC(2754) PSYoungGen: 303744K(316928K)->64K(317952K) Eden: 303616K(303616K)->0K(303616K) From: 128K(13312K)->64K(14336K)
[980.711s][info][gc,heap        ] GC(2754) ParOldGen: 85831K(175104K)->85919K(175104K)
[980.711s][info][gc,metaspace   ] GC(2754) Metaspace: 35629K(36416K)->35629K(36416K) NonClass: 26417K(27008K)->26417K(27008K) Class: 9211K(9408K)->9211K(9408K)
[980.711s][info][gc             ] GC(2754) Pause Young (Allocation Failure) 380M->83M(481M) 0.795ms
[980.711s][info][gc,cpu         ] GC(2754) User=0.00s Sys=0.00s Real=0.00s
[980.928s][info][gc,start       ] GC(2755) Pause Young (Allocation Failure)
[980.929s][info][gc,heap        ] GC(2755) PSYoungGen: 303680K(317952K)->64K(316928K) Eden: 303616K(303616K)->0K(305664K) From: 64K(14336K)->64K(11264K)
[980.929s][info][gc,heap        ] GC(2755) ParOldGen: 85919K(175104K)->85935K(175104K)
[980.929s][info][gc,metaspace   ] GC(2755) Metaspace: 35629K(36416K)->35629K(36416K) NonClass: 26417K(27008K)->26417K(27008K) Class: 9211K(9408K)->9211K(9408K)
[980.929s][info][gc             ] GC(2755) Pause Young (Allocation Failure) 380M->83M(480M) 0.622ms
[980.929s][info][gc,cpu         ] GC(2755) User=0.00s Sys=0.00s Real=0.00s
[981.289s][info][gc,start       ] GC(2756) Pause Young (Allocation Failure)
[981.290s][info][gc,heap        ] GC(2756) PSYoungGen: 305728K(316928K)->64K(318464K) Eden: 305664K(305664K)->0K(305664K) From: 64K(11264K)->64K(12800K)
[981.290s][info][gc,heap        ] GC(2756) ParOldGen: 85935K(175104K)->85935K(175104K)
[981.290s][info][gc,metaspace   ] GC(2756) Metaspace: 35629K(36416K)->35629K(36416K) NonClass: 26417K(27008K)->26417K(27008K) Class: 9211K(9408K)->9211K(9408K)
[981.290s][info][gc             ] GC(2756) Pause Young (Allocation Failure) 382M->83M(482M) 0.579ms
[981.290s][info][gc,cpu         ] GC(2756) User=0.00s Sys=0.00s Real=0.00s
[981.352s][info][gc,start       ] GC(2757) Pause Young (Allocation Failure)
[981.353s][info][gc,heap        ] GC(2757) PSYoungGen: 305728K(318464K)->64K(319488K) Eden: 305664K(305664K)->0K(308736K) From: 64K(12800K)->64K(10752K)
[981.353s][info][gc,heap        ] GC(2757) ParOldGen: 85935K(175104K)->85943K(175104K)
[981.353s][info][gc,metaspace   ] GC(2757) Metaspace: 35629K(36416K)->35629K(36416K) NonClass: 26417K(27008K)->26417K(27008K) Class: 9211K(9408K)->9211K(9408K)
[981.353s][info][gc             ] GC(2757) Pause Young (Allocation Failure) 382M->83M(483M) 0.531ms
[981.353s][info][gc,cpu         ] GC(2757) User=0.00s Sys=0.00s Real=0.00s
[981.409s][info][gc,start       ] GC(2758) Pause Young (Allocation Failure)
[981.410s][info][gc,heap        ] GC(2758) PSYoungGen: 308800K(319488K)->64K(320512K) Eden: 308736K(308736K)->0K(308736K) From: 64K(10752K)->64K(11776K)
[981.410s][info][gc,heap        ] GC(2758) ParOldGen: 85943K(175104K)->85959K(175104K)
[981.410s][info][gc,metaspace   ] GC(2758) Metaspace: 35629K(36416K)->35629K(36416K) NonClass: 26417K(27008K)->26417K(27008K) Class: 9211K(9408K)->9211K(9408K)
[981.410s][info][gc             ] GC(2758) Pause Young (Allocation Failure) 385M->84M(484M) 0.590ms
[981.410s][info][gc,cpu         ] GC(2758) User=0.00s Sys=0.00s Real=0.00s
[981.615s][info][gc,start       ] GC(2759) Pause Young (Allocation Failure)
[981.616s][info][gc,heap        ] GC(2759) PSYoungGen: 308800K(320512K)->64K(296960K) Eden: 308736K(308736K)->0K(296448K) From: 64K(11776K)->64K(512K)
[981.616s][info][gc,heap        ] GC(2759) ParOldGen: 85959K(175104K)->85959K(175104K)
[981.616s][info][gc,metaspace   ] GC(2759) Metaspace: 35629K(36416K)->35629K(36416K) NonClass: 26417K(27008K)->26417K(27008K) Class: 9211K(9408K)->9211K(9408K)
[981.616s][info][gc             ] GC(2759) Pause Young (Allocation Failure) 385M->84M(461M) 0.645ms
[981.616s][info][gc,cpu         ] GC(2759) User=0.00s Sys=0.00s Real=0.00s
[981.826s][info][gc,start       ] GC(2760) Pause Young (Allocation Failure)
[981.827s][info][gc,heap        ] GC(2760) PSYoungGen: 296512K(296960K)->64K(294912K) Eden: 296448K(296448K)->0K(284672K) From: 64K(512K)->64K(10240K)
[981.827s][info][gc,heap        ] GC(2760) ParOldGen: 85959K(175104K)->85967K(175104K)
[981.827s][info][gc,metaspace   ] GC(2760) Metaspace: 35629K(36416K)->35629K(36416K) NonClass: 26417K(27008K)->26417K(27008K) Class: 9211K(9408K)->9211K(9408K)
[981.827s][info][gc             ] GC(2760) Pause Young (Allocation Failure) 373M->84M(459M) 0.569ms
[981.827s][info][gc,cpu         ] GC(2760) User=0.00s Sys=0.00s Real=0.00s
[981.919s][info][gc,start       ] GC(2761) Pause Young (Allocation Failure)
[981.919s][info][gc,heap        ] GC(2761) PSYoungGen: 284736K(294912K)->64K(273920K) Eden: 284672K(284672K)->0K(273408K) From: 64K(10240K)->64K(512K)
[981.919s][info][gc,heap        ] GC(2761) ParOldGen: 85967K(175104K)->85975K(175104K)
[981.919s][info][gc,metaspace   ] GC(2761) Metaspace: 35629K(36416K)->35629K(36416K) NonClass: 26417K(27008K)->26417K(27008K) Class: 9211K(9408K)->9211K(9408K)
[981.919s][info][gc             ] GC(2761) Pause Young (Allocation Failure) 362M->84M(438M) 0.891ms
[981.919s][info][gc,cpu         ] GC(2761) User=0.00s Sys=0.00s Real=0.00s
[982.024s][info][gc,start       ] GC(2762) Pause Young (Allocation Failure)
[982.025s][info][gc,heap        ] GC(2762) PSYoungGen: 273472K(273920K)->64K(271872K) Eden: 273408K(273408K)->0K(262656K) From: 64K(512K)->64K(9216K)
[982.025s][info][gc,heap        ] GC(2762) ParOldGen: 85975K(175104K)->85983K(175104K)
[982.025s][info][gc,metaspace   ] GC(2762) Metaspace: 35629K(36416K)->35629K(36416K) NonClass: 26417K(27008K)->26417K(27008K) Class: 9211K(9408K)->9211K(9408K)
[982.025s][info][gc             ] GC(2762) Pause Young (Allocation Failure) 351M->84M(436M) 0.527ms
[982.025s][info][gc,cpu         ] GC(2762) User=0.00s Sys=0.00s Real=0.00s
[982.252s][info][gc,start       ] GC(2763) Pause Young (Allocation Failure)
[982.253s][info][gc,heap        ] GC(2763) PSYoungGen: 262720K(271872K)->64K(252928K) Eden: 262656K(262656K)->0K(252416K) From: 64K(9216K)->64K(512K)
[982.253s][info][gc,heap        ] GC(2763) ParOldGen: 85983K(175104K)->85991K(175104K)
[982.253s][info][gc,metaspace   ] GC(2763) Metaspace: 35629K(36416K)->35629K(36416K) NonClass: 26417K(27008K)->26417K(27008K) Class: 9211K(9408K)->9211K(9408K)
[982.253s][info][gc             ] GC(2763) Pause Young (Allocation Failure) 340M->84M(418M) 0.804ms
[982.253s][info][gc,cpu         ] GC(2763) User=0.00s Sys=0.00s Real=0.01s
[983.058s][info][gc,start       ] GC(2764) Pause Young (Allocation Failure)
[983.059s][info][gc,heap        ] GC(2764) PSYoungGen: 252480K(252928K)->83K(250880K) Eden: 252416K(252416K)->0K(242688K) From: 64K(512K)->83K(8192K)
[983.059s][info][gc,heap        ] GC(2764) ParOldGen: 85991K(175104K)->85999K(175104K)
[983.059s][info][gc,metaspace   ] GC(2764) Metaspace: 35629K(36416K)->35629K(36416K) NonClass: 26417K(27008K)->26417K(27008K) Class: 9211K(9408K)->9211K(9408K)
[983.059s][info][gc             ] GC(2764) Pause Young (Allocation Failure) 330M->84M(416M) 0.686ms
[983.059s][info][gc,cpu         ] GC(2764) User=0.00s Sys=0.00s Real=0.00s
[983.893s][info][gc,start       ] GC(2765) Pause Young (Allocation Failure)
[983.894s][info][gc,heap        ] GC(2765) PSYoungGen: 242771K(250880K)->64K(233984K) Eden: 242688K(242688K)->0K(233472K) From: 83K(8192K)->64K(512K)
[983.894s][info][gc,heap        ] GC(2765) ParOldGen: 85999K(175104K)->86007K(175104K)
[983.894s][info][gc,metaspace   ] GC(2765) Metaspace: 35629K(36416K)->35629K(36416K) NonClass: 26417K(27008K)->26417K(27008K) Class: 9211K(9408K)->9211K(9408K)
[983.894s][info][gc             ] GC(2765) Pause Young (Allocation Failure) 321M->84M(399M) 1.294ms
[983.894s][info][gc,cpu         ] GC(2765) User=0.00s Sys=0.01s Real=0.00s
[984.153s][info][gc,start       ] GC(2766) Pause Young (Allocation Failure)
[984.154s][info][gc,heap        ] GC(2766) PSYoungGen: 233536K(233984K)->64K(231936K) Eden: 233472K(233472K)->0K(224768K) From: 64K(512K)->64K(7168K)
[984.154s][info][gc,heap        ] GC(2766) ParOldGen: 86007K(175104K)->86015K(175104K)
[984.154s][info][gc,metaspace   ] GC(2766) Metaspace: 35629K(36416K)->35629K(36416K) NonClass: 26417K(27008K)->26417K(27008K) Class: 9211K(9408K)->9211K(9408K)
[984.154s][info][gc             ] GC(2766) Pause Young (Allocation Failure) 312M->84M(397M) 0.748ms
[984.154s][info][gc,cpu         ] GC(2766) User=0.00s Sys=0.00s Real=0.00s
[984.549s][info][gc,start       ] GC(2767) Pause Young (Allocation Failure)
[984.551s][info][gc,heap        ] GC(2767) PSYoungGen: 224832K(231936K)->32K(217088K) Eden: 224768K(224768K)->0K(216576K) From: 64K(7168K)->32K(512K)
[984.551s][info][gc,heap        ] GC(2767) ParOldGen: 86015K(175104K)->86031K(175104K)
[984.551s][info][gc,metaspace   ] GC(2767) Metaspace: 35629K(36416K)->35629K(36416K) NonClass: 26417K(27008K)->26417K(27008K) Class: 9211K(9408K)->9211K(9408K)
[984.551s][info][gc             ] GC(2767) Pause Young (Allocation Failure) 303M->84M(383M) 1.414ms
[984.551s][info][gc,cpu         ] GC(2767) User=0.00s Sys=0.00s Real=0.00s
[985.423s][info][gc,start       ] GC(2768) Pause Young (Allocation Failure)
[985.424s][info][gc,heap        ] GC(2768) PSYoungGen: 216608K(217088K)->64K(215040K) Eden: 216576K(216576K)->0K(208896K) From: 32K(512K)->64K(6144K)
[985.424s][info][gc,heap        ] GC(2768) ParOldGen: 86031K(175104K)->86039K(175104K)
[985.424s][info][gc,metaspace   ] GC(2768) Metaspace: 35629K(36416K)->35629K(36416K) NonClass: 26417K(27008K)->26417K(27008K) Class: 9211K(9408K)->9211K(9408K)
[985.424s][info][gc             ] GC(2768) Pause Young (Allocation Failure) 295M->84M(381M) 0.996ms
[985.424s][info][gc,cpu         ] GC(2768) User=0.00s Sys=0.00s Real=0.00s
[985.763s][info][gc,start       ] GC(2769) Pause Young (Allocation Failure)
[985.764s][info][gc,heap        ] GC(2769) PSYoungGen: 208960K(215040K)->32K(201728K) Eden: 208896K(208896K)->0K(201216K) From: 64K(6144K)->32K(512K)
[985.764s][info][gc,heap        ] GC(2769) ParOldGen: 86039K(175104K)->86055K(175104K)
[985.764s][info][gc,metaspace   ] GC(2769) Metaspace: 35629K(36416K)->35629K(36416K) NonClass: 26417K(27008K)->26417K(27008K) Class: 9211K(9408K)->9211K(9408K)
[985.764s][info][gc             ] GC(2769) Pause Young (Allocation Failure) 288M->84M(368M) 1.343ms
[985.764s][info][gc,cpu         ] GC(2769) User=0.00s Sys=0.00s Real=0.00s
[985.919s][info][gc,start       ] GC(2770) Pause Young (Allocation Failure)
[985.920s][info][gc,heap        ] GC(2770) PSYoungGen: 201248K(201728K)->32K(199680K) Eden: 201216K(201216K)->0K(194048K) From: 32K(512K)->32K(5632K)
[985.920s][info][gc,heap        ] GC(2770) ParOldGen: 86055K(175104K)->86063K(175104K)
[985.920s][info][gc,metaspace   ] GC(2770) Metaspace: 35629K(36416K)->35629K(36416K) NonClass: 26417K(27008K)->26417K(27008K) Class: 9211K(9408K)->9211K(9408K)
[985.920s][info][gc             ] GC(2770) Pause Young (Allocation Failure) 280M->84M(366M) 0.822ms
[985.920s][info][gc,cpu         ] GC(2770) User=0.00s Sys=0.00s Real=0.00s
[985.992s][info][gc,start       ] GC(2771) Pause Young (Allocation Failure)
[985.993s][info][gc,heap        ] GC(2771) PSYoungGen: 194080K(199680K)->32K(187904K) Eden: 194048K(194048K)->0K(187392K) From: 32K(5632K)->32K(512K)
[985.993s][info][gc,heap        ] GC(2771) ParOldGen: 86063K(175104K)->86071K(175104K)
[985.993s][info][gc,metaspace   ] GC(2771) Metaspace: 35629K(36416K)->35629K(36416K) NonClass: 26417K(27008K)->26417K(27008K) Class: 9211K(9408K)->9211K(9408K)
[985.993s][info][gc             ] GC(2771) Pause Young (Allocation Failure) 273M->84M(354M) 1.182ms
[985.993s][info][gc,cpu         ] GC(2771) User=0.00s Sys=0.00s Real=0.01s
[986.417s][info][gc,start       ] GC(2772) Pause Young (Allocation Failure)
[986.418s][info][gc,heap        ] GC(2772) PSYoungGen: 187424K(187904K)->64K(185344K) Eden: 187392K(187392K)->0K(180736K) From: 32K(512K)->64K(4608K)
[986.418s][info][gc,heap        ] GC(2772) ParOldGen: 86071K(175104K)->86079K(175104K)
[986.418s][info][gc,metaspace   ] GC(2772) Metaspace: 35629K(36416K)->35629K(36416K) NonClass: 26417K(27008K)->26417K(27008K) Class: 9211K(9408K)->9211K(9408K)
[986.418s][info][gc             ] GC(2772) Pause Young (Allocation Failure) 267M->84M(352M) 0.920ms
[986.418s][info][gc,cpu         ] GC(2772) User=0.00s Sys=0.00s Real=0.00s
[986.617s][info][gc,start       ] GC(2773) Pause Young (Allocation Failure)
[986.618s][info][gc,heap        ] GC(2773) PSYoungGen: 180800K(185344K)->32K(175104K) Eden: 180736K(180736K)->0K(174592K) From: 64K(4608K)->32K(512K)
[986.618s][info][gc,heap        ] GC(2773) ParOldGen: 86079K(175104K)->86095K(175104K)
[986.618s][info][gc,metaspace   ] GC(2773) Metaspace: 35629K(36416K)->35629K(36416K) NonClass: 26417K(27008K)->26417K(27008K) Class: 9211K(9408K)->9211K(9408K)
[986.618s][info][gc             ] GC(2773) Pause Young (Allocation Failure) 260M->84M(342M) 1.422ms
[986.618s][info][gc,cpu         ] GC(2773) User=0.00s Sys=0.00s Real=0.00s
[986.882s][info][gc,start       ] GC(2774) Pause Young (Allocation Failure)
[986.883s][info][gc,heap        ] GC(2774) PSYoungGen: 174624K(175104K)->64K(172544K) Eden: 174592K(174592K)->0K(168448K) From: 32K(512K)->64K(4096K)
[986.883s][info][gc,heap        ] GC(2774) ParOldGen: 86095K(175104K)->86103K(175104K)
[986.883s][info][gc,metaspace   ] GC(2774) Metaspace: 35629K(36416K)->35629K(36416K) NonClass: 26417K(27008K)->26417K(27008K) Class: 9211K(9408K)->9211K(9408K)
[986.883s][info][gc             ] GC(2774) Pause Young (Allocation Failure) 254M->84M(339M) 0.920ms
[986.883s][info][gc,cpu         ] GC(2774) User=0.00s Sys=0.00s Real=0.01s
[987.083s][info][gc,start       ] GC(2775) Pause Young (Allocation Failure)
[987.111s][info][gc,heap        ] GC(2775) PSYoungGen: 168512K(172544K)->3584K(205312K) Eden: 168448K(168448K)->0K(201728K) From: 64K(4096K)->3584K(3584K)
[987.111s][info][gc,heap        ] GC(2775) ParOldGen: 86103K(175104K)->100831K(175104K)
[987.111s][info][gc,metaspace   ] GC(2775) Metaspace: 35629K(36416K)->35629K(36416K) NonClass: 26417K(27008K)->26417K(27008K) Class: 9211K(9408K)->9211K(9408K)
[987.111s][info][gc             ] GC(2775) Pause Young (Allocation Failure) 248M->101M(371M) 28.359ms
[987.111s][info][gc,cpu         ] GC(2775) User=0.05s Sys=0.00s Real=0.02s
[987.344s][info][gc,start       ] GC(2776) Pause Young (Allocation Failure)
[987.383s][info][gc,heap        ] GC(2776) PSYoungGen: 205312K(205312K)->10240K(251904K) Eden: 201728K(201728K)->0K(241664K) From: 3584K(3584K)->10240K(10240K)
[987.383s][info][gc,heap        ] GC(2776) ParOldGen: 100831K(175104K)->113751K(175104K)
[987.383s][info][gc,metaspace   ] GC(2776) Metaspace: 35629K(36416K)->35629K(36416K) NonClass: 26417K(27008K)->26417K(27008K) Class: 9211K(9408K)->9211K(9408K)
[987.383s][info][gc             ] GC(2776) Pause Young (Allocation Failure) 298M->121M(417M) 38.341ms
[987.383s][info][gc,cpu         ] GC(2776) User=0.07s Sys=0.00s Real=0.04s
[987.618s][info][gc,start       ] GC(2777) Pause Young (Allocation Failure)
[987.653s][info][gc,heap        ] GC(2777) PSYoungGen: 251904K(251904K)->7168K(252928K) Eden: 241664K(241664K)->0K(245760K) From: 10240K(10240K)->7168K(7168K)
[987.653s][info][gc,heap        ] GC(2777) ParOldGen: 113751K(175104K)->128519K(175104K)
[987.653s][info][gc,metaspace   ] GC(2777) Metaspace: 35629K(36416K)->35629K(36416K) NonClass: 26417K(27008K)->26417K(27008K) Class: 9211K(9408K)->9211K(9408K)
[987.653s][info][gc             ] GC(2777) Pause Young (Allocation Failure) 357M->132M(418M) 35.227ms
[987.653s][info][gc,cpu         ] GC(2777) User=0.07s Sys=0.00s Real=0.04s
[987.751s][info][gc,start       ] GC(2778) Pause Young (Allocation Failure)
[987.755s][info][gc,heap        ] GC(2778) PSYoungGen: 252928K(252928K)->64K(268288K) Eden: 245760K(245760K)->0K(245760K) From: 7168K(7168K)->64K(22528K)
[987.755s][info][gc,heap        ] GC(2778) ParOldGen: 128519K(175104K)->128919K(175104K)
[987.755s][info][gc,metaspace   ] GC(2778) Metaspace: 35629K(36416K)->35629K(36416K) NonClass: 26417K(27008K)->26417K(27008K) Class: 9211K(9408K)->9211K(9408K)
[987.755s][info][gc             ] GC(2778) Pause Young (Allocation Failure) 372M->125M(433M) 4.755ms
[987.755s][info][gc,cpu         ] GC(2778) User=0.01s Sys=0.00s Real=0.01s
[988.339s][info][gc,start       ] GC(2779) Pause Young (Allocation Failure)
[988.340s][info][gc,heap        ] GC(2779) PSYoungGen: 245824K(268288K)->64K(308736K) Eden: 245760K(245760K)->0K(289280K) From: 64K(22528K)->64K(19456K)
[988.340s][info][gc,heap        ] GC(2779) ParOldGen: 128919K(175104K)->128935K(175104K)
[988.340s][info][gc,metaspace   ] GC(2779) Metaspace: 35629K(36416K)->35629K(36416K) NonClass: 26417K(27008K)->26417K(27008K) Class: 9211K(9408K)->9211K(9408K)
[988.340s][info][gc             ] GC(2779) Pause Young (Allocation Failure) 365M->125M(472M) 0.923ms
[988.340s][info][gc,cpu         ] GC(2779) User=0.01s Sys=0.00s Real=0.00s
[988.734s][info][gc,start       ] GC(2780) Pause Young (Allocation Failure)
[988.735s][info][gc,heap        ] GC(2780) PSYoungGen: 289344K(308736K)->64K(310272K) Eden: 289280K(289280K)->0K(289280K) From: 64K(19456K)->64K(20992K)
[988.735s][info][gc,heap        ] GC(2780) ParOldGen: 128935K(175104K)->128935K(175104K)
[988.735s][info][gc,metaspace   ] GC(2780) Metaspace: 35629K(36416K)->35629K(36416K) NonClass: 26417K(27008K)->26417K(27008K) Class: 9211K(9408K)->9211K(9408K)
[988.735s][info][gc             ] GC(2780) Pause Young (Allocation Failure) 408M->125M(474M) 0.840ms
[988.735s][info][gc,cpu         ] GC(2780) User=0.00s Sys=0.00s Real=0.00s
[989.152s][info][gc,start       ] GC(2781) Pause Young (Allocation Failure)
[989.153s][info][gc,heap        ] GC(2781) PSYoungGen: 289344K(310272K)->64K(310272K) Eden: 289280K(289280K)->0K(292352K) From: 64K(20992K)->64K(17920K)
[989.153s][info][gc,heap        ] GC(2781) ParOldGen: 128935K(175104K)->128951K(175104K)
[989.153s][info][gc,metaspace   ] GC(2781) Metaspace: 35629K(36416K)->35629K(36416K) NonClass: 26417K(27008K)->26417K(27008K) Class: 9211K(9408K)->9211K(9408K)
[989.153s][info][gc             ] GC(2781) Pause Young (Allocation Failure) 408M->125M(474M) 0.907ms
[989.153s][info][gc,cpu         ] GC(2781) User=0.00s Sys=0.00s Real=0.00s
[989.364s][info][gc,start       ] GC(2782) Pause Young (Allocation Failure)
[989.365s][info][gc,heap        ] GC(2782) PSYoungGen: 292416K(310272K)->64K(311808K) Eden: 292352K(292352K)->0K(292352K) From: 64K(17920K)->64K(19456K)
[989.365s][info][gc,heap        ] GC(2782) ParOldGen: 128951K(175104K)->128967K(175104K)
[989.365s][info][gc,metaspace   ] GC(2782) Metaspace: 35629K(36416K)->35629K(36416K) NonClass: 26417K(27008K)->26417K(27008K) Class: 9211K(9408K)->9211K(9408K)
[989.365s][info][gc             ] GC(2782) Pause Young (Allocation Failure) 411M->126M(475M) 0.778ms
[989.365s][info][gc,cpu         ] GC(2782) User=0.00s Sys=0.00s Real=0.00s
[989.716s][info][gc,start       ] GC(2783) Pause Young (Allocation Failure)
[989.717s][info][gc,heap        ] GC(2783) PSYoungGen: 292416K(311808K)->64K(312832K) Eden: 292352K(292352K)->0K(295936K) From: 64K(19456K)->64K(16896K)
[989.717s][info][gc,heap        ] GC(2783) ParOldGen: 128967K(175104K)->128967K(175104K)
[989.717s][info][gc,metaspace   ] GC(2783) Metaspace: 35629K(36416K)->35629K(36416K) NonClass: 26417K(27008K)->26417K(27008K) Class: 9211K(9408K)->9211K(9408K)
[989.717s][info][gc             ] GC(2783) Pause Young (Allocation Failure) 411M->126M(476M) 0.978ms
[989.717s][info][gc,cpu         ] GC(2783) User=0.00s Sys=0.00s Real=0.00s
[989.802s][info][gc,start       ] GC(2784) Pause Young (Allocation Failure)
[989.803s][info][gc,heap        ] GC(2784) PSYoungGen: 296000K(312832K)->64K(313856K) Eden: 295936K(295936K)->0K(295936K) From: 64K(16896K)->64K(17920K)
[989.803s][info][gc,heap        ] GC(2784) ParOldGen: 128967K(175104K)->128975K(175104K)
[989.803s][info][gc,metaspace   ] GC(2784) Metaspace: 35629K(36416K)->35629K(36416K) NonClass: 26417K(27008K)->26417K(27008K) Class: 9211K(9408K)->9211K(9408K)
[989.803s][info][gc             ] GC(2784) Pause Young (Allocation Failure) 415M->126M(477M) 0.740ms
[989.803s][info][gc,cpu         ] GC(2784) User=0.00s Sys=0.00s Real=0.00s
[989.855s][info][gc,start       ] GC(2785) Pause Young (Allocation Failure)
[989.855s][info][gc,heap        ] GC(2785) PSYoungGen: 296000K(313856K)->64K(313856K) Eden: 295936K(295936K)->0K(299008K) From: 64K(17920K)->64K(14848K)
[989.855s][info][gc,heap        ] GC(2785) ParOldGen: 128975K(175104K)->128991K(175104K)
[989.855s][info][gc,metaspace   ] GC(2785) Metaspace: 35629K(36416K)->35629K(36416K) NonClass: 26417K(27008K)->26417K(27008K) Class: 9211K(9408K)->9211K(9408K)
[989.855s][info][gc             ] GC(2785) Pause Young (Allocation Failure) 415M->126M(477M) 0.652ms
[989.855s][info][gc,cpu         ] GC(2785) User=0.00s Sys=0.00s Real=0.00s
[990.028s][info][gc,start       ] GC(2786) Pause Young (Allocation Failure)
[990.029s][info][gc,heap        ] GC(2786) PSYoungGen: 299072K(313856K)->64K(314880K) Eden: 299008K(299008K)->0K(299008K) From: 64K(14848K)->64K(15872K)
[990.029s][info][gc,heap        ] GC(2786) ParOldGen: 128991K(175104K)->128991K(175104K)
[990.029s][info][gc,metaspace   ] GC(2786) Metaspace: 35629K(36416K)->35629K(36416K) NonClass: 26417K(27008K)->26417K(27008K) Class: 9211K(9408K)->9211K(9408K)
[990.029s][info][gc             ] GC(2786) Pause Young (Allocation Failure) 418M->126M(478M) 1.223ms
[990.029s][info][gc,cpu         ] GC(2786) User=0.00s Sys=0.00s Real=0.00s
[990.245s][info][gc,start       ] GC(2787) Pause Young (Allocation Failure)
[990.246s][info][gc,heap        ] GC(2787) PSYoungGen: 299072K(314880K)->64K(315392K) Eden: 299008K(299008K)->0K(302592K) From: 64K(15872K)->64K(12800K)
[990.246s][info][gc,heap        ] GC(2787) ParOldGen: 128991K(175104K)->129007K(175104K)
[990.246s][info][gc,metaspace   ] GC(2787) Metaspace: 35629K(36416K)->35629K(36416K) NonClass: 26417K(27008K)->26417K(27008K) Class: 9211K(9408K)->9211K(9408K)
[990.246s][info][gc             ] GC(2787) Pause Young (Allocation Failure) 418M->126M(479M) 1.239ms
[990.246s][info][gc,cpu         ] GC(2787) User=0.00s Sys=0.00s Real=0.00s
[990.367s][info][gc,start       ] GC(2788) Pause Young (Allocation Failure)
[990.368s][info][gc,heap        ] GC(2788) PSYoungGen: 302656K(315392K)->64K(316928K) Eden: 302592K(302592K)->0K(302592K) From: 64K(12800K)->64K(14336K)
[990.368s][info][gc,heap        ] GC(2788) ParOldGen: 129007K(175104K)->129023K(175104K)
[990.368s][info][gc,metaspace   ] GC(2788) Metaspace: 35629K(36416K)->35629K(36416K) NonClass: 26417K(27008K)->26417K(27008K) Class: 9211K(9408K)->9211K(9408K)
[990.368s][info][gc             ] GC(2788) Pause Young (Allocation Failure) 421M->126M(480M) 1.225ms
[990.368s][info][gc,cpu         ] GC(2788) User=0.00s Sys=0.00s Real=0.00s
[990.480s][info][gc,start       ] GC(2789) Pause Young (Allocation Failure)
[990.481s][info][gc,heap        ] GC(2789) PSYoungGen: 302656K(316928K)->64K(317952K) Eden: 302592K(302592K)->0K(306176K) From: 64K(14336K)->64K(11776K)
[990.481s][info][gc,heap        ] GC(2789) ParOldGen: 129023K(175104K)->129039K(175104K)
[990.481s][info][gc,metaspace   ] GC(2789) Metaspace: 35629K(36416K)->35629K(36416K) NonClass: 26417K(27008K)->26417K(27008K) Class: 9211K(9408K)->9211K(9408K)
[990.481s][info][gc             ] GC(2789) Pause Young (Allocation Failure) 421M->126M(481M) 1.104ms
[990.481s][info][gc,cpu         ] GC(2789) User=0.00s Sys=0.00s Real=0.00s
[990.859s][info][gc,start       ] GC(2790) Pause Young (Allocation Failure)
[990.860s][info][gc,heap        ] GC(2790) PSYoungGen: 306240K(317952K)->64K(294400K) Eden: 306176K(306176K)->0K(293888K) From: 64K(11776K)->64K(512K)
[990.860s][info][gc,heap        ] GC(2790) ParOldGen: 129039K(175104K)->129055K(175104K)
[990.860s][info][gc,metaspace   ] GC(2790) Metaspace: 35629K(36416K)->35629K(36416K) NonClass: 26417K(27008K)->26417K(27008K) Class: 9211K(9408K)->9211K(9408K)
[990.860s][info][gc             ] GC(2790) Pause Young (Allocation Failure) 425M->126M(458M) 1.296ms
[990.860s][info][gc,cpu         ] GC(2790) User=0.00s Sys=0.00s Real=0.00s
[991.527s][info][gc,start       ] GC(2791) Pause Young (Allocation Failure)
[991.528s][info][gc,heap        ] GC(2791) PSYoungGen: 293952K(294400K)->64K(282624K) Eden: 293888K(293888K)->0K(282112K) From: 64K(512K)->64K(512K)
[991.528s][info][gc,heap        ] GC(2791) ParOldGen: 129055K(175104K)->129071K(175104K)
[991.528s][info][gc,metaspace   ] GC(2791) Metaspace: 35629K(36416K)->35629K(36416K) NonClass: 26417K(27008K)->26417K(27008K) Class: 9211K(9408K)->9211K(9408K)
[991.528s][info][gc             ] GC(2791) Pause Young (Allocation Failure) 413M->126M(447M) 1.308ms
[991.528s][info][gc,cpu         ] GC(2791) User=0.00s Sys=0.00s Real=0.00s
[992.440s][info][gc,start       ] GC(2792) Pause Young (Allocation Failure)
[992.441s][info][gc,heap        ] GC(2792) PSYoungGen: 282176K(282624K)->64K(282112K) Eden: 282112K(282112K)->0K(270848K) From: 64K(512K)->64K(11264K)
[992.441s][info][gc,heap        ] GC(2792) ParOldGen: 129071K(175104K)->129087K(175104K)
[992.441s][info][gc,metaspace   ] GC(2792) Metaspace: 35629K(36416K)->35629K(36416K) NonClass: 26417K(27008K)->26417K(27008K) Class: 9211K(9408K)->9211K(9408K)
[992.441s][info][gc             ] GC(2792) Pause Young (Allocation Failure) 401M->126M(446M) 1.215ms
[992.441s][info][gc,cpu         ] GC(2792) User=0.00s Sys=0.00s Real=0.00s
[992.881s][info][gc,start       ] GC(2793) Pause Young (Allocation Failure)
[992.883s][info][gc,heap        ] GC(2793) PSYoungGen: 270912K(282112K)->64K(261120K) Eden: 270848K(270848K)->0K(260608K) From: 64K(11264K)->64K(512K)
[992.883s][info][gc,heap        ] GC(2793) ParOldGen: 129087K(175104K)->129103K(175104K)
[992.883s][info][gc,metaspace   ] GC(2793) Metaspace: 35629K(36416K)->35629K(36416K) NonClass: 26417K(27008K)->26417K(27008K) Class: 9211K(9408K)->9211K(9408K)
[992.883s][info][gc             ] GC(2793) Pause Young (Allocation Failure) 390M->126M(426M) 1.789ms
[992.883s][info][gc,cpu         ] GC(2793) User=0.00s Sys=0.00s Real=0.01s
[993.838s][info][gc,start       ] GC(2794) Pause Young (Allocation Failure)
[993.840s][info][gc,heap        ] GC(2794) PSYoungGen: 260672K(261120K)->64K(260096K) Eden: 260608K(260608K)->0K(250368K) From: 64K(512K)->64K(9728K)
[993.840s][info][gc,heap        ] GC(2794) ParOldGen: 129103K(175104K)->129111K(175104K)
[993.840s][info][gc,metaspace   ] GC(2794) Metaspace: 35629K(36416K)->35629K(36416K) NonClass: 26417K(27008K)->26417K(27008K) Class: 9211K(9408K)->9211K(9408K)
[993.840s][info][gc             ] GC(2794) Pause Young (Allocation Failure) 380M->126M(425M) 1.216ms
[993.840s][info][gc,cpu         ] GC(2794) User=0.00s Sys=0.00s Real=0.00s
[994.223s][info][gc,start       ] GC(2795) Pause Young (Allocation Failure)
[994.225s][info][gc,heap        ] GC(2795) PSYoungGen: 250432K(260096K)->64K(241152K) Eden: 250368K(250368K)->0K(240640K) From: 64K(9728K)->64K(512K)
[994.225s][info][gc,heap        ] GC(2795) ParOldGen: 129111K(175104K)->129127K(175104K)
[994.225s][info][gc,metaspace   ] GC(2795) Metaspace: 35629K(36416K)->35629K(36416K) NonClass: 26417K(27008K)->26417K(27008K) Class: 9211K(9408K)->9211K(9408K)
[994.225s][info][gc             ] GC(2795) Pause Young (Allocation Failure) 370M->126M(406M) 2.152ms
[994.225s][info][gc,cpu         ] GC(2795) User=0.00s Sys=0.00s Real=0.00s
[994.382s][info][gc,start       ] GC(2796) Pause Young (Allocation Failure)
[994.383s][info][gc,heap        ] GC(2796) PSYoungGen: 240704K(241152K)->64K(240128K) Eden: 240640K(240640K)->0K(231424K) From: 64K(512K)->64K(8704K)
[994.383s][info][gc,heap        ] GC(2796) ParOldGen: 129127K(175104K)->129143K(175104K)
[994.383s][info][gc,metaspace   ] GC(2796) Metaspace: 35629K(36416K)->35629K(36416K) NonClass: 26417K(27008K)->26417K(27008K) Class: 9211K(9408K)->9211K(9408K)
[994.383s][info][gc             ] GC(2796) Pause Young (Allocation Failure) 361M->126M(405M) 1.295ms
[994.383s][info][gc,cpu         ] GC(2796) User=0.00s Sys=0.00s Real=0.01s
[994.626s][info][gc,start       ] GC(2797) Pause Young (Allocation Failure)
[994.628s][info][gc,heap        ] GC(2797) PSYoungGen: 231488K(240128K)->64K(223232K) Eden: 231424K(231424K)->0K(222720K) From: 64K(8704K)->64K(512K)
[994.628s][info][gc,heap        ] GC(2797) ParOldGen: 129143K(175104K)->129159K(175104K)
[994.628s][info][gc,metaspace   ] GC(2797) Metaspace: 35629K(36416K)->35629K(36416K) NonClass: 26417K(27008K)->26417K(27008K) Class: 9211K(9408K)->9211K(9408K)
[994.628s][info][gc             ] GC(2797) Pause Young (Allocation Failure) 352M->126M(389M) 1.616ms
[994.628s][info][gc,cpu         ] GC(2797) User=0.00s Sys=0.00s Real=0.00s
[995.047s][info][gc,start       ] GC(2798) Pause Young (Allocation Failure)
[995.048s][info][gc,heap        ] GC(2798) PSYoungGen: 222784K(223232K)->32K(221696K) Eden: 222720K(222720K)->0K(214528K) From: 64K(512K)->32K(7168K)
[995.048s][info][gc,heap        ] GC(2798) ParOldGen: 129159K(175104K)->129175K(175104K)
[995.048s][info][gc,metaspace   ] GC(2798) Metaspace: 35629K(36416K)->35629K(36416K) NonClass: 26417K(27008K)->26417K(27008K) Class: 9211K(9408K)->9211K(9408K)
[995.048s][info][gc             ] GC(2798) Pause Young (Allocation Failure) 343M->126M(387M) 1.075ms
[995.048s][info][gc,cpu         ] GC(2798) User=0.00s Sys=0.00s Real=0.00s
[995.304s][info][gc,start       ] GC(2799) Pause Young (Allocation Failure)
[995.306s][info][gc,heap        ] GC(2799) PSYoungGen: 214560K(221696K)->32K(207360K) Eden: 214528K(214528K)->0K(206848K) From: 32K(7168K)->32K(512K)
[995.306s][info][gc,heap        ] GC(2799) ParOldGen: 129175K(175104K)->129183K(175104K)
[995.306s][info][gc,metaspace   ] GC(2799) Metaspace: 35629K(36416K)->35629K(36416K) NonClass: 26417K(27008K)->26417K(27008K) Class: 9211K(9408K)->9211K(9408K)
[995.306s][info][gc             ] GC(2799) Pause Young (Allocation Failure) 335M->126M(373M) 1.654ms
[995.306s][info][gc,cpu         ] GC(2799) User=0.00s Sys=0.00s Real=0.00s
[995.556s][info][gc,start       ] GC(2800) Pause Young (Allocation Failure)
[995.590s][info][gc,heap        ] GC(2800) PSYoungGen: 206880K(207360K)->6144K(253440K) Eden: 206848K(206848K)->0K(247296K) From: 32K(512K)->6144K(6144K)
[995.590s][info][gc,heap        ] GC(2800) ParOldGen: 129183K(175104K)->144519K(175104K)
[995.590s][info][gc,metaspace   ] GC(2800) Metaspace: 35629K(36416K)->35629K(36416K) NonClass: 26417K(27008K)->26417K(27008K) Class: 9211K(9408K)->9211K(9408K)
[995.590s][info][gc             ] GC(2800) Pause Young (Allocation Failure) 328M->147M(418M) 33.942ms
[995.590s][info][gc,cpu         ] GC(2800) User=0.06s Sys=0.00s Real=0.03s
[995.876s][info][gc,start       ] GC(2801) Pause Young (Allocation Failure)
[995.922s][info][gc,heap        ] GC(2801) PSYoungGen: 253440K(253440K)->6144K(255488K) Eden: 247296K(247296K)->0K(249344K) From: 6144K(6144K)->6144K(6144K)
[995.922s][info][gc,heap        ] GC(2801) ParOldGen: 144519K(175104K)->166703K(175104K)
[995.922s][info][gc,metaspace   ] GC(2801) Metaspace: 35629K(36416K)->35629K(36416K) NonClass: 26417K(27008K)->26417K(27008K) Class: 9211K(9408K)->9211K(9408K)
[995.922s][info][gc             ] GC(2801) Pause Young (Allocation Failure) 388M->168M(420M) 46.712ms
[995.922s][info][gc,cpu         ] GC(2801) User=0.09s Sys=0.00s Real=0.05s
[996.094s][info][gc,start       ] GC(2802) Pause Young (Allocation Failure)
[996.118s][info][gc,heap        ] GC(2802) PSYoungGen: 255488K(255488K)->13280K(271360K) Eden: 249344K(249344K)->0K(249344K) From: 6144K(6144K)->13280K(22016K)
[996.118s][info][gc,heap        ] GC(2802) ParOldGen: 166703K(175104K)->167295K(175104K)
[996.118s][info][gc,metaspace   ] GC(2802) Metaspace: 35629K(36416K)->35629K(36416K) NonClass: 26417K(27008K)->26417K(27008K) Class: 9211K(9408K)->9211K(9408K)
[996.118s][info][gc             ] GC(2802) Pause Young (Allocation Failure) 412M->176M(436M) 24.416ms
[996.118s][info][gc,cpu         ] GC(2802) User=0.04s Sys=0.00s Real=0.02s
[996.394s][info][gc,start       ] GC(2803) Pause Young (Allocation Failure)
[996.395s][info][gc,heap        ] GC(2803) PSYoungGen: 262624K(271360K)->64K(311296K) Eden: 249344K(249344K)->0K(288256K) From: 13280K(22016K)->64K(23040K)
[996.395s][info][gc,heap        ] GC(2803) ParOldGen: 167295K(175104K)->167303K(175104K)
[996.395s][info][gc,metaspace   ] GC(2803) Metaspace: 35629K(36416K)->35629K(36416K) NonClass: 26417K(27008K)->26417K(27008K) Class: 9211K(9408K)->9211K(9408K)
[996.395s][info][gc             ] GC(2803) Pause Young (Allocation Failure) 419M->163M(475M) 0.886ms
[996.395s][info][gc,cpu         ] GC(2803) User=0.00s Sys=0.00s Real=0.00s
[997.024s][info][gc,start       ] GC(2804) Pause Young (Allocation Failure)
[997.025s][info][gc,heap        ] GC(2804) PSYoungGen: 288320K(311296K)->64K(288768K) Eden: 288256K(288256K)->0K(288256K) From: 64K(23040K)->64K(512K)
[997.025s][info][gc,heap        ] GC(2804) ParOldGen: 167303K(175104K)->167311K(175104K)
[997.025s][info][gc,metaspace   ] GC(2804) Metaspace: 35629K(36416K)->35629K(36416K) NonClass: 26417K(27008K)->26417K(27008K) Class: 9211K(9408K)->9211K(9408K)
[997.025s][info][gc             ] GC(2804) Pause Young (Allocation Failure) 444M->163M(453M) 1.354ms
[997.025s][info][gc,cpu         ] GC(2804) User=0.00s Sys=0.00s Real=0.00s
[997.475s][info][gc,start       ] GC(2805) Pause Young (Allocation Failure)
[997.476s][info][gc,heap        ] GC(2805) PSYoungGen: 288320K(288768K)->64K(311296K) Eden: 288256K(288256K)->0K(289280K) From: 64K(512K)->64K(22016K)
[997.476s][info][gc,heap        ] GC(2805) ParOldGen: 167311K(175104K)->167327K(175104K)
[997.476s][info][gc,metaspace   ] GC(2805) Metaspace: 35629K(36416K)->35629K(36416K) NonClass: 26417K(27008K)->26417K(27008K) Class: 9211K(9408K)->9211K(9408K)
[997.476s][info][gc             ] GC(2805) Pause Young (Allocation Failure) 444M->163M(475M) 0.844ms
[997.476s][info][gc,cpu         ] GC(2805) User=0.00s Sys=0.00s Real=0.00s
[997.685s][info][gc,start       ] GC(2806) Pause Young (Allocation Failure)
[997.686s][info][gc,heap        ] GC(2806) PSYoungGen: 289344K(311296K)->64K(310272K) Eden: 289280K(289280K)->0K(289280K) From: 64K(22016K)->64K(20992K)
[997.686s][info][gc,heap        ] GC(2806) ParOldGen: 167327K(175104K)->167343K(175104K)
[997.686s][info][gc,metaspace   ] GC(2806) Metaspace: 35629K(36416K)->35629K(36416K) NonClass: 26417K(27008K)->26417K(27008K) Class: 9211K(9408K)->9211K(9408K)
[997.686s][info][gc             ] GC(2806) Pause Young (Allocation Failure) 445M->163M(474M) 0.860ms
[997.686s][info][gc,cpu         ] GC(2806) User=0.00s Sys=0.00s Real=0.00s
[997.892s][info][gc,start       ] GC(2807) Pause Young (Allocation Failure)
[997.893s][info][gc,heap        ] GC(2807) PSYoungGen: 289344K(310272K)->64K(311296K) Eden: 289280K(289280K)->0K(291328K) From: 64K(20992K)->64K(19968K)
[997.893s][info][gc,heap        ] GC(2807) ParOldGen: 167343K(175104K)->167343K(175104K)
[997.893s][info][gc,metaspace   ] GC(2807) Metaspace: 35629K(36416K)->35629K(36416K) NonClass: 26417K(27008K)->26417K(27008K) Class: 9211K(9408K)->9211K(9408K)
[997.893s][info][gc             ] GC(2807) Pause Young (Allocation Failure) 445M->163M(475M) 0.792ms
[997.893s][info][gc,cpu         ] GC(2807) User=0.00s Sys=0.00s Real=0.00s
[998.199s][info][gc,start       ] GC(2808) Pause Young (Allocation Failure)
[998.200s][info][gc,heap        ] GC(2808) PSYoungGen: 291392K(311296K)->64K(310784K) Eden: 291328K(291328K)->0K(291328K) From: 64K(19968K)->64K(19456K)
[998.200s][info][gc,heap        ] GC(2808) ParOldGen: 167343K(175104K)->167343K(175104K)
[998.200s][info][gc,metaspace   ] GC(2808) Metaspace: 35629K(36416K)->35629K(36416K) NonClass: 26417K(27008K)->26417K(27008K) Class: 9211K(9408K)->9211K(9408K)
[998.200s][info][gc             ] GC(2808) Pause Young (Allocation Failure) 447M->163M(474M) 0.879ms
[998.200s][info][gc,cpu         ] GC(2808) User=0.00s Sys=0.00s Real=0.00s
[998.251s][info][gc,start       ] GC(2809) Pause Young (Allocation Failure)
[998.252s][info][gc,heap        ] GC(2809) PSYoungGen: 291392K(310784K)->64K(313344K) Eden: 291328K(291328K)->0K(295424K) From: 64K(19456K)->64K(17920K)
[998.252s][info][gc,heap        ] GC(2809) ParOldGen: 167343K(175104K)->167359K(175104K)
[998.252s][info][gc,metaspace   ] GC(2809) Metaspace: 35629K(36416K)->35629K(36416K) NonClass: 26417K(27008K)->26417K(27008K) Class: 9211K(9408K)->9211K(9408K)
[998.252s][info][gc             ] GC(2809) Pause Young (Allocation Failure) 447M->163M(477M) 0.778ms
[998.252s][info][gc,cpu         ] GC(2809) User=0.00s Sys=0.00s Real=0.00s
[998.320s][info][gc,start       ] GC(2810) Pause Young (Allocation Failure)
[998.321s][info][gc,heap        ] GC(2810) PSYoungGen: 295488K(313344K)->64K(312832K) Eden: 295424K(295424K)->0K(295424K) From: 64K(17920K)->64K(17408K)
[998.321s][info][gc,heap        ] GC(2810) ParOldGen: 167359K(175104K)->167359K(175104K)
[998.321s][info][gc,metaspace   ] GC(2810) Metaspace: 35629K(36416K)->35629K(36416K) NonClass: 26417K(27008K)->26417K(27008K) Class: 9211K(9408K)->9211K(9408K)
[998.321s][info][gc             ] GC(2810) Pause Young (Allocation Failure) 451M->163M(476M) 0.799ms
[998.321s][info][gc,cpu         ] GC(2810) User=0.00s Sys=0.01s Real=0.00s
[998.539s][info][gc,start       ] GC(2811) Pause Young (Allocation Failure)
[998.540s][info][gc,heap        ] GC(2811) PSYoungGen: 295488K(312832K)->64K(315392K) Eden: 295424K(295424K)->0K(299520K) From: 64K(17408K)->64K(15872K)
[998.540s][info][gc,heap        ] GC(2811) ParOldGen: 167359K(175104K)->167375K(175104K)
[998.540s][info][gc,metaspace   ] GC(2811) Metaspace: 35629K(36416K)->35629K(36416K) NonClass: 26417K(27008K)->26417K(27008K) Class: 9211K(9408K)->9211K(9408K)
[998.540s][info][gc             ] GC(2811) Pause Young (Allocation Failure) 451M->163M(479M) 0.819ms
[998.540s][info][gc,cpu         ] GC(2811) User=0.00s Sys=0.00s Real=0.00s
[998.742s][info][gc,start       ] GC(2812) Pause Young (Allocation Failure)
[998.743s][info][gc,heap        ] GC(2812) PSYoungGen: 299584K(315392K)->64K(288256K) Eden: 299520K(299520K)->0K(287744K) From: 64K(15872K)->64K(512K)
[998.743s][info][gc,heap        ] GC(2812) ParOldGen: 167375K(175104K)->167375K(175104K)
[998.743s][info][gc,metaspace   ] GC(2812) Metaspace: 35629K(36416K)->35629K(36416K) NonClass: 26417K(27008K)->26417K(27008K) Class: 9211K(9408K)->9211K(9408K)
[998.743s][info][gc             ] GC(2812) Pause Young (Allocation Failure) 456M->163M(452M) 0.914ms
[998.743s][info][gc,cpu         ] GC(2812) User=0.00s Sys=0.00s Real=0.01s
[998.820s][info][gc,start       ] GC(2813) Pause Young (Allocation Failure)
[998.821s][info][gc,heap        ] GC(2813) PSYoungGen: 287808K(288256K)->64K(278016K) Eden: 287744K(287744K)->0K(276480K) From: 64K(512K)->64K(1536K)
[998.821s][info][gc,heap        ] GC(2813) ParOldGen: 167375K(175104K)->167391K(175104K)
[998.821s][info][gc,metaspace   ] GC(2813) Metaspace: 35629K(36416K)->35629K(36416K) NonClass: 26417K(27008K)->26417K(27008K) Class: 9211K(9408K)->9211K(9408K)
[998.821s][info][gc             ] GC(2813) Pause Young (Allocation Failure) 444M->163M(442M) 0.851ms
[998.821s][info][gc,cpu         ] GC(2813) User=0.00s Sys=0.00s Real=0.00s
[998.945s][info][gc,start       ] GC(2814) Pause Young (Allocation Failure)
[998.946s][info][gc,heap        ] GC(2814) PSYoungGen: 276544K(278016K)->64K(279552K) Eden: 276480K(276480K)->0K(265728K) From: 64K(1536K)->64K(13824K)
[998.946s][info][gc,heap        ] GC(2814) ParOldGen: 167391K(175104K)->167391K(175104K)
[998.946s][info][gc,metaspace   ] GC(2814) Metaspace: 35629K(36416K)->35629K(36416K) NonClass: 26417K(27008K)->26417K(27008K) Class: 9211K(9408K)->9211K(9408K)
[998.946s][info][gc             ] GC(2814) Pause Young (Allocation Failure) 433M->163M(444M) 0.831ms
[998.946s][info][gc,cpu         ] GC(2814) User=0.00s Sys=0.00s Real=0.00s
[999.321s][info][gc,start       ] GC(2815) Pause Young (Allocation Failure)
[999.323s][info][gc,heap        ] GC(2815) PSYoungGen: 265792K(279552K)->64K(256000K) Eden: 265728K(265728K)->0K(255488K) From: 64K(13824K)->64K(512K)
[999.323s][info][gc,heap        ] GC(2815) ParOldGen: 167391K(175104K)->167399K(175104K)
[999.323s][info][gc,metaspace   ] GC(2815) Metaspace: 35629K(36416K)->35629K(36416K) NonClass: 26417K(27008K)->26417K(27008K) Class: 9211K(9408K)->9211K(9408K)
[999.323s][info][gc             ] GC(2815) Pause Young (Allocation Failure) 423M->163M(421M) 1.404ms
[999.323s][info][gc,cpu         ] GC(2815) User=0.00s Sys=0.00s Real=0.01s
[999.952s][info][gc,start       ] GC(2816) Pause Young (Allocation Failure)
[999.952s][info][gc,heap        ] GC(2816) PSYoungGen: 255552K(256000K)->83K(258048K) Eden: 255488K(255488K)->0K(245760K) From: 64K(512K)->83K(12288K)
[999.952s][info][gc,heap        ] GC(2816) ParOldGen: 167399K(175104K)->167407K(175104K)
[999.952s][info][gc,metaspace   ] GC(2816) Metaspace: 35629K(36416K)->35629K(36416K) NonClass: 26417K(27008K)->26417K(27008K) Class: 9211K(9408K)->9211K(9408K)
[999.952s][info][gc             ] GC(2816) Pause Young (Allocation Failure) 413M->163M(423M) 0.759ms
[999.952s][info][gc,cpu         ] GC(2816) User=0.00s Sys=0.00s Real=0.01s
[1000.837s][info][gc,start       ] GC(2817) Pause Young (Allocation Failure)
[1000.839s][info][gc,heap        ] GC(2817) PSYoungGen: 245843K(258048K)->64K(237056K) Eden: 245760K(245760K)->0K(236544K) From: 83K(12288K)->64K(512K)
[1000.839s][info][gc,heap        ] GC(2817) ParOldGen: 167407K(175104K)->167423K(175104K)
[1000.839s][info][gc,metaspace   ] GC(2817) Metaspace: 35629K(36416K)->35629K(36416K) NonClass: 26417K(27008K)->26417K(27008K) Class: 9211K(9408K)->9211K(9408K)
[1000.839s][info][gc             ] GC(2817) Pause Young (Allocation Failure) 403M->163M(402M) 2.136ms
[1000.839s][info][gc,cpu         ] GC(2817) User=0.00s Sys=0.00s Real=0.00s
[1001.191s][info][gc,start       ] GC(2818) Pause Young (Allocation Failure)
[1001.192s][info][gc,heap        ] GC(2818) PSYoungGen: 236608K(237056K)->64K(238592K) Eden: 236544K(236544K)->0K(227840K) From: 64K(512K)->64K(10752K)
[1001.192s][info][gc,heap        ] GC(2818) ParOldGen: 167423K(175104K)->167439K(175104K)
[1001.192s][info][gc,metaspace   ] GC(2818) Metaspace: 35629K(36416K)->35629K(36416K) NonClass: 26417K(27008K)->26417K(27008K) Class: 9211K(9408K)->9211K(9408K)
[1001.192s][info][gc             ] GC(2818) Pause Young (Allocation Failure) 394M->163M(404M) 1.251ms
[1001.192s][info][gc,cpu         ] GC(2818) User=0.00s Sys=0.00s Real=0.01s
[1001.962s][info][gc,start       ] GC(2819) Pause Young (Allocation Failure)
[1001.964s][info][gc,heap        ] GC(2819) PSYoungGen: 227904K(238592K)->64K(220160K) Eden: 227840K(227840K)->0K(219648K) From: 64K(10752K)->64K(512K)
[1001.964s][info][gc,heap        ] GC(2819) ParOldGen: 167439K(175104K)->167455K(175104K)
[1001.964s][info][gc,metaspace   ] GC(2819) Metaspace: 35629K(36416K)->35629K(36416K) NonClass: 26417K(27008K)->26417K(27008K) Class: 9211K(9408K)->9211K(9408K)
[1001.964s][info][gc             ] GC(2819) Pause Young (Allocation Failure) 386M->163M(386M) 2.039ms
[1001.964s][info][gc,cpu         ] GC(2819) User=0.00s Sys=0.00s Real=0.01s
[1002.399s][info][gc,start       ] GC(2820) Pause Young (Allocation Failure)
[1002.400s][info][gc,heap        ] GC(2820) PSYoungGen: 219712K(220160K)->32K(220672K) Eden: 219648K(219648K)->0K(211456K) From: 64K(512K)->32K(9216K)
[1002.400s][info][gc,heap        ] GC(2820) ParOldGen: 167455K(175104K)->167463K(175104K)
[1002.400s][info][gc,metaspace   ] GC(2820) Metaspace: 35629K(36416K)->35629K(36416K) NonClass: 26417K(27008K)->26417K(27008K) Class: 9211K(9408K)->9211K(9408K)
[1002.400s][info][gc             ] GC(2820) Pause Young (Allocation Failure) 378M->163M(386M) 1.224ms
[1002.400s][info][gc,cpu         ] GC(2820) User=0.00s Sys=0.00s Real=0.00s
[1002.727s][info][gc,start       ] GC(2821) Pause Young (Allocation Failure)
[1002.729s][info][gc,heap        ] GC(2821) PSYoungGen: 211488K(220672K)->64K(204288K) Eden: 211456K(211456K)->0K(203776K) From: 32K(9216K)->64K(512K)
[1002.729s][info][gc,heap        ] GC(2821) ParOldGen: 167463K(175104K)->167479K(175104K)
[1002.729s][info][gc,metaspace   ] GC(2821) Metaspace: 35629K(36416K)->35629K(36416K) NonClass: 26417K(27008K)->26417K(27008K) Class: 9211K(9408K)->9211K(9408K)
[1002.729s][info][gc             ] GC(2821) Pause Young (Allocation Failure) 370M->163M(370M) 1.941ms
[1002.729s][info][gc,cpu         ] GC(2821) User=0.00s Sys=0.00s Real=0.00s
[1002.829s][info][gc,start       ] GC(2822) Pause Young (Allocation Failure)
[1002.831s][info][gc,heap        ] GC(2822) PSYoungGen: 203840K(204288K)->64K(204800K) Eden: 203776K(203776K)->0K(196608K) From: 64K(512K)->64K(8192K)
[1002.831s][info][gc,heap        ] GC(2822) ParOldGen: 167479K(175104K)->167495K(175104K)
[1002.831s][info][gc,metaspace   ] GC(2822) Metaspace: 35629K(36416K)->35629K(36416K) NonClass: 26417K(27008K)->26417K(27008K) Class: 9211K(9408K)->9211K(9408K)
[1002.831s][info][gc             ] GC(2822) Pause Young (Allocation Failure) 362M->163M(371M) 1.220ms
[1002.831s][info][gc,cpu         ] GC(2822) User=0.00s Sys=0.00s Real=0.00s
[1003.065s][info][gc,start       ] GC(2823) Pause Young (Allocation Failure)
[1003.067s][info][gc,heap        ] GC(2823) PSYoungGen: 196672K(204800K)->32K(189952K) Eden: 196608K(196608K)->0K(189440K) From: 64K(8192K)->32K(512K)
[1003.067s][info][gc,heap        ] GC(2823) ParOldGen: 167495K(175104K)->167503K(175104K)
[1003.067s][info][gc,metaspace   ] GC(2823) Metaspace: 35629K(36416K)->35629K(36416K) NonClass: 26417K(27008K)->26417K(27008K) Class: 9211K(9408K)->9211K(9408K)
[1003.067s][info][gc             ] GC(2823) Pause Young (Allocation Failure) 355M->163M(356M) 2.087ms
[1003.067s][info][gc,cpu         ] GC(2823) User=0.00s Sys=0.00s Real=0.00s
[1003.477s][info][gc,start       ] GC(2824) Pause Young (Allocation Failure)
[1003.479s][info][gc,heap        ] GC(2824) PSYoungGen: 189472K(189952K)->64K(189952K) Eden: 189440K(189440K)->0K(182784K) From: 32K(512K)->64K(7168K)
[1003.479s][info][gc,heap        ] GC(2824) ParOldGen: 167503K(175104K)->167519K(175104K)
[1003.479s][info][gc,metaspace   ] GC(2824) Metaspace: 35629K(36416K)->35629K(36416K) NonClass: 26417K(27008K)->26417K(27008K) Class: 9211K(9408K)->9211K(9408K)
[1003.479s][info][gc             ] GC(2824) Pause Young (Allocation Failure) 348M->163M(356M) 1.413ms
[1003.479s][info][gc,cpu         ] GC(2824) User=0.01s Sys=0.00s Real=0.00s
[1003.644s][info][gc,start       ] GC(2825) Pause Young (Allocation Failure)
[1003.646s][info][gc,heap        ] GC(2825) PSYoungGen: 182848K(189952K)->64K(177152K) Eden: 182784K(182784K)->0K(176640K) From: 64K(7168K)->64K(512K)
[1003.646s][info][gc,heap        ] GC(2825) ParOldGen: 167519K(175104K)->167527K(175104K)
[1003.646s][info][gc,metaspace   ] GC(2825) Metaspace: 35629K(36416K)->35629K(36416K) NonClass: 26417K(27008K)->26417K(27008K) Class: 9211K(9408K)->9211K(9408K)
[1003.646s][info][gc             ] GC(2825) Pause Young (Allocation Failure) 342M->163M(344M) 1.792ms
[1003.646s][info][gc,cpu         ] GC(2825) User=0.00s Sys=0.00s Real=0.00s
[1003.892s][info][gc,start       ] GC(2826) Pause Young (Allocation Failure)
[1003.922s][info][gc,heap        ] GC(2826) PSYoungGen: 176704K(177152K)->6144K(217600K) Eden: 176640K(176640K)->0K(211456K) From: 64K(512K)->6144K(6144K)
[1003.922s][info][gc,heap        ] GC(2826) ParOldGen: 167527K(175104K)->172119K(175104K)
[1003.922s][info][gc,metaspace   ] GC(2826) Metaspace: 35629K(36416K)->35629K(36416K) NonClass: 26417K(27008K)->26417K(27008K) Class: 9211K(9408K)->9211K(9408K)
[1003.922s][info][gc             ] GC(2826) Pause Young (Allocation Failure) 336M->174M(383M) 30.370ms
[1003.922s][info][gc,cpu         ] GC(2826) User=0.03s Sys=0.00s Real=0.04s
[1004.166s][info][gc,start       ] GC(2827) Pause Young (Allocation Failure)
[1004.213s][info][gc,heap        ] GC(2827) PSYoungGen: 217600K(217600K)->6144K(232448K) Eden: 211456K(211456K)->0K(226304K) From: 6144K(6144K)->6144K(6144K)
[1004.213s][info][gc,heap        ] GC(2827) ParOldGen: 172119K(175104K)->189967K(190464K)
[1004.213s][info][gc,metaspace   ] GC(2827) Metaspace: 35629K(36416K)->35629K(36416K) NonClass: 26417K(27008K)->26417K(27008K) Class: 9211K(9408K)->9211K(9408K)
[1004.213s][info][gc             ] GC(2827) Pause Young (Allocation Failure) 380M->191M(413M) 46.620ms
[1004.213s][info][gc,cpu         ] GC(2827) User=0.07s Sys=0.01s Real=0.05s
[1004.482s][info][gc,start       ] GC(2828) Pause Young (Allocation Failure)
[1004.530s][info][gc,heap        ] GC(2828) PSYoungGen: 232448K(232448K)->16896K(243200K) Eden: 226304K(226304K)->0K(226304K) From: 6144K(6144K)->16896K(16896K)
[1004.530s][info][gc,heap        ] GC(2828) ParOldGen: 189967K(190464K)->199071K(199168K)
[1004.530s][info][gc,metaspace   ] GC(2828) Metaspace: 35629K(36416K)->35629K(36416K) NonClass: 26417K(27008K)->26417K(27008K) Class: 9211K(9408K)->9211K(9408K)
[1004.530s][info][gc             ] GC(2828) Pause Young (Allocation Failure) 412M->210M(432M) 48.225ms
[1004.530s][info][gc,cpu         ] GC(2828) User=0.09s Sys=0.01s Real=0.05s
[1004.614s][info][gc,start       ] GC(2829) Pause Young (Allocation Failure)
[1004.622s][info][gc,heap        ] GC(2829) PSYoungGen: 243200K(243200K)->2528K(293376K) Eden: 226304K(226304K)->0K(271872K) From: 16896K(16896K)->2528K(21504K)
[1004.622s][info][gc,heap        ] GC(2829) ParOldGen: 199071K(199168K)->199311K(199680K)
[1004.622s][info][gc,metaspace   ] GC(2829) Metaspace: 35629K(36416K)->35629K(36416K) NonClass: 26417K(27008K)->26417K(27008K) Class: 9211K(9408K)->9211K(9408K)
[1004.622s][info][gc             ] GC(2829) Pause Young (Allocation Failure) 431M->197M(481M) 8.492ms
[1004.622s][info][gc,cpu         ] GC(2829) User=0.01s Sys=0.00s Real=0.01s
[1005.120s][info][gc,start       ] GC(2830) Pause Young (Allocation Failure)
[1005.121s][info][gc,heap        ] GC(2830) PSYoungGen: 274400K(293376K)->64K(294400K) Eden: 271872K(271872K)->0K(271872K) From: 2528K(21504K)->64K(22528K)
[1005.121s][info][gc,heap        ] GC(2830) ParOldGen: 199311K(199680K)->199319K(199680K)
[1005.121s][info][gc,metaspace   ] GC(2830) Metaspace: 35629K(36416K)->35629K(36416K) NonClass: 26417K(27008K)->26417K(27008K) Class: 9211K(9408K)->9211K(9408K)
[1005.121s][info][gc             ] GC(2830) Pause Young (Allocation Failure) 462M->194M(482M) 1.012ms
[1005.121s][info][gc,cpu         ] GC(2830) User=0.00s Sys=0.00s Real=0.00s
[1005.593s][info][gc,start       ] GC(2831) Pause Young (Allocation Failure)
[1005.594s][info][gc,heap        ] GC(2831) PSYoungGen: 271936K(294400K)->64K(308736K) Eden: 271872K(271872K)->0K(289280K) From: 64K(22528K)->64K(19456K)
[1005.594s][info][gc,heap        ] GC(2831) ParOldGen: 199319K(199680K)->199327K(199680K)
[1005.594s][info][gc,metaspace   ] GC(2831) Metaspace: 35629K(36416K)->35629K(36416K) NonClass: 26417K(27008K)->26417K(27008K) Class: 9211K(9408K)->9211K(9408K)
[1005.594s][info][gc             ] GC(2831) Pause Young (Allocation Failure) 460M->194M(496M) 0.939ms
[1005.594s][info][gc,cpu         ] GC(2831) User=0.00s Sys=0.00s Real=0.00s
[1006.028s][info][gc,start       ] GC(2832) Pause Young (Allocation Failure)
[1006.029s][info][gc,heap        ] GC(2832) PSYoungGen: 289344K(308736K)->64K(310272K) Eden: 289280K(289280K)->0K(289280K) From: 64K(19456K)->64K(20992K)
[1006.030s][info][gc,heap        ] GC(2832) ParOldGen: 199327K(199680K)->199343K(199680K)
[1006.030s][info][gc,metaspace   ] GC(2832) Metaspace: 35629K(36416K)->35629K(36416K) NonClass: 26417K(27008K)->26417K(27008K) Class: 9211K(9408K)->9211K(9408K)
[1006.030s][info][gc             ] GC(2832) Pause Young (Allocation Failure) 477M->194M(498M) 1.091ms
[1006.030s][info][gc,cpu         ] GC(2832) User=0.01s Sys=0.00s Real=0.00s
[1006.236s][info][gc,start       ] GC(2833) Pause Young (Allocation Failure)
[1006.237s][info][gc,heap        ] GC(2833) PSYoungGen: 289344K(310272K)->64K(310272K) Eden: 289280K(289280K)->0K(292352K) From: 64K(20992K)->64K(17920K)
[1006.237s][info][gc,heap        ] GC(2833) ParOldGen: 199343K(199680K)->199359K(199680K)
[1006.237s][info][gc,metaspace   ] GC(2833) Metaspace: 35629K(36416K)->35629K(36416K) NonClass: 26417K(27008K)->26417K(27008K) Class: 9211K(9408K)->9211K(9408K)
[1006.237s][info][gc             ] GC(2833) Pause Young (Allocation Failure) 477M->194M(498M) 0.910ms
[1006.237s][info][gc,cpu         ] GC(2833) User=0.00s Sys=0.00s Real=0.00s
[1006.553s][info][gc,start       ] GC(2834) Pause Young (Allocation Failure)
[1006.553s][info][gc,heap        ] GC(2834) PSYoungGen: 292416K(310272K)->64K(311808K) Eden: 292352K(292352K)->0K(292352K) From: 64K(17920K)->64K(19456K)
[1006.553s][info][gc,heap        ] GC(2834) ParOldGen: 199359K(199680K)->199359K(199680K)
[1006.553s][info][gc,metaspace   ] GC(2834) Metaspace: 35629K(36416K)->35629K(36416K) NonClass: 26417K(27008K)->26417K(27008K) Class: 9211K(9408K)->9211K(9408K)
[1006.553s][info][gc             ] GC(2834) Pause Young (Allocation Failure) 480M->194M(499M) 0.911ms
[1006.553s][info][gc,cpu         ] GC(2834) User=0.00s Sys=0.00s Real=0.00s
[1006.710s][info][gc,start       ] GC(2835) Pause Young (Allocation Failure)
[1006.711s][info][gc,heap        ] GC(2835) PSYoungGen: 292416K(311808K)->64K(311808K) Eden: 292352K(292352K)->0K(295936K) From: 64K(19456K)->64K(15872K)
[1006.711s][info][gc,heap        ] GC(2835) ParOldGen: 199359K(199680K)->199367K(199680K)
[1006.711s][info][gc,metaspace   ] GC(2835) Metaspace: 35629K(36416K)->35629K(36416K) NonClass: 26417K(27008K)->26417K(27008K) Class: 9211K(9408K)->9211K(9408K)
[1006.711s][info][gc             ] GC(2835) Pause Young (Allocation Failure) 480M->194M(499M) 0.907ms
[1006.711s][info][gc,cpu         ] GC(2835) User=0.00s Sys=0.00s Real=0.00s
[1006.765s][info][gc,start       ] GC(2836) Pause Young (Allocation Failure)
[1006.766s][info][gc,heap        ] GC(2836) PSYoungGen: 296000K(311808K)->64K(313344K) Eden: 295936K(295936K)->0K(295936K) From: 64K(15872K)->64K(17408K)
[1006.766s][info][gc,heap        ] GC(2836) ParOldGen: 199367K(199680K)->199383K(199680K)
[1006.766s][info][gc,metaspace   ] GC(2836) Metaspace: 35629K(36416K)->35629K(36416K) NonClass: 26417K(27008K)->26417K(27008K) Class: 9211K(9408K)->9211K(9408K)
[1006.766s][info][gc             ] GC(2836) Pause Young (Allocation Failure) 483M->194M(501M) 0.835ms
[1006.766s][info][gc,cpu         ] GC(2836) User=0.00s Sys=0.00s Real=0.00s
[1006.882s][info][gc,start       ] GC(2837) Pause Young (Allocation Failure)
[1006.883s][info][gc,heap        ] GC(2837) PSYoungGen: 296000K(313344K)->64K(313856K) Eden: 295936K(295936K)->0K(299520K) From: 64K(17408K)->64K(14336K)
[1006.883s][info][gc,heap        ] GC(2837) ParOldGen: 199383K(199680K)->199383K(199680K)
[1006.883s][info][gc,metaspace   ] GC(2837) Metaspace: 35629K(36416K)->35629K(36416K) NonClass: 26417K(27008K)->26417K(27008K) Class: 9211K(9408K)->9211K(9408K)
[1006.883s][info][gc             ] GC(2837) Pause Young (Allocation Failure) 483M->194M(501M) 0.817ms
[1006.883s][info][gc,cpu         ] GC(2837) User=0.00s Sys=0.00s Real=0.00s
[1007.106s][info][gc,start       ] GC(2838) Pause Young (Allocation Failure)
[1007.107s][info][gc,heap        ] GC(2838) PSYoungGen: 299584K(313856K)->64K(315392K) Eden: 299520K(299520K)->0K(299520K) From: 64K(14336K)->64K(15872K)
[1007.107s][info][gc,heap        ] GC(2838) ParOldGen: 199383K(199680K)->199391K(199680K)
[1007.107s][info][gc,metaspace   ] GC(2838) Metaspace: 35629K(36416K)->35629K(36416K) NonClass: 26417K(27008K)->26417K(27008K) Class: 9211K(9408K)->9211K(9408K)
[1007.107s][info][gc             ] GC(2838) Pause Young (Allocation Failure) 487M->194M(503M) 0.874ms
[1007.107s][info][gc,cpu         ] GC(2838) User=0.00s Sys=0.00s Real=0.00s
[1007.262s][info][gc,start       ] GC(2839) Pause Young (Allocation Failure)
[1007.263s][info][gc,heap        ] GC(2839) PSYoungGen: 299584K(315392K)->64K(315392K) Eden: 299520K(299520K)->0K(303104K) From: 64K(15872K)->64K(12288K)
[1007.263s][info][gc,heap        ] GC(2839) ParOldGen: 199391K(199680K)->199399K(199680K)
[1007.263s][info][gc,metaspace   ] GC(2839) Metaspace: 35629K(36416K)->35629K(36416K) NonClass: 26417K(27008K)->26417K(27008K) Class: 9211K(9408K)->9211K(9408K)
[1007.263s][info][gc             ] GC(2839) Pause Young (Allocation Failure) 487M->194M(503M) 0.917ms
[1007.263s][info][gc,cpu         ] GC(2839) User=0.00s Sys=0.00s Real=0.00s
[1007.351s][info][gc,start       ] GC(2840) Pause Young (Allocation Failure)
[1007.352s][info][gc,heap        ] GC(2840) PSYoungGen: 303168K(315392K)->64K(316928K) Eden: 303104K(303104K)->0K(303104K) From: 64K(12288K)->64K(13824K)
[1007.352s][info][gc,heap        ] GC(2840) ParOldGen: 199399K(199680K)->199407K(199680K)
[1007.352s][info][gc,metaspace   ] GC(2840) Metaspace: 35629K(36416K)->35629K(36416K) NonClass: 26417K(27008K)->26417K(27008K) Class: 9211K(9408K)->9211K(9408K)
[1007.352s][info][gc             ] GC(2840) Pause Young (Allocation Failure) 490M->194M(504M) 0.891ms
[1007.352s][info][gc,cpu         ] GC(2840) User=0.00s Sys=0.00s Real=0.00s
[1007.526s][info][gc,start       ] GC(2841) Pause Young (Allocation Failure)
[1007.526s][info][gc,heap        ] GC(2841) PSYoungGen: 303168K(316928K)->64K(291328K) Eden: 303104K(303104K)->0K(290816K) From: 64K(13824K)->64K(512K)
[1007.526s][info][gc,heap        ] GC(2841) ParOldGen: 199407K(199680K)->199415K(199680K)
[1007.526s][info][gc,metaspace   ] GC(2841) Metaspace: 35629K(36416K)->35629K(36416K) NonClass: 26417K(27008K)->26417K(27008K) Class: 9211K(9408K)->9211K(9408K)
[1007.526s][info][gc             ] GC(2841) Pause Young (Allocation Failure) 490M->194M(479M) 0.888ms
[1007.526s][info][gc,cpu         ] GC(2841) User=0.00s Sys=0.00s Real=0.00s
[1008.445s][info][gc,start       ] GC(2842) Pause Young (Allocation Failure)
[1008.446s][info][gc,heap        ] GC(2842) PSYoungGen: 290880K(291328K)->83K(291840K) Eden: 290816K(290816K)->0K(279552K) From: 64K(512K)->83K(12288K)
[1008.446s][info][gc,heap        ] GC(2842) ParOldGen: 199415K(199680K)->199423K(199680K)
[1008.446s][info][gc,metaspace   ] GC(2842) Metaspace: 35629K(36416K)->35629K(36416K) NonClass: 26417K(27008K)->26417K(27008K) Class: 9211K(9408K)->9211K(9408K)
[1008.446s][info][gc             ] GC(2842) Pause Young (Allocation Failure) 478M->194M(480M) 1.039ms
[1008.446s][info][gc,cpu         ] GC(2842) User=0.00s Sys=0.00s Real=0.00s
[1009.277s][info][gc,start       ] GC(2843) Pause Young (Allocation Failure)
[1009.278s][info][gc,heap        ] GC(2843) PSYoungGen: 279635K(291840K)->64K(269312K) Eden: 279552K(279552K)->0K(268800K) From: 83K(12288K)->64K(512K)
[1009.278s][info][gc,heap        ] GC(2843) ParOldGen: 199423K(199680K)->199431K(199680K)
[1009.278s][info][gc,metaspace   ] GC(2843) Metaspace: 35629K(36416K)->35629K(36416K) NonClass: 26417K(27008K)->26417K(27008K) Class: 9211K(9408K)->9211K(9408K)
[1009.278s][info][gc             ] GC(2843) Pause Young (Allocation Failure) 467M->194M(458M) 1.018ms
[1009.278s][info][gc,cpu         ] GC(2843) User=0.00s Sys=0.00s Real=0.00s
[1009.633s][info][gc,start       ] GC(2844) Pause Young (Allocation Failure)
[1009.634s][info][gc,heap        ] GC(2844) PSYoungGen: 268864K(269312K)->64K(269312K) Eden: 268800K(268800K)->0K(258560K) From: 64K(512K)->64K(10752K)
[1009.634s][info][gc,heap        ] GC(2844) ParOldGen: 199431K(199680K)->199439K(199680K)
[1009.634s][info][gc,metaspace   ] GC(2844) Metaspace: 35629K(36416K)->35629K(36416K) NonClass: 26417K(27008K)->26417K(27008K) Class: 9211K(9408K)->9211K(9408K)
[1009.634s][info][gc             ] GC(2844) Pause Young (Allocation Failure) 457M->194M(458M) 0.825ms
[1009.634s][info][gc,cpu         ] GC(2844) User=0.00s Sys=0.00s Real=0.00s
[1010.478s][info][gc,start       ] GC(2845) Pause Young (Allocation Failure)
[1010.479s][info][gc,heap        ] GC(2845) PSYoungGen: 258624K(269312K)->64K(249344K) Eden: 258560K(258560K)->0K(248832K) From: 64K(10752K)->64K(512K)
[1010.479s][info][gc,heap        ] GC(2845) ParOldGen: 199439K(199680K)->199447K(199680K)
[1010.479s][info][gc,metaspace   ] GC(2845) Metaspace: 35629K(36416K)->35629K(36416K) NonClass: 26417K(27008K)->26417K(27008K) Class: 9211K(9408K)->9211K(9408K)
[1010.479s][info][gc             ] GC(2845) Pause Young (Allocation Failure) 447M->194M(438M) 1.029ms
[1010.479s][info][gc,cpu         ] GC(2845) User=0.01s Sys=0.00s Real=0.00s
[1010.917s][info][gc,start       ] GC(2846) Pause Young (Allocation Failure)
[1010.919s][info][gc,heap        ] GC(2846) PSYoungGen: 248896K(249344K)->64K(248832K) Eden: 248832K(248832K)->0K(239616K) From: 64K(512K)->64K(9216K)
[1010.919s][info][gc,heap        ] GC(2846) ParOldGen: 199447K(199680K)->199463K(199680K)
[1010.919s][info][gc,metaspace   ] GC(2846) Metaspace: 35629K(36416K)->35629K(36416K) NonClass: 26417K(27008K)->26417K(27008K) Class: 9211K(9408K)->9211K(9408K)
[1010.919s][info][gc             ] GC(2846) Pause Young (Allocation Failure) 437M->194M(438M) 1.448ms
[1010.919s][info][gc,cpu         ] GC(2846) User=0.00s Sys=0.00s Real=0.00s
[1011.280s][info][gc,start       ] GC(2847) Pause Young (Allocation Failure)
[1011.282s][info][gc,heap        ] GC(2847) PSYoungGen: 239680K(248832K)->64K(230912K) Eden: 239616K(239616K)->0K(230400K) From: 64K(9216K)->64K(512K)
[1011.282s][info][gc,heap        ] GC(2847) ParOldGen: 199463K(199680K)->199479K(199680K)
[1011.282s][info][gc,metaspace   ] GC(2847) Metaspace: 35629K(36416K)->35629K(36416K) NonClass: 26417K(27008K)->26417K(27008K) Class: 9211K(9408K)->9211K(9408K)
[1011.282s][info][gc             ] GC(2847) Pause Young (Allocation Failure) 428M->194M(420M) 2.314ms
[1011.282s][info][gc,cpu         ] GC(2847) User=0.00s Sys=0.00s Real=0.00s
[1011.358s][info][gc,start       ] GC(2848) Pause Young (Allocation Failure)
[1011.359s][info][gc,heap        ] GC(2848) PSYoungGen: 230464K(230912K)->64K(229888K) Eden: 230400K(230400K)->0K(221696K) From: 64K(512K)->64K(8192K)
[1011.359s][info][gc,heap        ] GC(2848) ParOldGen: 199479K(199680K)->199495K(199680K)
[1011.359s][info][gc,metaspace   ] GC(2848) Metaspace: 35629K(36416K)->35629K(36416K) NonClass: 26417K(27008K)->26417K(27008K) Class: 9211K(9408K)->9211K(9408K)
[1011.359s][info][gc             ] GC(2848) Pause Young (Allocation Failure) 419M->194M(419M) 1.332ms
[1011.359s][info][gc,cpu         ] GC(2848) User=0.00s Sys=0.00s Real=0.00s
[1011.844s][info][gc,start       ] GC(2849) Pause Young (Allocation Failure)
[1011.846s][info][gc,heap        ] GC(2849) PSYoungGen: 221760K(229888K)->64K(214016K) Eden: 221696K(221696K)->0K(213504K) From: 64K(8192K)->64K(512K)
[1011.846s][info][gc,heap        ] GC(2849) ParOldGen: 199495K(199680K)->199511K(199680K)
[1011.846s][info][gc,metaspace   ] GC(2849) Metaspace: 35629K(36416K)->35629K(36416K) NonClass: 26417K(27008K)->26417K(27008K) Class: 9211K(9408K)->9211K(9408K)
[1011.846s][info][gc             ] GC(2849) Pause Young (Allocation Failure) 411M->194M(404M) 2.112ms
[1011.846s][info][gc,cpu         ] GC(2849) User=0.01s Sys=0.00s Real=0.00s
[1012.070s][info][gc,start       ] GC(2850) Pause Young (Allocation Failure)
[1012.072s][info][gc,heap        ] GC(2850) PSYoungGen: 213568K(214016K)->32K(212992K) Eden: 213504K(213504K)->0K(205824K) From: 64K(512K)->32K(7168K)
[1012.072s][info][gc,heap        ] GC(2850) ParOldGen: 199511K(199680K)->199519K(199680K)
[1012.072s][info][gc,metaspace   ] GC(2850) Metaspace: 35629K(36416K)->35629K(36416K) NonClass: 26417K(27008K)->26417K(27008K) Class: 9211K(9408K)->9211K(9408K)
[1012.072s][info][gc             ] GC(2850) Pause Young (Allocation Failure) 403M->194M(403M) 1.391ms
[1012.072s][info][gc,cpu         ] GC(2850) User=0.00s Sys=0.00s Real=0.00s
[1012.364s][info][gc,start       ] GC(2851) Pause Young (Allocation Failure)
[1012.379s][info][gc,heap        ] GC(2851) PSYoungGen: 205856K(212992K)->6656K(251904K) Eden: 205824K(205824K)->0K(245248K) From: 32K(7168K)->6656K(6656K)
[1012.379s][info][gc,heap        ] GC(2851) ParOldGen: 199519K(199680K)->201415K(201728K)
[1012.379s][info][gc,metaspace   ] GC(2851) Metaspace: 35629K(36416K)->35629K(36416K) NonClass: 26417K(27008K)->26417K(27008K) Class: 9211K(9408K)->9211K(9408K)
[1012.379s][info][gc             ] GC(2851) Pause Young (Allocation Failure) 395M->203M(443M) 15.260ms
[1012.379s][info][gc,cpu         ] GC(2851) User=0.03s Sys=0.01s Real=0.01s
[1012.664s][info][gc,start       ] GC(2852) Pause Young (Allocation Failure)
[1012.717s][info][gc,heap        ] GC(2852) PSYoungGen: 251904K(251904K)->9216K(275456K) Eden: 245248K(245248K)->0K(266240K) From: 6656K(6656K)->9216K(9216K)
[1012.717s][info][gc,heap        ] GC(2852) ParOldGen: 201415K(201728K)->219927K(220160K)
[1012.717s][info][gc,metaspace   ] GC(2852) Metaspace: 35629K(36416K)->35629K(36416K) NonClass: 26417K(27008K)->26417K(27008K) Class: 9211K(9408K)->9211K(9408K)
[1012.717s][info][gc             ] GC(2852) Pause Young (Allocation Failure) 442M->223M(484M) 52.240ms
[1012.717s][info][gc,cpu         ] GC(2852) User=0.09s Sys=0.01s Real=0.05s
[1012.998s][info][gc,start       ] GC(2853) Pause Young (Allocation Failure)
[1013.056s][info][gc,heap        ] GC(2853) PSYoungGen: 275456K(275456K)->17920K(301568K) Eden: 266240K(266240K)->0K(283648K) From: 9216K(9216K)->17920K(17920K)
[1013.056s][info][gc,heap        ] GC(2853) ParOldGen: 219927K(220160K)->228919K(229376K)
[1013.056s][info][gc,metaspace   ] GC(2853) Metaspace: 35629K(36416K)->35629K(36416K) NonClass: 26417K(27008K)->26417K(27008K) Class: 9211K(9408K)->9211K(9408K)
[1013.056s][info][gc             ] GC(2853) Pause Young (Allocation Failure) 483M->241M(518M) 58.407ms
[1013.056s][info][gc,cpu         ] GC(2853) User=0.10s Sys=0.02s Real=0.06s
[1013.207s][info][gc,start       ] GC(2854) Pause Young (Allocation Failure)
[1013.210s][info][gc,heap        ] GC(2854) PSYoungGen: 301568K(301568K)->64K(308736K) Eden: 283648K(283648K)->0K(283648K) From: 17920K(17920K)->64K(25088K)
[1013.210s][info][gc,heap        ] GC(2854) ParOldGen: 228919K(229376K)->229159K(229376K)
[1013.210s][info][gc,metaspace   ] GC(2854) Metaspace: 35629K(36416K)->35629K(36416K) NonClass: 26417K(27008K)->26417K(27008K) Class: 9211K(9408K)->9211K(9408K)
[1013.210s][info][gc             ] GC(2854) Pause Young (Allocation Failure) 518M->223M(525M) 3.618ms
[1013.210s][info][gc,cpu         ] GC(2854) User=0.01s Sys=0.00s Real=0.00s
[1013.881s][info][gc,start       ] GC(2855) Pause Young (Allocation Failure)
[1013.882s][info][gc,heap        ] GC(2855) PSYoungGen: 283712K(308736K)->64K(306688K) Eden: 283648K(283648K)->0K(284672K) From: 64K(25088K)->64K(22016K)
[1013.882s][info][gc,heap        ] GC(2855) ParOldGen: 229159K(229376K)->229175K(229376K)
[1013.882s][info][gc,metaspace   ] GC(2855) Metaspace: 35629K(36416K)->35629K(36416K) NonClass: 26417K(27008K)->26417K(27008K) Class: 9211K(9408K)->9211K(9408K)
[1013.882s][info][gc             ] GC(2855) Pause Young (Allocation Failure) 500M->223M(523M) 1.044ms
[1013.882s][info][gc,cpu         ] GC(2855) User=0.01s Sys=0.00s Real=0.01s
[1014.374s][info][gc,start       ] GC(2856) Pause Young (Allocation Failure)
[1014.375s][info][gc,heap        ] GC(2856) PSYoungGen: 284736K(306688K)->64K(308224K) Eden: 284672K(284672K)->0K(284672K) From: 64K(22016K)->64K(23552K)
[1014.375s][info][gc,heap        ] GC(2856) ParOldGen: 229175K(229376K)->229175K(229376K)
[1014.375s][info][gc,metaspace   ] GC(2856) Metaspace: 35629K(36416K)->35629K(36416K) NonClass: 26417K(27008K)->26417K(27008K) Class: 9211K(9408K)->9211K(9408K)
[1014.375s][info][gc             ] GC(2856) Pause Young (Allocation Failure) 501M->223M(525M) 1.085ms
[1014.375s][info][gc,cpu         ] GC(2856) User=0.00s Sys=0.00s Real=0.00s
[1014.579s][info][gc,start       ] GC(2857) Pause Young (Allocation Failure)
[1014.580s][info][gc,heap        ] GC(2857) PSYoungGen: 284736K(308224K)->64K(307712K) Eden: 284672K(284672K)->0K(287744K) From: 64K(23552K)->64K(19968K)
[1014.580s][info][gc,heap        ] GC(2857) ParOldGen: 229175K(229376K)->229191K(229376K)
[1014.580s][info][gc,metaspace   ] GC(2857) Metaspace: 35629K(36416K)->35629K(36416K) NonClass: 26417K(27008K)->26417K(27008K) Class: 9211K(9408K)->9211K(9408K)
[1014.580s][info][gc             ] GC(2857) Pause Young (Allocation Failure) 501M->223M(524M) 0.986ms
[1014.580s][info][gc,cpu         ] GC(2857) User=0.00s Sys=0.00s Real=0.00s
[1014.788s][info][gc,start       ] GC(2858) Pause Young (Allocation Failure)
[1014.789s][info][gc,heap        ] GC(2858) PSYoungGen: 287808K(307712K)->64K(309248K) Eden: 287744K(287744K)->0K(287744K) From: 64K(19968K)->64K(21504K)
[1014.789s][info][gc,heap        ] GC(2858) ParOldGen: 229191K(229376K)->229191K(229376K)
[1014.789s][info][gc,metaspace   ] GC(2858) Metaspace: 35629K(36416K)->35629K(36416K) NonClass: 26417K(27008K)->26417K(27008K) Class: 9211K(9408K)->9211K(9408K)
[1014.789s][info][gc             ] GC(2858) Pause Young (Allocation Failure) 504M->223M(526M) 1.010ms
[1014.789s][info][gc,cpu         ] GC(2858) User=0.00s Sys=0.00s Real=0.00s
[1015.136s][info][gc,start       ] GC(2859) Pause Young (Allocation Failure)
[1015.136s][info][gc,heap        ] GC(2859) PSYoungGen: 287808K(309248K)->64K(309760K) Eden: 287744K(287744K)->0K(291840K) From: 64K(21504K)->64K(17920K)
[1015.136s][info][gc,heap        ] GC(2859) ParOldGen: 229191K(229376K)->229191K(229376K)
[1015.136s][info][gc,metaspace   ] GC(2859) Metaspace: 35629K(36416K)->35629K(36416K) NonClass: 26417K(27008K)->26417K(27008K) Class: 9211K(9408K)->9211K(9408K)
[1015.136s][info][gc             ] GC(2859) Pause Young (Allocation Failure) 504M->223M(526M) 0.942ms
[1015.136s][info][gc,cpu         ] GC(2859) User=0.01s Sys=0.00s Real=0.00s
[1015.191s][info][gc,start       ] GC(2860) Pause Young (Allocation Failure)
[1015.191s][info][gc,heap        ] GC(2860) PSYoungGen: 291904K(309760K)->64K(311296K) Eden: 291840K(291840K)->0K(291840K) From: 64K(17920K)->64K(19456K)
[1015.191s][info][gc,heap        ] GC(2860) ParOldGen: 229191K(229376K)->229207K(229376K)
[1015.191s][info][gc,metaspace   ] GC(2860) Metaspace: 35629K(36416K)->35629K(36416K) NonClass: 26417K(27008K)->26417K(27008K) Class: 9211K(9408K)->9211K(9408K)
[1015.192s][info][gc             ] GC(2860) Pause Young (Allocation Failure) 508M->223M(528M) 0.986ms
[1015.192s][info][gc,cpu         ] GC(2860) User=0.00s Sys=0.00s Real=0.00s
[1015.242s][info][gc,start       ] GC(2861) Pause Young (Allocation Failure)
[1015.243s][info][gc,heap        ] GC(2861) PSYoungGen: 291904K(311296K)->64K(311808K) Eden: 291840K(291840K)->0K(295936K) From: 64K(19456K)->64K(15872K)
[1015.243s][info][gc,heap        ] GC(2861) ParOldGen: 229207K(229376K)->229207K(229376K)
[1015.243s][info][gc,metaspace   ] GC(2861) Metaspace: 35629K(36416K)->35629K(36416K) NonClass: 26417K(27008K)->26417K(27008K) Class: 9211K(9408K)->9211K(9408K)
[1015.243s][info][gc             ] GC(2861) Pause Young (Allocation Failure) 508M->223M(528M) 0.907ms
[1015.243s][info][gc,cpu         ] GC(2861) User=0.00s Sys=0.00s Real=0.01s
[1015.431s][info][gc,start       ] GC(2862) Pause Young (Allocation Failure)
[1015.432s][info][gc,heap        ] GC(2862) PSYoungGen: 296000K(311808K)->64K(313344K) Eden: 295936K(295936K)->0K(295936K) From: 64K(15872K)->64K(17408K)
[1015.432s][info][gc,heap        ] GC(2862) ParOldGen: 229207K(229376K)->229207K(229376K)
[1015.432s][info][gc,metaspace   ] GC(2862) Metaspace: 35629K(36416K)->35629K(36416K) NonClass: 26417K(27008K)->26417K(27008K) Class: 9211K(9408K)->9211K(9408K)
[1015.432s][info][gc             ] GC(2862) Pause Young (Allocation Failure) 512M->223M(530M) 0.999ms
[1015.432s][info][gc,cpu         ] GC(2862) User=0.00s Sys=0.00s Real=0.00s
[1015.643s][info][gc,start       ] GC(2863) Pause Young (Allocation Failure)
[1015.644s][info][gc,heap        ] GC(2863) PSYoungGen: 296000K(313344K)->64K(313856K) Eden: 295936K(295936K)->0K(300032K) From: 64K(17408K)->64K(13824K)
[1015.644s][info][gc,heap        ] GC(2863) ParOldGen: 229207K(229376K)->229215K(229376K)
[1015.644s][info][gc,metaspace   ] GC(2863) Metaspace: 35629K(36416K)->35629K(36416K) NonClass: 26417K(27008K)->26417K(27008K) Class: 9211K(9408K)->9211K(9408K)
[1015.644s][info][gc             ] GC(2863) Pause Young (Allocation Failure) 512M->223M(530M) 0.981ms
[1015.644s][info][gc,cpu         ] GC(2863) User=0.01s Sys=0.00s Real=0.00s
[1015.754s][info][gc,start       ] GC(2864) Pause Young (Allocation Failure)
[1015.755s][info][gc,heap        ] GC(2864) PSYoungGen: 300096K(313856K)->64K(315392K) Eden: 300032K(300032K)->0K(300032K) From: 64K(13824K)->64K(15360K)
[1015.755s][info][gc,heap        ] GC(2864) ParOldGen: 229215K(229376K)->229223K(229376K)
[1015.755s][info][gc,metaspace   ] GC(2864) Metaspace: 35629K(36416K)->35629K(36416K) NonClass: 26417K(27008K)->26417K(27008K) Class: 9211K(9408K)->9211K(9408K)
[1015.755s][info][gc             ] GC(2864) Pause Young (Allocation Failure) 516M->223M(532M) 1.057ms
[1015.755s][info][gc,cpu         ] GC(2864) User=0.00s Sys=0.00s Real=0.00s
[1015.869s][info][gc,start       ] GC(2865) Pause Young (Allocation Failure)
[1015.870s][info][gc,heap        ] GC(2865) PSYoungGen: 300096K(315392K)->64K(315904K) Eden: 300032K(300032K)->0K(303616K) From: 64K(15360K)->64K(12288K)
[1015.870s][info][gc,heap        ] GC(2865) ParOldGen: 229223K(229376K)->229231K(229376K)
[1015.870s][info][gc,metaspace   ] GC(2865) Metaspace: 35629K(36416K)->35629K(36416K) NonClass: 26417K(27008K)->26417K(27008K) Class: 9211K(9408K)->9211K(9408K)
[1015.870s][info][gc             ] GC(2865) Pause Young (Allocation Failure) 516M->223M(532M) 1.034ms
[1015.870s][info][gc,cpu         ] GC(2865) User=0.00s Sys=0.00s Real=0.00s
[1016.254s][info][gc,start       ] GC(2866) Pause Young (Allocation Failure)
[1016.256s][info][gc,heap        ] GC(2866) PSYoungGen: 303680K(315904K)->64K(291840K) Eden: 303616K(303616K)->0K(291328K) From: 64K(12288K)->64K(512K)
[1016.256s][info][gc,heap        ] GC(2866) ParOldGen: 229231K(229376K)->229239K(229376K)
[1016.256s][info][gc,metaspace   ] GC(2866) Metaspace: 35629K(36416K)->35629K(36416K) NonClass: 26417K(27008K)->26417K(27008K) Class: 9211K(9408K)->9211K(9408K)
[1016.256s][info][gc             ] GC(2866) Pause Young (Allocation Failure) 520M->223M(509M) 1.805ms
[1016.256s][info][gc,cpu         ] GC(2866) User=0.00s Sys=0.00s Real=0.00s
[1016.906s][info][gc,start       ] GC(2867) Pause Young (Allocation Failure)
[1016.908s][info][gc,heap        ] GC(2867) PSYoungGen: 291392K(291840K)->83K(280576K) Eden: 291328K(291328K)->0K(280064K) From: 64K(512K)->83K(512K)
[1016.908s][info][gc,heap        ] GC(2867) ParOldGen: 229239K(229376K)->229247K(229376K)
[1016.908s][info][gc,metaspace   ] GC(2867) Metaspace: 35629K(36416K)->35629K(36416K) NonClass: 26417K(27008K)->26417K(27008K) Class: 9211K(9408K)->9211K(9408K)
[1016.908s][info][gc             ] GC(2867) Pause Young (Allocation Failure) 508M->223M(498M) 1.630ms
[1016.908s][info][gc,cpu         ] GC(2867) User=0.00s Sys=0.00s Real=0.00s
[1017.820s][info][gc,start       ] GC(2868) Pause Young (Allocation Failure)
[1017.821s][info][gc,heap        ] GC(2868) PSYoungGen: 280147K(280576K)->64K(281600K) Eden: 280064K(280064K)->0K(269312K) From: 83K(512K)->64K(12288K)
[1017.821s][info][gc,heap        ] GC(2868) ParOldGen: 229247K(229376K)->229255K(229376K)
[1017.821s][info][gc,metaspace   ] GC(2868) Metaspace: 35629K(36416K)->35629K(36416K) NonClass: 26417K(27008K)->26417K(27008K) Class: 9211K(9408K)->9211K(9408K)
[1017.821s][info][gc             ] GC(2868) Pause Young (Allocation Failure) 497M->223M(499M) 0.969ms
[1017.821s][info][gc,cpu         ] GC(2868) User=0.00s Sys=0.00s Real=0.00s
[1018.258s][info][gc,start       ] GC(2869) Pause Young (Allocation Failure)
[1018.260s][info][gc,heap        ] GC(2869) PSYoungGen: 269376K(281600K)->64K(259584K) Eden: 269312K(269312K)->0K(259072K) From: 64K(12288K)->64K(512K)
[1018.260s][info][gc,heap        ] GC(2869) ParOldGen: 229255K(229376K)->229263K(229376K)
[1018.260s][info][gc,metaspace   ] GC(2869) Metaspace: 35629K(36416K)->35629K(36416K) NonClass: 26417K(27008K)->26417K(27008K) Class: 9211K(9408K)->9211K(9408K)
[1018.260s][info][gc             ] GC(2869) Pause Young (Allocation Failure) 486M->223M(477M) 1.483ms
[1018.260s][info][gc,cpu         ] GC(2869) User=0.00s Sys=0.00s Real=0.00s
[1019.218s][info][gc,start       ] GC(2870) Pause Young (Allocation Failure)
[1019.219s][info][gc,heap        ] GC(2870) PSYoungGen: 259136K(259584K)->64K(260096K) Eden: 259072K(259072K)->0K(249344K) From: 64K(512K)->64K(10752K)
[1019.219s][info][gc,heap        ] GC(2870) ParOldGen: 229263K(229376K)->229271K(229376K)
[1019.219s][info][gc,metaspace   ] GC(2870) Metaspace: 35629K(36416K)->35629K(36416K) NonClass: 26417K(27008K)->26417K(27008K) Class: 9211K(9408K)->9211K(9408K)
[1019.219s][info][gc             ] GC(2870) Pause Young (Allocation Failure) 476M->223M(478M) 0.978ms
[1019.219s][info][gc,cpu         ] GC(2870) User=0.00s Sys=0.00s Real=0.00s
[1019.606s][info][gc,start       ] GC(2871) Pause Young (Allocation Failure)
[1019.607s][info][gc,heap        ] GC(2871) PSYoungGen: 249408K(260096K)->64K(240640K) Eden: 249344K(249344K)->0K(240128K) From: 64K(10752K)->64K(512K)
[1019.607s][info][gc,heap        ] GC(2871) ParOldGen: 229271K(229376K)->229279K(229376K)
[1019.607s][info][gc,metaspace   ] GC(2871) Metaspace: 35629K(36416K)->35629K(36416K) NonClass: 26417K(27008K)->26417K(27008K) Class: 9211K(9408K)->9211K(9408K)
[1019.607s][info][gc             ] GC(2871) Pause Young (Allocation Failure) 467M->223M(459M) 1.620ms
[1019.607s][info][gc,cpu         ] GC(2871) User=0.00s Sys=0.01s Real=0.00s
[1019.762s][info][gc,start       ] GC(2872) Pause Young (Allocation Failure)
[1019.763s][info][gc,heap        ] GC(2872) PSYoungGen: 240192K(240640K)->64K(240128K) Eden: 240128K(240128K)->0K(230912K) From: 64K(512K)->64K(9216K)
[1019.763s][info][gc,heap        ] GC(2872) ParOldGen: 229279K(229376K)->229287K(229376K)
[1019.763s][info][gc,metaspace   ] GC(2872) Metaspace: 35629K(36416K)->35629K(36416K) NonClass: 26417K(27008K)->26417K(27008K) Class: 9211K(9408K)->9211K(9408K)
[1019.763s][info][gc             ] GC(2872) Pause Young (Allocation Failure) 458M->223M(458M) 0.891ms
[1019.763s][info][gc,cpu         ] GC(2872) User=0.00s Sys=0.00s Real=0.01s
[1020.022s][info][gc,start       ] GC(2873) Pause Young (Allocation Failure)
[1020.024s][info][gc,heap        ] GC(2873) PSYoungGen: 230976K(240128K)->64K(222720K) Eden: 230912K(230912K)->0K(222208K) From: 64K(9216K)->64K(512K)
[1020.024s][info][gc,heap        ] GC(2873) ParOldGen: 229287K(229376K)->229295K(229376K)
[1020.024s][info][gc,metaspace   ] GC(2873) Metaspace: 35629K(36416K)->35629K(36416K) NonClass: 26417K(27008K)->26417K(27008K) Class: 9211K(9408K)->9211K(9408K)
[1020.024s][info][gc             ] GC(2873) Pause Young (Allocation Failure) 449M->223M(441M) 1.737ms
[1020.024s][info][gc,cpu         ] GC(2873) User=0.00s Sys=0.00s Real=0.00s
[1020.426s][info][gc,start       ] GC(2874) Pause Young (Allocation Failure)
[1020.427s][info][gc,heap        ] GC(2874) PSYoungGen: 222272K(222720K)->64K(221696K) Eden: 222208K(222208K)->0K(214016K) From: 64K(512K)->64K(7680K)
[1020.427s][info][gc,heap        ] GC(2874) ParOldGen: 229295K(229376K)->229303K(229376K)
[1020.427s][info][gc,metaspace   ] GC(2874) Metaspace: 35629K(36416K)->35629K(36416K) NonClass: 26417K(27008K)->26417K(27008K) Class: 9211K(9408K)->9211K(9408K)
[1020.427s][info][gc             ] GC(2874) Pause Young (Allocation Failure) 440M->223M(440M) 0.912ms
[1020.427s][info][gc,cpu         ] GC(2874) User=0.01s Sys=0.00s Real=0.00s
[1020.693s][info][gc,start       ] GC(2875) Pause Young (Allocation Failure)
[1020.695s][info][gc,heap        ] GC(2875) PSYoungGen: 214080K(221696K)->64K(206848K) Eden: 214016K(214016K)->0K(206336K) From: 64K(7680K)->64K(512K)
[1020.695s][info][gc,heap        ] GC(2875) ParOldGen: 229303K(229376K)->229311K(229376K)
[1020.695s][info][gc,metaspace   ] GC(2875) Metaspace: 35629K(36416K)->35629K(36416K) NonClass: 26417K(27008K)->26417K(27008K) Class: 9211K(9408K)->9211K(9408K)
[1020.695s][info][gc             ] GC(2875) Pause Young (Allocation Failure) 432M->223M(426M) 1.513ms
[1020.695s][info][gc,cpu         ] GC(2875) User=0.00s Sys=0.00s Real=0.00s
[1020.941s][info][gc,start       ] GC(2876) Pause Young (Allocation Failure)
[1020.983s][info][gc,heap        ] GC(2876) PSYoungGen: 206400K(206848K)->6656K(253952K) Eden: 206336K(206336K)->0K(247296K) From: 64K(512K)->6656K(6656K)
[1020.983s][info][gc,heap        ] GC(2876) ParOldGen: 229311K(229376K)->244791K(245248K)
[1020.983s][info][gc,metaspace   ] GC(2876) Metaspace: 35629K(36416K)->35629K(36416K) NonClass: 26417K(27008K)->26417K(27008K) Class: 9211K(9408K)->9211K(9408K)
[1020.983s][info][gc             ] GC(2876) Pause Young (Allocation Failure) 425M->245M(487M) 41.885ms
[1020.983s][info][gc,cpu         ] GC(2876) User=0.07s Sys=0.01s Real=0.05s
[1021.269s][info][gc,start       ] GC(2877) Pause Young (Allocation Failure)
[1021.327s][info][gc,heap        ] GC(2877) PSYoungGen: 253952K(253952K)->10240K(253440K) Eden: 247296K(247296K)->0K(243200K) From: 6656K(6656K)->10240K(10240K)
[1021.327s][info][gc,heap        ] GC(2877) ParOldGen: 244791K(245248K)->262871K(263168K)
[1021.327s][info][gc,metaspace   ] GC(2877) Metaspace: 35629K(36416K)->35629K(36416K) NonClass: 26417K(27008K)->26417K(27008K) Class: 9211K(9408K)->9211K(9408K)
[1021.327s][info][gc             ] GC(2877) Pause Young (Allocation Failure) 487M->266M(504M) 58.252ms
[1021.327s][info][gc,cpu         ] GC(2877) User=0.09s Sys=0.02s Real=0.06s
[1021.494s][info][gc,start       ] GC(2878) Pause Young (Allocation Failure)
[1021.516s][info][gc,heap        ] GC(2878) PSYoungGen: 253440K(253440K)->12640K(265728K) Eden: 243200K(243200K)->0K(243200K) From: 10240K(10240K)->12640K(22528K)
[1021.516s][info][gc,heap        ] GC(2878) ParOldGen: 262871K(263168K)->263351K(263680K)
[1021.516s][info][gc,metaspace   ] GC(2878) Metaspace: 35629K(36416K)->35629K(36416K) NonClass: 26417K(27008K)->26417K(27008K) Class: 9211K(9408K)->9211K(9408K)
[1021.516s][info][gc             ] GC(2878) Pause Young (Allocation Failure) 504M->269M(517M) 22.929ms
[1021.516s][info][gc,cpu         ] GC(2878) User=0.05s Sys=0.00s Real=0.02s
[1021.779s][info][gc,start       ] GC(2879) Pause Young (Allocation Failure)
[1021.780s][info][gc,heap        ] GC(2879) PSYoungGen: 255840K(265728K)->64K(310784K) Eden: 243200K(243200K)->0K(287232K) From: 12640K(22528K)->64K(23552K)
[1021.780s][info][gc,heap        ] GC(2879) ParOldGen: 263351K(263680K)->263359K(263680K)
[1021.780s][info][gc,metaspace   ] GC(2879) Metaspace: 35629K(36416K)->35629K(36416K) NonClass: 26417K(27008K)->26417K(27008K) Class: 9211K(9408K)->9211K(9408K)
[1021.780s][info][gc             ] GC(2879) Pause Young (Allocation Failure) 507M->257M(561M) 1.144ms
[1021.780s][info][gc,cpu         ] GC(2879) User=0.00s Sys=0.00s Real=0.00s
[1022.414s][info][gc,start       ] GC(2880) Pause Young (Allocation Failure)
[1022.415s][info][gc,heap        ] GC(2880) PSYoungGen: 287296K(310784K)->64K(287744K) Eden: 287232K(287232K)->0K(287232K) From: 64K(23552K)->64K(512K)
[1022.415s][info][gc,heap        ] GC(2880) ParOldGen: 263359K(263680K)->263367K(263680K)
[1022.415s][info][gc,metaspace   ] GC(2880) Metaspace: 35629K(36416K)->35629K(36416K) NonClass: 26417K(27008K)->26417K(27008K) Class: 9211K(9408K)->9211K(9408K)
[1022.415s][info][gc             ] GC(2880) Pause Young (Allocation Failure) 537M->257M(538M) 1.168ms
[1022.415s][info][gc,cpu         ] GC(2880) User=0.00s Sys=0.00s Real=0.00s
[1022.866s][info][gc,start       ] GC(2881) Pause Young (Allocation Failure)
[1022.867s][info][gc,heap        ] GC(2881) PSYoungGen: 287296K(287744K)->64K(310272K) Eden: 287232K(287232K)->0K(288256K) From: 64K(512K)->64K(22016K)
[1022.867s][info][gc,heap        ] GC(2881) ParOldGen: 263367K(263680K)->263383K(263680K)
[1022.867s][info][gc,metaspace   ] GC(2881) Metaspace: 35629K(36416K)->35629K(36416K) NonClass: 26417K(27008K)->26417K(27008K) Class: 9211K(9408K)->9211K(9408K)
[1022.867s][info][gc             ] GC(2881) Pause Young (Allocation Failure) 537M->257M(560M) 1.043ms
[1022.867s][info][gc,cpu         ] GC(2881) User=0.00s Sys=0.00s Real=0.00s
[1023.074s][info][gc,start       ] GC(2882) Pause Young (Allocation Failure)
[1023.075s][info][gc,heap        ] GC(2882) PSYoungGen: 288320K(310272K)->64K(309248K) Eden: 288256K(288256K)->0K(288256K) From: 64K(22016K)->64K(20992K)
[1023.075s][info][gc,heap        ] GC(2882) ParOldGen: 263383K(263680K)->263399K(263680K)
[1023.075s][info][gc,metaspace   ] GC(2882) Metaspace: 35629K(36416K)->35629K(36416K) NonClass: 26417K(27008K)->26417K(27008K) Class: 9211K(9408K)->9211K(9408K)
[1023.075s][info][gc             ] GC(2882) Pause Young (Allocation Failure) 538M->257M(559M) 1.062ms
[1023.075s][info][gc,cpu         ] GC(2882) User=0.00s Sys=0.00s Real=0.00s
[1023.281s][info][gc,start       ] GC(2883) Pause Young (Allocation Failure)
[1023.282s][info][gc,heap        ] GC(2883) PSYoungGen: 288320K(309248K)->64K(311808K) Eden: 288256K(288256K)->0K(291840K) From: 64K(20992K)->64K(19968K)
[1023.282s][info][gc,heap        ] GC(2883) ParOldGen: 263399K(263680K)->263399K(263680K)
[1023.282s][info][gc,metaspace   ] GC(2883) Metaspace: 35629K(36416K)->35629K(36416K) NonClass: 26417K(27008K)->26417K(27008K) Class: 9211K(9408K)->9211K(9408K)
[1023.282s][info][gc             ] GC(2883) Pause Young (Allocation Failure) 538M->257M(562M) 1.059ms
[1023.282s][info][gc,cpu         ] GC(2883) User=0.00s Sys=0.00s Real=0.01s
[1023.595s][info][gc,start       ] GC(2884) Pause Young (Allocation Failure)
[1023.596s][info][gc,heap        ] GC(2884) PSYoungGen: 291904K(311808K)->64K(311296K) Eden: 291840K(291840K)->0K(291840K) From: 64K(19968K)->64K(19456K)
[1023.596s][info][gc,heap        ] GC(2884) ParOldGen: 263399K(263680K)->263399K(263680K)
[1023.596s][info][gc,metaspace   ] GC(2884) Metaspace: 35629K(36416K)->35629K(36416K) NonClass: 26417K(27008K)->26417K(27008K) Class: 9211K(9408K)->9211K(9408K)
[1023.596s][info][gc             ] GC(2884) Pause Young (Allocation Failure) 542M->257M(561M) 0.996ms
[1023.596s][info][gc,cpu         ] GC(2884) User=0.00s Sys=0.00s Real=0.00s
[1023.647s][info][gc,start       ] GC(2885) Pause Young (Allocation Failure)
[1023.648s][info][gc,heap        ] GC(2885) PSYoungGen: 291904K(311296K)->64K(313344K) Eden: 291840K(291840K)->0K(295424K) From: 64K(19456K)->64K(17920K)
[1023.648s][info][gc,heap        ] GC(2885) ParOldGen: 263399K(263680K)->263415K(263680K)
[1023.648s][info][gc,metaspace   ] GC(2885) Metaspace: 35629K(36416K)->35629K(36416K) NonClass: 26417K(27008K)->26417K(27008K) Class: 9211K(9408K)->9211K(9408K)
[1023.648s][info][gc             ] GC(2885) Pause Young (Allocation Failure) 542M->257M(563M) 0.937ms
[1023.648s][info][gc,cpu         ] GC(2885) User=0.00s Sys=0.00s Real=0.00s
[1023.711s][info][gc,start       ] GC(2886) Pause Young (Allocation Failure)
[1023.711s][info][gc,heap        ] GC(2886) PSYoungGen: 295488K(313344K)->64K(312832K) Eden: 295424K(295424K)->0K(295424K) From: 64K(17920K)->64K(17408K)
[1023.711s][info][gc,heap        ] GC(2886) ParOldGen: 263415K(263680K)->263415K(263680K)
[1023.711s][info][gc,metaspace   ] GC(2886) Metaspace: 35629K(36416K)->35629K(36416K) NonClass: 26417K(27008K)->26417K(27008K) Class: 9211K(9408K)->9211K(9408K)
[1023.712s][info][gc             ] GC(2886) Pause Young (Allocation Failure) 545M->257M(563M) 0.960ms
[1023.712s][info][gc,cpu         ] GC(2886) User=0.00s Sys=0.00s Real=0.00s
[1023.931s][info][gc,start       ] GC(2887) Pause Young (Allocation Failure)
[1023.932s][info][gc,heap        ] GC(2887) PSYoungGen: 295488K(312832K)->64K(315392K) Eden: 295424K(295424K)->0K(299008K) From: 64K(17408K)->64K(16384K)
[1023.932s][info][gc,heap        ] GC(2887) ParOldGen: 263415K(263680K)->263431K(263680K)
[1023.932s][info][gc,metaspace   ] GC(2887) Metaspace: 35629K(36416K)->35629K(36416K) NonClass: 26417K(27008K)->26417K(27008K) Class: 9211K(9408K)->9211K(9408K)
[1023.932s][info][gc             ] GC(2887) Pause Young (Allocation Failure) 545M->257M(565M) 1.047ms
[1023.932s][info][gc,cpu         ] GC(2887) User=0.00s Sys=0.00s Real=0.00s
[1024.137s][info][gc,start       ] GC(2888) Pause Young (Allocation Failure)
[1024.138s][info][gc,heap        ] GC(2888) PSYoungGen: 299072K(315392K)->64K(314880K) Eden: 299008K(299008K)->0K(299008K) From: 64K(16384K)->64K(15872K)
[1024.138s][info][gc,heap        ] GC(2888) ParOldGen: 263431K(263680K)->263431K(263680K)
[1024.138s][info][gc,metaspace   ] GC(2888) Metaspace: 35629K(36416K)->35629K(36416K) NonClass: 26417K(27008K)->26417K(27008K) Class: 9211K(9408K)->9211K(9408K)
[1024.139s][info][gc             ] GC(2888) Pause Young (Allocation Failure) 549M->257M(565M) 1.070ms
[1024.139s][info][gc,cpu         ] GC(2888) User=0.01s Sys=0.00s Real=0.00s
[1024.220s][info][gc,start       ] GC(2889) Pause Young (Allocation Failure)
[1024.221s][info][gc,heap        ] GC(2889) PSYoungGen: 299072K(314880K)->64K(316928K) Eden: 299008K(299008K)->0K(302592K) From: 64K(15872K)->64K(14336K)
[1024.221s][info][gc,heap        ] GC(2889) ParOldGen: 263431K(263680K)->263447K(263680K)
[1024.221s][info][gc,metaspace   ] GC(2889) Metaspace: 35629K(36416K)->35629K(36416K) NonClass: 26417K(27008K)->26417K(27008K) Class: 9211K(9408K)->9211K(9408K)
[1024.221s][info][gc             ] GC(2889) Pause Young (Allocation Failure) 549M->257M(567M) 1.082ms
[1024.221s][info][gc,cpu         ] GC(2889) User=0.00s Sys=0.00s Real=0.00s
[1024.364s][info][gc,start       ] GC(2890) Pause Young (Allocation Failure)
[1024.365s][info][gc,heap        ] GC(2890) PSYoungGen: 302656K(316928K)->64K(316416K) Eden: 302592K(302592K)->0K(302592K) From: 64K(14336K)->64K(13824K)
[1024.365s][info][gc,heap        ] GC(2890) ParOldGen: 263447K(263680K)->263447K(263680K)
[1024.365s][info][gc,metaspace   ] GC(2890) Metaspace: 35629K(36416K)->35629K(36416K) NonClass: 26417K(27008K)->26417K(27008K) Class: 9211K(9408K)->9211K(9408K)
[1024.365s][info][gc             ] GC(2890) Pause Young (Allocation Failure) 552M->257M(566M) 1.429ms
[1024.365s][info][gc,cpu         ] GC(2890) User=0.00s Sys=0.00s Real=0.00s
[1025.313s][info][gc,start       ] GC(2891) Pause Young (Allocation Failure)
[1025.314s][info][gc,heap        ] GC(2891) PSYoungGen: 302656K(316416K)->64K(291328K) Eden: 302592K(302592K)->0K(290816K) From: 64K(13824K)->64K(512K)
[1025.314s][info][gc,heap        ] GC(2891) ParOldGen: 263447K(263680K)->263455K(263680K)
[1025.314s][info][gc,metaspace   ] GC(2891) Metaspace: 35629K(36416K)->35629K(36416K) NonClass: 26417K(27008K)->26417K(27008K) Class: 9211K(9408K)->9211K(9408K)
[1025.314s][info][gc             ] GC(2891) Pause Young (Allocation Failure) 552M->257M(542M) 1.105ms
[1025.314s][info][gc,cpu         ] GC(2891) User=0.00s Sys=0.00s Real=0.00s
[1026.123s][info][gc,start       ] GC(2892) Pause Young (Allocation Failure)
[1026.124s][info][gc,heap        ] GC(2892) PSYoungGen: 290880K(291328K)->64K(291840K) Eden: 290816K(290816K)->0K(279552K) From: 64K(512K)->64K(12288K)
[1026.124s][info][gc,heap        ] GC(2892) ParOldGen: 263455K(263680K)->263463K(263680K)
[1026.124s][info][gc,metaspace   ] GC(2892) Metaspace: 35629K(36416K)->35629K(36416K) NonClass: 26417K(27008K)->26417K(27008K) Class: 9211K(9408K)->9211K(9408K)
[1026.124s][info][gc             ] GC(2892) Pause Young (Allocation Failure) 541M->257M(542M) 1.046ms
[1026.124s][info][gc,cpu         ] GC(2892) User=0.00s Sys=0.00s Real=0.00s
[1026.367s][info][gc,start       ] GC(2893) Pause Young (Allocation Failure)
[1026.368s][info][gc,heap        ] GC(2893) PSYoungGen: 279616K(291840K)->64K(269312K) Eden: 279552K(279552K)->0K(268800K) From: 64K(12288K)->64K(512K)
[1026.368s][info][gc,heap        ] GC(2893) ParOldGen: 263463K(263680K)->263471K(263680K)
[1026.368s][info][gc,metaspace   ] GC(2893) Metaspace: 35629K(36416K)->35629K(36416K) NonClass: 26417K(27008K)->26417K(27008K) Class: 9211K(9408K)->9211K(9408K)
[1026.368s][info][gc             ] GC(2893) Pause Young (Allocation Failure) 530M->257M(520M) 1.119ms
[1026.368s][info][gc,cpu         ] GC(2893) User=0.00s Sys=0.00s Real=0.00s
[1026.834s][info][gc,start       ] GC(2894) Pause Young (Allocation Failure)
[1026.835s][info][gc,heap        ] GC(2894) PSYoungGen: 268864K(269312K)->64K(269312K) Eden: 268800K(268800K)->0K(258560K) From: 64K(512K)->64K(10752K)
[1026.835s][info][gc,heap        ] GC(2894) ParOldGen: 263471K(263680K)->263479K(263680K)
[1026.835s][info][gc,metaspace   ] GC(2894) Metaspace: 35629K(36416K)->35629K(36416K) NonClass: 26417K(27008K)->26417K(27008K) Class: 9211K(9408K)->9211K(9408K)
[1026.835s][info][gc             ] GC(2894) Pause Young (Allocation Failure) 519M->257M(520M) 1.005ms
[1026.835s][info][gc,cpu         ] GC(2894) User=0.00s Sys=0.00s Real=0.00s
[1027.758s][info][gc,start       ] GC(2895) Pause Young (Allocation Failure)
[1027.759s][info][gc,heap        ] GC(2895) PSYoungGen: 258624K(269312K)->64K(249344K) Eden: 258560K(258560K)->0K(248832K) From: 64K(10752K)->64K(512K)
[1027.759s][info][gc,heap        ] GC(2895) ParOldGen: 263479K(263680K)->263487K(263680K)
[1027.759s][info][gc,metaspace   ] GC(2895) Metaspace: 35629K(36416K)->35629K(36416K) NonClass: 26417K(27008K)->26417K(27008K) Class: 9211K(9408K)->9211K(9408K)
[1027.759s][info][gc             ] GC(2895) Pause Young (Allocation Failure) 509M->257M(501M) 1.334ms
[1027.759s][info][gc,cpu         ] GC(2895) User=0.00s Sys=0.00s Real=0.00s
[1028.129s][info][gc,start       ] GC(2896) Pause Young (Allocation Failure)
[1028.130s][info][gc,heap        ] GC(2896) PSYoungGen: 248896K(249344K)->64K(248832K) Eden: 248832K(248832K)->0K(239616K) From: 64K(512K)->64K(9216K)
[1028.130s][info][gc,heap        ] GC(2896) ParOldGen: 263487K(263680K)->263495K(263680K)
[1028.130s][info][gc,metaspace   ] GC(2896) Metaspace: 35629K(36416K)->35629K(36416K) NonClass: 26417K(27008K)->26417K(27008K) Class: 9211K(9408K)->9211K(9408K)
[1028.130s][info][gc             ] GC(2896) Pause Young (Allocation Failure) 500M->257M(500M) 0.990ms
[1028.130s][info][gc,cpu         ] GC(2896) User=0.00s Sys=0.00s Real=0.00s
[1028.217s][info][gc,start       ] GC(2897) Pause Young (Allocation Failure)
[1028.218s][info][gc,heap        ] GC(2897) PSYoungGen: 239680K(248832K)->64K(230912K) Eden: 239616K(239616K)->0K(230400K) From: 64K(9216K)->64K(512K)
[1028.218s][info][gc,heap        ] GC(2897) ParOldGen: 263495K(263680K)->263503K(263680K)
[1028.218s][info][gc,metaspace   ] GC(2897) Metaspace: 35629K(36416K)->35629K(36416K) NonClass: 26417K(27008K)->26417K(27008K) Class: 9211K(9408K)->9211K(9408K)
[1028.218s][info][gc             ] GC(2897) Pause Young (Allocation Failure) 491M->257M(483M) 1.404ms
[1028.218s][info][gc,cpu         ] GC(2897) User=0.00s Sys=0.00s Real=0.00s
[1028.655s][info][gc,start       ] GC(2898) Pause Young (Allocation Failure)
[1028.656s][info][gc,heap        ] GC(2898) PSYoungGen: 230464K(230912K)->64K(229888K) Eden: 230400K(230400K)->0K(221696K) From: 64K(512K)->64K(8192K)
[1028.656s][info][gc,heap        ] GC(2898) ParOldGen: 263503K(263680K)->263511K(263680K)
[1028.656s][info][gc,metaspace   ] GC(2898) Metaspace: 35629K(36416K)->35629K(36416K) NonClass: 26417K(27008K)->26417K(27008K) Class: 9211K(9408K)->9211K(9408K)
[1028.656s][info][gc             ] GC(2898) Pause Young (Allocation Failure) 482M->257M(482M) 1.828ms
[1028.656s][info][gc,cpu         ] GC(2898) User=0.01s Sys=0.00s Real=0.00s
[1028.921s][info][gc,start       ] GC(2899) Pause Young (Allocation Failure)
[1028.924s][info][gc,heap        ] GC(2899) PSYoungGen: 221760K(229888K)->32K(214016K) Eden: 221696K(221696K)->0K(213504K) From: 64K(8192K)->32K(512K)
[1028.924s][info][gc,heap        ] GC(2899) ParOldGen: 263511K(263680K)->263519K(263680K)
[1028.924s][info][gc,metaspace   ] GC(2899) Metaspace: 35629K(36416K)->35629K(36416K) NonClass: 26417K(27008K)->26417K(27008K) Class: 9211K(9408K)->9211K(9408K)
[1028.924s][info][gc             ] GC(2899) Pause Young (Allocation Failure) 473M->257M(466M) 2.160ms
[1028.924s][info][gc,cpu         ] GC(2899) User=0.00s Sys=0.00s Real=0.01s
[1029.226s][info][gc,start       ] GC(2900) Pause Young (Allocation Failure)
[1029.249s][info][gc,heap        ] GC(2900) PSYoungGen: 213536K(214016K)->7168K(262144K) Eden: 213504K(213504K)->0K(254976K) From: 32K(512K)->7168K(7168K)
[1029.249s][info][gc,heap        ] GC(2900) ParOldGen: 263519K(263680K)->263695K(264192K)
[1029.249s][info][gc,metaspace   ] GC(2900) Metaspace: 35629K(36416K)->35629K(36416K) NonClass: 26417K(27008K)->26417K(27008K) Class: 9211K(9408K)->9211K(9408K)
[1029.249s][info][gc             ] GC(2900) Pause Young (Allocation Failure) 465M->264M(514M) 22.744ms
[1029.249s][info][gc,cpu         ] GC(2900) User=0.03s Sys=0.00s Real=0.02s
[1029.543s][info][gc,start       ] GC(2901) Pause Young (Allocation Failure)
[1029.599s][info][gc,heap        ] GC(2901) PSYoungGen: 262144K(262144K)->7168K(264704K) Eden: 254976K(254976K)->0K(257536K) From: 7168K(7168K)->7168K(7168K)
[1029.599s][info][gc,heap        ] GC(2901) ParOldGen: 263695K(264192K)->285311K(285696K)
[1029.599s][info][gc,metaspace   ] GC(2901) Metaspace: 35629K(36416K)->35629K(36416K) NonClass: 26417K(27008K)->26417K(27008K) Class: 9211K(9408K)->9211K(9408K)
[1029.599s][info][gc             ] GC(2901) Pause Young (Allocation Failure) 513M->285M(537M) 55.487ms
[1029.599s][info][gc,cpu         ] GC(2901) User=0.09s Sys=0.02s Real=0.05s
[1029.874s][info][gc,start       ] GC(2902) Pause Young (Allocation Failure)
[1029.924s][info][gc,heap        ] GC(2902) PSYoungGen: 264704K(264704K)->18432K(275968K) Eden: 257536K(257536K)->0K(257536K) From: 7168K(7168K)->18432K(18432K)
[1029.924s][info][gc,heap        ] GC(2902) ParOldGen: 285311K(285696K)->293991K(294400K)
[1029.924s][info][gc,metaspace   ] GC(2902) Metaspace: 35629K(36416K)->35629K(36416K) NonClass: 26417K(27008K)->26417K(27008K) Class: 9211K(9408K)->9211K(9408K)
[1029.924s][info][gc             ] GC(2902) Pause Young (Allocation Failure) 537M->305M(557M) 49.504ms
[1029.924s][info][gc,cpu         ] GC(2902) User=0.09s Sys=0.01s Real=0.05s
[1030.015s][info][gc,start       ] GC(2903) Pause Young (Allocation Failure)
[1030.018s][info][gc,heap        ] GC(2903) PSYoungGen: 275968K(275968K)->64K(309248K) Eden: 257536K(257536K)->0K(283648K) From: 18432K(18432K)->64K(25600K)
[1030.018s][info][gc,heap        ] GC(2903) ParOldGen: 293991K(294400K)->294215K(294400K)
[1030.018s][info][gc,metaspace   ] GC(2903) Metaspace: 35629K(36416K)->35629K(36416K) NonClass: 26417K(27008K)->26417K(27008K) Class: 9211K(9408K)->9211K(9408K)
[1030.018s][info][gc             ] GC(2903) Pause Young (Allocation Failure) 556M->287M(589M) 3.568ms
[1030.018s][info][gc,cpu         ] GC(2903) User=0.00s Sys=0.00s Real=0.00s
[1030.663s][info][gc,start       ] GC(2904) Pause Young (Allocation Failure)
[1030.664s][info][gc,heap        ] GC(2904) PSYoungGen: 283712K(309248K)->64K(284160K) Eden: 283648K(283648K)->0K(283648K) From: 64K(25600K)->64K(512K)
[1030.664s][info][gc,heap        ] GC(2904) ParOldGen: 294215K(294400K)->294223K(294400K)
[1030.664s][info][gc,metaspace   ] GC(2904) Metaspace: 35629K(36416K)->35629K(36416K) NonClass: 26417K(27008K)->26417K(27008K) Class: 9211K(9408K)->9211K(9408K)
[1030.664s][info][gc             ] GC(2904) Pause Young (Allocation Failure) 564M->287M(565M) 1.210ms
[1030.664s][info][gc,cpu         ] GC(2904) User=0.00s Sys=0.00s Real=0.00s
[1031.020s][info][gc,start       ] GC(2905) Pause Young (Allocation Failure)
[1031.021s][info][gc,heap        ] GC(2905) PSYoungGen: 283712K(284160K)->64K(308224K) Eden: 283648K(283648K)->0K(284672K) From: 64K(512K)->64K(23552K)
[1031.021s][info][gc,heap        ] GC(2905) ParOldGen: 294223K(294400K)->294231K(294400K)
[1031.021s][info][gc,metaspace   ] GC(2905) Metaspace: 35629K(36416K)->35629K(36416K) NonClass: 26417K(27008K)->26417K(27008K) Class: 9211K(9408K)->9211K(9408K)
[1031.021s][info][gc             ] GC(2905) Pause Young (Allocation Failure) 564M->287M(588M) 1.185ms
[1031.021s][info][gc,cpu         ] GC(2905) User=0.00s Sys=0.00s Real=0.00s
[1031.416s][info][gc,start       ] GC(2906) Pause Young (Allocation Failure)
[1031.417s][info][gc,heap        ] GC(2906) PSYoungGen: 284736K(308224K)->64K(307200K) Eden: 284672K(284672K)->0K(284672K) From: 64K(23552K)->64K(22528K)
[1031.417s][info][gc,heap        ] GC(2906) ParOldGen: 294231K(294400K)->294247K(294400K)
[1031.417s][info][gc,metaspace   ] GC(2906) Metaspace: 35629K(36416K)->35629K(36416K) NonClass: 26417K(27008K)->26417K(27008K) Class: 9211K(9408K)->9211K(9408K)
[1031.417s][info][gc             ] GC(2906) Pause Young (Allocation Failure) 565M->287M(587M) 1.115ms
[1031.417s][info][gc,cpu         ] GC(2906) User=0.00s Sys=0.00s Real=0.00s
[1031.619s][info][gc,start       ] GC(2907) Pause Young (Allocation Failure)
[1031.621s][info][gc,heap        ] GC(2907) PSYoungGen: 284736K(307200K)->64K(310272K) Eden: 284672K(284672K)->0K(288768K) From: 64K(22528K)->64K(21504K)
[1031.621s][info][gc,heap        ] GC(2907) ParOldGen: 294247K(294400K)->294263K(294400K)
[1031.621s][info][gc,metaspace   ] GC(2907) Metaspace: 35629K(36416K)->35629K(36416K) NonClass: 26417K(27008K)->26417K(27008K) Class: 9211K(9408K)->9211K(9408K)
[1031.621s][info][gc             ] GC(2907) Pause Young (Allocation Failure) 565M->287M(590M) 1.069ms
[1031.621s][info][gc,cpu         ] GC(2907) User=0.00s Sys=0.00s Real=0.00s
[1031.962s][info][gc,start       ] GC(2908) Pause Young (Allocation Failure)
[1031.962s][info][gc,heap        ] GC(2908) PSYoungGen: 288832K(310272K)->64K(309760K) Eden: 288768K(288768K)->0K(288768K) From: 64K(21504K)->64K(20992K)
[1031.963s][info][gc,heap        ] GC(2908) ParOldGen: 294263K(294400K)->294263K(294400K)
[1031.963s][info][gc,metaspace   ] GC(2908) Metaspace: 35629K(36416K)->35629K(36416K) NonClass: 26417K(27008K)->26417K(27008K) Class: 9211K(9408K)->9211K(9408K)
[1031.963s][info][gc             ] GC(2908) Pause Young (Allocation Failure) 569M->287M(590M) 1.029ms
[1031.963s][info][gc,cpu         ] GC(2908) User=0.01s Sys=0.00s Real=0.01s
[1032.040s][info][gc,start       ] GC(2909) Pause Young (Allocation Failure)
[1032.041s][info][gc,heap        ] GC(2909) PSYoungGen: 288832K(309760K)->64K(311808K) Eden: 288768K(288768K)->0K(292352K) From: 64K(20992K)->64K(19456K)
[1032.041s][info][gc,heap        ] GC(2909) ParOldGen: 294263K(294400K)->294271K(294400K)
[1032.041s][info][gc,metaspace   ] GC(2909) Metaspace: 35629K(36416K)->35629K(36416K) NonClass: 26417K(27008K)->26417K(27008K) Class: 9211K(9408K)->9211K(9408K)
[1032.041s][info][gc             ] GC(2909) Pause Young (Allocation Failure) 569M->287M(592M) 1.030ms
[1032.041s][info][gc,cpu         ] GC(2909) User=0.01s Sys=0.00s Real=0.00s
[1032.095s][info][gc,start       ] GC(2910) Pause Young (Allocation Failure)
[1032.096s][info][gc,heap        ] GC(2910) PSYoungGen: 292416K(311808K)->64K(311296K) Eden: 292352K(292352K)->0K(292352K) From: 64K(19456K)->64K(18944K)
[1032.096s][info][gc,heap        ] GC(2910) ParOldGen: 294271K(294400K)->294287K(294400K)
[1032.096s][info][gc,metaspace   ] GC(2910) Metaspace: 35629K(36416K)->35629K(36416K) NonClass: 26417K(27008K)->26417K(27008K) Class: 9211K(9408K)->9211K(9408K)
[1032.096s][info][gc             ] GC(2910) Pause Young (Allocation Failure) 572M->287M(591M) 1.073ms
[1032.096s][info][gc,cpu         ] GC(2910) User=0.00s Sys=0.00s Real=0.00s
[1032.256s][info][gc,start       ] GC(2911) Pause Young (Allocation Failure)
[1032.257s][info][gc,heap        ] GC(2911) PSYoungGen: 292416K(311296K)->64K(313856K) Eden: 292352K(292352K)->0K(296448K) From: 64K(18944K)->64K(17408K)
[1032.257s][info][gc,heap        ] GC(2911) ParOldGen: 294287K(294400K)->294287K(294400K)
[1032.257s][info][gc,metaspace   ] GC(2911) Metaspace: 35629K(36416K)->35629K(36416K) NonClass: 26417K(27008K)->26417K(27008K) Class: 9211K(9408K)->9211K(9408K)
[1032.257s][info][gc             ] GC(2911) Pause Young (Allocation Failure) 572M->287M(594M) 1.102ms
[1032.257s][info][gc,cpu         ] GC(2911) User=0.00s Sys=0.00s Real=0.00s
[1032.477s][info][gc,start       ] GC(2912) Pause Young (Allocation Failure)
[1032.478s][info][gc,heap        ] GC(2912) PSYoungGen: 296512K(313856K)->64K(313344K) Eden: 296448K(296448K)->0K(296448K) From: 64K(17408K)->64K(16896K)
[1032.478s][info][gc,heap        ] GC(2912) ParOldGen: 294287K(294400K)->294295K(294400K)
[1032.478s][info][gc,metaspace   ] GC(2912) Metaspace: 35629K(36416K)->35629K(36416K) NonClass: 26417K(27008K)->26417K(27008K) Class: 9211K(9408K)->9211K(9408K)
[1032.478s][info][gc             ] GC(2912) Pause Young (Allocation Failure) 576M->287M(593M) 1.233ms
[1032.478s][info][gc,cpu         ] GC(2912) User=0.01s Sys=0.00s Real=0.00s
[1032.603s][info][gc,start       ] GC(2913) Pause Young (Allocation Failure)
[1032.604s][info][gc,heap        ] GC(2913) PSYoungGen: 296512K(313344K)->64K(315904K) Eden: 296448K(296448K)->0K(300544K) From: 64K(16896K)->64K(15360K)
[1032.604s][info][gc,heap        ] GC(2913) ParOldGen: 294295K(294400K)->294303K(294400K)
[1032.604s][info][gc,metaspace   ] GC(2913) Metaspace: 35629K(36416K)->35629K(36416K) NonClass: 26417K(27008K)->26417K(27008K) Class: 9211K(9408K)->9211K(9408K)
[1032.604s][info][gc             ] GC(2913) Pause Young (Allocation Failure) 576M->287M(596M) 1.098ms
[1032.604s][info][gc,cpu         ] GC(2913) User=0.00s Sys=0.00s Real=0.00s
[1032.710s][info][gc,start       ] GC(2914) Pause Young (Allocation Failure)
[1032.711s][info][gc,heap        ] GC(2914) PSYoungGen: 300608K(315904K)->64K(315392K) Eden: 300544K(300544K)->0K(300544K) From: 64K(15360K)->64K(14848K)
[1032.711s][info][gc,heap        ] GC(2914) ParOldGen: 294303K(294400K)->294311K(294400K)
[1032.711s][info][gc,metaspace   ] GC(2914) Metaspace: 35629K(36416K)->35629K(36416K) NonClass: 26417K(27008K)->26417K(27008K) Class: 9211K(9408K)->9211K(9408K)
[1032.712s][info][gc             ] GC(2914) Pause Young (Allocation Failure) 580M->287M(595M) 1.081ms
[1032.712s][info][gc,cpu         ] GC(2914) User=0.00s Sys=0.00s Real=0.00s
[1032.971s][info][gc,start       ] GC(2915) Pause Young (Allocation Failure)
[1032.972s][info][gc,heap        ] GC(2915) PSYoungGen: 300608K(315392K)->64K(289280K) Eden: 300544K(300544K)->0K(288768K) From: 64K(14848K)->64K(512K)
[1032.972s][info][gc,heap        ] GC(2915) ParOldGen: 294311K(294400K)->294319K(294400K)
[1032.972s][info][gc,metaspace   ] GC(2915) Metaspace: 35629K(36416K)->35629K(36416K) NonClass: 26417K(27008K)->26417K(27008K) Class: 9211K(9408K)->9211K(9408K)
[1032.972s][info][gc             ] GC(2915) Pause Young (Allocation Failure) 580M->287M(570M) 1.081ms
[1032.972s][info][gc,cpu         ] GC(2915) User=0.00s Sys=0.00s Real=0.01s
[1033.758s][info][gc,start       ] GC(2916) Pause Young (Allocation Failure)
[1033.759s][info][gc,heap        ] GC(2916) PSYoungGen: 288832K(289280K)->64K(290304K) Eden: 288768K(288768K)->0K(277504K) From: 64K(512K)->64K(12800K)
[1033.759s][info][gc,heap        ] GC(2916) ParOldGen: 294319K(294400K)->294327K(294400K)
[1033.759s][info][gc,metaspace   ] GC(2916) Metaspace: 35629K(36416K)->35629K(36416K) NonClass: 26417K(27008K)->26417K(27008K) Class: 9211K(9408K)->9211K(9408K)
[1033.759s][info][gc             ] GC(2916) Pause Young (Allocation Failure) 569M->287M(571M) 1.167ms
[1033.759s][info][gc,cpu         ] GC(2916) User=0.00s Sys=0.00s Real=0.00s
[1034.644s][info][gc,start       ] GC(2917) Pause Young (Allocation Failure)
[1034.645s][info][gc,heap        ] GC(2917) PSYoungGen: 277568K(290304K)->64K(267264K) Eden: 277504K(277504K)->0K(266752K) From: 64K(12800K)->64K(512K)
[1034.645s][info][gc,heap        ] GC(2917) ParOldGen: 294327K(294400K)->294335K(294400K)
[1034.645s][info][gc,metaspace   ] GC(2917) Metaspace: 35629K(36416K)->35629K(36416K) NonClass: 26417K(27008K)->26417K(27008K) Class: 9211K(9408K)->9211K(9408K)
[1034.645s][info][gc             ] GC(2917) Pause Young (Allocation Failure) 558M->287M(548M) 1.309ms
[1034.645s][info][gc,cpu         ] GC(2917) User=0.01s Sys=0.00s Real=0.00s
[1035.053s][info][gc,start       ] GC(2918) Pause Young (Allocation Failure)
[1035.054s][info][gc,heap        ] GC(2918) PSYoungGen: 266816K(267264K)->64K(267776K) Eden: 266752K(266752K)->0K(256512K) From: 64K(512K)->64K(11264K)
[1035.054s][info][gc,heap        ] GC(2918) ParOldGen: 294335K(294400K)->294343K(294400K)
[1035.054s][info][gc,metaspace   ] GC(2918) Metaspace: 35629K(36416K)->35629K(36416K) NonClass: 26417K(27008K)->26417K(27008K) Class: 9211K(9408K)->9211K(9408K)
[1035.054s][info][gc             ] GC(2918) Pause Young (Allocation Failure) 547M->287M(549M) 1.013ms
[1035.054s][info][gc,cpu         ] GC(2918) User=0.00s Sys=0.00s Real=0.00s
[1036.027s][info][gc,start       ] GC(2919) Pause Young (Allocation Failure)
[1036.029s][info][gc,heap        ] GC(2919) PSYoungGen: 256576K(267776K)->64K(247296K) Eden: 256512K(256512K)->0K(246784K) From: 64K(11264K)->64K(512K)
[1036.029s][info][gc,heap        ] GC(2919) ParOldGen: 294343K(294400K)->294351K(294400K)
[1036.029s][info][gc,metaspace   ] GC(2919) Metaspace: 35629K(36416K)->35629K(36416K) NonClass: 26417K(27008K)->26417K(27008K) Class: 9211K(9408K)->9211K(9408K)
[1036.029s][info][gc             ] GC(2919) Pause Young (Allocation Failure) 538M->287M(529M) 1.372ms
[1036.029s][info][gc,cpu         ] GC(2919) User=0.01s Sys=0.00s Real=0.00s
[1036.416s][info][gc,start       ] GC(2920) Pause Young (Allocation Failure)
[1036.416s][info][gc,heap        ] GC(2920) PSYoungGen: 246848K(247296K)->64K(247296K) Eden: 246784K(246784K)->0K(237568K) From: 64K(512K)->64K(9728K)
[1036.417s][info][gc,heap        ] GC(2920) ParOldGen: 294351K(294400K)->294359K(294400K)
[1036.417s][info][gc,metaspace   ] GC(2920) Metaspace: 35629K(36416K)->35629K(36416K) NonClass: 26417K(27008K)->26417K(27008K) Class: 9211K(9408K)->9211K(9408K)
[1036.417s][info][gc             ] GC(2920) Pause Young (Allocation Failure) 528M->287M(529M) 1.002ms
[1036.417s][info][gc,cpu         ] GC(2920) User=0.00s Sys=0.00s Real=0.00s
[1036.597s][info][gc,start       ] GC(2921) Pause Young (Allocation Failure)
[1036.598s][info][gc,heap        ] GC(2921) PSYoungGen: 237632K(247296K)->64K(229376K) Eden: 237568K(237568K)->0K(228864K) From: 64K(9728K)->64K(512K)
[1036.598s][info][gc,heap        ] GC(2921) ParOldGen: 294359K(294400K)->294367K(294400K)
[1036.599s][info][gc,metaspace   ] GC(2921) Metaspace: 35629K(36416K)->35629K(36416K) NonClass: 26417K(27008K)->26417K(27008K) Class: 9211K(9408K)->9211K(9408K)
[1036.599s][info][gc             ] GC(2921) Pause Young (Allocation Failure) 519M->287M(511M) 1.537ms
[1036.599s][info][gc,cpu         ] GC(2921) User=0.00s Sys=0.01s Real=0.00s
[1036.700s][info][gc,start       ] GC(2922) Pause Young (Allocation Failure)
[1036.701s][info][gc,heap        ] GC(2922) PSYoungGen: 228928K(229376K)->64K(228864K) Eden: 228864K(228864K)->0K(220160K) From: 64K(512K)->64K(8704K)
[1036.701s][info][gc,heap        ] GC(2922) ParOldGen: 294367K(294400K)->294375K(294400K)
[1036.701s][info][gc,metaspace   ] GC(2922) Metaspace: 35629K(36416K)->35629K(36416K) NonClass: 26417K(27008K)->26417K(27008K) Class: 9211K(9408K)->9211K(9408K)
[1036.701s][info][gc             ] GC(2922) Pause Young (Allocation Failure) 511M->287M(511M) 0.983ms
[1036.701s][info][gc,cpu         ] GC(2922) User=0.00s Sys=0.00s Real=0.00s
[1037.257s][info][gc,start       ] GC(2923) Pause Young (Allocation Failure)
[1037.259s][info][gc,heap        ] GC(2923) PSYoungGen: 220224K(228864K)->64K(212480K) Eden: 220160K(220160K)->0K(211968K) From: 64K(8704K)->64K(512K)
[1037.259s][info][gc,heap        ] GC(2923) ParOldGen: 294375K(294400K)->294383K(294400K)
[1037.259s][info][gc,metaspace   ] GC(2923) Metaspace: 35629K(36416K)->35629K(36416K) NonClass: 26417K(27008K)->26417K(27008K) Class: 9211K(9408K)->9211K(9408K)
[1037.259s][info][gc             ] GC(2923) Pause Young (Allocation Failure) 502M->287M(495M) 1.740ms
[1037.259s][info][gc,cpu         ] GC(2923) User=0.00s Sys=0.00s Real=0.00s
[1037.433s][info][gc,start       ] GC(2924) Pause Young (Allocation Failure)
[1037.433s][info][gc,heap        ] GC(2924) PSYoungGen: 212032K(212480K)->64K(211968K) Eden: 211968K(211968K)->0K(204288K) From: 64K(512K)->64K(7680K)
[1037.434s][info][gc,heap        ] GC(2924) ParOldGen: 294383K(294400K)->294391K(294400K)
[1037.434s][info][gc,metaspace   ] GC(2924) Metaspace: 35629K(36416K)->35629K(36416K) NonClass: 26417K(27008K)->26417K(27008K) Class: 9211K(9408K)->9211K(9408K)
[1037.434s][info][gc             ] GC(2924) Pause Young (Allocation Failure) 494M->287M(494M) 1.026ms
[1037.434s][info][gc,cpu         ] GC(2924) User=0.01s Sys=0.00s Real=0.00s
[1037.709s][info][gc,start       ] GC(2925) Pause Young (Allocation Failure)
[1037.734s][info][gc,heap        ] GC(2925) PSYoungGen: 204352K(211968K)->7168K(251392K) Eden: 204288K(204288K)->0K(244224K) From: 64K(7680K)->7168K(7168K)
[1037.734s][info][gc,heap        ] GC(2925) ParOldGen: 294391K(294400K)->300983K(301056K)
[1037.734s][info][gc,metaspace   ] GC(2925) Metaspace: 35629K(36416K)->35629K(36416K) NonClass: 26417K(27008K)->26417K(27008K) Class: 9211K(9408K)->9211K(9408K)
[1037.734s][info][gc             ] GC(2925) Pause Young (Allocation Failure) 487M->300M(539M) 24.996ms
[1037.734s][info][gc,cpu         ] GC(2925) User=0.04s Sys=0.00s Real=0.03s
[1038.016s][info][gc,start       ] GC(2926) Pause Young (Allocation Failure)
[1038.068s][info][gc,heap        ] GC(2926) PSYoungGen: 251392K(251392K)->11264K(268288K) Eden: 244224K(244224K)->0K(257024K) From: 7168K(7168K)->11264K(11264K)
[1038.068s][info][gc,heap        ] GC(2926) ParOldGen: 300983K(301056K)->317455K(317952K)
[1038.068s][info][gc,metaspace   ] GC(2926) Metaspace: 35629K(36416K)->35629K(36416K) NonClass: 26417K(27008K)->26417K(27008K) Class: 9211K(9408K)->9211K(9408K)
[1038.068s][info][gc             ] GC(2926) Pause Young (Allocation Failure) 539M->321M(572M) 52.309ms
[1038.068s][info][gc,cpu         ] GC(2926) User=0.09s Sys=0.01s Real=0.05s
[1038.306s][info][gc,start       ] GC(2927) Pause Young (Allocation Failure)
[1038.354s][info][gc,heap        ] GC(2927) PSYoungGen: 268288K(268288K)->19968K(304640K) Eden: 257024K(257024K)->0K(284672K) From: 11264K(11264K)->19968K(19968K)
[1038.354s][info][gc,heap        ] GC(2927) ParOldGen: 317455K(317952K)->319247K(319488K)
[1038.354s][info][gc,metaspace   ] GC(2927) Metaspace: 35629K(36416K)->35629K(36416K) NonClass: 26417K(27008K)->26417K(27008K) Class: 9211K(9408K)->9211K(9408K)
[1038.354s][info][gc             ] GC(2927) Pause Young (Allocation Failure) 572M->331M(609M) 47.597ms
[1038.354s][info][gc,cpu         ] GC(2927) User=0.09s Sys=0.02s Real=0.05s
[1038.584s][info][gc,start       ] GC(2928) Pause Young (Allocation Failure)
[1038.585s][info][gc,heap        ] GC(2928) PSYoungGen: 304640K(304640K)->64K(309248K) Eden: 284672K(284672K)->0K(284672K) From: 19968K(19968K)->64K(24576K)
[1038.585s][info][gc,heap        ] GC(2928) ParOldGen: 319247K(319488K)->319295K(319488K)
[1038.585s][info][gc,metaspace   ] GC(2928) Metaspace: 35629K(36416K)->35629K(36416K) NonClass: 26417K(27008K)->26417K(27008K) Class: 9211K(9408K)->9211K(9408K)
[1038.585s][info][gc             ] GC(2928) Pause Young (Allocation Failure) 609M->311M(614M) 1.662ms
[1038.585s][info][gc,cpu         ] GC(2928) User=0.01s Sys=0.00s Real=0.00s
[1039.231s][info][gc,start       ] GC(2929) Pause Young (Allocation Failure)
[1039.232s][info][gc,heap        ] GC(2929) PSYoungGen: 284736K(309248K)->64K(306688K) Eden: 284672K(284672K)->0K(285184K) From: 64K(24576K)->64K(21504K)
[1039.232s][info][gc,heap        ] GC(2929) ParOldGen: 319295K(319488K)->319303K(319488K)
[1039.232s][info][gc,metaspace   ] GC(2929) Metaspace: 35629K(36416K)->35629K(36416K) NonClass: 26417K(27008K)->26417K(27008K) Class: 9211K(9408K)->9211K(9408K)
[1039.232s][info][gc             ] GC(2929) Pause Young (Allocation Failure) 589M->311M(611M) 1.352ms
[1039.232s][info][gc,cpu         ] GC(2929) User=0.00s Sys=0.00s Real=0.01s
[1039.692s][info][gc,start       ] GC(2930) Pause Young (Allocation Failure)
[1039.693s][info][gc,heap        ] GC(2930) PSYoungGen: 285248K(306688K)->64K(308224K) Eden: 285184K(285184K)->0K(285184K) From: 64K(21504K)->64K(23040K)
[1039.693s][info][gc,heap        ] GC(2930) ParOldGen: 319303K(319488K)->319319K(319488K)
[1039.693s][info][gc,metaspace   ] GC(2930) Metaspace: 35629K(36416K)->35629K(36416K) NonClass: 26417K(27008K)->26417K(27008K) Class: 9211K(9408K)->9211K(9408K)
[1039.693s][info][gc             ] GC(2930) Pause Young (Allocation Failure) 590M->311M(613M) 1.176ms
[1039.693s][info][gc,cpu         ] GC(2930) User=0.00s Sys=0.00s Real=0.01s
[1039.895s][info][gc,start       ] GC(2931) Pause Young (Allocation Failure)
[1039.896s][info][gc,heap        ] GC(2931) PSYoungGen: 285248K(308224K)->64K(308224K) Eden: 285184K(285184K)->0K(288768K) From: 64K(23040K)->64K(19456K)
[1039.896s][info][gc,heap        ] GC(2931) ParOldGen: 319319K(319488K)->319335K(319488K)
[1039.896s][info][gc,metaspace   ] GC(2931) Metaspace: 35629K(36416K)->35629K(36416K) NonClass: 26417K(27008K)->26417K(27008K) Class: 9211K(9408K)->9211K(9408K)
[1039.897s][info][gc             ] GC(2931) Pause Young (Allocation Failure) 590M->311M(613M) 1.138ms
[1039.897s][info][gc,cpu         ] GC(2931) User=0.01s Sys=0.00s Real=0.00s
[1040.105s][info][gc,start       ] GC(2932) Pause Young (Allocation Failure)
[1040.106s][info][gc,heap        ] GC(2932) PSYoungGen: 288832K(308224K)->32K(309760K) Eden: 288768K(288768K)->0K(288768K) From: 64K(19456K)->32K(20992K)
[1040.106s][info][gc,heap        ] GC(2932) ParOldGen: 319335K(319488K)->319335K(319488K)
[1040.106s][info][gc,metaspace   ] GC(2932) Metaspace: 35629K(36416K)->35629K(36416K) NonClass: 26417K(27008K)->26417K(27008K) Class: 9211K(9408K)->9211K(9408K)
[1040.107s][info][gc             ] GC(2932) Pause Young (Allocation Failure) 593M->311M(614M) 1.200ms
[1040.107s][info][gc,cpu         ] GC(2932) User=0.00s Sys=0.00s Real=0.00s
[1040.432s][info][gc,start       ] GC(2933) Pause Young (Allocation Failure)
[1040.433s][info][gc,heap        ] GC(2933) PSYoungGen: 288800K(309760K)->64K(311296K) Eden: 288768K(288768K)->0K(292864K) From: 32K(20992K)->64K(18432K)
[1040.433s][info][gc,heap        ] GC(2933) ParOldGen: 319335K(319488K)->319335K(319488K)
[1040.433s][info][gc,metaspace   ] GC(2933) Metaspace: 35629K(36416K)->35629K(36416K) NonClass: 26417K(27008K)->26417K(27008K) Class: 9211K(9408K)->9211K(9408K)
[1040.433s][info][gc             ] GC(2933) Pause Young (Allocation Failure) 593M->311M(616M) 1.068ms
[1040.433s][info][gc,cpu         ] GC(2933) User=0.00s Sys=0.00s Real=0.01s
[1040.486s][info][gc,start       ] GC(2934) Pause Young (Allocation Failure)
[1040.488s][info][gc,heap        ] GC(2934) PSYoungGen: 292928K(311296K)->64K(312320K) Eden: 292864K(292864K)->0K(292864K) From: 64K(18432K)->64K(19456K)
[1040.488s][info][gc,heap        ] GC(2934) ParOldGen: 319335K(319488K)->319351K(319488K)
[1040.488s][info][gc,metaspace   ] GC(2934) Metaspace: 35629K(36416K)->35629K(36416K) NonClass: 26417K(27008K)->26417K(27008K) Class: 9211K(9408K)->9211K(9408K)
[1040.488s][info][gc             ] GC(2934) Pause Young (Allocation Failure) 597M->311M(617M) 1.128ms
[1040.488s][info][gc,cpu         ] GC(2934) User=0.00s Sys=0.00s Real=0.00s
[1040.537s][info][gc,start       ] GC(2935) Pause Young (Allocation Failure)
[1040.538s][info][gc,heap        ] GC(2935) PSYoungGen: 292928K(312320K)->64K(312320K) Eden: 292864K(292864K)->0K(295936K) From: 64K(19456K)->64K(16384K)
[1040.538s][info][gc,heap        ] GC(2935) ParOldGen: 319351K(319488K)->319351K(319488K)
[1040.538s][info][gc,metaspace   ] GC(2935) Metaspace: 35629K(36416K)->35629K(36416K) NonClass: 26417K(27008K)->26417K(27008K) Class: 9211K(9408K)->9211K(9408K)
[1040.538s][info][gc             ] GC(2935) Pause Young (Allocation Failure) 597M->311M(617M) 1.087ms
[1040.538s][info][gc,cpu         ] GC(2935) User=0.00s Sys=0.00s Real=0.00s
[1040.750s][info][gc,start       ] GC(2936) Pause Young (Allocation Failure)
[1040.751s][info][gc,heap        ] GC(2936) PSYoungGen: 296000K(312320K)->64K(313344K) Eden: 295936K(295936K)->0K(295936K) From: 64K(16384K)->64K(17408K)
[1040.751s][info][gc,heap        ] GC(2936) ParOldGen: 319351K(319488K)->319351K(319488K)
[1040.751s][info][gc,metaspace   ] GC(2936) Metaspace: 35629K(36416K)->35629K(36416K) NonClass: 26417K(27008K)->26417K(27008K) Class: 9211K(9408K)->9211K(9408K)
[1040.751s][info][gc             ] GC(2936) Pause Young (Allocation Failure) 600M->311M(618M) 1.216ms
[1040.751s][info][gc,cpu         ] GC(2936) User=0.00s Sys=0.00s Real=0.00s
[1040.959s][info][gc,start       ] GC(2937) Pause Young (Allocation Failure)
[1040.960s][info][gc,heap        ] GC(2937) PSYoungGen: 296000K(313344K)->64K(314368K) Eden: 295936K(295936K)->0K(300032K) From: 64K(17408K)->64K(14336K)
[1040.960s][info][gc,heap        ] GC(2937) ParOldGen: 319351K(319488K)->319359K(319488K)
[1040.960s][info][gc,metaspace   ] GC(2937) Metaspace: 35629K(36416K)->35629K(36416K) NonClass: 26417K(27008K)->26417K(27008K) Class: 9211K(9408K)->9211K(9408K)
[1040.960s][info][gc             ] GC(2937) Pause Young (Allocation Failure) 600M->311M(619M) 1.152ms
[1040.960s][info][gc,cpu         ] GC(2937) User=0.00s Sys=0.00s Real=0.00s
[1041.052s][info][gc,start       ] GC(2938) Pause Young (Allocation Failure)
[1041.053s][info][gc,heap        ] GC(2938) PSYoungGen: 300096K(314368K)->64K(315392K) Eden: 300032K(300032K)->0K(300032K) From: 64K(14336K)->64K(15360K)
[1041.053s][info][gc,heap        ] GC(2938) ParOldGen: 319359K(319488K)->319367K(319488K)
[1041.053s][info][gc,metaspace   ] GC(2938) Metaspace: 35629K(36416K)->35629K(36416K) NonClass: 26417K(27008K)->26417K(27008K) Class: 9211K(9408K)->9211K(9408K)
[1041.053s][info][gc             ] GC(2938) Pause Young (Allocation Failure) 604M->311M(620M) 1.145ms
[1041.053s][info][gc,cpu         ] GC(2938) User=0.00s Sys=0.00s Real=0.00s
[1041.181s][info][gc,start       ] GC(2939) Pause Young (Allocation Failure)
[1041.182s][info][gc,heap        ] GC(2939) PSYoungGen: 300096K(315392K)->64K(316416K) Eden: 300032K(300032K)->0K(304128K) From: 64K(15360K)->64K(12288K)
[1041.182s][info][gc,heap        ] GC(2939) ParOldGen: 319367K(319488K)->319375K(319488K)
[1041.182s][info][gc,metaspace   ] GC(2939) Metaspace: 35629K(36416K)->35629K(36416K) NonClass: 26417K(27008K)->26417K(27008K) Class: 9211K(9408K)->9211K(9408K)
[1041.182s][info][gc             ] GC(2939) Pause Young (Allocation Failure) 604M->311M(621M) 1.098ms
[1041.182s][info][gc,cpu         ] GC(2939) User=0.00s Sys=0.00s Real=0.00s
[1041.598s][info][gc,start       ] GC(2940) Pause Young (Allocation Failure)
[1041.599s][info][gc,heap        ] GC(2940) PSYoungGen: 304192K(316416K)->64K(292352K) Eden: 304128K(304128K)->0K(291840K) From: 64K(12288K)->64K(512K)
[1041.599s][info][gc,heap        ] GC(2940) ParOldGen: 319375K(319488K)->319383K(319488K)
[1041.599s][info][gc,metaspace   ] GC(2940) Metaspace: 35629K(36416K)->35629K(36416K) NonClass: 26417K(27008K)->26417K(27008K) Class: 9211K(9408K)->9211K(9408K)
[1041.600s][info][gc             ] GC(2940) Pause Young (Allocation Failure) 608M->311M(597M) 1.977ms
[1041.600s][info][gc,cpu         ] GC(2940) User=0.01s Sys=0.00s Real=0.00s
[1042.474s][info][gc,start       ] GC(2941) Pause Young (Allocation Failure)
[1042.476s][info][gc,heap        ] GC(2941) PSYoungGen: 291904K(292352K)->64K(281088K) Eden: 291840K(291840K)->0K(280576K) From: 64K(512K)->64K(512K)
[1042.476s][info][gc,heap        ] GC(2941) ParOldGen: 319383K(319488K)->319391K(319488K)
[1042.476s][info][gc,metaspace   ] GC(2941) Metaspace: 35629K(36416K)->35629K(36416K) NonClass: 26417K(27008K)->26417K(27008K) Class: 9211K(9408K)->9211K(9408K)
[1042.476s][info][gc             ] GC(2941) Pause Young (Allocation Failure) 596M->311M(586M) 1.623ms
[1042.476s][info][gc,cpu         ] GC(2941) User=0.00s Sys=0.00s Real=0.00s
[1043.151s][info][gc,start       ] GC(2942) Pause Young (Allocation Failure)
[1043.152s][info][gc,heap        ] GC(2942) PSYoungGen: 280640K(281088K)->64K(281600K) Eden: 280576K(280576K)->0K(269824K) From: 64K(512K)->64K(11776K)
[1043.152s][info][gc,heap        ] GC(2942) ParOldGen: 319391K(319488K)->319399K(319488K)
[1043.152s][info][gc,metaspace   ] GC(2942) Metaspace: 35629K(36416K)->35629K(36416K) NonClass: 26417K(27008K)->26417K(27008K) Class: 9211K(9408K)->9211K(9408K)
[1043.152s][info][gc             ] GC(2942) Pause Young (Allocation Failure) 585M->311M(587M) 1.245ms
[1043.152s][info][gc,cpu         ] GC(2942) User=0.00s Sys=0.00s Real=0.00s
[1043.603s][info][gc,start       ] GC(2943) Pause Young (Allocation Failure)
[1043.604s][info][gc,heap        ] GC(2943) PSYoungGen: 269888K(281600K)->64K(260096K) Eden: 269824K(269824K)->0K(259584K) From: 64K(11776K)->64K(512K)
[1043.604s][info][gc,heap        ] GC(2943) ParOldGen: 319399K(319488K)->319407K(319488K)
[1043.604s][info][gc,metaspace   ] GC(2943) Metaspace: 35629K(36416K)->35629K(36416K) NonClass: 26417K(27008K)->26417K(27008K) Class: 9211K(9408K)->9211K(9408K)
[1043.604s][info][gc             ] GC(2943) Pause Young (Allocation Failure) 575M->311M(566M) 1.782ms
[1043.604s][info][gc,cpu         ] GC(2943) User=0.00s Sys=0.00s Real=0.00s
[1044.572s][info][gc,start       ] GC(2944) Pause Young (Allocation Failure)
[1044.573s][info][gc,heap        ] GC(2944) PSYoungGen: 259648K(260096K)->64K(260096K) Eden: 259584K(259584K)->0K(249856K) From: 64K(512K)->64K(10240K)
[1044.573s][info][gc,heap        ] GC(2944) ParOldGen: 319407K(319488K)->319415K(319488K)
[1044.573s][info][gc,metaspace   ] GC(2944) Metaspace: 35629K(36416K)->35629K(36416K) NonClass: 26417K(27008K)->26417K(27008K) Class: 9211K(9408K)->9211K(9408K)
[1044.573s][info][gc             ] GC(2944) Pause Young (Allocation Failure) 565M->311M(566M) 1.188ms
[1044.573s][info][gc,cpu         ] GC(2944) User=0.00s Sys=0.00s Real=0.01s
[1044.915s][info][gc,start       ] GC(2945) Pause Young (Allocation Failure)
[1044.917s][info][gc,heap        ] GC(2945) PSYoungGen: 249920K(260096K)->64K(240640K) Eden: 249856K(249856K)->0K(240128K) From: 64K(10240K)->64K(512K)
[1044.917s][info][gc,heap        ] GC(2945) ParOldGen: 319415K(319488K)->319423K(319488K)
[1044.917s][info][gc,metaspace   ] GC(2945) Metaspace: 35629K(36416K)->35629K(36416K) NonClass: 26417K(27008K)->26417K(27008K) Class: 9211K(9408K)->9211K(9408K)
[1044.917s][info][gc             ] GC(2945) Pause Young (Allocation Failure) 555M->311M(547M) 1.684ms
[1044.917s][info][gc,cpu         ] GC(2945) User=0.00s Sys=0.00s Real=0.00s
[1045.052s][info][gc,start       ] GC(2946) Pause Young (Allocation Failure)
[1045.053s][info][gc,heap        ] GC(2946) PSYoungGen: 240192K(240640K)->64K(240128K) Eden: 240128K(240128K)->0K(230912K) From: 64K(512K)->64K(9216K)
[1045.053s][info][gc,heap        ] GC(2946) ParOldGen: 319423K(319488K)->319431K(319488K)
[1045.053s][info][gc,metaspace   ] GC(2946) Metaspace: 35629K(36416K)->35629K(36416K) NonClass: 26417K(27008K)->26417K(27008K) Class: 9211K(9408K)->9211K(9408K)
[1045.053s][info][gc             ] GC(2946) Pause Young (Allocation Failure) 546M->312M(546M) 1.110ms
[1045.053s][info][gc,cpu         ] GC(2946) User=0.00s Sys=0.00s Real=0.01s
[1045.417s][info][gc,start       ] GC(2947) Pause Young (Allocation Failure)
[1045.419s][info][gc,heap        ] GC(2947) PSYoungGen: 230976K(240128K)->64K(222720K) Eden: 230912K(230912K)->0K(222208K) From: 64K(9216K)->64K(512K)
[1045.419s][info][gc,heap        ] GC(2947) ParOldGen: 319431K(319488K)->319439K(319488K)
[1045.419s][info][gc,metaspace   ] GC(2947) Metaspace: 35629K(36416K)->35629K(36416K) NonClass: 26417K(27008K)->26417K(27008K) Class: 9211K(9408K)->9211K(9408K)
[1045.419s][info][gc             ] GC(2947) Pause Young (Allocation Failure) 537M->312M(529M) 1.771ms
[1045.419s][info][gc,cpu         ] GC(2947) User=0.00s Sys=0.00s Real=0.00s
[1045.719s][info][gc,start       ] GC(2948) Pause Young (Allocation Failure)
[1045.720s][info][gc,heap        ] GC(2948) PSYoungGen: 222272K(222720K)->64K(221696K) Eden: 222208K(222208K)->0K(214016K) From: 64K(512K)->64K(7680K)
[1045.720s][info][gc,heap        ] GC(2948) ParOldGen: 319439K(319488K)->319447K(319488K)
[1045.720s][info][gc,metaspace   ] GC(2948) Metaspace: 35629K(36416K)->35629K(36416K) NonClass: 26417K(27008K)->26417K(27008K) Class: 9211K(9408K)->9211K(9408K)
[1045.720s][info][gc             ] GC(2948) Pause Young (Allocation Failure) 529M->312M(528M) 1.127ms
[1045.720s][info][gc,cpu         ] GC(2948) User=0.00s Sys=0.00s Real=0.00s
[1046.032s][info][gc,start       ] GC(2949) Pause Young (Allocation Failure)
[1046.039s][info][gc,heap        ] GC(2949) PSYoungGen: 214080K(221696K)->4096K(210432K) Eden: 214016K(214016K)->0K(206336K) From: 64K(7680K)->4096K(4096K)
[1046.039s][info][gc,heap        ] GC(2949) ParOldGen: 319447K(319488K)->319455K(319488K)
[1046.039s][info][gc,metaspace   ] GC(2949) Metaspace: 35629K(36416K)->35629K(36416K) NonClass: 26417K(27008K)->26417K(27008K) Class: 9211K(9408K)->9211K(9408K)
[1046.039s][info][gc             ] GC(2949) Pause Young (Allocation Failure) 521M->315M(517M) 7.280ms
[1046.039s][info][gc,cpu         ] GC(2949) User=0.02s Sys=0.00s Real=0.01s
[1046.275s][info][gc,start       ] GC(2950) Pause Young (Allocation Failure)
[1046.318s][info][gc,heap        ] GC(2950) PSYoungGen: 210432K(210432K)->7680K(254976K) Eden: 206336K(206336K)->0K(247296K) From: 4096K(4096K)->7680K(7680K)
[1046.318s][info][gc,heap        ] GC(2950) ParOldGen: 319455K(319488K)->335063K(335360K)
[1046.319s][info][gc,metaspace   ] GC(2950) Metaspace: 35629K(36416K)->35629K(36416K) NonClass: 26417K(27008K)->26417K(27008K) Class: 9211K(9408K)->9211K(9408K)
[1046.319s][info][gc             ] GC(2950) Pause Young (Allocation Failure) 517M->334M(576M) 43.413ms
[1046.319s][info][gc,cpu         ] GC(2950) User=0.08s Sys=0.00s Real=0.04s
[1046.602s][info][gc,start       ] GC(2951) Pause Young (Allocation Failure)
[1046.659s][info][gc,heap        ] GC(2951) PSYoungGen: 254976K(254976K)->9728K(254464K) Eden: 247296K(247296K)->0K(244736K) From: 7680K(7680K)->9728K(9728K)
[1046.659s][info][gc,heap        ] GC(2951) ParOldGen: 335063K(335360K)->353663K(353792K)
[1046.659s][info][gc,metaspace   ] GC(2951) Metaspace: 35629K(36416K)->35629K(36416K) NonClass: 26417K(27008K)->26417K(27008K) Class: 9211K(9408K)->9211K(9408K)
[1046.659s][info][gc             ] GC(2951) Pause Young (Allocation Failure) 576M->354M(594M) 56.937ms
[1046.659s][info][gc,cpu         ] GC(2951) User=0.09s Sys=0.02s Real=0.05s
[1046.783s][info][gc,start       ] GC(2952) Pause Young (Allocation Failure)
[1046.800s][info][gc,heap        ] GC(2952) PSYoungGen: 254464K(254464K)->7424K(268288K) Eden: 244736K(244736K)->0K(244736K) From: 9728K(9728K)->7424K(23552K)
[1046.800s][info][gc,heap        ] GC(2952) ParOldGen: 353663K(353792K)->354159K(354304K)
[1046.800s][info][gc,metaspace   ] GC(2952) Metaspace: 35629K(36416K)->35629K(36416K) NonClass: 26417K(27008K)->26417K(27008K) Class: 9211K(9408K)->9211K(9408K)
[1046.800s][info][gc             ] GC(2952) Pause Young (Allocation Failure) 593M->353M(608M) 16.690ms
[1046.800s][info][gc,cpu         ] GC(2952) User=0.03s Sys=0.00s Real=0.01s
[1047.166s][info][gc,start       ] GC(2953) Pause Young (Allocation Failure)
[1047.167s][info][gc,heap        ] GC(2953) PSYoungGen: 252160K(268288K)->64K(308224K) Eden: 244736K(244736K)->0K(287744K) From: 7424K(23552K)->64K(20480K)
[1047.167s][info][gc,heap        ] GC(2953) ParOldGen: 354159K(354304K)->354167K(354304K)
[1047.167s][info][gc,metaspace   ] GC(2953) Metaspace: 35629K(36416K)->35629K(36416K) NonClass: 26417K(27008K)->26417K(27008K) Class: 9211K(9408K)->9211K(9408K)
[1047.167s][info][gc             ] GC(2953) Pause Young (Allocation Failure) 592M->345M(647M) 1.403ms
[1047.167s][info][gc,cpu         ] GC(2953) User=0.00s Sys=0.00s Real=0.00s
[1047.738s][info][gc,start       ] GC(2954) Pause Young (Allocation Failure)
[1047.740s][info][gc,heap        ] GC(2954) PSYoungGen: 287808K(308224K)->64K(309760K) Eden: 287744K(287744K)->0K(287744K) From: 64K(20480K)->64K(22016K)
[1047.740s][info][gc,heap        ] GC(2954) ParOldGen: 354167K(354304K)->354175K(354304K)
[1047.740s][info][gc,metaspace   ] GC(2954) Metaspace: 35629K(36416K)->35629K(36416K) NonClass: 26417K(27008K)->26417K(27008K) Class: 9211K(9408K)->9211K(9408K)
[1047.740s][info][gc             ] GC(2954) Pause Young (Allocation Failure) 626M->345M(648M) 1.353ms
[1047.740s][info][gc,cpu         ] GC(2954) User=0.00s Sys=0.00s Real=0.00s
[1048.165s][info][gc,start       ] GC(2955) Pause Young (Allocation Failure)
[1048.166s][info][gc,heap        ] GC(2955) PSYoungGen: 287808K(309760K)->64K(310272K) Eden: 287744K(287744K)->0K(290816K) From: 64K(22016K)->64K(19456K)
[1048.166s][info][gc,heap        ] GC(2955) ParOldGen: 354175K(354304K)->354191K(354304K)
[1048.166s][info][gc,metaspace   ] GC(2955) Metaspace: 35629K(36416K)->35629K(36416K) NonClass: 26417K(27008K)->26417K(27008K) Class: 9211K(9408K)->9211K(9408K)
[1048.166s][info][gc             ] GC(2955) Pause Young (Allocation Failure) 626M->345M(649M) 1.357ms
[1048.166s][info][gc,cpu         ] GC(2955) User=0.00s Sys=0.00s Real=0.00s
[1048.374s][info][gc,start       ] GC(2956) Pause Young (Allocation Failure)
[1048.375s][info][gc,heap        ] GC(2956) PSYoungGen: 290880K(310272K)->64K(311296K) Eden: 290816K(290816K)->0K(290816K) From: 64K(19456K)->64K(20480K)
[1048.375s][info][gc,heap        ] GC(2956) ParOldGen: 354191K(354304K)->354207K(354304K)
[1048.375s][info][gc,metaspace   ] GC(2956) Metaspace: 35629K(36416K)->35629K(36416K) NonClass: 26417K(27008K)->26417K(27008K) Class: 9211K(9408K)->9211K(9408K)
[1048.375s][info][gc             ] GC(2956) Pause Young (Allocation Failure) 629M->345M(650M) 1.285ms
[1048.375s][info][gc,cpu         ] GC(2956) User=0.00s Sys=0.00s Real=0.00s
[1048.582s][info][gc,start       ] GC(2957) Pause Young (Allocation Failure)
[1048.583s][info][gc,heap        ] GC(2957) PSYoungGen: 290880K(311296K)->64K(311296K) Eden: 290816K(290816K)->0K(293888K) From: 64K(20480K)->64K(17408K)
[1048.583s][info][gc,heap        ] GC(2957) ParOldGen: 354207K(354304K)->354207K(354304K)
[1048.583s][info][gc,metaspace   ] GC(2957) Metaspace: 35629K(36416K)->35629K(36416K) NonClass: 26417K(27008K)->26417K(27008K) Class: 9211K(9408K)->9211K(9408K)
[1048.583s][info][gc             ] GC(2957) Pause Young (Allocation Failure) 629M->345M(650M) 1.241ms
[1048.583s][info][gc,cpu         ] GC(2957) User=0.00s Sys=0.00s Real=0.01s
[1048.864s][info][gc,start       ] GC(2958) Pause Young (Allocation Failure)
[1048.865s][info][gc,heap        ] GC(2958) PSYoungGen: 293952K(311296K)->64K(312320K) Eden: 293888K(293888K)->0K(293888K) From: 64K(17408K)->64K(18432K)
[1048.865s][info][gc,heap        ] GC(2958) ParOldGen: 354207K(354304K)->354207K(354304K)
[1048.865s][info][gc,metaspace   ] GC(2958) Metaspace: 35629K(36416K)->35629K(36416K) NonClass: 26417K(27008K)->26417K(27008K) Class: 9211K(9408K)->9211K(9408K)
[1048.865s][info][gc             ] GC(2958) Pause Young (Allocation Failure) 632M->345M(651M) 1.293ms
[1048.865s][info][gc,cpu         ] GC(2958) User=0.00s Sys=0.01s Real=0.00s
[1048.916s][info][gc,start       ] GC(2959) Pause Young (Allocation Failure)
[1048.917s][info][gc,heap        ] GC(2959) PSYoungGen: 293952K(312320K)->64K(312832K) Eden: 293888K(293888K)->0K(297472K) From: 64K(18432K)->64K(15360K)
[1048.917s][info][gc,heap        ] GC(2959) ParOldGen: 354207K(354304K)->354223K(354304K)
[1048.917s][info][gc,metaspace   ] GC(2959) Metaspace: 35629K(36416K)->35629K(36416K) NonClass: 26417K(27008K)->26417K(27008K) Class: 9211K(9408K)->9211K(9408K)
[1048.917s][info][gc             ] GC(2959) Pause Young (Allocation Failure) 632M->345M(651M) 1.254ms
[1048.917s][info][gc,cpu         ] GC(2959) User=0.01s Sys=0.00s Real=0.00s
[1049.016s][info][gc,start       ] GC(2960) Pause Young (Allocation Failure)
[1049.017s][info][gc,heap        ] GC(2960) PSYoungGen: 297536K(312832K)->64K(314368K) Eden: 297472K(297472K)->0K(297472K) From: 64K(15360K)->64K(16896K)
[1049.017s][info][gc,heap        ] GC(2960) ParOldGen: 354223K(354304K)->354223K(354304K)
[1049.017s][info][gc,metaspace   ] GC(2960) Metaspace: 35629K(36416K)->35629K(36416K) NonClass: 26417K(27008K)->26417K(27008K) Class: 9211K(9408K)->9211K(9408K)
[1049.017s][info][gc             ] GC(2960) Pause Young (Allocation Failure) 636M->345M(653M) 1.200ms
[1049.017s][info][gc,cpu         ] GC(2960) User=0.00s Sys=0.00s Real=0.00s
[1049.236s][info][gc,start       ] GC(2961) Pause Young (Allocation Failure)
[1049.237s][info][gc,heap        ] GC(2961) PSYoungGen: 297536K(314368K)->64K(314368K) Eden: 297472K(297472K)->0K(301056K) From: 64K(16896K)->64K(13312K)
[1049.238s][info][gc,heap        ] GC(2961) ParOldGen: 354223K(354304K)->354239K(354304K)
[1049.238s][info][gc,metaspace   ] GC(2961) Metaspace: 35629K(36416K)->35629K(36416K) NonClass: 26417K(27008K)->26417K(27008K) Class: 9211K(9408K)->9211K(9408K)
[1049.238s][info][gc             ] GC(2961) Pause Young (Allocation Failure) 636M->345M(653M) 1.206ms
[1049.238s][info][gc,cpu         ] GC(2961) User=0.01s Sys=0.00s Real=0.00s
[1049.414s][info][gc,start       ] GC(2962) Pause Young (Allocation Failure)
[1049.415s][info][gc,heap        ] GC(2962) PSYoungGen: 301120K(314368K)->64K(315904K) Eden: 301056K(301056K)->0K(301056K) From: 64K(13312K)->64K(14848K)
[1049.415s][info][gc,heap        ] GC(2962) ParOldGen: 354239K(354304K)->354239K(354304K)
[1049.415s][info][gc,metaspace   ] GC(2962) Metaspace: 35629K(36416K)->35629K(36416K) NonClass: 26417K(27008K)->26417K(27008K) Class: 9211K(9408K)->9211K(9408K)
[1049.415s][info][gc             ] GC(2962) Pause Young (Allocation Failure) 639M->345M(654M) 1.237ms
[1049.415s][info][gc,cpu         ] GC(2962) User=0.00s Sys=0.00s Real=0.00s
[1049.504s][info][gc,start       ] GC(2963) Pause Young (Allocation Failure)
[1049.506s][info][gc,heap        ] GC(2963) PSYoungGen: 301120K(315904K)->64K(316416K) Eden: 301056K(301056K)->0K(304640K) From: 64K(14848K)->64K(11776K)
[1049.506s][info][gc,heap        ] GC(2963) ParOldGen: 354239K(354304K)->354255K(354304K)
[1049.506s][info][gc,metaspace   ] GC(2963) Metaspace: 35629K(36416K)->35629K(36416K) NonClass: 26417K(27008K)->26417K(27008K) Class: 9211K(9408K)->9211K(9408K)
[1049.506s][info][gc             ] GC(2963) Pause Young (Allocation Failure) 639M->346M(655M) 1.486ms
[1049.506s][info][gc,cpu         ] GC(2963) User=0.00s Sys=0.00s Real=0.00s
[1049.674s][info][gc,start       ] GC(2964) Pause Young (Allocation Failure)
[1049.675s][info][gc,heap        ] GC(2964) PSYoungGen: 304704K(316416K)->64K(317952K) Eden: 304640K(304640K)->0K(304640K) From: 64K(11776K)->64K(13312K)
[1049.675s][info][gc,heap        ] GC(2964) ParOldGen: 354255K(354304K)->354255K(354304K)
[1049.675s][info][gc,metaspace   ] GC(2964) Metaspace: 35629K(36416K)->35629K(36416K) NonClass: 26417K(27008K)->26417K(27008K) Class: 9211K(9408K)->9211K(9408K)
[1049.675s][info][gc             ] GC(2964) Pause Young (Allocation Failure) 643M->346M(656M) 1.343ms
[1049.675s][info][gc,cpu         ] GC(2964) User=0.00s Sys=0.00s Real=0.00s
[1050.592s][info][gc,start       ] GC(2965) Pause Young (Allocation Failure)
[1050.593s][info][gc,heap        ] GC(2965) PSYoungGen: 304704K(317952K)->64K(292864K) Eden: 304640K(304640K)->0K(292352K) From: 64K(13312K)->64K(512K)
[1050.593s][info][gc,heap        ] GC(2965) ParOldGen: 354255K(354304K)->354263K(354304K)
[1050.593s][info][gc,metaspace   ] GC(2965) Metaspace: 35629K(36416K)->35629K(36416K) NonClass: 26417K(27008K)->26417K(27008K) Class: 9211K(9408K)->9211K(9408K)
[1050.593s][info][gc             ] GC(2965) Pause Young (Allocation Failure) 643M->346M(632M) 1.218ms
[1050.593s][info][gc,cpu         ] GC(2965) User=0.00s Sys=0.00s Real=0.00s
[1051.420s][info][gc,start       ] GC(2966) Pause Young (Allocation Failure)
[1051.421s][info][gc,heap        ] GC(2966) PSYoungGen: 292416K(292864K)->64K(292864K) Eden: 292352K(292352K)->0K(281088K) From: 64K(512K)->64K(11776K)
[1051.421s][info][gc,heap        ] GC(2966) ParOldGen: 354263K(354304K)->354271K(354304K)
[1051.421s][info][gc,metaspace   ] GC(2966) Metaspace: 35629K(36416K)->35629K(36416K) NonClass: 26417K(27008K)->26417K(27008K) Class: 9211K(9408K)->9211K(9408K)
[1051.421s][info][gc             ] GC(2966) Pause Young (Allocation Failure) 631M->346M(632M) 1.141ms
[1051.421s][info][gc,cpu         ] GC(2966) User=0.00s Sys=0.00s Real=0.00s
[1051.783s][info][gc,start       ] GC(2967) Pause Young (Allocation Failure)
[1051.784s][info][gc,heap        ] GC(2967) PSYoungGen: 281152K(292864K)->64K(270848K) Eden: 281088K(281088K)->0K(270336K) From: 64K(11776K)->64K(512K)
[1051.784s][info][gc,heap        ] GC(2967) ParOldGen: 354271K(354304K)->354279K(354304K)
[1051.784s][info][gc,metaspace   ] GC(2967) Metaspace: 35629K(36416K)->35629K(36416K) NonClass: 26417K(27008K)->26417K(27008K) Class: 9211K(9408K)->9211K(9408K)
[1051.784s][info][gc             ] GC(2967) Pause Young (Allocation Failure) 620M->346M(610M) 1.345ms
[1051.784s][info][gc,cpu         ] GC(2967) User=0.00s Sys=0.00s Real=0.00s
[1052.840s][info][gc,start       ] GC(2968) Pause Young (Allocation Failure)
[1052.841s][info][gc,heap        ] GC(2968) PSYoungGen: 270400K(270848K)->64K(270336K) Eden: 270336K(270336K)->0K(260096K) From: 64K(512K)->64K(10240K)
[1052.841s][info][gc,heap        ] GC(2968) ParOldGen: 354279K(354304K)->354287K(354304K)
[1052.841s][info][gc,metaspace   ] GC(2968) Metaspace: 35629K(36416K)->35629K(36416K) NonClass: 26417K(27008K)->26417K(27008K) Class: 9211K(9408K)->9211K(9408K)
[1052.841s][info][gc             ] GC(2968) Pause Young (Allocation Failure) 610M->346M(610M) 1.234ms
[1052.841s][info][gc,cpu         ] GC(2968) User=0.00s Sys=0.00s Real=0.00s
[1053.238s][info][gc,start       ] GC(2969) Pause Young (Allocation Failure)
[1053.239s][info][gc,heap        ] GC(2969) PSYoungGen: 260160K(270336K)->64K(250880K) Eden: 260096K(260096K)->0K(250368K) From: 64K(10240K)->64K(512K)
[1053.239s][info][gc,heap        ] GC(2969) ParOldGen: 354287K(354304K)->354295K(354304K)
[1053.239s][info][gc,metaspace   ] GC(2969) Metaspace: 35629K(36416K)->35629K(36416K) NonClass: 26417K(27008K)->26417K(27008K) Class: 9211K(9408K)->9211K(9408K)
[1053.239s][info][gc             ] GC(2969) Pause Young (Allocation Failure) 600M->346M(591M) 1.414ms
[1053.239s][info][gc,cpu         ] GC(2969) User=0.00s Sys=0.00s Real=0.00s
[1053.437s][info][gc,start       ] GC(2970) Pause Young (Allocation Failure)
[1053.438s][info][gc,heap        ] GC(2970) PSYoungGen: 250432K(250880K)->64K(249856K) Eden: 250368K(250368K)->0K(240640K) From: 64K(512K)->64K(9216K)
[1053.438s][info][gc,heap        ] GC(2970) ParOldGen: 354295K(354304K)->354303K(354304K)
[1053.438s][info][gc,metaspace   ] GC(2970) Metaspace: 35629K(36416K)->35629K(36416K) NonClass: 26417K(27008K)->26417K(27008K) Class: 9211K(9408K)->9211K(9408K)
[1053.438s][info][gc             ] GC(2970) Pause Young (Allocation Failure) 590M->346M(590M) 1.591ms
[1053.438s][info][gc,cpu         ] GC(2970) User=0.00s Sys=0.00s Real=0.00s
[1053.532s][info][gc,start       ] GC(2971) Pause Young (Allocation Failure)
[1053.534s][info][gc,heap        ] GC(2971) PSYoungGen: 240704K(249856K)->64K(231936K) Eden: 240640K(240640K)->0K(231424K) From: 64K(9216K)->64K(512K)
[1053.534s][info][gc,heap        ] GC(2971) ParOldGen: 354303K(354304K)->354319K(354816K)
[1053.534s][info][gc,metaspace   ] GC(2971) Metaspace: 35629K(36416K)->35629K(36416K) NonClass: 26417K(27008K)->26417K(27008K) Class: 9211K(9408K)->9211K(9408K)
[1053.534s][info][gc             ] GC(2971) Pause Young (Allocation Failure) 581M->346M(573M) 2.453ms
[1053.534s][info][gc,cpu         ] GC(2971) User=0.00s Sys=0.00s Real=0.01s
[1054.102s][info][gc,start       ] GC(2972) Pause Young (Allocation Failure)
[1054.104s][info][gc,heap        ] GC(2972) PSYoungGen: 231488K(231936K)->64K(230400K) Eden: 231424K(231424K)->0K(222720K) From: 64K(512K)->64K(7680K)
[1054.104s][info][gc,heap        ] GC(2972) ParOldGen: 354319K(354816K)->354335K(354816K)
[1054.104s][info][gc,metaspace   ] GC(2972) Metaspace: 35629K(36416K)->35629K(36416K) NonClass: 26417K(27008K)->26417K(27008K) Class: 9211K(9408K)->9211K(9408K)
[1054.104s][info][gc             ] GC(2972) Pause Young (Allocation Failure) 572M->346M(571M) 2.043ms
[1054.104s][info][gc,cpu         ] GC(2972) User=0.00s Sys=0.00s Real=0.01s
[1054.298s][info][gc,start       ] GC(2973) Pause Young (Allocation Failure)
[1054.301s][info][gc,heap        ] GC(2973) PSYoungGen: 222784K(230400K)->64K(215040K) Eden: 222720K(222720K)->0K(214528K) From: 64K(7680K)->64K(512K)
[1054.301s][info][gc,heap        ] GC(2973) ParOldGen: 354335K(354816K)->354351K(354816K)
[1054.301s][info][gc,metaspace   ] GC(2973) Metaspace: 35629K(36416K)->35629K(36416K) NonClass: 26417K(27008K)->26417K(27008K) Class: 9211K(9408K)->9211K(9408K)
[1054.301s][info][gc             ] GC(2973) Pause Young (Allocation Failure) 563M->346M(556M) 2.485ms
[1054.301s][info][gc,cpu         ] GC(2973) User=0.00s Sys=0.00s Real=0.00s
[1054.584s][info][gc,start       ] GC(2974) Pause Young (Allocation Failure)
[1054.616s][info][gc,heap        ] GC(2974) PSYoungGen: 214592K(215040K)->6656K(263168K) Eden: 214528K(214528K)->0K(256512K) From: 64K(512K)->6656K(6656K)
[1054.616s][info][gc,heap        ] GC(2974) ParOldGen: 354351K(354816K)->364479K(364544K)
[1054.616s][info][gc,metaspace   ] GC(2974) Metaspace: 35629K(36416K)->35629K(36416K) NonClass: 26417K(27008K)->26417K(27008K) Class: 9211K(9408K)->9211K(9408K)
[1054.616s][info][gc             ] GC(2974) Pause Young (Allocation Failure) 555M->362M(613M) 32.697ms
[1054.616s][info][gc,cpu         ] GC(2974) User=0.06s Sys=0.01s Real=0.03s
[1054.910s][info][gc,start       ] GC(2975) Pause Young (Allocation Failure)
[1054.969s][info][gc,heap        ] GC(2975) PSYoungGen: 263168K(263168K)->6656K(266240K) Eden: 256512K(256512K)->0K(259584K) From: 6656K(6656K)->6656K(6656K)
[1054.969s][info][gc,heap        ] GC(2975) ParOldGen: 364479K(364544K)->387047K(387072K)
[1054.969s][info][gc,metaspace   ] GC(2975) Metaspace: 35629K(36416K)->35629K(36416K) NonClass: 26417K(27008K)->26417K(27008K) Class: 9211K(9408K)->9211K(9408K)
[1054.969s][info][gc             ] GC(2975) Pause Young (Allocation Failure) 612M->384M(638M) 59.484ms
[1054.969s][info][gc,cpu         ] GC(2975) User=0.10s Sys=0.01s Real=0.06s
[1055.173s][info][gc,start       ] GC(2976) Pause Young (Allocation Failure)
[1055.203s][info][gc,heap        ] GC(2976) PSYoungGen: 266240K(266240K)->16960K(280576K) Eden: 259584K(259584K)->0K(259584K) From: 6656K(6656K)->16960K(20992K)
[1055.203s][info][gc,heap        ] GC(2976) ParOldGen: 387047K(387072K)->387655K(388096K)
[1055.203s][info][gc,metaspace   ] GC(2976) Metaspace: 35629K(36416K)->35629K(36416K) NonClass: 26417K(27008K)->26417K(27008K) Class: 9211K(9408K)->9211K(9408K)
[1055.203s][info][gc             ] GC(2976) Pause Young (Allocation Failure) 637M->395M(653M) 30.740ms
[1055.203s][info][gc,cpu         ] GC(2976) User=0.06s Sys=0.01s Real=0.03s
[1055.457s][info][gc,start       ] GC(2977) Pause Young (Allocation Failure)
[1055.458s][info][gc,heap        ] GC(2977) PSYoungGen: 276544K(280576K)->64K(310784K) Eden: 259584K(259584K)->0K(286720K) From: 16960K(20992K)->64K(24064K)
[1055.458s][info][gc,heap        ] GC(2977) ParOldGen: 387655K(388096K)->387663K(388096K)
[1055.458s][info][gc,metaspace   ] GC(2977) Metaspace: 35629K(36416K)->35629K(36416K) NonClass: 26417K(27008K)->26417K(27008K) Class: 9211K(9408K)->9211K(9408K)
[1055.458s][info][gc             ] GC(2977) Pause Young (Allocation Failure) 648M->378M(682M) 1.362ms
[1055.458s][info][gc,cpu         ] GC(2977) User=0.00s Sys=0.00s Real=0.00s
[1056.083s][info][gc,start       ] GC(2978) Pause Young (Allocation Failure)
[1056.085s][info][gc,heap        ] GC(2978) PSYoungGen: 286784K(310784K)->64K(287232K) Eden: 286720K(286720K)->0K(286720K) From: 64K(24064K)->64K(512K)
[1056.085s][info][gc,heap        ] GC(2978) ParOldGen: 387663K(388096K)->387671K(388096K)
[1056.085s][info][gc,metaspace   ] GC(2978) Metaspace: 35629K(36416K)->35629K(36416K) NonClass: 26417K(27008K)->26417K(27008K) Class: 9211K(9408K)->9211K(9408K)
[1056.085s][info][gc             ] GC(2978) Pause Young (Allocation Failure) 658M->378M(659M) 1.450ms
[1056.085s][info][gc,cpu         ] GC(2978) User=0.01s Sys=0.00s Real=0.00s
[1056.536s][info][gc,start       ] GC(2979) Pause Young (Allocation Failure)
[1056.537s][info][gc,heap        ] GC(2979) PSYoungGen: 286784K(287232K)->64K(310272K) Eden: 286720K(286720K)->0K(287744K) From: 64K(512K)->64K(22528K)
[1056.537s][info][gc,heap        ] GC(2979) ParOldGen: 387671K(388096K)->387687K(388096K)
[1056.537s][info][gc,metaspace   ] GC(2979) Metaspace: 35629K(36416K)->35629K(36416K) NonClass: 26417K(27008K)->26417K(27008K) Class: 9211K(9408K)->9211K(9408K)
[1056.537s][info][gc             ] GC(2979) Pause Young (Allocation Failure) 658M->378M(682M) 1.345ms
[1056.537s][info][gc,cpu         ] GC(2979) User=0.01s Sys=0.00s Real=0.00s
[1056.746s][info][gc,start       ] GC(2980) Pause Young (Allocation Failure)
[1056.748s][info][gc,heap        ] GC(2980) PSYoungGen: 287808K(310272K)->64K(309248K) Eden: 287744K(287744K)->0K(287744K) From: 64K(22528K)->64K(21504K)
[1056.748s][info][gc,heap        ] GC(2980) ParOldGen: 387687K(388096K)->387703K(388096K)
[1056.748s][info][gc,metaspace   ] GC(2980) Metaspace: 35629K(36416K)->35629K(36416K) NonClass: 26417K(27008K)->26417K(27008K) Class: 9211K(9408K)->9211K(9408K)
[1056.748s][info][gc             ] GC(2980) Pause Young (Allocation Failure) 659M->378M(681M) 1.464ms
[1056.748s][info][gc,cpu         ] GC(2980) User=0.00s Sys=0.00s Real=0.00s
[1056.952s][info][gc,start       ] GC(2981) Pause Young (Allocation Failure)
[1056.954s][info][gc,heap        ] GC(2981) PSYoungGen: 287808K(309248K)->64K(310784K) Eden: 287744K(287744K)->0K(290304K) From: 64K(21504K)->64K(20480K)
[1056.954s][info][gc,heap        ] GC(2981) ParOldGen: 387703K(388096K)->387703K(388096K)
[1056.954s][info][gc,metaspace   ] GC(2981) Metaspace: 35629K(36416K)->35629K(36416K) NonClass: 26417K(27008K)->26417K(27008K) Class: 9211K(9408K)->9211K(9408K)
[1056.954s][info][gc             ] GC(2981) Pause Young (Allocation Failure) 659M->378M(682M) 1.366ms
[1056.954s][info][gc,cpu         ] GC(2981) User=0.00s Sys=0.00s Real=0.00s
[1057.269s][info][gc,start       ] GC(2982) Pause Young (Allocation Failure)
[1057.271s][info][gc,heap        ] GC(2982) PSYoungGen: 290368K(310784K)->64K(310272K) Eden: 290304K(290304K)->0K(290304K) From: 64K(20480K)->64K(19968K)
[1057.271s][info][gc,heap        ] GC(2982) ParOldGen: 387703K(388096K)->387703K(388096K)
[1057.271s][info][gc,metaspace   ] GC(2982) Metaspace: 35629K(36416K)->35629K(36416K) NonClass: 26417K(27008K)->26417K(27008K) Class: 9211K(9408K)->9211K(9408K)
[1057.271s][info][gc             ] GC(2982) Pause Young (Allocation Failure) 662M->378M(682M) 1.353ms
[1057.271s][info][gc,cpu         ] GC(2982) User=0.00s Sys=0.00s Real=0.00s
[1057.323s][info][gc,start       ] GC(2983) Pause Young (Allocation Failure)
[1057.324s][info][gc,heap        ] GC(2983) PSYoungGen: 290368K(310272K)->64K(312832K) Eden: 290304K(290304K)->0K(294400K) From: 64K(19968K)->64K(18432K)
[1057.324s][info][gc,heap        ] GC(2983) ParOldGen: 387703K(388096K)->387719K(388096K)
[1057.324s][info][gc,metaspace   ] GC(2983) Metaspace: 35629K(36416K)->35629K(36416K) NonClass: 26417K(27008K)->26417K(27008K) Class: 9211K(9408K)->9211K(9408K)
[1057.324s][info][gc             ] GC(2983) Pause Young (Allocation Failure) 662M->378M(684M) 1.187ms
[1057.324s][info][gc,cpu         ] GC(2983) User=0.00s Sys=0.00s Real=0.00s
[1057.382s][info][gc,start       ] GC(2984) Pause Young (Allocation Failure)
[1057.383s][info][gc,heap        ] GC(2984) PSYoungGen: 294464K(312832K)->64K(312320K) Eden: 294400K(294400K)->0K(294400K) From: 64K(18432K)->64K(17920K)
[1057.383s][info][gc,heap        ] GC(2984) ParOldGen: 387719K(388096K)->387719K(388096K)
[1057.383s][info][gc,metaspace   ] GC(2984) Metaspace: 35629K(36416K)->35629K(36416K) NonClass: 26417K(27008K)->26417K(27008K) Class: 9211K(9408K)->9211K(9408K)
[1057.383s][info][gc             ] GC(2984) Pause Young (Allocation Failure) 666M->378M(684M) 1.211ms
[1057.383s][info][gc,cpu         ] GC(2984) User=0.00s Sys=0.00s Real=0.01s
[1057.601s][info][gc,start       ] GC(2985) Pause Young (Allocation Failure)
[1057.602s][info][gc,heap        ] GC(2985) PSYoungGen: 294464K(312320K)->64K(314880K) Eden: 294400K(294400K)->0K(298496K) From: 64K(17920K)->64K(16384K)
[1057.602s][info][gc,heap        ] GC(2985) ParOldGen: 387719K(388096K)->387735K(388096K)
[1057.602s][info][gc,metaspace   ] GC(2985) Metaspace: 35629K(36416K)->35629K(36416K) NonClass: 26417K(27008K)->26417K(27008K) Class: 9211K(9408K)->9211K(9408K)
[1057.602s][info][gc             ] GC(2985) Pause Young (Allocation Failure) 666M->378M(686M) 1.251ms
[1057.602s][info][gc,cpu         ] GC(2985) User=0.00s Sys=0.00s Real=0.01s
[1057.814s][info][gc,start       ] GC(2986) Pause Young (Allocation Failure)
[1057.815s][info][gc,heap        ] GC(2986) PSYoungGen: 298560K(314880K)->64K(314368K) Eden: 298496K(298496K)->0K(298496K) From: 64K(16384K)->64K(15872K)
[1057.815s][info][gc,heap        ] GC(2986) ParOldGen: 387735K(388096K)->387735K(388096K)
[1057.815s][info][gc,metaspace   ] GC(2986) Metaspace: 35629K(36416K)->35629K(36416K) NonClass: 26417K(27008K)->26417K(27008K) Class: 9211K(9408K)->9211K(9408K)
[1057.815s][info][gc             ] GC(2986) Pause Young (Allocation Failure) 670M->378M(686M) 1.331ms
[1057.815s][info][gc,cpu         ] GC(2986) User=0.00s Sys=0.00s Real=0.00s
[1057.896s][info][gc,start       ] GC(2987) Pause Young (Allocation Failure)
[1057.897s][info][gc,heap        ] GC(2987) PSYoungGen: 298560K(314368K)->64K(316928K) Eden: 298496K(298496K)->0K(302080K) From: 64K(15872K)->64K(14848K)
[1057.897s][info][gc,heap        ] GC(2987) ParOldGen: 387735K(388096K)->387751K(388096K)
[1057.897s][info][gc,metaspace   ] GC(2987) Metaspace: 35629K(36416K)->35629K(36416K) NonClass: 26417K(27008K)->26417K(27008K) Class: 9211K(9408K)->9211K(9408K)
[1057.897s][info][gc             ] GC(2987) Pause Young (Allocation Failure) 670M->378M(688M) 1.302ms
[1057.897s][info][gc,cpu         ] GC(2987) User=0.00s Sys=0.00s Real=0.00s
[1058.035s][info][gc,start       ] GC(2988) Pause Young (Allocation Failure)
[1058.036s][info][gc,heap        ] GC(2988) PSYoungGen: 302144K(316928K)->64K(316416K) Eden: 302080K(302080K)->0K(302080K) From: 64K(14848K)->64K(14336K)
[1058.036s][info][gc,heap        ] GC(2988) ParOldGen: 387751K(388096K)->387751K(388096K)
[1058.036s][info][gc,metaspace   ] GC(2988) Metaspace: 35629K(36416K)->35629K(36416K) NonClass: 26417K(27008K)->26417K(27008K) Class: 9211K(9408K)->9211K(9408K)
[1058.036s][info][gc             ] GC(2988) Pause Young (Allocation Failure) 673M->378M(688M) 1.292ms
[1058.036s][info][gc,cpu         ] GC(2988) User=0.00s Sys=0.01s Real=0.00s
[1058.457s][info][gc,start       ] GC(2989) Pause Young (Allocation Failure)
[1058.458s][info][gc,heap        ] GC(2989) PSYoungGen: 302144K(316416K)->64K(318464K) Eden: 302080K(302080K)->0K(305664K) From: 64K(14336K)->64K(12800K)
[1058.459s][info][gc,heap        ] GC(2989) ParOldGen: 387751K(388096K)->387759K(388096K)
[1058.459s][info][gc,metaspace   ] GC(2989) Metaspace: 35629K(36416K)->35629K(36416K) NonClass: 26417K(27008K)->26417K(27008K) Class: 9211K(9408K)->9211K(9408K)
[1058.459s][info][gc             ] GC(2989) Pause Young (Allocation Failure) 673M->378M(690M) 1.374ms
[1058.459s][info][gc,cpu         ] GC(2989) User=0.00s Sys=0.00s Real=0.00s
[1059.813s][info][gc,start       ] GC(2990) Pause Young (Allocation Failure)
[1059.814s][info][gc,heap        ] GC(2990) PSYoungGen: 305728K(318464K)->64K(293888K) Eden: 305664K(305664K)->0K(293376K) From: 64K(12800K)->64K(512K)
[1059.814s][info][gc,heap        ] GC(2990) ParOldGen: 387759K(388096K)->387767K(388096K)
[1059.814s][info][gc,metaspace   ] GC(2990) Metaspace: 35629K(36416K)->35629K(36416K) NonClass: 26417K(27008K)->26417K(27008K) Class: 9211K(9408K)->9211K(9408K)
[1059.814s][info][gc             ] GC(2990) Pause Young (Allocation Failure) 677M->378M(666M) 1.454ms
[1059.814s][info][gc,cpu         ] GC(2990) User=0.00s Sys=0.00s Real=0.00s
[1060.086s][info][gc,start       ] GC(2991) Pause Young (Allocation Failure)
[1060.088s][info][gc,heap        ] GC(2991) PSYoungGen: 293440K(293888K)->64K(282112K) Eden: 293376K(293376K)->0K(281600K) From: 64K(512K)->64K(512K)
[1060.088s][info][gc,heap        ] GC(2991) ParOldGen: 387767K(388096K)->387775K(388096K)
[1060.088s][info][gc,metaspace   ] GC(2991) Metaspace: 35629K(36416K)->35629K(36416K) NonClass: 26417K(27008K)->26417K(27008K) Class: 9211K(9408K)->9211K(9408K)
[1060.088s][info][gc             ] GC(2991) Pause Young (Allocation Failure) 665M->378M(654M) 1.278ms
[1060.088s][info][gc,cpu         ] GC(2991) User=0.00s Sys=0.00s Real=0.00s
[1060.549s][info][gc,start       ] GC(2992) Pause Young (Allocation Failure)
[1060.550s][info][gc,heap        ] GC(2992) PSYoungGen: 281664K(282112K)->64K(281600K) Eden: 281600K(281600K)->0K(270848K) From: 64K(512K)->64K(10752K)
[1060.550s][info][gc,heap        ] GC(2992) ParOldGen: 387775K(388096K)->387783K(388096K)
[1060.550s][info][gc,metaspace   ] GC(2992) Metaspace: 35629K(36416K)->35629K(36416K) NonClass: 26417K(27008K)->26417K(27008K) Class: 9211K(9408K)->9211K(9408K)
[1060.550s][info][gc             ] GC(2992) Pause Young (Allocation Failure) 653M->378M(654M) 1.200ms
[1060.550s][info][gc,cpu         ] GC(2992) User=0.00s Sys=0.00s Real=0.00s
[1061.480s][info][gc,start       ] GC(2993) Pause Young (Allocation Failure)
[1061.482s][info][gc,heap        ] GC(2993) PSYoungGen: 270912K(281600K)->64K(261120K) Eden: 270848K(270848K)->0K(260608K) From: 64K(10752K)->64K(512K)
[1061.482s][info][gc,heap        ] GC(2993) ParOldGen: 387783K(388096K)->387791K(388096K)
[1061.482s][info][gc,metaspace   ] GC(2993) Metaspace: 35629K(36416K)->35629K(36416K) NonClass: 26417K(27008K)->26417K(27008K) Class: 9211K(9408K)->9211K(9408K)
[1061.482s][info][gc             ] GC(2993) Pause Young (Allocation Failure) 643M->378M(634M) 1.786ms
[1061.482s][info][gc,cpu         ] GC(2993) User=0.00s Sys=0.00s Real=0.00s
[1061.857s][info][gc,start       ] GC(2994) Pause Young (Allocation Failure)
[1061.858s][info][gc,heap        ] GC(2994) PSYoungGen: 260672K(261120K)->64K(260096K) Eden: 260608K(260608K)->0K(250368K) From: 64K(512K)->64K(9728K)
[1061.858s][info][gc,heap        ] GC(2994) ParOldGen: 387791K(388096K)->387799K(388096K)
[1061.858s][info][gc,metaspace   ] GC(2994) Metaspace: 35629K(36416K)->35629K(36416K) NonClass: 26417K(27008K)->26417K(27008K) Class: 9211K(9408K)->9211K(9408K)
[1061.858s][info][gc             ] GC(2994) Pause Young (Allocation Failure) 633M->378M(633M) 1.224ms
[1061.858s][info][gc,cpu         ] GC(2994) User=0.00s Sys=0.00s Real=0.00s
[1061.948s][info][gc,start       ] GC(2995) Pause Young (Allocation Failure)
[1061.950s][info][gc,heap        ] GC(2995) PSYoungGen: 250432K(260096K)->64K(241152K) Eden: 250368K(250368K)->0K(240640K) From: 64K(9728K)->64K(512K)
[1061.950s][info][gc,heap        ] GC(2995) ParOldGen: 387799K(388096K)->387807K(388096K)
[1061.950s][info][gc,metaspace   ] GC(2995) Metaspace: 35629K(36416K)->35629K(36416K) NonClass: 26417K(27008K)->26417K(27008K) Class: 9211K(9408K)->9211K(9408K)
[1061.950s][info][gc             ] GC(2995) Pause Young (Allocation Failure) 623M->378M(614M) 1.710ms
[1061.950s][info][gc,cpu         ] GC(2995) User=0.01s Sys=0.00s Real=0.00s
[1062.531s][info][gc,start       ] GC(2996) Pause Young (Allocation Failure)
[1062.532s][info][gc,heap        ] GC(2996) PSYoungGen: 240704K(241152K)->64K(239616K) Eden: 240640K(240640K)->0K(231424K) From: 64K(512K)->64K(8192K)
[1062.532s][info][gc,heap        ] GC(2996) ParOldGen: 387807K(388096K)->387815K(388096K)
[1062.532s][info][gc,metaspace   ] GC(2996) Metaspace: 35629K(36416K)->35629K(36416K) NonClass: 26417K(27008K)->26417K(27008K) Class: 9211K(9408K)->9211K(9408K)
[1062.532s][info][gc             ] GC(2996) Pause Young (Allocation Failure) 613M->378M(613M) 1.255ms
[1062.532s][info][gc,cpu         ] GC(2996) User=0.00s Sys=0.00s Real=0.01s
[1062.728s][info][gc,start       ] GC(2997) Pause Young (Allocation Failure)
[1062.730s][info][gc,heap        ] GC(2997) PSYoungGen: 231488K(239616K)->64K(223232K) Eden: 231424K(231424K)->0K(222720K) From: 64K(8192K)->64K(512K)
[1062.730s][info][gc,heap        ] GC(2997) ParOldGen: 387815K(388096K)->387823K(388096K)
[1062.730s][info][gc,metaspace   ] GC(2997) Metaspace: 35629K(36416K)->35629K(36416K) NonClass: 26417K(27008K)->26417K(27008K) Class: 9211K(9408K)->9211K(9408K)
[1062.730s][info][gc             ] GC(2997) Pause Young (Allocation Failure) 604M->378M(597M) 1.736ms
[1062.730s][info][gc,cpu         ] GC(2997) User=0.00s Sys=0.00s Real=0.00s
[1063.026s][info][gc,start       ] GC(2998) Pause Young (Allocation Failure)
[1063.059s][info][gc,heap        ] GC(2998) PSYoungGen: 222784K(223232K)->7168K(273408K) Eden: 222720K(222720K)->0K(266240K) From: 64K(512K)->7168K(7168K)
[1063.059s][info][gc,heap        ] GC(2998) ParOldGen: 387823K(388096K)->398255K(398336K)
[1063.059s][info][gc,metaspace   ] GC(2998) Metaspace: 35629K(36416K)->35629K(36416K) NonClass: 26417K(27008K)->26417K(27008K) Class: 9211K(9408K)->9211K(9408K)
[1063.059s][info][gc             ] GC(2998) Pause Young (Allocation Failure) 596M->395M(656M) 32.759ms
[1063.059s][info][gc,cpu         ] GC(2998) User=0.05s Sys=0.01s Real=0.03s
[1063.369s][info][gc,start       ] GC(2999) Pause Young (Allocation Failure)
[1063.432s][info][gc,heap        ] GC(2999) PSYoungGen: 273408K(273408K)->12800K(269824K) Eden: 266240K(266240K)->0K(257024K) From: 7168K(7168K)->12800K(12800K)
[1063.432s][info][gc,heap        ] GC(2999) ParOldGen: 398255K(398336K)->415775K(416256K)
[1063.432s][info][gc,metaspace   ] GC(2999) Metaspace: 35629K(36416K)->35629K(36416K) NonClass: 26417K(27008K)->26417K(27008K) Class: 9211K(9408K)->9211K(9408K)
[1063.432s][info][gc             ] GC(2999) Pause Young (Allocation Failure) 655M->418M(670M) 63.305ms
[1063.432s][info][gc,cpu         ] GC(2999) User=0.11s Sys=0.02s Real=0.07s
[1063.620s][info][gc,start       ] GC(3000) Pause Young (Allocation Failure)
[1063.646s][info][gc,heap        ] GC(3000) PSYoungGen: 269824K(269824K)->15008K(279040K) Eden: 257024K(257024K)->0K(257024K) From: 12800K(12800K)->15008K(22016K)
[1063.646s][info][gc,heap        ] GC(3000) ParOldGen: 415775K(416256K)->416255K(416256K)
[1063.646s][info][gc,metaspace   ] GC(3000) Metaspace: 35629K(36416K)->35629K(36416K) NonClass: 26417K(27008K)->26417K(27008K) Class: 9211K(9408K)->9211K(9408K)
[1063.646s][info][gc             ] GC(3000) Pause Young (Allocation Failure) 669M->421M(679M) 26.334ms
[1063.646s][info][gc,cpu         ] GC(3000) User=0.05s Sys=0.00s Real=0.03s
[1063.926s][info][gc,start       ] GC(3001) Pause Young (Allocation Failure)
[1063.927s][info][gc,heap        ] GC(3001) PSYoungGen: 272032K(279040K)->64K(310272K) Eden: 257024K(257024K)->0K(286208K) From: 15008K(22016K)->64K(24064K)
[1063.927s][info][gc,heap        ] GC(3001) ParOldGen: 416255K(416256K)->416263K(416768K)
[1063.927s][info][gc,metaspace   ] GC(3001) Metaspace: 35629K(36416K)->35629K(36416K) NonClass: 26417K(27008K)->26417K(27008K) Class: 9211K(9408K)->9211K(9408K)
[1063.927s][info][gc             ] GC(3001) Pause Young (Allocation Failure) 672M->406M(710M) 1.493ms
[1063.927s][info][gc,cpu         ] GC(3001) User=0.00s Sys=0.00s Real=0.00s
[1064.550s][info][gc,start       ] GC(3002) Pause Young (Allocation Failure)
[1064.551s][info][gc,heap        ] GC(3002) PSYoungGen: 286272K(310272K)->64K(286720K) Eden: 286208K(286208K)->0K(286208K) From: 64K(24064K)->64K(512K)
[1064.551s][info][gc,heap        ] GC(3002) ParOldGen: 416263K(416768K)->416271K(416768K)
[1064.551s][info][gc,metaspace   ] GC(3002) Metaspace: 35629K(36416K)->35629K(36416K) NonClass: 26417K(27008K)->26417K(27008K) Class: 9211K(9408K)->9211K(9408K)
[1064.551s][info][gc             ] GC(3002) Pause Young (Allocation Failure) 686M->406M(687M) 1.477ms
[1064.551s][info][gc,cpu         ] GC(3002) User=0.00s Sys=0.00s Real=0.00s
[1065.000s][info][gc,start       ] GC(3003) Pause Young (Allocation Failure)
[1065.001s][info][gc,heap        ] GC(3003) PSYoungGen: 286272K(286720K)->64K(309760K) Eden: 286208K(286208K)->0K(287232K) From: 64K(512K)->64K(22528K)
[1065.001s][info][gc,heap        ] GC(3003) ParOldGen: 416271K(416768K)->416287K(416768K)
[1065.001s][info][gc,metaspace   ] GC(3003) Metaspace: 35629K(36416K)->35629K(36416K) NonClass: 26417K(27008K)->26417K(27008K) Class: 9211K(9408K)->9211K(9408K)
[1065.001s][info][gc             ] GC(3003) Pause Young (Allocation Failure) 686M->406M(709M) 1.463ms
[1065.001s][info][gc,cpu         ] GC(3003) User=0.00s Sys=0.00s Real=0.00s
[1065.206s][info][gc,start       ] GC(3004) Pause Young (Allocation Failure)
[1065.208s][info][gc,heap        ] GC(3004) PSYoungGen: 287296K(309760K)->64K(308736K) Eden: 287232K(287232K)->0K(287232K) From: 64K(22528K)->64K(21504K)
[1065.208s][info][gc,heap        ] GC(3004) ParOldGen: 416287K(416768K)->416303K(416768K)
[1065.208s][info][gc,metaspace   ] GC(3004) Metaspace: 35629K(36416K)->35629K(36416K) NonClass: 26417K(27008K)->26417K(27008K) Class: 9211K(9408K)->9211K(9408K)
[1065.208s][info][gc             ] GC(3004) Pause Young (Allocation Failure) 687M->406M(708M) 1.338ms
[1065.208s][info][gc,cpu         ] GC(3004) User=0.01s Sys=0.00s Real=0.00s
[1065.412s][info][gc,start       ] GC(3005) Pause Young (Allocation Failure)
[1065.414s][info][gc,heap        ] GC(3005) PSYoungGen: 287296K(308736K)->64K(310784K) Eden: 287232K(287232K)->0K(290304K) From: 64K(21504K)->64K(20480K)
[1065.414s][info][gc,heap        ] GC(3005) ParOldGen: 416303K(416768K)->416303K(416768K)
[1065.414s][info][gc,metaspace   ] GC(3005) Metaspace: 35629K(36416K)->35629K(36416K) NonClass: 26417K(27008K)->26417K(27008K) Class: 9211K(9408K)->9211K(9408K)
[1065.414s][info][gc             ] GC(3005) Pause Young (Allocation Failure) 687M->406M(710M) 1.375ms
[1065.414s][info][gc,cpu         ] GC(3005) User=0.00s Sys=0.00s Real=0.00s
[1065.721s][info][gc,start       ] GC(3006) Pause Young (Allocation Failure)
[1065.722s][info][gc,heap        ] GC(3006) PSYoungGen: 290368K(310784K)->64K(310272K) Eden: 290304K(290304K)->0K(290304K) From: 64K(20480K)->64K(19968K)
[1065.722s][info][gc,heap        ] GC(3006) ParOldGen: 416303K(416768K)->416303K(416768K)
[1065.722s][info][gc,metaspace   ] GC(3006) Metaspace: 35629K(36416K)->35629K(36416K) NonClass: 26417K(27008K)->26417K(27008K) Class: 9211K(9408K)->9211K(9408K)
[1065.722s][info][gc             ] GC(3006) Pause Young (Allocation Failure) 690M->406M(710M) 1.293ms
[1065.722s][info][gc,cpu         ] GC(3006) User=0.00s Sys=0.00s Real=0.00s
[1065.772s][info][gc,start       ] GC(3007) Pause Young (Allocation Failure)
[1065.774s][info][gc,heap        ] GC(3007) PSYoungGen: 290368K(310272K)->64K(312832K) Eden: 290304K(290304K)->0K(294400K) From: 64K(19968K)->64K(18432K)
[1065.774s][info][gc,heap        ] GC(3007) ParOldGen: 416303K(416768K)->416319K(416768K)
[1065.774s][info][gc,metaspace   ] GC(3007) Metaspace: 35629K(36416K)->35629K(36416K) NonClass: 26417K(27008K)->26417K(27008K) Class: 9211K(9408K)->9211K(9408K)
[1065.774s][info][gc             ] GC(3007) Pause Young (Allocation Failure) 690M->406M(712M) 1.273ms
[1065.774s][info][gc,cpu         ] GC(3007) User=0.00s Sys=0.00s Real=0.00s
[1065.835s][info][gc,start       ] GC(3008) Pause Young (Allocation Failure)
[1065.836s][info][gc,heap        ] GC(3008) PSYoungGen: 294464K(312832K)->64K(312320K) Eden: 294400K(294400K)->0K(294400K) From: 64K(18432K)->64K(17920K)
[1065.836s][info][gc,heap        ] GC(3008) ParOldGen: 416319K(416768K)->416319K(416768K)
[1065.836s][info][gc,metaspace   ] GC(3008) Metaspace: 35629K(36416K)->35629K(36416K) NonClass: 26417K(27008K)->26417K(27008K) Class: 9211K(9408K)->9211K(9408K)
[1065.836s][info][gc             ] GC(3008) Pause Young (Allocation Failure) 694M->406M(712M) 1.286ms
[1065.836s][info][gc,cpu         ] GC(3008) User=0.00s Sys=0.00s Real=0.00s
[1066.054s][info][gc,start       ] GC(3009) Pause Young (Allocation Failure)
[1066.055s][info][gc,heap        ] GC(3009) PSYoungGen: 294464K(312320K)->64K(314880K) Eden: 294400K(294400K)->0K(298496K) From: 64K(17920K)->64K(16384K)
[1066.055s][info][gc,heap        ] GC(3009) ParOldGen: 416319K(416768K)->416335K(416768K)
[1066.055s][info][gc,metaspace   ] GC(3009) Metaspace: 35629K(36416K)->35629K(36416K) NonClass: 26417K(27008K)->26417K(27008K) Class: 9211K(9408K)->9211K(9408K)
[1066.055s][info][gc             ] GC(3009) Pause Young (Allocation Failure) 694M->406M(714M) 1.229ms
[1066.055s][info][gc,cpu         ] GC(3009) User=0.00s Sys=0.00s Real=0.00s
[1066.263s][info][gc,start       ] GC(3010) Pause Young (Allocation Failure)
[1066.264s][info][gc,heap        ] GC(3010) PSYoungGen: 298560K(314880K)->64K(314368K) Eden: 298496K(298496K)->0K(298496K) From: 64K(16384K)->64K(15872K)
[1066.264s][info][gc,heap        ] GC(3010) ParOldGen: 416335K(416768K)->416335K(416768K)
[1066.264s][info][gc,metaspace   ] GC(3010) Metaspace: 35629K(36416K)->35629K(36416K) NonClass: 26417K(27008K)->26417K(27008K) Class: 9211K(9408K)->9211K(9408K)
[1066.264s][info][gc             ] GC(3010) Pause Young (Allocation Failure) 698M->406M(714M) 1.346ms
[1066.264s][info][gc,cpu         ] GC(3010) User=0.01s Sys=0.00s Real=0.00s
[1066.345s][info][gc,start       ] GC(3011) Pause Young (Allocation Failure)
[1066.346s][info][gc,heap        ] GC(3011) PSYoungGen: 298560K(314368K)->64K(316928K) Eden: 298496K(298496K)->0K(302080K) From: 64K(15872K)->64K(14848K)
[1066.346s][info][gc,heap        ] GC(3011) ParOldGen: 416335K(416768K)->416351K(416768K)
[1066.346s][info][gc,metaspace   ] GC(3011) Metaspace: 35629K(36416K)->35629K(36416K) NonClass: 26417K(27008K)->26417K(27008K) Class: 9211K(9408K)->9211K(9408K)
[1066.346s][info][gc             ] GC(3011) Pause Young (Allocation Failure) 698M->406M(716M) 1.258ms
[1066.346s][info][gc,cpu         ] GC(3011) User=0.00s Sys=0.00s Real=0.00s
[1066.487s][info][gc,start       ] GC(3012) Pause Young (Allocation Failure)
[1066.488s][info][gc,heap        ] GC(3012) PSYoungGen: 302144K(316928K)->64K(316416K) Eden: 302080K(302080K)->0K(302080K) From: 64K(14848K)->64K(14336K)
[1066.488s][info][gc,heap        ] GC(3012) ParOldGen: 416351K(416768K)->416351K(416768K)
[1066.488s][info][gc,metaspace   ] GC(3012) Metaspace: 35629K(36416K)->35629K(36416K) NonClass: 26417K(27008K)->26417K(27008K) Class: 9211K(9408K)->9211K(9408K)
[1066.488s][info][gc             ] GC(3012) Pause Young (Allocation Failure) 701M->406M(716M) 1.362ms
[1066.488s][info][gc,cpu         ] GC(3012) User=0.00s Sys=0.00s Real=0.00s
[1067.440s][info][gc,start       ] GC(3013) Pause Young (Allocation Failure)
[1067.442s][info][gc,heap        ] GC(3013) PSYoungGen: 302144K(316416K)->64K(318464K) Eden: 302080K(302080K)->0K(305664K) From: 64K(14336K)->64K(12800K)
[1067.442s][info][gc,heap        ] GC(3013) ParOldGen: 416351K(416768K)->416359K(416768K)
[1067.442s][info][gc,metaspace   ] GC(3013) Metaspace: 35629K(36416K)->35629K(36416K) NonClass: 26417K(27008K)->26417K(27008K) Class: 9211K(9408K)->9211K(9408K)
[1067.442s][info][gc             ] GC(3013) Pause Young (Allocation Failure) 701M->406M(718M) 1.451ms
[1067.442s][info][gc,cpu         ] GC(3013) User=0.00s Sys=0.00s Real=0.00s
[1068.257s][info][gc,start       ] GC(3014) Pause Young (Allocation Failure)
[1068.259s][info][gc,heap        ] GC(3014) PSYoungGen: 305728K(318464K)->64K(293888K) Eden: 305664K(305664K)->0K(293376K) From: 64K(12800K)->64K(512K)
[1068.259s][info][gc,heap        ] GC(3014) ParOldGen: 416359K(416768K)->416367K(416768K)
[1068.259s][info][gc,metaspace   ] GC(3014) Metaspace: 35629K(36416K)->35629K(36416K) NonClass: 26417K(27008K)->26417K(27008K) Class: 9211K(9408K)->9211K(9408K)
[1068.259s][info][gc             ] GC(3014) Pause Young (Allocation Failure) 705M->406M(694M) 1.422ms
[1068.259s][info][gc,cpu         ] GC(3014) User=0.00s Sys=0.00s Real=0.00s
[1068.546s][info][gc,start       ] GC(3015) Pause Young (Allocation Failure)
[1068.548s][info][gc,heap        ] GC(3015) PSYoungGen: 293440K(293888K)->64K(282112K) Eden: 293376K(293376K)->0K(281600K) From: 64K(512K)->64K(512K)
[1068.548s][info][gc,heap        ] GC(3015) ParOldGen: 416367K(416768K)->416375K(416768K)
[1068.548s][info][gc,metaspace   ] GC(3015) Metaspace: 35629K(36416K)->35629K(36416K) NonClass: 26417K(27008K)->26417K(27008K) Class: 9211K(9408K)->9211K(9408K)
[1068.548s][info][gc             ] GC(3015) Pause Young (Allocation Failure) 693M->406M(682M) 1.390ms
[1068.548s][info][gc,cpu         ] GC(3015) User=0.00s Sys=0.00s Real=0.00s
[1069.001s][info][gc,start       ] GC(3016) Pause Young (Allocation Failure)
[1069.002s][info][gc,heap        ] GC(3016) PSYoungGen: 281664K(282112K)->64K(281600K) Eden: 281600K(281600K)->0K(270848K) From: 64K(512K)->64K(10752K)
[1069.002s][info][gc,heap        ] GC(3016) ParOldGen: 416375K(416768K)->416383K(416768K)
[1069.002s][info][gc,metaspace   ] GC(3016) Metaspace: 35629K(36416K)->35629K(36416K) NonClass: 26417K(27008K)->26417K(27008K) Class: 9211K(9408K)->9211K(9408K)
[1069.002s][info][gc             ] GC(3016) Pause Young (Allocation Failure) 681M->406M(682M) 1.237ms
[1069.002s][info][gc,cpu         ] GC(3016) User=0.01s Sys=0.00s Real=0.00s
[1069.942s][info][gc,start       ] GC(3017) Pause Young (Allocation Failure)
[1069.943s][info][gc,heap        ] GC(3017) PSYoungGen: 270912K(281600K)->64K(261120K) Eden: 270848K(270848K)->0K(260608K) From: 64K(10752K)->64K(512K)
[1069.943s][info][gc,heap        ] GC(3017) ParOldGen: 416383K(416768K)->416391K(416768K)
[1069.943s][info][gc,metaspace   ] GC(3017) Metaspace: 35629K(36416K)->35629K(36416K) NonClass: 26417K(27008K)->26417K(27008K) Class: 9211K(9408K)->9211K(9408K)
[1069.943s][info][gc             ] GC(3017) Pause Young (Allocation Failure) 671M->406M(662M) 1.885ms
[1069.943s][info][gc,cpu         ] GC(3017) User=0.00s Sys=0.00s Real=0.01s
[1070.312s][info][gc,start       ] GC(3018) Pause Young (Allocation Failure)
[1070.313s][info][gc,heap        ] GC(3018) PSYoungGen: 260672K(261120K)->64K(260096K) Eden: 260608K(260608K)->0K(250368K) From: 64K(512K)->64K(9728K)
[1070.313s][info][gc,heap        ] GC(3018) ParOldGen: 416391K(416768K)->416399K(416768K)
[1070.313s][info][gc,metaspace   ] GC(3018) Metaspace: 35629K(36416K)->35629K(36416K) NonClass: 26417K(27008K)->26417K(27008K) Class: 9211K(9408K)->9211K(9408K)
[1070.313s][info][gc             ] GC(3018) Pause Young (Allocation Failure) 661M->406M(661M) 1.251ms
[1070.313s][info][gc,cpu         ] GC(3018) User=0.00s Sys=0.01s Real=0.01s
[1070.406s][info][gc,start       ] GC(3019) Pause Young (Allocation Failure)
[1070.409s][info][gc,heap        ] GC(3019) PSYoungGen: 250432K(260096K)->64K(241152K) Eden: 250368K(250368K)->0K(240640K) From: 64K(9728K)->64K(512K)
[1070.409s][info][gc,heap        ] GC(3019) ParOldGen: 416399K(416768K)->416415K(416768K)
[1070.409s][info][gc,metaspace   ] GC(3019) Metaspace: 35629K(36416K)->35629K(36416K) NonClass: 26417K(27008K)->26417K(27008K) Class: 9211K(9408K)->9211K(9408K)
[1070.409s][info][gc             ] GC(3019) Pause Young (Allocation Failure) 651M->406M(642M) 2.743ms
[1070.409s][info][gc,cpu         ] GC(3019) User=0.01s Sys=0.00s Real=0.00s
[1070.985s][info][gc,start       ] GC(3020) Pause Young (Allocation Failure)
[1070.987s][info][gc,heap        ] GC(3020) PSYoungGen: 240704K(241152K)->64K(239616K) Eden: 240640K(240640K)->0K(231424K) From: 64K(512K)->64K(8192K)
[1070.987s][info][gc,heap        ] GC(3020) ParOldGen: 416415K(416768K)->416423K(416768K)
[1070.987s][info][gc,metaspace   ] GC(3020) Metaspace: 35629K(36416K)->35629K(36416K) NonClass: 26417K(27008K)->26417K(27008K) Class: 9211K(9408K)->9211K(9408K)
[1070.987s][info][gc             ] GC(3020) Pause Young (Allocation Failure) 641M->406M(641M) 1.837ms
[1070.987s][info][gc,cpu         ] GC(3020) User=0.00s Sys=0.00s Real=0.00s
[1071.194s][info][gc,start       ] GC(3021) Pause Young (Allocation Failure)
[1071.195s][info][gc,heap        ] GC(3021) PSYoungGen: 231487K(239616K)->64K(223232K) Eden: 231423K(231424K)->0K(222720K) From: 64K(8192K)->64K(512K)
[1071.195s][info][gc,heap        ] GC(3021) ParOldGen: 416423K(416768K)->416431K(416768K)
[1071.195s][info][gc,metaspace   ] GC(3021) Metaspace: 35629K(36416K)->35629K(36416K) NonClass: 26417K(27008K)->26417K(27008K) Class: 9211K(9408K)->9211K(9408K)
[1071.195s][info][gc             ] GC(3021) Pause Young (Allocation Failure) 632M->406M(625M) 1.726ms
[1071.195s][info][gc,cpu         ] GC(3021) User=0.00s Sys=0.00s Real=0.00s
[1071.489s][info][gc,start       ] GC(3022) Pause Young (Allocation Failure)
[1071.525s][info][gc,heap        ] GC(3022) PSYoungGen: 222784K(223232K)->7168K(273408K) Eden: 222720K(222720K)->0K(266240K) From: 64K(512K)->7168K(7168K)
[1071.525s][info][gc,heap        ] GC(3022) ParOldGen: 416431K(416768K)->427959K(428032K)
[1071.525s][info][gc,metaspace   ] GC(3022) Metaspace: 35629K(36416K)->35629K(36416K) NonClass: 26417K(27008K)->26417K(27008K) Class: 9211K(9408K)->9211K(9408K)
[1071.525s][info][gc             ] GC(3022) Pause Young (Allocation Failure) 624M->424M(685M) 35.709ms
[1071.525s][info][gc,cpu         ] GC(3022) User=0.06s Sys=0.01s Real=0.04s
[1071.838s][info][gc,start       ] GC(3023) Pause Young (Allocation Failure)
[1071.902s][info][gc,heap        ] GC(3023) PSYoungGen: 273408K(273408K)->13312K(270336K) Eden: 266240K(266240K)->0K(257024K) From: 7168K(7168K)->13312K(13312K)
[1071.902s][info][gc,heap        ] GC(3023) ParOldGen: 427959K(428032K)->444999K(445440K)
[1071.902s][info][gc,metaspace   ] GC(3023) Metaspace: 35629K(36416K)->35629K(36416K) NonClass: 26417K(27008K)->26417K(27008K) Class: 9211K(9408K)->9211K(9408K)
[1071.902s][info][gc             ] GC(3023) Pause Young (Allocation Failure) 684M->447M(699M) 63.953ms
[1071.902s][info][gc,cpu         ] GC(3023) User=0.11s Sys=0.02s Real=0.07s
[1072.084s][info][gc,start       ] GC(3024) Pause Young (Allocation Failure)
[1072.109s][info][gc,heap        ] GC(3024) PSYoungGen: 270336K(270336K)->13920K(279552K) Eden: 257024K(257024K)->0K(257024K) From: 13312K(13312K)->13920K(22528K)
[1072.109s][info][gc,heap        ] GC(3024) ParOldGen: 444999K(445440K)->445463K(445952K)
[1072.109s][info][gc,metaspace   ] GC(3024) Metaspace: 35629K(36416K)->35629K(36416K) NonClass: 26417K(27008K)->26417K(27008K) Class: 9211K(9408K)->9211K(9408K)
[1072.109s][info][gc             ] GC(3024) Pause Young (Allocation Failure) 698M->448M(708M) 25.434ms
[1072.109s][info][gc,cpu         ] GC(3024) User=0.05s Sys=0.00s Real=0.02s
[1072.413s][info][gc,start       ] GC(3025) Pause Young (Allocation Failure)
[1072.414s][info][gc,heap        ] GC(3025) PSYoungGen: 270944K(279552K)->64K(310272K) Eden: 257024K(257024K)->0K(286720K) From: 13920K(22528K)->64K(23552K)
[1072.414s][info][gc,heap        ] GC(3025) ParOldGen: 445463K(445952K)->445471K(445952K)
[1072.414s][info][gc,metaspace   ] GC(3025) Metaspace: 35629K(36416K)->35629K(36416K) NonClass: 26417K(27008K)->26417K(27008K) Class: 9211K(9408K)->9211K(9408K)
[1072.414s][info][gc             ] GC(3025) Pause Young (Allocation Failure) 699M->435M(738M) 1.623ms
[1072.414s][info][gc,cpu         ] GC(3025) User=0.00s Sys=0.00s Real=0.00s
[1073.018s][info][gc,start       ] GC(3026) Pause Young (Allocation Failure)
[1073.020s][info][gc,heap        ] GC(3026) PSYoungGen: 286784K(310272K)->64K(309760K) Eden: 286720K(286720K)->0K(286720K) From: 64K(23552K)->64K(23040K)
[1073.020s][info][gc,heap        ] GC(3026) ParOldGen: 445471K(445952K)->445479K(445952K)
[1073.020s][info][gc,metaspace   ] GC(3026) Metaspace: 35629K(36416K)->35629K(36416K) NonClass: 26417K(27008K)->26417K(27008K) Class: 9211K(9408K)->9211K(9408K)
[1073.020s][info][gc             ] GC(3026) Pause Young (Allocation Failure) 715M->435M(738M) 1.601ms
[1073.020s][info][gc,cpu         ] GC(3026) User=0.00s Sys=0.00s Real=0.00s
[1073.466s][info][gc,start       ] GC(3027) Pause Young (Allocation Failure)
[1073.468s][info][gc,heap        ] GC(3027) PSYoungGen: 286784K(309760K)->64K(309760K) Eden: 286720K(286720K)->0K(288256K) From: 64K(23040K)->64K(21504K)
[1073.468s][info][gc,heap        ] GC(3027) ParOldGen: 445479K(445952K)->445495K(445952K)
[1073.468s][info][gc,metaspace   ] GC(3027) Metaspace: 35629K(36416K)->35629K(36416K) NonClass: 26417K(27008K)->26417K(27008K) Class: 9211K(9408K)->9211K(9408K)
[1073.468s][info][gc             ] GC(3027) Pause Young (Allocation Failure) 715M->435M(738M) 1.538ms
[1073.468s][info][gc,cpu         ] GC(3027) User=0.01s Sys=0.00s Real=0.00s
[1073.674s][info][gc,start       ] GC(3028) Pause Young (Allocation Failure)
[1073.675s][info][gc,heap        ] GC(3028) PSYoungGen: 288320K(309760K)->64K(309760K) Eden: 288256K(288256K)->0K(288256K) From: 64K(21504K)->64K(21504K)
[1073.675s][info][gc,heap        ] GC(3028) ParOldGen: 445495K(445952K)->445511K(445952K)
[1073.675s][info][gc,metaspace   ] GC(3028) Metaspace: 35629K(36416K)->35629K(36416K) NonClass: 26417K(27008K)->26417K(27008K) Class: 9211K(9408K)->9211K(9408K)
[1073.675s][info][gc             ] GC(3028) Pause Young (Allocation Failure) 716M->435M(738M) 1.459ms
[1073.675s][info][gc,cpu         ] GC(3028) User=0.00s Sys=0.00s Real=0.00s
[1073.883s][info][gc,start       ] GC(3029) Pause Young (Allocation Failure)
[1073.884s][info][gc,heap        ] GC(3029) PSYoungGen: 288320K(309760K)->64K(311296K) Eden: 288256K(288256K)->0K(291840K) From: 64K(21504K)->64K(19456K)
[1073.884s][info][gc,heap        ] GC(3029) ParOldGen: 445511K(445952K)->445511K(445952K)
[1073.884s][info][gc,metaspace   ] GC(3029) Metaspace: 35629K(36416K)->35629K(36416K) NonClass: 26417K(27008K)->26417K(27008K) Class: 9211K(9408K)->9211K(9408K)
[1073.884s][info][gc             ] GC(3029) Pause Young (Allocation Failure) 716M->435M(739M) 1.381ms
[1073.884s][info][gc,cpu         ] GC(3029) User=0.00s Sys=0.00s Real=0.00s
[1074.185s][info][gc,start       ] GC(3030) Pause Young (Allocation Failure)
[1074.186s][info][gc,heap        ] GC(3030) PSYoungGen: 291904K(311296K)->64K(311296K) Eden: 291840K(291840K)->0K(291840K) From: 64K(19456K)->64K(19456K)
[1074.186s][info][gc,heap        ] GC(3030) ParOldGen: 445511K(445952K)->445511K(445952K)
[1074.186s][info][gc,metaspace   ] GC(3030) Metaspace: 35629K(36416K)->35629K(36416K) NonClass: 26417K(27008K)->26417K(27008K) Class: 9211K(9408K)->9211K(9408K)
[1074.186s][info][gc             ] GC(3030) Pause Young (Allocation Failure) 720M->435M(739M) 1.411ms
[1074.186s][info][gc,cpu         ] GC(3030) User=0.00s Sys=0.00s Real=0.00s
[1074.237s][info][gc,start       ] GC(3031) Pause Young (Allocation Failure)
[1074.239s][info][gc,heap        ] GC(3031) PSYoungGen: 291904K(311296K)->64K(312832K) Eden: 291840K(291840K)->0K(295424K) From: 64K(19456K)->64K(17408K)
[1074.239s][info][gc,heap        ] GC(3031) ParOldGen: 445511K(445952K)->445527K(445952K)
[1074.239s][info][gc,metaspace   ] GC(3031) Metaspace: 35629K(36416K)->35629K(36416K) NonClass: 26417K(27008K)->26417K(27008K) Class: 9211K(9408K)->9211K(9408K)
[1074.239s][info][gc             ] GC(3031) Pause Young (Allocation Failure) 720M->435M(741M) 1.336ms
[1074.239s][info][gc,cpu         ] GC(3031) User=0.01s Sys=0.00s Real=0.00s
[1074.310s][info][gc,start       ] GC(3032) Pause Young (Allocation Failure)
[1074.311s][info][gc,heap        ] GC(3032) PSYoungGen: 295488K(312832K)->64K(313344K) Eden: 295424K(295424K)->0K(295424K) From: 64K(17408K)->64K(17920K)
[1074.311s][info][gc,heap        ] GC(3032) ParOldGen: 445527K(445952K)->445527K(445952K)
[1074.311s][info][gc,metaspace   ] GC(3032) Metaspace: 35629K(36416K)->35629K(36416K) NonClass: 26417K(27008K)->26417K(27008K) Class: 9211K(9408K)->9211K(9408K)
[1074.311s][info][gc             ] GC(3032) Pause Young (Allocation Failure) 723M->435M(741M) 1.447ms
[1074.311s][info][gc,cpu         ] GC(3032) User=0.00s Sys=0.00s Real=0.00s
[1074.530s][info][gc,start       ] GC(3033) Pause Young (Allocation Failure)
[1074.531s][info][gc,heap        ] GC(3033) PSYoungGen: 295488K(313344K)->64K(314368K) Eden: 295424K(295424K)->0K(299008K) From: 64K(17920K)->64K(15360K)
[1074.531s][info][gc,heap        ] GC(3033) ParOldGen: 445527K(445952K)->445543K(445952K)
[1074.531s][info][gc,metaspace   ] GC(3033) Metaspace: 35629K(36416K)->35629K(36416K) NonClass: 26417K(27008K)->26417K(27008K) Class: 9211K(9408K)->9211K(9408K)
[1074.531s][info][gc             ] GC(3033) Pause Young (Allocation Failure) 723M->435M(742M) 1.413ms
[1074.531s][info][gc,cpu         ] GC(3033) User=0.00s Sys=0.00s Real=0.00s
[1074.730s][info][gc,start       ] GC(3034) Pause Young (Allocation Failure)
[1074.731s][info][gc,heap        ] GC(3034) PSYoungGen: 299072K(314368K)->64K(314880K) Eden: 299008K(299008K)->0K(299008K) From: 64K(15360K)->64K(15872K)
[1074.731s][info][gc,heap        ] GC(3034) ParOldGen: 445543K(445952K)->445543K(445952K)
[1074.731s][info][gc,metaspace   ] GC(3034) Metaspace: 35629K(36416K)->35629K(36416K) NonClass: 26417K(27008K)->26417K(27008K) Class: 9211K(9408K)->9211K(9408K)
[1074.731s][info][gc             ] GC(3034) Pause Young (Allocation Failure) 727M->435M(743M) 1.411ms
[1074.731s][info][gc,cpu         ] GC(3034) User=0.00s Sys=0.00s Real=0.00s
[1074.812s][info][gc,start       ] GC(3035) Pause Young (Allocation Failure)
[1074.813s][info][gc,heap        ] GC(3035) PSYoungGen: 299072K(314880K)->64K(316416K) Eden: 299008K(299008K)->0K(303104K) From: 64K(15872K)->64K(13312K)
[1074.813s][info][gc,heap        ] GC(3035) ParOldGen: 445543K(445952K)->445559K(445952K)
[1074.813s][info][gc,metaspace   ] GC(3035) Metaspace: 35629K(36416K)->35629K(36416K) NonClass: 26417K(27008K)->26417K(27008K) Class: 9211K(9408K)->9211K(9408K)
[1074.813s][info][gc             ] GC(3035) Pause Young (Allocation Failure) 727M->435M(744M) 1.355ms
[1074.813s][info][gc,cpu         ] GC(3035) User=0.00s Sys=0.00s Real=0.01s
[1074.962s][info][gc,start       ] GC(3036) Pause Young (Allocation Failure)
[1074.964s][info][gc,heap        ] GC(3036) PSYoungGen: 303168K(316416K)->64K(316928K) Eden: 303104K(303104K)->0K(303104K) From: 64K(13312K)->64K(13824K)
[1074.964s][info][gc,heap        ] GC(3036) ParOldGen: 445559K(445952K)->445559K(445952K)
[1074.964s][info][gc,metaspace   ] GC(3036) Metaspace: 35629K(36416K)->35629K(36416K) NonClass: 26417K(27008K)->26417K(27008K) Class: 9211K(9408K)->9211K(9408K)
[1074.964s][info][gc             ] GC(3036) Pause Young (Allocation Failure) 731M->435M(745M) 1.454ms
[1074.964s][info][gc,cpu         ] GC(3036) User=0.01s Sys=0.00s Real=0.00s
[1075.902s][info][gc,start       ] GC(3037) Pause Young (Allocation Failure)
[1075.904s][info][gc,heap        ] GC(3037) PSYoungGen: 303168K(316928K)->83K(317952K) Eden: 303104K(303104K)->0K(306688K) From: 64K(13824K)->83K(11264K)
[1075.904s][info][gc,heap        ] GC(3037) ParOldGen: 445559K(445952K)->445567K(445952K)
[1075.904s][info][gc,metaspace   ] GC(3037) Metaspace: 35629K(36416K)->35629K(36416K) NonClass: 26417K(27008K)->26417K(27008K) Class: 9211K(9408K)->9211K(9408K)
[1075.904s][info][gc             ] GC(3037) Pause Young (Allocation Failure) 731M->435M(746M) 1.501ms
[1075.904s][info][gc,cpu         ] GC(3037) User=0.01s Sys=0.00s Real=0.00s
[1076.725s][info][gc,start       ] GC(3038) Pause Young (Allocation Failure)
[1076.726s][info][gc,heap        ] GC(3038) PSYoungGen: 306771K(317952K)->64K(294912K) Eden: 306688K(306688K)->0K(294400K) From: 83K(11264K)->64K(512K)
[1076.726s][info][gc,heap        ] GC(3038) ParOldGen: 445567K(445952K)->445575K(445952K)
[1076.726s][info][gc,metaspace   ] GC(3038) Metaspace: 35629K(36416K)->35629K(36416K) NonClass: 26417K(27008K)->26417K(27008K) Class: 9211K(9408K)->9211K(9408K)
[1076.726s][info][gc             ] GC(3038) Pause Young (Allocation Failure) 734M->435M(723M) 1.991ms
[1076.727s][info][gc,cpu         ] GC(3038) User=0.00s Sys=0.00s Real=0.00s
[1077.054s][info][gc,start       ] GC(3039) Pause Young (Allocation Failure)
[1077.055s][info][gc,heap        ] GC(3039) PSYoungGen: 294464K(294912K)->64K(283136K) Eden: 294400K(294400K)->0K(282624K) From: 64K(512K)->64K(512K)
[1077.055s][info][gc,heap        ] GC(3039) ParOldGen: 445575K(445952K)->445583K(445952K)
[1077.055s][info][gc,metaspace   ] GC(3039) Metaspace: 35629K(36416K)->35629K(36416K) NonClass: 26417K(27008K)->26417K(27008K) Class: 9211K(9408K)->9211K(9408K)
[1077.055s][info][gc             ] GC(3039) Pause Young (Allocation Failure) 722M->435M(712M) 1.467ms
[1077.055s][info][gc,cpu         ] GC(3039) User=0.00s Sys=0.00s Real=0.00s
[1077.906s][info][gc,start       ] GC(3040) Pause Young (Allocation Failure)
[1077.908s][info][gc,heap        ] GC(3040) PSYoungGen: 282688K(283136K)->64K(282112K) Eden: 282624K(282624K)->0K(271360K) From: 64K(512K)->64K(10752K)
[1077.908s][info][gc,heap        ] GC(3040) ParOldGen: 445583K(445952K)->445591K(445952K)
[1077.908s][info][gc,metaspace   ] GC(3040) Metaspace: 35629K(36416K)->35629K(36416K) NonClass: 26417K(27008K)->26417K(27008K) Class: 9211K(9408K)->9211K(9408K)
[1077.908s][info][gc             ] GC(3040) Pause Young (Allocation Failure) 711M->435M(711M) 1.380ms
[1077.908s][info][gc,cpu         ] GC(3040) User=0.00s Sys=0.00s Real=0.00s
[1078.560s][info][gc,start       ] GC(3041) Pause Young (Allocation Failure)
[1078.562s][info][gc,heap        ] GC(3041) PSYoungGen: 271424K(282112K)->64K(261120K) Eden: 271360K(271360K)->0K(260608K) From: 64K(10752K)->64K(512K)
[1078.562s][info][gc,heap        ] GC(3041) ParOldGen: 445591K(445952K)->445599K(445952K)
[1078.562s][info][gc,metaspace   ] GC(3041) Metaspace: 35629K(36416K)->35629K(36416K) NonClass: 26417K(27008K)->26417K(27008K) Class: 9211K(9408K)->9211K(9408K)
[1078.562s][info][gc             ] GC(3041) Pause Young (Allocation Failure) 700M->435M(690M) 1.933ms
[1078.562s][info][gc,cpu         ] GC(3041) User=0.01s Sys=0.00s Real=0.00s
[1078.764s][info][gc,start       ] GC(3042) Pause Young (Allocation Failure)
[1078.766s][info][gc,heap        ] GC(3042) PSYoungGen: 260672K(261120K)->64K(259584K) Eden: 260608K(260608K)->0K(250368K) From: 64K(512K)->64K(9216K)
[1078.766s][info][gc,heap        ] GC(3042) ParOldGen: 445599K(445952K)->445607K(445952K)
[1078.766s][info][gc,metaspace   ] GC(3042) Metaspace: 35629K(36416K)->35629K(36416K) NonClass: 26417K(27008K)->26417K(27008K) Class: 9211K(9408K)->9211K(9408K)
[1078.766s][info][gc             ] GC(3042) Pause Young (Allocation Failure) 689M->435M(689M) 1.399ms
[1078.766s][info][gc,cpu         ] GC(3042) User=0.00s Sys=0.00s Real=0.00s
[1078.896s][info][gc,start       ] GC(3043) Pause Young (Allocation Failure)
[1078.898s][info][gc,heap        ] GC(3043) PSYoungGen: 250432K(259584K)->64K(241152K) Eden: 250368K(250368K)->0K(240640K) From: 64K(9216K)->64K(512K)
[1078.898s][info][gc,heap        ] GC(3043) ParOldGen: 445607K(445952K)->445615K(445952K)
[1078.898s][info][gc,metaspace   ] GC(3043) Metaspace: 35629K(36416K)->35629K(36416K) NonClass: 26417K(27008K)->26417K(27008K) Class: 9211K(9408K)->9211K(9408K)
[1078.898s][info][gc             ] GC(3043) Pause Young (Allocation Failure) 679M->435M(671M) 1.812ms
[1078.898s][info][gc,cpu         ] GC(3043) User=0.00s Sys=0.00s Real=0.00s
[1079.437s][info][gc,start       ] GC(3044) Pause Young (Allocation Failure)
[1079.439s][info][gc,heap        ] GC(3044) PSYoungGen: 240704K(241152K)->64K(239616K) Eden: 240640K(240640K)->0K(231424K) From: 64K(512K)->64K(8192K)
[1079.439s][info][gc,heap        ] GC(3044) ParOldGen: 445615K(445952K)->445623K(445952K)
[1079.439s][info][gc,metaspace   ] GC(3044) Metaspace: 35629K(36416K)->35629K(36416K) NonClass: 26417K(27008K)->26417K(27008K) Class: 9211K(9408K)->9211K(9408K)
[1079.439s][info][gc             ] GC(3044) Pause Young (Allocation Failure) 670M->435M(669M) 1.443ms
[1079.439s][info][gc,cpu         ] GC(3044) User=0.00s Sys=0.00s Real=0.00s
[1079.684s][info][gc,start       ] GC(3045) Pause Young (Allocation Failure)
[1079.686s][info][gc,heap        ] GC(3045) PSYoungGen: 231487K(239616K)->64K(223232K) Eden: 231423K(231424K)->0K(222720K) From: 64K(8192K)->64K(512K)
[1079.686s][info][gc,heap        ] GC(3045) ParOldGen: 445623K(445952K)->445631K(445952K)
[1079.686s][info][gc,metaspace   ] GC(3045) Metaspace: 35629K(36416K)->35629K(36416K) NonClass: 26417K(27008K)->26417K(27008K) Class: 9211K(9408K)->9211K(9408K)
[1079.686s][info][gc             ] GC(3045) Pause Young (Allocation Failure) 661M->435M(653M) 2.069ms
[1079.686s][info][gc,cpu         ] GC(3045) User=0.01s Sys=0.00s Real=0.00s
[1079.972s][info][gc,start       ] GC(3046) Pause Young (Allocation Failure)
[1080.013s][info][gc,heap        ] GC(3046) PSYoungGen: 222784K(223232K)->7168K(273408K) Eden: 222720K(222720K)->0K(266240K) From: 64K(512K)->7168K(7168K)
[1080.013s][info][gc,heap        ] GC(3046) ParOldGen: 445631K(445952K)->459959K(460288K)
[1080.013s][info][gc,metaspace   ] GC(3046) Metaspace: 35629K(36416K)->35629K(36416K) NonClass: 26417K(27008K)->26417K(27008K) Class: 9211K(9408K)->9211K(9408K)
[1080.013s][info][gc             ] GC(3046) Pause Young (Allocation Failure) 652M->456M(716M) 41.279ms
[1080.013s][info][gc,cpu         ] GC(3046) User=0.07s Sys=0.02s Real=0.05s
[1080.322s][info][gc,start       ] GC(3047) Pause Young (Allocation Failure)
[1080.387s][info][gc,heap        ] GC(3047) PSYoungGen: 273408K(273408K)->14336K(271872K) Eden: 266240K(266240K)->0K(257536K) From: 7168K(7168K)->14336K(14336K)
[1080.387s][info][gc,heap        ] GC(3047) ParOldGen: 459959K(460288K)->476047K(476160K)
[1080.387s][info][gc,metaspace   ] GC(3047) Metaspace: 35629K(36416K)->35629K(36416K) NonClass: 26417K(27008K)->26417K(27008K) Class: 9211K(9408K)->9211K(9408K)
[1080.387s][info][gc             ] GC(3047) Pause Young (Allocation Failure) 716M->478M(730M) 64.803ms
[1080.387s][info][gc,cpu         ] GC(3047) User=0.11s Sys=0.02s Real=0.06s
[1080.545s][info][gc,start       ] GC(3048) Pause Young (Allocation Failure)
[1080.566s][info][gc,heap        ] GC(3048) PSYoungGen: 271872K(271872K)->11136K(280576K) Eden: 257536K(257536K)->0K(257536K) From: 14336K(14336K)->11136K(23040K)
[1080.566s][info][gc,heap        ] GC(3048) ParOldGen: 476047K(476160K)->476479K(476672K)
[1080.566s][info][gc,metaspace   ] GC(3048) Metaspace: 35629K(36416K)->35629K(36416K) NonClass: 26417K(27008K)->26417K(27008K) Class: 9211K(9408K)->9211K(9408K)
[1080.566s][info][gc             ] GC(3048) Pause Young (Allocation Failure) 730M->476M(739M) 21.137ms
[1080.566s][info][gc,cpu         ] GC(3048) User=0.04s Sys=0.00s Real=0.02s
[1080.920s][info][gc,start       ] GC(3049) Pause Young (Allocation Failure)
[1080.922s][info][gc,heap        ] GC(3049) PSYoungGen: 268672K(280576K)->64K(310272K) Eden: 257536K(257536K)->0K(287232K) From: 11136K(23040K)->64K(23040K)
[1080.922s][info][gc,heap        ] GC(3049) ParOldGen: 476479K(476672K)->476487K(476672K)
[1080.922s][info][gc,metaspace   ] GC(3049) Metaspace: 35629K(36416K)->35629K(36416K) NonClass: 26417K(27008K)->26417K(27008K) Class: 9211K(9408K)->9211K(9408K)
[1080.922s][info][gc             ] GC(3049) Pause Young (Allocation Failure) 727M->465M(768M) 1.617ms
[1080.922s][info][gc,cpu         ] GC(3049) User=0.00s Sys=0.00s Real=0.00s
[1081.495s][info][gc,start       ] GC(3050) Pause Young (Allocation Failure)
[1081.497s][info][gc,heap        ] GC(3050) PSYoungGen: 287296K(310272K)->64K(287744K) Eden: 287232K(287232K)->0K(287232K) From: 64K(23040K)->64K(512K)
[1081.497s][info][gc,heap        ] GC(3050) ParOldGen: 476487K(476672K)->476495K(476672K)
[1081.497s][info][gc,metaspace   ] GC(3050) Metaspace: 35629K(36416K)->35629K(36416K) NonClass: 26417K(27008K)->26417K(27008K) Class: 9211K(9408K)->9211K(9408K)
[1081.497s][info][gc             ] GC(3050) Pause Young (Allocation Failure) 745M->465M(746M) 1.588ms
[1081.497s][info][gc,cpu         ] GC(3050) User=0.00s Sys=0.00s Real=0.00s
[1081.928s][info][gc,start       ] GC(3051) Pause Young (Allocation Failure)
[1081.929s][info][gc,heap        ] GC(3051) PSYoungGen: 287296K(287744K)->64K(310272K) Eden: 287232K(287232K)->0K(288256K) From: 64K(512K)->64K(22016K)
[1081.930s][info][gc,heap        ] GC(3051) ParOldGen: 476495K(476672K)->476511K(476672K)
[1081.930s][info][gc,metaspace   ] GC(3051) Metaspace: 35629K(36416K)->35629K(36416K) NonClass: 26417K(27008K)->26417K(27008K) Class: 9211K(9408K)->9211K(9408K)
[1081.930s][info][gc             ] GC(3051) Pause Young (Allocation Failure) 745M->465M(768M) 1.603ms
[1081.930s][info][gc,cpu         ] GC(3051) User=0.01s Sys=0.00s Real=0.00s
[1082.136s][info][gc,start       ] GC(3052) Pause Young (Allocation Failure)
[1082.137s][info][gc,heap        ] GC(3052) PSYoungGen: 288320K(310272K)->32K(309760K) Eden: 288256K(288256K)->0K(288256K) From: 64K(22016K)->32K(21504K)
