[0.002s][info][metaspace]  - commit_granule_bytes: 65536.
[0.002s][info][metaspace]  - commit_granule_words: 8192.
[0.002s][info][metaspace]  - virtual_space_node_default_size: 8388608.
[0.002s][info][metaspace]  - enlarge_chunks_in_place: 1.
[0.004s][info][gc,init  ] CardTable entry size: 512
[0.004s][info][gc       ] Using Parallel
[0.005s][info][gc,init  ] Version: 24-internal-adhoc.root.jdk (release)
[0.005s][info][gc,init  ] CPUs: 2 total, 2 available
[0.005s][info][gc,init  ] Memory: 3908M
[0.005s][info][gc,init  ] Large Page Support: Disabled
[0.005s][info][gc,init  ] NUMA Support: Disabled
[0.005s][info][gc,init  ] Compressed Oops: Enabled (32-bit)
[0.005s][info][gc,init  ] Alignments: Space 512K, Generation 512K, Heap 2M
[0.005s][info][gc,init  ] Heap Min Capacity: 256M
[0.005s][info][gc,init  ] Heap Initial Capacity: 256M
[0.005s][info][gc,init  ] Heap Max Capacity: 978M
[0.005s][info][gc,init  ] Pre-touch: Disabled
[0.005s][info][gc,init  ] Parallel Workers: 2
[0.019s][info][gc,metaspace] CDS archive(s) mapped at: [0x00007fa5ae000000-0x00007fa5aee7b000-0x00007fa5aee7b000), size 15183872, SharedBaseAddress: 0x00007fa5ae000000, ArchiveRelocationMode: 1.
[0.019s][info][gc,metaspace] Compressed class space mapped at: 0x00007fa5af000000-0x00007fa5ef000000, reserved size: 1073741824
[0.019s][info][gc,metaspace] UseCompressedClassPointers 1, UseCompactObjectHeaders 1
[0.019s][info][gc,metaspace] Narrow klass pointer bits 22, Max shift 10
[0.019s][info][gc,metaspace] Narrow klass base: 0x00007fa5ae000000, Narrow klass shift: 10
[0.019s][info][gc,metaspace] Encoding Range: [0x00007fa5ae000000 - 0x00007fa6ae000000), (4294967296 bytes)
[0.019s][info][gc,metaspace] Klass Range:    [0x00007fa5ae000000 - 0x00007fa5ef000000), (1090519040 bytes)
[0.019s][info][gc,metaspace] Klass ID Range:  [1 - 1064960) (1064959)
[1.210s][info][gc,start    ] GC(0) Pause Young (GCLocker Initiated GC)
[1.220s][info][gc,heap     ] GC(0) PSYoungGen: 65536K(76288K)->8326K(76288K) Eden: 65536K(65536K)->0K(65536K) From: 0K(10752K)->8326K(10752K)
[1.220s][info][gc,heap     ] GC(0) ParOldGen: 1214K(175104K)->1222K(175104K)
[1.220s][info][gc,metaspace] GC(0) Metaspace: 8985K(9152K)->8985K(9152K) NonClass: 7787K(7872K)->7787K(7872K) Class: 1197K(1280K)->1197K(1280K)
[1.220s][info][gc          ] GC(0) Pause Young (GCLocker Initiated GC) 65M->9M(245M) 9.681ms
[1.220s][info][gc,cpu      ] GC(0) User=0.01s Sys=0.00s Real=0.01s
[1.886s][info][metaspace   ] ChkMgr @0x00007fa60c03ef70 (class-space): failed to commit 183 words on chunk @0x00007fa560321f60, f, base 0x00007fa5af2f0000, level lv10.
[1.886s][info][metaspace   ] Arena @0x00007fa60c2a4a10 (class arena): failed to allocate new chunk for requested word size 183.
[1.886s][info][metaspace   ] Arena @0x00007fa60c2a4a10 (class arena): allocation failed, returned null.
[1.886s][info][metaspace   ] ChkMgr @0x00007fa60c03ef70 (class-space): failed to commit 183 words on chunk @0x00007fa560321f60, f, base 0x00007fa5af2f0000, level lv10.
[1.886s][info][metaspace   ] Arena @0x00007fa60c2a4a10 (class arena): failed to allocate new chunk for requested word size 183.
[1.886s][info][metaspace   ] Arena @0x00007fa60c2a4a10 (class arena): allocation failed, returned null.
[1.886s][info][metaspace   ] ChkMgr @0x00007fa60c03ef70 (class-space): failed to commit 183 words on chunk @0x00007fa560321f60, f, base 0x00007fa5af2f0000, level lv10.
[1.886s][info][metaspace   ] Arena @0x00007fa60c2a4a10 (class arena): failed to allocate new chunk for requested word size 183.
[1.886s][info][metaspace   ] Arena @0x00007fa60c2a4a10 (class arena): allocation failed, returned null.
[1.886s][info][gc,start    ] GC(1) Pause Full (Metadata GC Threshold)
[1.886s][info][gc,phases,start] GC(1) Marking Phase
[1.898s][info][gc,phases      ] GC(1) Marking Phase 11.586ms
[1.898s][info][gc,phases,start] GC(1) Summary Phase
[1.898s][info][gc,phases      ] GC(1) Summary Phase 0.009ms
[1.898s][info][gc,phases,start] GC(1) Forward
[1.900s][info][gc,phases      ] GC(1) Forward 1.801ms
[1.900s][info][gc,phases,start] GC(1) Adjust Pointers
[1.905s][info][gc,phases      ] GC(1) Adjust Pointers 5.280ms
[1.905s][info][gc,phases,start] GC(1) Compaction Phase
[1.911s][info][gc,phases      ] GC(1) Compaction Phase 6.385ms
[1.911s][info][gc,phases,start] GC(1) Post Compact
[1.913s][info][gc,phases      ] GC(1) Post Compact 1.413ms
[1.913s][info][gc,heap        ] GC(1) PSYoungGen: 56432K(76288K)->0K(76288K) Eden: 48105K(65536K)->0K(65536K) From: 8326K(10752K)->0K(10752K)
[1.913s][info][gc,heap        ] GC(1) ParOldGen: 1222K(175104K)->10546K(175104K)
[1.913s][info][gc,metaspace   ] GC(1) Metaspace: 21367K(21504K)->21367K(21504K) NonClass: 18425K(18496K)->18425K(18496K) Class: 2941K(3008K)->2941K(3008K)
[1.913s][info][gc             ] GC(1) Pause Full (Metadata GC Threshold) 56M->10M(245M) 26.775ms
[1.913s][info][gc,cpu         ] GC(1) User=0.04s Sys=0.01s Real=0.03s
[3.020s][info][gc,start       ] GC(2) Pause Young (Allocation Failure)
[3.027s][info][gc,heap        ] GC(2) PSYoungGen: 65536K(76288K)->4048K(76288K) Eden: 65536K(65536K)->0K(65536K) From: 0K(10752K)->4048K(10752K)
[3.027s][info][gc,heap        ] GC(2) ParOldGen: 141618K(175104K)->141626K(175104K)
[3.027s][info][gc,metaspace   ] GC(2) Metaspace: 32109K(32384K)->32109K(32384K) NonClass: 27676K(27840K)->27676K(27840K) Class: 4433K(4544K)->4433K(4544K)
[3.028s][info][gc             ] GC(2) Pause Young (Allocation Failure) 202M->142M(245M) 7.853ms
[3.028s][info][gc,cpu         ] GC(2) User=0.01s Sys=0.01s Real=0.01s
[3.269s][info][metaspace      ] ChkMgr @0x00007fa60c03f160 (non-class-space): failed to commit 11 words on chunk @0x00007fa5607c9428, f, base 0x00007fa5a5e80000, level lv10.
[3.269s][info][metaspace      ] Arena @0x00007fa60c2a49c0 (non-class arena): failed to allocate new chunk for requested word size 11.
[3.269s][info][metaspace      ] Arena @0x00007fa60c2a49c0 (non-class arena): allocation failed, returned null.
[3.269s][info][metaspace      ] ChkMgr @0x00007fa60c03f160 (non-class-space): failed to commit 11 words on chunk @0x00007fa5607c9428, f, base 0x00007fa5a5e80000, level lv10.
[3.269s][info][metaspace      ] Arena @0x00007fa60c2a49c0 (non-class arena): failed to allocate new chunk for requested word size 11.
[3.269s][info][metaspace      ] Arena @0x00007fa60c2a49c0 (non-class arena): allocation failed, returned null.
[3.271s][info][metaspace      ] ChkMgr @0x00007fa60c03f160 (non-class-space): failed to commit 89 words on chunk @0x00007fa5607c9428, f, base 0x00007fa5a5e80000, level lv10.
[3.271s][info][metaspace      ] Arena @0x00007fa60c2a49c0 (non-class arena): failed to allocate new chunk for requested word size 89.
[3.271s][info][metaspace      ] Arena @0x00007fa60c2a49c0 (non-class arena): allocation failed, returned null.
[3.271s][info][metaspace      ] ChkMgr @0x00007fa60c03f160 (non-class-space): failed to commit 89 words on chunk @0x00007fa5607c9428, f, base 0x00007fa5a5e80000, level lv10.
[3.271s][info][metaspace      ] Arena @0x00007fa60c2a49c0 (non-class arena): failed to allocate new chunk for requested word size 89.
[3.271s][info][metaspace      ] Arena @0x00007fa60c2a49c0 (non-class arena): allocation failed, returned null.
[3.271s][info][metaspace      ] ChkMgr @0x00007fa60c03f160 (non-class-space): failed to commit 11 words on chunk @0x00007fa5607c9428, f, base 0x00007fa5a5e80000, level lv10.
[3.271s][info][metaspace      ] Arena @0x00007fa60c2a49c0 (non-class arena): failed to allocate new chunk for requested word size 11.
[3.271s][info][metaspace      ] Arena @0x00007fa60c2a49c0 (non-class arena): allocation failed, returned null.
[3.271s][info][gc,start       ] GC(3) Pause Full (Metadata GC Threshold)
[3.271s][info][gc,phases,start] GC(3) Marking Phase
[3.290s][info][gc,phases      ] GC(3) Marking Phase 18.563ms
[3.290s][info][gc,phases,start] GC(3) Summary Phase
[3.290s][info][gc,phases      ] GC(3) Summary Phase 0.022ms
[3.290s][info][gc,phases,start] GC(3) Forward
[3.294s][info][gc,phases      ] GC(3) Forward 4.224ms
[3.294s][info][gc,phases,start] GC(3) Adjust Pointers
[3.303s][info][gc,phases      ] GC(3) Adjust Pointers 8.676ms
[3.303s][info][gc,phases,start] GC(3) Compaction Phase
[3.331s][info][gc,phases      ] GC(3) Compaction Phase 28.584ms
[3.331s][info][gc,phases,start] GC(3) Post Compact
[3.335s][info][gc,phases      ] GC(3) Post Compact 3.193ms
[3.335s][info][gc,heap        ] GC(3) PSYoungGen: 63715K(76288K)->44077K(76288K) Eden: 59667K(65536K)->44077K(65536K) From: 4048K(10752K)->0K(10752K)
[3.335s][info][gc,heap        ] GC(3) ParOldGen: 180689K(214528K)->180500K(214528K)
[3.335s][info][gc,metaspace   ] GC(3) Metaspace: 35693K(35840K)->35693K(35840K) NonClass: 30758K(30848K)->30758K(30848K) Class: 4935K(4992K)->4935K(4992K)
[3.335s][info][gc             ] GC(3) Pause Full (Metadata GC Threshold) 238M->219M(284M) 63.656ms
[3.335s][info][gc,cpu         ] GC(3) User=0.11s Sys=0.01s Real=0.07s
[3.563s][info][gc,start       ] GC(4) Pause Young (Allocation Failure)
[3.603s][info][gc,heap        ] GC(4) PSYoungGen: 65536K(76288K)->5840K(76288K) Eden: 65536K(65536K)->0K(65536K) From: 0K(10752K)->5840K(10752K)
[3.604s][info][gc,heap        ] GC(4) ParOldGen: 180500K(214528K)->219571K(253952K)
[3.604s][info][gc,metaspace   ] GC(4) Metaspace: 39249K(39488K)->39249K(39488K) NonClass: 33793K(33920K)->33793K(33920K) Class: 5456K(5568K)->5456K(5568K)
[3.604s][info][gc             ] GC(4) Pause Young (Allocation Failure) 240M->220M(322M) 40.233ms
[3.604s][info][gc,cpu         ] GC(4) User=0.07s Sys=0.01s Real=0.04s
[4.465s][info][gc,start       ] GC(5) Pause Young (Allocation Failure)
[4.482s][info][gc,heap        ] GC(5) PSYoungGen: 71376K(76288K)->8768K(141824K) Eden: 65536K(65536K)->0K(131072K) From: 5840K(10752K)->8768K(10752K)
[4.482s][info][gc,heap        ] GC(5) ParOldGen: 219571K(253952K)->219579K(253952K)
[4.482s][info][gc,metaspace   ] GC(5) Metaspace: 50357K(50688K)->50357K(50688K) NonClass: 42853K(43072K)->42853K(43072K) Class: 7504K(7616K)->7504K(7616K)
[4.482s][info][gc             ] GC(5) Pause Young (Allocation Failure) 284M->222M(386M) 16.599ms
[4.482s][info][gc,cpu         ] GC(5) User=0.03s Sys=0.00s Real=0.01s
[6.983s][info][gc,start       ] GC(6) Pause Young (Allocation Failure)
[7.018s][info][gc,heap        ] GC(6) PSYoungGen: 139840K(141824K)->10743K(141824K) Eden: 131072K(131072K)->0K(131072K) From: 8768K(10752K)->10743K(10752K)
[7.018s][info][gc,heap        ] GC(6) ParOldGen: 219579K(253952K)->236701K(253952K)
[7.018s][info][gc,metaspace   ] GC(6) Metaspace: 54433K(54784K)->54433K(54784K) NonClass: 46224K(46464K)->46224K(46464K) Class: 8209K(8320K)->8209K(8320K)
[7.018s][info][gc             ] GC(6) Pause Young (Allocation Failure) 350M->241M(386M) 35.010ms
[7.018s][info][gc,cpu         ] GC(6) User=0.04s Sys=0.02s Real=0.03s
[7.572s][info][gc,start       ] GC(7) Pause Young (Allocation Failure)
[7.634s][info][gc,heap        ] GC(7) PSYoungGen: 141815K(141824K)->24044K(274944K) Eden: 131072K(131072K)->0K(250880K) From: 10743K(10752K)->24044K(24064K)
[7.634s][info][gc,heap        ] GC(7) ParOldGen: 236701K(253952K)->247614K(253952K)
[7.634s][info][gc,metaspace   ] GC(7) Metaspace: 54798K(55168K)->54798K(55168K) NonClass: 46589K(46848K)->46589K(46848K) Class: 8209K(8320K)->8209K(8320K)
[7.634s][info][gc             ] GC(7) Pause Young (Allocation Failure) 369M->265M(516M) 61.991ms
[7.634s][info][gc,cpu         ] GC(7) User=0.10s Sys=0.02s Real=0.07s
[8.707s][info][gc,start       ] GC(8) Pause Young (Allocation Failure)
[8.785s][info][gc,heap        ] GC(8) PSYoungGen: 274924K(274944K)->35309K(286208K) Eden: 250880K(250880K)->0K(250880K) From: 24044K(24064K)->35309K(35328K)
[8.785s][info][gc,heap        ] GC(8) ParOldGen: 247614K(253952K)->253726K(253952K)
[8.785s][info][gc,metaspace   ] GC(8) Metaspace: 55014K(55360K)->55014K(55360K) NonClass: 46804K(47040K)->46804K(47040K) Class: 8210K(8320K)->8210K(8320K)
[8.785s][info][gc             ] GC(8) Pause Young (Allocation Failure) 510M->282M(527M) 78.244ms
[8.785s][info][gc,cpu         ] GC(8) User=0.13s Sys=0.03s Real=0.08s
[9.553s][info][gc,start       ] GC(9) Pause Young (Allocation Failure)
[9.614s][info][gc,heap        ] GC(9) PSYoungGen: 286189K(286208K)->31340K(283648K) Eden: 250880K(250880K)->0K(237568K) From: 35309K(35328K)->31340K(46080K)
[9.614s][info][gc,heap        ] GC(9) ParOldGen: 253726K(253952K)->260346K(260608K)
[9.614s][info][gc,metaspace   ] GC(9) Metaspace: 55202K(55552K)->55202K(55552K) NonClass: 46978K(47232K)->46978K(47232K) Class: 8224K(8320K)->8224K(8320K)
[9.614s][info][gc             ] GC(9) Pause Young (Allocation Failure) 527M->284M(531M) 61.156ms
[9.614s][info][gc,cpu         ] GC(9) User=0.11s Sys=0.01s Real=0.07s
[10.303s][info][gc,start       ] GC(10) Pause Young (Allocation Failure)
[10.354s][info][gc,heap        ] GC(10) PSYoungGen: 268908K(283648K)->17745K(255488K) Eden: 237568K(237568K)->0K(237568K) From: 31340K(46080K)->17745K(17920K)
[10.354s][info][gc,heap        ] GC(10) ParOldGen: 260346K(260608K)->274178K(274432K)
[10.354s][info][gc,metaspace   ] GC(10) Metaspace: 55379K(55744K)->55379K(55744K) NonClass: 47155K(47424K)->47155K(47424K) Class: 8224K(8320K)->8224K(8320K)
[10.354s][info][gc             ] GC(10) Pause Young (Allocation Failure) 516M->285M(517M) 51.023ms
[10.354s][info][gc,cpu         ] GC(10) User=0.09s Sys=0.01s Real=0.06s
[11.021s][info][gc,start       ] GC(11) Pause Young (Allocation Failure)
[11.050s][info][gc,heap        ] GC(11) PSYoungGen: 255313K(255488K)->11519K(286208K) Eden: 237568K(237568K)->0K(240640K) From: 17745K(17920K)->11519K(45568K)
[11.050s][info][gc,heap        ] GC(11) ParOldGen: 274178K(274432K)->280367K(280576K)
[11.050s][info][gc,metaspace   ] GC(11) Metaspace: 55420K(55808K)->55420K(55808K) NonClass: 47196K(47488K)->47196K(47488K) Class: 8224K(8320K)->8224K(8320K)
[11.050s][info][gc             ] GC(11) Pause Young (Allocation Failure) 517M->285M(553M) 29.145ms
[11.050s][info][gc,cpu         ] GC(11) User=0.05s Sys=0.01s Real=0.03s
[11.813s][info][gc,start       ] GC(12) Pause Young (Allocation Failure)
[11.831s][info][gc,heap        ] GC(12) PSYoungGen: 252159K(286208K)->11742K(285184K) Eden: 240640K(240640K)->0K(240640K) From: 11519K(45568K)->11742K(44544K)
[11.831s][info][gc,heap        ] GC(12) ParOldGen: 280367K(280576K)->280631K(281088K)
[11.831s][info][gc,metaspace   ] GC(12) Metaspace: 55422K(55808K)->55422K(55808K) NonClass: 47198K(47488K)->47198K(47488K) Class: 8224K(8320K)->8224K(8320K)
[11.831s][info][gc             ] GC(12) Pause Young (Allocation Failure) 520M->285M(553M) 17.382ms
[11.831s][info][gc,cpu         ] GC(12) User=0.03s Sys=0.00s Real=0.01s
[12.525s][info][gc,start       ] GC(13) Pause Young (Allocation Failure)
[12.543s][info][gc,heap        ] GC(13) PSYoungGen: 252382K(285184K)->11551K(287744K) Eden: 240640K(240640K)->0K(244736K) From: 11742K(44544K)->11551K(43008K)
[12.543s][info][gc,heap        ] GC(13) ParOldGen: 280631K(281088K)->280775K(281088K)
[12.543s][info][gc,metaspace   ] GC(13) Metaspace: 55424K(55808K)->55424K(55808K) NonClass: 47200K(47488K)->47200K(47488K) Class: 8224K(8320K)->8224K(8320K)
[12.543s][info][gc             ] GC(13) Pause Young (Allocation Failure) 520M->285M(555M) 18.054ms
[12.543s][info][gc,cpu         ] GC(13) User=0.03s Sys=0.00s Real=0.02s
[13.215s][info][gc,start       ] GC(14) Pause Young (Allocation Failure)
[13.240s][info][gc,heap        ] GC(14) PSYoungGen: 256287K(287744K)->11551K(286720K) Eden: 244736K(244736K)->0K(244736K) From: 11551K(43008K)->11551K(41984K)
[13.240s][info][gc,heap        ] GC(14) ParOldGen: 280775K(281088K)->280927K(281088K)
[13.240s][info][gc,metaspace   ] GC(14) Metaspace: 55427K(55808K)->55427K(55808K) NonClass: 47203K(47488K)->47203K(47488K) Class: 8224K(8320K)->8224K(8320K)
[13.240s][info][gc             ] GC(14) Pause Young (Allocation Failure) 524M->285M(554M) 25.253ms
[13.241s][info][gc,cpu         ] GC(14) User=0.05s Sys=0.01s Real=0.02s
[13.964s][info][gc,start       ] GC(15) Pause Young (Allocation Failure)
[13.968s][info][gc,heap        ] GC(15) PSYoungGen: 256287K(286720K)->672K(288768K) Eden: 244736K(244736K)->0K(248320K) From: 11551K(41984K)->672K(40448K)
[13.968s][info][gc,heap        ] GC(15) ParOldGen: 280927K(281088K)->281055K(281088K)
[13.968s][info][gc,metaspace   ] GC(15) Metaspace: 55447K(55808K)->55447K(55808K) NonClass: 47218K(47488K)->47218K(47488K) Class: 8228K(8320K)->8228K(8320K)
[13.968s][info][gc             ] GC(15) Pause Young (Allocation Failure) 524M->275M(556M) 4.564ms
[13.968s][info][gc,cpu         ] GC(15) User=0.01s Sys=0.00s Real=0.00s
[14.581s][info][gc,start       ] GC(16) Pause Young (Allocation Failure)
[14.587s][info][gc,heap        ] GC(16) PSYoungGen: 248992K(288768K)->1567K(289280K) Eden: 248320K(248320K)->0K(248320K) From: 672K(40448K)->1567K(40960K)
[14.587s][info][gc,heap        ] GC(16) ParOldGen: 281055K(281088K)->281226K(281600K)
[14.587s][info][gc,metaspace   ] GC(16) Metaspace: 55447K(55808K)->55447K(55808K) NonClass: 47218K(47488K)->47218K(47488K) Class: 8228K(8320K)->8228K(8320K)
[14.587s][info][gc             ] GC(16) Pause Young (Allocation Failure) 517M->276M(557M) 6.122ms
[14.587s][info][gc,cpu         ] GC(16) User=0.01s Sys=0.00s Real=0.01s
[15.237s][info][gc,start       ] GC(17) Pause Young (Allocation Failure)
[15.241s][info][gc,heap        ] GC(17) PSYoungGen: 249887K(289280K)->1375K(291840K) Eden: 248320K(248320K)->0K(251904K) From: 1567K(40960K)->1375K(39936K)
[15.241s][info][gc,heap        ] GC(17) ParOldGen: 281226K(281600K)->281338K(281600K)
[15.241s][info][gc,metaspace   ] GC(17) Metaspace: 55447K(55808K)->55447K(55808K) NonClass: 47218K(47488K)->47218K(47488K) Class: 8228K(8320K)->8228K(8320K)
[15.241s][info][gc             ] GC(17) Pause Young (Allocation Failure) 518M->276M(560M) 3.418ms
[15.241s][info][gc,cpu         ] GC(17) User=0.01s Sys=0.00s Real=0.00s
[15.862s][info][gc,start       ] GC(18) Pause Young (Allocation Failure)
[15.867s][info][gc,heap        ] GC(18) PSYoungGen: 253242K(291840K)->1695K(292352K) Eden: 251867K(251904K)->0K(251904K) From: 1375K(39936K)->1695K(40448K)
[15.867s][info][gc,heap        ] GC(18) ParOldGen: 281338K(281600K)->281442K(281600K)
[15.867s][info][gc,metaspace   ] GC(18) Metaspace: 55447K(55808K)->55447K(55808K) NonClass: 47218K(47488K)->47218K(47488K) Class: 8228K(8320K)->8228K(8320K)
[15.867s][info][gc             ] GC(18) Pause Young (Allocation Failure) 522M->276M(560M) 4.920ms
[15.867s][info][gc,cpu         ] GC(18) User=0.01s Sys=0.00s Real=0.01s
[16.772s][info][gc,start       ] GC(19) Pause Young (Allocation Failure)
[16.778s][info][gc,heap        ] GC(19) PSYoungGen: 253599K(292352K)->3168K(290816K) Eden: 251904K(251904K)->0K(253952K) From: 1695K(40448K)->3168K(36864K)
[16.778s][info][gc,heap        ] GC(19) ParOldGen: 281442K(281600K)->281538K(281600K)
[16.778s][info][gc,metaspace   ] GC(19) Metaspace: 55447K(55808K)->55447K(55808K) NonClass: 47218K(47488K)->47218K(47488K) Class: 8228K(8320K)->8228K(8320K)
[16.779s][info][gc             ] GC(19) Pause Young (Allocation Failure) 522M->278M(559M) 6.186ms
[16.779s][info][gc,cpu         ] GC(19) User=0.01s Sys=0.00s Real=0.01s
[17.423s][info][gc,start       ] GC(20) Pause Young (Allocation Failure)
[17.426s][info][gc,heap        ] GC(20) PSYoungGen: 257120K(290816K)->544K(291840K) Eden: 253952K(253952K)->0K(253952K) From: 3168K(36864K)->544K(37888K)
[17.426s][info][gc,heap        ] GC(20) ParOldGen: 281538K(281600K)->281618K(282112K)
[17.426s][info][gc,metaspace   ] GC(20) Metaspace: 55447K(55808K)->55447K(55808K) NonClass: 47218K(47488K)->47218K(47488K) Class: 8228K(8320K)->8228K(8320K)
[17.426s][info][gc             ] GC(20) Pause Young (Allocation Failure) 526M->275M(560M) 2.547ms
[17.426s][info][gc,cpu         ] GC(20) User=0.01s Sys=0.00s Real=0.00s
[18.073s][info][gc,start       ] GC(21) Pause Young (Allocation Failure)
[18.078s][info][gc,heap        ] GC(21) PSYoungGen: 254496K(291840K)->1312K(293888K) Eden: 253952K(253952K)->0K(259072K) From: 544K(37888K)->1312K(34816K)
[18.078s][info][gc,heap        ] GC(21) ParOldGen: 281618K(282112K)->281706K(282112K)
[18.078s][info][gc,metaspace   ] GC(21) Metaspace: 55466K(55808K)->55466K(55808K) NonClass: 47233K(47488K)->47233K(47488K) Class: 8233K(8320K)->8233K(8320K)
[18.078s][info][gc             ] GC(21) Pause Young (Allocation Failure) 523M->276M(562M) 5.207ms
[18.078s][info][gc,cpu         ] GC(21) User=0.01s Sys=0.00s Real=0.00s
[18.741s][info][gc,start       ] GC(22) Pause Young (Allocation Failure)
[18.746s][info][gc,heap        ] GC(22) PSYoungGen: 260384K(293888K)->2240K(294912K) Eden: 259072K(259072K)->0K(259072K) From: 1312K(34816K)->2240K(35840K)
[18.746s][info][gc,heap        ] GC(22) ParOldGen: 281706K(282112K)->281794K(282112K)
[18.746s][info][gc,metaspace   ] GC(22) Metaspace: 55466K(55808K)->55466K(55808K) NonClass: 47233K(47488K)->47233K(47488K) Class: 8233K(8320K)->8233K(8320K)
[18.747s][info][gc             ] GC(22) Pause Young (Allocation Failure) 529M->277M(563M) 5.052ms
[18.747s][info][gc,cpu         ] GC(22) User=0.01s Sys=0.00s Real=0.01s
[19.424s][info][gc,start       ] GC(23) Pause Young (Allocation Failure)
[19.427s][info][gc,heap        ] GC(23) PSYoungGen: 261312K(294912K)->1278K(265728K) Eden: 259072K(259072K)->0K(248832K) From: 2240K(35840K)->1278K(16896K)
[19.427s][info][gc,heap        ] GC(23) ParOldGen: 281794K(282112K)->281858K(282112K)
[19.427s][info][gc,metaspace   ] GC(23) Metaspace: 55469K(55808K)->55469K(55808K) NonClass: 47235K(47488K)->47235K(47488K) Class: 8233K(8320K)->8233K(8320K)
[19.427s][info][gc             ] GC(23) Pause Young (Allocation Failure) 530M->276M(535M) 3.718ms
[19.427s][info][gc,cpu         ] GC(23) User=0.01s Sys=0.00s Real=0.00s
[20.050s][info][gc,start       ] GC(24) Pause Young (Allocation Failure)
[20.056s][info][gc,heap        ] GC(24) PSYoungGen: 249908K(265728K)->2624K(242176K) Eden: 248630K(248832K)->0K(239104K) From: 1278K(16896K)->2624K(3072K)
[20.056s][info][gc,heap        ] GC(24) ParOldGen: 281858K(282112K)->281922K(282112K)
[20.056s][info][gc,metaspace   ] GC(24) Metaspace: 55470K(55808K)->55470K(55808K) NonClass: 47237K(47488K)->47237K(47488K) Class: 8233K(8320K)->8233K(8320K)
[20.056s][info][gc             ] GC(24) Pause Young (Allocation Failure) 519M->277M(512M) 6.209ms
[20.056s][info][gc,cpu         ] GC(24) User=0.01s Sys=0.00s Real=0.01s
[20.648s][info][gc,start       ] GC(25) Pause Young (Allocation Failure)
[20.653s][info][gc,heap        ] GC(25) PSYoungGen: 241728K(242176K)->2527K(248832K) Eden: 239104K(239104K)->0K(229888K) From: 2624K(3072K)->2527K(18944K)
[20.653s][info][gc,heap        ] GC(25) ParOldGen: 281922K(282112K)->281978K(282112K)
[20.653s][info][gc,metaspace   ] GC(25) Metaspace: 55470K(55808K)->55470K(55808K) NonClass: 47237K(47488K)->47237K(47488K) Class: 8233K(8320K)->8233K(8320K)
[20.653s][info][gc             ] GC(25) Pause Young (Allocation Failure) 511M->277M(518M) 5.519ms
[20.653s][info][gc,cpu         ] GC(25) User=0.01s Sys=0.00s Real=0.01s
[21.253s][info][gc,start       ] GC(26) Pause Young (Allocation Failure)
[21.259s][info][gc,heap        ] GC(26) PSYoungGen: 232415K(248832K)->2463K(223744K) Eden: 229888K(229888K)->0K(221184K) From: 2527K(18944K)->2463K(2560K)
[21.259s][info][gc,heap        ] GC(26) ParOldGen: 281978K(282112K)->282034K(282112K)
[21.259s][info][gc,metaspace   ] GC(26) Metaspace: 55470K(55808K)->55470K(55808K) NonClass: 47237K(47488K)->47237K(47488K) Class: 8233K(8320K)->8233K(8320K)
[21.259s][info][gc             ] GC(26) Pause Young (Allocation Failure) 502M->277M(494M) 5.576ms
[21.259s][info][gc,cpu         ] GC(26) User=0.01s Sys=0.01s Real=0.00s
[21.827s][info][gc,start       ] GC(27) Pause Young (Allocation Failure)
[21.831s][info][gc,heap        ] GC(27) PSYoungGen: 223647K(223744K)->1599K(229888K) Eden: 221184K(221184K)->0K(212992K) From: 2463K(2560K)->1599K(16896K)
[21.831s][info][gc,heap        ] GC(27) ParOldGen: 282034K(282112K)->282090K(282112K)
[21.831s][info][gc,metaspace   ] GC(27) Metaspace: 55470K(55808K)->55470K(55808K) NonClass: 47237K(47488K)->47237K(47488K) Class: 8233K(8320K)->8233K(8320K)
[21.831s][info][gc             ] GC(27) Pause Young (Allocation Failure) 493M->277M(500M) 4.279ms
[21.831s][info][gc,cpu         ] GC(27) User=0.01s Sys=0.00s Real=0.00s
[22.362s][info][gc,start       ] GC(28) Pause Young (Allocation Failure)
[22.367s][info][gc,heap        ] GC(28) PSYoungGen: 214591K(229888K)->1567K(207360K) Eden: 212992K(212992K)->0K(205312K) From: 1599K(16896K)->1567K(2048K)
[22.367s][info][gc,heap        ] GC(28) ParOldGen: 282090K(282112K)->282138K(282624K)
[22.367s][info][gc,metaspace   ] GC(28) Metaspace: 55483K(55808K)->55483K(55808K) NonClass: 47249K(47488K)->47249K(47488K) Class: 8233K(8320K)->8233K(8320K)
[22.367s][info][gc             ] GC(28) Pause Young (Allocation Failure) 485M->277M(478M) 4.439ms
[22.367s][info][gc,cpu         ] GC(28) User=0.01s Sys=0.00s Real=0.01s
[22.922s][info][gc,start       ] GC(29) Pause Young (Allocation Failure)
[22.925s][info][gc,heap        ] GC(29) PSYoungGen: 206879K(207360K)->1086K(212992K) Eden: 205312K(205312K)->0K(197632K) From: 1567K(2048K)->1086K(15360K)
[22.925s][info][gc,heap        ] GC(29) ParOldGen: 282138K(282624K)->282186K(282624K)
[22.925s][info][gc,metaspace   ] GC(29) Metaspace: 55483K(55808K)->55483K(55808K) NonClass: 47249K(47488K)->47249K(47488K) Class: 8233K(8320K)->8233K(8320K)
[22.925s][info][gc             ] GC(29) Pause Young (Allocation Failure) 477M->276M(484M) 3.086ms
[22.925s][info][gc,cpu         ] GC(29) User=0.00s Sys=0.01s Real=0.01s
[23.419s][info][gc,start       ] GC(30) Pause Young (Allocation Failure)
[23.423s][info][gc,heap        ] GC(30) PSYoungGen: 198718K(212992K)->1247K(192000K) Eden: 197632K(197632K)->0K(190464K) From: 1086K(15360K)->1247K(1536K)
[23.423s][info][gc,heap        ] GC(30) ParOldGen: 282186K(282624K)->282234K(282624K)
[23.423s][info][gc,metaspace   ] GC(30) Metaspace: 55483K(55808K)->55483K(55808K) NonClass: 47250K(47488K)->47250K(47488K) Class: 8233K(8320K)->8233K(8320K)
[23.423s][info][gc             ] GC(30) Pause Young (Allocation Failure) 469M->276M(463M) 3.651ms
[23.423s][info][gc,cpu         ] GC(30) User=0.01s Sys=0.00s Real=0.01s
[23.976s][info][gc,start       ] GC(31) Pause Young (Allocation Failure)
[23.979s][info][gc,heap        ] GC(31) PSYoungGen: 191711K(192000K)->447K(197632K) Eden: 190464K(190464K)->0K(183808K) From: 1247K(1536K)->447K(13824K)
[23.979s][info][gc,heap        ] GC(31) ParOldGen: 282234K(282624K)->282274K(282624K)
[23.979s][info][gc,metaspace   ] GC(31) Metaspace: 55485K(55808K)->55485K(55808K) NonClass: 47252K(47488K)->47252K(47488K) Class: 8233K(8320K)->8233K(8320K)
[23.979s][info][gc             ] GC(31) Pause Young (Allocation Failure) 462M->276M(469M) 3.034ms
[23.979s][info][gc,cpu         ] GC(31) User=0.00s Sys=0.00s Real=0.00s
[24.344s][info][gc,start       ] GC(32) Pause Young (Allocation Failure)
[24.349s][info][gc,heap        ] GC(32) PSYoungGen: 183957K(197632K)->2335K(179712K) Eden: 183509K(183808K)->0K(177152K) From: 447K(13824K)->2335K(2560K)
[24.349s][info][gc,heap        ] GC(32) ParOldGen: 282274K(282624K)->282314K(282624K)
[24.349s][info][gc,metaspace   ] GC(32) Metaspace: 55485K(55808K)->55485K(55808K) NonClass: 47252K(47488K)->47252K(47488K) Class: 8233K(8320K)->8233K(8320K)
[24.349s][info][gc             ] GC(32) Pause Young (Allocation Failure) 455M->277M(451M) 5.047ms
[24.349s][info][gc,cpu         ] GC(32) User=0.01s Sys=0.00s Real=0.00s
[24.824s][info][gc,start       ] GC(33) Pause Young (Allocation Failure)
[24.828s][info][gc,heap        ] GC(33) PSYoungGen: 179487K(179712K)->1791K(182272K) Eden: 177152K(177152K)->0K(171008K) From: 2335K(2560K)->1791K(11264K)
[24.828s][info][gc,heap        ] GC(33) ParOldGen: 282314K(282624K)->282354K(282624K)
[24.828s][info][gc,metaspace   ] GC(33) Metaspace: 55486K(55808K)->55486K(55808K) NonClass: 47253K(47488K)->47253K(47488K) Class: 8233K(8320K)->8233K(8320K)
[24.828s][info][gc             ] GC(33) Pause Young (Allocation Failure) 450M->277M(454M) 4.401ms
[24.828s][info][gc,cpu         ] GC(33) User=0.01s Sys=0.00s Real=0.00s
[25.241s][info][gc,start       ] GC(34) Pause Young (Allocation Failure)
[25.246s][info][gc,heap        ] GC(34) PSYoungGen: 172799K(182272K)->2559K(167424K) Eden: 171008K(171008K)->0K(164864K) From: 1791K(11264K)->2559K(2560K)
[25.246s][info][gc,heap        ] GC(34) ParOldGen: 282354K(282624K)->282386K(282624K)
[25.246s][info][gc,metaspace   ] GC(34) Metaspace: 55486K(55808K)->55486K(55808K) NonClass: 47253K(47488K)->47253K(47488K) Class: 8233K(8320K)->8233K(8320K)
[25.246s][info][gc             ] GC(34) Pause Young (Allocation Failure) 444M->278M(439M) 5.434ms
[25.246s][info][gc,cpu         ] GC(34) User=0.01s Sys=0.00s Real=0.01s
[25.660s][info][gc,start       ] GC(35) Pause Young (Allocation Failure)
[25.663s][info][gc,heap        ] GC(35) PSYoungGen: 167423K(167424K)->1311K(169472K) Eden: 164863K(164864K)->0K(159232K) From: 2559K(2560K)->1311K(10240K)
[25.663s][info][gc,heap        ] GC(35) ParOldGen: 282386K(282624K)->282418K(282624K)
[25.663s][info][gc,metaspace   ] GC(35) Metaspace: 55489K(55808K)->55489K(55808K) NonClass: 47255K(47488K)->47255K(47488K) Class: 8234K(8320K)->8234K(8320K)
[25.663s][info][gc             ] GC(35) Pause Young (Allocation Failure) 439M->277M(441M) 3.553ms
[25.663s][info][gc,cpu         ] GC(35) User=0.01s Sys=0.00s Real=0.01s
[26.152s][info][gc,start       ] GC(36) Pause Young (Allocation Failure)
[26.156s][info][gc,heap        ] GC(36) PSYoungGen: 160393K(169472K)->736K(154624K) Eden: 159082K(159232K)->0K(153600K) From: 1311K(10240K)->736K(1024K)
[26.156s][info][gc,heap        ] GC(36) ParOldGen: 282418K(282624K)->282450K(282624K)
[26.156s][info][gc,metaspace   ] GC(36) Metaspace: 55489K(55808K)->55489K(55808K) NonClass: 47255K(47488K)->47255K(47488K) Class: 8234K(8320K)->8234K(8320K)
[26.156s][info][gc             ] GC(36) Pause Young (Allocation Failure) 432M->276M(427M) 3.224ms
[26.156s][info][gc,cpu         ] GC(36) User=0.00s Sys=0.00s Real=0.01s
[26.455s][info][gc,start       ] GC(37) Pause Young (Allocation Failure)
[26.459s][info][gc,heap        ] GC(37) PSYoungGen: 154168K(154624K)->960K(157184K) Eden: 153432K(153600K)->0K(148480K) From: 736K(1024K)->960K(8704K)
[26.459s][info][gc,heap        ] GC(37) ParOldGen: 282450K(282624K)->282482K(282624K)
[26.459s][info][gc,metaspace   ] GC(37) Metaspace: 55489K(55808K)->55489K(55808K) NonClass: 47255K(47488K)->47255K(47488K) Class: 8234K(8320K)->8234K(8320K)
[26.459s][info][gc             ] GC(37) Pause Young (Allocation Failure) 426M->276M(429M) 3.475ms
[26.459s][info][gc,cpu         ] GC(37) User=0.00s Sys=0.00s Real=0.00s
[26.848s][info][gc,start       ] GC(38) Pause Young (Allocation Failure)
[26.853s][info][gc,heap        ] GC(38) PSYoungGen: 149440K(157184K)->2335K(145920K) Eden: 148480K(148480K)->0K(143360K) From: 960K(8704K)->2335K(2560K)
[26.853s][info][gc,heap        ] GC(38) ParOldGen: 282482K(282624K)->282506K(282624K)
[26.853s][info][gc,metaspace   ] GC(38) Metaspace: 55489K(55808K)->55489K(55808K) NonClass: 47255K(47488K)->47255K(47488K) Class: 8234K(8320K)->8234K(8320K)
[26.853s][info][gc             ] GC(38) Pause Young (Allocation Failure) 421M->278M(418M) 4.979ms
[26.853s][info][gc,cpu         ] GC(38) User=0.01s Sys=0.00s Real=0.01s
[27.278s][info][gc,start       ] GC(39) Pause Young (Allocation Failure)
[27.295s][info][gc,heap        ] GC(39) PSYoungGen: 145695K(145920K)->2111K(158208K) Eden: 143359K(143360K)->0K(144384K) From: 2335K(2560K)->2111K(13824K)
[27.295s][info][gc,heap        ] GC(39) ParOldGen: 282506K(282624K)->282530K(282624K)
[27.295s][info][gc,metaspace   ] GC(39) Metaspace: 55489K(55808K)->55489K(55808K) NonClass: 47255K(47488K)->47255K(47488K) Class: 8234K(8320K)->8234K(8320K)
[27.295s][info][gc             ] GC(39) Pause Young (Allocation Failure) 418M->277M(430M) 16.537ms
[27.295s][info][gc,cpu         ] GC(39) User=0.02s Sys=0.00s Real=0.02s
[27.616s][info][gc,start       ] GC(40) Pause Young (Allocation Failure)
[27.618s][info][gc,heap        ] GC(40) PSYoungGen: 146495K(158208K)->844K(157184K) Eden: 144384K(144384K)->0K(144384K) From: 2111K(13824K)->844K(12800K)
[27.618s][info][gc,heap        ] GC(40) ParOldGen: 282530K(282624K)->282562K(282624K)
[27.618s][info][gc,metaspace   ] GC(40) Metaspace: 55489K(55808K)->55489K(55808K) NonClass: 47255K(47488K)->47255K(47488K) Class: 8234K(8320K)->8234K(8320K)
[27.618s][info][gc             ] GC(40) Pause Young (Allocation Failure) 418M->276M(429M) 2.394ms
[27.618s][info][gc,cpu         ] GC(40) User=0.01s Sys=0.00s Real=0.00s
[27.953s][info][gc,start       ] GC(41) Pause Young (Allocation Failure)
[27.961s][info][gc,heap        ] GC(41) PSYoungGen: 145092K(157184K)->1536K(190976K) Eden: 144247K(144384K)->0K(180736K) From: 844K(12800K)->1536K(10240K)
[27.961s][info][gc,heap        ] GC(41) ParOldGen: 282562K(282624K)->282586K(282624K)
[27.961s][info][gc,metaspace   ] GC(41) Metaspace: 55489K(55808K)->55489K(55808K) NonClass: 47255K(47488K)->47255K(47488K) Class: 8234K(8320K)->8234K(8320K)
[27.961s][info][gc             ] GC(41) Pause Young (Allocation Failure) 417M->277M(462M) 8.266ms
[27.961s][info][gc,cpu         ] GC(41) User=0.01s Sys=0.00s Real=0.01s
[28.617s][info][gc,start       ] GC(42) Pause Young (Allocation Failure)
[28.624s][info][gc,heap        ] GC(42) PSYoungGen: 182272K(190976K)->2144K(192000K) Eden: 180736K(180736K)->0K(180736K) From: 1536K(10240K)->2144K(11264K)
[28.624s][info][gc,heap        ] GC(42) ParOldGen: 282586K(282624K)->282618K(282624K)
[28.624s][info][gc,metaspace   ] GC(42) Metaspace: 55489K(55808K)->55489K(55808K) NonClass: 47255K(47488K)->47255K(47488K) Class: 8234K(8320K)->8234K(8320K)
[28.624s][info][gc             ] GC(42) Pause Young (Allocation Failure) 453M->278M(463M) 6.830ms
[28.624s][info][gc,cpu         ] GC(42) User=0.01s Sys=0.00s Real=0.01s
[29.019s][info][gc,start       ] GC(43) Pause Young (Allocation Failure)
[29.023s][info][gc,heap        ] GC(43) PSYoungGen: 182880K(192000K)->1151K(230400K) Eden: 180736K(180736K)->0K(220672K) From: 2144K(11264K)->1151K(9728K)
[29.023s][info][gc,heap        ] GC(43) ParOldGen: 282618K(282624K)->282650K(283136K)
[29.023s][info][gc,metaspace   ] GC(43) Metaspace: 55491K(55808K)->55491K(55808K) NonClass: 47257K(47488K)->47257K(47488K) Class: 8234K(8320K)->8234K(8320K)
[29.023s][info][gc             ] GC(43) Pause Young (Allocation Failure) 454M->277M(501M) 3.205ms
[29.023s][info][gc,cpu         ] GC(43) User=0.00s Sys=0.00s Real=0.00s
[29.569s][info][gc,start       ] GC(44) Pause Young (Allocation Failure)
[29.573s][info][gc,heap        ] GC(44) PSYoungGen: 221823K(230400K)->1791K(230912K) Eden: 220672K(220672K)->0K(220672K) From: 1151K(9728K)->1791K(10240K)
[29.573s][info][gc,heap        ] GC(44) ParOldGen: 282650K(283136K)->282674K(283136K)
[29.573s][info][gc,metaspace   ] GC(44) Metaspace: 55491K(55808K)->55491K(55808K) NonClass: 47257K(47488K)->47257K(47488K) Class: 8234K(8320K)->8234K(8320K)
[29.573s][info][gc             ] GC(44) Pause Young (Allocation Failure) 492M->277M(502M) 4.423ms
[29.573s][info][gc,cpu         ] GC(44) User=0.01s Sys=0.00s Real=0.01s
[30.132s][info][gc,start       ] GC(45) Pause Young (Allocation Failure)
[30.137s][info][gc,heap        ] GC(45) PSYoungGen: 222463K(230912K)->2399K(277504K) Eden: 220672K(220672K)->0K(269312K) From: 1791K(10240K)->2399K(8192K)
[30.137s][info][gc,heap        ] GC(45) ParOldGen: 282674K(283136K)->282706K(283136K)
[30.137s][info][gc,metaspace   ] GC(45) Metaspace: 55491K(55808K)->55491K(55808K) NonClass: 47257K(47488K)->47257K(47488K) Class: 8234K(8320K)->8234K(8320K)
[30.138s][info][gc             ] GC(45) Pause Young (Allocation Failure) 493M->278M(547M) 5.526ms
[30.138s][info][gc,cpu         ] GC(45) User=0.01s Sys=0.00s Real=0.01s
[30.835s][info][gc,start       ] GC(46) Pause Young (Allocation Failure)
[30.841s][info][gc,heap        ] GC(46) PSYoungGen: 271711K(277504K)->1152K(278016K) Eden: 269312K(269312K)->0K(269312K) From: 2399K(8192K)->1152K(8704K)
[30.841s][info][gc,heap        ] GC(46) ParOldGen: 282706K(283136K)->282738K(283136K)
[30.841s][info][gc,metaspace   ] GC(46) Metaspace: 55491K(55808K)->55491K(55808K) NonClass: 47257K(47488K)->47257K(47488K) Class: 8234K(8320K)->8234K(8320K)
[30.841s][info][gc             ] GC(46) Pause Young (Allocation Failure) 541M->277M(548M) 5.771ms
[30.841s][info][gc,cpu         ] GC(46) User=0.01s Sys=0.00s Real=0.00s
[31.529s][info][gc,start       ] GC(47) Pause Young (Allocation Failure)
[31.533s][info][gc,heap        ] GC(47) PSYoungGen: 270464K(278016K)->1567K(260608K) Eden: 269312K(269312K)->0K(258560K) From: 1152K(8704K)->1567K(2048K)
[31.533s][info][gc,heap        ] GC(47) ParOldGen: 282738K(283136K)->282778K(283136K)
[31.533s][info][gc,metaspace   ] GC(47) Metaspace: 55491K(55808K)->55491K(55808K) NonClass: 47257K(47488K)->47257K(47488K) Class: 8234K(8320K)->8234K(8320K)
[31.534s][info][gc             ] GC(47) Pause Young (Allocation Failure) 540M->277M(531M) 4.099ms
[31.534s][info][gc,cpu         ] GC(47) User=0.01s Sys=0.00s Real=0.01s
[32.159s][info][gc,start       ] GC(48) Pause Young (Allocation Failure)
[32.163s][info][gc,heap        ] GC(48) PSYoungGen: 260127K(260608K)->959K(249344K) Eden: 258560K(258560K)->0K(248320K) From: 1567K(2048K)->959K(1024K)
[32.163s][info][gc,heap        ] GC(48) ParOldGen: 282778K(283136K)->282818K(283136K)
[32.163s][info][gc,metaspace   ] GC(48) Metaspace: 55492K(55808K)->55492K(55808K) NonClass: 47257K(47488K)->47257K(47488K) Class: 8234K(8320K)->8234K(8320K)
[32.163s][info][gc             ] GC(48) Pause Young (Allocation Failure) 530M->277M(520M) 4.296ms
[32.163s][info][gc,cpu         ] GC(48) User=0.00s Sys=0.01s Real=0.01s
[32.836s][info][gc,start       ] GC(49) Pause Young (Allocation Failure)
[32.842s][info][gc,heap        ] GC(49) PSYoungGen: 249279K(249344K)->2015K(240640K) Eden: 248320K(248320K)->0K(238592K) From: 959K(1024K)->2015K(2048K)
[32.842s][info][gc,heap        ] GC(49) ParOldGen: 282818K(283136K)->282858K(283136K)
[32.842s][info][gc,metaspace   ] GC(49) Metaspace: 55492K(55808K)->55492K(55808K) NonClass: 47257K(47488K)->47257K(47488K) Class: 8234K(8320K)->8234K(8320K)
[32.842s][info][gc             ] GC(49) Pause Young (Allocation Failure) 519M->278M(511M) 6.177ms
[32.842s][info][gc,cpu         ] GC(49) User=0.01s Sys=0.00s Real=0.00s
[33.562s][info][gc,start       ] GC(50) Pause Young (Allocation Failure)
[33.572s][info][gc,heap        ] GC(50) PSYoungGen: 240333K(240640K)->2912K(232448K) Eden: 238318K(238592K)->0K(229376K) From: 2015K(2048K)->2912K(3072K)
[33.572s][info][gc,heap        ] GC(50) ParOldGen: 282858K(283136K)->282890K(283136K)
[33.572s][info][gc,metaspace   ] GC(50) Metaspace: 55492K(55808K)->55492K(55808K) NonClass: 47257K(47488K)->47257K(47488K) Class: 8234K(8320K)->8234K(8320K)
[33.572s][info][gc             ] GC(50) Pause Young (Allocation Failure) 510M->279M(503M) 9.949ms
[33.572s][info][gc,cpu         ] GC(50) User=0.02s Sys=0.01s Real=0.01s
[34.037s][info][gc,start       ] GC(51) Pause Young (Allocation Failure)
[34.043s][info][gc,heap        ] GC(51) PSYoungGen: 232288K(232448K)->2431K(223232K) Eden: 229376K(229376K)->0K(220672K) From: 2912K(3072K)->2431K(2560K)
[34.043s][info][gc,heap        ] GC(51) ParOldGen: 282890K(283136K)->282930K(283136K)
[34.043s][info][gc,metaspace   ] GC(51) Metaspace: 55494K(55808K)->55494K(55808K) NonClass: 47260K(47488K)->47260K(47488K) Class: 8234K(8320K)->8234K(8320K)
[34.043s][info][gc             ] GC(51) Pause Young (Allocation Failure) 503M->278M(494M) 5.385ms
[34.043s][info][gc,cpu         ] GC(51) User=0.01s Sys=0.00s Real=0.00s
[34.615s][info][gc,start       ] GC(52) Pause Young (Allocation Failure)
[34.618s][info][gc,heap        ] GC(52) PSYoungGen: 223103K(223232K)->575K(213504K) Eden: 220672K(220672K)->0K(212480K) From: 2431K(2560K)->575K(1024K)
[34.618s][info][gc,heap        ] GC(52) ParOldGen: 282930K(283136K)->282962K(283136K)
[34.618s][info][gc,metaspace   ] GC(52) Metaspace: 55494K(55808K)->55494K(55808K) NonClass: 47260K(47488K)->47260K(47488K) Class: 8234K(8320K)->8234K(8320K)
[34.618s][info][gc             ] GC(52) Pause Young (Allocation Failure) 494M->276M(485M) 2.662ms
[34.618s][info][gc,cpu         ] GC(52) User=0.01s Sys=0.00s Real=0.00s
[35.138s][info][gc,start       ] GC(53) Pause Young (Allocation Failure)
[35.142s][info][gc,heap        ] GC(53) PSYoungGen: 213055K(213504K)->1824K(206848K) Eden: 212480K(212480K)->0K(204800K) From: 575K(1024K)->1824K(2048K)
[35.142s][info][gc,heap        ] GC(53) ParOldGen: 282962K(283136K)->282994K(283136K)
[35.142s][info][gc,metaspace   ] GC(53) Metaspace: 55495K(55808K)->55495K(55808K) NonClass: 47260K(47488K)->47260K(47488K) Class: 8234K(8320K)->8234K(8320K)
[35.142s][info][gc             ] GC(53) Pause Young (Allocation Failure) 484M->278M(478M) 4.183ms
[35.142s][info][gc,cpu         ] GC(53) User=0.01s Sys=0.00s Real=0.00s
[35.654s][info][gc,start       ] GC(54) Pause Young (Allocation Failure)
[35.659s][info][gc,heap        ] GC(54) PSYoungGen: 206352K(206848K)->1759K(199168K) Eden: 204528K(204800K)->0K(197120K) From: 1824K(2048K)->1759K(2048K)
[35.659s][info][gc,heap        ] GC(54) ParOldGen: 282994K(283136K)->283026K(283136K)
[35.659s][info][gc,metaspace   ] GC(54) Metaspace: 55495K(55808K)->55495K(55808K) NonClass: 47260K(47488K)->47260K(47488K) Class: 8234K(8320K)->8234K(8320K)
[35.659s][info][gc             ] GC(54) Pause Young (Allocation Failure) 477M->278M(471M) 5.652ms
[35.659s][info][gc,cpu         ] GC(54) User=0.01s Sys=0.00s Real=0.00s
[36.157s][info][gc,start       ] GC(55) Pause Young (Allocation Failure)
[36.161s][info][gc,heap        ] GC(55) PSYoungGen: 198879K(199168K)->1695K(192000K) Eden: 197120K(197120K)->0K(189952K) From: 1759K(2048K)->1695K(2048K)
[36.161s][info][gc,heap        ] GC(55) ParOldGen: 283026K(283136K)->283050K(283136K)
[36.161s][info][gc,metaspace   ] GC(55) Metaspace: 55495K(55808K)->55495K(55808K) NonClass: 47260K(47488K)->47260K(47488K) Class: 8234K(8320K)->8234K(8320K)
[36.161s][info][gc             ] GC(55) Pause Young (Allocation Failure) 470M->278M(464M) 4.103ms
[36.161s][info][gc,cpu         ] GC(55) User=0.01s Sys=0.00s Real=0.00s
[36.648s][info][gc,start       ] GC(56) Pause Young (Allocation Failure)
[36.653s][info][gc,heap        ] GC(56) PSYoungGen: 191555K(192000K)->1696K(185344K) Eden: 189859K(189952K)->0K(183296K) From: 1695K(2048K)->1696K(2048K)
[36.653s][info][gc,heap        ] GC(56) ParOldGen: 283050K(283136K)->283074K(283136K)
[36.653s][info][gc,metaspace   ] GC(56) Metaspace: 55517K(55872K)->55517K(55872K) NonClass: 47280K(47552K)->47280K(47552K) Class: 8236K(8320K)->8236K(8320K)
[36.653s][info][gc             ] GC(56) Pause Young (Allocation Failure) 463M->278M(457M) 4.928ms
[36.653s][info][gc,cpu         ] GC(56) User=0.01s Sys=0.00s Real=0.00s
[37.173s][info][gc,start       ] GC(57) Pause Young (Allocation Failure)
[37.180s][info][gc,heap        ] GC(57) PSYoungGen: 184992K(185344K)->3350K(180224K) Eden: 183296K(183296K)->0K(176640K) From: 1696K(2048K)->3350K(3584K)
[37.180s][info][gc,heap        ] GC(57) ParOldGen: 283074K(283136K)->283122K(283136K)
[37.180s][info][gc,metaspace   ] GC(57) Metaspace: 55517K(55872K)->55517K(55872K) NonClass: 47280K(47552K)->47280K(47552K) Class: 8236K(8320K)->8236K(8320K)
[37.180s][info][gc             ] GC(57) Pause Young (Allocation Failure) 457M->279M(452M) 6.694ms
[37.180s][info][gc,cpu         ] GC(57) User=0.01s Sys=0.01s Real=0.00s
[37.613s][info][gc,start       ] GC(58) Pause Young (Allocation Failure)
[37.615s][info][gc,heap        ] GC(58) PSYoungGen: 179990K(180224K)->335K(171008K) Eden: 176640K(176640K)->0K(170496K) From: 3350K(3584K)->335K(512K)
[37.615s][info][gc,heap        ] GC(58) ParOldGen: 283122K(283136K)->283146K(283648K)
[37.615s][info][gc,metaspace   ] GC(58) Metaspace: 55517K(55872K)->55517K(55872K) NonClass: 47280K(47552K)->47280K(47552K) Class: 8236K(8320K)->8236K(8320K)
[37.615s][info][gc             ] GC(58) Pause Young (Allocation Failure) 452M->276M(444M) 2.243ms
[37.615s][info][gc,cpu         ] GC(58) User=0.00s Sys=0.00s Real=0.01s
[38.031s][info][gc,start       ] GC(59) Pause Young (Allocation Failure)
[38.037s][info][gc,heap        ] GC(59) PSYoungGen: 170831K(171008K)->1855K(166400K) Eden: 170496K(170496K)->0K(164352K) From: 335K(512K)->1855K(2048K)
[38.037s][info][gc,heap        ] GC(59) ParOldGen: 283146K(283648K)->283170K(283648K)
[38.037s][info][gc,metaspace   ] GC(59) Metaspace: 55517K(55872K)->55517K(55872K) NonClass: 47280K(47552K)->47280K(47552K) Class: 8236K(8320K)->8236K(8320K)
[38.037s][info][gc             ] GC(59) Pause Young (Allocation Failure) 443M->278M(439M) 5.461ms
[38.037s][info][gc,cpu         ] GC(59) User=0.01s Sys=0.01s Real=0.01s
[38.467s][info][gc,start       ] GC(60) Pause Young (Allocation Failure)
[38.473s][info][gc,heap        ] GC(60) PSYoungGen: 166175K(166400K)->992K(159744K) Eden: 164320K(164352K)->0K(158720K) From: 1855K(2048K)->992K(1024K)
[38.473s][info][gc,heap        ] GC(60) ParOldGen: 283170K(283648K)->283194K(283648K)
[38.473s][info][gc,metaspace   ] GC(60) Metaspace: 55517K(55872K)->55517K(55872K) NonClass: 47280K(47552K)->47280K(47552K) Class: 8236K(8320K)->8236K(8320K)
[38.474s][info][gc             ] GC(60) Pause Young (Allocation Failure) 438M->277M(433M) 6.493ms
[38.474s][info][gc,cpu         ] GC(60) User=0.01s Sys=0.00s Real=0.01s
[38.885s][info][gc,start       ] GC(61) Pause Young (Allocation Failure)
[38.890s][info][gc,heap        ] GC(61) PSYoungGen: 159712K(159744K)->1439K(192000K) Eden: 158720K(158720K)->0K(190464K) From: 992K(1024K)->1439K(1536K)
[38.890s][info][gc,heap        ] GC(61) ParOldGen: 283194K(283648K)->283218K(283648K)
[38.890s][info][gc,metaspace   ] GC(61) Metaspace: 55517K(55872K)->55517K(55872K) NonClass: 47280K(47552K)->47280K(47552K) Class: 8236K(8320K)->8236K(8320K)
[38.890s][info][gc             ] GC(61) Pause Young (Allocation Failure) 432M->277M(464M) 5.121ms
[38.890s][info][gc,cpu         ] GC(61) User=0.01s Sys=0.00s Real=0.00s
[39.361s][info][gc,start       ] GC(62) Pause Young (Allocation Failure)
[39.365s][info][gc,heap        ] GC(62) PSYoungGen: 191903K(192000K)->1983K(185856K) Eden: 190464K(190464K)->0K(183808K) From: 1439K(1536K)->1983K(2048K)
[39.365s][info][gc,heap        ] GC(62) ParOldGen: 283218K(283648K)->283234K(283648K)
[39.365s][info][gc,metaspace   ] GC(62) Metaspace: 55517K(55872K)->55517K(55872K) NonClass: 47280K(47552K)->47280K(47552K) Class: 8236K(8320K)->8236K(8320K)
[39.365s][info][gc             ] GC(62) Pause Young (Allocation Failure) 463M->278M(458M) 4.351ms
[39.365s][info][gc,cpu         ] GC(62) User=0.01s Sys=0.00s Real=0.01s
[39.829s][info][gc,start       ] GC(63) Pause Young (Allocation Failure)
[39.834s][info][gc,heap        ] GC(63) PSYoungGen: 185791K(185856K)->1696K(179200K) Eden: 183808K(183808K)->0K(177152K) From: 1983K(2048K)->1696K(2048K)
[39.834s][info][gc,heap        ] GC(63) ParOldGen: 283234K(283648K)->283250K(283648K)
[39.834s][info][gc,metaspace   ] GC(63) Metaspace: 55517K(55872K)->55517K(55872K) NonClass: 47280K(47552K)->47280K(47552K) Class: 8236K(8320K)->8236K(8320K)
[39.834s][info][gc             ] GC(63) Pause Young (Allocation Failure) 458M->278M(452M) 4.159ms
[39.834s][info][gc,cpu         ] GC(63) User=0.01s Sys=0.00s Real=0.01s
[40.323s][info][gc,start       ] GC(64) Pause Young (Allocation Failure)
[40.329s][info][gc,heap        ] GC(64) PSYoungGen: 178848K(179200K)->3072K(216064K) Eden: 177152K(177152K)->0K(212992K) From: 1696K(2048K)->3072K(3072K)
[40.329s][info][gc,heap        ] GC(64) ParOldGen: 283250K(283648K)->283274K(283648K)
[40.329s][info][gc,metaspace   ] GC(64) Metaspace: 55517K(55872K)->55517K(55872K) NonClass: 47280K(47552K)->47280K(47552K) Class: 8236K(8320K)->8236K(8320K)
[40.329s][info][gc             ] GC(64) Pause Young (Allocation Failure) 451M->279M(488M) 6.062ms
[40.329s][info][gc,cpu         ] GC(64) User=0.01s Sys=0.00s Real=0.01s
[40.832s][info][gc,start       ] GC(65) Pause Young (Allocation Failure)
[40.836s][info][gc,heap        ] GC(65) PSYoungGen: 216064K(216064K)->1983K(207360K) Eden: 212992K(212992K)->0K(205312K) From: 3072K(3072K)->1983K(2048K)
[40.836s][info][gc,heap        ] GC(65) ParOldGen: 283274K(283648K)->283298K(283648K)
[40.836s][info][gc,metaspace   ] GC(65) Metaspace: 55520K(55872K)->55520K(55872K) NonClass: 47283K(47552K)->47283K(47552K) Class: 8236K(8320K)->8236K(8320K)
[40.836s][info][gc             ] GC(65) Pause Young (Allocation Failure) 487M->278M(479M) 4.101ms
[40.836s][info][gc,cpu         ] GC(65) User=0.00s Sys=0.00s Real=0.01s
[41.339s][info][gc,start       ] GC(66) Pause Young (Allocation Failure)
[41.344s][info][gc,heap        ] GC(66) PSYoungGen: 207295K(207360K)->2047K(199680K) Eden: 205312K(205312K)->0K(197632K) From: 1983K(2048K)->2047K(2048K)
[41.344s][info][gc,heap        ] GC(66) ParOldGen: 283298K(283648K)->283330K(283648K)
[41.344s][info][gc,metaspace   ] GC(66) Metaspace: 55520K(55872K)->55520K(55872K) NonClass: 47283K(47552K)->47283K(47552K) Class: 8236K(8320K)->8236K(8320K)
[41.344s][info][gc             ] GC(66) Pause Young (Allocation Failure) 479M->278M(472M) 4.751ms
[41.344s][info][gc,cpu         ] GC(66) User=0.01s Sys=0.01s Real=0.01s
[41.852s][info][gc,start       ] GC(67) Pause Young (Allocation Failure)
[41.857s][info][gc,heap        ] GC(67) PSYoungGen: 199602K(199680K)->1792K(192512K) Eden: 197555K(197632K)->0K(190464K) From: 2047K(2048K)->1792K(2048K)
[41.857s][info][gc,heap        ] GC(67) ParOldGen: 283330K(283648K)->283362K(283648K)
[41.857s][info][gc,metaspace   ] GC(67) Metaspace: 55520K(55872K)->55520K(55872K) NonClass: 47283K(47552K)->47283K(47552K) Class: 8236K(8320K)->8236K(8320K)
[41.857s][info][gc             ] GC(67) Pause Young (Allocation Failure) 471M->278M(465M) 4.428ms
[41.857s][info][gc,cpu         ] GC(67) User=0.01s Sys=0.00s Real=0.01s
[42.340s][info][gc,start       ] GC(68) Pause Young (Allocation Failure)
[42.347s][info][gc,heap        ] GC(68) PSYoungGen: 192256K(192512K)->2304K(231424K) Eden: 190464K(190464K)->0K(228864K) From: 1792K(2048K)->2304K(2560K)
[42.347s][info][gc,heap        ] GC(68) ParOldGen: 283362K(283648K)->283394K(283648K)
[42.347s][info][gc,metaspace   ] GC(68) Metaspace: 55520K(55872K)->55520K(55872K) NonClass: 47283K(47552K)->47283K(47552K) Class: 8236K(8320K)->8236K(8320K)
[42.347s][info][gc             ] GC(68) Pause Young (Allocation Failure) 464M->279M(503M) 6.947ms
[42.347s][info][gc,cpu         ] GC(68) User=0.01s Sys=0.00s Real=0.01s
[42.940s][info][gc,start       ] GC(69) Pause Young (Allocation Failure)
[42.945s][info][gc,heap        ] GC(69) PSYoungGen: 230971K(231424K)->1696K(222208K) Eden: 228667K(228864K)->0K(220160K) From: 2304K(2560K)->1696K(2048K)
[42.945s][info][gc,heap        ] GC(69) ParOldGen: 283394K(283648K)->283418K(283648K)
[42.945s][info][gc,metaspace   ] GC(69) Metaspace: 55520K(55872K)->55520K(55872K) NonClass: 47283K(47552K)->47283K(47552K) Class: 8236K(8320K)->8236K(8320K)
[42.945s][info][gc             ] GC(69) Pause Young (Allocation Failure) 502M->278M(494M) 4.351ms
[42.945s][info][gc,cpu         ] GC(69) User=0.01s Sys=0.00s Real=0.01s
[43.530s][info][gc,start       ] GC(70) Pause Young (Allocation Failure)
[43.533s][info][gc,heap        ] GC(70) PSYoungGen: 221650K(222208K)->1022K(212992K) Eden: 219954K(220160K)->0K(211968K) From: 1696K(2048K)->1022K(1024K)
[43.533s][info][gc,heap        ] GC(70) ParOldGen: 283418K(283648K)->283450K(283648K)
[43.533s][info][gc,metaspace   ] GC(70) Metaspace: 55520K(55872K)->55520K(55872K) NonClass: 47283K(47552K)->47283K(47552K) Class: 8236K(8320K)->8236K(8320K)
[43.533s][info][gc             ] GC(70) Pause Young (Allocation Failure) 493M->277M(485M) 2.691ms
[43.533s][info][gc,cpu         ] GC(70) User=0.01s Sys=0.00s Real=0.00s
[44.174s][info][gc,start       ] GC(71) Pause Young (Allocation Failure)
[44.179s][info][gc,heap        ] GC(71) PSYoungGen: 212990K(212992K)->1856K(206336K) Eden: 211968K(211968K)->0K(204288K) From: 1022K(1024K)->1856K(2048K)
[44.179s][info][gc,heap        ] GC(71) ParOldGen: 283450K(283648K)->283474K(283648K)
[44.179s][info][gc,metaspace   ] GC(71) Metaspace: 55520K(55872K)->55520K(55872K) NonClass: 47283K(47552K)->47283K(47552K) Class: 8236K(8320K)->8236K(8320K)
[44.179s][info][gc             ] GC(71) Pause Young (Allocation Failure) 484M->278M(478M) 4.464ms
[44.179s][info][gc,cpu         ] GC(71) User=0.00s Sys=0.00s Real=0.00s
[44.662s][info][gc,start       ] GC(72) Pause Young (Allocation Failure)
[44.665s][info][gc,heap        ] GC(72) PSYoungGen: 206144K(206336K)->448K(197120K) Eden: 204288K(204288K)->0K(196608K) From: 1856K(2048K)->448K(512K)
[44.665s][info][gc,heap        ] GC(72) ParOldGen: 283474K(283648K)->283498K(283648K)
[44.665s][info][gc,metaspace   ] GC(72) Metaspace: 55520K(55872K)->55520K(55872K) NonClass: 47283K(47552K)->47283K(47552K) Class: 8236K(8320K)->8236K(8320K)
[44.665s][info][gc             ] GC(72) Pause Young (Allocation Failure) 478M->277M(469M) 2.310ms
[44.665s][info][gc,cpu         ] GC(72) User=0.01s Sys=0.00s Real=0.01s
[45.213s][info][gc,start       ] GC(73) Pause Young (Allocation Failure)
[45.215s][info][gc,heap        ] GC(73) PSYoungGen: 197056K(197120K)->224K(189952K) Eden: 196608K(196608K)->0K(189440K) From: 448K(512K)->224K(512K)
[45.215s][info][gc,heap        ] GC(73) ParOldGen: 283498K(283648K)->283522K(283648K)
[45.215s][info][gc,metaspace   ] GC(73) Metaspace: 55520K(55872K)->55520K(55872K) NonClass: 47283K(47552K)->47283K(47552K) Class: 8236K(8320K)->8236K(8320K)
[45.215s][info][gc             ] GC(73) Pause Young (Allocation Failure) 469M->277M(462M) 2.056ms
[45.215s][info][gc,cpu         ] GC(73) User=0.00s Sys=0.00s Real=0.00s
[45.657s][info][gc,start       ] GC(74) Pause Young (Allocation Failure)
[45.660s][info][gc,heap        ] GC(74) PSYoungGen: 189358K(189952K)->1312K(186368K) Eden: 189134K(189440K)->0K(182784K) From: 224K(512K)->1312K(3584K)
[45.661s][info][gc,heap        ] GC(74) ParOldGen: 283522K(283648K)->283546K(283648K)
[45.661s][info][gc,metaspace   ] GC(74) Metaspace: 55520K(55872K)->55520K(55872K) NonClass: 47283K(47552K)->47283K(47552K) Class: 8236K(8320K)->8236K(8320K)
[45.661s][info][gc             ] GC(74) Pause Young (Allocation Failure) 461M->278M(459M) 3.438ms
[45.661s][info][gc,cpu         ] GC(74) User=0.00s Sys=0.00s Real=0.00s
[46.138s][info][gc,start       ] GC(75) Pause Young (Allocation Failure)
[46.142s][info][gc,heap        ] GC(75) PSYoungGen: 184096K(186368K)->2335K(178688K) Eden: 182784K(182784K)->0K(176128K) From: 1312K(3584K)->2335K(2560K)
[46.142s][info][gc,heap        ] GC(75) ParOldGen: 283546K(283648K)->283570K(283648K)
[46.142s][info][gc,metaspace   ] GC(75) Metaspace: 55520K(55872K)->55520K(55872K) NonClass: 47283K(47552K)->47283K(47552K) Class: 8236K(8320K)->8236K(8320K)
[46.142s][info][gc             ] GC(75) Pause Young (Allocation Failure) 456M->279M(451M) 4.441ms
[46.142s][info][gc,cpu         ] GC(75) User=0.00s Sys=0.00s Real=0.00s
[46.622s][info][gc,start       ] GC(76) Pause Young (Allocation Failure)
[46.632s][info][gc,heap        ] GC(76) PSYoungGen: 178463K(178688K)->1024K(212480K) Eden: 176128K(176128K)->0K(211456K) From: 2335K(2560K)->1024K(1024K)
[46.632s][info][gc,heap        ] GC(76) ParOldGen: 283570K(283648K)->283586K(283648K)
[46.632s][info][gc,metaspace   ] GC(76) Metaspace: 55520K(55872K)->55520K(55872K) NonClass: 47283K(47552K)->47283K(47552K) Class: 8236K(8320K)->8236K(8320K)
[46.632s][info][gc             ] GC(76) Pause Young (Allocation Failure) 451M->277M(484M) 10.213ms
[46.632s][info][gc,cpu         ] GC(76) User=0.01s Sys=0.00s Real=0.01s
[47.138s][info][gc,start       ] GC(77) Pause Young (Allocation Failure)
[47.143s][info][gc,heap        ] GC(77) PSYoungGen: 212480K(212480K)->1504K(205312K) Eden: 211456K(211456K)->0K(203776K) From: 1024K(1024K)->1504K(1536K)
[47.143s][info][gc,heap        ] GC(77) ParOldGen: 283586K(283648K)->283602K(283648K)
[47.143s][info][gc,metaspace   ] GC(77) Metaspace: 55520K(55872K)->55520K(55872K) NonClass: 47283K(47552K)->47283K(47552K) Class: 8236K(8320K)->8236K(8320K)
[47.143s][info][gc             ] GC(77) Pause Young (Allocation Failure) 484M->278M(477M) 4.725ms
[47.143s][info][gc,cpu         ] GC(77) User=0.00s Sys=0.00s Real=0.01s
[47.649s][info][gc,start       ] GC(78) Pause Young (Allocation Failure)
[47.653s][info][gc,heap        ] GC(78) PSYoungGen: 205280K(205312K)->2047K(198144K) Eden: 203776K(203776K)->0K(196096K) From: 1504K(1536K)->2047K(2048K)
[47.653s][info][gc,heap        ] GC(78) ParOldGen: 283602K(283648K)->283626K(283648K)
[47.653s][info][gc,metaspace   ] GC(78) Metaspace: 55520K(55872K)->55520K(55872K) NonClass: 47283K(47552K)->47283K(47552K) Class: 8236K(8320K)->8236K(8320K)
[47.653s][info][gc             ] GC(78) Pause Young (Allocation Failure) 477M->278M(470M) 4.024ms
[47.653s][info][gc,cpu         ] GC(78) User=0.01s Sys=0.00s Real=0.01s
[48.154s][info][gc,start       ] GC(79) Pause Young (Allocation Failure)
[48.159s][info][gc,heap        ] GC(79) PSYoungGen: 197853K(198144K)->1696K(190976K) Eden: 195805K(196096K)->0K(188928K) From: 2047K(2048K)->1696K(2048K)
[48.159s][info][gc,heap        ] GC(79) ParOldGen: 283626K(283648K)->283642K(283648K)
[48.159s][info][gc,metaspace   ] GC(79) Metaspace: 55520K(55872K)->55520K(55872K) NonClass: 47283K(47552K)->47283K(47552K) Class: 8236K(8320K)->8236K(8320K)
[48.159s][info][gc             ] GC(79) Pause Young (Allocation Failure) 470M->278M(463M) 4.299ms
[48.159s][info][gc,cpu         ] GC(79) User=0.01s Sys=0.00s Real=0.00s
[48.648s][info][gc,start       ] GC(80) Pause Young (Allocation Failure)
[48.653s][info][gc,heap        ] GC(80) PSYoungGen: 190624K(190976K)->1824K(184320K) Eden: 188928K(188928K)->0K(182272K) From: 1696K(2048K)->1824K(2048K)
[48.653s][info][gc,heap        ] GC(80) ParOldGen: 283642K(283648K)->283666K(284160K)
[48.653s][info][gc,metaspace   ] GC(80) Metaspace: 55520K(55872K)->55520K(55872K) NonClass: 47283K(47552K)->47283K(47552K) Class: 8236K(8320K)->8236K(8320K)
[48.653s][info][gc             ] GC(80) Pause Young (Allocation Failure) 463M->278M(457M) 4.525ms
[48.653s][info][gc,cpu         ] GC(80) User=0.01s Sys=0.00s Real=0.00s
[49.129s][info][gc,start       ] GC(81) Pause Young (Allocation Failure)
[49.133s][info][gc,heap        ] GC(81) PSYoungGen: 184096K(184320K)->1696K(177664K) Eden: 182272K(182272K)->0K(175616K) From: 1824K(2048K)->1696K(2048K)
[49.133s][info][gc,heap        ] GC(81) ParOldGen: 283666K(284160K)->283682K(284160K)
[49.133s][info][gc,metaspace   ] GC(81) Metaspace: 55522K(55872K)->55522K(55872K) NonClass: 47285K(47552K)->47285K(47552K) Class: 8236K(8320K)->8236K(8320K)
[49.133s][info][gc             ] GC(81) Pause Young (Allocation Failure) 456M->278M(451M) 3.866ms
[49.133s][info][gc,cpu         ] GC(81) User=0.01s Sys=0.00s Real=0.00s
[49.613s][info][gc,start       ] GC(82) Pause Young (Allocation Failure)
[49.616s][info][gc,heap        ] GC(82) PSYoungGen: 177205K(177664K)->1088K(171008K) Eden: 175509K(175616K)->0K(169472K) From: 1696K(2048K)->1088K(1536K)
[49.616s][info][gc,heap        ] GC(82) ParOldGen: 283682K(284160K)->283698K(284160K)
[49.616s][info][gc,metaspace   ] GC(82) Metaspace: 55523K(55872K)->55523K(55872K) NonClass: 47286K(47552K)->47286K(47552K) Class: 8236K(8320K)->8236K(8320K)
[49.616s][info][gc             ] GC(82) Pause Young (Allocation Failure) 450M->278M(444M) 3.213ms
[49.616s][info][gc,cpu         ] GC(82) User=0.01s Sys=0.00s Real=0.01s
[50.024s][info][gc,start       ] GC(83) Pause Young (Allocation Failure)
[50.027s][info][gc,heap        ] GC(83) PSYoungGen: 170560K(171008K)->1535K(165376K) Eden: 169472K(169472K)->0K(163840K) From: 1088K(1536K)->1535K(1536K)
[50.027s][info][gc,heap        ] GC(83) ParOldGen: 283698K(284160K)->283714K(284160K)
[50.027s][info][gc,metaspace   ] GC(83) Metaspace: 55523K(55872K)->55523K(55872K) NonClass: 47286K(47552K)->47286K(47552K) Class: 8236K(8320K)->8236K(8320K)
[50.027s][info][gc             ] GC(83) Pause Young (Allocation Failure) 443M->278M(439M) 3.326ms
[50.027s][info][gc,cpu         ] GC(83) User=0.01s Sys=0.00s Real=0.00s
[50.430s][info][gc,start       ] GC(84) Pause Young (Allocation Failure)
[50.433s][info][gc,heap        ] GC(84) PSYoungGen: 165375K(165376K)->1535K(159744K) Eden: 163840K(163840K)->0K(158208K) From: 1535K(1536K)->1535K(1536K)
[50.433s][info][gc,heap        ] GC(84) ParOldGen: 283714K(284160K)->283730K(284160K)
[50.433s][info][gc,metaspace   ] GC(84) Metaspace: 55523K(55872K)->55523K(55872K) NonClass: 47286K(47552K)->47286K(47552K) Class: 8236K(8320K)->8236K(8320K)
[50.433s][info][gc             ] GC(84) Pause Young (Allocation Failure) 438M->278M(433M) 3.278ms
[50.433s][info][gc,cpu         ] GC(84) User=0.00s Sys=0.00s Real=0.01s
[50.837s][info][gc,start       ] GC(85) Pause Young (Allocation Failure)
[50.841s][info][gc,heap        ] GC(85) PSYoungGen: 159513K(159744K)->2240K(155648K) Eden: 157977K(158208K)->0K(153088K) From: 1535K(1536K)->2240K(2560K)
[50.841s][info][gc,heap        ] GC(85) ParOldGen: 283730K(284160K)->283746K(284160K)
[50.841s][info][gc,metaspace   ] GC(85) Metaspace: 55527K(55872K)->55527K(55872K) NonClass: 47290K(47552K)->47290K(47552K) Class: 8236K(8320K)->8236K(8320K)
[50.841s][info][gc             ] GC(85) Pause Young (Allocation Failure) 432M->279M(429M) 4.611ms
[50.841s][info][gc,cpu         ] GC(85) User=0.01s Sys=0.00s Real=0.00s
[51.235s][info][gc,start       ] GC(86) Pause Young (Allocation Failure)
[51.239s][info][gc,heap        ] GC(86) PSYoungGen: 155328K(155648K)->1728K(150016K) Eden: 153088K(153088K)->0K(147968K) From: 2240K(2560K)->1728K(2048K)
[51.239s][info][gc,heap        ] GC(86) ParOldGen: 283746K(284160K)->283762K(284160K)
[51.239s][info][gc,metaspace   ] GC(86) Metaspace: 55527K(55872K)->55527K(55872K) NonClass: 47290K(47552K)->47290K(47552K) Class: 8236K(8320K)->8236K(8320K)
[51.239s][info][gc             ] GC(86) Pause Young (Allocation Failure) 428M->278M(424M) 4.074ms
[51.239s][info][gc,cpu         ] GC(86) User=0.01s Sys=0.00s Real=0.00s
[51.658s][info][gc,start       ] GC(87) Pause Young (Allocation Failure)
[51.679s][info][gc,heap        ] GC(87) PSYoungGen: 149696K(150016K)->2047K(179712K) Eden: 147968K(147968K)->0K(177664K) From: 1728K(2048K)->2047K(2048K)
[51.679s][info][gc,heap        ] GC(87) ParOldGen: 283762K(284160K)->283898K(284160K)
[51.679s][info][gc,metaspace   ] GC(87) Metaspace: 55527K(55872K)->55527K(55872K) NonClass: 47290K(47552K)->47290K(47552K) Class: 8236K(8320K)->8236K(8320K)
[51.679s][info][gc             ] GC(87) Pause Young (Allocation Failure) 423M->279M(453M) 21.071ms
[51.679s][info][gc,cpu         ] GC(87) User=0.02s Sys=0.00s Real=0.02s
[52.061s][info][gc,start       ] GC(88) Pause Young (Allocation Failure)
[52.066s][info][gc,heap        ] GC(88) PSYoungGen: 179590K(179712K)->1280K(215040K) Eden: 177543K(177664K)->0K(213504K) From: 2047K(2048K)->1280K(1536K)
[52.066s][info][gc,heap        ] GC(88) ParOldGen: 283898K(284160K)->285434K(285696K)
[52.066s][info][gc,metaspace   ] GC(88) Metaspace: 55527K(55872K)->55527K(55872K) NonClass: 47290K(47552K)->47290K(47552K) Class: 8236K(8320K)->8236K(8320K)
[52.066s][info][gc             ] GC(88) Pause Young (Allocation Failure) 452M->279M(489M) 5.428ms
[52.066s][info][gc,cpu         ] GC(88) User=0.01s Sys=0.00s Real=0.01s
[52.629s][info][gc,start       ] GC(89) Pause Young (Allocation Failure)
[52.633s][info][gc,heap        ] GC(89) PSYoungGen: 214784K(215040K)->1664K(246272K) Eden: 213504K(213504K)->0K(243200K) From: 1280K(1536K)->1664K(3072K)
[52.633s][info][gc,heap        ] GC(89) ParOldGen: 285434K(285696K)->285610K(285696K)
[52.633s][info][gc,metaspace   ] GC(89) Metaspace: 55527K(55872K)->55527K(55872K) NonClass: 47290K(47552K)->47290K(47552K) Class: 8236K(8320K)->8236K(8320K)
[52.633s][info][gc             ] GC(89) Pause Young (Allocation Failure) 488M->280M(519M) 4.234ms
[52.633s][info][gc,cpu         ] GC(89) User=0.01s Sys=0.00s Real=0.01s
[53.246s][info][gc,start       ] GC(90) Pause Young (Allocation Failure)
[53.250s][info][gc,heap        ] GC(90) PSYoungGen: 244777K(246272K)->1696K(246272K) Eden: 243113K(243200K)->0K(243200K) From: 1664K(3072K)->1696K(3072K)
[53.250s][info][gc,heap        ] GC(90) ParOldGen: 285610K(285696K)->285626K(285696K)
[53.250s][info][gc,metaspace   ] GC(90) Metaspace: 55527K(55872K)->55527K(55872K) NonClass: 47290K(47552K)->47290K(47552K) Class: 8236K(8320K)->8236K(8320K)
[53.250s][info][gc             ] GC(90) Pause Young (Allocation Failure) 517M->280M(519M) 4.159ms
[53.250s][info][gc,cpu         ] GC(90) User=0.01s Sys=0.00s Real=0.00s
[53.924s][info][gc,start       ] GC(91) Pause Young (Allocation Failure)
[53.927s][info][gc,heap        ] GC(91) PSYoungGen: 244896K(246272K)->1022K(294912K) Eden: 243200K(243200K)->0K(291840K) From: 1696K(3072K)->1022K(3072K)
[53.927s][info][gc,heap        ] GC(91) ParOldGen: 285626K(285696K)->285642K(285696K)
[53.927s][info][gc,metaspace   ] GC(91) Metaspace: 55527K(55872K)->55527K(55872K) NonClass: 47290K(47552K)->47290K(47552K) Class: 8236K(8320K)->8236K(8320K)
[53.927s][info][gc             ] GC(91) Pause Young (Allocation Failure) 518M->279M(567M) 2.714ms
[53.927s][info][gc,cpu         ] GC(91) User=0.01s Sys=0.00s Real=0.00s
[54.647s][info][gc,start       ] GC(92) Pause Young (Allocation Failure)
[54.654s][info][gc,heap        ] GC(92) PSYoungGen: 292862K(294912K)->1952K(282112K) Eden: 291840K(291840K)->0K(280064K) From: 1022K(3072K)->1952K(2048K)
[54.654s][info][gc,heap        ] GC(92) ParOldGen: 285642K(285696K)->285666K(285696K)
[54.654s][info][gc,metaspace   ] GC(92) Metaspace: 55527K(55872K)->55527K(55872K) NonClass: 47290K(47552K)->47290K(47552K) Class: 8236K(8320K)->8236K(8320K)
[54.654s][info][gc             ] GC(92) Pause Young (Allocation Failure) 564M->280M(554M) 6.513ms
[54.654s][info][gc,cpu         ] GC(92) User=0.01s Sys=0.01s Real=0.01s
[55.346s][info][gc,start       ] GC(93) Pause Young (Allocation Failure)
[55.351s][info][gc,heap        ] GC(93) PSYoungGen: 281708K(282112K)->1536K(270336K) Eden: 279756K(280064K)->0K(268800K) From: 1952K(2048K)->1536K(1536K)
[55.351s][info][gc,heap        ] GC(93) ParOldGen: 285666K(285696K)->286322K(286720K)
[55.351s][info][gc,metaspace   ] GC(93) Metaspace: 55527K(55872K)->55527K(55872K) NonClass: 47290K(47552K)->47290K(47552K) Class: 8236K(8320K)->8236K(8320K)
[55.351s][info][gc             ] GC(93) Pause Young (Allocation Failure) 554M->281M(544M) 5.373ms
[55.351s][info][gc,cpu         ] GC(93) User=0.01s Sys=0.00s Real=0.00s
[56.059s][info][gc,start       ] GC(94) Pause Young (Allocation Failure)
[56.066s][info][gc,heap        ] GC(94) PSYoungGen: 270336K(270336K)->3007K(261120K) Eden: 268800K(268800K)->0K(258048K) From: 1536K(1536K)->3007K(3072K)
[56.066s][info][gc,heap        ] GC(94) ParOldGen: 286322K(286720K)->287793K(288256K)
[56.066s][info][gc,metaspace   ] GC(94) Metaspace: 55527K(55872K)->55527K(55872K) NonClass: 47290K(47552K)->47290K(47552K) Class: 8236K(8320K)->8236K(8320K)
[56.066s][info][gc             ] GC(94) Pause Young (Allocation Failure) 543M->283M(536M) 6.908ms
[56.066s][info][gc,cpu         ] GC(94) User=0.01s Sys=0.00s Real=0.01s
[56.725s][info][gc,start       ] GC(95) Pause Young (Allocation Failure)
[56.729s][info][gc,heap        ] GC(95) PSYoungGen: 261055K(261120K)->1631K(249856K) Eden: 258048K(258048K)->0K(247808K) From: 3007K(3072K)->1631K(2048K)
[56.729s][info][gc,heap        ] GC(95) ParOldGen: 287793K(288256K)->288168K(288256K)
[56.729s][info][gc,metaspace   ] GC(95) Metaspace: 55527K(55872K)->55527K(55872K) NonClass: 47290K(47552K)->47290K(47552K) Class: 8236K(8320K)->8236K(8320K)
[56.729s][info][gc             ] GC(95) Pause Young (Allocation Failure) 535M->283M(525M) 3.684ms
[56.729s][info][gc,cpu         ] GC(95) User=0.01s Sys=0.00s Real=0.00s
[57.346s][info][gc,start       ] GC(96) Pause Young (Allocation Failure)
[57.349s][info][gc,heap        ] GC(96) PSYoungGen: 249439K(249856K)->1088K(239616K) Eden: 247808K(247808K)->0K(238080K) From: 1631K(2048K)->1088K(1536K)
[57.349s][info][gc,heap        ] GC(96) ParOldGen: 288168K(288256K)->288184K(288256K)
[57.349s][info][gc,metaspace   ] GC(96) Metaspace: 55527K(55872K)->55527K(55872K) NonClass: 47290K(47552K)->47290K(47552K) Class: 8236K(8320K)->8236K(8320K)
[57.349s][info][gc             ] GC(96) Pause Young (Allocation Failure) 525M->282M(515M) 3.296ms
[57.349s][info][gc,cpu         ] GC(96) User=0.00s Sys=0.00s Real=0.00s
[57.953s][info][gc,start       ] GC(97) Pause Young (Allocation Failure)
[57.956s][info][gc,heap        ] GC(97) PSYoungGen: 239168K(239616K)->1312K(230400K) Eden: 238080K(238080K)->0K(228864K) From: 1088K(1536K)->1312K(1536K)
[57.956s][info][gc,heap        ] GC(97) ParOldGen: 288184K(288256K)->288208K(288256K)
[57.956s][info][gc,metaspace   ] GC(97) Metaspace: 55527K(55872K)->55527K(55872K) NonClass: 47290K(47552K)->47290K(47552K) Class: 8236K(8320K)->8236K(8320K)
[57.956s][info][gc             ] GC(97) Pause Young (Allocation Failure) 514M->282M(506M) 3.585ms
[57.956s][info][gc,cpu         ] GC(97) User=0.00s Sys=0.00s Real=0.01s
[58.548s][info][gc,start       ] GC(98) Pause Young (Allocation Failure)
[58.552s][info][gc,heap        ] GC(98) PSYoungGen: 230176K(230400K)->2303K(222720K) Eden: 228864K(228864K)->0K(220160K) From: 1312K(1536K)->2303K(2560K)
[58.552s][info][gc,heap        ] GC(98) ParOldGen: 288208K(288256K)->288232K(288256K)
[58.552s][info][gc,metaspace   ] GC(98) Metaspace: 55527K(55872K)->55527K(55872K) NonClass: 47290K(47552K)->47290K(47552K) Class: 8236K(8320K)->8236K(8320K)
[58.552s][info][gc             ] GC(98) Pause Young (Allocation Failure) 506M->283M(499M) 4.412ms
[58.552s][info][gc,cpu         ] GC(98) User=0.01s Sys=0.00s Real=0.00s
[59.175s][info][gc,start       ] GC(99) Pause Young (Allocation Failure)
[59.180s][info][gc,heap        ] GC(99) PSYoungGen: 222463K(222720K)->2249K(214528K) Eden: 220160K(220160K)->0K(211968K) From: 2303K(2560K)->2249K(2560K)
[59.180s][info][gc,heap        ] GC(99) ParOldGen: 288232K(288256K)->288248K(288256K)
[59.180s][info][gc,metaspace   ] GC(99) Metaspace: 55527K(55872K)->55527K(55872K) NonClass: 47290K(47552K)->47290K(47552K) Class: 8236K(8320K)->8236K(8320K)
[59.180s][info][gc             ] GC(99) Pause Young (Allocation Failure) 498M->283M(491M) 4.568ms
[59.180s][info][gc,cpu         ] GC(99) User=0.01s Sys=0.00s Real=0.00s
[61.390s][info][gc,start       ] GC(100) Pause Young (Allocation Failure)
[61.441s][info][gc,heap        ] GC(100) PSYoungGen: 214217K(214528K)->960K(255488K) Eden: 211968K(211968K)->0K(254464K) From: 2249K(2560K)->960K(1024K)
[61.441s][info][gc,heap        ] GC(100) ParOldGen: 288248K(288256K)->366389K(367616K)
[61.441s][info][gc,metaspace   ] GC(100) Metaspace: 55902K(56256K)->55902K(56256K) NonClass: 47625K(47872K)->47625K(47872K) Class: 8277K(8384K)->8277K(8384K)
[61.441s][info][gc             ] GC(100) Pause Young (Allocation Failure) 490M->358M(608M) 51.068ms
[61.441s][info][gc,cpu         ] GC(100) User=0.03s Sys=0.06s Real=0.05s
[62.974s][info][gc,start       ] GC(101) Pause Young (Allocation Failure)
[63.008s][info][gc,heap        ] GC(101) PSYoungGen: 255338K(255488K)->3560K(272896K) Eden: 254378K(254464K)->0K(269312K) From: 960K(1024K)->3560K(3584K)
[63.008s][info][gc,heap        ] GC(101) ParOldGen: 366389K(367616K)->397355K(397824K)
[63.008s][info][gc,metaspace   ] GC(101) Metaspace: 56092K(56448K)->56092K(56448K) NonClass: 47815K(48064K)->47815K(48064K) Class: 8277K(8384K)->8277K(8384K)
[63.008s][info][gc             ] GC(101) Pause Young (Allocation Failure) 607M->391M(655M) 34.022ms
[63.008s][info][gc,cpu         ] GC(101) User=0.04s Sys=0.02s Real=0.03s
[63.631s][info][gc,start       ] GC(102) Pause Young (Allocation Failure)
[63.643s][info][gc,heap        ] GC(102) PSYoungGen: 272872K(272896K)->4657K(284672K) Eden: 269312K(269312K)->0K(269312K) From: 3560K(3584K)->4657K(15360K)
[63.643s][info][gc,heap        ] GC(102) ParOldGen: 397355K(397824K)->400916K(401408K)
[63.643s][info][gc,metaspace   ] GC(102) Metaspace: 56092K(56448K)->56092K(56448K) NonClass: 47815K(48064K)->47815K(48064K) Class: 8277K(8384K)->8277K(8384K)
[63.643s][info][gc             ] GC(102) Pause Young (Allocation Failure) 654M->396M(670M) 12.676ms
[63.643s][info][gc,cpu         ] GC(102) User=0.03s Sys=0.00s Real=0.02s
[64.333s][info][gc,start       ] GC(103) Pause Young (Allocation Failure)
[64.340s][info][gc,heap        ] GC(103) PSYoungGen: 273969K(284672K)->1056K(317440K) Eden: 269312K(269312K)->0K(304128K) From: 4657K(15360K)->1056K(13312K)
[64.340s][info][gc,heap        ] GC(103) ParOldGen: 400916K(401408K)->404525K(404992K)
[64.340s][info][gc,metaspace   ] GC(103) Metaspace: 56093K(56448K)->56093K(56448K) NonClass: 47815K(48064K)->47815K(48064K) Class: 8277K(8384K)->8277K(8384K)
[64.340s][info][gc             ] GC(103) Pause Young (Allocation Failure) 659M->396M(705M) 7.080ms
[64.340s][info][gc,cpu         ] GC(103) User=0.01s Sys=0.00s Real=0.00s
[65.168s][info][gc,start       ] GC(104) Pause Young (Allocation Failure)
[65.173s][info][gc,heap        ] GC(104) PSYoungGen: 305184K(317440K)->2239K(318464K) Eden: 304128K(304128K)->0K(304128K) From: 1056K(13312K)->2239K(14336K)
[65.173s][info][gc,heap        ] GC(104) ParOldGen: 404525K(404992K)->404549K(404992K)
[65.173s][info][gc,metaspace   ] GC(104) Metaspace: 56094K(56448K)->56094K(56448K) NonClass: 47816K(48064K)->47816K(48064K) Class: 8277K(8384K)->8277K(8384K)
[65.173s][info][gc             ] GC(104) Pause Young (Allocation Failure) 693M->397M(706M) 5.561ms
[65.173s][info][gc,cpu         ] GC(104) User=0.01s Sys=0.00s Real=0.01s
[65.927s][info][gc,start       ] GC(105) Pause Young (Allocation Failure)
[65.931s][info][gc,heap        ] GC(105) PSYoungGen: 306239K(318464K)->896K(317952K) Eden: 304000K(304128K)->0K(305664K) From: 2239K(14336K)->896K(12288K)
[65.931s][info][gc,heap        ] GC(105) ParOldGen: 404549K(404992K)->404581K(404992K)
[65.931s][info][gc,metaspace   ] GC(105) Metaspace: 56094K(56448K)->56094K(56448K) NonClass: 47817K(48064K)->47817K(48064K) Class: 8277K(8384K)->8277K(8384K)
[65.931s][info][gc             ] GC(105) Pause Young (Allocation Failure) 694M->395M(706M) 4.447ms
[65.931s][info][gc,cpu         ] GC(105) User=0.01s Sys=0.00s Real=0.00s
[66.814s][info][gc,start       ] GC(106) Pause Young (Allocation Failure)
[66.817s][info][gc,heap        ] GC(106) PSYoungGen: 306560K(317952K)->352K(293888K) Eden: 305664K(305664K)->0K(293376K) From: 896K(12288K)->352K(512K)
[66.817s][info][gc,heap        ] GC(106) ParOldGen: 404581K(404992K)->404613K(404992K)
[66.817s][info][gc,metaspace   ] GC(106) Metaspace: 56094K(56448K)->56094K(56448K) NonClass: 47817K(48064K)->47817K(48064K) Class: 8277K(8384K)->8277K(8384K)
[66.817s][info][gc             ] GC(106) Pause Young (Allocation Failure) 694M->395M(682M) 2.485ms
[66.817s][info][gc,cpu         ] GC(106) User=0.00s Sys=0.00s Real=0.00s
[67.539s][info][gc,start       ] GC(107) Pause Young (Allocation Failure)
[67.544s][info][gc,heap        ] GC(107) PSYoungGen: 293728K(293888K)->1951K(283648K) Eden: 293376K(293376K)->0K(281600K) From: 352K(512K)->1951K(2048K)
[67.544s][info][gc,heap        ] GC(107) ParOldGen: 404613K(404992K)->404645K(404992K)
[67.544s][info][gc,metaspace   ] GC(107) Metaspace: 56094K(56448K)->56094K(56448K) NonClass: 47817K(48064K)->47817K(48064K) Class: 8277K(8384K)->8277K(8384K)
[67.544s][info][gc             ] GC(107) Pause Young (Allocation Failure) 681M->397M(672M) 4.856ms
[67.544s][info][gc,cpu         ] GC(107) User=0.01s Sys=0.00s Real=0.01s
[68.294s][info][gc,start       ] GC(108) Pause Young (Allocation Failure)
[68.300s][info][gc,heap        ] GC(108) PSYoungGen: 283551K(283648K)->2303K(272896K) Eden: 281600K(281600K)->0K(270336K) From: 1951K(2048K)->2303K(2560K)
[68.300s][info][gc,heap        ] GC(108) ParOldGen: 404645K(404992K)->404669K(404992K)
[68.300s][info][gc,metaspace   ] GC(108) Metaspace: 56094K(56448K)->56094K(56448K) NonClass: 47817K(48064K)->47817K(48064K) Class: 8277K(8384K)->8277K(8384K)
[68.300s][info][gc             ] GC(108) Pause Young (Allocation Failure) 672M->397M(662M) 5.833ms
[68.300s][info][gc,cpu         ] GC(108) User=0.01s Sys=0.00s Real=0.00s
[68.954s][info][gc,start       ] GC(109) Pause Young (Allocation Failure)
[68.960s][info][gc,heap        ] GC(109) PSYoungGen: 272468K(272896K)->2175K(262144K) Eden: 270164K(270336K)->0K(259584K) From: 2303K(2560K)->2175K(2560K)
[68.960s][info][gc,heap        ] GC(109) ParOldGen: 404669K(404992K)->404685K(404992K)
[68.960s][info][gc,metaspace   ] GC(109) Metaspace: 56096K(56448K)->56096K(56448K) NonClass: 47818K(48064K)->47818K(48064K) Class: 8277K(8384K)->8277K(8384K)
[68.960s][info][gc             ] GC(109) Pause Young (Allocation Failure) 661M->397M(651M) 5.496ms
[68.960s][info][gc,cpu         ] GC(109) User=0.01s Sys=0.00s Real=0.00s
[69.638s][info][gc,start       ] GC(110) Pause Young (Allocation Failure)
[69.643s][info][gc,heap        ] GC(110) PSYoungGen: 261759K(262144K)->1951K(251392K) Eden: 259584K(259584K)->0K(249344K) From: 2175K(2560K)->1951K(2048K)
[69.643s][info][gc,heap        ] GC(110) ParOldGen: 404685K(404992K)->404709K(404992K)
[69.643s][info][gc,metaspace   ] GC(110) Metaspace: 56096K(56448K)->56096K(56448K) NonClass: 47818K(48064K)->47818K(48064K) Class: 8277K(8384K)->8277K(8384K)
[69.643s][info][gc             ] GC(110) Pause Young (Allocation Failure) 650M->397M(641M) 5.190ms
[69.643s][info][gc,cpu         ] GC(110) User=0.01s Sys=0.00s Real=0.01s
[70.250s][info][gc,start       ] GC(111) Pause Young (Allocation Failure)
[70.255s][info][gc,heap        ] GC(111) PSYoungGen: 251295K(251392K)->1855K(241664K) Eden: 249344K(249344K)->0K(239616K) From: 1951K(2048K)->1855K(2048K)
[70.255s][info][gc,heap        ] GC(111) ParOldGen: 404709K(404992K)->404725K(404992K)
[70.255s][info][gc,metaspace   ] GC(111) Metaspace: 56097K(56448K)->56097K(56448K) NonClass: 47819K(48064K)->47819K(48064K) Class: 8277K(8384K)->8277K(8384K)
[70.255s][info][gc             ] GC(111) Pause Young (Allocation Failure) 640M->397M(631M) 4.442ms
[70.255s][info][gc,cpu         ] GC(111) User=0.01s Sys=0.00s Real=0.01s
[70.855s][info][gc,start       ] GC(112) Pause Young (Allocation Failure)
[70.858s][info][gc,heap        ] GC(112) PSYoungGen: 241471K(241664K)->1055K(231936K) Eden: 239616K(239616K)->0K(230400K) From: 1855K(2048K)->1055K(1536K)
[70.858s][info][gc,heap        ] GC(112) ParOldGen: 404725K(404992K)->404741K(404992K)
[70.858s][info][gc,metaspace   ] GC(112) Metaspace: 56097K(56448K)->56097K(56448K) NonClass: 47819K(48064K)->47819K(48064K) Class: 8277K(8384K)->8277K(8384K)
[70.858s][info][gc             ] GC(112) Pause Young (Allocation Failure) 631M->396M(622M) 3.038ms
[70.858s][info][gc,cpu         ] GC(112) User=0.01s Sys=0.01s Real=0.00s
[71.521s][info][gc,start       ] GC(113) Pause Young (Allocation Failure)
[71.525s][info][gc,heap        ] GC(113) PSYoungGen: 231455K(231936K)->1536K(223232K) Eden: 230400K(230400K)->0K(221696K) From: 1055K(1536K)->1536K(1536K)
[71.525s][info][gc,heap        ] GC(113) ParOldGen: 404741K(404992K)->404757K(404992K)
[71.526s][info][gc,metaspace   ] GC(113) Metaspace: 56097K(56448K)->56097K(56448K) NonClass: 47819K(48064K)->47819K(48064K) Class: 8277K(8384K)->8277K(8384K)
[71.526s][info][gc             ] GC(113) Pause Young (Allocation Failure) 621M->396M(613M) 4.354ms
[71.526s][info][gc,cpu         ] GC(113) User=0.00s Sys=0.00s Real=0.01s
[72.075s][info][gc,start       ] GC(114) Pause Young (Allocation Failure)
[72.078s][info][gc,heap        ] GC(114) PSYoungGen: 223232K(223232K)->864K(214528K) Eden: 221696K(221696K)->0K(213504K) From: 1536K(1536K)->864K(1024K)
[72.078s][info][gc,heap        ] GC(114) ParOldGen: 404757K(404992K)->404773K(404992K)
[72.078s][info][gc,metaspace   ] GC(114) Metaspace: 56097K(56448K)->56097K(56448K) NonClass: 47819K(48064K)->47819K(48064K) Class: 8277K(8384K)->8277K(8384K)
[72.078s][info][gc             ] GC(114) Pause Young (Allocation Failure) 613M->396M(605M) 2.887ms
[72.078s][info][gc,cpu         ] GC(114) User=0.00s Sys=0.00s Real=0.00s
[72.554s][info][gc,start       ] GC(115) Pause Young (Allocation Failure)
[72.558s][info][gc,heap        ] GC(115) PSYoungGen: 214368K(214528K)->1439K(207360K) Eden: 213504K(213504K)->0K(205824K) From: 864K(1024K)->1439K(1536K)
[72.558s][info][gc,heap        ] GC(115) ParOldGen: 404773K(404992K)->404789K(404992K)
[72.558s][info][gc,metaspace   ] GC(115) Metaspace: 56101K(56448K)->56101K(56448K) NonClass: 47823K(48064K)->47823K(48064K) Class: 8277K(8384K)->8277K(8384K)
[72.558s][info][gc             ] GC(115) Pause Young (Allocation Failure) 604M->396M(598M) 3.750ms
[72.558s][info][gc,cpu         ] GC(115) User=0.00s Sys=0.00s Real=0.00s
[73.125s][info][gc,start       ] GC(116) Pause Young (Allocation Failure)
[73.129s][info][gc,heap        ] GC(116) PSYoungGen: 207100K(207360K)->1312K(199680K) Eden: 205661K(205824K)->0K(198144K) From: 1439K(1536K)->1312K(1536K)
[73.129s][info][gc,heap        ] GC(116) ParOldGen: 404789K(404992K)->404805K(404992K)
[73.129s][info][gc,metaspace   ] GC(116) Metaspace: 56101K(56448K)->56101K(56448K) NonClass: 47823K(48064K)->47823K(48064K) Class: 8277K(8384K)->8277K(8384K)
[73.129s][info][gc             ] GC(116) Pause Young (Allocation Failure) 597M->396M(590M) 3.579ms
[73.129s][info][gc,cpu         ] GC(116) User=0.01s Sys=0.00s Real=0.00s
[73.620s][info][gc,start       ] GC(117) Pause Young (Allocation Failure)
[73.624s][info][gc,heap        ] GC(117) PSYoungGen: 199456K(199680K)->1055K(192512K) Eden: 198144K(198144K)->0K(190976K) From: 1312K(1536K)->1055K(1536K)
[73.624s][info][gc,heap        ] GC(117) ParOldGen: 404805K(404992K)->404821K(404992K)
[73.624s][info][gc,metaspace   ] GC(117) Metaspace: 56101K(56448K)->56101K(56448K) NonClass: 47823K(48064K)->47823K(48064K) Class: 8277K(8384K)->8277K(8384K)
[73.624s][info][gc             ] GC(117) Pause Young (Allocation Failure) 590M->396M(583M) 3.548ms
[73.624s][info][gc,cpu         ] GC(117) User=0.01s Sys=0.00s Real=0.01s
[74.115s][info][gc,start       ] GC(118) Pause Young (Allocation Failure)
[74.118s][info][gc,heap        ] GC(118) PSYoungGen: 192031K(192512K)->895K(185344K) Eden: 190976K(190976K)->0K(184320K) From: 1055K(1536K)->895K(1024K)
[74.118s][info][gc,heap        ] GC(118) ParOldGen: 404821K(404992K)->404837K(404992K)
[74.118s][info][gc,metaspace   ] GC(118) Metaspace: 56103K(56448K)->56103K(56448K) NonClass: 47825K(48064K)->47825K(48064K) Class: 8277K(8384K)->8277K(8384K)
[74.118s][info][gc             ] GC(118) Pause Young (Allocation Failure) 582M->396M(576M) 2.581ms
[74.118s][info][gc,cpu         ] GC(118) User=0.00s Sys=0.00s Real=0.00s
[74.550s][info][gc,start       ] GC(119) Pause Young (Allocation Failure)
[74.554s][info][gc,heap        ] GC(119) PSYoungGen: 185215K(185344K)->2207K(180224K) Eden: 184320K(184320K)->0K(177664K) From: 895K(1024K)->2207K(2560K)
[74.554s][info][gc,heap        ] GC(119) ParOldGen: 404837K(404992K)->404853K(404992K)
[74.554s][info][gc,metaspace   ] GC(119) Metaspace: 56103K(56448K)->56103K(56448K) NonClass: 47825K(48064K)->47825K(48064K) Class: 8277K(8384K)->8277K(8384K)
[74.554s][info][gc             ] GC(119) Pause Young (Allocation Failure) 576M->397M(571M) 4.634ms
[74.554s][info][gc,cpu         ] GC(119) User=0.01s Sys=0.00s Real=0.01s
[75.022s][info][gc,start       ] GC(120) Pause Young (Allocation Failure)
[75.026s][info][gc,heap        ] GC(120) PSYoungGen: 179871K(180224K)->1535K(173056K) Eden: 177664K(177664K)->0K(171520K) From: 2207K(2560K)->1535K(1536K)
[75.026s][info][gc,heap        ] GC(120) ParOldGen: 404853K(404992K)->404869K(404992K)
[75.026s][info][gc,metaspace   ] GC(120) Metaspace: 56103K(56448K)->56103K(56448K) NonClass: 47825K(48064K)->47825K(48064K) Class: 8277K(8384K)->8277K(8384K)
[75.026s][info][gc             ] GC(120) Pause Young (Allocation Failure) 571M->396M(564M) 3.498ms
[75.026s][info][gc,cpu         ] GC(120) User=0.00s Sys=0.00s Real=0.01s
[75.444s][info][gc,start       ] GC(121) Pause Young (Allocation Failure)
[75.448s][info][gc,heap        ] GC(121) PSYoungGen: 173055K(173056K)->2207K(167936K) Eden: 171520K(171520K)->0K(165376K) From: 1535K(1536K)->2207K(2560K)
[75.448s][info][gc,heap        ] GC(121) ParOldGen: 404869K(404992K)->404885K(404992K)
[75.448s][info][gc,metaspace   ] GC(121) Metaspace: 56103K(56448K)->56103K(56448K) NonClass: 47825K(48064K)->47825K(48064K) Class: 8277K(8384K)->8277K(8384K)
[75.448s][info][gc             ] GC(121) Pause Young (Allocation Failure) 564M->397M(559M) 4.611ms
[75.448s][info][gc,cpu         ] GC(121) User=0.01s Sys=0.00s Real=0.00s
[75.854s][info][gc,start       ] GC(122) Pause Young (Allocation Failure)
[75.858s][info][gc,heap        ] GC(122) PSYoungGen: 167520K(167936K)->1280K(161280K) Eden: 165313K(165376K)->0K(159744K) From: 2207K(2560K)->1280K(1536K)
[75.858s][info][gc,heap        ] GC(122) ParOldGen: 404885K(404992K)->404901K(404992K)
[75.858s][info][gc,metaspace   ] GC(122) Metaspace: 56103K(56448K)->56103K(56448K) NonClass: 47825K(48064K)->47825K(48064K) Class: 8277K(8384K)->8277K(8384K)
[75.858s][info][gc             ] GC(122) Pause Young (Allocation Failure) 558M->396M(553M) 3.615ms
[75.858s][info][gc,cpu         ] GC(122) User=0.01s Sys=0.00s Real=0.00s
[76.256s][info][gc,start       ] GC(123) Pause Young (Allocation Failure)
[76.259s][info][gc,heap        ] GC(123) PSYoungGen: 160747K(161280K)->544K(155136K) Eden: 159467K(159744K)->0K(154112K) From: 1280K(1536K)->544K(1024K)
[76.259s][info][gc,heap        ] GC(123) ParOldGen: 404901K(404992K)->404917K(404992K)
[76.259s][info][gc,metaspace   ] GC(123) Metaspace: 56103K(56448K)->56103K(56448K) NonClass: 47825K(48064K)->47825K(48064K) Class: 8277K(8384K)->8277K(8384K)
[76.259s][info][gc             ] GC(123) Pause Young (Allocation Failure) 552M->395M(547M) 2.849ms
[76.259s][info][gc,cpu         ] GC(123) User=0.00s Sys=0.00s Real=0.00s
[76.658s][info][gc,start       ] GC(124) Pause Young (Allocation Failure)
[76.662s][info][gc,heap        ] GC(124) PSYoungGen: 154498K(155136K)->1312K(150528K) Eden: 153954K(154112K)->0K(148992K) From: 544K(1024K)->1312K(1536K)
[76.662s][info][gc,heap        ] GC(124) ParOldGen: 404917K(404992K)->404933K(404992K)
[76.662s][info][gc,metaspace   ] GC(124) Metaspace: 56103K(56448K)->56103K(56448K) NonClass: 47825K(48064K)->47825K(48064K) Class: 8277K(8384K)->8277K(8384K)
[76.662s][info][gc             ] GC(124) Pause Young (Allocation Failure) 546M->396M(542M) 4.946ms
[76.662s][info][gc,cpu         ] GC(124) User=0.00s Sys=0.00s Real=0.00s
[77.043s][info][gc,start       ] GC(125) Pause Young (Allocation Failure)
[77.048s][info][gc,heap        ] GC(125) PSYoungGen: 150127K(150528K)->2272K(146432K) Eden: 148815K(148992K)->0K(143872K) From: 1312K(1536K)->2272K(2560K)
[77.048s][info][gc,heap        ] GC(125) ParOldGen: 404933K(404992K)->404949K(404992K)
[77.048s][info][gc,metaspace   ] GC(125) Metaspace: 56103K(56448K)->56103K(56448K) NonClass: 47825K(48064K)->47825K(48064K) Class: 8277K(8384K)->8277K(8384K)
[77.048s][info][gc             ] GC(125) Pause Young (Allocation Failure) 542M->397M(538M) 4.976ms
[77.048s][info][gc,cpu         ] GC(125) User=0.01s Sys=0.00s Real=0.00s
[77.526s][info][gc,start       ] GC(126) Pause Young (Allocation Failure)
[77.535s][info][gc,heap        ] GC(126) PSYoungGen: 145984K(146432K)->5088K(178176K) Eden: 143712K(143872K)->0K(173056K) From: 2272K(2560K)->5088K(5120K)
[77.535s][info][gc,heap        ] GC(126) ParOldGen: 404949K(404992K)->404965K(404992K)
[77.535s][info][gc,metaspace   ] GC(126) Metaspace: 56103K(56448K)->56103K(56448K) NonClass: 47825K(48064K)->47825K(48064K) Class: 8277K(8384K)->8277K(8384K)
[77.535s][info][gc             ] GC(126) Pause Young (Allocation Failure) 538M->400M(569M) 8.893ms
[77.535s][info][gc,cpu         ] GC(126) User=0.02s Sys=0.00s Real=0.01s
[77.849s][info][gc,start       ] GC(127) Pause Young (Allocation Failure)
[77.853s][info][gc,heap        ] GC(127) PSYoungGen: 178144K(178176K)->1920K(209920K) Eden: 173056K(173056K)->0K(207872K) From: 5088K(5120K)->1920K(2048K)
[77.853s][info][gc,heap        ] GC(127) ParOldGen: 404965K(404992K)->404981K(404992K)
[77.853s][info][gc,metaspace   ] GC(127) Metaspace: 56103K(56448K)->56103K(56448K) NonClass: 47825K(48064K)->47825K(48064K) Class: 8277K(8384K)->8277K(8384K)
[77.853s][info][gc             ] GC(127) Pause Young (Allocation Failure) 569M->397M(600M) 4.195ms
[77.853s][info][gc,cpu         ] GC(127) User=0.01s Sys=0.00s Real=0.01s
[78.415s][info][gc,start       ] GC(128) Pause Young (Allocation Failure)
[78.418s][info][gc,heap        ] GC(128) PSYoungGen: 209792K(209920K)->718K(201216K) Eden: 207872K(207872K)->0K(200192K) From: 1920K(2048K)->718K(1024K)
[78.418s][info][gc,heap        ] GC(128) ParOldGen: 404981K(404992K)->404997K(405504K)
[78.418s][info][gc,metaspace   ] GC(128) Metaspace: 56103K(56448K)->56103K(56448K) NonClass: 47825K(48064K)->47825K(48064K) Class: 8277K(8384K)->8277K(8384K)
[78.418s][info][gc             ] GC(128) Pause Young (Allocation Failure) 600M->396M(592M) 2.694ms
[78.418s][info][gc,cpu         ] GC(128) User=0.00s Sys=0.00s Real=0.00s
[78.925s][info][gc,start       ] GC(129) Pause Young (Allocation Failure)
[78.929s][info][gc,heap        ] GC(129) PSYoungGen: 200910K(201216K)->1567K(195072K) Eden: 200192K(200192K)->0K(193024K) From: 718K(1024K)->1567K(2048K)
[78.929s][info][gc,heap        ] GC(129) ParOldGen: 404997K(405504K)->405013K(405504K)
[78.929s][info][gc,metaspace   ] GC(129) Metaspace: 56103K(56448K)->56103K(56448K) NonClass: 47825K(48064K)->47825K(48064K) Class: 8277K(8384K)->8277K(8384K)
[78.929s][info][gc             ] GC(129) Pause Young (Allocation Failure) 591M->397M(586M) 3.731ms
[78.929s][info][gc,cpu         ] GC(129) User=0.01s Sys=0.01s Real=0.00s
[79.426s][info][gc,start       ] GC(130) Pause Young (Allocation Failure)
[79.432s][info][gc,heap        ] GC(130) PSYoungGen: 194591K(195072K)->2015K(187904K) Eden: 193024K(193024K)->0K(185856K) From: 1567K(2048K)->2015K(2048K)
[79.432s][info][gc,heap        ] GC(130) ParOldGen: 405013K(405504K)->405029K(405504K)
[79.432s][info][gc,metaspace   ] GC(130) Metaspace: 56104K(56448K)->56104K(56448K) NonClass: 47826K(48064K)->47826K(48064K) Class: 8277K(8384K)->8277K(8384K)
[79.432s][info][gc             ] GC(130) Pause Young (Allocation Failure) 585M->397M(579M) 6.164ms
[79.432s][info][gc,cpu         ] GC(130) User=0.01s Sys=0.00s Real=0.00s
[79.915s][info][gc,start       ] GC(131) Pause Young (Allocation Failure)
[79.918s][info][gc,heap        ] GC(131) PSYoungGen: 187871K(187904K)->562K(180224K) Eden: 185856K(185856K)->0K(179200K) From: 2015K(2048K)->562K(1024K)
[79.918s][info][gc,heap        ] GC(131) ParOldGen: 405029K(405504K)->405045K(405504K)
[79.918s][info][gc,metaspace   ] GC(131) Metaspace: 56104K(56448K)->56104K(56448K) NonClass: 47826K(48064K)->47826K(48064K) Class: 8277K(8384K)->8277K(8384K)
[79.918s][info][gc             ] GC(131) Pause Young (Allocation Failure) 579M->396M(572M) 2.602ms
[79.918s][info][gc,cpu         ] GC(131) User=0.01s Sys=0.00s Real=0.00s
[80.348s][info][gc,start       ] GC(132) Pause Young (Allocation Failure)
[80.351s][info][gc,heap        ] GC(132) PSYoungGen: 179762K(180224K)->863K(174080K) Eden: 179200K(179200K)->0K(173056K) From: 562K(1024K)->863K(1024K)
[80.351s][info][gc,heap        ] GC(132) ParOldGen: 405045K(405504K)->405061K(405504K)
[80.351s][info][gc,metaspace   ] GC(132) Metaspace: 56104K(56448K)->56104K(56448K) NonClass: 47826K(48064K)->47826K(48064K) Class: 8277K(8384K)->8277K(8384K)
[80.351s][info][gc             ] GC(132) Pause Young (Allocation Failure) 571M->396M(566M) 2.643ms
[80.351s][info][gc,cpu         ] GC(132) User=0.01s Sys=0.00s Real=0.00s
[80.816s][info][gc,start       ] GC(133) Pause Young (Allocation Failure)
[80.818s][info][gc,heap        ] GC(133) PSYoungGen: 173919K(174080K)->630K(167936K) Eden: 173056K(173056K)->0K(166912K) From: 863K(1024K)->630K(1024K)
[80.818s][info][gc,heap        ] GC(133) ParOldGen: 405061K(405504K)->405077K(405504K)
[80.818s][info][gc,metaspace   ] GC(133) Metaspace: 56104K(56448K)->56104K(56448K) NonClass: 47826K(48064K)->47826K(48064K) Class: 8277K(8384K)->8277K(8384K)
[80.818s][info][gc             ] GC(133) Pause Young (Allocation Failure) 565M->396M(560M) 2.797ms
[80.818s][info][gc,cpu         ] GC(133) User=0.00s Sys=0.00s Real=0.00s
[81.228s][info][gc,start       ] GC(134) Pause Young (Allocation Failure)
[81.232s][info][gc,heap        ] GC(134) PSYoungGen: 167542K(167936K)->1983K(166400K) Eden: 166912K(166912K)->0K(161280K) From: 630K(1024K)->1983K(5120K)
[81.232s][info][gc,heap        ] GC(134) ParOldGen: 405077K(405504K)->405093K(405504K)
[81.232s][info][gc,metaspace   ] GC(134) Metaspace: 56104K(56448K)->56104K(56448K) NonClass: 47826K(48064K)->47826K(48064K) Class: 8277K(8384K)->8277K(8384K)
[81.232s][info][gc             ] GC(134) Pause Young (Allocation Failure) 559M->397M(558M) 3.839ms
[81.232s][info][gc,cpu         ] GC(134) User=0.01s Sys=0.00s Real=0.00s
[81.682s][info][gc,start       ] GC(135) Pause Young (Allocation Failure)
[81.686s][info][gc,heap        ] GC(135) PSYoungGen: 163263K(166400K)->1632K(157696K) Eden: 161280K(161280K)->0K(155648K) From: 1983K(5120K)->1632K(2048K)
[81.686s][info][gc,heap        ] GC(135) ParOldGen: 405093K(405504K)->405109K(405504K)
[81.686s][info][gc,metaspace   ] GC(135) Metaspace: 56104K(56448K)->56104K(56448K) NonClass: 47826K(48064K)->47826K(48064K) Class: 8277K(8384K)->8277K(8384K)
[81.686s][info][gc             ] GC(135) Pause Young (Allocation Failure) 555M->397M(550M) 4.056ms
[81.686s][info][gc,cpu         ] GC(135) User=0.01s Sys=0.00s Real=0.01s
[82.033s][info][gc,start       ] GC(136) Pause Young (Allocation Failure)
[82.037s][info][gc,heap        ] GC(136) PSYoungGen: 157280K(157696K)->1792K(152576K) Eden: 155648K(155648K)->0K(150528K) From: 1632K(2048K)->1792K(2048K)
[82.037s][info][gc,heap        ] GC(136) ParOldGen: 405109K(405504K)->405125K(405504K)
[82.037s][info][gc,metaspace   ] GC(136) Metaspace: 56104K(56448K)->56104K(56448K) NonClass: 47826K(48064K)->47826K(48064K) Class: 8277K(8384K)->8277K(8384K)
[82.037s][info][gc             ] GC(136) Pause Young (Allocation Failure) 549M->397M(545M) 4.226ms
[82.037s][info][gc,cpu         ] GC(136) User=0.01s Sys=0.00s Real=0.01s
[82.436s][info][gc,start       ] GC(137) Pause Young (Allocation Failure)
[82.446s][info][gc,heap        ] GC(137) PSYoungGen: 152320K(152576K)->1440K(182272K) Eden: 150528K(150528K)->0K(180736K) From: 1792K(2048K)->1440K(1536K)
[82.446s][info][gc,heap        ] GC(137) ParOldGen: 405125K(405504K)->405141K(405504K)
[82.446s][info][gc,metaspace   ] GC(137) Metaspace: 56104K(56448K)->56104K(56448K) NonClass: 47826K(48064K)->47826K(48064K) Class: 8277K(8384K)->8277K(8384K)
[82.446s][info][gc             ] GC(137) Pause Young (Allocation Failure) 544M->397M(574M) 10.052ms
[82.446s][info][gc,cpu         ] GC(137) User=0.01s Sys=0.00s Real=0.01s
[82.850s][info][gc,start       ] GC(138) Pause Young (Allocation Failure)
[82.854s][info][gc,heap        ] GC(138) PSYoungGen: 182176K(182272K)->1248K(210432K) Eden: 180736K(180736K)->0K(206336K) From: 1440K(1536K)->1248K(4096K)
[82.854s][info][gc,heap        ] GC(138) ParOldGen: 405141K(405504K)->405157K(405504K)
[82.854s][info][gc,metaspace   ] GC(138) Metaspace: 56104K(56448K)->56104K(56448K) NonClass: 47826K(48064K)->47826K(48064K) Class: 8277K(8384K)->8277K(8384K)
[82.854s][info][gc             ] GC(138) Pause Young (Allocation Failure) 573M->396M(601M) 3.815ms
[82.854s][info][gc,cpu         ] GC(138) User=0.00s Sys=0.00s Real=0.01s
[83.419s][info][gc,start       ] GC(139) Pause Young (Allocation Failure)
[83.422s][info][gc,heap        ] GC(139) PSYoungGen: 207450K(210432K)->608K(199680K) Eden: 206202K(206336K)->0K(198656K) From: 1248K(4096K)->608K(1024K)
[83.422s][info][gc,heap        ] GC(139) ParOldGen: 405157K(405504K)->405173K(405504K)
[83.422s][info][gc,metaspace   ] GC(139) Metaspace: 56104K(56448K)->56104K(56448K) NonClass: 47826K(48064K)->47826K(48064K) Class: 8277K(8384K)->8277K(8384K)
[83.422s][info][gc             ] GC(139) Pause Young (Allocation Failure) 598M->396M(591M) 2.645ms
[83.422s][info][gc,cpu         ] GC(139) User=0.01s Sys=0.00s Real=0.00s
[83.922s][info][gc,start       ] GC(140) Pause Young (Allocation Failure)
[83.925s][info][gc,heap        ] GC(140) PSYoungGen: 199264K(199680K)->1120K(195584K) Eden: 198656K(198656K)->0K(191488K) From: 608K(1024K)->1120K(4096K)
[83.925s][info][gc,heap        ] GC(140) ParOldGen: 405173K(405504K)->405189K(405504K)
[83.925s][info][gc,metaspace   ] GC(140) Metaspace: 56104K(56448K)->56104K(56448K) NonClass: 47826K(48064K)->47826K(48064K) Class: 8277K(8384K)->8277K(8384K)
[83.925s][info][gc             ] GC(140) Pause Young (Allocation Failure) 590M->396M(587M) 3.353ms
[83.926s][info][gc,cpu         ] GC(140) User=0.00s Sys=0.00s Real=0.01s
[84.416s][info][gc,start       ] GC(141) Pause Young (Allocation Failure)
[84.419s][info][gc,heap        ] GC(141) PSYoungGen: 192608K(195584K)->639K(185856K) Eden: 191488K(191488K)->0K(184832K) From: 1120K(4096K)->639K(1024K)
[84.419s][info][gc,heap        ] GC(141) ParOldGen: 405189K(405504K)->405205K(405504K)
[84.419s][info][gc,metaspace   ] GC(141) Metaspace: 56106K(56448K)->56106K(56448K) NonClass: 47829K(48064K)->47829K(48064K) Class: 8277K(8384K)->8277K(8384K)
[84.419s][info][gc             ] GC(141) Pause Young (Allocation Failure) 583M->396M(577M) 2.778ms
[84.419s][info][gc,cpu         ] GC(141) User=0.00s Sys=0.01s Real=0.00s
[84.849s][info][gc,start       ] GC(142) Pause Young (Allocation Failure)
[84.853s][info][gc,heap        ] GC(142) PSYoungGen: 185279K(185856K)->1760K(180224K) Eden: 184640K(184832K)->0K(178176K) From: 639K(1024K)->1760K(2048K)
[84.853s][info][gc,heap        ] GC(142) ParOldGen: 405205K(405504K)->405221K(405504K)
[84.853s][info][gc,metaspace   ] GC(142) Metaspace: 56106K(56448K)->56106K(56448K) NonClass: 47829K(48064K)->47829K(48064K) Class: 8277K(8384K)->8277K(8384K)
[84.853s][info][gc             ] GC(142) Pause Young (Allocation Failure) 576M->397M(572M) 4.183ms
[84.853s][info][gc,cpu         ] GC(142) User=0.01s Sys=0.00s Real=0.01s
[85.326s][info][gc,start       ] GC(143) Pause Young (Allocation Failure)
[85.330s][info][gc,heap        ] GC(143) PSYoungGen: 179936K(180224K)->1280K(173568K) Eden: 178176K(178176K)->0K(172032K) From: 1760K(2048K)->1280K(1536K)
[85.330s][info][gc,heap        ] GC(143) ParOldGen: 405221K(405504K)->405237K(405504K)
[85.330s][info][gc,metaspace   ] GC(143) Metaspace: 56106K(56448K)->56106K(56448K) NonClass: 47829K(48064K)->47829K(48064K) Class: 8277K(8384K)->8277K(8384K)
[85.330s][info][gc             ] GC(143) Pause Young (Allocation Failure) 571M->396M(565M) 3.750ms
[85.330s][info][gc,cpu         ] GC(143) User=0.01s Sys=0.00s Real=0.00s
[85.791s][info][gc,start       ] GC(144) Pause Young (Allocation Failure)
[85.794s][info][gc,heap        ] GC(144) PSYoungGen: 173312K(173568K)->927K(166912K) Eden: 172032K(172032K)->0K(165888K) From: 1280K(1536K)->927K(1024K)
[85.794s][info][gc,heap        ] GC(144) ParOldGen: 405237K(405504K)->405253K(405504K)
[85.794s][info][gc,metaspace   ] GC(144) Metaspace: 56106K(56448K)->56106K(56448K) NonClass: 47829K(48064K)->47829K(48064K) Class: 8277K(8384K)->8277K(8384K)
[85.794s][info][gc             ] GC(144) Pause Young (Allocation Failure) 564M->396M(559M) 2.568ms
[85.794s][info][gc,cpu         ] GC(144) User=0.00s Sys=0.00s Real=0.01s
[86.159s][info][gc,start       ] GC(145) Pause Young (Allocation Failure)
[86.162s][info][gc,heap        ] GC(145) PSYoungGen: 166785K(166912K)->1247K(161792K) Eden: 165858K(165888K)->0K(160256K) From: 927K(1024K)->1247K(1536K)
[86.162s][info][gc,heap        ] GC(145) ParOldGen: 405253K(405504K)->405269K(405504K)
[86.162s][info][gc,metaspace   ] GC(145) Metaspace: 56106K(56448K)->56106K(56448K) NonClass: 47829K(48064K)->47829K(48064K) Class: 8277K(8384K)->8277K(8384K)
[86.162s][info][gc             ] GC(145) Pause Young (Allocation Failure) 558M->396M(554M) 3.134ms
[86.162s][info][gc,cpu         ] GC(145) User=0.01s Sys=0.00s Real=0.00s
[86.560s][info][gc,start       ] GC(146) Pause Young (Allocation Failure)
[86.563s][info][gc,heap        ] GC(146) PSYoungGen: 161204K(161792K)->703K(155648K) Eden: 159956K(160256K)->0K(154624K) From: 1247K(1536K)->703K(1024K)
[86.563s][info][gc,heap        ] GC(146) ParOldGen: 405269K(405504K)->405285K(405504K)
[86.563s][info][gc,metaspace   ] GC(146) Metaspace: 56106K(56448K)->56106K(56448K) NonClass: 47829K(48064K)->47829K(48064K) Class: 8277K(8384K)->8277K(8384K)
[86.563s][info][gc             ] GC(146) Pause Young (Allocation Failure) 553M->396M(548M) 2.405ms
[86.563s][info][gc,cpu         ] GC(146) User=0.00s Sys=0.00s Real=0.01s
[86.956s][info][gc,start       ] GC(147) Pause Young (Allocation Failure)
[86.959s][info][gc,heap        ] GC(147) PSYoungGen: 155258K(155648K)->1152K(151040K) Eden: 154554K(154624K)->0K(149504K) From: 703K(1024K)->1152K(1536K)
[86.959s][info][gc,heap        ] GC(147) ParOldGen: 405285K(405504K)->405301K(405504K)
[86.959s][info][gc,metaspace   ] GC(147) Metaspace: 56106K(56448K)->56106K(56448K) NonClass: 47829K(48064K)->47829K(48064K) Class: 8277K(8384K)->8277K(8384K)
[86.959s][info][gc             ] GC(147) Pause Young (Allocation Failure) 547M->396M(543M) 3.302ms
[86.959s][info][gc,cpu         ] GC(147) User=0.01s Sys=0.00s Real=0.00s
[87.343s][info][gc,start       ] GC(148) Pause Young (Allocation Failure)
[87.346s][info][gc,heap        ] GC(148) PSYoungGen: 150656K(151040K)->1983K(146432K) Eden: 149504K(149504K)->0K(144384K) From: 1152K(1536K)->1983K(2048K)
[87.346s][info][gc,heap        ] GC(148) ParOldGen: 405301K(405504K)->405317K(405504K)
[87.346s][info][gc,metaspace   ] GC(148) Metaspace: 56106K(56448K)->56106K(56448K) NonClass: 47829K(48064K)->47829K(48064K) Class: 8277K(8384K)->8277K(8384K)
[87.346s][info][gc             ] GC(148) Pause Young (Allocation Failure) 542M->397M(539M) 3.941ms
[87.346s][info][gc,cpu         ] GC(148) User=0.00s Sys=0.00s Real=0.01s
[87.730s][info][gc,start       ] GC(149) Pause Young (Allocation Failure)
[87.733s][info][gc,heap        ] GC(149) PSYoungGen: 146367K(146432K)->1024K(140800K) Eden: 144384K(144384K)->0K(139776K) From: 1983K(2048K)->1024K(1024K)
[87.733s][info][gc,heap        ] GC(149) ParOldGen: 405317K(405504K)->405333K(405504K)
[87.733s][info][gc,metaspace   ] GC(149) Metaspace: 56108K(56448K)->56108K(56448K) NonClass: 47830K(48064K)->47830K(48064K) Class: 8277K(8384K)->8277K(8384K)
[87.733s][info][gc             ] GC(149) Pause Young (Allocation Failure) 538M->396M(533M) 3.039ms
[87.733s][info][gc,cpu         ] GC(149) User=0.00s Sys=0.00s Real=0.00s
[88.112s][info][gc,start       ] GC(150) Pause Young (Allocation Failure)
[88.114s][info][gc,heap        ] GC(150) PSYoungGen: 140800K(140800K)->234K(135680K) Eden: 139776K(139776K)->0K(135168K) From: 1024K(1024K)->234K(512K)
[88.114s][info][gc,heap        ] GC(150) ParOldGen: 405333K(405504K)->405349K(405504K)
[88.114s][info][gc,metaspace   ] GC(150) Metaspace: 56108K(56448K)->56108K(56448K) NonClass: 47830K(48064K)->47830K(48064K) Class: 8277K(8384K)->8277K(8384K)
[88.114s][info][gc             ] GC(150) Pause Young (Allocation Failure) 533M->396M(528M) 1.904ms
[88.114s][info][gc,cpu         ] GC(150) User=0.00s Sys=0.00s Real=0.01s
[88.435s][info][gc,start       ] GC(151) Pause Young (Allocation Failure)
[88.438s][info][gc,heap        ] GC(151) PSYoungGen: 135326K(135680K)->1216K(132608K) Eden: 135092K(135168K)->0K(131072K) From: 234K(512K)->1216K(1536K)
[88.438s][info][gc,heap        ] GC(151) ParOldGen: 405349K(405504K)->405365K(405504K)
[88.438s][info][gc,metaspace   ] GC(151) Metaspace: 56108K(56448K)->56108K(56448K) NonClass: 47830K(48064K)->47830K(48064K) Class: 8277K(8384K)->8277K(8384K)
[88.438s][info][gc             ] GC(151) Pause Young (Allocation Failure) 528M->397M(525M) 3.349ms
[88.438s][info][gc,cpu         ] GC(151) User=0.00s Sys=0.00s Real=0.00s
[88.793s][info][gc,start       ] GC(152) Pause Young (Allocation Failure)
[88.797s][info][gc,heap        ] GC(152) PSYoungGen: 132086K(132608K)->1536K(128512K) Eden: 130870K(131072K)->0K(126976K) From: 1216K(1536K)->1536K(1536K)
[88.797s][info][gc,heap        ] GC(152) ParOldGen: 405365K(405504K)->405381K(405504K)
[88.797s][info][gc,metaspace   ] GC(152) Metaspace: 56108K(56448K)->56108K(56448K) NonClass: 47830K(48064K)->47830K(48064K) Class: 8277K(8384K)->8277K(8384K)
[88.797s][info][gc             ] GC(152) Pause Young (Allocation Failure) 524M->397M(521M) 3.937ms
[88.797s][info][gc,cpu         ] GC(152) User=0.01s Sys=0.00s Real=0.01s
[89.113s][info][gc,start       ] GC(153) Pause Young (Allocation Failure)
[89.115s][info][gc,heap        ] GC(153) PSYoungGen: 128512K(128512K)->160K(123392K) Eden: 126976K(126976K)->0K(122880K) From: 1536K(1536K)->160K(512K)
[89.115s][info][gc,heap        ] GC(153) ParOldGen: 405381K(405504K)->405397K(405504K)
[89.115s][info][gc,metaspace   ] GC(153) Metaspace: 56109K(56448K)->56109K(56448K) NonClass: 47831K(48064K)->47831K(48064K) Class: 8277K(8384K)->8277K(8384K)
[89.115s][info][gc             ] GC(153) Pause Young (Allocation Failure) 521M->396M(516M) 2.047ms
[89.115s][info][gc,cpu         ] GC(153) User=0.00s Sys=0.00s Real=0.01s
[89.419s][info][gc,start       ] GC(154) Pause Young (Allocation Failure)
[89.421s][info][gc,heap        ] GC(154) PSYoungGen: 123040K(123392K)->704K(122368K) Eden: 122880K(122880K)->0K(119296K) From: 160K(512K)->704K(3072K)
[89.421s][info][gc,heap        ] GC(154) ParOldGen: 405397K(405504K)->405413K(405504K)
[89.421s][info][gc,metaspace   ] GC(154) Metaspace: 56109K(56448K)->56109K(56448K) NonClass: 47831K(48064K)->47831K(48064K) Class: 8277K(8384K)->8277K(8384K)
[89.421s][info][gc             ] GC(154) Pause Young (Allocation Failure) 516M->396M(515M) 2.495ms
[89.421s][info][gc,cpu         ] GC(154) User=0.00s Sys=0.00s Real=0.00s
[89.775s][info][gc,start       ] GC(155) Pause Young (Allocation Failure)
[89.777s][info][gc,heap        ] GC(155) PSYoungGen: 119906K(122368K)->352K(116224K) Eden: 119202K(119296K)->0K(115712K) From: 704K(3072K)->352K(512K)
[89.777s][info][gc,heap        ] GC(155) ParOldGen: 405413K(405504K)->405429K(405504K)
[89.777s][info][gc,metaspace   ] GC(155) Metaspace: 56109K(56448K)->56109K(56448K) NonClass: 47831K(48064K)->47831K(48064K) Class: 8277K(8384K)->8277K(8384K)
[89.777s][info][gc             ] GC(155) Pause Young (Allocation Failure) 513M->396M(509M) 2.353ms
[89.777s][info][gc,cpu         ] GC(155) User=0.00s Sys=0.00s Real=0.00s
[90.019s][info][gc,start       ] GC(156) Pause Young (Allocation Failure)
[90.021s][info][gc,heap        ] GC(156) PSYoungGen: 116050K(116224K)->736K(114688K) Eden: 115698K(115712K)->0K(112128K) From: 352K(512K)->736K(2560K)
[90.021s][info][gc,heap        ] GC(156) ParOldGen: 405429K(405504K)->405445K(405504K)
[90.021s][info][gc,metaspace   ] GC(156) Metaspace: 56109K(56448K)->56109K(56448K) NonClass: 47831K(48064K)->47831K(48064K) Class: 8277K(8384K)->8277K(8384K)
[90.021s][info][gc             ] GC(156) Pause Young (Allocation Failure) 509M->396M(508M) 2.551ms
[90.021s][info][gc,cpu         ] GC(156) User=0.00s Sys=0.00s Real=0.00s
[90.313s][info][gc,start       ] GC(157) Pause Young (Allocation Failure)
[90.315s][info][gc,heap        ] GC(157) PSYoungGen: 112864K(114688K)->256K(109568K) Eden: 112128K(112128K)->0K(109056K) From: 736K(2560K)->256K(512K)
[90.315s][info][gc,heap        ] GC(157) ParOldGen: 405445K(405504K)->405461K(405504K)
[90.315s][info][gc,metaspace   ] GC(157) Metaspace: 56109K(56448K)->56109K(56448K) NonClass: 47831K(48064K)->47831K(48064K) Class: 8277K(8384K)->8277K(8384K)
[90.315s][info][gc             ] GC(157) Pause Young (Allocation Failure) 506M->396M(503M) 2.112ms
[90.315s][info][gc,cpu         ] GC(157) User=0.01s Sys=0.00s Real=0.01s
[90.549s][info][gc,start       ] GC(158) Pause Young (Allocation Failure)
[90.553s][info][gc,heap        ] GC(158) PSYoungGen: 109164K(109568K)->1536K(108544K) Eden: 108908K(109056K)->0K(105984K) From: 256K(512K)->1536K(2560K)
[90.553s][info][gc,heap        ] GC(158) ParOldGen: 405461K(405504K)->405477K(405504K)
[90.553s][info][gc,metaspace   ] GC(158) Metaspace: 56109K(56448K)->56109K(56448K) NonClass: 47831K(48064K)->47831K(48064K) Class: 8277K(8384K)->8277K(8384K)
[90.553s][info][gc             ] GC(158) Pause Young (Allocation Failure) 502M->397M(502M) 3.646ms
[90.553s][info][gc,cpu         ] GC(158) User=0.00s Sys=0.00s Real=0.00s
[90.834s][info][gc,start       ] GC(159) Pause Young (Allocation Failure)
[90.838s][info][gc,heap        ] GC(159) PSYoungGen: 107520K(108544K)->2015K(129536K) Eden: 105984K(105984K)->0K(127488K) From: 1536K(2560K)->2015K(2048K)
[90.838s][info][gc,heap        ] GC(159) ParOldGen: 405477K(405504K)->405493K(405504K)
[90.838s][info][gc,metaspace   ] GC(159) Metaspace: 56109K(56448K)->56109K(56448K) NonClass: 47831K(48064K)->47831K(48064K) Class: 8277K(8384K)->8277K(8384K)
[90.838s][info][gc             ] GC(159) Pause Young (Allocation Failure) 500M->397M(522M) 3.875ms
[90.838s][info][gc,cpu         ] GC(159) User=0.01s Sys=0.00s Real=0.00s
[91.148s][info][gc,start       ] GC(160) Pause Young (Allocation Failure)
[91.151s][info][gc,heap        ] GC(160) PSYoungGen: 129185K(129536K)->1504K(154624K) Eden: 127169K(127488K)->0K(153088K) From: 2015K(2048K)->1504K(1536K)
[91.151s][info][gc,heap        ] GC(160) ParOldGen: 405493K(405504K)->405509K(406016K)
[91.151s][info][gc,metaspace   ] GC(160) Metaspace: 56109K(56448K)->56109K(56448K) NonClass: 47831K(48064K)->47831K(48064K) Class: 8277K(8384K)->8277K(8384K)
[91.151s][info][gc             ] GC(160) Pause Young (Allocation Failure) 522M->397M(547M) 3.659ms
[91.151s][info][gc,cpu         ] GC(160) User=0.01s Sys=0.00s Real=0.00s
[91.544s][info][gc,start       ] GC(161) Pause Young (Allocation Failure)
[91.549s][info][gc,heap        ] GC(161) PSYoungGen: 154592K(154624K)->2623K(186880K) Eden: 153088K(153088K)->0K(183808K) From: 1504K(1536K)->2623K(3072K)
[91.549s][info][gc,heap        ] GC(161) ParOldGen: 405509K(406016K)->405525K(406016K)
[91.549s][info][gc,metaspace   ] GC(161) Metaspace: 56109K(56448K)->56109K(56448K) NonClass: 47831K(48064K)->47831K(48064K) Class: 8277K(8384K)->8277K(8384K)
[91.549s][info][gc             ] GC(161) Pause Young (Allocation Failure) 546M->398M(579M) 4.716ms
[91.549s][info][gc,cpu         ] GC(161) User=0.01s Sys=0.00s Real=0.00s
[92.031s][info][gc,start       ] GC(162) Pause Young (Allocation Failure)
[92.035s][info][gc,heap        ] GC(162) PSYoungGen: 186431K(186880K)->1279K(178688K) Eden: 183808K(183808K)->0K(177152K) From: 2623K(3072K)->1279K(1536K)
[92.035s][info][gc,heap        ] GC(162) ParOldGen: 405525K(406016K)->405541K(406016K)
[92.035s][info][gc,metaspace   ] GC(162) Metaspace: 56109K(56448K)->56109K(56448K) NonClass: 47831K(48064K)->47831K(48064K) Class: 8277K(8384K)->8277K(8384K)
[92.035s][info][gc             ] GC(162) Pause Young (Allocation Failure) 578M->397M(571M) 3.227ms
[92.035s][info][gc,cpu         ] GC(162) User=0.01s Sys=0.00s Real=0.01s
[92.461s][info][gc,start       ] GC(163) Pause Young (Allocation Failure)
[92.464s][info][gc,heap        ] GC(163) PSYoungGen: 178123K(178688K)->736K(172032K) Eden: 176843K(177152K)->0K(171008K) From: 1279K(1536K)->736K(1024K)
[92.464s][info][gc,heap        ] GC(163) ParOldGen: 405541K(406016K)->405557K(406016K)
[92.464s][info][gc,metaspace   ] GC(163) Metaspace: 56109K(56448K)->56109K(56448K) NonClass: 47831K(48064K)->47831K(48064K) Class: 8277K(8384K)->8277K(8384K)
[92.464s][info][gc             ] GC(163) Pause Young (Allocation Failure) 569M->396M(564M) 2.877ms
[92.464s][info][gc,cpu         ] GC(163) User=0.01s Sys=0.00s Real=0.01s
[93.100s][info][gc,start       ] GC(164) Pause Young (Allocation Failure)
[93.103s][info][gc,heap        ] GC(164) PSYoungGen: 171744K(172032K)->640K(165888K) Eden: 171008K(171008K)->0K(164864K) From: 736K(1024K)->640K(1024K)
[93.103s][info][gc,heap        ] GC(164) ParOldGen: 405557K(406016K)->405573K(406016K)
[93.103s][info][gc,metaspace   ] GC(164) Metaspace: 56109K(56448K)->56109K(56448K) NonClass: 47831K(48064K)->47831K(48064K) Class: 8277K(8384K)->8277K(8384K)
[93.103s][info][gc             ] GC(164) Pause Young (Allocation Failure) 563M->396M(558M) 2.707ms
[93.103s][info][gc,cpu         ] GC(164) User=0.00s Sys=0.00s Real=0.00s
[93.438s][info][gc,start       ] GC(165) Pause Young (Allocation Failure)
[93.442s][info][gc,heap        ] GC(165) PSYoungGen: 165504K(165888K)->2080K(161792K) Eden: 164864K(164864K)->0K(159232K) From: 640K(1024K)->2080K(2560K)
[93.442s][info][gc,heap        ] GC(165) ParOldGen: 405573K(406016K)->405589K(406016K)
[93.442s][info][gc,metaspace   ] GC(165) Metaspace: 56109K(56448K)->56109K(56448K) NonClass: 47831K(48064K)->47831K(48064K) Class: 8277K(8384K)->8277K(8384K)
[93.442s][info][gc             ] GC(165) Pause Young (Allocation Failure) 557M->398M(554M) 4.374ms
[93.442s][info][gc,cpu         ] GC(165) User=0.01s Sys=0.01s Real=0.00s
[93.838s][info][gc,start       ] GC(166) Pause Young (Allocation Failure)
[93.843s][info][gc,heap        ] GC(166) PSYoungGen: 161312K(161792K)->2815K(156672K) Eden: 159232K(159232K)->0K(153600K) From: 2080K(2560K)->2815K(3072K)
[93.844s][info][gc,heap        ] GC(166) ParOldGen: 405589K(406016K)->405605K(406016K)
[93.844s][info][gc,metaspace   ] GC(166) Metaspace: 56109K(56448K)->56109K(56448K) NonClass: 47831K(48064K)->47831K(48064K) Class: 8277K(8384K)->8277K(8384K)
[93.844s][info][gc             ] GC(166) Pause Young (Allocation Failure) 553M->398M(549M) 5.152ms
[93.844s][info][gc,cpu         ] GC(166) User=0.01s Sys=0.00s Real=0.01s
[94.236s][info][gc,start       ] GC(167) Pause Young (Allocation Failure)
[94.242s][info][gc,heap        ] GC(167) PSYoungGen: 156289K(156672K)->1024K(184320K) Eden: 153474K(153600K)->0K(183296K) From: 2815K(3072K)->1024K(1024K)
[94.242s][info][gc,heap        ] GC(167) ParOldGen: 405605K(406016K)->407093K(407552K)
[94.242s][info][gc,metaspace   ] GC(167) Metaspace: 56109K(56448K)->56109K(56448K) NonClass: 47832K(48064K)->47832K(48064K) Class: 8277K(8384K)->8277K(8384K)
[94.242s][info][gc             ] GC(167) Pause Young (Allocation Failure) 548M->398M(578M) 5.627ms
[94.242s][info][gc,cpu         ] GC(167) User=0.01s Sys=0.00s Real=0.00s
[94.727s][info][gc,start       ] GC(168) Pause Young (Allocation Failure)
[94.731s][info][gc,heap        ] GC(168) PSYoungGen: 184320K(184320K)->1407K(178176K) Eden: 183296K(183296K)->0K(176640K) From: 1024K(1024K)->1407K(1536K)
[94.731s][info][gc,heap        ] GC(168) ParOldGen: 407093K(407552K)->407621K(408064K)
[94.731s][info][gc,metaspace   ] GC(168) Metaspace: 56109K(56448K)->56109K(56448K) NonClass: 47832K(48064K)->47832K(48064K) Class: 8277K(8384K)->8277K(8384K)
[94.731s][info][gc             ] GC(168) Pause Young (Allocation Failure) 577M->399M(572M) 4.035ms
[94.731s][info][gc,cpu         ] GC(168) User=0.01s Sys=0.00s Real=0.00s
[95.153s][info][gc,start       ] GC(169) Pause Young (Allocation Failure)
[95.157s][info][gc,heap        ] GC(169) PSYoungGen: 177808K(178176K)->1184K(172032K) Eden: 176401K(176640K)->0K(170496K) From: 1407K(1536K)->1184K(1536K)
[95.157s][info][gc,heap        ] GC(169) ParOldGen: 407621K(408064K)->408029K(408064K)
[95.157s][info][gc,metaspace   ] GC(169) Metaspace: 56109K(56448K)->56109K(56448K) NonClass: 47832K(48064K)->47832K(48064K) Class: 8277K(8384K)->8277K(8384K)
[95.157s][info][gc             ] GC(169) Pause Young (Allocation Failure) 571M->399M(566M) 3.765ms
[95.157s][info][gc,cpu         ] GC(169) User=0.01s Sys=0.00s Real=0.00s
[95.626s][info][gc,start       ] GC(170) Pause Young (Allocation Failure)
[95.629s][info][gc,heap        ] GC(170) PSYoungGen: 171680K(172032K)->1790K(166400K) Eden: 170496K(170496K)->0K(164352K) From: 1184K(1536K)->1790K(2048K)
[95.629s][info][gc,heap        ] GC(170) ParOldGen: 408029K(408064K)->408045K(408064K)
[95.629s][info][gc,metaspace   ] GC(170) Metaspace: 56109K(56448K)->56109K(56448K) NonClass: 47832K(48064K)->47832K(48064K) Class: 8277K(8384K)->8277K(8384K)
[95.629s][info][gc             ] GC(170) Pause Young (Allocation Failure) 566M->400M(561M) 3.448ms
[95.629s][info][gc,cpu         ] GC(170) User=0.00s Sys=0.00s Real=0.00s
[96.028s][info][gc,start       ] GC(171) Pause Young (Allocation Failure)
[96.032s][info][gc,heap        ] GC(171) PSYoungGen: 165919K(166400K)->1664K(160768K) Eden: 164129K(164352K)->0K(158720K) From: 1790K(2048K)->1664K(2048K)
[96.032s][info][gc,heap        ] GC(171) ParOldGen: 408045K(408064K)->408061K(408064K)
[96.032s][info][gc,metaspace   ] GC(171) Metaspace: 56109K(56448K)->56109K(56448K) NonClass: 47832K(48064K)->47832K(48064K) Class: 8277K(8384K)->8277K(8384K)
[96.032s][info][gc             ] GC(171) Pause Young (Allocation Failure) 560M->400M(555M) 3.934ms
[96.032s][info][gc,cpu         ] GC(171) User=0.00s Sys=0.00s Real=0.00s
[96.443s][info][gc,start       ] GC(172) Pause Young (Allocation Failure)
[96.447s][info][gc,heap        ] GC(172) PSYoungGen: 160384K(160768K)->1952K(155648K) Eden: 158720K(158720K)->0K(153600K) From: 1664K(2048K)->1952K(2048K)
[96.447s][info][gc,heap        ] GC(172) ParOldGen: 408061K(408064K)->408077K(408576K)
[96.447s][info][gc,metaspace   ] GC(172) Metaspace: 56109K(56448K)->56109K(56448K) NonClass: 47832K(48064K)->47832K(48064K) Class: 8277K(8384K)->8277K(8384K)
[96.447s][info][gc             ] GC(172) Pause Young (Allocation Failure) 555M->400M(551M) 4.500ms
[96.447s][info][gc,cpu         ] GC(172) User=0.01s Sys=0.01s Real=0.01s
[96.831s][info][gc,start       ] GC(173) Pause Young (Allocation Failure)
[96.835s][info][gc,heap        ] GC(173) PSYoungGen: 155552K(155648K)->1568K(150528K) Eden: 153600K(153600K)->0K(148480K) From: 1952K(2048K)->1568K(2048K)
[96.835s][info][gc,heap        ] GC(173) ParOldGen: 408077K(408576K)->408093K(408576K)
[96.835s][info][gc,metaspace   ] GC(173) Metaspace: 56109K(56448K)->56109K(56448K) NonClass: 47832K(48064K)->47832K(48064K) Class: 8277K(8384K)->8277K(8384K)
[96.835s][info][gc             ] GC(173) Pause Young (Allocation Failure) 550M->400M(546M) 4.011ms
[96.835s][info][gc,cpu         ] GC(173) User=0.00s Sys=0.00s Real=0.01s
[97.220s][info][gc,start       ] GC(174) Pause Young (Allocation Failure)
[97.223s][info][gc,heap        ] GC(174) PSYoungGen: 150048K(150528K)->1151K(144896K) Eden: 148480K(148480K)->0K(143360K) From: 1568K(2048K)->1151K(1536K)
[97.223s][info][gc,heap        ] GC(174) ParOldGen: 408093K(408576K)->408109K(408576K)
[97.223s][info][gc,metaspace   ] GC(174) Metaspace: 56109K(56448K)->56109K(56448K) NonClass: 47832K(48064K)->47832K(48064K) Class: 8277K(8384K)->8277K(8384K)
[97.223s][info][gc             ] GC(174) Pause Young (Allocation Failure) 545M->399M(540M) 3.016ms
[97.223s][info][gc,cpu         ] GC(174) User=0.01s Sys=0.00s Real=0.01s
[97.556s][info][gc,start       ] GC(175) Pause Young (Allocation Failure)
[97.560s][info][gc,heap        ] GC(175) PSYoungGen: 144511K(144896K)->1088K(140288K) Eden: 143360K(143360K)->0K(138752K) From: 1151K(1536K)->1088K(1536K)
[97.560s][info][gc,heap        ] GC(175) ParOldGen: 408109K(408576K)->408125K(408576K)
[97.560s][info][gc,metaspace   ] GC(175) Metaspace: 56109K(56448K)->56109K(56448K) NonClass: 47832K(48064K)->47832K(48064K) Class: 8277K(8384K)->8277K(8384K)
[97.560s][info][gc             ] GC(175) Pause Young (Allocation Failure) 539M->399M(536M) 3.151ms
[97.560s][info][gc,cpu         ] GC(175) User=0.00s Sys=0.00s Real=0.00s
[97.934s][info][gc,start       ] GC(176) Pause Young (Allocation Failure)
[97.938s][info][gc,heap        ] GC(176) PSYoungGen: 139840K(140288K)->1919K(136192K) Eden: 138752K(138752K)->0K(134144K) From: 1088K(1536K)->1919K(2048K)
[97.938s][info][gc,heap        ] GC(176) ParOldGen: 408125K(408576K)->408141K(408576K)
[97.938s][info][gc,metaspace   ] GC(176) Metaspace: 56109K(56448K)->56109K(56448K) NonClass: 47832K(48064K)->47832K(48064K) Class: 8277K(8384K)->8277K(8384K)
[97.938s][info][gc             ] GC(176) Pause Young (Allocation Failure) 535M->400M(532M) 3.899ms
[97.938s][info][gc,cpu         ] GC(176) User=0.00s Sys=0.00s Real=0.00s
[98.250s][info][gc,start       ] GC(177) Pause Young (Allocation Failure)
[98.254s][info][gc,heap        ] GC(177) PSYoungGen: 136029K(136192K)->1504K(131584K) Eden: 134110K(134144K)->0K(130048K) From: 1919K(2048K)->1504K(1536K)
[98.254s][info][gc,heap        ] GC(177) ParOldGen: 408141K(408576K)->408157K(408576K)
[98.254s][info][gc,metaspace   ] GC(177) Metaspace: 56109K(56448K)->56109K(56448K) NonClass: 47832K(48064K)->47832K(48064K) Class: 8277K(8384K)->8277K(8384K)
[98.254s][info][gc             ] GC(177) Pause Young (Allocation Failure) 531M->400M(527M) 3.893ms
[98.254s][info][gc,cpu         ] GC(177) User=0.01s Sys=0.00s Real=0.01s
[98.618s][info][gc,start       ] GC(178) Pause Young (Allocation Failure)
[98.621s][info][gc,heap        ] GC(178) PSYoungGen: 131552K(131584K)->991K(126976K) Eden: 130048K(130048K)->0K(125952K) From: 1504K(1536K)->991K(1024K)
[98.621s][info][gc,heap        ] GC(178) ParOldGen: 408157K(408576K)->408173K(408576K)
[98.621s][info][gc,metaspace   ] GC(178) Metaspace: 56109K(56448K)->56109K(56448K) NonClass: 47832K(48064K)->47832K(48064K) Class: 8277K(8384K)->8277K(8384K)
[98.621s][info][gc             ] GC(178) Pause Young (Allocation Failure) 527M->399M(523M) 2.736ms
[98.621s][info][gc,cpu         ] GC(178) User=0.00s Sys=0.00s Real=0.00s
[98.929s][info][gc,start       ] GC(179) Pause Young (Allocation Failure)
[98.933s][info][gc,heap        ] GC(179) PSYoungGen: 126943K(126976K)->1887K(123904K) Eden: 125952K(125952K)->0K(121856K) From: 991K(1024K)->1887K(2048K)
[98.933s][info][gc,heap        ] GC(179) ParOldGen: 408173K(408576K)->408189K(408576K)
[98.933s][info][gc,metaspace   ] GC(179) Metaspace: 56109K(56448K)->56109K(56448K) NonClass: 47832K(48064K)->47832K(48064K) Class: 8277K(8384K)->8277K(8384K)
[98.933s][info][gc             ] GC(179) Pause Young (Allocation Failure) 522M->400M(520M) 3.766ms
[98.933s][info][gc,cpu         ] GC(179) User=0.00s Sys=0.00s Real=0.00s
[99.230s][info][gc,start       ] GC(180) Pause Young (Allocation Failure)
[99.233s][info][gc,heap        ] GC(180) PSYoungGen: 123743K(123904K)->1536K(147968K) Eden: 121856K(121856K)->0K(146432K) From: 1887K(2048K)->1536K(1536K)
[99.234s][info][gc,heap        ] GC(180) ParOldGen: 408189K(408576K)->408205K(408576K)
[99.234s][info][gc,metaspace   ] GC(180) Metaspace: 56111K(56448K)->56111K(56448K) NonClass: 47833K(48064K)->47833K(48064K) Class: 8277K(8384K)->8277K(8384K)
[99.234s][info][gc             ] GC(180) Pause Young (Allocation Failure) 519M->400M(543M) 3.826ms
[99.234s][info][gc,cpu         ] GC(180) User=0.01s Sys=0.00s Real=0.01s
[99.622s][info][gc,start       ] GC(181) Pause Young (Allocation Failure)
[99.625s][info][gc,heap        ] GC(181) PSYoungGen: 147968K(147968K)->1311K(143360K) Eden: 146432K(146432K)->0K(141824K) From: 1536K(1536K)->1311K(1536K)
[99.625s][info][gc,heap        ] GC(181) ParOldGen: 408205K(408576K)->408221K(408576K)
[99.625s][info][gc,metaspace   ] GC(181) Metaspace: 56111K(56448K)->56111K(56448K) NonClass: 47834K(48064K)->47834K(48064K) Class: 8277K(8384K)->8277K(8384K)
[99.625s][info][gc             ] GC(181) Pause Young (Allocation Failure) 543M->399M(539M) 3.254ms
[99.625s][info][gc,cpu         ] GC(181) User=0.00s Sys=0.00s Real=0.01s
[99.950s][info][gc,start       ] GC(182) Pause Young (Allocation Failure)
[99.954s][info][gc,heap        ] GC(182) PSYoungGen: 143135K(143360K)->1664K(139264K) Eden: 141824K(141824K)->0K(137216K) From: 1311K(1536K)->1664K(2048K)
[99.954s][info][gc,heap        ] GC(182) ParOldGen: 408221K(408576K)->408237K(408576K)
[99.954s][info][gc,metaspace   ] GC(182) Metaspace: 56111K(56448K)->56111K(56448K) NonClass: 47834K(48064K)->47834K(48064K) Class: 8277K(8384K)->8277K(8384K)
[99.954s][info][gc             ] GC(182) Pause Young (Allocation Failure) 538M->400M(535M) 3.918ms
[99.954s][info][gc,cpu         ] GC(182) User=0.00s Sys=0.00s Real=0.01s
[100.327s][info][gc,start       ] GC(183) Pause Young (Allocation Failure)
[100.344s][info][gc,heap        ] GC(183) PSYoungGen: 138880K(139264K)->1984K(165888K) Eden: 137216K(137216K)->0K(163840K) From: 1664K(2048K)->1984K(2048K)
[100.344s][info][gc,heap        ] GC(183) ParOldGen: 408237K(408576K)->408572K(408576K)
[100.344s][info][gc,metaspace   ] GC(183) Metaspace: 56111K(56448K)->56111K(56448K) NonClass: 47834K(48064K)->47834K(48064K) Class: 8277K(8384K)->8277K(8384K)
[100.344s][info][gc             ] GC(183) Pause Young (Allocation Failure) 534M->400M(561M) 16.800ms
[100.344s][info][gc,cpu         ] GC(183) User=0.01s Sys=0.00s Real=0.02s
[100.737s][info][gc,start       ] GC(184) Pause Young (Allocation Failure)
[100.743s][info][gc,heap        ] GC(184) PSYoungGen: 165824K(165888K)->2750K(166912K) Eden: 163840K(163840K)->0K(163840K) From: 1984K(2048K)->2750K(3072K)
[100.743s][info][gc,heap        ] GC(184) ParOldGen: 408572K(408576K)->408588K(409088K)
[100.743s][info][gc,metaspace   ] GC(184) Metaspace: 56111K(56448K)->56111K(56448K) NonClass: 47834K(48064K)->47834K(48064K) Class: 8277K(8384K)->8277K(8384K)
[100.743s][info][gc             ] GC(184) Pause Young (Allocation Failure) 560M->401M(562M) 5.967ms
[100.743s][info][gc,cpu         ] GC(184) User=0.01s Sys=0.00s Real=0.01s
[101.145s][info][gc,start       ] GC(185) Pause Young (Allocation Failure)
[101.150s][info][gc,heap        ] GC(185) PSYoungGen: 166590K(166912K)->2239K(199680K) Eden: 163840K(163840K)->0K(196608K) From: 2750K(3072K)->2239K(3072K)
[101.150s][info][gc,heap        ] GC(185) ParOldGen: 408588K(409088K)->408604K(409088K)
[101.150s][info][gc,metaspace   ] GC(185) Metaspace: 56111K(56448K)->56111K(56448K) NonClass: 47834K(48064K)->47834K(48064K) Class: 8277K(8384K)->8277K(8384K)
[101.150s][info][gc             ] GC(185) Pause Young (Allocation Failure) 561M->401M(594M) 5.060ms
[101.150s][info][gc,cpu         ] GC(185) User=0.01s Sys=0.00s Real=0.00s
[101.661s][info][gc,start       ] GC(186) Pause Young (Allocation Failure)
[101.664s][info][gc,heap        ] GC(186) PSYoungGen: 198575K(199680K)->1024K(199680K) Eden: 196336K(196608K)->0K(196608K) From: 2239K(3072K)->1024K(3072K)
[101.664s][info][gc,heap        ] GC(186) ParOldGen: 408604K(409088K)->408620K(409088K)
[101.664s][info][gc,metaspace   ] GC(186) Metaspace: 56111K(56448K)->56111K(56448K) NonClass: 47834K(48064K)->47834K(48064K) Class: 8277K(8384K)->8277K(8384K)
[101.664s][info][gc             ] GC(186) Pause Young (Allocation Failure) 592M->400M(594M) 3.387ms
[101.664s][info][gc,cpu         ] GC(186) User=0.01s Sys=0.00s Real=0.01s
[102.139s][info][gc,start       ] GC(187) Pause Young (Allocation Failure)
[102.144s][info][gc,heap        ] GC(187) PSYoungGen: 197632K(199680K)->2207K(239104K) Eden: 196608K(196608K)->0K(236032K) From: 1024K(3072K)->2207K(3072K)
[102.144s][info][gc,heap        ] GC(187) ParOldGen: 408620K(409088K)->408636K(409088K)
[102.144s][info][gc,metaspace   ] GC(187) Metaspace: 56111K(56448K)->56111K(56448K) NonClass: 47834K(48064K)->47834K(48064K) Class: 8277K(8384K)->8277K(8384K)
[102.144s][info][gc             ] GC(187) Pause Young (Allocation Failure) 592M->401M(633M) 5.014ms
[102.144s][info][gc,cpu         ] GC(187) User=0.01s Sys=0.00s Real=0.01s
[102.759s][info][gc,start       ] GC(188) Pause Young (Allocation Failure)
[102.763s][info][gc,heap        ] GC(188) PSYoungGen: 238239K(239104K)->1567K(239104K) Eden: 236032K(236032K)->0K(236032K) From: 2207K(3072K)->1567K(3072K)
[102.763s][info][gc,heap        ] GC(188) ParOldGen: 408636K(409088K)->408652K(409088K)
[102.763s][info][gc,metaspace   ] GC(188) Metaspace: 56111K(56448K)->56111K(56448K) NonClass: 47834K(48064K)->47834K(48064K) Class: 8277K(8384K)->8277K(8384K)
[102.763s][info][gc             ] GC(188) Pause Young (Allocation Failure) 631M->400M(633M) 3.930ms
[102.763s][info][gc,cpu         ] GC(188) User=0.01s Sys=0.00s Real=0.01s
[103.345s][info][gc,start       ] GC(189) Pause Young (Allocation Failure)
[103.350s][info][gc,heap        ] GC(189) PSYoungGen: 237599K(239104K)->2431K(286208K) Eden: 236032K(236032K)->0K(283136K) From: 1567K(3072K)->2431K(3072K)
[103.351s][info][gc,heap        ] GC(189) ParOldGen: 408652K(409088K)->408668K(409088K)
[103.351s][info][gc,metaspace   ] GC(189) Metaspace: 56111K(56448K)->56111K(56448K) NonClass: 47834K(48064K)->47834K(48064K) Class: 8277K(8384K)->8277K(8384K)
[103.351s][info][gc             ] GC(189) Pause Young (Allocation Failure) 631M->401M(679M) 5.432ms
[103.351s][info][gc,cpu         ] GC(189) User=0.02s Sys=0.00s Real=0.00s
[104.061s][info][gc,start       ] GC(190) Pause Young (Allocation Failure)
[104.068s][info][gc,heap        ] GC(190) PSYoungGen: 285567K(286208K)->2239K(274432K) Eden: 283136K(283136K)->0K(271872K) From: 2431K(3072K)->2239K(2560K)
[104.068s][info][gc,heap        ] GC(190) ParOldGen: 408668K(409088K)->408692K(409088K)
[104.068s][info][gc,metaspace   ] GC(190) Metaspace: 56111K(56448K)->56111K(56448K) NonClass: 47834K(48064K)->47834K(48064K) Class: 8277K(8384K)->8277K(8384K)
[104.068s][info][gc             ] GC(190) Pause Young (Allocation Failure) 677M->401M(667M) 6.492ms
[104.068s][info][gc,cpu         ] GC(190) User=0.01s Sys=0.00s Real=0.01s
[104.788s][info][gc,start       ] GC(191) Pause Young (Allocation Failure)
[104.791s][info][gc,heap        ] GC(191) PSYoungGen: 274111K(274432K)->832K(262144K) Eden: 271872K(271872K)->0K(261120K) From: 2239K(2560K)->832K(1024K)
[104.791s][info][gc,heap        ] GC(191) ParOldGen: 408692K(409088K)->408708K(409088K)
[104.791s][info][gc,metaspace   ] GC(191) Metaspace: 56111K(56448K)->56111K(56448K) NonClass: 47834K(48064K)->47834K(48064K) Class: 8277K(8384K)->8277K(8384K)
[104.791s][info][gc             ] GC(191) Pause Young (Allocation Failure) 666M->399M(655M) 3.242ms
[104.791s][info][gc,cpu         ] GC(191) User=0.01s Sys=0.00s Real=0.00s
[105.439s][info][gc,start       ] GC(192) Pause Young (Allocation Failure)
[105.443s][info][gc,heap        ] GC(192) PSYoungGen: 261952K(262144K)->1472K(254464K) Eden: 261120K(261120K)->0K(250880K) From: 832K(1024K)->1472K(3584K)
[105.443s][info][gc,heap        ] GC(192) ParOldGen: 408708K(409088K)->408732K(409088K)
[105.443s][info][gc,metaspace   ] GC(192) Metaspace: 56111K(56448K)->56111K(56448K) NonClass: 47834K(48064K)->47834K(48064K) Class: 8277K(8384K)->8277K(8384K)
[105.443s][info][gc             ] GC(192) Pause Young (Allocation Failure) 654M->400M(648M) 3.953ms
[105.443s][info][gc,cpu         ] GC(192) User=0.01s Sys=0.00s Real=0.01s
[106.057s][info][gc,start       ] GC(193) Pause Young (Allocation Failure)
[106.060s][info][gc,heap        ] GC(193) PSYoungGen: 252311K(254464K)->896K(242176K) Eden: 250839K(250880K)->0K(241152K) From: 1472K(3584K)->896K(1024K)
[106.060s][info][gc,heap        ] GC(193) ParOldGen: 408732K(409088K)->408748K(409088K)
[106.060s][info][gc,metaspace   ] GC(193) Metaspace: 56111K(56448K)->56111K(56448K) NonClass: 47834K(48064K)->47834K(48064K) Class: 8277K(8384K)->8277K(8384K)
[106.060s][info][gc             ] GC(193) Pause Young (Allocation Failure) 645M->400M(636M) 3.013ms
[106.060s][info][gc,cpu         ] GC(193) User=0.00s Sys=0.00s Real=0.00s
[106.716s][info][gc,start       ] GC(194) Pause Young (Allocation Failure)
[106.719s][info][gc,heap        ] GC(194) PSYoungGen: 242048K(242176K)->608K(232960K) Eden: 241152K(241152K)->0K(231936K) From: 896K(1024K)->608K(1024K)
[106.719s][info][gc,heap        ] GC(194) ParOldGen: 408748K(409088K)->408764K(409088K)
[106.719s][info][gc,metaspace   ] GC(194) Metaspace: 56111K(56448K)->56111K(56448K) NonClass: 47834K(48064K)->47834K(48064K) Class: 8277K(8384K)->8277K(8384K)
[106.719s][info][gc             ] GC(194) Pause Young (Allocation Failure) 635M->399M(627M) 2.526ms
[106.719s][info][gc,cpu         ] GC(194) User=0.01s Sys=0.00s Real=0.00s
[107.262s][info][gc,start       ] GC(195) Pause Young (Allocation Failure)
[107.264s][info][gc,heap        ] GC(195) PSYoungGen: 232544K(232960K)->735K(224256K) Eden: 231936K(231936K)->0K(223232K) From: 608K(1024K)->735K(1024K)
[107.264s][info][gc,heap        ] GC(195) ParOldGen: 408764K(409088K)->408780K(409088K)
[107.264s][info][gc,metaspace   ] GC(195) Metaspace: 56111K(56448K)->56111K(56448K) NonClass: 47834K(48064K)->47834K(48064K) Class: 8277K(8384K)->8277K(8384K)
[107.264s][info][gc             ] GC(195) Pause Young (Allocation Failure) 626M->399M(618M) 2.369ms
[107.264s][info][gc,cpu         ] GC(195) User=0.00s Sys=0.00s Real=0.01s
[107.897s][info][gc,start       ] GC(196) Pause Young (Allocation Failure)
[107.901s][info][gc,heap        ] GC(196) PSYoungGen: 223744K(224256K)->1472K(216576K) Eden: 223009K(223232K)->0K(215040K) From: 735K(1024K)->1472K(1536K)
[107.901s][info][gc,heap        ] GC(196) ParOldGen: 408780K(409088K)->408804K(409088K)
[107.901s][info][gc,metaspace   ] GC(196) Metaspace: 56111K(56448K)->56111K(56448K) NonClass: 47834K(48064K)->47834K(48064K) Class: 8277K(8384K)->8277K(8384K)
[107.901s][info][gc             ] GC(196) Pause Young (Allocation Failure) 617M->400M(611M) 3.649ms
[107.901s][info][gc,cpu         ] GC(196) User=0.01s Sys=0.00s Real=0.00s
[108.416s][info][gc,start       ] GC(197) Pause Young (Allocation Failure)
[108.419s][info][gc,heap        ] GC(197) PSYoungGen: 216512K(216576K)->863K(207872K) Eden: 215040K(215040K)->0K(206848K) From: 1472K(1536K)->863K(1024K)
[108.419s][info][gc,heap        ] GC(197) ParOldGen: 408804K(409088K)->408820K(409088K)
[108.419s][info][gc,metaspace   ] GC(197) Metaspace: 56112K(56448K)->56112K(56448K) NonClass: 47834K(48064K)->47834K(48064K) Class: 8277K(8384K)->8277K(8384K)
[108.419s][info][gc             ] GC(197) Pause Young (Allocation Failure) 610M->400M(602M) 2.537ms
[108.419s][info][gc,cpu         ] GC(197) User=0.00s Sys=0.00s Real=0.00s
[108.949s][info][gc,start       ] GC(198) Pause Young (Allocation Failure)
[108.953s][info][gc,heap        ] GC(198) PSYoungGen: 207568K(207872K)->1664K(201216K) Eden: 206705K(206848K)->0K(199168K) From: 863K(1024K)->1664K(2048K)
[108.953s][info][gc,heap        ] GC(198) ParOldGen: 408820K(409088K)->408836K(409088K)
[108.953s][info][gc,metaspace   ] GC(198) Metaspace: 56112K(56448K)->56112K(56448K) NonClass: 47834K(48064K)->47834K(48064K) Class: 8277K(8384K)->8277K(8384K)
[108.953s][info][gc             ] GC(198) Pause Young (Allocation Failure) 601M->400M(596M) 4.029ms
[108.953s][info][gc,cpu         ] GC(198) User=0.01s Sys=0.00s Real=0.01s
[109.434s][info][gc,start       ] GC(199) Pause Young (Allocation Failure)
[109.438s][info][gc,heap        ] GC(199) PSYoungGen: 200832K(201216K)->1920K(194048K) Eden: 199168K(199168K)->0K(192000K) From: 1664K(2048K)->1920K(2048K)
[109.438s][info][gc,heap        ] GC(199) ParOldGen: 408836K(409088K)->408852K(409088K)
[109.438s][info][gc,metaspace   ] GC(199) Metaspace: 56112K(56448K)->56112K(56448K) NonClass: 47834K(48064K)->47834K(48064K) Class: 8277K(8384K)->8277K(8384K)
[109.438s][info][gc             ] GC(199) Pause Young (Allocation Failure) 595M->401M(589M) 4.311ms
[109.438s][info][gc,cpu         ] GC(199) User=0.01s Sys=0.01s Real=0.00s
[109.929s][info][gc,start       ] GC(200) Pause Young (Allocation Failure)
[109.933s][info][gc,heap        ] GC(200) PSYoungGen: 193920K(194048K)->1726K(187392K) Eden: 192000K(192000K)->0K(185344K) From: 1920K(2048K)->1726K(2048K)
[109.933s][info][gc,heap        ] GC(200) ParOldGen: 408852K(409088K)->408868K(409088K)
[109.933s][info][gc,metaspace   ] GC(200) Metaspace: 56112K(56448K)->56112K(56448K) NonClass: 47834K(48064K)->47834K(48064K) Class: 8277K(8384K)->8277K(8384K)
[109.933s][info][gc             ] GC(200) Pause Young (Allocation Failure) 588M->400M(582M) 3.266ms
[109.933s][info][gc,cpu         ] GC(200) User=0.01s Sys=0.00s Real=0.00s
[110.417s][info][gc,start       ] GC(201) Pause Young (Allocation Failure)
[110.419s][info][gc,heap        ] GC(201) PSYoungGen: 187070K(187392K)->713K(179712K) Eden: 185344K(185344K)->0K(178688K) From: 1726K(2048K)->713K(1024K)
[110.419s][info][gc,heap        ] GC(201) ParOldGen: 408868K(409088K)->408884K(409088K)
[110.419s][info][gc,metaspace   ] GC(201) Metaspace: 56112K(56448K)->56112K(56448K) NonClass: 47834K(48064K)->47834K(48064K) Class: 8277K(8384K)->8277K(8384K)
[110.419s][info][gc             ] GC(201) Pause Young (Allocation Failure) 581M->399M(575M) 2.507ms
[110.420s][info][gc,cpu         ] GC(201) User=0.01s Sys=0.00s Real=0.00s
[110.843s][info][gc,start       ] GC(202) Pause Young (Allocation Failure)
[110.847s][info][gc,heap        ] GC(202) PSYoungGen: 179401K(179712K)->1696K(174592K) Eden: 178688K(178688K)->0K(172544K) From: 713K(1024K)->1696K(2048K)
[110.847s][info][gc,heap        ] GC(202) ParOldGen: 408884K(409088K)->408900K(409088K)
[110.847s][info][gc,metaspace   ] GC(202) Metaspace: 56112K(56448K)->56112K(56448K) NonClass: 47834K(48064K)->47834K(48064K) Class: 8277K(8384K)->8277K(8384K)
[110.847s][info][gc             ] GC(202) Pause Young (Allocation Failure) 574M->400M(570M) 3.920ms
[110.847s][info][gc,cpu         ] GC(202) User=0.01s Sys=0.00s Real=0.00s
[111.316s][info][gc,start       ] GC(203) Pause Young (Allocation Failure)
[111.318s][info][gc,heap        ] GC(203) PSYoungGen: 174240K(174592K)->480K(166912K) Eden: 172544K(172544K)->0K(166400K) From: 1696K(2048K)->480K(512K)
[111.318s][info][gc,heap        ] GC(203) ParOldGen: 408900K(409088K)->408916K(409088K)
[111.318s][info][gc,metaspace   ] GC(203) Metaspace: 56112K(56448K)->56112K(56448K) NonClass: 47834K(48064K)->47834K(48064K) Class: 8277K(8384K)->8277K(8384K)
[111.318s][info][gc             ] GC(203) Pause Young (Allocation Failure) 569M->399M(562M) 2.688ms
[111.318s][info][gc,cpu         ] GC(203) User=0.00s Sys=0.00s Real=0.00s
[111.733s][info][gc,start       ] GC(204) Pause Young (Allocation Failure)
[111.737s][info][gc,heap        ] GC(204) PSYoungGen: 166880K(166912K)->2143K(163840K) Eden: 166400K(166400K)->0K(160768K) From: 480K(512K)->2143K(3072K)
[111.737s][info][gc,heap        ] GC(204) ParOldGen: 408916K(409088K)->408932K(409088K)
[111.737s][info][gc,metaspace   ] GC(204) Metaspace: 56112K(56448K)->56112K(56448K) NonClass: 47834K(48064K)->47834K(48064K) Class: 8277K(8384K)->8277K(8384K)
[111.737s][info][gc             ] GC(204) Pause Young (Allocation Failure) 562M->401M(559M) 4.292ms
[111.737s][info][gc,cpu         ] GC(204) User=0.01s Sys=0.00s Real=0.01s
[112.136s][info][gc,start       ] GC(205) Pause Young (Allocation Failure)
[112.140s][info][gc,heap        ] GC(205) PSYoungGen: 162911K(163840K)->1312K(156672K) Eden: 160768K(160768K)->0K(155136K) From: 2143K(3072K)->1312K(1536K)
[112.140s][info][gc,heap        ] GC(205) ParOldGen: 408932K(409088K)->408948K(409088K)
[112.140s][info][gc,metaspace   ] GC(205) Metaspace: 56112K(56448K)->56112K(56448K) NonClass: 47834K(48064K)->47834K(48064K) Class: 8277K(8384K)->8277K(8384K)
[112.140s][info][gc             ] GC(205) Pause Young (Allocation Failure) 558M->400M(552M) 3.569ms
[112.140s][info][gc,cpu         ] GC(205) User=0.00s Sys=0.00s Real=0.00s
[112.533s][info][gc,start       ] GC(206) Pause Young (Allocation Failure)
[112.537s][info][gc,heap        ] GC(206) PSYoungGen: 156356K(156672K)->1664K(152064K) Eden: 155044K(155136K)->0K(150016K) From: 1312K(1536K)->1664K(2048K)
[112.537s][info][gc,heap        ] GC(206) ParOldGen: 408948K(409088K)->408964K(409088K)
[112.537s][info][gc,metaspace   ] GC(206) Metaspace: 56112K(56448K)->56112K(56448K) NonClass: 47834K(48064K)->47834K(48064K) Class: 8277K(8384K)->8277K(8384K)
[112.537s][info][gc             ] GC(206) Pause Young (Allocation Failure) 552M->401M(548M) 4.069ms
[112.537s][info][gc,cpu         ] GC(206) User=0.00s Sys=0.00s Real=0.00s
[113.718s][info][gc,start       ] GC(207) Pause Young (Allocation Failure)
[113.757s][info][gc,heap        ] GC(207) PSYoungGen: 150981K(152064K)->64K(180736K) Eden: 149317K(150016K)->0K(180224K) From: 1664K(2048K)->64K(512K)
[113.757s][info][gc,heap        ] GC(207) ParOldGen: 408964K(409088K)->448042K(448512K)
[113.757s][info][gc,metaspace   ] GC(207) Metaspace: 56118K(56448K)->56118K(56448K) NonClass: 47840K(48064K)->47840K(48064K) Class: 8277K(8384K)->8277K(8384K)
[113.757s][info][gc             ] GC(207) Pause Young (Allocation Failure) 546M->437M(614M) 38.905ms
[113.757s][info][gc,cpu         ] GC(207) User=0.05s Sys=0.02s Real=0.04s
[115.539s][info][gc,start       ] GC(208) Pause Young (Allocation Failure)
[115.580s][info][gc,heap        ] GC(208) PSYoungGen: 180288K(180736K)->3063K(219648K) Eden: 180224K(180224K)->0K(216576K) From: 64K(512K)->3063K(3072K)
[115.580s][info][gc,heap        ] GC(208) ParOldGen: 448042K(448512K)->507656K(507904K)
[115.580s][info][gc,metaspace   ] GC(208) Metaspace: 56417K(56768K)->56417K(56768K) NonClass: 48138K(48384K)->48138K(48384K) Class: 8278K(8384K)->8278K(8384K)
[115.580s][info][gc             ] GC(208) Pause Young (Allocation Failure) 613M->498M(710M) 41.530ms
[115.580s][info][gc,cpu         ] GC(208) User=0.04s Sys=0.04s Real=0.04s
[116.052s][info][gc,start       ] GC(209) Pause Young (Allocation Failure)
[116.060s][info][gc,heap        ] GC(209) PSYoungGen: 219639K(219648K)->1919K(243200K) Eden: 216576K(216576K)->0K(238080K) From: 3063K(3072K)->1919K(5120K)
[116.060s][info][gc,heap        ] GC(209) ParOldGen: 507656K(507904K)->510399K(510464K)
[116.060s][info][gc,metaspace   ] GC(209) Metaspace: 56417K(56768K)->56417K(56768K) NonClass: 48138K(48384K)->48138K(48384K) Class: 8278K(8384K)->8278K(8384K)
[116.060s][info][gc             ] GC(209) Pause Young (Allocation Failure) 710M->500M(736M) 7.888ms
[116.060s][info][gc,cpu         ] GC(209) User=0.02s Sys=0.01s Real=0.01s
[116.658s][info][gc,start       ] GC(210) Pause Young (Allocation Failure)
[116.661s][info][gc,heap        ] GC(210) PSYoungGen: 239862K(243200K)->704K(262656K) Eden: 237942K(238080K)->0K(238080K) From: 1919K(5120K)->704K(24576K)
[116.661s][info][gc,heap        ] GC(210) ParOldGen: 510399K(510464K)->510599K(510976K)
[116.661s][info][gc,metaspace   ] GC(210) Metaspace: 56417K(56768K)->56417K(56768K) NonClass: 48138K(48384K)->48138K(48384K) Class: 8278K(8384K)->8278K(8384K)
[116.661s][info][gc             ] GC(210) Pause Young (Allocation Failure) 732M->499M(755M) 3.220ms
[116.661s][info][gc,cpu         ] GC(210) User=0.00s Sys=0.00s Real=0.00s
[117.314s][info][gc,start       ] GC(211) Pause Young (Allocation Failure)
[117.317s][info][gc,heap        ] GC(211) PSYoungGen: 238784K(262656K)->448K(307712K) Eden: 238080K(238080K)->0K(285184K) From: 704K(24576K)->448K(22528K)
[117.317s][info][gc,heap        ] GC(211) ParOldGen: 510599K(510976K)->510615K(510976K)
[117.317s][info][gc,metaspace   ] GC(211) Metaspace: 56417K(56768K)->56417K(56768K) NonClass: 48138K(48384K)->48138K(48384K) Class: 8278K(8384K)->8278K(8384K)
[117.317s][info][gc             ] GC(211) Pause Young (Allocation Failure) 731M->499M(799M) 2.586ms
[117.317s][info][gc,cpu         ] GC(211) User=0.00s Sys=0.00s Real=0.00s
[118.032s][info][gc,start       ] GC(212) Pause Young (Allocation Failure)
[118.036s][info][gc,heap        ] GC(212) PSYoungGen: 285632K(307712K)->1502K(275456K) Eden: 285184K(285184K)->0K(273920K) From: 448K(22528K)->1502K(1536K)
[118.036s][info][gc,heap        ] GC(212) ParOldGen: 510615K(510976K)->510631K(510976K)
[118.036s][info][gc,metaspace   ] GC(212) Metaspace: 56417K(56768K)->56417K(56768K) NonClass: 48138K(48384K)->48138K(48384K) Class: 8278K(8384K)->8278K(8384K)
[118.036s][info][gc             ] GC(212) Pause Young (Allocation Failure) 777M->500M(768M) 3.658ms
[118.036s][info][gc,cpu         ] GC(212) User=0.01s Sys=0.00s Real=0.01s
[118.725s][info][gc,start       ] GC(213) Pause Young (Allocation Failure)
[118.730s][info][gc,heap        ] GC(213) PSYoungGen: 275422K(275456K)->1535K(272896K) Eden: 273920K(273920K)->0K(263168K) From: 1502K(1536K)->1535K(9728K)
[118.730s][info][gc,heap        ] GC(213) ParOldGen: 510631K(510976K)->510647K(510976K)
[118.730s][info][gc,metaspace   ] GC(213) Metaspace: 56417K(56768K)->56417K(56768K) NonClass: 48138K(48384K)->48138K(48384K) Class: 8278K(8384K)->8278K(8384K)
[118.730s][info][gc             ] GC(213) Pause Young (Allocation Failure) 767M->500M(765M) 4.184ms
[118.730s][info][gc,cpu         ] GC(213) User=0.01s Sys=0.00s Real=0.00s
[119.364s][info][gc,start       ] GC(214) Pause Young (Allocation Failure)
[119.367s][info][gc,heap        ] GC(214) PSYoungGen: 264703K(272896K)->639K(253952K) Eden: 263168K(263168K)->0K(252928K) From: 1535K(9728K)->639K(1024K)
[119.367s][info][gc,heap        ] GC(214) ParOldGen: 510647K(510976K)->510663K(510976K)
[119.367s][info][gc,metaspace   ] GC(214) Metaspace: 56417K(56768K)->56417K(56768K) NonClass: 48138K(48384K)->48138K(48384K) Class: 8278K(8384K)->8278K(8384K)
[119.367s][info][gc             ] GC(214) Pause Young (Allocation Failure) 757M->499M(747M) 2.473ms
[119.367s][info][gc,cpu         ] GC(214) User=0.00s Sys=0.00s Real=0.00s
[120.030s][info][gc,start       ] GC(215) Pause Young (Allocation Failure)
[120.035s][info][gc,heap        ] GC(215) PSYoungGen: 253567K(253952K)->2175K(248832K) Eden: 252928K(252928K)->0K(243200K) From: 639K(1024K)->2175K(5632K)
[120.035s][info][gc,heap        ] GC(215) ParOldGen: 510663K(510976K)->510679K(510976K)
[120.035s][info][gc,metaspace   ] GC(215) Metaspace: 56417K(56768K)->56417K(56768K) NonClass: 48138K(48384K)->48138K(48384K) Class: 8278K(8384K)->8278K(8384K)
[120.035s][info][gc             ] GC(215) Pause Young (Allocation Failure) 746M->500M(742M) 4.633ms
[120.035s][info][gc,cpu         ] GC(215) User=0.00s Sys=0.00s Real=0.01s
[120.640s][info][gc,start       ] GC(216) Pause Young (Allocation Failure)
[120.645s][info][gc,heap        ] GC(216) PSYoungGen: 245240K(248832K)->1792K(236032K) Eden: 243065K(243200K)->0K(233984K) From: 2175K(5632K)->1792K(2048K)
[120.645s][info][gc,heap        ] GC(216) ParOldGen: 510679K(510976K)->510695K(510976K)
[120.645s][info][gc,metaspace   ] GC(216) Metaspace: 56417K(56768K)->56417K(56768K) NonClass: 48138K(48384K)->48138K(48384K) Class: 8278K(8384K)->8278K(8384K)
[120.645s][info][gc             ] GC(216) Pause Young (Allocation Failure) 738M->500M(729M) 4.512ms
[120.645s][info][gc,cpu         ] GC(216) User=0.00s Sys=0.00s Real=0.01s
[121.242s][info][gc,start       ] GC(217) Pause Young (Allocation Failure)
[121.247s][info][gc,heap        ] GC(217) PSYoungGen: 235776K(236032K)->2782K(228352K) Eden: 233984K(233984K)->0K(225280K) From: 1792K(2048K)->2782K(3072K)
[121.247s][info][gc,heap        ] GC(217) ParOldGen: 510695K(510976K)->510711K(510976K)
[121.247s][info][gc,metaspace   ] GC(217) Metaspace: 56417K(56768K)->56417K(56768K) NonClass: 48138K(48384K)->48138K(48384K) Class: 8278K(8384K)->8278K(8384K)
[121.248s][info][gc             ] GC(217) Pause Young (Allocation Failure) 728M->501M(722M) 5.716ms
[121.248s][info][gc,cpu         ] GC(217) User=0.01s Sys=0.00s Real=0.01s
[121.827s][info][gc,start       ] GC(218) Pause Young (Allocation Failure)
[121.831s][info][gc,heap        ] GC(218) PSYoungGen: 228062K(228352K)->1408K(218112K) Eden: 225280K(225280K)->0K(216576K) From: 2782K(3072K)->1408K(1536K)
[121.831s][info][gc,heap        ] GC(218) ParOldGen: 510711K(510976K)->510727K(510976K)
[121.831s][info][gc,metaspace   ] GC(218) Metaspace: 56417K(56768K)->56417K(56768K) NonClass: 48138K(48384K)->48138K(48384K) Class: 8278K(8384K)->8278K(8384K)
[121.831s][info][gc             ] GC(218) Pause Young (Allocation Failure) 721M->500M(712M) 3.855ms
[121.831s][info][gc,cpu         ] GC(218) User=0.00s Sys=0.00s Real=0.00s
[122.367s][info][gc,start       ] GC(219) Pause Young (Allocation Failure)
[122.372s][info][gc,heap        ] GC(219) PSYoungGen: 217984K(218112K)->1919K(210432K) Eden: 216576K(216576K)->0K(208384K) From: 1408K(1536K)->1919K(2048K)
[122.372s][info][gc,heap        ] GC(219) ParOldGen: 510727K(510976K)->510743K(510976K)
[122.372s][info][gc,metaspace   ] GC(219) Metaspace: 56417K(56768K)->56417K(56768K) NonClass: 48138K(48384K)->48138K(48384K) Class: 8278K(8384K)->8278K(8384K)
[122.372s][info][gc             ] GC(219) Pause Young (Allocation Failure) 711M->500M(704M) 4.882ms
[122.372s][info][gc,cpu         ] GC(219) User=0.00s Sys=0.00s Real=0.00s
[122.916s][info][gc,start       ] GC(220) Pause Young (Allocation Failure)
[122.919s][info][gc,heap        ] GC(220) PSYoungGen: 210303K(210432K)->799K(201728K) Eden: 208384K(208384K)->0K(200704K) From: 1919K(2048K)->799K(1024K)
[122.919s][info][gc,heap        ] GC(220) ParOldGen: 510743K(510976K)->510759K(510976K)
[122.919s][info][gc,metaspace   ] GC(220) Metaspace: 56420K(56768K)->56420K(56768K) NonClass: 48141K(48384K)->48141K(48384K) Class: 8278K(8384K)->8278K(8384K)
[122.919s][info][gc             ] GC(220) Pause Young (Allocation Failure) 704M->499M(696M) 2.578ms
[122.919s][info][gc,cpu         ] GC(220) User=0.00s Sys=0.00s Real=0.00s
[123.423s][info][gc,start       ] GC(221) Pause Young (Allocation Failure)
[123.427s][info][gc,heap        ] GC(221) PSYoungGen: 201503K(201728K)->1630K(195584K) Eden: 200704K(200704K)->0K(193536K) From: 799K(1024K)->1630K(2048K)
[123.427s][info][gc,heap        ] GC(221) ParOldGen: 510759K(510976K)->510775K(510976K)
[123.427s][info][gc,metaspace   ] GC(221) Metaspace: 56420K(56768K)->56420K(56768K) NonClass: 48141K(48384K)->48141K(48384K) Class: 8278K(8384K)->8278K(8384K)
[123.427s][info][gc             ] GC(221) Pause Young (Allocation Failure) 695M->500M(690M) 4.196ms
[123.427s][info][gc,cpu         ] GC(221) User=0.00s Sys=0.01s Real=0.01s
[123.918s][info][gc,start       ] GC(222) Pause Young (Allocation Failure)
[123.921s][info][gc,heap        ] GC(222) PSYoungGen: 195166K(195584K)->918K(187392K) Eden: 193536K(193536K)->0K(186368K) From: 1630K(2048K)->918K(1024K)
[123.921s][info][gc,heap        ] GC(222) ParOldGen: 510775K(510976K)->510791K(510976K)
[123.921s][info][gc,metaspace   ] GC(222) Metaspace: 56420K(56768K)->56420K(56768K) NonClass: 48141K(48384K)->48141K(48384K) Class: 8278K(8384K)->8278K(8384K)
[123.921s][info][gc             ] GC(222) Pause Young (Allocation Failure) 689M->499M(682M) 3.049ms
[123.921s][info][gc,cpu         ] GC(222) User=0.00s Sys=0.00s Real=0.00s
[124.357s][info][gc,start       ] GC(223) Pause Young (Allocation Failure)
[124.361s][info][gc,heap        ] GC(223) PSYoungGen: 187286K(187392K)->1439K(181248K) Eden: 186368K(186368K)->0K(179712K) From: 918K(1024K)->1439K(1536K)
[124.361s][info][gc,heap        ] GC(223) ParOldGen: 510791K(510976K)->510807K(510976K)
[124.361s][info][gc,metaspace   ] GC(223) Metaspace: 56420K(56768K)->56420K(56768K) NonClass: 48141K(48384K)->48141K(48384K) Class: 8278K(8384K)->8278K(8384K)
[124.361s][info][gc             ] GC(223) Pause Young (Allocation Failure) 681M->500M(676M) 4.154ms
[124.361s][info][gc,cpu         ] GC(223) User=0.01s Sys=0.00s Real=0.00s
[124.833s][info][gc,start       ] GC(224) Pause Young (Allocation Failure)
[124.835s][info][gc,heap        ] GC(224) PSYoungGen: 181151K(181248K)->640K(174592K) Eden: 179712K(179712K)->0K(173568K) From: 1439K(1536K)->640K(1024K)
[124.835s][info][gc,heap        ] GC(224) ParOldGen: 510807K(510976K)->510823K(510976K)
[124.835s][info][gc,metaspace   ] GC(224) Metaspace: 56420K(56768K)->56420K(56768K) NonClass: 48141K(48384K)->48141K(48384K) Class: 8278K(8384K)->8278K(8384K)
[124.835s][info][gc             ] GC(224) Pause Young (Allocation Failure) 675M->499M(669M) 2.719ms
[124.835s][info][gc,cpu         ] GC(224) User=0.00s Sys=0.00s Real=0.01s
[125.258s][info][gc,start       ] GC(225) Pause Young (Allocation Failure)
[125.262s][info][gc,heap        ] GC(225) PSYoungGen: 174087K(174592K)->896K(168448K) Eden: 173447K(173568K)->0K(167424K) From: 640K(1024K)->896K(1024K)
[125.262s][info][gc,heap        ] GC(225) ParOldGen: 510823K(510976K)->510839K(510976K)
[125.262s][info][gc,metaspace   ] GC(225) Metaspace: 56420K(56768K)->56420K(56768K) NonClass: 48141K(48384K)->48141K(48384K) Class: 8278K(8384K)->8278K(8384K)
[125.262s][info][gc             ] GC(225) Pause Young (Allocation Failure) 668M->499M(663M) 3.683ms
[125.262s][info][gc,cpu         ] GC(225) User=0.01s Sys=0.00s Real=0.00s
[125.881s][info][gc,start       ] GC(226) Pause Young (Allocation Failure)
[125.884s][info][gc,heap        ] GC(226) PSYoungGen: 168320K(168448K)->1023K(173056K) Eden: 167424K(167424K)->0K(161792K) From: 896K(1024K)->1023K(11264K)
[125.884s][info][gc,heap        ] GC(226) ParOldGen: 510839K(510976K)->510855K(510976K)
[125.884s][info][gc,metaspace   ] GC(226) Metaspace: 56424K(56768K)->56424K(56768K) NonClass: 48146K(48384K)->48146K(48384K) Class: 8278K(8384K)->8278K(8384K)
[125.884s][info][gc             ] GC(226) Pause Young (Allocation Failure) 663M->499M(668M) 2.828ms
[125.884s][info][gc,cpu         ] GC(226) User=0.01s Sys=0.00s Real=0.01s
[126.226s][info][gc,start       ] GC(227) Pause Young (Allocation Failure)
[126.229s][info][gc,heap        ] GC(227) PSYoungGen: 162815K(173056K)->1247K(157696K) Eden: 161792K(161792K)->0K(156160K) From: 1023K(11264K)->1247K(1536K)
[126.230s][info][gc,heap        ] GC(227) ParOldGen: 510855K(510976K)->510871K(510976K)
[126.230s][info][gc,metaspace   ] GC(227) Metaspace: 56424K(56768K)->56424K(56768K) NonClass: 48146K(48384K)->48146K(48384K) Class: 8278K(8384K)->8278K(8384K)
[126.230s][info][gc             ] GC(227) Pause Young (Allocation Failure) 657M->500M(653M) 3.791ms
[126.230s][info][gc,cpu         ] GC(227) User=0.01s Sys=0.00s Real=0.00s
[126.621s][info][gc,start       ] GC(228) Pause Young (Allocation Failure)
[126.624s][info][gc,heap        ] GC(228) PSYoungGen: 157407K(157696K)->1215K(152576K) Eden: 156160K(156160K)->0K(151040K) From: 1247K(1536K)->1215K(1536K)
[126.624s][info][gc,heap        ] GC(228) ParOldGen: 510871K(510976K)->510887K(510976K)
[126.624s][info][gc,metaspace   ] GC(228) Metaspace: 56429K(56768K)->56429K(56768K) NonClass: 48150K(48384K)->48150K(48384K) Class: 8278K(8384K)->8278K(8384K)
[126.624s][info][gc             ] GC(228) Pause Young (Allocation Failure) 652M->500M(648M) 3.023ms
[126.624s][info][gc,cpu         ] GC(228) User=0.01s Sys=0.00s Real=0.01s
[127.015s][info][gc,start       ] GC(229) Pause Young (Allocation Failure)
[127.018s][info][gc,heap        ] GC(229) PSYoungGen: 152255K(152576K)->585K(146944K) Eden: 151040K(151040K)->0K(145920K) From: 1215K(1536K)->585K(1024K)
[127.018s][info][gc,heap        ] GC(229) ParOldGen: 510887K(510976K)->510903K(510976K)
[127.018s][info][gc,metaspace   ] GC(229) Metaspace: 56429K(56768K)->56429K(56768K) NonClass: 48150K(48384K)->48150K(48384K) Class: 8278K(8384K)->8278K(8384K)
[127.019s][info][gc             ] GC(229) Pause Young (Allocation Failure) 647M->499M(642M) 3.055ms
[127.019s][info][gc,cpu         ] GC(229) User=0.00s Sys=0.00s Real=0.00s
[127.347s][info][gc,start       ] GC(230) Pause Young (Allocation Failure)
[127.351s][info][gc,heap        ] GC(230) PSYoungGen: 146505K(146944K)->2047K(150016K) Eden: 145920K(145920K)->0K(141312K) From: 585K(1024K)->2047K(8704K)
[127.351s][info][gc,heap        ] GC(230) ParOldGen: 510903K(510976K)->510919K(510976K)
[127.351s][info][gc,metaspace   ] GC(230) Metaspace: 56429K(56768K)->56429K(56768K) NonClass: 48150K(48384K)->48150K(48384K) Class: 8278K(8384K)->8278K(8384K)
[127.351s][info][gc             ] GC(230) Pause Young (Allocation Failure) 642M->500M(645M) 4.289ms
[127.351s][info][gc,cpu         ] GC(230) User=0.01s Sys=0.00s Real=0.00s
[127.726s][info][gc,start       ] GC(231) Pause Young (Allocation Failure)
[127.730s][info][gc,heap        ] GC(231) PSYoungGen: 143359K(150016K)->1727K(138752K) Eden: 141312K(141312K)->0K(136704K) From: 2047K(8704K)->1727K(2048K)
[127.730s][info][gc,heap        ] GC(231) ParOldGen: 510919K(510976K)->510935K(510976K)
[127.730s][info][gc,metaspace   ] GC(231) Metaspace: 56429K(56768K)->56429K(56768K) NonClass: 48150K(48384K)->48150K(48384K) Class: 8278K(8384K)->8278K(8384K)
[127.730s][info][gc             ] GC(231) Pause Young (Allocation Failure) 638M->500M(634M) 4.149ms
[127.730s][info][gc,cpu         ] GC(231) User=0.01s Sys=0.00s Real=0.00s
[128.055s][info][gc,start       ] GC(232) Pause Young (Allocation Failure)
[128.062s][info][gc,heap        ] GC(232) PSYoungGen: 138431K(138752K)->896K(165376K) Eden: 136704K(136704K)->0K(164352K) From: 1727K(2048K)->896K(1024K)
[128.062s][info][gc,heap        ] GC(232) ParOldGen: 510935K(510976K)->510951K(510976K)
[128.062s][info][gc,metaspace   ] GC(232) Metaspace: 56429K(56768K)->56429K(56768K) NonClass: 48150K(48384K)->48150K(48384K) Class: 8278K(8384K)->8278K(8384K)
[128.062s][info][gc             ] GC(232) Pause Young (Allocation Failure) 634M->499M(660M) 6.983ms
[128.062s][info][gc,cpu         ] GC(232) User=0.01s Sys=0.00s Real=0.00s
[128.516s][info][gc,start       ] GC(233) Pause Young (Allocation Failure)
[128.520s][info][gc,heap        ] GC(233) PSYoungGen: 165248K(165376K)->665K(174080K) Eden: 164352K(164352K)->0K(166912K) From: 896K(1024K)->665K(7168K)
[128.520s][info][gc,heap        ] GC(233) ParOldGen: 510951K(510976K)->510967K(510976K)
[128.520s][info][gc,metaspace   ] GC(233) Metaspace: 56429K(56768K)->56429K(56768K) NonClass: 48150K(48384K)->48150K(48384K) Class: 8278K(8384K)->8278K(8384K)
[128.520s][info][gc             ] GC(233) Pause Young (Allocation Failure) 660M->499M(669M) 3.578ms
[128.520s][info][gc,cpu         ] GC(233) User=0.00s Sys=0.00s Real=0.00s
[128.933s][info][gc,start       ] GC(234) Pause Young (Allocation Failure)
[128.937s][info][gc,heap        ] GC(234) PSYoungGen: 167577K(174080K)->1696K(173568K) Eden: 166912K(166912K)->0K(166912K) From: 665K(7168K)->1696K(6656K)
[128.937s][info][gc,heap        ] GC(234) ParOldGen: 510967K(510976K)->510983K(511488K)
[128.937s][info][gc,metaspace   ] GC(234) Metaspace: 56429K(56768K)->56429K(56768K) NonClass: 48150K(48384K)->48150K(48384K) Class: 8278K(8384K)->8278K(8384K)
[128.937s][info][gc             ] GC(234) Pause Young (Allocation Failure) 662M->500M(669M) 4.035ms
[128.937s][info][gc,cpu         ] GC(234) User=0.00s Sys=0.00s Real=0.01s
[129.342s][info][gc,start       ] GC(235) Pause Young (Allocation Failure)
[129.347s][info][gc,heap        ] GC(235) PSYoungGen: 168608K(173568K)->1952K(206848K) Eden: 166912K(166912K)->0K(200704K) From: 1696K(6656K)->1952K(6144K)
[129.347s][info][gc,heap        ] GC(235) ParOldGen: 510983K(511488K)->510999K(511488K)
[129.347s][info][gc,metaspace   ] GC(235) Metaspace: 56429K(56768K)->56429K(56768K) NonClass: 48150K(48384K)->48150K(48384K) Class: 8278K(8384K)->8278K(8384K)
[129.347s][info][gc             ] GC(235) Pause Young (Allocation Failure) 663M->500M(701M) 5.083ms
[129.347s][info][gc,cpu         ] GC(235) User=0.01s Sys=0.00s Real=0.01s
[129.855s][info][gc,start       ] GC(236) Pause Young (Allocation Failure)
[129.860s][info][gc,heap        ] GC(236) PSYoungGen: 202656K(206848K)->2654K(206848K) Eden: 200704K(200704K)->0K(200704K) From: 1952K(6144K)->2654K(6144K)
[129.860s][info][gc,heap        ] GC(236) ParOldGen: 510999K(511488K)->511015K(511488K)
[129.860s][info][gc,metaspace   ] GC(236) Metaspace: 56429K(56768K)->56429K(56768K) NonClass: 48150K(48384K)->48150K(48384K) Class: 8278K(8384K)->8278K(8384K)
[129.860s][info][gc             ] GC(236) Pause Young (Allocation Failure) 696M->501M(701M) 5.371ms
[129.860s][info][gc,cpu         ] GC(236) User=0.01s Sys=0.00s Real=0.00s
[130.355s][info][gc,start       ] GC(237) Pause Young (Allocation Failure)
[130.359s][info][gc,heap        ] GC(237) PSYoungGen: 203119K(206848K)->1472K(195072K) Eden: 200464K(200704K)->0K(193536K) From: 2654K(6144K)->1472K(1536K)
[130.359s][info][gc,heap        ] GC(237) ParOldGen: 511015K(511488K)->511031K(511488K)
[130.359s][info][gc,metaspace   ] GC(237) Metaspace: 56429K(56768K)->56429K(56768K) NonClass: 48150K(48384K)->48150K(48384K) Class: 8278K(8384K)->8278K(8384K)
[130.359s][info][gc             ] GC(237) Pause Young (Allocation Failure) 697M->500M(690M) 4.239ms
[130.359s][info][gc,cpu         ] GC(237) User=0.01s Sys=0.00s Real=0.00s
[130.848s][info][gc,start       ] GC(238) Pause Young (Allocation Failure)
[130.855s][info][gc,heap        ] GC(238) PSYoungGen: 195008K(195072K)->2974K(235520K) Eden: 193536K(193536K)->0K(232448K) From: 1472K(1536K)->2974K(3072K)
[130.855s][info][gc,heap        ] GC(238) ParOldGen: 511031K(511488K)->511047K(511488K)
[130.855s][info][gc,metaspace   ] GC(238) Metaspace: 56429K(56768K)->56429K(56768K) NonClass: 48150K(48384K)->48150K(48384K) Class: 8278K(8384K)->8278K(8384K)
[130.855s][info][gc             ] GC(238) Pause Young (Allocation Failure) 689M->501M(729M) 6.189ms
[130.855s][info][gc,cpu         ] GC(238) User=0.00s Sys=0.01s Real=0.01s
[131.451s][info][gc,start       ] GC(239) Pause Young (Allocation Failure)
[131.456s][info][gc,heap        ] GC(239) PSYoungGen: 235422K(235520K)->2462K(226304K) Eden: 232448K(232448K)->0K(223744K) From: 2974K(3072K)->2462K(2560K)
[131.456s][info][gc,heap        ] GC(239) ParOldGen: 511047K(511488K)->511063K(511488K)
[131.456s][info][gc,metaspace   ] GC(239) Metaspace: 56429K(56768K)->56429K(56768K) NonClass: 48150K(48384K)->48150K(48384K) Class: 8278K(8384K)->8278K(8384K)
[131.456s][info][gc             ] GC(239) Pause Young (Allocation Failure) 728M->501M(720M) 5.156ms
[131.456s][info][gc,cpu         ] GC(239) User=0.01s Sys=0.01s Real=0.01s
[132.028s][info][gc,start       ] GC(240) Pause Young (Allocation Failure)
[132.032s][info][gc,heap        ] GC(240) PSYoungGen: 226206K(226304K)->1536K(217088K) Eden: 223744K(223744K)->0K(215552K) From: 2462K(2560K)->1536K(1536K)
[132.032s][info][gc,heap        ] GC(240) ParOldGen: 511063K(511488K)->511079K(511488K)
[132.032s][info][gc,metaspace   ] GC(240) Metaspace: 56429K(56768K)->56429K(56768K) NonClass: 48150K(48384K)->48150K(48384K) Class: 8278K(8384K)->8278K(8384K)
[132.032s][info][gc             ] GC(240) Pause Young (Allocation Failure) 719M->500M(711M) 4.601ms
[132.032s][info][gc,cpu         ] GC(240) User=0.00s Sys=0.00s Real=0.00s
[132.547s][info][gc,start       ] GC(241) Pause Young (Allocation Failure)
[132.551s][info][gc,heap        ] GC(241) PSYoungGen: 216831K(217088K)->1440K(208896K) Eden: 215295K(215552K)->0K(207360K) From: 1536K(1536K)->1440K(1536K)
[132.551s][info][gc,heap        ] GC(241) ParOldGen: 511079K(511488K)->511095K(511488K)
[132.551s][info][gc,metaspace   ] GC(241) Metaspace: 56429K(56768K)->56429K(56768K) NonClass: 48150K(48384K)->48150K(48384K) Class: 8278K(8384K)->8278K(8384K)
[132.551s][info][gc             ] GC(241) Pause Young (Allocation Failure) 710M->500M(703M) 3.897ms
[132.551s][info][gc,cpu         ] GC(241) User=0.01s Sys=0.00s Real=0.00s
[133.114s][info][gc,start       ] GC(242) Pause Young (Allocation Failure)
[133.116s][info][gc,heap        ] GC(242) PSYoungGen: 208800K(208896K)->357K(200192K) Eden: 207360K(207360K)->0K(199680K) From: 1440K(1536K)->357K(512K)
[133.116s][info][gc,heap        ] GC(242) ParOldGen: 511095K(511488K)->511111K(511488K)
[133.116s][info][gc,metaspace   ] GC(242) Metaspace: 56429K(56768K)->56429K(56768K) NonClass: 48150K(48384K)->48150K(48384K) Class: 8278K(8384K)->8278K(8384K)
[133.116s][info][gc             ] GC(242) Pause Young (Allocation Failure) 703M->499M(695M) 2.397ms
[133.117s][info][gc,cpu         ] GC(242) User=0.00s Sys=0.01s Real=0.00s
[133.622s][info][gc,start       ] GC(243) Pause Young (Allocation Failure)
[133.625s][info][gc,heap        ] GC(243) PSYoungGen: 200037K(200192K)->960K(193536K) Eden: 199680K(199680K)->0K(192512K) From: 357K(512K)->960K(1024K)
[133.625s][info][gc,heap        ] GC(243) ParOldGen: 511111K(511488K)->511127K(511488K)
[133.625s][info][gc,metaspace   ] GC(243) Metaspace: 56429K(56768K)->56429K(56768K) NonClass: 48150K(48384K)->48150K(48384K) Class: 8278K(8384K)->8278K(8384K)
[133.625s][info][gc             ] GC(243) Pause Young (Allocation Failure) 694M->500M(688M) 3.424ms
[133.625s][info][gc,cpu         ] GC(243) User=0.00s Sys=0.00s Real=0.01s
[134.118s][info][gc,start       ] GC(244) Pause Young (Allocation Failure)
[134.122s][info][gc,heap        ] GC(244) PSYoungGen: 193472K(193536K)->863K(186368K) Eden: 192512K(192512K)->0K(185344K) From: 960K(1024K)->863K(1024K)
[134.122s][info][gc,heap        ] GC(244) ParOldGen: 511127K(511488K)->511143K(511488K)
[134.122s][info][gc,metaspace   ] GC(244) Metaspace: 56429K(56768K)->56429K(56768K) NonClass: 48150K(48384K)->48150K(48384K) Class: 8278K(8384K)->8278K(8384K)
[134.122s][info][gc             ] GC(244) Pause Young (Allocation Failure) 688M->500M(681M) 3.101ms
[134.122s][info][gc,cpu         ] GC(244) User=0.01s Sys=0.00s Real=0.00s
[134.551s][info][gc,start       ] GC(245) Pause Young (Allocation Failure)
[134.557s][info][gc,heap        ] GC(245) PSYoungGen: 186010K(186368K)->1472K(180224K) Eden: 185147K(185344K)->0K(178688K) From: 863K(1024K)->1472K(1536K)
[134.557s][info][gc,heap        ] GC(245) ParOldGen: 511143K(511488K)->511159K(511488K)
[134.557s][info][gc,metaspace   ] GC(245) Metaspace: 56429K(56768K)->56429K(56768K) NonClass: 48150K(48384K)->48150K(48384K) Class: 8278K(8384K)->8278K(8384K)
[134.557s][info][gc             ] GC(245) Pause Young (Allocation Failure) 680M->500M(675M) 5.360ms
[134.557s][info][gc,cpu         ] GC(245) User=0.00s Sys=0.00s Real=0.01s
[135.046s][info][gc,start       ] GC(246) Pause Young (Allocation Failure)
[135.055s][info][gc,heap        ] GC(246) PSYoungGen: 180160K(180224K)->2591K(217600K) Eden: 178688K(178688K)->0K(214528K) From: 1472K(1536K)->2591K(3072K)
[135.055s][info][gc,heap        ] GC(246) ParOldGen: 511159K(511488K)->511175K(511488K)
[135.055s][info][gc,metaspace   ] GC(246) Metaspace: 56429K(56768K)->56429K(56768K) NonClass: 48150K(48384K)->48150K(48384K) Class: 8278K(8384K)->8278K(8384K)
[135.055s][info][gc             ] GC(246) Pause Young (Allocation Failure) 675M->501M(712M) 9.802ms
[135.055s][info][gc,cpu         ] GC(246) User=0.01s Sys=0.00s Real=0.01s
[135.557s][info][gc,start       ] GC(247) Pause Young (Allocation Failure)
[135.559s][info][gc,heap        ] GC(247) PSYoungGen: 216962K(217600K)->640K(207360K) Eden: 214370K(214528K)->0K(206336K) From: 2591K(3072K)->640K(1024K)
[135.559s][info][gc,heap        ] GC(247) ParOldGen: 511175K(511488K)->511191K(511488K)
[135.559s][info][gc,metaspace   ] GC(247) Metaspace: 56429K(56768K)->56429K(56768K) NonClass: 48150K(48384K)->48150K(48384K) Class: 8278K(8384K)->8278K(8384K)
[135.559s][info][gc             ] GC(247) Pause Young (Allocation Failure) 711M->499M(702M) 2.899ms
[135.559s][info][gc,cpu         ] GC(247) User=0.01s Sys=0.00s Real=0.00s
[136.119s][info][gc,start       ] GC(248) Pause Young (Allocation Failure)
[136.122s][info][gc,heap        ] GC(248) PSYoungGen: 206925K(207360K)->864K(203264K) Eden: 206285K(206336K)->0K(198656K) From: 640K(1024K)->864K(4608K)
[136.122s][info][gc,heap        ] GC(248) ParOldGen: 511191K(511488K)->511207K(511488K)
[136.122s][info][gc,metaspace   ] GC(248) Metaspace: 56429K(56768K)->56429K(56768K) NonClass: 48150K(48384K)->48150K(48384K) Class: 8278K(8384K)->8278K(8384K)
[136.122s][info][gc             ] GC(248) Pause Young (Allocation Failure) 701M->500M(698M) 3.069ms
[136.122s][info][gc,cpu         ] GC(248) User=0.01s Sys=0.00s Real=0.00s
[136.623s][info][gc,start       ] GC(249) Pause Young (Allocation Failure)
[136.626s][info][gc,heap        ] GC(249) PSYoungGen: 199379K(203264K)->1120K(193024K) Eden: 198515K(198656K)->0K(191488K) From: 864K(4608K)->1120K(1536K)
[136.626s][info][gc,heap        ] GC(249) ParOldGen: 511207K(511488K)->511223K(511488K)
[136.626s][info][gc,metaspace   ] GC(249) Metaspace: 56429K(56768K)->56429K(56768K) NonClass: 48150K(48384K)->48150K(48384K) Class: 8278K(8384K)->8278K(8384K)
[136.626s][info][gc             ] GC(249) Pause Young (Allocation Failure) 693M->500M(688M) 3.387ms
[136.626s][info][gc,cpu         ] GC(249) User=0.01s Sys=0.00s Real=0.01s
[137.216s][info][gc,start       ] GC(250) Pause Young (Allocation Failure)
[137.219s][info][gc,heap        ] GC(250) PSYoungGen: 192608K(193024K)->1278K(186368K) Eden: 191488K(191488K)->0K(184832K) From: 1120K(1536K)->1278K(1536K)
[137.219s][info][gc,heap        ] GC(250) ParOldGen: 511223K(511488K)->511239K(511488K)
[137.219s][info][gc,metaspace   ] GC(250) Metaspace: 56429K(56768K)->56429K(56768K) NonClass: 48150K(48384K)->48150K(48384K) Class: 8278K(8384K)->8278K(8384K)
[137.219s][info][gc             ] GC(250) Pause Young (Allocation Failure) 687M->500M(681M) 2.759ms
[137.219s][info][gc,cpu         ] GC(250) User=0.00s Sys=0.00s Real=0.00s
[137.665s][info][gc,start       ] GC(251) Pause Young (Allocation Failure)
[137.668s][info][gc,heap        ] GC(251) PSYoungGen: 186110K(186368K)->1055K(179712K) Eden: 184832K(184832K)->0K(178176K) From: 1278K(1536K)->1055K(1536K)
[137.668s][info][gc,heap        ] GC(251) ParOldGen: 511239K(511488K)->511255K(511488K)
[137.668s][info][gc,metaspace   ] GC(251) Metaspace: 56429K(56768K)->56429K(56768K) NonClass: 48150K(48384K)->48150K(48384K) Class: 8278K(8384K)->8278K(8384K)
[137.668s][info][gc             ] GC(251) Pause Young (Allocation Failure) 681M->500M(675M) 3.014ms
[137.668s][info][gc,cpu         ] GC(251) User=0.00s Sys=0.00s Real=0.00s
[138.140s][info][gc,start       ] GC(252) Pause Young (Allocation Failure)
[138.144s][info][gc,heap        ] GC(252) PSYoungGen: 179231K(179712K)->1472K(173568K) Eden: 178176K(178176K)->0K(172032K) From: 1055K(1536K)->1472K(1536K)
[138.144s][info][gc,heap        ] GC(252) ParOldGen: 511255K(511488K)->511271K(511488K)
[138.144s][info][gc,metaspace   ] GC(252) Metaspace: 56429K(56768K)->56429K(56768K) NonClass: 48150K(48384K)->48150K(48384K) Class: 8278K(8384K)->8278K(8384K)
[138.144s][info][gc             ] GC(252) Pause Young (Allocation Failure) 674M->500M(669M) 3.804ms
[138.144s][info][gc,cpu         ] GC(252) User=0.01s Sys=0.00s Real=0.01s
[138.560s][info][gc,start       ] GC(253) Pause Young (Allocation Failure)
[138.563s][info][gc,heap        ] GC(253) PSYoungGen: 173504K(173568K)->576K(166912K) Eden: 172032K(172032K)->0K(165888K) From: 1472K(1536K)->576K(1024K)
[138.563s][info][gc,heap        ] GC(253) ParOldGen: 511271K(511488K)->511287K(511488K)
[138.563s][info][gc,metaspace   ] GC(253) Metaspace: 56429K(56768K)->56429K(56768K) NonClass: 48150K(48384K)->48150K(48384K) Class: 8278K(8384K)->8278K(8384K)
[138.563s][info][gc             ] GC(253) Pause Young (Allocation Failure) 668M->499M(662M) 2.759ms
[138.563s][info][gc,cpu         ] GC(253) User=0.01s Sys=0.00s Real=0.00s
[139.020s][info][gc,start       ] GC(254) Pause Young (Allocation Failure)
[139.023s][info][gc,heap        ] GC(254) PSYoungGen: 166464K(166912K)->1311K(163840K) Eden: 165888K(165888K)->0K(160256K) From: 576K(1024K)->1311K(3584K)
[139.023s][info][gc,heap        ] GC(254) ParOldGen: 511287K(511488K)->511303K(511488K)
[139.023s][info][gc,metaspace   ] GC(254) Metaspace: 56430K(56768K)->56430K(56768K) NonClass: 48151K(48384K)->48151K(48384K) Class: 8278K(8384K)->8278K(8384K)
[139.023s][info][gc             ] GC(254) Pause Young (Allocation Failure) 661M->500M(659M) 3.193ms
[139.023s][info][gc,cpu         ] GC(254) User=0.01s Sys=0.00s Real=0.01s
[139.425s][info][gc,start       ] GC(255) Pause Young (Allocation Failure)
[139.429s][info][gc,heap        ] GC(255) PSYoungGen: 161567K(163840K)->1567K(156672K) Eden: 160256K(160256K)->0K(154624K) From: 1311K(3584K)->1567K(2048K)
[139.429s][info][gc,heap        ] GC(255) ParOldGen: 511303K(511488K)->511319K(511488K)
[139.429s][info][gc,metaspace   ] GC(255) Metaspace: 56430K(56768K)->56430K(56768K) NonClass: 48151K(48384K)->48151K(48384K) Class: 8278K(8384K)->8278K(8384K)
[139.429s][info][gc             ] GC(255) Pause Young (Allocation Failure) 657M->500M(652M) 3.527ms
[139.429s][info][gc,cpu         ] GC(255) User=0.00s Sys=0.00s Real=0.00s
[139.826s][info][gc,start       ] GC(256) Pause Young (Allocation Failure)
[139.830s][info][gc,heap        ] GC(256) PSYoungGen: 156191K(156672K)->1503K(151040K) Eden: 154624K(154624K)->0K(149504K) From: 1567K(2048K)->1503K(1536K)
[139.830s][info][gc,heap        ] GC(256) ParOldGen: 511319K(511488K)->511335K(511488K)
[139.830s][info][gc,metaspace   ] GC(256) Metaspace: 56430K(56768K)->56430K(56768K) NonClass: 48151K(48384K)->48151K(48384K) Class: 8278K(8384K)->8278K(8384K)
[139.830s][info][gc             ] GC(256) Pause Young (Allocation Failure) 651M->500M(647M) 3.477ms
[139.830s][info][gc,cpu         ] GC(256) User=0.01s Sys=0.00s Real=0.00s
[140.220s][info][gc,start       ] GC(257) Pause Young (Allocation Failure)
[140.222s][info][gc,heap        ] GC(257) PSYoungGen: 151007K(151040K)->1151K(145920K) Eden: 149504K(149504K)->0K(144384K) From: 1503K(1536K)->1151K(1536K)
[140.222s][info][gc,heap        ] GC(257) ParOldGen: 511335K(511488K)->511351K(511488K)
[140.222s][info][gc,metaspace   ] GC(257) Metaspace: 56430K(56768K)->56430K(56768K) NonClass: 48151K(48384K)->48151K(48384K) Class: 8278K(8384K)->8278K(8384K)
[140.223s][info][gc             ] GC(257) Pause Young (Allocation Failure) 646M->500M(642M) 2.960ms
[140.223s][info][gc,cpu         ] GC(257) User=0.00s Sys=0.00s Real=0.00s
[140.552s][info][gc,start       ] GC(258) Pause Young (Allocation Failure)
[140.559s][info][gc,heap        ] GC(258) PSYoungGen: 145535K(145920K)->1823K(175616K) Eden: 144384K(144384K)->0K(173568K) From: 1151K(1536K)->1823K(2048K)
[140.559s][info][gc,heap        ] GC(258) ParOldGen: 511351K(511488K)->511367K(511488K)
[140.559s][info][gc,metaspace   ] GC(258) Metaspace: 56430K(56768K)->56430K(56768K) NonClass: 48151K(48384K)->48151K(48384K) Class: 8278K(8384K)->8278K(8384K)
[140.559s][info][gc             ] GC(258) Pause Young (Allocation Failure) 641M->501M(671M) 7.601ms
[140.559s][info][gc,cpu         ] GC(258) User=0.01s Sys=0.00s Real=0.01s
[141.025s][info][gc,start       ] GC(259) Pause Young (Allocation Failure)
[141.029s][info][gc,heap        ] GC(259) PSYoungGen: 175391K(175616K)->1631K(206848K) Eden: 173567K(173568K)->0K(203776K) From: 1823K(2048K)->1631K(3072K)
[141.029s][info][gc,heap        ] GC(259) ParOldGen: 511367K(511488K)->511383K(511488K)
[141.029s][info][gc,metaspace   ] GC(259) Metaspace: 56430K(56768K)->56430K(56768K) NonClass: 48151K(48384K)->48151K(48384K) Class: 8278K(8384K)->8278K(8384K)
[141.029s][info][gc             ] GC(259) Pause Young (Allocation Failure) 670M->500M(701M) 3.714ms
[141.029s][info][gc,cpu         ] GC(259) User=0.01s Sys=0.00s Real=0.00s
[141.536s][info][gc,start       ] GC(260) Pause Young (Allocation Failure)
[141.540s][info][gc,heap        ] GC(260) PSYoungGen: 205407K(206848K)->1632K(198144K) Eden: 203776K(203776K)->0K(196096K) From: 1631K(3072K)->1632K(2048K)
[141.540s][info][gc,heap        ] GC(260) ParOldGen: 511383K(511488K)->511399K(511488K)
[141.540s][info][gc,metaspace   ] GC(260) Metaspace: 56430K(56768K)->56430K(56768K) NonClass: 48151K(48384K)->48151K(48384K) Class: 8278K(8384K)->8278K(8384K)
[141.540s][info][gc             ] GC(260) Pause Young (Allocation Failure) 699M->501M(693M) 4.254ms
[141.540s][info][gc,cpu         ] GC(260) User=0.01s Sys=0.00s Real=0.00s
[142.031s][info][gc,start       ] GC(261) Pause Young (Allocation Failure)
[142.035s][info][gc,heap        ] GC(261) PSYoungGen: 197466K(198144K)->1536K(190464K) Eden: 195834K(196096K)->0K(188928K) From: 1632K(2048K)->1536K(1536K)
[142.035s][info][gc,heap        ] GC(261) ParOldGen: 511399K(511488K)->511559K(512000K)
[142.035s][info][gc,metaspace   ] GC(261) Metaspace: 56430K(56768K)->56430K(56768K) NonClass: 48151K(48384K)->48151K(48384K) Class: 8278K(8384K)->8278K(8384K)
[142.035s][info][gc             ] GC(261) Pause Young (Allocation Failure) 692M->501M(686M) 4.110ms
[142.035s][info][gc,cpu         ] GC(261) User=0.01s Sys=0.00s Real=0.01s
[142.523s][info][gc,start       ] GC(262) Pause Young (Allocation Failure)
[142.527s][info][gc,heap        ] GC(262) PSYoungGen: 190464K(190464K)->1470K(183808K) Eden: 188928K(188928K)->0K(182272K) From: 1536K(1536K)->1470K(1536K)
[142.527s][info][gc,heap        ] GC(262) ParOldGen: 511559K(512000K)->512119K(512512K)
[142.527s][info][gc,metaspace   ] GC(262) Metaspace: 56430K(56768K)->56430K(56768K) NonClass: 48151K(48384K)->48151K(48384K) Class: 8278K(8384K)->8278K(8384K)
[142.527s][info][gc             ] GC(262) Pause Young (Allocation Failure) 685M->501M(680M) 3.700ms
[142.527s][info][gc,cpu         ] GC(262) User=0.01s Sys=0.00s Real=0.00s
[142.958s][info][gc,start       ] GC(263) Pause Young (Allocation Failure)
[142.961s][info][gc,heap        ] GC(263) PSYoungGen: 183742K(183808K)->1055K(177152K) Eden: 182272K(182272K)->0K(175616K) From: 1470K(1536K)->1055K(1536K)
[142.961s][info][gc,heap        ] GC(263) ParOldGen: 512119K(512512K)->512518K(513024K)
[142.961s][info][gc,metaspace   ] GC(263) Metaspace: 56430K(56768K)->56430K(56768K) NonClass: 48151K(48384K)->48151K(48384K) Class: 8278K(8384K)->8278K(8384K)
[142.961s][info][gc             ] GC(263) Pause Young (Allocation Failure) 679M->501M(674M) 3.175ms
[142.961s][info][gc,cpu         ] GC(263) User=0.00s Sys=0.00s Real=0.00s
[143.433s][info][gc,start       ] GC(264) Pause Young (Allocation Failure)
[143.436s][info][gc,heap        ] GC(264) PSYoungGen: 176671K(177152K)->1375K(171008K) Eden: 175616K(175616K)->0K(169472K) From: 1055K(1536K)->1375K(1536K)
[143.436s][info][gc,heap        ] GC(264) ParOldGen: 512518K(513024K)->512534K(513024K)
[143.436s][info][gc,metaspace   ] GC(264) Metaspace: 56430K(56768K)->56430K(56768K) NonClass: 48151K(48384K)->48151K(48384K) Class: 8278K(8384K)->8278K(8384K)
[143.436s][info][gc             ] GC(264) Pause Young (Allocation Failure) 673M->501M(668M) 3.333ms
[143.436s][info][gc,cpu         ] GC(264) User=0.01s Sys=0.00s Real=0.01s
[143.849s][info][gc,start       ] GC(265) Pause Young (Allocation Failure)
[143.854s][info][gc,heap        ] GC(265) PSYoungGen: 170768K(171008K)->2208K(166400K) Eden: 169393K(169472K)->0K(163840K) From: 1375K(1536K)->2208K(2560K)
[143.854s][info][gc,heap        ] GC(265) ParOldGen: 512534K(513024K)->512550K(513024K)
[143.854s][info][gc,metaspace   ] GC(265) Metaspace: 56430K(56768K)->56430K(56768K) NonClass: 48151K(48384K)->48151K(48384K) Class: 8278K(8384K)->8278K(8384K)
[143.854s][info][gc             ] GC(265) Pause Young (Allocation Failure) 667M->502M(663M) 4.642ms
[143.854s][info][gc,cpu         ] GC(265) User=0.01s Sys=0.00s Real=0.01s
[144.257s][info][gc,start       ] GC(266) Pause Young (Allocation Failure)
[144.260s][info][gc,heap        ] GC(266) PSYoungGen: 166047K(166400K)->1024K(159232K) Eden: 163839K(163840K)->0K(158208K) From: 2208K(2560K)->1024K(1024K)
[144.261s][info][gc,heap        ] GC(266) ParOldGen: 512550K(513024K)->512566K(513024K)
[144.261s][info][gc,metaspace   ] GC(266) Metaspace: 56430K(56768K)->56430K(56768K) NonClass: 48151K(48384K)->48151K(48384K) Class: 8278K(8384K)->8278K(8384K)
[144.261s][info][gc             ] GC(266) Pause Young (Allocation Failure) 662M->501M(656M) 3.333ms
[144.261s][info][gc,cpu         ] GC(266) User=0.01s Sys=0.00s Real=0.00s
[144.663s][info][gc,start       ] GC(267) Pause Young (Allocation Failure)
[144.665s][info][gc,heap        ] GC(267) PSYoungGen: 159232K(159232K)->384K(153600K) Eden: 158208K(158208K)->0K(153088K) From: 1024K(1024K)->384K(512K)
[144.666s][info][gc,heap        ] GC(267) ParOldGen: 512566K(513024K)->512582K(513024K)
[144.666s][info][gc,metaspace   ] GC(267) Metaspace: 56430K(56768K)->56430K(56768K) NonClass: 48151K(48384K)->48151K(48384K) Class: 8278K(8384K)->8278K(8384K)
[144.666s][info][gc             ] GC(267) Pause Young (Allocation Failure) 656M->500M(651M) 2.524ms
[144.666s][info][gc,cpu         ] GC(267) User=0.01s Sys=0.00s Real=0.00s
[145.140s][info][gc,start       ] GC(268) Pause Young (Allocation Failure)
[145.143s][info][gc,heap        ] GC(268) PSYoungGen: 153408K(153600K)->992K(151040K) Eden: 153024K(153088K)->0K(147968K) From: 384K(512K)->992K(3072K)
[145.143s][info][gc,heap        ] GC(268) ParOldGen: 512582K(513024K)->512598K(513024K)
[145.143s][info][gc,metaspace   ] GC(268) Metaspace: 56430K(56768K)->56430K(56768K) NonClass: 48151K(48384K)->48151K(48384K) Class: 8278K(8384K)->8278K(8384K)
[145.143s][info][gc             ] GC(268) Pause Young (Allocation Failure) 650M->501M(648M) 3.000ms
[145.143s][info][gc,cpu         ] GC(268) User=0.00s Sys=0.00s Real=0.01s
[145.443s][info][gc,start       ] GC(269) Pause Young (Allocation Failure)
[145.447s][info][gc,heap        ] GC(269) PSYoungGen: 148960K(151040K)->2750K(145920K) Eden: 147968K(147968K)->0K(142848K) From: 992K(3072K)->2750K(3072K)
[145.447s][info][gc,heap        ] GC(269) ParOldGen: 512598K(513024K)->512614K(513024K)
[145.447s][info][gc,metaspace   ] GC(269) Metaspace: 56430K(56768K)->56430K(56768K) NonClass: 48151K(48384K)->48151K(48384K) Class: 8278K(8384K)->8278K(8384K)
[145.447s][info][gc             ] GC(269) Pause Young (Allocation Failure) 646M->503M(643M) 4.632ms
[145.447s][info][gc,cpu         ] GC(269) User=0.01s Sys=0.01s Real=0.01s
[145.824s][info][gc,start       ] GC(270) Pause Young (Allocation Failure)
[145.828s][info][gc,heap        ] GC(270) PSYoungGen: 145598K(145920K)->1312K(139776K) Eden: 142848K(142848K)->0K(138240K) From: 2750K(3072K)->1312K(1536K)
[145.828s][info][gc,heap        ] GC(270) ParOldGen: 512614K(513024K)->512630K(513024K)
[145.828s][info][gc,metaspace   ] GC(270) Metaspace: 56430K(56768K)->56430K(56768K) NonClass: 48151K(48384K)->48151K(48384K) Class: 8278K(8384K)->8278K(8384K)
[145.828s][info][gc             ] GC(270) Pause Young (Allocation Failure) 642M->501M(637M) 3.599ms
[145.828s][info][gc,cpu         ] GC(270) User=0.01s Sys=0.00s Real=0.00s
[146.160s][info][gc,start       ] GC(271) Pause Young (Allocation Failure)
[146.163s][info][gc,heap        ] GC(271) PSYoungGen: 139520K(139776K)->480K(134144K) Eden: 138208K(138240K)->0K(133632K) From: 1312K(1536K)->480K(512K)
[146.163s][info][gc,heap        ] GC(271) ParOldGen: 512630K(513024K)->512646K(513024K)
[146.163s][info][gc,metaspace   ] GC(271) Metaspace: 56430K(56768K)->56430K(56768K) NonClass: 48151K(48384K)->48151K(48384K) Class: 8278K(8384K)->8278K(8384K)
[146.163s][info][gc             ] GC(271) Pause Young (Allocation Failure) 636M->501M(632M) 2.539ms
[146.163s][info][gc,cpu         ] GC(271) User=0.00s Sys=0.00s Real=0.00s
[146.526s][info][gc,start       ] GC(272) Pause Young (Allocation Failure)
[146.529s][info][gc,heap        ] GC(272) PSYoungGen: 133833K(134144K)->1376K(132608K) Eden: 133353K(133632K)->0K(129536K) From: 480K(512K)->1376K(3072K)
[146.529s][info][gc,heap        ] GC(272) ParOldGen: 512646K(513024K)->512662K(513024K)
[146.529s][info][gc,metaspace   ] GC(272) Metaspace: 56430K(56768K)->56430K(56768K) NonClass: 48151K(48384K)->48151K(48384K) Class: 8278K(8384K)->8278K(8384K)
[146.529s][info][gc             ] GC(272) Pause Young (Allocation Failure) 631M->501M(630M) 3.489ms
[146.529s][info][gc,cpu         ] GC(272) User=0.01s Sys=0.00s Real=0.00s
[146.877s][info][gc,start       ] GC(273) Pause Young (Allocation Failure)
[146.881s][info][gc,heap        ] GC(273) PSYoungGen: 130912K(132608K)->1663K(127488K) Eden: 129536K(129536K)->0K(125440K) From: 1376K(3072K)->1663K(2048K)
[146.881s][info][gc,heap        ] GC(273) ParOldGen: 512662K(513024K)->512678K(513024K)
[146.881s][info][gc,metaspace   ] GC(273) Metaspace: 56430K(56768K)->56430K(56768K) NonClass: 48151K(48384K)->48151K(48384K) Class: 8278K(8384K)->8278K(8384K)
[146.881s][info][gc             ] GC(273) Pause Young (Allocation Failure) 628M->502M(625M) 3.702ms
[146.881s][info][gc,cpu         ] GC(273) User=0.00s Sys=0.00s Real=0.00s
[147.147s][info][gc,start       ] GC(274) Pause Young (Allocation Failure)
[147.151s][info][gc,heap        ] GC(274) PSYoungGen: 127054K(127488K)->1440K(122880K) Eden: 125391K(125440K)->0K(121344K) From: 1663K(2048K)->1440K(1536K)
[147.151s][info][gc,heap        ] GC(274) ParOldGen: 512678K(513024K)->512694K(513024K)
[147.151s][info][gc,metaspace   ] GC(274) Metaspace: 56430K(56768K)->56430K(56768K) NonClass: 48151K(48384K)->48151K(48384K) Class: 8278K(8384K)->8278K(8384K)
[147.151s][info][gc             ] GC(274) Pause Young (Allocation Failure) 624M->502M(621M) 3.838ms
[147.151s][info][gc,cpu         ] GC(274) User=0.01s Sys=0.00s Real=0.00s
[147.451s][info][gc,start       ] GC(275) Pause Young (Allocation Failure)
[147.456s][info][gc,heap        ] GC(275) PSYoungGen: 122540K(122880K)->1792K(147968K) Eden: 121100K(121344K)->0K(145920K) From: 1440K(1536K)->1792K(2048K)
[147.456s][info][gc,heap        ] GC(275) ParOldGen: 512694K(513024K)->512710K(513024K)
[147.456s][info][gc,metaspace   ] GC(275) Metaspace: 56430K(56768K)->56430K(56768K) NonClass: 48151K(48384K)->48151K(48384K) Class: 8278K(8384K)->8278K(8384K)
[147.456s][info][gc             ] GC(275) Pause Young (Allocation Failure) 620M->502M(645M) 4.378ms
[147.456s][info][gc,cpu         ] GC(275) User=0.01s Sys=0.00s Real=0.01s
[147.993s][info][gc,start       ] GC(276) Pause Young (Allocation Failure)
[147.997s][info][gc,heap        ] GC(276) PSYoungGen: 147712K(147968K)->1887K(143360K) Eden: 145920K(145920K)->0K(141312K) From: 1792K(2048K)->1887K(2048K)
[147.997s][info][gc,heap        ] GC(276) ParOldGen: 512710K(513024K)->512726K(513024K)
[147.997s][info][gc,metaspace   ] GC(276) Metaspace: 56430K(56768K)->56430K(56768K) NonClass: 48151K(48384K)->48151K(48384K) Class: 8278K(8384K)->8278K(8384K)
[147.997s][info][gc             ] GC(276) Pause Young (Allocation Failure) 644M->502M(641M) 4.000ms
[147.997s][info][gc,cpu         ] GC(276) User=0.00s Sys=0.00s Real=0.01s
[148.317s][info][gc,start       ] GC(277) Pause Young (Allocation Failure)
[148.320s][info][gc,heap        ] GC(277) PSYoungGen: 143199K(143360K)->991K(137728K) Eden: 141312K(141312K)->0K(136704K) From: 1887K(2048K)->991K(1024K)
[148.320s][info][gc,heap        ] GC(277) ParOldGen: 512726K(513024K)->512742K(513024K)
[148.320s][info][gc,metaspace   ] GC(277) Metaspace: 56430K(56768K)->56430K(56768K) NonClass: 48151K(48384K)->48151K(48384K) Class: 8278K(8384K)->8278K(8384K)
[148.320s][info][gc             ] GC(277) Pause Young (Allocation Failure) 640M->501M(635M) 2.848ms
[148.320s][info][gc,cpu         ] GC(277) User=0.00s Sys=0.01s Real=0.00s
[148.640s][info][gc,start       ] GC(278) Pause Young (Allocation Failure)
[148.644s][info][gc,heap        ] GC(278) PSYoungGen: 137684K(137728K)->1760K(166400K) Eden: 136693K(136704K)->0K(164352K) From: 991K(1024K)->1760K(2048K)
[148.644s][info][gc,heap        ] GC(278) ParOldGen: 512742K(513024K)->512758K(513024K)
[148.644s][info][gc,metaspace   ] GC(278) Metaspace: 56430K(56768K)->56430K(56768K) NonClass: 48151K(48384K)->48151K(48384K) Class: 8278K(8384K)->8278K(8384K)
[148.644s][info][gc             ] GC(278) Pause Young (Allocation Failure) 635M->502M(663M) 4.149ms
[148.645s][info][gc,cpu         ] GC(278) User=0.01s Sys=0.00s Real=0.01s
[149.050s][info][gc,start       ] GC(279) Pause Young (Allocation Failure)
[149.053s][info][gc,heap        ] GC(279) PSYoungGen: 166112K(166400K)->1727K(160768K) Eden: 164352K(164352K)->0K(158720K) From: 1760K(2048K)->1727K(2048K)
[149.053s][info][gc,heap        ] GC(279) ParOldGen: 512758K(513024K)->512774K(513024K)
[149.053s][info][gc,metaspace   ] GC(279) Metaspace: 56430K(56768K)->56430K(56768K) NonClass: 48151K(48384K)->48151K(48384K) Class: 8278K(8384K)->8278K(8384K)
[149.054s][info][gc             ] GC(279) Pause Young (Allocation Failure) 662M->502M(658M) 3.858ms
[149.054s][info][gc,cpu         ] GC(279) User=0.01s Sys=0.00s Real=0.01s
[149.456s][info][gc,start       ] GC(280) Pause Young (Allocation Failure)
[149.459s][info][gc,heap        ] GC(280) PSYoungGen: 160447K(160768K)->991K(154624K) Eden: 158720K(158720K)->0K(153600K) From: 1727K(2048K)->991K(1024K)
[149.459s][info][gc,heap        ] GC(280) ParOldGen: 512774K(513024K)->512790K(513024K)
[149.459s][info][gc,metaspace   ] GC(280) Metaspace: 56430K(56768K)->56430K(56768K) NonClass: 48151K(48384K)->48151K(48384K) Class: 8278K(8384K)->8278K(8384K)
[149.459s][info][gc             ] GC(280) Pause Young (Allocation Failure) 657M->501M(652M) 2.934ms
[149.459s][info][gc,cpu         ] GC(280) User=0.00s Sys=0.00s Real=0.00s
[149.856s][info][gc,start       ] GC(281) Pause Young (Allocation Failure)
[149.860s][info][gc,heap        ] GC(281) PSYoungGen: 154427K(154624K)->1152K(150016K) Eden: 153436K(153600K)->0K(148480K) From: 991K(1024K)->1152K(1536K)
[149.860s][info][gc,heap        ] GC(281) ParOldGen: 512790K(513024K)->512806K(513024K)
[149.860s][info][gc,metaspace   ] GC(281) Metaspace: 56430K(56768K)->56430K(56768K) NonClass: 48151K(48384K)->48151K(48384K) Class: 8278K(8384K)->8278K(8384K)
[149.860s][info][gc             ] GC(281) Pause Young (Allocation Failure) 651M->501M(647M) 3.387ms
[149.860s][info][gc,cpu         ] GC(281) User=0.00s Sys=0.00s Real=0.00s
[150.275s][info][gc,start       ] GC(282) Pause Young (Allocation Failure)
[150.279s][info][gc,heap        ] GC(282) PSYoungGen: 149632K(150016K)->1600K(145408K) Eden: 148480K(148480K)->0K(143360K) From: 1152K(1536K)->1600K(2048K)
[150.279s][info][gc,heap        ] GC(282) ParOldGen: 512806K(513024K)->512822K(513024K)
[150.279s][info][gc,metaspace   ] GC(282) Metaspace: 56430K(56768K)->56430K(56768K) NonClass: 48151K(48384K)->48151K(48384K) Class: 8278K(8384K)->8278K(8384K)
[150.279s][info][gc             ] GC(282) Pause Young (Allocation Failure) 646M->502M(643M) 3.938ms
[150.279s][info][gc,cpu         ] GC(282) User=0.00s Sys=0.00s Real=0.00s
[150.624s][info][gc,start       ] GC(283) Pause Young (Allocation Failure)
[150.627s][info][gc,heap        ] GC(283) PSYoungGen: 144661K(145408K)->768K(139776K) Eden: 143061K(143360K)->0K(138752K) From: 1600K(2048K)->768K(1024K)
[150.627s][info][gc,heap        ] GC(283) ParOldGen: 512822K(513024K)->512838K(513024K)
[150.627s][info][gc,metaspace   ] GC(283) Metaspace: 56430K(56768K)->56430K(56768K) NonClass: 48151K(48384K)->48151K(48384K) Class: 8278K(8384K)->8278K(8384K)
[150.627s][info][gc             ] GC(283) Pause Young (Allocation Failure) 642M->501M(637M) 2.844ms
[150.627s][info][gc,cpu         ] GC(283) User=0.01s Sys=0.00s Real=0.00s
[150.951s][info][gc,start       ] GC(284) Pause Young (Allocation Failure)
[150.955s][info][gc,heap        ] GC(284) PSYoungGen: 139520K(139776K)->2047K(136192K) Eden: 138752K(138752K)->0K(134144K) From: 768K(1024K)->2047K(2048K)
[150.955s][info][gc,heap        ] GC(284) ParOldGen: 512838K(513024K)->512854K(513024K)
[150.955s][info][gc,metaspace   ] GC(284) Metaspace: 56430K(56768K)->56430K(56768K) NonClass: 48151K(48384K)->48151K(48384K) Class: 8278K(8384K)->8278K(8384K)
[150.955s][info][gc             ] GC(284) Pause Young (Allocation Failure) 637M->502M(634M) 4.267ms
[150.955s][info][gc,cpu         ] GC(284) User=0.01s Sys=0.00s Real=0.01s
[151.328s][info][gc,start       ] GC(285) Pause Young (Allocation Failure)
[151.331s][info][gc,heap        ] GC(285) PSYoungGen: 136191K(136192K)->864K(131072K) Eden: 134144K(134144K)->0K(130048K) From: 2047K(2048K)->864K(1024K)
[151.331s][info][gc,heap        ] GC(285) ParOldGen: 512854K(513024K)->512870K(513024K)
[151.331s][info][gc,metaspace   ] GC(285) Metaspace: 56430K(56768K)->56430K(56768K) NonClass: 48151K(48384K)->48151K(48384K) Class: 8278K(8384K)->8278K(8384K)
[151.331s][info][gc             ] GC(285) Pause Young (Allocation Failure) 633M->501M(629M) 3.051ms
[151.331s][info][gc,cpu         ] GC(285) User=0.00s Sys=0.00s Real=0.00s
[151.632s][info][gc,start       ] GC(286) Pause Young (Allocation Failure)
[151.636s][info][gc,heap        ] GC(286) PSYoungGen: 130912K(131072K)->2303K(158720K) Eden: 130048K(130048K)->0K(156160K) From: 864K(1024K)->2303K(2560K)
[151.636s][info][gc,heap        ] GC(286) ParOldGen: 512870K(513024K)->512886K(513024K)
[151.636s][info][gc,metaspace   ] GC(286) Metaspace: 56430K(56768K)->56430K(56768K) NonClass: 48151K(48384K)->48151K(48384K) Class: 8278K(8384K)->8278K(8384K)
[151.636s][info][gc             ] GC(286) Pause Young (Allocation Failure) 628M->503M(656M) 4.574ms
[151.636s][info][gc,cpu         ] GC(286) User=0.01s Sys=0.00s Real=0.01s
[152.031s][info][gc,start       ] GC(287) Pause Young (Allocation Failure)
[152.035s][info][gc,heap        ] GC(287) PSYoungGen: 158463K(158720K)->1247K(152576K) Eden: 156160K(156160K)->0K(151040K) From: 2303K(2560K)->1247K(1536K)
[152.035s][info][gc,heap        ] GC(287) ParOldGen: 512886K(513024K)->512902K(513024K)
[152.035s][info][gc,metaspace   ] GC(287) Metaspace: 56430K(56768K)->56430K(56768K) NonClass: 48151K(48384K)->48151K(48384K) Class: 8278K(8384K)->8278K(8384K)
[152.035s][info][gc             ] GC(287) Pause Young (Allocation Failure) 655M->502M(650M) 3.288ms
[152.035s][info][gc,cpu         ] GC(287) User=0.00s Sys=0.00s Real=0.01s
[152.442s][info][gc,start       ] GC(288) Pause Young (Allocation Failure)
[152.445s][info][gc,heap        ] GC(288) PSYoungGen: 152287K(152576K)->1024K(146944K) Eden: 151040K(151040K)->0K(145920K) From: 1247K(1536K)->1024K(1024K)
[152.445s][info][gc,heap        ] GC(288) ParOldGen: 512902K(513024K)->512918K(513024K)
[152.445s][info][gc,metaspace   ] GC(288) Metaspace: 56430K(56768K)->56430K(56768K) NonClass: 48151K(48384K)->48151K(48384K) Class: 8278K(8384K)->8278K(8384K)
[152.445s][info][gc             ] GC(288) Pause Young (Allocation Failure) 649M->501M(644M) 3.164ms
[152.445s][info][gc,cpu         ] GC(288) User=0.00s Sys=0.00s Real=0.01s
[152.763s][info][gc,start       ] GC(289) Pause Young (Allocation Failure)
[152.766s][info][gc,heap        ] GC(289) PSYoungGen: 146676K(146944K)->448K(141824K) Eden: 145652K(145920K)->0K(141312K) From: 1024K(1024K)->448K(512K)
[152.766s][info][gc,heap        ] GC(289) ParOldGen: 512918K(513024K)->512934K(513024K)
[152.766s][info][gc,metaspace   ] GC(289) Metaspace: 56430K(56768K)->56430K(56768K) NonClass: 48151K(48384K)->48151K(48384K) Class: 8278K(8384K)->8278K(8384K)
[152.766s][info][gc             ] GC(289) Pause Young (Allocation Failure) 644M->501M(639M) 2.602ms
[152.766s][info][gc,cpu         ] GC(289) User=0.00s Sys=0.00s Real=0.00s
[153.139s][info][gc,start       ] GC(290) Pause Young (Allocation Failure)
[153.144s][info][gc,heap        ] GC(290) PSYoungGen: 141760K(141824K)->2144K(139776K) Eden: 141312K(141312K)->0K(136704K) From: 448K(512K)->2144K(3072K)
[153.144s][info][gc,heap        ] GC(290) ParOldGen: 512934K(513024K)->512950K(513024K)
[153.144s][info][gc,metaspace   ] GC(290) Metaspace: 56435K(56768K)->56435K(56768K) NonClass: 48156K(48384K)->48156K(48384K) Class: 8278K(8384K)->8278K(8384K)
[153.144s][info][gc             ] GC(290) Pause Young (Allocation Failure) 639M->503M(637M) 4.624ms
[153.144s][info][gc,cpu         ] GC(290) User=0.01s Sys=0.00s Real=0.01s
[153.516s][info][gc,start       ] GC(291) Pause Young (Allocation Failure)
[153.519s][info][gc,heap        ] GC(291) PSYoungGen: 138848K(139776K)->544K(133120K) Eden: 136704K(136704K)->0K(132096K) From: 2144K(3072K)->544K(1024K)
[153.519s][info][gc,heap        ] GC(291) ParOldGen: 512950K(513024K)->512966K(513024K)
[153.519s][info][gc,metaspace   ] GC(291) Metaspace: 56435K(56768K)->56435K(56768K) NonClass: 48156K(48384K)->48156K(48384K) Class: 8278K(8384K)->8278K(8384K)
[153.519s][info][gc             ] GC(291) Pause Young (Allocation Failure) 636M->501M(631M) 2.781ms
[153.519s][info][gc,cpu         ] GC(291) User=0.00s Sys=0.00s Real=0.00s
[153.831s][info][gc,start       ] GC(292) Pause Young (Allocation Failure)
[153.835s][info][gc,heap        ] GC(292) PSYoungGen: 132408K(133120K)->1536K(129536K) Eden: 131864K(132096K)->0K(128000K) From: 544K(1024K)->1536K(1536K)
[153.835s][info][gc,heap        ] GC(292) ParOldGen: 512966K(513024K)->512982K(513024K)
[153.835s][info][gc,metaspace   ] GC(292) Metaspace: 56435K(56768K)->56435K(56768K) NonClass: 48156K(48384K)->48156K(48384K) Class: 8278K(8384K)->8278K(8384K)
[153.835s][info][gc             ] GC(292) Pause Young (Allocation Failure) 630M->502M(627M) 4.043ms
[153.835s][info][gc,cpu         ] GC(292) User=0.01s Sys=0.00s Real=0.01s
[154.139s][info][gc,start       ] GC(293) Pause Young (Allocation Failure)
[154.144s][info][gc,heap        ] GC(293) PSYoungGen: 129536K(129536K)->2559K(156160K) Eden: 128000K(128000K)->0K(153600K) From: 1536K(1536K)->2559K(2560K)
[154.144s][info][gc,heap        ] GC(293) ParOldGen: 512982K(513024K)->512998K(513024K)
[154.144s][info][gc,metaspace   ] GC(293) Metaspace: 56435K(56768K)->56435K(56768K) NonClass: 48156K(48384K)->48156K(48384K) Class: 8278K(8384K)->8278K(8384K)
[154.144s][info][gc             ] GC(293) Pause Young (Allocation Failure) 627M->503M(653M) 4.694ms
[154.144s][info][gc,cpu         ] GC(293) User=0.00s Sys=0.00s Real=0.01s
[154.540s][info][gc,start       ] GC(294) Pause Young (Allocation Failure)
[154.544s][info][gc,heap        ] GC(294) PSYoungGen: 156159K(156160K)->1567K(167936K) Eden: 153600K(153600K)->0K(164352K) From: 2559K(2560K)->1567K(3584K)
[154.544s][info][gc,heap        ] GC(294) ParOldGen: 512998K(513024K)->513014K(513024K)
[154.544s][info][gc,metaspace   ] GC(294) Metaspace: 56435K(56768K)->56435K(56768K) NonClass: 48156K(48384K)->48156K(48384K) Class: 8278K(8384K)->8278K(8384K)
[154.544s][info][gc             ] GC(294) Pause Young (Allocation Failure) 653M->502M(665M) 3.559ms
[154.544s][info][gc,cpu         ] GC(294) User=0.01s Sys=0.00s Real=0.01s
[154.993s][info][gc,start       ] GC(295) Pause Young (Allocation Failure)
[155.000s][info][gc,heap        ] GC(295) PSYoungGen: 165919K(167936K)->1792K(187392K) Eden: 164352K(164352K)->0K(184320K) From: 1567K(3584K)->1792K(3072K)
[155.000s][info][gc,heap        ] GC(295) ParOldGen: 513014K(513024K)->513030K(513536K)
[155.000s][info][gc,metaspace   ] GC(295) Metaspace: 56435K(56768K)->56435K(56768K) NonClass: 48156K(48384K)->48156K(48384K) Class: 8278K(8384K)->8278K(8384K)
[155.000s][info][gc             ] GC(295) Pause Young (Allocation Failure) 663M->502M(684M) 6.892ms
[155.000s][info][gc,cpu         ] GC(295) User=0.01s Sys=0.00s Real=0.00s
[155.437s][info][gc,start       ] GC(296) Pause Young (Allocation Failure)
[155.441s][info][gc,heap        ] GC(296) PSYoungGen: 186112K(187392K)->2046K(187392K) Eden: 184320K(184320K)->0K(184320K) From: 1792K(3072K)->2046K(3072K)
[155.441s][info][gc,heap        ] GC(296) ParOldGen: 513030K(513536K)->513046K(513536K)
[155.441s][info][gc,metaspace   ] GC(296) Metaspace: 56435K(56768K)->56435K(56768K) NonClass: 48156K(48384K)->48156K(48384K) Class: 8278K(8384K)->8278K(8384K)
[155.441s][info][gc             ] GC(296) Pause Young (Allocation Failure) 682M->503M(684M) 4.376ms
[155.441s][info][gc,cpu         ] GC(296) User=0.00s Sys=0.00s Real=0.00s
[155.928s][info][gc,start       ] GC(297) Pause Young (Allocation Failure)
[155.931s][info][gc,heap        ] GC(297) PSYoungGen: 186366K(187392K)->831K(178688K) Eden: 184320K(184320K)->0K(177664K) From: 2046K(3072K)->831K(1024K)
[155.931s][info][gc,heap        ] GC(297) ParOldGen: 513046K(513536K)->513062K(513536K)
[155.931s][info][gc,metaspace   ] GC(297) Metaspace: 56435K(56768K)->56435K(56768K) NonClass: 48156K(48384K)->48156K(48384K) Class: 8278K(8384K)->8278K(8384K)
[155.931s][info][gc             ] GC(297) Pause Young (Allocation Failure) 683M->501M(676M) 2.838ms
[155.931s][info][gc,cpu         ] GC(297) User=0.01s Sys=0.00s Real=0.00s
[156.332s][info][gc,start       ] GC(298) Pause Young (Allocation Failure)
[156.336s][info][gc,heap        ] GC(298) PSYoungGen: 178495K(178688K)->2014K(173568K) Eden: 177664K(177664K)->0K(171520K) From: 831K(1024K)->2014K(2048K)
[156.336s][info][gc,heap        ] GC(298) ParOldGen: 513062K(513536K)->513078K(513536K)
[156.336s][info][gc,metaspace   ] GC(298) Metaspace: 56435K(56768K)->56435K(56768K) NonClass: 48156K(48384K)->48156K(48384K) Class: 8278K(8384K)->8278K(8384K)
[156.336s][info][gc             ] GC(298) Pause Young (Allocation Failure) 675M->503M(671M) 4.632ms
[156.336s][info][gc,cpu         ] GC(298) User=0.00s Sys=0.00s Real=0.01s
[156.754s][info][gc,start       ] GC(299) Pause Young (Allocation Failure)
[156.760s][info][gc,heap        ] GC(299) PSYoungGen: 173474K(173568K)->1823K(207872K) Eden: 171460K(171520K)->0K(205824K) From: 2014K(2048K)->1823K(2048K)
[156.760s][info][gc,heap        ] GC(299) ParOldGen: 513078K(513536K)->513094K(513536K)
[156.760s][info][gc,metaspace   ] GC(299) Metaspace: 56435K(56768K)->56435K(56768K) NonClass: 48156K(48384K)->48156K(48384K) Class: 8278K(8384K)->8278K(8384K)
[156.760s][info][gc             ] GC(299) Pause Young (Allocation Failure) 670M->502M(704M) 6.409ms
[156.761s][info][gc,cpu         ] GC(299) User=0.01s Sys=0.00s Real=0.00s
[157.317s][info][gc,start       ] GC(300) Pause Young (Allocation Failure)
[157.320s][info][gc,heap        ] GC(300) PSYoungGen: 207647K(207872K)->224K(198656K) Eden: 205824K(205824K)->0K(198144K) From: 1823K(2048K)->224K(512K)
[157.320s][info][gc,heap        ] GC(300) ParOldGen: 513094K(513536K)->513110K(513536K)
[157.320s][info][gc,metaspace   ] GC(300) Metaspace: 56435K(56768K)->56435K(56768K) NonClass: 48156K(48384K)->48156K(48384K) Class: 8278K(8384K)->8278K(8384K)
[157.320s][info][gc             ] GC(300) Pause Young (Allocation Failure) 703M->501M(695M) 2.220ms
[157.320s][info][gc,cpu         ] GC(300) User=0.00s Sys=0.01s Real=0.00s
[157.816s][info][gc,start       ] GC(301) Pause Young (Allocation Failure)
[157.819s][info][gc,heap        ] GC(301) PSYoungGen: 198368K(198656K)->608K(192000K) Eden: 198144K(198144K)->0K(190976K) From: 224K(512K)->608K(1024K)
[157.819s][info][gc,heap        ] GC(301) ParOldGen: 513110K(513536K)->513126K(513536K)
[157.819s][info][gc,metaspace   ] GC(301) Metaspace: 56435K(56768K)->56435K(56768K) NonClass: 48156K(48384K)->48156K(48384K) Class: 8278K(8384K)->8278K(8384K)
[157.819s][info][gc             ] GC(301) Pause Young (Allocation Failure) 694M->501M(689M) 2.833ms
[157.819s][info][gc,cpu         ] GC(301) User=0.01s Sys=0.01s Real=0.00s
[158.258s][info][gc,start       ] GC(302) Pause Young (Allocation Failure)
[158.261s][info][gc,heap        ] GC(302) PSYoungGen: 191584K(192000K)->767K(185344K) Eden: 190976K(190976K)->0K(184320K) From: 608K(1024K)->767K(1024K)
[158.261s][info][gc,heap        ] GC(302) ParOldGen: 513126K(513536K)->513142K(513536K)
[158.261s][info][gc,metaspace   ] GC(302) Metaspace: 56437K(56768K)->56437K(56768K) NonClass: 48158K(48384K)->48158K(48384K) Class: 8278K(8384K)->8278K(8384K)
[158.261s][info][gc             ] GC(302) Pause Young (Allocation Failure) 688M->501M(682M) 2.854ms
[158.261s][info][gc,cpu         ] GC(302) User=0.00s Sys=0.00s Real=0.00s
[158.742s][info][gc,start       ] GC(303) Pause Young (Allocation Failure)
[158.748s][info][gc,heap        ] GC(303) PSYoungGen: 185087K(185344K)->2846K(180736K) Eden: 184320K(184320K)->0K(177664K) From: 767K(1024K)->2846K(3072K)
[158.748s][info][gc,heap        ] GC(303) ParOldGen: 513142K(513536K)->513158K(513536K)
[158.748s][info][gc,metaspace   ] GC(303) Metaspace: 56437K(56768K)->56437K(56768K) NonClass: 48158K(48384K)->48158K(48384K) Class: 8278K(8384K)->8278K(8384K)
[158.748s][info][gc             ] GC(303) Pause Young (Allocation Failure) 681M->503M(678M) 5.637ms
[158.748s][info][gc,cpu         ] GC(303) User=0.00s Sys=0.00s Real=0.01s
[159.270s][info][gc,start       ] GC(304) Pause Young (Allocation Failure)
[159.274s][info][gc,heap        ] GC(304) PSYoungGen: 180510K(180736K)->1630K(173568K) Eden: 177664K(177664K)->0K(171520K) From: 2846K(3072K)->1630K(2048K)
[159.274s][info][gc,heap        ] GC(304) ParOldGen: 513158K(513536K)->513174K(513536K)
[159.274s][info][gc,metaspace   ] GC(304) Metaspace: 56437K(56768K)->56437K(56768K) NonClass: 48158K(48384K)->48158K(48384K) Class: 8278K(8384K)->8278K(8384K)
[159.274s][info][gc             ] GC(304) Pause Young (Allocation Failure) 677M->502M(671M) 3.931ms
[159.274s][info][gc,cpu         ] GC(304) User=0.01s Sys=0.00s Real=0.01s
[159.640s][info][gc,start       ] GC(305) Pause Young (Allocation Failure)
[159.645s][info][gc,heap        ] GC(305) PSYoungGen: 172843K(173568K)->1760K(167424K) Eden: 171212K(171520K)->0K(165376K) From: 1630K(2048K)->1760K(2048K)
[159.645s][info][gc,heap        ] GC(305) ParOldGen: 513174K(513536K)->513190K(513536K)
[159.645s][info][gc,metaspace   ] GC(305) Metaspace: 56437K(56768K)->56437K(56768K) NonClass: 48158K(48384K)->48158K(48384K) Class: 8278K(8384K)->8278K(8384K)
[159.645s][info][gc             ] GC(305) Pause Young (Allocation Failure) 669M->502M(665M) 4.908ms
[159.645s][info][gc,cpu         ] GC(305) User=0.01s Sys=0.00s Real=0.01s
[160.050s][info][gc,start       ] GC(306) Pause Young (Allocation Failure)
[160.054s][info][gc,heap        ] GC(306) PSYoungGen: 166829K(167424K)->1344K(161280K) Eden: 165069K(165376K)->0K(159744K) From: 1760K(2048K)->1344K(1536K)
[160.054s][info][gc,heap        ] GC(306) ParOldGen: 513190K(513536K)->513206K(513536K)
[160.054s][info][gc,metaspace   ] GC(306) Metaspace: 56437K(56768K)->56437K(56768K) NonClass: 48158K(48384K)->48158K(48384K) Class: 8278K(8384K)->8278K(8384K)
[160.054s][info][gc             ] GC(306) Pause Young (Allocation Failure) 664M->502M(659M) 4.328ms
[160.054s][info][gc,cpu         ] GC(306) User=0.01s Sys=0.00s Real=0.01s
[160.453s][info][gc,start       ] GC(307) Pause Young (Allocation Failure)
[160.456s][info][gc,heap        ] GC(307) PSYoungGen: 160949K(161280K)->1215K(155648K) Eden: 159605K(159744K)->0K(154112K) From: 1344K(1536K)->1215K(1536K)
[160.456s][info][gc,heap        ] GC(307) ParOldGen: 513206K(513536K)->513222K(513536K)
[160.456s][info][gc,metaspace   ] GC(307) Metaspace: 56437K(56768K)->56437K(56768K) NonClass: 48158K(48384K)->48158K(48384K) Class: 8278K(8384K)->8278K(8384K)
[160.456s][info][gc             ] GC(307) Pause Young (Allocation Failure) 658M->502M(653M) 3.413ms
[160.456s][info][gc,cpu         ] GC(307) User=0.00s Sys=0.00s Real=0.01s
[160.847s][info][gc,start       ] GC(308) Pause Young (Allocation Failure)
[160.851s][info][gc,heap        ] GC(308) PSYoungGen: 155327K(155648K)->1568K(151040K) Eden: 154112K(154112K)->0K(148992K) From: 1215K(1536K)->1568K(2048K)
[160.851s][info][gc,heap        ] GC(308) ParOldGen: 513222K(513536K)->513238K(513536K)
[160.851s][info][gc,metaspace   ] GC(308) Metaspace: 56437K(56768K)->56437K(56768K) NonClass: 48158K(48384K)->48158K(48384K) Class: 8278K(8384K)->8278K(8384K)
[160.851s][info][gc             ] GC(308) Pause Young (Allocation Failure) 652M->502M(649M) 4.452ms
[160.851s][info][gc,cpu         ] GC(308) User=0.01s Sys=0.00s Real=0.00s
[161.282s][info][gc,start       ] GC(309) Pause Young (Allocation Failure)
[161.287s][info][gc,heap        ] GC(309) PSYoungGen: 150560K(151040K)->1696K(145920K) Eden: 148992K(148992K)->0K(143872K) From: 1568K(2048K)->1696K(2048K)
[161.287s][info][gc,heap        ] GC(309) ParOldGen: 513238K(513536K)->513254K(513536K)
[161.287s][info][gc,metaspace   ] GC(309) Metaspace: 56437K(56768K)->56437K(56768K) NonClass: 48158K(48384K)->48158K(48384K) Class: 8278K(8384K)->8278K(8384K)
[161.287s][info][gc             ] GC(309) Pause Young (Allocation Failure) 648M->502M(644M) 4.323ms
[161.287s][info][gc,cpu         ] GC(309) User=0.01s Sys=0.00s Real=0.01s
[161.619s][info][gc,start       ] GC(310) Pause Young (Allocation Failure)
[161.622s][info][gc,heap        ] GC(310) PSYoungGen: 145568K(145920K)->830K(140288K) Eden: 143872K(143872K)->0K(139264K) From: 1696K(2048K)->830K(1024K)
[161.622s][info][gc,heap        ] GC(310) ParOldGen: 513254K(513536K)->513270K(513536K)
[161.622s][info][gc,metaspace   ] GC(310) Metaspace: 56437K(56768K)->56437K(56768K) NonClass: 48158K(48384K)->48158K(48384K) Class: 8278K(8384K)->8278K(8384K)
[161.622s][info][gc             ] GC(310) Pause Young (Allocation Failure) 643M->502M(638M) 2.760ms
[161.622s][info][gc,cpu         ] GC(310) User=0.01s Sys=0.00s Real=0.00s
[161.943s][info][gc,start       ] GC(311) Pause Young (Allocation Failure)
[161.948s][info][gc,heap        ] GC(311) PSYoungGen: 140094K(140288K)->2495K(169984K) Eden: 139264K(139264K)->0K(167424K) From: 830K(1024K)->2495K(2560K)
[161.948s][info][gc,heap        ] GC(311) ParOldGen: 513270K(513536K)->513286K(513536K)
[161.948s][info][gc,metaspace   ] GC(311) Metaspace: 56437K(56768K)->56437K(56768K) NonClass: 48158K(48384K)->48158K(48384K) Class: 8278K(8384K)->8278K(8384K)
[161.948s][info][gc             ] GC(311) Pause Young (Allocation Failure) 638M->503M(667M) 5.087ms
[161.948s][info][gc,cpu         ] GC(311) User=0.01s Sys=0.00s Real=0.01s
[162.367s][info][gc,start       ] GC(312) Pause Young (Allocation Failure)
[162.370s][info][gc,heap        ] GC(312) PSYoungGen: 169919K(169984K)->703K(162816K) Eden: 167424K(167424K)->0K(161792K) From: 2495K(2560K)->703K(1024K)
[162.370s][info][gc,heap        ] GC(312) ParOldGen: 513286K(513536K)->513302K(513536K)
[162.370s][info][gc,metaspace   ] GC(312) Metaspace: 56437K(56768K)->56437K(56768K) NonClass: 48158K(48384K)->48158K(48384K) Class: 8278K(8384K)->8278K(8384K)
[162.370s][info][gc             ] GC(312) Pause Young (Allocation Failure) 667M->501M(660M) 2.513ms
[162.370s][info][gc,cpu         ] GC(312) User=0.01s Sys=0.00s Real=0.00s
[162.815s][info][gc,start       ] GC(313) Pause Young (Allocation Failure)
[162.817s][info][gc,heap        ] GC(313) PSYoungGen: 162495K(162816K)->287K(156672K) Eden: 161792K(161792K)->0K(156160K) From: 703K(1024K)->287K(512K)
[162.817s][info][gc,heap        ] GC(313) ParOldGen: 513302K(513536K)->513318K(513536K)
[162.817s][info][gc,metaspace   ] GC(313) Metaspace: 56437K(56768K)->56437K(56768K) NonClass: 48158K(48384K)->48158K(48384K) Class: 8278K(8384K)->8278K(8384K)
[162.817s][info][gc             ] GC(313) Pause Young (Allocation Failure) 659M->501M(654M) 2.256ms
[162.817s][info][gc,cpu         ] GC(313) User=0.01s Sys=0.00s Real=0.00s
[163.166s][info][gc,start       ] GC(314) Pause Young (Allocation Failure)
[163.168s][info][gc,heap        ] GC(314) PSYoungGen: 156447K(156672K)->575K(154112K) Eden: 156160K(156160K)->0K(151040K) From: 287K(512K)->575K(3072K)
[163.168s][info][gc,heap        ] GC(314) ParOldGen: 513318K(513536K)->513334K(513536K)
[163.168s][info][gc,metaspace   ] GC(314) Metaspace: 56437K(56768K)->56437K(56768K) NonClass: 48158K(48384K)->48158K(48384K) Class: 8278K(8384K)->8278K(8384K)
[163.169s][info][gc             ] GC(314) Pause Young (Allocation Failure) 654M->501M(652M) 2.385ms
[163.169s][info][gc,cpu         ] GC(314) User=0.01s Sys=0.00s Real=0.00s
[163.554s][info][gc,start       ] GC(315) Pause Young (Allocation Failure)
[163.557s][info][gc,heap        ] GC(315) PSYoungGen: 151615K(154112K)->1567K(147968K) Eden: 151040K(151040K)->0K(145920K) From: 575K(3072K)->1567K(2048K)
[163.557s][info][gc,heap        ] GC(315) ParOldGen: 513334K(513536K)->513350K(513536K)
[163.557s][info][gc,metaspace   ] GC(315) Metaspace: 56437K(56768K)->56437K(56768K) NonClass: 48158K(48384K)->48158K(48384K) Class: 8278K(8384K)->8278K(8384K)
[163.557s][info][gc             ] GC(315) Pause Young (Allocation Failure) 649M->502M(646M) 3.628ms
[163.557s][info][gc,cpu         ] GC(315) User=0.00s Sys=0.00s Real=0.00s
[163.933s][info][gc,start       ] GC(316) Pause Young (Allocation Failure)
[163.938s][info][gc,heap        ] GC(316) PSYoungGen: 147487K(147968K)->2527K(143872K) Eden: 145920K(145920K)->0K(141312K) From: 1567K(2048K)->2527K(2560K)
[163.938s][info][gc,heap        ] GC(316) ParOldGen: 513350K(513536K)->513366K(513536K)
[163.938s][info][gc,metaspace   ] GC(316) Metaspace: 56437K(56768K)->56437K(56768K) NonClass: 48158K(48384K)->48158K(48384K) Class: 8278K(8384K)->8278K(8384K)
[163.938s][info][gc             ] GC(316) Pause Young (Allocation Failure) 645M->503M(642M) 4.990ms
[163.938s][info][gc,cpu         ] GC(316) User=0.01s Sys=0.00s Real=0.00s
[164.319s][info][gc,start       ] GC(317) Pause Young (Allocation Failure)
[164.322s][info][gc,heap        ] GC(317) PSYoungGen: 143839K(143872K)->1278K(138240K) Eden: 141312K(141312K)->0K(136704K) From: 2527K(2560K)->1278K(1536K)
[164.322s][info][gc,heap        ] GC(317) ParOldGen: 513366K(513536K)->513382K(513536K)
[164.322s][info][gc,metaspace   ] GC(317) Metaspace: 56439K(56768K)->56439K(56768K) NonClass: 48161K(48384K)->48161K(48384K) Class: 8278K(8384K)->8278K(8384K)
[164.322s][info][gc             ] GC(317) Pause Young (Allocation Failure) 641M->502M(636M) 3.091ms
[164.322s][info][gc,cpu         ] GC(317) User=0.01s Sys=0.00s Real=0.00s
[164.641s][info][gc,start       ] GC(318) Pause Young (Allocation Failure)
[164.649s][info][gc,heap        ] GC(318) PSYoungGen: 137982K(138240K)->2655K(167424K) Eden: 136704K(136704K)->0K(164352K) From: 1278K(1536K)->2655K(3072K)
[164.649s][info][gc,heap        ] GC(318) ParOldGen: 513382K(513536K)->513398K(513536K)
[164.649s][info][gc,metaspace   ] GC(318) Metaspace: 56439K(56768K)->56439K(56768K) NonClass: 48161K(48384K)->48161K(48384K) Class: 8278K(8384K)->8278K(8384K)
[164.649s][info][gc             ] GC(318) Pause Young (Allocation Failure) 636M->503M(665M) 7.356ms
[164.649s][info][gc,cpu         ] GC(318) User=0.01s Sys=0.00s Real=0.01s
[165.089s][info][gc,start       ] GC(319) Pause Young (Allocation Failure)
[165.094s][info][gc,heap        ] GC(319) PSYoungGen: 167007K(167424K)->1119K(196608K) Eden: 164352K(164352K)->0K(193536K) From: 2655K(3072K)->1119K(3072K)
[165.094s][info][gc,heap        ] GC(319) ParOldGen: 513398K(513536K)->513414K(513536K)
[165.094s][info][gc,metaspace   ] GC(319) Metaspace: 56439K(56768K)->56439K(56768K) NonClass: 48161K(48384K)->48161K(48384K) Class: 8278K(8384K)->8278K(8384K)
[165.094s][info][gc             ] GC(319) Pause Young (Allocation Failure) 664M->502M(693M) 5.404ms
[165.095s][info][gc,cpu         ] GC(319) User=0.01s Sys=0.00s Real=0.01s
[165.553s][info][gc,start       ] GC(320) Pause Young (Allocation Failure)
[165.557s][info][gc,heap        ] GC(320) PSYoungGen: 194655K(196608K)->1535K(197120K) Eden: 193536K(193536K)->0K(193536K) From: 1119K(3072K)->1535K(3584K)
[165.557s][info][gc,heap        ] GC(320) ParOldGen: 513414K(513536K)->513430K(513536K)
[165.557s][info][gc,metaspace   ] GC(320) Metaspace: 56439K(56768K)->56439K(56768K) NonClass: 48161K(48384K)->48161K(48384K) Class: 8278K(8384K)->8278K(8384K)
[165.557s][info][gc             ] GC(320) Pause Young (Allocation Failure) 691M->502M(694M) 3.572ms
[165.557s][info][gc,cpu         ] GC(320) User=0.00s Sys=0.00s Real=0.00s
[167.480s][info][gc,start       ] GC(321) Pause Young (Allocation Failure)
[167.535s][info][gc,heap        ] GC(321) PSYoungGen: 195071K(197120K)->1104K(235008K) Eden: 193536K(193536K)->0K(232448K) From: 1535K(3584K)->1104K(2560K)
[167.535s][info][gc,heap        ] GC(321) ParOldGen: 513430K(513536K)->591571K(592384K)
[167.535s][info][gc,metaspace   ] GC(321) Metaspace: 56563K(56960K)->56563K(56960K) NonClass: 48284K(48576K)->48284K(48576K) Class: 8278K(8384K)->8278K(8384K)
[167.535s][info][gc             ] GC(321) Pause Young (Allocation Failure) 691M->578M(808M) 55.239ms
[167.535s][info][gc,cpu         ] GC(321) User=0.03s Sys=0.06s Real=0.06s
[168.826s][info][gc,start       ] GC(322) Pause Young (Allocation Failure)
[168.838s][info][gc,heap        ] GC(322) PSYoungGen: 233552K(235008K)->3065K(235520K) Eden: 232448K(232448K)->0K(232448K) From: 1104K(2560K)->3065K(3072K)
[168.838s][info][gc,heap        ] GC(322) ParOldGen: 591571K(592384K)->601323K(601600K)
[168.838s][info][gc,metaspace   ] GC(322) Metaspace: 56669K(57024K)->56669K(57024K) NonClass: 48390K(48640K)->48390K(48640K) Class: 8278K(8384K)->8278K(8384K)
[168.838s][info][gc             ] GC(322) Pause Young (Allocation Failure) 805M->590M(817M) 11.837ms
[168.838s][info][gc,cpu         ] GC(322) User=0.01s Sys=0.02s Real=0.01s
[169.418s][info][gc,start       ] GC(323) Pause Young (Allocation Failure)
[169.425s][info][gc,heap        ] GC(323) PSYoungGen: 235513K(235520K)->1279K(286208K) Eden: 232448K(232448K)->0K(279040K) From: 3065K(3072K)->1279K(7168K)
[169.425s][info][gc,heap        ] GC(323) ParOldGen: 601323K(601600K)->604380K(604672K)
[169.425s][info][gc,metaspace   ] GC(323) Metaspace: 56669K(57024K)->56669K(57024K) NonClass: 48390K(48640K)->48390K(48640K) Class: 8278K(8384K)->8278K(8384K)
[169.425s][info][gc             ] GC(323) Pause Young (Allocation Failure) 817M->591M(870M) 6.541ms
[169.425s][info][gc,cpu         ] GC(323) User=0.01s Sys=0.00s Real=0.01s
[170.128s][info][gc,start       ] GC(324) Pause Young (Allocation Failure)
[170.133s][info][gc,heap        ] GC(324) PSYoungGen: 280319K(286208K)->1694K(286208K) Eden: 279040K(279040K)->0K(279040K) From: 1279K(7168K)->1694K(7168K)
[170.133s][info][gc,heap        ] GC(324) ParOldGen: 604380K(604672K)->604524K(604672K)
[170.133s][info][gc,metaspace   ] GC(324) Metaspace: 56669K(57024K)->56669K(57024K) NonClass: 48390K(48640K)->48390K(48640K) Class: 8278K(8384K)->8278K(8384K)
[170.133s][info][gc             ] GC(324) Pause Young (Allocation Failure) 863M->592M(870M) 4.415ms
[170.133s][info][gc,cpu         ] GC(324) User=0.01s Sys=0.01s Real=0.00s
[170.829s][info][gc,start       ] GC(325) Pause Young (Allocation Failure)
[170.833s][info][gc,heap        ] GC(325) PSYoungGen: 280427K(286208K)->1504K(269312K) Eden: 278732K(279040K)->0K(267776K) From: 1694K(7168K)->1504K(1536K)
[170.833s][info][gc,heap        ] GC(325) ParOldGen: 604524K(604672K)->604540K(604672K)
[170.833s][info][gc,metaspace   ] GC(325) Metaspace: 56669K(57024K)->56669K(57024K) NonClass: 48390K(48640K)->48390K(48640K) Class: 8278K(8384K)->8278K(8384K)
[170.833s][info][gc             ] GC(325) Pause Young (Allocation Failure) 864M->591M(853M) 4.429ms
[170.834s][info][gc,cpu         ] GC(325) User=0.01s Sys=0.00s Real=0.01s
[171.518s][info][gc,start       ] GC(326) Pause Young (Allocation Failure)
[171.522s][info][gc,heap        ] GC(326) PSYoungGen: 269280K(269312K)->1406K(258560K) Eden: 267776K(267776K)->0K(257024K) From: 1504K(1536K)->1406K(1536K)
[171.522s][info][gc,heap        ] GC(326) ParOldGen: 604540K(604672K)->604556K(604672K)
[171.522s][info][gc,metaspace   ] GC(326) Metaspace: 56669K(57024K)->56669K(57024K) NonClass: 48390K(48640K)->48390K(48640K) Class: 8278K(8384K)->8278K(8384K)
[171.522s][info][gc             ] GC(326) Pause Young (Allocation Failure) 853M->591M(843M) 3.682ms
[171.522s][info][gc,cpu         ] GC(326) User=0.01s Sys=0.00s Real=0.00s
[172.141s][info][gc,start       ] GC(327) Pause Young (Allocation Failure)
[172.147s][info][gc,heap        ] GC(327) PSYoungGen: 258430K(258560K)->2655K(249856K) Eden: 257024K(257024K)->0K(246784K) From: 1406K(1536K)->2655K(3072K)
[172.147s][info][gc,heap        ] GC(327) ParOldGen: 604556K(604672K)->604572K(604672K)
[172.147s][info][gc,metaspace   ] GC(327) Metaspace: 56669K(57024K)->56669K(57024K) NonClass: 48390K(48640K)->48390K(48640K) Class: 8278K(8384K)->8278K(8384K)
[172.147s][info][gc             ] GC(327) Pause Young (Allocation Failure) 842M->592M(834M) 6.011ms
[172.147s][info][gc,cpu         ] GC(327) User=0.01s Sys=0.00s Real=0.01s
[172.756s][info][gc,start       ] GC(328) Pause Young (Allocation Failure)
[172.759s][info][gc,heap        ] GC(328) PSYoungGen: 249339K(249856K)->576K(238080K) Eden: 246684K(246784K)->0K(237056K) From: 2655K(3072K)->576K(1024K)
[172.759s][info][gc,heap        ] GC(328) ParOldGen: 604572K(604672K)->604588K(604672K)
[172.759s][info][gc,metaspace   ] GC(328) Metaspace: 56669K(57024K)->56669K(57024K) NonClass: 48390K(48640K)->48390K(48640K) Class: 8278K(8384K)->8278K(8384K)
[172.760s][info][gc             ] GC(328) Pause Young (Allocation Failure) 833M->590M(823M) 3.179ms
[172.760s][info][gc,cpu         ] GC(328) User=0.00s Sys=0.00s Real=0.00s
[173.358s][info][gc,start       ] GC(329) Pause Young (Allocation Failure)
[173.361s][info][gc,heap        ] GC(329) PSYoungGen: 237543K(238080K)->736K(228864K) Eden: 236967K(237056K)->0K(227840K) From: 576K(1024K)->736K(1024K)
[173.361s][info][gc,heap        ] GC(329) ParOldGen: 604588K(604672K)->604604K(604672K)
[173.361s][info][gc,metaspace   ] GC(329) Metaspace: 56669K(57024K)->56669K(57024K) NonClass: 48390K(48640K)->48390K(48640K) Class: 8278K(8384K)->8278K(8384K)
[173.361s][info][gc             ] GC(329) Pause Young (Allocation Failure) 822M->591M(814M) 3.027ms
[173.361s][info][gc,cpu         ] GC(329) User=0.01s Sys=0.00s Real=0.00s
[174.006s][info][gc,start       ] GC(330) Pause Young (Allocation Failure)
[174.011s][info][gc,heap        ] GC(330) PSYoungGen: 228576K(228864K)->2207K(221696K) Eden: 227840K(227840K)->0K(219136K) From: 736K(1024K)->2207K(2560K)
[174.011s][info][gc,heap        ] GC(330) ParOldGen: 604604K(604672K)->604620K(604672K)
[174.011s][info][gc,metaspace   ] GC(330) Metaspace: 56669K(57024K)->56669K(57024K) NonClass: 48390K(48640K)->48390K(48640K) Class: 8278K(8384K)->8278K(8384K)
[174.011s][info][gc             ] GC(330) Pause Young (Allocation Failure) 813M->592M(807M) 5.363ms
[174.011s][info][gc,cpu         ] GC(330) User=0.01s Sys=0.00s Real=0.00s
[174.533s][info][gc,start       ] GC(331) Pause Young (Allocation Failure)
[174.538s][info][gc,heap        ] GC(331) PSYoungGen: 221343K(221696K)->1600K(212992K) Eden: 219136K(219136K)->0K(210944K) From: 2207K(2560K)->1600K(2048K)
[174.538s][info][gc,heap        ] GC(331) ParOldGen: 604620K(604672K)->604636K(604672K)
[174.538s][info][gc,metaspace   ] GC(331) Metaspace: 56669K(57024K)->56669K(57024K) NonClass: 48390K(48640K)->48390K(48640K) Class: 8278K(8384K)->8278K(8384K)
[174.538s][info][gc             ] GC(331) Pause Young (Allocation Failure) 806M->592M(798M) 4.961ms
[174.538s][info][gc,cpu         ] GC(331) User=0.01s Sys=0.01s Real=0.00s
[175.113s][info][gc,start       ] GC(332) Pause Young (Allocation Failure)
[175.118s][info][gc,heap        ] GC(332) PSYoungGen: 212544K(212992K)->2047K(205312K) Eden: 210944K(210944K)->0K(203264K) From: 1600K(2048K)->2047K(2048K)
[175.119s][info][gc,heap        ] GC(332) ParOldGen: 604636K(604672K)->604652K(604672K)
[175.119s][info][gc,metaspace   ] GC(332) Metaspace: 56669K(57024K)->56669K(57024K) NonClass: 48390K(48640K)->48390K(48640K) Class: 8278K(8384K)->8278K(8384K)
[175.119s][info][gc             ] GC(332) Pause Young (Allocation Failure) 798M->592M(791M) 5.226ms
[175.119s][info][gc,cpu         ] GC(332) User=0.00s Sys=0.00s Real=0.00s
[175.555s][info][gc,start       ] GC(333) Pause Young (Allocation Failure)
[175.558s][info][gc,heap        ] GC(333) PSYoungGen: 205311K(205312K)->1151K(197120K) Eden: 203264K(203264K)->0K(195584K) From: 2047K(2048K)->1151K(1536K)
[175.558s][info][gc,heap        ] GC(333) ParOldGen: 604652K(604672K)->604668K(604672K)
[175.558s][info][gc,metaspace   ] GC(333) Metaspace: 56669K(57024K)->56669K(57024K) NonClass: 48390K(48640K)->48390K(48640K) Class: 8278K(8384K)->8278K(8384K)
[175.558s][info][gc             ] GC(333) Pause Young (Allocation Failure) 790M->591M(783M) 3.174ms
[175.558s][info][gc,cpu         ] GC(333) User=0.00s Sys=0.00s Real=0.00s
[176.058s][info][gc,start       ] GC(334) Pause Young (Allocation Failure)
[176.061s][info][gc,heap        ] GC(334) PSYoungGen: 196735K(197120K)->927K(189440K) Eden: 195584K(195584K)->0K(188416K) From: 1151K(1536K)->927K(1024K)
[176.061s][info][gc,heap        ] GC(334) ParOldGen: 604668K(604672K)->604684K(605184K)
[176.061s][info][gc,metaspace   ] GC(334) Metaspace: 56669K(57024K)->56669K(57024K) NonClass: 48390K(48640K)->48390K(48640K) Class: 8278K(8384K)->8278K(8384K)
[176.061s][info][gc             ] GC(334) Pause Young (Allocation Failure) 782M->591M(776M) 3.255ms
[176.061s][info][gc,cpu         ] GC(334) User=0.00s Sys=0.00s Real=0.00s
[176.548s][info][gc,start       ] GC(335) Pause Young (Allocation Failure)
[176.553s][info][gc,heap        ] GC(335) PSYoungGen: 189270K(189440K)->1760K(183808K) Eden: 188343K(188416K)->0K(181760K) From: 927K(1024K)->1760K(2048K)
[176.553s][info][gc,heap        ] GC(335) ParOldGen: 604684K(605184K)->604700K(605184K)
[176.553s][info][gc,metaspace   ] GC(335) Metaspace: 56669K(57024K)->56669K(57024K) NonClass: 48390K(48640K)->48390K(48640K) Class: 8278K(8384K)->8278K(8384K)
[176.553s][info][gc             ] GC(335) Pause Young (Allocation Failure) 775M->592M(770M) 4.535ms
[176.553s][info][gc,cpu         ] GC(335) User=0.00s Sys=0.00s Real=0.00s
[177.029s][info][gc,start       ] GC(336) Pause Young (Allocation Failure)
[177.034s][info][gc,heap        ] GC(336) PSYoungGen: 183520K(183808K)->1600K(177152K) Eden: 181760K(181760K)->0K(175104K) From: 1760K(2048K)->1600K(2048K)
[177.034s][info][gc,heap        ] GC(336) ParOldGen: 604700K(605184K)->604716K(605184K)
[177.034s][info][gc,metaspace   ] GC(336) Metaspace: 56669K(57024K)->56669K(57024K) NonClass: 48390K(48640K)->48390K(48640K) Class: 8278K(8384K)->8278K(8384K)
[177.034s][info][gc             ] GC(336) Pause Young (Allocation Failure) 769M->592M(764M) 4.624ms
[177.034s][info][gc,cpu         ] GC(336) User=0.01s Sys=0.00s Real=0.01s
[177.496s][info][gc,start       ] GC(337) Pause Young (Allocation Failure)
[177.500s][info][gc,heap        ] GC(337) PSYoungGen: 176704K(177152K)->1535K(170496K) Eden: 175104K(175104K)->0K(168960K) From: 1600K(2048K)->1535K(1536K)
[177.501s][info][gc,heap        ] GC(337) ParOldGen: 604716K(605184K)->604732K(605184K)
[177.501s][info][gc,metaspace   ] GC(337) Metaspace: 56669K(57024K)->56669K(57024K) NonClass: 48390K(48640K)->48390K(48640K) Class: 8278K(8384K)->8278K(8384K)
[177.501s][info][gc             ] GC(337) Pause Young (Allocation Failure) 763M->592M(757M) 4.256ms
[177.501s][info][gc,cpu         ] GC(337) User=0.01s Sys=0.00s Real=0.00s
[177.919s][info][gc,start       ] GC(338) Pause Young (Allocation Failure)
[177.922s][info][gc,heap        ] GC(338) PSYoungGen: 170495K(170496K)->767K(164352K) Eden: 168960K(168960K)->0K(163328K) From: 1535K(1536K)->767K(1024K)
[177.922s][info][gc,heap        ] GC(338) ParOldGen: 604732K(605184K)->604748K(605184K)
[177.922s][info][gc,metaspace   ] GC(338) Metaspace: 56669K(57024K)->56669K(57024K) NonClass: 48390K(48640K)->48390K(48640K) Class: 8278K(8384K)->8278K(8384K)
[177.922s][info][gc             ] GC(338) Pause Young (Allocation Failure) 757M->591M(751M) 3.196ms
[177.922s][info][gc,cpu         ] GC(338) User=0.01s Sys=0.00s Real=0.00s
[178.327s][info][gc,start       ] GC(339) Pause Young (Allocation Failure)
[178.331s][info][gc,heap        ] GC(339) PSYoungGen: 164095K(164352K)->1791K(159744K) Eden: 163328K(163328K)->0K(157696K) From: 767K(1024K)->1791K(2048K)
[178.331s][info][gc,heap        ] GC(339) ParOldGen: 604748K(605184K)->604764K(605184K)
[178.331s][info][gc,metaspace   ] GC(339) Metaspace: 56669K(57024K)->56669K(57024K) NonClass: 48390K(48640K)->48390K(48640K) Class: 8278K(8384K)->8278K(8384K)
[178.331s][info][gc             ] GC(339) Pause Young (Allocation Failure) 750M->592M(747M) 4.083ms
[178.331s][info][gc,cpu         ] GC(339) User=0.01s Sys=0.00s Real=0.00s
[178.727s][info][gc,start       ] GC(340) Pause Young (Allocation Failure)
[178.731s][info][gc,heap        ] GC(340) PSYoungGen: 159487K(159744K)->1536K(154112K) Eden: 157696K(157696K)->0K(152576K) From: 1791K(2048K)->1536K(1536K)
[178.731s][info][gc,heap        ] GC(340) ParOldGen: 604764K(605184K)->604780K(605184K)
[178.731s][info][gc,metaspace   ] GC(340) Metaspace: 56669K(57024K)->56669K(57024K) NonClass: 48390K(48640K)->48390K(48640K) Class: 8278K(8384K)->8278K(8384K)
[178.731s][info][gc             ] GC(340) Pause Young (Allocation Failure) 746M->592M(741M) 4.621ms
[178.731s][info][gc,cpu         ] GC(340) User=0.00s Sys=0.00s Real=0.00s
[179.121s][info][gc,start       ] GC(341) Pause Young (Allocation Failure)
[179.125s][info][gc,heap        ] GC(341) PSYoungGen: 154112K(154112K)->1311K(148992K) Eden: 152576K(152576K)->0K(147456K) From: 1536K(1536K)->1311K(1536K)
[179.125s][info][gc,heap        ] GC(341) ParOldGen: 604780K(605184K)->604796K(605184K)
[179.125s][info][gc,metaspace   ] GC(341) Metaspace: 56669K(57024K)->56669K(57024K) NonClass: 48390K(48640K)->48390K(48640K) Class: 8278K(8384K)->8278K(8384K)
[179.125s][info][gc             ] GC(341) Pause Young (Allocation Failure) 741M->591M(736M) 3.532ms
[179.125s][info][gc,cpu         ] GC(341) User=0.01s Sys=0.00s Real=0.01s
[179.465s][info][gc,start       ] GC(342) Pause Young (Allocation Failure)
[179.469s][info][gc,heap        ] GC(342) PSYoungGen: 148767K(148992K)->576K(143872K) Eden: 147456K(147456K)->0K(142848K) From: 1311K(1536K)->576K(1024K)
[179.469s][info][gc,heap        ] GC(342) ParOldGen: 604796K(605184K)->604812K(605184K)
[179.469s][info][gc,metaspace   ] GC(342) Metaspace: 56669K(57024K)->56669K(57024K) NonClass: 48390K(48640K)->48390K(48640K) Class: 8278K(8384K)->8278K(8384K)
[179.469s][info][gc             ] GC(342) Pause Young (Allocation Failure) 735M->591M(731M) 3.667ms
[179.469s][info][gc,cpu         ] GC(342) User=0.01s Sys=0.00s Real=0.00s
[179.844s][info][gc,start       ] GC(343) Pause Young (Allocation Failure)
[179.849s][info][gc,heap        ] GC(343) PSYoungGen: 143424K(143872K)->2207K(140800K) Eden: 142848K(142848K)->0K(138240K) From: 576K(1024K)->2207K(2560K)
[179.849s][info][gc,heap        ] GC(343) ParOldGen: 604812K(605184K)->604828K(605184K)
[179.849s][info][gc,metaspace   ] GC(343) Metaspace: 56669K(57024K)->56669K(57024K) NonClass: 48390K(48640K)->48390K(48640K) Class: 8278K(8384K)->8278K(8384K)
[179.849s][info][gc             ] GC(343) Pause Young (Allocation Failure) 730M->592M(728M) 4.789ms
[179.849s][info][gc,cpu         ] GC(343) User=0.01s Sys=0.00s Real=0.00s
[180.217s][info][gc,start       ] GC(344) Pause Young (Allocation Failure)
[180.220s][info][gc,heap        ] GC(344) PSYoungGen: 140447K(140800K)->1054K(135168K) Eden: 138240K(138240K)->0K(133632K) From: 2207K(2560K)->1054K(1536K)
[180.220s][info][gc,heap        ] GC(344) ParOldGen: 604828K(605184K)->604844K(605184K)
[180.220s][info][gc,metaspace   ] GC(344) Metaspace: 56669K(57024K)->56669K(57024K) NonClass: 48390K(48640K)->48390K(48640K) Class: 8278K(8384K)->8278K(8384K)
[180.220s][info][gc             ] GC(344) Pause Young (Allocation Failure) 727M->591M(723M) 3.047ms
[180.220s][info][gc,cpu         ] GC(344) User=0.00s Sys=0.00s Real=0.00s
[180.535s][info][gc,start       ] GC(345) Pause Young (Allocation Failure)
[180.540s][info][gc,heap        ] GC(345) PSYoungGen: 134686K(135168K)->2399K(163328K) Eden: 133632K(133632K)->0K(160768K) From: 1054K(1536K)->2399K(2560K)
[180.540s][info][gc,heap        ] GC(345) ParOldGen: 604844K(605184K)->604860K(605184K)
[180.540s][info][gc,metaspace   ] GC(345) Metaspace: 56669K(57024K)->56669K(57024K) NonClass: 48390K(48640K)->48390K(48640K) Class: 8278K(8384K)->8278K(8384K)
[180.540s][info][gc             ] GC(345) Pause Young (Allocation Failure) 722M->593M(750M) 5.209ms
[180.540s][info][gc,cpu         ] GC(345) User=0.01s Sys=0.00s Real=0.00s
[180.999s][info][gc,start       ] GC(346) Pause Young (Allocation Failure)
[181.004s][info][gc,heap        ] GC(346) PSYoungGen: 163167K(163328K)->1087K(194560K) Eden: 160768K(160768K)->0K(193024K) From: 2399K(2560K)->1087K(1536K)
[181.004s][info][gc,heap        ] GC(346) ParOldGen: 604860K(605184K)->604876K(605184K)
[181.004s][info][gc,metaspace   ] GC(346) Metaspace: 56669K(57024K)->56669K(57024K) NonClass: 48390K(48640K)->48390K(48640K) Class: 8278K(8384K)->8278K(8384K)
[181.004s][info][gc             ] GC(346) Pause Young (Allocation Failure) 750M->591M(781M) 4.660ms
[181.004s][info][gc,cpu         ] GC(346) User=0.00s Sys=0.00s Real=0.01s
[181.439s][info][gc,start       ] GC(347) Pause Young (Allocation Failure)
[181.444s][info][gc,heap        ] GC(347) PSYoungGen: 194111K(194560K)->1983K(233984K) Eden: 193024K(193024K)->0K(231936K) From: 1087K(1536K)->1983K(2048K)
[181.444s][info][gc,heap        ] GC(347) ParOldGen: 604876K(605184K)->604892K(605184K)
[181.444s][info][gc,metaspace   ] GC(347) Metaspace: 56669K(57024K)->56669K(57024K) NonClass: 48390K(48640K)->48390K(48640K) Class: 8278K(8384K)->8278K(8384K)
[181.444s][info][gc             ] GC(347) Pause Young (Allocation Failure) 780M->592M(819M) 4.999ms
[181.444s][info][gc,cpu         ] GC(347) User=0.01s Sys=0.00s Real=0.01s
[182.033s][info][gc,start       ] GC(348) Pause Young (Allocation Failure)
[182.038s][info][gc,heap        ] GC(348) PSYoungGen: 233919K(233984K)->2143K(225792K) Eden: 231936K(231936K)->0K(223232K) From: 1983K(2048K)->2143K(2560K)
[182.038s][info][gc,heap        ] GC(348) ParOldGen: 604892K(605184K)->604908K(605184K)
[182.038s][info][gc,metaspace   ] GC(348) Metaspace: 56669K(57024K)->56669K(57024K) NonClass: 48390K(48640K)->48390K(48640K) Class: 8278K(8384K)->8278K(8384K)
[182.038s][info][gc             ] GC(348) Pause Young (Allocation Failure) 819M->592M(811M) 4.585ms
[182.038s][info][gc,cpu         ] GC(348) User=0.01s Sys=0.00s Real=0.00s
[182.623s][info][gc,start       ] GC(349) Pause Young (Allocation Failure)
[182.626s][info][gc,heap        ] GC(349) PSYoungGen: 225375K(225792K)->1246K(216576K) Eden: 223232K(223232K)->0K(215040K) From: 2143K(2560K)->1246K(1536K)
[182.626s][info][gc,heap        ] GC(349) ParOldGen: 604908K(605184K)->604924K(605184K)
[182.626s][info][gc,metaspace   ] GC(349) Metaspace: 56671K(57024K)->56671K(57024K) NonClass: 48392K(48640K)->48392K(48640K) Class: 8278K(8384K)->8278K(8384K)
[182.626s][info][gc             ] GC(349) Pause Young (Allocation Failure) 810M->591M(802M) 3.686ms
[182.626s][info][gc,cpu         ] GC(349) User=0.00s Sys=0.00s Real=0.01s
[183.147s][info][gc,start       ] GC(350) Pause Young (Allocation Failure)
[183.152s][info][gc,heap        ] GC(350) PSYoungGen: 216080K(216576K)->1888K(208896K) Eden: 214834K(215040K)->0K(206848K) From: 1246K(1536K)->1888K(2048K)
[183.152s][info][gc,heap        ] GC(350) ParOldGen: 604924K(605184K)->605260K(605696K)
[183.152s][info][gc,metaspace   ] GC(350) Metaspace: 56671K(57024K)->56671K(57024K) NonClass: 48392K(48640K)->48392K(48640K) Class: 8278K(8384K)->8278K(8384K)
[183.152s][info][gc             ] GC(350) Pause Young (Allocation Failure) 801M->592M(795M) 4.670ms
[183.152s][info][gc,cpu         ] GC(350) User=0.01s Sys=0.00s Real=0.00s
[183.652s][info][gc,start       ] GC(351) Pause Young (Allocation Failure)
[183.655s][info][gc,heap        ] GC(351) PSYoungGen: 208736K(208896K)->864K(200192K) Eden: 206848K(206848K)->0K(199168K) From: 1888K(2048K)->864K(1024K)
[183.655s][info][gc,heap        ] GC(351) ParOldGen: 605260K(605696K)->605276K(605696K)
[183.655s][info][gc,metaspace   ] GC(351) Metaspace: 56671K(57024K)->56671K(57024K) NonClass: 48392K(48640K)->48392K(48640K) Class: 8278K(8384K)->8278K(8384K)
[183.655s][info][gc             ] GC(351) Pause Young (Allocation Failure) 794M->591M(787M) 3.342ms
[183.655s][info][gc,cpu         ] GC(351) User=0.01s Sys=0.00s Real=0.01s
[184.218s][info][gc,start       ] GC(352) Pause Young (Allocation Failure)
[184.221s][info][gc,heap        ] GC(352) PSYoungGen: 200032K(200192K)->415K(192512K) Eden: 199168K(199168K)->0K(192000K) From: 864K(1024K)->415K(512K)
[184.221s][info][gc,heap        ] GC(352) ParOldGen: 605276K(605696K)->605292K(605696K)
[184.221s][info][gc,metaspace   ] GC(352) Metaspace: 56671K(57024K)->56671K(57024K) NonClass: 48392K(48640K)->48392K(48640K) Class: 8278K(8384K)->8278K(8384K)
[184.221s][info][gc             ] GC(352) Pause Young (Allocation Failure) 786M->591M(779M) 2.558ms
[184.221s][info][gc,cpu         ] GC(352) User=0.00s Sys=0.00s Real=0.00s
[184.651s][info][gc,start       ] GC(353) Pause Young (Allocation Failure)
[184.654s][info][gc,heap        ] GC(353) PSYoungGen: 192415K(192512K)->1055K(186880K) Eden: 192000K(192000K)->0K(185344K) From: 415K(512K)->1055K(1536K)
[184.654s][info][gc,heap        ] GC(353) ParOldGen: 605292K(605696K)->605308K(605696K)
[184.654s][info][gc,metaspace   ] GC(353) Metaspace: 56671K(57024K)->56671K(57024K) NonClass: 48392K(48640K)->48392K(48640K) Class: 8278K(8384K)->8278K(8384K)
[184.654s][info][gc             ] GC(353) Pause Young (Allocation Failure) 779M->592M(774M) 3.142ms
[184.654s][info][gc,cpu         ] GC(353) User=0.01s Sys=0.00s Real=0.01s
[185.140s][info][gc,start       ] GC(354) Pause Young (Allocation Failure)
[185.145s][info][gc,heap        ] GC(354) PSYoungGen: 186399K(186880K)->2112K(181248K) Eden: 185344K(185344K)->0K(178688K) From: 1055K(1536K)->2112K(2560K)
[185.145s][info][gc,heap        ] GC(354) ParOldGen: 605308K(605696K)->605324K(605696K)
[185.145s][info][gc,metaspace   ] GC(354) Metaspace: 56671K(57024K)->56671K(57024K) NonClass: 48392K(48640K)->48392K(48640K) Class: 8278K(8384K)->8278K(8384K)
[185.145s][info][gc             ] GC(354) Pause Young (Allocation Failure) 773M->593M(768M) 4.827ms
[185.145s][info][gc,cpu         ] GC(354) User=0.01s Sys=0.00s Real=0.01s
[185.620s][info][gc,start       ] GC(355) Pause Young (Allocation Failure)
[185.624s][info][gc,heap        ] GC(355) PSYoungGen: 180800K(181248K)->1215K(174080K) Eden: 178688K(178688K)->0K(172544K) From: 2112K(2560K)->1215K(1536K)
[185.624s][info][gc,heap        ] GC(355) ParOldGen: 605324K(605696K)->605340K(605696K)
[185.624s][info][gc,metaspace   ] GC(355) Metaspace: 56671K(57024K)->56671K(57024K) NonClass: 48392K(48640K)->48392K(48640K) Class: 8278K(8384K)->8278K(8384K)
[185.624s][info][gc             ] GC(355) Pause Young (Allocation Failure) 767M->592M(761M) 3.284ms
[185.624s][info][gc,cpu         ] GC(355) User=0.00s Sys=0.00s Real=0.01s
[186.038s][info][gc,start       ] GC(356) Pause Young (Allocation Failure)
[186.041s][info][gc,heap        ] GC(356) PSYoungGen: 173759K(174080K)->928K(167424K) Eden: 172544K(172544K)->0K(166400K) From: 1215K(1536K)->928K(1024K)
[186.041s][info][gc,heap        ] GC(356) ParOldGen: 605340K(605696K)->605356K(605696K)
[186.041s][info][gc,metaspace   ] GC(356) Metaspace: 56671K(57024K)->56671K(57024K) NonClass: 48392K(48640K)->48392K(48640K) Class: 8278K(8384K)->8278K(8384K)
[186.041s][info][gc             ] GC(356) Pause Young (Allocation Failure) 760M->592M(755M) 3.321ms
[186.041s][info][gc,cpu         ] GC(356) User=0.00s Sys=0.00s Real=0.00s
[186.497s][info][gc,start       ] GC(357) Pause Young (Allocation Failure)
[186.501s][info][gc,heap        ] GC(357) PSYoungGen: 167225K(167424K)->1664K(162816K) Eden: 166297K(166400K)->0K(160768K) From: 928K(1024K)->1664K(2048K)
[186.501s][info][gc,heap        ] GC(357) ParOldGen: 605356K(605696K)->605372K(605696K)
[186.501s][info][gc,metaspace   ] GC(357) Metaspace: 56676K(57024K)->56676K(57024K) NonClass: 48397K(48640K)->48397K(48640K) Class: 8278K(8384K)->8278K(8384K)
[186.501s][info][gc             ] GC(357) Pause Young (Allocation Failure) 754M->592M(750M) 4.357ms
[186.501s][info][gc,cpu         ] GC(357) User=0.01s Sys=0.00s Real=0.00s
[186.852s][info][gc,start       ] GC(358) Pause Young (Allocation Failure)
[186.855s][info][gc,heap        ] GC(358) PSYoungGen: 162224K(162816K)->1471K(156672K) Eden: 160560K(160768K)->0K(155136K) From: 1664K(2048K)->1471K(1536K)
[186.855s][info][gc,heap        ] GC(358) ParOldGen: 605372K(605696K)->605388K(605696K)
[186.855s][info][gc,metaspace   ] GC(358) Metaspace: 56676K(57024K)->56676K(57024K) NonClass: 48397K(48640K)->48397K(48640K) Class: 8278K(8384K)->8278K(8384K)
[186.855s][info][gc             ] GC(358) Pause Young (Allocation Failure) 749M->592M(744M) 3.583ms
[186.855s][info][gc,cpu         ] GC(358) User=0.01s Sys=0.00s Real=0.01s
[187.252s][info][gc,start       ] GC(359) Pause Young (Allocation Failure)
[187.256s][info][gc,heap        ] GC(359) PSYoungGen: 156595K(156672K)->1472K(151552K) Eden: 155123K(155136K)->0K(150016K) From: 1471K(1536K)->1472K(1536K)
[187.256s][info][gc,heap        ] GC(359) ParOldGen: 605388K(605696K)->605404K(605696K)
[187.256s][info][gc,metaspace   ] GC(359) Metaspace: 56676K(57024K)->56676K(57024K) NonClass: 48397K(48640K)->48397K(48640K) Class: 8278K(8384K)->8278K(8384K)
[187.256s][info][gc             ] GC(359) Pause Young (Allocation Failure) 744M->592M(739M) 4.147ms
[187.256s][info][gc,cpu         ] GC(359) User=0.00s Sys=0.00s Real=0.01s
[187.637s][info][gc,start       ] GC(360) Pause Young (Allocation Failure)
[187.642s][info][gc,heap        ] GC(360) PSYoungGen: 151488K(151552K)->2591K(147968K) Eden: 150016K(150016K)->0K(144896K) From: 1472K(1536K)->2591K(3072K)
[187.642s][info][gc,heap        ] GC(360) ParOldGen: 605404K(605696K)->605420K(605696K)
[187.642s][info][gc,metaspace   ] GC(360) Metaspace: 56676K(57024K)->56676K(57024K) NonClass: 48397K(48640K)->48397K(48640K) Class: 8278K(8384K)->8278K(8384K)
[187.642s][info][gc             ] GC(360) Pause Young (Allocation Failure) 739M->593M(736M) 5.064ms
[187.642s][info][gc,cpu         ] GC(360) User=0.01s Sys=0.00s Real=0.00s
[188.031s][info][gc,start       ] GC(361) Pause Young (Allocation Failure)
[188.035s][info][gc,heap        ] GC(361) PSYoungGen: 147487K(147968K)->1599K(142336K) Eden: 144896K(144896K)->0K(140288K) From: 2591K(3072K)->1599K(2048K)
[188.035s][info][gc,heap        ] GC(361) ParOldGen: 605420K(605696K)->605436K(605696K)
[188.035s][info][gc,metaspace   ] GC(361) Metaspace: 56676K(57024K)->56676K(57024K) NonClass: 48397K(48640K)->48397K(48640K) Class: 8278K(8384K)->8278K(8384K)
[188.035s][info][gc             ] GC(361) Pause Young (Allocation Failure) 735M->592M(730M) 3.514ms
[188.035s][info][gc,cpu         ] GC(361) User=0.00s Sys=0.00s Real=0.01s
[188.360s][info][gc,start       ] GC(362) Pause Young (Allocation Failure)
[188.363s][info][gc,heap        ] GC(362) PSYoungGen: 141887K(142336K)->927K(136704K) Eden: 140288K(140288K)->0K(135680K) From: 1599K(2048K)->927K(1024K)
[188.363s][info][gc,heap        ] GC(362) ParOldGen: 605436K(605696K)->605452K(605696K)
[188.363s][info][gc,metaspace   ] GC(362) Metaspace: 56676K(57024K)->56676K(57024K) NonClass: 48397K(48640K)->48397K(48640K) Class: 8278K(8384K)->8278K(8384K)
[188.363s][info][gc             ] GC(362) Pause Young (Allocation Failure) 729M->592M(725M) 2.918ms
[188.363s][info][gc,cpu         ] GC(362) User=0.00s Sys=0.00s Real=0.01s
[188.732s][info][gc,start       ] GC(363) Pause Young (Allocation Failure)
[188.735s][info][gc,heap        ] GC(363) PSYoungGen: 136607K(136704K)->1088K(133120K) Eden: 135680K(135680K)->0K(131584K) From: 927K(1024K)->1088K(1536K)
[188.735s][info][gc,heap        ] GC(363) ParOldGen: 605452K(605696K)->605468K(605696K)
[188.735s][info][gc,metaspace   ] GC(363) Metaspace: 56676K(57024K)->56676K(57024K) NonClass: 48397K(48640K)->48397K(48640K) Class: 8278K(8384K)->8278K(8384K)
[188.735s][info][gc             ] GC(363) Pause Young (Allocation Failure) 724M->592M(721M) 3.434ms
[188.735s][info][gc,cpu         ] GC(363) User=0.00s Sys=0.00s Real=0.01s
[189.060s][info][gc,start       ] GC(364) Pause Young (Allocation Failure)
[189.064s][info][gc,heap        ] GC(364) PSYoungGen: 132672K(133120K)->1376K(129024K) Eden: 131584K(131584K)->0K(127488K) From: 1088K(1536K)->1376K(1536K)
[189.064s][info][gc,heap        ] GC(364) ParOldGen: 605468K(605696K)->605484K(605696K)
[189.064s][info][gc,metaspace   ] GC(364) Metaspace: 56676K(57024K)->56676K(57024K) NonClass: 48397K(48640K)->48397K(48640K) Class: 8278K(8384K)->8278K(8384K)
[189.064s][info][gc             ] GC(364) Pause Young (Allocation Failure) 720M->592M(717M) 3.917ms
[189.064s][info][gc,cpu         ] GC(364) User=0.00s Sys=0.00s Real=0.01s
[189.359s][info][gc,start       ] GC(365) Pause Young (Allocation Failure)
[189.361s][info][gc,heap        ] GC(365) PSYoungGen: 128864K(129024K)->767K(124416K) Eden: 127488K(127488K)->0K(123392K) From: 1376K(1536K)->767K(1024K)
[189.362s][info][gc,heap        ] GC(365) ParOldGen: 605484K(605696K)->605500K(605696K)
[189.362s][info][gc,metaspace   ] GC(365) Metaspace: 56676K(57024K)->56676K(57024K) NonClass: 48397K(48640K)->48397K(48640K) Class: 8278K(8384K)->8278K(8384K)
[189.362s][info][gc             ] GC(365) Pause Young (Allocation Failure) 717M->592M(713M) 2.704ms
[189.362s][info][gc,cpu         ] GC(365) User=0.01s Sys=0.00s Real=0.00s
[189.728s][info][gc,start       ] GC(366) Pause Young (Allocation Failure)
[189.738s][info][gc,heap        ] GC(366) PSYoungGen: 124159K(124416K)->980K(149504K) Eden: 123392K(123392K)->0K(148480K) From: 767K(1024K)->980K(1024K)
[189.738s][info][gc,heap        ] GC(366) ParOldGen: 605500K(605696K)->605516K(605696K)
[189.738s][info][gc,metaspace   ] GC(366) Metaspace: 56676K(57024K)->56676K(57024K) NonClass: 48397K(48640K)->48397K(48640K) Class: 8278K(8384K)->8278K(8384K)
[189.738s][info][gc             ] GC(366) Pause Young (Allocation Failure) 712M->592M(737M) 10.354ms
[189.738s][info][gc,cpu         ] GC(366) User=0.01s Sys=0.00s Real=0.01s
[190.049s][info][gc,start       ] GC(367) Pause Young (Allocation Failure)
[190.052s][info][gc,heap        ] GC(367) PSYoungGen: 149460K(149504K)->2287K(180736K) Eden: 148480K(148480K)->0K(178176K) From: 980K(1024K)->2287K(2560K)
[190.052s][info][gc,heap        ] GC(367) ParOldGen: 605516K(605696K)->605532K(605696K)
[190.052s][info][gc,metaspace   ] GC(367) Metaspace: 56676K(57024K)->56676K(57024K) NonClass: 48397K(48640K)->48397K(48640K) Class: 8278K(8384K)->8278K(8384K)
[190.052s][info][gc             ] GC(367) Pause Young (Allocation Failure) 737M->593M(768M) 3.463ms
[190.052s][info][gc,cpu         ] GC(367) User=0.00s Sys=0.00s Real=0.00s
[190.534s][info][gc,start       ] GC(368) Pause Young (Allocation Failure)
[190.539s][info][gc,heap        ] GC(368) PSYoungGen: 180463K(180736K)->1727K(216064K) Eden: 178176K(178176K)->0K(214016K) From: 2287K(2560K)->1727K(2048K)
[190.539s][info][gc,heap        ] GC(368) ParOldGen: 605532K(605696K)->606509K(606720K)
[190.539s][info][gc,metaspace   ] GC(368) Metaspace: 56676K(57024K)->56676K(57024K) NonClass: 48397K(48640K)->48397K(48640K) Class: 8278K(8384K)->8278K(8384K)
[190.539s][info][gc             ] GC(368) Pause Young (Allocation Failure) 767M->593M(803M) 4.540ms
[190.539s][info][gc,cpu         ] GC(368) User=0.01s Sys=0.00s Real=0.00s
[191.139s][info][gc,start       ] GC(369) Pause Young (Allocation Failure)
[191.147s][info][gc,heap        ] GC(369) PSYoungGen: 215743K(216064K)->1759K(252928K) Eden: 214016K(214016K)->0K(250880K) From: 1727K(2048K)->1759K(2048K)
[191.147s][info][gc,heap        ] GC(369) ParOldGen: 606509K(606720K)->606525K(606720K)
[191.147s][info][gc,metaspace   ] GC(369) Metaspace: 56676K(57024K)->56676K(57024K) NonClass: 48397K(48640K)->48397K(48640K) Class: 8278K(8384K)->8278K(8384K)
[191.147s][info][gc             ] GC(369) Pause Young (Allocation Failure) 802M->594M(839M) 8.286ms
[191.147s][info][gc,cpu         ] GC(369) User=0.01s Sys=0.00s Real=0.01s
[191.719s][info][gc,start       ] GC(370) Pause Young (Allocation Failure)
[191.722s][info][gc,heap        ] GC(370) PSYoungGen: 252639K(252928K)->831K(253952K) Eden: 250880K(250880K)->0K(250880K) From: 1759K(2048K)->831K(3072K)
[191.722s][info][gc,heap        ] GC(370) ParOldGen: 606525K(606720K)->606541K(606720K)
[191.722s][info][gc,metaspace   ] GC(370) Metaspace: 56676K(57024K)->56676K(57024K) NonClass: 48397K(48640K)->48397K(48640K) Class: 8278K(8384K)->8278K(8384K)
[191.722s][info][gc             ] GC(370) Pause Young (Allocation Failure) 839M->593M(840M) 2.832ms
[191.722s][info][gc,cpu         ] GC(370) User=0.01s Sys=0.00s Real=0.00s
[192.388s][info][gc,start       ] GC(371) Pause Young (Allocation Failure)
[192.393s][info][gc,heap        ] GC(371) PSYoungGen: 251711K(253952K)->1728K(243200K) Eden: 250880K(250880K)->0K(241152K) From: 831K(3072K)->1728K(2048K)
[192.393s][info][gc,heap        ] GC(371) ParOldGen: 606541K(606720K)->606557K(606720K)
[192.393s][info][gc,metaspace   ] GC(371) Metaspace: 56676K(57024K)->56676K(57024K) NonClass: 48397K(48640K)->48397K(48640K) Class: 8278K(8384K)->8278K(8384K)
[192.393s][info][gc             ] GC(371) Pause Young (Allocation Failure) 838M->594M(830M) 4.923ms
[192.393s][info][gc,cpu         ] GC(371) User=0.01s Sys=0.01s Real=0.00s
[192.945s][info][gc,start       ] GC(372) Pause Young (Allocation Failure)
[192.955s][info][gc,heap        ] GC(372) PSYoungGen: 242880K(243200K)->2463K(292352K) Eden: 241152K(241152K)->0K(289792K) From: 1728K(2048K)->2463K(2560K)
[192.955s][info][gc,heap        ] GC(372) ParOldGen: 606557K(606720K)->606573K(606720K)
[192.955s][info][gc,metaspace   ] GC(372) Metaspace: 56676K(57024K)->56676K(57024K) NonClass: 48397K(48640K)->48397K(48640K) Class: 8278K(8384K)->8278K(8384K)
[192.955s][info][gc             ] GC(372) Pause Young (Allocation Failure) 829M->594M(878M) 10.619ms
[192.955s][info][gc,cpu         ] GC(372) User=0.01s Sys=0.00s Real=0.01s
[193.723s][info][gc,start       ] GC(373) Pause Young (Allocation Failure)
[193.727s][info][gc,heap        ] GC(373) PSYoungGen: 292255K(292352K)->1087K(279552K) Eden: 289792K(289792K)->0K(278016K) From: 2463K(2560K)->1087K(1536K)
[193.727s][info][gc,heap        ] GC(373) ParOldGen: 606573K(606720K)->606589K(606720K)
[193.727s][info][gc,metaspace   ] GC(373) Metaspace: 56676K(57024K)->56676K(57024K) NonClass: 48397K(48640K)->48397K(48640K) Class: 8278K(8384K)->8278K(8384K)
[193.727s][info][gc             ] GC(373) Pause Young (Allocation Failure) 877M->593M(865M) 3.281ms
[193.727s][info][gc,cpu         ] GC(373) User=0.00s Sys=0.00s Real=0.00s
[194.426s][info][gc,start       ] GC(374) Pause Young (Allocation Failure)
[194.431s][info][gc,heap        ] GC(374) PSYoungGen: 279103K(279552K)->1727K(269312K) Eden: 278016K(278016K)->0K(267264K) From: 1087K(1536K)->1727K(2048K)
[194.431s][info][gc,heap        ] GC(374) ParOldGen: 606589K(606720K)->606605K(606720K)
[194.431s][info][gc,metaspace   ] GC(374) Metaspace: 56676K(57024K)->56676K(57024K) NonClass: 48397K(48640K)->48397K(48640K) Class: 8278K(8384K)->8278K(8384K)
[194.431s][info][gc             ] GC(374) Pause Young (Allocation Failure) 864M->594M(855M) 4.596ms
[194.431s][info][gc,cpu         ] GC(374) User=0.01s Sys=0.00s Real=0.00s
[195.115s][info][gc,start       ] GC(375) Pause Young (Allocation Failure)
[195.118s][info][gc,heap        ] GC(375) PSYoungGen: 268991K(269312K)->544K(258048K) Eden: 267264K(267264K)->0K(257024K) From: 1727K(2048K)->544K(1024K)
[195.118s][info][gc,heap        ] GC(375) ParOldGen: 606605K(606720K)->606621K(606720K)
[195.118s][info][gc,metaspace   ] GC(375) Metaspace: 56676K(57024K)->56676K(57024K) NonClass: 48397K(48640K)->48397K(48640K) Class: 8278K(8384K)->8278K(8384K)
[195.118s][info][gc             ] GC(375) Pause Young (Allocation Failure) 855M->592M(844M) 2.830ms
[195.118s][info][gc,cpu         ] GC(375) User=0.00s Sys=0.00s Real=0.00s
[195.781s][info][gc,start       ] GC(376) Pause Young (Allocation Failure)
[195.785s][info][gc,heap        ] GC(376) PSYoungGen: 257568K(258048K)->1056K(248320K) Eden: 257024K(257024K)->0K(246784K) From: 544K(1024K)->1056K(1536K)
[195.785s][info][gc,heap        ] GC(376) ParOldGen: 606621K(606720K)->606637K(606720K)
[195.785s][info][gc,metaspace   ] GC(376) Metaspace: 56676K(57024K)->56676K(57024K) NonClass: 48397K(48640K)->48397K(48640K) Class: 8278K(8384K)->8278K(8384K)
[195.785s][info][gc             ] GC(376) Pause Young (Allocation Failure) 843M->593M(835M) 3.780ms
[195.785s][info][gc,cpu         ] GC(376) User=0.00s Sys=0.00s Real=0.01s
[196.344s][info][gc,start       ] GC(377) Pause Young (Allocation Failure)
[196.349s][info][gc,heap        ] GC(377) PSYoungGen: 247840K(248320K)->2175K(239616K) Eden: 246784K(246784K)->0K(237056K) From: 1056K(1536K)->2175K(2560K)
[196.349s][info][gc,heap        ] GC(377) ParOldGen: 606637K(606720K)->606653K(606720K)
[196.349s][info][gc,metaspace   ] GC(377) Metaspace: 56676K(57024K)->56676K(57024K) NonClass: 48397K(48640K)->48397K(48640K) Class: 8278K(8384K)->8278K(8384K)
[196.349s][info][gc             ] GC(377) Pause Young (Allocation Failure) 834M->594M(826M) 4.727ms
[196.349s][info][gc,cpu         ] GC(377) User=0.01s Sys=0.00s Real=0.00s
[196.952s][info][gc,start       ] GC(378) Pause Young (Allocation Failure)
[196.957s][info][gc,heap        ] GC(378) PSYoungGen: 239156K(239616K)->1696K(229888K) Eden: 236981K(237056K)->0K(227840K) From: 2175K(2560K)->1696K(2048K)
[196.957s][info][gc,heap        ] GC(378) ParOldGen: 606653K(606720K)->606669K(606720K)
[196.957s][info][gc,metaspace   ] GC(378) Metaspace: 56676K(57024K)->56676K(57024K) NonClass: 48397K(48640K)->48397K(48640K) Class: 8278K(8384K)->8278K(8384K)
[196.957s][info][gc             ] GC(378) Pause Young (Allocation Failure) 825M->594M(817M) 4.878ms
[196.957s][info][gc,cpu         ] GC(378) User=0.01s Sys=0.00s Real=0.01s
[197.538s][info][gc,start       ] GC(379) Pause Young (Allocation Failure)
[197.542s][info][gc,heap        ] GC(379) PSYoungGen: 229428K(229888K)->1536K(220672K) Eden: 227732K(227840K)->0K(219136K) From: 1696K(2048K)->1536K(1536K)
[197.542s][info][gc,heap        ] GC(379) ParOldGen: 606669K(606720K)->606685K(606720K)
[197.542s][info][gc,metaspace   ] GC(379) Metaspace: 56676K(57024K)->56676K(57024K) NonClass: 48397K(48640K)->48397K(48640K) Class: 8278K(8384K)->8278K(8384K)
[197.542s][info][gc             ] GC(379) Pause Young (Allocation Failure) 816M->593M(808M) 4.527ms
[197.542s][info][gc,cpu         ] GC(379) User=0.01s Sys=0.00s Real=0.00s
[198.116s][info][gc,start       ] GC(380) Pause Young (Allocation Failure)
[198.119s][info][gc,heap        ] GC(380) PSYoungGen: 220671K(220672K)->724K(211968K) Eden: 219135K(219136K)->0K(210944K) From: 1536K(1536K)->724K(1024K)
[198.119s][info][gc,heap        ] GC(380) ParOldGen: 606685K(606720K)->606701K(606720K)
[198.119s][info][gc,metaspace   ] GC(380) Metaspace: 56676K(57024K)->56676K(57024K) NonClass: 48397K(48640K)->48397K(48640K) Class: 8278K(8384K)->8278K(8384K)
[198.119s][info][gc             ] GC(380) Pause Young (Allocation Failure) 807M->593M(799M) 3.125ms
[198.119s][info][gc,cpu         ] GC(380) User=0.01s Sys=0.00s Real=0.00s
[198.634s][info][gc,start       ] GC(381) Pause Young (Allocation Failure)
[198.639s][info][gc,heap        ] GC(381) PSYoungGen: 211668K(211968K)->2239K(205824K) Eden: 210944K(210944K)->0K(203264K) From: 724K(1024K)->2239K(2560K)
[198.639s][info][gc,heap        ] GC(381) ParOldGen: 606701K(606720K)->606717K(606720K)
[198.639s][info][gc,metaspace   ] GC(381) Metaspace: 56676K(57024K)->56676K(57024K) NonClass: 48397K(48640K)->48397K(48640K) Class: 8278K(8384K)->8278K(8384K)
[198.639s][info][gc             ] GC(381) Pause Young (Allocation Failure) 799M->594M(793M) 4.908ms
[198.639s][info][gc,cpu         ] GC(381) User=0.01s Sys=0.00s Real=0.00s
[199.144s][info][gc,start       ] GC(382) Pause Young (Allocation Failure)
[199.149s][info][gc,heap        ] GC(382) PSYoungGen: 205503K(205824K)->1728K(197632K) Eden: 203264K(203264K)->0K(195584K) From: 2239K(2560K)->1728K(2048K)
[199.149s][info][gc,heap        ] GC(382) ParOldGen: 606717K(606720K)->606733K(607232K)
[199.149s][info][gc,metaspace   ] GC(382) Metaspace: 56676K(57024K)->56676K(57024K) NonClass: 48397K(48640K)->48397K(48640K) Class: 8278K(8384K)->8278K(8384K)
[199.149s][info][gc             ] GC(382) Pause Young (Allocation Failure) 793M->594M(786M) 5.179ms
[199.149s][info][gc,cpu         ] GC(382) User=0.01s Sys=0.00s Real=0.00s
[199.744s][info][gc,start       ] GC(383) Pause Young (Allocation Failure)
[199.749s][info][gc,heap        ] GC(383) PSYoungGen: 197312K(197632K)->1664K(190464K) Eden: 195584K(195584K)->0K(188416K) From: 1728K(2048K)->1664K(2048K)
[199.749s][info][gc,heap        ] GC(383) ParOldGen: 606733K(607232K)->606749K(607232K)
[199.749s][info][gc,metaspace   ] GC(383) Metaspace: 56676K(57024K)->56676K(57024K) NonClass: 48397K(48640K)->48397K(48640K) Class: 8278K(8384K)->8278K(8384K)
[199.749s][info][gc             ] GC(383) Pause Young (Allocation Failure) 785M->594M(779M) 4.761ms
[199.749s][info][gc,cpu         ] GC(383) User=0.01s Sys=0.01s Real=0.00s
[200.233s][info][gc,start       ] GC(384) Pause Young (Allocation Failure)
[200.237s][info][gc,heap        ] GC(384) PSYoungGen: 190080K(190464K)->1727K(183808K) Eden: 188416K(188416K)->0K(181760K) From: 1664K(2048K)->1727K(2048K)
[200.237s][info][gc,heap        ] GC(384) ParOldGen: 606749K(607232K)->606765K(607232K)
[200.237s][info][gc,metaspace   ] GC(384) Metaspace: 56676K(57024K)->56676K(57024K) NonClass: 48397K(48640K)->48397K(48640K) Class: 8278K(8384K)->8278K(8384K)
[200.237s][info][gc             ] GC(384) Pause Young (Allocation Failure) 778M->594M(772M) 4.222ms
[200.237s][info][gc,cpu         ] GC(384) User=0.01s Sys=0.00s Real=0.01s
[200.713s][info][gc,start       ] GC(385) Pause Young (Allocation Failure)
[200.716s][info][gc,heap        ] GC(385) PSYoungGen: 183487K(183808K)->340K(175616K) Eden: 181760K(181760K)->0K(175104K) From: 1727K(2048K)->340K(512K)
[200.716s][info][gc,heap        ] GC(385) ParOldGen: 606765K(607232K)->606781K(607232K)
[200.716s][info][gc,metaspace   ] GC(385) Metaspace: 56676K(57024K)->56676K(57024K) NonClass: 48397K(48640K)->48397K(48640K) Class: 8278K(8384K)->8278K(8384K)
[200.716s][info][gc             ] GC(385) Pause Young (Allocation Failure) 771M->592M(764M) 2.468ms
[200.716s][info][gc,cpu         ] GC(385) User=0.00s Sys=0.00s Real=0.00s
[201.135s][info][gc,start       ] GC(386) Pause Young (Allocation Failure)
[201.140s][info][gc,heap        ] GC(386) PSYoungGen: 175444K(175616K)->1728K(172032K) Eden: 175104K(175104K)->0K(168960K) From: 340K(512K)->1728K(3072K)
[201.140s][info][gc,heap        ] GC(386) ParOldGen: 606781K(607232K)->606797K(607232K)
[201.140s][info][gc,metaspace   ] GC(386) Metaspace: 56676K(57024K)->56676K(57024K) NonClass: 48397K(48640K)->48397K(48640K) Class: 8278K(8384K)->8278K(8384K)
[201.140s][info][gc             ] GC(386) Pause Young (Allocation Failure) 763M->594M(761M) 4.327ms
[201.140s][info][gc,cpu         ] GC(386) User=0.01s Sys=0.00s Real=0.00s
[201.580s][info][gc,start       ] GC(387) Pause Young (Allocation Failure)
[201.584s][info][gc,heap        ] GC(387) PSYoungGen: 170540K(172032K)->1472K(164864K) Eden: 168812K(168960K)->0K(163328K) From: 1728K(3072K)->1472K(1536K)
[201.584s][info][gc,heap        ] GC(387) ParOldGen: 606797K(607232K)->606813K(607232K)
[201.584s][info][gc,metaspace   ] GC(387) Metaspace: 56676K(57024K)->56676K(57024K) NonClass: 48397K(48640K)->48397K(48640K) Class: 8278K(8384K)->8278K(8384K)
[201.584s][info][gc             ] GC(387) Pause Young (Allocation Failure) 759M->594M(754M) 4.085ms
[201.584s][info][gc,cpu         ] GC(387) User=0.01s Sys=0.00s Real=0.01s
[201.962s][info][gc,start       ] GC(388) Pause Young (Allocation Failure)
[201.964s][info][gc,heap        ] GC(388) PSYoungGen: 164621K(164864K)->512K(158208K) Eden: 163149K(163328K)->0K(157696K) From: 1472K(1536K)->512K(512K)
[201.964s][info][gc,heap        ] GC(388) ParOldGen: 606813K(607232K)->606829K(607232K)
[201.964s][info][gc,metaspace   ] GC(388) Metaspace: 56676K(57024K)->56676K(57024K) NonClass: 48397K(48640K)->48397K(48640K) Class: 8278K(8384K)->8278K(8384K)
[201.964s][info][gc             ] GC(388) Pause Young (Allocation Failure) 753M->593M(747M) 2.656ms
[201.964s][info][gc,cpu         ] GC(388) User=0.01s Sys=0.00s Real=0.01s
[202.361s][info][gc,start       ] GC(389) Pause Young (Allocation Failure)
[202.364s][info][gc,heap        ] GC(389) PSYoungGen: 158208K(158208K)->608K(153600K) Eden: 157696K(157696K)->0K(152576K) From: 512K(512K)->608K(1024K)
[202.364s][info][gc,heap        ] GC(389) ParOldGen: 606829K(607232K)->606845K(607232K)
[202.364s][info][gc,metaspace   ] GC(389) Metaspace: 56676K(57024K)->56676K(57024K) NonClass: 48397K(48640K)->48397K(48640K) Class: 8278K(8384K)->8278K(8384K)
[202.364s][info][gc             ] GC(389) Pause Young (Allocation Failure) 747M->593M(743M) 2.868ms
[202.364s][info][gc,cpu         ] GC(389) User=0.01s Sys=0.00s Real=0.01s
[202.754s][info][gc,start       ] GC(390) Pause Young (Allocation Failure)
[202.757s][info][gc,heap        ] GC(390) PSYoungGen: 152943K(153600K)->1280K(148992K) Eden: 152335K(152576K)->0K(147456K) From: 608K(1024K)->1280K(1536K)
[202.757s][info][gc,heap        ] GC(390) ParOldGen: 606845K(607232K)->606861K(607232K)
[202.757s][info][gc,metaspace   ] GC(390) Metaspace: 56676K(57024K)->56676K(57024K) NonClass: 48397K(48640K)->48397K(48640K) Class: 8278K(8384K)->8278K(8384K)
[202.757s][info][gc             ] GC(390) Pause Young (Allocation Failure) 741M->593M(738M) 3.651ms
[202.757s][info][gc,cpu         ] GC(390) User=0.01s Sys=0.00s Real=0.00s
[203.138s][info][gc,start       ] GC(391) Pause Young (Allocation Failure)
[203.143s][info][gc,heap        ] GC(391) PSYoungGen: 148736K(148992K)->2591K(145920K) Eden: 147456K(147456K)->0K(142848K) From: 1280K(1536K)->2591K(3072K)
[203.143s][info][gc,heap        ] GC(391) ParOldGen: 606861K(607232K)->606877K(607232K)
[203.143s][info][gc,metaspace   ] GC(391) Metaspace: 56676K(57024K)->56676K(57024K) NonClass: 48397K(48640K)->48397K(48640K) Class: 8278K(8384K)->8278K(8384K)
[203.143s][info][gc             ] GC(391) Pause Young (Allocation Failure) 737M->595M(735M) 5.263ms
[203.143s][info][gc,cpu         ] GC(391) User=0.01s Sys=0.00s Real=0.01s
[203.571s][info][gc,start       ] GC(392) Pause Young (Allocation Failure)
[203.575s][info][gc,heap        ] GC(392) PSYoungGen: 145439K(145920K)->1279K(139776K) Eden: 142848K(142848K)->0K(138240K) From: 2591K(3072K)->1279K(1536K)
[203.575s][info][gc,heap        ] GC(392) ParOldGen: 606877K(607232K)->606893K(607232K)
[203.575s][info][gc,metaspace   ] GC(392) Metaspace: 56676K(57024K)->56676K(57024K) NonClass: 48397K(48640K)->48397K(48640K) Class: 8278K(8384K)->8278K(8384K)
[203.575s][info][gc             ] GC(392) Pause Young (Allocation Failure) 734M->593M(729M) 3.454ms
[203.575s][info][gc,cpu         ] GC(392) User=0.00s Sys=0.00s Real=0.01s
[203.844s][info][gc,start       ] GC(393) Pause Young (Allocation Failure)
[203.848s][info][gc,heap        ] GC(393) PSYoungGen: 139433K(139776K)->1696K(167936K) Eden: 138154K(138240K)->0K(165888K) From: 1279K(1536K)->1696K(2048K)
[203.848s][info][gc,heap        ] GC(393) ParOldGen: 606893K(607232K)->606909K(607232K)
[203.848s][info][gc,metaspace   ] GC(393) Metaspace: 56676K(57024K)->56676K(57024K) NonClass: 48397K(48640K)->48397K(48640K) Class: 8278K(8384K)->8278K(8384K)
[203.848s][info][gc             ] GC(393) Pause Young (Allocation Failure) 728M->594M(757M) 4.173ms
[203.848s][info][gc,cpu         ] GC(393) User=0.01s Sys=0.00s Real=0.00s
[204.313s][info][gc,start       ] GC(394) Pause Young (Allocation Failure)
[204.316s][info][gc,heap        ] GC(394) PSYoungGen: 167584K(167936K)->450K(160768K) Eden: 165888K(165888K)->0K(160256K) From: 1696K(2048K)->450K(512K)
[204.316s][info][gc,heap        ] GC(394) ParOldGen: 606909K(607232K)->606925K(607232K)
[204.316s][info][gc,metaspace   ] GC(394) Metaspace: 56676K(57024K)->56676K(57024K) NonClass: 48397K(48640K)->48397K(48640K) Class: 8278K(8384K)->8278K(8384K)
[204.316s][info][gc             ] GC(394) Pause Young (Allocation Failure) 756M->593M(750M) 2.516ms
[204.316s][info][gc,cpu         ] GC(394) User=0.00s Sys=0.00s Real=0.00s
[204.718s][info][gc,start       ] GC(395) Pause Young (Allocation Failure)
[204.721s][info][gc,heap        ] GC(395) PSYoungGen: 160706K(160768K)->891K(155648K) Eden: 160256K(160256K)->0K(154624K) From: 450K(512K)->891K(1024K)
[204.721s][info][gc,heap        ] GC(395) ParOldGen: 606925K(607232K)->606941K(607232K)
[204.721s][info][gc,metaspace   ] GC(395) Metaspace: 56676K(57024K)->56676K(57024K) NonClass: 48397K(48640K)->48397K(48640K) Class: 8278K(8384K)->8278K(8384K)
[204.721s][info][gc             ] GC(395) Pause Young (Allocation Failure) 749M->593M(745M) 3.037ms
[204.721s][info][gc,cpu         ] GC(395) User=0.00s Sys=0.00s Real=0.00s
[205.122s][info][gc,start       ] GC(396) Pause Young (Allocation Failure)
[205.126s][info][gc,heap        ] GC(396) PSYoungGen: 155515K(155648K)->1855K(151552K) Eden: 154624K(154624K)->0K(149504K) From: 891K(1024K)->1855K(2048K)
[205.126s][info][gc,heap        ] GC(396) ParOldGen: 606941K(607232K)->606957K(607232K)
[205.126s][info][gc,metaspace   ] GC(396) Metaspace: 56676K(57024K)->56676K(57024K) NonClass: 48397K(48640K)->48397K(48640K) Class: 8278K(8384K)->8278K(8384K)
[205.126s][info][gc             ] GC(396) Pause Young (Allocation Failure) 744M->594M(741M) 4.064ms
[205.126s][info][gc,cpu         ] GC(396) User=0.01s Sys=0.00s Real=0.01s
[205.447s][info][gc,start       ] GC(397) Pause Young (Allocation Failure)
[205.451s][info][gc,heap        ] GC(397) PSYoungGen: 151359K(151552K)->1887K(146432K) Eden: 149503K(149504K)->0K(144384K) From: 1855K(2048K)->1887K(2048K)
[205.451s][info][gc,heap        ] GC(397) ParOldGen: 606957K(607232K)->606973K(607232K)
[205.451s][info][gc,metaspace   ] GC(397) Metaspace: 56676K(57024K)->56676K(57024K) NonClass: 48397K(48640K)->48397K(48640K) Class: 8278K(8384K)->8278K(8384K)
[205.451s][info][gc             ] GC(397) Pause Young (Allocation Failure) 740M->594M(736M) 4.152ms
[205.451s][info][gc,cpu         ] GC(397) User=0.01s Sys=0.00s Real=0.00s
[205.836s][info][gc,start       ] GC(398) Pause Young (Allocation Failure)
[205.840s][info][gc,heap        ] GC(398) PSYoungGen: 146271K(146432K)->1440K(141312K) Eden: 144384K(144384K)->0K(139776K) From: 1887K(2048K)->1440K(1536K)
[205.840s][info][gc,heap        ] GC(398) ParOldGen: 606973K(607232K)->606989K(607232K)
[205.840s][info][gc,metaspace   ] GC(398) Metaspace: 56676K(57024K)->56676K(57024K) NonClass: 48397K(48640K)->48397K(48640K) Class: 8278K(8384K)->8278K(8384K)
[205.840s][info][gc             ] GC(398) Pause Young (Allocation Failure) 735M->594M(731M) 3.926ms
[205.840s][info][gc,cpu         ] GC(398) User=0.01s Sys=0.00s Real=0.00s
[206.216s][info][gc,start       ] GC(399) Pause Young (Allocation Failure)
[206.219s][info][gc,heap        ] GC(399) PSYoungGen: 141216K(141312K)->480K(135680K) Eden: 139776K(139776K)->0K(135168K) From: 1440K(1536K)->480K(512K)
[206.219s][info][gc,heap        ] GC(399) ParOldGen: 606989K(607232K)->607005K(607232K)
[206.219s][info][gc,metaspace   ] GC(399) Metaspace: 56676K(57024K)->56676K(57024K) NonClass: 48397K(48640K)->48397K(48640K) Class: 8278K(8384K)->8278K(8384K)
[206.219s][info][gc             ] GC(399) Pause Young (Allocation Failure) 730M->593M(725M) 2.771ms
[206.219s][info][gc,cpu         ] GC(399) User=0.01s Sys=0.00s Real=0.00s
[206.539s][info][gc,start       ] GC(400) Pause Young (Allocation Failure)
[206.543s][info][gc,heap        ] GC(400) PSYoungGen: 135648K(135680K)->2047K(134144K) Eden: 135168K(135168K)->0K(131072K) From: 480K(512K)->2047K(3072K)
[206.543s][info][gc,heap        ] GC(400) ParOldGen: 607005K(607232K)->607021K(607232K)
[206.543s][info][gc,metaspace   ] GC(400) Metaspace: 56676K(57024K)->56676K(57024K) NonClass: 48397K(48640K)->48397K(48640K) Class: 8278K(8384K)->8278K(8384K)
[206.543s][info][gc             ] GC(400) Pause Young (Allocation Failure) 725M->594M(724M) 4.195ms
[206.543s][info][gc,cpu         ] GC(400) User=0.01s Sys=0.00s Real=0.01s
[206.862s][info][gc,start       ] GC(401) Pause Young (Allocation Failure)
[206.865s][info][gc,heap        ] GC(401) PSYoungGen: 133119K(134144K)->1055K(128512K) Eden: 131072K(131072K)->0K(126976K) From: 2047K(3072K)->1055K(1536K)
[206.865s][info][gc,heap        ] GC(401) ParOldGen: 607021K(607232K)->607037K(607232K)
[206.865s][info][gc,metaspace   ] GC(401) Metaspace: 56676K(57024K)->56676K(57024K) NonClass: 48397K(48640K)->48397K(48640K) Class: 8278K(8384K)->8278K(8384K)
[206.865s][info][gc             ] GC(401) Pause Young (Allocation Failure) 722M->593M(718M) 3.097ms
[206.866s][info][gc,cpu         ] GC(401) User=0.00s Sys=0.00s Real=0.01s
[207.220s][info][gc,start       ] GC(402) Pause Young (Allocation Failure)
[207.223s][info][gc,heap        ] GC(402) PSYoungGen: 128031K(128512K)->864K(123904K) Eden: 126976K(126976K)->0K(122880K) From: 1055K(1536K)->864K(1024K)
[207.223s][info][gc,heap        ] GC(402) ParOldGen: 607037K(607232K)->607053K(607232K)
[207.223s][info][gc,metaspace   ] GC(402) Metaspace: 56676K(57024K)->56676K(57024K) NonClass: 48397K(48640K)->48397K(48640K) Class: 8278K(8384K)->8278K(8384K)
[207.223s][info][gc             ] GC(402) Pause Young (Allocation Failure) 717M->593M(714M) 3.022ms
[207.223s][info][gc,cpu         ] GC(402) User=0.00s Sys=0.00s Real=0.00s
[207.530s][info][gc,start       ] GC(403) Pause Young (Allocation Failure)
[207.534s][info][gc,heap        ] GC(403) PSYoungGen: 123744K(123904K)->1791K(121344K) Eden: 122880K(122880K)->0K(119296K) From: 864K(1024K)->1791K(2048K)
[207.534s][info][gc,heap        ] GC(403) ParOldGen: 607053K(607232K)->607069K(607232K)
[207.534s][info][gc,metaspace   ] GC(403) Metaspace: 56676K(57024K)->56676K(57024K) NonClass: 48397K(48640K)->48397K(48640K) Class: 8278K(8384K)->8278K(8384K)
[207.534s][info][gc             ] GC(403) Pause Young (Allocation Failure) 713M->594M(711M) 3.982ms
[207.534s][info][gc,cpu         ] GC(403) User=0.01s Sys=0.00s Real=0.01s
[207.830s][info][gc,start       ] GC(404) Pause Young (Allocation Failure)
[207.834s][info][gc,heap        ] GC(404) PSYoungGen: 121087K(121344K)->1791K(145408K) Eden: 119296K(119296K)->0K(143360K) From: 1791K(2048K)->1791K(2048K)
[207.834s][info][gc,heap        ] GC(404) ParOldGen: 607069K(607232K)->607085K(607232K)
[207.834s][info][gc,metaspace   ] GC(404) Metaspace: 56676K(57024K)->56676K(57024K) NonClass: 48397K(48640K)->48397K(48640K) Class: 8278K(8384K)->8278K(8384K)
[207.834s][info][gc             ] GC(404) Pause Young (Allocation Failure) 711M->594M(735M) 3.858ms
[207.834s][info][gc,cpu         ] GC(404) User=0.01s Sys=0.01s Real=0.01s
[208.160s][info][gc,start       ] GC(405) Pause Young (Allocation Failure)
[208.162s][info][gc,heap        ] GC(405) PSYoungGen: 145151K(145408K)->64K(139264K) Eden: 143360K(143360K)->0K(138752K) From: 1791K(2048K)->64K(512K)
[208.162s][info][gc,heap        ] GC(405) ParOldGen: 607085K(607232K)->607101K(607232K)
[208.162s][info][gc,metaspace   ] GC(405) Metaspace: 56676K(57024K)->56676K(57024K) NonClass: 48397K(48640K)->48397K(48640K) Class: 8278K(8384K)->8278K(8384K)
[208.163s][info][gc             ] GC(405) Pause Young (Allocation Failure) 734M->592M(729M) 2.131ms
[208.163s][info][gc,cpu         ] GC(405) User=0.01s Sys=0.00s Real=0.00s
[208.547s][info][gc,start       ] GC(406) Pause Young (Allocation Failure)
[208.567s][info][gc,heap        ] GC(406) PSYoungGen: 138816K(139264K)->2975K(169984K) Eden: 138752K(138752K)->0K(166912K) From: 64K(512K)->2975K(3072K)
[208.567s][info][gc,heap        ] GC(406) ParOldGen: 607101K(607232K)->607117K(607232K)
[208.567s][info][gc,metaspace   ] GC(406) Metaspace: 56676K(57024K)->56676K(57024K) NonClass: 48397K(48640K)->48397K(48640K) Class: 8278K(8384K)->8278K(8384K)
[208.567s][info][gc             ] GC(406) Pause Young (Allocation Failure) 728M->595M(759M) 20.364ms
[208.567s][info][gc,cpu         ] GC(406) User=0.01s Sys=0.01s Real=0.02s
[208.950s][info][gc,start       ] GC(407) Pause Young (Allocation Failure)
[208.955s][info][gc,heap        ] GC(407) PSYoungGen: 169877K(169984K)->2303K(203264K) Eden: 166901K(166912K)->0K(200704K) From: 2975K(3072K)->2303K(2560K)
[208.955s][info][gc,heap        ] GC(407) ParOldGen: 607117K(607232K)->607133K(607232K)
[208.955s][info][gc,metaspace   ] GC(407) Metaspace: 56676K(57024K)->56676K(57024K) NonClass: 48397K(48640K)->48397K(48640K) Class: 8278K(8384K)->8278K(8384K)
[208.955s][info][gc             ] GC(407) Pause Young (Allocation Failure) 758M->595M(791M) 5.129ms
[208.956s][info][gc,cpu         ] GC(407) User=0.01s Sys=0.00s Real=0.01s
[209.458s][info][gc,start       ] GC(408) Pause Young (Allocation Failure)
[209.462s][info][gc,heap        ] GC(408) PSYoungGen: 203007K(203264K)->1567K(243200K) Eden: 200704K(200704K)->0K(241152K) From: 2303K(2560K)->1567K(2048K)
[209.462s][info][gc,heap        ] GC(408) ParOldGen: 607133K(607232K)->607149K(607232K)
[209.462s][info][gc,metaspace   ] GC(408) Metaspace: 56676K(57024K)->56676K(57024K) NonClass: 48397K(48640K)->48397K(48640K) Class: 8278K(8384K)->8278K(8384K)
[209.462s][info][gc             ] GC(408) Pause Young (Allocation Failure) 791M->594M(830M) 3.763ms
[209.462s][info][gc,cpu         ] GC(408) User=0.00s Sys=0.00s Real=0.00s
[210.065s][info][gc,start       ] GC(409) Pause Young (Allocation Failure)
[210.067s][info][gc,heap        ] GC(409) PSYoungGen: 242653K(243200K)->416K(260096K) Eden: 241085K(241152K)->0K(257024K) From: 1567K(2048K)->416K(3072K)
[210.067s][info][gc,heap        ] GC(409) ParOldGen: 607149K(607232K)->607165K(607232K)
[210.067s][info][gc,metaspace   ] GC(409) Metaspace: 56676K(57024K)->56676K(57024K) NonClass: 48397K(48640K)->48397K(48640K) Class: 8278K(8384K)->8278K(8384K)
[210.067s][info][gc             ] GC(409) Pause Young (Allocation Failure) 829M->593M(847M) 2.576ms
[210.067s][info][gc,cpu         ] GC(409) User=0.01s Sys=0.00s Real=0.00s
[210.770s][info][gc,start       ] GC(410) Pause Young (Allocation Failure)
[210.792s][info][gc,heap        ] GC(410) PSYoungGen: 257440K(260096K)->3456K(260608K) Eden: 257024K(257024K)->0K(257024K) From: 416K(3072K)->3456K(3584K)
[210.792s][info][gc,heap        ] GC(410) ParOldGen: 607165K(607232K)->607501K(607744K)
[210.792s][info][gc,metaspace   ] GC(410) Metaspace: 56676K(57024K)->56676K(57024K) NonClass: 48397K(48640K)->48397K(48640K) Class: 8278K(8384K)->8278K(8384K)
[210.792s][info][gc             ] GC(410) Pause Young (Allocation Failure) 844M->596M(848M) 21.736ms
[210.792s][info][gc,cpu         ] GC(410) User=0.02s Sys=0.00s Real=0.02s
[211.417s][info][gc,start       ] GC(411) Pause Young (Allocation Failure)
[211.419s][info][gc,heap        ] GC(411) PSYoungGen: 260480K(260608K)->639K(312832K) Eden: 257024K(257024K)->0K(308736K) From: 3456K(3584K)->639K(4096K)
[211.419s][info][gc,heap        ] GC(411) ParOldGen: 607501K(607744K)->607517K(607744K)
[211.419s][info][gc,metaspace   ] GC(411) Metaspace: 56676K(57024K)->56676K(57024K) NonClass: 48397K(48640K)->48397K(48640K) Class: 8278K(8384K)->8278K(8384K)
[211.419s][info][gc             ] GC(411) Pause Young (Allocation Failure) 847M->593M(899M) 2.660ms
[211.419s][info][gc,cpu         ] GC(411) User=0.01s Sys=0.00s Real=0.00s
[212.244s][info][gc,start       ] GC(412) Pause Young (Allocation Failure)
[212.251s][info][gc,heap        ] GC(412) PSYoungGen: 309295K(312832K)->2720K(312832K) Eden: 308656K(308736K)->0K(308736K) From: 639K(4096K)->2720K(4096K)
[212.251s][info][gc,heap        ] GC(412) ParOldGen: 607517K(607744K)->607533K(607744K)
[212.251s][info][gc,metaspace   ] GC(412) Metaspace: 56676K(57024K)->56676K(57024K) NonClass: 48397K(48640K)->48397K(48640K) Class: 8278K(8384K)->8278K(8384K)
[212.251s][info][gc             ] GC(412) Pause Young (Allocation Failure) 895M->595M(899M) 6.568ms
[212.251s][info][gc,cpu         ] GC(412) User=0.01s Sys=0.00s Real=0.00s
[212.950s][info][gc,start       ] GC(413) Pause Young (Allocation Failure)
[212.954s][info][gc,heap        ] GC(413) PSYoungGen: 311163K(312832K)->1120K(329728K) Eden: 308443K(308736K)->0K(325632K) From: 2720K(4096K)->1120K(4096K)
[212.954s][info][gc,heap        ] GC(413) ParOldGen: 607533K(607744K)->607557K(607744K)
[212.954s][info][gc,metaspace   ] GC(413) Metaspace: 56676K(57024K)->56676K(57024K) NonClass: 48397K(48640K)->48397K(48640K) Class: 8278K(8384K)->8278K(8384K)
[212.954s][info][gc             ] GC(413) Pause Young (Allocation Failure) 897M->594M(915M) 4.016ms
[212.954s][info][gc,cpu         ] GC(413) User=0.01s Sys=0.00s Real=0.01s
[213.821s][info][gc,start       ] GC(414) Pause Young (Allocation Failure)
[213.827s][info][gc,heap        ] GC(414) PSYoungGen: 326752K(329728K)->1311K(313856K) Eden: 325632K(325632K)->0K(312320K) From: 1120K(4096K)->1311K(1536K)
[213.827s][info][gc,heap        ] GC(414) ParOldGen: 607557K(607744K)->607581K(607744K)
[213.827s][info][gc,metaspace   ] GC(414) Metaspace: 56682K(57024K)->56682K(57024K) NonClass: 48403K(48640K)->48403K(48640K) Class: 8278K(8384K)->8278K(8384K)
[213.827s][info][gc             ] GC(414) Pause Young (Allocation Failure) 912M->594M(900M) 6.068ms
[213.827s][info][gc,cpu         ] GC(414) User=0.01s Sys=0.00s Real=0.01s
[214.614s][info][gc,start       ] GC(415) Pause Young (Allocation Failure)
[214.617s][info][gc,heap        ] GC(415) PSYoungGen: 313631K(313856K)->489K(300032K) Eden: 312320K(312320K)->0K(299520K) From: 1311K(1536K)->489K(512K)
[214.617s][info][gc,heap        ] GC(415) ParOldGen: 607581K(607744K)->607597K(607744K)
[214.617s][info][gc,metaspace   ] GC(415) Metaspace: 56682K(57024K)->56682K(57024K) NonClass: 48403K(48640K)->48403K(48640K) Class: 8278K(8384K)->8278K(8384K)
[214.617s][info][gc             ] GC(415) Pause Young (Allocation Failure) 899M->593M(886M) 2.909ms
[214.617s][info][gc,cpu         ] GC(415) User=0.01s Sys=0.00s Real=0.00s
[215.347s][info][gc,start       ] GC(416) Pause Young (Allocation Failure)
[215.351s][info][gc,heap        ] GC(416) PSYoungGen: 300009K(300032K)->2047K(291840K) Eden: 299520K(299520K)->0K(287744K) From: 489K(512K)->2047K(4096K)
[215.351s][info][gc,heap        ] GC(416) ParOldGen: 607597K(607744K)->607621K(607744K)
[215.351s][info][gc,metaspace   ] GC(416) Metaspace: 56682K(57024K)->56682K(57024K) NonClass: 48403K(48640K)->48403K(48640K) Class: 8278K(8384K)->8278K(8384K)
[215.351s][info][gc             ] GC(416) Pause Young (Allocation Failure) 886M->595M(878M) 4.308ms
[215.351s][info][gc,cpu         ] GC(416) User=0.01s Sys=0.00s Real=0.00s
[216.119s][info][gc,start       ] GC(417) Pause Young (Allocation Failure)
[216.123s][info][gc,heap        ] GC(417) PSYoungGen: 289791K(291840K)->768K(277504K) Eden: 287744K(287744K)->0K(276480K) From: 2047K(4096K)->768K(1024K)
[216.123s][info][gc,heap        ] GC(417) ParOldGen: 607621K(607744K)->607637K(607744K)
[216.123s][info][gc,metaspace   ] GC(417) Metaspace: 56682K(57024K)->56682K(57024K) NonClass: 48403K(48640K)->48403K(48640K) Class: 8278K(8384K)->8278K(8384K)
[216.123s][info][gc             ] GC(417) Pause Young (Allocation Failure) 876M->594M(864M) 3.537ms
[216.123s][info][gc,cpu         ] GC(417) User=0.01s Sys=0.00s Real=0.00s
[216.920s][info][gc,start       ] GC(418) Pause Young (Allocation Failure)
[216.923s][info][gc,heap        ] GC(418) PSYoungGen: 277248K(277504K)->1024K(266752K) Eden: 276480K(276480K)->0K(265728K) From: 768K(1024K)->1024K(1024K)
[216.923s][info][gc,heap        ] GC(418) ParOldGen: 607637K(607744K)->607661K(607744K)
[216.923s][info][gc,metaspace   ] GC(418) Metaspace: 56682K(57024K)->56682K(57024K) NonClass: 48403K(48640K)->48403K(48640K) Class: 8278K(8384K)->8278K(8384K)
[216.923s][info][gc             ] GC(418) Pause Young (Allocation Failure) 864M->594M(854M) 3.412ms
[216.923s][info][gc,cpu         ] GC(418) User=0.01s Sys=0.00s Real=0.01s
[217.565s][info][gc,start       ] GC(419) Pause Young (Allocation Failure)
[217.568s][info][gc,heap        ] GC(419) PSYoungGen: 266752K(266752K)->512K(256000K) Eden: 265728K(265728K)->0K(255488K) From: 1024K(1024K)->512K(512K)
[217.568s][info][gc,heap        ] GC(419) ParOldGen: 607661K(607744K)->607677K(607744K)
[217.568s][info][gc,metaspace   ] GC(419) Metaspace: 56682K(57024K)->56682K(57024K) NonClass: 48403K(48640K)->48403K(48640K) Class: 8278K(8384K)->8278K(8384K)
[217.568s][info][gc             ] GC(419) Pause Young (Allocation Failure) 853M->593M(843M) 2.850ms
[217.568s][info][gc,cpu         ] GC(419) User=0.00s Sys=0.00s Real=0.00s
[218.230s][info][gc,start       ] GC(420) Pause Young (Allocation Failure)
[218.233s][info][gc,heap        ] GC(420) PSYoungGen: 256000K(256000K)->1471K(249344K) Eden: 255488K(255488K)->0K(245760K) From: 512K(512K)->1471K(3584K)
[218.233s][info][gc,heap        ] GC(420) ParOldGen: 607677K(607744K)->607693K(607744K)
[218.233s][info][gc,metaspace   ] GC(420) Metaspace: 56682K(57024K)->56682K(57024K) NonClass: 48403K(48640K)->48403K(48640K) Class: 8278K(8384K)->8278K(8384K)
[218.233s][info][gc             ] GC(420) Pause Young (Allocation Failure) 843M->594M(837M) 3.552ms
[218.233s][info][gc,cpu         ] GC(420) User=0.00s Sys=0.00s Real=0.01s
[219.746s][info][gc,start       ] GC(421) Pause Young (Allocation Failure)
[219.785s][info][gc,heap        ] GC(421) PSYoungGen: 231685K(249344K)->64K(295424K) Eden: 230213K(245760K)->0K(294912K) From: 1471K(3584K)->64K(512K)
[219.785s][info][gc,heap        ] GC(421) ParOldGen: 607693K(607744K)->646771K(647168K)
[219.785s][info][gc,metaspace   ] GC(421) Metaspace: 56690K(57024K)->56690K(57024K) NonClass: 48410K(48640K)->48410K(48640K) Class: 8279K(8384K)->8279K(8384K)
[219.785s][info][gc             ] GC(421) Pause Young (Allocation Failure) 819M->631M(920M) 39.973ms
[219.786s][info][gc,cpu         ] GC(421) User=0.05s Sys=0.02s Real=0.04s
[221.513s][info][gc,start       ] GC(422) Pause Young (Allocation Failure)
[221.519s][info][gc,promotion   ] GC(422) Promotion failed
[221.519s][info][gc,heap        ] GC(422) PSYoungGen: 294976K(295424K)->294976K(295424K) Eden: 294912K(294912K)->294912K(294912K) From: 64K(512K)->64K(512K)
[221.519s][info][gc,heap        ] GC(422) ParOldGen: 646771K(647168K)->647235K(667648K)
[221.519s][info][gc,metaspace   ] GC(422) Metaspace: 56885K(57280K)->56885K(57280K) NonClass: 48605K(48896K)->48605K(48896K) Class: 8279K(8384K)->8279K(8384K)
[221.519s][info][gc             ] GC(422) Pause Young (Allocation Failure) 919M->920M(940M) 6.275ms
[221.519s][info][gc,cpu         ] GC(422) User=0.01s Sys=0.00s Real=0.01s
[221.519s][info][gc,start       ] GC(423) Pause Full (Allocation Failure)
[221.519s][info][gc,phases,start] GC(423) Marking Phase
[221.562s][info][gc,phases      ] GC(423) Marking Phase 42.793ms
[221.562s][info][gc,phases,start] GC(423) Summary Phase
[221.562s][info][gc,phases      ] GC(423) Summary Phase 0.043ms
[221.562s][info][gc,phases,start] GC(423) Forward
[221.569s][info][gc,phases      ] GC(423) Forward 7.710ms
[221.569s][info][gc,phases,start] GC(423) Adjust Pointers
[221.593s][info][gc,phases      ] GC(423) Adjust Pointers 23.267ms
[221.593s][info][gc,phases,start] GC(423) Compaction Phase
[221.612s][info][gc,phases      ] GC(423) Compaction Phase 18.854ms
[221.612s][info][gc,phases,start] GC(423) Post Compact
[221.625s][info][gc,phases      ] GC(423) Post Compact 12.584ms
[221.648s][info][gc,heap        ] GC(423) PSYoungGen: 294976K(295424K)->0K(286720K) Eden: 294912K(294912K)->0K(283136K) From: 64K(512K)->0K(3584K)
[221.648s][info][gc,heap        ] GC(423) ParOldGen: 647235K(667648K)->284533K(364544K)
[221.648s][info][gc,metaspace   ] GC(423) Metaspace: 56885K(57280K)->56885K(57280K) NonClass: 48605K(48896K)->48605K(48896K) Class: 8279K(8384K)->8279K(8384K)
[221.648s][info][gc             ] GC(423) Pause Full (Allocation Failure) 920M->277M(636M) 128.948ms
[221.648s][info][gc,cpu         ] GC(423) User=0.14s Sys=0.04s Real=0.13s
[222.223s][info][gc,start       ] GC(424) Pause Young (Allocation Failure)
[222.226s][info][gc,heap        ] GC(424) PSYoungGen: 283057K(286720K)->1248K(273408K) Eden: 283057K(283136K)->0K(271872K) From: 0K(3584K)->1248K(1536K)
[222.226s][info][gc,heap        ] GC(424) ParOldGen: 284533K(364544K)->284533K(364544K)
[222.226s][info][gc,metaspace   ] GC(424) Metaspace: 56885K(57280K)->56885K(57280K) NonClass: 48605K(48896K)->48605K(48896K) Class: 8279K(8384K)->8279K(8384K)
[222.226s][info][gc             ] GC(424) Pause Young (Allocation Failure) 554M->279M(623M) 3.053ms
[222.226s][info][gc,cpu         ] GC(424) User=0.00s Sys=0.00s Real=0.00s
[222.923s][info][gc,start       ] GC(425) Pause Young (Allocation Failure)
[222.926s][info][gc,heap        ] GC(425) PSYoungGen: 272862K(273408K)->992K(262144K) Eden: 271614K(271872K)->0K(261120K) From: 1248K(1536K)->992K(1024K)
[222.926s][info][gc,heap        ] GC(425) ParOldGen: 284533K(364544K)->284549K(364544K)
[222.926s][info][gc,metaspace   ] GC(425) Metaspace: 56885K(57280K)->56885K(57280K) NonClass: 48605K(48896K)->48605K(48896K) Class: 8279K(8384K)->8279K(8384K)
[222.926s][info][gc             ] GC(425) Pause Young (Allocation Failure) 544M->278M(612M) 2.753ms
[222.926s][info][gc,cpu         ] GC(425) User=0.00s Sys=0.00s Real=0.00s
[223.625s][info][gc,start       ] GC(426) Pause Young (Allocation Failure)
[223.638s][info][gc,heap        ] GC(426) PSYoungGen: 262112K(262144K)->1311K(252416K) Eden: 261120K(261120K)->0K(250880K) From: 992K(1024K)->1311K(1536K)
[223.638s][info][gc,heap        ] GC(426) ParOldGen: 284549K(364544K)->284565K(364544K)
[223.638s][info][gc,metaspace   ] GC(426) Metaspace: 56885K(57280K)->56885K(57280K) NonClass: 48605K(48896K)->48605K(48896K) Class: 8279K(8384K)->8279K(8384K)
[223.639s][info][gc             ] GC(426) Pause Young (Allocation Failure) 533M->279M(602M) 13.274ms
[223.639s][info][gc,cpu         ] GC(426) User=0.01s Sys=0.00s Real=0.01s
[224.220s][info][gc,start       ] GC(427) Pause Young (Allocation Failure)
[224.223s][info][gc,heap        ] GC(427) PSYoungGen: 252191K(252416K)->1247K(242688K) Eden: 250880K(250880K)->0K(241152K) From: 1311K(1536K)->1247K(1536K)
[224.223s][info][gc,heap        ] GC(427) ParOldGen: 284565K(364544K)->284581K(364544K)
[224.223s][info][gc,metaspace   ] GC(427) Metaspace: 56885K(57280K)->56885K(57280K) NonClass: 48605K(48896K)->48605K(48896K) Class: 8279K(8384K)->8279K(8384K)
[224.223s][info][gc             ] GC(427) Pause Young (Allocation Failure) 524M->279M(593M) 2.652ms
[224.223s][info][gc,cpu         ] GC(427) User=0.00s Sys=0.00s Real=0.01s
[224.829s][info][gc,start       ] GC(428) Pause Young (Allocation Failure)
[224.832s][info][gc,heap        ] GC(428) PSYoungGen: 242399K(242688K)->1631K(233984K) Eden: 241152K(241152K)->0K(231936K) From: 1247K(1536K)->1631K(2048K)
[224.832s][info][gc,heap        ] GC(428) ParOldGen: 284581K(364544K)->284597K(364544K)
[224.832s][info][gc,metaspace   ] GC(428) Metaspace: 56885K(57280K)->56885K(57280K) NonClass: 48605K(48896K)->48605K(48896K) Class: 8279K(8384K)->8279K(8384K)
[224.832s][info][gc             ] GC(428) Pause Young (Allocation Failure) 514M->279M(584M) 3.246ms
[224.832s][info][gc,cpu         ] GC(428) User=0.01s Sys=0.00s Real=0.00s
[225.420s][info][gc,start       ] GC(429) Pause Young (Allocation Failure)
[225.423s][info][gc,heap        ] GC(429) PSYoungGen: 233567K(233984K)->896K(224256K) Eden: 231936K(231936K)->0K(223232K) From: 1631K(2048K)->896K(1024K)
[225.423s][info][gc,heap        ] GC(429) ParOldGen: 284597K(364544K)->284613K(364544K)
[225.423s][info][gc,metaspace   ] GC(429) Metaspace: 56885K(57280K)->56885K(57280K) NonClass: 48605K(48896K)->48605K(48896K) Class: 8279K(8384K)->8279K(8384K)
[225.423s][info][gc             ] GC(429) Pause Young (Allocation Failure) 506M->278M(575M) 2.676ms
[225.423s][info][gc,cpu         ] GC(429) User=0.00s Sys=0.00s Real=0.00s
[225.958s][info][gc,start       ] GC(430) Pause Young (Allocation Failure)
[225.960s][info][gc,heap        ] GC(430) PSYoungGen: 224128K(224256K)->1055K(216576K) Eden: 223232K(223232K)->0K(215040K) From: 896K(1024K)->1055K(1536K)
[225.960s][info][gc,heap        ] GC(430) ParOldGen: 284613K(364544K)->284629K(364544K)
[225.960s][info][gc,metaspace   ] GC(430) Metaspace: 56885K(57280K)->56885K(57280K) NonClass: 48605K(48896K)->48605K(48896K) Class: 8279K(8384K)->8279K(8384K)
[225.960s][info][gc             ] GC(430) Pause Young (Allocation Failure) 496M->278M(567M) 2.509ms
[225.960s][info][gc,cpu         ] GC(430) User=0.01s Sys=0.00s Real=0.00s
[226.527s][info][gc,start       ] GC(431) Pause Young (Allocation Failure)
[226.530s][info][gc,heap        ] GC(431) PSYoungGen: 216095K(216576K)->1983K(208896K) Eden: 215040K(215040K)->0K(206848K) From: 1055K(1536K)->1983K(2048K)
[226.530s][info][gc,heap        ] GC(431) ParOldGen: 284629K(364544K)->284645K(364544K)
[226.530s][info][gc,metaspace   ] GC(431) Metaspace: 56885K(57280K)->56885K(57280K) NonClass: 48605K(48896K)->48605K(48896K) Class: 8279K(8384K)->8279K(8384K)
[226.530s][info][gc             ] GC(431) Pause Young (Allocation Failure) 488M->279M(560M) 3.747ms
[226.531s][info][gc,cpu         ] GC(431) User=0.01s Sys=0.00s Real=0.00s
[227.039s][info][gc,start       ] GC(432) Pause Young (Allocation Failure)
[227.044s][info][gc,heap        ] GC(432) PSYoungGen: 208831K(208896K)->2048K(201216K) Eden: 206848K(206848K)->0K(199168K) From: 1983K(2048K)->2048K(2048K)
[227.044s][info][gc,heap        ] GC(432) ParOldGen: 284645K(364544K)->285221K(364544K)
[227.044s][info][gc,metaspace   ] GC(432) Metaspace: 56885K(57280K)->56885K(57280K) NonClass: 48605K(48896K)->48605K(48896K) Class: 8279K(8384K)->8279K(8384K)
[227.044s][info][gc             ] GC(432) Pause Young (Allocation Failure) 481M->280M(552M) 4.441ms
[227.044s][info][gc,cpu         ] GC(432) User=0.01s Sys=0.00s Real=0.01s
[227.544s][info][gc,start       ] GC(433) Pause Young (Allocation Failure)
[227.548s][info][gc,heap        ] GC(433) PSYoungGen: 201216K(201216K)->2080K(194560K) Eden: 199168K(199168K)->0K(192000K) From: 2048K(2048K)->2080K(2560K)
[227.549s][info][gc,heap        ] GC(433) ParOldGen: 285221K(364544K)->285645K(364544K)
[227.549s][info][gc,metaspace   ] GC(433) Metaspace: 56885K(57280K)->56885K(57280K) NonClass: 48605K(48896K)->48605K(48896K) Class: 8279K(8384K)->8279K(8384K)
[227.549s][info][gc             ] GC(433) Pause Young (Allocation Failure) 475M->280M(546M) 4.511ms
[227.549s][info][gc,cpu         ] GC(433) User=0.01s Sys=0.00s Real=0.00s
[228.037s][info][gc,start       ] GC(434) Pause Young (Allocation Failure)
[228.041s][info][gc,heap        ] GC(434) PSYoungGen: 194080K(194560K)->2048K(186880K) Eden: 192000K(192000K)->0K(184832K) From: 2080K(2560K)->2048K(2048K)
[228.041s][info][gc,heap        ] GC(434) ParOldGen: 285645K(364544K)->286164K(364544K)
[228.041s][info][gc,metaspace   ] GC(434) Metaspace: 56885K(57280K)->56885K(57280K) NonClass: 48605K(48896K)->48605K(48896K) Class: 8279K(8384K)->8279K(8384K)
[228.041s][info][gc             ] GC(434) Pause Young (Allocation Failure) 468M->281M(538M) 4.405ms
[228.041s][info][gc,cpu         ] GC(434) User=0.01s Sys=0.00s Real=0.00s
[228.526s][info][gc,start       ] GC(435) Pause Young (Allocation Failure)
[228.529s][info][gc,heap        ] GC(435) PSYoungGen: 186880K(186880K)->1599K(180224K) Eden: 184832K(184832K)->0K(178176K) From: 2048K(2048K)->1599K(2048K)
[228.529s][info][gc,heap        ] GC(435) ParOldGen: 286164K(364544K)->286652K(364544K)
[228.529s][info][gc,metaspace   ] GC(435) Metaspace: 56885K(57280K)->56885K(57280K) NonClass: 48605K(48896K)->48605K(48896K) Class: 8279K(8384K)->8279K(8384K)
[228.529s][info][gc             ] GC(435) Pause Young (Allocation Failure) 461M->281M(532M) 3.580ms
[228.529s][info][gc,cpu         ] GC(435) User=0.01s Sys=0.00s Real=0.00s
[228.952s][info][gc,start       ] GC(436) Pause Young (Allocation Failure)
[228.955s][info][gc,heap        ] GC(436) PSYoungGen: 179526K(180224K)->1312K(173568K) Eden: 177926K(178176K)->0K(172032K) From: 1599K(2048K)->1312K(1536K)
[228.955s][info][gc,heap        ] GC(436) ParOldGen: 286652K(364544K)->286708K(364544K)
[228.955s][info][gc,metaspace   ] GC(436) Metaspace: 56885K(57280K)->56885K(57280K) NonClass: 48605K(48896K)->48605K(48896K) Class: 8279K(8384K)->8279K(8384K)
[228.955s][info][gc             ] GC(436) Pause Young (Allocation Failure) 455M->281M(525M) 3.603ms
[228.955s][info][gc,cpu         ] GC(436) User=0.01s Sys=0.00s Real=0.01s
[229.517s][info][gc,start       ] GC(437) Pause Young (Allocation Failure)
[229.520s][info][gc,heap        ] GC(437) PSYoungGen: 173344K(173568K)->1215K(167424K) Eden: 172032K(172032K)->0K(165888K) From: 1312K(1536K)->1215K(1536K)
[229.520s][info][gc,heap        ] GC(437) ParOldGen: 286708K(364544K)->286724K(364544K)
[229.520s][info][gc,metaspace   ] GC(437) Metaspace: 56885K(57280K)->56885K(57280K) NonClass: 48605K(48896K)->48605K(48896K) Class: 8279K(8384K)->8279K(8384K)
[229.520s][info][gc             ] GC(437) Pause Young (Allocation Failure) 449M->281M(519M) 2.642ms
[229.520s][info][gc,cpu         ] GC(437) User=0.01s Sys=0.00s Real=0.00s
[229.838s][info][gc,start       ] GC(438) Pause Young (Allocation Failure)
[229.841s][info][gc,heap        ] GC(438) PSYoungGen: 167103K(167424K)->1760K(162304K) Eden: 165888K(165888K)->0K(160256K) From: 1215K(1536K)->1760K(2048K)
[229.841s][info][gc,heap        ] GC(438) ParOldGen: 286724K(364544K)->286740K(364544K)
[229.841s][info][gc,metaspace   ] GC(438) Metaspace: 56885K(57280K)->56885K(57280K) NonClass: 48605K(48896K)->48605K(48896K) Class: 8279K(8384K)->8279K(8384K)
[229.841s][info][gc             ] GC(438) Pause Young (Allocation Failure) 443M->281M(514M) 3.697ms
[229.841s][info][gc,cpu         ] GC(438) User=0.01s Sys=0.00s Real=0.00s
[230.235s][info][gc,start       ] GC(439) Pause Young (Allocation Failure)
[230.239s][info][gc,heap        ] GC(439) PSYoungGen: 162016K(162304K)->2527K(157184K) Eden: 160256K(160256K)->0K(154624K) From: 1760K(2048K)->2527K(2560K)
[230.239s][info][gc,heap        ] GC(439) ParOldGen: 286740K(364544K)->286756K(364544K)
[230.239s][info][gc,metaspace   ] GC(439) Metaspace: 56885K(57280K)->56885K(57280K) NonClass: 48605K(48896K)->48605K(48896K) Class: 8279K(8384K)->8279K(8384K)
[230.239s][info][gc             ] GC(439) Pause Young (Allocation Failure) 438M->282M(509M) 4.500ms
[230.239s][info][gc,cpu         ] GC(439) User=0.00s Sys=0.00s Real=0.00s
[230.635s][info][gc,start       ] GC(440) Pause Young (Allocation Failure)
[230.639s][info][gc,heap        ] GC(440) PSYoungGen: 157151K(157184K)->2015K(151552K) Eden: 154624K(154624K)->0K(149504K) From: 2527K(2560K)->2015K(2048K)
[230.639s][info][gc,heap        ] GC(440) ParOldGen: 286756K(364544K)->286772K(364544K)
[230.639s][info][gc,metaspace   ] GC(440) Metaspace: 56885K(57280K)->56885K(57280K) NonClass: 48605K(48896K)->48605K(48896K) Class: 8279K(8384K)->8279K(8384K)
[230.639s][info][gc             ] GC(440) Pause Young (Allocation Failure) 433M->282M(504M) 3.469ms
[230.639s][info][gc,cpu         ] GC(440) User=0.00s Sys=0.00s Real=0.00s
[231.027s][info][gc,start       ] GC(441) Pause Young (Allocation Failure)
[231.029s][info][gc,heap        ] GC(441) PSYoungGen: 151519K(151552K)->573K(145408K) Eden: 149504K(149504K)->0K(144384K) From: 2015K(2048K)->573K(1024K)
[231.029s][info][gc,heap        ] GC(441) ParOldGen: 286772K(364544K)->286788K(364544K)
[231.029s][info][gc,metaspace   ] GC(441) Metaspace: 56885K(57280K)->56885K(57280K) NonClass: 48605K(48896K)->48605K(48896K) Class: 8279K(8384K)->8279K(8384K)
[231.029s][info][gc             ] GC(441) Pause Young (Allocation Failure) 428M->280M(498M) 1.906ms
[231.029s][info][gc,cpu         ] GC(441) User=0.00s Sys=0.00s Real=0.00s
[231.359s][info][gc,start       ] GC(442) Pause Young (Allocation Failure)
[231.362s][info][gc,heap        ] GC(442) PSYoungGen: 144638K(145408K)->800K(140800K) Eden: 144065K(144384K)->0K(139776K) From: 573K(1024K)->800K(1024K)
[231.362s][info][gc,heap        ] GC(442) ParOldGen: 286788K(364544K)->286804K(364544K)
[231.362s][info][gc,metaspace   ] GC(442) Metaspace: 56885K(57280K)->56885K(57280K) NonClass: 48605K(48896K)->48605K(48896K) Class: 8279K(8384K)->8279K(8384K)
[231.362s][info][gc             ] GC(442) Pause Young (Allocation Failure) 421M->280M(493M) 2.644ms
[231.362s][info][gc,cpu         ] GC(442) User=0.01s Sys=0.00s Real=0.00s
[231.733s][info][gc,start       ] GC(443) Pause Young (Allocation Failure)
[231.736s][info][gc,heap        ] GC(443) PSYoungGen: 140576K(140800K)->1983K(137216K) Eden: 139776K(139776K)->0K(135168K) From: 800K(1024K)->1983K(2048K)
[231.736s][info][gc,heap        ] GC(443) ParOldGen: 286804K(364544K)->286820K(364544K)
[231.736s][info][gc,metaspace   ] GC(443) Metaspace: 56885K(57280K)->56885K(57280K) NonClass: 48605K(48896K)->48605K(48896K) Class: 8279K(8384K)->8279K(8384K)
[231.736s][info][gc             ] GC(443) Pause Young (Allocation Failure) 417M->282M(490M) 3.546ms
[231.736s][info][gc,cpu         ] GC(443) User=0.01s Sys=0.00s Real=0.01s
[232.156s][info][gc,start       ] GC(444) Pause Young (Allocation Failure)
[232.161s][info][gc,heap        ] GC(444) PSYoungGen: 136896K(137216K)->1408K(132608K) Eden: 134913K(135168K)->0K(131072K) From: 1983K(2048K)->1408K(1536K)
[232.161s][info][gc,heap        ] GC(444) ParOldGen: 286820K(364544K)->286836K(364544K)
[232.161s][info][gc,metaspace   ] GC(444) Metaspace: 56885K(57280K)->56885K(57280K) NonClass: 48605K(48896K)->48605K(48896K) Class: 8279K(8384K)->8279K(8384K)
[232.161s][info][gc             ] GC(444) Pause Young (Allocation Failure) 413M->281M(485M) 4.607ms
[232.161s][info][gc,cpu         ] GC(444) User=0.00s Sys=0.00s Real=0.00s
[232.418s][info][gc,start       ] GC(445) Pause Young (Allocation Failure)
[232.420s][info][gc,heap        ] GC(445) PSYoungGen: 132480K(132608K)->799K(128000K) Eden: 131072K(131072K)->0K(126976K) From: 1408K(1536K)->799K(1024K)
[232.420s][info][gc,heap        ] GC(445) ParOldGen: 286836K(364544K)->286852K(364544K)
[232.420s][info][gc,metaspace   ] GC(445) Metaspace: 56885K(57280K)->56885K(57280K) NonClass: 48605K(48896K)->48605K(48896K) Class: 8279K(8384K)->8279K(8384K)
[232.420s][info][gc             ] GC(445) Pause Young (Allocation Failure) 409M->280M(481M) 2.371ms
[232.420s][info][gc,cpu         ] GC(445) User=0.00s Sys=0.00s Real=0.00s
[232.726s][info][gc,start       ] GC(446) Pause Young (Allocation Failure)
[232.729s][info][gc,heap        ] GC(446) PSYoungGen: 127775K(128000K)->1344K(124416K) Eden: 126976K(126976K)->0K(122880K) From: 799K(1024K)->1344K(1536K)
[232.729s][info][gc,heap        ] GC(446) ParOldGen: 286852K(364544K)->286868K(364544K)
[232.729s][info][gc,metaspace   ] GC(446) Metaspace: 56885K(57280K)->56885K(57280K) NonClass: 48605K(48896K)->48605K(48896K) Class: 8279K(8384K)->8279K(8384K)
[232.729s][info][gc             ] GC(446) Pause Young (Allocation Failure) 404M->281M(477M) 3.122ms
[232.729s][info][gc,cpu         ] GC(446) User=0.01s Sys=0.00s Real=0.00s
[233.035s][info][gc,start       ] GC(447) Pause Young (Allocation Failure)
[233.038s][info][gc,heap        ] GC(447) PSYoungGen: 124224K(124416K)->1951K(121344K) Eden: 122880K(122880K)->0K(119296K) From: 1344K(1536K)->1951K(2048K)
[233.038s][info][gc,heap        ] GC(447) ParOldGen: 286868K(364544K)->286884K(364544K)
[233.038s][info][gc,metaspace   ] GC(447) Metaspace: 56885K(57280K)->56885K(57280K) NonClass: 48605K(48896K)->48605K(48896K) Class: 8279K(8384K)->8279K(8384K)
[233.038s][info][gc             ] GC(447) Pause Young (Allocation Failure) 401M->282M(474M) 3.512ms
[233.038s][info][gc,cpu         ] GC(447) User=0.01s Sys=0.00s Real=0.00s
[233.387s][info][gc,start       ] GC(448) Pause Young (Allocation Failure)
[233.391s][info][gc,heap        ] GC(448) PSYoungGen: 121247K(121344K)->1728K(117760K) Eden: 119296K(119296K)->0K(115712K) From: 1951K(2048K)->1728K(2048K)
[233.391s][info][gc,heap        ] GC(448) ParOldGen: 286884K(364544K)->286900K(364544K)
[233.391s][info][gc,metaspace   ] GC(448) Metaspace: 56885K(57280K)->56885K(57280K) NonClass: 48605K(48896K)->48605K(48896K) Class: 8279K(8384K)->8279K(8384K)
[233.391s][info][gc             ] GC(448) Pause Young (Allocation Failure) 398M->281M(471M) 3.649ms
[233.391s][info][gc,cpu         ] GC(448) User=0.01s Sys=0.00s Real=0.00s
[233.635s][info][gc,start       ] GC(449) Pause Young (Allocation Failure)
[233.638s][info][gc,heap        ] GC(449) PSYoungGen: 117198K(117760K)->1312K(139776K) Eden: 115470K(115712K)->0K(138240K) From: 1728K(2048K)->1312K(1536K)
[233.638s][info][gc,heap        ] GC(449) ParOldGen: 286900K(364544K)->286916K(364544K)
[233.638s][info][gc,metaspace   ] GC(449) Metaspace: 56885K(57280K)->56885K(57280K) NonClass: 48605K(48896K)->48605K(48896K) Class: 8279K(8384K)->8279K(8384K)
[233.638s][info][gc             ] GC(449) Pause Young (Allocation Failure) 394M->281M(492M) 3.140ms
[233.639s][info][gc,cpu         ] GC(449) User=0.01s Sys=0.00s Real=0.00s
[234.013s][info][gc,start       ] GC(450) Pause Young (Allocation Failure)
[234.015s][info][gc,heap        ] GC(450) PSYoungGen: 139552K(139776K)->674K(134656K) Eden: 138240K(138240K)->0K(133632K) From: 1312K(1536K)->674K(1024K)
[234.015s][info][gc,heap        ] GC(450) ParOldGen: 286916K(364544K)->286932K(364544K)
[234.015s][info][gc,metaspace   ] GC(450) Metaspace: 56885K(57280K)->56885K(57280K) NonClass: 48605K(48896K)->48605K(48896K) Class: 8279K(8384K)->8279K(8384K)
[234.015s][info][gc             ] GC(450) Pause Young (Allocation Failure) 416M->280M(487M) 1.952ms
[234.015s][info][gc,cpu         ] GC(450) User=0.00s Sys=0.00s Real=0.00s
[234.330s][info][gc,start       ] GC(451) Pause Young (Allocation Failure)
[234.333s][info][gc,heap        ] GC(451) PSYoungGen: 134306K(134656K)->1504K(131072K) Eden: 133632K(133632K)->0K(129536K) From: 674K(1024K)->1504K(1536K)
[234.333s][info][gc,heap        ] GC(451) ParOldGen: 286932K(364544K)->286948K(364544K)
[234.333s][info][gc,metaspace   ] GC(451) Metaspace: 56885K(57280K)->56885K(57280K) NonClass: 48605K(48896K)->48605K(48896K) Class: 8279K(8384K)->8279K(8384K)
[234.333s][info][gc             ] GC(451) Pause Young (Allocation Failure) 411M->281M(484M) 3.250ms
[234.333s][info][gc,cpu         ] GC(451) User=0.01s Sys=0.00s Real=0.01s
[234.649s][info][gc,start       ] GC(452) Pause Young (Allocation Failure)
[234.653s][info][gc,heap        ] GC(452) PSYoungGen: 131040K(131072K)->2143K(128000K) Eden: 129536K(129536K)->0K(125440K) From: 1504K(1536K)->2143K(2560K)
[234.653s][info][gc,heap        ] GC(452) ParOldGen: 286948K(364544K)->286964K(364544K)
[234.653s][info][gc,metaspace   ] GC(452) Metaspace: 56885K(57280K)->56885K(57280K) NonClass: 48605K(48896K)->48605K(48896K) Class: 8279K(8384K)->8279K(8384K)
[234.653s][info][gc             ] GC(452) Pause Young (Allocation Failure) 408M->282M(481M) 3.959ms
[234.653s][info][gc,cpu         ] GC(452) User=0.00s Sys=0.00s Real=0.00s
[235.011s][info][gc,start       ] GC(453) Pause Young (Allocation Failure)
[235.013s][info][gc,heap        ] GC(453) PSYoungGen: 127583K(128000K)->735K(122368K) Eden: 125440K(125440K)->0K(121344K) From: 2143K(2560K)->735K(1024K)
[235.013s][info][gc,heap        ] GC(453) ParOldGen: 286964K(364544K)->286980K(364544K)
[235.013s][info][gc,metaspace   ] GC(453) Metaspace: 56885K(57280K)->56885K(57280K) NonClass: 48605K(48896K)->48605K(48896K) Class: 8279K(8384K)->8279K(8384K)
[235.013s][info][gc             ] GC(453) Pause Young (Allocation Failure) 404M->280M(475M) 2.107ms
[235.013s][info][gc,cpu         ] GC(453) User=0.01s Sys=0.00s Real=0.00s
[235.315s][info][gc,start       ] GC(454) Pause Young (Allocation Failure)
[235.317s][info][gc,heap        ] GC(454) PSYoungGen: 122079K(122368K)->617K(118784K) Eden: 121344K(121344K)->0K(117760K) From: 735K(1024K)->617K(1024K)
[235.317s][info][gc,heap        ] GC(454) ParOldGen: 286980K(364544K)->286996K(364544K)
[235.317s][info][gc,metaspace   ] GC(454) Metaspace: 56885K(57280K)->56885K(57280K) NonClass: 48605K(48896K)->48605K(48896K) Class: 8279K(8384K)->8279K(8384K)
[235.317s][info][gc             ] GC(454) Pause Young (Allocation Failure) 399M->280M(472M) 2.138ms
[235.317s][info][gc,cpu         ] GC(454) User=0.00s Sys=0.00s Real=0.00s
[235.616s][info][gc,start       ] GC(455) Pause Young (Allocation Failure)
[235.618s][info][gc,heap        ] GC(455) PSYoungGen: 118377K(118784K)->735K(115200K) Eden: 117760K(117760K)->0K(114176K) From: 617K(1024K)->735K(1024K)
[235.618s][info][gc,heap        ] GC(455) ParOldGen: 286996K(364544K)->287012K(364544K)
[235.618s][info][gc,metaspace   ] GC(455) Metaspace: 56885K(57280K)->56885K(57280K) NonClass: 48605K(48896K)->48605K(48896K) Class: 8279K(8384K)->8279K(8384K)
[235.618s][info][gc             ] GC(455) Pause Young (Allocation Failure) 395M->281M(468M) 1.874ms
[235.618s][info][gc,cpu         ] GC(455) User=0.01s Sys=0.00s Real=0.00s
[235.913s][info][gc,start       ] GC(456) Pause Young (Allocation Failure)
[235.914s][info][gc,heap        ] GC(456) PSYoungGen: 114911K(115200K)->307K(111104K) Eden: 114176K(114176K)->0K(110592K) From: 735K(1024K)->307K(512K)
[235.914s][info][gc,heap        ] GC(456) ParOldGen: 287012K(364544K)->287028K(364544K)
[235.914s][info][gc,metaspace   ] GC(456) Metaspace: 56885K(57280K)->56885K(57280K) NonClass: 48605K(48896K)->48605K(48896K) Class: 8279K(8384K)->8279K(8384K)
[235.914s][info][gc             ] GC(456) Pause Young (Allocation Failure) 392M->280M(464M) 1.830ms
[235.915s][info][gc,cpu         ] GC(456) User=0.00s Sys=0.00s Real=0.01s
[236.216s][info][gc,start       ] GC(457) Pause Young (Allocation Failure)
[236.221s][info][gc,heap        ] GC(457) PSYoungGen: 110899K(111104K)->2208K(110592K) Eden: 110592K(110592K)->0K(107520K) From: 307K(512K)->2208K(3072K)
[236.221s][info][gc,heap        ] GC(457) ParOldGen: 287028K(364544K)->287044K(364544K)
[236.221s][info][gc,metaspace   ] GC(457) Metaspace: 56885K(57280K)->56885K(57280K) NonClass: 48605K(48896K)->48605K(48896K) Class: 8279K(8384K)->8279K(8384K)
[236.221s][info][gc             ] GC(457) Pause Young (Allocation Failure) 388M->282M(464M) 4.137ms
[236.221s][info][gc,cpu         ] GC(457) User=0.01s Sys=0.00s Real=0.00s
[236.440s][info][gc,start       ] GC(458) Pause Young (Allocation Failure)
[236.444s][info][gc,heap        ] GC(458) PSYoungGen: 109728K(110592K)->2655K(131584K) Eden: 107520K(107520K)->0K(128512K) From: 2208K(3072K)->2655K(3072K)
[236.444s][info][gc,heap        ] GC(458) ParOldGen: 287044K(364544K)->287060K(364544K)
[236.444s][info][gc,metaspace   ] GC(458) Metaspace: 56885K(57280K)->56885K(57280K) NonClass: 48605K(48896K)->48605K(48896K) Class: 8279K(8384K)->8279K(8384K)
[236.444s][info][gc             ] GC(458) Pause Young (Allocation Failure) 387M->282M(484M) 4.319ms
[236.444s][info][gc,cpu         ] GC(458) User=0.01s Sys=0.00s Real=0.01s
[236.755s][info][gc,start       ] GC(459) Pause Young (Allocation Failure)
[236.758s][info][gc,heap        ] GC(459) PSYoungGen: 130948K(131584K)->960K(154624K) Eden: 128293K(128512K)->0K(153600K) From: 2655K(3072K)->960K(1024K)
[236.758s][info][gc,heap        ] GC(459) ParOldGen: 287060K(364544K)->287076K(364544K)
[236.758s][info][gc,metaspace   ] GC(459) Metaspace: 56885K(57280K)->56885K(57280K) NonClass: 48605K(48896K)->48605K(48896K) Class: 8279K(8384K)->8279K(8384K)
[236.758s][info][gc             ] GC(459) Pause Young (Allocation Failure) 408M->281M(507M) 2.758ms
[236.758s][info][gc,cpu         ] GC(459) User=0.00s Sys=0.00s Real=0.00s
[237.150s][info][gc,start       ] GC(460) Pause Young (Allocation Failure)
[237.154s][info][gc,heap        ] GC(460) PSYoungGen: 154560K(154624K)->2079K(185856K) Eden: 153600K(153600K)->0K(183296K) From: 960K(1024K)->2079K(2560K)
[237.154s][info][gc,heap        ] GC(460) ParOldGen: 287076K(364544K)->287092K(364544K)
[237.154s][info][gc,metaspace   ] GC(460) Metaspace: 56885K(57280K)->56885K(57280K) NonClass: 48605K(48896K)->48605K(48896K) Class: 8279K(8384K)->8279K(8384K)
[237.154s][info][gc             ] GC(460) Pause Young (Allocation Failure) 431M->282M(537M) 3.904ms
[237.154s][info][gc,cpu         ] GC(460) User=0.00s Sys=0.00s Real=0.01s
[237.633s][info][gc,start       ] GC(461) Pause Young (Allocation Failure)
[237.636s][info][gc,heap        ] GC(461) PSYoungGen: 185075K(185856K)->1536K(178176K) Eden: 182995K(183296K)->0K(176640K) From: 2079K(2560K)->1536K(1536K)
[237.636s][info][gc,heap        ] GC(461) ParOldGen: 287092K(364544K)->287108K(364544K)
[237.636s][info][gc,metaspace   ] GC(461) Metaspace: 56885K(57280K)->56885K(57280K) NonClass: 48605K(48896K)->48605K(48896K) Class: 8279K(8384K)->8279K(8384K)
[237.636s][info][gc             ] GC(461) Pause Young (Allocation Failure) 461M->281M(530M) 3.437ms
[237.636s][info][gc,cpu         ] GC(461) User=0.01s Sys=0.01s Real=0.01s
[238.059s][info][gc,start       ] GC(462) Pause Young (Allocation Failure)
[238.062s][info][gc,heap        ] GC(462) PSYoungGen: 177927K(178176K)->800K(171520K) Eden: 176391K(176640K)->0K(170496K) From: 1536K(1536K)->800K(1024K)
[238.062s][info][gc,heap        ] GC(462) ParOldGen: 287108K(364544K)->287124K(364544K)
[238.062s][info][gc,metaspace   ] GC(462) Metaspace: 56885K(57280K)->56885K(57280K) NonClass: 48605K(48896K)->48605K(48896K) Class: 8279K(8384K)->8279K(8384K)
[238.062s][info][gc             ] GC(462) Pause Young (Allocation Failure) 454M->281M(523M) 2.674ms
[238.062s][info][gc,cpu         ] GC(462) User=0.00s Sys=0.00s Real=0.00s
[238.523s][info][gc,start       ] GC(463) Pause Young (Allocation Failure)
[238.526s][info][gc,heap        ] GC(463) PSYoungGen: 171296K(171520K)->1375K(167936K) Eden: 170496K(170496K)->0K(164352K) From: 800K(1024K)->1375K(3584K)
[238.526s][info][gc,heap        ] GC(463) ParOldGen: 287124K(364544K)->287140K(364544K)
[238.526s][info][gc,metaspace   ] GC(463) Metaspace: 56885K(57280K)->56885K(57280K) NonClass: 48605K(48896K)->48605K(48896K) Class: 8279K(8384K)->8279K(8384K)
[238.526s][info][gc             ] GC(463) Pause Young (Allocation Failure) 447M->281M(520M) 2.854ms
[238.526s][info][gc,cpu         ] GC(463) User=0.00s Sys=0.00s Real=0.00s
[238.928s][info][gc,start       ] GC(464) Pause Young (Allocation Failure)
[238.932s][info][gc,heap        ] GC(464) PSYoungGen: 165727K(167936K)->1440K(160256K) Eden: 164352K(164352K)->0K(158720K) From: 1375K(3584K)->1440K(1536K)
[238.932s][info][gc,heap        ] GC(464) ParOldGen: 287140K(364544K)->287156K(364544K)
[238.932s][info][gc,metaspace   ] GC(464) Metaspace: 56885K(57280K)->56885K(57280K) NonClass: 48605K(48896K)->48605K(48896K) Class: 8279K(8384K)->8279K(8384K)
[238.932s][info][gc             ] GC(464) Pause Young (Allocation Failure) 442M->281M(512M) 3.409ms
[238.932s][info][gc,cpu         ] GC(464) User=0.00s Sys=0.00s Real=0.00s
[239.330s][info][gc,start       ] GC(465) Pause Young (Allocation Failure)
[239.333s][info][gc,heap        ] GC(465) PSYoungGen: 160160K(160256K)->1631K(155648K) Eden: 158720K(158720K)->0K(153600K) From: 1440K(1536K)->1631K(2048K)
[239.333s][info][gc,heap        ] GC(465) ParOldGen: 287156K(364544K)->287172K(364544K)
[239.333s][info][gc,metaspace   ] GC(465) Metaspace: 56885K(57280K)->56885K(57280K) NonClass: 48605K(48896K)->48605K(48896K) Class: 8279K(8384K)->8279K(8384K)
[239.333s][info][gc             ] GC(465) Pause Young (Allocation Failure) 436M->282M(508M) 3.208ms
[239.333s][info][gc,cpu         ] GC(465) User=0.01s Sys=0.00s Real=0.01s
[239.727s][info][gc,start       ] GC(466) Pause Young (Allocation Failure)
[239.729s][info][gc,heap        ] GC(466) PSYoungGen: 155125K(155648K)->992K(149504K) Eden: 153494K(153600K)->0K(148480K) From: 1631K(2048K)->992K(1024K)
[239.729s][info][gc,heap        ] GC(466) ParOldGen: 287172K(364544K)->287188K(364544K)
[239.729s][info][gc,metaspace   ] GC(466) Metaspace: 56885K(57280K)->56885K(57280K) NonClass: 48605K(48896K)->48605K(48896K) Class: 8279K(8384K)->8279K(8384K)
[239.729s][info][gc             ] GC(466) Pause Young (Allocation Failure) 431M->281M(502M) 2.710ms
[239.729s][info][gc,cpu         ] GC(466) User=0.01s Sys=0.00s Real=0.00s
[240.115s][info][gc,start       ] GC(467) Pause Young (Allocation Failure)
[240.117s][info][gc,heap        ] GC(467) PSYoungGen: 149472K(149504K)->457K(143872K) Eden: 148480K(148480K)->0K(143360K) From: 992K(1024K)->457K(512K)
[240.117s][info][gc,heap        ] GC(467) ParOldGen: 287188K(364544K)->287204K(364544K)
[240.117s][info][gc,metaspace   ] GC(467) Metaspace: 56885K(57280K)->56885K(57280K) NonClass: 48605K(48896K)->48605K(48896K) Class: 8279K(8384K)->8279K(8384K)
[240.117s][info][gc             ] GC(467) Pause Young (Allocation Failure) 426M->280M(496M) 1.875ms
[240.117s][info][gc,cpu         ] GC(467) User=0.00s Sys=0.00s Real=0.00s
[240.540s][info][gc,start       ] GC(468) Pause Young (Allocation Failure)
[240.545s][info][gc,heap        ] GC(468) PSYoungGen: 143817K(143872K)->2303K(141312K) Eden: 143360K(143360K)->0K(138752K) From: 457K(512K)->2303K(2560K)
[240.545s][info][gc,heap        ] GC(468) ParOldGen: 287204K(364544K)->287220K(364544K)
[240.545s][info][gc,metaspace   ] GC(468) Metaspace: 56885K(57280K)->56885K(57280K) NonClass: 48605K(48896K)->48605K(48896K) Class: 8279K(8384K)->8279K(8384K)
[240.545s][info][gc             ] GC(468) Pause Young (Allocation Failure) 420M->282M(494M) 4.081ms
[240.545s][info][gc,cpu         ] GC(468) User=0.00s Sys=0.00s Real=0.01s
[240.919s][info][gc,start       ] GC(469) Pause Young (Allocation Failure)
[240.922s][info][gc,heap        ] GC(469) PSYoungGen: 141055K(141312K)->1343K(135680K) Eden: 138752K(138752K)->0K(134144K) From: 2303K(2560K)->1343K(1536K)
[240.922s][info][gc,heap        ] GC(469) ParOldGen: 287220K(364544K)->287236K(364544K)
[240.922s][info][gc,metaspace   ] GC(469) Metaspace: 56885K(57280K)->56885K(57280K) NonClass: 48605K(48896K)->48605K(48896K) Class: 8279K(8384K)->8279K(8384K)
[240.922s][info][gc             ] GC(469) Pause Young (Allocation Failure) 418M->281M(488M) 2.793ms
[240.922s][info][gc,cpu         ] GC(469) User=0.00s Sys=0.00s Real=0.00s
[241.240s][info][gc,start       ] GC(470) Pause Young (Allocation Failure)
[241.243s][info][gc,heap        ] GC(470) PSYoungGen: 135487K(135680K)->2143K(132608K) Eden: 134144K(134144K)->0K(130048K) From: 1343K(1536K)->2143K(2560K)
[241.243s][info][gc,heap        ] GC(470) ParOldGen: 287236K(364544K)->287252K(364544K)
[241.243s][info][gc,metaspace   ] GC(470) Metaspace: 56885K(57280K)->56885K(57280K) NonClass: 48605K(48896K)->48605K(48896K) Class: 8279K(8384K)->8279K(8384K)
[241.243s][info][gc             ] GC(470) Pause Young (Allocation Failure) 412M->282M(485M) 3.638ms
[241.243s][info][gc,cpu         ] GC(470) User=0.01s Sys=0.00s Real=0.01s
[241.558s][info][gc,start       ] GC(471) Pause Young (Allocation Failure)
[241.560s][info][gc,heap        ] GC(471) PSYoungGen: 132191K(132608K)->1247K(127488K) Eden: 130048K(130048K)->0K(125952K) From: 2143K(2560K)->1247K(1536K)
[241.560s][info][gc,heap        ] GC(471) ParOldGen: 287252K(364544K)->287268K(364544K)
[241.560s][info][gc,metaspace   ] GC(471) Metaspace: 56885K(57280K)->56885K(57280K) NonClass: 48605K(48896K)->48605K(48896K) Class: 8279K(8384K)->8279K(8384K)
[241.560s][info][gc             ] GC(471) Pause Young (Allocation Failure) 409M->281M(480M) 2.834ms
[241.561s][info][gc,cpu         ] GC(471) User=0.01s Sys=0.00s Real=0.00s
[241.914s][info][gc,start       ] GC(472) Pause Young (Allocation Failure)
[241.916s][info][gc,heap        ] GC(472) PSYoungGen: 127199K(127488K)->520K(122880K) Eden: 125952K(125952K)->0K(121856K) From: 1247K(1536K)->520K(1024K)
[241.916s][info][gc,heap        ] GC(472) ParOldGen: 287268K(364544K)->287284K(364544K)
[241.916s][info][gc,metaspace   ] GC(472) Metaspace: 56885K(57280K)->56885K(57280K) NonClass: 48605K(48896K)->48605K(48896K) Class: 8279K(8384K)->8279K(8384K)
[241.916s][info][gc             ] GC(472) Pause Young (Allocation Failure) 404M->281M(476M) 2.025ms
[241.916s][info][gc,cpu         ] GC(472) User=0.01s Sys=0.00s Real=0.00s
[242.219s][info][gc,start       ] GC(473) Pause Young (Allocation Failure)
[242.222s][info][gc,heap        ] GC(473) PSYoungGen: 122376K(122880K)->823K(119296K) Eden: 121856K(121856K)->0K(118272K) From: 520K(1024K)->823K(1024K)
[242.222s][info][gc,heap        ] GC(473) ParOldGen: 287284K(364544K)->287300K(364544K)
[242.222s][info][gc,metaspace   ] GC(473) Metaspace: 56885K(57280K)->56885K(57280K) NonClass: 48605K(48896K)->48605K(48896K) Class: 8279K(8384K)->8279K(8384K)
[242.222s][info][gc             ] GC(473) Pause Young (Allocation Failure) 400M->281M(472M) 2.432ms
[242.222s][info][gc,cpu         ] GC(473) User=0.00s Sys=0.00s Real=0.00s
[242.517s][info][gc,start       ] GC(474) Pause Young (Allocation Failure)
[242.519s][info][gc,heap        ] GC(474) PSYoungGen: 119095K(119296K)->1055K(116224K) Eden: 118272K(118272K)->0K(114688K) From: 823K(1024K)->1055K(1536K)
[242.519s][info][gc,heap        ] GC(474) ParOldGen: 287300K(364544K)->287316K(364544K)
[242.519s][info][gc,metaspace   ] GC(474) Metaspace: 56885K(57280K)->56885K(57280K) NonClass: 48605K(48896K)->48605K(48896K) Class: 8279K(8384K)->8279K(8384K)
[242.519s][info][gc             ] GC(474) Pause Young (Allocation Failure) 396M->281M(469M) 2.421ms
[242.519s][info][gc,cpu         ] GC(474) User=0.01s Sys=0.00s Real=0.00s
[242.813s][info][gc,start       ] GC(475) Pause Young (Allocation Failure)
[242.815s][info][gc,heap        ] GC(475) PSYoungGen: 115743K(116224K)->404K(111616K) Eden: 114688K(114688K)->0K(111104K) From: 1055K(1536K)->404K(512K)
[242.815s][info][gc,heap        ] GC(475) ParOldGen: 287316K(364544K)->287332K(364544K)
[242.815s][info][gc,metaspace   ] GC(475) Metaspace: 56885K(57280K)->56885K(57280K) NonClass: 48605K(48896K)->48605K(48896K) Class: 8279K(8384K)->8279K(8384K)
[242.815s][info][gc             ] GC(475) Pause Young (Allocation Failure) 393M->280M(465M) 1.811ms
[242.815s][info][gc,cpu         ] GC(475) User=0.01s Sys=0.00s Real=0.00s
[243.057s][info][gc,start       ] GC(476) Pause Young (Allocation Failure)
[243.061s][info][gc,heap        ] GC(476) PSYoungGen: 111418K(111616K)->1344K(109568K) Eden: 111014K(111104K)->0K(108032K) From: 404K(512K)->1344K(1536K)
[243.061s][info][gc,heap        ] GC(476) ParOldGen: 287332K(364544K)->287348K(364544K)
[243.061s][info][gc,metaspace   ] GC(476) Metaspace: 56885K(57280K)->56885K(57280K) NonClass: 48605K(48896K)->48605K(48896K) Class: 8279K(8384K)->8279K(8384K)
[243.061s][info][gc             ] GC(476) Pause Young (Allocation Failure) 389M->281M(463M) 3.225ms
[243.061s][info][gc,cpu         ] GC(476) User=0.01s Sys=0.00s Real=0.00s
[243.343s][info][gc,start       ] GC(477) Pause Young (Allocation Failure)
[243.348s][info][gc,heap        ] GC(477) PSYoungGen: 109376K(109568K)->2367K(107520K) Eden: 108032K(108032K)->0K(104960K) From: 1344K(1536K)->2367K(2560K)
[243.348s][info][gc,heap        ] GC(477) ParOldGen: 287348K(364544K)->287364K(364544K)
[243.348s][info][gc,metaspace   ] GC(477) Metaspace: 56885K(57280K)->56885K(57280K) NonClass: 48605K(48896K)->48605K(48896K) Class: 8279K(8384K)->8279K(8384K)
[243.348s][info][gc             ] GC(477) Pause Young (Allocation Failure) 387M->282M(461M) 4.197ms
[243.348s][info][gc,cpu         ] GC(477) User=0.00s Sys=0.00s Real=0.00s
[243.640s][info][gc,start       ] GC(478) Pause Young (Allocation Failure)
[243.654s][info][gc,heap        ] GC(478) PSYoungGen: 107327K(107520K)->2008K(127488K) Eden: 104959K(104960K)->0K(125440K) From: 2367K(2560K)->2008K(2048K)
[243.654s][info][gc,heap        ] GC(478) ParOldGen: 287364K(364544K)->287380K(364544K)
[243.654s][info][gc,metaspace   ] GC(478) Metaspace: 56885K(57280K)->56885K(57280K) NonClass: 48605K(48896K)->48605K(48896K) Class: 8279K(8384K)->8279K(8384K)
[243.654s][info][gc             ] GC(478) Pause Young (Allocation Failure) 385M->282M(480M) 13.975ms
[243.654s][info][gc,cpu         ] GC(478) User=0.01s Sys=0.00s Real=0.02s
[243.936s][info][gc,start       ] GC(479) Pause Young (Allocation Failure)
[243.940s][info][gc,heap        ] GC(479) PSYoungGen: 127448K(127488K)->2111K(152576K) Eden: 125440K(125440K)->0K(150016K) From: 2008K(2048K)->2111K(2560K)
[243.940s][info][gc,heap        ] GC(479) ParOldGen: 287380K(364544K)->287396K(364544K)
[243.940s][info][gc,metaspace   ] GC(479) Metaspace: 56885K(57280K)->56885K(57280K) NonClass: 48605K(48896K)->48605K(48896K) Class: 8279K(8384K)->8279K(8384K)
[243.940s][info][gc             ] GC(479) Pause Young (Allocation Failure) 405M->282M(505M) 3.777ms
[243.940s][info][gc,cpu         ] GC(479) User=0.01s Sys=0.01s Real=0.00s
[244.330s][info][gc,start       ] GC(480) Pause Young (Allocation Failure)
[244.333s][info][gc,heap        ] GC(480) PSYoungGen: 152127K(152576K)->1631K(181760K) Eden: 150016K(150016K)->0K(179712K) From: 2111K(2560K)->1631K(2048K)
[244.333s][info][gc,heap        ] GC(480) ParOldGen: 287396K(364544K)->287412K(364544K)
[244.333s][info][gc,metaspace   ] GC(480) Metaspace: 56885K(57280K)->56885K(57280K) NonClass: 48605K(48896K)->48605K(48896K) Class: 8279K(8384K)->8279K(8384K)
[244.333s][info][gc             ] GC(480) Pause Young (Allocation Failure) 429M->282M(533M) 2.981ms
[244.333s][info][gc,cpu         ] GC(480) User=0.01s Sys=0.00s Real=0.00s
[244.813s][info][gc,start       ] GC(481) Pause Young (Allocation Failure)
[244.816s][info][gc,heap        ] GC(481) PSYoungGen: 181343K(181760K)->1311K(216576K) Eden: 179712K(179712K)->0K(215040K) From: 1631K(2048K)->1311K(1536K)
[244.816s][info][gc,heap        ] GC(481) ParOldGen: 287412K(364544K)->287428K(364544K)
[244.816s][info][gc,metaspace   ] GC(481) Metaspace: 56885K(57280K)->56885K(57280K) NonClass: 48605K(48896K)->48605K(48896K) Class: 8279K(8384K)->8279K(8384K)
[244.816s][info][gc             ] GC(481) Pause Young (Allocation Failure) 457M->281M(567M) 2.787ms
[244.816s][info][gc,cpu         ] GC(481) User=0.00s Sys=0.00s Real=0.00s
[245.329s][info][gc,start       ] GC(482) Pause Young (Allocation Failure)
[245.332s][info][gc,heap        ] GC(482) PSYoungGen: 216351K(216576K)->1791K(243200K) Eden: 215040K(215040K)->0K(240128K) From: 1311K(1536K)->1791K(3072K)
[245.332s][info][gc,heap        ] GC(482) ParOldGen: 287428K(364544K)->287444K(364544K)
[245.332s][info][gc,metaspace   ] GC(482) Metaspace: 56885K(57280K)->56885K(57280K) NonClass: 48605K(48896K)->48605K(48896K) Class: 8279K(8384K)->8279K(8384K)
[245.332s][info][gc             ] GC(482) Pause Young (Allocation Failure) 491M->282M(593M) 3.393ms
[245.332s][info][gc,cpu         ] GC(482) User=0.01s Sys=0.00s Real=0.00s
[245.934s][info][gc,start       ] GC(483) Pause Young (Allocation Failure)
[245.938s][info][gc,heap        ] GC(483) PSYoungGen: 241919K(243200K)->2271K(243200K) Eden: 240128K(240128K)->0K(240128K) From: 1791K(3072K)->2271K(3072K)
[245.938s][info][gc,heap        ] GC(483) ParOldGen: 287444K(364544K)->287460K(364544K)
[245.938s][info][gc,metaspace   ] GC(483) Metaspace: 56885K(57280K)->56885K(57280K) NonClass: 48605K(48896K)->48605K(48896K) Class: 8279K(8384K)->8279K(8384K)
[245.938s][info][gc             ] GC(483) Pause Young (Allocation Failure) 516M->282M(593M) 4.055ms
[245.938s][info][gc,cpu         ] GC(483) User=0.00s Sys=0.00s Real=0.00s
[246.588s][info][gc,start       ] GC(484) Pause Young (Allocation Failure)
[246.593s][info][gc,heap        ] GC(484) PSYoungGen: 242220K(243200K)->2720K(233984K) Eden: 239949K(240128K)->0K(230912K) From: 2271K(3072K)->2720K(3072K)
[246.593s][info][gc,heap        ] GC(484) ParOldGen: 287460K(364544K)->287476K(364544K)
[246.593s][info][gc,metaspace   ] GC(484) Metaspace: 56885K(57280K)->56885K(57280K) NonClass: 48605K(48896K)->48605K(48896K) Class: 8279K(8384K)->8279K(8384K)
[246.593s][info][gc             ] GC(484) Pause Young (Allocation Failure) 517M->283M(584M) 5.861ms
[246.593s][info][gc,cpu         ] GC(484) User=0.01s Sys=0.00s Real=0.01s
[247.135s][info][gc,start       ] GC(485) Pause Young (Allocation Failure)
[247.138s][info][gc,heap        ] GC(485) PSYoungGen: 233554K(233984K)->1120K(223744K) Eden: 230834K(230912K)->0K(222208K) From: 2720K(3072K)->1120K(1536K)
[247.138s][info][gc,heap        ] GC(485) ParOldGen: 287476K(364544K)->287492K(364544K)
[247.138s][info][gc,metaspace   ] GC(485) Metaspace: 56885K(57280K)->56885K(57280K) NonClass: 48605K(48896K)->48605K(48896K) Class: 8279K(8384K)->8279K(8384K)
[247.138s][info][gc             ] GC(485) Pause Young (Allocation Failure) 508M->281M(574M) 3.456ms
[247.138s][info][gc,cpu         ] GC(485) User=0.01s Sys=0.01s Real=0.00s
[247.780s][info][gc,start       ] GC(486) Pause Young (Allocation Failure)
[247.784s][info][gc,heap        ] GC(486) PSYoungGen: 223328K(223744K)->1694K(216064K) Eden: 222208K(222208K)->0K(214016K) From: 1120K(1536K)->1694K(2048K)
[247.784s][info][gc,heap        ] GC(486) ParOldGen: 287492K(364544K)->287508K(364544K)
[247.784s][info][gc,metaspace   ] GC(486) Metaspace: 56885K(57280K)->56885K(57280K) NonClass: 48605K(48896K)->48605K(48896K) Class: 8279K(8384K)->8279K(8384K)
[247.784s][info][gc             ] GC(486) Pause Young (Allocation Failure) 498M->282M(567M) 3.549ms
[247.784s][info][gc,cpu         ] GC(486) User=0.01s Sys=0.00s Real=0.01s
[248.247s][info][gc,start       ] GC(487) Pause Young (Allocation Failure)
[248.251s][info][gc,heap        ] GC(487) PSYoungGen: 215710K(216064K)->1600K(207872K) Eden: 214016K(214016K)->0K(205824K) From: 1694K(2048K)->1600K(2048K)
[248.251s][info][gc,heap        ] GC(487) ParOldGen: 287508K(364544K)->287524K(364544K)
[248.251s][info][gc,metaspace   ] GC(487) Metaspace: 56885K(57280K)->56885K(57280K) NonClass: 48605K(48896K)->48605K(48896K) Class: 8279K(8384K)->8279K(8384K)
[248.251s][info][gc             ] GC(487) Pause Young (Allocation Failure) 491M->282M(559M) 4.233ms
[248.251s][info][gc,cpu         ] GC(487) User=0.01s Sys=0.00s Real=0.00s
[248.755s][info][gc,start       ] GC(488) Pause Young (Allocation Failure)
[248.758s][info][gc,heap        ] GC(488) PSYoungGen: 207424K(207872K)->1246K(199680K) Eden: 205824K(205824K)->0K(198144K) From: 1600K(2048K)->1246K(1536K)
[248.758s][info][gc,heap        ] GC(488) ParOldGen: 287524K(364544K)->287540K(364544K)
[248.758s][info][gc,metaspace   ] GC(488) Metaspace: 56885K(57280K)->56885K(57280K) NonClass: 48605K(48896K)->48605K(48896K) Class: 8279K(8384K)->8279K(8384K)
[248.758s][info][gc             ] GC(488) Pause Young (Allocation Failure) 483M->282M(551M) 2.850ms
[248.758s][info][gc,cpu         ] GC(488) User=0.01s Sys=0.00s Real=0.00s
[249.265s][info][gc,start       ] GC(489) Pause Young (Allocation Failure)
[249.267s][info][gc,heap        ] GC(489) PSYoungGen: 199390K(199680K)->543K(192000K) Eden: 198144K(198144K)->0K(190976K) From: 1246K(1536K)->543K(1024K)
[249.267s][info][gc,heap        ] GC(489) ParOldGen: 287540K(364544K)->287556K(364544K)
[249.267s][info][gc,metaspace   ] GC(489) Metaspace: 56885K(57280K)->56885K(57280K) NonClass: 48605K(48896K)->48605K(48896K) Class: 8279K(8384K)->8279K(8384K)
[249.267s][info][gc             ] GC(489) Pause Young (Allocation Failure) 475M->281M(543M) 2.012ms
[249.267s][info][gc,cpu         ] GC(489) User=0.01s Sys=0.00s Real=0.00s
[249.753s][info][gc,start       ] GC(490) Pause Young (Allocation Failure)
[249.755s][info][gc,heap        ] GC(490) PSYoungGen: 191519K(192000K)->1343K(185856K) Eden: 190976K(190976K)->0K(184320K) From: 543K(1024K)->1343K(1536K)
[249.755s][info][gc,heap        ] GC(490) ParOldGen: 287556K(364544K)->287572K(364544K)
[249.755s][info][gc,metaspace   ] GC(490) Metaspace: 56885K(57280K)->56885K(57280K) NonClass: 48605K(48896K)->48605K(48896K) Class: 8279K(8384K)->8279K(8384K)
[249.755s][info][gc             ] GC(490) Pause Young (Allocation Failure) 467M->282M(537M) 2.814ms
[249.755s][info][gc,cpu         ] GC(490) User=0.00s Sys=0.00s Real=0.01s
[250.242s][info][gc,start       ] GC(491) Pause Young (Allocation Failure)
[250.247s][info][gc,heap        ] GC(491) PSYoungGen: 185663K(185856K)->2399K(180224K) Eden: 184320K(184320K)->0K(177664K) From: 1343K(1536K)->2399K(2560K)
[250.247s][info][gc,heap        ] GC(491) ParOldGen: 287572K(364544K)->287588K(364544K)
[250.247s][info][gc,metaspace   ] GC(491) Metaspace: 56885K(57280K)->56885K(57280K) NonClass: 48605K(48896K)->48605K(48896K) Class: 8279K(8384K)->8279K(8384K)
[250.247s][info][gc             ] GC(491) Pause Young (Allocation Failure) 462M->283M(532M) 5.010ms
[250.247s][info][gc,cpu         ] GC(491) User=0.01s Sys=0.00s Real=0.01s
[250.720s][info][gc,start       ] GC(492) Pause Young (Allocation Failure)
[250.723s][info][gc,heap        ] GC(492) PSYoungGen: 180063K(180224K)->1150K(173056K) Eden: 177664K(177664K)->0K(171520K) From: 2399K(2560K)->1150K(1536K)
[250.723s][info][gc,heap        ] GC(492) ParOldGen: 287588K(364544K)->287604K(364544K)
[250.723s][info][gc,metaspace   ] GC(492) Metaspace: 56885K(57280K)->56885K(57280K) NonClass: 48605K(48896K)->48605K(48896K) Class: 8279K(8384K)->8279K(8384K)
[250.723s][info][gc             ] GC(492) Pause Young (Allocation Failure) 456M->281M(525M) 2.402ms
[250.723s][info][gc,cpu         ] GC(492) User=0.00s Sys=0.00s Real=0.00s
[251.138s][info][gc,start       ] GC(493) Pause Young (Allocation Failure)
[251.141s][info][gc,heap        ] GC(493) PSYoungGen: 172670K(173056K)->1024K(166400K) Eden: 171520K(171520K)->0K(165376K) From: 1150K(1536K)->1024K(1024K)
[251.141s][info][gc,heap        ] GC(493) ParOldGen: 287604K(364544K)->287620K(364544K)
[251.141s][info][gc,metaspace   ] GC(493) Metaspace: 56885K(57280K)->56885K(57280K) NonClass: 48605K(48896K)->48605K(48896K) Class: 8279K(8384K)->8279K(8384K)
[251.141s][info][gc             ] GC(493) Pause Young (Allocation Failure) 449M->281M(518M) 3.208ms
[251.141s][info][gc,cpu         ] GC(493) User=0.00s Sys=0.00s Real=0.00s
[251.547s][info][gc,start       ] GC(494) Pause Young (Allocation Failure)
[251.551s][info][gc,heap        ] GC(494) PSYoungGen: 166400K(166400K)->2686K(162816K) Eden: 165376K(165376K)->0K(159744K) From: 1024K(1024K)->2686K(3072K)
[251.551s][info][gc,heap        ] GC(494) ParOldGen: 287620K(364544K)->287636K(364544K)
[251.551s][info][gc,metaspace   ] GC(494) Metaspace: 56885K(57280K)->56885K(57280K) NonClass: 48605K(48896K)->48605K(48896K) Class: 8279K(8384K)->8279K(8384K)
[251.551s][info][gc             ] GC(494) Pause Young (Allocation Failure) 443M->283M(515M) 4.162ms
[251.551s][info][gc,cpu         ] GC(494) User=0.01s Sys=0.00s Real=0.00s
[252.054s][info][gc,start       ] GC(495) Pause Young (Allocation Failure)
[252.059s][info][gc,heap        ] GC(495) PSYoungGen: 162430K(162816K)->2143K(156672K) Eden: 159744K(159744K)->0K(154112K) From: 2686K(3072K)->2143K(2560K)
[252.059s][info][gc,heap        ] GC(495) ParOldGen: 287636K(364544K)->287652K(364544K)
[252.059s][info][gc,metaspace   ] GC(495) Metaspace: 56885K(57280K)->56885K(57280K) NonClass: 48605K(48896K)->48605K(48896K) Class: 8279K(8384K)->8279K(8384K)
[252.059s][info][gc             ] GC(495) Pause Young (Allocation Failure) 439M->283M(509M) 4.756ms
[252.059s][info][gc,cpu         ] GC(495) User=0.00s Sys=0.00s Real=0.00s
[252.445s][info][gc,start       ] GC(496) Pause Young (Allocation Failure)
[252.450s][info][gc,heap        ] GC(496) PSYoungGen: 156255K(156672K)->2048K(151040K) Eden: 154112K(154112K)->0K(148992K) From: 2143K(2560K)->2048K(2048K)
[252.450s][info][gc,heap        ] GC(496) ParOldGen: 287652K(364544K)->288658K(364544K)
[252.450s][info][gc,metaspace   ] GC(496) Metaspace: 56885K(57280K)->56885K(57280K) NonClass: 48605K(48896K)->48605K(48896K) Class: 8279K(8384K)->8279K(8384K)
[252.450s][info][gc             ] GC(496) Pause Young (Allocation Failure) 433M->283M(503M) 4.906ms
[252.450s][info][gc,cpu         ] GC(496) User=0.01s Sys=0.00s Real=0.00s
[252.834s][info][gc,start       ] GC(497) Pause Young (Allocation Failure)
[252.840s][info][gc,heap        ] GC(497) PSYoungGen: 151040K(151040K)->2590K(181248K) Eden: 148992K(148992K)->0K(178176K) From: 2048K(2048K)->2590K(3072K)
[252.840s][info][gc,heap        ] GC(497) ParOldGen: 288658K(364544K)->289290K(364544K)
[252.840s][info][gc,metaspace   ] GC(497) Metaspace: 56885K(57280K)->56885K(57280K) NonClass: 48605K(48896K)->48605K(48896K) Class: 8279K(8384K)->8279K(8384K)
[252.840s][info][gc             ] GC(497) Pause Young (Allocation Failure) 429M->285M(533M) 5.568ms
[252.840s][info][gc,cpu         ] GC(497) User=0.01s Sys=0.00s Real=0.00s
[253.316s][info][gc,start       ] GC(498) Pause Young (Allocation Failure)
[253.319s][info][gc,heap        ] GC(498) PSYoungGen: 180766K(181248K)->559K(173056K) Eden: 178176K(178176K)->0K(172032K) From: 2590K(3072K)->559K(1024K)
[253.319s][info][gc,heap        ] GC(498) ParOldGen: 289290K(364544K)->289322K(364544K)
[253.319s][info][gc,metaspace   ] GC(498) Metaspace: 56885K(57280K)->56885K(57280K) NonClass: 48605K(48896K)->48605K(48896K) Class: 8279K(8384K)->8279K(8384K)
[253.319s][info][gc             ] GC(498) Pause Young (Allocation Failure) 459M->283M(525M) 2.550ms
[253.319s][info][gc,cpu         ] GC(498) User=0.00s Sys=0.00s Real=0.00s
[253.732s][info][gc,start       ] GC(499) Pause Young (Allocation Failure)
[253.735s][info][gc,heap        ] GC(499) PSYoungGen: 172402K(173056K)->1248K(167424K) Eden: 171842K(172032K)->0K(165888K) From: 559K(1024K)->1248K(1536K)
[253.735s][info][gc,heap        ] GC(499) ParOldGen: 289322K(364544K)->289338K(364544K)
[253.735s][info][gc,metaspace   ] GC(499) Metaspace: 56885K(57280K)->56885K(57280K) NonClass: 48605K(48896K)->48605K(48896K) Class: 8279K(8384K)->8279K(8384K)
[253.735s][info][gc             ] GC(499) Pause Young (Allocation Failure) 450M->283M(519M) 3.418ms
[253.735s][info][gc,cpu         ] GC(499) User=0.01s Sys=0.00s Real=0.01s
[254.196s][info][gc,start       ] GC(500) Pause Young (Allocation Failure)
[254.201s][info][gc,heap        ] GC(500) PSYoungGen: 167136K(167424K)->2303K(162816K) Eden: 165888K(165888K)->0K(160256K) From: 1248K(1536K)->2303K(2560K)
[254.201s][info][gc,heap        ] GC(500) ParOldGen: 289338K(364544K)->289354K(364544K)
[254.201s][info][gc,metaspace   ] GC(500) Metaspace: 56885K(57280K)->56885K(57280K) NonClass: 48605K(48896K)->48605K(48896K) Class: 8279K(8384K)->8279K(8384K)
[254.201s][info][gc             ] GC(500) Pause Young (Allocation Failure) 445M->284M(515M) 4.332ms
[254.201s][info][gc,cpu         ] GC(500) User=0.01s Sys=0.00s Real=0.00s
[254.558s][info][gc,start       ] GC(501) Pause Young (Allocation Failure)
[254.562s][info][gc,heap        ] GC(501) PSYoungGen: 162559K(162816K)->1472K(156160K) Eden: 160256K(160256K)->0K(154624K) From: 2303K(2560K)->1472K(1536K)
[254.562s][info][gc,heap        ] GC(501) ParOldGen: 289354K(364544K)->289370K(364544K)
[254.562s][info][gc,metaspace   ] GC(501) Metaspace: 56885K(57280K)->56885K(57280K) NonClass: 48605K(48896K)->48605K(48896K) Class: 8279K(8384K)->8279K(8384K)
[254.562s][info][gc             ] GC(501) Pause Young (Allocation Failure) 441M->284M(508M) 4.024ms
[254.562s][info][gc,cpu         ] GC(501) User=0.01s Sys=0.00s Real=0.00s
[254.946s][info][gc,start       ] GC(502) Pause Young (Allocation Failure)
[254.951s][info][gc,heap        ] GC(502) PSYoungGen: 156096K(156160K)->2080K(187392K) Eden: 154624K(154624K)->0K(184832K) From: 1472K(1536K)->2080K(2560K)
[254.951s][info][gc,heap        ] GC(502) ParOldGen: 289370K(364544K)->289386K(364544K)
[254.951s][info][gc,metaspace   ] GC(502) Metaspace: 56885K(57280K)->56885K(57280K) NonClass: 48605K(48896K)->48605K(48896K) Class: 8279K(8384K)->8279K(8384K)
[254.951s][info][gc             ] GC(502) Pause Young (Allocation Failure) 435M->284M(539M) 4.621ms
[254.951s][info][gc,cpu         ] GC(502) User=0.00s Sys=0.00s Real=0.00s
[255.433s][info][gc,start       ] GC(503) Pause Young (Allocation Failure)
[255.438s][info][gc,heap        ] GC(503) PSYoungGen: 186912K(187392K)->2334K(180736K) Eden: 184832K(184832K)->0K(178176K) From: 2080K(2560K)->2334K(2560K)
[255.438s][info][gc,heap        ] GC(503) ParOldGen: 289386K(364544K)->289402K(364544K)
[255.438s][info][gc,metaspace   ] GC(503) Metaspace: 56885K(57280K)->56885K(57280K) NonClass: 48605K(48896K)->48605K(48896K) Class: 8279K(8384K)->8279K(8384K)
[255.438s][info][gc             ] GC(503) Pause Young (Allocation Failure) 465M->284M(532M) 4.486ms
[255.438s][info][gc,cpu         ] GC(503) User=0.00s Sys=0.00s Real=0.00s
[255.915s][info][gc,start       ] GC(504) Pause Young (Allocation Failure)
[255.917s][info][gc,heap        ] GC(504) PSYoungGen: 180510K(180736K)->448K(172544K) Eden: 178176K(178176K)->0K(172032K) From: 2334K(2560K)->448K(512K)
[255.917s][info][gc,heap        ] GC(504) ParOldGen: 289402K(364544K)->289418K(364544K)
[255.917s][info][gc,metaspace   ] GC(504) Metaspace: 56885K(57280K)->56885K(57280K) NonClass: 48605K(48896K)->48605K(48896K) Class: 8279K(8384K)->8279K(8384K)
[255.917s][info][gc             ] GC(504) Pause Young (Allocation Failure) 458M->283M(524M) 2.055ms
[255.917s][info][gc,cpu         ] GC(504) User=0.00s Sys=0.00s Real=0.00s
[256.335s][info][gc,start       ] GC(505) Pause Young (Allocation Failure)
[256.340s][info][gc,heap        ] GC(505) PSYoungGen: 172263K(172544K)->1888K(169472K) Eden: 171815K(172032K)->0K(165888K) From: 448K(512K)->1888K(3584K)
[256.340s][info][gc,heap        ] GC(505) ParOldGen: 289418K(364544K)->289434K(364544K)
[256.340s][info][gc,metaspace   ] GC(505) Metaspace: 56885K(57280K)->56885K(57280K) NonClass: 48605K(48896K)->48605K(48896K) Class: 8279K(8384K)->8279K(8384K)
[256.340s][info][gc             ] GC(505) Pause Young (Allocation Failure) 450M->284M(521M) 4.440ms
[256.340s][info][gc,cpu         ] GC(505) User=0.00s Sys=0.00s Real=0.00s
[256.744s][info][gc,start       ] GC(506) Pause Young (Allocation Failure)
[256.749s][info][gc,heap        ] GC(506) PSYoungGen: 167776K(169472K)->2878K(163328K) Eden: 165888K(165888K)->0K(160256K) From: 1888K(3584K)->2878K(3072K)
[256.749s][info][gc,heap        ] GC(506) ParOldGen: 289434K(364544K)->289450K(364544K)
[256.749s][info][gc,metaspace   ] GC(506) Metaspace: 56885K(57280K)->56885K(57280K) NonClass: 48605K(48896K)->48605K(48896K) Class: 8279K(8384K)->8279K(8384K)
[256.749s][info][gc             ] GC(506) Pause Young (Allocation Failure) 446M->285M(515M) 4.604ms
[256.749s][info][gc,cpu         ] GC(506) User=0.01s Sys=0.00s Real=0.00s
[257.151s][info][gc,start       ] GC(507) Pause Young (Allocation Failure)
[257.155s][info][gc,heap        ] GC(507) PSYoungGen: 163082K(163328K)->1952K(193024K) Eden: 160204K(160256K)->0K(190976K) From: 2878K(3072K)->1952K(2048K)
[257.156s][info][gc,heap        ] GC(507) ParOldGen: 289450K(364544K)->289466K(364544K)
[257.156s][info][gc,metaspace   ] GC(507) Metaspace: 56885K(57280K)->56885K(57280K) NonClass: 48605K(48896K)->48605K(48896K) Class: 8279K(8384K)->8279K(8384K)
[257.156s][info][gc             ] GC(507) Pause Young (Allocation Failure) 441M->284M(544M) 4.786ms
[257.156s][info][gc,cpu         ] GC(507) User=0.00s Sys=0.00s Real=0.01s
[257.645s][info][gc,start       ] GC(508) Pause Young (Allocation Failure)
[257.650s][info][gc,heap        ] GC(508) PSYoungGen: 192928K(193024K)->2430K(186880K) Eden: 190976K(190976K)->0K(184320K) From: 1952K(2048K)->2430K(2560K)
[257.650s][info][gc,heap        ] GC(508) ParOldGen: 289466K(364544K)->289482K(364544K)
[257.650s][info][gc,metaspace   ] GC(508) Metaspace: 56885K(57280K)->56885K(57280K) NonClass: 48605K(48896K)->48605K(48896K) Class: 8279K(8384K)->8279K(8384K)
[257.650s][info][gc             ] GC(508) Pause Young (Allocation Failure) 471M->285M(538M) 4.835ms
[257.650s][info][gc,cpu         ] GC(508) User=0.01s Sys=0.00s Real=0.00s
[258.132s][info][gc,start       ] GC(509) Pause Young (Allocation Failure)
[258.136s][info][gc,heap        ] GC(509) PSYoungGen: 186750K(186880K)->2366K(180224K) Eden: 184320K(184320K)->0K(177664K) From: 2430K(2560K)->2366K(2560K)
[258.136s][info][gc,heap        ] GC(509) ParOldGen: 289482K(364544K)->289498K(364544K)
[258.136s][info][gc,metaspace   ] GC(509) Metaspace: 56885K(57280K)->56885K(57280K) NonClass: 48605K(48896K)->48605K(48896K) Class: 8279K(8384K)->8279K(8384K)
[258.136s][info][gc             ] GC(509) Pause Young (Allocation Failure) 465M->285M(532M) 4.792ms
[258.136s][info][gc,cpu         ] GC(509) User=0.01s Sys=0.00s Real=0.01s
[258.555s][info][gc,start       ] GC(510) Pause Young (Allocation Failure)
[258.558s][info][gc,heap        ] GC(510) PSYoungGen: 180030K(180224K)->1247K(173056K) Eden: 177664K(177664K)->0K(171520K) From: 2366K(2560K)->1247K(1536K)
[258.558s][info][gc,heap        ] GC(510) ParOldGen: 289498K(364544K)->289514K(364544K)
[258.558s][info][gc,metaspace   ] GC(510) Metaspace: 56885K(57280K)->56885K(57280K) NonClass: 48605K(48896K)->48605K(48896K) Class: 8279K(8384K)->8279K(8384K)
[258.558s][info][gc             ] GC(510) Pause Young (Allocation Failure) 458M->283M(525M) 3.248ms
[258.558s][info][gc,cpu         ] GC(510) User=0.00s Sys=0.00s Real=0.00s
[259.025s][info][gc,start       ] GC(511) Pause Young (Allocation Failure)
[259.028s][info][gc,heap        ] GC(511) PSYoungGen: 172516K(173056K)->960K(166400K) Eden: 171269K(171520K)->0K(165376K) From: 1247K(1536K)->960K(1024K)
[259.028s][info][gc,heap        ] GC(511) ParOldGen: 289514K(364544K)->289530K(364544K)
[259.028s][info][gc,metaspace   ] GC(511) Metaspace: 56885K(57280K)->56885K(57280K) NonClass: 48605K(48896K)->48605K(48896K) Class: 8279K(8384K)->8279K(8384K)
[259.028s][info][gc             ] GC(511) Pause Young (Allocation Failure) 451M->283M(518M) 3.055ms
[259.028s][info][gc,cpu         ] GC(511) User=0.00s Sys=0.00s Real=0.00s
[259.434s][info][gc,start       ] GC(512) Pause Young (Allocation Failure)
[259.437s][info][gc,heap        ] GC(512) PSYoungGen: 166150K(166400K)->1280K(161280K) Eden: 165190K(165376K)->0K(159744K) From: 960K(1024K)->1280K(1536K)
[259.437s][info][gc,heap        ] GC(512) ParOldGen: 289530K(364544K)->289546K(364544K)
[259.437s][info][gc,metaspace   ] GC(512) Metaspace: 56885K(57280K)->56885K(57280K) NonClass: 48605K(48896K)->48605K(48896K) Class: 8279K(8384K)->8279K(8384K)
[259.437s][info][gc             ] GC(512) Pause Young (Allocation Failure) 445M->284M(513M) 3.281ms
[259.437s][info][gc,cpu         ] GC(512) User=0.00s Sys=0.01s Real=0.00s
[259.835s][info][gc,start       ] GC(513) Pause Young (Allocation Failure)
[259.839s][info][gc,heap        ] GC(513) PSYoungGen: 160953K(161280K)->1632K(156160K) Eden: 159673K(159744K)->0K(154112K) From: 1280K(1536K)->1632K(2048K)
[259.839s][info][gc,heap        ] GC(513) ParOldGen: 289546K(364544K)->289562K(364544K)
[259.839s][info][gc,metaspace   ] GC(513) Metaspace: 56885K(57280K)->56885K(57280K) NonClass: 48605K(48896K)->48605K(48896K) Class: 8279K(8384K)->8279K(8384K)
[259.839s][info][gc             ] GC(513) Pause Young (Allocation Failure) 439M->284M(508M) 3.973ms
[259.839s][info][gc,cpu         ] GC(513) User=0.01s Sys=0.01s Real=0.00s
[260.225s][info][gc,start       ] GC(514) Pause Young (Allocation Failure)
[260.229s][info][gc,heap        ] GC(514) PSYoungGen: 155744K(156160K)->1918K(151040K) Eden: 154112K(154112K)->0K(148992K) From: 1632K(2048K)->1918K(2048K)
[260.229s][info][gc,heap        ] GC(514) ParOldGen: 289562K(364544K)->289578K(364544K)
[260.229s][info][gc,metaspace   ] GC(514) Metaspace: 56885K(57280K)->56885K(57280K) NonClass: 48605K(48896K)->48605K(48896K) Class: 8279K(8384K)->8279K(8384K)
[260.229s][info][gc             ] GC(514) Pause Young (Allocation Failure) 434M->284M(503M) 3.715ms
[260.229s][info][gc,cpu         ] GC(514) User=0.01s Sys=0.00s Real=0.00s
[260.618s][info][gc,start       ] GC(515) Pause Young (Allocation Failure)
[260.620s][info][gc,heap        ] GC(515) PSYoungGen: 150910K(151040K)->831K(144896K) Eden: 148992K(148992K)->0K(143872K) From: 1918K(2048K)->831K(1024K)
[260.620s][info][gc,heap        ] GC(515) ParOldGen: 289578K(364544K)->289594K(364544K)
[260.620s][info][gc,metaspace   ] GC(515) Metaspace: 56885K(57280K)->56885K(57280K) NonClass: 48605K(48896K)->48605K(48896K) Class: 8279K(8384K)->8279K(8384K)
[260.620s][info][gc             ] GC(515) Pause Young (Allocation Failure) 430M->283M(497M) 2.454ms
[260.620s][info][gc,cpu         ] GC(515) User=0.00s Sys=0.00s Real=0.00s
[260.950s][info][gc,start       ] GC(516) Pause Young (Allocation Failure)
[260.954s][info][gc,heap        ] GC(516) PSYoungGen: 144683K(144896K)->1664K(141312K) Eden: 143851K(143872K)->0K(139264K) From: 831K(1024K)->1664K(2048K)
[260.954s][info][gc,heap        ] GC(516) ParOldGen: 289594K(364544K)->289610K(364544K)
[260.954s][info][gc,metaspace   ] GC(516) Metaspace: 56885K(57280K)->56885K(57280K) NonClass: 48605K(48896K)->48605K(48896K) Class: 8279K(8384K)->8279K(8384K)
[260.954s][info][gc             ] GC(516) Pause Young (Allocation Failure) 424M->284M(494M) 3.600ms
[260.954s][info][gc,cpu         ] GC(516) User=0.01s Sys=0.00s Real=0.01s
[261.337s][info][gc,start       ] GC(517) Pause Young (Allocation Failure)
[261.340s][info][gc,heap        ] GC(517) PSYoungGen: 140928K(141312K)->863K(135680K) Eden: 139264K(139264K)->0K(134656K) From: 1664K(2048K)->863K(1024K)
[261.340s][info][gc,heap        ] GC(517) ParOldGen: 289610K(364544K)->289626K(364544K)
[261.340s][info][gc,metaspace   ] GC(517) Metaspace: 56885K(57280K)->56885K(57280K) NonClass: 48605K(48896K)->48605K(48896K) Class: 8279K(8384K)->8279K(8384K)
[261.340s][info][gc             ] GC(517) Pause Young (Allocation Failure) 420M->283M(488M) 2.187ms
[261.340s][info][gc,cpu         ] GC(517) User=0.01s Sys=0.00s Real=0.00s
[261.651s][info][gc,start       ] GC(518) Pause Young (Allocation Failure)
[261.654s][info][gc,heap        ] GC(518) PSYoungGen: 135519K(135680K)->1216K(132096K) Eden: 134656K(134656K)->0K(130560K) From: 863K(1024K)->1216K(1536K)
[261.654s][info][gc,heap        ] GC(518) ParOldGen: 289626K(364544K)->289642K(364544K)
[261.654s][info][gc,metaspace   ] GC(518) Metaspace: 56885K(57280K)->56885K(57280K) NonClass: 48605K(48896K)->48605K(48896K) Class: 8279K(8384K)->8279K(8384K)
[261.654s][info][gc             ] GC(518) Pause Young (Allocation Failure) 415M->284M(485M) 3.094ms
[261.654s][info][gc,cpu         ] GC(518) User=0.01s Sys=0.00s Real=0.01s
[262.041s][info][gc,start       ] GC(519) Pause Young (Allocation Failure)
[262.050s][info][gc,heap        ] GC(519) PSYoungGen: 131776K(132096K)->512K(156672K) Eden: 130560K(130560K)->0K(156160K) From: 1216K(1536K)->512K(512K)
[262.050s][info][gc,heap        ] GC(519) ParOldGen: 289642K(364544K)->289650K(364544K)
[262.050s][info][gc,metaspace   ] GC(519) Metaspace: 56885K(57280K)->56885K(57280K) NonClass: 48605K(48896K)->48605K(48896K) Class: 8279K(8384K)->8279K(8384K)
[262.050s][info][gc             ] GC(519) Pause Young (Allocation Failure) 411M->283M(509M) 9.835ms
[262.050s][info][gc,cpu         ] GC(519) User=0.01s Sys=0.00s Real=0.01s
[262.417s][info][gc,start       ] GC(520) Pause Young (Allocation Failure)
[262.419s][info][gc,heap        ] GC(520) PSYoungGen: 156672K(156672K)->959K(187392K) Eden: 156160K(156160K)->0K(186368K) From: 512K(512K)->959K(1024K)
[262.419s][info][gc,heap        ] GC(520) ParOldGen: 289650K(364544K)->289666K(364544K)
[262.419s][info][gc,metaspace   ] GC(520) Metaspace: 56885K(57280K)->56885K(57280K) NonClass: 48605K(48896K)->48605K(48896K) Class: 8279K(8384K)->8279K(8384K)
[262.419s][info][gc             ] GC(520) Pause Young (Allocation Failure) 435M->283M(539M) 2.477ms
[262.419s][info][gc,cpu         ] GC(520) User=0.00s Sys=0.00s Real=0.00s
[263.028s][info][gc,start       ] GC(521) Pause Young (Allocation Failure)
[263.030s][info][gc,heap        ] GC(521) PSYoungGen: 187327K(187392K)->1375K(181248K) Eden: 186368K(186368K)->0K(179712K) From: 959K(1024K)->1375K(1536K)
[263.030s][info][gc,heap        ] GC(521) ParOldGen: 289666K(364544K)->289682K(364544K)
[263.030s][info][gc,metaspace   ] GC(521) Metaspace: 56885K(57280K)->56885K(57280K) NonClass: 48605K(48896K)->48605K(48896K) Class: 8279K(8384K)->8279K(8384K)
[263.030s][info][gc             ] GC(521) Pause Young (Allocation Failure) 465M->284M(533M) 2.883ms
[263.030s][info][gc,cpu         ] GC(521) User=0.01s Sys=0.00s Real=0.00s
[263.434s][info][gc,start       ] GC(522) Pause Young (Allocation Failure)
[263.438s][info][gc,heap        ] GC(522) PSYoungGen: 180939K(181248K)->1728K(175616K) Eden: 179564K(179712K)->0K(173568K) From: 1375K(1536K)->1728K(2048K)
[263.438s][info][gc,heap        ] GC(522) ParOldGen: 289682K(364544K)->289698K(364544K)
[263.438s][info][gc,metaspace   ] GC(522) Metaspace: 56885K(57280K)->56885K(57280K) NonClass: 48605K(48896K)->48605K(48896K) Class: 8279K(8384K)->8279K(8384K)
[263.438s][info][gc             ] GC(522) Pause Young (Allocation Failure) 459M->284M(527M) 3.665ms
[263.438s][info][gc,cpu         ] GC(522) User=0.01s Sys=0.00s Real=0.00s
[263.864s][info][gc,start       ] GC(523) Pause Young (Allocation Failure)
[263.866s][info][gc,heap        ] GC(523) PSYoungGen: 175296K(175616K)->64K(167936K) Eden: 173568K(173568K)->0K(167424K) From: 1728K(2048K)->64K(512K)
[263.866s][info][gc,heap        ] GC(523) ParOldGen: 289698K(364544K)->289714K(364544K)
[263.866s][info][gc,metaspace   ] GC(523) Metaspace: 56885K(57280K)->56885K(57280K) NonClass: 48605K(48896K)->48605K(48896K) Class: 8279K(8384K)->8279K(8384K)
[263.866s][info][gc             ] GC(523) Pause Young (Allocation Failure) 454M->282M(520M) 1.542ms
[263.866s][info][gc,cpu         ] GC(523) User=0.00s Sys=0.00s Real=0.00s
[264.328s][info][gc,start       ] GC(524) Pause Young (Allocation Failure)
[264.331s][info][gc,heap        ] GC(524) PSYoungGen: 167488K(167936K)->1854K(163840K) Eden: 167424K(167424K)->0K(161792K) From: 64K(512K)->1854K(2048K)
[264.331s][info][gc,heap        ] GC(524) ParOldGen: 289714K(364544K)->289730K(364544K)
[264.331s][info][gc,metaspace   ] GC(524) Metaspace: 56885K(57280K)->56885K(57280K) NonClass: 48605K(48896K)->48605K(48896K) Class: 8279K(8384K)->8279K(8384K)
[264.331s][info][gc             ] GC(524) Pause Young (Allocation Failure) 446M->284M(516M) 3.119ms
[264.331s][info][gc,cpu         ] GC(524) User=0.00s Sys=0.00s Real=0.00s
[264.726s][info][gc,start       ] GC(525) Pause Young (Allocation Failure)
[264.729s][info][gc,heap        ] GC(525) PSYoungGen: 163646K(163840K)->1183K(157696K) Eden: 161792K(161792K)->0K(156160K) From: 1854K(2048K)->1183K(1536K)
[264.729s][info][gc,heap        ] GC(525) ParOldGen: 289730K(364544K)->289746K(364544K)
[264.729s][info][gc,metaspace   ] GC(525) Metaspace: 56885K(57280K)->56885K(57280K) NonClass: 48605K(48896K)->48605K(48896K) Class: 8279K(8384K)->8279K(8384K)
[264.729s][info][gc             ] GC(525) Pause Young (Allocation Failure) 442M->284M(510M) 2.620ms
[264.729s][info][gc,cpu         ] GC(525) User=0.00s Sys=0.00s Real=0.00s
[265.126s][info][gc,start       ] GC(526) Pause Young (Allocation Failure)
[265.130s][info][gc,heap        ] GC(526) PSYoungGen: 157283K(157696K)->1600K(153088K) Eden: 156100K(156160K)->0K(151040K) From: 1183K(1536K)->1600K(2048K)
[265.130s][info][gc,heap        ] GC(526) ParOldGen: 289746K(364544K)->289762K(364544K)
[265.130s][info][gc,metaspace   ] GC(526) Metaspace: 56885K(57280K)->56885K(57280K) NonClass: 48605K(48896K)->48605K(48896K) Class: 8279K(8384K)->8279K(8384K)
[265.130s][info][gc             ] GC(526) Pause Young (Allocation Failure) 436M->284M(505M) 3.612ms
[265.130s][info][gc,cpu         ] GC(526) User=0.01s Sys=0.00s Real=0.00s
[265.521s][info][gc,start       ] GC(527) Pause Young (Allocation Failure)
[265.524s][info][gc,heap        ] GC(527) PSYoungGen: 152527K(153088K)->608K(146944K) Eden: 150927K(151040K)->0K(145920K) From: 1600K(2048K)->608K(1024K)
[265.524s][info][gc,heap        ] GC(527) ParOldGen: 289762K(364544K)->289778K(364544K)
[265.524s][info][gc,metaspace   ] GC(527) Metaspace: 56885K(57280K)->56885K(57280K) NonClass: 48605K(48896K)->48605K(48896K) Class: 8279K(8384K)->8279K(8384K)
[265.524s][info][gc             ] GC(527) Pause Young (Allocation Failure) 431M->283M(499M) 3.593ms
[265.524s][info][gc,cpu         ] GC(527) User=0.01s Sys=0.00s Real=0.01s
[265.860s][info][gc,start       ] GC(528) Pause Young (Allocation Failure)
[265.866s][info][gc,heap        ] GC(528) PSYoungGen: 146528K(146944K)->1023K(142336K) Eden: 145920K(145920K)->0K(141312K) From: 608K(1024K)->1023K(1024K)
[265.866s][info][gc,heap        ] GC(528) ParOldGen: 289778K(364544K)->289794K(364544K)
[265.866s][info][gc,metaspace   ] GC(528) Metaspace: 56885K(57280K)->56885K(57280K) NonClass: 48605K(48896K)->48605K(48896K) Class: 8279K(8384K)->8279K(8384K)
[265.866s][info][gc             ] GC(528) Pause Young (Allocation Failure) 426M->284M(495M) 5.526ms
[265.866s][info][gc,cpu         ] GC(528) User=0.01s Sys=0.00s Real=0.01s
[266.235s][info][gc,start       ] GC(529) Pause Young (Allocation Failure)
[266.240s][info][gc,heap        ] GC(529) PSYoungGen: 142335K(142336K)->2015K(171008K) Eden: 141312K(141312K)->0K(168960K) From: 1023K(1024K)->2015K(2048K)
[266.241s][info][gc,heap        ] GC(529) ParOldGen: 289794K(364544K)->289810K(364544K)
[266.241s][info][gc,metaspace   ] GC(529) Metaspace: 56885K(57280K)->56885K(57280K) NonClass: 48605K(48896K)->48605K(48896K) Class: 8279K(8384K)->8279K(8384K)
[266.241s][info][gc             ] GC(529) Pause Young (Allocation Failure) 422M->284M(523M) 5.911ms
[266.241s][info][gc,cpu         ] GC(529) User=0.01s Sys=0.00s Real=0.00s
[266.651s][info][gc,start       ] GC(530) Pause Young (Allocation Failure)
[266.655s][info][gc,heap        ] GC(530) PSYoungGen: 170736K(171008K)->1599K(203776K) Eden: 168720K(168960K)->0K(201728K) From: 2015K(2048K)->1599K(2048K)
[266.655s][info][gc,heap        ] GC(530) ParOldGen: 289810K(364544K)->289826K(364544K)
[266.655s][info][gc,metaspace   ] GC(530) Metaspace: 56885K(57280K)->56885K(57280K) NonClass: 48605K(48896K)->48605K(48896K) Class: 8279K(8384K)->8279K(8384K)
[266.655s][info][gc             ] GC(530) Pause Young (Allocation Failure) 449M->284M(555M) 4.034ms
[266.655s][info][gc,cpu         ] GC(530) User=0.01s Sys=0.00s Real=0.01s
[267.161s][info][gc,start       ] GC(531) Pause Young (Allocation Failure)
[267.163s][info][gc,heap        ] GC(531) PSYoungGen: 203052K(203776K)->480K(195072K) Eden: 201453K(201728K)->0K(194560K) From: 1599K(2048K)->480K(512K)
[267.163s][info][gc,heap        ] GC(531) ParOldGen: 289826K(364544K)->289842K(364544K)
[267.163s][info][gc,metaspace   ] GC(531) Metaspace: 56885K(57280K)->56885K(57280K) NonClass: 48605K(48896K)->48605K(48896K) Class: 8279K(8384K)->8279K(8384K)
[267.163s][info][gc             ] GC(531) Pause Young (Allocation Failure) 481M->283M(546M) 2.262ms
[267.163s][info][gc,cpu         ] GC(531) User=0.01s Sys=0.00s Real=0.01s
[267.661s][info][gc,start       ] GC(532) Pause Young (Allocation Failure)
[267.664s][info][gc,heap        ] GC(532) PSYoungGen: 195040K(195072K)->991K(188416K) Eden: 194560K(194560K)->0K(187392K) From: 480K(512K)->991K(1024K)
[267.664s][info][gc,heap        ] GC(532) ParOldGen: 289842K(364544K)->289858K(364544K)
[267.664s][info][gc,metaspace   ] GC(532) Metaspace: 56885K(57280K)->56885K(57280K) NonClass: 48605K(48896K)->48605K(48896K) Class: 8279K(8384K)->8279K(8384K)
[267.664s][info][gc             ] GC(532) Pause Young (Allocation Failure) 473M->284M(540M) 2.528ms
[267.664s][info][gc,cpu         ] GC(532) User=0.01s Sys=0.00s Real=0.01s
[268.144s][info][gc,start       ] GC(533) Pause Young (Allocation Failure)
[268.148s][info][gc,heap        ] GC(533) PSYoungGen: 188383K(188416K)->2303K(183296K) Eden: 187392K(187392K)->0K(180736K) From: 991K(1024K)->2303K(2560K)
[268.148s][info][gc,heap        ] GC(533) ParOldGen: 289858K(364544K)->289874K(364544K)
[268.148s][info][gc,metaspace   ] GC(533) Metaspace: 56885K(57280K)->56885K(57280K) NonClass: 48605K(48896K)->48605K(48896K) Class: 8279K(8384K)->8279K(8384K)
[268.148s][info][gc             ] GC(533) Pause Young (Allocation Failure) 467M->285M(535M) 4.293ms
[268.148s][info][gc,cpu         ] GC(533) User=0.01s Sys=0.00s Real=0.00s
[268.628s][info][gc,start       ] GC(534) Pause Young (Allocation Failure)
[268.631s][info][gc,heap        ] GC(534) PSYoungGen: 183014K(183296K)->1056K(176128K) Eden: 180711K(180736K)->0K(174592K) From: 2303K(2560K)->1056K(1536K)
[268.631s][info][gc,heap        ] GC(534) ParOldGen: 289874K(364544K)->289890K(364544K)
[268.631s][info][gc,metaspace   ] GC(534) Metaspace: 56885K(57280K)->56885K(57280K) NonClass: 48605K(48896K)->48605K(48896K) Class: 8279K(8384K)->8279K(8384K)
[268.631s][info][gc             ] GC(534) Pause Young (Allocation Failure) 461M->284M(528M) 2.826ms
[268.631s][info][gc,cpu         ] GC(534) User=0.01s Sys=0.00s Real=0.00s
[269.048s][info][gc,start       ] GC(535) Pause Young (Allocation Failure)
[269.052s][info][gc,heap        ] GC(535) PSYoungGen: 175648K(176128K)->2208K(171008K) Eden: 174592K(174592K)->0K(168448K) From: 1056K(1536K)->2208K(2560K)
[269.052s][info][gc,heap        ] GC(535) ParOldGen: 289890K(364544K)->289906K(364544K)
[269.052s][info][gc,metaspace   ] GC(535) Metaspace: 56885K(57280K)->56885K(57280K) NonClass: 48605K(48896K)->48605K(48896K) Class: 8279K(8384K)->8279K(8384K)
[269.052s][info][gc             ] GC(535) Pause Young (Allocation Failure) 454M->285M(523M) 4.465ms
[269.052s][info][gc,cpu         ] GC(535) User=0.00s Sys=0.00s Real=0.00s
[269.514s][info][gc,start       ] GC(536) Pause Young (Allocation Failure)
[269.515s][info][gc,heap        ] GC(536) PSYoungGen: 170531K(171008K)->256K(163328K) Eden: 168323K(168448K)->0K(162816K) From: 2208K(2560K)->256K(512K)
[269.515s][info][gc,heap        ] GC(536) ParOldGen: 289906K(364544K)->289922K(364544K)
[269.515s][info][gc,metaspace   ] GC(536) Metaspace: 56885K(57280K)->56885K(57280K) NonClass: 48605K(48896K)->48605K(48896K) Class: 8279K(8384K)->8279K(8384K)
[269.515s][info][gc             ] GC(536) Pause Young (Allocation Failure) 449M->283M(515M) 1.851ms
[269.515s][info][gc,cpu         ] GC(536) User=0.00s Sys=0.00s Real=0.00s
[269.922s][info][gc,start       ] GC(537) Pause Young (Allocation Failure)
[269.925s][info][gc,heap        ] GC(537) PSYoungGen: 163072K(163328K)->1375K(160256K) Eden: 162816K(162816K)->0K(157184K) From: 256K(512K)->1375K(3072K)
[269.925s][info][gc,heap        ] GC(537) ParOldGen: 289922K(364544K)->289938K(364544K)
[269.925s][info][gc,metaspace   ] GC(537) Metaspace: 56885K(57280K)->56885K(57280K) NonClass: 48605K(48896K)->48605K(48896K) Class: 8279K(8384K)->8279K(8384K)
[269.925s][info][gc             ] GC(537) Pause Young (Allocation Failure) 442M->284M(512M) 2.723ms
[269.925s][info][gc,cpu         ] GC(537) User=0.00s Sys=0.00s Real=0.01s
[270.329s][info][gc,start       ] GC(538) Pause Young (Allocation Failure)
[270.331s][info][gc,heap        ] GC(538) PSYoungGen: 158559K(160256K)->895K(153088K) Eden: 157184K(157184K)->0K(152064K) From: 1375K(3072K)->895K(1024K)
[270.331s][info][gc,heap        ] GC(538) ParOldGen: 289938K(364544K)->289954K(364544K)
[270.331s][info][gc,metaspace   ] GC(538) Metaspace: 56885K(57280K)->56885K(57280K) NonClass: 48605K(48896K)->48605K(48896K) Class: 8279K(8384K)->8279K(8384K)
[270.331s][info][gc             ] GC(538) Pause Young (Allocation Failure) 437M->284M(505M) 2.255ms
[270.331s][info][gc,cpu         ] GC(538) User=0.00s Sys=0.00s Real=0.00s
[270.720s][info][gc,start       ] GC(539) Pause Young (Allocation Failure)
[270.722s][info][gc,heap        ] GC(539) PSYoungGen: 152959K(153088K)->927K(147968K) Eden: 152064K(152064K)->0K(146944K) From: 895K(1024K)->927K(1024K)
[270.722s][info][gc,heap        ] GC(539) ParOldGen: 289954K(364544K)->289970K(364544K)
[270.722s][info][gc,metaspace   ] GC(539) Metaspace: 56885K(57280K)->56885K(57280K) NonClass: 48605K(48896K)->48605K(48896K) Class: 8279K(8384K)->8279K(8384K)
[270.722s][info][gc             ] GC(539) Pause Young (Allocation Failure) 432M->284M(500M) 2.251ms
[270.722s][info][gc,cpu         ] GC(539) User=0.00s Sys=0.00s Real=0.00s
[271.062s][info][gc,start       ] GC(540) Pause Young (Allocation Failure)
[271.065s][info][gc,heap        ] GC(540) PSYoungGen: 147871K(147968K)->1087K(143872K) Eden: 146944K(146944K)->0K(142336K) From: 927K(1024K)->1087K(1536K)
[271.065s][info][gc,heap        ] GC(540) ParOldGen: 289970K(364544K)->289986K(364544K)
[271.065s][info][gc,metaspace   ] GC(540) Metaspace: 56885K(57280K)->56885K(57280K) NonClass: 48605K(48896K)->48605K(48896K) Class: 8279K(8384K)->8279K(8384K)
[271.065s][info][gc             ] GC(540) Pause Young (Allocation Failure) 427M->284M(496M) 2.994ms
[271.065s][info][gc,cpu         ] GC(540) User=0.01s Sys=0.00s Real=0.01s
[271.497s][info][gc,start       ] GC(541) Pause Young (Allocation Failure)
[271.508s][info][gc,heap        ] GC(541) PSYoungGen: 125242K(143872K)->64K(170496K) Eden: 124155K(142336K)->0K(169984K) From: 1087K(1536K)->64K(512K)
[271.508s][info][gc,heap        ] GC(541) ParOldGen: 289986K(364544K)->329065K(364544K)
[271.508s][info][gc,metaspace   ] GC(541) Metaspace: 56885K(57280K)->56885K(57280K) NonClass: 48605K(48896K)->48605K(48896K) Class: 8279K(8384K)->8279K(8384K)
[271.508s][info][gc             ] GC(541) Pause Young (Allocation Failure) 405M->321M(522M) 11.700ms
[271.508s][info][gc,cpu         ] GC(541) User=0.02s Sys=0.00s Real=0.01s
[274.058s][info][gc,start       ] GC(542) Pause Young (Allocation Failure)
[274.109s][info][gc,heap        ] GC(542) PSYoungGen: 170048K(170496K)->3063K(181248K) Eden: 169984K(169984K)->0K(178176K) From: 64K(512K)->3063K(3072K)
[274.109s][info][gc,heap        ] GC(542) ParOldGen: 329065K(364544K)->411776K(443392K)
[274.109s][info][gc,metaspace   ] GC(542) Metaspace: 57082K(57408K)->57082K(57408K) NonClass: 48802K(49024K)->48802K(49024K) Class: 8279K(8384K)->8279K(8384K)
[274.109s][info][gc             ] GC(542) Pause Young (Allocation Failure) 487M->405M(610M) 50.430ms
[274.109s][info][gc,cpu         ] GC(542) User=0.07s Sys=0.04s Real=0.05s
[274.425s][info][gc,start       ] GC(543) Pause Young (Allocation Failure)
[274.437s][info][gc,heap        ] GC(543) PSYoungGen: 181239K(181248K)->19325K(212480K) Eden: 178176K(178176K)->0K(178176K) From: 3063K(3072K)->19325K(34304K)
[274.437s][info][gc,heap        ] GC(543) ParOldGen: 411776K(443392K)->414804K(443392K)
[274.437s][info][gc,metaspace   ] GC(543) Metaspace: 57082K(57408K)->57082K(57408K) NonClass: 48802K(49024K)->48802K(49024K) Class: 8279K(8384K)->8279K(8384K)
[274.437s][info][gc             ] GC(543) Pause Young (Allocation Failure) 579M->423M(640M) 12.069ms
[274.438s][info][gc,cpu         ] GC(543) User=0.02s Sys=0.00s Real=0.01s
[274.847s][info][gc,start       ] GC(544) Pause Young (Allocation Failure)
[274.863s][info][gc,heap        ] GC(544) PSYoungGen: 197501K(212480K)->2303K(246784K) Eden: 178176K(178176K)->0K(213504K) From: 19325K(34304K)->2303K(33280K)
[274.863s][info][gc,heap        ] GC(544) ParOldGen: 414804K(443392K)->432676K(443392K)
[274.863s][info][gc,metaspace   ] GC(544) Metaspace: 57082K(57408K)->57082K(57408K) NonClass: 48802K(49024K)->48802K(49024K) Class: 8279K(8384K)->8279K(8384K)
[274.863s][info][gc             ] GC(544) Pause Young (Allocation Failure) 597M->424M(674M) 15.604ms
[274.863s][info][gc,cpu         ] GC(544) User=0.02s Sys=0.01s Real=0.02s
[275.422s][info][gc,start       ] GC(545) Pause Young (Allocation Failure)
[275.426s][info][gc,heap        ] GC(545) PSYoungGen: 215807K(246784K)->1216K(247808K) Eden: 213504K(213504K)->0K(213504K) From: 2303K(33280K)->1216K(34304K)
[275.426s][info][gc,heap        ] GC(545) ParOldGen: 432676K(443392K)->432692K(443392K)
[275.426s][info][gc,metaspace   ] GC(545) Metaspace: 57082K(57408K)->57082K(57408K) NonClass: 48802K(49024K)->48802K(49024K) Class: 8279K(8384K)->8279K(8384K)
[275.426s][info][gc             ] GC(545) Pause Young (Allocation Failure) 633M->423M(675M) 3.367ms
[275.426s][info][gc,cpu         ] GC(545) User=0.00s Sys=0.00s Real=0.01s
[275.945s][info][gc,start       ] GC(546) Pause Young (Allocation Failure)
[275.950s][info][gc,heap        ] GC(546) PSYoungGen: 214535K(247808K)->2048K(285696K) Eden: 213319K(213504K)->0K(255488K) From: 1216K(34304K)->2048K(30208K)
[275.950s][info][gc,heap        ] GC(546) ParOldGen: 432692K(443392K)->432708K(443392K)
[275.950s][info][gc,metaspace   ] GC(546) Metaspace: 57082K(57408K)->57082K(57408K) NonClass: 48802K(49024K)->48802K(49024K) Class: 8279K(8384K)->8279K(8384K)
[275.950s][info][gc             ] GC(546) Pause Young (Allocation Failure) 632M->424M(712M) 5.110ms
[275.950s][info][gc,cpu         ] GC(546) User=0.01s Sys=0.00s Real=0.00s
[276.639s][info][gc,start       ] GC(547) Pause Young (Allocation Failure)
[276.652s][info][gc,heap        ] GC(547) PSYoungGen: 257536K(285696K)->1663K(287232K) Eden: 255488K(255488K)->0K(255488K) From: 2048K(30208K)->1663K(31744K)
[276.652s][info][gc,heap        ] GC(547) ParOldGen: 432708K(443392K)->432724K(443392K)
[276.652s][info][gc,metaspace   ] GC(547) Metaspace: 57082K(57408K)->57082K(57408K) NonClass: 48802K(49024K)->48802K(49024K) Class: 8279K(8384K)->8279K(8384K)
[276.652s][info][gc             ] GC(547) Pause Young (Allocation Failure) 674M->424M(713M) 13.348ms
[276.652s][info][gc,cpu         ] GC(547) User=0.01s Sys=0.00s Real=0.01s
[277.244s][info][gc,start       ] GC(548) Pause Young (Allocation Failure)
[277.249s][info][gc,heap        ] GC(548) PSYoungGen: 256892K(287232K)->1760K(298496K) Eden: 255228K(255488K)->0K(271360K) From: 1663K(31744K)->1760K(27136K)
[277.249s][info][gc,heap        ] GC(548) ParOldGen: 432724K(443392K)->432740K(443392K)
[277.249s][info][gc,metaspace   ] GC(548) Metaspace: 57082K(57408K)->57082K(57408K) NonClass: 48802K(49024K)->48802K(49024K) Class: 8279K(8384K)->8279K(8384K)
[277.249s][info][gc             ] GC(548) Pause Young (Allocation Failure) 673M->424M(724M) 5.019ms
[277.249s][info][gc,cpu         ] GC(548) User=0.00s Sys=0.00s Real=0.00s
[277.943s][info][gc,start       ] GC(549) Pause Young (Allocation Failure)
[277.947s][info][gc,heap        ] GC(549) PSYoungGen: 272963K(298496K)->1440K(300544K) Eden: 271203K(271360K)->0K(271360K) From: 1760K(27136K)->1440K(29184K)
[277.947s][info][gc,heap        ] GC(549) ParOldGen: 432740K(443392K)->432756K(443392K)
[277.947s][info][gc,metaspace   ] GC(549) Metaspace: 57082K(57408K)->57082K(57408K) NonClass: 48802K(49024K)->48802K(49024K) Class: 8279K(8384K)->8279K(8384K)
[277.947s][info][gc             ] GC(549) Pause Young (Allocation Failure) 689M->424M(726M) 3.862ms
[277.947s][info][gc,cpu         ] GC(549) User=0.01s Sys=0.00s Real=0.00s
[278.666s][info][gc,start       ] GC(550) Pause Young (Allocation Failure)
[278.668s][info][gc,heap        ] GC(550) PSYoungGen: 272800K(300544K)->512K(301568K) Eden: 271360K(271360K)->0K(276480K) From: 1440K(29184K)->512K(25088K)
[278.668s][info][gc,heap        ] GC(550) ParOldGen: 432756K(443392K)->432772K(443392K)
[278.668s][info][gc,metaspace   ] GC(550) Metaspace: 57082K(57408K)->57082K(57408K) NonClass: 48802K(49024K)->48802K(49024K) Class: 8279K(8384K)->8279K(8384K)
[278.668s][info][gc             ] GC(550) Pause Young (Allocation Failure) 689M->423M(727M) 2.546ms
[278.668s][info][gc,cpu         ] GC(550) User=0.00s Sys=0.00s Real=0.00s
[279.344s][info][gc,start       ] GC(551) Pause Young (Allocation Failure)
[279.349s][info][gc,heap        ] GC(551) PSYoungGen: 276992K(301568K)->2750K(303616K) Eden: 276480K(276480K)->0K(276480K) From: 512K(25088K)->2750K(27136K)
[279.349s][info][gc,heap        ] GC(551) ParOldGen: 432772K(443392K)->432788K(443392K)
[279.349s][info][gc,metaspace   ] GC(551) Metaspace: 57082K(57408K)->57082K(57408K) NonClass: 48802K(49024K)->48802K(49024K) Class: 8279K(8384K)->8279K(8384K)
[279.349s][info][gc             ] GC(551) Pause Young (Allocation Failure) 693M->425M(729M) 5.405ms
[279.349s][info][gc,cpu         ] GC(551) User=0.01s Sys=0.01s Real=0.00s
[280.040s][info][gc,start       ] GC(552) Pause Young (Allocation Failure)
[280.068s][info][gc,heap        ] GC(552) PSYoungGen: 279230K(303616K)->2272K(303104K) Eden: 276480K(276480K)->0K(281088K) From: 2750K(27136K)->2272K(22016K)
[280.068s][info][gc,heap        ] GC(552) ParOldGen: 432788K(443392K)->432804K(443392K)
[280.068s][info][gc,metaspace   ] GC(552) Metaspace: 57082K(57408K)->57082K(57408K) NonClass: 48802K(49024K)->48802K(49024K) Class: 8279K(8384K)->8279K(8384K)
[280.068s][info][gc             ] GC(552) Pause Young (Allocation Failure) 695M->424M(729M) 27.984ms
[280.068s][info][gc,cpu         ] GC(552) User=0.03s Sys=0.00s Real=0.03s
[280.752s][info][gc,start       ] GC(553) Pause Young (Allocation Failure)
[280.757s][info][gc,heap        ] GC(553) PSYoungGen: 283360K(303104K)->1791K(305152K) Eden: 281088K(281088K)->0K(281088K) From: 2272K(22016K)->1791K(24064K)
[280.757s][info][gc,heap        ] GC(553) ParOldGen: 432804K(443392K)->432820K(443392K)
[280.757s][info][gc,metaspace   ] GC(553) Metaspace: 57082K(57408K)->57082K(57408K) NonClass: 48802K(49024K)->48802K(49024K) Class: 8279K(8384K)->8279K(8384K)
[280.757s][info][gc             ] GC(553) Pause Young (Allocation Failure) 699M->424M(731M) 5.081ms
[280.757s][info][gc,cpu         ] GC(553) User=0.01s Sys=0.00s Real=0.01s
[281.461s][info][gc,start       ] GC(554) Pause Young (Allocation Failure)
[281.464s][info][gc,heap        ] GC(554) PSYoungGen: 282592K(305152K)->768K(307200K) Eden: 280800K(281088K)->0K(287232K) From: 1791K(24064K)->768K(19968K)
[281.464s][info][gc,heap        ] GC(554) ParOldGen: 432820K(443392K)->432836K(443392K)
[281.464s][info][gc,metaspace   ] GC(554) Metaspace: 57082K(57408K)->57082K(57408K) NonClass: 48802K(49024K)->48802K(49024K) Class: 8279K(8384K)->8279K(8384K)
[281.464s][info][gc             ] GC(554) Pause Young (Allocation Failure) 698M->423M(733M) 3.002ms
[281.464s][info][gc,cpu         ] GC(554) User=0.01s Sys=0.00s Real=0.01s
[282.227s][info][gc,start       ] GC(555) Pause Young (Allocation Failure)
[282.230s][info][gc,heap        ] GC(555) PSYoungGen: 288000K(307200K)->1024K(308736K) Eden: 287232K(287232K)->0K(287232K) From: 768K(19968K)->1024K(21504K)
[282.230s][info][gc,heap        ] GC(555) ParOldGen: 432836K(443392K)->432852K(443392K)
[282.230s][info][gc,metaspace   ] GC(555) Metaspace: 57082K(57408K)->57082K(57408K) NonClass: 48802K(49024K)->48802K(49024K) Class: 8279K(8384K)->8279K(8384K)
[282.230s][info][gc             ] GC(555) Pause Young (Allocation Failure) 703M->423M(734M) 3.229ms
[282.230s][info][gc,cpu         ] GC(555) User=0.00s Sys=0.00s Real=0.00s
[282.940s][info][gc,start       ] GC(556) Pause Young (Allocation Failure)
[282.946s][info][gc,heap        ] GC(556) PSYoungGen: 288256K(308736K)->2783K(279040K) Eden: 287232K(287232K)->0K(275968K) From: 1024K(21504K)->2783K(3072K)
[282.946s][info][gc,heap        ] GC(556) ParOldGen: 432852K(443392K)->432868K(443392K)
[282.946s][info][gc,metaspace   ] GC(556) Metaspace: 57082K(57408K)->57082K(57408K) NonClass: 48802K(49024K)->48802K(49024K) Class: 8279K(8384K)->8279K(8384K)
[282.946s][info][gc             ] GC(556) Pause Young (Allocation Failure) 704M->425M(705M) 5.915ms
[282.946s][info][gc,cpu         ] GC(556) User=0.01s Sys=0.00s Real=0.01s
[283.640s][info][gc,start       ] GC(557) Pause Young (Allocation Failure)
[283.644s][info][gc,heap        ] GC(557) PSYoungGen: 278751K(279040K)->1600K(267264K) Eden: 275968K(275968K)->0K(265216K) From: 2783K(3072K)->1600K(2048K)
[283.644s][info][gc,heap        ] GC(557) ParOldGen: 432868K(443392K)->432884K(443392K)
[283.644s][info][gc,metaspace   ] GC(557) Metaspace: 57082K(57408K)->57082K(57408K) NonClass: 48802K(49024K)->48802K(49024K) Class: 8279K(8384K)->8279K(8384K)
[283.644s][info][gc             ] GC(557) Pause Young (Allocation Failure) 694M->424M(694M) 3.840ms
[283.644s][info][gc,cpu         ] GC(557) User=0.00s Sys=0.00s Real=0.01s
[284.329s][info][gc,start       ] GC(558) Pause Young (Allocation Failure)
[284.334s][info][gc,heap        ] GC(558) PSYoungGen: 266816K(267264K)->1536K(256512K) Eden: 265216K(265216K)->0K(254976K) From: 1600K(2048K)->1536K(1536K)
[284.334s][info][gc,heap        ] GC(558) ParOldGen: 432884K(443392K)->432900K(443392K)
[284.334s][info][gc,metaspace   ] GC(558) Metaspace: 57082K(57408K)->57082K(57408K) NonClass: 48802K(49024K)->48802K(49024K) Class: 8279K(8384K)->8279K(8384K)
[284.334s][info][gc             ] GC(558) Pause Young (Allocation Failure) 683M->424M(683M) 4.637ms
[284.334s][info][gc,cpu         ] GC(558) User=0.01s Sys=0.00s Real=0.01s
[285.009s][info][gc,start       ] GC(559) Pause Young (Allocation Failure)
[285.012s][info][gc,heap        ] GC(559) PSYoungGen: 256278K(256512K)->1119K(262144K) Eden: 254742K(254976K)->0K(245248K) From: 1536K(1536K)->1119K(16896K)
[285.012s][info][gc,heap        ] GC(559) ParOldGen: 432900K(443392K)->432916K(443392K)
[285.012s][info][gc,metaspace   ] GC(559) Metaspace: 57082K(57408K)->57082K(57408K) NonClass: 48802K(49024K)->48802K(49024K) Class: 8279K(8384K)->8279K(8384K)
[285.012s][info][gc             ] GC(559) Pause Young (Allocation Failure) 673M->423M(689M) 2.842ms
[285.012s][info][gc,cpu         ] GC(559) User=0.01s Sys=0.00s Real=0.00s
[285.616s][info][gc,start       ] GC(560) Pause Young (Allocation Failure)
[285.619s][info][gc,heap        ] GC(560) PSYoungGen: 246367K(262144K)->489K(236544K) Eden: 245248K(245248K)->0K(236032K) From: 1119K(16896K)->489K(512K)
[285.619s][info][gc,heap        ] GC(560) ParOldGen: 432916K(443392K)->432932K(443392K)
[285.619s][info][gc,metaspace   ] GC(560) Metaspace: 57082K(57408K)->57082K(57408K) NonClass: 48802K(49024K)->48802K(49024K) Class: 8279K(8384K)->8279K(8384K)
[285.619s][info][gc             ] GC(560) Pause Young (Allocation Failure) 663M->423M(664M) 2.854ms
[285.619s][info][gc,cpu         ] GC(560) User=0.00s Sys=0.00s Real=0.00s
[286.218s][info][gc,start       ] GC(561) Pause Young (Allocation Failure)
[286.220s][info][gc,heap        ] GC(561) PSYoungGen: 236521K(236544K)->359K(242176K) Eden: 236032K(236032K)->0K(226816K) From: 489K(512K)->359K(15360K)
[286.220s][info][gc,heap        ] GC(561) ParOldGen: 432932K(443392K)->432948K(443392K)
[286.220s][info][gc,metaspace   ] GC(561) Metaspace: 57082K(57408K)->57082K(57408K) NonClass: 48802K(49024K)->48802K(49024K) Class: 8279K(8384K)->8279K(8384K)
[286.220s][info][gc             ] GC(561) Pause Young (Allocation Failure) 653M->423M(669M) 2.022ms
[286.220s][info][gc,cpu         ] GC(561) User=0.00s Sys=0.00s Real=0.00s
[286.750s][info][gc,start       ] GC(562) Pause Young (Allocation Failure)
[286.753s][info][gc,heap        ] GC(562) PSYoungGen: 227175K(242176K)->1247K(219648K) Eden: 226816K(226816K)->0K(218112K) From: 359K(15360K)->1247K(1536K)
[286.753s][info][gc,heap        ] GC(562) ParOldGen: 432948K(443392K)->432964K(443392K)
[286.753s][info][gc,metaspace   ] GC(562) Metaspace: 57082K(57408K)->57082K(57408K) NonClass: 48802K(49024K)->48802K(49024K) Class: 8279K(8384K)->8279K(8384K)
[286.753s][info][gc             ] GC(562) Pause Young (Allocation Failure) 644M->424M(647M) 3.729ms
[286.753s][info][gc,cpu         ] GC(562) User=0.00s Sys=0.00s Real=0.01s
[287.336s][info][gc,start       ] GC(563) Pause Young (Allocation Failure)
[287.339s][info][gc,heap        ] GC(563) PSYoungGen: 219359K(219648K)->831K(223744K) Eden: 218112K(218112K)->0K(209920K) From: 1247K(1536K)->831K(13824K)
[287.339s][info][gc,heap        ] GC(563) ParOldGen: 432964K(443392K)->432980K(443392K)
[287.339s][info][gc,metaspace   ] GC(563) Metaspace: 57082K(57408K)->57082K(57408K) NonClass: 48802K(49024K)->48802K(49024K) Class: 8279K(8384K)->8279K(8384K)
[287.339s][info][gc             ] GC(563) Pause Young (Allocation Failure) 637M->423M(651M) 2.345ms
[287.339s][info][gc,cpu         ] GC(563) User=0.01s Sys=0.00s Real=0.00s
[287.856s][info][gc,start       ] GC(564) Pause Young (Allocation Failure)
[287.870s][info][gc,heap        ] GC(564) PSYoungGen: 210751K(223744K)->1471K(254976K) Eden: 209920K(209920K)->0K(242176K) From: 831K(13824K)->1471K(12800K)
[287.870s][info][gc,heap        ] GC(564) ParOldGen: 432980K(443392K)->432996K(443392K)
[287.870s][info][gc,metaspace   ] GC(564) Metaspace: 57082K(57408K)->57082K(57408K) NonClass: 48802K(49024K)->48802K(49024K) Class: 8279K(8384K)->8279K(8384K)
[287.870s][info][gc             ] GC(564) Pause Young (Allocation Failure) 628M->424M(682M) 14.169ms
[287.870s][info][gc,cpu         ] GC(564) User=0.01s Sys=0.00s Real=0.01s
[288.515s][info][gc,start       ] GC(565) Pause Young (Allocation Failure)
[288.519s][info][gc,heap        ] GC(565) PSYoungGen: 243647K(254976K)->895K(233984K) Eden: 242176K(242176K)->0K(232960K) From: 1471K(12800K)->895K(1024K)
[288.519s][info][gc,heap        ] GC(565) ParOldGen: 432996K(443392K)->433012K(443392K)
[288.519s][info][gc,metaspace   ] GC(565) Metaspace: 57082K(57408K)->57082K(57408K) NonClass: 48802K(49024K)->48802K(49024K) Class: 8279K(8384K)->8279K(8384K)
[288.519s][info][gc             ] GC(565) Pause Young (Allocation Failure) 660M->423M(661M) 4.116ms
[288.519s][info][gc,cpu         ] GC(565) User=0.00s Sys=0.00s Real=0.00s
[289.171s][info][gc,start       ] GC(566) Pause Young (Allocation Failure)
[289.174s][info][gc,heap        ] GC(566) PSYoungGen: 233855K(233984K)->575K(225792K) Eden: 232960K(232960K)->0K(224256K) From: 895K(1024K)->575K(1536K)
[289.174s][info][gc,heap        ] GC(566) ParOldGen: 433012K(443392K)->433028K(443392K)
[289.174s][info][gc,metaspace   ] GC(566) Metaspace: 57082K(57408K)->57082K(57408K) NonClass: 48802K(49024K)->48802K(49024K) Class: 8279K(8384K)->8279K(8384K)
[289.174s][info][gc             ] GC(566) Pause Young (Allocation Failure) 651M->423M(653M) 2.782ms
[289.174s][info][gc,cpu         ] GC(566) User=0.00s Sys=0.00s Real=0.01s
[289.742s][info][gc,start       ] GC(567) Pause Young (Allocation Failure)
[289.746s][info][gc,heap        ] GC(567) PSYoungGen: 224571K(225792K)->1920K(226816K) Eden: 223996K(224256K)->0K(216064K) From: 575K(1536K)->1920K(10752K)
[289.746s][info][gc,heap        ] GC(567) ParOldGen: 433028K(443392K)->433044K(443392K)
[289.746s][info][gc,metaspace   ] GC(567) Metaspace: 57082K(57408K)->57082K(57408K) NonClass: 48802K(49024K)->48802K(49024K) Class: 8279K(8384K)->8279K(8384K)
[289.746s][info][gc             ] GC(567) Pause Young (Allocation Failure) 642M->424M(654M) 4.224ms
[289.746s][info][gc,cpu         ] GC(567) User=0.01s Sys=0.00s Real=0.01s
[290.314s][info][gc,start       ] GC(568) Pause Young (Allocation Failure)
[290.317s][info][gc,heap        ] GC(568) PSYoungGen: 217984K(226816K)->457K(208384K) Eden: 216064K(216064K)->0K(207872K) From: 1920K(10752K)->457K(512K)
[290.317s][info][gc,heap        ] GC(568) ParOldGen: 433044K(443392K)->433060K(443392K)
[290.317s][info][gc,metaspace   ] GC(568) Metaspace: 57082K(57408K)->57082K(57408K) NonClass: 48802K(49024K)->48802K(49024K) Class: 8279K(8384K)->8279K(8384K)
[290.317s][info][gc             ] GC(568) Pause Young (Allocation Failure) 635M->423M(636M) 2.931ms
[290.317s][info][gc,cpu         ] GC(568) User=0.01s Sys=0.01s Real=0.00s
[290.828s][info][gc,start       ] GC(569) Pause Young (Allocation Failure)
[290.832s][info][gc,heap        ] GC(569) PSYoungGen: 208329K(208384K)->2047K(209408K) Eden: 207872K(207872K)->0K(200192K) From: 457K(512K)->2047K(9216K)
[290.832s][info][gc,heap        ] GC(569) ParOldGen: 433060K(443392K)->433076K(443392K)
[290.832s][info][gc,metaspace   ] GC(569) Metaspace: 57082K(57408K)->57082K(57408K) NonClass: 48802K(49024K)->48802K(49024K) Class: 8279K(8384K)->8279K(8384K)
[290.832s][info][gc             ] GC(569) Pause Young (Allocation Failure) 626M->424M(637M) 3.884ms
[290.832s][info][gc,cpu         ] GC(569) User=0.00s Sys=0.00s Real=0.00s
[291.334s][info][gc,start       ] GC(570) Pause Young (Allocation Failure)
[291.338s][info][gc,heap        ] GC(570) PSYoungGen: 202239K(209408K)->1248K(194560K) Eden: 200192K(200192K)->0K(193024K) From: 2047K(9216K)->1248K(1536K)
[291.338s][info][gc,heap        ] GC(570) ParOldGen: 433076K(443392K)->433092K(443392K)
[291.338s][info][gc,metaspace   ] GC(570) Metaspace: 57082K(57408K)->57082K(57408K) NonClass: 48802K(49024K)->48802K(49024K) Class: 8279K(8384K)->8279K(8384K)
[291.338s][info][gc             ] GC(570) Pause Young (Allocation Failure) 620M->424M(623M) 3.772ms
[291.338s][info][gc,cpu         ] GC(570) User=0.01s Sys=0.00s Real=0.00s
[291.832s][info][gc,start       ] GC(571) Pause Young (Allocation Failure)
[291.836s][info][gc,heap        ] GC(571) PSYoungGen: 194272K(194560K)->1887K(187904K) Eden: 193024K(193024K)->0K(185856K) From: 1248K(1536K)->1887K(2048K)
[291.836s][info][gc,heap        ] GC(571) ParOldGen: 433092K(443392K)->433108K(443392K)
[291.836s][info][gc,metaspace   ] GC(571) Metaspace: 57082K(57408K)->57082K(57408K) NonClass: 48802K(49024K)->48802K(49024K) Class: 8279K(8384K)->8279K(8384K)
[291.836s][info][gc             ] GC(571) Pause Young (Allocation Failure) 612M->424M(616M) 3.804ms
[291.836s][info][gc,cpu         ] GC(571) User=0.01s Sys=0.00s Real=0.01s
[292.313s][info][gc,start       ] GC(572) Pause Young (Allocation Failure)
[292.315s][info][gc,heap        ] GC(572) PSYoungGen: 187743K(187904K)->299K(179712K) Eden: 185856K(185856K)->0K(179200K) From: 1887K(2048K)->299K(512K)
[292.315s][info][gc,heap        ] GC(572) ParOldGen: 433108K(443392K)->433124K(443392K)
[292.315s][info][gc,metaspace   ] GC(572) Metaspace: 57082K(57408K)->57082K(57408K) NonClass: 48802K(49024K)->48802K(49024K) Class: 8279K(8384K)->8279K(8384K)
[292.315s][info][gc             ] GC(572) Pause Young (Allocation Failure) 606M->423M(608M) 2.523ms
[292.315s][info][gc,cpu         ] GC(572) User=0.01s Sys=0.00s Real=0.01s
[292.740s][info][gc,start       ] GC(573) Pause Young (Allocation Failure)
[292.744s][info][gc,heap        ] GC(573) PSYoungGen: 179499K(179712K)->2494K(180224K) Eden: 179200K(179200K)->0K(173056K) From: 299K(512K)->2494K(7168K)
[292.744s][info][gc,heap        ] GC(573) ParOldGen: 433124K(443392K)->433140K(443392K)
[292.744s][info][gc,metaspace   ] GC(573) Metaspace: 57083K(57408K)->57083K(57408K) NonClass: 48803K(49024K)->48803K(49024K) Class: 8279K(8384K)->8279K(8384K)
[292.745s][info][gc             ] GC(573) Pause Young (Allocation Failure) 598M->425M(609M) 4.158ms
[292.745s][info][gc,cpu         ] GC(573) User=0.01s Sys=0.00s Real=0.01s
[293.158s][info][gc,start       ] GC(574) Pause Young (Allocation Failure)
[293.161s][info][gc,heap        ] GC(574) PSYoungGen: 175550K(180224K)->320K(167424K) Eden: 173056K(173056K)->0K(166912K) From: 2494K(7168K)->320K(512K)
[293.161s][info][gc,heap        ] GC(574) ParOldGen: 433140K(443392K)->433156K(443392K)
[293.161s][info][gc,metaspace   ] GC(574) Metaspace: 57083K(57408K)->57083K(57408K) NonClass: 48803K(49024K)->48803K(49024K) Class: 8279K(8384K)->8279K(8384K)
[293.161s][info][gc             ] GC(574) Pause Young (Allocation Failure) 594M->423M(596M) 2.638ms
[293.161s][info][gc,cpu         ] GC(574) User=0.01s Sys=0.00s Real=0.00s
[293.624s][info][gc,start       ] GC(575) Pause Young (Allocation Failure)
[293.627s][info][gc,heap        ] GC(575) PSYoungGen: 167102K(167424K)->1088K(167936K) Eden: 166782K(166912K)->0K(161280K) From: 320K(512K)->1088K(6656K)
[293.627s][info][gc,heap        ] GC(575) ParOldGen: 433156K(443392K)->433172K(443392K)
[293.627s][info][gc,metaspace   ] GC(575) Metaspace: 57083K(57408K)->57083K(57408K) NonClass: 48803K(49024K)->48803K(49024K) Class: 8279K(8384K)->8279K(8384K)
[293.627s][info][gc             ] GC(575) Pause Young (Allocation Failure) 586M->424M(597M) 2.926ms
[293.627s][info][gc,cpu         ] GC(575) User=0.01s Sys=0.00s Real=0.00s
[294.032s][info][gc,start       ] GC(576) Pause Young (Allocation Failure)
[294.036s][info][gc,heap        ] GC(576) PSYoungGen: 162368K(167936K)->2111K(158208K) Eden: 161280K(161280K)->0K(155648K) From: 1088K(6656K)->2111K(2560K)
[294.036s][info][gc,heap        ] GC(576) ParOldGen: 433172K(443392K)->433188K(443392K)
[294.036s][info][gc,metaspace   ] GC(576) Metaspace: 57083K(57408K)->57083K(57408K) NonClass: 48803K(49024K)->48803K(49024K) Class: 8279K(8384K)->8279K(8384K)
[294.036s][info][gc             ] GC(576) Pause Young (Allocation Failure) 581M->425M(587M) 4.169ms
[294.036s][info][gc,cpu         ] GC(576) User=0.00s Sys=0.00s Real=0.01s
[294.427s][info][gc,start       ] GC(577) Pause Young (Allocation Failure)
[294.431s][info][gc,heap        ] GC(577) PSYoungGen: 157685K(158208K)->1376K(152064K) Eden: 155574K(155648K)->0K(150528K) From: 2111K(2560K)->1376K(1536K)
[294.431s][info][gc,heap        ] GC(577) ParOldGen: 433188K(443392K)->433204K(443392K)
[294.431s][info][gc,metaspace   ] GC(577) Metaspace: 57083K(57408K)->57083K(57408K) NonClass: 48803K(49024K)->48803K(49024K) Class: 8279K(8384K)->8279K(8384K)
[294.431s][info][gc             ] GC(577) Pause Young (Allocation Failure) 577M->424M(581M) 3.592ms
[294.431s][info][gc,cpu         ] GC(577) User=0.00s Sys=0.00s Real=0.00s
[294.822s][info][gc,start       ] GC(578) Pause Young (Allocation Failure)
[294.825s][info][gc,heap        ] GC(578) PSYoungGen: 151904K(152064K)->1088K(146944K) Eden: 150528K(150528K)->0K(145408K) From: 1376K(1536K)->1088K(1536K)
[294.825s][info][gc,heap        ] GC(578) ParOldGen: 433204K(443392K)->433220K(443392K)
[294.825s][info][gc,metaspace   ] GC(578) Metaspace: 57083K(57408K)->57083K(57408K) NonClass: 48803K(49024K)->48803K(49024K) Class: 8279K(8384K)->8279K(8384K)
[294.825s][info][gc             ] GC(578) Pause Young (Allocation Failure) 571M->424M(576M) 3.368ms
[294.825s][info][gc,cpu         ] GC(578) User=0.00s Sys=0.00s Real=0.01s
[295.224s][info][gc,start       ] GC(579) Pause Young (Allocation Failure)
[295.229s][info][gc,heap        ] GC(579) PSYoungGen: 146496K(146944K)->3199K(144384K) Eden: 145408K(145408K)->0K(140800K) From: 1088K(1536K)->3199K(3584K)
[295.229s][info][gc,heap        ] GC(579) ParOldGen: 433220K(443392K)->433236K(443392K)
[295.229s][info][gc,metaspace   ] GC(579) Metaspace: 57083K(57408K)->57083K(57408K) NonClass: 48803K(49024K)->48803K(49024K) Class: 8279K(8384K)->8279K(8384K)
[295.229s][info][gc             ] GC(579) Pause Young (Allocation Failure) 566M->426M(574M) 5.550ms
[295.229s][info][gc,cpu         ] GC(579) User=0.01s Sys=0.00s Real=0.00s
[295.536s][info][gc,start       ] GC(580) Pause Young (Allocation Failure)
[295.540s][info][gc,heap        ] GC(580) PSYoungGen: 143999K(144384K)->1664K(138240K) Eden: 140800K(140800K)->0K(136192K) From: 3199K(3584K)->1664K(2048K)
[295.540s][info][gc,heap        ] GC(580) ParOldGen: 433236K(443392K)->433252K(443392K)
[295.540s][info][gc,metaspace   ] GC(580) Metaspace: 57083K(57408K)->57083K(57408K) NonClass: 48803K(49024K)->48803K(49024K) Class: 8279K(8384K)->8279K(8384K)
[295.540s][info][gc             ] GC(580) Pause Young (Allocation Failure) 563M->424M(568M) 4.031ms
[295.540s][info][gc,cpu         ] GC(580) User=0.01s Sys=0.00s Real=0.00s
[295.856s][info][gc,start       ] GC(581) Pause Young (Allocation Failure)
[295.859s][info][gc,heap        ] GC(581) PSYoungGen: 137856K(138240K)->959K(132608K) Eden: 136192K(136192K)->0K(131584K) From: 1664K(2048K)->959K(1024K)
[295.859s][info][gc,heap        ] GC(581) ParOldGen: 433252K(443392K)->433268K(443392K)
[295.859s][info][gc,metaspace   ] GC(581) Metaspace: 57083K(57408K)->57083K(57408K) NonClass: 48803K(49024K)->48803K(49024K) Class: 8279K(8384K)->8279K(8384K)
[295.859s][info][gc             ] GC(581) Pause Young (Allocation Failure) 557M->424M(562M) 2.603ms
[295.859s][info][gc,cpu         ] GC(581) User=0.00s Sys=0.00s Real=0.00s
[296.225s][info][gc,start       ] GC(582) Pause Young (Allocation Failure)
[296.229s][info][gc,heap        ] GC(582) PSYoungGen: 132543K(132608K)->1535K(129024K) Eden: 131584K(131584K)->0K(127488K) From: 959K(1024K)->1535K(1536K)
[296.229s][info][gc,heap        ] GC(582) ParOldGen: 433268K(443392K)->433284K(443392K)
[296.229s][info][gc,metaspace   ] GC(582) Metaspace: 57083K(57408K)->57083K(57408K) NonClass: 48803K(49024K)->48803K(49024K) Class: 8279K(8384K)->8279K(8384K)
[296.229s][info][gc             ] GC(582) Pause Young (Allocation Failure) 552M->424M(559M) 3.475ms
[296.229s][info][gc,cpu         ] GC(582) User=0.01s Sys=0.00s Real=0.00s
[296.536s][info][gc,start       ] GC(583) Pause Young (Allocation Failure)
[296.540s][info][gc,heap        ] GC(583) PSYoungGen: 128830K(129024K)->2079K(154624K) Eden: 127295K(127488K)->0K(152064K) From: 1535K(1536K)->2079K(2560K)
[296.540s][info][gc,heap        ] GC(583) ParOldGen: 433284K(443392K)->433300K(443392K)
[296.540s][info][gc,metaspace   ] GC(583) Metaspace: 57083K(57408K)->57083K(57408K) NonClass: 48803K(49024K)->48803K(49024K) Class: 8279K(8384K)->8279K(8384K)
[296.540s][info][gc             ] GC(583) Pause Young (Allocation Failure) 548M->425M(584M) 3.937ms
[296.540s][info][gc,cpu         ] GC(583) User=0.01s Sys=0.00s Real=0.00s
[296.933s][info][gc,start       ] GC(584) Pause Young (Allocation Failure)
[296.938s][info][gc,heap        ] GC(584) PSYoungGen: 154143K(154624K)->1888K(184320K) Eden: 152064K(152064K)->0K(181760K) From: 2079K(2560K)->1888K(2560K)
[296.938s][info][gc,heap        ] GC(584) ParOldGen: 433300K(443392K)->433316K(443392K)
[296.938s][info][gc,metaspace   ] GC(584) Metaspace: 57083K(57408K)->57083K(57408K) NonClass: 48803K(49024K)->48803K(49024K) Class: 8279K(8384K)->8279K(8384K)
[296.938s][info][gc             ] GC(584) Pause Young (Allocation Failure) 573M->425M(613M) 4.228ms
[296.938s][info][gc,cpu         ] GC(584) User=0.01s Sys=0.00s Real=0.00s
[297.435s][info][gc,start       ] GC(585) Pause Young (Allocation Failure)
[297.451s][info][gc,heap        ] GC(585) PSYoungGen: 183648K(184320K)->1055K(186368K) Eden: 181760K(181760K)->0K(181760K) From: 1888K(2560K)->1055K(4608K)
[297.451s][info][gc,heap        ] GC(585) ParOldGen: 433316K(443392K)->433332K(443392K)
[297.452s][info][gc,metaspace   ] GC(585) Metaspace: 57083K(57408K)->57083K(57408K) NonClass: 48803K(49024K)->48803K(49024K) Class: 8279K(8384K)->8279K(8384K)
[297.452s][info][gc             ] GC(585) Pause Young (Allocation Failure) 602M->424M(615M) 17.013ms
[297.452s][info][gc,cpu         ] GC(585) User=0.01s Sys=0.00s Real=0.01s
[297.843s][info][gc,start       ] GC(586) Pause Young (Allocation Failure)
[297.849s][info][gc,heap        ] GC(586) PSYoungGen: 182815K(186368K)->2719K(220672K) Eden: 181760K(181760K)->0K(216576K) From: 1055K(4608K)->2719K(4096K)
[297.849s][info][gc,heap        ] GC(586) ParOldGen: 433332K(443392K)->433348K(443392K)
[297.849s][info][gc,metaspace   ] GC(586) Metaspace: 57083K(57408K)->57083K(57408K) NonClass: 48803K(49024K)->48803K(49024K) Class: 8279K(8384K)->8279K(8384K)
[297.849s][info][gc             ] GC(586) Pause Young (Allocation Failure) 601M->425M(648M) 5.802ms
[297.849s][info][gc,cpu         ] GC(586) User=0.01s Sys=0.00s Real=0.00s
[298.432s][info][gc,start       ] GC(587) Pause Young (Allocation Failure)
[298.448s][info][gc,heap        ] GC(587) PSYoungGen: 219295K(220672K)->1270K(221184K) Eden: 216576K(216576K)->0K(216576K) From: 2719K(4096K)->1270K(4608K)
[298.448s][info][gc,heap        ] GC(587) ParOldGen: 433348K(443392K)->433364K(443392K)
[298.448s][info][gc,metaspace   ] GC(587) Metaspace: 57083K(57408K)->57083K(57408K) NonClass: 48803K(49024K)->48803K(49024K) Class: 8279K(8384K)->8279K(8384K)
[298.448s][info][gc             ] GC(587) Pause Young (Allocation Failure) 637M->424M(649M) 16.284ms
[298.448s][info][gc,cpu         ] GC(587) User=0.01s Sys=0.00s Real=0.02s
[298.947s][info][gc,start       ] GC(588) Pause Young (Allocation Failure)
[298.952s][info][gc,heap        ] GC(588) PSYoungGen: 217846K(221184K)->2430K(262656K) Eden: 216576K(216576K)->0K(258560K) From: 1270K(4608K)->2430K(4096K)
[298.952s][info][gc,heap        ] GC(588) ParOldGen: 433364K(443392K)->433380K(443392K)
[298.952s][info][gc,metaspace   ] GC(588) Metaspace: 57083K(57408K)->57083K(57408K) NonClass: 48803K(49024K)->48803K(49024K) Class: 8279K(8384K)->8279K(8384K)
[298.952s][info][gc             ] GC(588) Pause Young (Allocation Failure) 635M->425M(689M) 5.053ms
[298.952s][info][gc,cpu         ] GC(588) User=0.01s Sys=0.00s Real=0.00s
[299.635s][info][gc,start       ] GC(589) Pause Young (Allocation Failure)
[299.638s][info][gc,heap        ] GC(589) PSYoungGen: 260990K(262656K)->1439K(263168K) Eden: 258560K(258560K)->0K(258560K) From: 2430K(4096K)->1439K(4608K)
[299.638s][info][gc,heap        ] GC(589) ParOldGen: 433380K(443392K)->433396K(443392K)
[299.638s][info][gc,metaspace   ] GC(589) Metaspace: 57083K(57408K)->57083K(57408K) NonClass: 48803K(49024K)->48803K(49024K) Class: 8279K(8384K)->8279K(8384K)
[299.638s][info][gc             ] GC(589) Pause Young (Allocation Failure) 678M->424M(690M) 3.608ms
[299.638s][info][gc,cpu         ] GC(589) User=0.01s Sys=0.00s Real=0.00s
[300.366s][info][gc,start       ] GC(590) Pause Young (Allocation Failure)
[300.368s][info][gc,heap        ] GC(590) PSYoungGen: 259999K(263168K)->160K(311808K) Eden: 258560K(258560K)->0K(308224K) From: 1439K(4608K)->160K(3584K)
[300.368s][info][gc,heap        ] GC(590) ParOldGen: 433396K(443392K)->433412K(443392K)
[300.368s][info][gc,metaspace   ] GC(590) Metaspace: 57083K(57408K)->57083K(57408K) NonClass: 48803K(49024K)->48803K(49024K) Class: 8279K(8384K)->8279K(8384K)
[300.368s][info][gc             ] GC(590) Pause Young (Allocation Failure) 677M->423M(737M) 2.060ms
[300.368s][info][gc,cpu         ] GC(590) User=0.00s Sys=0.00s Real=0.00s
[301.166s][info][gc,start       ] GC(591) Pause Young (Allocation Failure)
[301.170s][info][gc,heap        ] GC(591) PSYoungGen: 308259K(311808K)->1216K(297472K) Eden: 308099K(308224K)->0K(295936K) From: 160K(3584K)->1216K(1536K)
[301.170s][info][gc,heap        ] GC(591) ParOldGen: 433412K(443392K)->433428K(443392K)
[301.170s][info][gc,metaspace   ] GC(591) Metaspace: 57083K(57408K)->57083K(57408K) NonClass: 48803K(49024K)->48803K(49024K) Class: 8279K(8384K)->8279K(8384K)
[301.170s][info][gc             ] GC(591) Pause Young (Allocation Failure) 724M->424M(723M) 3.682ms
[301.170s][info][gc,cpu         ] GC(591) User=0.00s Sys=0.00s Real=0.00s
[301.926s][info][gc,start       ] GC(592) Pause Young (Allocation Failure)
[301.930s][info][gc,heap        ] GC(592) PSYoungGen: 297152K(297472K)->2014K(286208K) Eden: 295936K(295936K)->0K(284160K) From: 1216K(1536K)->2014K(2048K)
[301.930s][info][gc,heap        ] GC(592) ParOldGen: 433428K(443392K)->433444K(443392K)
[301.930s][info][gc,metaspace   ] GC(592) Metaspace: 57083K(57408K)->57083K(57408K) NonClass: 48803K(49024K)->48803K(49024K) Class: 8279K(8384K)->8279K(8384K)
[301.930s][info][gc             ] GC(592) Pause Young (Allocation Failure) 713M->425M(712M) 4.460ms
[301.930s][info][gc,cpu         ] GC(592) User=0.01s Sys=0.00s Real=0.00s
[302.640s][info][gc,start       ] GC(593) Pause Young (Allocation Failure)
[302.645s][info][gc,heap        ] GC(593) PSYoungGen: 286174K(286208K)->1728K(274944K) Eden: 284160K(284160K)->0K(272896K) From: 2014K(2048K)->1728K(2048K)
[302.645s][info][gc,heap        ] GC(593) ParOldGen: 433444K(443392K)->433460K(443392K)
[302.645s][info][gc,metaspace   ] GC(593) Metaspace: 57083K(57408K)->57083K(57408K) NonClass: 48803K(49024K)->48803K(49024K) Class: 8279K(8384K)->8279K(8384K)
[302.645s][info][gc             ] GC(593) Pause Young (Allocation Failure) 702M->424M(701M) 4.437ms
[302.645s][info][gc,cpu         ] GC(593) User=0.00s Sys=0.00s Real=0.01s
[303.386s][info][gc,start       ] GC(594) Pause Young (Allocation Failure)
[303.391s][info][gc,heap        ] GC(594) PSYoungGen: 274624K(274944K)->2240K(264704K) Eden: 272896K(272896K)->0K(262144K) From: 1728K(2048K)->2240K(2560K)
[303.391s][info][gc,heap        ] GC(594) ParOldGen: 433460K(443392K)->433476K(443392K)
[303.391s][info][gc,metaspace   ] GC(594) Metaspace: 57083K(57408K)->57083K(57408K) NonClass: 48803K(49024K)->48803K(49024K) Class: 8279K(8384K)->8279K(8384K)
[303.391s][info][gc             ] GC(594) Pause Young (Allocation Failure) 691M->425M(691M) 4.969ms
[303.391s][info][gc,cpu         ] GC(594) User=0.01s Sys=0.00s Real=0.00s
[304.029s][info][gc,start       ] GC(595) Pause Young (Allocation Failure)
[304.032s][info][gc,heap        ] GC(595) PSYoungGen: 264147K(264704K)->1312K(253440K) Eden: 261907K(262144K)->0K(251904K) From: 2240K(2560K)->1312K(1536K)
[304.032s][info][gc,heap        ] GC(595) ParOldGen: 433476K(443392K)->433492K(443392K)
[304.032s][info][gc,metaspace   ] GC(595) Metaspace: 57083K(57408K)->57083K(57408K) NonClass: 48803K(49024K)->48803K(49024K) Class: 8279K(8384K)->8279K(8384K)
[304.032s][info][gc             ] GC(595) Pause Young (Allocation Failure) 681M->424M(680M) 3.546ms
[304.032s][info][gc,cpu         ] GC(595) User=0.00s Sys=0.00s Real=0.00s
[304.650s][info][gc,start       ] GC(596) Pause Young (Allocation Failure)
[304.654s][info][gc,heap        ] GC(596) PSYoungGen: 253216K(253440K)->2079K(244736K) Eden: 251904K(251904K)->0K(242176K) From: 1312K(1536K)->2079K(2560K)
[304.654s][info][gc,heap        ] GC(596) ParOldGen: 433492K(443392K)->433508K(443392K)
[304.654s][info][gc,metaspace   ] GC(596) Metaspace: 57083K(57408K)->57083K(57408K) NonClass: 48803K(49024K)->48803K(49024K) Class: 8279K(8384K)->8279K(8384K)
[304.654s][info][gc             ] GC(596) Pause Young (Allocation Failure) 670M->425M(672M) 4.064ms
[304.654s][info][gc,cpu         ] GC(596) User=0.00s Sys=0.00s Real=0.01s
[305.255s][info][gc,start       ] GC(597) Pause Young (Allocation Failure)
[305.258s][info][gc,heap        ] GC(597) PSYoungGen: 244251K(244736K)->1279K(234496K) Eden: 242172K(242176K)->0K(232960K) From: 2079K(2560K)->1279K(1536K)
[305.258s][info][gc,heap        ] GC(597) ParOldGen: 433508K(443392K)->433524K(443392K)
[305.258s][info][gc,metaspace   ] GC(597) Metaspace: 57083K(57408K)->57083K(57408K) NonClass: 48803K(49024K)->48803K(49024K) Class: 8279K(8384K)->8279K(8384K)
[305.258s][info][gc             ] GC(597) Pause Young (Allocation Failure) 661M->424M(662M) 3.080ms
[305.258s][info][gc,cpu         ] GC(597) User=0.01s Sys=0.00s Real=0.00s
[305.850s][info][gc,start       ] GC(598) Pause Young (Allocation Failure)
[305.853s][info][gc,heap        ] GC(598) PSYoungGen: 234239K(234496K)->1312K(225792K) Eden: 232960K(232960K)->0K(224256K) From: 1279K(1536K)->1312K(1536K)
[305.853s][info][gc,heap        ] GC(598) ParOldGen: 433524K(443392K)->433540K(443392K)
[305.853s][info][gc,metaspace   ] GC(598) Metaspace: 57083K(57408K)->57083K(57408K) NonClass: 48803K(49024K)->48803K(49024K) Class: 8279K(8384K)->8279K(8384K)
[305.853s][info][gc             ] GC(598) Pause Young (Allocation Failure) 652M->424M(653M) 3.538ms
[305.853s][info][gc,cpu         ] GC(598) User=0.01s Sys=0.01s Real=0.01s
[306.438s][info][gc,start       ] GC(599) Pause Young (Allocation Failure)
[306.442s][info][gc,heap        ] GC(599) PSYoungGen: 225568K(225792K)->2335K(218624K) Eden: 224256K(224256K)->0K(216064K) From: 1312K(1536K)->2335K(2560K)
[306.443s][info][gc,heap        ] GC(599) ParOldGen: 433540K(443392K)->433556K(443392K)
[306.443s][info][gc,metaspace   ] GC(599) Metaspace: 57083K(57408K)->57083K(57408K) NonClass: 48803K(49024K)->48803K(49024K) Class: 8279K(8384K)->8279K(8384K)
[306.443s][info][gc             ] GC(599) Pause Young (Allocation Failure) 643M->425M(646M) 4.313ms
[306.443s][info][gc,cpu         ] GC(599) User=0.01s Sys=0.00s Real=0.00s
[307.019s][info][gc,start       ] GC(600) Pause Young (Allocation Failure)
[307.022s][info][gc,heap        ] GC(600) PSYoungGen: 218399K(218624K)->1151K(209408K) Eden: 216064K(216064K)->0K(207872K) From: 2335K(2560K)->1151K(1536K)
[307.022s][info][gc,heap        ] GC(600) ParOldGen: 433556K(443392K)->433572K(443392K)
[307.022s][info][gc,metaspace   ] GC(600) Metaspace: 57083K(57408K)->57083K(57408K) NonClass: 48803K(49024K)->48803K(49024K) Class: 8279K(8384K)->8279K(8384K)
[307.022s][info][gc             ] GC(600) Pause Young (Allocation Failure) 636M->424M(637M) 2.929ms
[307.022s][info][gc,cpu         ] GC(600) User=0.01s Sys=0.00s Real=0.00s
[307.535s][info][gc,start       ] GC(601) Pause Young (Allocation Failure)
[307.540s][info][gc,heap        ] GC(601) PSYoungGen: 209023K(209408K)->1536K(201728K) Eden: 207872K(207872K)->0K(200192K) From: 1151K(1536K)->1536K(1536K)
[307.540s][info][gc,heap        ] GC(601) ParOldGen: 433572K(443392K)->433588K(443392K)
[307.540s][info][gc,metaspace   ] GC(601) Metaspace: 57083K(57408K)->57083K(57408K) NonClass: 48803K(49024K)->48803K(49024K) Class: 8279K(8384K)->8279K(8384K)
[307.541s][info][gc             ] GC(601) Pause Young (Allocation Failure) 627M->424M(630M) 5.098ms
[307.541s][info][gc,cpu         ] GC(601) User=0.01s Sys=0.00s Real=0.00s
[308.034s][info][gc,start       ] GC(602) Pause Young (Allocation Failure)
[308.038s][info][gc,heap        ] GC(602) PSYoungGen: 201728K(201728K)->1984K(195072K) Eden: 200192K(200192K)->0K(193024K) From: 1536K(1536K)->1984K(2048K)
[308.038s][info][gc,heap        ] GC(602) ParOldGen: 433588K(443392K)->433604K(443392K)
[308.038s][info][gc,metaspace   ] GC(602) Metaspace: 57083K(57408K)->57083K(57408K) NonClass: 48803K(49024K)->48803K(49024K) Class: 8279K(8384K)->8279K(8384K)
[308.038s][info][gc             ] GC(602) Pause Young (Allocation Failure) 620M->425M(623M) 4.227ms
[308.038s][info][gc,cpu         ] GC(602) User=0.01s Sys=0.00s Real=0.00s
[308.533s][info][gc,start       ] GC(603) Pause Young (Allocation Failure)
[308.537s][info][gc,heap        ] GC(603) PSYoungGen: 195008K(195072K)->1728K(187904K) Eden: 193024K(193024K)->0K(185856K) From: 1984K(2048K)->1728K(2048K)
[308.537s][info][gc,heap        ] GC(603) ParOldGen: 433604K(443392K)->433620K(443392K)
[308.537s][info][gc,metaspace   ] GC(603) Metaspace: 57083K(57408K)->57083K(57408K) NonClass: 48803K(49024K)->48803K(49024K) Class: 8279K(8384K)->8279K(8384K)
[308.537s][info][gc             ] GC(603) Pause Young (Allocation Failure) 613M->425M(616M) 3.892ms
[308.537s][info][gc,cpu         ] GC(603) User=0.01s Sys=0.00s Real=0.01s
[309.021s][info][gc,start       ] GC(604) Pause Young (Allocation Failure)
[309.024s][info][gc,heap        ] GC(604) PSYoungGen: 187334K(187904K)->736K(180224K) Eden: 185606K(185856K)->0K(179200K) From: 1728K(2048K)->736K(1024K)
[309.024s][info][gc,heap        ] GC(604) ParOldGen: 433620K(443392K)->433636K(443392K)
[309.024s][info][gc,metaspace   ] GC(604) Metaspace: 57083K(57408K)->57083K(57408K) NonClass: 48803K(49024K)->48803K(49024K) Class: 8279K(8384K)->8279K(8384K)
[309.024s][info][gc             ] GC(604) Pause Young (Allocation Failure) 606M->424M(609M) 2.738ms
[309.024s][info][gc,cpu         ] GC(604) User=0.00s Sys=0.00s Real=0.01s
[309.457s][info][gc,start       ] GC(605) Pause Young (Allocation Failure)
[309.461s][info][gc,heap        ] GC(605) PSYoungGen: 179936K(180224K)->1696K(175104K) Eden: 179200K(179200K)->0K(173056K) From: 736K(1024K)->1696K(2048K)
[309.461s][info][gc,heap        ] GC(605) ParOldGen: 433636K(443392K)->433652K(443392K)
[309.461s][info][gc,metaspace   ] GC(605) Metaspace: 57083K(57408K)->57083K(57408K) NonClass: 48803K(49024K)->48803K(49024K) Class: 8279K(8384K)->8279K(8384K)
[309.461s][info][gc             ] GC(605) Pause Young (Allocation Failure) 599M->425M(604M) 3.886ms
[309.461s][info][gc,cpu         ] GC(605) User=0.01s Sys=0.00s Real=0.00s
[309.919s][info][gc,start       ] GC(606) Pause Young (Allocation Failure)
[309.922s][info][gc,heap        ] GC(606) PSYoungGen: 174752K(175104K)->1175K(168448K) Eden: 173056K(173056K)->0K(166912K) From: 1696K(2048K)->1175K(1536K)
[309.922s][info][gc,heap        ] GC(606) ParOldGen: 433652K(443392K)->433668K(443392K)
[309.922s][info][gc,metaspace   ] GC(606) Metaspace: 57083K(57408K)->57083K(57408K) NonClass: 48803K(49024K)->48803K(49024K) Class: 8279K(8384K)->8279K(8384K)
[309.922s][info][gc             ] GC(606) Pause Young (Allocation Failure) 594M->424M(597M) 2.895ms
[309.922s][info][gc,cpu         ] GC(606) User=0.00s Sys=0.00s Real=0.00s
[310.333s][info][gc,start       ] GC(607) Pause Young (Allocation Failure)
[310.337s][info][gc,heap        ] GC(607) PSYoungGen: 168087K(168448K)->1887K(163328K) Eden: 166912K(166912K)->0K(161280K) From: 1175K(1536K)->1887K(2048K)
[310.337s][info][gc,heap        ] GC(607) ParOldGen: 433668K(443392K)->433684K(443392K)
[310.337s][info][gc,metaspace   ] GC(607) Metaspace: 57083K(57408K)->57083K(57408K) NonClass: 48803K(49024K)->48803K(49024K) Class: 8279K(8384K)->8279K(8384K)
[310.337s][info][gc             ] GC(607) Pause Young (Allocation Failure) 587M->425M(592M) 3.743ms
[310.337s][info][gc,cpu         ] GC(607) User=0.01s Sys=0.00s Real=0.00s
[310.733s][info][gc,start       ] GC(608) Pause Young (Allocation Failure)
[310.738s][info][gc,heap        ] GC(608) PSYoungGen: 163167K(163328K)->2240K(158208K) Eden: 161280K(161280K)->0K(155648K) From: 1887K(2048K)->2240K(2560K)
[310.738s][info][gc,heap        ] GC(608) ParOldGen: 433684K(443392K)->433700K(443392K)
[310.738s][info][gc,metaspace   ] GC(608) Metaspace: 57083K(57408K)->57083K(57408K) NonClass: 48803K(49024K)->48803K(49024K) Class: 8279K(8384K)->8279K(8384K)
[310.738s][info][gc             ] GC(608) Pause Young (Allocation Failure) 582M->425M(587M) 4.482ms
[310.738s][info][gc,cpu         ] GC(608) User=0.01s Sys=0.00s Real=0.00s
[311.303s][info][gc,start       ] GC(609) Pause Young (Allocation Failure)
[311.307s][info][gc,heap        ] GC(609) PSYoungGen: 157888K(158208K)->1696K(152576K) Eden: 155648K(155648K)->0K(150528K) From: 2240K(2560K)->1696K(2048K)
[311.307s][info][gc,heap        ] GC(609) ParOldGen: 433700K(443392K)->433716K(443392K)
[311.307s][info][gc,metaspace   ] GC(609) Metaspace: 57083K(57408K)->57083K(57408K) NonClass: 48803K(49024K)->48803K(49024K) Class: 8279K(8384K)->8279K(8384K)
[311.307s][info][gc             ] GC(609) Pause Young (Allocation Failure) 577M->425M(582M) 4.065ms
[311.307s][info][gc,cpu         ] GC(609) User=0.01s Sys=0.00s Real=0.00s
[311.630s][info][gc,start       ] GC(610) Pause Young (Allocation Failure)
[311.634s][info][gc,heap        ] GC(610) PSYoungGen: 152148K(152576K)->1472K(146944K) Eden: 150452K(150528K)->0K(145408K) From: 1696K(2048K)->1472K(1536K)
[311.634s][info][gc,heap        ] GC(610) ParOldGen: 433716K(443392K)->433732K(443392K)
[311.634s][info][gc,metaspace   ] GC(610) Metaspace: 57083K(57408K)->57083K(57408K) NonClass: 48803K(49024K)->48803K(49024K) Class: 8279K(8384K)->8279K(8384K)
[311.634s][info][gc             ] GC(610) Pause Young (Allocation Failure) 572M->425M(576M) 3.557ms
[311.634s][info][gc,cpu         ] GC(610) User=0.01s Sys=0.00s Real=0.01s
[312.017s][info][gc,start       ] GC(611) Pause Young (Allocation Failure)
[312.019s][info][gc,heap        ] GC(611) PSYoungGen: 146880K(146944K)->736K(141824K) Eden: 145408K(145408K)->0K(140800K) From: 1472K(1536K)->736K(1024K)
[312.019s][info][gc,heap        ] GC(611) ParOldGen: 433732K(443392K)->433748K(443392K)
[312.019s][info][gc,metaspace   ] GC(611) Metaspace: 57083K(57408K)->57083K(57408K) NonClass: 48803K(49024K)->48803K(49024K) Class: 8279K(8384K)->8279K(8384K)
[312.019s][info][gc             ] GC(611) Pause Young (Allocation Failure) 567M->424M(571M) 2.497ms
[312.019s][info][gc,cpu         ] GC(611) User=0.00s Sys=0.00s Real=0.00s
[312.342s][info][gc,start       ] GC(612) Pause Young (Allocation Failure)
[312.347s][info][gc,heap        ] GC(612) PSYoungGen: 141536K(141824K)->2048K(138240K) Eden: 140800K(140800K)->0K(136192K) From: 736K(1024K)->2048K(2048K)
[312.347s][info][gc,heap        ] GC(612) ParOldGen: 433748K(443392K)->433764K(443392K)
[312.347s][info][gc,metaspace   ] GC(612) Metaspace: 57083K(57408K)->57083K(57408K) NonClass: 48803K(49024K)->48803K(49024K) Class: 8279K(8384K)->8279K(8384K)
[312.347s][info][gc             ] GC(612) Pause Young (Allocation Failure) 561M->425M(568M) 4.335ms
[312.347s][info][gc,cpu         ] GC(612) User=0.01s Sys=0.00s Real=0.01s
[312.721s][info][gc,start       ] GC(613) Pause Young (Allocation Failure)
[312.724s][info][gc,heap        ] GC(613) PSYoungGen: 138240K(138240K)->1343K(133120K) Eden: 136192K(136192K)->0K(131584K) From: 2048K(2048K)->1343K(1536K)
[312.724s][info][gc,heap        ] GC(613) ParOldGen: 433764K(443392K)->433780K(443392K)
[312.724s][info][gc,metaspace   ] GC(613) Metaspace: 57083K(57408K)->57083K(57408K) NonClass: 48803K(49024K)->48803K(49024K) Class: 8279K(8384K)->8279K(8384K)
[312.724s][info][gc             ] GC(613) Pause Young (Allocation Failure) 558M->424M(563M) 3.062ms
[312.724s][info][gc,cpu         ] GC(613) User=0.00s Sys=0.00s Real=0.01s
[313.035s][info][gc,start       ] GC(614) Pause Young (Allocation Failure)
[313.039s][info][gc,heap        ] GC(614) PSYoungGen: 132927K(133120K)->1824K(129536K) Eden: 131584K(131584K)->0K(127488K) From: 1343K(1536K)->1824K(2048K)
[313.039s][info][gc,heap        ] GC(614) ParOldGen: 433780K(443392K)->433796K(443392K)
[313.039s][info][gc,metaspace   ] GC(614) Metaspace: 57083K(57408K)->57083K(57408K) NonClass: 48803K(49024K)->48803K(49024K) Class: 8279K(8384K)->8279K(8384K)
[313.039s][info][gc             ] GC(614) Pause Young (Allocation Failure) 553M->425M(559M) 3.945ms
[313.039s][info][gc,cpu         ] GC(614) User=0.01s Sys=0.00s Real=0.00s
[313.347s][info][gc,start       ] GC(615) Pause Young (Allocation Failure)
[313.352s][info][gc,heap        ] GC(615) PSYoungGen: 129312K(129536K)->2463K(154624K) Eden: 127488K(127488K)->0K(152064K) From: 1824K(2048K)->2463K(2560K)
[313.352s][info][gc,heap        ] GC(615) ParOldGen: 433796K(443392K)->433812K(443392K)
[313.352s][info][gc,metaspace   ] GC(615) Metaspace: 57083K(57408K)->57083K(57408K) NonClass: 48803K(49024K)->48803K(49024K) Class: 8279K(8384K)->8279K(8384K)
[313.352s][info][gc             ] GC(615) Pause Young (Allocation Failure) 549M->426M(584M) 4.495ms
[313.352s][info][gc,cpu         ] GC(615) User=0.00s Sys=0.01s Real=0.00s
[313.734s][info][gc,start       ] GC(616) Pause Young (Allocation Failure)
[313.739s][info][gc,heap        ] GC(616) PSYoungGen: 154527K(154624K)->2048K(183808K) Eden: 152064K(152064K)->0K(181760K) From: 2463K(2560K)->2048K(2048K)
[313.739s][info][gc,heap        ] GC(616) ParOldGen: 433812K(443392K)->434315K(443392K)
[313.739s][info][gc,metaspace   ] GC(616) Metaspace: 57083K(57408K)->57083K(57408K) NonClass: 48803K(49024K)->48803K(49024K) Class: 8279K(8384K)->8279K(8384K)
[313.739s][info][gc             ] GC(616) Pause Young (Allocation Failure) 574M->426M(612M) 4.783ms
[313.739s][info][gc,cpu         ] GC(616) User=0.01s Sys=0.00s Real=0.00s
[314.224s][info][gc,start       ] GC(617) Pause Young (Allocation Failure)
[314.230s][info][gc,heap        ] GC(617) PSYoungGen: 183808K(183808K)->1376K(218112K) Eden: 181760K(181760K)->0K(216576K) From: 2048K(2048K)->1376K(1536K)
[314.230s][info][gc,heap        ] GC(617) ParOldGen: 434315K(443392K)->436347K(443392K)
[314.230s][info][gc,metaspace   ] GC(617) Metaspace: 57083K(57408K)->57083K(57408K) NonClass: 48803K(49024K)->48803K(49024K) Class: 8279K(8384K)->8279K(8384K)
[314.230s][info][gc             ] GC(617) Pause Young (Allocation Failure) 603M->427M(646M) 5.764ms
[314.230s][info][gc,cpu         ] GC(617) User=0.01s Sys=0.00s Real=0.00s
[314.746s][info][gc,start       ] GC(618) Pause Young (Allocation Failure)
[314.753s][info][gc,heap        ] GC(618) PSYoungGen: 217855K(218112K)->1888K(260608K) Eden: 216479K(216576K)->0K(258560K) From: 1376K(1536K)->1888K(2048K)
[314.753s][info][gc,heap        ] GC(618) ParOldGen: 436347K(443392K)->436555K(443392K)
[314.753s][info][gc,metaspace   ] GC(618) Metaspace: 57083K(57408K)->57083K(57408K) NonClass: 48803K(49024K)->48803K(49024K) Class: 8279K(8384K)->8279K(8384K)
[314.753s][info][gc             ] GC(618) Pause Young (Allocation Failure) 638M->428M(687M) 6.671ms
[314.753s][info][gc,cpu         ] GC(618) User=0.01s Sys=0.00s Real=0.01s
[315.469s][info][gc,start       ] GC(619) Pause Young (Allocation Failure)
[315.471s][info][gc,heap        ] GC(619) PSYoungGen: 260180K(260608K)->320K(248832K) Eden: 258292K(258560K)->0K(248320K) From: 1888K(2048K)->320K(512K)
[315.471s][info][gc,heap        ] GC(619) ParOldGen: 436555K(443392K)->436571K(443392K)
[315.471s][info][gc,metaspace   ] GC(619) Metaspace: 57083K(57408K)->57083K(57408K) NonClass: 48803K(49024K)->48803K(49024K) Class: 8279K(8384K)->8279K(8384K)
[315.471s][info][gc             ] GC(619) Pause Young (Allocation Failure) 680M->426M(676M) 2.150ms
[315.471s][info][gc,cpu         ] GC(619) User=0.00s Sys=0.00s Real=0.00s
[316.039s][info][gc,start       ] GC(620) Pause Young (Allocation Failure)
[316.043s][info][gc,heap        ] GC(620) PSYoungGen: 248640K(248832K)->2207K(241152K) Eden: 248320K(248320K)->0K(238592K) From: 320K(512K)->2207K(2560K)
[316.043s][info][gc,heap        ] GC(620) ParOldGen: 436571K(443392K)->436587K(443392K)
[316.043s][info][gc,metaspace   ] GC(620) Metaspace: 57083K(57408K)->57083K(57408K) NonClass: 48803K(49024K)->48803K(49024K) Class: 8279K(8384K)->8279K(8384K)
[316.043s][info][gc             ] GC(620) Pause Young (Allocation Failure) 669M->428M(668M) 4.280ms
[316.043s][info][gc,cpu         ] GC(620) User=0.01s Sys=0.00s Real=0.01s
[316.642s][info][gc,start       ] GC(621) Pause Young (Allocation Failure)
[316.647s][info][gc,heap        ] GC(621) PSYoungGen: 240799K(241152K)->2463K(231936K) Eden: 238592K(238592K)->0K(229376K) From: 2207K(2560K)->2463K(2560K)
[316.647s][info][gc,heap        ] GC(621) ParOldGen: 436587K(443392K)->436603K(443392K)
[316.647s][info][gc,metaspace   ] GC(621) Metaspace: 57083K(57408K)->57083K(57408K) NonClass: 48803K(49024K)->48803K(49024K) Class: 8279K(8384K)->8279K(8384K)
[316.647s][info][gc             ] GC(621) Pause Young (Allocation Failure) 661M->428M(659M) 4.657ms
[316.647s][info][gc,cpu         ] GC(621) User=0.01s Sys=0.00s Real=0.01s
[317.295s][info][gc,start       ] GC(622) Pause Young (Allocation Failure)
[317.300s][info][gc,heap        ] GC(622) PSYoungGen: 231839K(231936K)->2080K(223232K) Eden: 229375K(229376K)->0K(220672K) From: 2463K(2560K)->2080K(2560K)
[317.300s][info][gc,heap        ] GC(622) ParOldGen: 436603K(443392K)->436619K(443392K)
[317.300s][info][gc,metaspace   ] GC(622) Metaspace: 57083K(57408K)->57083K(57408K) NonClass: 48803K(49024K)->48803K(49024K) Class: 8279K(8384K)->8279K(8384K)
[317.300s][info][gc             ] GC(622) Pause Young (Allocation Failure) 652M->428M(651M) 4.308ms
[317.300s][info][gc,cpu         ] GC(622) User=0.01s Sys=0.00s Real=0.00s
[317.821s][info][gc,start       ] GC(623) Pause Young (Allocation Failure)
[317.824s][info][gc,heap        ] GC(623) PSYoungGen: 222752K(223232K)->1375K(214016K) Eden: 220672K(220672K)->0K(212480K) From: 2080K(2560K)->1375K(1536K)
[317.824s][info][gc,heap        ] GC(623) ParOldGen: 436619K(443392K)->436635K(443392K)
[317.824s][info][gc,metaspace   ] GC(623) Metaspace: 57083K(57408K)->57083K(57408K) NonClass: 48803K(49024K)->48803K(49024K) Class: 8279K(8384K)->8279K(8384K)
[317.824s][info][gc             ] GC(623) Pause Young (Allocation Failure) 643M->427M(642M) 3.172ms
[317.824s][info][gc,cpu         ] GC(623) User=0.01s Sys=0.00s Real=0.01s
[318.343s][info][gc,start       ] GC(624) Pause Young (Allocation Failure)
[318.347s][info][gc,heap        ] GC(624) PSYoungGen: 213855K(214016K)->2751K(207872K) Eden: 212480K(212480K)->0K(204800K) From: 1375K(1536K)->2751K(3072K)
[318.347s][info][gc,heap        ] GC(624) ParOldGen: 436635K(443392K)->436651K(443392K)
[318.347s][info][gc,metaspace   ] GC(624) Metaspace: 57083K(57408K)->57083K(57408K) NonClass: 48803K(49024K)->48803K(49024K) Class: 8279K(8384K)->8279K(8384K)
[318.347s][info][gc             ] GC(624) Pause Young (Allocation Failure) 635M->429M(636M) 4.791ms
[318.347s][info][gc,cpu         ] GC(624) User=0.01s Sys=0.00s Real=0.01s
[318.861s][info][gc,start       ] GC(625) Pause Young (Allocation Failure)
[318.864s][info][gc,heap        ] GC(625) PSYoungGen: 207374K(207872K)->832K(198144K) Eden: 204623K(204800K)->0K(197120K) From: 2751K(3072K)->832K(1024K)
[318.864s][info][gc,heap        ] GC(625) ParOldGen: 436651K(443392K)->436667K(443392K)
[318.864s][info][gc,metaspace   ] GC(625) Metaspace: 57083K(57408K)->57083K(57408K) NonClass: 48803K(49024K)->48803K(49024K) Class: 8279K(8384K)->8279K(8384K)
[318.864s][info][gc             ] GC(625) Pause Young (Allocation Failure) 628M->427M(626M) 2.936ms
[318.864s][info][gc,cpu         ] GC(625) User=0.00s Sys=0.00s Real=0.01s
[319.356s][info][gc,start       ] GC(626) Pause Young (Allocation Failure)
[319.359s][info][gc,heap        ] GC(626) PSYoungGen: 197853K(198144K)->1439K(191488K) Eden: 197021K(197120K)->0K(189952K) From: 832K(1024K)->1439K(1536K)
[319.359s][info][gc,heap        ] GC(626) ParOldGen: 436667K(443392K)->436683K(443392K)
[319.359s][info][gc,metaspace   ] GC(626) Metaspace: 57083K(57408K)->57083K(57408K) NonClass: 48803K(49024K)->48803K(49024K) Class: 8279K(8384K)->8279K(8384K)
[319.359s][info][gc             ] GC(626) Pause Young (Allocation Failure) 619M->427M(620M) 3.301ms
[319.359s][info][gc,cpu         ] GC(626) User=0.00s Sys=0.00s Real=0.00s
[319.846s][info][gc,start       ] GC(627) Pause Young (Allocation Failure)
[319.850s][info][gc,heap        ] GC(627) PSYoungGen: 191391K(191488K)->2047K(185344K) Eden: 189952K(189952K)->0K(183296K) From: 1439K(1536K)->2047K(2048K)
[319.850s][info][gc,heap        ] GC(627) ParOldGen: 436683K(443392K)->436699K(443392K)
[319.850s][info][gc,metaspace   ] GC(627) Metaspace: 57083K(57408K)->57083K(57408K) NonClass: 48803K(49024K)->48803K(49024K) Class: 8279K(8384K)->8279K(8384K)
[319.850s][info][gc             ] GC(627) Pause Young (Allocation Failure) 613M->428M(614M) 4.588ms
[319.850s][info][gc,cpu         ] GC(627) User=0.00s Sys=0.00s Real=0.00s
[320.330s][info][gc,start       ] GC(628) Pause Young (Allocation Failure)
[320.334s][info][gc,heap        ] GC(628) PSYoungGen: 185262K(185344K)->1728K(178688K) Eden: 183215K(183296K)->0K(176640K) From: 2047K(2048K)->1728K(2048K)
[320.334s][info][gc,heap        ] GC(628) ParOldGen: 436699K(443392K)->436715K(443392K)
[320.334s][info][gc,metaspace   ] GC(628) Metaspace: 57083K(57408K)->57083K(57408K) NonClass: 48803K(49024K)->48803K(49024K) Class: 8279K(8384K)->8279K(8384K)
[320.334s][info][gc             ] GC(628) Pause Young (Allocation Failure) 607M->428M(607M) 3.923ms
[320.334s][info][gc,cpu         ] GC(628) User=0.01s Sys=0.00s Real=0.01s
[320.774s][info][gc,start       ] GC(629) Pause Young (Allocation Failure)
[320.778s][info][gc,heap        ] GC(629) PSYoungGen: 178368K(178688K)->2109K(173056K) Eden: 176640K(176640K)->0K(170496K) From: 1728K(2048K)->2109K(2560K)
[320.778s][info][gc,heap        ] GC(629) ParOldGen: 436715K(443392K)->436731K(443392K)
[320.778s][info][gc,metaspace   ] GC(629) Metaspace: 57083K(57408K)->57083K(57408K) NonClass: 48803K(49024K)->48803K(49024K) Class: 8279K(8384K)->8279K(8384K)
[320.778s][info][gc             ] GC(629) Pause Young (Allocation Failure) 600M->428M(602M) 3.455ms
[320.778s][info][gc,cpu         ] GC(629) User=0.01s Sys=0.00s Real=0.00s
[321.223s][info][gc,start       ] GC(630) Pause Young (Allocation Failure)
[321.226s][info][gc,heap        ] GC(630) PSYoungGen: 172605K(173056K)->1567K(166400K) Eden: 170496K(170496K)->0K(164352K) From: 2109K(2560K)->1567K(2048K)
[321.226s][info][gc,heap        ] GC(630) ParOldGen: 436731K(443392K)->436747K(443392K)
[321.226s][info][gc,metaspace   ] GC(630) Metaspace: 57083K(57408K)->57083K(57408K) NonClass: 48803K(49024K)->48803K(49024K) Class: 8279K(8384K)->8279K(8384K)
[321.226s][info][gc             ] GC(630) Pause Young (Allocation Failure) 595M->428M(595M) 3.294ms
[321.226s][info][gc,cpu         ] GC(630) User=0.00s Sys=0.00s Real=0.01s
[321.636s][info][gc,start       ] GC(631) Pause Young (Allocation Failure)
[321.640s][info][gc,heap        ] GC(631) PSYoungGen: 165919K(166400K)->2175K(161280K) Eden: 164352K(164352K)->0K(158720K) From: 1567K(2048K)->2175K(2560K)
[321.640s][info][gc,heap        ] GC(631) ParOldGen: 436747K(443392K)->436763K(443392K)
[321.640s][info][gc,metaspace   ] GC(631) Metaspace: 57083K(57408K)->57083K(57408K) NonClass: 48803K(49024K)->48803K(49024K) Class: 8279K(8384K)->8279K(8384K)
[321.640s][info][gc             ] GC(631) Pause Young (Allocation Failure) 588M->428M(590M) 4.144ms
[321.640s][info][gc,cpu         ] GC(631) User=0.01s Sys=0.00s Real=0.00s
[322.218s][info][gc,start       ] GC(632) Pause Young (Allocation Failure)
[322.221s][info][gc,heap        ] GC(632) PSYoungGen: 160895K(161280K)->1407K(155136K) Eden: 158720K(158720K)->0K(153600K) From: 2175K(2560K)->1407K(1536K)
[322.221s][info][gc,heap        ] GC(632) ParOldGen: 436763K(443392K)->436779K(443392K)
[322.221s][info][gc,metaspace   ] GC(632) Metaspace: 57083K(57408K)->57083K(57408K) NonClass: 48803K(49024K)->48803K(49024K) Class: 8279K(8384K)->8279K(8384K)
[322.221s][info][gc             ] GC(632) Pause Young (Allocation Failure) 583M->427M(584M) 3.084ms
[322.221s][info][gc,cpu         ] GC(632) User=0.00s Sys=0.00s Real=0.00s
[322.529s][info][gc,start       ] GC(633) Pause Young (Allocation Failure)
[322.535s][info][gc,heap        ] GC(633) PSYoungGen: 155007K(155136K)->1471K(184832K) Eden: 153600K(153600K)->0K(183296K) From: 1407K(1536K)->1471K(1536K)
[322.535s][info][gc,heap        ] GC(633) ParOldGen: 436779K(443392K)->436795K(443392K)
[322.535s][info][gc,metaspace   ] GC(633) Metaspace: 57083K(57408K)->57083K(57408K) NonClass: 48803K(49024K)->48803K(49024K) Class: 8279K(8384K)->8279K(8384K)
[322.535s][info][gc             ] GC(633) Pause Young (Allocation Failure) 577M->427M(613M) 6.340ms
[322.535s][info][gc,cpu         ] GC(633) User=0.01s Sys=0.00s Real=0.01s
[323.013s][info][gc,start       ] GC(634) Pause Young (Allocation Failure)
[323.016s][info][gc,heap        ] GC(634) PSYoungGen: 184767K(184832K)->951K(177664K) Eden: 183296K(183296K)->0K(176640K) From: 1471K(1536K)->951K(1024K)
[323.016s][info][gc,heap        ] GC(634) ParOldGen: 436795K(443392K)->436811K(443392K)
[323.016s][info][gc,metaspace   ] GC(634) Metaspace: 57083K(57408K)->57083K(57408K) NonClass: 48803K(49024K)->48803K(49024K) Class: 8279K(8384K)->8279K(8384K)
[323.016s][info][gc             ] GC(634) Pause Young (Allocation Failure) 606M->427M(606M) 3.181ms
[323.016s][info][gc,cpu         ] GC(634) User=0.00s Sys=0.00s Real=0.00s
[323.434s][info][gc,start       ] GC(635) Pause Young (Allocation Failure)
[323.437s][info][gc,heap        ] GC(635) PSYoungGen: 177591K(177664K)->1471K(172032K) Eden: 176640K(176640K)->0K(170496K) From: 951K(1024K)->1471K(1536K)
[323.437s][info][gc,heap        ] GC(635) ParOldGen: 436811K(443392K)->436827K(443392K)
[323.437s][info][gc,metaspace   ] GC(635) Metaspace: 57083K(57408K)->57083K(57408K) NonClass: 48803K(49024K)->48803K(49024K) Class: 8279K(8384K)->8279K(8384K)
[323.437s][info][gc             ] GC(635) Pause Young (Allocation Failure) 600M->428M(601M) 3.291ms
[323.437s][info][gc,cpu         ] GC(635) User=0.00s Sys=0.00s Real=0.00s
[323.853s][info][gc,start       ] GC(636) Pause Young (Allocation Failure)
[323.856s][info][gc,heap        ] GC(636) PSYoungGen: 171967K(172032K)->927K(165376K) Eden: 170495K(170496K)->0K(164352K) From: 1471K(1536K)->927K(1024K)
[323.856s][info][gc,heap        ] GC(636) ParOldGen: 436827K(443392K)->436843K(443392K)
[323.856s][info][gc,metaspace   ] GC(636) Metaspace: 57083K(57408K)->57083K(57408K) NonClass: 48803K(49024K)->48803K(49024K) Class: 8279K(8384K)->8279K(8384K)
[323.856s][info][gc             ] GC(636) Pause Young (Allocation Failure) 594M->427M(594M) 2.600ms
[323.856s][info][gc,cpu         ] GC(636) User=0.00s Sys=0.00s Real=0.00s
[324.317s][info][gc,start       ] GC(637) Pause Young (Allocation Failure)
[324.320s][info][gc,heap        ] GC(637) PSYoungGen: 165279K(165376K)->768K(159744K) Eden: 164352K(164352K)->0K(158720K) From: 927K(1024K)->768K(1024K)
[324.320s][info][gc,heap        ] GC(637) ParOldGen: 436843K(443392K)->436859K(443392K)
[324.320s][info][gc,metaspace   ] GC(637) Metaspace: 57083K(57408K)->57083K(57408K) NonClass: 48803K(49024K)->48803K(49024K) Class: 8279K(8384K)->8279K(8384K)
[324.320s][info][gc             ] GC(637) Pause Young (Allocation Failure) 588M->427M(589M) 2.601ms
[324.320s][info][gc,cpu         ] GC(637) User=0.01s Sys=0.00s Real=0.00s
[325.740s][info][gc,start       ] GC(638) Pause Young (Allocation Failure)
[325.742s][info][gc,heap        ] GC(638) PSYoungGen: 122783K(159744K)->64K(154112K) Eden: 122015K(158720K)->0K(153600K) From: 768K(1024K)->64K(512K)
[325.742s][info][gc,heap        ] GC(638) ParOldGen: 436859K(443392K)->436875K(443392K)
[325.742s][info][gc,metaspace   ] GC(638) Metaspace: 57091K(57408K)->57091K(57408K) NonClass: 48811K(49024K)->48811K(49024K) Class: 8279K(8384K)->8279K(8384K)
[325.742s][info][gc             ] GC(638) Pause Young (Allocation Failure) 546M->426M(583M) 1.979ms
[325.742s][info][gc,cpu         ] GC(638) User=0.00s Sys=0.00s Real=0.00s
[327.249s][info][gc,start       ] GC(639) Pause Young (Allocation Failure)
[327.311s][info][gc,heap        ] GC(639) PSYoungGen: 153664K(154112K)->3062K(186880K) Eden: 153600K(153600K)->0K(183808K) From: 64K(512K)->3062K(3072K)
[327.311s][info][gc,heap        ] GC(639) ParOldGen: 436875K(443392K)->532516K(533504K)
[327.311s][info][gc,metaspace   ] GC(639) Metaspace: 57298K(57664K)->57298K(57664K) NonClass: 49018K(49280K)->49018K(49280K) Class: 8279K(8384K)->8279K(8384K)
[327.311s][info][gc             ] GC(639) Pause Young (Allocation Failure) 576M->523M(703M) 62.200ms
[327.311s][info][gc,cpu         ] GC(639) User=0.06s Sys=0.06s Real=0.06s
[327.616s][info][gc,start       ] GC(640) Pause Young (Allocation Failure)
[327.639s][info][gc,heap        ] GC(640) PSYoungGen: 186870K(186880K)->15339K(222208K) Eden: 183808K(183808K)->0K(206848K) From: 3062K(3072K)->15339K(15360K)
[327.639s][info][gc,heap        ] GC(640) ParOldGen: 532516K(533504K)->537224K(537600K)
[327.639s][info][gc,metaspace   ] GC(640) Metaspace: 57298K(57664K)->57298K(57664K) NonClass: 49018K(49280K)->49018K(49280K) Class: 8279K(8384K)->8279K(8384K)
[327.639s][info][gc             ] GC(640) Pause Young (Allocation Failure) 702M->539M(742M) 22.570ms
[327.639s][info][gc,cpu         ] GC(640) User=0.03s Sys=0.01s Real=0.02s
[328.127s][info][gc,start       ] GC(641) Pause Young (Allocation Failure)
[328.140s][info][gc,heap        ] GC(641) PSYoungGen: 222187K(222208K)->1247K(246272K) Eden: 206848K(206848K)->0K(206848K) From: 15339K(15360K)->1247K(39424K)
[328.140s][info][gc,heap        ] GC(641) ParOldGen: 537224K(537600K)->551996K(552448K)
[328.141s][info][gc,metaspace   ] GC(641) Metaspace: 57298K(57664K)->57298K(57664K) NonClass: 49018K(49280K)->49018K(49280K) Class: 8279K(8384K)->8279K(8384K)
[328.141s][info][gc             ] GC(641) Pause Young (Allocation Failure) 741M->540M(780M) 13.295ms
[328.141s][info][gc,cpu         ] GC(641) User=0.01s Sys=0.02s Real=0.01s
[328.641s][info][gc,start       ] GC(642) Pause Young (Allocation Failure)
[328.647s][info][gc,heap        ] GC(642) PSYoungGen: 208095K(246272K)->2655K(283648K) Eden: 206848K(206848K)->0K(247808K) From: 1247K(39424K)->2655K(35840K)
[328.647s][info][gc,heap        ] GC(642) ParOldGen: 551996K(552448K)->552044K(552448K)
[328.647s][info][gc,metaspace   ] GC(642) Metaspace: 57298K(57664K)->57298K(57664K) NonClass: 49018K(49280K)->49018K(49280K) Class: 8279K(8384K)->8279K(8384K)
[328.647s][info][gc             ] GC(642) Pause Young (Allocation Failure) 742M->541M(816M) 5.839ms
[328.647s][info][gc,cpu         ] GC(642) User=0.01s Sys=0.00s Real=0.01s
[329.258s][info][gc,start       ] GC(643) Pause Young (Allocation Failure)
[329.261s][info][gc,heap        ] GC(643) PSYoungGen: 250463K(283648K)->831K(285184K) Eden: 247808K(247808K)->0K(247808K) From: 2655K(35840K)->831K(37376K)
[329.261s][info][gc,heap        ] GC(643) ParOldGen: 552044K(552448K)->552060K(552448K)
[329.261s][info][gc,metaspace   ] GC(643) Metaspace: 57298K(57664K)->57298K(57664K) NonClass: 49018K(49280K)->49018K(49280K) Class: 8279K(8384K)->8279K(8384K)
[329.261s][info][gc             ] GC(643) Pause Young (Allocation Failure) 783M->539M(818M) 2.640ms
[329.261s][info][gc,cpu         ] GC(643) User=0.01s Sys=0.00s Real=0.00s
[329.929s][info][gc,start       ] GC(644) Pause Young (Allocation Failure)
[329.933s][info][gc,heap        ] GC(644) PSYoungGen: 248639K(285184K)->1631K(292864K) Eden: 247808K(247808K)->0K(260096K) From: 831K(37376K)->1631K(32768K)
[329.933s][info][gc,heap        ] GC(644) ParOldGen: 552060K(552448K)->552076K(552448K)
[329.933s][info][gc,metaspace   ] GC(644) Metaspace: 57298K(57664K)->57298K(57664K) NonClass: 49018K(49280K)->49018K(49280K) Class: 8279K(8384K)->8279K(8384K)
[329.933s][info][gc             ] GC(644) Pause Young (Allocation Failure) 781M->540M(825M) 4.505ms
[329.933s][info][gc,cpu         ] GC(644) User=0.01s Sys=0.00s Real=0.01s
[330.605s][info][gc,start       ] GC(645) Pause Young (Allocation Failure)
[330.608s][info][gc,heap        ] GC(645) PSYoungGen: 261602K(292864K)->448K(294912K) Eden: 259970K(260096K)->0K(260096K) From: 1631K(32768K)->448K(34816K)
[330.608s][info][gc,heap        ] GC(645) ParOldGen: 552076K(552448K)->552092K(552448K)
[330.608s][info][gc,metaspace   ] GC(645) Metaspace: 57298K(57664K)->57298K(57664K) NonClass: 49018K(49280K)->49018K(49280K) Class: 8279K(8384K)->8279K(8384K)
[330.608s][info][gc             ] GC(645) Pause Young (Allocation Failure) 794M->539M(827M) 2.588ms
[330.608s][info][gc,cpu         ] GC(645) User=0.01s Sys=0.00s Real=0.00s
[331.236s][info][gc,start       ] GC(646) Pause Young (Allocation Failure)
[331.241s][info][gc,heap        ] GC(646) PSYoungGen: 260544K(294912K)->1952K(293888K) Eden: 260096K(260096K)->0K(265216K) From: 448K(34816K)->1952K(28672K)
[331.241s][info][gc,heap        ] GC(646) ParOldGen: 552092K(552448K)->552108K(552448K)
[331.241s][info][gc,metaspace   ] GC(646) Metaspace: 57298K(57664K)->57298K(57664K) NonClass: 49018K(49280K)->49018K(49280K) Class: 8279K(8384K)->8279K(8384K)
[331.241s][info][gc             ] GC(646) Pause Young (Allocation Failure) 793M->541M(826M) 5.276ms
[331.241s][info][gc,cpu         ] GC(646) User=0.01s Sys=0.00s Real=0.00s
[331.933s][info][gc,start       ] GC(647) Pause Young (Allocation Failure)
[331.938s][info][gc,heap        ] GC(647) PSYoungGen: 266962K(293888K)->1856K(296960K) Eden: 265010K(265216K)->0K(265216K) From: 1952K(28672K)->1856K(31744K)
[331.938s][info][gc,heap        ] GC(647) ParOldGen: 552108K(552448K)->552124K(552448K)
[331.938s][info][gc,metaspace   ] GC(647) Metaspace: 57298K(57664K)->57298K(57664K) NonClass: 49018K(49280K)->49018K(49280K) Class: 8279K(8384K)->8279K(8384K)
[331.938s][info][gc             ] GC(647) Pause Young (Allocation Failure) 799M->540M(829M) 5.008ms
[331.938s][info][gc,cpu         ] GC(647) User=0.01s Sys=0.00s Real=0.00s
[332.624s][info][gc,start       ] GC(648) Pause Young (Allocation Failure)
[332.628s][info][gc,heap        ] GC(648) PSYoungGen: 266904K(296960K)->1120K(263680K) Eden: 265048K(265216K)->0K(254976K) From: 1856K(31744K)->1120K(8704K)
[332.628s][info][gc,heap        ] GC(648) ParOldGen: 552124K(552448K)->552140K(552448K)
[332.628s][info][gc,metaspace   ] GC(648) Metaspace: 57298K(57664K)->57298K(57664K) NonClass: 49018K(49280K)->49018K(49280K) Class: 8279K(8384K)->8279K(8384K)
[332.628s][info][gc             ] GC(648) Pause Young (Allocation Failure) 799M->540M(797M) 3.766ms
[332.628s][info][gc,cpu         ] GC(648) User=0.01s Sys=0.00s Real=0.00s
[333.247s][info][gc,start       ] GC(649) Pause Young (Allocation Failure)
[333.251s][info][gc,heap        ] GC(649) PSYoungGen: 255870K(263680K)->2176K(247808K) Eden: 254750K(254976K)->0K(245248K) From: 1120K(8704K)->2176K(2560K)
[333.251s][info][gc,heap        ] GC(649) ParOldGen: 552140K(552448K)->552156K(552448K)
[333.252s][info][gc,metaspace   ] GC(649) Metaspace: 57298K(57664K)->57298K(57664K) NonClass: 49018K(49280K)->49018K(49280K) Class: 8279K(8384K)->8279K(8384K)
[333.252s][info][gc             ] GC(649) Pause Young (Allocation Failure) 789M->541M(781M) 4.950ms
[333.252s][info][gc,cpu         ] GC(649) User=0.01s Sys=0.00s Real=0.00s
[333.912s][info][gc,start       ] GC(650) Pause Young (Allocation Failure)
[333.914s][info][gc,heap        ] GC(650) PSYoungGen: 247424K(247808K)->130K(247296K) Eden: 245248K(245248K)->0K(236032K) From: 2176K(2560K)->130K(11264K)
[333.914s][info][gc,heap        ] GC(650) ParOldGen: 552156K(552448K)->552172K(552448K)
[333.914s][info][gc,metaspace   ] GC(650) Metaspace: 57298K(57664K)->57298K(57664K) NonClass: 49018K(49280K)->49018K(49280K) Class: 8279K(8384K)->8279K(8384K)
[333.914s][info][gc             ] GC(650) Pause Young (Allocation Failure) 780M->539M(781M) 2.411ms
[333.914s][info][gc,cpu         ] GC(650) User=0.01s Sys=0.00s Real=0.01s
[334.514s][info][gc,start       ] GC(651) Pause Young (Allocation Failure)
[334.516s][info][gc,heap        ] GC(651) PSYoungGen: 236162K(247296K)->444K(227328K) Eden: 236032K(236032K)->0K(226816K) From: 130K(11264K)->444K(512K)
[334.516s][info][gc,heap        ] GC(651) ParOldGen: 552172K(552448K)->552188K(552448K)
[334.516s][info][gc,metaspace   ] GC(651) Metaspace: 57298K(57664K)->57298K(57664K) NonClass: 49018K(49280K)->49018K(49280K) Class: 8279K(8384K)->8279K(8384K)
[334.516s][info][gc             ] GC(651) Pause Young (Allocation Failure) 769M->539M(761M) 2.438ms
[334.516s][info][gc,cpu         ] GC(651) User=0.00s Sys=0.00s Real=0.00s
[335.144s][info][gc,start       ] GC(652) Pause Young (Allocation Failure)
[335.148s][info][gc,heap        ] GC(652) PSYoungGen: 227260K(227328K)->1599K(230400K) Eden: 226816K(226816K)->0K(218112K) From: 444K(512K)->1599K(12288K)
[335.148s][info][gc,heap        ] GC(652) ParOldGen: 552188K(552448K)->552204K(552448K)
[335.148s][info][gc,metaspace   ] GC(652) Metaspace: 57298K(57664K)->57298K(57664K) NonClass: 49018K(49280K)->49018K(49280K) Class: 8279K(8384K)->8279K(8384K)
[335.148s][info][gc             ] GC(652) Pause Young (Allocation Failure) 761M->540M(764M) 3.917ms
[335.148s][info][gc,cpu         ] GC(652) User=0.01s Sys=0.01s Real=0.00s
[335.631s][info][gc,start       ] GC(653) Pause Young (Allocation Failure)
[335.635s][info][gc,heap        ] GC(653) PSYoungGen: 219711K(230400K)->1376K(211456K) Eden: 218112K(218112K)->0K(209920K) From: 1599K(12288K)->1376K(1536K)
[335.635s][info][gc,heap        ] GC(653) ParOldGen: 552204K(552448K)->552220K(552448K)
[335.635s][info][gc,metaspace   ] GC(653) Metaspace: 57298K(57664K)->57298K(57664K) NonClass: 49018K(49280K)->49018K(49280K) Class: 8279K(8384K)->8279K(8384K)
[335.635s][info][gc             ] GC(653) Pause Young (Allocation Failure) 753M->540M(746M) 4.350ms
[335.635s][info][gc,cpu         ] GC(653) User=0.01s Sys=0.00s Real=0.01s
[336.153s][info][gc,start       ] GC(654) Pause Young (Allocation Failure)
[336.158s][info][gc,heap        ] GC(654) PSYoungGen: 211086K(211456K)->1792K(213504K) Eden: 209710K(209920K)->0K(202240K) From: 1376K(1536K)->1792K(11264K)
[336.158s][info][gc,heap        ] GC(654) ParOldGen: 552220K(552448K)->552236K(552448K)
[336.158s][info][gc,metaspace   ] GC(654) Metaspace: 57298K(57664K)->57298K(57664K) NonClass: 49018K(49280K)->49018K(49280K) Class: 8279K(8384K)->8279K(8384K)
[336.158s][info][gc             ] GC(654) Pause Young (Allocation Failure) 745M->541M(748M) 5.177ms
[336.158s][info][gc,cpu         ] GC(654) User=0.01s Sys=0.00s Real=0.01s
[336.655s][info][gc,start       ] GC(655) Pause Young (Allocation Failure)
[336.658s][info][gc,heap        ] GC(655) PSYoungGen: 204032K(213504K)->863K(196096K) Eden: 202240K(202240K)->0K(195072K) From: 1792K(11264K)->863K(1024K)
[336.658s][info][gc,heap        ] GC(655) ParOldGen: 552236K(552448K)->552252K(552448K)
[336.658s][info][gc,metaspace   ] GC(655) Metaspace: 57298K(57664K)->57298K(57664K) NonClass: 49018K(49280K)->49018K(49280K) Class: 8279K(8384K)->8279K(8384K)
[336.658s][info][gc             ] GC(655) Pause Young (Allocation Failure) 738M->540M(731M) 3.122ms
[336.658s][info][gc,cpu         ] GC(655) User=0.01s Sys=0.00s Real=0.00s
[337.158s][info][gc,start       ] GC(656) Pause Young (Allocation Failure)
[337.161s][info][gc,heap        ] GC(656) PSYoungGen: 195935K(196096K)->1247K(198144K) Eden: 195071K(195072K)->0K(187904K) From: 863K(1024K)->1247K(10240K)
[337.161s][info][gc,heap        ] GC(656) ParOldGen: 552252K(552448K)->552268K(552448K)
[337.161s][info][gc,metaspace   ] GC(656) Metaspace: 57298K(57664K)->57298K(57664K) NonClass: 49018K(49280K)->49018K(49280K) Class: 8279K(8384K)->8279K(8384K)
[337.162s][info][gc             ] GC(656) Pause Young (Allocation Failure) 730M->540M(733M) 3.781ms
[337.162s][info][gc,cpu         ] GC(656) User=0.00s Sys=0.00s Real=0.00s
[337.710s][info][gc,start       ] GC(657) Pause Young (Allocation Failure)
[337.714s][info][gc,heap        ] GC(657) PSYoungGen: 189151K(198144K)->1503K(182784K) Eden: 187904K(187904K)->0K(181248K) From: 1247K(10240K)->1503K(1536K)
[337.714s][info][gc,heap        ] GC(657) ParOldGen: 552268K(552448K)->552284K(552448K)
[337.714s][info][gc,metaspace   ] GC(657) Metaspace: 57298K(57664K)->57298K(57664K) NonClass: 49018K(49280K)->49018K(49280K) Class: 8279K(8384K)->8279K(8384K)
[337.714s][info][gc             ] GC(657) Pause Young (Allocation Failure) 724M->540M(718M) 3.952ms
[337.714s][info][gc,cpu         ] GC(657) User=0.01s Sys=0.00s Real=0.01s
[338.124s][info][gc,start       ] GC(658) Pause Young (Allocation Failure)
[338.128s][info][gc,heap        ] GC(658) PSYoungGen: 182751K(182784K)->1663K(182784K) Eden: 181248K(181248K)->0K(174592K) From: 1503K(1536K)->1663K(8192K)
[338.128s][info][gc,heap        ] GC(658) ParOldGen: 552284K(552448K)->552300K(552448K)
[338.128s][info][gc,metaspace   ] GC(658) Metaspace: 57298K(57664K)->57298K(57664K) NonClass: 49018K(49280K)->49018K(49280K) Class: 8279K(8384K)->8279K(8384K)
[338.128s][info][gc             ] GC(658) Pause Young (Allocation Failure) 717M->540M(718M) 4.150ms
[338.128s][info][gc,cpu         ] GC(658) User=0.00s Sys=0.00s Real=0.00s
[338.549s][info][gc,start       ] GC(659) Pause Young (Allocation Failure)
[338.554s][info][gc,heap        ] GC(659) PSYoungGen: 176255K(182784K)->2047K(170496K) Eden: 174592K(174592K)->0K(168448K) From: 1663K(8192K)->2047K(2048K)
[338.554s][info][gc,heap        ] GC(659) ParOldGen: 552300K(552448K)->552316K(552448K)
[338.554s][info][gc,metaspace   ] GC(659) Metaspace: 57298K(57664K)->57298K(57664K) NonClass: 49018K(49280K)->49018K(49280K) Class: 8279K(8384K)->8279K(8384K)
[338.554s][info][gc             ] GC(659) Pause Young (Allocation Failure) 711M->541M(706M) 4.836ms
[338.554s][info][gc,cpu         ] GC(659) User=0.01s Sys=0.00s Real=0.01s
[339.030s][info][gc,start       ] GC(660) Pause Young (Allocation Failure)
[339.033s][info][gc,heap        ] GC(660) PSYoungGen: 170495K(170496K)->479K(169472K) Eden: 168448K(168448K)->0K(162816K) From: 2047K(2048K)->479K(6656K)
[339.033s][info][gc,heap        ] GC(660) ParOldGen: 552316K(552448K)->552332K(552448K)
[339.033s][info][gc,metaspace   ] GC(660) Metaspace: 57298K(57664K)->57298K(57664K) NonClass: 49018K(49280K)->49018K(49280K) Class: 8279K(8384K)->8279K(8384K)
[339.033s][info][gc             ] GC(660) Pause Young (Allocation Failure) 705M->539M(705M) 3.001ms
[339.033s][info][gc,cpu         ] GC(660) User=0.00s Sys=0.00s Real=0.00s
[339.423s][info][gc,start       ] GC(661) Pause Young (Allocation Failure)
[339.426s][info][gc,heap        ] GC(661) PSYoungGen: 163295K(169472K)->1215K(158720K) Eden: 162816K(162816K)->0K(157184K) From: 479K(6656K)->1215K(1536K)
[339.426s][info][gc,heap        ] GC(661) ParOldGen: 552332K(552448K)->552348K(552448K)
[339.426s][info][gc,metaspace   ] GC(661) Metaspace: 57298K(57664K)->57298K(57664K) NonClass: 49018K(49280K)->49018K(49280K) Class: 8279K(8384K)->8279K(8384K)
[339.426s][info][gc             ] GC(661) Pause Young (Allocation Failure) 698M->540M(694M) 3.499ms
[339.426s][info][gc,cpu         ] GC(661) User=0.00s Sys=0.00s Real=0.01s
[339.824s][info][gc,start       ] GC(662) Pause Young (Allocation Failure)
[339.828s][info][gc,heap        ] GC(662) PSYoungGen: 158399K(158720K)->1567K(157696K) Eden: 157184K(157184K)->0K(152064K) From: 1215K(1536K)->1567K(5632K)
[339.828s][info][gc,heap        ] GC(662) ParOldGen: 552348K(552448K)->552364K(552448K)
[339.828s][info][gc,metaspace   ] GC(662) Metaspace: 57298K(57664K)->57298K(57664K) NonClass: 49018K(49280K)->49018K(49280K) Class: 8279K(8384K)->8279K(8384K)
[339.828s][info][gc             ] GC(662) Pause Young (Allocation Failure) 694M->540M(693M) 3.911ms
[339.828s][info][gc,cpu         ] GC(662) User=0.01s Sys=0.00s Real=0.00s
[340.259s][info][gc,start       ] GC(663) Pause Young (Allocation Failure)
[340.268s][info][gc,heap        ] GC(663) PSYoungGen: 153631K(157696K)->608K(164352K) Eden: 152064K(152064K)->0K(152064K) From: 1567K(5632K)->608K(12288K)
[340.268s][info][gc,heap        ] GC(663) ParOldGen: 552364K(552448K)->552380K(552448K)
[340.268s][info][gc,metaspace   ] GC(663) Metaspace: 57298K(57664K)->57298K(57664K) NonClass: 49018K(49280K)->49018K(49280K) Class: 8279K(8384K)->8279K(8384K)
[340.268s][info][gc             ] GC(663) Pause Young (Allocation Failure) 689M->540M(700M) 8.680ms
[340.268s][info][gc,cpu         ] GC(663) User=0.01s Sys=0.00s Real=0.01s
[340.559s][info][gc,start       ] GC(664) Pause Young (Allocation Failure)
[340.565s][info][gc,heap        ] GC(664) PSYoungGen: 152672K(164352K)->1023K(191488K) Eden: 152064K(152064K)->0K(181760K) From: 608K(12288K)->1023K(9728K)
[340.565s][info][gc,heap        ] GC(664) ParOldGen: 552380K(552448K)->552396K(552448K)
[340.565s][info][gc,metaspace   ] GC(664) Metaspace: 57298K(57664K)->57298K(57664K) NonClass: 49018K(49280K)->49018K(49280K) Class: 8279K(8384K)->8279K(8384K)
[340.565s][info][gc             ] GC(664) Pause Young (Allocation Failure) 688M->540M(726M) 5.332ms
[340.565s][info][gc,cpu         ] GC(664) User=0.01s Sys=0.00s Real=0.01s
[341.039s][info][gc,start       ] GC(665) Pause Young (Allocation Failure)
[341.045s][info][gc,heap        ] GC(665) PSYoungGen: 182476K(191488K)->2048K(192512K) Eden: 181452K(181760K)->0K(181760K) From: 1023K(9728K)->2048K(10752K)
[341.045s][info][gc,heap        ] GC(665) ParOldGen: 552396K(552448K)->552412K(552448K)
[341.045s][info][gc,metaspace   ] GC(665) Metaspace: 57298K(57664K)->57298K(57664K) NonClass: 49018K(49280K)->49018K(49280K) Class: 8279K(8384K)->8279K(8384K)
[341.045s][info][gc             ] GC(665) Pause Young (Allocation Failure) 717M->541M(727M) 5.251ms
[341.045s][info][gc,cpu         ] GC(665) User=0.01s Sys=0.00s Real=0.01s
[341.523s][info][gc,start       ] GC(666) Pause Young (Allocation Failure)
[341.527s][info][gc,heap        ] GC(666) PSYoungGen: 183808K(192512K)->1407K(224256K) Eden: 181760K(181760K)->0K(216576K) From: 2048K(10752K)->1407K(7680K)
[341.527s][info][gc,heap        ] GC(666) ParOldGen: 552412K(552448K)->552428K(552448K)
[341.527s][info][gc,metaspace   ] GC(666) Metaspace: 57298K(57664K)->57298K(57664K) NonClass: 49018K(49280K)->49018K(49280K) Class: 8279K(8384K)->8279K(8384K)
[341.527s][info][gc             ] GC(666) Pause Young (Allocation Failure) 718M->540M(758M) 3.792ms
[341.527s][info][gc,cpu         ] GC(666) User=0.00s Sys=0.00s Real=0.00s
[342.053s][info][gc,start       ] GC(667) Pause Young (Allocation Failure)
[342.058s][info][gc,heap        ] GC(667) PSYoungGen: 217983K(224256K)->2143K(225792K) Eden: 216576K(216576K)->0K(216576K) From: 1407K(7680K)->2143K(9216K)
[342.058s][info][gc,heap        ] GC(667) ParOldGen: 552428K(552448K)->552444K(552448K)
[342.058s][info][gc,metaspace   ] GC(667) Metaspace: 57298K(57664K)->57298K(57664K) NonClass: 49018K(49280K)->49018K(49280K) Class: 8279K(8384K)->8279K(8384K)
[342.058s][info][gc             ] GC(667) Pause Young (Allocation Failure) 752M->541M(760M) 4.999ms
[342.058s][info][gc,cpu         ] GC(667) User=0.01s Sys=0.01s Real=0.00s
[342.623s][info][gc,start       ] GC(668) Pause Young (Allocation Failure)
[342.627s][info][gc,heap        ] GC(668) PSYoungGen: 218498K(225792K)->1088K(209920K) Eden: 216355K(216576K)->0K(208384K) From: 2143K(9216K)->1088K(1536K)
[342.627s][info][gc,heap        ] GC(668) ParOldGen: 552444K(552448K)->552460K(552960K)
[342.627s][info][gc,metaspace   ] GC(668) Metaspace: 57298K(57664K)->57298K(57664K) NonClass: 49018K(49280K)->49018K(49280K) Class: 8279K(8384K)->8279K(8384K)
[342.627s][info][gc             ] GC(668) Pause Young (Allocation Failure) 752M->540M(745M) 3.614ms
[342.627s][info][gc,cpu         ] GC(668) User=0.01s Sys=0.00s Real=0.00s
[343.138s][info][gc,start       ] GC(669) Pause Young (Allocation Failure)
[343.143s][info][gc,heap        ] GC(669) PSYoungGen: 209472K(209920K)->1792K(202752K) Eden: 208384K(208384K)->0K(200704K) From: 1088K(1536K)->1792K(2048K)
[343.143s][info][gc,heap        ] GC(669) ParOldGen: 552460K(552960K)->552476K(552960K)
[343.143s][info][gc,metaspace   ] GC(669) Metaspace: 57298K(57664K)->57298K(57664K) NonClass: 49018K(49280K)->49018K(49280K) Class: 8279K(8384K)->8279K(8384K)
[343.143s][info][gc             ] GC(669) Pause Young (Allocation Failure) 744M->541M(738M) 4.918ms
[343.143s][info][gc,cpu         ] GC(669) User=0.00s Sys=0.01s Real=0.01s
[343.646s][info][gc,start       ] GC(670) Pause Young (Allocation Failure)
[343.651s][info][gc,heap        ] GC(670) PSYoungGen: 202496K(202752K)->1855K(195584K) Eden: 200704K(200704K)->0K(193536K) From: 1792K(2048K)->1855K(2048K)
[343.651s][info][gc,heap        ] GC(670) ParOldGen: 552476K(552960K)->552492K(552960K)
[343.651s][info][gc,metaspace   ] GC(670) Metaspace: 57298K(57664K)->57298K(57664K) NonClass: 49018K(49280K)->49018K(49280K) Class: 8279K(8384K)->8279K(8384K)
[343.651s][info][gc             ] GC(670) Pause Young (Allocation Failure) 737M->541M(731M) 4.732ms
[343.651s][info][gc,cpu         ] GC(670) User=0.01s Sys=0.00s Real=0.00s
[344.141s][info][gc,start       ] GC(671) Pause Young (Allocation Failure)
[344.147s][info][gc,heap        ] GC(671) PSYoungGen: 195391K(195584K)->2623K(233984K) Eden: 193536K(193536K)->0K(230912K) From: 1855K(2048K)->2623K(3072K)
[344.147s][info][gc,heap        ] GC(671) ParOldGen: 552492K(552960K)->552508K(552960K)
[344.147s][info][gc,metaspace   ] GC(671) Metaspace: 57298K(57664K)->57298K(57664K) NonClass: 49018K(49280K)->49018K(49280K) Class: 8279K(8384K)->8279K(8384K)
[344.147s][info][gc             ] GC(671) Pause Young (Allocation Failure) 730M->542M(768M) 6.026ms
[344.147s][info][gc,cpu         ] GC(671) User=0.01s Sys=0.01s Real=0.01s
[344.738s][info][gc,start       ] GC(672) Pause Young (Allocation Failure)
[344.742s][info][gc,heap        ] GC(672) PSYoungGen: 233535K(233984K)->1599K(224256K) Eden: 230912K(230912K)->0K(222208K) From: 2623K(3072K)->1599K(2048K)
[344.742s][info][gc,heap        ] GC(672) ParOldGen: 552508K(552960K)->552524K(552960K)
[344.742s][info][gc,metaspace   ] GC(672) Metaspace: 57298K(57664K)->57298K(57664K) NonClass: 49018K(49280K)->49018K(49280K) Class: 8279K(8384K)->8279K(8384K)
[344.742s][info][gc             ] GC(672) Pause Young (Allocation Failure) 767M->541M(759M) 3.984ms
[344.742s][info][gc,cpu         ] GC(672) User=0.01s Sys=0.00s Real=0.00s
[345.318s][info][gc,start       ] GC(673) Pause Young (Allocation Failure)
[345.321s][info][gc,heap        ] GC(673) PSYoungGen: 223807K(224256K)->669K(215040K) Eden: 222208K(222208K)->0K(214016K) From: 1599K(2048K)->669K(1024K)
[345.321s][info][gc,heap        ] GC(673) ParOldGen: 552524K(552960K)->552540K(552960K)
[345.321s][info][gc,metaspace   ] GC(673) Metaspace: 57298K(57664K)->57298K(57664K) NonClass: 49018K(49280K)->49018K(49280K) Class: 8279K(8384K)->8279K(8384K)
[345.321s][info][gc             ] GC(673) Pause Young (Allocation Failure) 758M->540M(750M) 2.944ms
[345.321s][info][gc,cpu         ] GC(673) User=0.00s Sys=0.01s Real=0.00s
[345.842s][info][gc,start       ] GC(674) Pause Young (Allocation Failure)
[345.847s][info][gc,heap        ] GC(674) PSYoungGen: 214685K(215040K)->1920K(207872K) Eden: 214016K(214016K)->0K(205824K) From: 669K(1024K)->1920K(2048K)
[345.847s][info][gc,heap        ] GC(674) ParOldGen: 552540K(552960K)->552556K(552960K)
[345.847s][info][gc,metaspace   ] GC(674) Metaspace: 57298K(57664K)->57298K(57664K) NonClass: 49018K(49280K)->49018K(49280K) Class: 8279K(8384K)->8279K(8384K)
[345.847s][info][gc             ] GC(674) Pause Young (Allocation Failure) 749M->541M(743M) 4.612ms
[345.847s][info][gc,cpu         ] GC(674) User=0.01s Sys=0.00s Real=0.01s
[346.400s][info][gc,start       ] GC(675) Pause Young (Allocation Failure)
[346.409s][info][gc,heap        ] GC(675) PSYoungGen: 207493K(207872K)->800K(244224K) Eden: 205573K(205824K)->0K(238080K) From: 1920K(2048K)->800K(6144K)
[346.409s][info][gc,heap        ] GC(675) ParOldGen: 552556K(552960K)->552572K(552960K)
[346.410s][info][gc,metaspace   ] GC(675) Metaspace: 57298K(57664K)->57298K(57664K) NonClass: 49018K(49280K)->49018K(49280K) Class: 8279K(8384K)->8279K(8384K)
[346.410s][info][gc             ] GC(675) Pause Young (Allocation Failure) 742M->540M(778M) 9.524ms
[346.410s][info][gc,cpu         ] GC(675) User=0.02s Sys=0.00s Real=0.01s
[347.012s][info][gc,start       ] GC(676) Pause Young (Allocation Failure)
[347.014s][info][gc,heap        ] GC(676) PSYoungGen: 238880K(244224K)->224K(229376K) Eden: 238080K(238080K)->0K(228864K) From: 800K(6144K)->224K(512K)
[347.014s][info][gc,heap        ] GC(676) ParOldGen: 552572K(552960K)->552588K(552960K)
[347.014s][info][gc,metaspace   ] GC(676) Metaspace: 57298K(57664K)->57298K(57664K) NonClass: 49018K(49280K)->49018K(49280K) Class: 8279K(8384K)->8279K(8384K)
[347.015s][info][gc             ] GC(676) Pause Young (Allocation Failure) 772M->539M(764M) 2.177ms
[347.015s][info][gc,cpu         ] GC(676) User=0.00s Sys=0.00s Real=0.01s
[347.563s][info][gc,start       ] GC(677) Pause Young (Allocation Failure)
[347.566s][info][gc,heap        ] GC(677) PSYoungGen: 228903K(229376K)->928K(225792K) Eden: 228679K(228864K)->0K(220160K) From: 224K(512K)->928K(5632K)
[347.566s][info][gc,heap        ] GC(677) ParOldGen: 552588K(552960K)->552604K(552960K)
[347.566s][info][gc,metaspace   ] GC(677) Metaspace: 57298K(57664K)->57298K(57664K) NonClass: 49018K(49280K)->49018K(49280K) Class: 8279K(8384K)->8279K(8384K)
[347.566s][info][gc             ] GC(677) Pause Young (Allocation Failure) 763M->540M(760M) 3.385ms
[347.566s][info][gc,cpu         ] GC(677) User=0.00s Sys=0.00s Real=0.01s
[348.131s][info][gc,start       ] GC(678) Pause Young (Allocation Failure)
[348.136s][info][gc,heap        ] GC(678) PSYoungGen: 221088K(225792K)->2079K(214528K) Eden: 220160K(220160K)->0K(211968K) From: 928K(5632K)->2079K(2560K)
[348.136s][info][gc,heap        ] GC(678) ParOldGen: 552604K(552960K)->552620K(552960K)
[348.136s][info][gc,metaspace   ] GC(678) Metaspace: 57298K(57664K)->57298K(57664K) NonClass: 49018K(49280K)->49018K(49280K) Class: 8279K(8384K)->8279K(8384K)
[348.136s][info][gc             ] GC(678) Pause Young (Allocation Failure) 755M->541M(749M) 4.744ms
[348.136s][info][gc,cpu         ] GC(678) User=0.01s Sys=0.00s Real=0.01s
[348.684s][info][gc,start       ] GC(679) Pause Young (Allocation Failure)
[348.687s][info][gc,heap        ] GC(679) PSYoungGen: 214047K(214528K)->64K(204800K) Eden: 211967K(211968K)->0K(204288K) From: 2079K(2560K)->64K(512K)
[348.687s][info][gc,heap        ] GC(679) ParOldGen: 552620K(552960K)->552636K(552960K)
[348.687s][info][gc,metaspace   ] GC(679) Metaspace: 57298K(57664K)->57298K(57664K) NonClass: 49018K(49280K)->49018K(49280K) Class: 8279K(8384K)->8279K(8384K)
[348.687s][info][gc             ] GC(679) Pause Young (Allocation Failure) 748M->539M(740M) 2.194ms
[348.687s][info][gc,cpu         ] GC(679) User=0.00s Sys=0.00s Real=0.00s
[349.225s][info][gc,start       ] GC(680) Pause Young (Allocation Failure)
[349.228s][info][gc,heap        ] GC(680) PSYoungGen: 204352K(204800K)->1183K(198144K) Eden: 204288K(204288K)->0K(196608K) From: 64K(512K)->1183K(1536K)
[349.228s][info][gc,heap        ] GC(680) ParOldGen: 552636K(552960K)->552652K(552960K)
[349.228s][info][gc,metaspace   ] GC(680) Metaspace: 57298K(57664K)->57298K(57664K) NonClass: 49018K(49280K)->49018K(49280K) Class: 8279K(8384K)->8279K(8384K)
[349.228s][info][gc             ] GC(680) Pause Young (Allocation Failure) 739M->540M(733M) 3.857ms
[349.228s][info][gc,cpu         ] GC(680) User=0.01s Sys=0.00s Real=0.00s
[349.728s][info][gc,start       ] GC(681) Pause Young (Allocation Failure)
[349.731s][info][gc,heap        ] GC(681) PSYoungGen: 197476K(198144K)->1344K(190976K) Eden: 196292K(196608K)->0K(189440K) From: 1183K(1536K)->1344K(1536K)
[349.731s][info][gc,heap        ] GC(681) ParOldGen: 552652K(552960K)->552668K(552960K)
[349.732s][info][gc,metaspace   ] GC(681) Metaspace: 57298K(57664K)->57298K(57664K) NonClass: 49018K(49280K)->49018K(49280K) Class: 8279K(8384K)->8279K(8384K)
[349.732s][info][gc             ] GC(681) Pause Young (Allocation Failure) 732M->541M(726M) 3.573ms
[349.732s][info][gc,cpu         ] GC(681) User=0.00s Sys=0.00s Real=0.00s
[350.245s][info][gc,start       ] GC(682) Pause Young (Allocation Failure)
[350.247s][info][gc,heap        ] GC(682) PSYoungGen: 190784K(190976K)->1023K(183808K) Eden: 189440K(189440K)->0K(182784K) From: 1344K(1536K)->1023K(1024K)
[350.247s][info][gc,heap        ] GC(682) ParOldGen: 552668K(552960K)->552684K(552960K)
[350.247s][info][gc,metaspace   ] GC(682) Metaspace: 57298K(57664K)->57298K(57664K) NonClass: 49018K(49280K)->49018K(49280K) Class: 8279K(8384K)->8279K(8384K)
[350.248s][info][gc             ] GC(682) Pause Young (Allocation Failure) 726M->540M(719M) 2.910ms
[350.248s][info][gc,cpu         ] GC(682) User=0.00s Sys=0.00s Real=0.00s
[350.649s][info][gc,start       ] GC(683) Pause Young (Allocation Failure)
[350.653s][info][gc,heap        ] GC(683) PSYoungGen: 183767K(183808K)->1920K(178176K) Eden: 182744K(182784K)->0K(176128K) From: 1023K(1024K)->1920K(2048K)
[350.653s][info][gc,heap        ] GC(683) ParOldGen: 552684K(552960K)->552700K(552960K)
[350.653s][info][gc,metaspace   ] GC(683) Metaspace: 57298K(57664K)->57298K(57664K) NonClass: 49018K(49280K)->49018K(49280K) Class: 8279K(8384K)->8279K(8384K)
[350.653s][info][gc             ] GC(683) Pause Young (Allocation Failure) 719M->541M(714M) 4.292ms
[350.653s][info][gc,cpu         ] GC(683) User=0.01s Sys=0.00s Real=0.01s
[351.122s][info][gc,start       ] GC(684) Pause Young (Allocation Failure)
[351.125s][info][gc,heap        ] GC(684) PSYoungGen: 178048K(178176K)->576K(171008K) Eden: 176128K(176128K)->0K(169984K) From: 1920K(2048K)->576K(1024K)
[351.125s][info][gc,heap        ] GC(684) ParOldGen: 552700K(552960K)->552716K(552960K)
[351.125s][info][gc,metaspace   ] GC(684) Metaspace: 57298K(57664K)->57298K(57664K) NonClass: 49018K(49280K)->49018K(49280K) Class: 8279K(8384K)->8279K(8384K)
[351.125s][info][gc             ] GC(684) Pause Young (Allocation Failure) 713M->540M(707M) 2.738ms
[351.125s][info][gc,cpu         ] GC(684) User=0.01s Sys=0.00s Real=0.01s
[351.634s][info][gc,start       ] GC(685) Pause Young (Allocation Failure)
[351.639s][info][gc,heap        ] GC(685) PSYoungGen: 170313K(171008K)->2688K(166912K) Eden: 169737K(169984K)->0K(163840K) From: 576K(1024K)->2688K(3072K)
[351.639s][info][gc,heap        ] GC(685) ParOldGen: 552716K(552960K)->552732K(552960K)
[351.639s][info][gc,metaspace   ] GC(685) Metaspace: 57298K(57664K)->57298K(57664K) NonClass: 49018K(49280K)->49018K(49280K) Class: 8279K(8384K)->8279K(8384K)
[351.639s][info][gc             ] GC(685) Pause Young (Allocation Failure) 706M->542M(703M) 5.561ms
[351.639s][info][gc,cpu         ] GC(685) User=0.01s Sys=0.00s Real=0.00s
[351.953s][info][gc,start       ] GC(686) Pause Young (Allocation Failure)
[351.957s][info][gc,heap        ] GC(686) PSYoungGen: 166528K(166912K)->1983K(160256K) Eden: 163840K(163840K)->0K(158208K) From: 2688K(3072K)->1983K(2048K)
[351.957s][info][gc,heap        ] GC(686) ParOldGen: 552732K(552960K)->552748K(552960K)
[351.957s][info][gc,metaspace   ] GC(686) Metaspace: 57298K(57664K)->57298K(57664K) NonClass: 49018K(49280K)->49018K(49280K) Class: 8279K(8384K)->8279K(8384K)
[351.957s][info][gc             ] GC(686) Pause Young (Allocation Failure) 702M->541M(696M) 4.355ms
[351.957s][info][gc,cpu         ] GC(686) User=0.01s Sys=0.00s Real=0.01s
[352.354s][info][gc,start       ] GC(687) Pause Young (Allocation Failure)
[352.358s][info][gc,heap        ] GC(687) PSYoungGen: 160191K(160256K)->1568K(155136K) Eden: 158208K(158208K)->0K(153088K) From: 1983K(2048K)->1568K(2048K)
[352.358s][info][gc,heap        ] GC(687) ParOldGen: 552748K(552960K)->552764K(552960K)
[352.358s][info][gc,metaspace   ] GC(687) Metaspace: 57298K(57664K)->57298K(57664K) NonClass: 49018K(49280K)->49018K(49280K) Class: 8279K(8384K)->8279K(8384K)
[352.358s][info][gc             ] GC(687) Pause Young (Allocation Failure) 696M->541M(691M) 3.948ms
[352.358s][info][gc,cpu         ] GC(687) User=0.01s Sys=0.00s Real=0.00s
[352.777s][info][gc,start       ] GC(688) Pause Young (Allocation Failure)
[352.782s][info][gc,heap        ] GC(688) PSYoungGen: 154362K(155136K)->2368K(185344K) Eden: 152794K(153088K)->0K(182784K) From: 1568K(2048K)->2368K(2560K)
[352.782s][info][gc,heap        ] GC(688) ParOldGen: 552764K(552960K)->552780K(552960K)
[352.782s][info][gc,metaspace   ] GC(688) Metaspace: 57298K(57664K)->57298K(57664K) NonClass: 49018K(49280K)->49018K(49280K) Class: 8279K(8384K)->8279K(8384K)
[352.782s][info][gc             ] GC(688) Pause Young (Allocation Failure) 690M->542M(721M) 4.991ms
[352.782s][info][gc,cpu         ] GC(688) User=0.01s Sys=0.00s Real=0.00s
[353.230s][info][gc,start       ] GC(689) Pause Young (Allocation Failure)
[353.234s][info][gc,heap        ] GC(689) PSYoungGen: 185144K(185344K)->1888K(178176K) Eden: 182776K(182784K)->0K(176128K) From: 2368K(2560K)->1888K(2048K)
[353.234s][info][gc,heap        ] GC(689) ParOldGen: 552780K(552960K)->552796K(552960K)
[353.234s][info][gc,metaspace   ] GC(689) Metaspace: 57298K(57664K)->57298K(57664K) NonClass: 49018K(49280K)->49018K(49280K) Class: 8279K(8384K)->8279K(8384K)
[353.234s][info][gc             ] GC(689) Pause Young (Allocation Failure) 720M->541M(714M) 4.435ms
[353.234s][info][gc,cpu         ] GC(689) User=0.01s Sys=0.00s Real=0.01s
[353.719s][info][gc,start       ] GC(690) Pause Young (Allocation Failure)
[353.723s][info][gc,heap        ] GC(690) PSYoungGen: 178016K(178176K)->1311K(171520K) Eden: 176128K(176128K)->0K(169984K) From: 1888K(2048K)->1311K(1536K)
[353.723s][info][gc,heap        ] GC(690) ParOldGen: 552796K(552960K)->552812K(552960K)
[353.723s][info][gc,metaspace   ] GC(690) Metaspace: 57298K(57664K)->57298K(57664K) NonClass: 49018K(49280K)->49018K(49280K) Class: 8279K(8384K)->8279K(8384K)
[353.723s][info][gc             ] GC(690) Pause Young (Allocation Failure) 713M->541M(707M) 3.295ms
[353.723s][info][gc,cpu         ] GC(690) User=0.01s Sys=0.00s Real=0.00s
[354.120s][info][gc,start       ] GC(691) Pause Young (Allocation Failure)
[354.123s][info][gc,heap        ] GC(691) PSYoungGen: 171295K(171520K)->1151K(165376K) Eden: 169984K(169984K)->0K(163840K) From: 1311K(1536K)->1151K(1536K)
[354.123s][info][gc,heap        ] GC(691) ParOldGen: 552812K(552960K)->552828K(552960K)
[354.123s][info][gc,metaspace   ] GC(691) Metaspace: 57298K(57664K)->57298K(57664K) NonClass: 49018K(49280K)->49018K(49280K) Class: 8279K(8384K)->8279K(8384K)
[354.123s][info][gc             ] GC(691) Pause Young (Allocation Failure) 707M->540M(701M) 2.999ms
[354.123s][info][gc,cpu         ] GC(691) User=0.01s Sys=0.00s Real=0.01s
[354.532s][info][gc,start       ] GC(692) Pause Young (Allocation Failure)
[354.536s][info][gc,heap        ] GC(692) PSYoungGen: 164991K(165376K)->1696K(160256K) Eden: 163840K(163840K)->0K(158208K) From: 1151K(1536K)->1696K(2048K)
[354.536s][info][gc,heap        ] GC(692) ParOldGen: 552828K(552960K)->552844K(552960K)
[354.537s][info][gc,metaspace   ] GC(692) Metaspace: 57298K(57664K)->57298K(57664K) NonClass: 49018K(49280K)->49018K(49280K) Class: 8279K(8384K)->8279K(8384K)
[354.537s][info][gc             ] GC(692) Pause Young (Allocation Failure) 700M->541M(696M) 4.710ms
[354.537s][info][gc,cpu         ] GC(692) User=0.01s Sys=0.00s Real=0.01s
[354.931s][info][gc,start       ] GC(693) Pause Young (Allocation Failure)
[354.935s][info][gc,heap        ] GC(693) PSYoungGen: 159778K(160256K)->1696K(155136K) Eden: 158082K(158208K)->0K(153088K) From: 1696K(2048K)->1696K(2048K)
[354.935s][info][gc,heap        ] GC(693) ParOldGen: 552844K(552960K)->552860K(552960K)
[354.935s][info][gc,metaspace   ] GC(693) Metaspace: 57298K(57664K)->57298K(57664K) NonClass: 49018K(49280K)->49018K(49280K) Class: 8279K(8384K)->8279K(8384K)
[354.935s][info][gc             ] GC(693) Pause Young (Allocation Failure) 695M->541M(691M) 4.254ms
[354.935s][info][gc,cpu         ] GC(693) User=0.01s Sys=0.00s Real=0.01s
[355.357s][info][gc,start       ] GC(694) Pause Young (Allocation Failure)
[355.372s][info][gc,heap        ] GC(694) PSYoungGen: 154784K(155136K)->2880K(186368K) Eden: 153088K(153088K)->0K(183296K) From: 1696K(2048K)->2880K(3072K)
[355.372s][info][gc,heap        ] GC(694) ParOldGen: 552860K(552960K)->552876K(552960K)
[355.372s][info][gc,metaspace   ] GC(694) Metaspace: 57298K(57664K)->57298K(57664K) NonClass: 49018K(49280K)->49018K(49280K) Class: 8279K(8384K)->8279K(8384K)
[355.372s][info][gc             ] GC(694) Pause Young (Allocation Failure) 691M->542M(722M) 14.359ms
[355.372s][info][gc,cpu         ] GC(694) User=0.01s Sys=0.00s Real=0.01s
[355.815s][info][gc,start       ] GC(695) Pause Young (Allocation Failure)
[355.818s][info][gc,heap        ] GC(695) PSYoungGen: 186176K(186368K)->480K(217088K) Eden: 183296K(183296K)->0K(213504K) From: 2880K(3072K)->480K(3584K)
[355.818s][info][gc,heap        ] GC(695) ParOldGen: 552876K(552960K)->552892K(552960K)
[355.818s][info][gc,metaspace   ] GC(695) Metaspace: 57298K(57664K)->57298K(57664K) NonClass: 49018K(49280K)->49018K(49280K) Class: 8279K(8384K)->8279K(8384K)
[355.818s][info][gc             ] GC(695) Pause Young (Allocation Failure) 721M->540M(752M) 2.962ms
[355.818s][info][gc,cpu         ] GC(695) User=0.00s Sys=0.00s Real=0.00s
[356.338s][info][gc,start       ] GC(696) Pause Young (Allocation Failure)
[356.343s][info][gc,heap        ] GC(696) PSYoungGen: 213984K(217088K)->2495K(222208K) Eden: 213504K(213504K)->0K(218624K) From: 480K(3584K)->2495K(3584K)
[356.343s][info][gc,heap        ] GC(696) ParOldGen: 552892K(552960K)->552908K(552960K)
[356.343s][info][gc,metaspace   ] GC(696) Metaspace: 57298K(57664K)->57298K(57664K) NonClass: 49018K(49280K)->49018K(49280K) Class: 8279K(8384K)->8279K(8384K)
[356.343s][info][gc             ] GC(696) Pause Young (Allocation Failure) 748M->542M(757M) 5.713ms
[356.343s][info][gc,cpu         ] GC(696) User=0.01s Sys=0.00s Real=0.01s
[356.919s][info][gc,start       ] GC(697) Pause Young (Allocation Failure)
[356.922s][info][gc,heap        ] GC(697) PSYoungGen: 221047K(222208K)->832K(222720K) Eden: 218552K(218624K)->0K(218624K) From: 2495K(3584K)->832K(4096K)
[356.922s][info][gc,heap        ] GC(697) ParOldGen: 552908K(552960K)->552924K(552960K)
[356.922s][info][gc,metaspace   ] GC(697) Metaspace: 57298K(57664K)->57298K(57664K) NonClass: 49018K(49280K)->49018K(49280K) Class: 8279K(8384K)->8279K(8384K)
[356.922s][info][gc             ] GC(697) Pause Young (Allocation Failure) 755M->540M(757M) 2.843ms
[356.922s][info][gc,cpu         ] GC(697) User=0.00s Sys=0.00s Real=0.00s
[357.444s][info][gc,start       ] GC(698) Pause Young (Allocation Failure)
[357.449s][info][gc,heap        ] GC(698) PSYoungGen: 219456K(222720K)->2111K(265216K) Eden: 218624K(218624K)->0K(261120K) From: 832K(4096K)->2111K(4096K)
[357.449s][info][gc,heap        ] GC(698) ParOldGen: 552924K(552960K)->552940K(552960K)
[357.449s][info][gc,metaspace   ] GC(698) Metaspace: 57298K(57664K)->57298K(57664K) NonClass: 49018K(49280K)->49018K(49280K) Class: 8279K(8384K)->8279K(8384K)
[357.449s][info][gc             ] GC(698) Pause Young (Allocation Failure) 754M->542M(799M) 5.008ms
[357.449s][info][gc,cpu         ] GC(698) User=0.01s Sys=0.01s Real=0.00s
[358.138s][info][gc,start       ] GC(699) Pause Young (Allocation Failure)
[358.142s][info][gc,heap        ] GC(699) PSYoungGen: 263231K(265216K)->1216K(252416K) Eden: 261120K(261120K)->0K(250880K) From: 2111K(4096K)->1216K(1536K)
[358.142s][info][gc,heap        ] GC(699) ParOldGen: 552940K(552960K)->552956K(552960K)
[358.142s][info][gc,metaspace   ] GC(699) Metaspace: 57298K(57664K)->57298K(57664K) NonClass: 49018K(49280K)->49018K(49280K) Class: 8279K(8384K)->8279K(8384K)
[358.142s][info][gc             ] GC(699) Pause Young (Allocation Failure) 797M->541M(786M) 4.016ms
[358.142s][info][gc,cpu         ] GC(699) User=0.01s Sys=0.00s Real=0.00s
[358.762s][info][gc,start       ] GC(700) Pause Young (Allocation Failure)
[358.766s][info][gc,heap        ] GC(700) PSYoungGen: 252096K(252416K)->1695K(243200K) Eden: 250880K(250880K)->0K(241152K) From: 1216K(1536K)->1695K(2048K)
[358.766s][info][gc,heap        ] GC(700) ParOldGen: 552956K(552960K)->552972K(553472K)
[358.766s][info][gc,metaspace   ] GC(700) Metaspace: 57298K(57664K)->57298K(57664K) NonClass: 49018K(49280K)->49018K(49280K) Class: 8279K(8384K)->8279K(8384K)
[358.766s][info][gc             ] GC(700) Pause Young (Allocation Failure) 786M->541M(778M) 4.564ms
[358.766s][info][gc,cpu         ] GC(700) User=0.00s Sys=0.00s Real=0.01s
[359.364s][info][gc,start       ] GC(701) Pause Young (Allocation Failure)
[359.367s][info][gc,heap        ] GC(701) PSYoungGen: 242847K(243200K)->735K(232960K) Eden: 241151K(241152K)->0K(231936K) From: 1695K(2048K)->735K(1024K)
[359.367s][info][gc,heap        ] GC(701) ParOldGen: 552972K(553472K)->552988K(553472K)
[359.367s][info][gc,metaspace   ] GC(701) Metaspace: 57298K(57664K)->57298K(57664K) NonClass: 49018K(49280K)->49018K(49280K) Class: 8279K(8384K)->8279K(8384K)
[359.367s][info][gc             ] GC(701) Pause Young (Allocation Failure) 777M->540M(768M) 2.589ms
[359.367s][info][gc,cpu         ] GC(701) User=0.01s Sys=0.00s Real=0.00s
[359.955s][info][gc,start       ] GC(702) Pause Young (Allocation Failure)
[359.958s][info][gc,heap        ] GC(702) PSYoungGen: 232536K(232960K)->1248K(224768K) Eden: 231801K(231936K)->0K(223232K) From: 735K(1024K)->1248K(1536K)
[359.958s][info][gc,heap        ] GC(702) ParOldGen: 552988K(553472K)->553004K(553472K)
[359.958s][info][gc,metaspace   ] GC(702) Metaspace: 57298K(57664K)->57298K(57664K) NonClass: 49018K(49280K)->49018K(49280K) Class: 8279K(8384K)->8279K(8384K)
[359.958s][info][gc             ] GC(702) Pause Young (Allocation Failure) 767M->541M(760M) 3.894ms
[359.958s][info][gc,cpu         ] GC(702) User=0.01s Sys=0.00s Real=0.00s
[360.535s][info][gc,start       ] GC(703) Pause Young (Allocation Failure)
[360.539s][info][gc,heap        ] GC(703) PSYoungGen: 224480K(224768K)->1280K(216576K) Eden: 223232K(223232K)->0K(215040K) From: 1248K(1536K)->1280K(1536K)
[360.539s][info][gc,heap        ] GC(703) ParOldGen: 553004K(553472K)->553020K(553472K)
[360.539s][info][gc,metaspace   ] GC(703) Metaspace: 57298K(57664K)->57298K(57664K) NonClass: 49018K(49280K)->49018K(49280K) Class: 8279K(8384K)->8279K(8384K)
[360.539s][info][gc             ] GC(703) Pause Young (Allocation Failure) 759M->541M(752M) 3.616ms
[360.539s][info][gc,cpu         ] GC(703) User=0.01s Sys=0.00s Real=0.00s
[361.055s][info][gc,start       ] GC(704) Pause Young (Allocation Failure)
[361.058s][info][gc,heap        ] GC(704) PSYoungGen: 216039K(216576K)->512K(207360K) Eden: 214759K(215040K)->0K(206848K) From: 1280K(1536K)->512K(512K)
[361.058s][info][gc,heap        ] GC(704) ParOldGen: 553020K(553472K)->553036K(553472K)
[361.058s][info][gc,metaspace   ] GC(704) Metaspace: 57298K(57664K)->57298K(57664K) NonClass: 49018K(49280K)->49018K(49280K) Class: 8279K(8384K)->8279K(8384K)
[361.058s][info][gc             ] GC(704) Pause Young (Allocation Failure) 751M->540M(743M) 2.639ms
[361.058s][info][gc,cpu         ] GC(704) User=0.00s Sys=0.00s Real=0.00s
[361.625s][info][gc,start       ] GC(705) Pause Young (Allocation Failure)
[361.628s][info][gc,heap        ] GC(705) PSYoungGen: 207220K(207360K)->1216K(202240K) Eden: 206708K(206848K)->0K(199168K) From: 512K(512K)->1216K(3072K)
[361.628s][info][gc,heap        ] GC(705) ParOldGen: 553036K(553472K)->553052K(553472K)
[361.628s][info][gc,metaspace   ] GC(705) Metaspace: 57298K(57664K)->57298K(57664K) NonClass: 49018K(49280K)->49018K(49280K) Class: 8279K(8384K)->8279K(8384K)
[361.628s][info][gc             ] GC(705) Pause Young (Allocation Failure) 742M->541M(738M) 3.496ms
[361.628s][info][gc,cpu         ] GC(705) User=0.01s Sys=0.00s Real=0.00s
[362.128s][info][gc,start       ] GC(706) Pause Young (Allocation Failure)
[362.132s][info][gc,heap        ] GC(706) PSYoungGen: 200384K(202240K)->1695K(194048K) Eden: 199168K(199168K)->0K(192000K) From: 1216K(3072K)->1695K(2048K)
[362.132s][info][gc,heap        ] GC(706) ParOldGen: 553052K(553472K)->553068K(553472K)
[362.132s][info][gc,metaspace   ] GC(706) Metaspace: 57298K(57664K)->57298K(57664K) NonClass: 49018K(49280K)->49018K(49280K) Class: 8279K(8384K)->8279K(8384K)
[362.132s][info][gc             ] GC(706) Pause Young (Allocation Failure) 735M->541M(730M) 3.772ms
[362.132s][info][gc,cpu         ] GC(706) User=0.01s Sys=0.00s Real=0.00s
[362.622s][info][gc,start       ] GC(707) Pause Young (Allocation Failure)
[362.625s][info][gc,heap        ] GC(707) PSYoungGen: 193695K(194048K)->1151K(186368K) Eden: 192000K(192000K)->0K(184832K) From: 1695K(2048K)->1151K(1536K)
[362.625s][info][gc,heap        ] GC(707) ParOldGen: 553068K(553472K)->553084K(553472K)
[362.625s][info][gc,metaspace   ] GC(707) Metaspace: 57298K(57664K)->57298K(57664K) NonClass: 49018K(49280K)->49018K(49280K) Class: 8279K(8384K)->8279K(8384K)
[362.625s][info][gc             ] GC(707) Pause Young (Allocation Failure) 729M->541M(722M) 2.993ms
[362.625s][info][gc,cpu         ] GC(707) User=0.01s Sys=0.00s Real=0.01s
[363.061s][info][gc,start       ] GC(708) Pause Young (Allocation Failure)
[363.064s][info][gc,heap        ] GC(708) PSYoungGen: 185883K(186368K)->384K(178688K) Eden: 184731K(184832K)->0K(178176K) From: 1151K(1536K)->384K(512K)
[363.064s][info][gc,heap        ] GC(708) ParOldGen: 553084K(553472K)->553100K(553472K)
[363.064s][info][gc,metaspace   ] GC(708) Metaspace: 57298K(57664K)->57298K(57664K) NonClass: 49018K(49280K)->49018K(49280K) Class: 8279K(8384K)->8279K(8384K)
[363.064s][info][gc             ] GC(708) Pause Young (Allocation Failure) 721M->540M(715M) 2.480ms
[363.064s][info][gc,cpu         ] GC(708) User=0.00s Sys=0.00s Real=0.01s
[363.538s][info][gc,start       ] GC(709) Pause Young (Allocation Failure)
[363.543s][info][gc,heap        ] GC(709) PSYoungGen: 178560K(178688K)->2176K(175104K) Eden: 178176K(178176K)->0K(172032K) From: 384K(512K)->2176K(3072K)
[363.543s][info][gc,heap        ] GC(709) ParOldGen: 553100K(553472K)->553116K(553472K)
[363.543s][info][gc,metaspace   ] GC(709) Metaspace: 57298K(57664K)->57298K(57664K) NonClass: 49018K(49280K)->49018K(49280K) Class: 8279K(8384K)->8279K(8384K)
[363.543s][info][gc             ] GC(709) Pause Young (Allocation Failure) 714M->542M(711M) 4.609ms
[363.543s][info][gc,cpu         ] GC(709) User=0.01s Sys=0.00s Real=0.01s
[363.983s][info][gc,start       ] GC(710) Pause Young (Allocation Failure)
[363.986s][info][gc,heap        ] GC(710) PSYoungGen: 174208K(175104K)->1119K(167424K) Eden: 172032K(172032K)->0K(165888K) From: 2176K(3072K)->1119K(1536K)
[363.986s][info][gc,heap        ] GC(710) ParOldGen: 553116K(553472K)->553132K(553472K)
[363.986s][info][gc,metaspace   ] GC(710) Metaspace: 57298K(57664K)->57298K(57664K) NonClass: 49018K(49280K)->49018K(49280K) Class: 8279K(8384K)->8279K(8384K)
[363.986s][info][gc             ] GC(710) Pause Young (Allocation Failure) 710M->541M(704M) 3.130ms
[363.986s][info][gc,cpu         ] GC(710) User=0.01s Sys=0.00s Real=0.01s
[364.417s][info][gc,start       ] GC(711) Pause Young (Allocation Failure)
[364.420s][info][gc,heap        ] GC(711) PSYoungGen: 167007K(167424K)->640K(161280K) Eden: 165888K(165888K)->0K(160256K) From: 1119K(1536K)->640K(1024K)
[364.420s][info][gc,heap        ] GC(711) ParOldGen: 553132K(553472K)->553148K(553472K)
[364.420s][info][gc,metaspace   ] GC(711) Metaspace: 57298K(57664K)->57298K(57664K) NonClass: 49018K(49280K)->49018K(49280K) Class: 8279K(8384K)->8279K(8384K)
[364.420s][info][gc             ] GC(711) Pause Young (Allocation Failure) 703M->540M(698M) 2.647ms
[364.420s][info][gc,cpu         ] GC(711) User=0.00s Sys=0.00s Real=0.00s
[364.852s][info][gc,start       ] GC(712) Pause Young (Allocation Failure)
[364.862s][info][gc,heap        ] GC(712) PSYoungGen: 160896K(161280K)->1851K(193536K) Eden: 160256K(160256K)->0K(191488K) From: 640K(1024K)->1851K(2048K)
[364.862s][info][gc,heap        ] GC(712) ParOldGen: 553148K(553472K)->553164K(553472K)
[364.862s][info][gc,metaspace   ] GC(712) Metaspace: 57298K(57664K)->57298K(57664K) NonClass: 49018K(49280K)->49018K(49280K) Class: 8279K(8384K)->8279K(8384K)
[364.862s][info][gc             ] GC(712) Pause Young (Allocation Failure) 697M->542M(729M) 9.893ms
[364.862s][info][gc,cpu         ] GC(712) User=0.01s Sys=0.00s Real=0.01s
[365.318s][info][gc,start       ] GC(713) Pause Young (Allocation Failure)
[365.321s][info][gc,heap        ] GC(713) PSYoungGen: 193339K(193536K)->1023K(185856K) Eden: 191488K(191488K)->0K(184832K) From: 1851K(2048K)->1023K(1024K)
[365.321s][info][gc,heap        ] GC(713) ParOldGen: 553164K(553472K)->553180K(553472K)
[365.321s][info][gc,metaspace   ] GC(713) Metaspace: 57298K(57664K)->57298K(57664K) NonClass: 49018K(49280K)->49018K(49280K) Class: 8279K(8384K)->8279K(8384K)
[365.321s][info][gc             ] GC(713) Pause Young (Allocation Failure) 729M->541M(722M) 2.917ms
[365.321s][info][gc,cpu         ] GC(713) User=0.00s Sys=0.00s Real=0.00s
[365.751s][info][gc,start       ] GC(714) Pause Young (Allocation Failure)
[365.755s][info][gc,heap        ] GC(714) PSYoungGen: 185635K(185856K)->1376K(179712K) Eden: 184612K(184832K)->0K(178176K) From: 1023K(1024K)->1376K(1536K)
[365.755s][info][gc,heap        ] GC(714) ParOldGen: 553180K(553472K)->553196K(553472K)
[365.755s][info][gc,metaspace   ] GC(714) Metaspace: 57298K(57664K)->57298K(57664K) NonClass: 49018K(49280K)->49018K(49280K) Class: 8279K(8384K)->8279K(8384K)
[365.755s][info][gc             ] GC(714) Pause Young (Allocation Failure) 721M->541M(716M) 3.654ms
[365.755s][info][gc,cpu         ] GC(714) User=0.01s Sys=0.00s Real=0.01s
[366.232s][info][gc,start       ] GC(715) Pause Young (Allocation Failure)
[366.236s][info][gc,heap        ] GC(715) PSYoungGen: 179529K(179712K)->1248K(173568K) Eden: 178153K(178176K)->0K(172032K) From: 1376K(1536K)->1248K(1536K)
[366.236s][info][gc,heap        ] GC(715) ParOldGen: 553196K(553472K)->553212K(553472K)
[366.236s][info][gc,metaspace   ] GC(715) Metaspace: 57298K(57664K)->57298K(57664K) NonClass: 49018K(49280K)->49018K(49280K) Class: 8279K(8384K)->8279K(8384K)
[366.236s][info][gc             ] GC(715) Pause Young (Allocation Failure) 715M->541M(710M) 3.510ms
[366.236s][info][gc,cpu         ] GC(715) User=0.00s Sys=0.00s Real=0.01s
[366.707s][info][gc,start       ] GC(716) Pause Young (Allocation Failure)
[366.712s][info][gc,heap        ] GC(716) PSYoungGen: 173112K(173568K)->1920K(167936K) Eden: 171864K(172032K)->0K(165888K) From: 1248K(1536K)->1920K(2048K)
[366.712s][info][gc,heap        ] GC(716) ParOldGen: 553212K(553472K)->553228K(553472K)
[366.712s][info][gc,metaspace   ] GC(716) Metaspace: 57298K(57664K)->57298K(57664K) NonClass: 49018K(49280K)->49018K(49280K) Class: 8279K(8384K)->8279K(8384K)
[366.712s][info][gc             ] GC(716) Pause Young (Allocation Failure) 709M->542M(704M) 4.383ms
[366.712s][info][gc,cpu         ] GC(716) User=0.00s Sys=0.00s Real=0.00s
[367.063s][info][gc,start       ] GC(717) Pause Young (Allocation Failure)
[367.065s][info][gc,heap        ] GC(717) PSYoungGen: 167808K(167936K)->927K(161280K) Eden: 165888K(165888K)->0K(160256K) From: 1920K(2048K)->927K(1024K)
[367.065s][info][gc,heap        ] GC(717) ParOldGen: 553228K(553472K)->553244K(553472K)
[367.065s][info][gc,metaspace   ] GC(717) Metaspace: 57298K(57664K)->57298K(57664K) NonClass: 49018K(49280K)->49018K(49280K) Class: 8279K(8384K)->8279K(8384K)
[367.065s][info][gc             ] GC(717) Pause Young (Allocation Failure) 704M->541M(698M) 2.728ms
[367.065s][info][gc,cpu         ] GC(717) User=0.01s Sys=0.00s Real=0.01s
[367.516s][info][gc,start       ] GC(718) Pause Young (Allocation Failure)
[367.519s][info][gc,heap        ] GC(718) PSYoungGen: 161183K(161280K)->640K(155648K) Eden: 160256K(160256K)->0K(154624K) From: 927K(1024K)->640K(1024K)
[367.519s][info][gc,heap        ] GC(718) ParOldGen: 553244K(553472K)->553260K(553472K)
[367.519s][info][gc,metaspace   ] GC(718) Metaspace: 57298K(57664K)->57298K(57664K) NonClass: 49018K(49280K)->49018K(49280K) Class: 8279K(8384K)->8279K(8384K)
[367.519s][info][gc             ] GC(718) Pause Young (Allocation Failure) 697M->540M(692M) 2.851ms
[367.519s][info][gc,cpu         ] GC(718) User=0.00s Sys=0.00s Real=0.00s
[367.953s][info][gc,start       ] GC(719) Pause Young (Allocation Failure)
[367.956s][info][gc,heap        ] GC(719) PSYoungGen: 155264K(155648K)->479K(150016K) Eden: 154624K(154624K)->0K(149504K) From: 640K(1024K)->479K(512K)
[367.956s][info][gc,heap        ] GC(719) ParOldGen: 553260K(553472K)->553276K(553472K)
[367.956s][info][gc,metaspace   ] GC(719) Metaspace: 57298K(57664K)->57298K(57664K) NonClass: 49018K(49280K)->49018K(49280K) Class: 8279K(8384K)->8279K(8384K)
[367.956s][info][gc             ] GC(719) Pause Young (Allocation Failure) 691M->540M(687M) 2.346ms
[367.956s][info][gc,cpu         ] GC(719) User=0.01s Sys=0.00s Real=0.00s
[368.253s][info][gc,start       ] GC(720) Pause Young (Allocation Failure)
[368.256s][info][gc,heap        ] GC(720) PSYoungGen: 149884K(150016K)->1312K(145920K) Eden: 149405K(149504K)->0K(144384K) From: 479K(512K)->1312K(1536K)
[368.256s][info][gc,heap        ] GC(720) ParOldGen: 553276K(553472K)->553292K(553472K)
[368.256s][info][gc,metaspace   ] GC(720) Metaspace: 57298K(57664K)->57298K(57664K) NonClass: 49018K(49280K)->49018K(49280K) Class: 8279K(8384K)->8279K(8384K)
[368.256s][info][gc             ] GC(720) Pause Young (Allocation Failure) 686M->541M(683M) 3.726ms
[368.256s][info][gc,cpu         ] GC(720) User=0.01s Sys=0.00s Real=0.01s
[368.636s][info][gc,start       ] GC(721) Pause Young (Allocation Failure)
[368.640s][info][gc,heap        ] GC(721) PSYoungGen: 145696K(145920K)->1791K(141824K) Eden: 144384K(144384K)->0K(139776K) From: 1312K(1536K)->1791K(2048K)
[368.640s][info][gc,heap        ] GC(721) ParOldGen: 553292K(553472K)->553308K(553472K)
[368.640s][info][gc,metaspace   ] GC(721) Metaspace: 57298K(57664K)->57298K(57664K) NonClass: 49018K(49280K)->49018K(49280K) Class: 8279K(8384K)->8279K(8384K)
[368.640s][info][gc             ] GC(721) Pause Young (Allocation Failure) 682M->542M(679M) 3.893ms
[368.640s][info][gc,cpu         ] GC(721) User=0.01s Sys=0.00s Real=0.00s
[369.052s][info][gc,start       ] GC(722) Pause Young (Allocation Failure)
[369.054s][info][gc,heap        ] GC(722) PSYoungGen: 141567K(141824K)->288K(135680K) Eden: 139776K(139776K)->0K(135168K) From: 1791K(2048K)->288K(512K)
[369.054s][info][gc,heap        ] GC(722) ParOldGen: 553308K(553472K)->553324K(553472K)
[369.054s][info][gc,metaspace   ] GC(722) Metaspace: 57298K(57664K)->57298K(57664K) NonClass: 49018K(49280K)->49018K(49280K) Class: 8279K(8384K)->8279K(8384K)
[369.054s][info][gc             ] GC(722) Pause Young (Allocation Failure) 678M->540M(673M) 2.292ms
[369.054s][info][gc,cpu         ] GC(722) User=0.00s Sys=0.00s Real=0.01s
[369.340s][info][gc,start       ] GC(723) Pause Young (Allocation Failure)
[369.344s][info][gc,heap        ] GC(723) PSYoungGen: 135149K(135680K)->1664K(134144K) Eden: 134861K(135168K)->0K(131072K) From: 288K(512K)->1664K(3072K)
[369.344s][info][gc,heap        ] GC(723) ParOldGen: 553324K(553472K)->553340K(553472K)
[369.344s][info][gc,metaspace   ] GC(723) Metaspace: 57298K(57664K)->57298K(57664K) NonClass: 49018K(49280K)->49018K(49280K) Class: 8279K(8384K)->8279K(8384K)
[369.344s][info][gc             ] GC(723) Pause Young (Allocation Failure) 672M->541M(671M) 3.822ms
[369.344s][info][gc,cpu         ] GC(723) User=0.01s Sys=0.00s Real=0.01s
[369.657s][info][gc,start       ] GC(724) Pause Young (Allocation Failure)
[369.660s][info][gc,heap        ] GC(724) PSYoungGen: 132736K(134144K)->927K(128000K) Eden: 131072K(131072K)->0K(126976K) From: 1664K(3072K)->927K(1024K)
[369.660s][info][gc,heap        ] GC(724) ParOldGen: 553340K(553472K)->553356K(553472K)
[369.660s][info][gc,metaspace   ] GC(724) Metaspace: 57300K(57664K)->57300K(57664K) NonClass: 49020K(49280K)->49020K(49280K) Class: 8279K(8384K)->8279K(8384K)
[369.660s][info][gc             ] GC(724) Pause Young (Allocation Failure) 669M->541M(665M) 2.812ms
[369.660s][info][gc,cpu         ] GC(724) User=0.01s Sys=0.00s Real=0.00s
[370.023s][info][gc,start       ] GC(725) Pause Young (Allocation Failure)
[370.026s][info][gc,heap        ] GC(725) PSYoungGen: 127903K(128000K)->1042K(124416K) Eden: 126976K(126976K)->0K(122880K) From: 927K(1024K)->1042K(1536K)
[370.026s][info][gc,heap        ] GC(725) ParOldGen: 553356K(553472K)->553372K(553472K)
[370.026s][info][gc,metaspace   ] GC(725) Metaspace: 57300K(57664K)->57300K(57664K) NonClass: 49020K(49280K)->49020K(49280K) Class: 8279K(8384K)->8279K(8384K)
[370.026s][info][gc             ] GC(725) Pause Young (Allocation Failure) 665M->541M(662M) 3.165ms
[370.026s][info][gc,cpu         ] GC(725) User=0.01s Sys=0.00s Real=0.00s
[370.362s][info][gc,start       ] GC(726) Pause Young (Allocation Failure)
[370.372s][info][gc,heap        ] GC(726) PSYoungGen: 123922K(124416K)->2559K(149504K) Eden: 122880K(122880K)->0K(146944K) From: 1042K(1536K)->2559K(2560K)
[370.372s][info][gc,heap        ] GC(726) ParOldGen: 553372K(553472K)->553412K(553472K)
[370.372s][info][gc,metaspace   ] GC(726) Metaspace: 57300K(57664K)->57300K(57664K) NonClass: 49020K(49280K)->49020K(49280K) Class: 8279K(8384K)->8279K(8384K)
[370.372s][info][gc             ] GC(726) Pause Young (Allocation Failure) 661M->542M(686M) 9.721ms
[370.372s][info][gc,cpu         ] GC(726) User=0.01s Sys=0.00s Real=0.01s
[370.717s][info][gc,start       ] GC(727) Pause Young (Allocation Failure)
[370.720s][info][gc,heap        ] GC(727) PSYoungGen: 149503K(149504K)->699K(176640K) Eden: 146944K(146944K)->0K(175616K) From: 2559K(2560K)->699K(1024K)
[370.720s][info][gc,heap        ] GC(727) ParOldGen: 553412K(553472K)->553795K(553984K)
[370.720s][info][gc,metaspace   ] GC(727) Metaspace: 57300K(57664K)->57300K(57664K) NonClass: 49020K(49280K)->49020K(49280K) Class: 8279K(8384K)->8279K(8384K)
[370.720s][info][gc             ] GC(727) Pause Young (Allocation Failure) 686M->541M(713M) 2.962ms
[370.720s][info][gc,cpu         ] GC(727) User=0.00s Sys=0.00s Real=0.00s
[371.138s][info][gc,start       ] GC(728) Pause Young (Allocation Failure)
[371.142s][info][gc,heap        ] GC(728) PSYoungGen: 176315K(176640K)->1184K(211456K) Eden: 175616K(175616K)->0K(209920K) From: 699K(1024K)->1184K(1536K)
[371.142s][info][gc,heap        ] GC(728) ParOldGen: 553795K(553984K)->553827K(553984K)
[371.142s][info][gc,metaspace   ] GC(728) Metaspace: 57300K(57664K)->57300K(57664K) NonClass: 49020K(49280K)->49020K(49280K) Class: 8279K(8384K)->8279K(8384K)
[371.142s][info][gc             ] GC(728) Pause Young (Allocation Failure) 712M->542M(747M) 3.483ms
[371.142s][info][gc,cpu         ] GC(728) User=0.01s Sys=0.00s Real=0.00s
[371.666s][info][gc,start       ] GC(729) Pause Young (Allocation Failure)
[371.668s][info][gc,heap        ] GC(729) PSYoungGen: 210827K(211456K)->352K(202752K) Eden: 209643K(209920K)->0K(202240K) From: 1184K(1536K)->352K(512K)
[371.668s][info][gc,heap        ] GC(729) ParOldGen: 553827K(553984K)->553843K(553984K)
[371.668s][info][gc,metaspace   ] GC(729) Metaspace: 57300K(57664K)->57300K(57664K) NonClass: 49020K(49280K)->49020K(49280K) Class: 8279K(8384K)->8279K(8384K)
[371.668s][info][gc             ] GC(729) Pause Young (Allocation Failure) 746M->541M(739M) 2.406ms
[371.668s][info][gc,cpu         ] GC(729) User=0.01s Sys=0.00s Real=0.00s
[372.217s][info][gc,start       ] GC(730) Pause Young (Allocation Failure)
[372.219s][info][gc,heap        ] GC(730) PSYoungGen: 202592K(202752K)->640K(196096K) Eden: 202240K(202240K)->0K(195072K) From: 352K(512K)->640K(1024K)
[372.219s][info][gc,heap        ] GC(730) ParOldGen: 553843K(553984K)->553859K(553984K)
[372.219s][info][gc,metaspace   ] GC(730) Metaspace: 57300K(57664K)->57300K(57664K) NonClass: 49020K(49280K)->49020K(49280K) Class: 8279K(8384K)->8279K(8384K)
[372.219s][info][gc             ] GC(730) Pause Young (Allocation Failure) 738M->541M(732M) 2.716ms
[372.219s][info][gc,cpu         ] GC(730) User=0.00s Sys=0.00s Real=0.00s
[372.732s][info][gc,start       ] GC(731) Pause Young (Allocation Failure)
[372.734s][info][gc,heap        ] GC(731) PSYoungGen: 195712K(196096K)->320K(188416K) Eden: 195072K(195072K)->0K(187904K) From: 640K(1024K)->320K(512K)
[372.734s][info][gc,heap        ] GC(731) ParOldGen: 553859K(553984K)->553875K(553984K)
[372.734s][info][gc,metaspace   ] GC(731) Metaspace: 57300K(57664K)->57300K(57664K) NonClass: 49020K(49280K)->49020K(49280K) Class: 8279K(8384K)->8279K(8384K)
[372.734s][info][gc             ] GC(731) Pause Young (Allocation Failure) 732M->541M(725M) 2.212ms
[372.734s][info][gc,cpu         ] GC(731) User=0.00s Sys=0.00s Real=0.01s
[373.160s][info][gc,start       ] GC(732) Pause Young (Allocation Failure)
[373.162s][info][gc,heap        ] GC(732) PSYoungGen: 188158K(188416K)->384K(181760K) Eden: 187838K(187904K)->0K(181248K) From: 320K(512K)->384K(512K)
[373.162s][info][gc,heap        ] GC(732) ParOldGen: 553875K(553984K)->553891K(553984K)
[373.162s][info][gc,metaspace   ] GC(732) Metaspace: 57300K(57664K)->57300K(57664K) NonClass: 49020K(49280K)->49020K(49280K) Class: 8279K(8384K)->8279K(8384K)
[373.162s][info][gc             ] GC(732) Pause Young (Allocation Failure) 724M->541M(718M) 2.444ms
[373.162s][info][gc,cpu         ] GC(732) User=0.01s Sys=0.00s Real=0.00s
[373.636s][info][gc,start       ] GC(733) Pause Young (Allocation Failure)
[373.640s][info][gc,heap        ] GC(733) PSYoungGen: 181632K(181760K)->2016K(176640K) Eden: 181248K(181248K)->0K(174592K) From: 384K(512K)->2016K(2048K)
[373.640s][info][gc,heap        ] GC(733) ParOldGen: 553891K(553984K)->553907K(553984K)
[373.640s][info][gc,metaspace   ] GC(733) Metaspace: 57300K(57664K)->57300K(57664K) NonClass: 49020K(49280K)->49020K(49280K) Class: 8279K(8384K)->8279K(8384K)
[373.640s][info][gc             ] GC(733) Pause Young (Allocation Failure) 718M->542M(713M) 4.493ms
[373.640s][info][gc,cpu         ] GC(733) User=0.01s Sys=0.00s Real=0.00s
[374.157s][info][gc,start       ] GC(734) Pause Young (Allocation Failure)
[374.159s][info][gc,heap        ] GC(734) PSYoungGen: 176608K(176640K)->288K(168960K) Eden: 174592K(174592K)->0K(168448K) From: 2016K(2048K)->288K(512K)
[374.159s][info][gc,heap        ] GC(734) ParOldGen: 553907K(553984K)->553923K(553984K)
[374.159s][info][gc,metaspace   ] GC(734) Metaspace: 57300K(57664K)->57300K(57664K) NonClass: 49020K(49280K)->49020K(49280K) Class: 8279K(8384K)->8279K(8384K)
[374.159s][info][gc             ] GC(734) Pause Young (Allocation Failure) 713M->541M(706M) 2.382ms
[374.159s][info][gc,cpu         ] GC(734) User=0.00s Sys=0.00s Real=0.00s
[374.525s][info][gc,start       ] GC(735) Pause Young (Allocation Failure)
[374.529s][info][gc,heap        ] GC(735) PSYoungGen: 168736K(168960K)->1727K(165888K) Eden: 168448K(168448K)->0K(162816K) From: 288K(512K)->1727K(3072K)
[374.529s][info][gc,heap        ] GC(735) ParOldGen: 553923K(553984K)->553939K(553984K)
[374.529s][info][gc,metaspace   ] GC(735) Metaspace: 57300K(57664K)->57300K(57664K) NonClass: 49020K(49280K)->49020K(49280K) Class: 8279K(8384K)->8279K(8384K)
[374.529s][info][gc             ] GC(735) Pause Young (Allocation Failure) 705M->542M(703M) 3.644ms
[374.529s][info][gc,cpu         ] GC(735) User=0.01s Sys=0.00s Real=0.00s
[374.937s][info][gc,start       ] GC(736) Pause Young (Allocation Failure)
[374.941s][info][gc,heap        ] GC(736) PSYoungGen: 164543K(165888K)->2111K(159744K) Eden: 162816K(162816K)->0K(157184K) From: 1727K(3072K)->2111K(2560K)
[374.941s][info][gc,heap        ] GC(736) ParOldGen: 553939K(553984K)->553955K(553984K)
[374.941s][info][gc,metaspace   ] GC(736) Metaspace: 57300K(57664K)->57300K(57664K) NonClass: 49020K(49280K)->49020K(49280K) Class: 8279K(8384K)->8279K(8384K)
[374.941s][info][gc             ] GC(736) Pause Young (Allocation Failure) 701M->543M(697M) 4.295ms
[374.941s][info][gc,cpu         ] GC(736) User=0.01s Sys=0.00s Real=0.00s
[375.344s][info][gc,start       ] GC(737) Pause Young (Allocation Failure)
[375.350s][info][gc,heap        ] GC(737) PSYoungGen: 159295K(159744K)->3071K(155136K) Eden: 157184K(157184K)->0K(152064K) From: 2111K(2560K)->3071K(3072K)
[375.350s][info][gc,heap        ] GC(737) ParOldGen: 553955K(553984K)->553971K(553984K)
[375.350s][info][gc,metaspace   ] GC(737) Metaspace: 57300K(57664K)->57300K(57664K) NonClass: 49020K(49280K)->49020K(49280K) Class: 8279K(8384K)->8279K(8384K)
[375.350s][info][gc             ] GC(737) Pause Young (Allocation Failure) 696M->543M(692M) 5.737ms
[375.350s][info][gc,cpu         ] GC(737) User=0.01s Sys=0.00s Real=0.00s
[375.735s][info][gc,start       ] GC(738) Pause Young (Allocation Failure)
[375.739s][info][gc,heap        ] GC(738) PSYoungGen: 155135K(155136K)->1024K(147968K) Eden: 152064K(152064K)->0K(146944K) From: 3071K(3072K)->1024K(1024K)
[375.739s][info][gc,heap        ] GC(738) ParOldGen: 553971K(553984K)->554658K(555008K)
[375.739s][info][gc,metaspace   ] GC(738) Metaspace: 57300K(57664K)->57300K(57664K) NonClass: 49020K(49280K)->49020K(49280K) Class: 8279K(8384K)->8279K(8384K)
[375.739s][info][gc             ] GC(738) Pause Young (Allocation Failure) 692M->542M(686M) 4.034ms
[375.739s][info][gc,cpu         ] GC(738) User=0.01s Sys=0.00s Real=0.00s
[376.124s][info][gc,start       ] GC(739) Pause Young (Allocation Failure)
[376.129s][info][gc,heap        ] GC(739) PSYoungGen: 147967K(147968K)->1280K(177152K) Eden: 146943K(146944K)->0K(175616K) From: 1024K(1024K)->1280K(1536K)
[376.129s][info][gc,heap        ] GC(739) ParOldGen: 554658K(555008K)->555538K(556032K)
[376.129s][info][gc,metaspace   ] GC(739) Metaspace: 57300K(57664K)->57300K(57664K) NonClass: 49020K(49280K)->49020K(49280K) Class: 8279K(8384K)->8279K(8384K)
[376.129s][info][gc             ] GC(739) Pause Young (Allocation Failure) 686M->543M(716M) 4.476ms
[376.129s][info][gc,cpu         ] GC(739) User=0.01s Sys=0.00s Real=0.00s
[376.552s][info][gc,start       ] GC(740) Pause Young (Allocation Failure)
[376.556s][info][gc,heap        ] GC(740) PSYoungGen: 176896K(177152K)->1920K(211456K) Eden: 175616K(175616K)->0K(209408K) From: 1280K(1536K)->1920K(2048K)
[376.556s][info][gc,heap        ] GC(740) ParOldGen: 555538K(556032K)->555682K(556032K)
[376.556s][info][gc,metaspace   ] GC(740) Metaspace: 57300K(57664K)->57300K(57664K) NonClass: 49020K(49280K)->49020K(49280K) Class: 8279K(8384K)->8279K(8384K)
[376.556s][info][gc             ] GC(740) Pause Young (Allocation Failure) 715M->544M(749M) 4.720ms
[376.556s][info][gc,cpu         ] GC(740) User=0.00s Sys=0.00s Real=0.01s
[377.072s][info][gc,start       ] GC(741) Pause Young (Allocation Failure)
[377.074s][info][gc,heap        ] GC(741) PSYoungGen: 209975K(211456K)->64K(202240K) Eden: 208055K(209408K)->0K(201728K) From: 1920K(2048K)->64K(512K)
[377.074s][info][gc,heap        ] GC(741) ParOldGen: 555682K(556032K)->555698K(556032K)
[377.074s][info][gc,metaspace   ] GC(741) Metaspace: 57310K(57664K)->57310K(57664K) NonClass: 49030K(49280K)->49030K(49280K) Class: 8279K(8384K)->8279K(8384K)
[377.074s][info][gc             ] GC(741) Pause Young (Allocation Failure) 747M->542M(740M) 2.079ms
[377.074s][info][gc,cpu         ] GC(741) User=0.00s Sys=0.00s Real=0.01s
[379.645s][info][gc,start       ] GC(742) Pause Young (Allocation Failure)
[379.692s][info][gc,heap        ] GC(742) PSYoungGen: 201792K(202240K)->3495K(210944K) Eden: 201728K(201728K)->0K(207360K) From: 64K(512K)->3495K(3584K)
[379.692s][info][gc,heap        ] GC(742) ParOldGen: 555698K(556032K)->633855K(634880K)
[379.692s][info][gc,metaspace   ] GC(742) Metaspace: 57442K(57792K)->57442K(57792K) NonClass: 49161K(49408K)->49161K(49408K) Class: 8280K(8384K)->8280K(8384K)
[379.692s][info][gc             ] GC(742) Pause Young (Allocation Failure) 739M->622M(826M) 47.816ms
[379.692s][info][gc,cpu         ] GC(742) User=0.04s Sys=0.06s Real=0.04s
[380.050s][info][gc,start       ] GC(743) Pause Young (Allocation Failure)
[380.067s][info][gc,heap        ] GC(743) PSYoungGen: 210709K(210944K)->4083K(211456K) Eden: 207213K(207360K)->0K(207360K) From: 3495K(3584K)->4083K(4096K)
[380.067s][info][gc,heap        ] GC(743) ParOldGen: 633855K(634880K)->653958K(654336K)
[380.067s][info][gc,metaspace   ] GC(743) Metaspace: 57442K(57792K)->57442K(57792K) NonClass: 49161K(49408K)->49161K(49408K) Class: 8280K(8384K)->8280K(8384K)
[380.067s][info][gc             ] GC(743) Pause Young (Allocation Failure) 824M->642M(845M) 17.511ms
[380.068s][info][gc,cpu         ] GC(743) User=0.02s Sys=0.02s Real=0.02s
[380.616s][info][gc,start       ] GC(744) Pause Full (Allocation Failure)
[380.616s][info][gc,phases,start] GC(744) Marking Phase
[380.661s][info][gc,phases      ] GC(744) Marking Phase 44.446ms
[380.661s][info][gc,phases,start] GC(744) Summary Phase
[380.661s][info][gc,phases      ] GC(744) Summary Phase 0.025ms
[380.661s][info][gc,phases,start] GC(744) Forward
[380.666s][info][gc,phases      ] GC(744) Forward 5.425ms
[380.666s][info][gc,phases,start] GC(744) Adjust Pointers
[380.686s][info][gc,phases      ] GC(744) Adjust Pointers 20.204ms
[380.686s][info][gc,phases,start] GC(744) Compaction Phase
[380.705s][info][gc,phases      ] GC(744) Compaction Phase 19.056ms
[380.706s][info][gc,phases,start] GC(744) Post Compact
[380.709s][info][gc,phases      ] GC(744) Post Compact 3.122ms
[380.734s][info][gc,heap        ] GC(744) PSYoungGen: 211443K(211456K)->0K(259584K) Eden: 207360K(207360K)->0K(247808K) From: 4083K(4096K)->0K(11776K)
[380.734s][info][gc,heap        ] GC(744) ParOldGen: 653958K(654336K)->284309K(383488K)
[380.734s][info][gc,metaspace   ] GC(744) Metaspace: 57442K(57792K)->57442K(57792K) NonClass: 49161K(49408K)->49161K(49408K) Class: 8280K(8384K)->8280K(8384K)
[380.734s][info][gc             ] GC(744) Pause Full (Allocation Failure) 845M->277M(628M) 117.828ms
[380.734s][info][gc,cpu         ] GC(744) User=0.14s Sys=0.03s Real=0.12s
[381.240s][info][gc,start       ] GC(745) Pause Young (Allocation Failure)
[381.243s][info][gc,heap        ] GC(745) PSYoungGen: 247808K(259584K)->1374K(260096K) Eden: 247808K(247808K)->0K(247808K) From: 0K(11776K)->1374K(12288K)
[381.243s][info][gc,heap        ] GC(745) ParOldGen: 284309K(383488K)->284309K(383488K)
[381.243s][info][gc,metaspace   ] GC(745) Metaspace: 57442K(57792K)->57442K(57792K) NonClass: 49161K(49408K)->49161K(49408K) Class: 8280K(8384K)->8280K(8384K)
[381.243s][info][gc             ] GC(745) Pause Young (Allocation Failure) 519M->278M(628M) 3.034ms
[381.243s][info][gc,cpu         ] GC(745) User=0.01s Sys=0.00s Real=0.01s
[381.850s][info][gc,start       ] GC(746) Pause Young (Allocation Failure)
[381.854s][info][gc,heap        ] GC(746) PSYoungGen: 249182K(260096K)->2271K(306688K) Eden: 247808K(247808K)->0K(295936K) From: 1374K(12288K)->2271K(10752K)
[381.854s][info][gc,heap        ] GC(746) ParOldGen: 284309K(383488K)->284421K(383488K)
[381.854s][info][gc,metaspace   ] GC(746) Metaspace: 57442K(57792K)->57442K(57792K) NonClass: 49161K(49408K)->49161K(49408K) Class: 8280K(8384K)->8280K(8384K)
[381.855s][info][gc             ] GC(746) Pause Young (Allocation Failure) 520M->279M(674M) 4.971ms
[381.855s][info][gc,cpu         ] GC(746) User=0.01s Sys=0.00s Real=0.01s
[382.632s][info][gc,start       ] GC(747) Pause Young (Allocation Failure)
[382.635s][info][gc,heap        ] GC(747) PSYoungGen: 297896K(306688K)->1088K(307200K) Eden: 295625K(295936K)->0K(295936K) From: 2271K(10752K)->1088K(11264K)
[382.635s][info][gc,heap        ] GC(747) ParOldGen: 284421K(383488K)->284437K(383488K)
[382.635s][info][gc,metaspace   ] GC(747) Metaspace: 57442K(57792K)->57442K(57792K) NonClass: 49161K(49408K)->49161K(49408K) Class: 8280K(8384K)->8280K(8384K)
[382.635s][info][gc             ] GC(747) Pause Young (Allocation Failure) 568M->278M(674M) 3.066ms
[382.635s][info][gc,cpu         ] GC(747) User=0.00s Sys=0.00s Real=0.01s
[383.354s][info][gc,start       ] GC(748) Pause Young (Allocation Failure)
[383.358s][info][gc,heap        ] GC(748) PSYoungGen: 297024K(307200K)->1472K(322560K) Eden: 295936K(295936K)->0K(311808K) From: 1088K(11264K)->1472K(10752K)
[383.358s][info][gc,heap        ] GC(748) ParOldGen: 284437K(383488K)->284453K(383488K)
[383.358s][info][gc,metaspace   ] GC(748) Metaspace: 57442K(57792K)->57442K(57792K) NonClass: 49161K(49408K)->49161K(49408K) Class: 8280K(8384K)->8280K(8384K)
[383.358s][info][gc             ] GC(748) Pause Young (Allocation Failure) 567M->279M(689M) 3.814ms
[383.358s][info][gc,cpu         ] GC(748) User=0.00s Sys=0.00s Real=0.00s
[384.151s][info][gc,start       ] GC(749) Pause Young (Allocation Failure)
[384.155s][info][gc,heap        ] GC(749) PSYoungGen: 313280K(322560K)->1856K(301056K) Eden: 311808K(311808K)->0K(299008K) From: 1472K(10752K)->1856K(2048K)
[384.155s][info][gc,heap        ] GC(749) ParOldGen: 284453K(383488K)->284469K(383488K)
[384.155s][info][gc,metaspace   ] GC(749) Metaspace: 57442K(57792K)->57442K(57792K) NonClass: 49161K(49408K)->49161K(49408K) Class: 8280K(8384K)->8280K(8384K)
[384.155s][info][gc             ] GC(749) Pause Young (Allocation Failure) 583M->279M(668M) 4.460ms
[384.155s][info][gc,cpu         ] GC(749) User=0.01s Sys=0.00s Real=0.01s
[384.926s][info][gc,start       ] GC(750) Pause Young (Allocation Failure)
[384.930s][info][gc,heap        ] GC(750) PSYoungGen: 300864K(301056K)->1408K(288768K) Eden: 299008K(299008K)->0K(287232K) From: 1856K(2048K)->1408K(1536K)
[384.930s][info][gc,heap        ] GC(750) ParOldGen: 284469K(383488K)->284485K(383488K)
[384.930s][info][gc,metaspace   ] GC(750) Metaspace: 57442K(57792K)->57442K(57792K) NonClass: 49161K(49408K)->49161K(49408K) Class: 8280K(8384K)->8280K(8384K)
[384.930s][info][gc             ] GC(750) Pause Young (Allocation Failure) 571M->279M(656M) 3.762ms
[384.930s][info][gc,cpu         ] GC(750) User=0.00s Sys=0.01s Real=0.00s
[385.644s][info][gc,start       ] GC(751) Pause Young (Allocation Failure)
[385.648s][info][gc,heap        ] GC(751) PSYoungGen: 288371K(288768K)->2112K(278528K) Eden: 286963K(287232K)->0K(275968K) From: 1408K(1536K)->2112K(2560K)
[385.648s][info][gc,heap        ] GC(751) ParOldGen: 284485K(383488K)->284501K(383488K)
[385.648s][info][gc,metaspace   ] GC(751) Metaspace: 57442K(57792K)->57442K(57792K) NonClass: 49161K(49408K)->49161K(49408K) Class: 8280K(8384K)->8280K(8384K)
[385.648s][info][gc             ] GC(751) Pause Young (Allocation Failure) 559M->279M(646M) 4.353ms
[385.648s][info][gc,cpu         ] GC(751) User=0.01s Sys=0.00s Real=0.00s
[386.341s][info][gc,start       ] GC(752) Pause Young (Allocation Failure)
[386.346s][info][gc,heap        ] GC(752) PSYoungGen: 278080K(278528K)->2399K(267776K) Eden: 275968K(275968K)->0K(265216K) From: 2112K(2560K)->2399K(2560K)
[386.346s][info][gc,heap        ] GC(752) ParOldGen: 284501K(383488K)->284517K(383488K)
[386.346s][info][gc,metaspace   ] GC(752) Metaspace: 57442K(57792K)->57442K(57792K) NonClass: 49161K(49408K)->49161K(49408K) Class: 8280K(8384K)->8280K(8384K)
[386.346s][info][gc             ] GC(752) Pause Young (Allocation Failure) 549M->280M(636M) 4.690ms
[386.346s][info][gc,cpu         ] GC(752) User=0.01s Sys=0.00s Real=0.01s
[387.038s][info][gc,start       ] GC(753) Pause Young (Allocation Failure)
[387.041s][info][gc,heap        ] GC(753) PSYoungGen: 267615K(267776K)->1408K(256512K) Eden: 265216K(265216K)->0K(254976K) From: 2399K(2560K)->1408K(1536K)
[387.041s][info][gc,heap        ] GC(753) ParOldGen: 284517K(383488K)->284533K(383488K)
[387.041s][info][gc,metaspace   ] GC(753) Metaspace: 57442K(57792K)->57442K(57792K) NonClass: 49161K(49408K)->49161K(49408K) Class: 8280K(8384K)->8280K(8384K)
[387.041s][info][gc             ] GC(753) Pause Young (Allocation Failure) 539M->279M(625M) 3.507ms
[387.041s][info][gc,cpu         ] GC(753) User=0.00s Sys=0.00s Real=0.00s
[387.661s][info][gc,start       ] GC(754) Pause Young (Allocation Failure)
[387.664s][info][gc,heap        ] GC(754) PSYoungGen: 256384K(256512K)->483K(245760K) Eden: 254976K(254976K)->0K(245248K) From: 1408K(1536K)->483K(512K)
[387.664s][info][gc,heap        ] GC(754) ParOldGen: 284533K(383488K)->284549K(383488K)
[387.664s][info][gc,metaspace   ] GC(754) Metaspace: 57442K(57792K)->57442K(57792K) NonClass: 49161K(49408K)->49161K(49408K) Class: 8280K(8384K)->8280K(8384K)
[387.664s][info][gc             ] GC(754) Pause Young (Allocation Failure) 528M->278M(614M) 2.285ms
[387.664s][info][gc,cpu         ] GC(754) User=0.01s Sys=0.00s Real=0.01s
[388.471s][info][gc,start       ] GC(755) Pause Young (Allocation Failure)
[388.482s][info][gc,heap        ] GC(755) PSYoungGen: 245731K(245760K)->1759K(243712K) Eden: 245248K(245248K)->0K(236032K) From: 483K(512K)->1759K(7680K)
[388.482s][info][gc,heap        ] GC(755) ParOldGen: 284549K(383488K)->284565K(383488K)
[388.482s][info][gc,metaspace   ] GC(755) Metaspace: 57442K(57792K)->57442K(57792K) NonClass: 49161K(49408K)->49161K(49408K) Class: 8280K(8384K)->8280K(8384K)
[388.482s][info][gc             ] GC(755) Pause Young (Allocation Failure) 517M->279M(612M) 11.393ms
[388.482s][info][gc,cpu         ] GC(755) User=0.01s Sys=0.00s Real=0.01s
[389.023s][info][gc,start       ] GC(756) Pause Young (Allocation Failure)
[389.026s][info][gc,heap        ] GC(756) PSYoungGen: 237791K(243712K)->1471K(228864K) Eden: 236032K(236032K)->0K(227328K) From: 1759K(7680K)->1471K(1536K)
[389.026s][info][gc,heap        ] GC(756) ParOldGen: 284565K(383488K)->284581K(383488K)
[389.026s][info][gc,metaspace   ] GC(756) Metaspace: 57442K(57792K)->57442K(57792K) NonClass: 49161K(49408K)->49161K(49408K) Class: 8280K(8384K)->8280K(8384K)
[389.026s][info][gc             ] GC(756) Pause Young (Allocation Failure) 510M->279M(598M) 3.427ms
[389.026s][info][gc,cpu         ] GC(756) User=0.00s Sys=0.00s Real=0.00s
[389.618s][info][gc,start       ] GC(757) Pause Young (Allocation Failure)
[389.623s][info][gc,heap        ] GC(757) PSYoungGen: 228799K(228864K)->856K(219648K) Eden: 227328K(227328K)->0K(218624K) From: 1471K(1536K)->856K(1024K)
[389.623s][info][gc,heap        ] GC(757) ParOldGen: 284581K(383488K)->284597K(383488K)
[389.623s][info][gc,metaspace   ] GC(757) Metaspace: 57442K(57792K)->57442K(57792K) NonClass: 49161K(49408K)->49161K(49408K) Class: 8280K(8384K)->8280K(8384K)
[389.623s][info][gc             ] GC(757) Pause Young (Allocation Failure) 501M->278M(589M) 5.771ms
[389.624s][info][gc,cpu         ] GC(757) User=0.01s Sys=0.00s Real=0.01s
[390.150s][info][gc,start       ] GC(758) Pause Young (Allocation Failure)
[390.156s][info][gc,heap        ] GC(758) PSYoungGen: 219363K(219648K)->2495K(212992K) Eden: 218507K(218624K)->0K(210432K) From: 856K(1024K)->2495K(2560K)
[390.156s][info][gc,heap        ] GC(758) ParOldGen: 284597K(383488K)->284613K(383488K)
[390.156s][info][gc,metaspace   ] GC(758) Metaspace: 57442K(57792K)->57442K(57792K) NonClass: 49161K(49408K)->49161K(49408K) Class: 8280K(8384K)->8280K(8384K)
[390.156s][info][gc             ] GC(758) Pause Young (Allocation Failure) 492M->280M(582M) 5.470ms
[390.156s][info][gc,cpu         ] GC(758) User=0.00s Sys=0.00s Real=0.01s
[390.714s][info][gc,start       ] GC(759) Pause Young (Allocation Failure)
[390.716s][info][gc,heap        ] GC(759) PSYoungGen: 212927K(212992K)->448K(203264K) Eden: 210432K(210432K)->0K(202752K) From: 2495K(2560K)->448K(512K)
[390.716s][info][gc,heap        ] GC(759) ParOldGen: 284613K(383488K)->284629K(383488K)
[390.716s][info][gc,metaspace   ] GC(759) Metaspace: 57442K(57792K)->57442K(57792K) NonClass: 49161K(49408K)->49161K(49408K) Class: 8280K(8384K)->8280K(8384K)
[390.716s][info][gc             ] GC(759) Pause Young (Allocation Failure) 485M->278M(573M) 2.096ms
[390.716s][info][gc,cpu         ] GC(759) User=0.00s Sys=0.00s Real=0.00s
[391.222s][info][gc,start       ] GC(760) Pause Young (Allocation Failure)
[391.224s][info][gc,heap        ] GC(760) PSYoungGen: 203200K(203264K)->1153K(197120K) Eden: 202752K(202752K)->0K(195584K) From: 448K(512K)->1153K(1536K)
[391.224s][info][gc,heap        ] GC(760) ParOldGen: 284629K(383488K)->284645K(383488K)
[391.224s][info][gc,metaspace   ] GC(760) Metaspace: 57442K(57792K)->57442K(57792K) NonClass: 49161K(49408K)->49161K(49408K) Class: 8280K(8384K)->8280K(8384K)
[391.224s][info][gc             ] GC(760) Pause Young (Allocation Failure) 476M->279M(567M) 2.984ms
[391.225s][info][gc,cpu         ] GC(760) User=0.01s Sys=0.00s Real=0.01s
[391.722s][info][gc,start       ] GC(761) Pause Young (Allocation Failure)
[391.724s][info][gc,heap        ] GC(761) PSYoungGen: 196737K(197120K)->1375K(189952K) Eden: 195584K(195584K)->0K(188416K) From: 1153K(1536K)->1375K(1536K)
[391.724s][info][gc,heap        ] GC(761) ParOldGen: 284645K(383488K)->284661K(383488K)
[391.724s][info][gc,metaspace   ] GC(761) Metaspace: 57442K(57792K)->57442K(57792K) NonClass: 49161K(49408K)->49161K(49408K) Class: 8280K(8384K)->8280K(8384K)
[391.724s][info][gc             ] GC(761) Pause Young (Allocation Failure) 470M->279M(560M) 2.851ms
[391.724s][info][gc,cpu         ] GC(761) User=0.00s Sys=0.00s Real=0.01s
[392.208s][info][gc,start       ] GC(762) Pause Young (Allocation Failure)
[392.209s][info][gc,heap        ] GC(762) PSYoungGen: 189786K(189952K)->64K(182272K) Eden: 188411K(188416K)->0K(181760K) From: 1375K(1536K)->64K(512K)
[392.209s][info][gc,heap        ] GC(762) ParOldGen: 284661K(383488K)->284677K(383488K)
[392.209s][info][gc,metaspace   ] GC(762) Metaspace: 57442K(57792K)->57442K(57792K) NonClass: 49161K(49408K)->49161K(49408K) Class: 8280K(8384K)->8280K(8384K)
[392.209s][info][gc             ] GC(762) Pause Young (Allocation Failure) 463M->278M(552M) 1.866ms
[392.209s][info][gc,cpu         ] GC(762) User=0.00s Sys=0.00s Real=0.00s
[392.641s][info][gc,start       ] GC(763) Pause Young (Allocation Failure)
[392.645s][info][gc,heap        ] GC(763) PSYoungGen: 181824K(182272K)->2015K(181248K) Eden: 181760K(181760K)->0K(175616K) From: 64K(512K)->2015K(5632K)
[392.645s][info][gc,heap        ] GC(763) ParOldGen: 284677K(383488K)->284693K(383488K)
[392.645s][info][gc,metaspace   ] GC(763) Metaspace: 57442K(57792K)->57442K(57792K) NonClass: 49161K(49408K)->49161K(49408K) Class: 8280K(8384K)->8280K(8384K)
[392.645s][info][gc             ] GC(763) Pause Young (Allocation Failure) 455M->279M(551M) 3.604ms
[392.645s][info][gc,cpu         ] GC(763) User=0.01s Sys=0.00s Real=0.01s
[393.118s][info][gc,start       ] GC(764) Pause Young (Allocation Failure)
[393.121s][info][gc,heap        ] GC(764) PSYoungGen: 177631K(181248K)->831K(170496K) Eden: 175616K(175616K)->0K(169472K) From: 2015K(5632K)->831K(1024K)
[393.121s][info][gc,heap        ] GC(764) ParOldGen: 284693K(383488K)->284709K(383488K)
[393.121s][info][gc,metaspace   ] GC(764) Metaspace: 57442K(57792K)->57442K(57792K) NonClass: 49161K(49408K)->49161K(49408K) Class: 8280K(8384K)->8280K(8384K)
[393.121s][info][gc             ] GC(764) Pause Young (Allocation Failure) 451M->278M(541M) 2.697ms
[393.121s][info][gc,cpu         ] GC(764) User=0.00s Sys=0.01s Real=0.00s
[393.534s][info][gc,start       ] GC(765) Pause Young (Allocation Failure)
[393.537s][info][gc,heap        ] GC(765) PSYoungGen: 170303K(170496K)->2015K(165888K) Eden: 169472K(169472K)->0K(163840K) From: 831K(1024K)->2015K(2048K)
[393.537s][info][gc,heap        ] GC(765) ParOldGen: 284709K(383488K)->284725K(383488K)
[393.537s][info][gc,metaspace   ] GC(765) Metaspace: 57442K(57792K)->57442K(57792K) NonClass: 49161K(49408K)->49161K(49408K) Class: 8280K(8384K)->8280K(8384K)
[393.537s][info][gc             ] GC(765) Pause Young (Allocation Failure) 444M->280M(536M) 3.767ms
[393.537s][info][gc,cpu         ] GC(765) User=0.00s Sys=0.00s Real=0.00s
[393.938s][info][gc,start       ] GC(766) Pause Young (Allocation Failure)
[393.942s][info][gc,heap        ] GC(766) PSYoungGen: 165855K(165888K)->2655K(161280K) Eden: 163840K(163840K)->0K(158208K) From: 2015K(2048K)->2655K(3072K)
[393.942s][info][gc,heap        ] GC(766) ParOldGen: 284725K(383488K)->284741K(383488K)
[393.942s][info][gc,metaspace   ] GC(766) Metaspace: 57442K(57792K)->57442K(57792K) NonClass: 49161K(49408K)->49161K(49408K) Class: 8280K(8384K)->8280K(8384K)
[393.942s][info][gc             ] GC(766) Pause Young (Allocation Failure) 440M->280M(532M) 4.590ms
[393.942s][info][gc,cpu         ] GC(766) User=0.01s Sys=0.00s Real=0.00s
[394.340s][info][gc,start       ] GC(767) Pause Young (Allocation Failure)
[394.344s][info][gc,heap        ] GC(767) PSYoungGen: 160863K(161280K)->1919K(155136K) Eden: 158208K(158208K)->0K(153088K) From: 2655K(3072K)->1919K(2048K)
[394.344s][info][gc,heap        ] GC(767) ParOldGen: 284741K(383488K)->284757K(383488K)
[394.344s][info][gc,metaspace   ] GC(767) Metaspace: 57444K(57792K)->57444K(57792K) NonClass: 49163K(49408K)->49163K(49408K) Class: 8280K(8384K)->8280K(8384K)
[394.344s][info][gc             ] GC(767) Pause Young (Allocation Failure) 435M->279M(526M) 3.686ms
[394.344s][info][gc,cpu         ] GC(767) User=0.01s Sys=0.00s Real=0.01s
[394.739s][info][gc,start       ] GC(768) Pause Young (Allocation Failure)
[394.744s][info][gc,heap        ] GC(768) PSYoungGen: 154841K(155136K)->2208K(150528K) Eden: 152922K(153088K)->0K(147968K) From: 1919K(2048K)->2208K(2560K)
[394.744s][info][gc,heap        ] GC(768) ParOldGen: 284757K(383488K)->284773K(383488K)
[394.744s][info][gc,metaspace   ] GC(768) Metaspace: 57444K(57792K)->57444K(57792K) NonClass: 49163K(49408K)->49163K(49408K) Class: 8280K(8384K)->8280K(8384K)
[394.744s][info][gc             ] GC(768) Pause Young (Allocation Failure) 429M->280M(521M) 4.435ms
[394.744s][info][gc,cpu         ] GC(768) User=0.01s Sys=0.00s Real=0.01s
[395.227s][info][gc,start       ] GC(769) Pause Young (Allocation Failure)
[395.230s][info][gc,heap        ] GC(769) PSYoungGen: 150176K(150528K)->1376K(144896K) Eden: 147968K(147968K)->0K(143360K) From: 2208K(2560K)->1376K(1536K)
[395.230s][info][gc,heap        ] GC(769) ParOldGen: 284773K(383488K)->284789K(383488K)
[395.230s][info][gc,metaspace   ] GC(769) Metaspace: 57444K(57792K)->57444K(57792K) NonClass: 49163K(49408K)->49163K(49408K) Class: 8280K(8384K)->8280K(8384K)
[395.230s][info][gc             ] GC(769) Pause Young (Allocation Failure) 424M->279M(516M) 3.491ms
[395.230s][info][gc,cpu         ] GC(769) User=0.01s Sys=0.00s Real=0.00s
[395.561s][info][gc,start       ] GC(770) Pause Young (Allocation Failure)
[395.564s][info][gc,heap        ] GC(770) PSYoungGen: 144736K(144896K)->1567K(140800K) Eden: 143360K(143360K)->0K(138752K) From: 1376K(1536K)->1567K(2048K)
[395.564s][info][gc,heap        ] GC(770) ParOldGen: 284789K(383488K)->284805K(383488K)
[395.564s][info][gc,metaspace   ] GC(770) Metaspace: 57444K(57792K)->57444K(57792K) NonClass: 49163K(49408K)->49163K(49408K) Class: 8280K(8384K)->8280K(8384K)
[395.564s][info][gc             ] GC(770) Pause Young (Allocation Failure) 419M->279M(512M) 3.247ms
[395.564s][info][gc,cpu         ] GC(770) User=0.01s Sys=0.00s Real=0.01s
[395.928s][info][gc,start       ] GC(771) Pause Young (Allocation Failure)
[395.931s][info][gc,heap        ] GC(771) PSYoungGen: 140319K(140800K)->1503K(135680K) Eden: 138752K(138752K)->0K(134144K) From: 1567K(2048K)->1503K(1536K)
[395.931s][info][gc,heap        ] GC(771) ParOldGen: 284805K(383488K)->284821K(383488K)
[395.931s][info][gc,metaspace   ] GC(771) Metaspace: 57444K(57792K)->57444K(57792K) NonClass: 49163K(49408K)->49163K(49408K) Class: 8280K(8384K)->8280K(8384K)
[395.931s][info][gc             ] GC(771) Pause Young (Allocation Failure) 415M->279M(507M) 2.996ms
[395.931s][info][gc,cpu         ] GC(771) User=0.00s Sys=0.00s Real=0.00s
[396.242s][info][gc,start       ] GC(772) Pause Young (Allocation Failure)
[396.246s][info][gc,heap        ] GC(772) PSYoungGen: 135647K(135680K)->2495K(132608K) Eden: 134144K(134144K)->0K(130048K) From: 1503K(1536K)->2495K(2560K)
[396.246s][info][gc,heap        ] GC(772) ParOldGen: 284821K(383488K)->284837K(383488K)
[396.246s][info][gc,metaspace   ] GC(772) Metaspace: 57444K(57792K)->57444K(57792K) NonClass: 49163K(49408K)->49163K(49408K) Class: 8280K(8384K)->8280K(8384K)
[396.246s][info][gc             ] GC(772) Pause Young (Allocation Failure) 410M->280M(504M) 4.394ms
[396.246s][info][gc,cpu         ] GC(772) User=0.01s Sys=0.00s Real=0.01s
[396.613s][info][gc,start       ] GC(773) Pause Young (Allocation Failure)
[396.614s][info][gc,heap        ] GC(773) PSYoungGen: 132543K(132608K)->256K(126464K) Eden: 130048K(130048K)->0K(125952K) From: 2495K(2560K)->256K(512K)
[396.614s][info][gc,heap        ] GC(773) ParOldGen: 284837K(383488K)->284853K(383488K)
[396.615s][info][gc,metaspace   ] GC(773) Metaspace: 57444K(57792K)->57444K(57792K) NonClass: 49163K(49408K)->49163K(49408K) Class: 8280K(8384K)->8280K(8384K)
[396.615s][info][gc             ] GC(773) Pause Young (Allocation Failure) 407M->278M(498M) 1.851ms
[396.615s][info][gc,cpu         ] GC(773) User=0.00s Sys=0.00s Real=0.01s
[396.922s][info][gc,start       ] GC(774) Pause Young (Allocation Failure)
[396.925s][info][gc,heap        ] GC(774) PSYoungGen: 126208K(126464K)->1439K(123392K) Eden: 125952K(125952K)->0K(121856K) From: 256K(512K)->1439K(1536K)
[396.925s][info][gc,heap        ] GC(774) ParOldGen: 284853K(383488K)->284869K(383488K)
[396.925s][info][gc,metaspace   ] GC(774) Metaspace: 57444K(57792K)->57444K(57792K) NonClass: 49163K(49408K)->49163K(49408K) Class: 8280K(8384K)->8280K(8384K)
[396.925s][info][gc             ] GC(774) Pause Young (Allocation Failure) 401M->279M(495M) 2.987ms
[396.925s][info][gc,cpu         ] GC(774) User=0.00s Sys=0.00s Real=0.01s
[397.281s][info][gc,start       ] GC(775) Pause Young (Allocation Failure)
[397.283s][info][gc,heap        ] GC(775) PSYoungGen: 123295K(123392K)->1375K(119808K) Eden: 121856K(121856K)->0K(118272K) From: 1439K(1536K)->1375K(1536K)
[397.283s][info][gc,heap        ] GC(775) ParOldGen: 284869K(383488K)->284885K(383488K)
[397.283s][info][gc,metaspace   ] GC(775) Metaspace: 57444K(57792K)->57444K(57792K) NonClass: 49163K(49408K)->49163K(49408K) Class: 8280K(8384K)->8280K(8384K)
[397.284s][info][gc             ] GC(775) Pause Young (Allocation Failure) 398M->279M(491M) 2.818ms
[397.284s][info][gc,cpu         ] GC(775) User=0.01s Sys=0.00s Real=0.01s
[397.524s][info][gc,start       ] GC(776) Pause Young (Allocation Failure)
[397.527s][info][gc,heap        ] GC(776) PSYoungGen: 119405K(119808K)->1216K(116224K) Eden: 118029K(118272K)->0K(114688K) From: 1375K(1536K)->1216K(1536K)
[397.527s][info][gc,heap        ] GC(776) ParOldGen: 284885K(383488K)->284901K(383488K)
[397.527s][info][gc,metaspace   ] GC(776) Metaspace: 57444K(57792K)->57444K(57792K) NonClass: 49163K(49408K)->49163K(49408K) Class: 8280K(8384K)->8280K(8384K)
[397.527s][info][gc             ] GC(776) Pause Young (Allocation Failure) 394M->279M(488M) 3.089ms
[397.527s][info][gc,cpu         ] GC(776) User=0.00s Sys=0.00s Real=0.00s
[397.821s][info][gc,start       ] GC(777) Pause Young (Allocation Failure)
[397.824s][info][gc,heap        ] GC(777) PSYoungGen: 115904K(116224K)->1726K(113152K) Eden: 114688K(114688K)->0K(111104K) From: 1216K(1536K)->1726K(2048K)
[397.824s][info][gc,heap        ] GC(777) ParOldGen: 284901K(383488K)->284917K(383488K)
[397.824s][info][gc,metaspace   ] GC(777) Metaspace: 57444K(57792K)->57444K(57792K) NonClass: 49163K(49408K)->49163K(49408K) Class: 8280K(8384K)->8280K(8384K)
[397.824s][info][gc             ] GC(777) Pause Young (Allocation Failure) 391M->279M(485M) 2.892ms
[397.824s][info][gc,cpu         ] GC(777) User=0.01s Sys=0.00s Real=0.01s
[398.112s][info][gc,start       ] GC(778) Pause Young (Allocation Failure)
[398.114s][info][gc,heap        ] GC(778) PSYoungGen: 112712K(113152K)->128K(108544K) Eden: 110986K(111104K)->0K(108032K) From: 1726K(2048K)->128K(512K)
[398.114s][info][gc,heap        ] GC(778) ParOldGen: 284917K(383488K)->284933K(383488K)
[398.114s][info][gc,metaspace   ] GC(778) Metaspace: 57444K(57792K)->57444K(57792K) NonClass: 49163K(49408K)->49163K(49408K) Class: 8280K(8384K)->8280K(8384K)
[398.114s][info][gc             ] GC(778) Pause Young (Allocation Failure) 388M->278M(480M) 1.763ms
[398.114s][info][gc,cpu         ] GC(778) User=0.00s Sys=0.00s Real=0.01s
[398.438s][info][gc,start       ] GC(779) Pause Young (Allocation Failure)
[398.441s][info][gc,heap        ] GC(779) PSYoungGen: 108160K(108544K)->1855K(108544K) Eden: 108032K(108032K)->0K(104960K) From: 128K(512K)->1855K(3584K)
[398.441s][info][gc,heap        ] GC(779) ParOldGen: 284933K(383488K)->284949K(383488K)
[398.441s][info][gc,metaspace   ] GC(779) Metaspace: 57444K(57792K)->57444K(57792K) NonClass: 49163K(49408K)->49163K(49408K) Class: 8280K(8384K)->8280K(8384K)
[398.441s][info][gc             ] GC(779) Pause Young (Allocation Failure) 383M->280M(480M) 3.429ms
[398.441s][info][gc,cpu         ] GC(779) User=0.01s Sys=0.00s Real=0.00s
[398.634s][info][gc,start       ] GC(780) Pause Young (Allocation Failure)
[398.639s][info][gc,heap        ] GC(780) PSYoungGen: 106815K(108544K)->2048K(127488K) Eden: 104960K(104960K)->0K(125440K) From: 1855K(3584K)->2048K(2048K)
[398.639s][info][gc,heap        ] GC(780) ParOldGen: 284949K(383488K)->284965K(383488K)
[398.639s][info][gc,metaspace   ] GC(780) Metaspace: 57444K(57792K)->57444K(57792K) NonClass: 49163K(49408K)->49163K(49408K) Class: 8280K(8384K)->8280K(8384K)
[398.639s][info][gc             ] GC(780) Pause Young (Allocation Failure) 382M->280M(499M) 4.106ms
[398.639s][info][gc,cpu         ] GC(780) User=0.01s Sys=0.00s Real=0.00s
[398.940s][info][gc,start       ] GC(781) Pause Young (Allocation Failure)
[398.944s][info][gc,heap        ] GC(781) PSYoungGen: 127488K(127488K)->2207K(152064K) Eden: 125440K(125440K)->0K(149504K) From: 2048K(2048K)->2207K(2560K)
[398.944s][info][gc,heap        ] GC(781) ParOldGen: 284965K(383488K)->284981K(383488K)
[398.944s][info][gc,metaspace   ] GC(781) Metaspace: 57444K(57792K)->57444K(57792K) NonClass: 49163K(49408K)->49163K(49408K) Class: 8280K(8384K)->8280K(8384K)
[398.944s][info][gc             ] GC(781) Pause Young (Allocation Failure) 402M->280M(523M) 3.983ms
[398.944s][info][gc,cpu         ] GC(781) User=0.01s Sys=0.00s Real=0.01s
[399.329s][info][gc,start       ] GC(782) Pause Young (Allocation Failure)
[399.332s][info][gc,heap        ] GC(782) PSYoungGen: 151711K(152064K)->1504K(180224K) Eden: 149504K(149504K)->0K(178688K) From: 2207K(2560K)->1504K(1536K)
[399.332s][info][gc,heap        ] GC(782) ParOldGen: 284981K(383488K)->284997K(383488K)
[399.332s][info][gc,metaspace   ] GC(782) Metaspace: 57444K(57792K)->57444K(57792K) NonClass: 49163K(49408K)->49163K(49408K) Class: 8280K(8384K)->8280K(8384K)
[399.332s][info][gc             ] GC(782) Pause Young (Allocation Failure) 426M->279M(550M) 3.425ms
[399.332s][info][gc,cpu         ] GC(782) User=0.00s Sys=0.00s Real=0.00s
[399.758s][info][gc,start       ] GC(783) Pause Young (Allocation Failure)
[399.760s][info][gc,heap        ] GC(783) PSYoungGen: 179921K(180224K)->512K(173056K) Eden: 178417K(178688K)->0K(172544K) From: 1504K(1536K)->512K(512K)
[399.760s][info][gc,heap        ] GC(783) ParOldGen: 284997K(383488K)->285013K(383488K)
[399.760s][info][gc,metaspace   ] GC(783) Metaspace: 57444K(57792K)->57444K(57792K) NonClass: 49163K(49408K)->49163K(49408K) Class: 8280K(8384K)->8280K(8384K)
[399.760s][info][gc             ] GC(783) Pause Young (Allocation Failure) 454M->278M(543M) 2.258ms
[399.760s][info][gc,cpu         ] GC(783) User=0.00s Sys=0.00s Real=0.00s
[400.230s][info][gc,start       ] GC(784) Pause Young (Allocation Failure)
[400.234s][info][gc,heap        ] GC(784) PSYoungGen: 173021K(173056K)->1472K(167936K) Eden: 172509K(172544K)->0K(166400K) From: 512K(512K)->1472K(1536K)
[400.234s][info][gc,heap        ] GC(784) ParOldGen: 285013K(383488K)->285029K(383488K)
[400.234s][info][gc,metaspace   ] GC(784) Metaspace: 57444K(57792K)->57444K(57792K) NonClass: 49163K(49408K)->49163K(49408K) Class: 8280K(8384K)->8280K(8384K)
[400.234s][info][gc             ] GC(784) Pause Young (Allocation Failure) 447M->279M(538M) 3.540ms
[400.234s][info][gc,cpu         ] GC(784) User=0.01s Sys=0.00s Real=0.01s
[400.643s][info][gc,start       ] GC(785) Pause Young (Allocation Failure)
[400.646s][info][gc,heap        ] GC(785) PSYoungGen: 167872K(167936K)->2175K(163328K) Eden: 166400K(166400K)->0K(160768K) From: 1472K(1536K)->2175K(2560K)
[400.647s][info][gc,heap        ] GC(785) ParOldGen: 285029K(383488K)->285045K(383488K)
[400.647s][info][gc,metaspace   ] GC(785) Metaspace: 57444K(57792K)->57444K(57792K) NonClass: 49163K(49408K)->49163K(49408K) Class: 8280K(8384K)->8280K(8384K)
[400.647s][info][gc             ] GC(785) Pause Young (Allocation Failure) 442M->280M(534M) 3.896ms
[400.647s][info][gc,cpu         ] GC(785) User=0.00s Sys=0.00s Real=0.01s
[401.089s][info][gc,start       ] GC(786) Pause Young (Allocation Failure)
[401.103s][info][gc,heap        ] GC(786) PSYoungGen: 162943K(163328K)->2911K(195072K) Eden: 160768K(160768K)->0K(192000K) From: 2175K(2560K)->2911K(3072K)
[401.103s][info][gc,heap        ] GC(786) ParOldGen: 285045K(383488K)->285061K(383488K)
[401.103s][info][gc,metaspace   ] GC(786) Metaspace: 57444K(57792K)->57444K(57792K) NonClass: 49163K(49408K)->49163K(49408K) Class: 8280K(8384K)->8280K(8384K)
[401.103s][info][gc             ] GC(786) Pause Young (Allocation Failure) 437M->281M(565M) 14.205ms
[401.103s][info][gc,cpu         ] GC(786) User=0.01s Sys=0.00s Real=0.01s
[401.538s][info][gc,start       ] GC(787) Pause Young (Allocation Failure)
[401.543s][info][gc,heap        ] GC(787) PSYoungGen: 194911K(195072K)->2336K(228352K) Eden: 192000K(192000K)->0K(224768K) From: 2911K(3072K)->2336K(3584K)
[401.543s][info][gc,heap        ] GC(787) ParOldGen: 285061K(383488K)->285077K(383488K)
[401.543s][info][gc,metaspace   ] GC(787) Metaspace: 57444K(57792K)->57444K(57792K) NonClass: 49163K(49408K)->49163K(49408K) Class: 8280K(8384K)->8280K(8384K)
[401.543s][info][gc             ] GC(787) Pause Young (Allocation Failure) 468M->280M(597M) 5.139ms
[401.543s][info][gc,cpu         ] GC(787) User=0.01s Sys=0.00s Real=0.00s
[402.130s][info][gc,start       ] GC(788) Pause Young (Allocation Failure)
[402.134s][info][gc,heap        ] GC(788) PSYoungGen: 227104K(228352K)->1823K(233984K) Eden: 224768K(224768K)->0K(229888K) From: 2336K(3584K)->1823K(4096K)
[402.134s][info][gc,heap        ] GC(788) ParOldGen: 285077K(383488K)->285093K(383488K)
[402.134s][info][gc,metaspace   ] GC(788) Metaspace: 57444K(57792K)->57444K(57792K) NonClass: 49163K(49408K)->49163K(49408K) Class: 8280K(8384K)->8280K(8384K)
[402.134s][info][gc             ] GC(788) Pause Young (Allocation Failure) 500M->280M(603M) 4.151ms
[402.134s][info][gc,cpu         ] GC(788) User=0.01s Sys=0.00s Real=0.01s
[402.725s][info][gc,start       ] GC(789) Pause Young (Allocation Failure)
[402.728s][info][gc,heap        ] GC(789) PSYoungGen: 231711K(233984K)->1631K(233472K) Eden: 229888K(229888K)->0K(229888K) From: 1823K(4096K)->1631K(3584K)
[402.728s][info][gc,heap        ] GC(789) ParOldGen: 285093K(383488K)->285109K(383488K)
[402.728s][info][gc,metaspace   ] GC(789) Metaspace: 57444K(57792K)->57444K(57792K) NonClass: 49163K(49408K)->49163K(49408K) Class: 8280K(8384K)->8280K(8384K)
[402.728s][info][gc             ] GC(789) Pause Young (Allocation Failure) 504M->280M(602M) 3.175ms
[402.728s][info][gc,cpu         ] GC(789) User=0.00s Sys=0.00s Real=0.00s
[403.316s][info][gc,start       ] GC(790) Pause Young (Allocation Failure)
[403.319s][info][gc,heap        ] GC(790) PSYoungGen: 231519K(233472K)->765K(222208K) Eden: 229888K(229888K)->0K(221184K) From: 1631K(3584K)->765K(1024K)
[403.319s][info][gc,heap        ] GC(790) ParOldGen: 285109K(383488K)->285125K(383488K)
[403.319s][info][gc,metaspace   ] GC(790) Metaspace: 57444K(57792K)->57444K(57792K) NonClass: 49163K(49408K)->49163K(49408K) Class: 8280K(8384K)->8280K(8384K)
[403.319s][info][gc             ] GC(790) Pause Young (Allocation Failure) 504M->279M(591M) 2.641ms
[403.319s][info][gc,cpu         ] GC(790) User=0.00s Sys=0.00s Real=0.00s
[403.847s][info][gc,start       ] GC(791) Pause Young (Allocation Failure)
[403.852s][info][gc,heap        ] GC(791) PSYoungGen: 221710K(222208K)->2655K(216064K) Eden: 220944K(221184K)->0K(212992K) From: 765K(1024K)->2655K(3072K)
[403.852s][info][gc,heap        ] GC(791) ParOldGen: 285125K(383488K)->285141K(383488K)
[403.852s][info][gc,metaspace   ] GC(791) Metaspace: 57444K(57792K)->57444K(57792K) NonClass: 49163K(49408K)->49163K(49408K) Class: 8280K(8384K)->8280K(8384K)
[403.853s][info][gc             ] GC(791) Pause Young (Allocation Failure) 494M->281M(585M) 5.618ms
[403.853s][info][gc,cpu         ] GC(791) User=0.01s Sys=0.00s Real=0.00s
[404.418s][info][gc,start       ] GC(792) Pause Young (Allocation Failure)
[404.421s][info][gc,heap        ] GC(792) PSYoungGen: 215647K(216064K)->986K(206336K) Eden: 212992K(212992K)->0K(205312K) From: 2655K(3072K)->986K(1024K)
[404.421s][info][gc,heap        ] GC(792) ParOldGen: 285141K(383488K)->285157K(383488K)
[404.421s][info][gc,metaspace   ] GC(792) Metaspace: 57444K(57792K)->57444K(57792K) NonClass: 49163K(49408K)->49163K(49408K) Class: 8280K(8384K)->8280K(8384K)
[404.421s][info][gc             ] GC(792) Pause Young (Allocation Failure) 489M->279M(576M) 2.704ms
[404.421s][info][gc,cpu         ] GC(792) User=0.01s Sys=0.00s Real=0.00s
[404.932s][info][gc,start       ] GC(793) Pause Young (Allocation Failure)
[404.935s][info][gc,heap        ] GC(793) PSYoungGen: 206298K(206336K)->1215K(199168K) Eden: 205312K(205312K)->0K(197632K) From: 986K(1024K)->1215K(1536K)
[404.935s][info][gc,heap        ] GC(793) ParOldGen: 285157K(383488K)->285173K(383488K)
[404.935s][info][gc,metaspace   ] GC(793) Metaspace: 57444K(57792K)->57444K(57792K) NonClass: 49163K(49408K)->49163K(49408K) Class: 8280K(8384K)->8280K(8384K)
[404.935s][info][gc             ] GC(793) Pause Young (Allocation Failure) 479M->279M(569M) 3.114ms
[404.935s][info][gc,cpu         ] GC(793) User=0.00s Sys=0.00s Real=0.01s
[405.432s][info][gc,start       ] GC(794) Pause Young (Allocation Failure)
[405.435s][info][gc,heap        ] GC(794) PSYoungGen: 198730K(199168K)->1536K(192000K) Eden: 197515K(197632K)->0K(190464K) From: 1215K(1536K)->1536K(1536K)
[405.436s][info][gc,heap        ] GC(794) ParOldGen: 285173K(383488K)->285189K(383488K)
[405.436s][info][gc,metaspace   ] GC(794) Metaspace: 57444K(57792K)->57444K(57792K) NonClass: 49163K(49408K)->49163K(49408K) Class: 8280K(8384K)->8280K(8384K)
[405.436s][info][gc             ] GC(794) Pause Young (Allocation Failure) 472M->280M(562M) 3.472ms
[405.436s][info][gc,cpu         ] GC(794) User=0.01s Sys=0.00s Real=0.01s
[405.927s][info][gc,start       ] GC(795) Pause Young (Allocation Failure)
[405.931s][info][gc,heap        ] GC(795) PSYoungGen: 192000K(192000K)->1631K(185856K) Eden: 190464K(190464K)->0K(183808K) From: 1536K(1536K)->1631K(2048K)
[405.931s][info][gc,heap        ] GC(795) ParOldGen: 285189K(383488K)->285205K(383488K)
[405.931s][info][gc,metaspace   ] GC(795) Metaspace: 57444K(57792K)->57444K(57792K) NonClass: 49163K(49408K)->49163K(49408K) Class: 8280K(8384K)->8280K(8384K)
[405.931s][info][gc             ] GC(795) Pause Young (Allocation Failure) 466M->280M(556M) 3.786ms
[405.931s][info][gc,cpu         ] GC(795) User=0.01s Sys=0.00s Real=0.00s
[406.434s][info][gc,start       ] GC(796) Pause Young (Allocation Failure)
[406.439s][info][gc,heap        ] GC(796) PSYoungGen: 185439K(185856K)->2512K(179712K) Eden: 183808K(183808K)->0K(177152K) From: 1631K(2048K)->2512K(2560K)
[406.439s][info][gc,heap        ] GC(796) ParOldGen: 285205K(383488K)->285221K(383488K)
[406.439s][info][gc,metaspace   ] GC(796) Metaspace: 57444K(57792K)->57444K(57792K) NonClass: 49163K(49408K)->49163K(49408K) Class: 8280K(8384K)->8280K(8384K)
[406.439s][info][gc             ] GC(796) Pause Young (Allocation Failure) 459M->280M(550M) 5.030ms
[406.439s][info][gc,cpu         ] GC(796) User=0.01s Sys=0.00s Real=0.00s
[406.838s][info][gc,start       ] GC(797) Pause Young (Allocation Failure)
[406.843s][info][gc,heap        ] GC(797) PSYoungGen: 179664K(179712K)->2176K(173568K) Eden: 177152K(177152K)->0K(171008K) From: 2512K(2560K)->2176K(2560K)
[406.843s][info][gc,heap        ] GC(797) ParOldGen: 285221K(383488K)->285557K(383488K)
[406.843s][info][gc,metaspace   ] GC(797) Metaspace: 57444K(57792K)->57444K(57792K) NonClass: 49163K(49408K)->49163K(49408K) Class: 8280K(8384K)->8280K(8384K)
[406.843s][info][gc             ] GC(797) Pause Young (Allocation Failure) 453M->280M(544M) 4.946ms
[406.843s][info][gc,cpu         ] GC(797) User=0.01s Sys=0.00s Real=0.01s
[407.261s][info][gc,start       ] GC(798) Pause Young (Allocation Failure)
[407.264s][info][gc,heap        ] GC(798) PSYoungGen: 173184K(173568K)->1246K(166912K) Eden: 171008K(171008K)->0K(165376K) From: 2176K(2560K)->1246K(1536K)
[407.264s][info][gc,heap        ] GC(798) ParOldGen: 285557K(383488K)->285573K(383488K)
[407.264s][info][gc,metaspace   ] GC(798) Metaspace: 57444K(57792K)->57444K(57792K) NonClass: 49163K(49408K)->49163K(49408K) Class: 8280K(8384K)->8280K(8384K)
[407.264s][info][gc             ] GC(798) Pause Young (Allocation Failure) 447M->280M(537M) 2.794ms
[407.264s][info][gc,cpu         ] GC(798) User=0.01s Sys=0.00s Real=0.01s
[407.721s][info][gc,start       ] GC(799) Pause Young (Allocation Failure)
[407.724s][info][gc,heap        ] GC(799) PSYoungGen: 166622K(166912K)->982K(160768K) Eden: 165376K(165376K)->0K(159744K) From: 1246K(1536K)->982K(1024K)
[407.724s][info][gc,heap        ] GC(799) ParOldGen: 285573K(383488K)->285589K(383488K)
[407.724s][info][gc,metaspace   ] GC(799) Metaspace: 57444K(57792K)->57444K(57792K) NonClass: 49163K(49408K)->49163K(49408K) Class: 8280K(8384K)->8280K(8384K)
[407.724s][info][gc             ] GC(799) Pause Young (Allocation Failure) 441M->279M(531M) 3.166ms
[407.724s][info][gc,cpu         ] GC(799) User=0.01s Sys=0.00s Real=0.01s
[408.122s][info][gc,start       ] GC(800) Pause Young (Allocation Failure)
[408.125s][info][gc,heap        ] GC(800) PSYoungGen: 160726K(160768K)->960K(155648K) Eden: 159744K(159744K)->0K(154624K) From: 982K(1024K)->960K(1024K)
[408.125s][info][gc,heap        ] GC(800) ParOldGen: 285589K(383488K)->285605K(383488K)
[408.125s][info][gc,metaspace   ] GC(800) Metaspace: 57444K(57792K)->57444K(57792K) NonClass: 49163K(49408K)->49163K(49408K) Class: 8280K(8384K)->8280K(8384K)
[408.125s][info][gc             ] GC(800) Pause Young (Allocation Failure) 435M->279M(526M) 2.947ms
[408.125s][info][gc,cpu         ] GC(800) User=0.00s Sys=0.00s Real=0.01s
[408.573s][info][gc,start       ] GC(801) Pause Young (Allocation Failure)
[408.576s][info][gc,heap        ] GC(801) PSYoungGen: 155584K(155648K)->1120K(153088K) Eden: 154624K(154624K)->0K(149504K) From: 960K(1024K)->1120K(3584K)
[408.576s][info][gc,heap        ] GC(801) ParOldGen: 285605K(383488K)->285621K(383488K)
[408.576s][info][gc,metaspace   ] GC(801) Metaspace: 57444K(57792K)->57444K(57792K) NonClass: 49163K(49408K)->49163K(49408K) Class: 8280K(8384K)->8280K(8384K)
[408.576s][info][gc             ] GC(801) Pause Young (Allocation Failure) 430M->280M(524M) 3.252ms
[408.576s][info][gc,cpu         ] GC(801) User=0.00s Sys=0.00s Real=0.01s
[408.863s][info][gc,start       ] GC(802) Pause Young (Allocation Failure)
[408.866s][info][gc,heap        ] GC(802) PSYoungGen: 150561K(153088K)->544K(145408K) Eden: 149440K(149504K)->0K(144384K) From: 1120K(3584K)->544K(1024K)
[408.866s][info][gc,heap        ] GC(802) ParOldGen: 285621K(383488K)->285637K(383488K)
[408.866s][info][gc,metaspace   ] GC(802) Metaspace: 57444K(57792K)->57444K(57792K) NonClass: 49163K(49408K)->49163K(49408K) Class: 8280K(8384K)->8280K(8384K)
[408.866s][info][gc             ] GC(802) Pause Young (Allocation Failure) 425M->279M(516M) 2.196ms
[408.866s][info][gc,cpu         ] GC(802) User=0.00s Sys=0.00s Real=0.00s
[409.238s][info][gc,start       ] GC(803) Pause Young (Allocation Failure)
[409.243s][info][gc,heap        ] GC(803) PSYoungGen: 144928K(145408K)->2559K(142336K) Eden: 144384K(144384K)->0K(139776K) From: 544K(1024K)->2559K(2560K)
[409.243s][info][gc,heap        ] GC(803) ParOldGen: 285637K(383488K)->285653K(383488K)
[409.243s][info][gc,metaspace   ] GC(803) Metaspace: 57444K(57792K)->57444K(57792K) NonClass: 49163K(49408K)->49163K(49408K) Class: 8280K(8384K)->8280K(8384K)
[409.243s][info][gc             ] GC(803) Pause Young (Allocation Failure) 420M->281M(513M) 4.956ms
[409.243s][info][gc,cpu         ] GC(803) User=0.01s Sys=0.00s Real=0.00s
[409.622s][info][gc,start       ] GC(804) Pause Young (Allocation Failure)
[409.625s][info][gc,heap        ] GC(804) PSYoungGen: 142335K(142336K)->1151K(136704K) Eden: 139776K(139776K)->0K(135168K) From: 2559K(2560K)->1151K(1536K)
[409.625s][info][gc,heap        ] GC(804) ParOldGen: 285653K(383488K)->285669K(383488K)
[409.625s][info][gc,metaspace   ] GC(804) Metaspace: 57444K(57792K)->57444K(57792K) NonClass: 49163K(49408K)->49163K(49408K) Class: 8280K(8384K)->8280K(8384K)
[409.625s][info][gc             ] GC(804) Pause Young (Allocation Failure) 417M->280M(508M) 3.297ms
[409.625s][info][gc,cpu         ] GC(804) User=0.00s Sys=0.00s Real=0.01s
[409.945s][info][gc,start       ] GC(805) Pause Young (Allocation Failure)
[409.949s][info][gc,heap        ] GC(805) PSYoungGen: 136319K(136704K)->1855K(133120K) Eden: 135168K(135168K)->0K(131072K) From: 1151K(1536K)->1855K(2048K)
[409.949s][info][gc,heap        ] GC(805) ParOldGen: 285669K(383488K)->285685K(383488K)
[409.949s][info][gc,metaspace   ] GC(805) Metaspace: 57447K(57792K)->57447K(57792K) NonClass: 49166K(49408K)->49166K(49408K) Class: 8280K(8384K)->8280K(8384K)
[409.949s][info][gc             ] GC(805) Pause Young (Allocation Failure) 412M->280M(504M) 4.220ms
[409.949s][info][gc,cpu         ] GC(805) User=0.01s Sys=0.00s Real=0.00s
[410.256s][info][gc,start       ] GC(806) Pause Young (Allocation Failure)
[410.259s][info][gc,heap        ] GC(806) PSYoungGen: 132927K(133120K)->1183K(128512K) Eden: 131072K(131072K)->0K(126976K) From: 1855K(2048K)->1183K(1536K)
[410.259s][info][gc,heap        ] GC(806) ParOldGen: 285685K(383488K)->285701K(383488K)
[410.259s][info][gc,metaspace   ] GC(806) Metaspace: 57447K(57792K)->57447K(57792K) NonClass: 49166K(49408K)->49166K(49408K) Class: 8280K(8384K)->8280K(8384K)
[410.259s][info][gc             ] GC(806) Pause Young (Allocation Failure) 408M->280M(500M) 2.963ms
[410.259s][info][gc,cpu         ] GC(806) User=0.01s Sys=0.01s Real=0.00s
[410.617s][info][gc,start       ] GC(807) Pause Young (Allocation Failure)
[410.619s][info][gc,heap        ] GC(807) PSYoungGen: 128159K(128512K)->591K(123904K) Eden: 126976K(126976K)->0K(122880K) From: 1183K(1536K)->591K(1024K)
[410.619s][info][gc,heap        ] GC(807) ParOldGen: 285701K(383488K)->285717K(383488K)
[410.619s][info][gc,metaspace   ] GC(807) Metaspace: 57447K(57792K)->57447K(57792K) NonClass: 49166K(49408K)->49166K(49408K) Class: 8280K(8384K)->8280K(8384K)
[410.619s][info][gc             ] GC(807) Pause Young (Allocation Failure) 404M->279M(495M) 2.368ms
[410.619s][info][gc,cpu         ] GC(807) User=0.01s Sys=0.00s Real=0.00s
[410.937s][info][gc,start       ] GC(808) Pause Young (Allocation Failure)
[410.942s][info][gc,heap        ] GC(808) PSYoungGen: 123471K(123904K)->2816K(149504K) Eden: 122880K(122880K)->0K(146432K) From: 591K(1024K)->2816K(3072K)
[410.942s][info][gc,heap        ] GC(808) ParOldGen: 285717K(383488K)->285733K(383488K)
[410.942s][info][gc,metaspace   ] GC(808) Metaspace: 57447K(57792K)->57447K(57792K) NonClass: 49166K(49408K)->49166K(49408K) Class: 8280K(8384K)->8280K(8384K)
[410.942s][info][gc             ] GC(808) Pause Young (Allocation Failure) 399M->281M(520M) 5.295ms
[410.942s][info][gc,cpu         ] GC(808) User=0.01s Sys=0.00s Real=0.00s
[411.260s][info][gc,start       ] GC(809) Pause Young (Allocation Failure)
[411.262s][info][gc,heap        ] GC(809) PSYoungGen: 148968K(149504K)->608K(142848K) Eden: 146152K(146432K)->0K(141824K) From: 2816K(3072K)->608K(1024K)
[411.262s][info][gc,heap        ] GC(809) ParOldGen: 285733K(383488K)->285749K(383488K)
[411.262s][info][gc,metaspace   ] GC(809) Metaspace: 57447K(57792K)->57447K(57792K) NonClass: 49166K(49408K)->49166K(49408K) Class: 8280K(8384K)->8280K(8384K)
[411.262s][info][gc             ] GC(809) Pause Young (Allocation Failure) 424M->279M(514M) 2.735ms
[411.262s][info][gc,cpu         ] GC(809) User=0.01s Sys=0.00s Real=0.00s
[411.641s][info][gc,start       ] GC(810) Pause Young (Allocation Failure)
[411.646s][info][gc,heap        ] GC(810) PSYoungGen: 142432K(142848K)->2494K(172032K) Eden: 141824K(141824K)->0K(169472K) From: 608K(1024K)->2494K(2560K)
[411.646s][info][gc,heap        ] GC(810) ParOldGen: 285749K(383488K)->285765K(383488K)
[411.646s][info][gc,metaspace   ] GC(810) Metaspace: 57447K(57792K)->57447K(57792K) NonClass: 49166K(49408K)->49166K(49408K) Class: 8280K(8384K)->8280K(8384K)
[411.646s][info][gc             ] GC(810) Pause Young (Allocation Failure) 418M->281M(542M) 4.619ms
[411.646s][info][gc,cpu         ] GC(810) User=0.01s Sys=0.00s Real=0.01s
[412.060s][info][gc,start       ] GC(811) Pause Young (Allocation Failure)
[412.063s][info][gc,heap        ] GC(811) PSYoungGen: 171684K(172032K)->1024K(164864K) Eden: 169190K(169472K)->0K(163840K) From: 2494K(2560K)->1024K(1024K)
[412.063s][info][gc,heap        ] GC(811) ParOldGen: 285765K(383488K)->285781K(383488K)
[412.063s][info][gc,metaspace   ] GC(811) Metaspace: 57447K(57792K)->57447K(57792K) NonClass: 49166K(49408K)->49166K(49408K) Class: 8280K(8384K)->8280K(8384K)
[412.063s][info][gc             ] GC(811) Pause Young (Allocation Failure) 446M->280M(535M) 3.176ms
[412.063s][info][gc,cpu         ] GC(811) User=0.01s Sys=0.00s Real=0.00s
[412.513s][info][gc,start       ] GC(812) Pause Young (Allocation Failure)
[412.515s][info][gc,heap        ] GC(812) PSYoungGen: 164864K(164864K)->245K(158720K) Eden: 163840K(163840K)->0K(158208K) From: 1024K(1024K)->245K(512K)
[412.515s][info][gc,heap        ] GC(812) ParOldGen: 285781K(383488K)->285797K(383488K)
[412.515s][info][gc,metaspace   ] GC(812) Metaspace: 57447K(57792K)->57447K(57792K) NonClass: 49166K(49408K)->49166K(49408K) Class: 8280K(8384K)->8280K(8384K)
[412.515s][info][gc             ] GC(812) Pause Young (Allocation Failure) 440M->279M(529M) 1.816ms
[412.515s][info][gc,cpu         ] GC(812) User=0.00s Sys=0.00s Real=0.00s
[412.874s][info][gc,start       ] GC(813) Pause Young (Allocation Failure)
[412.876s][info][gc,heap        ] GC(813) PSYoungGen: 158453K(158720K)->64K(156672K) Eden: 158208K(158208K)->0K(153088K) From: 245K(512K)->64K(3584K)
[412.876s][info][gc,heap        ] GC(813) ParOldGen: 285797K(383488K)->285813K(383488K)
[412.876s][info][gc,metaspace   ] GC(813) Metaspace: 57448K(57792K)->57448K(57792K) NonClass: 49167K(49408K)->49167K(49408K) Class: 8280K(8384K)->8280K(8384K)
[412.876s][info][gc             ] GC(813) Pause Young (Allocation Failure) 433M->279M(527M) 1.420ms
[412.876s][info][gc,cpu         ] GC(813) User=0.01s Sys=0.00s Real=0.00s
[413.257s][info][gc,start       ] GC(814) Pause Young (Allocation Failure)
[413.260s][info][gc,heap        ] GC(814) PSYoungGen: 153152K(156672K)->927K(148992K) Eden: 153088K(153088K)->0K(147968K) From: 64K(3584K)->927K(1024K)
[413.260s][info][gc,heap        ] GC(814) ParOldGen: 285813K(383488K)->285829K(383488K)
[413.260s][info][gc,metaspace   ] GC(814) Metaspace: 57448K(57792K)->57448K(57792K) NonClass: 49167K(49408K)->49167K(49408K) Class: 8280K(8384K)->8280K(8384K)
[413.260s][info][gc             ] GC(814) Pause Young (Allocation Failure) 428M->280M(520M) 2.981ms
[413.260s][info][gc,cpu         ] GC(814) User=0.01s Sys=0.00s Real=0.00s
[413.643s][info][gc,start       ] GC(815) Pause Young (Allocation Failure)
[413.649s][info][gc,heap        ] GC(815) PSYoungGen: 148895K(148992K)->2623K(146432K) Eden: 147967K(147968K)->0K(143360K) From: 927K(1024K)->2623K(3072K)
[413.649s][info][gc,heap        ] GC(815) ParOldGen: 285829K(383488K)->285845K(383488K)
[413.649s][info][gc,metaspace   ] GC(815) Metaspace: 57448K(57792K)->57448K(57792K) NonClass: 49167K(49408K)->49167K(49408K) Class: 8280K(8384K)->8280K(8384K)
[413.649s][info][gc             ] GC(815) Pause Young (Allocation Failure) 424M->281M(517M) 5.480ms
[413.649s][info][gc,cpu         ] GC(815) User=0.01s Sys=0.00s Real=0.00s
[414.029s][info][gc,start       ] GC(816) Pause Young (Allocation Failure)
[414.032s][info][gc,heap        ] GC(816) PSYoungGen: 145983K(146432K)->1343K(140288K) Eden: 143360K(143360K)->0K(138752K) From: 2623K(3072K)->1343K(1536K)
[414.032s][info][gc,heap        ] GC(816) ParOldGen: 285845K(383488K)->285861K(383488K)
[414.032s][info][gc,metaspace   ] GC(816) Metaspace: 57448K(57792K)->57448K(57792K) NonClass: 49167K(49408K)->49167K(49408K) Class: 8280K(8384K)->8280K(8384K)
[414.032s][info][gc             ] GC(816) Pause Young (Allocation Failure) 421M->280M(511M) 3.234ms
[414.032s][info][gc,cpu         ] GC(816) User=0.01s Sys=0.01s Real=0.00s
[414.362s][info][gc,start       ] GC(817) Pause Young (Allocation Failure)
[414.365s][info][gc,heap        ] GC(817) PSYoungGen: 140095K(140288K)->895K(135168K) Eden: 138752K(138752K)->0K(134144K) From: 1343K(1536K)->895K(1024K)
[414.365s][info][gc,heap        ] GC(817) ParOldGen: 285861K(383488K)->285877K(383488K)
[414.365s][info][gc,metaspace   ] GC(817) Metaspace: 57448K(57792K)->57448K(57792K) NonClass: 49167K(49408K)->49167K(49408K) Class: 8280K(8384K)->8280K(8384K)
[414.365s][info][gc             ] GC(817) Pause Young (Allocation Failure) 415M->280M(506M) 2.453ms
[414.365s][info][gc,cpu         ] GC(817) User=0.00s Sys=0.00s Real=0.01s
[414.730s][info][gc,start       ] GC(818) Pause Young (Allocation Failure)
[414.732s][info][gc,heap        ] GC(818) PSYoungGen: 134842K(135168K)->800K(131072K) Eden: 133946K(134144K)->0K(130048K) From: 895K(1024K)->800K(1024K)
[414.732s][info][gc,heap        ] GC(818) ParOldGen: 285877K(383488K)->285893K(383488K)
[414.732s][info][gc,metaspace   ] GC(818) Metaspace: 57449K(57792K)->57449K(57792K) NonClass: 49169K(49408K)->49169K(49408K) Class: 8280K(8384K)->8280K(8384K)
[414.732s][info][gc             ] GC(818) Pause Young (Allocation Failure) 410M->279M(502M) 2.585ms
[414.732s][info][gc,cpu         ] GC(818) User=0.00s Sys=0.00s Real=0.00s
[415.042s][info][gc,start       ] GC(819) Pause Young (Allocation Failure)
[415.047s][info][gc,heap        ] GC(819) PSYoungGen: 130848K(131072K)->2527K(128512K) Eden: 130048K(130048K)->0K(125952K) From: 800K(1024K)->2527K(2560K)
[415.047s][info][gc,heap        ] GC(819) ParOldGen: 285893K(383488K)->285909K(383488K)
[415.047s][info][gc,metaspace   ] GC(819) Metaspace: 57449K(57792K)->57449K(57792K) NonClass: 49169K(49408K)->49169K(49408K) Class: 8280K(8384K)->8280K(8384K)
[415.047s][info][gc             ] GC(819) Pause Young (Allocation Failure) 406M->281M(500M) 4.977ms
[415.047s][info][gc,cpu         ] GC(819) User=0.01s Sys=0.00s Real=0.01s
[415.360s][info][gc,start       ] GC(820) Pause Young (Allocation Failure)
[415.363s][info][gc,heap        ] GC(820) PSYoungGen: 128350K(128512K)->1024K(122880K) Eden: 125822K(125952K)->0K(121856K) From: 2527K(2560K)->1024K(1024K)
[415.363s][info][gc,heap        ] GC(820) ParOldGen: 285909K(383488K)->285925K(383488K)
[415.363s][info][gc,metaspace   ] GC(820) Metaspace: 57449K(57792K)->57449K(57792K) NonClass: 49169K(49408K)->49169K(49408K) Class: 8280K(8384K)->8280K(8384K)
[415.363s][info][gc             ] GC(820) Pause Young (Allocation Failure) 404M->280M(494M) 2.752ms
[415.363s][info][gc,cpu         ] GC(820) User=0.00s Sys=0.00s Real=0.00s
[415.713s][info][gc,start       ] GC(821) Pause Young (Allocation Failure)
[415.714s][info][gc,heap        ] GC(821) PSYoungGen: 122880K(122880K)->575K(119296K) Eden: 121856K(121856K)->0K(118272K) From: 1024K(1024K)->575K(1024K)
[415.714s][info][gc,heap        ] GC(821) ParOldGen: 285925K(383488K)->285941K(383488K)
[415.714s][info][gc,metaspace   ] GC(821) Metaspace: 57449K(57792K)->57449K(57792K) NonClass: 49169K(49408K)->49169K(49408K) Class: 8280K(8384K)->8280K(8384K)
[415.714s][info][gc             ] GC(821) Pause Young (Allocation Failure) 399M->279M(491M) 1.811ms
[415.714s][info][gc,cpu         ] GC(821) User=0.00s Sys=0.00s Real=0.01s
[416.015s][info][gc,start       ] GC(822) Pause Young (Allocation Failure)
[416.017s][info][gc,heap        ] GC(822) PSYoungGen: 118847K(119296K)->1022K(115712K) Eden: 118272K(118272K)->0K(114688K) From: 575K(1024K)->1022K(1024K)
[416.017s][info][gc,heap        ] GC(822) ParOldGen: 285941K(383488K)->285957K(383488K)
[416.017s][info][gc,metaspace   ] GC(822) Metaspace: 57449K(57792K)->57449K(57792K) NonClass: 49169K(49408K)->49169K(49408K) Class: 8280K(8384K)->8280K(8384K)
[416.017s][info][gc             ] GC(822) Pause Young (Allocation Failure) 395M->280M(487M) 2.133ms
[416.017s][info][gc,cpu         ] GC(822) User=0.01s Sys=0.00s Real=0.00s
[416.364s][info][gc,start       ] GC(823) Pause Young (Allocation Failure)
[416.365s][info][gc,heap        ] GC(823) PSYoungGen: 115710K(115712K)->378K(114688K) Eden: 114688K(114688K)->0K(111104K) From: 1022K(1024K)->378K(3584K)
[416.365s][info][gc,heap        ] GC(823) ParOldGen: 285957K(383488K)->285973K(383488K)
[416.365s][info][gc,metaspace   ] GC(823) Metaspace: 57449K(57792K)->57449K(57792K) NonClass: 49169K(49408K)->49169K(49408K) Class: 8280K(8384K)->8280K(8384K)
[416.365s][info][gc             ] GC(823) Pause Young (Allocation Failure) 392M->279M(486M) 1.839ms
[416.366s][info][gc,cpu         ] GC(823) User=0.00s Sys=0.00s Real=0.00s
[416.557s][info][gc,start       ] GC(824) Pause Young (Allocation Failure)
[416.560s][info][gc,heap        ] GC(824) PSYoungGen: 111482K(114688K)->1471K(109568K) Eden: 111104K(111104K)->0K(108032K) From: 378K(3584K)->1471K(1536K)
[416.560s][info][gc,heap        ] GC(824) ParOldGen: 285973K(383488K)->285989K(383488K)
[416.560s][info][gc,metaspace   ] GC(824) Metaspace: 57449K(57792K)->57449K(57792K) NonClass: 49169K(49408K)->49169K(49408K) Class: 8280K(8384K)->8280K(8384K)
[416.560s][info][gc             ] GC(824) Pause Young (Allocation Failure) 388M->280M(481M) 3.062ms
[416.560s][info][gc,cpu         ] GC(824) User=0.00s Sys=0.00s Real=0.00s
[416.840s][info][gc,start       ] GC(825) Pause Young (Allocation Failure)
[416.843s][info][gc,heap        ] GC(825) PSYoungGen: 109503K(109568K)->1759K(107008K) Eden: 108032K(108032K)->0K(104960K) From: 1471K(1536K)->1759K(2048K)
[416.843s][info][gc,heap        ] GC(825) ParOldGen: 285989K(383488K)->286005K(383488K)
[416.843s][info][gc,metaspace   ] GC(825) Metaspace: 57449K(57792K)->57449K(57792K) NonClass: 49169K(49408K)->49169K(49408K) Class: 8280K(8384K)->8280K(8384K)
[416.843s][info][gc             ] GC(825) Pause Young (Allocation Failure) 386M->281M(479M) 3.282ms
[416.843s][info][gc,cpu         ] GC(825) User=0.00s Sys=0.00s Real=0.01s
[417.127s][info][gc,start       ] GC(826) Pause Young (Allocation Failure)
[417.130s][info][gc,heap        ] GC(826) PSYoungGen: 106719K(107008K)->1855K(126976K) Eden: 104960K(104960K)->0K(124928K) From: 1759K(2048K)->1855K(2048K)
[417.130s][info][gc,heap        ] GC(826) ParOldGen: 286005K(383488K)->286021K(383488K)
[417.130s][info][gc,metaspace   ] GC(826) Metaspace: 57449K(57792K)->57449K(57792K) NonClass: 49169K(49408K)->49169K(49408K) Class: 8280K(8384K)->8280K(8384K)
[417.130s][info][gc             ] GC(826) Pause Young (Allocation Failure) 383M->281M(498M) 3.415ms
[417.130s][info][gc,cpu         ] GC(826) User=0.01s Sys=0.00s Real=0.00s
[417.436s][info][gc,start       ] GC(827) Pause Young (Allocation Failure)
[417.440s][info][gc,heap        ] GC(827) PSYoungGen: 126703K(126976K)->1920K(151040K) Eden: 124848K(124928K)->0K(148992K) From: 1855K(2048K)->1920K(2048K)
[417.440s][info][gc,heap        ] GC(827) ParOldGen: 286021K(383488K)->286037K(383488K)
[417.440s][info][gc,metaspace   ] GC(827) Metaspace: 57449K(57792K)->57449K(57792K) NonClass: 49169K(49408K)->49169K(49408K) Class: 8280K(8384K)->8280K(8384K)
[417.440s][info][gc             ] GC(827) Pause Young (Allocation Failure) 403M->281M(522M) 4.011ms
[417.440s][info][gc,cpu         ] GC(827) User=0.00s Sys=0.00s Real=0.00s
[417.929s][info][gc,start       ] GC(828) Pause Young (Allocation Failure)
[417.932s][info][gc,heap        ] GC(828) PSYoungGen: 150912K(151040K)->1855K(145920K) Eden: 148992K(148992K)->0K(143872K) From: 1920K(2048K)->1855K(2048K)
[417.932s][info][gc,heap        ] GC(828) ParOldGen: 286037K(383488K)->286053K(383488K)
[417.932s][info][gc,metaspace   ] GC(828) Metaspace: 57449K(57792K)->57449K(57792K) NonClass: 49169K(49408K)->49169K(49408K) Class: 8280K(8384K)->8280K(8384K)
[417.932s][info][gc             ] GC(828) Pause Young (Allocation Failure) 426M->281M(517M) 3.378ms
[417.932s][info][gc,cpu         ] GC(828) User=0.00s Sys=0.00s Real=0.00s
[418.262s][info][gc,start       ] GC(829) Pause Young (Allocation Failure)
[418.265s][info][gc,heap        ] GC(829) PSYoungGen: 145552K(145920K)->991K(140288K) Eden: 143697K(143872K)->0K(139264K) From: 1855K(2048K)->991K(1024K)
[418.265s][info][gc,heap        ] GC(829) ParOldGen: 286053K(383488K)->286069K(383488K)
[418.265s][info][gc,metaspace   ] GC(829) Metaspace: 57449K(57792K)->57449K(57792K) NonClass: 49169K(49408K)->49169K(49408K) Class: 8280K(8384K)->8280K(8384K)
[418.265s][info][gc             ] GC(829) Pause Young (Allocation Failure) 421M->280M(511M) 2.444ms
[418.265s][info][gc,cpu         ] GC(829) User=0.01s Sys=0.00s Real=0.01s
[418.630s][info][gc,start       ] GC(830) Pause Young (Allocation Failure)
[418.634s][info][gc,heap        ] GC(830) PSYoungGen: 140255K(140288K)->2079K(137216K) Eden: 139264K(139264K)->0K(134656K) From: 991K(1024K)->2079K(2560K)
[418.634s][info][gc,heap        ] GC(830) ParOldGen: 286069K(383488K)->286085K(383488K)
[418.634s][info][gc,metaspace   ] GC(830) Metaspace: 57449K(57792K)->57449K(57792K) NonClass: 49169K(49408K)->49169K(49408K) Class: 8280K(8384K)->8280K(8384K)
[418.634s][info][gc             ] GC(830) Pause Young (Allocation Failure) 416M->281M(508M) 3.755ms
[418.634s][info][gc,cpu         ] GC(830) User=0.00s Sys=0.00s Real=0.01s
[418.961s][info][gc,start       ] GC(831) Pause Young (Allocation Failure)
[418.964s][info][gc,heap        ] GC(831) PSYoungGen: 136735K(137216K)->1055K(132096K) Eden: 134656K(134656K)->0K(130560K) From: 2079K(2560K)->1055K(1536K)
[418.964s][info][gc,heap        ] GC(831) ParOldGen: 286085K(383488K)->286101K(383488K)
[418.964s][info][gc,metaspace   ] GC(831) Metaspace: 57450K(57792K)->57450K(57792K) NonClass: 49169K(49408K)->49169K(49408K) Class: 8280K(8384K)->8280K(8384K)
[418.964s][info][gc             ] GC(831) Pause Young (Allocation Failure) 412M->280M(503M) 2.590ms
[418.964s][info][gc,cpu         ] GC(831) User=0.00s Sys=0.00s Real=0.01s
[419.322s][info][gc,start       ] GC(832) Pause Young (Allocation Failure)
[419.325s][info][gc,heap        ] GC(832) PSYoungGen: 131615K(132096K)->1247K(128000K) Eden: 130560K(130560K)->0K(126464K) From: 1055K(1536K)->1247K(1536K)
[419.325s][info][gc,heap        ] GC(832) ParOldGen: 286101K(383488K)->286117K(383488K)
[419.325s][info][gc,metaspace   ] GC(832) Metaspace: 57450K(57792K)->57450K(57792K) NonClass: 49169K(49408K)->49169K(49408K) Class: 8280K(8384K)->8280K(8384K)
[419.325s][info][gc             ] GC(832) Pause Young (Allocation Failure) 407M->280M(499M) 2.805ms
[419.325s][info][gc,cpu         ] GC(832) User=0.00s Sys=0.00s Real=0.01s
[419.631s][info][gc,start       ] GC(833) Pause Young (Allocation Failure)
[419.634s][info][gc,heap        ] GC(833) PSYoungGen: 127711K(128000K)->1440K(123904K) Eden: 126464K(126464K)->0K(122368K) From: 1247K(1536K)->1440K(1536K)
[419.634s][info][gc,heap        ] GC(833) ParOldGen: 286117K(383488K)->286133K(383488K)
[419.634s][info][gc,metaspace   ] GC(833) Metaspace: 57450K(57792K)->57450K(57792K) NonClass: 49169K(49408K)->49169K(49408K) Class: 8280K(8384K)->8280K(8384K)
[419.634s][info][gc             ] GC(833) Pause Young (Allocation Failure) 404M->280M(495M) 3.231ms
[419.634s][info][gc,cpu         ] GC(833) User=0.01s Sys=0.00s Real=0.01s
[419.939s][info][gc,start       ] GC(834) Pause Young (Allocation Failure)
[419.941s][info][gc,heap        ] GC(834) PSYoungGen: 123808K(123904K)->1087K(120320K) Eden: 122368K(122368K)->0K(118784K) From: 1440K(1536K)->1087K(1536K)
[419.941s][info][gc,heap        ] GC(834) ParOldGen: 286133K(383488K)->286149K(383488K)
[419.941s][info][gc,metaspace   ] GC(834) Metaspace: 57450K(57792K)->57450K(57792K) NonClass: 49169K(49408K)->49169K(49408K) Class: 8280K(8384K)->8280K(8384K)
[419.941s][info][gc             ] GC(834) Pause Young (Allocation Failure) 400M->280M(492M) 2.618ms
[419.941s][info][gc,cpu         ] GC(834) User=0.01s Sys=0.00s Real=0.00s
[420.235s][info][gc,start       ] GC(835) Pause Young (Allocation Failure)
[420.238s][info][gc,heap        ] GC(835) PSYoungGen: 119871K(120320K)->1472K(116736K) Eden: 118784K(118784K)->0K(115200K) From: 1087K(1536K)->1472K(1536K)
[420.238s][info][gc,heap        ] GC(835) ParOldGen: 286149K(383488K)->286165K(383488K)
[420.238s][info][gc,metaspace   ] GC(835) Metaspace: 57453K(57792K)->57453K(57792K) NonClass: 49172K(49408K)->49172K(49408K) Class: 8280K(8384K)->8280K(8384K)
[420.238s][info][gc             ] GC(835) Pause Young (Allocation Failure) 396M->280M(488M) 3.423ms
[420.239s][info][gc,cpu         ] GC(835) User=0.01s Sys=0.00s Real=0.00s
[420.532s][info][gc,start       ] GC(836) Pause Young (Allocation Failure)
[420.536s][info][gc,heap        ] GC(836) PSYoungGen: 116672K(116736K)->2079K(139776K) Eden: 115200K(115200K)->0K(137216K) From: 1472K(1536K)->2079K(2560K)
[420.536s][info][gc,heap        ] GC(836) ParOldGen: 286165K(383488K)->286181K(383488K)
[420.536s][info][gc,metaspace   ] GC(836) Metaspace: 57453K(57792K)->57453K(57792K) NonClass: 49172K(49408K)->49172K(49408K) Class: 8280K(8384K)->8280K(8384K)
[420.536s][info][gc             ] GC(836) Pause Young (Allocation Failure) 393M->281M(511M) 3.737ms
[420.536s][info][gc,cpu         ] GC(836) User=0.00s Sys=0.00s Real=0.01s
[420.854s][info][gc,start       ] GC(837) Pause Young (Allocation Failure)
[420.857s][info][gc,heap        ] GC(837) PSYoungGen: 139295K(139776K)->1438K(134144K) Eden: 137216K(137216K)->0K(132608K) From: 2079K(2560K)->1438K(1536K)
[420.857s][info][gc,heap        ] GC(837) ParOldGen: 286181K(383488K)->286197K(383488K)
[420.857s][info][gc,metaspace   ] GC(837) Metaspace: 57453K(57792K)->57453K(57792K) NonClass: 49172K(49408K)->49172K(49408K) Class: 8280K(8384K)->8280K(8384K)
[420.857s][info][gc             ] GC(837) Pause Young (Allocation Failure) 415M->280M(505M) 2.727ms
[420.857s][info][gc,cpu         ] GC(837) User=0.01s Sys=0.00s Real=0.00s
[421.225s][info][gc,start       ] GC(838) Pause Young (Allocation Failure)
[421.228s][info][gc,heap        ] GC(838) PSYoungGen: 134046K(134144K)->960K(129536K) Eden: 132608K(132608K)->0K(128512K) From: 1438K(1536K)->960K(1024K)
[421.228s][info][gc,heap        ] GC(838) ParOldGen: 286197K(383488K)->286213K(383488K)
[421.228s][info][gc,metaspace   ] GC(838) Metaspace: 57453K(57792K)->57453K(57792K) NonClass: 49172K(49408K)->49172K(49408K) Class: 8280K(8384K)->8280K(8384K)
[421.228s][info][gc             ] GC(838) Pause Young (Allocation Failure) 410M->280M(501M) 2.715ms
[421.228s][info][gc,cpu         ] GC(838) User=0.00s Sys=0.00s Real=0.00s
[421.536s][info][gc,start       ] GC(839) Pause Young (Allocation Failure)
[421.540s][info][gc,heap        ] GC(839) PSYoungGen: 129472K(129536K)->1824K(126464K) Eden: 128512K(128512K)->0K(124416K) From: 960K(1024K)->1824K(2048K)
[421.540s][info][gc,heap        ] GC(839) ParOldGen: 286213K(383488K)->286229K(383488K)
[421.540s][info][gc,metaspace   ] GC(839) Metaspace: 57453K(57792K)->57453K(57792K) NonClass: 49172K(49408K)->49172K(49408K) Class: 8280K(8384K)->8280K(8384K)
[421.540s][info][gc             ] GC(839) Pause Young (Allocation Failure) 405M->281M(498M) 3.818ms
[421.540s][info][gc,cpu         ] GC(839) User=0.01s Sys=0.00s Real=0.00s
[421.926s][info][gc,start       ] GC(840) Pause Young (Allocation Failure)
[421.932s][info][gc,heap        ] GC(840) PSYoungGen: 126240K(126464K)->2272K(151040K) Eden: 124416K(124416K)->0K(148480K) From: 1824K(2048K)->2272K(2560K)
[421.932s][info][gc,heap        ] GC(840) ParOldGen: 286229K(383488K)->286245K(383488K)
[421.932s][info][gc,metaspace   ] GC(840) Metaspace: 57453K(57792K)->57453K(57792K) NonClass: 49172K(49408K)->49172K(49408K) Class: 8280K(8384K)->8280K(8384K)
[421.932s][info][gc             ] GC(840) Pause Young (Allocation Failure) 402M->281M(522M) 6.095ms
[421.932s][info][gc,cpu         ] GC(840) User=0.00s Sys=0.00s Real=0.00s
[422.231s][info][gc,start       ] GC(841) Pause Young (Allocation Failure)
[422.234s][info][gc,heap        ] GC(841) PSYoungGen: 150628K(151040K)->1600K(179200K) Eden: 148356K(148480K)->0K(177152K) From: 2272K(2560K)->1600K(2048K)
[422.234s][info][gc,heap        ] GC(841) ParOldGen: 286245K(383488K)->286261K(383488K)
[422.234s][info][gc,metaspace   ] GC(841) Metaspace: 57453K(57792K)->57453K(57792K) NonClass: 49172K(49408K)->49172K(49408K) Class: 8280K(8384K)->8280K(8384K)
[422.234s][info][gc             ] GC(841) Pause Young (Allocation Failure) 426M->281M(549M) 3.541ms
[422.234s][info][gc,cpu         ] GC(841) User=0.00s Sys=0.00s Real=0.01s
[422.662s][info][gc,start       ] GC(842) Pause Young (Allocation Failure)
[422.664s][info][gc,heap        ] GC(842) PSYoungGen: 178648K(179200K)->608K(172032K) Eden: 177048K(177152K)->0K(171008K) From: 1600K(2048K)->608K(1024K)
[422.664s][info][gc,heap        ] GC(842) ParOldGen: 286261K(383488K)->286277K(383488K)
[422.664s][info][gc,metaspace   ] GC(842) Metaspace: 57453K(57792K)->57453K(57792K) NonClass: 49172K(49408K)->49172K(49408K) Class: 8280K(8384K)->8280K(8384K)
[422.664s][info][gc             ] GC(842) Pause Young (Allocation Failure) 454M->280M(542M) 2.288ms
[422.664s][info][gc,cpu         ] GC(842) User=0.00s Sys=0.00s Real=0.01s
[423.124s][info][gc,start       ] GC(843) Pause Young (Allocation Failure)
[423.127s][info][gc,heap        ] GC(843) PSYoungGen: 171616K(172032K)->1599K(167424K) Eden: 171008K(171008K)->0K(165376K) From: 608K(1024K)->1599K(2048K)
[423.127s][info][gc,heap        ] GC(843) ParOldGen: 286277K(383488K)->286293K(383488K)
[423.127s][info][gc,metaspace   ] GC(843) Metaspace: 57453K(57792K)->57453K(57792K) NonClass: 49172K(49408K)->49172K(49408K) Class: 8280K(8384K)->8280K(8384K)
[423.127s][info][gc             ] GC(843) Pause Young (Allocation Failure) 447M->281M(538M) 3.237ms
[423.127s][info][gc,cpu         ] GC(843) User=0.01s Sys=0.00s Real=0.00s
[423.537s][info][gc,start       ] GC(844) Pause Young (Allocation Failure)
[423.540s][info][gc,heap        ] GC(844) PSYoungGen: 166975K(167424K)->1727K(161792K) Eden: 165376K(165376K)->0K(159744K) From: 1599K(2048K)->1727K(2048K)
[423.540s][info][gc,heap        ] GC(844) ParOldGen: 286293K(383488K)->286309K(383488K)
[423.540s][info][gc,metaspace   ] GC(844) Metaspace: 57453K(57792K)->57453K(57792K) NonClass: 49172K(49408K)->49172K(49408K) Class: 8280K(8384K)->8280K(8384K)
[423.540s][info][gc             ] GC(844) Pause Young (Allocation Failure) 442M->281M(532M) 3.300ms
[423.541s][info][gc,cpu         ] GC(844) User=0.01s Sys=0.00s Real=0.00s
[423.940s][info][gc,start       ] GC(845) Pause Young (Allocation Failure)
[423.944s][info][gc,heap        ] GC(845) PSYoungGen: 161416K(161792K)->2208K(157184K) Eden: 159689K(159744K)->0K(154624K) From: 1727K(2048K)->2208K(2560K)
[423.944s][info][gc,heap        ] GC(845) ParOldGen: 286309K(383488K)->286325K(383488K)
[423.944s][info][gc,metaspace   ] GC(845) Metaspace: 57453K(57792K)->57453K(57792K) NonClass: 49172K(49408K)->49172K(49408K) Class: 8280K(8384K)->8280K(8384K)
[423.944s][info][gc             ] GC(845) Pause Young (Allocation Failure) 437M->281M(528M) 4.339ms
[423.944s][info][gc,cpu         ] GC(845) User=0.01s Sys=0.00s Real=0.01s
[424.337s][info][gc,start       ] GC(846) Pause Young (Allocation Failure)
[424.342s][info][gc,heap        ] GC(846) PSYoungGen: 156832K(157184K)->2048K(151552K) Eden: 154624K(154624K)->0K(149504K) From: 2208K(2560K)->2048K(2048K)
[424.342s][info][gc,heap        ] GC(846) ParOldGen: 286325K(383488K)->286661K(383488K)
[424.342s][info][gc,metaspace   ] GC(846) Metaspace: 57453K(57792K)->57453K(57792K) NonClass: 49172K(49408K)->49172K(49408K) Class: 8280K(8384K)->8280K(8384K)
[424.342s][info][gc             ] GC(846) Pause Young (Allocation Failure) 432M->281M(522M) 4.531ms
[424.342s][info][gc,cpu         ] GC(846) User=0.01s Sys=0.00s Real=0.00s
[424.731s][info][gc,start       ] GC(847) Pause Young (Allocation Failure)
[424.735s][info][gc,heap        ] GC(847) PSYoungGen: 151552K(151552K)->1408K(145920K) Eden: 149504K(149504K)->0K(144384K) From: 2048K(2048K)->1408K(1536K)
[424.735s][info][gc,heap        ] GC(847) ParOldGen: 286661K(383488K)->286941K(383488K)
[424.735s][info][gc,metaspace   ] GC(847) Metaspace: 57453K(57792K)->57453K(57792K) NonClass: 49172K(49408K)->49172K(49408K) Class: 8280K(8384K)->8280K(8384K)
[424.735s][info][gc             ] GC(847) Pause Young (Allocation Failure) 427M->281M(517M) 3.571ms
[424.735s][info][gc,cpu         ] GC(847) User=0.01s Sys=0.00s Real=0.01s
[425.077s][info][gc,start       ] GC(848) Pause Young (Allocation Failure)
[425.079s][info][gc,heap        ] GC(848) PSYoungGen: 145784K(145920K)->64K(140288K) Eden: 144376K(144384K)->0K(139776K) From: 1408K(1536K)->64K(512K)
[425.079s][info][gc,heap        ] GC(848) ParOldGen: 286941K(383488K)->286981K(383488K)
[425.079s][info][gc,metaspace   ] GC(848) Metaspace: 57453K(57792K)->57453K(57792K) NonClass: 49172K(49408K)->49172K(49408K) Class: 8280K(8384K)->8280K(8384K)
[425.079s][info][gc             ] GC(848) Pause Young (Allocation Failure) 422M->280M(511M) 1.733ms
[425.079s][info][gc,cpu         ] GC(848) User=0.00s Sys=0.00s Real=0.00s
[425.437s][info][gc,start       ] GC(849) Pause Young (Allocation Failure)
[425.440s][info][gc,heap        ] GC(849) PSYoungGen: 139840K(140288K)->1503K(138240K) Eden: 139776K(139776K)->0K(135168K) From: 64K(512K)->1503K(3072K)
[425.440s][info][gc,heap        ] GC(849) ParOldGen: 286981K(383488K)->286997K(383488K)
[425.440s][info][gc,metaspace   ] GC(849) Metaspace: 57453K(57792K)->57453K(57792K) NonClass: 49172K(49408K)->49172K(49408K) Class: 8280K(8384K)->8280K(8384K)
[425.440s][info][gc             ] GC(849) Pause Young (Allocation Failure) 416M->281M(509M) 2.942ms
[425.440s][info][gc,cpu         ] GC(849) User=0.01s Sys=0.00s Real=0.00s
[425.766s][info][gc,start       ] GC(850) Pause Young (Allocation Failure)
[425.768s][info][gc,heap        ] GC(850) PSYoungGen: 136671K(138240K)->671K(132096K) Eden: 135168K(135168K)->0K(131072K) From: 1503K(3072K)->671K(1024K)
[425.768s][info][gc,heap        ] GC(850) ParOldGen: 286997K(383488K)->287013K(383488K)
[425.768s][info][gc,metaspace   ] GC(850) Metaspace: 57453K(57792K)->57453K(57792K) NonClass: 49172K(49408K)->49172K(49408K) Class: 8280K(8384K)->8280K(8384K)
[425.768s][info][gc             ] GC(850) Pause Young (Allocation Failure) 413M->280M(503M) 2.158ms
[425.768s][info][gc,cpu         ] GC(850) User=0.01s Sys=0.00s Real=0.00s
[426.172s][info][gc,start       ] GC(851) Pause Young (Allocation Failure)
[426.177s][info][gc,heap        ] GC(851) PSYoungGen: 131743K(132096K)->2143K(129536K) Eden: 131072K(131072K)->0K(126976K) From: 671K(1024K)->2143K(2560K)
[426.177s][info][gc,heap        ] GC(851) ParOldGen: 287013K(383488K)->287029K(383488K)
[426.177s][info][gc,metaspace   ] GC(851) Metaspace: 57453K(57792K)->57453K(57792K) NonClass: 49172K(49408K)->49172K(49408K) Class: 8280K(8384K)->8280K(8384K)
[426.178s][info][gc             ] GC(851) Pause Young (Allocation Failure) 408M->282M(501M) 5.391ms
[426.178s][info][gc,cpu         ] GC(851) User=0.01s Sys=0.00s Real=0.01s
[426.439s][info][gc,start       ] GC(852) Pause Young (Allocation Failure)
[426.443s][info][gc,heap        ] GC(852) PSYoungGen: 129119K(129536K)->1663K(124928K) Eden: 126976K(126976K)->0K(122880K) From: 2143K(2560K)->1663K(2048K)
[426.443s][info][gc,heap        ] GC(852) ParOldGen: 287029K(383488K)->287045K(383488K)
[426.443s][info][gc,metaspace   ] GC(852) Metaspace: 57453K(57792K)->57453K(57792K) NonClass: 49172K(49408K)->49172K(49408K) Class: 8280K(8384K)->8280K(8384K)
[426.443s][info][gc             ] GC(852) Pause Young (Allocation Failure) 406M->281M(496M) 3.197ms
[426.443s][info][gc,cpu         ] GC(852) User=0.01s Sys=0.00s Real=0.00s
[426.746s][info][gc,start       ] GC(853) Pause Young (Allocation Failure)
[426.750s][info][gc,heap        ] GC(853) PSYoungGen: 124543K(124928K)->2143K(148992K) Eden: 122880K(122880K)->0K(146432K) From: 1663K(2048K)->2143K(2560K)
[426.750s][info][gc,heap        ] GC(853) ParOldGen: 287045K(383488K)->287061K(383488K)
[426.750s][info][gc,metaspace   ] GC(853) Metaspace: 57453K(57792K)->57453K(57792K) NonClass: 49172K(49408K)->49172K(49408K) Class: 8280K(8384K)->8280K(8384K)
[426.750s][info][gc             ] GC(853) Pause Young (Allocation Failure) 401M->282M(520M) 3.981ms
[426.750s][info][gc,cpu         ] GC(853) User=0.01s Sys=0.00s Real=0.00s
[427.128s][info][gc,start       ] GC(854) Pause Young (Allocation Failure)
[427.133s][info][gc,heap        ] GC(854) PSYoungGen: 148575K(148992K)->2048K(177152K) Eden: 146432K(146432K)->0K(175104K) From: 2143K(2560K)->2048K(2048K)
[427.133s][info][gc,heap        ] GC(854) ParOldGen: 287061K(383488K)->287133K(383488K)
[427.133s][info][gc,metaspace   ] GC(854) Metaspace: 57453K(57792K)->57453K(57792K) NonClass: 49172K(49408K)->49172K(49408K) Class: 8280K(8384K)->8280K(8384K)
[427.133s][info][gc             ] GC(854) Pause Young (Allocation Failure) 425M->282M(547M) 4.917ms
[427.133s][info][gc,cpu         ] GC(854) User=0.01s Sys=0.00s Real=0.01s
[427.556s][info][gc,start       ] GC(855) Pause Young (Allocation Failure)
[427.559s][info][gc,heap        ] GC(855) PSYoungGen: 176846K(177152K)->832K(169984K) Eden: 174798K(175104K)->0K(168960K) From: 2048K(2048K)->832K(1024K)
[427.559s][info][gc,heap        ] GC(855) ParOldGen: 287133K(383488K)->287349K(383488K)
[427.559s][info][gc,metaspace   ] GC(855) Metaspace: 57453K(57792K)->57453K(57792K) NonClass: 49172K(49408K)->49172K(49408K) Class: 8280K(8384K)->8280K(8384K)
[427.559s][info][gc             ] GC(855) Pause Young (Allocation Failure) 453M->281M(540M) 2.829ms
[427.559s][info][gc,cpu         ] GC(855) User=0.00s Sys=0.01s Real=0.00s
[428.021s][info][gc,start       ] GC(856) Pause Young (Allocation Failure)
[428.024s][info][gc,heap        ] GC(856) PSYoungGen: 169792K(169984K)->1375K(164864K) Eden: 168960K(168960K)->0K(163328K) From: 832K(1024K)->1375K(1536K)
[428.024s][info][gc,heap        ] GC(856) ParOldGen: 287349K(383488K)->287397K(383488K)
[428.024s][info][gc,metaspace   ] GC(856) Metaspace: 57453K(57792K)->57453K(57792K) NonClass: 49172K(49408K)->49172K(49408K) Class: 8280K(8384K)->8280K(8384K)
[428.024s][info][gc             ] GC(856) Pause Young (Allocation Failure) 446M->282M(535M) 2.960ms
[428.024s][info][gc,cpu         ] GC(856) User=0.00s Sys=0.00s Real=0.01s
[428.428s][info][gc,start       ] GC(857) Pause Young (Allocation Failure)
[428.431s][info][gc,heap        ] GC(857) PSYoungGen: 164703K(164864K)->1599K(159744K) Eden: 163328K(163328K)->0K(157696K) From: 1375K(1536K)->1599K(2048K)
[428.431s][info][gc,heap        ] GC(857) ParOldGen: 287397K(383488K)->287413K(383488K)
[428.431s][info][gc,metaspace   ] GC(857) Metaspace: 57453K(57792K)->57453K(57792K) NonClass: 49172K(49408K)->49172K(49408K) Class: 8280K(8384K)->8280K(8384K)
[428.431s][info][gc             ] GC(857) Pause Young (Allocation Failure) 441M->282M(530M) 3.136ms
[428.431s][info][gc,cpu         ] GC(857) User=0.00s Sys=0.00s Real=0.00s
[428.831s][info][gc,start       ] GC(858) Pause Young (Allocation Failure)
[428.834s][info][gc,heap        ] GC(858) PSYoungGen: 159295K(159744K)->1695K(154624K) Eden: 157696K(157696K)->0K(152576K) From: 1599K(2048K)->1695K(2048K)
[428.834s][info][gc,heap        ] GC(858) ParOldGen: 287413K(383488K)->287429K(383488K)
[428.834s][info][gc,metaspace   ] GC(858) Metaspace: 57453K(57792K)->57453K(57792K) NonClass: 49172K(49408K)->49172K(49408K) Class: 8280K(8384K)->8280K(8384K)
[428.834s][info][gc             ] GC(858) Pause Young (Allocation Failure) 436M->282M(525M) 3.187ms
[428.834s][info][gc,cpu         ] GC(858) User=0.01s Sys=0.00s Real=0.01s
[429.324s][info][gc,start       ] GC(859) Pause Young (Allocation Failure)
[429.327s][info][gc,heap        ] GC(859) PSYoungGen: 154271K(154624K)->1407K(148992K) Eden: 152576K(152576K)->0K(147456K) From: 1695K(2048K)->1407K(1536K)
[429.327s][info][gc,heap        ] GC(859) ParOldGen: 287429K(383488K)->287445K(383488K)
[429.327s][info][gc,metaspace   ] GC(859) Metaspace: 57453K(57792K)->57453K(57792K) NonClass: 49172K(49408K)->49172K(49408K) Class: 8280K(8384K)->8280K(8384K)
[429.327s][info][gc             ] GC(859) Pause Young (Allocation Failure) 431M->282M(520M) 2.906ms
[429.327s][info][gc,cpu         ] GC(859) User=0.00s Sys=0.00s Real=0.00s
[429.713s][info][gc,start       ] GC(860) Pause Young (Allocation Failure)
[429.715s][info][gc,heap        ] GC(860) PSYoungGen: 148863K(148992K)->245K(143360K) Eden: 147456K(147456K)->0K(142848K) From: 1407K(1536K)->245K(512K)
[429.715s][info][gc,heap        ] GC(860) ParOldGen: 287445K(383488K)->287461K(383488K)
[429.715s][info][gc,metaspace   ] GC(860) Metaspace: 57453K(57792K)->57453K(57792K) NonClass: 49172K(49408K)->49172K(49408K) Class: 8280K(8384K)->8280K(8384K)
[429.715s][info][gc             ] GC(860) Pause Young (Allocation Failure) 426M->280M(514M) 1.924ms
[429.715s][info][gc,cpu         ] GC(860) User=0.01s Sys=0.00s Real=0.01s
[429.979s][info][gc,start       ] GC(861) Pause Young (Allocation Failure)
[429.981s][info][gc,heap        ] GC(861) PSYoungGen: 120256K(143360K)->64K(141312K) Eden: 120011K(142848K)->0K(138240K) From: 245K(512K)->64K(3072K)
[429.981s][info][gc,heap        ] GC(861) ParOldGen: 287461K(383488K)->287477K(383488K)
[429.981s][info][gc,metaspace   ] GC(861) Metaspace: 57458K(57792K)->57458K(57792K) NonClass: 49177K(49408K)->49177K(49408K) Class: 8280K(8384K)->8280K(8384K)
[429.981s][info][gc             ] GC(861) Pause Young (Allocation Failure) 398M->280M(512M) 1.608ms
[429.981s][info][gc,cpu         ] GC(861) User=0.01s Sys=0.00s Real=0.00s
[431.261s][info][gc,start       ] GC(862) Pause Young (Allocation Failure)
[431.272s][info][gc,heap        ] GC(862) PSYoungGen: 126600K(141312K)->64K(134144K) Eden: 126536K(138240K)->0K(133632K) From: 64K(3072K)->64K(512K)
[431.272s][info][gc,heap        ] GC(862) ParOldGen: 287477K(383488K)->326563K(383488K)
[431.272s][info][gc,metaspace   ] GC(862) Metaspace: 57458K(57792K)->57458K(57792K) NonClass: 49177K(49408K)->49177K(49408K) Class: 8280K(8384K)->8280K(8384K)
[431.272s][info][gc             ] GC(862) Pause Young (Allocation Failure) 404M->318M(505M) 10.410ms
[431.272s][info][gc,cpu         ] GC(862) User=0.02s Sys=0.00s Real=0.01s
[432.623s][info][gc,start       ] GC(863) Pause Young (Allocation Failure)
[432.637s][info][gc,heap        ] GC(863) PSYoungGen: 133696K(134144K)->3063K(132608K) Eden: 133632K(133632K)->0K(129536K) From: 64K(512K)->3063K(3072K)
[432.637s][info][gc,heap        ] GC(863) ParOldGen: 326563K(383488K)->376415K(383488K)
[432.638s][info][gc,metaspace   ] GC(863) Metaspace: 57604K(57984K)->57604K(57984K) NonClass: 49324K(49600K)->49324K(49600K) Class: 8280K(8384K)->8280K(8384K)
[432.638s][info][gc             ] GC(863) Pause Young (Allocation Failure) 449M->370M(504M) 14.158ms
[432.638s][info][gc,cpu         ] GC(863) User=0.03s Sys=0.00s Real=0.01s
[432.839s][info][gc,start       ] GC(864) Pause Young (Allocation Failure)
[432.854s][info][gc,heap        ] GC(864) PSYoungGen: 132599K(132608K)->3057K(158208K) Eden: 129536K(129536K)->0K(155136K) From: 3063K(3072K)->3057K(3072K)
[432.854s][info][gc,heap        ] GC(864) ParOldGen: 376415K(383488K)->385512K(385536K)
[432.854s][info][gc,metaspace   ] GC(864) Metaspace: 57604K(57984K)->57604K(57984K) NonClass: 49324K(49600K)->49324K(49600K) Class: 8280K(8384K)->8280K(8384K)
[432.854s][info][gc             ] GC(864) Pause Young (Allocation Failure) 497M->379M(531M) 15.183ms
[432.854s][info][gc,cpu         ] GC(864) User=0.03s Sys=0.00s Real=0.02s
[433.234s][info][gc,start       ] GC(865) Pause Young (Allocation Failure)
[433.240s][info][gc,heap        ] GC(865) PSYoungGen: 158193K(158208K)->2047K(177664K) Eden: 155136K(155136K)->0K(155136K) From: 3057K(3072K)->2047K(22528K)
[433.240s][info][gc,heap        ] GC(865) ParOldGen: 385512K(385536K)->388282K(388608K)
[433.240s][info][gc,metaspace   ] GC(865) Metaspace: 57604K(57984K)->57604K(57984K) NonClass: 49324K(49600K)->49324K(49600K) Class: 8280K(8384K)->8280K(8384K)
[433.240s][info][gc             ] GC(865) Pause Young (Allocation Failure) 530M->381M(553M) 5.943ms
[433.240s][info][gc,cpu         ] GC(865) User=0.02s Sys=0.00s Real=0.00s
[433.633s][info][gc,start       ] GC(866) Pause Young (Allocation Failure)
[433.638s][info][gc,heap        ] GC(866) PSYoungGen: 157183K(177664K)->1952K(205824K) Eden: 155136K(155136K)->0K(185856K) From: 2047K(22528K)->1952K(19968K)
[433.638s][info][gc,heap        ] GC(866) ParOldGen: 388282K(388608K)->388434K(388608K)
[433.638s][info][gc,metaspace   ] GC(866) Metaspace: 57604K(57984K)->57604K(57984K) NonClass: 49324K(49600K)->49324K(49600K) Class: 8280K(8384K)->8280K(8384K)
[433.638s][info][gc             ] GC(866) Pause Young (Allocation Failure) 532M->381M(580M) 5.091ms
[433.638s][info][gc,cpu         ] GC(866) User=0.01s Sys=0.00s Real=0.00s
[434.124s][info][gc,start       ] GC(867) Pause Young (Allocation Failure)
[434.127s][info][gc,heap        ] GC(867) PSYoungGen: 187808K(205824K)->1184K(206848K) Eden: 185856K(185856K)->0K(185856K) From: 1952K(19968K)->1184K(20992K)
[434.127s][info][gc,heap        ] GC(867) ParOldGen: 388434K(388608K)->388450K(388608K)
[434.127s][info][gc,metaspace   ] GC(867) Metaspace: 57604K(57984K)->57604K(57984K) NonClass: 49324K(49600K)->49324K(49600K) Class: 8280K(8384K)->8280K(8384K)
[434.127s][info][gc             ] GC(867) Pause Young (Allocation Failure) 562M->380M(581M) 3.689ms
[434.127s][info][gc,cpu         ] GC(867) User=0.01s Sys=0.01s Real=0.00s
[434.559s][info][gc,start       ] GC(868) Pause Young (Allocation Failure)
[434.561s][info][gc,heap        ] GC(868) PSYoungGen: 186949K(206848K)->288K(241664K) Eden: 185765K(185856K)->0K(222208K) From: 1184K(20992K)->288K(19456K)
[434.561s][info][gc,heap        ] GC(868) ParOldGen: 388450K(388608K)->388466K(388608K)
[434.561s][info][gc,metaspace   ] GC(868) Metaspace: 57604K(57984K)->57604K(57984K) NonClass: 49324K(49600K)->49324K(49600K) Class: 8280K(8384K)->8280K(8384K)
[434.561s][info][gc             ] GC(868) Pause Young (Allocation Failure) 561M->379M(615M) 2.104ms
[434.561s][info][gc,cpu         ] GC(868) User=0.01s Sys=0.00s Real=0.00s
[435.215s][info][gc,start       ] GC(869) Pause Young (Allocation Failure)
[435.218s][info][gc,heap        ] GC(869) PSYoungGen: 222496K(241664K)->640K(242176K) Eden: 222208K(222208K)->0K(222208K) From: 288K(19456K)->640K(19968K)
[435.218s][info][gc,heap        ] GC(869) ParOldGen: 388466K(388608K)->388482K(388608K)
[435.218s][info][gc,metaspace   ] GC(869) Metaspace: 57604K(57984K)->57604K(57984K) NonClass: 49324K(49600K)->49324K(49600K) Class: 8280K(8384K)->8280K(8384K)
[435.218s][info][gc             ] GC(869) Pause Young (Allocation Failure) 596M->380M(616M) 2.708ms
[435.218s][info][gc,cpu         ] GC(869) User=0.01s Sys=0.01s Real=0.00s
[435.729s][info][gc,start       ] GC(870) Pause Young (Allocation Failure)
[435.733s][info][gc,heap        ] GC(870) PSYoungGen: 222848K(242176K)->1886K(282112K) Eden: 222208K(222208K)->0K(264704K) From: 640K(19968K)->1886K(17408K)
[435.733s][info][gc,heap        ] GC(870) ParOldGen: 388482K(388608K)->388498K(388608K)
[435.733s][info][gc,metaspace   ] GC(870) Metaspace: 57606K(57984K)->57606K(57984K) NonClass: 49326K(49600K)->49326K(49600K) Class: 8280K(8384K)->8280K(8384K)
[435.733s][info][gc             ] GC(870) Pause Young (Allocation Failure) 597M->381M(655M) 4.066ms
[435.733s][info][gc,cpu         ] GC(870) User=0.00s Sys=0.00s Real=0.01s
[436.415s][info][gc,start       ] GC(871) Pause Young (Allocation Failure)
[436.417s][info][gc,heap        ] GC(871) PSYoungGen: 266590K(282112K)->383K(254976K) Eden: 264704K(264704K)->0K(254464K) From: 1886K(17408K)->383K(512K)
[436.417s][info][gc,heap        ] GC(871) ParOldGen: 388498K(388608K)->388514K(388608K)
[436.417s][info][gc,metaspace   ] GC(871) Metaspace: 57606K(57984K)->57606K(57984K) NonClass: 49326K(49600K)->49326K(49600K) Class: 8280K(8384K)->8280K(8384K)
[436.417s][info][gc             ] GC(871) Pause Young (Allocation Failure) 639M->379M(628M) 2.206ms
[436.417s][info][gc,cpu         ] GC(871) User=0.00s Sys=0.01s Real=0.00s
[437.037s][info][gc,start       ] GC(872) Pause Young (Allocation Failure)
[437.041s][info][gc,heap        ] GC(872) PSYoungGen: 254847K(254976K)->1600K(250368K) Eden: 254464K(254464K)->0K(244736K) From: 383K(512K)->1600K(5632K)
[437.041s][info][gc,heap        ] GC(872) ParOldGen: 388514K(388608K)->388530K(388608K)
[437.041s][info][gc,metaspace   ] GC(872) Metaspace: 57606K(57984K)->57606K(57984K) NonClass: 49326K(49600K)->49326K(49600K) Class: 8280K(8384K)->8280K(8384K)
[437.041s][info][gc             ] GC(872) Pause Young (Allocation Failure) 628M->380M(624M) 4.530ms
[437.041s][info][gc,cpu         ] GC(872) User=0.01s Sys=0.00s Real=0.00s
[437.646s][info][gc,start       ] GC(873) Pause Young (Allocation Failure)
[437.650s][info][gc,heap        ] GC(873) PSYoungGen: 246181K(250368K)->1888K(237568K) Eden: 244581K(244736K)->0K(235520K) From: 1600K(5632K)->1888K(2048K)
[437.650s][info][gc,heap        ] GC(873) ParOldGen: 388530K(388608K)->388546K(388608K)
[437.650s][info][gc,metaspace   ] GC(873) Metaspace: 57606K(57984K)->57606K(57984K) NonClass: 49326K(49600K)->49326K(49600K) Class: 8280K(8384K)->8280K(8384K)
[437.650s][info][gc             ] GC(873) Pause Young (Allocation Failure) 619M->381M(611M) 4.201ms
[437.650s][info][gc,cpu         ] GC(873) User=0.01s Sys=0.00s Real=0.00s
[438.254s][info][gc,start       ] GC(874) Pause Young (Allocation Failure)
[438.258s][info][gc,heap        ] GC(874) PSYoungGen: 237408K(237568K)->1792K(228864K) Eden: 235520K(235520K)->0K(226816K) From: 1888K(2048K)->1792K(2048K)
[438.258s][info][gc,heap        ] GC(874) ParOldGen: 388546K(388608K)->388562K(388608K)
[438.258s][info][gc,metaspace   ] GC(874) Metaspace: 57606K(57984K)->57606K(57984K) NonClass: 49326K(49600K)->49326K(49600K) Class: 8280K(8384K)->8280K(8384K)
[438.258s][info][gc             ] GC(874) Pause Young (Allocation Failure) 611M->381M(603M) 4.302ms
[438.258s][info][gc,cpu         ] GC(874) User=0.01s Sys=0.00s Real=0.00s
[438.839s][info][gc,start       ] GC(875) Pause Young (Allocation Failure)
[438.843s][info][gc,heap        ] GC(875) PSYoungGen: 228608K(228864K)->1951K(220160K) Eden: 226816K(226816K)->0K(218112K) From: 1792K(2048K)->1951K(2048K)
[438.843s][info][gc,heap        ] GC(875) ParOldGen: 388562K(388608K)->388578K(388608K)
[438.843s][info][gc,metaspace   ] GC(875) Metaspace: 57606K(57984K)->57606K(57984K) NonClass: 49326K(49600K)->49326K(49600K) Class: 8280K(8384K)->8280K(8384K)
[438.843s][info][gc             ] GC(875) Pause Young (Allocation Failure) 602M->381M(594M) 4.002ms
[438.843s][info][gc,cpu         ] GC(875) User=0.01s Sys=0.00s Real=0.01s
[439.422s][info][gc,start       ] GC(876) Pause Young (Allocation Failure)
[439.426s][info][gc,heap        ] GC(876) PSYoungGen: 220063K(220160K)->1280K(211456K) Eden: 218112K(218112K)->0K(209920K) From: 1951K(2048K)->1280K(1536K)
[439.426s][info][gc,heap        ] GC(876) ParOldGen: 388578K(388608K)->388594K(388608K)
[439.426s][info][gc,metaspace   ] GC(876) Metaspace: 57606K(57984K)->57606K(57984K) NonClass: 49326K(49600K)->49326K(49600K) Class: 8280K(8384K)->8280K(8384K)
[439.426s][info][gc             ] GC(876) Pause Young (Allocation Failure) 594M->380M(586M) 3.988ms
[439.426s][info][gc,cpu         ] GC(876) User=0.00s Sys=0.00s Real=0.01s
[439.939s][info][gc,start       ] GC(877) Pause Young (Allocation Failure)
[439.943s][info][gc,heap        ] GC(877) PSYoungGen: 211200K(211456K)->1952K(215552K) Eden: 209920K(209920K)->0K(202240K) From: 1280K(1536K)->1952K(13312K)
[439.943s][info][gc,heap        ] GC(877) ParOldGen: 388594K(388608K)->388610K(389120K)
[439.943s][info][gc,metaspace   ] GC(877) Metaspace: 57606K(57984K)->57606K(57984K) NonClass: 49326K(49600K)->49326K(49600K) Class: 8280K(8384K)->8280K(8384K)
[439.943s][info][gc             ] GC(877) Pause Young (Allocation Failure) 585M->381M(590M) 4.135ms
[439.943s][info][gc,cpu         ] GC(877) User=0.01s Sys=0.00s Real=0.01s
[440.450s][info][gc,start       ] GC(878) Pause Young (Allocation Failure)
[440.455s][info][gc,heap        ] GC(878) PSYoungGen: 204192K(215552K)->2303K(197632K) Eden: 202240K(202240K)->0K(195072K) From: 1952K(13312K)->2303K(2560K)
[440.455s][info][gc,heap        ] GC(878) ParOldGen: 388610K(389120K)->388626K(389120K)
[440.455s][info][gc,metaspace   ] GC(878) Metaspace: 57606K(57984K)->57606K(57984K) NonClass: 49326K(49600K)->49326K(49600K) Class: 8280K(8384K)->8280K(8384K)
[440.455s][info][gc             ] GC(878) Pause Young (Allocation Failure) 578M->381M(573M) 5.083ms
[440.455s][info][gc,cpu         ] GC(878) User=0.01s Sys=0.00s Real=0.01s
[441.047s][info][gc,start       ] GC(879) Pause Young (Allocation Failure)
[441.051s][info][gc,heap        ] GC(879) PSYoungGen: 197375K(197632K)->2399K(190464K) Eden: 195072K(195072K)->0K(187904K) From: 2303K(2560K)->2399K(2560K)
[441.051s][info][gc,heap        ] GC(879) ParOldGen: 388626K(389120K)->388642K(389120K)
[441.051s][info][gc,metaspace   ] GC(879) Metaspace: 57606K(57984K)->57606K(57984K) NonClass: 49326K(49600K)->49326K(49600K) Class: 8280K(8384K)->8280K(8384K)
[441.051s][info][gc             ] GC(879) Pause Young (Allocation Failure) 572M->381M(566M) 4.552ms
[441.051s][info][gc,cpu         ] GC(879) User=0.00s Sys=0.00s Real=0.00s
[441.534s][info][gc,start       ] GC(880) Pause Young (Allocation Failure)
[441.539s][info][gc,heap        ] GC(880) PSYoungGen: 190303K(190464K)->2047K(183296K) Eden: 187904K(187904K)->0K(181248K) From: 2399K(2560K)->2047K(2048K)
[441.539s][info][gc,heap        ] GC(880) ParOldGen: 388642K(389120K)->388658K(389120K)
[441.539s][info][gc,metaspace   ] GC(880) Metaspace: 57606K(57984K)->57606K(57984K) NonClass: 49326K(49600K)->49326K(49600K) Class: 8280K(8384K)->8280K(8384K)
[441.539s][info][gc             ] GC(880) Pause Young (Allocation Failure) 565M->381M(559M) 4.533ms
[441.539s][info][gc,cpu         ] GC(880) User=0.01s Sys=0.00s Real=0.00s
[442.022s][info][gc,start       ] GC(881) Pause Young (Allocation Failure)
[442.025s][info][gc,heap        ] GC(881) PSYoungGen: 183295K(183296K)->1120K(176640K) Eden: 181248K(181248K)->0K(175104K) From: 2047K(2048K)->1120K(1536K)
[442.025s][info][gc,heap        ] GC(881) ParOldGen: 388658K(389120K)->388674K(389120K)
[442.025s][info][gc,metaspace   ] GC(881) Metaspace: 57606K(57984K)->57606K(57984K) NonClass: 49326K(49600K)->49326K(49600K) Class: 8280K(8384K)->8280K(8384K)
[442.025s][info][gc             ] GC(881) Pause Young (Allocation Failure) 558M->380M(552M) 3.162ms
[442.025s][info][gc,cpu         ] GC(881) User=0.00s Sys=0.00s Real=0.01s
[442.449s][info][gc,start       ] GC(882) Pause Young (Allocation Failure)
[442.453s][info][gc,heap        ] GC(882) PSYoungGen: 176224K(176640K)->2047K(171008K) Eden: 175104K(175104K)->0K(168960K) From: 1120K(1536K)->2047K(2048K)
[442.453s][info][gc,heap        ] GC(882) ParOldGen: 388674K(389120K)->388690K(389120K)
[442.453s][info][gc,metaspace   ] GC(882) Metaspace: 57606K(57984K)->57606K(57984K) NonClass: 49326K(49600K)->49326K(49600K) Class: 8280K(8384K)->8280K(8384K)
[442.453s][info][gc             ] GC(882) Pause Young (Allocation Failure) 551M->381M(547M) 4.445ms
[442.453s][info][gc,cpu         ] GC(882) User=0.01s Sys=0.00s Real=0.01s
[442.915s][info][gc,start       ] GC(883) Pause Young (Allocation Failure)
[442.917s][info][gc,heap        ] GC(883) PSYoungGen: 171003K(171008K)->480K(163840K) Eden: 168956K(168960K)->0K(163328K) From: 2047K(2048K)->480K(512K)
[442.917s][info][gc,heap        ] GC(883) ParOldGen: 388690K(389120K)->388706K(389120K)
[442.917s][info][gc,metaspace   ] GC(883) Metaspace: 57606K(57984K)->57606K(57984K) NonClass: 49326K(49600K)->49326K(49600K) Class: 8280K(8384K)->8280K(8384K)
[442.917s][info][gc             ] GC(883) Pause Young (Allocation Failure) 546M->380M(540M) 2.297ms
[442.917s][info][gc,cpu         ] GC(883) User=0.00s Sys=0.00s Real=0.00s
[443.325s][info][gc,start       ] GC(884) Pause Young (Allocation Failure)
[443.329s][info][gc,heap        ] GC(884) PSYoungGen: 163808K(163840K)->1982K(159744K) Eden: 163328K(163328K)->0K(157696K) From: 480K(512K)->1982K(2048K)
[443.329s][info][gc,heap        ] GC(884) ParOldGen: 388706K(389120K)->388722K(389120K)
[443.329s][info][gc,metaspace   ] GC(884) Metaspace: 57606K(57984K)->57606K(57984K) NonClass: 49326K(49600K)->49326K(49600K) Class: 8280K(8384K)->8280K(8384K)
[443.329s][info][gc             ] GC(884) Pause Young (Allocation Failure) 539M->381M(536M) 3.827ms
[443.329s][info][gc,cpu         ] GC(884) User=0.00s Sys=0.01s Real=0.00s
[443.723s][info][gc,start       ] GC(885) Pause Young (Allocation Failure)
[443.726s][info][gc,heap        ] GC(885) PSYoungGen: 159678K(159744K)->1375K(154112K) Eden: 157696K(157696K)->0K(152576K) From: 1982K(2048K)->1375K(1536K)
[443.726s][info][gc,heap        ] GC(885) ParOldGen: 388722K(389120K)->388738K(389120K)
[443.726s][info][gc,metaspace   ] GC(885) Metaspace: 57606K(57984K)->57606K(57984K) NonClass: 49326K(49600K)->49326K(49600K) Class: 8280K(8384K)->8280K(8384K)
[443.726s][info][gc             ] GC(885) Pause Young (Allocation Failure) 535M->380M(530M) 3.213ms
[443.726s][info][gc,cpu         ] GC(885) User=0.01s Sys=0.00s Real=0.01s
[444.118s][info][gc,start       ] GC(886) Pause Young (Allocation Failure)
[444.121s][info][gc,heap        ] GC(886) PSYoungGen: 153951K(154112K)->703K(148480K) Eden: 152576K(152576K)->0K(147456K) From: 1375K(1536K)->703K(1024K)
[444.121s][info][gc,heap        ] GC(886) ParOldGen: 388738K(389120K)->388754K(389120K)
[444.121s][info][gc,metaspace   ] GC(886) Metaspace: 57606K(57984K)->57606K(57984K) NonClass: 49326K(49600K)->49326K(49600K) Class: 8280K(8384K)->8280K(8384K)
[444.121s][info][gc             ] GC(886) Pause Young (Allocation Failure) 529M->380M(525M) 2.951ms
[444.121s][info][gc,cpu         ] GC(886) User=0.00s Sys=0.00s Real=0.00s
[444.455s][info][gc,start       ] GC(887) Pause Young (Allocation Failure)
[444.458s][info][gc,heap        ] GC(887) PSYoungGen: 148159K(148480K)->1631K(150528K) Eden: 147456K(147456K)->0K(142848K) From: 703K(1024K)->1631K(7680K)
[444.459s][info][gc,heap        ] GC(887) ParOldGen: 388754K(389120K)->388770K(389120K)
[444.459s][info][gc,metaspace   ] GC(887) Metaspace: 57606K(57984K)->57606K(57984K) NonClass: 49326K(49600K)->49326K(49600K) Class: 8280K(8384K)->8280K(8384K)
[444.459s][info][gc             ] GC(887) Pause Young (Allocation Failure) 524M->381M(527M) 3.445ms
[444.459s][info][gc,cpu         ] GC(887) User=0.00s Sys=0.00s Real=0.00s
[444.877s][info][gc,start       ] GC(888) Pause Young (Allocation Failure)
[444.881s][info][gc,heap        ] GC(888) PSYoungGen: 144195K(150528K)->1504K(139776K) Eden: 142564K(142848K)->0K(138240K) From: 1631K(7680K)->1504K(1536K)
[444.881s][info][gc,heap        ] GC(888) ParOldGen: 388770K(389120K)->388786K(389120K)
[444.881s][info][gc,metaspace   ] GC(888) Metaspace: 57606K(57984K)->57606K(57984K) NonClass: 49326K(49600K)->49326K(49600K) Class: 8280K(8384K)->8280K(8384K)
[444.881s][info][gc             ] GC(888) Pause Young (Allocation Failure) 520M->381M(516M) 4.003ms
[444.881s][info][gc,cpu         ] GC(888) User=0.01s Sys=0.00s Real=0.00s
[445.216s][info][gc,start       ] GC(889) Pause Young (Allocation Failure)
[445.218s][info][gc,heap        ] GC(889) PSYoungGen: 139744K(139776K)->575K(134656K) Eden: 138240K(138240K)->0K(133632K) From: 1504K(1536K)->575K(1024K)
[445.218s][info][gc,heap        ] GC(889) ParOldGen: 388786K(389120K)->388802K(389120K)
[445.218s][info][gc,metaspace   ] GC(889) Metaspace: 57606K(57984K)->57606K(57984K) NonClass: 49326K(49600K)->49326K(49600K) Class: 8280K(8384K)->8280K(8384K)
[445.218s][info][gc             ] GC(889) Pause Young (Allocation Failure) 516M->380M(511M) 2.029ms
[445.218s][info][gc,cpu         ] GC(889) User=0.00s Sys=0.00s Real=0.00s
[445.535s][info][gc,start       ] GC(890) Pause Young (Allocation Failure)
[445.539s][info][gc,heap        ] GC(890) PSYoungGen: 134207K(134656K)->2111K(132096K) Eden: 133632K(133632K)->0K(129536K) From: 575K(1024K)->2111K(2560K)
[445.539s][info][gc,heap        ] GC(890) ParOldGen: 388802K(389120K)->388818K(389120K)
[445.539s][info][gc,metaspace   ] GC(890) Metaspace: 57606K(57984K)->57606K(57984K) NonClass: 49326K(49600K)->49326K(49600K) Class: 8280K(8384K)->8280K(8384K)
[445.539s][info][gc             ] GC(890) Pause Young (Allocation Failure) 510M->381M(509M) 4.357ms
[445.540s][info][gc,cpu         ] GC(890) User=0.01s Sys=0.00s Real=0.00s
[445.849s][info][gc,start       ] GC(891) Pause Young (Allocation Failure)
[445.853s][info][gc,heap        ] GC(891) PSYoungGen: 131450K(132096K)->1696K(127488K) Eden: 129339K(129536K)->0K(125440K) From: 2111K(2560K)->1696K(2048K)
[445.853s][info][gc,heap        ] GC(891) ParOldGen: 388818K(389120K)->388834K(389120K)
[445.853s][info][gc,metaspace   ] GC(891) Metaspace: 57606K(57984K)->57606K(57984K) NonClass: 49326K(49600K)->49326K(49600K) Class: 8280K(8384K)->8280K(8384K)
[445.853s][info][gc             ] GC(891) Pause Young (Allocation Failure) 508M->381M(504M) 3.870ms
[445.853s][info][gc,cpu         ] GC(891) User=0.01s Sys=0.00s Real=0.00s
[446.161s][info][gc,start       ] GC(892) Pause Young (Allocation Failure)
[446.164s][info][gc,heap        ] GC(892) PSYoungGen: 127136K(127488K)->991K(122880K) Eden: 125440K(125440K)->0K(121856K) From: 1696K(2048K)->991K(1024K)
[446.164s][info][gc,heap        ] GC(892) ParOldGen: 388834K(389120K)->388850K(389120K)
[446.164s][info][gc,metaspace   ] GC(892) Metaspace: 57606K(57984K)->57606K(57984K) NonClass: 49326K(49600K)->49326K(49600K) Class: 8280K(8384K)->8280K(8384K)
[446.164s][info][gc             ] GC(892) Pause Young (Allocation Failure) 503M->380M(500M) 2.850ms
[446.164s][info][gc,cpu         ] GC(892) User=0.01s Sys=0.00s Real=0.01s
[446.515s][info][gc,start       ] GC(893) Pause Young (Allocation Failure)
[446.517s][info][gc,heap        ] GC(893) PSYoungGen: 122847K(122880K)->735K(123904K) Eden: 121856K(121856K)->0K(118272K) From: 991K(1024K)->735K(5632K)
[446.517s][info][gc,heap        ] GC(893) ParOldGen: 388850K(389120K)->388866K(389120K)
[446.517s][info][gc,metaspace   ] GC(893) Metaspace: 57606K(57984K)->57606K(57984K) NonClass: 49326K(49600K)->49326K(49600K) Class: 8280K(8384K)->8280K(8384K)
[446.517s][info][gc             ] GC(893) Pause Young (Allocation Failure) 499M->380M(501M) 2.219ms
[446.517s][info][gc,cpu         ] GC(893) User=0.00s Sys=0.00s Real=0.00s
[446.823s][info][gc,start       ] GC(894) Pause Young (Allocation Failure)
[446.826s][info][gc,heap        ] GC(894) PSYoungGen: 119007K(123904K)->735K(115712K) Eden: 118272K(118272K)->0K(114688K) From: 735K(5632K)->735K(1024K)
[446.826s][info][gc,heap        ] GC(894) ParOldGen: 388866K(389120K)->388882K(389120K)
[446.826s][info][gc,metaspace   ] GC(894) Metaspace: 57606K(57984K)->57606K(57984K) NonClass: 49326K(49600K)->49326K(49600K) Class: 8280K(8384K)->8280K(8384K)
[446.826s][info][gc             ] GC(894) Pause Young (Allocation Failure) 495M->380M(493M) 2.653ms
[446.826s][info][gc,cpu         ] GC(894) User=0.01s Sys=0.00s Real=0.00s
[447.112s][info][gc,start       ] GC(895) Pause Young (Allocation Failure)
[447.114s][info][gc,heap        ] GC(895) PSYoungGen: 115366K(115712K)->160K(111616K) Eden: 114631K(114688K)->0K(111104K) From: 735K(1024K)->160K(512K)
[447.114s][info][gc,heap        ] GC(895) ParOldGen: 388882K(389120K)->388898K(389120K)
[447.114s][info][gc,metaspace   ] GC(895) Metaspace: 57606K(57984K)->57606K(57984K) NonClass: 49326K(49600K)->49326K(49600K) Class: 8280K(8384K)->8280K(8384K)
[447.114s][info][gc             ] GC(895) Pause Young (Allocation Failure) 492M->379M(489M) 1.859ms
[447.114s][info][gc,cpu         ] GC(895) User=0.00s Sys=0.00s Real=0.01s
[447.355s][info][gc,start       ] GC(896) Pause Young (Allocation Failure)
[447.359s][info][gc,heap        ] GC(896) PSYoungGen: 111264K(111616K)->1216K(109568K) Eden: 111104K(111104K)->0K(108032K) From: 160K(512K)->1216K(1536K)
[447.359s][info][gc,heap        ] GC(896) ParOldGen: 388898K(389120K)->388914K(389120K)
[447.359s][info][gc,metaspace   ] GC(896) Metaspace: 57606K(57984K)->57606K(57984K) NonClass: 49326K(49600K)->49326K(49600K) Class: 8280K(8384K)->8280K(8384K)
[447.359s][info][gc             ] GC(896) Pause Young (Allocation Failure) 488M->380M(487M) 3.356ms
[447.359s][info][gc,cpu         ] GC(896) User=0.00s Sys=0.00s Real=0.00s
[447.644s][info][gc,start       ] GC(897) Pause Young (Allocation Failure)
[447.649s][info][gc,heap        ] GC(897) PSYoungGen: 109247K(109568K)->2367K(131584K) Eden: 108031K(108032K)->0K(129024K) From: 1216K(1536K)->2367K(2560K)
[447.649s][info][gc,heap        ] GC(897) ParOldGen: 388914K(389120K)->388930K(389120K)
[447.649s][info][gc,metaspace   ] GC(897) Metaspace: 57606K(57984K)->57606K(57984K) NonClass: 49326K(49600K)->49326K(49600K) Class: 8280K(8384K)->8280K(8384K)
[447.649s][info][gc             ] GC(897) Pause Young (Allocation Failure) 486M->382M(508M) 4.412ms
[447.649s][info][gc,cpu         ] GC(897) User=0.01s Sys=0.00s Real=0.00s
[448.048s][info][gc,start       ] GC(898) Pause Young (Allocation Failure)
[448.051s][info][gc,heap        ] GC(898) PSYoungGen: 131391K(131584K)->1695K(126976K) Eden: 129024K(129024K)->0K(124928K) From: 2367K(2560K)->1695K(2048K)
[448.052s][info][gc,heap        ] GC(898) ParOldGen: 388930K(389120K)->388946K(389120K)
[448.052s][info][gc,metaspace   ] GC(898) Metaspace: 57606K(57984K)->57606K(57984K) NonClass: 49326K(49600K)->49326K(49600K) Class: 8280K(8384K)->8280K(8384K)
[448.052s][info][gc             ] GC(898) Pause Young (Allocation Failure) 508M->381M(504M) 3.638ms
[448.052s][info][gc,cpu         ] GC(898) User=0.00s Sys=0.00s Real=0.00s
[448.270s][info][gc,start       ] GC(899) Pause Young (Allocation Failure)
[448.273s][info][gc,heap        ] GC(899) PSYoungGen: 126623K(126976K)->735K(122368K) Eden: 124928K(124928K)->0K(121344K) From: 1695K(2048K)->735K(1024K)
[448.273s][info][gc,heap        ] GC(899) ParOldGen: 388946K(389120K)->388962K(389120K)
[448.273s][info][gc,metaspace   ] GC(899) Metaspace: 57606K(57984K)->57606K(57984K) NonClass: 49326K(49600K)->49326K(49600K) Class: 8280K(8384K)->8280K(8384K)
[448.273s][info][gc             ] GC(899) Pause Young (Allocation Failure) 503M->380M(499M) 2.357ms
[448.273s][info][gc,cpu         ] GC(899) User=0.00s Sys=0.00s Real=0.00s
[448.612s][info][gc,start       ] GC(900) Pause Young (Allocation Failure)
[448.615s][info][gc,heap        ] GC(900) PSYoungGen: 122079K(122368K)->288K(118272K) Eden: 121344K(121344K)->0K(117760K) From: 735K(1024K)->288K(512K)
[448.615s][info][gc,heap        ] GC(900) ParOldGen: 388962K(389120K)->388978K(389120K)
[448.615s][info][gc,metaspace   ] GC(900) Metaspace: 57606K(57984K)->57606K(57984K) NonClass: 49326K(49600K)->49326K(49600K) Class: 8280K(8384K)->8280K(8384K)
[448.615s][info][gc             ] GC(900) Pause Young (Allocation Failure) 499M->380M(495M) 2.274ms
[448.615s][info][gc,cpu         ] GC(900) User=0.01s Sys=0.00s Real=0.01s
[448.913s][info][gc,start       ] GC(901) Pause Young (Allocation Failure)
[448.915s][info][gc,heap        ] GC(901) PSYoungGen: 118048K(118272K)->350K(118272K) Eden: 117760K(117760K)->0K(114176K) From: 288K(512K)->350K(4096K)
[448.915s][info][gc,heap        ] GC(901) ParOldGen: 388978K(389120K)->388994K(389120K)
[448.915s][info][gc,metaspace   ] GC(901) Metaspace: 57606K(57984K)->57606K(57984K) NonClass: 49326K(49600K)->49326K(49600K) Class: 8280K(8384K)->8280K(8384K)
[448.915s][info][gc             ] GC(901) Pause Young (Allocation Failure) 495M->380M(495M) 1.945ms
[448.915s][info][gc,cpu         ] GC(901) User=0.00s Sys=0.01s Real=0.00s
[449.175s][info][gc,start       ] GC(902) Pause Young (Allocation Failure)
[449.178s][info][gc,heap        ] GC(902) PSYoungGen: 114456K(118272K)->672K(111616K) Eden: 114106K(114176K)->0K(110592K) From: 350K(4096K)->672K(1024K)
[449.178s][info][gc,heap        ] GC(902) ParOldGen: 388994K(389120K)->389010K(389120K)
[449.178s][info][gc,metaspace   ] GC(902) Metaspace: 57606K(57984K)->57606K(57984K) NonClass: 49326K(49600K)->49326K(49600K) Class: 8280K(8384K)->8280K(8384K)
[449.178s][info][gc             ] GC(902) Pause Young (Allocation Failure) 491M->380M(489M) 2.859ms
[449.178s][info][gc,cpu         ] GC(902) User=0.00s Sys=0.00s Real=0.00s
[449.446s][info][gc,start       ] GC(903) Pause Young (Allocation Failure)
[449.450s][info][gc,heap        ] GC(903) PSYoungGen: 111057K(111616K)->1984K(134144K) Eden: 110385K(110592K)->0K(132096K) From: 672K(1024K)->1984K(2048K)
[449.450s][info][gc,heap        ] GC(903) ParOldGen: 389010K(389120K)->389026K(389120K)
[449.450s][info][gc,metaspace   ] GC(903) Metaspace: 57606K(57984K)->57606K(57984K) NonClass: 49326K(49600K)->49326K(49600K) Class: 8280K(8384K)->8280K(8384K)
[449.450s][info][gc             ] GC(903) Pause Young (Allocation Failure) 488M->381M(511M) 4.182ms
[449.450s][info][gc,cpu         ] GC(903) User=0.01s Sys=0.00s Real=0.00s
[449.819s][info][gc,start       ] GC(904) Pause Young (Allocation Failure)
[449.822s][info][gc,heap        ] GC(904) PSYoungGen: 134080K(134144K)->905K(129024K) Eden: 132096K(132096K)->0K(128000K) From: 1984K(2048K)->905K(1024K)
[449.822s][info][gc,heap        ] GC(904) ParOldGen: 389026K(389120K)->389042K(389120K)
[449.822s][info][gc,metaspace   ] GC(904) Metaspace: 57606K(57984K)->57606K(57984K) NonClass: 49326K(49600K)->49326K(49600K) Class: 8280K(8384K)->8280K(8384K)
[449.822s][info][gc             ] GC(904) Pause Young (Allocation Failure) 510M->380M(506M) 2.953ms
[449.822s][info][gc,cpu         ] GC(904) User=0.01s Sys=0.00s Real=0.00s
[450.132s][info][gc,start       ] GC(905) Pause Young (Allocation Failure)
[450.136s][info][gc,heap        ] GC(905) PSYoungGen: 128905K(129024K)->2367K(151552K) Eden: 128000K(128000K)->0K(147456K) From: 905K(1024K)->2367K(4096K)
[450.136s][info][gc,heap        ] GC(905) ParOldGen: 389042K(389120K)->389058K(389120K)
[450.136s][info][gc,metaspace   ] GC(905) Metaspace: 57606K(57984K)->57606K(57984K) NonClass: 49326K(49600K)->49326K(49600K) Class: 8280K(8384K)->8280K(8384K)
[450.136s][info][gc             ] GC(905) Pause Young (Allocation Failure) 505M->382M(528M) 4.320ms
[450.136s][info][gc,cpu         ] GC(905) User=0.00s Sys=0.00s Real=0.01s
[450.523s][info][gc,start       ] GC(906) Pause Young (Allocation Failure)
[450.526s][info][gc,heap        ] GC(906) PSYoungGen: 149823K(151552K)->1214K(144384K) Eden: 147456K(147456K)->0K(142848K) From: 2367K(4096K)->1214K(1536K)
[450.526s][info][gc,heap        ] GC(906) ParOldGen: 389058K(389120K)->389074K(389120K)
[450.526s][info][gc,metaspace   ] GC(906) Metaspace: 57606K(57984K)->57606K(57984K) NonClass: 49326K(49600K)->49326K(49600K) Class: 8280K(8384K)->8280K(8384K)
[450.526s][info][gc             ] GC(906) Pause Young (Allocation Failure) 526M->381M(521M) 2.806ms
[450.526s][info][gc,cpu         ] GC(906) User=0.00s Sys=0.00s Real=0.00s
[450.862s][info][gc,start       ] GC(907) Pause Young (Allocation Failure)
[450.865s][info][gc,heap        ] GC(907) PSYoungGen: 143777K(144384K)->928K(139264K) Eden: 142563K(142848K)->0K(138240K) From: 1214K(1536K)->928K(1024K)
[450.865s][info][gc,heap        ] GC(907) ParOldGen: 389074K(389120K)->389090K(389120K)
[450.865s][info][gc,metaspace   ] GC(907) Metaspace: 57606K(57984K)->57606K(57984K) NonClass: 49326K(49600K)->49326K(49600K) Class: 8280K(8384K)->8280K(8384K)
[450.865s][info][gc             ] GC(907) Pause Young (Allocation Failure) 520M->380M(516M) 3.061ms
[450.865s][info][gc,cpu         ] GC(907) User=0.00s Sys=0.00s Real=0.01s
[451.235s][info][gc,start       ] GC(908) Pause Young (Allocation Failure)
[451.239s][info][gc,heap        ] GC(908) PSYoungGen: 139168K(139264K)->1632K(135680K) Eden: 138240K(138240K)->0K(133632K) From: 928K(1024K)->1632K(2048K)
[451.239s][info][gc,heap        ] GC(908) ParOldGen: 389090K(389120K)->389106K(389120K)
[451.239s][info][gc,metaspace   ] GC(908) Metaspace: 57606K(57984K)->57606K(57984K) NonClass: 49326K(49600K)->49326K(49600K) Class: 8280K(8384K)->8280K(8384K)
[451.239s][info][gc             ] GC(908) Pause Young (Allocation Failure) 515M->381M(512M) 3.791ms
[451.239s][info][gc,cpu         ] GC(908) User=0.01s Sys=0.00s Real=0.00s
[451.556s][info][gc,start       ] GC(909) Pause Young (Allocation Failure)
[451.559s][info][gc,heap        ] GC(909) PSYoungGen: 135264K(135680K)->1663K(152064K) Eden: 133632K(133632K)->0K(148480K) From: 1632K(2048K)->1663K(3584K)
[451.559s][info][gc,heap        ] GC(909) ParOldGen: 389106K(389120K)->389122K(389632K)
[451.559s][info][gc,metaspace   ] GC(909) Metaspace: 57606K(57984K)->57606K(57984K) NonClass: 49326K(49600K)->49326K(49600K) Class: 8280K(8384K)->8280K(8384K)
[451.559s][info][gc             ] GC(909) Pause Young (Allocation Failure) 512M->381M(529M) 3.574ms
[451.559s][info][gc,cpu         ] GC(909) User=0.01s Sys=0.00s Real=0.00s
[451.955s][info][gc,start       ] GC(910) Pause Young (Allocation Failure)
[451.962s][info][gc,heap        ] GC(910) PSYoungGen: 150143K(152064K)->3486K(162816K) Eden: 148480K(148480K)->0K(159232K) From: 1663K(3584K)->3486K(3584K)
[451.962s][info][gc,heap        ] GC(910) ParOldGen: 389122K(389632K)->389138K(389632K)
[451.962s][info][gc,metaspace   ] GC(910) Metaspace: 57606K(57984K)->57606K(57984K) NonClass: 49326K(49600K)->49326K(49600K) Class: 8280K(8384K)->8280K(8384K)
[451.962s][info][gc             ] GC(910) Pause Young (Allocation Failure) 526M->383M(539M) 6.812ms
[451.962s][info][gc,cpu         ] GC(910) User=0.01s Sys=0.01s Real=0.00s
[452.344s][info][gc,start       ] GC(911) Pause Young (Allocation Failure)
[452.350s][info][gc,heap        ] GC(911) PSYoungGen: 162718K(162816K)->3006K(163328K) Eden: 159232K(159232K)->0K(159232K) From: 3486K(3584K)->3006K(4096K)
[452.350s][info][gc,heap        ] GC(911) ParOldGen: 389138K(389632K)->389154K(389632K)
[452.350s][info][gc,metaspace   ] GC(911) Metaspace: 57606K(57984K)->57606K(57984K) NonClass: 49326K(49600K)->49326K(49600K) Class: 8280K(8384K)->8280K(8384K)
[452.350s][info][gc             ] GC(911) Pause Young (Allocation Failure) 538M->382M(540M) 5.953ms
[452.350s][info][gc,cpu         ] GC(911) User=0.02s Sys=0.00s Real=0.00s
[452.758s][info][gc,start       ] GC(912) Pause Young (Allocation Failure)
[452.762s][info][gc,heap        ] GC(912) PSYoungGen: 162235K(163328K)->1568K(194048K) Eden: 159228K(159232K)->0K(190464K) From: 3006K(4096K)->1568K(3584K)
[452.762s][info][gc,heap        ] GC(912) ParOldGen: 389154K(389632K)->389170K(389632K)
[452.762s][info][gc,metaspace   ] GC(912) Metaspace: 57606K(57984K)->57606K(57984K) NonClass: 49326K(49600K)->49326K(49600K) Class: 8280K(8384K)->8280K(8384K)
[452.762s][info][gc             ] GC(912) Pause Young (Allocation Failure) 538M->381M(570M) 4.209ms
[452.762s][info][gc,cpu         ] GC(912) User=0.01s Sys=0.00s Real=0.00s
[453.252s][info][gc,start       ] GC(913) Pause Young (Allocation Failure)
[453.256s][info][gc,heap        ] GC(913) PSYoungGen: 192032K(194048K)->1951K(194560K) Eden: 190464K(190464K)->0K(190464K) From: 1568K(3584K)->1951K(4096K)
[453.256s][info][gc,heap        ] GC(913) ParOldGen: 389170K(389632K)->389186K(389632K)
[453.256s][info][gc,metaspace   ] GC(913) Metaspace: 57606K(57984K)->57606K(57984K) NonClass: 49326K(49600K)->49326K(49600K) Class: 8280K(8384K)->8280K(8384K)
[453.256s][info][gc             ] GC(913) Pause Young (Allocation Failure) 567M->381M(570M) 4.296ms
[453.256s][info][gc,cpu         ] GC(913) User=0.01s Sys=0.00s Real=0.01s
[453.733s][info][gc,start       ] GC(914) Pause Young (Allocation Failure)
[453.737s][info][gc,heap        ] GC(914) PSYoungGen: 192415K(194560K)->1886K(231424K) Eden: 190464K(190464K)->0K(227328K) From: 1951K(4096K)->1886K(4096K)
[453.737s][info][gc,heap        ] GC(914) ParOldGen: 389186K(389632K)->389202K(389632K)
[453.737s][info][gc,metaspace   ] GC(914) Metaspace: 57606K(57984K)->57606K(57984K) NonClass: 49326K(49600K)->49326K(49600K) Class: 8280K(8384K)->8280K(8384K)
[453.737s][info][gc             ] GC(914) Pause Young (Allocation Failure) 567M->381M(606M) 3.969ms
[453.737s][info][gc,cpu         ] GC(914) User=0.00s Sys=0.00s Real=0.00s
[454.322s][info][gc,start       ] GC(915) Pause Young (Allocation Failure)
[454.324s][info][gc,heap        ] GC(915) PSYoungGen: 229214K(231424K)->754K(219648K) Eden: 227328K(227328K)->0K(218624K) From: 1886K(4096K)->754K(1024K)
[454.324s][info][gc,heap        ] GC(915) ParOldGen: 389202K(389632K)->389218K(389632K)
[454.324s][info][gc,metaspace   ] GC(915) Metaspace: 57606K(57984K)->57606K(57984K) NonClass: 49326K(49600K)->49326K(49600K) Class: 8280K(8384K)->8280K(8384K)
[454.324s][info][gc             ] GC(915) Pause Young (Allocation Failure) 603M->380M(595M) 2.832ms
[454.324s][info][gc,cpu         ] GC(915) User=0.00s Sys=0.00s Real=0.01s
[454.845s][info][gc,start       ] GC(916) Pause Young (Allocation Failure)
[454.849s][info][gc,heap        ] GC(916) PSYoungGen: 219378K(219648K)->1950K(212480K) Eden: 218624K(218624K)->0K(210432K) From: 754K(1024K)->1950K(2048K)
[454.849s][info][gc,heap        ] GC(916) ParOldGen: 389218K(389632K)->389234K(389632K)
[454.849s][info][gc,metaspace   ] GC(916) Metaspace: 57606K(57984K)->57606K(57984K) NonClass: 49326K(49600K)->49326K(49600K) Class: 8280K(8384K)->8280K(8384K)
[454.849s][info][gc             ] GC(916) Pause Young (Allocation Failure) 594M->382M(588M) 4.270ms
[454.849s][info][gc,cpu         ] GC(916) User=0.01s Sys=0.00s Real=0.00s
[455.402s][info][gc,start       ] GC(917) Pause Young (Allocation Failure)
[455.404s][info][gc,heap        ] GC(917) PSYoungGen: 212382K(212480K)->64K(203264K) Eden: 210432K(210432K)->0K(202752K) From: 1950K(2048K)->64K(512K)
[455.404s][info][gc,heap        ] GC(917) ParOldGen: 389234K(389632K)->389250K(389632K)
[455.404s][info][gc,metaspace   ] GC(917) Metaspace: 57606K(57984K)->57606K(57984K) NonClass: 49326K(49600K)->49326K(49600K) Class: 8280K(8384K)->8280K(8384K)
[455.404s][info][gc             ] GC(917) Pause Young (Allocation Failure) 587M->380M(579M) 1.808ms
[455.404s][info][gc,cpu         ] GC(917) User=0.00s Sys=0.00s Real=0.01s
[455.916s][info][gc,start       ] GC(918) Pause Young (Allocation Failure)
[455.919s][info][gc,heap        ] GC(918) PSYoungGen: 202816K(203264K)->764K(196608K) Eden: 202752K(202752K)->0K(195584K) From: 64K(512K)->764K(1024K)
[455.919s][info][gc,heap        ] GC(918) ParOldGen: 389250K(389632K)->389266K(389632K)
[455.919s][info][gc,metaspace   ] GC(918) Metaspace: 57606K(57984K)->57606K(57984K) NonClass: 49326K(49600K)->49326K(49600K) Class: 8280K(8384K)->8280K(8384K)
[455.919s][info][gc             ] GC(918) Pause Young (Allocation Failure) 578M->380M(572M) 2.641ms
[455.919s][info][gc,cpu         ] GC(918) User=0.01s Sys=0.00s Real=0.00s
[456.470s][info][gc,start       ] GC(919) Pause Young (Allocation Failure)
[456.502s][info][gc,heap        ] GC(919) PSYoungGen: 196348K(196608K)->991K(222208K) Eden: 195584K(195584K)->0K(218624K) From: 764K(1024K)->991K(3584K)
[456.502s][info][gc,heap        ] GC(919) ParOldGen: 389266K(389632K)->389282K(389632K)
[456.502s][info][gc,metaspace   ] GC(919) Metaspace: 57606K(57984K)->57606K(57984K) NonClass: 49326K(49600K)->49326K(49600K) Class: 8280K(8384K)->8280K(8384K)
[456.502s][info][gc             ] GC(919) Pause Young (Allocation Failure) 571M->381M(597M) 31.709ms
[456.502s][info][gc,cpu         ] GC(919) User=0.02s Sys=0.00s Real=0.03s
[456.942s][info][gc,start       ] GC(920) Pause Young (Allocation Failure)
[456.950s][info][gc,heap        ] GC(920) PSYoungGen: 219615K(222208K)->3568K(235520K) Eden: 218624K(218624K)->0K(231936K) From: 991K(3584K)->3568K(3584K)
[456.950s][info][gc,heap        ] GC(920) ParOldGen: 389282K(389632K)->392677K(392704K)
[456.950s][info][gc,metaspace   ] GC(920) Metaspace: 57606K(57984K)->57606K(57984K) NonClass: 49326K(49600K)->49326K(49600K) Class: 8280K(8384K)->8280K(8384K)
[456.950s][info][gc             ] GC(920) Pause Young (Allocation Failure) 594M->386M(613M) 7.512ms
[456.950s][info][gc,cpu         ] GC(920) User=0.01s Sys=0.01s Real=0.01s
[457.538s][info][gc,start       ] GC(921) Pause Young (Allocation Failure)
[457.543s][info][gc,heap        ] GC(921) PSYoungGen: 235375K(235520K)->1408K(237568K) Eden: 231806K(231936K)->0K(231936K) From: 3568K(3584K)->1408K(5632K)
[457.543s][info][gc,heap        ] GC(921) ParOldGen: 392677K(392704K)->394215K(394240K)
[457.543s][info][gc,metaspace   ] GC(921) Metaspace: 57606K(57984K)->57606K(57984K) NonClass: 49326K(49600K)->49326K(49600K) Class: 8280K(8384K)->8280K(8384K)
[457.543s][info][gc             ] GC(921) Pause Young (Allocation Failure) 613M->386M(617M) 4.577ms
[457.543s][info][gc,cpu         ] GC(921) User=0.00s Sys=0.00s Real=0.00s
[458.132s][info][gc,start       ] GC(922) Pause Young (Allocation Failure)
[458.136s][info][gc,heap        ] GC(922) PSYoungGen: 233344K(237568K)->1504K(282112K) Eden: 231936K(231936K)->0K(276992K) From: 1408K(5632K)->1504K(5120K)
[458.136s][info][gc,heap        ] GC(922) ParOldGen: 394215K(394240K)->394231K(394240K)
[458.136s][info][gc,metaspace   ] GC(922) Metaspace: 57606K(57984K)->57606K(57984K) NonClass: 49326K(49600K)->49326K(49600K) Class: 8280K(8384K)->8280K(8384K)
[458.136s][info][gc             ] GC(922) Pause Young (Allocation Failure) 612M->386M(660M) 4.021ms
[458.136s][info][gc,cpu         ] GC(922) User=0.01s Sys=0.00s Real=0.01s
[458.849s][info][gc,start       ] GC(923) Pause Young (Allocation Failure)
[458.853s][info][gc,heap        ] GC(923) PSYoungGen: 278496K(282112K)->1886K(282112K) Eden: 276992K(276992K)->0K(276992K) From: 1504K(5120K)->1886K(5120K)
[458.853s][info][gc,heap        ] GC(923) ParOldGen: 394231K(394240K)->394247K(394752K)
[458.853s][info][gc,metaspace   ] GC(923) Metaspace: 57606K(57984K)->57606K(57984K) NonClass: 49326K(49600K)->49326K(49600K) Class: 8280K(8384K)->8280K(8384K)
[458.853s][info][gc             ] GC(923) Pause Young (Allocation Failure) 656M->386M(661M) 3.988ms
[458.853s][info][gc,cpu         ] GC(923) User=0.00s Sys=0.00s Real=0.01s
[459.535s][info][gc,start       ] GC(924) Pause Young (Allocation Failure)
[459.539s][info][gc,heap        ] GC(924) PSYoungGen: 278878K(282112K)->1408K(328192K) Eden: 276992K(276992K)->0K(323584K) From: 1886K(5120K)->1408K(4608K)
[459.539s][info][gc,heap        ] GC(924) ParOldGen: 394247K(394752K)->394263K(394752K)
[459.539s][info][gc,metaspace   ] GC(924) Metaspace: 57607K(57984K)->57607K(57984K) NonClass: 49326K(49600K)->49326K(49600K) Class: 8280K(8384K)->8280K(8384K)
[459.539s][info][gc             ] GC(924) Pause Young (Allocation Failure) 657M->386M(706M) 4.082ms
[459.539s][info][gc,cpu         ] GC(924) User=0.00s Sys=0.00s Real=0.00s
[460.362s][info][gc,start       ] GC(925) Pause Young (Allocation Failure)
[460.367s][info][gc,heap        ] GC(925) PSYoungGen: 324992K(328192K)->2398K(312832K) Eden: 323584K(323584K)->0K(310272K) From: 1408K(4608K)->2398K(2560K)
[460.367s][info][gc,heap        ] GC(925) ParOldGen: 394263K(394752K)->394279K(394752K)
[460.367s][info][gc,metaspace   ] GC(925) Metaspace: 57609K(57984K)->57609K(57984K) NonClass: 49328K(49600K)->49328K(49600K) Class: 8280K(8384K)->8280K(8384K)
[460.367s][info][gc             ] GC(925) Pause Young (Allocation Failure) 702M->387M(691M) 5.021ms
[460.367s][info][gc,cpu         ] GC(925) User=0.01s Sys=0.01s Real=0.01s
[461.140s][info][gc,start       ] GC(926) Pause Young (Allocation Failure)
[461.145s][info][gc,heap        ] GC(926) PSYoungGen: 312670K(312832K)->2272K(300544K) Eden: 310272K(310272K)->0K(297984K) From: 2398K(2560K)->2272K(2560K)
[461.145s][info][gc,heap        ] GC(926) ParOldGen: 394279K(394752K)->394295K(394752K)
[461.145s][info][gc,metaspace   ] GC(926) Metaspace: 57609K(57984K)->57609K(57984K) NonClass: 49328K(49600K)->49328K(49600K) Class: 8280K(8384K)->8280K(8384K)
[461.145s][info][gc             ] GC(926) Pause Young (Allocation Failure) 690M->387M(679M) 5.258ms
[461.145s][info][gc,cpu         ] GC(926) User=0.01s Sys=0.00s Real=0.01s
[461.926s][info][gc,start       ] GC(927) Pause Young (Allocation Failure)
[461.929s][info][gc,heap        ] GC(927) PSYoungGen: 300256K(300544K)->1344K(287744K) Eden: 297984K(297984K)->0K(286208K) From: 2272K(2560K)->1344K(1536K)
[461.929s][info][gc,heap        ] GC(927) ParOldGen: 394295K(394752K)->394311K(394752K)
[461.929s][info][gc,metaspace   ] GC(927) Metaspace: 57609K(57984K)->57609K(57984K) NonClass: 49328K(49600K)->49328K(49600K) Class: 8280K(8384K)->8280K(8384K)
[461.929s][info][gc             ] GC(927) Pause Young (Allocation Failure) 678M->386M(666M) 3.551ms
[461.929s][info][gc,cpu         ] GC(927) User=0.01s Sys=0.00s Real=0.00s
[462.639s][info][gc,start       ] GC(928) Pause Young (Allocation Failure)
[462.644s][info][gc,heap        ] GC(928) PSYoungGen: 287552K(287744K)->1823K(276992K) Eden: 286208K(286208K)->0K(274944K) From: 1344K(1536K)->1823K(2048K)
[462.644s][info][gc,heap        ] GC(928) ParOldGen: 394311K(394752K)->394327K(394752K)
[462.644s][info][gc,metaspace   ] GC(928) Metaspace: 57609K(57984K)->57609K(57984K) NonClass: 49328K(49600K)->49328K(49600K) Class: 8280K(8384K)->8280K(8384K)
[462.644s][info][gc             ] GC(928) Pause Young (Allocation Failure) 665M->386M(656M) 4.174ms
[462.644s][info][gc,cpu         ] GC(928) User=0.01s Sys=0.00s Real=0.01s
[463.338s][info][gc,start       ] GC(929) Pause Young (Allocation Failure)
[463.343s][info][gc,heap        ] GC(929) PSYoungGen: 276646K(276992K)->2176K(266752K) Eden: 274823K(274944K)->0K(264192K) From: 1823K(2048K)->2176K(2560K)
[463.343s][info][gc,heap        ] GC(929) ParOldGen: 394327K(394752K)->394343K(394752K)
[463.343s][info][gc,metaspace   ] GC(929) Metaspace: 57609K(57984K)->57609K(57984K) NonClass: 49328K(49600K)->49328K(49600K) Class: 8280K(8384K)->8280K(8384K)
[463.343s][info][gc             ] GC(929) Pause Young (Allocation Failure) 655M->387M(646M) 4.627ms
[463.343s][info][gc,cpu         ] GC(929) User=0.01s Sys=0.00s Real=0.00s
[464.034s][info][gc,start       ] GC(930) Pause Young (Allocation Failure)
[464.037s][info][gc,heap        ] GC(930) PSYoungGen: 266368K(266752K)->1248K(255488K) Eden: 264192K(264192K)->0K(253952K) From: 2176K(2560K)->1248K(1536K)
[464.037s][info][gc,heap        ] GC(930) ParOldGen: 394343K(394752K)->394359K(394752K)
[464.037s][info][gc,metaspace   ] GC(930) Metaspace: 57609K(57984K)->57609K(57984K) NonClass: 49328K(49600K)->49328K(49600K) Class: 8280K(8384K)->8280K(8384K)
[464.037s][info][gc             ] GC(930) Pause Young (Allocation Failure) 645M->386M(635M) 3.373ms
[464.037s][info][gc,cpu         ] GC(930) User=0.00s Sys=0.01s Real=0.00s
[464.660s][info][gc,start       ] GC(931) Pause Young (Allocation Failure)
[464.663s][info][gc,heap        ] GC(931) PSYoungGen: 255126K(255488K)->1312K(245760K) Eden: 253878K(253952K)->0K(244224K) From: 1248K(1536K)->1312K(1536K)
[464.663s][info][gc,heap        ] GC(931) ParOldGen: 394359K(394752K)->394375K(394752K)
[464.663s][info][gc,metaspace   ] GC(931) Metaspace: 57609K(57984K)->57609K(57984K) NonClass: 49328K(49600K)->49328K(49600K) Class: 8280K(8384K)->8280K(8384K)
[464.663s][info][gc             ] GC(931) Pause Young (Allocation Failure) 634M->386M(625M) 3.555ms
[464.663s][info][gc,cpu         ] GC(931) User=0.01s Sys=0.00s Real=0.01s
[465.313s][info][gc,start       ] GC(932) Pause Young (Allocation Failure)
[465.315s][info][gc,heap        ] GC(932) PSYoungGen: 245536K(245760K)->347K(235520K) Eden: 244224K(244224K)->0K(235008K) From: 1312K(1536K)->347K(512K)
[465.315s][info][gc,heap        ] GC(932) ParOldGen: 394375K(394752K)->394391K(394752K)
[465.316s][info][gc,metaspace   ] GC(932) Metaspace: 57609K(57984K)->57609K(57984K) NonClass: 49328K(49600K)->49328K(49600K) Class: 8280K(8384K)->8280K(8384K)
[465.316s][info][gc             ] GC(932) Pause Young (Allocation Failure) 624M->385M(615M) 2.281ms
[465.316s][info][gc,cpu         ] GC(932) User=0.00s Sys=0.00s Real=0.00s
[465.862s][info][gc,start       ] GC(933) Pause Young (Allocation Failure)
[465.864s][info][gc,heap        ] GC(933) PSYoungGen: 235355K(235520K)->735K(230400K) Eden: 235008K(235008K)->0K(226304K) From: 347K(512K)->735K(4096K)
[465.864s][info][gc,heap        ] GC(933) ParOldGen: 394391K(394752K)->394407K(394752K)
[465.864s][info][gc,metaspace   ] GC(933) Metaspace: 57609K(57984K)->57609K(57984K) NonClass: 49328K(49600K)->49328K(49600K) Class: 8280K(8384K)->8280K(8384K)
[465.864s][info][gc             ] GC(933) Pause Young (Allocation Failure) 614M->385M(610M) 2.210ms
[465.864s][info][gc,cpu         ] GC(933) User=0.01s Sys=0.00s Real=0.01s
[466.448s][info][gc,start       ] GC(934) Pause Young (Allocation Failure)
[466.451s][info][gc,heap        ] GC(934) PSYoungGen: 227039K(230400K)->1343K(219136K) Eden: 226304K(226304K)->0K(217600K) From: 735K(4096K)->1343K(1536K)
[466.451s][info][gc,heap        ] GC(934) ParOldGen: 394407K(394752K)->394423K(394752K)
[466.451s][info][gc,metaspace   ] GC(934) Metaspace: 57609K(57984K)->57609K(57984K) NonClass: 49328K(49600K)->49328K(49600K) Class: 8280K(8384K)->8280K(8384K)
[466.451s][info][gc             ] GC(934) Pause Young (Allocation Failure) 606M->386M(599M) 3.196ms
[466.451s][info][gc,cpu         ] GC(934) User=0.01s Sys=0.00s Real=0.00s
[467.026s][info][gc,start       ] GC(935) Pause Young (Allocation Failure)
[467.030s][info][gc,heap        ] GC(935) PSYoungGen: 218943K(219136K)->1695K(211456K) Eden: 217600K(217600K)->0K(209408K) From: 1343K(1536K)->1695K(2048K)
[467.030s][info][gc,heap        ] GC(935) ParOldGen: 394423K(394752K)->394439K(394752K)
[467.030s][info][gc,metaspace   ] GC(935) Metaspace: 57609K(57984K)->57609K(57984K) NonClass: 49328K(49600K)->49328K(49600K) Class: 8280K(8384K)->8280K(8384K)
[467.030s][info][gc             ] GC(935) Pause Young (Allocation Failure) 598M->386M(592M) 3.576ms
[467.030s][info][gc,cpu         ] GC(935) User=0.00s Sys=0.00s Real=0.00s
[467.659s][info][gc,start       ] GC(936) Pause Young (Allocation Failure)
[467.666s][info][gc,heap        ] GC(936) PSYoungGen: 210805K(211456K)->2432K(204288K) Eden: 209110K(209408K)->0K(201728K) From: 1695K(2048K)->2432K(2560K)
[467.666s][info][gc,heap        ] GC(936) ParOldGen: 394439K(394752K)->394455K(394752K)
[467.666s][info][gc,metaspace   ] GC(936) Metaspace: 57609K(57984K)->57609K(57984K) NonClass: 49328K(49600K)->49328K(49600K) Class: 8280K(8384K)->8280K(8384K)
[467.667s][info][gc             ] GC(936) Pause Young (Allocation Failure) 591M->387M(585M) 7.343ms
[467.667s][info][gc,cpu         ] GC(936) User=0.01s Sys=0.00s Real=0.01s
[468.056s][info][gc,start       ] GC(937) Pause Young (Allocation Failure)
[468.059s][info][gc,heap        ] GC(937) PSYoungGen: 203963K(204288K)->1088K(196096K) Eden: 201531K(201728K)->0K(194560K) From: 2432K(2560K)->1088K(1536K)
[468.059s][info][gc,heap        ] GC(937) ParOldGen: 394455K(394752K)->394471K(394752K)
[468.059s][info][gc,metaspace   ] GC(937) Metaspace: 57609K(57984K)->57609K(57984K) NonClass: 49328K(49600K)->49328K(49600K) Class: 8280K(8384K)->8280K(8384K)
[468.059s][info][gc             ] GC(937) Pause Young (Allocation Failure) 584M->386M(577M) 3.223ms
[468.059s][info][gc,cpu         ] GC(937) User=0.00s Sys=0.00s Real=0.00s
[468.553s][info][gc,start       ] GC(938) Pause Young (Allocation Failure)
[468.556s][info][gc,heap        ] GC(938) PSYoungGen: 195648K(196096K)->2110K(189952K) Eden: 194560K(194560K)->0K(187392K) From: 1088K(1536K)->2110K(2560K)
[468.556s][info][gc,heap        ] GC(938) ParOldGen: 394471K(394752K)->394487K(394752K)
[468.556s][info][gc,metaspace   ] GC(938) Metaspace: 57609K(57984K)->57609K(57984K) NonClass: 49328K(49600K)->49328K(49600K) Class: 8280K(8384K)->8280K(8384K)
[468.556s][info][gc             ] GC(938) Pause Young (Allocation Failure) 576M->387M(571M) 3.832ms
[468.556s][info][gc,cpu         ] GC(938) User=0.01s Sys=0.00s Real=0.01s
[469.040s][info][gc,start       ] GC(939) Pause Young (Allocation Failure)
[469.044s][info][gc,heap        ] GC(939) PSYoungGen: 189502K(189952K)->1504K(182272K) Eden: 187392K(187392K)->0K(180736K) From: 2110K(2560K)->1504K(1536K)
[469.044s][info][gc,heap        ] GC(939) ParOldGen: 394487K(394752K)->394503K(394752K)
[469.044s][info][gc,metaspace   ] GC(939) Metaspace: 57609K(57984K)->57609K(57984K) NonClass: 49328K(49600K)->49328K(49600K) Class: 8280K(8384K)->8280K(8384K)
[469.044s][info][gc             ] GC(939) Pause Young (Allocation Failure) 570M->386M(563M) 3.666ms
[469.044s][info][gc,cpu         ] GC(939) User=0.01s Sys=0.00s Real=0.01s
[469.521s][info][gc,start       ] GC(940) Pause Young (Allocation Failure)
[469.524s][info][gc,heap        ] GC(940) PSYoungGen: 182240K(182272K)->1215K(176128K) Eden: 180736K(180736K)->0K(174592K) From: 1504K(1536K)->1215K(1536K)
[469.524s][info][gc,heap        ] GC(940) ParOldGen: 394503K(394752K)->394519K(394752K)
[469.524s][info][gc,metaspace   ] GC(940) Metaspace: 57609K(57984K)->57609K(57984K) NonClass: 49328K(49600K)->49328K(49600K) Class: 8280K(8384K)->8280K(8384K)
[469.524s][info][gc             ] GC(940) Pause Young (Allocation Failure) 563M->386M(557M) 3.083ms
[469.524s][info][gc,cpu         ] GC(940) User=0.01s Sys=0.00s Real=0.01s
[469.943s][info][gc,start       ] GC(941) Pause Young (Allocation Failure)
[469.948s][info][gc,heap        ] GC(941) PSYoungGen: 175807K(176128K)->2400K(171008K) Eden: 174592K(174592K)->0K(168448K) From: 1215K(1536K)->2400K(2560K)
[469.948s][info][gc,heap        ] GC(941) ParOldGen: 394519K(394752K)->394535K(394752K)
[469.948s][info][gc,metaspace   ] GC(941) Metaspace: 57609K(57984K)->57609K(57984K) NonClass: 49328K(49600K)->49328K(49600K) Class: 8280K(8384K)->8280K(8384K)
[469.948s][info][gc             ] GC(941) Pause Young (Allocation Failure) 556M->387M(552M) 4.932ms
[469.948s][info][gc,cpu         ] GC(941) User=0.01s Sys=0.00s Real=0.00s
[470.357s][info][gc,start       ] GC(942) Pause Young (Allocation Failure)
[470.360s][info][gc,heap        ] GC(942) PSYoungGen: 170848K(171008K)->927K(163840K) Eden: 168448K(168448K)->0K(162816K) From: 2400K(2560K)->927K(1024K)
[470.360s][info][gc,heap        ] GC(942) ParOldGen: 394535K(394752K)->394551K(394752K)
[470.360s][info][gc,metaspace   ] GC(942) Metaspace: 57609K(57984K)->57609K(57984K) NonClass: 49328K(49600K)->49328K(49600K) Class: 8280K(8384K)->8280K(8384K)
[470.360s][info][gc             ] GC(942) Pause Young (Allocation Failure) 552M->386M(545M) 2.654ms
[470.360s][info][gc,cpu         ] GC(942) User=0.01s Sys=0.00s Real=0.00s
[470.815s][info][gc,start       ] GC(943) Pause Young (Allocation Failure)
[470.818s][info][gc,heap        ] GC(943) PSYoungGen: 163624K(163840K)->480K(157696K) Eden: 162697K(162816K)->0K(157184K) From: 927K(1024K)->480K(512K)
[470.818s][info][gc,heap        ] GC(943) ParOldGen: 394551K(394752K)->394567K(394752K)
[470.818s][info][gc,metaspace   ] GC(943) Metaspace: 57609K(57984K)->57609K(57984K) NonClass: 49328K(49600K)->49328K(49600K) Class: 8280K(8384K)->8280K(8384K)
[470.818s][info][gc             ] GC(943) Pause Young (Allocation Failure) 545M->385M(539M) 2.250ms
[470.818s][info][gc,cpu         ] GC(943) User=0.00s Sys=0.00s Real=0.00s
[471.215s][info][gc,start       ] GC(944) Pause Young (Allocation Failure)
[471.218s][info][gc,heap        ] GC(944) PSYoungGen: 157664K(157696K)->320K(152576K) Eden: 157184K(157184K)->0K(152064K) From: 480K(512K)->320K(512K)
[471.218s][info][gc,heap        ] GC(944) ParOldGen: 394567K(394752K)->394583K(394752K)
[471.218s][info][gc,metaspace   ] GC(944) Metaspace: 57609K(57984K)->57609K(57984K) NonClass: 49328K(49600K)->49328K(49600K) Class: 8280K(8384K)->8280K(8384K)
[471.218s][info][gc             ] GC(944) Pause Young (Allocation Failure) 539M->385M(534M) 2.288ms
[471.218s][info][gc,cpu         ] GC(944) User=0.00s Sys=0.00s Real=0.00s
[471.566s][info][gc,start       ] GC(945) Pause Young (Allocation Failure)
[471.569s][info][gc,heap        ] GC(945) PSYoungGen: 152384K(152576K)->607K(150528K) Eden: 152064K(152064K)->0K(146944K) From: 320K(512K)->607K(3584K)
[471.569s][info][gc,heap        ] GC(945) ParOldGen: 394583K(394752K)->394599K(394752K)
[471.569s][info][gc,metaspace   ] GC(945) Metaspace: 57609K(57984K)->57609K(57984K) NonClass: 49328K(49600K)->49328K(49600K) Class: 8280K(8384K)->8280K(8384K)
[471.569s][info][gc             ] GC(945) Pause Young (Allocation Failure) 534M->385M(532M) 2.186ms
[471.569s][info][gc,cpu         ] GC(945) User=0.00s Sys=0.00s Real=0.00s
[471.990s][info][gc,start       ] GC(946) Pause Young (Allocation Failure)
[471.993s][info][gc,heap        ] GC(946) PSYoungGen: 147551K(150528K)->1503K(143872K) Eden: 146944K(146944K)->0K(142336K) From: 607K(3584K)->1503K(1536K)
[471.993s][info][gc,heap        ] GC(946) ParOldGen: 394599K(394752K)->394615K(394752K)
[471.993s][info][gc,metaspace   ] GC(946) Metaspace: 57609K(57984K)->57609K(57984K) NonClass: 49328K(49600K)->49328K(49600K) Class: 8280K(8384K)->8280K(8384K)
[471.993s][info][gc             ] GC(946) Pause Young (Allocation Failure) 529M->386M(526M) 3.370ms
[471.993s][info][gc,cpu         ] GC(946) User=0.00s Sys=0.00s Real=0.01s
[472.330s][info][gc,start       ] GC(947) Pause Young (Allocation Failure)
[472.333s][info][gc,heap        ] GC(947) PSYoungGen: 143839K(143872K)->1055K(139264K) Eden: 142336K(142336K)->0K(137728K) From: 1503K(1536K)->1055K(1536K)
[472.333s][info][gc,heap        ] GC(947) ParOldGen: 394615K(394752K)->394631K(394752K)
[472.333s][info][gc,metaspace   ] GC(947) Metaspace: 57609K(57984K)->57609K(57984K) NonClass: 49328K(49600K)->49328K(49600K) Class: 8280K(8384K)->8280K(8384K)
[472.333s][info][gc             ] GC(947) Pause Young (Allocation Failure) 525M->386M(521M) 2.626ms
[472.333s][info][gc,cpu         ] GC(947) User=0.01s Sys=0.00s Real=0.00s
[472.657s][info][gc,start       ] GC(948) Pause Young (Allocation Failure)
[472.660s][info][gc,heap        ] GC(948) PSYoungGen: 138535K(139264K)->895K(134144K) Eden: 137480K(137728K)->0K(133120K) From: 1055K(1536K)->895K(1024K)
[472.660s][info][gc,heap        ] GC(948) ParOldGen: 394631K(394752K)->394647K(394752K)
[472.660s][info][gc,metaspace   ] GC(948) Metaspace: 57609K(57984K)->57609K(57984K) NonClass: 49328K(49600K)->49328K(49600K) Class: 8280K(8384K)->8280K(8384K)
[472.660s][info][gc             ] GC(948) Pause Young (Allocation Failure) 520M->386M(516M) 2.501ms
[472.660s][info][gc,cpu         ] GC(948) User=0.01s Sys=0.00s Real=0.00s
[473.041s][info][gc,start       ] GC(949) Pause Young (Allocation Failure)
[473.044s][info][gc,heap        ] GC(949) PSYoungGen: 134015K(134144K)->992K(130048K) Eden: 133120K(133120K)->0K(129024K) From: 895K(1024K)->992K(1024K)
[473.044s][info][gc,heap        ] GC(949) ParOldGen: 394647K(394752K)->394663K(394752K)
[473.044s][info][gc,metaspace   ] GC(949) Metaspace: 57609K(57984K)->57609K(57984K) NonClass: 49328K(49600K)->49328K(49600K) Class: 8280K(8384K)->8280K(8384K)
[473.044s][info][gc             ] GC(949) Pause Young (Allocation Failure) 516M->386M(512M) 2.903ms
[473.044s][info][gc,cpu         ] GC(949) User=0.01s Sys=0.00s Real=0.01s
[473.342s][info][gc,start       ] GC(950) Pause Young (Allocation Failure)
[473.345s][info][gc,heap        ] GC(950) PSYoungGen: 129872K(130048K)->1536K(126464K) Eden: 128880K(129024K)->0K(124928K) From: 992K(1024K)->1536K(1536K)
[473.345s][info][gc,heap        ] GC(950) ParOldGen: 394663K(394752K)->394679K(394752K)
[473.345s][info][gc,metaspace   ] GC(950) Metaspace: 57609K(57984K)->57609K(57984K) NonClass: 49328K(49600K)->49328K(49600K) Class: 8280K(8384K)->8280K(8384K)
[473.345s][info][gc             ] GC(950) Pause Young (Allocation Failure) 512M->386M(509M) 3.572ms
[473.345s][info][gc,cpu         ] GC(950) User=0.01s Sys=0.00s Real=0.01s
[473.663s][info][gc,start       ] GC(951) Pause Young (Allocation Failure)
[473.667s][info][gc,heap        ] GC(951) PSYoungGen: 126464K(126464K)->1759K(123392K) Eden: 124928K(124928K)->0K(121344K) From: 1536K(1536K)->1759K(2048K)
[473.667s][info][gc,heap        ] GC(951) ParOldGen: 394679K(394752K)->394695K(394752K)
[473.667s][info][gc,metaspace   ] GC(951) Metaspace: 57609K(57984K)->57609K(57984K) NonClass: 49328K(49600K)->49328K(49600K) Class: 8280K(8384K)->8280K(8384K)
[473.667s][info][gc             ] GC(951) Pause Young (Allocation Failure) 508M->387M(506M) 3.611ms
[473.667s][info][gc,cpu         ] GC(951) User=0.01s Sys=0.00s Real=0.00s
[473.960s][info][gc,start       ] GC(952) Pause Young (Allocation Failure)
[473.964s][info][gc,heap        ] GC(952) PSYoungGen: 123073K(123392K)->1296K(119296K) Eden: 121314K(121344K)->0K(117760K) From: 1759K(2048K)->1296K(1536K)
[473.964s][info][gc,heap        ] GC(952) ParOldGen: 394695K(394752K)->394711K(394752K)
[473.964s][info][gc,metaspace   ] GC(952) Metaspace: 57609K(57984K)->57609K(57984K) NonClass: 49328K(49600K)->49328K(49600K) Class: 8280K(8384K)->8280K(8384K)
[473.964s][info][gc             ] GC(952) Pause Young (Allocation Failure) 505M->386M(502M) 3.514ms
[473.964s][info][gc,cpu         ] GC(952) User=0.00s Sys=0.00s Real=0.01s
[474.253s][info][gc,start       ] GC(953) Pause Young (Allocation Failure)
[474.257s][info][gc,heap        ] GC(953) PSYoungGen: 118829K(119296K)->1536K(141824K) Eden: 117533K(117760K)->0K(140288K) From: 1296K(1536K)->1536K(1536K)
[474.257s][info][gc,heap        ] GC(953) ParOldGen: 394711K(394752K)->394727K(394752K)
[474.257s][info][gc,metaspace   ] GC(953) Metaspace: 57609K(57984K)->57609K(57984K) NonClass: 49328K(49600K)->49328K(49600K) Class: 8280K(8384K)->8280K(8384K)
[474.257s][info][gc             ] GC(953) Pause Young (Allocation Failure) 501M->386M(524M) 3.643ms
[474.257s][info][gc,cpu         ] GC(953) User=0.01s Sys=0.00s Real=0.00s
[474.630s][info][gc,start       ] GC(954) Pause Young (Allocation Failure)
[474.633s][info][gc,heap        ] GC(954) PSYoungGen: 141824K(141824K)->1407K(137216K) Eden: 140288K(140288K)->0K(135680K) From: 1536K(1536K)->1407K(1536K)
[474.633s][info][gc,heap        ] GC(954) ParOldGen: 394727K(394752K)->394743K(394752K)
[474.633s][info][gc,metaspace   ] GC(954) Metaspace: 57609K(57984K)->57609K(57984K) NonClass: 49328K(49600K)->49328K(49600K) Class: 8280K(8384K)->8280K(8384K)
[474.633s][info][gc             ] GC(954) Pause Young (Allocation Failure) 523M->386M(519M) 3.158ms
[474.633s][info][gc,cpu         ] GC(954) User=0.00s Sys=0.00s Real=0.00s
[474.963s][info][gc,start       ] GC(955) Pause Young (Allocation Failure)
[474.969s][info][gc,heap        ] GC(955) PSYoungGen: 137087K(137216K)->1120K(163328K) Eden: 135680K(135680K)->0K(161792K) From: 1407K(1536K)->1120K(1536K)
[474.969s][info][gc,heap        ] GC(955) ParOldGen: 394743K(394752K)->394759K(395264K)
[474.969s][info][gc,metaspace   ] GC(955) Metaspace: 57609K(57984K)->57609K(57984K) NonClass: 49328K(49600K)->49328K(49600K) Class: 8280K(8384K)->8280K(8384K)
[474.969s][info][gc             ] GC(955) Pause Young (Allocation Failure) 519M->386M(545M) 5.526ms
[474.969s][info][gc,cpu         ] GC(955) User=0.01s Sys=0.00s Real=0.00s
[475.364s][info][gc,start       ] GC(956) Pause Young (Allocation Failure)
[475.366s][info][gc,heap        ] GC(956) PSYoungGen: 162912K(163328K)->735K(194048K) Eden: 161792K(161792K)->0K(193024K) From: 1120K(1536K)->735K(1024K)
[475.367s][info][gc,heap        ] GC(956) ParOldGen: 394759K(395264K)->394775K(395264K)
[475.367s][info][gc,metaspace   ] GC(956) Metaspace: 57610K(57984K)->57610K(57984K) NonClass: 49329K(49600K)->49329K(49600K) Class: 8280K(8384K)->8280K(8384K)
[475.367s][info][gc             ] GC(956) Pause Young (Allocation Failure) 544M->386M(575M) 2.503ms
[475.367s][info][gc,cpu         ] GC(956) User=0.01s Sys=0.00s Real=0.00s
[475.900s][info][gc,start       ] GC(957) Pause Young (Allocation Failure)
[475.902s][info][gc,heap        ] GC(957) PSYoungGen: 193759K(194048K)->959K(187392K) Eden: 193024K(193024K)->0K(186368K) From: 735K(1024K)->959K(1024K)
[475.902s][info][gc,heap        ] GC(957) ParOldGen: 394775K(395264K)->394791K(395264K)
[475.902s][info][gc,metaspace   ] GC(957) Metaspace: 57610K(57984K)->57610K(57984K) NonClass: 49329K(49600K)->49329K(49600K) Class: 8280K(8384K)->8280K(8384K)
[475.902s][info][gc             ] GC(957) Pause Young (Allocation Failure) 574M->386M(569M) 2.481ms
[475.903s][info][gc,cpu         ] GC(957) User=0.00s Sys=0.00s Real=0.00s
[476.348s][info][gc,start       ] GC(958) Pause Young (Allocation Failure)
[476.352s][info][gc,heap        ] GC(958) PSYoungGen: 187327K(187392K)->2431K(182272K) Eden: 186368K(186368K)->0K(179712K) From: 959K(1024K)->2431K(2560K)
[476.352s][info][gc,heap        ] GC(958) ParOldGen: 394791K(395264K)->395126K(395264K)
[476.352s][info][gc,metaspace   ] GC(958) Metaspace: 57610K(57984K)->57610K(57984K) NonClass: 49329K(49600K)->49329K(49600K) Class: 8280K(8384K)->8280K(8384K)
[476.352s][info][gc             ] GC(958) Pause Young (Allocation Failure) 568M->388M(564M) 4.610ms
[476.352s][info][gc,cpu         ] GC(958) User=0.01s Sys=0.00s Real=0.00s
[476.836s][info][gc,start       ] GC(959) Pause Young (Allocation Failure)
[476.839s][info][gc,heap        ] GC(959) PSYoungGen: 182143K(182272K)->703K(174592K) Eden: 179712K(179712K)->0K(173568K) From: 2431K(2560K)->703K(1024K)
[476.839s][info][gc,heap        ] GC(959) ParOldGen: 395126K(395264K)->395142K(395264K)
[476.839s][info][gc,metaspace   ] GC(959) Metaspace: 57610K(57984K)->57610K(57984K) NonClass: 49329K(49600K)->49329K(49600K) Class: 8280K(8384K)->8280K(8384K)
[476.839s][info][gc             ] GC(959) Pause Young (Allocation Failure) 563M->386M(556M) 2.315ms
[476.839s][info][gc,cpu         ] GC(959) User=0.00s Sys=0.00s Real=0.00s
[477.244s][info][gc,start       ] GC(960) Pause Young (Allocation Failure)
[477.248s][info][gc,heap        ] GC(960) PSYoungGen: 174270K(174592K)->2048K(169472K) Eden: 173567K(173568K)->0K(167424K) From: 703K(1024K)->2048K(2048K)
[477.248s][info][gc,heap        ] GC(960) ParOldGen: 395142K(395264K)->395158K(395264K)
[477.248s][info][gc,metaspace   ] GC(960) Metaspace: 57610K(57984K)->57610K(57984K) NonClass: 49329K(49600K)->49329K(49600K) Class: 8280K(8384K)->8280K(8384K)
[477.248s][info][gc             ] GC(960) Pause Young (Allocation Failure) 556M->387M(551M) 4.308ms
[477.248s][info][gc,cpu         ] GC(960) User=0.01s Sys=0.00s Real=0.00s
[477.665s][info][gc,start       ] GC(961) Pause Young (Allocation Failure)
[477.668s][info][gc,heap        ] GC(961) PSYoungGen: 169348K(169472K)->416K(162304K) Eden: 167300K(167424K)->0K(161792K) From: 2048K(2048K)->416K(512K)
[477.668s][info][gc,heap        ] GC(961) ParOldGen: 395158K(395264K)->395174K(395264K)
[477.668s][info][gc,metaspace   ] GC(961) Metaspace: 57610K(57984K)->57610K(57984K) NonClass: 49329K(49600K)->49329K(49600K) Class: 8280K(8384K)->8280K(8384K)
[477.668s][info][gc             ] GC(961) Pause Young (Allocation Failure) 551M->386M(544M) 2.284ms
[477.668s][info][gc,cpu         ] GC(961) User=0.00s Sys=0.00s Real=0.00s
[478.116s][info][gc,start       ] GC(962) Pause Young (Allocation Failure)
[478.118s][info][gc,heap        ] GC(962) PSYoungGen: 162208K(162304K)->416K(156672K) Eden: 161792K(161792K)->0K(156160K) From: 416K(512K)->416K(512K)
[478.118s][info][gc,heap        ] GC(962) ParOldGen: 395174K(395264K)->395190K(395264K)
[478.118s][info][gc,metaspace   ] GC(962) Metaspace: 57610K(57984K)->57610K(57984K) NonClass: 49329K(49600K)->49329K(49600K) Class: 8280K(8384K)->8280K(8384K)
[478.118s][info][gc             ] GC(962) Pause Young (Allocation Failure) 544M->386M(539M) 2.265ms
[478.118s][info][gc,cpu         ] GC(962) User=0.00s Sys=0.01s Real=0.00s
[478.515s][info][gc,start       ] GC(963) Pause Young (Allocation Failure)
[478.518s][info][gc,heap        ] GC(963) PSYoungGen: 156576K(156672K)->544K(154112K) Eden: 156160K(156160K)->0K(151040K) From: 416K(512K)->544K(3072K)
[478.518s][info][gc,heap        ] GC(963) ParOldGen: 395190K(395264K)->395206K(395264K)
[478.518s][info][gc,metaspace   ] GC(963) Metaspace: 57610K(57984K)->57610K(57984K) NonClass: 49329K(49600K)->49329K(49600K) Class: 8280K(8384K)->8280K(8384K)
[478.518s][info][gc             ] GC(963) Pause Young (Allocation Failure) 538M->386M(536M) 2.277ms
[478.518s][info][gc,cpu         ] GC(963) User=0.00s Sys=0.00s Real=0.00s
[478.959s][info][gc,start       ] GC(964) Pause Young (Allocation Failure)
[478.962s][info][gc,heap        ] GC(964) PSYoungGen: 151427K(154112K)->896K(146944K) Eden: 150883K(151040K)->0K(145920K) From: 544K(3072K)->896K(1024K)
[478.962s][info][gc,heap        ] GC(964) ParOldGen: 395206K(395264K)->395222K(395264K)
[478.962s][info][gc,metaspace   ] GC(964) Metaspace: 57610K(57984K)->57610K(57984K) NonClass: 49329K(49600K)->49329K(49600K) Class: 8280K(8384K)->8280K(8384K)
[478.962s][info][gc             ] GC(964) Pause Young (Allocation Failure) 533M->386M(529M) 3.153ms
[478.962s][info][gc,cpu         ] GC(964) User=0.00s Sys=0.00s Real=0.00s
[479.342s][info][gc,start       ] GC(965) Pause Young (Allocation Failure)
[479.346s][info][gc,heap        ] GC(965) PSYoungGen: 146816K(146944K)->1792K(143360K) Eden: 145920K(145920K)->0K(141312K) From: 896K(1024K)->1792K(2048K)
[479.346s][info][gc,heap        ] GC(965) ParOldGen: 395222K(395264K)->395238K(395264K)
[479.346s][info][gc,metaspace   ] GC(965) Metaspace: 57610K(57984K)->57610K(57984K) NonClass: 49329K(49600K)->49329K(49600K) Class: 8280K(8384K)->8280K(8384K)
[479.346s][info][gc             ] GC(965) Pause Young (Allocation Failure) 529M->387M(526M) 3.917ms
[479.346s][info][gc,cpu         ] GC(965) User=0.01s Sys=0.00s Real=0.01s
[479.720s][info][gc,start       ] GC(966) Pause Young (Allocation Failure)
[479.723s][info][gc,heap        ] GC(966) PSYoungGen: 142819K(143360K)->800K(137728K) Eden: 141027K(141312K)->0K(136704K) From: 1792K(2048K)->800K(1024K)
[479.723s][info][gc,heap        ] GC(966) ParOldGen: 395238K(395264K)->395254K(395264K)
[479.723s][info][gc,metaspace   ] GC(966) Metaspace: 57610K(57984K)->57610K(57984K) NonClass: 49329K(49600K)->49329K(49600K) Class: 8280K(8384K)->8280K(8384K)
[479.723s][info][gc             ] GC(966) Pause Young (Allocation Failure) 525M->386M(520M) 2.878ms
[479.723s][info][gc,cpu         ] GC(966) User=0.00s Sys=0.00s Real=0.01s
[480.044s][info][gc,start       ] GC(967) Pause Young (Allocation Failure)
[480.047s][info][gc,heap        ] GC(967) PSYoungGen: 137504K(137728K)->1631K(134656K) Eden: 136704K(136704K)->0K(132608K) From: 800K(1024K)->1631K(2048K)
[480.047s][info][gc,heap        ] GC(967) ParOldGen: 395254K(395264K)->395270K(395776K)
[480.047s][info][gc,metaspace   ] GC(967) Metaspace: 57610K(57984K)->57610K(57984K) NonClass: 49329K(49600K)->49329K(49600K) Class: 8280K(8384K)->8280K(8384K)
[480.047s][info][gc             ] GC(967) Pause Young (Allocation Failure) 520M->387M(518M) 3.493ms
[480.047s][info][gc,cpu         ] GC(967) User=0.00s Sys=0.00s Real=0.00s
[480.417s][info][gc,start       ] GC(968) Pause Young (Allocation Failure)
[480.420s][info][gc,heap        ] GC(968) PSYoungGen: 134239K(134656K)->959K(129536K) Eden: 132608K(132608K)->0K(128512K) From: 1631K(2048K)->959K(1024K)
[480.420s][info][gc,heap        ] GC(968) ParOldGen: 395270K(395776K)->395286K(395776K)
[480.420s][info][gc,metaspace   ] GC(968) Metaspace: 57610K(57984K)->57610K(57984K) NonClass: 49329K(49600K)->49329K(49600K) Class: 8280K(8384K)->8280K(8384K)
[480.420s][info][gc             ] GC(968) Pause Young (Allocation Failure) 517M->386M(513M) 2.768ms
[480.420s][info][gc,cpu         ] GC(968) User=0.01s Sys=0.00s Real=0.00s
[480.731s][info][gc,start       ] GC(969) Pause Young (Allocation Failure)
[480.734s][info][gc,heap        ] GC(969) PSYoungGen: 129340K(129536K)->1760K(126464K) Eden: 128381K(128512K)->0K(124416K) From: 959K(1024K)->1760K(2048K)
[480.734s][info][gc,heap        ] GC(969) ParOldGen: 395286K(395776K)->395302K(395776K)
[480.734s][info][gc,metaspace   ] GC(969) Metaspace: 57610K(57984K)->57610K(57984K) NonClass: 49329K(49600K)->49329K(49600K) Class: 8280K(8384K)->8280K(8384K)
[480.734s][info][gc             ] GC(969) Pause Young (Allocation Failure) 512M->387M(510M) 3.861ms
[480.735s][info][gc,cpu         ] GC(969) User=0.01s Sys=0.00s Real=0.01s
[481.044s][info][gc,start       ] GC(970) Pause Young (Allocation Failure)
[481.049s][info][gc,heap        ] GC(970) PSYoungGen: 126176K(126464K)->2559K(151040K) Eden: 124416K(124416K)->0K(148480K) From: 1760K(2048K)->2559K(2560K)
[481.049s][info][gc,heap        ] GC(970) ParOldGen: 395302K(395776K)->395318K(395776K)
[481.049s][info][gc,metaspace   ] GC(970) Metaspace: 57610K(57984K)->57610K(57984K) NonClass: 49329K(49600K)->49329K(49600K) Class: 8280K(8384K)->8280K(8384K)
[481.049s][info][gc             ] GC(970) Pause Young (Allocation Failure) 509M->388M(534M) 4.480ms
[481.049s][info][gc,cpu         ] GC(970) User=0.01s Sys=0.00s Real=0.00s
[481.424s][info][gc,start       ] GC(971) Pause Young (Allocation Failure)
[481.427s][info][gc,heap        ] GC(971) PSYoungGen: 151039K(151040K)->1312K(145408K) Eden: 148480K(148480K)->0K(143872K) From: 2559K(2560K)->1312K(1536K)
[481.427s][info][gc,heap        ] GC(971) ParOldGen: 395318K(395776K)->395334K(395776K)
[481.427s][info][gc,metaspace   ] GC(971) Metaspace: 57610K(57984K)->57610K(57984K) NonClass: 49329K(49600K)->49329K(49600K) Class: 8280K(8384K)->8280K(8384K)
[481.427s][info][gc             ] GC(971) Pause Young (Allocation Failure) 533M->387M(528M) 3.442ms
[481.427s][info][gc,cpu         ] GC(971) User=0.01s Sys=0.00s Real=0.00s
[481.764s][info][gc,start       ] GC(972) Pause Young (Allocation Failure)
[481.769s][info][gc,heap        ] GC(972) PSYoungGen: 145184K(145408K)->927K(173056K) Eden: 143872K(143872K)->0K(172032K) From: 1312K(1536K)->927K(1024K)
[481.769s][info][gc,heap        ] GC(972) ParOldGen: 395334K(395776K)->395350K(395776K)
[481.769s][info][gc,metaspace   ] GC(972) Metaspace: 57610K(57984K)->57610K(57984K) NonClass: 49329K(49600K)->49329K(49600K) Class: 8280K(8384K)->8280K(8384K)
[481.769s][info][gc             ] GC(972) Pause Young (Allocation Failure) 527M->386M(555M) 4.951ms
[481.769s][info][gc,cpu         ] GC(972) User=0.00s Sys=0.00s Real=0.00s
[482.231s][info][gc,start       ] GC(973) Pause Young (Allocation Failure)
[482.235s][info][gc,heap        ] GC(973) PSYoungGen: 172959K(173056K)->1280K(206848K) Eden: 172032K(172032K)->0K(205312K) From: 927K(1024K)->1280K(1536K)
[482.235s][info][gc,heap        ] GC(973) ParOldGen: 395350K(395776K)->395366K(395776K)
[482.235s][info][gc,metaspace   ] GC(973) Metaspace: 57610K(57984K)->57610K(57984K) NonClass: 49329K(49600K)->49329K(49600K) Class: 8280K(8384K)->8280K(8384K)
[482.235s][info][gc             ] GC(973) Pause Young (Allocation Failure) 554M->387M(588M) 4.042ms
[482.235s][info][gc,cpu         ] GC(973) User=0.01s Sys=0.00s Real=0.01s
[482.703s][info][gc,start       ] GC(974) Pause Young (Allocation Failure)
[482.746s][info][gc,heap        ] GC(974) PSYoungGen: 187965K(206848K)->64K(246784K) Eden: 186685K(205312K)->0K(246272K) From: 1280K(1536K)->64K(512K)
[482.746s][info][gc,heap        ] GC(974) ParOldGen: 395366K(395776K)->434445K(435200K)
[482.746s][info][gc,metaspace   ] GC(974) Metaspace: 57613K(57984K)->57613K(57984K) NonClass: 49332K(49600K)->49332K(49600K) Class: 8280K(8384K)->8280K(8384K)
[482.746s][info][gc             ] GC(974) Pause Young (Allocation Failure) 569M->424M(666M) 42.636ms
[482.746s][info][gc,cpu         ] GC(974) User=0.04s Sys=0.03s Real=0.04s
[485.382s][info][gc,start       ] GC(975) Pause Young (Allocation Failure)
[485.453s][info][gc,heap        ] GC(975) PSYoungGen: 246227K(246784K)->3064K(257024K) Eden: 246163K(246272K)->0K(253952K) From: 64K(512K)->3064K(3072K)
[485.453s][info][gc,heap        ] GC(975) ParOldGen: 434445K(435200K)->534431K(535040K)
[485.453s][info][gc,metaspace   ] GC(975) Metaspace: 57777K(58112K)->57777K(58112K) NonClass: 49497K(49728K)->49497K(49728K) Class: 8280K(8384K)->8280K(8384K)
[485.453s][info][gc             ] GC(975) Pause Young (Allocation Failure) 664M->524M(773M) 70.923ms
[485.453s][info][gc,cpu         ] GC(975) User=0.07s Sys=0.08s Real=0.08s
[486.021s][info][gc,start       ] GC(976) Pause Young (Allocation Failure)
[486.028s][info][gc,heap        ] GC(976) PSYoungGen: 257016K(257024K)->1151K(294400K) Eden: 253952K(253952K)->0K(253952K) From: 3064K(3072K)->1151K(40448K)
[486.028s][info][gc,heap        ] GC(976) ParOldGen: 534431K(535040K)->537503K(537600K)
[486.028s][info][gc,metaspace   ] GC(976) Metaspace: 57777K(58112K)->57777K(58112K) NonClass: 49497K(49728K)->49497K(49728K) Class: 8280K(8384K)->8280K(8384K)
[486.028s][info][gc             ] GC(976) Pause Young (Allocation Failure) 772M->526M(812M) 7.553ms
[486.028s][info][gc,cpu         ] GC(976) User=0.01s Sys=0.00s Real=0.01s
[486.643s][info][gc,start       ] GC(977) Pause Young (Allocation Failure)
[486.648s][info][gc,heap        ] GC(977) PSYoungGen: 255103K(294400K)->2272K(256512K) Eden: 253952K(253952K)->0K(253952K) From: 1151K(40448K)->2272K(2560K)
[486.648s][info][gc,heap        ] GC(977) ParOldGen: 537503K(537600K)->537575K(537600K)
[486.648s][info][gc,metaspace   ] GC(977) Metaspace: 57777K(58112K)->57777K(58112K) NonClass: 49497K(49728K)->49497K(49728K) Class: 8280K(8384K)->8280K(8384K)
[486.648s][info][gc             ] GC(977) Pause Young (Allocation Failure) 774M->527M(775M) 5.047ms
[486.648s][info][gc,cpu         ] GC(977) User=0.01s Sys=0.00s Real=0.00s
[487.316s][info][gc,start       ] GC(978) Pause Young (Allocation Failure)
[487.319s][info][gc,heap        ] GC(978) PSYoungGen: 256216K(256512K)->672K(293376K) Eden: 253944K(253952K)->0K(255488K) From: 2272K(2560K)->672K(37888K)
[487.319s][info][gc,heap        ] GC(978) ParOldGen: 537575K(537600K)->537591K(537600K)
[487.319s][info][gc,metaspace   ] GC(978) Metaspace: 57777K(58112K)->57777K(58112K) NonClass: 49497K(49728K)->49497K(49728K) Class: 8280K(8384K)->8280K(8384K)
[487.319s][info][gc             ] GC(978) Pause Young (Allocation Failure) 775M->525M(811M) 2.909ms
[487.319s][info][gc,cpu         ] GC(978) User=0.01s Sys=0.00s Real=0.00s
[487.944s][info][gc,start       ] GC(979) Pause Young (Allocation Failure)
[487.948s][info][gc,heap        ] GC(979) PSYoungGen: 256160K(293376K)->1792K(291840K) Eden: 255488K(255488K)->0K(255488K) From: 672K(37888K)->1792K(36352K)
[487.948s][info][gc,heap        ] GC(979) ParOldGen: 537591K(537600K)->537607K(538112K)
[487.948s][info][gc,metaspace   ] GC(979) Metaspace: 57779K(58112K)->57779K(58112K) NonClass: 49499K(49728K)->49499K(49728K) Class: 8280K(8384K)->8280K(8384K)
[487.948s][info][gc             ] GC(979) Pause Young (Allocation Failure) 775M->526M(810M) 4.212ms
[487.948s][info][gc,cpu         ] GC(979) User=0.00s Sys=0.00s Real=0.00s
[488.625s][info][gc,start       ] GC(980) Pause Young (Allocation Failure)
[488.649s][info][gc,heap        ] GC(980) PSYoungGen: 257280K(291840K)->1375K(295936K) Eden: 255488K(255488K)->0K(261120K) From: 1792K(36352K)->1375K(34816K)
[488.649s][info][gc,heap        ] GC(980) ParOldGen: 537607K(538112K)->537623K(538112K)
[488.649s][info][gc,metaspace   ] GC(980) Metaspace: 57779K(58112K)->57779K(58112K) NonClass: 49499K(49728K)->49499K(49728K) Class: 8280K(8384K)->8280K(8384K)
[488.649s][info][gc             ] GC(980) Pause Young (Allocation Failure) 776M->526M(814M) 24.065ms
[488.649s][info][gc,cpu         ] GC(980) User=0.02s Sys=0.01s Real=0.02s
[489.249s][info][gc,start       ] GC(981) Pause Young (Allocation Failure)
[489.254s][info][gc,heap        ] GC(981) PSYoungGen: 262495K(295936K)->1887K(294400K) Eden: 261120K(261120K)->0K(261120K) From: 1375K(34816K)->1887K(33280K)
[489.254s][info][gc,heap        ] GC(981) ParOldGen: 537623K(538112K)->537639K(538112K)
[489.254s][info][gc,metaspace   ] GC(981) Metaspace: 57779K(58112K)->57779K(58112K) NonClass: 49499K(49728K)->49499K(49728K) Class: 8280K(8384K)->8280K(8384K)
[489.254s][info][gc             ] GC(981) Pause Young (Allocation Failure) 781M->526M(813M) 5.213ms
[489.254s][info][gc,cpu         ] GC(981) User=0.01s Sys=0.00s Real=0.01s
[489.938s][info][gc,start       ] GC(982) Pause Young (Allocation Failure)
[489.942s][info][gc,heap        ] GC(982) PSYoungGen: 263007K(294400K)->1344K(299008K) Eden: 261120K(261120K)->0K(267264K) From: 1887K(33280K)->1344K(31744K)
[489.942s][info][gc,heap        ] GC(982) ParOldGen: 537639K(538112K)->537655K(538112K)
[489.942s][info][gc,metaspace   ] GC(982) Metaspace: 57779K(58112K)->57779K(58112K) NonClass: 49499K(49728K)->49499K(49728K) Class: 8280K(8384K)->8280K(8384K)
[489.942s][info][gc             ] GC(982) Pause Young (Allocation Failure) 781M->526M(817M) 4.025ms
[489.942s][info][gc,cpu         ] GC(982) User=0.01s Sys=0.00s Real=0.00s
[490.634s][info][gc,start       ] GC(983) Pause Young (Allocation Failure)
[490.638s][info][gc,heap        ] GC(983) PSYoungGen: 268608K(299008K)->1280K(297472K) Eden: 267264K(267264K)->0K(267264K) From: 1344K(31744K)->1280K(30208K)
[490.638s][info][gc,heap        ] GC(983) ParOldGen: 537655K(538112K)->537671K(538112K)
[490.638s][info][gc,metaspace   ] GC(983) Metaspace: 57779K(58112K)->57779K(58112K) NonClass: 49499K(49728K)->49499K(49728K) Class: 8280K(8384K)->8280K(8384K)
[490.638s][info][gc             ] GC(983) Pause Young (Allocation Failure) 787M->526M(816M) 3.807ms
[490.638s][info][gc,cpu         ] GC(983) User=0.00s Sys=0.00s Real=0.00s
[491.323s][info][gc,start       ] GC(984) Pause Young (Allocation Failure)
[491.327s][info][gc,heap        ] GC(984) PSYoungGen: 268544K(297472K)->1662K(302080K) Eden: 267264K(267264K)->0K(273408K) From: 1280K(30208K)->1662K(28672K)
[491.327s][info][gc,heap        ] GC(984) ParOldGen: 537671K(538112K)->537687K(538112K)
[491.327s][info][gc,metaspace   ] GC(984) Metaspace: 57779K(58112K)->57779K(58112K) NonClass: 49499K(49728K)->49499K(49728K) Class: 8280K(8384K)->8280K(8384K)
[491.327s][info][gc             ] GC(984) Pause Young (Allocation Failure) 787M->526M(820M) 4.031ms
[491.327s][info][gc,cpu         ] GC(984) User=0.01s Sys=0.00s Real=0.00s
[492.024s][info][gc,start       ] GC(985) Pause Young (Allocation Failure)
[492.027s][info][gc,heap        ] GC(985) PSYoungGen: 275070K(302080K)->1214K(264192K) Eden: 273408K(273408K)->0K(262656K) From: 1662K(28672K)->1214K(1536K)
[492.027s][info][gc,heap        ] GC(985) ParOldGen: 537687K(538112K)->537703K(538112K)
[492.027s][info][gc,metaspace   ] GC(985) Metaspace: 57779K(58112K)->57779K(58112K) NonClass: 49499K(49728K)->49499K(49728K) Class: 8280K(8384K)->8280K(8384K)
[492.027s][info][gc             ] GC(985) Pause Young (Allocation Failure) 793M->526M(783M) 3.399ms
[492.027s][info][gc,cpu         ] GC(985) User=0.00s Sys=0.00s Real=0.00s
[492.657s][info][gc,start       ] GC(986) Pause Young (Allocation Failure)
[492.661s][info][gc,heap        ] GC(986) PSYoungGen: 263870K(264192K)->1598K(264704K) Eden: 262656K(262656K)->0K(252416K) From: 1214K(1536K)->1598K(12288K)
[492.661s][info][gc,heap        ] GC(986) ParOldGen: 537703K(538112K)->537719K(538112K)
[492.661s][info][gc,metaspace   ] GC(986) Metaspace: 57779K(58112K)->57779K(58112K) NonClass: 49499K(49728K)->49499K(49728K) Class: 8280K(8384K)->8280K(8384K)
[492.661s][info][gc             ] GC(986) Pause Young (Allocation Failure) 782M->526M(784M) 4.015ms
[492.661s][info][gc,cpu         ] GC(986) User=0.01s Sys=0.00s Real=0.00s
[493.323s][info][gc,start       ] GC(987) Pause Young (Allocation Failure)
[493.326s][info][gc,heap        ] GC(987) PSYoungGen: 254014K(264704K)->735K(243712K) Eden: 252416K(252416K)->0K(242688K) From: 1598K(12288K)->735K(1024K)
[493.326s][info][gc,heap        ] GC(987) ParOldGen: 537719K(538112K)->537735K(538112K)
[493.326s][info][gc,metaspace   ] GC(987) Metaspace: 57779K(58112K)->57779K(58112K) NonClass: 49499K(49728K)->49499K(49728K) Class: 8280K(8384K)->8280K(8384K)
[493.326s][info][gc             ] GC(987) Pause Young (Allocation Failure) 773M->525M(763M) 2.890ms
[493.326s][info][gc,cpu         ] GC(987) User=0.01s Sys=0.00s Real=0.00s
[493.934s][info][gc,start       ] GC(988) Pause Young (Allocation Failure)
[493.938s][info][gc,heap        ] GC(988) PSYoungGen: 243423K(243712K)->1408K(244224K) Eden: 242688K(242688K)->0K(233472K) From: 735K(1024K)->1408K(10752K)
[493.938s][info][gc,heap        ] GC(988) ParOldGen: 537735K(538112K)->537751K(538112K)
[493.938s][info][gc,metaspace   ] GC(988) Metaspace: 57779K(58112K)->57779K(58112K) NonClass: 49499K(49728K)->49499K(49728K) Class: 8280K(8384K)->8280K(8384K)
[493.938s][info][gc             ] GC(988) Pause Young (Allocation Failure) 762M->526M(764M) 3.808ms
[493.938s][info][gc,cpu         ] GC(988) User=0.00s Sys=0.00s Real=0.00s
[494.526s][info][gc,start       ] GC(989) Pause Young (Allocation Failure)
[494.532s][info][gc,heap        ] GC(989) PSYoungGen: 234706K(244224K)->1664K(226816K) Eden: 233298K(233472K)->0K(224768K) From: 1408K(10752K)->1664K(2048K)
[494.532s][info][gc,heap        ] GC(989) ParOldGen: 537751K(538112K)->537767K(538112K)
[494.532s][info][gc,metaspace   ] GC(989) Metaspace: 57779K(58112K)->57779K(58112K) NonClass: 49499K(49728K)->49499K(49728K) Class: 8280K(8384K)->8280K(8384K)
[494.532s][info][gc             ] GC(989) Pause Young (Allocation Failure) 754M->526M(747M) 5.376ms
[494.532s][info][gc,cpu         ] GC(989) User=0.00s Sys=0.00s Real=0.00s
[495.117s][info][gc,start       ] GC(990) Pause Young (Allocation Failure)
[495.120s][info][gc,heap        ] GC(990) PSYoungGen: 226432K(226816K)->576K(224768K) Eden: 224768K(224768K)->0K(216576K) From: 1664K(2048K)->576K(8192K)
[495.120s][info][gc,heap        ] GC(990) ParOldGen: 537767K(538112K)->537783K(538112K)
[495.120s][info][gc,metaspace   ] GC(990) Metaspace: 57779K(58112K)->57779K(58112K) NonClass: 49499K(49728K)->49499K(49728K) Class: 8280K(8384K)->8280K(8384K)
[495.120s][info][gc             ] GC(990) Pause Young (Allocation Failure) 746M->525M(745M) 3.297ms
[495.120s][info][gc,cpu         ] GC(990) User=0.01s Sys=0.00s Real=0.00s
[495.644s][info][gc,start       ] GC(991) Pause Young (Allocation Failure)
[495.649s][info][gc,heap        ] GC(991) PSYoungGen: 217152K(224768K)->2111K(210944K) Eden: 216576K(216576K)->0K(208384K) From: 576K(8192K)->2111K(2560K)
[495.649s][info][gc,heap        ] GC(991) ParOldGen: 537783K(538112K)->537799K(538112K)
[495.649s][info][gc,metaspace   ] GC(991) Metaspace: 57779K(58112K)->57779K(58112K) NonClass: 49499K(49728K)->49499K(49728K) Class: 8280K(8384K)->8280K(8384K)
[495.649s][info][gc             ] GC(991) Pause Young (Allocation Failure) 737M->527M(731M) 4.823ms
[495.649s][info][gc,cpu         ] GC(991) User=0.01s Sys=0.00s Real=0.00s
[496.265s][info][gc,start       ] GC(992) Pause Young (Allocation Failure)
[496.267s][info][gc,heap        ] GC(992) PSYoungGen: 210495K(210944K)->160K(206336K) Eden: 208384K(208384K)->0K(200704K) From: 2111K(2560K)->160K(5632K)
[496.267s][info][gc,heap        ] GC(992) ParOldGen: 537799K(538112K)->537815K(538112K)
[496.268s][info][gc,metaspace   ] GC(992) Metaspace: 57779K(58112K)->57779K(58112K) NonClass: 49499K(49728K)->49499K(49728K) Class: 8280K(8384K)->8280K(8384K)
[496.268s][info][gc             ] GC(992) Pause Young (Allocation Failure) 730M->525M(727M) 2.847ms
[496.268s][info][gc,cpu         ] GC(992) User=0.00s Sys=0.00s Real=0.00s
[496.820s][info][gc,start       ] GC(993) Pause Young (Allocation Failure)
[496.823s][info][gc,heap        ] GC(993) PSYoungGen: 200864K(206336K)->1052K(195072K) Eden: 200704K(200704K)->0K(193536K) From: 160K(5632K)->1052K(1536K)
[496.823s][info][gc,heap        ] GC(993) ParOldGen: 537815K(538112K)->537831K(538112K)
[496.824s][info][gc,metaspace   ] GC(993) Metaspace: 57779K(58112K)->57779K(58112K) NonClass: 49499K(49728K)->49499K(49728K) Class: 8280K(8384K)->8280K(8384K)
[496.824s][info][gc             ] GC(993) Pause Young (Allocation Failure) 721M->526M(716M) 3.404ms
[496.824s][info][gc,cpu         ] GC(993) User=0.01s Sys=0.01s Real=0.01s
[497.314s][info][gc,start       ] GC(994) Pause Young (Allocation Failure)
[497.318s][info][gc,heap        ] GC(994) PSYoungGen: 194460K(195072K)->320K(188928K) Eden: 193407K(193536K)->0K(186368K) From: 1052K(1536K)->320K(2560K)
[497.318s][info][gc,heap        ] GC(994) ParOldGen: 537831K(538112K)->537847K(538112K)
[497.318s][info][gc,metaspace   ] GC(994) Metaspace: 57779K(58112K)->57779K(58112K) NonClass: 49499K(49728K)->49499K(49728K) Class: 8280K(8384K)->8280K(8384K)
[497.318s][info][gc             ] GC(994) Pause Young (Allocation Failure) 715M->525M(710M) 3.154ms
[497.318s][info][gc,cpu         ] GC(994) User=0.01s Sys=0.01s Real=0.00s
[497.757s][info][gc,start       ] GC(995) Pause Young (Allocation Failure)
[497.762s][info][gc,heap        ] GC(995) PSYoungGen: 186688K(188928K)->1887K(181760K) Eden: 186368K(186368K)->0K(179712K) From: 320K(2560K)->1887K(2048K)
[497.762s][info][gc,heap        ] GC(995) ParOldGen: 537847K(538112K)->537863K(538112K)
[497.762s][info][gc,metaspace   ] GC(995) Metaspace: 57779K(58112K)->57779K(58112K) NonClass: 49499K(49728K)->49499K(49728K) Class: 8280K(8384K)->8280K(8384K)
[497.762s][info][gc             ] GC(995) Pause Young (Allocation Failure) 707M->527M(703M) 4.671ms
[497.762s][info][gc,cpu         ] GC(995) User=0.01s Sys=0.00s Real=0.00s
[498.230s][info][gc,start       ] GC(996) Pause Young (Allocation Failure)
[498.234s][info][gc,heap        ] GC(996) PSYoungGen: 181599K(181760K)->1471K(175104K) Eden: 179712K(179712K)->0K(173568K) From: 1887K(2048K)->1471K(1536K)
[498.234s][info][gc,heap        ] GC(996) ParOldGen: 537863K(538112K)->537879K(538112K)
[498.234s][info][gc,metaspace   ] GC(996) Metaspace: 57779K(58112K)->57779K(58112K) NonClass: 49499K(49728K)->49499K(49728K) Class: 8280K(8384K)->8280K(8384K)
[498.234s][info][gc             ] GC(996) Pause Young (Allocation Failure) 702M->526M(696M) 4.172ms
[498.234s][info][gc,cpu         ] GC(996) User=0.01s Sys=0.00s Real=0.01s
[498.653s][info][gc,start       ] GC(997) Pause Young (Allocation Failure)
[498.657s][info][gc,heap        ] GC(997) PSYoungGen: 175039K(175104K)->1855K(180224K) Eden: 173568K(173568K)->0K(167424K) From: 1471K(1536K)->1855K(12800K)
[498.657s][info][gc,heap        ] GC(997) ParOldGen: 537879K(538112K)->537895K(538112K)
[498.657s][info][gc,metaspace   ] GC(997) Metaspace: 57779K(58112K)->57779K(58112K) NonClass: 49499K(49728K)->49499K(49728K) Class: 8280K(8384K)->8280K(8384K)
[498.657s][info][gc             ] GC(997) Pause Young (Allocation Failure) 696M->527M(701M) 4.033ms
[498.657s][info][gc,cpu         ] GC(997) User=0.00s Sys=0.00s Real=0.00s
[499.118s][info][gc,start       ] GC(998) Pause Young (Allocation Failure)
[499.121s][info][gc,heap        ] GC(998) PSYoungGen: 169279K(180224K)->841K(162816K) Eden: 167424K(167424K)->0K(161792K) From: 1855K(12800K)->841K(1024K)
[499.121s][info][gc,heap        ] GC(998) ParOldGen: 537895K(538112K)->537911K(538112K)
[499.121s][info][gc,metaspace   ] GC(998) Metaspace: 57779K(58112K)->57779K(58112K) NonClass: 49499K(49728K)->49499K(49728K) Class: 8280K(8384K)->8280K(8384K)
[499.122s][info][gc             ] GC(998) Pause Young (Allocation Failure) 690M->526M(684M) 3.508ms
[499.122s][info][gc,cpu         ] GC(998) User=0.01s Sys=0.00s Real=0.00s
[499.528s][info][gc,start       ] GC(999) Pause Young (Allocation Failure)
[499.532s][info][gc,heap        ] GC(999) PSYoungGen: 162633K(162816K)->2110K(167424K) Eden: 161792K(161792K)->0K(156160K) From: 841K(1024K)->2110K(11264K)
[499.532s][info][gc,heap        ] GC(999) ParOldGen: 537911K(538112K)->537927K(538112K)
[499.532s][info][gc,metaspace   ] GC(999) Metaspace: 57779K(58112K)->57779K(58112K) NonClass: 49499K(49728K)->49499K(49728K) Class: 8280K(8384K)->8280K(8384K)
[499.532s][info][gc             ] GC(999) Pause Young (Allocation Failure) 684M->527M(689M) 3.999ms
[499.532s][info][gc,cpu         ] GC(999) User=0.01s Sys=0.00s Real=0.00s
[499.928s][info][gc,start       ] GC(1000) Pause Young (Allocation Failure)
[499.932s][info][gc,heap        ] GC(1000) PSYoungGen: 158270K(167424K)->1535K(152576K) Eden: 156160K(156160K)->0K(151040K) From: 2110K(11264K)->1535K(1536K)
[499.932s][info][gc,heap        ] GC(1000) ParOldGen: 537927K(538112K)->537943K(538112K)
[499.932s][info][gc,metaspace   ] GC(1000) Metaspace: 57779K(58112K)->57779K(58112K) NonClass: 49499K(49728K)->49499K(49728K) Class: 8280K(8384K)->8280K(8384K)
[499.932s][info][gc             ] GC(1000) Pause Young (Allocation Failure) 679M->526M(674M) 4.096ms
[499.932s][info][gc,cpu         ] GC(1000) User=0.00s Sys=0.00s Real=0.00s
[500.332s][info][gc,start       ] GC(1001) Pause Young (Allocation Failure)
[500.336s][info][gc,heap        ] GC(1001) PSYoungGen: 152575K(152576K)->2527K(148480K) Eden: 151040K(151040K)->0K(145920K) From: 1535K(1536K)->2527K(2560K)
[500.336s][info][gc,heap        ] GC(1001) ParOldGen: 537943K(538112K)->537959K(538112K)
[500.336s][info][gc,metaspace   ] GC(1001) Metaspace: 57779K(58112K)->57779K(58112K) NonClass: 49499K(49728K)->49499K(49728K) Class: 8280K(8384K)->8280K(8384K)
[500.336s][info][gc             ] GC(1001) Pause Young (Allocation Failure) 674M->527M(670M) 4.790ms
[500.336s][info][gc,cpu         ] GC(1001) User=0.01s Sys=0.00s Real=0.01s
[500.653s][info][gc,start       ] GC(1002) Pause Young (Allocation Failure)
[500.657s][info][gc,heap        ] GC(1002) PSYoungGen: 148438K(148480K)->1216K(142848K) Eden: 145910K(145920K)->0K(141312K) From: 2527K(2560K)->1216K(1536K)
[500.657s][info][gc,heap        ] GC(1002) ParOldGen: 537959K(538112K)->537975K(538112K)
[500.657s][info][gc,metaspace   ] GC(1002) Metaspace: 57779K(58112K)->57779K(58112K) NonClass: 49499K(49728K)->49499K(49728K) Class: 8280K(8384K)->8280K(8384K)
[500.657s][info][gc             ] GC(1002) Pause Young (Allocation Failure) 670M->526M(665M) 3.891ms
[500.657s][info][gc,cpu         ] GC(1002) User=0.01s Sys=0.00s Real=0.00s
[501.034s][info][gc,start       ] GC(1003) Pause Young (Allocation Failure)
[501.038s][info][gc,heap        ] GC(1003) PSYoungGen: 142528K(142848K)->2047K(138752K) Eden: 141312K(141312K)->0K(136704K) From: 1216K(1536K)->2047K(2048K)
[501.038s][info][gc,heap        ] GC(1003) ParOldGen: 537975K(538112K)->537991K(538112K)
[501.038s][info][gc,metaspace   ] GC(1003) Metaspace: 57779K(58112K)->57779K(58112K) NonClass: 49499K(49728K)->49499K(49728K) Class: 8280K(8384K)->8280K(8384K)
[501.038s][info][gc             ] GC(1003) Pause Young (Allocation Failure) 664M->527M(661M) 4.109ms
[501.038s][info][gc,cpu         ] GC(1003) User=0.01s Sys=0.00s Real=0.00s
[501.360s][info][gc,start       ] GC(1004) Pause Young (Allocation Failure)
[501.363s][info][gc,heap        ] GC(1004) PSYoungGen: 138751K(138752K)->1119K(134144K) Eden: 136704K(136704K)->0K(132608K) From: 2047K(2048K)->1119K(1536K)
[501.363s][info][gc,heap        ] GC(1004) ParOldGen: 537991K(538112K)->538007K(538112K)
[501.363s][info][gc,metaspace   ] GC(1004) Metaspace: 57779K(58112K)->57779K(58112K) NonClass: 49499K(49728K)->49499K(49728K) Class: 8280K(8384K)->8280K(8384K)
[501.363s][info][gc             ] GC(1004) Pause Young (Allocation Failure) 660M->526M(656M) 3.461ms
[501.363s][info][gc,cpu         ] GC(1004) User=0.00s Sys=0.00s Real=0.01s
[501.776s][info][gc,start       ] GC(1005) Pause Young (Allocation Failure)
[501.780s][info][gc,heap        ] GC(1005) PSYoungGen: 133727K(134144K)->1663K(130560K) Eden: 132608K(132608K)->0K(128512K) From: 1119K(1536K)->1663K(2048K)
[501.780s][info][gc,heap        ] GC(1005) ParOldGen: 538007K(538112K)->538023K(538112K)
[501.780s][info][gc,metaspace   ] GC(1005) Metaspace: 57779K(58112K)->57779K(58112K) NonClass: 49499K(49728K)->49499K(49728K) Class: 8280K(8384K)->8280K(8384K)
[501.780s][info][gc             ] GC(1005) Pause Young (Allocation Failure) 655M->527M(653M) 3.875ms
[501.780s][info][gc,cpu         ] GC(1005) User=0.01s Sys=0.00s Real=0.00s
[502.038s][info][gc,start       ] GC(1006) Pause Young (Allocation Failure)
[502.043s][info][gc,heap        ] GC(1006) PSYoungGen: 130175K(130560K)->2111K(156672K) Eden: 128512K(128512K)->0K(149504K) From: 1663K(2048K)->2111K(7168K)
[502.043s][info][gc,heap        ] GC(1006) ParOldGen: 538023K(538112K)->538039K(538112K)
[502.043s][info][gc,metaspace   ] GC(1006) Metaspace: 57779K(58112K)->57779K(58112K) NonClass: 49499K(49728K)->49499K(49728K) Class: 8280K(8384K)->8280K(8384K)
[502.043s][info][gc             ] GC(1006) Pause Young (Allocation Failure) 652M->527M(678M) 4.267ms
[502.043s][info][gc,cpu         ] GC(1006) User=0.01s Sys=0.00s Real=0.00s
[502.428s][info][gc,start       ] GC(1007) Pause Young (Allocation Failure)
[502.432s][info][gc,heap        ] GC(1007) PSYoungGen: 151615K(156672K)->1631K(156160K) Eden: 149504K(149504K)->0K(149504K) From: 2111K(7168K)->1631K(6656K)
[502.432s][info][gc,heap        ] GC(1007) ParOldGen: 538039K(538112K)->538055K(538112K)
[502.432s][info][gc,metaspace   ] GC(1007) Metaspace: 57779K(58112K)->57779K(58112K) NonClass: 49499K(49728K)->49499K(49728K) Class: 8280K(8384K)->8280K(8384K)
[502.432s][info][gc             ] GC(1007) Pause Young (Allocation Failure) 673M->527M(678M) 3.604ms
[502.432s][info][gc,cpu         ] GC(1007) User=0.01s Sys=0.00s Real=0.00s
[502.862s][info][gc,start       ] GC(1008) Pause Young (Allocation Failure)
[502.865s][info][gc,heap        ] GC(1008) PSYoungGen: 151135K(156160K)->608K(145408K) Eden: 149504K(149504K)->0K(144384K) From: 1631K(6656K)->608K(1024K)
[502.865s][info][gc,heap        ] GC(1008) ParOldGen: 538055K(538112K)->538071K(538112K)
[502.865s][info][gc,metaspace   ] GC(1008) Metaspace: 57779K(58112K)->57779K(58112K) NonClass: 49499K(49728K)->49499K(49728K) Class: 8280K(8384K)->8280K(8384K)
[502.865s][info][gc             ] GC(1008) Pause Young (Allocation Failure) 673M->526M(667M) 2.817ms
[502.865s][info][gc,cpu         ] GC(1008) User=0.00s Sys=0.00s Real=0.01s
[503.155s][info][gc,start       ] GC(1009) Pause Young (Allocation Failure)
[503.159s][info][gc,heap        ] GC(1009) PSYoungGen: 144992K(145408K)->1663K(178688K) Eden: 144384K(144384K)->0K(172544K) From: 608K(1024K)->1663K(6144K)
[503.159s][info][gc,heap        ] GC(1009) ParOldGen: 538071K(538112K)->538087K(538112K)
[503.159s][info][gc,metaspace   ] GC(1009) Metaspace: 57779K(58112K)->57779K(58112K) NonClass: 49499K(49728K)->49499K(49728K) Class: 8280K(8384K)->8280K(8384K)
[503.159s][info][gc             ] GC(1009) Pause Young (Allocation Failure) 667M->527M(700M) 4.333ms
[503.159s][info][gc,cpu         ] GC(1009) User=0.00s Sys=0.00s Real=0.00s
[503.630s][info][gc,start       ] GC(1010) Pause Young (Allocation Failure)
[503.634s][info][gc,heap        ] GC(1010) PSYoungGen: 174207K(178688K)->1886K(180224K) Eden: 172544K(172544K)->0K(174592K) From: 1663K(6144K)->1886K(5632K)
[503.634s][info][gc,heap        ] GC(1010) ParOldGen: 538087K(538112K)->538103K(538112K)
[503.634s][info][gc,metaspace   ] GC(1010) Metaspace: 57779K(58112K)->57779K(58112K) NonClass: 49499K(49728K)->49499K(49728K) Class: 8280K(8384K)->8280K(8384K)
[503.634s][info][gc             ] GC(1010) Pause Young (Allocation Failure) 695M->527M(701M) 4.107ms
[503.634s][info][gc,cpu         ] GC(1010) User=0.01s Sys=0.00s Real=0.01s
[504.052s][info][gc,start       ] GC(1011) Pause Young (Allocation Failure)
[504.057s][info][gc,heap        ] GC(1011) PSYoungGen: 176295K(180224K)->1984K(179712K) Eden: 174408K(174592K)->0K(174592K) From: 1886K(5632K)->1984K(5120K)
[504.057s][info][gc,heap        ] GC(1011) ParOldGen: 538103K(538112K)->538119K(538624K)
[504.057s][info][gc,metaspace   ] GC(1011) Metaspace: 57779K(58112K)->57779K(58112K) NonClass: 49499K(49728K)->49499K(49728K) Class: 8280K(8384K)->8280K(8384K)
[504.057s][info][gc             ] GC(1011) Pause Young (Allocation Failure) 697M->527M(701M) 4.977ms
[504.057s][info][gc,cpu         ] GC(1011) User=0.01s Sys=0.00s Real=0.01s
[504.522s][info][gc,start       ] GC(1012) Pause Young (Allocation Failure)
[504.525s][info][gc,heap        ] GC(1012) PSYoungGen: 176576K(179712K)->896K(169472K) Eden: 174592K(174592K)->0K(168448K) From: 1984K(5120K)->896K(1024K)
[504.525s][info][gc,heap        ] GC(1012) ParOldGen: 538119K(538624K)->538135K(538624K)
[504.525s][info][gc,metaspace   ] GC(1012) Metaspace: 57779K(58112K)->57779K(58112K) NonClass: 49499K(49728K)->49499K(49728K) Class: 8280K(8384K)->8280K(8384K)
[504.525s][info][gc             ] GC(1012) Pause Young (Allocation Failure) 697M->526M(691M) 3.351ms
[504.525s][info][gc,cpu         ] GC(1012) User=0.01s Sys=0.01s Real=0.01s
[504.940s][info][gc,start       ] GC(1013) Pause Young (Allocation Failure)
[504.944s][info][gc,heap        ] GC(1013) PSYoungGen: 169344K(169472K)->1792K(205824K) Eden: 168448K(168448K)->0K(200704K) From: 896K(1024K)->1792K(5120K)
[504.944s][info][gc,heap        ] GC(1013) ParOldGen: 538135K(538624K)->538151K(538624K)
[504.944s][info][gc,metaspace   ] GC(1013) Metaspace: 57779K(58112K)->57779K(58112K) NonClass: 49499K(49728K)->49499K(49728K) Class: 8280K(8384K)->8280K(8384K)
[504.944s][info][gc             ] GC(1013) Pause Young (Allocation Failure) 690M->527M(727M) 4.828ms
[504.944s][info][gc,cpu         ] GC(1013) User=0.01s Sys=0.00s Real=0.01s
[505.453s][info][gc,start       ] GC(1014) Pause Young (Allocation Failure)
[505.457s][info][gc,heap        ] GC(1014) PSYoungGen: 202496K(205824K)->2110K(196096K) Eden: 200704K(200704K)->0K(193536K) From: 1792K(5120K)->2110K(2560K)
[505.457s][info][gc,heap        ] GC(1014) ParOldGen: 538151K(538624K)->538167K(538624K)
[505.457s][info][gc,metaspace   ] GC(1014) Metaspace: 57779K(58112K)->57779K(58112K) NonClass: 49499K(49728K)->49499K(49728K) Class: 8280K(8384K)->8280K(8384K)
[505.457s][info][gc             ] GC(1014) Pause Young (Allocation Failure) 723M->527M(717M) 4.511ms
[505.457s][info][gc,cpu         ] GC(1014) User=0.01s Sys=0.00s Real=0.01s
[505.938s][info][gc,start       ] GC(1015) Pause Young (Allocation Failure)
[505.943s][info][gc,heap        ] GC(1015) PSYoungGen: 195646K(196096K)->2079K(188928K) Eden: 193536K(193536K)->0K(186368K) From: 2110K(2560K)->2079K(2560K)
[505.943s][info][gc,heap        ] GC(1015) ParOldGen: 538167K(538624K)->538183K(538624K)
[505.943s][info][gc,metaspace   ] GC(1015) Metaspace: 57779K(58112K)->57779K(58112K) NonClass: 49499K(49728K)->49499K(49728K) Class: 8280K(8384K)->8280K(8384K)
[505.943s][info][gc             ] GC(1015) Pause Young (Allocation Failure) 716M->527M(710M) 4.957ms
[505.943s][info][gc,cpu         ] GC(1015) User=0.01s Sys=0.00s Real=0.01s
[506.428s][info][gc,start       ] GC(1016) Pause Young (Allocation Failure)
[506.433s][info][gc,heap        ] GC(1016) PSYoungGen: 188447K(188928K)->2110K(182272K) Eden: 186368K(186368K)->0K(179712K) From: 2079K(2560K)->2110K(2560K)
[506.433s][info][gc,heap        ] GC(1016) ParOldGen: 538183K(538624K)->538199K(538624K)
[506.433s][info][gc,metaspace   ] GC(1016) Metaspace: 57779K(58112K)->57779K(58112K) NonClass: 49499K(49728K)->49499K(49728K) Class: 8280K(8384K)->8280K(8384K)
[506.433s][info][gc             ] GC(1016) Pause Young (Allocation Failure) 709M->527M(704M) 4.516ms
[506.433s][info][gc,cpu         ] GC(1016) User=0.01s Sys=0.00s Real=0.00s
[506.854s][info][gc,start       ] GC(1017) Pause Young (Allocation Failure)
[506.858s][info][gc,heap        ] GC(1017) PSYoungGen: 181822K(182272K)->1886K(175616K) Eden: 179712K(179712K)->0K(173568K) From: 2110K(2560K)->1886K(2048K)
[506.858s][info][gc,heap        ] GC(1017) ParOldGen: 538199K(538624K)->538215K(538624K)
[506.858s][info][gc,metaspace   ] GC(1017) Metaspace: 57779K(58112K)->57779K(58112K) NonClass: 49499K(49728K)->49499K(49728K) Class: 8280K(8384K)->8280K(8384K)
[506.858s][info][gc             ] GC(1017) Pause Young (Allocation Failure) 703M->527M(697M) 4.064ms
[506.858s][info][gc,cpu         ] GC(1017) User=0.00s Sys=0.00s Real=0.00s
[507.323s][info][gc,start       ] GC(1018) Pause Young (Allocation Failure)
[507.327s][info][gc,heap        ] GC(1018) PSYoungGen: 175274K(175616K)->1088K(168960K) Eden: 173387K(173568K)->0K(167424K) From: 1886K(2048K)->1088K(1536K)
[507.327s][info][gc,heap        ] GC(1018) ParOldGen: 538215K(538624K)->538231K(538624K)
[507.327s][info][gc,metaspace   ] GC(1018) Metaspace: 57779K(58112K)->57779K(58112K) NonClass: 49499K(49728K)->49499K(49728K) Class: 8280K(8384K)->8280K(8384K)
[507.327s][info][gc             ] GC(1018) Pause Young (Allocation Failure) 696M->526M(691M) 3.810ms
[507.327s][info][gc,cpu         ] GC(1018) User=0.01s Sys=0.00s Real=0.00s
[507.840s][info][gc,start       ] GC(1019) Pause Young (Allocation Failure)
[507.843s][info][gc,heap        ] GC(1019) PSYoungGen: 168512K(168960K)->1791K(163840K) Eden: 167424K(167424K)->0K(161792K) From: 1088K(1536K)->1791K(2048K)
[507.843s][info][gc,heap        ] GC(1019) ParOldGen: 538231K(538624K)->538247K(538624K)
[507.843s][info][gc,metaspace   ] GC(1019) Metaspace: 57779K(58112K)->57779K(58112K) NonClass: 49499K(49728K)->49499K(49728K) Class: 8280K(8384K)->8280K(8384K)
[507.843s][info][gc             ] GC(1019) Pause Young (Allocation Failure) 690M->527M(686M) 3.957ms
[507.844s][info][gc,cpu         ] GC(1019) User=0.01s Sys=0.00s Real=0.01s
[508.239s][info][gc,start       ] GC(1020) Pause Young (Allocation Failure)
[508.245s][info][gc,heap        ] GC(1020) PSYoungGen: 163583K(163840K)->2943K(159232K) Eden: 161792K(161792K)->0K(156160K) From: 1791K(2048K)->2943K(3072K)
[508.245s][info][gc,heap        ] GC(1020) ParOldGen: 538247K(538624K)->538263K(538624K)
[508.245s][info][gc,metaspace   ] GC(1020) Metaspace: 57779K(58112K)->57779K(58112K) NonClass: 49499K(49728K)->49499K(49728K) Class: 8280K(8384K)->8280K(8384K)
[508.245s][info][gc             ] GC(1020) Pause Young (Allocation Failure) 685M->528M(681M) 5.330ms
[508.245s][info][gc,cpu         ] GC(1020) User=0.01s Sys=0.00s Real=0.01s
[508.640s][info][gc,start       ] GC(1021) Pause Young (Allocation Failure)
[508.645s][info][gc,heap        ] GC(1021) PSYoungGen: 159103K(159232K)->2240K(188416K) Eden: 156160K(156160K)->0K(185856K) From: 2943K(3072K)->2240K(2560K)
[508.645s][info][gc,heap        ] GC(1021) ParOldGen: 538263K(538624K)->538279K(538624K)
[508.645s][info][gc,metaspace   ] GC(1021) Metaspace: 57779K(58112K)->57779K(58112K) NonClass: 49499K(49728K)->49499K(49728K) Class: 8280K(8384K)->8280K(8384K)
[508.645s][info][gc             ] GC(1021) Pause Young (Allocation Failure) 681M->527M(710M) 4.959ms
[508.645s][info][gc,cpu         ] GC(1021) User=0.01s Sys=0.00s Real=0.01s
[509.126s][info][gc,start       ] GC(1022) Pause Young (Allocation Failure)
[509.130s][info][gc,heap        ] GC(1022) PSYoungGen: 188096K(188416K)->1983K(181248K) Eden: 185856K(185856K)->0K(179200K) From: 2240K(2560K)->1983K(2048K)
[509.130s][info][gc,heap        ] GC(1022) ParOldGen: 538279K(538624K)->538295K(538624K)
[509.130s][info][gc,metaspace   ] GC(1022) Metaspace: 57779K(58112K)->57779K(58112K) NonClass: 49499K(49728K)->49499K(49728K) Class: 8280K(8384K)->8280K(8384K)
[509.130s][info][gc             ] GC(1022) Pause Young (Allocation Failure) 709M->527M(703M) 4.048ms
[509.130s][info][gc,cpu         ] GC(1022) User=0.01s Sys=0.00s Real=0.00s
[509.567s][info][gc,start       ] GC(1023) Pause Young (Allocation Failure)
[509.569s][info][gc,heap        ] GC(1023) PSYoungGen: 181011K(181248K)->544K(174080K) Eden: 179028K(179200K)->0K(173056K) From: 1983K(2048K)->544K(1024K)
[509.569s][info][gc,heap        ] GC(1023) ParOldGen: 538295K(538624K)->538311K(538624K)
[509.569s][info][gc,metaspace   ] GC(1023) Metaspace: 57779K(58112K)->57779K(58112K) NonClass: 49499K(49728K)->49499K(49728K) Class: 8280K(8384K)->8280K(8384K)
[509.569s][info][gc             ] GC(1023) Pause Young (Allocation Failure) 702M->526M(696M) 2.765ms
[509.569s][info][gc,cpu         ] GC(1023) User=0.01s Sys=0.00s Real=0.00s
[510.030s][info][gc,start       ] GC(1024) Pause Young (Allocation Failure)
[510.034s][info][gc,heap        ] GC(1024) PSYoungGen: 173600K(174080K)->1216K(168448K) Eden: 173056K(173056K)->0K(166912K) From: 544K(1024K)->1216K(1536K)
[510.034s][info][gc,heap        ] GC(1024) ParOldGen: 538311K(538624K)->538327K(538624K)
[510.034s][info][gc,metaspace   ] GC(1024) Metaspace: 57779K(58112K)->57779K(58112K) NonClass: 49499K(49728K)->49499K(49728K) Class: 8280K(8384K)->8280K(8384K)
[510.034s][info][gc             ] GC(1024) Pause Young (Allocation Failure) 695M->526M(690M) 3.596ms
[510.034s][info][gc,cpu         ] GC(1024) User=0.00s Sys=0.01s Real=0.01s
[510.471s][info][gc,start       ] GC(1025) Pause Young (Allocation Failure)
[510.502s][info][gc,heap        ] GC(1025) PSYoungGen: 168128K(168448K)->2592K(189440K) Eden: 166912K(166912K)->0K(185344K) From: 1216K(1536K)->2592K(4096K)
[510.502s][info][gc,heap        ] GC(1025) ParOldGen: 538327K(538624K)->538343K(538624K)
[510.502s][info][gc,metaspace   ] GC(1025) Metaspace: 57779K(58112K)->57779K(58112K) NonClass: 49499K(49728K)->49499K(49728K) Class: 8280K(8384K)->8280K(8384K)
[510.502s][info][gc             ] GC(1025) Pause Young (Allocation Failure) 689M->528M(711M) 31.092ms
[510.502s][info][gc,cpu         ] GC(1025) User=0.02s Sys=0.00s Real=0.03s
[510.926s][info][gc,start       ] GC(1026) Pause Young (Allocation Failure)
[510.931s][info][gc,heap        ] GC(1026) PSYoungGen: 187936K(189440K)->2110K(204288K) Eden: 185344K(185344K)->0K(200192K) From: 2592K(4096K)->2110K(4096K)
[510.931s][info][gc,heap        ] GC(1026) ParOldGen: 538343K(538624K)->538359K(538624K)
[510.931s][info][gc,metaspace   ] GC(1026) Metaspace: 57779K(58112K)->57779K(58112K) NonClass: 49499K(49728K)->49499K(49728K) Class: 8280K(8384K)->8280K(8384K)
[510.931s][info][gc             ] GC(1026) Pause Young (Allocation Failure) 709M->527M(725M) 4.707ms
[510.931s][info][gc,cpu         ] GC(1026) User=0.01s Sys=0.00s Real=0.00s
[511.500s][info][gc,start       ] GC(1027) Pause Young (Allocation Failure)
[511.503s][info][gc,heap        ] GC(1027) PSYoungGen: 202302K(204288K)->959K(204288K) Eden: 200192K(200192K)->0K(200192K) From: 2110K(4096K)->959K(4096K)
[511.503s][info][gc,heap        ] GC(1027) ParOldGen: 538359K(538624K)->538375K(538624K)
[511.503s][info][gc,metaspace   ] GC(1027) Metaspace: 57779K(58112K)->57779K(58112K) NonClass: 49499K(49728K)->49499K(49728K) Class: 8280K(8384K)->8280K(8384K)
[511.503s][info][gc             ] GC(1027) Pause Young (Allocation Failure) 723M->526M(725M) 3.176ms
[511.503s][info][gc,cpu         ] GC(1027) User=0.00s Sys=0.00s Real=0.01s
[511.940s][info][gc,start       ] GC(1028) Pause Young (Allocation Failure)
[511.944s][info][gc,heap        ] GC(1028) PSYoungGen: 201151K(204288K)->1983K(242688K) Eden: 200192K(200192K)->0K(239616K) From: 959K(4096K)->1983K(3072K)
[511.944s][info][gc,heap        ] GC(1028) ParOldGen: 538375K(538624K)->538391K(538624K)
[511.944s][info][gc,metaspace   ] GC(1028) Metaspace: 57779K(58112K)->57779K(58112K) NonClass: 49499K(49728K)->49499K(49728K) Class: 8280K(8384K)->8280K(8384K)
[511.945s][info][gc             ] GC(1028) Pause Young (Allocation Failure) 722M->527M(763M) 4.831ms
[511.945s][info][gc,cpu         ] GC(1028) User=0.01s Sys=0.00s Real=0.01s
[512.563s][info][gc,start       ] GC(1029) Pause Young (Allocation Failure)
[512.568s][info][gc,heap        ] GC(1029) PSYoungGen: 241599K(242688K)->2494K(243200K) Eden: 239616K(239616K)->0K(239616K) From: 1983K(3072K)->2494K(3584K)
[512.568s][info][gc,heap        ] GC(1029) ParOldGen: 538391K(538624K)->538407K(538624K)
[512.568s][info][gc,metaspace   ] GC(1029) Metaspace: 57779K(58112K)->57779K(58112K) NonClass: 49499K(49728K)->49499K(49728K) Class: 8280K(8384K)->8280K(8384K)
[512.568s][info][gc             ] GC(1029) Pause Young (Allocation Failure) 761M->528M(763M) 5.414ms
[512.568s][info][gc,cpu         ] GC(1029) User=0.01s Sys=0.00s Real=0.01s
[513.242s][info][gc,start       ] GC(1030) Pause Young (Allocation Failure)
[513.246s][info][gc,heap        ] GC(1030) PSYoungGen: 242110K(243200K)->1728K(288256K) Eden: 239616K(239616K)->0K(285696K) From: 2494K(3584K)->1728K(2560K)
[513.246s][info][gc,heap        ] GC(1030) ParOldGen: 538407K(538624K)->538423K(538624K)
[513.246s][info][gc,metaspace   ] GC(1030) Metaspace: 57779K(58112K)->57779K(58112K) NonClass: 49499K(49728K)->49499K(49728K) Class: 8280K(8384K)->8280K(8384K)
[513.246s][info][gc             ] GC(1030) Pause Young (Allocation Failure) 762M->527M(807M) 4.784ms
[513.246s][info][gc,cpu         ] GC(1030) User=0.01s Sys=0.00s Real=0.01s
[513.914s][info][gc,start       ] GC(1031) Pause Young (Allocation Failure)
[513.916s][info][gc,heap        ] GC(1031) PSYoungGen: 287424K(288256K)->310K(274944K) Eden: 285696K(285696K)->0K(274432K) From: 1728K(2560K)->310K(512K)
[513.916s][info][gc,heap        ] GC(1031) ParOldGen: 538423K(538624K)->538439K(538624K)
[513.917s][info][gc,metaspace   ] GC(1031) Metaspace: 57779K(58112K)->57779K(58112K) NonClass: 49499K(49728K)->49499K(49728K) Class: 8280K(8384K)->8280K(8384K)
[513.917s][info][gc             ] GC(1031) Pause Young (Allocation Failure) 806M->526M(794M) 2.323ms
[513.917s][info][gc,cpu         ] GC(1031) User=0.00s Sys=0.00s Real=0.00s
[514.614s][info][gc,start       ] GC(1032) Pause Young (Allocation Failure)
[514.617s][info][gc,heap        ] GC(1032) PSYoungGen: 274742K(274944K)->477K(264192K) Eden: 274432K(274432K)->0K(263680K) From: 310K(512K)->477K(512K)
[514.617s][info][gc,heap        ] GC(1032) ParOldGen: 538439K(538624K)->538455K(538624K)
[514.617s][info][gc,metaspace   ] GC(1032) Metaspace: 57779K(58112K)->57779K(58112K) NonClass: 49499K(49728K)->49499K(49728K) Class: 8280K(8384K)->8280K(8384K)
[514.617s][info][gc             ] GC(1032) Pause Young (Allocation Failure) 794M->526M(784M) 2.637ms
[514.617s][info][gc,cpu         ] GC(1032) User=0.00s Sys=0.00s Real=0.00s
[515.247s][info][gc,start       ] GC(1033) Pause Young (Allocation Failure)
[515.251s][info][gc,heap        ] GC(1033) PSYoungGen: 263958K(264192K)->1856K(257024K) Eden: 263480K(263680K)->0K(253440K) From: 477K(512K)->1856K(3584K)
[515.251s][info][gc,heap        ] GC(1033) ParOldGen: 538455K(538624K)->538471K(538624K)
[515.251s][info][gc,metaspace   ] GC(1033) Metaspace: 57779K(58112K)->57779K(58112K) NonClass: 49499K(49728K)->49499K(49728K) Class: 8280K(8384K)->8280K(8384K)
[515.251s][info][gc             ] GC(1033) Pause Young (Allocation Failure) 783M->527M(777M) 4.427ms
[515.251s][info][gc,cpu         ] GC(1033) User=0.01s Sys=0.00s Real=0.00s
[515.923s][info][gc,start       ] GC(1034) Pause Young (Allocation Failure)
[515.927s][info][gc,heap        ] GC(1034) PSYoungGen: 255296K(257024K)->1470K(245248K) Eden: 253440K(253440K)->0K(243712K) From: 1856K(3584K)->1470K(1536K)
[515.927s][info][gc,heap        ] GC(1034) ParOldGen: 538471K(538624K)->538487K(538624K)
[515.927s][info][gc,metaspace   ] GC(1034) Metaspace: 57779K(58112K)->57779K(58112K) NonClass: 49499K(49728K)->49499K(49728K) Class: 8280K(8384K)->8280K(8384K)
[515.927s][info][gc             ] GC(1034) Pause Young (Allocation Failure) 775M->527M(765M) 3.604ms
[515.927s][info][gc,cpu         ] GC(1034) User=0.01s Sys=0.00s Real=0.00s
[516.538s][info][gc,start       ] GC(1035) Pause Young (Allocation Failure)
[516.542s][info][gc,heap        ] GC(1035) PSYoungGen: 245182K(245248K)->1280K(236032K) Eden: 243712K(243712K)->0K(234496K) From: 1470K(1536K)->1280K(1536K)
[516.542s][info][gc,heap        ] GC(1035) ParOldGen: 538487K(538624K)->538503K(538624K)
[516.542s][info][gc,metaspace   ] GC(1035) Metaspace: 57779K(58112K)->57779K(58112K) NonClass: 49499K(49728K)->49499K(49728K) Class: 8280K(8384K)->8280K(8384K)
[516.542s][info][gc             ] GC(1035) Pause Young (Allocation Failure) 765M->527M(756M) 3.581ms
[516.542s][info][gc,cpu         ] GC(1035) User=0.01s Sys=0.00s Real=0.00s
[517.136s][info][gc,start       ] GC(1036) Pause Young (Allocation Failure)
[517.141s][info][gc,heap        ] GC(1036) PSYoungGen: 235776K(236032K)->1792K(227840K) Eden: 234496K(234496K)->0K(225792K) From: 1280K(1536K)->1792K(2048K)
[517.141s][info][gc,heap        ] GC(1036) ParOldGen: 538503K(538624K)->538519K(538624K)
[517.141s][info][gc,metaspace   ] GC(1036) Metaspace: 57779K(58112K)->57779K(58112K) NonClass: 49499K(49728K)->49499K(49728K) Class: 8280K(8384K)->8280K(8384K)
[517.141s][info][gc             ] GC(1036) Pause Young (Allocation Failure) 756M->527M(748M) 4.202ms
[517.141s][info][gc,cpu         ] GC(1036) User=0.00s Sys=0.00s Real=0.00s
[517.722s][info][gc,start       ] GC(1037) Pause Young (Allocation Failure)
[517.725s][info][gc,heap        ] GC(1037) PSYoungGen: 227584K(227840K)->1087K(218624K) Eden: 225792K(225792K)->0K(217088K) From: 1792K(2048K)->1087K(1536K)
[517.725s][info][gc,heap        ] GC(1037) ParOldGen: 538519K(538624K)->538535K(538624K)
[517.725s][info][gc,metaspace   ] GC(1037) Metaspace: 57779K(58112K)->57779K(58112K) NonClass: 49499K(49728K)->49499K(49728K) Class: 8280K(8384K)->8280K(8384K)
[517.725s][info][gc             ] GC(1037) Pause Young (Allocation Failure) 748M->526M(739M) 3.265ms
[517.725s][info][gc,cpu         ] GC(1037) User=0.01s Sys=0.00s Real=0.01s
[518.272s][info][gc,start       ] GC(1038) Pause Young (Allocation Failure)
[518.275s][info][gc,heap        ] GC(1038) PSYoungGen: 217900K(218624K)->1280K(210432K) Eden: 216812K(217088K)->0K(208896K) From: 1087K(1536K)->1280K(1536K)
[518.275s][info][gc,heap        ] GC(1038) ParOldGen: 538535K(538624K)->538551K(538624K)
[518.275s][info][gc,metaspace   ] GC(1038) Metaspace: 57779K(58112K)->57779K(58112K) NonClass: 49499K(49728K)->49499K(49728K) Class: 8280K(8384K)->8280K(8384K)
[518.275s][info][gc             ] GC(1038) Pause Young (Allocation Failure) 738M->527M(731M) 3.641ms
[518.275s][info][gc,cpu         ] GC(1038) User=0.00s Sys=0.00s Real=0.01s
[518.775s][info][gc,start       ] GC(1039) Pause Young (Allocation Failure)
[518.776s][info][gc,heap        ] GC(1039) PSYoungGen: 210175K(210432K)->64K(201728K) Eden: 208895K(208896K)->0K(201216K) From: 1280K(1536K)->64K(512K)
[518.776s][info][gc,heap        ] GC(1039) ParOldGen: 538551K(538624K)->538567K(538624K)
[518.777s][info][gc,metaspace   ] GC(1039) Metaspace: 57779K(58112K)->57779K(58112K) NonClass: 49499K(49728K)->49499K(49728K) Class: 8280K(8384K)->8280K(8384K)
[518.777s][info][gc             ] GC(1039) Pause Young (Allocation Failure) 731M->526M(723M) 1.953ms
[518.777s][info][gc,cpu         ] GC(1039) User=0.01s Sys=0.00s Real=0.00s
[519.318s][info][gc,start       ] GC(1040) Pause Young (Allocation Failure)
[519.321s][info][gc,heap        ] GC(1040) PSYoungGen: 201280K(201728K)->758K(195072K) Eden: 201216K(201216K)->0K(194048K) From: 64K(512K)->758K(1024K)
[519.321s][info][gc,heap        ] GC(1040) ParOldGen: 538567K(538624K)->538583K(538624K)
[519.321s][info][gc,metaspace   ] GC(1040) Metaspace: 57779K(58112K)->57779K(58112K) NonClass: 49499K(49728K)->49499K(49728K) Class: 8280K(8384K)->8280K(8384K)
[519.321s][info][gc             ] GC(1040) Pause Young (Allocation Failure) 722M->526M(716M) 2.919ms
[519.321s][info][gc,cpu         ] GC(1040) User=0.00s Sys=0.01s Real=0.00s
[519.813s][info][gc,start       ] GC(1041) Pause Young (Allocation Failure)
[519.815s][info][gc,heap        ] GC(1041) PSYoungGen: 194806K(195072K)->256K(187392K) Eden: 194048K(194048K)->0K(186880K) From: 758K(1024K)->256K(512K)
[519.815s][info][gc,heap        ] GC(1041) ParOldGen: 538583K(538624K)->538599K(538624K)
[519.815s][info][gc,metaspace   ] GC(1041) Metaspace: 57779K(58112K)->57779K(58112K) NonClass: 49499K(49728K)->49499K(49728K) Class: 8280K(8384K)->8280K(8384K)
[519.815s][info][gc             ] GC(1041) Pause Young (Allocation Failure) 716M->526M(709M) 2.157ms
[519.815s][info][gc,cpu         ] GC(1041) User=0.00s Sys=0.00s Real=0.00s
[520.247s][info][gc,start       ] GC(1042) Pause Young (Allocation Failure)
[520.251s][info][gc,heap        ] GC(1042) PSYoungGen: 187136K(187392K)->2111K(182784K) Eden: 186880K(186880K)->0K(180224K) From: 256K(512K)->2111K(2560K)
[520.251s][info][gc,heap        ] GC(1042) ParOldGen: 538599K(538624K)->538615K(538624K)
[520.252s][info][gc,metaspace   ] GC(1042) Metaspace: 57779K(58112K)->57779K(58112K) NonClass: 49499K(49728K)->49499K(49728K) Class: 8280K(8384K)->8280K(8384K)
[520.252s][info][gc             ] GC(1042) Pause Young (Allocation Failure) 708M->528M(704M) 4.591ms
[520.252s][info][gc,cpu         ] GC(1042) User=0.01s Sys=0.00s Real=0.00s
[520.726s][info][gc,start       ] GC(1043) Pause Young (Allocation Failure)
[520.730s][info][gc,heap        ] GC(1043) PSYoungGen: 182335K(182784K)->1791K(176128K) Eden: 180224K(180224K)->0K(174080K) From: 2111K(2560K)->1791K(2048K)
[520.730s][info][gc,heap        ] GC(1043) ParOldGen: 538615K(538624K)->538631K(539136K)
[520.730s][info][gc,metaspace   ] GC(1043) Metaspace: 57779K(58112K)->57779K(58112K) NonClass: 49499K(49728K)->49499K(49728K) Class: 8280K(8384K)->8280K(8384K)
[520.730s][info][gc             ] GC(1043) Pause Young (Allocation Failure) 704M->527M(698M) 3.945ms
[520.730s][info][gc,cpu         ] GC(1043) User=0.01s Sys=0.00s Real=0.00s
[521.200s][info][gc,start       ] GC(1044) Pause Young (Allocation Failure)
[521.230s][info][gc,heap        ] GC(1044) PSYoungGen: 175871K(176128K)->2751K(211456K) Eden: 174080K(174080K)->0K(208384K) From: 1791K(2048K)->2751K(3072K)
[521.230s][info][gc,heap        ] GC(1044) ParOldGen: 538631K(539136K)->538647K(539136K)
[521.230s][info][gc,metaspace   ] GC(1044) Metaspace: 57779K(58112K)->57779K(58112K) NonClass: 49499K(49728K)->49499K(49728K) Class: 8280K(8384K)->8280K(8384K)
[521.230s][info][gc             ] GC(1044) Pause Young (Allocation Failure) 697M->528M(733M) 30.057ms
[521.230s][info][gc,cpu         ] GC(1044) User=0.02s Sys=0.00s Real=0.03s
[521.713s][info][gc,start       ] GC(1045) Pause Young (Allocation Failure)
[521.715s][info][gc,heap        ] GC(1045) PSYoungGen: 211135K(211456K)->266K(249856K) Eden: 208384K(208384K)->0K(249344K) From: 2751K(3072K)->266K(512K)
[521.715s][info][gc,heap        ] GC(1045) ParOldGen: 538647K(539136K)->538663K(539136K)
[521.715s][info][gc,metaspace   ] GC(1045) Metaspace: 57779K(58112K)->57779K(58112K) NonClass: 49499K(49728K)->49499K(49728K) Class: 8280K(8384K)->8280K(8384K)
[521.715s][info][gc             ] GC(1045) Pause Young (Allocation Failure) 732M->526M(770M) 2.382ms
[521.715s][info][gc,cpu         ] GC(1045) User=0.01s Sys=0.01s Real=0.01s
[522.332s][info][gc,start       ] GC(1046) Pause Young (Allocation Failure)
[522.336s][info][gc,heap        ] GC(1046) PSYoungGen: 249610K(249856K)->2015K(267776K) Eden: 249344K(249344K)->0K(264192K) From: 266K(512K)->2015K(3584K)
[522.336s][info][gc,heap        ] GC(1046) ParOldGen: 538663K(539136K)->538679K(539136K)
[522.336s][info][gc,metaspace   ] GC(1046) Metaspace: 57779K(58112K)->57779K(58112K) NonClass: 49499K(49728K)->49499K(49728K) Class: 8280K(8384K)->8280K(8384K)
[522.336s][info][gc             ] GC(1046) Pause Young (Allocation Failure) 769M->528M(788M) 4.207ms
[522.336s][info][gc,cpu         ] GC(1046) User=0.00s Sys=0.00s Real=0.01s
[523.013s][info][gc,start       ] GC(1047) Pause Young (Allocation Failure)
[523.015s][info][gc,heap        ] GC(1047) PSYoungGen: 266207K(267776K)->372K(267776K) Eden: 264192K(264192K)->0K(264192K) From: 2015K(3584K)->372K(3584K)
[523.015s][info][gc,heap        ] GC(1047) ParOldGen: 538679K(539136K)->538695K(539136K)
[523.015s][info][gc,metaspace   ] GC(1047) Metaspace: 57779K(58112K)->57779K(58112K) NonClass: 49499K(49728K)->49499K(49728K) Class: 8280K(8384K)->8280K(8384K)
[523.015s][info][gc             ] GC(1047) Pause Young (Allocation Failure) 786M->526M(788M) 2.244ms
[523.015s][info][gc,cpu         ] GC(1047) User=0.01s Sys=0.00s Real=0.00s
[523.725s][info][gc,start       ] GC(1048) Pause Young (Allocation Failure)
[523.736s][info][gc,heap        ] GC(1048) PSYoungGen: 264333K(267776K)->1952K(318976K) Eden: 263961K(264192K)->0K(315392K) From: 372K(3584K)->1952K(3584K)
[523.736s][info][gc,heap        ] GC(1048) ParOldGen: 538695K(539136K)->538711K(539136K)
[523.736s][info][gc,metaspace   ] GC(1048) Metaspace: 57779K(58112K)->57779K(58112K) NonClass: 49499K(49728K)->49499K(49728K) Class: 8280K(8384K)->8280K(8384K)
[523.736s][info][gc             ] GC(1048) Pause Young (Allocation Failure) 784M->527M(838M) 11.275ms
[523.736s][info][gc,cpu         ] GC(1048) User=0.01s Sys=0.01s Real=0.01s
[524.461s][info][gc,start       ] GC(1049) Pause Young (Allocation Failure)
[524.469s][info][gc,heap        ] GC(1049) PSYoungGen: 317343K(318976K)->1855K(318976K) Eden: 315391K(315392K)->0K(315392K) From: 1952K(3584K)->1855K(3584K)
[524.469s][info][gc,heap        ] GC(1049) ParOldGen: 538711K(539136K)->538727K(539136K)
[524.469s][info][gc,metaspace   ] GC(1049) Metaspace: 57781K(58112K)->57781K(58112K) NonClass: 49500K(49728K)->49500K(49728K) Class: 8280K(8384K)->8280K(8384K)
[524.469s][info][gc             ] GC(1049) Pause Young (Allocation Failure) 835M->527M(838M) 7.651ms
[524.469s][info][gc,cpu         ] GC(1049) User=0.01s Sys=0.00s Real=0.01s
[525.252s][info][gc,start       ] GC(1050) Pause Young (Allocation Failure)
[525.257s][info][gc,heap        ] GC(1050) PSYoungGen: 317247K(318976K)->2206K(330240K) Eden: 315392K(315392K)->0K(326656K) From: 1855K(3584K)->2206K(3584K)
[525.257s][info][gc,heap        ] GC(1050) ParOldGen: 538727K(539136K)->538743K(539136K)
[525.257s][info][gc,metaspace   ] GC(1050) Metaspace: 57781K(58112K)->57781K(58112K) NonClass: 49500K(49728K)->49500K(49728K) Class: 8280K(8384K)->8280K(8384K)
[525.257s][info][gc             ] GC(1050) Pause Young (Allocation Failure) 835M->528M(849M) 4.866ms
[525.257s][info][gc,cpu         ] GC(1050) User=0.01s Sys=0.00s Real=0.01s
[526.123s][info][gc,start       ] GC(1051) Pause Young (Allocation Failure)
[526.126s][info][gc,heap        ] GC(1051) PSYoungGen: 328862K(330240K)->1023K(314368K) Eden: 326656K(326656K)->0K(313344K) From: 2206K(3584K)->1023K(1024K)
[526.126s][info][gc,heap        ] GC(1051) ParOldGen: 538743K(539136K)->538759K(539136K)
[526.126s][info][gc,metaspace   ] GC(1051) Metaspace: 57781K(58112K)->57781K(58112K) NonClass: 49500K(49728K)->49500K(49728K) Class: 8280K(8384K)->8280K(8384K)
[526.126s][info][gc             ] GC(1051) Pause Young (Allocation Failure) 847M->527M(833M) 3.264ms
[526.126s][info][gc,cpu         ] GC(1051) User=0.00s Sys=0.00s Real=0.00s
[526.921s][info][gc,start       ] GC(1052) Pause Young (Allocation Failure)
[526.924s][info][gc,heap        ] GC(1052) PSYoungGen: 314367K(314368K)->896K(301568K) Eden: 313344K(313344K)->0K(300544K) From: 1023K(1024K)->896K(1024K)
[526.924s][info][gc,heap        ] GC(1052) ParOldGen: 538759K(539136K)->538775K(539136K)
[526.924s][info][gc,metaspace   ] GC(1052) Metaspace: 57781K(58112K)->57781K(58112K) NonClass: 49500K(49728K)->49500K(49728K) Class: 8280K(8384K)->8280K(8384K)
[526.924s][info][gc             ] GC(1052) Pause Young (Allocation Failure) 833M->527M(821M) 3.422ms
[526.924s][info][gc,cpu         ] GC(1052) User=0.00s Sys=0.00s Real=0.01s
[527.650s][info][gc,start       ] GC(1053) Pause Young (Allocation Failure)
[527.654s][info][gc,heap        ] GC(1053) PSYoungGen: 301440K(301568K)->1312K(290304K) Eden: 300544K(300544K)->0K(288768K) From: 896K(1024K)->1312K(1536K)
[527.654s][info][gc,heap        ] GC(1053) ParOldGen: 538775K(539136K)->538791K(539136K)
[527.654s][info][gc,metaspace   ] GC(1053) Metaspace: 57781K(58112K)->57781K(58112K) NonClass: 49500K(49728K)->49500K(49728K) Class: 8280K(8384K)->8280K(8384K)
[527.654s][info][gc             ] GC(1053) Pause Young (Allocation Failure) 820M->527M(810M) 3.674ms
[527.654s][info][gc,cpu         ] GC(1053) User=0.01s Sys=0.00s Real=0.01s
[528.573s][info][gc,start       ] GC(1054) Pause Young (Allocation Failure)
[528.577s][info][gc,heap        ] GC(1054) PSYoungGen: 290080K(290304K)->928K(278528K) Eden: 288768K(288768K)->0K(277504K) From: 1312K(1536K)->928K(1024K)
[528.577s][info][gc,heap        ] GC(1054) ParOldGen: 538791K(539136K)->538807K(539136K)
[528.577s][info][gc,metaspace   ] GC(1054) Metaspace: 57781K(58112K)->57781K(58112K) NonClass: 49500K(49728K)->49500K(49728K) Class: 8280K(8384K)->8280K(8384K)
[528.577s][info][gc             ] GC(1054) Pause Young (Allocation Failure) 809M->527M(798M) 3.336ms
[528.577s][info][gc,cpu         ] GC(1054) User=0.01s Sys=0.00s Real=0.00s
[529.229s][info][gc,start       ] GC(1055) Pause Young (Allocation Failure)
[529.233s][info][gc,heap        ] GC(1055) PSYoungGen: 278432K(278528K)->1855K(268800K) Eden: 277504K(277504K)->0K(266752K) From: 928K(1024K)->1855K(2048K)
[529.233s][info][gc,heap        ] GC(1055) ParOldGen: 538807K(539136K)->538823K(539136K)
[529.233s][info][gc,metaspace   ] GC(1055) Metaspace: 57781K(58112K)->57781K(58112K) NonClass: 49500K(49728K)->49500K(49728K) Class: 8280K(8384K)->8280K(8384K)
[529.233s][info][gc             ] GC(1055) Pause Young (Allocation Failure) 798M->528M(789M) 3.916ms
[529.233s][info][gc,cpu         ] GC(1055) User=0.01s Sys=0.00s Real=0.01s
[529.922s][info][gc,start       ] GC(1056) Pause Young (Allocation Failure)
[529.926s][info][gc,heap        ] GC(1056) PSYoungGen: 268607K(268800K)->1088K(258048K) Eden: 266752K(266752K)->0K(256512K) From: 1855K(2048K)->1088K(1536K)
[529.926s][info][gc,heap        ] GC(1056) ParOldGen: 538823K(539136K)->538839K(539136K)
[529.926s][info][gc,metaspace   ] GC(1056) Metaspace: 57781K(58112K)->57781K(58112K) NonClass: 49500K(49728K)->49500K(49728K) Class: 8280K(8384K)->8280K(8384K)
[529.926s][info][gc             ] GC(1056) Pause Young (Allocation Failure) 788M->527M(778M) 3.379ms
[529.926s][info][gc,cpu         ] GC(1056) User=0.00s Sys=0.00s Real=0.01s
[530.633s][info][gc,start       ] GC(1057) Pause Young (Allocation Failure)
[530.637s][info][gc,heap        ] GC(1057) PSYoungGen: 257332K(258048K)->1600K(248832K) Eden: 256244K(256512K)->0K(246784K) From: 1088K(1536K)->1600K(2048K)
[530.637s][info][gc,heap        ] GC(1057) ParOldGen: 538839K(539136K)->538855K(539136K)
[530.637s][info][gc,metaspace   ] GC(1057) Metaspace: 57781K(58112K)->57781K(58112K) NonClass: 49500K(49728K)->49500K(49728K) Class: 8280K(8384K)->8280K(8384K)
[530.637s][info][gc             ] GC(1057) Pause Young (Allocation Failure) 777M->527M(769M) 4.258ms
[530.637s][info][gc,cpu         ] GC(1057) User=0.01s Sys=0.00s Real=0.01s
[531.214s][info][gc,start       ] GC(1058) Pause Young (Allocation Failure)
[531.217s][info][gc,heap        ] GC(1058) PSYoungGen: 248384K(248832K)->479K(238080K) Eden: 246784K(246784K)->0K(237568K) From: 1600K(2048K)->479K(512K)
[531.217s][info][gc,heap        ] GC(1058) ParOldGen: 538855K(539136K)->538871K(539136K)
[531.217s][info][gc,metaspace   ] GC(1058) Metaspace: 57781K(58112K)->57781K(58112K) NonClass: 49500K(49728K)->49500K(49728K) Class: 8280K(8384K)->8280K(8384K)
[531.217s][info][gc             ] GC(1058) Pause Young (Allocation Failure) 768M->526M(759M) 2.666ms
[531.217s][info][gc,cpu         ] GC(1058) User=0.01s Sys=0.00s Real=0.00s
[531.818s][info][gc,start       ] GC(1059) Pause Young (Allocation Failure)
[531.821s][info][gc,heap        ] GC(1059) PSYoungGen: 238047K(238080K)->883K(231424K) Eden: 237568K(237568K)->0K(228352K) From: 479K(512K)->883K(3072K)
[531.821s][info][gc,heap        ] GC(1059) ParOldGen: 538871K(539136K)->538887K(539136K)
[531.821s][info][gc,metaspace   ] GC(1059) Metaspace: 57781K(58112K)->57781K(58112K) NonClass: 49500K(49728K)->49500K(49728K) Class: 8280K(8384K)->8280K(8384K)
[531.821s][info][gc             ] GC(1059) Pause Young (Allocation Failure) 758M->527M(752M) 2.772ms
[531.821s][info][gc,cpu         ] GC(1059) User=0.01s Sys=0.00s Real=0.00s
[532.352s][info][gc,start       ] GC(1060) Pause Young (Allocation Failure)
[532.355s][info][gc,heap        ] GC(1060) PSYoungGen: 229235K(231424K)->1152K(221184K) Eden: 228352K(228352K)->0K(219648K) From: 883K(3072K)->1152K(1536K)
[532.355s][info][gc,heap        ] GC(1060) ParOldGen: 538887K(539136K)->538903K(539136K)
[532.355s][info][gc,metaspace   ] GC(1060) Metaspace: 57781K(58112K)->57781K(58112K) NonClass: 49500K(49728K)->49500K(49728K) Class: 8280K(8384K)->8280K(8384K)
[532.355s][info][gc             ] GC(1060) Pause Young (Allocation Failure) 750M->527M(742M) 3.527ms
[532.355s][info][gc,cpu         ] GC(1060) User=0.01s Sys=0.00s Real=0.01s
[532.934s][info][gc,start       ] GC(1061) Pause Young (Allocation Failure)
[532.939s][info][gc,heap        ] GC(1061) PSYoungGen: 220800K(221184K)->1824K(213504K) Eden: 219648K(219648K)->0K(211456K) From: 1152K(1536K)->1824K(2048K)
[532.939s][info][gc,heap        ] GC(1061) ParOldGen: 538903K(539136K)->538919K(539136K)
[532.939s][info][gc,metaspace   ] GC(1061) Metaspace: 57781K(58112K)->57781K(58112K) NonClass: 49500K(49728K)->49500K(49728K) Class: 8280K(8384K)->8280K(8384K)
[532.939s][info][gc             ] GC(1061) Pause Young (Allocation Failure) 741M->528M(735M) 4.430ms
[532.939s][info][gc,cpu         ] GC(1061) User=0.01s Sys=0.00s Real=0.00s
[533.457s][info][gc,start       ] GC(1062) Pause Young (Allocation Failure)
[533.461s][info][gc,heap        ] GC(1062) PSYoungGen: 213097K(213504K)->1056K(205312K) Eden: 211273K(211456K)->0K(203776K) From: 1824K(2048K)->1056K(1536K)
[533.461s][info][gc,heap        ] GC(1062) ParOldGen: 538919K(539136K)->538935K(539136K)
[533.461s][info][gc,metaspace   ] GC(1062) Metaspace: 57781K(58112K)->57781K(58112K) NonClass: 49500K(49728K)->49500K(49728K) Class: 8280K(8384K)->8280K(8384K)
[533.461s][info][gc             ] GC(1062) Pause Young (Allocation Failure) 734M->527M(727M) 3.317ms
[533.461s][info][gc,cpu         ] GC(1062) User=0.01s Sys=0.00s Real=0.00s
[534.064s][info][gc,start       ] GC(1063) Pause Young (Allocation Failure)
[534.066s][info][gc,heap        ] GC(1063) PSYoungGen: 204832K(205312K)->489K(197120K) Eden: 203776K(203776K)->0K(196608K) From: 1056K(1536K)->489K(512K)
[534.066s][info][gc,heap        ] GC(1063) ParOldGen: 538935K(539136K)->538951K(539136K)
[534.066s][info][gc,metaspace   ] GC(1063) Metaspace: 57781K(58112K)->57781K(58112K) NonClass: 49500K(49728K)->49500K(49728K) Class: 8280K(8384K)->8280K(8384K)
[534.066s][info][gc             ] GC(1063) Pause Young (Allocation Failure) 726M->526M(719M) 2.461ms
[534.066s][info][gc,cpu         ] GC(1063) User=0.01s Sys=0.00s Real=0.00s
[534.513s][info][gc,start       ] GC(1064) Pause Young (Allocation Failure)
[534.516s][info][gc,heap        ] GC(1064) PSYoungGen: 197097K(197120K)->582K(190464K) Eden: 196608K(196608K)->0K(189440K) From: 489K(512K)->582K(1024K)
[534.516s][info][gc,heap        ] GC(1064) ParOldGen: 538951K(539136K)->538967K(539136K)
[534.516s][info][gc,metaspace   ] GC(1064) Metaspace: 57781K(58112K)->57781K(58112K) NonClass: 49500K(49728K)->49500K(49728K) Class: 8280K(8384K)->8280K(8384K)
[534.516s][info][gc             ] GC(1064) Pause Young (Allocation Failure) 718M->526M(712M) 2.459ms
[534.516s][info][gc,cpu         ] GC(1064) User=0.01s Sys=0.00s Real=0.00s
[534.951s][info][gc,start       ] GC(1065) Pause Young (Allocation Failure)
[534.955s][info][gc,heap        ] GC(1065) PSYoungGen: 190022K(190464K)->1567K(184832K) Eden: 189439K(189440K)->0K(182784K) From: 582K(1024K)->1567K(2048K)
[534.955s][info][gc,heap        ] GC(1065) ParOldGen: 538967K(539136K)->538983K(539136K)
[534.955s][info][gc,metaspace   ] GC(1065) Metaspace: 57781K(58112K)->57781K(58112K) NonClass: 49500K(49728K)->49500K(49728K) Class: 8280K(8384K)->8280K(8384K)
[534.955s][info][gc             ] GC(1065) Pause Young (Allocation Failure) 711M->527M(707M) 3.623ms
[534.955s][info][gc,cpu         ] GC(1065) User=0.00s Sys=0.00s Real=0.01s
[535.441s][info][gc,start       ] GC(1066) Pause Young (Allocation Failure)
[535.445s][info][gc,heap        ] GC(1066) PSYoungGen: 184351K(184832K)->1631K(178176K) Eden: 182784K(182784K)->0K(176128K) From: 1567K(2048K)->1631K(2048K)
[535.445s][info][gc,heap        ] GC(1066) ParOldGen: 538983K(539136K)->538999K(539136K)
[535.445s][info][gc,metaspace   ] GC(1066) Metaspace: 57781K(58112K)->57781K(58112K) NonClass: 49500K(49728K)->49500K(49728K) Class: 8280K(8384K)->8280K(8384K)
[535.445s][info][gc             ] GC(1066) Pause Young (Allocation Failure) 706M->527M(700M) 3.650ms
[535.445s][info][gc,cpu         ] GC(1066) User=0.01s Sys=0.00s Real=0.01s
[536.773s][info][gc,start       ] GC(1067) Pause Young (Allocation Failure)
[536.813s][info][gc,heap        ] GC(1067) PSYoungGen: 149299K(178176K)->64K(210944K) Eden: 147667K(176128K)->0K(210432K) From: 1631K(2048K)->64K(512K)
[536.814s][info][gc,heap        ] GC(1067) ParOldGen: 538999K(539136K)->578077K(578560K)
[536.814s][info][gc,metaspace   ] GC(1067) Metaspace: 57787K(58112K)->57787K(58112K) NonClass: 49506K(49728K)->49506K(49728K) Class: 8280K(8384K)->8280K(8384K)
[536.814s][info][gc             ] GC(1067) Pause Young (Allocation Failure) 672M->564M(771M) 40.240ms
[536.814s][info][gc,cpu         ] GC(1067) User=0.05s Sys=0.02s Real=0.04s
[538.127s][info][gc,start       ] GC(1068) Pause Young (Allocation Failure)
[538.180s][info][gc,heap        ] GC(1068) PSYoungGen: 210496K(210944K)->3064K(254976K) Eden: 210432K(210432K)->0K(251904K) From: 64K(512K)->3064K(3072K)
[538.181s][info][gc,heap        ] GC(1068) ParOldGen: 578077K(578560K)->637846K(637952K)
[538.181s][info][gc,metaspace   ] GC(1068) Metaspace: 57846K(58240K)->57846K(58240K) NonClass: 49566K(49856K)->49566K(49856K) Class: 8280K(8384K)->8280K(8384K)
[538.181s][info][gc             ] GC(1068) Pause Young (Allocation Failure) 770M->625M(872M) 53.360ms
[538.181s][info][gc,cpu         ] GC(1068) User=0.07s Sys=0.03s Real=0.05s
[538.732s][info][gc,start       ] GC(1069) Pause Full (Allocation Failure)
[538.732s][info][gc,phases,start] GC(1069) Marking Phase
[538.771s][info][gc,phases      ] GC(1069) Marking Phase 39.012ms
[538.771s][info][gc,phases,start] GC(1069) Summary Phase
[538.771s][info][gc,phases      ] GC(1069) Summary Phase 0.024ms
[538.771s][info][gc,phases,start] GC(1069) Forward
[538.778s][info][gc,phases      ] GC(1069) Forward 6.665ms
[538.778s][info][gc,phases,start] GC(1069) Adjust Pointers
[538.800s][info][gc,phases      ] GC(1069) Adjust Pointers 22.528ms
[538.800s][info][gc,phases,start] GC(1069) Compaction Phase
[538.820s][info][gc,phases      ] GC(1069) Compaction Phase 19.911ms
[538.821s][info][gc,phases,start] GC(1069) Post Compact
[538.823s][info][gc,phases      ] GC(1069) Post Compact 2.697ms
[538.844s][info][gc,heap        ] GC(1069) PSYoungGen: 254968K(254976K)->0K(284160K) Eden: 251904K(251904K)->0K(258560K) From: 3064K(3072K)->0K(25600K)
[538.844s][info][gc,heap        ] GC(1069) ParOldGen: 637846K(637952K)->285004K(388096K)
[538.844s][info][gc,metaspace   ] GC(1069) Metaspace: 57846K(58240K)->57846K(58240K) NonClass: 49566K(49856K)->49566K(49856K) Class: 8280K(8384K)->8280K(8384K)
[538.844s][info][gc             ] GC(1069) Pause Full (Allocation Failure) 871M->278M(656M) 112.336ms
[538.844s][info][gc,cpu         ] GC(1069) User=0.15s Sys=0.02s Real=0.12s
[539.417s][info][gc,start       ] GC(1070) Pause Young (Allocation Failure)
[539.420s][info][gc,heap        ] GC(1070) PSYoungGen: 258288K(284160K)->832K(307200K) Eden: 258288K(258560K)->0K(282624K) From: 0K(25600K)->832K(24576K)
[539.420s][info][gc,heap        ] GC(1070) ParOldGen: 285004K(388096K)->285004K(388096K)
[539.420s][info][gc,metaspace   ] GC(1070) Metaspace: 57846K(58240K)->57846K(58240K) NonClass: 49566K(49856K)->49566K(49856K) Class: 8280K(8384K)->8280K(8384K)
[539.420s][info][gc             ] GC(1070) Pause Young (Allocation Failure) 530M->279M(679M) 2.481ms
[539.420s][info][gc,cpu         ] GC(1070) User=0.00s Sys=0.00s Real=0.00s
[540.128s][info][gc,start       ] GC(1071) Pause Young (Allocation Failure)
[540.132s][info][gc,heap        ] GC(1071) PSYoungGen: 283456K(307200K)->1567K(307712K) Eden: 282624K(282624K)->0K(282624K) From: 832K(24576K)->1567K(25088K)
[540.132s][info][gc,heap        ] GC(1071) ParOldGen: 285004K(388096K)->285292K(388096K)
[540.132s][info][gc,metaspace   ] GC(1071) Metaspace: 57846K(58240K)->57846K(58240K) NonClass: 49566K(49856K)->49566K(49856K) Class: 8280K(8384K)->8280K(8384K)
[540.132s][info][gc             ] GC(1071) Pause Young (Allocation Failure) 555M->280M(679M) 3.348ms
[540.132s][info][gc,cpu         ] GC(1071) User=0.01s Sys=0.00s Real=0.00s
[540.834s][info][gc,start       ] GC(1072) Pause Young (Allocation Failure)
[540.839s][info][gc,heap        ] GC(1072) PSYoungGen: 284191K(307712K)->2590K(307200K) Eden: 282624K(282624K)->0K(284672K) From: 1567K(25088K)->2590K(22528K)
[540.839s][info][gc,heap        ] GC(1072) ParOldGen: 285292K(388096K)->285308K(388096K)
[540.839s][info][gc,metaspace   ] GC(1072) Metaspace: 57846K(58240K)->57846K(58240K) NonClass: 49566K(49856K)->49566K(49856K) Class: 8280K(8384K)->8280K(8384K)
[540.839s][info][gc             ] GC(1072) Pause Young (Allocation Failure) 556M->281M(679M) 4.670ms
[540.839s][info][gc,cpu         ] GC(1072) User=0.01s Sys=0.00s Real=0.00s
[541.584s][info][gc,start       ] GC(1073) Pause Young (Allocation Failure)
[541.589s][info][gc,heap        ] GC(1073) PSYoungGen: 287126K(307200K)->2240K(275968K) Eden: 284536K(284672K)->0K(273408K) From: 2590K(22528K)->2240K(2560K)
[541.589s][info][gc,heap        ] GC(1073) ParOldGen: 285308K(388096K)->285324K(388096K)
[541.589s][info][gc,metaspace   ] GC(1073) Metaspace: 57846K(58240K)->57846K(58240K) NonClass: 49566K(49856K)->49566K(49856K) Class: 8280K(8384K)->8280K(8384K)
[541.589s][info][gc             ] GC(1073) Pause Young (Allocation Failure) 559M->280M(648M) 4.404ms
[541.589s][info][gc,cpu         ] GC(1073) User=0.01s Sys=0.00s Real=0.00s
[542.242s][info][gc,start       ] GC(1074) Pause Young (Allocation Failure)
[542.247s][info][gc,heap        ] GC(1074) PSYoungGen: 275648K(275968K)->1952K(271360K) Eden: 273408K(273408K)->0K(262656K) From: 2240K(2560K)->1952K(8704K)
[542.247s][info][gc,heap        ] GC(1074) ParOldGen: 285324K(388096K)->285340K(388096K)
[542.247s][info][gc,metaspace   ] GC(1074) Metaspace: 57846K(58240K)->57846K(58240K) NonClass: 49566K(49856K)->49566K(49856K) Class: 8280K(8384K)->8280K(8384K)
[542.247s][info][gc             ] GC(1074) Pause Young (Allocation Failure) 547M->280M(644M) 4.483ms
[542.247s][info][gc,cpu         ] GC(1074) User=0.01s Sys=0.00s Real=0.01s
[542.927s][info][gc,start       ] GC(1075) Pause Young (Allocation Failure)
[542.931s][info][gc,heap        ] GC(1075) PSYoungGen: 264608K(271360K)->1631K(254464K) Eden: 262656K(262656K)->0K(252416K) From: 1952K(8704K)->1631K(2048K)
[542.931s][info][gc,heap        ] GC(1075) ParOldGen: 285340K(388096K)->285356K(388096K)
[542.931s][info][gc,metaspace   ] GC(1075) Metaspace: 57846K(58240K)->57846K(58240K) NonClass: 49566K(49856K)->49566K(49856K) Class: 8280K(8384K)->8280K(8384K)
[542.931s][info][gc             ] GC(1075) Pause Young (Allocation Failure) 537M->280M(627M) 3.727ms
[542.931s][info][gc,cpu         ] GC(1075) User=0.01s Sys=0.00s Real=0.00s
[543.547s][info][gc,start       ] GC(1076) Pause Young (Allocation Failure)
[543.552s][info][gc,heap        ] GC(1076) PSYoungGen: 254047K(254464K)->2175K(247808K) Eden: 252416K(252416K)->0K(242688K) From: 1631K(2048K)->2175K(5120K)
[543.552s][info][gc,heap        ] GC(1076) ParOldGen: 285356K(388096K)->285372K(388096K)
[543.552s][info][gc,metaspace   ] GC(1076) Metaspace: 57846K(58240K)->57846K(58240K) NonClass: 49566K(49856K)->49566K(49856K) Class: 8280K(8384K)->8280K(8384K)
[543.552s][info][gc             ] GC(1076) Pause Young (Allocation Failure) 526M->280M(621M) 4.747ms
[543.552s][info][gc,cpu         ] GC(1076) User=0.01s Sys=0.01s Real=0.00s
[544.162s][info][gc,start       ] GC(1077) Pause Young (Allocation Failure)
[544.164s][info][gc,heap        ] GC(1077) PSYoungGen: 244863K(247808K)->832K(234496K) Eden: 242688K(242688K)->0K(233472K) From: 2175K(5120K)->832K(1024K)
[544.164s][info][gc,heap        ] GC(1077) ParOldGen: 285372K(388096K)->285388K(388096K)
[544.164s][info][gc,metaspace   ] GC(1077) Metaspace: 57846K(58240K)->57846K(58240K) NonClass: 49566K(49856K)->49566K(49856K) Class: 8280K(8384K)->8280K(8384K)
[544.164s][info][gc             ] GC(1077) Pause Young (Allocation Failure) 517M->279M(608M) 2.790ms
[544.165s][info][gc,cpu         ] GC(1077) User=0.01s Sys=0.00s Real=0.01s
[544.749s][info][gc,start       ] GC(1078) Pause Young (Allocation Failure)
[544.754s][info][gc,heap        ] GC(1078) PSYoungGen: 234304K(234496K)->1535K(226304K) Eden: 233472K(233472K)->0K(224768K) From: 832K(1024K)->1535K(1536K)
[544.754s][info][gc,heap        ] GC(1078) ParOldGen: 285388K(388096K)->285404K(388096K)
[544.754s][info][gc,metaspace   ] GC(1078) Metaspace: 57846K(58240K)->57846K(58240K) NonClass: 49566K(49856K)->49566K(49856K) Class: 8280K(8384K)->8280K(8384K)
[544.754s][info][gc             ] GC(1078) Pause Young (Allocation Failure) 507M->280M(600M) 4.104ms
[544.754s][info][gc,cpu         ] GC(1078) User=0.01s Sys=0.00s Real=0.01s
[545.335s][info][gc,start       ] GC(1079) Pause Young (Allocation Failure)
[545.339s][info][gc,heap        ] GC(1079) PSYoungGen: 226303K(226304K)->2591K(233472K) Eden: 224768K(224768K)->0K(216576K) From: 1535K(1536K)->2591K(16896K)
[545.339s][info][gc,heap        ] GC(1079) ParOldGen: 285404K(388096K)->285420K(388096K)
[545.339s][info][gc,metaspace   ] GC(1079) Metaspace: 57846K(58240K)->57846K(58240K) NonClass: 49566K(49856K)->49566K(49856K) Class: 8280K(8384K)->8280K(8384K)
[545.339s][info][gc             ] GC(1079) Pause Young (Allocation Failure) 499M->281M(607M) 4.603ms
[545.339s][info][gc,cpu         ] GC(1079) User=0.01s Sys=0.00s Real=0.00s
[545.942s][info][gc,start       ] GC(1080) Pause Young (Allocation Failure)
[545.952s][info][gc,heap        ] GC(1080) PSYoungGen: 219167K(233472K)->1273K(209920K) Eden: 216576K(216576K)->0K(208384K) From: 2591K(16896K)->1273K(1536K)
[545.952s][info][gc,heap        ] GC(1080) ParOldGen: 285420K(388096K)->285436K(388096K)
[545.952s][info][gc,metaspace   ] GC(1080) Metaspace: 57846K(58240K)->57846K(58240K) NonClass: 49566K(49856K)->49566K(49856K) Class: 8280K(8384K)->8280K(8384K)
[545.952s][info][gc             ] GC(1080) Pause Young (Allocation Failure) 492M->279M(584M) 10.627ms
[545.952s][info][gc,cpu         ] GC(1080) User=0.00s Sys=0.00s Real=0.01s
[546.434s][info][gc,start       ] GC(1081) Pause Young (Allocation Failure)
[546.439s][info][gc,heap        ] GC(1081) PSYoungGen: 209657K(209920K)->1312K(216064K) Eden: 208384K(208384K)->0K(200704K) From: 1273K(1536K)->1312K(15360K)
[546.439s][info][gc,heap        ] GC(1081) ParOldGen: 285436K(388096K)->285452K(388096K)
[546.439s][info][gc,metaspace   ] GC(1081) Metaspace: 57846K(58240K)->57846K(58240K) NonClass: 49566K(49856K)->49566K(49856K) Class: 8280K(8384K)->8280K(8384K)
[546.440s][info][gc             ] GC(1081) Pause Young (Allocation Failure) 483M->280M(590M) 5.288ms
[546.440s][info][gc,cpu         ] GC(1081) User=0.01s Sys=0.00s Real=0.00s
[546.939s][info][gc,start       ] GC(1082) Pause Young (Allocation Failure)
[546.943s][info][gc,heap        ] GC(1082) PSYoungGen: 202016K(216064K)->1440K(195072K) Eden: 200704K(200704K)->0K(193536K) From: 1312K(15360K)->1440K(1536K)
[546.943s][info][gc,heap        ] GC(1082) ParOldGen: 285452K(388096K)->285468K(388096K)
[546.943s][info][gc,metaspace   ] GC(1082) Metaspace: 57846K(58240K)->57846K(58240K) NonClass: 49566K(49856K)->49566K(49856K) Class: 8280K(8384K)->8280K(8384K)
[546.943s][info][gc             ] GC(1082) Pause Young (Allocation Failure) 476M->280M(569M) 4.135ms
[546.943s][info][gc,cpu         ] GC(1082) User=0.00s Sys=0.00s Real=0.01s
[547.431s][info][gc,start       ] GC(1083) Pause Young (Allocation Failure)
[547.435s][info][gc,heap        ] GC(1083) PSYoungGen: 194976K(195072K)->2239K(200704K) Eden: 193536K(193536K)->0K(186880K) From: 1440K(1536K)->2239K(13824K)
[547.435s][info][gc,heap        ] GC(1083) ParOldGen: 285468K(388096K)->285484K(388096K)
[547.435s][info][gc,metaspace   ] GC(1083) Metaspace: 57846K(58240K)->57846K(58240K) NonClass: 49566K(49856K)->49566K(49856K) Class: 8280K(8384K)->8280K(8384K)
[547.435s][info][gc             ] GC(1083) Pause Young (Allocation Failure) 469M->280M(575M) 3.962ms
[547.435s][info][gc,cpu         ] GC(1083) User=0.01s Sys=0.00s Real=0.01s
[547.925s][info][gc,start       ] GC(1084) Pause Young (Allocation Failure)
[547.928s][info][gc,heap        ] GC(1084) PSYoungGen: 189119K(200704K)->927K(181248K) Eden: 186880K(186880K)->0K(180224K) From: 2239K(13824K)->927K(1024K)
[547.928s][info][gc,heap        ] GC(1084) ParOldGen: 285484K(388096K)->285500K(388096K)
[547.928s][info][gc,metaspace   ] GC(1084) Metaspace: 57846K(58240K)->57846K(58240K) NonClass: 49566K(49856K)->49566K(49856K) Class: 8280K(8384K)->8280K(8384K)
[547.928s][info][gc             ] GC(1084) Pause Young (Allocation Failure) 463M->279M(556M) 2.911ms
[547.928s][info][gc,cpu         ] GC(1084) User=0.00s Sys=0.00s Real=0.00s
[548.356s][info][gc,start       ] GC(1085) Pause Young (Allocation Failure)
[548.358s][info][gc,heap        ] GC(1085) PSYoungGen: 181053K(181248K)->576K(186368K) Eden: 180126K(180224K)->0K(174080K) From: 927K(1024K)->576K(12288K)
[548.358s][info][gc,heap        ] GC(1085) ParOldGen: 285500K(388096K)->285516K(388096K)
[548.358s][info][gc,metaspace   ] GC(1085) Metaspace: 57846K(58240K)->57846K(58240K) NonClass: 49566K(49856K)->49566K(49856K) Class: 8280K(8384K)->8280K(8384K)
[548.358s][info][gc             ] GC(1085) Pause Young (Allocation Failure) 455M->279M(561M) 2.242ms
[548.359s][info][gc,cpu         ] GC(1085) User=0.00s Sys=0.00s Real=0.00s
[548.867s][info][gc,start       ] GC(1086) Pause Young (Allocation Failure)
[548.871s][info][gc,heap        ] GC(1086) PSYoungGen: 174656K(186368K)->1599K(169984K) Eden: 174080K(174080K)->0K(167936K) From: 576K(12288K)->1599K(2048K)
[548.871s][info][gc,heap        ] GC(1086) ParOldGen: 285516K(388096K)->285532K(388096K)
[548.871s][info][gc,metaspace   ] GC(1086) Metaspace: 57846K(58240K)->57846K(58240K) NonClass: 49566K(49856K)->49566K(49856K) Class: 8280K(8384K)->8280K(8384K)
[548.871s][info][gc             ] GC(1086) Pause Young (Allocation Failure) 449M->280M(545M) 3.653ms
[548.871s][info][gc,cpu         ] GC(1086) User=0.00s Sys=0.00s Real=0.00s
[549.246s][info][gc,start       ] GC(1087) Pause Young (Allocation Failure)
[549.250s][info][gc,heap        ] GC(1087) PSYoungGen: 169535K(169984K)->1856K(164352K) Eden: 167936K(167936K)->0K(162304K) From: 1599K(2048K)->1856K(2048K)
[549.250s][info][gc,heap        ] GC(1087) ParOldGen: 285532K(388096K)->285548K(388096K)
[549.250s][info][gc,metaspace   ] GC(1087) Metaspace: 57846K(58240K)->57846K(58240K) NonClass: 49566K(49856K)->49566K(49856K) Class: 8280K(8384K)->8280K(8384K)
[549.250s][info][gc             ] GC(1087) Pause Young (Allocation Failure) 444M->280M(539M) 3.968ms
[549.250s][info][gc,cpu         ] GC(1087) User=0.01s Sys=0.00s Real=0.00s
[549.657s][info][gc,start       ] GC(1088) Pause Young (Allocation Failure)
[549.660s][info][gc,heap        ] GC(1088) PSYoungGen: 163951K(164352K)->800K(157696K) Eden: 162095K(162304K)->0K(156672K) From: 1856K(2048K)->800K(1024K)
[549.660s][info][gc,heap        ] GC(1088) ParOldGen: 285548K(388096K)->285564K(388096K)
[549.660s][info][gc,metaspace   ] GC(1088) Metaspace: 57846K(58240K)->57846K(58240K) NonClass: 49566K(49856K)->49566K(49856K) Class: 8280K(8384K)->8280K(8384K)
[549.660s][info][gc             ] GC(1088) Pause Young (Allocation Failure) 438M->279M(533M) 3.054ms
[549.660s][info][gc,cpu         ] GC(1088) User=0.00s Sys=0.00s Real=0.00s
[550.108s][info][gc,start       ] GC(1089) Pause Young (Allocation Failure)
[550.111s][info][gc,heap        ] GC(1089) PSYoungGen: 157398K(157696K)->1024K(161280K) Eden: 156598K(156672K)->0K(151552K) From: 800K(1024K)->1024K(9728K)
[550.111s][info][gc,heap        ] GC(1089) ParOldGen: 285564K(388096K)->285580K(388096K)
[550.111s][info][gc,metaspace   ] GC(1089) Metaspace: 57846K(58240K)->57846K(58240K) NonClass: 49566K(49856K)->49566K(49856K) Class: 8280K(8384K)->8280K(8384K)
[550.111s][info][gc             ] GC(1089) Pause Young (Allocation Failure) 432M->279M(536M) 2.742ms
[550.111s][info][gc,cpu         ] GC(1089) User=0.00s Sys=0.00s Real=0.00s
[550.444s][info][gc,start       ] GC(1090) Pause Young (Allocation Failure)
[550.448s][info][gc,heap        ] GC(1090) PSYoungGen: 152500K(161280K)->2080K(148992K) Eden: 151476K(151552K)->0K(146432K) From: 1024K(9728K)->2080K(2560K)
[550.448s][info][gc,heap        ] GC(1090) ParOldGen: 285580K(388096K)->285596K(388096K)
[550.448s][info][gc,metaspace   ] GC(1090) Metaspace: 57846K(58240K)->57846K(58240K) NonClass: 49566K(49856K)->49566K(49856K) Class: 8280K(8384K)->8280K(8384K)
[550.449s][info][gc             ] GC(1090) Pause Young (Allocation Failure) 427M->280M(524M) 4.622ms
[550.449s][info][gc,cpu         ] GC(1090) User=0.01s Sys=0.01s Real=0.00s
[550.830s][info][gc,start       ] GC(1091) Pause Young (Allocation Failure)
[550.834s][info][gc,heap        ] GC(1091) PSYoungGen: 148512K(148992K)->2143K(144384K) Eden: 146432K(146432K)->0K(141824K) From: 2080K(2560K)->2143K(2560K)
[550.834s][info][gc,heap        ] GC(1091) ParOldGen: 285596K(388096K)->285612K(388096K)
[550.834s][info][gc,metaspace   ] GC(1091) Metaspace: 57846K(58240K)->57846K(58240K) NonClass: 49566K(49856K)->49566K(49856K) Class: 8280K(8384K)->8280K(8384K)
[550.834s][info][gc             ] GC(1091) Pause Young (Allocation Failure) 423M->281M(520M) 3.961ms
[550.834s][info][gc,cpu         ] GC(1091) User=0.01s Sys=0.00s Real=0.01s
[551.218s][info][gc,start       ] GC(1092) Pause Young (Allocation Failure)
[551.221s][info][gc,heap        ] GC(1092) PSYoungGen: 143899K(144384K)->384K(137728K) Eden: 141756K(141824K)->0K(137216K) From: 2143K(2560K)->384K(512K)
[551.221s][info][gc,heap        ] GC(1092) ParOldGen: 285612K(388096K)->285628K(388096K)
[551.221s][info][gc,metaspace   ] GC(1092) Metaspace: 57846K(58240K)->57846K(58240K) NonClass: 49566K(49856K)->49566K(49856K) Class: 8280K(8384K)->8280K(8384K)
[551.221s][info][gc             ] GC(1092) Pause Young (Allocation Failure) 419M->279M(513M) 2.533ms
[551.221s][info][gc,cpu         ] GC(1092) User=0.00s Sys=0.00s Real=0.00s
[551.541s][info][gc,start       ] GC(1093) Pause Young (Allocation Failure)
[551.543s][info][gc,heap        ] GC(1093) PSYoungGen: 137600K(137728K)->992K(140800K) Eden: 137216K(137216K)->0K(133120K) From: 384K(512K)->992K(7680K)
[551.543s][info][gc,heap        ] GC(1093) ParOldGen: 285628K(388096K)->285644K(388096K)
[551.543s][info][gc,metaspace   ] GC(1093) Metaspace: 57846K(58240K)->57846K(58240K) NonClass: 49566K(49856K)->49566K(49856K) Class: 8280K(8384K)->8280K(8384K)
[551.543s][info][gc             ] GC(1093) Pause Young (Allocation Failure) 413M->279M(516M) 2.635ms
[551.543s][info][gc,cpu         ] GC(1093) User=0.00s Sys=0.00s Real=0.01s
[551.912s][info][gc,start       ] GC(1094) Pause Young (Allocation Failure)
[551.914s][info][gc,heap        ] GC(1094) PSYoungGen: 134112K(140800K)->241K(129536K) Eden: 133120K(133120K)->0K(129024K) From: 992K(7680K)->241K(512K)
[551.914s][info][gc,heap        ] GC(1094) ParOldGen: 285644K(388096K)->285660K(388096K)
[551.914s][info][gc,metaspace   ] GC(1094) Metaspace: 57846K(58240K)->57846K(58240K) NonClass: 49566K(49856K)->49566K(49856K) Class: 8280K(8384K)->8280K(8384K)
[551.914s][info][gc             ] GC(1094) Pause Young (Allocation Failure) 409M->279M(505M) 1.995ms
[551.914s][info][gc,cpu         ] GC(1094) User=0.00s Sys=0.00s Real=0.01s
[552.225s][info][gc,start       ] GC(1095) Pause Young (Allocation Failure)
[552.227s][info][gc,heap        ] GC(1095) PSYoungGen: 129265K(129536K)->704K(132096K) Eden: 129024K(129024K)->0K(124928K) From: 241K(512K)->704K(7168K)
[552.227s][info][gc,heap        ] GC(1095) ParOldGen: 285660K(388096K)->285676K(388096K)
[552.227s][info][gc,metaspace   ] GC(1095) Metaspace: 57846K(58240K)->57846K(58240K) NonClass: 49566K(49856K)->49566K(49856K) Class: 8280K(8384K)->8280K(8384K)
[552.227s][info][gc             ] GC(1095) Pause Young (Allocation Failure) 405M->279M(508M) 2.288ms
[552.227s][info][gc,cpu         ] GC(1095) User=0.00s Sys=0.00s Real=0.00s
[552.530s][info][gc,start       ] GC(1096) Pause Young (Allocation Failure)
[552.534s][info][gc,heap        ] GC(1096) PSYoungGen: 125632K(132096K)->2111K(123904K) Eden: 124928K(124928K)->0K(121344K) From: 704K(7168K)->2111K(2560K)
[552.534s][info][gc,heap        ] GC(1096) ParOldGen: 285676K(388096K)->285692K(388096K)
[552.534s][info][gc,metaspace   ] GC(1096) Metaspace: 57846K(58240K)->57846K(58240K) NonClass: 49566K(49856K)->49566K(49856K) Class: 8280K(8384K)->8280K(8384K)
[552.534s][info][gc             ] GC(1096) Pause Young (Allocation Failure) 401M->281M(500M) 4.167ms
[552.534s][info][gc,cpu         ] GC(1096) User=0.01s Sys=0.00s Real=0.01s
[552.873s][info][gc,start       ] GC(1097) Pause Young (Allocation Failure)
[552.876s][info][gc,heap        ] GC(1097) PSYoungGen: 123455K(123904K)->1824K(119808K) Eden: 121344K(121344K)->0K(117760K) From: 2111K(2560K)->1824K(2048K)
[552.876s][info][gc,heap        ] GC(1097) ParOldGen: 285692K(388096K)->285708K(388096K)
[552.876s][info][gc,metaspace   ] GC(1097) Metaspace: 57846K(58240K)->57846K(58240K) NonClass: 49566K(49856K)->49566K(49856K) Class: 8280K(8384K)->8280K(8384K)
[552.876s][info][gc             ] GC(1097) Pause Young (Allocation Failure) 399M->280M(496M) 3.867ms
[552.877s][info][gc,cpu         ] GC(1097) User=0.00s Sys=0.00s Real=0.01s
[553.140s][info][gc,start       ] GC(1098) Pause Young (Allocation Failure)
[553.144s][info][gc,heap        ] GC(1098) PSYoungGen: 119584K(119808K)->1759K(116224K) Eden: 117760K(117760K)->0K(114176K) From: 1824K(2048K)->1759K(2048K)
[553.144s][info][gc,heap        ] GC(1098) ParOldGen: 285708K(388096K)->285724K(388096K)
[553.144s][info][gc,metaspace   ] GC(1098) Metaspace: 57846K(58240K)->57846K(58240K) NonClass: 49566K(49856K)->49566K(49856K) Class: 8280K(8384K)->8280K(8384K)
[553.144s][info][gc             ] GC(1098) Pause Young (Allocation Failure) 395M->280M(492M) 3.595ms
[553.144s][info][gc,cpu         ] GC(1098) User=0.01s Sys=0.00s Real=0.01s
[553.435s][info][gc,start       ] GC(1099) Pause Young (Allocation Failure)
[553.439s][info][gc,heap        ] GC(1099) PSYoungGen: 115670K(116224K)->1760K(138240K) Eden: 113911K(114176K)->0K(136192K) From: 1759K(2048K)->1760K(2048K)
[553.439s][info][gc,heap        ] GC(1099) ParOldGen: 285724K(388096K)->285740K(388096K)
[553.439s][info][gc,metaspace   ] GC(1099) Metaspace: 57846K(58240K)->57846K(58240K) NonClass: 49566K(49856K)->49566K(49856K) Class: 8280K(8384K)->8280K(8384K)
[553.439s][info][gc             ] GC(1099) Pause Young (Allocation Failure) 391M->280M(514M) 3.802ms
[553.439s][info][gc,cpu         ] GC(1099) User=0.00s Sys=0.00s Real=0.00s
[553.809s][info][gc,start       ] GC(1100) Pause Young (Allocation Failure)
[553.834s][info][gc,heap        ] GC(1100) PSYoungGen: 137851K(138240K)->928K(156672K) Eden: 136091K(136192K)->0K(151552K) From: 1760K(2048K)->928K(5120K)
[553.834s][info][gc,heap        ] GC(1100) ParOldGen: 285740K(388096K)->285756K(388096K)
[553.834s][info][gc,metaspace   ] GC(1100) Metaspace: 57846K(58240K)->57846K(58240K) NonClass: 49566K(49856K)->49566K(49856K) Class: 8280K(8384K)->8280K(8384K)
[553.834s][info][gc             ] GC(1100) Pause Young (Allocation Failure) 413M->279M(532M) 24.285ms
[553.834s][info][gc,cpu         ] GC(1100) User=0.02s Sys=0.00s Real=0.03s
[554.147s][info][gc,start       ] GC(1101) Pause Young (Allocation Failure)
[554.151s][info][gc,heap        ] GC(1101) PSYoungGen: 152480K(156672K)->2303K(156672K) Eden: 151552K(151552K)->0K(151552K) From: 928K(5120K)->2303K(5120K)
[554.151s][info][gc,heap        ] GC(1101) ParOldGen: 285756K(388096K)->285772K(388096K)
[554.151s][info][gc,metaspace   ] GC(1101) Metaspace: 57846K(58240K)->57846K(58240K) NonClass: 49566K(49856K)->49566K(49856K) Class: 8280K(8384K)->8280K(8384K)
[554.151s][info][gc             ] GC(1101) Pause Young (Allocation Failure) 427M->281M(532M) 3.963ms
[554.151s][info][gc,cpu         ] GC(1101) User=0.00s Sys=0.00s Real=0.00s
[554.540s][info][gc,start       ] GC(1102) Pause Young (Allocation Failure)
[554.545s][info][gc,heap        ] GC(1102) PSYoungGen: 153855K(156672K)->2654K(186880K) Eden: 151552K(151552K)->0K(181760K) From: 2303K(5120K)->2654K(5120K)
[554.545s][info][gc,heap        ] GC(1102) ParOldGen: 285772K(388096K)->285788K(388096K)
[554.545s][info][gc,metaspace   ] GC(1102) Metaspace: 57846K(58240K)->57846K(58240K) NonClass: 49566K(49856K)->49566K(49856K) Class: 8280K(8384K)->8280K(8384K)
[554.545s][info][gc             ] GC(1102) Pause Young (Allocation Failure) 429M->281M(561M) 4.966ms
[554.545s][info][gc,cpu         ] GC(1102) User=0.01s Sys=0.00s Real=0.01s
[555.035s][info][gc,start       ] GC(1103) Pause Young (Allocation Failure)
[555.038s][info][gc,heap        ] GC(1103) PSYoungGen: 184414K(186880K)->992K(186880K) Eden: 181760K(181760K)->0K(181760K) From: 2654K(5120K)->992K(5120K)
[555.038s][info][gc,heap        ] GC(1103) ParOldGen: 285788K(388096K)->285804K(388096K)
[555.038s][info][gc,metaspace   ] GC(1103) Metaspace: 57846K(58240K)->57846K(58240K) NonClass: 49566K(49856K)->49566K(49856K) Class: 8280K(8384K)->8280K(8384K)
[555.038s][info][gc             ] GC(1103) Pause Young (Allocation Failure) 459M->280M(561M) 2.921ms
[555.038s][info][gc,cpu         ] GC(1103) User=0.01s Sys=0.00s Real=0.00s
[555.454s][info][gc,start       ] GC(1104) Pause Young (Allocation Failure)
[555.458s][info][gc,heap        ] GC(1104) PSYoungGen: 182752K(186880K)->1694K(221184K) Eden: 181760K(181760K)->0K(217088K) From: 992K(5120K)->1694K(4096K)
[555.458s][info][gc,heap        ] GC(1104) ParOldGen: 285804K(388096K)->285820K(388096K)
[555.458s][info][gc,metaspace   ] GC(1104) Metaspace: 57846K(58240K)->57846K(58240K) NonClass: 49566K(49856K)->49566K(49856K) Class: 8280K(8384K)->8280K(8384K)
[555.458s][info][gc             ] GC(1104) Pause Young (Allocation Failure) 457M->280M(595M) 3.533ms
[555.458s][info][gc,cpu         ] GC(1104) User=0.01s Sys=0.00s Real=0.00s
[556.064s][info][gc,start       ] GC(1105) Pause Young (Allocation Failure)
[556.067s][info][gc,heap        ] GC(1105) PSYoungGen: 218782K(221184K)->1022K(221696K) Eden: 217088K(217088K)->0K(217088K) From: 1694K(4096K)->1022K(4608K)
[556.067s][info][gc,heap        ] GC(1105) ParOldGen: 285820K(388096K)->285836K(388096K)
[556.067s][info][gc,metaspace   ] GC(1105) Metaspace: 57846K(58240K)->57846K(58240K) NonClass: 49566K(49856K)->49566K(49856K) Class: 8280K(8384K)->8280K(8384K)
[556.067s][info][gc             ] GC(1105) Pause Young (Allocation Failure) 492M->280M(595M) 2.440ms
[556.067s][info][gc,cpu         ] GC(1105) User=0.00s Sys=0.00s Real=0.00s
[556.557s][info][gc,start       ] GC(1106) Pause Young (Allocation Failure)
[556.561s][info][gc,heap        ] GC(1106) PSYoungGen: 218110K(221696K)->1599K(262144K) Eden: 217088K(217088K)->0K(258560K) From: 1022K(4608K)->1599K(3584K)
[556.561s][info][gc,heap        ] GC(1106) ParOldGen: 285836K(388096K)->285852K(388096K)
[556.561s][info][gc,metaspace   ] GC(1106) Metaspace: 57846K(58240K)->57846K(58240K) NonClass: 49566K(49856K)->49566K(49856K) Class: 8280K(8384K)->8280K(8384K)
[556.561s][info][gc             ] GC(1106) Pause Young (Allocation Failure) 492M->280M(635M) 3.659ms
[556.561s][info][gc,cpu         ] GC(1106) User=0.00s Sys=0.00s Real=0.00s
[557.325s][info][gc,start       ] GC(1107) Pause Young (Allocation Failure)
[557.329s][info][gc,heap        ] GC(1107) PSYoungGen: 260159K(262144K)->1568K(250880K) Eden: 258560K(258560K)->0K(248832K) From: 1599K(3584K)->1568K(2048K)
[557.329s][info][gc,heap        ] GC(1107) ParOldGen: 285852K(388096K)->285868K(388096K)
[557.329s][info][gc,metaspace   ] GC(1107) Metaspace: 57846K(58240K)->57846K(58240K) NonClass: 49566K(49856K)->49566K(49856K) Class: 8280K(8384K)->8280K(8384K)
[557.329s][info][gc             ] GC(1107) Pause Young (Allocation Failure) 533M->280M(624M) 4.004ms
[557.329s][info][gc,cpu         ] GC(1107) User=0.01s Sys=0.00s Real=0.00s
[557.856s][info][gc,start       ] GC(1108) Pause Young (Allocation Failure)
[557.860s][info][gc,heap        ] GC(1108) PSYoungGen: 250400K(250880K)->1854K(241152K) Eden: 248832K(248832K)->0K(239104K) From: 1568K(2048K)->1854K(2048K)
[557.860s][info][gc,heap        ] GC(1108) ParOldGen: 285868K(388096K)->285884K(388096K)
[557.860s][info][gc,metaspace   ] GC(1108) Metaspace: 57846K(58240K)->57846K(58240K) NonClass: 49566K(49856K)->49566K(49856K) Class: 8280K(8384K)->8280K(8384K)
[557.860s][info][gc             ] GC(1108) Pause Young (Allocation Failure) 523M->280M(614M) 3.975ms
[557.860s][info][gc,cpu         ] GC(1108) User=0.01s Sys=0.00s Real=0.00s
[558.457s][info][gc,start       ] GC(1109) Pause Young (Allocation Failure)
[558.459s][info][gc,heap        ] GC(1109) PSYoungGen: 240905K(241152K)->800K(230912K) Eden: 239051K(239104K)->0K(229888K) From: 1854K(2048K)->800K(1024K)
[558.459s][info][gc,heap        ] GC(1109) ParOldGen: 285884K(388096K)->285900K(388096K)
[558.459s][info][gc,metaspace   ] GC(1109) Metaspace: 57846K(58240K)->57846K(58240K) NonClass: 49566K(49856K)->49566K(49856K) Class: 8280K(8384K)->8280K(8384K)
[558.459s][info][gc             ] GC(1109) Pause Young (Allocation Failure) 514M->279M(604M) 2.590ms
[558.459s][info][gc,cpu         ] GC(1109) User=0.00s Sys=0.00s Real=0.00s
[559.047s][info][gc,start       ] GC(1110) Pause Young (Allocation Failure)
[559.051s][info][gc,heap        ] GC(1110) PSYoungGen: 230508K(230912K)->1952K(223232K) Eden: 229708K(229888K)->0K(221184K) From: 800K(1024K)->1952K(2048K)
[559.051s][info][gc,heap        ] GC(1110) ParOldGen: 285900K(388096K)->285916K(388096K)
[559.051s][info][gc,metaspace   ] GC(1110) Metaspace: 57846K(58240K)->57846K(58240K) NonClass: 49566K(49856K)->49566K(49856K) Class: 8280K(8384K)->8280K(8384K)
[559.051s][info][gc             ] GC(1110) Pause Young (Allocation Failure) 504M->281M(597M) 4.199ms
[559.051s][info][gc,cpu         ] GC(1110) User=0.01s Sys=0.00s Real=0.00s
[559.633s][info][gc,start       ] GC(1111) Pause Young (Allocation Failure)
[559.635s][info][gc,heap        ] GC(1111) PSYoungGen: 223136K(223232K)->671K(214016K) Eden: 221184K(221184K)->0K(212992K) From: 1952K(2048K)->671K(1024K)
[559.635s][info][gc,heap        ] GC(1111) ParOldGen: 285916K(388096K)->285932K(388096K)
[559.635s][info][gc,metaspace   ] GC(1111) Metaspace: 57846K(58240K)->57846K(58240K) NonClass: 49566K(49856K)->49566K(49856K) Class: 8280K(8384K)->8280K(8384K)
[559.635s][info][gc             ] GC(1111) Pause Young (Allocation Failure) 497M->279M(588M) 2.146ms
[559.635s][info][gc,cpu         ] GC(1111) User=0.00s Sys=0.00s Real=0.00s
[560.150s][info][gc,start       ] GC(1112) Pause Young (Allocation Failure)
[560.155s][info][gc,heap        ] GC(1112) PSYoungGen: 213663K(214016K)->2015K(207360K) Eden: 212992K(212992K)->0K(205312K) From: 671K(1024K)->2015K(2048K)
[560.155s][info][gc,heap        ] GC(1112) ParOldGen: 285932K(388096K)->285948K(388096K)
[560.155s][info][gc,metaspace   ] GC(1112) Metaspace: 57846K(58240K)->57846K(58240K) NonClass: 49566K(49856K)->49566K(49856K) Class: 8280K(8384K)->8280K(8384K)
[560.155s][info][gc             ] GC(1112) Pause Young (Allocation Failure) 487M->281M(581M) 5.639ms
[560.155s][info][gc,cpu         ] GC(1112) User=0.01s Sys=0.00s Real=0.01s
[560.714s][info][gc,start       ] GC(1113) Pause Young (Allocation Failure)
[560.716s][info][gc,heap        ] GC(1113) PSYoungGen: 207327K(207360K)->340K(198144K) Eden: 205312K(205312K)->0K(197632K) From: 2015K(2048K)->340K(512K)
[560.716s][info][gc,heap        ] GC(1113) ParOldGen: 285948K(388096K)->285964K(388096K)
[560.716s][info][gc,metaspace   ] GC(1113) Metaspace: 57846K(58240K)->57846K(58240K) NonClass: 49566K(49856K)->49566K(49856K) Class: 8280K(8384K)->8280K(8384K)
[560.716s][info][gc             ] GC(1113) Pause Young (Allocation Failure) 481M->279M(572M) 1.943ms
[560.716s][info][gc,cpu         ] GC(1113) User=0.00s Sys=0.00s Real=0.00s
[561.214s][info][gc,start       ] GC(1114) Pause Young (Allocation Failure)
[561.216s][info][gc,heap        ] GC(1114) PSYoungGen: 197972K(198144K)->610K(191488K) Eden: 197632K(197632K)->0K(190464K) From: 340K(512K)->610K(1024K)
[561.216s][info][gc,heap        ] GC(1114) ParOldGen: 285964K(388096K)->285980K(388096K)
[561.216s][info][gc,metaspace   ] GC(1114) Metaspace: 57846K(58240K)->57846K(58240K) NonClass: 49566K(49856K)->49566K(49856K) Class: 8280K(8384K)->8280K(8384K)
[561.216s][info][gc             ] GC(1114) Pause Young (Allocation Failure) 472M->279M(566M) 2.184ms
[561.216s][info][gc,cpu         ] GC(1114) User=0.00s Sys=0.00s Real=0.00s
[561.666s][info][gc,start       ] GC(1115) Pause Young (Allocation Failure)
[561.669s][info][gc,heap        ] GC(1115) PSYoungGen: 190975K(191488K)->640K(184832K) Eden: 190365K(190464K)->0K(183808K) From: 610K(1024K)->640K(1024K)
[561.669s][info][gc,heap        ] GC(1115) ParOldGen: 285980K(388096K)->285996K(388096K)
[561.669s][info][gc,metaspace   ] GC(1115) Metaspace: 57846K(58240K)->57846K(58240K) NonClass: 49566K(49856K)->49566K(49856K) Class: 8280K(8384K)->8280K(8384K)
[561.669s][info][gc             ] GC(1115) Pause Young (Allocation Failure) 465M->279M(559M) 2.295ms
[561.669s][info][gc,cpu         ] GC(1115) User=0.00s Sys=0.00s Real=0.00s
[562.138s][info][gc,start       ] GC(1116) Pause Young (Allocation Failure)
[562.142s][info][gc,heap        ] GC(1116) PSYoungGen: 184410K(184832K)->1952K(179200K) Eden: 183770K(183808K)->0K(177152K) From: 640K(1024K)->1952K(2048K)
[562.142s][info][gc,heap        ] GC(1116) ParOldGen: 285996K(388096K)->286012K(388096K)
[562.142s][info][gc,metaspace   ] GC(1116) Metaspace: 57846K(58240K)->57846K(58240K) NonClass: 49566K(49856K)->49566K(49856K) Class: 8280K(8384K)->8280K(8384K)
[562.142s][info][gc             ] GC(1116) Pause Young (Allocation Failure) 459M->281M(554M) 3.997ms
[562.142s][info][gc,cpu         ] GC(1116) User=0.01s Sys=0.00s Real=0.00s
[562.616s][info][gc,start       ] GC(1117) Pause Young (Allocation Failure)
[562.618s][info][gc,heap        ] GC(1117) PSYoungGen: 179104K(179200K)->575K(172032K) Eden: 177152K(177152K)->0K(171008K) From: 1952K(2048K)->575K(1024K)
[562.618s][info][gc,heap        ] GC(1117) ParOldGen: 286012K(388096K)->286028K(388096K)
[562.618s][info][gc,metaspace   ] GC(1117) Metaspace: 57846K(58240K)->57846K(58240K) NonClass: 49566K(49856K)->49566K(49856K) Class: 8280K(8384K)->8280K(8384K)
[562.618s][info][gc             ] GC(1117) Pause Young (Allocation Failure) 454M->279M(547M) 2.165ms
[562.618s][info][gc,cpu         ] GC(1117) User=0.01s Sys=0.00s Real=0.00s
[563.028s][info][gc,start       ] GC(1118) Pause Young (Allocation Failure)
[563.032s][info][gc,heap        ] GC(1118) PSYoungGen: 171583K(172032K)->1695K(167424K) Eden: 171008K(171008K)->0K(165376K) From: 575K(1024K)->1695K(2048K)
[563.032s][info][gc,heap        ] GC(1118) ParOldGen: 286028K(388096K)->286044K(388096K)
[563.032s][info][gc,metaspace   ] GC(1118) Metaspace: 57846K(58240K)->57846K(58240K) NonClass: 49566K(49856K)->49566K(49856K) Class: 8280K(8384K)->8280K(8384K)
[563.032s][info][gc             ] GC(1118) Pause Young (Allocation Failure) 446M->280M(542M) 3.395ms
[563.032s][info][gc,cpu         ] GC(1118) User=0.00s Sys=0.00s Real=0.00s
[563.441s][info][gc,start       ] GC(1119) Pause Young (Allocation Failure)
[563.447s][info][gc,heap        ] GC(1119) PSYoungGen: 167050K(167424K)->2143K(162304K) Eden: 165355K(165376K)->0K(159744K) From: 1695K(2048K)->2143K(2560K)
[563.447s][info][gc,heap        ] GC(1119) ParOldGen: 286044K(388096K)->286060K(388096K)
[563.447s][info][gc,metaspace   ] GC(1119) Metaspace: 57846K(58240K)->57846K(58240K) NonClass: 49566K(49856K)->49566K(49856K) Class: 8280K(8384K)->8280K(8384K)
[563.447s][info][gc             ] GC(1119) Pause Young (Allocation Failure) 442M->281M(537M) 5.133ms
[563.447s][info][gc,cpu         ] GC(1119) User=0.00s Sys=0.00s Real=0.01s
[563.839s][info][gc,start       ] GC(1120) Pause Young (Allocation Failure)
[563.844s][info][gc,heap        ] GC(1120) PSYoungGen: 161887K(162304K)->2623K(157696K) Eden: 159744K(159744K)->0K(154624K) From: 2143K(2560K)->2623K(3072K)
[563.844s][info][gc,heap        ] GC(1120) ParOldGen: 286060K(388096K)->286076K(388096K)
[563.844s][info][gc,metaspace   ] GC(1120) Metaspace: 57846K(58240K)->57846K(58240K) NonClass: 49566K(49856K)->49566K(49856K) Class: 8280K(8384K)->8280K(8384K)
[563.844s][info][gc             ] GC(1120) Pause Young (Allocation Failure) 437M->281M(533M) 4.405ms
[563.844s][info][gc,cpu         ] GC(1120) User=0.01s Sys=0.00s Real=0.01s
[564.241s][info][gc,start       ] GC(1121) Pause Young (Allocation Failure)
[564.246s][info][gc,heap        ] GC(1121) PSYoungGen: 157247K(157696K)->2975K(152576K) Eden: 154624K(154624K)->0K(149504K) From: 2623K(3072K)->2975K(3072K)
[564.246s][info][gc,heap        ] GC(1121) ParOldGen: 286076K(388096K)->286092K(388096K)
[564.246s][info][gc,metaspace   ] GC(1121) Metaspace: 57846K(58240K)->57846K(58240K) NonClass: 49566K(49856K)->49566K(49856K) Class: 8280K(8384K)->8280K(8384K)
[564.246s][info][gc             ] GC(1121) Pause Young (Allocation Failure) 432M->282M(528M) 5.186ms
[564.246s][info][gc,cpu         ] GC(1121) User=0.00s Sys=0.00s Real=0.01s
[564.636s][info][gc,start       ] GC(1122) Pause Young (Allocation Failure)
[564.640s][info][gc,heap        ] GC(1122) PSYoungGen: 152479K(152576K)->1887K(146432K) Eden: 149504K(149504K)->0K(144384K) From: 2975K(3072K)->1887K(2048K)
[564.640s][info][gc,heap        ] GC(1122) ParOldGen: 286092K(388096K)->286108K(388096K)
[564.640s][info][gc,metaspace   ] GC(1122) Metaspace: 57846K(58240K)->57846K(58240K) NonClass: 49566K(49856K)->49566K(49856K) Class: 8280K(8384K)->8280K(8384K)
[564.640s][info][gc             ] GC(1122) Pause Young (Allocation Failure) 428M->281M(522M) 3.453ms
[564.640s][info][gc,cpu         ] GC(1122) User=0.01s Sys=0.00s Real=0.00s
[565.022s][info][gc,start       ] GC(1123) Pause Young (Allocation Failure)
[565.025s][info][gc,heap        ] GC(1123) PSYoungGen: 146271K(146432K)->1119K(141312K) Eden: 144384K(144384K)->0K(139776K) From: 1887K(2048K)->1119K(1536K)
[565.025s][info][gc,heap        ] GC(1123) ParOldGen: 286108K(388096K)->286124K(388096K)
[565.025s][info][gc,metaspace   ] GC(1123) Metaspace: 57846K(58240K)->57846K(58240K) NonClass: 49566K(49856K)->49566K(49856K) Class: 8280K(8384K)->8280K(8384K)
[565.025s][info][gc             ] GC(1123) Pause Young (Allocation Failure) 422M->280M(517M) 2.483ms
[565.025s][info][gc,cpu         ] GC(1123) User=0.01s Sys=0.00s Real=0.01s
[565.350s][info][gc,start       ] GC(1124) Pause Young (Allocation Failure)
[565.354s][info][gc,heap        ] GC(1124) PSYoungGen: 140895K(141312K)->1983K(137216K) Eden: 139776K(139776K)->0K(135168K) From: 1119K(1536K)->1983K(2048K)
[565.354s][info][gc,heap        ] GC(1124) ParOldGen: 286124K(388096K)->286140K(388096K)
[565.354s][info][gc,metaspace   ] GC(1124) Metaspace: 57846K(58240K)->57846K(58240K) NonClass: 49566K(49856K)->49566K(49856K) Class: 8280K(8384K)->8280K(8384K)
[565.354s][info][gc             ] GC(1124) Pause Young (Allocation Failure) 417M->281M(513M) 3.718ms
[565.354s][info][gc,cpu         ] GC(1124) User=0.01s Sys=0.00s Real=0.01s
[565.724s][info][gc,start       ] GC(1125) Pause Young (Allocation Failure)
[565.727s][info][gc,heap        ] GC(1125) PSYoungGen: 137151K(137216K)->1279K(132608K) Eden: 135168K(135168K)->0K(131072K) From: 1983K(2048K)->1279K(1536K)
[565.727s][info][gc,heap        ] GC(1125) ParOldGen: 286140K(388096K)->286156K(388096K)
[565.727s][info][gc,metaspace   ] GC(1125) Metaspace: 57846K(58240K)->57846K(58240K) NonClass: 49566K(49856K)->49566K(49856K) Class: 8280K(8384K)->8280K(8384K)
[565.727s][info][gc             ] GC(1125) Pause Young (Allocation Failure) 413M->280M(508M) 2.814ms
[565.727s][info][gc,cpu         ] GC(1125) User=0.01s Sys=0.00s Real=0.00s
[566.037s][info][gc,start       ] GC(1126) Pause Young (Allocation Failure)
[566.041s][info][gc,heap        ] GC(1126) PSYoungGen: 132351K(132608K)->1919K(129024K) Eden: 131072K(131072K)->0K(126976K) From: 1279K(1536K)->1919K(2048K)
[566.041s][info][gc,heap        ] GC(1126) ParOldGen: 286156K(388096K)->286172K(388096K)
[566.041s][info][gc,metaspace   ] GC(1126) Metaspace: 57846K(58240K)->57846K(58240K) NonClass: 49566K(49856K)->49566K(49856K) Class: 8280K(8384K)->8280K(8384K)
[566.041s][info][gc             ] GC(1126) Pause Young (Allocation Failure) 408M->281M(505M) 3.641ms
[566.041s][info][gc,cpu         ] GC(1126) User=0.00s Sys=0.00s Real=0.00s
[566.358s][info][gc,start       ] GC(1127) Pause Young (Allocation Failure)
[566.361s][info][gc,heap        ] GC(1127) PSYoungGen: 128716K(129024K)->1375K(124416K) Eden: 126796K(126976K)->0K(122880K) From: 1919K(2048K)->1375K(1536K)
[566.361s][info][gc,heap        ] GC(1127) ParOldGen: 286172K(388096K)->286188K(388096K)
[566.361s][info][gc,metaspace   ] GC(1127) Metaspace: 57846K(58240K)->57846K(58240K) NonClass: 49566K(49856K)->49566K(49856K) Class: 8280K(8384K)->8280K(8384K)
[566.361s][info][gc             ] GC(1127) Pause Young (Allocation Failure) 405M->280M(500M) 2.970ms
[566.361s][info][gc,cpu         ] GC(1127) User=0.01s Sys=0.00s Real=0.00s
[566.712s][info][gc,start       ] GC(1128) Pause Young (Allocation Failure)
[566.714s][info][gc,heap        ] GC(1128) PSYoungGen: 124255K(124416K)->160K(119808K) Eden: 122880K(122880K)->0K(119296K) From: 1375K(1536K)->160K(512K)
[566.714s][info][gc,heap        ] GC(1128) ParOldGen: 286188K(388096K)->286204K(388096K)
[566.714s][info][gc,metaspace   ] GC(1128) Metaspace: 57846K(58240K)->57846K(58240K) NonClass: 49566K(49856K)->49566K(49856K) Class: 8280K(8384K)->8280K(8384K)
[566.714s][info][gc             ] GC(1128) Pause Young (Allocation Failure) 400M->279M(496M) 1.877ms
[566.714s][info][gc,cpu         ] GC(1128) User=0.00s Sys=0.00s Real=0.01s
[567.015s][info][gc,start       ] GC(1129) Pause Young (Allocation Failure)
[567.017s][info][gc,heap        ] GC(1129) PSYoungGen: 119456K(119808K)->532K(119296K) Eden: 119296K(119296K)->0K(115712K) From: 160K(512K)->532K(3584K)
[567.017s][info][gc,heap        ] GC(1129) ParOldGen: 286204K(388096K)->286220K(388096K)
[567.017s][info][gc,metaspace   ] GC(1129) Metaspace: 57846K(58240K)->57846K(58240K) NonClass: 49566K(49856K)->49566K(49856K) Class: 8280K(8384K)->8280K(8384K)
[567.017s][info][gc             ] GC(1129) Pause Young (Allocation Failure) 396M->280M(495M) 1.743ms
[567.017s][info][gc,cpu         ] GC(1129) User=0.00s Sys=0.00s Real=0.00s
[567.347s][info][gc,start       ] GC(1130) Pause Young (Allocation Failure)
[567.349s][info][gc,heap        ] GC(1130) PSYoungGen: 116244K(119296K)->767K(113152K) Eden: 115712K(115712K)->0K(112128K) From: 532K(3584K)->767K(1024K)
[567.349s][info][gc,heap        ] GC(1130) ParOldGen: 286220K(388096K)->286236K(388096K)
[567.349s][info][gc,metaspace   ] GC(1130) Metaspace: 57846K(58240K)->57846K(58240K) NonClass: 49566K(49856K)->49566K(49856K) Class: 8280K(8384K)->8280K(8384K)
[567.349s][info][gc             ] GC(1130) Pause Young (Allocation Failure) 393M->280M(489M) 2.253ms
[567.349s][info][gc,cpu         ] GC(1130) User=0.00s Sys=0.00s Real=0.00s
[567.558s][info][gc,start       ] GC(1131) Pause Young (Allocation Failure)
[567.560s][info][gc,heap        ] GC(1131) PSYoungGen: 112895K(113152K)->799K(110080K) Eden: 112128K(112128K)->0K(109056K) From: 767K(1024K)->799K(1024K)
[567.560s][info][gc,heap        ] GC(1131) ParOldGen: 286236K(388096K)->286252K(388096K)
[567.560s][info][gc,metaspace   ] GC(1131) Metaspace: 57846K(58240K)->57846K(58240K) NonClass: 49566K(49856K)->49566K(49856K) Class: 8280K(8384K)->8280K(8384K)
[567.560s][info][gc             ] GC(1131) Pause Young (Allocation Failure) 389M->280M(486M) 2.140ms
[567.560s][info][gc,cpu         ] GC(1131) User=0.00s Sys=0.00s Real=0.00s
[567.843s][info][gc,start       ] GC(1132) Pause Young (Allocation Failure)
[567.847s][info][gc,heap        ] GC(1132) PSYoungGen: 109855K(110080K)->2016K(108032K) Eden: 109056K(109056K)->0K(105984K) From: 799K(1024K)->2016K(2048K)
[567.847s][info][gc,heap        ] GC(1132) ParOldGen: 286252K(388096K)->286268K(388096K)
[567.847s][info][gc,metaspace   ] GC(1132) Metaspace: 57846K(58240K)->57846K(58240K) NonClass: 49566K(49856K)->49566K(49856K) Class: 8280K(8384K)->8280K(8384K)
[567.847s][info][gc             ] GC(1132) Pause Young (Allocation Failure) 386M->281M(484M) 4.067ms
[567.847s][info][gc,cpu         ] GC(1132) User=0.01s Sys=0.00s Real=0.00s
[568.250s][info][gc,start       ] GC(1133) Pause Young (Allocation Failure)
[568.258s][info][gc,heap        ] GC(1133) PSYoungGen: 108000K(108032K)->2015K(129024K) Eden: 105984K(105984K)->0K(126976K) From: 2016K(2048K)->2015K(2048K)
[568.258s][info][gc,heap        ] GC(1133) ParOldGen: 286268K(388096K)->286284K(388096K)
[568.258s][info][gc,metaspace   ] GC(1133) Metaspace: 57846K(58240K)->57846K(58240K) NonClass: 49566K(49856K)->49566K(49856K) Class: 8280K(8384K)->8280K(8384K)
[568.258s][info][gc             ] GC(1133) Pause Young (Allocation Failure) 385M->281M(505M) 8.514ms
[568.258s][info][gc,cpu         ] GC(1133) User=0.01s Sys=0.01s Real=0.01s
[568.537s][info][gc,start       ] GC(1134) Pause Young (Allocation Failure)
[568.541s][info][gc,heap        ] GC(1134) PSYoungGen: 128991K(129024K)->2271K(154112K) Eden: 126976K(126976K)->0K(151552K) From: 2015K(2048K)->2271K(2560K)
[568.541s][info][gc,heap        ] GC(1134) ParOldGen: 286284K(388096K)->286300K(388096K)
[568.541s][info][gc,metaspace   ] GC(1134) Metaspace: 57846K(58240K)->57846K(58240K) NonClass: 49566K(49856K)->49566K(49856K) Class: 8280K(8384K)->8280K(8384K)
[568.541s][info][gc             ] GC(1134) Pause Young (Allocation Failure) 405M->281M(529M) 4.614ms
[568.541s][info][gc,cpu         ] GC(1134) User=0.01s Sys=0.00s Real=0.00s
[568.938s][info][gc,start       ] GC(1135) Pause Young (Allocation Failure)
[568.942s][info][gc,heap        ] GC(1135) PSYoungGen: 153823K(154112K)->1759K(183296K) Eden: 151552K(151552K)->0K(181248K) From: 2271K(2560K)->1759K(2048K)
[568.942s][info][gc,heap        ] GC(1135) ParOldGen: 286300K(388096K)->286316K(388096K)
[568.942s][info][gc,metaspace   ] GC(1135) Metaspace: 57846K(58240K)->57846K(58240K) NonClass: 49566K(49856K)->49566K(49856K) Class: 8280K(8384K)->8280K(8384K)
[568.942s][info][gc             ] GC(1135) Pause Young (Allocation Failure) 429M->281M(558M) 3.449ms
[568.942s][info][gc,cpu         ] GC(1135) User=0.01s Sys=0.01s Real=0.00s
[569.416s][info][gc,start       ] GC(1136) Pause Young (Allocation Failure)
[569.418s][info][gc,heap        ] GC(1136) PSYoungGen: 183007K(183296K)->704K(218624K) Eden: 181248K(181248K)->0K(215552K) From: 1759K(2048K)->704K(3072K)
[569.418s][info][gc,heap        ] GC(1136) ParOldGen: 286316K(388096K)->286332K(388096K)
[569.418s][info][gc,metaspace   ] GC(1136) Metaspace: 57846K(58240K)->57846K(58240K) NonClass: 49566K(49856K)->49566K(49856K) Class: 8280K(8384K)->8280K(8384K)
[569.418s][info][gc             ] GC(1136) Pause Young (Allocation Failure) 458M->280M(592M) 2.174ms
[569.418s][info][gc,cpu         ] GC(1136) User=0.00s Sys=0.00s Real=0.00s
[569.938s][info][gc,start       ] GC(1137) Pause Young (Allocation Failure)
[569.944s][info][gc,heap        ] GC(1137) PSYoungGen: 216256K(218624K)->2271K(219136K) Eden: 215552K(215552K)->0K(215552K) From: 704K(3072K)->2271K(3584K)
[569.944s][info][gc,heap        ] GC(1137) ParOldGen: 286332K(388096K)->286348K(388096K)
[569.944s][info][gc,metaspace   ] GC(1137) Metaspace: 57846K(58240K)->57846K(58240K) NonClass: 49566K(49856K)->49566K(49856K) Class: 8280K(8384K)->8280K(8384K)
[569.944s][info][gc             ] GC(1137) Pause Young (Allocation Failure) 490M->281M(593M) 6.028ms
[569.944s][info][gc,cpu         ] GC(1137) User=0.00s Sys=0.00s Real=0.01s
[570.518s][info][gc,start       ] GC(1138) Pause Young (Allocation Failure)
[570.520s][info][gc,heap        ] GC(1138) PSYoungGen: 217823K(219136K)->736K(208896K) Eden: 215552K(215552K)->0K(207872K) From: 2271K(3584K)->736K(1024K)
[570.520s][info][gc,heap        ] GC(1138) ParOldGen: 286348K(388096K)->286364K(388096K)
[570.520s][info][gc,metaspace   ] GC(1138) Metaspace: 57846K(58240K)->57846K(58240K) NonClass: 49566K(49856K)->49566K(49856K) Class: 8280K(8384K)->8280K(8384K)
[570.520s][info][gc             ] GC(1138) Pause Young (Allocation Failure) 492M->280M(583M) 2.541ms
[570.520s][info][gc,cpu         ] GC(1138) User=0.00s Sys=0.00s Real=0.00s
[571.039s][info][gc,start       ] GC(1139) Pause Young (Allocation Failure)
[571.043s][info][gc,heap        ] GC(1139) PSYoungGen: 208608K(208896K)->1440K(201728K) Eden: 207872K(207872K)->0K(200192K) From: 736K(1024K)->1440K(1536K)
[571.043s][info][gc,heap        ] GC(1139) ParOldGen: 286364K(388096K)->286380K(388096K)
[571.043s][info][gc,metaspace   ] GC(1139) Metaspace: 57846K(58240K)->57846K(58240K) NonClass: 49566K(49856K)->49566K(49856K) Class: 8280K(8384K)->8280K(8384K)
[571.043s][info][gc             ] GC(1139) Pause Young (Allocation Failure) 483M->281M(576M) 3.837ms
[571.043s][info][gc,cpu         ] GC(1139) User=0.00s Sys=0.01s Real=0.01s
[571.598s][info][gc,start       ] GC(1140) Pause Young (Allocation Failure)
[571.603s][info][gc,heap        ] GC(1140) PSYoungGen: 201632K(201728K)->2334K(195584K) Eden: 200192K(200192K)->0K(193024K) From: 1440K(1536K)->2334K(2560K)
[571.603s][info][gc,heap        ] GC(1140) ParOldGen: 286380K(388096K)->286396K(388096K)
[571.603s][info][gc,metaspace   ] GC(1140) Metaspace: 57846K(58240K)->57846K(58240K) NonClass: 49566K(49856K)->49566K(49856K) Class: 8280K(8384K)->8280K(8384K)
[571.603s][info][gc             ] GC(1140) Pause Young (Allocation Failure) 476M->281M(570M) 4.717ms
[571.603s][info][gc,cpu         ] GC(1140) User=0.01s Sys=0.00s Real=0.00s
[572.029s][info][gc,start       ] GC(1141) Pause Young (Allocation Failure)
[572.034s][info][gc,heap        ] GC(1141) PSYoungGen: 195358K(195584K)->2558K(188928K) Eden: 193024K(193024K)->0K(186368K) From: 2334K(2560K)->2558K(2560K)
[572.034s][info][gc,heap        ] GC(1141) ParOldGen: 286396K(388096K)->286412K(388096K)
[572.034s][info][gc,metaspace   ] GC(1141) Metaspace: 57846K(58240K)->57846K(58240K) NonClass: 49566K(49856K)->49566K(49856K) Class: 8280K(8384K)->8280K(8384K)
[572.034s][info][gc             ] GC(1141) Pause Young (Allocation Failure) 470M->282M(563M) 4.708ms
[572.034s][info][gc,cpu         ] GC(1141) User=0.01s Sys=0.00s Real=0.01s
[572.520s][info][gc,start       ] GC(1142) Pause Young (Allocation Failure)
[572.523s][info][gc,heap        ] GC(1142) PSYoungGen: 188926K(188928K)->1630K(181760K) Eden: 186368K(186368K)->0K(179712K) From: 2558K(2560K)->1630K(2048K)
[572.523s][info][gc,heap        ] GC(1142) ParOldGen: 286412K(388096K)->286428K(388096K)
[572.523s][info][gc,metaspace   ] GC(1142) Metaspace: 57846K(58240K)->57846K(58240K) NonClass: 49566K(49856K)->49566K(49856K) Class: 8280K(8384K)->8280K(8384K)
[572.523s][info][gc             ] GC(1142) Pause Young (Allocation Failure) 464M->281M(556M) 3.313ms
[572.523s][info][gc,cpu         ] GC(1142) User=0.00s Sys=0.00s Real=0.01s
[572.952s][info][gc,start       ] GC(1143) Pause Young (Allocation Failure)
[572.956s][info][gc,heap        ] GC(1143) PSYoungGen: 181342K(181760K)->1662K(175616K) Eden: 179712K(179712K)->0K(173568K) From: 1630K(2048K)->1662K(2048K)
[572.956s][info][gc,heap        ] GC(1143) ParOldGen: 286428K(388096K)->286444K(388096K)
[572.956s][info][gc,metaspace   ] GC(1143) Metaspace: 57846K(58240K)->57846K(58240K) NonClass: 49566K(49856K)->49566K(49856K) Class: 8280K(8384K)->8280K(8384K)
[572.956s][info][gc             ] GC(1143) Pause Young (Allocation Failure) 456M->281M(550M) 3.589ms
[572.956s][info][gc,cpu         ] GC(1143) User=0.00s Sys=0.00s Real=0.01s
[573.415s][info][gc,start       ] GC(1144) Pause Young (Allocation Failure)
[573.417s][info][gc,heap        ] GC(1144) PSYoungGen: 175230K(175616K)->543K(168448K) Eden: 173568K(173568K)->0K(167424K) From: 1662K(2048K)->543K(1024K)
[573.418s][info][gc,heap        ] GC(1144) ParOldGen: 286444K(388096K)->286460K(388096K)
[573.418s][info][gc,metaspace   ] GC(1144) Metaspace: 57846K(58240K)->57846K(58240K) NonClass: 49566K(49856K)->49566K(49856K) Class: 8280K(8384K)->8280K(8384K)
[573.418s][info][gc             ] GC(1144) Pause Young (Allocation Failure) 450M->280M(543M) 2.404ms
[573.418s][info][gc,cpu         ] GC(1144) User=0.00s Sys=0.00s Real=0.00s
[573.829s][info][gc,start       ] GC(1145) Pause Young (Allocation Failure)
[573.833s][info][gc,heap        ] GC(1145) PSYoungGen: 167967K(168448K)->1408K(165376K) Eden: 167424K(167424K)->0K(161792K) From: 543K(1024K)->1408K(3584K)
[573.833s][info][gc,heap        ] GC(1145) ParOldGen: 286460K(388096K)->286476K(388096K)
[573.833s][info][gc,metaspace   ] GC(1145) Metaspace: 57846K(58240K)->57846K(58240K) NonClass: 49566K(49856K)->49566K(49856K) Class: 8280K(8384K)->8280K(8384K)
[573.833s][info][gc             ] GC(1145) Pause Young (Allocation Failure) 443M->281M(540M) 3.682ms
[573.833s][info][gc,cpu         ] GC(1145) User=0.01s Sys=0.00s Real=0.00s
[574.234s][info][gc,start       ] GC(1146) Pause Young (Allocation Failure)
[574.238s][info][gc,heap        ] GC(1146) PSYoungGen: 163200K(165376K)->2366K(158720K) Eden: 161792K(161792K)->0K(156160K) From: 1408K(3584K)->2366K(2560K)
[574.238s][info][gc,heap        ] GC(1146) ParOldGen: 286476K(388096K)->286492K(388096K)
[574.238s][info][gc,metaspace   ] GC(1146) Metaspace: 57846K(58240K)->57846K(58240K) NonClass: 49566K(49856K)->49566K(49856K) Class: 8280K(8384K)->8280K(8384K)
[574.238s][info][gc             ] GC(1146) Pause Young (Allocation Failure) 439M->282M(534M) 4.137ms
[574.238s][info][gc,cpu         ] GC(1146) User=0.01s Sys=0.00s Real=0.00s
[574.632s][info][gc,start       ] GC(1147) Pause Young (Allocation Failure)
[574.635s][info][gc,heap        ] GC(1147) PSYoungGen: 158526K(158720K)->1823K(153088K) Eden: 156160K(156160K)->0K(151040K) From: 2366K(2560K)->1823K(2048K)
[574.635s][info][gc,heap        ] GC(1147) ParOldGen: 286492K(388096K)->286508K(388096K)
[574.635s][info][gc,metaspace   ] GC(1147) Metaspace: 57846K(58240K)->57846K(58240K) NonClass: 49566K(49856K)->49566K(49856K) Class: 8280K(8384K)->8280K(8384K)
[574.635s][info][gc             ] GC(1147) Pause Young (Allocation Failure) 434M->281M(528M) 3.901ms
[574.635s][info][gc,cpu         ] GC(1147) User=0.01s Sys=0.00s Real=0.01s
[575.023s][info][gc,start       ] GC(1148) Pause Young (Allocation Failure)
[575.027s][info][gc,heap        ] GC(1148) PSYoungGen: 152863K(153088K)->1344K(147456K) Eden: 151040K(151040K)->0K(145920K) From: 1823K(2048K)->1344K(1536K)
[575.027s][info][gc,heap        ] GC(1148) ParOldGen: 286508K(388096K)->286524K(388096K)
[575.027s][info][gc,metaspace   ] GC(1148) Metaspace: 57846K(58240K)->57846K(58240K) NonClass: 49566K(49856K)->49566K(49856K) Class: 8280K(8384K)->8280K(8384K)
[575.027s][info][gc             ] GC(1148) Pause Young (Allocation Failure) 429M->281M(523M) 3.571ms
[575.027s][info][gc,cpu         ] GC(1148) User=0.00s Sys=0.00s Real=0.00s
[575.440s][info][gc,start       ] GC(1149) Pause Young (Allocation Failure)
[575.460s][info][gc,heap        ] GC(1149) PSYoungGen: 147264K(147456K)->799K(175616K) Eden: 145920K(145920K)->0K(174592K) From: 1344K(1536K)->799K(1024K)
[575.460s][info][gc,heap        ] GC(1149) ParOldGen: 286524K(388096K)->286540K(388096K)
[575.460s][info][gc,metaspace   ] GC(1149) Metaspace: 57846K(58240K)->57846K(58240K) NonClass: 49566K(49856K)->49566K(49856K) Class: 8280K(8384K)->8280K(8384K)
[575.460s][info][gc             ] GC(1149) Pause Young (Allocation Failure) 423M->280M(550M) 19.371ms
[575.460s][info][gc,cpu         ] GC(1149) User=0.02s Sys=0.00s Real=0.02s
[575.831s][info][gc,start       ] GC(1150) Pause Young (Allocation Failure)
[575.836s][info][gc,heap        ] GC(1150) PSYoungGen: 175321K(175616K)->1952K(210944K) Eden: 174522K(174592K)->0K(208896K) From: 799K(1024K)->1952K(2048K)
[575.836s][info][gc,heap        ] GC(1150) ParOldGen: 286540K(388096K)->286556K(388096K)
[575.836s][info][gc,metaspace   ] GC(1150) Metaspace: 57846K(58240K)->57846K(58240K) NonClass: 49566K(49856K)->49566K(49856K) Class: 8280K(8384K)->8280K(8384K)
[575.836s][info][gc             ] GC(1150) Pause Young (Allocation Failure) 451M->281M(585M) 4.892ms
[575.836s][info][gc,cpu         ] GC(1150) User=0.01s Sys=0.00s Real=0.01s
[576.357s][info][gc,start       ] GC(1151) Pause Young (Allocation Failure)
[576.360s][info][gc,heap        ] GC(1151) PSYoungGen: 210834K(210944K)->832K(243712K) Eden: 208882K(208896K)->0K(240640K) From: 1952K(2048K)->832K(3072K)
[576.360s][info][gc,heap        ] GC(1151) ParOldGen: 286556K(388096K)->286572K(388096K)
[576.360s][info][gc,metaspace   ] GC(1151) Metaspace: 57846K(58240K)->57846K(58240K) NonClass: 49566K(49856K)->49566K(49856K) Class: 8280K(8384K)->8280K(8384K)
[576.360s][info][gc             ] GC(1151) Pause Young (Allocation Failure) 485M->280M(617M) 2.959ms
[576.360s][info][gc,cpu         ] GC(1151) User=0.01s Sys=0.00s Real=0.00s
[576.976s][info][gc,start       ] GC(1152) Pause Young (Allocation Failure)
[576.978s][info][gc,heap        ] GC(1152) PSYoungGen: 241464K(243712K)->704K(252416K) Eden: 240632K(240640K)->0K(249344K) From: 832K(3072K)->704K(3072K)
[576.978s][info][gc,heap        ] GC(1152) ParOldGen: 286572K(388096K)->286588K(388096K)
[576.978s][info][gc,metaspace   ] GC(1152) Metaspace: 57846K(58240K)->57846K(58240K) NonClass: 49566K(49856K)->49566K(49856K) Class: 8280K(8384K)->8280K(8384K)
[576.978s][info][gc             ] GC(1152) Pause Young (Allocation Failure) 515M->280M(625M) 2.731ms
[576.978s][info][gc,cpu         ] GC(1152) User=0.01s Sys=0.00s Real=0.00s
[577.647s][info][gc,start       ] GC(1153) Pause Young (Allocation Failure)
[577.651s][info][gc,heap        ] GC(1153) PSYoungGen: 250048K(252416K)->1982K(252416K) Eden: 249344K(249344K)->0K(249344K) From: 704K(3072K)->1982K(3072K)
[577.651s][info][gc,heap        ] GC(1153) ParOldGen: 286588K(388096K)->286604K(388096K)
[577.651s][info][gc,metaspace   ] GC(1153) Metaspace: 57846K(58240K)->57846K(58240K) NonClass: 49566K(49856K)->49566K(49856K) Class: 8280K(8384K)->8280K(8384K)
[577.651s][info][gc             ] GC(1153) Pause Young (Allocation Failure) 524M->281M(625M) 3.939ms
[577.651s][info][gc,cpu         ] GC(1153) User=0.00s Sys=0.00s Real=0.00s
[578.242s][info][gc,start       ] GC(1154) Pause Young (Allocation Failure)
[578.246s][info][gc,heap        ] GC(1154) PSYoungGen: 251326K(252416K)->1792K(241664K) Eden: 249344K(249344K)->0K(239616K) From: 1982K(3072K)->1792K(2048K)
[578.246s][info][gc,heap        ] GC(1154) ParOldGen: 286604K(388096K)->286620K(388096K)
[578.246s][info][gc,metaspace   ] GC(1154) Metaspace: 57846K(58240K)->57846K(58240K) NonClass: 49566K(49856K)->49566K(49856K) Class: 8280K(8384K)->8280K(8384K)
[578.246s][info][gc             ] GC(1154) Pause Young (Allocation Failure) 525M->281M(615M) 4.445ms
[578.246s][info][gc,cpu         ] GC(1154) User=0.01s Sys=0.00s Real=0.01s
[578.844s][info][gc,start       ] GC(1155) Pause Young (Allocation Failure)
[578.848s][info][gc,heap        ] GC(1155) PSYoungGen: 241226K(241664K)->1856K(232448K) Eden: 239434K(239616K)->0K(230400K) From: 1792K(2048K)->1856K(2048K)
[578.848s][info][gc,heap        ] GC(1155) ParOldGen: 286620K(388096K)->286636K(388096K)
[578.848s][info][gc,metaspace   ] GC(1155) Metaspace: 57846K(58240K)->57846K(58240K) NonClass: 49566K(49856K)->49566K(49856K) Class: 8280K(8384K)->8280K(8384K)
[578.848s][info][gc             ] GC(1155) Pause Young (Allocation Failure) 515M->281M(606M) 4.749ms
[578.848s][info][gc,cpu         ] GC(1155) User=0.01s Sys=0.00s Real=0.00s
[579.438s][info][gc,start       ] GC(1156) Pause Young (Allocation Failure)
[579.443s][info][gc,heap        ] GC(1156) PSYoungGen: 232108K(232448K)->2112K(224256K) Eden: 230252K(230400K)->0K(221696K) From: 1856K(2048K)->2112K(2560K)
[579.443s][info][gc,heap        ] GC(1156) ParOldGen: 286636K(388096K)->286652K(388096K)
[579.443s][info][gc,metaspace   ] GC(1156) Metaspace: 57846K(58240K)->57846K(58240K) NonClass: 49566K(49856K)->49566K(49856K) Class: 8280K(8384K)->8280K(8384K)
[579.443s][info][gc             ] GC(1156) Pause Young (Allocation Failure) 506M->281M(598M) 4.789ms
[579.443s][info][gc,cpu         ] GC(1156) User=0.01s Sys=0.00s Real=0.00s
[580.122s][info][gc,start       ] GC(1157) Pause Young (Allocation Failure)
[580.126s][info][gc,heap        ] GC(1157) PSYoungGen: 223808K(224256K)->1443K(215040K) Eden: 221696K(221696K)->0K(213504K) From: 2112K(2560K)->1443K(1536K)
[580.126s][info][gc,heap        ] GC(1157) ParOldGen: 286652K(388096K)->286668K(388096K)
[580.126s][info][gc,metaspace   ] GC(1157) Metaspace: 57846K(58240K)->57846K(58240K) NonClass: 49566K(49856K)->49566K(49856K) Class: 8280K(8384K)->8280K(8384K)
[580.126s][info][gc             ] GC(1157) Pause Young (Allocation Failure) 498M->281M(589M) 3.438ms
[580.126s][info][gc,cpu         ] GC(1157) User=0.01s Sys=0.00s Real=0.01s
[580.641s][info][gc,start       ] GC(1158) Pause Young (Allocation Failure)
[580.644s][info][gc,heap        ] GC(1158) PSYoungGen: 214947K(215040K)->2270K(208384K) Eden: 213504K(213504K)->0K(205824K) From: 1443K(1536K)->2270K(2560K)
[580.644s][info][gc,heap        ] GC(1158) ParOldGen: 286668K(388096K)->286684K(388096K)
[580.644s][info][gc,metaspace   ] GC(1158) Metaspace: 57846K(58240K)->57846K(58240K) NonClass: 49566K(49856K)->49566K(49856K) Class: 8280K(8384K)->8280K(8384K)
[580.644s][info][gc             ] GC(1158) Pause Young (Allocation Failure) 489M->282M(582M) 3.668ms
[580.644s][info][gc,cpu         ] GC(1158) User=0.01s Sys=0.00s Real=0.01s
[581.151s][info][gc,start       ] GC(1159) Pause Young (Allocation Failure)
[581.155s][info][gc,heap        ] GC(1159) PSYoungGen: 208085K(208384K)->1791K(200192K) Eden: 205814K(205824K)->0K(198144K) From: 2270K(2560K)->1791K(2048K)
[581.155s][info][gc,heap        ] GC(1159) ParOldGen: 286684K(388096K)->286700K(388096K)
[581.155s][info][gc,metaspace   ] GC(1159) Metaspace: 57846K(58240K)->57846K(58240K) NonClass: 49566K(49856K)->49566K(49856K) Class: 8280K(8384K)->8280K(8384K)
[581.155s][info][gc             ] GC(1159) Pause Young (Allocation Failure) 483M->281M(574M) 4.237ms
[581.155s][info][gc,cpu         ] GC(1159) User=0.01s Sys=0.00s Real=0.01s
[581.655s][info][gc,start       ] GC(1160) Pause Young (Allocation Failure)
[581.657s][info][gc,heap        ] GC(1160) PSYoungGen: 199935K(200192K)->576K(192000K) Eden: 198144K(198144K)->0K(190976K) From: 1791K(2048K)->576K(1024K)
[581.657s][info][gc,heap        ] GC(1160) ParOldGen: 286700K(388096K)->286716K(388096K)
[581.657s][info][gc,metaspace   ] GC(1160) Metaspace: 57846K(58240K)->57846K(58240K) NonClass: 49566K(49856K)->49566K(49856K) Class: 8280K(8384K)->8280K(8384K)
[581.657s][info][gc             ] GC(1160) Pause Young (Allocation Failure) 475M->280M(566M) 2.184ms
[581.657s][info][gc,cpu         ] GC(1160) User=0.01s Sys=0.00s Real=0.00s
[582.155s][info][gc,start       ] GC(1161) Pause Young (Allocation Failure)
[582.158s][info][gc,heap        ] GC(1161) PSYoungGen: 191540K(192000K)->1248K(185856K) Eden: 190964K(190976K)->0K(184320K) From: 576K(1024K)->1248K(1536K)
[582.158s][info][gc,heap        ] GC(1161) ParOldGen: 286716K(388096K)->286732K(388096K)
[582.158s][info][gc,metaspace   ] GC(1161) Metaspace: 57846K(58240K)->57846K(58240K) NonClass: 49566K(49856K)->49566K(49856K) Class: 8280K(8384K)->8280K(8384K)
[582.158s][info][gc             ] GC(1161) Pause Young (Allocation Failure) 467M->281M(560M) 3.643ms
[582.158s][info][gc,cpu         ] GC(1161) User=0.00s Sys=0.00s Real=0.00s
[582.639s][info][gc,start       ] GC(1162) Pause Young (Allocation Failure)
[582.644s][info][gc,heap        ] GC(1162) PSYoungGen: 185568K(185856K)->2495K(180224K) Eden: 184320K(184320K)->0K(177664K) From: 1248K(1536K)->2495K(2560K)
[582.644s][info][gc,heap        ] GC(1162) ParOldGen: 286732K(388096K)->286748K(388096K)
[582.644s][info][gc,metaspace   ] GC(1162) Metaspace: 57846K(58240K)->57846K(58240K) NonClass: 49566K(49856K)->49566K(49856K) Class: 8280K(8384K)->8280K(8384K)
[582.644s][info][gc             ] GC(1162) Pause Young (Allocation Failure) 461M->282M(555M) 4.581ms
[582.644s][info][gc,cpu         ] GC(1162) User=0.01s Sys=0.00s Real=0.01s
[583.114s][info][gc,start       ] GC(1163) Pause Young (Allocation Failure)
[583.116s][info][gc,heap        ] GC(1163) PSYoungGen: 180159K(180224K)->562K(172544K) Eden: 177664K(177664K)->0K(171520K) From: 2495K(2560K)->562K(1024K)
[583.116s][info][gc,heap        ] GC(1163) ParOldGen: 286748K(388096K)->286764K(388096K)
[583.116s][info][gc,metaspace   ] GC(1163) Metaspace: 57846K(58240K)->57846K(58240K) NonClass: 49566K(49856K)->49566K(49856K) Class: 8280K(8384K)->8280K(8384K)
[583.116s][info][gc             ] GC(1163) Pause Young (Allocation Failure) 455M->280M(547M) 2.360ms
[583.117s][info][gc,cpu         ] GC(1163) User=0.00s Sys=0.00s Real=0.00s
[583.530s][info][gc,start       ] GC(1164) Pause Young (Allocation Failure)
[583.533s][info][gc,heap        ] GC(1164) PSYoungGen: 172078K(172544K)->1536K(167424K) Eden: 171515K(171520K)->0K(165888K) From: 562K(1024K)->1536K(1536K)
[583.533s][info][gc,heap        ] GC(1164) ParOldGen: 286764K(388096K)->286780K(388096K)
[583.533s][info][gc,metaspace   ] GC(1164) Metaspace: 57846K(58240K)->57846K(58240K) NonClass: 49566K(49856K)->49566K(49856K) Class: 8280K(8384K)->8280K(8384K)
[583.533s][info][gc             ] GC(1164) Pause Young (Allocation Failure) 448M->281M(542M) 3.691ms
[583.533s][info][gc,cpu         ] GC(1164) User=0.01s Sys=0.00s Real=0.01s
[584.002s][info][gc,start       ] GC(1165) Pause Young (Allocation Failure)
[584.014s][info][gc,heap        ] GC(1165) PSYoungGen: 167372K(167424K)->2656K(201216K) Eden: 165836K(165888K)->0K(198144K) From: 1536K(1536K)->2656K(3072K)
[584.014s][info][gc,heap        ] GC(1165) ParOldGen: 286780K(388096K)->286796K(388096K)
[584.014s][info][gc,metaspace   ] GC(1165) Metaspace: 57846K(58240K)->57846K(58240K) NonClass: 49566K(49856K)->49566K(49856K) Class: 8280K(8384K)->8280K(8384K)
[584.014s][info][gc             ] GC(1165) Pause Young (Allocation Failure) 443M->282M(575M) 12.158ms
[584.014s][info][gc,cpu         ] GC(1165) User=0.02s Sys=0.01s Real=0.02s
[584.444s][info][gc,start       ] GC(1166) Pause Young (Allocation Failure)
[584.449s][info][gc,heap        ] GC(1166) PSYoungGen: 200800K(201216K)->1952K(238592K) Eden: 198144K(198144K)->0K(236544K) From: 2656K(3072K)->1952K(2048K)
[584.449s][info][gc,heap        ] GC(1166) ParOldGen: 286796K(388096K)->286812K(388096K)
[584.449s][info][gc,metaspace   ] GC(1166) Metaspace: 57846K(58240K)->57846K(58240K) NonClass: 49566K(49856K)->49566K(49856K) Class: 8280K(8384K)->8280K(8384K)
[584.449s][info][gc             ] GC(1166) Pause Young (Allocation Failure) 476M->281M(612M) 4.838ms
[584.449s][info][gc,cpu         ] GC(1166) User=0.01s Sys=0.00s Real=0.00s
[585.063s][info][gc,start       ] GC(1167) Pause Young (Allocation Failure)
[585.067s][info][gc,heap        ] GC(1167) PSYoungGen: 238496K(238592K)->2398K(285696K) Eden: 236544K(236544K)->0K(282112K) From: 1952K(2048K)->2398K(3584K)
[585.067s][info][gc,heap        ] GC(1167) ParOldGen: 286812K(388096K)->286828K(388096K)
[585.067s][info][gc,metaspace   ] GC(1167) Metaspace: 57846K(58240K)->57846K(58240K) NonClass: 49566K(49856K)->49566K(49856K) Class: 8280K(8384K)->8280K(8384K)
[585.067s][info][gc             ] GC(1167) Pause Young (Allocation Failure) 512M->282M(658M) 4.520ms
[585.067s][info][gc,cpu         ] GC(1167) User=0.01s Sys=0.00s Real=0.01s
[585.849s][info][gc,start       ] GC(1168) Pause Young (Allocation Failure)
[585.862s][info][gc,heap        ] GC(1168) PSYoungGen: 284510K(285696K)->959K(285696K) Eden: 282112K(282112K)->0K(282112K) From: 2398K(3584K)->959K(3584K)
[585.862s][info][gc,heap        ] GC(1168) ParOldGen: 286828K(388096K)->286844K(388096K)
[585.862s][info][gc,metaspace   ] GC(1168) Metaspace: 57846K(58240K)->57846K(58240K) NonClass: 49566K(49856K)->49566K(49856K) Class: 8280K(8384K)->8280K(8384K)
[585.862s][info][gc             ] GC(1168) Pause Young (Allocation Failure) 557M->281M(658M) 12.656ms
[585.862s][info][gc,cpu         ] GC(1168) User=0.00s Sys=0.00s Real=0.01s
[586.515s][info][gc,start       ] GC(1169) Pause Young (Allocation Failure)
[586.518s][info][gc,heap        ] GC(1169) PSYoungGen: 283071K(285696K)->605K(285696K) Eden: 282112K(282112K)->0K(282112K) From: 959K(3584K)->605K(3584K)
[586.518s][info][gc,heap        ] GC(1169) ParOldGen: 286844K(388096K)->286860K(388096K)
[586.518s][info][gc,metaspace   ] GC(1169) Metaspace: 57846K(58240K)->57846K(58240K) NonClass: 49566K(49856K)->49566K(49856K) Class: 8280K(8384K)->8280K(8384K)
[586.518s][info][gc             ] GC(1169) Pause Young (Allocation Failure) 556M->280M(658M) 2.881ms
[586.518s][info][gc,cpu         ] GC(1169) User=0.00s Sys=0.00s Real=0.00s
[587.226s][info][gc,start       ] GC(1170) Pause Young (Allocation Failure)
[587.229s][info][gc,heap        ] GC(1170) PSYoungGen: 282717K(285696K)->1566K(272896K) Eden: 282112K(282112K)->0K(270848K) From: 605K(3584K)->1566K(2048K)
[587.229s][info][gc,heap        ] GC(1170) ParOldGen: 286860K(388096K)->286876K(388096K)
[587.229s][info][gc,metaspace   ] GC(1170) Metaspace: 57846K(58240K)->57846K(58240K) NonClass: 49566K(49856K)->49566K(49856K) Class: 8280K(8384K)->8280K(8384K)
[587.229s][info][gc             ] GC(1170) Pause Young (Allocation Failure) 556M->281M(645M) 3.257ms
[587.229s][info][gc,cpu         ] GC(1170) User=0.01s Sys=0.00s Real=0.00s
[587.952s][info][gc,start       ] GC(1171) Pause Young (Allocation Failure)
[587.956s][info][gc,heap        ] GC(1171) PSYoungGen: 272414K(272896K)->1790K(262144K) Eden: 270848K(270848K)->0K(260096K) From: 1566K(2048K)->1790K(2048K)
[587.956s][info][gc,heap        ] GC(1171) ParOldGen: 286876K(388096K)->286892K(388096K)
[587.956s][info][gc,metaspace   ] GC(1171) Metaspace: 57846K(58240K)->57846K(58240K) NonClass: 49566K(49856K)->49566K(49856K) Class: 8280K(8384K)->8280K(8384K)
[587.956s][info][gc             ] GC(1171) Pause Young (Allocation Failure) 546M->281M(635M) 3.903ms
[587.956s][info][gc,cpu         ] GC(1171) User=0.01s Sys=0.00s Real=0.01s
[589.980s][info][gc,heap,exit   ] Heap
[589.980s][info][gc,heap,exit   ]  PSYoungGen      total 262144K, used 132009K [0x00000000eba00000, 0x00000000ffd00000, 0x0000000100000000)
[589.980s][info][gc,heap,exit   ]   eden space 260096K, 50% used [0x00000000eba00000,0x00000000f392aa70,0x00000000fb800000)
[589.980s][info][gc,heap,exit   ]   from space 2048K, 87% used [0x00000000ff780000,0x00000000ff93fa20,0x00000000ff980000)
[589.980s][info][gc,heap,exit   ]   to   space 3584K, 0% used [0x00000000ff980000,0x00000000ff980000,0x00000000ffd00000)
[589.980s][info][gc,heap,exit   ]  ParOldGen       total 388096K, used 286892K [0x00000000c2e00000, 0x00000000da900000, 0x00000000eba00000)
[589.980s][info][gc,heap,exit   ]   object space 388096K, 73% used [0x00000000c2e00000,0x00000000d462b268,0x00000000da900000)
[589.980s][info][gc,heap,exit   ]  Metaspace       used 58404K, committed 58688K, reserved 1114112K
[589.980s][info][gc,heap,exit   ]   class space    used 8466K, committed 8512K, reserved 1048576K
