[0.003s][info][metaspace]  - commit_granule_bytes: 65536.
[0.003s][info][metaspace]  - commit_granule_words: 8192.
[0.003s][info][metaspace]  - virtual_space_node_default_size: 8388608.
[0.003s][info][metaspace]  - enlarge_chunks_in_place: 1.
[0.005s][info][gc,init  ] CardTable entry size: 512
[0.005s][info][gc       ] Using Parallel
[0.006s][info][gc,init  ] Version: 24-internal-adhoc.root.jdk (release)
[0.006s][info][gc,init  ] CPUs: 2 total, 2 available
[0.006s][info][gc,init  ] Memory: 3908M
[0.006s][info][gc,init  ] Large Page Support: Disabled
[0.006s][info][gc,init  ] NUMA Support: Disabled
[0.006s][info][gc,init  ] Compressed Oops: Enabled (32-bit)
[0.006s][info][gc,init  ] Alignments: Space 512K, Generation 512K, Heap 2M
[0.006s][info][gc,init  ] Heap Min Capacity: 256M
[0.006s][info][gc,init  ] Heap Initial Capacity: 256M
[0.006s][info][gc,init  ] Heap Max Capacity: 978M
[0.006s][info][gc,init  ] Pre-touch: Disabled
[0.006s][info][gc,init  ] Parallel Workers: 2
[0.025s][info][gc,metaspace] CDS archive(s) mapped at: [0x00007fecaa000000-0x00007fecaae7b000-0x00007fecaae7b000), size 15183872, SharedBaseAddress: 0x00007fecaa000000, ArchiveRelocationMode: 1.
[0.025s][info][gc,metaspace] Compressed class space mapped at: 0x00007fecab000000-0x00007feceb000000, reserved size: 1073741824
[0.025s][info][gc,metaspace] UseCompressedClassPointers 1, UseCompactObjectHeaders 1
[0.025s][info][gc,metaspace] Narrow klass pointer bits 22, Max shift 10
[0.025s][info][gc,metaspace] Narrow klass base: 0x00007fecaa000000, Narrow klass shift: 10
[0.025s][info][gc,metaspace] Encoding Range: [0x00007fecaa000000 - 0x00007fedaa000000), (4294967296 bytes)
[0.025s][info][gc,metaspace] Klass Range:    [0x00007fecaa000000 - 0x00007feceb000000), (1090519040 bytes)
[0.025s][info][gc,metaspace] Klass ID Range:  [1 - 1064960) (1064959)
[1.194s][info][gc,start    ] GC(0) Pause Young (Allocation Failure)
[1.205s][info][gc,heap     ] GC(0) PSYoungGen: 65536K(76288K)->3155K(76288K) Eden: 65536K(65536K)->0K(65536K) From: 0K(10752K)->3155K(10752K)
[1.205s][info][gc,heap     ] GC(0) ParOldGen: 1088K(175104K)->1160K(175104K)
[1.205s][info][gc,metaspace] GC(0) Metaspace: 6339K(6528K)->6339K(6528K) NonClass: 5473K(5568K)->5473K(5568K) Class: 865K(960K)->865K(960K)
[1.205s][info][gc          ] GC(0) Pause Young (Allocation Failure) 65M->4M(245M) 11.122ms
[1.205s][info][gc,cpu      ] GC(0) User=0.02s Sys=0.01s Real=0.01s
[1.552s][info][gc,start    ] GC(1) Pause Young (Allocation Failure)
[1.559s][info][gc,heap     ] GC(1) PSYoungGen: 68691K(76288K)->3231K(76288K) Eden: 65536K(65536K)->0K(65536K) From: 3155K(10752K)->3231K(10752K)
[1.559s][info][gc,heap     ] GC(1) ParOldGen: 1160K(175104K)->1160K(175104K)
[1.559s][info][gc,metaspace] GC(1) Metaspace: 6755K(6976K)->6755K(6976K) NonClass: 5819K(5952K)->5819K(5952K) Class: 935K(1024K)->935K(1024K)
[1.559s][info][gc          ] GC(1) Pause Young (Allocation Failure) 68M->4M(245M) 7.071ms
[1.559s][info][gc,cpu      ] GC(1) User=0.00s Sys=0.00s Real=0.01s
[1.795s][info][gc,start    ] GC(2) Pause Young (Allocation Failure)
[1.801s][info][gc,heap     ] GC(2) PSYoungGen: 68694K(76288K)->3331K(76288K) Eden: 65462K(65536K)->0K(65536K) From: 3231K(10752K)->3331K(10752K)
[1.801s][info][gc,heap     ] GC(2) ParOldGen: 1160K(175104K)->1176K(175104K)
[1.801s][info][gc,metaspace] GC(2) Metaspace: 7449K(7616K)->7449K(7616K) NonClass: 6310K(6400K)->6310K(6400K) Class: 1139K(1216K)->1139K(1216K)
[1.801s][info][gc          ] GC(2) Pause Young (Allocation Failure) 68M->4M(245M) 5.408ms
[1.801s][info][gc,cpu      ] GC(2) User=0.01s Sys=0.00s Real=0.01s
[2.045s][info][gc,start    ] GC(3) Pause Young (Allocation Failure)
[2.050s][info][gc,heap     ] GC(3) PSYoungGen: 68803K(76288K)->3439K(141824K) Eden: 65472K(65536K)->0K(131072K) From: 3331K(10752K)->3439K(10752K)
[2.050s][info][gc,heap     ] GC(3) ParOldGen: 1176K(175104K)->1184K(175104K)
[2.050s][info][gc,metaspace] GC(3) Metaspace: 7749K(7936K)->7749K(7936K) NonClass: 6543K(6656K)->6543K(6656K) Class: 1205K(1280K)->1205K(1280K)
[2.050s][info][gc          ] GC(3) Pause Young (Allocation Failure) 68M->4M(309M) 5.252ms
[2.050s][info][gc,cpu      ] GC(3) User=0.00s Sys=0.00s Real=0.01s
[2.517s][info][gc,start    ] GC(4) Pause Young (Allocation Failure)
[2.523s][info][gc,heap     ] GC(4) PSYoungGen: 134511K(141824K)->3975K(141824K) Eden: 131072K(131072K)->0K(131072K) From: 3439K(10752K)->3975K(10752K)
[2.523s][info][gc,heap     ] GC(4) ParOldGen: 1184K(175104K)->1192K(175104K)
[2.523s][info][gc,metaspace] GC(4) Metaspace: 8123K(8256K)->8123K(8256K) NonClass: 6792K(6848K)->6792K(6848K) Class: 1331K(1408K)->1331K(1408K)
[2.523s][info][gc          ] GC(4) Pause Young (Allocation Failure) 132M->5M(309M) 5.952ms
[2.523s][info][gc,cpu      ] GC(4) User=0.01s Sys=0.00s Real=0.00s
[3.227s][info][gc,start    ] GC(5) Pause Young (Allocation Failure)
[3.288s][info][gc,heap     ] GC(5) PSYoungGen: 135047K(141824K)->4087K(244736K) Eden: 131072K(131072K)->0K(240640K) From: 3975K(10752K)->4087K(4096K)
[3.288s][info][gc,heap     ] GC(5) ParOldGen: 1192K(175104K)->39052K(175104K)
[3.288s][info][gc,metaspace] GC(5) Metaspace: 10843K(10944K)->10843K(10944K) NonClass: 9062K(9088K)->9062K(9088K) Class: 1780K(1856K)->1780K(1856K)
[3.288s][info][gc          ] GC(5) Pause Young (Allocation Failure) 133M->42M(410M) 60.311ms
[3.288s][info][gc,cpu      ] GC(5) User=0.09s Sys=0.03s Real=0.06s
[4.462s][info][gc,start    ] GC(6) Pause Young (Allocation Failure)
[4.598s][info][gc,heap     ] GC(6) PSYoungGen: 244727K(244736K)->25568K(266240K) Eden: 240640K(240640K)->0K(240640K) From: 4087K(4096K)->25568K(25600K)
[4.598s][info][gc,heap     ] GC(6) ParOldGen: 39052K(175104K)->102740K(175104K)
[4.598s][info][gc,metaspace] GC(6) Metaspace: 15404K(15616K)->15404K(15616K) NonClass: 12925K(13056K)->12925K(13056K) Class: 2479K(2560K)->2479K(2560K)
[4.598s][info][gc          ] GC(6) Pause Young (Allocation Failure) 277M->125M(431M) 136.127ms
[4.598s][info][gc,cpu      ] GC(6) User=0.19s Sys=0.08s Real=0.14s
[5.896s][info][gc,start    ] GC(7) Pause Young (Allocation Failure)
[6.091s][info][gc,heap     ] GC(7) PSYoungGen: 266208K(266240K)->63472K(215040K) Eden: 240640K(240640K)->0K(151552K) From: 25568K(25600K)->63472K(63488K)
[6.091s][info][gc,heap     ] GC(7) ParOldGen: 102740K(175104K)->134823K(175104K)
[6.091s][info][gc,metaspace] GC(7) Metaspace: 16644K(16768K)->16644K(16768K) NonClass: 14061K(14144K)->14061K(14144K) Class: 2583K(2624K)->2583K(2624K)
[6.091s][info][gc          ] GC(7) Pause Young (Allocation Failure) 360M->193M(381M) 194.558ms
[6.091s][info][gc,cpu      ] GC(7) User=0.29s Sys=0.10s Real=0.20s
[6.404s][info][gc,start    ] GC(8) Pause Young (Allocation Failure)
[6.507s][info][gc,heap     ] GC(8) PSYoungGen: 215024K(215040K)->78784K(230400K) Eden: 151552K(151552K)->0K(151552K) From: 63472K(63488K)->78784K(78848K)
[6.507s][info][gc,heap     ] GC(8) ParOldGen: 134823K(175104K)->135492K(175104K)
[6.507s][info][gc,metaspace] GC(8) Metaspace: 16690K(16832K)->16690K(16832K) NonClass: 14107K(14208K)->14107K(14208K) Class: 2583K(2624K)->2583K(2624K)
[6.507s][info][gc          ] GC(8) Pause Young (Allocation Failure) 341M->209M(396M) 102.218ms
[6.507s][info][gc,cpu      ] GC(8) User=0.21s Sys=0.00s Real=0.10s
[6.835s][info][gc,start    ] GC(9) Pause Young (Allocation Failure)
[7.022s][info][gc,heap     ] GC(9) PSYoungGen: 230336K(230400K)->20416K(233984K) Eden: 151552K(151552K)->0K(130560K) From: 78784K(78848K)->20416K(103424K)
[7.022s][info][gc,heap     ] GC(9) ParOldGen: 135492K(175104K)->198607K(198656K)
[7.022s][info][gc,metaspace] GC(9) Metaspace: 16725K(16832K)->16725K(16832K) NonClass: 14141K(14208K)->14141K(14208K) Class: 2583K(2624K)->2583K(2624K)
[7.022s][info][gc          ] GC(9) Pause Young (Allocation Failure) 357M->213M(422M) 186.670ms
[7.022s][info][gc,cpu      ] GC(9) User=0.32s Sys=0.05s Real=0.19s
[7.236s][info][gc,start    ] GC(10) Pause Young (Allocation Failure)
[7.281s][info][gc,heap     ] GC(10) PSYoungGen: 150976K(233984K)->9088K(139776K) Eden: 130560K(130560K)->0K(130560K) From: 20416K(103424K)->9088K(9216K)
[7.282s][info][gc,heap     ] GC(10) ParOldGen: 198607K(198656K)->219039K(219136K)
[7.282s][info][gc,metaspace] GC(10) Metaspace: 16762K(16960K)->16762K(16960K) NonClass: 14178K(14336K)->14178K(14336K) Class: 2583K(2624K)->2583K(2624K)
[7.282s][info][gc          ] GC(10) Pause Young (Allocation Failure) 341M->222M(350M) 45.102ms
[7.282s][info][gc,cpu      ] GC(10) User=0.07s Sys=0.02s Real=0.05s
[7.536s][info][gc,start    ] GC(11) Pause Young (Allocation Failure)
[7.552s][info][gc,heap     ] GC(11) PSYoungGen: 139648K(139776K)->192K(228864K) Eden: 130560K(130560K)->0K(131584K) From: 9088K(9216K)->192K(97280K)
[7.552s][info][gc,heap     ] GC(11) ParOldGen: 219039K(219136K)->228127K(228352K)
[7.552s][info][gc,metaspace] GC(11) Metaspace: 16841K(16960K)->16841K(16960K) NonClass: 14258K(14336K)->14258K(14336K) Class: 2583K(2624K)->2583K(2624K)
[7.552s][info][gc          ] GC(11) Pause Young (Allocation Failure) 350M->222M(446M) 16.522ms
[7.552s][info][gc,cpu      ] GC(11) User=0.02s Sys=0.01s Real=0.02s
[7.778s][info][gc,start    ] GC(12) Pause Young (Allocation Failure)
[7.784s][info][gc,heap     ] GC(12) PSYoungGen: 131776K(228864K)->2208K(227840K) Eden: 131584K(131584K)->0K(131584K) From: 192K(97280K)->2208K(96256K)
[7.784s][info][gc,heap     ] GC(12) ParOldGen: 228127K(228352K)->228303K(228352K)
[7.784s][info][gc,metaspace] GC(12) Metaspace: 16887K(17024K)->16887K(17024K) NonClass: 14302K(14400K)->14302K(14400K) Class: 2585K(2624K)->2585K(2624K)
[7.784s][info][gc          ] GC(12) Pause Young (Allocation Failure) 351M->225M(445M) 5.391ms
[7.784s][info][gc,cpu      ] GC(12) User=0.01s Sys=0.00s Real=0.00s
[8.089s][info][gc,start    ] GC(13) Pause Young (Allocation Failure)
[8.096s][info][gc,heap     ] GC(13) PSYoungGen: 133792K(227840K)->64K(235008K) Eden: 131584K(131584K)->0K(142848K) From: 2208K(96256K)->64K(92160K)
[8.096s][info][gc,heap     ] GC(13) ParOldGen: 228303K(228352K)->230488K(230912K)
[8.096s][info][gc,metaspace] GC(13) Metaspace: 16940K(17088K)->16940K(17088K) NonClass: 14354K(14464K)->14354K(14464K) Class: 2585K(2624K)->2585K(2624K)
[8.096s][info][gc          ] GC(13) Pause Young (Allocation Failure) 353M->225M(455M) 6.426ms
[8.096s][info][gc,cpu      ] GC(13) User=0.01s Sys=0.01s Real=0.00s
[8.310s][info][gc,start    ] GC(14) Pause Young (Allocation Failure)
[8.334s][info][gc,heap     ] GC(14) PSYoungGen: 142912K(235008K)->24096K(233984K) Eden: 142848K(142848K)->0K(142848K) From: 64K(92160K)->24096K(91136K)
[8.334s][info][gc,heap     ] GC(14) ParOldGen: 230488K(230912K)->230520K(230912K)
[8.334s][info][gc,metaspace] GC(14) Metaspace: 16960K(17152K)->16960K(17152K) NonClass: 14374K(14464K)->14374K(14464K) Class: 2586K(2688K)->2586K(2688K)
[8.334s][info][gc          ] GC(14) Pause Young (Allocation Failure) 364M->248M(454M) 23.952ms
[8.334s][info][gc,cpu      ] GC(14) User=0.05s Sys=0.00s Real=0.02s
[8.648s][info][gc,start    ] GC(15) Pause Young (Allocation Failure)
[8.714s][info][gc,heap     ] GC(15) PSYoungGen: 166944K(233984K)->37424K(236544K) Eden: 142848K(142848K)->0K(151552K) From: 24096K(91136K)->37424K(84992K)
[8.714s][info][gc,heap     ] GC(15) ParOldGen: 230520K(230912K)->254632K(254976K)
[8.714s][info][gc,metaspace] GC(15) Metaspace: 16986K(17152K)->16986K(17152K) NonClass: 14398K(14464K)->14398K(14464K) Class: 2588K(2688K)->2588K(2688K)
[8.714s][info][gc          ] GC(15) Pause Young (Allocation Failure) 388M->285M(480M) 66.048ms
[8.714s][info][gc,cpu      ] GC(15) User=0.11s Sys=0.02s Real=0.06s
[9.051s][info][gc,start    ] GC(16) Pause Young (Allocation Failure)
[9.119s][info][gc,heap     ] GC(16) PSYoungGen: 188976K(236544K)->15683K(235520K) Eden: 151552K(151552K)->0K(151552K) From: 37424K(84992K)->15683K(83968K)
[9.119s][info][gc,heap     ] GC(16) ParOldGen: 254632K(254976K)->292332K(292352K)
[9.119s][info][gc,metaspace] GC(16) Metaspace: 17003K(17152K)->17003K(17152K) NonClass: 14413K(14464K)->14413K(14464K) Class: 2590K(2688K)->2590K(2688K)
[9.119s][info][gc          ] GC(16) Pause Young (Allocation Failure) 433M->300M(515M) 68.692ms
[9.119s][info][gc,cpu      ] GC(16) User=0.10s Sys=0.04s Real=0.07s
[9.431s][info][gc,start    ] GC(17) Pause Young (Allocation Failure)
[9.466s][info][gc,heap     ] GC(17) PSYoungGen: 167235K(235520K)->2368K(245760K) Eden: 151552K(151552K)->0K(166400K) From: 15683K(83968K)->2368K(79360K)
[9.466s][info][gc,heap     ] GC(17) ParOldGen: 292332K(292352K)->308007K(308224K)
[9.466s][info][gc,metaspace] GC(17) Metaspace: 17014K(17152K)->17014K(17152K) NonClass: 14423K(14464K)->14423K(14464K) Class: 2590K(2688K)->2590K(2688K)
[9.466s][info][gc          ] GC(17) Pause Young (Allocation Failure) 448M->303M(541M) 34.831ms
[9.466s][info][gc,cpu      ] GC(17) User=0.05s Sys=0.02s Real=0.03s
[10.136s][info][gc,start    ] GC(18) Pause Young (Allocation Failure)
[10.144s][info][gc,heap     ] GC(18) PSYoungGen: 168768K(245760K)->736K(244224K) Eden: 166400K(166400K)->0K(166400K) From: 2368K(79360K)->736K(77824K)
[10.144s][info][gc,heap     ] GC(18) ParOldGen: 308007K(308224K)->310359K(310784K)
[10.144s][info][gc,metaspace] GC(18) Metaspace: 17024K(17216K)->17024K(17216K) NonClass: 14434K(14528K)->14434K(14528K) Class: 2590K(2688K)->2590K(2688K)
[10.144s][info][gc          ] GC(18) Pause Young (Allocation Failure) 465M->303M(542M) 7.577ms
[10.144s][info][gc,cpu      ] GC(18) User=0.02s Sys=0.01s Real=0.01s
[10.520s][info][gc,start    ] GC(19) Pause Young (Allocation Failure)
[10.549s][info][gc,heap     ] GC(19) PSYoungGen: 167136K(244224K)->29280K(253952K) Eden: 166400K(166400K)->0K(178688K) From: 736K(77824K)->29280K(75264K)
[10.549s][info][gc,heap     ] GC(19) ParOldGen: 310359K(310784K)->310891K(311296K)
[10.549s][info][gc,metaspace] GC(19) Metaspace: 17043K(17216K)->17043K(17216K) NonClass: 14453K(14528K)->14453K(14528K) Class: 2590K(2688K)->2590K(2688K)
[10.549s][info][gc          ] GC(19) Pause Young (Allocation Failure) 466M->332M(552M) 29.467ms
[10.549s][info][gc,cpu      ] GC(19) User=0.06s Sys=0.00s Real=0.03s
[11.102s][info][gc,start    ] GC(20) Pause Young (Allocation Failure)
[11.192s][info][gc,heap     ] GC(20) PSYoungGen: 207968K(253952K)->44448K(252416K) Eden: 178688K(178688K)->0K(178688K) From: 29280K(75264K)->44448K(73728K)
[11.192s][info][gc,heap     ] GC(20) ParOldGen: 310891K(311296K)->340194K(340480K)
[11.192s][info][gc,metaspace] GC(20) Metaspace: 17052K(17216K)->17052K(17216K) NonClass: 14461K(14528K)->14461K(14528K) Class: 2590K(2688K)->2590K(2688K)
[11.192s][info][gc          ] GC(20) Pause Young (Allocation Failure) 506M->375M(579M) 89.518ms
[11.192s][info][gc,cpu      ] GC(20) User=0.15s Sys=0.03s Real=0.09s
[11.506s][info][gc,start    ] GC(21) Pause Young (Allocation Failure)
[11.590s][info][gc,heap     ] GC(21) PSYoungGen: 223136K(252416K)->7904K(257024K) Eden: 178688K(178688K)->0K(182272K) From: 44448K(73728K)->7904K(74752K)
[11.590s][info][gc,heap     ] GC(21) ParOldGen: 340194K(340480K)->384860K(385024K)
[11.590s][info][gc,metaspace] GC(21) Metaspace: 17054K(17216K)->17054K(17216K) NonClass: 14464K(14528K)->14464K(14528K) Class: 2590K(2688K)->2590K(2688K)
[11.590s][info][gc          ] GC(21) Pause Young (Allocation Failure) 550M->383M(627M) 83.515ms
[11.590s][info][gc,cpu      ] GC(21) User=0.12s Sys=0.04s Real=0.09s
[11.904s][info][gc,start    ] GC(22) Pause Young (Allocation Failure)
[11.972s][info][gc,heap     ] GC(22) PSYoungGen: 190176K(257024K)->61152K(243712K) Eden: 182272K(182272K)->0K(182272K) From: 7904K(74752K)->61152K(61440K)
[11.972s][info][gc,heap     ] GC(22) ParOldGen: 384860K(385024K)->392756K(393216K)
[11.972s][info][gc,metaspace] GC(22) Metaspace: 17058K(17216K)->17058K(17216K) NonClass: 14468K(14528K)->14468K(14528K) Class: 2590K(2688K)->2590K(2688K)
[11.972s][info][gc          ] GC(22) Pause Young (Allocation Failure) 561M->443M(622M) 68.548ms
[11.972s][info][gc,cpu      ] GC(22) User=0.14s Sys=0.00s Real=0.07s
[12.346s][info][gc,start    ] GC(23) Pause Young (Allocation Failure)
[12.476s][info][gc,heap     ] GC(23) PSYoungGen: 243424K(243712K)->46000K(246784K) Eden: 182272K(182272K)->0K(162816K) From: 61152K(61440K)->46000K(83968K)
[12.476s][info][gc,heap     ] GC(23) ParOldGen: 392756K(393216K)->454076K(454144K)
[12.476s][info][gc,metaspace] GC(23) Metaspace: 17068K(17216K)->17068K(17216K) NonClass: 14477K(14528K)->14477K(14528K) Class: 2590K(2688K)->2590K(2688K)
[12.476s][info][gc          ] GC(23) Pause Young (Allocation Failure) 621M->488M(684M) 130.191ms
[12.476s][info][gc,cpu      ] GC(23) User=0.22s Sys=0.04s Real=0.13s
[12.825s][info][gc,start    ] GC(24) Pause Young (Allocation Failure)
[12.949s][info][gc,heap     ] GC(24) PSYoungGen: 208816K(246784K)->60419K(223744K) Eden: 162816K(162816K)->0K(162816K) From: 46000K(83968K)->60419K(60928K)
[12.949s][info][gc,heap     ] GC(24) ParOldGen: 454076K(454144K)->500231K(500736K)
[12.949s][info][gc,metaspace] GC(24) Metaspace: 17078K(17280K)->17078K(17280K) NonClass: 14487K(14592K)->14487K(14592K) Class: 2590K(2688K)->2590K(2688K)
[12.949s][info][gc          ] GC(24) Pause Young (Allocation Failure) 647M->547M(707M) 124.132ms
[12.949s][info][gc,cpu      ] GC(24) User=0.21s Sys=0.04s Real=0.13s
[13.157s][info][gc,start    ] GC(25) Pause Young (Allocation Failure)
[13.254s][info][gc,heap     ] GC(25) PSYoungGen: 223235K(223744K)->7508K(243712K) Eden: 162816K(162816K)->0K(151552K) From: 60419K(60928K)->7508K(92160K)
[13.254s][info][gc,heap     ] GC(25) ParOldGen: 500231K(500736K)->560718K(561152K)
[13.254s][info][gc,metaspace] GC(25) Metaspace: 17139K(17280K)->17139K(17280K) NonClass: 14540K(14592K)->14540K(14592K) Class: 2598K(2688K)->2598K(2688K)
[13.254s][info][gc          ] GC(25) Pause Young (Allocation Failure) 706M->554M(786M) 97.586ms
[13.254s][info][gc,cpu      ] GC(25) User=0.14s Sys=0.04s Real=0.10s
[13.426s][info][gc,start    ] GC(26) Pause Young (Allocation Failure)
[13.454s][info][gc,heap     ] GC(26) PSYoungGen: 159060K(243712K)->10784K(162816K) Eden: 151552K(151552K)->0K(151552K) From: 7508K(92160K)->10784K(11264K)
[13.454s][info][gc,heap     ] GC(26) ParOldGen: 560718K(561152K)->566899K(567296K)
[13.454s][info][gc,metaspace] GC(26) Metaspace: 17157K(17344K)->17157K(17344K) NonClass: 14554K(14656K)->14554K(14656K) Class: 2602K(2688K)->2602K(2688K)
[13.454s][info][gc          ] GC(26) Pause Young (Allocation Failure) 702M->564M(713M) 28.039ms
[13.454s][info][gc,cpu      ] GC(26) User=0.05s Sys=0.01s Real=0.03s
[13.753s][info][gc,start    ] GC(27) Pause Young (Allocation Failure)
[13.795s][info][gc,heap     ] GC(27) PSYoungGen: 162336K(162816K)->34880K(240640K) Eden: 151552K(151552K)->0K(154112K) From: 10784K(11264K)->34880K(86528K)
[13.795s][info][gc,heap     ] GC(27) ParOldGen: 566899K(567296K)->577707K(578048K)
[13.795s][info][gc,metaspace] GC(27) Metaspace: 17176K(17344K)->17176K(17344K) NonClass: 14571K(14656K)->14571K(14656K) Class: 2605K(2688K)->2605K(2688K)
[13.795s][info][gc          ] GC(27) Pause Young (Allocation Failure) 712M->598M(799M) 41.769ms
[13.795s][info][gc,cpu      ] GC(27) User=0.07s Sys=0.01s Real=0.04s
[14.166s][info][gc,start    ] GC(28) Pause Young (Allocation Failure)
[14.255s][info][gc,heap     ] GC(28) PSYoungGen: 188992K(240640K)->34192K(238080K) Eden: 154112K(154112K)->0K(154112K) From: 34880K(86528K)->34192K(83968K)
[14.255s][info][gc,heap     ] GC(28) ParOldGen: 577707K(578048K)->612915K(613376K)
[14.255s][info][gc,metaspace] GC(28) Metaspace: 17181K(17344K)->17181K(17344K) NonClass: 14576K(14656K)->14576K(14656K) Class: 2605K(2688K)->2605K(2688K)
[14.255s][info][gc          ] GC(28) Pause Young (Allocation Failure) 748M->631M(831M) 88.709ms
[14.255s][info][gc,cpu      ] GC(28) User=0.16s Sys=0.02s Real=0.09s
[14.460s][info][gc,start    ] GC(29) Pause Full (Allocation Failure)
[14.460s][info][gc,phases,start] GC(29) Marking Phase
[14.591s][info][gc,phases      ] GC(29) Marking Phase 131.091ms
[14.591s][info][gc,phases,start] GC(29) Summary Phase
[14.591s][info][gc,phases      ] GC(29) Summary Phase 0.028ms
[14.591s][info][gc,phases,start] GC(29) Forward
[14.647s][info][gc,phases      ] GC(29) Forward 55.967ms
[14.647s][info][gc,phases,start] GC(29) Adjust Pointers
[14.729s][info][gc,phases      ] GC(29) Adjust Pointers 82.161ms
[14.729s][info][gc,phases,start] GC(29) Compaction Phase
[14.786s][info][gc,phases      ] GC(29) Compaction Phase 56.112ms
[14.789s][info][gc,phases,start] GC(29) Post Compact
[14.799s][info][gc,phases      ] GC(29) Post Compact 10.716ms
[14.818s][info][gc,heap        ] GC(29) PSYoungGen: 188304K(238080K)->0K(244224K) Eden: 154112K(154112K)->0K(163328K) From: 34192K(83968K)->0K(80896K)
[14.818s][info][gc,heap        ] GC(29) ParOldGen: 612915K(613376K)->189904K(340480K)
[14.818s][info][gc,metaspace   ] GC(29) Metaspace: 17182K(17344K)->17182K(17344K) NonClass: 14576K(14656K)->14576K(14656K) Class: 2605K(2688K)->2605K(2688K)
[14.818s][info][gc             ] GC(29) Pause Full (Allocation Failure) 782M->185M(571M) 357.867ms
[14.818s][info][gc,cpu         ] GC(29) User=0.57s Sys=0.04s Real=0.36s
[15.002s][info][gc,start       ] GC(30) Pause Young (Allocation Failure)
[15.061s][info][gc,heap        ] GC(30) PSYoungGen: 163328K(244224K)->68416K(231936K) Eden: 163328K(163328K)->0K(163328K) From: 0K(80896K)->68416K(68608K)
[15.061s][info][gc,heap        ] GC(30) ParOldGen: 189904K(340480K)->189904K(340480K)
[15.061s][info][gc,metaspace   ] GC(30) Metaspace: 17182K(17344K)->17182K(17344K) NonClass: 14577K(14656K)->14577K(14656K) Class: 2605K(2688K)->2605K(2688K)
[15.061s][info][gc             ] GC(30) Pause Young (Allocation Failure) 344M->252M(559M) 59.136ms
[15.061s][info][gc,cpu         ] GC(30) User=0.12s Sys=0.00s Real=0.06s
[15.414s][info][gc,start       ] GC(31) Pause Young (Allocation Failure)
[15.516s][info][gc,heap        ] GC(31) PSYoungGen: 231744K(231936K)->46404K(243712K) Eden: 163328K(163328K)->0K(153088K) From: 68416K(68608K)->46404K(90624K)
[15.516s][info][gc,heap        ] GC(31) ParOldGen: 189904K(340480K)->258808K(340480K)
[15.516s][info][gc,metaspace   ] GC(31) Metaspace: 17186K(17344K)->17186K(17344K) NonClass: 14579K(14656K)->14579K(14656K) Class: 2607K(2688K)->2607K(2688K)
[15.516s][info][gc             ] GC(31) Pause Young (Allocation Failure) 411M->298M(570M) 101.996ms
[15.516s][info][gc,cpu         ] GC(31) User=0.21s Sys=0.00s Real=0.10s
[15.656s][info][gc,start       ] GC(32) Pause Young (Allocation Failure)
[15.760s][info][gc,heap        ] GC(32) PSYoungGen: 199492K(243712K)->16352K(169472K) Eden: 153088K(153088K)->0K(153088K) From: 46404K(90624K)->16352K(16384K)
[15.760s][info][gc,heap        ] GC(32) ParOldGen: 258808K(340480K)->305490K(340480K)
[15.760s][info][gc,metaspace   ] GC(32) Metaspace: 17188K(17344K)->17188K(17344K) NonClass: 14581K(14656K)->14581K(14656K) Class: 2607K(2688K)->2607K(2688K)
[15.760s][info][gc             ] GC(32) Pause Young (Allocation Failure) 447M->314M(498M) 103.602ms
[15.760s][info][gc,cpu         ] GC(32) User=0.20s Sys=0.00s Real=0.11s
[15.992s][info][gc,start       ] GC(33) Pause Young (Allocation Failure)
[16.054s][info][gc,heap        ] GC(33) PSYoungGen: 169440K(169472K)->29985K(245248K) Eden: 153088K(153088K)->0K(158208K) From: 16352K(16384K)->29985K(87040K)
[16.055s][info][gc,heap        ] GC(33) ParOldGen: 305490K(340480K)->321850K(340480K)
[16.055s][info][gc,metaspace   ] GC(33) Metaspace: 17189K(17344K)->17189K(17344K) NonClass: 14582K(14656K)->14582K(14656K) Class: 2607K(2688K)->2607K(2688K)
[16.055s][info][gc             ] GC(33) Pause Young (Allocation Failure) 463M->343M(572M) 62.105ms
[16.055s][info][gc,cpu         ] GC(33) User=0.13s Sys=0.00s Real=0.06s
[16.203s][info][gc,start       ] GC(34) Pause Young (Allocation Failure)
[16.268s][info][gc,heap        ] GC(34) PSYoungGen: 188193K(245248K)->18336K(240128K) Eden: 158208K(158208K)->0K(158208K) From: 29985K(87040K)->18336K(81920K)
[16.268s][info][gc,heap        ] GC(34) ParOldGen: 321850K(340480K)->351871K(352256K)
[16.268s][info][gc,metaspace   ] GC(34) Metaspace: 17192K(17344K)->17192K(17344K) NonClass: 14585K(14656K)->14585K(14656K) Class: 2607K(2688K)->2607K(2688K)
[16.269s][info][gc             ] GC(34) Pause Young (Allocation Failure) 498M->361M(578M) 65.244ms
[16.269s][info][gc,cpu         ] GC(34) User=0.12s Sys=0.02s Real=0.07s
[16.464s][info][gc,start       ] GC(35) Pause Young (Allocation Failure)
[16.513s][info][gc,heap        ] GC(35) PSYoungGen: 176544K(240128K)->14976K(246784K) Eden: 158208K(158208K)->0K(167424K) From: 18336K(81920K)->14976K(79360K)
[16.513s][info][gc,heap        ] GC(35) ParOldGen: 351871K(352256K)->370223K(370688K)
[16.513s][info][gc,metaspace   ] GC(35) Metaspace: 17202K(17344K)->17202K(17344K) NonClass: 14589K(14656K)->14589K(14656K) Class: 2613K(2688K)->2613K(2688K)
[16.513s][info][gc             ] GC(35) Pause Young (Allocation Failure) 516M->376M(603M) 48.806ms
[16.513s][info][gc,cpu         ] GC(35) User=0.07s Sys=0.02s Real=0.05s
[16.668s][info][gc,start       ] GC(36) Pause Young (Allocation Failure)
[16.706s][info][gc,heap        ] GC(36) PSYoungGen: 182400K(246784K)->4256K(244224K) Eden: 167424K(167424K)->0K(167424K) From: 14976K(79360K)->4256K(76800K)
[16.706s][info][gc,heap        ] GC(36) ParOldGen: 370223K(370688K)->385191K(385536K)
[16.706s][info][gc,metaspace   ] GC(36) Metaspace: 17203K(17344K)->17203K(17344K) NonClass: 14590K(14656K)->14590K(14656K) Class: 2613K(2688K)->2613K(2688K)
[16.706s][info][gc             ] GC(36) Pause Young (Allocation Failure) 539M->380M(615M) 37.611ms
[16.706s][info][gc,cpu         ] GC(36) User=0.06s Sys=0.01s Real=0.03s
[16.938s][info][gc,start       ] GC(37) Pause Young (Allocation Failure)
[16.962s][info][gc,heap        ] GC(37) PSYoungGen: 171680K(244224K)->10656K(254976K) Eden: 167424K(167424K)->0K(179712K) From: 4256K(76800K)->10656K(75264K)
[16.962s][info][gc,heap        ] GC(37) ParOldGen: 385191K(385536K)->389431K(389632K)
[16.962s][info][gc,metaspace   ] GC(37) Metaspace: 17205K(17344K)->17205K(17344K) NonClass: 14591K(14656K)->14591K(14656K) Class: 2613K(2688K)->2613K(2688K)
[16.962s][info][gc             ] GC(37) Pause Young (Allocation Failure) 543M->390M(629M) 24.209ms
[16.962s][info][gc,cpu         ] GC(37) User=0.04s Sys=0.01s Real=0.02s
[17.255s][info][gc,start       ] GC(38) Pause Young (Allocation Failure)
[17.296s][info][gc,heap        ] GC(38) PSYoungGen: 190368K(254976K)->21824K(253952K) Eden: 179712K(179712K)->0K(179712K) From: 10656K(75264K)->21824K(74240K)
[17.296s][info][gc,heap        ] GC(38) ParOldGen: 389431K(389632K)->400077K(400384K)
[17.296s][info][gc,metaspace   ] GC(38) Metaspace: 17205K(17344K)->17205K(17344K) NonClass: 14592K(14656K)->14592K(14656K) Class: 2613K(2688K)->2613K(2688K)
[17.296s][info][gc             ] GC(38) Pause Young (Allocation Failure) 566M->412M(639M) 41.308ms
[17.296s][info][gc,cpu         ] GC(38) User=0.07s Sys=0.00s Real=0.04s
[18.022s][info][gc,start       ] GC(39) Pause Young (Allocation Failure)
[18.071s][info][gc,heap        ] GC(39) PSYoungGen: 201536K(253952K)->13568K(256512K) Eden: 179712K(179712K)->0K(186880K) From: 21824K(74240K)->13568K(69632K)
[18.071s][info][gc,heap        ] GC(39) ParOldGen: 400077K(400384K)->421914K(422400K)
[18.071s][info][gc,metaspace   ] GC(39) Metaspace: 17222K(17344K)->17222K(17344K) NonClass: 14609K(14656K)->14609K(14656K) Class: 2613K(2688K)->2613K(2688K)
[18.071s][info][gc             ] GC(39) Pause Young (Allocation Failure) 587M->425M(663M) 49.172ms
[18.071s][info][gc,cpu         ] GC(39) User=0.07s Sys=0.02s Real=0.05s
[18.695s][info][gc,start       ] GC(40) Pause Young (Allocation Failure)
[18.735s][info][gc,heap        ] GC(40) PSYoungGen: 200448K(256512K)->128K(253952K) Eden: 186880K(186880K)->0K(186880K) From: 13568K(69632K)->128K(67072K)
[18.735s][info][gc,heap        ] GC(40) ParOldGen: 421914K(422400K)->435474K(435712K)
[18.735s][info][gc,metaspace   ] GC(40) Metaspace: 17234K(17408K)->17234K(17408K) NonClass: 14621K(14720K)->14621K(14720K) Class: 2613K(2688K)->2613K(2688K)
[18.735s][info][gc             ] GC(40) Pause Young (Allocation Failure) 607M->425M(673M) 39.768ms
[18.735s][info][gc,cpu         ] GC(40) User=0.07s Sys=0.00s Real=0.04s
[19.186s][info][gc,start       ] GC(41) Pause Young (Allocation Failure)
[19.190s][info][gc,heap        ] GC(41) PSYoungGen: 187008K(253952K)->544K(264704K) Eden: 186880K(186880K)->0K(198144K) From: 128K(67072K)->544K(66560K)
[19.190s][info][gc,heap        ] GC(41) ParOldGen: 435474K(435712K)->435578K(435712K)
[19.190s][info][gc,metaspace   ] GC(41) Metaspace: 17234K(17408K)->17234K(17408K) NonClass: 14621K(14720K)->14621K(14720K) Class: 2613K(2688K)->2613K(2688K)
[19.190s][info][gc             ] GC(41) Pause Young (Allocation Failure) 607M->425M(684M) 3.719ms
[19.190s][info][gc,cpu         ] GC(41) User=0.01s Sys=0.00s Real=0.01s
[19.855s][info][gc,start       ] GC(42) Pause Young (Allocation Failure)
[19.877s][info][gc,heap        ] GC(42) PSYoungGen: 198688K(264704K)->4448K(263680K) Eden: 198144K(198144K)->0K(198144K) From: 544K(66560K)->4448K(65536K)
[19.877s][info][gc,heap        ] GC(42) ParOldGen: 435578K(435712K)->435586K(435712K)
[19.877s][info][gc,metaspace   ] GC(42) Metaspace: 17235K(17408K)->17235K(17408K) NonClass: 14622K(14720K)->14622K(14720K) Class: 2613K(2688K)->2613K(2688K)
[19.877s][info][gc             ] GC(42) Pause Young (Allocation Failure) 619M->429M(683M) 21.497ms
[19.877s][info][gc,cpu         ] GC(42) User=0.04s Sys=0.00s Real=0.02s
[20.190s][info][gc,start       ] GC(43) Pause Young (Allocation Failure)
[20.236s][info][gc,heap        ] GC(43) PSYoungGen: 202592K(263680K)->51110K(254976K) Eden: 198144K(198144K)->0K(191488K) From: 4448K(65536K)->51110K(63488K)
[20.236s][info][gc,heap        ] GC(43) ParOldGen: 435586K(435712K)->440026K(440320K)
[20.236s][info][gc,metaspace   ] GC(43) Metaspace: 17243K(17408K)->17243K(17408K) NonClass: 14630K(14720K)->14630K(14720K) Class: 2613K(2688K)->2613K(2688K)
[20.236s][info][gc             ] GC(43) Pause Young (Allocation Failure) 623M->479M(679M) 45.751ms
[20.236s][info][gc,cpu         ] GC(43) User=0.09s Sys=0.01s Real=0.04s
[20.559s][info][gc,start       ] GC(44) Pause Young (Allocation Failure)
[20.664s][info][gc,heap        ] GC(44) PSYoungGen: 242598K(254976K)->47792K(239616K) Eden: 191488K(191488K)->0K(191488K) From: 51110K(63488K)->47792K(48128K)
[20.664s][info][gc,heap        ] GC(44) ParOldGen: 440026K(440320K)->491599K(492032K)
[20.664s][info][gc,metaspace   ] GC(44) Metaspace: 17266K(17472K)->17266K(17472K) NonClass: 14651K(14784K)->14651K(14784K) Class: 2614K(2688K)->2614K(2688K)
[20.664s][info][gc             ] GC(44) Pause Young (Allocation Failure) 666M->526M(714M) 105.047ms
[20.664s][info][gc,cpu         ] GC(44) User=0.16s Sys=0.04s Real=0.10s
[20.815s][info][gc,start       ] GC(45) Pause Young (Allocation Failure)
[20.895s][info][gc,heap        ] GC(45) PSYoungGen: 239280K(239616K)->22272K(262656K) Eden: 191488K(191488K)->0K(186368K) From: 47792K(48128K)->22272K(76288K)
[20.895s][info][gc,heap        ] GC(45) ParOldGen: 491599K(492032K)->539779K(540160K)
[20.895s][info][gc,metaspace   ] GC(45) Metaspace: 17267K(17472K)->17267K(17472K) NonClass: 14653K(14784K)->14653K(14784K) Class: 2614K(2688K)->2614K(2688K)
[20.895s][info][gc             ] GC(45) Pause Young (Allocation Failure) 713M->548M(784M) 79.458ms
[20.895s][info][gc,cpu         ] GC(45) User=0.12s Sys=0.04s Real=0.08s
[21.122s][info][gc,start       ] GC(46) Pause Young (Allocation Failure)
[21.181s][info][gc,heap        ] GC(46) PSYoungGen: 208640K(262656K)->17900K(204288K) Eden: 186368K(186368K)->0K(186368K) From: 22272K(76288K)->17900K(17920K)
[21.181s][info][gc,heap        ] GC(46) ParOldGen: 539779K(540160K)->562203K(562688K)
[21.181s][info][gc,metaspace   ] GC(46) Metaspace: 17269K(17472K)->17269K(17472K) NonClass: 14655K(14784K)->14655K(14784K) Class: 2614K(2688K)->2614K(2688K)
[21.181s][info][gc             ] GC(46) Pause Young (Allocation Failure) 730M->566M(749M) 58.477ms
[21.181s][info][gc,cpu         ] GC(46) User=0.10s Sys=0.02s Real=0.06s
[21.449s][info][gc,start       ] GC(47) Pause Young (Allocation Failure)
[21.533s][info][gc,heap        ] GC(47) PSYoungGen: 204268K(204288K)->36192K(253440K) Eden: 186368K(186368K)->0K(185856K) From: 17900K(17920K)->36192K(67584K)
[21.533s][info][gc,heap        ] GC(47) ParOldGen: 562203K(562688K)->580095K(580096K)
[21.533s][info][gc,metaspace   ] GC(47) Metaspace: 17271K(17472K)->17271K(17472K) NonClass: 14657K(14784K)->14657K(14784K) Class: 2614K(2688K)->2614K(2688K)
[21.533s][info][gc             ] GC(47) Pause Young (Allocation Failure) 748M->601M(814M) 84.218ms
[21.533s][info][gc,cpu         ] GC(47) User=0.15s Sys=0.01s Real=0.08s
[21.712s][info][gc,start       ] GC(48) Pause Young (Allocation Failure)
[21.794s][info][gc,heap        ] GC(48) PSYoungGen: 222048K(253440K)->22112K(253952K) Eden: 185856K(185856K)->0K(185856K) From: 36192K(67584K)->22112K(68096K)
[21.794s][info][gc,heap        ] GC(48) ParOldGen: 580095K(580096K)->616335K(616448K)
[21.794s][info][gc,metaspace   ] GC(48) Metaspace: 17273K(17472K)->17273K(17472K) NonClass: 14659K(14784K)->14659K(14784K) Class: 2614K(2688K)->2614K(2688K)
[21.794s][info][gc             ] GC(48) Pause Young (Allocation Failure) 783M->623M(850M) 82.363ms
[21.794s][info][gc,cpu         ] GC(48) User=0.13s Sys=0.03s Real=0.08s
[21.957s][info][gc,start       ] GC(49) Pause Full (Allocation Failure)
[21.958s][info][gc,phases,start] GC(49) Marking Phase
[22.211s][info][gc,phases      ] GC(49) Marking Phase 253.897ms
[22.211s][info][gc,phases,start] GC(49) Summary Phase
[22.212s][info][gc,phases      ] GC(49) Summary Phase 0.039ms
[22.212s][info][gc,phases,start] GC(49) Forward
[22.307s][info][gc,phases      ] GC(49) Forward 95.043ms
[22.307s][info][gc,phases,start] GC(49) Adjust Pointers
[22.505s][info][gc,phases      ] GC(49) Adjust Pointers 198.722ms
[22.505s][info][gc,phases,start] GC(49) Compaction Phase
[22.624s][info][gc,phases      ] GC(49) Compaction Phase 118.353ms
[22.632s][info][gc,phases,start] GC(49) Post Compact
[22.635s][info][gc,phases      ] GC(49) Post Compact 2.672ms
[22.641s][info][gc,heap        ] GC(49) PSYoungGen: 207968K(253952K)->0K(262144K) Eden: 185856K(185856K)->0K(198144K) From: 22112K(68096K)->0K(64000K)
[22.641s][info][gc,heap        ] GC(49) ParOldGen: 616335K(616448K)->373239K(526336K)
[22.641s][info][gc,metaspace   ] GC(49) Metaspace: 17274K(17472K)->17274K(17472K) NonClass: 14660K(14784K)->14660K(14784K) Class: 2614K(2688K)->2614K(2688K)
[22.641s][info][gc             ] GC(49) Pause Full (Allocation Failure) 804M->364M(770M) 683.342ms
[22.641s][info][gc,cpu         ] GC(49) User=1.27s Sys=0.02s Real=0.68s
[22.943s][info][gc,start       ] GC(50) Pause Young (Allocation Failure)
[22.959s][info][gc,heap        ] GC(50) PSYoungGen: 198144K(262144K)->10880K(262144K) Eden: 198144K(198144K)->0K(198144K) From: 0K(64000K)->10880K(64000K)
[22.959s][info][gc,heap        ] GC(50) ParOldGen: 373239K(526336K)->373239K(526336K)
[22.959s][info][gc,metaspace   ] GC(50) Metaspace: 17292K(17472K)->17292K(17472K) NonClass: 14678K(14784K)->14678K(14784K) Class: 2614K(2688K)->2614K(2688K)
[22.959s][info][gc             ] GC(50) Pause Young (Allocation Failure) 557M->375M(770M) 16.423ms
[22.959s][info][gc,cpu         ] GC(50) User=0.04s Sys=0.00s Real=0.02s
[23.291s][info][gc,start       ] GC(51) Pause Young (Allocation Failure)
[23.325s][info][gc,heap        ] GC(51) PSYoungGen: 209024K(262144K)->22464K(264704K) Eden: 198144K(198144K)->0K(207872K) From: 10880K(64000K)->22464K(56832K)
[23.325s][info][gc,heap        ] GC(51) ParOldGen: 373239K(526336K)->384103K(526336K)
[23.325s][info][gc,metaspace   ] GC(51) Metaspace: 17305K(17472K)->17305K(17472K) NonClass: 14691K(14784K)->14691K(14784K) Class: 2614K(2688K)->2614K(2688K)
[23.326s][info][gc             ] GC(51) Pause Young (Allocation Failure) 568M->397M(772M) 34.721ms
[23.326s][info][gc,cpu         ] GC(51) User=0.07s Sys=0.00s Real=0.03s
[23.846s][info][gc,start       ] GC(52) Pause Young (Allocation Failure)
[23.920s][info][gc,heap        ] GC(52) PSYoungGen: 230336K(264704K)->20464K(266240K) Eden: 207872K(207872K)->0K(207872K) From: 22464K(56832K)->20464K(58368K)
[23.920s][info][gc,heap        ] GC(52) ParOldGen: 384103K(526336K)->406589K(526336K)
[23.920s][info][gc,metaspace   ] GC(52) Metaspace: 17316K(17472K)->17316K(17472K) NonClass: 14701K(14784K)->14701K(14784K) Class: 2615K(2688K)->2615K(2688K)
[23.920s][info][gc             ] GC(52) Pause Young (Allocation Failure) 600M->417M(774M) 74.023ms
[23.920s][info][gc,cpu         ] GC(52) User=0.14s Sys=0.00s Real=0.08s
[24.230s][info][gc,start       ] GC(53) Pause Young (Allocation Failure)
[24.352s][info][gc,heap        ] GC(53) PSYoungGen: 228336K(266240K)->54016K(262144K) Eden: 207872K(207872K)->0K(206848K) From: 20464K(58368K)->54016K(55296K)
[24.352s][info][gc,heap        ] GC(53) ParOldGen: 406589K(526336K)->427133K(526336K)
[24.352s][info][gc,metaspace   ] GC(53) Metaspace: 17344K(17472K)->17344K(17472K) NonClass: 14729K(14784K)->14729K(14784K) Class: 2615K(2688K)->2615K(2688K)
[24.352s][info][gc             ] GC(53) Pause Young (Allocation Failure) 620M->469M(770M) 121.196ms
[24.352s][info][gc,cpu         ] GC(53) User=0.24s Sys=0.01s Real=0.12s
[24.800s][info][gc,start       ] GC(54) Pause Young (Allocation Failure)
[24.868s][info][gc,heap        ] GC(54) PSYoungGen: 260864K(262144K)->24768K(270336K) Eden: 206848K(206848K)->0K(206848K) From: 54016K(55296K)->24768K(63488K)
[24.868s][info][gc,heap        ] GC(54) ParOldGen: 427133K(526336K)->481781K(526336K)
[24.868s][info][gc,metaspace   ] GC(54) Metaspace: 17350K(17472K)->17350K(17472K) NonClass: 14735K(14784K)->14735K(14784K) Class: 2615K(2688K)->2615K(2688K)
[24.868s][info][gc             ] GC(54) Pause Young (Allocation Failure) 671M->494M(778M) 67.715ms
[24.868s][info][gc,cpu         ] GC(54) User=0.13s Sys=0.00s Real=0.07s
[25.301s][info][gc,start       ] GC(55) Pause Young (Allocation Failure)
[25.377s][info][gc,heap        ] GC(55) PSYoungGen: 231616K(270336K)->40456K(269824K) Eden: 206848K(206848K)->0K(209920K) From: 24768K(63488K)->40456K(59904K)
[25.377s][info][gc,heap        ] GC(55) ParOldGen: 481781K(526336K)->506741K(526336K)
[25.377s][info][gc,metaspace   ] GC(55) Metaspace: 17351K(17472K)->17351K(17472K) NonClass: 14736K(14784K)->14736K(14784K) Class: 2615K(2688K)->2615K(2688K)
[25.377s][info][gc             ] GC(55) Pause Young (Allocation Failure) 696M->534M(777M) 75.726ms
[25.377s][info][gc,cpu         ] GC(55) User=0.15s Sys=0.00s Real=0.07s
[25.652s][info][gc,start       ] GC(56) Pause Young (Allocation Failure)
[25.731s][info][gc,heap        ] GC(56) PSYoungGen: 250376K(269824K)->16896K(271872K) Eden: 209920K(209920K)->0K(209920K) From: 40456K(59904K)->16896K(61952K)
[25.731s][info][gc,heap        ] GC(56) ParOldGen: 506741K(526336K)->547244K(547328K)
[25.731s][info][gc,metaspace   ] GC(56) Metaspace: 17351K(17472K)->17351K(17472K) NonClass: 14736K(14784K)->14736K(14784K) Class: 2615K(2688K)->2615K(2688K)
[25.731s][info][gc             ] GC(56) Pause Young (Allocation Failure) 739M->550M(800M) 78.639ms
[25.731s][info][gc,cpu         ] GC(56) User=0.14s Sys=0.01s Real=0.08s
[25.996s][info][gc,start       ] GC(57) Pause Young (Allocation Failure)
[26.031s][info][gc,heap        ] GC(57) PSYoungGen: 226816K(271872K)->4512K(271360K) Eden: 209920K(209920K)->0K(211456K) From: 16896K(61952K)->4512K(59904K)
[26.031s][info][gc,heap        ] GC(57) ParOldGen: 547244K(547328K)->564180K(564224K)
[26.031s][info][gc,metaspace   ] GC(57) Metaspace: 17351K(17472K)->17351K(17472K) NonClass: 14736K(14784K)->14736K(14784K) Class: 2615K(2688K)->2615K(2688K)
[26.031s][info][gc             ] GC(57) Pause Young (Allocation Failure) 755M->555M(816M) 35.199ms
[26.031s][info][gc,cpu         ] GC(57) User=0.05s Sys=0.01s Real=0.04s
[26.423s][info][gc,start       ] GC(58) Pause Young (Allocation Failure)
[26.464s][info][gc,heap        ] GC(58) PSYoungGen: 215968K(271360K)->23968K(235520K) Eden: 211456K(211456K)->0K(211456K) From: 4512K(59904K)->23968K(24064K)
[26.464s][info][gc,heap        ] GC(58) ParOldGen: 564180K(564224K)->568668K(568832K)
[26.464s][info][gc,metaspace   ] GC(58) Metaspace: 17351K(17472K)->17351K(17472K) NonClass: 14736K(14784K)->14736K(14784K) Class: 2615K(2688K)->2615K(2688K)
[26.464s][info][gc             ] GC(58) Pause Young (Allocation Failure) 761M->578M(785M) 41.505ms
[26.464s][info][gc,cpu         ] GC(58) User=0.08s Sys=0.00s Real=0.04s
[26.852s][info][gc,start       ] GC(59) Pause Young (Allocation Failure)
[26.930s][info][gc,heap        ] GC(59) PSYoungGen: 235424K(235520K)->51538K(262656K) Eden: 211456K(211456K)->0K(205824K) From: 23968K(24064K)->51538K(56832K)
[26.930s][info][gc,heap        ] GC(59) ParOldGen: 568668K(568832K)->592652K(592896K)
[26.930s][info][gc,metaspace   ] GC(59) Metaspace: 17362K(17472K)->17362K(17472K) NonClass: 14746K(14784K)->14746K(14784K) Class: 2615K(2688K)->2615K(2688K)
[26.930s][info][gc             ] GC(59) Pause Young (Allocation Failure) 785M->629M(835M) 77.808ms
[26.930s][info][gc,cpu         ] GC(59) User=0.14s Sys=0.02s Real=0.08s
[27.348s][info][gc,start       ] GC(60) Pause Young (Allocation Failure)
[27.451s][info][gc,heap        ] GC(60) PSYoungGen: 257362K(262656K)->31840K(269824K) Eden: 205824K(205824K)->0K(205824K) From: 51538K(56832K)->31840K(64000K)
[27.451s][info][gc,heap        ] GC(60) ParOldGen: 592652K(592896K)->644714K(645120K)
[27.451s][info][gc,metaspace   ] GC(60) Metaspace: 17363K(17472K)->17363K(17472K) NonClass: 14748K(14784K)->14748K(14784K) Class: 2615K(2688K)->2615K(2688K)
[27.451s][info][gc             ] GC(60) Pause Young (Allocation Failure) 830M->660M(893M) 102.241ms
[27.451s][info][gc,cpu         ] GC(60) User=0.17s Sys=0.03s Real=0.10s
[27.825s][info][gc,start       ] GC(61) Pause Full (Allocation Failure)
[27.825s][info][gc,phases,start] GC(61) Marking Phase
[28.177s][info][gc,phases      ] GC(61) Marking Phase 351.524ms
[28.177s][info][gc,phases,start] GC(61) Summary Phase
[28.177s][info][gc,phases      ] GC(61) Summary Phase 0.031ms
[28.177s][info][gc,phases,start] GC(61) Forward
[28.326s][info][gc,phases      ] GC(61) Forward 149.021ms
[28.326s][info][gc,phases,start] GC(61) Adjust Pointers
[28.595s][info][gc,phases      ] GC(61) Adjust Pointers 268.959ms
[28.595s][info][gc,phases,start] GC(61) Compaction Phase
[28.770s][info][gc,phases      ] GC(61) Compaction Phase 175.180ms
[28.782s][info][gc,phases,start] GC(61) Post Compact
[28.784s][info][gc,phases      ] GC(61) Post Compact 2.588ms
[28.785s][info][gc,heap        ] GC(61) PSYoungGen: 237664K(269824K)->0K(267776K) Eden: 205824K(205824K)->0K(207872K) From: 31840K(64000K)->0K(59904K)
[28.785s][info][gc,heap        ] GC(61) ParOldGen: 644714K(645120K)->504670K(667648K)
[28.785s][info][gc,metaspace   ] GC(61) Metaspace: 17373K(17536K)->17373K(17536K) NonClass: 14758K(14848K)->14758K(14848K) Class: 2615K(2688K)->2615K(2688K)
[28.785s][info][gc             ] GC(61) Pause Full (Allocation Failure) 861M->492M(913M) 959.213ms
[28.785s][info][gc,cpu         ] GC(61) User=1.79s Sys=0.01s Real=0.96s
[29.019s][info][gc,start       ] GC(62) Pause Young (Allocation Failure)
[29.036s][info][gc,heap        ] GC(62) PSYoungGen: 207872K(267776K)->12288K(269824K) Eden: 207872K(207872K)->0K(207872K) From: 0K(59904K)->12288K(61952K)
[29.036s][info][gc,heap        ] GC(62) ParOldGen: 504670K(667648K)->504670K(667648K)
[29.036s][info][gc,metaspace   ] GC(62) Metaspace: 17373K(17536K)->17373K(17536K) NonClass: 14758K(14848K)->14758K(14848K) Class: 2615K(2688K)->2615K(2688K)
[29.036s][info][gc             ] GC(62) Pause Young (Allocation Failure) 695M->504M(915M) 17.328ms
[29.036s][info][gc,cpu         ] GC(62) User=0.03s Sys=0.00s Real=0.01s
[29.263s][info][gc,start       ] GC(63) Pause Young (Allocation Failure)
[29.285s][info][gc,heap        ] GC(63) PSYoungGen: 220160K(269824K)->4032K(271360K) Eden: 207872K(207872K)->0K(210432K) From: 12288K(61952K)->4032K(60928K)
[29.285s][info][gc,heap        ] GC(63) ParOldGen: 504670K(667648K)->516982K(667648K)
[29.285s][info][gc,metaspace   ] GC(63) Metaspace: 17373K(17536K)->17373K(17536K) NonClass: 14758K(14848K)->14758K(14848K) Class: 2615K(2688K)->2615K(2688K)
[29.285s][info][gc             ] GC(63) Pause Young (Allocation Failure) 707M->508M(917M) 21.788ms
[29.285s][info][gc,cpu         ] GC(63) User=0.04s Sys=0.00s Real=0.02s
[29.694s][info][gc,start       ] GC(64) Pause Young (Allocation Failure)
[29.726s][info][gc,heap        ] GC(64) PSYoungGen: 214464K(271360K)->26704K(237568K) Eden: 210432K(210432K)->0K(210432K) From: 4032K(60928K)->26704K(27136K)
[29.726s][info][gc,heap        ] GC(64) ParOldGen: 516982K(667648K)->521014K(667648K)
[29.726s][info][gc,metaspace   ] GC(64) Metaspace: 17373K(17536K)->17373K(17536K) NonClass: 14758K(14848K)->14758K(14848K) Class: 2615K(2688K)->2615K(2688K)
[29.726s][info][gc             ] GC(64) Pause Young (Allocation Failure) 714M->534M(884M) 32.716ms
[29.727s][info][gc,cpu         ] GC(64) User=0.06s Sys=0.00s Real=0.03s
[30.425s][info][gc,start       ] GC(65) Pause Young (Allocation Failure)
[30.465s][info][gc,heap        ] GC(65) PSYoungGen: 237136K(237568K)->64K(269824K) Eden: 210432K(210432K)->0K(210944K) From: 26704K(27136K)->64K(58880K)
[30.465s][info][gc,heap        ] GC(65) ParOldGen: 521014K(667648K)->547711K(667648K)
[30.465s][info][gc,metaspace   ] GC(65) Metaspace: 17373K(17536K)->17373K(17536K) NonClass: 14758K(14848K)->14758K(14848K) Class: 2615K(2688K)->2615K(2688K)
[30.465s][info][gc             ] GC(65) Pause Young (Allocation Failure) 740M->534M(915M) 40.638ms
[30.465s][info][gc,cpu         ] GC(65) User=0.08s Sys=0.00s Real=0.04s
[31.061s][info][gc,start       ] GC(66) Pause Young (Allocation Failure)
[31.066s][info][gc,heap        ] GC(66) PSYoungGen: 211008K(269824K)->192K(270336K) Eden: 210944K(210944K)->0K(210944K) From: 64K(58880K)->192K(59392K)
[31.066s][info][gc,heap        ] GC(66) ParOldGen: 547711K(667648K)->547743K(667648K)
[31.066s][info][gc,metaspace   ] GC(66) Metaspace: 17383K(17600K)->17383K(17600K) NonClass: 14768K(14912K)->14768K(14912K) Class: 2615K(2688K)->2615K(2688K)
[31.066s][info][gc             ] GC(66) Pause Young (Allocation Failure) 740M->535M(916M) 5.223ms
[31.066s][info][gc,cpu         ] GC(66) User=0.01s Sys=0.00s Real=0.00s
[31.659s][info][gc,start       ] GC(67) Pause Young (Allocation Failure)
[31.670s][info][gc,heap        ] GC(67) PSYoungGen: 211136K(270336K)->880K(272384K) Eden: 210944K(210944K)->0K(215040K) From: 192K(59392K)->880K(57344K)
[31.670s][info][gc,heap        ] GC(67) ParOldGen: 547743K(667648K)->547743K(667648K)
[31.670s][info][gc,metaspace   ] GC(67) Metaspace: 17384K(17600K)->17384K(17600K) NonClass: 14769K(14912K)->14769K(14912K) Class: 2615K(2688K)->2615K(2688K)
[31.670s][info][gc             ] GC(67) Pause Young (Allocation Failure) 741M->535M(918M) 10.557ms
[31.670s][info][gc,cpu         ] GC(67) User=0.02s Sys=0.00s Real=0.01s
[31.917s][info][gc,start       ] GC(68) Pause Young (Allocation Failure)
[31.971s][info][gc,heap        ] GC(68) PSYoungGen: 215920K(272384K)->58352K(273408K) Eden: 215040K(215040K)->0K(215040K) From: 880K(57344K)->58352K(58368K)
[31.971s][info][gc,heap        ] GC(68) ParOldGen: 547743K(667648K)->562415K(667648K)
[31.971s][info][gc,metaspace   ] GC(68) Metaspace: 17384K(17600K)->17384K(17600K) NonClass: 14769K(14912K)->14769K(14912K) Class: 2615K(2688K)->2615K(2688K)
[31.971s][info][gc             ] GC(68) Pause Young (Allocation Failure) 745M->606M(919M) 54.103ms
[31.971s][info][gc,cpu         ] GC(68) User=0.11s Sys=0.00s Real=0.06s
[32.496s][info][gc,start       ] GC(69) Pause Young (Allocation Failure)
[32.568s][info][gc,heap        ] GC(69) PSYoungGen: 273392K(273408K)->60400K(218112K) Eden: 215040K(215040K)->0K(157696K) From: 58352K(58368K)->60400K(60416K)
[32.568s][info][gc,heap        ] GC(69) ParOldGen: 562415K(667648K)->575023K(667648K)
[32.568s][info][gc,metaspace   ] GC(69) Metaspace: 17385K(17600K)->17385K(17600K) NonClass: 14769K(14912K)->14769K(14912K) Class: 2615K(2688K)->2615K(2688K)
[32.568s][info][gc             ] GC(69) Pause Young (Allocation Failure) 816M->620M(865M) 72.075ms
[32.569s][info][gc,cpu         ] GC(69) User=0.14s Sys=0.01s Real=0.08s
[32.765s][info][gc,start       ] GC(70) Pause Young (Allocation Failure)
[32.848s][info][gc,heap        ] GC(70) PSYoungGen: 218096K(218112K)->32096K(245760K) Eden: 157696K(157696K)->0K(157696K) From: 60400K(60416K)->32096K(88064K)
[32.849s][info][gc,heap        ] GC(70) ParOldGen: 575023K(667648K)->635892K(667648K)
[32.849s][info][gc,metaspace   ] GC(70) Metaspace: 17385K(17600K)->17385K(17600K) NonClass: 14770K(14912K)->14770K(14912K) Class: 2615K(2688K)->2615K(2688K)
[32.849s][info][gc             ] GC(70) Pause Young (Allocation Failure) 774M->652M(892M) 83.618ms
[32.849s][info][gc,cpu         ] GC(70) User=0.17s Sys=0.00s Real=0.09s
[33.019s][info][gc,start       ] GC(71) Pause Full (Allocation Failure)
[33.019s][info][gc,phases,start] GC(71) Marking Phase
[33.371s][info][gc,phases      ] GC(71) Marking Phase 351.617ms
[33.371s][info][gc,phases,start] GC(71) Summary Phase
[33.371s][info][gc,phases      ] GC(71) Summary Phase 0.026ms
[33.371s][info][gc,phases,start] GC(71) Forward
[33.506s][info][gc,phases      ] GC(71) Forward 135.049ms
[33.506s][info][gc,phases,start] GC(71) Adjust Pointers
[33.769s][info][gc,phases      ] GC(71) Adjust Pointers 263.428ms
[33.769s][info][gc,phases,start] GC(71) Compaction Phase
[33.935s][info][gc,phases      ] GC(71) Compaction Phase 165.938ms
[33.947s][info][gc,phases,start] GC(71) Post Compact
[33.950s][info][gc,phases      ] GC(71) Post Compact 2.432ms
[33.950s][info][gc,heap        ] GC(71) PSYoungGen: 189792K(245760K)->0K(241152K) Eden: 157696K(157696K)->0K(162304K) From: 32096K(88064K)->0K(78848K)
[33.950s][info][gc,heap        ] GC(71) ParOldGen: 635892K(667648K)->507743K(667648K)
[33.950s][info][gc,metaspace   ] GC(71) Metaspace: 17385K(17600K)->17385K(17600K) NonClass: 14770K(14912K)->14770K(14912K) Class: 2615K(2688K)->2615K(2688K)
[33.950s][info][gc             ] GC(71) Pause Full (Allocation Failure) 806M->495M(887M) 931.333ms
[33.950s][info][gc,cpu         ] GC(71) User=1.76s Sys=0.00s Real=0.93s
[34.122s][info][gc,start       ] GC(72) Pause Young (Allocation Failure)
[34.131s][info][gc,heap        ] GC(72) PSYoungGen: 162304K(241152K)->800K(245760K) Eden: 162304K(162304K)->0K(162304K) From: 0K(78848K)->800K(83456K)
[34.131s][info][gc,heap        ] GC(72) ParOldGen: 507743K(667648K)->507743K(667648K)
[34.131s][info][gc,metaspace   ] GC(72) Metaspace: 17386K(17600K)->17386K(17600K) NonClass: 14771K(14912K)->14771K(14912K) Class: 2615K(2688K)->2615K(2688K)
[34.131s][info][gc             ] GC(72) Pause Young (Allocation Failure) 654M->496M(892M) 9.649ms
[34.131s][info][gc,cpu         ] GC(72) User=0.02s Sys=0.00s Real=0.01s
[34.312s][info][gc,start       ] GC(73) Pause Young (Allocation Failure)
[34.322s][info][gc,heap        ] GC(73) PSYoungGen: 163104K(245760K)->4619K(245760K) Eden: 162304K(162304K)->0K(167424K) From: 800K(83456K)->4619K(78336K)
[34.322s][info][gc,heap        ] GC(73) ParOldGen: 507743K(667648K)->508527K(667648K)
[34.322s][info][gc,metaspace   ] GC(73) Metaspace: 17386K(17600K)->17386K(17600K) NonClass: 14771K(14912K)->14771K(14912K) Class: 2615K(2688K)->2615K(2688K)
[34.322s][info][gc             ] GC(73) Pause Young (Allocation Failure) 655M->501M(892M) 9.530ms
[34.322s][info][gc,cpu         ] GC(73) User=0.01s Sys=0.00s Real=0.01s
[34.605s][info][gc,start       ] GC(74) Pause Young (Allocation Failure)
[34.635s][info][gc,heap        ] GC(74) PSYoungGen: 172043K(245760K)->28828K(248320K) Eden: 167424K(167424K)->0K(167424K) From: 4619K(78336K)->28828K(80896K)
[34.635s][info][gc,heap        ] GC(74) ParOldGen: 508527K(667648K)->508527K(667648K)
[34.635s][info][gc,metaspace   ] GC(74) Metaspace: 17407K(17664K)->17407K(17664K) NonClass: 14790K(14912K)->14790K(14912K) Class: 2617K(2752K)->2617K(2752K)
[34.635s][info][gc             ] GC(74) Pause Young (Allocation Failure) 664M->524M(894M) 29.748ms
[34.635s][info][gc,cpu         ] GC(74) User=0.05s Sys=0.00s Real=0.03s
[34.837s][info][gc,start       ] GC(75) Pause Young (Allocation Failure)
[34.881s][info][gc,heap        ] GC(75) PSYoungGen: 196252K(248320K)->41435K(249856K) Eden: 167424K(167424K)->0K(173056K) From: 28828K(80896K)->41435K(76800K)
[34.881s][info][gc,heap        ] GC(75) ParOldGen: 508527K(667648K)->508527K(667648K)
[34.881s][info][gc,metaspace   ] GC(75) Metaspace: 17434K(17664K)->17434K(17664K) NonClass: 14815K(14912K)->14815K(14912K) Class: 2619K(2752K)->2619K(2752K)
[34.881s][info][gc             ] GC(75) Pause Young (Allocation Failure) 688M->537M(896M) 43.904ms
[34.881s][info][gc,cpu         ] GC(75) User=0.09s Sys=0.00s Real=0.04s
[35.292s][info][gc,start       ] GC(76) Pause Young (Allocation Failure)
[35.359s][info][gc,heap        ] GC(76) PSYoungGen: 214491K(249856K)->61856K(235008K) Eden: 173056K(173056K)->0K(173056K) From: 41435K(76800K)->61856K(61952K)
[35.359s][info][gc,heap        ] GC(76) ParOldGen: 508527K(667648K)->513131K(667648K)
[35.359s][info][gc,metaspace   ] GC(76) Metaspace: 17468K(17664K)->17468K(17664K) NonClass: 14843K(14912K)->14843K(14912K) Class: 2625K(2752K)->2625K(2752K)
[35.359s][info][gc             ] GC(76) Pause Young (Allocation Failure) 706M->561M(881M) 66.403ms
[35.359s][info][gc,cpu         ] GC(76) User=0.13s Sys=0.00s Real=0.07s
[35.703s][info][gc,start       ] GC(77) Pause Young (Allocation Failure)
[35.768s][info][gc,heap        ] GC(77) PSYoungGen: 234912K(235008K)->53680K(241152K) Eden: 173056K(173056K)->0K(154624K) From: 61856K(61952K)->53680K(86528K)
[35.768s][info][gc,heap        ] GC(77) ParOldGen: 513131K(667648K)->527195K(667648K)
[35.768s][info][gc,metaspace   ] GC(77) Metaspace: 17480K(17664K)->17480K(17664K) NonClass: 14855K(14912K)->14855K(14912K) Class: 2625K(2752K)->2625K(2752K)
[35.768s][info][gc             ] GC(77) Pause Young (Allocation Failure) 730M->567M(887M) 64.648ms
[35.768s][info][gc,cpu         ] GC(77) User=0.13s Sys=0.00s Real=0.07s
[36.296s][info][gc,start       ] GC(78) Pause Young (Allocation Failure)
[36.349s][info][gc,heap        ] GC(78) PSYoungGen: 208304K(241152K)->7360K(244224K) Eden: 154624K(154624K)->0K(154624K) From: 53680K(86528K)->7360K(89600K)
[36.349s][info][gc,heap        ] GC(78) ParOldGen: 527195K(667648K)->575179K(667648K)
[36.349s][info][gc,metaspace   ] GC(78) Metaspace: 17499K(17664K)->17499K(17664K) NonClass: 14874K(14912K)->14874K(14912K) Class: 2625K(2752K)->2625K(2752K)
[36.349s][info][gc             ] GC(78) Pause Young (Allocation Failure) 718M->568M(890M) 53.009ms
[36.349s][info][gc,cpu         ] GC(78) User=0.11s Sys=0.00s Real=0.06s
[36.663s][info][gc,start       ] GC(79) Pause Young (Allocation Failure)
[36.686s][info][gc,heap        ] GC(79) PSYoungGen: 161984K(244224K)->15792K(235520K) Eden: 154624K(154624K)->0K(156160K) From: 7360K(89600K)->15792K(79360K)
[36.686s][info][gc,heap        ] GC(79) ParOldGen: 575179K(667648K)->581059K(667648K)
[36.686s][info][gc,metaspace   ] GC(79) Metaspace: 17501K(17664K)->17501K(17664K) NonClass: 14876K(14912K)->14876K(14912K) Class: 2625K(2752K)->2625K(2752K)
[36.686s][info][gc             ] GC(79) Pause Young (Allocation Failure) 719M->582M(882M) 23.024ms
[36.686s][info][gc,cpu         ] GC(79) User=0.04s Sys=0.00s Real=0.02s
[36.840s][info][gc,start       ] GC(80) Pause Young (Allocation Failure)
[36.893s][info][gc,heap        ] GC(80) PSYoungGen: 171952K(235520K)->65280K(240640K) Eden: 156160K(156160K)->0K(156160K) From: 15792K(79360K)->65280K(84480K)
[36.893s][info][gc,heap        ] GC(80) ParOldGen: 581059K(667648K)->582544K(667648K)
[36.893s][info][gc,metaspace   ] GC(80) Metaspace: 17501K(17664K)->17501K(17664K) NonClass: 14876K(14912K)->14876K(14912K) Class: 2625K(2752K)->2625K(2752K)
[36.893s][info][gc             ] GC(80) Pause Young (Allocation Failure) 735M->632M(887M) 53.226ms
[36.893s][info][gc,cpu         ] GC(80) User=0.11s Sys=0.00s Real=0.05s
[37.169s][info][gc,start       ] GC(81) Pause Young (Allocation Failure)
[37.235s][info][gc,heap        ] GC(81) PSYoungGen: 221440K(240640K)->24256K(244736K) Eden: 156160K(156160K)->0K(153088K) From: 65280K(84480K)->24256K(91648K)
[37.235s][info][gc,heap        ] GC(81) ParOldGen: 582544K(667648K)->648505K(667648K)
[37.235s][info][gc,metaspace   ] GC(81) Metaspace: 17501K(17664K)->17501K(17664K) NonClass: 14876K(14912K)->14876K(14912K) Class: 2625K(2752K)->2625K(2752K)
[37.235s][info][gc             ] GC(81) Pause Young (Allocation Failure) 785M->656M(891M) 65.396ms
[37.235s][info][gc,cpu         ] GC(81) User=0.12s Sys=0.01s Real=0.06s
[37.592s][info][gc,start       ] GC(82) Pause Full (Allocation Failure)
[37.592s][info][gc,phases,start] GC(82) Marking Phase
[37.924s][info][gc,phases      ] GC(82) Marking Phase 331.957ms
[37.924s][info][gc,phases,start] GC(82) Summary Phase
[37.924s][info][gc,phases      ] GC(82) Summary Phase 0.027ms
[37.924s][info][gc,phases,start] GC(82) Forward
[38.013s][info][gc,phases      ] GC(82) Forward 88.954ms
[38.013s][info][gc,phases,start] GC(82) Adjust Pointers
[38.254s][info][gc,phases      ] GC(82) Adjust Pointers 240.850ms
[38.254s][info][gc,phases,start] GC(82) Compaction Phase
[38.380s][info][gc,phases      ] GC(82) Compaction Phase 125.797ms
[38.387s][info][gc,phases,start] GC(82) Post Compact
[38.390s][info][gc,phases      ] GC(82) Post Compact 2.406ms
[38.390s][info][gc,heap        ] GC(82) PSYoungGen: 177344K(244736K)->0K(241152K) Eden: 153088K(153088K)->0K(153088K) From: 24256K(91648K)->0K(88064K)
[38.390s][info][gc,heap        ] GC(82) ParOldGen: 648505K(667648K)->479612K(667648K)
[38.390s][info][gc,metaspace   ] GC(82) Metaspace: 17502K(17664K)->17502K(17664K) NonClass: 14877K(14912K)->14877K(14912K) Class: 2625K(2752K)->2625K(2752K)
[38.390s][info][gc             ] GC(82) Pause Full (Allocation Failure) 806M->468M(887M) 798.335ms
[38.390s][info][gc,cpu         ] GC(82) User=1.50s Sys=0.00s Real=0.80s
[38.626s][info][gc,start       ] GC(83) Pause Young (Allocation Failure)
[38.653s][info][gc,heap        ] GC(83) PSYoungGen: 153088K(241152K)->25280K(239104K) Eden: 153088K(153088K)->0K(157696K) From: 0K(88064K)->25280K(81408K)
[38.653s][info][gc,heap        ] GC(83) ParOldGen: 479612K(667648K)->479612K(667648K)
[38.653s][info][gc,metaspace   ] GC(83) Metaspace: 17502K(17664K)->17502K(17664K) NonClass: 14877K(14912K)->14877K(14912K) Class: 2625K(2752K)->2625K(2752K)
[38.653s][info][gc             ] GC(83) Pause Young (Allocation Failure) 617M->493M(885M) 27.029ms
[38.653s][info][gc,cpu         ] GC(83) User=0.05s Sys=0.00s Real=0.03s
[38.790s][info][gc,start       ] GC(84) Pause Young (Allocation Failure)
[38.821s][info][gc,heap        ] GC(84) PSYoungGen: 182976K(239104K)->4544K(240640K) Eden: 157696K(157696K)->0K(157696K) From: 25280K(81408K)->4544K(82944K)
[38.821s][info][gc,heap        ] GC(84) ParOldGen: 479612K(667648K)->504916K(667648K)
[38.821s][info][gc,metaspace   ] GC(84) Metaspace: 17502K(17664K)->17502K(17664K) NonClass: 14877K(14912K)->14877K(14912K) Class: 2625K(2752K)->2625K(2752K)
[38.821s][info][gc             ] GC(84) Pause Young (Allocation Failure) 647M->497M(887M) 31.441ms
[38.821s][info][gc,cpu         ] GC(84) User=0.06s Sys=0.00s Real=0.03s
[39.017s][info][gc,start       ] GC(85) Pause Young (Allocation Failure)
[39.033s][info][gc,heap        ] GC(85) PSYoungGen: 162240K(240640K)->4128K(247296K) Eden: 157696K(157696K)->0K(168448K) From: 4544K(82944K)->4128K(78848K)
[39.033s][info][gc,heap        ] GC(85) ParOldGen: 504916K(667648K)->509468K(667648K)
[39.033s][info][gc,metaspace   ] GC(85) Metaspace: 17502K(17664K)->17502K(17664K) NonClass: 14877K(14912K)->14877K(14912K) Class: 2625K(2752K)->2625K(2752K)
[39.033s][info][gc             ] GC(85) Pause Young (Allocation Failure) 651M->501M(893M) 15.475ms
[39.033s][info][gc,cpu         ] GC(85) User=0.03s Sys=0.00s Real=0.01s
[39.273s][info][gc,start       ] GC(86) Pause Young (Allocation Failure)
[39.290s][info][gc,heap        ] GC(86) PSYoungGen: 172576K(247296K)->10048K(249344K) Eden: 168448K(168448K)->0K(168448K) From: 4128K(78848K)->10048K(80896K)
[39.290s][info][gc,heap        ] GC(86) ParOldGen: 509468K(667648K)->513604K(667648K)
[39.290s][info][gc,metaspace   ] GC(86) Metaspace: 17502K(17664K)->17502K(17664K) NonClass: 14877K(14912K)->14877K(14912K) Class: 2625K(2752K)->2625K(2752K)
[39.290s][info][gc             ] GC(86) Pause Young (Allocation Failure) 666M->511M(895M) 16.553ms
[39.290s][info][gc,cpu         ] GC(86) User=0.03s Sys=0.00s Real=0.02s
[39.678s][info][gc,start       ] GC(87) Pause Young (Allocation Failure)
[39.716s][info][gc,heap        ] GC(87) PSYoungGen: 178496K(249344K)->26864K(245760K) Eden: 168448K(168448K)->0K(175104K) From: 10048K(80896K)->26864K(70656K)
[39.717s][info][gc,heap        ] GC(87) ParOldGen: 513604K(667648K)->513604K(667648K)
[39.717s][info][gc,metaspace   ] GC(87) Metaspace: 17503K(17664K)->17503K(17664K) NonClass: 14877K(14912K)->14877K(14912K) Class: 2626K(2752K)->2626K(2752K)
[39.717s][info][gc             ] GC(87) Pause Young (Allocation Failure) 675M->527M(892M) 38.296ms
[39.717s][info][gc,cpu         ] GC(87) User=0.08s Sys=0.00s Real=0.03s
[40.101s][info][gc,start       ] GC(88) Pause Young (Allocation Failure)
[40.141s][info][gc,heap        ] GC(88) PSYoungGen: 201968K(245760K)->44992K(248832K) Eden: 175104K(175104K)->0K(175104K) From: 26864K(70656K)->44992K(73728K)
[40.141s][info][gc,heap        ] GC(88) ParOldGen: 513604K(667648K)->513604K(667648K)
[40.142s][info][gc,metaspace   ] GC(88) Metaspace: 17503K(17664K)->17503K(17664K) NonClass: 14877K(14912K)->14877K(14912K) Class: 2626K(2752K)->2626K(2752K)
[40.142s][info][gc             ] GC(88) Pause Young (Allocation Failure) 698M->545M(895M) 40.110ms
[40.142s][info][gc,cpu         ] GC(88) User=0.08s Sys=0.00s Real=0.04s
[40.488s][info][gc,start       ] GC(89) Pause Young (Allocation Failure)
[40.569s][info][gc,heap        ] GC(89) PSYoungGen: 220096K(248832K)->68608K(236032K) Eden: 175104K(175104K)->0K(159744K) From: 44992K(73728K)->68608K(76288K)
[40.569s][info][gc,heap        ] GC(89) ParOldGen: 513604K(667648K)->513604K(667648K)
[40.569s][info][gc,metaspace   ] GC(89) Metaspace: 17505K(17664K)->17505K(17664K) NonClass: 14879K(14912K)->14879K(14912K) Class: 2626K(2752K)->2626K(2752K)
[40.569s][info][gc             ] GC(89) Pause Young (Allocation Failure) 716M->568M(882M) 80.771ms
[40.569s][info][gc,cpu         ] GC(89) User=0.15s Sys=0.00s Real=0.08s
[40.842s][info][gc,start       ] GC(90) Pause Young (Allocation Failure)
[40.911s][info][gc,heap        ] GC(90) PSYoungGen: 228352K(236032K)->68624K(228864K) Eden: 159744K(159744K)->0K(159744K) From: 68608K(76288K)->68624K(69120K)
[40.911s][info][gc,heap        ] GC(90) ParOldGen: 513604K(667648K)->523268K(667648K)
[40.911s][info][gc,metaspace   ] GC(90) Metaspace: 17505K(17664K)->17505K(17664K) NonClass: 14879K(14912K)->14879K(14912K) Class: 2626K(2752K)->2626K(2752K)
[40.911s][info][gc             ] GC(90) Pause Young (Allocation Failure) 724M->578M(875M) 68.988ms
[40.911s][info][gc,cpu         ] GC(90) User=0.14s Sys=0.00s Real=0.07s
[41.122s][info][gc,start       ] GC(91) Pause Young (Allocation Failure)
[41.202s][info][gc,heap        ] GC(91) PSYoungGen: 228368K(228864K)->53984K(236032K) Eden: 159744K(159744K)->0K(140288K) From: 68624K(69120K)->53984K(95744K)
[41.202s][info][gc,heap        ] GC(91) ParOldGen: 523268K(667648K)->558805K(667648K)
[41.202s][info][gc,metaspace   ] GC(91) Metaspace: 17505K(17664K)->17505K(17664K) NonClass: 14879K(14912K)->14879K(14912K) Class: 2626K(2752K)->2626K(2752K)
[41.202s][info][gc             ] GC(91) Pause Young (Allocation Failure) 734M->598M(882M) 80.061ms
[41.202s][info][gc,cpu         ] GC(91) User=0.16s Sys=0.00s Real=0.08s
[41.330s][info][gc,start       ] GC(92) Pause Young (Allocation Failure)
[41.387s][info][gc,heap        ] GC(92) PSYoungGen: 194272K(236032K)->23328K(163840K) Eden: 140288K(140288K)->0K(140288K) From: 53984K(95744K)->23328K(23552K)
[41.387s][info][gc,heap        ] GC(92) ParOldGen: 558805K(667648K)->592298K(667648K)
[41.387s][info][gc,metaspace   ] GC(92) Metaspace: 17505K(17664K)->17505K(17664K) NonClass: 14879K(14912K)->14879K(14912K) Class: 2626K(2752K)->2626K(2752K)
[41.387s][info][gc             ] GC(92) Pause Young (Allocation Failure) 735M->601M(812M) 56.492ms
[41.387s][info][gc,cpu         ] GC(92) User=0.11s Sys=0.00s Real=0.05s
[41.576s][info][gc,start       ] GC(93) Pause Young (Allocation Failure)
[41.613s][info][gc,heap        ] GC(93) PSYoungGen: 163616K(163840K)->14176K(237056K) Eden: 140288K(140288K)->0K(143872K) From: 23328K(23552K)->14176K(93184K)
[41.613s][info][gc,heap        ] GC(93) ParOldGen: 592298K(667648K)->615650K(667648K)
[41.613s][info][gc,metaspace   ] GC(93) Metaspace: 17505K(17664K)->17505K(17664K) NonClass: 14879K(14912K)->14879K(14912K) Class: 2626K(2752K)->2626K(2752K)
[41.613s][info][gc             ] GC(93) Pause Young (Allocation Failure) 738M->615M(883M) 37.021ms
[41.613s][info][gc,cpu         ] GC(93) User=0.07s Sys=0.00s Real=0.04s
[41.952s][info][gc,start       ] GC(94) Pause Full (Allocation Failure)
[41.953s][info][gc,phases,start] GC(94) Marking Phase
[42.281s][info][gc,phases      ] GC(94) Marking Phase 328.591ms
[42.281s][info][gc,phases,start] GC(94) Summary Phase
[42.281s][info][gc,phases      ] GC(94) Summary Phase 0.027ms
[42.281s][info][gc,phases,start] GC(94) Forward
[42.412s][info][gc,phases      ] GC(94) Forward 130.825ms
[42.412s][info][gc,phases,start] GC(94) Adjust Pointers
[42.653s][info][gc,phases      ] GC(94) Adjust Pointers 241.266ms
[42.653s][info][gc,phases,start] GC(94) Compaction Phase
[42.796s][info][gc,phases      ] GC(94) Compaction Phase 142.943ms
[42.806s][info][gc,phases,start] GC(94) Post Compact
[42.808s][info][gc,phases      ] GC(94) Post Compact 2.288ms
[42.808s][info][gc,heap        ] GC(94) PSYoungGen: 158048K(237056K)->0K(234496K) Eden: 143872K(143872K)->0K(143872K) From: 14176K(93184K)->0K(90624K)
[42.808s][info][gc,heap        ] GC(94) ParOldGen: 615650K(667648K)->466636K(667648K)
[42.808s][info][gc,metaspace   ] GC(94) Metaspace: 17506K(17728K)->17506K(17728K) NonClass: 14880K(14976K)->14880K(14976K) Class: 2626K(2752K)->2626K(2752K)
[42.808s][info][gc             ] GC(94) Pause Full (Allocation Failure) 755M->455M(881M) 855.702ms
[42.808s][info][gc,cpu         ] GC(94) User=1.61s Sys=0.00s Real=0.86s
[43.117s][info][gc,start       ] GC(95) Pause Young (Allocation Failure)
[43.119s][info][gc,heap        ] GC(95) PSYoungGen: 143872K(234496K)->64K(240640K) Eden: 143872K(143872K)->0K(150016K) From: 0K(90624K)->64K(90624K)
[43.119s][info][gc,heap        ] GC(95) ParOldGen: 466636K(667648K)->466636K(667648K)
[43.119s][info][gc,metaspace   ] GC(95) Metaspace: 17506K(17728K)->17506K(17728K) NonClass: 14880K(14976K)->14880K(14976K) Class: 2626K(2752K)->2626K(2752K)
[43.119s][info][gc             ] GC(95) Pause Young (Allocation Failure) 596M->455M(887M) 1.834ms
[43.119s][info][gc,cpu         ] GC(95) User=0.00s Sys=0.00s Real=0.01s
[43.428s][info][gc,start       ] GC(96) Pause Young (Allocation Failure)
[43.443s][info][gc,heap        ] GC(96) PSYoungGen: 150080K(240640K)->128K(240640K) Eden: 150016K(150016K)->0K(150016K) From: 64K(90624K)->128K(90624K)
[43.443s][info][gc,heap        ] GC(96) ParOldGen: 466636K(667648K)->466652K(667648K)
[43.443s][info][gc,metaspace   ] GC(96) Metaspace: 17507K(17728K)->17507K(17728K) NonClass: 14881K(14976K)->14881K(14976K) Class: 2626K(2752K)->2626K(2752K)
[43.443s][info][gc             ] GC(96) Pause Young (Allocation Failure) 602M->455M(887M) 14.309ms
[43.443s][info][gc,cpu         ] GC(96) User=0.02s Sys=0.00s Real=0.01s
[43.604s][info][gc,start       ] GC(97) Pause Young (Allocation Failure)
[43.638s][info][gc,heap        ] GC(97) PSYoungGen: 150144K(240640K)->41792K(242688K) Eden: 150016K(150016K)->0K(153088K) From: 128K(90624K)->41792K(89600K)
[43.638s][info][gc,heap        ] GC(97) ParOldGen: 466652K(667648K)->466652K(667648K)
[43.638s][info][gc,metaspace   ] GC(97) Metaspace: 17507K(17728K)->17507K(17728K) NonClass: 14881K(14976K)->14881K(14976K) Class: 2626K(2752K)->2626K(2752K)
[43.638s][info][gc             ] GC(97) Pause Young (Allocation Failure) 602M->496M(889M) 33.195ms
[43.638s][info][gc,cpu         ] GC(97) User=0.07s Sys=0.00s Real=0.04s
[43.889s][info][gc,start       ] GC(98) Pause Young (Allocation Failure)
[43.938s][info][gc,heap        ] GC(98) PSYoungGen: 194880K(242688K)->70297K(223744K) Eden: 153088K(153088K)->0K(153088K) From: 41792K(89600K)->70297K(70656K)
[43.939s][info][gc,heap        ] GC(98) ParOldGen: 466652K(667648K)->466740K(667648K)
[43.939s][info][gc,metaspace   ] GC(98) Metaspace: 17507K(17728K)->17507K(17728K) NonClass: 14881K(14976K)->14881K(14976K) Class: 2626K(2752K)->2626K(2752K)
[43.939s][info][gc             ] GC(98) Pause Young (Allocation Failure) 646M->524M(870M) 49.399ms
[43.939s][info][gc,cpu         ] GC(98) User=0.09s Sys=0.00s Real=0.05s
[44.075s][info][gc,start       ] GC(99) Pause Young (Allocation Failure)
[44.141s][info][gc,heap        ] GC(99) PSYoungGen: 223385K(223744K)->58153K(229376K) Eden: 153088K(153088K)->0K(131072K) From: 70297K(70656K)->58153K(98304K)
[44.141s][info][gc,heap        ] GC(99) ParOldGen: 466740K(667648K)->508903K(667648K)
[44.141s][info][gc,metaspace   ] GC(99) Metaspace: 17514K(17792K)->17514K(17792K) NonClass: 14888K(15040K)->14888K(15040K) Class: 2626K(2752K)->2626K(2752K)
[44.141s][info][gc             ] GC(99) Pause Young (Allocation Failure) 673M->553M(876M) 65.163ms
[44.141s][info][gc,cpu         ] GC(99) User=0.13s Sys=0.00s Real=0.07s
[44.287s][info][gc,start       ] GC(100) Pause Young (Allocation Failure)
[44.379s][info][gc,heap        ] GC(100) PSYoungGen: 189225K(229376K)->53344K(232448K) Eden: 131071K(131072K)->0K(131072K) From: 58153K(98304K)->53344K(101376K)
[44.379s][info][gc,heap        ] GC(100) ParOldGen: 508903K(667648K)->567536K(667648K)
[44.379s][info][gc,metaspace   ] GC(100) Metaspace: 17525K(17792K)->17525K(17792K) NonClass: 14899K(15040K)->14899K(15040K) Class: 2626K(2752K)->2626K(2752K)
[44.379s][info][gc             ] GC(100) Pause Young (Allocation Failure) 681M->606M(879M) 92.124ms
[44.379s][info][gc,cpu         ] GC(100) User=0.18s Sys=0.00s Real=0.10s
[44.580s][info][gc,start       ] GC(101) Pause Young (Allocation Failure)
[44.636s][info][gc,heap        ] GC(101) PSYoungGen: 184416K(232448K)->7200K(230400K) Eden: 131072K(131072K)->0K(131072K) From: 53344K(101376K)->7200K(99328K)
[44.636s][info][gc,heap        ] GC(101) ParOldGen: 567536K(667648K)->621360K(667648K)
[44.636s][info][gc,metaspace   ] GC(101) Metaspace: 17526K(17792K)->17526K(17792K) NonClass: 14900K(15040K)->14900K(15040K) Class: 2626K(2752K)->2626K(2752K)
[44.636s][info][gc             ] GC(101) Pause Young (Allocation Failure) 734M->613M(877M) 55.738ms
[44.636s][info][gc,cpu         ] GC(101) User=0.11s Sys=0.00s Real=0.05s
[44.850s][info][gc,start       ] GC(102) Pause Full (Allocation Failure)
[44.850s][info][gc,phases,start] GC(102) Marking Phase
[45.164s][info][gc,phases      ] GC(102) Marking Phase 313.712ms
[45.164s][info][gc,phases,start] GC(102) Summary Phase
[45.164s][info][gc,phases      ] GC(102) Summary Phase 0.027ms
[45.164s][info][gc,phases,start] GC(102) Forward
[45.294s][info][gc,phases      ] GC(102) Forward 129.998ms
[45.294s][info][gc,phases,start] GC(102) Adjust Pointers
[45.540s][info][gc,phases      ] GC(102) Adjust Pointers 246.546ms
[45.540s][info][gc,phases,start] GC(102) Compaction Phase
[45.667s][info][gc,phases      ] GC(102) Compaction Phase 126.234ms
[45.681s][info][gc,phases,start] GC(102) Post Compact
[45.683s][info][gc,phases      ] GC(102) Post Compact 2.219ms
[45.683s][info][gc,heap        ] GC(102) PSYoungGen: 138272K(230400K)->0K(231424K) Eden: 131072K(131072K)->0K(131072K) From: 7200K(99328K)->0K(100352K)
[45.683s][info][gc,heap        ] GC(102) ParOldGen: 621360K(667648K)->480310K(667648K)
[45.683s][info][gc,metaspace   ] GC(102) Metaspace: 17526K(17792K)->17526K(17792K) NonClass: 14900K(15040K)->14900K(15040K) Class: 2626K(2752K)->2626K(2752K)
[45.683s][info][gc             ] GC(102) Pause Full (Allocation Failure) 741M->469M(878M) 833.559ms
[45.683s][info][gc,cpu         ] GC(102) User=1.56s Sys=0.00s Real=0.83s
[45.848s][info][gc,start       ] GC(103) Pause Young (Allocation Failure)
[45.850s][info][gc,heap        ] GC(103) PSYoungGen: 131072K(231424K)->64K(231424K) Eden: 131072K(131072K)->0K(133120K) From: 0K(100352K)->64K(98304K)
[45.850s][info][gc,heap        ] GC(103) ParOldGen: 480310K(667648K)->480310K(667648K)
[45.850s][info][gc,metaspace   ] GC(103) Metaspace: 17527K(17792K)->17527K(17792K) NonClass: 14900K(15040K)->14900K(15040K) Class: 2626K(2752K)->2626K(2752K)
[45.850s][info][gc             ] GC(103) Pause Young (Allocation Failure) 597M->469M(878M) 1.589ms
[45.850s][info][gc,cpu         ] GC(103) User=0.00s Sys=0.00s Real=0.00s
[46.012s][info][gc,start       ] GC(104) Pause Young (Allocation Failure)
[46.013s][info][gc,heap        ] GC(104) PSYoungGen: 133184K(231424K)->64K(232448K) Eden: 133120K(133120K)->0K(133120K) From: 64K(98304K)->64K(99328K)
[46.013s][info][gc,heap        ] GC(104) ParOldGen: 480310K(667648K)->480326K(667648K)
[46.013s][info][gc,metaspace   ] GC(104) Metaspace: 17527K(17792K)->17527K(17792K) NonClass: 14900K(15040K)->14900K(15040K) Class: 2626K(2752K)->2626K(2752K)
[46.013s][info][gc             ] GC(104) Pause Young (Allocation Failure) 599M->469M(879M) 1.538ms
[46.013s][info][gc,cpu         ] GC(104) User=0.00s Sys=0.00s Real=0.00s
[46.175s][info][gc,start       ] GC(105) Pause Young (Allocation Failure)
[46.176s][info][gc,heap        ] GC(105) PSYoungGen: 133184K(232448K)->64K(229888K) Eden: 133120K(133120K)->0K(136704K) From: 64K(99328K)->64K(93184K)
[46.176s][info][gc,heap        ] GC(105) ParOldGen: 480326K(667648K)->480326K(667648K)
[46.176s][info][gc,metaspace   ] GC(105) Metaspace: 17527K(17792K)->17527K(17792K) NonClass: 14900K(15040K)->14900K(15040K) Class: 2626K(2752K)->2626K(2752K)
[46.176s][info][gc             ] GC(105) Pause Young (Allocation Failure) 599M->469M(876M) 1.634ms
[46.176s][info][gc,cpu         ] GC(105) User=0.00s Sys=0.00s Real=0.00s
[46.342s][info][gc,start       ] GC(106) Pause Young (Allocation Failure)
[46.344s][info][gc,heap        ] GC(106) PSYoungGen: 136768K(229888K)->64K(231936K) Eden: 136704K(136704K)->0K(136704K) From: 64K(93184K)->64K(95232K)
[46.344s][info][gc,heap        ] GC(106) ParOldGen: 480326K(667648K)->480326K(667648K)
[46.344s][info][gc,metaspace   ] GC(106) Metaspace: 17527K(17792K)->17527K(17792K) NonClass: 14900K(15040K)->14900K(15040K) Class: 2626K(2752K)->2626K(2752K)
[46.344s][info][gc             ] GC(106) Pause Young (Allocation Failure) 602M->469M(878M) 1.594ms
[46.344s][info][gc,cpu         ] GC(106) User=0.01s Sys=0.00s Real=0.00s
[46.510s][info][gc,start       ] GC(107) Pause Young (Allocation Failure)
[46.512s][info][gc,heap        ] GC(107) PSYoungGen: 136768K(231936K)->64K(228352K) Eden: 136704K(136704K)->0K(143872K) From: 64K(95232K)->64K(84480K)
[46.512s][info][gc,heap        ] GC(107) ParOldGen: 480326K(667648K)->480326K(667648K)
[46.512s][info][gc,metaspace   ] GC(107) Metaspace: 17527K(17792K)->17527K(17792K) NonClass: 14900K(15040K)->14900K(15040K) Class: 2626K(2752K)->2626K(2752K)
[46.512s][info][gc             ] GC(107) Pause Young (Allocation Failure) 602M->469M(875M) 1.894ms
[46.512s][info][gc,cpu         ] GC(107) User=0.00s Sys=0.00s Real=0.00s
[46.687s][info][gc,start       ] GC(108) Pause Young (Allocation Failure)
[46.688s][info][gc,heap        ] GC(108) PSYoungGen: 143936K(228352K)->64K(232960K) Eden: 143872K(143872K)->0K(143872K) From: 64K(84480K)->64K(89088K)
[46.689s][info][gc,heap        ] GC(108) ParOldGen: 480326K(667648K)->480326K(667648K)
[46.689s][info][gc,metaspace   ] GC(108) Metaspace: 17527K(17792K)->17527K(17792K) NonClass: 14900K(15040K)->14900K(15040K) Class: 2626K(2752K)->2626K(2752K)
[46.689s][info][gc             ] GC(108) Pause Young (Allocation Failure) 609M->469M(879M) 1.690ms
[46.689s][info][gc,cpu         ] GC(108) User=0.00s Sys=0.00s Real=0.01s
[46.865s][info][gc,start       ] GC(109) Pause Young (Allocation Failure)
[46.867s][info][gc,heap        ] GC(109) PSYoungGen: 143936K(232960K)->64K(226304K) Eden: 143872K(143872K)->0K(148992K) From: 64K(89088K)->64K(77312K)
[46.867s][info][gc,heap        ] GC(109) ParOldGen: 480326K(667648K)->480326K(667648K)
[46.867s][info][gc,metaspace   ] GC(109) Metaspace: 17528K(17792K)->17528K(17792K) NonClass: 14902K(15040K)->14902K(15040K) Class: 2626K(2752K)->2626K(2752K)
[46.867s][info][gc             ] GC(109) Pause Young (Allocation Failure) 609M->469M(873M) 2.240ms
[46.867s][info][gc,cpu         ] GC(109) User=0.00s Sys=0.00s Real=0.01s
[47.051s][info][gc,start       ] GC(110) Pause Young (Allocation Failure)
[47.052s][info][gc,heap        ] GC(110) PSYoungGen: 149056K(226304K)->64K(230912K) Eden: 148992K(148992K)->0K(148992K) From: 64K(77312K)->64K(81920K)
[47.052s][info][gc,heap        ] GC(110) ParOldGen: 480326K(667648K)->480326K(667648K)
[47.052s][info][gc,metaspace   ] GC(110) Metaspace: 17528K(17792K)->17528K(17792K) NonClass: 14902K(15040K)->14902K(15040K) Class: 2626K(2752K)->2626K(2752K)
[47.052s][info][gc             ] GC(110) Pause Young (Allocation Failure) 614M->469M(877M) 1.821ms
[47.052s][info][gc,cpu         ] GC(110) User=0.00s Sys=0.00s Real=0.00s
[47.234s][info][gc,start       ] GC(111) Pause Young (Allocation Failure)
[47.236s][info][gc,heap        ] GC(111) PSYoungGen: 149056K(230912K)->480K(222720K) Eden: 148992K(148992K)->0K(153088K) From: 64K(81920K)->480K(69632K)
[47.236s][info][gc,heap        ] GC(111) ParOldGen: 480326K(667648K)->480326K(667648K)
[47.236s][info][gc,metaspace   ] GC(111) Metaspace: 17528K(17792K)->17528K(17792K) NonClass: 14902K(15040K)->14902K(15040K) Class: 2626K(2752K)->2626K(2752K)
[47.236s][info][gc             ] GC(111) Pause Young (Allocation Failure) 614M->469M(869M) 2.745ms
[47.236s][info][gc,cpu         ] GC(111) User=0.00s Sys=0.00s Real=0.00s
[47.357s][info][gc,start       ] GC(112) Pause Young (Allocation Failure)
[47.396s][info][gc,heap        ] GC(112) PSYoungGen: 153568K(222720K)->35168K(227328K) Eden: 153088K(153088K)->0K(153088K) From: 480K(69632K)->35168K(74240K)
[47.396s][info][gc,heap        ] GC(112) ParOldGen: 480326K(667648K)->480326K(667648K)
[47.396s][info][gc,metaspace   ] GC(112) Metaspace: 17529K(17792K)->17529K(17792K) NonClass: 14902K(15040K)->14902K(15040K) Class: 2626K(2752K)->2626K(2752K)
[47.396s][info][gc             ] GC(112) Pause Young (Allocation Failure) 619M->503M(874M) 38.228ms
[47.396s][info][gc,cpu         ] GC(112) User=0.08s Sys=0.00s Real=0.03s
[47.516s][info][gc,start       ] GC(113) Pause Young (Allocation Failure)
[47.583s][info][gc,heap        ] GC(113) PSYoungGen: 188256K(227328K)->66400K(226304K) Eden: 153088K(153088K)->0K(150016K) From: 35168K(74240K)->66400K(76288K)
[47.583s][info][gc,heap        ] GC(113) ParOldGen: 480326K(667648K)->480326K(667648K)
[47.583s][info][gc,metaspace   ] GC(113) Metaspace: 17529K(17792K)->17529K(17792K) NonClass: 14902K(15040K)->14902K(15040K) Class: 2626K(2752K)->2626K(2752K)
[47.583s][info][gc             ] GC(113) Pause Young (Allocation Failure) 652M->533M(873M) 67.037ms
[47.583s][info][gc,cpu         ] GC(113) User=0.13s Sys=0.00s Real=0.07s
[47.657s][info][gc,start       ] GC(114) Pause Young (Allocation Failure)
[47.725s][info][gc,heap        ] GC(114) PSYoungGen: 216416K(226304K)->70592K(220672K) Eden: 150016K(150016K)->0K(150016K) From: 66400K(76288K)->70592K(70656K)
[47.725s][info][gc,heap        ] GC(114) ParOldGen: 480326K(667648K)->480326K(667648K)
[47.725s][info][gc,metaspace   ] GC(114) Metaspace: 17529K(17792K)->17529K(17792K) NonClass: 14902K(15040K)->14902K(15040K) Class: 2626K(2752K)->2626K(2752K)
[47.725s][info][gc             ] GC(114) Pause Young (Allocation Failure) 680M->538M(867M) 68.453ms
[47.725s][info][gc,cpu         ] GC(114) User=0.14s Sys=0.00s Real=0.07s
[47.829s][info][gc,start       ] GC(115) Pause Young (Allocation Failure)
[47.900s][info][gc,heap        ] GC(115) PSYoungGen: 220608K(220672K)->73024K(212480K) Eden: 150016K(150016K)->0K(111616K) From: 70592K(70656K)->73024K(100864K)
[47.900s][info][gc,heap        ] GC(115) ParOldGen: 480326K(667648K)->480326K(667648K)
[47.900s][info][gc,metaspace   ] GC(115) Metaspace: 17529K(17792K)->17529K(17792K) NonClass: 14902K(15040K)->14902K(15040K) Class: 2626K(2752K)->2626K(2752K)
[47.900s][info][gc             ] GC(115) Pause Young (Allocation Failure) 684M->540M(859M) 71.108ms
[47.900s][info][gc,cpu         ] GC(115) User=0.14s Sys=0.00s Real=0.07s
[47.986s][info][gc,start       ] GC(116) Pause Young (Allocation Failure)
[48.063s][info][gc,heap        ] GC(116) PSYoungGen: 184640K(212480K)->79776K(222720K) Eden: 111616K(111616K)->0K(111616K) From: 73024K(100864K)->79776K(111104K)
[48.063s][info][gc,heap        ] GC(116) ParOldGen: 480326K(667648K)->480326K(667648K)
[48.063s][info][gc,metaspace   ] GC(116) Metaspace: 17550K(17792K)->17550K(17792K) NonClass: 14924K(15040K)->14924K(15040K) Class: 2626K(2752K)->2626K(2752K)
[48.063s][info][gc             ] GC(116) Pause Young (Allocation Failure) 649M->546M(869M) 76.553ms
[48.063s][info][gc,cpu         ] GC(116) User=0.15s Sys=0.00s Real=0.08s
[48.142s][info][gc,start       ] GC(117) Pause Young (Allocation Failure)
[48.219s][info][gc,heap        ] GC(117) PSYoungGen: 191392K(222720K)->79872K(222720K) Eden: 111616K(111616K)->0K(111616K) From: 79776K(111104K)->79872K(111104K)
[48.219s][info][gc,heap        ] GC(117) ParOldGen: 480326K(667648K)->480326K(667648K)
[48.219s][info][gc,metaspace   ] GC(117) Metaspace: 17551K(17792K)->17551K(17792K) NonClass: 14925K(15040K)->14925K(15040K) Class: 2626K(2752K)->2626K(2752K)
[48.219s][info][gc             ] GC(117) Pause Young (Allocation Failure) 655M->547M(869M) 76.667ms
[48.219s][info][gc,cpu         ] GC(117) User=0.15s Sys=0.00s Real=0.08s
[48.290s][info][gc,start       ] GC(118) Pause Young (Allocation Failure)
[48.366s][info][gc,heap        ] GC(118) PSYoungGen: 191488K(222720K)->79456K(222720K) Eden: 111616K(111616K)->0K(111616K) From: 79872K(111104K)->79456K(111104K)
[48.366s][info][gc,heap        ] GC(118) ParOldGen: 480326K(667648K)->480766K(667648K)
[48.367s][info][gc,metaspace   ] GC(118) Metaspace: 17551K(17792K)->17551K(17792K) NonClass: 14925K(15040K)->14925K(15040K) Class: 2626K(2752K)->2626K(2752K)
[48.367s][info][gc             ] GC(118) Pause Young (Allocation Failure) 656M->547M(869M) 76.615ms
[48.367s][info][gc,cpu         ] GC(118) User=0.15s Sys=0.00s Real=0.07s
[48.468s][info][gc,start       ] GC(119) Pause Young (Allocation Failure)
[48.561s][info][gc,heap        ] GC(119) PSYoungGen: 191072K(222720K)->30464K(222720K) Eden: 111616K(111616K)->0K(111616K) From: 79456K(111104K)->30464K(111104K)
[48.561s][info][gc,heap        ] GC(119) ParOldGen: 480766K(667648K)->546870K(667648K)
[48.561s][info][gc,metaspace   ] GC(119) Metaspace: 17551K(17792K)->17551K(17792K) NonClass: 14925K(15040K)->14925K(15040K) Class: 2626K(2752K)->2626K(2752K)
[48.561s][info][gc             ] GC(119) Pause Young (Allocation Failure) 656M->563M(869M) 92.578ms
[48.561s][info][gc,cpu         ] GC(119) User=0.19s Sys=0.00s Real=0.09s
[48.668s][info][gc,start       ] GC(120) Pause Young (Allocation Failure)
[48.728s][info][gc,heap        ] GC(120) PSYoungGen: 142080K(222720K)->47168K(222720K) Eden: 111616K(111616K)->0K(111616K) From: 30464K(111104K)->47168K(111104K)
[48.728s][info][gc,heap        ] GC(120) ParOldGen: 546870K(667648K)->553470K(667648K)
[48.728s][info][gc,metaspace   ] GC(120) Metaspace: 17551K(17792K)->17551K(17792K) NonClass: 14925K(15040K)->14925K(15040K) Class: 2626K(2752K)->2626K(2752K)
[48.728s][info][gc             ] GC(120) Pause Young (Allocation Failure) 672M->586M(869M) 59.375ms
[48.728s][info][gc,cpu         ] GC(120) User=0.12s Sys=0.00s Real=0.06s
[49.065s][info][gc,start       ] GC(121) Pause Young (Allocation Failure)
[49.119s][info][gc,heap        ] GC(121) PSYoungGen: 158784K(222720K)->46864K(222720K) Eden: 111616K(111616K)->0K(111616K) From: 47168K(111104K)->46864K(111104K)
[49.119s][info][gc,heap        ] GC(121) ParOldGen: 553470K(667648K)->560374K(667648K)
[49.119s][info][gc,metaspace   ] GC(121) Metaspace: 17552K(17792K)->17552K(17792K) NonClass: 14926K(15040K)->14926K(15040K) Class: 2626K(2752K)->2626K(2752K)
[49.119s][info][gc             ] GC(121) Pause Young (Allocation Failure) 695M->593M(869M) 53.886ms
[49.119s][info][gc,cpu         ] GC(121) User=0.11s Sys=0.00s Real=0.06s
[49.454s][info][gc,start       ] GC(122) Pause Young (Allocation Failure)
[49.499s][info][gc,heap        ] GC(122) PSYoungGen: 158480K(222720K)->30000K(141824K) Eden: 111616K(111616K)->0K(111616K) From: 46864K(111104K)->30000K(30208K)
[49.499s][info][gc,heap        ] GC(122) ParOldGen: 560374K(667648K)->577382K(667648K)
[49.499s][info][gc,metaspace   ] GC(122) Metaspace: 17554K(17792K)->17554K(17792K) NonClass: 14928K(15040K)->14928K(15040K) Class: 2626K(2752K)->2626K(2752K)
[49.499s][info][gc             ] GC(122) Pause Young (Allocation Failure) 702M->593M(790M) 45.446ms
[49.499s][info][gc,cpu         ] GC(122) User=0.09s Sys=0.00s Real=0.05s
[49.850s][info][gc,start       ] GC(123) Pause Young (Allocation Failure)
[49.882s][info][gc,heap        ] GC(123) PSYoungGen: 141616K(141824K)->160K(221184K) Eden: 111616K(111616K)->0K(111104K) From: 30000K(30208K)->160K(110080K)
[49.882s][info][gc,heap        ] GC(123) ParOldGen: 577382K(667648K)->607327K(667648K)
[49.882s][info][gc,metaspace   ] GC(123) Metaspace: 17554K(17792K)->17554K(17792K) NonClass: 14928K(15040K)->14928K(15040K) Class: 2626K(2752K)->2626K(2752K)
[49.882s][info][gc             ] GC(123) Pause Young (Allocation Failure) 702M->593M(868M) 31.512ms
[49.882s][info][gc,cpu         ] GC(123) User=0.06s Sys=0.00s Real=0.03s
[50.132s][info][gc,start       ] GC(124) Pause Full (Allocation Failure)
[50.132s][info][gc,phases,start] GC(124) Marking Phase
[50.565s][info][gc,phases      ] GC(124) Marking Phase 432.709ms
[50.565s][info][gc,phases,start] GC(124) Summary Phase
[50.565s][info][gc,phases      ] GC(124) Summary Phase 0.037ms
[50.565s][info][gc,phases,start] GC(124) Forward
[50.589s][info][gc,phases      ] GC(124) Forward 24.113ms
[50.589s][info][gc,phases,start] GC(124) Adjust Pointers
[50.877s][info][gc,phases      ] GC(124) Adjust Pointers 287.417ms
[50.877s][info][gc,phases,start] GC(124) Compaction Phase
[51.012s][info][gc,phases      ] GC(124) Compaction Phase 135.576ms
[51.012s][info][gc,phases,start] GC(124) Post Compact
[51.014s][info][gc,phases      ] GC(124) Post Compact 2.056ms
[51.014s][info][gc,heap        ] GC(124) PSYoungGen: 111264K(221184K)->0K(221696K) Eden: 111104K(111104K)->0K(111104K) From: 160K(110080K)->0K(110592K)
[51.014s][info][gc,heap        ] GC(124) ParOldGen: 607327K(667648K)->607179K(667648K)
[51.014s][info][gc,metaspace   ] GC(124) Metaspace: 17554K(17792K)->17554K(17792K) NonClass: 14928K(15040K)->14928K(15040K) Class: 2626K(2752K)->2626K(2752K)
[51.014s][info][gc             ] GC(124) Pause Full (Allocation Failure) 701M->592M(868M) 882.357ms
[51.015s][info][gc,cpu         ] GC(124) User=1.73s Sys=0.01s Real=0.88s
[51.271s][info][gc,start       ] GC(125) Pause Full (Allocation Failure)
[51.271s][info][gc,phases,start] GC(125) Marking Phase
[51.700s][info][gc,phases      ] GC(125) Marking Phase 429.594ms
[51.700s][info][gc,phases,start] GC(125) Summary Phase
[51.700s][info][gc,phases      ] GC(125) Summary Phase 0.023ms
[51.700s][info][gc,phases,start] GC(125) Forward
[51.701s][info][gc,phases      ] GC(125) Forward 0.401ms
[51.701s][info][gc,phases,start] GC(125) Adjust Pointers
[51.974s][info][gc,phases      ] GC(125) Adjust Pointers 273.633ms
[51.975s][info][gc,phases,start] GC(125) Compaction Phase
[52.103s][info][gc,phases      ] GC(125) Compaction Phase 128.344ms
[52.103s][info][gc,phases,start] GC(125) Post Compact
[52.105s][info][gc,phases      ] GC(125) Post Compact 2.020ms
[52.105s][info][gc,heap        ] GC(125) PSYoungGen: 111104K(221696K)->0K(223232K) Eden: 111104K(111104K)->0K(112640K) From: 0K(110592K)->0K(110592K)
[52.105s][info][gc,heap        ] GC(125) ParOldGen: 607179K(667648K)->607181K(667648K)
[52.105s][info][gc,metaspace   ] GC(125) Metaspace: 17554K(17792K)->17554K(17792K) NonClass: 14928K(15040K)->14928K(15040K) Class: 2626K(2752K)->2626K(2752K)
[52.105s][info][gc             ] GC(125) Pause Full (Allocation Failure) 701M->592M(870M) 834.386ms
[52.105s][info][gc,cpu         ] GC(125) User=1.64s Sys=0.00s Real=0.83s
[52.357s][info][gc,start       ] GC(126) Pause Full (Allocation Failure)
[52.357s][info][gc,phases,start] GC(126) Marking Phase
[52.782s][info][gc,phases      ] GC(126) Marking Phase 425.466ms
[52.782s][info][gc,phases,start] GC(126) Summary Phase
[52.782s][info][gc,phases      ] GC(126) Summary Phase 0.024ms
[52.782s][info][gc,phases,start] GC(126) Forward
[52.783s][info][gc,phases      ] GC(126) Forward 0.388ms
[52.783s][info][gc,phases,start] GC(126) Adjust Pointers
[53.057s][info][gc,phases      ] GC(126) Adjust Pointers 274.419ms
[53.057s][info][gc,phases,start] GC(126) Compaction Phase
[53.185s][info][gc,phases      ] GC(126) Compaction Phase 127.880ms
[53.185s][info][gc,phases,start] GC(126) Post Compact
[53.187s][info][gc,phases      ] GC(126) Post Compact 2.045ms
[53.187s][info][gc,heap        ] GC(126) PSYoungGen: 112640K(223232K)->0K(223232K) Eden: 112640K(112640K)->0K(112640K) From: 0K(110592K)->0K(110592K)
[53.187s][info][gc,heap        ] GC(126) ParOldGen: 607181K(667648K)->607183K(667648K)
[53.187s][info][gc,metaspace   ] GC(126) Metaspace: 17554K(17792K)->17554K(17792K) NonClass: 14928K(15040K)->14928K(15040K) Class: 2626K(2752K)->2626K(2752K)
[53.187s][info][gc             ] GC(126) Pause Full (Allocation Failure) 702M->592M(870M) 830.603ms
[53.187s][info][gc,cpu         ] GC(126) User=1.63s Sys=0.00s Real=0.83s
[53.453s][info][gc,start       ] GC(127) Pause Full (Allocation Failure)
[53.453s][info][gc,phases,start] GC(127) Marking Phase
[53.880s][info][gc,phases      ] GC(127) Marking Phase 426.629ms
[53.880s][info][gc,phases,start] GC(127) Summary Phase
[53.880s][info][gc,phases      ] GC(127) Summary Phase 0.023ms
[53.880s][info][gc,phases,start] GC(127) Forward
[53.880s][info][gc,phases      ] GC(127) Forward 0.366ms
[53.880s][info][gc,phases,start] GC(127) Adjust Pointers
[54.155s][info][gc,phases      ] GC(127) Adjust Pointers 274.414ms
[54.155s][info][gc,phases,start] GC(127) Compaction Phase
[54.283s][info][gc,phases      ] GC(127) Compaction Phase 127.635ms
[54.283s][info][gc,phases,start] GC(127) Post Compact
[54.285s][info][gc,phases      ] GC(127) Post Compact 2.023ms
[54.285s][info][gc,heap        ] GC(127) PSYoungGen: 112640K(223232K)->0K(223232K) Eden: 112640K(112640K)->0K(112640K) From: 0K(110592K)->0K(110592K)
[54.285s][info][gc,heap        ] GC(127) ParOldGen: 607183K(667648K)->607186K(667648K)
[54.285s][info][gc,metaspace   ] GC(127) Metaspace: 17557K(17792K)->17557K(17792K) NonClass: 14931K(15040K)->14931K(15040K) Class: 2626K(2752K)->2626K(2752K)
[54.285s][info][gc             ] GC(127) Pause Full (Allocation Failure) 702M->592M(870M) 831.496ms
[54.285s][info][gc,cpu         ] GC(127) User=1.63s Sys=0.00s Real=0.83s
[54.522s][info][gc,start       ] GC(128) Pause Full (Allocation Failure)
[54.522s][info][gc,phases,start] GC(128) Marking Phase
[54.953s][info][gc,phases      ] GC(128) Marking Phase 431.067ms
[54.953s][info][gc,phases,start] GC(128) Summary Phase
[54.953s][info][gc,phases      ] GC(128) Summary Phase 0.023ms
[54.953s][info][gc,phases,start] GC(128) Forward
[54.954s][info][gc,phases      ] GC(128) Forward 0.434ms
[54.954s][info][gc,phases,start] GC(128) Adjust Pointers
[55.231s][info][gc,phases      ] GC(128) Adjust Pointers 277.035ms
[55.231s][info][gc,phases,start] GC(128) Compaction Phase
[55.359s][info][gc,phases      ] GC(128) Compaction Phase 127.911ms
[55.359s][info][gc,phases,start] GC(128) Post Compact
[55.361s][info][gc,phases      ] GC(128) Post Compact 1.997ms
[55.361s][info][gc,heap        ] GC(128) PSYoungGen: 112640K(223232K)->0K(223232K) Eden: 112640K(112640K)->0K(112640K) From: 0K(110592K)->0K(110592K)
[55.361s][info][gc,heap        ] GC(128) ParOldGen: 607186K(667648K)->607194K(667648K)
[55.361s][info][gc,metaspace   ] GC(128) Metaspace: 17557K(17792K)->17557K(17792K) NonClass: 14931K(15040K)->14931K(15040K) Class: 2626K(2752K)->2626K(2752K)
[55.361s][info][gc             ] GC(128) Pause Full (Allocation Failure) 702M->592M(870M) 838.823ms
[55.361s][info][gc,cpu         ] GC(128) User=1.64s Sys=0.00s Real=0.84s
[55.651s][info][gc,start       ] GC(129) Pause Full (Allocation Failure)
[55.651s][info][gc,phases,start] GC(129) Marking Phase
[56.024s][info][gc,phases      ] GC(129) Marking Phase 372.438ms
[56.024s][info][gc,phases,start] GC(129) Summary Phase
[56.024s][info][gc,phases      ] GC(129) Summary Phase 0.024ms
[56.024s][info][gc,phases,start] GC(129) Forward
[56.124s][info][gc,phases      ] GC(129) Forward 100.052ms
[56.124s][info][gc,phases,start] GC(129) Adjust Pointers
[56.383s][info][gc,phases      ] GC(129) Adjust Pointers 259.400ms
[56.383s][info][gc,phases,start] GC(129) Compaction Phase
[56.543s][info][gc,phases      ] GC(129) Compaction Phase 159.915ms
[56.551s][info][gc,phases,start] GC(129) Post Compact
[56.553s][info][gc,phases      ] GC(129) Post Compact 2.099ms
[56.553s][info][gc,heap        ] GC(129) PSYoungGen: 112640K(223232K)->0K(223232K) Eden: 112640K(112640K)->0K(112640K) From: 0K(110592K)->0K(110592K)
[56.553s][info][gc,heap        ] GC(129) ParOldGen: 607194K(667648K)->519313K(667648K)
[56.553s][info][gc,metaspace   ] GC(129) Metaspace: 17557K(17792K)->17557K(17792K) NonClass: 14931K(15040K)->14931K(15040K) Class: 2626K(2752K)->2626K(2752K)
[56.553s][info][gc             ] GC(129) Pause Full (Allocation Failure) 702M->507M(870M) 902.209ms
[56.553s][info][gc,cpu         ] GC(129) User=1.71s Sys=0.00s Real=0.90s
[56.795s][info][gc,start       ] GC(130) Pause Young (Allocation Failure)
[56.806s][info][gc,heap        ] GC(130) PSYoungGen: 112640K(223232K)->11136K(123904K) Eden: 112640K(112640K)->0K(112640K) From: 0K(110592K)->11136K(11264K)
[56.806s][info][gc,heap        ] GC(130) ParOldGen: 519313K(667648K)->519313K(667648K)
[56.806s][info][gc,metaspace   ] GC(130) Metaspace: 17558K(17792K)->17558K(17792K) NonClass: 14932K(15040K)->14932K(15040K) Class: 2626K(2752K)->2626K(2752K)
[56.806s][info][gc             ] GC(130) Pause Young (Allocation Failure) 617M->518M(773M) 10.253ms
[56.806s][info][gc,cpu         ] GC(130) User=0.02s Sys=0.00s Real=0.01s
[56.883s][info][gc,start       ] GC(131) Pause Young (Allocation Failure)
[56.923s][info][gc,heap        ] GC(131) PSYoungGen: 123776K(123904K)->54528K(220160K) Eden: 112640K(112640K)->0K(112640K) From: 11136K(11264K)->54528K(107520K)
[56.923s][info][gc,heap        ] GC(131) ParOldGen: 519313K(667648K)->519313K(667648K)
[56.923s][info][gc,metaspace   ] GC(131) Metaspace: 17558K(17792K)->17558K(17792K) NonClass: 14932K(15040K)->14932K(15040K) Class: 2626K(2752K)->2626K(2752K)
[56.923s][info][gc             ] GC(131) Pause Young (Allocation Failure) 628M->560M(867M) 40.083ms
[56.923s][info][gc,cpu         ] GC(131) User=0.08s Sys=0.00s Real=0.04s
[57.170s][info][gc,start       ] GC(132) Pause Young (Allocation Failure)
[57.216s][info][gc,heap        ] GC(132) PSYoungGen: 167168K(220160K)->72480K(220160K) Eden: 112640K(112640K)->0K(112640K) From: 54528K(107520K)->72480K(107520K)
[57.216s][info][gc,heap        ] GC(132) ParOldGen: 519313K(667648K)->519313K(667648K)
[57.216s][info][gc,metaspace   ] GC(132) Metaspace: 17560K(17792K)->17560K(17792K) NonClass: 14934K(15040K)->14934K(15040K) Class: 2626K(2752K)->2626K(2752K)
[57.216s][info][gc             ] GC(132) Pause Young (Allocation Failure) 670M->577M(867M) 45.630ms
[57.216s][info][gc,cpu         ] GC(132) User=0.09s Sys=0.00s Real=0.04s
[57.345s][info][gc,start       ] GC(133) Pause Young (Allocation Failure)
[57.395s][info][gc,heap        ] GC(133) PSYoungGen: 185120K(220160K)->22016K(224256K) Eden: 112640K(112640K)->0K(113152K) From: 72480K(107520K)->22016K(111104K)
[57.395s][info][gc,heap        ] GC(133) ParOldGen: 519313K(667648K)->574425K(667648K)
[57.395s][info][gc,metaspace   ] GC(133) Metaspace: 17562K(17792K)->17562K(17792K) NonClass: 14936K(15040K)->14936K(15040K) Class: 2626K(2752K)->2626K(2752K)
[57.396s][info][gc             ] GC(133) Pause Young (Allocation Failure) 687M->582M(871M) 50.249ms
[57.396s][info][gc,cpu         ] GC(133) User=0.09s Sys=0.01s Real=0.05s
[57.549s][info][gc,start       ] GC(134) Pause Young (Allocation Failure)
[57.619s][info][gc,heap        ] GC(134) PSYoungGen: 135168K(224256K)->64870K(222720K) Eden: 113152K(113152K)->0K(113152K) From: 22016K(111104K)->64870K(109568K)
[57.619s][info][gc,heap        ] GC(134) ParOldGen: 574425K(667648K)->574425K(667648K)
[57.619s][info][gc,metaspace   ] GC(134) Metaspace: 17567K(17792K)->17567K(17792K) NonClass: 14941K(15040K)->14941K(15040K) Class: 2626K(2752K)->2626K(2752K)
[57.619s][info][gc             ] GC(134) Pause Young (Allocation Failure) 692M->624M(869M) 69.512ms
[57.619s][info][gc,cpu         ] GC(134) User=0.13s Sys=0.00s Real=0.07s
[57.690s][info][gc,start       ] GC(135) Pause Young (Allocation Failure)
[57.798s][info][gc,heap        ] GC(135) PSYoungGen: 178022K(222720K)->84470K(222720K) Eden: 113152K(113152K)->0K(111616K) From: 64870K(109568K)->84470K(111104K)
[57.798s][info][gc,heap        ] GC(135) ParOldGen: 574425K(667648K)->596536K(667648K)
[57.798s][info][gc,metaspace   ] GC(135) Metaspace: 17567K(17792K)->17567K(17792K) NonClass: 14941K(15040K)->14941K(15040K) Class: 2626K(2752K)->2626K(2752K)
[57.798s][info][gc             ] GC(135) Pause Young (Allocation Failure) 734M->665M(869M) 107.350ms
[57.798s][info][gc,cpu         ] GC(135) User=0.20s Sys=0.00s Real=0.11s
[58.006s][info][gc,start       ] GC(136) Pause Young (Allocation Failure)
[58.090s][info][gc,promotion   ] GC(136) Promotion failed
[58.090s][info][gc,heap        ] GC(136) PSYoungGen: 196086K(222720K)->196086K(222720K) Eden: 111616K(111616K)->111616K(111616K) From: 84470K(111104K)->84470K(111104K)
[58.090s][info][gc,heap        ] GC(136) ParOldGen: 596536K(667648K)->667643K(667648K)
[58.090s][info][gc,metaspace   ] GC(136) Metaspace: 17567K(17792K)->17567K(17792K) NonClass: 14941K(15040K)->14941K(15040K) Class: 2626K(2752K)->2626K(2752K)
[58.090s][info][gc             ] GC(136) Pause Young (Allocation Failure) 774M->843M(869M) 83.634ms
[58.090s][info][gc,cpu         ] GC(136) User=0.15s Sys=0.02s Real=0.09s
[58.090s][info][gc,start       ] GC(137) Pause Full (Allocation Failure)
[58.090s][info][gc,phases,start] GC(137) Marking Phase
[58.320s][info][gc,phases      ] GC(137) Marking Phase 229.761ms
[58.320s][info][gc,phases,start] GC(137) Summary Phase
[58.320s][info][gc,phases      ] GC(137) Summary Phase 0.027ms
[58.320s][info][gc,phases,start] GC(137) Forward
[58.425s][info][gc,phases      ] GC(137) Forward 105.046ms
[58.425s][info][gc,phases,start] GC(137) Adjust Pointers
[58.601s][info][gc,phases      ] GC(137) Adjust Pointers 176.354ms
[58.601s][info][gc,phases,start] GC(137) Compaction Phase
[58.714s][info][gc,phases      ] GC(137) Compaction Phase 112.895ms
[58.721s][info][gc,phases,start] GC(137) Post Compact
[58.723s][info][gc,phases      ] GC(137) Post Compact 2.824ms
[58.724s][info][gc,heap        ] GC(137) PSYoungGen: 196086K(222720K)->0K(222720K) Eden: 111616K(111616K)->0K(111616K) From: 84470K(111104K)->0K(111104K)
[58.724s][info][gc,heap        ] GC(137) ParOldGen: 667643K(667648K)->373880K(659456K)
[58.724s][info][gc,metaspace   ] GC(137) Metaspace: 17567K(17792K)->17567K(17792K) NonClass: 14941K(15040K)->14941K(15040K) Class: 2626K(2752K)->2626K(2752K)
[58.724s][info][gc             ] GC(137) Pause Full (Allocation Failure) 843M->365M(861M) 634.375ms
[58.724s][info][gc,cpu         ] GC(137) User=1.16s Sys=0.00s Real=0.63s
[58.922s][info][gc,start       ] GC(138) Pause Young (Allocation Failure)
[58.924s][info][gc,heap        ] GC(138) PSYoungGen: 111616K(222720K)->96K(222720K) Eden: 111616K(111616K)->0K(111616K) From: 0K(111104K)->96K(111104K)
[58.924s][info][gc,heap        ] GC(138) ParOldGen: 373880K(659456K)->373880K(659456K)
[58.924s][info][gc,metaspace   ] GC(138) Metaspace: 17567K(17792K)->17567K(17792K) NonClass: 14941K(15040K)->14941K(15040K) Class: 2626K(2752K)->2626K(2752K)
[58.924s][info][gc             ] GC(138) Pause Young (Allocation Failure) 474M->365M(861M) 1.575ms
[58.924s][info][gc,cpu         ] GC(138) User=0.01s Sys=0.00s Real=0.00s
[59.086s][info][gc,start       ] GC(139) Pause Young (Allocation Failure)
[59.088s][info][gc,heap        ] GC(139) PSYoungGen: 111712K(222720K)->128K(222720K) Eden: 111616K(111616K)->0K(111616K) From: 96K(111104K)->128K(111104K)
[59.088s][info][gc,heap        ] GC(139) ParOldGen: 373880K(659456K)->373944K(659456K)
[59.088s][info][gc,metaspace   ] GC(139) Metaspace: 17567K(17792K)->17567K(17792K) NonClass: 14941K(15040K)->14941K(15040K) Class: 2626K(2752K)->2626K(2752K)
[59.088s][info][gc             ] GC(139) Pause Young (Allocation Failure) 474M->365M(861M) 1.915ms
[59.088s][info][gc,cpu         ] GC(139) User=0.00s Sys=0.00s Real=0.01s
[59.279s][info][gc,start       ] GC(140) Pause Young (Allocation Failure)
[59.281s][info][gc,heap        ] GC(140) PSYoungGen: 111744K(222720K)->96K(222720K) Eden: 111616K(111616K)->0K(111616K) From: 128K(111104K)->96K(111104K)
[59.281s][info][gc,heap        ] GC(140) ParOldGen: 373944K(659456K)->374032K(659456K)
[59.281s][info][gc,metaspace   ] GC(140) Metaspace: 17567K(17792K)->17567K(17792K) NonClass: 14941K(15040K)->14941K(15040K) Class: 2626K(2752K)->2626K(2752K)
[59.281s][info][gc             ] GC(140) Pause Young (Allocation Failure) 474M->365M(861M) 1.751ms
[59.281s][info][gc,cpu         ] GC(140) User=0.00s Sys=0.00s Real=0.00s
[59.409s][info][gc,start       ] GC(141) Pause Young (Allocation Failure)
[59.410s][info][gc,heap        ] GC(141) PSYoungGen: 111712K(222720K)->160K(222720K) Eden: 111616K(111616K)->0K(111616K) From: 96K(111104K)->160K(111104K)
[59.410s][info][gc,heap        ] GC(141) ParOldGen: 374032K(659456K)->374128K(659456K)
[59.410s][info][gc,metaspace   ] GC(141) Metaspace: 17567K(17792K)->17567K(17792K) NonClass: 14941K(15040K)->14941K(15040K) Class: 2626K(2752K)->2626K(2752K)
[59.411s][info][gc             ] GC(141) Pause Young (Allocation Failure) 474M->365M(861M) 1.987ms
[59.411s][info][gc,cpu         ] GC(141) User=0.00s Sys=0.00s Real=0.00s
[59.527s][info][gc,start       ] GC(142) Pause Young (Allocation Failure)
[59.529s][info][gc,heap        ] GC(142) PSYoungGen: 111776K(222720K)->96K(222720K) Eden: 111616K(111616K)->0K(111616K) From: 160K(111104K)->96K(111104K)
[59.529s][info][gc,heap        ] GC(142) ParOldGen: 374128K(659456K)->374240K(659456K)
[59.529s][info][gc,metaspace   ] GC(142) Metaspace: 17567K(17792K)->17567K(17792K) NonClass: 14941K(15040K)->14941K(15040K) Class: 2626K(2752K)->2626K(2752K)
[59.529s][info][gc             ] GC(142) Pause Young (Allocation Failure) 474M->365M(861M) 1.697ms
[59.529s][info][gc,cpu         ] GC(142) User=0.00s Sys=0.00s Real=0.01s
[59.644s][info][gc,start       ] GC(143) Pause Young (Allocation Failure)
[59.646s][info][gc,heap        ] GC(143) PSYoungGen: 111712K(222720K)->96K(112128K) Eden: 111616K(111616K)->0K(111616K) From: 96K(111104K)->96K(512K)
[59.646s][info][gc,heap        ] GC(143) ParOldGen: 374240K(659456K)->374320K(659456K)
[59.646s][info][gc,metaspace   ] GC(143) Metaspace: 17567K(17792K)->17567K(17792K) NonClass: 14941K(15040K)->14941K(15040K) Class: 2626K(2752K)->2626K(2752K)
[59.646s][info][gc             ] GC(143) Pause Young (Allocation Failure) 474M->365M(753M) 2.166ms
[59.646s][info][gc,cpu         ] GC(143) User=0.01s Sys=0.00s Real=0.00s
[59.780s][info][gc,start       ] GC(144) Pause Young (Allocation Failure)
[59.782s][info][gc,heap        ] GC(144) PSYoungGen: 111712K(112128K)->192K(215552K) Eden: 111616K(111616K)->0K(113664K) From: 96K(512K)->192K(101888K)
[59.782s][info][gc,heap        ] GC(144) ParOldGen: 374320K(659456K)->374320K(659456K)
[59.782s][info][gc,metaspace   ] GC(144) Metaspace: 17567K(17792K)->17567K(17792K) NonClass: 14941K(15040K)->14941K(15040K) Class: 2626K(2752K)->2626K(2752K)
[59.782s][info][gc             ] GC(144) Pause Young (Allocation Failure) 474M->365M(854M) 1.806ms
[59.782s][info][gc,cpu         ] GC(144) User=0.01s Sys=0.00s Real=0.00s
[59.896s][info][gc,start       ] GC(145) Pause Young (Allocation Failure)
[59.898s][info][gc,heap        ] GC(145) PSYoungGen: 113856K(215552K)->288K(114176K) Eden: 113664K(113664K)->0K(113664K) From: 192K(101888K)->288K(512K)
[59.898s][info][gc,heap        ] GC(145) ParOldGen: 374320K(659456K)->374320K(659456K)
[59.898s][info][gc,metaspace   ] GC(145) Metaspace: 17567K(17792K)->17567K(17792K) NonClass: 14941K(15040K)->14941K(15040K) Class: 2626K(2752K)->2626K(2752K)
[59.898s][info][gc             ] GC(145) Pause Young (Allocation Failure) 476M->365M(755M) 1.894ms
[59.898s][info][gc,cpu         ] GC(145) User=0.01s Sys=0.00s Real=0.01s
[60.010s][info][gc,start       ] GC(146) Pause Young (Allocation Failure)
[60.013s][info][gc,heap        ] GC(146) PSYoungGen: 113952K(114176K)->352K(204800K) Eden: 113664K(113664K)->0K(115200K) From: 288K(512K)->352K(89600K)
[60.013s][info][gc,heap        ] GC(146) ParOldGen: 374320K(659456K)->374320K(659456K)
[60.013s][info][gc,metaspace   ] GC(146) Metaspace: 17567K(17792K)->17567K(17792K) NonClass: 14941K(15040K)->14941K(15040K) Class: 2626K(2752K)->2626K(2752K)
[60.013s][info][gc             ] GC(146) Pause Young (Allocation Failure) 476M->365M(844M) 2.175ms
[60.013s][info][gc,cpu         ] GC(146) User=0.00s Sys=0.01s Real=0.00s
[60.170s][info][gc,start       ] GC(147) Pause Young (Allocation Failure)
[60.180s][info][gc,heap        ] GC(147) PSYoungGen: 115552K(204800K)->3744K(119296K) Eden: 115200K(115200K)->0K(115200K) From: 352K(89600K)->3744K(4096K)
[60.180s][info][gc,heap        ] GC(147) ParOldGen: 374320K(659456K)->374320K(659456K)
[60.180s][info][gc,metaspace   ] GC(147) Metaspace: 17567K(17792K)->17567K(17792K) NonClass: 14941K(15040K)->14941K(15040K) Class: 2626K(2752K)->2626K(2752K)
[60.180s][info][gc             ] GC(147) Pause Young (Allocation Failure) 478M->369M(760M) 9.795ms
[60.180s][info][gc,cpu         ] GC(147) User=0.02s Sys=0.00s Real=0.01s
[60.371s][info][gc,start       ] GC(148) Pause Young (Allocation Failure)
[60.400s][info][gc,heap        ] GC(148) PSYoungGen: 118944K(119296K)->13707K(193536K) Eden: 115200K(115200K)->0K(117760K) From: 3744K(4096K)->13707K(75776K)
[60.401s][info][gc,heap        ] GC(148) ParOldGen: 374320K(659456K)->374320K(659456K)
[60.401s][info][gc,metaspace   ] GC(148) Metaspace: 17567K(17792K)->17567K(17792K) NonClass: 14941K(15040K)->14941K(15040K) Class: 2626K(2752K)->2626K(2752K)
[60.401s][info][gc             ] GC(148) Pause Young (Allocation Failure) 481M->378M(833M) 29.731ms
[60.401s][info][gc,cpu         ] GC(148) User=0.05s Sys=0.00s Real=0.03s
[60.551s][info][gc,start       ] GC(149) Pause Young (Allocation Failure)
[60.584s][info][gc,heap        ] GC(149) PSYoungGen: 131467K(193536K)->19499K(137728K) Eden: 117760K(117760K)->0K(117760K) From: 13707K(75776K)->19499K(19968K)
[60.584s][info][gc,heap        ] GC(149) ParOldGen: 374320K(659456K)->374320K(659456K)
[60.584s][info][gc,metaspace   ] GC(149) Metaspace: 17567K(17792K)->17567K(17792K) NonClass: 14941K(15040K)->14941K(15040K) Class: 2626K(2752K)->2626K(2752K)
[60.584s][info][gc             ] GC(149) Pause Young (Allocation Failure) 493M->384M(778M) 32.892ms
[60.584s][info][gc,cpu         ] GC(149) User=0.07s Sys=0.00s Real=0.03s
[60.735s][info][gc,start       ] GC(150) Pause Young (Allocation Failure)
[60.768s][info][gc,heap        ] GC(150) PSYoungGen: 137259K(137728K)->19499K(189440K) Eden: 117760K(117760K)->0K(121856K) From: 19499K(19968K)->19499K(67584K)
[60.768s][info][gc,heap        ] GC(150) ParOldGen: 374320K(659456K)->374320K(659456K)
[60.768s][info][gc,metaspace   ] GC(150) Metaspace: 17567K(17792K)->17567K(17792K) NonClass: 14941K(15040K)->14941K(15040K) Class: 2626K(2752K)->2626K(2752K)
[60.768s][info][gc             ] GC(150) Pause Young (Allocation Failure) 499M->384M(829M) 32.837ms
[60.768s][info][gc,cpu         ] GC(150) User=0.06s Sys=0.00s Real=0.04s
[60.905s][info][gc,start       ] GC(151) Pause Young (Allocation Failure)
[60.958s][info][gc,heap        ] GC(151) PSYoungGen: 141355K(189440K)->35819K(194048K) Eden: 121856K(121856K)->0K(121856K) From: 19499K(67584K)->35819K(72192K)
[60.958s][info][gc,heap        ] GC(151) ParOldGen: 374320K(659456K)->374320K(659456K)
[60.958s][info][gc,metaspace   ] GC(151) Metaspace: 17567K(17792K)->17567K(17792K) NonClass: 14941K(15040K)->14941K(15040K) Class: 2626K(2752K)->2626K(2752K)
[60.958s][info][gc             ] GC(151) Pause Young (Allocation Failure) 503M->400M(833M) 52.468ms
[60.958s][info][gc,cpu         ] GC(151) User=0.11s Sys=0.00s Real=0.06s
[61.096s][info][gc,start       ] GC(152) Pause Young (Allocation Failure)
[61.165s][info][gc,heap        ] GC(152) PSYoungGen: 157675K(194048K)->51179K(194560K) Eden: 121856K(121856K)->0K(120832K) From: 35819K(72192K)->51179K(73728K)
[61.165s][info][gc,heap        ] GC(152) ParOldGen: 374320K(659456K)->374320K(659456K)
[61.165s][info][gc,metaspace   ] GC(152) Metaspace: 17569K(17792K)->17569K(17792K) NonClass: 14943K(15040K)->14943K(15040K) Class: 2626K(2752K)->2626K(2752K)
[61.165s][info][gc             ] GC(152) Pause Young (Allocation Failure) 519M->415M(834M) 69.856ms
[61.165s][info][gc,cpu         ] GC(152) User=0.14s Sys=0.00s Real=0.07s
[61.264s][info][gc,start       ] GC(153) Pause Young (Allocation Failure)
[61.334s][info][gc,heap        ] GC(153) PSYoungGen: 172011K(194560K)->55179K(201216K) Eden: 120832K(120832K)->0K(120832K) From: 51179K(73728K)->55179K(80384K)
[61.334s][info][gc,heap        ] GC(153) ParOldGen: 374320K(659456K)->374320K(659456K)
[61.334s][info][gc,metaspace   ] GC(153) Metaspace: 17569K(17792K)->17569K(17792K) NonClass: 14943K(15040K)->14943K(15040K) Class: 2626K(2752K)->2626K(2752K)
[61.334s][info][gc             ] GC(153) Pause Young (Allocation Failure) 533M->419M(840M) 70.318ms
[61.334s][info][gc,cpu         ] GC(153) User=0.14s Sys=0.00s Real=0.07s
[61.449s][info][gc,start       ] GC(154) Pause Young (Allocation Failure)
[61.522s][info][gc,heap        ] GC(154) PSYoungGen: 176011K(201216K)->56331K(210944K) Eden: 120832K(120832K)->0K(123904K) From: 55179K(80384K)->56331K(87040K)
[61.522s][info][gc,heap        ] GC(154) ParOldGen: 374320K(659456K)->374320K(659456K)
[61.522s][info][gc,metaspace   ] GC(154) Metaspace: 17569K(17792K)->17569K(17792K) NonClass: 14943K(15040K)->14943K(15040K) Class: 2626K(2752K)->2626K(2752K)
[61.522s][info][gc             ] GC(154) Pause Young (Allocation Failure) 537M->420M(850M) 73.650ms
[61.522s][info][gc,cpu         ] GC(154) User=0.15s Sys=0.01s Real=0.07s
[61.635s][info][gc,start       ] GC(155) Pause Young (Allocation Failure)
[61.709s][info][gc,heap        ] GC(155) PSYoungGen: 180235K(210944K)->59723K(216064K) Eden: 123904K(123904K)->0K(123904K) From: 56331K(87040K)->59723K(92160K)
[61.710s][info][gc,heap        ] GC(155) ParOldGen: 374320K(659456K)->374320K(659456K)
[61.710s][info][gc,metaspace   ] GC(155) Metaspace: 17569K(17792K)->17569K(17792K) NonClass: 14943K(15040K)->14943K(15040K) Class: 2626K(2752K)->2626K(2752K)
[61.710s][info][gc             ] GC(155) Pause Young (Allocation Failure) 541M->423M(855M) 74.945ms
[61.710s][info][gc,cpu         ] GC(155) User=0.15s Sys=0.00s Real=0.08s
[61.812s][info][gc,start       ] GC(156) Pause Young (Allocation Failure)
[61.893s][info][gc,heap        ] GC(156) PSYoungGen: 183627K(216064K)->59755K(226816K) Eden: 123904K(123904K)->0K(129536K) From: 59723K(92160K)->59755K(97280K)
[61.893s][info][gc,heap        ] GC(156) ParOldGen: 374320K(659456K)->374320K(659456K)
[61.893s][info][gc,metaspace   ] GC(156) Metaspace: 17569K(17792K)->17569K(17792K) NonClass: 14943K(15040K)->14943K(15040K) Class: 2626K(2752K)->2626K(2752K)
[61.893s][info][gc             ] GC(156) Pause Young (Allocation Failure) 544M->423M(865M) 81.470ms
[61.893s][info][gc,cpu         ] GC(156) User=0.15s Sys=0.01s Real=0.08s
[62.042s][info][gc,start       ] GC(157) Pause Young (Allocation Failure)
[62.129s][info][gc,heap        ] GC(157) PSYoungGen: 189291K(226816K)->74699K(204288K) Eden: 129536K(129536K)->0K(129536K) From: 59755K(97280K)->74699K(74752K)
[62.129s][info][gc,heap        ] GC(157) ParOldGen: 374320K(659456K)->374320K(659456K)
[62.129s][info][gc,metaspace   ] GC(157) Metaspace: 17569K(17792K)->17569K(17792K) NonClass: 14943K(15040K)->14943K(15040K) Class: 2626K(2752K)->2626K(2752K)
[62.129s][info][gc             ] GC(157) Pause Young (Allocation Failure) 550M->438M(843M) 86.424ms
[62.129s][info][gc,cpu         ] GC(157) User=0.17s Sys=0.00s Real=0.09s
[62.290s][info][gc,start       ] GC(158) Pause Young (Allocation Failure)
[62.395s][info][gc,heap        ] GC(158) PSYoungGen: 204235K(204288K)->83179K(221184K) Eden: 129536K(129536K)->0K(111616K) From: 74699K(74752K)->83179K(109568K)
[62.395s][info][gc,heap        ] GC(158) ParOldGen: 374320K(659456K)->374400K(659456K)
[62.395s][info][gc,metaspace   ] GC(158) Metaspace: 17569K(17792K)->17569K(17792K) NonClass: 14943K(15040K)->14943K(15040K) Class: 2626K(2752K)->2626K(2752K)
[62.395s][info][gc             ] GC(158) Pause Young (Allocation Failure) 564M->446M(860M) 104.312ms
[62.395s][info][gc,cpu         ] GC(158) User=0.19s Sys=0.01s Real=0.10s
[62.623s][info][gc,start       ] GC(159) Pause Young (Allocation Failure)
[62.728s][info][gc,heap        ] GC(159) PSYoungGen: 194795K(221184K)->91979K(222720K) Eden: 111616K(111616K)->0K(111616K) From: 83179K(109568K)->91979K(111104K)
[62.728s][info][gc,heap        ] GC(159) ParOldGen: 374400K(659456K)->374584K(659456K)
[62.728s][info][gc,metaspace   ] GC(159) Metaspace: 17569K(17792K)->17569K(17792K) NonClass: 14943K(15040K)->14943K(15040K) Class: 2626K(2752K)->2626K(2752K)
[62.728s][info][gc             ] GC(159) Pause Young (Allocation Failure) 555M->455M(861M) 105.018ms
[62.728s][info][gc,cpu         ] GC(159) User=0.21s Sys=0.00s Real=0.11s
[62.857s][info][gc,start       ] GC(160) Pause Young (Allocation Failure)
[62.987s][info][gc,heap        ] GC(160) PSYoungGen: 203595K(222720K)->105740K(222720K) Eden: 111616K(111616K)->0K(111616K) From: 91979K(111104K)->105740K(111104K)
[62.987s][info][gc,heap        ] GC(160) ParOldGen: 374584K(659456K)->378056K(659456K)
[62.987s][info][gc,metaspace   ] GC(160) Metaspace: 17569K(17792K)->17569K(17792K) NonClass: 14943K(15040K)->14943K(15040K) Class: 2626K(2752K)->2626K(2752K)
[62.987s][info][gc             ] GC(160) Pause Young (Allocation Failure) 564M->472M(861M) 129.768ms
[62.987s][info][gc,cpu         ] GC(160) User=0.24s Sys=0.02s Real=0.13s
[63.117s][info][gc,start       ] GC(161) Pause Young (Allocation Failure)
[63.243s][info][gc,heap        ] GC(161) PSYoungGen: 217356K(222720K)->104832K(222720K) Eden: 111616K(111616K)->0K(111616K) From: 105740K(111104K)->104832K(111104K)
[63.243s][info][gc,heap        ] GC(161) ParOldGen: 378056K(659456K)->393867K(659456K)
[63.243s][info][gc,metaspace   ] GC(161) Metaspace: 17571K(17792K)->17571K(17792K) NonClass: 14944K(15040K)->14944K(15040K) Class: 2626K(2752K)->2626K(2752K)
[63.243s][info][gc             ] GC(161) Pause Young (Allocation Failure) 581M->487M(861M) 125.633ms
[63.243s][info][gc,cpu         ] GC(161) User=0.25s Sys=0.00s Real=0.13s
[63.355s][info][gc,start       ] GC(162) Pause Young (Allocation Failure)
[63.452s][info][gc,heap        ] GC(162) PSYoungGen: 216448K(222720K)->89200K(222720K) Eden: 111616K(111616K)->0K(111616K) From: 104832K(111104K)->89200K(111104K)
[63.452s][info][gc,heap        ] GC(162) ParOldGen: 393867K(659456K)->410195K(659456K)
[63.452s][info][gc,metaspace   ] GC(162) Metaspace: 17571K(17792K)->17571K(17792K) NonClass: 14944K(15040K)->14944K(15040K) Class: 2626K(2752K)->2626K(2752K)
[63.452s][info][gc             ] GC(162) Pause Young (Allocation Failure) 596M->487M(861M) 97.090ms
[63.452s][info][gc,cpu         ] GC(162) User=0.19s Sys=0.00s Real=0.10s
[63.575s][info][gc,start       ] GC(163) Pause Young (Allocation Failure)
[63.660s][info][gc,heap        ] GC(163) PSYoungGen: 200816K(222720K)->71648K(222720K) Eden: 111616K(111616K)->0K(111616K) From: 89200K(111104K)->71648K(111104K)
[63.660s][info][gc,heap        ] GC(163) ParOldGen: 410195K(659456K)->429635K(659456K)
[63.660s][info][gc,metaspace   ] GC(163) Metaspace: 17571K(17792K)->17571K(17792K) NonClass: 14944K(15040K)->14944K(15040K) Class: 2626K(2752K)->2626K(2752K)
[63.660s][info][gc             ] GC(163) Pause Young (Allocation Failure) 596M->489M(861M) 85.098ms
[63.660s][info][gc,cpu         ] GC(163) User=0.17s Sys=0.00s Real=0.09s
[63.800s][info][gc,start       ] GC(164) Pause Young (Allocation Failure)
[63.872s][info][gc,heap        ] GC(164) PSYoungGen: 183264K(222720K)->71344K(222720K) Eden: 111616K(111616K)->0K(111616K) From: 71648K(111104K)->71344K(111104K)
[63.872s][info][gc,heap        ] GC(164) ParOldGen: 429635K(659456K)->434211K(659456K)
[63.872s][info][gc,metaspace   ] GC(164) Metaspace: 17575K(17792K)->17575K(17792K) NonClass: 14949K(15040K)->14949K(15040K) Class: 2626K(2752K)->2626K(2752K)
[63.872s][info][gc             ] GC(164) Pause Young (Allocation Failure) 598M->493M(861M) 72.535ms
[63.873s][info][gc,cpu         ] GC(164) User=0.15s Sys=0.00s Real=0.07s
[63.951s][info][gc,start       ] GC(165) Pause Young (Allocation Failure)
[64.018s][info][gc,heap        ] GC(165) PSYoungGen: 182960K(222720K)->56416K(222720K) Eden: 111616K(111616K)->0K(111616K) From: 71344K(111104K)->56416K(111104K)
[64.018s][info][gc,heap        ] GC(165) ParOldGen: 434211K(659456K)->449203K(659456K)
[64.018s][info][gc,metaspace   ] GC(165) Metaspace: 17575K(17792K)->17575K(17792K) NonClass: 14949K(15040K)->14949K(15040K) Class: 2626K(2752K)->2626K(2752K)
[64.018s][info][gc             ] GC(165) Pause Young (Allocation Failure) 602M->493M(861M) 67.018ms
[64.018s][info][gc,cpu         ] GC(165) User=0.14s Sys=0.00s Real=0.07s
[64.138s][info][gc,start       ] GC(166) Pause Young (Allocation Failure)
[64.197s][info][gc,heap        ] GC(166) PSYoungGen: 168032K(222720K)->45376K(222720K) Eden: 111616K(111616K)->0K(111616K) From: 56416K(111104K)->45376K(111104K)
[64.197s][info][gc,heap        ] GC(166) ParOldGen: 449203K(659456K)->466771K(659456K)
[64.197s][info][gc,metaspace   ] GC(166) Metaspace: 17575K(17792K)->17575K(17792K) NonClass: 14949K(15040K)->14949K(15040K) Class: 2626K(2752K)->2626K(2752K)
[64.197s][info][gc             ] GC(166) Pause Young (Allocation Failure) 602M->500M(861M) 59.299ms
[64.197s][info][gc,cpu         ] GC(166) User=0.12s Sys=0.00s Real=0.05s
[64.349s][info][gc,start       ] GC(167) Pause Young (Allocation Failure)
[64.403s][info][gc,heap        ] GC(167) PSYoungGen: 156992K(222720K)->22112K(222720K) Eden: 111616K(111616K)->0K(111616K) From: 45376K(111104K)->22112K(111104K)
[64.403s][info][gc,heap        ] GC(167) ParOldGen: 466771K(659456K)->498939K(659456K)
[64.403s][info][gc,metaspace   ] GC(167) Metaspace: 17575K(17792K)->17575K(17792K) NonClass: 14949K(15040K)->14949K(15040K) Class: 2626K(2752K)->2626K(2752K)
[64.403s][info][gc             ] GC(167) Pause Young (Allocation Failure) 609M->508M(861M) 53.216ms
[64.403s][info][gc,cpu         ] GC(167) User=0.11s Sys=0.00s Real=0.05s
[64.695s][info][gc,start       ] GC(168) Pause Young (Allocation Failure)
[64.718s][info][gc,heap        ] GC(168) PSYoungGen: 133728K(222720K)->19680K(222720K) Eden: 111616K(111616K)->0K(111616K) From: 22112K(111104K)->19680K(111104K)
[64.718s][info][gc,heap        ] GC(168) ParOldGen: 498939K(659456K)->501427K(659456K)
[64.718s][info][gc,metaspace   ] GC(168) Metaspace: 17575K(17792K)->17575K(17792K) NonClass: 14949K(15040K)->14949K(15040K) Class: 2626K(2752K)->2626K(2752K)
[64.718s][info][gc             ] GC(168) Pause Young (Allocation Failure) 617M->508M(861M) 23.510ms
[64.718s][info][gc,cpu         ] GC(168) User=0.05s Sys=0.00s Real=0.03s
[64.991s][info][gc,start       ] GC(169) Pause Young (Allocation Failure)
[65.012s][info][gc,heap        ] GC(169) PSYoungGen: 131296K(222720K)->15552K(222720K) Eden: 111616K(111616K)->0K(111616K) From: 19680K(111104K)->15552K(111104K)
[65.012s][info][gc,heap        ] GC(169) ParOldGen: 501427K(659456K)->505707K(659456K)
[65.012s][info][gc,metaspace   ] GC(169) Metaspace: 17575K(17792K)->17575K(17792K) NonClass: 14949K(15040K)->14949K(15040K) Class: 2626K(2752K)->2626K(2752K)
[65.012s][info][gc             ] GC(169) Pause Young (Allocation Failure) 617M->509M(861M) 21.250ms
[65.012s][info][gc,cpu         ] GC(169) User=0.04s Sys=0.00s Real=0.02s
[65.301s][info][gc,start       ] GC(170) Pause Young (Allocation Failure)
[65.318s][info][gc,heap        ] GC(170) PSYoungGen: 127168K(222720K)->288K(222720K) Eden: 111616K(111616K)->0K(111616K) From: 15552K(111104K)->288K(111104K)
[65.318s][info][gc,heap        ] GC(170) ParOldGen: 505707K(659456K)->521067K(659456K)
[65.318s][info][gc,metaspace   ] GC(170) Metaspace: 17575K(17792K)->17575K(17792K) NonClass: 14949K(15040K)->14949K(15040K) Class: 2626K(2752K)->2626K(2752K)
[65.318s][info][gc             ] GC(170) Pause Young (Allocation Failure) 618M->509M(861M) 16.890ms
[65.318s][info][gc,cpu         ] GC(170) User=0.03s Sys=0.00s Real=0.02s
[65.566s][info][gc,start       ] GC(171) Pause Young (Allocation Failure)
[65.568s][info][gc,heap        ] GC(171) PSYoungGen: 111904K(222720K)->96K(222720K) Eden: 111616K(111616K)->0K(111616K) From: 288K(111104K)->96K(111104K)
[65.568s][info][gc,heap        ] GC(171) ParOldGen: 521067K(659456K)->521260K(659456K)
[65.568s][info][gc,metaspace   ] GC(171) Metaspace: 17580K(17792K)->17580K(17792K) NonClass: 14954K(15040K)->14954K(15040K) Class: 2626K(2752K)->2626K(2752K)
[65.568s][info][gc             ] GC(171) Pause Young (Allocation Failure) 618M->509M(861M) 2.217ms
[65.568s][info][gc,cpu         ] GC(171) User=0.01s Sys=0.00s Real=0.01s
[65.854s][info][gc,start       ] GC(172) Pause Young (Allocation Failure)
[65.857s][info][gc,heap        ] GC(172) PSYoungGen: 111712K(222720K)->96K(222720K) Eden: 111616K(111616K)->0K(111616K) From: 96K(111104K)->96K(111104K)
[65.857s][info][gc,heap        ] GC(172) ParOldGen: 521260K(659456K)->521332K(659456K)
[65.857s][info][gc,metaspace   ] GC(172) Metaspace: 17580K(17792K)->17580K(17792K) NonClass: 14954K(15040K)->14954K(15040K) Class: 2626K(2752K)->2626K(2752K)
[65.857s][info][gc             ] GC(172) Pause Young (Allocation Failure) 618M->509M(861M) 2.733ms
[65.857s][info][gc,cpu         ] GC(172) User=0.01s Sys=0.00s Real=0.00s
[66.072s][info][gc,start       ] GC(173) Pause Young (Allocation Failure)
[66.081s][info][gc,heap        ] GC(173) PSYoungGen: 111712K(222720K)->7456K(222720K) Eden: 111616K(111616K)->0K(111616K) From: 96K(111104K)->7456K(111104K)
[66.081s][info][gc,heap        ] GC(173) ParOldGen: 521332K(659456K)->521404K(659456K)
[66.081s][info][gc,metaspace   ] GC(173) Metaspace: 17581K(17792K)->17581K(17792K) NonClass: 14954K(15040K)->14954K(15040K) Class: 2626K(2752K)->2626K(2752K)
[66.081s][info][gc             ] GC(173) Pause Young (Allocation Failure) 618M->516M(861M) 9.211ms
[66.081s][info][gc,cpu         ] GC(173) User=0.02s Sys=0.00s Real=0.01s
[66.259s][info][gc,start       ] GC(174) Pause Young (Allocation Failure)
[66.294s][info][gc,heap        ] GC(174) PSYoungGen: 119072K(222720K)->29814K(222720K) Eden: 111616K(111616K)->0K(111616K) From: 7456K(111104K)->29814K(111104K)
[66.294s][info][gc,heap        ] GC(174) ParOldGen: 521404K(659456K)->528860K(659456K)
[66.294s][info][gc,metaspace   ] GC(174) Metaspace: 17583K(17792K)->17583K(17792K) NonClass: 14957K(15040K)->14957K(15040K) Class: 2626K(2752K)->2626K(2752K)
[66.294s][info][gc             ] GC(174) Pause Young (Allocation Failure) 625M->545M(861M) 34.495ms
[66.294s][info][gc,cpu         ] GC(174) User=0.06s Sys=0.00s Real=0.03s
[66.356s][info][gc,start       ] GC(175) Pause Young (Allocation Failure)
[66.415s][info][gc,heap        ] GC(175) PSYoungGen: 141430K(222720K)->48000K(222720K) Eden: 111616K(111616K)->0K(111616K) From: 29814K(111104K)->48000K(111104K)
[66.415s][info][gc,heap        ] GC(175) ParOldGen: 528860K(659456K)->559003K(659456K)
[66.415s][info][gc,metaspace   ] GC(175) Metaspace: 17583K(17792K)->17583K(17792K) NonClass: 14957K(15040K)->14957K(15040K) Class: 2626K(2752K)->2626K(2752K)
[66.415s][info][gc             ] GC(175) Pause Young (Allocation Failure) 654M->592M(861M) 58.753ms
[66.415s][info][gc,cpu         ] GC(175) User=0.12s Sys=0.00s Real=0.06s
[66.502s][info][gc,start       ] GC(176) Pause Young (Allocation Failure)
[66.566s][info][gc,heap        ] GC(176) PSYoungGen: 159616K(222720K)->45152K(217600K) Eden: 111616K(111616K)->0K(111616K) From: 48000K(111104K)->45152K(105984K)
[66.566s][info][gc,heap        ] GC(176) ParOldGen: 559003K(659456K)->607563K(659456K)
[66.566s][info][gc,metaspace   ] GC(176) Metaspace: 17583K(17792K)->17583K(17792K) NonClass: 14957K(15040K)->14957K(15040K) Class: 2626K(2752K)->2626K(2752K)
[66.566s][info][gc             ] GC(176) Pause Young (Allocation Failure) 701M->637M(856M) 63.781ms
[66.566s][info][gc,cpu         ] GC(176) User=0.12s Sys=0.00s Real=0.06s
[66.651s][info][gc,start       ] GC(177) Pause Young (Allocation Failure)
[66.707s][info][gc,heap        ] GC(177) PSYoungGen: 156768K(217600K)->84032K(220160K) Eden: 111616K(111616K)->0K(111616K) From: 45152K(105984K)->84032K(108544K)
[66.707s][info][gc,heap        ] GC(177) ParOldGen: 607563K(659456K)->607563K(659456K)
[66.707s][info][gc,metaspace   ] GC(177) Metaspace: 17583K(17792K)->17583K(17792K) NonClass: 14957K(15040K)->14957K(15040K) Class: 2626K(2752K)->2626K(2752K)
[66.707s][info][gc             ] GC(177) Pause Young (Allocation Failure) 746M->675M(859M) 55.891ms
[66.707s][info][gc,cpu         ] GC(177) User=0.11s Sys=0.00s Real=0.06s
[66.839s][info][gc,start       ] GC(178) Pause Young (Allocation Failure)
[66.935s][info][gc,promotion   ] GC(178) Promotion failed
[66.935s][info][gc,heap        ] GC(178) PSYoungGen: 195648K(220160K)->195648K(220160K) Eden: 111616K(111616K)->111616K(111616K) From: 84032K(108544K)->84032K(108544K)
[66.935s][info][gc,heap        ] GC(178) ParOldGen: 607563K(659456K)->667643K(667648K)
[66.935s][info][gc,metaspace   ] GC(178) Metaspace: 17587K(17792K)->17587K(17792K) NonClass: 14961K(15040K)->14961K(15040K) Class: 2626K(2752K)->2626K(2752K)
[66.936s][info][gc             ] GC(178) Pause Young (Allocation Failure) 784M->843M(867M) 96.525ms
[66.936s][info][gc,cpu         ] GC(178) User=0.18s Sys=0.01s Real=0.09s
[66.936s][info][gc,start       ] GC(179) Pause Full (Allocation Failure)
[66.936s][info][gc,phases,start] GC(179) Marking Phase
[67.297s][info][gc,phases      ] GC(179) Marking Phase 361.152ms
[67.297s][info][gc,phases,start] GC(179) Summary Phase
[67.297s][info][gc,phases      ] GC(179) Summary Phase 0.047ms
[67.297s][info][gc,phases,start] GC(179) Forward
[67.445s][info][gc,phases      ] GC(179) Forward 147.887ms
[67.445s][info][gc,phases,start] GC(179) Adjust Pointers
[67.719s][info][gc,phases      ] GC(179) Adjust Pointers 274.264ms
[67.719s][info][gc,phases,start] GC(179) Compaction Phase
[67.885s][info][gc,phases      ] GC(179) Compaction Phase 166.054ms
[67.896s][info][gc,phases,start] GC(179) Post Compact
[67.899s][info][gc,phases      ] GC(179) Post Compact 2.552ms
[67.899s][info][gc,heap        ] GC(179) PSYoungGen: 195648K(220160K)->0K(222720K) Eden: 111616K(111616K)->0K(111616K) From: 84032K(108544K)->0K(111104K)
[67.899s][info][gc,heap        ] GC(179) ParOldGen: 667643K(667648K)->573153K(667648K)
[67.899s][info][gc,metaspace   ] GC(179) Metaspace: 17587K(17792K)->17587K(17792K) NonClass: 14961K(15040K)->14961K(15040K) Class: 2626K(2752K)->2626K(2752K)
[67.899s][info][gc             ] GC(179) Pause Full (Allocation Failure) 843M->559M(869M) 963.055ms
[67.899s][info][gc,cpu         ] GC(179) User=1.80s Sys=0.00s Real=0.97s
[68.139s][info][gc,start       ] GC(180) Pause Young (Allocation Failure)
[68.153s][info][gc,heap        ] GC(180) PSYoungGen: 111616K(222720K)->7584K(222720K) Eden: 111616K(111616K)->0K(111616K) From: 0K(111104K)->7584K(111104K)
[68.153s][info][gc,heap        ] GC(180) ParOldGen: 573153K(667648K)->573153K(667648K)
[68.153s][info][gc,metaspace   ] GC(180) Metaspace: 17587K(17792K)->17587K(17792K) NonClass: 14961K(15040K)->14961K(15040K) Class: 2626K(2752K)->2626K(2752K)
[68.153s][info][gc             ] GC(180) Pause Young (Allocation Failure) 668M->567M(869M) 13.752ms
[68.153s][info][gc,cpu         ] GC(180) User=0.03s Sys=0.00s Real=0.01s
[68.311s][info][gc,start       ] GC(181) Pause Young (Allocation Failure)
[68.329s][info][gc,heap        ] GC(181) PSYoungGen: 119200K(222720K)->2656K(222720K) Eden: 111616K(111616K)->0K(111616K) From: 7584K(111104K)->2656K(111104K)
[68.329s][info][gc,heap        ] GC(181) ParOldGen: 573153K(667648K)->580705K(667648K)
[68.329s][info][gc,metaspace   ] GC(181) Metaspace: 17587K(17792K)->17587K(17792K) NonClass: 14961K(15040K)->14961K(15040K) Class: 2626K(2752K)->2626K(2752K)
[68.329s][info][gc             ] GC(181) Pause Young (Allocation Failure) 676M->569M(869M) 17.771ms
[68.329s][info][gc,cpu         ] GC(181) User=0.04s Sys=0.00s Real=0.02s
[68.460s][info][gc,start       ] GC(182) Pause Young (Allocation Failure)
[68.476s][info][gc,heap        ] GC(182) PSYoungGen: 114272K(222720K)->2048K(222720K) Eden: 111616K(111616K)->0K(111616K) From: 2656K(111104K)->2048K(111104K)
[68.476s][info][gc,heap        ] GC(182) ParOldGen: 580705K(667648K)->583329K(667648K)
[68.476s][info][gc,metaspace   ] GC(182) Metaspace: 17587K(17792K)->17587K(17792K) NonClass: 14961K(15040K)->14961K(15040K) Class: 2626K(2752K)->2626K(2752K)
[68.476s][info][gc             ] GC(182) Pause Young (Allocation Failure) 678M->571M(869M) 15.827ms
[68.476s][info][gc,cpu         ] GC(182) User=0.03s Sys=0.00s Real=0.01s
[68.621s][info][gc,start       ] GC(183) Pause Young (Allocation Failure)
[68.642s][info][gc,heap        ] GC(183) PSYoungGen: 113664K(222720K)->1070K(218624K) Eden: 111616K(111616K)->0K(111616K) From: 2048K(111104K)->1070K(107008K)
[68.642s][info][gc,heap        ] GC(183) ParOldGen: 583329K(667648K)->585361K(667648K)
[68.642s][info][gc,metaspace   ] GC(183) Metaspace: 17588K(17792K)->17588K(17792K) NonClass: 14962K(15040K)->14962K(15040K) Class: 2626K(2752K)->2626K(2752K)
[68.642s][info][gc             ] GC(183) Pause Young (Allocation Failure) 680M->572M(865M) 20.912ms
[68.642s][info][gc,cpu         ] GC(183) User=0.04s Sys=0.00s Real=0.02s
[68.831s][info][gc,start       ] GC(184) Pause Young (Allocation Failure)
[68.880s][info][gc,heap        ] GC(184) PSYoungGen: 112686K(218624K)->27172K(139264K) Eden: 111616K(111616K)->0K(111616K) From: 1070K(107008K)->27172K(27648K)
[68.880s][info][gc,heap        ] GC(184) ParOldGen: 585361K(667648K)->585361K(667648K)
[68.880s][info][gc,metaspace   ] GC(184) Metaspace: 17590K(17792K)->17590K(17792K) NonClass: 14964K(15040K)->14964K(15040K) Class: 2626K(2752K)->2626K(2752K)
[68.880s][info][gc             ] GC(184) Pause Young (Allocation Failure) 681M->598M(788M) 48.610ms
[68.880s][info][gc,cpu         ] GC(184) User=0.09s Sys=0.00s Real=0.05s
[69.033s][info][gc,start       ] GC(185) Pause Young (Allocation Failure)
[69.080s][info][gc,heap        ] GC(185) PSYoungGen: 138788K(139264K)->27182K(206336K) Eden: 111616K(111616K)->0K(118784K) From: 27172K(27648K)->27182K(87552K)
[69.080s][info][gc,heap        ] GC(185) ParOldGen: 585361K(667648K)->585361K(667648K)
[69.081s][info][gc,metaspace   ] GC(185) Metaspace: 17590K(17792K)->17590K(17792K) NonClass: 14964K(15040K)->14964K(15040K) Class: 2626K(2752K)->2626K(2752K)
[69.081s][info][gc             ] GC(185) Pause Young (Allocation Failure) 707M->598M(853M) 47.358ms
[69.081s][info][gc,cpu         ] GC(185) User=0.09s Sys=0.00s Real=0.05s
[69.244s][info][gc,start       ] GC(186) Pause Young (Allocation Failure)
[69.291s][info][gc,heap        ] GC(186) PSYoungGen: 145966K(206336K)->27172K(212480K) Eden: 118784K(118784K)->0K(118784K) From: 27182K(87552K)->27172K(93696K)
[69.291s][info][gc,heap        ] GC(186) ParOldGen: 585361K(667648K)->585361K(667648K)
[69.291s][info][gc,metaspace   ] GC(186) Metaspace: 17590K(17792K)->17590K(17792K) NonClass: 14964K(15040K)->14964K(15040K) Class: 2626K(2752K)->2626K(2752K)
[69.291s][info][gc             ] GC(186) Pause Young (Allocation Failure) 714M->598M(859M) 46.753ms
[69.291s][info][gc,cpu         ] GC(186) User=0.09s Sys=0.01s Real=0.05s
[69.455s][info][gc,start       ] GC(187) Pause Young (Allocation Failure)
[69.503s][info][gc,heap        ] GC(187) PSYoungGen: 145956K(212480K)->27172K(202240K) Eden: 118784K(118784K)->0K(126464K) From: 27172K(93696K)->27172K(75776K)
[69.503s][info][gc,heap        ] GC(187) ParOldGen: 585361K(667648K)->585361K(667648K)
[69.503s][info][gc,metaspace   ] GC(187) Metaspace: 17590K(17792K)->17590K(17792K) NonClass: 14964K(15040K)->14964K(15040K) Class: 2626K(2752K)->2626K(2752K)
[69.503s][info][gc             ] GC(187) Pause Young (Allocation Failure) 714M->598M(849M) 47.501ms
[69.503s][info][gc,cpu         ] GC(187) User=0.09s Sys=0.00s Real=0.05s
[69.678s][info][gc,start       ] GC(188) Pause Young (Allocation Failure)
[69.725s][info][gc,heap        ] GC(188) PSYoungGen: 153636K(202240K)->27172K(207872K) Eden: 126464K(126464K)->0K(126464K) From: 27172K(75776K)->27172K(81408K)
[69.725s][info][gc,heap        ] GC(188) ParOldGen: 585361K(667648K)->585361K(667648K)
[69.725s][info][gc,metaspace   ] GC(188) Metaspace: 17590K(17792K)->17590K(17792K) NonClass: 14964K(15040K)->14964K(15040K) Class: 2626K(2752K)->2626K(2752K)
[69.725s][info][gc             ] GC(188) Pause Young (Allocation Failure) 721M->598M(855M) 46.895ms
[69.725s][info][gc,cpu         ] GC(188) User=0.09s Sys=0.00s Real=0.04s
[69.856s][info][gc,start       ] GC(189) Pause Young (Allocation Failure)
[69.920s][info][gc,heap        ] GC(189) PSYoungGen: 153636K(207872K)->43598K(209920K) Eden: 126464K(126464K)->0K(134144K) From: 27172K(81408K)->43598K(75776K)
[69.920s][info][gc,heap        ] GC(189) ParOldGen: 585361K(667648K)->585361K(667648K)
[69.920s][info][gc,metaspace   ] GC(189) Metaspace: 17591K(17792K)->17591K(17792K) NonClass: 14965K(15040K)->14965K(15040K) Class: 2626K(2752K)->2626K(2752K)
[69.920s][info][gc             ] GC(189) Pause Young (Allocation Failure) 721M->614M(857M) 63.962ms
[69.920s][info][gc,cpu         ] GC(189) User=0.13s Sys=0.00s Real=0.07s
[70.037s][info][gc,start       ] GC(190) Pause Young (Allocation Failure)
[70.111s][info][gc,heap        ] GC(190) PSYoungGen: 177742K(209920K)->57028K(210944K) Eden: 134144K(134144K)->0K(134144K) From: 43598K(75776K)->57028K(76800K)
[70.111s][info][gc,heap        ] GC(190) ParOldGen: 585361K(667648K)->585361K(667648K)
[70.111s][info][gc,metaspace   ] GC(190) Metaspace: 17591K(17792K)->17591K(17792K) NonClass: 14965K(15040K)->14965K(15040K) Class: 2626K(2752K)->2626K(2752K)
[70.111s][info][gc             ] GC(190) Pause Young (Allocation Failure) 745M->627M(858M) 74.090ms
[70.111s][info][gc,cpu         ] GC(190) User=0.15s Sys=0.00s Real=0.07s
[70.226s][info][gc,start       ] GC(191) Pause Young (Allocation Failure)
[70.301s][info][gc,heap        ] GC(191) PSYoungGen: 191172K(210944K)->58596K(222208K) Eden: 134144K(134144K)->0K(139776K) From: 57028K(76800K)->58596K(82432K)
[70.301s][info][gc,heap        ] GC(191) ParOldGen: 585361K(667648K)->585361K(667648K)
[70.301s][info][gc,metaspace   ] GC(191) Metaspace: 17591K(17792K)->17591K(17792K) NonClass: 14965K(15040K)->14965K(15040K) Class: 2626K(2752K)->2626K(2752K)
[70.301s][info][gc             ] GC(191) Pause Young (Allocation Failure) 758M->628M(869M) 75.300ms
[70.301s][info][gc,cpu         ] GC(191) User=0.15s Sys=0.00s Real=0.08s
[70.422s][info][gc,start       ] GC(192) Pause Young (Allocation Failure)
[70.499s][info][gc,heap        ] GC(192) PSYoungGen: 198372K(222208K)->59972K(227328K) Eden: 139776K(139776K)->0K(139776K) From: 58596K(82432K)->59972K(87552K)
[70.499s][info][gc,heap        ] GC(192) ParOldGen: 585361K(667648K)->585361K(667648K)
[70.499s][info][gc,metaspace   ] GC(192) Metaspace: 17591K(17792K)->17591K(17792K) NonClass: 14965K(15040K)->14965K(15040K) Class: 2626K(2752K)->2626K(2752K)
[70.499s][info][gc             ] GC(192) Pause Young (Allocation Failure) 765M->630M(874M) 76.698ms
[70.499s][info][gc,cpu         ] GC(192) User=0.16s Sys=0.00s Real=0.08s
[70.652s][info][gc,start       ] GC(193) Pause Young (Allocation Failure)
[70.750s][info][gc,heap        ] GC(193) PSYoungGen: 199748K(227328K)->68068K(229888K) Eden: 139776K(139776K)->0K(138240K) From: 59972K(87552K)->68068K(91648K)
[70.750s][info][gc,heap        ] GC(193) ParOldGen: 585361K(667648K)->585361K(667648K)
[70.750s][info][gc,metaspace   ] GC(193) Metaspace: 17591K(17792K)->17591K(17792K) NonClass: 14965K(15040K)->14965K(15040K) Class: 2626K(2752K)->2626K(2752K)
[70.750s][info][gc             ] GC(193) Pause Young (Allocation Failure) 766M->638M(876M) 98.579ms
[70.750s][info][gc,cpu         ] GC(193) User=0.18s Sys=0.02s Real=0.10s
[71.033s][info][gc,start       ] GC(194) Pause Young (Allocation Failure)
[71.121s][info][gc,heap        ] GC(194) PSYoungGen: 206308K(229888K)->68132K(206848K) Eden: 138240K(138240K)->0K(138240K) From: 68068K(91648K)->68132K(68608K)
[71.121s][info][gc,heap        ] GC(194) ParOldGen: 585361K(667648K)->585361K(667648K)
[71.121s][info][gc,metaspace   ] GC(194) Metaspace: 17591K(17792K)->17591K(17792K) NonClass: 14965K(15040K)->14965K(15040K) Class: 2626K(2752K)->2626K(2752K)
[71.121s][info][gc             ] GC(194) Pause Young (Allocation Failure) 773M->638M(854M) 88.559ms
[71.121s][info][gc,cpu         ] GC(194) User=0.17s Sys=0.00s Real=0.09s
[71.359s][info][gc,start       ] GC(195) Pause Young (Allocation Failure)
[71.445s][info][gc,heap        ] GC(195) PSYoungGen: 206372K(206848K)->68228K(224256K) Eden: 138240K(138240K)->0K(121856K) From: 68132K(68608K)->68228K(102400K)
[71.445s][info][gc,heap        ] GC(195) ParOldGen: 585361K(667648K)->585361K(667648K)
[71.445s][info][gc,metaspace   ] GC(195) Metaspace: 17591K(17792K)->17591K(17792K) NonClass: 14965K(15040K)->14965K(15040K) Class: 2626K(2752K)->2626K(2752K)
[71.445s][info][gc             ] GC(195) Pause Young (Allocation Failure) 773M->638M(871M) 85.828ms
[71.445s][info][gc,cpu         ] GC(195) User=0.17s Sys=0.00s Real=0.08s
[71.644s][info][gc,start       ] GC(196) Pause Young (Allocation Failure)
[71.732s][info][gc,heap        ] GC(196) PSYoungGen: 190084K(224256K)->68228K(190464K) Eden: 121856K(121856K)->0K(121856K) From: 68228K(102400K)->68228K(68608K)
[71.732s][info][gc,heap        ] GC(196) ParOldGen: 585361K(667648K)->585361K(667648K)
[71.732s][info][gc,metaspace   ] GC(196) Metaspace: 17591K(17792K)->17591K(17792K) NonClass: 14965K(15040K)->14965K(15040K) Class: 2626K(2752K)->2626K(2752K)
[71.732s][info][gc             ] GC(196) Pause Young (Allocation Failure) 757M->638M(838M) 87.970ms
[71.732s][info][gc,cpu         ] GC(196) User=0.18s Sys=0.00s Real=0.09s
[71.955s][info][gc,start       ] GC(197) Pause Young (Allocation Failure)
[72.047s][info][gc,heap        ] GC(197) PSYoungGen: 190084K(190464K)->68228K(222720K) Eden: 121856K(121856K)->0K(114688K) From: 68228K(68608K)->68228K(108032K)
[72.047s][info][gc,heap        ] GC(197) ParOldGen: 585361K(667648K)->585361K(667648K)
[72.047s][info][gc,metaspace   ] GC(197) Metaspace: 17591K(17792K)->17591K(17792K) NonClass: 14965K(15040K)->14965K(15040K) Class: 2626K(2752K)->2626K(2752K)
[72.047s][info][gc             ] GC(197) Pause Young (Allocation Failure) 757M->638M(869M) 91.898ms
[72.047s][info][gc,cpu         ] GC(197) User=0.18s Sys=0.00s Real=0.09s
[72.207s][info][gc,start       ] GC(198) Pause Young (Allocation Failure)
[72.312s][info][gc,heap        ] GC(198) PSYoungGen: 182916K(222720K)->80256K(195072K) Eden: 114688K(114688K)->0K(114688K) From: 68228K(108032K)->80256K(80384K)
[72.312s][info][gc,heap        ] GC(198) ParOldGen: 585361K(667648K)->586413K(667648K)
[72.312s][info][gc,metaspace   ] GC(198) Metaspace: 17591K(17792K)->17591K(17792K) NonClass: 14965K(15040K)->14965K(15040K) Class: 2626K(2752K)->2626K(2752K)
[72.312s][info][gc             ] GC(198) Pause Young (Allocation Failure) 750M->651M(842M) 104.673ms
[72.312s][info][gc,cpu         ] GC(198) User=0.21s Sys=0.00s Real=0.11s
[72.463s][info][gc,start       ] GC(199) Pause Young (Allocation Failure)
[72.550s][info][gc,heap        ] GC(199) PSYoungGen: 194944K(195072K)->54144K(224768K) Eden: 114688K(114688K)->0K(113664K) From: 80256K(80384K)->54144K(111104K)
[72.550s][info][gc,heap        ] GC(199) ParOldGen: 586413K(667648K)->612581K(667648K)
[72.550s][info][gc,metaspace   ] GC(199) Metaspace: 17591K(17792K)->17591K(17792K) NonClass: 14965K(15040K)->14965K(15040K) Class: 2626K(2752K)->2626K(2752K)
[72.550s][info][gc             ] GC(199) Pause Young (Allocation Failure) 763M->651M(871M) 87.177ms
[72.550s][info][gc,cpu         ] GC(199) User=0.17s Sys=0.00s Real=0.09s
[72.652s][info][gc,start       ] GC(200) Pause Young (Allocation Failure)
[72.740s][info][gc,heap        ] GC(200) PSYoungGen: 167808K(224768K)->91264K(222720K) Eden: 113664K(113664K)->0K(113664K) From: 54144K(111104K)->91264K(109056K)
[72.740s][info][gc,heap        ] GC(200) ParOldGen: 612581K(667648K)->612581K(667648K)
[72.740s][info][gc,metaspace   ] GC(200) Metaspace: 17591K(17792K)->17591K(17792K) NonClass: 14965K(15040K)->14965K(15040K) Class: 2626K(2752K)->2626K(2752K)
[72.740s][info][gc             ] GC(200) Pause Young (Allocation Failure) 762M->687M(869M) 87.883ms
[72.740s][info][gc,cpu         ] GC(200) User=0.17s Sys=0.00s Real=0.09s
[73.022s][info][gc,start       ] GC(201) Pause Young (Allocation Failure)
[73.129s][info][gc,heap        ] GC(201) PSYoungGen: 204928K(222720K)->108832K(222720K) Eden: 113664K(113664K)->0K(111616K) From: 91264K(109056K)->108832K(111104K)
[73.129s][info][gc,heap        ] GC(201) ParOldGen: 612581K(667648K)->612581K(667648K)
[73.129s][info][gc,metaspace   ] GC(201) Metaspace: 17600K(17792K)->17600K(17792K) NonClass: 14974K(15040K)->14974K(15040K) Class: 2626K(2752K)->2626K(2752K)
[73.129s][info][gc             ] GC(201) Pause Young (Allocation Failure) 798M->704M(869M) 107.108ms
[73.129s][info][gc,cpu         ] GC(201) User=0.19s Sys=0.02s Real=0.11s
[73.328s][info][gc,start       ] GC(202) Pause Young (Allocation Failure)
[73.432s][info][gc,heap        ] GC(202) PSYoungGen: 220448K(222720K)->105136K(222720K) Eden: 111616K(111616K)->0K(111616K) From: 108832K(111104K)->105136K(111104K)
[73.432s][info][gc,heap        ] GC(202) ParOldGen: 612581K(667648K)->629053K(667648K)
[73.432s][info][gc,metaspace   ] GC(202) Metaspace: 17623K(17792K)->17623K(17792K) NonClass: 14992K(15040K)->14992K(15040K) Class: 2631K(2752K)->2631K(2752K)
[73.432s][info][gc             ] GC(202) Pause Young (Allocation Failure) 813M->716M(869M) 104.282ms
[73.432s][info][gc,cpu         ] GC(202) User=0.20s Sys=0.00s Real=0.10s
[73.584s][info][gc,start       ] GC(203) Pause Young (Allocation Failure)
[73.683s][info][gc,heap        ] GC(203) PSYoungGen: 216752K(222720K)->90320K(222720K) Eden: 111616K(111616K)->0K(111616K) From: 105136K(111104K)->90320K(111104K)
[73.683s][info][gc,heap        ] GC(203) ParOldGen: 629053K(667648K)->644053K(667648K)
[73.683s][info][gc,metaspace   ] GC(203) Metaspace: 17623K(17792K)->17623K(17792K) NonClass: 14992K(15040K)->14992K(15040K) Class: 2631K(2752K)->2631K(2752K)
[73.683s][info][gc             ] GC(203) Pause Young (Allocation Failure) 825M->717M(869M) 99.019ms
[73.683s][info][gc,cpu         ] GC(203) User=0.20s Sys=0.00s Real=0.10s
[73.837s][info][gc,start       ] GC(204) Pause Full (Allocation Failure)
[73.837s][info][gc,phases,start] GC(204) Marking Phase
[74.001s][info][gc,phases      ] GC(204) Marking Phase 164.062ms
[74.001s][info][gc,phases,start] GC(204) Summary Phase
[74.001s][info][gc,phases      ] GC(204) Summary Phase 0.029ms
[74.001s][info][gc,phases,start] GC(204) Forward
[74.070s][info][gc,phases      ] GC(204) Forward 68.196ms
[74.070s][info][gc,phases,start] GC(204) Adjust Pointers
[74.218s][info][gc,phases      ] GC(204) Adjust Pointers 148.110ms
[74.218s][info][gc,phases,start] GC(204) Compaction Phase
[74.290s][info][gc,phases      ] GC(204) Compaction Phase 72.384ms
[74.302s][info][gc,phases,start] GC(204) Post Compact
[74.305s][info][gc,phases      ] GC(204) Post Compact 2.678ms
[74.314s][info][gc,heap        ] GC(204) PSYoungGen: 201936K(222720K)->0K(222720K) Eden: 111616K(111616K)->0K(111616K) From: 90320K(111104K)->0K(111104K)
[74.314s][info][gc,heap        ] GC(204) ParOldGen: 644053K(667648K)->287999K(543744K)
[74.314s][info][gc,metaspace   ] GC(204) Metaspace: 17623K(17792K)->17623K(17792K) NonClass: 14992K(15040K)->14992K(15040K) Class: 2631K(2752K)->2631K(2752K)
[74.314s][info][gc             ] GC(204) Pause Full (Allocation Failure) 826M->281M(748M) 477.057ms
[74.314s][info][gc,cpu         ] GC(204) User=0.85s Sys=0.01s Real=0.48s
[74.479s][info][gc,start       ] GC(205) Pause Young (Allocation Failure)
[74.480s][info][gc,heap        ] GC(205) PSYoungGen: 111616K(222720K)->64K(222720K) Eden: 111616K(111616K)->0K(111616K) From: 0K(111104K)->64K(111104K)
[74.480s][info][gc,heap        ] GC(205) ParOldGen: 287999K(543744K)->287999K(543744K)
[74.480s][info][gc,metaspace   ] GC(205) Metaspace: 17623K(17792K)->17623K(17792K) NonClass: 14992K(15040K)->14992K(15040K) Class: 2631K(2752K)->2631K(2752K)
[74.480s][info][gc             ] GC(205) Pause Young (Allocation Failure) 390M->281M(748M) 1.130ms
[74.480s][info][gc,cpu         ] GC(205) User=0.00s Sys=0.00s Real=0.00s
[74.627s][info][gc,start       ] GC(206) Pause Young (Allocation Failure)
[74.628s][info][gc,heap        ] GC(206) PSYoungGen: 111680K(222720K)->64K(222720K) Eden: 111616K(111616K)->0K(111616K) From: 64K(111104K)->64K(111104K)
[74.628s][info][gc,heap        ] GC(206) ParOldGen: 287999K(543744K)->287999K(543744K)
[74.628s][info][gc,metaspace   ] GC(206) Metaspace: 17623K(17792K)->17623K(17792K) NonClass: 14992K(15040K)->14992K(15040K) Class: 2631K(2752K)->2631K(2752K)
[74.628s][info][gc             ] GC(206) Pause Young (Allocation Failure) 390M->281M(748M) 1.085ms
[74.628s][info][gc,cpu         ] GC(206) User=0.00s Sys=0.00s Real=0.01s
[74.772s][info][gc,start       ] GC(207) Pause Young (Allocation Failure)
[74.773s][info][gc,heap        ] GC(207) PSYoungGen: 111680K(222720K)->64K(222720K) Eden: 111616K(111616K)->0K(111616K) From: 64K(111104K)->64K(111104K)
[74.773s][info][gc,heap        ] GC(207) ParOldGen: 287999K(543744K)->287999K(543744K)
[74.773s][info][gc,metaspace   ] GC(207) Metaspace: 17623K(17792K)->17623K(17792K) NonClass: 14992K(15040K)->14992K(15040K) Class: 2631K(2752K)->2631K(2752K)
[74.773s][info][gc             ] GC(207) Pause Young (Allocation Failure) 390M->281M(748M) 1.097ms
[74.773s][info][gc,cpu         ] GC(207) User=0.01s Sys=0.00s Real=0.00s
[74.917s][info][gc,start       ] GC(208) Pause Young (Allocation Failure)
[74.918s][info][gc,heap        ] GC(208) PSYoungGen: 111680K(222720K)->64K(222720K) Eden: 111616K(111616K)->0K(111616K) From: 64K(111104K)->64K(111104K)
[74.918s][info][gc,heap        ] GC(208) ParOldGen: 287999K(543744K)->287999K(543744K)
[74.918s][info][gc,metaspace   ] GC(208) Metaspace: 17623K(17792K)->17623K(17792K) NonClass: 14992K(15040K)->14992K(15040K) Class: 2631K(2752K)->2631K(2752K)
[74.918s][info][gc             ] GC(208) Pause Young (Allocation Failure) 390M->281M(748M) 1.125ms
[74.918s][info][gc,cpu         ] GC(208) User=0.00s Sys=0.00s Real=0.01s
[75.062s][info][gc,start       ] GC(209) Pause Young (Allocation Failure)
[75.063s][info][gc,heap        ] GC(209) PSYoungGen: 111680K(222720K)->64K(222720K) Eden: 111616K(111616K)->0K(111616K) From: 64K(111104K)->64K(111104K)
[75.063s][info][gc,heap        ] GC(209) ParOldGen: 287999K(543744K)->287999K(543744K)
[75.063s][info][gc,metaspace   ] GC(209) Metaspace: 17623K(17792K)->17623K(17792K) NonClass: 14992K(15040K)->14992K(15040K) Class: 2631K(2752K)->2631K(2752K)
[75.063s][info][gc             ] GC(209) Pause Young (Allocation Failure) 390M->281M(748M) 1.115ms
[75.063s][info][gc,cpu         ] GC(209) User=0.00s Sys=0.00s Real=0.00s
[75.207s][info][gc,start       ] GC(210) Pause Young (Allocation Failure)
[75.208s][info][gc,heap        ] GC(210) PSYoungGen: 111680K(222720K)->64K(222720K) Eden: 111616K(111616K)->0K(111616K) From: 64K(111104K)->64K(111104K)
[75.208s][info][gc,heap        ] GC(210) ParOldGen: 287999K(543744K)->287999K(543744K)
[75.208s][info][gc,metaspace   ] GC(210) Metaspace: 17623K(17792K)->17623K(17792K) NonClass: 14992K(15040K)->14992K(15040K) Class: 2631K(2752K)->2631K(2752K)
[75.208s][info][gc             ] GC(210) Pause Young (Allocation Failure) 390M->281M(748M) 1.084ms
[75.208s][info][gc,cpu         ] GC(210) User=0.00s Sys=0.00s Real=0.01s
[75.326s][info][gc,start       ] GC(211) Pause Young (Allocation Failure)
[75.343s][info][gc,heap        ] GC(211) PSYoungGen: 111680K(222720K)->15296K(222720K) Eden: 111616K(111616K)->0K(111616K) From: 64K(111104K)->15296K(111104K)
[75.343s][info][gc,heap        ] GC(211) ParOldGen: 287999K(543744K)->288007K(543744K)
[75.343s][info][gc,metaspace   ] GC(211) Metaspace: 17623K(17792K)->17623K(17792K) NonClass: 14992K(15040K)->14992K(15040K) Class: 2631K(2752K)->2631K(2752K)
[75.343s][info][gc             ] GC(211) Pause Young (Allocation Failure) 390M->296M(748M) 17.401ms
[75.343s][info][gc,cpu         ] GC(211) User=0.03s Sys=0.00s Real=0.02s
[75.444s][info][gc,start       ] GC(212) Pause Young (Allocation Failure)
[75.469s][info][gc,heap        ] GC(212) PSYoungGen: 126912K(222720K)->25408K(222720K) Eden: 111616K(111616K)->0K(111616K) From: 15296K(111104K)->25408K(111104K)
[75.469s][info][gc,heap        ] GC(212) ParOldGen: 288007K(543744K)->288007K(543744K)
[75.469s][info][gc,metaspace   ] GC(212) Metaspace: 17623K(17792K)->17623K(17792K) NonClass: 14992K(15040K)->14992K(15040K) Class: 2631K(2752K)->2631K(2752K)
[75.469s][info][gc             ] GC(212) Pause Young (Allocation Failure) 405M->306M(748M) 25.281ms
[75.469s][info][gc,cpu         ] GC(212) User=0.05s Sys=0.00s Real=0.03s
[75.562s][info][gc,start       ] GC(213) Pause Young (Allocation Failure)
[75.588s][info][gc,heap        ] GC(213) PSYoungGen: 137024K(222720K)->26368K(222720K) Eden: 111616K(111616K)->0K(111616K) From: 25408K(111104K)->26368K(111104K)
[75.588s][info][gc,heap        ] GC(213) ParOldGen: 288007K(543744K)->288007K(543744K)
[75.588s][info][gc,metaspace   ] GC(213) Metaspace: 17623K(17792K)->17623K(17792K) NonClass: 14992K(15040K)->14992K(15040K) Class: 2631K(2752K)->2631K(2752K)
[75.588s][info][gc             ] GC(213) Pause Young (Allocation Failure) 415M->307M(748M) 26.704ms
[75.588s][info][gc,cpu         ] GC(213) User=0.05s Sys=0.00s Real=0.03s
[75.687s][info][gc,start       ] GC(214) Pause Young (Allocation Failure)
[75.716s][info][gc,heap        ] GC(214) PSYoungGen: 137984K(222720K)->4192K(222720K) Eden: 111616K(111616K)->0K(111616K) From: 26368K(111104K)->4192K(111104K)
[75.716s][info][gc,heap        ] GC(214) ParOldGen: 288007K(543744K)->313423K(543744K)
[75.716s][info][gc,metaspace   ] GC(214) Metaspace: 17623K(17792K)->17623K(17792K) NonClass: 14992K(15040K)->14992K(15040K) Class: 2631K(2752K)->2631K(2752K)
[75.716s][info][gc             ] GC(214) Pause Young (Allocation Failure) 416M->310M(748M) 29.327ms
[75.716s][info][gc,cpu         ] GC(214) User=0.06s Sys=0.00s Real=0.03s
[75.832s][info][gc,start       ] GC(215) Pause Young (Allocation Failure)
[75.844s][info][gc,heap        ] GC(215) PSYoungGen: 115808K(222720K)->96K(222720K) Eden: 111616K(111616K)->0K(111616K) From: 4192K(111104K)->96K(111104K)
[75.844s][info][gc,heap        ] GC(215) ParOldGen: 313423K(543744K)->317615K(543744K)
[75.844s][info][gc,metaspace   ] GC(215) Metaspace: 17623K(17792K)->17623K(17792K) NonClass: 14992K(15040K)->14992K(15040K) Class: 2631K(2752K)->2631K(2752K)
[75.844s][info][gc             ] GC(215) Pause Young (Allocation Failure) 419M->310M(748M) 12.144ms
[75.844s][info][gc,cpu         ] GC(215) User=0.02s Sys=0.00s Real=0.01s
[76.010s][info][gc,start       ] GC(216) Pause Young (Allocation Failure)
[76.023s][info][gc,heap        ] GC(216) PSYoungGen: 111712K(222720K)->8384K(120320K) Eden: 111616K(111616K)->0K(111616K) From: 96K(111104K)->8384K(8704K)
[76.023s][info][gc,heap        ] GC(216) ParOldGen: 317615K(543744K)->317615K(543744K)
[76.023s][info][gc,metaspace   ] GC(216) Metaspace: 17647K(17856K)->17647K(17856K) NonClass: 15015K(15104K)->15015K(15104K) Class: 2632K(2752K)->2632K(2752K)
[76.023s][info][gc             ] GC(216) Pause Young (Allocation Failure) 419M->318M(648M) 13.525ms
[76.023s][info][gc,cpu         ] GC(216) User=0.02s Sys=0.00s Real=0.01s
[76.202s][info][gc,start       ] GC(217) Pause Young (Allocation Failure)
[76.217s][info][gc,heap        ] GC(217) PSYoungGen: 120000K(120320K)->9984K(217600K) Eden: 111616K(111616K)->0K(116736K) From: 8384K(8704K)->9984K(100864K)
[76.217s][info][gc,heap        ] GC(217) ParOldGen: 317615K(543744K)->317615K(543744K)
[76.217s][info][gc,metaspace   ] GC(217) Metaspace: 17647K(17856K)->17647K(17856K) NonClass: 15015K(15104K)->15015K(15104K) Class: 2632K(2752K)->2632K(2752K)
[76.217s][info][gc             ] GC(217) Pause Young (Allocation Failure) 427M->319M(743M) 14.685ms
[76.217s][info][gc,cpu         ] GC(217) User=0.03s Sys=0.00s Real=0.01s
[76.386s][info][gc,start       ] GC(218) Pause Young (Allocation Failure)
[76.426s][info][gc,heap        ] GC(218) PSYoungGen: 126720K(217600K)->36864K(217088K) Eden: 116736K(116736K)->0K(116736K) From: 9984K(100864K)->36864K(100352K)
[76.426s][info][gc,heap        ] GC(218) ParOldGen: 317615K(543744K)->317615K(543744K)
[76.426s][info][gc,metaspace   ] GC(218) Metaspace: 17647K(17856K)->17647K(17856K) NonClass: 15015K(15104K)->15015K(15104K) Class: 2632K(2752K)->2632K(2752K)
[76.426s][info][gc             ] GC(218) Pause Young (Allocation Failure) 433M->346M(743M) 39.948ms
[76.426s][info][gc,cpu         ] GC(218) User=0.08s Sys=0.00s Real=0.04s
[76.547s][info][gc,start       ] GC(219) Pause Young (Allocation Failure)
[76.601s][info][gc,heap        ] GC(219) PSYoungGen: 153600K(217088K)->53664K(217088K) Eden: 116736K(116736K)->0K(119808K) From: 36864K(100352K)->53664K(97280K)
[76.601s][info][gc,heap        ] GC(219) ParOldGen: 317615K(543744K)->317615K(543744K)
[76.601s][info][gc,metaspace   ] GC(219) Metaspace: 17647K(17856K)->17647K(17856K) NonClass: 15015K(15104K)->15015K(15104K) Class: 2632K(2752K)->2632K(2752K)
[76.601s][info][gc             ] GC(219) Pause Young (Allocation Failure) 460M->362M(743M) 53.232ms
[76.601s][info][gc,cpu         ] GC(219) User=0.11s Sys=0.00s Real=0.05s
[76.838s][info][gc,start       ] GC(220) Pause Young (Allocation Failure)
[76.909s][info][gc,heap        ] GC(220) PSYoungGen: 173472K(217088K)->72960K(220672K) Eden: 119808K(119808K)->0K(119808K) From: 53664K(97280K)->72960K(100864K)
[76.909s][info][gc,heap        ] GC(220) ParOldGen: 317615K(543744K)->317615K(543744K)
[76.909s][info][gc,metaspace   ] GC(220) Metaspace: 17648K(17856K)->17648K(17856K) NonClass: 15016K(15104K)->15016K(15104K) Class: 2632K(2752K)->2632K(2752K)
[76.909s][info][gc             ] GC(220) Pause Young (Allocation Failure) 479M->381M(746M) 70.365ms
[76.909s][info][gc,cpu         ] GC(220) User=0.14s Sys=0.00s Real=0.07s
[77.021s][info][gc,start       ] GC(221) Pause Young (Allocation Failure)
[77.102s][info][gc,heap        ] GC(221) PSYoungGen: 192768K(220672K)->84576K(222208K) Eden: 119808K(119808K)->0K(111616K) From: 72960K(100864K)->84576K(110592K)
[77.102s][info][gc,heap        ] GC(221) ParOldGen: 317615K(543744K)->317615K(543744K)
[77.102s][info][gc,metaspace   ] GC(221) Metaspace: 17648K(17856K)->17648K(17856K) NonClass: 15016K(15104K)->15016K(15104K) Class: 2632K(2752K)->2632K(2752K)
[77.102s][info][gc             ] GC(221) Pause Young (Allocation Failure) 498M->392M(748M) 80.756ms
[77.102s][info][gc,cpu         ] GC(221) User=0.16s Sys=0.00s Real=0.08s
[77.196s][info][gc,start       ] GC(222) Pause Young (Allocation Failure)
[77.278s][info][gc,heap        ] GC(222) PSYoungGen: 196192K(222208K)->78848K(222720K) Eden: 111616K(111616K)->0K(111616K) From: 84576K(110592K)->78848K(111104K)
[77.278s][info][gc,heap        ] GC(222) ParOldGen: 317615K(543744K)->325959K(543744K)
[77.278s][info][gc,metaspace   ] GC(222) Metaspace: 17648K(17856K)->17648K(17856K) NonClass: 15016K(15104K)->15016K(15104K) Class: 2632K(2752K)->2632K(2752K)
[77.278s][info][gc             ] GC(222) Pause Young (Allocation Failure) 501M->395M(748M) 81.492ms
[77.278s][info][gc,cpu         ] GC(222) User=0.16s Sys=0.00s Real=0.09s
[77.437s][info][gc,start       ] GC(223) Pause Young (Allocation Failure)
[77.510s][info][gc,heap        ] GC(223) PSYoungGen: 190464K(222720K)->50464K(222720K) Eden: 111616K(111616K)->0K(111616K) From: 78848K(111104K)->50464K(111104K)
[77.510s][info][gc,heap        ] GC(223) ParOldGen: 325959K(543744K)->354519K(543744K)
[77.510s][info][gc,metaspace   ] GC(223) Metaspace: 17648K(17856K)->17648K(17856K) NonClass: 15016K(15104K)->15016K(15104K) Class: 2632K(2752K)->2632K(2752K)
[77.510s][info][gc             ] GC(223) Pause Young (Allocation Failure) 504M->395M(748M) 73.483ms
[77.510s][info][gc,cpu         ] GC(223) User=0.15s Sys=0.00s Real=0.08s
[77.611s][info][gc,start       ] GC(224) Pause Young (Allocation Failure)
[77.669s][info][gc,heap        ] GC(224) PSYoungGen: 162080K(222720K)->20576K(222720K) Eden: 111616K(111616K)->0K(111616K) From: 50464K(111104K)->20576K(111104K)
[77.669s][info][gc,heap        ] GC(224) ParOldGen: 354519K(543744K)->390725K(543744K)
[77.669s][info][gc,metaspace   ] GC(224) Metaspace: 17648K(17856K)->17648K(17856K) NonClass: 15016K(15104K)->15016K(15104K) Class: 2632K(2752K)->2632K(2752K)
[77.669s][info][gc             ] GC(224) Pause Young (Allocation Failure) 504M->401M(748M) 57.317ms
[77.669s][info][gc,cpu         ] GC(224) User=0.11s Sys=0.00s Real=0.06s
[77.791s][info][gc,start       ] GC(225) Pause Young (Allocation Failure)
[77.828s][info][gc,heap        ] GC(225) PSYoungGen: 132192K(222720K)->21040K(222720K) Eden: 111616K(111616K)->0K(111616K) From: 20576K(111104K)->21040K(111104K)
[77.828s][info][gc,heap        ] GC(225) ParOldGen: 390725K(543744K)->404949K(543744K)
[77.828s][info][gc,metaspace   ] GC(225) Metaspace: 17650K(17856K)->17650K(17856K) NonClass: 15018K(15104K)->15018K(15104K) Class: 2632K(2752K)->2632K(2752K)
[77.828s][info][gc             ] GC(225) Pause Young (Allocation Failure) 510M->416M(748M) 37.670ms
[77.828s][info][gc,cpu         ] GC(225) User=0.08s Sys=0.00s Real=0.04s
[77.910s][info][gc,start       ] GC(226) Pause Young (Allocation Failure)
[77.960s][info][gc,heap        ] GC(226) PSYoungGen: 132656K(222720K)->40144K(152064K) Eden: 111616K(111616K)->0K(111616K) From: 21040K(111104K)->40144K(40448K)
[77.960s][info][gc,heap        ] GC(226) ParOldGen: 404949K(543744K)->411333K(543744K)
[77.960s][info][gc,metaspace   ] GC(226) Metaspace: 17660K(17856K)->17660K(17856K) NonClass: 15024K(15104K)->15024K(15104K) Class: 2636K(2752K)->2636K(2752K)
[77.960s][info][gc             ] GC(226) Pause Young (Allocation Failure) 525M->440M(679M) 49.768ms
[77.960s][info][gc,cpu         ] GC(226) User=0.10s Sys=0.00s Real=0.05s
[78.040s][info][gc,start       ] GC(227) Pause Young (Allocation Failure)
[78.093s][info][gc,heap        ] GC(227) PSYoungGen: 151760K(152064K)->58656K(218624K) Eden: 111616K(111616K)->0K(111104K) From: 40144K(40448K)->58656K(107520K)
[78.093s][info][gc,heap        ] GC(227) ParOldGen: 411333K(543744K)->426064K(543744K)
[78.093s][info][gc,metaspace   ] GC(227) Metaspace: 17672K(17856K)->17672K(17856K) NonClass: 15036K(15104K)->15036K(15104K) Class: 2636K(2752K)->2636K(2752K)
[78.093s][info][gc             ] GC(227) Pause Young (Allocation Failure) 549M->473M(744M) 52.655ms
[78.093s][info][gc,cpu         ] GC(227) User=0.10s Sys=0.00s Real=0.05s
[78.296s][info][gc,start       ] GC(228) Pause Young (Allocation Failure)
[78.349s][info][gc,heap        ] GC(228) PSYoungGen: 169760K(218624K)->35520K(219136K) Eden: 111104K(111104K)->0K(111104K) From: 58656K(107520K)->35520K(108032K)
[78.349s][info][gc,heap        ] GC(228) ParOldGen: 426064K(543744K)->451824K(543744K)
[78.349s][info][gc,metaspace   ] GC(228) Metaspace: 17674K(17856K)->17674K(17856K) NonClass: 15038K(15104K)->15038K(15104K) Class: 2636K(2752K)->2636K(2752K)
[78.350s][info][gc             ] GC(228) Pause Young (Allocation Failure) 581M->475M(745M) 53.535ms
[78.350s][info][gc,cpu         ] GC(228) User=0.09s Sys=0.00s Real=0.06s
[78.501s][info][gc,start       ] GC(229) Pause Young (Allocation Failure)
[78.537s][info][gc,heap        ] GC(229) PSYoungGen: 146624K(219136K)->46976K(219648K) Eden: 111104K(111104K)->0K(121344K) From: 35520K(108032K)->46976K(98304K)
[78.538s][info][gc,heap        ] GC(229) ParOldGen: 451824K(543744K)->451824K(543744K)
[78.538s][info][gc,metaspace   ] GC(229) Metaspace: 17674K(17856K)->17674K(17856K) NonClass: 15038K(15104K)->15038K(15104K) Class: 2636K(2752K)->2636K(2752K)
[78.538s][info][gc             ] GC(229) Pause Young (Allocation Failure) 584M->487M(745M) 36.324ms
[78.538s][info][gc,cpu         ] GC(229) User=0.07s Sys=0.00s Real=0.04s
[78.735s][info][gc,start       ] GC(230) Pause Young (Allocation Failure)
[78.773s][info][gc,heap        ] GC(230) PSYoungGen: 168320K(219648K)->51424K(220160K) Eden: 121344K(121344K)->0K(121344K) From: 46976K(98304K)->51424K(98816K)
[78.773s][info][gc,heap        ] GC(230) ParOldGen: 451824K(543744K)->451824K(543744K)
[78.773s][info][gc,metaspace   ] GC(230) Metaspace: 17674K(17856K)->17674K(17856K) NonClass: 15038K(15104K)->15038K(15104K) Class: 2636K(2752K)->2636K(2752K)
[78.773s][info][gc             ] GC(230) Pause Young (Allocation Failure) 605M->491M(746M) 37.884ms
[78.773s][info][gc,cpu         ] GC(230) User=0.07s Sys=0.00s Real=0.04s
[79.005s][info][gc,start       ] GC(231) Pause Young (Allocation Failure)
[79.046s][info][gc,heap        ] GC(231) PSYoungGen: 172768K(220160K)->52432K(223744K) Eden: 121344K(121344K)->0K(131072K) From: 51424K(98816K)->52432K(92672K)
[79.046s][info][gc,heap        ] GC(231) ParOldGen: 451824K(543744K)->451824K(543744K)
[79.046s][info][gc,metaspace   ] GC(231) Metaspace: 17674K(17856K)->17674K(17856K) NonClass: 15038K(15104K)->15038K(15104K) Class: 2636K(2752K)->2636K(2752K)
[79.046s][info][gc             ] GC(231) Pause Young (Allocation Failure) 609M->492M(749M) 40.494ms
[79.046s][info][gc,cpu         ] GC(231) User=0.08s Sys=0.00s Real=0.04s
[79.242s][info][gc,start       ] GC(232) Pause Young (Allocation Failure)
[79.291s][info][gc,heap        ] GC(232) PSYoungGen: 183504K(223744K)->58608K(226304K) Eden: 131072K(131072K)->0K(131072K) From: 52432K(92672K)->58608K(95232K)
[79.291s][info][gc,heap        ] GC(232) ParOldGen: 451824K(543744K)->451824K(543744K)
[79.291s][info][gc,metaspace   ] GC(232) Metaspace: 17674K(17856K)->17674K(17856K) NonClass: 15038K(15104K)->15038K(15104K) Class: 2636K(2752K)->2636K(2752K)
[79.291s][info][gc             ] GC(232) Pause Young (Allocation Failure) 620M->498M(752M) 48.560ms
[79.291s][info][gc,cpu         ] GC(232) User=0.10s Sys=0.00s Real=0.05s
[79.411s][info][gc,start       ] GC(233) Pause Young (Allocation Failure)
[79.461s][info][gc,heap        ] GC(233) PSYoungGen: 189680K(226304K)->62352K(235008K) Eden: 131072K(131072K)->0K(139264K) From: 58608K(95232K)->62352K(95744K)
[79.461s][info][gc,heap        ] GC(233) ParOldGen: 451824K(543744K)->451824K(543744K)
[79.461s][info][gc,metaspace   ] GC(233) Metaspace: 17675K(17856K)->17675K(17856K) NonClass: 15039K(15104K)->15039K(15104K) Class: 2636K(2752K)->2636K(2752K)
[79.461s][info][gc             ] GC(233) Pause Young (Allocation Failure) 626M->502M(760M) 50.241ms
[79.461s][info][gc,cpu         ] GC(233) User=0.10s Sys=0.01s Real=0.05s
[79.657s][info][gc,start       ] GC(234) Pause Young (Allocation Failure)
[79.710s][info][gc,heap        ] GC(234) PSYoungGen: 201616K(235008K)->63216K(202752K) Eden: 139264K(139264K)->0K(139264K) From: 62352K(95744K)->63216K(63488K)
[79.710s][info][gc,heap        ] GC(234) ParOldGen: 451824K(543744K)->451824K(543744K)
[79.710s][info][gc,metaspace   ] GC(234) Metaspace: 17676K(17856K)->17676K(17856K) NonClass: 15040K(15104K)->15040K(15104K) Class: 2636K(2752K)->2636K(2752K)
[79.710s][info][gc             ] GC(234) Pause Young (Allocation Failure) 638M->502M(729M) 52.596ms
[79.710s][info][gc,cpu         ] GC(234) User=0.10s Sys=0.00s Real=0.05s
[80.011s][info][gc,start       ] GC(235) Pause Young (Allocation Failure)
[80.068s][info][gc,heap        ] GC(235) PSYoungGen: 202480K(202752K)->65112K(232448K) Eden: 139264K(139264K)->0K(134144K) From: 63216K(63488K)->65112K(98304K)
[80.069s][info][gc,heap        ] GC(235) ParOldGen: 451824K(543744K)->451824K(543744K)
[80.069s][info][gc,metaspace   ] GC(235) Metaspace: 17689K(17856K)->17689K(17856K) NonClass: 15053K(15104K)->15053K(15104K) Class: 2636K(2752K)->2636K(2752K)
[80.069s][info][gc             ] GC(235) Pause Young (Allocation Failure) 638M->504M(758M) 57.115ms
[80.069s][info][gc,cpu         ] GC(235) User=0.11s Sys=0.00s Real=0.06s
[80.476s][info][gc,start       ] GC(236) Pause Young (Allocation Failure)
[80.566s][info][gc,heap        ] GC(236) PSYoungGen: 199256K(232448K)->90674K(225280K) Eden: 134144K(134144K)->0K(134144K) From: 65112K(98304K)->90674K(91136K)
[80.566s][info][gc,heap        ] GC(236) ParOldGen: 451824K(543744K)->451824K(543744K)
[80.566s][info][gc,metaspace   ] GC(236) Metaspace: 17705K(17856K)->17705K(17856K) NonClass: 15064K(15104K)->15064K(15104K) Class: 2641K(2752K)->2641K(2752K)
[80.566s][info][gc             ] GC(236) Pause Young (Allocation Failure) 635M->529M(751M) 89.494ms
[80.566s][info][gc,cpu         ] GC(236) User=0.17s Sys=0.00s Real=0.09s
[80.751s][info][gc,start       ] GC(237) Pause Young (Allocation Failure)
[80.870s][info][gc,heap        ] GC(237) PSYoungGen: 224818K(225280K)->108530K(220160K) Eden: 134144K(134144K)->0K(111616K) From: 90674K(91136K)->108530K(108544K)
[80.871s][info][gc,heap        ] GC(237) ParOldGen: 451824K(543744K)->453264K(543744K)
[80.871s][info][gc,metaspace   ] GC(237) Metaspace: 17706K(17856K)->17706K(17856K) NonClass: 15065K(15104K)->15065K(15104K) Class: 2641K(2752K)->2641K(2752K)
[80.871s][info][gc             ] GC(237) Pause Young (Allocation Failure) 660M->548M(746M) 119.270ms
[80.871s][info][gc,cpu         ] GC(237) User=0.22s Sys=0.01s Real=0.12s
[81.000s][info][gc,start       ] GC(238) Pause Young (Allocation Failure)
[81.111s][info][gc,heap        ] GC(238) PSYoungGen: 220146K(220160K)->78026K(222720K) Eden: 111616K(111616K)->0K(111616K) From: 108530K(108544K)->78026K(111104K)
[81.111s][info][gc,heap        ] GC(238) ParOldGen: 453264K(543744K)->489108K(543744K)
[81.111s][info][gc,metaspace   ] GC(238) Metaspace: 17711K(17920K)->17711K(17920K) NonClass: 15070K(15168K)->15070K(15168K) Class: 2641K(2752K)->2641K(2752K)
[81.111s][info][gc             ] GC(238) Pause Young (Allocation Failure) 657M->553M(748M) 110.822ms
[81.111s][info][gc,cpu         ] GC(238) User=0.22s Sys=0.00s Real=0.11s
[81.288s][info][gc,start       ] GC(239) Pause Young (Allocation Failure)
[81.381s][info][gc,heap        ] GC(239) PSYoungGen: 189642K(222720K)->64874K(222720K) Eden: 111616K(111616K)->0K(111616K) From: 78026K(111104K)->64874K(111104K)
[81.381s][info][gc,heap        ] GC(239) ParOldGen: 489108K(543744K)->505028K(543744K)
[81.381s][info][gc,metaspace   ] GC(239) Metaspace: 17718K(17920K)->17718K(17920K) NonClass: 15077K(15168K)->15077K(15168K) Class: 2641K(2752K)->2641K(2752K)
[81.382s][info][gc             ] GC(239) Pause Young (Allocation Failure) 662M->556M(748M) 93.729ms
[81.382s][info][gc,cpu         ] GC(239) User=0.18s Sys=0.00s Real=0.09s
[81.570s][info][gc,start       ] GC(240) Pause Young (Allocation Failure)
[81.650s][info][gc,heap        ] GC(240) PSYoungGen: 176490K(222720K)->60362K(222720K) Eden: 111616K(111616K)->0K(111616K) From: 64874K(111104K)->60362K(111104K)
[81.650s][info][gc,heap        ] GC(240) ParOldGen: 505028K(543744K)->512236K(543744K)
[81.650s][info][gc,metaspace   ] GC(240) Metaspace: 17721K(17920K)->17721K(17920K) NonClass: 15080K(15168K)->15080K(15168K) Class: 2641K(2752K)->2641K(2752K)
[81.650s][info][gc             ] GC(240) Pause Young (Allocation Failure) 665M->559M(748M) 80.086ms
[81.650s][info][gc,cpu         ] GC(240) User=0.16s Sys=0.00s Real=0.08s
[81.731s][info][gc,start       ] GC(241) Pause Young (Allocation Failure)
[81.803s][info][gc,heap        ] GC(241) PSYoungGen: 171978K(222720K)->55786K(221696K) Eden: 111616K(111616K)->0K(111616K) From: 60362K(111104K)->55786K(110080K)
[81.803s][info][gc,heap        ] GC(241) ParOldGen: 512236K(543744K)->516844K(543744K)
[81.803s][info][gc,metaspace   ] GC(241) Metaspace: 17721K(17920K)->17721K(17920K) NonClass: 15080K(15168K)->15080K(15168K) Class: 2641K(2752K)->2641K(2752K)
[81.803s][info][gc             ] GC(241) Pause Young (Allocation Failure) 668M->559M(747M) 72.479ms
[81.803s][info][gc,cpu         ] GC(241) User=0.14s Sys=0.00s Real=0.07s
[81.909s][info][gc,start       ] GC(242) Pause Young (Allocation Failure)
[81.977s][info][gc,heap        ] GC(242) PSYoungGen: 167402K(221696K)->56042K(167936K) Eden: 111616K(111616K)->0K(111616K) From: 55786K(110080K)->56042K(56320K)
[81.977s][info][gc,heap        ] GC(242) ParOldGen: 516844K(543744K)->518760K(543744K)
[81.977s][info][gc,metaspace   ] GC(242) Metaspace: 17731K(17920K)->17731K(17920K) NonClass: 15085K(15168K)->15085K(15168K) Class: 2646K(2752K)->2646K(2752K)
[81.977s][info][gc             ] GC(242) Pause Young (Allocation Failure) 668M->561M(695M) 68.115ms
[81.977s][info][gc,cpu         ] GC(242) User=0.14s Sys=0.00s Real=0.07s
[82.140s][info][gc,start       ] GC(243) Pause Young (Allocation Failure)
[82.208s][info][gc,heap        ] GC(243) PSYoungGen: 167658K(167936K)->37177K(220160K) Eden: 111616K(111616K)->0K(113664K) From: 56042K(56320K)->37177K(106496K)
[82.208s][info][gc,heap        ] GC(243) ParOldGen: 518760K(543744K)->542941K(543744K)
[82.208s][info][gc,metaspace   ] GC(243) Metaspace: 17731K(17920K)->17731K(17920K) NonClass: 15085K(15168K)->15085K(15168K) Class: 2646K(2752K)->2646K(2752K)
[82.208s][info][gc             ] GC(243) Pause Young (Allocation Failure) 670M->566M(746M) 67.515ms
[82.208s][info][gc,cpu         ] GC(243) User=0.13s Sys=0.01s Real=0.07s
[82.394s][info][gc,start       ] GC(244) Pause Young (Allocation Failure)
[82.442s][info][gc,heap        ] GC(244) PSYoungGen: 150841K(220160K)->18057K(219648K) Eden: 113664K(113664K)->0K(113664K) From: 37177K(106496K)->18057K(105984K)
[82.442s][info][gc,heap        ] GC(244) ParOldGen: 542941K(543744K)->562229K(562688K)
[82.442s][info][gc,metaspace   ] GC(244) Metaspace: 17734K(17920K)->17734K(17920K) NonClass: 15087K(15168K)->15087K(15168K) Class: 2646K(2752K)->2646K(2752K)
[82.442s][info][gc             ] GC(244) Pause Young (Allocation Failure) 677M->566M(764M) 47.901ms
[82.442s][info][gc,cpu         ] GC(244) User=0.08s Sys=0.02s Real=0.05s
[82.773s][info][gc,start       ] GC(245) Pause Young (Allocation Failure)
[82.795s][info][gc,heap        ] GC(245) PSYoungGen: 131721K(219648K)->18217K(224768K) Eden: 113664K(113664K)->0K(116736K) From: 18057K(105984K)->18217K(108032K)
[82.795s][info][gc,heap        ] GC(245) ParOldGen: 562229K(562688K)->562229K(562688K)
[82.795s][info][gc,metaspace   ] GC(245) Metaspace: 17748K(17920K)->17748K(17920K) NonClass: 15101K(15168K)->15101K(15168K) Class: 2646K(2752K)->2646K(2752K)
[82.795s][info][gc             ] GC(245) Pause Young (Allocation Failure) 677M->566M(769M) 21.816ms
[82.795s][info][gc,cpu         ] GC(245) User=0.04s Sys=0.00s Real=0.02s
[83.121s][info][gc,start       ] GC(246) Pause Young (Allocation Failure)
[83.141s][info][gc,heap        ] GC(246) PSYoungGen: 134953K(224768K)->18281K(225280K) Eden: 116736K(116736K)->0K(116736K) From: 18217K(108032K)->18281K(108544K)
[83.141s][info][gc,heap        ] GC(246) ParOldGen: 562229K(562688K)->562229K(562688K)
[83.142s][info][gc,metaspace   ] GC(246) Metaspace: 17748K(17920K)->17748K(17920K) NonClass: 15101K(15168K)->15101K(15168K) Class: 2646K(2752K)->2646K(2752K)
[83.142s][info][gc             ] GC(246) Pause Young (Allocation Failure) 680M->566M(769M) 20.744ms
[83.142s][info][gc,cpu         ] GC(246) User=0.04s Sys=0.00s Real=0.02s
[83.637s][info][gc,start       ] GC(247) Pause Young (Allocation Failure)
[83.674s][info][gc,heap        ] GC(247) PSYoungGen: 135017K(225280K)->35561K(217088K) Eden: 116736K(116736K)->0K(116736K) From: 18281K(108544K)->35561K(100352K)
[83.674s][info][gc,heap        ] GC(247) ParOldGen: 562229K(562688K)->562229K(562688K)
[83.674s][info][gc,metaspace   ] GC(247) Metaspace: 17748K(17920K)->17748K(17920K) NonClass: 15101K(15168K)->15101K(15168K) Class: 2646K(2752K)->2646K(2752K)
[83.674s][info][gc             ] GC(247) Pause Young (Allocation Failure) 680M->583M(761M) 37.082ms
[83.674s][info][gc,cpu         ] GC(247) User=0.07s Sys=0.00s Real=0.03s
[83.905s][info][gc,start       ] GC(248) Pause Young (Allocation Failure)
[83.946s][info][gc,heap        ] GC(248) PSYoungGen: 152297K(217088K)->39577K(221184K) Eden: 116736K(116736K)->0K(116736K) From: 35561K(100352K)->39577K(104448K)
[83.946s][info][gc,heap        ] GC(248) ParOldGen: 562229K(562688K)->562229K(562688K)
[83.946s][info][gc,metaspace   ] GC(248) Metaspace: 17748K(17920K)->17748K(17920K) NonClass: 15101K(15168K)->15101K(15168K) Class: 2646K(2752K)->2646K(2752K)
[83.946s][info][gc             ] GC(248) Pause Young (Allocation Failure) 697M->587M(765M) 40.263ms
[83.946s][info][gc,cpu         ] GC(248) User=0.08s Sys=0.00s Real=0.04s
[84.207s][info][gc,start       ] GC(249) Pause Young (Allocation Failure)
[84.257s][info][gc,heap        ] GC(249) PSYoungGen: 156313K(221184K)->39577K(215552K) Eden: 116736K(116736K)->0K(124416K) From: 39577K(104448K)->39577K(91136K)
[84.257s][info][gc,heap        ] GC(249) ParOldGen: 562229K(562688K)->562229K(562688K)
[84.257s][info][gc,metaspace   ] GC(249) Metaspace: 17748K(17920K)->17748K(17920K) NonClass: 15101K(15168K)->15101K(15168K) Class: 2646K(2752K)->2646K(2752K)
[84.257s][info][gc             ] GC(249) Pause Young (Allocation Failure) 701M->587M(760M) 49.230ms
[84.257s][info][gc,cpu         ] GC(249) User=0.10s Sys=0.00s Real=0.04s
[84.748s][info][gc,start       ] GC(250) Pause Young (Allocation Failure)
[84.789s][info][gc,heap        ] GC(250) PSYoungGen: 163993K(215552K)->39926K(219648K) Eden: 124416K(124416K)->0K(124416K) From: 39577K(91136K)->39926K(95232K)
[84.789s][info][gc,heap        ] GC(250) ParOldGen: 562229K(562688K)->562229K(562688K)
[84.789s][info][gc,metaspace   ] GC(250) Metaspace: 17751K(17920K)->17751K(17920K) NonClass: 15104K(15168K)->15104K(15168K) Class: 2646K(2752K)->2646K(2752K)
[84.789s][info][gc             ] GC(250) Pause Young (Allocation Failure) 709M->588M(764M) 40.578ms
[84.789s][info][gc,cpu         ] GC(250) User=0.08s Sys=0.00s Real=0.04s
[85.361s][info][gc,start       ] GC(251) Pause Young (Allocation Failure)
[85.406s][info][gc,heap        ] GC(251) PSYoungGen: 164342K(219648K)->40438K(212992K) Eden: 124416K(124416K)->0K(131072K) From: 39926K(95232K)->40438K(81920K)
[85.406s][info][gc,heap        ] GC(251) ParOldGen: 562229K(562688K)->562229K(562688K)
[85.406s][info][gc,metaspace   ] GC(251) Metaspace: 17755K(17920K)->17755K(17920K) NonClass: 15108K(15168K)->15108K(15168K) Class: 2646K(2752K)->2646K(2752K)
[85.406s][info][gc             ] GC(251) Pause Young (Allocation Failure) 709M->588M(757M) 44.513ms
[85.406s][info][gc,cpu         ] GC(251) User=0.08s Sys=0.00s Real=0.04s
[86.181s][info][gc,start       ] GC(252) Pause Young (Allocation Failure)
[86.224s][info][gc,heap        ] GC(252) PSYoungGen: 171383K(212992K)->41912K(218112K) Eden: 130944K(131072K)->0K(131072K) From: 40438K(81920K)->41912K(87040K)
[86.224s][info][gc,heap        ] GC(252) ParOldGen: 562229K(562688K)->562237K(562688K)
[86.224s][info][gc,metaspace   ] GC(252) Metaspace: 17892K(18048K)->17892K(18048K) NonClass: 15230K(15296K)->15230K(15296K) Class: 2662K(2752K)->2662K(2752K)
[86.225s][info][gc             ] GC(252) Pause Young (Allocation Failure) 716M->589M(762M) 43.503ms
[86.225s][info][gc,cpu         ] GC(252) User=0.09s Sys=0.00s Real=0.04s
[86.557s][info][gc,start       ] GC(253) Pause Young (Allocation Failure)
[86.602s][info][gc,heap        ] GC(253) PSYoungGen: 172984K(218112K)->36888K(215552K) Eden: 131072K(131072K)->0K(137728K) From: 41912K(87040K)->36888K(77824K)
[86.602s][info][gc,heap        ] GC(253) ParOldGen: 562237K(562688K)->567342K(567808K)
[86.602s][info][gc,metaspace   ] GC(253) Metaspace: 17973K(18176K)->17973K(18176K) NonClass: 15309K(15424K)->15309K(15424K) Class: 2664K(2752K)->2664K(2752K)
[86.603s][info][gc             ] GC(253) Pause Young (Allocation Failure) 717M->590M(765M) 45.790ms
[86.603s][info][gc,cpu         ] GC(253) User=0.08s Sys=0.00s Real=0.05s
[86.916s][info][gc,start       ] GC(254) Pause Young (Allocation Failure)
[86.956s][info][gc,heap        ] GC(254) PSYoungGen: 174616K(215552K)->34326K(218112K) Eden: 137728K(137728K)->0K(137728K) From: 36888K(77824K)->34326K(80384K)
[86.956s][info][gc,heap        ] GC(254) ParOldGen: 567342K(567808K)->570070K(570368K)
[86.956s][info][gc,metaspace   ] GC(254) Metaspace: 18003K(18176K)->18003K(18176K) NonClass: 15339K(15424K)->15339K(15424K) Class: 2664K(2752K)->2664K(2752K)
[86.956s][info][gc             ] GC(254) Pause Young (Allocation Failure) 724M->590M(770M) 39.955ms
[86.956s][info][gc,cpu         ] GC(254) User=0.08s Sys=0.00s Real=0.04s
[87.240s][info][gc,start       ] GC(255) Pause Young (Allocation Failure)
[87.301s][info][gc,heap        ] GC(255) PSYoungGen: 172054K(218112K)->60644K(220160K) Eden: 137728K(137728K)->0K(141824K) From: 34326K(80384K)->60644K(78336K)
[87.301s][info][gc,heap        ] GC(255) ParOldGen: 570070K(570368K)->572766K(572928K)
[87.301s][info][gc,metaspace   ] GC(255) Metaspace: 18081K(18240K)->18081K(18240K) NonClass: 15417K(15488K)->15417K(15488K) Class: 2664K(2752K)->2664K(2752K)
[87.301s][info][gc             ] GC(255) Pause Young (Allocation Failure) 724M->618M(774M) 61.292ms
[87.301s][info][gc,cpu         ] GC(255) User=0.12s Sys=0.00s Real=0.06s
[87.425s][info][gc,start       ] GC(256) Pause Young (Allocation Failure)
[87.539s][info][gc,heap        ] GC(256) PSYoungGen: 202468K(220160K)->81405K(223232K) Eden: 141824K(141824K)->0K(141824K) From: 60644K(78336K)->81405K(81408K)
[87.539s][info][gc,heap        ] GC(256) ParOldGen: 572766K(572928K)->606054K(606208K)
[87.539s][info][gc,metaspace   ] GC(256) Metaspace: 18103K(18304K)->18103K(18304K) NonClass: 15439K(15552K)->15439K(15552K) Class: 2664K(2752K)->2664K(2752K)
[87.539s][info][gc             ] GC(256) Pause Young (Allocation Failure) 757M->671M(810M) 114.160ms
[87.539s][info][gc,cpu         ] GC(256) User=0.21s Sys=0.02s Real=0.12s
[87.733s][info][gc,start       ] GC(257) Pause Young (Allocation Failure)
[87.872s][info][gc,heap        ] GC(257) PSYoungGen: 223229K(223232K)->103933K(215552K) Eden: 141824K(141824K)->0K(111616K) From: 81405K(81408K)->103933K(103936K)
[87.873s][info][gc,heap        ] GC(257) ParOldGen: 606054K(606208K)->627836K(628224K)
[87.873s][info][gc,metaspace   ] GC(257) Metaspace: 18103K(18304K)->18103K(18304K) NonClass: 15439K(15552K)->15439K(15552K) Class: 2664K(2752K)->2664K(2752K)
[87.873s][info][gc             ] GC(257) Pause Young (Allocation Failure) 809M->714M(824M) 139.549ms
[87.873s][info][gc,cpu         ] GC(257) User=0.23s Sys=0.04s Real=0.14s
[88.113s][info][gc,start       ] GC(258) Pause Young (Allocation Failure)
[88.259s][info][gc,heap        ] GC(258) PSYoungGen: 215549K(215552K)->111101K(222720K) Eden: 111616K(111616K)->0K(111616K) From: 103933K(103936K)->111101K(111104K)
[88.259s][info][gc,heap        ] GC(258) ParOldGen: 627836K(628224K)->662488K(662528K)
[88.259s][info][gc,metaspace   ] GC(258) Metaspace: 18107K(18304K)->18107K(18304K) NonClass: 15443K(15552K)->15443K(15552K) Class: 2664K(2752K)->2664K(2752K)
[88.259s][info][gc             ] GC(258) Pause Young (Allocation Failure) 823M->755M(864M) 145.722ms
[88.259s][info][gc,cpu         ] GC(258) User=0.27s Sys=0.02s Real=0.15s
[88.379s][info][gc,start       ] GC(259) Pause Full (Allocation Failure)
[88.379s][info][gc,phases,start] GC(259) Marking Phase
[88.509s][info][gc,phases      ] GC(259) Marking Phase 130.074ms
[88.509s][info][gc,phases,start] GC(259) Summary Phase
[88.509s][info][gc,phases      ] GC(259) Summary Phase 0.028ms
[88.509s][info][gc,phases,start] GC(259) Forward
[88.562s][info][gc,phases      ] GC(259) Forward 52.300ms
[88.562s][info][gc,phases,start] GC(259) Adjust Pointers
[88.653s][info][gc,phases      ] GC(259) Adjust Pointers 91.272ms
[88.653s][info][gc,phases,start] GC(259) Compaction Phase
[88.719s][info][gc,phases      ] GC(259) Compaction Phase 66.377ms
[88.723s][info][gc,phases,start] GC(259) Post Compact
[88.725s][info][gc,phases      ] GC(259) Post Compact 2.534ms
[88.739s][info][gc,heap        ] GC(259) PSYoungGen: 222717K(222720K)->0K(222720K) Eden: 111616K(111616K)->0K(111616K) From: 111101K(111104K)->0K(111104K)
[88.739s][info][gc,heap        ] GC(259) ParOldGen: 662488K(662528K)->218661K(480256K)
[88.739s][info][gc,metaspace   ] GC(259) Metaspace: 18107K(18304K)->18107K(18304K) NonClass: 15443K(15552K)->15443K(15552K) Class: 2664K(2752K)->2664K(2752K)
[88.739s][info][gc             ] GC(259) Pause Full (Allocation Failure) 864M->213M(686M) 360.024ms
[88.739s][info][gc,cpu         ] GC(259) User=0.63s Sys=0.02s Real=0.36s
[88.956s][info][gc,start       ] GC(260) Pause Young (Allocation Failure)
[88.972s][info][gc,heap        ] GC(260) PSYoungGen: 111212K(222720K)->9915K(222720K) Eden: 111212K(111616K)->0K(111616K) From: 0K(111104K)->9915K(111104K)
[88.972s][info][gc,heap        ] GC(260) ParOldGen: 218661K(480256K)->218669K(480256K)
[88.972s][info][gc,metaspace   ] GC(260) Metaspace: 18166K(18368K)->18166K(18368K) NonClass: 15502K(15616K)->15502K(15616K) Class: 2664K(2752K)->2664K(2752K)
[88.972s][info][gc             ] GC(260) Pause Young (Allocation Failure) 322M->223M(686M) 16.050ms
[88.972s][info][gc,cpu         ] GC(260) User=0.04s Sys=0.00s Real=0.02s
[89.166s][info][gc,start       ] GC(261) Pause Young (Allocation Failure)
[89.215s][info][gc,heap        ] GC(261) PSYoungGen: 121531K(222720K)->34043K(222720K) Eden: 111616K(111616K)->0K(111616K) From: 9915K(111104K)->34043K(111104K)
[89.215s][info][gc,heap        ] GC(261) ParOldGen: 218669K(480256K)->218669K(480256K)
[89.215s][info][gc,metaspace   ] GC(261) Metaspace: 18178K(18368K)->18178K(18368K) NonClass: 15514K(15616K)->15514K(15616K) Class: 2664K(2752K)->2664K(2752K)
[89.215s][info][gc             ] GC(261) Pause Young (Allocation Failure) 332M->246M(686M) 48.833ms
[89.215s][info][gc,cpu         ] GC(261) User=0.09s Sys=0.00s Real=0.05s
[89.337s][info][gc,start       ] GC(262) Pause Young (Allocation Failure)
[89.387s][info][gc,heap        ] GC(262) PSYoungGen: 145659K(222720K)->37915K(222720K) Eden: 111616K(111616K)->0K(111616K) From: 34043K(111104K)->37915K(111104K)
[89.387s][info][gc,heap        ] GC(262) ParOldGen: 218669K(480256K)->218669K(480256K)
[89.387s][info][gc,metaspace   ] GC(262) Metaspace: 18178K(18368K)->18178K(18368K) NonClass: 15514K(15616K)->15514K(15616K) Class: 2664K(2752K)->2664K(2752K)
[89.387s][info][gc             ] GC(262) Pause Young (Allocation Failure) 355M->250M(686M) 49.622ms
[89.387s][info][gc,cpu         ] GC(262) User=0.09s Sys=0.00s Real=0.05s
[89.481s][info][gc,start       ] GC(263) Pause Young (Allocation Failure)
[89.536s][info][gc,heap        ] GC(263) PSYoungGen: 149531K(222720K)->44914K(222720K) Eden: 111616K(111616K)->0K(111616K) From: 37915K(111104K)->44914K(111104K)
[89.537s][info][gc,heap        ] GC(263) ParOldGen: 218669K(480256K)->218669K(480256K)
[89.537s][info][gc,metaspace   ] GC(263) Metaspace: 18178K(18368K)->18178K(18368K) NonClass: 15514K(15616K)->15514K(15616K) Class: 2664K(2752K)->2664K(2752K)
[89.537s][info][gc             ] GC(263) Pause Young (Allocation Failure) 359M->257M(686M) 55.807ms
[89.537s][info][gc,cpu         ] GC(263) User=0.11s Sys=0.00s Real=0.05s
[89.624s][info][gc,start       ] GC(264) Pause Young (Allocation Failure)
[89.698s][info][gc,heap        ] GC(264) PSYoungGen: 156530K(222720K)->66082K(222720K) Eden: 111616K(111616K)->0K(111616K) From: 44914K(111104K)->66082K(111104K)
[89.698s][info][gc,heap        ] GC(264) ParOldGen: 218669K(480256K)->218669K(480256K)
[89.698s][info][gc,metaspace   ] GC(264) Metaspace: 18178K(18368K)->18178K(18368K) NonClass: 15514K(15616K)->15514K(15616K) Class: 2664K(2752K)->2664K(2752K)
[89.698s][info][gc             ] GC(264) Pause Young (Allocation Failure) 366M->278M(686M) 74.039ms
[89.698s][info][gc,cpu         ] GC(264) User=0.15s Sys=0.00s Real=0.08s
[89.774s][info][gc,start       ] GC(265) Pause Young (Allocation Failure)
[89.870s][info][gc,heap        ] GC(265) PSYoungGen: 177698K(222720K)->86178K(222720K) Eden: 111616K(111616K)->0K(111616K) From: 66082K(111104K)->86178K(111104K)
[89.870s][info][gc,heap        ] GC(265) ParOldGen: 218669K(480256K)->218669K(480256K)
[89.870s][info][gc,metaspace   ] GC(265) Metaspace: 18178K(18368K)->18178K(18368K) NonClass: 15514K(15616K)->15514K(15616K) Class: 2664K(2752K)->2664K(2752K)
[89.870s][info][gc             ] GC(265) Pause Young (Allocation Failure) 387M->297M(686M) 96.341ms
[89.870s][info][gc,cpu         ] GC(265) User=0.18s Sys=0.00s Real=0.10s
[89.969s][info][gc,start       ] GC(266) Pause Young (Allocation Failure)
[90.069s][info][gc,heap        ] GC(266) PSYoungGen: 197794K(222720K)->94192K(222720K) Eden: 111616K(111616K)->0K(111616K) From: 86178K(111104K)->94192K(111104K)
[90.069s][info][gc,heap        ] GC(266) ParOldGen: 218669K(480256K)->228297K(480256K)
[90.069s][info][gc,metaspace   ] GC(266) Metaspace: 18178K(18368K)->18178K(18368K) NonClass: 15514K(15616K)->15514K(15616K) Class: 2664K(2752K)->2664K(2752K)
[90.069s][info][gc             ] GC(266) Pause Young (Allocation Failure) 406M->314M(686M) 99.459ms
[90.069s][info][gc,cpu         ] GC(266) User=0.20s Sys=0.00s Real=0.10s
[90.215s][info][gc,start       ] GC(267) Pause Young (Allocation Failure)
[90.317s][info][gc,heap        ] GC(267) PSYoungGen: 205808K(222720K)->78067K(222720K) Eden: 111616K(111616K)->0K(111616K) From: 94192K(111104K)->78067K(111104K)
[90.317s][info][gc,heap        ] GC(267) ParOldGen: 228297K(480256K)->256619K(480256K)
[90.317s][info][gc,metaspace   ] GC(267) Metaspace: 18178K(18368K)->18178K(18368K) NonClass: 15514K(15616K)->15514K(15616K) Class: 2664K(2752K)->2664K(2752K)
[90.317s][info][gc             ] GC(267) Pause Young (Allocation Failure) 423M->326M(686M) 101.325ms
[90.317s][info][gc,cpu         ] GC(267) User=0.20s Sys=0.00s Real=0.10s
[90.430s][info][gc,start       ] GC(268) Pause Young (Allocation Failure)
[90.503s][info][gc,heap        ] GC(268) PSYoungGen: 189683K(222720K)->53347K(222720K) Eden: 111616K(111616K)->0K(111616K) From: 78067K(111104K)->53347K(111104K)
[90.503s][info][gc,heap        ] GC(268) ParOldGen: 256619K(480256K)->284858K(480256K)
[90.503s][info][gc,metaspace   ] GC(268) Metaspace: 18178K(18368K)->18178K(18368K) NonClass: 15514K(15616K)->15514K(15616K) Class: 2664K(2752K)->2664K(2752K)
[90.503s][info][gc             ] GC(268) Pause Young (Allocation Failure) 435M->330M(686M) 72.844ms
[90.503s][info][gc,cpu         ] GC(268) User=0.15s Sys=0.00s Real=0.07s
[90.582s][info][gc,start       ] GC(269) Pause Young (Allocation Failure)
[90.632s][info][gc,heap        ] GC(269) PSYoungGen: 164963K(222720K)->19299K(222720K) Eden: 111616K(111616K)->0K(111616K) From: 53347K(111104K)->19299K(111104K)
[90.632s][info][gc,heap        ] GC(269) ParOldGen: 284858K(480256K)->322918K(480256K)
[90.632s][info][gc,metaspace   ] GC(269) Metaspace: 18178K(18368K)->18178K(18368K) NonClass: 15514K(15616K)->15514K(15616K) Class: 2664K(2752K)->2664K(2752K)
[90.632s][info][gc             ] GC(269) Pause Young (Allocation Failure) 439M->334M(686M) 50.156ms
[90.632s][info][gc,cpu         ] GC(269) User=0.10s Sys=0.00s Real=0.05s
[90.711s][info][gc,start       ] GC(270) Pause Young (Allocation Failure)
[90.739s][info][gc,heap        ] GC(270) PSYoungGen: 130915K(222720K)->5536K(222720K) Eden: 111616K(111616K)->0K(111616K) From: 19299K(111104K)->5536K(111104K)
[90.739s][info][gc,heap        ] GC(270) ParOldGen: 322918K(480256K)->338521K(480256K)
[90.739s][info][gc,metaspace   ] GC(270) Metaspace: 18178K(18368K)->18178K(18368K) NonClass: 15514K(15616K)->15514K(15616K) Class: 2664K(2752K)->2664K(2752K)
[90.739s][info][gc             ] GC(270) Pause Young (Allocation Failure) 443M->335M(686M) 28.046ms
[90.739s][info][gc,cpu         ] GC(270) User=0.06s Sys=0.00s Real=0.03s
[91.020s][info][gc,start       ] GC(271) Pause Young (Allocation Failure)
[91.030s][info][gc,heap        ] GC(271) PSYoungGen: 117152K(222720K)->1760K(222720K) Eden: 111616K(111616K)->0K(111616K) From: 5536K(111104K)->1760K(111104K)
[91.030s][info][gc,heap        ] GC(271) ParOldGen: 338521K(480256K)->344057K(480256K)
[91.030s][info][gc,metaspace   ] GC(271) Metaspace: 18179K(18368K)->18179K(18368K) NonClass: 15515K(15616K)->15515K(15616K) Class: 2664K(2752K)->2664K(2752K)
[91.030s][info][gc             ] GC(271) Pause Young (Allocation Failure) 444M->337M(686M) 9.776ms
[91.030s][info][gc,cpu         ] GC(271) User=0.01s Sys=0.00s Real=0.01s
[91.331s][info][gc,start       ] GC(272) Pause Young (Allocation Failure)
[91.339s][info][gc,heap        ] GC(272) PSYoungGen: 113376K(222720K)->4992K(222720K) Eden: 111616K(111616K)->0K(111616K) From: 1760K(111104K)->4992K(111104K)
[91.339s][info][gc,heap        ] GC(272) ParOldGen: 344057K(480256K)->345718K(480256K)
[91.339s][info][gc,metaspace   ] GC(272) Metaspace: 18179K(18368K)->18179K(18368K) NonClass: 15515K(15616K)->15515K(15616K) Class: 2664K(2752K)->2664K(2752K)
[91.339s][info][gc             ] GC(272) Pause Young (Allocation Failure) 446M->342M(686M) 8.605ms
[91.339s][info][gc,cpu         ] GC(272) User=0.02s Sys=0.00s Real=0.01s
[91.450s][info][gc,start       ] GC(273) Pause Young (Allocation Failure)
[91.495s][info][gc,heap        ] GC(273) PSYoungGen: 116608K(222720K)->45472K(222720K) Eden: 111616K(111616K)->0K(111616K) From: 4992K(111104K)->45472K(111104K)
[91.495s][info][gc,heap        ] GC(273) ParOldGen: 345718K(480256K)->350581K(480256K)
[91.495s][info][gc,metaspace   ] GC(273) Metaspace: 18179K(18368K)->18179K(18368K) NonClass: 15515K(15616K)->15515K(15616K) Class: 2664K(2752K)->2664K(2752K)
[91.495s][info][gc             ] GC(273) Pause Young (Allocation Failure) 451M->386M(686M) 44.730ms
[91.495s][info][gc,cpu         ] GC(273) User=0.09s Sys=0.00s Real=0.04s
[91.744s][info][gc,start       ] GC(274) Pause Young (Allocation Failure)
[91.813s][info][gc,heap        ] GC(274) PSYoungGen: 157088K(222720K)->27648K(222720K) Eden: 111616K(111616K)->0K(111616K) From: 45472K(111104K)->27648K(111104K)
[91.813s][info][gc,heap        ] GC(274) ParOldGen: 350581K(480256K)->396290K(480256K)
[91.813s][info][gc,metaspace   ] GC(274) Metaspace: 18179K(18368K)->18179K(18368K) NonClass: 15515K(15616K)->15515K(15616K) Class: 2664K(2752K)->2664K(2752K)
[91.813s][info][gc             ] GC(274) Pause Young (Allocation Failure) 495M->414M(686M) 69.086ms
[91.813s][info][gc,cpu         ] GC(274) User=0.14s Sys=0.00s Real=0.07s
[91.915s][info][gc,start       ] GC(275) Pause Young (Allocation Failure)
[91.947s][info][gc,heap        ] GC(275) PSYoungGen: 139264K(222720K)->3200K(222720K) Eden: 111616K(111616K)->0K(111616K) From: 27648K(111104K)->3200K(111104K)
[91.947s][info][gc,heap        ] GC(275) ParOldGen: 396290K(480256K)->424024K(480256K)
[91.947s][info][gc,metaspace   ] GC(275) Metaspace: 18179K(18368K)->18179K(18368K) NonClass: 15515K(15616K)->15515K(15616K) Class: 2664K(2752K)->2664K(2752K)
[91.947s][info][gc             ] GC(275) Pause Young (Allocation Failure) 523M->417M(686M) 32.096ms
[91.947s][info][gc,cpu         ] GC(275) User=0.06s Sys=0.00s Real=0.04s
[92.055s][info][gc,start       ] GC(276) Pause Young (Allocation Failure)
[92.061s][info][gc,heap        ] GC(276) PSYoungGen: 114816K(222720K)->1280K(222720K) Eden: 111616K(111616K)->0K(111616K) From: 3200K(111104K)->1280K(111104K)
[92.061s][info][gc,heap        ] GC(276) ParOldGen: 424024K(480256K)->427208K(480256K)
[92.061s][info][gc,metaspace   ] GC(276) Metaspace: 18179K(18368K)->18179K(18368K) NonClass: 15515K(15616K)->15515K(15616K) Class: 2664K(2752K)->2664K(2752K)
[92.061s][info][gc             ] GC(276) Pause Young (Allocation Failure) 526M->418M(686M) 6.513ms
[92.061s][info][gc,cpu         ] GC(276) User=0.01s Sys=0.00s Real=0.01s
[92.260s][info][gc,start       ] GC(277) Pause Young (Allocation Failure)
[92.265s][info][gc,heap        ] GC(277) PSYoungGen: 112896K(222720K)->1088K(222720K) Eden: 111616K(111616K)->0K(111616K) From: 1280K(111104K)->1088K(111104K)
[92.265s][info][gc,heap        ] GC(277) ParOldGen: 427208K(480256K)->428280K(480256K)
[92.265s][info][gc,metaspace   ] GC(277) Metaspace: 18180K(18368K)->18180K(18368K) NonClass: 15516K(15616K)->15516K(15616K) Class: 2664K(2752K)->2664K(2752K)
[92.265s][info][gc             ] GC(277) Pause Young (Allocation Failure) 527M->419M(686M) 4.599ms
[92.265s][info][gc,cpu         ] GC(277) User=0.01s Sys=0.00s Real=0.00s
[92.477s][info][gc,start       ] GC(278) Pause Young (Allocation Failure)
[92.481s][info][gc,heap        ] GC(278) PSYoungGen: 112704K(222720K)->64K(222720K) Eden: 111616K(111616K)->0K(111616K) From: 1088K(111104K)->64K(111104K)
[92.481s][info][gc,heap        ] GC(278) ParOldGen: 428280K(480256K)->429344K(480256K)
[92.481s][info][gc,metaspace   ] GC(278) Metaspace: 18180K(18368K)->18180K(18368K) NonClass: 15516K(15616K)->15516K(15616K) Class: 2664K(2752K)->2664K(2752K)
[92.481s][info][gc             ] GC(278) Pause Young (Allocation Failure) 528M->419M(686M) 3.560ms
[92.481s][info][gc,cpu         ] GC(278) User=0.01s Sys=0.00s Real=0.01s
[92.619s][info][gc,start       ] GC(279) Pause Young (Allocation Failure)
[92.660s][info][gc,heap        ] GC(279) PSYoungGen: 111680K(222720K)->44480K(220672K) Eden: 111616K(111616K)->0K(111616K) From: 64K(111104K)->44480K(109056K)
[92.660s][info][gc,heap        ] GC(279) ParOldGen: 429344K(480256K)->429384K(480256K)
[92.661s][info][gc,metaspace   ] GC(279) Metaspace: 18180K(18368K)->18180K(18368K) NonClass: 15516K(15616K)->15516K(15616K) Class: 2664K(2752K)->2664K(2752K)
[92.661s][info][gc             ] GC(279) Pause Young (Allocation Failure) 528M->462M(684M) 41.173ms
[92.661s][info][gc,cpu         ] GC(279) User=0.08s Sys=0.00s Real=0.04s
[92.834s][info][gc,start       ] GC(280) Pause Young (Allocation Failure)
[92.904s][info][gc,heap        ] GC(280) PSYoungGen: 156096K(220672K)->76104K(221696K) Eden: 111616K(111616K)->0K(111616K) From: 44480K(109056K)->76104K(110080K)
[92.904s][info][gc,heap        ] GC(280) ParOldGen: 429384K(480256K)->429384K(480256K)
[92.904s][info][gc,metaspace   ] GC(280) Metaspace: 18180K(18368K)->18180K(18368K) NonClass: 15516K(15616K)->15516K(15616K) Class: 2664K(2752K)->2664K(2752K)
[92.904s][info][gc             ] GC(280) Pause Young (Allocation Failure) 571M->493M(685M) 69.781ms
[92.904s][info][gc,cpu         ] GC(280) User=0.14s Sys=0.00s Real=0.07s
[93.004s][info][gc,start       ] GC(281) Pause Young (Allocation Failure)
[93.084s][info][gc,heap        ] GC(281) PSYoungGen: 187720K(221696K)->320K(222720K) Eden: 111616K(111616K)->0K(111616K) From: 76104K(110080K)->320K(111104K)
[93.084s][info][gc,heap        ] GC(281) ParOldGen: 429384K(480256K)->505787K(505856K)
[93.084s][info][gc,metaspace   ] GC(281) Metaspace: 18180K(18368K)->18180K(18368K) NonClass: 15516K(15616K)->15516K(15616K) Class: 2664K(2752K)->2664K(2752K)
[93.084s][info][gc             ] GC(281) Pause Young (Allocation Failure) 602M->494M(711M) 80.196ms
[93.084s][info][gc,cpu         ] GC(281) User=0.13s Sys=0.03s Real=0.08s
[93.180s][info][gc,start       ] GC(282) Pause Young (Allocation Failure)
[93.211s][info][gc,heap        ] GC(282) PSYoungGen: 111936K(222720K)->31616K(143360K) Eden: 111616K(111616K)->0K(111616K) From: 320K(111104K)->31616K(31744K)
[93.211s][info][gc,heap        ] GC(282) ParOldGen: 505787K(505856K)->506075K(506368K)
[93.211s][info][gc,metaspace   ] GC(282) Metaspace: 18183K(18368K)->18183K(18368K) NonClass: 15518K(15616K)->15518K(15616K) Class: 2664K(2752K)->2664K(2752K)
[93.211s][info][gc             ] GC(282) Pause Young (Allocation Failure) 603M->525M(634M) 30.908ms
[93.211s][info][gc,cpu         ] GC(282) User=0.06s Sys=0.00s Real=0.03s
[93.268s][info][gc,start       ] GC(283) Pause Young (Allocation Failure)
[93.364s][info][gc,heap        ] GC(283) PSYoungGen: 143232K(143360K)->55072K(218112K) Eden: 111616K(111616K)->0K(110080K) From: 31616K(31744K)->55072K(108032K)
[93.364s][info][gc,heap        ] GC(283) ParOldGen: 506075K(506368K)->537787K(538112K)
[93.364s][info][gc,metaspace   ] GC(283) Metaspace: 18183K(18368K)->18183K(18368K) NonClass: 15518K(15616K)->15518K(15616K) Class: 2664K(2752K)->2664K(2752K)
[93.364s][info][gc             ] GC(283) Pause Young (Allocation Failure) 634M->578M(738M) 95.863ms
[93.364s][info][gc,cpu         ] GC(283) User=0.16s Sys=0.02s Real=0.09s
[93.541s][info][gc,start       ] GC(284) Pause Young (Allocation Failure)
[93.627s][info][gc,heap        ] GC(284) PSYoungGen: 165152K(218112K)->7400K(219648K) Eden: 110080K(110080K)->0K(110080K) From: 55072K(108032K)->7400K(109568K)
[93.627s][info][gc,heap        ] GC(284) ParOldGen: 537787K(538112K)->593043K(593408K)
[93.627s][info][gc,metaspace   ] GC(284) Metaspace: 18183K(18368K)->18183K(18368K) NonClass: 15519K(15616K)->15519K(15616K) Class: 2664K(2752K)->2664K(2752K)
[93.627s][info][gc             ] GC(284) Pause Young (Allocation Failure) 686M->586M(794M) 85.958ms
[93.627s][info][gc,cpu         ] GC(284) User=0.13s Sys=0.05s Real=0.08s
[93.755s][info][gc,start       ] GC(285) Pause Full (Allocation Failure)
[93.755s][info][gc,phases,start] GC(285) Marking Phase
[93.817s][info][gc,phases      ] GC(285) Marking Phase 61.833ms
[93.817s][info][gc,phases,start] GC(285) Summary Phase
[93.817s][info][gc,phases      ] GC(285) Summary Phase 0.025ms
[93.817s][info][gc,phases,start] GC(285) Forward
[93.838s][info][gc,phases      ] GC(285) Forward 20.761ms
[93.838s][info][gc,phases,start] GC(285) Adjust Pointers
[93.883s][info][gc,phases      ] GC(285) Adjust Pointers 45.002ms
[93.883s][info][gc,phases,start] GC(285) Compaction Phase
[93.908s][info][gc,phases      ] GC(285) Compaction Phase 24.784ms
[93.911s][info][gc,phases,start] GC(285) Post Compact
[93.913s][info][gc,phases      ] GC(285) Post Compact 2.177ms
[93.927s][info][gc,heap        ] GC(285) PSYoungGen: 117480K(219648K)->0K(222720K) Eden: 110080K(110080K)->0K(116224K) From: 7400K(109568K)->0K(106496K)
[93.927s][info][gc,heap        ] GC(285) ParOldGen: 593043K(593408K)->101346K(411648K)
[93.927s][info][gc,metaspace   ] GC(285) Metaspace: 18183K(18368K)->18183K(18368K) NonClass: 15519K(15616K)->15519K(15616K) Class: 2664K(2752K)->2664K(2752K)
[93.927s][info][gc             ] GC(285) Pause Full (Allocation Failure) 693M->98M(619M) 171.878ms
[93.927s][info][gc,cpu         ] GC(285) User=0.28s Sys=0.01s Real=0.17s
[94.043s][info][gc,start       ] GC(286) Pause Young (Allocation Failure)
[94.074s][info][gc,heap        ] GC(286) PSYoungGen: 116224K(222720K)->32672K(148992K) Eden: 116224K(116224K)->0K(116224K) From: 0K(106496K)->32672K(32768K)
[94.074s][info][gc,heap        ] GC(286) ParOldGen: 101346K(411648K)->101346K(411648K)
[94.074s][info][gc,metaspace   ] GC(286) Metaspace: 18183K(18368K)->18183K(18368K) NonClass: 15519K(15616K)->15519K(15616K) Class: 2664K(2752K)->2664K(2752K)
[94.074s][info][gc             ] GC(286) Pause Young (Allocation Failure) 212M->130M(547M) 31.360ms
[94.074s][info][gc,cpu         ] GC(286) User=0.07s Sys=0.00s Real=0.03s
[94.151s][info][gc,start       ] GC(287) Pause Young (Allocation Failure)
[94.224s][info][gc,heap        ] GC(287) PSYoungGen: 148896K(148992K)->55008K(218112K) Eden: 116224K(116224K)->0K(118784K) From: 32672K(32768K)->55008K(99328K)
[94.224s][info][gc,heap        ] GC(287) ParOldGen: 101346K(411648K)->134090K(411648K)
[94.224s][info][gc,metaspace   ] GC(287) Metaspace: 18185K(18368K)->18185K(18368K) NonClass: 15520K(15616K)->15520K(15616K) Class: 2664K(2752K)->2664K(2752K)
[94.224s][info][gc             ] GC(287) Pause Young (Allocation Failure) 244M->184M(615M) 73.068ms
[94.224s][info][gc,cpu         ] GC(287) User=0.14s Sys=0.00s Real=0.07s
[94.286s][info][gc,start       ] GC(288) Pause Young (Allocation Failure)
[94.361s][info][gc,heap        ] GC(288) PSYoungGen: 173792K(218112K)->49088K(220160K) Eden: 118784K(118784K)->0K(118784K) From: 55008K(99328K)->49088K(101376K)
[94.361s][info][gc,heap        ] GC(288) ParOldGen: 134090K(411648K)->189522K(411648K)
[94.361s][info][gc,metaspace   ] GC(288) Metaspace: 18185K(18368K)->18185K(18368K) NonClass: 15520K(15616K)->15520K(15616K) Class: 2664K(2752K)->2664K(2752K)
[94.361s][info][gc             ] GC(288) Pause Young (Allocation Failure) 300M->233M(617M) 74.862ms
[94.361s][info][gc,cpu         ] GC(288) User=0.15s Sys=0.00s Real=0.08s
[94.468s][info][gc,start       ] GC(289) Pause Young (Allocation Failure)
[94.547s][info][gc,heap        ] GC(289) PSYoungGen: 167872K(220160K)->48480K(228352K) Eden: 118784K(118784K)->0K(132096K) From: 49088K(101376K)->48480K(96256K)
[94.547s][info][gc,heap        ] GC(289) ParOldGen: 189522K(411648K)->239178K(411648K)
[94.547s][info][gc,metaspace   ] GC(289) Metaspace: 18185K(18368K)->18185K(18368K) NonClass: 15521K(15616K)->15521K(15616K) Class: 2664K(2752K)->2664K(2752K)
[94.547s][info][gc             ] GC(289) Pause Young (Allocation Failure) 349M->280M(625M) 78.232ms
[94.547s][info][gc,cpu         ] GC(289) User=0.16s Sys=0.00s Real=0.07s
[94.755s][info][gc,start       ] GC(290) Pause Young (Allocation Failure)
[94.797s][info][gc,heap        ] GC(290) PSYoungGen: 180576K(228352K)->6720K(230912K) Eden: 132096K(132096K)->0K(132096K) From: 48480K(96256K)->6720K(98816K)
[94.797s][info][gc,heap        ] GC(290) ParOldGen: 239178K(411648K)->288122K(411648K)
[94.797s][info][gc,metaspace   ] GC(290) Metaspace: 18190K(18368K)->18190K(18368K) NonClass: 15526K(15616K)->15526K(15616K) Class: 2664K(2752K)->2664K(2752K)
[94.797s][info][gc             ] GC(290) Pause Young (Allocation Failure) 409M->287M(627M) 41.929ms
[94.797s][info][gc,cpu         ] GC(290) User=0.09s Sys=0.00s Real=0.05s
[94.893s][info][gc,start       ] GC(291) Pause Young (Allocation Failure)
[94.925s][info][gc,heap        ] GC(291) PSYoungGen: 138816K(230912K)->7905K(229888K) Eden: 132096K(132096K)->0K(137216K) From: 6720K(98816K)->7905K(92672K)
[94.925s][info][gc,heap        ] GC(291) ParOldGen: 288122K(411648K)->294810K(411648K)
[94.925s][info][gc,metaspace   ] GC(291) Metaspace: 18191K(18368K)->18191K(18368K) NonClass: 15527K(15616K)->15527K(15616K) Class: 2664K(2752K)->2664K(2752K)
[94.925s][info][gc             ] GC(291) Pause Young (Allocation Failure) 416M->295M(626M) 31.612ms
[94.925s][info][gc,cpu         ] GC(291) User=0.06s Sys=0.00s Real=0.03s
[95.089s][info][gc,start       ] GC(292) Pause Young (Allocation Failure)
[95.158s][info][gc,heap        ] GC(292) PSYoungGen: 145121K(229888K)->39393K(232960K) Eden: 137216K(137216K)->0K(137216K) From: 7905K(92672K)->39393K(95744K)
[95.158s][info][gc,heap        ] GC(292) ParOldGen: 294810K(411648K)->302439K(411648K)
[95.158s][info][gc,metaspace   ] GC(292) Metaspace: 18191K(18368K)->18191K(18368K) NonClass: 15527K(15616K)->15527K(15616K) Class: 2664K(2752K)->2664K(2752K)
[95.158s][info][gc             ] GC(292) Pause Young (Allocation Failure) 429M->333M(629M) 68.979ms
[95.158s][info][gc,cpu         ] GC(292) User=0.13s Sys=0.00s Real=0.07s
[95.266s][info][gc,start       ] GC(293) Pause Young (Allocation Failure)
[95.351s][info][gc,heap        ] GC(293) PSYoungGen: 176609K(232960K)->33536K(228352K) Eden: 137216K(137216K)->0K(145920K) From: 39393K(95744K)->33536K(82432K)
[95.351s][info][gc,heap        ] GC(293) ParOldGen: 302439K(411648K)->341869K(411648K)
[95.351s][info][gc,metaspace   ] GC(293) Metaspace: 18191K(18368K)->18191K(18368K) NonClass: 15527K(15616K)->15527K(15616K) Class: 2664K(2752K)->2664K(2752K)
[95.351s][info][gc             ] GC(293) Pause Young (Allocation Failure) 467M->366M(625M) 84.692ms
[95.351s][info][gc,cpu         ] GC(293) User=0.17s Sys=0.00s Real=0.09s
[95.447s][info][gc,start       ] GC(294) Pause Young (Allocation Failure)
[95.498s][info][gc,heap        ] GC(294) PSYoungGen: 179456K(228352K)->16480K(232960K) Eden: 145920K(145920K)->0K(145920K) From: 33536K(82432K)->16480K(87040K)
[95.498s][info][gc,heap        ] GC(294) ParOldGen: 341869K(411648K)->375469K(411648K)
[95.498s][info][gc,metaspace   ] GC(294) Metaspace: 18191K(18368K)->18191K(18368K) NonClass: 15527K(15616K)->15527K(15616K) Class: 2664K(2752K)->2664K(2752K)
[95.498s][info][gc             ] GC(294) Pause Young (Allocation Failure) 509M->382M(629M) 51.422ms
[95.498s][info][gc,cpu         ] GC(294) User=0.10s Sys=0.01s Real=0.06s
[95.581s][info][gc,start       ] GC(295) Pause Young (Allocation Failure)
[95.606s][info][gc,heap        ] GC(295) PSYoungGen: 162400K(232960K)->4352K(243200K) Eden: 145920K(145920K)->0K(162816K) From: 16480K(87040K)->4352K(80384K)
[95.606s][info][gc,heap        ] GC(295) ParOldGen: 375469K(411648K)->391973K(411648K)
[95.606s][info][gc,metaspace   ] GC(295) Metaspace: 18191K(18368K)->18191K(18368K) NonClass: 15527K(15616K)->15527K(15616K) Class: 2664K(2752K)->2664K(2752K)
[95.606s][info][gc             ] GC(295) Pause Young (Allocation Failure) 525M->387M(639M) 25.223ms
[95.606s][info][gc,cpu         ] GC(295) User=0.05s Sys=0.00s Real=0.02s
[95.725s][info][gc,start       ] GC(296) Pause Young (Allocation Failure)
[95.743s][info][gc,heap        ] GC(296) PSYoungGen: 167168K(243200K)->3904K(245760K) Eden: 162816K(162816K)->0K(162816K) From: 4352K(80384K)->3904K(82944K)
[95.743s][info][gc,heap        ] GC(296) ParOldGen: 391973K(411648K)->396325K(411648K)
[95.743s][info][gc,metaspace   ] GC(296) Metaspace: 18197K(18368K)->18197K(18368K) NonClass: 15533K(15616K)->15533K(15616K) Class: 2664K(2752K)->2664K(2752K)
[95.743s][info][gc             ] GC(296) Pause Young (Allocation Failure) 546M->390M(642M) 17.698ms
[95.743s][info][gc,cpu         ] GC(296) User=0.03s Sys=0.00s Real=0.02s
[95.860s][info][gc,start       ] GC(297) Pause Young (Allocation Failure)
[95.872s][info][gc,heap        ] GC(297) PSYoungGen: 166720K(245760K)->3168K(245760K) Eden: 162816K(162816K)->0K(168960K) From: 3904K(82944K)->3168K(76800K)
[95.872s][info][gc,heap        ] GC(297) ParOldGen: 396325K(411648K)->400189K(411648K)
[95.872s][info][gc,metaspace   ] GC(297) Metaspace: 18197K(18368K)->18197K(18368K) NonClass: 15533K(15616K)->15533K(15616K) Class: 2664K(2752K)->2664K(2752K)
[95.872s][info][gc             ] GC(297) Pause Young (Allocation Failure) 549M->393M(642M) 11.764ms
[95.872s][info][gc,cpu         ] GC(297) User=0.03s Sys=0.00s Real=0.01s
[96.076s][info][gc,start       ] GC(298) Pause Young (Allocation Failure)
[96.111s][info][gc,heap        ] GC(298) PSYoungGen: 172128K(245760K)->28416K(248832K) Eden: 168960K(168960K)->0K(168960K) From: 3168K(76800K)->28416K(79872K)
[96.111s][info][gc,heap        ] GC(298) ParOldGen: 400189K(411648K)->403349K(411648K)
[96.111s][info][gc,metaspace   ] GC(298) Metaspace: 18202K(18368K)->18202K(18368K) NonClass: 15538K(15616K)->15538K(15616K) Class: 2664K(2752K)->2664K(2752K)
[96.111s][info][gc             ] GC(298) Pause Young (Allocation Failure) 558M->421M(645M) 35.527ms
[96.111s][info][gc,cpu         ] GC(298) User=0.07s Sys=0.00s Real=0.04s
[96.602s][info][gc,start       ] GC(299) Pause Young (Allocation Failure)
[96.656s][info][gc,heap        ] GC(299) PSYoungGen: 197376K(248832K)->14304K(247296K) Eden: 168960K(168960K)->0K(177664K) From: 28416K(79872K)->14304K(69632K)
[96.656s][info][gc,heap        ] GC(299) ParOldGen: 403349K(411648K)->431786K(432128K)
[96.656s][info][gc,metaspace   ] GC(299) Metaspace: 18208K(18368K)->18208K(18368K) NonClass: 15544K(15616K)->15544K(15616K) Class: 2664K(2752K)->2664K(2752K)
[96.656s][info][gc             ] GC(299) Pause Young (Allocation Failure) 586M->435M(663M) 54.289ms
[96.656s][info][gc,cpu         ] GC(299) User=0.09s Sys=0.01s Real=0.05s
[97.120s][info][gc,start       ] GC(300) Pause Young (Allocation Failure)
[97.135s][info][gc,heap        ] GC(300) PSYoungGen: 191968K(247296K)->14464K(250368K) Eden: 177664K(177664K)->0K(177664K) From: 14304K(69632K)->14464K(72704K)
[97.136s][info][gc,heap        ] GC(300) ParOldGen: 431786K(432128K)->431794K(432128K)
[97.136s][info][gc,metaspace   ] GC(300) Metaspace: 18221K(18368K)->18221K(18368K) NonClass: 15556K(15616K)->15556K(15616K) Class: 2664K(2752K)->2664K(2752K)
[97.136s][info][gc             ] GC(300) Pause Young (Allocation Failure) 609M->435M(666M) 15.477ms
[97.136s][info][gc,cpu         ] GC(300) User=0.03s Sys=0.00s Real=0.01s
[97.517s][info][gc,start       ] GC(301) Pause Young (Allocation Failure)
[97.535s][info][gc,heap        ] GC(301) PSYoungGen: 192128K(250368K)->14496K(252416K) Eden: 177664K(177664K)->0K(190976K) From: 14464K(72704K)->14496K(61440K)
[97.535s][info][gc,heap        ] GC(301) ParOldGen: 431794K(432128K)->431794K(432128K)
[97.535s][info][gc,metaspace   ] GC(301) Metaspace: 18221K(18368K)->18221K(18368K) NonClass: 15556K(15616K)->15556K(15616K) Class: 2664K(2752K)->2664K(2752K)
[97.535s][info][gc             ] GC(301) Pause Young (Allocation Failure) 609M->435M(668M) 18.219ms
[97.535s][info][gc,cpu         ] GC(301) User=0.04s Sys=0.00s Real=0.02s
[97.949s][info][gc,start       ] GC(302) Pause Young (Allocation Failure)
[97.980s][info][gc,heap        ] GC(302) PSYoungGen: 205472K(252416K)->14560K(256512K) Eden: 190976K(190976K)->0K(190976K) From: 14496K(61440K)->14560K(65536K)
[97.980s][info][gc,heap        ] GC(302) ParOldGen: 431794K(432128K)->431794K(432128K)
[97.980s][info][gc,metaspace   ] GC(302) Metaspace: 18224K(18368K)->18224K(18368K) NonClass: 15560K(15616K)->15560K(15616K) Class: 2664K(2752K)->2664K(2752K)
[97.980s][info][gc             ] GC(302) Pause Young (Allocation Failure) 622M->435M(672M) 31.074ms
[97.980s][info][gc,cpu         ] GC(302) User=0.06s Sys=0.00s Real=0.03s
[98.277s][info][gc,start       ] GC(303) Pause Young (Allocation Failure)
[98.317s][info][gc,heap        ] GC(303) PSYoungGen: 205536K(256512K)->46758K(260096K) Eden: 190976K(190976K)->0K(197632K) From: 14560K(65536K)->46758K(62464K)
[98.317s][info][gc,heap        ] GC(303) ParOldGen: 431794K(432128K)->431794K(432128K)
[98.317s][info][gc,metaspace   ] GC(303) Metaspace: 18228K(18368K)->18228K(18368K) NonClass: 15564K(15616K)->15564K(15616K) Class: 2664K(2752K)->2664K(2752K)
[98.317s][info][gc             ] GC(303) Pause Young (Allocation Failure) 622M->467M(676M) 39.794ms
[98.317s][info][gc,cpu         ] GC(303) User=0.08s Sys=0.00s Real=0.03s
[98.467s][info][gc,start       ] GC(304) Pause Young (Allocation Failure)
[98.568s][info][gc,heap        ] GC(304) PSYoungGen: 244390K(260096K)->68070K(265728K) Eden: 197632K(197632K)->0K(197632K) From: 46758K(62464K)->68070K(68096K)
[98.568s][info][gc,heap        ] GC(304) ParOldGen: 431794K(432128K)->468838K(468992K)
[98.568s][info][gc,metaspace   ] GC(304) Metaspace: 18229K(18432K)->18229K(18432K) NonClass: 15565K(15680K)->15565K(15680K) Class: 2664K(2752K)->2664K(2752K)
[98.568s][info][gc             ] GC(304) Pause Young (Allocation Failure) 660M->524M(717M) 101.340ms
[98.568s][info][gc,cpu         ] GC(304) User=0.17s Sys=0.03s Real=0.11s
[98.697s][info][gc,start       ] GC(305) Pause Young (Allocation Failure)
[98.811s][info][gc,heap        ] GC(305) PSYoungGen: 265702K(265728K)->68086K(179712K) Eden: 197632K(197632K)->0K(111616K) From: 68070K(68096K)->68086K(68096K)
[98.811s][info][gc,heap        ] GC(305) ParOldGen: 468838K(468992K)->503892K(504320K)
[98.811s][info][gc,metaspace   ] GC(305) Metaspace: 18229K(18432K)->18229K(18432K) NonClass: 15565K(15680K)->15565K(15680K) Class: 2664K(2752K)->2664K(2752K)
[98.811s][info][gc             ] GC(305) Pause Young (Allocation Failure) 717M->558M(668M) 113.451ms
[98.811s][info][gc,cpu         ] GC(305) User=0.18s Sys=0.04s Real=0.11s
[98.905s][info][gc,start       ] GC(306) Pause Young (Allocation Failure)
[98.977s][info][gc,heap        ] GC(306) PSYoungGen: 179702K(179712K)->73468K(222720K) Eden: 111616K(111616K)->0K(111616K) From: 68086K(68096K)->73468K(111104K)
[98.977s][info][gc,heap        ] GC(306) ParOldGen: 503892K(504320K)->503972K(504320K)
[98.977s][info][gc,metaspace   ] GC(306) Metaspace: 18232K(18432K)->18232K(18432K) NonClass: 15568K(15680K)->15568K(15680K) Class: 2664K(2752K)->2664K(2752K)
[98.977s][info][gc             ] GC(306) Pause Young (Allocation Failure) 667M->563M(710M) 72.093ms
[98.977s][info][gc,cpu         ] GC(306) User=0.14s Sys=0.00s Real=0.07s
[99.048s][info][gc,start       ] GC(307) Pause Young (Allocation Failure)
[99.168s][info][gc,heap        ] GC(307) PSYoungGen: 185084K(222720K)->32796K(222720K) Eden: 111616K(111616K)->0K(111616K) From: 73468K(111104K)->32796K(111104K)
[99.168s][info][gc,heap        ] GC(307) ParOldGen: 503972K(504320K)->557921K(558080K)
[99.168s][info][gc,metaspace   ] GC(307) Metaspace: 18232K(18432K)->18232K(18432K) NonClass: 15568K(15680K)->15568K(15680K) Class: 2664K(2752K)->2664K(2752K)
[99.168s][info][gc             ] GC(307) Pause Young (Allocation Failure) 672M->576M(762M) 120.251ms
[99.168s][info][gc,cpu         ] GC(307) User=0.20s Sys=0.04s Real=0.12s
[99.295s][info][gc,start       ] GC(308) Pause Young (Allocation Failure)
[99.375s][info][gc,heap        ] GC(308) PSYoungGen: 144412K(222720K)->34976K(146944K) Eden: 111616K(111616K)->0K(111616K) From: 32796K(111104K)->34976K(35328K)
[99.375s][info][gc,heap        ] GC(308) ParOldGen: 557921K(558080K)->577692K(578048K)
[99.375s][info][gc,metaspace   ] GC(308) Metaspace: 18232K(18432K)->18232K(18432K) NonClass: 15568K(15680K)->15568K(15680K) Class: 2664K(2752K)->2664K(2752K)
[99.375s][info][gc             ] GC(308) Pause Young (Allocation Failure) 685M->598M(708M) 80.428ms
[99.375s][info][gc,cpu         ] GC(308) User=0.14s Sys=0.02s Real=0.08s
[99.463s][info][gc,start       ] GC(309) Pause Young (Allocation Failure)
[99.547s][info][gc,heap        ] GC(309) PSYoungGen: 146592K(146944K)->22432K(222208K) Eden: 111616K(111616K)->0K(115200K) From: 34976K(35328K)->22432K(107008K)
[99.547s][info][gc,heap        ] GC(309) ParOldGen: 577692K(578048K)->612732K(612864K)
[99.547s][info][gc,metaspace   ] GC(309) Metaspace: 18232K(18432K)->18232K(18432K) NonClass: 15568K(15680K)->15568K(15680K) Class: 2664K(2752K)->2664K(2752K)
[99.547s][info][gc             ] GC(309) Pause Young (Allocation Failure) 707M->620M(815M) 84.544ms
[99.547s][info][gc,cpu         ] GC(309) User=0.14s Sys=0.03s Real=0.08s
[99.635s][info][gc,start       ] GC(310) Pause Full (Allocation Failure)
[99.635s][info][gc,phases,start] GC(310) Marking Phase
[99.887s][info][gc,phases      ] GC(310) Marking Phase 251.537ms
[99.887s][info][gc,phases,start] GC(310) Summary Phase
[99.887s][info][gc,phases      ] GC(310) Summary Phase 0.026ms
[99.887s][info][gc,phases,start] GC(310) Forward
[99.988s][info][gc,phases      ] GC(310) Forward 101.457ms
[99.989s][info][gc,phases,start] GC(310) Adjust Pointers
[100.187s][info][gc,phases      ] GC(310) Adjust Pointers 198.809ms
[100.187s][info][gc,phases,start] GC(310) Compaction Phase
[100.303s][info][gc,phases      ] GC(310) Compaction Phase 115.698ms
[100.312s][info][gc,phases,start] GC(310) Post Compact
[100.314s][info][gc,phases      ] GC(310) Post Compact 2.206ms
[100.314s][info][gc,heap        ] GC(310) PSYoungGen: 137632K(222208K)->0K(218624K) Eden: 115200K(115200K)->0K(115200K) From: 22432K(107008K)->0K(103424K)
[100.314s][info][gc,heap        ] GC(310) ParOldGen: 612732K(612864K)->369329K(667648K)
[100.314s][info][gc,metaspace   ] GC(310) Metaspace: 18242K(18432K)->18242K(18432K) NonClass: 15578K(15680K)->15578K(15680K) Class: 2664K(2752K)->2664K(2752K)
[100.314s][info][gc             ] GC(310) Pause Full (Allocation Failure) 732M->360M(865M) 678.951ms
[100.314s][info][gc,cpu         ] GC(310) User=1.26s Sys=0.00s Real=0.68s
[100.377s][info][gc,start       ] GC(311) Pause Young (Allocation Failure)
[100.386s][info][gc,heap        ] GC(311) PSYoungGen: 115200K(218624K)->5248K(227328K) Eden: 115200K(115200K)->0K(123904K) From: 0K(103424K)->5248K(103424K)
[100.386s][info][gc,heap        ] GC(311) ParOldGen: 369329K(667648K)->369329K(667648K)
[100.386s][info][gc,metaspace   ] GC(311) Metaspace: 18243K(18432K)->18243K(18432K) NonClass: 15579K(15680K)->15579K(15680K) Class: 2664K(2752K)->2664K(2752K)
[100.386s][info][gc             ] GC(311) Pause Young (Allocation Failure) 473M->365M(874M) 9.553ms
[100.386s][info][gc,cpu         ] GC(311) User=0.02s Sys=0.00s Real=0.01s
[100.476s][info][gc,start       ] GC(312) Pause Young (Allocation Failure)
[100.494s][info][gc,heap        ] GC(312) PSYoungGen: 129152K(227328K)->8256K(226816K) Eden: 123904K(123904K)->0K(123904K) From: 5248K(103424K)->8256K(102912K)
[100.494s][info][gc,heap        ] GC(312) ParOldGen: 369329K(667648K)->374569K(667648K)
[100.494s][info][gc,metaspace   ] GC(312) Metaspace: 18243K(18432K)->18243K(18432K) NonClass: 15579K(15680K)->15579K(15680K) Class: 2664K(2752K)->2664K(2752K)
[100.494s][info][gc             ] GC(312) Pause Young (Allocation Failure) 486M->373M(873M) 18.312ms
[100.494s][info][gc,cpu         ] GC(312) User=0.04s Sys=0.00s Real=0.02s
[100.632s][info][gc,start       ] GC(313) Pause Young (Allocation Failure)
[100.649s][info][gc,heap        ] GC(313) PSYoungGen: 132160K(226816K)->3392K(228864K) Eden: 123904K(123904K)->0K(129536K) From: 8256K(102912K)->3392K(99328K)
[100.649s][info][gc,heap        ] GC(313) ParOldGen: 374569K(667648K)->382801K(667648K)
[100.649s][info][gc,metaspace   ] GC(313) Metaspace: 18247K(18432K)->18247K(18432K) NonClass: 15583K(15680K)->15583K(15680K) Class: 2664K(2752K)->2664K(2752K)
[100.649s][info][gc             ] GC(313) Pause Young (Allocation Failure) 494M->377M(875M) 17.023ms
[100.649s][info][gc,cpu         ] GC(313) User=0.03s Sys=0.00s Real=0.02s
[100.798s][info][gc,start       ] GC(314) Pause Young (Allocation Failure)
[100.811s][info][gc,heap        ] GC(314) PSYoungGen: 132928K(228864K)->7488K(228352K) Eden: 129536K(129536K)->0K(129536K) From: 3392K(99328K)->7488K(98816K)
[100.811s][info][gc,heap        ] GC(314) ParOldGen: 382801K(667648K)->386169K(667648K)
[100.811s][info][gc,metaspace   ] GC(314) Metaspace: 18249K(18432K)->18249K(18432K) NonClass: 15585K(15680K)->15585K(15680K) Class: 2664K(2752K)->2664K(2752K)
[100.811s][info][gc             ] GC(314) Pause Young (Allocation Failure) 503M->384M(875M) 12.781ms
[100.811s][info][gc,cpu         ] GC(314) User=0.03s Sys=0.00s Real=0.01s
[100.945s][info][gc,start       ] GC(315) Pause Young (Allocation Failure)
[100.974s][info][gc,heap        ] GC(315) PSYoungGen: 137024K(228352K)->15104K(229376K) Eden: 129536K(129536K)->0K(139264K) From: 7488K(98816K)->15104K(90112K)
[100.974s][info][gc,heap        ] GC(315) ParOldGen: 386169K(667648K)->393643K(667648K)
[100.974s][info][gc,metaspace   ] GC(315) Metaspace: 18253K(18432K)->18253K(18432K) NonClass: 15589K(15680K)->15589K(15680K) Class: 2664K(2752K)->2664K(2752K)
[100.974s][info][gc             ] GC(315) Pause Young (Allocation Failure) 510M->399M(876M) 28.939ms
[100.974s][info][gc,cpu         ] GC(315) User=0.06s Sys=0.00s Real=0.03s
[101.166s][info][gc,start       ] GC(316) Pause Young (Allocation Failure)
[101.199s][info][gc,heap        ] GC(316) PSYoungGen: 154368K(229376K)->19216K(230400K) Eden: 139264K(139264K)->0K(139264K) From: 15104K(90112K)->19216K(91136K)
[101.199s][info][gc,heap        ] GC(316) ParOldGen: 393643K(667648K)->408721K(667648K)
[101.199s][info][gc,metaspace   ] GC(316) Metaspace: 18253K(18432K)->18253K(18432K) NonClass: 15589K(15680K)->15589K(15680K) Class: 2664K(2752K)->2664K(2752K)
[101.199s][info][gc             ] GC(316) Pause Young (Allocation Failure) 535M->417M(877M) 32.811ms
[101.199s][info][gc,cpu         ] GC(316) User=0.06s Sys=0.00s Real=0.04s
[101.419s][info][gc,start       ] GC(317) Pause Young (Allocation Failure)
[101.455s][info][gc,heap        ] GC(317) PSYoungGen: 158480K(230400K)->24368K(227328K) Eden: 139264K(139264K)->0K(153088K) From: 19216K(91136K)->24368K(74240K)
[101.455s][info][gc,heap        ] GC(317) ParOldGen: 408721K(667648K)->428022K(667648K)
[101.455s][info][gc,metaspace   ] GC(317) Metaspace: 18256K(18432K)->18256K(18432K) NonClass: 15592K(15680K)->15592K(15680K) Class: 2664K(2752K)->2664K(2752K)
[101.455s][info][gc             ] GC(317) Pause Young (Allocation Failure) 553M->441M(874M) 36.508ms
[101.455s][info][gc,cpu         ] GC(317) User=0.07s Sys=0.00s Real=0.03s
[101.566s][info][gc,start       ] GC(318) Pause Young (Allocation Failure)
[101.619s][info][gc,heap        ] GC(318) PSYoungGen: 177456K(227328K)->51488K(232960K) Eden: 153088K(153088K)->0K(153088K) From: 24368K(74240K)->51488K(79872K)
[101.619s][info][gc,heap        ] GC(318) ParOldGen: 428022K(667648K)->452646K(667648K)
[101.619s][info][gc,metaspace   ] GC(318) Metaspace: 18256K(18432K)->18256K(18432K) NonClass: 15592K(15680K)->15592K(15680K) Class: 2664K(2752K)->2664K(2752K)
[101.619s][info][gc             ] GC(318) Pause Young (Allocation Failure) 591M->492M(879M) 53.056ms
[101.619s][info][gc,cpu         ] GC(318) User=0.10s Sys=0.00s Real=0.06s
[101.875s][info][gc,start       ] GC(319) Pause Young (Allocation Failure)
[101.915s][info][gc,heap        ] GC(319) PSYoungGen: 204576K(232960K)->4128K(250880K) Eden: 153088K(153088K)->0K(166912K) From: 51488K(79872K)->4128K(83968K)
[101.915s][info][gc,heap        ] GC(319) ParOldGen: 452646K(667648K)->504734K(667648K)
[101.915s][info][gc,metaspace   ] GC(319) Metaspace: 18257K(18432K)->18257K(18432K) NonClass: 15593K(15680K)->15593K(15680K) Class: 2664K(2752K)->2664K(2752K)
[101.915s][info][gc             ] GC(319) Pause Young (Allocation Failure) 641M->496M(897M) 39.326ms
[101.915s][info][gc,cpu         ] GC(319) User=0.08s Sys=0.00s Real=0.04s
[102.132s][info][gc,start       ] GC(320) Pause Young (Allocation Failure)
[102.191s][info][gc,heap        ] GC(320) PSYoungGen: 171040K(250880K)->40447K(207360K) Eden: 166912K(166912K)->0K(166912K) From: 4128K(83968K)->40447K(40448K)
[102.191s][info][gc,heap        ] GC(320) ParOldGen: 504734K(667648K)->508830K(667648K)
[102.191s][info][gc,metaspace   ] GC(320) Metaspace: 18257K(18432K)->18257K(18432K) NonClass: 15593K(15680K)->15593K(15680K) Class: 2664K(2752K)->2664K(2752K)
[102.191s][info][gc             ] GC(320) Pause Young (Allocation Failure) 659M->536M(854M) 59.213ms
[102.191s][info][gc,cpu         ] GC(320) User=0.12s Sys=0.01s Real=0.06s
[102.366s][info][gc,start       ] GC(321) Pause Young (Allocation Failure)
[102.431s][info][gc,heap        ] GC(321) PSYoungGen: 207359K(207360K)->16128K(252928K) Eden: 166912K(166912K)->0K(170496K) From: 40447K(40448K)->16128K(82432K)
[102.431s][info][gc,heap        ] GC(321) ParOldGen: 508830K(667648K)->549301K(667648K)
[102.431s][info][gc,metaspace   ] GC(321) Metaspace: 18257K(18432K)->18257K(18432K) NonClass: 15593K(15680K)->15593K(15680K) Class: 2664K(2752K)->2664K(2752K)
[102.432s][info][gc             ] GC(321) Pause Young (Allocation Failure) 699M->552M(899M) 65.986ms
[102.432s][info][gc,cpu         ] GC(321) User=0.13s Sys=0.00s Real=0.07s
[102.600s][info][gc,start       ] GC(322) Pause Young (Allocation Failure)
[102.622s][info][gc,heap        ] GC(322) PSYoungGen: 186624K(252928K)->800K(249344K) Eden: 170496K(170496K)->0K(170496K) From: 16128K(82432K)->800K(78848K)
[102.622s][info][gc,heap        ] GC(322) ParOldGen: 549301K(667648K)->565469K(667648K)
[102.622s][info][gc,metaspace   ] GC(322) Metaspace: 18257K(18432K)->18257K(18432K) NonClass: 15593K(15680K)->15593K(15680K) Class: 2664K(2752K)->2664K(2752K)
[102.622s][info][gc             ] GC(322) Pause Young (Allocation Failure) 718M->552M(895M) 21.986ms
[102.622s][info][gc,cpu         ] GC(322) User=0.04s Sys=0.00s Real=0.02s
[102.827s][info][gc,start       ] GC(323) Pause Young (Allocation Failure)
[102.839s][info][gc,heap        ] GC(323) PSYoungGen: 171296K(249344K)->6624K(252416K) Eden: 170496K(170496K)->0K(175104K) From: 800K(78848K)->6624K(77312K)
[102.839s][info][gc,heap        ] GC(323) ParOldGen: 565469K(667648K)->566237K(667648K)
[102.839s][info][gc,metaspace   ] GC(323) Metaspace: 18258K(18432K)->18258K(18432K) NonClass: 15594K(15680K)->15594K(15680K) Class: 2664K(2752K)->2664K(2752K)
[102.839s][info][gc             ] GC(323) Pause Young (Allocation Failure) 719M->559M(898M) 11.895ms
[102.839s][info][gc,cpu         ] GC(323) User=0.02s Sys=0.00s Real=0.02s
[103.132s][info][gc,start       ] GC(324) Pause Young (Allocation Failure)
[103.174s][info][gc,heap        ] GC(324) PSYoungGen: 181728K(252416K)->30592K(250368K) Eden: 175104K(175104K)->0K(175104K) From: 6624K(77312K)->30592K(75264K)
[103.174s][info][gc,heap        ] GC(324) ParOldGen: 566237K(667648K)->566237K(667648K)
[103.174s][info][gc,metaspace   ] GC(324) Metaspace: 18258K(18432K)->18258K(18432K) NonClass: 15594K(15680K)->15594K(15680K) Class: 2664K(2752K)->2664K(2752K)
[103.175s][info][gc             ] GC(324) Pause Young (Allocation Failure) 730M->582M(896M) 42.363ms
[103.175s][info][gc,cpu         ] GC(324) User=0.09s Sys=0.00s Real=0.04s
[103.413s][info][gc,start       ] GC(325) Pause Young (Allocation Failure)
[103.485s][info][gc,heap        ] GC(325) PSYoungGen: 205696K(250368K)->73186K(229888K) Eden: 175104K(175104K)->0K(156672K) From: 30592K(75264K)->73186K(73216K)
[103.485s][info][gc,heap        ] GC(325) ParOldGen: 566237K(667648K)->571125K(667648K)
[103.485s][info][gc,metaspace   ] GC(325) Metaspace: 18258K(18432K)->18258K(18432K) NonClass: 15594K(15680K)->15594K(15680K) Class: 2664K(2752K)->2664K(2752K)
[103.485s][info][gc             ] GC(325) Pause Young (Allocation Failure) 753M->629M(876M) 72.161ms
[103.485s][info][gc,cpu         ] GC(325) User=0.14s Sys=0.00s Real=0.07s
[103.704s][info][gc,start       ] GC(326) Pause Young (Allocation Failure)
[103.787s][info][gc,heap        ] GC(326) PSYoungGen: 229858K(229888K)->74722K(231424K) Eden: 156672K(156672K)->0K(156672K) From: 73186K(73216K)->74722K(74752K)
[103.787s][info][gc,heap        ] GC(326) ParOldGen: 571125K(667648K)->601725K(667648K)
[103.787s][info][gc,metaspace   ] GC(326) Metaspace: 18258K(18432K)->18258K(18432K) NonClass: 15594K(15680K)->15594K(15680K) Class: 2664K(2752K)->2664K(2752K)
[103.787s][info][gc             ] GC(326) Pause Young (Allocation Failure) 782M->660M(878M) 82.402ms
[103.787s][info][gc,cpu         ] GC(326) User=0.17s Sys=0.00s Real=0.08s
[104.002s][info][gc,start       ] GC(327) Pause Young (Allocation Failure)
[104.107s][info][gc,heap        ] GC(327) PSYoungGen: 231394K(231424K)->60288K(226816K) Eden: 156672K(156672K)->0K(126976K) From: 74722K(74752K)->60288K(99840K)
[104.108s][info][gc,heap        ] GC(327) ParOldGen: 601725K(667648K)->644859K(667648K)
[104.108s][info][gc,metaspace   ] GC(327) Metaspace: 18260K(18432K)->18260K(18432K) NonClass: 15596K(15680K)->15596K(15680K) Class: 2664K(2752K)->2664K(2752K)
[104.108s][info][gc             ] GC(327) Pause Young (Allocation Failure) 813M->688M(873M) 105.869ms
[104.108s][info][gc,cpu         ] GC(327) User=0.19s Sys=0.03s Real=0.11s
[104.262s][info][gc,start       ] GC(328) Pause Full (Allocation Failure)
[104.262s][info][gc,phases,start] GC(328) Marking Phase
[104.634s][info][gc,phases      ] GC(328) Marking Phase 371.773ms
[104.634s][info][gc,phases,start] GC(328) Summary Phase
[104.634s][info][gc,phases      ] GC(328) Summary Phase 0.028ms
[104.634s][info][gc,phases,start] GC(328) Forward
[104.776s][info][gc,phases      ] GC(328) Forward 142.302ms
[104.776s][info][gc,phases,start] GC(328) Adjust Pointers
[105.056s][info][gc,phases      ] GC(328) Adjust Pointers 279.674ms
[105.056s][info][gc,phases,start] GC(328) Compaction Phase
[105.227s][info][gc,phases      ] GC(328) Compaction Phase 171.476ms
[105.238s][info][gc,phases,start] GC(328) Post Compact
[105.241s][info][gc,phases      ] GC(328) Post Compact 2.412ms
[105.241s][info][gc,heap        ] GC(328) PSYoungGen: 187264K(226816K)->0K(230400K) Eden: 126976K(126976K)->0K(126976K) From: 60288K(99840K)->0K(103424K)
[105.241s][info][gc,heap        ] GC(328) ParOldGen: 644859K(667648K)->515854K(667648K)
[105.241s][info][gc,metaspace   ] GC(328) Metaspace: 18260K(18432K)->18260K(18432K) NonClass: 15596K(15680K)->15596K(15680K) Class: 2664K(2752K)->2664K(2752K)
[105.241s][info][gc             ] GC(328) Pause Full (Allocation Failure) 812M->503M(877M) 978.760ms
[105.241s][info][gc,cpu         ] GC(328) User=1.84s Sys=0.00s Real=0.98s
[105.358s][info][gc,start       ] GC(329) Pause Young (Allocation Failure)
[105.367s][info][gc,heap        ] GC(329) PSYoungGen: 126976K(230400K)->4000K(227328K) Eden: 126976K(126976K)->0K(126976K) From: 0K(103424K)->4000K(100352K)
[105.367s][info][gc,heap        ] GC(329) ParOldGen: 515854K(667648K)->515854K(667648K)
[105.367s][info][gc,metaspace   ] GC(329) Metaspace: 18260K(18432K)->18260K(18432K) NonClass: 15596K(15680K)->15596K(15680K) Class: 2664K(2752K)->2664K(2752K)
[105.367s][info][gc             ] GC(329) Pause Young (Allocation Failure) 627M->507M(874M) 8.786ms
[105.367s][info][gc,cpu         ] GC(329) User=0.02s Sys=0.00s Real=0.01s
[105.498s][info][gc,start       ] GC(330) Pause Young (Allocation Failure)
[105.509s][info][gc,heap        ] GC(330) PSYoungGen: 130976K(227328K)->736K(228864K) Eden: 126976K(126976K)->0K(126976K) From: 4000K(100352K)->736K(101888K)
[105.509s][info][gc,heap        ] GC(330) ParOldGen: 515854K(667648K)->519822K(667648K)
[105.509s][info][gc,metaspace   ] GC(330) Metaspace: 18260K(18432K)->18260K(18432K) NonClass: 15596K(15680K)->15596K(15680K) Class: 2664K(2752K)->2664K(2752K)
[105.509s][info][gc             ] GC(330) Pause Young (Allocation Failure) 631M->508M(875M) 10.239ms
[105.509s][info][gc,cpu         ] GC(330) User=0.02s Sys=0.00s Real=0.01s
[105.639s][info][gc,start       ] GC(331) Pause Young (Allocation Failure)
[105.648s][info][gc,heap        ] GC(331) PSYoungGen: 127712K(228864K)->4608K(226816K) Eden: 126976K(126976K)->0K(131584K) From: 736K(101888K)->4608K(95232K)
[105.648s][info][gc,heap        ] GC(331) ParOldGen: 519822K(667648K)->519822K(667648K)
[105.648s][info][gc,metaspace   ] GC(331) Metaspace: 18260K(18432K)->18260K(18432K) NonClass: 15596K(15680K)->15596K(15680K) Class: 2664K(2752K)->2664K(2752K)
[105.648s][info][gc             ] GC(331) Pause Young (Allocation Failure) 632M->512M(873M) 9.528ms
[105.648s][info][gc,cpu         ] GC(331) User=0.02s Sys=0.00s Real=0.01s
[105.897s][info][gc,start       ] GC(332) Pause Young (Allocation Failure)
[105.913s][info][gc,heap        ] GC(332) PSYoungGen: 136192K(226816K)->14544K(229376K) Eden: 131584K(131584K)->0K(131584K) From: 4608K(95232K)->14544K(97792K)
[105.913s][info][gc,heap        ] GC(332) ParOldGen: 519822K(667648K)->519822K(667648K)
[105.913s][info][gc,metaspace   ] GC(332) Metaspace: 18260K(18432K)->18260K(18432K) NonClass: 15596K(15680K)->15596K(15680K) Class: 2664K(2752K)->2664K(2752K)
[105.913s][info][gc             ] GC(332) Pause Young (Allocation Failure) 640M->521M(876M) 16.343ms
[105.913s][info][gc,cpu         ] GC(332) User=0.03s Sys=0.00s Real=0.02s
[106.102s][info][gc,start       ] GC(333) Pause Young (Allocation Failure)
[106.136s][info][gc,heap        ] GC(333) PSYoungGen: 146128K(229376K)->31248K(227328K) Eden: 131584K(131584K)->0K(142336K) From: 14544K(97792K)->31248K(84992K)
[106.136s][info][gc,heap        ] GC(333) ParOldGen: 519822K(667648K)->519822K(667648K)
[106.136s][info][gc,metaspace   ] GC(333) Metaspace: 18260K(18432K)->18260K(18432K) NonClass: 15596K(15680K)->15596K(15680K) Class: 2664K(2752K)->2664K(2752K)
[106.136s][info][gc             ] GC(333) Pause Young (Allocation Failure) 650M->538M(874M) 33.560ms
[106.136s][info][gc,cpu         ] GC(333) User=0.06s Sys=0.00s Real=0.03s
[106.544s][info][gc,start       ] GC(334) Pause Young (Allocation Failure)
[106.575s][info][gc,heap        ] GC(334) PSYoungGen: 173584K(227328K)->31296K(230400K) Eden: 142336K(142336K)->0K(142336K) From: 31248K(84992K)->31296K(88064K)
[106.575s][info][gc,heap        ] GC(334) ParOldGen: 519822K(667648K)->519822K(667648K)
[106.575s][info][gc,metaspace   ] GC(334) Metaspace: 18261K(18432K)->18261K(18432K) NonClass: 15597K(15680K)->15597K(15680K) Class: 2664K(2752K)->2664K(2752K)
[106.575s][info][gc             ] GC(334) Pause Young (Allocation Failure) 677M->538M(877M) 31.080ms
[106.575s][info][gc,cpu         ] GC(334) User=0.06s Sys=0.00s Real=0.03s
[106.912s][info][gc,start       ] GC(335) Pause Young (Allocation Failure)
[106.943s][info][gc,heap        ] GC(335) PSYoungGen: 173632K(230400K)->31296K(227840K) Eden: 142336K(142336K)->0K(152576K) From: 31296K(88064K)->31296K(75264K)
[106.943s][info][gc,heap        ] GC(335) ParOldGen: 519822K(667648K)->519822K(667648K)
[106.943s][info][gc,metaspace   ] GC(335) Metaspace: 18261K(18432K)->18261K(18432K) NonClass: 15597K(15680K)->15597K(15680K) Class: 2664K(2752K)->2664K(2752K)
[106.943s][info][gc             ] GC(335) Pause Young (Allocation Failure) 677M->538M(874M) 31.619ms
[106.944s][info][gc,cpu         ] GC(335) User=0.06s Sys=0.00s Real=0.03s
[107.289s][info][gc,start       ] GC(336) Pause Young (Allocation Failure)
[107.329s][info][gc,heap        ] GC(336) PSYoungGen: 183872K(227840K)->31328K(232448K) Eden: 152576K(152576K)->0K(152576K) From: 31296K(75264K)->31328K(79872K)
[107.329s][info][gc,heap        ] GC(336) ParOldGen: 519822K(667648K)->519822K(667648K)
[107.329s][info][gc,metaspace   ] GC(336) Metaspace: 18264K(18432K)->18264K(18432K) NonClass: 15600K(15680K)->15600K(15680K) Class: 2664K(2752K)->2664K(2752K)
[107.329s][info][gc             ] GC(336) Pause Young (Allocation Failure) 687M->538M(879M) 39.921ms
[107.329s][info][gc,cpu         ] GC(336) User=0.08s Sys=0.00s Real=0.04s
[107.570s][info][gc,start       ] GC(337) Pause Young (Allocation Failure)
[107.615s][info][gc,heap        ] GC(337) PSYoungGen: 183904K(232448K)->50352K(236544K) Eden: 152576K(152576K)->0K(160256K) From: 31328K(79872K)->50352K(76288K)
[107.615s][info][gc,heap        ] GC(337) ParOldGen: 519822K(667648K)->519822K(667648K)
[107.615s][info][gc,metaspace   ] GC(337) Metaspace: 18264K(18432K)->18264K(18432K) NonClass: 15600K(15680K)->15600K(15680K) Class: 2664K(2752K)->2664K(2752K)
[107.615s][info][gc             ] GC(337) Pause Young (Allocation Failure) 687M->556M(883M) 44.542ms
[107.615s][info][gc,cpu         ] GC(337) User=0.09s Sys=0.00s Real=0.04s
[107.746s][info][gc,start       ] GC(338) Pause Young (Allocation Failure)
[107.830s][info][gc,heap        ] GC(338) PSYoungGen: 210608K(236544K)->79840K(240128K) Eden: 160256K(160256K)->0K(160256K) From: 50352K(76288K)->79840K(79872K)
[107.830s][info][gc,heap        ] GC(338) ParOldGen: 519822K(667648K)->544586K(667648K)
[107.830s][info][gc,metaspace   ] GC(338) Metaspace: 18264K(18432K)->18264K(18432K) NonClass: 15600K(15680K)->15600K(15680K) Class: 2664K(2752K)->2664K(2752K)
[107.830s][info][gc             ] GC(338) Pause Young (Allocation Failure) 713M->609M(886M) 84.035ms
[107.830s][info][gc,cpu         ] GC(338) User=0.16s Sys=0.00s Real=0.09s
[108.061s][info][gc,start       ] GC(339) Pause Young (Allocation Failure)
[108.138s][info][gc,heap        ] GC(339) PSYoungGen: 240096K(240128K)->79968K(205312K) Eden: 160256K(160256K)->0K(111616K) From: 79840K(79872K)->79968K(93696K)
[108.138s][info][gc,heap        ] GC(339) ParOldGen: 544586K(667648K)->549186K(667648K)
[108.138s][info][gc,metaspace   ] GC(339) Metaspace: 18264K(18432K)->18264K(18432K) NonClass: 15600K(15680K)->15600K(15680K) Class: 2664K(2752K)->2664K(2752K)
[108.138s][info][gc             ] GC(339) Pause Young (Allocation Failure) 766M->614M(852M) 77.396ms
[108.138s][info][gc,cpu         ] GC(339) User=0.15s Sys=0.01s Real=0.08s
[108.283s][info][gc,start       ] GC(340) Pause Young (Allocation Failure)
[108.389s][info][gc,heap        ] GC(340) PSYoungGen: 191584K(205312K)->85328K(222720K) Eden: 111616K(111616K)->0K(111616K) From: 79968K(93696K)->85328K(111104K)
[108.389s][info][gc,heap        ] GC(340) ParOldGen: 549186K(667648K)->575891K(667648K)
[108.389s][info][gc,metaspace   ] GC(340) Metaspace: 18264K(18432K)->18264K(18432K) NonClass: 15600K(15680K)->15600K(15680K) Class: 2664K(2752K)->2664K(2752K)
[108.389s][info][gc             ] GC(340) Pause Young (Allocation Failure) 723M->645M(869M) 106.062ms
[108.389s][info][gc,cpu         ] GC(340) User=0.21s Sys=0.00s Real=0.11s
[108.522s][info][gc,start       ] GC(341) Pause Young (Allocation Failure)
[108.628s][info][gc,heap        ] GC(341) PSYoungGen: 196944K(222720K)->104864K(222720K) Eden: 111616K(111616K)->0K(111616K) From: 85328K(111104K)->104864K(111104K)
[108.628s][info][gc,heap        ] GC(341) ParOldGen: 575891K(667648K)->575931K(667648K)
[108.628s][info][gc,metaspace   ] GC(341) Metaspace: 18264K(18432K)->18264K(18432K) NonClass: 15600K(15680K)->15600K(15680K) Class: 2664K(2752K)->2664K(2752K)
[108.628s][info][gc             ] GC(341) Pause Young (Allocation Failure) 754M->664M(869M) 106.299ms
[108.629s][info][gc,cpu         ] GC(341) User=0.21s Sys=0.01s Real=0.11s
[108.722s][info][gc,start       ] GC(342) Pause Young (Allocation Failure)
[108.828s][info][gc,heap        ] GC(342) PSYoungGen: 216480K(222720K)->95040K(222720K) Eden: 111616K(111616K)->0K(111616K) From: 104864K(111104K)->95040K(111104K)
[108.828s][info][gc,heap        ] GC(342) ParOldGen: 575931K(667648K)->589899K(667648K)
[108.828s][info][gc,metaspace   ] GC(342) Metaspace: 18264K(18432K)->18264K(18432K) NonClass: 15600K(15680K)->15600K(15680K) Class: 2664K(2752K)->2664K(2752K)
[108.828s][info][gc             ] GC(342) Pause Young (Allocation Failure) 773M->668M(869M) 106.242ms
[108.828s][info][gc,cpu         ] GC(342) User=0.21s Sys=0.00s Real=0.11s
[108.936s][info][gc,start       ] GC(343) Pause Young (Allocation Failure)
[109.034s][info][gc,heap        ] GC(343) PSYoungGen: 206656K(222720K)->56192K(222720K) Eden: 111616K(111616K)->0K(111616K) From: 95040K(111104K)->56192K(111104K)
[109.034s][info][gc,heap        ] GC(343) ParOldGen: 589899K(667648K)->629579K(667648K)
[109.034s][info][gc,metaspace   ] GC(343) Metaspace: 18264K(18432K)->18264K(18432K) NonClass: 15600K(15680K)->15600K(15680K) Class: 2664K(2752K)->2664K(2752K)
[109.034s][info][gc             ] GC(343) Pause Young (Allocation Failure) 777M->669M(869M) 98.158ms
[109.035s][info][gc,cpu         ] GC(343) User=0.19s Sys=0.00s Real=0.10s
[109.165s][info][gc,start       ] GC(344) Pause Full (Allocation Failure)
[109.165s][info][gc,phases,start] GC(344) Marking Phase
[109.525s][info][gc,phases      ] GC(344) Marking Phase 360.174ms
[109.525s][info][gc,phases,start] GC(344) Summary Phase
[109.525s][info][gc,phases      ] GC(344) Summary Phase 0.042ms
[109.525s][info][gc,phases,start] GC(344) Forward
[109.677s][info][gc,phases      ] GC(344) Forward 151.758ms
[109.677s][info][gc,phases,start] GC(344) Adjust Pointers
[109.953s][info][gc,phases      ] GC(344) Adjust Pointers 276.628ms
[109.953s][info][gc,phases,start] GC(344) Compaction Phase
[110.124s][info][gc,phases      ] GC(344) Compaction Phase 170.982ms
[110.136s][info][gc,phases,start] GC(344) Post Compact
[110.139s][info][gc,phases      ] GC(344) Post Compact 2.321ms
[110.139s][info][gc,heap        ] GC(344) PSYoungGen: 167808K(222720K)->0K(222720K) Eden: 111616K(111616K)->0K(111616K) From: 56192K(111104K)->0K(111104K)
[110.139s][info][gc,heap        ] GC(344) ParOldGen: 629579K(667648K)->481654K(667648K)
[110.139s][info][gc,metaspace   ] GC(344) Metaspace: 18264K(18432K)->18264K(18432K) NonClass: 15600K(15680K)->15600K(15680K) Class: 2664K(2752K)->2664K(2752K)
[110.139s][info][gc             ] GC(344) Pause Full (Allocation Failure) 778M->470M(869M) 974.241ms
[110.139s][info][gc,cpu         ] GC(344) User=1.82s Sys=0.00s Real=0.98s
[110.285s][info][gc,start       ] GC(345) Pause Young (Allocation Failure)
[110.304s][info][gc,heap        ] GC(345) PSYoungGen: 111616K(222720K)->9216K(222720K) Eden: 111616K(111616K)->0K(111616K) From: 0K(111104K)->9216K(111104K)
[110.304s][info][gc,heap        ] GC(345) ParOldGen: 481654K(667648K)->481654K(667648K)
[110.304s][info][gc,metaspace   ] GC(345) Metaspace: 18264K(18432K)->18264K(18432K) NonClass: 15600K(15680K)->15600K(15680K) Class: 2664K(2752K)->2664K(2752K)
[110.304s][info][gc             ] GC(345) Pause Young (Allocation Failure) 579M->479M(869M) 18.703ms
[110.304s][info][gc,cpu         ] GC(345) User=0.04s Sys=0.00s Real=0.02s
[110.455s][info][gc,start       ] GC(346) Pause Young (Allocation Failure)
[110.475s][info][gc,heap        ] GC(346) PSYoungGen: 120832K(222720K)->18896K(222720K) Eden: 111616K(111616K)->0K(111616K) From: 9216K(111104K)->18896K(111104K)
[110.475s][info][gc,heap        ] GC(346) ParOldGen: 481654K(667648K)->481654K(667648K)
[110.475s][info][gc,metaspace   ] GC(346) Metaspace: 18264K(18432K)->18264K(18432K) NonClass: 15600K(15680K)->15600K(15680K) Class: 2664K(2752K)->2664K(2752K)
[110.475s][info][gc             ] GC(346) Pause Young (Allocation Failure) 588M->488M(869M) 19.990ms
[110.475s][info][gc,cpu         ] GC(346) User=0.04s Sys=0.00s Real=0.02s
[110.639s][info][gc,start       ] GC(347) Pause Young (Allocation Failure)
[110.675s][info][gc,heap        ] GC(347) PSYoungGen: 130512K(222720K)->17131K(222720K) Eden: 111616K(111616K)->0K(111616K) From: 18896K(111104K)->17131K(111104K)
[110.675s][info][gc,heap        ] GC(347) ParOldGen: 481654K(667648K)->500551K(667648K)
[110.675s][info][gc,metaspace   ] GC(347) Metaspace: 18272K(18432K)->18272K(18432K) NonClass: 15608K(15680K)->15608K(15680K) Class: 2664K(2752K)->2664K(2752K)
[110.675s][info][gc             ] GC(347) Pause Young (Allocation Failure) 597M->505M(869M) 36.093ms
[110.675s][info][gc,cpu         ] GC(347) User=0.07s Sys=0.00s Real=0.03s
[110.858s][info][gc,start       ] GC(348) Pause Young (Allocation Failure)
[110.873s][info][gc,heap        ] GC(348) PSYoungGen: 128747K(222720K)->2144K(222720K) Eden: 111616K(111616K)->0K(111616K) From: 17131K(111104K)->2144K(111104K)
[110.873s][info][gc,heap        ] GC(348) ParOldGen: 500551K(667648K)->513018K(667648K)
[110.873s][info][gc,metaspace   ] GC(348) Metaspace: 18273K(18432K)->18273K(18432K) NonClass: 15609K(15680K)->15609K(15680K) Class: 2664K(2752K)->2664K(2752K)
[110.873s][info][gc             ] GC(348) Pause Young (Allocation Failure) 614M->503M(869M) 15.253ms
[110.873s][info][gc,cpu         ] GC(348) User=0.03s Sys=0.00s Real=0.01s
[111.018s][info][gc,start       ] GC(349) Pause Young (Allocation Failure)
[111.038s][info][gc,heap        ] GC(349) PSYoungGen: 113760K(222720K)->22464K(222720K) Eden: 111616K(111616K)->0K(111616K) From: 2144K(111104K)->22464K(111104K)
[111.038s][info][gc,heap        ] GC(349) ParOldGen: 513018K(667648K)->514858K(667648K)
[111.038s][info][gc,metaspace   ] GC(349) Metaspace: 18273K(18432K)->18273K(18432K) NonClass: 15609K(15680K)->15609K(15680K) Class: 2664K(2752K)->2664K(2752K)
[111.039s][info][gc             ] GC(349) Pause Young (Allocation Failure) 612M->524M(869M) 20.324ms
[111.039s][info][gc,cpu         ] GC(349) User=0.04s Sys=0.00s Real=0.02s
[111.152s][info][gc,start       ] GC(350) Pause Young (Allocation Failure)
[111.186s][info][gc,heap        ] GC(350) PSYoungGen: 134080K(222720K)->14208K(222720K) Eden: 111616K(111616K)->0K(111616K) From: 22464K(111104K)->14208K(111104K)
[111.186s][info][gc,heap        ] GC(350) ParOldGen: 514858K(667648K)->537499K(667648K)
[111.186s][info][gc,metaspace   ] GC(350) Metaspace: 18273K(18432K)->18273K(18432K) NonClass: 15609K(15680K)->15609K(15680K) Class: 2664K(2752K)->2664K(2752K)
[111.186s][info][gc             ] GC(350) Pause Young (Allocation Failure) 633M->538M(869M) 33.973ms
[111.186s][info][gc,cpu         ] GC(350) User=0.07s Sys=0.00s Real=0.03s
[111.298s][info][gc,start       ] GC(351) Pause Young (Allocation Failure)
[111.319s][info][gc,heap        ] GC(351) PSYoungGen: 125824K(222720K)->3104K(222720K) Eden: 111616K(111616K)->0K(111616K) From: 14208K(111104K)->3104K(111104K)
[111.319s][info][gc,heap        ] GC(351) ParOldGen: 537499K(667648K)->551507K(667648K)
[111.319s][info][gc,metaspace   ] GC(351) Metaspace: 18274K(18432K)->18274K(18432K) NonClass: 15610K(15680K)->15610K(15680K) Class: 2664K(2752K)->2664K(2752K)
[111.319s][info][gc             ] GC(351) Pause Young (Allocation Failure) 647M->541M(869M) 21.619ms
[111.319s][info][gc,cpu         ] GC(351) User=0.04s Sys=0.00s Real=0.02s
[111.587s][info][gc,start       ] GC(352) Pause Young (Allocation Failure)
[111.594s][info][gc,heap        ] GC(352) PSYoungGen: 114720K(222720K)->1568K(222720K) Eden: 111616K(111616K)->0K(111616K) From: 3104K(111104K)->1568K(111104K)
[111.594s][info][gc,heap        ] GC(352) ParOldGen: 551507K(667648K)->554571K(667648K)
[111.594s][info][gc,metaspace   ] GC(352) Metaspace: 18275K(18432K)->18275K(18432K) NonClass: 15611K(15680K)->15611K(15680K) Class: 2664K(2752K)->2664K(2752K)
[111.594s][info][gc             ] GC(352) Pause Young (Allocation Failure) 650M->543M(869M) 7.070ms
[111.594s][info][gc,cpu         ] GC(352) User=0.01s Sys=0.00s Real=0.01s
[111.763s][info][gc,start       ] GC(353) Pause Young (Allocation Failure)
[111.781s][info][gc,heap        ] GC(353) PSYoungGen: 113184K(222720K)->11504K(215552K) Eden: 111616K(111616K)->0K(111616K) From: 1568K(111104K)->11504K(103936K)
[111.781s][info][gc,heap        ] GC(353) ParOldGen: 554571K(667648K)->556099K(667648K)
[111.781s][info][gc,metaspace   ] GC(353) Metaspace: 18277K(18432K)->18277K(18432K) NonClass: 15613K(15680K)->15613K(15680K) Class: 2664K(2752K)->2664K(2752K)
[111.781s][info][gc             ] GC(353) Pause Young (Allocation Failure) 652M->554M(862M) 18.283ms
[111.781s][info][gc,cpu         ] GC(353) User=0.04s Sys=0.00s Real=0.02s
[111.927s][info][gc,start       ] GC(354) Pause Young (Allocation Failure)
[111.943s][info][gc,heap        ] GC(354) PSYoungGen: 123120K(215552K)->15728K(219136K) Eden: 111616K(111616K)->0K(111616K) From: 11504K(103936K)->15728K(107520K)
[111.943s][info][gc,heap        ] GC(354) ParOldGen: 556099K(667648K)->556099K(667648K)
[111.943s][info][gc,metaspace   ] GC(354) Metaspace: 18277K(18432K)->18277K(18432K) NonClass: 15613K(15680K)->15613K(15680K) Class: 2664K(2752K)->2664K(2752K)
[111.943s][info][gc             ] GC(354) Pause Young (Allocation Failure) 663M->558M(866M) 16.331ms
[111.943s][info][gc,cpu         ] GC(354) User=0.03s Sys=0.00s Real=0.02s
[112.045s][info][gc,start       ] GC(355) Pause Young (Allocation Failure)
[112.082s][info][gc,heap        ] GC(355) PSYoungGen: 127344K(219136K)->47648K(222720K) Eden: 111616K(111616K)->0K(120832K) From: 15728K(107520K)->47648K(101888K)
[112.082s][info][gc,heap        ] GC(355) ParOldGen: 556099K(667648K)->556099K(667648K)
[112.082s][info][gc,metaspace   ] GC(355) Metaspace: 18278K(18432K)->18278K(18432K) NonClass: 15614K(15680K)->15614K(15680K) Class: 2664K(2752K)->2664K(2752K)
[112.082s][info][gc             ] GC(355) Pause Young (Allocation Failure) 667M->589M(869M) 37.227ms
[112.082s][info][gc,cpu         ] GC(355) User=0.07s Sys=0.00s Real=0.04s
[112.180s][info][gc,start       ] GC(356) Pause Young (Allocation Failure)
[112.241s][info][gc,heap        ] GC(356) PSYoungGen: 168480K(222720K)->88320K(222720K) Eden: 120832K(120832K)->0K(120832K) From: 47648K(101888K)->88320K(101888K)
[112.241s][info][gc,heap        ] GC(356) ParOldGen: 556099K(667648K)->556099K(667648K)
[112.241s][info][gc,metaspace   ] GC(356) Metaspace: 18279K(18432K)->18279K(18432K) NonClass: 15614K(15680K)->15614K(15680K) Class: 2664K(2752K)->2664K(2752K)
[112.241s][info][gc             ] GC(356) Pause Young (Allocation Failure) 707M->629M(869M) 61.047ms
[112.241s][info][gc,cpu         ] GC(356) User=0.11s Sys=0.00s Real=0.06s
[112.401s][info][gc,start       ] GC(357) Pause Young (Allocation Failure)
[112.462s][info][gc,heap        ] GC(357) PSYoungGen: 209152K(222720K)->75856K(222720K) Eden: 120832K(120832K)->0K(111616K) From: 88320K(101888K)->75856K(111104K)
[112.462s][info][gc,heap        ] GC(357) ParOldGen: 556099K(667648K)->571851K(667648K)
[112.462s][info][gc,metaspace   ] GC(357) Metaspace: 18279K(18432K)->18279K(18432K) NonClass: 15614K(15680K)->15614K(15680K) Class: 2664K(2752K)->2664K(2752K)
[112.462s][info][gc             ] GC(357) Pause Young (Allocation Failure) 747M->632M(869M) 60.921ms
[112.462s][info][gc,cpu         ] GC(357) User=0.12s Sys=0.00s Real=0.06s
[112.632s][info][gc,start       ] GC(358) Pause Young (Allocation Failure)
[112.721s][info][gc,heap        ] GC(358) PSYoungGen: 187472K(222720K)->29792K(222720K) Eden: 111616K(111616K)->0K(111616K) From: 75856K(111104K)->29792K(111104K)
[112.721s][info][gc,heap        ] GC(358) ParOldGen: 571851K(667648K)->645379K(667648K)
[112.721s][info][gc,metaspace   ] GC(358) Metaspace: 18279K(18432K)->18279K(18432K) NonClass: 15615K(15680K)->15615K(15680K) Class: 2664K(2752K)->2664K(2752K)
[112.721s][info][gc             ] GC(358) Pause Young (Allocation Failure) 741M->659M(869M) 88.451ms
[112.721s][info][gc,cpu         ] GC(358) User=0.18s Sys=0.00s Real=0.09s
[112.852s][info][gc,start       ] GC(359) Pause Full (Allocation Failure)
[112.852s][info][gc,phases,start] GC(359) Marking Phase
[113.197s][info][gc,phases      ] GC(359) Marking Phase 345.177ms
[113.197s][info][gc,phases,start] GC(359) Summary Phase
[113.197s][info][gc,phases      ] GC(359) Summary Phase 0.026ms
[113.197s][info][gc,phases,start] GC(359) Forward
[113.276s][info][gc,phases      ] GC(359) Forward 78.509ms
[113.276s][info][gc,phases,start] GC(359) Adjust Pointers
[113.530s][info][gc,phases      ] GC(359) Adjust Pointers 254.811ms
[113.531s][info][gc,phases,start] GC(359) Compaction Phase
[113.664s][info][gc,phases      ] GC(359) Compaction Phase 133.316ms
[113.670s][info][gc,phases,start] GC(359) Post Compact
[113.672s][info][gc,phases      ] GC(359) Post Compact 2.227ms
[113.672s][info][gc,heap        ] GC(359) PSYoungGen: 141408K(222720K)->0K(222720K) Eden: 111616K(111616K)->0K(111616K) From: 29792K(111104K)->0K(111104K)
[113.672s][info][gc,heap        ] GC(359) ParOldGen: 645379K(667648K)->496379K(667648K)
[113.672s][info][gc,metaspace   ] GC(359) Metaspace: 18279K(18432K)->18279K(18432K) NonClass: 15615K(15680K)->15615K(15680K) Class: 2664K(2752K)->2664K(2752K)
[113.672s][info][gc             ] GC(359) Pause Full (Allocation Failure) 768M->484M(869M) 820.443ms
[113.672s][info][gc,cpu         ] GC(359) User=1.58s Sys=0.00s Real=0.82s
[113.785s][info][gc,start       ] GC(360) Pause Young (Allocation Failure)
[113.803s][info][gc,heap        ] GC(360) PSYoungGen: 111616K(222720K)->14176K(222720K) Eden: 111616K(111616K)->0K(111616K) From: 0K(111104K)->14176K(111104K)
[113.803s][info][gc,heap        ] GC(360) ParOldGen: 496379K(667648K)->496379K(667648K)
[113.803s][info][gc,metaspace   ] GC(360) Metaspace: 18279K(18432K)->18279K(18432K) NonClass: 15615K(15680K)->15615K(15680K) Class: 2664K(2752K)->2664K(2752K)
[113.803s][info][gc             ] GC(360) Pause Young (Allocation Failure) 593M->498M(869M) 17.597ms
[113.803s][info][gc,cpu         ] GC(360) User=0.04s Sys=0.00s Real=0.02s
[113.902s][info][gc,start       ] GC(361) Pause Young (Allocation Failure)
[113.920s][info][gc,heap        ] GC(361) PSYoungGen: 125792K(222720K)->640K(222720K) Eden: 111616K(111616K)->0K(111616K) From: 14176K(111104K)->640K(111104K)
[113.920s][info][gc,heap        ] GC(361) ParOldGen: 496379K(667648K)->510579K(667648K)
[113.920s][info][gc,metaspace   ] GC(361) Metaspace: 18279K(18432K)->18279K(18432K) NonClass: 15615K(15680K)->15615K(15680K) Class: 2664K(2752K)->2664K(2752K)
[113.920s][info][gc             ] GC(361) Pause Young (Allocation Failure) 607M->499M(869M) 17.997ms
[113.920s][info][gc,cpu         ] GC(361) User=0.04s Sys=0.00s Real=0.02s
[114.042s][info][gc,start       ] GC(362) Pause Young (Allocation Failure)
[114.052s][info][gc,heap        ] GC(362) PSYoungGen: 112256K(222720K)->4128K(116224K) Eden: 111616K(111616K)->0K(111616K) From: 640K(111104K)->4128K(4608K)
[114.052s][info][gc,heap        ] GC(362) ParOldGen: 510579K(667648K)->511195K(667648K)
[114.052s][info][gc,metaspace   ] GC(362) Metaspace: 18279K(18432K)->18279K(18432K) NonClass: 15615K(15680K)->15615K(15680K) Class: 2664K(2752K)->2664K(2752K)
[114.053s][info][gc             ] GC(362) Pause Young (Allocation Failure) 608M->503M(765M) 10.495ms
[114.053s][info][gc,cpu         ] GC(362) User=0.02s Sys=0.00s Real=0.01s
[114.190s][info][gc,start       ] GC(363) Pause Young (Allocation Failure)
[114.197s][info][gc,heap        ] GC(363) PSYoungGen: 115744K(116224K)->4160K(223232K) Eden: 111616K(111616K)->0K(115200K) From: 4128K(4608K)->4160K(108032K)
[114.197s][info][gc,heap        ] GC(363) ParOldGen: 511195K(667648K)->511195K(667648K)
[114.197s][info][gc,metaspace   ] GC(363) Metaspace: 18279K(18432K)->18279K(18432K) NonClass: 15615K(15680K)->15615K(15680K) Class: 2664K(2752K)->2664K(2752K)
[114.197s][info][gc             ] GC(363) Pause Young (Allocation Failure) 612M->503M(870M) 6.584ms
[114.197s][info][gc,cpu         ] GC(363) User=0.02s Sys=0.00s Real=0.00s
[114.377s][info][gc,start       ] GC(364) Pause Young (Allocation Failure)
[114.399s][info][gc,heap        ] GC(364) PSYoungGen: 119360K(223232K)->19296K(219648K) Eden: 115200K(115200K)->0K(115200K) From: 4160K(108032K)->19296K(104448K)
[114.399s][info][gc,heap        ] GC(364) ParOldGen: 511195K(667648K)->511195K(667648K)
[114.399s][info][gc,metaspace   ] GC(364) Metaspace: 18279K(18432K)->18279K(18432K) NonClass: 15615K(15680K)->15615K(15680K) Class: 2664K(2752K)->2664K(2752K)
[114.399s][info][gc             ] GC(364) Pause Young (Allocation Failure) 615M->518M(866M) 21.252ms
[114.399s][info][gc,cpu         ] GC(364) User=0.05s Sys=0.00s Real=0.02s
[114.586s][info][gc,start       ] GC(365) Pause Young (Allocation Failure)
[114.630s][info][gc,heap        ] GC(365) PSYoungGen: 134496K(219648K)->30976K(215552K) Eden: 115200K(115200K)->0K(124928K) From: 19296K(104448K)->30976K(90624K)
[114.630s][info][gc,heap        ] GC(365) ParOldGen: 511195K(667648K)->511195K(667648K)
[114.630s][info][gc,metaspace   ] GC(365) Metaspace: 18279K(18432K)->18279K(18432K) NonClass: 15615K(15680K)->15615K(15680K) Class: 2664K(2752K)->2664K(2752K)
[114.630s][info][gc             ] GC(365) Pause Young (Allocation Failure) 630M->529M(862M) 43.173ms
[114.630s][info][gc,cpu         ] GC(365) User=0.08s Sys=0.00s Real=0.05s
[114.981s][info][gc,start       ] GC(366) Pause Young (Allocation Failure)
[115.013s][info][gc,heap        ] GC(366) PSYoungGen: 155904K(215552K)->32080K(217600K) Eden: 124928K(124928K)->0K(124928K) From: 30976K(90624K)->32080K(92672K)
[115.013s][info][gc,heap        ] GC(366) ParOldGen: 511195K(667648K)->511195K(667648K)
[115.013s][info][gc,metaspace   ] GC(366) Metaspace: 18284K(18432K)->18284K(18432K) NonClass: 15620K(15680K)->15620K(15680K) Class: 2664K(2752K)->2664K(2752K)
[115.013s][info][gc             ] GC(366) Pause Young (Allocation Failure) 651M->530M(864M) 32.030ms
[115.013s][info][gc,cpu         ] GC(366) User=0.06s Sys=0.00s Real=0.03s
[115.133s][info][gc,start       ] GC(367) Pause Young (Allocation Failure)
[115.194s][info][gc,heap        ] GC(367) PSYoungGen: 157008K(217600K)->71008K(212480K) Eden: 124928K(124928K)->0K(124416K) From: 32080K(92672K)->71008K(88064K)
[115.194s][info][gc,heap        ] GC(367) ParOldGen: 511195K(667648K)->511195K(667648K)
[115.194s][info][gc,metaspace   ] GC(367) Metaspace: 18287K(18432K)->18287K(18432K) NonClass: 15622K(15680K)->15622K(15680K) Class: 2664K(2752K)->2664K(2752K)
[115.194s][info][gc             ] GC(367) Pause Young (Allocation Failure) 652M->568M(859M) 61.893ms
[115.195s][info][gc,cpu         ] GC(367) User=0.13s Sys=0.00s Real=0.06s
[115.353s][info][gc,start       ] GC(368) Pause Young (Allocation Failure)
[115.426s][info][gc,heap        ] GC(368) PSYoungGen: 195424K(212480K)->82256K(222720K) Eden: 124416K(124416K)->0K(124416K) From: 71008K(88064K)->82256K(98304K)
[115.426s][info][gc,heap        ] GC(368) ParOldGen: 511195K(667648K)->511195K(667648K)
[115.426s][info][gc,metaspace   ] GC(368) Metaspace: 18287K(18432K)->18287K(18432K) NonClass: 15622K(15680K)->15622K(15680K) Class: 2664K(2752K)->2664K(2752K)
[115.426s][info][gc             ] GC(368) Pause Young (Allocation Failure) 690M->579M(869M) 73.211ms
[115.426s][info][gc,cpu         ] GC(368) User=0.14s Sys=0.00s Real=0.07s
[115.626s][info][gc,start       ] GC(369) Pause Young (Allocation Failure)
[115.700s][info][gc,heap        ] GC(369) PSYoungGen: 206672K(222720K)->78160K(222208K) Eden: 124416K(124416K)->0K(111616K) From: 82256K(98304K)->78160K(110592K)
[115.700s][info][gc,heap        ] GC(369) ParOldGen: 511195K(667648K)->515315K(667648K)
[115.700s][info][gc,metaspace   ] GC(369) Metaspace: 18287K(18432K)->18287K(18432K) NonClass: 15622K(15680K)->15622K(15680K) Class: 2664K(2752K)->2664K(2752K)
[115.700s][info][gc             ] GC(369) Pause Young (Allocation Failure) 701M->579M(869M) 74.520ms
[115.700s][info][gc,cpu         ] GC(369) User=0.15s Sys=0.00s Real=0.08s
[115.838s][info][gc,start       ] GC(370) Pause Young (Allocation Failure)
[115.924s][info][gc,heap        ] GC(370) PSYoungGen: 189776K(222208K)->81504K(222720K) Eden: 111616K(111616K)->0K(111616K) From: 78160K(110592K)->81504K(111104K)
[115.924s][info][gc,heap        ] GC(370) ParOldGen: 515315K(667648K)->530523K(667648K)
[115.924s][info][gc,metaspace   ] GC(370) Metaspace: 18287K(18432K)->18287K(18432K) NonClass: 15622K(15680K)->15622K(15680K) Class: 2664K(2752K)->2664K(2752K)
[115.924s][info][gc             ] GC(370) Pause Young (Allocation Failure) 688M->597M(869M) 85.969ms
[115.924s][info][gc,cpu         ] GC(370) User=0.17s Sys=0.00s Real=0.08s
[116.036s][info][gc,start       ] GC(371) Pause Young (Allocation Failure)
[116.111s][info][gc,heap        ] GC(371) PSYoungGen: 193120K(222720K)->72064K(222720K) Eden: 111616K(111616K)->0K(111616K) From: 81504K(111104K)->72064K(111104K)
[116.111s][info][gc,heap        ] GC(371) ParOldGen: 530523K(667648K)->543116K(667648K)
[116.111s][info][gc,metaspace   ] GC(371) Metaspace: 18287K(18432K)->18287K(18432K) NonClass: 15622K(15680K)->15622K(15680K) Class: 2664K(2752K)->2664K(2752K)
[116.111s][info][gc             ] GC(371) Pause Young (Allocation Failure) 706M->600M(869M) 75.236ms
[116.111s][info][gc,cpu         ] GC(371) User=0.15s Sys=0.00s Real=0.08s
[116.231s][info][gc,start       ] GC(372) Pause Young (Allocation Failure)
[116.298s][info][gc,heap        ] GC(372) PSYoungGen: 183680K(222720K)->23680K(222720K) Eden: 111616K(111616K)->0K(111616K) From: 72064K(111104K)->23680K(111104K)
[116.298s][info][gc,heap        ] GC(372) ParOldGen: 543116K(667648K)->593849K(667648K)
[116.298s][info][gc,metaspace   ] GC(372) Metaspace: 18287K(18432K)->18287K(18432K) NonClass: 15622K(15680K)->15622K(15680K) Class: 2664K(2752K)->2664K(2752K)
[116.298s][info][gc             ] GC(372) Pause Young (Allocation Failure) 709M->603M(869M) 66.557ms
[116.298s][info][gc,cpu         ] GC(372) User=0.13s Sys=0.00s Real=0.07s
[116.446s][info][gc,start       ] GC(373) Pause Young (Allocation Failure)
[116.484s][info][gc,heap        ] GC(373) PSYoungGen: 135296K(222720K)->19648K(222720K) Eden: 111616K(111616K)->0K(111616K) From: 23680K(111104K)->19648K(111104K)
[116.484s][info][gc,heap        ] GC(373) ParOldGen: 593849K(667648K)->612417K(667648K)
[116.484s][info][gc,metaspace   ] GC(373) Metaspace: 18287K(18432K)->18287K(18432K) NonClass: 15622K(15680K)->15622K(15680K) Class: 2664K(2752K)->2664K(2752K)
[116.484s][info][gc             ] GC(373) Pause Young (Allocation Failure) 712M->617M(869M) 38.347ms
[116.484s][info][gc,cpu         ] GC(373) User=0.07s Sys=0.00s Real=0.04s
[116.757s][info][gc,start       ] GC(374) Pause Young (Allocation Failure)
[116.778s][info][gc,heap        ] GC(374) PSYoungGen: 131264K(222720K)->14560K(222720K) Eden: 111616K(111616K)->0K(111616K) From: 19648K(111104K)->14560K(111104K)
[116.778s][info][gc,heap        ] GC(374) ParOldGen: 612417K(667648K)->617561K(667648K)
[116.778s][info][gc,metaspace   ] GC(374) Metaspace: 18287K(18432K)->18287K(18432K) NonClass: 15622K(15680K)->15622K(15680K) Class: 2664K(2752K)->2664K(2752K)
[116.778s][info][gc             ] GC(374) Pause Young (Allocation Failure) 726M->617M(869M) 20.470ms
[116.778s][info][gc,cpu         ] GC(374) User=0.04s Sys=0.00s Real=0.02s
[117.002s][info][gc,start       ] GC(375) Pause Young (Allocation Failure)
[117.018s][info][gc,heap        ] GC(375) PSYoungGen: 126176K(222720K)->64K(222720K) Eden: 111616K(111616K)->0K(111616K) From: 14560K(111104K)->64K(111104K)
[117.018s][info][gc,heap        ] GC(375) ParOldGen: 617561K(667648K)->632126K(667648K)
[117.018s][info][gc,metaspace   ] GC(375) Metaspace: 18287K(18432K)->18287K(18432K) NonClass: 15623K(15680K)->15623K(15680K) Class: 2664K(2752K)->2664K(2752K)
[117.018s][info][gc             ] GC(375) Pause Young (Allocation Failure) 726M->617M(869M) 16.256ms
[117.018s][info][gc,cpu         ] GC(375) User=0.03s Sys=0.00s Real=0.02s
[117.232s][info][gc,start       ] GC(376) Pause Full (Allocation Failure)
[117.232s][info][gc,phases,start] GC(376) Marking Phase
[117.563s][info][gc,phases      ] GC(376) Marking Phase 330.511ms
[117.563s][info][gc,phases,start] GC(376) Summary Phase
[117.563s][info][gc,phases      ] GC(376) Summary Phase 0.025ms
[117.563s][info][gc,phases,start] GC(376) Forward
[117.694s][info][gc,phases      ] GC(376) Forward 130.643ms
[117.694s][info][gc,phases,start] GC(376) Adjust Pointers
[117.941s][info][gc,phases      ] GC(376) Adjust Pointers 247.296ms
[117.941s][info][gc,phases,start] GC(376) Compaction Phase
[118.103s][info][gc,phases      ] GC(376) Compaction Phase 162.380ms
[118.113s][info][gc,phases,start] GC(376) Post Compact
[118.115s][info][gc,phases      ] GC(376) Post Compact 2.149ms
[118.115s][info][gc,heap        ] GC(376) PSYoungGen: 111680K(222720K)->0K(222720K) Eden: 111616K(111616K)->0K(111616K) From: 64K(111104K)->0K(111104K)
[118.115s][info][gc,heap        ] GC(376) ParOldGen: 632126K(667648K)->468854K(667648K)
[118.115s][info][gc,metaspace   ] GC(376) Metaspace: 18287K(18432K)->18287K(18432K) NonClass: 15623K(15680K)->15623K(15680K) Class: 2664K(2752K)->2664K(2752K)
[118.115s][info][gc             ] GC(376) Pause Full (Allocation Failure) 726M->457M(869M) 882.783ms
[118.115s][info][gc,cpu         ] GC(376) User=1.65s Sys=0.00s Real=0.88s
[118.339s][info][gc,start       ] GC(377) Pause Young (Allocation Failure)
[118.346s][info][gc,heap        ] GC(377) PSYoungGen: 111616K(222720K)->384K(222720K) Eden: 111616K(111616K)->0K(111616K) From: 0K(111104K)->384K(111104K)
[118.346s][info][gc,heap        ] GC(377) ParOldGen: 468854K(667648K)->468854K(667648K)
[118.346s][info][gc,metaspace   ] GC(377) Metaspace: 18287K(18432K)->18287K(18432K) NonClass: 15623K(15680K)->15623K(15680K) Class: 2664K(2752K)->2664K(2752K)
[118.346s][info][gc             ] GC(377) Pause Young (Allocation Failure) 566M->458M(869M) 7.143ms
[118.346s][info][gc,cpu         ] GC(377) User=0.01s Sys=0.00s Real=0.00s
[118.423s][info][gc,start       ] GC(378) Pause Young (Allocation Failure)
[118.451s][info][gc,heap        ] GC(378) PSYoungGen: 112000K(222720K)->38656K(150528K) Eden: 111616K(111616K)->0K(111616K) From: 384K(111104K)->38656K(38912K)
[118.451s][info][gc,heap        ] GC(378) ParOldGen: 468854K(667648K)->469198K(667648K)
[118.451s][info][gc,metaspace   ] GC(378) Metaspace: 18287K(18432K)->18287K(18432K) NonClass: 15623K(15680K)->15623K(15680K) Class: 2664K(2752K)->2664K(2752K)
[118.451s][info][gc             ] GC(378) Pause Young (Allocation Failure) 567M->495M(799M) 28.119ms
[118.451s][info][gc,cpu         ] GC(378) User=0.06s Sys=0.00s Real=0.03s
[118.606s][info][gc,start       ] GC(379) Pause Young (Allocation Failure)
[118.658s][info][gc,heap        ] GC(379) PSYoungGen: 150272K(150528K)->68736K(217600K) Eden: 111616K(111616K)->0K(109056K) From: 38656K(38912K)->68736K(108544K)
[118.658s][info][gc,heap        ] GC(379) ParOldGen: 469198K(667648K)->469198K(667648K)
[118.658s][info][gc,metaspace   ] GC(379) Metaspace: 18290K(18432K)->18290K(18432K) NonClass: 15626K(15680K)->15626K(15680K) Class: 2664K(2752K)->2664K(2752K)
[118.658s][info][gc             ] GC(379) Pause Young (Allocation Failure) 604M->525M(864M) 52.223ms
[118.658s][info][gc,cpu         ] GC(379) User=0.10s Sys=0.00s Real=0.06s
[118.751s][info][gc,start       ] GC(380) Pause Young (Allocation Failure)
[118.797s][info][gc,heap        ] GC(380) PSYoungGen: 177792K(217600K)->2368K(220160K) Eden: 109056K(109056K)->0K(109056K) From: 68736K(108544K)->2368K(111104K)
[118.797s][info][gc,heap        ] GC(380) ParOldGen: 469198K(667648K)->538696K(667648K)
[118.797s][info][gc,metaspace   ] GC(380) Metaspace: 18290K(18432K)->18290K(18432K) NonClass: 15626K(15680K)->15626K(15680K) Class: 2664K(2752K)->2664K(2752K)
[118.797s][info][gc             ] GC(380) Pause Young (Allocation Failure) 631M->528M(867M) 45.759ms
[118.797s][info][gc,cpu         ] GC(380) User=0.10s Sys=0.00s Real=0.04s
[118.949s][info][gc,start       ] GC(381) Pause Young (Allocation Failure)
[118.984s][info][gc,heap        ] GC(381) PSYoungGen: 111424K(220160K)->17689K(214528K) Eden: 109056K(109056K)->0K(111616K) From: 2368K(111104K)->17689K(102912K)
[118.984s][info][gc,heap        ] GC(381) ParOldGen: 538696K(667648K)->541032K(667648K)
[118.984s][info][gc,metaspace   ] GC(381) Metaspace: 18290K(18432K)->18290K(18432K) NonClass: 15626K(15680K)->15626K(15680K) Class: 2664K(2752K)->2664K(2752K)
[118.984s][info][gc             ] GC(381) Pause Young (Allocation Failure) 634M->545M(861M) 35.245ms
[118.984s][info][gc,cpu         ] GC(381) User=0.07s Sys=0.01s Real=0.03s
[119.082s][info][gc,start       ] GC(382) Pause Young (Allocation Failure)
[119.129s][info][gc,heap        ] GC(382) PSYoungGen: 129305K(214528K)->30544K(218624K) Eden: 111616K(111616K)->0K(111616K) From: 17689K(102912K)->30544K(107008K)
[119.129s][info][gc,heap        ] GC(382) ParOldGen: 541032K(667648K)->558698K(667648K)
[119.129s][info][gc,metaspace   ] GC(382) Metaspace: 18296K(18432K)->18296K(18432K) NonClass: 15632K(15680K)->15632K(15680K) Class: 2664K(2752K)->2664K(2752K)
[119.129s][info][gc             ] GC(382) Pause Young (Allocation Failure) 654M->575M(865M) 46.931ms
[119.129s][info][gc,cpu         ] GC(382) User=0.09s Sys=0.00s Real=0.05s
[119.187s][info][gc,start       ] GC(383) Pause Young (Allocation Failure)
[119.231s][info][gc,heap        ] GC(383) PSYoungGen: 142160K(218624K)->37280K(217600K) Eden: 111616K(111616K)->0K(125440K) From: 30544K(107008K)->37280K(92160K)
[119.231s][info][gc,heap        ] GC(383) ParOldGen: 558698K(667648K)->589554K(667648K)
[119.231s][info][gc,metaspace   ] GC(383) Metaspace: 18296K(18432K)->18296K(18432K) NonClass: 15632K(15680K)->15632K(15680K) Class: 2664K(2752K)->2664K(2752K)
[119.231s][info][gc             ] GC(383) Pause Young (Allocation Failure) 684M->612M(864M) 43.881ms
[119.231s][info][gc,cpu         ] GC(383) User=0.09s Sys=0.00s Real=0.05s
[119.398s][info][gc,start       ] GC(384) Pause Young (Allocation Failure)
[119.430s][info][gc,heap        ] GC(384) PSYoungGen: 162720K(217600K)->2656K(220672K) Eden: 125440K(125440K)->0K(125440K) From: 37280K(92160K)->2656K(95232K)
[119.430s][info][gc,heap        ] GC(384) ParOldGen: 589554K(667648K)->627249K(667648K)
[119.430s][info][gc,metaspace   ] GC(384) Metaspace: 18296K(18432K)->18296K(18432K) NonClass: 15632K(15680K)->15632K(15680K) Class: 2664K(2752K)->2664K(2752K)
[119.430s][info][gc             ] GC(384) Pause Young (Allocation Failure) 734M->615M(867M) 32.093ms
[119.430s][info][gc,cpu         ] GC(384) User=0.07s Sys=0.00s Real=0.03s
[119.573s][info][gc,start       ] GC(385) Pause Full (Allocation Failure)
[119.573s][info][gc,phases,start] GC(385) Marking Phase
[119.883s][info][gc,phases      ] GC(385) Marking Phase 310.096ms
[119.884s][info][gc,phases,start] GC(385) Summary Phase
[119.884s][info][gc,phases      ] GC(385) Summary Phase 0.025ms
[119.884s][info][gc,phases,start] GC(385) Forward
[120.002s][info][gc,phases      ] GC(385) Forward 118.815ms
[120.002s][info][gc,phases,start] GC(385) Adjust Pointers
[120.247s][info][gc,phases      ] GC(385) Adjust Pointers 244.296ms
[120.247s][info][gc,phases,start] GC(385) Compaction Phase
[120.378s][info][gc,phases      ] GC(385) Compaction Phase 131.258ms
[120.390s][info][gc,phases,start] GC(385) Post Compact
[120.392s][info][gc,phases      ] GC(385) Post Compact 2.167ms
[120.392s][info][gc,heap        ] GC(385) PSYoungGen: 128096K(220672K)->0K(231424K) Eden: 125440K(125440K)->0K(138752K) From: 2656K(95232K)->0K(92672K)
[120.392s][info][gc,heap        ] GC(385) ParOldGen: 627249K(667648K)->472198K(667648K)
[120.392s][info][gc,metaspace   ] GC(385) Metaspace: 18296K(18432K)->18296K(18432K) NonClass: 15632K(15680K)->15632K(15680K) Class: 2664K(2752K)->2664K(2752K)
[120.392s][info][gc             ] GC(385) Pause Full (Allocation Failure) 737M->461M(878M) 818.673ms
[120.392s][info][gc,cpu         ] GC(385) User=1.54s Sys=0.00s Real=0.82s
[120.564s][info][gc,start       ] GC(386) Pause Young (Allocation Failure)
[120.581s][info][gc,heap        ] GC(386) PSYoungGen: 138752K(231424K)->10688K(232448K) Eden: 138752K(138752K)->0K(138752K) From: 0K(92672K)->10688K(93696K)
[120.581s][info][gc,heap        ] GC(386) ParOldGen: 472198K(667648K)->472198K(667648K)
[120.581s][info][gc,metaspace   ] GC(386) Metaspace: 18296K(18432K)->18296K(18432K) NonClass: 15632K(15680K)->15632K(15680K) Class: 2664K(2752K)->2664K(2752K)
[120.581s][info][gc             ] GC(386) Pause Young (Allocation Failure) 596M->471M(879M) 16.448ms
[120.581s][info][gc,cpu         ] GC(386) User=0.03s Sys=0.00s Real=0.02s
[120.758s][info][gc,start       ] GC(387) Pause Young (Allocation Failure)
[120.773s][info][gc,heap        ] GC(387) PSYoungGen: 149440K(232448K)->10688K(235008K) Eden: 138752K(138752K)->0K(149504K) From: 10688K(93696K)->10688K(85504K)
[120.773s][info][gc,heap        ] GC(387) ParOldGen: 472198K(667648K)->472198K(667648K)
[120.773s][info][gc,metaspace   ] GC(387) Metaspace: 18296K(18432K)->18296K(18432K) NonClass: 15632K(15680K)->15632K(15680K) Class: 2664K(2752K)->2664K(2752K)
[120.773s][info][gc             ] GC(387) Pause Young (Allocation Failure) 607M->471M(881M) 15.037ms
[120.773s][info][gc,cpu         ] GC(387) User=0.03s Sys=0.00s Real=0.01s
[120.962s][info][gc,start       ] GC(388) Pause Young (Allocation Failure)
[120.977s][info][gc,heap        ] GC(388) PSYoungGen: 160192K(235008K)->10688K(236544K) Eden: 149504K(149504K)->0K(149504K) From: 10688K(85504K)->10688K(87040K)
[120.977s][info][gc,heap        ] GC(388) ParOldGen: 472198K(667648K)->472198K(667648K)
[120.977s][info][gc,metaspace   ] GC(388) Metaspace: 18296K(18432K)->18296K(18432K) NonClass: 15632K(15680K)->15632K(15680K) Class: 2664K(2752K)->2664K(2752K)
[120.977s][info][gc             ] GC(388) Pause Young (Allocation Failure) 617M->471M(883M) 15.524ms
[120.977s][info][gc,cpu         ] GC(388) User=0.03s Sys=0.00s Real=0.01s
[121.170s][info][gc,start       ] GC(389) Pause Young (Allocation Failure)
[121.186s][info][gc,heap        ] GC(389) PSYoungGen: 160192K(236544K)->10688K(235520K) Eden: 149504K(149504K)->0K(160256K) From: 10688K(87040K)->10688K(75264K)
[121.186s][info][gc,heap        ] GC(389) ParOldGen: 472198K(667648K)->472198K(667648K)
[121.186s][info][gc,metaspace   ] GC(389) Metaspace: 18296K(18432K)->18296K(18432K) NonClass: 15632K(15680K)->15632K(15680K) Class: 2664K(2752K)->2664K(2752K)
[121.186s][info][gc             ] GC(389) Pause Young (Allocation Failure) 617M->471M(882M) 16.241ms
[121.186s][info][gc,cpu         ] GC(389) User=0.03s Sys=0.00s Real=0.01s
[121.388s][info][gc,start       ] GC(390) Pause Young (Allocation Failure)
[121.404s][info][gc,heap        ] GC(390) PSYoungGen: 170944K(235520K)->10688K(240128K) Eden: 160256K(160256K)->0K(160256K) From: 10688K(75264K)->10688K(79872K)
[121.404s][info][gc,heap        ] GC(390) ParOldGen: 472198K(667648K)->472198K(667648K)
[121.404s][info][gc,metaspace   ] GC(390) Metaspace: 18296K(18432K)->18296K(18432K) NonClass: 15632K(15680K)->15632K(15680K) Class: 2664K(2752K)->2664K(2752K)
[121.404s][info][gc             ] GC(390) Pause Young (Allocation Failure) 628M->471M(886M) 15.968ms
[121.404s][info][gc,cpu         ] GC(390) User=0.03s Sys=0.00s Real=0.01s
[121.609s][info][gc,start       ] GC(391) Pause Young (Allocation Failure)
[121.625s][info][gc,heap        ] GC(391) PSYoungGen: 170944K(240128K)->10688K(238080K) Eden: 160256K(160256K)->0K(169984K) From: 10688K(79872K)->10688K(68096K)
[121.625s][info][gc,heap        ] GC(391) ParOldGen: 472198K(667648K)->472198K(667648K)
[121.625s][info][gc,metaspace   ] GC(391) Metaspace: 18296K(18432K)->18296K(18432K) NonClass: 15632K(15680K)->15632K(15680K) Class: 2664K(2752K)->2664K(2752K)
[121.625s][info][gc             ] GC(391) Pause Young (Allocation Failure) 628M->471M(884M) 16.068ms
[121.625s][info][gc,cpu         ] GC(391) User=0.03s Sys=0.00s Real=0.01s
[121.826s][info][gc,start       ] GC(392) Pause Young (Allocation Failure)
[121.851s][info][gc,heap        ] GC(392) PSYoungGen: 180672K(238080K)->20864K(242688K) Eden: 169984K(169984K)->0K(169984K) From: 10688K(68096K)->20864K(72704K)
[121.851s][info][gc,heap        ] GC(392) ParOldGen: 472198K(667648K)->472198K(667648K)
[121.851s][info][gc,metaspace   ] GC(392) Metaspace: 18296K(18432K)->18296K(18432K) NonClass: 15632K(15680K)->15632K(15680K) Class: 2664K(2752K)->2664K(2752K)
[121.851s][info][gc             ] GC(392) Pause Young (Allocation Failure) 637M->481M(889M) 25.428ms
[121.851s][info][gc,cpu         ] GC(392) User=0.05s Sys=0.00s Real=0.03s
[122.018s][info][gc,start       ] GC(393) Pause Young (Allocation Failure)
[122.063s][info][gc,heap        ] GC(393) PSYoungGen: 190848K(242688K)->42016K(245248K) Eden: 169984K(169984K)->0K(177664K) From: 20864K(72704K)->42016K(67584K)
[122.063s][info][gc,heap        ] GC(393) ParOldGen: 472198K(667648K)->472198K(667648K)
[122.063s][info][gc,metaspace   ] GC(393) Metaspace: 18296K(18432K)->18296K(18432K) NonClass: 15632K(15680K)->15632K(15680K) Class: 2664K(2752K)->2664K(2752K)
[122.063s][info][gc             ] GC(393) Pause Young (Allocation Failure) 647M->502M(891M) 45.114ms
[122.063s][info][gc,cpu         ] GC(393) User=0.09s Sys=0.00s Real=0.04s
[122.195s][info][gc,start       ] GC(394) Pause Young (Allocation Failure)
[122.244s][info][gc,heap        ] GC(394) PSYoungGen: 219680K(245248K)->47072K(248320K) Eden: 177664K(177664K)->0K(177664K) From: 42016K(67584K)->47072K(70656K)
[122.244s][info][gc,heap        ] GC(394) ParOldGen: 472198K(667648K)->472198K(667648K)
[122.244s][info][gc,metaspace   ] GC(394) Metaspace: 18296K(18432K)->18296K(18432K) NonClass: 15632K(15680K)->15632K(15680K) Class: 2664K(2752K)->2664K(2752K)
[122.244s][info][gc             ] GC(394) Pause Young (Allocation Failure) 675M->507M(894M) 48.652ms
[122.244s][info][gc,cpu         ] GC(394) User=0.10s Sys=0.00s Real=0.05s
[122.408s][info][gc,start       ] GC(395) Pause Young (Allocation Failure)
[122.471s][info][gc,heap        ] GC(395) PSYoungGen: 224736K(248320K)->58336K(244224K) Eden: 177664K(177664K)->0K(168960K) From: 47072K(70656K)->58336K(75264K)
[122.471s][info][gc,heap        ] GC(395) ParOldGen: 472198K(667648K)->472198K(667648K)
[122.471s][info][gc,metaspace   ] GC(395) Metaspace: 18300K(18432K)->18300K(18432K) NonClass: 15636K(15680K)->15636K(15680K) Class: 2664K(2752K)->2664K(2752K)
[122.471s][info][gc             ] GC(395) Pause Young (Allocation Failure) 680M->518M(890M) 63.517ms
[122.471s][info][gc,cpu         ] GC(395) User=0.12s Sys=0.00s Real=0.06s
[122.577s][info][gc,start       ] GC(396) Pause Young (Allocation Failure)
[122.652s][info][gc,heap        ] GC(396) PSYoungGen: 227296K(244224K)->72544K(241664K) Eden: 168960K(168960K)->0K(168960K) From: 58336K(75264K)->72544K(72704K)
[122.652s][info][gc,heap        ] GC(396) ParOldGen: 472198K(667648K)->472198K(667648K)
[122.652s][info][gc,metaspace   ] GC(396) Metaspace: 18300K(18432K)->18300K(18432K) NonClass: 15636K(15680K)->15636K(15680K) Class: 2664K(2752K)->2664K(2752K)
[122.652s][info][gc             ] GC(396) Pause Young (Allocation Failure) 683M->531M(888M) 74.964ms
[122.652s][info][gc,cpu         ] GC(396) User=0.15s Sys=0.00s Real=0.07s
[122.784s][info][gc,start       ] GC(397) Pause Young (Allocation Failure)
[122.882s][info][gc,heap        ] GC(397) PSYoungGen: 241504K(241664K)->83744K(214016K) Eden: 168960K(168960K)->0K(121856K) From: 72544K(72704K)->83744K(92160K)
[122.882s][info][gc,heap        ] GC(397) ParOldGen: 472198K(667648K)->482878K(667648K)
[122.882s][info][gc,metaspace   ] GC(397) Metaspace: 18300K(18432K)->18300K(18432K) NonClass: 15636K(15680K)->15636K(15680K) Class: 2664K(2752K)->2664K(2752K)
[122.882s][info][gc             ] GC(397) Pause Young (Allocation Failure) 696M->553M(861M) 97.587ms
[122.882s][info][gc,cpu         ] GC(397) User=0.19s Sys=0.01s Real=0.10s
[122.965s][info][gc,start       ] GC(398) Pause Young (Allocation Failure)
[123.058s][info][gc,heap        ] GC(398) PSYoungGen: 205600K(214016K)->99776K(221696K) Eden: 121856K(121856K)->0K(121856K) From: 83744K(92160K)->99776K(99840K)
[123.058s][info][gc,heap        ] GC(398) ParOldGen: 482878K(667648K)->482878K(667648K)
[123.058s][info][gc,metaspace   ] GC(398) Metaspace: 18300K(18432K)->18300K(18432K) NonClass: 15636K(15680K)->15636K(15680K) Class: 2664K(2752K)->2664K(2752K)
[123.058s][info][gc             ] GC(398) Pause Young (Allocation Failure) 672M->568M(868M) 93.189ms
[123.058s][info][gc,cpu         ] GC(398) User=0.19s Sys=0.00s Real=0.10s
[123.193s][info][gc,start       ] GC(399) Pause Young (Allocation Failure)
[123.304s][info][gc,heap        ] GC(399) PSYoungGen: 221632K(221696K)->103184K(222720K) Eden: 121856K(121856K)->0K(111616K) From: 99776K(99840K)->103184K(111104K)
[123.304s][info][gc,heap        ] GC(399) ParOldGen: 482878K(667648K)->482878K(667648K)
[123.304s][info][gc,metaspace   ] GC(399) Metaspace: 18301K(18432K)->18301K(18432K) NonClass: 15637K(15680K)->15637K(15680K) Class: 2664K(2752K)->2664K(2752K)
[123.304s][info][gc             ] GC(399) Pause Young (Allocation Failure) 687M->572M(869M) 111.138ms
[123.304s][info][gc,cpu         ] GC(399) User=0.22s Sys=0.00s Real=0.11s
[123.430s][info][gc,start       ] GC(400) Pause Young (Allocation Failure)
[123.525s][info][gc,heap        ] GC(400) PSYoungGen: 214800K(222720K)->93104K(222720K) Eden: 111616K(111616K)->0K(111616K) From: 103184K(111104K)->93104K(111104K)
[123.525s][info][gc,heap        ] GC(400) ParOldGen: 482878K(667648K)->493094K(667648K)
[123.525s][info][gc,metaspace   ] GC(400) Metaspace: 18301K(18432K)->18301K(18432K) NonClass: 15637K(15680K)->15637K(15680K) Class: 2664K(2752K)->2664K(2752K)
[123.525s][info][gc             ] GC(400) Pause Young (Allocation Failure) 681M->572M(869M) 95.086ms
[123.525s][info][gc,cpu         ] GC(400) User=0.19s Sys=0.00s Real=0.09s
[123.707s][info][gc,start       ] GC(401) Pause Young (Allocation Failure)
[123.805s][info][gc,heap        ] GC(401) PSYoungGen: 204720K(222720K)->79344K(222720K) Eden: 111616K(111616K)->0K(111616K) From: 93104K(111104K)->79344K(111104K)
[123.805s][info][gc,heap        ] GC(401) ParOldGen: 493094K(667648K)->519366K(667648K)
[123.805s][info][gc,metaspace   ] GC(401) Metaspace: 18301K(18432K)->18301K(18432K) NonClass: 15637K(15680K)->15637K(15680K) Class: 2664K(2752K)->2664K(2752K)
[123.805s][info][gc             ] GC(401) Pause Young (Allocation Failure) 681M->584M(869M) 98.717ms
[123.805s][info][gc,cpu         ] GC(401) User=0.19s Sys=0.00s Real=0.10s
[123.965s][info][gc,start       ] GC(402) Pause Young (Allocation Failure)
[124.052s][info][gc,heap        ] GC(402) PSYoungGen: 190960K(222720K)->64912K(222720K) Eden: 111616K(111616K)->0K(111616K) From: 79344K(111104K)->64912K(111104K)
[124.052s][info][gc,heap        ] GC(402) ParOldGen: 519366K(667648K)->544870K(667648K)
[124.052s][info][gc,metaspace   ] GC(402) Metaspace: 18301K(18432K)->18301K(18432K) NonClass: 15637K(15680K)->15637K(15680K) Class: 2664K(2752K)->2664K(2752K)
[124.052s][info][gc             ] GC(402) Pause Young (Allocation Failure) 693M->595M(869M) 86.921ms
[124.052s][info][gc,cpu         ] GC(402) User=0.17s Sys=0.00s Real=0.09s
[124.394s][info][gc,start       ] GC(403) Pause Young (Allocation Failure)
[124.457s][info][gc,heap        ] GC(403) PSYoungGen: 176528K(222720K)->27104K(222720K) Eden: 111616K(111616K)->0K(111616K) From: 64912K(111104K)->27104K(111104K)
[124.457s][info][gc,heap        ] GC(403) ParOldGen: 544870K(667648K)->582855K(667648K)
[124.457s][info][gc,metaspace   ] GC(403) Metaspace: 18302K(18432K)->18302K(18432K) NonClass: 15638K(15680K)->15638K(15680K) Class: 2664K(2752K)->2664K(2752K)
[124.457s][info][gc             ] GC(403) Pause Young (Allocation Failure) 704M->595M(869M) 62.979ms
[124.457s][info][gc,cpu         ] GC(403) User=0.13s Sys=0.00s Real=0.06s
[124.730s][info][gc,start       ] GC(404) Pause Young (Allocation Failure)
[124.757s][info][gc,heap        ] GC(404) PSYoungGen: 138720K(222720K)->23632K(222720K) Eden: 111616K(111616K)->0K(111616K) From: 27104K(111104K)->23632K(111104K)
[124.757s][info][gc,heap        ] GC(404) ParOldGen: 582855K(667648K)->586375K(667648K)
[124.757s][info][gc,metaspace   ] GC(404) Metaspace: 18302K(18432K)->18302K(18432K) NonClass: 15638K(15680K)->15638K(15680K) Class: 2664K(2752K)->2664K(2752K)
[124.757s][info][gc             ] GC(404) Pause Young (Allocation Failure) 704M->595M(869M) 27.454ms
[124.757s][info][gc,cpu         ] GC(404) User=0.05s Sys=0.00s Real=0.03s
[125.008s][info][gc,start       ] GC(405) Pause Young (Allocation Failure)
[125.033s][info][gc,heap        ] GC(405) PSYoungGen: 135248K(222720K)->96K(222720K) Eden: 111616K(111616K)->0K(111616K) From: 23632K(111104K)->96K(111104K)
[125.033s][info][gc,heap        ] GC(405) ParOldGen: 586375K(667648K)->609903K(667648K)
[125.033s][info][gc,metaspace   ] GC(405) Metaspace: 18302K(18432K)->18302K(18432K) NonClass: 15638K(15680K)->15638K(15680K) Class: 2664K(2752K)->2664K(2752K)
[125.033s][info][gc             ] GC(405) Pause Young (Allocation Failure) 704M->595M(869M) 25.044ms
[125.033s][info][gc,cpu         ] GC(405) User=0.05s Sys=0.00s Real=0.02s
[125.275s][info][gc,start       ] GC(406) Pause Young (Allocation Failure)
[125.277s][info][gc,heap        ] GC(406) PSYoungGen: 111712K(222720K)->64K(222720K) Eden: 111616K(111616K)->0K(111616K) From: 96K(111104K)->64K(111104K)
[125.277s][info][gc,heap        ] GC(406) ParOldGen: 609903K(667648K)->609991K(667648K)
[125.277s][info][gc,metaspace   ] GC(406) Metaspace: 18302K(18432K)->18302K(18432K) NonClass: 15638K(15680K)->15638K(15680K) Class: 2664K(2752K)->2664K(2752K)
[125.277s][info][gc             ] GC(406) Pause Young (Allocation Failure) 704M->595M(869M) 2.253ms
[125.277s][info][gc,cpu         ] GC(406) User=0.00s Sys=0.00s Real=0.01s
[125.519s][info][gc,start       ] GC(407) Pause Young (Allocation Failure)
[125.521s][info][gc,heap        ] GC(407) PSYoungGen: 111680K(222720K)->64K(222720K) Eden: 111616K(111616K)->0K(111616K) From: 64K(111104K)->64K(111104K)
[125.521s][info][gc,heap        ] GC(407) ParOldGen: 609991K(667648K)->610007K(667648K)
[125.521s][info][gc,metaspace   ] GC(407) Metaspace: 18302K(18432K)->18302K(18432K) NonClass: 15638K(15680K)->15638K(15680K) Class: 2664K(2752K)->2664K(2752K)
[125.521s][info][gc             ] GC(407) Pause Young (Allocation Failure) 704M->595M(869M) 2.005ms
[125.521s][info][gc,cpu         ] GC(407) User=0.01s Sys=0.00s Real=0.00s
[125.756s][info][gc,start       ] GC(408) Pause Young (Allocation Failure)
[125.758s][info][gc,heap        ] GC(408) PSYoungGen: 111680K(222720K)->384K(222720K) Eden: 111616K(111616K)->0K(111616K) From: 64K(111104K)->384K(111104K)
[125.758s][info][gc,heap        ] GC(408) ParOldGen: 610007K(667648K)->610023K(667648K)
[125.758s][info][gc,metaspace   ] GC(408) Metaspace: 18302K(18432K)->18302K(18432K) NonClass: 15638K(15680K)->15638K(15680K) Class: 2664K(2752K)->2664K(2752K)
[125.758s][info][gc             ] GC(408) Pause Young (Allocation Failure) 704M->596M(869M) 2.302ms
[125.758s][info][gc,cpu         ] GC(408) User=0.01s Sys=0.00s Real=0.01s
[126.019s][info][gc,start       ] GC(409) Pause Young (Allocation Failure)
[126.021s][info][gc,heap        ] GC(409) PSYoungGen: 112000K(222720K)->64K(222720K) Eden: 111616K(111616K)->0K(111616K) From: 384K(111104K)->64K(111104K)
[126.021s][info][gc,heap        ] GC(409) ParOldGen: 610023K(667648K)->610039K(667648K)
[126.021s][info][gc,metaspace   ] GC(409) Metaspace: 18302K(18432K)->18302K(18432K) NonClass: 15638K(15680K)->15638K(15680K) Class: 2664K(2752K)->2664K(2752K)
[126.021s][info][gc             ] GC(409) Pause Young (Allocation Failure) 705M->595M(869M) 2.022ms
[126.021s][info][gc,cpu         ] GC(409) User=0.00s Sys=0.00s Real=0.00s
[126.232s][info][gc,start       ] GC(410) Pause Young (Allocation Failure)
[126.236s][info][gc,heap        ] GC(410) PSYoungGen: 111680K(222720K)->2208K(222720K) Eden: 111616K(111616K)->0K(111616K) From: 64K(111104K)->2208K(111104K)
[126.236s][info][gc,heap        ] GC(410) ParOldGen: 610039K(667648K)->610055K(667648K)
[126.236s][info][gc,metaspace   ] GC(410) Metaspace: 18302K(18432K)->18302K(18432K) NonClass: 15638K(15680K)->15638K(15680K) Class: 2664K(2752K)->2664K(2752K)
[126.236s][info][gc             ] GC(410) Pause Young (Allocation Failure) 704M->597M(869M) 4.169ms
[126.236s][info][gc,cpu         ] GC(410) User=0.01s Sys=0.00s Real=0.00s
[126.356s][info][gc,start       ] GC(411) Pause Young (Allocation Failure)
[126.379s][info][gc,heap        ] GC(411) PSYoungGen: 113824K(222720K)->27360K(220672K) Eden: 111616K(111616K)->0K(111616K) From: 2208K(111104K)->27360K(109056K)
[126.379s][info][gc,heap        ] GC(411) ParOldGen: 610055K(667648K)->612231K(667648K)
[126.379s][info][gc,metaspace   ] GC(411) Metaspace: 18302K(18432K)->18302K(18432K) NonClass: 15638K(15680K)->15638K(15680K) Class: 2664K(2752K)->2664K(2752K)
[126.379s][info][gc             ] GC(411) Pause Young (Allocation Failure) 706M->624M(867M) 22.627ms
[126.379s][info][gc,cpu         ] GC(411) User=0.05s Sys=0.00s Real=0.03s
[126.454s][info][gc,start       ] GC(412) Pause Young (Allocation Failure)
[126.498s][info][gc,heap        ] GC(412) PSYoungGen: 138976K(220672K)->68320K(221696K) Eden: 111616K(111616K)->0K(111616K) From: 27360K(109056K)->68320K(110080K)
[126.498s][info][gc,heap        ] GC(412) ParOldGen: 612231K(667648K)->612231K(667648K)
[126.498s][info][gc,metaspace   ] GC(412) Metaspace: 18302K(18432K)->18302K(18432K) NonClass: 15638K(15680K)->15638K(15680K) Class: 2664K(2752K)->2664K(2752K)
[126.498s][info][gc             ] GC(412) Pause Young (Allocation Failure) 733M->664M(868M) 44.617ms
[126.498s][info][gc,cpu         ] GC(412) User=0.08s Sys=0.00s Real=0.05s
[126.671s][info][gc,start       ] GC(413) Pause Young (Allocation Failure)
[126.730s][info][gc,promotion   ] GC(413) Promotion failed
[126.730s][info][gc,heap        ] GC(413) PSYoungGen: 179936K(221696K)->179936K(221696K) Eden: 111616K(111616K)->111616K(111616K) From: 68320K(110080K)->68320K(110080K)
[126.730s][info][gc,heap        ] GC(413) ParOldGen: 612231K(667648K)->667647K(667648K)
[126.730s][info][gc,metaspace   ] GC(413) Metaspace: 18302K(18432K)->18302K(18432K) NonClass: 15638K(15680K)->15638K(15680K) Class: 2664K(2752K)->2664K(2752K)
[126.730s][info][gc             ] GC(413) Pause Young (Allocation Failure) 773M->827M(868M) 58.735ms
[126.730s][info][gc,cpu         ] GC(413) User=0.09s Sys=0.03s Real=0.06s
[126.730s][info][gc,start       ] GC(414) Pause Full (Allocation Failure)
[126.730s][info][gc,phases,start] GC(414) Marking Phase
[127.018s][info][gc,phases      ] GC(414) Marking Phase 287.584ms
[127.018s][info][gc,phases,start] GC(414) Summary Phase
[127.018s][info][gc,phases      ] GC(414) Summary Phase 0.026ms
[127.018s][info][gc,phases,start] GC(414) Forward
[127.154s][info][gc,phases      ] GC(414) Forward 136.287ms
[127.154s][info][gc,phases,start] GC(414) Adjust Pointers
[127.371s][info][gc,phases      ] GC(414) Adjust Pointers 216.460ms
[127.371s][info][gc,phases,start] GC(414) Compaction Phase
[127.501s][info][gc,phases      ] GC(414) Compaction Phase 130.148ms
[127.508s][info][gc,phases,start] GC(414) Post Compact
[127.510s][info][gc,phases      ] GC(414) Post Compact 2.414ms
[127.510s][info][gc,heap        ] GC(414) PSYoungGen: 179936K(221696K)->0K(222720K) Eden: 111616K(111616K)->0K(111616K) From: 68320K(110080K)->0K(111104K)
[127.510s][info][gc,heap        ] GC(414) ParOldGen: 667647K(667648K)->431642K(667648K)
[127.510s][info][gc,metaspace   ] GC(414) Metaspace: 18302K(18432K)->18302K(18432K) NonClass: 15638K(15680K)->15638K(15680K) Class: 2664K(2752K)->2664K(2752K)
[127.510s][info][gc             ] GC(414) Pause Full (Allocation Failure) 827M->421M(869M) 780.152ms
[127.510s][info][gc,cpu         ] GC(414) User=1.42s Sys=0.00s Real=0.78s
[127.662s][info][gc,start       ] GC(415) Pause Young (Allocation Failure)
[127.695s][info][gc,heap        ] GC(415) PSYoungGen: 111616K(222720K)->17024K(222720K) Eden: 111616K(111616K)->0K(111616K) From: 0K(111104K)->17024K(111104K)
[127.695s][info][gc,heap        ] GC(415) ParOldGen: 431642K(667648K)->431642K(667648K)
[127.695s][info][gc,metaspace   ] GC(415) Metaspace: 18302K(18432K)->18302K(18432K) NonClass: 15638K(15680K)->15638K(15680K) Class: 2664K(2752K)->2664K(2752K)
[127.695s][info][gc             ] GC(415) Pause Young (Allocation Failure) 530M->438M(869M) 32.534ms
[127.695s][info][gc,cpu         ] GC(415) User=0.07s Sys=0.00s Real=0.03s
[127.837s][info][gc,start       ] GC(416) Pause Young (Allocation Failure)
[127.878s][info][gc,heap        ] GC(416) PSYoungGen: 128640K(222720K)->36822K(211456K) Eden: 111616K(111616K)->0K(111616K) From: 17024K(111104K)->36822K(99840K)
[127.878s][info][gc,heap        ] GC(416) ParOldGen: 431642K(667648K)->431642K(667648K)
[127.878s][info][gc,metaspace   ] GC(416) Metaspace: 18302K(18432K)->18302K(18432K) NonClass: 15638K(15680K)->15638K(15680K) Class: 2664K(2752K)->2664K(2752K)
[127.878s][info][gc             ] GC(416) Pause Young (Allocation Failure) 547M->457M(858M) 41.085ms
[127.878s][info][gc,cpu         ] GC(416) User=0.08s Sys=0.00s Real=0.05s
[127.981s][info][gc,start       ] GC(417) Pause Young (Allocation Failure)
[128.080s][info][gc,heap        ] GC(417) PSYoungGen: 148438K(211456K)->67062K(217088K) Eden: 111616K(111616K)->0K(111616K) From: 36822K(99840K)->67062K(105472K)
[128.080s][info][gc,heap        ] GC(417) ParOldGen: 431642K(667648K)->431642K(667648K)
[128.080s][info][gc,metaspace   ] GC(417) Metaspace: 18302K(18432K)->18302K(18432K) NonClass: 15638K(15680K)->15638K(15680K) Class: 2664K(2752K)->2664K(2752K)
[128.080s][info][gc             ] GC(417) Pause Young (Allocation Failure) 566M->487M(864M) 98.763ms
[128.080s][info][gc,cpu         ] GC(417) User=0.19s Sys=0.00s Real=0.10s
[128.185s][info][gc,start       ] GC(418) Pause Young (Allocation Failure)
[128.261s][info][gc,heap        ] GC(418) PSYoungGen: 178678K(217088K)->60320K(222720K) Eden: 111616K(111616K)->0K(111616K) From: 67062K(105472K)->60320K(111104K)
[128.261s][info][gc,heap        ] GC(418) ParOldGen: 431642K(667648K)->468633K(667648K)
[128.261s][info][gc,metaspace   ] GC(418) Metaspace: 18302K(18432K)->18302K(18432K) NonClass: 15638K(15680K)->15638K(15680K) Class: 2664K(2752K)->2664K(2752K)
[128.261s][info][gc             ] GC(418) Pause Young (Allocation Failure) 596M->516M(869M) 75.973ms
[128.261s][info][gc,cpu         ] GC(418) User=0.15s Sys=0.00s Real=0.08s
[128.429s][info][gc,start       ] GC(419) Pause Young (Allocation Failure)
[128.496s][info][gc,heap        ] GC(419) PSYoungGen: 171936K(222720K)->96K(222720K) Eden: 111616K(111616K)->0K(111616K) From: 60320K(111104K)->96K(111104K)
[128.496s][info][gc,heap        ] GC(419) ParOldGen: 468633K(667648K)->529369K(667648K)
[128.496s][info][gc,metaspace   ] GC(419) Metaspace: 18302K(18432K)->18302K(18432K) NonClass: 15638K(15680K)->15638K(15680K) Class: 2664K(2752K)->2664K(2752K)
[128.496s][info][gc             ] GC(419) Pause Young (Allocation Failure) 625M->517M(869M) 67.369ms
[128.496s][info][gc,cpu         ] GC(419) User=0.13s Sys=0.00s Real=0.06s
[128.644s][info][gc,start       ] GC(420) Pause Young (Allocation Failure)
[128.647s][info][gc,heap        ] GC(420) PSYoungGen: 111712K(222720K)->96K(220672K) Eden: 111616K(111616K)->0K(111616K) From: 96K(111104K)->96K(109056K)
[128.647s][info][gc,heap        ] GC(420) ParOldGen: 529369K(667648K)->529433K(667648K)
[128.647s][info][gc,metaspace   ] GC(420) Metaspace: 18302K(18432K)->18302K(18432K) NonClass: 15638K(15680K)->15638K(15680K) Class: 2664K(2752K)->2664K(2752K)
[128.647s][info][gc             ] GC(420) Pause Young (Allocation Failure) 626M->517M(867M) 3.697ms
[128.647s][info][gc,cpu         ] GC(420) User=0.00s Sys=0.00s Real=0.00s
[128.759s][info][gc,start       ] GC(421) Pause Young (Allocation Failure)
[128.763s][info][gc,heap        ] GC(421) PSYoungGen: 111712K(220672K)->128K(221696K) Eden: 111616K(111616K)->0K(111616K) From: 96K(109056K)->128K(110080K)
[128.764s][info][gc,heap        ] GC(421) ParOldGen: 529433K(667648K)->529489K(667648K)
[128.764s][info][gc,metaspace   ] GC(421) Metaspace: 18302K(18432K)->18302K(18432K) NonClass: 15638K(15680K)->15638K(15680K) Class: 2664K(2752K)->2664K(2752K)
[128.764s][info][gc             ] GC(421) Pause Young (Allocation Failure) 626M->517M(868M) 4.068ms
[128.764s][info][gc,cpu         ] GC(421) User=0.01s Sys=0.00s Real=0.00s
[128.875s][info][gc,start       ] GC(422) Pause Young (Allocation Failure)
[128.879s][info][gc,heap        ] GC(422) PSYoungGen: 111744K(221696K)->256K(218624K) Eden: 111616K(111616K)->0K(116736K) From: 128K(110080K)->256K(101888K)
[128.879s][info][gc,heap        ] GC(422) ParOldGen: 529489K(667648K)->529489K(667648K)
[128.879s][info][gc,metaspace   ] GC(422) Metaspace: 18302K(18432K)->18302K(18432K) NonClass: 15638K(15680K)->15638K(15680K) Class: 2664K(2752K)->2664K(2752K)
[128.879s][info][gc             ] GC(422) Pause Young (Allocation Failure) 626M->517M(865M) 4.322ms
[128.879s][info][gc,cpu         ] GC(422) User=0.00s Sys=0.00s Real=0.01s
[128.997s][info][gc,start       ] GC(423) Pause Young (Allocation Failure)
[129.001s][info][gc,heap        ] GC(423) PSYoungGen: 116992K(218624K)->320K(220160K) Eden: 116736K(116736K)->0K(116736K) From: 256K(101888K)->320K(103424K)
[129.001s][info][gc,heap        ] GC(423) ParOldGen: 529489K(667648K)->529489K(667648K)
[129.001s][info][gc,metaspace   ] GC(423) Metaspace: 18302K(18432K)->18302K(18432K) NonClass: 15638K(15680K)->15638K(15680K) Class: 2664K(2752K)->2664K(2752K)
[129.001s][info][gc             ] GC(423) Pause Young (Allocation Failure) 631M->517M(867M) 4.400ms
[129.001s][info][gc,cpu         ] GC(423) User=0.00s Sys=0.00s Real=0.01s
[129.119s][info][gc,start       ] GC(424) Pause Young (Allocation Failure)
[129.124s][info][gc,heap        ] GC(424) PSYoungGen: 117056K(220160K)->384K(215040K) Eden: 116736K(116736K)->0K(124416K) From: 320K(103424K)->384K(90624K)
[129.124s][info][gc,heap        ] GC(424) ParOldGen: 529489K(667648K)->529489K(667648K)
[129.124s][info][gc,metaspace   ] GC(424) Metaspace: 18302K(18432K)->18302K(18432K) NonClass: 15638K(15680K)->15638K(15680K) Class: 2664K(2752K)->2664K(2752K)
[129.124s][info][gc             ] GC(424) Pause Young (Allocation Failure) 631M->517M(862M) 5.106ms
[129.124s][info][gc,cpu         ] GC(424) User=0.01s Sys=0.00s Real=0.00s
[129.250s][info][gc,start       ] GC(425) Pause Young (Allocation Failure)
[129.253s][info][gc,heap        ] GC(425) PSYoungGen: 124800K(215040K)->512K(220160K) Eden: 124416K(124416K)->0K(124416K) From: 384K(90624K)->512K(95744K)
[129.253s][info][gc,heap        ] GC(425) ParOldGen: 529489K(667648K)->529489K(667648K)
[129.253s][info][gc,metaspace   ] GC(425) Metaspace: 18302K(18432K)->18302K(18432K) NonClass: 15638K(15680K)->15638K(15680K) Class: 2664K(2752K)->2664K(2752K)
[129.253s][info][gc             ] GC(425) Pause Young (Allocation Failure) 638M->517M(867M) 3.309ms
[129.253s][info][gc,cpu         ] GC(425) User=0.01s Sys=0.00s Real=0.00s
[129.377s][info][gc,start       ] GC(426) Pause Young (Allocation Failure)
[129.380s][info][gc,heap        ] GC(426) PSYoungGen: 124928K(220160K)->608K(211968K) Eden: 124416K(124416K)->0K(130560K) From: 512K(95744K)->608K(81408K)
[129.380s][info][gc,heap        ] GC(426) ParOldGen: 529489K(667648K)->529489K(667648K)
[129.380s][info][gc,metaspace   ] GC(426) Metaspace: 18302K(18432K)->18302K(18432K) NonClass: 15638K(15680K)->15638K(15680K) Class: 2664K(2752K)->2664K(2752K)
[129.381s][info][gc             ] GC(426) Pause Young (Allocation Failure) 639M->517M(859M) 3.386ms
[129.381s][info][gc,cpu         ] GC(426) User=0.00s Sys=0.00s Real=0.01s
[129.513s][info][gc,start       ] GC(427) Pause Young (Allocation Failure)
[129.516s][info][gc,heap        ] GC(427) PSYoungGen: 131168K(211968K)->672K(217600K) Eden: 130560K(130560K)->0K(130560K) From: 608K(81408K)->672K(87040K)
[129.516s][info][gc,heap        ] GC(427) ParOldGen: 529489K(667648K)->529489K(667648K)
[129.516s][info][gc,metaspace   ] GC(427) Metaspace: 18302K(18432K)->18302K(18432K) NonClass: 15638K(15680K)->15638K(15680K) Class: 2664K(2752K)->2664K(2752K)
[129.516s][info][gc             ] GC(427) Pause Young (Allocation Failure) 645M->517M(864M) 3.154ms
[129.516s][info][gc,cpu         ] GC(427) User=0.01s Sys=0.00s Real=0.00s
[129.652s][info][gc,start       ] GC(428) Pause Young (Allocation Failure)
[129.665s][info][gc,heap        ] GC(428) PSYoungGen: 131232K(217600K)->4032K(210432K) Eden: 130560K(130560K)->0K(136704K) From: 672K(87040K)->4032K(73728K)
[129.665s][info][gc,heap        ] GC(428) ParOldGen: 529489K(667648K)->529489K(667648K)
[129.665s][info][gc,metaspace   ] GC(428) Metaspace: 18302K(18432K)->18302K(18432K) NonClass: 15638K(15680K)->15638K(15680K) Class: 2664K(2752K)->2664K(2752K)
[129.665s][info][gc             ] GC(428) Pause Young (Allocation Failure) 645M->521M(857M) 13.577ms
[129.665s][info][gc,cpu         ] GC(428) User=0.03s Sys=0.00s Real=0.01s
[129.846s][info][gc,start       ] GC(429) Pause Young (Allocation Failure)
[129.880s][info][gc,heap        ] GC(429) PSYoungGen: 140736K(210432K)->19563K(214528K) Eden: 136704K(136704K)->0K(136704K) From: 4032K(73728K)->19563K(77824K)
[129.880s][info][gc,heap        ] GC(429) ParOldGen: 529489K(667648K)->529489K(667648K)
[129.880s][info][gc,metaspace   ] GC(429) Metaspace: 18302K(18432K)->18302K(18432K) NonClass: 15638K(15680K)->15638K(15680K) Class: 2664K(2752K)->2664K(2752K)
[129.880s][info][gc             ] GC(429) Pause Young (Allocation Failure) 654M->536M(861M) 34.136ms
[129.880s][info][gc,cpu         ] GC(429) User=0.06s Sys=0.01s Real=0.04s
[130.033s][info][gc,start       ] GC(430) Pause Young (Allocation Failure)
[130.075s][info][gc,heap        ] GC(430) PSYoungGen: 156267K(214528K)->30379K(217600K) Eden: 136704K(136704K)->0K(144384K) From: 19563K(77824K)->30379K(73216K)
[130.075s][info][gc,heap        ] GC(430) ParOldGen: 529489K(667648K)->529489K(667648K)
[130.075s][info][gc,metaspace   ] GC(430) Metaspace: 18302K(18432K)->18302K(18432K) NonClass: 15638K(15680K)->15638K(15680K) Class: 2664K(2752K)->2664K(2752K)
[130.075s][info][gc             ] GC(430) Pause Young (Allocation Failure) 669M->546M(864M) 42.431ms
[130.075s][info][gc,cpu         ] GC(430) User=0.08s Sys=0.00s Real=0.04s
[130.213s][info][gc,start       ] GC(431) Pause Young (Allocation Failure)
[130.279s][info][gc,heap        ] GC(431) PSYoungGen: 174763K(217600K)->51179K(218112K) Eden: 144384K(144384K)->0K(144384K) From: 30379K(73216K)->51179K(73728K)
[130.279s][info][gc,heap        ] GC(431) ParOldGen: 529489K(667648K)->529489K(667648K)
[130.279s][info][gc,metaspace   ] GC(431) Metaspace: 18302K(18432K)->18302K(18432K) NonClass: 15638K(15680K)->15638K(15680K) Class: 2664K(2752K)->2664K(2752K)
[130.279s][info][gc             ] GC(431) Pause Young (Allocation Failure) 687M->567M(865M) 66.016ms
[130.279s][info][gc,cpu         ] GC(431) User=0.13s Sys=0.00s Real=0.07s
[130.385s][info][gc,start       ] GC(432) Pause Young (Allocation Failure)
[130.455s][info][gc,heap        ] GC(432) PSYoungGen: 195563K(218112K)->55243K(231424K) Eden: 144384K(144384K)->0K(150528K) From: 51179K(73728K)->55243K(80896K)
[130.455s][info][gc,heap        ] GC(432) ParOldGen: 529489K(667648K)->529489K(667648K)
[130.455s][info][gc,metaspace   ] GC(432) Metaspace: 18302K(18432K)->18302K(18432K) NonClass: 15638K(15680K)->15638K(15680K) Class: 2664K(2752K)->2664K(2752K)
[130.455s][info][gc             ] GC(432) Pause Young (Allocation Failure) 708M->571M(878M) 70.071ms
[130.456s][info][gc,cpu         ] GC(432) User=0.13s Sys=0.00s Real=0.07s
[130.593s][info][gc,start       ] GC(433) Pause Young (Allocation Failure)
[130.662s][info][gc,heap        ] GC(433) PSYoungGen: 205771K(231424K)->56299K(238592K) Eden: 150528K(150528K)->0K(150528K) From: 55243K(80896K)->56299K(88064K)
[130.662s][info][gc,heap        ] GC(433) ParOldGen: 529489K(667648K)->529601K(667648K)
[130.662s][info][gc,metaspace   ] GC(433) Metaspace: 18302K(18432K)->18302K(18432K) NonClass: 15638K(15680K)->15638K(15680K) Class: 2664K(2752K)->2664K(2752K)
[130.662s][info][gc             ] GC(433) Pause Young (Allocation Failure) 718M->572M(885M) 69.688ms
[130.662s][info][gc,cpu         ] GC(433) User=0.14s Sys=0.00s Real=0.07s
[130.816s][info][gc,start       ] GC(434) Pause Young (Allocation Failure)
[130.890s][info][gc,heap        ] GC(434) PSYoungGen: 206827K(238592K)->59531K(228864K) Eden: 150528K(150528K)->0K(135168K) From: 56299K(88064K)->59531K(93696K)
[130.891s][info][gc,heap        ] GC(434) ParOldGen: 529601K(667648K)->529793K(667648K)
[130.891s][info][gc,metaspace   ] GC(434) Metaspace: 18302K(18432K)->18302K(18432K) NonClass: 15638K(15680K)->15638K(15680K) Class: 2664K(2752K)->2664K(2752K)
[130.891s][info][gc             ] GC(434) Pause Young (Allocation Failure) 719M->575M(875M) 74.609ms
[130.891s][info][gc,cpu         ] GC(434) User=0.14s Sys=0.01s Real=0.08s
[131.004s][info][gc,start       ] GC(435) Pause Young (Allocation Failure)
[131.085s][info][gc,heap        ] GC(435) PSYoungGen: 194699K(228864K)->67659K(203264K) Eden: 135168K(135168K)->0K(135168K) From: 59531K(93696K)->67659K(68096K)
[131.085s][info][gc,heap        ] GC(435) ParOldGen: 529793K(667648K)->529977K(667648K)
[131.085s][info][gc,metaspace   ] GC(435) Metaspace: 18302K(18432K)->18302K(18432K) NonClass: 15638K(15680K)->15638K(15680K) Class: 2664K(2752K)->2664K(2752K)
[131.085s][info][gc             ] GC(435) Pause Young (Allocation Failure) 707M->583M(850M) 81.039ms
[131.085s][info][gc,cpu         ] GC(435) User=0.16s Sys=0.00s Real=0.08s
[131.226s][info][gc,start       ] GC(436) Pause Young (Allocation Failure)
[131.324s][info][gc,heap        ] GC(436) PSYoungGen: 202827K(203264K)->82684K(218112K) Eden: 135168K(135168K)->0K(111616K) From: 67659K(68096K)->82684K(106496K)
[131.324s][info][gc,heap        ] GC(436) ParOldGen: 529977K(667648K)->530161K(667648K)
[131.324s][info][gc,metaspace   ] GC(436) Metaspace: 18302K(18432K)->18302K(18432K) NonClass: 15638K(15680K)->15638K(15680K) Class: 2664K(2752K)->2664K(2752K)
[131.324s][info][gc             ] GC(436) Pause Young (Allocation Failure) 715M->598M(865M) 97.752ms
[131.324s][info][gc,cpu         ] GC(436) User=0.19s Sys=0.00s Real=0.10s
[131.482s][info][gc,start       ] GC(437) Pause Young (Allocation Failure)
[131.581s][info][gc,heap        ] GC(437) PSYoungGen: 194300K(218112K)->63808K(222720K) Eden: 111616K(111616K)->0K(111616K) From: 82684K(106496K)->63808K(111104K)
[131.581s][info][gc,heap        ] GC(437) ParOldGen: 530161K(667648K)->549105K(667648K)
[131.581s][info][gc,metaspace   ] GC(437) Metaspace: 18302K(18432K)->18302K(18432K) NonClass: 15638K(15680K)->15638K(15680K) Class: 2664K(2752K)->2664K(2752K)
[131.581s][info][gc             ] GC(437) Pause Young (Allocation Failure) 707M->598M(869M) 98.918ms
[131.581s][info][gc,cpu         ] GC(437) User=0.19s Sys=0.00s Real=0.10s
[131.802s][info][gc,start       ] GC(438) Pause Young (Allocation Failure)
[131.874s][info][gc,heap        ] GC(438) PSYoungGen: 175424K(222720K)->41136K(222720K) Eden: 111616K(111616K)->0K(111616K) From: 63808K(111104K)->41136K(111104K)
[131.874s][info][gc,heap        ] GC(438) ParOldGen: 549105K(667648K)->580801K(667648K)
[131.874s][info][gc,metaspace   ] GC(438) Metaspace: 18303K(18432K)->18303K(18432K) NonClass: 15639K(15680K)->15639K(15680K) Class: 2664K(2752K)->2664K(2752K)
[131.874s][info][gc             ] GC(438) Pause Young (Allocation Failure) 707M->607M(869M) 72.704ms
[131.874s][info][gc,cpu         ] GC(438) User=0.14s Sys=0.00s Real=0.07s
[131.991s][info][gc,start       ] GC(439) Pause Young (Allocation Failure)
[132.049s][info][gc,heap        ] GC(439) PSYoungGen: 152752K(222720K)->53152K(164864K) Eden: 111616K(111616K)->0K(111616K) From: 41136K(111104K)->53152K(53248K)
[132.049s][info][gc,heap        ] GC(439) ParOldGen: 580801K(667648K)->586033K(667648K)
[132.049s][info][gc,metaspace   ] GC(439) Metaspace: 18303K(18432K)->18303K(18432K) NonClass: 15639K(15680K)->15639K(15680K) Class: 2664K(2752K)->2664K(2752K)
[132.049s][info][gc             ] GC(439) Pause Young (Allocation Failure) 716M->624M(813M) 58.404ms
[132.049s][info][gc,cpu         ] GC(439) User=0.11s Sys=0.00s Real=0.06s
[132.183s][info][gc,start       ] GC(440) Pause Young (Allocation Failure)
[132.248s][info][gc,heap        ] GC(440) PSYoungGen: 164768K(164864K)->56336K(222208K) Eden: 111616K(111616K)->0K(113152K) From: 53152K(53248K)->56336K(109056K)
[132.248s][info][gc,heap        ] GC(440) ParOldGen: 586033K(667648K)->597769K(667648K)
[132.248s][info][gc,metaspace   ] GC(440) Metaspace: 18303K(18432K)->18303K(18432K) NonClass: 15639K(15680K)->15639K(15680K) Class: 2664K(2752K)->2664K(2752K)
[132.248s][info][gc             ] GC(440) Pause Young (Allocation Failure) 733M->638M(869M) 65.852ms
[132.248s][info][gc,cpu         ] GC(440) User=0.13s Sys=0.00s Real=0.07s
[132.343s][info][gc,start       ] GC(441) Pause Young (Allocation Failure)
[132.398s][info][gc,heap        ] GC(441) PSYoungGen: 169488K(222208K)->41760K(155136K) Eden: 113152K(113152K)->0K(113152K) From: 56336K(109056K)->41760K(41984K)
[132.398s][info][gc,heap        ] GC(441) ParOldGen: 597769K(667648K)->613041K(667648K)
[132.398s][info][gc,metaspace   ] GC(441) Metaspace: 18303K(18432K)->18303K(18432K) NonClass: 15639K(15680K)->15639K(15680K) Class: 2664K(2752K)->2664K(2752K)
[132.398s][info][gc             ] GC(441) Pause Young (Allocation Failure) 749M->639M(803M) 55.129ms
[132.398s][info][gc,cpu         ] GC(441) User=0.11s Sys=0.00s Real=0.06s
[132.522s][info][gc,start       ] GC(442) Pause Young (Allocation Failure)
[132.565s][info][gc,heap        ] GC(442) PSYoungGen: 154912K(155136K)->17472K(220160K) Eden: 113152K(113152K)->0K(118784K) From: 41760K(41984K)->17472K(101376K)
[132.565s][info][gc,heap        ] GC(442) ParOldGen: 613041K(667648K)->639201K(667648K)
[132.565s][info][gc,metaspace   ] GC(442) Metaspace: 18303K(18432K)->18303K(18432K) NonClass: 15639K(15680K)->15639K(15680K) Class: 2664K(2752K)->2664K(2752K)
[132.565s][info][gc             ] GC(442) Pause Young (Allocation Failure) 749M->641M(867M) 43.427ms
[132.565s][info][gc,cpu         ] GC(442) User=0.09s Sys=0.00s Real=0.04s
[132.685s][info][gc,start       ] GC(443) Pause Full (Allocation Failure)
[132.685s][info][gc,phases,start] GC(443) Marking Phase
[132.923s][info][gc,phases      ] GC(443) Marking Phase 238.315ms
[132.923s][info][gc,phases,start] GC(443) Summary Phase
[132.923s][info][gc,phases      ] GC(443) Summary Phase 0.024ms
[132.923s][info][gc,phases,start] GC(443) Forward
[133.043s][info][gc,phases      ] GC(443) Forward 119.321ms
[133.043s][info][gc,phases,start] GC(443) Adjust Pointers
[133.231s][info][gc,phases      ] GC(443) Adjust Pointers 188.094ms
[133.231s][info][gc,phases,start] GC(443) Compaction Phase
[133.342s][info][gc,phases      ] GC(443) Compaction Phase 111.014ms
[133.354s][info][gc,phases,start] GC(443) Post Compact
[133.356s][info][gc,phases      ] GC(443) Post Compact 2.224ms
[133.358s][info][gc,heap        ] GC(443) PSYoungGen: 136256K(220160K)->0K(218624K) Eden: 118784K(118784K)->0K(118784K) From: 17472K(101376K)->0K(99840K)
[133.358s][info][gc,heap        ] GC(443) ParOldGen: 639201K(667648K)->354013K(646656K)
[133.358s][info][gc,metaspace   ] GC(443) Metaspace: 18303K(18432K)->18303K(18432K) NonClass: 15639K(15680K)->15639K(15680K) Class: 2664K(2752K)->2664K(2752K)
[133.358s][info][gc             ] GC(443) Pause Full (Allocation Failure) 757M->345M(845M) 672.856ms
[133.358s][info][gc,cpu         ] GC(443) User=1.20s Sys=0.01s Real=0.68s
[133.457s][info][gc,start       ] GC(444) Pause Young (Allocation Failure)
[133.459s][info][gc,heap        ] GC(444) PSYoungGen: 118784K(218624K)->64K(231424K) Eden: 118784K(118784K)->0K(131584K) From: 0K(99840K)->64K(99840K)
[133.459s][info][gc,heap        ] GC(444) ParOldGen: 354013K(646656K)->354013K(646656K)
[133.459s][info][gc,metaspace   ] GC(444) Metaspace: 18303K(18432K)->18303K(18432K) NonClass: 15639K(15680K)->15639K(15680K) Class: 2664K(2752K)->2664K(2752K)
[133.459s][info][gc             ] GC(444) Pause Young (Allocation Failure) 461M->345M(857M) 1.561ms
[133.459s][info][gc,cpu         ] GC(444) User=0.01s Sys=0.00s Real=0.01s
[133.627s][info][gc,start       ] GC(445) Pause Young (Allocation Failure)
[133.640s][info][gc,heap        ] GC(445) PSYoungGen: 131648K(231424K)->7168K(232448K) Eden: 131584K(131584K)->0K(131584K) From: 64K(99840K)->7168K(100864K)
[133.640s][info][gc,heap        ] GC(445) ParOldGen: 354013K(646656K)->354021K(646656K)
[133.640s][info][gc,metaspace   ] GC(445) Metaspace: 18303K(18432K)->18303K(18432K) NonClass: 15639K(15680K)->15639K(15680K) Class: 2664K(2752K)->2664K(2752K)
[133.640s][info][gc             ] GC(445) Pause Young (Allocation Failure) 474M->352M(858M) 12.797ms
[133.640s][info][gc,cpu         ] GC(445) User=0.02s Sys=0.00s Real=0.01s
[133.818s][info][gc,start       ] GC(446) Pause Young (Allocation Failure)
[133.835s][info][gc,heap        ] GC(446) PSYoungGen: 138752K(232448K)->8256K(227840K) Eden: 131584K(131584K)->0K(133120K) From: 7168K(100864K)->8256K(94720K)
[133.835s][info][gc,heap        ] GC(446) ParOldGen: 354021K(646656K)->361155K(646656K)
[133.835s][info][gc,metaspace   ] GC(446) Metaspace: 18303K(18432K)->18303K(18432K) NonClass: 15639K(15680K)->15639K(15680K) Class: 2664K(2752K)->2664K(2752K)
[133.835s][info][gc             ] GC(446) Pause Young (Allocation Failure) 481M->360M(854M) 16.211ms
[133.835s][info][gc,cpu         ] GC(446) User=0.03s Sys=0.00s Real=0.01s
[134.197s][info][gc,start       ] GC(447) Pause Young (Allocation Failure)
[134.207s][info][gc,heap        ] GC(447) PSYoungGen: 141376K(227840K)->192K(230400K) Eden: 133120K(133120K)->0K(133120K) From: 8256K(94720K)->192K(97280K)
[134.207s][info][gc,heap        ] GC(447) ParOldGen: 361155K(646656K)->369419K(646656K)
[134.207s][info][gc,metaspace   ] GC(447) Metaspace: 18305K(18496K)->18305K(18496K) NonClass: 15641K(15744K)->15641K(15744K) Class: 2664K(2752K)->2664K(2752K)
[134.207s][info][gc             ] GC(447) Pause Young (Allocation Failure) 490M->360M(856M) 9.869ms
[134.207s][info][gc,cpu         ] GC(447) User=0.01s Sys=0.00s Real=0.01s
[134.504s][info][gc,start       ] GC(448) Pause Young (Allocation Failure)
[134.506s][info][gc,heap        ] GC(448) PSYoungGen: 133312K(230400K)->400K(231424K) Eden: 133120K(133120K)->0K(140288K) From: 192K(97280K)->400K(91136K)
[134.506s][info][gc,heap        ] GC(448) ParOldGen: 369419K(646656K)->369419K(646656K)
[134.506s][info][gc,metaspace   ] GC(448) Metaspace: 18305K(18496K)->18305K(18496K) NonClass: 15641K(15744K)->15641K(15744K) Class: 2664K(2752K)->2664K(2752K)
[134.506s][info][gc             ] GC(448) Pause Young (Allocation Failure) 490M->361M(857M) 2.200ms
[134.506s][info][gc,cpu         ] GC(448) User=0.01s Sys=0.00s Real=0.00s
[134.778s][info][gc,start       ] GC(449) Pause Young (Allocation Failure)
[134.781s][info][gc,heap        ] GC(449) PSYoungGen: 140688K(231424K)->304K(234496K) Eden: 140288K(140288K)->0K(140288K) From: 400K(91136K)->304K(94208K)
[134.781s][info][gc,heap        ] GC(449) ParOldGen: 369419K(646656K)->369419K(646656K)
[134.781s][info][gc,metaspace   ] GC(449) Metaspace: 18305K(18496K)->18305K(18496K) NonClass: 15641K(15744K)->15641K(15744K) Class: 2664K(2752K)->2664K(2752K)
[134.781s][info][gc             ] GC(449) Pause Young (Allocation Failure) 498M->361M(860M) 2.641ms
[134.781s][info][gc,cpu         ] GC(449) User=0.00s Sys=0.00s Real=0.00s
[135.141s][info][gc,start       ] GC(450) Pause Young (Allocation Failure)
[135.144s][info][gc,heap        ] GC(450) PSYoungGen: 140592K(234496K)->496K(231936K) Eden: 140288K(140288K)->0K(147456K) From: 304K(94208K)->496K(84480K)
[135.144s][info][gc,heap        ] GC(450) ParOldGen: 369419K(646656K)->369419K(646656K)
[135.144s][info][gc,metaspace   ] GC(450) Metaspace: 18305K(18496K)->18305K(18496K) NonClass: 15641K(15744K)->15641K(15744K) Class: 2664K(2752K)->2664K(2752K)
[135.144s][info][gc             ] GC(450) Pause Young (Allocation Failure) 498M->361M(858M) 2.646ms
[135.144s][info][gc,cpu         ] GC(450) User=0.00s Sys=0.00s Real=0.00s
[135.341s][info][gc,start       ] GC(451) Pause Young (Allocation Failure)
[135.375s][info][gc,heap        ] GC(451) PSYoungGen: 147952K(231936K)->31456K(236032K) Eden: 147456K(147456K)->0K(147456K) From: 496K(84480K)->31456K(88576K)
[135.375s][info][gc,heap        ] GC(451) ParOldGen: 369419K(646656K)->369419K(646656K)
[135.375s][info][gc,metaspace   ] GC(451) Metaspace: 18306K(18496K)->18306K(18496K) NonClass: 15642K(15744K)->15642K(15744K) Class: 2664K(2752K)->2664K(2752K)
[135.375s][info][gc             ] GC(451) Pause Young (Allocation Failure) 505M->391M(862M) 33.967ms
[135.375s][info][gc,cpu         ] GC(451) User=0.06s Sys=0.00s Real=0.03s
[135.455s][info][gc,start       ] GC(452) Pause Young (Allocation Failure)
[135.534s][info][gc,heap        ] GC(452) PSYoungGen: 178912K(236032K)->85478K(206336K) Eden: 147456K(147456K)->0K(120832K) From: 31456K(88576K)->85478K(85504K)
[135.534s][info][gc,heap        ] GC(452) ParOldGen: 369419K(646656K)->379275K(646656K)
[135.534s][info][gc,metaspace   ] GC(452) Metaspace: 18306K(18496K)->18306K(18496K) NonClass: 15642K(15744K)->15642K(15744K) Class: 2664K(2752K)->2664K(2752K)
[135.534s][info][gc             ] GC(452) Pause Young (Allocation Failure) 535M->453M(833M) 78.724ms
[135.534s][info][gc,cpu         ] GC(452) User=0.14s Sys=0.02s Real=0.08s
[135.609s][info][gc,start       ] GC(453) Pause Young (Allocation Failure)
[135.703s][info][gc,heap        ] GC(453) PSYoungGen: 206310K(206336K)->106480K(227328K) Eden: 120832K(120832K)->0K(120832K) From: 85478K(85504K)->106480K(106496K)
[135.703s][info][gc,heap        ] GC(453) ParOldGen: 379275K(646656K)->409314K(646656K)
[135.703s][info][gc,metaspace   ] GC(453) Metaspace: 18306K(18496K)->18306K(18496K) NonClass: 15642K(15744K)->15642K(15744K) Class: 2664K(2752K)->2664K(2752K)
[135.703s][info][gc             ] GC(453) Pause Young (Allocation Failure) 571M->503M(853M) 94.232ms
[135.703s][info][gc,cpu         ] GC(453) User=0.18s Sys=0.00s Real=0.09s
[135.810s][info][gc,start       ] GC(454) Pause Young (Allocation Failure)
[135.933s][info][gc,heap        ] GC(454) PSYoungGen: 227312K(227328K)->106496K(218112K) Eden: 120832K(120832K)->0K(111616K) From: 106480K(106496K)->106496K(106496K)
[135.933s][info][gc,heap        ] GC(454) ParOldGen: 409314K(646656K)->445650K(646656K)
[135.933s][info][gc,metaspace   ] GC(454) Metaspace: 18306K(18496K)->18306K(18496K) NonClass: 15642K(15744K)->15642K(15744K) Class: 2664K(2752K)->2664K(2752K)
[135.933s][info][gc             ] GC(454) Pause Young (Allocation Failure) 621M->539M(844M) 123.509ms
[135.933s][info][gc,cpu         ] GC(454) User=0.24s Sys=0.00s Real=0.12s
[136.187s][info][gc,start       ] GC(455) Pause Young (Allocation Failure)
[136.319s][info][gc,heap        ] GC(455) PSYoungGen: 218112K(218112K)->78752K(222720K) Eden: 111616K(111616K)->0K(111616K) From: 106496K(106496K)->78752K(111104K)
[136.319s][info][gc,heap        ] GC(455) ParOldGen: 445650K(646656K)->505266K(646656K)
[136.319s][info][gc,metaspace   ] GC(455) Metaspace: 18306K(18496K)->18306K(18496K) NonClass: 15642K(15744K)->15642K(15744K) Class: 2664K(2752K)->2664K(2752K)
[136.319s][info][gc             ] GC(455) Pause Young (Allocation Failure) 648M->570M(849M) 131.323ms
[136.319s][info][gc,cpu         ] GC(455) User=0.26s Sys=0.00s Real=0.13s
[136.558s][info][gc,start       ] GC(456) Pause Young (Allocation Failure)
[136.630s][info][gc,heap        ] GC(456) PSYoungGen: 190368K(222720K)->32224K(222720K) Eden: 111616K(111616K)->0K(111616K) From: 78752K(111104K)->32224K(111104K)
[136.630s][info][gc,heap        ] GC(456) ParOldGen: 505266K(646656K)->553131K(646656K)
[136.630s][info][gc,metaspace   ] GC(456) Metaspace: 18306K(18496K)->18306K(18496K) NonClass: 15642K(15744K)->15642K(15744K) Class: 2664K(2752K)->2664K(2752K)
[136.630s][info][gc             ] GC(456) Pause Young (Allocation Failure) 679M->571M(849M) 72.239ms
[136.630s][info][gc,cpu         ] GC(456) User=0.14s Sys=0.00s Real=0.07s
[136.750s][info][gc,start       ] GC(457) Pause Young (Allocation Failure)
[136.791s][info][gc,heap        ] GC(457) PSYoungGen: 143840K(222720K)->3552K(222720K) Eden: 111616K(111616K)->0K(111616K) From: 32224K(111104K)->3552K(111104K)
[136.791s][info][gc,heap        ] GC(457) ParOldGen: 553131K(646656K)->585535K(646656K)
[136.791s][info][gc,metaspace   ] GC(457) Metaspace: 18306K(18496K)->18306K(18496K) NonClass: 15642K(15744K)->15642K(15744K) Class: 2664K(2752K)->2664K(2752K)
[136.791s][info][gc             ] GC(457) Pause Young (Allocation Failure) 680M->575M(849M) 41.575ms
[136.791s][info][gc,cpu         ] GC(457) User=0.09s Sys=0.00s Real=0.04s
[136.897s][info][gc,start       ] GC(458) Pause Young (Allocation Failure)
[136.920s][info][gc,heap        ] GC(458) PSYoungGen: 115168K(222720K)->1280K(222720K) Eden: 111616K(111616K)->0K(111616K) From: 3552K(111104K)->1280K(111104K)
[136.920s][info][gc,heap        ] GC(458) ParOldGen: 585535K(646656K)->589047K(646656K)
[136.920s][info][gc,metaspace   ] GC(458) Metaspace: 18306K(18496K)->18306K(18496K) NonClass: 15642K(15744K)->15642K(15744K) Class: 2664K(2752K)->2664K(2752K)
[136.920s][info][gc             ] GC(458) Pause Young (Allocation Failure) 684M->576M(849M) 22.944ms
[136.920s][info][gc,cpu         ] GC(458) User=0.04s Sys=0.00s Real=0.03s
[137.080s][info][gc,start       ] GC(459) Pause Young (Allocation Failure)
[137.133s][info][gc,heap        ] GC(459) PSYoungGen: 112896K(222720K)->27245K(222720K) Eden: 111616K(111616K)->0K(111616K) From: 1280K(111104K)->27245K(111104K)
[137.133s][info][gc,heap        ] GC(459) ParOldGen: 589047K(646656K)->590311K(646656K)
[137.133s][info][gc,metaspace   ] GC(459) Metaspace: 18306K(18496K)->18306K(18496K) NonClass: 15642K(15744K)->15642K(15744K) Class: 2664K(2752K)->2664K(2752K)
[137.133s][info][gc             ] GC(459) Pause Young (Allocation Failure) 685M->603M(849M) 53.365ms
[137.133s][info][gc,cpu         ] GC(459) User=0.10s Sys=0.00s Real=0.05s
[137.290s][info][gc,start       ] GC(460) Pause Young (Allocation Failure)
[137.333s][info][gc,heap        ] GC(460) PSYoungGen: 138861K(222720K)->64K(222720K) Eden: 111616K(111616K)->0K(111616K) From: 27245K(111104K)->64K(111104K)
[137.333s][info][gc,heap        ] GC(460) ParOldGen: 590311K(646656K)->617588K(646656K)
[137.333s][info][gc,metaspace   ] GC(460) Metaspace: 18306K(18496K)->18306K(18496K) NonClass: 15642K(15744K)->15642K(15744K) Class: 2664K(2752K)->2664K(2752K)
[137.333s][info][gc             ] GC(460) Pause Young (Allocation Failure) 712M->603M(849M) 43.941ms
[137.334s][info][gc,cpu         ] GC(460) User=0.08s Sys=0.00s Real=0.04s
[137.488s][info][gc,start       ] GC(461) Pause Full (Allocation Failure)
[137.488s][info][gc,phases,start] GC(461) Marking Phase
[137.778s][info][gc,phases      ] GC(461) Marking Phase 289.698ms
[137.778s][info][gc,phases,start] GC(461) Summary Phase
[137.778s][info][gc,phases      ] GC(461) Summary Phase 0.024ms
[137.778s][info][gc,phases,start] GC(461) Forward
[137.888s][info][gc,phases      ] GC(461) Forward 110.300ms
[137.888s][info][gc,phases,start] GC(461) Adjust Pointers
[138.135s][info][gc,phases      ] GC(461) Adjust Pointers 246.810ms
[138.135s][info][gc,phases,start] GC(461) Compaction Phase
[138.271s][info][gc,phases      ] GC(461) Compaction Phase 135.899ms
[138.286s][info][gc,phases,start] GC(461) Post Compact
[138.288s][info][gc,phases      ] GC(461) Post Compact 2.103ms
[138.289s][info][gc,heap        ] GC(461) PSYoungGen: 111680K(222720K)->0K(222720K) Eden: 111616K(111616K)->0K(111616K) From: 64K(111104K)->0K(111104K)
[138.289s][info][gc,heap        ] GC(461) ParOldGen: 617588K(646656K)->458526K(667648K)
[138.289s][info][gc,metaspace   ] GC(461) Metaspace: 18306K(18496K)->18306K(18496K) NonClass: 15642K(15744K)->15642K(15744K) Class: 2664K(2752K)->2664K(2752K)
[138.289s][info][gc             ] GC(461) Pause Full (Allocation Failure) 712M->447M(869M) 800.770ms
[138.289s][info][gc,cpu         ] GC(461) User=1.50s Sys=0.00s Real=0.80s
[138.446s][info][gc,start       ] GC(462) Pause Young (Allocation Failure)
[138.447s][info][gc,heap        ] GC(462) PSYoungGen: 111616K(222720K)->64K(222720K) Eden: 111616K(111616K)->0K(111616K) From: 0K(111104K)->64K(111104K)
[138.447s][info][gc,heap        ] GC(462) ParOldGen: 458526K(667648K)->458526K(667648K)
[138.447s][info][gc,metaspace   ] GC(462) Metaspace: 18306K(18496K)->18306K(18496K) NonClass: 15642K(15744K)->15642K(15744K) Class: 2664K(2752K)->2664K(2752K)
[138.447s][info][gc             ] GC(462) Pause Young (Allocation Failure) 556M->447M(869M) 1.521ms
[138.447s][info][gc,cpu         ] GC(462) User=0.00s Sys=0.00s Real=0.01s
[138.597s][info][gc,start       ] GC(463) Pause Young (Allocation Failure)
[138.599s][info][gc,heap        ] GC(463) PSYoungGen: 111680K(222720K)->64K(222720K) Eden: 111616K(111616K)->0K(111616K) From: 64K(111104K)->64K(111104K)
[138.599s][info][gc,heap        ] GC(463) ParOldGen: 458526K(667648K)->458534K(667648K)
[138.599s][info][gc,metaspace   ] GC(463) Metaspace: 18306K(18496K)->18306K(18496K) NonClass: 15642K(15744K)->15642K(15744K) Class: 2664K(2752K)->2664K(2752K)
[138.599s][info][gc             ] GC(463) Pause Young (Allocation Failure) 556M->447M(869M) 1.501ms
[138.599s][info][gc,cpu         ] GC(463) User=0.00s Sys=0.00s Real=0.00s
[138.748s][info][gc,start       ] GC(464) Pause Young (Allocation Failure)
[138.750s][info][gc,heap        ] GC(464) PSYoungGen: 111680K(222720K)->64K(222720K) Eden: 111616K(111616K)->0K(111616K) From: 64K(111104K)->64K(111104K)
[138.750s][info][gc,heap        ] GC(464) ParOldGen: 458534K(667648K)->458534K(667648K)
[138.750s][info][gc,metaspace   ] GC(464) Metaspace: 18306K(18496K)->18306K(18496K) NonClass: 15642K(15744K)->15642K(15744K) Class: 2664K(2752K)->2664K(2752K)
[138.750s][info][gc             ] GC(464) Pause Young (Allocation Failure) 556M->447M(869M) 1.493ms
[138.750s][info][gc,cpu         ] GC(464) User=0.00s Sys=0.00s Real=0.00s
[138.883s][info][gc,start       ] GC(465) Pause Young (Allocation Failure)
[138.893s][info][gc,heap        ] GC(465) PSYoungGen: 111680K(222720K)->8224K(222720K) Eden: 111616K(111616K)->0K(111616K) From: 64K(111104K)->8224K(111104K)
[138.893s][info][gc,heap        ] GC(465) ParOldGen: 458534K(667648K)->458534K(667648K)
[138.894s][info][gc,metaspace   ] GC(465) Metaspace: 18306K(18496K)->18306K(18496K) NonClass: 15642K(15744K)->15642K(15744K) Class: 2664K(2752K)->2664K(2752K)
[138.894s][info][gc             ] GC(465) Pause Young (Allocation Failure) 556M->455M(869M) 10.730ms
[138.894s][info][gc,cpu         ] GC(465) User=0.02s Sys=0.00s Real=0.01s
[138.999s][info][gc,start       ] GC(466) Pause Young (Allocation Failure)
[139.024s][info][gc,heap        ] GC(466) PSYoungGen: 119840K(222720K)->15616K(222720K) Eden: 111616K(111616K)->0K(111616K) From: 8224K(111104K)->15616K(111104K)
[139.024s][info][gc,heap        ] GC(466) ParOldGen: 458534K(667648K)->466766K(667648K)
[139.024s][info][gc,metaspace   ] GC(466) Metaspace: 18306K(18496K)->18306K(18496K) NonClass: 15642K(15744K)->15642K(15744K) Class: 2664K(2752K)->2664K(2752K)
[139.024s][info][gc             ] GC(466) Pause Young (Allocation Failure) 564M->471M(869M) 24.876ms
[139.024s][info][gc,cpu         ] GC(466) User=0.05s Sys=0.00s Real=0.02s
[139.113s][info][gc,start       ] GC(467) Pause Young (Allocation Failure)
[139.137s][info][gc,heap        ] GC(467) PSYoungGen: 127232K(222720K)->22560K(134656K) Eden: 111616K(111616K)->0K(111616K) From: 15616K(111104K)->22560K(23040K)
[139.137s][info][gc,heap        ] GC(467) ParOldGen: 466766K(667648K)->466766K(667648K)
[139.137s][info][gc,metaspace   ] GC(467) Metaspace: 18306K(18496K)->18306K(18496K) NonClass: 15642K(15744K)->15642K(15744K) Class: 2664K(2752K)->2664K(2752K)
[139.137s][info][gc             ] GC(467) Pause Young (Allocation Failure) 580M->477M(783M) 24.159ms
[139.138s][info][gc,cpu         ] GC(467) User=0.04s Sys=0.01s Real=0.03s
[139.239s][info][gc,start       ] GC(468) Pause Young (Allocation Failure)
[139.263s][info][gc,heap        ] GC(468) PSYoungGen: 134176K(134656K)->23200K(217088K) Eden: 111616K(111616K)->0K(119808K) From: 22560K(23040K)->23200K(97280K)
[139.263s][info][gc,heap        ] GC(468) ParOldGen: 466766K(667648K)->466766K(667648K)
[139.263s][info][gc,metaspace   ] GC(468) Metaspace: 18306K(18496K)->18306K(18496K) NonClass: 15642K(15744K)->15642K(15744K) Class: 2664K(2752K)->2664K(2752K)
[139.263s][info][gc             ] GC(468) Pause Young (Allocation Failure) 586M->478M(864M) 24.518ms
[139.263s][info][gc,cpu         ] GC(468) User=0.04s Sys=0.00s Real=0.02s
[139.367s][info][gc,start       ] GC(469) Pause Young (Allocation Failure)
[139.392s][info][gc,heap        ] GC(469) PSYoungGen: 143008K(217088K)->24640K(214528K) Eden: 119808K(119808K)->0K(119808K) From: 23200K(97280K)->24640K(94720K)
[139.392s][info][gc,heap        ] GC(469) ParOldGen: 466766K(667648K)->466766K(667648K)
[139.392s][info][gc,metaspace   ] GC(469) Metaspace: 18306K(18496K)->18306K(18496K) NonClass: 15642K(15744K)->15642K(15744K) Class: 2664K(2752K)->2664K(2752K)
[139.393s][info][gc             ] GC(469) Pause Young (Allocation Failure) 595M->479M(861M) 25.542ms
[139.393s][info][gc,cpu         ] GC(469) User=0.05s Sys=0.00s Real=0.03s
[139.527s][info][gc,start       ] GC(470) Pause Young (Allocation Failure)
[139.558s][info][gc,heap        ] GC(470) PSYoungGen: 144448K(214528K)->15264K(209408K) Eden: 119808K(119808K)->0K(131584K) From: 24640K(94720K)->15264K(77824K)
[139.558s][info][gc,heap        ] GC(470) ParOldGen: 466766K(667648K)->482390K(667648K)
[139.558s][info][gc,metaspace   ] GC(470) Metaspace: 18306K(18496K)->18306K(18496K) NonClass: 15642K(15744K)->15642K(15744K) Class: 2664K(2752K)->2664K(2752K)
[139.558s][info][gc             ] GC(470) Pause Young (Allocation Failure) 596M->485M(856M) 31.156ms
[139.558s][info][gc,cpu         ] GC(470) User=0.06s Sys=0.00s Real=0.04s
[139.772s][info][gc,start       ] GC(471) Pause Young (Allocation Failure)
[139.791s][info][gc,heap        ] GC(471) PSYoungGen: 146848K(209408K)->10208K(214528K) Eden: 131584K(131584K)->0K(131584K) From: 15264K(77824K)->10208K(82944K)
[139.791s][info][gc,heap        ] GC(471) ParOldGen: 482390K(667648K)->489350K(667648K)
[139.791s][info][gc,metaspace   ] GC(471) Metaspace: 18306K(18496K)->18306K(18496K) NonClass: 15642K(15744K)->15642K(15744K) Class: 2664K(2752K)->2664K(2752K)
[139.791s][info][gc             ] GC(471) Pause Young (Allocation Failure) 614M->487M(861M) 18.827ms
[139.791s][info][gc,cpu         ] GC(471) User=0.03s Sys=0.00s Real=0.02s
[140.023s][info][gc,start       ] GC(472) Pause Young (Allocation Failure)
[140.035s][info][gc,heap        ] GC(472) PSYoungGen: 141792K(214528K)->10336K(212992K) Eden: 131584K(131584K)->0K(142848K) From: 10208K(82944K)->10336K(70144K)
[140.035s][info][gc,heap        ] GC(472) ParOldGen: 489350K(667648K)->489350K(667648K)
[140.035s][info][gc,metaspace   ] GC(472) Metaspace: 18306K(18496K)->18306K(18496K) NonClass: 15642K(15744K)->15642K(15744K) Class: 2664K(2752K)->2664K(2752K)
[140.035s][info][gc             ] GC(472) Pause Young (Allocation Failure) 616M->487M(860M) 12.284ms
[140.035s][info][gc,cpu         ] GC(472) User=0.02s Sys=0.00s Real=0.01s
[140.271s][info][gc,start       ] GC(473) Pause Young (Allocation Failure)
[140.283s][info][gc,heap        ] GC(473) PSYoungGen: 153184K(212992K)->10336K(218112K) Eden: 142848K(142848K)->0K(142848K) From: 10336K(70144K)->10336K(75264K)
[140.283s][info][gc,heap        ] GC(473) ParOldGen: 489350K(667648K)->489350K(667648K)
[140.283s][info][gc,metaspace   ] GC(473) Metaspace: 18306K(18496K)->18306K(18496K) NonClass: 15642K(15744K)->15642K(15744K) Class: 2664K(2752K)->2664K(2752K)
[140.283s][info][gc             ] GC(473) Pause Young (Allocation Failure) 627M->487M(865M) 12.275ms
[140.283s][info][gc,cpu         ] GC(473) User=0.02s Sys=0.00s Real=0.01s
[140.541s][info][gc,start       ] GC(474) Pause Young (Allocation Failure)
[140.554s][info][gc,heap        ] GC(474) PSYoungGen: 153184K(218112K)->10368K(216064K) Eden: 142848K(142848K)->0K(152576K) From: 10336K(75264K)->10368K(63488K)
[140.554s][info][gc,heap        ] GC(474) ParOldGen: 489350K(667648K)->489350K(667648K)
[140.554s][info][gc,metaspace   ] GC(474) Metaspace: 18306K(18496K)->18306K(18496K) NonClass: 15642K(15744K)->15642K(15744K) Class: 2664K(2752K)->2664K(2752K)
[140.554s][info][gc             ] GC(474) Pause Young (Allocation Failure) 627M->488M(863M) 13.459ms
[140.554s][info][gc,cpu         ] GC(474) User=0.03s Sys=0.00s Real=0.01s
[140.721s][info][gc,start       ] GC(475) Pause Young (Allocation Failure)
[140.746s][info][gc,heap        ] GC(475) PSYoungGen: 162944K(216064K)->23424K(220672K) Eden: 152576K(152576K)->0K(152576K) From: 10368K(63488K)->23424K(68096K)
[140.746s][info][gc,heap        ] GC(475) ParOldGen: 489350K(667648K)->489350K(667648K)
[140.746s][info][gc,metaspace   ] GC(475) Metaspace: 18306K(18496K)->18306K(18496K) NonClass: 15642K(15744K)->15642K(15744K) Class: 2664K(2752K)->2664K(2752K)
[140.746s][info][gc             ] GC(475) Pause Young (Allocation Failure) 637M->500M(867M) 24.640ms
[140.746s][info][gc,cpu         ] GC(475) User=0.05s Sys=0.00s Real=0.02s
[140.894s][info][gc,start       ] GC(476) Pause Young (Allocation Failure)
[140.937s][info][gc,heap        ] GC(476) PSYoungGen: 176000K(220672K)->49904K(222208K) Eden: 152576K(152576K)->0K(157184K) From: 23424K(68096K)->49904K(65024K)
[140.937s][info][gc,heap        ] GC(476) ParOldGen: 489350K(667648K)->489350K(667648K)
[140.937s][info][gc,metaspace   ] GC(476) Metaspace: 18306K(18496K)->18306K(18496K) NonClass: 15642K(15744K)->15642K(15744K) Class: 2664K(2752K)->2664K(2752K)
[140.937s][info][gc             ] GC(476) Pause Young (Allocation Failure) 649M->526M(869M) 42.606ms
[140.937s][info][gc,cpu         ] GC(476) User=0.09s Sys=0.00s Real=0.04s
[141.131s][info][gc,start       ] GC(477) Pause Young (Allocation Failure)
[141.196s][info][gc,heap        ] GC(477) PSYoungGen: 207088K(222208K)->71664K(228864K) Eden: 157184K(157184K)->0K(157184K) From: 49904K(65024K)->71664K(71680K)
[141.196s][info][gc,heap        ] GC(477) ParOldGen: 489350K(667648K)->496174K(667648K)
[141.196s][info][gc,metaspace   ] GC(477) Metaspace: 18307K(18496K)->18307K(18496K) NonClass: 15643K(15744K)->15643K(15744K) Class: 2664K(2752K)->2664K(2752K)
[141.196s][info][gc             ] GC(477) Pause Young (Allocation Failure) 680M->554M(875M) 65.154ms
[141.196s][info][gc,cpu         ] GC(477) User=0.13s Sys=0.00s Real=0.06s
[141.410s][info][gc,start       ] GC(478) Pause Young (Allocation Failure)
[141.504s][info][gc,heap        ] GC(478) PSYoungGen: 228848K(228864K)->81424K(218624K) Eden: 157184K(157184K)->0K(131072K) From: 71664K(71680K)->81424K(87552K)
[141.505s][info][gc,heap        ] GC(478) ParOldGen: 496174K(667648K)->498262K(667648K)
[141.505s][info][gc,metaspace   ] GC(478) Metaspace: 18307K(18496K)->18307K(18496K) NonClass: 15643K(15744K)->15643K(15744K) Class: 2664K(2752K)->2664K(2752K)
[141.505s][info][gc             ] GC(478) Pause Young (Allocation Failure) 708M->566M(865M) 94.260ms
[141.505s][info][gc,cpu         ] GC(478) User=0.16s Sys=0.03s Real=0.09s
[141.685s][info][gc,start       ] GC(479) Pause Young (Allocation Failure)
[141.758s][info][gc,heap        ] GC(479) PSYoungGen: 212496K(218624K)->75200K(206336K) Eden: 131072K(131072K)->0K(131072K) From: 81424K(87552K)->75200K(75264K)
[141.758s][info][gc,heap        ] GC(479) ParOldGen: 498262K(667648K)->504494K(667648K)
[141.758s][info][gc,metaspace   ] GC(479) Metaspace: 18307K(18496K)->18307K(18496K) NonClass: 15643K(15744K)->15643K(15744K) Class: 2664K(2752K)->2664K(2752K)
[141.758s][info][gc             ] GC(479) Pause Young (Allocation Failure) 694M->566M(853M) 72.943ms
[141.758s][info][gc,cpu         ] GC(479) User=0.14s Sys=0.00s Real=0.08s
[141.938s][info][gc,start       ] GC(480) Pause Young (Allocation Failure)
[142.007s][info][gc,heap        ] GC(480) PSYoungGen: 206272K(206336K)->73152K(222208K) Eden: 131072K(131072K)->0K(111616K) From: 75200K(75264K)->73152K(110592K)
[142.007s][info][gc,heap        ] GC(480) ParOldGen: 504494K(667648K)->506539K(667648K)
[142.007s][info][gc,metaspace   ] GC(480) Metaspace: 18307K(18496K)->18307K(18496K) NonClass: 15643K(15744K)->15643K(15744K) Class: 2664K(2752K)->2664K(2752K)
[142.007s][info][gc             ] GC(480) Pause Young (Allocation Failure) 694M->566M(869M) 69.243ms
[142.007s][info][gc,cpu         ] GC(480) User=0.14s Sys=0.00s Real=0.06s
[142.161s][info][gc,start       ] GC(481) Pause Young (Allocation Failure)
[142.227s][info][gc,heap        ] GC(481) PSYoungGen: 184768K(222208K)->73152K(222720K) Eden: 111616K(111616K)->0K(111616K) From: 73152K(110592K)->73152K(111104K)
[142.227s][info][gc,heap        ] GC(481) ParOldGen: 506539K(667648K)->506571K(667648K)
[142.227s][info][gc,metaspace   ] GC(481) Metaspace: 18307K(18496K)->18307K(18496K) NonClass: 15643K(15744K)->15643K(15744K) Class: 2664K(2752K)->2664K(2752K)
[142.227s][info][gc             ] GC(481) Pause Young (Allocation Failure) 675M->566M(869M) 65.577ms
[142.227s][info][gc,cpu         ] GC(481) User=0.13s Sys=0.00s Real=0.06s
[142.379s][info][gc,start       ] GC(482) Pause Young (Allocation Failure)
[142.444s][info][gc,heap        ] GC(482) PSYoungGen: 184768K(222720K)->36320K(222720K) Eden: 111616K(111616K)->0K(111616K) From: 73152K(111104K)->36320K(111104K)
[142.444s][info][gc,heap        ] GC(482) ParOldGen: 506571K(667648K)->543726K(667648K)
[142.444s][info][gc,metaspace   ] GC(482) Metaspace: 18307K(18496K)->18307K(18496K) NonClass: 15643K(15744K)->15643K(15744K) Class: 2664K(2752K)->2664K(2752K)
[142.444s][info][gc             ] GC(482) Pause Young (Allocation Failure) 675M->566M(869M) 64.558ms
[142.444s][info][gc,cpu         ] GC(482) User=0.12s Sys=0.00s Real=0.06s
[142.597s][info][gc,start       ] GC(483) Pause Young (Allocation Failure)
[142.635s][info][gc,heap        ] GC(483) PSYoungGen: 147936K(222720K)->32K(222720K) Eden: 111616K(111616K)->0K(111616K) From: 36320K(111104K)->32K(111104K)
[142.635s][info][gc,heap        ] GC(483) ParOldGen: 543726K(667648K)->580206K(667648K)
[142.635s][info][gc,metaspace   ] GC(483) Metaspace: 18307K(18496K)->18307K(18496K) NonClass: 15643K(15744K)->15643K(15744K) Class: 2664K(2752K)->2664K(2752K)
[142.635s][info][gc             ] GC(483) Pause Young (Allocation Failure) 675M->566M(869M) 38.160ms
[142.635s][info][gc,cpu         ] GC(483) User=0.07s Sys=0.00s Real=0.04s
[142.785s][info][gc,start       ] GC(484) Pause Young (Allocation Failure)
[142.787s][info][gc,heap        ] GC(484) PSYoungGen: 111648K(222720K)->64K(222720K) Eden: 111616K(111616K)->0K(111616K) From: 32K(111104K)->64K(111104K)
[142.787s][info][gc,heap        ] GC(484) ParOldGen: 580206K(667648K)->580206K(667648K)
[142.787s][info][gc,metaspace   ] GC(484) Metaspace: 18307K(18496K)->18307K(18496K) NonClass: 15643K(15744K)->15643K(15744K) Class: 2664K(2752K)->2664K(2752K)
[142.787s][info][gc             ] GC(484) Pause Young (Allocation Failure) 675M->566M(869M) 1.843ms
[142.787s][info][gc,cpu         ] GC(484) User=0.01s Sys=0.00s Real=0.00s
[142.933s][info][gc,start       ] GC(485) Pause Young (Allocation Failure)
[142.935s][info][gc,heap        ] GC(485) PSYoungGen: 111680K(222720K)->64K(222720K) Eden: 111616K(111616K)->0K(111616K) From: 64K(111104K)->64K(111104K)
[142.935s][info][gc,heap        ] GC(485) ParOldGen: 580206K(667648K)->580206K(667648K)
[142.935s][info][gc,metaspace   ] GC(485) Metaspace: 18307K(18496K)->18307K(18496K) NonClass: 15643K(15744K)->15643K(15744K) Class: 2664K(2752K)->2664K(2752K)
[142.935s][info][gc             ] GC(485) Pause Young (Allocation Failure) 675M->566M(869M) 1.851ms
[142.935s][info][gc,cpu         ] GC(485) User=0.00s Sys=0.00s Real=0.00s
[143.039s][info][gc,start       ] GC(486) Pause Young (Allocation Failure)
[143.059s][info][gc,heap        ] GC(486) PSYoungGen: 111680K(222720K)->16448K(213504K) Eden: 111616K(111616K)->0K(111616K) From: 64K(111104K)->16448K(101888K)
[143.059s][info][gc,heap        ] GC(486) ParOldGen: 580206K(667648K)->580206K(667648K)
[143.059s][info][gc,metaspace   ] GC(486) Metaspace: 18307K(18496K)->18307K(18496K) NonClass: 15643K(15744K)->15643K(15744K) Class: 2664K(2752K)->2664K(2752K)
[143.059s][info][gc             ] GC(486) Pause Young (Allocation Failure) 675M->582M(860M) 19.744ms
[143.059s][info][gc,cpu         ] GC(486) User=0.03s Sys=0.00s Real=0.02s
[143.157s][info][gc,start       ] GC(487) Pause Young (Allocation Failure)
[143.183s][info][gc,heap        ] GC(487) PSYoungGen: 128064K(213504K)->25632K(218112K) Eden: 111616K(111616K)->0K(111616K) From: 16448K(101888K)->25632K(106496K)
[143.183s][info][gc,heap        ] GC(487) ParOldGen: 580206K(667648K)->580206K(667648K)
[143.183s][info][gc,metaspace   ] GC(487) Metaspace: 18307K(18496K)->18307K(18496K) NonClass: 15643K(15744K)->15643K(15744K) Class: 2664K(2752K)->2664K(2752K)
[143.183s][info][gc             ] GC(487) Pause Young (Allocation Failure) 691M->591M(865M) 26.491ms
[143.183s][info][gc,cpu         ] GC(487) User=0.05s Sys=0.00s Real=0.03s
[143.279s][info][gc,start       ] GC(488) Pause Young (Allocation Failure)
[143.307s][info][gc,heap        ] GC(488) PSYoungGen: 137248K(218112K)->26976K(209920K) Eden: 111616K(111616K)->0K(122880K) From: 25632K(106496K)->26976K(87040K)
[143.307s][info][gc,heap        ] GC(488) ParOldGen: 580206K(667648K)->580206K(667648K)
[143.307s][info][gc,metaspace   ] GC(488) Metaspace: 18307K(18496K)->18307K(18496K) NonClass: 15643K(15744K)->15643K(15744K) Class: 2664K(2752K)->2664K(2752K)
[143.307s][info][gc             ] GC(488) Pause Young (Allocation Failure) 700M->592M(857M) 27.812ms
[143.307s][info][gc,cpu         ] GC(488) User=0.05s Sys=0.00s Real=0.02s
[143.413s][info][gc,start       ] GC(489) Pause Young (Allocation Failure)
[143.443s][info][gc,heap        ] GC(489) PSYoungGen: 149856K(209920K)->13184K(216064K) Eden: 122880K(122880K)->0K(122880K) From: 26976K(87040K)->13184K(93184K)
[143.443s][info][gc,heap        ] GC(489) ParOldGen: 580206K(667648K)->596670K(667648K)
[143.443s][info][gc,metaspace   ] GC(489) Metaspace: 18307K(18496K)->18307K(18496K) NonClass: 15643K(15744K)->15643K(15744K) Class: 2664K(2752K)->2664K(2752K)
[143.443s][info][gc             ] GC(489) Pause Young (Allocation Failure) 712M->595M(863M) 29.931ms
[143.443s][info][gc,cpu         ] GC(489) User=0.05s Sys=0.00s Real=0.03s
[143.554s][info][gc,start       ] GC(490) Pause Young (Allocation Failure)
[143.571s][info][gc,heap        ] GC(490) PSYoungGen: 136064K(216064K)->5216K(219136K) Eden: 122880K(122880K)->0K(135168K) From: 13184K(93184K)->5216K(83968K)
[143.571s][info][gc,heap        ] GC(490) ParOldGen: 596670K(667648K)->605854K(667648K)
[143.571s][info][gc,metaspace   ] GC(490) Metaspace: 18307K(18496K)->18307K(18496K) NonClass: 15643K(15744K)->15643K(15744K) Class: 2664K(2752K)->2664K(2752K)
[143.571s][info][gc             ] GC(490) Pause Young (Allocation Failure) 715M->596M(866M) 16.952ms
[143.571s][info][gc,cpu         ] GC(490) User=0.03s Sys=0.00s Real=0.02s
[143.717s][info][gc,start       ] GC(491) Pause Young (Allocation Failure)
[143.733s][info][gc,heap        ] GC(491) PSYoungGen: 140384K(219136K)->12576K(222208K) Eden: 135168K(135168K)->0K(135168K) From: 5216K(83968K)->12576K(87040K)
[143.734s][info][gc,heap        ] GC(491) ParOldGen: 605854K(667648K)->607198K(667648K)
[143.734s][info][gc,metaspace   ] GC(491) Metaspace: 18307K(18496K)->18307K(18496K) NonClass: 15643K(15744K)->15643K(15744K) Class: 2664K(2752K)->2664K(2752K)
[143.734s][info][gc             ] GC(491) Pause Young (Allocation Failure) 728M->605M(869M) 16.432ms
[143.734s][info][gc,cpu         ] GC(491) User=0.03s Sys=0.00s Real=0.02s
[143.933s][info][gc,start       ] GC(492) Pause Young (Allocation Failure)
[143.974s][info][gc,heap        ] GC(492) PSYoungGen: 147744K(222208K)->36352K(228352K) Eden: 135168K(135168K)->0K(147968K) From: 12576K(87040K)->36352K(80384K)
[143.974s][info][gc,heap        ] GC(492) ParOldGen: 607198K(667648K)->607198K(667648K)
[143.974s][info][gc,metaspace   ] GC(492) Metaspace: 18308K(18496K)->18308K(18496K) NonClass: 15644K(15744K)->15644K(15744K) Class: 2664K(2752K)->2664K(2752K)
[143.974s][info][gc             ] GC(492) Pause Young (Allocation Failure) 737M->628M(875M) 40.901ms
[143.974s][info][gc,cpu         ] GC(492) User=0.08s Sys=0.00s Real=0.04s
[144.129s][info][gc,start       ] GC(493) Pause Young (Allocation Failure)
[144.187s][info][gc,heap        ] GC(493) PSYoungGen: 184320K(228352K)->56544K(229888K) Eden: 147968K(147968K)->0K(147968K) From: 36352K(80384K)->56544K(81920K)
[144.187s][info][gc,heap        ] GC(493) ParOldGen: 607198K(667648K)->607198K(667648K)
[144.187s][info][gc,metaspace   ] GC(493) Metaspace: 18308K(18496K)->18308K(18496K) NonClass: 15644K(15744K)->15644K(15744K) Class: 2664K(2752K)->2664K(2752K)
[144.187s][info][gc             ] GC(493) Pause Young (Allocation Failure) 772M->648M(876M) 58.042ms
[144.187s][info][gc,cpu         ] GC(493) User=0.12s Sys=0.00s Real=0.05s
[144.354s][info][gc,start       ] GC(494) Pause Young (Allocation Failure)
[144.443s][info][gc,heap        ] GC(494) PSYoungGen: 204512K(229888K)->80608K(218624K) Eden: 147968K(147968K)->0K(131072K) From: 56544K(81920K)->80608K(87552K)
[144.443s][info][gc,heap        ] GC(494) ParOldGen: 607198K(667648K)->609854K(667648K)
[144.443s][info][gc,metaspace   ] GC(494) Metaspace: 18309K(18496K)->18309K(18496K) NonClass: 15645K(15744K)->15645K(15744K) Class: 2664K(2752K)->2664K(2752K)
[144.443s][info][gc             ] GC(494) Pause Young (Allocation Failure) 792M->674M(865M) 88.916ms
[144.443s][info][gc,cpu         ] GC(494) User=0.16s Sys=0.02s Real=0.09s
[144.532s][info][gc,start       ] GC(495) Pause Young (Allocation Failure)
[144.614s][info][gc,heap        ] GC(495) PSYoungGen: 211680K(218624K)->76352K(207872K) Eden: 131072K(131072K)->0K(131072K) From: 80608K(87552K)->76352K(76800K)
[144.615s][info][gc,heap        ] GC(495) ParOldGen: 609854K(667648K)->619766K(667648K)
[144.615s][info][gc,metaspace   ] GC(495) Metaspace: 18309K(18496K)->18309K(18496K) NonClass: 15645K(15744K)->15645K(15744K) Class: 2664K(2752K)->2664K(2752K)
[144.615s][info][gc             ] GC(495) Pause Young (Allocation Failure) 802M->679M(855M) 82.508ms
[144.615s][info][gc,cpu         ] GC(495) User=0.16s Sys=0.00s Real=0.08s
[144.765s][info][gc,start       ] GC(496) Pause Young (Allocation Failure)
[144.847s][info][gc,heap        ] GC(496) PSYoungGen: 207424K(207872K)->33376K(229888K) Eden: 131072K(131072K)->0K(119808K) From: 76352K(76800K)->33376K(110080K)
[144.847s][info][gc,heap        ] GC(496) ParOldGen: 619766K(667648K)->663836K(667648K)
[144.847s][info][gc,metaspace   ] GC(496) Metaspace: 18309K(18496K)->18309K(18496K) NonClass: 15645K(15744K)->15645K(15744K) Class: 2664K(2752K)->2664K(2752K)
[144.847s][info][gc             ] GC(496) Pause Young (Allocation Failure) 807M->680M(876M) 82.167ms
[144.847s][info][gc,cpu         ] GC(496) User=0.15s Sys=0.01s Real=0.08s
[144.954s][info][gc,start       ] GC(497) Pause Full (Allocation Failure)
[144.954s][info][gc,phases,start] GC(497) Marking Phase
[145.360s][info][gc,phases      ] GC(497) Marking Phase 405.184ms
[145.360s][info][gc,phases,start] GC(497) Summary Phase
[145.360s][info][gc,phases      ] GC(497) Summary Phase 0.027ms
[145.360s][info][gc,phases,start] GC(497) Forward
[145.451s][info][gc,phases      ] GC(497) Forward 91.657ms
[145.451s][info][gc,phases,start] GC(497) Adjust Pointers
[145.755s][info][gc,phases      ] GC(497) Adjust Pointers 303.375ms
[145.755s][info][gc,phases,start] GC(497) Compaction Phase
[145.915s][info][gc,phases      ] GC(497) Compaction Phase 160.450ms
[145.925s][info][gc,phases,start] GC(497) Post Compact
[145.927s][info][gc,phases      ] GC(497) Post Compact 2.344ms
[145.927s][info][gc,heap        ] GC(497) PSYoungGen: 153184K(229888K)->0K(223744K) Eden: 119808K(119808K)->0K(119808K) From: 33376K(110080K)->0K(103936K)
[145.927s][info][gc,heap        ] GC(497) ParOldGen: 663836K(667648K)->582690K(667648K)
[145.927s][info][gc,metaspace   ] GC(497) Metaspace: 18309K(18496K)->18309K(18496K) NonClass: 15645K(15744K)->15645K(15744K) Class: 2664K(2752K)->2664K(2752K)
[145.927s][info][gc             ] GC(497) Pause Full (Allocation Failure) 797M->569M(870M) 972.785ms
[145.927s][info][gc,cpu         ] GC(497) User=1.88s Sys=0.01s Real=0.97s
[146.027s][info][gc,start       ] GC(498) Pause Young (Allocation Failure)
[146.044s][info][gc,heap        ] GC(498) PSYoungGen: 119808K(223744K)->13584K(226304K) Eden: 119808K(119808K)->0K(122368K) From: 0K(103936K)->13584K(103936K)
[146.044s][info][gc,heap        ] GC(498) ParOldGen: 582690K(667648K)->582690K(667648K)
[146.044s][info][gc,metaspace   ] GC(498) Metaspace: 18309K(18496K)->18309K(18496K) NonClass: 15645K(15744K)->15645K(15744K) Class: 2664K(2752K)->2664K(2752K)
[146.044s][info][gc             ] GC(498) Pause Young (Allocation Failure) 686M->582M(873M) 17.405ms
[146.044s][info][gc,cpu         ] GC(498) User=0.03s Sys=0.00s Real=0.02s
[146.118s][info][gc,start       ] GC(499) Pause Young (Allocation Failure)
[146.174s][info][gc,heap        ] GC(499) PSYoungGen: 135952K(226304K)->47200K(223744K) Eden: 122368K(122368K)->0K(122368K) From: 13584K(103936K)->47200K(101376K)
[146.174s][info][gc,heap        ] GC(499) ParOldGen: 582690K(667648K)->596397K(667648K)
[146.174s][info][gc,metaspace   ] GC(499) Metaspace: 18314K(18496K)->18314K(18496K) NonClass: 15650K(15744K)->15650K(15744K) Class: 2664K(2752K)->2664K(2752K)
[146.174s][info][gc             ] GC(499) Pause Young (Allocation Failure) 701M->628M(870M) 55.996ms
[146.174s][info][gc,cpu         ] GC(499) User=0.11s Sys=0.00s Real=0.05s
[146.285s][info][gc,start       ] GC(500) Pause Young (Allocation Failure)
[146.321s][info][gc,heap        ] GC(500) PSYoungGen: 169568K(223744K)->8832K(229376K) Eden: 122368K(122368K)->0K(130048K) From: 47200K(101376K)->8832K(99328K)
[146.321s][info][gc,heap        ] GC(500) ParOldGen: 596397K(667648K)->644093K(667648K)
[146.321s][info][gc,metaspace   ] GC(500) Metaspace: 18316K(18496K)->18316K(18496K) NonClass: 15652K(15744K)->15652K(15744K) Class: 2664K(2752K)->2664K(2752K)
[146.321s][info][gc             ] GC(500) Pause Young (Allocation Failure) 748M->637M(876M) 36.269ms
[146.321s][info][gc,cpu         ] GC(500) User=0.07s Sys=0.00s Real=0.04s
[146.430s][info][gc,start       ] GC(501) Pause Full (Allocation Failure)
[146.430s][info][gc,phases,start] GC(501) Marking Phase
[146.863s][info][gc,phases      ] GC(501) Marking Phase 433.244ms
[146.863s][info][gc,phases,start] GC(501) Summary Phase
[146.863s][info][gc,phases      ] GC(501) Summary Phase 0.024ms
[146.863s][info][gc,phases,start] GC(501) Forward
[146.889s][info][gc,phases      ] GC(501) Forward 25.540ms
[146.889s][info][gc,phases,start] GC(501) Adjust Pointers
[147.194s][info][gc,phases      ] GC(501) Adjust Pointers 305.342ms
[147.194s][info][gc,phases,start] GC(501) Compaction Phase
[147.333s][info][gc,phases      ] GC(501) Compaction Phase 138.964ms
[147.333s][info][gc,phases,start] GC(501) Post Compact
[147.336s][info][gc,phases      ] GC(501) Post Compact 2.187ms
[147.336s][info][gc,heap        ] GC(501) PSYoungGen: 138880K(229376K)->0K(227840K) Eden: 130048K(130048K)->0K(130048K) From: 8832K(99328K)->0K(97792K)
[147.336s][info][gc,heap        ] GC(501) ParOldGen: 644093K(667648K)->652137K(667648K)
[147.336s][info][gc,metaspace   ] GC(501) Metaspace: 18316K(18496K)->18316K(18496K) NonClass: 15652K(15744K)->15652K(15744K) Class: 2664K(2752K)->2664K(2752K)
[147.336s][info][gc             ] GC(501) Pause Full (Allocation Failure) 764M->636M(874M) 905.781ms
[147.336s][info][gc,cpu         ] GC(501) User=1.77s Sys=0.00s Real=0.90s
[147.461s][info][gc,start       ] GC(502) Pause Full (Allocation Failure)
[147.461s][info][gc,phases,start] GC(502) Marking Phase
[147.910s][info][gc,phases      ] GC(502) Marking Phase 449.228ms
[147.910s][info][gc,phases,start] GC(502) Summary Phase
[147.910s][info][gc,phases      ] GC(502) Summary Phase 0.024ms
[147.910s][info][gc,phases,start] GC(502) Forward
[147.922s][info][gc,phases      ] GC(502) Forward 11.379ms
[147.922s][info][gc,phases,start] GC(502) Adjust Pointers
[148.228s][info][gc,phases      ] GC(502) Adjust Pointers 306.855ms
[148.229s][info][gc,phases,start] GC(502) Compaction Phase
[148.366s][info][gc,phases      ] GC(502) Compaction Phase 137.056ms
[148.366s][info][gc,phases,start] GC(502) Post Compact
[148.368s][info][gc,phases      ] GC(502) Post Compact 2.228ms
[148.368s][info][gc,heap        ] GC(502) PSYoungGen: 130048K(227840K)->0K(234496K) Eden: 130048K(130048K)->0K(136704K) From: 0K(97792K)->0K(97792K)
[148.368s][info][gc,heap        ] GC(502) ParOldGen: 652137K(667648K)->667141K(667648K)
[148.368s][info][gc,metaspace   ] GC(502) Metaspace: 18316K(18496K)->18316K(18496K) NonClass: 15652K(15744K)->15652K(15744K) Class: 2664K(2752K)->2664K(2752K)
[148.368s][info][gc             ] GC(502) Pause Full (Allocation Failure) 763M->651M(881M) 907.204ms
[148.368s][info][gc,cpu         ] GC(502) User=1.77s Sys=0.00s Real=0.91s
[148.541s][info][gc,start       ] GC(503) Pause Full (Allocation Failure)
[148.541s][info][gc,phases,start] GC(503) Marking Phase
[148.991s][info][gc,phases      ] GC(503) Marking Phase 449.142ms
[148.991s][info][gc,phases,start] GC(503) Summary Phase
[148.991s][info][gc,phases      ] GC(503) Summary Phase 0.033ms
[148.991s][info][gc,phases,start] GC(503) Forward
[148.999s][info][gc,phases      ] GC(503) Forward 8.158ms
[148.999s][info][gc,phases,start] GC(503) Adjust Pointers
[149.306s][info][gc,phases      ] GC(503) Adjust Pointers 307.491ms
[149.306s][info][gc,phases,start] GC(503) Compaction Phase
[149.447s][info][gc,phases      ] GC(503) Compaction Phase 140.324ms
[149.447s][info][gc,phases,start] GC(503) Post Compact
[149.449s][info][gc,phases      ] GC(503) Post Compact 2.290ms
[149.449s][info][gc,heap        ] GC(503) PSYoungGen: 136704K(234496K)->783K(234496K) Eden: 136704K(136704K)->783K(136704K) From: 0K(97792K)->0K(97792K)
[149.449s][info][gc,heap        ] GC(503) ParOldGen: 667141K(667648K)->667594K(667648K)
[149.449s][info][gc,metaspace   ] GC(503) Metaspace: 18316K(18496K)->18316K(18496K) NonClass: 15652K(15744K)->15652K(15744K) Class: 2664K(2752K)->2664K(2752K)
[149.449s][info][gc             ] GC(503) Pause Full (Allocation Failure) 785M->652M(881M) 907.858ms
[149.449s][info][gc,cpu         ] GC(503) User=1.78s Sys=0.00s Real=0.91s
[149.627s][info][gc,start       ] GC(504) Pause Full (Allocation Failure)
[149.628s][info][gc,phases,start] GC(504) Marking Phase
[150.079s][info][gc,phases      ] GC(504) Marking Phase 451.887ms
[150.079s][info][gc,phases,start] GC(504) Summary Phase
[150.079s][info][gc,phases      ] GC(504) Summary Phase 0.025ms
[150.079s][info][gc,phases,start] GC(504) Forward
[150.086s][info][gc,phases      ] GC(504) Forward 6.350ms
[150.086s][info][gc,phases,start] GC(504) Adjust Pointers
[150.394s][info][gc,phases      ] GC(504) Adjust Pointers 308.217ms
[150.394s][info][gc,phases,start] GC(504) Compaction Phase
[150.530s][info][gc,phases      ] GC(504) Compaction Phase 136.152ms
[150.530s][info][gc,phases,start] GC(504) Post Compact
[150.533s][info][gc,phases      ] GC(504) Post Compact 2.255ms
[150.533s][info][gc,heap        ] GC(504) PSYoungGen: 136704K(234496K)->3743K(234496K) Eden: 136704K(136704K)->3743K(136704K) From: 0K(97792K)->0K(97792K)
[150.533s][info][gc,heap        ] GC(504) ParOldGen: 667594K(667648K)->667593K(667648K)
[150.533s][info][gc,metaspace   ] GC(504) Metaspace: 18316K(18496K)->18316K(18496K) NonClass: 15652K(15744K)->15652K(15744K) Class: 2664K(2752K)->2664K(2752K)
[150.533s][info][gc             ] GC(504) Pause Full (Allocation Failure) 785M->655M(881M) 905.254ms
[150.533s][info][gc,cpu         ] GC(504) User=1.78s Sys=0.00s Real=0.90s
[150.631s][info][gc,start       ] GC(505) Pause Full (Allocation Failure)
[150.631s][info][gc,phases,start] GC(505) Marking Phase
[151.092s][info][gc,phases      ] GC(505) Marking Phase 461.500ms
[151.092s][info][gc,phases,start] GC(505) Summary Phase
[151.092s][info][gc,phases      ] GC(505) Summary Phase 0.025ms
[151.092s][info][gc,phases,start] GC(505) Forward
[151.102s][info][gc,phases      ] GC(505) Forward 9.527ms
[151.102s][info][gc,phases,start] GC(505) Adjust Pointers
[151.416s][info][gc,phases      ] GC(505) Adjust Pointers 314.271ms
[151.416s][info][gc,phases,start] GC(505) Compaction Phase
[151.553s][info][gc,phases      ] GC(505) Compaction Phase 137.200ms
[151.554s][info][gc,phases,start] GC(505) Post Compact
[151.556s][info][gc,phases      ] GC(505) Post Compact 2.246ms
[151.556s][info][gc,heap        ] GC(505) PSYoungGen: 136704K(234496K)->10528K(234496K) Eden: 136704K(136704K)->10528K(136704K) From: 0K(97792K)->0K(97792K)
[151.556s][info][gc,heap        ] GC(505) ParOldGen: 667593K(667648K)->667592K(667648K)
[151.556s][info][gc,metaspace   ] GC(505) Metaspace: 18316K(18496K)->18316K(18496K) NonClass: 15652K(15744K)->15652K(15744K) Class: 2664K(2752K)->2664K(2752K)
[151.556s][info][gc             ] GC(505) Pause Full (Allocation Failure) 785M->662M(881M) 925.166ms
[151.556s][info][gc,cpu         ] GC(505) User=1.81s Sys=0.00s Real=0.92s
[151.660s][info][gc,start       ] GC(506) Pause Full (Allocation Failure)
[151.660s][info][gc,phases,start] GC(506) Marking Phase
[152.118s][info][gc,phases      ] GC(506) Marking Phase 458.003ms
[152.118s][info][gc,phases,start] GC(506) Summary Phase
[152.118s][info][gc,phases      ] GC(506) Summary Phase 0.025ms
[152.118s][info][gc,phases,start] GC(506) Forward
[152.124s][info][gc,phases      ] GC(506) Forward 6.282ms
[152.124s][info][gc,phases,start] GC(506) Adjust Pointers
[152.435s][info][gc,phases      ] GC(506) Adjust Pointers 311.227ms
[152.435s][info][gc,phases,start] GC(506) Compaction Phase
[152.577s][info][gc,phases      ] GC(506) Compaction Phase 141.252ms
[152.577s][info][gc,phases,start] GC(506) Post Compact
[152.579s][info][gc,phases      ] GC(506) Post Compact 2.226ms
[152.579s][info][gc,heap        ] GC(506) PSYoungGen: 136704K(234496K)->11677K(234496K) Eden: 136704K(136704K)->11677K(136704K) From: 0K(97792K)->0K(97792K)
[152.579s][info][gc,heap        ] GC(506) ParOldGen: 667592K(667648K)->667592K(667648K)
[152.579s][info][gc,metaspace   ] GC(506) Metaspace: 18317K(18496K)->18317K(18496K) NonClass: 15653K(15744K)->15653K(15744K) Class: 2664K(2752K)->2664K(2752K)
[152.579s][info][gc             ] GC(506) Pause Full (Allocation Failure) 785M->663M(881M) 919.417ms
[152.579s][info][gc,cpu         ] GC(506) User=1.81s Sys=0.01s Real=0.92s
[152.682s][info][gc,start       ] GC(507) Pause Full (Allocation Failure)
[152.682s][info][gc,phases,start] GC(507) Marking Phase
[153.145s][info][gc,phases      ] GC(507) Marking Phase 463.319ms
[153.145s][info][gc,phases,start] GC(507) Summary Phase
[153.145s][info][gc,phases      ] GC(507) Summary Phase 0.028ms
[153.145s][info][gc,phases,start] GC(507) Forward
[153.152s][info][gc,phases      ] GC(507) Forward 6.454ms
[153.152s][info][gc,phases,start] GC(507) Adjust Pointers
[153.465s][info][gc,phases      ] GC(507) Adjust Pointers 313.078ms
[153.465s][info][gc,phases,start] GC(507) Compaction Phase
[153.605s][info][gc,phases      ] GC(507) Compaction Phase 140.605ms
[153.605s][info][gc,phases,start] GC(507) Post Compact
[153.608s][info][gc,phases      ] GC(507) Post Compact 2.280ms
[153.608s][info][gc,heap        ] GC(507) PSYoungGen: 136704K(234496K)->12913K(234496K) Eden: 136704K(136704K)->12913K(136704K) From: 0K(97792K)->0K(97792K)
[153.608s][info][gc,heap        ] GC(507) ParOldGen: 667592K(667648K)->667592K(667648K)
[153.608s][info][gc,metaspace   ] GC(507) Metaspace: 18319K(18496K)->18319K(18496K) NonClass: 15655K(15744K)->15655K(15744K) Class: 2664K(2752K)->2664K(2752K)
[153.608s][info][gc             ] GC(507) Pause Full (Allocation Failure) 785M->664M(881M) 926.153ms
[153.608s][info][gc,cpu         ] GC(507) User=1.81s Sys=0.00s Real=0.93s
[153.934s][info][gc,start       ] GC(508) Pause Full (Allocation Failure)
[153.934s][info][gc,phases,start] GC(508) Marking Phase
[154.418s][info][gc,phases      ] GC(508) Marking Phase 483.583ms
[154.418s][info][gc,phases,start] GC(508) Summary Phase
[154.418s][info][gc,phases      ] GC(508) Summary Phase 0.026ms
[154.418s][info][gc,phases,start] GC(508) Forward
[154.569s][info][gc,phases      ] GC(508) Forward 151.545ms
[154.569s][info][gc,phases,start] GC(508) Adjust Pointers
[154.953s][info][gc,phases      ] GC(508) Adjust Pointers 383.103ms
[154.953s][info][gc,phases,start] GC(508) Compaction Phase
[155.147s][info][gc,phases      ] GC(508) Compaction Phase 194.175ms
[155.163s][info][gc,phases,start] GC(508) Post Compact
[155.165s][info][gc,phases      ] GC(508) Post Compact 2.296ms
[155.165s][info][gc,heap        ] GC(508) PSYoungGen: 136704K(234496K)->270K(234496K) Eden: 136704K(136704K)->270K(136704K) From: 0K(97792K)->0K(97792K)
[155.165s][info][gc,heap        ] GC(508) ParOldGen: 667592K(667648K)->667540K(667648K)
[155.165s][info][gc,metaspace   ] GC(508) Metaspace: 18323K(18496K)->18323K(18496K) NonClass: 15659K(15744K)->15659K(15744K) Class: 2664K(2752K)->2664K(2752K)
[155.165s][info][gc             ] GC(508) Pause Full (Allocation Failure) 785M->652M(881M) 1231.041ms
[155.165s][info][gc,cpu         ] GC(508) User=2.40s Sys=0.00s Real=1.23s
[155.340s][info][gc,start       ] GC(509) Pause Full (Allocation Failure)
[155.340s][info][gc,phases,start] GC(509) Marking Phase
[155.848s][info][gc,phases      ] GC(509) Marking Phase 508.047ms
[155.848s][info][gc,phases,start] GC(509) Summary Phase
[155.848s][info][gc,phases      ] GC(509) Summary Phase 0.025ms
[155.848s][info][gc,phases,start] GC(509) Forward
[155.863s][info][gc,phases      ] GC(509) Forward 15.527ms
[155.863s][info][gc,phases,start] GC(509) Adjust Pointers
[156.209s][info][gc,phases      ] GC(509) Adjust Pointers 345.266ms
[156.209s][info][gc,phases,start] GC(509) Compaction Phase
[156.361s][info][gc,phases      ] GC(509) Compaction Phase 152.073ms
[156.361s][info][gc,phases,start] GC(509) Post Compact
[156.363s][info][gc,phases      ] GC(509) Post Compact 2.239ms
[156.363s][info][gc,heap        ] GC(509) PSYoungGen: 136704K(234496K)->25537K(234496K) Eden: 136704K(136704K)->25537K(136704K) From: 0K(97792K)->0K(97792K)
[156.363s][info][gc,heap        ] GC(509) ParOldGen: 667540K(667648K)->667540K(667648K)
[156.363s][info][gc,metaspace   ] GC(509) Metaspace: 18327K(18560K)->18327K(18560K) NonClass: 15662K(15808K)->15662K(15808K) Class: 2664K(2752K)->2664K(2752K)
[156.363s][info][gc             ] GC(509) Pause Full (Allocation Failure) 785M->676M(881M) 1023.569ms
[156.363s][info][gc,cpu         ] GC(509) User=2.02s Sys=0.00s Real=1.02s
[156.467s][info][gc,start       ] GC(510) Pause Full (Allocation Failure)
[156.467s][info][gc,phases,start] GC(510) Marking Phase
[156.978s][info][gc,phases      ] GC(510) Marking Phase 510.937ms
[156.978s][info][gc,phases,start] GC(510) Summary Phase
[156.978s][info][gc,phases      ] GC(510) Summary Phase 0.024ms
[156.978s][info][gc,phases,start] GC(510) Forward
[156.994s][info][gc,phases      ] GC(510) Forward 16.449ms
[156.994s][info][gc,phases,start] GC(510) Adjust Pointers
[157.336s][info][gc,phases      ] GC(510) Adjust Pointers 342.197ms
[157.337s][info][gc,phases,start] GC(510) Compaction Phase
[157.485s][info][gc,phases      ] GC(510) Compaction Phase 148.835ms
[157.485s][info][gc,phases,start] GC(510) Post Compact
[157.488s][info][gc,phases      ] GC(510) Post Compact 2.295ms
[157.488s][info][gc,heap        ] GC(510) PSYoungGen: 136704K(234496K)->29355K(234496K) Eden: 136704K(136704K)->29355K(136704K) From: 0K(97792K)->0K(97792K)
[157.488s][info][gc,heap        ] GC(510) ParOldGen: 667540K(667648K)->667540K(667648K)
[157.488s][info][gc,metaspace   ] GC(510) Metaspace: 18328K(18560K)->18328K(18560K) NonClass: 15664K(15808K)->15664K(15808K) Class: 2664K(2752K)->2664K(2752K)
[157.488s][info][gc             ] GC(510) Pause Full (Allocation Failure) 785M->680M(881M) 1021.168ms
[157.488s][info][gc,cpu         ] GC(510) User=2.00s Sys=0.00s Real=1.03s
[157.608s][info][gc,start       ] GC(511) Pause Full (Allocation Failure)
[157.608s][info][gc,phases,start] GC(511) Marking Phase
[158.121s][info][gc,phases      ] GC(511) Marking Phase 512.311ms
[158.121s][info][gc,phases,start] GC(511) Summary Phase
[158.121s][info][gc,phases      ] GC(511) Summary Phase 0.023ms
[158.121s][info][gc,phases,start] GC(511) Forward
[158.138s][info][gc,phases      ] GC(511) Forward 16.878ms
[158.138s][info][gc,phases,start] GC(511) Adjust Pointers
[158.483s][info][gc,phases      ] GC(511) Adjust Pointers 344.776ms
[158.483s][info][gc,phases,start] GC(511) Compaction Phase
[158.630s][info][gc,phases      ] GC(511) Compaction Phase 147.707ms
[158.630s][info][gc,phases,start] GC(511) Post Compact
[158.633s][info][gc,phases      ] GC(511) Post Compact 2.275ms
[158.633s][info][gc,heap        ] GC(511) PSYoungGen: 136704K(234496K)->31981K(234496K) Eden: 136704K(136704K)->31981K(136704K) From: 0K(97792K)->0K(97792K)
[158.633s][info][gc,heap        ] GC(511) ParOldGen: 667540K(667648K)->667540K(667648K)
[158.633s][info][gc,metaspace   ] GC(511) Metaspace: 18331K(18560K)->18331K(18560K) NonClass: 15667K(15808K)->15667K(15808K) Class: 2664K(2752K)->2664K(2752K)
[158.633s][info][gc             ] GC(511) Pause Full (Allocation Failure) 785M->683M(881M) 1024.384ms
[158.633s][info][gc,cpu         ] GC(511) User=2.00s Sys=0.00s Real=1.02s
[158.775s][info][gc,start       ] GC(512) Pause Full (Allocation Failure)
[158.776s][info][gc,phases,start] GC(512) Marking Phase
[159.297s][info][gc,phases      ] GC(512) Marking Phase 521.096ms
[159.297s][info][gc,phases,start] GC(512) Summary Phase
[159.297s][info][gc,phases      ] GC(512) Summary Phase 0.024ms
[159.297s][info][gc,phases,start] GC(512) Forward
[159.335s][info][gc,phases      ] GC(512) Forward 38.295ms
[159.335s][info][gc,phases,start] GC(512) Adjust Pointers
[159.693s][info][gc,phases      ] GC(512) Adjust Pointers 358.320ms
[159.693s][info][gc,phases,start] GC(512) Compaction Phase
[159.847s][info][gc,phases      ] GC(512) Compaction Phase 153.519ms
[159.851s][info][gc,phases,start] GC(512) Post Compact
[159.854s][info][gc,phases      ] GC(512) Post Compact 2.313ms
[159.854s][info][gc,heap        ] GC(512) PSYoungGen: 136704K(234496K)->34739K(234496K) Eden: 136704K(136704K)->34739K(136704K) From: 0K(97792K)->0K(97792K)
[159.854s][info][gc,heap        ] GC(512) ParOldGen: 667540K(667648K)->667491K(667648K)
[159.854s][info][gc,metaspace   ] GC(512) Metaspace: 18334K(18560K)->18334K(18560K) NonClass: 15670K(15808K)->15670K(15808K) Class: 2664K(2752K)->2664K(2752K)
[159.854s][info][gc             ] GC(512) Pause Full (Allocation Failure) 785M->685M(881M) 1078.404ms
[159.854s][info][gc,cpu         ] GC(512) User=2.11s Sys=0.00s Real=1.08s
[159.941s][info][gc,start       ] GC(513) Pause Full (Allocation Failure)
[159.941s][info][gc,phases,start] GC(513) Marking Phase
[160.457s][info][gc,phases      ] GC(513) Marking Phase 516.347ms
[160.457s][info][gc,phases,start] GC(513) Summary Phase
[160.457s][info][gc,phases      ] GC(513) Summary Phase 0.025ms
[160.457s][info][gc,phases,start] GC(513) Forward
[160.610s][info][gc,phases      ] GC(513) Forward 152.444ms
[160.610s][info][gc,phases,start] GC(513) Adjust Pointers
[161.009s][info][gc,phases      ] GC(513) Adjust Pointers 399.592ms
[161.009s][info][gc,phases,start] GC(513) Compaction Phase
[161.190s][info][gc,phases      ] GC(513) Compaction Phase 180.588ms
[161.207s][info][gc,phases,start] GC(513) Post Compact
[161.210s][info][gc,phases      ] GC(513) Post Compact 2.383ms
[161.210s][info][gc,heap        ] GC(513) PSYoungGen: 136704K(234496K)->34839K(234496K) Eden: 136704K(136704K)->34839K(136704K) From: 0K(97792K)->0K(97792K)
[161.210s][info][gc,heap        ] GC(513) ParOldGen: 667491K(667648K)->667490K(667648K)
[161.210s][info][gc,metaspace   ] GC(513) Metaspace: 18335K(18560K)->18335K(18560K) NonClass: 15671K(15808K)->15671K(15808K) Class: 2664K(2752K)->2664K(2752K)
[161.210s][info][gc             ] GC(513) Pause Full (Allocation Failure) 785M->685M(881M) 1269.050ms
[161.210s][info][gc,cpu         ] GC(513) User=2.48s Sys=0.01s Real=1.27s
[161.276s][info][gc,start       ] GC(514) Pause Full (Allocation Failure)
[161.276s][info][gc,phases,start] GC(514) Marking Phase
[161.790s][info][gc,phases      ] GC(514) Marking Phase 514.001ms
[161.790s][info][gc,phases,start] GC(514) Summary Phase
[161.790s][info][gc,phases      ] GC(514) Summary Phase 0.022ms
[161.790s][info][gc,phases,start] GC(514) Forward
[161.808s][info][gc,phases      ] GC(514) Forward 17.881ms
[161.808s][info][gc,phases,start] GC(514) Adjust Pointers
[162.151s][info][gc,phases      ] GC(514) Adjust Pointers 343.639ms
[162.151s][info][gc,phases,start] GC(514) Compaction Phase
[162.300s][info][gc,phases      ] GC(514) Compaction Phase 148.402ms
[162.300s][info][gc,phases,start] GC(514) Post Compact
[162.302s][info][gc,phases      ] GC(514) Post Compact 2.256ms
[162.302s][info][gc,heap        ] GC(514) PSYoungGen: 136704K(234496K)->34852K(234496K) Eden: 136704K(136704K)->34852K(136704K) From: 0K(97792K)->0K(97792K)
[162.302s][info][gc,heap        ] GC(514) ParOldGen: 667490K(667648K)->667490K(667648K)
[162.302s][info][gc,metaspace   ] GC(514) Metaspace: 18335K(18560K)->18335K(18560K) NonClass: 15671K(15808K)->15671K(15808K) Class: 2664K(2752K)->2664K(2752K)
[162.302s][info][gc             ] GC(514) Pause Full (Allocation Failure) 785M->685M(881M) 1026.609ms
[162.302s][info][gc,cpu         ] GC(514) User=2.00s Sys=0.00s Real=1.03s
[162.482s][info][gc,start       ] GC(515) Pause Full (Allocation Failure)
[162.483s][info][gc,phases,start] GC(515) Marking Phase
[163.005s][info][gc,phases      ] GC(515) Marking Phase 522.343ms
[163.005s][info][gc,phases,start] GC(515) Summary Phase
[163.005s][info][gc,phases      ] GC(515) Summary Phase 0.039ms
[163.005s][info][gc,phases,start] GC(515) Forward
[163.024s][info][gc,phases      ] GC(515) Forward 19.437ms
[163.024s][info][gc,phases,start] GC(515) Adjust Pointers
[163.377s][info][gc,phases      ] GC(515) Adjust Pointers 352.688ms
[163.377s][info][gc,phases,start] GC(515) Compaction Phase
[163.536s][info][gc,phases      ] GC(515) Compaction Phase 158.495ms
[163.536s][info][gc,phases,start] GC(515) Post Compact
[163.538s][info][gc,phases      ] GC(515) Post Compact 2.249ms
[163.538s][info][gc,heap        ] GC(515) PSYoungGen: 136704K(234496K)->40805K(234496K) Eden: 136704K(136704K)->40805K(136704K) From: 0K(97792K)->0K(97792K)
[163.538s][info][gc,heap        ] GC(515) ParOldGen: 667490K(667648K)->667490K(667648K)
[163.538s][info][gc,metaspace   ] GC(515) Metaspace: 18335K(18560K)->18335K(18560K) NonClass: 15671K(15808K)->15671K(15808K) Class: 2664K(2752K)->2664K(2752K)
[163.538s][info][gc             ] GC(515) Pause Full (Allocation Failure) 785M->691M(881M) 1055.658ms
[163.538s][info][gc,cpu         ] GC(515) User=2.07s Sys=0.00s Real=1.06s
[163.636s][info][gc,start       ] GC(516) Pause Full (Allocation Failure)
[163.636s][info][gc,phases,start] GC(516) Marking Phase
[164.160s][info][gc,phases      ] GC(516) Marking Phase 523.834ms
[164.160s][info][gc,phases,start] GC(516) Summary Phase
[164.160s][info][gc,phases      ] GC(516) Summary Phase 0.024ms
[164.160s][info][gc,phases,start] GC(516) Forward
[164.182s][info][gc,phases      ] GC(516) Forward 21.538ms
[164.182s][info][gc,phases,start] GC(516) Adjust Pointers
[164.535s][info][gc,phases      ] GC(516) Adjust Pointers 353.185ms
[164.535s][info][gc,phases,start] GC(516) Compaction Phase
[164.687s][info][gc,phases      ] GC(516) Compaction Phase 151.728ms
[164.687s][info][gc,phases,start] GC(516) Post Compact
[164.689s][info][gc,phases      ] GC(516) Post Compact 2.247ms
[164.689s][info][gc,heap        ] GC(516) PSYoungGen: 136704K(234496K)->42367K(234496K) Eden: 136704K(136704K)->42367K(136704K) From: 0K(97792K)->0K(97792K)
[164.689s][info][gc,heap        ] GC(516) ParOldGen: 667490K(667648K)->667490K(667648K)
[164.689s][info][gc,metaspace   ] GC(516) Metaspace: 18340K(18560K)->18340K(18560K) NonClass: 15675K(15808K)->15675K(15808K) Class: 2664K(2752K)->2664K(2752K)
[164.689s][info][gc             ] GC(516) Pause Full (Allocation Failure) 785M->693M(881M) 1052.976ms
[164.689s][info][gc,cpu         ] GC(516) User=2.05s Sys=0.00s Real=1.06s
[164.864s][info][gc,start       ] GC(517) Pause Full (Allocation Failure)
[164.864s][info][gc,phases,start] GC(517) Marking Phase
[165.387s][info][gc,phases      ] GC(517) Marking Phase 522.905ms
[165.387s][info][gc,phases,start] GC(517) Summary Phase
[165.387s][info][gc,phases      ] GC(517) Summary Phase 0.021ms
[165.387s][info][gc,phases,start] GC(517) Forward
[165.408s][info][gc,phases      ] GC(517) Forward 21.521ms
[165.408s][info][gc,phases,start] GC(517) Adjust Pointers
[165.755s][info][gc,phases      ] GC(517) Adjust Pointers 346.964ms
[165.756s][info][gc,phases,start] GC(517) Compaction Phase
[165.905s][info][gc,phases      ] GC(517) Compaction Phase 149.735ms
[165.905s][info][gc,phases,start] GC(517) Post Compact
[165.908s][info][gc,phases      ] GC(517) Post Compact 2.264ms
[165.908s][info][gc,heap        ] GC(517) PSYoungGen: 136704K(234496K)->42387K(234496K) Eden: 136704K(136704K)->42387K(136704K) From: 0K(97792K)->0K(97792K)
[165.908s][info][gc,heap        ] GC(517) ParOldGen: 667490K(667648K)->667490K(667648K)
[165.908s][info][gc,metaspace   ] GC(517) Metaspace: 18340K(18560K)->18340K(18560K) NonClass: 15675K(15808K)->15675K(15808K) Class: 2664K(2752K)->2664K(2752K)
[165.908s][info][gc             ] GC(517) Pause Full (Allocation Failure) 785M->693M(881M) 1043.826ms
[165.908s][info][gc,cpu         ] GC(517) User=2.03s Sys=0.00s Real=1.05s
[166.182s][info][gc,start       ] GC(518) Pause Full (Allocation Failure)
[166.182s][info][gc,phases,start] GC(518) Marking Phase
[166.703s][info][gc,phases      ] GC(518) Marking Phase 520.651ms
[166.703s][info][gc,phases,start] GC(518) Summary Phase
[166.703s][info][gc,phases      ] GC(518) Summary Phase 0.023ms
[166.703s][info][gc,phases,start] GC(518) Forward
[166.724s][info][gc,phases      ] GC(518) Forward 21.308ms
[166.724s][info][gc,phases,start] GC(518) Adjust Pointers
[167.074s][info][gc,phases      ] GC(518) Adjust Pointers 349.509ms
[167.074s][info][gc,phases,start] GC(518) Compaction Phase
[167.224s][info][gc,phases      ] GC(518) Compaction Phase 150.156ms
[167.224s][info][gc,phases,start] GC(518) Post Compact
[167.226s][info][gc,phases      ] GC(518) Post Compact 2.279ms
[167.226s][info][gc,heap        ] GC(518) PSYoungGen: 136704K(234496K)->42529K(234496K) Eden: 136704K(136704K)->42529K(136704K) From: 0K(97792K)->0K(97792K)
[167.226s][info][gc,heap        ] GC(518) ParOldGen: 667490K(667648K)->667490K(667648K)
[167.226s][info][gc,metaspace   ] GC(518) Metaspace: 18342K(18560K)->18342K(18560K) NonClass: 15678K(15808K)->15678K(15808K) Class: 2664K(2752K)->2664K(2752K)
[167.226s][info][gc             ] GC(518) Pause Full (Allocation Failure) 785M->693M(881M) 1044.337ms
[167.226s][info][gc,cpu         ] GC(518) User=2.04s Sys=0.00s Real=1.04s
[167.411s][info][gc,start       ] GC(519) Pause Full (Allocation Failure)
[167.412s][info][gc,phases,start] GC(519) Marking Phase
[167.936s][info][gc,phases      ] GC(519) Marking Phase 524.772ms
[167.936s][info][gc,phases,start] GC(519) Summary Phase
[167.936s][info][gc,phases      ] GC(519) Summary Phase 0.022ms
[167.936s][info][gc,phases,start] GC(519) Forward
[167.996s][info][gc,phases      ] GC(519) Forward 59.763ms
[167.996s][info][gc,phases,start] GC(519) Adjust Pointers
[168.355s][info][gc,phases      ] GC(519) Adjust Pointers 359.242ms
[168.356s][info][gc,phases,start] GC(519) Compaction Phase
[168.514s][info][gc,phases      ] GC(519) Compaction Phase 158.319ms
[168.517s][info][gc,phases,start] GC(519) Post Compact
[168.519s][info][gc,phases      ] GC(519) Post Compact 2.294ms
[168.519s][info][gc,heap        ] GC(519) PSYoungGen: 136704K(234496K)->42586K(234496K) Eden: 136704K(136704K)->42586K(136704K) From: 0K(97792K)->0K(97792K)
[168.519s][info][gc,heap        ] GC(519) ParOldGen: 667490K(667648K)->667490K(667648K)
[168.519s][info][gc,metaspace   ] GC(519) Metaspace: 18344K(18560K)->18344K(18560K) NonClass: 15680K(15808K)->15680K(15808K) Class: 2664K(2752K)->2664K(2752K)
[168.519s][info][gc             ] GC(519) Pause Full (Allocation Failure) 785M->693M(881M) 1107.732ms
[168.519s][info][gc,cpu         ] GC(519) User=2.15s Sys=0.00s Real=1.11s
[168.962s][info][gc,start       ] GC(520) Pause Full (Allocation Failure)
[168.962s][info][gc,phases,start] GC(520) Marking Phase
[169.367s][info][gc,phases      ] GC(520) Marking Phase 405.324ms
[169.368s][info][gc,phases,start] GC(520) Summary Phase
[169.368s][info][gc,phases      ] GC(520) Summary Phase 0.026ms
[169.368s][info][gc,phases,start] GC(520) Forward
[169.509s][info][gc,phases      ] GC(520) Forward 141.464ms
[169.509s][info][gc,phases,start] GC(520) Adjust Pointers
[169.820s][info][gc,phases      ] GC(520) Adjust Pointers 310.811ms
[169.820s][info][gc,phases,start] GC(520) Compaction Phase
[169.965s][info][gc,phases      ] GC(520) Compaction Phase 145.169ms
[169.977s][info][gc,phases,start] GC(520) Post Compact
[169.979s][info][gc,phases      ] GC(520) Post Compact 2.312ms
[169.979s][info][gc,heap        ] GC(520) PSYoungGen: 136704K(234496K)->0K(234496K) Eden: 136704K(136704K)->0K(136704K) From: 0K(97792K)->0K(97792K)
[169.979s][info][gc,heap        ] GC(520) ParOldGen: 667490K(667648K)->579056K(667648K)
[169.979s][info][gc,metaspace   ] GC(520) Metaspace: 18344K(18560K)->18344K(18560K) NonClass: 15680K(15808K)->15680K(15808K) Class: 2664K(2752K)->2664K(2752K)
[169.979s][info][gc             ] GC(520) Pause Full (Allocation Failure) 785M->565M(881M) 1016.858ms
[169.979s][info][gc,cpu         ] GC(520) User=1.94s Sys=0.01s Real=1.02s
[170.244s][info][gc,start       ] GC(521) Pause Young (Allocation Failure)
[170.267s][info][gc,heap        ] GC(521) PSYoungGen: 136704K(234496K)->21280K(158208K) Eden: 136704K(136704K)->0K(136704K) From: 0K(97792K)->21280K(21504K)
[170.267s][info][gc,heap        ] GC(521) ParOldGen: 579056K(667648K)->579056K(667648K)
[170.267s][info][gc,metaspace   ] GC(521) Metaspace: 18344K(18560K)->18344K(18560K) NonClass: 15680K(15808K)->15680K(15808K) Class: 2664K(2752K)->2664K(2752K)
[170.267s][info][gc             ] GC(521) Pause Young (Allocation Failure) 698M->586M(806M) 22.164ms
[170.267s][info][gc,cpu         ] GC(521) User=0.04s Sys=0.00s Real=0.02s
[170.536s][info][gc,start       ] GC(522) Pause Young (Allocation Failure)
[170.562s][info][gc,heap        ] GC(522) PSYoungGen: 157984K(158208K)->21248K(230400K) Eden: 136704K(136704K)->0K(141824K) From: 21280K(21504K)->21248K(88576K)
[170.562s][info][gc,heap        ] GC(522) ParOldGen: 579056K(667648K)->579056K(667648K)
[170.562s][info][gc,metaspace   ] GC(522) Metaspace: 18344K(18560K)->18344K(18560K) NonClass: 15680K(15808K)->15680K(15808K) Class: 2664K(2752K)->2664K(2752K)
[170.562s][info][gc             ] GC(522) Pause Young (Allocation Failure) 719M->586M(877M) 26.199ms
[170.562s][info][gc,cpu         ] GC(522) User=0.05s Sys=0.00s Real=0.03s
[171.014s][info][gc,start       ] GC(523) Pause Young (Allocation Failure)
[171.036s][info][gc,heap        ] GC(523) PSYoungGen: 163072K(230400K)->21600K(230912K) Eden: 141824K(141824K)->0K(141824K) From: 21248K(88576K)->21600K(89088K)
[171.036s][info][gc,heap        ] GC(523) ParOldGen: 579056K(667648K)->579056K(667648K)
[171.037s][info][gc,metaspace   ] GC(523) Metaspace: 18345K(18560K)->18345K(18560K) NonClass: 15681K(15808K)->15681K(15808K) Class: 2664K(2752K)->2664K(2752K)
[171.037s][info][gc             ] GC(523) Pause Young (Allocation Failure) 724M->586M(877M) 22.470ms
[171.037s][info][gc,cpu         ] GC(523) User=0.04s Sys=0.00s Real=0.02s
[171.645s][info][gc,start       ] GC(524) Pause Young (Allocation Failure)
[171.670s][info][gc,heap        ] GC(524) PSYoungGen: 163424K(230912K)->22148K(221184K) Eden: 141824K(141824K)->0K(145408K) From: 21600K(89088K)->22148K(75776K)
[171.670s][info][gc,heap        ] GC(524) ParOldGen: 579056K(667648K)->579056K(667648K)
[171.670s][info][gc,metaspace   ] GC(524) Metaspace: 18345K(18560K)->18345K(18560K) NonClass: 15681K(15808K)->15681K(15808K) Class: 2664K(2752K)->2664K(2752K)
[171.670s][info][gc             ] GC(524) Pause Young (Allocation Failure) 725M->587M(868M) 24.555ms
[171.670s][info][gc,cpu         ] GC(524) User=0.04s Sys=0.00s Real=0.03s
[172.389s][info][gc,start       ] GC(525) Pause Young (Allocation Failure)
[172.413s][info][gc,heap        ] GC(525) PSYoungGen: 167548K(221184K)->23549K(168960K) Eden: 145399K(145408K)->0K(145408K) From: 22148K(75776K)->23549K(23552K)
[172.413s][info][gc,heap        ] GC(525) ParOldGen: 579056K(667648K)->579064K(667648K)
[172.413s][info][gc,metaspace   ] GC(525) Metaspace: 18377K(18560K)->18377K(18560K) NonClass: 15712K(15808K)->15712K(15808K) Class: 2664K(2752K)->2664K(2752K)
[172.413s][info][gc             ] GC(525) Pause Young (Allocation Failure) 729M->588M(817M) 24.639ms
[172.413s][info][gc,cpu         ] GC(525) User=0.04s Sys=0.00s Real=0.02s
[172.751s][info][gc,start       ] GC(526) Pause Young (Allocation Failure)
[172.776s][info][gc,heap        ] GC(526) PSYoungGen: 168926K(168960K)->23680K(217088K) Eden: 145377K(145408K)->0K(148480K) From: 23549K(23552K)->23680K(68608K)
[172.776s][info][gc,heap        ] GC(526) ParOldGen: 579064K(667648K)->579072K(667648K)
[172.776s][info][gc,metaspace   ] GC(526) Metaspace: 18446K(18624K)->18446K(18624K) NonClass: 15782K(15872K)->15782K(15872K) Class: 2664K(2752K)->2664K(2752K)
[172.776s][info][gc             ] GC(526) Pause Young (Allocation Failure) 730M->588M(864M) 24.886ms
[172.776s][info][gc,cpu         ] GC(526) User=0.05s Sys=0.00s Real=0.02s
[173.122s][info][gc,start       ] GC(527) Pause Young (Allocation Failure)
[173.147s][info][gc,heap        ] GC(527) PSYoungGen: 172160K(217088K)->23876K(172544K) Eden: 148480K(148480K)->0K(148480K) From: 23680K(68608K)->23876K(24064K)
[173.147s][info][gc,heap        ] GC(527) ParOldGen: 579072K(667648K)->579080K(667648K)
[173.147s][info][gc,metaspace   ] GC(527) Metaspace: 18462K(18624K)->18462K(18624K) NonClass: 15798K(15872K)->15798K(15872K) Class: 2664K(2752K)->2664K(2752K)
[173.147s][info][gc             ] GC(527) Pause Young (Allocation Failure) 733M->588M(820M) 24.973ms
[173.147s][info][gc,cpu         ] GC(527) User=0.05s Sys=0.00s Real=0.02s
[173.302s][info][gc,start       ] GC(528) Pause Young (Allocation Failure)
[173.381s][info][gc,heap        ] GC(528) PSYoungGen: 172356K(172544K)->69108K(202240K) Eden: 148480K(148480K)->0K(133120K) From: 23876K(24064K)->69108K(69120K)
[173.381s][info][gc,heap        ] GC(528) ParOldGen: 579080K(667648K)->598120K(667648K)
[173.381s][info][gc,metaspace   ] GC(528) Metaspace: 18503K(18688K)->18503K(18688K) NonClass: 15839K(15936K)->15839K(15936K) Class: 2664K(2752K)->2664K(2752K)
[173.381s][info][gc             ] GC(528) Pause Young (Allocation Failure) 733M->651M(849M) 78.923ms
[173.381s][info][gc,cpu         ] GC(528) User=0.16s Sys=0.00s Real=0.08s
[173.520s][info][gc,start       ] GC(529) Pause Young (Allocation Failure)
[173.624s][info][gc,heap        ] GC(529) PSYoungGen: 202228K(202240K)->86708K(220672K) Eden: 133120K(133120K)->0K(133120K) From: 69108K(69120K)->86708K(87552K)
[173.624s][info][gc,heap        ] GC(529) ParOldGen: 598120K(667648K)->619432K(667648K)
[173.624s][info][gc,metaspace   ] GC(529) Metaspace: 18503K(18688K)->18503K(18688K) NonClass: 15839K(15936K)->15839K(15936K) Class: 2664K(2752K)->2664K(2752K)
[173.624s][info][gc             ] GC(529) Pause Young (Allocation Failure) 781M->689M(867M) 103.543ms
[173.624s][info][gc,cpu         ] GC(529) User=0.20s Sys=0.00s Real=0.10s
[173.789s][info][gc,start       ] GC(530) Pause Young (Allocation Failure)
[173.913s][info][gc,heap        ] GC(530) PSYoungGen: 219828K(220672K)->101860K(213504K) Eden: 133120K(133120K)->0K(111616K) From: 86708K(87552K)->101860K(101888K)
[173.913s][info][gc,heap        ] GC(530) ParOldGen: 619432K(667648K)->653794K(667648K)
[173.913s][info][gc,metaspace   ] GC(530) Metaspace: 18503K(18688K)->18503K(18688K) NonClass: 15839K(15936K)->15839K(15936K) Class: 2664K(2752K)->2664K(2752K)
[173.913s][info][gc             ] GC(530) Pause Young (Allocation Failure) 819M->737M(860M) 123.893ms
[173.913s][info][gc,cpu         ] GC(530) User=0.22s Sys=0.03s Real=0.12s
[174.064s][info][gc,start       ] GC(531) Pause Full (Allocation Failure)
[174.064s][info][gc,phases,start] GC(531) Marking Phase
[174.191s][info][gc,phases      ] GC(531) Marking Phase 126.484ms
[174.191s][info][gc,phases,start] GC(531) Summary Phase
[174.191s][info][gc,phases      ] GC(531) Summary Phase 0.026ms
[174.191s][info][gc,phases,start] GC(531) Forward
[174.232s][info][gc,phases      ] GC(531) Forward 40.913ms
[174.232s][info][gc,phases,start] GC(531) Adjust Pointers
[174.319s][info][gc,phases      ] GC(531) Adjust Pointers 87.287ms
[174.319s][info][gc,phases,start] GC(531) Compaction Phase
[174.378s][info][gc,phases      ] GC(531) Compaction Phase 59.403ms
[174.381s][info][gc,phases,start] GC(531) Post Compact
[174.383s][info][gc,phases      ] GC(531) Post Compact 2.440ms
[174.395s][info][gc,heap        ] GC(531) PSYoungGen: 213476K(213504K)->0K(222720K) Eden: 111616K(111616K)->0K(111616K) From: 101860K(101888K)->0K(111104K)
[174.395s][info][gc,heap        ] GC(531) ParOldGen: 653794K(667648K)->217456K(516608K)
[174.395s][info][gc,metaspace   ] GC(531) Metaspace: 18503K(18688K)->18503K(18688K) NonClass: 15839K(15936K)->15839K(15936K) Class: 2664K(2752K)->2664K(2752K)
[174.395s][info][gc             ] GC(531) Pause Full (Allocation Failure) 846M->212M(722M) 330.801ms
[174.395s][info][gc,cpu         ] GC(531) User=0.60s Sys=0.01s Real=0.33s
[174.517s][info][gc,start       ] GC(532) Pause Young (Allocation Failure)
[174.539s][info][gc,heap        ] GC(532) PSYoungGen: 111616K(222720K)->3040K(222720K) Eden: 111616K(111616K)->0K(111616K) From: 0K(111104K)->3040K(111104K)
[174.539s][info][gc,heap        ] GC(532) ParOldGen: 217456K(516608K)->217456K(516608K)
[174.539s][info][gc,metaspace   ] GC(532) Metaspace: 18533K(18688K)->18533K(18688K) NonClass: 15869K(15936K)->15869K(15936K) Class: 2664K(2752K)->2664K(2752K)
[174.539s][info][gc             ] GC(532) Pause Young (Allocation Failure) 321M->215M(722M) 22.371ms
[174.539s][info][gc,cpu         ] GC(532) User=0.03s Sys=0.00s Real=0.03s
[174.800s][info][gc,start       ] GC(533) Pause Young (Allocation Failure)
[174.850s][info][gc,heap        ] GC(533) PSYoungGen: 114656K(222720K)->29746K(222720K) Eden: 111616K(111616K)->0K(111616K) From: 3040K(111104K)->29746K(111104K)
[174.850s][info][gc,heap        ] GC(533) ParOldGen: 217456K(516608K)->217464K(516608K)
[174.850s][info][gc,metaspace   ] GC(533) Metaspace: 18556K(18688K)->18556K(18688K) NonClass: 15892K(15936K)->15892K(15936K) Class: 2664K(2752K)->2664K(2752K)
[174.850s][info][gc             ] GC(533) Pause Young (Allocation Failure) 324M->241M(722M) 50.411ms
[174.850s][info][gc,cpu         ] GC(533) User=0.10s Sys=0.00s Real=0.05s
[174.967s][info][gc,start       ] GC(534) Pause Young (Allocation Failure)
[175.024s][info][gc,heap        ] GC(534) PSYoungGen: 141362K(222720K)->36402K(222720K) Eden: 111616K(111616K)->0K(111616K) From: 29746K(111104K)->36402K(111104K)
[175.024s][info][gc,heap        ] GC(534) ParOldGen: 217464K(516608K)->217464K(516608K)
[175.024s][info][gc,metaspace   ] GC(534) Metaspace: 18556K(18688K)->18556K(18688K) NonClass: 15892K(15936K)->15892K(15936K) Class: 2664K(2752K)->2664K(2752K)
[175.024s][info][gc             ] GC(534) Pause Young (Allocation Failure) 350M->247M(722M) 57.035ms
[175.024s][info][gc,cpu         ] GC(534) User=0.12s Sys=0.00s Real=0.06s
[175.126s][info][gc,start       ] GC(535) Pause Young (Allocation Failure)
[175.190s][info][gc,heap        ] GC(535) PSYoungGen: 148018K(222720K)->44027K(155648K) Eden: 111616K(111616K)->0K(111616K) From: 36402K(111104K)->44027K(44032K)
[175.190s][info][gc,heap        ] GC(535) ParOldGen: 217464K(516608K)->217464K(516608K)
[175.190s][info][gc,metaspace   ] GC(535) Metaspace: 18556K(18688K)->18556K(18688K) NonClass: 15892K(15936K)->15892K(15936K) Class: 2664K(2752K)->2664K(2752K)
[175.190s][info][gc             ] GC(535) Pause Young (Allocation Failure) 356M->255M(656M) 64.033ms
[175.190s][info][gc,cpu         ] GC(535) User=0.13s Sys=0.00s Real=0.07s
[175.272s][info][gc,start       ] GC(536) Pause Young (Allocation Failure)
[175.357s][info][gc,heap        ] GC(536) PSYoungGen: 155643K(155648K)->66715K(221696K) Eden: 111616K(111616K)->0K(111104K) From: 44027K(44032K)->66715K(110592K)
[175.357s][info][gc,heap        ] GC(536) ParOldGen: 217464K(516608K)->217464K(516608K)
[175.357s][info][gc,metaspace   ] GC(536) Metaspace: 18556K(18688K)->18556K(18688K) NonClass: 15892K(15936K)->15892K(15936K) Class: 2664K(2752K)->2664K(2752K)
[175.357s][info][gc             ] GC(536) Pause Young (Allocation Failure) 364M->277M(721M) 85.054ms
[175.357s][info][gc,cpu         ] GC(536) User=0.17s Sys=0.00s Real=0.08s
[175.420s][info][gc,start       ] GC(537) Pause Young (Allocation Failure)
[175.528s][info][gc,heap        ] GC(537) PSYoungGen: 177819K(221696K)->68336K(222208K) Eden: 111104K(111104K)->0K(111104K) From: 66715K(110592K)->68336K(111104K)
[175.528s][info][gc,heap        ] GC(537) ParOldGen: 217464K(516608K)->247181K(516608K)
[175.528s][info][gc,metaspace   ] GC(537) Metaspace: 18556K(18688K)->18556K(18688K) NonClass: 15892K(15936K)->15892K(15936K) Class: 2664K(2752K)->2664K(2752K)
[175.528s][info][gc             ] GC(537) Pause Young (Allocation Failure) 386M->308M(721M) 107.674ms
[175.528s][info][gc,cpu         ] GC(537) User=0.22s Sys=0.00s Real=0.11s
[175.628s][info][gc,start       ] GC(538) Pause Young (Allocation Failure)
[175.687s][info][gc,heap        ] GC(538) PSYoungGen: 179440K(222208K)->60432K(222720K) Eden: 111104K(111104K)->0K(111616K) From: 68336K(111104K)->60432K(111104K)
[175.687s][info][gc,heap        ] GC(538) ParOldGen: 247181K(516608K)->261546K(516608K)
[175.687s][info][gc,metaspace   ] GC(538) Metaspace: 18556K(18688K)->18556K(18688K) NonClass: 15892K(15936K)->15892K(15936K) Class: 2664K(2752K)->2664K(2752K)
[175.687s][info][gc             ] GC(538) Pause Young (Allocation Failure) 416M->314M(722M) 58.888ms
[175.687s][info][gc,cpu         ] GC(538) User=0.12s Sys=0.00s Real=0.05s
[175.811s][info][gc,start       ] GC(539) Pause Young (Allocation Failure)
[175.877s][info][gc,heap        ] GC(539) PSYoungGen: 172048K(222720K)->19971K(222720K) Eden: 111616K(111616K)->0K(111616K) From: 60432K(111104K)->19971K(111104K)
[175.877s][info][gc,heap        ] GC(539) ParOldGen: 261546K(516608K)->315865K(516608K)
[175.877s][info][gc,metaspace   ] GC(539) Metaspace: 18556K(18688K)->18556K(18688K) NonClass: 15892K(15936K)->15892K(15936K) Class: 2664K(2752K)->2664K(2752K)
[175.877s][info][gc             ] GC(539) Pause Young (Allocation Failure) 423M->327M(722M) 66.037ms
[175.877s][info][gc,cpu         ] GC(539) User=0.13s Sys=0.00s Real=0.06s
[175.942s][info][gc,start       ] GC(540) Pause Young (Allocation Failure)
[175.970s][info][gc,heap        ] GC(540) PSYoungGen: 131587K(222720K)->2944K(222720K) Eden: 111616K(111616K)->0K(111616K) From: 19971K(111104K)->2944K(111104K)
[175.970s][info][gc,heap        ] GC(540) ParOldGen: 315865K(516608K)->335893K(516608K)
[175.970s][info][gc,metaspace   ] GC(540) Metaspace: 18556K(18688K)->18556K(18688K) NonClass: 15892K(15936K)->15892K(15936K) Class: 2664K(2752K)->2664K(2752K)
[175.970s][info][gc             ] GC(540) Pause Young (Allocation Failure) 436M->330M(722M) 28.551ms
[175.970s][info][gc,cpu         ] GC(540) User=0.06s Sys=0.00s Real=0.03s
[176.046s][info][gc,start       ] GC(541) Pause Young (Allocation Failure)
[176.052s][info][gc,heap        ] GC(541) PSYoungGen: 114560K(222720K)->896K(222720K) Eden: 111616K(111616K)->0K(111616K) From: 2944K(111104K)->896K(111104K)
[176.052s][info][gc,heap        ] GC(541) ParOldGen: 335893K(516608K)->338797K(516608K)
[176.052s][info][gc,metaspace   ] GC(541) Metaspace: 18556K(18688K)->18556K(18688K) NonClass: 15892K(15936K)->15892K(15936K) Class: 2664K(2752K)->2664K(2752K)
[176.052s][info][gc             ] GC(541) Pause Young (Allocation Failure) 439M->331M(722M) 6.451ms
[176.052s][info][gc,cpu         ] GC(541) User=0.01s Sys=0.00s Real=0.01s
[176.148s][info][gc,start       ] GC(542) Pause Young (Allocation Failure)
[176.154s][info][gc,heap        ] GC(542) PSYoungGen: 112512K(222720K)->2880K(221696K) Eden: 111616K(111616K)->0K(111616K) From: 896K(111104K)->2880K(110080K)
[176.154s][info][gc,heap        ] GC(542) ParOldGen: 338797K(516608K)->339661K(516608K)
[176.154s][info][gc,metaspace   ] GC(542) Metaspace: 18556K(18688K)->18556K(18688K) NonClass: 15892K(15936K)->15892K(15936K) Class: 2664K(2752K)->2664K(2752K)
[176.154s][info][gc             ] GC(542) Pause Young (Allocation Failure) 440M->334M(721M) 5.854ms
[176.154s][info][gc,cpu         ] GC(542) User=0.01s Sys=0.00s Real=0.00s
[176.262s][info][gc,start       ] GC(543) Pause Young (Allocation Failure)
[176.270s][info][gc,heap        ] GC(543) PSYoungGen: 114496K(221696K)->6176K(118272K) Eden: 111616K(111616K)->0K(111616K) From: 2880K(110080K)->6176K(6656K)
[176.270s][info][gc,heap        ] GC(543) ParOldGen: 339661K(516608K)->339661K(516608K)
[176.270s][info][gc,metaspace   ] GC(543) Metaspace: 18556K(18688K)->18556K(18688K) NonClass: 15892K(15936K)->15892K(15936K) Class: 2664K(2752K)->2664K(2752K)
[176.270s][info][gc             ] GC(543) Pause Young (Allocation Failure) 443M->337M(620M) 7.863ms
[176.270s][info][gc,cpu         ] GC(543) User=0.02s Sys=0.00s Real=0.01s
[176.508s][info][gc,start       ] GC(544) Pause Young (Allocation Failure)
[176.517s][info][gc,heap        ] GC(544) PSYoungGen: 117792K(118272K)->6400K(219648K) Eden: 111616K(111616K)->0K(116224K) From: 6176K(6656K)->6400K(103424K)
[176.517s][info][gc,heap        ] GC(544) ParOldGen: 339661K(516608K)->339661K(516608K)
[176.517s][info][gc,metaspace   ] GC(544) Metaspace: 18556K(18688K)->18556K(18688K) NonClass: 15892K(15936K)->15892K(15936K) Class: 2664K(2752K)->2664K(2752K)
[176.517s][info][gc             ] GC(544) Pause Young (Allocation Failure) 446M->337M(719M) 8.839ms
[176.517s][info][gc,cpu         ] GC(544) User=0.02s Sys=0.00s Real=0.00s
[176.697s][info][gc,start       ] GC(545) Pause Young (Allocation Failure)
[176.745s][info][gc,heap        ] GC(545) PSYoungGen: 122624K(219648K)->53888K(220160K) Eden: 116224K(116224K)->0K(116224K) From: 6400K(103424K)->53888K(103936K)
[176.745s][info][gc,heap        ] GC(545) ParOldGen: 339661K(516608K)->339661K(516608K)
[176.745s][info][gc,metaspace   ] GC(545) Metaspace: 18559K(18752K)->18559K(18752K) NonClass: 15895K(16000K)->15895K(16000K) Class: 2664K(2752K)->2664K(2752K)
[176.745s][info][gc             ] GC(545) Pause Young (Allocation Failure) 451M->384M(719M) 48.617ms
[176.746s][info][gc,cpu         ] GC(545) User=0.09s Sys=0.00s Real=0.05s
[176.915s][info][gc,start       ] GC(546) Pause Young (Allocation Failure)
[176.991s][info][gc,heap        ] GC(546) PSYoungGen: 170112K(220160K)->83200K(217600K) Eden: 116224K(116224K)->0K(111616K) From: 53888K(103936K)->83200K(105984K)
[176.991s][info][gc,heap        ] GC(546) ParOldGen: 339661K(516608K)->339661K(516608K)
[176.991s][info][gc,metaspace   ] GC(546) Metaspace: 18559K(18752K)->18559K(18752K) NonClass: 15895K(16000K)->15895K(16000K) Class: 2664K(2752K)->2664K(2752K)
[176.991s][info][gc             ] GC(546) Pause Young (Allocation Failure) 497M->412M(717M) 75.857ms
[176.991s][info][gc,cpu         ] GC(546) User=0.15s Sys=0.00s Real=0.08s
[177.093s][info][gc,start       ] GC(547) Pause Young (Allocation Failure)
[177.168s][info][gc,heap        ] GC(547) PSYoungGen: 194816K(217600K)->81280K(222720K) Eden: 111616K(111616K)->0K(111616K) From: 83200K(105984K)->81280K(111104K)
[177.168s][info][gc,heap        ] GC(547) ParOldGen: 339661K(516608K)->345837K(516608K)
[177.168s][info][gc,metaspace   ] GC(547) Metaspace: 18559K(18752K)->18559K(18752K) NonClass: 15895K(16000K)->15895K(16000K) Class: 2664K(2752K)->2664K(2752K)
[177.168s][info][gc             ] GC(547) Pause Young (Allocation Failure) 521M->417M(722M) 75.869ms
[177.168s][info][gc,cpu         ] GC(547) User=0.15s Sys=0.00s Real=0.08s
[177.290s][info][gc,start       ] GC(548) Pause Young (Allocation Failure)
[177.360s][info][gc,heap        ] GC(548) PSYoungGen: 192896K(222720K)->34336K(222720K) Eden: 111616K(111616K)->0K(111616K) From: 81280K(111104K)->34336K(111104K)
[177.360s][info][gc,heap        ] GC(548) ParOldGen: 345837K(516608K)->393769K(516608K)
[177.360s][info][gc,metaspace   ] GC(548) Metaspace: 18559K(18752K)->18559K(18752K) NonClass: 15895K(16000K)->15895K(16000K) Class: 2664K(2752K)->2664K(2752K)
[177.360s][info][gc             ] GC(548) Pause Young (Allocation Failure) 526M->418M(722M) 70.155ms
[177.360s][info][gc,cpu         ] GC(548) User=0.14s Sys=0.00s Real=0.07s
[177.515s][info][gc,start       ] GC(549) Pause Young (Allocation Failure)
[177.550s][info][gc,heap        ] GC(549) PSYoungGen: 145952K(222720K)->2048K(222720K) Eden: 111616K(111616K)->0K(111616K) From: 34336K(111104K)->2048K(111104K)
[177.550s][info][gc,heap        ] GC(549) ParOldGen: 393769K(516608K)->427487K(516608K)
[177.550s][info][gc,metaspace   ] GC(549) Metaspace: 18559K(18752K)->18559K(18752K) NonClass: 15895K(16000K)->15895K(16000K) Class: 2664K(2752K)->2664K(2752K)
[177.550s][info][gc             ] GC(549) Pause Young (Allocation Failure) 527M->419M(722M) 35.189ms
[177.550s][info][gc,cpu         ] GC(549) User=0.07s Sys=0.00s Real=0.04s
[177.777s][info][gc,start       ] GC(550) Pause Young (Allocation Failure)
[177.782s][info][gc,heap        ] GC(550) PSYoungGen: 113664K(222720K)->160K(222720K) Eden: 111616K(111616K)->0K(111616K) From: 2048K(111104K)->160K(111104K)
[177.782s][info][gc,heap        ] GC(550) ParOldGen: 427487K(516608K)->429503K(516608K)
[177.782s][info][gc,metaspace   ] GC(550) Metaspace: 18559K(18752K)->18559K(18752K) NonClass: 15895K(16000K)->15895K(16000K) Class: 2664K(2752K)->2664K(2752K)
[177.782s][info][gc             ] GC(550) Pause Young (Allocation Failure) 528M->419M(722M) 4.963ms
[177.782s][info][gc,cpu         ] GC(550) User=0.01s Sys=0.00s Real=0.01s
[177.940s][info][gc,start       ] GC(551) Pause Young (Allocation Failure)
[177.971s][info][gc,heap        ] GC(551) PSYoungGen: 111776K(222720K)->31648K(143360K) Eden: 111616K(111616K)->0K(111616K) From: 160K(111104K)->31648K(31744K)
[177.971s][info][gc,heap        ] GC(551) ParOldGen: 429503K(516608K)->429639K(516608K)
[177.971s][info][gc,metaspace   ] GC(551) Metaspace: 18559K(18752K)->18559K(18752K) NonClass: 15895K(16000K)->15895K(16000K) Class: 2664K(2752K)->2664K(2752K)
[177.971s][info][gc             ] GC(551) Pause Young (Allocation Failure) 528M->450M(644M) 31.206ms
[177.971s][info][gc,cpu         ] GC(551) User=0.06s Sys=0.00s Real=0.03s
[178.161s][info][gc,start       ] GC(552) Pause Young (Allocation Failure)
[178.223s][info][gc,heap        ] GC(552) PSYoungGen: 143264K(143360K)->68355K(215552K) Eden: 111616K(111616K)->0K(108032K) From: 31648K(31744K)->68355K(107520K)
[178.223s][info][gc,heap        ] GC(552) ParOldGen: 429639K(516608K)->429639K(516608K)
[178.223s][info][gc,metaspace   ] GC(552) Metaspace: 18559K(18752K)->18559K(18752K) NonClass: 15895K(16000K)->15895K(16000K) Class: 2664K(2752K)->2664K(2752K)
[178.224s][info][gc             ] GC(552) Pause Young (Allocation Failure) 559M->486M(715M) 62.937ms
[178.224s][info][gc,cpu         ] GC(552) User=0.12s Sys=0.00s Real=0.06s
[178.353s][info][gc,start       ] GC(553) Pause Young (Allocation Failure)
[178.419s][info][gc,heap        ] GC(553) PSYoungGen: 176387K(215552K)->8084K(219136K) Eden: 108032K(108032K)->0K(108032K) From: 68355K(107520K)->8084K(111104K)
[178.419s][info][gc,heap        ] GC(553) ParOldGen: 429639K(516608K)->498209K(516608K)
[178.419s][info][gc,metaspace   ] GC(553) Metaspace: 18559K(18752K)->18559K(18752K) NonClass: 15895K(16000K)->15895K(16000K) Class: 2664K(2752K)->2664K(2752K)
[178.419s][info][gc             ] GC(553) Pause Young (Allocation Failure) 591M->494M(718M) 65.813ms
[178.419s][info][gc,cpu         ] GC(553) User=0.13s Sys=0.00s Real=0.07s
[178.507s][info][gc,start       ] GC(554) Pause Young (Allocation Failure)
[178.525s][info][gc,heap        ] GC(554) PSYoungGen: 116116K(219136K)->10612K(214016K) Eden: 108032K(108032K)->0K(112128K) From: 8084K(111104K)->10612K(101888K)
[178.525s][info][gc,heap        ] GC(554) ParOldGen: 498209K(516608K)->498209K(516608K)
[178.525s][info][gc,metaspace   ] GC(554) Metaspace: 18559K(18752K)->18559K(18752K) NonClass: 15895K(16000K)->15895K(16000K) Class: 2664K(2752K)->2664K(2752K)
[178.525s][info][gc             ] GC(554) Pause Young (Allocation Failure) 599M->496M(713M) 18.558ms
[178.525s][info][gc,cpu         ] GC(554) User=0.03s Sys=0.00s Real=0.02s
[178.589s][info][gc,start       ] GC(555) Pause Young (Allocation Failure)
[178.665s][info][gc,heap        ] GC(555) PSYoungGen: 122740K(214016K)->73812K(218624K) Eden: 112128K(112128K)->0K(112128K) From: 10612K(101888K)->73812K(106496K)
[178.665s][info][gc,heap        ] GC(555) ParOldGen: 498209K(516608K)->498209K(516608K)
[178.665s][info][gc,metaspace   ] GC(555) Metaspace: 18559K(18752K)->18559K(18752K) NonClass: 15895K(16000K)->15895K(16000K) Class: 2664K(2752K)->2664K(2752K)
[178.665s][info][gc             ] GC(555) Pause Young (Allocation Failure) 606M->558M(718M) 75.572ms
[178.665s][info][gc,cpu         ] GC(555) User=0.15s Sys=0.00s Real=0.07s
[178.788s][info][gc,start       ] GC(556) Pause Young (Allocation Failure)
[178.885s][info][gc,heap        ] GC(556) PSYoungGen: 185940K(218624K)->88192K(222720K) Eden: 112128K(112128K)->0K(111616K) From: 73812K(106496K)->88192K(111104K)
[178.885s][info][gc,heap        ] GC(556) ParOldGen: 498209K(516608K)->508826K(516608K)
[178.885s][info][gc,metaspace   ] GC(556) Metaspace: 18559K(18752K)->18559K(18752K) NonClass: 15895K(16000K)->15895K(16000K) Class: 2664K(2752K)->2664K(2752K)
[178.885s][info][gc             ] GC(556) Pause Young (Allocation Failure) 668M->583M(722M) 96.352ms
[178.885s][info][gc,cpu         ] GC(556) User=0.19s Sys=0.00s Real=0.09s
[179.022s][info][gc,start       ] GC(557) Pause Young (Allocation Failure)
[179.151s][info][gc,heap        ] GC(557) PSYoungGen: 199808K(222720K)->8164K(222720K) Eden: 111616K(111616K)->0K(111616K) From: 88192K(111104K)->8164K(111104K)
[179.151s][info][gc,heap        ] GC(557) ParOldGen: 508826K(516608K)->597282K(597504K)
[179.151s][info][gc,metaspace   ] GC(557) Metaspace: 18560K(18752K)->18560K(18752K) NonClass: 15896K(16000K)->15896K(16000K) Class: 2664K(2752K)->2664K(2752K)
[179.151s][info][gc             ] GC(557) Pause Young (Allocation Failure) 692M->591M(801M) 129.064ms
[179.151s][info][gc,cpu         ] GC(557) User=0.20s Sys=0.06s Real=0.13s
[179.286s][info][gc,start       ] GC(558) Pause Full (Allocation Failure)
[179.286s][info][gc,phases,start] GC(558) Marking Phase
[179.351s][info][gc,phases      ] GC(558) Marking Phase 65.354ms
[179.351s][info][gc,phases,start] GC(558) Summary Phase
[179.351s][info][gc,phases      ] GC(558) Summary Phase 0.027ms
[179.351s][info][gc,phases,start] GC(558) Forward
[179.373s][info][gc,phases      ] GC(558) Forward 21.747ms
[179.373s][info][gc,phases,start] GC(558) Adjust Pointers
[179.421s][info][gc,phases      ] GC(558) Adjust Pointers 47.331ms
[179.421s][info][gc,phases,start] GC(558) Compaction Phase
[179.449s][info][gc,phases      ] GC(558) Compaction Phase 28.092ms
[179.451s][info][gc,phases,start] GC(558) Post Compact
[179.453s][info][gc,phases      ] GC(558) Post Compact 2.122ms
[179.467s][info][gc,heap        ] GC(558) PSYoungGen: 119780K(222720K)->0K(222720K) Eden: 111616K(111616K)->0K(111616K) From: 8164K(111104K)->0K(111104K)
[179.467s][info][gc,heap        ] GC(558) ParOldGen: 597282K(597504K)->106461K(441856K)
[179.467s][info][gc,metaspace   ] GC(558) Metaspace: 18560K(18752K)->18560K(18752K) NonClass: 15896K(16000K)->15896K(16000K) Class: 2664K(2752K)->2664K(2752K)
[179.467s][info][gc             ] GC(558) Pause Full (Allocation Failure) 700M->103M(649M) 181.147ms
[179.467s][info][gc,cpu         ] GC(558) User=0.30s Sys=0.02s Real=0.18s
[179.539s][info][gc,start       ] GC(559) Pause Young (Allocation Failure)
[179.580s][info][gc,heap        ] GC(559) PSYoungGen: 111616K(222720K)->51328K(222720K) Eden: 111616K(111616K)->0K(111616K) From: 0K(111104K)->51328K(111104K)
[179.580s][info][gc,heap        ] GC(559) ParOldGen: 106461K(441856K)->106461K(441856K)
[179.580s][info][gc,metaspace   ] GC(559) Metaspace: 18560K(18752K)->18560K(18752K) NonClass: 15896K(16000K)->15896K(16000K) Class: 2664K(2752K)->2664K(2752K)
[179.580s][info][gc             ] GC(559) Pause Young (Allocation Failure) 212M->154M(649M) 40.461ms
[179.580s][info][gc,cpu         ] GC(559) User=0.08s Sys=0.00s Real=0.04s
[179.629s][info][gc,start       ] GC(560) Pause Young (Allocation Failure)
[179.726s][info][gc,heap        ] GC(560) PSYoungGen: 162944K(222720K)->56960K(222720K) Eden: 111616K(111616K)->0K(111616K) From: 51328K(111104K)->56960K(111104K)
[179.726s][info][gc,heap        ] GC(560) ParOldGen: 106461K(441856K)->158149K(441856K)
[179.726s][info][gc,metaspace   ] GC(560) Metaspace: 18560K(18752K)->18560K(18752K) NonClass: 15896K(16000K)->15896K(16000K) Class: 2664K(2752K)->2664K(2752K)
[179.726s][info][gc             ] GC(560) Pause Young (Allocation Failure) 263M->210M(649M) 97.117ms
[179.726s][info][gc,cpu         ] GC(560) User=0.18s Sys=0.00s Real=0.09s
[179.804s][info][gc,start       ] GC(561) Pause Young (Allocation Failure)
[179.874s][info][gc,heap        ] GC(561) PSYoungGen: 168576K(222720K)->41920K(222720K) Eden: 111616K(111616K)->0K(111616K) From: 56960K(111104K)->41920K(111104K)
[179.874s][info][gc,heap        ] GC(561) ParOldGen: 158149K(441856K)->215573K(441856K)
[179.874s][info][gc,metaspace   ] GC(561) Metaspace: 18560K(18752K)->18560K(18752K) NonClass: 15896K(16000K)->15896K(16000K) Class: 2664K(2752K)->2664K(2752K)
[179.874s][info][gc             ] GC(561) Pause Young (Allocation Failure) 319M->251M(649M) 70.313ms
[179.874s][info][gc,cpu         ] GC(561) User=0.14s Sys=0.00s Real=0.07s
[179.938s][info][gc,start       ] GC(562) Pause Young (Allocation Failure)
[179.988s][info][gc,heap        ] GC(562) PSYoungGen: 153536K(222720K)->75488K(222720K) Eden: 111616K(111616K)->0K(111616K) From: 41920K(111104K)->75488K(111104K)
[179.988s][info][gc,heap        ] GC(562) ParOldGen: 215573K(441856K)->215573K(441856K)
[179.988s][info][gc,metaspace   ] GC(562) Metaspace: 18560K(18752K)->18560K(18752K) NonClass: 15896K(16000K)->15896K(16000K) Class: 2664K(2752K)->2664K(2752K)
[179.988s][info][gc             ] GC(562) Pause Young (Allocation Failure) 360M->284M(649M) 49.324ms
[179.988s][info][gc,cpu         ] GC(562) User=0.10s Sys=0.00s Real=0.05s
[180.094s][info][gc,start       ] GC(563) Pause Young (Allocation Failure)
[180.151s][info][gc,heap        ] GC(563) PSYoungGen: 187104K(222720K)->3552K(222720K) Eden: 111616K(111616K)->0K(111616K) From: 75488K(111104K)->3552K(111104K)
[180.151s][info][gc,heap        ] GC(563) ParOldGen: 215573K(441856K)->291853K(441856K)
[180.151s][info][gc,metaspace   ] GC(563) Metaspace: 18564K(18752K)->18564K(18752K) NonClass: 15900K(16000K)->15900K(16000K) Class: 2664K(2752K)->2664K(2752K)
[180.151s][info][gc             ] GC(563) Pause Young (Allocation Failure) 393M->288M(649M) 57.239ms
[180.151s][info][gc,cpu         ] GC(563) User=0.11s Sys=0.00s Real=0.06s
[180.231s][info][gc,start       ] GC(564) Pause Young (Allocation Failure)
[180.266s][info][gc,heap        ] GC(564) PSYoungGen: 115168K(222720K)->15617K(222720K) Eden: 111616K(111616K)->0K(111616K) From: 3552K(111104K)->15617K(111104K)
[180.266s][info][gc,heap        ] GC(564) ParOldGen: 291853K(441856K)->295365K(441856K)
[180.266s][info][gc,metaspace   ] GC(564) Metaspace: 18564K(18752K)->18564K(18752K) NonClass: 15900K(16000K)->15900K(16000K) Class: 2664K(2752K)->2664K(2752K)
[180.266s][info][gc             ] GC(564) Pause Young (Allocation Failure) 397M->303M(649M) 34.879ms
[180.266s][info][gc,cpu         ] GC(564) User=0.07s Sys=0.00s Real=0.03s
[180.399s][info][gc,start       ] GC(565) Pause Young (Allocation Failure)
[180.465s][info][gc,heap        ] GC(565) PSYoungGen: 127233K(222720K)->30177K(141824K) Eden: 111616K(111616K)->0K(111616K) From: 15617K(111104K)->30177K(30208K)
[180.465s][info][gc,heap        ] GC(565) ParOldGen: 295365K(441856K)->310978K(441856K)
[180.465s][info][gc,metaspace   ] GC(565) Metaspace: 18564K(18752K)->18564K(18752K) NonClass: 15900K(16000K)->15900K(16000K) Class: 2664K(2752K)->2664K(2752K)
[180.465s][info][gc             ] GC(565) Pause Young (Allocation Failure) 412M->333M(570M) 65.840ms
[180.465s][info][gc,cpu         ] GC(565) User=0.13s Sys=0.00s Real=0.06s
[180.563s][info][gc,start       ] GC(566) Pause Young (Allocation Failure)
[180.624s][info][gc,heap        ] GC(566) PSYoungGen: 141793K(141824K)->52033K(220160K) Eden: 111616K(111616K)->0K(113152K) From: 30177K(30208K)->52033K(107008K)
[180.624s][info][gc,heap        ] GC(566) ParOldGen: 310978K(441856K)->310978K(441856K)
[180.624s][info][gc,metaspace   ] GC(566) Metaspace: 18564K(18752K)->18564K(18752K) NonClass: 15900K(16000K)->15900K(16000K) Class: 2664K(2752K)->2664K(2752K)
[180.624s][info][gc             ] GC(566) Pause Young (Allocation Failure) 442M->354M(646M) 61.128ms
[180.624s][info][gc,cpu         ] GC(566) User=0.12s Sys=0.00s Real=0.06s
[180.709s][info][gc,start       ] GC(567) Pause Young (Allocation Failure)
[180.789s][info][gc,heap        ] GC(567) PSYoungGen: 165185K(220160K)->72257K(218624K) Eden: 113152K(113152K)->0K(113152K) From: 52033K(107008K)->72257K(105472K)
[180.789s][info][gc,heap        ] GC(567) ParOldGen: 310978K(441856K)->310978K(441856K)
[180.789s][info][gc,metaspace   ] GC(567) Metaspace: 18565K(18752K)->18565K(18752K) NonClass: 15901K(16000K)->15901K(16000K) Class: 2664K(2752K)->2664K(2752K)
[180.789s][info][gc             ] GC(567) Pause Young (Allocation Failure) 465M->374M(645M) 79.780ms
[180.789s][info][gc,cpu         ] GC(567) User=0.16s Sys=0.00s Real=0.08s
[180.856s][info][gc,start       ] GC(568) Pause Young (Allocation Failure)
[180.945s][info][gc,heap        ] GC(568) PSYoungGen: 185409K(218624K)->29120K(223744K) Eden: 113152K(113152K)->0K(116224K) From: 72257K(105472K)->29120K(107520K)
[180.945s][info][gc,heap        ] GC(568) ParOldGen: 310978K(441856K)->363063K(441856K)
[180.945s][info][gc,metaspace   ] GC(568) Metaspace: 18565K(18752K)->18565K(18752K) NonClass: 15901K(16000K)->15901K(16000K) Class: 2664K(2752K)->2664K(2752K)
[180.945s][info][gc             ] GC(568) Pause Young (Allocation Failure) 484M->382M(650M) 88.787ms
[180.945s][info][gc,cpu         ] GC(568) User=0.18s Sys=0.00s Real=0.09s
[181.016s][info][gc,start       ] GC(569) Pause Young (Allocation Failure)
[181.053s][info][gc,heap        ] GC(569) PSYoungGen: 145344K(223744K)->12864K(222720K) Eden: 116224K(116224K)->0K(116224K) From: 29120K(107520K)->12864K(106496K)
[181.053s][info][gc,heap        ] GC(569) ParOldGen: 363063K(441856K)->383335K(441856K)
[181.053s][info][gc,metaspace   ] GC(569) Metaspace: 18566K(18752K)->18566K(18752K) NonClass: 15902K(16000K)->15902K(16000K) Class: 2664K(2752K)->2664K(2752K)
[181.053s][info][gc             ] GC(569) Pause Young (Allocation Failure) 496M->386M(649M) 36.395ms
[181.053s][info][gc,cpu         ] GC(569) User=0.07s Sys=0.00s Real=0.04s
[181.126s][info][gc,start       ] GC(570) Pause Young (Allocation Failure)
[181.149s][info][gc,heap        ] GC(570) PSYoungGen: 129088K(222720K)->16768K(223744K) Eden: 116224K(116224K)->0K(122368K) From: 12864K(106496K)->16768K(101376K)
[181.149s][info][gc,heap        ] GC(570) ParOldGen: 383335K(441856K)->383335K(441856K)
[181.149s][info][gc,metaspace   ] GC(570) Metaspace: 18567K(18752K)->18567K(18752K) NonClass: 15903K(16000K)->15903K(16000K) Class: 2664K(2752K)->2664K(2752K)
[181.149s][info][gc             ] GC(570) Pause Young (Allocation Failure) 500M->390M(650M) 23.035ms
[181.149s][info][gc,cpu         ] GC(570) User=0.04s Sys=0.00s Real=0.03s
[181.234s][info][gc,start       ] GC(571) Pause Young (Allocation Failure)
[181.254s][info][gc,heap        ] GC(571) PSYoungGen: 139136K(223744K)->16864K(224256K) Eden: 122368K(122368K)->0K(122368K) From: 16768K(101376K)->16864K(101888K)
[181.254s][info][gc,heap        ] GC(571) ParOldGen: 383335K(441856K)->383335K(441856K)
[181.254s][info][gc,metaspace   ] GC(571) Metaspace: 18567K(18752K)->18567K(18752K) NonClass: 15903K(16000K)->15903K(16000K) Class: 2664K(2752K)->2664K(2752K)
[181.254s][info][gc             ] GC(571) Pause Young (Allocation Failure) 510M->390M(650M) 20.074ms
[181.254s][info][gc,cpu         ] GC(571) User=0.04s Sys=0.00s Real=0.02s
[181.351s][info][gc,start       ] GC(572) Pause Young (Allocation Failure)
[181.380s][info][gc,heap        ] GC(572) PSYoungGen: 139232K(224256K)->26976K(221696K) Eden: 122368K(122368K)->0K(132096K) From: 16864K(101888K)->26976K(89600K)
[181.380s][info][gc,heap        ] GC(572) ParOldGen: 383335K(441856K)->383335K(441856K)
[181.380s][info][gc,metaspace   ] GC(572) Metaspace: 18567K(18752K)->18567K(18752K) NonClass: 15903K(16000K)->15903K(16000K) Class: 2664K(2752K)->2664K(2752K)
[181.380s][info][gc             ] GC(572) Pause Young (Allocation Failure) 510M->400M(648M) 28.672ms
[181.380s][info][gc,cpu         ] GC(572) User=0.06s Sys=0.00s Real=0.03s
[181.491s][info][gc,start       ] GC(573) Pause Young (Allocation Failure)
[181.540s][info][gc,heap        ] GC(573) PSYoungGen: 159072K(221696K)->48288K(225280K) Eden: 132096K(132096K)->0K(132096K) From: 26976K(89600K)->48288K(93184K)
[181.540s][info][gc,heap        ] GC(573) ParOldGen: 383335K(441856K)->383335K(441856K)
[181.540s][info][gc,metaspace   ] GC(573) Metaspace: 18567K(18752K)->18567K(18752K) NonClass: 15903K(16000K)->15903K(16000K) Class: 2664K(2752K)->2664K(2752K)
[181.540s][info][gc             ] GC(573) Pause Young (Allocation Failure) 529M->421M(651M) 48.492ms
[181.540s][info][gc,cpu         ] GC(573) User=0.10s Sys=0.00s Real=0.05s
[181.874s][info][gc,start       ] GC(574) Pause Young (Allocation Failure)
[181.935s][info][gc,heap        ] GC(574) PSYoungGen: 180384K(225280K)->62624K(230400K) Eden: 132096K(132096K)->0K(137728K) From: 48288K(93184K)->62624K(92672K)
[181.935s][info][gc,heap        ] GC(574) ParOldGen: 383335K(441856K)->383335K(441856K)
[181.935s][info][gc,metaspace   ] GC(574) Metaspace: 18567K(18752K)->18567K(18752K) NonClass: 15903K(16000K)->15903K(16000K) Class: 2664K(2752K)->2664K(2752K)
[181.935s][info][gc             ] GC(574) Pause Young (Allocation Failure) 550M->435M(656M) 61.736ms
[181.935s][info][gc,cpu         ] GC(574) User=0.12s Sys=0.00s Real=0.06s
[182.354s][info][gc,start       ] GC(575) Pause Young (Allocation Failure)
[182.413s][info][gc,heap        ] GC(575) PSYoungGen: 200352K(230400K)->62784K(200704K) Eden: 137728K(137728K)->0K(137728K) From: 62624K(92672K)->62784K(62976K)
[182.413s][info][gc,heap        ] GC(575) ParOldGen: 383335K(441856K)->383335K(441856K)
[182.413s][info][gc,metaspace   ] GC(575) Metaspace: 18570K(18752K)->18570K(18752K) NonClass: 15906K(16000K)->15906K(16000K) Class: 2664K(2752K)->2664K(2752K)
[182.413s][info][gc             ] GC(575) Pause Young (Allocation Failure) 570M->435M(627M) 59.776ms
[182.413s][info][gc,cpu         ] GC(575) User=0.12s Sys=0.00s Real=0.06s
[182.735s][info][gc,start       ] GC(576) Pause Young (Allocation Failure)
[182.795s][info][gc,heap        ] GC(576) PSYoungGen: 200512K(200704K)->62816K(228864K) Eden: 137728K(137728K)->0K(128000K) From: 62784K(62976K)->62816K(100864K)
[182.795s][info][gc,heap        ] GC(576) ParOldGen: 383335K(441856K)->383335K(441856K)
[182.795s][info][gc,metaspace   ] GC(576) Metaspace: 18570K(18752K)->18570K(18752K) NonClass: 15906K(16000K)->15906K(16000K) Class: 2664K(2752K)->2664K(2752K)
[182.795s][info][gc             ] GC(576) Pause Young (Allocation Failure) 570M->435M(655M) 60.194ms
[182.795s][info][gc,cpu         ] GC(576) User=0.12s Sys=0.00s Real=0.06s
[183.077s][info][gc,start       ] GC(577) Pause Young (Allocation Failure)
[183.142s][info][gc,heap        ] GC(577) PSYoungGen: 190816K(228864K)->62816K(190976K) Eden: 128000K(128000K)->0K(128000K) From: 62816K(100864K)->62816K(62976K)
[183.143s][info][gc,heap        ] GC(577) ParOldGen: 383335K(441856K)->383335K(441856K)
[183.143s][info][gc,metaspace   ] GC(577) Metaspace: 18570K(18752K)->18570K(18752K) NonClass: 15906K(16000K)->15906K(16000K) Class: 2664K(2752K)->2664K(2752K)
[183.143s][info][gc             ] GC(577) Pause Young (Allocation Failure) 560M->435M(618M) 65.287ms
[183.143s][info][gc,cpu         ] GC(577) User=0.13s Sys=0.00s Real=0.06s
[183.418s][info][gc,start       ] GC(578) Pause Young (Allocation Failure)
[183.491s][info][gc,heap        ] GC(578) PSYoungGen: 190816K(190976K)->62816K(227328K) Eden: 128000K(128000K)->0K(122880K) From: 62816K(62976K)->62816K(104448K)
[183.491s][info][gc,heap        ] GC(578) ParOldGen: 383335K(441856K)->383335K(441856K)
[183.491s][info][gc,metaspace   ] GC(578) Metaspace: 18570K(18752K)->18570K(18752K) NonClass: 15906K(16000K)->15906K(16000K) Class: 2664K(2752K)->2664K(2752K)
[183.491s][info][gc             ] GC(578) Pause Young (Allocation Failure) 560M->435M(653M) 73.592ms
[183.491s][info][gc,cpu         ] GC(578) User=0.15s Sys=0.00s Real=0.07s
[183.749s][info][gc,start       ] GC(579) Pause Young (Allocation Failure)
[183.820s][info][gc,heap        ] GC(579) PSYoungGen: 185696K(227328K)->67520K(190464K) Eden: 122880K(122880K)->0K(122880K) From: 62816K(104448K)->67520K(67584K)
[183.821s][info][gc,heap        ] GC(579) ParOldGen: 383335K(441856K)->383335K(441856K)
[183.821s][info][gc,metaspace   ] GC(579) Metaspace: 18570K(18752K)->18570K(18752K) NonClass: 15906K(16000K)->15906K(16000K) Class: 2664K(2752K)->2664K(2752K)
[183.821s][info][gc             ] GC(579) Pause Young (Allocation Failure) 555M->440M(617M) 72.078ms
[183.821s][info][gc,cpu         ] GC(579) User=0.14s Sys=0.00s Real=0.07s
[183.900s][info][gc,start       ] GC(580) Pause Young (Allocation Failure)
[184.007s][info][gc,heap        ] GC(580) PSYoungGen: 190400K(190464K)->107510K(219136K) Eden: 122880K(122880K)->0K(111616K) From: 67520K(67584K)->107510K(107520K)
[184.007s][info][gc,heap        ] GC(580) ParOldGen: 383335K(441856K)->389159K(441856K)
[184.007s][info][gc,metaspace   ] GC(580) Metaspace: 18570K(18752K)->18570K(18752K) NonClass: 15906K(16000K)->15906K(16000K) Class: 2664K(2752K)->2664K(2752K)
[184.007s][info][gc             ] GC(580) Pause Young (Allocation Failure) 560M->485M(645M) 106.850ms
[184.007s][info][gc,cpu         ] GC(580) User=0.20s Sys=0.01s Real=0.10s
[184.132s][info][gc,start       ] GC(581) Pause Young (Allocation Failure)
[184.241s][info][gc,heap        ] GC(581) PSYoungGen: 219126K(219136K)->111078K(222720K) Eden: 111616K(111616K)->0K(111616K) From: 107510K(107520K)->111078K(111104K)
[184.241s][info][gc,heap        ] GC(581) ParOldGen: 389159K(441856K)->414119K(441856K)
[184.241s][info][gc,metaspace   ] GC(581) Metaspace: 18570K(18752K)->18570K(18752K) NonClass: 15906K(16000K)->15906K(16000K) Class: 2664K(2752K)->2664K(2752K)
[184.241s][info][gc             ] GC(581) Pause Young (Allocation Failure) 594M->512M(649M) 109.896ms
[184.241s][info][gc,cpu         ] GC(581) User=0.21s Sys=0.00s Real=0.11s
[184.340s][info][gc,start       ] GC(582) Pause Young (Allocation Failure)
[184.442s][info][gc,heap        ] GC(582) PSYoungGen: 222694K(222720K)->111078K(222720K) Eden: 111616K(111616K)->0K(111616K) From: 111078K(111104K)->111078K(111104K)
[184.442s][info][gc,heap        ] GC(582) ParOldGen: 414119K(441856K)->424940K(441856K)
[184.442s][info][gc,metaspace   ] GC(582) Metaspace: 18570K(18752K)->18570K(18752K) NonClass: 15906K(16000K)->15906K(16000K) Class: 2664K(2752K)->2664K(2752K)
[184.442s][info][gc             ] GC(582) Pause Young (Allocation Failure) 621M->523M(649M) 102.149ms
[184.442s][info][gc,cpu         ] GC(582) User=0.20s Sys=0.00s Real=0.10s
[184.536s][info][gc,start       ] GC(583) Pause Young (Allocation Failure)
[184.650s][info][gc,heap        ] GC(583) PSYoungGen: 222694K(222720K)->87398K(222720K) Eden: 111616K(111616K)->0K(111616K) From: 111078K(111104K)->87398K(111104K)
[184.650s][info][gc,heap        ] GC(583) ParOldGen: 424940K(441856K)->456417K(456704K)
[184.650s][info][gc,metaspace   ] GC(583) Metaspace: 18572K(18752K)->18572K(18752K) NonClass: 15908K(16000K)->15908K(16000K) Class: 2664K(2752K)->2664K(2752K)
[184.650s][info][gc             ] GC(583) Pause Young (Allocation Failure) 632M->531M(663M) 114.576ms
[184.650s][info][gc,cpu         ] GC(583) User=0.21s Sys=0.01s Real=0.12s
[184.750s][info][gc,start       ] GC(584) Pause Young (Allocation Failure)
[184.884s][info][gc,heap        ] GC(584) PSYoungGen: 199014K(222720K)->111091K(222720K) Eden: 111616K(111616K)->0K(111616K) From: 87398K(111104K)->111091K(111104K)
[184.884s][info][gc,heap        ] GC(584) ParOldGen: 456417K(456704K)->478031K(478208K)
[184.884s][info][gc,metaspace   ] GC(584) Metaspace: 18574K(18752K)->18574K(18752K) NonClass: 15910K(16000K)->15910K(16000K) Class: 2664K(2752K)->2664K(2752K)
[184.884s][info][gc             ] GC(584) Pause Young (Allocation Failure) 640M->575M(684M) 134.139ms
[184.884s][info][gc,cpu         ] GC(584) User=0.25s Sys=0.01s Real=0.13s
[184.963s][info][gc,start       ] GC(585) Pause Young (Allocation Failure)
[185.075s][info][gc,heap        ] GC(585) PSYoungGen: 222707K(222720K)->111091K(222720K) Eden: 111616K(111616K)->0K(111616K) From: 111091K(111104K)->111091K(111104K)
[185.075s][info][gc,heap        ] GC(585) ParOldGen: 478031K(478208K)->481623K(481792K)
[185.075s][info][gc,metaspace   ] GC(585) Metaspace: 18574K(18752K)->18574K(18752K) NonClass: 15910K(16000K)->15910K(16000K) Class: 2664K(2752K)->2664K(2752K)
[185.075s][info][gc             ] GC(585) Pause Young (Allocation Failure) 684M->578M(688M) 111.787ms
[185.075s][info][gc,cpu         ] GC(585) User=0.22s Sys=0.01s Real=0.11s
[185.139s][info][gc,start       ] GC(586) Pause Young (Allocation Failure)
[185.259s][info][gc,heap        ] GC(586) PSYoungGen: 222707K(222720K)->111100K(222720K) Eden: 111616K(111616K)->0K(111616K) From: 111091K(111104K)->111100K(111104K)
[185.259s][info][gc,heap        ] GC(586) ParOldGen: 481623K(481792K)->492029K(492032K)
[185.259s][info][gc,metaspace   ] GC(586) Metaspace: 18574K(18752K)->18574K(18752K) NonClass: 15910K(16000K)->15910K(16000K) Class: 2664K(2752K)->2664K(2752K)
[185.259s][info][gc             ] GC(586) Pause Young (Allocation Failure) 687M->588M(698M) 120.151ms
[185.259s][info][gc,cpu         ] GC(586) User=0.24s Sys=0.00s Real=0.12s
[185.346s][info][gc,start       ] GC(587) Pause Young (Allocation Failure)
[185.506s][info][gc,heap        ] GC(587) PSYoungGen: 222716K(222720K)->85548K(222720K) Eden: 111616K(111616K)->0K(111616K) From: 111100K(111104K)->85548K(111104K)
[185.506s][info][gc,heap        ] GC(587) ParOldGen: 492029K(492032K)->540468K(540672K)
[185.506s][info][gc,metaspace   ] GC(587) Metaspace: 18574K(18752K)->18574K(18752K) NonClass: 15910K(16000K)->15910K(16000K) Class: 2664K(2752K)->2664K(2752K)
[185.506s][info][gc             ] GC(587) Pause Young (Allocation Failure) 697M->611M(745M) 159.737ms
[185.506s][info][gc,cpu         ] GC(587) User=0.28s Sys=0.04s Real=0.16s
[185.597s][info][gc,start       ] GC(588) Pause Young (Allocation Failure)
[185.710s][info][gc,heap        ] GC(588) PSYoungGen: 197164K(222720K)->85580K(222720K) Eden: 111616K(111616K)->0K(111616K) From: 85548K(111104K)->85580K(111104K)
[185.710s][info][gc,heap        ] GC(588) ParOldGen: 540468K(540672K)->557980K(558080K)
[185.710s][info][gc,metaspace   ] GC(588) Metaspace: 18574K(18752K)->18574K(18752K) NonClass: 15910K(16000K)->15910K(16000K) Class: 2664K(2752K)->2664K(2752K)
[185.710s][info][gc             ] GC(588) Pause Young (Allocation Failure) 720M->628M(762M) 113.364ms
[185.710s][info][gc,cpu         ] GC(588) User=0.22s Sys=0.01s Real=0.12s
[185.772s][info][gc,start       ] GC(589) Pause Young (Allocation Failure)
[185.886s][info][gc,heap        ] GC(589) PSYoungGen: 197196K(222720K)->54208K(222720K) Eden: 111616K(111616K)->0K(111616K) From: 85580K(111104K)->54208K(111104K)
[185.886s][info][gc,heap        ] GC(589) ParOldGen: 557980K(558080K)->594815K(594944K)
[185.886s][info][gc,metaspace   ] GC(589) Metaspace: 18574K(18752K)->18574K(18752K) NonClass: 15910K(16000K)->15910K(16000K) Class: 2664K(2752K)->2664K(2752K)
[185.886s][info][gc             ] GC(589) Pause Young (Allocation Failure) 737M->633M(798M) 113.750ms
[185.886s][info][gc,cpu         ] GC(589) User=0.19s Sys=0.03s Real=0.11s
[185.961s][info][gc,start       ] GC(590) Pause Young (Allocation Failure)
[186.037s][info][gc,heap        ] GC(590) PSYoungGen: 165824K(222720K)->23648K(222720K) Eden: 111616K(111616K)->0K(111616K) From: 54208K(111104K)->23648K(111104K)
[186.037s][info][gc,heap        ] GC(590) ParOldGen: 594815K(594944K)->626431K(626688K)
[186.037s][info][gc,metaspace   ] GC(590) Metaspace: 18574K(18752K)->18574K(18752K) NonClass: 15910K(16000K)->15910K(16000K) Class: 2664K(2752K)->2664K(2752K)
[186.037s][info][gc             ] GC(590) Pause Young (Allocation Failure) 742M->634M(829M) 75.678ms
[186.037s][info][gc,cpu         ] GC(590) User=0.13s Sys=0.01s Real=0.07s
[186.117s][info][gc,start       ] GC(591) Pause Full (Allocation Failure)
[186.117s][info][gc,phases,start] GC(591) Marking Phase
[186.378s][info][gc,phases      ] GC(591) Marking Phase 260.540ms
[186.378s][info][gc,phases,start] GC(591) Summary Phase
[186.378s][info][gc,phases      ] GC(591) Summary Phase 0.024ms
[186.378s][info][gc,phases,start] GC(591) Forward
[186.471s][info][gc,phases      ] GC(591) Forward 93.088ms
[186.471s][info][gc,phases,start] GC(591) Adjust Pointers
[186.676s][info][gc,phases      ] GC(591) Adjust Pointers 204.728ms
[186.676s][info][gc,phases,start] GC(591) Compaction Phase
[186.790s][info][gc,phases      ] GC(591) Compaction Phase 114.428ms
[186.799s][info][gc,phases,start] GC(591) Post Compact
[186.801s][info][gc,phases      ] GC(591) Post Compact 2.202ms
[186.801s][info][gc,heap        ] GC(591) PSYoungGen: 135264K(222720K)->0K(222720K) Eden: 111616K(111616K)->0K(111616K) From: 23648K(111104K)->0K(111104K)
[186.801s][info][gc,heap        ] GC(591) ParOldGen: 626431K(626688K)->379410K(667648K)
[186.801s][info][gc,metaspace   ] GC(591) Metaspace: 18574K(18752K)->18574K(18752K) NonClass: 15910K(16000K)->15910K(16000K) Class: 2664K(2752K)->2664K(2752K)
[186.801s][info][gc             ] GC(591) Pause Full (Allocation Failure) 743M->370M(869M) 683.805ms
[186.801s][info][gc,cpu         ] GC(591) User=1.29s Sys=0.00s Real=0.69s
[186.898s][info][gc,start       ] GC(592) Pause Young (Allocation Failure)
[186.908s][info][gc,heap        ] GC(592) PSYoungGen: 111616K(222720K)->8320K(222720K) Eden: 111616K(111616K)->0K(111616K) From: 0K(111104K)->8320K(111104K)
[186.908s][info][gc,heap        ] GC(592) ParOldGen: 379410K(667648K)->379410K(667648K)
[186.908s][info][gc,metaspace   ] GC(592) Metaspace: 18574K(18752K)->18574K(18752K) NonClass: 15910K(16000K)->15910K(16000K) Class: 2664K(2752K)->2664K(2752K)
[186.908s][info][gc             ] GC(592) Pause Young (Allocation Failure) 479M->378M(869M) 10.422ms
[186.908s][info][gc,cpu         ] GC(592) User=0.02s Sys=0.00s Real=0.01s
[187.081s][info][gc,start       ] GC(593) Pause Young (Allocation Failure)
[187.100s][info][gc,heap        ] GC(593) PSYoungGen: 119936K(222720K)->9120K(222720K) Eden: 111616K(111616K)->0K(111616K) From: 8320K(111104K)->9120K(111104K)
[187.100s][info][gc,heap        ] GC(593) ParOldGen: 379410K(667648K)->387690K(667648K)
[187.100s][info][gc,metaspace   ] GC(593) Metaspace: 18574K(18752K)->18574K(18752K) NonClass: 15910K(16000K)->15910K(16000K) Class: 2664K(2752K)->2664K(2752K)
[187.100s][info][gc             ] GC(593) Pause Young (Allocation Failure) 487M->387M(869M) 18.785ms
[187.100s][info][gc,cpu         ] GC(593) User=0.03s Sys=0.00s Real=0.02s
[187.225s][info][gc,start       ] GC(594) Pause Young (Allocation Failure)
[187.250s][info][gc,heap        ] GC(594) PSYoungGen: 120736K(222720K)->13408K(222720K) Eden: 111616K(111616K)->0K(111616K) From: 9120K(111104K)->13408K(111104K)
[187.250s][info][gc,heap        ] GC(594) ParOldGen: 387690K(667648K)->396785K(667648K)
[187.250s][info][gc,metaspace   ] GC(594) Metaspace: 18574K(18752K)->18574K(18752K) NonClass: 15910K(16000K)->15910K(16000K) Class: 2664K(2752K)->2664K(2752K)
[187.250s][info][gc             ] GC(594) Pause Young (Allocation Failure) 496M->400M(869M) 24.872ms
[187.250s][info][gc,cpu         ] GC(594) User=0.05s Sys=0.00s Real=0.03s
[187.468s][info][gc,start       ] GC(595) Pause Young (Allocation Failure)
[187.499s][info][gc,heap        ] GC(595) PSYoungGen: 125024K(222720K)->14768K(222720K) Eden: 111616K(111616K)->0K(111616K) From: 13408K(111104K)->14768K(111104K)
[187.499s][info][gc,heap        ] GC(595) ParOldGen: 396785K(667648K)->410209K(667648K)
[187.499s][info][gc,metaspace   ] GC(595) Metaspace: 18574K(18752K)->18574K(18752K) NonClass: 15910K(16000K)->15910K(16000K) Class: 2664K(2752K)->2664K(2752K)
[187.499s][info][gc             ] GC(595) Pause Young (Allocation Failure) 509M->415M(869M) 30.726ms
[187.499s][info][gc,cpu         ] GC(595) User=0.06s Sys=0.00s Real=0.03s
[187.659s][info][gc,start       ] GC(596) Pause Young (Allocation Failure)
[187.680s][info][gc,heap        ] GC(596) PSYoungGen: 126384K(222720K)->7872K(222720K) Eden: 111616K(111616K)->0K(111616K) From: 14768K(111104K)->7872K(111104K)
[187.680s][info][gc,heap        ] GC(596) ParOldGen: 410209K(667648K)->425038K(667648K)
[187.680s][info][gc,metaspace   ] GC(596) Metaspace: 18574K(18752K)->18574K(18752K) NonClass: 15910K(16000K)->15910K(16000K) Class: 2664K(2752K)->2664K(2752K)
[187.680s][info][gc             ] GC(596) Pause Young (Allocation Failure) 524M->422M(869M) 20.932ms
[187.680s][info][gc,cpu         ] GC(596) User=0.04s Sys=0.00s Real=0.02s
[187.795s][info][gc,start       ] GC(597) Pause Young (Allocation Failure)
[187.820s][info][gc,heap        ] GC(597) PSYoungGen: 119488K(222720K)->23856K(222720K) Eden: 111616K(111616K)->0K(111616K) From: 7872K(111104K)->23856K(111104K)
[187.821s][info][gc,heap        ] GC(597) ParOldGen: 425038K(667648K)->432862K(667648K)
[187.821s][info][gc,metaspace   ] GC(597) Metaspace: 18574K(18752K)->18574K(18752K) NonClass: 15910K(16000K)->15910K(16000K) Class: 2664K(2752K)->2664K(2752K)
[187.821s][info][gc             ] GC(597) Pause Young (Allocation Failure) 531M->446M(869M) 25.912ms
[187.821s][info][gc,cpu         ] GC(597) User=0.05s Sys=0.00s Real=0.03s
[187.882s][info][gc,start       ] GC(598) Pause Young (Allocation Failure)
[187.925s][info][gc,heap        ] GC(598) PSYoungGen: 135472K(222720K)->41920K(222720K) Eden: 111616K(111616K)->0K(111616K) From: 23856K(111104K)->41920K(111104K)
[187.925s][info][gc,heap        ] GC(598) ParOldGen: 432862K(667648K)->457023K(667648K)
[187.925s][info][gc,metaspace   ] GC(598) Metaspace: 18574K(18752K)->18574K(18752K) NonClass: 15910K(16000K)->15910K(16000K) Class: 2664K(2752K)->2664K(2752K)
[187.925s][info][gc             ] GC(598) Pause Young (Allocation Failure) 555M->487M(869M) 43.589ms
[187.925s][info][gc,cpu         ] GC(598) User=0.09s Sys=0.00s Real=0.04s
[188.133s][info][gc,start       ] GC(599) Pause Young (Allocation Failure)
[188.167s][info][gc,heap        ] GC(599) PSYoungGen: 153536K(222720K)->9472K(222720K) Eden: 111616K(111616K)->0K(111616K) From: 41920K(111104K)->9472K(111104K)
[188.167s][info][gc,heap        ] GC(599) ParOldGen: 457023K(667648K)->499415K(667648K)
[188.167s][info][gc,metaspace   ] GC(599) Metaspace: 18574K(18752K)->18574K(18752K) NonClass: 15910K(16000K)->15910K(16000K) Class: 2664K(2752K)->2664K(2752K)
[188.167s][info][gc             ] GC(599) Pause Young (Allocation Failure) 596M->496M(869M) 34.646ms
[188.167s][info][gc,cpu         ] GC(599) User=0.07s Sys=0.00s Real=0.04s
[188.327s][info][gc,start       ] GC(600) Pause Young (Allocation Failure)
[188.368s][info][gc,heap        ] GC(600) PSYoungGen: 121088K(222720K)->16255K(222720K) Eden: 111616K(111616K)->0K(111616K) From: 9472K(111104K)->16255K(111104K)
[188.368s][info][gc,heap        ] GC(600) ParOldGen: 499415K(667648K)->508931K(667648K)
[188.368s][info][gc,metaspace   ] GC(600) Metaspace: 18574K(18752K)->18574K(18752K) NonClass: 15910K(16000K)->15910K(16000K) Class: 2664K(2752K)->2664K(2752K)
[188.368s][info][gc             ] GC(600) Pause Young (Allocation Failure) 605M->512M(869M) 40.577ms
[188.368s][info][gc,cpu         ] GC(600) User=0.08s Sys=0.00s Real=0.04s
[188.492s][info][gc,start       ] GC(601) Pause Young (Allocation Failure)
[188.543s][info][gc,heap        ] GC(601) PSYoungGen: 127871K(222720K)->23136K(222720K) Eden: 111616K(111616K)->0K(111616K) From: 16255K(111104K)->23136K(111104K)
[188.543s][info][gc,heap        ] GC(601) ParOldGen: 508931K(667648K)->525161K(667648K)
[188.543s][info][gc,metaspace   ] GC(601) Metaspace: 18574K(18752K)->18574K(18752K) NonClass: 15910K(16000K)->15910K(16000K) Class: 2664K(2752K)->2664K(2752K)
[188.543s][info][gc             ] GC(601) Pause Young (Allocation Failure) 621M->535M(869M) 51.233ms
[188.543s][info][gc,cpu         ] GC(601) User=0.10s Sys=0.00s Real=0.05s
[188.676s][info][gc,start       ] GC(602) Pause Young (Allocation Failure)
[188.717s][info][gc,heap        ] GC(602) PSYoungGen: 134752K(222720K)->17280K(222720K) Eden: 111616K(111616K)->0K(111616K) From: 23136K(111104K)->17280K(111104K)
[188.717s][info][gc,heap        ] GC(602) ParOldGen: 525161K(667648K)->548297K(667648K)
[188.717s][info][gc,metaspace   ] GC(602) Metaspace: 18574K(18752K)->18574K(18752K) NonClass: 15910K(16000K)->15910K(16000K) Class: 2664K(2752K)->2664K(2752K)
[188.717s][info][gc             ] GC(602) Pause Young (Allocation Failure) 644M->552M(869M) 40.807ms
[188.717s][info][gc,cpu         ] GC(602) User=0.08s Sys=0.00s Real=0.04s
[188.798s][info][gc,start       ] GC(603) Pause Young (Allocation Failure)
[188.818s][info][gc,heap        ] GC(603) PSYoungGen: 128896K(222720K)->1568K(222720K) Eden: 111616K(111616K)->0K(111616K) From: 17280K(111104K)->1568K(111104K)
[188.818s][info][gc,heap        ] GC(603) ParOldGen: 548297K(667648K)->565601K(667648K)
[188.818s][info][gc,metaspace   ] GC(603) Metaspace: 18574K(18752K)->18574K(18752K) NonClass: 15910K(16000K)->15910K(16000K) Class: 2664K(2752K)->2664K(2752K)
[188.818s][info][gc             ] GC(603) Pause Young (Allocation Failure) 661M->553M(869M) 20.063ms
[188.818s][info][gc,cpu         ] GC(603) User=0.04s Sys=0.00s Real=0.02s
[188.939s][info][gc,start       ] GC(604) Pause Young (Allocation Failure)
[188.948s][info][gc,heap        ] GC(604) PSYoungGen: 113184K(222720K)->640K(222720K) Eden: 111616K(111616K)->0K(111616K) From: 1568K(111104K)->640K(111104K)
[188.948s][info][gc,heap        ] GC(604) ParOldGen: 565601K(667648K)->567145K(667648K)
[188.948s][info][gc,metaspace   ] GC(604) Metaspace: 18574K(18752K)->18574K(18752K) NonClass: 15910K(16000K)->15910K(16000K) Class: 2664K(2752K)->2664K(2752K)
[188.948s][info][gc             ] GC(604) Pause Young (Allocation Failure) 662M->554M(869M) 8.238ms
[188.948s][info][gc,cpu         ] GC(604) User=0.01s Sys=0.00s Real=0.01s
[189.057s][info][gc,start       ] GC(605) Pause Young (Allocation Failure)
[189.067s][info][gc,heap        ] GC(605) PSYoungGen: 112256K(222720K)->3904K(222720K) Eden: 111616K(111616K)->0K(111616K) From: 640K(111104K)->3904K(111104K)
[189.067s][info][gc,heap        ] GC(605) ParOldGen: 567145K(667648K)->567769K(667648K)
[189.067s][info][gc,metaspace   ] GC(605) Metaspace: 18574K(18752K)->18574K(18752K) NonClass: 15910K(16000K)->15910K(16000K) Class: 2664K(2752K)->2664K(2752K)
[189.067s][info][gc             ] GC(605) Pause Young (Allocation Failure) 663M->558M(869M) 9.504ms
[189.067s][info][gc,cpu         ] GC(605) User=0.02s Sys=0.00s Real=0.01s
[189.218s][info][gc,start       ] GC(606) Pause Young (Allocation Failure)
[189.239s][info][gc,heap        ] GC(606) PSYoungGen: 115520K(222720K)->9152K(213504K) Eden: 111616K(111616K)->0K(111616K) From: 3904K(111104K)->9152K(101888K)
[189.239s][info][gc,heap        ] GC(606) ParOldGen: 567769K(667648K)->571649K(667648K)
[189.239s][info][gc,metaspace   ] GC(606) Metaspace: 18574K(18752K)->18574K(18752K) NonClass: 15910K(16000K)->15910K(16000K) Class: 2664K(2752K)->2664K(2752K)
[189.240s][info][gc             ] GC(606) Pause Young (Allocation Failure) 667M->567M(860M) 21.218ms
[189.240s][info][gc,cpu         ] GC(606) User=0.04s Sys=0.00s Real=0.02s
[189.416s][info][gc,start       ] GC(607) Pause Young (Allocation Failure)
[189.449s][info][gc,heap        ] GC(607) PSYoungGen: 120768K(213504K)->26720K(138752K) Eden: 111616K(111616K)->0K(111616K) From: 9152K(101888K)->26720K(27136K)
[189.449s][info][gc,heap        ] GC(607) ParOldGen: 571649K(667648K)->571649K(667648K)
[189.449s][info][gc,metaspace   ] GC(607) Metaspace: 18574K(18752K)->18574K(18752K) NonClass: 15910K(16000K)->15910K(16000K) Class: 2664K(2752K)->2664K(2752K)
[189.449s][info][gc             ] GC(607) Pause Young (Allocation Failure) 676M->584M(787M) 32.880ms
[189.449s][info][gc,cpu         ] GC(607) User=0.06s Sys=0.00s Real=0.04s
[189.622s][info][gc,start       ] GC(608) Pause Young (Allocation Failure)
[189.666s][info][gc,heap        ] GC(608) PSYoungGen: 138336K(138752K)->49778K(216064K) Eden: 111616K(111616K)->0K(116736K) From: 26720K(27136K)->49778K(99328K)
[189.666s][info][gc,heap        ] GC(608) ParOldGen: 571649K(667648K)->571649K(667648K)
[189.666s][info][gc,metaspace   ] GC(608) Metaspace: 18574K(18752K)->18574K(18752K) NonClass: 15910K(16000K)->15910K(16000K) Class: 2664K(2752K)->2664K(2752K)
[189.666s][info][gc             ] GC(608) Pause Young (Allocation Failure) 693M->606M(863M) 44.327ms
[189.666s][info][gc,cpu         ] GC(608) User=0.08s Sys=0.00s Real=0.04s
[189.735s][info][gc,start       ] GC(609) Pause Young (Allocation Failure)
[189.808s][info][gc,heap        ] GC(609) PSYoungGen: 166514K(216064K)->96083K(217600K) Eden: 116736K(116736K)->0K(116736K) From: 49778K(99328K)->96083K(100864K)
[189.808s][info][gc,heap        ] GC(609) ParOldGen: 571649K(667648K)->571649K(667648K)
[189.808s][info][gc,metaspace   ] GC(609) Metaspace: 18574K(18752K)->18574K(18752K) NonClass: 15910K(16000K)->15910K(16000K) Class: 2664K(2752K)->2664K(2752K)
[189.808s][info][gc             ] GC(609) Pause Young (Allocation Failure) 720M->652M(864M) 72.865ms
[189.808s][info][gc,cpu         ] GC(609) User=0.14s Sys=0.00s Real=0.08s
[190.016s][info][gc,start       ] GC(610) Pause Young (Allocation Failure)
[190.092s][info][gc,heap        ] GC(610) PSYoungGen: 212819K(217600K)->79954K(222720K) Eden: 116736K(116736K)->0K(111616K) From: 96083K(100864K)->79954K(111104K)
[190.092s][info][gc,heap        ] GC(610) ParOldGen: 571649K(667648K)->598386K(667648K)
[190.092s][info][gc,metaspace   ] GC(610) Metaspace: 18574K(18752K)->18574K(18752K) NonClass: 15910K(16000K)->15910K(16000K) Class: 2664K(2752K)->2664K(2752K)
[190.092s][info][gc             ] GC(610) Pause Young (Allocation Failure) 766M->662M(869M) 76.443ms
[190.092s][info][gc,cpu         ] GC(610) User=0.15s Sys=0.00s Real=0.08s
[190.267s][info][gc,start       ] GC(611) Pause Young (Allocation Failure)
[190.372s][info][gc,promotion   ] GC(611) Promotion failed
[190.372s][info][gc,heap        ] GC(611) PSYoungGen: 191570K(222720K)->191570K(222720K) Eden: 111616K(111616K)->111616K(111616K) From: 79954K(111104K)->79954K(111104K)
[190.372s][info][gc,heap        ] GC(611) ParOldGen: 598386K(667648K)->667647K(667648K)
[190.372s][info][gc,metaspace   ] GC(611) Metaspace: 18574K(18752K)->18574K(18752K) NonClass: 15910K(16000K)->15910K(16000K) Class: 2664K(2752K)->2664K(2752K)
[190.372s][info][gc             ] GC(611) Pause Young (Allocation Failure) 771M->839M(869M) 105.177ms
[190.372s][info][gc,cpu         ] GC(611) User=0.18s Sys=0.03s Real=0.11s
[190.372s][info][gc,start       ] GC(612) Pause Full (Allocation Failure)
[190.372s][info][gc,phases,start] GC(612) Marking Phase
[190.703s][info][gc,phases      ] GC(612) Marking Phase 330.377ms
[190.703s][info][gc,phases,start] GC(612) Summary Phase
[190.703s][info][gc,phases      ] GC(612) Summary Phase 0.027ms
[190.703s][info][gc,phases,start] GC(612) Forward
[190.832s][info][gc,phases      ] GC(612) Forward 129.195ms
[190.832s][info][gc,phases,start] GC(612) Adjust Pointers
[191.092s][info][gc,phases      ] GC(612) Adjust Pointers 260.597ms
[191.093s][info][gc,phases,start] GC(612) Compaction Phase
[191.247s][info][gc,phases      ] GC(612) Compaction Phase 154.713ms
[191.260s][info][gc,phases,start] GC(612) Post Compact
[191.262s][info][gc,phases      ] GC(612) Post Compact 2.519ms
[191.262s][info][gc,heap        ] GC(612) PSYoungGen: 191570K(222720K)->0K(222720K) Eden: 111616K(111616K)->0K(111616K) From: 79954K(111104K)->0K(111104K)
[191.262s][info][gc,heap        ] GC(612) ParOldGen: 667647K(667648K)->480520K(667648K)
[191.262s][info][gc,metaspace   ] GC(612) Metaspace: 18574K(18752K)->18574K(18752K) NonClass: 15910K(16000K)->15910K(16000K) Class: 2664K(2752K)->2664K(2752K)
[191.263s][info][gc             ] GC(612) Pause Full (Allocation Failure) 839M->469M(869M) 890.383ms
[191.263s][info][gc,cpu         ] GC(612) User=1.67s Sys=0.00s Real=0.89s
[191.390s][info][gc,start       ] GC(613) Pause Young (Allocation Failure)
[191.418s][info][gc,heap        ] GC(613) PSYoungGen: 111616K(222720K)->24928K(222720K) Eden: 111616K(111616K)->0K(111616K) From: 0K(111104K)->24928K(111104K)
[191.418s][info][gc,heap        ] GC(613) ParOldGen: 480520K(667648K)->480520K(667648K)
[191.418s][info][gc,metaspace   ] GC(613) Metaspace: 18574K(18752K)->18574K(18752K) NonClass: 15910K(16000K)->15910K(16000K) Class: 2664K(2752K)->2664K(2752K)
[191.418s][info][gc             ] GC(613) Pause Young (Allocation Failure) 578M->493M(869M) 28.145ms
[191.418s][info][gc,cpu         ] GC(613) User=0.06s Sys=0.00s Real=0.03s
[191.548s][info][gc,start       ] GC(614) Pause Young (Allocation Failure)
[191.588s][info][gc,heap        ] GC(614) PSYoungGen: 136544K(222720K)->14368K(222720K) Eden: 111616K(111616K)->0K(111616K) From: 24928K(111104K)->14368K(111104K)
[191.588s][info][gc,heap        ] GC(614) ParOldGen: 480520K(667648K)->505488K(667648K)
[191.588s][info][gc,metaspace   ] GC(614) Metaspace: 18574K(18752K)->18574K(18752K) NonClass: 15910K(16000K)->15910K(16000K) Class: 2664K(2752K)->2664K(2752K)
[191.588s][info][gc             ] GC(614) Pause Young (Allocation Failure) 602M->507M(869M) 39.676ms
[191.588s][info][gc,cpu         ] GC(614) User=0.08s Sys=0.00s Real=0.04s
[191.675s][info][gc,start       ] GC(615) Pause Young (Allocation Failure)
[191.692s][info][gc,heap        ] GC(615) PSYoungGen: 125984K(222720K)->672K(222720K) Eden: 111616K(111616K)->0K(111616K) From: 14368K(111104K)->672K(111104K)
[191.692s][info][gc,heap        ] GC(615) ParOldGen: 505488K(667648K)->519864K(667648K)
[191.692s][info][gc,metaspace   ] GC(615) Metaspace: 18574K(18752K)->18574K(18752K) NonClass: 15910K(16000K)->15910K(16000K) Class: 2664K(2752K)->2664K(2752K)
[191.692s][info][gc             ] GC(615) Pause Young (Allocation Failure) 616M->508M(869M) 16.732ms
[191.692s][info][gc,cpu         ] GC(615) User=0.03s Sys=0.00s Real=0.02s
[191.812s][info][gc,start       ] GC(616) Pause Young (Allocation Failure)
[191.818s][info][gc,heap        ] GC(616) PSYoungGen: 112288K(222720K)->192K(222720K) Eden: 111616K(111616K)->0K(111616K) From: 672K(111104K)->192K(111104K)
[191.818s][info][gc,heap        ] GC(616) ParOldGen: 519864K(667648K)->520528K(667648K)
[191.818s][info][gc,metaspace   ] GC(616) Metaspace: 18574K(18752K)->18574K(18752K) NonClass: 15910K(16000K)->15910K(16000K) Class: 2664K(2752K)->2664K(2752K)
[191.818s][info][gc             ] GC(616) Pause Young (Allocation Failure) 617M->508M(869M) 6.523ms
[191.818s][info][gc,cpu         ] GC(616) User=0.01s Sys=0.00s Real=0.01s
[191.939s][info][gc,start       ] GC(617) Pause Young (Allocation Failure)
[191.946s][info][gc,heap        ] GC(617) PSYoungGen: 111808K(222720K)->3872K(215552K) Eden: 111616K(111616K)->0K(111616K) From: 192K(111104K)->3872K(103936K)
[191.946s][info][gc,heap        ] GC(617) ParOldGen: 520528K(667648K)->520696K(667648K)
[191.946s][info][gc,metaspace   ] GC(617) Metaspace: 18574K(18752K)->18574K(18752K) NonClass: 15910K(16000K)->15910K(16000K) Class: 2664K(2752K)->2664K(2752K)
[191.946s][info][gc             ] GC(617) Pause Young (Allocation Failure) 617M->512M(862M) 7.518ms
[191.947s][info][gc,cpu         ] GC(617) User=0.01s Sys=0.00s Real=0.00s
[192.134s][info][gc,start       ] GC(618) Pause Young (Allocation Failure)
[192.150s][info][gc,heap        ] GC(618) PSYoungGen: 115488K(215552K)->13696K(219136K) Eden: 111616K(111616K)->0K(111616K) From: 3872K(103936K)->13696K(107520K)
[192.150s][info][gc,heap        ] GC(618) ParOldGen: 520696K(667648K)->520696K(667648K)
[192.150s][info][gc,metaspace   ] GC(618) Metaspace: 18574K(18752K)->18574K(18752K) NonClass: 15910K(16000K)->15910K(16000K) Class: 2664K(2752K)->2664K(2752K)
[192.150s][info][gc             ] GC(618) Pause Young (Allocation Failure) 621M->521M(866M) 15.562ms
[192.150s][info][gc,cpu         ] GC(618) User=0.03s Sys=0.00s Real=0.02s
[192.301s][info][gc,start       ] GC(619) Pause Young (Allocation Failure)
[192.334s][info][gc,heap        ] GC(619) PSYoungGen: 125312K(219136K)->30544K(208896K) Eden: 111616K(111616K)->0K(118272K) From: 13696K(107520K)->30544K(90624K)
[192.334s][info][gc,heap        ] GC(619) ParOldGen: 520696K(667648K)->520696K(667648K)
[192.334s][info][gc,metaspace   ] GC(619) Metaspace: 18574K(18752K)->18574K(18752K) NonClass: 15910K(16000K)->15910K(16000K) Class: 2664K(2752K)->2664K(2752K)
[192.334s][info][gc             ] GC(619) Pause Young (Allocation Failure) 630M->538M(856M) 32.851ms
[192.334s][info][gc,cpu         ] GC(619) User=0.06s Sys=0.01s Real=0.03s
[192.679s][info][gc,start       ] GC(620) Pause Young (Allocation Failure)
[192.710s][info][gc,heap        ] GC(620) PSYoungGen: 148816K(208896K)->30576K(214016K) Eden: 118272K(118272K)->0K(118272K) From: 30544K(90624K)->30576K(95744K)
[192.710s][info][gc,heap        ] GC(620) ParOldGen: 520696K(667648K)->520696K(667648K)
[192.710s][info][gc,metaspace   ] GC(620) Metaspace: 18574K(18752K)->18574K(18752K) NonClass: 15910K(16000K)->15910K(16000K) Class: 2664K(2752K)->2664K(2752K)
[192.710s][info][gc             ] GC(620) Pause Young (Allocation Failure) 653M->538M(861M) 31.258ms
[192.710s][info][gc,cpu         ] GC(620) User=0.06s Sys=0.00s Real=0.03s
[192.971s][info][gc,start       ] GC(621) Pause Young (Allocation Failure)
[193.005s][info][gc,heap        ] GC(621) PSYoungGen: 148848K(214016K)->30544K(206336K) Eden: 118272K(118272K)->0K(124928K) From: 30576K(95744K)->30544K(81408K)
[193.005s][info][gc,heap        ] GC(621) ParOldGen: 520696K(667648K)->520696K(667648K)
[193.005s][info][gc,metaspace   ] GC(621) Metaspace: 18574K(18752K)->18574K(18752K) NonClass: 15910K(16000K)->15910K(16000K) Class: 2664K(2752K)->2664K(2752K)
[193.005s][info][gc             ] GC(621) Pause Young (Allocation Failure) 653M->538M(853M) 33.400ms
[193.005s][info][gc,cpu         ] GC(621) User=0.06s Sys=0.00s Real=0.03s
[193.275s][info][gc,start       ] GC(622) Pause Young (Allocation Failure)
[193.312s][info][gc,heap        ] GC(622) PSYoungGen: 155472K(206336K)->30560K(210944K) Eden: 124928K(124928K)->0K(124928K) From: 30544K(81408K)->30560K(86016K)
[193.312s][info][gc,heap        ] GC(622) ParOldGen: 520696K(667648K)->520696K(667648K)
[193.312s][info][gc,metaspace   ] GC(622) Metaspace: 18574K(18752K)->18574K(18752K) NonClass: 15910K(16000K)->15910K(16000K) Class: 2664K(2752K)->2664K(2752K)
[193.312s][info][gc             ] GC(622) Pause Young (Allocation Failure) 660M->538M(858M) 36.943ms
[193.312s][info][gc,cpu         ] GC(622) User=0.07s Sys=0.00s Real=0.04s
[193.563s][info][gc,start       ] GC(623) Pause Young (Allocation Failure)
[193.596s][info][gc,heap        ] GC(623) PSYoungGen: 155488K(210944K)->30896K(205824K) Eden: 124928K(124928K)->0K(131584K) From: 30560K(86016K)->30896K(74240K)
[193.596s][info][gc,heap        ] GC(623) ParOldGen: 520696K(667648K)->520696K(667648K)
[193.596s][info][gc,metaspace   ] GC(623) Metaspace: 18574K(18752K)->18574K(18752K) NonClass: 15910K(16000K)->15910K(16000K) Class: 2664K(2752K)->2664K(2752K)
[193.596s][info][gc             ] GC(623) Pause Young (Allocation Failure) 660M->538M(853M) 33.705ms
[193.596s][info][gc,cpu         ] GC(623) User=0.07s Sys=0.00s Real=0.03s
[193.751s][info][gc,start       ] GC(624) Pause Young (Allocation Failure)
[193.822s][info][gc,heap        ] GC(624) PSYoungGen: 162480K(205824K)->65552K(209408K) Eden: 131584K(131584K)->0K(131584K) From: 30896K(74240K)->65552K(77824K)
[193.822s][info][gc,heap        ] GC(624) ParOldGen: 520696K(667648K)->520696K(667648K)
[193.822s][info][gc,metaspace   ] GC(624) Metaspace: 18574K(18752K)->18574K(18752K) NonClass: 15910K(16000K)->15910K(16000K) Class: 2664K(2752K)->2664K(2752K)
[193.822s][info][gc             ] GC(624) Pause Young (Allocation Failure) 667M->572M(856M) 70.470ms
[193.822s][info][gc,cpu         ] GC(624) User=0.14s Sys=0.00s Real=0.07s
[193.974s][info][gc,start       ] GC(625) Pause Young (Allocation Failure)
[194.063s][info][gc,heap        ] GC(625) PSYoungGen: 197136K(209408K)->86512K(204288K) Eden: 131584K(131584K)->0K(117760K) From: 65552K(77824K)->86512K(86528K)
[194.063s][info][gc,heap        ] GC(625) ParOldGen: 520696K(667648K)->538248K(667648K)
[194.063s][info][gc,metaspace   ] GC(625) Metaspace: 18574K(18752K)->18574K(18752K) NonClass: 15910K(16000K)->15910K(16000K) Class: 2664K(2752K)->2664K(2752K)
[194.063s][info][gc             ] GC(625) Pause Young (Allocation Failure) 701M->610M(851M) 88.766ms
[194.063s][info][gc,cpu         ] GC(625) User=0.15s Sys=0.02s Real=0.09s
[194.197s][info][gc,start       ] GC(626) Pause Young (Allocation Failure)
[194.270s][info][gc,heap        ] GC(626) PSYoungGen: 204272K(204288K)->76016K(194048K) Eden: 117760K(117760K)->0K(117760K) From: 86512K(86528K)->76016K(76288K)
[194.270s][info][gc,heap        ] GC(626) ParOldGen: 538248K(667648K)->551945K(667648K)
[194.270s][info][gc,metaspace   ] GC(626) Metaspace: 18574K(18752K)->18574K(18752K) NonClass: 15910K(16000K)->15910K(16000K) Class: 2664K(2752K)->2664K(2752K)
[194.270s][info][gc             ] GC(626) Pause Young (Allocation Failure) 725M->613M(841M) 73.054ms
[194.270s][info][gc,cpu         ] GC(626) User=0.14s Sys=0.00s Real=0.08s
[194.450s][info][gc,start       ] GC(627) Pause Young (Allocation Failure)
[194.551s][info][gc,heap        ] GC(627) PSYoungGen: 193776K(194048K)->90000K(222720K) Eden: 117760K(117760K)->0K(111616K) From: 76016K(76288K)->90000K(111104K)
[194.551s][info][gc,heap        ] GC(627) ParOldGen: 551945K(667648K)->568849K(667648K)
[194.551s][info][gc,metaspace   ] GC(627) Metaspace: 18574K(18752K)->18574K(18752K) NonClass: 15910K(16000K)->15910K(16000K) Class: 2664K(2752K)->2664K(2752K)
[194.551s][info][gc             ] GC(627) Pause Young (Allocation Failure) 728M->643M(869M) 100.798ms
[194.551s][info][gc,cpu         ] GC(627) User=0.20s Sys=0.00s Real=0.10s
[194.678s][info][gc,start       ] GC(628) Pause Young (Allocation Failure)
[194.783s][info][gc,heap        ] GC(628) PSYoungGen: 201616K(222720K)->111088K(222720K) Eden: 111616K(111616K)->0K(111616K) From: 90000K(111104K)->111088K(111104K)
[194.783s][info][gc,heap        ] GC(628) ParOldGen: 568849K(667648K)->569705K(667648K)
[194.783s][info][gc,metaspace   ] GC(628) Metaspace: 18574K(18752K)->18574K(18752K) NonClass: 15910K(16000K)->15910K(16000K) Class: 2664K(2752K)->2664K(2752K)
[194.783s][info][gc             ] GC(628) Pause Young (Allocation Failure) 752M->664M(869M) 104.766ms
[194.783s][info][gc,cpu         ] GC(628) User=0.21s Sys=0.00s Real=0.10s
[194.898s][info][gc,start       ] GC(629) Pause Young (Allocation Failure)
[195.006s][info][gc,heap        ] GC(629) PSYoungGen: 222704K(222720K)->90944K(222720K) Eden: 111616K(111616K)->0K(111616K) From: 111088K(111104K)->90944K(111104K)
[195.006s][info][gc,heap        ] GC(629) ParOldGen: 569705K(667648K)->594145K(667648K)
[195.006s][info][gc,metaspace   ] GC(629) Metaspace: 18574K(18752K)->18574K(18752K) NonClass: 15910K(16000K)->15910K(16000K) Class: 2664K(2752K)->2664K(2752K)
[195.006s][info][gc             ] GC(629) Pause Young (Allocation Failure) 773M->669M(869M) 107.964ms
[195.006s][info][gc,cpu         ] GC(629) User=0.21s Sys=0.00s Real=0.10s
[195.114s][info][gc,start       ] GC(630) Pause Young (Allocation Failure)
[195.207s][info][gc,heap        ] GC(630) PSYoungGen: 202560K(222720K)->56544K(222720K) Eden: 111616K(111616K)->0K(111616K) From: 90944K(111104K)->56544K(111104K)
[195.207s][info][gc,heap        ] GC(630) ParOldGen: 594145K(667648K)->629422K(667648K)
[195.207s][info][gc,metaspace   ] GC(630) Metaspace: 18574K(18752K)->18574K(18752K) NonClass: 15910K(16000K)->15910K(16000K) Class: 2664K(2752K)->2664K(2752K)
[195.207s][info][gc             ] GC(630) Pause Young (Allocation Failure) 778M->669M(869M) 92.712ms
[195.207s][info][gc,cpu         ] GC(630) User=0.18s Sys=0.00s Real=0.09s
[195.332s][info][gc,start       ] GC(631) Pause Full (Allocation Failure)
[195.332s][info][gc,phases,start] GC(631) Marking Phase
[195.804s][info][gc,phases      ] GC(631) Marking Phase 472.553ms
[195.804s][info][gc,phases,start] GC(631) Summary Phase
[195.804s][info][gc,phases      ] GC(631) Summary Phase 0.026ms
[195.804s][info][gc,phases,start] GC(631) Forward
[195.912s][info][gc,phases      ] GC(631) Forward 107.535ms
[195.912s][info][gc,phases,start] GC(631) Adjust Pointers
[196.264s][info][gc,phases      ] GC(631) Adjust Pointers 352.115ms
[196.264s][info][gc,phases,start] GC(631) Compaction Phase
[196.472s][info][gc,phases      ] GC(631) Compaction Phase 207.840ms
[196.482s][info][gc,phases,start] GC(631) Post Compact
[196.484s][info][gc,phases      ] GC(631) Post Compact 2.313ms
[196.484s][info][gc,heap        ] GC(631) PSYoungGen: 168160K(222720K)->1753K(222720K) Eden: 111616K(111616K)->0K(111616K) From: 56544K(111104K)->1753K(111104K)
[196.484s][info][gc,heap        ] GC(631) ParOldGen: 629422K(667648K)->667489K(667648K)
[196.484s][info][gc,metaspace   ] GC(631) Metaspace: 18574K(18752K)->18574K(18752K) NonClass: 15910K(16000K)->15910K(16000K) Class: 2664K(2752K)->2664K(2752K)
[196.484s][info][gc             ] GC(631) Pause Full (Allocation Failure) 778M->653M(869M) 1152.220ms
[196.484s][info][gc,cpu         ] GC(631) User=2.26s Sys=0.00s Real=1.15s
[196.622s][info][gc,start       ] GC(632) Pause Full (Allocation Failure)
[196.622s][info][gc,phases,start] GC(632) Marking Phase
[197.090s][info][gc,phases      ] GC(632) Marking Phase 467.721ms
[197.090s][info][gc,phases,start] GC(632) Summary Phase
[197.090s][info][gc,phases      ] GC(632) Summary Phase 0.023ms
[197.090s][info][gc,phases,start] GC(632) Forward
[197.107s][info][gc,phases      ] GC(632) Forward 16.928ms
[197.107s][info][gc,phases,start] GC(632) Adjust Pointers
[197.426s][info][gc,phases      ] GC(632) Adjust Pointers 318.841ms
[197.426s][info][gc,phases,start] GC(632) Compaction Phase
[197.576s][info][gc,phases      ] GC(632) Compaction Phase 149.532ms
[197.576s][info][gc,phases,start] GC(632) Post Compact
[197.578s][info][gc,phases      ] GC(632) Post Compact 2.187ms
[197.578s][info][gc,heap        ] GC(632) PSYoungGen: 113369K(222720K)->3424K(222720K) Eden: 111616K(111616K)->3424K(111616K) From: 1753K(111104K)->0K(111104K)
[197.578s][info][gc,heap        ] GC(632) ParOldGen: 667489K(667648K)->667617K(667648K)
[197.578s][info][gc,metaspace   ] GC(632) Metaspace: 18574K(18752K)->18574K(18752K) NonClass: 15910K(16000K)->15910K(16000K) Class: 2664K(2752K)->2664K(2752K)
[197.578s][info][gc             ] GC(632) Pause Full (Allocation Failure) 762M->655M(869M) 955.644ms
[197.578s][info][gc,cpu         ] GC(632) User=1.87s Sys=0.00s Real=0.96s
[197.759s][info][gc,start       ] GC(633) Pause Full (Allocation Failure)
[197.760s][info][gc,phases,start] GC(633) Marking Phase
[198.132s][info][gc,phases      ] GC(633) Marking Phase 372.860ms
[198.132s][info][gc,phases,start] GC(633) Summary Phase
[198.132s][info][gc,phases      ] GC(633) Summary Phase 0.027ms
[198.132s][info][gc,phases,start] GC(633) Forward
[198.270s][info][gc,phases      ] GC(633) Forward 137.106ms
[198.270s][info][gc,phases,start] GC(633) Adjust Pointers
[198.557s][info][gc,phases      ] GC(633) Adjust Pointers 287.559ms
[198.557s][info][gc,phases,start] GC(633) Compaction Phase
[198.732s][info][gc,phases      ] GC(633) Compaction Phase 174.635ms
[198.744s][info][gc,phases,start] GC(633) Post Compact
[198.746s][info][gc,phases      ] GC(633) Post Compact 2.274ms
[198.746s][info][gc,heap        ] GC(633) PSYoungGen: 111616K(222720K)->0K(222720K) Eden: 111616K(111616K)->0K(111616K) From: 0K(111104K)->0K(111104K)
[198.746s][info][gc,heap        ] GC(633) ParOldGen: 667617K(667648K)->532799K(667648K)
[198.746s][info][gc,metaspace   ] GC(633) Metaspace: 18574K(18752K)->18574K(18752K) NonClass: 15910K(16000K)->15910K(16000K) Class: 2664K(2752K)->2664K(2752K)
[198.746s][info][gc             ] GC(633) Pause Full (Allocation Failure) 760M->520M(869M) 986.698ms
[198.746s][info][gc,cpu         ] GC(633) User=1.88s Sys=0.01s Real=0.98s
[198.919s][info][gc,start       ] GC(634) Pause Young (Allocation Failure)
[198.931s][info][gc,heap        ] GC(634) PSYoungGen: 111616K(222720K)->8960K(222720K) Eden: 111616K(111616K)->0K(111616K) From: 0K(111104K)->8960K(111104K)
[198.931s][info][gc,heap        ] GC(634) ParOldGen: 532799K(667648K)->532799K(667648K)
[198.931s][info][gc,metaspace   ] GC(634) Metaspace: 18574K(18752K)->18574K(18752K) NonClass: 15910K(16000K)->15910K(16000K) Class: 2664K(2752K)->2664K(2752K)
[198.931s][info][gc             ] GC(634) Pause Young (Allocation Failure) 629M->529M(869M) 12.288ms
[198.931s][info][gc,cpu         ] GC(634) User=0.02s Sys=0.00s Real=0.01s
[199.166s][info][gc,start       ] GC(635) Pause Young (Allocation Failure)
[199.187s][info][gc,heap        ] GC(635) PSYoungGen: 120576K(222720K)->21403K(222720K) Eden: 111616K(111616K)->0K(111616K) From: 8960K(111104K)->21403K(111104K)
[199.187s][info][gc,heap        ] GC(635) ParOldGen: 532799K(667648K)->532799K(667648K)
[199.187s][info][gc,metaspace   ] GC(635) Metaspace: 18574K(18752K)->18574K(18752K) NonClass: 15910K(16000K)->15910K(16000K) Class: 2664K(2752K)->2664K(2752K)
[199.187s][info][gc             ] GC(635) Pause Young (Allocation Failure) 638M->541M(869M) 21.111ms
[199.187s][info][gc,cpu         ] GC(635) User=0.05s Sys=0.00s Real=0.02s
[199.345s][info][gc,start       ] GC(636) Pause Young (Allocation Failure)
[199.360s][info][gc,heap        ] GC(636) PSYoungGen: 133019K(222720K)->1344K(222720K) Eden: 111616K(111616K)->0K(111616K) From: 21403K(111104K)->1344K(111104K)
[199.360s][info][gc,heap        ] GC(636) ParOldGen: 532799K(667648K)->546123K(667648K)
[199.360s][info][gc,metaspace   ] GC(636) Metaspace: 18574K(18752K)->18574K(18752K) NonClass: 15910K(16000K)->15910K(16000K) Class: 2664K(2752K)->2664K(2752K)
[199.360s][info][gc             ] GC(636) Pause Young (Allocation Failure) 650M->534M(869M) 15.369ms
[199.360s][info][gc,cpu         ] GC(636) User=0.03s Sys=0.00s Real=0.02s
[199.491s][info][gc,start       ] GC(637) Pause Young (Allocation Failure)
[199.511s][info][gc,heap        ] GC(637) PSYoungGen: 112960K(222720K)->23024K(222720K) Eden: 111616K(111616K)->0K(111616K) From: 1344K(111104K)->23024K(111104K)
[199.511s][info][gc,heap        ] GC(637) ParOldGen: 546123K(667648K)->547131K(667648K)
[199.511s][info][gc,metaspace   ] GC(637) Metaspace: 18579K(18752K)->18579K(18752K) NonClass: 15915K(16000K)->15915K(16000K) Class: 2664K(2752K)->2664K(2752K)
[199.511s][info][gc             ] GC(637) Pause Young (Allocation Failure) 643M->556M(869M) 19.764ms
[199.511s][info][gc,cpu         ] GC(637) User=0.04s Sys=0.00s Real=0.02s
[199.639s][info][gc,start       ] GC(638) Pause Young (Allocation Failure)
[199.674s][info][gc,heap        ] GC(638) PSYoungGen: 134640K(222720K)->13184K(222720K) Eden: 111616K(111616K)->0K(111616K) From: 23024K(111104K)->13184K(111104K)
[199.674s][info][gc,heap        ] GC(638) ParOldGen: 547131K(667648K)->570331K(667648K)
[199.674s][info][gc,metaspace   ] GC(638) Metaspace: 18579K(18752K)->18579K(18752K) NonClass: 15915K(16000K)->15915K(16000K) Class: 2664K(2752K)->2664K(2752K)
[199.674s][info][gc             ] GC(638) Pause Young (Allocation Failure) 665M->569M(869M) 34.926ms
[199.674s][info][gc,cpu         ] GC(638) User=0.06s Sys=0.00s Real=0.03s
[199.786s][info][gc,start       ] GC(639) Pause Young (Allocation Failure)
[199.808s][info][gc,heap        ] GC(639) PSYoungGen: 124800K(222720K)->4032K(222720K) Eden: 111616K(111616K)->0K(111616K) From: 13184K(111104K)->4032K(111104K)
[199.808s][info][gc,heap        ] GC(639) ParOldGen: 570331K(667648K)->583523K(667648K)
[199.808s][info][gc,metaspace   ] GC(639) Metaspace: 18579K(18752K)->18579K(18752K) NonClass: 15915K(16000K)->15915K(16000K) Class: 2664K(2752K)->2664K(2752K)
[199.808s][info][gc             ] GC(639) Pause Young (Allocation Failure) 678M->573M(869M) 21.953ms
[199.808s][info][gc,cpu         ] GC(639) User=0.04s Sys=0.00s Real=0.03s
[200.036s][info][gc,start       ] GC(640) Pause Young (Allocation Failure)
[200.044s][info][gc,heap        ] GC(640) PSYoungGen: 115648K(222720K)->1696K(222720K) Eden: 111616K(111616K)->0K(111616K) From: 4032K(111104K)->1696K(111104K)
[200.044s][info][gc,heap        ] GC(640) ParOldGen: 583523K(667648K)->587531K(667648K)
[200.044s][info][gc,metaspace   ] GC(640) Metaspace: 18583K(18752K)->18583K(18752K) NonClass: 15918K(16000K)->15918K(16000K) Class: 2664K(2752K)->2664K(2752K)
[200.044s][info][gc             ] GC(640) Pause Young (Allocation Failure) 682M->575M(869M) 8.197ms
[200.044s][info][gc,cpu         ] GC(640) User=0.02s Sys=0.00s Real=0.01s
[200.273s][info][gc,start       ] GC(641) Pause Young (Allocation Failure)
[200.278s][info][gc,heap        ] GC(641) PSYoungGen: 113312K(222720K)->1440K(222720K) Eden: 111616K(111616K)->0K(111616K) From: 1696K(111104K)->1440K(111104K)
[200.278s][info][gc,heap        ] GC(641) ParOldGen: 587531K(667648K)->589187K(667648K)
[200.278s][info][gc,metaspace   ] GC(641) Metaspace: 18583K(18752K)->18583K(18752K) NonClass: 15918K(16000K)->15918K(16000K) Class: 2664K(2752K)->2664K(2752K)
[200.278s][info][gc             ] GC(641) Pause Young (Allocation Failure) 684M->576M(869M) 5.213ms
[200.278s][info][gc,cpu         ] GC(641) User=0.01s Sys=0.00s Real=0.01s
[200.392s][info][gc,start       ] GC(642) Pause Young (Allocation Failure)
[200.408s][info][gc,heap        ] GC(642) PSYoungGen: 113056K(222720K)->14352K(221696K) Eden: 111616K(111616K)->0K(111616K) From: 1440K(111104K)->14352K(110080K)
[200.409s][info][gc,heap        ] GC(642) ParOldGen: 589187K(667648K)->590584K(667648K)
[200.409s][info][gc,metaspace   ] GC(642) Metaspace: 18585K(18752K)->18585K(18752K) NonClass: 15920K(16000K)->15920K(16000K) Class: 2664K(2752K)->2664K(2752K)
[200.409s][info][gc             ] GC(642) Pause Young (Allocation Failure) 685M->590M(868M) 16.419ms
[200.409s][info][gc,cpu         ] GC(642) User=0.04s Sys=0.00s Real=0.02s
[200.540s][info][gc,start       ] GC(643) Pause Young (Allocation Failure)
[200.565s][info][gc,heap        ] GC(643) PSYoungGen: 125968K(221696K)->31952K(143872K) Eden: 111616K(111616K)->0K(111616K) From: 14352K(110080K)->31952K(32256K)
[200.565s][info][gc,heap        ] GC(643) ParOldGen: 590584K(667648K)->590584K(667648K)
[200.565s][info][gc,metaspace   ] GC(643) Metaspace: 18585K(18752K)->18585K(18752K) NonClass: 15920K(16000K)->15920K(16000K) Class: 2664K(2752K)->2664K(2752K)
[200.565s][info][gc             ] GC(643) Pause Young (Allocation Failure) 699M->607M(792M) 25.105ms
[200.565s][info][gc,cpu         ] GC(643) User=0.05s Sys=0.00s Real=0.02s
[200.625s][info][gc,start       ] GC(644) Pause Young (Allocation Failure)
[200.677s][info][gc,heap        ] GC(644) PSYoungGen: 143568K(143872K)->72960K(208896K) Eden: 111616K(111616K)->0K(105472K) From: 31952K(32256K)->72960K(103424K)
[200.677s][info][gc,heap        ] GC(644) ParOldGen: 590584K(667648K)->590584K(667648K)
[200.677s][info][gc,metaspace   ] GC(644) Metaspace: 18585K(18752K)->18585K(18752K) NonClass: 15920K(16000K)->15920K(16000K) Class: 2664K(2752K)->2664K(2752K)
[200.677s][info][gc             ] GC(644) Pause Young (Allocation Failure) 716M->647M(856M) 51.458ms
[200.677s][info][gc,cpu         ] GC(644) User=0.11s Sys=0.00s Real=0.05s
[200.854s][info][gc,start       ] GC(645) Pause Young (Allocation Failure)
[200.912s][info][gc,heap        ] GC(645) PSYoungGen: 178432K(208896K)->56768K(216576K) Eden: 105472K(105472K)->0K(105472K) From: 72960K(103424K)->56768K(111104K)
[200.912s][info][gc,heap        ] GC(645) ParOldGen: 590584K(667648K)->622776K(667648K)
[200.912s][info][gc,metaspace   ] GC(645) Metaspace: 18585K(18752K)->18585K(18752K) NonClass: 15920K(16000K)->15920K(16000K) Class: 2664K(2752K)->2664K(2752K)
[200.912s][info][gc             ] GC(645) Pause Young (Allocation Failure) 750M->663M(863M) 58.263ms
[200.912s][info][gc,cpu         ] GC(645) User=0.11s Sys=0.00s Real=0.06s
[201.035s][info][gc,start       ] GC(646) Pause Young (Allocation Failure)
[201.078s][info][gc,promotion   ] GC(646) Promotion failed
[201.079s][info][gc,heap        ] GC(646) PSYoungGen: 162240K(216576K)->162240K(216576K) Eden: 105472K(105472K)->105472K(105472K) From: 56768K(111104K)->56768K(111104K)
[201.079s][info][gc,heap        ] GC(646) ParOldGen: 622776K(667648K)->667644K(667648K)
[201.079s][info][gc,metaspace   ] GC(646) Metaspace: 18585K(18752K)->18585K(18752K) NonClass: 15920K(16000K)->15920K(16000K) Class: 2664K(2752K)->2664K(2752K)
[201.079s][info][gc             ] GC(646) Pause Young (Allocation Failure) 766M->810M(863M) 43.387ms
[201.079s][info][gc,cpu         ] GC(646) User=0.08s Sys=0.01s Real=0.05s
[201.079s][info][gc,start       ] GC(647) Pause Full (Allocation Failure)
[201.079s][info][gc,phases,start] GC(647) Marking Phase
[201.379s][info][gc,phases      ] GC(647) Marking Phase 300.268ms
[201.379s][info][gc,phases,start] GC(647) Summary Phase
[201.379s][info][gc,phases      ] GC(647) Summary Phase 0.025ms
[201.379s][info][gc,phases,start] GC(647) Forward
[201.456s][info][gc,phases      ] GC(647) Forward 76.872ms
[201.456s][info][gc,phases,start] GC(647) Adjust Pointers
[201.673s][info][gc,phases      ] GC(647) Adjust Pointers 217.427ms
[201.673s][info][gc,phases,start] GC(647) Compaction Phase
[201.795s][info][gc,phases      ] GC(647) Compaction Phase 121.696ms
[201.800s][info][gc,phases,start] GC(647) Post Compact
[201.803s][info][gc,phases      ] GC(647) Post Compact 2.352ms
[201.803s][info][gc,heap        ] GC(647) PSYoungGen: 162240K(216576K)->0K(222720K) Eden: 105472K(105472K)->0K(111616K) From: 56768K(111104K)->0K(111104K)
[201.803s][info][gc,heap        ] GC(647) ParOldGen: 667644K(667648K)->455034K(667648K)
[201.803s][info][gc,metaspace   ] GC(647) Metaspace: 18585K(18752K)->18585K(18752K) NonClass: 15920K(16000K)->15920K(16000K) Class: 2664K(2752K)->2664K(2752K)
[201.803s][info][gc             ] GC(647) Pause Full (Allocation Failure) 810M->444M(869M) 724.141ms
[201.803s][info][gc,cpu         ] GC(647) User=1.36s Sys=0.00s Real=0.72s
[201.953s][info][gc,start       ] GC(648) Pause Young (Allocation Failure)
[201.991s][info][gc,heap        ] GC(648) PSYoungGen: 111616K(222720K)->31808K(143872K) Eden: 111616K(111616K)->0K(111616K) From: 0K(111104K)->31808K(32256K)
[201.991s][info][gc,heap        ] GC(648) ParOldGen: 455034K(667648K)->455034K(667648K)
[201.991s][info][gc,metaspace   ] GC(648) Metaspace: 18585K(18752K)->18585K(18752K) NonClass: 15920K(16000K)->15920K(16000K) Class: 2664K(2752K)->2664K(2752K)
[201.991s][info][gc             ] GC(648) Pause Young (Allocation Failure) 553M->475M(792M) 38.348ms
[201.991s][info][gc,cpu         ] GC(648) User=0.07s Sys=0.00s Real=0.04s
[202.121s][info][gc,start       ] GC(649) Pause Young (Allocation Failure)
[202.179s][info][gc,heap        ] GC(649) PSYoungGen: 143424K(143872K)->51808K(219136K) Eden: 111616K(111616K)->0K(112640K) From: 31808K(32256K)->51808K(106496K)
[202.179s][info][gc,heap        ] GC(649) ParOldGen: 455034K(667648K)->455034K(667648K)
[202.179s][info][gc,metaspace   ] GC(649) Metaspace: 18585K(18752K)->18585K(18752K) NonClass: 15920K(16000K)->15920K(16000K) Class: 2664K(2752K)->2664K(2752K)
[202.179s][info][gc             ] GC(649) Pause Young (Allocation Failure) 584M->494M(866M) 57.729ms
[202.179s][info][gc,cpu         ] GC(649) User=0.12s Sys=0.00s Real=0.06s
[202.274s][info][gc,start       ] GC(650) Pause Young (Allocation Failure)
[202.335s][info][gc,heap        ] GC(650) PSYoungGen: 164448K(219136K)->55808K(218112K) Eden: 112640K(112640K)->0K(112640K) From: 51808K(106496K)->55808K(105472K)
[202.335s][info][gc,heap        ] GC(650) ParOldGen: 455034K(667648K)->455034K(667648K)
[202.335s][info][gc,metaspace   ] GC(650) Metaspace: 18585K(18752K)->18585K(18752K) NonClass: 15920K(16000K)->15920K(16000K) Class: 2664K(2752K)->2664K(2752K)
[202.335s][info][gc             ] GC(650) Pause Young (Allocation Failure) 604M->498M(865M) 61.464ms
[202.335s][info][gc,cpu         ] GC(650) User=0.12s Sys=0.00s Real=0.06s
[202.449s][info][gc,start       ] GC(651) Pause Young (Allocation Failure)
[202.511s][info][gc,heap        ] GC(651) PSYoungGen: 168448K(218112K)->56352K(226816K) Eden: 112640K(112640K)->0K(121344K) From: 55808K(105472K)->56352K(105472K)
[202.511s][info][gc,heap        ] GC(651) ParOldGen: 455034K(667648K)->455034K(667648K)
[202.511s][info][gc,metaspace   ] GC(651) Metaspace: 18585K(18752K)->18585K(18752K) NonClass: 15920K(16000K)->15920K(16000K) Class: 2664K(2752K)->2664K(2752K)
[202.511s][info][gc             ] GC(651) Pause Young (Allocation Failure) 608M->499M(873M) 62.087ms
[202.511s][info][gc,cpu         ] GC(651) User=0.12s Sys=0.00s Real=0.06s
[202.640s][info][gc,start       ] GC(652) Pause Young (Allocation Failure)
[202.710s][info][gc,heap        ] GC(652) PSYoungGen: 177696K(226816K)->60480K(226816K) Eden: 121344K(121344K)->0K(121344K) From: 56352K(105472K)->60480K(105472K)
[202.710s][info][gc,heap        ] GC(652) ParOldGen: 455034K(667648K)->455034K(667648K)
[202.710s][info][gc,metaspace   ] GC(652) Metaspace: 18585K(18752K)->18585K(18752K) NonClass: 15920K(16000K)->15920K(16000K) Class: 2664K(2752K)->2664K(2752K)
[202.710s][info][gc             ] GC(652) Pause Young (Allocation Failure) 617M->503M(873M) 69.667ms
[202.710s][info][gc,cpu         ] GC(652) User=0.13s Sys=0.00s Real=0.07s
[202.870s][info][gc,start       ] GC(653) Pause Young (Allocation Failure)
[202.954s][info][gc,heap        ] GC(653) PSYoungGen: 181824K(226816K)->69696K(219136K) Eden: 121344K(121344K)->0K(112640K) From: 60480K(105472K)->69696K(106496K)
[202.954s][info][gc,heap        ] GC(653) ParOldGen: 455034K(667648K)->455034K(667648K)
[202.954s][info][gc,metaspace   ] GC(653) Metaspace: 18585K(18752K)->18585K(18752K) NonClass: 15920K(16000K)->15920K(16000K) Class: 2664K(2752K)->2664K(2752K)
[202.954s][info][gc             ] GC(653) Pause Young (Allocation Failure) 621M->512M(866M) 83.794ms
[202.954s][info][gc,cpu         ] GC(653) User=0.17s Sys=0.00s Real=0.08s
[203.108s][info][gc,start       ] GC(654) Pause Young (Allocation Failure)
[203.199s][info][gc,heap        ] GC(654) PSYoungGen: 182336K(219136K)->86208K(199168K) Eden: 112640K(112640K)->0K(112640K) From: 69696K(106496K)->86208K(86528K)
[203.199s][info][gc,heap        ] GC(654) ParOldGen: 455034K(667648K)->455034K(667648K)
[203.199s][info][gc,metaspace   ] GC(654) Metaspace: 18585K(18752K)->18585K(18752K) NonClass: 15920K(16000K)->15920K(16000K) Class: 2664K(2752K)->2664K(2752K)
[203.199s][info][gc             ] GC(654) Pause Young (Allocation Failure) 622M->528M(846M) 90.620ms
[203.199s][info][gc,cpu         ] GC(654) User=0.18s Sys=0.00s Real=0.09s
[203.335s][info][gc,start       ] GC(655) Pause Young (Allocation Failure)
[203.450s][info][gc,heap        ] GC(655) PSYoungGen: 198848K(199168K)->64400K(222720K) Eden: 112640K(112640K)->0K(111616K) From: 86208K(86528K)->64400K(111104K)
[203.450s][info][gc,heap        ] GC(655) ParOldGen: 455034K(667648K)->506946K(667648K)
[203.450s][info][gc,metaspace   ] GC(655) Metaspace: 18585K(18752K)->18585K(18752K) NonClass: 15920K(16000K)->15920K(16000K) Class: 2664K(2752K)->2664K(2752K)
[203.450s][info][gc             ] GC(655) Pause Young (Allocation Failure) 638M->557M(869M) 114.303ms
[203.450s][info][gc,cpu         ] GC(655) User=0.23s Sys=0.00s Real=0.12s
[203.638s][info][gc,start       ] GC(656) Pause Young (Allocation Failure)
[203.702s][info][gc,heap        ] GC(656) PSYoungGen: 176016K(222720K)->72624K(222720K) Eden: 111616K(111616K)->0K(111616K) From: 64400K(111104K)->72624K(111104K)
[203.702s][info][gc,heap        ] GC(656) ParOldGen: 506946K(667648K)->511498K(667648K)
[203.702s][info][gc,metaspace   ] GC(656) Metaspace: 18585K(18752K)->18585K(18752K) NonClass: 15921K(16000K)->15921K(16000K) Class: 2664K(2752K)->2664K(2752K)
[203.702s][info][gc             ] GC(656) Pause Young (Allocation Failure) 666M->570M(869M) 63.929ms
[203.702s][info][gc,cpu         ] GC(656) User=0.13s Sys=0.00s Real=0.06s
[203.877s][info][gc,start       ] GC(657) Pause Young (Allocation Failure)
[203.952s][info][gc,heap        ] GC(657) PSYoungGen: 184240K(222720K)->69136K(222720K) Eden: 111616K(111616K)->0K(111616K) From: 72624K(111104K)->69136K(111104K)
[203.952s][info][gc,heap        ] GC(657) ParOldGen: 511498K(667648K)->524850K(667648K)
[203.952s][info][gc,metaspace   ] GC(657) Metaspace: 18585K(18752K)->18585K(18752K) NonClass: 15921K(16000K)->15921K(16000K) Class: 2664K(2752K)->2664K(2752K)
[203.952s][info][gc             ] GC(657) Pause Young (Allocation Failure) 679M->580M(869M) 74.789ms
[203.952s][info][gc,cpu         ] GC(657) User=0.15s Sys=0.00s Real=0.07s
[204.115s][info][gc,start       ] GC(658) Pause Young (Allocation Failure)
[204.184s][info][gc,heap        ] GC(658) PSYoungGen: 180752K(222720K)->31104K(222720K) Eden: 111616K(111616K)->0K(111616K) From: 69136K(111104K)->31104K(111104K)
[204.184s][info][gc,heap        ] GC(658) ParOldGen: 524850K(667648K)->571763K(667648K)
[204.184s][info][gc,metaspace   ] GC(658) Metaspace: 18585K(18752K)->18585K(18752K) NonClass: 15921K(16000K)->15921K(16000K) Class: 2664K(2752K)->2664K(2752K)
[204.184s][info][gc             ] GC(658) Pause Young (Allocation Failure) 689M->588M(869M) 68.546ms
[204.184s][info][gc,cpu         ] GC(658) User=0.14s Sys=0.00s Real=0.07s
[204.310s][info][gc,start       ] GC(659) Pause Young (Allocation Failure)
[204.357s][info][gc,heap        ] GC(659) PSYoungGen: 142720K(222720K)->20832K(222720K) Eden: 111616K(111616K)->0K(111616K) From: 31104K(111104K)->20832K(111104K)
[204.357s][info][gc,heap        ] GC(659) ParOldGen: 571763K(667648K)->594247K(667648K)
[204.357s][info][gc,metaspace   ] GC(659) Metaspace: 18585K(18752K)->18585K(18752K) NonClass: 15921K(16000K)->15921K(16000K) Class: 2664K(2752K)->2664K(2752K)
[204.357s][info][gc             ] GC(659) Pause Young (Allocation Failure) 697M->600M(869M) 47.289ms
[204.357s][info][gc,cpu         ] GC(659) User=0.10s Sys=0.00s Real=0.04s
[204.478s][info][gc,start       ] GC(660) Pause Young (Allocation Failure)
[204.503s][info][gc,heap        ] GC(660) PSYoungGen: 132448K(222720K)->2880K(222720K) Eden: 111616K(111616K)->0K(111616K) From: 20832K(111104K)->2880K(111104K)
[204.503s][info][gc,heap        ] GC(660) ParOldGen: 594247K(667648K)->615095K(667648K)
[204.503s][info][gc,metaspace   ] GC(660) Metaspace: 18585K(18752K)->18585K(18752K) NonClass: 15921K(16000K)->15921K(16000K) Class: 2664K(2752K)->2664K(2752K)
[204.503s][info][gc             ] GC(660) Pause Young (Allocation Failure) 709M->603M(869M) 24.904ms
[204.503s][info][gc,cpu         ] GC(660) User=0.05s Sys=0.00s Real=0.02s
[204.632s][info][gc,start       ] GC(661) Pause Full (Allocation Failure)
[204.632s][info][gc,phases,start] GC(661) Marking Phase
[204.962s][info][gc,phases      ] GC(661) Marking Phase 330.491ms
[204.963s][info][gc,phases,start] GC(661) Summary Phase
[204.963s][info][gc,phases      ] GC(661) Summary Phase 0.025ms
[204.963s][info][gc,phases,start] GC(661) Forward
[205.095s][info][gc,phases      ] GC(661) Forward 132.109ms
[205.095s][info][gc,phases,start] GC(661) Adjust Pointers
[205.341s][info][gc,phases      ] GC(661) Adjust Pointers 246.033ms
[205.341s][info][gc,phases,start] GC(661) Compaction Phase
[205.495s][info][gc,phases      ] GC(661) Compaction Phase 153.668ms
[205.504s][info][gc,phases,start] GC(661) Post Compact
[205.506s][info][gc,phases      ] GC(661) Post Compact 2.116ms
[205.506s][info][gc,heap        ] GC(661) PSYoungGen: 114496K(222720K)->0K(222720K) Eden: 111616K(111616K)->0K(111616K) From: 2880K(111104K)->0K(111104K)
[205.506s][info][gc,heap        ] GC(661) ParOldGen: 615095K(667648K)->464413K(667648K)
[205.506s][info][gc,metaspace   ] GC(661) Metaspace: 18585K(18752K)->18585K(18752K) NonClass: 15921K(16000K)->15921K(16000K) Class: 2664K(2752K)->2664K(2752K)
[205.506s][info][gc             ] GC(661) Pause Full (Allocation Failure) 712M->453M(869M) 874.221ms
[205.506s][info][gc,cpu         ] GC(661) User=1.63s Sys=0.00s Real=0.87s
[205.751s][info][gc,start       ] GC(662) Pause Young (Allocation Failure)
[205.758s][info][gc,heap        ] GC(662) PSYoungGen: 111616K(222720K)->4480K(222720K) Eden: 111616K(111616K)->0K(111616K) From: 0K(111104K)->4480K(111104K)
[205.758s][info][gc,heap        ] GC(662) ParOldGen: 464413K(667648K)->464413K(667648K)
[205.758s][info][gc,metaspace   ] GC(662) Metaspace: 18585K(18752K)->18585K(18752K) NonClass: 15921K(16000K)->15921K(16000K) Class: 2664K(2752K)->2664K(2752K)
[205.758s][info][gc             ] GC(662) Pause Young (Allocation Failure) 562M->457M(869M) 6.815ms
[205.758s][info][gc,cpu         ] GC(662) User=0.01s Sys=0.00s Real=0.01s
[205.984s][info][gc,start       ] GC(663) Pause Young (Allocation Failure)
[205.990s][info][gc,heap        ] GC(663) PSYoungGen: 116096K(222720K)->64K(222720K) Eden: 111616K(111616K)->0K(111616K) From: 4480K(111104K)->64K(111104K)
[205.990s][info][gc,heap        ] GC(663) ParOldGen: 464413K(667648K)->468864K(667648K)
[205.990s][info][gc,metaspace   ] GC(663) Metaspace: 18585K(18752K)->18585K(18752K) NonClass: 15921K(16000K)->15921K(16000K) Class: 2664K(2752K)->2664K(2752K)
[205.990s][info][gc             ] GC(663) Pause Young (Allocation Failure) 566M->457M(869M) 6.170ms
[205.990s][info][gc,cpu         ] GC(663) User=0.01s Sys=0.00s Real=0.01s
[206.204s][info][gc,start       ] GC(664) Pause Young (Allocation Failure)
[206.205s][info][gc,heap        ] GC(664) PSYoungGen: 111680K(222720K)->64K(222720K) Eden: 111616K(111616K)->0K(111616K) From: 64K(111104K)->64K(111104K)
[206.205s][info][gc,heap        ] GC(664) ParOldGen: 468864K(667648K)->468899K(667648K)
[206.205s][info][gc,metaspace   ] GC(664) Metaspace: 18585K(18752K)->18585K(18752K) NonClass: 15921K(16000K)->15921K(16000K) Class: 2664K(2752K)->2664K(2752K)
[206.205s][info][gc             ] GC(664) Pause Young (Allocation Failure) 566M->457M(869M) 1.595ms
[206.205s][info][gc,cpu         ] GC(664) User=0.00s Sys=0.00s Real=0.00s
[206.417s][info][gc,start       ] GC(665) Pause Young (Allocation Failure)
[206.424s][info][gc,heap        ] GC(665) PSYoungGen: 111680K(222720K)->352K(222720K) Eden: 111616K(111616K)->0K(111616K) From: 64K(111104K)->352K(111104K)
[206.424s][info][gc,heap        ] GC(665) ParOldGen: 468899K(667648K)->468915K(667648K)
[206.424s][info][gc,metaspace   ] GC(665) Metaspace: 18585K(18752K)->18585K(18752K) NonClass: 15921K(16000K)->15921K(16000K) Class: 2664K(2752K)->2664K(2752K)
[206.424s][info][gc             ] GC(665) Pause Young (Allocation Failure) 566M->458M(869M) 6.745ms
[206.424s][info][gc,cpu         ] GC(665) User=0.01s Sys=0.01s Real=0.01s
[206.530s][info][gc,start       ] GC(666) Pause Young (Allocation Failure)
[206.554s][info][gc,heap        ] GC(666) PSYoungGen: 111968K(222720K)->32784K(144896K) Eden: 111616K(111616K)->0K(111616K) From: 352K(111104K)->32784K(33280K)
[206.554s][info][gc,heap        ] GC(666) ParOldGen: 468915K(667648K)->468915K(667648K)
[206.554s][info][gc,metaspace   ] GC(666) Metaspace: 18598K(18752K)->18598K(18752K) NonClass: 15934K(16000K)->15934K(16000K) Class: 2664K(2752K)->2664K(2752K)
[206.554s][info][gc             ] GC(666) Pause Young (Allocation Failure) 567M->489M(793M) 24.294ms
[206.554s][info][gc,cpu         ] GC(666) User=0.05s Sys=0.00s Real=0.02s
[206.660s][info][gc,start       ] GC(667) Pause Young (Allocation Failure)
[206.704s][info][gc,heap        ] GC(667) PSYoungGen: 144400K(144896K)->68464K(208384K) Eden: 111616K(111616K)->0K(104448K) From: 32784K(33280K)->68464K(103936K)
[206.704s][info][gc,heap        ] GC(667) ParOldGen: 468915K(667648K)->468915K(667648K)
[206.704s][info][gc,metaspace   ] GC(667) Metaspace: 18598K(18752K)->18598K(18752K) NonClass: 15934K(16000K)->15934K(16000K) Class: 2664K(2752K)->2664K(2752K)
[206.704s][info][gc             ] GC(667) Pause Young (Allocation Failure) 598M->524M(855M) 44.248ms
[206.704s][info][gc,cpu         ] GC(667) User=0.09s Sys=0.00s Real=0.04s
[206.823s][info][gc,start       ] GC(668) Pause Young (Allocation Failure)
[206.866s][info][gc,heap        ] GC(668) PSYoungGen: 172912K(208384K)->70912K(215552K) Eden: 104448K(104448K)->0K(104448K) From: 68464K(103936K)->70912K(111104K)
[206.866s][info][gc,heap        ] GC(668) ParOldGen: 468915K(667648K)->468915K(667648K)
[206.866s][info][gc,metaspace   ] GC(668) Metaspace: 18598K(18752K)->18598K(18752K) NonClass: 15934K(16000K)->15934K(16000K) Class: 2664K(2752K)->2664K(2752K)
[206.866s][info][gc             ] GC(668) Pause Young (Allocation Failure) 626M->527M(862M) 42.884ms
[206.866s][info][gc,cpu         ] GC(668) User=0.09s Sys=0.00s Real=0.04s
[207.021s][info][gc,start       ] GC(669) Pause Young (Allocation Failure)
[207.093s][info][gc,heap        ] GC(669) PSYoungGen: 175360K(215552K)->53440K(222208K) Eden: 104448K(104448K)->0K(111104K) From: 70912K(111104K)->53440K(111104K)
[207.093s][info][gc,heap        ] GC(669) ParOldGen: 468915K(667648K)->502038K(667648K)
[207.093s][info][gc,metaspace   ] GC(669) Metaspace: 18598K(18752K)->18598K(18752K) NonClass: 15934K(16000K)->15934K(16000K) Class: 2664K(2752K)->2664K(2752K)
[207.093s][info][gc             ] GC(669) Pause Young (Allocation Failure) 629M->542M(869M) 72.670ms
[207.093s][info][gc,cpu         ] GC(669) User=0.15s Sys=0.00s Real=0.07s
[207.278s][info][gc,start       ] GC(670) Pause Young (Allocation Failure)
[207.337s][info][gc,heap        ] GC(670) PSYoungGen: 164544K(222208K)->17632K(222208K) Eden: 111104K(111104K)->0K(111104K) From: 53440K(111104K)->17632K(111104K)
[207.337s][info][gc,heap        ] GC(670) ParOldGen: 502038K(667648K)->540541K(667648K)
[207.337s][info][gc,metaspace   ] GC(670) Metaspace: 18598K(18752K)->18598K(18752K) NonClass: 15934K(16000K)->15934K(16000K) Class: 2664K(2752K)->2664K(2752K)
[207.337s][info][gc             ] GC(670) Pause Young (Allocation Failure) 650M->545M(869M) 59.228ms
[207.337s][info][gc,cpu         ] GC(670) User=0.12s Sys=0.00s Real=0.05s
[207.531s][info][gc,start       ] GC(671) Pause Young (Allocation Failure)
[207.564s][info][gc,heap        ] GC(671) PSYoungGen: 128736K(222208K)->17632K(214528K) Eden: 111104K(111104K)->0K(111616K) From: 17632K(111104K)->17632K(102912K)
[207.564s][info][gc,heap        ] GC(671) ParOldGen: 540541K(667648K)->540541K(667648K)
[207.564s][info][gc,metaspace   ] GC(671) Metaspace: 18598K(18752K)->18598K(18752K) NonClass: 15934K(16000K)->15934K(16000K) Class: 2664K(2752K)->2664K(2752K)
[207.564s][info][gc             ] GC(671) Pause Young (Allocation Failure) 653M->545M(861M) 33.702ms
[207.564s][info][gc,cpu         ] GC(671) User=0.06s Sys=0.00s Real=0.03s
[207.731s][info][gc,start       ] GC(672) Pause Young (Allocation Failure)
[207.758s][info][gc,heap        ] GC(672) PSYoungGen: 129248K(214528K)->18265K(218624K) Eden: 111616K(111616K)->0K(111616K) From: 17632K(102912K)->18265K(107008K)
[207.758s][info][gc,heap        ] GC(672) ParOldGen: 540541K(667648K)->540541K(667648K)
[207.758s][info][gc,metaspace   ] GC(672) Metaspace: 18598K(18752K)->18598K(18752K) NonClass: 15934K(16000K)->15934K(16000K) Class: 2664K(2752K)->2664K(2752K)
[207.758s][info][gc             ] GC(672) Pause Young (Allocation Failure) 654M->545M(865M) 26.858ms
[207.758s][info][gc,cpu         ] GC(672) User=0.06s Sys=0.00s Real=0.03s
[207.834s][info][gc,start       ] GC(673) Pause Young (Allocation Failure)
[207.887s][info][gc,heap        ] GC(673) PSYoungGen: 129881K(218624K)->54057K(221184K) Eden: 111616K(111616K)->0K(118272K) From: 18265K(107008K)->54057K(102912K)
[207.887s][info][gc,heap        ] GC(673) ParOldGen: 540541K(667648K)->540541K(667648K)
[207.887s][info][gc,metaspace   ] GC(673) Metaspace: 18599K(18752K)->18599K(18752K) NonClass: 15935K(16000K)->15935K(16000K) Class: 2664K(2752K)->2664K(2752K)
[207.887s][info][gc             ] GC(673) Pause Young (Allocation Failure) 654M->580M(868M) 53.382ms
[207.887s][info][gc,cpu         ] GC(673) User=0.10s Sys=0.00s Real=0.06s
[207.990s][info][gc,start       ] GC(674) Pause Young (Allocation Failure)
[208.061s][info][gc,heap        ] GC(674) PSYoungGen: 172329K(221184K)->86633K(221696K) Eden: 118272K(118272K)->0K(118272K) From: 54057K(102912K)->86633K(103424K)
[208.061s][info][gc,heap        ] GC(674) ParOldGen: 540541K(667648K)->540541K(667648K)
[208.061s][info][gc,metaspace   ] GC(674) Metaspace: 18600K(18752K)->18600K(18752K) NonClass: 15936K(16000K)->15936K(16000K) Class: 2664K(2752K)->2664K(2752K)
[208.061s][info][gc             ] GC(674) Pause Young (Allocation Failure) 696M->612M(868M) 71.059ms
[208.061s][info][gc,cpu         ] GC(674) User=0.14s Sys=0.00s Real=0.07s
[208.178s][info][gc,start       ] GC(675) Pause Young (Allocation Failure)
[208.249s][info][gc,heap        ] GC(675) PSYoungGen: 204905K(221696K)->71353K(222720K) Eden: 118272K(118272K)->0K(111616K) From: 86633K(103424K)->71353K(111104K)
[208.249s][info][gc,heap        ] GC(675) ParOldGen: 540541K(667648K)->558173K(667648K)
[208.249s][info][gc,metaspace   ] GC(675) Metaspace: 18600K(18752K)->18600K(18752K) NonClass: 15936K(16000K)->15936K(16000K) Class: 2664K(2752K)->2664K(2752K)
[208.249s][info][gc             ] GC(675) Pause Young (Allocation Failure) 727M->614M(869M) 70.419ms
[208.249s][info][gc,cpu         ] GC(675) User=0.14s Sys=0.00s Real=0.07s
[208.385s][info][gc,start       ] GC(676) Pause Young (Allocation Failure)
[208.448s][info][gc,heap        ] GC(676) PSYoungGen: 182672K(222720K)->81328K(222720K) Eden: 111318K(111616K)->0K(111616K) From: 71353K(111104K)->81328K(111104K)
[208.448s][info][gc,heap        ] GC(676) ParOldGen: 558173K(667648K)->558831K(667648K)
[208.448s][info][gc,metaspace   ] GC(676) Metaspace: 18602K(18752K)->18602K(18752K) NonClass: 15938K(16000K)->15938K(16000K) Class: 2664K(2752K)->2664K(2752K)
[208.448s][info][gc             ] GC(676) Pause Young (Allocation Failure) 723M->625M(869M) 62.812ms
[208.448s][info][gc,cpu         ] GC(676) User=0.13s Sys=0.00s Real=0.07s
[208.590s][info][gc,start       ] GC(677) Pause Young (Allocation Failure)
[208.666s][info][gc,heap        ] GC(677) PSYoungGen: 192944K(222720K)->20064K(222720K) Eden: 111616K(111616K)->0K(111616K) From: 81328K(111104K)->20064K(111104K)
[208.666s][info][gc,heap        ] GC(677) ParOldGen: 558831K(667648K)->627942K(667648K)
[208.666s][info][gc,metaspace   ] GC(677) Metaspace: 18602K(18752K)->18602K(18752K) NonClass: 15938K(16000K)->15938K(16000K) Class: 2664K(2752K)->2664K(2752K)
[208.666s][info][gc             ] GC(677) Pause Young (Allocation Failure) 734M->632M(869M) 76.114ms
[208.666s][info][gc,cpu         ] GC(677) User=0.15s Sys=0.00s Real=0.07s
[208.816s][info][gc,start       ] GC(678) Pause Full (Allocation Failure)
[208.816s][info][gc,phases,start] GC(678) Marking Phase
[209.133s][info][gc,phases      ] GC(678) Marking Phase 316.698ms
[209.133s][info][gc,phases,start] GC(678) Summary Phase
[209.133s][info][gc,phases      ] GC(678) Summary Phase 0.024ms
[209.133s][info][gc,phases,start] GC(678) Forward
[209.255s][info][gc,phases      ] GC(678) Forward 121.602ms
[209.255s][info][gc,phases,start] GC(678) Adjust Pointers
[209.515s][info][gc,phases      ] GC(678) Adjust Pointers 260.303ms
[209.515s][info][gc,phases,start] GC(678) Compaction Phase
[209.651s][info][gc,phases      ] GC(678) Compaction Phase 136.192ms
[209.666s][info][gc,phases,start] GC(678) Post Compact
[209.669s][info][gc,phases      ] GC(678) Post Compact 2.203ms
[209.669s][info][gc,heap        ] GC(678) PSYoungGen: 131680K(222720K)->0K(222720K) Eden: 111616K(111616K)->0K(111616K) From: 20064K(111104K)->0K(111104K)
[209.669s][info][gc,heap        ] GC(678) ParOldGen: 627942K(667648K)->482355K(667648K)
[209.669s][info][gc,metaspace   ] GC(678) Metaspace: 18602K(18752K)->18602K(18752K) NonClass: 15938K(16000K)->15938K(16000K) Class: 2664K(2752K)->2664K(2752K)
[209.669s][info][gc             ] GC(678) Pause Full (Allocation Failure) 741M->471M(869M) 852.546ms
[209.669s][info][gc,cpu         ] GC(678) User=1.59s Sys=0.00s Real=0.86s
[209.820s][info][gc,start       ] GC(679) Pause Young (Allocation Failure)
[209.821s][info][gc,heap        ] GC(679) PSYoungGen: 111616K(222720K)->64K(222720K) Eden: 111616K(111616K)->0K(111616K) From: 0K(111104K)->64K(111104K)
[209.821s][info][gc,heap        ] GC(679) ParOldGen: 482355K(667648K)->482355K(667648K)
[209.821s][info][gc,metaspace   ] GC(679) Metaspace: 18602K(18752K)->18602K(18752K) NonClass: 15938K(16000K)->15938K(16000K) Class: 2664K(2752K)->2664K(2752K)
[209.821s][info][gc             ] GC(679) Pause Young (Allocation Failure) 580M->471M(869M) 1.543ms
[209.821s][info][gc,cpu         ] GC(679) User=0.00s Sys=0.00s Real=0.00s
[209.969s][info][gc,start       ] GC(680) Pause Young (Allocation Failure)
[209.971s][info][gc,heap        ] GC(680) PSYoungGen: 111680K(222720K)->64K(222720K) Eden: 111616K(111616K)->0K(111616K) From: 64K(111104K)->64K(111104K)
[209.971s][info][gc,heap        ] GC(680) ParOldGen: 482355K(667648K)->482371K(667648K)
[209.971s][info][gc,metaspace   ] GC(680) Metaspace: 18602K(18752K)->18602K(18752K) NonClass: 15938K(16000K)->15938K(16000K) Class: 2664K(2752K)->2664K(2752K)
[209.971s][info][gc             ] GC(680) Pause Young (Allocation Failure) 580M->471M(869M) 1.487ms
[209.971s][info][gc,cpu         ] GC(680) User=0.01s Sys=0.00s Real=0.00s
[210.117s][info][gc,start       ] GC(681) Pause Young (Allocation Failure)
[210.118s][info][gc,heap        ] GC(681) PSYoungGen: 111680K(222720K)->64K(222720K) Eden: 111616K(111616K)->0K(111616K) From: 64K(111104K)->64K(111104K)
[210.118s][info][gc,heap        ] GC(681) ParOldGen: 482371K(667648K)->482371K(667648K)
[210.118s][info][gc,metaspace   ] GC(681) Metaspace: 18602K(18752K)->18602K(18752K) NonClass: 15938K(16000K)->15938K(16000K) Class: 2664K(2752K)->2664K(2752K)
[210.119s][info][gc             ] GC(681) Pause Young (Allocation Failure) 580M->471M(869M) 1.463ms
[210.119s][info][gc,cpu         ] GC(681) User=0.00s Sys=0.00s Real=0.01s
[210.256s][info][gc,start       ] GC(682) Pause Young (Allocation Failure)
[210.263s][info][gc,heap        ] GC(682) PSYoungGen: 111680K(222720K)->4896K(222720K) Eden: 111616K(111616K)->0K(111616K) From: 64K(111104K)->4896K(111104K)
[210.263s][info][gc,heap        ] GC(682) ParOldGen: 482371K(667648K)->482371K(667648K)
[210.263s][info][gc,metaspace   ] GC(682) Metaspace: 18602K(18752K)->18602K(18752K) NonClass: 15938K(16000K)->15938K(16000K) Class: 2664K(2752K)->2664K(2752K)
[210.263s][info][gc             ] GC(682) Pause Young (Allocation Failure) 580M->475M(869M) 7.343ms
[210.263s][info][gc,cpu         ] GC(682) User=0.02s Sys=0.00s Real=0.01s
[210.364s][info][gc,start       ] GC(683) Pause Young (Allocation Failure)
[210.388s][info][gc,heap        ] GC(683) PSYoungGen: 116512K(222720K)->16960K(217600K) Eden: 111616K(111616K)->0K(111616K) From: 4896K(111104K)->16960K(105984K)
[210.388s][info][gc,heap        ] GC(683) ParOldGen: 482371K(667648K)->487243K(667648K)
[210.388s][info][gc,metaspace   ] GC(683) Metaspace: 18602K(18752K)->18602K(18752K) NonClass: 15938K(16000K)->15938K(16000K) Class: 2664K(2752K)->2664K(2752K)
[210.388s][info][gc             ] GC(683) Pause Young (Allocation Failure) 584M->492M(864M) 23.738ms
[210.388s][info][gc,cpu         ] GC(683) User=0.04s Sys=0.00s Real=0.03s
[210.498s][info][gc,start       ] GC(684) Pause Young (Allocation Failure)
[210.528s][info][gc,heap        ] GC(684) PSYoungGen: 128576K(217600K)->30080K(220160K) Eden: 111616K(111616K)->0K(111616K) From: 16960K(105984K)->30080K(108544K)
[210.528s][info][gc,heap        ] GC(684) ParOldGen: 487243K(667648K)->487243K(667648K)
[210.528s][info][gc,metaspace   ] GC(684) Metaspace: 18602K(18752K)->18602K(18752K) NonClass: 15938K(16000K)->15938K(16000K) Class: 2664K(2752K)->2664K(2752K)
[210.528s][info][gc             ] GC(684) Pause Young (Allocation Failure) 601M->505M(867M) 30.080ms
[210.528s][info][gc,cpu         ] GC(684) User=0.06s Sys=0.00s Real=0.03s
[210.601s][info][gc,start       ] GC(685) Pause Young (Allocation Failure)
[210.631s][info][gc,heap        ] GC(685) PSYoungGen: 141696K(220160K)->30528K(208896K) Eden: 111616K(111616K)->0K(119808K) From: 30080K(108544K)->30528K(89088K)
[210.631s][info][gc,heap        ] GC(685) ParOldGen: 487243K(667648K)->487243K(667648K)
[210.631s][info][gc,metaspace   ] GC(685) Metaspace: 18602K(18752K)->18602K(18752K) NonClass: 15938K(16000K)->15938K(16000K) Class: 2664K(2752K)->2664K(2752K)
[210.631s][info][gc             ] GC(685) Pause Young (Allocation Failure) 614M->505M(856M) 29.993ms
[210.631s][info][gc,cpu         ] GC(685) User=0.05s Sys=0.00s Real=0.03s
[210.740s][info][gc,start       ] GC(686) Pause Young (Allocation Failure)
[210.771s][info][gc,heap        ] GC(686) PSYoungGen: 150336K(208896K)->31680K(214528K) Eden: 119808K(119808K)->0K(119808K) From: 30528K(89088K)->31680K(94720K)
[210.772s][info][gc,heap        ] GC(686) ParOldGen: 487243K(667648K)->487243K(667648K)
[210.772s][info][gc,metaspace   ] GC(686) Metaspace: 18602K(18752K)->18602K(18752K) NonClass: 15938K(16000K)->15938K(16000K) Class: 2664K(2752K)->2664K(2752K)
[210.772s][info][gc             ] GC(686) Pause Young (Allocation Failure) 622M->506M(861M) 31.561ms
[210.772s][info][gc,cpu         ] GC(686) User=0.06s Sys=0.00s Real=0.03s
[210.876s][info][gc,start       ] GC(687) Pause Young (Allocation Failure)
[210.911s][info][gc,heap        ] GC(687) PSYoungGen: 151488K(214528K)->35072K(211456K) Eden: 119808K(119808K)->0K(129024K) From: 31680K(94720K)->35072K(82432K)
[210.911s][info][gc,heap        ] GC(687) ParOldGen: 487243K(667648K)->487243K(667648K)
[210.911s][info][gc,metaspace   ] GC(687) Metaspace: 18602K(18752K)->18602K(18752K) NonClass: 15938K(16000K)->15938K(16000K) Class: 2664K(2752K)->2664K(2752K)
[210.911s][info][gc             ] GC(687) Pause Young (Allocation Failure) 623M->510M(858M) 34.647ms
[210.911s][info][gc,cpu         ] GC(687) User=0.07s Sys=0.01s Real=0.04s
[211.021s][info][gc,start       ] GC(688) Pause Young (Allocation Failure)
[211.056s][info][gc,heap        ] GC(688) PSYoungGen: 164096K(211456K)->35040K(214528K) Eden: 129024K(129024K)->0K(129024K) From: 35072K(82432K)->35040K(85504K)
[211.056s][info][gc,heap        ] GC(688) ParOldGen: 487243K(667648K)->487243K(667648K)
[211.056s][info][gc,metaspace   ] GC(688) Metaspace: 18602K(18752K)->18602K(18752K) NonClass: 15938K(16000K)->15938K(16000K) Class: 2664K(2752K)->2664K(2752K)
[211.056s][info][gc             ] GC(688) Pause Young (Allocation Failure) 636M->510M(861M) 34.889ms
[211.056s][info][gc,cpu         ] GC(688) User=0.07s Sys=0.00s Real=0.03s
[211.197s][info][gc,start       ] GC(689) Pause Young (Allocation Failure)
[211.247s][info][gc,heap        ] GC(689) PSYoungGen: 164064K(214528K)->52368K(218112K) Eden: 129024K(129024K)->0K(136192K) From: 35040K(85504K)->52368K(81920K)
[211.247s][info][gc,heap        ] GC(689) ParOldGen: 487243K(667648K)->487243K(667648K)
[211.247s][info][gc,metaspace   ] GC(689) Metaspace: 18602K(18752K)->18602K(18752K) NonClass: 15938K(16000K)->15938K(16000K) Class: 2664K(2752K)->2664K(2752K)
[211.247s][info][gc             ] GC(689) Pause Young (Allocation Failure) 636M->526M(865M) 49.835ms
[211.247s][info][gc,cpu         ] GC(689) User=0.10s Sys=0.00s Real=0.05s
[211.415s][info][gc,start       ] GC(690) Pause Young (Allocation Failure)
[211.471s][info][gc,heap        ] GC(690) PSYoungGen: 188560K(218112K)->58448K(221184K) Eden: 136192K(136192K)->0K(136192K) From: 52368K(81920K)->58448K(84992K)
[211.471s][info][gc,heap        ] GC(690) ParOldGen: 487243K(667648K)->487243K(667648K)
[211.471s][info][gc,metaspace   ] GC(690) Metaspace: 18602K(18752K)->18602K(18752K) NonClass: 15938K(16000K)->15938K(16000K) Class: 2664K(2752K)->2664K(2752K)
[211.471s][info][gc             ] GC(690) Pause Young (Allocation Failure) 659M->532M(868M) 56.467ms
[211.471s][info][gc,cpu         ] GC(690) User=0.11s Sys=0.00s Real=0.06s
[211.679s][info][gc,start       ] GC(691) Pause Young (Allocation Failure)
[211.772s][info][gc,heap        ] GC(691) PSYoungGen: 194640K(221184K)->86192K(217088K) Eden: 136192K(136192K)->0K(128000K) From: 58448K(84992K)->86192K(89088K)
[211.772s][info][gc,heap        ] GC(691) ParOldGen: 487243K(667648K)->487243K(667648K)
[211.772s][info][gc,metaspace   ] GC(691) Metaspace: 18602K(18752K)->18602K(18752K) NonClass: 15938K(16000K)->15938K(16000K) Class: 2664K(2752K)->2664K(2752K)
[211.772s][info][gc             ] GC(691) Pause Young (Allocation Failure) 665M->559M(864M) 93.171ms
[211.772s][info][gc,cpu         ] GC(691) User=0.16s Sys=0.02s Real=0.09s
[211.895s][info][gc,start       ] GC(692) Pause Young (Allocation Failure)
[211.994s][info][gc,heap        ] GC(692) PSYoungGen: 214192K(217088K)->93776K(222208K) Eden: 128000K(128000K)->0K(128000K) From: 86192K(89088K)->93776K(94208K)
[211.994s][info][gc,heap        ] GC(692) ParOldGen: 487243K(667648K)->487243K(667648K)
[211.994s][info][gc,metaspace   ] GC(692) Metaspace: 18602K(18752K)->18602K(18752K) NonClass: 15938K(16000K)->15938K(16000K) Class: 2664K(2752K)->2664K(2752K)
[211.994s][info][gc             ] GC(692) Pause Young (Allocation Failure) 684M->567M(869M) 99.298ms
[211.994s][info][gc,cpu         ] GC(692) User=0.19s Sys=0.00s Real=0.10s
[212.134s][info][gc,start       ] GC(693) Pause Young (Allocation Failure)
[212.224s][info][gc,heap        ] GC(693) PSYoungGen: 221776K(222208K)->65008K(222720K) Eden: 128000K(128000K)->0K(111616K) From: 93776K(94208K)->65008K(111104K)
[212.224s][info][gc,heap        ] GC(693) ParOldGen: 487243K(667648K)->517379K(667648K)
[212.224s][info][gc,metaspace   ] GC(693) Metaspace: 18602K(18752K)->18602K(18752K) NonClass: 15938K(16000K)->15938K(16000K) Class: 2664K(2752K)->2664K(2752K)
[212.224s][info][gc             ] GC(693) Pause Young (Allocation Failure) 692M->568M(869M) 90.091ms
[212.224s][info][gc,cpu         ] GC(693) User=0.18s Sys=0.00s Real=0.09s
[212.349s][info][gc,start       ] GC(694) Pause Young (Allocation Failure)
[212.416s][info][gc,heap        ] GC(694) PSYoungGen: 176624K(222720K)->66880K(222720K) Eden: 111616K(111616K)->0K(111616K) From: 65008K(111104K)->66880K(111104K)
[212.416s][info][gc,heap        ] GC(694) ParOldGen: 517379K(667648K)->518963K(667648K)
[212.416s][info][gc,metaspace   ] GC(694) Metaspace: 18607K(18752K)->18607K(18752K) NonClass: 15943K(16000K)->15943K(16000K) Class: 2664K(2752K)->2664K(2752K)
[212.416s][info][gc             ] GC(694) Pause Young (Allocation Failure) 677M->572M(869M) 66.529ms
[212.416s][info][gc,cpu         ] GC(694) User=0.13s Sys=0.00s Real=0.06s
[212.540s][info][gc,start       ] GC(695) Pause Young (Allocation Failure)
[212.605s][info][gc,heap        ] GC(695) PSYoungGen: 178495K(222720K)->63488K(222720K) Eden: 111615K(111616K)->0K(111616K) From: 66880K(111104K)->63488K(111104K)
[212.605s][info][gc,heap        ] GC(695) ParOldGen: 518963K(667648K)->522371K(667648K)
[212.605s][info][gc,metaspace   ] GC(695) Metaspace: 18607K(18752K)->18607K(18752K) NonClass: 15943K(16000K)->15943K(16000K) Class: 2664K(2752K)->2664K(2752K)
[212.605s][info][gc             ] GC(695) Pause Young (Allocation Failure) 681M->572M(869M) 64.620ms
[212.605s][info][gc,cpu         ] GC(695) User=0.12s Sys=0.00s Real=0.06s
[212.748s][info][gc,start       ] GC(696) Pause Young (Allocation Failure)
[212.826s][info][gc,heap        ] GC(696) PSYoungGen: 175104K(222720K)->59200K(222720K) Eden: 111616K(111616K)->0K(111616K) From: 63488K(111104K)->59200K(111104K)
[212.826s][info][gc,heap        ] GC(696) ParOldGen: 522371K(667648K)->545804K(667648K)
[212.826s][info][gc,metaspace   ] GC(696) Metaspace: 18607K(18752K)->18607K(18752K) NonClass: 15943K(16000K)->15943K(16000K) Class: 2664K(2752K)->2664K(2752K)
[212.826s][info][gc             ] GC(696) Pause Young (Allocation Failure) 681M->590M(869M) 78.432ms
[212.826s][info][gc,cpu         ] GC(696) User=0.15s Sys=0.00s Real=0.07s
[213.017s][info][gc,start       ] GC(697) Pause Young (Allocation Failure)
[213.079s][info][gc,heap        ] GC(697) PSYoungGen: 170816K(222720K)->28256K(220672K) Eden: 111616K(111616K)->0K(111616K) From: 59200K(111104K)->28256K(109056K)
[213.079s][info][gc,heap        ] GC(697) ParOldGen: 545804K(667648K)->581132K(667648K)
[213.079s][info][gc,metaspace   ] GC(697) Metaspace: 18607K(18752K)->18607K(18752K) NonClass: 15943K(16000K)->15943K(16000K) Class: 2664K(2752K)->2664K(2752K)
[213.079s][info][gc             ] GC(697) Pause Young (Allocation Failure) 699M->595M(867M) 62.321ms
[213.079s][info][gc,cpu         ] GC(697) User=0.13s Sys=0.00s Real=0.07s
[213.404s][info][gc,start       ] GC(698) Pause Young (Allocation Failure)
[213.432s][info][gc,heap        ] GC(698) PSYoungGen: 139872K(220672K)->28384K(221696K) Eden: 111616K(111616K)->0K(111616K) From: 28256K(109056K)->28384K(110080K)
[213.432s][info][gc,heap        ] GC(698) ParOldGen: 581132K(667648K)->581132K(667648K)
[213.432s][info][gc,metaspace   ] GC(698) Metaspace: 18608K(18752K)->18608K(18752K) NonClass: 15944K(16000K)->15944K(16000K) Class: 2664K(2752K)->2664K(2752K)
[213.432s][info][gc             ] GC(698) Pause Young (Allocation Failure) 704M->595M(868M) 28.543ms
[213.432s][info][gc,cpu         ] GC(698) User=0.06s Sys=0.00s Real=0.03s
[213.698s][info][gc,start       ] GC(699) Pause Young (Allocation Failure)
[213.726s][info][gc,heap        ] GC(699) PSYoungGen: 140000K(221696K)->28336K(219136K) Eden: 111616K(111616K)->0K(116224K) From: 28384K(110080K)->28336K(102912K)
[213.726s][info][gc,heap        ] GC(699) ParOldGen: 581132K(667648K)->581132K(667648K)
[213.726s][info][gc,metaspace   ] GC(699) Metaspace: 18608K(18752K)->18608K(18752K) NonClass: 15944K(16000K)->15944K(16000K) Class: 2664K(2752K)->2664K(2752K)
[213.726s][info][gc             ] GC(699) Pause Young (Allocation Failure) 704M->595M(866M) 28.519ms
[213.726s][info][gc,cpu         ] GC(699) User=0.06s Sys=0.00s Real=0.02s
[213.984s][info][gc,start       ] GC(700) Pause Young (Allocation Failure)
[214.015s][info][gc,heap        ] GC(700) PSYoungGen: 144560K(219136K)->28336K(220672K) Eden: 116224K(116224K)->0K(116224K) From: 28336K(102912K)->28336K(104448K)
[214.015s][info][gc,heap        ] GC(700) ParOldGen: 581132K(667648K)->581132K(667648K)
[214.015s][info][gc,metaspace   ] GC(700) Metaspace: 18608K(18752K)->18608K(18752K) NonClass: 15944K(16000K)->15944K(16000K) Class: 2664K(2752K)->2664K(2752K)
[214.015s][info][gc             ] GC(700) Pause Young (Allocation Failure) 708M->595M(867M) 31.536ms
[214.015s][info][gc,cpu         ] GC(700) User=0.06s Sys=0.00s Real=0.03s
[214.257s][info][gc,start       ] GC(701) Pause Young (Allocation Failure)
[214.288s][info][gc,heap        ] GC(701) PSYoungGen: 144560K(220672K)->28352K(218112K) Eden: 116224K(116224K)->0K(123904K) From: 28336K(104448K)->28352K(94208K)
[214.288s][info][gc,heap        ] GC(701) ParOldGen: 581132K(667648K)->581132K(667648K)
[214.288s][info][gc,metaspace   ] GC(701) Metaspace: 18608K(18752K)->18608K(18752K) NonClass: 15944K(16000K)->15944K(16000K) Class: 2664K(2752K)->2664K(2752K)
[214.288s][info][gc             ] GC(701) Pause Young (Allocation Failure) 708M->595M(865M) 31.803ms
[214.288s][info][gc,cpu         ] GC(701) User=0.07s Sys=0.00s Real=0.04s
[214.579s][info][gc,start       ] GC(702) Pause Young (Allocation Failure)
[214.608s][info][gc,heap        ] GC(702) PSYoungGen: 152256K(218112K)->28528K(222208K) Eden: 123904K(123904K)->0K(123904K) From: 28352K(94208K)->28528K(98304K)
[214.608s][info][gc,heap        ] GC(702) ParOldGen: 581132K(667648K)->581132K(667648K)
[214.608s][info][gc,metaspace   ] GC(702) Metaspace: 18608K(18752K)->18608K(18752K) NonClass: 15944K(16000K)->15944K(16000K) Class: 2664K(2752K)->2664K(2752K)
[214.608s][info][gc             ] GC(702) Pause Young (Allocation Failure) 716M->595M(869M) 29.128ms
[214.608s][info][gc,cpu         ] GC(702) User=0.06s Sys=0.00s Real=0.03s
[214.776s][info][gc,start       ] GC(703) Pause Young (Allocation Failure)
[214.821s][info][gc,heap        ] GC(703) PSYoungGen: 152432K(222208K)->50720K(224768K) Eden: 123904K(123904K)->0K(132096K) From: 28528K(98304K)->50720K(92672K)
[214.821s][info][gc,heap        ] GC(703) ParOldGen: 581132K(667648K)->581132K(667648K)
[214.821s][info][gc,metaspace   ] GC(703) Metaspace: 18608K(18752K)->18608K(18752K) NonClass: 15944K(16000K)->15944K(16000K) Class: 2664K(2752K)->2664K(2752K)
[214.821s][info][gc             ] GC(703) Pause Young (Allocation Failure) 716M->617M(871M) 44.863ms
[214.821s][info][gc,cpu         ] GC(703) User=0.09s Sys=0.00s Real=0.05s
[214.894s][info][gc,start       ] GC(704) Pause Young (Allocation Failure)
[214.975s][info][gc,heap        ] GC(704) PSYoungGen: 182816K(224768K)->93664K(225792K) Eden: 132096K(132096K)->0K(132096K) From: 50720K(92672K)->93664K(93696K)
[214.975s][info][gc,heap        ] GC(704) ParOldGen: 581132K(667648K)->586076K(667648K)
[214.975s][info][gc,metaspace   ] GC(704) Metaspace: 18608K(18752K)->18608K(18752K) NonClass: 15944K(16000K)->15944K(16000K) Class: 2664K(2752K)->2664K(2752K)
[214.975s][info][gc             ] GC(704) Pause Young (Allocation Failure) 746M->663M(872M) 81.050ms
[214.975s][info][gc,cpu         ] GC(704) User=0.16s Sys=0.00s Real=0.08s
[215.172s][info][gc,start       ] GC(705) Pause Young (Allocation Failure)
[215.243s][info][gc,heap        ] GC(705) PSYoungGen: 225760K(225792K)->92336K(219648K) Eden: 132096K(132096K)->0K(111616K) From: 93664K(93696K)->92336K(108032K)
[215.243s][info][gc,heap        ] GC(705) ParOldGen: 586076K(667648K)->590900K(667648K)
[215.243s][info][gc,metaspace   ] GC(705) Metaspace: 18608K(18752K)->18608K(18752K) NonClass: 15944K(16000K)->15944K(16000K) Class: 2664K(2752K)->2664K(2752K)
[215.243s][info][gc             ] GC(705) Pause Young (Allocation Failure) 792M->667M(866M) 71.860ms
[215.243s][info][gc,cpu         ] GC(705) User=0.14s Sys=0.00s Real=0.07s
[215.422s][info][gc,start       ] GC(706) Pause Young (Allocation Failure)
[215.519s][info][gc,heap        ] GC(706) PSYoungGen: 203952K(219648K)->90838K(222720K) Eden: 111616K(111616K)->0K(111616K) From: 92336K(108032K)->90838K(111104K)
[215.519s][info][gc,heap        ] GC(706) ParOldGen: 590900K(667648K)->610028K(667648K)
[215.519s][info][gc,metaspace   ] GC(706) Metaspace: 18615K(18752K)->18615K(18752K) NonClass: 15951K(16000K)->15951K(16000K) Class: 2664K(2752K)->2664K(2752K)
[215.519s][info][gc             ] GC(706) Pause Young (Allocation Failure) 776M->684M(869M) 96.812ms
[215.519s][info][gc,cpu         ] GC(706) User=0.19s Sys=0.00s Real=0.10s
[215.701s][info][gc,start       ] GC(707) Pause Young (Allocation Failure)
[215.781s][info][gc,heap        ] GC(707) PSYoungGen: 202454K(222720K)->86470K(222720K) Eden: 111616K(111616K)->0K(111616K) From: 90838K(111104K)->86470K(111104K)
[215.781s][info][gc,heap        ] GC(707) ParOldGen: 610028K(667648K)->614396K(667648K)
[215.781s][info][gc,metaspace   ] GC(707) Metaspace: 18615K(18752K)->18615K(18752K) NonClass: 15951K(16000K)->15951K(16000K) Class: 2664K(2752K)->2664K(2752K)
[215.781s][info][gc             ] GC(707) Pause Young (Allocation Failure) 793M->684M(869M) 79.983ms
[215.781s][info][gc,cpu         ] GC(707) User=0.16s Sys=0.00s Real=0.08s
[215.990s][info][gc,start       ] GC(708) Pause Young (Allocation Failure)
[216.071s][info][gc,heap        ] GC(708) PSYoungGen: 198086K(222720K)->86534K(222720K) Eden: 111616K(111616K)->0K(111616K) From: 86470K(111104K)->86534K(111104K)
[216.071s][info][gc,heap        ] GC(708) ParOldGen: 614396K(667648K)->614460K(667648K)
[216.071s][info][gc,metaspace   ] GC(708) Metaspace: 18615K(18752K)->18615K(18752K) NonClass: 15951K(16000K)->15951K(16000K) Class: 2664K(2752K)->2664K(2752K)
[216.071s][info][gc             ] GC(708) Pause Young (Allocation Failure) 793M->684M(869M) 80.526ms
[216.071s][info][gc,cpu         ] GC(708) User=0.16s Sys=0.00s Real=0.08s
[216.225s][info][gc,start       ] GC(709) Pause Young (Allocation Failure)
[216.307s][info][gc,heap        ] GC(709) PSYoungGen: 198150K(222720K)->88390K(222720K) Eden: 111616K(111616K)->0K(111616K) From: 86534K(111104K)->88390K(111104K)
[216.307s][info][gc,heap        ] GC(709) ParOldGen: 614460K(667648K)->614660K(667648K)
[216.307s][info][gc,metaspace   ] GC(709) Metaspace: 18615K(18752K)->18615K(18752K) NonClass: 15951K(16000K)->15951K(16000K) Class: 2664K(2752K)->2664K(2752K)
[216.308s][info][gc             ] GC(709) Pause Young (Allocation Failure) 793M->686M(869M) 82.795ms
[216.308s][info][gc,cpu         ] GC(709) User=0.16s Sys=0.00s Real=0.09s
[216.418s][info][gc,start       ] GC(710) Pause Young (Allocation Failure)
[216.517s][info][gc,promotion   ] GC(710) Promotion failed
[216.517s][info][gc,heap        ] GC(710) PSYoungGen: 200006K(222720K)->200006K(222720K) Eden: 111616K(111616K)->111616K(111616K) From: 88390K(111104K)->88390K(111104K)
[216.517s][info][gc,heap        ] GC(710) ParOldGen: 614660K(667648K)->667644K(667648K)
[216.517s][info][gc,metaspace   ] GC(710) Metaspace: 18615K(18752K)->18615K(18752K) NonClass: 15951K(16000K)->15951K(16000K) Class: 2664K(2752K)->2664K(2752K)
[216.517s][info][gc             ] GC(710) Pause Young (Allocation Failure) 795M->847M(869M) 99.588ms
[216.517s][info][gc,cpu         ] GC(710) User=0.19s Sys=0.00s Real=0.10s
[216.517s][info][gc,start       ] GC(711) Pause Full (Allocation Failure)
[216.517s][info][gc,phases,start] GC(711) Marking Phase
[216.724s][info][gc,phases      ] GC(711) Marking Phase 206.906ms
[216.724s][info][gc,phases,start] GC(711) Summary Phase
[216.725s][info][gc,phases      ] GC(711) Summary Phase 0.050ms
[216.725s][info][gc,phases,start] GC(711) Forward
[216.822s][info][gc,phases      ] GC(711) Forward 96.983ms
[216.822s][info][gc,phases,start] GC(711) Adjust Pointers
[216.985s][info][gc,phases      ] GC(711) Adjust Pointers 163.597ms
[216.985s][info][gc,phases,start] GC(711) Compaction Phase
[217.075s][info][gc,phases      ] GC(711) Compaction Phase 89.462ms
[217.086s][info][gc,phases,start] GC(711) Post Compact
[217.089s][info][gc,phases      ] GC(711) Post Compact 2.608ms
[217.093s][info][gc,heap        ] GC(711) PSYoungGen: 200006K(222720K)->0K(222720K) Eden: 111616K(111616K)->0K(111616K) From: 88390K(111104K)->0K(111104K)
[217.093s][info][gc,heap        ] GC(711) ParOldGen: 667644K(667648K)->324510K(609792K)
[217.093s][info][gc,metaspace   ] GC(711) Metaspace: 18615K(18752K)->18615K(18752K) NonClass: 15951K(16000K)->15951K(16000K) Class: 2664K(2752K)->2664K(2752K)
[217.093s][info][gc             ] GC(711) Pause Full (Allocation Failure) 847M->316M(813M) 576.008ms
[217.094s][info][gc,cpu         ] GC(711) User=1.02s Sys=0.00s Real=0.57s
[217.154s][info][gc,start       ] GC(712) Pause Young (Allocation Failure)
[217.180s][info][gc,heap        ] GC(712) PSYoungGen: 111616K(222720K)->36768K(222720K) Eden: 111616K(111616K)->0K(111616K) From: 0K(111104K)->36768K(111104K)
[217.180s][info][gc,heap        ] GC(712) ParOldGen: 324510K(609792K)->324510K(609792K)
[217.180s][info][gc,metaspace   ] GC(712) Metaspace: 18615K(18752K)->18615K(18752K) NonClass: 15951K(16000K)->15951K(16000K) Class: 2664K(2752K)->2664K(2752K)
[217.180s][info][gc             ] GC(712) Pause Young (Allocation Failure) 425M->352M(813M) 25.458ms
[217.180s][info][gc,cpu         ] GC(712) User=0.05s Sys=0.00s Real=0.03s
[217.307s][info][gc,start       ] GC(713) Pause Young (Allocation Failure)
[217.338s][info][gc,heap        ] GC(713) PSYoungGen: 148384K(222720K)->51552K(222720K) Eden: 111616K(111616K)->0K(111616K) From: 36768K(111104K)->51552K(111104K)
[217.338s][info][gc,heap        ] GC(713) ParOldGen: 324510K(609792K)->324510K(609792K)
[217.338s][info][gc,metaspace   ] GC(713) Metaspace: 18615K(18752K)->18615K(18752K) NonClass: 15951K(16000K)->15951K(16000K) Class: 2664K(2752K)->2664K(2752K)
[217.338s][info][gc             ] GC(713) Pause Young (Allocation Failure) 461M->367M(813M) 30.822ms
[217.338s][info][gc,cpu         ] GC(713) User=0.06s Sys=0.00s Real=0.04s
[217.453s][info][gc,start       ] GC(714) Pause Young (Allocation Failure)
[217.482s][info][gc,heap        ] GC(714) PSYoungGen: 163168K(222720K)->51648K(222720K) Eden: 111616K(111616K)->0K(111616K) From: 51552K(111104K)->51648K(111104K)
[217.482s][info][gc,heap        ] GC(714) ParOldGen: 324510K(609792K)->324510K(609792K)
[217.482s][info][gc,metaspace   ] GC(714) Metaspace: 18615K(18752K)->18615K(18752K) NonClass: 15951K(16000K)->15951K(16000K) Class: 2664K(2752K)->2664K(2752K)
[217.482s][info][gc             ] GC(714) Pause Young (Allocation Failure) 476M->367M(813M) 28.900ms
[217.482s][info][gc,cpu         ] GC(714) User=0.05s Sys=0.01s Real=0.03s
[217.597s][info][gc,start       ] GC(715) Pause Young (Allocation Failure)
[217.627s][info][gc,heap        ] GC(715) PSYoungGen: 163264K(222720K)->14944K(222720K) Eden: 111616K(111616K)->0K(111616K) From: 51648K(111104K)->14944K(111104K)
[217.627s][info][gc,heap        ] GC(715) ParOldGen: 324510K(609792K)->361573K(609792K)
[217.627s][info][gc,metaspace   ] GC(715) Metaspace: 18615K(18752K)->18615K(18752K) NonClass: 15951K(16000K)->15951K(16000K) Class: 2664K(2752K)->2664K(2752K)
[217.627s][info][gc             ] GC(715) Pause Young (Allocation Failure) 476M->367M(813M) 30.847ms
[217.627s][info][gc,cpu         ] GC(715) User=0.06s Sys=0.00s Real=0.04s
[217.740s][info][gc,start       ] GC(716) Pause Young (Allocation Failure)
[217.752s][info][gc,heap        ] GC(716) PSYoungGen: 126560K(222720K)->256K(222720K) Eden: 111616K(111616K)->0K(111616K) From: 14944K(111104K)->256K(111104K)
[217.752s][info][gc,heap        ] GC(716) ParOldGen: 361573K(609792K)->376585K(609792K)
[217.752s][info][gc,metaspace   ] GC(716) Metaspace: 18615K(18752K)->18615K(18752K) NonClass: 15951K(16000K)->15951K(16000K) Class: 2664K(2752K)->2664K(2752K)
[217.752s][info][gc             ] GC(716) Pause Young (Allocation Failure) 476M->368M(813M) 12.284ms
[217.752s][info][gc,cpu         ] GC(716) User=0.03s Sys=0.00s Real=0.01s
[217.863s][info][gc,start       ] GC(717) Pause Young (Allocation Failure)
[217.864s][info][gc,heap        ] GC(717) PSYoungGen: 111872K(222720K)->128K(222720K) Eden: 111616K(111616K)->0K(111616K) From: 256K(111104K)->128K(111104K)
[217.864s][info][gc,heap        ] GC(717) ParOldGen: 376585K(609792K)->376801K(609792K)
[217.865s][info][gc,metaspace   ] GC(717) Metaspace: 18615K(18752K)->18615K(18752K) NonClass: 15951K(16000K)->15951K(16000K) Class: 2664K(2752K)->2664K(2752K)
[217.865s][info][gc             ] GC(717) Pause Young (Allocation Failure) 477M->368M(813M) 1.812ms
[217.865s][info][gc,cpu         ] GC(717) User=0.00s Sys=0.00s Real=0.00s
[217.976s][info][gc,start       ] GC(718) Pause Young (Allocation Failure)
[217.978s][info][gc,heap        ] GC(718) PSYoungGen: 111744K(222720K)->96K(222720K) Eden: 111616K(111616K)->0K(111616K) From: 128K(111104K)->96K(111104K)
[217.978s][info][gc,heap        ] GC(718) ParOldGen: 376801K(609792K)->376889K(609792K)
[217.978s][info][gc,metaspace   ] GC(718) Metaspace: 18615K(18752K)->18615K(18752K) NonClass: 15951K(16000K)->15951K(16000K) Class: 2664K(2752K)->2664K(2752K)
[217.978s][info][gc             ] GC(718) Pause Young (Allocation Failure) 477M->368M(813M) 1.708ms
[217.978s][info][gc,cpu         ] GC(718) User=0.00s Sys=0.00s Real=0.01s
[218.088s][info][gc,start       ] GC(719) Pause Young (Allocation Failure)
[218.090s][info][gc,heap        ] GC(719) PSYoungGen: 111712K(222720K)->96K(222720K) Eden: 111616K(111616K)->0K(111616K) From: 96K(111104K)->96K(111104K)
[218.090s][info][gc,heap        ] GC(719) ParOldGen: 376889K(609792K)->376969K(609792K)
[218.090s][info][gc,metaspace   ] GC(719) Metaspace: 18615K(18752K)->18615K(18752K) NonClass: 15951K(16000K)->15951K(16000K) Class: 2664K(2752K)->2664K(2752K)
[218.090s][info][gc             ] GC(719) Pause Young (Allocation Failure) 477M->368M(813M) 1.739ms
[218.090s][info][gc,cpu         ] GC(719) User=0.01s Sys=0.00s Real=0.00s
[218.198s][info][gc,start       ] GC(720) Pause Young (Allocation Failure)
[218.199s][info][gc,heap        ] GC(720) PSYoungGen: 111712K(222720K)->128K(222720K) Eden: 111616K(111616K)->0K(111616K) From: 96K(111104K)->128K(111104K)
[218.200s][info][gc,heap        ] GC(720) ParOldGen: 376969K(609792K)->377057K(609792K)
[218.200s][info][gc,metaspace   ] GC(720) Metaspace: 18615K(18752K)->18615K(18752K) NonClass: 15951K(16000K)->15951K(16000K) Class: 2664K(2752K)->2664K(2752K)
[218.200s][info][gc             ] GC(720) Pause Young (Allocation Failure) 477M->368M(813M) 1.799ms
[218.200s][info][gc,cpu         ] GC(720) User=0.00s Sys=0.00s Real=0.00s
[218.311s][info][gc,start       ] GC(721) Pause Young (Allocation Failure)
[218.313s][info][gc,heap        ] GC(721) PSYoungGen: 111744K(222720K)->96K(222720K) Eden: 111616K(111616K)->0K(111616K) From: 128K(111104K)->96K(111104K)
[218.313s][info][gc,heap        ] GC(721) ParOldGen: 377057K(609792K)->377161K(609792K)
[218.313s][info][gc,metaspace   ] GC(721) Metaspace: 18615K(18752K)->18615K(18752K) NonClass: 15951K(16000K)->15951K(16000K) Class: 2664K(2752K)->2664K(2752K)
[218.313s][info][gc             ] GC(721) Pause Young (Allocation Failure) 477M->368M(813M) 1.711ms
[218.313s][info][gc,cpu         ] GC(721) User=0.00s Sys=0.00s Real=0.00s
[218.435s][info][gc,start       ] GC(722) Pause Young (Allocation Failure)
[218.440s][info][gc,heap        ] GC(722) PSYoungGen: 111712K(222720K)->2944K(222720K) Eden: 111616K(111616K)->0K(111616K) From: 96K(111104K)->2944K(111104K)
[218.440s][info][gc,heap        ] GC(722) ParOldGen: 377161K(609792K)->377241K(609792K)
[218.440s][info][gc,metaspace   ] GC(722) Metaspace: 18615K(18752K)->18615K(18752K) NonClass: 15951K(16000K)->15951K(16000K) Class: 2664K(2752K)->2664K(2752K)
[218.440s][info][gc             ] GC(722) Pause Young (Allocation Failure) 477M->371M(813M) 4.954ms
[218.440s][info][gc,cpu         ] GC(722) User=0.01s Sys=0.00s Real=0.01s
[218.516s][info][gc,start       ] GC(723) Pause Young (Allocation Failure)
[218.543s][info][gc,heap        ] GC(723) PSYoungGen: 114560K(222720K)->16928K(129024K) Eden: 111616K(111616K)->0K(111616K) From: 2944K(111104K)->16928K(17408K)
[218.543s][info][gc,heap        ] GC(723) ParOldGen: 377241K(609792K)->380177K(609792K)
[218.543s][info][gc,metaspace   ] GC(723) Metaspace: 18619K(18752K)->18619K(18752K) NonClass: 15954K(16000K)->15954K(16000K) Class: 2664K(2752K)->2664K(2752K)
[218.543s][info][gc             ] GC(723) Pause Young (Allocation Failure) 480M->387M(721M) 26.829ms
[218.543s][info][gc,cpu         ] GC(723) User=0.06s Sys=0.00s Real=0.03s
[218.658s][info][gc,start       ] GC(724) Pause Young (Allocation Failure)
[218.718s][info][gc,heap        ] GC(724) PSYoungGen: 128544K(129024K)->46539K(219648K) Eden: 111616K(111616K)->0K(112128K) From: 16928K(17408K)->46539K(107520K)
[218.718s][info][gc,heap        ] GC(724) ParOldGen: 380177K(609792K)->380177K(609792K)
[218.718s][info][gc,metaspace   ] GC(724) Metaspace: 18619K(18752K)->18619K(18752K) NonClass: 15954K(16000K)->15954K(16000K) Class: 2664K(2752K)->2664K(2752K)
[218.718s][info][gc             ] GC(724) Pause Young (Allocation Failure) 496M->416M(810M) 60.044ms
[218.718s][info][gc,cpu         ] GC(724) User=0.12s Sys=0.00s Real=0.06s
[218.800s][info][gc,start       ] GC(725) Pause Young (Allocation Failure)
[218.862s][info][gc,heap        ] GC(725) PSYoungGen: 158667K(219648K)->51499K(219136K) Eden: 112128K(112128K)->0K(112128K) From: 46539K(107520K)->51499K(107008K)
[218.862s][info][gc,heap        ] GC(725) ParOldGen: 380177K(609792K)->380177K(609792K)
[218.862s][info][gc,metaspace   ] GC(725) Metaspace: 18619K(18752K)->18619K(18752K) NonClass: 15954K(16000K)->15954K(16000K) Class: 2664K(2752K)->2664K(2752K)
[218.862s][info][gc             ] GC(725) Pause Young (Allocation Failure) 526M->421M(809M) 61.748ms
[218.862s][info][gc,cpu         ] GC(725) User=0.12s Sys=0.00s Real=0.06s
[218.959s][info][gc,start       ] GC(726) Pause Young (Allocation Failure)
[219.022s][info][gc,heap        ] GC(726) PSYoungGen: 163627K(219136K)->52747K(224768K) Eden: 112128K(112128K)->0K(116736K) From: 51499K(107008K)->52747K(108032K)
[219.022s][info][gc,heap        ] GC(726) ParOldGen: 380177K(609792K)->380177K(609792K)
[219.022s][info][gc,metaspace   ] GC(726) Metaspace: 18619K(18752K)->18619K(18752K) NonClass: 15954K(16000K)->15954K(16000K) Class: 2664K(2752K)->2664K(2752K)
[219.022s][info][gc             ] GC(726) Pause Young (Allocation Failure) 531M->422M(815M) 63.653ms
[219.022s][info][gc,cpu         ] GC(726) User=0.13s Sys=0.00s Real=0.06s
[219.133s][info][gc,start       ] GC(727) Pause Young (Allocation Failure)
[219.199s][info][gc,heap        ] GC(727) PSYoungGen: 169483K(224768K)->39339K(156160K) Eden: 116736K(116736K)->0K(116736K) From: 52747K(108032K)->39339K(39424K)
[219.199s][info][gc,heap        ] GC(727) ParOldGen: 380177K(609792K)->397097K(609792K)
[219.199s][info][gc,metaspace   ] GC(727) Metaspace: 18619K(18752K)->18619K(18752K) NonClass: 15954K(16000K)->15954K(16000K) Class: 2664K(2752K)->2664K(2752K)
[219.199s][info][gc             ] GC(727) Pause Young (Allocation Failure) 536M->426M(748M) 66.555ms
[219.199s][info][gc,cpu         ] GC(727) User=0.13s Sys=0.00s Real=0.07s
[219.293s][info][gc,start       ] GC(728) Pause Young (Allocation Failure)
[219.343s][info][gc,heap        ] GC(728) PSYoungGen: 156075K(156160K)->9792K(223744K) Eden: 116736K(116736K)->0K(120320K) From: 39339K(39424K)->9792K(103424K)
[219.343s][info][gc,heap        ] GC(728) ParOldGen: 397097K(609792K)->426809K(609792K)
[219.343s][info][gc,metaspace   ] GC(728) Metaspace: 18619K(18752K)->18619K(18752K) NonClass: 15954K(16000K)->15954K(16000K) Class: 2664K(2752K)->2664K(2752K)
[219.343s][info][gc             ] GC(728) Pause Young (Allocation Failure) 540M->426M(814M) 50.013ms
[219.343s][info][gc,cpu         ] GC(728) User=0.09s Sys=0.00s Real=0.05s
[219.454s][info][gc,start       ] GC(729) Pause Young (Allocation Failure)
[219.474s][info][gc,heap        ] GC(729) PSYoungGen: 130112K(223744K)->13120K(220672K) Eden: 120320K(120320K)->0K(120320K) From: 9792K(103424K)->13120K(100352K)
[219.474s][info][gc,heap        ] GC(729) ParOldGen: 426809K(609792K)->431785K(609792K)
[219.474s][info][gc,metaspace   ] GC(729) Metaspace: 18619K(18752K)->18619K(18752K) NonClass: 15954K(16000K)->15954K(16000K) Class: 2664K(2752K)->2664K(2752K)
[219.474s][info][gc             ] GC(729) Pause Young (Allocation Failure) 543M->434M(811M) 20.522ms
[219.474s][info][gc,cpu         ] GC(729) User=0.04s Sys=0.00s Real=0.02s
[219.595s][info][gc,start       ] GC(730) Pause Young (Allocation Failure)
[219.624s][info][gc,heap        ] GC(730) PSYoungGen: 133440K(220672K)->26896K(216576K) Eden: 120320K(120320K)->0K(131584K) From: 13120K(100352K)->26896K(84992K)
[219.624s][info][gc,heap        ] GC(730) ParOldGen: 431785K(609792K)->433057K(609792K)
[219.624s][info][gc,metaspace   ] GC(730) Metaspace: 18619K(18752K)->18619K(18752K) NonClass: 15954K(16000K)->15954K(16000K) Class: 2664K(2752K)->2664K(2752K)
[219.624s][info][gc             ] GC(730) Pause Young (Allocation Failure) 551M->449M(807M) 28.859ms
[219.624s][info][gc,cpu         ] GC(730) User=0.06s Sys=0.00s Real=0.03s
[219.817s][info][gc,start       ] GC(731) Pause Young (Allocation Failure)
[219.845s][info][gc,heap        ] GC(731) PSYoungGen: 158480K(216576K)->27072K(221696K) Eden: 131584K(131584K)->0K(131584K) From: 26896K(84992K)->27072K(90112K)
[219.845s][info][gc,heap        ] GC(731) ParOldGen: 433057K(609792K)->433057K(609792K)
[219.845s][info][gc,metaspace   ] GC(731) Metaspace: 18619K(18752K)->18619K(18752K) NonClass: 15954K(16000K)->15954K(16000K) Class: 2664K(2752K)->2664K(2752K)
[219.845s][info][gc             ] GC(731) Pause Young (Allocation Failure) 577M->449M(812M) 28.552ms
[219.845s][info][gc,cpu         ] GC(731) User=0.06s Sys=0.00s Real=0.03s
[220.092s][info][gc,start       ] GC(732) Pause Young (Allocation Failure)
[220.120s][info][gc,heap        ] GC(732) PSYoungGen: 158656K(221696K)->27152K(215552K) Eden: 131584K(131584K)->0K(142336K) From: 27072K(90112K)->27152K(73216K)
[220.120s][info][gc,heap        ] GC(732) ParOldGen: 433057K(609792K)->433057K(609792K)
[220.120s][info][gc,metaspace   ] GC(732) Metaspace: 18619K(18752K)->18619K(18752K) NonClass: 15954K(16000K)->15954K(16000K) Class: 2664K(2752K)->2664K(2752K)
[220.120s][info][gc             ] GC(732) Pause Young (Allocation Failure) 577M->449M(806M) 28.025ms
[220.120s][info][gc,cpu         ] GC(732) User=0.05s Sys=0.00s Real=0.03s
[220.359s][info][gc,start       ] GC(733) Pause Young (Allocation Failure)
[220.389s][info][gc,heap        ] GC(733) PSYoungGen: 169488K(215552K)->27168K(221696K) Eden: 142336K(142336K)->0K(142336K) From: 27152K(73216K)->27168K(79360K)
[220.389s][info][gc,heap        ] GC(733) ParOldGen: 433057K(609792K)->433057K(609792K)
[220.389s][info][gc,metaspace   ] GC(733) Metaspace: 18619K(18752K)->18619K(18752K) NonClass: 15954K(16000K)->15954K(16000K) Class: 2664K(2752K)->2664K(2752K)
[220.389s][info][gc             ] GC(733) Pause Young (Allocation Failure) 588M->449M(812M) 29.959ms
[220.389s][info][gc,cpu         ] GC(733) User=0.06s Sys=0.00s Real=0.03s
[220.569s][info][gc,start       ] GC(734) Pause Young (Allocation Failure)
[220.622s][info][gc,heap        ] GC(734) PSYoungGen: 169504K(221696K)->50432K(223744K) Eden: 142336K(142336K)->0K(149504K) From: 27168K(79360K)->50432K(74240K)
[220.622s][info][gc,heap        ] GC(734) ParOldGen: 433057K(609792K)->433057K(609792K)
[220.622s][info][gc,metaspace   ] GC(734) Metaspace: 18619K(18752K)->18619K(18752K) NonClass: 15954K(16000K)->15954K(16000K) Class: 2664K(2752K)->2664K(2752K)
[220.622s][info][gc             ] GC(734) Pause Young (Allocation Failure) 588M->472M(814M) 53.873ms
[220.622s][info][gc,cpu         ] GC(734) User=0.11s Sys=0.00s Real=0.05s
[220.789s][info][gc,start       ] GC(735) Pause Young (Allocation Failure)
[220.858s][info][gc,heap        ] GC(735) PSYoungGen: 199936K(223744K)->68160K(227328K) Eden: 149504K(149504K)->0K(149504K) From: 50432K(74240K)->68160K(77824K)
[220.858s][info][gc,heap        ] GC(735) ParOldGen: 433057K(609792K)->433057K(609792K)
[220.858s][info][gc,metaspace   ] GC(735) Metaspace: 18619K(18752K)->18619K(18752K) NonClass: 15954K(16000K)->15954K(16000K) Class: 2664K(2752K)->2664K(2752K)
[220.858s][info][gc             ] GC(735) Pause Young (Allocation Failure) 618M->489M(817M) 69.604ms
[220.858s][info][gc,cpu         ] GC(735) User=0.13s Sys=0.00s Real=0.07s
[220.991s][info][gc,start       ] GC(736) Pause Young (Allocation Failure)
[221.068s][info][gc,heap        ] GC(736) PSYoungGen: 217664K(227328K)->68800K(231424K) Eden: 149504K(149504K)->0K(144384K) From: 68160K(77824K)->68800K(87040K)
[221.068s][info][gc,heap        ] GC(736) ParOldGen: 433057K(609792K)->433057K(609792K)
[221.068s][info][gc,metaspace   ] GC(736) Metaspace: 18619K(18752K)->18619K(18752K) NonClass: 15954K(16000K)->15954K(16000K) Class: 2664K(2752K)->2664K(2752K)
[221.068s][info][gc             ] GC(736) Pause Young (Allocation Failure) 635M->490M(821M) 76.563ms
[221.068s][info][gc,cpu         ] GC(736) User=0.13s Sys=0.02s Real=0.08s
[221.223s][info][gc,start       ] GC(737) Pause Young (Allocation Failure)
[221.298s][info][gc,heap        ] GC(737) PSYoungGen: 213184K(231424K)->74816K(219648K) Eden: 144384K(144384K)->0K(144384K) From: 68800K(87040K)->74816K(75264K)
[221.298s][info][gc,heap        ] GC(737) ParOldGen: 433057K(609792K)->433057K(609792K)
[221.298s][info][gc,metaspace   ] GC(737) Metaspace: 18619K(18752K)->18619K(18752K) NonClass: 15954K(16000K)->15954K(16000K) Class: 2664K(2752K)->2664K(2752K)
[221.298s][info][gc             ] GC(737) Pause Young (Allocation Failure) 631M->495M(810M) 74.578ms
[221.298s][info][gc,cpu         ] GC(737) User=0.15s Sys=0.00s Real=0.08s
[221.428s][info][gc,start       ] GC(738) Pause Young (Allocation Failure)
[221.499s][info][gc,heap        ] GC(738) PSYoungGen: 219200K(219648K)->71408K(221696K) Eden: 144384K(144384K)->0K(118784K) From: 74816K(75264K)->71408K(102912K)
[221.499s][info][gc,heap        ] GC(738) ParOldGen: 433057K(609792K)->436537K(609792K)
[221.499s][info][gc,metaspace   ] GC(738) Metaspace: 18620K(18752K)->18620K(18752K) NonClass: 15956K(16000K)->15956K(16000K) Class: 2664K(2752K)->2664K(2752K)
[221.499s][info][gc             ] GC(738) Pause Young (Allocation Failure) 636M->496M(812M) 70.857ms
[221.499s][info][gc,cpu         ] GC(738) User=0.14s Sys=0.00s Real=0.07s
[221.613s][info][gc,start       ] GC(739) Pause Young (Allocation Failure)
[221.683s][info][gc,heap        ] GC(739) PSYoungGen: 190192K(221696K)->74640K(193536K) Eden: 118784K(118784K)->0K(118784K) From: 71408K(102912K)->74640K(74752K)
[221.683s][info][gc,heap        ] GC(739) ParOldGen: 436537K(609792K)->436601K(609792K)
[221.683s][info][gc,metaspace   ] GC(739) Metaspace: 18620K(18752K)->18620K(18752K) NonClass: 15956K(16000K)->15956K(16000K) Class: 2664K(2752K)->2664K(2752K)
[221.683s][info][gc             ] GC(739) Pause Young (Allocation Failure) 612M->499M(784M) 69.937ms
[221.683s][info][gc,cpu         ] GC(739) User=0.14s Sys=0.00s Real=0.07s
[221.825s][info][gc,start       ] GC(740) Pause Young (Allocation Failure)
[221.907s][info][gc,heap        ] GC(740) PSYoungGen: 193424K(193536K)->63328K(222720K) Eden: 118784K(118784K)->0K(111616K) From: 74640K(74752K)->63328K(111104K)
[221.907s][info][gc,heap        ] GC(740) ParOldGen: 436601K(609792K)->460010K(609792K)
[221.907s][info][gc,metaspace   ] GC(740) Metaspace: 18620K(18752K)->18620K(18752K) NonClass: 15956K(16000K)->15956K(16000K) Class: 2664K(2752K)->2664K(2752K)
[221.907s][info][gc             ] GC(740) Pause Young (Allocation Failure) 615M->511M(813M) 81.914ms
[221.907s][info][gc,cpu         ] GC(740) User=0.16s Sys=0.00s Real=0.08s
[222.153s][info][gc,start       ] GC(741) Pause Young (Allocation Failure)
[222.212s][info][gc,heap        ] GC(741) PSYoungGen: 174944K(222720K)->63200K(222720K) Eden: 111616K(111616K)->0K(111616K) From: 63328K(111104K)->63200K(111104K)
[222.212s][info][gc,heap        ] GC(741) ParOldGen: 460010K(609792K)->460210K(609792K)
[222.212s][info][gc,metaspace   ] GC(741) Metaspace: 18620K(18752K)->18620K(18752K) NonClass: 15956K(16000K)->15956K(16000K) Class: 2664K(2752K)->2664K(2752K)
[222.212s][info][gc             ] GC(741) Pause Young (Allocation Failure) 620M->511M(813M) 59.039ms
[222.212s][info][gc,cpu         ] GC(741) User=0.12s Sys=0.00s Real=0.06s
[222.520s][info][gc,start       ] GC(742) Pause Young (Allocation Failure)
[222.579s][info][gc,heap        ] GC(742) PSYoungGen: 174816K(222720K)->63472K(219648K) Eden: 111616K(111616K)->0K(111616K) From: 63200K(111104K)->63472K(108032K)
[222.579s][info][gc,heap        ] GC(742) ParOldGen: 460210K(609792K)->460274K(609792K)
[222.579s][info][gc,metaspace   ] GC(742) Metaspace: 18620K(18752K)->18620K(18752K) NonClass: 15956K(16000K)->15956K(16000K) Class: 2664K(2752K)->2664K(2752K)
[222.579s][info][gc             ] GC(742) Pause Young (Allocation Failure) 620M->511M(810M) 58.906ms
[222.579s][info][gc,cpu         ] GC(742) User=0.12s Sys=0.00s Real=0.06s
[222.838s][info][gc,start       ] GC(743) Pause Young (Allocation Failure)
[222.897s][info][gc,heap        ] GC(743) PSYoungGen: 175088K(219648K)->63328K(221184K) Eden: 111616K(111616K)->0K(111616K) From: 63472K(108032K)->63328K(109568K)
[222.897s][info][gc,heap        ] GC(743) ParOldGen: 460274K(609792K)->460274K(609792K)
[222.897s][info][gc,metaspace   ] GC(743) Metaspace: 18620K(18752K)->18620K(18752K) NonClass: 15956K(16000K)->15956K(16000K) Class: 2664K(2752K)->2664K(2752K)
[222.897s][info][gc             ] GC(743) Pause Young (Allocation Failure) 620M->511M(811M) 58.991ms
[222.897s][info][gc,cpu         ] GC(743) User=0.12s Sys=0.00s Real=0.06s
[223.116s][info][gc,start       ] GC(744) Pause Young (Allocation Failure)
[223.178s][info][gc,heap        ] GC(744) PSYoungGen: 174944K(221184K)->65904K(223232K) Eden: 111616K(111616K)->0K(116224K) From: 63328K(109568K)->65904K(107008K)
[223.178s][info][gc,heap        ] GC(744) ParOldGen: 460274K(609792K)->460274K(609792K)
[223.178s][info][gc,metaspace   ] GC(744) Metaspace: 18620K(18752K)->18620K(18752K) NonClass: 15956K(16000K)->15956K(16000K) Class: 2664K(2752K)->2664K(2752K)
[223.178s][info][gc             ] GC(744) Pause Young (Allocation Failure) 620M->513M(813M) 62.221ms
[223.178s][info][gc,cpu         ] GC(744) User=0.13s Sys=0.00s Real=0.07s
[223.318s][info][gc,start       ] GC(745) Pause Young (Allocation Failure)
[223.396s][info][gc,heap        ] GC(745) PSYoungGen: 182128K(223232K)->89296K(205824K) Eden: 116224K(116224K)->0K(116224K) From: 65904K(107008K)->89296K(89600K)
[223.396s][info][gc,heap        ] GC(745) ParOldGen: 460274K(609792K)->460274K(609792K)
[223.396s][info][gc,metaspace   ] GC(745) Metaspace: 18620K(18752K)->18620K(18752K) NonClass: 15956K(16000K)->15956K(16000K) Class: 2664K(2752K)->2664K(2752K)
[223.396s][info][gc             ] GC(745) Pause Young (Allocation Failure) 627M->536M(796M) 78.505ms
[223.396s][info][gc,cpu         ] GC(745) User=0.16s Sys=0.00s Real=0.07s
[223.464s][info][gc,start       ] GC(746) Pause Young (Allocation Failure)
[223.572s][info][gc,heap        ] GC(746) PSYoungGen: 205520K(205824K)->93008K(222720K) Eden: 116224K(116224K)->0K(111616K) From: 89296K(89600K)->93008K(111104K)
[223.573s][info][gc,heap        ] GC(746) ParOldGen: 460274K(609792K)->501378K(609792K)
[223.573s][info][gc,metaspace   ] GC(746) Metaspace: 18628K(18752K)->18628K(18752K) NonClass: 15964K(16000K)->15964K(16000K) Class: 2664K(2752K)->2664K(2752K)
[223.573s][info][gc             ] GC(746) Pause Young (Allocation Failure) 650M->580M(813M) 108.193ms
[223.573s][info][gc,cpu         ] GC(746) User=0.22s Sys=0.00s Real=0.11s
[223.641s][info][gc,start       ] GC(747) Pause Young (Allocation Failure)
[223.736s][info][gc,heap        ] GC(747) PSYoungGen: 204624K(222720K)->111088K(222720K) Eden: 111616K(111616K)->0K(111616K) From: 93008K(111104K)->111088K(111104K)
[223.736s][info][gc,heap        ] GC(747) ParOldGen: 501378K(609792K)->526434K(609792K)
[223.736s][info][gc,metaspace   ] GC(747) Metaspace: 18628K(18752K)->18628K(18752K) NonClass: 15964K(16000K)->15964K(16000K) Class: 2664K(2752K)->2664K(2752K)
[223.736s][info][gc             ] GC(747) Pause Young (Allocation Failure) 689M->622M(813M) 95.623ms
[223.736s][info][gc,cpu         ] GC(747) User=0.19s Sys=0.00s Real=0.09s
[223.984s][info][gc,start       ] GC(748) Pause Young (Allocation Failure)
[224.089s][info][gc,heap        ] GC(748) PSYoungGen: 222704K(222720K)->111088K(222720K) Eden: 111616K(111616K)->0K(111616K) From: 111088K(111104K)->111088K(111104K)
[224.090s][info][gc,heap        ] GC(748) ParOldGen: 526434K(609792K)->552706K(609792K)
[224.090s][info][gc,metaspace   ] GC(748) Metaspace: 18628K(18752K)->18628K(18752K) NonClass: 15964K(16000K)->15964K(16000K) Class: 2664K(2752K)->2664K(2752K)
[224.090s][info][gc             ] GC(748) Pause Young (Allocation Failure) 731M->648M(813M) 105.806ms
[224.090s][info][gc,cpu         ] GC(748) User=0.20s Sys=0.01s Real=0.11s
[224.273s][info][gc,start       ] GC(749) Pause Young (Allocation Failure)
[224.379s][info][gc,heap        ] GC(749) PSYoungGen: 222704K(222720K)->111094K(222720K) Eden: 111616K(111616K)->0K(111616K) From: 111088K(111104K)->111094K(111104K)
[224.379s][info][gc,heap        ] GC(749) ParOldGen: 552706K(609792K)->583930K(609792K)
[224.379s][info][gc,metaspace   ] GC(749) Metaspace: 18628K(18752K)->18628K(18752K) NonClass: 15964K(16000K)->15964K(16000K) Class: 2664K(2752K)->2664K(2752K)
[224.379s][info][gc             ] GC(749) Pause Young (Allocation Failure) 757M->678M(813M) 106.409ms
[224.379s][info][gc,cpu         ] GC(749) User=0.22s Sys=0.00s Real=0.11s
[224.459s][info][gc,start       ] GC(750) Pause Young (Allocation Failure)
[224.572s][info][gc,heap        ] GC(750) PSYoungGen: 222710K(222720K)->111104K(222720K) Eden: 111616K(111616K)->0K(111616K) From: 111094K(111104K)->111104K(111104K)
[224.572s][info][gc,heap        ] GC(750) ParOldGen: 583930K(609792K)->615729K(615936K)
[224.572s][info][gc,metaspace   ] GC(750) Metaspace: 18629K(18816K)->18629K(18816K) NonClass: 15965K(16064K)->15965K(16064K) Class: 2664K(2752K)->2664K(2752K)
[224.572s][info][gc             ] GC(750) Pause Young (Allocation Failure) 787M->709M(819M) 113.139ms
[224.572s][info][gc,cpu         ] GC(750) User=0.22s Sys=0.01s Real=0.11s
[224.665s][info][gc,start       ] GC(751) Pause Full (Allocation Failure)
[224.665s][info][gc,phases,start] GC(751) Marking Phase
[225.034s][info][gc,phases      ] GC(751) Marking Phase 368.755ms
[225.034s][info][gc,phases,start] GC(751) Summary Phase
[225.034s][info][gc,phases      ] GC(751) Summary Phase 0.037ms
[225.034s][info][gc,phases,start] GC(751) Forward
[225.178s][info][gc,phases      ] GC(751) Forward 143.205ms
[225.178s][info][gc,phases,start] GC(751) Adjust Pointers
[225.454s][info][gc,phases      ] GC(751) Adjust Pointers 275.936ms
[225.454s][info][gc,phases,start] GC(751) Compaction Phase
[225.639s][info][gc,phases      ] GC(751) Compaction Phase 185.109ms
[225.647s][info][gc,phases,start] GC(751) Post Compact
[225.649s][info][gc,phases      ] GC(751) Post Compact 2.401ms
[225.650s][info][gc,heap        ] GC(751) PSYoungGen: 222720K(222720K)->0K(222720K) Eden: 111616K(111616K)->0K(111616K) From: 111104K(111104K)->0K(111104K)
[225.650s][info][gc,heap        ] GC(751) ParOldGen: 615729K(615936K)->571944K(667648K)
[225.650s][info][gc,metaspace   ] GC(751) Metaspace: 18629K(18816K)->18629K(18816K) NonClass: 15965K(16064K)->15965K(16064K) Class: 2664K(2752K)->2664K(2752K)
[225.650s][info][gc             ] GC(751) Pause Full (Allocation Failure) 818M->558M(869M) 984.255ms
[225.650s][info][gc,cpu         ] GC(751) User=1.86s Sys=0.00s Real=0.99s
[225.779s][info][gc,start       ] GC(752) Pause Young (Allocation Failure)
[225.827s][info][gc,heap        ] GC(752) PSYoungGen: 111616K(222720K)->23629K(222720K) Eden: 111616K(111616K)->0K(111616K) From: 0K(111104K)->23629K(111104K)
[225.827s][info][gc,heap        ] GC(752) ParOldGen: 571944K(667648K)->571944K(667648K)
[225.827s][info][gc,metaspace   ] GC(752) Metaspace: 18629K(18816K)->18629K(18816K) NonClass: 15965K(16064K)->15965K(16064K) Class: 2664K(2752K)->2664K(2752K)
[225.827s][info][gc             ] GC(752) Pause Young (Allocation Failure) 667M->581M(869M) 47.735ms
[225.827s][info][gc,cpu         ] GC(752) User=0.09s Sys=0.00s Real=0.04s
[225.983s][info][gc,start       ] GC(753) Pause Young (Allocation Failure)
[226.048s][info][gc,heap        ] GC(753) PSYoungGen: 135245K(222720K)->39533K(222720K) Eden: 111616K(111616K)->0K(111616K) From: 23629K(111104K)->39533K(111104K)
[226.048s][info][gc,heap        ] GC(753) ParOldGen: 571944K(667648K)->571944K(667648K)
[226.048s][info][gc,metaspace   ] GC(753) Metaspace: 18629K(18816K)->18629K(18816K) NonClass: 15965K(16064K)->15965K(16064K) Class: 2664K(2752K)->2664K(2752K)
[226.048s][info][gc             ] GC(753) Pause Young (Allocation Failure) 690M->597M(869M) 64.815ms
[226.048s][info][gc,cpu         ] GC(753) User=0.13s Sys=0.00s Real=0.07s
[226.202s][info][gc,start       ] GC(754) Pause Young (Allocation Failure)
[226.266s][info][gc,heap        ] GC(754) PSYoungGen: 151149K(222720K)->39533K(222720K) Eden: 111616K(111616K)->0K(111616K) From: 39533K(111104K)->39533K(111104K)
[226.266s][info][gc,heap        ] GC(754) ParOldGen: 571944K(667648K)->571944K(667648K)
[226.266s][info][gc,metaspace   ] GC(754) Metaspace: 18629K(18816K)->18629K(18816K) NonClass: 15965K(16064K)->15965K(16064K) Class: 2664K(2752K)->2664K(2752K)
[226.266s][info][gc             ] GC(754) Pause Young (Allocation Failure) 706M->597M(869M) 63.500ms
[226.266s][info][gc,cpu         ] GC(754) User=0.12s Sys=0.00s Real=0.06s
[226.420s][info][gc,start       ] GC(755) Pause Young (Allocation Failure)
[226.484s][info][gc,heap        ] GC(755) PSYoungGen: 151149K(222720K)->16960K(222720K) Eden: 111616K(111616K)->0K(111616K) From: 39533K(111104K)->16960K(111104K)
[226.484s][info][gc,heap        ] GC(755) ParOldGen: 571944K(667648K)->594564K(667648K)
[226.484s][info][gc,metaspace   ] GC(755) Metaspace: 18629K(18816K)->18629K(18816K) NonClass: 15965K(16064K)->15965K(16064K) Class: 2664K(2752K)->2664K(2752K)
[226.484s][info][gc             ] GC(755) Pause Young (Allocation Failure) 706M->597M(869M) 63.341ms
[226.484s][info][gc,cpu         ] GC(755) User=0.12s Sys=0.00s Real=0.06s
[226.639s][info][gc,start       ] GC(756) Pause Young (Allocation Failure)
[226.665s][info][gc,heap        ] GC(756) PSYoungGen: 128576K(222720K)->32K(222720K) Eden: 111616K(111616K)->0K(111616K) From: 16960K(111104K)->32K(111104K)
[226.665s][info][gc,heap        ] GC(756) ParOldGen: 594564K(667648K)->611532K(667648K)
[226.665s][info][gc,metaspace   ] GC(756) Metaspace: 18629K(18816K)->18629K(18816K) NonClass: 15965K(16064K)->15965K(16064K) Class: 2664K(2752K)->2664K(2752K)
[226.665s][info][gc             ] GC(756) Pause Young (Allocation Failure) 706M->597M(869M) 25.653ms
[226.665s][info][gc,cpu         ] GC(756) User=0.05s Sys=0.00s Real=0.02s
[226.817s][info][gc,start       ] GC(757) Pause Young (Allocation Failure)
[226.819s][info][gc,heap        ] GC(757) PSYoungGen: 111648K(222720K)->64K(222720K) Eden: 111616K(111616K)->0K(111616K) From: 32K(111104K)->64K(111104K)
[226.819s][info][gc,heap        ] GC(757) ParOldGen: 611532K(667648K)->611532K(667648K)
[226.819s][info][gc,metaspace   ] GC(757) Metaspace: 18629K(18816K)->18629K(18816K) NonClass: 15965K(16064K)->15965K(16064K) Class: 2664K(2752K)->2664K(2752K)
[226.819s][info][gc             ] GC(757) Pause Young (Allocation Failure) 706M->597M(869M) 1.854ms
[226.819s][info][gc,cpu         ] GC(757) User=0.01s Sys=0.00s Real=0.01s
[226.968s][info][gc,start       ] GC(758) Pause Young (Allocation Failure)
[226.970s][info][gc,heap        ] GC(758) PSYoungGen: 111680K(222720K)->64K(222720K) Eden: 111616K(111616K)->0K(111616K) From: 64K(111104K)->64K(111104K)
[226.970s][info][gc,heap        ] GC(758) ParOldGen: 611532K(667648K)->611532K(667648K)
[226.970s][info][gc,metaspace   ] GC(758) Metaspace: 18629K(18816K)->18629K(18816K) NonClass: 15965K(16064K)->15965K(16064K) Class: 2664K(2752K)->2664K(2752K)
[226.970s][info][gc             ] GC(758) Pause Young (Allocation Failure) 706M->597M(869M) 1.930ms
[226.970s][info][gc,cpu         ] GC(758) User=0.01s Sys=0.00s Real=0.00s
[227.118s][info][gc,start       ] GC(759) Pause Young (Allocation Failure)
[227.119s][info][gc,heap        ] GC(759) PSYoungGen: 111680K(222720K)->64K(222720K) Eden: 111616K(111616K)->0K(111616K) From: 64K(111104K)->64K(111104K)
[227.119s][info][gc,heap        ] GC(759) ParOldGen: 611532K(667648K)->611532K(667648K)
[227.119s][info][gc,metaspace   ] GC(759) Metaspace: 18629K(18816K)->18629K(18816K) NonClass: 15965K(16064K)->15965K(16064K) Class: 2664K(2752K)->2664K(2752K)
[227.119s][info][gc             ] GC(759) Pause Young (Allocation Failure) 706M->597M(869M) 1.877ms
[227.119s][info][gc,cpu         ] GC(759) User=0.00s Sys=0.00s Real=0.00s
[227.267s][info][gc,start       ] GC(760) Pause Young (Allocation Failure)
[227.269s][info][gc,heap        ] GC(760) PSYoungGen: 111680K(222720K)->64K(222720K) Eden: 111616K(111616K)->0K(111616K) From: 64K(111104K)->64K(111104K)
[227.269s][info][gc,heap        ] GC(760) ParOldGen: 611532K(667648K)->611532K(667648K)
[227.269s][info][gc,metaspace   ] GC(760) Metaspace: 18629K(18816K)->18629K(18816K) NonClass: 15965K(16064K)->15965K(16064K) Class: 2664K(2752K)->2664K(2752K)
[227.269s][info][gc             ] GC(760) Pause Young (Allocation Failure) 706M->597M(869M) 1.899ms
[227.269s][info][gc,cpu         ] GC(760) User=0.00s Sys=0.00s Real=0.00s
[227.418s][info][gc,start       ] GC(761) Pause Young (Allocation Failure)
[227.419s][info][gc,heap        ] GC(761) PSYoungGen: 111680K(222720K)->64K(222720K) Eden: 111616K(111616K)->0K(111616K) From: 64K(111104K)->64K(111104K)
[227.419s][info][gc,heap        ] GC(761) ParOldGen: 611532K(667648K)->611532K(667648K)
[227.419s][info][gc,metaspace   ] GC(761) Metaspace: 18629K(18816K)->18629K(18816K) NonClass: 15965K(16064K)->15965K(16064K) Class: 2664K(2752K)->2664K(2752K)
[227.419s][info][gc             ] GC(761) Pause Young (Allocation Failure) 706M->597M(869M) 1.873ms
[227.419s][info][gc,cpu         ] GC(761) User=0.00s Sys=0.00s Real=0.00s
[227.560s][info][gc,start       ] GC(762) Pause Young (Allocation Failure)
[227.567s][info][gc,heap        ] GC(762) PSYoungGen: 111680K(222720K)->4544K(222720K) Eden: 111616K(111616K)->0K(111616K) From: 64K(111104K)->4544K(111104K)
[227.567s][info][gc,heap        ] GC(762) ParOldGen: 611532K(667648K)->611532K(667648K)
[227.567s][info][gc,metaspace   ] GC(762) Metaspace: 18629K(18816K)->18629K(18816K) NonClass: 15965K(16064K)->15965K(16064K) Class: 2664K(2752K)->2664K(2752K)
[227.567s][info][gc             ] GC(762) Pause Young (Allocation Failure) 706M->601M(869M) 7.171ms
[227.567s][info][gc,cpu         ] GC(762) User=0.01s Sys=0.00s Real=0.00s
[227.671s][info][gc,start       ] GC(763) Pause Young (Allocation Failure)
[227.691s][info][gc,heap        ] GC(763) PSYoungGen: 116160K(222720K)->14048K(222720K) Eden: 111616K(111616K)->0K(111616K) From: 4544K(111104K)->14048K(111104K)
[227.691s][info][gc,heap        ] GC(763) ParOldGen: 611532K(667648K)->616036K(667648K)
[227.691s][info][gc,metaspace   ] GC(763) Metaspace: 18629K(18816K)->18629K(18816K) NonClass: 15965K(16064K)->15965K(16064K) Class: 2664K(2752K)->2664K(2752K)
[227.691s][info][gc             ] GC(763) Pause Young (Allocation Failure) 710M->615M(869M) 20.515ms
[227.691s][info][gc,cpu         ] GC(763) User=0.04s Sys=0.00s Real=0.02s
[227.784s][info][gc,start       ] GC(764) Pause Young (Allocation Failure)
[227.817s][info][gc,heap        ] GC(764) PSYoungGen: 125664K(222720K)->11584K(222720K) Eden: 111616K(111616K)->0K(111616K) From: 14048K(111104K)->11584K(111104K)
[227.817s][info][gc,heap        ] GC(764) ParOldGen: 616036K(667648K)->630068K(667648K)
[227.817s][info][gc,metaspace   ] GC(764) Metaspace: 18629K(18816K)->18629K(18816K) NonClass: 15965K(16064K)->15965K(16064K) Class: 2664K(2752K)->2664K(2752K)
[227.817s][info][gc             ] GC(764) Pause Young (Allocation Failure) 724M->626M(869M) 33.224ms
[227.817s][info][gc,cpu         ] GC(764) User=0.06s Sys=0.01s Real=0.03s
[227.914s][info][gc,start       ] GC(765) Pause Full (Allocation Failure)
[227.914s][info][gc,phases,start] GC(765) Marking Phase
[228.230s][info][gc,phases      ] GC(765) Marking Phase 315.766ms
[228.230s][info][gc,phases,start] GC(765) Summary Phase
[228.230s][info][gc,phases      ] GC(765) Summary Phase 0.028ms
[228.230s][info][gc,phases,start] GC(765) Forward
[228.345s][info][gc,phases      ] GC(765) Forward 115.036ms
[228.345s][info][gc,phases,start] GC(765) Adjust Pointers
[228.609s][info][gc,phases      ] GC(765) Adjust Pointers 263.707ms
[228.609s][info][gc,phases,start] GC(765) Compaction Phase
[228.758s][info][gc,phases      ] GC(765) Compaction Phase 149.092ms
[228.773s][info][gc,phases,start] GC(765) Post Compact
[228.776s][info][gc,phases      ] GC(765) Post Compact 2.194ms
[228.776s][info][gc,heap        ] GC(765) PSYoungGen: 123200K(222720K)->0K(222720K) Eden: 111616K(111616K)->0K(111616K) From: 11584K(111104K)->0K(111104K)
[228.776s][info][gc,heap        ] GC(765) ParOldGen: 630068K(667648K)->490651K(667648K)
[228.776s][info][gc,metaspace   ] GC(765) Metaspace: 18629K(18816K)->18629K(18816K) NonClass: 15965K(16064K)->15965K(16064K) Class: 2664K(2752K)->2664K(2752K)
[228.776s][info][gc             ] GC(765) Pause Full (Allocation Failure) 735M->479M(869M) 861.379ms
[228.776s][info][gc,cpu         ] GC(765) User=1.63s Sys=0.00s Real=0.86s
[228.877s][info][gc,start       ] GC(766) Pause Young (Allocation Failure)
[228.883s][info][gc,heap        ] GC(766) PSYoungGen: 111616K(222720K)->1440K(222720K) Eden: 111616K(111616K)->0K(111616K) From: 0K(111104K)->1440K(111104K)
[228.883s][info][gc,heap        ] GC(766) ParOldGen: 490651K(667648K)->490651K(667648K)
[228.883s][info][gc,metaspace   ] GC(766) Metaspace: 18629K(18816K)->18629K(18816K) NonClass: 15965K(16064K)->15965K(16064K) Class: 2664K(2752K)->2664K(2752K)
[228.883s][info][gc             ] GC(766) Pause Young (Allocation Failure) 588M->480M(869M) 5.841ms
[228.883s][info][gc,cpu         ] GC(766) User=0.01s Sys=0.00s Real=0.00s
[229.000s][info][gc,start       ] GC(767) Pause Young (Allocation Failure)
[229.007s][info][gc,heap        ] GC(767) PSYoungGen: 113056K(222720K)->4704K(222720K) Eden: 111616K(111616K)->0K(111616K) From: 1440K(111104K)->4704K(111104K)
[229.007s][info][gc,heap        ] GC(767) ParOldGen: 490651K(667648K)->492067K(667648K)
[229.007s][info][gc,metaspace   ] GC(767) Metaspace: 18634K(18880K)->18634K(18880K) NonClass: 15969K(16128K)->15969K(16128K) Class: 2664K(2752K)->2664K(2752K)
[229.007s][info][gc             ] GC(767) Pause Young (Allocation Failure) 589M->485M(869M) 7.823ms
[229.007s][info][gc,cpu         ] GC(767) User=0.02s Sys=0.01s Real=0.01s
[229.138s][info][gc,start       ] GC(768) Pause Young (Allocation Failure)
[229.148s][info][gc,heap        ] GC(768) PSYoungGen: 116320K(222720K)->3488K(222720K) Eden: 111616K(111616K)->0K(111616K) From: 4704K(111104K)->3488K(111104K)
[229.148s][info][gc,heap        ] GC(768) ParOldGen: 492067K(667648K)->496755K(667648K)
[229.148s][info][gc,metaspace   ] GC(768) Metaspace: 18634K(18880K)->18634K(18880K) NonClass: 15969K(16128K)->15969K(16128K) Class: 2664K(2752K)->2664K(2752K)
[229.148s][info][gc             ] GC(768) Pause Young (Allocation Failure) 594M->488M(869M) 10.030ms
[229.148s][info][gc,cpu         ] GC(768) User=0.02s Sys=0.00s Real=0.01s
[229.369s][info][gc,start       ] GC(769) Pause Young (Allocation Failure)
[229.374s][info][gc,heap        ] GC(769) PSYoungGen: 115104K(222720K)->64K(222720K) Eden: 111616K(111616K)->0K(111616K) From: 3488K(111104K)->64K(111104K)
[229.374s][info][gc,heap        ] GC(769) ParOldGen: 496755K(667648K)->500217K(667648K)
[229.374s][info][gc,metaspace   ] GC(769) Metaspace: 18634K(18880K)->18634K(18880K) NonClass: 15969K(16128K)->15969K(16128K) Class: 2664K(2752K)->2664K(2752K)
[229.374s][info][gc             ] GC(769) Pause Young (Allocation Failure) 597M->488M(869M) 5.090ms
[229.374s][info][gc,cpu         ] GC(769) User=0.01s Sys=0.00s Real=0.00s
[229.560s][info][gc,start       ] GC(770) Pause Young (Allocation Failure)
[229.563s][info][gc,heap        ] GC(770) PSYoungGen: 111680K(222720K)->192K(213504K) Eden: 111616K(111616K)->0K(111616K) From: 64K(111104K)->192K(101888K)
[229.563s][info][gc,heap        ] GC(770) ParOldGen: 500217K(667648K)->500249K(667648K)
[229.563s][info][gc,metaspace   ] GC(770) Metaspace: 18634K(18880K)->18634K(18880K) NonClass: 15969K(16128K)->15969K(16128K) Class: 2664K(2752K)->2664K(2752K)
[229.563s][info][gc             ] GC(770) Pause Young (Allocation Failure) 597M->488M(860M) 2.697ms
[229.563s][info][gc,cpu         ] GC(770) User=0.01s Sys=0.00s Real=0.00s
[229.743s][info][gc,start       ] GC(771) Pause Young (Allocation Failure)
[229.746s][info][gc,heap        ] GC(771) PSYoungGen: 111808K(213504K)->192K(112128K) Eden: 111616K(111616K)->0K(111616K) From: 192K(101888K)->192K(512K)
[229.746s][info][gc,heap        ] GC(771) ParOldGen: 500249K(667648K)->500249K(667648K)
[229.746s][info][gc,metaspace   ] GC(771) Metaspace: 18634K(18880K)->18634K(18880K) NonClass: 15969K(16128K)->15969K(16128K) Class: 2664K(2752K)->2664K(2752K)
[229.746s][info][gc             ] GC(771) Pause Young (Allocation Failure) 597M->488M(761M) 3.064ms
[229.746s][info][gc,cpu         ] GC(771) User=0.00s Sys=0.00s Real=0.00s
[229.951s][info][gc,start       ] GC(772) Pause Young (Allocation Failure)
[229.953s][info][gc,heap        ] GC(772) PSYoungGen: 111808K(112128K)->192K(203776K) Eden: 111616K(111616K)->0K(114688K) From: 192K(512K)->192K(89088K)
[229.954s][info][gc,heap        ] GC(772) ParOldGen: 500249K(667648K)->500249K(667648K)
[229.954s][info][gc,metaspace   ] GC(772) Metaspace: 18634K(18880K)->18634K(18880K) NonClass: 15969K(16128K)->15969K(16128K) Class: 2664K(2752K)->2664K(2752K)
[229.954s][info][gc             ] GC(772) Pause Young (Allocation Failure) 597M->488M(851M) 2.994ms
[229.954s][info][gc,cpu         ] GC(772) User=0.01s Sys=0.00s Real=0.00s
[230.087s][info][gc,start       ] GC(773) Pause Young (Allocation Failure)
[230.103s][info][gc,heap        ] GC(773) PSYoungGen: 114880K(203776K)->13248K(128000K) Eden: 114688K(114688K)->0K(114688K) From: 192K(89088K)->13248K(13312K)
[230.103s][info][gc,heap        ] GC(773) ParOldGen: 500249K(667648K)->500249K(667648K)
[230.103s][info][gc,metaspace   ] GC(773) Metaspace: 18634K(18880K)->18634K(18880K) NonClass: 15969K(16128K)->15969K(16128K) Class: 2664K(2752K)->2664K(2752K)
[230.103s][info][gc             ] GC(773) Pause Young (Allocation Failure) 600M->501M(777M) 16.188ms
[230.103s][info][gc,cpu         ] GC(773) User=0.03s Sys=0.00s Real=0.02s
[230.236s][info][gc,start       ] GC(774) Pause Young (Allocation Failure)
[230.252s][info][gc,heap        ] GC(774) PSYoungGen: 127936K(128000K)->13280K(193024K) Eden: 114688K(114688K)->0K(119296K) From: 13248K(13312K)->13280K(73728K)
[230.252s][info][gc,heap        ] GC(774) ParOldGen: 500249K(667648K)->500249K(667648K)
[230.252s][info][gc,metaspace   ] GC(774) Metaspace: 18634K(18880K)->18634K(18880K) NonClass: 15969K(16128K)->15969K(16128K) Class: 2664K(2752K)->2664K(2752K)
[230.252s][info][gc             ] GC(774) Pause Young (Allocation Failure) 613M->501M(840M) 15.702ms
[230.252s][info][gc,cpu         ] GC(774) User=0.02s Sys=0.00s Real=0.02s
[230.340s][info][gc,start       ] GC(775) Pause Young (Allocation Failure)
[230.381s][info][gc,heap        ] GC(775) PSYoungGen: 132576K(193024K)->50416K(199680K) Eden: 119296K(119296K)->0K(119296K) From: 13280K(73728K)->50416K(80384K)
[230.381s][info][gc,heap        ] GC(775) ParOldGen: 500249K(667648K)->500249K(667648K)
[230.381s][info][gc,metaspace   ] GC(775) Metaspace: 18634K(18880K)->18634K(18880K) NonClass: 15969K(16128K)->15969K(16128K) Class: 2664K(2752K)->2664K(2752K)
[230.381s][info][gc             ] GC(775) Pause Young (Allocation Failure) 617M->537M(847M) 40.162ms
[230.381s][info][gc,cpu         ] GC(775) User=0.08s Sys=0.00s Real=0.04s
[230.566s][info][gc,start       ] GC(776) Pause Young (Allocation Failure)
[230.616s][info][gc,heap        ] GC(776) PSYoungGen: 169712K(199680K)->68160K(202752K) Eden: 119296K(119296K)->0K(115712K) From: 50416K(80384K)->68160K(87040K)
[230.617s][info][gc,heap        ] GC(776) ParOldGen: 500249K(667648K)->500249K(667648K)
[230.617s][info][gc,metaspace   ] GC(776) Metaspace: 18644K(18880K)->18644K(18880K) NonClass: 15980K(16128K)->15980K(16128K) Class: 2664K(2752K)->2664K(2752K)
[230.617s][info][gc             ] GC(776) Pause Young (Allocation Failure) 654M->555M(850M) 50.358ms
[230.617s][info][gc,cpu         ] GC(776) User=0.09s Sys=0.01s Real=0.05s
[230.782s][info][gc,start       ] GC(777) Pause Young (Allocation Failure)
[230.850s][info][gc,heap        ] GC(777) PSYoungGen: 183872K(202752K)->80048K(214528K) Eden: 115712K(115712K)->0K(115712K) From: 68160K(87040K)->80048K(98816K)
[230.850s][info][gc,heap        ] GC(777) ParOldGen: 500249K(667648K)->500249K(667648K)
[230.850s][info][gc,metaspace   ] GC(777) Metaspace: 18644K(18880K)->18644K(18880K) NonClass: 15980K(16128K)->15980K(16128K) Class: 2664K(2752K)->2664K(2752K)
[230.850s][info][gc             ] GC(777) Pause Young (Allocation Failure) 668M->566M(861M) 67.959ms
[230.850s][info][gc,cpu         ] GC(777) User=0.14s Sys=0.00s Real=0.07s
[231.013s][info][gc,start       ] GC(778) Pause Young (Allocation Failure)
[231.093s][info][gc,heap        ] GC(778) PSYoungGen: 195760K(214528K)->79888K(222720K) Eden: 115712K(115712K)->0K(111616K) From: 80048K(98816K)->79888K(111104K)
[231.093s][info][gc,heap        ] GC(778) ParOldGen: 500249K(667648K)->500399K(667648K)
[231.093s][info][gc,metaspace   ] GC(778) Metaspace: 18644K(18880K)->18644K(18880K) NonClass: 15980K(16128K)->15980K(16128K) Class: 2664K(2752K)->2664K(2752K)
[231.093s][info][gc             ] GC(778) Pause Young (Allocation Failure) 679M->566M(869M) 80.725ms
[231.093s][info][gc,cpu         ] GC(778) User=0.15s Sys=0.01s Real=0.08s
[231.247s][info][gc,start       ] GC(779) Pause Young (Allocation Failure)
[231.318s][info][gc,heap        ] GC(779) PSYoungGen: 191504K(222720K)->66864K(222720K) Eden: 111616K(111616K)->0K(111616K) From: 79888K(111104K)->66864K(111104K)
[231.318s][info][gc,heap        ] GC(779) ParOldGen: 500399K(667648K)->513511K(667648K)
[231.318s][info][gc,metaspace   ] GC(779) Metaspace: 18644K(18880K)->18644K(18880K) NonClass: 15980K(16128K)->15980K(16128K) Class: 2664K(2752K)->2664K(2752K)
[231.318s][info][gc             ] GC(779) Pause Young (Allocation Failure) 675M->566M(869M) 70.600ms
[231.318s][info][gc,cpu         ] GC(779) User=0.14s Sys=0.00s Real=0.08s
[231.472s][info][gc,start       ] GC(780) Pause Young (Allocation Failure)
[231.527s][info][gc,heap        ] GC(780) PSYoungGen: 178480K(222720K)->29664K(222720K) Eden: 111616K(111616K)->0K(111616K) From: 66864K(111104K)->29664K(111104K)
[231.527s][info][gc,heap        ] GC(780) ParOldGen: 513511K(667648K)->551202K(667648K)
[231.527s][info][gc,metaspace   ] GC(780) Metaspace: 18644K(18880K)->18644K(18880K) NonClass: 15980K(16128K)->15980K(16128K) Class: 2664K(2752K)->2664K(2752K)
[231.527s][info][gc             ] GC(780) Pause Young (Allocation Failure) 675M->567M(869M) 55.420ms
[231.527s][info][gc,cpu         ] GC(780) User=0.11s Sys=0.00s Real=0.06s
[231.681s][info][gc,start       ] GC(781) Pause Young (Allocation Failure)
[231.714s][info][gc,heap        ] GC(781) PSYoungGen: 141280K(222720K)->32K(222720K) Eden: 111616K(111616K)->0K(111616K) From: 29664K(111104K)->32K(111104K)
[231.714s][info][gc,heap        ] GC(781) ParOldGen: 551202K(667648K)->580974K(667648K)
[231.714s][info][gc,metaspace   ] GC(781) Metaspace: 18644K(18880K)->18644K(18880K) NonClass: 15980K(16128K)->15980K(16128K) Class: 2664K(2752K)->2664K(2752K)
[231.714s][info][gc             ] GC(781) Pause Young (Allocation Failure) 676M->567M(869M) 32.981ms
[231.714s][info][gc,cpu         ] GC(781) User=0.07s Sys=0.00s Real=0.03s
[231.866s][info][gc,start       ] GC(782) Pause Young (Allocation Failure)
[231.868s][info][gc,heap        ] GC(782) PSYoungGen: 111648K(222720K)->64K(222720K) Eden: 111616K(111616K)->0K(111616K) From: 32K(111104K)->64K(111104K)
[231.868s][info][gc,heap        ] GC(782) ParOldGen: 580974K(667648K)->580974K(667648K)
[231.868s][info][gc,metaspace   ] GC(782) Metaspace: 18644K(18880K)->18644K(18880K) NonClass: 15980K(16128K)->15980K(16128K) Class: 2664K(2752K)->2664K(2752K)
[231.868s][info][gc             ] GC(782) Pause Young (Allocation Failure) 676M->567M(869M) 1.792ms
[231.868s][info][gc,cpu         ] GC(782) User=0.00s Sys=0.00s Real=0.01s
[232.014s][info][gc,start       ] GC(783) Pause Young (Allocation Failure)
[232.016s][info][gc,heap        ] GC(783) PSYoungGen: 111680K(222720K)->64K(112128K) Eden: 111616K(111616K)->0K(111616K) From: 64K(111104K)->64K(512K)
[232.016s][info][gc,heap        ] GC(783) ParOldGen: 580974K(667648K)->580974K(667648K)
[232.016s][info][gc,metaspace   ] GC(783) Metaspace: 18644K(18880K)->18644K(18880K) NonClass: 15980K(16128K)->15980K(16128K) Class: 2664K(2752K)->2664K(2752K)
[232.016s][info][gc             ] GC(783) Pause Young (Allocation Failure) 676M->567M(761M) 1.845ms
[232.016s][info][gc,cpu         ] GC(783) User=0.00s Sys=0.00s Real=0.00s
[232.162s][info][gc,start       ] GC(784) Pause Young (Allocation Failure)
[232.164s][info][gc,heap        ] GC(784) PSYoungGen: 111680K(112128K)->64K(224768K) Eden: 111616K(111616K)->0K(115712K) From: 64K(512K)->64K(109056K)
[232.164s][info][gc,heap        ] GC(784) ParOldGen: 580974K(667648K)->580974K(667648K)
[232.164s][info][gc,metaspace   ] GC(784) Metaspace: 18644K(18880K)->18644K(18880K) NonClass: 15980K(16128K)->15980K(16128K) Class: 2664K(2752K)->2664K(2752K)
[232.164s][info][gc             ] GC(784) Pause Young (Allocation Failure) 676M->567M(871M) 1.832ms
[232.164s][info][gc,cpu         ] GC(784) User=0.01s Sys=0.00s Real=0.00s
[232.299s][info][gc,start       ] GC(785) Pause Young (Allocation Failure)
[232.311s][info][gc,heap        ] GC(785) PSYoungGen: 115776K(224768K)->8736K(124928K) Eden: 115712K(115712K)->0K(115712K) From: 64K(109056K)->8736K(9216K)
[232.311s][info][gc,heap        ] GC(785) ParOldGen: 580974K(667648K)->580974K(667648K)
[232.311s][info][gc,metaspace   ] GC(785) Metaspace: 18644K(18880K)->18644K(18880K) NonClass: 15980K(16128K)->15980K(16128K) Class: 2664K(2752K)->2664K(2752K)
[232.311s][info][gc             ] GC(785) Pause Young (Allocation Failure) 680M->575M(774M) 11.953ms
[232.311s][info][gc,cpu         ] GC(785) User=0.02s Sys=0.00s Real=0.01s
[232.427s][info][gc,start       ] GC(786) Pause Young (Allocation Failure)
[232.450s][info][gc,heap        ] GC(786) PSYoungGen: 124448K(124928K)->21632K(214016K) Eden: 115712K(115712K)->0K(123392K) From: 8736K(9216K)->21632K(90624K)
[232.450s][info][gc,heap        ] GC(786) ParOldGen: 580974K(667648K)->580974K(667648K)
[232.450s][info][gc,metaspace   ] GC(786) Metaspace: 18647K(18880K)->18647K(18880K) NonClass: 15983K(16128K)->15983K(16128K) Class: 2664K(2752K)->2664K(2752K)
[232.450s][info][gc             ] GC(786) Pause Young (Allocation Failure) 688M->588M(861M) 22.460ms
[232.450s][info][gc,cpu         ] GC(786) User=0.04s Sys=0.00s Real=0.03s
[232.543s][info][gc,start       ] GC(787) Pause Young (Allocation Failure)
[232.571s][info][gc,heap        ] GC(787) PSYoungGen: 145024K(214016K)->26368K(216576K) Eden: 123392K(123392K)->0K(123392K) From: 21632K(90624K)->26368K(93184K)
[232.571s][info][gc,heap        ] GC(787) ParOldGen: 580974K(667648K)->580974K(667648K)
[232.571s][info][gc,metaspace   ] GC(787) Metaspace: 18647K(18880K)->18647K(18880K) NonClass: 15983K(16128K)->15983K(16128K) Class: 2664K(2752K)->2664K(2752K)
[232.571s][info][gc             ] GC(787) Pause Young (Allocation Failure) 708M->593M(863M) 28.041ms
[232.571s][info][gc,cpu         ] GC(787) User=0.05s Sys=0.00s Real=0.03s
[232.654s][info][gc,start       ] GC(788) Pause Young (Allocation Failure)
[232.703s][info][gc,heap        ] GC(788) PSYoungGen: 149760K(216576K)->48864K(217088K) Eden: 123392K(123392K)->0K(129536K) From: 26368K(93184K)->48864K(87552K)
[232.703s][info][gc,heap        ] GC(788) ParOldGen: 580974K(667648K)->580974K(667648K)
[232.703s][info][gc,metaspace   ] GC(788) Metaspace: 18647K(18880K)->18647K(18880K) NonClass: 15983K(16128K)->15983K(16128K) Class: 2664K(2752K)->2664K(2752K)
[232.703s][info][gc             ] GC(788) Pause Young (Allocation Failure) 713M->615M(864M) 49.691ms
[232.704s][info][gc,cpu         ] GC(788) User=0.09s Sys=0.00s Real=0.05s
[232.793s][info][gc,start       ] GC(789) Pause Young (Allocation Failure)
[232.857s][info][gc,heap        ] GC(789) PSYoungGen: 178400K(217088K)->65088K(220160K) Eden: 129536K(129536K)->0K(129536K) From: 48864K(87552K)->65088K(90624K)
[232.857s][info][gc,heap        ] GC(789) ParOldGen: 580974K(667648K)->580974K(667648K)
[232.857s][info][gc,metaspace   ] GC(789) Metaspace: 18649K(18880K)->18649K(18880K) NonClass: 15985K(16128K)->15985K(16128K) Class: 2664K(2752K)->2664K(2752K)
[232.857s][info][gc             ] GC(789) Pause Young (Allocation Failure) 741M->630M(867M) 63.980ms
[232.857s][info][gc,cpu         ] GC(789) User=0.13s Sys=0.00s Real=0.06s
[232.958s][info][gc,start       ] GC(790) Pause Young (Allocation Failure)
[233.036s][info][gc,heap        ] GC(790) PSYoungGen: 194624K(220160K)->76256K(213504K) Eden: 129536K(129536K)->0K(114688K) From: 65088K(90624K)->76256K(98816K)
[233.036s][info][gc,heap        ] GC(790) ParOldGen: 580974K(667648K)->580974K(667648K)
[233.036s][info][gc,metaspace   ] GC(790) Metaspace: 18652K(18880K)->18652K(18880K) NonClass: 15987K(16128K)->15987K(16128K) Class: 2664K(2752K)->2664K(2752K)
[233.036s][info][gc             ] GC(790) Pause Young (Allocation Failure) 757M->641M(860M) 77.956ms
[233.036s][info][gc,cpu         ] GC(790) User=0.15s Sys=0.01s Real=0.07s
[233.168s][info][gc,start       ] GC(791) Pause Young (Allocation Failure)
[233.263s][info][gc,heap        ] GC(791) PSYoungGen: 190944K(213504K)->100000K(215040K) Eden: 114688K(114688K)->0K(114688K) From: 76256K(98816K)->100000K(100352K)
[233.263s][info][gc,heap        ] GC(791) ParOldGen: 580974K(667648K)->580974K(667648K)
[233.263s][info][gc,metaspace   ] GC(791) Metaspace: 18652K(18880K)->18652K(18880K) NonClass: 15987K(16128K)->15987K(16128K) Class: 2664K(2752K)->2664K(2752K)
[233.263s][info][gc             ] GC(791) Pause Young (Allocation Failure) 753M->665M(862M) 94.974ms
[233.263s][info][gc,cpu         ] GC(791) User=0.18s Sys=0.00s Real=0.09s
[233.386s][info][gc,start       ] GC(792) Pause Young (Allocation Failure)
[233.494s][info][gc,heap        ] GC(792) PSYoungGen: 214688K(215040K)->90720K(222720K) Eden: 114688K(114688K)->0K(111616K) From: 100000K(100352K)->90720K(111104K)
[233.494s][info][gc,heap        ] GC(792) ParOldGen: 580974K(667648K)->602614K(667648K)
[233.494s][info][gc,metaspace   ] GC(792) Metaspace: 18655K(18880K)->18655K(18880K) NonClass: 15991K(16128K)->15991K(16128K) Class: 2664K(2752K)->2664K(2752K)
[233.494s][info][gc             ] GC(792) Pause Young (Allocation Failure) 777M->677M(869M) 107.418ms
[233.494s][info][gc,cpu         ] GC(792) User=0.21s Sys=0.01s Real=0.11s
[233.591s][info][gc,start       ] GC(793) Pause Young (Allocation Failure)
[233.682s][info][gc,heap        ] GC(793) PSYoungGen: 202336K(222720K)->67552K(222720K) Eden: 111616K(111616K)->0K(111616K) From: 90720K(111104K)->67552K(111104K)
[233.682s][info][gc,heap        ] GC(793) ParOldGen: 602614K(667648K)->629942K(667648K)
[233.682s][info][gc,metaspace   ] GC(793) Metaspace: 18656K(18880K)->18656K(18880K) NonClass: 15992K(16128K)->15992K(16128K) Class: 2664K(2752K)->2664K(2752K)
[233.682s][info][gc             ] GC(793) Pause Young (Allocation Failure) 786M->681M(869M) 90.649ms
[233.682s][info][gc,cpu         ] GC(793) User=0.18s Sys=0.00s Real=0.09s
[233.807s][info][gc,start       ] GC(794) Pause Full (Allocation Failure)
[233.807s][info][gc,phases,start] GC(794) Marking Phase
[234.081s][info][gc,phases      ] GC(794) Marking Phase 274.008ms
[234.081s][info][gc,phases,start] GC(794) Summary Phase
[234.081s][info][gc,phases      ] GC(794) Summary Phase 0.026ms
[234.081s][info][gc,phases,start] GC(794) Forward
[234.185s][info][gc,phases      ] GC(794) Forward 104.115ms
[234.185s][info][gc,phases,start] GC(794) Adjust Pointers
[234.399s][info][gc,phases      ] GC(794) Adjust Pointers 213.835ms
[234.399s][info][gc,phases,start] GC(794) Compaction Phase
[234.521s][info][gc,phases      ] GC(794) Compaction Phase 122.446ms
[234.532s][info][gc,phases,start] GC(794) Post Compact
[234.534s][info][gc,phases      ] GC(794) Post Compact 2.316ms
[234.534s][info][gc,heap        ] GC(794) PSYoungGen: 179168K(222720K)->0K(222720K) Eden: 111616K(111616K)->0K(111616K) From: 67552K(111104K)->0K(111104K)
[234.534s][info][gc,heap        ] GC(794) ParOldGen: 629942K(667648K)->405945K(667648K)
[234.534s][info][gc,metaspace   ] GC(794) Metaspace: 18659K(18880K)->18659K(18880K) NonClass: 15994K(16128K)->15994K(16128K) Class: 2664K(2752K)->2664K(2752K)
[234.534s][info][gc             ] GC(794) Pause Full (Allocation Failure) 790M->396M(869M) 727.679ms
[234.534s][info][gc,cpu         ] GC(794) User=1.36s Sys=0.00s Real=0.73s
[234.658s][info][gc,start       ] GC(795) Pause Young (Allocation Failure)
[234.666s][info][gc,heap        ] GC(795) PSYoungGen: 111616K(222720K)->1408K(222720K) Eden: 111616K(111616K)->0K(111616K) From: 0K(111104K)->1408K(111104K)
[234.666s][info][gc,heap        ] GC(795) ParOldGen: 405945K(667648K)->405945K(667648K)
[234.666s][info][gc,metaspace   ] GC(795) Metaspace: 18665K(18880K)->18665K(18880K) NonClass: 16001K(16128K)->16001K(16128K) Class: 2664K(2752K)->2664K(2752K)
[234.666s][info][gc             ] GC(795) Pause Young (Allocation Failure) 505M->397M(869M) 8.039ms
[234.666s][info][gc,cpu         ] GC(795) User=0.02s Sys=0.00s Real=0.00s
[234.812s][info][gc,start       ] GC(796) Pause Young (Allocation Failure)
[234.823s][info][gc,heap        ] GC(796) PSYoungGen: 113024K(222720K)->4672K(222720K) Eden: 111616K(111616K)->0K(111616K) From: 1408K(111104K)->4672K(111104K)
[234.823s][info][gc,heap        ] GC(796) ParOldGen: 405945K(667648K)->405945K(667648K)
[234.823s][info][gc,metaspace   ] GC(796) Metaspace: 18677K(18880K)->18677K(18880K) NonClass: 16013K(16128K)->16013K(16128K) Class: 2664K(2752K)->2664K(2752K)
[234.823s][info][gc             ] GC(796) Pause Young (Allocation Failure) 506M->400M(869M) 10.953ms
[234.823s][info][gc,cpu         ] GC(796) User=0.02s Sys=0.00s Real=0.01s
[234.913s][info][gc,start       ] GC(797) Pause Young (Allocation Failure)
[234.920s][info][gc,heap        ] GC(797) PSYoungGen: 116288K(222720K)->3296K(222720K) Eden: 111616K(111616K)->0K(111616K) From: 4672K(111104K)->3296K(111104K)
[234.920s][info][gc,heap        ] GC(797) ParOldGen: 405945K(667648K)->407326K(667648K)
[234.920s][info][gc,metaspace   ] GC(797) Metaspace: 18691K(18880K)->18691K(18880K) NonClass: 16027K(16128K)->16027K(16128K) Class: 2664K(2752K)->2664K(2752K)
[234.920s][info][gc             ] GC(797) Pause Young (Allocation Failure) 509M->400M(869M) 7.171ms
[234.920s][info][gc,cpu         ] GC(797) User=0.01s Sys=0.00s Real=0.01s
[235.085s][info][gc,start       ] GC(798) Pause Young (Allocation Failure)
[235.091s][info][gc,heap        ] GC(798) PSYoungGen: 114912K(222720K)->192K(222720K) Eden: 111616K(111616K)->0K(111616K) From: 3296K(111104K)->192K(111104K)
[235.091s][info][gc,heap        ] GC(798) ParOldGen: 407326K(667648K)->410598K(667648K)
[235.091s][info][gc,metaspace   ] GC(798) Metaspace: 18691K(18880K)->18691K(18880K) NonClass: 16027K(16128K)->16027K(16128K) Class: 2664K(2752K)->2664K(2752K)
[235.091s][info][gc             ] GC(798) Pause Young (Allocation Failure) 509M->401M(869M) 6.431ms
[235.091s][info][gc,cpu         ] GC(798) User=0.01s Sys=0.00s Real=0.01s
[235.217s][info][gc,start       ] GC(799) Pause Young (Allocation Failure)
[235.243s][info][gc,heap        ] GC(799) PSYoungGen: 111808K(222720K)->25952K(222720K) Eden: 111616K(111616K)->0K(111616K) From: 192K(111104K)->25952K(111104K)
[235.243s][info][gc,heap        ] GC(799) ParOldGen: 410598K(667648K)->410750K(667648K)
[235.243s][info][gc,metaspace   ] GC(799) Metaspace: 18692K(18880K)->18692K(18880K) NonClass: 16028K(16128K)->16028K(16128K) Class: 2664K(2752K)->2664K(2752K)
[235.243s][info][gc             ] GC(799) Pause Young (Allocation Failure) 510M->426M(869M) 26.052ms
[235.243s][info][gc,cpu         ] GC(799) User=0.05s Sys=0.00s Real=0.03s
[235.352s][info][gc,start       ] GC(800) Pause Young (Allocation Failure)
[235.403s][info][gc,heap        ] GC(800) PSYoungGen: 137568K(222720K)->34656K(220672K) Eden: 111616K(111616K)->0K(111616K) From: 25952K(111104K)->34656K(109056K)
[235.403s][info][gc,heap        ] GC(800) ParOldGen: 410750K(667648K)->436766K(667648K)
[235.403s][info][gc,metaspace   ] GC(800) Metaspace: 18693K(18880K)->18693K(18880K) NonClass: 16028K(16128K)->16028K(16128K) Class: 2664K(2752K)->2664K(2752K)
[235.403s][info][gc             ] GC(800) Pause Young (Allocation Failure) 535M->460M(867M) 51.385ms
[235.403s][info][gc,cpu         ] GC(800) User=0.10s Sys=0.00s Real=0.05s
[235.556s][info][gc,start       ] GC(801) Pause Young (Allocation Failure)
[235.600s][info][gc,heap        ] GC(801) PSYoungGen: 146272K(220672K)->67656K(221696K) Eden: 111616K(111616K)->0K(111616K) From: 34656K(109056K)->67656K(110080K)
[235.600s][info][gc,heap        ] GC(801) ParOldGen: 436766K(667648K)->436766K(667648K)
[235.600s][info][gc,metaspace   ] GC(801) Metaspace: 18693K(18880K)->18693K(18880K) NonClass: 16028K(16128K)->16028K(16128K) Class: 2664K(2752K)->2664K(2752K)
[235.600s][info][gc             ] GC(801) Pause Young (Allocation Failure) 569M->492M(868M) 44.535ms
[235.600s][info][gc,cpu         ] GC(801) User=0.08s Sys=0.00s Real=0.05s
[235.696s][info][gc,start       ] GC(802) Pause Young (Allocation Failure)
[235.746s][info][gc,heap        ] GC(802) PSYoungGen: 179272K(221696K)->6304K(222720K) Eden: 111616K(111616K)->0K(111616K) From: 67656K(110080K)->6304K(111104K)
[235.746s][info][gc,heap        ] GC(802) ParOldGen: 436766K(667648K)->505022K(667648K)
[235.746s][info][gc,metaspace   ] GC(802) Metaspace: 18693K(18880K)->18693K(18880K) NonClass: 16028K(16128K)->16028K(16128K) Class: 2664K(2752K)->2664K(2752K)
[235.746s][info][gc             ] GC(802) Pause Young (Allocation Failure) 601M->499M(869M) 49.428ms
[235.746s][info][gc,cpu         ] GC(802) User=0.10s Sys=0.00s Real=0.05s
[235.836s][info][gc,start       ] GC(803) Pause Young (Allocation Failure)
[235.848s][info][gc,heap        ] GC(803) PSYoungGen: 117920K(222720K)->2592K(114688K) Eden: 111616K(111616K)->0K(111616K) From: 6304K(111104K)->2592K(3072K)
[235.848s][info][gc,heap        ] GC(803) ParOldGen: 505022K(667648K)->511326K(667648K)
[235.848s][info][gc,metaspace   ] GC(803) Metaspace: 18693K(18880K)->18693K(18880K) NonClass: 16028K(16128K)->16028K(16128K) Class: 2664K(2752K)->2664K(2752K)
[235.848s][info][gc             ] GC(803) Pause Young (Allocation Failure) 608M->501M(764M) 11.584ms
[235.848s][info][gc,cpu         ] GC(803) User=0.02s Sys=0.00s Real=0.02s
[236.005s][info][gc,start       ] GC(804) Pause Young (Allocation Failure)
[236.010s][info][gc,heap        ] GC(804) PSYoungGen: 114208K(114688K)->320K(224256K) Eden: 111616K(111616K)->0K(114688K) From: 2592K(3072K)->320K(109568K)
[236.010s][info][gc,heap        ] GC(804) ParOldGen: 511326K(667648K)->513918K(667648K)
[236.010s][info][gc,metaspace   ] GC(804) Metaspace: 18693K(18880K)->18693K(18880K) NonClass: 16028K(16128K)->16028K(16128K) Class: 2664K(2752K)->2664K(2752K)
[236.010s][info][gc             ] GC(804) Pause Young (Allocation Failure) 610M->502M(871M) 5.459ms
[236.010s][info][gc,cpu         ] GC(804) User=0.01s Sys=0.00s Real=0.01s
[236.154s][info][gc,start       ] GC(805) Pause Young (Allocation Failure)
[236.157s][info][gc,heap        ] GC(805) PSYoungGen: 115008K(224256K)->576K(115712K) Eden: 114688K(114688K)->0K(114688K) From: 320K(109568K)->576K(1024K)
[236.157s][info][gc,heap        ] GC(805) ParOldGen: 513918K(667648K)->513918K(667648K)
[236.157s][info][gc,metaspace   ] GC(805) Metaspace: 18693K(18880K)->18693K(18880K) NonClass: 16028K(16128K)->16028K(16128K) Class: 2664K(2752K)->2664K(2752K)
[236.157s][info][gc             ] GC(805) Pause Young (Allocation Failure) 614M->502M(765M) 3.474ms
[236.157s][info][gc,cpu         ] GC(805) User=0.01s Sys=0.00s Real=0.01s
[236.337s][info][gc,start       ] GC(806) Pause Young (Allocation Failure)
[236.342s][info][gc,heap        ] GC(806) PSYoungGen: 115264K(115712K)->1344K(221184K) Eden: 114688K(114688K)->0K(121856K) From: 576K(1024K)->1344K(99328K)
[236.342s][info][gc,heap        ] GC(806) ParOldGen: 513918K(667648K)->513918K(667648K)
[236.342s][info][gc,metaspace   ] GC(806) Metaspace: 18693K(18880K)->18693K(18880K) NonClass: 16028K(16128K)->16028K(16128K) Class: 2664K(2752K)->2664K(2752K)
[236.342s][info][gc             ] GC(806) Pause Young (Allocation Failure) 614M->503M(868M) 5.289ms
[236.342s][info][gc,cpu         ] GC(806) User=0.01s Sys=0.00s Real=0.01s
[236.449s][info][gc,start       ] GC(807) Pause Young (Allocation Failure)
[236.456s][info][gc,heap        ] GC(807) PSYoungGen: 123200K(221184K)->2560K(220672K) Eden: 121856K(121856K)->0K(121856K) From: 1344K(99328K)->2560K(98816K)
[236.456s][info][gc,heap        ] GC(807) ParOldGen: 513918K(667648K)->513918K(667648K)
[236.456s][info][gc,metaspace   ] GC(807) Metaspace: 18693K(18880K)->18693K(18880K) NonClass: 16028K(16128K)->16028K(16128K) Class: 2664K(2752K)->2664K(2752K)
[236.456s][info][gc             ] GC(807) Pause Young (Allocation Failure) 622M->504M(867M) 6.663ms
[236.456s][info][gc,cpu         ] GC(807) User=0.01s Sys=0.00s Real=0.00s
[236.646s][info][gc,start       ] GC(808) Pause Young (Allocation Failure)
[236.669s][info][gc,heap        ] GC(808) PSYoungGen: 124416K(220672K)->9793K(211968K) Eden: 121856K(121856K)->0K(129536K) From: 2560K(98816K)->9793K(82432K)
[236.669s][info][gc,heap        ] GC(808) ParOldGen: 513918K(667648K)->513918K(667648K)
[236.669s][info][gc,metaspace   ] GC(808) Metaspace: 18693K(18880K)->18693K(18880K) NonClass: 16029K(16128K)->16029K(16128K) Class: 2664K(2752K)->2664K(2752K)
[236.669s][info][gc             ] GC(808) Pause Young (Allocation Failure) 623M->511M(859M) 23.117ms
[236.669s][info][gc,cpu         ] GC(808) User=0.04s Sys=0.00s Real=0.03s
[236.892s][info][gc,start       ] GC(809) Pause Young (Allocation Failure)
[236.931s][info][gc,heap        ] GC(809) PSYoungGen: 139329K(211968K)->27489K(218112K) Eden: 129536K(129536K)->0K(129536K) From: 9793K(82432K)->27489K(88576K)
[236.931s][info][gc,heap        ] GC(809) ParOldGen: 513918K(667648K)->513918K(667648K)
[236.931s][info][gc,metaspace   ] GC(809) Metaspace: 18693K(18880K)->18693K(18880K) NonClass: 16029K(16128K)->16029K(16128K) Class: 2664K(2752K)->2664K(2752K)
[236.931s][info][gc             ] GC(809) Pause Young (Allocation Failure) 637M->528M(865M) 39.778ms
[236.931s][info][gc,cpu         ] GC(809) User=0.08s Sys=0.00s Real=0.04s
[237.107s][info][gc,start       ] GC(810) Pause Young (Allocation Failure)
[237.168s][info][gc,heap        ] GC(810) PSYoungGen: 157025K(218112K)->49674K(218624K) Eden: 129536K(129536K)->0K(133632K) From: 27489K(88576K)->49674K(84992K)
[237.168s][info][gc,heap        ] GC(810) ParOldGen: 513918K(667648K)->513926K(667648K)
[237.168s][info][gc,metaspace   ] GC(810) Metaspace: 18697K(18880K)->18697K(18880K) NonClass: 16033K(16128K)->16033K(16128K) Class: 2664K(2752K)->2664K(2752K)
[237.168s][info][gc             ] GC(810) Pause Young (Allocation Failure) 655M->550M(865M) 61.093ms
[237.168s][info][gc,cpu         ] GC(810) User=0.12s Sys=0.00s Real=0.07s
[237.311s][info][gc,start       ] GC(811) Pause Young (Allocation Failure)
[237.377s][info][gc,heap        ] GC(811) PSYoungGen: 183306K(218624K)->55690K(223232K) Eden: 133632K(133632K)->0K(133632K) From: 49674K(84992K)->55690K(89600K)
[237.377s][info][gc,heap        ] GC(811) ParOldGen: 513926K(667648K)->513926K(667648K)
[237.377s][info][gc,metaspace   ] GC(811) Metaspace: 18697K(18880K)->18697K(18880K) NonClass: 16033K(16128K)->16033K(16128K) Class: 2664K(2752K)->2664K(2752K)
[237.377s][info][gc             ] GC(811) Pause Young (Allocation Failure) 680M->556M(870M) 66.552ms
[237.377s][info][gc,cpu         ] GC(811) User=0.13s Sys=0.00s Real=0.06s
[237.561s][info][gc,start       ] GC(812) Pause Young (Allocation Failure)
[237.631s][info][gc,heap        ] GC(812) PSYoungGen: 189322K(223232K)->58570K(228352K) Eden: 133632K(133632K)->0K(133120K) From: 55690K(89600K)->58570K(95232K)
[237.631s][info][gc,heap        ] GC(812) ParOldGen: 513926K(667648K)->513926K(667648K)
[237.631s][info][gc,metaspace   ] GC(812) Metaspace: 18699K(18944K)->18699K(18944K) NonClass: 16035K(16192K)->16035K(16192K) Class: 2664K(2752K)->2664K(2752K)
[237.631s][info][gc             ] GC(812) Pause Young (Allocation Failure) 686M->559M(875M) 70.003ms
[237.631s][info][gc,cpu         ] GC(812) User=0.14s Sys=0.00s Real=0.07s
[237.743s][info][gc,start       ] GC(813) Pause Young (Allocation Failure)
[237.812s][info][gc,heap        ] GC(813) PSYoungGen: 191690K(228352K)->58442K(192000K) Eden: 133120K(133120K)->0K(133120K) From: 58570K(95232K)->58442K(58880K)
[237.812s][info][gc,heap        ] GC(813) ParOldGen: 513926K(667648K)->514214K(667648K)
[237.812s][info][gc,metaspace   ] GC(813) Metaspace: 18702K(18944K)->18702K(18944K) NonClass: 16038K(16192K)->16038K(16192K) Class: 2664K(2752K)->2664K(2752K)
[237.812s][info][gc             ] GC(813) Pause Young (Allocation Failure) 689M->559M(839M) 69.640ms
[237.812s][info][gc,cpu         ] GC(813) User=0.14s Sys=0.00s Real=0.07s
[237.895s][info][gc,start       ] GC(814) Pause Young (Allocation Failure)
[237.965s][info][gc,heap        ] GC(814) PSYoungGen: 191562K(192000K)->57418K(225792K) Eden: 133120K(133120K)->0K(121856K) From: 58442K(58880K)->57418K(103936K)
[237.965s][info][gc,heap        ] GC(814) ParOldGen: 514214K(667648K)->515270K(667648K)
[237.965s][info][gc,metaspace   ] GC(814) Metaspace: 18702K(18944K)->18702K(18944K) NonClass: 16038K(16192K)->16038K(16192K) Class: 2664K(2752K)->2664K(2752K)
[237.965s][info][gc             ] GC(814) Pause Young (Allocation Failure) 689M->559M(872M) 70.383ms
[237.965s][info][gc,cpu         ] GC(814) User=0.14s Sys=0.00s Real=0.07s
[238.154s][info][gc,start       ] GC(815) Pause Young (Allocation Failure)
[238.229s][info][gc,heap        ] GC(815) PSYoungGen: 179274K(225792K)->55817K(178176K) Eden: 121856K(121856K)->0K(121856K) From: 57418K(103936K)->55817K(56320K)
[238.229s][info][gc,heap        ] GC(815) ParOldGen: 515270K(667648K)->523235K(667648K)
[238.229s][info][gc,metaspace   ] GC(815) Metaspace: 18705K(18944K)->18705K(18944K) NonClass: 16040K(16192K)->16040K(16192K) Class: 2664K(2752K)->2664K(2752K)
[238.230s][info][gc             ] GC(815) Pause Young (Allocation Failure) 678M->565M(826M) 75.035ms
[238.230s][info][gc,cpu         ] GC(815) User=0.15s Sys=0.00s Real=0.08s
[238.346s][info][gc,start       ] GC(816) Pause Young (Allocation Failure)
[238.406s][info][gc,heap        ] GC(816) PSYoungGen: 177673K(178176K)->16640K(230400K) Eden: 121856K(121856K)->0K(123392K) From: 55817K(56320K)->16640K(107008K)
[238.406s][info][gc,heap        ] GC(816) ParOldGen: 523235K(667648K)->563676K(667648K)
[238.406s][info][gc,metaspace   ] GC(816) Metaspace: 18705K(18944K)->18705K(18944K) NonClass: 16040K(16192K)->16040K(16192K) Class: 2664K(2752K)->2664K(2752K)
[238.406s][info][gc             ] GC(816) Pause Young (Allocation Failure) 684M->566M(877M) 60.413ms
[238.406s][info][gc,cpu         ] GC(816) User=0.12s Sys=0.00s Real=0.06s
[238.810s][info][gc,start       ] GC(817) Pause Young (Allocation Failure)
[238.830s][info][gc,heap        ] GC(817) PSYoungGen: 140032K(230400K)->7952K(131584K) Eden: 123392K(123392K)->0K(123392K) From: 16640K(107008K)->7952K(8192K)
[238.830s][info][gc,heap        ] GC(817) ParOldGen: 563676K(667648K)->572516K(667648K)
[238.830s][info][gc,metaspace   ] GC(817) Metaspace: 18708K(18944K)->18708K(18944K) NonClass: 16044K(16192K)->16044K(16192K) Class: 2664K(2752K)->2664K(2752K)
[238.830s][info][gc             ] GC(817) Pause Young (Allocation Failure) 687M->566M(780M) 19.646ms
[238.830s][info][gc,cpu         ] GC(817) User=0.04s Sys=0.00s Real=0.02s
[239.205s][info][gc,start       ] GC(818) Pause Young (Allocation Failure)
[239.215s][info][gc,heap        ] GC(818) PSYoungGen: 131344K(131584K)->7840K(226816K) Eden: 123392K(123392K)->0K(125952K) From: 7952K(8192K)->7840K(100864K)
[239.215s][info][gc,heap        ] GC(818) ParOldGen: 572516K(667648K)->572764K(667648K)
[239.215s][info][gc,metaspace   ] GC(818) Metaspace: 18708K(18944K)->18708K(18944K) NonClass: 16044K(16192K)->16044K(16192K) Class: 2664K(2752K)->2664K(2752K)
[239.215s][info][gc             ] GC(818) Pause Young (Allocation Failure) 687M->566M(873M) 10.235ms
[239.215s][info][gc,cpu         ] GC(818) User=0.02s Sys=0.00s Real=0.01s
[239.458s][info][gc,start       ] GC(819) Pause Young (Allocation Failure)
[239.490s][info][gc,heap        ] GC(819) PSYoungGen: 133792K(226816K)->29080K(224256K) Eden: 125952K(125952K)->0K(125952K) From: 7840K(100864K)->29080K(98304K)
[239.490s][info][gc,heap        ] GC(819) ParOldGen: 572764K(667648K)->572764K(667648K)
[239.490s][info][gc,metaspace   ] GC(819) Metaspace: 18708K(18944K)->18708K(18944K) NonClass: 16044K(16192K)->16044K(16192K) Class: 2664K(2752K)->2664K(2752K)
[239.490s][info][gc             ] GC(819) Pause Young (Allocation Failure) 689M->587M(871M) 31.960ms
[239.490s][info][gc,cpu         ] GC(819) User=0.07s Sys=0.00s Real=0.03s
[239.739s][info][gc,start       ] GC(820) Pause Young (Allocation Failure)
[239.774s][info][gc,heap        ] GC(820) PSYoungGen: 155032K(224256K)->29048K(218112K) Eden: 125952K(125952K)->0K(136704K) From: 29080K(98304K)->29048K(81408K)
[239.774s][info][gc,heap        ] GC(820) ParOldGen: 572764K(667648K)->572764K(667648K)
[239.774s][info][gc,metaspace   ] GC(820) Metaspace: 18708K(18944K)->18708K(18944K) NonClass: 16044K(16192K)->16044K(16192K) Class: 2664K(2752K)->2664K(2752K)
[239.774s][info][gc             ] GC(820) Pause Young (Allocation Failure) 710M->587M(865M) 34.744ms
[239.774s][info][gc,cpu         ] GC(820) User=0.07s Sys=0.00s Real=0.03s
[240.356s][info][gc,start       ] GC(821) Pause Young (Allocation Failure)
[240.385s][info][gc,heap        ] GC(821) PSYoungGen: 165752K(218112K)->29428K(222208K) Eden: 136704K(136704K)->0K(136704K) From: 29048K(81408K)->29428K(85504K)
[240.385s][info][gc,heap        ] GC(821) ParOldGen: 572764K(667648K)->572764K(667648K)
[240.385s][info][gc,metaspace   ] GC(821) Metaspace: 18708K(18944K)->18708K(18944K) NonClass: 16044K(16192K)->16044K(16192K) Class: 2664K(2752K)->2664K(2752K)
[240.385s][info][gc             ] GC(821) Pause Young (Allocation Failure) 721M->588M(869M) 29.585ms
[240.385s][info][gc,cpu         ] GC(821) User=0.05s Sys=0.00s Real=0.03s
[241.084s][info][gc,start       ] GC(822) Pause Young (Allocation Failure)
[241.116s][info][gc,heap        ] GC(822) PSYoungGen: 166132K(222208K)->29828K(215040K) Eden: 136704K(136704K)->0K(145920K) From: 29428K(85504K)->29828K(69120K)
[241.116s][info][gc,heap        ] GC(822) ParOldGen: 572764K(667648K)->572764K(667648K)
[241.116s][info][gc,metaspace   ] GC(822) Metaspace: 18717K(18944K)->18717K(18944K) NonClass: 16053K(16192K)->16053K(16192K) Class: 2664K(2752K)->2664K(2752K)
[241.116s][info][gc             ] GC(822) Pause Young (Allocation Failure) 721M->588M(862M) 31.621ms
[241.116s][info][gc,cpu         ] GC(822) User=0.06s Sys=0.00s Real=0.03s
[241.804s][info][gc,start       ] GC(823) Pause Young (Allocation Failure)
[241.836s][info][gc,heap        ] GC(823) PSYoungGen: 175748K(215040K)->31735K(221184K) Eden: 145919K(145920K)->0K(145920K) From: 29828K(69120K)->31735K(75264K)
[241.836s][info][gc,heap        ] GC(823) ParOldGen: 572764K(667648K)->572772K(667648K)
[241.836s][info][gc,metaspace   ] GC(823) Metaspace: 18737K(18944K)->18737K(18944K) NonClass: 16073K(16192K)->16073K(16192K) Class: 2664K(2752K)->2664K(2752K)
[241.836s][info][gc             ] GC(823) Pause Young (Allocation Failure) 730M->590M(868M) 31.902ms
[241.836s][info][gc,cpu         ] GC(823) User=0.06s Sys=0.00s Real=0.03s
[242.173s][info][gc,start       ] GC(824) Pause Young (Allocation Failure)
[242.206s][info][gc,heap        ] GC(824) PSYoungGen: 177655K(221184K)->31309K(218624K) Eden: 145920K(145920K)->0K(154624K) From: 31735K(75264K)->31309K(64000K)
[242.206s][info][gc,heap        ] GC(824) ParOldGen: 572772K(667648K)->572780K(667648K)
[242.206s][info][gc,metaspace   ] GC(824) Metaspace: 18741K(18944K)->18741K(18944K) NonClass: 16076K(16192K)->16076K(16192K) Class: 2665K(2752K)->2665K(2752K)
[242.206s][info][gc             ] GC(824) Pause Young (Allocation Failure) 732M->589M(865M) 32.333ms
[242.206s][info][gc,cpu         ] GC(824) User=0.07s Sys=0.00s Real=0.03s
[242.546s][info][gc,start       ] GC(825) Pause Young (Allocation Failure)
[242.577s][info][gc,heap        ] GC(825) PSYoungGen: 185933K(218624K)->31609K(222208K) Eden: 154624K(154624K)->0K(154624K) From: 31309K(64000K)->31609K(67584K)
[242.578s][info][gc,heap        ] GC(825) ParOldGen: 572780K(667648K)->572788K(667648K)
[242.578s][info][gc,metaspace   ] GC(825) Metaspace: 18755K(18944K)->18755K(18944K) NonClass: 16090K(16192K)->16090K(16192K) Class: 2665K(2752K)->2665K(2752K)
[242.578s][info][gc             ] GC(825) Pause Young (Allocation Failure) 740M->590M(869M) 31.910ms
[242.578s][info][gc,cpu         ] GC(825) User=0.06s Sys=0.00s Real=0.04s
[242.776s][info][gc,start       ] GC(826) Pause Young (Allocation Failure)
[242.853s][info][gc,heap        ] GC(826) PSYoungGen: 186233K(222208K)->64493K(214528K) Eden: 154624K(154624K)->0K(150016K) From: 31609K(67584K)->64493K(64512K)
[242.853s][info][gc,heap        ] GC(826) ParOldGen: 572788K(667648K)->584956K(667648K)
[242.853s][info][gc,metaspace   ] GC(826) Metaspace: 18762K(18944K)->18762K(18944K) NonClass: 16097K(16192K)->16097K(16192K) Class: 2665K(2752K)->2665K(2752K)
[242.853s][info][gc             ] GC(826) Pause Young (Allocation Failure) 741M->634M(861M) 76.596ms
[242.853s][info][gc,cpu         ] GC(826) User=0.15s Sys=0.00s Real=0.08s
[242.990s][info][gc,start       ] GC(827) Pause Young (Allocation Failure)
[243.131s][info][gc,heap        ] GC(827) PSYoungGen: 214509K(214528K)->78333K(228352K) Eden: 150016K(150016K)->0K(150016K) From: 64493K(64512K)->78333K(78336K)
[243.131s][info][gc,heap        ] GC(827) ParOldGen: 584956K(667648K)->625180K(667648K)
[243.131s][info][gc,metaspace   ] GC(827) Metaspace: 18762K(18944K)->18762K(18944K) NonClass: 16097K(16192K)->16097K(16192K) Class: 2665K(2752K)->2665K(2752K)
[243.131s][info][gc             ] GC(827) Pause Young (Allocation Failure) 780M->687M(875M) 140.741ms
[243.131s][info][gc,cpu         ] GC(827) User=0.28s Sys=0.00s Real=0.14s
[243.331s][info][gc,start       ] GC(828) Pause Young (Allocation Failure)
[243.484s][info][gc,heap        ] GC(828) PSYoungGen: 228349K(228352K)->104932K(216576K) Eden: 150016K(150016K)->0K(111616K) From: 78333K(78336K)->104932K(104960K)
[243.484s][info][gc,heap        ] GC(828) ParOldGen: 625180K(667648K)->656541K(667648K)
[243.484s][info][gc,metaspace   ] GC(828) Metaspace: 18762K(18944K)->18762K(18944K) NonClass: 16097K(16192K)->16097K(16192K) Class: 2665K(2752K)->2665K(2752K)
[243.484s][info][gc             ] GC(828) Pause Young (Allocation Failure) 833M->743M(863M) 153.298ms
[243.484s][info][gc,cpu         ] GC(828) User=0.25s Sys=0.06s Real=0.15s
[243.635s][info][gc,start       ] GC(829) Pause Full (Allocation Failure)
[243.635s][info][gc,phases,start] GC(829) Marking Phase
[243.762s][info][gc,phases      ] GC(829) Marking Phase 127.168ms
[243.762s][info][gc,phases,start] GC(829) Summary Phase
[243.762s][info][gc,phases      ] GC(829) Summary Phase 0.026ms
[243.762s][info][gc,phases,start] GC(829) Forward
[243.812s][info][gc,phases      ] GC(829) Forward 50.024ms
[243.813s][info][gc,phases,start] GC(829) Adjust Pointers
[243.902s][info][gc,phases      ] GC(829) Adjust Pointers 89.185ms
[243.902s][info][gc,phases,start] GC(829) Compaction Phase
[243.958s][info][gc,phases      ] GC(829) Compaction Phase 56.318ms
[243.961s][info][gc,phases,start] GC(829) Post Compact
[243.963s][info][gc,phases      ] GC(829) Post Compact 2.455ms
[243.974s][info][gc,heap        ] GC(829) PSYoungGen: 216548K(216576K)->0K(222720K) Eden: 111616K(111616K)->0K(111616K) From: 104932K(104960K)->0K(111104K)
[243.974s][info][gc,heap        ] GC(829) ParOldGen: 656541K(667648K)->218433K(515072K)
[243.974s][info][gc,metaspace   ] GC(829) Metaspace: 18762K(18944K)->18762K(18944K) NonClass: 16097K(16192K)->16097K(16192K) Class: 2665K(2752K)->2665K(2752K)
[243.974s][info][gc             ] GC(829) Pause Full (Allocation Failure) 852M->213M(720M) 338.499ms
[243.974s][info][gc,cpu         ] GC(829) User=0.60s Sys=0.01s Real=0.34s
[244.127s][info][gc,start       ] GC(830) Pause Young (Allocation Failure)
[244.151s][info][gc,heap        ] GC(830) PSYoungGen: 111616K(222720K)->12923K(222720K) Eden: 111616K(111616K)->0K(111616K) From: 0K(111104K)->12923K(111104K)
[244.151s][info][gc,heap        ] GC(830) ParOldGen: 218433K(515072K)->218441K(515072K)
[244.152s][info][gc,metaspace   ] GC(830) Metaspace: 18775K(18944K)->18775K(18944K) NonClass: 16110K(16192K)->16110K(16192K) Class: 2665K(2752K)->2665K(2752K)
[244.152s][info][gc             ] GC(830) Pause Young (Allocation Failure) 322M->225M(720M) 24.122ms
[244.152s][info][gc,cpu         ] GC(830) User=0.05s Sys=0.00s Real=0.02s
[244.268s][info][gc,start       ] GC(831) Pause Young (Allocation Failure)
[244.318s][info][gc,heap        ] GC(831) PSYoungGen: 124539K(222720K)->34267K(222720K) Eden: 111616K(111616K)->0K(111616K) From: 12923K(111104K)->34267K(111104K)
[244.318s][info][gc,heap        ] GC(831) ParOldGen: 218441K(515072K)->218441K(515072K)
[244.318s][info][gc,metaspace   ] GC(831) Metaspace: 18777K(18944K)->18777K(18944K) NonClass: 16112K(16192K)->16112K(16192K) Class: 2665K(2752K)->2665K(2752K)
[244.318s][info][gc             ] GC(831) Pause Young (Allocation Failure) 334M->246M(720M) 49.976ms
[244.318s][info][gc,cpu         ] GC(831) User=0.09s Sys=0.00s Real=0.05s
[244.439s][info][gc,start       ] GC(832) Pause Young (Allocation Failure)
[244.490s][info][gc,heap        ] GC(832) PSYoungGen: 145883K(222720K)->37490K(222720K) Eden: 111616K(111616K)->0K(111616K) From: 34267K(111104K)->37490K(111104K)
[244.490s][info][gc,heap        ] GC(832) ParOldGen: 218441K(515072K)->218441K(515072K)
[244.490s][info][gc,metaspace   ] GC(832) Metaspace: 18777K(18944K)->18777K(18944K) NonClass: 16112K(16192K)->16112K(16192K) Class: 2665K(2752K)->2665K(2752K)
[244.490s][info][gc             ] GC(832) Pause Young (Allocation Failure) 355M->249M(720M) 51.076ms
[244.490s][info][gc,cpu         ] GC(832) User=0.10s Sys=0.00s Real=0.05s
[244.585s][info][gc,start       ] GC(833) Pause Young (Allocation Failure)
[244.643s][info][gc,heap        ] GC(833) PSYoungGen: 149106K(222720K)->45138K(222720K) Eden: 111616K(111616K)->0K(111616K) From: 37490K(111104K)->45138K(111104K)
[244.643s][info][gc,heap        ] GC(833) ParOldGen: 218441K(515072K)->218441K(515072K)
[244.643s][info][gc,metaspace   ] GC(833) Metaspace: 18777K(18944K)->18777K(18944K) NonClass: 16112K(16192K)->16112K(16192K) Class: 2665K(2752K)->2665K(2752K)
[244.643s][info][gc             ] GC(833) Pause Young (Allocation Failure) 358M->257M(720M) 58.176ms
[244.643s][info][gc,cpu         ] GC(833) User=0.12s Sys=0.00s Real=0.06s
[244.735s][info][gc,start       ] GC(834) Pause Young (Allocation Failure)
[244.805s][info][gc,heap        ] GC(834) PSYoungGen: 156754K(222720K)->57362K(220672K) Eden: 111616K(111616K)->0K(111616K) From: 45138K(111104K)->57362K(109056K)
[244.805s][info][gc,heap        ] GC(834) ParOldGen: 218441K(515072K)->218441K(515072K)
[244.805s][info][gc,metaspace   ] GC(834) Metaspace: 18777K(18944K)->18777K(18944K) NonClass: 16112K(16192K)->16112K(16192K) Class: 2665K(2752K)->2665K(2752K)
[244.805s][info][gc             ] GC(834) Pause Young (Allocation Failure) 366M->269M(718M) 69.997ms
[244.805s][info][gc,cpu         ] GC(834) User=0.13s Sys=0.00s Real=0.07s
[244.875s][info][gc,start       ] GC(835) Pause Young (Allocation Failure)
[244.963s][info][gc,heap        ] GC(835) PSYoungGen: 168978K(220672K)->45456K(157184K) Eden: 111616K(111616K)->0K(111616K) From: 57362K(109056K)->45456K(45568K)
[244.963s][info][gc,heap        ] GC(835) ParOldGen: 218441K(515072K)->252744K(515072K)
[244.963s][info][gc,metaspace   ] GC(835) Metaspace: 18777K(18944K)->18777K(18944K) NonClass: 16112K(16192K)->16112K(16192K) Class: 2665K(2752K)->2665K(2752K)
[244.963s][info][gc             ] GC(835) Pause Young (Allocation Failure) 378M->291M(656M) 87.996ms
[244.963s][info][gc,cpu         ] GC(835) User=0.18s Sys=0.00s Real=0.09s
[245.047s][info][gc,start       ] GC(836) Pause Young (Allocation Failure)
[245.106s][info][gc,heap        ] GC(836) PSYoungGen: 157072K(157184K)->59488K(220160K) Eden: 111616K(111616K)->0K(115712K) From: 45456K(45568K)->59488K(104448K)
[245.106s][info][gc,heap        ] GC(836) ParOldGen: 252744K(515072K)->263642K(515072K)
[245.106s][info][gc,metaspace   ] GC(836) Metaspace: 18777K(18944K)->18777K(18944K) NonClass: 16112K(16192K)->16112K(16192K) Class: 2665K(2752K)->2665K(2752K)
[245.106s][info][gc             ] GC(836) Pause Young (Allocation Failure) 400M->315M(718M) 59.747ms
[245.106s][info][gc,cpu         ] GC(836) User=0.12s Sys=0.01s Real=0.06s
[245.190s][info][gc,start       ] GC(837) Pause Young (Allocation Failure)
[245.248s][info][gc,heap        ] GC(837) PSYoungGen: 175200K(220160K)->35683K(219136K) Eden: 115712K(115712K)->0K(115712K) From: 59488K(104448K)->35683K(103424K)
[245.249s][info][gc,heap        ] GC(837) ParOldGen: 263642K(515072K)->298393K(515072K)
[245.249s][info][gc,metaspace   ] GC(837) Metaspace: 18777K(18944K)->18777K(18944K) NonClass: 16112K(16192K)->16112K(16192K) Class: 2665K(2752K)->2665K(2752K)
[245.249s][info][gc             ] GC(837) Pause Young (Allocation Failure) 428M->326M(717M) 59.066ms
[245.249s][info][gc,cpu         ] GC(837) User=0.12s Sys=0.00s Real=0.06s
[245.337s][info][gc,start       ] GC(838) Pause Young (Allocation Failure)
[245.376s][info][gc,heap        ] GC(838) PSYoungGen: 151395K(219136K)->4544K(223744K) Eden: 115712K(115712K)->0K(123904K) From: 35683K(103424K)->4544K(99840K)
[245.376s][info][gc,heap        ] GC(838) ParOldGen: 298393K(515072K)->334196K(515072K)
[245.376s][info][gc,metaspace   ] GC(838) Metaspace: 18777K(18944K)->18777K(18944K) NonClass: 16112K(16192K)->16112K(16192K) Class: 2665K(2752K)->2665K(2752K)
[245.376s][info][gc             ] GC(838) Pause Young (Allocation Failure) 439M->330M(721M) 38.614ms
[245.376s][info][gc,cpu         ] GC(838) User=0.08s Sys=0.00s Real=0.04s
[245.465s][info][gc,start       ] GC(839) Pause Young (Allocation Failure)
[245.473s][info][gc,heap        ] GC(839) PSYoungGen: 128448K(223744K)->960K(225792K) Eden: 123904K(123904K)->0K(123904K) From: 4544K(99840K)->960K(101888K)
[245.473s][info][gc,heap        ] GC(839) ParOldGen: 334196K(515072K)->338748K(515072K)
[245.473s][info][gc,metaspace   ] GC(839) Metaspace: 18777K(18944K)->18777K(18944K) NonClass: 16112K(16192K)->16112K(16192K) Class: 2665K(2752K)->2665K(2752K)
[245.473s][info][gc             ] GC(839) Pause Young (Allocation Failure) 451M->331M(723M) 7.630ms
[245.473s][info][gc,cpu         ] GC(839) User=0.01s Sys=0.00s Real=0.01s
[245.551s][info][gc,start       ] GC(840) Pause Young (Allocation Failure)
[245.558s][info][gc,heap        ] GC(840) PSYoungGen: 124864K(225792K)->4640K(231424K) Eden: 123904K(123904K)->0K(128512K) From: 960K(101888K)->4640K(102912K)
[245.558s][info][gc,heap        ] GC(840) ParOldGen: 338748K(515072K)->339692K(515072K)
[245.558s][info][gc,metaspace   ] GC(840) Metaspace: 18777K(18944K)->18777K(18944K) NonClass: 16112K(16192K)->16112K(16192K) Class: 2665K(2752K)->2665K(2752K)
[245.558s][info][gc             ] GC(840) Pause Young (Allocation Failure) 452M->336M(729M) 7.225ms
[245.558s][info][gc,cpu         ] GC(840) User=0.01s Sys=0.00s Real=0.01s
[245.773s][info][gc,start       ] GC(841) Pause Young (Allocation Failure)
[245.781s][info][gc,heap        ] GC(841) PSYoungGen: 133152K(231424K)->1664K(130560K) Eden: 128512K(128512K)->0K(128512K) From: 4640K(102912K)->1664K(2048K)
[245.781s][info][gc,heap        ] GC(841) ParOldGen: 339692K(515072K)->344340K(515072K)
[245.781s][info][gc,metaspace   ] GC(841) Metaspace: 18777K(18944K)->18777K(18944K) NonClass: 16112K(16192K)->16112K(16192K) Class: 2665K(2752K)->2665K(2752K)
[245.781s][info][gc             ] GC(841) Pause Young (Allocation Failure) 461M->337M(630M) 7.800ms
[245.781s][info][gc,cpu         ] GC(841) User=0.01s Sys=0.00s Real=0.01s
[246.048s][info][gc,start       ] GC(842) Pause Young (Allocation Failure)
[246.079s][info][gc,heap        ] GC(842) PSYoungGen: 130176K(130560K)->29344K(236544K) Eden: 128512K(128512K)->0K(135168K) From: 1664K(2048K)->29344K(101376K)
[246.079s][info][gc,heap        ] GC(842) ParOldGen: 344340K(515072K)->345937K(515072K)
[246.079s][info][gc,metaspace   ] GC(842) Metaspace: 18777K(18944K)->18777K(18944K) NonClass: 16112K(16192K)->16112K(16192K) Class: 2665K(2752K)->2665K(2752K)
[246.079s][info][gc             ] GC(842) Pause Young (Allocation Failure) 463M->366M(734M) 30.537ms
[246.079s][info][gc,cpu         ] GC(842) User=0.07s Sys=0.00s Real=0.03s
[246.270s][info][gc,start       ] GC(843) Pause Young (Allocation Failure)
[246.329s][info][gc,heap        ] GC(843) PSYoungGen: 164512K(236544K)->38000K(173568K) Eden: 135168K(135168K)->0K(135168K) From: 29344K(101376K)->38000K(38400K)
[246.329s][info][gc,heap        ] GC(843) ParOldGen: 345937K(515072K)->375336K(515072K)
[246.329s][info][gc,metaspace   ] GC(843) Metaspace: 18778K(18944K)->18778K(18944K) NonClass: 16113K(16192K)->16113K(16192K) Class: 2665K(2752K)->2665K(2752K)
[246.329s][info][gc             ] GC(843) Pause Young (Allocation Failure) 498M->403M(672M) 59.539ms
[246.329s][info][gc,cpu         ] GC(843) User=0.12s Sys=0.00s Real=0.06s
[246.498s][info][gc,start       ] GC(844) Pause Young (Allocation Failure)
[246.543s][info][gc,heap        ] GC(844) PSYoungGen: 173168K(173568K)->13856K(231936K) Eden: 135168K(135168K)->0K(140800K) From: 38000K(38400K)->13856K(91136K)
[246.543s][info][gc,heap        ] GC(844) ParOldGen: 375336K(515072K)->413509K(515072K)
[246.543s][info][gc,metaspace   ] GC(844) Metaspace: 18778K(18944K)->18778K(18944K) NonClass: 16113K(16192K)->16113K(16192K) Class: 2665K(2752K)->2665K(2752K)
[246.543s][info][gc             ] GC(844) Pause Young (Allocation Failure) 535M->417M(729M) 45.390ms
[246.543s][info][gc,cpu         ] GC(844) User=0.09s Sys=0.00s Real=0.04s
[246.684s][info][gc,start       ] GC(845) Pause Young (Allocation Failure)
[246.703s][info][gc,heap        ] GC(845) PSYoungGen: 154656K(231936K)->1280K(228864K) Eden: 140800K(140800K)->0K(140800K) From: 13856K(91136K)->1280K(88064K)
[246.703s][info][gc,heap        ] GC(845) ParOldGen: 413509K(515072K)->427347K(515072K)
[246.703s][info][gc,metaspace   ] GC(845) Metaspace: 18778K(18944K)->18778K(18944K) NonClass: 16113K(16192K)->16113K(16192K) Class: 2665K(2752K)->2665K(2752K)
[246.703s][info][gc             ] GC(845) Pause Young (Allocation Failure) 554M->418M(726M) 18.620ms
[246.703s][info][gc,cpu         ] GC(845) User=0.03s Sys=0.00s Real=0.02s
[246.925s][info][gc,start       ] GC(846) Pause Young (Allocation Failure)
[246.930s][info][gc,heap        ] GC(846) PSYoungGen: 142080K(228864K)->1120K(236032K) Eden: 140800K(140800K)->0K(153088K) From: 1280K(88064K)->1120K(82944K)
[246.930s][info][gc,heap        ] GC(846) ParOldGen: 427347K(515072K)->428435K(515072K)
[246.930s][info][gc,metaspace   ] GC(846) Metaspace: 18778K(18944K)->18778K(18944K) NonClass: 16113K(16192K)->16113K(16192K) Class: 2665K(2752K)->2665K(2752K)
[246.930s][info][gc             ] GC(846) Pause Young (Allocation Failure) 556M->419M(733M) 4.898ms
[246.930s][info][gc,cpu         ] GC(846) User=0.01s Sys=0.00s Real=0.01s
[247.163s][info][gc,start       ] GC(847) Pause Young (Allocation Failure)
[247.189s][info][gc,heap        ] GC(847) PSYoungGen: 154208K(236032K)->25184K(239104K) Eden: 153088K(153088K)->0K(153088K) From: 1120K(82944K)->25184K(86016K)
[247.189s][info][gc,heap        ] GC(847) ParOldGen: 428435K(515072K)->428435K(515072K)
[247.189s][info][gc,metaspace   ] GC(847) Metaspace: 18778K(18944K)->18778K(18944K) NonClass: 16113K(16192K)->16113K(16192K) Class: 2665K(2752K)->2665K(2752K)
[247.189s][info][gc             ] GC(847) Pause Young (Allocation Failure) 568M->442M(736M) 25.874ms
[247.189s][info][gc,cpu         ] GC(847) User=0.05s Sys=0.00s Real=0.03s
[247.433s][info][gc,start       ] GC(848) Pause Young (Allocation Failure)
[247.509s][info][gc,heap        ] GC(848) PSYoungGen: 178272K(239104K)->76696K(226304K) Eden: 153088K(153088K)->0K(146432K) From: 25184K(86016K)->76696K(79872K)
[247.510s][info][gc,heap        ] GC(848) ParOldGen: 428435K(515072K)->428435K(515072K)
[247.510s][info][gc,metaspace   ] GC(848) Metaspace: 18778K(18944K)->18778K(18944K) NonClass: 16113K(16192K)->16113K(16192K) Class: 2665K(2752K)->2665K(2752K)
[247.510s][info][gc             ] GC(848) Pause Young (Allocation Failure) 592M->493M(724M) 77.019ms
[247.510s][info][gc,cpu         ] GC(848) User=0.15s Sys=0.00s Real=0.08s
[247.647s][info][gc,start       ] GC(849) Pause Young (Allocation Failure)
[247.713s][info][gc,heap        ] GC(849) PSYoungGen: 223128K(226304K)->78232K(224768K) Eden: 146432K(146432K)->0K(146432K) From: 76696K(79872K)->78232K(78336K)
[247.714s][info][gc,heap        ] GC(849) ParOldGen: 428435K(515072K)->428435K(515072K)
[247.714s][info][gc,metaspace   ] GC(849) Metaspace: 18778K(18944K)->18778K(18944K) NonClass: 16113K(16192K)->16113K(16192K) Class: 2665K(2752K)->2665K(2752K)
[247.714s][info][gc             ] GC(849) Pause Young (Allocation Failure) 636M->494M(722M) 66.931ms
[247.714s][info][gc,cpu         ] GC(849) User=0.14s Sys=0.00s Real=0.07s
[247.792s][info][gc,start       ] GC(850) Pause Young (Allocation Failure)
[247.936s][info][gc,heap        ] GC(850) PSYoungGen: 224664K(224768K)->104952K(216576K) Eden: 146432K(146432K)->0K(111616K) From: 78232K(78336K)->104952K(104960K)
[247.936s][info][gc,heap        ] GC(850) ParOldGen: 428435K(515072K)->478827K(515072K)
[247.936s][info][gc,metaspace   ] GC(850) Metaspace: 18778K(18944K)->18778K(18944K) NonClass: 16113K(16192K)->16113K(16192K) Class: 2665K(2752K)->2665K(2752K)
[247.936s][info][gc             ] GC(850) Pause Young (Allocation Failure) 637M->570M(714M) 143.998ms
[247.936s][info][gc,cpu         ] GC(850) User=0.28s Sys=0.01s Real=0.14s
[248.089s][info][gc,start       ] GC(851) Pause Young (Allocation Failure)
[248.197s][info][gc,heap        ] GC(851) PSYoungGen: 216568K(216576K)->72600K(222720K) Eden: 111616K(111616K)->0K(111616K) From: 104952K(104960K)->72600K(111104K)
[248.197s][info][gc,heap        ] GC(851) ParOldGen: 478827K(515072K)->524522K(524800K)
[248.197s][info][gc,metaspace   ] GC(851) Metaspace: 18781K(18944K)->18781K(18944K) NonClass: 16116K(16192K)->16116K(16192K) Class: 2665K(2752K)->2665K(2752K)
[248.197s][info][gc             ] GC(851) Pause Young (Allocation Failure) 679M->583M(730M) 108.375ms
[248.197s][info][gc,cpu         ] GC(851) User=0.21s Sys=0.01s Real=0.10s
[248.315s][info][gc,start       ] GC(852) Pause Young (Allocation Failure)
[248.425s][info][gc,heap        ] GC(852) PSYoungGen: 184216K(222720K)->8052K(222720K) Eden: 111616K(111616K)->0K(111616K) From: 72600K(111104K)->8052K(111104K)
[248.425s][info][gc,heap        ] GC(852) ParOldGen: 524522K(524800K)->597285K(597504K)
[248.425s][info][gc,metaspace   ] GC(852) Metaspace: 18785K(18944K)->18785K(18944K) NonClass: 16119K(16192K)->16119K(16192K) Class: 2665K(2752K)->2665K(2752K)
[248.425s][info][gc             ] GC(852) Pause Young (Allocation Failure) 692M->591M(801M) 110.023ms
[248.425s][info][gc,cpu         ] GC(852) User=0.16s Sys=0.06s Real=0.11s
[248.553s][info][gc,start       ] GC(853) Pause Full (Allocation Failure)
[248.553s][info][gc,phases,start] GC(853) Marking Phase
[248.618s][info][gc,phases      ] GC(853) Marking Phase 64.993ms
[248.618s][info][gc,phases,start] GC(853) Summary Phase
[248.619s][info][gc,phases      ] GC(853) Summary Phase 0.025ms
[248.619s][info][gc,phases,start] GC(853) Forward
[248.639s][info][gc,phases      ] GC(853) Forward 20.384ms
[248.639s][info][gc,phases,start] GC(853) Adjust Pointers
[248.686s][info][gc,phases      ] GC(853) Adjust Pointers 47.495ms
[248.687s][info][gc,phases,start] GC(853) Compaction Phase
[248.711s][info][gc,phases      ] GC(853) Compaction Phase 24.470ms
[248.714s][info][gc,phases,start] GC(853) Post Compact
[248.716s][info][gc,phases      ] GC(853) Post Compact 2.115ms
[248.728s][info][gc,heap        ] GC(853) PSYoungGen: 119668K(222720K)->0K(222720K) Eden: 111616K(111616K)->0K(111616K) From: 8052K(111104K)->0K(111104K)
[248.728s][info][gc,heap        ] GC(853) ParOldGen: 597285K(597504K)->106464K(437760K)
[248.728s][info][gc,metaspace   ] GC(853) Metaspace: 18785K(18944K)->18785K(18944K) NonClass: 16119K(16192K)->16119K(16192K) Class: 2665K(2752K)->2665K(2752K)
[248.728s][info][gc             ] GC(853) Pause Full (Allocation Failure) 700M->103M(645M) 175.131ms
[248.729s][info][gc,cpu         ] GC(853) User=0.29s Sys=0.02s Real=0.18s
[248.807s][info][gc,start       ] GC(854) Pause Young (Allocation Failure)
[248.838s][info][gc,heap        ] GC(854) PSYoungGen: 111616K(222720K)->42608K(222720K) Eden: 111616K(111616K)->0K(111616K) From: 0K(111104K)->42608K(111104K)
[248.839s][info][gc,heap        ] GC(854) ParOldGen: 106464K(437760K)->106464K(437760K)
[248.839s][info][gc,metaspace   ] GC(854) Metaspace: 18785K(18944K)->18785K(18944K) NonClass: 16119K(16192K)->16119K(16192K) Class: 2665K(2752K)->2665K(2752K)
[248.839s][info][gc             ] GC(854) Pause Young (Allocation Failure) 212M->145M(645M) 32.036ms
[248.839s][info][gc,cpu         ] GC(854) User=0.07s Sys=0.00s Real=0.04s
[248.880s][info][gc,start       ] GC(855) Pause Young (Allocation Failure)
[248.961s][info][gc,heap        ] GC(855) PSYoungGen: 154224K(222720K)->65920K(222720K) Eden: 111616K(111616K)->0K(111616K) From: 42608K(111104K)->65920K(111104K)
[248.961s][info][gc,heap        ] GC(855) ParOldGen: 106464K(437760K)->149449K(437760K)
[248.961s][info][gc,metaspace   ] GC(855) Metaspace: 18785K(18944K)->18785K(18944K) NonClass: 16119K(16192K)->16119K(16192K) Class: 2665K(2752K)->2665K(2752K)
[248.961s][info][gc             ] GC(855) Pause Young (Allocation Failure) 254M->210M(645M) 80.403ms
[248.961s][info][gc,cpu         ] GC(855) User=0.16s Sys=0.00s Real=0.08s
[249.050s][info][gc,start       ] GC(856) Pause Young (Allocation Failure)
[249.129s][info][gc,heap        ] GC(856) PSYoungGen: 177536K(222720K)->40064K(222720K) Eden: 111616K(111616K)->0K(111616K) From: 65920K(111104K)->40064K(111104K)
[249.129s][info][gc,heap        ] GC(856) ParOldGen: 149449K(437760K)->215841K(437760K)
[249.129s][info][gc,metaspace   ] GC(856) Metaspace: 18785K(18944K)->18785K(18944K) NonClass: 16119K(16192K)->16119K(16192K) Class: 2665K(2752K)->2665K(2752K)
[249.129s][info][gc             ] GC(856) Pause Young (Allocation Failure) 319M->249M(645M) 79.524ms
[249.129s][info][gc,cpu         ] GC(856) User=0.16s Sys=0.00s Real=0.08s
[249.181s][info][gc,start       ] GC(857) Pause Young (Allocation Failure)
[249.231s][info][gc,heap        ] GC(857) PSYoungGen: 151680K(222720K)->35168K(222720K) Eden: 111616K(111616K)->0K(111616K) From: 40064K(111104K)->35168K(111104K)
[249.231s][info][gc,heap        ] GC(857) ParOldGen: 215841K(437760K)->256305K(437760K)
[249.231s][info][gc,metaspace   ] GC(857) Metaspace: 18785K(18944K)->18785K(18944K) NonClass: 16119K(16192K)->16119K(16192K) Class: 2665K(2752K)->2665K(2752K)
[249.231s][info][gc             ] GC(857) Pause Young (Allocation Failure) 358M->284M(645M) 50.570ms
[249.231s][info][gc,cpu         ] GC(857) User=0.10s Sys=0.00s Real=0.05s
[249.347s][info][gc,start       ] GC(858) Pause Young (Allocation Failure)
[249.382s][info][gc,heap        ] GC(858) PSYoungGen: 146784K(222720K)->3584K(222720K) Eden: 111616K(111616K)->0K(111616K) From: 35168K(111104K)->3584K(111104K)
[249.382s][info][gc,heap        ] GC(858) ParOldGen: 256305K(437760K)->291841K(437760K)
[249.382s][info][gc,metaspace   ] GC(858) Metaspace: 18785K(18944K)->18785K(18944K) NonClass: 16119K(16192K)->16119K(16192K) Class: 2665K(2752K)->2665K(2752K)
[249.382s][info][gc             ] GC(858) Pause Young (Allocation Failure) 393M->288M(645M) 35.231ms
[249.382s][info][gc,cpu         ] GC(858) User=0.07s Sys=0.00s Real=0.04s
[249.460s][info][gc,start       ] GC(859) Pause Young (Allocation Failure)
[249.495s][info][gc,heap        ] GC(859) PSYoungGen: 115200K(222720K)->16769K(222720K) Eden: 111616K(111616K)->0K(111616K) From: 3584K(111104K)->16769K(111104K)
[249.495s][info][gc,heap        ] GC(859) ParOldGen: 291841K(437760K)->295417K(437760K)
[249.495s][info][gc,metaspace   ] GC(859) Metaspace: 18785K(18944K)->18785K(18944K) NonClass: 16119K(16192K)->16119K(16192K) Class: 2665K(2752K)->2665K(2752K)
[249.495s][info][gc             ] GC(859) Pause Young (Allocation Failure) 397M->304M(645M) 35.521ms
[249.495s][info][gc,cpu         ] GC(859) User=0.07s Sys=0.00s Real=0.03s
[249.629s][info][gc,start       ] GC(860) Pause Young (Allocation Failure)
[249.694s][info][gc,heap        ] GC(860) PSYoungGen: 128385K(222720K)->27617K(217600K) Eden: 111616K(111616K)->0K(111616K) From: 16769K(111104K)->27617K(105984K)
[249.694s][info][gc,heap        ] GC(860) ParOldGen: 295417K(437760K)->312190K(437760K)
[249.694s][info][gc,metaspace   ] GC(860) Metaspace: 18785K(18944K)->18785K(18944K) NonClass: 16119K(16192K)->16119K(16192K) Class: 2665K(2752K)->2665K(2752K)
[249.694s][info][gc             ] GC(860) Pause Young (Allocation Failure) 413M->331M(640M) 65.545ms
[249.694s][info][gc,cpu         ] GC(860) User=0.13s Sys=0.00s Real=0.06s
[249.790s][info][gc,start       ] GC(861) Pause Young (Allocation Failure)
[249.853s][info][gc,heap        ] GC(861) PSYoungGen: 139233K(217600K)->25440K(220160K) Eden: 111616K(111616K)->0K(111616K) From: 27617K(105984K)->25440K(108544K)
[249.853s][info][gc,heap        ] GC(861) ParOldGen: 312190K(437760K)->339819K(437760K)
[249.853s][info][gc,metaspace   ] GC(861) Metaspace: 18785K(18944K)->18785K(18944K) NonClass: 16119K(16192K)->16119K(16192K) Class: 2665K(2752K)->2665K(2752K)
[249.853s][info][gc             ] GC(861) Pause Young (Allocation Failure) 440M->356M(642M) 62.630ms
[249.853s][info][gc,cpu         ] GC(861) User=0.12s Sys=0.00s Real=0.06s
[249.935s][info][gc,start       ] GC(862) Pause Young (Allocation Failure)
[249.980s][info][gc,heap        ] GC(862) PSYoungGen: 137056K(220160K)->17824K(220672K) Eden: 111616K(111616K)->0K(121856K) From: 25440K(108544K)->17824K(98816K)
[249.980s][info][gc,heap        ] GC(862) ParOldGen: 339819K(437760K)->365275K(437760K)
[249.980s][info][gc,metaspace   ] GC(862) Metaspace: 18785K(18944K)->18785K(18944K) NonClass: 16119K(16192K)->16119K(16192K) Class: 2665K(2752K)->2665K(2752K)
[249.980s][info][gc             ] GC(862) Pause Young (Allocation Failure) 465M->374M(643M) 44.648ms
[249.980s][info][gc,cpu         ] GC(862) User=0.09s Sys=0.00s Real=0.05s
[250.054s][info][gc,start       ] GC(863) Pause Young (Allocation Failure)
[250.083s][info][gc,heap        ] GC(863) PSYoungGen: 139680K(220672K)->9632K(221696K) Eden: 121856K(121856K)->0K(121856K) From: 17824K(98816K)->9632K(99840K)
[250.083s][info][gc,heap        ] GC(863) ParOldGen: 365275K(437760K)->383131K(437760K)
[250.083s][info][gc,metaspace   ] GC(863) Metaspace: 18785K(18944K)->18785K(18944K) NonClass: 16119K(16192K)->16119K(16192K) Class: 2665K(2752K)->2665K(2752K)
[250.083s][info][gc             ] GC(863) Pause Young (Allocation Failure) 493M->383M(644M) 28.513ms
[250.083s][info][gc,cpu         ] GC(863) User=0.05s Sys=0.00s Real=0.03s
[250.153s][info][gc,start       ] GC(864) Pause Young (Allocation Failure)
[250.170s][info][gc,heap        ] GC(864) PSYoungGen: 131488K(221696K)->3712K(230912K) Eden: 121856K(121856K)->0K(136192K) From: 9632K(99840K)->3712K(94720K)
[250.170s][info][gc,heap        ] GC(864) ParOldGen: 383131K(437760K)->392755K(437760K)
[250.170s][info][gc,metaspace   ] GC(864) Metaspace: 18785K(18944K)->18785K(18944K) NonClass: 16119K(16192K)->16119K(16192K) Class: 2665K(2752K)->2665K(2752K)
[250.170s][info][gc             ] GC(864) Pause Young (Allocation Failure) 502M->387M(653M) 17.029ms
[250.170s][info][gc,cpu         ] GC(864) User=0.04s Sys=0.00s Real=0.02s
[250.262s][info][gc,start       ] GC(865) Pause Young (Allocation Failure)
[250.278s][info][gc,heap        ] GC(865) PSYoungGen: 139904K(230912K)->3840K(231936K) Eden: 136192K(136192K)->0K(136192K) From: 3712K(94720K)->3840K(95744K)
[250.278s][info][gc,heap        ] GC(865) ParOldGen: 392755K(437760K)->396427K(437760K)
[250.278s][info][gc,metaspace   ] GC(865) Metaspace: 18785K(18944K)->18785K(18944K) NonClass: 16119K(16192K)->16119K(16192K) Class: 2665K(2752K)->2665K(2752K)
[250.278s][info][gc             ] GC(865) Pause Young (Allocation Failure) 520M->390M(654M) 15.407ms
[250.278s][info][gc,cpu         ] GC(865) User=0.03s Sys=0.00s Real=0.02s
[250.380s][info][gc,start       ] GC(866) Pause Young (Allocation Failure)
[250.393s][info][gc,heap        ] GC(866) PSYoungGen: 140032K(231936K)->3232K(233984K) Eden: 136192K(136192K)->0K(144384K) From: 3840K(95744K)->3232K(89600K)
[250.393s][info][gc,heap        ] GC(866) ParOldGen: 396427K(437760K)->400235K(437760K)
[250.393s][info][gc,metaspace   ] GC(866) Metaspace: 18785K(18944K)->18785K(18944K) NonClass: 16119K(16192K)->16119K(16192K) Class: 2665K(2752K)->2665K(2752K)
[250.393s][info][gc             ] GC(866) Pause Young (Allocation Failure) 523M->394M(656M) 12.514ms
[250.393s][info][gc,cpu         ] GC(866) User=0.03s Sys=0.00s Real=0.01s
[250.512s][info][gc,start       ] GC(867) Pause Young (Allocation Failure)
[250.532s][info][gc,heap        ] GC(867) PSYoungGen: 147616K(233984K)->15200K(235520K) Eden: 144384K(144384K)->0K(144384K) From: 3232K(89600K)->15200K(91136K)
[250.532s][info][gc,heap        ] GC(867) ParOldGen: 400235K(437760K)->403451K(437760K)
[250.532s][info][gc,metaspace   ] GC(867) Metaspace: 18786K(18944K)->18786K(18944K) NonClass: 16121K(16192K)->16121K(16192K) Class: 2665K(2752K)->2665K(2752K)
[250.532s][info][gc             ] GC(867) Pause Young (Allocation Failure) 535M->408M(657M) 19.776ms
[250.532s][info][gc,cpu         ] GC(867) User=0.03s Sys=0.00s Real=0.02s
[250.668s][info][gc,start       ] GC(868) Pause Young (Allocation Failure)
[250.712s][info][gc,heap        ] GC(868) PSYoungGen: 159584K(235520K)->27488K(236032K) Eden: 144384K(144384K)->0K(156672K) From: 15200K(91136K)->27488K(79360K)
[250.712s][info][gc,heap        ] GC(868) ParOldGen: 403451K(437760K)->418648K(437760K)
[250.712s][info][gc,metaspace   ] GC(868) Metaspace: 18786K(18944K)->18786K(18944K) NonClass: 16121K(16192K)->16121K(16192K) Class: 2665K(2752K)->2665K(2752K)
[250.712s][info][gc             ] GC(868) Pause Young (Allocation Failure) 549M->435M(658M) 43.884ms
[250.712s][info][gc,cpu         ] GC(868) User=0.09s Sys=0.00s Real=0.04s
[251.212s][info][gc,start       ] GC(869) Pause Young (Allocation Failure)
[251.247s][info][gc,heap        ] GC(869) PSYoungGen: 184160K(236032K)->224K(237568K) Eden: 156672K(156672K)->0K(156672K) From: 27488K(79360K)->224K(80896K)
[251.247s][info][gc,heap        ] GC(869) ParOldGen: 418648K(437760K)->446158K(446464K)
[251.247s][info][gc,metaspace   ] GC(869) Metaspace: 18786K(18944K)->18786K(18944K) NonClass: 16121K(16192K)->16121K(16192K) Class: 2665K(2752K)->2665K(2752K)
[251.247s][info][gc             ] GC(869) Pause Young (Allocation Failure) 588M->435M(668M) 34.104ms
[251.247s][info][gc,cpu         ] GC(869) User=0.06s Sys=0.01s Real=0.03s
[251.623s][info][gc,start       ] GC(870) Pause Young (Allocation Failure)
[251.626s][info][gc,heap        ] GC(870) PSYoungGen: 156896K(237568K)->64K(246784K) Eden: 156672K(156672K)->0K(172544K) From: 224K(80896K)->64K(74240K)
[251.626s][info][gc,heap        ] GC(870) ParOldGen: 446158K(446464K)->446358K(446464K)
[251.626s][info][gc,metaspace   ] GC(870) Metaspace: 18786K(18944K)->18786K(18944K) NonClass: 16121K(16192K)->16121K(16192K) Class: 2665K(2752K)->2665K(2752K)
[251.626s][info][gc             ] GC(870) Pause Young (Allocation Failure) 588M->435M(677M) 2.427ms
[251.626s][info][gc,cpu         ] GC(870) User=0.00s Sys=0.00s Real=0.00s
[251.999s][info][gc,start       ] GC(871) Pause Young (Allocation Failure)
[252.001s][info][gc,heap        ] GC(871) PSYoungGen: 172608K(246784K)->64K(249856K) Eden: 172544K(172544K)->0K(172544K) From: 64K(74240K)->64K(77312K)
[252.001s][info][gc,heap        ] GC(871) ParOldGen: 446358K(446464K)->446382K(446464K)
[252.001s][info][gc,metaspace   ] GC(871) Metaspace: 18786K(18944K)->18786K(18944K) NonClass: 16121K(16192K)->16121K(16192K) Class: 2665K(2752K)->2665K(2752K)
[252.001s][info][gc             ] GC(871) Pause Young (Allocation Failure) 604M->435M(680M) 1.938ms
[252.001s][info][gc,cpu         ] GC(871) User=0.01s Sys=0.00s Real=0.00s
[252.386s][info][gc,start       ] GC(872) Pause Young (Allocation Failure)
[252.403s][info][gc,heap        ] GC(872) PSYoungGen: 172608K(249856K)->96K(250880K) Eden: 172544K(172544K)->0K(181760K) From: 64K(77312K)->96K(69120K)
[252.403s][info][gc,heap        ] GC(872) ParOldGen: 446382K(446464K)->446382K(446464K)
[252.403s][info][gc,metaspace   ] GC(872) Metaspace: 18786K(18944K)->18786K(18944K) NonClass: 16121K(16192K)->16121K(16192K) Class: 2665K(2752K)->2665K(2752K)
[252.403s][info][gc             ] GC(872) Pause Young (Allocation Failure) 604M->436M(681M) 16.987ms
[252.403s][info][gc,cpu         ] GC(872) User=0.04s Sys=0.00s Real=0.02s
[252.620s][info][gc,start       ] GC(873) Pause Young (Allocation Failure)
[252.650s][info][gc,heap        ] GC(873) PSYoungGen: 181856K(250880K)->37350K(253952K) Eden: 181760K(181760K)->0K(181760K) From: 96K(69120K)->37350K(72192K)
[252.650s][info][gc,heap        ] GC(873) ParOldGen: 446382K(446464K)->446382K(446464K)
[252.650s][info][gc,metaspace   ] GC(873) Metaspace: 18787K(18944K)->18787K(18944K) NonClass: 16122K(16192K)->16122K(16192K) Class: 2665K(2752K)->2665K(2752K)
[252.650s][info][gc             ] GC(873) Pause Young (Allocation Failure) 613M->472M(684M) 30.271ms
[252.650s][info][gc,cpu         ] GC(873) User=0.05s Sys=0.00s Real=0.03s
[252.768s][info][gc,start       ] GC(874) Pause Young (Allocation Failure)
[252.849s][info][gc,heap        ] GC(874) PSYoungGen: 219110K(253952K)->74230K(216576K) Eden: 181760K(181760K)->0K(142336K) From: 37350K(72192K)->74230K(74240K)
[252.849s][info][gc,heap        ] GC(874) ParOldGen: 446382K(446464K)->462642K(462848K)
[252.849s][info][gc,metaspace   ] GC(874) Metaspace: 18788K(18944K)->18788K(18944K) NonClass: 16122K(16192K)->16122K(16192K) Class: 2665K(2752K)->2665K(2752K)
[252.849s][info][gc             ] GC(874) Pause Young (Allocation Failure) 649M->524M(663M) 81.526ms
[252.849s][info][gc,cpu         ] GC(874) User=0.13s Sys=0.03s Real=0.08s
[252.954s][info][gc,start       ] GC(875) Pause Young (Allocation Failure)
[253.041s][info][gc,heap        ] GC(875) PSYoungGen: 216566K(216576K)->95734K(238080K) Eden: 142336K(142336K)->0K(142336K) From: 74230K(74240K)->95734K(95744K)
[253.041s][info][gc,heap        ] GC(875) ParOldGen: 462642K(462848K)->474826K(475136K)
[253.041s][info][gc,metaspace   ] GC(875) Metaspace: 18788K(18944K)->18788K(18944K) NonClass: 16122K(16192K)->16122K(16192K) Class: 2665K(2752K)->2665K(2752K)
[253.041s][info][gc             ] GC(875) Pause Young (Allocation Failure) 663M->557M(696M) 86.530ms
[253.041s][info][gc,cpu         ] GC(875) User=0.16s Sys=0.01s Real=0.09s
[253.113s][info][gc,start       ] GC(876) Pause Young (Allocation Failure)
[253.228s][info][gc,heap        ] GC(876) PSYoungGen: 238070K(238080K)->23296K(207360K) Eden: 142336K(142336K)->0K(111616K) From: 95734K(95744K)->23296K(95744K)
[253.228s][info][gc,heap        ] GC(876) ParOldGen: 474826K(475136K)->549607K(549888K)
[253.228s][info][gc,metaspace   ] GC(876) Metaspace: 18788K(18944K)->18788K(18944K) NonClass: 16122K(16192K)->16122K(16192K) Class: 2665K(2752K)->2665K(2752K)
[253.228s][info][gc             ] GC(876) Pause Young (Allocation Failure) 696M->559M(739M) 114.704ms
[253.228s][info][gc,cpu         ] GC(876) User=0.16s Sys=0.07s Real=0.12s
[253.305s][info][gc,start       ] GC(877) Pause Young (Allocation Failure)
[253.355s][info][gc,heap        ] GC(877) PSYoungGen: 134912K(207360K)->7404K(222720K) Eden: 111616K(111616K)->0K(111616K) From: 23296K(95744K)->7404K(111104K)
[253.355s][info][gc,heap        ] GC(877) ParOldGen: 549607K(549888K)->573079K(573440K)
[253.355s][info][gc,metaspace   ] GC(877) Metaspace: 18788K(18944K)->18788K(18944K) NonClass: 16122K(16192K)->16122K(16192K) Class: 2665K(2752K)->2665K(2752K)
[253.355s][info][gc             ] GC(877) Pause Young (Allocation Failure) 668M->566M(777M) 50.274ms
[253.356s][info][gc,cpu         ] GC(877) User=0.07s Sys=0.02s Real=0.05s
[253.472s][info][gc,start       ] GC(878) Pause Young (Allocation Failure)
[253.524s][info][gc,heap        ] GC(878) PSYoungGen: 119020K(222720K)->25600K(205824K) Eden: 111616K(111616K)->0K(114176K) From: 7404K(111104K)->25600K(91648K)
[253.524s][info][gc,heap        ] GC(878) ParOldGen: 573079K(573440K)->579962K(580096K)
[253.524s][info][gc,metaspace   ] GC(878) Metaspace: 18788K(18944K)->18788K(18944K) NonClass: 16122K(16192K)->16122K(16192K) Class: 2665K(2752K)->2665K(2752K)
[253.524s][info][gc             ] GC(878) Pause Young (Allocation Failure) 675M->591M(767M) 52.232ms
[253.524s][info][gc,cpu         ] GC(878) User=0.09s Sys=0.00s Real=0.05s
[253.615s][info][gc,start       ] GC(879) Pause Young (Allocation Failure)
[253.684s][info][gc,heap        ] GC(879) PSYoungGen: 139776K(205824K)->22176K(215552K) Eden: 114176K(114176K)->0K(114176K) From: 25600K(91648K)->22176K(101376K)
[253.684s][info][gc,heap        ] GC(879) ParOldGen: 579962K(580096K)->605602K(605696K)
[253.684s][info][gc,metaspace   ] GC(879) Metaspace: 18788K(18944K)->18788K(18944K) NonClass: 16122K(16192K)->16122K(16192K) Class: 2665K(2752K)->2665K(2752K)
[253.684s][info][gc             ] GC(879) Pause Young (Allocation Failure) 702M->613M(802M) 69.112ms
[253.684s][info][gc,cpu         ] GC(879) User=0.11s Sys=0.03s Real=0.07s
[253.758s][info][gc,start       ] GC(880) Pause Young (Allocation Failure)
[253.804s][info][gc,heap        ] GC(880) PSYoungGen: 136352K(215552K)->9408K(219648K) Eden: 114176K(114176K)->0K(131072K) From: 22176K(101376K)->9408K(88576K)
[253.804s][info][gc,heap        ] GC(880) ParOldGen: 605602K(605696K)->627810K(628224K)
[253.804s][info][gc,metaspace   ] GC(880) Metaspace: 18788K(18944K)->18788K(18944K) NonClass: 16122K(16192K)->16122K(16192K) Class: 2665K(2752K)->2665K(2752K)
[253.804s][info][gc             ] GC(880) Pause Young (Allocation Failure) 724M->622M(828M) 45.824ms
[253.804s][info][gc,cpu         ] GC(880) User=0.07s Sys=0.02s Real=0.04s
[253.901s][info][gc,start       ] GC(881) Pause Full (Allocation Failure)
[253.902s][info][gc,phases,start] GC(881) Marking Phase
[254.160s][info][gc,phases      ] GC(881) Marking Phase 258.889ms
[254.160s][info][gc,phases,start] GC(881) Summary Phase
[254.160s][info][gc,phases      ] GC(881) Summary Phase 0.026ms
[254.161s][info][gc,phases,start] GC(881) Forward
[254.259s][info][gc,phases      ] GC(881) Forward 98.349ms
[254.259s][info][gc,phases,start] GC(881) Adjust Pointers
[254.471s][info][gc,phases      ] GC(881) Adjust Pointers 212.004ms
[254.471s][info][gc,phases,start] GC(881) Compaction Phase
[254.593s][info][gc,phases      ] GC(881) Compaction Phase 122.108ms
[254.602s][info][gc,phases,start] GC(881) Post Compact
[254.604s][info][gc,phases      ] GC(881) Post Compact 2.199ms
[254.604s][info][gc,heap        ] GC(881) PSYoungGen: 140480K(219648K)->0K(223232K) Eden: 131072K(131072K)->0K(131072K) From: 9408K(88576K)->0K(92160K)
[254.604s][info][gc,heap        ] GC(881) ParOldGen: 627810K(628224K)->378225K(667648K)
[254.604s][info][gc,metaspace   ] GC(881) Metaspace: 18788K(18944K)->18788K(18944K) NonClass: 16122K(16192K)->16122K(16192K) Class: 2665K(2752K)->2665K(2752K)
[254.604s][info][gc             ] GC(881) Pause Full (Allocation Failure) 750M->369M(870M) 702.510ms
[254.604s][info][gc,cpu         ] GC(881) User=1.32s Sys=0.00s Real=0.70s
[254.702s][info][gc,start       ] GC(882) Pause Young (Allocation Failure)
[254.711s][info][gc,heap        ] GC(882) PSYoungGen: 131072K(223232K)->6112K(234496K) Eden: 131072K(131072K)->0K(148992K) From: 0K(92160K)->6112K(85504K)
[254.711s][info][gc,heap        ] GC(882) ParOldGen: 378225K(667648K)->378225K(667648K)
[254.711s][info][gc,metaspace   ] GC(882) Metaspace: 18788K(18944K)->18788K(18944K) NonClass: 16122K(16192K)->16122K(16192K) Class: 2665K(2752K)->2665K(2752K)
[254.711s][info][gc             ] GC(882) Pause Young (Allocation Failure) 497M->375M(881M) 9.306ms
[254.711s][info][gc,cpu         ] GC(882) User=0.02s Sys=0.00s Real=0.01s
[254.876s][info][gc,start       ] GC(883) Pause Young (Allocation Failure)
[254.891s][info][gc,heap        ] GC(883) PSYoungGen: 155104K(234496K)->3392K(238080K) Eden: 148992K(148992K)->0K(148992K) From: 6112K(85504K)->3392K(89088K)
[254.891s][info][gc,heap        ] GC(883) ParOldGen: 378225K(667648K)->384321K(667648K)
[254.891s][info][gc,metaspace   ] GC(883) Metaspace: 18788K(18944K)->18788K(18944K) NonClass: 16122K(16192K)->16122K(16192K) Class: 2665K(2752K)->2665K(2752K)
[254.891s][info][gc             ] GC(883) Pause Young (Allocation Failure) 520M->378M(884M) 14.968ms
[254.891s][info][gc,cpu         ] GC(883) User=0.03s Sys=0.00s Real=0.02s
[255.058s][info][gc,start       ] GC(884) Pause Young (Allocation Failure)
[255.074s][info][gc,heap        ] GC(884) PSYoungGen: 152384K(238080K)->7488K(235520K) Eden: 148992K(148992K)->0K(158208K) From: 3392K(89088K)->7488K(77312K)
[255.074s][info][gc,heap        ] GC(884) ParOldGen: 384321K(667648K)->387710K(667648K)
[255.074s][info][gc,metaspace   ] GC(884) Metaspace: 18788K(18944K)->18788K(18944K) NonClass: 16122K(16192K)->16122K(16192K) Class: 2665K(2752K)->2665K(2752K)
[255.074s][info][gc             ] GC(884) Pause Young (Allocation Failure) 524M->385M(882M) 16.413ms
[255.074s][info][gc,cpu         ] GC(884) User=0.04s Sys=0.00s Real=0.01s
[255.222s][info][gc,start       ] GC(885) Pause Young (Allocation Failure)
[255.258s][info][gc,heap        ] GC(885) PSYoungGen: 165696K(235520K)->29776K(240640K) Eden: 158208K(158208K)->0K(158208K) From: 7488K(77312K)->29776K(82432K)
[255.259s][info][gc,heap        ] GC(885) ParOldGen: 387710K(667648K)->395158K(667648K)
[255.259s][info][gc,metaspace   ] GC(885) Metaspace: 18798K(18944K)->18798K(18944K) NonClass: 16133K(16192K)->16133K(16192K) Class: 2665K(2752K)->2665K(2752K)
[255.259s][info][gc             ] GC(885) Pause Young (Allocation Failure) 540M->414M(887M) 36.940ms
[255.259s][info][gc,cpu         ] GC(885) User=0.07s Sys=0.00s Real=0.04s
[255.482s][info][gc,start       ] GC(886) Pause Young (Allocation Failure)
[255.522s][info][gc,heap        ] GC(886) PSYoungGen: 187984K(240640K)->14880K(239616K) Eden: 158208K(158208K)->0K(171520K) From: 29776K(82432K)->14880K(68096K)
[255.522s][info][gc,heap        ] GC(886) ParOldGen: 395158K(667648K)->425011K(667648K)
[255.522s][info][gc,metaspace   ] GC(886) Metaspace: 18800K(18944K)->18800K(18944K) NonClass: 16135K(16192K)->16135K(16192K) Class: 2665K(2752K)->2665K(2752K)
[255.522s][info][gc             ] GC(886) Pause Young (Allocation Failure) 569M->429M(886M) 40.226ms
[255.522s][info][gc,cpu         ] GC(886) User=0.08s Sys=0.00s Real=0.04s
[255.655s][info][gc,start       ] GC(887) Pause Young (Allocation Failure)
[255.714s][info][gc,heap        ] GC(887) PSYoungGen: 186400K(239616K)->65696K(246784K) Eden: 171520K(171520K)->0K(171520K) From: 14880K(68096K)->65696K(75264K)
[255.714s][info][gc,heap        ] GC(887) ParOldGen: 425011K(667648K)->439971K(667648K)
[255.714s][info][gc,metaspace   ] GC(887) Metaspace: 18804K(18944K)->18804K(18944K) NonClass: 16139K(16192K)->16139K(16192K) Class: 2665K(2752K)->2665K(2752K)
[255.714s][info][gc             ] GC(887) Pause Young (Allocation Failure) 597M->493M(893M) 58.761ms
[255.714s][info][gc,cpu         ] GC(887) User=0.12s Sys=0.00s Real=0.06s
[255.962s][info][gc,start       ] GC(888) Pause Young (Allocation Failure)
[256.013s][info][gc,heap        ] GC(888) PSYoungGen: 237216K(246784K)->5640K(250368K) Eden: 171520K(171520K)->0K(164352K) From: 65696K(75264K)->5640K(86016K)
[256.013s][info][gc,heap        ] GC(888) ParOldGen: 439971K(667648K)->506420K(667648K)
[256.013s][info][gc,metaspace   ] GC(888) Metaspace: 18804K(18944K)->18804K(18944K) NonClass: 16139K(16192K)->16139K(16192K) Class: 2665K(2752K)->2665K(2752K)
[256.013s][info][gc             ] GC(888) Pause Young (Allocation Failure) 661M->500M(896M) 50.841ms
[256.013s][info][gc,cpu         ] GC(888) User=0.10s Sys=0.00s Real=0.05s
[256.226s][info][gc,start       ] GC(889) Pause Young (Allocation Failure)
[256.285s][info][gc,heap        ] GC(889) PSYoungGen: 169992K(250368K)->40768K(247808K) Eden: 164352K(164352K)->0K(164352K) From: 5640K(86016K)->40768K(83456K)
[256.285s][info][gc,heap        ] GC(889) ParOldGen: 506420K(667648K)->511930K(667648K)
[256.285s][info][gc,metaspace   ] GC(889) Metaspace: 18804K(18944K)->18804K(18944K) NonClass: 16139K(16192K)->16139K(16192K) Class: 2665K(2752K)->2665K(2752K)
[256.285s][info][gc             ] GC(889) Pause Young (Allocation Failure) 660M->539M(894M) 59.535ms
[256.285s][info][gc,cpu         ] GC(889) User=0.11s Sys=0.00s Real=0.06s
[256.439s][info][gc,start       ] GC(890) Pause Young (Allocation Failure)
[256.500s][info][gc,heap        ] GC(890) PSYoungGen: 205120K(247808K)->14240K(244224K) Eden: 164352K(164352K)->0K(166400K) From: 40768K(83456K)->14240K(77824K)
[256.500s][info][gc,heap        ] GC(890) ParOldGen: 511930K(667648K)->552754K(667648K)
[256.500s][info][gc,metaspace   ] GC(890) Metaspace: 18804K(18944K)->18804K(18944K) NonClass: 16139K(16192K)->16139K(16192K) Class: 2665K(2752K)->2665K(2752K)
[256.500s][info][gc             ] GC(890) Pause Young (Allocation Failure) 700M->553M(890M) 61.837ms
[256.500s][info][gc,cpu         ] GC(890) User=0.12s Sys=0.00s Real=0.06s
[256.673s][info][gc,start       ] GC(891) Pause Young (Allocation Failure)
[256.694s][info][gc,heap        ] GC(891) PSYoungGen: 180640K(244224K)->1152K(246272K) Eden: 166400K(166400K)->0K(166400K) From: 14240K(77824K)->1152K(79872K)
[256.694s][info][gc,heap        ] GC(891) ParOldGen: 552754K(667648K)->566986K(667648K)
[256.694s][info][gc,metaspace   ] GC(891) Metaspace: 18804K(18944K)->18804K(18944K) NonClass: 16139K(16192K)->16139K(16192K) Class: 2665K(2752K)->2665K(2752K)
[256.694s][info][gc             ] GC(891) Pause Young (Allocation Failure) 716M->554M(892M) 20.839ms
[256.694s][info][gc,cpu         ] GC(891) User=0.04s Sys=0.00s Real=0.02s
[256.900s][info][gc,start       ] GC(892) Pause Young (Allocation Failure)
[256.917s][info][gc,heap        ] GC(892) PSYoungGen: 167552K(246272K)->12608K(245248K) Eden: 166400K(166400K)->0K(175616K) From: 1152K(79872K)->12608K(69632K)
[256.917s][info][gc,heap        ] GC(892) ParOldGen: 566986K(667648K)->568098K(667648K)
[256.917s][info][gc,metaspace   ] GC(892) Metaspace: 18804K(18944K)->18804K(18944K) NonClass: 16139K(16192K)->16139K(16192K) Class: 2665K(2752K)->2665K(2752K)
[256.917s][info][gc             ] GC(892) Pause Young (Allocation Failure) 717M->567M(891M) 16.494ms
[256.917s][info][gc,cpu         ] GC(892) User=0.03s Sys=0.00s Real=0.01s
[257.211s][info][gc,start       ] GC(893) Pause Young (Allocation Failure)
[257.245s][info][gc,heap        ] GC(893) PSYoungGen: 188224K(245248K)->17536K(249856K) Eden: 175616K(175616K)->0K(175616K) From: 12608K(69632K)->17536K(74240K)
[257.245s][info][gc,heap        ] GC(893) ParOldGen: 568098K(667648K)->580706K(667648K)
[257.245s][info][gc,metaspace   ] GC(893) Metaspace: 18808K(19008K)->18808K(19008K) NonClass: 16143K(16256K)->16143K(16256K) Class: 2665K(2752K)->2665K(2752K)
[257.245s][info][gc             ] GC(893) Pause Young (Allocation Failure) 738M->584M(896M) 34.072ms
[257.245s][info][gc,cpu         ] GC(893) User=0.07s Sys=0.00s Real=0.03s
[257.683s][info][gc,start       ] GC(894) Pause Young (Allocation Failure)
[257.723s][info][gc,heap        ] GC(894) PSYoungGen: 193152K(249856K)->18258K(250368K) Eden: 175616K(175616K)->0K(189952K) From: 17536K(74240K)->18258K(60416K)
[257.724s][info][gc,heap        ] GC(894) ParOldGen: 580706K(667648K)->598283K(667648K)
[257.724s][info][gc,metaspace   ] GC(894) Metaspace: 18814K(19008K)->18814K(19008K) NonClass: 16148K(16256K)->16148K(16256K) Class: 2665K(2752K)->2665K(2752K)
[257.724s][info][gc             ] GC(894) Pause Young (Allocation Failure) 755M->602M(896M) 40.999ms
[257.724s][info][gc,cpu         ] GC(894) User=0.09s Sys=0.00s Real=0.04s
[257.914s][info][gc,start       ] GC(895) Pause Young (Allocation Failure)
[257.971s][info][gc,heap        ] GC(895) PSYoungGen: 208210K(250368K)->59712K(254976K) Eden: 189952K(189952K)->0K(189952K) From: 18258K(60416K)->59712K(65024K)
[257.971s][info][gc,heap        ] GC(895) ParOldGen: 598283K(667648K)->616704K(667648K)
[257.971s][info][gc,metaspace   ] GC(895) Metaspace: 18814K(19008K)->18814K(19008K) NonClass: 16148K(16256K)->16148K(16256K) Class: 2665K(2752K)->2665K(2752K)
[257.971s][info][gc             ] GC(895) Pause Young (Allocation Failure) 787M->660M(901M) 56.489ms
[257.971s][info][gc,cpu         ] GC(895) User=0.12s Sys=0.00s Real=0.06s
[258.227s][info][gc,start       ] GC(896) Pause Young (Allocation Failure)
[258.322s][info][gc,promotion   ] GC(896) Promotion failed
[258.322s][info][gc,heap        ] GC(896) PSYoungGen: 249664K(254976K)->249664K(254976K) Eden: 189952K(189952K)->189952K(189952K) From: 59712K(65024K)->59712K(65024K)
[258.322s][info][gc,heap        ] GC(896) ParOldGen: 616704K(667648K)->667640K(667648K)
[258.322s][info][gc,metaspace   ] GC(896) Metaspace: 18814K(19008K)->18814K(19008K) NonClass: 16148K(16256K)->16148K(16256K) Class: 2665K(2752K)->2665K(2752K)
[258.322s][info][gc             ] GC(896) Pause Young (Allocation Failure) 846M->895M(901M) 95.358ms
[258.322s][info][gc,cpu         ] GC(896) User=0.16s Sys=0.03s Real=0.10s
[258.322s][info][gc,start       ] GC(897) Pause Full (Allocation Failure)
[258.322s][info][gc,phases,start] GC(897) Marking Phase
[258.650s][info][gc,phases      ] GC(897) Marking Phase 327.639ms
[258.650s][info][gc,phases,start] GC(897) Summary Phase
[258.650s][info][gc,phases      ] GC(897) Summary Phase 0.027ms
[258.650s][info][gc,phases,start] GC(897) Forward
[258.784s][info][gc,phases      ] GC(897) Forward 134.305ms
[258.785s][info][gc,phases,start] GC(897) Adjust Pointers
[259.048s][info][gc,phases      ] GC(897) Adjust Pointers 263.422ms
[259.048s][info][gc,phases,start] GC(897) Compaction Phase
[259.207s][info][gc,phases      ] GC(897) Compaction Phase 159.256ms
[259.220s][info][gc,phases,start] GC(897) Post Compact
[259.223s][info][gc,phases      ] GC(897) Post Compact 2.670ms
[259.223s][info][gc,heap        ] GC(897) PSYoungGen: 249664K(254976K)->0K(258560K) Eden: 189952K(189952K)->0K(183296K) From: 59712K(65024K)->0K(75264K)
[259.223s][info][gc,heap        ] GC(897) ParOldGen: 667640K(667648K)->480529K(667648K)
[259.223s][info][gc,metaspace   ] GC(897) Metaspace: 18814K(19008K)->18814K(19008K) NonClass: 16148K(16256K)->16148K(16256K) Class: 2665K(2752K)->2665K(2752K)
[259.223s][info][gc             ] GC(897) Pause Full (Allocation Failure) 895M->469M(904M) 900.369ms
[259.223s][info][gc,cpu         ] GC(897) User=1.67s Sys=0.00s Real=0.90s
[259.441s][info][gc,start       ] GC(898) Pause Young (Allocation Failure)
[259.478s][info][gc,heap        ] GC(898) PSYoungGen: 183296K(258560K)->35392K(219136K) Eden: 183296K(183296K)->0K(183296K) From: 0K(75264K)->35392K(35840K)
[259.478s][info][gc,heap        ] GC(898) ParOldGen: 480529K(667648K)->480529K(667648K)
[259.478s][info][gc,metaspace   ] GC(898) Metaspace: 18814K(19008K)->18814K(19008K) NonClass: 16148K(16256K)->16148K(16256K) Class: 2665K(2752K)->2665K(2752K)
[259.478s][info][gc             ] GC(898) Pause Young (Allocation Failure) 648M->503M(866M) 37.439ms
[259.478s][info][gc,cpu         ] GC(898) User=0.08s Sys=0.00s Real=0.04s
[259.638s][info][gc,start       ] GC(899) Pause Young (Allocation Failure)
[259.678s][info][gc,heap        ] GC(899) PSYoungGen: 218688K(219136K)->4544K(258560K) Eden: 183296K(183296K)->0K(184320K) From: 35392K(35840K)->4544K(74240K)
[259.678s][info][gc,heap        ] GC(899) ParOldGen: 480529K(667648K)->515977K(667648K)
[259.678s][info][gc,metaspace   ] GC(899) Metaspace: 18814K(19008K)->18814K(19008K) NonClass: 16148K(16256K)->16148K(16256K) Class: 2665K(2752K)->2665K(2752K)
[259.678s][info][gc             ] GC(899) Pause Young (Allocation Failure) 682M->508M(904M) 40.012ms
[259.678s][info][gc,cpu         ] GC(899) User=0.07s Sys=0.00s Real=0.04s
[259.876s][info][gc,start       ] GC(900) Pause Young (Allocation Failure)
[259.891s][info][gc,heap        ] GC(900) PSYoungGen: 188864K(258560K)->4032K(257536K) Eden: 184320K(184320K)->0K(184320K) From: 4544K(74240K)->4032K(73216K)
[259.891s][info][gc,heap        ] GC(900) ParOldGen: 515977K(667648K)->520505K(667648K)
[259.891s][info][gc,metaspace   ] GC(900) Metaspace: 18814K(19008K)->18814K(19008K) NonClass: 16148K(16256K)->16148K(16256K) Class: 2665K(2752K)->2665K(2752K)
[259.891s][info][gc             ] GC(900) Pause Young (Allocation Failure) 688M->512M(903M) 15.502ms
[259.891s][info][gc,cpu         ] GC(900) User=0.03s Sys=0.00s Real=0.02s
[260.174s][info][gc,start       ] GC(901) Pause Young (Allocation Failure)
[260.201s][info][gc,heap        ] GC(901) PSYoungGen: 188352K(257536K)->22240K(254464K) Eden: 184320K(184320K)->0K(189440K) From: 4032K(73216K)->22240K(65024K)
[260.201s][info][gc,heap        ] GC(901) ParOldGen: 520505K(667648K)->524537K(667648K)
[260.202s][info][gc,metaspace   ] GC(901) Metaspace: 18814K(19008K)->18814K(19008K) NonClass: 16148K(16256K)->16148K(16256K) Class: 2665K(2752K)->2665K(2752K)
[260.202s][info][gc             ] GC(901) Pause Young (Allocation Failure) 692M->533M(900M) 27.268ms
[260.202s][info][gc,cpu         ] GC(901) User=0.05s Sys=0.01s Real=0.03s
[260.656s][info][gc,start       ] GC(902) Pause Young (Allocation Failure)
[260.684s][info][gc,heap        ] GC(902) PSYoungGen: 211680K(254464K)->26896K(256000K) Eden: 189440K(189440K)->0K(189440K) From: 22240K(65024K)->26896K(66560K)
[260.684s][info][gc,heap        ] GC(902) ParOldGen: 524537K(667648K)->524537K(667648K)
[260.684s][info][gc,metaspace   ] GC(902) Metaspace: 18814K(19008K)->18814K(19008K) NonClass: 16148K(16256K)->16148K(16256K) Class: 2665K(2752K)->2665K(2752K)
[260.684s][info][gc             ] GC(902) Pause Young (Allocation Failure) 718M->538M(902M) 28.267ms
[260.684s][info][gc,cpu         ] GC(902) User=0.05s Sys=0.00s Real=0.03s
[261.153s][info][gc,start       ] GC(903) Pause Young (Allocation Failure)
[261.188s][info][gc,heap        ] GC(903) PSYoungGen: 216336K(256000K)->27024K(264192K) Eden: 189440K(189440K)->0K(203264K) From: 26896K(66560K)->27024K(60928K)
[261.188s][info][gc,heap        ] GC(903) ParOldGen: 524537K(667648K)->524537K(667648K)
[261.188s][info][gc,metaspace   ] GC(903) Metaspace: 18814K(19008K)->18814K(19008K) NonClass: 16148K(16256K)->16148K(16256K) Class: 2665K(2752K)->2665K(2752K)
[261.188s][info][gc             ] GC(903) Pause Young (Allocation Failure) 723M->538M(910M) 35.197ms
[261.188s][info][gc,cpu         ] GC(903) User=0.07s Sys=0.00s Real=0.04s
[261.399s][info][gc,start       ] GC(904) Pause Young (Allocation Failure)
[261.466s][info][gc,heap        ] GC(904) PSYoungGen: 230288K(264192K)->61920K(265216K) Eden: 203264K(203264K)->0K(203264K) From: 27024K(60928K)->61920K(61952K)
[261.466s][info][gc,heap        ] GC(904) ParOldGen: 524537K(667648K)->546633K(667648K)
[261.466s][info][gc,metaspace   ] GC(904) Metaspace: 18814K(19008K)->18814K(19008K) NonClass: 16148K(16256K)->16148K(16256K) Class: 2665K(2752K)->2665K(2752K)
[261.466s][info][gc             ] GC(904) Pause Young (Allocation Failure) 737M->594M(911M) 67.168ms
[261.466s][info][gc,cpu         ] GC(904) User=0.13s Sys=0.00s Real=0.06s
[261.744s][info][gc,start       ] GC(905) Pause Young (Allocation Failure)
[261.815s][info][gc,heap        ] GC(905) PSYoungGen: 265184K(265216K)->54784K(232448K) Eden: 203264K(203264K)->0K(163840K) From: 61920K(61952K)->54784K(68608K)
[261.815s][info][gc,heap        ] GC(905) ParOldGen: 546633K(667648K)->573362K(667648K)
[261.815s][info][gc,metaspace   ] GC(905) Metaspace: 18814K(19008K)->18814K(19008K) NonClass: 16148K(16256K)->16148K(16256K) Class: 2665K(2752K)->2665K(2752K)
[261.815s][info][gc             ] GC(905) Pause Young (Allocation Failure) 792M->613M(879M) 70.944ms
[261.815s][info][gc,cpu         ] GC(905) User=0.14s Sys=0.00s Real=0.07s
[262.029s][info][gc,start       ] GC(906) Pause Young (Allocation Failure)
[262.121s][info][gc,heap        ] GC(906) PSYoungGen: 218624K(232448K)->84960K(248832K) Eden: 163840K(163840K)->0K(163840K) From: 54784K(68608K)->84960K(84992K)
[262.121s][info][gc,heap        ] GC(906) ParOldGen: 573362K(667648K)->581970K(667648K)
[262.121s][info][gc,metaspace   ] GC(906) Metaspace: 18814K(19008K)->18814K(19008K) NonClass: 16148K(16256K)->16148K(16256K) Class: 2665K(2752K)->2665K(2752K)
[262.121s][info][gc             ] GC(906) Pause Young (Allocation Failure) 773M->651M(895M) 92.043ms
[262.121s][info][gc,cpu         ] GC(906) User=0.18s Sys=0.00s Real=0.09s
[262.296s][info][gc,start       ] GC(907) Pause Young (Allocation Failure)
[262.403s][info][gc,heap        ] GC(907) PSYoungGen: 248800K(248832K)->48384K(218112K) Eden: 163840K(163840K)->0K(133120K) From: 84960K(84992K)->48384K(84992K)
[262.403s][info][gc,heap        ] GC(907) ParOldGen: 581970K(667648K)->636810K(667648K)
[262.403s][info][gc,metaspace   ] GC(907) Metaspace: 18814K(19008K)->18814K(19008K) NonClass: 16148K(16256K)->16148K(16256K) Class: 2665K(2752K)->2665K(2752K)
[262.403s][info][gc             ] GC(907) Pause Young (Allocation Failure) 811M->669M(865M) 107.695ms
[262.403s][info][gc,cpu         ] GC(907) User=0.21s Sys=0.00s Real=0.11s
[262.533s][info][gc,start       ] GC(908) Pause Full (Allocation Failure)
[262.533s][info][gc,phases,start] GC(908) Marking Phase
[262.998s][info][gc,phases      ] GC(908) Marking Phase 465.335ms
[262.998s][info][gc,phases,start] GC(908) Summary Phase
[262.998s][info][gc,phases      ] GC(908) Summary Phase 0.027ms
[262.998s][info][gc,phases,start] GC(908) Forward
[263.104s][info][gc,phases      ] GC(908) Forward 105.643ms
[263.104s][info][gc,phases,start] GC(908) Adjust Pointers
[263.460s][info][gc,phases      ] GC(908) Adjust Pointers 356.031ms
[263.460s][info][gc,phases,start] GC(908) Compaction Phase
[263.670s][info][gc,phases      ] GC(908) Compaction Phase 209.402ms
[263.680s][info][gc,phases,start] GC(908) Post Compact
[263.682s][info][gc,phases      ] GC(908) Post Compact 2.381ms
[263.682s][info][gc,heap        ] GC(908) PSYoungGen: 181504K(218112K)->0K(233472K) Eden: 133120K(133120K)->0K(133120K) From: 48384K(84992K)->0K(100352K)
[263.682s][info][gc,heap        ] GC(908) ParOldGen: 636810K(667648K)->664987K(667648K)
[263.682s][info][gc,metaspace   ] GC(908) Metaspace: 18814K(19008K)->18814K(19008K) NonClass: 16148K(16256K)->16148K(16256K) Class: 2665K(2752K)->2665K(2752K)
[263.682s][info][gc             ] GC(908) Pause Full (Allocation Failure) 799M->649M(880M) 1149.472ms
[263.682s][info][gc,cpu         ] GC(908) User=2.25s Sys=0.01s Real=1.15s
[263.825s][info][gc,start       ] GC(909) Pause Full (Allocation Failure)
[263.825s][info][gc,phases,start] GC(909) Marking Phase
[264.294s][info][gc,phases      ] GC(909) Marking Phase 468.959ms
[264.294s][info][gc,phases,start] GC(909) Summary Phase
[264.294s][info][gc,phases      ] GC(909) Summary Phase 0.027ms
[264.294s][info][gc,phases,start] GC(909) Forward
[264.441s][info][gc,phases      ] GC(909) Forward 147.352ms
[264.441s][info][gc,phases,start] GC(909) Adjust Pointers
[264.810s][info][gc,phases      ] GC(909) Adjust Pointers 368.442ms
[264.810s][info][gc,phases,start] GC(909) Compaction Phase
[265.090s][info][gc,phases      ] GC(909) Compaction Phase 280.441ms
[265.102s][info][gc,phases,start] GC(909) Post Compact
[265.105s][info][gc,phases      ] GC(909) Post Compact 2.307ms
[265.105s][info][gc,heap        ] GC(909) PSYoungGen: 133120K(233472K)->0K(233472K) Eden: 133120K(133120K)->0K(133120K) From: 0K(100352K)->0K(100352K)
[265.105s][info][gc,heap        ] GC(909) ParOldGen: 664987K(667648K)->635733K(667648K)
[265.105s][info][gc,metaspace   ] GC(909) Metaspace: 18814K(19008K)->18814K(19008K) NonClass: 16148K(16256K)->16148K(16256K) Class: 2665K(2752K)->2665K(2752K)
[265.105s][info][gc             ] GC(909) Pause Full (Allocation Failure) 779M->620M(880M) 1279.774ms
[265.105s][info][gc,cpu         ] GC(909) User=2.50s Sys=0.00s Real=1.28s
[265.308s][info][gc,start       ] GC(910) Pause Full (Allocation Failure)
[265.308s][info][gc,phases,start] GC(910) Marking Phase
[265.786s][info][gc,phases      ] GC(910) Marking Phase 478.764ms
[265.786s][info][gc,phases,start] GC(910) Summary Phase
[265.786s][info][gc,phases      ] GC(910) Summary Phase 0.022ms
[265.786s][info][gc,phases,start] GC(910) Forward
[265.793s][info][gc,phases      ] GC(910) Forward 6.858ms
[265.793s][info][gc,phases,start] GC(910) Adjust Pointers
[266.115s][info][gc,phases      ] GC(910) Adjust Pointers 321.166ms
[266.115s][info][gc,phases,start] GC(910) Compaction Phase
[266.252s][info][gc,phases      ] GC(910) Compaction Phase 137.672ms
[266.252s][info][gc,phases,start] GC(910) Post Compact
[266.255s][info][gc,phases      ] GC(910) Post Compact 2.185ms
[266.255s][info][gc,heap        ] GC(910) PSYoungGen: 133120K(233472K)->0K(233472K) Eden: 133120K(133120K)->0K(133120K) From: 0K(100352K)->0K(100352K)
[266.255s][info][gc,heap        ] GC(910) ParOldGen: 635733K(667648K)->645451K(667648K)
[266.255s][info][gc,metaspace   ] GC(910) Metaspace: 18814K(19008K)->18814K(19008K) NonClass: 16148K(16256K)->16148K(16256K) Class: 2665K(2752K)->2665K(2752K)
[266.255s][info][gc             ] GC(910) Pause Full (Allocation Failure) 750M->630M(880M) 947.080ms
[266.255s][info][gc,cpu         ] GC(910) User=1.85s Sys=0.00s Real=0.94s
[266.460s][info][gc,start       ] GC(911) Pause Full (Allocation Failure)
[266.460s][info][gc,phases,start] GC(911) Marking Phase
[266.957s][info][gc,phases      ] GC(911) Marking Phase 496.870ms
[266.957s][info][gc,phases,start] GC(911) Summary Phase
[266.957s][info][gc,phases      ] GC(911) Summary Phase 0.025ms
[266.957s][info][gc,phases,start] GC(911) Forward
[266.965s][info][gc,phases      ] GC(911) Forward 8.533ms
[266.965s][info][gc,phases,start] GC(911) Adjust Pointers
[267.297s][info][gc,phases      ] GC(911) Adjust Pointers 332.149ms
[267.298s][info][gc,phases,start] GC(911) Compaction Phase
[267.439s][info][gc,phases      ] GC(911) Compaction Phase 141.760ms
[267.439s][info][gc,phases,start] GC(911) Post Compact
[267.442s][info][gc,phases      ] GC(911) Post Compact 2.180ms
[267.442s][info][gc,heap        ] GC(911) PSYoungGen: 133120K(233472K)->0K(233472K) Eden: 133120K(133120K)->0K(133120K) From: 0K(100352K)->0K(100352K)
[267.442s][info][gc,heap        ] GC(911) ParOldGen: 645451K(667648K)->662385K(667648K)
[267.442s][info][gc,metaspace   ] GC(911) Metaspace: 18814K(19008K)->18814K(19008K) NonClass: 16148K(16256K)->16148K(16256K) Class: 2665K(2752K)->2665K(2752K)
[267.442s][info][gc             ] GC(911) Pause Full (Allocation Failure) 760M->646M(880M) 981.929ms
[267.442s][info][gc,cpu         ] GC(911) User=1.92s Sys=0.00s Real=0.98s
[267.815s][info][gc,start       ] GC(912) Pause Full (Allocation Failure)
[267.815s][info][gc,phases,start] GC(912) Marking Phase
[268.199s][info][gc,phases      ] GC(912) Marking Phase 384.280ms
[268.199s][info][gc,phases,start] GC(912) Summary Phase
[268.199s][info][gc,phases      ] GC(912) Summary Phase 0.025ms
[268.199s][info][gc,phases,start] GC(912) Forward
[268.335s][info][gc,phases      ] GC(912) Forward 135.461ms
[268.335s][info][gc,phases,start] GC(912) Adjust Pointers
[268.626s][info][gc,phases      ] GC(912) Adjust Pointers 290.857ms
[268.626s][info][gc,phases,start] GC(912) Compaction Phase
[268.837s][info][gc,phases      ] GC(912) Compaction Phase 210.756ms
[268.848s][info][gc,phases,start] GC(912) Post Compact
[268.850s][info][gc,phases      ] GC(912) Post Compact 2.282ms
[268.850s][info][gc,heap        ] GC(912) PSYoungGen: 133120K(233472K)->0K(233472K) Eden: 133120K(133120K)->0K(133120K) From: 0K(100352K)->0K(100352K)
[268.850s][info][gc,heap        ] GC(912) ParOldGen: 662385K(667648K)->542119K(667648K)
[268.850s][info][gc,metaspace   ] GC(912) Metaspace: 18815K(19008K)->18815K(19008K) NonClass: 16150K(16256K)->16150K(16256K) Class: 2665K(2752K)->2665K(2752K)
[268.850s][info][gc             ] GC(912) Pause Full (Allocation Failure) 776M->529M(880M) 1034.841ms
[268.850s][info][gc,cpu         ] GC(912) User=1.98s Sys=0.00s Real=1.04s
[269.072s][info][gc,start       ] GC(913) Pause Young (Allocation Failure)
[269.085s][info][gc,heap        ] GC(913) PSYoungGen: 133120K(233472K)->12299K(230400K) Eden: 133120K(133120K)->0K(133120K) From: 0K(100352K)->12299K(97280K)
[269.085s][info][gc,heap        ] GC(913) ParOldGen: 542119K(667648K)->542119K(667648K)
[269.085s][info][gc,metaspace   ] GC(913) Metaspace: 18815K(19008K)->18815K(19008K) NonClass: 16150K(16256K)->16150K(16256K) Class: 2665K(2752K)->2665K(2752K)
[269.085s][info][gc             ] GC(913) Pause Young (Allocation Failure) 659M->541M(877M) 12.779ms
[269.085s][info][gc,cpu         ] GC(913) User=0.02s Sys=0.00s Real=0.01s
[269.258s][info][gc,start       ] GC(914) Pause Young (Allocation Failure)
[269.267s][info][gc,heap        ] GC(914) PSYoungGen: 145419K(230400K)->8907K(231936K) Eden: 133120K(133120K)->0K(133120K) From: 12299K(97280K)->8907K(98816K)
[269.267s][info][gc,heap        ] GC(914) ParOldGen: 542119K(667648K)->542119K(667648K)
[269.267s][info][gc,metaspace   ] GC(914) Metaspace: 18816K(19008K)->18816K(19008K) NonClass: 16151K(16256K)->16151K(16256K) Class: 2665K(2752K)->2665K(2752K)
[269.267s][info][gc             ] GC(914) Pause Young (Allocation Failure) 671M->538M(878M) 9.610ms
[269.267s][info][gc,cpu         ] GC(914) User=0.02s Sys=0.00s Real=0.01s
[269.393s][info][gc,start       ] GC(915) Pause Young (Allocation Failure)
[269.418s][info][gc,heap        ] GC(915) PSYoungGen: 142027K(231936K)->28891K(223744K) Eden: 133120K(133120K)->0K(137728K) From: 8907K(98816K)->28891K(86016K)
[269.418s][info][gc,heap        ] GC(915) ParOldGen: 542119K(667648K)->542119K(667648K)
[269.418s][info][gc,metaspace   ] GC(915) Metaspace: 18816K(19008K)->18816K(19008K) NonClass: 16151K(16256K)->16151K(16256K) Class: 2665K(2752K)->2665K(2752K)
[269.418s][info][gc             ] GC(915) Pause Young (Allocation Failure) 668M->557M(870M) 24.914ms
[269.418s][info][gc,cpu         ] GC(915) User=0.05s Sys=0.00s Real=0.03s
[269.571s][info][gc,start       ] GC(916) Pause Young (Allocation Failure)
[269.605s][info][gc,heap        ] GC(916) PSYoungGen: 166619K(223744K)->38187K(229376K) Eden: 137728K(137728K)->0K(137728K) From: 28891K(86016K)->38187K(91648K)
[269.605s][info][gc,heap        ] GC(916) ParOldGen: 542119K(667648K)->542119K(667648K)
[269.605s][info][gc,metaspace   ] GC(916) Metaspace: 18816K(19008K)->18816K(19008K) NonClass: 16151K(16256K)->16151K(16256K) Class: 2665K(2752K)->2665K(2752K)
[269.605s][info][gc             ] GC(916) Pause Young (Allocation Failure) 692M->566M(876M) 34.089ms
[269.605s][info][gc,cpu         ] GC(916) User=0.07s Sys=0.00s Real=0.03s
[269.837s][info][gc,start       ] GC(917) Pause Young (Allocation Failure)
[269.876s][info][gc,heap        ] GC(917) PSYoungGen: 175915K(229376K)->41291K(225280K) Eden: 137728K(137728K)->0K(143360K) From: 38187K(91648K)->41291K(81920K)
[269.876s][info][gc,heap        ] GC(917) ParOldGen: 542119K(667648K)->542119K(667648K)
[269.876s][info][gc,metaspace   ] GC(917) Metaspace: 18819K(19008K)->18819K(19008K) NonClass: 16154K(16256K)->16154K(16256K) Class: 2665K(2752K)->2665K(2752K)
[269.876s][info][gc             ] GC(917) Pause Young (Allocation Failure) 701M->569M(872M) 38.941ms
[269.876s][info][gc,cpu         ] GC(917) User=0.07s Sys=0.00s Real=0.04s
[270.120s][info][gc,start       ] GC(918) Pause Young (Allocation Failure)
[270.164s][info][gc,heap        ] GC(918) PSYoungGen: 184651K(225280K)->49515K(228352K) Eden: 143360K(143360K)->0K(143360K) From: 41291K(81920K)->49515K(84992K)
[270.165s][info][gc,heap        ] GC(918) ParOldGen: 542119K(667648K)->542119K(667648K)
[270.165s][info][gc,metaspace   ] GC(918) Metaspace: 18819K(19008K)->18819K(19008K) NonClass: 16154K(16256K)->16154K(16256K) Class: 2665K(2752K)->2665K(2752K)
[270.165s][info][gc             ] GC(918) Pause Young (Allocation Failure) 709M->577M(875M) 44.191ms
[270.165s][info][gc,cpu         ] GC(918) User=0.09s Sys=0.00s Real=0.04s
[270.343s][info][gc,start       ] GC(919) Pause Young (Allocation Failure)
[270.361s][info][gc,heap        ] GC(919) PSYoungGen: 192875K(228352K)->19179K(229888K) Eden: 143360K(143360K)->0K(148992K) From: 49515K(84992K)->19179K(80896K)
[270.361s][info][gc,heap        ] GC(919) ParOldGen: 542119K(667648K)->542119K(667648K)
[270.361s][info][gc,metaspace   ] GC(919) Metaspace: 18819K(19008K)->18819K(19008K) NonClass: 16154K(16256K)->16154K(16256K) Class: 2665K(2752K)->2665K(2752K)
[270.361s][info][gc             ] GC(919) Pause Young (Allocation Failure) 717M->548M(876M) 17.991ms
[270.361s][info][gc,cpu         ] GC(919) User=0.04s Sys=0.00s Real=0.02s
[270.449s][info][gc,start       ] GC(920) Pause Young (Allocation Failure)
[270.503s][info][gc,heap        ] GC(920) PSYoungGen: 168171K(229888K)->72171K(232448K) Eden: 148992K(148992K)->0K(148992K) From: 19179K(80896K)->72171K(83456K)
[270.503s][info][gc,heap        ] GC(920) ParOldGen: 542119K(667648K)->542119K(667648K)
[270.503s][info][gc,metaspace   ] GC(920) Metaspace: 18819K(19008K)->18819K(19008K) NonClass: 16154K(16256K)->16154K(16256K) Class: 2665K(2752K)->2665K(2752K)
[270.503s][info][gc             ] GC(920) Pause Young (Allocation Failure) 693M->599M(879M) 54.594ms
[270.503s][info][gc,cpu         ] GC(920) User=0.11s Sys=0.00s Real=0.05s
[270.709s][info][gc,start       ] GC(921) Pause Young (Allocation Failure)
[270.782s][info][gc,heap        ] GC(921) PSYoungGen: 221163K(232448K)->92651K(210432K) Eden: 148992K(148992K)->0K(117760K) From: 72171K(83456K)->92651K(92672K)
[270.782s][info][gc,heap        ] GC(921) ParOldGen: 542119K(667648K)->543343K(667648K)
[270.782s][info][gc,metaspace   ] GC(921) Metaspace: 18819K(19008K)->18819K(19008K) NonClass: 16154K(16256K)->16154K(16256K) Class: 2665K(2752K)->2665K(2752K)
[270.783s][info][gc             ] GC(921) Pause Young (Allocation Failure) 745M->621M(857M) 73.317ms
[270.783s][info][gc,cpu         ] GC(921) User=0.13s Sys=0.01s Real=0.07s
[270.950s][info][gc,start       ] GC(922) Pause Young (Allocation Failure)
[271.029s][info][gc,heap        ] GC(922) PSYoungGen: 210411K(210432K)->91840K(209920K) Eden: 117760K(117760K)->0K(117760K) From: 92651K(92672K)->91840K(92160K)
[271.029s][info][gc,heap        ] GC(922) ParOldGen: 543343K(667648K)->547811K(667648K)
[271.029s][info][gc,metaspace   ] GC(922) Metaspace: 18819K(19008K)->18819K(19008K) NonClass: 16154K(16256K)->16154K(16256K) Class: 2665K(2752K)->2665K(2752K)
[271.029s][info][gc             ] GC(922) Pause Young (Allocation Failure) 736M->624M(857M) 79.018ms
[271.029s][info][gc,cpu         ] GC(922) User=0.16s Sys=0.00s Real=0.08s
[271.160s][info][gc,start       ] GC(923) Pause Young (Allocation Failure)
[271.269s][info][gc,heap        ] GC(923) PSYoungGen: 209600K(209920K)->111072K(222720K) Eden: 117760K(117760K)->0K(111616K) From: 91840K(92160K)->111072K(111104K)
[271.269s][info][gc,heap        ] GC(923) ParOldGen: 547811K(667648K)->552587K(667648K)
[271.269s][info][gc,metaspace   ] GC(923) Metaspace: 18819K(19008K)->18819K(19008K) NonClass: 16154K(16256K)->16154K(16256K) Class: 2665K(2752K)->2665K(2752K)
[271.269s][info][gc             ] GC(923) Pause Young (Allocation Failure) 739M->648M(869M) 108.421ms
[271.269s][info][gc,cpu         ] GC(923) User=0.21s Sys=0.00s Real=0.11s
[271.394s][info][gc,start       ] GC(924) Pause Young (Allocation Failure)
[271.515s][info][gc,heap        ] GC(924) PSYoungGen: 222688K(222720K)->111072K(222720K) Eden: 111616K(111616K)->0K(111616K) From: 111072K(111104K)->111072K(111104K)
[271.516s][info][gc,heap        ] GC(924) ParOldGen: 552587K(667648K)->567328K(667648K)
[271.516s][info][gc,metaspace   ] GC(924) Metaspace: 18819K(19008K)->18819K(19008K) NonClass: 16154K(16256K)->16154K(16256K) Class: 2665K(2752K)->2665K(2752K)
[271.516s][info][gc             ] GC(924) Pause Young (Allocation Failure) 757M->662M(869M) 121.203ms
[271.516s][info][gc,cpu         ] GC(924) User=0.24s Sys=0.00s Real=0.12s
[271.611s][info][gc,start       ] GC(925) Pause Young (Allocation Failure)
[271.715s][info][gc,heap        ] GC(925) PSYoungGen: 222688K(222720K)->60352K(222720K) Eden: 111616K(111616K)->0K(111616K) From: 111072K(111104K)->60352K(111104K)
[271.715s][info][gc,heap        ] GC(925) ParOldGen: 567328K(667648K)->619432K(667648K)
[271.715s][info][gc,metaspace   ] GC(925) Metaspace: 18819K(19008K)->18819K(19008K) NonClass: 16154K(16256K)->16154K(16256K) Class: 2665K(2752K)->2665K(2752K)
[271.715s][info][gc             ] GC(925) Pause Young (Allocation Failure) 771M->663M(869M) 104.675ms
[271.715s][info][gc,cpu         ] GC(925) User=0.21s Sys=0.01s Real=0.10s
[271.846s][info][gc,start       ] GC(926) Pause Full (Allocation Failure)
[271.846s][info][gc,phases,start] GC(926) Marking Phase
[272.100s][info][gc,phases      ] GC(926) Marking Phase 253.123ms
[272.100s][info][gc,phases,start] GC(926) Summary Phase
[272.100s][info][gc,phases      ] GC(926) Summary Phase 0.024ms
[272.100s][info][gc,phases,start] GC(926) Forward
[272.214s][info][gc,phases      ] GC(926) Forward 114.175ms
[272.214s][info][gc,phases,start] GC(926) Adjust Pointers
[272.395s][info][gc,phases      ] GC(926) Adjust Pointers 181.071ms
[272.395s][info][gc,phases,start] GC(926) Compaction Phase
[272.497s][info][gc,phases      ] GC(926) Compaction Phase 102.143ms
[272.508s][info][gc,phases,start] GC(926) Post Compact
[272.510s][info][gc,phases      ] GC(926) Post Compact 2.239ms
[272.511s][info][gc,heap        ] GC(926) PSYoungGen: 171968K(222720K)->0K(222720K) Eden: 111616K(111616K)->0K(111616K) From: 60352K(111104K)->0K(111104K)
[272.511s][info][gc,heap        ] GC(926) ParOldGen: 619432K(667648K)->349061K(650752K)
[272.511s][info][gc,metaspace   ] GC(926) Metaspace: 18819K(19008K)->18819K(19008K) NonClass: 16154K(16256K)->16154K(16256K) Class: 2665K(2752K)->2665K(2752K)
[272.511s][info][gc             ] GC(926) Pause Full (Allocation Failure) 772M->340M(853M) 664.708ms
[272.511s][info][gc,cpu         ] GC(926) User=1.18s Sys=0.00s Real=0.67s
[272.654s][info][gc,start       ] GC(927) Pause Young (Allocation Failure)
[272.660s][info][gc,heap        ] GC(927) PSYoungGen: 111616K(222720K)->3968K(222720K) Eden: 111616K(111616K)->0K(111616K) From: 0K(111104K)->3968K(111104K)
[272.660s][info][gc,heap        ] GC(927) ParOldGen: 349061K(650752K)->349061K(650752K)
[272.660s][info][gc,metaspace   ] GC(927) Metaspace: 18819K(19008K)->18819K(19008K) NonClass: 16154K(16256K)->16154K(16256K) Class: 2665K(2752K)->2665K(2752K)
[272.660s][info][gc             ] GC(927) Pause Young (Allocation Failure) 449M->344M(853M) 6.754ms
[272.660s][info][gc,cpu         ] GC(927) User=0.01s Sys=0.00s Real=0.01s
[272.856s][info][gc,start       ] GC(928) Pause Young (Allocation Failure)
[272.873s][info][gc,heap        ] GC(928) PSYoungGen: 115584K(222720K)->16576K(222720K) Eden: 111616K(111616K)->0K(111616K) From: 3968K(111104K)->16576K(111104K)
[272.873s][info][gc,heap        ] GC(928) ParOldGen: 349061K(650752K)->349061K(650752K)
[272.873s][info][gc,metaspace   ] GC(928) Metaspace: 18819K(19008K)->18819K(19008K) NonClass: 16154K(16256K)->16154K(16256K) Class: 2665K(2752K)->2665K(2752K)
[272.873s][info][gc             ] GC(928) Pause Young (Allocation Failure) 453M->357M(853M) 17.109ms
[272.873s][info][gc,cpu         ] GC(928) User=0.03s Sys=0.00s Real=0.02s
[272.916s][info][gc,start       ] GC(929) Pause Young (Allocation Failure)
[272.964s][info][gc,heap        ] GC(929) PSYoungGen: 128192K(222720K)->53552K(222720K) Eden: 111616K(111616K)->0K(111616K) From: 16576K(111104K)->53552K(111104K)
[272.964s][info][gc,heap        ] GC(929) ParOldGen: 349061K(650752K)->353037K(650752K)
[272.964s][info][gc,metaspace   ] GC(929) Metaspace: 18819K(19008K)->18819K(19008K) NonClass: 16154K(16256K)->16154K(16256K) Class: 2665K(2752K)->2665K(2752K)
[272.964s][info][gc             ] GC(929) Pause Young (Allocation Failure) 466M->397M(853M) 47.876ms
[272.964s][info][gc,cpu         ] GC(929) User=0.09s Sys=0.00s Real=0.05s
[273.076s][info][gc,start       ] GC(930) Pause Young (Allocation Failure)
[273.131s][info][gc,heap        ] GC(930) PSYoungGen: 165168K(222720K)->14592K(222720K) Eden: 111616K(111616K)->0K(111616K) From: 53552K(111104K)->14592K(111104K)
[273.131s][info][gc,heap        ] GC(930) ParOldGen: 353037K(650752K)->406954K(650752K)
[273.131s][info][gc,metaspace   ] GC(930) Metaspace: 18819K(19008K)->18819K(19008K) NonClass: 16154K(16256K)->16154K(16256K) Class: 2665K(2752K)->2665K(2752K)
[273.131s][info][gc             ] GC(930) Pause Young (Allocation Failure) 506M->411M(853M) 55.161ms
[273.131s][info][gc,cpu         ] GC(930) User=0.11s Sys=0.00s Real=0.06s
[273.345s][info][gc,start       ] GC(931) Pause Young (Allocation Failure)
[273.376s][info][gc,heap        ] GC(931) PSYoungGen: 126208K(222720K)->10048K(222720K) Eden: 111616K(111616K)->0K(111616K) From: 14592K(111104K)->10048K(111104K)
[273.377s][info][gc,heap        ] GC(931) ParOldGen: 406954K(650752K)->421618K(650752K)
[273.377s][info][gc,metaspace   ] GC(931) Metaspace: 18819K(19008K)->18819K(19008K) NonClass: 16154K(16256K)->16154K(16256K) Class: 2665K(2752K)->2665K(2752K)
[273.377s][info][gc             ] GC(931) Pause Young (Allocation Failure) 520M->421M(853M) 31.627ms
[273.377s][info][gc,cpu         ] GC(931) User=0.06s Sys=0.00s Real=0.03s
[273.544s][info][gc,start       ] GC(932) Pause Young (Allocation Failure)
[273.568s][info][gc,heap        ] GC(932) PSYoungGen: 121664K(222720K)->7840K(222720K) Eden: 111616K(111616K)->0K(111616K) From: 10048K(111104K)->7840K(111104K)
[273.568s][info][gc,heap        ] GC(932) ParOldGen: 421618K(650752K)->431658K(650752K)
[273.568s][info][gc,metaspace   ] GC(932) Metaspace: 18819K(19008K)->18819K(19008K) NonClass: 16154K(16256K)->16154K(16256K) Class: 2665K(2752K)->2665K(2752K)
[273.568s][info][gc             ] GC(932) Pause Young (Allocation Failure) 530M->429M(853M) 23.724ms
[273.568s][info][gc,cpu         ] GC(932) User=0.05s Sys=0.00s Real=0.03s
[273.677s][info][gc,start       ] GC(933) Pause Young (Allocation Failure)
[273.699s][info][gc,heap        ] GC(933) PSYoungGen: 119456K(222720K)->13248K(222720K) Eden: 111616K(111616K)->0K(111616K) From: 7840K(111104K)->13248K(111104K)
[273.699s][info][gc,heap        ] GC(933) ParOldGen: 431658K(650752K)->439266K(650752K)
[273.699s][info][gc,metaspace   ] GC(933) Metaspace: 18819K(19008K)->18819K(19008K) NonClass: 16154K(16256K)->16154K(16256K) Class: 2665K(2752K)->2665K(2752K)
[273.699s][info][gc             ] GC(933) Pause Young (Allocation Failure) 538M->441M(853M) 21.793ms
[273.699s][info][gc,cpu         ] GC(933) User=0.04s Sys=0.00s Real=0.03s
[273.821s][info][gc,start       ] GC(934) Pause Young (Allocation Failure)
[273.838s][info][gc,heap        ] GC(934) PSYoungGen: 124864K(222720K)->2944K(222720K) Eden: 111616K(111616K)->0K(111616K) From: 13248K(111104K)->2944K(111104K)
[273.838s][info][gc,heap        ] GC(934) ParOldGen: 439266K(650752K)->452490K(650752K)
[273.838s][info][gc,metaspace   ] GC(934) Metaspace: 18819K(19008K)->18819K(19008K) NonClass: 16154K(16256K)->16154K(16256K) Class: 2665K(2752K)->2665K(2752K)
[273.838s][info][gc             ] GC(934) Pause Young (Allocation Failure) 550M->444M(853M) 17.677ms
[273.838s][info][gc,cpu         ] GC(934) User=0.03s Sys=0.00s Real=0.02s
[273.976s][info][gc,start       ] GC(935) Pause Young (Allocation Failure)
[273.989s][info][gc,heap        ] GC(935) PSYoungGen: 114560K(222720K)->8832K(222720K) Eden: 111616K(111616K)->0K(111616K) From: 2944K(111104K)->8832K(111104K)
[273.989s][info][gc,heap        ] GC(935) ParOldGen: 452490K(650752K)->455378K(650752K)
[273.989s][info][gc,metaspace   ] GC(935) Metaspace: 18819K(19008K)->18819K(19008K) NonClass: 16154K(16256K)->16154K(16256K) Class: 2665K(2752K)->2665K(2752K)
[273.989s][info][gc             ] GC(935) Pause Young (Allocation Failure) 553M->453M(853M) 13.392ms
[273.989s][info][gc,cpu         ] GC(935) User=0.02s Sys=0.00s Real=0.02s
[274.217s][info][gc,start       ] GC(936) Pause Young (Allocation Failure)
[274.233s][info][gc,heap        ] GC(936) PSYoungGen: 120448K(222720K)->5792K(222720K) Eden: 111616K(111616K)->0K(111616K) From: 8832K(111104K)->5792K(111104K)
[274.233s][info][gc,heap        ] GC(936) ParOldGen: 455378K(650752K)->464218K(650752K)
[274.233s][info][gc,metaspace   ] GC(936) Metaspace: 18819K(19008K)->18819K(19008K) NonClass: 16154K(16256K)->16154K(16256K) Class: 2665K(2752K)->2665K(2752K)
[274.233s][info][gc             ] GC(936) Pause Young (Allocation Failure) 562M->458M(853M) 16.334ms
[274.233s][info][gc,cpu         ] GC(936) User=0.03s Sys=0.00s Real=0.02s
[274.464s][info][gc,start       ] GC(937) Pause Young (Allocation Failure)
[274.471s][info][gc,heap        ] GC(937) PSYoungGen: 117408K(222720K)->64K(222720K) Eden: 111616K(111616K)->0K(111616K) From: 5792K(111104K)->64K(111104K)
[274.471s][info][gc,heap        ] GC(937) ParOldGen: 464218K(650752K)->469948K(650752K)
[274.471s][info][gc,metaspace   ] GC(937) Metaspace: 18819K(19008K)->18819K(19008K) NonClass: 16154K(16256K)->16154K(16256K) Class: 2665K(2752K)->2665K(2752K)
[274.471s][info][gc             ] GC(937) Pause Young (Allocation Failure) 567M->458M(853M) 7.278ms
[274.471s][info][gc,cpu         ] GC(937) User=0.01s Sys=0.00s Real=0.01s
[274.689s][info][gc,start       ] GC(938) Pause Young (Allocation Failure)
[274.692s][info][gc,heap        ] GC(938) PSYoungGen: 111680K(222720K)->64K(112128K) Eden: 111616K(111616K)->0K(111616K) From: 64K(111104K)->64K(512K)
[274.692s][info][gc,heap        ] GC(938) ParOldGen: 469948K(650752K)->469948K(650752K)
[274.692s][info][gc,metaspace   ] GC(938) Metaspace: 18819K(19008K)->18819K(19008K) NonClass: 16154K(16256K)->16154K(16256K) Class: 2665K(2752K)->2665K(2752K)
[274.692s][info][gc             ] GC(938) Pause Young (Allocation Failure) 567M->458M(745M) 2.220ms
[274.692s][info][gc,cpu         ] GC(938) User=0.00s Sys=0.00s Real=0.00s
[274.917s][info][gc,start       ] GC(939) Pause Young (Allocation Failure)
[274.924s][info][gc,heap        ] GC(939) PSYoungGen: 111680K(112128K)->96K(216576K) Eden: 111616K(111616K)->0K(114688K) From: 64K(512K)->96K(101888K)
[274.924s][info][gc,heap        ] GC(939) ParOldGen: 469948K(650752K)->469948K(650752K)
[274.924s][info][gc,metaspace   ] GC(939) Metaspace: 18819K(19008K)->18819K(19008K) NonClass: 16154K(16256K)->16154K(16256K) Class: 2665K(2752K)->2665K(2752K)
[274.924s][info][gc             ] GC(939) Pause Young (Allocation Failure) 567M->459M(847M) 6.861ms
[274.924s][info][gc,cpu         ] GC(939) User=0.01s Sys=0.00s Real=0.01s
[275.046s][info][gc,start       ] GC(940) Pause Young (Allocation Failure)
[275.066s][info][gc,heap        ] GC(940) PSYoungGen: 114784K(216576K)->25168K(140288K) Eden: 114688K(114688K)->0K(114688K) From: 96K(101888K)->25168K(25600K)
[275.066s][info][gc,heap        ] GC(940) ParOldGen: 469948K(650752K)->469948K(650752K)
[275.066s][info][gc,metaspace   ] GC(940) Metaspace: 18819K(19008K)->18819K(19008K) NonClass: 16154K(16256K)->16154K(16256K) Class: 2665K(2752K)->2665K(2752K)
[275.066s][info][gc             ] GC(940) Pause Young (Allocation Failure) 571M->483M(772M) 19.864ms
[275.066s][info][gc,cpu         ] GC(940) User=0.03s Sys=0.00s Real=0.02s
[275.129s][info][gc,start       ] GC(941) Pause Young (Allocation Failure)
[275.173s][info][gc,heap        ] GC(941) PSYoungGen: 139856K(140288K)->66848K(205312K) Eden: 114688K(114688K)->0K(109056K) From: 25168K(25600K)->66848K(96256K)
[275.173s][info][gc,heap        ] GC(941) ParOldGen: 469948K(650752K)->469948K(650752K)
[275.173s][info][gc,metaspace   ] GC(941) Metaspace: 18819K(19008K)->18819K(19008K) NonClass: 16154K(16256K)->16154K(16256K) Class: 2665K(2752K)->2665K(2752K)
[275.173s][info][gc             ] GC(941) Pause Young (Allocation Failure) 595M->524M(836M) 43.925ms
[275.173s][info][gc,cpu         ] GC(941) User=0.09s Sys=0.00s Real=0.04s
[275.348s][info][gc,start       ] GC(942) Pause Young (Allocation Failure)
[275.390s][info][gc,heap        ] GC(942) PSYoungGen: 175904K(205312K)->70464K(214528K) Eden: 109056K(109056K)->0K(109056K) From: 66848K(96256K)->70464K(105472K)
[275.390s][info][gc,heap        ] GC(942) ParOldGen: 469948K(650752K)->469948K(650752K)
[275.390s][info][gc,metaspace   ] GC(942) Metaspace: 18819K(19008K)->18819K(19008K) NonClass: 16154K(16256K)->16154K(16256K) Class: 2665K(2752K)->2665K(2752K)
[275.390s][info][gc             ] GC(942) Pause Young (Allocation Failure) 630M->527M(845M) 42.011ms
[275.390s][info][gc,cpu         ] GC(942) User=0.09s Sys=0.00s Real=0.04s
[275.544s][info][gc,start       ] GC(943) Pause Young (Allocation Failure)
[275.609s][info][gc,heap        ] GC(943) PSYoungGen: 179520K(214528K)->82288K(222720K) Eden: 109056K(109056K)->0K(111616K) From: 70464K(105472K)->82288K(111104K)
[275.609s][info][gc,heap        ] GC(943) ParOldGen: 469948K(650752K)->469991K(650752K)
[275.609s][info][gc,metaspace   ] GC(943) Metaspace: 18819K(19008K)->18819K(19008K) NonClass: 16154K(16256K)->16154K(16256K) Class: 2665K(2752K)->2665K(2752K)
[275.609s][info][gc             ] GC(943) Pause Young (Allocation Failure) 634M->539M(853M) 64.419ms
[275.609s][info][gc,cpu         ] GC(943) User=0.13s Sys=0.00s Real=0.07s
[275.780s][info][gc,start       ] GC(944) Pause Young (Allocation Failure)
[275.853s][info][gc,heap        ] GC(944) PSYoungGen: 193904K(222720K)->63360K(222720K) Eden: 111616K(111616K)->0K(111616K) From: 82288K(111104K)->63360K(111104K)
[275.853s][info][gc,heap        ] GC(944) ParOldGen: 469991K(650752K)->495386K(650752K)
[275.853s][info][gc,metaspace   ] GC(944) Metaspace: 18819K(19008K)->18819K(19008K) NonClass: 16154K(16256K)->16154K(16256K) Class: 2665K(2752K)->2665K(2752K)
[275.853s][info][gc             ] GC(944) Pause Young (Allocation Failure) 648M->545M(853M) 73.700ms
[275.853s][info][gc,cpu         ] GC(944) User=0.15s Sys=0.00s Real=0.07s
[276.048s][info][gc,start       ] GC(945) Pause Young (Allocation Failure)
[276.117s][info][gc,heap        ] GC(945) PSYoungGen: 174976K(222720K)->18112K(222720K) Eden: 111616K(111616K)->0K(111616K) From: 63360K(111104K)->18112K(111104K)
[276.117s][info][gc,heap        ] GC(945) ParOldGen: 495386K(650752K)->541153K(650752K)
[276.117s][info][gc,metaspace   ] GC(945) Metaspace: 18819K(19008K)->18819K(19008K) NonClass: 16154K(16256K)->16154K(16256K) Class: 2665K(2752K)->2665K(2752K)
[276.117s][info][gc             ] GC(945) Pause Young (Allocation Failure) 654M->546M(853M) 69.560ms
[276.118s][info][gc,cpu         ] GC(945) User=0.14s Sys=0.00s Real=0.07s
[276.273s][info][gc,start       ] GC(946) Pause Young (Allocation Failure)
[276.303s][info][gc,heap        ] GC(946) PSYoungGen: 129728K(222720K)->352K(222720K) Eden: 111616K(111616K)->0K(111616K) From: 18112K(111104K)->352K(111104K)
[276.303s][info][gc,heap        ] GC(946) ParOldGen: 541153K(650752K)->559265K(650752K)
[276.303s][info][gc,metaspace   ] GC(946) Metaspace: 18819K(19008K)->18819K(19008K) NonClass: 16154K(16256K)->16154K(16256K) Class: 2665K(2752K)->2665K(2752K)
[276.303s][info][gc             ] GC(946) Pause Young (Allocation Failure) 655M->546M(853M) 29.311ms
[276.303s][info][gc,cpu         ] GC(946) User=0.06s Sys=0.00s Real=0.03s
[276.422s][info][gc,start       ] GC(947) Pause Young (Allocation Failure)
[276.441s][info][gc,heap        ] GC(947) PSYoungGen: 111968K(222720K)->24985K(222720K) Eden: 111616K(111616K)->0K(111616K) From: 352K(111104K)->24985K(111104K)
[276.441s][info][gc,heap        ] GC(947) ParOldGen: 559265K(650752K)->559577K(650752K)
[276.441s][info][gc,metaspace   ] GC(947) Metaspace: 18819K(19008K)->18819K(19008K) NonClass: 16154K(16256K)->16154K(16256K) Class: 2665K(2752K)->2665K(2752K)
[276.441s][info][gc             ] GC(947) Pause Young (Allocation Failure) 655M->570M(853M) 18.938ms
[276.441s][info][gc,cpu         ] GC(947) User=0.04s Sys=0.00s Real=0.02s
[276.496s][info][gc,start       ] GC(948) Pause Young (Allocation Failure)
[276.537s][info][gc,heap        ] GC(948) PSYoungGen: 136601K(222720K)->61737K(222720K) Eden: 111616K(111616K)->0K(111616K) From: 24985K(111104K)->61737K(111104K)
[276.537s][info][gc,heap        ] GC(948) ParOldGen: 559577K(650752K)->559577K(650752K)
[276.537s][info][gc,metaspace   ] GC(948) Metaspace: 18819K(19008K)->18819K(19008K) NonClass: 16154K(16256K)->16154K(16256K) Class: 2665K(2752K)->2665K(2752K)
[276.537s][info][gc             ] GC(948) Pause Young (Allocation Failure) 679M->606M(853M) 40.972ms
[276.537s][info][gc,cpu         ] GC(948) User=0.08s Sys=0.00s Real=0.04s
[276.693s][info][gc,start       ] GC(949) Pause Young (Allocation Failure)
[276.738s][info][gc,heap        ] GC(949) PSYoungGen: 173353K(222720K)->8384K(222720K) Eden: 111616K(111616K)->0K(111616K) From: 61737K(111104K)->8384K(111104K)
[276.738s][info][gc,heap        ] GC(949) ParOldGen: 559577K(650752K)->621994K(650752K)
[276.738s][info][gc,metaspace   ] GC(949) Metaspace: 18819K(19008K)->18819K(19008K) NonClass: 16154K(16256K)->16154K(16256K) Class: 2665K(2752K)->2665K(2752K)
[276.738s][info][gc             ] GC(949) Pause Young (Allocation Failure) 715M->615M(853M) 45.213ms
[276.738s][info][gc,cpu         ] GC(949) User=0.09s Sys=0.00s Real=0.05s
[276.825s][info][gc,start       ] GC(950) Pause Full (Allocation Failure)
[276.825s][info][gc,phases,start] GC(950) Marking Phase
[277.127s][info][gc,phases      ] GC(950) Marking Phase 302.201ms
[277.127s][info][gc,phases,start] GC(950) Summary Phase
[277.127s][info][gc,phases      ] GC(950) Summary Phase 0.035ms
[277.127s][info][gc,phases,start] GC(950) Forward
[277.245s][info][gc,phases      ] GC(950) Forward 117.572ms
[277.245s][info][gc,phases,start] GC(950) Adjust Pointers
[277.479s][info][gc,phases      ] GC(950) Adjust Pointers 234.185ms
[277.479s][info][gc,phases,start] GC(950) Compaction Phase
[277.630s][info][gc,phases      ] GC(950) Compaction Phase 150.356ms
[277.639s][info][gc,phases,start] GC(950) Post Compact
[277.641s][info][gc,phases      ] GC(950) Post Compact 2.152ms
[277.641s][info][gc,heap        ] GC(950) PSYoungGen: 120000K(222720K)->0K(222720K) Eden: 111616K(111616K)->0K(111616K) From: 8384K(111104K)->0K(111104K)
[277.641s][info][gc,heap        ] GC(950) ParOldGen: 621994K(650752K)->464551K(667648K)
[277.641s][info][gc,metaspace   ] GC(950) Metaspace: 18819K(19008K)->18819K(19008K) NonClass: 16154K(16256K)->16154K(16256K) Class: 2665K(2752K)->2665K(2752K)
[277.641s][info][gc             ] GC(950) Pause Full (Allocation Failure) 724M->453M(869M) 815.990ms
[277.641s][info][gc,cpu         ] GC(950) User=1.53s Sys=0.00s Real=0.82s
[277.793s][info][gc,start       ] GC(951) Pause Young (Allocation Failure)
[277.822s][info][gc,heap        ] GC(951) PSYoungGen: 111616K(222720K)->16800K(212480K) Eden: 111616K(111616K)->0K(111616K) From: 0K(111104K)->16800K(100864K)
[277.822s][info][gc,heap        ] GC(951) ParOldGen: 464551K(667648K)->464551K(667648K)
[277.822s][info][gc,metaspace   ] GC(951) Metaspace: 18819K(19008K)->18819K(19008K) NonClass: 16154K(16256K)->16154K(16256K) Class: 2665K(2752K)->2665K(2752K)
[277.822s][info][gc             ] GC(951) Pause Young (Allocation Failure) 562M->470M(859M) 29.408ms
[277.822s][info][gc,cpu         ] GC(951) User=0.05s Sys=0.00s Real=0.03s
[277.970s][info][gc,start       ] GC(952) Pause Young (Allocation Failure)
[277.995s][info][gc,heap        ] GC(952) PSYoungGen: 128416K(212480K)->16800K(217600K) Eden: 111616K(111616K)->0K(111616K) From: 16800K(100864K)->16800K(105984K)
[277.995s][info][gc,heap        ] GC(952) ParOldGen: 464551K(667648K)->464551K(667648K)
[277.995s][info][gc,metaspace   ] GC(952) Metaspace: 18819K(19008K)->18819K(19008K) NonClass: 16154K(16256K)->16154K(16256K) Class: 2665K(2752K)->2665K(2752K)
[277.995s][info][gc             ] GC(952) Pause Young (Allocation Failure) 579M->470M(864M) 24.512ms
[277.995s][info][gc,cpu         ] GC(952) User=0.05s Sys=0.00s Real=0.02s
[278.141s][info][gc,start       ] GC(953) Pause Young (Allocation Failure)
[278.166s][info][gc,heap        ] GC(953) PSYoungGen: 128416K(217600K)->16800K(208384K) Eden: 111616K(111616K)->0K(118272K) From: 16800K(105984K)->16800K(90112K)
[278.166s][info][gc,heap        ] GC(953) ParOldGen: 464551K(667648K)->464551K(667648K)
[278.166s][info][gc,metaspace   ] GC(953) Metaspace: 18819K(19008K)->18819K(19008K) NonClass: 16154K(16256K)->16154K(16256K) Class: 2665K(2752K)->2665K(2752K)
[278.166s][info][gc             ] GC(953) Pause Young (Allocation Failure) 579M->470M(855M) 24.863ms
[278.166s][info][gc,cpu         ] GC(953) User=0.05s Sys=0.00s Real=0.02s
[278.322s][info][gc,start       ] GC(954) Pause Young (Allocation Failure)
[278.347s][info][gc,heap        ] GC(954) PSYoungGen: 135072K(208384K)->16800K(214016K) Eden: 118272K(118272K)->0K(118272K) From: 16800K(90112K)->16800K(95744K)
[278.347s][info][gc,heap        ] GC(954) ParOldGen: 464551K(667648K)->464551K(667648K)
[278.347s][info][gc,metaspace   ] GC(954) Metaspace: 18819K(19008K)->18819K(19008K) NonClass: 16154K(16256K)->16154K(16256K) Class: 2665K(2752K)->2665K(2752K)
[278.347s][info][gc             ] GC(954) Pause Young (Allocation Failure) 585M->470M(861M) 25.038ms
[278.347s][info][gc,cpu         ] GC(954) User=0.04s Sys=0.00s Real=0.02s
[278.510s][info][gc,start       ] GC(955) Pause Young (Allocation Failure)
[278.535s][info][gc,heap        ] GC(955) PSYoungGen: 135072K(214016K)->16800K(206336K) Eden: 118272K(118272K)->0K(124928K) From: 16800K(95744K)->16800K(81408K)
[278.535s][info][gc,heap        ] GC(955) ParOldGen: 464551K(667648K)->464551K(667648K)
[278.535s][info][gc,metaspace   ] GC(955) Metaspace: 18819K(19008K)->18819K(19008K) NonClass: 16154K(16256K)->16154K(16256K) Class: 2665K(2752K)->2665K(2752K)
[278.535s][info][gc             ] GC(955) Pause Young (Allocation Failure) 585M->470M(853M) 25.727ms
[278.535s][info][gc,cpu         ] GC(955) User=0.05s Sys=0.00s Real=0.02s
[278.681s][info][gc,start       ] GC(956) Pause Young (Allocation Failure)
[278.717s][info][gc,heap        ] GC(956) PSYoungGen: 141728K(206336K)->27104K(211456K) Eden: 124928K(124928K)->0K(124928K) From: 16800K(81408K)->27104K(86528K)
[278.717s][info][gc,heap        ] GC(956) ParOldGen: 464551K(667648K)->464551K(667648K)
[278.717s][info][gc,metaspace   ] GC(956) Metaspace: 18819K(19008K)->18819K(19008K) NonClass: 16154K(16256K)->16154K(16256K) Class: 2665K(2752K)->2665K(2752K)
[278.717s][info][gc             ] GC(956) Pause Young (Allocation Failure) 592M->480M(858M) 36.305ms
[278.717s][info][gc,cpu         ] GC(956) User=0.07s Sys=0.00s Real=0.03s
[278.834s][info][gc,start       ] GC(957) Pause Young (Allocation Failure)
[278.890s][info][gc,heap        ] GC(957) PSYoungGen: 152032K(211456K)->48128K(210432K) Eden: 124928K(124928K)->0K(129536K) From: 27104K(86528K)->48128K(80896K)
[278.890s][info][gc,heap        ] GC(957) ParOldGen: 464551K(667648K)->464551K(667648K)
[278.890s][info][gc,metaspace   ] GC(957) Metaspace: 18819K(19008K)->18819K(19008K) NonClass: 16154K(16256K)->16154K(16256K) Class: 2665K(2752K)->2665K(2752K)
[278.890s][info][gc             ] GC(957) Pause Young (Allocation Failure) 602M->500M(857M) 55.542ms
[278.890s][info][gc,cpu         ] GC(957) User=0.11s Sys=0.00s Real=0.06s
[279.001s][info][gc,start       ] GC(958) Pause Young (Allocation Failure)
[279.060s][info][gc,heap        ] GC(958) PSYoungGen: 177664K(210432K)->51872K(212992K) Eden: 129536K(129536K)->0K(129536K) From: 48128K(80896K)->51872K(83456K)
[279.060s][info][gc,heap        ] GC(958) ParOldGen: 464551K(667648K)->464551K(667648K)
[279.060s][info][gc,metaspace   ] GC(958) Metaspace: 18819K(19008K)->18819K(19008K) NonClass: 16154K(16256K)->16154K(16256K) Class: 2665K(2752K)->2665K(2752K)
[279.060s][info][gc             ] GC(958) Pause Young (Allocation Failure) 627M->504M(860M) 59.281ms
[279.060s][info][gc,cpu         ] GC(958) User=0.11s Sys=0.00s Real=0.06s
[279.174s][info][gc,start       ] GC(959) Pause Young (Allocation Failure)
[279.234s][info][gc,heap        ] GC(959) PSYoungGen: 181408K(212992K)->53184K(222720K) Eden: 129536K(129536K)->0K(136192K) From: 51872K(83456K)->53184K(86528K)
[279.234s][info][gc,heap        ] GC(959) ParOldGen: 464551K(667648K)->464551K(667648K)
[279.234s][info][gc,metaspace   ] GC(959) Metaspace: 18819K(19008K)->18819K(19008K) NonClass: 16154K(16256K)->16154K(16256K) Class: 2665K(2752K)->2665K(2752K)
[279.234s][info][gc             ] GC(959) Pause Young (Allocation Failure) 630M->505M(869M) 59.841ms
[279.234s][info][gc,cpu         ] GC(959) User=0.12s Sys=0.00s Real=0.06s
[279.358s][info][gc,start       ] GC(960) Pause Young (Allocation Failure)
[279.421s][info][gc,heap        ] GC(960) PSYoungGen: 189376K(222720K)->56640K(225792K) Eden: 136192K(136192K)->0K(136192K) From: 53184K(86528K)->56640K(89600K)
[279.421s][info][gc,heap        ] GC(960) ParOldGen: 464551K(667648K)->464551K(667648K)
[279.421s][info][gc,metaspace   ] GC(960) Metaspace: 18819K(19008K)->18819K(19008K) NonClass: 16154K(16256K)->16154K(16256K) Class: 2665K(2752K)->2665K(2752K)
[279.421s][info][gc             ] GC(960) Pause Young (Allocation Failure) 638M->508M(872M) 62.664ms
[279.421s][info][gc,cpu         ] GC(960) User=0.12s Sys=0.00s Real=0.06s
[279.534s][info][gc,start       ] GC(961) Pause Young (Allocation Failure)
[279.599s][info][gc,heap        ] GC(961) PSYoungGen: 192832K(225792K)->56704K(237056K) Eden: 136192K(136192K)->0K(144384K) From: 56640K(89600K)->56704K(92672K)
[279.599s][info][gc,heap        ] GC(961) ParOldGen: 464551K(667648K)->464551K(667648K)
[279.599s][info][gc,metaspace   ] GC(961) Metaspace: 18819K(19008K)->18819K(19008K) NonClass: 16154K(16256K)->16154K(16256K) Class: 2665K(2752K)->2665K(2752K)
[279.599s][info][gc             ] GC(961) Pause Young (Allocation Failure) 641M->509M(883M) 64.665ms
[279.599s][info][gc,cpu         ] GC(961) User=0.12s Sys=0.00s Real=0.07s
[279.764s][info][gc,start       ] GC(962) Pause Young (Allocation Failure)
[279.842s][info][gc,heap        ] GC(962) PSYoungGen: 201088K(237056K)->74896K(219648K) Eden: 144384K(144384K)->0K(144384K) From: 56704K(92672K)->74896K(75264K)
[279.842s][info][gc,heap        ] GC(962) ParOldGen: 464551K(667648K)->464551K(667648K)
[279.842s][info][gc,metaspace   ] GC(962) Metaspace: 18819K(19008K)->18819K(19008K) NonClass: 16154K(16256K)->16154K(16256K) Class: 2665K(2752K)->2665K(2752K)
[279.842s][info][gc             ] GC(962) Pause Young (Allocation Failure) 650M->526M(866M) 77.701ms
[279.842s][info][gc,cpu         ] GC(962) User=0.15s Sys=0.00s Real=0.08s
[280.038s][info][gc,start       ] GC(963) Pause Young (Allocation Failure)
[280.129s][info][gc,heap        ] GC(963) PSYoungGen: 219280K(219648K)->80080K(214528K) Eden: 144384K(144384K)->0K(111616K) From: 74896K(75264K)->80080K(102912K)
[280.129s][info][gc,heap        ] GC(963) ParOldGen: 464551K(667648K)->464551K(667648K)
[280.129s][info][gc,metaspace   ] GC(963) Metaspace: 18819K(19008K)->18819K(19008K) NonClass: 16154K(16256K)->16154K(16256K) Class: 2665K(2752K)->2665K(2752K)
[280.129s][info][gc             ] GC(963) Pause Young (Allocation Failure) 667M->531M(861M) 90.661ms
[280.129s][info][gc,cpu         ] GC(963) User=0.17s Sys=0.01s Real=0.09s
[280.341s][info][gc,start       ] GC(964) Pause Young (Allocation Failure)
[280.437s][info][gc,heap        ] GC(964) PSYoungGen: 191696K(214528K)->92880K(222720K) Eden: 111616K(111616K)->0K(111616K) From: 80080K(102912K)->92880K(111104K)
[280.437s][info][gc,heap        ] GC(964) ParOldGen: 464551K(667648K)->464551K(667648K)
[280.437s][info][gc,metaspace   ] GC(964) Metaspace: 18819K(19008K)->18819K(19008K) NonClass: 16154K(16256K)->16154K(16256K) Class: 2665K(2752K)->2665K(2752K)
[280.437s][info][gc             ] GC(964) Pause Young (Allocation Failure) 640M->544M(869M) 95.834ms
[280.437s][info][gc,cpu         ] GC(964) User=0.19s Sys=0.00s Real=0.09s
[280.561s][info][gc,start       ] GC(965) Pause Young (Allocation Failure)
[280.679s][info][gc,heap        ] GC(965) PSYoungGen: 204496K(222720K)->94720K(222720K) Eden: 111616K(111616K)->0K(111616K) From: 92880K(111104K)->94720K(111104K)
[280.679s][info][gc,heap        ] GC(965) ParOldGen: 464551K(667648K)->481367K(667648K)
[280.679s][info][gc,metaspace   ] GC(965) Metaspace: 18819K(19008K)->18819K(19008K) NonClass: 16154K(16256K)->16154K(16256K) Class: 2665K(2752K)->2665K(2752K)
[280.679s][info][gc             ] GC(965) Pause Young (Allocation Failure) 653M->562M(869M) 118.014ms
[280.679s][info][gc,cpu         ] GC(965) User=0.23s Sys=0.01s Real=0.12s
[280.777s][info][gc,start       ] GC(966) Pause Young (Allocation Failure)
[280.875s][info][gc,heap        ] GC(966) PSYoungGen: 206336K(222720K)->98720K(222720K) Eden: 111616K(111616K)->0K(111616K) From: 94720K(111104K)->98720K(111104K)
[280.875s][info][gc,heap        ] GC(966) ParOldGen: 481367K(667648K)->481367K(667648K)
[280.875s][info][gc,metaspace   ] GC(966) Metaspace: 18819K(19008K)->18819K(19008K) NonClass: 16154K(16256K)->16154K(16256K) Class: 2665K(2752K)->2665K(2752K)
[280.875s][info][gc             ] GC(966) Pause Young (Allocation Failure) 671M->566M(869M) 98.100ms
[280.875s][info][gc,cpu         ] GC(966) User=0.19s Sys=0.00s Real=0.10s
[281.004s][info][gc,start       ] GC(967) Pause Young (Allocation Failure)
[281.099s][info][gc,heap        ] GC(967) PSYoungGen: 210336K(222720K)->99968K(222720K) Eden: 111616K(111616K)->0K(111616K) From: 98720K(111104K)->99968K(111104K)
[281.099s][info][gc,heap        ] GC(967) ParOldGen: 481367K(667648K)->481367K(667648K)
[281.099s][info][gc,metaspace   ] GC(967) Metaspace: 18819K(19008K)->18819K(19008K) NonClass: 16154K(16256K)->16154K(16256K) Class: 2665K(2752K)->2665K(2752K)
[281.099s][info][gc             ] GC(967) Pause Young (Allocation Failure) 675M->567M(869M) 94.998ms
[281.099s][info][gc,cpu         ] GC(967) User=0.19s Sys=0.00s Real=0.10s
[281.218s][info][gc,start       ] GC(968) Pause Young (Allocation Failure)
[281.315s][info][gc,heap        ] GC(968) PSYoungGen: 211584K(222720K)->72016K(222720K) Eden: 111616K(111616K)->0K(111616K) From: 99968K(111104K)->72016K(111104K)
[281.315s][info][gc,heap        ] GC(968) ParOldGen: 481367K(667648K)->512775K(667648K)
[281.315s][info][gc,metaspace   ] GC(968) Metaspace: 18819K(19008K)->18819K(19008K) NonClass: 16154K(16256K)->16154K(16256K) Class: 2665K(2752K)->2665K(2752K)
[281.315s][info][gc             ] GC(968) Pause Young (Allocation Failure) 676M->571M(869M) 97.434ms
[281.315s][info][gc,cpu         ] GC(968) User=0.20s Sys=0.00s Real=0.09s
[281.431s][info][gc,start       ] GC(969) Pause Young (Allocation Failure)
[281.500s][info][gc,heap        ] GC(969) PSYoungGen: 183632K(222720K)->66976K(222720K) Eden: 111616K(111616K)->0K(111616K) From: 72016K(111104K)->66976K(111104K)
[281.500s][info][gc,heap        ] GC(969) ParOldGen: 512775K(667648K)->517847K(667648K)
[281.500s][info][gc,metaspace   ] GC(969) Metaspace: 18819K(19008K)->18819K(19008K) NonClass: 16154K(16256K)->16154K(16256K) Class: 2665K(2752K)->2665K(2752K)
[281.500s][info][gc             ] GC(969) Pause Young (Allocation Failure) 680M->571M(869M) 69.283ms
[281.500s][info][gc,cpu         ] GC(969) User=0.13s Sys=0.00s Real=0.07s
[281.650s][info][gc,start       ] GC(970) Pause Young (Allocation Failure)
[281.731s][info][gc,heap        ] GC(970) PSYoungGen: 178592K(222720K)->81792K(222720K) Eden: 111616K(111616K)->0K(111616K) From: 66976K(111104K)->81792K(111104K)
[281.731s][info][gc,heap        ] GC(970) ParOldGen: 517847K(667648K)->521351K(667648K)
[281.731s][info][gc,metaspace   ] GC(970) Metaspace: 18819K(19008K)->18819K(19008K) NonClass: 16154K(16256K)->16154K(16256K) Class: 2665K(2752K)->2665K(2752K)
[281.731s][info][gc             ] GC(970) Pause Young (Allocation Failure) 680M->589M(869M) 81.043ms
[281.731s][info][gc,cpu         ] GC(970) User=0.16s Sys=0.00s Real=0.08s
[281.916s][info][gc,start       ] GC(971) Pause Young (Allocation Failure)
[281.999s][info][gc,heap        ] GC(971) PSYoungGen: 193408K(222720K)->63520K(222720K) Eden: 111616K(111616K)->0K(111616K) From: 81792K(111104K)->63520K(111104K)
[281.999s][info][gc,heap        ] GC(971) ParOldGen: 521351K(667648K)->544792K(667648K)
[281.999s][info][gc,metaspace   ] GC(971) Metaspace: 18819K(19008K)->18819K(19008K) NonClass: 16154K(16256K)->16154K(16256K) Class: 2665K(2752K)->2665K(2752K)
[281.999s][info][gc             ] GC(971) Pause Young (Allocation Failure) 698M->594M(869M) 82.769ms
[281.999s][info][gc,cpu         ] GC(971) User=0.16s Sys=0.00s Real=0.09s
[282.317s][info][gc,start       ] GC(972) Pause Young (Allocation Failure)
[282.377s][info][gc,heap        ] GC(972) PSYoungGen: 175136K(222720K)->32176K(222720K) Eden: 111616K(111616K)->0K(111616K) From: 63520K(111104K)->32176K(111104K)
[282.377s][info][gc,heap        ] GC(972) ParOldGen: 544792K(667648K)->576312K(667648K)
[282.377s][info][gc,metaspace   ] GC(972) Metaspace: 18819K(19008K)->18819K(19008K) NonClass: 16154K(16256K)->16154K(16256K) Class: 2665K(2752K)->2665K(2752K)
[282.377s][info][gc             ] GC(972) Pause Young (Allocation Failure) 703M->594M(869M) 59.678ms
[282.377s][info][gc,cpu         ] GC(972) User=0.11s Sys=0.00s Real=0.06s
[282.642s][info][gc,start       ] GC(973) Pause Young (Allocation Failure)
[282.675s][info][gc,heap        ] GC(973) PSYoungGen: 143792K(222720K)->26928K(222720K) Eden: 111616K(111616K)->0K(111616K) From: 32176K(111104K)->26928K(111104K)
[282.675s][info][gc,heap        ] GC(973) ParOldGen: 576312K(667648K)->581544K(667648K)
[282.675s][info][gc,metaspace   ] GC(973) Metaspace: 18819K(19008K)->18819K(19008K) NonClass: 16154K(16256K)->16154K(16256K) Class: 2665K(2752K)->2665K(2752K)
[282.675s][info][gc             ] GC(973) Pause Young (Allocation Failure) 703M->594M(869M) 32.448ms
[282.675s][info][gc,cpu         ] GC(973) User=0.07s Sys=0.00s Real=0.03s
[282.921s][info][gc,start       ] GC(974) Pause Young (Allocation Failure)
[282.949s][info][gc,heap        ] GC(974) PSYoungGen: 138544K(222720K)->23536K(222720K) Eden: 111616K(111616K)->0K(111616K) From: 26928K(111104K)->23536K(111104K)
[282.949s][info][gc,heap        ] GC(974) ParOldGen: 581544K(667648K)->584968K(667648K)
[282.949s][info][gc,metaspace   ] GC(974) Metaspace: 18819K(19008K)->18819K(19008K) NonClass: 16154K(16256K)->16154K(16256K) Class: 2665K(2752K)->2665K(2752K)
[282.949s][info][gc             ] GC(974) Pause Young (Allocation Failure) 703M->594M(869M) 27.457ms
[282.949s][info][gc,cpu         ] GC(974) User=0.05s Sys=0.00s Real=0.03s
[283.188s][info][gc,start       ] GC(975) Pause Young (Allocation Failure)
[283.213s][info][gc,heap        ] GC(975) PSYoungGen: 135152K(222720K)->128K(222720K) Eden: 111616K(111616K)->0K(111616K) From: 23536K(111104K)->128K(111104K)
[283.213s][info][gc,heap        ] GC(975) ParOldGen: 584968K(667648K)->608432K(667648K)
[283.213s][info][gc,metaspace   ] GC(975) Metaspace: 18819K(19008K)->18819K(19008K) NonClass: 16154K(16256K)->16154K(16256K) Class: 2665K(2752K)->2665K(2752K)
[283.213s][info][gc             ] GC(975) Pause Young (Allocation Failure) 703M->594M(869M) 24.842ms
[283.213s][info][gc,cpu         ] GC(975) User=0.04s Sys=0.00s Real=0.02s
[283.459s][info][gc,start       ] GC(976) Pause Young (Allocation Failure)
[283.463s][info][gc,heap        ] GC(976) PSYoungGen: 111744K(222720K)->1696K(222720K) Eden: 111616K(111616K)->0K(111616K) From: 128K(111104K)->1696K(111104K)
[283.463s][info][gc,heap        ] GC(976) ParOldGen: 608432K(667648K)->608520K(667648K)
[283.463s][info][gc,metaspace   ] GC(976) Metaspace: 18819K(19008K)->18819K(19008K) NonClass: 16154K(16256K)->16154K(16256K) Class: 2665K(2752K)->2665K(2752K)
[283.463s][info][gc             ] GC(976) Pause Young (Allocation Failure) 703M->595M(869M) 3.770ms
[283.463s][info][gc,cpu         ] GC(976) User=0.01s Sys=0.00s Real=0.00s
[283.620s][info][gc,start       ] GC(977) Pause Young (Allocation Failure)
[283.635s][info][gc,heap        ] GC(977) PSYoungGen: 113312K(222720K)->19600K(222720K) Eden: 111616K(111616K)->0K(111616K) From: 1696K(111104K)->19600K(111104K)
[283.635s][info][gc,heap        ] GC(977) ParOldGen: 608520K(667648K)->608536K(667648K)
[283.635s][info][gc,metaspace   ] GC(977) Metaspace: 18819K(19008K)->18819K(19008K) NonClass: 16154K(16256K)->16154K(16256K) Class: 2665K(2752K)->2665K(2752K)
[283.635s][info][gc             ] GC(977) Pause Young (Allocation Failure) 704M->613M(869M) 15.687ms
[283.635s][info][gc,cpu         ] GC(977) User=0.03s Sys=0.00s Real=0.01s
[283.696s][info][gc,start       ] GC(978) Pause Young (Allocation Failure)
[283.737s][info][gc,heap        ] GC(978) PSYoungGen: 131216K(222720K)->40064K(222720K) Eden: 111616K(111616K)->0K(111616K) From: 19600K(111104K)->40064K(111104K)
[283.737s][info][gc,heap        ] GC(978) ParOldGen: 608536K(667648K)->628305K(667648K)
[283.737s][info][gc,metaspace   ] GC(978) Metaspace: 18819K(19008K)->18819K(19008K) NonClass: 16154K(16256K)->16154K(16256K) Class: 2665K(2752K)->2665K(2752K)
[283.737s][info][gc             ] GC(978) Pause Young (Allocation Failure) 722M->652M(869M) 41.201ms
[283.737s][info][gc,cpu         ] GC(978) User=0.08s Sys=0.00s Real=0.04s
[283.908s][info][gc,start       ] GC(979) Pause Full (Allocation Failure)
[283.908s][info][gc,phases,start] GC(979) Marking Phase
[284.318s][info][gc,phases      ] GC(979) Marking Phase 409.714ms
[284.318s][info][gc,phases,start] GC(979) Summary Phase
[284.318s][info][gc,phases      ] GC(979) Summary Phase 0.025ms
[284.318s][info][gc,phases,start] GC(979) Forward
[284.425s][info][gc,phases      ] GC(979) Forward 106.354ms
[284.425s][info][gc,phases,start] GC(979) Adjust Pointers
[284.726s][info][gc,phases      ] GC(979) Adjust Pointers 301.623ms
[284.726s][info][gc,phases,start] GC(979) Compaction Phase
[284.893s][info][gc,phases      ] GC(979) Compaction Phase 166.704ms
[284.900s][info][gc,phases,start] GC(979) Post Compact
[284.903s][info][gc,phases      ] GC(979) Post Compact 2.249ms
[284.903s][info][gc,heap        ] GC(979) PSYoungGen: 151680K(222720K)->0K(222720K) Eden: 111616K(111616K)->0K(111616K) From: 40064K(111104K)->0K(111104K)
[284.903s][info][gc,heap        ] GC(979) ParOldGen: 628305K(667648K)->592713K(667648K)
[284.903s][info][gc,metaspace   ] GC(979) Metaspace: 18819K(19008K)->18819K(19008K) NonClass: 16154K(16256K)->16154K(16256K) Class: 2665K(2752K)->2665K(2752K)
[284.903s][info][gc             ] GC(979) Pause Full (Allocation Failure) 761M->578M(869M) 994.456ms
[284.903s][info][gc,cpu         ] GC(979) User=1.90s Sys=0.00s Real=0.99s
[285.033s][info][gc,start       ] GC(980) Pause Young (Allocation Failure)
[285.047s][info][gc,heap        ] GC(980) PSYoungGen: 111616K(222720K)->1856K(222720K) Eden: 111616K(111616K)->0K(111616K) From: 0K(111104K)->1856K(111104K)
[285.047s][info][gc,heap        ] GC(980) ParOldGen: 592713K(667648K)->592713K(667648K)
[285.047s][info][gc,metaspace   ] GC(980) Metaspace: 18819K(19008K)->18819K(19008K) NonClass: 16154K(16256K)->16154K(16256K) Class: 2665K(2752K)->2665K(2752K)
[285.047s][info][gc             ] GC(980) Pause Young (Allocation Failure) 687M->580M(869M) 13.730ms
[285.047s][info][gc,cpu         ] GC(980) User=0.02s Sys=0.00s Real=0.01s
[285.213s][info][gc,start       ] GC(981) Pause Young (Allocation Failure)
[285.242s][info][gc,heap        ] GC(981) PSYoungGen: 113472K(222720K)->16704K(222720K) Eden: 111616K(111616K)->0K(111616K) From: 1856K(111104K)->16704K(111104K)
[285.242s][info][gc,heap        ] GC(981) ParOldGen: 592713K(667648K)->594553K(667648K)
[285.242s][info][gc,metaspace   ] GC(981) Metaspace: 18819K(19008K)->18819K(19008K) NonClass: 16154K(16256K)->16154K(16256K) Class: 2665K(2752K)->2665K(2752K)
[285.242s][info][gc             ] GC(981) Pause Young (Allocation Failure) 689M->596M(869M) 29.000ms
[285.242s][info][gc,cpu         ] GC(981) User=0.06s Sys=0.00s Real=0.03s
[285.440s][info][gc,start       ] GC(982) Pause Young (Allocation Failure)
[285.462s][info][gc,heap        ] GC(982) PSYoungGen: 128320K(222720K)->64K(222720K) Eden: 111616K(111616K)->0K(111616K) From: 16704K(111104K)->64K(111104K)
[285.462s][info][gc,heap        ] GC(982) ParOldGen: 594553K(667648K)->611271K(667648K)
[285.462s][info][gc,metaspace   ] GC(982) Metaspace: 18819K(19008K)->18819K(19008K) NonClass: 16154K(16256K)->16154K(16256K) Class: 2665K(2752K)->2665K(2752K)
[285.462s][info][gc             ] GC(982) Pause Young (Allocation Failure) 705M->597M(869M) 22.876ms
[285.462s][info][gc,cpu         ] GC(982) User=0.05s Sys=0.00s Real=0.02s
[285.639s][info][gc,start       ] GC(983) Pause Young (Allocation Failure)
[285.643s][info][gc,heap        ] GC(983) PSYoungGen: 111680K(222720K)->1216K(217600K) Eden: 111616K(111616K)->0K(111616K) From: 64K(111104K)->1216K(105984K)
[285.643s][info][gc,heap        ] GC(983) ParOldGen: 611271K(667648K)->611271K(667648K)
[285.643s][info][gc,metaspace   ] GC(983) Metaspace: 18819K(19008K)->18819K(19008K) NonClass: 16154K(16256K)->16154K(16256K) Class: 2665K(2752K)->2665K(2752K)
[285.643s][info][gc             ] GC(983) Pause Young (Allocation Failure) 706M->598M(864M) 3.223ms
[285.643s][info][gc,cpu         ] GC(983) User=0.00s Sys=0.00s Real=0.00s
[285.787s][info][gc,start       ] GC(984) Pause Young (Allocation Failure)
[285.798s][info][gc,heap        ] GC(984) PSYoungGen: 112832K(217600K)->12656K(220160K) Eden: 111616K(111616K)->0K(111616K) From: 1216K(105984K)->12656K(108544K)
[285.798s][info][gc,heap        ] GC(984) ParOldGen: 611271K(667648K)->611271K(667648K)
[285.798s][info][gc,metaspace   ] GC(984) Metaspace: 18819K(19008K)->18819K(19008K) NonClass: 16154K(16256K)->16154K(16256K) Class: 2665K(2752K)->2665K(2752K)
[285.798s][info][gc             ] GC(984) Pause Young (Allocation Failure) 707M->609M(867M) 11.195ms
[285.798s][info][gc,cpu         ] GC(984) User=0.02s Sys=0.00s Real=0.02s
[285.855s][info][gc,start       ] GC(985) Pause Young (Allocation Failure)
[285.890s][info][gc,heap        ] GC(985) PSYoungGen: 124272K(220160K)->48304K(220160K) Eden: 111616K(111616K)->0K(116736K) From: 12656K(108544K)->48304K(103424K)
[285.890s][info][gc,heap        ] GC(985) ParOldGen: 611271K(667648K)->611271K(667648K)
[285.890s][info][gc,metaspace   ] GC(985) Metaspace: 18819K(19008K)->18819K(19008K) NonClass: 16154K(16256K)->16154K(16256K) Class: 2665K(2752K)->2665K(2752K)
[285.890s][info][gc             ] GC(985) Pause Young (Allocation Failure) 718M->644M(867M) 34.307ms
[285.890s][info][gc,cpu         ] GC(985) User=0.06s Sys=0.00s Real=0.04s
[285.992s][info][gc,start       ] GC(986) Pause Young (Allocation Failure)
[286.043s][info][gc,heap        ] GC(986) PSYoungGen: 165040K(220160K)->79488K(220160K) Eden: 116736K(116736K)->0K(116736K) From: 48304K(103424K)->79488K(103424K)
[286.043s][info][gc,heap        ] GC(986) ParOldGen: 611271K(667648K)->611271K(667648K)
[286.043s][info][gc,metaspace   ] GC(986) Metaspace: 18819K(19008K)->18819K(19008K) NonClass: 16154K(16256K)->16154K(16256K) Class: 2665K(2752K)->2665K(2752K)
[286.043s][info][gc             ] GC(986) Pause Young (Allocation Failure) 758M->674M(867M) 50.482ms
[286.043s][info][gc,cpu         ] GC(986) User=0.10s Sys=0.00s Real=0.05s
[286.167s][info][gc,start       ] GC(987) Pause Young (Allocation Failure)
[286.213s][info][gc,heap        ] GC(987) PSYoungGen: 196224K(220160K)->78384K(222720K) Eden: 116736K(116736K)->0K(111616K) From: 79488K(103424K)->78384K(111104K)
[286.213s][info][gc,heap        ] GC(987) ParOldGen: 611271K(667648K)->612455K(667648K)
[286.213s][info][gc,metaspace   ] GC(987) Metaspace: 18819K(19008K)->18819K(19008K) NonClass: 16154K(16256K)->16154K(16256K) Class: 2665K(2752K)->2665K(2752K)
[286.213s][info][gc             ] GC(987) Pause Young (Allocation Failure) 788M->674M(869M) 45.408ms
[286.213s][info][gc,cpu         ] GC(987) User=0.09s Sys=0.00s Real=0.04s
[286.326s][info][gc,start       ] GC(988) Pause Young (Allocation Failure)
[286.375s][info][gc,heap        ] GC(988) PSYoungGen: 190000K(222720K)->31392K(222720K) Eden: 111616K(111616K)->0K(111616K) From: 78384K(111104K)->31392K(111104K)
[286.375s][info][gc,heap        ] GC(988) ParOldGen: 612455K(667648K)->659912K(667648K)
[286.375s][info][gc,metaspace   ] GC(988) Metaspace: 18819K(19008K)->18819K(19008K) NonClass: 16154K(16256K)->16154K(16256K) Class: 2665K(2752K)->2665K(2752K)
[286.375s][info][gc             ] GC(988) Pause Young (Allocation Failure) 783M->675M(869M) 49.490ms
[286.375s][info][gc,cpu         ] GC(988) User=0.09s Sys=0.01s Real=0.05s
[286.488s][info][gc,start       ] GC(989) Pause Full (Allocation Failure)
[286.488s][info][gc,phases,start] GC(989) Marking Phase
[286.719s][info][gc,phases      ] GC(989) Marking Phase 230.793ms
[286.719s][info][gc,phases,start] GC(989) Summary Phase
[286.719s][info][gc,phases      ] GC(989) Summary Phase 0.024ms
[286.719s][info][gc,phases,start] GC(989) Forward
[286.822s][info][gc,phases      ] GC(989) Forward 102.213ms
[286.822s][info][gc,phases,start] GC(989) Adjust Pointers
[287.005s][info][gc,phases      ] GC(989) Adjust Pointers 183.379ms
[287.005s][info][gc,phases,start] GC(989) Compaction Phase
[287.119s][info][gc,phases      ] GC(989) Compaction Phase 114.293ms
[287.126s][info][gc,phases,start] GC(989) Post Compact
[287.129s][info][gc,phases      ] GC(989) Post Compact 2.295ms
[287.129s][info][gc,heap        ] GC(989) PSYoungGen: 143008K(222720K)->0K(222720K) Eden: 111616K(111616K)->0K(111616K) From: 31392K(111104K)->0K(111104K)
[287.129s][info][gc,heap        ] GC(989) ParOldGen: 659912K(667648K)->376000K(667648K)
[287.129s][info][gc,metaspace   ] GC(989) Metaspace: 18819K(19008K)->18819K(19008K) NonClass: 16154K(16256K)->16154K(16256K) Class: 2665K(2752K)->2665K(2752K)
[287.129s][info][gc             ] GC(989) Pause Full (Allocation Failure) 784M->367M(869M) 640.478ms
[287.129s][info][gc,cpu         ] GC(989) User=1.17s Sys=0.00s Real=0.64s
[287.243s][info][gc,start       ] GC(990) Pause Young (Allocation Failure)
[287.244s][info][gc,heap        ] GC(990) PSYoungGen: 111616K(222720K)->160K(222720K) Eden: 111616K(111616K)->0K(111616K) From: 0K(111104K)->160K(111104K)
[287.245s][info][gc,heap        ] GC(990) ParOldGen: 376000K(667648K)->376000K(667648K)
[287.245s][info][gc,metaspace   ] GC(990) Metaspace: 18819K(19008K)->18819K(19008K) NonClass: 16154K(16256K)->16154K(16256K) Class: 2665K(2752K)->2665K(2752K)
[287.245s][info][gc             ] GC(990) Pause Young (Allocation Failure) 476M->367M(869M) 1.705ms
[287.245s][info][gc,cpu         ] GC(990) User=0.00s Sys=0.00s Real=0.00s
[287.357s][info][gc,start       ] GC(991) Pause Young (Allocation Failure)
[287.359s][info][gc,heap        ] GC(991) PSYoungGen: 111776K(222720K)->96K(222720K) Eden: 111616K(111616K)->0K(111616K) From: 160K(111104K)->96K(111104K)
[287.359s][info][gc,heap        ] GC(991) ParOldGen: 376000K(667648K)->376120K(667648K)
[287.359s][info][gc,metaspace   ] GC(991) Metaspace: 18819K(19008K)->18819K(19008K) NonClass: 16154K(16256K)->16154K(16256K) Class: 2665K(2752K)->2665K(2752K)
[287.359s][info][gc             ] GC(991) Pause Young (Allocation Failure) 476M->367M(869M) 1.702ms
[287.359s][info][gc,cpu         ] GC(991) User=0.00s Sys=0.00s Real=0.00s
[287.472s][info][gc,start       ] GC(992) Pause Young (Allocation Failure)
[287.474s][info][gc,heap        ] GC(992) PSYoungGen: 111712K(222720K)->128K(112128K) Eden: 111616K(111616K)->0K(111616K) From: 96K(111104K)->128K(512K)
[287.474s][info][gc,heap        ] GC(992) ParOldGen: 376120K(667648K)->376200K(667648K)
[287.474s][info][gc,metaspace   ] GC(992) Metaspace: 18819K(19008K)->18819K(19008K) NonClass: 16154K(16256K)->16154K(16256K) Class: 2665K(2752K)->2665K(2752K)
[287.474s][info][gc             ] GC(992) Pause Young (Allocation Failure) 476M->367M(761M) 1.718ms
[287.474s][info][gc,cpu         ] GC(992) User=0.00s Sys=0.00s Real=0.00s
[287.583s][info][gc,start       ] GC(993) Pause Young (Allocation Failure)
[287.584s][info][gc,heap        ] GC(993) PSYoungGen: 111744K(112128K)->224K(222720K) Eden: 111616K(111616K)->0K(115200K) From: 128K(512K)->224K(107520K)
[287.584s][info][gc,heap        ] GC(993) ParOldGen: 376200K(667648K)->376200K(667648K)
[287.584s][info][gc,metaspace   ] GC(993) Metaspace: 18819K(19008K)->18819K(19008K) NonClass: 16154K(16256K)->16154K(16256K) Class: 2665K(2752K)->2665K(2752K)
[287.584s][info][gc             ] GC(993) Pause Young (Allocation Failure) 476M->367M(869M) 1.800ms
[287.584s][info][gc,cpu         ] GC(993) User=0.01s Sys=0.00s Real=0.00s
[287.699s][info][gc,start       ] GC(994) Pause Young (Allocation Failure)
[287.701s][info][gc,heap        ] GC(994) PSYoungGen: 115424K(222720K)->288K(221184K) Eden: 115200K(115200K)->0K(115200K) From: 224K(107520K)->288K(105984K)
[287.701s][info][gc,heap        ] GC(994) ParOldGen: 376200K(667648K)->376200K(667648K)
[287.701s][info][gc,metaspace   ] GC(994) Metaspace: 18819K(19008K)->18819K(19008K) NonClass: 16154K(16256K)->16154K(16256K) Class: 2665K(2752K)->2665K(2752K)
[287.701s][info][gc             ] GC(994) Pause Young (Allocation Failure) 480M->367M(868M) 1.953ms
[287.701s][info][gc,cpu         ] GC(994) User=0.01s Sys=0.00s Real=0.00s
[287.815s][info][gc,start       ] GC(995) Pause Young (Allocation Failure)
[287.817s][info][gc,heap        ] GC(995) PSYoungGen: 115488K(221184K)->352K(212480K) Eden: 115200K(115200K)->0K(118784K) From: 288K(105984K)->352K(93696K)
[287.817s][info][gc,heap        ] GC(995) ParOldGen: 376200K(667648K)->376200K(667648K)
[287.817s][info][gc,metaspace   ] GC(995) Metaspace: 18819K(19008K)->18819K(19008K) NonClass: 16154K(16256K)->16154K(16256K) Class: 2665K(2752K)->2665K(2752K)
[287.818s][info][gc             ] GC(995) Pause Young (Allocation Failure) 480M->367M(859M) 2.534ms
[287.818s][info][gc,cpu         ] GC(995) User=0.01s Sys=0.00s Real=0.01s
[287.928s][info][gc,start       ] GC(996) Pause Young (Allocation Failure)
[287.951s][info][gc,heap        ] GC(996) PSYoungGen: 119136K(212480K)->15904K(135168K) Eden: 118784K(118784K)->0K(118784K) From: 352K(93696K)->15904K(16384K)
[287.951s][info][gc,heap        ] GC(996) ParOldGen: 376200K(667648K)->376200K(667648K)
[287.951s][info][gc,metaspace   ] GC(996) Metaspace: 18819K(19008K)->18819K(19008K) NonClass: 16154K(16256K)->16154K(16256K) Class: 2665K(2752K)->2665K(2752K)
[287.951s][info][gc             ] GC(996) Pause Young (Allocation Failure) 483M->382M(784M) 23.299ms
[287.951s][info][gc,cpu         ] GC(996) User=0.04s Sys=0.00s Real=0.02s
[288.054s][info][gc,start       ] GC(997) Pause Young (Allocation Failure)
[288.108s][info][gc,heap        ] GC(997) PSYoungGen: 134688K(135168K)->42955K(213504K) Eden: 118784K(118784K)->0K(122368K) From: 15904K(16384K)->42955K(91136K)
[288.109s][info][gc,heap        ] GC(997) ParOldGen: 376200K(667648K)->376200K(667648K)
[288.109s][info][gc,metaspace   ] GC(997) Metaspace: 18819K(19008K)->18819K(19008K) NonClass: 16154K(16256K)->16154K(16256K) Class: 2665K(2752K)->2665K(2752K)
[288.109s][info][gc             ] GC(997) Pause Young (Allocation Failure) 498M->409M(860M) 54.124ms
[288.109s][info][gc,cpu         ] GC(997) User=0.10s Sys=0.00s Real=0.06s
[288.213s][info][gc,start       ] GC(998) Pause Young (Allocation Failure)
[288.279s][info][gc,heap        ] GC(998) PSYoungGen: 165323K(213504K)->54571K(215040K) Eden: 122368K(122368K)->0K(122368K) From: 42955K(91136K)->54571K(92672K)
[288.279s][info][gc,heap        ] GC(998) ParOldGen: 376200K(667648K)->376200K(667648K)
[288.279s][info][gc,metaspace   ] GC(998) Metaspace: 18819K(19008K)->18819K(19008K) NonClass: 16154K(16256K)->16154K(16256K) Class: 2665K(2752K)->2665K(2752K)
[288.279s][info][gc             ] GC(998) Pause Young (Allocation Failure) 528M->420M(862M) 65.493ms
[288.279s][info][gc,cpu         ] GC(998) User=0.13s Sys=0.00s Real=0.07s
[288.379s][info][gc,start       ] GC(999) Pause Young (Allocation Failure)
[288.444s][info][gc,heap        ] GC(999) PSYoungGen: 176939K(215040K)->55979K(225280K) Eden: 122368K(122368K)->0K(128000K) From: 54571K(92672K)->55979K(97280K)
[288.444s][info][gc,heap        ] GC(999) ParOldGen: 376200K(667648K)->376200K(667648K)
[288.444s][info][gc,metaspace   ] GC(999) Metaspace: 18819K(19008K)->18819K(19008K) NonClass: 16154K(16256K)->16154K(16256K) Class: 2665K(2752K)->2665K(2752K)
[288.444s][info][gc             ] GC(999) Pause Young (Allocation Failure) 540M->422M(872M) 65.788ms
[288.444s][info][gc,cpu         ] GC(999) User=0.13s Sys=0.00s Real=0.06s
[288.568s][info][gc,start       ] GC(1000) Pause Young (Allocation Failure)
[288.636s][info][gc,heap        ] GC(1000) PSYoungGen: 183979K(225280K)->59435K(187904K) Eden: 128000K(128000K)->0K(128000K) From: 55979K(97280K)->59435K(59904K)
[288.636s][info][gc,heap        ] GC(1000) ParOldGen: 376200K(667648K)->376200K(667648K)
[288.636s][info][gc,metaspace   ] GC(1000) Metaspace: 18819K(19008K)->18819K(19008K) NonClass: 16154K(16256K)->16154K(16256K) Class: 2665K(2752K)->2665K(2752K)
[288.636s][info][gc             ] GC(1000) Pause Young (Allocation Failure) 547M->425M(835M) 68.555ms
[288.636s][info][gc,cpu         ] GC(1000) User=0.14s Sys=0.00s Real=0.06s
[288.737s][info][gc,start       ] GC(1001) Pause Young (Allocation Failure)
[288.809s][info][gc,heap        ] GC(1001) PSYoungGen: 187435K(187904K)->59499K(222720K) Eden: 128000K(128000K)->0K(116736K) From: 59435K(59904K)->59499K(105984K)
[288.809s][info][gc,heap        ] GC(1001) ParOldGen: 376200K(667648K)->376200K(667648K)
[288.809s][info][gc,metaspace   ] GC(1001) Metaspace: 18819K(19008K)->18819K(19008K) NonClass: 16154K(16256K)->16154K(16256K) Class: 2665K(2752K)->2665K(2752K)
[288.809s][info][gc             ] GC(1001) Pause Young (Allocation Failure) 550M->425M(869M) 71.749ms
[288.809s][info][gc,cpu         ] GC(1001) User=0.14s Sys=0.00s Real=0.08s
[288.917s][info][gc,start       ] GC(1002) Pause Young (Allocation Failure)
[288.993s][info][gc,heap        ] GC(1002) PSYoungGen: 176235K(222720K)->67723K(184832K) Eden: 116736K(116736K)->0K(116736K) From: 59499K(105984K)->67723K(68096K)
[288.993s][info][gc,heap        ] GC(1002) ParOldGen: 376200K(667648K)->376272K(667648K)
[288.993s][info][gc,metaspace   ] GC(1002) Metaspace: 18819K(19008K)->18819K(19008K) NonClass: 16154K(16256K)->16154K(16256K) Class: 2665K(2752K)->2665K(2752K)
[288.993s][info][gc             ] GC(1002) Pause Young (Allocation Failure) 539M->433M(832M) 75.575ms
[288.993s][info][gc,cpu         ] GC(1002) User=0.15s Sys=0.00s Real=0.08s
[289.111s][info][gc,start       ] GC(1003) Pause Young (Allocation Failure)
[289.199s][info][gc,heap        ] GC(1003) PSYoungGen: 184459K(184832K)->82748K(222720K) Eden: 116736K(116736K)->0K(111616K) From: 67723K(68096K)->82748K(111104K)
[289.199s][info][gc,heap        ] GC(1003) ParOldGen: 376272K(667648K)->376464K(667648K)
[289.199s][info][gc,metaspace   ] GC(1003) Metaspace: 18819K(19008K)->18819K(19008K) NonClass: 16154K(16256K)->16154K(16256K) Class: 2665K(2752K)->2665K(2752K)
[289.199s][info][gc             ] GC(1003) Pause Young (Allocation Failure) 547M->448M(869M) 87.425ms
[289.199s][info][gc,cpu         ] GC(1003) User=0.18s Sys=0.00s Real=0.09s
[289.366s][info][gc,start       ] GC(1004) Pause Young (Allocation Failure)
[289.456s][info][gc,heap        ] GC(1004) PSYoungGen: 194364K(222720K)->67116K(222720K) Eden: 111616K(111616K)->0K(111616K) From: 82748K(111104K)->67116K(111104K)
[289.456s][info][gc,heap        ] GC(1004) ParOldGen: 376464K(667648K)->392128K(667648K)
[289.456s][info][gc,metaspace   ] GC(1004) Metaspace: 18819K(19008K)->18819K(19008K) NonClass: 16154K(16256K)->16154K(16256K) Class: 2665K(2752K)->2665K(2752K)
[289.456s][info][gc             ] GC(1004) Pause Young (Allocation Failure) 557M->448M(869M) 89.899ms
[289.456s][info][gc,cpu         ] GC(1004) User=0.17s Sys=0.01s Real=0.09s
[289.683s][info][gc,start       ] GC(1005) Pause Young (Allocation Failure)
[289.758s][info][gc,heap        ] GC(1005) PSYoungGen: 178732K(222720K)->28464K(222720K) Eden: 111616K(111616K)->0K(111616K) From: 67116K(111104K)->28464K(111104K)
[289.758s][info][gc,heap        ] GC(1005) ParOldGen: 392128K(667648K)->430884K(667648K)
[289.758s][info][gc,metaspace   ] GC(1005) Metaspace: 18819K(19008K)->18819K(19008K) NonClass: 16154K(16256K)->16154K(16256K) Class: 2665K(2752K)->2665K(2752K)
[289.758s][info][gc             ] GC(1005) Pause Young (Allocation Failure) 557M->448M(869M) 75.442ms
[289.758s][info][gc,cpu         ] GC(1005) User=0.15s Sys=0.00s Real=0.08s
[289.934s][info][gc,start       ] GC(1006) Pause Young (Allocation Failure)
[289.961s][info][gc,heap        ] GC(1006) PSYoungGen: 140080K(222720K)->23696K(222720K) Eden: 111616K(111616K)->0K(111616K) From: 28464K(111104K)->23696K(111104K)
[289.961s][info][gc,heap        ] GC(1006) ParOldGen: 430884K(667648K)->435740K(667648K)
[289.961s][info][gc,metaspace   ] GC(1006) Metaspace: 18819K(19008K)->18819K(19008K) NonClass: 16154K(16256K)->16154K(16256K) Class: 2665K(2752K)->2665K(2752K)
[289.961s][info][gc             ] GC(1006) Pause Young (Allocation Failure) 557M->448M(869M) 27.599ms
[289.961s][info][gc,cpu         ] GC(1006) User=0.06s Sys=0.00s Real=0.03s
[290.137s][info][gc,start       ] GC(1007) Pause Young (Allocation Failure)
[290.166s][info][gc,heap        ] GC(1007) PSYoungGen: 135312K(222720K)->19552K(222720K) Eden: 111616K(111616K)->0K(111616K) From: 23696K(111104K)->19552K(111104K)
[290.166s][info][gc,heap        ] GC(1007) ParOldGen: 435740K(667648K)->444116K(667648K)
[290.167s][info][gc,metaspace   ] GC(1007) Metaspace: 18819K(19008K)->18819K(19008K) NonClass: 16154K(16256K)->16154K(16256K) Class: 2665K(2752K)->2665K(2752K)
[290.167s][info][gc             ] GC(1007) Pause Young (Allocation Failure) 557M->452M(869M) 29.410ms
[290.167s][info][gc,cpu         ] GC(1007) User=0.06s Sys=0.00s Real=0.03s
[290.282s][info][gc,start       ] GC(1008) Pause Young (Allocation Failure)
[290.328s][info][gc,heap        ] GC(1008) PSYoungGen: 131168K(222720K)->40560K(152576K) Eden: 111616K(111616K)->0K(111616K) From: 19552K(111104K)->40560K(40960K)
[290.328s][info][gc,heap        ] GC(1008) ParOldGen: 444116K(667648K)->444116K(667648K)
[290.328s][info][gc,metaspace   ] GC(1008) Metaspace: 18819K(19008K)->18819K(19008K) NonClass: 16154K(16256K)->16154K(16256K) Class: 2665K(2752K)->2665K(2752K)
[290.329s][info][gc             ] GC(1008) Pause Young (Allocation Failure) 561M->473M(801M) 46.066ms
[290.329s][info][gc,cpu         ] GC(1008) User=0.09s Sys=0.00s Real=0.05s
[290.463s][info][gc,start       ] GC(1009) Pause Young (Allocation Failure)
[290.521s][info][gc,heap        ] GC(1009) PSYoungGen: 152176K(152576K)->56288K(216576K) Eden: 111616K(111616K)->0K(112128K) From: 40560K(40960K)->56288K(104448K)
[290.521s][info][gc,heap        ] GC(1009) ParOldGen: 444116K(667648K)->444116K(667648K)
[290.521s][info][gc,metaspace   ] GC(1009) Metaspace: 18819K(19008K)->18819K(19008K) NonClass: 16154K(16256K)->16154K(16256K) Class: 2665K(2752K)->2665K(2752K)
[290.521s][info][gc             ] GC(1009) Pause Young (Allocation Failure) 582M->488M(863M) 57.566ms
[290.521s][info][gc,cpu         ] GC(1009) User=0.11s Sys=0.00s Real=0.06s
[290.605s][info][gc,start       ] GC(1010) Pause Young (Allocation Failure)
[290.663s][info][gc,heap        ] GC(1010) PSYoungGen: 168416K(216576K)->56960K(216064K) Eden: 112127K(112128K)->0K(112128K) From: 56288K(104448K)->56960K(103936K)
[290.663s][info][gc,heap        ] GC(1010) ParOldGen: 444116K(667648K)->444116K(667648K)
[290.663s][info][gc,metaspace   ] GC(1010) Metaspace: 18819K(19008K)->18819K(19008K) NonClass: 16154K(16256K)->16154K(16256K) Class: 2665K(2752K)->2665K(2752K)
[290.663s][info][gc             ] GC(1010) Pause Young (Allocation Failure) 598M->489M(863M) 58.540ms
[290.663s][info][gc,cpu         ] GC(1010) User=0.12s Sys=0.00s Real=0.06s
[290.787s][info][gc,start       ] GC(1011) Pause Young (Allocation Failure)
[290.845s][info][gc,heap        ] GC(1011) PSYoungGen: 169088K(216064K)->43552K(216064K) Eden: 112128K(112128K)->0K(123392K) From: 56960K(103936K)->43552K(92672K)
[290.845s][info][gc,heap        ] GC(1011) ParOldGen: 444116K(667648K)->459373K(667648K)
[290.845s][info][gc,metaspace   ] GC(1011) Metaspace: 18819K(19008K)->18819K(19008K) NonClass: 16154K(16256K)->16154K(16256K) Class: 2665K(2752K)->2665K(2752K)
[290.845s][info][gc             ] GC(1011) Pause Young (Allocation Failure) 598M->491M(863M) 57.704ms
[290.845s][info][gc,cpu         ] GC(1011) User=0.12s Sys=0.00s Real=0.05s
[290.973s][info][gc,start       ] GC(1012) Pause Young (Allocation Failure)
[291.018s][info][gc,heap        ] GC(1012) PSYoungGen: 166944K(216064K)->47776K(221696K) Eden: 123392K(123392K)->0K(123392K) From: 43552K(92672K)->47776K(98304K)
[291.018s][info][gc,heap        ] GC(1012) ParOldGen: 459373K(667648K)->459389K(667648K)
[291.018s][info][gc,metaspace   ] GC(1012) Metaspace: 18819K(19008K)->18819K(19008K) NonClass: 16154K(16256K)->16154K(16256K) Class: 2665K(2752K)->2665K(2752K)
[291.018s][info][gc             ] GC(1012) Pause Young (Allocation Failure) 611M->495M(868M) 45.690ms
[291.018s][info][gc,cpu         ] GC(1012) User=0.09s Sys=0.00s Real=0.05s
[291.125s][info][gc,start       ] GC(1013) Pause Young (Allocation Failure)
[291.171s][info][gc,heap        ] GC(1013) PSYoungGen: 171168K(221696K)->47808K(223744K) Eden: 123392K(123392K)->0K(135680K) From: 47776K(98304K)->47808K(88064K)
[291.171s][info][gc,heap        ] GC(1013) ParOldGen: 459389K(667648K)->459389K(667648K)
[291.171s][info][gc,metaspace   ] GC(1013) Metaspace: 18819K(19008K)->18819K(19008K) NonClass: 16154K(16256K)->16154K(16256K) Class: 2665K(2752K)->2665K(2752K)
[291.171s][info][gc             ] GC(1013) Pause Young (Allocation Failure) 615M->495M(870M) 45.373ms
[291.171s][info][gc,cpu         ] GC(1013) User=0.09s Sys=0.00s Real=0.05s
[291.305s][info][gc,start       ] GC(1014) Pause Young (Allocation Failure)
[291.356s][info][gc,heap        ] GC(1014) PSYoungGen: 183488K(223744K)->54368K(226816K) Eden: 135680K(135680K)->0K(135680K) From: 47808K(88064K)->54368K(91136K)
[291.356s][info][gc,heap        ] GC(1014) ParOldGen: 459389K(667648K)->459389K(667648K)
[291.356s][info][gc,metaspace   ] GC(1014) Metaspace: 18819K(19008K)->18819K(19008K) NonClass: 16154K(16256K)->16154K(16256K) Class: 2665K(2752K)->2665K(2752K)
[291.356s][info][gc             ] GC(1014) Pause Young (Allocation Failure) 627M->501M(873M) 51.043ms
[291.356s][info][gc,cpu         ] GC(1014) User=0.10s Sys=0.00s Real=0.05s
[291.545s][info][gc,start       ] GC(1015) Pause Young (Allocation Failure)
[291.604s][info][gc,heap        ] GC(1015) PSYoungGen: 190048K(226816K)->63168K(236032K) Eden: 135680K(135680K)->0K(145920K) From: 54368K(91136K)->63168K(90112K)
[291.604s][info][gc,heap        ] GC(1015) ParOldGen: 459389K(667648K)->459389K(667648K)
[291.604s][info][gc,metaspace   ] GC(1015) Metaspace: 18819K(19008K)->18819K(19008K) NonClass: 16154K(16256K)->16154K(16256K) Class: 2665K(2752K)->2665K(2752K)
[291.604s][info][gc             ] GC(1015) Pause Young (Allocation Failure) 634M->510M(882M) 59.178ms
[291.604s][info][gc,cpu         ] GC(1015) User=0.11s Sys=0.00s Real=0.06s
[291.976s][info][gc,start       ] GC(1016) Pause Young (Allocation Failure)
[292.035s][info][gc,heap        ] GC(1016) PSYoungGen: 209088K(236032K)->63776K(238592K) Eden: 145920K(145920K)->0K(145920K) From: 63168K(90112K)->63776K(92672K)
[292.035s][info][gc,heap        ] GC(1016) ParOldGen: 459389K(667648K)->459389K(667648K)
[292.035s][info][gc,metaspace   ] GC(1016) Metaspace: 18819K(19008K)->18819K(19008K) NonClass: 16154K(16256K)->16154K(16256K) Class: 2665K(2752K)->2665K(2752K)
[292.035s][info][gc             ] GC(1016) Pause Young (Allocation Failure) 652M->510M(885M) 58.664ms
[292.035s][info][gc,cpu         ] GC(1016) User=0.12s Sys=0.00s Real=0.06s
[292.363s][info][gc,start       ] GC(1017) Pause Young (Allocation Failure)
[292.422s][info][gc,heap        ] GC(1017) PSYoungGen: 209696K(238592K)->63648K(236544K) Eden: 145920K(145920K)->0K(142336K) From: 63776K(92672K)->63648K(94208K)
[292.422s][info][gc,heap        ] GC(1017) ParOldGen: 459389K(667648K)->459389K(667648K)
[292.422s][info][gc,metaspace   ] GC(1017) Metaspace: 18819K(19008K)->18819K(19008K) NonClass: 16154K(16256K)->16154K(16256K) Class: 2665K(2752K)->2665K(2752K)
[292.422s][info][gc             ] GC(1017) Pause Young (Allocation Failure) 653M->510M(883M) 59.440ms
[292.422s][info][gc,cpu         ] GC(1017) User=0.12s Sys=0.00s Real=0.06s
[292.666s][info][gc,start       ] GC(1018) Pause Young (Allocation Failure)
[292.730s][info][gc,heap        ] GC(1018) PSYoungGen: 205984K(236544K)->70688K(213504K) Eden: 142336K(142336K)->0K(142336K) From: 63648K(94208K)->70688K(71168K)
[292.730s][info][gc,heap        ] GC(1018) ParOldGen: 459389K(667648K)->459389K(667648K)
[292.730s][info][gc,metaspace   ] GC(1018) Metaspace: 18820K(19008K)->18820K(19008K) NonClass: 16155K(16256K)->16155K(16256K) Class: 2665K(2752K)->2665K(2752K)
[292.730s][info][gc             ] GC(1018) Pause Young (Allocation Failure) 649M->517M(860M) 64.351ms
[292.730s][info][gc,cpu         ] GC(1018) User=0.13s Sys=0.00s Real=0.07s
[292.809s][info][gc,start       ] GC(1019) Pause Young (Allocation Failure)
[292.924s][info][gc,heap        ] GC(1019) PSYoungGen: 213024K(213504K)->98784K(210432K) Eden: 142336K(142336K)->0K(111616K) From: 70688K(71168K)->98784K(98816K)
[292.924s][info][gc,heap        ] GC(1019) ParOldGen: 459389K(667648K)->482509K(667648K)
[292.924s][info][gc,metaspace   ] GC(1019) Metaspace: 18820K(19008K)->18820K(19008K) NonClass: 16155K(16256K)->16155K(16256K) Class: 2665K(2752K)->2665K(2752K)
[292.924s][info][gc             ] GC(1019) Pause Young (Allocation Failure) 656M->567M(857M) 114.744ms
[292.924s][info][gc,cpu         ] GC(1019) User=0.21s Sys=0.02s Real=0.11s
[292.992s][info][gc,start       ] GC(1020) Pause Young (Allocation Failure)
[293.110s][info][gc,heap        ] GC(1020) PSYoungGen: 210400K(210432K)->111072K(222720K) Eden: 111616K(111616K)->0K(111616K) From: 98784K(98816K)->111072K(111104K)
[293.110s][info][gc,heap        ] GC(1020) ParOldGen: 482509K(667648K)->513709K(667648K)
[293.110s][info][gc,metaspace   ] GC(1020) Metaspace: 18820K(19008K)->18820K(19008K) NonClass: 16155K(16256K)->16155K(16256K) Class: 2665K(2752K)->2665K(2752K)
[293.110s][info][gc             ] GC(1020) Pause Young (Allocation Failure) 676M->610M(869M) 118.478ms
[293.110s][info][gc,cpu         ] GC(1020) User=0.23s Sys=0.00s Real=0.12s
[293.280s][info][gc,start       ] GC(1021) Pause Young (Allocation Failure)
[293.417s][info][gc,heap        ] GC(1021) PSYoungGen: 222688K(222720K)->111088K(222720K) Eden: 111616K(111616K)->0K(111616K) From: 111072K(111104K)->111088K(111104K)
[293.417s][info][gc,heap        ] GC(1021) ParOldGen: 513709K(667648K)->546605K(667648K)
[293.417s][info][gc,metaspace   ] GC(1021) Metaspace: 18820K(19008K)->18820K(19008K) NonClass: 16155K(16256K)->16155K(16256K) Class: 2665K(2752K)->2665K(2752K)
[293.417s][info][gc             ] GC(1021) Pause Young (Allocation Failure) 719M->642M(869M) 136.954ms
[293.417s][info][gc,cpu         ] GC(1021) User=0.27s Sys=0.00s Real=0.13s
[293.678s][info][gc,start       ] GC(1022) Pause Young (Allocation Failure)
[293.788s][info][gc,heap        ] GC(1022) PSYoungGen: 222704K(222720K)->111094K(222720K) Eden: 111616K(111616K)->0K(111616K) From: 111088K(111104K)->111094K(111104K)
[293.788s][info][gc,heap        ] GC(1022) ParOldGen: 546605K(667648K)->563205K(667648K)
[293.788s][info][gc,metaspace   ] GC(1022) Metaspace: 18820K(19008K)->18820K(19008K) NonClass: 16155K(16256K)->16155K(16256K) Class: 2665K(2752K)->2665K(2752K)
[293.788s][info][gc             ] GC(1022) Pause Young (Allocation Failure) 751M->658M(869M) 109.287ms
[293.788s][info][gc,cpu         ] GC(1022) User=0.22s Sys=0.00s Real=0.11s
[293.848s][info][gc,start       ] GC(1023) Pause Young (Allocation Failure)
[293.972s][info][gc,heap        ] GC(1023) PSYoungGen: 222710K(222720K)->111094K(222720K) Eden: 111616K(111616K)->0K(111616K) From: 111094K(111104K)->111094K(111104K)
[293.972s][info][gc,heap        ] GC(1023) ParOldGen: 563205K(667648K)->602405K(667648K)
[293.972s][info][gc,metaspace   ] GC(1023) Metaspace: 18820K(19008K)->18820K(19008K) NonClass: 16155K(16256K)->16155K(16256K) Class: 2665K(2752K)->2665K(2752K)
[293.972s][info][gc             ] GC(1023) Pause Young (Allocation Failure) 767M->696M(869M) 123.533ms
[293.972s][info][gc,cpu         ] GC(1023) User=0.24s Sys=0.00s Real=0.12s
[294.070s][info][gc,start       ] GC(1024) Pause Young (Allocation Failure)
[294.182s][info][gc,heap        ] GC(1024) PSYoungGen: 222710K(222720K)->111088K(222720K) Eden: 111616K(111616K)->0K(111616K) From: 111094K(111104K)->111088K(111104K)
[294.182s][info][gc,heap        ] GC(1024) ParOldGen: 602405K(667648K)->617603K(667648K)
[294.182s][info][gc,metaspace   ] GC(1024) Metaspace: 18820K(19008K)->18820K(19008K) NonClass: 16155K(16256K)->16155K(16256K) Class: 2665K(2752K)->2665K(2752K)
[294.182s][info][gc             ] GC(1024) Pause Young (Allocation Failure) 805M->711M(869M) 112.113ms
[294.182s][info][gc,cpu         ] GC(1024) User=0.22s Sys=0.00s Real=0.11s
[294.287s][info][gc,start       ] GC(1025) Pause Full (Allocation Failure)
[294.287s][info][gc,phases,start] GC(1025) Marking Phase
[294.546s][info][gc,phases      ] GC(1025) Marking Phase 259.323ms
[294.546s][info][gc,phases,start] GC(1025) Summary Phase
[294.546s][info][gc,phases      ] GC(1025) Summary Phase 0.027ms
[294.546s][info][gc,phases,start] GC(1025) Forward
[294.651s][info][gc,phases      ] GC(1025) Forward 104.613ms
[294.651s][info][gc,phases,start] GC(1025) Adjust Pointers
[294.847s][info][gc,phases      ] GC(1025) Adjust Pointers 196.468ms
[294.847s][info][gc,phases,start] GC(1025) Compaction Phase
[294.970s][info][gc,phases      ] GC(1025) Compaction Phase 122.520ms
[294.975s][info][gc,phases,start] GC(1025) Post Compact
[294.977s][info][gc,phases      ] GC(1025) Post Compact 2.400ms
[294.977s][info][gc,heap        ] GC(1025) PSYoungGen: 222704K(222720K)->0K(222720K) Eden: 111616K(111616K)->0K(111616K) From: 111088K(111104K)->0K(111104K)
[294.977s][info][gc,heap        ] GC(1025) ParOldGen: 617603K(667648K)->424593K(667648K)
[294.977s][info][gc,metaspace   ] GC(1025) Metaspace: 18820K(19008K)->18820K(19008K) NonClass: 16155K(16256K)->16155K(16256K) Class: 2665K(2752K)->2665K(2752K)
[294.977s][info][gc             ] GC(1025) Pause Full (Allocation Failure) 820M->414M(869M) 690.383ms
[294.977s][info][gc,cpu         ] GC(1025) User=1.28s Sys=0.00s Real=0.69s
[295.138s][info][gc,start       ] GC(1026) Pause Young (Allocation Failure)
[295.191s][info][gc,heap        ] GC(1026) PSYoungGen: 111616K(222720K)->35917K(222720K) Eden: 111616K(111616K)->0K(111616K) From: 0K(111104K)->35917K(111104K)
[295.191s][info][gc,heap        ] GC(1026) ParOldGen: 424593K(667648K)->424593K(667648K)
[295.191s][info][gc,metaspace   ] GC(1026) Metaspace: 18820K(19008K)->18820K(19008K) NonClass: 16155K(16256K)->16155K(16256K) Class: 2665K(2752K)->2665K(2752K)
[295.191s][info][gc             ] GC(1026) Pause Young (Allocation Failure) 523M->449M(869M) 52.450ms
[295.191s][info][gc,cpu         ] GC(1026) User=0.11s Sys=0.00s Real=0.05s
[295.344s][info][gc,start       ] GC(1027) Pause Young (Allocation Failure)
[295.392s][info][gc,heap        ] GC(1027) PSYoungGen: 147533K(222720K)->35875K(222720K) Eden: 111616K(111616K)->0K(111616K) From: 35917K(111104K)->35875K(111104K)
[295.392s][info][gc,heap        ] GC(1027) ParOldGen: 424593K(667648K)->424593K(667648K)
[295.392s][info][gc,metaspace   ] GC(1027) Metaspace: 18820K(19008K)->18820K(19008K) NonClass: 16155K(16256K)->16155K(16256K) Class: 2665K(2752K)->2665K(2752K)
[295.392s][info][gc             ] GC(1027) Pause Young (Allocation Failure) 558M->449M(869M) 48.300ms
[295.392s][info][gc,cpu         ] GC(1027) User=0.09s Sys=0.00s Real=0.05s
[295.544s][info][gc,start       ] GC(1028) Pause Young (Allocation Failure)
[295.593s][info][gc,heap        ] GC(1028) PSYoungGen: 147491K(222720K)->35885K(222720K) Eden: 111616K(111616K)->0K(111616K) From: 35875K(111104K)->35885K(111104K)
[295.593s][info][gc,heap        ] GC(1028) ParOldGen: 424593K(667648K)->424593K(667648K)
[295.593s][info][gc,metaspace   ] GC(1028) Metaspace: 18820K(19008K)->18820K(19008K) NonClass: 16155K(16256K)->16155K(16256K) Class: 2665K(2752K)->2665K(2752K)
[295.593s][info][gc             ] GC(1028) Pause Young (Allocation Failure) 558M->449M(869M) 48.976ms
[295.593s][info][gc,cpu         ] GC(1028) User=0.09s Sys=0.00s Real=0.05s
[295.744s][info][gc,start       ] GC(1029) Pause Young (Allocation Failure)
[295.793s][info][gc,heap        ] GC(1029) PSYoungGen: 147501K(222720K)->35885K(222720K) Eden: 111616K(111616K)->0K(111616K) From: 35885K(111104K)->35885K(111104K)
[295.793s][info][gc,heap        ] GC(1029) ParOldGen: 424593K(667648K)->424593K(667648K)
[295.793s][info][gc,metaspace   ] GC(1029) Metaspace: 18820K(19008K)->18820K(19008K) NonClass: 16155K(16256K)->16155K(16256K) Class: 2665K(2752K)->2665K(2752K)
[295.793s][info][gc             ] GC(1029) Pause Young (Allocation Failure) 558M->449M(869M) 48.840ms
[295.793s][info][gc,cpu         ] GC(1029) User=0.10s Sys=0.00s Real=0.05s
[295.945s][info][gc,start       ] GC(1030) Pause Young (Allocation Failure)
[295.993s][info][gc,heap        ] GC(1030) PSYoungGen: 147501K(222720K)->35885K(222720K) Eden: 111616K(111616K)->0K(111616K) From: 35885K(111104K)->35885K(111104K)
[295.993s][info][gc,heap        ] GC(1030) ParOldGen: 424593K(667648K)->424593K(667648K)
[295.993s][info][gc,metaspace   ] GC(1030) Metaspace: 18820K(19008K)->18820K(19008K) NonClass: 16155K(16256K)->16155K(16256K) Class: 2665K(2752K)->2665K(2752K)
[295.993s][info][gc             ] GC(1030) Pause Young (Allocation Failure) 558M->449M(869M) 48.518ms
[295.994s][info][gc,cpu         ] GC(1030) User=0.10s Sys=0.00s Real=0.05s
[296.146s][info][gc,start       ] GC(1031) Pause Young (Allocation Failure)
[296.196s][info][gc,heap        ] GC(1031) PSYoungGen: 147501K(222720K)->32K(222720K) Eden: 111616K(111616K)->0K(111616K) From: 35885K(111104K)->32K(111104K)
[296.196s][info][gc,heap        ] GC(1031) ParOldGen: 424593K(667648K)->460521K(667648K)
[296.196s][info][gc,metaspace   ] GC(1031) Metaspace: 18820K(19008K)->18820K(19008K) NonClass: 16155K(16256K)->16155K(16256K) Class: 2665K(2752K)->2665K(2752K)
[296.196s][info][gc             ] GC(1031) Pause Young (Allocation Failure) 558M->449M(869M) 49.485ms
[296.196s][info][gc,cpu         ] GC(1031) User=0.10s Sys=0.00s Real=0.05s
[296.346s][info][gc,start       ] GC(1032) Pause Young (Allocation Failure)
[296.348s][info][gc,heap        ] GC(1032) PSYoungGen: 111648K(222720K)->64K(222720K) Eden: 111616K(111616K)->0K(111616K) From: 32K(111104K)->64K(111104K)
[296.348s][info][gc,heap        ] GC(1032) ParOldGen: 460521K(667648K)->460521K(667648K)
[296.348s][info][gc,metaspace   ] GC(1032) Metaspace: 18820K(19008K)->18820K(19008K) NonClass: 16155K(16256K)->16155K(16256K) Class: 2665K(2752K)->2665K(2752K)
[296.348s][info][gc             ] GC(1032) Pause Young (Allocation Failure) 558M->449M(869M) 1.501ms
[296.348s][info][gc,cpu         ] GC(1032) User=0.00s Sys=0.00s Real=0.01s
[296.495s][info][gc,start       ] GC(1033) Pause Young (Allocation Failure)
[296.496s][info][gc,heap        ] GC(1033) PSYoungGen: 111680K(222720K)->64K(222720K) Eden: 111616K(111616K)->0K(111616K) From: 64K(111104K)->64K(111104K)
[296.496s][info][gc,heap        ] GC(1033) ParOldGen: 460521K(667648K)->460521K(667648K)
[296.496s][info][gc,metaspace   ] GC(1033) Metaspace: 18820K(19008K)->18820K(19008K) NonClass: 16155K(16256K)->16155K(16256K) Class: 2665K(2752K)->2665K(2752K)
[296.496s][info][gc             ] GC(1033) Pause Young (Allocation Failure) 558M->449M(869M) 1.526ms
[296.496s][info][gc,cpu         ] GC(1033) User=0.01s Sys=0.00s Real=0.00s
[296.642s][info][gc,start       ] GC(1034) Pause Young (Allocation Failure)
[296.644s][info][gc,heap        ] GC(1034) PSYoungGen: 111680K(222720K)->64K(222720K) Eden: 111616K(111616K)->0K(111616K) From: 64K(111104K)->64K(111104K)
[296.644s][info][gc,heap        ] GC(1034) ParOldGen: 460521K(667648K)->460521K(667648K)
[296.644s][info][gc,metaspace   ] GC(1034) Metaspace: 18820K(19008K)->18820K(19008K) NonClass: 16155K(16256K)->16155K(16256K) Class: 2665K(2752K)->2665K(2752K)
[296.644s][info][gc             ] GC(1034) Pause Young (Allocation Failure) 558M->449M(869M) 1.541ms
[296.644s][info][gc,cpu         ] GC(1034) User=0.00s Sys=0.00s Real=0.00s
[296.791s][info][gc,start       ] GC(1035) Pause Young (Allocation Failure)
[296.792s][info][gc,heap        ] GC(1035) PSYoungGen: 111680K(222720K)->64K(222720K) Eden: 111616K(111616K)->0K(111616K) From: 64K(111104K)->64K(111104K)
[296.792s][info][gc,heap        ] GC(1035) ParOldGen: 460521K(667648K)->460521K(667648K)
[296.792s][info][gc,metaspace   ] GC(1035) Metaspace: 18820K(19008K)->18820K(19008K) NonClass: 16155K(16256K)->16155K(16256K) Class: 2665K(2752K)->2665K(2752K)
[296.792s][info][gc             ] GC(1035) Pause Young (Allocation Failure) 558M->449M(869M) 1.547ms
[296.792s][info][gc,cpu         ] GC(1035) User=0.00s Sys=0.00s Real=0.00s
[296.899s][info][gc,start       ] GC(1036) Pause Young (Allocation Failure)
[296.918s][info][gc,heap        ] GC(1036) PSYoungGen: 111680K(222720K)->16448K(222720K) Eden: 111616K(111616K)->0K(111616K) From: 64K(111104K)->16448K(111104K)
[296.918s][info][gc,heap        ] GC(1036) ParOldGen: 460521K(667648K)->460521K(667648K)
[296.918s][info][gc,metaspace   ] GC(1036) Metaspace: 18820K(19008K)->18820K(19008K) NonClass: 16155K(16256K)->16155K(16256K) Class: 2665K(2752K)->2665K(2752K)
[296.918s][info][gc             ] GC(1036) Pause Young (Allocation Failure) 558M->465M(869M) 18.682ms
[296.918s][info][gc,cpu         ] GC(1036) User=0.04s Sys=0.00s Real=0.02s
[297.020s][info][gc,start       ] GC(1037) Pause Young (Allocation Failure)
[297.049s][info][gc,heap        ] GC(1037) PSYoungGen: 128064K(222720K)->11968K(222720K) Eden: 111616K(111616K)->0K(111616K) From: 16448K(111104K)->11968K(111104K)
[297.049s][info][gc,heap        ] GC(1037) ParOldGen: 460521K(667648K)->476961K(667648K)
[297.049s][info][gc,metaspace   ] GC(1037) Metaspace: 18820K(19008K)->18820K(19008K) NonClass: 16155K(16256K)->16155K(16256K) Class: 2665K(2752K)->2665K(2752K)
[297.049s][info][gc             ] GC(1037) Pause Young (Allocation Failure) 574M->477M(869M) 28.985ms
[297.049s][info][gc,cpu         ] GC(1037) User=0.05s Sys=0.00s Real=0.03s
[297.137s][info][gc,start       ] GC(1038) Pause Young (Allocation Failure)
[297.155s][info][gc,heap        ] GC(1038) PSYoungGen: 123584K(222720K)->2720K(222720K) Eden: 111616K(111616K)->0K(111616K) From: 11968K(111104K)->2720K(111104K)
[297.155s][info][gc,heap        ] GC(1038) ParOldGen: 476961K(667648K)->488937K(667648K)
[297.155s][info][gc,metaspace   ] GC(1038) Metaspace: 18820K(19008K)->18820K(19008K) NonClass: 16155K(16256K)->16155K(16256K) Class: 2665K(2752K)->2665K(2752K)
[297.155s][info][gc             ] GC(1038) Pause Young (Allocation Failure) 586M->480M(869M) 18.082ms
[297.155s][info][gc,cpu         ] GC(1038) User=0.03s Sys=0.00s Real=0.02s
[297.257s][info][gc,start       ] GC(1039) Pause Young (Allocation Failure)
[297.266s][info][gc,heap        ] GC(1039) PSYoungGen: 114336K(222720K)->1824K(222720K) Eden: 111616K(111616K)->0K(111616K) From: 2720K(111104K)->1824K(111104K)
[297.266s][info][gc,heap        ] GC(1039) ParOldGen: 488937K(667648K)->491625K(667648K)
[297.266s][info][gc,metaspace   ] GC(1039) Metaspace: 18820K(19008K)->18820K(19008K) NonClass: 16155K(16256K)->16155K(16256K) Class: 2665K(2752K)->2665K(2752K)
[297.266s][info][gc             ] GC(1039) Pause Young (Allocation Failure) 589M->481M(869M) 9.458ms
[297.266s][info][gc,cpu         ] GC(1039) User=0.02s Sys=0.00s Real=0.01s
[297.377s][info][gc,start       ] GC(1040) Pause Young (Allocation Failure)
[297.380s][info][gc,heap        ] GC(1040) PSYoungGen: 113440K(222720K)->64K(222720K) Eden: 111616K(111616K)->0K(111616K) From: 1824K(111104K)->64K(111104K)
[297.381s][info][gc,heap        ] GC(1040) ParOldGen: 491625K(667648K)->493417K(667648K)
[297.381s][info][gc,metaspace   ] GC(1040) Metaspace: 18820K(19008K)->18820K(19008K) NonClass: 16155K(16256K)->16155K(16256K) Class: 2665K(2752K)->2665K(2752K)
[297.381s][info][gc             ] GC(1040) Pause Young (Allocation Failure) 590M->481M(869M) 3.993ms
[297.381s][info][gc,cpu         ] GC(1040) User=0.01s Sys=0.00s Real=0.01s
[297.484s][info][gc,start       ] GC(1041) Pause Young (Allocation Failure)
[297.495s][info][gc,heap        ] GC(1041) PSYoungGen: 111680K(222720K)->8160K(222720K) Eden: 111616K(111616K)->0K(111616K) From: 64K(111104K)->8160K(111104K)
[297.495s][info][gc,heap        ] GC(1041) ParOldGen: 493417K(667648K)->493433K(667648K)
[297.495s][info][gc,metaspace   ] GC(1041) Metaspace: 18820K(19008K)->18820K(19008K) NonClass: 16155K(16256K)->16155K(16256K) Class: 2665K(2752K)->2665K(2752K)
[297.495s][info][gc             ] GC(1041) Pause Young (Allocation Failure) 590M->489M(869M) 10.128ms
[297.495s][info][gc,cpu         ] GC(1041) User=0.02s Sys=0.00s Real=0.01s
[297.726s][info][gc,start       ] GC(1042) Pause Young (Allocation Failure)
[297.735s][info][gc,heap        ] GC(1042) PSYoungGen: 119776K(222720K)->64K(222720K) Eden: 111616K(111616K)->0K(111616K) From: 8160K(111104K)->64K(111104K)
[297.735s][info][gc,heap        ] GC(1042) ParOldGen: 493433K(667648K)->501559K(667648K)
[297.735s][info][gc,metaspace   ] GC(1042) Metaspace: 18820K(19008K)->18820K(19008K) NonClass: 16155K(16256K)->16155K(16256K) Class: 2665K(2752K)->2665K(2752K)
[297.735s][info][gc             ] GC(1042) Pause Young (Allocation Failure) 598M->489M(869M) 9.605ms
[297.735s][info][gc,cpu         ] GC(1042) User=0.02s Sys=0.00s Real=0.01s
[297.918s][info][gc,start       ] GC(1043) Pause Young (Allocation Failure)
[297.920s][info][gc,heap        ] GC(1043) PSYoungGen: 111680K(222720K)->160K(222720K) Eden: 111616K(111616K)->0K(111616K) From: 64K(111104K)->160K(111104K)
[297.920s][info][gc,heap        ] GC(1043) ParOldGen: 501559K(667648K)->501591K(667648K)
[297.920s][info][gc,metaspace   ] GC(1043) Metaspace: 18820K(19008K)->18820K(19008K) NonClass: 16155K(16256K)->16155K(16256K) Class: 2665K(2752K)->2665K(2752K)
[297.920s][info][gc             ] GC(1043) Pause Young (Allocation Failure) 598M->489M(869M) 1.936ms
[297.920s][info][gc,cpu         ] GC(1043) User=0.00s Sys=0.00s Real=0.00s
[298.100s][info][gc,start       ] GC(1044) Pause Young (Allocation Failure)
[298.103s][info][gc,heap        ] GC(1044) PSYoungGen: 111776K(222720K)->320K(112128K) Eden: 111616K(111616K)->0K(111616K) From: 160K(111104K)->320K(512K)
[298.103s][info][gc,heap        ] GC(1044) ParOldGen: 501591K(667648K)->501733K(667648K)
[298.103s][info][gc,metaspace   ] GC(1044) Metaspace: 18820K(19008K)->18820K(19008K) NonClass: 16155K(16256K)->16155K(16256K) Class: 2665K(2752K)->2665K(2752K)
[298.103s][info][gc             ] GC(1044) Pause Young (Allocation Failure) 598M->490M(761M) 3.176ms
[298.103s][info][gc,cpu         ] GC(1044) User=0.00s Sys=0.00s Real=0.00s
[298.297s][info][gc,start       ] GC(1045) Pause Young (Allocation Failure)
[298.300s][info][gc,heap        ] GC(1045) PSYoungGen: 111936K(112128K)->64K(212992K) Eden: 111616K(111616K)->0K(114688K) From: 320K(512K)->64K(98304K)
[298.300s][info][gc,heap        ] GC(1045) ParOldGen: 501733K(667648K)->501733K(667648K)
[298.300s][info][gc,metaspace   ] GC(1045) Metaspace: 18820K(19008K)->18820K(19008K) NonClass: 16155K(16256K)->16155K(16256K) Class: 2665K(2752K)->2665K(2752K)
[298.300s][info][gc             ] GC(1045) Pause Young (Allocation Failure) 599M->490M(860M) 2.673ms
[298.300s][info][gc,cpu         ] GC(1045) User=0.00s Sys=0.00s Real=0.00s
[298.446s][info][gc,start       ] GC(1046) Pause Young (Allocation Failure)
[298.461s][info][gc,heap        ] GC(1046) PSYoungGen: 114752K(212992K)->13088K(128000K) Eden: 114688K(114688K)->0K(114688K) From: 64K(98304K)->13088K(13312K)
[298.461s][info][gc,heap        ] GC(1046) ParOldGen: 501733K(667648K)->501733K(667648K)
[298.461s][info][gc,metaspace   ] GC(1046) Metaspace: 18820K(19008K)->18820K(19008K) NonClass: 16155K(16256K)->16155K(16256K) Class: 2665K(2752K)->2665K(2752K)
[298.461s][info][gc             ] GC(1046) Pause Young (Allocation Failure) 602M->502M(777M) 15.166ms
[298.462s][info][gc,cpu         ] GC(1046) User=0.03s Sys=0.00s Real=0.02s
[298.585s][info][gc,start       ] GC(1047) Pause Young (Allocation Failure)
[298.603s][info][gc,heap        ] GC(1047) PSYoungGen: 127776K(128000K)->13088K(199680K) Eden: 114688K(114688K)->0K(119808K) From: 13088K(13312K)->13088K(79872K)
[298.603s][info][gc,heap        ] GC(1047) ParOldGen: 501733K(667648K)->501733K(667648K)
[298.603s][info][gc,metaspace   ] GC(1047) Metaspace: 18820K(19008K)->18820K(19008K) NonClass: 16155K(16256K)->16155K(16256K) Class: 2665K(2752K)->2665K(2752K)
[298.603s][info][gc             ] GC(1047) Pause Young (Allocation Failure) 614M->502M(847M) 17.945ms
[298.603s][info][gc,cpu         ] GC(1047) User=0.03s Sys=0.00s Real=0.02s
[298.711s][info][gc,start       ] GC(1048) Pause Young (Allocation Failure)
[298.745s][info][gc,heap        ] GC(1048) PSYoungGen: 132896K(199680K)->41760K(205824K) Eden: 119808K(119808K)->0K(119808K) From: 13088K(79872K)->41760K(86016K)
[298.745s][info][gc,heap        ] GC(1048) ParOldGen: 501733K(667648K)->501733K(667648K)
[298.745s][info][gc,metaspace   ] GC(1048) Metaspace: 18820K(19008K)->18820K(19008K) NonClass: 16155K(16256K)->16155K(16256K) Class: 2665K(2752K)->2665K(2752K)
[298.745s][info][gc             ] GC(1048) Pause Young (Allocation Failure) 619M->530M(853M) 33.776ms
[298.745s][info][gc,cpu         ] GC(1048) User=0.07s Sys=0.01s Real=0.03s
[298.880s][info][gc,start       ] GC(1049) Pause Young (Allocation Failure)
[298.929s][info][gc,heap        ] GC(1049) PSYoungGen: 161568K(205824K)->66848K(204288K) Eden: 119808K(119808K)->0K(115712K) From: 41760K(86016K)->66848K(88576K)
[298.929s][info][gc,heap        ] GC(1049) ParOldGen: 501733K(667648K)->501733K(667648K)
[298.929s][info][gc,metaspace   ] GC(1049) Metaspace: 18820K(19008K)->18820K(19008K) NonClass: 16155K(16256K)->16155K(16256K) Class: 2665K(2752K)->2665K(2752K)
[298.929s][info][gc             ] GC(1049) Pause Young (Allocation Failure) 647M->555M(851M) 48.921ms
[298.929s][info][gc,cpu         ] GC(1049) User=0.10s Sys=0.00s Real=0.05s
[299.101s][info][gc,start       ] GC(1050) Pause Young (Allocation Failure)
[299.167s][info][gc,heap        ] GC(1050) PSYoungGen: 182560K(204288K)->79920K(215552K) Eden: 115712K(115712K)->0K(115712K) From: 66848K(88576K)->79920K(99840K)
[299.167s][info][gc,heap        ] GC(1050) ParOldGen: 501733K(667648K)->501733K(667648K)
[299.167s][info][gc,metaspace   ] GC(1050) Metaspace: 18820K(19008K)->18820K(19008K) NonClass: 16155K(16256K)->16155K(16256K) Class: 2665K(2752K)->2665K(2752K)
[299.167s][info][gc             ] GC(1050) Pause Young (Allocation Failure) 668M->568M(862M) 66.790ms
[299.167s][info][gc,cpu         ] GC(1050) User=0.13s Sys=0.00s Real=0.07s
[299.328s][info][gc,start       ] GC(1051) Pause Young (Allocation Failure)
[299.404s][info][gc,heap        ] GC(1051) PSYoungGen: 195632K(215552K)->79888K(222720K) Eden: 115712K(115712K)->0K(111616K) From: 79920K(99840K)->79888K(111104K)
[299.404s][info][gc,heap        ] GC(1051) ParOldGen: 501733K(667648K)->501765K(667648K)
[299.404s][info][gc,metaspace   ] GC(1051) Metaspace: 18820K(19008K)->18820K(19008K) NonClass: 16155K(16256K)->16155K(16256K) Class: 2665K(2752K)->2665K(2752K)
[299.404s][info][gc             ] GC(1051) Pause Young (Allocation Failure) 681M->568M(869M) 76.741ms
[299.404s][info][gc,cpu         ] GC(1051) User=0.14s Sys=0.00s Real=0.07s
[299.565s][info][gc,start       ] GC(1052) Pause Young (Allocation Failure)
[299.635s][info][gc,heap        ] GC(1052) PSYoungGen: 191504K(222720K)->66832K(222720K) Eden: 111616K(111616K)->0K(111616K) From: 79888K(111104K)->66832K(111104K)
[299.635s][info][gc,heap        ] GC(1052) ParOldGen: 501765K(667648K)->514861K(667648K)
[299.635s][info][gc,metaspace   ] GC(1052) Metaspace: 18820K(19008K)->18820K(19008K) NonClass: 16155K(16256K)->16155K(16256K) Class: 2665K(2752K)->2665K(2752K)
[299.635s][info][gc             ] GC(1052) Pause Young (Allocation Failure) 677M->568M(869M) 70.287ms
[299.635s][info][gc,cpu         ] GC(1052) User=0.14s Sys=0.00s Real=0.07s
[299.790s][info][gc,start       ] GC(1053) Pause Young (Allocation Failure)
[299.846s][info][gc,heap        ] GC(1053) PSYoungGen: 178448K(222720K)->13152K(222720K) Eden: 111616K(111616K)->0K(111616K) From: 66832K(111104K)->13152K(111104K)
[299.846s][info][gc,heap        ] GC(1053) ParOldGen: 514861K(667648K)->569204K(667648K)
[299.846s][info][gc,metaspace   ] GC(1053) Metaspace: 18820K(19008K)->18820K(19008K) NonClass: 16155K(16256K)->16155K(16256K) Class: 2665K(2752K)->2665K(2752K)
[299.846s][info][gc             ] GC(1053) Pause Young (Allocation Failure) 677M->568M(869M) 56.203ms
[299.846s][info][gc,cpu         ] GC(1053) User=0.11s Sys=0.01s Real=0.05s
[300.000s][info][gc,start       ] GC(1054) Pause Young (Allocation Failure)
[300.022s][info][gc,heap        ] GC(1054) PSYoungGen: 124768K(222720K)->64K(222720K) Eden: 111616K(111616K)->0K(111616K) From: 13152K(111104K)->64K(111104K)
[300.022s][info][gc,heap        ] GC(1054) ParOldGen: 569204K(667648K)->582340K(667648K)
[300.022s][info][gc,metaspace   ] GC(1054) Metaspace: 18820K(19008K)->18820K(19008K) NonClass: 16155K(16256K)->16155K(16256K) Class: 2665K(2752K)->2665K(2752K)
[300.022s][info][gc             ] GC(1054) Pause Young (Allocation Failure) 677M->568M(869M) 21.909ms
[300.022s][info][gc,cpu         ] GC(1054) User=0.05s Sys=0.00s Real=0.02s
[300.170s][info][gc,start       ] GC(1055) Pause Young (Allocation Failure)
[300.172s][info][gc,heap        ] GC(1055) PSYoungGen: 111680K(222720K)->64K(222720K) Eden: 111616K(111616K)->0K(111616K) From: 64K(111104K)->64K(111104K)
[300.172s][info][gc,heap        ] GC(1055) ParOldGen: 582340K(667648K)->582340K(667648K)
[300.172s][info][gc,metaspace   ] GC(1055) Metaspace: 18820K(19008K)->18820K(19008K) NonClass: 16155K(16256K)->16155K(16256K) Class: 2665K(2752K)->2665K(2752K)
[300.172s][info][gc             ] GC(1055) Pause Young (Allocation Failure) 677M->568M(869M) 1.848ms
[300.172s][info][gc,cpu         ] GC(1055) User=0.01s Sys=0.00s Real=0.00s
[300.317s][info][gc,start       ] GC(1056) Pause Young (Allocation Failure)
[300.319s][info][gc,heap        ] GC(1056) PSYoungGen: 111680K(222720K)->64K(222720K) Eden: 111616K(111616K)->0K(111616K) From: 64K(111104K)->64K(111104K)
[300.319s][info][gc,heap        ] GC(1056) ParOldGen: 582340K(667648K)->582340K(667648K)
[300.319s][info][gc,metaspace   ] GC(1056) Metaspace: 18820K(19008K)->18820K(19008K) NonClass: 16155K(16256K)->16155K(16256K) Class: 2665K(2752K)->2665K(2752K)
[300.319s][info][gc             ] GC(1056) Pause Young (Allocation Failure) 677M->568M(869M) 1.797ms
[300.319s][info][gc,cpu         ] GC(1056) User=0.00s Sys=0.00s Real=0.00s
[300.464s][info][gc,start       ] GC(1057) Pause Young (Allocation Failure)
[300.465s][info][gc,heap        ] GC(1057) PSYoungGen: 111680K(222720K)->64K(215552K) Eden: 111616K(111616K)->0K(111616K) From: 64K(111104K)->64K(103936K)
[300.465s][info][gc,heap        ] GC(1057) ParOldGen: 582340K(667648K)->582340K(667648K)
[300.465s][info][gc,metaspace   ] GC(1057) Metaspace: 18820K(19008K)->18820K(19008K) NonClass: 16155K(16256K)->16155K(16256K) Class: 2665K(2752K)->2665K(2752K)
[300.465s][info][gc             ] GC(1057) Pause Young (Allocation Failure) 677M->568M(862M) 1.876ms
[300.465s][info][gc,cpu         ] GC(1057) User=0.00s Sys=0.00s Real=0.00s
[300.610s][info][gc,start       ] GC(1058) Pause Young (Allocation Failure)
[300.612s][info][gc,heap        ] GC(1058) PSYoungGen: 111680K(215552K)->64K(219136K) Eden: 111616K(111616K)->0K(111616K) From: 64K(103936K)->64K(107520K)
[300.612s][info][gc,heap        ] GC(1058) ParOldGen: 582340K(667648K)->582340K(667648K)
[300.612s][info][gc,metaspace   ] GC(1058) Metaspace: 18820K(19008K)->18820K(19008K) NonClass: 16155K(16256K)->16155K(16256K) Class: 2665K(2752K)->2665K(2752K)
[300.612s][info][gc             ] GC(1058) Pause Young (Allocation Failure) 677M->568M(866M) 1.859ms
[300.612s][info][gc,cpu         ] GC(1058) User=0.00s Sys=0.00s Real=0.00s
[300.712s][info][gc,start       ] GC(1059) Pause Young (Allocation Failure)
[300.732s][info][gc,heap        ] GC(1059) PSYoungGen: 111680K(219136K)->17280K(206336K) Eden: 111616K(111616K)->0K(117760K) From: 64K(107520K)->17280K(88576K)
[300.732s][info][gc,heap        ] GC(1059) ParOldGen: 582340K(667648K)->582340K(667648K)
[300.732s][info][gc,metaspace   ] GC(1059) Metaspace: 18820K(19008K)->18820K(19008K) NonClass: 16155K(16256K)->16155K(16256K) Class: 2665K(2752K)->2665K(2752K)
[300.732s][info][gc             ] GC(1059) Pause Young (Allocation Failure) 677M->585M(853M) 20.280ms
[300.732s][info][gc,cpu         ] GC(1059) User=0.04s Sys=0.00s Real=0.02s
[300.831s][info][gc,start       ] GC(1060) Pause Young (Allocation Failure)
[300.858s][info][gc,heap        ] GC(1060) PSYoungGen: 135040K(206336K)->25984K(212992K) Eden: 117760K(117760K)->0K(117760K) From: 17280K(88576K)->25984K(95232K)
[300.858s][info][gc,heap        ] GC(1060) ParOldGen: 582340K(667648K)->582340K(667648K)
[300.858s][info][gc,metaspace   ] GC(1060) Metaspace: 18820K(19008K)->18820K(19008K) NonClass: 16155K(16256K)->16155K(16256K) Class: 2665K(2752K)->2665K(2752K)
[300.858s][info][gc             ] GC(1060) Pause Young (Allocation Failure) 700M->594M(860M) 26.587ms
[300.858s][info][gc,cpu         ] GC(1060) User=0.06s Sys=0.00s Real=0.03s
[300.953s][info][gc,start       ] GC(1061) Pause Young (Allocation Failure)
[300.990s][info][gc,heap        ] GC(1061) PSYoungGen: 143744K(212992K)->35392K(215552K) Eden: 117760K(117760K)->0K(126976K) From: 25984K(95232K)->35392K(88576K)
[300.990s][info][gc,heap        ] GC(1061) ParOldGen: 582340K(667648K)->582340K(667648K)
[300.990s][info][gc,metaspace   ] GC(1061) Metaspace: 18820K(19008K)->18820K(19008K) NonClass: 16155K(16256K)->16155K(16256K) Class: 2665K(2752K)->2665K(2752K)
[300.990s][info][gc             ] GC(1061) Pause Young (Allocation Failure) 709M->603M(862M) 37.543ms
[300.990s][info][gc,cpu         ] GC(1061) User=0.07s Sys=0.00s Real=0.04s
[301.083s][info][gc,start       ] GC(1062) Pause Young (Allocation Failure)
[301.135s][info][gc,heap        ] GC(1062) PSYoungGen: 162368K(215552K)->52192K(215552K) Eden: 126976K(126976K)->0K(126976K) From: 35392K(88576K)->52192K(88576K)
[301.135s][info][gc,heap        ] GC(1062) ParOldGen: 582340K(667648K)->582340K(667648K)
[301.135s][info][gc,metaspace   ] GC(1062) Metaspace: 18820K(19008K)->18820K(19008K) NonClass: 16155K(16256K)->16155K(16256K) Class: 2665K(2752K)->2665K(2752K)
[301.135s][info][gc             ] GC(1062) Pause Young (Allocation Failure) 727M->619M(862M) 51.950ms
[301.135s][info][gc,cpu         ] GC(1062) User=0.11s Sys=0.00s Real=0.05s
[301.207s][info][gc,start       ] GC(1063) Pause Young (Allocation Failure)
[301.272s][info][gc,heap        ] GC(1063) PSYoungGen: 179168K(215552K)->67232K(222208K) Eden: 126976K(126976K)->0K(129536K) From: 52192K(88576K)->67232K(92672K)
[301.272s][info][gc,heap        ] GC(1063) ParOldGen: 582340K(667648K)->582340K(667648K)
[301.272s][info][gc,metaspace   ] GC(1063) Metaspace: 18820K(19008K)->18820K(19008K) NonClass: 16155K(16256K)->16155K(16256K) Class: 2665K(2752K)->2665K(2752K)
[301.272s][info][gc             ] GC(1063) Pause Young (Allocation Failure) 743M->634M(869M) 65.754ms
[301.272s][info][gc,cpu         ] GC(1063) User=0.13s Sys=0.00s Real=0.07s
[301.375s][info][gc,start       ] GC(1064) Pause Young (Allocation Failure)
[301.457s][info][gc,heap        ] GC(1064) PSYoungGen: 196768K(222208K)->85152K(215040K) Eden: 129536K(129536K)->0K(129536K) From: 67232K(92672K)->85152K(85504K)
[301.457s][info][gc,heap        ] GC(1064) ParOldGen: 582340K(667648K)->582340K(667648K)
[301.457s][info][gc,metaspace   ] GC(1064) Metaspace: 18820K(19008K)->18820K(19008K) NonClass: 16155K(16256K)->16155K(16256K) Class: 2665K(2752K)->2665K(2752K)
[301.457s][info][gc             ] GC(1064) Pause Young (Allocation Failure) 760M->651M(862M) 82.098ms
[301.457s][info][gc,cpu         ] GC(1064) User=0.16s Sys=0.00s Real=0.08s
[301.597s][info][gc,start       ] GC(1065) Pause Young (Allocation Failure)
[301.703s][info][gc,heap        ] GC(1065) PSYoungGen: 214688K(215040K)->88736K(222720K) Eden: 129536K(129536K)->0K(111616K) From: 85152K(85504K)->88736K(111104K)
[301.704s][info][gc,heap        ] GC(1065) ParOldGen: 582340K(667648K)->599636K(667648K)
[301.704s][info][gc,metaspace   ] GC(1065) Metaspace: 18820K(19008K)->18820K(19008K) NonClass: 16155K(16256K)->16155K(16256K) Class: 2665K(2752K)->2665K(2752K)
[301.704s][info][gc             ] GC(1065) Pause Young (Allocation Failure) 778M->672M(869M) 106.494ms
[301.704s][info][gc,cpu         ] GC(1065) User=0.20s Sys=0.01s Real=0.11s
[301.800s][info][gc,start       ] GC(1066) Pause Young (Allocation Failure)
[301.893s][info][gc,heap        ] GC(1066) PSYoungGen: 200352K(222720K)->79488K(222720K) Eden: 111616K(111616K)->0K(111616K) From: 88736K(111104K)->79488K(111104K)
[301.893s][info][gc,heap        ] GC(1066) ParOldGen: 599636K(667648K)->617788K(667648K)
[301.893s][info][gc,metaspace   ] GC(1066) Metaspace: 18820K(19008K)->18820K(19008K) NonClass: 16155K(16256K)->16155K(16256K) Class: 2665K(2752K)->2665K(2752K)
[301.893s][info][gc             ] GC(1066) Pause Young (Allocation Failure) 781M->680M(869M) 93.088ms
[301.893s][info][gc,cpu         ] GC(1066) User=0.19s Sys=0.00s Real=0.09s
[302.002s][info][gc,start       ] GC(1067) Pause Young (Allocation Failure)
[302.081s][info][gc,heap        ] GC(1067) PSYoungGen: 191104K(222720K)->49344K(222720K) Eden: 111616K(111616K)->0K(111616K) From: 79488K(111104K)->49344K(111104K)
[302.081s][info][gc,heap        ] GC(1067) ParOldGen: 617788K(667648K)->649700K(667648K)
[302.081s][info][gc,metaspace   ] GC(1067) Metaspace: 18820K(19008K)->18820K(19008K) NonClass: 16155K(16256K)->16155K(16256K) Class: 2665K(2752K)->2665K(2752K)
[302.081s][info][gc             ] GC(1067) Pause Young (Allocation Failure) 789M->682M(869M) 78.736ms
[302.081s][info][gc,cpu         ] GC(1067) User=0.15s Sys=0.00s Real=0.08s
[302.204s][info][gc,start       ] GC(1068) Pause Full (Allocation Failure)
[302.204s][info][gc,phases,start] GC(1068) Marking Phase
[302.482s][info][gc,phases      ] GC(1068) Marking Phase 277.592ms
[302.482s][info][gc,phases,start] GC(1068) Summary Phase
[302.482s][info][gc,phases      ] GC(1068) Summary Phase 0.028ms
[302.482s][info][gc,phases,start] GC(1068) Forward
[302.587s][info][gc,phases      ] GC(1068) Forward 104.900ms
[302.587s][info][gc,phases,start] GC(1068) Adjust Pointers
[302.806s][info][gc,phases      ] GC(1068) Adjust Pointers 218.990ms
[302.806s][info][gc,phases,start] GC(1068) Compaction Phase
[302.924s][info][gc,phases      ] GC(1068) Compaction Phase 117.777ms
[302.933s][info][gc,phases,start] GC(1068) Post Compact
[302.935s][info][gc,phases      ] GC(1068) Post Compact 2.311ms
[302.935s][info][gc,heap        ] GC(1068) PSYoungGen: 160960K(222720K)->0K(222720K) Eden: 111616K(111616K)->0K(111616K) From: 49344K(111104K)->0K(111104K)
[302.935s][info][gc,heap        ] GC(1068) ParOldGen: 649700K(667648K)->407550K(667648K)
[302.935s][info][gc,metaspace   ] GC(1068) Metaspace: 18820K(19008K)->18820K(19008K) NonClass: 16155K(16256K)->16155K(16256K) Class: 2665K(2752K)->2665K(2752K)
[302.935s][info][gc             ] GC(1068) Pause Full (Allocation Failure) 791M->397M(869M) 730.845ms
[302.935s][info][gc,cpu         ] GC(1068) User=1.36s Sys=0.00s Real=0.73s
[303.048s][info][gc,start       ] GC(1069) Pause Young (Allocation Failure)
[303.055s][info][gc,heap        ] GC(1069) PSYoungGen: 111616K(222720K)->64K(222720K) Eden: 111616K(111616K)->0K(111616K) From: 0K(111104K)->64K(111104K)
[303.055s][info][gc,heap        ] GC(1069) ParOldGen: 407550K(667648K)->407550K(667648K)
[303.055s][info][gc,metaspace   ] GC(1069) Metaspace: 18820K(19008K)->18820K(19008K) NonClass: 16155K(16256K)->16155K(16256K) Class: 2665K(2752K)->2665K(2752K)
[303.055s][info][gc             ] GC(1069) Pause Young (Allocation Failure) 506M->398M(869M) 7.227ms
[303.055s][info][gc,cpu         ] GC(1069) User=0.01s Sys=0.00s Real=0.00s
[303.176s][info][gc,start       ] GC(1070) Pause Young (Allocation Failure)
[303.183s][info][gc,heap        ] GC(1070) PSYoungGen: 111680K(222720K)->3296K(222720K) Eden: 111616K(111616K)->0K(111616K) From: 64K(111104K)->3296K(111104K)
[303.183s][info][gc,heap        ] GC(1070) ParOldGen: 407550K(667648K)->407550K(667648K)
[303.183s][info][gc,metaspace   ] GC(1070) Metaspace: 18820K(19008K)->18820K(19008K) NonClass: 16155K(16256K)->16155K(16256K) Class: 2665K(2752K)->2665K(2752K)
[303.183s][info][gc             ] GC(1070) Pause Young (Allocation Failure) 507M->401M(869M) 7.007ms
[303.183s][info][gc,cpu         ] GC(1070) User=0.02s Sys=0.00s Real=0.01s
[303.323s][info][gc,start       ] GC(1071) Pause Young (Allocation Failure)
[303.329s][info][gc,heap        ] GC(1071) PSYoungGen: 114912K(222720K)->64K(222720K) Eden: 111616K(111616K)->0K(111616K) From: 3296K(111104K)->64K(111104K)
[303.329s][info][gc,heap        ] GC(1071) ParOldGen: 407550K(667648K)->410830K(667648K)
[303.329s][info][gc,metaspace   ] GC(1071) Metaspace: 18820K(19008K)->18820K(19008K) NonClass: 16155K(16256K)->16155K(16256K) Class: 2665K(2752K)->2665K(2752K)
[303.329s][info][gc             ] GC(1071) Pause Young (Allocation Failure) 510M->401M(869M) 6.231ms
[303.329s][info][gc,cpu         ] GC(1071) User=0.02s Sys=0.00s Real=0.01s
[303.473s][info][gc,start       ] GC(1072) Pause Young (Allocation Failure)
[303.494s][info][gc,heap        ] GC(1072) PSYoungGen: 111680K(222720K)->19648K(222720K) Eden: 111616K(111616K)->0K(111616K) From: 64K(111104K)->19648K(111104K)
[303.494s][info][gc,heap        ] GC(1072) ParOldGen: 410830K(667648K)->410862K(667648K)
[303.494s][info][gc,metaspace   ] GC(1072) Metaspace: 18820K(19008K)->18820K(19008K) NonClass: 16155K(16256K)->16155K(16256K) Class: 2665K(2752K)->2665K(2752K)
[303.494s][info][gc             ] GC(1072) Pause Young (Allocation Failure) 510M->420M(869M) 20.439ms
[303.494s][info][gc,cpu         ] GC(1072) User=0.04s Sys=0.00s Real=0.02s
[303.599s][info][gc,start       ] GC(1073) Pause Young (Allocation Failure)
[303.656s][info][gc,heap        ] GC(1073) PSYoungGen: 131264K(222720K)->24320K(215552K) Eden: 111616K(111616K)->0K(111616K) From: 19648K(111104K)->24320K(103936K)
[303.656s][info][gc,heap        ] GC(1073) ParOldGen: 410862K(667648K)->430558K(667648K)
[303.656s][info][gc,metaspace   ] GC(1073) Metaspace: 18820K(19008K)->18820K(19008K) NonClass: 16155K(16256K)->16155K(16256K) Class: 2665K(2752K)->2665K(2752K)
[303.656s][info][gc             ] GC(1073) Pause Young (Allocation Failure) 529M->444M(862M) 57.941ms
[303.657s][info][gc,cpu         ] GC(1073) User=0.08s Sys=0.00s Real=0.05s
[303.730s][info][gc,start       ] GC(1074) Pause Young (Allocation Failure)
[303.786s][info][gc,heap        ] GC(1074) PSYoungGen: 135936K(215552K)->46512K(219136K) Eden: 111616K(111616K)->0K(111616K) From: 24320K(103936K)->46512K(107520K)
[303.786s][info][gc,heap        ] GC(1074) ParOldGen: 430558K(667648K)->455025K(667648K)
[303.786s][info][gc,metaspace   ] GC(1074) Metaspace: 18820K(19008K)->18820K(19008K) NonClass: 16155K(16256K)->16155K(16256K) Class: 2665K(2752K)->2665K(2752K)
[303.786s][info][gc             ] GC(1074) Pause Young (Allocation Failure) 553M->489M(866M) 56.099ms
[303.786s][info][gc,cpu         ] GC(1074) User=0.11s Sys=0.00s Real=0.05s
[303.962s][info][gc,start       ] GC(1075) Pause Young (Allocation Failure)
[303.997s][info][gc,heap        ] GC(1075) PSYoungGen: 158128K(219136K)->5336K(219648K) Eden: 111616K(111616K)->0K(120832K) From: 46512K(107520K)->5336K(98816K)
[303.997s][info][gc,heap        ] GC(1075) ParOldGen: 455025K(667648K)->502001K(667648K)
[303.997s][info][gc,metaspace   ] GC(1075) Metaspace: 18820K(19008K)->18820K(19008K) NonClass: 16155K(16256K)->16155K(16256K) Class: 2665K(2752K)->2665K(2752K)
[303.997s][info][gc             ] GC(1075) Pause Young (Allocation Failure) 598M->495M(866M) 34.248ms
[303.997s][info][gc,cpu         ] GC(1075) User=0.07s Sys=0.00s Real=0.03s
[304.079s][info][gc,start       ] GC(1076) Pause Young (Allocation Failure)
[304.094s][info][gc,heap        ] GC(1076) PSYoungGen: 126168K(219648K)->6944K(223744K) Eden: 120832K(120832K)->0K(120832K) From: 5336K(98816K)->6944K(102912K)
[304.094s][info][gc,heap        ] GC(1076) ParOldGen: 502001K(667648K)->507345K(667648K)
[304.094s][info][gc,metaspace   ] GC(1076) Metaspace: 18820K(19008K)->18820K(19008K) NonClass: 16155K(16256K)->16155K(16256K) Class: 2665K(2752K)->2665K(2752K)
[304.094s][info][gc             ] GC(1076) Pause Young (Allocation Failure) 613M->502M(870M) 14.471ms
[304.094s][info][gc,cpu         ] GC(1076) User=0.03s Sys=0.00s Real=0.01s
[304.251s][info][gc,start       ] GC(1077) Pause Young (Allocation Failure)
[304.261s][info][gc,heap        ] GC(1077) PSYoungGen: 127776K(223744K)->288K(225280K) Eden: 120832K(120832K)->0K(131584K) From: 6944K(102912K)->288K(93696K)
[304.261s][info][gc,heap        ] GC(1077) ParOldGen: 507345K(667648K)->514265K(667648K)
[304.261s][info][gc,metaspace   ] GC(1077) Metaspace: 18820K(19008K)->18820K(19008K) NonClass: 16155K(16256K)->16155K(16256K) Class: 2665K(2752K)->2665K(2752K)
[304.261s][info][gc             ] GC(1077) Pause Young (Allocation Failure) 620M->502M(872M) 10.161ms
[304.261s][info][gc,cpu         ] GC(1077) User=0.02s Sys=0.00s Real=0.01s
[304.432s][info][gc,start       ] GC(1078) Pause Young (Allocation Failure)
[304.435s][info][gc,heap        ] GC(1078) PSYoungGen: 131872K(225280K)->640K(228352K) Eden: 131584K(131584K)->0K(131584K) From: 288K(93696K)->640K(96768K)
[304.435s][info][gc,heap        ] GC(1078) ParOldGen: 514265K(667648K)->514265K(667648K)
[304.435s][info][gc,metaspace   ] GC(1078) Metaspace: 18820K(19008K)->18820K(19008K) NonClass: 16155K(16256K)->16155K(16256K) Class: 2665K(2752K)->2665K(2752K)
[304.435s][info][gc             ] GC(1078) Pause Young (Allocation Failure) 630M->502M(875M) 3.611ms
[304.435s][info][gc,cpu         ] GC(1078) User=0.01s Sys=0.00s Real=0.00s
[304.631s][info][gc,start       ] GC(1079) Pause Young (Allocation Failure)
[304.636s][info][gc,heap        ] GC(1079) PSYoungGen: 132224K(228352K)->1600K(226304K) Eden: 131584K(131584K)->0K(140800K) From: 640K(96768K)->1600K(85504K)
[304.636s][info][gc,heap        ] GC(1079) ParOldGen: 514265K(667648K)->514265K(667648K)
[304.636s][info][gc,metaspace   ] GC(1079) Metaspace: 18821K(19008K)->18821K(19008K) NonClass: 16156K(16256K)->16156K(16256K) Class: 2665K(2752K)->2665K(2752K)
[304.637s][info][gc             ] GC(1079) Pause Young (Allocation Failure) 631M->503M(873M) 5.460ms
[304.637s][info][gc,cpu         ] GC(1079) User=0.01s Sys=0.00s Real=0.00s
[304.764s][info][gc,start       ] GC(1080) Pause Young (Allocation Failure)
[304.771s][info][gc,heap        ] GC(1080) PSYoungGen: 142400K(226304K)->2816K(230912K) Eden: 140800K(140800K)->0K(140800K) From: 1600K(85504K)->2816K(90112K)
[304.771s][info][gc,heap        ] GC(1080) ParOldGen: 514265K(667648K)->514265K(667648K)
[304.771s][info][gc,metaspace   ] GC(1080) Metaspace: 18821K(19008K)->18821K(19008K) NonClass: 16156K(16256K)->16156K(16256K) Class: 2665K(2752K)->2665K(2752K)
[304.771s][info][gc             ] GC(1080) Pause Young (Allocation Failure) 641M->504M(877M) 6.837ms
[304.771s][info][gc,cpu         ] GC(1080) User=0.01s Sys=0.00s Real=0.01s
[305.006s][info][gc,start       ] GC(1081) Pause Young (Allocation Failure)
[305.039s][info][gc,heap        ] GC(1081) PSYoungGen: 143616K(230912K)->18081K(223232K) Eden: 140800K(140800K)->0K(150016K) From: 2816K(90112K)->18081K(73216K)
[305.039s][info][gc,heap        ] GC(1081) ParOldGen: 514265K(667648K)->514265K(667648K)
[305.039s][info][gc,metaspace   ] GC(1081) Metaspace: 18821K(19008K)->18821K(19008K) NonClass: 16156K(16256K)->16156K(16256K) Class: 2665K(2752K)->2665K(2752K)
[305.039s][info][gc             ] GC(1081) Pause Young (Allocation Failure) 642M->519M(870M) 33.197ms
[305.039s][info][gc,cpu         ] GC(1081) User=0.06s Sys=0.00s Real=0.04s
[305.285s][info][gc,start       ] GC(1082) Pause Young (Allocation Failure)
[305.336s][info][gc,heap        ] GC(1082) PSYoungGen: 168097K(223232K)->39530K(229376K) Eden: 150016K(150016K)->0K(150016K) From: 18081K(73216K)->39530K(79360K)
[305.336s][info][gc,heap        ] GC(1082) ParOldGen: 514265K(667648K)->514265K(667648K)
[305.336s][info][gc,metaspace   ] GC(1082) Metaspace: 18821K(19008K)->18821K(19008K) NonClass: 16156K(16256K)->16156K(16256K) Class: 2665K(2752K)->2665K(2752K)
[305.336s][info][gc             ] GC(1082) Pause Young (Allocation Failure) 666M->540M(876M) 51.238ms
[305.336s][info][gc,cpu         ] GC(1082) User=0.10s Sys=0.00s Real=0.05s
[305.515s][info][gc,start       ] GC(1083) Pause Young (Allocation Failure)
[305.580s][info][gc,heap        ] GC(1083) PSYoungGen: 189546K(229376K)->53450K(236032K) Eden: 150016K(150016K)->0K(154624K) From: 39530K(79360K)->53450K(81408K)
[305.580s][info][gc,heap        ] GC(1083) ParOldGen: 514265K(667648K)->514265K(667648K)
[305.580s][info][gc,metaspace   ] GC(1083) Metaspace: 18821K(19008K)->18821K(19008K) NonClass: 16156K(16256K)->16156K(16256K) Class: 2665K(2752K)->2665K(2752K)
[305.580s][info][gc             ] GC(1083) Pause Young (Allocation Failure) 687M->554M(882M) 64.917ms
[305.580s][info][gc,cpu         ] GC(1083) User=0.13s Sys=0.00s Real=0.07s
[305.756s][info][gc,start       ] GC(1084) Pause Young (Allocation Failure)
[305.823s][info][gc,heap        ] GC(1084) PSYoungGen: 208074K(236032K)->56170K(210944K) Eden: 154624K(154624K)->0K(154624K) From: 53450K(81408K)->56170K(56320K)
[305.823s][info][gc,heap        ] GC(1084) ParOldGen: 514265K(667648K)->514265K(667648K)
[305.823s][info][gc,metaspace   ] GC(1084) Metaspace: 18821K(19008K)->18821K(19008K) NonClass: 16156K(16256K)->16156K(16256K) Class: 2665K(2752K)->2665K(2752K)
[305.823s][info][gc             ] GC(1084) Pause Young (Allocation Failure) 705M->557M(858M) 66.898ms
[305.823s][info][gc,cpu         ] GC(1084) User=0.14s Sys=0.00s Real=0.07s
[305.988s][info][gc,start       ] GC(1085) Pause Young (Allocation Failure)
[306.057s][info][gc,heap        ] GC(1085) PSYoungGen: 210794K(210944K)->58762K(230400K) Eden: 154624K(154624K)->0K(137216K) From: 56170K(56320K)->58762K(93184K)
[306.057s][info][gc,heap        ] GC(1085) ParOldGen: 514265K(667648K)->514265K(667648K)
[306.057s][info][gc,metaspace   ] GC(1085) Metaspace: 18822K(19008K)->18822K(19008K) NonClass: 16157K(16256K)->16157K(16256K) Class: 2665K(2752K)->2665K(2752K)
[306.057s][info][gc             ] GC(1085) Pause Young (Allocation Failure) 708M->559M(877M) 69.329ms
[306.057s][info][gc,cpu         ] GC(1085) User=0.14s Sys=0.00s Real=0.06s
[306.143s][info][gc,start       ] GC(1086) Pause Young (Allocation Failure)
[306.212s][info][gc,heap        ] GC(1086) PSYoungGen: 195978K(230400K)->58506K(196096K) Eden: 137216K(137216K)->0K(137216K) From: 58762K(93184K)->58506K(58880K)
[306.212s][info][gc,heap        ] GC(1086) ParOldGen: 514265K(667648K)->514513K(667648K)
[306.212s][info][gc,metaspace   ] GC(1086) Metaspace: 18822K(19008K)->18822K(19008K) NonClass: 16157K(16256K)->16157K(16256K) Class: 2665K(2752K)->2665K(2752K)
[306.212s][info][gc             ] GC(1086) Pause Young (Allocation Failure) 693M->559M(843M) 68.850ms
[306.212s][info][gc,cpu         ] GC(1086) User=0.14s Sys=0.00s Real=0.07s
[306.401s][info][gc,start       ] GC(1087) Pause Young (Allocation Failure)
[306.478s][info][gc,heap        ] GC(1087) PSYoungGen: 195722K(196096K)->64123K(222720K) Eden: 137216K(137216K)->0K(120832K) From: 58506K(58880K)->64123K(101888K)
[306.478s][info][gc,heap        ] GC(1087) ParOldGen: 514513K(667648K)->515849K(667648K)
[306.478s][info][gc,metaspace   ] GC(1087) Metaspace: 18822K(19008K)->18822K(19008K) NonClass: 16157K(16256K)->16157K(16256K) Class: 2665K(2752K)->2665K(2752K)
[306.478s][info][gc             ] GC(1087) Pause Young (Allocation Failure) 693M->566M(869M) 76.978ms
[306.478s][info][gc,cpu         ] GC(1087) User=0.16s Sys=0.00s Real=0.08s
[306.593s][info][gc,start       ] GC(1088) Pause Young (Allocation Failure)
[306.668s][info][gc,heap        ] GC(1088) PSYoungGen: 184955K(222720K)->48297K(227328K) Eden: 120832K(120832K)->0K(120832K) From: 64123K(101888K)->48297K(106496K)
[306.668s][info][gc,heap        ] GC(1088) ParOldGen: 515849K(667648K)->532346K(667648K)
[306.668s][info][gc,metaspace   ] GC(1088) Metaspace: 18822K(19008K)->18822K(19008K) NonClass: 16157K(16256K)->16157K(16256K) Class: 2665K(2752K)->2665K(2752K)
[306.668s][info][gc             ] GC(1088) Pause Young (Allocation Failure) 684M->567M(874M) 74.819ms
[306.668s][info][gc,cpu         ] GC(1088) User=0.15s Sys=0.00s Real=0.08s
[307.099s][info][gc,start       ] GC(1089) Pause Young (Allocation Failure)
[307.147s][info][gc,heap        ] GC(1089) PSYoungGen: 169129K(227328K)->13024K(220160K) Eden: 120832K(120832K)->0K(123392K) From: 48297K(106496K)->13024K(96768K)
[307.147s][info][gc,heap        ] GC(1089) ParOldGen: 532346K(667648K)->567827K(667648K)
[307.147s][info][gc,metaspace   ] GC(1089) Metaspace: 18822K(19008K)->18822K(19008K) NonClass: 16157K(16256K)->16157K(16256K) Class: 2665K(2752K)->2665K(2752K)
[307.147s][info][gc             ] GC(1089) Pause Young (Allocation Failure) 685M->567M(867M) 48.323ms
[307.147s][info][gc,cpu         ] GC(1089) User=0.09s Sys=0.00s Real=0.05s
[307.418s][info][gc,start       ] GC(1090) Pause Young (Allocation Failure)
[307.434s][info][gc,heap        ] GC(1090) PSYoungGen: 136416K(220160K)->7816K(224768K) Eden: 123392K(123392K)->0K(123392K) From: 13024K(96768K)->7816K(101376K)
[307.434s][info][gc,heap        ] GC(1090) ParOldGen: 567827K(667648K)->573155K(667648K)
[307.434s][info][gc,metaspace   ] GC(1090) Metaspace: 18822K(19008K)->18822K(19008K) NonClass: 16157K(16256K)->16157K(16256K) Class: 2665K(2752K)->2665K(2752K)
[307.434s][info][gc             ] GC(1090) Pause Young (Allocation Failure) 687M->567M(871M) 15.781ms
[307.434s][info][gc,cpu         ] GC(1090) User=0.03s Sys=0.00s Real=0.01s
[307.645s][info][gc,start       ] GC(1091) Pause Young (Allocation Failure)
[307.675s][info][gc,heap        ] GC(1091) PSYoungGen: 131208K(224768K)->29048K(218112K) Eden: 123392K(123392K)->0K(133120K) From: 7816K(101376K)->29048K(84992K)
[307.675s][info][gc,heap        ] GC(1091) ParOldGen: 573155K(667648K)->573155K(667648K)
[307.675s][info][gc,metaspace   ] GC(1091) Metaspace: 18822K(19008K)->18822K(19008K) NonClass: 16157K(16256K)->16157K(16256K) Class: 2665K(2752K)->2665K(2752K)
[307.675s][info][gc             ] GC(1091) Pause Young (Allocation Failure) 687M->588M(865M) 29.853ms
[307.675s][info][gc,cpu         ] GC(1091) User=0.06s Sys=0.00s Real=0.03s
[307.936s][info][gc,start       ] GC(1092) Pause Young (Allocation Failure)
[307.971s][info][gc,heap        ] GC(1092) PSYoungGen: 162168K(218112K)->29048K(226304K) Eden: 133120K(133120K)->0K(133120K) From: 29048K(84992K)->29048K(93184K)
[307.971s][info][gc,heap        ] GC(1092) ParOldGen: 573155K(667648K)->573155K(667648K)
[307.971s][info][gc,metaspace   ] GC(1092) Metaspace: 18822K(19008K)->18822K(19008K) NonClass: 16157K(16256K)->16157K(16256K) Class: 2665K(2752K)->2665K(2752K)
[307.971s][info][gc             ] GC(1092) Pause Young (Allocation Failure) 718M->588M(873M) 34.795ms
[307.971s][info][gc,cpu         ] GC(1092) User=0.07s Sys=0.00s Real=0.04s
[308.754s][info][gc,start       ] GC(1093) Pause Young (Allocation Failure)
[308.784s][info][gc,heap        ] GC(1093) PSYoungGen: 162168K(226304K)->29485K(219136K) Eden: 133120K(133120K)->0K(143360K) From: 29048K(93184K)->29485K(75776K)
[308.784s][info][gc,heap        ] GC(1093) ParOldGen: 573155K(667648K)->573155K(667648K)
[308.784s][info][gc,metaspace   ] GC(1093) Metaspace: 18822K(19008K)->18822K(19008K) NonClass: 16157K(16256K)->16157K(16256K) Class: 2665K(2752K)->2665K(2752K)
[308.784s][info][gc             ] GC(1093) Pause Young (Allocation Failure) 718M->588M(866M) 29.776ms
[308.784s][info][gc,cpu         ] GC(1093) User=0.06s Sys=0.00s Real=0.03s
[309.459s][info][gc,start       ] GC(1094) Pause Young (Allocation Failure)
[309.492s][info][gc,heap        ] GC(1094) PSYoungGen: 172845K(219136K)->29949K(225792K) Eden: 143360K(143360K)->0K(143360K) From: 29485K(75776K)->29949K(82432K)
[309.492s][info][gc,heap        ] GC(1094) ParOldGen: 573155K(667648K)->573155K(667648K)
[309.492s][info][gc,metaspace   ] GC(1094) Metaspace: 18822K(19008K)->18822K(19008K) NonClass: 16157K(16256K)->16157K(16256K) Class: 2665K(2752K)->2665K(2752K)
[309.492s][info][gc             ] GC(1094) Pause Young (Allocation Failure) 728M->588M(872M) 33.239ms
[309.492s][info][gc,cpu         ] GC(1094) User=0.07s Sys=0.00s Real=0.03s
[310.141s][info][gc,start       ] GC(1095) Pause Young (Allocation Failure)
[310.174s][info][gc,heap        ] GC(1095) PSYoungGen: 173309K(225792K)->31220K(219648K) Eden: 143360K(143360K)->0K(152064K) From: 29949K(82432K)->31220K(67584K)
[310.174s][info][gc,heap        ] GC(1095) ParOldGen: 573155K(667648K)->573163K(667648K)
[310.174s][info][gc,metaspace   ] GC(1095) Metaspace: 18836K(19072K)->18836K(19072K) NonClass: 16171K(16320K)->16171K(16320K) Class: 2665K(2752K)->2665K(2752K)
[310.174s][info][gc             ] GC(1095) Pause Young (Allocation Failure) 728M->590M(866M) 32.393ms
[310.174s][info][gc,cpu         ] GC(1095) User=0.06s Sys=0.00s Real=0.03s
[310.516s][info][gc,start       ] GC(1096) Pause Young (Allocation Failure)
[310.548s][info][gc,heap        ] GC(1096) PSYoungGen: 183284K(219648K)->31517K(225280K) Eden: 152064K(152064K)->0K(152064K) From: 31220K(67584K)->31517K(73216K)
[310.548s][info][gc,heap        ] GC(1096) ParOldGen: 573163K(667648K)->573163K(667648K)
[310.548s][info][gc,metaspace   ] GC(1096) Metaspace: 18837K(19072K)->18837K(19072K) NonClass: 16172K(16320K)->16172K(16320K) Class: 2665K(2752K)->2665K(2752K)
[310.548s][info][gc             ] GC(1096) Pause Young (Allocation Failure) 738M->590M(872M) 32.180ms
[310.548s][info][gc,cpu         ] GC(1096) User=0.07s Sys=0.00s Real=0.04s
[310.894s][info][gc,start       ] GC(1097) Pause Young (Allocation Failure)
[310.928s][info][gc,heap        ] GC(1097) PSYoungGen: 183581K(225280K)->31565K(223232K) Eden: 152064K(152064K)->0K(161280K) From: 31517K(73216K)->31565K(61952K)
[310.929s][info][gc,heap        ] GC(1097) ParOldGen: 573163K(667648K)->573163K(667648K)
[310.929s][info][gc,metaspace   ] GC(1097) Metaspace: 18838K(19072K)->18838K(19072K) NonClass: 16173K(16320K)->16173K(16320K) Class: 2665K(2752K)->2665K(2752K)
[310.929s][info][gc             ] GC(1097) Pause Young (Allocation Failure) 739M->590M(870M) 34.581ms
[310.929s][info][gc,cpu         ] GC(1097) User=0.06s Sys=0.00s Real=0.04s
[311.063s][info][gc,start       ] GC(1098) Pause Young (Allocation Failure)
[311.146s][info][gc,heap        ] GC(1098) PSYoungGen: 192845K(223232K)->65517K(226816K) Eden: 161280K(161280K)->0K(161280K) From: 31565K(61952K)->65517K(65536K)
[311.146s][info][gc,heap        ] GC(1098) ParOldGen: 573163K(667648K)->596931K(667648K)
[311.146s][info][gc,metaspace   ] GC(1098) Metaspace: 18854K(19072K)->18854K(19072K) NonClass: 16188K(16320K)->16188K(16320K) Class: 2666K(2752K)->2666K(2752K)
[311.146s][info][gc             ] GC(1098) Pause Young (Allocation Failure) 748M->646M(873M) 82.748ms
[311.146s][info][gc,cpu         ] GC(1098) User=0.16s Sys=0.00s Real=0.08s
[311.300s][info][gc,start       ] GC(1099) Pause Young (Allocation Failure)
[311.428s][info][gc,heap        ] GC(1099) PSYoungGen: 226797K(226816K)->83428K(198144K) Eden: 161280K(161280K)->0K(114688K) From: 65517K(65536K)->83428K(83456K)
[311.429s][info][gc,heap        ] GC(1099) ParOldGen: 596931K(667648K)->633659K(667648K)
[311.429s][info][gc,metaspace   ] GC(1099) Metaspace: 18854K(19072K)->18854K(19072K) NonClass: 16188K(16320K)->16188K(16320K) Class: 2666K(2752K)->2666K(2752K)
[311.429s][info][gc             ] GC(1099) Pause Young (Allocation Failure) 804M->700M(845M) 128.998ms
[311.429s][info][gc,cpu         ] GC(1099) User=0.24s Sys=0.02s Real=0.13s
[311.547s][info][gc,start       ] GC(1100) Pause Full (Allocation Failure)
[311.547s][info][gc,phases,start] GC(1100) Marking Phase
[311.663s][info][gc,phases      ] GC(1100) Marking Phase 116.058ms
[311.663s][info][gc,phases,start] GC(1100) Summary Phase
[311.663s][info][gc,phases      ] GC(1100) Summary Phase 0.024ms
[311.663s][info][gc,phases,start] GC(1100) Forward
[311.708s][info][gc,phases      ] GC(1100) Forward 45.222ms
[311.708s][info][gc,phases,start] GC(1100) Adjust Pointers
[311.784s][info][gc,phases      ] GC(1100) Adjust Pointers 76.121ms
[311.785s][info][gc,phases,start] GC(1100) Compaction Phase
[311.839s][info][gc,phases      ] GC(1100) Compaction Phase 54.315ms
[311.840s][info][gc,phases,start] GC(1100) Post Compact
[311.842s][info][gc,phases      ] GC(1100) Post Compact 2.343ms
[311.855s][info][gc,heap        ] GC(1100) PSYoungGen: 198116K(198144K)->0K(224256K) Eden: 114688K(114688K)->0K(114688K) From: 83428K(83456K)->0K(109568K)
[311.855s][info][gc,heap        ] GC(1100) ParOldGen: 633659K(667648K)->201985K(499712K)
[311.855s][info][gc,metaspace   ] GC(1100) Metaspace: 18854K(19072K)->18854K(19072K) NonClass: 16188K(16320K)->16188K(16320K) Class: 2666K(2752K)->2666K(2752K)
[311.855s][info][gc             ] GC(1100) Pause Full (Allocation Failure) 812M->197M(707M) 307.833ms
[311.855s][info][gc,cpu         ] GC(1100) User=0.54s Sys=0.01s Real=0.31s
[312.008s][info][gc,start       ] GC(1101) Pause Young (Allocation Failure)
[312.039s][info][gc,heap        ] GC(1101) PSYoungGen: 114688K(224256K)->16535K(221184K) Eden: 114688K(114688K)->0K(114688K) From: 0K(109568K)->16535K(106496K)
[312.039s][info][gc,heap        ] GC(1101) ParOldGen: 201985K(499712K)->201985K(499712K)
[312.039s][info][gc,metaspace   ] GC(1101) Metaspace: 18854K(19072K)->18854K(19072K) NonClass: 16188K(16320K)->16188K(16320K) Class: 2666K(2752K)->2666K(2752K)
[312.039s][info][gc             ] GC(1101) Pause Young (Allocation Failure) 309M->213M(704M) 30.667ms
[312.039s][info][gc,cpu         ] GC(1101) User=0.06s Sys=0.00s Real=0.03s
[312.199s][info][gc,start       ] GC(1102) Pause Young (Allocation Failure)
[312.253s][info][gc,heap        ] GC(1102) PSYoungGen: 131100K(221184K)->30089K(222720K) Eden: 114565K(114688K)->0K(114688K) From: 16535K(106496K)->30089K(108032K)
[312.253s][info][gc,heap        ] GC(1102) ParOldGen: 201985K(499712K)->201985K(499712K)
[312.253s][info][gc,metaspace   ] GC(1102) Metaspace: 18863K(19072K)->18863K(19072K) NonClass: 16196K(16320K)->16196K(16320K) Class: 2666K(2752K)->2666K(2752K)
[312.253s][info][gc             ] GC(1102) Pause Young (Allocation Failure) 325M->226M(705M) 54.276ms
[312.253s][info][gc,cpu         ] GC(1102) User=0.10s Sys=0.00s Real=0.05s
[312.409s][info][gc,start       ] GC(1103) Pause Young (Allocation Failure)
[312.485s][info][gc,heap        ] GC(1103) PSYoungGen: 144777K(222720K)->50921K(223232K) Eden: 114688K(114688K)->0K(121856K) From: 30089K(108032K)->50921K(101376K)
[312.485s][info][gc,heap        ] GC(1103) ParOldGen: 201985K(499712K)->201985K(499712K)
[312.485s][info][gc,metaspace   ] GC(1103) Metaspace: 18863K(19072K)->18863K(19072K) NonClass: 16196K(16320K)->16196K(16320K) Class: 2666K(2752K)->2666K(2752K)
[312.485s][info][gc             ] GC(1103) Pause Young (Allocation Failure) 338M->246M(706M) 76.761ms
[312.485s][info][gc,cpu         ] GC(1103) User=0.16s Sys=0.00s Real=0.07s
[312.641s][info][gc,start       ] GC(1104) Pause Young (Allocation Failure)
[312.722s][info][gc,heap        ] GC(1104) PSYoungGen: 172777K(223232K)->56073K(222720K) Eden: 121856K(121856K)->0K(121856K) From: 50921K(101376K)->56073K(100864K)
[312.722s][info][gc,heap        ] GC(1104) ParOldGen: 201985K(499712K)->201985K(499712K)
[312.722s][info][gc,metaspace   ] GC(1104) Metaspace: 18863K(19072K)->18863K(19072K) NonClass: 16196K(16320K)->16196K(16320K) Class: 2666K(2752K)->2666K(2752K)
[312.722s][info][gc             ] GC(1104) Pause Young (Allocation Failure) 365M->252M(705M) 80.635ms
[312.722s][info][gc,cpu         ] GC(1104) User=0.16s Sys=0.00s Real=0.08s
[312.824s][info][gc,start       ] GC(1105) Pause Young (Allocation Failure)
[312.910s][info][gc,heap        ] GC(1105) PSYoungGen: 177929K(222720K)->61929K(230912K) Eden: 121856K(121856K)->0K(130560K) From: 56073K(100864K)->61929K(100352K)
[312.910s][info][gc,heap        ] GC(1105) ParOldGen: 201985K(499712K)->201985K(499712K)
[312.910s][info][gc,metaspace   ] GC(1105) Metaspace: 18863K(19072K)->18863K(19072K) NonClass: 16196K(16320K)->16196K(16320K) Class: 2666K(2752K)->2666K(2752K)
[312.910s][info][gc             ] GC(1105) Pause Young (Allocation Failure) 371M->257M(713M) 86.166ms
[312.910s][info][gc,cpu         ] GC(1105) User=0.17s Sys=0.00s Real=0.09s
[313.021s][info][gc,start       ] GC(1106) Pause Young (Allocation Failure)
[313.119s][info][gc,heap        ] GC(1106) PSYoungGen: 192489K(230912K)->75497K(206336K) Eden: 130560K(130560K)->0K(130560K) From: 61929K(100352K)->75497K(75776K)
[313.119s][info][gc,heap        ] GC(1106) ParOldGen: 201985K(499712K)->201985K(499712K)
[313.119s][info][gc,metaspace   ] GC(1106) Metaspace: 18863K(19072K)->18863K(19072K) NonClass: 16196K(16320K)->16196K(16320K) Class: 2666K(2752K)->2666K(2752K)
[313.119s][info][gc             ] GC(1106) Pause Young (Allocation Failure) 385M->270M(689M) 98.328ms
[313.119s][info][gc,cpu         ] GC(1106) User=0.19s Sys=0.01s Real=0.10s
[313.210s][info][gc,start       ] GC(1107) Pause Young (Allocation Failure)
[313.333s][info][gc,heap        ] GC(1107) PSYoungGen: 206057K(206336K)->88978K(218624K) Eden: 130560K(130560K)->0K(111616K) From: 75497K(75776K)->88978K(107008K)
[313.333s][info][gc,heap        ] GC(1107) ParOldGen: 201985K(499712K)->218513K(499712K)
[313.333s][info][gc,metaspace   ] GC(1107) Metaspace: 18863K(19072K)->18863K(19072K) NonClass: 16196K(16320K)->16196K(16320K) Class: 2666K(2752K)->2666K(2752K)
[313.333s][info][gc             ] GC(1107) Pause Young (Allocation Failure) 398M->300M(701M) 123.403ms
[313.333s][info][gc,cpu         ] GC(1107) User=0.25s Sys=0.00s Real=0.12s
[313.406s][info][gc,start       ] GC(1108) Pause Young (Allocation Failure)
[313.508s][info][gc,heap        ] GC(1108) PSYoungGen: 200594K(218624K)->70384K(222720K) Eden: 111616K(111616K)->0K(111616K) From: 88978K(107008K)->70384K(111104K)
[313.508s][info][gc,heap        ] GC(1108) ParOldGen: 218513K(499712K)->252998K(499712K)
[313.508s][info][gc,metaspace   ] GC(1108) Metaspace: 18863K(19072K)->18863K(19072K) NonClass: 16196K(16320K)->16196K(16320K) Class: 2666K(2752K)->2666K(2752K)
[313.508s][info][gc             ] GC(1108) Pause Young (Allocation Failure) 409M->315M(705M) 101.855ms
[313.508s][info][gc,cpu         ] GC(1108) User=0.20s Sys=0.00s Real=0.11s
[313.618s][info][gc,start       ] GC(1109) Pause Young (Allocation Failure)
[313.690s][info][gc,heap        ] GC(1109) PSYoungGen: 182000K(222720K)->71331K(222720K) Eden: 111616K(111616K)->0K(111616K) From: 70384K(111104K)->71331K(111104K)
[313.690s][info][gc,heap        ] GC(1109) ParOldGen: 252998K(499712K)->263992K(499712K)
[313.690s][info][gc,metaspace   ] GC(1109) Metaspace: 18863K(19072K)->18863K(19072K) NonClass: 16196K(16320K)->16196K(16320K) Class: 2666K(2752K)->2666K(2752K)
[313.690s][info][gc             ] GC(1109) Pause Young (Allocation Failure) 424M->327M(705M) 72.628ms
[313.690s][info][gc,cpu         ] GC(1109) User=0.14s Sys=0.00s Real=0.07s
[313.779s][info][gc,start       ] GC(1110) Pause Young (Allocation Failure)
[313.846s][info][gc,heap        ] GC(1110) PSYoungGen: 182947K(222720K)->32099K(222720K) Eden: 111616K(111616K)->0K(111616K) From: 71331K(111104K)->32099K(111104K)
[313.846s][info][gc,heap        ] GC(1110) ParOldGen: 263992K(499712K)->307784K(499712K)
[313.846s][info][gc,metaspace   ] GC(1110) Metaspace: 18870K(19072K)->18870K(19072K) NonClass: 16204K(16320K)->16204K(16320K) Class: 2666K(2752K)->2666K(2752K)
[313.846s][info][gc             ] GC(1110) Pause Young (Allocation Failure) 436M->331M(705M) 66.656ms
[313.846s][info][gc,cpu         ] GC(1110) User=0.13s Sys=0.00s Real=0.06s
[313.907s][info][gc,start       ] GC(1111) Pause Young (Allocation Failure)
[313.943s][info][gc,heap        ] GC(1111) PSYoungGen: 143715K(222720K)->7200K(222720K) Eden: 111616K(111616K)->0K(111616K) From: 32099K(111104K)->7200K(111104K)
[313.943s][info][gc,heap        ] GC(1111) ParOldGen: 307784K(499712K)->335683K(499712K)
[313.943s][info][gc,metaspace   ] GC(1111) Metaspace: 18870K(19072K)->18870K(19072K) NonClass: 16204K(16320K)->16204K(16320K) Class: 2666K(2752K)->2666K(2752K)
[313.943s][info][gc             ] GC(1111) Pause Young (Allocation Failure) 440M->334M(705M) 35.653ms
[313.943s][info][gc,cpu         ] GC(1111) User=0.08s Sys=0.00s Real=0.03s
[314.029s][info][gc,start       ] GC(1112) Pause Young (Allocation Failure)
[314.041s][info][gc,heap        ] GC(1112) PSYoungGen: 118816K(222720K)->3008K(222720K) Eden: 111616K(111616K)->0K(111616K) From: 7200K(111104K)->3008K(111104K)
[314.041s][info][gc,heap        ] GC(1112) ParOldGen: 335683K(499712K)->342867K(499712K)
[314.041s][info][gc,metaspace   ] GC(1112) Metaspace: 18870K(19072K)->18870K(19072K) NonClass: 16204K(16320K)->16204K(16320K) Class: 2666K(2752K)->2666K(2752K)
[314.041s][info][gc             ] GC(1112) Pause Young (Allocation Failure) 443M->337M(705M) 11.746ms
[314.041s][info][gc,cpu         ] GC(1112) User=0.02s Sys=0.00s Real=0.01s
[314.318s][info][gc,start       ] GC(1113) Pause Young (Allocation Failure)
[314.323s][info][gc,heap        ] GC(1113) PSYoungGen: 114624K(222720K)->320K(222720K) Eden: 111616K(111616K)->0K(111616K) From: 3008K(111104K)->320K(111104K)
[314.323s][info][gc,heap        ] GC(1113) ParOldGen: 342867K(499712K)->345835K(499712K)
[314.323s][info][gc,metaspace   ] GC(1113) Metaspace: 18870K(19072K)->18870K(19072K) NonClass: 16204K(16320K)->16204K(16320K) Class: 2666K(2752K)->2666K(2752K)
[314.323s][info][gc             ] GC(1113) Pause Young (Allocation Failure) 446M->338M(705M) 5.501ms
[314.323s][info][gc,cpu         ] GC(1113) User=0.01s Sys=0.00s Real=0.00s
[314.534s][info][gc,start       ] GC(1114) Pause Young (Allocation Failure)
[314.563s][info][gc,heap        ] GC(1114) PSYoungGen: 111936K(222720K)->30352K(222720K) Eden: 111616K(111616K)->0K(111616K) From: 320K(111104K)->30352K(111104K)
[314.563s][info][gc,heap        ] GC(1114) ParOldGen: 345835K(499712K)->346064K(499712K)
[314.563s][info][gc,metaspace   ] GC(1114) Metaspace: 18870K(19072K)->18870K(19072K) NonClass: 16204K(16320K)->16204K(16320K) Class: 2666K(2752K)->2666K(2752K)
[314.563s][info][gc             ] GC(1114) Pause Young (Allocation Failure) 447M->367M(705M) 29.413ms
[314.563s][info][gc,cpu         ] GC(1114) User=0.05s Sys=0.00s Real=0.03s
[314.684s][info][gc,start       ] GC(1115) Pause Young (Allocation Failure)
[314.743s][info][gc,heap        ] GC(1115) PSYoungGen: 141968K(222720K)->36544K(210432K) Eden: 111616K(111616K)->0K(111616K) From: 30352K(111104K)->36544K(98816K)
[314.743s][info][gc,heap        ] GC(1115) ParOldGen: 346064K(499712K)->376484K(499712K)
[314.743s][info][gc,metaspace   ] GC(1115) Metaspace: 18870K(19072K)->18870K(19072K) NonClass: 16204K(16320K)->16204K(16320K) Class: 2666K(2752K)->2666K(2752K)
[314.743s][info][gc             ] GC(1115) Pause Young (Allocation Failure) 476M->403M(693M) 59.523ms
[314.743s][info][gc,cpu         ] GC(1115) User=0.12s Sys=0.00s Real=0.06s
[314.879s][info][gc,start       ] GC(1116) Pause Young (Allocation Failure)
[314.923s][info][gc,heap        ] GC(1116) PSYoungGen: 148160K(210432K)->14464K(216576K) Eden: 111616K(111616K)->0K(111616K) From: 36544K(98816K)->14464K(104960K)
[314.923s][info][gc,heap        ] GC(1116) ParOldGen: 376484K(499712K)->413240K(499712K)
[314.923s][info][gc,metaspace   ] GC(1116) Metaspace: 18870K(19072K)->18870K(19072K) NonClass: 16204K(16320K)->16204K(16320K) Class: 2666K(2752K)->2666K(2752K)
[314.923s][info][gc             ] GC(1116) Pause Young (Allocation Failure) 512M->417M(699M) 44.225ms
[314.923s][info][gc,cpu         ] GC(1116) User=0.08s Sys=0.00s Real=0.04s
[315.026s][info][gc,start       ] GC(1117) Pause Young (Allocation Failure)
[315.048s][info][gc,heap        ] GC(1117) PSYoungGen: 126080K(216576K)->800K(225280K) Eden: 111616K(111616K)->0K(124416K) From: 14464K(104960K)->800K(100864K)
[315.048s][info][gc,heap        ] GC(1117) ParOldGen: 413240K(499712K)->427702K(499712K)
[315.048s][info][gc,metaspace   ] GC(1117) Metaspace: 18870K(19072K)->18870K(19072K) NonClass: 16204K(16320K)->16204K(16320K) Class: 2666K(2752K)->2666K(2752K)
[315.048s][info][gc             ] GC(1117) Pause Young (Allocation Failure) 526M->418M(708M) 22.842ms
[315.048s][info][gc,cpu         ] GC(1117) User=0.04s Sys=0.00s Real=0.03s
[315.188s][info][gc,start       ] GC(1118) Pause Young (Allocation Failure)
[315.192s][info][gc,heap        ] GC(1118) PSYoungGen: 125216K(225280K)->1440K(226304K) Eden: 124416K(124416K)->0K(124416K) From: 800K(100864K)->1440K(101888K)
[315.192s][info][gc,heap        ] GC(1118) ParOldGen: 427702K(499712K)->428494K(499712K)
[315.192s][info][gc,metaspace   ] GC(1118) Metaspace: 18870K(19072K)->18870K(19072K) NonClass: 16204K(16320K)->16204K(16320K) Class: 2666K(2752K)->2666K(2752K)
[315.192s][info][gc             ] GC(1118) Pause Young (Allocation Failure) 539M->419M(709M) 4.165ms
[315.192s][info][gc,cpu         ] GC(1118) User=0.01s Sys=0.00s Real=0.00s
[315.439s][info][gc,start       ] GC(1119) Pause Young (Allocation Failure)
[315.443s][info][gc,heap        ] GC(1119) PSYoungGen: 125856K(226304K)->192K(228352K) Eden: 124416K(124416K)->0K(131584K) From: 1440K(101888K)->192K(96768K)
[315.443s][info][gc,heap        ] GC(1119) ParOldGen: 428494K(499712K)->429734K(499712K)
[315.443s][info][gc,metaspace   ] GC(1119) Metaspace: 18870K(19072K)->18870K(19072K) NonClass: 16204K(16320K)->16204K(16320K) Class: 2666K(2752K)->2666K(2752K)
[315.443s][info][gc             ] GC(1119) Pause Young (Allocation Failure) 541M->419M(711M) 3.950ms
[315.443s][info][gc,cpu         ] GC(1119) User=0.01s Sys=0.00s Real=0.00s
[315.638s][info][gc,start       ] GC(1120) Pause Young (Allocation Failure)
[315.670s][info][gc,heap        ] GC(1120) PSYoungGen: 131776K(228352K)->32672K(229888K) Eden: 131584K(131584K)->0K(131584K) From: 192K(96768K)->32672K(98304K)
[315.670s][info][gc,heap        ] GC(1120) ParOldGen: 429734K(499712K)->429734K(499712K)
[315.670s][info][gc,metaspace   ] GC(1120) Metaspace: 18871K(19072K)->18871K(19072K) NonClass: 16205K(16320K)->16205K(16320K) Class: 2666K(2752K)->2666K(2752K)
[315.670s][info][gc             ] GC(1120) Pause Young (Allocation Failure) 548M->451M(712M) 31.908ms
[315.670s][info][gc,cpu         ] GC(1120) User=0.07s Sys=0.00s Real=0.03s
[315.879s][info][gc,start       ] GC(1121) Pause Young (Allocation Failure)
[315.954s][info][gc,heap        ] GC(1121) PSYoungGen: 164256K(229888K)->76264K(217088K) Eden: 131584K(131584K)->0K(123904K) From: 32672K(98304K)->76264K(93184K)
[315.954s][info][gc,heap        ] GC(1121) ParOldGen: 429734K(499712K)->429734K(499712K)
[315.954s][info][gc,metaspace   ] GC(1121) Metaspace: 18871K(19072K)->18871K(19072K) NonClass: 16205K(16320K)->16205K(16320K) Class: 2666K(2752K)->2666K(2752K)
[315.954s][info][gc             ] GC(1121) Pause Young (Allocation Failure) 580M->494M(700M) 74.491ms
[315.954s][info][gc,cpu         ] GC(1121) User=0.15s Sys=0.00s Real=0.07s
[316.071s][info][gc,start       ] GC(1122) Pause Young (Allocation Failure)
[316.137s][info][gc,heap        ] GC(1122) PSYoungGen: 200168K(217088K)->76584K(200704K) Eden: 123904K(123904K)->0K(123904K) From: 76264K(93184K)->76584K(76800K)
[316.137s][info][gc,heap        ] GC(1122) ParOldGen: 429734K(499712K)->429894K(499712K)
[316.137s][info][gc,metaspace   ] GC(1122) Metaspace: 18871K(19072K)->18871K(19072K) NonClass: 16205K(16320K)->16205K(16320K) Class: 2666K(2752K)->2666K(2752K)
[316.137s][info][gc             ] GC(1122) Pause Young (Allocation Failure) 615M->494M(684M) 65.679ms
[316.137s][info][gc,cpu         ] GC(1122) User=0.13s Sys=0.00s Real=0.06s
[316.242s][info][gc,start       ] GC(1123) Pause Young (Allocation Failure)
[316.337s][info][gc,heap        ] GC(1123) PSYoungGen: 200488K(200704K)->28160K(226304K) Eden: 123904K(123904K)->0K(115200K) From: 76584K(76800K)->28160K(111104K)
[316.337s][info][gc,heap        ] GC(1123) ParOldGen: 429894K(499712K)->506266K(506368K)
[316.337s][info][gc,metaspace   ] GC(1123) Metaspace: 18871K(19072K)->18871K(19072K) NonClass: 16205K(16320K)->16205K(16320K) Class: 2666K(2752K)->2666K(2752K)
[316.337s][info][gc             ] GC(1123) Pause Young (Allocation Failure) 615M->521M(715M) 95.397ms
[316.337s][info][gc,cpu         ] GC(1123) User=0.18s Sys=0.01s Real=0.09s
[316.416s][info][gc,start       ] GC(1124) Pause Young (Allocation Failure)
[316.513s][info][gc,heap        ] GC(1124) PSYoungGen: 143360K(226304K)->62816K(222720K) Eden: 115200K(115200K)->0K(115200K) From: 28160K(111104K)->62816K(107520K)
[316.513s][info][gc,heap        ] GC(1124) ParOldGen: 506266K(506368K)->534522K(534528K)
[316.513s][info][gc,metaspace   ] GC(1124) Metaspace: 18871K(19072K)->18871K(19072K) NonClass: 16205K(16320K)->16205K(16320K) Class: 2666K(2752K)->2666K(2752K)
[316.513s][info][gc             ] GC(1124) Pause Young (Allocation Failure) 634M->583M(739M) 96.848ms
[316.513s][info][gc,cpu         ] GC(1124) User=0.16s Sys=0.03s Real=0.10s
[316.685s][info][gc,start       ] GC(1125) Pause Young (Allocation Failure)
[316.776s][info][gc,heap        ] GC(1125) PSYoungGen: 178016K(222720K)->1492K(224256K) Eden: 115200K(115200K)->0K(113664K) From: 62816K(107520K)->1492K(110592K)
[316.776s][info][gc,heap        ] GC(1125) ParOldGen: 534522K(534528K)->597554K(598016K)
[316.776s][info][gc,metaspace   ] GC(1125) Metaspace: 18871K(19072K)->18871K(19072K) NonClass: 16205K(16320K)->16205K(16320K) Class: 2666K(2752K)->2666K(2752K)
[316.776s][info][gc             ] GC(1125) Pause Young (Allocation Failure) 695M->585M(803M) 90.923ms
[316.776s][info][gc,cpu         ] GC(1125) User=0.13s Sys=0.05s Real=0.09s
[316.904s][info][gc,start       ] GC(1126) Pause Full (Allocation Failure)
[316.904s][info][gc,phases,start] GC(1126) Marking Phase
[316.968s][info][gc,phases      ] GC(1126) Marking Phase 63.404ms
[316.968s][info][gc,phases,start] GC(1126) Summary Phase
[316.968s][info][gc,phases      ] GC(1126) Summary Phase 0.025ms
[316.968s][info][gc,phases,start] GC(1126) Forward
[316.990s][info][gc,phases      ] GC(1126) Forward 21.580ms
[316.990s][info][gc,phases,start] GC(1126) Adjust Pointers
[317.036s][info][gc,phases      ] GC(1126) Adjust Pointers 46.543ms
[317.036s][info][gc,phases,start] GC(1126) Compaction Phase
[317.059s][info][gc,phases      ] GC(1126) Compaction Phase 23.250ms
[317.063s][info][gc,phases,start] GC(1126) Post Compact
[317.065s][info][gc,phases      ] GC(1126) Post Compact 2.135ms
[317.078s][info][gc,heap        ] GC(1126) PSYoungGen: 115156K(224256K)->0K(223232K) Eden: 113664K(113664K)->0K(113664K) From: 1492K(110592K)->0K(109568K)
[317.078s][info][gc,heap        ] GC(1126) ParOldGen: 597554K(598016K)->103594K(435712K)
[317.078s][info][gc,metaspace   ] GC(1126) Metaspace: 18871K(19072K)->18871K(19072K) NonClass: 16205K(16320K)->16205K(16320K) Class: 2666K(2752K)->2666K(2752K)
[317.078s][info][gc             ] GC(1126) Pause Full (Allocation Failure) 696M->101M(643M) 173.981ms
[317.078s][info][gc,cpu         ] GC(1126) User=0.28s Sys=0.02s Real=0.18s
[317.165s][info][gc,start       ] GC(1127) Pause Young (Allocation Failure)
[317.208s][info][gc,heap        ] GC(1127) PSYoungGen: 113664K(223232K)->49120K(221184K) Eden: 113664K(113664K)->0K(114688K) From: 0K(109568K)->49120K(106496K)
[317.208s][info][gc,heap        ] GC(1127) ParOldGen: 103594K(435712K)->103594K(435712K)
[317.208s][info][gc,metaspace   ] GC(1127) Metaspace: 18871K(19072K)->18871K(19072K) NonClass: 16205K(16320K)->16205K(16320K) Class: 2666K(2752K)->2666K(2752K)
[317.208s][info][gc             ] GC(1127) Pause Young (Allocation Failure) 212M->149M(641M) 43.469ms
[317.208s][info][gc,cpu         ] GC(1127) User=0.09s Sys=0.00s Real=0.05s
[317.263s][info][gc,start       ] GC(1128) Pause Young (Allocation Failure)
[317.341s][info][gc,heap        ] GC(1128) PSYoungGen: 163808K(221184K)->44816K(222208K) Eden: 114688K(114688K)->0K(114688K) From: 49120K(106496K)->44816K(107520K)
[317.341s][info][gc,heap        ] GC(1128) ParOldGen: 103594K(435712K)->152866K(435712K)
[317.341s][info][gc,metaspace   ] GC(1128) Metaspace: 18871K(19072K)->18871K(19072K) NonClass: 16205K(16320K)->16205K(16320K) Class: 2666K(2752K)->2666K(2752K)
[317.341s][info][gc             ] GC(1128) Pause Young (Allocation Failure) 261M->193M(642M) 77.243ms
[317.341s][info][gc,cpu         ] GC(1128) User=0.15s Sys=0.00s Real=0.08s
[317.376s][info][gc,start       ] GC(1129) Pause Young (Allocation Failure)
[317.435s][info][gc,heap        ] GC(1129) PSYoungGen: 159504K(222208K)->47360K(223744K) Eden: 114688K(114688K)->0K(122368K) From: 44816K(107520K)->47360K(101376K)
[317.435s][info][gc,heap        ] GC(1129) ParOldGen: 152866K(435712K)->198138K(435712K)
[317.435s][info][gc,metaspace   ] GC(1129) Metaspace: 18871K(19072K)->18871K(19072K) NonClass: 16205K(16320K)->16205K(16320K) Class: 2666K(2752K)->2666K(2752K)
[317.435s][info][gc             ] GC(1129) Pause Young (Allocation Failure) 305M->239M(644M) 59.649ms
[317.435s][info][gc,cpu         ] GC(1129) User=0.12s Sys=0.00s Real=0.06s
[317.551s][info][gc,start       ] GC(1130) Pause Young (Allocation Failure)
[317.613s][info][gc,heap        ] GC(1130) PSYoungGen: 169728K(223744K)->45664K(223232K) Eden: 122368K(122368K)->0K(122368K) From: 47360K(101376K)->45664K(100864K)
[317.613s][info][gc,heap        ] GC(1130) ParOldGen: 198138K(435712K)->245938K(435712K)
[317.613s][info][gc,metaspace   ] GC(1130) Metaspace: 18871K(19072K)->18871K(19072K) NonClass: 16205K(16320K)->16205K(16320K) Class: 2666K(2752K)->2666K(2752K)
[317.613s][info][gc             ] GC(1130) Pause Young (Allocation Failure) 359M->284M(643M) 61.680ms
[317.613s][info][gc,cpu         ] GC(1130) User=0.12s Sys=0.00s Real=0.06s
[317.688s][info][gc,start       ] GC(1131) Pause Young (Allocation Failure)
[317.727s][info][gc,heap        ] GC(1131) PSYoungGen: 168032K(223232K)->3008K(228352K) Eden: 122368K(122368K)->0K(131072K) From: 45664K(100864K)->3008K(97280K)
[317.727s][info][gc,heap        ] GC(1131) ParOldGen: 245938K(435712K)->291970K(435712K)
[317.727s][info][gc,metaspace   ] GC(1131) Metaspace: 18871K(19072K)->18871K(19072K) NonClass: 16205K(16320K)->16205K(16320K) Class: 2666K(2752K)->2666K(2752K)
[317.727s][info][gc             ] GC(1131) Pause Young (Allocation Failure) 404M->288M(648M) 39.026ms
[317.727s][info][gc,cpu         ] GC(1131) User=0.08s Sys=0.00s Real=0.03s
[317.836s][info][gc,start       ] GC(1132) Pause Young (Allocation Failure)
[317.869s][info][gc,heap        ] GC(1132) PSYoungGen: 134080K(228352K)->7822K(228864K) Eden: 131072K(131072K)->0K(131072K) From: 3008K(97280K)->7822K(97792K)
[317.869s][info][gc,heap        ] GC(1132) ParOldGen: 291970K(435712K)->294962K(435712K)
[317.869s][info][gc,metaspace   ] GC(1132) Metaspace: 18871K(19072K)->18871K(19072K) NonClass: 16205K(16320K)->16205K(16320K) Class: 2666K(2752K)->2666K(2752K)
[317.869s][info][gc             ] GC(1132) Pause Young (Allocation Failure) 416M->295M(649M) 32.655ms
[317.869s][info][gc,cpu         ] GC(1132) User=0.07s Sys=0.00s Real=0.04s
[318.007s][info][gc,start       ] GC(1133) Pause Young (Allocation Failure)
[318.076s][info][gc,heap        ] GC(1133) PSYoungGen: 138894K(228864K)->43265K(231936K) Eden: 131072K(131072K)->0K(139776K) From: 7822K(97792K)->43265K(92160K)
[318.076s][info][gc,heap        ] GC(1133) ParOldGen: 294962K(435712K)->302360K(435712K)
[318.076s][info][gc,metaspace   ] GC(1133) Metaspace: 18871K(19072K)->18871K(19072K) NonClass: 16205K(16320K)->16205K(16320K) Class: 2666K(2752K)->2666K(2752K)
[318.076s][info][gc             ] GC(1133) Pause Young (Allocation Failure) 423M->337M(652M) 68.562ms
[318.076s][info][gc,cpu         ] GC(1133) User=0.14s Sys=0.00s Real=0.06s
[318.184s][info][gc,start       ] GC(1134) Pause Young (Allocation Failure)
[318.263s][info][gc,heap        ] GC(1134) PSYoungGen: 183041K(231936K)->26560K(233472K) Eden: 139776K(139776K)->0K(139776K) From: 43265K(92160K)->26560K(93696K)
[318.264s][info][gc,heap        ] GC(1134) ParOldGen: 302360K(435712K)->345654K(435712K)
[318.264s][info][gc,metaspace   ] GC(1134) Metaspace: 18871K(19072K)->18871K(19072K) NonClass: 16205K(16320K)->16205K(16320K) Class: 2666K(2752K)->2666K(2752K)
[318.264s][info][gc             ] GC(1134) Pause Young (Allocation Failure) 474M->363M(653M) 79.233ms
[318.264s][info][gc,cpu         ] GC(1134) User=0.16s Sys=0.00s Real=0.08s
[318.364s][info][gc,start       ] GC(1135) Pause Young (Allocation Failure)
[318.413s][info][gc,heap        ] GC(1135) PSYoungGen: 166336K(233472K)->22400K(235008K) Eden: 139776K(139776K)->0K(151040K) From: 26560K(93696K)->22400K(83968K)
[318.413s][info][gc,heap        ] GC(1135) ParOldGen: 345654K(435712K)->372238K(435712K)
[318.413s][info][gc,metaspace   ] GC(1135) Metaspace: 18871K(19072K)->18871K(19072K) NonClass: 16205K(16320K)->16205K(16320K) Class: 2666K(2752K)->2666K(2752K)
[318.414s][info][gc             ] GC(1135) Pause Young (Allocation Failure) 499M->385M(655M) 49.741ms
[318.414s][info][gc,cpu         ] GC(1135) User=0.10s Sys=0.00s Real=0.05s
[318.487s][info][gc,start       ] GC(1136) Pause Young (Allocation Failure)
[318.513s][info][gc,heap        ] GC(1136) PSYoungGen: 173440K(235008K)->1952K(236032K) Eden: 151040K(151040K)->0K(151040K) From: 22400K(83968K)->1952K(84992K)
[318.513s][info][gc,heap        ] GC(1136) ParOldGen: 372238K(435712K)->394694K(435712K)
[318.513s][info][gc,metaspace   ] GC(1136) Metaspace: 18871K(19072K)->18871K(19072K) NonClass: 16205K(16320K)->16205K(16320K) Class: 2666K(2752K)->2666K(2752K)
[318.513s][info][gc             ] GC(1136) Pause Young (Allocation Failure) 532M->387M(656M) 26.133ms
[318.513s][info][gc,cpu         ] GC(1136) User=0.05s Sys=0.00s Real=0.03s
[318.619s][info][gc,start       ] GC(1137) Pause Young (Allocation Failure)
[318.628s][info][gc,heap        ] GC(1137) PSYoungGen: 152992K(236032K)->416K(246784K) Eden: 151040K(151040K)->0K(163840K) From: 1952K(84992K)->416K(82944K)
[318.628s][info][gc,heap        ] GC(1137) ParOldGen: 394694K(435712K)->396622K(435712K)
[318.628s][info][gc,metaspace   ] GC(1137) Metaspace: 18871K(19072K)->18871K(19072K) NonClass: 16205K(16320K)->16205K(16320K) Class: 2666K(2752K)->2666K(2752K)
[318.628s][info][gc             ] GC(1137) Pause Young (Allocation Failure) 534M->387M(666M) 9.591ms
[318.628s][info][gc,cpu         ] GC(1137) User=0.02s Sys=0.00s Real=0.01s
[318.746s][info][gc,start       ] GC(1138) Pause Young (Allocation Failure)
[318.757s][info][gc,heap        ] GC(1138) PSYoungGen: 164256K(246784K)->6304K(247808K) Eden: 163840K(163840K)->0K(163840K) From: 416K(82944K)->6304K(83968K)
[318.757s][info][gc,heap        ] GC(1138) ParOldGen: 396622K(435712K)->397006K(435712K)
[318.757s][info][gc,metaspace   ] GC(1138) Metaspace: 18871K(19072K)->18871K(19072K) NonClass: 16205K(16320K)->16205K(16320K) Class: 2666K(2752K)->2666K(2752K)
[318.757s][info][gc             ] GC(1138) Pause Young (Allocation Failure) 547M->393M(667M) 11.295ms
[318.757s][info][gc,cpu         ] GC(1138) User=0.03s Sys=0.00s Real=0.01s
[318.911s][info][gc,start       ] GC(1139) Pause Young (Allocation Failure)
[318.947s][info][gc,heap        ] GC(1139) PSYoungGen: 170144K(247808K)->28288K(241664K) Eden: 163840K(163840K)->0K(167936K) From: 6304K(83968K)->28288K(73728K)
[318.947s][info][gc,heap        ] GC(1139) ParOldGen: 397006K(435712K)->403286K(435712K)
[318.947s][info][gc,metaspace   ] GC(1139) Metaspace: 18871K(19072K)->18871K(19072K) NonClass: 16205K(16320K)->16205K(16320K) Class: 2666K(2752K)->2666K(2752K)
[318.947s][info][gc             ] GC(1139) Pause Young (Allocation Failure) 553M->421M(661M) 35.330ms
[318.947s][info][gc,cpu         ] GC(1139) User=0.07s Sys=0.00s Real=0.03s
[319.351s][info][gc,start       ] GC(1140) Pause Young (Allocation Failure)
[319.396s][info][gc,heap        ] GC(1140) PSYoungGen: 196224K(241664K)->14496K(245248K) Eden: 167936K(167936K)->0K(167936K) From: 28288K(73728K)->14496K(77312K)
[319.397s][info][gc,heap        ] GC(1140) ParOldGen: 403286K(435712K)->431609K(435712K)
[319.397s][info][gc,metaspace   ] GC(1140) Metaspace: 18871K(19072K)->18871K(19072K) NonClass: 16205K(16320K)->16205K(16320K) Class: 2666K(2752K)->2666K(2752K)
[319.397s][info][gc             ] GC(1140) Pause Young (Allocation Failure) 585M->435M(665M) 45.433ms
[319.397s][info][gc,cpu         ] GC(1140) User=0.09s Sys=0.00s Real=0.04s
[319.808s][info][gc,start       ] GC(1141) Pause Young (Allocation Failure)
[319.830s][info][gc,heap        ] GC(1141) PSYoungGen: 182432K(245248K)->192K(254464K) Eden: 167936K(167936K)->0K(182784K) From: 14496K(77312K)->192K(71680K)
[319.830s][info][gc,heap        ] GC(1141) ParOldGen: 431609K(435712K)->446041K(446464K)
[319.830s][info][gc,metaspace   ] GC(1141) Metaspace: 18871K(19072K)->18871K(19072K) NonClass: 16205K(16320K)->16205K(16320K) Class: 2666K(2752K)->2666K(2752K)
[319.830s][info][gc             ] GC(1141) Pause Young (Allocation Failure) 599M->435M(684M) 21.577ms
[319.830s][info][gc,cpu         ] GC(1141) User=0.03s Sys=0.01s Real=0.02s
[320.224s][info][gc,start       ] GC(1142) Pause Young (Allocation Failure)
[320.226s][info][gc,heap        ] GC(1142) PSYoungGen: 182976K(254464K)->64K(255488K) Eden: 182784K(182784K)->0K(182784K) From: 192K(71680K)->64K(72704K)
[320.226s][info][gc,heap        ] GC(1142) ParOldGen: 446041K(446464K)->446217K(446464K)
[320.226s][info][gc,metaspace   ] GC(1142) Metaspace: 18871K(19072K)->18871K(19072K) NonClass: 16205K(16320K)->16205K(16320K) Class: 2666K(2752K)->2666K(2752K)
[320.226s][info][gc             ] GC(1142) Pause Young (Allocation Failure) 614M->435M(685M) 2.126ms
[320.226s][info][gc,cpu         ] GC(1142) User=0.00s Sys=0.00s Real=0.00s
[320.608s][info][gc,start       ] GC(1143) Pause Young (Allocation Failure)
[320.619s][info][gc,heap        ] GC(1143) PSYoungGen: 182848K(255488K)->64K(257536K) Eden: 182784K(182784K)->0K(189952K) From: 64K(72704K)->64K(67584K)
[320.619s][info][gc,heap        ] GC(1143) ParOldGen: 446217K(446464K)->446217K(446464K)
[320.619s][info][gc,metaspace   ] GC(1143) Metaspace: 18871K(19072K)->18871K(19072K) NonClass: 16205K(16320K)->16205K(16320K) Class: 2666K(2752K)->2666K(2752K)
[320.619s][info][gc             ] GC(1143) Pause Young (Allocation Failure) 614M->435M(687M) 10.662ms
[320.619s][info][gc,cpu         ] GC(1143) User=0.02s Sys=0.00s Real=0.01s
[320.939s][info][gc,start       ] GC(1144) Pause Young (Allocation Failure)
[320.965s][info][gc,heap        ] GC(1144) PSYoungGen: 190016K(257536K)->22998K(259072K) Eden: 189952K(189952K)->0K(189952K) From: 64K(67584K)->22998K(69120K)
[320.965s][info][gc,heap        ] GC(1144) ParOldGen: 446217K(446464K)->446217K(446464K)
[320.965s][info][gc,metaspace   ] GC(1144) Metaspace: 18871K(19072K)->18871K(19072K) NonClass: 16205K(16320K)->16205K(16320K) Class: 2666K(2752K)->2666K(2752K)
[320.965s][info][gc             ] GC(1144) Pause Young (Allocation Failure) 621M->458M(689M) 26.734ms
[320.965s][info][gc,cpu         ] GC(1144) User=0.05s Sys=0.00s Real=0.02s
[321.046s][info][gc,start       ] GC(1145) Pause Young (Allocation Failure)
[321.125s][info][gc,heap        ] GC(1145) PSYoungGen: 212950K(259072K)->66550K(226304K) Eden: 189952K(189952K)->0K(159744K) From: 22998K(69120K)->66550K(66560K)
[321.125s][info][gc,heap        ] GC(1145) ParOldGen: 446217K(446464K)->465761K(465920K)
[321.125s][info][gc,metaspace   ] GC(1145) Metaspace: 18871K(19072K)->18871K(19072K) NonClass: 16205K(16320K)->16205K(16320K) Class: 2666K(2752K)->2666K(2752K)
[321.125s][info][gc             ] GC(1145) Pause Young (Allocation Failure) 643M->519M(676M) 79.050ms
[321.125s][info][gc,cpu         ] GC(1145) User=0.13s Sys=0.02s Real=0.08s
[321.284s][info][gc,start       ] GC(1146) Pause Young (Allocation Failure)
[321.373s][info][gc,heap        ] GC(1146) PSYoungGen: 226294K(226304K)->87015K(246784K) Eden: 159744K(159744K)->0K(159744K) From: 66550K(66560K)->87015K(87040K)
[321.373s][info][gc,heap        ] GC(1146) ParOldGen: 465761K(465920K)->483265K(483328K)
[321.373s][info][gc,metaspace   ] GC(1146) Metaspace: 18873K(19072K)->18873K(19072K) NonClass: 16207K(16320K)->16207K(16320K) Class: 2666K(2752K)->2666K(2752K)
[321.373s][info][gc             ] GC(1146) Pause Young (Allocation Failure) 675M->556M(713M) 89.042ms
[321.373s][info][gc,cpu         ] GC(1146) User=0.16s Sys=0.01s Real=0.09s
[321.454s][info][gc,start       ] GC(1147) Pause Young (Allocation Failure)
[321.563s][info][gc,heap        ] GC(1147) PSYoungGen: 246759K(246784K)->22448K(212992K) Eden: 159744K(159744K)->0K(125952K) From: 87015K(87040K)->22448K(87040K)
[321.563s][info][gc,heap        ] GC(1147) ParOldGen: 483265K(483328K)->550382K(550400K)
[321.563s][info][gc,metaspace   ] GC(1147) Metaspace: 18873K(19072K)->18873K(19072K) NonClass: 16207K(16320K)->16207K(16320K) Class: 2666K(2752K)->2666K(2752K)
[321.563s][info][gc             ] GC(1147) Pause Young (Allocation Failure) 712M->559M(745M) 108.848ms
[321.563s][info][gc,cpu         ] GC(1147) User=0.15s Sys=0.06s Real=0.11s
[321.659s][info][gc,start       ] GC(1148) Pause Young (Allocation Failure)
[321.718s][info][gc,heap        ] GC(1148) PSYoungGen: 148400K(212992K)->12300K(229888K) Eden: 125952K(125952K)->0K(125952K) From: 22448K(87040K)->12300K(103936K)
[321.718s][info][gc,heap        ] GC(1148) ParOldGen: 550382K(550400K)->572954K(573440K)
[321.718s][info][gc,metaspace   ] GC(1148) Metaspace: 18873K(19072K)->18873K(19072K) NonClass: 16207K(16320K)->16207K(16320K) Class: 2666K(2752K)->2666K(2752K)
[321.718s][info][gc             ] GC(1148) Pause Young (Allocation Failure) 682M->571M(784M) 58.473ms
[321.718s][info][gc,cpu         ] GC(1148) User=0.10s Sys=0.03s Real=0.06s
[321.845s][info][gc,start       ] GC(1149) Pause Young (Allocation Failure)
[321.903s][info][gc,heap        ] GC(1149) PSYoungGen: 138252K(229888K)->25856K(212992K) Eden: 125952K(125952K)->0K(129536K) From: 12300K(103936K)->25856K(83456K)
[321.903s][info][gc,heap        ] GC(1149) ParOldGen: 572954K(573440K)->585253K(585728K)
[321.903s][info][gc,metaspace   ] GC(1149) Metaspace: 18873K(19072K)->18873K(19072K) NonClass: 16207K(16320K)->16207K(16320K) Class: 2666K(2752K)->2666K(2752K)
[321.903s][info][gc             ] GC(1149) Pause Young (Allocation Failure) 694M->596M(780M) 58.638ms
[321.903s][info][gc,cpu         ] GC(1149) User=0.10s Sys=0.01s Real=0.06s
[321.994s][info][gc,start       ] GC(1150) Pause Young (Allocation Failure)
[322.061s][info][gc,heap        ] GC(1150) PSYoungGen: 155392K(212992K)->21536K(223232K) Eden: 129536K(129536K)->0K(129536K) From: 25856K(83456K)->21536K(93696K)
[322.061s][info][gc,heap        ] GC(1150) ParOldGen: 585253K(585728K)->611125K(611328K)
[322.061s][info][gc,metaspace   ] GC(1150) Metaspace: 18874K(19072K)->18874K(19072K) NonClass: 16208K(16320K)->16208K(16320K) Class: 2666K(2752K)->2666K(2752K)
[322.061s][info][gc             ] GC(1150) Pause Young (Allocation Failure) 723M->617M(815M) 67.105ms
[322.061s][info][gc,cpu         ] GC(1150) User=0.12s Sys=0.02s Real=0.07s
[322.155s][info][gc,start       ] GC(1151) Pause Full (Allocation Failure)
[322.155s][info][gc,phases,start] GC(1151) Marking Phase
[322.411s][info][gc,phases      ] GC(1151) Marking Phase 255.676ms
[322.411s][info][gc,phases,start] GC(1151) Summary Phase
[322.411s][info][gc,phases      ] GC(1151) Summary Phase 0.026ms
[322.411s][info][gc,phases,start] GC(1151) Forward
[322.516s][info][gc,phases      ] GC(1151) Forward 105.678ms
[322.516s][info][gc,phases,start] GC(1151) Adjust Pointers
[322.717s][info][gc,phases      ] GC(1151) Adjust Pointers 201.040ms
[322.717s][info][gc,phases,start] GC(1151) Compaction Phase
[322.836s][info][gc,phases      ] GC(1151) Compaction Phase 118.120ms
[322.844s][info][gc,phases,start] GC(1151) Post Compact
[322.846s][info][gc,phases      ] GC(1151) Post Compact 2.186ms
[322.846s][info][gc,heap        ] GC(1151) PSYoungGen: 151072K(223232K)->0K(237056K) Eden: 129536K(129536K)->0K(148480K) From: 21536K(93696K)->0K(88576K)
[322.846s][info][gc,heap        ] GC(1151) ParOldGen: 611125K(611328K)->370707K(667648K)
[322.846s][info][gc,metaspace   ] GC(1151) Metaspace: 18875K(19072K)->18875K(19072K) NonClass: 16208K(16320K)->16208K(16320K) Class: 2666K(2752K)->2666K(2752K)
[322.846s][info][gc             ] GC(1151) Pause Full (Allocation Failure) 744M->362M(883M) 691.680ms
[322.846s][info][gc,cpu         ] GC(1151) User=1.28s Sys=0.00s Real=0.69s
[322.944s][info][gc,start       ] GC(1152) Pause Young (Allocation Failure)
[322.959s][info][gc,heap        ] GC(1152) PSYoungGen: 148480K(237056K)->11552K(237056K) Eden: 148480K(148480K)->0K(148480K) From: 0K(88576K)->11552K(88576K)
[322.959s][info][gc,heap        ] GC(1152) ParOldGen: 370707K(667648K)->370707K(667648K)
[322.959s][info][gc,metaspace   ] GC(1152) Metaspace: 18875K(19072K)->18875K(19072K) NonClass: 16209K(16320K)->16209K(16320K) Class: 2666K(2752K)->2666K(2752K)
[322.959s][info][gc             ] GC(1152) Pause Young (Allocation Failure) 507M->373M(883M) 14.396ms
[322.959s][info][gc,cpu         ] GC(1152) User=0.03s Sys=0.00s Real=0.02s
[323.117s][info][gc,start       ] GC(1153) Pause Young (Allocation Failure)
[323.134s][info][gc,heap        ] GC(1153) PSYoungGen: 160032K(237056K)->672K(243712K) Eden: 148480K(148480K)->0K(158208K) From: 11552K(88576K)->672K(85504K)
[323.134s][info][gc,heap        ] GC(1153) ParOldGen: 370707K(667648K)->382267K(667648K)
[323.134s][info][gc,metaspace   ] GC(1153) Metaspace: 18875K(19072K)->18875K(19072K) NonClass: 16209K(16320K)->16209K(16320K) Class: 2666K(2752K)->2666K(2752K)
[323.134s][info][gc             ] GC(1153) Pause Young (Allocation Failure) 518M->373M(890M) 17.320ms
[323.134s][info][gc,cpu         ] GC(1153) User=0.03s Sys=0.00s Real=0.02s
[323.313s][info][gc,start       ] GC(1154) Pause Young (Allocation Failure)
[323.321s][info][gc,heap        ] GC(1154) PSYoungGen: 158880K(243712K)->3296K(242176K) Eden: 158208K(158208K)->0K(158208K) From: 672K(85504K)->3296K(83968K)
[323.321s][info][gc,heap        ] GC(1154) ParOldGen: 382267K(667648K)->382912K(667648K)
[323.321s][info][gc,metaspace   ] GC(1154) Metaspace: 18885K(19072K)->18885K(19072K) NonClass: 16219K(16320K)->16219K(16320K) Class: 2666K(2752K)->2666K(2752K)
[323.321s][info][gc             ] GC(1154) Pause Young (Allocation Failure) 528M->377M(888M) 7.221ms
[323.321s][info][gc,cpu         ] GC(1154) User=0.01s Sys=0.00s Real=0.01s
[323.476s][info][gc,start       ] GC(1155) Pause Young (Allocation Failure)
[323.514s][info][gc,heap        ] GC(1155) PSYoungGen: 161504K(242176K)->33856K(247808K) Eden: 158208K(158208K)->0K(165888K) From: 3296K(83968K)->33856K(81920K)
[323.514s][info][gc,heap        ] GC(1155) ParOldGen: 382912K(667648K)->386200K(667648K)
[323.514s][info][gc,metaspace   ] GC(1155) Metaspace: 18885K(19072K)->18885K(19072K) NonClass: 16219K(16320K)->16219K(16320K) Class: 2666K(2752K)->2666K(2752K)
[323.514s][info][gc             ] GC(1155) Pause Young (Allocation Failure) 531M->410M(894M) 38.131ms
[323.514s][info][gc,cpu         ] GC(1155) User=0.07s Sys=0.00s Real=0.04s
[323.731s][info][gc,start       ] GC(1156) Pause Young (Allocation Failure)
[323.775s][info][gc,heap        ] GC(1156) PSYoungGen: 199744K(247808K)->11168K(246272K) Eden: 165888K(165888K)->0K(165888K) From: 33856K(81920K)->11168K(80384K)
[323.775s][info][gc,heap        ] GC(1156) ParOldGen: 386200K(667648K)->420182K(667648K)
[323.775s][info][gc,metaspace   ] GC(1156) Metaspace: 18887K(19072K)->18887K(19072K) NonClass: 16221K(16320K)->16221K(16320K) Class: 2666K(2752K)->2666K(2752K)
[323.775s][info][gc             ] GC(1156) Pause Young (Allocation Failure) 572M->421M(892M) 43.783ms
[323.775s][info][gc,cpu         ] GC(1156) User=0.08s Sys=0.00s Real=0.04s
[323.907s][info][gc,start       ] GC(1157) Pause Young (Allocation Failure)
[323.963s][info][gc,heap        ] GC(1157) PSYoungGen: 177056K(246272K)->60592K(238592K) Eden: 165888K(165888K)->0K(162304K) From: 11168K(80384K)->60592K(76288K)
[323.963s][info][gc,heap        ] GC(1157) ParOldGen: 420182K(667648K)->431326K(667648K)
[323.963s][info][gc,metaspace   ] GC(1157) Metaspace: 18889K(19072K)->18889K(19072K) NonClass: 16223K(16320K)->16223K(16320K) Class: 2666K(2752K)->2666K(2752K)
[323.963s][info][gc             ] GC(1157) Pause Young (Allocation Failure) 583M->480M(885M) 55.543ms
[323.963s][info][gc,cpu         ] GC(1157) User=0.10s Sys=0.00s Real=0.06s
[324.185s][info][gc,start       ] GC(1158) Pause Young (Allocation Failure)
[324.235s][info][gc,heap        ] GC(1158) PSYoungGen: 222896K(238592K)->15344K(247808K) Eden: 162304K(162304K)->0K(162304K) From: 60592K(76288K)->15344K(85504K)
[324.235s][info][gc,heap        ] GC(1158) ParOldGen: 431326K(667648K)->492670K(667648K)
[324.235s][info][gc,metaspace   ] GC(1158) Metaspace: 18889K(19072K)->18889K(19072K) NonClass: 16223K(16320K)->16223K(16320K) Class: 2666K(2752K)->2666K(2752K)
[324.235s][info][gc             ] GC(1158) Pause Young (Allocation Failure) 638M->496M(894M) 50.072ms
[324.235s][info][gc,cpu         ] GC(1158) User=0.10s Sys=0.00s Real=0.05s
[324.476s][info][gc,start       ] GC(1159) Pause Young (Allocation Failure)
[324.539s][info][gc,heap        ] GC(1159) PSYoungGen: 177648K(247808K)->34975K(240128K) Eden: 162304K(162304K)->0K(166912K) From: 15344K(85504K)->34975K(73216K)
[324.539s][info][gc,heap        ] GC(1159) ParOldGen: 492670K(667648K)->508146K(667648K)
[324.539s][info][gc,metaspace   ] GC(1159) Metaspace: 18889K(19072K)->18889K(19072K) NonClass: 16223K(16320K)->16223K(16320K) Class: 2666K(2752K)->2666K(2752K)
[324.539s][info][gc             ] GC(1159) Pause Young (Allocation Failure) 654M->530M(886M) 62.926ms
[324.539s][info][gc,cpu         ] GC(1159) User=0.13s Sys=0.00s Real=0.07s
[324.723s][info][gc,start       ] GC(1160) Pause Young (Allocation Failure)
[324.793s][info][gc,heap        ] GC(1160) PSYoungGen: 201887K(240128K)->22240K(246272K) Eden: 166912K(166912K)->0K(166912K) From: 34975K(73216K)->22240K(79360K)
[324.793s][info][gc,heap        ] GC(1160) ParOldGen: 508146K(667648K)->543161K(667648K)
[324.793s][info][gc,metaspace   ] GC(1160) Metaspace: 18889K(19072K)->18889K(19072K) NonClass: 16223K(16320K)->16223K(16320K) Class: 2666K(2752K)->2666K(2752K)
[324.793s][info][gc             ] GC(1160) Pause Young (Allocation Failure) 693M->552M(892M) 70.709ms
[324.793s][info][gc,cpu         ] GC(1160) User=0.14s Sys=0.00s Real=0.07s
[324.950s][info][gc,start       ] GC(1161) Pause Young (Allocation Failure)
[324.977s][info][gc,heap        ] GC(1161) PSYoungGen: 189152K(246272K)->832K(250880K) Eden: 166912K(166912K)->0K(179712K) From: 22240K(79360K)->832K(71168K)
[324.977s][info][gc,heap        ] GC(1161) ParOldGen: 543161K(667648K)->565401K(667648K)
[324.977s][info][gc,metaspace   ] GC(1161) Metaspace: 18889K(19072K)->18889K(19072K) NonClass: 16223K(16320K)->16223K(16320K) Class: 2666K(2752K)->2666K(2752K)
[324.977s][info][gc             ] GC(1161) Pause Young (Allocation Failure) 715M->552M(897M) 27.053ms
[324.977s][info][gc,cpu         ] GC(1161) User=0.05s Sys=0.00s Real=0.02s
[325.190s][info][gc,start       ] GC(1162) Pause Young (Allocation Failure)
[325.201s][info][gc,heap        ] GC(1162) PSYoungGen: 180544K(250880K)->3872K(253440K) Eden: 179712K(179712K)->0K(179712K) From: 832K(71168K)->3872K(73728K)
[325.201s][info][gc,heap        ] GC(1162) ParOldGen: 565401K(667648K)->566209K(667648K)
[325.201s][info][gc,metaspace   ] GC(1162) Metaspace: 18889K(19072K)->18889K(19072K) NonClass: 16223K(16320K)->16223K(16320K) Class: 2666K(2752K)->2666K(2752K)
[325.201s][info][gc             ] GC(1162) Pause Young (Allocation Failure) 728M->556M(899M) 11.266ms
[325.201s][info][gc,cpu         ] GC(1162) User=0.02s Sys=0.00s Real=0.01s
[325.447s][info][gc,start       ] GC(1163) Pause Young (Allocation Failure)
[325.480s][info][gc,heap        ] GC(1163) PSYoungGen: 183584K(253440K)->26688K(252928K) Eden: 179712K(179712K)->0K(187904K) From: 3872K(73728K)->26688K(65024K)
[325.480s][info][gc,heap        ] GC(1163) ParOldGen: 566209K(667648K)->570081K(667648K)
[325.480s][info][gc,metaspace   ] GC(1163) Metaspace: 18889K(19072K)->18889K(19072K) NonClass: 16223K(16320K)->16223K(16320K) Class: 2666K(2752K)->2666K(2752K)
[325.480s][info][gc             ] GC(1163) Pause Young (Allocation Failure) 732M->582M(899M) 32.771ms
[325.480s][info][gc,cpu         ] GC(1163) User=0.06s Sys=0.00s Real=0.04s
[325.889s][info][gc,start       ] GC(1164) Pause Young (Allocation Failure)
[325.946s][info][gc,heap        ] GC(1164) PSYoungGen: 214592K(252928K)->26706K(257024K) Eden: 187904K(187904K)->0K(187904K) From: 26688K(65024K)->26706K(69120K)
[325.946s][info][gc,heap        ] GC(1164) ParOldGen: 570081K(667648K)->596777K(667648K)
[325.946s][info][gc,metaspace   ] GC(1164) Metaspace: 18889K(19072K)->18889K(19072K) NonClass: 16223K(16320K)->16223K(16320K) Class: 2666K(2752K)->2666K(2752K)
[325.946s][info][gc             ] GC(1164) Pause Young (Allocation Failure) 766M->608M(903M) 57.678ms
[325.946s][info][gc,cpu         ] GC(1164) User=0.11s Sys=0.00s Real=0.05s
[326.156s][info][gc,start       ] GC(1165) Pause Young (Allocation Failure)
[326.217s][info][gc,heap        ] GC(1165) PSYoungGen: 214610K(257024K)->51488K(254464K) Eden: 187904K(187904K)->0K(188416K) From: 26706K(69120K)->51488K(66048K)
[326.217s][info][gc,heap        ] GC(1165) ParOldGen: 596777K(667648K)->623767K(667648K)
[326.217s][info][gc,metaspace   ] GC(1165) Metaspace: 18889K(19072K)->18889K(19072K) NonClass: 16223K(16320K)->16223K(16320K) Class: 2666K(2752K)->2666K(2752K)
[326.217s][info][gc             ] GC(1165) Pause Young (Allocation Failure) 792M->659M(900M) 61.066ms
[326.217s][info][gc,cpu         ] GC(1165) User=0.11s Sys=0.00s Real=0.06s
[326.461s][info][gc,start       ] GC(1166) Pause Full (Allocation Failure)
[326.461s][info][gc,phases,start] GC(1166) Marking Phase
[326.800s][info][gc,phases      ] GC(1166) Marking Phase 339.548ms
[326.801s][info][gc,phases,start] GC(1166) Summary Phase
[326.801s][info][gc,phases      ] GC(1166) Summary Phase 0.029ms
[326.801s][info][gc,phases,start] GC(1166) Forward
[326.947s][info][gc,phases      ] GC(1166) Forward 145.972ms
[326.947s][info][gc,phases,start] GC(1166) Adjust Pointers
[327.209s][info][gc,phases      ] GC(1166) Adjust Pointers 262.525ms
[327.209s][info][gc,phases,start] GC(1166) Compaction Phase
[327.365s][info][gc,phases      ] GC(1166) Compaction Phase 155.914ms
[327.376s][info][gc,phases,start] GC(1166) Post Compact
[327.379s][info][gc,phases      ] GC(1166) Post Compact 2.476ms
[327.379s][info][gc,heap        ] GC(1166) PSYoungGen: 239904K(254464K)->0K(261120K) Eden: 188416K(188416K)->0K(188416K) From: 51488K(66048K)->0K(72704K)
[327.379s][info][gc,heap        ] GC(1166) ParOldGen: 623767K(667648K)->489092K(667648K)
[327.379s][info][gc,metaspace   ] GC(1166) Metaspace: 18889K(19072K)->18889K(19072K) NonClass: 16223K(16320K)->16223K(16320K) Class: 2666K(2752K)->2666K(2752K)
[327.379s][info][gc             ] GC(1166) Pause Full (Allocation Failure) 843M->477M(907M) 918.026ms
[327.379s][info][gc,cpu         ] GC(1166) User=1.70s Sys=0.00s Real=0.92s
[327.593s][info][gc,start       ] GC(1167) Pause Young (Allocation Failure)
[327.625s][info][gc,heap        ] GC(1167) PSYoungGen: 188416K(261120K)->30656K(256000K) Eden: 188416K(188416K)->0K(188416K) From: 0K(72704K)->30656K(67584K)
[327.625s][info][gc,heap        ] GC(1167) ParOldGen: 489092K(667648K)->489092K(667648K)
[327.625s][info][gc,metaspace   ] GC(1167) Metaspace: 18889K(19072K)->18889K(19072K) NonClass: 16223K(16320K)->16223K(16320K) Class: 2666K(2752K)->2666K(2752K)
[327.625s][info][gc             ] GC(1167) Pause Young (Allocation Failure) 661M->507M(902M) 32.373ms
[327.625s][info][gc,cpu         ] GC(1167) User=0.07s Sys=0.00s Real=0.03s
[327.789s][info][gc,start       ] GC(1168) Pause Young (Allocation Failure)
[327.821s][info][gc,heap        ] GC(1168) PSYoungGen: 219072K(256000K)->31328K(258560K) Eden: 188416K(188416K)->0K(188416K) From: 30656K(67584K)->31328K(70144K)
[327.821s][info][gc,heap        ] GC(1168) ParOldGen: 489092K(667648K)->489092K(667648K)
[327.821s][info][gc,metaspace   ] GC(1168) Metaspace: 18889K(19072K)->18889K(19072K) NonClass: 16223K(16320K)->16223K(16320K) Class: 2666K(2752K)->2666K(2752K)
[327.821s][info][gc             ] GC(1168) Pause Young (Allocation Failure) 691M->508M(904M) 31.991ms
[327.821s][info][gc,cpu         ] GC(1168) User=0.07s Sys=0.00s Real=0.03s
[328.036s][info][gc,start       ] GC(1169) Pause Young (Allocation Failure)
[328.072s][info][gc,heap        ] GC(1169) PSYoungGen: 219744K(258560K)->35328K(262656K) Eden: 188416K(188416K)->0K(196096K) From: 31328K(70144K)->35328K(66560K)
[328.072s][info][gc,heap        ] GC(1169) ParOldGen: 489092K(667648K)->489092K(667648K)
[328.072s][info][gc,metaspace   ] GC(1169) Metaspace: 18889K(19072K)->18889K(19072K) NonClass: 16223K(16320K)->16223K(16320K) Class: 2666K(2752K)->2666K(2752K)
[328.072s][info][gc             ] GC(1169) Pause Young (Allocation Failure) 692M->512M(908M) 35.829ms
[328.072s][info][gc,cpu         ] GC(1169) User=0.07s Sys=0.01s Real=0.04s
[328.368s][info][gc,start       ] GC(1170) Pause Young (Allocation Failure)
[328.430s][info][gc,heap        ] GC(1170) PSYoungGen: 231424K(262656K)->31328K(263168K) Eden: 196096K(196096K)->0K(196096K) From: 35328K(66560K)->31328K(67072K)
[328.430s][info][gc,heap        ] GC(1170) ParOldGen: 489092K(667648K)->519796K(667648K)
[328.430s][info][gc,metaspace   ] GC(1170) Metaspace: 18889K(19072K)->18889K(19072K) NonClass: 16223K(16320K)->16223K(16320K) Class: 2666K(2752K)->2666K(2752K)
[328.430s][info][gc             ] GC(1170) Pause Young (Allocation Failure) 703M->538M(909M) 61.622ms
[328.430s][info][gc,cpu         ] GC(1170) User=0.12s Sys=0.00s Real=0.06s
[328.936s][info][gc,start       ] GC(1171) Pause Young (Allocation Failure)
[328.967s][info][gc,heap        ] GC(1171) PSYoungGen: 227424K(263168K)->30720K(263680K) Eden: 196096K(196096K)->0K(202240K) From: 31328K(67072K)->30720K(61440K)
[328.967s][info][gc,heap        ] GC(1171) ParOldGen: 519796K(667648K)->520468K(667648K)
[328.967s][info][gc,metaspace   ] GC(1171) Metaspace: 18889K(19072K)->18889K(19072K) NonClass: 16223K(16320K)->16223K(16320K) Class: 2666K(2752K)->2666K(2752K)
[328.967s][info][gc             ] GC(1171) Pause Young (Allocation Failure) 729M->538M(909M) 30.989ms
[328.967s][info][gc,cpu         ] GC(1171) User=0.06s Sys=0.00s Real=0.03s
[329.408s][info][gc,start       ] GC(1172) Pause Young (Allocation Failure)
[329.448s][info][gc,heap        ] GC(1172) PSYoungGen: 232960K(263680K)->30736K(264192K) Eden: 202240K(202240K)->0K(202240K) From: 30720K(61440K)->30736K(61952K)
[329.448s][info][gc,heap        ] GC(1172) ParOldGen: 520468K(667648K)->520468K(667648K)
[329.448s][info][gc,metaspace   ] GC(1172) Metaspace: 18889K(19072K)->18889K(19072K) NonClass: 16223K(16320K)->16223K(16320K) Class: 2666K(2752K)->2666K(2752K)
[329.448s][info][gc             ] GC(1172) Pause Young (Allocation Failure) 735M->538M(910M) 40.538ms
[329.448s][info][gc,cpu         ] GC(1172) User=0.08s Sys=0.00s Real=0.04s
[329.691s][info][gc,start       ] GC(1173) Pause Young (Allocation Failure)
[329.760s][info][gc,heap        ] GC(1173) PSYoungGen: 232976K(264192K)->59872K(247296K) Eden: 202240K(202240K)->0K(187392K) From: 30736K(61952K)->59872K(59904K)
[329.760s][info][gc,heap        ] GC(1173) ParOldGen: 520468K(667648K)->534044K(667648K)
[329.760s][info][gc,metaspace   ] GC(1173) Metaspace: 18889K(19072K)->18889K(19072K) NonClass: 16223K(16320K)->16223K(16320K) Class: 2666K(2752K)->2666K(2752K)
[329.760s][info][gc             ] GC(1173) Pause Young (Allocation Failure) 735M->579M(893M) 68.758ms
[329.760s][info][gc,cpu         ] GC(1173) User=0.12s Sys=0.01s Real=0.07s
[329.988s][info][gc,start       ] GC(1174) Pause Young (Allocation Failure)
[330.064s][info][gc,heap        ] GC(1174) PSYoungGen: 247264K(247296K)->61936K(249344K) Eden: 187392K(187392K)->0K(187392K) From: 59872K(59904K)->61936K(61952K)
[330.064s][info][gc,heap        ] GC(1174) ParOldGen: 534044K(667648K)->564773K(667648K)
[330.064s][info][gc,metaspace   ] GC(1174) Metaspace: 18889K(19072K)->18889K(19072K) NonClass: 16223K(16320K)->16223K(16320K) Class: 2666K(2752K)->2666K(2752K)
[330.064s][info][gc             ] GC(1174) Pause Young (Allocation Failure) 762M->612M(895M) 75.978ms
[330.064s][info][gc,cpu         ] GC(1174) User=0.15s Sys=0.00s Real=0.07s
[330.311s][info][gc,start       ] GC(1175) Pause Young (Allocation Failure)
[330.404s][info][gc,heap        ] GC(1175) PSYoungGen: 249328K(249344K)->80368K(218624K) Eden: 187392K(187392K)->0K(138240K) From: 61936K(61952K)->80368K(80384K)
[330.404s][info][gc,heap        ] GC(1175) ParOldGen: 564773K(667648K)->579877K(667648K)
[330.404s][info][gc,metaspace   ] GC(1175) Metaspace: 18889K(19072K)->18889K(19072K) NonClass: 16223K(16320K)->16223K(16320K) Class: 2666K(2752K)->2666K(2752K)
[330.404s][info][gc             ] GC(1175) Pause Young (Allocation Failure) 795M->644M(865M) 93.519ms
[330.404s][info][gc,cpu         ] GC(1175) User=0.19s Sys=0.00s Real=0.09s
[330.566s][info][gc,start       ] GC(1176) Pause Young (Allocation Failure)
[330.677s][info][gc,heap        ] GC(1176) PSYoungGen: 218608K(218624K)->39936K(236032K) Eden: 138240K(138240K)->0K(138240K) From: 80368K(80384K)->39936K(97792K)
[330.677s][info][gc,heap        ] GC(1176) ParOldGen: 579877K(667648K)->642349K(667648K)
[330.677s][info][gc,metaspace   ] GC(1176) Metaspace: 18889K(19072K)->18889K(19072K) NonClass: 16223K(16320K)->16223K(16320K) Class: 2666K(2752K)->2666K(2752K)
[330.677s][info][gc             ] GC(1176) Pause Young (Allocation Failure) 779M->666M(882M) 111.086ms
[330.677s][info][gc,cpu         ] GC(1176) User=0.20s Sys=0.02s Real=0.12s
[330.789s][info][gc,start       ] GC(1177) Pause Full (Allocation Failure)
[330.789s][info][gc,phases,start] GC(1177) Marking Phase
[331.258s][info][gc,phases      ] GC(1177) Marking Phase 469.459ms
[331.258s][info][gc,phases,start] GC(1177) Summary Phase
[331.258s][info][gc,phases      ] GC(1177) Summary Phase 0.027ms
[331.258s][info][gc,phases,start] GC(1177) Forward
[331.367s][info][gc,phases      ] GC(1177) Forward 108.132ms
[331.367s][info][gc,phases,start] GC(1177) Adjust Pointers
[331.718s][info][gc,phases      ] GC(1177) Adjust Pointers 351.865ms
[331.719s][info][gc,phases,start] GC(1177) Compaction Phase
[331.934s][info][gc,phases      ] GC(1177) Compaction Phase 215.672ms
[331.944s][info][gc,phases,start] GC(1177) Post Compact
[331.947s][info][gc,phases      ] GC(1177) Post Compact 2.353ms
[331.947s][info][gc,heap        ] GC(1177) PSYoungGen: 178176K(236032K)->0K(230912K) Eden: 138240K(138240K)->0K(143360K) From: 39936K(97792K)->0K(87552K)
[331.947s][info][gc,heap        ] GC(1177) ParOldGen: 642349K(667648K)->664754K(667648K)
[331.947s][info][gc,metaspace   ] GC(1177) Metaspace: 18889K(19072K)->18889K(19072K) NonClass: 16223K(16320K)->16223K(16320K) Class: 2666K(2752K)->2666K(2752K)
[331.947s][info][gc             ] GC(1177) Pause Full (Allocation Failure) 801M->649M(877M) 1158.278ms
[331.947s][info][gc,cpu         ] GC(1177) User=2.26s Sys=0.02s Real=1.15s
[332.100s][info][gc,start       ] GC(1178) Pause Full (Allocation Failure)
[332.100s][info][gc,phases,start] GC(1178) Marking Phase
[332.576s][info][gc,phases      ] GC(1178) Marking Phase 475.917ms
[332.576s][info][gc,phases,start] GC(1178) Summary Phase
[332.576s][info][gc,phases      ] GC(1178) Summary Phase 0.025ms
[332.576s][info][gc,phases,start] GC(1178) Forward
[332.580s][info][gc,phases      ] GC(1178) Forward 4.335ms
[332.580s][info][gc,phases,start] GC(1178) Adjust Pointers
[332.892s][info][gc,phases      ] GC(1178) Adjust Pointers 311.480ms
[332.892s][info][gc,phases,start] GC(1178) Compaction Phase
[333.032s][info][gc,phases      ] GC(1178) Compaction Phase 139.856ms
[333.032s][info][gc,phases,start] GC(1178) Post Compact
[333.034s][info][metaspace      ] ChkMgr @0x00007fed0803f180 (non-class-space): : reclaiming memory...
[333.034s][info][metaspace      ] ChkMgr @0x00007fed0803f180 (non-class-space): nothing reclaimed.
[333.034s][info][metaspace      ] ChkMgr @0x00007fed0803ef90 (class-space): : reclaiming memory...
[333.034s][info][metaspace      ] ChkMgr @0x00007fed0803ef90 (class-space): nothing reclaimed.
[333.034s][info][gc,phases      ] GC(1178) Post Compact 2.296ms
[333.034s][info][gc,heap        ] GC(1178) PSYoungGen: 143360K(230912K)->1928K(236032K) Eden: 143360K(143360K)->1928K(143360K) From: 0K(87552K)->0K(92672K)
[333.034s][info][gc,heap        ] GC(1178) ParOldGen: 664754K(667648K)->667610K(667648K)
[333.034s][info][gc,metaspace   ] GC(1178) Metaspace: 18889K(19072K)->18879K(19072K) NonClass: 16223K(16320K)->16213K(16320K) Class: 2666K(2752K)->2666K(2752K)
[333.034s][info][gc             ] GC(1178) Pause Full (Allocation Failure) 789M->653M(882M) 934.354ms
[333.034s][info][gc,cpu         ] GC(1178) User=1.82s Sys=0.00s Real=0.93s
[333.211s][info][gc,start       ] GC(1179) Pause Full (Allocation Failure)
[333.211s][info][gc,phases,start] GC(1179) Marking Phase
[333.586s][info][gc,phases      ] GC(1179) Marking Phase 374.775ms
[333.586s][info][gc,phases,start] GC(1179) Summary Phase
[333.586s][info][gc,phases      ] GC(1179) Summary Phase 0.028ms
[333.586s][info][gc,phases,start] GC(1179) Forward
[333.723s][info][gc,phases      ] GC(1179) Forward 136.814ms
[333.723s][info][gc,phases,start] GC(1179) Adjust Pointers
[334.001s][info][gc,phases      ] GC(1179) Adjust Pointers 277.787ms
[334.001s][info][gc,phases,start] GC(1179) Compaction Phase
[334.183s][info][gc,phases      ] GC(1179) Compaction Phase 182.473ms
[334.195s][info][gc,phases,start] GC(1179) Post Compact
[334.197s][info][metaspace      ] ChkMgr @0x00007fed0803f180 (non-class-space): : reclaiming memory...
[334.197s][info][metaspace      ] ChkMgr @0x00007fed0803f180 (non-class-space): nothing reclaimed.
[334.197s][info][metaspace      ] ChkMgr @0x00007fed0803ef90 (class-space): : reclaiming memory...
[334.197s][info][metaspace      ] ChkMgr @0x00007fed0803ef90 (class-space): nothing reclaimed.
[334.197s][info][gc,phases      ] GC(1179) Post Compact 2.399ms
[334.197s][info][gc,heap        ] GC(1179) PSYoungGen: 143360K(236032K)->0K(236032K) Eden: 143360K(143360K)->0K(148480K) From: 0K(92672K)->0K(87552K)
[334.197s][info][gc,heap        ] GC(1179) ParOldGen: 667610K(667648K)->523940K(667648K)
[334.197s][info][gc,metaspace   ] GC(1179) Metaspace: 18879K(19072K)->18867K(19072K) NonClass: 16213K(16320K)->16201K(16320K) Class: 2666K(2752K)->2666K(2752K)
[334.197s][info][gc             ] GC(1179) Pause Full (Allocation Failure) 791M->511M(882M) 986.179ms
[334.197s][info][gc,cpu         ] GC(1179) User=1.86s Sys=0.00s Real=0.98s
[334.408s][info][gc,start       ] GC(1180) Pause Young (Allocation Failure)
[334.437s][info][gc,heap        ] GC(1180) PSYoungGen: 148480K(236032K)->17552K(241152K) Eden: 148480K(148480K)->0K(148480K) From: 0K(87552K)->17552K(92672K)
[334.437s][info][gc,heap        ] GC(1180) ParOldGen: 523940K(667648K)->523940K(667648K)
[334.437s][info][gc,metaspace   ] GC(1180) Metaspace: 18867K(19072K)->18867K(19072K) NonClass: 16201K(16320K)->16201K(16320K) Class: 2666K(2752K)->2666K(2752K)
[334.437s][info][gc             ] GC(1180) Pause Young (Allocation Failure) 656M->528M(887M) 28.666ms
[334.437s][info][gc,cpu         ] GC(1180) User=0.06s Sys=0.00s Real=0.02s
[334.708s][info][gc,start       ] GC(1181) Pause Young (Allocation Failure)
[334.738s][info][gc,heap        ] GC(1181) PSYoungGen: 166032K(241152K)->30267K(231936K) Eden: 148480K(148480K)->0K(149504K) From: 17552K(92672K)->30267K(82432K)
[334.738s][info][gc,heap        ] GC(1181) ParOldGen: 523940K(667648K)->523940K(667648K)
[334.738s][info][gc,metaspace   ] GC(1181) Metaspace: 18869K(19072K)->18869K(19072K) NonClass: 16203K(16320K)->16203K(16320K) Class: 2666K(2752K)->2666K(2752K)
[334.738s][info][gc             ] GC(1181) Pause Young (Allocation Failure) 673M->541M(878M) 30.078ms
[334.738s][info][gc,cpu         ] GC(1181) User=0.06s Sys=0.00s Real=0.03s
[334.932s][info][gc,start       ] GC(1182) Pause Young (Allocation Failure)
[334.964s][info][gc,heap        ] GC(1182) PSYoungGen: 179771K(231936K)->33995K(237056K) Eden: 149504K(149504K)->0K(149504K) From: 30267K(82432K)->33995K(87552K)
[334.964s][info][gc,heap        ] GC(1182) ParOldGen: 523940K(667648K)->523940K(667648K)
[334.964s][info][gc,metaspace   ] GC(1182) Metaspace: 18873K(19072K)->18873K(19072K) NonClass: 16207K(16320K)->16207K(16320K) Class: 2666K(2752K)->2666K(2752K)
[334.964s][info][gc             ] GC(1182) Pause Young (Allocation Failure) 687M->544M(883M) 31.667ms
[334.964s][info][gc,cpu         ] GC(1182) User=0.07s Sys=0.00s Real=0.03s
[335.138s][info][gc,start       ] GC(1183) Pause Young (Allocation Failure)
[335.184s][info][gc,heap        ] GC(1183) PSYoungGen: 183499K(237056K)->49132K(240640K) Eden: 149504K(149504K)->0K(157184K) From: 33995K(87552K)->49132K(83456K)
[335.184s][info][gc,heap        ] GC(1183) ParOldGen: 523940K(667648K)->523940K(667648K)
[335.184s][info][gc,metaspace   ] GC(1183) Metaspace: 18873K(19072K)->18873K(19072K) NonClass: 16207K(16320K)->16207K(16320K) Class: 2666K(2752K)->2666K(2752K)
[335.184s][info][gc             ] GC(1183) Pause Young (Allocation Failure) 690M->559M(887M) 46.077ms
[335.184s][info][gc,cpu         ] GC(1183) User=0.09s Sys=0.00s Real=0.04s
[335.348s][info][gc,start       ] GC(1184) Pause Young (Allocation Failure)
[335.402s][info][gc,heap        ] GC(1184) PSYoungGen: 206316K(240640K)->58843K(240640K) Eden: 157184K(157184K)->0K(157184K) From: 49132K(83456K)->58843K(83456K)
[335.402s][info][gc,heap        ] GC(1184) ParOldGen: 523940K(667648K)->523940K(667648K)
[335.402s][info][gc,metaspace   ] GC(1184) Metaspace: 18873K(19072K)->18873K(19072K) NonClass: 16207K(16320K)->16207K(16320K) Class: 2666K(2752K)->2666K(2752K)
[335.402s][info][gc             ] GC(1184) Pause Young (Allocation Failure) 713M->569M(887M) 54.264ms
[335.402s][info][gc,cpu         ] GC(1184) User=0.10s Sys=0.00s Real=0.05s
[335.737s][info][gc,start       ] GC(1185) Pause Young (Allocation Failure)
[335.792s][info][gc,heap        ] GC(1185) PSYoungGen: 216027K(240640K)->60364K(241664K) Eden: 157184K(157184K)->0K(155648K) From: 58843K(83456K)->60364K(86016K)
[335.792s][info][gc,heap        ] GC(1185) ParOldGen: 523940K(667648K)->523940K(667648K)
[335.792s][info][gc,metaspace   ] GC(1185) Metaspace: 18873K(19072K)->18873K(19072K) NonClass: 16207K(16320K)->16207K(16320K) Class: 2666K(2752K)->2666K(2752K)
[335.792s][info][gc             ] GC(1185) Pause Young (Allocation Failure) 722M->570M(888M) 55.273ms
[335.792s][info][gc,cpu         ] GC(1185) User=0.11s Sys=0.00s Real=0.06s
[335.989s][info][gc,start       ] GC(1186) Pause Young (Allocation Failure)
[336.057s][info][gc,heap        ] GC(1186) PSYoungGen: 216012K(241664K)->74828K(230912K) Eden: 155648K(155648K)->0K(155648K) From: 60364K(86016K)->74828K(75264K)
[336.057s][info][gc,heap        ] GC(1186) ParOldGen: 523940K(667648K)->523940K(667648K)
[336.057s][info][gc,metaspace   ] GC(1186) Metaspace: 18873K(19072K)->18873K(19072K) NonClass: 16207K(16320K)->16207K(16320K) Class: 2666K(2752K)->2666K(2752K)
[336.057s][info][gc             ] GC(1186) Pause Young (Allocation Failure) 722M->584M(877M) 68.090ms
[336.057s][info][gc,cpu         ] GC(1186) User=0.13s Sys=0.00s Real=0.06s
[336.203s][info][gc,start       ] GC(1187) Pause Young (Allocation Failure)
[336.304s][info][gc,heap        ] GC(1187) PSYoungGen: 230476K(230912K)->96240K(207872K) Eden: 155648K(155648K)->0K(111616K) From: 74828K(75264K)->96240K(96256K)
[336.304s][info][gc,heap        ] GC(1187) ParOldGen: 523940K(667648K)->539807K(667648K)
[336.304s][info][gc,metaspace   ] GC(1187) Metaspace: 18873K(19072K)->18873K(19072K) NonClass: 16207K(16320K)->16207K(16320K) Class: 2666K(2752K)->2666K(2752K)
[336.304s][info][gc             ] GC(1187) Pause Young (Allocation Failure) 736M->621M(855M) 100.545ms
[336.304s][info][gc,cpu         ] GC(1187) User=0.20s Sys=0.00s Real=0.10s
[336.411s][info][gc,start       ] GC(1188) Pause Young (Allocation Failure)
[336.524s][info][gc,heap        ] GC(1188) PSYoungGen: 207856K(207872K)->110864K(222720K) Eden: 111616K(111616K)->0K(111616K) From: 96240K(96256K)->110864K(111104K)
[336.524s][info][gc,heap        ] GC(1188) ParOldGen: 539807K(667648K)->560992K(667648K)
[336.524s][info][gc,metaspace   ] GC(1188) Metaspace: 18873K(19072K)->18873K(19072K) NonClass: 16207K(16320K)->16207K(16320K) Class: 2666K(2752K)->2666K(2752K)
[336.524s][info][gc             ] GC(1188) Pause Young (Allocation Failure) 730M->656M(869M) 112.351ms
[336.524s][info][gc,cpu         ] GC(1188) User=0.22s Sys=0.00s Real=0.11s
[336.659s][info][gc,start       ] GC(1189) Pause Young (Allocation Failure)
[336.748s][info][gc,heap        ] GC(1189) PSYoungGen: 222480K(222720K)->86912K(222720K) Eden: 111616K(111616K)->0K(111616K) From: 110864K(111104K)->86912K(111104K)
[336.748s][info][gc,heap        ] GC(1189) ParOldGen: 560992K(667648K)->588072K(667648K)
[336.748s][info][gc,metaspace   ] GC(1189) Metaspace: 18873K(19072K)->18873K(19072K) NonClass: 16207K(16320K)->16207K(16320K) Class: 2666K(2752K)->2666K(2752K)
[336.748s][info][gc             ] GC(1189) Pause Young (Allocation Failure) 765M->659M(869M) 89.132ms
[336.748s][info][gc,cpu         ] GC(1189) User=0.18s Sys=0.00s Real=0.09s
[336.918s][info][gc,start       ] GC(1190) Pause Young (Allocation Failure)
[337.007s][info][gc,heap        ] GC(1190) PSYoungGen: 198528K(222720K)->87744K(222720K) Eden: 111616K(111616K)->0K(111616K) From: 86912K(111104K)->87744K(111104K)
[337.007s][info][gc,heap        ] GC(1190) ParOldGen: 588072K(667648K)->599248K(667648K)
[337.007s][info][gc,metaspace   ] GC(1190) Metaspace: 18873K(19072K)->18873K(19072K) NonClass: 16207K(16320K)->16207K(16320K) Class: 2666K(2752K)->2666K(2752K)
[337.007s][info][gc             ] GC(1190) Pause Young (Allocation Failure) 768M->670M(869M) 88.985ms
[337.007s][info][gc,cpu         ] GC(1190) User=0.17s Sys=0.00s Real=0.08s
[337.141s][info][gc,start       ] GC(1191) Pause Young (Allocation Failure)
[337.238s][info][gc,heap        ] GC(1191) PSYoungGen: 199360K(222720K)->81632K(222720K) Eden: 111616K(111616K)->0K(111616K) From: 87744K(111104K)->81632K(111104K)
[337.238s][info][gc,heap        ] GC(1191) ParOldGen: 599248K(667648K)->621712K(667648K)
[337.238s][info][gc,metaspace   ] GC(1191) Metaspace: 18873K(19072K)->18873K(19072K) NonClass: 16207K(16320K)->16207K(16320K) Class: 2666K(2752K)->2666K(2752K)
[337.238s][info][gc             ] GC(1191) Pause Young (Allocation Failure) 779M->686M(869M) 96.918ms
[337.238s][info][gc,cpu         ] GC(1191) User=0.19s Sys=0.00s Real=0.10s
[337.352s][info][gc,start       ] GC(1192) Pause Full (Allocation Failure)
[337.352s][info][gc,phases,start] GC(1192) Marking Phase
[337.711s][info][gc,phases      ] GC(1192) Marking Phase 358.105ms
[337.711s][info][gc,phases,start] GC(1192) Summary Phase
[337.711s][info][gc,phases      ] GC(1192) Summary Phase 0.026ms
[337.711s][info][gc,phases,start] GC(1192) Forward
[337.800s][info][gc,phases      ] GC(1192) Forward 89.352ms
[337.800s][info][gc,phases,start] GC(1192) Adjust Pointers
[338.062s][info][gc,phases      ] GC(1192) Adjust Pointers 261.723ms
[338.062s][info][gc,phases,start] GC(1192) Compaction Phase
[338.212s][info][gc,phases      ] GC(1192) Compaction Phase 150.114ms
[338.220s][info][gc,phases,start] GC(1192) Post Compact
[338.222s][info][gc,phases      ] GC(1192) Post Compact 2.360ms
[338.222s][info][gc,heap        ] GC(1192) PSYoungGen: 193248K(222720K)->0K(222720K) Eden: 111616K(111616K)->0K(111616K) From: 81632K(111104K)->0K(111104K)
[338.222s][info][gc,heap        ] GC(1192) ParOldGen: 621712K(667648K)->510725K(667648K)
[338.222s][info][gc,metaspace   ] GC(1192) Metaspace: 18873K(19072K)->18873K(19072K) NonClass: 16207K(16320K)->16207K(16320K) Class: 2666K(2752K)->2666K(2752K)
[338.222s][info][gc             ] GC(1192) Pause Full (Allocation Failure) 795M->498M(869M) 870.106ms
[338.222s][info][gc,cpu         ] GC(1192) User=1.66s Sys=0.00s Real=0.87s
[338.326s][info][gc,start       ] GC(1193) Pause Young (Allocation Failure)
[338.332s][info][gc,heap        ] GC(1193) PSYoungGen: 111616K(222720K)->672K(222720K) Eden: 111616K(111616K)->0K(111616K) From: 0K(111104K)->672K(111104K)
[338.332s][info][gc,heap        ] GC(1193) ParOldGen: 510725K(667648K)->510725K(667648K)
[338.332s][info][gc,metaspace   ] GC(1193) Metaspace: 18873K(19072K)->18873K(19072K) NonClass: 16207K(16320K)->16207K(16320K) Class: 2666K(2752K)->2666K(2752K)
[338.332s][info][gc             ] GC(1193) Pause Young (Allocation Failure) 607M->499M(869M) 5.812ms
[338.332s][info][gc,cpu         ] GC(1193) User=0.01s Sys=0.00s Real=0.01s
[338.456s][info][gc,start       ] GC(1194) Pause Young (Allocation Failure)
[338.467s][info][gc,heap        ] GC(1194) PSYoungGen: 112288K(222720K)->4768K(222720K) Eden: 111616K(111616K)->0K(111616K) From: 672K(111104K)->4768K(111104K)
[338.467s][info][gc,heap        ] GC(1194) ParOldGen: 510725K(667648K)->510725K(667648K)
[338.467s][info][gc,metaspace   ] GC(1194) Metaspace: 18873K(19072K)->18873K(19072K) NonClass: 16207K(16320K)->16207K(16320K) Class: 2666K(2752K)->2666K(2752K)
[338.467s][info][gc             ] GC(1194) Pause Young (Allocation Failure) 608M->503M(869M) 11.579ms
[338.467s][info][gc,cpu         ] GC(1194) User=0.02s Sys=0.00s Real=0.02s
[338.591s][info][gc,start       ] GC(1195) Pause Young (Allocation Failure)
[338.599s][info][gc,heap        ] GC(1195) PSYoungGen: 116384K(222720K)->64K(222720K) Eden: 111616K(111616K)->0K(111616K) From: 4768K(111104K)->64K(111104K)
[338.599s][info][gc,heap        ] GC(1195) ParOldGen: 510725K(667648K)->515469K(667648K)
[338.599s][info][gc,metaspace   ] GC(1195) Metaspace: 18873K(19072K)->18873K(19072K) NonClass: 16207K(16320K)->16207K(16320K) Class: 2666K(2752K)->2666K(2752K)
[338.599s][info][gc             ] GC(1195) Pause Young (Allocation Failure) 612M->503M(869M) 7.368ms
[338.599s][info][gc,cpu         ] GC(1195) User=0.02s Sys=0.00s Real=0.01s
[338.787s][info][gc,start       ] GC(1196) Pause Young (Allocation Failure)
[338.812s][info][gc,heap        ] GC(1196) PSYoungGen: 111680K(222720K)->15008K(222720K) Eden: 111616K(111616K)->0K(111616K) From: 64K(111104K)->15008K(111104K)
[338.812s][info][gc,heap        ] GC(1196) ParOldGen: 515469K(667648K)->515493K(667648K)
[338.812s][info][gc,metaspace   ] GC(1196) Metaspace: 18873K(19072K)->18873K(19072K) NonClass: 16207K(16320K)->16207K(16320K) Class: 2666K(2752K)->2666K(2752K)
[338.812s][info][gc             ] GC(1196) Pause Young (Allocation Failure) 612M->518M(869M) 25.283ms
[338.812s][info][gc,cpu         ] GC(1196) User=0.05s Sys=0.00s Real=0.03s
[338.983s][info][gc,start       ] GC(1197) Pause Young (Allocation Failure)
[339.012s][info][gc,heap        ] GC(1197) PSYoungGen: 126624K(222720K)->12000K(222720K) Eden: 111616K(111616K)->0K(111616K) From: 15008K(111104K)->12000K(111104K)
[339.012s][info][gc,heap        ] GC(1197) ParOldGen: 515493K(667648K)->530494K(667648K)
[339.012s][info][gc,metaspace   ] GC(1197) Metaspace: 18873K(19072K)->18873K(19072K) NonClass: 16207K(16320K)->16207K(16320K) Class: 2666K(2752K)->2666K(2752K)
[339.012s][info][gc             ] GC(1197) Pause Young (Allocation Failure) 627M->529M(869M) 29.434ms
[339.012s][info][gc,cpu         ] GC(1197) User=0.06s Sys=0.00s Real=0.03s
[339.208s][info][gc,start       ] GC(1198) Pause Young (Allocation Failure)
[339.242s][info][gc,heap        ] GC(1198) PSYoungGen: 123616K(222720K)->29472K(222720K) Eden: 111616K(111616K)->0K(111616K) From: 12000K(111104K)->29472K(111104K)
[339.242s][info][gc,heap        ] GC(1198) ParOldGen: 530494K(667648K)->542478K(667648K)
[339.242s][info][gc,metaspace   ] GC(1198) Metaspace: 18873K(19072K)->18873K(19072K) NonClass: 16207K(16320K)->16207K(16320K) Class: 2666K(2752K)->2666K(2752K)
[339.242s][info][gc             ] GC(1198) Pause Young (Allocation Failure) 638M->558M(869M) 33.923ms
[339.242s][info][gc,cpu         ] GC(1198) User=0.06s Sys=0.00s Real=0.03s
[339.362s][info][gc,start       ] GC(1199) Pause Young (Allocation Failure)
[339.391s][info][gc,heap        ] GC(1199) PSYoungGen: 141088K(222720K)->12000K(222720K) Eden: 111616K(111616K)->0K(111616K) From: 29472K(111104K)->12000K(111104K)
[339.391s][info][gc,heap        ] GC(1199) ParOldGen: 542478K(667648K)->572259K(667648K)
[339.391s][info][gc,metaspace   ] GC(1199) Metaspace: 18873K(19072K)->18873K(19072K) NonClass: 16207K(16320K)->16207K(16320K) Class: 2666K(2752K)->2666K(2752K)
[339.391s][info][gc             ] GC(1199) Pause Young (Allocation Failure) 667M->570M(869M) 28.991ms
[339.391s][info][gc,cpu         ] GC(1199) User=0.06s Sys=0.00s Real=0.03s
[339.560s][info][gc,start       ] GC(1200) Pause Young (Allocation Failure)
[339.587s][info][gc,heap        ] GC(1200) PSYoungGen: 123616K(222720K)->10048K(222720K) Eden: 111616K(111616K)->0K(111616K) From: 12000K(111104K)->10048K(111104K)
[339.587s][info][gc,heap        ] GC(1200) ParOldGen: 572259K(667648K)->584115K(667648K)
[339.587s][info][gc,metaspace   ] GC(1200) Metaspace: 18873K(19072K)->18873K(19072K) NonClass: 16207K(16320K)->16207K(16320K) Class: 2666K(2752K)->2666K(2752K)
[339.587s][info][gc             ] GC(1200) Pause Young (Allocation Failure) 679M->580M(869M) 27.326ms
[339.587s][info][gc,cpu         ] GC(1200) User=0.06s Sys=0.00s Real=0.02s
[339.773s][info][gc,start       ] GC(1201) Pause Young (Allocation Failure)
[339.792s][info][gc,heap        ] GC(1201) PSYoungGen: 121664K(222720K)->3424K(222720K) Eden: 111616K(111616K)->0K(111616K) From: 10048K(111104K)->3424K(111104K)
[339.792s][info][gc,heap        ] GC(1201) ParOldGen: 584115K(667648K)->594147K(667648K)
[339.792s][info][gc,metaspace   ] GC(1201) Metaspace: 18873K(19072K)->18873K(19072K) NonClass: 16207K(16320K)->16207K(16320K) Class: 2666K(2752K)->2666K(2752K)
[339.792s][info][gc             ] GC(1201) Pause Young (Allocation Failure) 689M->583M(869M) 19.123ms
[339.792s][info][gc,cpu         ] GC(1201) User=0.04s Sys=0.00s Real=0.02s
[339.917s][info][gc,start       ] GC(1202) Pause Young (Allocation Failure)
[339.943s][info][gc,heap        ] GC(1202) PSYoungGen: 115040K(222720K)->17376K(129024K) Eden: 111616K(111616K)->0K(111616K) From: 3424K(111104K)->17376K(17408K)
[339.943s][info][gc,heap        ] GC(1202) ParOldGen: 594147K(667648K)->597563K(667648K)
[339.943s][info][gc,metaspace   ] GC(1202) Metaspace: 18873K(19072K)->18873K(19072K) NonClass: 16207K(16320K)->16207K(16320K) Class: 2666K(2752K)->2666K(2752K)
[339.943s][info][gc             ] GC(1202) Pause Young (Allocation Failure) 692M->600M(778M) 26.399ms
[339.943s][info][gc,cpu         ] GC(1202) User=0.05s Sys=0.00s Real=0.03s
[340.043s][info][gc,start       ] GC(1203) Pause Young (Allocation Failure)
[340.062s][info][gc,heap        ] GC(1203) PSYoungGen: 128992K(129024K)->18336K(222208K) Eden: 111616K(111616K)->0K(117760K) From: 17376K(17408K)->18336K(104448K)
[340.063s][info][gc,heap        ] GC(1203) ParOldGen: 597563K(667648K)->597563K(667648K)
[340.063s][info][gc,metaspace   ] GC(1203) Metaspace: 18873K(19072K)->18873K(19072K) NonClass: 16207K(16320K)->16207K(16320K) Class: 2666K(2752K)->2666K(2752K)
[340.063s][info][gc             ] GC(1203) Pause Young (Allocation Failure) 709M->601M(869M) 19.458ms
[340.063s][info][gc,cpu         ] GC(1203) User=0.03s Sys=0.00s Real=0.02s
[340.193s][info][gc,start       ] GC(1204) Pause Young (Allocation Failure)
[340.218s][info][gc,heap        ] GC(1204) PSYoungGen: 136096K(222208K)->25440K(222208K) Eden: 117760K(117760K)->0K(117760K) From: 18336K(104448K)->25440K(104448K)
[340.218s][info][gc,heap        ] GC(1204) ParOldGen: 597563K(667648K)->597563K(667648K)
[340.218s][info][gc,metaspace   ] GC(1204) Metaspace: 18873K(19072K)->18873K(19072K) NonClass: 16207K(16320K)->16207K(16320K) Class: 2666K(2752K)->2666K(2752K)
[340.218s][info][gc             ] GC(1204) Pause Young (Allocation Failure) 716M->608M(869M) 25.481ms
[340.218s][info][gc,cpu         ] GC(1204) User=0.05s Sys=0.00s Real=0.03s
[340.456s][info][gc,start       ] GC(1205) Pause Young (Allocation Failure)
[340.491s][info][gc,heap        ] GC(1205) PSYoungGen: 143200K(222208K)->34784K(212992K) Eden: 117760K(117760K)->0K(124416K) From: 25440K(104448K)->34784K(88576K)
[340.491s][info][gc,heap        ] GC(1205) ParOldGen: 597563K(667648K)->597563K(667648K)
[340.491s][info][gc,metaspace   ] GC(1205) Metaspace: 18873K(19072K)->18873K(19072K) NonClass: 16207K(16320K)->16207K(16320K) Class: 2666K(2752K)->2666K(2752K)
[340.491s][info][gc             ] GC(1205) Pause Young (Allocation Failure) 723M->617M(860M) 35.232ms
[340.491s][info][gc,cpu         ] GC(1205) User=0.07s Sys=0.00s Real=0.04s
[340.746s][info][gc,start       ] GC(1206) Pause Young (Allocation Failure)
[340.779s][info][gc,heap        ] GC(1206) PSYoungGen: 159200K(212992K)->34816K(217600K) Eden: 124416K(124416K)->0K(124416K) From: 34784K(88576K)->34816K(93184K)
[340.779s][info][gc,heap        ] GC(1206) ParOldGen: 597563K(667648K)->597563K(667648K)
[340.779s][info][gc,metaspace   ] GC(1206) Metaspace: 18873K(19072K)->18873K(19072K) NonClass: 16207K(16320K)->16207K(16320K) Class: 2666K(2752K)->2666K(2752K)
[340.779s][info][gc             ] GC(1206) Pause Young (Allocation Failure) 739M->617M(864M) 33.462ms
[340.779s][info][gc,cpu         ] GC(1206) User=0.06s Sys=0.00s Real=0.04s
[341.024s][info][gc,start       ] GC(1207) Pause Young (Allocation Failure)
[341.064s][info][gc,heap        ] GC(1207) PSYoungGen: 159232K(217600K)->34784K(211456K) Eden: 124416K(124416K)->0K(131072K) From: 34816K(93184K)->34784K(80384K)
[341.064s][info][gc,heap        ] GC(1207) ParOldGen: 597563K(667648K)->597563K(667648K)
[341.064s][info][gc,metaspace   ] GC(1207) Metaspace: 18873K(19072K)->18873K(19072K) NonClass: 16207K(16320K)->16207K(16320K) Class: 2666K(2752K)->2666K(2752K)
[341.064s][info][gc             ] GC(1207) Pause Young (Allocation Failure) 739M->617M(858M) 39.623ms
[341.064s][info][gc,cpu         ] GC(1207) User=0.08s Sys=0.00s Real=0.04s
[341.319s][info][gc,start       ] GC(1208) Pause Young (Allocation Failure)
[341.357s][info][gc,heap        ] GC(1208) PSYoungGen: 165856K(211456K)->35136K(215552K) Eden: 131072K(131072K)->0K(131072K) From: 34784K(80384K)->35136K(84480K)
[341.357s][info][gc,heap        ] GC(1208) ParOldGen: 597563K(667648K)->597563K(667648K)
[341.357s][info][gc,metaspace   ] GC(1208) Metaspace: 18873K(19072K)->18873K(19072K) NonClass: 16207K(16320K)->16207K(16320K) Class: 2666K(2752K)->2666K(2752K)
[341.357s][info][gc             ] GC(1208) Pause Young (Allocation Failure) 745M->617M(862M) 38.135ms
[341.357s][info][gc,cpu         ] GC(1208) User=0.08s Sys=0.00s Real=0.03s
[341.459s][info][gc,start       ] GC(1209) Pause Young (Allocation Failure)
[341.520s][info][gc,heap        ] GC(1209) PSYoungGen: 166208K(215552K)->75248K(206848K) Eden: 131072K(131072K)->0K(125952K) From: 35136K(84480K)->75248K(80896K)
[341.520s][info][gc,heap        ] GC(1209) ParOldGen: 597563K(667648K)->597563K(667648K)
[341.520s][info][gc,metaspace   ] GC(1209) Metaspace: 18873K(19072K)->18873K(19072K) NonClass: 16207K(16320K)->16207K(16320K) Class: 2666K(2752K)->2666K(2752K)
[341.520s][info][gc             ] GC(1209) Pause Young (Allocation Failure) 745M->657M(854M) 60.781ms
[341.520s][info][gc,cpu         ] GC(1209) User=0.12s Sys=0.00s Real=0.06s
[341.683s][info][gc,start       ] GC(1210) Pause Young (Allocation Failure)
[341.762s][info][gc,heap        ] GC(1210) PSYoungGen: 201200K(206848K)->92656K(218624K) Eden: 125952K(125952K)->0K(125952K) From: 75248K(80896K)->92656K(92672K)
[341.762s][info][gc,heap        ] GC(1210) ParOldGen: 597563K(667648K)->609123K(667648K)
[341.762s][info][gc,metaspace   ] GC(1210) Metaspace: 18873K(19072K)->18873K(19072K) NonClass: 16207K(16320K)->16207K(16320K) Class: 2666K(2752K)->2666K(2752K)
[341.762s][info][gc             ] GC(1210) Pause Young (Allocation Failure) 780M->685M(865M) 79.412ms
[341.763s][info][gc,cpu         ] GC(1210) User=0.16s Sys=0.00s Real=0.08s
[341.884s][info][gc,start       ] GC(1211) Pause Young (Allocation Failure)
[341.966s][info][gc,heap        ] GC(1211) PSYoungGen: 218608K(218624K)->76896K(222720K) Eden: 125952K(125952K)->0K(111616K) From: 92656K(92672K)->76896K(111104K)
[341.966s][info][gc,heap        ] GC(1211) ParOldGen: 609123K(667648K)->627475K(667648K)
[341.966s][info][gc,metaspace   ] GC(1211) Metaspace: 18873K(19072K)->18873K(19072K) NonClass: 16207K(16320K)->16207K(16320K) Class: 2666K(2752K)->2666K(2752K)
[341.966s][info][gc             ] GC(1211) Pause Young (Allocation Failure) 808M->687M(869M) 81.680ms
[341.966s][info][gc,cpu         ] GC(1211) User=0.16s Sys=0.00s Real=0.08s
[342.147s][info][gc,start       ] GC(1212) Pause Young (Allocation Failure)
[342.231s][info][gc,heap        ] GC(1212) PSYoungGen: 188512K(222720K)->77152K(222720K) Eden: 111616K(111616K)->0K(111616K) From: 76896K(111104K)->77152K(111104K)
[342.231s][info][gc,heap        ] GC(1212) ParOldGen: 627475K(667648K)->643958K(667648K)
[342.231s][info][gc,metaspace   ] GC(1212) Metaspace: 18874K(19072K)->18874K(19072K) NonClass: 16208K(16320K)->16208K(16320K) Class: 2666K(2752K)->2666K(2752K)
[342.231s][info][gc             ] GC(1212) Pause Young (Allocation Failure) 796M->704M(869M) 84.014ms
[342.232s][info][gc,cpu         ] GC(1212) User=0.17s Sys=0.00s Real=0.08s
[342.404s][info][gc,start       ] GC(1213) Pause Full (Allocation Failure)
[342.404s][info][gc,phases,start] GC(1213) Marking Phase
[342.670s][info][gc,phases      ] GC(1213) Marking Phase 266.854ms
[342.670s][info][gc,phases,start] GC(1213) Summary Phase
[342.670s][info][gc,phases      ] GC(1213) Summary Phase 0.026ms
[342.670s][info][gc,phases,start] GC(1213) Forward
[342.802s][info][gc,phases      ] GC(1213) Forward 131.086ms
[342.802s][info][gc,phases,start] GC(1213) Adjust Pointers
[343.011s][info][gc,phases      ] GC(1213) Adjust Pointers 209.332ms
[343.011s][info][gc,phases,start] GC(1213) Compaction Phase
[343.128s][info][gc,phases      ] GC(1213) Compaction Phase 117.046ms
[343.140s][info][gc,phases,start] GC(1213) Post Compact
[343.142s][info][gc,phases      ] GC(1213) Post Compact 2.371ms
[343.142s][info][gc,heap        ] GC(1213) PSYoungGen: 188768K(222720K)->0K(222720K) Eden: 111616K(111616K)->0K(111616K) From: 77152K(111104K)->0K(111104K)
[343.142s][info][gc,heap        ] GC(1213) ParOldGen: 643958K(667648K)->397331K(667648K)
[343.143s][info][gc,metaspace   ] GC(1213) Metaspace: 18874K(19072K)->18874K(19072K) NonClass: 16208K(16320K)->16208K(16320K) Class: 2666K(2752K)->2666K(2752K)
[343.143s][info][gc             ] GC(1213) Pause Full (Allocation Failure) 813M->388M(869M) 739.038ms
[343.143s][info][gc,cpu         ] GC(1213) User=1.32s Sys=0.00s Real=0.74s
[343.202s][info][gc,start       ] GC(1214) Pause Young (Allocation Failure)
[343.228s][info][gc,heap        ] GC(1214) PSYoungGen: 111616K(222720K)->36320K(222720K) Eden: 111616K(111616K)->0K(111616K) From: 0K(111104K)->36320K(111104K)
[343.228s][info][gc,heap        ] GC(1214) ParOldGen: 397331K(667648K)->397331K(667648K)
[343.228s][info][gc,metaspace   ] GC(1214) Metaspace: 18874K(19072K)->18874K(19072K) NonClass: 16208K(16320K)->16208K(16320K) Class: 2666K(2752K)->2666K(2752K)
[343.228s][info][gc             ] GC(1214) Pause Young (Allocation Failure) 497M->423M(869M) 25.936ms
[343.228s][info][gc,cpu         ] GC(1214) User=0.05s Sys=0.00s Real=0.03s
[343.332s][info][gc,start       ] GC(1215) Pause Young (Allocation Failure)
[343.372s][info][gc,heap        ] GC(1215) PSYoungGen: 147936K(222720K)->65408K(222720K) Eden: 111616K(111616K)->0K(111616K) From: 36320K(111104K)->65408K(111104K)
[343.372s][info][gc,heap        ] GC(1215) ParOldGen: 397331K(667648K)->397331K(667648K)
[343.372s][info][gc,metaspace   ] GC(1215) Metaspace: 18874K(19072K)->18874K(19072K) NonClass: 16208K(16320K)->16208K(16320K) Class: 2666K(2752K)->2666K(2752K)
[343.372s][info][gc             ] GC(1215) Pause Young (Allocation Failure) 532M->451M(869M) 39.587ms
[343.372s][info][gc,cpu         ] GC(1215) User=0.07s Sys=0.00s Real=0.04s
[343.477s][info][gc,start       ] GC(1216) Pause Young (Allocation Failure)
[343.516s][info][gc,heap        ] GC(1216) PSYoungGen: 177024K(222720K)->67552K(222720K) Eden: 111616K(111616K)->0K(111616K) From: 65408K(111104K)->67552K(111104K)
[343.517s][info][gc,heap        ] GC(1216) ParOldGen: 397331K(667648K)->397331K(667648K)
[343.517s][info][gc,metaspace   ] GC(1216) Metaspace: 18874K(19072K)->18874K(19072K) NonClass: 16208K(16320K)->16208K(16320K) Class: 2666K(2752K)->2666K(2752K)
[343.517s][info][gc             ] GC(1216) Pause Young (Allocation Failure) 560M->453M(869M) 39.425ms
[343.517s][info][gc,cpu         ] GC(1216) User=0.08s Sys=0.00s Real=0.04s
[343.648s][info][gc,start       ] GC(1217) Pause Young (Allocation Failure)
[343.706s][info][gc,heap        ] GC(1217) PSYoungGen: 179168K(222720K)->40768K(222720K) Eden: 111616K(111616K)->0K(111616K) From: 67552K(111104K)->40768K(111104K)
[343.706s][info][gc,heap        ] GC(1217) ParOldGen: 397331K(667648K)->434035K(667648K)
[343.706s][info][gc,metaspace   ] GC(1217) Metaspace: 18874K(19072K)->18874K(19072K) NonClass: 16208K(16320K)->16208K(16320K) Class: 2666K(2752K)->2666K(2752K)
[343.706s][info][gc             ] GC(1217) Pause Young (Allocation Failure) 562M->463M(869M) 58.507ms
[343.706s][info][gc,cpu         ] GC(1217) User=0.12s Sys=0.00s Real=0.05s
[343.848s][info][gc,start       ] GC(1218) Pause Young (Allocation Failure)
[343.898s][info][gc,heap        ] GC(1218) PSYoungGen: 152384K(222720K)->17792K(222720K) Eden: 111616K(111616K)->0K(111616K) From: 40768K(111104K)->17792K(111104K)
[343.898s][info][gc,heap        ] GC(1218) ParOldGen: 434035K(667648K)->465626K(667648K)
[343.898s][info][gc,metaspace   ] GC(1218) Metaspace: 18874K(19072K)->18874K(19072K) NonClass: 16208K(16320K)->16208K(16320K) Class: 2666K(2752K)->2666K(2752K)
[343.898s][info][gc             ] GC(1218) Pause Young (Allocation Failure) 572M->472M(869M) 50.319ms
[343.898s][info][gc,cpu         ] GC(1218) User=0.10s Sys=0.00s Real=0.05s
[344.046s][info][gc,start       ] GC(1219) Pause Young (Allocation Failure)
[344.074s][info][gc,heap        ] GC(1219) PSYoungGen: 129408K(222720K)->64K(222720K) Eden: 111616K(111616K)->0K(111616K) From: 17792K(111104K)->64K(111104K)
[344.075s][info][gc,heap        ] GC(1219) ParOldGen: 465626K(667648K)->483434K(667648K)
[344.075s][info][gc,metaspace   ] GC(1219) Metaspace: 18874K(19072K)->18874K(19072K) NonClass: 16208K(16320K)->16208K(16320K) Class: 2666K(2752K)->2666K(2752K)
[344.075s][info][gc             ] GC(1219) Pause Young (Allocation Failure) 581M->472M(869M) 28.503ms
[344.075s][info][gc,cpu         ] GC(1219) User=0.06s Sys=0.00s Real=0.03s
[344.221s][info][gc,start       ] GC(1220) Pause Young (Allocation Failure)
[344.222s][info][gc,heap        ] GC(1220) PSYoungGen: 111680K(222720K)->64K(222720K) Eden: 111616K(111616K)->0K(111616K) From: 64K(111104K)->64K(111104K)
[344.222s][info][gc,heap        ] GC(1220) ParOldGen: 483434K(667648K)->483434K(667648K)
[344.222s][info][gc,metaspace   ] GC(1220) Metaspace: 18874K(19072K)->18874K(19072K) NonClass: 16208K(16320K)->16208K(16320K) Class: 2666K(2752K)->2666K(2752K)
[344.222s][info][gc             ] GC(1220) Pause Young (Allocation Failure) 581M->472M(869M) 1.604ms
[344.222s][info][gc,cpu         ] GC(1220) User=0.00s Sys=0.00s Real=0.00s
[344.365s][info][gc,start       ] GC(1221) Pause Young (Allocation Failure)
[344.367s][info][gc,heap        ] GC(1221) PSYoungGen: 111680K(222720K)->64K(222720K) Eden: 111616K(111616K)->0K(111616K) From: 64K(111104K)->64K(111104K)
[344.367s][info][gc,heap        ] GC(1221) ParOldGen: 483434K(667648K)->483434K(667648K)
[344.367s][info][gc,metaspace   ] GC(1221) Metaspace: 18874K(19072K)->18874K(19072K) NonClass: 16208K(16320K)->16208K(16320K) Class: 2666K(2752K)->2666K(2752K)
[344.367s][info][gc             ] GC(1221) Pause Young (Allocation Failure) 581M->472M(869M) 1.568ms
[344.367s][info][gc,cpu         ] GC(1221) User=0.01s Sys=0.00s Real=0.00s
[344.515s][info][gc,start       ] GC(1222) Pause Young (Allocation Failure)
[344.517s][info][gc,heap        ] GC(1222) PSYoungGen: 111680K(222720K)->64K(112128K) Eden: 111616K(111616K)->0K(111616K) From: 64K(111104K)->64K(512K)
[344.517s][info][gc,heap        ] GC(1222) ParOldGen: 483434K(667648K)->483434K(667648K)
[344.517s][info][gc,metaspace   ] GC(1222) Metaspace: 18874K(19072K)->18874K(19072K) NonClass: 16208K(16320K)->16208K(16320K) Class: 2666K(2752K)->2666K(2752K)
[344.517s][info][gc             ] GC(1222) Pause Young (Allocation Failure) 581M->472M(761M) 1.730ms
[344.517s][info][gc,cpu         ] GC(1222) User=0.00s Sys=0.00s Real=0.00s
[344.660s][info][gc,start       ] GC(1223) Pause Young (Allocation Failure)
[344.662s][info][gc,heap        ] GC(1223) PSYoungGen: 111680K(112128K)->64K(223744K) Eden: 111616K(111616K)->0K(114176K) From: 64K(512K)->64K(109568K)
[344.662s][info][gc,heap        ] GC(1223) ParOldGen: 483434K(667648K)->483434K(667648K)
[344.662s][info][gc,metaspace   ] GC(1223) Metaspace: 18874K(19072K)->18874K(19072K) NonClass: 16208K(16320K)->16208K(16320K) Class: 2666K(2752K)->2666K(2752K)
[344.662s][info][gc             ] GC(1223) Pause Young (Allocation Failure) 581M->472M(870M) 1.581ms
[344.662s][info][gc,cpu         ] GC(1223) User=0.00s Sys=0.00s Real=0.00s
[344.808s][info][gc,start       ] GC(1224) Pause Young (Allocation Failure)
[344.810s][info][gc,heap        ] GC(1224) PSYoungGen: 114240K(223744K)->64K(114688K) Eden: 114176K(114176K)->0K(114176K) From: 64K(109568K)->64K(512K)
[344.810s][info][gc,heap        ] GC(1224) ParOldGen: 483434K(667648K)->483434K(667648K)
[344.810s][info][gc,metaspace   ] GC(1224) Metaspace: 18874K(19072K)->18874K(19072K) NonClass: 16208K(16320K)->16208K(16320K) Class: 2666K(2752K)->2666K(2752K)
[344.810s][info][gc             ] GC(1224) Pause Young (Allocation Failure) 583M->472M(764M) 1.628ms
[344.810s][info][gc,cpu         ] GC(1224) User=0.00s Sys=0.00s Real=0.00s
[344.942s][info][gc,start       ] GC(1225) Pause Young (Allocation Failure)
[344.954s][info][gc,heap        ] GC(1225) PSYoungGen: 114240K(114688K)->9056K(212992K) Eden: 114176K(114176K)->0K(118272K) From: 64K(512K)->9056K(94720K)
[344.954s][info][gc,heap        ] GC(1225) ParOldGen: 483434K(667648K)->483434K(667648K)
[344.954s][info][gc,metaspace   ] GC(1225) Metaspace: 18874K(19072K)->18874K(19072K) NonClass: 16208K(16320K)->16208K(16320K) Class: 2666K(2752K)->2666K(2752K)
[344.954s][info][gc             ] GC(1225) Pause Young (Allocation Failure) 583M->480M(860M) 11.252ms
[344.954s][info][gc,cpu         ] GC(1225) User=0.02s Sys=0.00s Real=0.01s
[345.073s][info][gc,start       ] GC(1226) Pause Young (Allocation Failure)
[345.097s][info][gc,heap        ] GC(1226) PSYoungGen: 127328K(212992K)->22048K(140800K) Eden: 118272K(118272K)->0K(118272K) From: 9056K(94720K)->22048K(22528K)
[345.097s][info][gc,heap        ] GC(1226) ParOldGen: 483434K(667648K)->483434K(667648K)
[345.097s][info][gc,metaspace   ] GC(1226) Metaspace: 18874K(19072K)->18874K(19072K) NonClass: 16208K(16320K)->16208K(16320K) Class: 2666K(2752K)->2666K(2752K)
[345.097s][info][gc             ] GC(1226) Pause Young (Allocation Failure) 596M->493M(789M) 23.546ms
[345.097s][info][gc,cpu         ] GC(1226) User=0.05s Sys=0.00s Real=0.02s
[345.200s][info][gc,start       ] GC(1227) Pause Young (Allocation Failure)
[345.235s][info][gc,heap        ] GC(1227) PSYoungGen: 140320K(140800K)->35040K(212992K) Eden: 118272K(118272K)->0K(124928K) From: 22048K(22528K)->35040K(88064K)
[345.235s][info][gc,heap        ] GC(1227) ParOldGen: 483434K(667648K)->483434K(667648K)
[345.235s][info][gc,metaspace   ] GC(1227) Metaspace: 18874K(19072K)->18874K(19072K) NonClass: 16208K(16320K)->16208K(16320K) Class: 2666K(2752K)->2666K(2752K)
[345.235s][info][gc             ] GC(1227) Pause Young (Allocation Failure) 609M->506M(860M) 34.822ms
[345.235s][info][gc,cpu         ] GC(1227) User=0.07s Sys=0.00s Real=0.03s
[345.329s][info][gc,start       ] GC(1228) Pause Young (Allocation Failure)
[345.364s][info][gc,heap        ] GC(1228) PSYoungGen: 159968K(212992K)->36416K(214016K) Eden: 124928K(124928K)->0K(124928K) From: 35040K(88064K)->36416K(89088K)
[345.364s][info][gc,heap        ] GC(1228) ParOldGen: 483434K(667648K)->483434K(667648K)
[345.364s][info][gc,metaspace   ] GC(1228) Metaspace: 18874K(19072K)->18874K(19072K) NonClass: 16208K(16320K)->16208K(16320K) Class: 2666K(2752K)->2666K(2752K)
[345.364s][info][gc             ] GC(1228) Pause Young (Allocation Failure) 628M->507M(861M) 35.483ms
[345.364s][info][gc,cpu         ] GC(1228) User=0.07s Sys=0.00s Real=0.03s
[345.477s][info][gc,start       ] GC(1229) Pause Young (Allocation Failure)
[345.514s][info][gc,heap        ] GC(1229) PSYoungGen: 161344K(214016K)->38880K(220160K) Eden: 124928K(124928K)->0K(134144K) From: 36416K(89088K)->38880K(86016K)
[345.514s][info][gc,heap        ] GC(1229) ParOldGen: 483434K(667648K)->483434K(667648K)
[345.515s][info][gc,metaspace   ] GC(1229) Metaspace: 18874K(19072K)->18874K(19072K) NonClass: 16208K(16320K)->16208K(16320K) Class: 2666K(2752K)->2666K(2752K)
[345.515s][info][gc             ] GC(1229) Pause Young (Allocation Failure) 629M->510M(867M) 37.945ms
[345.515s][info][gc,cpu         ] GC(1229) User=0.08s Sys=0.00s Real=0.04s
[345.637s][info][gc,start       ] GC(1230) Pause Young (Allocation Failure)
[345.675s][info][gc,heap        ] GC(1230) PSYoungGen: 173024K(220160K)->39904K(220160K) Eden: 134144K(134144K)->0K(134144K) From: 38880K(86016K)->39904K(86016K)
[345.675s][info][gc,heap        ] GC(1230) ParOldGen: 483434K(667648K)->483434K(667648K)
[345.675s][info][gc,metaspace   ] GC(1230) Metaspace: 18874K(19072K)->18874K(19072K) NonClass: 16208K(16320K)->16208K(16320K) Class: 2666K(2752K)->2666K(2752K)
[345.675s][info][gc             ] GC(1230) Pause Young (Allocation Failure) 641M->511M(867M) 38.454ms
[345.675s][info][gc,cpu         ] GC(1230) User=0.08s Sys=0.00s Real=0.04s
[345.796s][info][gc,start       ] GC(1231) Pause Young (Allocation Failure)
[345.841s][info][gc,heap        ] GC(1231) PSYoungGen: 174048K(220160K)->48160K(227840K) Eden: 134144K(134144K)->0K(142848K) From: 39904K(86016K)->48160K(84992K)
[345.841s][info][gc,heap        ] GC(1231) ParOldGen: 483434K(667648K)->483434K(667648K)
[345.841s][info][gc,metaspace   ] GC(1231) Metaspace: 18874K(19072K)->18874K(19072K) NonClass: 16208K(16320K)->16208K(16320K) Class: 2666K(2752K)->2666K(2752K)
[345.841s][info][gc             ] GC(1231) Pause Young (Allocation Failure) 642M->519M(874M) 45.594ms
[345.841s][info][gc,cpu         ] GC(1231) User=0.09s Sys=0.00s Real=0.05s
[345.958s][info][gc,start       ] GC(1232) Pause Young (Allocation Failure)
[346.038s][info][gc,heap        ] GC(1232) PSYoungGen: 191008K(227840K)->84352K(229376K) Eden: 142848K(142848K)->0K(142848K) From: 48160K(84992K)->84352K(86528K)
[346.038s][info][gc,heap        ] GC(1232) ParOldGen: 483434K(667648K)->483434K(667648K)
[346.038s][info][gc,metaspace   ] GC(1232) Metaspace: 18874K(19072K)->18874K(19072K) NonClass: 16208K(16320K)->16208K(16320K) Class: 2666K(2752K)->2666K(2752K)
[346.038s][info][gc             ] GC(1232) Pause Young (Allocation Failure) 658M->554M(876M) 80.680ms
[346.038s][info][gc,cpu         ] GC(1232) User=0.16s Sys=0.00s Real=0.08s
[346.179s][info][gc,start       ] GC(1233) Pause Young (Allocation Failure)
[346.298s][info][gc,heap        ] GC(1233) PSYoungGen: 227200K(229376K)->98368K(212480K) Eden: 142848K(142848K)->0K(111616K) From: 84352K(86528K)->98368K(100864K)
[346.298s][info][gc,heap        ] GC(1233) ParOldGen: 483434K(667648K)->483434K(667648K)
[346.298s][info][gc,metaspace   ] GC(1233) Metaspace: 18874K(19072K)->18874K(19072K) NonClass: 16208K(16320K)->16208K(16320K) Class: 2666K(2752K)->2666K(2752K)
[346.298s][info][gc             ] GC(1233) Pause Young (Allocation Failure) 693M->568M(859M) 119.299ms
[346.298s][info][gc,cpu         ] GC(1233) User=0.21s Sys=0.03s Real=0.12s
[346.423s][info][gc,start       ] GC(1234) Pause Young (Allocation Failure)
[346.521s][info][gc,heap        ] GC(1234) PSYoungGen: 209984K(212480K)->99776K(222720K) Eden: 111616K(111616K)->0K(111616K) From: 98368K(100864K)->99776K(111104K)
[346.521s][info][gc,heap        ] GC(1234) ParOldGen: 483434K(667648K)->483434K(667648K)
[346.522s][info][gc,metaspace   ] GC(1234) Metaspace: 18874K(19072K)->18874K(19072K) NonClass: 16208K(16320K)->16208K(16320K) Class: 2666K(2752K)->2666K(2752K)
[346.522s][info][gc             ] GC(1234) Pause Young (Allocation Failure) 677M->569M(869M) 98.421ms
[346.522s][info][gc,cpu         ] GC(1234) User=0.19s Sys=0.00s Real=0.10s
[346.658s][info][gc,start       ] GC(1235) Pause Young (Allocation Failure)
[346.753s][info][gc,heap        ] GC(1235) PSYoungGen: 211392K(222720K)->94224K(222720K) Eden: 111616K(111616K)->0K(111616K) From: 99776K(111104K)->94224K(111104K)
[346.753s][info][gc,heap        ] GC(1235) ParOldGen: 483434K(667648K)->492466K(667648K)
[346.753s][info][gc,metaspace   ] GC(1235) Metaspace: 18874K(19072K)->18874K(19072K) NonClass: 16208K(16320K)->16208K(16320K) Class: 2666K(2752K)->2666K(2752K)
[346.753s][info][gc             ] GC(1235) Pause Young (Allocation Failure) 678M->572M(869M) 95.508ms
[346.753s][info][gc,cpu         ] GC(1235) User=0.19s Sys=0.00s Real=0.09s
[346.847s][info][gc,start       ] GC(1236) Pause Young (Allocation Failure)
[346.935s][info][gc,heap        ] GC(1236) PSYoungGen: 205840K(222720K)->68288K(222720K) Eden: 111616K(111616K)->0K(111616K) From: 94224K(111104K)->68288K(111104K)
[346.936s][info][gc,heap        ] GC(1236) ParOldGen: 492466K(667648K)->518522K(667648K)
[346.936s][info][gc,metaspace   ] GC(1236) Metaspace: 18874K(19072K)->18874K(19072K) NonClass: 16208K(16320K)->16208K(16320K) Class: 2666K(2752K)->2666K(2752K)
[346.936s][info][gc             ] GC(1236) Pause Young (Allocation Failure) 681M->573M(869M) 88.110ms
[346.936s][info][gc,cpu         ] GC(1236) User=0.17s Sys=0.00s Real=0.08s
[347.114s][info][gc,start       ] GC(1237) Pause Young (Allocation Failure)
[347.193s][info][gc,heap        ] GC(1237) PSYoungGen: 179904K(222720K)->79648K(222720K) Eden: 111616K(111616K)->0K(111616K) From: 68288K(111104K)->79648K(111104K)
[347.194s][info][gc,heap        ] GC(1237) ParOldGen: 518522K(667648K)->522410K(667648K)
[347.194s][info][gc,metaspace   ] GC(1237) Metaspace: 18874K(19072K)->18874K(19072K) NonClass: 16208K(16320K)->16208K(16320K) Class: 2666K(2752K)->2666K(2752K)
[347.194s][info][gc             ] GC(1237) Pause Young (Allocation Failure) 682M->587M(869M) 79.287ms
[347.194s][info][gc,cpu         ] GC(1237) User=0.15s Sys=0.00s Real=0.08s
[347.368s][info][gc,start       ] GC(1238) Pause Young (Allocation Failure)
[347.452s][info][gc,heap        ] GC(1238) PSYoungGen: 191264K(222720K)->78672K(222720K) Eden: 111616K(111616K)->0K(111616K) From: 79648K(111104K)->78672K(111104K)
[347.452s][info][gc,heap        ] GC(1238) ParOldGen: 522410K(667648K)->531690K(667648K)
[347.452s][info][gc,metaspace   ] GC(1238) Metaspace: 18874K(19072K)->18874K(19072K) NonClass: 16208K(16320K)->16208K(16320K) Class: 2666K(2752K)->2666K(2752K)
[347.452s][info][gc             ] GC(1238) Pause Young (Allocation Failure) 696M->596M(869M) 84.241ms
[347.452s][info][gc,cpu         ] GC(1238) User=0.17s Sys=0.00s Real=0.08s
[347.776s][info][gc,start       ] GC(1239) Pause Young (Allocation Failure)
[347.851s][info][gc,heap        ] GC(1239) PSYoungGen: 190288K(222720K)->28512K(222720K) Eden: 111616K(111616K)->0K(111616K) From: 78672K(111104K)->28512K(111104K)
[347.851s][info][gc,heap        ] GC(1239) ParOldGen: 531690K(667648K)->582035K(667648K)
[347.851s][info][gc,metaspace   ] GC(1239) Metaspace: 18874K(19072K)->18874K(19072K) NonClass: 16208K(16320K)->16208K(16320K) Class: 2666K(2752K)->2666K(2752K)
[347.851s][info][gc             ] GC(1239) Pause Young (Allocation Failure) 705M->596M(869M) 74.743ms
[347.851s][info][gc,cpu         ] GC(1239) User=0.15s Sys=0.00s Real=0.08s
[348.115s][info][gc,start       ] GC(1240) Pause Young (Allocation Failure)
[348.144s][info][gc,heap        ] GC(1240) PSYoungGen: 140128K(222720K)->23632K(222720K) Eden: 111616K(111616K)->0K(111616K) From: 28512K(111104K)->23632K(111104K)
[348.144s][info][gc,heap        ] GC(1240) ParOldGen: 582035K(667648K)->586907K(667648K)
[348.144s][info][gc,metaspace   ] GC(1240) Metaspace: 18874K(19072K)->18874K(19072K) NonClass: 16208K(16320K)->16208K(16320K) Class: 2666K(2752K)->2666K(2752K)
[348.144s][info][gc             ] GC(1240) Pause Young (Allocation Failure) 705M->596M(869M) 28.736ms
[348.144s][info][gc,cpu         ] GC(1240) User=0.06s Sys=0.00s Real=0.03s
[348.398s][info][gc,start       ] GC(1241) Pause Young (Allocation Failure)
[348.423s][info][gc,heap        ] GC(1241) PSYoungGen: 135248K(222720K)->8384K(222720K) Eden: 111616K(111616K)->0K(111616K) From: 23632K(111104K)->8384K(111104K)
[348.423s][info][gc,heap        ] GC(1241) ParOldGen: 586907K(667648K)->602187K(667648K)
[348.423s][info][gc,metaspace   ] GC(1241) Metaspace: 18874K(19072K)->18874K(19072K) NonClass: 16208K(16320K)->16208K(16320K) Class: 2666K(2752K)->2666K(2752K)
[348.423s][info][gc             ] GC(1241) Pause Young (Allocation Failure) 705M->596M(869M) 24.645ms
[348.423s][info][gc,cpu         ] GC(1241) User=0.05s Sys=0.00s Real=0.02s
[348.669s][info][gc,start       ] GC(1242) Pause Young (Allocation Failure)
[348.680s][info][gc,heap        ] GC(1242) PSYoungGen: 120000K(222720K)->96K(222720K) Eden: 111616K(111616K)->0K(111616K) From: 8384K(111104K)->96K(111104K)
[348.680s][info][gc,heap        ] GC(1242) ParOldGen: 602187K(667648K)->610523K(667648K)
[348.680s][info][gc,metaspace   ] GC(1242) Metaspace: 18874K(19072K)->18874K(19072K) NonClass: 16208K(16320K)->16208K(16320K) Class: 2666K(2752K)->2666K(2752K)
[348.680s][info][gc             ] GC(1242) Pause Young (Allocation Failure) 705M->596M(869M) 10.346ms
[348.680s][info][gc,cpu         ] GC(1242) User=0.02s Sys=0.00s Real=0.01s
[348.915s][info][gc,start       ] GC(1243) Pause Young (Allocation Failure)
[348.917s][info][gc,heap        ] GC(1243) PSYoungGen: 111712K(222720K)->64K(222720K) Eden: 111616K(111616K)->0K(111616K) From: 96K(111104K)->64K(111104K)
[348.918s][info][gc,heap        ] GC(1243) ParOldGen: 610523K(667648K)->610587K(667648K)
[348.918s][info][gc,metaspace   ] GC(1243) Metaspace: 18874K(19072K)->18874K(19072K) NonClass: 16208K(16320K)->16208K(16320K) Class: 2666K(2752K)->2666K(2752K)
[348.918s][info][gc             ] GC(1243) Pause Young (Allocation Failure) 705M->596M(869M) 2.067ms
[348.918s][info][gc,cpu         ] GC(1243) User=0.00s Sys=0.00s Real=0.01s
[349.188s][info][gc,start       ] GC(1244) Pause Young (Allocation Failure)
[349.190s][info][gc,heap        ] GC(1244) PSYoungGen: 111680K(222720K)->192K(222720K) Eden: 111616K(111616K)->0K(111616K) From: 64K(111104K)->192K(111104K)
[349.190s][info][gc,heap        ] GC(1244) ParOldGen: 610587K(667648K)->610603K(667648K)
[349.190s][info][gc,metaspace   ] GC(1244) Metaspace: 18874K(19072K)->18874K(19072K) NonClass: 16208K(16320K)->16208K(16320K) Class: 2666K(2752K)->2666K(2752K)
[349.190s][info][gc             ] GC(1244) Pause Young (Allocation Failure) 705M->596M(869M) 2.223ms
[349.190s][info][gc,cpu         ] GC(1244) User=0.00s Sys=0.00s Real=0.00s
[349.407s][info][gc,start       ] GC(1245) Pause Young (Allocation Failure)
[349.411s][info][gc,heap        ] GC(1245) PSYoungGen: 111808K(222720K)->2176K(222720K) Eden: 111616K(111616K)->0K(111616K) From: 192K(111104K)->2176K(111104K)
[349.411s][info][gc,heap        ] GC(1245) ParOldGen: 610603K(667648K)->610763K(667648K)
[349.411s][info][gc,metaspace   ] GC(1245) Metaspace: 18874K(19072K)->18874K(19072K) NonClass: 16208K(16320K)->16208K(16320K) Class: 2666K(2752K)->2666K(2752K)
[349.411s][info][gc             ] GC(1245) Pause Young (Allocation Failure) 705M->598M(869M) 4.150ms
[349.411s][info][gc,cpu         ] GC(1245) User=0.01s Sys=0.00s Real=0.01s
[349.491s][info][gc,start       ] GC(1246) Pause Young (Allocation Failure)
[349.521s][info][gc,heap        ] GC(1246) PSYoungGen: 113792K(222720K)->37600K(222720K) Eden: 111616K(111616K)->0K(111616K) From: 2176K(111104K)->37600K(111104K)
[349.521s][info][gc,heap        ] GC(1246) ParOldGen: 610763K(667648K)->612891K(667648K)
[349.521s][info][gc,metaspace   ] GC(1246) Metaspace: 18874K(19072K)->18874K(19072K) NonClass: 16208K(16320K)->16208K(16320K) Class: 2666K(2752K)->2666K(2752K)
[349.521s][info][gc             ] GC(1246) Pause Young (Allocation Failure) 707M->635M(869M) 29.334ms
[349.521s][info][gc,cpu         ] GC(1246) User=0.05s Sys=0.00s Real=0.03s
[349.653s][info][gc,start       ] GC(1247) Pause Young (Allocation Failure)
[349.698s][info][gc,heap        ] GC(1247) PSYoungGen: 149216K(222720K)->31648K(218624K) Eden: 111616K(111616K)->0K(111616K) From: 37600K(111104K)->31648K(107008K)
[349.698s][info][gc,heap        ] GC(1247) ParOldGen: 612891K(667648K)->650899K(667648K)
[349.698s][info][gc,metaspace   ] GC(1247) Metaspace: 18874K(19072K)->18874K(19072K) NonClass: 16208K(16320K)->16208K(16320K) Class: 2666K(2752K)->2666K(2752K)
[349.698s][info][gc             ] GC(1247) Pause Young (Allocation Failure) 744M->666M(865M) 45.011ms
[349.698s][info][gc,cpu         ] GC(1247) User=0.09s Sys=0.00s Real=0.05s
[349.806s][info][gc,start       ] GC(1248) Pause Full (Allocation Failure)
[349.806s][info][gc,phases,start] GC(1248) Marking Phase
[350.216s][info][gc,phases      ] GC(1248) Marking Phase 409.584ms
[350.216s][info][gc,phases,start] GC(1248) Summary Phase
[350.216s][info][gc,phases      ] GC(1248) Summary Phase 0.028ms
[350.216s][info][gc,phases,start] GC(1248) Forward
[350.326s][info][gc,phases      ] GC(1248) Forward 110.122ms
[350.326s][info][gc,phases,start] GC(1248) Adjust Pointers
[350.623s][info][gc,phases      ] GC(1248) Adjust Pointers 296.576ms
[350.623s][info][gc,phases,start] GC(1248) Compaction Phase
[350.807s][info][gc,phases      ] GC(1248) Compaction Phase 184.036ms
[350.815s][info][gc,phases,start] GC(1248) Post Compact
[350.817s][info][gc,phases      ] GC(1248) Post Compact 2.310ms
[350.817s][info][gc,heap        ] GC(1248) PSYoungGen: 143264K(218624K)->0K(220672K) Eden: 111616K(111616K)->0K(111616K) From: 31648K(107008K)->0K(109056K)
[350.817s][info][gc,heap        ] GC(1248) ParOldGen: 650899K(667648K)->593855K(667648K)
[350.817s][info][gc,metaspace   ] GC(1248) Metaspace: 18874K(19072K)->18874K(19072K) NonClass: 16208K(16320K)->16208K(16320K) Class: 2666K(2752K)->2666K(2752K)
[350.817s][info][gc             ] GC(1248) Pause Full (Allocation Failure) 775M->579M(867M) 1011.180ms
[350.817s][info][gc,cpu         ] GC(1248) User=1.93s Sys=0.00s Real=1.01s
[351.004s][info][gc,start       ] GC(1249) Pause Young (Allocation Failure)
[351.037s][info][gc,heap        ] GC(1249) PSYoungGen: 111616K(220672K)->17462K(214528K) Eden: 111616K(111616K)->0K(115712K) From: 0K(109056K)->17462K(98816K)
[351.037s][info][gc,heap        ] GC(1249) ParOldGen: 593855K(667648K)->593855K(667648K)
[351.037s][info][gc,metaspace   ] GC(1249) Metaspace: 18874K(19072K)->18874K(19072K) NonClass: 16208K(16320K)->16208K(16320K) Class: 2666K(2752K)->2666K(2752K)
[351.038s][info][gc             ] GC(1249) Pause Young (Allocation Failure) 688M->596M(861M) 33.875ms
[351.038s][info][gc,cpu         ] GC(1249) User=0.07s Sys=0.00s Real=0.04s
[351.254s][info][gc,start       ] GC(1250) Pause Young (Allocation Failure)
[351.282s][info][gc,heap        ] GC(1250) PSYoungGen: 133174K(214528K)->17622K(219648K) Eden: 115712K(115712K)->0K(115712K) From: 17462K(98816K)->17622K(103936K)
[351.282s][info][gc,heap        ] GC(1250) ParOldGen: 593855K(667648K)->593855K(667648K)
[351.282s][info][gc,metaspace   ] GC(1250) Metaspace: 18874K(19072K)->18874K(19072K) NonClass: 16208K(16320K)->16208K(16320K) Class: 2666K(2752K)->2666K(2752K)
[351.282s][info][gc             ] GC(1250) Pause Young (Allocation Failure) 709M->597M(866M) 27.661ms
[351.282s][info][gc,cpu         ] GC(1250) User=0.05s Sys=0.00s Real=0.03s
[351.457s][info][gc,start       ] GC(1251) Pause Young (Allocation Failure)
[351.486s][info][gc,heap        ] GC(1251) PSYoungGen: 133334K(219648K)->20726K(211456K) Eden: 115712K(115712K)->0K(122880K) From: 17622K(103936K)->20726K(88576K)
[351.486s][info][gc,heap        ] GC(1251) ParOldGen: 593855K(667648K)->593855K(667648K)
[351.486s][info][gc,metaspace   ] GC(1251) Metaspace: 18874K(19072K)->18874K(19072K) NonClass: 16208K(16320K)->16208K(16320K) Class: 2666K(2752K)->2666K(2752K)
[351.487s][info][gc             ] GC(1251) Pause Young (Allocation Failure) 710M->600M(858M) 29.776ms
[351.487s][info][gc,cpu         ] GC(1251) User=0.06s Sys=0.00s Real=0.03s
[351.550s][info][gc,start       ] GC(1252) Pause Young (Allocation Failure)
[351.609s][info][gc,heap        ] GC(1252) PSYoungGen: 143606K(211456K)->60646K(216576K) Eden: 122880K(122880K)->0K(122880K) From: 20726K(88576K)->60646K(93696K)
[351.609s][info][gc,heap        ] GC(1252) ParOldGen: 593855K(667648K)->593855K(667648K)
[351.609s][info][gc,metaspace   ] GC(1252) Metaspace: 18874K(19072K)->18874K(19072K) NonClass: 16208K(16320K)->16208K(16320K) Class: 2666K(2752K)->2666K(2752K)
[351.609s][info][gc             ] GC(1252) Pause Young (Allocation Failure) 720M->639M(863M) 59.091ms
[351.609s][info][gc,cpu         ] GC(1252) User=0.12s Sys=0.00s Real=0.06s
[351.707s][info][gc,start       ] GC(1253) Pause Young (Allocation Failure)
[351.792s][info][gc,heap        ] GC(1253) PSYoungGen: 183526K(216576K)->96822K(210432K) Eden: 122880K(122880K)->0K(111616K) From: 60646K(93696K)->96822K(98816K)
[351.793s][info][gc,heap        ] GC(1253) ParOldGen: 593855K(667648K)->593855K(667648K)
[351.793s][info][gc,metaspace   ] GC(1253) Metaspace: 18874K(19072K)->18874K(19072K) NonClass: 16208K(16320K)->16208K(16320K) Class: 2666K(2752K)->2666K(2752K)
[351.793s][info][gc             ] GC(1253) Pause Young (Allocation Failure) 759M->674M(857M) 85.786ms
[351.793s][info][gc,cpu         ] GC(1253) User=0.16s Sys=0.01s Real=0.09s
[351.917s][info][gc,start       ] GC(1254) Pause Young (Allocation Failure)
[351.989s][info][gc,heap        ] GC(1254) PSYoungGen: 208438K(210432K)->79552K(222720K) Eden: 111616K(111616K)->0K(111616K) From: 96822K(98816K)->79552K(111104K)
[351.989s][info][gc,heap        ] GC(1254) ParOldGen: 593855K(667648K)->611326K(667648K)
[351.989s][info][gc,metaspace   ] GC(1254) Metaspace: 18874K(19072K)->18874K(19072K) NonClass: 16208K(16320K)->16208K(16320K) Class: 2666K(2752K)->2666K(2752K)
[351.989s][info][gc             ] GC(1254) Pause Young (Allocation Failure) 783M->674M(869M) 71.454ms
[351.989s][info][gc,cpu         ] GC(1254) User=0.14s Sys=0.00s Real=0.07s
[352.106s][info][gc,start       ] GC(1255) Pause Young (Allocation Failure)
[352.152s][info][gc,heap        ] GC(1255) PSYoungGen: 191168K(222720K)->76352K(222720K) Eden: 111616K(111616K)->0K(111616K) From: 79552K(111104K)->76352K(111104K)
[352.152s][info][gc,heap        ] GC(1255) ParOldGen: 611326K(667648K)->614590K(667648K)
[352.152s][info][gc,metaspace   ] GC(1255) Metaspace: 18874K(19072K)->18874K(19072K) NonClass: 16208K(16320K)->16208K(16320K) Class: 2666K(2752K)->2666K(2752K)
[352.152s][info][gc             ] GC(1255) Pause Young (Allocation Failure) 783M->674M(869M) 45.807ms
[352.152s][info][gc,cpu         ] GC(1255) User=0.09s Sys=0.00s Real=0.05s
[352.266s][info][gc,start       ] GC(1256) Pause Young (Allocation Failure)
[352.316s][info][gc,promotion   ] GC(1256) Promotion failed
[352.316s][info][gc,heap        ] GC(1256) PSYoungGen: 187968K(222720K)->187968K(222720K) Eden: 111616K(111616K)->111616K(111616K) From: 76352K(111104K)->76352K(111104K)
[352.316s][info][gc,heap        ] GC(1256) ParOldGen: 614590K(667648K)->667642K(667648K)
[352.316s][info][gc,metaspace   ] GC(1256) Metaspace: 18874K(19072K)->18874K(19072K) NonClass: 16208K(16320K)->16208K(16320K) Class: 2666K(2752K)->2666K(2752K)
[352.316s][info][gc             ] GC(1256) Pause Young (Allocation Failure) 783M->835M(869M) 49.377ms
[352.316s][info][gc,cpu         ] GC(1256) User=0.10s Sys=0.00s Real=0.05s
[352.316s][info][gc,start       ] GC(1257) Pause Full (Allocation Failure)
[352.316s][info][gc,phases,start] GC(1257) Marking Phase
[352.550s][info][gc,phases      ] GC(1257) Marking Phase 233.897ms
[352.550s][info][gc,phases,start] GC(1257) Summary Phase
[352.550s][info][gc,phases      ] GC(1257) Summary Phase 0.026ms
[352.550s][info][gc,phases,start] GC(1257) Forward
[352.656s][info][gc,phases      ] GC(1257) Forward 105.691ms
[352.656s][info][gc,phases,start] GC(1257) Adjust Pointers
[352.838s][info][gc,phases      ] GC(1257) Adjust Pointers 182.568ms
[352.838s][info][gc,phases,start] GC(1257) Compaction Phase
[352.947s][info][gc,phases      ] GC(1257) Compaction Phase 108.341ms
[352.954s][info][gc,phases,start] GC(1257) Post Compact
[352.956s][info][gc,phases      ] GC(1257) Post Compact 2.427ms
[352.956s][info][gc,heap        ] GC(1257) PSYoungGen: 187968K(222720K)->0K(222720K) Eden: 111616K(111616K)->0K(111616K) From: 76352K(111104K)->0K(111104K)
[352.956s][info][gc,heap        ] GC(1257) ParOldGen: 667642K(667648K)->375925K(667648K)
[352.956s][info][gc,metaspace   ] GC(1257) Metaspace: 18874K(19072K)->18874K(19072K) NonClass: 16208K(16320K)->16208K(16320K) Class: 2666K(2752K)->2666K(2752K)
[352.956s][info][gc             ] GC(1257) Pause Full (Allocation Failure) 835M->367M(869M) 640.167ms
[352.956s][info][gc,cpu         ] GC(1257) User=1.16s Sys=0.00s Real=0.64s
[353.069s][info][gc,start       ] GC(1258) Pause Young (Allocation Failure)
[353.071s][info][gc,heap        ] GC(1258) PSYoungGen: 111616K(222720K)->128K(222720K) Eden: 111616K(111616K)->0K(111616K) From: 0K(111104K)->128K(111104K)
[353.071s][info][gc,heap        ] GC(1258) ParOldGen: 375925K(667648K)->375925K(667648K)
[353.071s][info][gc,metaspace   ] GC(1258) Metaspace: 18874K(19072K)->18874K(19072K) NonClass: 16208K(16320K)->16208K(16320K) Class: 2666K(2752K)->2666K(2752K)
[353.071s][info][gc             ] GC(1258) Pause Young (Allocation Failure) 476M->367M(869M) 1.717ms
[353.071s][info][gc,cpu         ] GC(1258) User=0.00s Sys=0.00s Real=0.00s
[353.184s][info][gc,start       ] GC(1259) Pause Young (Allocation Failure)
[353.186s][info][gc,heap        ] GC(1259) PSYoungGen: 111744K(222720K)->224K(222720K) Eden: 111616K(111616K)->0K(111616K) From: 128K(111104K)->224K(111104K)
[353.186s][info][gc,heap        ] GC(1259) ParOldGen: 375925K(667648K)->375925K(667648K)
[353.186s][info][gc,metaspace   ] GC(1259) Metaspace: 18874K(19072K)->18874K(19072K) NonClass: 16208K(16320K)->16208K(16320K) Class: 2666K(2752K)->2666K(2752K)
[353.186s][info][gc             ] GC(1259) Pause Young (Allocation Failure) 476M->367M(869M) 1.768ms
[353.186s][info][gc,cpu         ] GC(1259) User=0.01s Sys=0.00s Real=0.00s
[353.299s][info][gc,start       ] GC(1260) Pause Young (Allocation Failure)
[353.301s][info][gc,heap        ] GC(1260) PSYoungGen: 111840K(222720K)->128K(222720K) Eden: 111616K(111616K)->0K(111616K) From: 224K(111104K)->128K(111104K)
[353.301s][info][gc,heap        ] GC(1260) ParOldGen: 375925K(667648K)->376117K(667648K)
[353.301s][info][gc,metaspace   ] GC(1260) Metaspace: 18874K(19072K)->18874K(19072K) NonClass: 16208K(16320K)->16208K(16320K) Class: 2666K(2752K)->2666K(2752K)
[353.301s][info][gc             ] GC(1260) Pause Young (Allocation Failure) 476M->367M(869M) 1.843ms
[353.301s][info][gc,cpu         ] GC(1260) User=0.00s Sys=0.00s Real=0.00s
[353.411s][info][gc,start       ] GC(1261) Pause Young (Allocation Failure)
[353.413s][info][gc,heap        ] GC(1261) PSYoungGen: 111744K(222720K)->128K(222720K) Eden: 111616K(111616K)->0K(111616K) From: 128K(111104K)->128K(111104K)
[353.413s][info][gc,heap        ] GC(1261) ParOldGen: 376117K(667648K)->376189K(667648K)
[353.413s][info][gc,metaspace   ] GC(1261) Metaspace: 18874K(19072K)->18874K(19072K) NonClass: 16208K(16320K)->16208K(16320K) Class: 2666K(2752K)->2666K(2752K)
[353.413s][info][gc             ] GC(1261) Pause Young (Allocation Failure) 476M->367M(869M) 1.880ms
[353.413s][info][gc,cpu         ] GC(1261) User=0.01s Sys=0.00s Real=0.00s
[353.524s][info][gc,start       ] GC(1262) Pause Young (Allocation Failure)
[353.525s][info][gc,heap        ] GC(1262) PSYoungGen: 111744K(222720K)->128K(222720K) Eden: 111616K(111616K)->0K(111616K) From: 128K(111104K)->128K(111104K)
[353.525s][info][gc,heap        ] GC(1262) ParOldGen: 376189K(667648K)->376301K(667648K)
[353.525s][info][gc,metaspace   ] GC(1262) Metaspace: 18874K(19072K)->18874K(19072K) NonClass: 16208K(16320K)->16208K(16320K) Class: 2666K(2752K)->2666K(2752K)
[353.526s][info][gc             ] GC(1262) Pause Young (Allocation Failure) 476M->367M(869M) 1.834ms
[353.526s][info][gc,cpu         ] GC(1262) User=0.00s Sys=0.00s Real=0.00s
[353.633s][info][gc,start       ] GC(1263) Pause Young (Allocation Failure)
[353.634s][info][gc,heap        ] GC(1263) PSYoungGen: 111744K(222720K)->96K(222720K) Eden: 111616K(111616K)->0K(111616K) From: 128K(111104K)->96K(111104K)
[353.635s][info][gc,heap        ] GC(1263) ParOldGen: 376301K(667648K)->376397K(667648K)
[353.635s][info][gc,metaspace   ] GC(1263) Metaspace: 18874K(19072K)->18874K(19072K) NonClass: 16208K(16320K)->16208K(16320K) Class: 2666K(2752K)->2666K(2752K)
[353.635s][info][gc             ] GC(1263) Pause Young (Allocation Failure) 476M->367M(869M) 1.746ms
[353.635s][info][gc,cpu         ] GC(1263) User=0.01s Sys=0.00s Real=0.00s
[353.761s][info][gc,start       ] GC(1264) Pause Young (Allocation Failure)
[353.771s][info][gc,heap        ] GC(1264) PSYoungGen: 111712K(222720K)->3360K(214528K) Eden: 111616K(111616K)->0K(111616K) From: 96K(111104K)->3360K(102912K)
[353.771s][info][gc,heap        ] GC(1264) ParOldGen: 376397K(667648K)->376469K(667648K)
[353.771s][info][gc,metaspace   ] GC(1264) Metaspace: 18875K(19072K)->18875K(19072K) NonClass: 16209K(16320K)->16209K(16320K) Class: 2666K(2752K)->2666K(2752K)
[353.771s][info][gc             ] GC(1264) Pause Young (Allocation Failure) 476M->370M(861M) 9.685ms
[353.771s][info][gc,cpu         ] GC(1264) User=0.01s Sys=0.00s Real=0.01s
[353.897s][info][gc,start       ] GC(1265) Pause Young (Allocation Failure)
[353.933s][info][gc,heap        ] GC(1265) PSYoungGen: 114976K(214528K)->18891K(130560K) Eden: 111616K(111616K)->0K(111616K) From: 3360K(102912K)->18891K(18944K)
[353.933s][info][gc,heap        ] GC(1265) ParOldGen: 376469K(667648K)->376469K(667648K)
[353.933s][info][gc,metaspace   ] GC(1265) Metaspace: 18875K(19072K)->18875K(19072K) NonClass: 16209K(16320K)->16209K(16320K) Class: 2666K(2752K)->2666K(2752K)
[353.933s][info][gc             ] GC(1265) Pause Young (Allocation Failure) 479M->386M(779M) 35.904ms
[353.933s][info][gc,cpu         ] GC(1265) User=0.06s Sys=0.00s Real=0.04s
[354.038s][info][gc,start       ] GC(1266) Pause Young (Allocation Failure)
[354.088s][info][gc,heap        ] GC(1266) PSYoungGen: 130507K(130560K)->36683K(216576K) Eden: 111616K(111616K)->0K(119808K) From: 18891K(18944K)->36683K(96768K)
[354.088s][info][gc,heap        ] GC(1266) ParOldGen: 376469K(667648K)->376469K(667648K)
[354.088s][info][gc,metaspace   ] GC(1266) Metaspace: 18875K(19072K)->18875K(19072K) NonClass: 16209K(16320K)->16209K(16320K) Class: 2666K(2752K)->2666K(2752K)
[354.088s][info][gc             ] GC(1266) Pause Young (Allocation Failure) 495M->403M(863M) 50.442ms
[354.088s][info][gc,cpu         ] GC(1266) User=0.10s Sys=0.00s Real=0.05s
[354.208s][info][gc,start       ] GC(1267) Pause Young (Allocation Failure)
[354.270s][info][gc,heap        ] GC(1267) PSYoungGen: 156491K(216576K)->50603K(216576K) Eden: 119808K(119808K)->0K(119808K) From: 36683K(96768K)->50603K(96768K)
[354.270s][info][gc,heap        ] GC(1267) ParOldGen: 376469K(667648K)->376469K(667648K)
[354.270s][info][gc,metaspace   ] GC(1267) Metaspace: 18875K(19072K)->18875K(19072K) NonClass: 16209K(16320K)->16209K(16320K) Class: 2666K(2752K)->2666K(2752K)
[354.270s][info][gc             ] GC(1267) Pause Young (Allocation Failure) 520M->417M(863M) 61.606ms
[354.270s][info][gc,cpu         ] GC(1267) User=0.12s Sys=0.00s Real=0.06s
[354.346s][info][gc,start       ] GC(1268) Pause Young (Allocation Failure)
[354.411s][info][gc,heap        ] GC(1268) PSYoungGen: 170411K(216576K)->54603K(225792K) Eden: 119808K(119808K)->0K(126464K) From: 50603K(96768K)->54603K(99328K)
[354.411s][info][gc,heap        ] GC(1268) ParOldGen: 376469K(667648K)->376469K(667648K)
[354.411s][info][gc,metaspace   ] GC(1268) Metaspace: 18875K(19072K)->18875K(19072K) NonClass: 16209K(16320K)->16209K(16320K) Class: 2666K(2752K)->2666K(2752K)
[354.411s][info][gc             ] GC(1268) Pause Young (Allocation Failure) 534M->420M(872M) 64.728ms
[354.411s][info][gc,cpu         ] GC(1268) User=0.13s Sys=0.00s Real=0.07s
[354.525s][info][gc,start       ] GC(1269) Pause Young (Allocation Failure)
[354.590s][info][gc,heap        ] GC(1269) PSYoungGen: 181067K(225792K)->55787K(182272K) Eden: 126464K(126464K)->0K(126464K) From: 54603K(99328K)->55787K(55808K)
[354.590s][info][gc,heap        ] GC(1269) ParOldGen: 376469K(667648K)->376469K(667648K)
[354.590s][info][gc,metaspace   ] GC(1269) Metaspace: 18875K(19072K)->18875K(19072K) NonClass: 16209K(16320K)->16209K(16320K) Class: 2666K(2752K)->2666K(2752K)
[354.590s][info][gc             ] GC(1269) Pause Young (Allocation Failure) 544M->422M(830M) 65.059ms
[354.590s][info][gc,cpu         ] GC(1269) User=0.13s Sys=0.00s Real=0.07s
[354.700s][info][gc,start       ] GC(1270) Pause Young (Allocation Failure)
[354.768s][info][gc,heap        ] GC(1270) PSYoungGen: 182251K(182272K)->55787K(225280K) Eden: 126464K(126464K)->0K(119808K) From: 55787K(55808K)->55787K(105472K)
[354.768s][info][gc,heap        ] GC(1270) ParOldGen: 376469K(667648K)->379829K(667648K)
[354.768s][info][gc,metaspace   ] GC(1270) Metaspace: 18875K(19072K)->18875K(19072K) NonClass: 16209K(16320K)->16209K(16320K) Class: 2666K(2752K)->2666K(2752K)
[354.768s][info][gc             ] GC(1270) Pause Young (Allocation Failure) 545M->425M(872M) 67.956ms
[354.768s][info][gc,cpu         ] GC(1270) User=0.13s Sys=0.00s Real=0.07s
[354.862s][info][gc,start       ] GC(1271) Pause Young (Allocation Failure)
[354.927s][info][gc,heap        ] GC(1271) PSYoungGen: 175595K(225280K)->40320K(160256K) Eden: 119808K(119808K)->0K(119808K) From: 55787K(105472K)->40320K(40448K)
[354.927s][info][gc,heap        ] GC(1271) ParOldGen: 379829K(667648K)->395389K(667648K)
[354.927s][info][gc,metaspace   ] GC(1271) Metaspace: 18875K(19072K)->18875K(19072K) NonClass: 16209K(16320K)->16209K(16320K) Class: 2666K(2752K)->2666K(2752K)
[354.927s][info][gc             ] GC(1271) Pause Young (Allocation Failure) 542M->425M(808M) 65.323ms
[354.927s][info][gc,cpu         ] GC(1271) User=0.13s Sys=0.00s Real=0.06s
[355.085s][info][gc,start       ] GC(1272) Pause Young (Allocation Failure)
[355.132s][info][gc,heap        ] GC(1272) PSYoungGen: 160128K(160256K)->17568K(226816K) Eden: 119808K(119808K)->0K(124928K) From: 40320K(40448K)->17568K(101888K)
[355.132s][info][gc,heap        ] GC(1272) ParOldGen: 395389K(667648K)->427173K(667648K)
[355.132s][info][gc,metaspace   ] GC(1272) Metaspace: 18876K(19072K)->18876K(19072K) NonClass: 16210K(16320K)->16210K(16320K) Class: 2666K(2752K)->2666K(2752K)
[355.132s][info][gc             ] GC(1272) Pause Young (Allocation Failure) 542M->434M(873M) 47.907ms
[355.132s][info][gc,cpu         ] GC(1272) User=0.09s Sys=0.00s Real=0.05s
[355.236s][info][gc,start       ] GC(1273) Pause Young (Allocation Failure)
[355.270s][info][gc,heap        ] GC(1273) PSYoungGen: 142496K(226816K)->28112K(223232K) Eden: 124928K(124928K)->0K(124928K) From: 17568K(101888K)->28112K(98304K)
[355.270s][info][gc,heap        ] GC(1273) ParOldGen: 427173K(667648K)->431205K(667648K)
[355.270s][info][gc,metaspace   ] GC(1273) Metaspace: 18876K(19072K)->18876K(19072K) NonClass: 16210K(16320K)->16210K(16320K) Class: 2666K(2752K)->2666K(2752K)
[355.270s][info][gc             ] GC(1273) Pause Young (Allocation Failure) 556M->448M(870M) 33.830ms
[355.270s][info][gc,cpu         ] GC(1273) User=0.07s Sys=0.00s Real=0.04s
[355.506s][info][gc,start       ] GC(1274) Pause Young (Allocation Failure)
[355.534s][info][gc,heap        ] GC(1274) PSYoungGen: 153040K(223232K)->27008K(222208K) Eden: 124928K(124928K)->0K(136704K) From: 28112K(98304K)->27008K(85504K)
[355.534s][info][gc,heap        ] GC(1274) ParOldGen: 431205K(667648K)->432373K(667648K)
[355.534s][info][gc,metaspace   ] GC(1274) Metaspace: 18876K(19072K)->18876K(19072K) NonClass: 16210K(16320K)->16210K(16320K) Class: 2666K(2752K)->2666K(2752K)
[355.534s][info][gc             ] GC(1274) Pause Young (Allocation Failure) 570M->448M(869M) 27.926ms
[355.534s][info][gc,cpu         ] GC(1274) User=0.06s Sys=0.00s Real=0.03s
[355.752s][info][gc,start       ] GC(1275) Pause Young (Allocation Failure)
[355.778s][info][gc,heap        ] GC(1275) PSYoungGen: 163712K(222208K)->27008K(224256K) Eden: 136704K(136704K)->0K(136704K) From: 27008K(85504K)->27008K(87552K)
[355.778s][info][gc,heap        ] GC(1275) ParOldGen: 432373K(667648K)->432373K(667648K)
[355.778s][info][gc,metaspace   ] GC(1275) Metaspace: 18876K(19072K)->18876K(19072K) NonClass: 16210K(16320K)->16210K(16320K) Class: 2666K(2752K)->2666K(2752K)
[355.778s][info][gc             ] GC(1275) Pause Young (Allocation Failure) 582M->448M(871M) 26.628ms
[355.778s][info][gc,cpu         ] GC(1275) User=0.05s Sys=0.00s Real=0.03s
[355.933s][info][gc,start       ] GC(1276) Pause Young (Allocation Failure)
[355.995s][info][gc,heap        ] GC(1276) PSYoungGen: 163712K(224256K)->53088K(228864K) Eden: 136704K(136704K)->0K(145920K) From: 27008K(87552K)->53088K(82944K)
[355.995s][info][gc,heap        ] GC(1276) ParOldGen: 432373K(667648K)->432373K(667648K)
[355.995s][info][gc,metaspace   ] GC(1276) Metaspace: 18876K(19072K)->18876K(19072K) NonClass: 16210K(16320K)->16210K(16320K) Class: 2666K(2752K)->2666K(2752K)
[355.995s][info][gc             ] GC(1276) Pause Young (Allocation Failure) 582M->474M(875M) 62.107ms
[355.995s][info][gc,cpu         ] GC(1276) User=0.12s Sys=0.00s Real=0.06s
[356.154s][info][gc,start       ] GC(1277) Pause Young (Allocation Failure)
[356.219s][info][gc,heap        ] GC(1277) PSYoungGen: 199008K(228864K)->68064K(231424K) Eden: 145920K(145920K)->0K(145920K) From: 53088K(82944K)->68064K(85504K)
[356.219s][info][gc,heap        ] GC(1277) ParOldGen: 432373K(667648K)->432373K(667648K)
[356.219s][info][gc,metaspace   ] GC(1277) Metaspace: 18876K(19072K)->18876K(19072K) NonClass: 16210K(16320K)->16210K(16320K) Class: 2666K(2752K)->2666K(2752K)
[356.219s][info][gc             ] GC(1277) Pause Young (Allocation Failure) 616M->488M(878M) 65.110ms
[356.219s][info][gc,cpu         ] GC(1277) User=0.13s Sys=0.00s Real=0.07s
[356.355s][info][gc,start       ] GC(1278) Pause Young (Allocation Failure)
[356.425s][info][gc,heap        ] GC(1278) PSYoungGen: 213984K(231424K)->68704K(228352K) Eden: 145920K(145920K)->0K(135168K) From: 68064K(85504K)->68704K(93184K)
[356.425s][info][gc,heap        ] GC(1278) ParOldGen: 432373K(667648K)->432373K(667648K)
[356.425s][info][gc,metaspace   ] GC(1278) Metaspace: 18876K(19072K)->18876K(19072K) NonClass: 16210K(16320K)->16210K(16320K) Class: 2666K(2752K)->2666K(2752K)
[356.425s][info][gc             ] GC(1278) Pause Young (Allocation Failure) 631M->489M(875M) 70.675ms
[356.425s][info][gc,cpu         ] GC(1278) User=0.14s Sys=0.00s Real=0.07s
[356.566s][info][gc,start       ] GC(1279) Pause Young (Allocation Failure)
[356.636s][info][gc,heap        ] GC(1279) PSYoungGen: 203872K(228352K)->71376K(206848K) Eden: 135168K(135168K)->0K(135168K) From: 68704K(93184K)->71376K(71680K)
[356.636s][info][gc,heap        ] GC(1279) ParOldGen: 432373K(667648K)->435749K(667648K)
[356.636s][info][gc,metaspace   ] GC(1279) Metaspace: 18876K(19072K)->18876K(19072K) NonClass: 16210K(16320K)->16210K(16320K) Class: 2666K(2752K)->2666K(2752K)
[356.636s][info][gc             ] GC(1279) Pause Young (Allocation Failure) 621M->495M(854M) 70.671ms
[356.636s][info][gc,cpu         ] GC(1279) User=0.14s Sys=0.00s Real=0.07s
[356.755s][info][gc,start       ] GC(1280) Pause Young (Allocation Failure)
[356.823s][info][gc,heap        ] GC(1280) PSYoungGen: 206544K(206848K)->71328K(220672K) Eden: 135168K(135168K)->0K(115712K) From: 71376K(71680K)->71328K(104960K)
[356.823s][info][gc,heap        ] GC(1280) ParOldGen: 435749K(667648K)->435821K(667648K)
[356.823s][info][gc,metaspace   ] GC(1280) Metaspace: 18876K(19072K)->18876K(19072K) NonClass: 16210K(16320K)->16210K(16320K) Class: 2666K(2752K)->2666K(2752K)
[356.823s][info][gc             ] GC(1280) Pause Young (Allocation Failure) 627M->495M(867M) 67.468ms
[356.823s][info][gc,cpu         ] GC(1280) User=0.13s Sys=0.00s Real=0.07s
[356.929s][info][gc,start       ] GC(1281) Pause Young (Allocation Failure)
[356.995s][info][gc,heap        ] GC(1281) PSYoungGen: 187040K(220672K)->62400K(224768K) Eden: 115712K(115712K)->0K(115712K) From: 71328K(104960K)->62400K(109056K)
[356.995s][info][gc,heap        ] GC(1281) ParOldGen: 435821K(667648K)->444797K(667648K)
[356.995s][info][gc,metaspace   ] GC(1281) Metaspace: 18876K(19072K)->18876K(19072K) NonClass: 16210K(16320K)->16210K(16320K) Class: 2666K(2752K)->2666K(2752K)
[356.995s][info][gc             ] GC(1281) Pause Young (Allocation Failure) 608M->495M(871M) 66.240ms
[356.995s][info][gc,cpu         ] GC(1281) User=0.13s Sys=0.00s Real=0.06s
[357.135s][info][gc,start       ] GC(1282) Pause Young (Allocation Failure)
[357.205s][info][gc,heap        ] GC(1282) PSYoungGen: 178112K(224768K)->60544K(221696K) Eden: 115712K(115712K)->0K(115712K) From: 62400K(109056K)->60544K(105984K)
[357.206s][info][gc,heap        ] GC(1282) ParOldGen: 444797K(667648K)->459429K(667648K)
[357.206s][info][gc,metaspace   ] GC(1282) Metaspace: 18876K(19072K)->18876K(19072K) NonClass: 16210K(16320K)->16210K(16320K) Class: 2666K(2752K)->2666K(2752K)
[357.206s][info][gc             ] GC(1282) Pause Young (Allocation Failure) 608M->507M(868M) 70.679ms
[357.206s][info][gc,cpu         ] GC(1282) User=0.14s Sys=0.00s Real=0.07s
[357.412s][info][gc,start       ] GC(1283) Pause Young (Allocation Failure)
[357.471s][info][gc,heap        ] GC(1283) PSYoungGen: 176256K(221696K)->37088K(223232K) Eden: 115712K(115712K)->0K(115712K) From: 60544K(105984K)->37088K(107520K)
[357.471s][info][gc,heap        ] GC(1283) ParOldGen: 459429K(667648K)->485573K(667648K)
[357.471s][info][gc,metaspace   ] GC(1283) Metaspace: 18876K(19072K)->18876K(19072K) NonClass: 16210K(16320K)->16210K(16320K) Class: 2666K(2752K)->2666K(2752K)
[357.471s][info][gc             ] GC(1283) Pause Young (Allocation Failure) 620M->510M(870M) 58.893ms
[357.471s][info][gc,cpu         ] GC(1283) User=0.12s Sys=0.00s Real=0.06s
[357.785s][info][gc,start       ] GC(1284) Pause Young (Allocation Failure)
[357.823s][info][gc,heap        ] GC(1284) PSYoungGen: 152800K(223232K)->22272K(224768K) Eden: 115712K(115712K)->0K(121856K) From: 37088K(107520K)->22272K(102912K)
[357.823s][info][gc,heap        ] GC(1284) ParOldGen: 485573K(667648K)->500605K(667648K)
[357.823s][info][gc,metaspace   ] GC(1284) Metaspace: 18876K(19072K)->18876K(19072K) NonClass: 16210K(16320K)->16210K(16320K) Class: 2666K(2752K)->2666K(2752K)
[357.823s][info][gc             ] GC(1284) Pause Young (Allocation Failure) 623M->510M(871M) 37.505ms
[357.823s][info][gc,cpu         ] GC(1284) User=0.08s Sys=0.00s Real=0.04s
[358.087s][info][gc,start       ] GC(1285) Pause Young (Allocation Failure)
[358.110s][info][gc,heap        ] GC(1285) PSYoungGen: 144128K(224768K)->22416K(224256K) Eden: 121856K(121856K)->0K(121856K) From: 22272K(102912K)->22416K(102400K)
[358.110s][info][gc,heap        ] GC(1285) ParOldGen: 500605K(667648K)->500605K(667648K)
[358.110s][info][gc,metaspace   ] GC(1285) Metaspace: 18876K(19072K)->18876K(19072K) NonClass: 16210K(16320K)->16210K(16320K) Class: 2666K(2752K)->2666K(2752K)
[358.110s][info][gc             ] GC(1285) Pause Young (Allocation Failure) 629M->510M(871M) 23.325ms
[358.110s][info][gc,cpu         ] GC(1285) User=0.05s Sys=0.00s Real=0.03s
[358.351s][info][gc,start       ] GC(1286) Pause Young (Allocation Failure)
[358.375s][info][gc,heap        ] GC(1286) PSYoungGen: 144272K(224256K)->22816K(228352K) Eden: 121856K(121856K)->0K(130560K) From: 22416K(102400K)->22816K(97792K)
[358.375s][info][gc,heap        ] GC(1286) ParOldGen: 500605K(667648K)->500605K(667648K)
[358.375s][info][gc,metaspace   ] GC(1286) Metaspace: 18876K(19072K)->18876K(19072K) NonClass: 16210K(16320K)->16210K(16320K) Class: 2666K(2752K)->2666K(2752K)
[358.375s][info][gc             ] GC(1286) Pause Young (Allocation Failure) 629M->511M(875M) 23.913ms
[358.375s][info][gc,cpu         ] GC(1286) User=0.04s Sys=0.00s Real=0.02s
[358.556s][info][gc,start       ] GC(1287) Pause Young (Allocation Failure)
[358.596s][info][gc,heap        ] GC(1287) PSYoungGen: 153376K(228352K)->45072K(228864K) Eden: 130560K(130560K)->0K(130560K) From: 22816K(97792K)->45072K(98304K)
[358.596s][info][gc,heap        ] GC(1287) ParOldGen: 500605K(667648K)->500605K(667648K)
[358.596s][info][gc,metaspace   ] GC(1287) Metaspace: 18876K(19072K)->18876K(19072K) NonClass: 16210K(16320K)->16210K(16320K) Class: 2666K(2752K)->2666K(2752K)
[358.596s][info][gc             ] GC(1287) Pause Young (Allocation Failure) 638M->532M(875M) 40.935ms
[358.596s][info][gc,cpu         ] GC(1287) User=0.08s Sys=0.00s Real=0.04s
[358.673s][info][gc,start       ] GC(1288) Pause Young (Allocation Failure)
[358.752s][info][gc,heap        ] GC(1288) PSYoungGen: 175632K(228864K)->94192K(210944K) Eden: 130560K(130560K)->0K(116736K) From: 45072K(98304K)->94192K(94208K)
[358.752s][info][gc,heap        ] GC(1288) ParOldGen: 500605K(667648K)->501245K(667648K)
[358.752s][info][gc,metaspace   ] GC(1288) Metaspace: 18876K(19072K)->18876K(19072K) NonClass: 16210K(16320K)->16210K(16320K) Class: 2666K(2752K)->2666K(2752K)
[358.752s][info][gc             ] GC(1288) Pause Young (Allocation Failure) 660M->581M(858M) 79.153ms
[358.752s][info][gc,cpu         ] GC(1288) User=0.15s Sys=0.02s Real=0.08s
[358.821s][info][gc,start       ] GC(1289) Pause Young (Allocation Failure)
[358.920s][info][gc,heap        ] GC(1289) PSYoungGen: 210928K(210944K)->108528K(225280K) Eden: 116736K(116736K)->0K(116736K) From: 94192K(94208K)->108528K(108544K)
[358.920s][info][gc,heap        ] GC(1289) ParOldGen: 501245K(667648K)->531053K(667648K)
[358.920s][info][gc,metaspace   ] GC(1289) Metaspace: 18876K(19072K)->18876K(19072K) NonClass: 16210K(16320K)->16210K(16320K) Class: 2666K(2752K)->2666K(2752K)
[358.920s][info][gc             ] GC(1289) Pause Young (Allocation Failure) 695M->624M(872M) 98.585ms
[358.920s][info][gc,cpu         ] GC(1289) User=0.20s Sys=0.00s Real=0.10s
[359.114s][info][gc,start       ] GC(1290) Pause Young (Allocation Failure)
[359.219s][info][gc,heap        ] GC(1290) PSYoungGen: 225264K(225280K)->108528K(220160K) Eden: 116736K(116736K)->0K(111616K) From: 108528K(108544K)->108528K(108544K)
[359.219s][info][gc,heap        ] GC(1290) ParOldGen: 531053K(667648K)->554421K(667648K)
[359.219s][info][gc,metaspace   ] GC(1290) Metaspace: 18876K(19072K)->18876K(19072K) NonClass: 16210K(16320K)->16210K(16320K) Class: 2666K(2752K)->2666K(2752K)
[359.219s][info][gc             ] GC(1290) Pause Young (Allocation Failure) 738M->647M(867M) 104.511ms
[359.219s][info][gc,cpu         ] GC(1290) User=0.20s Sys=0.00s Real=0.11s
[359.353s][info][gc,start       ] GC(1291) Pause Young (Allocation Failure)
[359.472s][info][gc,heap        ] GC(1291) PSYoungGen: 220144K(220160K)->111094K(222720K) Eden: 111616K(111616K)->0K(111616K) From: 108528K(108544K)->111094K(111104K)
[359.472s][info][gc,heap        ] GC(1291) ParOldGen: 554421K(667648K)->597093K(667648K)
[359.472s][info][gc,metaspace   ] GC(1291) Metaspace: 18876K(19072K)->18876K(19072K) NonClass: 16210K(16320K)->16210K(16320K) Class: 2666K(2752K)->2666K(2752K)
[359.472s][info][gc             ] GC(1291) Pause Young (Allocation Failure) 756M->691M(869M) 119.092ms
[359.472s][info][gc,cpu         ] GC(1291) User=0.24s Sys=0.00s Real=0.12s
[359.635s][info][gc,start       ] GC(1292) Pause Young (Allocation Failure)
[359.738s][info][gc,heap        ] GC(1292) PSYoungGen: 222710K(222720K)->111104K(222720K) Eden: 111616K(111616K)->0K(111616K) From: 111094K(111104K)->111104K(111104K)
[359.738s][info][gc,heap        ] GC(1292) ParOldGen: 597093K(667648K)->615988K(667648K)
[359.738s][info][gc,metaspace   ] GC(1292) Metaspace: 18876K(19072K)->18876K(19072K) NonClass: 16210K(16320K)->16210K(16320K) Class: 2666K(2752K)->2666K(2752K)
[359.738s][info][gc             ] GC(1292) Pause Young (Allocation Failure) 800M->710M(869M) 103.012ms
[359.738s][info][gc,cpu         ] GC(1292) User=0.21s Sys=0.00s Real=0.11s
[359.836s][info][gc,start       ] GC(1293) Pause Young (Allocation Failure)
[359.954s][info][gc,heap        ] GC(1293) PSYoungGen: 222720K(222720K)->111072K(222720K) Eden: 111616K(111616K)->0K(111616K) From: 111104K(111104K)->111072K(111104K)
[359.954s][info][gc,heap        ] GC(1293) ParOldGen: 615988K(667648K)->631100K(667648K)
[359.954s][info][gc,metaspace   ] GC(1293) Metaspace: 18876K(19072K)->18876K(19072K) NonClass: 16210K(16320K)->16210K(16320K) Class: 2666K(2752K)->2666K(2752K)
[359.954s][info][gc             ] GC(1293) Pause Young (Allocation Failure) 819M->724M(869M) 117.952ms
[359.954s][info][gc,cpu         ] GC(1293) User=0.23s Sys=0.00s Real=0.12s
[360.081s][info][gc,start       ] GC(1294) Pause Full (Allocation Failure)
[360.081s][info][gc,phases,start] GC(1294) Marking Phase
[360.354s][info][gc,phases      ] GC(1294) Marking Phase 272.518ms
[360.354s][info][gc,phases,start] GC(1294) Summary Phase
[360.354s][info][gc,phases      ] GC(1294) Summary Phase 0.026ms
[360.354s][info][gc,phases,start] GC(1294) Forward
[360.461s][info][gc,phases      ] GC(1294) Forward 107.212ms
[360.461s][info][gc,phases,start] GC(1294) Adjust Pointers
[360.674s][info][gc,phases      ] GC(1294) Adjust Pointers 212.997ms
[360.674s][info][gc,phases,start] GC(1294) Compaction Phase
[360.813s][info][gc,phases      ] GC(1294) Compaction Phase 139.085ms
[360.822s][info][gc,phases,start] GC(1294) Post Compact
[360.825s][info][gc,phases      ] GC(1294) Post Compact 2.467ms
[360.825s][info][gc,heap        ] GC(1294) PSYoungGen: 222688K(222720K)->0K(222720K) Eden: 111616K(111616K)->0K(111616K) From: 111072K(111104K)->0K(111104K)
[360.825s][info][gc,heap        ] GC(1294) ParOldGen: 631100K(667648K)->436637K(667648K)
[360.825s][info][gc,metaspace   ] GC(1294) Metaspace: 18876K(19072K)->18876K(19072K) NonClass: 16210K(16320K)->16210K(16320K) Class: 2666K(2752K)->2666K(2752K)
[360.825s][info][gc             ] GC(1294) Pause Full (Allocation Failure) 833M->426M(869M) 743.792ms
[360.825s][info][gc,cpu         ] GC(1294) User=1.39s Sys=0.01s Real=0.74s
[360.982s][info][gc,start       ] GC(1295) Pause Young (Allocation Failure)
[361.017s][info][gc,heap        ] GC(1295) PSYoungGen: 111616K(222720K)->22752K(222720K) Eden: 111616K(111616K)->0K(111616K) From: 0K(111104K)->22752K(111104K)
[361.017s][info][gc,heap        ] GC(1295) ParOldGen: 436637K(667648K)->436637K(667648K)
[361.017s][info][gc,metaspace   ] GC(1295) Metaspace: 18876K(19072K)->18876K(19072K) NonClass: 16210K(16320K)->16210K(16320K) Class: 2666K(2752K)->2666K(2752K)
[361.017s][info][gc             ] GC(1295) Pause Young (Allocation Failure) 535M->448M(869M) 34.535ms
[361.017s][info][gc,cpu         ] GC(1295) User=0.06s Sys=0.00s Real=0.03s
[361.170s][info][gc,start       ] GC(1296) Pause Young (Allocation Failure)
[361.202s][info][gc,heap        ] GC(1296) PSYoungGen: 134368K(222720K)->22784K(222720K) Eden: 111616K(111616K)->0K(111616K) From: 22752K(111104K)->22784K(111104K)
[361.202s][info][gc,heap        ] GC(1296) ParOldGen: 436637K(667648K)->436637K(667648K)
[361.203s][info][gc,metaspace   ] GC(1296) Metaspace: 18876K(19072K)->18876K(19072K) NonClass: 16210K(16320K)->16210K(16320K) Class: 2666K(2752K)->2666K(2752K)
[361.203s][info][gc             ] GC(1296) Pause Young (Allocation Failure) 557M->448M(869M) 32.078ms
[361.203s][info][gc,cpu         ] GC(1296) User=0.06s Sys=0.00s Real=0.03s
[361.354s][info][gc,start       ] GC(1297) Pause Young (Allocation Failure)
[361.387s][info][gc,heap        ] GC(1297) PSYoungGen: 134400K(222720K)->22752K(222720K) Eden: 111616K(111616K)->0K(111616K) From: 22784K(111104K)->22752K(111104K)
[361.387s][info][gc,heap        ] GC(1297) ParOldGen: 436637K(667648K)->436637K(667648K)
[361.387s][info][gc,metaspace   ] GC(1297) Metaspace: 18876K(19072K)->18876K(19072K) NonClass: 16210K(16320K)->16210K(16320K) Class: 2666K(2752K)->2666K(2752K)
[361.387s][info][gc             ] GC(1297) Pause Young (Allocation Failure) 557M->448M(869M) 32.692ms
[361.387s][info][gc,cpu         ] GC(1297) User=0.07s Sys=0.00s Real=0.03s
[361.538s][info][gc,start       ] GC(1298) Pause Young (Allocation Failure)
[361.571s][info][gc,heap        ] GC(1298) PSYoungGen: 134368K(222720K)->32K(222720K) Eden: 111616K(111616K)->0K(111616K) From: 22752K(111104K)->32K(111104K)
[361.571s][info][gc,heap        ] GC(1298) ParOldGen: 436637K(667648K)->459421K(667648K)
[361.571s][info][gc,metaspace   ] GC(1298) Metaspace: 18876K(19072K)->18876K(19072K) NonClass: 16210K(16320K)->16210K(16320K) Class: 2666K(2752K)->2666K(2752K)
[361.571s][info][gc             ] GC(1298) Pause Young (Allocation Failure) 557M->448M(869M) 32.943ms
[361.571s][info][gc,cpu         ] GC(1298) User=0.06s Sys=0.00s Real=0.03s
[361.725s][info][gc,start       ] GC(1299) Pause Young (Allocation Failure)
[361.726s][info][gc,heap        ] GC(1299) PSYoungGen: 111648K(222720K)->64K(222720K) Eden: 111616K(111616K)->0K(111616K) From: 32K(111104K)->64K(111104K)
[361.726s][info][gc,heap        ] GC(1299) ParOldGen: 459421K(667648K)->459421K(667648K)
[361.726s][info][gc,metaspace   ] GC(1299) Metaspace: 18876K(19072K)->18876K(19072K) NonClass: 16210K(16320K)->16210K(16320K) Class: 2666K(2752K)->2666K(2752K)
[361.726s][info][gc             ] GC(1299) Pause Young (Allocation Failure) 557M->448M(869M) 1.480ms
[361.726s][info][gc,cpu         ] GC(1299) User=0.00s Sys=0.00s Real=0.00s
[361.875s][info][gc,start       ] GC(1300) Pause Young (Allocation Failure)
[361.876s][info][gc,heap        ] GC(1300) PSYoungGen: 111680K(222720K)->64K(222720K) Eden: 111616K(111616K)->0K(111616K) From: 64K(111104K)->64K(111104K)
[361.876s][info][gc,heap        ] GC(1300) ParOldGen: 459421K(667648K)->459421K(667648K)
[361.876s][info][gc,metaspace   ] GC(1300) Metaspace: 18876K(19072K)->18876K(19072K) NonClass: 16210K(16320K)->16210K(16320K) Class: 2666K(2752K)->2666K(2752K)
[361.876s][info][gc             ] GC(1300) Pause Young (Allocation Failure) 557M->448M(869M) 1.526ms
[361.876s][info][gc,cpu         ] GC(1300) User=0.01s Sys=0.00s Real=0.00s
[362.023s][info][gc,start       ] GC(1301) Pause Young (Allocation Failure)
[362.025s][info][gc,heap        ] GC(1301) PSYoungGen: 111680K(222720K)->64K(222720K) Eden: 111616K(111616K)->0K(111616K) From: 64K(111104K)->64K(111104K)
[362.025s][info][gc,heap        ] GC(1301) ParOldGen: 459421K(667648K)->459421K(667648K)
[362.025s][info][gc,metaspace   ] GC(1301) Metaspace: 18876K(19072K)->18876K(19072K) NonClass: 16210K(16320K)->16210K(16320K) Class: 2666K(2752K)->2666K(2752K)
[362.025s][info][gc             ] GC(1301) Pause Young (Allocation Failure) 557M->448M(869M) 1.682ms
[362.025s][info][gc,cpu         ] GC(1301) User=0.00s Sys=0.00s Real=0.00s
[362.172s][info][gc,start       ] GC(1302) Pause Young (Allocation Failure)
[362.173s][info][gc,heap        ] GC(1302) PSYoungGen: 111680K(222720K)->64K(222720K) Eden: 111616K(111616K)->0K(111616K) From: 64K(111104K)->64K(111104K)
[362.173s][info][gc,heap        ] GC(1302) ParOldGen: 459421K(667648K)->459421K(667648K)
[362.173s][info][gc,metaspace   ] GC(1302) Metaspace: 18876K(19072K)->18876K(19072K) NonClass: 16210K(16320K)->16210K(16320K) Class: 2666K(2752K)->2666K(2752K)
[362.173s][info][gc             ] GC(1302) Pause Young (Allocation Failure) 557M->448M(869M) 1.502ms
[362.173s][info][gc,cpu         ] GC(1302) User=0.01s Sys=0.00s Real=0.00s
[362.321s][info][gc,start       ] GC(1303) Pause Young (Allocation Failure)
[362.322s][info][gc,heap        ] GC(1303) PSYoungGen: 111680K(222720K)->64K(222720K) Eden: 111616K(111616K)->0K(111616K) From: 64K(111104K)->64K(111104K)
[362.322s][info][gc,heap        ] GC(1303) ParOldGen: 459421K(667648K)->459421K(667648K)
[362.322s][info][gc,metaspace   ] GC(1303) Metaspace: 18876K(19072K)->18876K(19072K) NonClass: 16210K(16320K)->16210K(16320K) Class: 2666K(2752K)->2666K(2752K)
[362.322s][info][gc             ] GC(1303) Pause Young (Allocation Failure) 557M->448M(869M) 1.518ms
[362.322s][info][gc,cpu         ] GC(1303) User=0.00s Sys=0.00s Real=0.00s
[362.447s][info][gc,start       ] GC(1304) Pause Young (Allocation Failure)
[362.463s][info][gc,heap        ] GC(1304) PSYoungGen: 111680K(222720K)->13824K(222720K) Eden: 111616K(111616K)->0K(111616K) From: 64K(111104K)->13824K(111104K)
[362.463s][info][gc,heap        ] GC(1304) ParOldGen: 459421K(667648K)->459429K(667648K)
[362.463s][info][gc,metaspace   ] GC(1304) Metaspace: 18876K(19072K)->18876K(19072K) NonClass: 16210K(16320K)->16210K(16320K) Class: 2666K(2752K)->2666K(2752K)
[362.463s][info][gc             ] GC(1304) Pause Young (Allocation Failure) 557M->462M(869M) 15.981ms
[362.463s][info][gc,cpu         ] GC(1304) User=0.03s Sys=0.00s Real=0.02s
[362.571s][info][gc,start       ] GC(1305) Pause Young (Allocation Failure)
[362.599s][info][gc,heap        ] GC(1305) PSYoungGen: 125440K(222720K)->13440K(222720K) Eden: 111616K(111616K)->0K(111616K) From: 13824K(111104K)->13440K(111104K)
[362.599s][info][gc,heap        ] GC(1305) ParOldGen: 459429K(667648K)->473277K(667648K)
[362.599s][info][gc,metaspace   ] GC(1305) Metaspace: 18876K(19072K)->18876K(19072K) NonClass: 16210K(16320K)->16210K(16320K) Class: 2666K(2752K)->2666K(2752K)
[362.599s][info][gc             ] GC(1305) Pause Young (Allocation Failure) 571M->475M(869M) 28.091ms
[362.599s][info][gc,cpu         ] GC(1305) User=0.06s Sys=0.00s Real=0.03s
[362.680s][info][gc,start       ] GC(1306) Pause Young (Allocation Failure)
[362.699s][info][gc,heap        ] GC(1306) PSYoungGen: 125056K(222720K)->3840K(222720K) Eden: 111616K(111616K)->0K(111616K) From: 13440K(111104K)->3840K(111104K)
[362.699s][info][gc,heap        ] GC(1306) ParOldGen: 473277K(667648K)->486717K(667648K)
[362.699s][info][gc,metaspace   ] GC(1306) Metaspace: 18876K(19072K)->18876K(19072K) NonClass: 16210K(16320K)->16210K(16320K) Class: 2666K(2752K)->2666K(2752K)
[362.700s][info][gc             ] GC(1306) Pause Young (Allocation Failure) 584M->479M(869M) 19.607ms
[362.700s][info][gc,cpu         ] GC(1306) User=0.04s Sys=0.00s Real=0.02s
[362.796s][info][gc,start       ] GC(1307) Pause Young (Allocation Failure)
[362.805s][info][gc,heap        ] GC(1307) PSYoungGen: 115456K(222720K)->608K(222720K) Eden: 111616K(111616K)->0K(111616K) From: 3840K(111104K)->608K(111104K)
[362.805s][info][gc,heap        ] GC(1307) ParOldGen: 486717K(667648K)->490533K(667648K)
[362.805s][info][gc,metaspace   ] GC(1307) Metaspace: 18876K(19072K)->18876K(19072K) NonClass: 16210K(16320K)->16210K(16320K) Class: 2666K(2752K)->2666K(2752K)
[362.805s][info][gc             ] GC(1307) Pause Young (Allocation Failure) 588M->479M(869M) 9.217ms
[362.805s][info][gc,cpu         ] GC(1307) User=0.02s Sys=0.00s Real=0.01s
[362.908s][info][gc,start       ] GC(1308) Pause Young (Allocation Failure)
[362.913s][info][gc,heap        ] GC(1308) PSYoungGen: 112224K(222720K)->1280K(222720K) Eden: 111616K(111616K)->0K(111616K) From: 608K(111104K)->1280K(111104K)
[362.913s][info][gc,heap        ] GC(1308) ParOldGen: 490533K(667648K)->491093K(667648K)
[362.913s][info][gc,metaspace   ] GC(1308) Metaspace: 18876K(19072K)->18876K(19072K) NonClass: 16210K(16320K)->16210K(16320K) Class: 2666K(2752K)->2666K(2752K)
[362.913s][info][gc             ] GC(1308) Pause Young (Allocation Failure) 588M->480M(869M) 4.155ms
[362.913s][info][gc,cpu         ] GC(1308) User=0.00s Sys=0.00s Real=0.00s
[363.026s][info][gc,start       ] GC(1309) Pause Young (Allocation Failure)
[363.037s][info][gc,heap        ] GC(1309) PSYoungGen: 112896K(222720K)->7584K(222720K) Eden: 111616K(111616K)->0K(111616K) From: 1280K(111104K)->7584K(111104K)
[363.037s][info][gc,heap        ] GC(1309) ParOldGen: 491093K(667648K)->492325K(667648K)
[363.037s][info][gc,metaspace   ] GC(1309) Metaspace: 18876K(19072K)->18876K(19072K) NonClass: 16210K(16320K)->16210K(16320K) Class: 2666K(2752K)->2666K(2752K)
[363.037s][info][gc             ] GC(1309) Pause Young (Allocation Failure) 589M->488M(869M) 10.440ms
[363.037s][info][gc,cpu         ] GC(1309) User=0.02s Sys=0.00s Real=0.01s
[363.235s][info][gc,start       ] GC(1310) Pause Young (Allocation Failure)
[363.246s][info][gc,heap        ] GC(1310) PSYoungGen: 119200K(222720K)->608K(222720K) Eden: 111616K(111616K)->0K(111616K) From: 7584K(111104K)->608K(111104K)
[363.246s][info][gc,heap        ] GC(1310) ParOldGen: 492325K(667648K)->499900K(667648K)
[363.246s][info][gc,metaspace   ] GC(1310) Metaspace: 18876K(19072K)->18876K(19072K) NonClass: 16210K(16320K)->16210K(16320K) Class: 2666K(2752K)->2666K(2752K)
[363.246s][info][gc             ] GC(1310) Pause Young (Allocation Failure) 597M->488M(869M) 10.444ms
[363.246s][info][gc,cpu         ] GC(1310) User=0.02s Sys=0.00s Real=0.01s
[363.439s][info][gc,start       ] GC(1311) Pause Young (Allocation Failure)
[363.442s][info][gc,heap        ] GC(1311) PSYoungGen: 112224K(222720K)->160K(112128K) Eden: 111616K(111616K)->0K(111616K) From: 608K(111104K)->160K(512K)
[363.442s][info][gc,heap        ] GC(1311) ParOldGen: 499900K(667648K)->500476K(667648K)
[363.442s][info][gc,metaspace   ] GC(1311) Metaspace: 18876K(19072K)->18876K(19072K) NonClass: 16210K(16320K)->16210K(16320K) Class: 2666K(2752K)->2666K(2752K)
[363.442s][info][gc             ] GC(1311) Pause Young (Allocation Failure) 597M->488M(761M) 3.135ms
[363.442s][info][gc,cpu         ] GC(1311) User=0.00s Sys=0.00s Real=0.00s
[363.633s][info][gc,start       ] GC(1312) Pause Young (Allocation Failure)
[363.635s][info][gc,heap        ] GC(1312) PSYoungGen: 111776K(112128K)->192K(215552K) Eden: 111616K(111616K)->0K(115712K) From: 160K(512K)->192K(99840K)
[363.635s][info][gc,heap        ] GC(1312) ParOldGen: 500476K(667648K)->500476K(667648K)
[363.635s][info][gc,metaspace   ] GC(1312) Metaspace: 18876K(19072K)->18876K(19072K) NonClass: 16210K(16320K)->16210K(16320K) Class: 2666K(2752K)->2666K(2752K)
[363.636s][info][gc             ] GC(1312) Pause Young (Allocation Failure) 597M->488M(862M) 2.439ms
[363.636s][info][gc,cpu         ] GC(1312) User=0.01s Sys=0.00s Real=0.00s
[363.822s][info][gc,start       ] GC(1313) Pause Young (Allocation Failure)
[363.825s][info][gc,heap        ] GC(1313) PSYoungGen: 115904K(215552K)->192K(116224K) Eden: 115712K(115712K)->0K(115712K) From: 192K(99840K)->192K(512K)
[363.825s][info][gc,heap        ] GC(1313) ParOldGen: 500476K(667648K)->500476K(667648K)
[363.825s][info][gc,metaspace   ] GC(1313) Metaspace: 18876K(19072K)->18876K(19072K) NonClass: 16210K(16320K)->16210K(16320K) Class: 2666K(2752K)->2666K(2752K)
[363.825s][info][gc             ] GC(1313) Pause Young (Allocation Failure) 601M->488M(765M) 3.204ms
[363.825s][info][gc,cpu         ] GC(1313) User=0.00s Sys=0.00s Real=0.00s
[363.994s][info][gc,start       ] GC(1314) Pause Young (Allocation Failure)
[364.010s][info][gc,heap        ] GC(1314) PSYoungGen: 115904K(116224K)->13248K(200192K) Eden: 115712K(115712K)->0K(119808K) From: 192K(512K)->13248K(80384K)
[364.010s][info][gc,heap        ] GC(1314) ParOldGen: 500476K(667648K)->500476K(667648K)
[364.010s][info][gc,metaspace   ] GC(1314) Metaspace: 18876K(19072K)->18876K(19072K) NonClass: 16210K(16320K)->16210K(16320K) Class: 2666K(2752K)->2666K(2752K)
[364.010s][info][gc             ] GC(1314) Pause Young (Allocation Failure) 601M->501M(847M) 16.251ms
[364.010s][info][gc,cpu         ] GC(1314) User=0.03s Sys=0.01s Real=0.02s
[364.146s][info][gc,start       ] GC(1315) Pause Young (Allocation Failure)
[364.163s][info][gc,heap        ] GC(1315) PSYoungGen: 133056K(200192K)->13248K(133120K) Eden: 119808K(119808K)->0K(119808K) From: 13248K(80384K)->13248K(13312K)
[364.163s][info][gc,heap        ] GC(1315) ParOldGen: 500476K(667648K)->500476K(667648K)
[364.163s][info][gc,metaspace   ] GC(1315) Metaspace: 18876K(19072K)->18876K(19072K) NonClass: 16210K(16320K)->16210K(16320K) Class: 2666K(2752K)->2666K(2752K)
[364.164s][info][gc             ] GC(1315) Pause Young (Allocation Failure) 618M->501M(782M) 17.909ms
[364.164s][info][gc,cpu         ] GC(1315) User=0.04s Sys=0.00s Real=0.02s
[364.287s][info][gc,start       ] GC(1316) Pause Young (Allocation Failure)
[364.314s][info][gc,heap        ] GC(1316) PSYoungGen: 133056K(133120K)->31312K(205824K) Eden: 119808K(119808K)->0K(125440K) From: 13248K(13312K)->31312K(80384K)
[364.314s][info][gc,heap        ] GC(1316) ParOldGen: 500476K(667648K)->500476K(667648K)
[364.314s][info][gc,metaspace   ] GC(1316) Metaspace: 18876K(19072K)->18876K(19072K) NonClass: 16210K(16320K)->16210K(16320K) Class: 2666K(2752K)->2666K(2752K)
[364.314s][info][gc             ] GC(1316) Pause Young (Allocation Failure) 618M->519M(853M) 26.883ms
[364.314s][info][gc,cpu         ] GC(1316) User=0.05s Sys=0.00s Real=0.03s
[364.417s][info][gc,start       ] GC(1317) Pause Young (Allocation Failure)
[364.466s][info][gc,heap        ] GC(1317) PSYoungGen: 156752K(205824K)->66880K(205824K) Eden: 125440K(125440K)->0K(125440K) From: 31312K(80384K)->66880K(80384K)
[364.466s][info][gc,heap        ] GC(1317) ParOldGen: 500476K(667648K)->500476K(667648K)
[364.466s][info][gc,metaspace   ] GC(1317) Metaspace: 18876K(19072K)->18876K(19072K) NonClass: 16210K(16320K)->16210K(16320K) Class: 2666K(2752K)->2666K(2752K)
[364.466s][info][gc             ] GC(1317) Pause Young (Allocation Failure) 641M->554M(853M) 49.437ms
[364.466s][info][gc,cpu         ] GC(1317) User=0.10s Sys=0.00s Real=0.05s
[364.666s][info][gc,start       ] GC(1318) Pause Young (Allocation Failure)
[364.744s][info][gc,heap        ] GC(1318) PSYoungGen: 192320K(205824K)->79888K(211456K) Eden: 125440K(125440K)->0K(118784K) From: 66880K(80384K)->79888K(92672K)
[364.744s][info][gc,heap        ] GC(1318) ParOldGen: 500476K(667648K)->500476K(667648K)
[364.744s][info][gc,metaspace   ] GC(1318) Metaspace: 18876K(19072K)->18876K(19072K) NonClass: 16210K(16320K)->16210K(16320K) Class: 2666K(2752K)->2666K(2752K)
[364.744s][info][gc             ] GC(1318) Pause Young (Allocation Failure) 676M->566M(858M) 77.938ms
[364.744s][info][gc,cpu         ] GC(1318) User=0.14s Sys=0.01s Real=0.08s
[364.902s][info][gc,start       ] GC(1319) Pause Young (Allocation Failure)
[364.969s][info][gc,heap        ] GC(1319) PSYoungGen: 198672K(211456K)->80080K(199168K) Eden: 118784K(118784K)->0K(118784K) From: 79888K(92672K)->80080K(80384K)
[364.969s][info][gc,heap        ] GC(1319) ParOldGen: 500476K(667648K)->500476K(667648K)
[364.969s][info][gc,metaspace   ] GC(1319) Metaspace: 18876K(19072K)->18876K(19072K) NonClass: 16210K(16320K)->16210K(16320K) Class: 2666K(2752K)->2666K(2752K)
[364.969s][info][gc             ] GC(1319) Pause Young (Allocation Failure) 682M->566M(846M) 66.487ms
[364.969s][info][gc,cpu         ] GC(1319) User=0.13s Sys=0.00s Real=0.07s
[365.130s][info][gc,start       ] GC(1320) Pause Young (Allocation Failure)
[365.197s][info][gc,heap        ] GC(1320) PSYoungGen: 198864K(199168K)->79920K(222720K) Eden: 118784K(118784K)->0K(111616K) From: 80080K(80384K)->79920K(111104K)
[365.197s][info][gc,heap        ] GC(1320) ParOldGen: 500476K(667648K)->500634K(667648K)
[365.197s][info][gc,metaspace   ] GC(1320) Metaspace: 18876K(19072K)->18876K(19072K) NonClass: 16210K(16320K)->16210K(16320K) Class: 2666K(2752K)->2666K(2752K)
[365.197s][info][gc             ] GC(1320) Pause Young (Allocation Failure) 682M->566M(869M) 67.152ms
[365.197s][info][gc,cpu         ] GC(1320) User=0.13s Sys=0.00s Real=0.07s
[365.349s][info][gc,start       ] GC(1321) Pause Young (Allocation Failure)
[365.420s][info][gc,heap        ] GC(1321) PSYoungGen: 191536K(222720K)->66864K(222720K) Eden: 111616K(111616K)->0K(111616K) From: 79920K(111104K)->66864K(111104K)
[365.420s][info][gc,heap        ] GC(1321) ParOldGen: 500634K(667648K)->513754K(667648K)
[365.420s][info][gc,metaspace   ] GC(1321) Metaspace: 18876K(19072K)->18876K(19072K) NonClass: 16210K(16320K)->16210K(16320K) Class: 2666K(2752K)->2666K(2752K)
[365.420s][info][gc             ] GC(1321) Pause Young (Allocation Failure) 675M->567M(869M) 70.883ms
[365.420s][info][gc,cpu         ] GC(1321) User=0.14s Sys=0.00s Real=0.07s
[365.573s][info][gc,start       ] GC(1322) Pause Young (Allocation Failure)
[365.628s][info][gc,heap        ] GC(1322) PSYoungGen: 178480K(222720K)->48800K(222720K) Eden: 111616K(111616K)->0K(111616K) From: 66864K(111104K)->48800K(111104K)
[365.628s][info][gc,heap        ] GC(1322) ParOldGen: 513754K(667648K)->532053K(667648K)
[365.628s][info][gc,metaspace   ] GC(1322) Metaspace: 18876K(19072K)->18876K(19072K) NonClass: 16210K(16320K)->16210K(16320K) Class: 2666K(2752K)->2666K(2752K)
[365.628s][info][gc             ] GC(1322) Pause Young (Allocation Failure) 676M->567M(869M) 54.871ms
[365.628s][info][gc,cpu         ] GC(1322) User=0.11s Sys=0.00s Real=0.06s
[365.778s][info][gc,start       ] GC(1323) Pause Young (Allocation Failure)
[365.824s][info][gc,heap        ] GC(1323) PSYoungGen: 160416K(222720K)->224K(222720K) Eden: 111616K(111616K)->0K(111616K) From: 48800K(111104K)->224K(111104K)
[365.824s][info][gc,heap        ] GC(1323) ParOldGen: 532053K(667648K)->580937K(667648K)
[365.824s][info][gc,metaspace   ] GC(1323) Metaspace: 18876K(19072K)->18876K(19072K) NonClass: 16210K(16320K)->16210K(16320K) Class: 2666K(2752K)->2666K(2752K)
[365.824s][info][gc             ] GC(1323) Pause Young (Allocation Failure) 676M->567M(869M) 45.807ms
[365.824s][info][gc,cpu         ] GC(1323) User=0.09s Sys=0.00s Real=0.04s
[365.973s][info][gc,start       ] GC(1324) Pause Young (Allocation Failure)
[365.975s][info][gc,heap        ] GC(1324) PSYoungGen: 111840K(222720K)->64K(222720K) Eden: 111616K(111616K)->0K(111616K) From: 224K(111104K)->64K(111104K)
[365.975s][info][gc,heap        ] GC(1324) ParOldGen: 580937K(667648K)->581121K(667648K)
[365.975s][info][gc,metaspace   ] GC(1324) Metaspace: 18876K(19072K)->18876K(19072K) NonClass: 16210K(16320K)->16210K(16320K) Class: 2666K(2752K)->2666K(2752K)
[365.975s][info][gc             ] GC(1324) Pause Young (Allocation Failure) 676M->567M(869M) 2.146ms
[365.975s][info][gc,cpu         ] GC(1324) User=0.01s Sys=0.01s Real=0.00s
[366.118s][info][gc,start       ] GC(1325) Pause Young (Allocation Failure)
[366.120s][info][gc,heap        ] GC(1325) PSYoungGen: 111680K(222720K)->64K(222720K) Eden: 111616K(111616K)->0K(111616K) From: 64K(111104K)->64K(111104K)
[366.120s][info][gc,heap        ] GC(1325) ParOldGen: 581121K(667648K)->581121K(667648K)
[366.120s][info][gc,metaspace   ] GC(1325) Metaspace: 18876K(19072K)->18876K(19072K) NonClass: 16210K(16320K)->16210K(16320K) Class: 2666K(2752K)->2666K(2752K)
[366.120s][info][gc             ] GC(1325) Pause Young (Allocation Failure) 676M->567M(869M) 1.800ms
[366.120s][info][gc,cpu         ] GC(1325) User=0.00s Sys=0.00s Real=0.00s
[366.264s][info][gc,start       ] GC(1326) Pause Young (Allocation Failure)
[366.266s][info][gc,heap        ] GC(1326) PSYoungGen: 111680K(222720K)->64K(222720K) Eden: 111616K(111616K)->0K(111616K) From: 64K(111104K)->64K(111104K)
[366.266s][info][gc,heap        ] GC(1326) ParOldGen: 581121K(667648K)->581121K(667648K)
[366.266s][info][gc,metaspace   ] GC(1326) Metaspace: 18876K(19072K)->18876K(19072K) NonClass: 16210K(16320K)->16210K(16320K) Class: 2666K(2752K)->2666K(2752K)
[366.266s][info][gc             ] GC(1326) Pause Young (Allocation Failure) 676M->567M(869M) 1.808ms
[366.266s][info][gc,cpu         ] GC(1326) User=0.00s Sys=0.00s Real=0.00s
[366.379s][info][gc,start       ] GC(1327) Pause Young (Allocation Failure)
[366.396s][info][gc,heap        ] GC(1327) PSYoungGen: 111680K(222720K)->14272K(125952K) Eden: 111616K(111616K)->0K(111616K) From: 64K(111104K)->14272K(14336K)
[366.396s][info][gc,heap        ] GC(1327) ParOldGen: 581121K(667648K)->581121K(667648K)
[366.396s][info][gc,metaspace   ] GC(1327) Metaspace: 18876K(19072K)->18876K(19072K) NonClass: 16210K(16320K)->16210K(16320K) Class: 2666K(2752K)->2666K(2752K)
[366.396s][info][gc             ] GC(1327) Pause Young (Allocation Failure) 676M->581M(775M) 17.325ms
[366.396s][info][gc,cpu         ] GC(1327) User=0.03s Sys=0.00s Real=0.01s
[366.497s][info][gc,start       ] GC(1328) Pause Young (Allocation Failure)
[366.523s][info][gc,heap        ] GC(1328) PSYoungGen: 125888K(125952K)->25056K(219136K) Eden: 111616K(111616K)->0K(119296K) From: 14272K(14336K)->25056K(99840K)
[366.523s][info][gc,heap        ] GC(1328) ParOldGen: 581121K(667648K)->581121K(667648K)
[366.523s][info][gc,metaspace   ] GC(1328) Metaspace: 18876K(19072K)->18876K(19072K) NonClass: 16210K(16320K)->16210K(16320K) Class: 2666K(2752K)->2666K(2752K)
[366.523s][info][gc             ] GC(1328) Pause Young (Allocation Failure) 690M->591M(866M) 25.854ms
[366.523s][info][gc,cpu         ] GC(1328) User=0.05s Sys=0.00s Real=0.03s
[366.598s][info][gc,start       ] GC(1329) Pause Young (Allocation Failure)
[366.645s][info][gc,heap        ] GC(1329) PSYoungGen: 144352K(219136K)->44544K(218624K) Eden: 119296K(119296K)->0K(119296K) From: 25056K(99840K)->44544K(99328K)
[366.645s][info][gc,heap        ] GC(1329) ParOldGen: 581121K(667648K)->581121K(667648K)
[366.645s][info][gc,metaspace   ] GC(1329) Metaspace: 18876K(19072K)->18876K(19072K) NonClass: 16210K(16320K)->16210K(16320K) Class: 2666K(2752K)->2666K(2752K)
[366.645s][info][gc             ] GC(1329) Pause Young (Allocation Failure) 708M->611M(865M) 47.183ms
[366.645s][info][gc,cpu         ] GC(1329) User=0.09s Sys=0.00s Real=0.04s
[366.733s][info][gc,start       ] GC(1330) Pause Young (Allocation Failure)
[366.788s][info][gc,heap        ] GC(1330) PSYoungGen: 163840K(218624K)->56576K(225792K) Eden: 119296K(119296K)->0K(126976K) From: 44544K(99328K)->56576K(98816K)
[366.788s][info][gc,heap        ] GC(1330) ParOldGen: 581121K(667648K)->581121K(667648K)
[366.788s][info][gc,metaspace   ] GC(1330) Metaspace: 18876K(19072K)->18876K(19072K) NonClass: 16210K(16320K)->16210K(16320K) Class: 2666K(2752K)->2666K(2752K)
[366.788s][info][gc             ] GC(1330) Pause Young (Allocation Failure) 727M->622M(872M) 55.916ms
[366.788s][info][gc,cpu         ] GC(1330) User=0.11s Sys=0.00s Real=0.06s
[366.871s][info][gc,start       ] GC(1331) Pause Young (Allocation Failure)
[366.943s][info][gc,heap        ] GC(1331) PSYoungGen: 183552K(225792K)->58272K(185344K) Eden: 126976K(126976K)->0K(126976K) From: 56576K(98816K)->58272K(58368K)
[366.943s][info][gc,heap        ] GC(1331) ParOldGen: 581121K(667648K)->595385K(667648K)
[366.943s][info][gc,metaspace   ] GC(1331) Metaspace: 18876K(19072K)->18876K(19072K) NonClass: 16210K(16320K)->16210K(16320K) Class: 2666K(2752K)->2666K(2752K)
[366.943s][info][gc             ] GC(1331) Pause Young (Allocation Failure) 746M->638M(833M) 71.442ms
[366.943s][info][gc,cpu         ] GC(1331) User=0.14s Sys=0.00s Real=0.07s
[367.032s][info][gc,start       ] GC(1332) Pause Young (Allocation Failure)
[367.110s][info][gc,heap        ] GC(1332) PSYoungGen: 185248K(185344K)->48832K(229376K) Eden: 126976K(126976K)->0K(123904K) From: 58272K(58368K)->48832K(105472K)
[367.110s][info][gc,heap        ] GC(1332) ParOldGen: 595385K(667648K)->625737K(667648K)
[367.110s][info][gc,metaspace   ] GC(1332) Metaspace: 18876K(19072K)->18876K(19072K) NonClass: 16210K(16320K)->16210K(16320K) Class: 2666K(2752K)->2666K(2752K)
[367.110s][info][gc             ] GC(1332) Pause Young (Allocation Failure) 762M->658M(876M) 78.273ms
[367.110s][info][gc,cpu         ] GC(1332) User=0.16s Sys=0.00s Real=0.08s
[367.223s][info][gc,start       ] GC(1333) Pause Full (Allocation Failure)
[367.223s][info][gc,phases,start] GC(1333) Marking Phase
[367.490s][info][gc,phases      ] GC(1333) Marking Phase 267.141ms
[367.490s][info][gc,phases,start] GC(1333) Summary Phase
[367.490s][info][gc,phases      ] GC(1333) Summary Phase 0.027ms
[367.490s][info][gc,phases,start] GC(1333) Forward
[367.601s][info][gc,phases      ] GC(1333) Forward 110.922ms
[367.601s][info][gc,phases,start] GC(1333) Adjust Pointers
[367.815s][info][gc,phases      ] GC(1333) Adjust Pointers 213.743ms
[367.815s][info][gc,phases,start] GC(1333) Compaction Phase
[367.938s][info][gc,phases      ] GC(1333) Compaction Phase 123.085ms
[367.948s][info][gc,phases,start] GC(1333) Post Compact
[367.951s][info][gc,phases      ] GC(1333) Post Compact 2.281ms
[367.951s][info][gc,heap        ] GC(1333) PSYoungGen: 172736K(229376K)->0K(228352K) Eden: 123904K(123904K)->0K(123904K) From: 48832K(105472K)->0K(104448K)
[367.951s][info][gc,heap        ] GC(1333) ParOldGen: 625737K(667648K)->360541K(660992K)
[367.951s][info][gc,metaspace   ] GC(1333) Metaspace: 18876K(19072K)->18876K(19072K) NonClass: 16210K(16320K)->16210K(16320K) Class: 2666K(2752K)->2666K(2752K)
[367.951s][info][gc             ] GC(1333) Pause Full (Allocation Failure) 779M->352M(868M) 728.669ms
[367.951s][info][gc,cpu         ] GC(1333) User=1.35s Sys=0.00s Real=0.73s
[368.047s][info][gc,start       ] GC(1334) Pause Young (Allocation Failure)
[368.059s][info][gc,heap        ] GC(1334) PSYoungGen: 123904K(228352K)->9920K(224256K) Eden: 123904K(123904K)->0K(124928K) From: 0K(104448K)->9920K(99328K)
[368.059s][info][gc,heap        ] GC(1334) ParOldGen: 360541K(660992K)->360541K(660992K)
[368.059s][info][gc,metaspace   ] GC(1334) Metaspace: 18876K(19072K)->18876K(19072K) NonClass: 16210K(16320K)->16210K(16320K) Class: 2666K(2752K)->2666K(2752K)
[368.059s][info][gc             ] GC(1334) Pause Young (Allocation Failure) 473M->361M(864M) 12.870ms
[368.059s][info][gc,cpu         ] GC(1334) User=0.02s Sys=0.00s Real=0.02s
[368.198s][info][gc,start       ] GC(1335) Pause Young (Allocation Failure)
[368.217s][info][gc,heap        ] GC(1335) PSYoungGen: 134848K(224256K)->2080K(226304K) Eden: 124928K(124928K)->0K(124928K) From: 9920K(99328K)->2080K(101376K)
[368.217s][info][gc,heap        ] GC(1335) ParOldGen: 360541K(660992K)->370461K(660992K)
[368.217s][info][gc,metaspace   ] GC(1335) Metaspace: 18876K(19072K)->18876K(19072K) NonClass: 16210K(16320K)->16210K(16320K) Class: 2666K(2752K)->2666K(2752K)
[368.217s][info][gc             ] GC(1335) Pause Young (Allocation Failure) 483M->363M(866M) 18.617ms
[368.217s][info][gc,cpu         ] GC(1335) User=0.04s Sys=0.00s Real=0.01s
[368.347s][info][gc,start       ] GC(1336) Pause Young (Allocation Failure)
[368.357s][info][gc,heap        ] GC(1336) PSYoungGen: 127008K(226304K)->1408K(226816K) Eden: 124928K(124928K)->0K(132608K) From: 2080K(101376K)->1408K(94208K)
[368.357s][info][gc,heap        ] GC(1336) ParOldGen: 370461K(660992K)->372517K(660992K)
[368.357s][info][gc,metaspace   ] GC(1336) Metaspace: 18876K(19072K)->18876K(19072K) NonClass: 16210K(16320K)->16210K(16320K) Class: 2666K(2752K)->2666K(2752K)
[368.357s][info][gc             ] GC(1336) Pause Young (Allocation Failure) 485M->365M(867M) 10.516ms
[368.357s][info][gc,cpu         ] GC(1336) User=0.02s Sys=0.00s Real=0.01s
[368.509s][info][gc,start       ] GC(1337) Pause Young (Allocation Failure)
[368.521s][info][gc,heap        ] GC(1337) PSYoungGen: 134016K(226816K)->4672K(229888K) Eden: 132608K(132608K)->0K(132608K) From: 1408K(94208K)->4672K(97280K)
[368.521s][info][gc,heap        ] GC(1337) ParOldGen: 372517K(660992K)->372517K(660992K)
[368.521s][info][gc,metaspace   ] GC(1337) Metaspace: 18876K(19072K)->18876K(19072K) NonClass: 16210K(16320K)->16210K(16320K) Class: 2666K(2752K)->2666K(2752K)
[368.521s][info][gc             ] GC(1337) Pause Young (Allocation Failure) 494M->368M(870M) 12.023ms
[368.521s][info][gc,cpu         ] GC(1337) User=0.02s Sys=0.00s Real=0.01s
[368.629s][info][gc,start       ] GC(1338) Pause Young (Allocation Failure)
[368.636s][info][gc,heap        ] GC(1338) PSYoungGen: 137280K(229888K)->4704K(229376K) Eden: 132608K(132608K)->0K(142336K) From: 4672K(97280K)->4704K(87040K)
[368.636s][info][gc,heap        ] GC(1338) ParOldGen: 372517K(660992K)->372517K(660992K)
[368.636s][info][gc,metaspace   ] GC(1338) Metaspace: 18876K(19072K)->18876K(19072K) NonClass: 16210K(16320K)->16210K(16320K) Class: 2666K(2752K)->2666K(2752K)
[368.636s][info][gc             ] GC(1338) Pause Young (Allocation Failure) 497M->368M(869M) 7.276ms
[368.636s][info][gc,cpu         ] GC(1338) User=0.02s Sys=0.00s Real=0.00s
[368.844s][info][gc,start       ] GC(1339) Pause Young (Allocation Failure)
[368.862s][info][gc,heap        ] GC(1339) PSYoungGen: 147040K(229376K)->15776K(232960K) Eden: 142336K(142336K)->0K(142336K) From: 4704K(87040K)->15776K(90624K)
[368.862s][info][gc,heap        ] GC(1339) ParOldGen: 372517K(660992K)->372517K(660992K)
[368.862s][info][gc,metaspace   ] GC(1339) Metaspace: 18876K(19072K)->18876K(19072K) NonClass: 16210K(16320K)->16210K(16320K) Class: 2666K(2752K)->2666K(2752K)
[368.862s][info][gc             ] GC(1339) Pause Young (Allocation Failure) 507M->379M(873M) 17.837ms
[368.862s][info][gc,cpu         ] GC(1339) User=0.04s Sys=0.00s Real=0.02s
[369.028s][info][gc,start       ] GC(1340) Pause Young (Allocation Failure)
[369.074s][info][gc,heap        ] GC(1340) PSYoungGen: 158112K(232960K)->51792K(233472K) Eden: 142336K(142336K)->0K(148480K) From: 15776K(90624K)->51792K(84992K)
[369.074s][info][gc,heap        ] GC(1340) ParOldGen: 372517K(660992K)->372517K(660992K)
[369.074s][info][gc,metaspace   ] GC(1340) Metaspace: 18876K(19072K)->18876K(19072K) NonClass: 16210K(16320K)->16210K(16320K) Class: 2666K(2752K)->2666K(2752K)
[369.074s][info][gc             ] GC(1340) Pause Young (Allocation Failure) 518M->414M(873M) 46.583ms
[369.074s][info][gc,cpu         ] GC(1340) User=0.10s Sys=0.00s Real=0.04s
[369.245s][info][gc,start       ] GC(1341) Pause Young (Allocation Failure)
[369.323s][info][gc,heap        ] GC(1341) PSYoungGen: 200272K(233472K)->89576K(238080K) Eden: 148480K(148480K)->0K(148480K) From: 51792K(84992K)->89576K(89600K)
[369.323s][info][gc,heap        ] GC(1341) ParOldGen: 372517K(660992K)->381821K(660992K)
[369.323s][info][gc,metaspace   ] GC(1341) Metaspace: 18876K(19072K)->18876K(19072K) NonClass: 16210K(16320K)->16210K(16320K) Class: 2666K(2752K)->2666K(2752K)
[369.323s][info][gc             ] GC(1341) Pause Young (Allocation Failure) 559M->460M(878M) 78.093ms
[369.323s][info][gc,cpu         ] GC(1341) User=0.16s Sys=0.00s Real=0.08s
[369.419s][info][gc,start       ] GC(1342) Pause Young (Allocation Failure)
[369.510s][info][gc,heap        ] GC(1342) PSYoungGen: 238056K(238080K)->93312K(207360K) Eden: 148480K(148480K)->0K(111616K) From: 89576K(89600K)->93312K(95744K)
[369.510s][info][gc,heap        ] GC(1342) ParOldGen: 381821K(660992K)->386467K(660992K)
[369.510s][info][gc,metaspace   ] GC(1342) Metaspace: 18876K(19072K)->18876K(19072K) NonClass: 16210K(16320K)->16210K(16320K) Class: 2666K(2752K)->2666K(2752K)
[369.510s][info][gc             ] GC(1342) Pause Young (Allocation Failure) 605M->468M(848M) 91.791ms
[369.510s][info][gc,cpu         ] GC(1342) User=0.16s Sys=0.02s Real=0.09s
[369.646s][info][gc,start       ] GC(1343) Pause Young (Allocation Failure)
[369.716s][info][gc,heap        ] GC(1343) PSYoungGen: 204928K(207360K)->82304K(222720K) Eden: 111616K(111616K)->0K(111616K) From: 93312K(95744K)->82304K(111104K)
[369.716s][info][gc,heap        ] GC(1343) ParOldGen: 386467K(660992K)->397619K(660992K)
[369.716s][info][gc,metaspace   ] GC(1343) Metaspace: 18876K(19072K)->18876K(19072K) NonClass: 16210K(16320K)->16210K(16320K) Class: 2666K(2752K)->2666K(2752K)
[369.716s][info][gc             ] GC(1343) Pause Young (Allocation Failure) 577M->468M(863M) 70.584ms
[369.716s][info][gc,cpu         ] GC(1343) User=0.14s Sys=0.00s Real=0.07s
[369.855s][info][gc,start       ] GC(1344) Pause Young (Allocation Failure)
[369.919s][info][gc,heap        ] GC(1344) PSYoungGen: 193920K(222720K)->8800K(222720K) Eden: 111616K(111616K)->0K(111616K) From: 82304K(111104K)->8800K(111104K)
[369.919s][info][gc,heap        ] GC(1344) ParOldGen: 397619K(660992K)->472006K(660992K)
[369.919s][info][gc,metaspace   ] GC(1344) Metaspace: 18876K(19072K)->18876K(19072K) NonClass: 16210K(16320K)->16210K(16320K) Class: 2666K(2752K)->2666K(2752K)
[369.919s][info][gc             ] GC(1344) Pause Young (Allocation Failure) 577M->469M(863M) 63.919ms
[369.919s][info][gc,cpu         ] GC(1344) User=0.13s Sys=0.00s Real=0.07s
[370.103s][info][gc,start       ] GC(1345) Pause Young (Allocation Failure)
[370.115s][info][gc,heap        ] GC(1345) PSYoungGen: 120416K(222720K)->736K(222720K) Eden: 111616K(111616K)->0K(111616K) From: 8800K(111104K)->736K(111104K)
[370.115s][info][gc,heap        ] GC(1345) ParOldGen: 472006K(660992K)->480502K(660992K)
[370.115s][info][gc,metaspace   ] GC(1345) Metaspace: 18876K(19072K)->18876K(19072K) NonClass: 16210K(16320K)->16210K(16320K) Class: 2666K(2752K)->2666K(2752K)
[370.115s][info][gc             ] GC(1345) Pause Young (Allocation Failure) 578M->469M(863M) 12.462ms
[370.115s][info][gc,cpu         ] GC(1345) User=0.03s Sys=0.00s Real=0.01s
[370.262s][info][gc,start       ] GC(1346) Pause Young (Allocation Failure)
[370.269s][info][gc,heap        ] GC(1346) PSYoungGen: 112352K(222720K)->1312K(222720K) Eden: 111616K(111616K)->0K(111616K) From: 736K(111104K)->1312K(111104K)
[370.269s][info][gc,heap        ] GC(1346) ParOldGen: 480502K(660992K)->481134K(660992K)
[370.269s][info][gc,metaspace   ] GC(1346) Metaspace: 18877K(19072K)->18877K(19072K) NonClass: 16211K(16320K)->16211K(16320K) Class: 2666K(2752K)->2666K(2752K)
[370.269s][info][gc             ] GC(1346) Pause Young (Allocation Failure) 578M->471M(863M) 6.315ms
[370.269s][info][gc,cpu         ] GC(1346) User=0.01s Sys=0.00s Real=0.01s
[370.363s][info][gc,start       ] GC(1347) Pause Young (Allocation Failure)
[370.369s][info][gc,heap        ] GC(1347) PSYoungGen: 112928K(222720K)->736K(222720K) Eden: 111616K(111616K)->0K(111616K) From: 1312K(111104K)->736K(111104K)
[370.369s][info][gc,heap        ] GC(1347) ParOldGen: 481134K(660992K)->482390K(660992K)
[370.369s][info][gc,metaspace   ] GC(1347) Metaspace: 18877K(19072K)->18877K(19072K) NonClass: 16211K(16320K)->16211K(16320K) Class: 2666K(2752K)->2666K(2752K)
[370.369s][info][gc             ] GC(1347) Pause Young (Allocation Failure) 580M->471M(863M) 5.831ms
[370.369s][info][gc,cpu         ] GC(1347) User=0.01s Sys=0.00s Real=0.01s
[370.537s][info][gc,start       ] GC(1348) Pause Young (Allocation Failure)
[370.553s][info][gc,heap        ] GC(1348) PSYoungGen: 112352K(222720K)->3073K(222720K) Eden: 111616K(111616K)->0K(111616K) From: 736K(111104K)->3073K(111104K)
[370.553s][info][gc,heap        ] GC(1348) ParOldGen: 482390K(660992K)->483102K(660992K)
[370.553s][info][gc,metaspace   ] GC(1348) Metaspace: 18880K(19072K)->18880K(19072K) NonClass: 16214K(16320K)->16214K(16320K) Class: 2666K(2752K)->2666K(2752K)
[370.553s][info][gc             ] GC(1348) Pause Young (Allocation Failure) 580M->474M(863M) 15.540ms
[370.553s][info][gc,cpu         ] GC(1348) User=0.03s Sys=0.00s Real=0.02s
[370.779s][info][gc,start       ] GC(1349) Pause Young (Allocation Failure)
[370.813s][info][gc,heap        ] GC(1349) PSYoungGen: 114689K(222720K)->19081K(131072K) Eden: 111616K(111616K)->0K(111616K) From: 3073K(111104K)->19081K(19456K)
[370.813s][info][gc,heap        ] GC(1349) ParOldGen: 483102K(660992K)->485979K(660992K)
[370.813s][info][gc,metaspace   ] GC(1349) Metaspace: 18880K(19072K)->18880K(19072K) NonClass: 16214K(16320K)->16214K(16320K) Class: 2666K(2752K)->2666K(2752K)
[370.813s][info][gc             ] GC(1349) Pause Young (Allocation Failure) 583M->493M(773M) 33.913ms
[370.813s][info][gc,cpu         ] GC(1349) User=0.06s Sys=0.00s Real=0.03s
[370.952s][info][gc,start       ] GC(1350) Pause Young (Allocation Failure)
[370.994s][info][gc,heap        ] GC(1350) PSYoungGen: 130697K(131072K)->36905K(222720K) Eden: 111616K(111616K)->0K(115200K) From: 19081K(19456K)->36905K(107520K)
[370.994s][info][gc,heap        ] GC(1350) ParOldGen: 485979K(660992K)->485979K(660992K)
[370.994s][info][gc,metaspace   ] GC(1350) Metaspace: 18880K(19072K)->18880K(19072K) NonClass: 16214K(16320K)->16214K(16320K) Class: 2666K(2752K)->2666K(2752K)
[370.994s][info][gc             ] GC(1350) Pause Young (Allocation Failure) 602M->510M(863M) 42.219ms
[370.994s][info][gc,cpu         ] GC(1350) User=0.08s Sys=0.00s Real=0.04s
[371.124s][info][gc,start       ] GC(1351) Pause Young (Allocation Failure)
[371.176s][info][gc,heap        ] GC(1351) PSYoungGen: 152105K(222720K)->47977K(219136K) Eden: 115200K(115200K)->0K(115200K) From: 36905K(107520K)->47977K(103936K)
[371.176s][info][gc,heap        ] GC(1351) ParOldGen: 485979K(660992K)->485979K(660992K)
[371.176s][info][gc,metaspace   ] GC(1351) Metaspace: 18880K(19072K)->18880K(19072K) NonClass: 16214K(16320K)->16214K(16320K) Class: 2666K(2752K)->2666K(2752K)
[371.176s][info][gc             ] GC(1351) Pause Young (Allocation Failure) 623M->521M(859M) 51.587ms
[371.176s][info][gc,cpu         ] GC(1351) User=0.10s Sys=0.00s Real=0.05s
[371.311s][info][gc,start       ] GC(1352) Pause Young (Allocation Failure)
[371.366s][info][gc,heap        ] GC(1352) PSYoungGen: 163177K(219136K)->31584K(220160K) Eden: 115200K(115200K)->0K(125952K) From: 47977K(103936K)->31584K(94208K)
[371.366s][info][gc,heap        ] GC(1352) ParOldGen: 485979K(660992K)->505092K(660992K)
[371.366s][info][gc,metaspace   ] GC(1352) Metaspace: 18880K(19072K)->18880K(19072K) NonClass: 16214K(16320K)->16214K(16320K) Class: 2666K(2752K)->2666K(2752K)
[371.366s][info][gc             ] GC(1352) Pause Young (Allocation Failure) 633M->524M(860M) 55.527ms
[371.366s][info][gc,cpu         ] GC(1352) User=0.11s Sys=0.00s Real=0.05s
[371.512s][info][gc,start       ] GC(1353) Pause Young (Allocation Failure)
[371.548s][info][gc,heap        ] GC(1353) PSYoungGen: 157536K(220160K)->16320K(223232K) Eden: 125952K(125952K)->0K(125952K) From: 31584K(94208K)->16320K(97280K)
[371.548s][info][gc,heap        ] GC(1353) ParOldGen: 505092K(660992K)->522932K(660992K)
[371.548s][info][gc,metaspace   ] GC(1353) Metaspace: 18882K(19072K)->18882K(19072K) NonClass: 16216K(16320K)->16216K(16320K) Class: 2666K(2752K)->2666K(2752K)
[371.548s][info][gc             ] GC(1353) Pause Young (Allocation Failure) 647M->526M(863M) 35.202ms
[371.548s][info][gc,cpu         ] GC(1353) User=0.07s Sys=0.00s Real=0.04s
[371.651s][info][gc,start       ] GC(1354) Pause Young (Allocation Failure)
[371.669s][info][gc,heap        ] GC(1354) PSYoungGen: 142272K(223232K)->5376K(225792K) Eden: 125952K(125952K)->0K(138752K) From: 16320K(97280K)->5376K(87040K)
[371.669s][info][gc,heap        ] GC(1354) ParOldGen: 522932K(660992K)->534012K(660992K)
[371.669s][info][gc,metaspace   ] GC(1354) Metaspace: 18882K(19072K)->18882K(19072K) NonClass: 16216K(16320K)->16216K(16320K) Class: 2666K(2752K)->2666K(2752K)
[371.669s][info][gc             ] GC(1354) Pause Young (Allocation Failure) 649M->526M(866M) 18.221ms
[371.669s][info][gc,cpu         ] GC(1354) User=0.04s Sys=0.00s Real=0.02s
[371.785s][info][gc,start       ] GC(1355) Pause Young (Allocation Failure)
[371.795s][info][gc,heap        ] GC(1355) PSYoungGen: 144128K(225792K)->3744K(228864K) Eden: 138752K(138752K)->0K(138752K) From: 5376K(87040K)->3744K(90112K)
[371.795s][info][gc,heap        ] GC(1355) ParOldGen: 534012K(660992K)->536652K(660992K)
[371.795s][info][gc,metaspace   ] GC(1355) Metaspace: 18882K(19072K)->18882K(19072K) NonClass: 16216K(16320K)->16216K(16320K) Class: 2666K(2752K)->2666K(2752K)
[371.795s][info][gc             ] GC(1355) Pause Young (Allocation Failure) 662M->527M(869M) 9.925ms
[371.795s][info][gc,cpu         ] GC(1355) User=0.02s Sys=0.00s Real=0.01s
[371.969s][info][gc,start       ] GC(1356) Pause Young (Allocation Failure)
[371.983s][info][gc,heap        ] GC(1356) PSYoungGen: 142496K(228864K)->10176K(228864K) Eden: 138752K(138752K)->0K(150528K) From: 3744K(90112K)->10176K(78336K)
[371.983s][info][gc,heap        ] GC(1356) ParOldGen: 536652K(660992K)->536652K(660992K)
[371.983s][info][gc,metaspace   ] GC(1356) Metaspace: 18882K(19072K)->18882K(19072K) NonClass: 16216K(16320K)->16216K(16320K) Class: 2666K(2752K)->2666K(2752K)
[371.983s][info][gc             ] GC(1356) Pause Young (Allocation Failure) 663M->534M(869M) 14.305ms
[371.983s][info][gc,cpu         ] GC(1356) User=0.03s Sys=0.00s Real=0.01s
[372.355s][info][gc,start       ] GC(1357) Pause Young (Allocation Failure)
[372.368s][info][gc,heap        ] GC(1357) PSYoungGen: 160704K(228864K)->10320K(233984K) Eden: 150528K(150528K)->0K(150528K) From: 10176K(78336K)->10320K(83456K)
[372.368s][info][gc,heap        ] GC(1357) ParOldGen: 536652K(660992K)->536652K(660992K)
[372.368s][info][gc,metaspace   ] GC(1357) Metaspace: 18883K(19072K)->18883K(19072K) NonClass: 16217K(16320K)->16217K(16320K) Class: 2666K(2752K)->2666K(2752K)
[372.368s][info][gc             ] GC(1357) Pause Young (Allocation Failure) 681M->534M(874M) 13.629ms
[372.368s][info][gc,cpu         ] GC(1357) User=0.03s Sys=0.00s Real=0.02s
[372.725s][info][gc,start       ] GC(1358) Pause Young (Allocation Failure)
[372.739s][info][gc,heap        ] GC(1358) PSYoungGen: 160848K(233984K)->10504K(229888K) Eden: 150528K(150528K)->0K(160256K) From: 10320K(83456K)->10504K(69632K)
[372.739s][info][gc,heap        ] GC(1358) ParOldGen: 536652K(660992K)->536652K(660992K)
[372.739s][info][gc,metaspace   ] GC(1358) Metaspace: 18883K(19072K)->18883K(19072K) NonClass: 16217K(16320K)->16217K(16320K) Class: 2666K(2752K)->2666K(2752K)
[372.739s][info][gc             ] GC(1358) Pause Young (Allocation Failure) 681M->534M(870M) 13.489ms
[372.739s][info][gc,cpu         ] GC(1358) User=0.02s Sys=0.01s Real=0.02s
[373.018s][info][gc,start       ] GC(1359) Pause Young (Allocation Failure)
[373.051s][info][gc,heap        ] GC(1359) PSYoungGen: 170760K(229888K)->31736K(235520K) Eden: 160256K(160256K)->0K(160256K) From: 10504K(69632K)->31736K(75264K)
[373.051s][info][gc,heap        ] GC(1359) ParOldGen: 536652K(660992K)->536652K(660992K)
[373.051s][info][gc,metaspace   ] GC(1359) Metaspace: 18883K(19072K)->18883K(19072K) NonClass: 16217K(16320K)->16217K(16320K) Class: 2666K(2752K)->2666K(2752K)
[373.051s][info][gc             ] GC(1359) Pause Young (Allocation Failure) 690M->555M(875M) 33.229ms
[373.051s][info][gc,cpu         ] GC(1359) User=0.06s Sys=0.00s Real=0.03s
[373.354s][info][gc,start       ] GC(1360) Pause Young (Allocation Failure)
[373.388s][info][gc,heap        ] GC(1360) PSYoungGen: 191992K(235520K)->31776K(242176K) Eden: 160256K(160256K)->0K(171008K) From: 31736K(75264K)->31776K(71168K)
[373.388s][info][gc,heap        ] GC(1360) ParOldGen: 536652K(660992K)->536652K(660992K)
[373.388s][info][gc,metaspace   ] GC(1360) Metaspace: 18883K(19072K)->18883K(19072K) NonClass: 16217K(16320K)->16217K(16320K) Class: 2666K(2752K)->2666K(2752K)
[373.388s][info][gc             ] GC(1360) Pause Young (Allocation Failure) 711M->555M(882M) 33.858ms
[373.388s][info][gc,cpu         ] GC(1360) User=0.07s Sys=0.00s Real=0.04s
[374.695s][info][gc,start       ] GC(1361) Pause Young (Allocation Failure)
[374.730s][info][gc,heap        ] GC(1361) PSYoungGen: 202784K(242176K)->32493K(243712K) Eden: 171008K(171008K)->0K(171008K) From: 31776K(71168K)->32493K(72704K)
[374.730s][info][gc,heap        ] GC(1361) ParOldGen: 536652K(660992K)->536652K(660992K)
[374.730s][info][gc,metaspace   ] GC(1361) Metaspace: 18884K(19072K)->18884K(19072K) NonClass: 16218K(16320K)->16218K(16320K) Class: 2666K(2752K)->2666K(2752K)
[374.730s][info][gc             ] GC(1361) Pause Young (Allocation Failure) 722M->555M(883M) 34.691ms
[374.730s][info][gc,cpu         ] GC(1361) User=0.07s Sys=0.00s Real=0.04s
[375.471s][info][gc,start       ] GC(1362) Pause Young (Allocation Failure)
[375.507s][info][gc,heap        ] GC(1362) PSYoungGen: 203395K(243712K)->34038K(249344K) Eden: 170902K(171008K)->0K(180224K) From: 32493K(72704K)->34038K(69120K)
[375.507s][info][gc,heap        ] GC(1362) ParOldGen: 536652K(660992K)->536652K(660992K)
[375.507s][info][gc,metaspace   ] GC(1362) Metaspace: 18893K(19072K)->18893K(19072K) NonClass: 16227K(16320K)->16227K(16320K) Class: 2666K(2752K)->2666K(2752K)
[375.507s][info][gc             ] GC(1362) Pause Young (Allocation Failure) 722M->557M(889M) 35.510ms
[375.507s][info][gc,cpu         ] GC(1362) User=0.07s Sys=0.00s Real=0.03s
[375.911s][info][gc,start       ] GC(1363) Pause Young (Allocation Failure)
[375.947s][info][gc,heap        ] GC(1363) PSYoungGen: 214262K(249344K)->34436K(250880K) Eden: 180224K(180224K)->0K(180224K) From: 34038K(69120K)->34436K(70656K)
[375.947s][info][gc,heap        ] GC(1363) ParOldGen: 536652K(660992K)->536652K(660992K)
[375.947s][info][gc,metaspace   ] GC(1363) Metaspace: 18894K(19072K)->18894K(19072K) NonClass: 16228K(16320K)->16228K(16320K) Class: 2666K(2752K)->2666K(2752K)
[375.947s][info][gc             ] GC(1363) Pause Young (Allocation Failure) 733M->557M(890M) 36.302ms
[375.947s][info][gc,cpu         ] GC(1363) User=0.07s Sys=0.00s Real=0.03s
[376.298s][info][gc,start       ] GC(1364) Pause Young (Allocation Failure)
[376.346s][info][gc,heap        ] GC(1364) PSYoungGen: 214660K(250880K)->50541K(254464K) Eden: 180224K(180224K)->0K(184320K) From: 34436K(70656K)->50541K(70144K)
[376.346s][info][gc,heap        ] GC(1364) ParOldGen: 536652K(660992K)->536652K(660992K)
[376.346s][info][gc,metaspace   ] GC(1364) Metaspace: 18894K(19072K)->18894K(19072K) NonClass: 16228K(16320K)->16228K(16320K) Class: 2666K(2752K)->2666K(2752K)
[376.346s][info][gc             ] GC(1364) Pause Young (Allocation Failure) 733M->573M(894M) 48.261ms
[376.346s][info][gc,cpu         ] GC(1364) User=0.10s Sys=0.00s Real=0.04s
[376.491s][info][gc,start       ] GC(1365) Pause Young (Allocation Failure)
[376.590s][info][gc,heap        ] GC(1365) PSYoungGen: 234861K(254464K)->74724K(259072K) Eden: 184320K(184320K)->0K(184320K) From: 50541K(70144K)->74724K(74752K)
[376.590s][info][gc,heap        ] GC(1365) ParOldGen: 536652K(660992K)->573780K(660992K)
[376.590s][info][gc,metaspace   ] GC(1365) Metaspace: 18901K(19072K)->18901K(19072K) NonClass: 16235K(16320K)->16235K(16320K) Class: 2666K(2752K)->2666K(2752K)
[376.590s][info][gc             ] GC(1365) Pause Young (Allocation Failure) 753M->633M(898M) 98.302ms
[376.590s][info][gc,cpu         ] GC(1365) User=0.20s Sys=0.00s Real=0.10s
[376.829s][info][gc,start       ] GC(1366) Pause Young (Allocation Failure)
[376.971s][info][gc,heap        ] GC(1366) PSYoungGen: 259044K(259072K)->74724K(186368K) Eden: 184320K(184320K)->0K(111616K) From: 74724K(74752K)->74724K(74752K)
[376.971s][info][gc,heap        ] GC(1366) ParOldGen: 573780K(660992K)->645865K(660992K)
[376.971s][info][gc,metaspace   ] GC(1366) Metaspace: 18901K(19072K)->18901K(19072K) NonClass: 16235K(16320K)->16235K(16320K) Class: 2666K(2752K)->2666K(2752K)
[376.971s][info][gc             ] GC(1366) Pause Young (Allocation Failure) 813M->703M(827M) 141.978ms
[376.971s][info][gc,cpu         ] GC(1366) User=0.26s Sys=0.02s Real=0.14s
[377.276s][info][gc,start       ] GC(1367) Pause Full (Allocation Failure)
[377.276s][info][gc,phases,start] GC(1367) Marking Phase
[377.411s][info][gc,phases      ] GC(1367) Marking Phase 134.619ms
[377.411s][info][gc,phases,start] GC(1367) Summary Phase
[377.411s][info][gc,phases      ] GC(1367) Summary Phase 0.033ms
[377.411s][info][gc,phases,start] GC(1367) Forward
[377.469s][info][gc,phases      ] GC(1367) Forward 58.300ms
[377.469s][info][gc,phases,start] GC(1367) Adjust Pointers
[377.562s][info][gc,phases      ] GC(1367) Adjust Pointers 92.536ms
[377.562s][info][gc,phases,start] GC(1367) Compaction Phase
[377.623s][info][gc,phases      ] GC(1367) Compaction Phase 61.569ms
[377.626s][info][gc,phases,start] GC(1367) Post Compact
[377.628s][info][gc,phases      ] GC(1367) Post Compact 2.408ms
[377.638s][info][gc,heap        ] GC(1367) PSYoungGen: 186340K(186368K)->0K(222720K) Eden: 111616K(111616K)->0K(111616K) From: 74724K(74752K)->0K(111104K)
[377.638s][info][gc,heap        ] GC(1367) ParOldGen: 645865K(660992K)->217678K(537600K)
[377.638s][info][gc,metaspace   ] GC(1367) Metaspace: 18910K(19072K)->18910K(19072K) NonClass: 16244K(16320K)->16244K(16320K) Class: 2666K(2752K)->2666K(2752K)
[377.638s][info][gc             ] GC(1367) Pause Full (Allocation Failure) 812M->212M(742M) 361.697ms
[377.638s][info][gc,cpu         ] GC(1367) User=0.63s Sys=0.01s Real=0.37s
[377.768s][info][gc,start       ] GC(1368) Pause Young (Allocation Failure)
[377.807s][info][gc,heap        ] GC(1368) PSYoungGen: 111616K(222720K)->21394K(222720K) Eden: 111616K(111616K)->0K(111616K) From: 0K(111104K)->21394K(111104K)
[377.807s][info][gc,heap        ] GC(1368) ParOldGen: 217678K(537600K)->217678K(537600K)
[377.807s][info][gc,metaspace   ] GC(1368) Metaspace: 18918K(19072K)->18918K(19072K) NonClass: 16252K(16320K)->16252K(16320K) Class: 2666K(2752K)->2666K(2752K)
[377.807s][info][gc             ] GC(1368) Pause Young (Allocation Failure) 321M->233M(742M) 39.140ms
[377.807s][info][gc,cpu         ] GC(1368) User=0.07s Sys=0.00s Real=0.03s
[377.915s][info][gc,start       ] GC(1369) Pause Young (Allocation Failure)
[377.960s][info][gc,heap        ] GC(1369) PSYoungGen: 133010K(222720K)->34226K(222720K) Eden: 111616K(111616K)->0K(111616K) From: 21394K(111104K)->34226K(111104K)
[377.960s][info][gc,heap        ] GC(1369) ParOldGen: 217678K(537600K)->217678K(537600K)
[377.960s][info][gc,metaspace   ] GC(1369) Metaspace: 18918K(19072K)->18918K(19072K) NonClass: 16252K(16320K)->16252K(16320K) Class: 2666K(2752K)->2666K(2752K)
[377.960s][info][gc             ] GC(1369) Pause Young (Allocation Failure) 342M->246M(742M) 45.113ms
[377.960s][info][gc,cpu         ] GC(1369) User=0.09s Sys=0.00s Real=0.05s
[378.070s][info][gc,start       ] GC(1370) Pause Young (Allocation Failure)
[378.116s][info][gc,heap        ] GC(1370) PSYoungGen: 145842K(222720K)->38043K(222720K) Eden: 111616K(111616K)->0K(111616K) From: 34226K(111104K)->38043K(111104K)
[378.116s][info][gc,heap        ] GC(1370) ParOldGen: 217678K(537600K)->217678K(537600K)
[378.116s][info][gc,metaspace   ] GC(1370) Metaspace: 18918K(19072K)->18918K(19072K) NonClass: 16252K(16320K)->16252K(16320K) Class: 2666K(2752K)->2666K(2752K)
[378.116s][info][gc             ] GC(1370) Pause Young (Allocation Failure) 355M->249M(742M) 45.829ms
[378.116s][info][gc,cpu         ] GC(1370) User=0.09s Sys=0.00s Real=0.04s
[378.210s][info][gc,start       ] GC(1371) Pause Young (Allocation Failure)
[378.263s][info][gc,heap        ] GC(1371) PSYoungGen: 149659K(222720K)->46043K(222720K) Eden: 111616K(111616K)->0K(111616K) From: 38043K(111104K)->46043K(111104K)
[378.263s][info][gc,heap        ] GC(1371) ParOldGen: 217678K(537600K)->217678K(537600K)
[378.263s][info][gc,metaspace   ] GC(1371) Metaspace: 18918K(19072K)->18918K(19072K) NonClass: 16252K(16320K)->16252K(16320K) Class: 2666K(2752K)->2666K(2752K)
[378.263s][info][gc             ] GC(1371) Pause Young (Allocation Failure) 358M->257M(742M) 53.468ms
[378.263s][info][gc,cpu         ] GC(1371) User=0.10s Sys=0.00s Real=0.05s
[378.366s][info][gc,start       ] GC(1372) Pause Young (Allocation Failure)
[378.421s][info][gc,heap        ] GC(1372) PSYoungGen: 157659K(222720K)->46130K(211456K) Eden: 111616K(111616K)->0K(111616K) From: 46043K(111104K)->46130K(99840K)
[378.421s][info][gc,heap        ] GC(1372) ParOldGen: 217678K(537600K)->217678K(537600K)
[378.421s][info][gc,metaspace   ] GC(1372) Metaspace: 18918K(19072K)->18918K(19072K) NonClass: 16252K(16320K)->16252K(16320K) Class: 2666K(2752K)->2666K(2752K)
[378.421s][info][gc             ] GC(1372) Pause Young (Allocation Failure) 366M->257M(731M) 54.303ms
[378.421s][info][gc,cpu         ] GC(1372) User=0.10s Sys=0.00s Real=0.06s
[378.496s][info][gc,start       ] GC(1373) Pause Young (Allocation Failure)
[378.567s][info][gc,heap        ] GC(1373) PSYoungGen: 157746K(211456K)->66322K(217088K) Eden: 111616K(111616K)->0K(111616K) From: 46130K(99840K)->66322K(105472K)
[378.567s][info][gc,heap        ] GC(1373) ParOldGen: 217678K(537600K)->217678K(537600K)
[378.567s][info][gc,metaspace   ] GC(1373) Metaspace: 18918K(19072K)->18918K(19072K) NonClass: 16252K(16320K)->16252K(16320K) Class: 2666K(2752K)->2666K(2752K)
[378.567s][info][gc             ] GC(1373) Pause Young (Allocation Failure) 366M->277M(737M) 71.103ms
[378.567s][info][gc,cpu         ] GC(1373) User=0.14s Sys=0.00s Real=0.07s
[378.639s][info][gc,start       ] GC(1374) Pause Young (Allocation Failure)
[378.731s][info][gc,heap        ] GC(1374) PSYoungGen: 177938K(217088K)->59456K(227328K) Eden: 111616K(111616K)->0K(119808K) From: 66322K(105472K)->59456K(107520K)
[378.731s][info][gc,heap        ] GC(1374) ParOldGen: 217678K(537600K)->251939K(537600K)
[378.731s][info][gc,metaspace   ] GC(1374) Metaspace: 18918K(19072K)->18918K(19072K) NonClass: 16252K(16320K)->16252K(16320K) Class: 2666K(2752K)->2666K(2752K)
[378.731s][info][gc             ] GC(1374) Pause Young (Allocation Failure) 386M->304M(747M) 92.296ms
[378.731s][info][gc,cpu         ] GC(1374) User=0.18s Sys=0.00s Real=0.09s
[378.825s][info][gc,start       ] GC(1375) Pause Young (Allocation Failure)
[378.883s][info][gc,heap        ] GC(1375) PSYoungGen: 179264K(227328K)->60144K(180224K) Eden: 119808K(119808K)->0K(119808K) From: 59456K(107520K)->60144K(60416K)
[378.883s][info][gc,heap        ] GC(1375) ParOldGen: 251939K(537600K)->263776K(537600K)
[378.883s][info][gc,metaspace   ] GC(1375) Metaspace: 18918K(19072K)->18918K(19072K) NonClass: 16252K(16320K)->16252K(16320K) Class: 2666K(2752K)->2666K(2752K)
[378.883s][info][gc             ] GC(1375) Pause Young (Allocation Failure) 421M->316M(701M) 58.223ms
[378.883s][info][gc,cpu         ] GC(1375) User=0.12s Sys=0.00s Real=0.06s
[378.990s][info][gc,start       ] GC(1376) Pause Young (Allocation Failure)
[379.053s][info][gc,heap        ] GC(1376) PSYoungGen: 179952K(180224K)->51827K(229888K) Eden: 119808K(119808K)->0K(124416K) From: 60144K(60416K)->51827K(105472K)
[379.053s][info][gc,heap        ] GC(1376) ParOldGen: 263776K(537600K)->284128K(537600K)
[379.053s][info][gc,metaspace   ] GC(1376) Metaspace: 18918K(19072K)->18918K(19072K) NonClass: 16252K(16320K)->16252K(16320K) Class: 2666K(2752K)->2666K(2752K)
[379.053s][info][gc             ] GC(1376) Pause Young (Allocation Failure) 433M->328M(749M) 63.289ms
[379.053s][info][gc,cpu         ] GC(1376) User=0.13s Sys=0.00s Real=0.06s
[379.139s][info][gc,start       ] GC(1377) Pause Young (Allocation Failure)
[379.188s][info][gc,heap        ] GC(1377) PSYoungGen: 176243K(229888K)->16483K(225280K) Eden: 124416K(124416K)->0K(124416K) From: 51827K(105472K)->16483K(100864K)
[379.188s][info][gc,heap        ] GC(1377) ParOldGen: 284128K(537600K)->324208K(537600K)
[379.188s][info][gc,metaspace   ] GC(1377) Metaspace: 18918K(19072K)->18918K(19072K) NonClass: 16252K(16320K)->16252K(16320K) Class: 2666K(2752K)->2666K(2752K)
[379.188s][info][gc             ] GC(1377) Pause Young (Allocation Failure) 449M->332M(745M) 48.939ms
[379.188s][info][gc,cpu         ] GC(1377) User=0.09s Sys=0.00s Real=0.05s
[379.261s][info][gc,start       ] GC(1378) Pause Young (Allocation Failure)
[379.285s][info][gc,heap        ] GC(1378) PSYoungGen: 140899K(225280K)->3456K(227328K) Eden: 124416K(124416K)->0K(125952K) From: 16483K(100864K)->3456K(101376K)
[379.285s][info][gc,heap        ] GC(1378) ParOldGen: 324208K(537600K)->340684K(537600K)
[379.285s][info][gc,metaspace   ] GC(1378) Metaspace: 18918K(19072K)->18918K(19072K) NonClass: 16252K(16320K)->16252K(16320K) Class: 2666K(2752K)->2666K(2752K)
[379.285s][info][gc             ] GC(1378) Pause Young (Allocation Failure) 454M->336M(747M) 23.412ms
[379.285s][info][gc,cpu         ] GC(1378) User=0.04s Sys=0.00s Real=0.02s
[379.518s][info][gc,start       ] GC(1379) Pause Young (Allocation Failure)
[379.525s][info][gc,heap        ] GC(1379) PSYoungGen: 129408K(227328K)->1696K(228864K) Eden: 125952K(125952K)->0K(125952K) From: 3456K(101376K)->1696K(102912K)
[379.525s][info][gc,heap        ] GC(1379) ParOldGen: 340684K(537600K)->344124K(537600K)
[379.525s][info][gc,metaspace   ] GC(1379) Metaspace: 18918K(19072K)->18918K(19072K) NonClass: 16252K(16320K)->16252K(16320K) Class: 2666K(2752K)->2666K(2752K)
[379.525s][info][gc             ] GC(1379) Pause Young (Allocation Failure) 459M->337M(748M) 7.597ms
[379.525s][info][gc,cpu         ] GC(1379) User=0.01s Sys=0.00s Real=0.00s
[379.783s][info][gc,start       ] GC(1380) Pause Young (Allocation Failure)
[379.810s][info][gc,heap        ] GC(1380) PSYoungGen: 127648K(228864K)->24480K(223232K) Eden: 125952K(125952K)->0K(127488K) From: 1696K(102912K)->24480K(95744K)
[379.810s][info][gc,heap        ] GC(1380) ParOldGen: 344124K(537600K)->345788K(537600K)
[379.810s][info][gc,metaspace   ] GC(1380) Metaspace: 18918K(19072K)->18918K(19072K) NonClass: 16252K(16320K)->16252K(16320K) Class: 2666K(2752K)->2666K(2752K)
[379.810s][info][gc             ] GC(1380) Pause Young (Allocation Failure) 460M->361M(743M) 27.260ms
[379.810s][info][gc,cpu         ] GC(1380) User=0.06s Sys=0.00s Real=0.03s
[379.933s][info][gc,start       ] GC(1381) Pause Young (Allocation Failure)
[379.990s][info][gc,heap        ] GC(1381) PSYoungGen: 151968K(223232K)->41680K(226816K) Eden: 127488K(127488K)->0K(127488K) From: 24480K(95744K)->41680K(99328K)
[379.990s][info][gc,heap        ] GC(1381) ParOldGen: 345788K(537600K)->370291K(537600K)
[379.990s][info][gc,metaspace   ] GC(1381) Metaspace: 18919K(19072K)->18919K(19072K) NonClass: 16253K(16320K)->16253K(16320K) Class: 2666K(2752K)->2666K(2752K)
[379.990s][info][gc             ] GC(1381) Pause Young (Allocation Failure) 486M->402M(746M) 57.650ms
[379.990s][info][gc,cpu         ] GC(1381) User=0.11s Sys=0.00s Real=0.06s
[380.169s][info][gc,start       ] GC(1382) Pause Young (Allocation Failure)
[380.219s][info][gc,heap        ] GC(1382) PSYoungGen: 169168K(226816K)->15168K(231424K) Eden: 127488K(127488K)->0K(139776K) From: 41680K(99328K)->15168K(91648K)
[380.219s][info][gc,heap        ] GC(1382) ParOldGen: 370291K(537600K)->412275K(537600K)
[380.219s][info][gc,metaspace   ] GC(1382) Metaspace: 18921K(19072K)->18921K(19072K) NonClass: 16254K(16320K)->16254K(16320K) Class: 2666K(2752K)->2666K(2752K)
[380.219s][info][gc             ] GC(1382) Pause Young (Allocation Failure) 526M->417M(751M) 49.678ms
[380.219s][info][gc,cpu         ] GC(1382) User=0.09s Sys=0.00s Real=0.05s
[380.357s][info][gc,start       ] GC(1383) Pause Young (Allocation Failure)
[380.381s][info][gc,heap        ] GC(1383) PSYoungGen: 154944K(231424K)->896K(232448K) Eden: 139776K(139776K)->0K(139776K) From: 15168K(91648K)->896K(92672K)
[380.381s][info][gc,heap        ] GC(1383) ParOldGen: 412275K(537600K)->427453K(537600K)
[380.381s][info][gc,metaspace   ] GC(1383) Metaspace: 18921K(19072K)->18921K(19072K) NonClass: 16254K(16320K)->16254K(16320K) Class: 2666K(2752K)->2666K(2752K)
[380.381s][info][gc             ] GC(1383) Pause Young (Allocation Failure) 553M->418M(752M) 23.972ms
[380.381s][info][gc,cpu         ] GC(1383) User=0.05s Sys=0.00s Real=0.03s
[380.577s][info][gc,start       ] GC(1384) Pause Young (Allocation Failure)
[380.582s][info][gc,heap        ] GC(1384) PSYoungGen: 140672K(232448K)->1344K(239104K) Eden: 139776K(139776K)->0K(148480K) From: 896K(92672K)->1344K(90624K)
[380.582s][info][gc,heap        ] GC(1384) ParOldGen: 427453K(537600K)->428253K(537600K)
[380.582s][info][gc,metaspace   ] GC(1384) Metaspace: 18922K(19072K)->18922K(19072K) NonClass: 16256K(16320K)->16256K(16320K) Class: 2666K(2752K)->2666K(2752K)
[380.582s][info][gc             ] GC(1384) Pause Young (Allocation Failure) 554M->419M(758M) 5.056ms
[380.582s][info][gc,cpu         ] GC(1384) User=0.01s Sys=0.00s Real=0.01s
[380.853s][info][gc,start       ] GC(1385) Pause Young (Allocation Failure)
[380.858s][info][gc,heap        ] GC(1385) PSYoungGen: 149824K(239104K)->480K(240128K) Eden: 148480K(148480K)->0K(148480K) From: 1344K(90624K)->480K(91648K)
[380.858s][info][gc,heap        ] GC(1385) ParOldGen: 428253K(537600K)->429541K(537600K)
[380.858s][info][gc,metaspace   ] GC(1385) Metaspace: 18925K(19072K)->18925K(19072K) NonClass: 16259K(16320K)->16259K(16320K) Class: 2666K(2752K)->2666K(2752K)
[380.858s][info][gc             ] GC(1385) Pause Young (Allocation Failure) 564M->419M(759M) 5.207ms
[380.858s][info][gc,cpu         ] GC(1385) User=0.01s Sys=0.00s Real=0.01s
[381.025s][info][gc,start       ] GC(1386) Pause Young (Allocation Failure)
[381.086s][info][gc,heap        ] GC(1386) PSYoungGen: 148960K(240128K)->68387K(225280K) Eden: 148480K(148480K)->0K(135168K) From: 480K(91648K)->68387K(90112K)
[381.086s][info][gc,heap        ] GC(1386) ParOldGen: 429541K(537600K)->429541K(537600K)
[381.086s][info][gc,metaspace   ] GC(1386) Metaspace: 18926K(19072K)->18926K(19072K) NonClass: 16260K(16320K)->16260K(16320K) Class: 2666K(2752K)->2666K(2752K)
[381.086s][info][gc             ] GC(1386) Pause Young (Allocation Failure) 564M->486M(745M) 60.998ms
[381.086s][info][gc,cpu         ] GC(1386) User=0.12s Sys=0.00s Real=0.06s
[381.247s][info][gc,start       ] GC(1387) Pause Young (Allocation Failure)
[381.311s][info][gc,heap        ] GC(1387) PSYoungGen: 203555K(225280K)->76056K(211456K) Eden: 135168K(135168K)->0K(135168K) From: 68387K(90112K)->76056K(76288K)
[381.312s][info][gc,heap        ] GC(1387) ParOldGen: 429541K(537600K)->429997K(537600K)
[381.312s][info][gc,metaspace   ] GC(1387) Metaspace: 18926K(19072K)->18926K(19072K) NonClass: 16260K(16320K)->16260K(16320K) Class: 2666K(2752K)->2666K(2752K)
[381.312s][info][gc             ] GC(1387) Pause Young (Allocation Failure) 618M->494M(731M) 64.211ms
[381.312s][info][gc,cpu         ] GC(1387) User=0.13s Sys=0.00s Real=0.06s
[381.420s][info][gc,start       ] GC(1388) Pause Young (Allocation Failure)
[381.511s][info][gc,heap        ] GC(1388) PSYoungGen: 211224K(211456K)->29312K(230912K) Eden: 135168K(135168K)->0K(121344K) From: 76056K(76288K)->29312K(109568K)
[381.511s][info][gc,heap        ] GC(1388) ParOldGen: 429997K(537600K)->506309K(537600K)
[381.511s][info][gc,metaspace   ] GC(1388) Metaspace: 18926K(19072K)->18926K(19072K) NonClass: 16260K(16320K)->16260K(16320K) Class: 2666K(2752K)->2666K(2752K)
[381.511s][info][gc             ] GC(1388) Pause Young (Allocation Failure) 626M->523M(750M) 91.897ms
[381.511s][info][gc,cpu         ] GC(1388) User=0.19s Sys=0.00s Real=0.09s
[381.583s][info][gc,start       ] GC(1389) Pause Young (Allocation Failure)
[381.667s][info][gc,heap        ] GC(1389) PSYoungGen: 150656K(230912K)->61408K(224256K) Eden: 121344K(121344K)->0K(121344K) From: 29312K(109568K)->61408K(102912K)
[381.667s][info][gc,heap        ] GC(1389) ParOldGen: 506309K(537600K)->535693K(537600K)
[381.668s][info][gc,metaspace   ] GC(1389) Metaspace: 18927K(19072K)->18927K(19072K) NonClass: 16261K(16320K)->16261K(16320K) Class: 2666K(2752K)->2666K(2752K)
[381.668s][info][gc             ] GC(1389) Pause Young (Allocation Failure) 641M->583M(744M) 84.728ms
[381.668s][info][gc,cpu         ] GC(1389) User=0.17s Sys=0.00s Real=0.09s
[381.853s][info][gc,start       ] GC(1390) Pause Young (Allocation Failure)
[381.944s][info][gc,heap        ] GC(1390) PSYoungGen: 182752K(224256K)->4036K(228864K) Eden: 121344K(121344K)->0K(122368K) From: 61408K(102912K)->4036K(106496K)
[381.944s][info][gc,heap        ] GC(1390) ParOldGen: 535693K(537600K)->597309K(597504K)
[381.944s][info][gc,metaspace   ] GC(1390) Metaspace: 18932K(19136K)->18932K(19136K) NonClass: 16266K(16384K)->16266K(16384K) Class: 2666K(2752K)->2666K(2752K)
[381.944s][info][gc             ] GC(1390) Pause Young (Allocation Failure) 701M->587M(807M) 90.966ms
[381.944s][info][gc,cpu         ] GC(1390) User=0.14s Sys=0.05s Real=0.09s
[382.074s][info][gc,start       ] GC(1391) Pause Full (Allocation Failure)
[382.074s][info][gc,phases,start] GC(1391) Marking Phase
[382.139s][info][gc,phases      ] GC(1391) Marking Phase 64.847ms
[382.139s][info][gc,phases,start] GC(1391) Summary Phase
[382.139s][info][gc,phases      ] GC(1391) Summary Phase 0.024ms
[382.139s][info][gc,phases,start] GC(1391) Forward
[382.162s][info][gc,phases      ] GC(1391) Forward 22.960ms
[382.162s][info][gc,phases,start] GC(1391) Adjust Pointers
[382.209s][info][gc,phases      ] GC(1391) Adjust Pointers 47.255ms
[382.209s][info][gc,phases,start] GC(1391) Compaction Phase
[382.234s][info][gc,phases      ] GC(1391) Compaction Phase 24.183ms
[382.237s][info][gc,phases,start] GC(1391) Post Compact
[382.239s][info][gc,phases      ] GC(1391) Post Compact 2.125ms
[382.252s][info][gc,heap        ] GC(1391) PSYoungGen: 126404K(228864K)->0K(227328K) Eden: 122368K(122368K)->0K(122368K) From: 4036K(106496K)->0K(104960K)
[382.252s][info][gc,heap        ] GC(1391) ParOldGen: 597309K(597504K)->104996K(453632K)
[382.252s][info][gc,metaspace   ] GC(1391) Metaspace: 18932K(19136K)->18932K(19136K) NonClass: 16266K(16384K)->16266K(16384K) Class: 2666K(2752K)->2666K(2752K)
[382.252s][info][gc             ] GC(1391) Pause Full (Allocation Failure) 706M->102M(665M) 177.573ms
[382.252s][info][gc,cpu         ] GC(1391) User=0.28s Sys=0.01s Real=0.18s
[382.356s][info][gc,start       ] GC(1392) Pause Young (Allocation Failure)
[382.390s][info][gc,heap        ] GC(1392) PSYoungGen: 122368K(227328K)->41232K(222208K) Eden: 122368K(122368K)->0K(123904K) From: 0K(104960K)->41232K(98304K)
[382.390s][info][gc,heap        ] GC(1392) ParOldGen: 104996K(453632K)->104996K(453632K)
[382.390s][info][gc,metaspace   ] GC(1392) Metaspace: 18932K(19136K)->18932K(19136K) NonClass: 16266K(16384K)->16266K(16384K) Class: 2666K(2752K)->2666K(2752K)
[382.390s][info][gc             ] GC(1392) Pause Young (Allocation Failure) 222M->142M(660M) 33.425ms
[382.390s][info][gc,cpu         ] GC(1392) User=0.06s Sys=0.00s Real=0.04s
[382.441s][info][gc,start       ] GC(1393) Pause Young (Allocation Failure)
[382.520s][info][gc,heap        ] GC(1393) PSYoungGen: 165136K(222208K)->62624K(224768K) Eden: 123904K(123904K)->0K(123904K) From: 41232K(98304K)->62624K(100864K)
[382.520s][info][gc,heap        ] GC(1393) ParOldGen: 104996K(453632K)->146500K(453632K)
[382.520s][info][gc,metaspace   ] GC(1393) Metaspace: 18932K(19136K)->18932K(19136K) NonClass: 16266K(16384K)->16266K(16384K) Class: 2666K(2752K)->2666K(2752K)
[382.520s][info][gc             ] GC(1393) Pause Young (Allocation Failure) 263M->204M(662M) 79.089ms
[382.520s][info][gc,cpu         ] GC(1393) User=0.16s Sys=0.00s Real=0.08s
[382.586s][info][gc,start       ] GC(1394) Pause Young (Allocation Failure)
[382.665s][info][gc,heap        ] GC(1394) PSYoungGen: 186528K(224768K)->49376K(230912K) Eden: 123904K(123904K)->0K(126976K) From: 62624K(100864K)->49376K(103936K)
[382.665s][info][gc,heap        ] GC(1394) ParOldGen: 146500K(453632K)->209588K(453632K)
[382.665s][info][gc,metaspace   ] GC(1394) Metaspace: 18932K(19136K)->18932K(19136K) NonClass: 16266K(16384K)->16266K(16384K) Class: 2666K(2752K)->2666K(2752K)
[382.665s][info][gc             ] GC(1394) Pause Young (Allocation Failure) 325M->252M(668M) 79.442ms
[382.665s][info][gc,cpu         ] GC(1394) User=0.16s Sys=0.00s Real=0.08s
[382.757s][info][gc,start       ] GC(1395) Pause Young (Allocation Failure)
[382.812s][info][gc,heap        ] GC(1395) PSYoungGen: 176352K(230912K)->32896K(160256K) Eden: 126976K(126976K)->0K(126976K) From: 49376K(103936K)->32896K(33280K)
[382.812s][info][gc,heap        ] GC(1395) ParOldGen: 209588K(453632K)->259492K(453632K)
[382.812s][info][gc,metaspace   ] GC(1395) Metaspace: 18932K(19136K)->18932K(19136K) NonClass: 16266K(16384K)->16266K(16384K) Class: 2666K(2752K)->2666K(2752K)
[382.812s][info][gc             ] GC(1395) Pause Young (Allocation Failure) 376M->285M(599M) 54.875ms
[382.812s][info][gc,cpu         ] GC(1395) User=0.11s Sys=0.00s Real=0.06s
[382.905s][info][gc,start       ] GC(1396) Pause Young (Allocation Failure)
[382.939s][info][gc,heap        ] GC(1396) PSYoungGen: 159872K(160256K)->3328K(224256K) Eden: 126976K(126976K)->0K(127488K) From: 32896K(33280K)->3328K(96768K)
[382.939s][info][gc,heap        ] GC(1396) ParOldGen: 259492K(453632K)->292692K(453632K)
[382.939s][info][gc,metaspace   ] GC(1396) Metaspace: 18932K(19136K)->18932K(19136K) NonClass: 16266K(16384K)->16266K(16384K) Class: 2666K(2752K)->2666K(2752K)
[382.939s][info][gc             ] GC(1396) Pause Young (Allocation Failure) 409M->289M(662M) 34.140ms
[382.939s][info][gc,cpu         ] GC(1396) User=0.07s Sys=0.00s Real=0.04s
[383.062s][info][gc,start       ] GC(1397) Pause Young (Allocation Failure)
[383.105s][info][gc,heap        ] GC(1397) PSYoungGen: 130816K(224256K)->19011K(224256K) Eden: 127488K(127488K)->0K(127488K) From: 3328K(96768K)->19011K(96768K)
[383.105s][info][gc,heap        ] GC(1397) ParOldGen: 292692K(453632K)->295996K(453632K)
[383.105s][info][gc,metaspace   ] GC(1397) Metaspace: 18932K(19136K)->18932K(19136K) NonClass: 16266K(16384K)->16266K(16384K) Class: 2666K(2752K)->2666K(2752K)
[383.105s][info][gc             ] GC(1397) Pause Young (Allocation Failure) 413M->307M(662M) 43.637ms
[383.105s][info][gc,cpu         ] GC(1397) User=0.09s Sys=0.00s Real=0.04s
[383.228s][info][gc,start       ] GC(1398) Pause Young (Allocation Failure)
[383.299s][info][gc,heap        ] GC(1398) PSYoungGen: 146499K(224256K)->36480K(231424K) Eden: 127488K(127488K)->0K(143872K) From: 19011K(96768K)->36480K(87552K)
[383.299s][info][gc,heap        ] GC(1398) ParOldGen: 295996K(453632K)->314934K(453632K)
[383.299s][info][gc,metaspace   ] GC(1398) Metaspace: 18932K(19136K)->18932K(19136K) NonClass: 16266K(16384K)->16266K(16384K) Class: 2666K(2752K)->2666K(2752K)
[383.299s][info][gc             ] GC(1398) Pause Young (Allocation Failure) 432M->343M(669M) 71.319ms
[383.299s][info][gc,cpu         ] GC(1398) User=0.14s Sys=0.00s Real=0.07s
[383.415s][info][gc,start       ] GC(1399) Pause Young (Allocation Failure)
[383.484s][info][gc,heap        ] GC(1399) PSYoungGen: 180352K(231424K)->28864K(232448K) Eden: 143872K(143872K)->0K(143872K) From: 36480K(87552K)->28864K(88576K)
[383.485s][info][gc,heap        ] GC(1399) ParOldGen: 314934K(453632K)->351470K(453632K)
[383.485s][info][gc,metaspace   ] GC(1399) Metaspace: 18932K(19136K)->18932K(19136K) NonClass: 16266K(16384K)->16266K(16384K) Class: 2666K(2752K)->2666K(2752K)
[383.485s][info][gc             ] GC(1399) Pause Young (Allocation Failure) 483M->371M(670M) 69.511ms
[383.485s][info][gc,cpu         ] GC(1399) User=0.14s Sys=0.00s Real=0.07s
[383.570s][info][gc,start       ] GC(1400) Pause Young (Allocation Failure)
[383.612s][info][gc,heap        ] GC(1400) PSYoungGen: 172736K(232448K)->13216K(243200K) Eden: 143872K(143872K)->0K(159744K) From: 28864K(88576K)->13216K(83456K)
[383.612s][info][gc,heap        ] GC(1400) ParOldGen: 351470K(453632K)->380366K(453632K)
[383.612s][info][gc,metaspace   ] GC(1400) Metaspace: 18932K(19136K)->18932K(19136K) NonClass: 16266K(16384K)->16266K(16384K) Class: 2666K(2752K)->2666K(2752K)
[383.612s][info][gc             ] GC(1400) Pause Young (Allocation Failure) 511M->384M(680M) 42.420ms
[383.612s][info][gc,cpu         ] GC(1400) User=0.09s Sys=0.00s Real=0.04s
[383.702s][info][gc,start       ] GC(1401) Pause Young (Allocation Failure)
[383.724s][info][gc,heap        ] GC(1401) PSYoungGen: 172960K(243200K)->3424K(241664K) Eden: 159744K(159744K)->0K(159744K) From: 13216K(83456K)->3424K(81920K)
[383.724s][info][gc,heap        ] GC(1401) ParOldGen: 380366K(453632K)->393582K(453632K)
[383.724s][info][gc,metaspace   ] GC(1401) Metaspace: 18932K(19136K)->18932K(19136K) NonClass: 16266K(16384K)->16266K(16384K) Class: 2666K(2752K)->2666K(2752K)
[383.724s][info][gc             ] GC(1401) Pause Young (Allocation Failure) 540M->387M(679M) 21.295ms
[383.724s][info][gc,cpu         ] GC(1401) User=0.05s Sys=0.00s Real=0.02s
[383.834s][info][gc,start       ] GC(1402) Pause Young (Allocation Failure)
[383.848s][info][gc,heap        ] GC(1402) PSYoungGen: 163168K(241664K)->3232K(250880K) Eden: 159744K(159744K)->0K(169472K) From: 3424K(81920K)->3232K(81408K)
[383.848s][info][gc,heap        ] GC(1402) ParOldGen: 393582K(453632K)->397006K(453632K)
[383.848s][info][gc,metaspace   ] GC(1402) Metaspace: 18932K(19136K)->18932K(19136K) NonClass: 16266K(16384K)->16266K(16384K) Class: 2666K(2752K)->2666K(2752K)
[383.848s][info][gc             ] GC(1402) Pause Young (Allocation Failure) 543M->390M(688M) 14.294ms
[383.848s][info][gc,cpu         ] GC(1402) User=0.03s Sys=0.00s Real=0.02s
[383.985s][info][gc,start       ] GC(1403) Pause Young (Allocation Failure)
[384.002s][info][gc,heap        ] GC(1403) PSYoungGen: 172704K(250880K)->10368K(180224K) Eden: 169472K(169472K)->0K(169472K) From: 3232K(81408K)->10368K(10752K)
[384.002s][info][gc,heap        ] GC(1403) ParOldGen: 397006K(453632K)->400222K(453632K)
[384.002s][info][gc,metaspace   ] GC(1403) Metaspace: 18932K(19136K)->18932K(19136K) NonClass: 16266K(16384K)->16266K(16384K) Class: 2666K(2752K)->2666K(2752K)
[384.002s][info][gc             ] GC(1403) Pause Young (Allocation Failure) 556M->400M(619M) 17.011ms
[384.002s][info][gc,cpu         ] GC(1403) User=0.04s Sys=0.00s Real=0.02s
[384.163s][info][gc,start       ] GC(1404) Pause Young (Allocation Failure)
[384.209s][info][gc,heap        ] GC(1404) PSYoungGen: 179840K(180224K)->33600K(250880K) Eden: 169472K(169472K)->0K(173568K) From: 10368K(10752K)->33600K(77312K)
[384.209s][info][gc,heap        ] GC(1404) ParOldGen: 400222K(453632K)->410590K(453632K)
[384.209s][info][gc,metaspace   ] GC(1404) Metaspace: 18932K(19136K)->18932K(19136K) NonClass: 16266K(16384K)->16266K(16384K) Class: 2666K(2752K)->2666K(2752K)
[384.209s][info][gc             ] GC(1404) Pause Young (Allocation Failure) 566M->433M(688M) 45.706ms
[384.209s][info][gc,cpu         ] GC(1404) User=0.09s Sys=0.00s Real=0.05s
[384.737s][info][gc,start       ] GC(1405) Pause Young (Allocation Failure)
[384.775s][info][gc,heap        ] GC(1405) PSYoungGen: 207168K(250880K)->2080K(249344K) Eden: 173568K(173568K)->0K(173568K) From: 33600K(77312K)->2080K(75776K)
[384.775s][info][gc,heap        ] GC(1405) ParOldGen: 410590K(453632K)->444218K(453632K)
[384.775s][info][gc,metaspace   ] GC(1405) Metaspace: 18932K(19136K)->18932K(19136K) NonClass: 16266K(16384K)->16266K(16384K) Class: 2666K(2752K)->2666K(2752K)
[384.775s][info][gc             ] GC(1405) Pause Young (Allocation Failure) 603M->435M(686M) 37.614ms
[384.775s][info][gc,cpu         ] GC(1405) User=0.07s Sys=0.00s Real=0.03s
[385.194s][info][gc,start       ] GC(1406) Pause Young (Allocation Failure)
[385.198s][info][gc,heap        ] GC(1406) PSYoungGen: 175648K(249344K)->64K(256512K) Eden: 173568K(173568K)->0K(182272K) From: 2080K(75776K)->64K(74240K)
[385.198s][info][gc,heap        ] GC(1406) ParOldGen: 444218K(453632K)->446258K(453632K)
[385.198s][info][gc,metaspace   ] GC(1406) Metaspace: 18933K(19136K)->18933K(19136K) NonClass: 16267K(16384K)->16267K(16384K) Class: 2666K(2752K)->2666K(2752K)
[385.199s][info][gc             ] GC(1406) Pause Young (Allocation Failure) 605M->435M(693M) 4.148ms
[385.199s][info][gc,cpu         ] GC(1406) User=0.01s Sys=0.00s Real=0.01s
[385.576s][info][gc,start       ] GC(1407) Pause Young (Allocation Failure)
[385.578s][info][gc,heap        ] GC(1407) PSYoungGen: 182336K(256512K)->64K(255488K) Eden: 182272K(182272K)->0K(182272K) From: 64K(74240K)->64K(73216K)
[385.578s][info][gc,heap        ] GC(1407) ParOldGen: 446258K(453632K)->446282K(453632K)
[385.578s][info][gc,metaspace   ] GC(1407) Metaspace: 18933K(19136K)->18933K(19136K) NonClass: 16267K(16384K)->16267K(16384K) Class: 2666K(2752K)->2666K(2752K)
[385.578s][info][gc             ] GC(1407) Pause Young (Allocation Failure) 613M->435M(692M) 1.973ms
[385.578s][info][gc,cpu         ] GC(1407) User=0.01s Sys=0.00s Real=0.01s
[385.959s][info][gc,start       ] GC(1408) Pause Young (Allocation Failure)
[385.981s][info][gc,heap        ] GC(1408) PSYoungGen: 182336K(255488K)->4608K(257024K) Eden: 182272K(182272K)->0K(188928K) From: 64K(73216K)->4608K(68096K)
[385.981s][info][gc,heap        ] GC(1408) ParOldGen: 446282K(453632K)->446282K(453632K)
[385.981s][info][gc,metaspace   ] GC(1408) Metaspace: 18933K(19136K)->18933K(19136K) NonClass: 16267K(16384K)->16267K(16384K) Class: 2666K(2752K)->2666K(2752K)
[385.981s][info][gc             ] GC(1408) Pause Young (Allocation Failure) 613M->440M(694M) 21.273ms
[385.981s][info][gc,cpu         ] GC(1408) User=0.04s Sys=0.00s Real=0.02s
[386.128s][info][gc,start       ] GC(1409) Pause Young (Allocation Failure)
[386.173s][info][gc,heap        ] GC(1409) PSYoungGen: 193536K(257024K)->59990K(249344K) Eden: 188928K(188928K)->0K(188928K) From: 4608K(68096K)->59990K(60416K)
[386.173s][info][gc,heap        ] GC(1409) ParOldGen: 446282K(453632K)->446282K(453632K)
[386.173s][info][gc,metaspace   ] GC(1409) Metaspace: 18933K(19136K)->18933K(19136K) NonClass: 16267K(16384K)->16267K(16384K) Class: 2666K(2752K)->2666K(2752K)
[386.173s][info][gc             ] GC(1409) Pause Young (Allocation Failure) 624M->494M(686M) 45.937ms
[386.173s][info][gc,cpu         ] GC(1409) User=0.09s Sys=0.00s Real=0.04s
[386.360s][info][gc,start       ] GC(1410) Pause Young (Allocation Failure)
[386.434s][info][gc,heap        ] GC(1410) PSYoungGen: 248918K(249344K)->79350K(214528K) Eden: 188928K(188928K)->0K(135168K) From: 59990K(60416K)->79350K(79360K)
[386.434s][info][gc,heap        ] GC(1410) ParOldGen: 446282K(453632K)->458558K(458752K)
[386.434s][info][gc,metaspace   ] GC(1410) Metaspace: 18933K(19136K)->18933K(19136K) NonClass: 16267K(16384K)->16267K(16384K) Class: 2666K(2752K)->2666K(2752K)
[386.434s][info][gc             ] GC(1410) Pause Young (Allocation Failure) 678M->525M(657M) 74.244ms
[386.434s][info][gc,cpu         ] GC(1410) User=0.13s Sys=0.02s Real=0.07s
[386.494s][info][gc,start       ] GC(1411) Pause Young (Allocation Failure)
[386.607s][info][gc,heap        ] GC(1411) PSYoungGen: 214518K(214528K)->54064K(189440K) Eden: 135168K(135168K)->0K(135168K) From: 79350K(79360K)->54064K(54272K)
[386.607s][info][gc,heap        ] GC(1411) ParOldGen: 458558K(458752K)->517632K(518144K)
[386.607s][info][gc,metaspace   ] GC(1411) Metaspace: 18933K(19136K)->18933K(19136K) NonClass: 16267K(16384K)->16267K(16384K) Class: 2666K(2752K)->2666K(2752K)
[386.608s][info][gc             ] GC(1411) Pause Young (Allocation Failure) 657M->558M(691M) 113.147ms
[386.608s][info][gc,cpu         ] GC(1411) User=0.17s Sys=0.05s Real=0.12s
[386.729s][info][gc,start       ] GC(1412) Pause Young (Allocation Failure)
[386.825s][info][gc,heap        ] GC(1412) PSYoungGen: 189232K(189440K)->15253K(236032K) Eden: 135168K(135168K)->0K(134144K) From: 54064K(54272K)->15253K(101888K)
[386.825s][info][gc,heap        ] GC(1412) ParOldGen: 517632K(518144K)->572091K(572416K)
[386.825s][info][gc,metaspace   ] GC(1412) Metaspace: 18933K(19136K)->18933K(19136K) NonClass: 16267K(16384K)->16267K(16384K) Class: 2666K(2752K)->2666K(2752K)
[386.825s][info][gc             ] GC(1412) Pause Young (Allocation Failure) 690M->573M(789M) 96.111ms
[386.825s][info][gc,cpu         ] GC(1412) User=0.14s Sys=0.05s Real=0.09s
[386.915s][info][gc,start       ] GC(1413) Pause Young (Allocation Failure)
[386.956s][info][gc,heap        ] GC(1413) PSYoungGen: 149397K(236032K)->3776K(138240K) Eden: 134144K(134144K)->0K(134144K) From: 15253K(101888K)->3776K(4096K)
[386.956s][info][gc,heap        ] GC(1413) ParOldGen: 572091K(572416K)->587342K(587776K)
[386.956s][info][gc,metaspace   ] GC(1413) Metaspace: 18933K(19136K)->18933K(19136K) NonClass: 16267K(16384K)->16267K(16384K) Class: 2666K(2752K)->2666K(2752K)
[386.956s][info][gc             ] GC(1413) Pause Young (Allocation Failure) 704M->577M(709M) 41.078ms
[386.956s][info][gc,cpu         ] GC(1413) User=0.07s Sys=0.01s Real=0.04s
[387.081s][info][gc,start       ] GC(1414) Pause Young (Allocation Failure)
[387.128s][info][gc,heap        ] GC(1414) PSYoungGen: 137920K(138240K)->33920K(233472K) Eden: 134144K(134144K)->0K(138240K) From: 3776K(4096K)->33920K(95232K)
[387.128s][info][gc,heap        ] GC(1414) ParOldGen: 587342K(587776K)->591094K(591360K)
[387.128s][info][gc,metaspace   ] GC(1414) Metaspace: 18933K(19136K)->18933K(19136K) NonClass: 16267K(16384K)->16267K(16384K) Class: 2666K(2752K)->2666K(2752K)
[387.128s][info][gc             ] GC(1414) Pause Young (Allocation Failure) 708M->610M(805M) 47.179ms
[387.128s][info][gc,cpu         ] GC(1414) User=0.09s Sys=0.01s Real=0.05s
[387.227s][info][gc,start       ] GC(1415) Pause Young (Allocation Failure)
[387.304s][info][gc,heap        ] GC(1415) PSYoungGen: 172160K(233472K)->20384K(229376K) Eden: 138240K(138240K)->0K(138240K) From: 33920K(95232K)->20384K(91136K)
[387.304s][info][gc,heap        ] GC(1415) ParOldGen: 591094K(591360K)->625062K(625152K)
[387.304s][info][gc,metaspace   ] GC(1415) Metaspace: 18933K(19136K)->18933K(19136K) NonClass: 16267K(16384K)->16267K(16384K) Class: 2666K(2752K)->2666K(2752K)
[387.304s][info][gc             ] GC(1415) Pause Young (Allocation Failure) 745M->630M(834M) 76.753ms
[387.304s][info][gc,cpu         ] GC(1415) User=0.12s Sys=0.03s Real=0.08s
[387.386s][info][gc,start       ] GC(1416) Pause Full (Allocation Failure)
[387.386s][info][gc,phases,start] GC(1416) Marking Phase
[387.645s][info][gc,phases      ] GC(1416) Marking Phase 259.374ms
[387.645s][info][gc,phases,start] GC(1416) Summary Phase
[387.645s][info][gc,phases      ] GC(1416) Summary Phase 0.028ms
[387.645s][info][gc,phases,start] GC(1416) Forward
[387.746s][info][gc,phases      ] GC(1416) Forward 100.683ms
[387.746s][info][gc,phases,start] GC(1416) Adjust Pointers
[387.951s][info][gc,phases      ] GC(1416) Adjust Pointers 204.591ms
[387.951s][info][gc,phases,start] GC(1416) Compaction Phase
[388.067s][info][gc,phases      ] GC(1416) Compaction Phase 115.818ms
[388.075s][info][gc,phases,start] GC(1416) Post Compact
[388.077s][info][gc,phases      ] GC(1416) Post Compact 2.278ms
[388.078s][info][gc,heap        ] GC(1416) PSYoungGen: 158624K(229376K)->0K(233472K) Eden: 138240K(138240K)->0K(147456K) From: 20384K(91136K)->0K(86016K)
[388.078s][info][gc,heap        ] GC(1416) ParOldGen: 625062K(625152K)->375483K(667648K)
[388.078s][info][gc,metaspace   ] GC(1416) Metaspace: 18933K(19136K)->18933K(19136K) NonClass: 16267K(16384K)->16267K(16384K) Class: 2666K(2752K)->2666K(2752K)
[388.078s][info][gc             ] GC(1416) Pause Full (Allocation Failure) 765M->366M(880M) 691.836ms
[388.078s][info][gc,cpu         ] GC(1416) User=1.30s Sys=0.00s Real=0.70s
[388.183s][info][gc,start       ] GC(1417) Pause Young (Allocation Failure)
[388.197s][info][gc,heap        ] GC(1417) PSYoungGen: 147456K(233472K)->8320K(233472K) Eden: 147456K(147456K)->0K(147456K) From: 0K(86016K)->8320K(86016K)
[388.197s][info][gc,heap        ] GC(1417) ParOldGen: 375483K(667648K)->375483K(667648K)
[388.197s][info][gc,metaspace   ] GC(1417) Metaspace: 18933K(19136K)->18933K(19136K) NonClass: 16267K(16384K)->16267K(16384K) Class: 2666K(2752K)->2666K(2752K)
[388.197s][info][gc             ] GC(1417) Pause Young (Allocation Failure) 510M->374M(880M) 13.505ms
[388.197s][info][gc,cpu         ] GC(1417) User=0.02s Sys=0.00s Real=0.01s
[388.352s][info][gc,start       ] GC(1418) Pause Young (Allocation Failure)
[388.369s][info][gc,heap        ] GC(1418) PSYoungGen: 155776K(233472K)->3424K(245760K) Eden: 147456K(147456K)->0K(163840K) From: 8320K(86016K)->3424K(81920K)
[388.369s][info][gc,heap        ] GC(1418) ParOldGen: 375483K(667648K)->383811K(667648K)
[388.369s][info][gc,metaspace   ] GC(1418) Metaspace: 18933K(19136K)->18933K(19136K) NonClass: 16267K(16384K)->16267K(16384K) Class: 2666K(2752K)->2666K(2752K)
[388.369s][info][gc             ] GC(1418) Pause Young (Allocation Failure) 518M->378M(892M) 17.280ms
[388.369s][info][gc,cpu         ] GC(1418) User=0.03s Sys=0.00s Real=0.02s
[388.578s][info][gc,start       ] GC(1419) Pause Young (Allocation Failure)
[388.599s][info][gc,heap        ] GC(1419) PSYoungGen: 167264K(245760K)->12480K(244736K) Eden: 163840K(163840K)->0K(163840K) From: 3424K(81920K)->12480K(80896K)
[388.599s][info][gc,heap        ] GC(1419) ParOldGen: 383811K(667648K)->387216K(667648K)
[388.599s][info][gc,metaspace   ] GC(1419) Metaspace: 18934K(19136K)->18934K(19136K) NonClass: 16268K(16384K)->16268K(16384K) Class: 2666K(2752K)->2666K(2752K)
[388.599s][info][gc             ] GC(1419) Pause Young (Allocation Failure) 538M->390M(891M) 21.070ms
[388.599s][info][gc,cpu         ] GC(1419) User=0.04s Sys=0.00s Real=0.02s
[388.785s][info][gc,start       ] GC(1420) Pause Young (Allocation Failure)
[388.822s][info][gc,heap        ] GC(1420) PSYoungGen: 176320K(244736K)->25104K(248832K) Eden: 163840K(163840K)->0K(175104K) From: 12480K(80896K)->25104K(73728K)
[388.823s][info][gc,heap        ] GC(1420) ParOldGen: 387216K(667648K)->399702K(667648K)
[388.823s][info][gc,metaspace   ] GC(1420) Metaspace: 18934K(19136K)->18934K(19136K) NonClass: 16268K(16384K)->16268K(16384K) Class: 2666K(2752K)->2666K(2752K)
[388.823s][info][gc             ] GC(1420) Pause Young (Allocation Failure) 550M->414M(895M) 37.259ms
[388.823s][info][gc,cpu         ] GC(1420) User=0.07s Sys=0.00s Real=0.04s
[389.053s][info][gc,start       ] GC(1421) Pause Young (Allocation Failure)
[389.102s][info][gc,heap        ] GC(1421) PSYoungGen: 200208K(248832K)->32848K(247808K) Eden: 175104K(175104K)->0K(175104K) From: 25104K(73728K)->32848K(72704K)
[389.102s][info][gc,heap        ] GC(1421) ParOldGen: 399702K(667648K)->424886K(667648K)
[389.102s][info][gc,metaspace   ] GC(1421) Metaspace: 18934K(19136K)->18934K(19136K) NonClass: 16268K(16384K)->16268K(16384K) Class: 2666K(2752K)->2666K(2752K)
[389.102s][info][gc             ] GC(1421) Pause Young (Allocation Failure) 585M->447M(894M) 48.926ms
[389.102s][info][gc,cpu         ] GC(1421) User=0.09s Sys=0.00s Real=0.05s
[389.313s][info][gc,start       ] GC(1422) Pause Young (Allocation Failure)
[389.372s][info][gc,heap        ] GC(1422) PSYoungGen: 207952K(247808K)->48432K(252928K) Eden: 175104K(175104K)->0K(181248K) From: 32848K(72704K)->48432K(71680K)
[389.372s][info][gc,heap        ] GC(1422) ParOldGen: 424886K(667648K)->458022K(667648K)
[389.372s][info][gc,metaspace   ] GC(1422) Metaspace: 18934K(19136K)->18934K(19136K) NonClass: 16268K(16384K)->16268K(16384K) Class: 2666K(2752K)->2666K(2752K)
[389.372s][info][gc             ] GC(1422) Pause Young (Allocation Failure) 618M->494M(899M) 58.712ms
[389.372s][info][gc,cpu         ] GC(1422) User=0.12s Sys=0.00s Real=0.06s
[389.615s][info][gc,start       ] GC(1423) Pause Young (Allocation Failure)
[389.689s][info][gc,heap        ] GC(1423) PSYoungGen: 229680K(252928K)->26623K(257536K) Eden: 181248K(181248K)->0K(181248K) From: 48432K(71680K)->26623K(76288K)
[389.689s][info][gc,heap        ] GC(1423) ParOldGen: 458022K(667648K)->506970K(667648K)
[389.689s][info][gc,metaspace   ] GC(1423) Metaspace: 18934K(19136K)->18934K(19136K) NonClass: 16268K(16384K)->16268K(16384K) Class: 2666K(2752K)->2666K(2752K)
[389.689s][info][gc             ] GC(1423) Pause Young (Allocation Failure) 671M->521M(903M) 73.692ms
[389.689s][info][gc,cpu         ] GC(1423) User=0.15s Sys=0.00s Real=0.08s
[389.909s][info][gc,start       ] GC(1424) Pause Young (Allocation Failure)
[389.978s][info][gc,heap        ] GC(1424) PSYoungGen: 207871K(257536K)->29728K(251392K) Eden: 181248K(181248K)->0K(185856K) From: 26623K(76288K)->29728K(65536K)
[389.978s][info][gc,heap        ] GC(1424) ParOldGen: 506970K(667648K)->533625K(667648K)
[389.978s][info][gc,metaspace   ] GC(1424) Metaspace: 18934K(19136K)->18934K(19136K) NonClass: 16268K(16384K)->16268K(16384K) Class: 2666K(2752K)->2666K(2752K)
[389.978s][info][gc             ] GC(1424) Pause Young (Allocation Failure) 698M->550M(897M) 69.183ms
[389.978s][info][gc,cpu         ] GC(1424) User=0.14s Sys=0.00s Real=0.07s
[390.139s][info][gc,start       ] GC(1425) Pause Young (Allocation Failure)
[390.174s][info][gc,heap        ] GC(1425) PSYoungGen: 215584K(251392K)->3616K(254464K) Eden: 185856K(185856K)->0K(185856K) From: 29728K(65536K)->3616K(68608K)
[390.174s][info][gc,heap        ] GC(1425) ParOldGen: 533625K(667648K)->563409K(667648K)
[390.174s][info][gc,metaspace   ] GC(1425) Metaspace: 18934K(19136K)->18934K(19136K) NonClass: 16268K(16384K)->16268K(16384K) Class: 2666K(2752K)->2666K(2752K)
[390.174s][info][gc             ] GC(1425) Pause Young (Allocation Failure) 731M->553M(900M) 35.104ms
[390.174s][info][gc,cpu         ] GC(1425) User=0.07s Sys=0.00s Real=0.03s
[390.382s][info][gc,start       ] GC(1426) Pause Young (Allocation Failure)
[390.396s][info][gc,heap        ] GC(1426) PSYoungGen: 189472K(254464K)->4064K(262656K) Eden: 185856K(185856K)->0K(197120K) From: 3616K(68608K)->4064K(65536K)
[390.396s][info][gc,heap        ] GC(1426) ParOldGen: 563409K(667648K)->567001K(667648K)
[390.396s][info][gc,metaspace   ] GC(1426) Metaspace: 18934K(19136K)->18934K(19136K) NonClass: 16268K(16384K)->16268K(16384K) Class: 2666K(2752K)->2666K(2752K)
[390.396s][info][gc             ] GC(1426) Pause Young (Allocation Failure) 735M->557M(908M) 14.749ms
[390.396s][info][gc,cpu         ] GC(1426) User=0.03s Sys=0.00s Real=0.01s
[390.685s][info][gc,start       ] GC(1427) Pause Young (Allocation Failure)
[390.718s][info][gc,heap        ] GC(1427) PSYoungGen: 201184K(262656K)->26656K(264192K) Eden: 197120K(197120K)->0K(197120K) From: 4064K(65536K)->26656K(67072K)
[390.718s][info][gc,heap        ] GC(1427) ParOldGen: 567001K(667648K)->571033K(667648K)
[390.718s][info][gc,metaspace   ] GC(1427) Metaspace: 18934K(19136K)->18934K(19136K) NonClass: 16268K(16384K)->16268K(16384K) Class: 2666K(2752K)->2666K(2752K)
[390.718s][info][gc             ] GC(1427) Pause Young (Allocation Failure) 750M->583M(910M) 33.649ms
[390.718s][info][gc,cpu         ] GC(1427) User=0.07s Sys=0.00s Real=0.04s
[391.111s][info][gc,start       ] GC(1428) Pause Young (Allocation Failure)
[391.170s][info][gc,heap        ] GC(1428) PSYoungGen: 223776K(264192K)->31394K(265728K) Eden: 197120K(197120K)->0K(202240K) From: 26656K(67072K)->31394K(63488K)
[391.170s][info][gc,heap        ] GC(1428) ParOldGen: 571033K(667648K)->597737K(667648K)
[391.170s][info][gc,metaspace   ] GC(1428) Metaspace: 18934K(19136K)->18934K(19136K) NonClass: 16268K(16384K)->16268K(16384K) Class: 2666K(2752K)->2666K(2752K)
[391.170s][info][gc             ] GC(1428) Pause Young (Allocation Failure) 776M->614M(911M) 58.872ms
[391.170s][info][gc,cpu         ] GC(1428) User=0.12s Sys=0.00s Real=0.06s
[391.396s][info][gc,start       ] GC(1429) Pause Young (Allocation Failure)
[391.454s][info][gc,heap        ] GC(1429) PSYoungGen: 233634K(265728K)->47808K(250368K) Eden: 202240K(202240K)->0K(202240K) From: 31394K(63488K)->47808K(48128K)
[391.454s][info][gc,heap        ] GC(1429) ParOldGen: 597737K(667648K)->629471K(667648K)
[391.454s][info][gc,metaspace   ] GC(1429) Metaspace: 18934K(19136K)->18934K(19136K) NonClass: 16268K(16384K)->16268K(16384K) Class: 2666K(2752K)->2666K(2752K)
[391.454s][info][gc             ] GC(1429) Pause Young (Allocation Failure) 811M->661M(896M) 58.588ms
[391.454s][info][gc,cpu         ] GC(1429) User=0.11s Sys=0.01s Real=0.06s
[391.718s][info][gc,start       ] GC(1430) Pause Full (Allocation Failure)
[391.718s][info][gc,phases,start] GC(1430) Marking Phase
[392.064s][info][gc,phases      ] GC(1430) Marking Phase 346.000ms
[392.064s][info][gc,phases,start] GC(1430) Summary Phase
[392.064s][info][gc,phases      ] GC(1430) Summary Phase 0.028ms
[392.064s][info][gc,phases,start] GC(1430) Forward
[392.202s][info][gc,phases      ] GC(1430) Forward 138.131ms
[392.202s][info][gc,phases,start] GC(1430) Adjust Pointers
[392.468s][info][gc,phases      ] GC(1430) Adjust Pointers 265.974ms
[392.468s][info][gc,phases,start] GC(1430) Compaction Phase
[392.634s][info][gc,phases      ] GC(1430) Compaction Phase 165.801ms
[392.645s][info][gc,phases,start] GC(1430) Post Compact
[392.648s][info][gc,phases      ] GC(1430) Post Compact 2.493ms
[392.648s][info][gc,heap        ] GC(1430) PSYoungGen: 250048K(250368K)->0K(265216K) Eden: 202240K(202240K)->0K(196608K) From: 47808K(48128K)->0K(68608K)
[392.648s][info][gc,heap        ] GC(1430) ParOldGen: 629471K(667648K)->495360K(667648K)
[392.648s][info][gc,metaspace   ] GC(1430) Metaspace: 18934K(19136K)->18934K(19136K) NonClass: 16268K(16384K)->16268K(16384K) Class: 2666K(2752K)->2666K(2752K)
[392.648s][info][gc             ] GC(1430) Pause Full (Allocation Failure) 858M->483M(911M) 930.056ms
[392.648s][info][gc,cpu         ] GC(1430) User=1.75s Sys=0.00s Real=0.93s
[392.851s][info][gc,start       ] GC(1431) Pause Young (Allocation Failure)
[392.877s][info][gc,heap        ] GC(1431) PSYoungGen: 196608K(265216K)->24448K(221184K) Eden: 196608K(196608K)->0K(196608K) From: 0K(68608K)->24448K(24576K)
[392.877s][info][gc,heap        ] GC(1431) ParOldGen: 495360K(667648K)->495360K(667648K)
[392.877s][info][gc,metaspace   ] GC(1431) Metaspace: 18934K(19136K)->18934K(19136K) NonClass: 16268K(16384K)->16268K(16384K) Class: 2666K(2752K)->2666K(2752K)
[392.877s][info][gc             ] GC(1431) Pause Young (Allocation Failure) 675M->507M(868M) 26.834ms
[392.877s][info][gc,cpu         ] GC(1431) User=0.05s Sys=0.00s Real=0.03s
[393.064s][info][gc,start       ] GC(1432) Pause Young (Allocation Failure)
[393.091s][info][gc,heap        ] GC(1432) PSYoungGen: 221056K(221184K)->25216K(264704K) Eden: 196608K(196608K)->0K(200192K) From: 24448K(24576K)->25216K(64512K)
[393.091s][info][gc,heap        ] GC(1432) ParOldGen: 495360K(667648K)->495360K(667648K)
[393.091s][info][gc,metaspace   ] GC(1432) Metaspace: 18934K(19136K)->18934K(19136K) NonClass: 16268K(16384K)->16268K(16384K) Class: 2666K(2752K)->2666K(2752K)
[393.091s][info][gc             ] GC(1432) Pause Young (Allocation Failure) 699M->508M(910M) 27.006ms
[393.091s][info][gc,cpu         ] GC(1432) User=0.05s Sys=0.00s Real=0.03s
[393.343s][info][gc,start       ] GC(1433) Pause Young (Allocation Failure)
[393.381s][info][gc,heap        ] GC(1433) PSYoungGen: 225408K(264704K)->38688K(261120K) Eden: 200192K(200192K)->0K(200192K) From: 25216K(64512K)->38688K(60928K)
[393.381s][info][gc,heap        ] GC(1433) ParOldGen: 495360K(667648K)->495360K(667648K)
[393.381s][info][gc,metaspace   ] GC(1433) Metaspace: 18934K(19136K)->18934K(19136K) NonClass: 16268K(16384K)->16268K(16384K) Class: 2666K(2752K)->2666K(2752K)
[393.381s][info][gc             ] GC(1433) Pause Young (Allocation Failure) 703M->521M(907M) 38.192ms
[393.381s][info][gc,cpu         ] GC(1433) User=0.07s Sys=0.00s Real=0.04s
[393.812s][info][gc,start       ] GC(1434) Pause Young (Allocation Failure)
[393.870s][info][gc,heap        ] GC(1434) PSYoungGen: 238880K(261120K)->55744K(257536K) Eden: 200192K(200192K)->0K(195584K) From: 38688K(60928K)->55744K(61952K)
[393.870s][info][gc,heap        ] GC(1434) ParOldGen: 495360K(667648K)->495360K(667648K)
[393.870s][info][gc,metaspace   ] GC(1434) Metaspace: 18934K(19136K)->18934K(19136K) NonClass: 16268K(16384K)->16268K(16384K) Class: 2666K(2752K)->2666K(2752K)
[393.870s][info][gc             ] GC(1434) Pause Young (Allocation Failure) 717M->538M(903M) 57.476ms
[393.870s][info][gc,cpu         ] GC(1434) User=0.11s Sys=0.00s Real=0.06s
[394.293s][info][gc,start       ] GC(1435) Pause Young (Allocation Failure)
[394.346s][info][gc,heap        ] GC(1435) PSYoungGen: 251328K(257536K)->55744K(251392K) Eden: 195584K(195584K)->0K(195584K) From: 55744K(61952K)->55744K(55808K)
[394.346s][info][gc,heap        ] GC(1435) ParOldGen: 495360K(667648K)->495360K(667648K)
[394.346s][info][gc,metaspace   ] GC(1435) Metaspace: 18934K(19136K)->18934K(19136K) NonClass: 16268K(16384K)->16268K(16384K) Class: 2666K(2752K)->2666K(2752K)
[394.346s][info][gc             ] GC(1435) Pause Young (Allocation Failure) 729M->538M(897M) 53.126ms
[394.346s][info][gc,cpu         ] GC(1435) User=0.10s Sys=0.00s Real=0.05s
[394.734s][info][gc,start       ] GC(1436) Pause Young (Allocation Failure)
[394.796s][info][gc,heap        ] GC(1436) PSYoungGen: 251328K(251392K)->56176K(249856K) Eden: 195584K(195584K)->0K(175104K) From: 55744K(55808K)->56176K(74752K)
[394.796s][info][gc,heap        ] GC(1436) ParOldGen: 495360K(667648K)->495360K(667648K)
[394.796s][info][gc,metaspace   ] GC(1436) Metaspace: 18934K(19136K)->18934K(19136K) NonClass: 16268K(16384K)->16268K(16384K) Class: 2666K(2752K)->2666K(2752K)
[394.796s][info][gc             ] GC(1436) Pause Young (Allocation Failure) 729M->538M(896M) 61.624ms
[394.796s][info][gc,cpu         ] GC(1436) User=0.13s Sys=0.00s Real=0.06s
[394.922s][info][gc,start       ] GC(1437) Pause Young (Allocation Failure)
[395.018s][info][gc,heap        ] GC(1437) PSYoungGen: 231280K(249856K)->79328K(254464K) Eden: 175104K(175104K)->0K(175104K) From: 56176K(74752K)->79328K(79360K)
[395.018s][info][gc,heap        ] GC(1437) ParOldGen: 495360K(667648K)->531768K(667648K)
[395.018s][info][gc,metaspace   ] GC(1437) Metaspace: 18934K(19136K)->18934K(19136K) NonClass: 16268K(16384K)->16268K(16384K) Class: 2666K(2752K)->2666K(2752K)
[395.018s][info][gc             ] GC(1437) Pause Young (Allocation Failure) 709M->596M(900M) 96.138ms
[395.018s][info][gc,cpu         ] GC(1437) User=0.19s Sys=0.00s Real=0.10s
[395.256s][info][gc,start       ] GC(1438) Pause Young (Allocation Failure)
[395.353s][info][gc,heap        ] GC(1438) PSYoungGen: 254432K(254464K)->70704K(195072K) Eden: 175104K(175104K)->0K(115712K) From: 79328K(79360K)->70704K(79360K)
[395.353s][info][gc,heap        ] GC(1438) ParOldGen: 531768K(667648K)->557024K(667648K)
[395.353s][info][gc,metaspace   ] GC(1438) Metaspace: 18934K(19136K)->18934K(19136K) NonClass: 16268K(16384K)->16268K(16384K) Class: 2666K(2752K)->2666K(2752K)
[395.353s][info][gc             ] GC(1438) Pause Young (Allocation Failure) 767M->613M(842M) 96.885ms
[395.353s][info][gc,cpu         ] GC(1438) User=0.20s Sys=0.00s Real=0.10s
[395.524s][info][gc,start       ] GC(1439) Pause Young (Allocation Failure)
[395.631s][info][gc,heap        ] GC(1439) PSYoungGen: 186416K(195072K)->67728K(183808K) Eden: 115712K(115712K)->0K(115712K) From: 70704K(79360K)->67728K(68096K)
[395.631s][info][gc,heap        ] GC(1439) ParOldGen: 557024K(667648K)->587616K(667648K)
[395.631s][info][gc,metaspace   ] GC(1439) Metaspace: 18934K(19136K)->18934K(19136K) NonClass: 16268K(16384K)->16268K(16384K) Class: 2666K(2752K)->2666K(2752K)
[395.631s][info][gc             ] GC(1439) Pause Young (Allocation Failure) 726M->639M(831M) 107.639ms
[395.631s][info][gc,cpu         ] GC(1439) User=0.21s Sys=0.00s Real=0.11s
[395.766s][info][gc,start       ] GC(1440) Pause Young (Allocation Failure)
[395.855s][info][gc,heap        ] GC(1440) PSYoungGen: 183440K(183808K)->84864K(222720K) Eden: 115712K(115712K)->0K(111616K) From: 67728K(68096K)->84864K(111104K)
[395.855s][info][gc,heap        ] GC(1440) ParOldGen: 587616K(667648K)->588048K(667648K)
[395.855s][info][gc,metaspace   ] GC(1440) Metaspace: 18934K(19136K)->18934K(19136K) NonClass: 16268K(16384K)->16268K(16384K) Class: 2666K(2752K)->2666K(2752K)
[395.855s][info][gc             ] GC(1440) Pause Young (Allocation Failure) 752M->657M(869M) 89.670ms
[395.855s][info][gc,cpu         ] GC(1440) User=0.17s Sys=0.00s Real=0.09s
[395.969s][info][gc,start       ] GC(1441) Pause Young (Allocation Failure)
[396.070s][info][gc,heap        ] GC(1441) PSYoungGen: 196480K(222720K)->57152K(222720K) Eden: 111616K(111616K)->0K(111616K) From: 84864K(111104K)->57152K(111104K)
[396.070s][info][gc,heap        ] GC(1441) ParOldGen: 588048K(667648K)->628125K(667648K)
[396.070s][info][gc,metaspace   ] GC(1441) Metaspace: 18934K(19136K)->18934K(19136K) NonClass: 16268K(16384K)->16268K(16384K) Class: 2666K(2752K)->2666K(2752K)
[396.070s][info][gc             ] GC(1441) Pause Young (Allocation Failure) 766M->669M(869M) 101.325ms
[396.070s][info][gc,cpu         ] GC(1441) User=0.20s Sys=0.00s Real=0.10s
[396.170s][info][gc,start       ] GC(1442) Pause Full (Allocation Failure)
[396.170s][info][gc,phases,start] GC(1442) Marking Phase
[396.640s][info][gc,phases      ] GC(1442) Marking Phase 469.599ms
[396.640s][info][gc,phases,start] GC(1442) Summary Phase
[396.640s][info][gc,phases      ] GC(1442) Summary Phase 0.024ms
[396.640s][info][gc,phases,start] GC(1442) Forward
[396.746s][info][gc,phases      ] GC(1442) Forward 106.369ms
[396.746s][info][gc,phases,start] GC(1442) Adjust Pointers
[397.094s][info][gc,phases      ] GC(1442) Adjust Pointers 348.114ms
[397.094s][info][gc,phases,start] GC(1442) Compaction Phase
[397.302s][info][gc,phases      ] GC(1442) Compaction Phase 207.699ms
[397.312s][info][gc,phases,start] GC(1442) Post Compact
[397.315s][info][gc,phases      ] GC(1442) Post Compact 2.301ms
[397.315s][info][gc,heap        ] GC(1442) PSYoungGen: 168768K(222720K)->0K(222720K) Eden: 111616K(111616K)->0K(111616K) From: 57152K(111104K)->0K(111104K)
[397.315s][info][gc,heap        ] GC(1442) ParOldGen: 628125K(667648K)->664762K(667648K)
[397.315s][info][gc,metaspace   ] GC(1442) Metaspace: 18934K(19136K)->18934K(19136K) NonClass: 16268K(16384K)->16268K(16384K) Class: 2666K(2752K)->2666K(2752K)
[397.315s][info][gc             ] GC(1442) Pause Full (Allocation Failure) 778M->649M(869M) 1144.728ms
[397.315s][info][gc,cpu         ] GC(1442) User=2.22s Sys=0.02s Real=1.14s
[397.432s][info][gc,start       ] GC(1443) Pause Full (Allocation Failure)
[397.432s][info][gc,phases,start] GC(1443) Marking Phase
[397.901s][info][gc,phases      ] GC(1443) Marking Phase 469.834ms
[397.902s][info][gc,phases,start] GC(1443) Summary Phase
[397.902s][info][gc,phases      ] GC(1443) Summary Phase 0.022ms
[397.902s][info][gc,phases,start] GC(1443) Forward
[397.905s][info][gc,phases      ] GC(1443) Forward 3.389ms
[397.905s][info][gc,phases,start] GC(1443) Adjust Pointers
[398.217s][info][gc,phases      ] GC(1443) Adjust Pointers 312.229ms
[398.217s][info][gc,phases,start] GC(1443) Compaction Phase
[398.358s][info][gc,phases      ] GC(1443) Compaction Phase 140.982ms
[398.358s][info][gc,phases,start] GC(1443) Post Compact
[398.361s][info][gc,phases      ] GC(1443) Post Compact 2.184ms
[398.361s][info][gc,heap        ] GC(1443) PSYoungGen: 111616K(222720K)->1250K(222720K) Eden: 111616K(111616K)->1250K(111616K) From: 0K(111104K)->0K(111104K)
[398.361s][info][gc,heap        ] GC(1443) ParOldGen: 664762K(667648K)->667496K(667648K)
[398.361s][info][gc,metaspace   ] GC(1443) Metaspace: 18934K(19136K)->18934K(19136K) NonClass: 16268K(16384K)->16268K(16384K) Class: 2666K(2752K)->2666K(2752K)
[398.361s][info][gc             ] GC(1443) Pause Full (Allocation Failure) 758M->653M(869M) 929.036ms
[398.361s][info][gc,cpu         ] GC(1443) User=1.82s Sys=0.00s Real=0.93s
[398.488s][info][gc,start       ] GC(1444) Pause Full (Allocation Failure)
[398.488s][info][gc,phases,start] GC(1444) Marking Phase
[398.956s][info][gc,phases      ] GC(1444) Marking Phase 467.570ms
[398.956s][info][gc,phases,start] GC(1444) Summary Phase
[398.956s][info][gc,phases      ] GC(1444) Summary Phase 0.024ms
[398.956s][info][gc,phases,start] GC(1444) Forward
[398.957s][info][gc,phases      ] GC(1444) Forward 1.189ms
[398.957s][info][gc,phases,start] GC(1444) Adjust Pointers
[399.270s][info][gc,phases      ] GC(1444) Adjust Pointers 313.121ms
[399.270s][info][gc,phases,start] GC(1444) Compaction Phase
[399.411s][info][gc,phases      ] GC(1444) Compaction Phase 140.499ms
[399.411s][info][gc,phases,start] GC(1444) Post Compact
[399.413s][info][gc,phases      ] GC(1444) Post Compact 2.175ms
[399.413s][info][gc,heap        ] GC(1444) PSYoungGen: 111616K(222720K)->1396K(222720K) Eden: 111616K(111616K)->1396K(111616K) From: 0K(111104K)->0K(111104K)
[399.413s][info][gc,heap        ] GC(1444) ParOldGen: 667496K(667648K)->667427K(667648K)
[399.413s][info][gc,metaspace   ] GC(1444) Metaspace: 18934K(19136K)->18934K(19136K) NonClass: 16268K(16384K)->16268K(16384K) Class: 2666K(2752K)->2666K(2752K)
[399.413s][info][gc             ] GC(1444) Pause Full (Allocation Failure) 760M->653M(869M) 924.993ms
[399.413s][info][gc,cpu         ] GC(1444) User=1.82s Sys=0.00s Real=0.92s
[399.616s][info][gc,start       ] GC(1445) Pause Full (Allocation Failure)
[399.616s][info][gc,phases,start] GC(1445) Marking Phase
[399.988s][info][gc,phases      ] GC(1445) Marking Phase 371.763ms
[399.988s][info][gc,phases,start] GC(1445) Summary Phase
[399.988s][info][gc,phases      ] GC(1445) Summary Phase 0.025ms
[399.988s][info][gc,phases,start] GC(1445) Forward
[400.122s][info][gc,phases      ] GC(1445) Forward 134.089ms
[400.122s][info][gc,phases,start] GC(1445) Adjust Pointers
[400.406s][info][gc,phases      ] GC(1445) Adjust Pointers 284.012ms
[400.406s][info][gc,phases,start] GC(1445) Compaction Phase
[400.596s][info][gc,phases      ] GC(1445) Compaction Phase 189.491ms
[400.607s][info][gc,phases,start] GC(1445) Post Compact
[400.609s][info][gc,phases      ] GC(1445) Post Compact 2.284ms
[400.609s][info][gc,heap        ] GC(1445) PSYoungGen: 111616K(222720K)->0K(222720K) Eden: 111616K(111616K)->0K(111616K) From: 0K(111104K)->0K(111104K)
[400.609s][info][gc,heap        ] GC(1445) ParOldGen: 667427K(667648K)->527554K(667648K)
[400.609s][info][gc,metaspace   ] GC(1445) Metaspace: 18934K(19136K)->18934K(19136K) NonClass: 16268K(16384K)->16268K(16384K) Class: 2666K(2752K)->2666K(2752K)
[400.609s][info][gc             ] GC(1445) Pause Full (Allocation Failure) 760M->515M(869M) 993.346ms
[400.609s][info][gc,cpu         ] GC(1445) User=1.89s Sys=0.01s Real=1.00s
[400.742s][info][gc,start       ] GC(1446) Pause Young (Allocation Failure)
[400.759s][info][gc,heap        ] GC(1446) PSYoungGen: 111616K(222720K)->14240K(222720K) Eden: 111616K(111616K)->0K(111616K) From: 0K(111104K)->14240K(111104K)
[400.759s][info][gc,heap        ] GC(1446) ParOldGen: 527554K(667648K)->527554K(667648K)
[400.759s][info][gc,metaspace   ] GC(1446) Metaspace: 18934K(19136K)->18934K(19136K) NonClass: 16268K(16384K)->16268K(16384K) Class: 2666K(2752K)->2666K(2752K)
[400.759s][info][gc             ] GC(1446) Pause Young (Allocation Failure) 624M->529M(869M) 17.693ms
[400.759s][info][gc,cpu         ] GC(1446) User=0.03s Sys=0.00s Real=0.02s
[400.982s][info][gc,start       ] GC(1447) Pause Young (Allocation Failure)
[401.008s][info][gc,heap        ] GC(1447) PSYoungGen: 125856K(222720K)->12331K(222720K) Eden: 111616K(111616K)->0K(111616K) From: 14240K(111104K)->12331K(111104K)
[401.008s][info][gc,heap        ] GC(1447) ParOldGen: 527554K(667648K)->541786K(667648K)
[401.008s][info][gc,metaspace   ] GC(1447) Metaspace: 18948K(19136K)->18948K(19136K) NonClass: 16281K(16384K)->16281K(16384K) Class: 2666K(2752K)->2666K(2752K)
[401.008s][info][gc             ] GC(1447) Pause Young (Allocation Failure) 638M->541M(869M) 26.560ms
[401.008s][info][gc,cpu         ] GC(1447) User=0.05s Sys=0.00s Real=0.03s
[401.156s][info][gc,start       ] GC(1448) Pause Young (Allocation Failure)
[401.164s][info][gc,heap        ] GC(1448) PSYoungGen: 123947K(222720K)->4016K(222720K) Eden: 111616K(111616K)->0K(111616K) From: 12331K(111104K)->4016K(111104K)
[401.164s][info][gc,heap        ] GC(1448) ParOldGen: 541786K(667648K)->546150K(667648K)
[401.164s][info][gc,metaspace   ] GC(1448) Metaspace: 18950K(19136K)->18950K(19136K) NonClass: 16284K(16384K)->16284K(16384K) Class: 2666K(2752K)->2666K(2752K)
[401.164s][info][gc             ] GC(1448) Pause Young (Allocation Failure) 650M->537M(869M) 8.828ms
[401.164s][info][gc,cpu         ] GC(1448) User=0.02s Sys=0.00s Real=0.01s
[401.272s][info][gc,start       ] GC(1449) Pause Young (Allocation Failure)
[401.292s][info][gc,heap        ] GC(1449) PSYoungGen: 115632K(222720K)->20208K(132096K) Eden: 111616K(111616K)->0K(111616K) From: 4016K(111104K)->20208K(20480K)
[401.292s][info][gc,heap        ] GC(1449) ParOldGen: 546150K(667648K)->549966K(667648K)
[401.292s][info][gc,metaspace   ] GC(1449) Metaspace: 18950K(19136K)->18950K(19136K) NonClass: 16284K(16384K)->16284K(16384K) Class: 2666K(2752K)->2666K(2752K)
[401.292s][info][gc             ] GC(1449) Pause Young (Allocation Failure) 646M->556M(781M) 19.702ms
[401.292s][info][gc,cpu         ] GC(1449) User=0.04s Sys=0.00s Real=0.02s
[401.421s][info][gc,start       ] GC(1450) Pause Young (Allocation Failure)
[401.452s][info][gc,heap        ] GC(1450) PSYoungGen: 131824K(132096K)->33520K(219648K) Eden: 111616K(111616K)->0K(117248K) From: 20208K(20480K)->33520K(102400K)
[401.452s][info][gc,heap        ] GC(1450) ParOldGen: 549966K(667648K)->549966K(667648K)
[401.452s][info][gc,metaspace   ] GC(1450) Metaspace: 18950K(19136K)->18950K(19136K) NonClass: 16284K(16384K)->16284K(16384K) Class: 2666K(2752K)->2666K(2752K)
[401.452s][info][gc             ] GC(1450) Pause Young (Allocation Failure) 665M->569M(866M) 30.359ms
[401.452s][info][gc,cpu         ] GC(1450) User=0.05s Sys=0.00s Real=0.03s
[401.572s][info][gc,start       ] GC(1451) Pause Young (Allocation Failure)
[401.607s][info][gc,heap        ] GC(1451) PSYoungGen: 150768K(219648K)->37552K(220672K) Eden: 117248K(117248K)->0K(117248K) From: 33520K(102400K)->37552K(103424K)
[401.607s][info][gc,heap        ] GC(1451) ParOldGen: 549966K(667648K)->549966K(667648K)
[401.607s][info][gc,metaspace   ] GC(1451) Metaspace: 18950K(19136K)->18950K(19136K) NonClass: 16284K(16384K)->16284K(16384K) Class: 2666K(2752K)->2666K(2752K)
[401.607s][info][gc             ] GC(1451) Pause Young (Allocation Failure) 684M->573M(867M) 35.400ms
[401.607s][info][gc,cpu         ] GC(1451) User=0.07s Sys=0.00s Real=0.03s
[401.858s][info][gc,start       ] GC(1452) Pause Young (Allocation Failure)
[401.893s][info][gc,heap        ] GC(1452) PSYoungGen: 154800K(220672K)->39024K(208384K) Eden: 117248K(117248K)->0K(122880K) From: 37552K(103424K)->39024K(85504K)
[401.893s][info][gc,heap        ] GC(1452) ParOldGen: 549966K(667648K)->549966K(667648K)
[401.893s][info][gc,metaspace   ] GC(1452) Metaspace: 18950K(19136K)->18950K(19136K) NonClass: 16284K(16384K)->16284K(16384K) Class: 2666K(2752K)->2666K(2752K)
[401.893s][info][gc             ] GC(1452) Pause Young (Allocation Failure) 688M->575M(855M) 35.621ms
[401.893s][info][gc,cpu         ] GC(1452) User=0.07s Sys=0.00s Real=0.03s
[402.082s][info][gc,start       ] GC(1453) Pause Young (Allocation Failure)
[402.127s][info][gc,heap        ] GC(1453) PSYoungGen: 161904K(208384K)->49616K(214528K) Eden: 122880K(122880K)->0K(122880K) From: 39024K(85504K)->49616K(91648K)
[402.127s][info][gc,heap        ] GC(1453) ParOldGen: 549966K(667648K)->549966K(667648K)
[402.127s][info][gc,metaspace   ] GC(1453) Metaspace: 18950K(19136K)->18950K(19136K) NonClass: 16284K(16384K)->16284K(16384K) Class: 2666K(2752K)->2666K(2752K)
[402.127s][info][gc             ] GC(1453) Pause Young (Allocation Failure) 695M->585M(861M) 44.829ms
[402.127s][info][gc,cpu         ] GC(1453) User=0.09s Sys=0.00s Real=0.04s
[402.281s][info][gc,start       ] GC(1454) Pause Young (Allocation Failure)
[402.297s][info][gc,heap        ] GC(1454) PSYoungGen: 172496K(214528K)->16704K(216576K) Eden: 122880K(122880K)->0K(128512K) From: 49616K(91648K)->16704K(88064K)
[402.297s][info][gc,heap        ] GC(1454) ParOldGen: 549966K(667648K)->549966K(667648K)
[402.297s][info][gc,metaspace   ] GC(1454) Metaspace: 18950K(19136K)->18950K(19136K) NonClass: 16284K(16384K)->16284K(16384K) Class: 2666K(2752K)->2666K(2752K)
[402.297s][info][gc             ] GC(1454) Pause Young (Allocation Failure) 705M->553M(863M) 15.768ms
[402.297s][info][gc,cpu         ] GC(1454) User=0.03s Sys=0.00s Real=0.01s
[402.382s][info][gc,start       ] GC(1455) Pause Young (Allocation Failure)
[402.427s][info][gc,heap        ] GC(1455) PSYoungGen: 145216K(216576K)->59680K(218112K) Eden: 128512K(128512K)->0K(128512K) From: 16704K(88064K)->59680K(89600K)
[402.427s][info][gc,heap        ] GC(1455) ParOldGen: 549966K(667648K)->549966K(667648K)
[402.427s][info][gc,metaspace   ] GC(1455) Metaspace: 18950K(19136K)->18950K(19136K) NonClass: 16284K(16384K)->16284K(16384K) Class: 2666K(2752K)->2666K(2752K)
[402.428s][info][gc             ] GC(1455) Pause Young (Allocation Failure) 678M->595M(865M) 45.309ms
[402.428s][info][gc,cpu         ] GC(1455) User=0.09s Sys=0.00s Real=0.05s
[402.612s][info][gc,start       ] GC(1456) Pause Young (Allocation Failure)
[402.678s][info][gc,heap        ] GC(1456) PSYoungGen: 188192K(218112K)->90304K(214528K) Eden: 128512K(128512K)->0K(121856K) From: 59680K(89600K)->90304K(92672K)
[402.678s][info][gc,heap        ] GC(1456) ParOldGen: 549966K(667648K)->549966K(667648K)
[402.678s][info][gc,metaspace   ] GC(1456) Metaspace: 18950K(19136K)->18950K(19136K) NonClass: 16284K(16384K)->16284K(16384K) Class: 2666K(2752K)->2666K(2752K)
[402.678s][info][gc             ] GC(1456) Pause Young (Allocation Failure) 720M->625M(861M) 66.167ms
[402.678s][info][gc,cpu         ] GC(1456) User=0.12s Sys=0.01s Real=0.07s
[402.807s][info][gc,start       ] GC(1457) Pause Young (Allocation Failure)
[402.855s][info][gc,heap        ] GC(1457) PSYoungGen: 212160K(214528K)->78272K(200192K) Eden: 121856K(121856K)->0K(121856K) From: 90304K(92672K)->78272K(78336K)
[402.855s][info][gc,heap        ] GC(1457) ParOldGen: 549966K(667648K)->549966K(667648K)
[402.855s][info][gc,metaspace   ] GC(1457) Metaspace: 18950K(19136K)->18950K(19136K) NonClass: 16284K(16384K)->16284K(16384K) Class: 2666K(2752K)->2666K(2752K)
[402.855s][info][gc             ] GC(1457) Pause Young (Allocation Failure) 744M->613M(847M) 47.733ms
[402.855s][info][gc,cpu         ] GC(1457) User=0.09s Sys=0.00s Real=0.05s
[403.024s][info][gc,start       ] GC(1458) Pause Young (Allocation Failure)
[403.125s][info][gc,heap        ] GC(1458) PSYoungGen: 200128K(200192K)->108272K(222720K) Eden: 121856K(121856K)->0K(111616K) From: 78272K(78336K)->108272K(111104K)
[403.125s][info][gc,heap        ] GC(1458) ParOldGen: 549966K(667648K)->552166K(667648K)
[403.125s][info][gc,metaspace   ] GC(1458) Metaspace: 18950K(19136K)->18950K(19136K) NonClass: 16284K(16384K)->16284K(16384K) Class: 2666K(2752K)->2666K(2752K)
[403.125s][info][gc             ] GC(1458) Pause Young (Allocation Failure) 732M->644M(869M) 100.664ms
[403.125s][info][gc,cpu         ] GC(1458) User=0.19s Sys=0.01s Real=0.10s
[403.258s][info][gc,start       ] GC(1459) Pause Young (Allocation Failure)
[403.377s][info][gc,heap        ] GC(1459) PSYoungGen: 219888K(222720K)->111088K(222720K) Eden: 111616K(111616K)->0K(111616K) From: 108272K(111104K)->111088K(111104K)
[403.377s][info][gc,heap        ] GC(1459) ParOldGen: 552166K(667648K)->568926K(667648K)
[403.377s][info][gc,metaspace   ] GC(1459) Metaspace: 18950K(19136K)->18950K(19136K) NonClass: 16284K(16384K)->16284K(16384K) Class: 2666K(2752K)->2666K(2752K)
[403.377s][info][gc             ] GC(1459) Pause Young (Allocation Failure) 753M->664M(869M) 119.014ms
[403.377s][info][gc,cpu         ] GC(1459) User=0.23s Sys=0.00s Real=0.11s
[403.468s][info][gc,start       ] GC(1460) Pause Young (Allocation Failure)
[403.585s][info][gc,heap        ] GC(1460) PSYoungGen: 222704K(222720K)->111088K(222720K) Eden: 111616K(111616K)->0K(111616K) From: 111088K(111104K)->111088K(111104K)
[403.585s][info][gc,heap        ] GC(1460) ParOldGen: 568926K(667648K)->572942K(667648K)
[403.585s][info][gc,metaspace   ] GC(1460) Metaspace: 18950K(19136K)->18950K(19136K) NonClass: 16284K(16384K)->16284K(16384K) Class: 2666K(2752K)->2666K(2752K)
[403.585s][info][gc             ] GC(1460) Pause Young (Allocation Failure) 773M->667M(869M) 116.365ms
[403.585s][info][gc,cpu         ] GC(1460) User=0.23s Sys=0.01s Real=0.11s
[403.704s][info][gc,start       ] GC(1461) Pause Young (Allocation Failure)
[403.811s][info][gc,heap        ] GC(1461) PSYoungGen: 222704K(222720K)->38976K(222720K) Eden: 111616K(111616K)->0K(111616K) From: 111088K(111104K)->38976K(111104K)
[403.812s][info][gc,heap        ] GC(1461) ParOldGen: 572942K(667648K)->646695K(667648K)
[403.812s][info][gc,metaspace   ] GC(1461) Metaspace: 18950K(19136K)->18950K(19136K) NonClass: 16284K(16384K)->16284K(16384K) Class: 2666K(2752K)->2666K(2752K)
[403.812s][info][gc             ] GC(1461) Pause Young (Allocation Failure) 776M->669M(869M) 107.371ms
[403.812s][info][gc,cpu         ] GC(1461) User=0.21s Sys=0.00s Real=0.11s
[403.930s][info][gc,start       ] GC(1462) Pause Full (Allocation Failure)
[403.930s][info][gc,phases,start] GC(1462) Marking Phase
[404.292s][info][gc,phases      ] GC(1462) Marking Phase 361.521ms
[404.292s][info][gc,phases,start] GC(1462) Summary Phase
[404.292s][info][gc,phases      ] GC(1462) Summary Phase 0.024ms
[404.292s][info][gc,phases,start] GC(1462) Forward
[404.392s][info][gc,phases      ] GC(1462) Forward 100.709ms
[404.392s][info][gc,phases,start] GC(1462) Adjust Pointers
[404.662s][info][gc,phases      ] GC(1462) Adjust Pointers 269.963ms
[404.662s][info][gc,phases,start] GC(1462) Compaction Phase
[404.810s][info][gc,phases      ] GC(1462) Compaction Phase 147.831ms
[404.818s][info][gc,phases,start] GC(1462) Post Compact
[404.820s][info][gc,phases      ] GC(1462) Post Compact 2.295ms
[404.820s][info][gc,heap        ] GC(1462) PSYoungGen: 150592K(222720K)->0K(222720K) Eden: 111616K(111616K)->0K(111616K) From: 38976K(111104K)->0K(111104K)
[404.820s][info][gc,heap        ] GC(1462) ParOldGen: 646695K(667648K)->515449K(667648K)
[404.820s][info][gc,metaspace   ] GC(1462) Metaspace: 18950K(19136K)->18950K(19136K) NonClass: 16284K(16384K)->16284K(16384K) Class: 2666K(2752K)->2666K(2752K)
[404.821s][info][gc             ] GC(1462) Pause Full (Allocation Failure) 778M->503M(869M) 890.532ms
[404.821s][info][gc,cpu         ] GC(1462) User=1.67s Sys=0.00s Real=0.89s
[404.969s][info][gc,start       ] GC(1463) Pause Young (Allocation Failure)
[404.980s][info][gc,heap        ] GC(1463) PSYoungGen: 111616K(222720K)->9248K(222720K) Eden: 111616K(111616K)->0K(111616K) From: 0K(111104K)->9248K(111104K)
[404.980s][info][gc,heap        ] GC(1463) ParOldGen: 515449K(667648K)->515449K(667648K)
[404.980s][info][gc,metaspace   ] GC(1463) Metaspace: 18950K(19136K)->18950K(19136K) NonClass: 16284K(16384K)->16284K(16384K) Class: 2666K(2752K)->2666K(2752K)
[404.981s][info][gc             ] GC(1463) Pause Young (Allocation Failure) 612M->512M(869M) 11.079ms
[404.981s][info][gc,cpu         ] GC(1463) User=0.03s Sys=0.00s Real=0.01s
[405.143s][info][gc,start       ] GC(1464) Pause Young (Allocation Failure)
[405.179s][info][gc,heap        ] GC(1464) PSYoungGen: 120864K(222720K)->26416K(222720K) Eden: 111616K(111616K)->0K(111616K) From: 9248K(111104K)->26416K(111104K)
[405.179s][info][gc,heap        ] GC(1464) ParOldGen: 515449K(667648K)->515449K(667648K)
[405.179s][info][gc,metaspace   ] GC(1464) Metaspace: 18950K(19136K)->18950K(19136K) NonClass: 16284K(16384K)->16284K(16384K) Class: 2666K(2752K)->2666K(2752K)
[405.179s][info][gc             ] GC(1464) Pause Young (Allocation Failure) 621M->529M(869M) 35.924ms
[405.179s][info][gc,cpu         ] GC(1464) User=0.07s Sys=0.00s Real=0.04s
[405.435s][info][gc,start       ] GC(1465) Pause Young (Allocation Failure)
[405.468s][info][gc,heap        ] GC(1465) PSYoungGen: 138032K(222720K)->24064K(222720K) Eden: 111616K(111616K)->0K(111616K) From: 26416K(111104K)->24064K(111104K)
[405.468s][info][gc,heap        ] GC(1465) ParOldGen: 515449K(667648K)->524673K(667648K)
[405.468s][info][gc,metaspace   ] GC(1465) Metaspace: 18950K(19136K)->18950K(19136K) NonClass: 16284K(16384K)->16284K(16384K) Class: 2666K(2752K)->2666K(2752K)
[405.468s][info][gc             ] GC(1465) Pause Young (Allocation Failure) 638M->535M(869M) 33.237ms
[405.468s][info][gc,cpu         ] GC(1465) User=0.06s Sys=0.00s Real=0.04s
[405.591s][info][gc,start       ] GC(1466) Pause Young (Allocation Failure)
[405.637s][info][gc,heap        ] GC(1466) PSYoungGen: 135680K(222720K)->34144K(222720K) Eden: 111616K(111616K)->0K(111616K) From: 24064K(111104K)->34144K(111104K)
[405.637s][info][gc,heap        ] GC(1466) ParOldGen: 524673K(667648K)->548786K(667648K)
[405.637s][info][gc,metaspace   ] GC(1466) Metaspace: 18950K(19136K)->18950K(19136K) NonClass: 16284K(16384K)->16284K(16384K) Class: 2666K(2752K)->2666K(2752K)
[405.637s][info][gc             ] GC(1466) Pause Young (Allocation Failure) 644M->569M(869M) 46.654ms
[405.637s][info][gc,cpu         ] GC(1466) User=0.09s Sys=0.00s Real=0.05s
[405.773s][info][gc,start       ] GC(1467) Pause Young (Allocation Failure)
[405.813s][info][gc,heap        ] GC(1467) PSYoungGen: 145760K(222720K)->11040K(222720K) Eden: 111616K(111616K)->0K(111616K) From: 34144K(111104K)->11040K(111104K)
[405.813s][info][gc,heap        ] GC(1467) ParOldGen: 548786K(667648K)->583287K(667648K)
[405.813s][info][gc,metaspace   ] GC(1467) Metaspace: 18950K(19136K)->18950K(19136K) NonClass: 16284K(16384K)->16284K(16384K) Class: 2666K(2752K)->2666K(2752K)
[405.813s][info][gc             ] GC(1467) Pause Young (Allocation Failure) 678M->580M(869M) 40.472ms
[405.813s][info][gc,cpu         ] GC(1467) User=0.08s Sys=0.00s Real=0.04s
[405.998s][info][gc,start       ] GC(1468) Pause Young (Allocation Failure)
[406.014s][info][gc,heap        ] GC(1468) PSYoungGen: 122656K(222720K)->64K(222720K) Eden: 111616K(111616K)->0K(111616K) From: 11040K(111104K)->64K(111104K)
[406.014s][info][gc,heap        ] GC(1468) ParOldGen: 583287K(667648K)->594103K(667648K)
[406.014s][info][gc,metaspace   ] GC(1468) Metaspace: 18950K(19136K)->18950K(19136K) NonClass: 16284K(16384K)->16284K(16384K) Class: 2666K(2752K)->2666K(2752K)
[406.014s][info][gc             ] GC(1468) Pause Young (Allocation Failure) 689M->580M(869M) 16.627ms
[406.014s][info][gc,cpu         ] GC(1468) User=0.03s Sys=0.00s Real=0.01s
[406.165s][info][gc,start       ] GC(1469) Pause Young (Allocation Failure)
[406.182s][info][gc,heap        ] GC(1469) PSYoungGen: 111680K(222720K)->14880K(222720K) Eden: 111616K(111616K)->0K(111616K) From: 64K(111104K)->14880K(111104K)
[406.182s][info][gc,heap        ] GC(1469) ParOldGen: 594103K(667648K)->594119K(667648K)
[406.182s][info][gc,metaspace   ] GC(1469) Metaspace: 18950K(19136K)->18950K(19136K) NonClass: 16284K(16384K)->16284K(16384K) Class: 2666K(2752K)->2666K(2752K)
[406.182s][info][gc             ] GC(1469) Pause Young (Allocation Failure) 689M->594M(869M) 16.937ms
[406.182s][info][gc,cpu         ] GC(1469) User=0.03s Sys=0.00s Real=0.02s
[406.282s][info][gc,start       ] GC(1470) Pause Young (Allocation Failure)
[406.305s][info][gc,heap        ] GC(1470) PSYoungGen: 126496K(222720K)->6848K(222720K) Eden: 111616K(111616K)->0K(111616K) From: 14880K(111104K)->6848K(111104K)
[406.305s][info][gc,heap        ] GC(1470) ParOldGen: 594119K(667648K)->609015K(667648K)
[406.305s][info][gc,metaspace   ] GC(1470) Metaspace: 18950K(19136K)->18950K(19136K) NonClass: 16284K(16384K)->16284K(16384K) Class: 2666K(2752K)->2666K(2752K)
[406.305s][info][gc             ] GC(1470) Pause Young (Allocation Failure) 703M->601M(869M) 23.307ms
[406.305s][info][gc,cpu         ] GC(1470) User=0.04s Sys=0.00s Real=0.02s
[406.418s][info][gc,start       ] GC(1471) Pause Young (Allocation Failure)
[406.430s][info][gc,heap        ] GC(1471) PSYoungGen: 118464K(222720K)->2016K(222720K) Eden: 111616K(111616K)->0K(111616K) From: 6848K(111104K)->2016K(111104K)
[406.431s][info][gc,heap        ] GC(1471) ParOldGen: 609015K(667648K)->615847K(667648K)
[406.431s][info][gc,metaspace   ] GC(1471) Metaspace: 18950K(19136K)->18950K(19136K) NonClass: 16284K(16384K)->16284K(16384K) Class: 2666K(2752K)->2666K(2752K)
[406.431s][info][gc             ] GC(1471) Pause Young (Allocation Failure) 710M->603M(869M) 12.807ms
[406.431s][info][gc,cpu         ] GC(1471) User=0.02s Sys=0.00s Real=0.01s
[406.562s][info][gc,start       ] GC(1472) Pause Young (Allocation Failure)
[406.581s][info][gc,heap        ] GC(1472) PSYoungGen: 113632K(222720K)->14528K(222720K) Eden: 111616K(111616K)->0K(111616K) From: 2016K(111104K)->14528K(111104K)
[406.581s][info][gc,heap        ] GC(1472) ParOldGen: 615847K(667648K)->617847K(667648K)
[406.581s][info][gc,metaspace   ] GC(1472) Metaspace: 18950K(19136K)->18950K(19136K) NonClass: 16284K(16384K)->16284K(16384K) Class: 2666K(2752K)->2666K(2752K)
[406.581s][info][gc             ] GC(1472) Pause Young (Allocation Failure) 712M->617M(869M) 18.671ms
[406.581s][info][gc,cpu         ] GC(1472) User=0.04s Sys=0.00s Real=0.02s
[406.856s][info][gc,start       ] GC(1473) Pause Young (Allocation Failure)
[406.872s][info][gc,heap        ] GC(1473) PSYoungGen: 126144K(222720K)->96K(222720K) Eden: 111616K(111616K)->0K(111616K) From: 14528K(111104K)->96K(111104K)
[406.872s][info][gc,heap        ] GC(1473) ParOldGen: 617847K(667648K)->632359K(667648K)
[406.872s][info][gc,metaspace   ] GC(1473) Metaspace: 18954K(19136K)->18954K(19136K) NonClass: 16288K(16384K)->16288K(16384K) Class: 2666K(2752K)->2666K(2752K)
[406.872s][info][gc             ] GC(1473) Pause Young (Allocation Failure) 726M->617M(869M) 16.021ms
[406.872s][info][gc,cpu         ] GC(1473) User=0.03s Sys=0.00s Real=0.02s
[407.106s][info][gc,start       ] GC(1474) Pause Full (Allocation Failure)
[407.106s][info][gc,phases,start] GC(1474) Marking Phase
[407.443s][info][gc,phases      ] GC(1474) Marking Phase 336.833ms
[407.443s][info][gc,phases,start] GC(1474) Summary Phase
[407.443s][info][gc,phases      ] GC(1474) Summary Phase 0.023ms
[407.443s][info][gc,phases,start] GC(1474) Forward
[407.575s][info][gc,phases      ] GC(1474) Forward 131.604ms
[407.575s][info][gc,phases,start] GC(1474) Adjust Pointers
[407.825s][info][gc,phases      ] GC(1474) Adjust Pointers 250.850ms
[407.825s][info][gc,phases,start] GC(1474) Compaction Phase
[407.967s][info][gc,phases      ] GC(1474) Compaction Phase 141.722ms
[407.976s][info][gc,phases,start] GC(1474) Post Compact
[407.979s][info][gc,phases      ] GC(1474) Post Compact 2.132ms
[407.979s][info][gc,heap        ] GC(1474) PSYoungGen: 111712K(222720K)->0K(222720K) Eden: 111616K(111616K)->0K(111616K) From: 96K(111104K)->0K(111104K)
[407.979s][info][gc,heap        ] GC(1474) ParOldGen: 632359K(667648K)->468703K(667648K)
[407.979s][info][gc,metaspace   ] GC(1474) Metaspace: 18954K(19136K)->18954K(19136K) NonClass: 16288K(16384K)->16288K(16384K) Class: 2666K(2752K)->2666K(2752K)
[407.979s][info][gc             ] GC(1474) Pause Full (Allocation Failure) 726M->457M(869M) 872.690ms
[407.979s][info][gc,cpu         ] GC(1474) User=1.63s Sys=0.00s Real=0.88s
[408.220s][info][gc,start       ] GC(1475) Pause Young (Allocation Failure)
[408.221s][info][gc,heap        ] GC(1475) PSYoungGen: 111616K(222720K)->64K(222720K) Eden: 111616K(111616K)->0K(111616K) From: 0K(111104K)->64K(111104K)
[408.221s][info][gc,heap        ] GC(1475) ParOldGen: 468703K(667648K)->468703K(667648K)
[408.221s][info][gc,metaspace   ] GC(1475) Metaspace: 18954K(19136K)->18954K(19136K) NonClass: 16288K(16384K)->16288K(16384K) Class: 2666K(2752K)->2666K(2752K)
[408.221s][info][gc             ] GC(1475) Pause Young (Allocation Failure) 566M->457M(869M) 1.585ms
[408.221s][info][gc,cpu         ] GC(1475) User=0.00s Sys=0.00s Real=0.00s
[408.443s][info][gc,start       ] GC(1476) Pause Young (Allocation Failure)
[408.450s][info][gc,heap        ] GC(1476) PSYoungGen: 111680K(222720K)->352K(213504K) Eden: 111616K(111616K)->0K(111616K) From: 64K(111104K)->352K(101888K)
[408.450s][info][gc,heap        ] GC(1476) ParOldGen: 468703K(667648K)->468703K(667648K)
[408.450s][info][gc,metaspace   ] GC(1476) Metaspace: 18954K(19136K)->18954K(19136K) NonClass: 16288K(16384K)->16288K(16384K) Class: 2666K(2752K)->2666K(2752K)
[408.450s][info][gc             ] GC(1476) Pause Young (Allocation Failure) 566M->458M(860M) 7.556ms
[408.450s][info][gc,cpu         ] GC(1476) User=0.01s Sys=0.00s Real=0.01s
[408.547s][info][gc,start       ] GC(1477) Pause Young (Allocation Failure)
[408.572s][info][gc,heap        ] GC(1477) PSYoungGen: 111968K(213504K)->34096K(218112K) Eden: 111616K(111616K)->0K(111616K) From: 352K(101888K)->34096K(106496K)
[408.572s][info][gc,heap        ] GC(1477) ParOldGen: 468703K(667648K)->468703K(667648K)
[408.572s][info][gc,metaspace   ] GC(1477) Metaspace: 18955K(19136K)->18955K(19136K) NonClass: 16289K(16384K)->16289K(16384K) Class: 2666K(2752K)->2666K(2752K)
[408.572s][info][gc             ] GC(1477) Pause Young (Allocation Failure) 567M->491M(865M) 24.924ms
[408.572s][info][gc,cpu         ] GC(1477) User=0.05s Sys=0.00s Real=0.03s
[408.670s][info][gc,start       ] GC(1478) Pause Young (Allocation Failure)
[408.713s][info][gc,heap        ] GC(1478) PSYoungGen: 145712K(218112K)->68400K(209920K) Eden: 111616K(111616K)->0K(107520K) From: 34096K(106496K)->68400K(102400K)
[408.713s][info][gc,heap        ] GC(1478) ParOldGen: 468703K(667648K)->468703K(667648K)
[408.713s][info][gc,metaspace   ] GC(1478) Metaspace: 18955K(19136K)->18955K(19136K) NonClass: 16289K(16384K)->16289K(16384K) Class: 2666K(2752K)->2666K(2752K)
[408.713s][info][gc             ] GC(1478) Pause Young (Allocation Failure) 600M->524M(857M) 43.576ms
[408.713s][info][gc,cpu         ] GC(1478) User=0.08s Sys=0.00s Real=0.04s
[408.839s][info][gc,start       ] GC(1479) Pause Young (Allocation Failure)
[408.882s][info][gc,heap        ] GC(1479) PSYoungGen: 175920K(209920K)->70896K(218624K) Eden: 107520K(107520K)->0K(107520K) From: 68400K(102400K)->70896K(111104K)
[408.882s][info][gc,heap        ] GC(1479) ParOldGen: 468703K(667648K)->468703K(667648K)
[408.882s][info][gc,metaspace   ] GC(1479) Metaspace: 18955K(19136K)->18955K(19136K) NonClass: 16289K(16384K)->16289K(16384K) Class: 2666K(2752K)->2666K(2752K)
[408.882s][info][gc             ] GC(1479) Pause Young (Allocation Failure) 629M->526M(865M) 42.889ms
[408.882s][info][gc,cpu         ] GC(1479) User=0.09s Sys=0.00s Real=0.04s
[409.047s][info][gc,start       ] GC(1480) Pause Young (Allocation Failure)
[409.128s][info][gc,heap        ] GC(1480) PSYoungGen: 178416K(218624K)->88176K(222720K) Eden: 107520K(107520K)->0K(111616K) From: 70896K(111104K)->88176K(111104K)
[409.129s][info][gc,heap        ] GC(1480) ParOldGen: 468703K(667648K)->469007K(667648K)
[409.129s][info][gc,metaspace   ] GC(1480) Metaspace: 18955K(19136K)->18955K(19136K) NonClass: 16289K(16384K)->16289K(16384K) Class: 2666K(2752K)->2666K(2752K)
[409.129s][info][gc             ] GC(1480) Pause Young (Allocation Failure) 631M->544M(869M) 81.188ms
[409.129s][info][gc,cpu         ] GC(1480) User=0.16s Sys=0.00s Real=0.08s
[409.297s][info][gc,start       ] GC(1481) Pause Young (Allocation Failure)
[409.372s][info][gc,heap        ] GC(1481) PSYoungGen: 199792K(222720K)->20416K(222720K) Eden: 111616K(111616K)->0K(111616K) From: 88176K(111104K)->20416K(111104K)
[409.372s][info][gc,heap        ] GC(1481) ParOldGen: 469007K(667648K)->537865K(667648K)
[409.372s][info][gc,metaspace   ] GC(1481) Metaspace: 18955K(19136K)->18955K(19136K) NonClass: 16289K(16384K)->16289K(16384K) Class: 2666K(2752K)->2666K(2752K)
[409.372s][info][gc             ] GC(1481) Pause Young (Allocation Failure) 653M->545M(869M) 74.648ms
[409.372s][info][gc,cpu         ] GC(1481) User=0.15s Sys=0.00s Real=0.07s
[409.515s][info][gc,start       ] GC(1482) Pause Young (Allocation Failure)
[409.556s][info][gc,heap        ] GC(1482) PSYoungGen: 132032K(222720K)->16217K(222720K) Eden: 111616K(111616K)->0K(111616K) From: 20416K(111104K)->16217K(111104K)
[409.556s][info][gc,heap        ] GC(1482) ParOldGen: 537865K(667648K)->557993K(667648K)
[409.556s][info][gc,metaspace   ] GC(1482) Metaspace: 18955K(19136K)->18955K(19136K) NonClass: 16289K(16384K)->16289K(16384K) Class: 2666K(2752K)->2666K(2752K)
[409.556s][info][gc             ] GC(1482) Pause Young (Allocation Failure) 654M->560M(869M) 41.112ms
[409.556s][info][gc,cpu         ] GC(1482) User=0.08s Sys=0.00s Real=0.04s
[409.614s][info][gc,start       ] GC(1483) Pause Young (Allocation Failure)
[409.650s][info][gc,heap        ] GC(1483) PSYoungGen: 127833K(222720K)->37248K(222720K) Eden: 111616K(111616K)->0K(111616K) From: 16217K(111104K)->37248K(111104K)
[409.650s][info][gc,heap        ] GC(1483) ParOldGen: 557993K(667648K)->574346K(667648K)
[409.650s][info][gc,metaspace   ] GC(1483) Metaspace: 18955K(19136K)->18955K(19136K) NonClass: 16289K(16384K)->16289K(16384K) Class: 2666K(2752K)->2666K(2752K)
[409.650s][info][gc             ] GC(1483) Pause Young (Allocation Failure) 669M->597M(869M) 36.049ms
[409.650s][info][gc,cpu         ] GC(1483) User=0.07s Sys=0.00s Real=0.04s
[409.796s][info][gc,start       ] GC(1484) Pause Young (Allocation Failure)
[409.833s][info][gc,heap        ] GC(1484) PSYoungGen: 148864K(222720K)->16640K(214528K) Eden: 111616K(111616K)->0K(111616K) From: 37248K(111104K)->16640K(102912K)
[409.833s][info][gc,heap        ] GC(1484) ParOldGen: 574346K(667648K)->612002K(667648K)
[409.833s][info][gc,metaspace   ] GC(1484) Metaspace: 18955K(19136K)->18955K(19136K) NonClass: 16289K(16384K)->16289K(16384K) Class: 2666K(2752K)->2666K(2752K)
[409.833s][info][gc             ] GC(1484) Pause Young (Allocation Failure) 706M->613M(861M) 37.088ms
[409.833s][info][gc,cpu         ] GC(1484) User=0.07s Sys=0.00s Real=0.04s
[409.911s][info][gc,start       ] GC(1485) Pause Full (Allocation Failure)
[409.911s][info][gc,phases,start] GC(1485) Marking Phase
[410.211s][info][gc,phases      ] GC(1485) Marking Phase 299.434ms
[410.211s][info][gc,phases,start] GC(1485) Summary Phase
[410.211s][info][gc,phases      ] GC(1485) Summary Phase 0.025ms
[410.211s][info][gc,phases,start] GC(1485) Forward
[410.330s][info][gc,phases      ] GC(1485) Forward 118.804ms
[410.330s][info][gc,phases,start] GC(1485) Adjust Pointers
[410.568s][info][gc,phases      ] GC(1485) Adjust Pointers 237.908ms
[410.568s][info][gc,phases,start] GC(1485) Compaction Phase
[410.697s][info][gc,phases      ] GC(1485) Compaction Phase 129.543ms
[410.706s][info][gc,phases,start] GC(1485) Post Compact
[410.708s][info][gc,phases      ] GC(1485) Post Compact 2.153ms
[410.709s][info][gc,heap        ] GC(1485) PSYoungGen: 128256K(214528K)->0K(218624K) Eden: 111616K(111616K)->0K(111616K) From: 16640K(102912K)->0K(107008K)
[410.709s][info][gc,heap        ] GC(1485) ParOldGen: 612002K(667648K)->465148K(667648K)
[410.709s][info][gc,metaspace   ] GC(1485) Metaspace: 18955K(19136K)->18955K(19136K) NonClass: 16289K(16384K)->16289K(16384K) Class: 2666K(2752K)->2666K(2752K)
[410.709s][info][gc             ] GC(1485) Pause Full (Allocation Failure) 722M->454M(865M) 797.213ms
[410.709s][info][gc,cpu         ] GC(1485) User=1.50s Sys=0.00s Real=0.80s
[410.861s][info][gc,start       ] GC(1486) Pause Young (Allocation Failure)
[410.894s][info][gc,heap        ] GC(1486) PSYoungGen: 111616K(218624K)->17088K(216576K) Eden: 111616K(111616K)->0K(119296K) From: 0K(107008K)->17088K(97280K)
[410.894s][info][gc,heap        ] GC(1486) ParOldGen: 465148K(667648K)->465148K(667648K)
[410.894s][info][gc,metaspace   ] GC(1486) Metaspace: 18955K(19136K)->18955K(19136K) NonClass: 16289K(16384K)->16289K(16384K) Class: 2666K(2752K)->2666K(2752K)
[410.894s][info][gc             ] GC(1486) Pause Young (Allocation Failure) 563M->470M(863M) 32.714ms
[410.894s][info][gc,cpu         ] GC(1486) User=0.06s Sys=0.00s Real=0.03s
[411.054s][info][gc,start       ] GC(1487) Pause Young (Allocation Failure)
[411.081s][info][gc,heap        ] GC(1487) PSYoungGen: 136384K(216576K)->17088K(221696K) Eden: 119296K(119296K)->0K(119296K) From: 17088K(97280K)->17088K(102400K)
[411.081s][info][gc,heap        ] GC(1487) ParOldGen: 465148K(667648K)->465148K(667648K)
[411.081s][info][gc,metaspace   ] GC(1487) Metaspace: 18955K(19136K)->18955K(19136K) NonClass: 16289K(16384K)->16289K(16384K) Class: 2666K(2752K)->2666K(2752K)
[411.081s][info][gc             ] GC(1487) Pause Young (Allocation Failure) 587M->470M(868M) 26.418ms
[411.081s][info][gc,cpu         ] GC(1487) User=0.05s Sys=0.00s Real=0.03s
[411.239s][info][gc,start       ] GC(1488) Pause Young (Allocation Failure)
[411.266s][info][gc,heap        ] GC(1488) PSYoungGen: 136384K(221696K)->17120K(215552K) Eden: 119296K(119296K)->0K(126976K) From: 17088K(102400K)->17120K(88576K)
[411.266s][info][gc,heap        ] GC(1488) ParOldGen: 465148K(667648K)->465148K(667648K)
[411.266s][info][gc,metaspace   ] GC(1488) Metaspace: 18955K(19136K)->18955K(19136K) NonClass: 16289K(16384K)->16289K(16384K) Class: 2666K(2752K)->2666K(2752K)
[411.266s][info][gc             ] GC(1488) Pause Young (Allocation Failure) 587M->470M(862M) 27.223ms
[411.266s][info][gc,cpu         ] GC(1488) User=0.05s Sys=0.00s Real=0.02s
[411.436s][info][gc,start       ] GC(1489) Pause Young (Allocation Failure)
[411.463s][info][gc,heap        ] GC(1489) PSYoungGen: 144096K(215552K)->17088K(220160K) Eden: 126976K(126976K)->0K(126976K) From: 17120K(88576K)->17088K(93184K)
[411.463s][info][gc,heap        ] GC(1489) ParOldGen: 465148K(667648K)->465148K(667648K)
[411.463s][info][gc,metaspace   ] GC(1489) Metaspace: 18955K(19136K)->18955K(19136K) NonClass: 16289K(16384K)->16289K(16384K) Class: 2666K(2752K)->2666K(2752K)
[411.463s][info][gc             ] GC(1489) Pause Young (Allocation Failure) 594M->470M(867M) 26.379ms
[411.463s][info][gc,cpu         ] GC(1489) User=0.05s Sys=0.00s Real=0.03s
[411.631s][info][gc,start       ] GC(1490) Pause Young (Allocation Failure)
[411.659s][info][gc,heap        ] GC(1490) PSYoungGen: 144064K(220160K)->17088K(214016K) Eden: 126976K(126976K)->0K(134656K) From: 17088K(93184K)->17088K(79360K)
[411.659s][info][gc,heap        ] GC(1490) ParOldGen: 465148K(667648K)->465148K(667648K)
[411.659s][info][gc,metaspace   ] GC(1490) Metaspace: 18955K(19136K)->18955K(19136K) NonClass: 16289K(16384K)->16289K(16384K) Class: 2666K(2752K)->2666K(2752K)
[411.659s][info][gc             ] GC(1490) Pause Young (Allocation Failure) 594M->470M(861M) 27.276ms
[411.659s][info][gc,cpu         ] GC(1490) User=0.06s Sys=0.00s Real=0.03s
[411.836s][info][gc,start       ] GC(1491) Pause Young (Allocation Failure)
[411.862s][info][gc,heap        ] GC(1491) PSYoungGen: 151744K(214016K)->17088K(218624K) Eden: 134656K(134656K)->0K(134656K) From: 17088K(79360K)->17088K(83968K)
[411.862s][info][gc,heap        ] GC(1491) ParOldGen: 465148K(667648K)->465148K(667648K)
[411.862s][info][gc,metaspace   ] GC(1491) Metaspace: 18955K(19136K)->18955K(19136K) NonClass: 16289K(16384K)->16289K(16384K) Class: 2666K(2752K)->2666K(2752K)
[411.862s][info][gc             ] GC(1491) Pause Young (Allocation Failure) 602M->470M(865M) 26.451ms
[411.862s][info][gc,cpu         ] GC(1491) User=0.05s Sys=0.00s Real=0.03s
[412.044s][info][gc,start       ] GC(1492) Pause Young (Allocation Failure)
[412.071s][info][gc,heap        ] GC(1492) PSYoungGen: 151744K(218624K)->17088K(214016K) Eden: 134656K(134656K)->0K(142336K) From: 17088K(83968K)->17088K(71680K)
[412.071s][info][gc,heap        ] GC(1492) ParOldGen: 465148K(667648K)->465148K(667648K)
[412.071s][info][gc,metaspace   ] GC(1492) Metaspace: 18955K(19136K)->18955K(19136K) NonClass: 16289K(16384K)->16289K(16384K) Class: 2666K(2752K)->2666K(2752K)
[412.071s][info][gc             ] GC(1492) Pause Young (Allocation Failure) 602M->470M(861M) 27.249ms
[412.071s][info][gc,cpu         ] GC(1492) User=0.06s Sys=0.00s Real=0.03s
[412.217s][info][gc,start       ] GC(1493) Pause Young (Allocation Failure)
[412.263s][info][gc,heap        ] GC(1493) PSYoungGen: 159424K(214016K)->35936K(218112K) Eden: 142336K(142336K)->0K(142336K) From: 17088K(71680K)->35936K(75776K)
[412.263s][info][gc,heap        ] GC(1493) ParOldGen: 465148K(667648K)->465148K(667648K)
[412.263s][info][gc,metaspace   ] GC(1493) Metaspace: 18955K(19136K)->18955K(19136K) NonClass: 16289K(16384K)->16289K(16384K) Class: 2666K(2752K)->2666K(2752K)
[412.263s][info][gc             ] GC(1493) Pause Young (Allocation Failure) 609M->489M(865M) 45.942ms
[412.263s][info][gc,cpu         ] GC(1493) User=0.09s Sys=0.00s Real=0.05s
[412.403s][info][gc,start       ] GC(1494) Pause Young (Allocation Failure)
[412.463s][info][gc,heap        ] GC(1494) PSYoungGen: 178272K(218112K)->52064K(221696K) Eden: 142336K(142336K)->0K(146432K) From: 35936K(75776K)->52064K(75264K)
[412.463s][info][gc,heap        ] GC(1494) ParOldGen: 465148K(667648K)->465148K(667648K)
[412.463s][info][gc,metaspace   ] GC(1494) Metaspace: 18955K(19136K)->18955K(19136K) NonClass: 16289K(16384K)->16289K(16384K) Class: 2666K(2752K)->2666K(2752K)
[412.463s][info][gc             ] GC(1494) Pause Young (Allocation Failure) 628M->505M(868M) 60.468ms
[412.463s][info][gc,cpu         ] GC(1494) User=0.12s Sys=0.01s Real=0.06s
[412.574s][info][gc,start       ] GC(1495) Pause Young (Allocation Failure)
[412.635s][info][gc,heap        ] GC(1495) PSYoungGen: 198496K(221696K)->53472K(226304K) Eden: 146432K(146432K)->0K(146432K) From: 52064K(75264K)->53472K(79872K)
[412.635s][info][gc,heap        ] GC(1495) ParOldGen: 465148K(667648K)->465148K(667648K)
[412.635s][info][gc,metaspace   ] GC(1495) Metaspace: 18955K(19136K)->18955K(19136K) NonClass: 16289K(16384K)->16289K(16384K) Class: 2666K(2752K)->2666K(2752K)
[412.635s][info][gc             ] GC(1495) Pause Young (Allocation Failure) 648M->506M(873M) 60.948ms
[412.635s][info][gc,cpu         ] GC(1495) User=0.12s Sys=0.00s Real=0.06s
[412.774s][info][gc,start       ] GC(1496) Pause Young (Allocation Failure)
[412.840s][info][gc,heap        ] GC(1496) PSYoungGen: 199904K(226304K)->56896K(237056K) Eden: 146432K(146432K)->0K(153088K) From: 53472K(79872K)->56896K(83968K)
[412.840s][info][gc,heap        ] GC(1496) ParOldGen: 465148K(667648K)->465148K(667648K)
[412.840s][info][gc,metaspace   ] GC(1496) Metaspace: 18955K(19136K)->18955K(19136K) NonClass: 16289K(16384K)->16289K(16384K) Class: 2666K(2752K)->2666K(2752K)
[412.840s][info][gc             ] GC(1496) Pause Young (Allocation Failure) 649M->509M(883M) 66.196ms
[412.840s][info][gc,cpu         ] GC(1496) User=0.13s Sys=0.00s Real=0.07s
[412.961s][info][gc,start       ] GC(1497) Pause Young (Allocation Failure)
[413.025s][info][gc,heap        ] GC(1497) PSYoungGen: 209984K(237056K)->56992K(241664K) Eden: 153088K(153088K)->0K(153088K) From: 56896K(83968K)->56992K(88576K)
[413.025s][info][gc,heap        ] GC(1497) ParOldGen: 465148K(667648K)->465148K(667648K)
[413.025s][info][gc,metaspace   ] GC(1497) Metaspace: 18955K(19136K)->18955K(19136K) NonClass: 16289K(16384K)->16289K(16384K) Class: 2666K(2752K)->2666K(2752K)
[413.025s][info][gc             ] GC(1497) Pause Young (Allocation Failure) 659M->509M(888M) 63.826ms
[413.025s][info][gc,cpu         ] GC(1497) User=0.13s Sys=0.00s Real=0.06s
[413.201s][info][gc,start       ] GC(1498) Pause Young (Allocation Failure)
[413.288s][info][gc,heap        ] GC(1498) PSYoungGen: 210080K(241664K)->75344K(223744K) Eden: 153088K(153088K)->0K(132096K) From: 56992K(88576K)->75344K(91648K)
[413.288s][info][gc,heap        ] GC(1498) ParOldGen: 465148K(667648K)->465148K(667648K)
[413.288s][info][gc,metaspace   ] GC(1498) Metaspace: 18955K(19136K)->18955K(19136K) NonClass: 16289K(16384K)->16289K(16384K) Class: 2666K(2752K)->2666K(2752K)
[413.288s][info][gc             ] GC(1498) Pause Young (Allocation Failure) 659M->527M(870M) 87.460ms
[413.288s][info][gc,cpu         ] GC(1498) User=0.16s Sys=0.01s Real=0.09s
[413.401s][info][gc,start       ] GC(1499) Pause Young (Allocation Failure)
[413.513s][info][gc,heap        ] GC(1499) PSYoungGen: 207440K(223744K)->100848K(232960K) Eden: 132096K(132096K)->0K(132096K) From: 75344K(91648K)->100848K(100864K)
[413.513s][info][gc,heap        ] GC(1499) ParOldGen: 465148K(667648K)->465756K(667648K)
[413.513s][info][gc,metaspace   ] GC(1499) Metaspace: 18955K(19136K)->18955K(19136K) NonClass: 16289K(16384K)->16289K(16384K) Class: 2666K(2752K)->2666K(2752K)
[413.513s][info][gc             ] GC(1499) Pause Young (Allocation Failure) 656M->553M(879M) 112.099ms
[413.513s][info][gc,cpu         ] GC(1499) User=0.23s Sys=0.00s Real=0.11s
[413.668s][info][gc,start       ] GC(1500) Pause Young (Allocation Failure)
[413.792s][info][gc,heap        ] GC(1500) PSYoungGen: 232944K(232960K)->98416K(212480K) Eden: 132096K(132096K)->0K(111616K) From: 100848K(100864K)->98416K(100864K)
[413.792s][info][gc,heap        ] GC(1500) ParOldGen: 465756K(667648K)->482260K(667648K)
[413.792s][info][gc,metaspace   ] GC(1500) Metaspace: 18955K(19136K)->18955K(19136K) NonClass: 16289K(16384K)->16289K(16384K) Class: 2666K(2752K)->2666K(2752K)
[413.792s][info][gc             ] GC(1500) Pause Young (Allocation Failure) 682M->567M(859M) 123.864ms
[413.792s][info][gc,cpu         ] GC(1500) User=0.24s Sys=0.01s Real=0.12s
[413.924s][info][gc,start       ] GC(1501) Pause Young (Allocation Failure)
[414.016s][info][gc,heap        ] GC(1501) PSYoungGen: 210032K(212480K)->99872K(222720K) Eden: 111616K(111616K)->0K(111616K) From: 98416K(100864K)->99872K(111104K)
[414.016s][info][gc,heap        ] GC(1501) ParOldGen: 482260K(667648K)->482260K(667648K)
[414.016s][info][gc,metaspace   ] GC(1501) Metaspace: 18955K(19136K)->18955K(19136K) NonClass: 16289K(16384K)->16289K(16384K) Class: 2666K(2752K)->2666K(2752K)
[414.016s][info][gc             ] GC(1501) Pause Young (Allocation Failure) 676M->568M(869M) 92.063ms
[414.016s][info][gc,cpu         ] GC(1501) User=0.19s Sys=0.00s Real=0.09s
[414.133s][info][gc,start       ] GC(1502) Pause Young (Allocation Failure)
[414.243s][info][gc,heap        ] GC(1502) PSYoungGen: 211488K(222720K)->103328K(222720K) Eden: 111616K(111616K)->0K(111616K) From: 99872K(111104K)->103328K(111104K)
[414.243s][info][gc,heap        ] GC(1502) ParOldGen: 482260K(667648K)->482260K(667648K)
[414.243s][info][gc,metaspace   ] GC(1502) Metaspace: 18955K(19136K)->18955K(19136K) NonClass: 16289K(16384K)->16289K(16384K) Class: 2666K(2752K)->2666K(2752K)
[414.243s][info][gc             ] GC(1502) Pause Young (Allocation Failure) 677M->571M(869M) 109.714ms
[414.243s][info][gc,cpu         ] GC(1502) User=0.22s Sys=0.00s Real=0.11s
[414.346s][info][gc,start       ] GC(1503) Pause Young (Allocation Failure)
[414.449s][info][gc,heap        ] GC(1503) PSYoungGen: 214944K(222720K)->103360K(222720K) Eden: 111616K(111616K)->0K(111616K) From: 103328K(111104K)->103360K(111104K)
[414.449s][info][gc,heap        ] GC(1503) ParOldGen: 482260K(667648K)->482260K(667648K)
[414.449s][info][gc,metaspace   ] GC(1503) Metaspace: 18955K(19136K)->18955K(19136K) NonClass: 16289K(16384K)->16289K(16384K) Class: 2666K(2752K)->2666K(2752K)
[414.449s][info][gc             ] GC(1503) Pause Young (Allocation Failure) 680M->571M(869M) 102.751ms
[414.449s][info][gc,cpu         ] GC(1503) User=0.20s Sys=0.00s Real=0.11s
[414.620s][info][gc,start       ] GC(1504) Pause Young (Allocation Failure)
[414.731s][info][gc,heap        ] GC(1504) PSYoungGen: 214976K(222720K)->84768K(222720K) Eden: 111616K(111616K)->0K(111616K) From: 103360K(111104K)->84768K(111104K)
[414.731s][info][gc,heap        ] GC(1504) ParOldGen: 482260K(667648K)->517308K(667648K)
[414.731s][info][gc,metaspace   ] GC(1504) Metaspace: 18955K(19136K)->18955K(19136K) NonClass: 16289K(16384K)->16289K(16384K) Class: 2666K(2752K)->2666K(2752K)
[414.731s][info][gc             ] GC(1504) Pause Young (Allocation Failure) 680M->587M(869M) 111.048ms
[414.731s][info][gc,cpu         ] GC(1504) User=0.22s Sys=0.00s Real=0.11s
[414.906s][info][gc,start       ] GC(1505) Pause Young (Allocation Failure)
[414.994s][info][gc,heap        ] GC(1505) PSYoungGen: 196384K(222720K)->86944K(222720K) Eden: 111616K(111616K)->0K(111616K) From: 84768K(111104K)->86944K(111104K)
[414.994s][info][gc,heap        ] GC(1505) ParOldGen: 517308K(667648K)->522172K(667648K)
[414.994s][info][gc,metaspace   ] GC(1505) Metaspace: 18955K(19136K)->18955K(19136K) NonClass: 16289K(16384K)->16289K(16384K) Class: 2666K(2752K)->2666K(2752K)
[414.994s][info][gc             ] GC(1505) Pause Young (Allocation Failure) 696M->594M(869M) 87.548ms
[414.994s][info][gc,cpu         ] GC(1505) User=0.17s Sys=0.00s Real=0.09s
[415.319s][info][gc,start       ] GC(1506) Pause Young (Allocation Failure)
[415.401s][info][gc,heap        ] GC(1506) PSYoungGen: 198560K(222720K)->68576K(222720K) Eden: 111616K(111616K)->0K(111616K) From: 86944K(111104K)->68576K(111104K)
[415.401s][info][gc,heap        ] GC(1506) ParOldGen: 522172K(667648K)->540684K(667648K)
[415.401s][info][gc,metaspace   ] GC(1506) Metaspace: 18955K(19136K)->18955K(19136K) NonClass: 16289K(16384K)->16289K(16384K) Class: 2666K(2752K)->2666K(2752K)
[415.401s][info][gc             ] GC(1506) Pause Young (Allocation Failure) 703M->594M(869M) 81.945ms
[415.401s][info][gc,cpu         ] GC(1506) User=0.16s Sys=0.00s Real=0.08s
[415.667s][info][gc,start       ] GC(1507) Pause Young (Allocation Failure)
[415.732s][info][gc,heap        ] GC(1507) PSYoungGen: 180192K(222720K)->28496K(222720K) Eden: 111616K(111616K)->0K(111616K) From: 68576K(111104K)->28496K(111104K)
[415.732s][info][gc,heap        ] GC(1507) ParOldGen: 540684K(667648K)->580876K(667648K)
[415.732s][info][gc,metaspace   ] GC(1507) Metaspace: 18955K(19136K)->18955K(19136K) NonClass: 16289K(16384K)->16289K(16384K) Class: 2666K(2752K)->2666K(2752K)
[415.732s][info][gc             ] GC(1507) Pause Young (Allocation Failure) 703M->595M(869M) 65.087ms
[415.732s][info][gc,cpu         ] GC(1507) User=0.13s Sys=0.00s Real=0.07s
[415.978s][info][gc,start       ] GC(1508) Pause Young (Allocation Failure)
[416.007s][info][gc,heap        ] GC(1508) PSYoungGen: 140112K(222720K)->23648K(222720K) Eden: 111616K(111616K)->0K(111616K) From: 28496K(111104K)->23648K(111104K)
[416.007s][info][gc,heap        ] GC(1508) ParOldGen: 580876K(667648K)->585716K(667648K)
[416.007s][info][gc,metaspace   ] GC(1508) Metaspace: 18955K(19136K)->18955K(19136K) NonClass: 16289K(16384K)->16289K(16384K) Class: 2666K(2752K)->2666K(2752K)
[416.007s][info][gc             ] GC(1508) Pause Young (Allocation Failure) 704M->595M(869M) 29.596ms
[416.007s][info][gc,cpu         ] GC(1508) User=0.05s Sys=0.00s Real=0.03s
[416.250s][info][gc,start       ] GC(1509) Pause Young (Allocation Failure)
[416.274s][info][gc,heap        ] GC(1509) PSYoungGen: 135264K(222720K)->7136K(222720K) Eden: 111616K(111616K)->0K(111616K) From: 23648K(111104K)->7136K(111104K)
[416.274s][info][gc,heap        ] GC(1509) ParOldGen: 585716K(667648K)->602269K(667648K)
[416.274s][info][gc,metaspace   ] GC(1509) Metaspace: 18955K(19136K)->18955K(19136K) NonClass: 16289K(16384K)->16289K(16384K) Class: 2666K(2752K)->2666K(2752K)
[416.274s][info][gc             ] GC(1509) Pause Young (Allocation Failure) 704M->595M(869M) 24.242ms
[416.274s][info][gc,cpu         ] GC(1509) User=0.04s Sys=0.00s Real=0.02s
[416.504s][info][gc,start       ] GC(1510) Pause Young (Allocation Failure)
[416.513s][info][gc,heap        ] GC(1510) PSYoungGen: 118752K(222720K)->96K(222720K) Eden: 111616K(111616K)->0K(111616K) From: 7136K(111104K)->96K(111104K)
[416.513s][info][gc,heap        ] GC(1510) ParOldGen: 602269K(667648K)->609325K(667648K)
[416.513s][info][gc,metaspace   ] GC(1510) Metaspace: 18955K(19136K)->18955K(19136K) NonClass: 16289K(16384K)->16289K(16384K) Class: 2666K(2752K)->2666K(2752K)
[416.513s][info][gc             ] GC(1510) Pause Young (Allocation Failure) 704M->595M(869M) 8.878ms
[416.513s][info][gc,cpu         ] GC(1510) User=0.02s Sys=0.00s Real=0.01s
[416.780s][info][gc,start       ] GC(1511) Pause Young (Allocation Failure)
[416.783s][info][gc,heap        ] GC(1511) PSYoungGen: 111712K(222720K)->192K(222720K) Eden: 111616K(111616K)->0K(111616K) From: 96K(111104K)->192K(111104K)
[416.783s][info][gc,heap        ] GC(1511) ParOldGen: 609325K(667648K)->609389K(667648K)
[416.783s][info][gc,metaspace   ] GC(1511) Metaspace: 18955K(19136K)->18955K(19136K) NonClass: 16289K(16384K)->16289K(16384K) Class: 2666K(2752K)->2666K(2752K)
[416.783s][info][gc             ] GC(1511) Pause Young (Allocation Failure) 704M->595M(869M) 2.349ms
[416.783s][info][gc,cpu         ] GC(1511) User=0.00s Sys=0.00s Real=0.00s
[416.983s][info][gc,start       ] GC(1512) Pause Young (Allocation Failure)
[416.987s][info][gc,heap        ] GC(1512) PSYoungGen: 111808K(222720K)->2208K(222720K) Eden: 111616K(111616K)->0K(111616K) From: 192K(111104K)->2208K(111104K)
[416.987s][info][gc,heap        ] GC(1512) ParOldGen: 609389K(667648K)->609405K(667648K)
[416.987s][info][gc,metaspace   ] GC(1512) Metaspace: 18955K(19136K)->18955K(19136K) NonClass: 16289K(16384K)->16289K(16384K) Class: 2666K(2752K)->2666K(2752K)
[416.987s][info][gc             ] GC(1512) Pause Young (Allocation Failure) 704M->597M(869M) 4.062ms
[416.987s][info][gc,cpu         ] GC(1512) User=0.01s Sys=0.00s Real=0.00s
[417.090s][info][gc,start       ] GC(1513) Pause Young (Allocation Failure)
[417.117s][info][gc,heap        ] GC(1513) PSYoungGen: 113824K(222720K)->34176K(222720K) Eden: 111616K(111616K)->0K(111616K) From: 2208K(111104K)->34176K(111104K)
[417.117s][info][gc,heap        ] GC(1513) ParOldGen: 609405K(667648K)->611597K(667648K)
[417.117s][info][gc,metaspace   ] GC(1513) Metaspace: 18955K(19136K)->18955K(19136K) NonClass: 16289K(16384K)->16289K(16384K) Class: 2666K(2752K)->2666K(2752K)
[417.117s][info][gc             ] GC(1513) Pause Young (Allocation Failure) 706M->630M(869M) 27.025ms
[417.117s][info][gc,cpu         ] GC(1513) User=0.06s Sys=0.00s Real=0.03s
[417.216s][info][gc,start       ] GC(1514) Pause Young (Allocation Failure)
[417.261s][info][gc,heap        ] GC(1514) PSYoungGen: 145792K(222720K)->34720K(222720K) Eden: 111616K(111616K)->0K(111616K) From: 34176K(111104K)->34720K(111104K)
[417.261s][info][gc,heap        ] GC(1514) ParOldGen: 611597K(667648K)->646165K(667648K)
[417.261s][info][gc,metaspace   ] GC(1514) Metaspace: 18955K(19136K)->18955K(19136K) NonClass: 16289K(16384K)->16289K(16384K) Class: 2666K(2752K)->2666K(2752K)
[417.261s][info][gc             ] GC(1514) Pause Young (Allocation Failure) 739M->664M(869M) 44.998ms
[417.261s][info][gc,cpu         ] GC(1514) User=0.09s Sys=0.00s Real=0.05s
[417.393s][info][gc,start       ] GC(1515) Pause Full (Allocation Failure)
[417.393s][info][gc,phases,start] GC(1515) Marking Phase
[417.802s][info][gc,phases      ] GC(1515) Marking Phase 408.461ms
[417.802s][info][gc,phases,start] GC(1515) Summary Phase
[417.802s][info][gc,phases      ] GC(1515) Summary Phase 0.032ms
[417.802s][info][gc,phases,start] GC(1515) Forward
[417.909s][info][gc,phases      ] GC(1515) Forward 107.360ms
[417.909s][info][gc,phases,start] GC(1515) Adjust Pointers
[418.207s][info][gc,phases      ] GC(1515) Adjust Pointers 297.141ms
[418.207s][info][gc,phases,start] GC(1515) Compaction Phase
[418.385s][info][gc,phases      ] GC(1515) Compaction Phase 178.553ms
[418.394s][info][gc,phases,start] GC(1515) Post Compact
[418.396s][info][gc,phases      ] GC(1515) Post Compact 2.276ms
[418.396s][info][gc,heap        ] GC(1515) PSYoungGen: 146336K(222720K)->0K(222720K) Eden: 111616K(111616K)->0K(111616K) From: 34720K(111104K)->0K(111104K)
[418.396s][info][gc,heap        ] GC(1515) ParOldGen: 646165K(667648K)->593547K(667648K)
[418.396s][info][gc,metaspace   ] GC(1515) Metaspace: 18955K(19136K)->18955K(19136K) NonClass: 16289K(16384K)->16289K(16384K) Class: 2666K(2752K)->2666K(2752K)
[418.396s][info][gc             ] GC(1515) Pause Full (Allocation Failure) 773M->579M(869M) 1002.798ms
[418.396s][info][gc,cpu         ] GC(1515) User=1.91s Sys=0.00s Real=1.00s
[418.579s][info][gc,start       ] GC(1516) Pause Young (Allocation Failure)
[418.613s][info][gc,heap        ] GC(1516) PSYoungGen: 111616K(222720K)->17856K(222720K) Eden: 111616K(111616K)->0K(111616K) From: 0K(111104K)->17856K(111104K)
[418.613s][info][gc,heap        ] GC(1516) ParOldGen: 593547K(667648K)->593547K(667648K)
[418.613s][info][gc,metaspace   ] GC(1516) Metaspace: 18955K(19136K)->18955K(19136K) NonClass: 16289K(16384K)->16289K(16384K) Class: 2666K(2752K)->2666K(2752K)
[418.613s][info][gc             ] GC(1516) Pause Young (Allocation Failure) 688M->597M(869M) 33.672ms
[418.613s][info][gc,cpu         ] GC(1516) User=0.07s Sys=0.00s Real=0.03s
[418.763s][info][gc,start       ] GC(1517) Pause Young (Allocation Failure)
[418.793s][info][gc,heap        ] GC(1517) PSYoungGen: 129472K(222720K)->2080K(222720K) Eden: 111616K(111616K)->0K(111616K) From: 17856K(111104K)->2080K(111104K)
[418.793s][info][gc,heap        ] GC(1517) ParOldGen: 593547K(667648K)->611401K(667648K)
[418.793s][info][gc,metaspace   ] GC(1517) Metaspace: 18955K(19136K)->18955K(19136K) NonClass: 16289K(16384K)->16289K(16384K) Class: 2666K(2752K)->2666K(2752K)
[418.793s][info][gc             ] GC(1517) Pause Young (Allocation Failure) 706M->599M(869M) 29.977ms
[418.793s][info][gc,cpu         ] GC(1517) User=0.05s Sys=0.00s Real=0.03s
[418.891s][info][gc,start       ] GC(1518) Pause Young (Allocation Failure)
[418.915s][info][gc,heap        ] GC(1518) PSYoungGen: 113696K(222720K)->29232K(219648K) Eden: 111616K(111616K)->0K(111616K) From: 2080K(111104K)->29232K(108032K)
[418.915s][info][gc,heap        ] GC(1518) ParOldGen: 611401K(667648K)->613465K(667648K)
[418.915s][info][gc,metaspace   ] GC(1518) Metaspace: 18955K(19136K)->18955K(19136K) NonClass: 16289K(16384K)->16289K(16384K) Class: 2666K(2752K)->2666K(2752K)
[418.915s][info][gc             ] GC(1518) Pause Young (Allocation Failure) 708M->627M(866M) 23.773ms
[418.915s][info][gc,cpu         ] GC(1518) User=0.04s Sys=0.00s Real=0.02s
[418.978s][info][gc,start       ] GC(1519) Pause Young (Allocation Failure)
[419.022s][info][gc,heap        ] GC(1519) PSYoungGen: 140848K(219648K)->67424K(221184K) Eden: 111616K(111616K)->0K(111616K) From: 29232K(108032K)->67424K(109568K)
[419.022s][info][gc,heap        ] GC(1519) ParOldGen: 613465K(667648K)->613465K(667648K)
[419.022s][info][gc,metaspace   ] GC(1519) Metaspace: 18955K(19136K)->18955K(19136K) NonClass: 16289K(16384K)->16289K(16384K) Class: 2666K(2752K)->2666K(2752K)
[419.022s][info][gc             ] GC(1519) Pause Young (Allocation Failure) 736M->664M(868M) 44.262ms
[419.022s][info][gc,cpu         ] GC(1519) User=0.09s Sys=0.00s Real=0.04s
[419.171s][info][gc,start       ] GC(1520) Pause Young (Allocation Failure)
[419.222s][info][gc,promotion   ] GC(1520) Promotion failed
[419.222s][info][gc,heap        ] GC(1520) PSYoungGen: 179040K(221184K)->179040K(221184K) Eden: 111616K(111616K)->111616K(111616K) From: 67424K(109568K)->67424K(109568K)
[419.222s][info][gc,heap        ] GC(1520) ParOldGen: 613465K(667648K)->667641K(667648K)
[419.222s][info][gc,metaspace   ] GC(1520) Metaspace: 18955K(19136K)->18955K(19136K) NonClass: 16289K(16384K)->16289K(16384K) Class: 2666K(2752K)->2666K(2752K)
[419.222s][info][gc             ] GC(1520) Pause Young (Allocation Failure) 773M->826M(868M) 50.137ms
[419.222s][info][gc,cpu         ] GC(1520) User=0.10s Sys=0.00s Real=0.05s
[419.222s][info][gc,start       ] GC(1521) Pause Full (Allocation Failure)
[419.222s][info][gc,phases,start] GC(1521) Marking Phase
[419.454s][info][gc,phases      ] GC(1521) Marking Phase 231.886ms
[419.454s][info][gc,phases,start] GC(1521) Summary Phase
[419.454s][info][gc,phases      ] GC(1521) Summary Phase 0.025ms
[419.454s][info][gc,phases,start] GC(1521) Forward
[419.564s][info][gc,phases      ] GC(1521) Forward 110.377ms
[419.564s][info][gc,phases,start] GC(1521) Adjust Pointers
[419.747s][info][gc,phases      ] GC(1521) Adjust Pointers 182.449ms
[419.747s][info][gc,phases,start] GC(1521) Compaction Phase
[419.851s][info][gc,phases      ] GC(1521) Compaction Phase 103.952ms
[419.858s][info][gc,phases,start] GC(1521) Post Compact
[419.860s][info][gc,phases      ] GC(1521) Post Compact 2.436ms
[419.860s][info][gc,heap        ] GC(1521) PSYoungGen: 179040K(221184K)->0K(222720K) Eden: 111616K(111616K)->0K(111616K) From: 67424K(109568K)->0K(111104K)
[419.860s][info][gc,heap        ] GC(1521) ParOldGen: 667641K(667648K)->375714K(667648K)
[419.860s][info][gc,metaspace   ] GC(1521) Metaspace: 18955K(19136K)->18955K(19136K) NonClass: 16289K(16384K)->16289K(16384K) Class: 2666K(2752K)->2666K(2752K)
[419.860s][info][gc             ] GC(1521) Pause Full (Allocation Failure) 826M->366M(869M) 638.503ms
[419.860s][info][gc,cpu         ] GC(1521) User=1.15s Sys=0.00s Real=0.64s
[419.976s][info][gc,start       ] GC(1522) Pause Young (Allocation Failure)
[419.977s][info][gc,heap        ] GC(1522) PSYoungGen: 111616K(222720K)->96K(222720K) Eden: 111616K(111616K)->0K(111616K) From: 0K(111104K)->96K(111104K)
[419.977s][info][gc,heap        ] GC(1522) ParOldGen: 375714K(667648K)->375714K(667648K)
[419.978s][info][gc,metaspace   ] GC(1522) Metaspace: 18955K(19136K)->18955K(19136K) NonClass: 16289K(16384K)->16289K(16384K) Class: 2666K(2752K)->2666K(2752K)
[419.978s][info][gc             ] GC(1522) Pause Young (Allocation Failure) 475M->367M(869M) 1.619ms
[419.978s][info][gc,cpu         ] GC(1522) User=0.00s Sys=0.00s Real=0.01s
[420.089s][info][gc,start       ] GC(1523) Pause Young (Allocation Failure)
[420.090s][info][gc,heap        ] GC(1523) PSYoungGen: 111712K(222720K)->128K(221696K) Eden: 111616K(111616K)->0K(111616K) From: 96K(111104K)->128K(110080K)
[420.090s][info][gc,heap        ] GC(1523) ParOldGen: 375714K(667648K)->375786K(667648K)
[420.090s][info][gc,metaspace   ] GC(1523) Metaspace: 18955K(19136K)->18955K(19136K) NonClass: 16289K(16384K)->16289K(16384K) Class: 2666K(2752K)->2666K(2752K)
[420.090s][info][gc             ] GC(1523) Pause Young (Allocation Failure) 476M->367M(868M) 1.843ms
[420.090s][info][gc,cpu         ] GC(1523) User=0.01s Sys=0.00s Real=0.00s
[420.200s][info][gc,start       ] GC(1524) Pause Young (Allocation Failure)
[420.202s][info][gc,heap        ] GC(1524) PSYoungGen: 111744K(221696K)->256K(112128K) Eden: 111616K(111616K)->0K(111616K) From: 128K(110080K)->256K(512K)
[420.202s][info][gc,heap        ] GC(1524) ParOldGen: 375786K(667648K)->375786K(667648K)
[420.202s][info][gc,metaspace   ] GC(1524) Metaspace: 18955K(19136K)->18955K(19136K) NonClass: 16289K(16384K)->16289K(16384K) Class: 2666K(2752K)->2666K(2752K)
[420.202s][info][gc             ] GC(1524) Pause Young (Allocation Failure) 476M->367M(761M) 2.144ms
[420.202s][info][gc,cpu         ] GC(1524) User=0.01s Sys=0.00s Real=0.00s
[420.314s][info][gc,start       ] GC(1525) Pause Young (Allocation Failure)
[420.316s][info][gc,heap        ] GC(1525) PSYoungGen: 111872K(112128K)->352K(219648K) Eden: 111616K(111616K)->0K(116224K) From: 256K(512K)->352K(103424K)
[420.316s][info][gc,heap        ] GC(1525) ParOldGen: 375786K(667648K)->375786K(667648K)
[420.316s][info][gc,metaspace   ] GC(1525) Metaspace: 18955K(19136K)->18955K(19136K) NonClass: 16289K(16384K)->16289K(16384K) Class: 2666K(2752K)->2666K(2752K)
[420.316s][info][gc             ] GC(1525) Pause Young (Allocation Failure) 476M->367M(866M) 2.131ms
[420.316s][info][gc,cpu         ] GC(1525) User=0.00s Sys=0.00s Real=0.00s
[420.433s][info][gc,start       ] GC(1526) Pause Young (Allocation Failure)
[420.435s][info][gc,heap        ] GC(1526) PSYoungGen: 116576K(219648K)->416K(220160K) Eden: 116224K(116224K)->0K(116224K) From: 352K(103424K)->416K(103936K)
[420.435s][info][gc,heap        ] GC(1526) ParOldGen: 375786K(667648K)->375786K(667648K)
[420.435s][info][gc,metaspace   ] GC(1526) Metaspace: 18955K(19136K)->18955K(19136K) NonClass: 16289K(16384K)->16289K(16384K) Class: 2666K(2752K)->2666K(2752K)
[420.435s][info][gc             ] GC(1526) Pause Young (Allocation Failure) 480M->367M(867M) 2.289ms
[420.435s][info][gc,cpu         ] GC(1526) User=0.01s Sys=0.00s Real=0.00s
[420.550s][info][gc,start       ] GC(1527) Pause Young (Allocation Failure)
[420.553s][info][gc,heap        ] GC(1527) PSYoungGen: 116640K(220160K)->512K(209920K) Eden: 116224K(116224K)->0K(119296K) From: 416K(103936K)->512K(90624K)
[420.553s][info][gc,heap        ] GC(1527) ParOldGen: 375786K(667648K)->375786K(667648K)
[420.553s][info][gc,metaspace   ] GC(1527) Metaspace: 18955K(19136K)->18955K(19136K) NonClass: 16289K(16384K)->16289K(16384K) Class: 2666K(2752K)->2666K(2752K)
[420.553s][info][gc             ] GC(1527) Pause Young (Allocation Failure) 480M->367M(857M) 2.833ms
[420.553s][info][gc,cpu         ] GC(1527) User=0.00s Sys=0.00s Real=0.00s
[420.670s][info][gc,start       ] GC(1528) Pause Young (Allocation Failure)
[420.673s][info][gc,heap        ] GC(1528) PSYoungGen: 119808K(209920K)->576K(120320K) Eden: 119296K(119296K)->0K(119296K) From: 512K(90624K)->576K(1024K)
[420.673s][info][gc,heap        ] GC(1528) ParOldGen: 375786K(667648K)->375786K(667648K)
[420.673s][info][gc,metaspace   ] GC(1528) Metaspace: 18955K(19136K)->18955K(19136K) NonClass: 16289K(16384K)->16289K(16384K) Class: 2666K(2752K)->2666K(2752K)
[420.673s][info][gc             ] GC(1528) Pause Young (Allocation Failure) 483M->367M(769M) 2.698ms
[420.673s][info][gc,cpu         ] GC(1528) User=0.01s Sys=0.00s Real=0.00s
[420.789s][info][gc,start       ] GC(1529) Pause Young (Allocation Failure)
[420.792s][info][gc,heap        ] GC(1529) PSYoungGen: 119872K(120320K)->672K(203776K) Eden: 119296K(119296K)->0K(121856K) From: 576K(1024K)->672K(81920K)
[420.792s][info][gc,heap        ] GC(1529) ParOldGen: 375786K(667648K)->375786K(667648K)
[420.792s][info][gc,metaspace   ] GC(1529) Metaspace: 18955K(19136K)->18955K(19136K) NonClass: 16289K(16384K)->16289K(16384K) Class: 2666K(2752K)->2666K(2752K)
[420.792s][info][gc             ] GC(1529) Pause Young (Allocation Failure) 484M->367M(851M) 3.117ms
[420.792s][info][gc,cpu         ] GC(1529) User=0.00s Sys=0.00s Real=0.00s
[420.925s][info][gc,start       ] GC(1530) Pause Young (Allocation Failure)
[420.933s][info][gc,heap        ] GC(1530) PSYoungGen: 122528K(203776K)->3168K(125440K) Eden: 121856K(121856K)->0K(121856K) From: 672K(81920K)->3168K(3584K)
[420.933s][info][gc,heap        ] GC(1530) ParOldGen: 375786K(667648K)->375786K(667648K)
[420.933s][info][gc,metaspace   ] GC(1530) Metaspace: 18955K(19136K)->18955K(19136K) NonClass: 16289K(16384K)->16289K(16384K) Class: 2666K(2752K)->2666K(2752K)
[420.933s][info][gc             ] GC(1530) Pause Young (Allocation Failure) 486M->370M(774M) 8.082ms
[420.933s][info][gc,cpu         ] GC(1530) User=0.02s Sys=0.00s Real=0.01s
[421.067s][info][gc,start       ] GC(1531) Pause Young (Allocation Failure)
[421.097s][info][gc,heap        ] GC(1531) PSYoungGen: 125024K(125440K)->14571K(197632K) Eden: 121856K(121856K)->0K(126464K) From: 3168K(3584K)->14571K(71168K)
[421.097s][info][gc,heap        ] GC(1531) ParOldGen: 375786K(667648K)->375786K(667648K)
[421.097s][info][gc,metaspace   ] GC(1531) Metaspace: 18955K(19136K)->18955K(19136K) NonClass: 16289K(16384K)->16289K(16384K) Class: 2666K(2752K)->2666K(2752K)
[421.097s][info][gc             ] GC(1531) Pause Young (Allocation Failure) 489M->381M(845M) 30.394ms
[421.097s][info][gc,cpu         ] GC(1531) User=0.06s Sys=0.00s Real=0.03s
[421.254s][info][gc,start       ] GC(1532) Pause Young (Allocation Failure)
[421.286s][info][gc,heap        ] GC(1532) PSYoungGen: 141035K(197632K)->19563K(202240K) Eden: 126464K(126464K)->0K(126464K) From: 14571K(71168K)->19563K(75776K)
[421.286s][info][gc,heap        ] GC(1532) ParOldGen: 375786K(667648K)->375786K(667648K)
[421.286s][info][gc,metaspace   ] GC(1532) Metaspace: 18955K(19136K)->18955K(19136K) NonClass: 16289K(16384K)->16289K(16384K) Class: 2666K(2752K)->2666K(2752K)
[421.286s][info][gc             ] GC(1532) Pause Young (Allocation Failure) 504M->386M(849M) 31.888ms
[421.286s][info][gc,cpu         ] GC(1532) User=0.07s Sys=0.00s Real=0.03s
[421.413s][info][gc,start       ] GC(1533) Pause Young (Allocation Failure)
[421.462s][info][gc,heap        ] GC(1533) PSYoungGen: 146027K(202240K)->35787K(201216K) Eden: 126464K(126464K)->0K(130048K) From: 19563K(75776K)->35787K(71168K)
[421.462s][info][gc,heap        ] GC(1533) ParOldGen: 375786K(667648K)->375786K(667648K)
[421.462s][info][gc,metaspace   ] GC(1533) Metaspace: 18955K(19136K)->18955K(19136K) NonClass: 16289K(16384K)->16289K(16384K) Class: 2666K(2752K)->2666K(2752K)
[421.462s][info][gc             ] GC(1533) Pause Young (Allocation Failure) 509M->401M(848M) 48.741ms
[421.462s][info][gc,cpu         ] GC(1533) User=0.10s Sys=0.00s Real=0.05s
[421.590s][info][gc,start       ] GC(1534) Pause Young (Allocation Failure)
[421.653s][info][gc,heap        ] GC(1534) PSYoungGen: 165835K(201216K)->51211K(203264K) Eden: 130048K(130048K)->0K(130048K) From: 35787K(71168K)->51211K(73216K)
[421.653s][info][gc,heap        ] GC(1534) ParOldGen: 375786K(667648K)->375786K(667648K)
[421.653s][info][gc,metaspace   ] GC(1534) Metaspace: 18955K(19136K)->18955K(19136K) NonClass: 16289K(16384K)->16289K(16384K) Class: 2666K(2752K)->2666K(2752K)
[421.653s][info][gc             ] GC(1534) Pause Young (Allocation Failure) 528M->416M(850M) 62.342ms
[421.653s][info][gc,cpu         ] GC(1534) User=0.13s Sys=0.00s Real=0.06s
[421.738s][info][gc,start       ] GC(1535) Pause Young (Allocation Failure)
[421.803s][info][gc,heap        ] GC(1535) PSYoungGen: 181259K(203264K)->55243K(212992K) Eden: 130048K(130048K)->0K(132608K) From: 51211K(73216K)->55243K(80384K)
[421.803s][info][gc,heap        ] GC(1535) ParOldGen: 375786K(667648K)->375786K(667648K)
[421.803s][info][gc,metaspace   ] GC(1535) Metaspace: 18955K(19136K)->18955K(19136K) NonClass: 16289K(16384K)->16289K(16384K) Class: 2666K(2752K)->2666K(2752K)
[421.803s][info][gc             ] GC(1535) Pause Young (Allocation Failure) 543M->420M(860M) 65.616ms
[421.803s][info][gc,cpu         ] GC(1535) User=0.13s Sys=0.00s Real=0.06s
[421.923s][info][gc,start       ] GC(1536) Pause Young (Allocation Failure)
[421.989s][info][gc,heap        ] GC(1536) PSYoungGen: 187851K(212992K)->56395K(219648K) Eden: 132608K(132608K)->0K(132608K) From: 55243K(80384K)->56395K(87040K)
[421.990s][info][gc,heap        ] GC(1536) ParOldGen: 375786K(667648K)->375786K(667648K)
[421.990s][info][gc,metaspace   ] GC(1536) Metaspace: 18955K(19136K)->18955K(19136K) NonClass: 16289K(16384K)->16289K(16384K) Class: 2666K(2752K)->2666K(2752K)
[421.990s][info][gc             ] GC(1536) Pause Young (Allocation Failure) 550M->422M(866M) 66.388ms
[421.990s][info][gc,cpu         ] GC(1536) User=0.13s Sys=0.00s Real=0.07s
[422.108s][info][gc,start       ] GC(1537) Pause Young (Allocation Failure)
[422.187s][info][gc,heap        ] GC(1537) PSYoungGen: 189003K(219648K)->59787K(229888K) Eden: 132608K(132608K)->0K(137216K) From: 56395K(87040K)->59787K(92672K)
[422.187s][info][gc,heap        ] GC(1537) ParOldGen: 375786K(667648K)->375786K(667648K)
[422.187s][info][gc,metaspace   ] GC(1537) Metaspace: 18957K(19136K)->18957K(19136K) NonClass: 16291K(16384K)->16291K(16384K) Class: 2666K(2752K)->2666K(2752K)
[422.187s][info][gc             ] GC(1537) Pause Young (Allocation Failure) 551M->425M(876M) 78.825ms
[422.187s][info][gc,cpu         ] GC(1537) User=0.14s Sys=0.02s Real=0.07s
[422.305s][info][gc,start       ] GC(1538) Pause Young (Allocation Failure)
[422.378s][info][gc,heap        ] GC(1538) PSYoungGen: 197003K(229888K)->64235K(201728K) Eden: 137216K(137216K)->0K(137216K) From: 59787K(92672K)->64235K(64512K)
[422.378s][info][gc,heap        ] GC(1538) ParOldGen: 375786K(667648K)->375890K(667648K)
[422.378s][info][gc,metaspace   ] GC(1538) Metaspace: 18957K(19136K)->18957K(19136K) NonClass: 16291K(16384K)->16291K(16384K) Class: 2666K(2752K)->2666K(2752K)
[422.378s][info][gc             ] GC(1538) Pause Young (Allocation Failure) 559M->429M(849M) 72.763ms
[422.378s][info][gc,cpu         ] GC(1538) User=0.15s Sys=0.00s Real=0.08s
[422.517s][info][gc,start       ] GC(1539) Pause Young (Allocation Failure)
[422.610s][info][gc,heap        ] GC(1539) PSYoungGen: 201451K(201728K)->81452K(215552K) Eden: 137216K(137216K)->0K(111616K) From: 64235K(64512K)->81452K(103936K)
[422.610s][info][gc,heap        ] GC(1539) ParOldGen: 375890K(667648K)->376010K(667648K)
[422.610s][info][gc,metaspace   ] GC(1539) Metaspace: 18957K(19136K)->18957K(19136K) NonClass: 16291K(16384K)->16291K(16384K) Class: 2666K(2752K)->2666K(2752K)
[422.610s][info][gc             ] GC(1539) Pause Young (Allocation Failure) 563M->446M(862M) 93.274ms
[422.610s][info][gc,cpu         ] GC(1539) User=0.18s Sys=0.01s Real=0.10s
[422.758s][info][gc,start       ] GC(1540) Pause Young (Allocation Failure)
[422.855s][info][gc,heap        ] GC(1540) PSYoungGen: 193068K(215552K)->82972K(222720K) Eden: 111616K(111616K)->0K(111616K) From: 81452K(103936K)->82972K(111104K)
[422.855s][info][gc,heap        ] GC(1540) ParOldGen: 376010K(667648K)->376170K(667648K)
[422.855s][info][gc,metaspace   ] GC(1540) Metaspace: 18957K(19136K)->18957K(19136K) NonClass: 16291K(16384K)->16291K(16384K) Class: 2666K(2752K)->2666K(2752K)
[422.855s][info][gc             ] GC(1540) Pause Young (Allocation Failure) 555M->448M(869M) 96.237ms
[422.855s][info][gc,cpu         ] GC(1540) User=0.19s Sys=0.00s Real=0.09s
[423.089s][info][gc,start       ] GC(1541) Pause Young (Allocation Failure)
[423.179s][info][gc,heap        ] GC(1541) PSYoungGen: 194588K(222720K)->82795K(222720K) Eden: 111616K(111616K)->0K(111616K) From: 82972K(111104K)->82795K(111104K)
[423.179s][info][gc,heap        ] GC(1541) ParOldGen: 376170K(667648K)->376370K(667648K)
[423.179s][info][gc,metaspace   ] GC(1541) Metaspace: 18957K(19136K)->18957K(19136K) NonClass: 16291K(16384K)->16291K(16384K) Class: 2666K(2752K)->2666K(2752K)
[423.179s][info][gc             ] GC(1541) Pause Young (Allocation Failure) 557M->448M(869M) 90.084ms
[423.179s][info][gc,cpu         ] GC(1541) User=0.18s Sys=0.00s Real=0.09s
[423.293s][info][gc,start       ] GC(1542) Pause Young (Allocation Failure)
[423.418s][info][gc,heap        ] GC(1542) PSYoungGen: 194411K(222720K)->101948K(222720K) Eden: 111616K(111616K)->0K(111616K) From: 82795K(111104K)->101948K(111104K)
[423.419s][info][gc,heap        ] GC(1542) ParOldGen: 376370K(667648K)->378970K(667648K)
[423.419s][info][gc,metaspace   ] GC(1542) Metaspace: 18957K(19136K)->18957K(19136K) NonClass: 16291K(16384K)->16291K(16384K) Class: 2666K(2752K)->2666K(2752K)
[423.419s][info][gc             ] GC(1542) Pause Young (Allocation Failure) 557M->469M(869M) 125.180ms
[423.419s][info][gc,cpu         ] GC(1542) User=0.24s Sys=0.00s Real=0.13s
[423.563s][info][gc,start       ] GC(1543) Pause Young (Allocation Failure)
[423.706s][info][gc,heap        ] GC(1543) PSYoungGen: 213564K(222720K)->101744K(222720K) Eden: 111616K(111616K)->0K(111616K) From: 101948K(111104K)->101744K(111104K)
[423.706s][info][gc,heap        ] GC(1543) ParOldGen: 378970K(667648K)->395410K(667648K)
[423.706s][info][gc,metaspace   ] GC(1543) Metaspace: 18957K(19136K)->18957K(19136K) NonClass: 16291K(16384K)->16291K(16384K) Class: 2666K(2752K)->2666K(2752K)
[423.706s][info][gc             ] GC(1543) Pause Young (Allocation Failure) 578M->485M(869M) 142.978ms
[423.706s][info][gc,cpu         ] GC(1543) User=0.28s Sys=0.01s Real=0.14s
[423.789s][info][gc,start       ] GC(1544) Pause Young (Allocation Failure)
[423.886s][info][gc,heap        ] GC(1544) PSYoungGen: 213360K(222720K)->73824K(222720K) Eden: 111616K(111616K)->0K(111616K) From: 101744K(111104K)->73824K(111104K)
[423.886s][info][gc,heap        ] GC(1544) ParOldGen: 395410K(667648K)->427154K(667648K)
[423.886s][info][gc,metaspace   ] GC(1544) Metaspace: 18957K(19136K)->18957K(19136K) NonClass: 16291K(16384K)->16291K(16384K) Class: 2666K(2752K)->2666K(2752K)
[423.886s][info][gc             ] GC(1544) Pause Young (Allocation Failure) 594M->489M(869M) 97.474ms
[423.886s][info][gc,cpu         ] GC(1544) User=0.20s Sys=0.00s Real=0.09s
[424.011s][info][gc,start       ] GC(1545) Pause Young (Allocation Failure)
[424.083s][info][gc,heap        ] GC(1545) PSYoungGen: 185440K(222720K)->70496K(222720K) Eden: 111616K(111616K)->0K(111616K) From: 73824K(111104K)->70496K(111104K)
[424.084s][info][gc,heap        ] GC(1545) ParOldGen: 427154K(667648K)->432338K(667648K)
[424.084s][info][gc,metaspace   ] GC(1545) Metaspace: 18957K(19136K)->18957K(19136K) NonClass: 16291K(16384K)->16291K(16384K) Class: 2666K(2752K)->2666K(2752K)
[424.084s][info][gc             ] GC(1545) Pause Young (Allocation Failure) 598M->491M(869M) 72.090ms
[424.084s][info][gc,cpu         ] GC(1545) User=0.14s Sys=0.00s Real=0.07s
[424.201s][info][gc,start       ] GC(1546) Pause Young (Allocation Failure)
[424.272s][info][gc,heap        ] GC(1546) PSYoungGen: 182112K(222720K)->66800K(222720K) Eden: 111616K(111616K)->0K(111616K) From: 70496K(111104K)->66800K(111104K)
[424.272s][info][gc,heap        ] GC(1546) ParOldGen: 432338K(667648K)->440282K(667648K)
[424.272s][info][gc,metaspace   ] GC(1546) Metaspace: 18957K(19136K)->18957K(19136K) NonClass: 16291K(16384K)->16291K(16384K) Class: 2666K(2752K)->2666K(2752K)
[424.272s][info][gc             ] GC(1546) Pause Young (Allocation Failure) 600M->495M(869M) 70.791ms
[424.272s][info][gc,cpu         ] GC(1546) User=0.14s Sys=0.00s Real=0.07s
[424.377s][info][gc,start       ] GC(1547) Pause Young (Allocation Failure)
[424.441s][info][gc,heap        ] GC(1547) PSYoungGen: 178416K(222720K)->47808K(222720K) Eden: 111616K(111616K)->0K(111616K) From: 66800K(111104K)->47808K(111104K)
[424.441s][info][gc,heap        ] GC(1547) ParOldGen: 440282K(667648K)->459346K(667648K)
[424.441s][info][gc,metaspace   ] GC(1547) Metaspace: 18957K(19136K)->18957K(19136K) NonClass: 16291K(16384K)->16291K(16384K) Class: 2666K(2752K)->2666K(2752K)
[424.441s][info][gc             ] GC(1547) Pause Young (Allocation Failure) 604M->495M(869M) 63.519ms
[424.441s][info][gc,cpu         ] GC(1547) User=0.13s Sys=0.00s Real=0.07s
[424.519s][info][gc,start       ] GC(1548) Pause Young (Allocation Failure)
[424.565s][info][gc,heap        ] GC(1548) PSYoungGen: 159424K(222720K)->26080K(222720K) Eden: 111616K(111616K)->0K(111616K) From: 47808K(111104K)->26080K(111104K)
[424.565s][info][gc,heap        ] GC(1548) ParOldGen: 459346K(667648K)->481146K(667648K)
[424.565s][info][gc,metaspace   ] GC(1548) Metaspace: 18957K(19136K)->18957K(19136K) NonClass: 16291K(16384K)->16291K(16384K) Class: 2666K(2752K)->2666K(2752K)
[424.565s][info][gc             ] GC(1548) Pause Young (Allocation Failure) 604M->495M(869M) 46.119ms
[424.565s][info][gc,cpu         ] GC(1548) User=0.09s Sys=0.00s Real=0.04s
[424.730s][info][gc,start       ] GC(1549) Pause Young (Allocation Failure)
[424.767s][info][gc,heap        ] GC(1549) PSYoungGen: 137696K(222720K)->16032K(222720K) Eden: 111616K(111616K)->0K(111616K) From: 26080K(111104K)->16032K(111104K)
[424.767s][info][gc,heap        ] GC(1549) ParOldGen: 481146K(667648K)->501138K(667648K)
[424.767s][info][gc,metaspace   ] GC(1549) Metaspace: 18957K(19136K)->18957K(19136K) NonClass: 16291K(16384K)->16291K(16384K) Class: 2666K(2752K)->2666K(2752K)
[424.767s][info][gc             ] GC(1549) Pause Young (Allocation Failure) 604M->505M(869M) 36.946ms
[424.767s][info][gc,cpu         ] GC(1549) User=0.07s Sys=0.00s Real=0.03s
[424.929s][info][gc,start       ] GC(1550) Pause Young (Allocation Failure)
[424.952s][info][gc,heap        ] GC(1550) PSYoungGen: 127648K(222720K)->15424K(222720K) Eden: 111616K(111616K)->0K(111616K) From: 16032K(111104K)->15424K(111104K)
[424.952s][info][gc,heap        ] GC(1550) ParOldGen: 501138K(667648K)->507226K(667648K)
[424.952s][info][gc,metaspace   ] GC(1550) Metaspace: 18957K(19136K)->18957K(19136K) NonClass: 16291K(16384K)->16291K(16384K) Class: 2666K(2752K)->2666K(2752K)
[424.952s][info][gc             ] GC(1550) Pause Young (Allocation Failure) 614M->510M(869M) 22.742ms
[424.952s][info][gc,cpu         ] GC(1550) User=0.05s Sys=0.00s Real=0.02s
[425.264s][info][gc,start       ] GC(1551) Pause Young (Allocation Failure)
[425.281s][info][gc,heap        ] GC(1551) PSYoungGen: 127040K(222720K)->15424K(222720K) Eden: 111616K(111616K)->0K(111616K) From: 15424K(111104K)->15424K(111104K)
[425.281s][info][gc,heap        ] GC(1551) ParOldGen: 507226K(667648K)->507266K(667648K)
[425.281s][info][gc,metaspace   ] GC(1551) Metaspace: 18957K(19136K)->18957K(19136K) NonClass: 16291K(16384K)->16291K(16384K) Class: 2666K(2752K)->2666K(2752K)
[425.281s][info][gc             ] GC(1551) Pause Young (Allocation Failure) 619M->510M(869M) 16.711ms
[425.281s][info][gc,cpu         ] GC(1551) User=0.03s Sys=0.00s Real=0.02s
[425.523s][info][gc,start       ] GC(1552) Pause Young (Allocation Failure)
[425.540s][info][gc,heap        ] GC(1552) PSYoungGen: 127040K(222720K)->288K(222720K) Eden: 111616K(111616K)->0K(111616K) From: 15424K(111104K)->288K(111104K)
[425.540s][info][gc,heap        ] GC(1552) ParOldGen: 507266K(667648K)->522618K(667648K)
[425.540s][info][gc,metaspace   ] GC(1552) Metaspace: 18957K(19136K)->18957K(19136K) NonClass: 16291K(16384K)->16291K(16384K) Class: 2666K(2752K)->2666K(2752K)
[425.540s][info][gc             ] GC(1552) Pause Young (Allocation Failure) 619M->510M(869M) 17.086ms
[425.540s][info][gc,cpu         ] GC(1552) User=0.03s Sys=0.00s Real=0.02s
[425.772s][info][gc,start       ] GC(1553) Pause Young (Allocation Failure)
[425.774s][info][gc,heap        ] GC(1553) PSYoungGen: 111904K(222720K)->64K(222720K) Eden: 111616K(111616K)->0K(111616K) From: 288K(111104K)->64K(111104K)
[425.774s][info][gc,heap        ] GC(1553) ParOldGen: 522618K(667648K)->522859K(667648K)
[425.774s][info][gc,metaspace   ] GC(1553) Metaspace: 18957K(19136K)->18957K(19136K) NonClass: 16291K(16384K)->16291K(16384K) Class: 2666K(2752K)->2666K(2752K)
[425.774s][info][gc             ] GC(1553) Pause Young (Allocation Failure) 619M->510M(869M) 2.369ms
[425.774s][info][gc,cpu         ] GC(1553) User=0.01s Sys=0.00s Real=0.00s
[426.013s][info][gc,start       ] GC(1554) Pause Young (Allocation Failure)
[426.016s][info][gc,heap        ] GC(1554) PSYoungGen: 111680K(222720K)->192K(222720K) Eden: 111616K(111616K)->0K(111616K) From: 64K(111104K)->192K(111104K)
[426.016s][info][gc,heap        ] GC(1554) ParOldGen: 522859K(667648K)->522891K(667648K)
[426.016s][info][gc,metaspace   ] GC(1554) Metaspace: 18957K(19136K)->18957K(19136K) NonClass: 16291K(16384K)->16291K(16384K) Class: 2666K(2752K)->2666K(2752K)
[426.016s][info][gc             ] GC(1554) Pause Young (Allocation Failure) 619M->510M(869M) 2.907ms
[426.016s][info][gc,cpu         ] GC(1554) User=0.01s Sys=0.00s Real=0.00s
[426.275s][info][gc,start       ] GC(1555) Pause Young (Allocation Failure)
[426.281s][info][gc,heap        ] GC(1555) PSYoungGen: 111808K(222720K)->5184K(222720K) Eden: 111616K(111616K)->0K(111616K) From: 192K(111104K)->5184K(111104K)
[426.281s][info][gc,heap        ] GC(1555) ParOldGen: 522891K(667648K)->523051K(667648K)
[426.281s][info][gc,metaspace   ] GC(1555) Metaspace: 18957K(19136K)->18957K(19136K) NonClass: 16291K(16384K)->16291K(16384K) Class: 2666K(2752K)->2666K(2752K)
[426.281s][info][gc             ] GC(1555) Pause Young (Allocation Failure) 619M->515M(869M) 6.485ms
[426.281s][info][gc,cpu         ] GC(1555) User=0.01s Sys=0.01s Real=0.01s
[426.342s][info][gc,start       ] GC(1556) Pause Young (Allocation Failure)
[426.380s][info][gc,heap        ] GC(1556) PSYoungGen: 116800K(222720K)->42656K(222720K) Eden: 111616K(111616K)->0K(111616K) From: 5184K(111104K)->42656K(111104K)
[426.380s][info][gc,heap        ] GC(1556) ParOldGen: 523051K(667648K)->528227K(667648K)
[426.380s][info][gc,metaspace   ] GC(1556) Metaspace: 18957K(19136K)->18957K(19136K) NonClass: 16291K(16384K)->16291K(16384K) Class: 2666K(2752K)->2666K(2752K)
[426.380s][info][gc             ] GC(1556) Pause Young (Allocation Failure) 624M->557M(869M) 37.541ms
[426.380s][info][gc,cpu         ] GC(1556) User=0.07s Sys=0.00s Real=0.04s
[426.436s][info][gc,start       ] GC(1557) Pause Young (Allocation Failure)
[426.493s][info][gc,heap        ] GC(1557) PSYoungGen: 154272K(222720K)->37600K(215552K) Eden: 111616K(111616K)->0K(111616K) From: 42656K(111104K)->37600K(103936K)
[426.493s][info][gc,heap        ] GC(1557) ParOldGen: 528227K(667648K)->571331K(667648K)
[426.493s][info][gc,metaspace   ] GC(1557) Metaspace: 18957K(19136K)->18957K(19136K) NonClass: 16291K(16384K)->16291K(16384K) Class: 2666K(2752K)->2666K(2752K)
[426.493s][info][gc             ] GC(1557) Pause Young (Allocation Failure) 666M->594M(862M) 57.488ms
[426.493s][info][gc,cpu         ] GC(1557) User=0.12s Sys=0.00s Real=0.06s
[426.562s][info][gc,start       ] GC(1558) Pause Young (Allocation Failure)
[426.614s][info][gc,heap        ] GC(1558) PSYoungGen: 149216K(215552K)->80832K(219136K) Eden: 111616K(111616K)->0K(111616K) From: 37600K(103936K)->80832K(107520K)
[426.614s][info][gc,heap        ] GC(1558) ParOldGen: 571331K(667648K)->571331K(667648K)
[426.614s][info][gc,metaspace   ] GC(1558) Metaspace: 18957K(19136K)->18957K(19136K) NonClass: 16291K(16384K)->16291K(16384K) Class: 2666K(2752K)->2666K(2752K)
[426.614s][info][gc             ] GC(1558) Pause Young (Allocation Failure) 703M->636M(866M) 52.352ms
[426.614s][info][gc,cpu         ] GC(1558) User=0.11s Sys=0.00s Real=0.05s
[426.690s][info][gc,start       ] GC(1559) Pause Young (Allocation Failure)
[426.773s][info][gc,heap        ] GC(1559) PSYoungGen: 192448K(219136K)->48485K(222720K) Eden: 111616K(111616K)->0K(111616K) From: 80832K(107520K)->48485K(111104K)
[426.773s][info][gc,heap        ] GC(1559) ParOldGen: 571331K(667648K)->653112K(667648K)
[426.773s][info][gc,metaspace   ] GC(1559) Metaspace: 18957K(19136K)->18957K(19136K) NonClass: 16291K(16384K)->16291K(16384K) Class: 2666K(2752K)->2666K(2752K)
[426.773s][info][gc             ] GC(1559) Pause Young (Allocation Failure) 745M->685M(869M) 83.078ms
[426.773s][info][gc,cpu         ] GC(1559) User=0.16s Sys=0.00s Real=0.08s
[426.962s][info][gc,start       ] GC(1560) Pause Full (Allocation Failure)
[426.962s][info][gc,phases,start] GC(1560) Marking Phase
[427.327s][info][gc,phases      ] GC(1560) Marking Phase 365.186ms
[427.327s][info][gc,phases,start] GC(1560) Summary Phase
[427.327s][info][gc,phases      ] GC(1560) Summary Phase 0.025ms
[427.327s][info][gc,phases,start] GC(1560) Forward
[427.468s][info][gc,phases      ] GC(1560) Forward 140.741ms
[427.468s][info][gc,phases,start] GC(1560) Adjust Pointers
[427.742s][info][gc,phases      ] GC(1560) Adjust Pointers 274.210ms
[427.743s][info][gc,phases,start] GC(1560) Compaction Phase
[427.910s][info][gc,phases      ] GC(1560) Compaction Phase 167.583ms
[427.920s][info][gc,phases,start] GC(1560) Post Compact
[427.923s][info][gc,phases      ] GC(1560) Post Compact 2.346ms
[427.923s][info][gc,heap        ] GC(1560) PSYoungGen: 160101K(222720K)->0K(222720K) Eden: 111616K(111616K)->0K(111616K) From: 48485K(111104K)->0K(111104K)
[427.923s][info][gc,heap        ] GC(1560) ParOldGen: 653112K(667648K)->569857K(667648K)
[427.923s][info][gc,metaspace   ] GC(1560) Metaspace: 18957K(19136K)->18957K(19136K) NonClass: 16291K(16384K)->16291K(16384K) Class: 2666K(2752K)->2666K(2752K)
[427.923s][info][gc             ] GC(1560) Pause Full (Allocation Failure) 794M->556M(869M) 960.604ms
[427.923s][info][gc,cpu         ] GC(1560) User=1.81s Sys=0.00s Real=0.96s
[428.115s][info][gc,start       ] GC(1561) Pause Young (Allocation Failure)
[428.137s][info][gc,heap        ] GC(1561) PSYoungGen: 111616K(222720K)->13120K(222720K) Eden: 111616K(111616K)->0K(111616K) From: 0K(111104K)->13120K(111104K)
[428.137s][info][gc,heap        ] GC(1561) ParOldGen: 569857K(667648K)->569857K(667648K)
[428.137s][info][gc,metaspace   ] GC(1561) Metaspace: 18957K(19136K)->18957K(19136K) NonClass: 16291K(16384K)->16291K(16384K) Class: 2666K(2752K)->2666K(2752K)
[428.137s][info][gc             ] GC(1561) Pause Young (Allocation Failure) 665M->569M(869M) 21.761ms
[428.137s][info][gc,cpu         ] GC(1561) User=0.05s Sys=0.00s Real=0.02s
[428.236s][info][gc,start       ] GC(1562) Pause Young (Allocation Failure)
[428.267s][info][gc,heap        ] GC(1562) PSYoungGen: 124736K(222720K)->16448K(128512K) Eden: 111616K(111616K)->0K(111616K) From: 13120K(111104K)->16448K(16896K)
[428.267s][info][gc,heap        ] GC(1562) ParOldGen: 569857K(667648K)->569857K(667648K)
[428.267s][info][gc,metaspace   ] GC(1562) Metaspace: 18957K(19136K)->18957K(19136K) NonClass: 16291K(16384K)->16291K(16384K) Class: 2666K(2752K)->2666K(2752K)
[428.267s][info][gc             ] GC(1562) Pause Young (Allocation Failure) 678M->572M(777M) 30.683ms
[428.267s][info][gc,cpu         ] GC(1562) User=0.06s Sys=0.00s Real=0.03s
[428.391s][info][gc,start       ] GC(1563) Pause Young (Allocation Failure)
[428.436s][info][gc,heap        ] GC(1563) PSYoungGen: 128064K(128512K)->22093K(223232K) Eden: 111616K(111616K)->0K(116736K) From: 16448K(16896K)->22093K(106496K)
[428.436s][info][gc,heap        ] GC(1563) ParOldGen: 569857K(667648K)->569857K(667648K)
[428.436s][info][gc,metaspace   ] GC(1563) Metaspace: 18957K(19136K)->18957K(19136K) NonClass: 16291K(16384K)->16291K(16384K) Class: 2666K(2752K)->2666K(2752K)
[428.436s][info][gc             ] GC(1563) Pause Young (Allocation Failure) 681M->578M(870M) 45.926ms
[428.436s][info][gc,cpu         ] GC(1563) User=0.09s Sys=0.00s Real=0.04s
[428.599s][info][gc,start       ] GC(1564) Pause Young (Allocation Failure)
[428.672s][info][gc,heap        ] GC(1564) PSYoungGen: 138829K(223232K)->44163K(218112K) Eden: 116736K(116736K)->0K(116736K) From: 22093K(106496K)->44163K(101376K)
[428.672s][info][gc,heap        ] GC(1564) ParOldGen: 569857K(667648K)->569857K(667648K)
[428.672s][info][gc,metaspace   ] GC(1564) Metaspace: 18957K(19136K)->18957K(19136K) NonClass: 16291K(16384K)->16291K(16384K) Class: 2666K(2752K)->2666K(2752K)
[428.672s][info][gc             ] GC(1564) Pause Young (Allocation Failure) 692M->599M(865M) 72.594ms
[428.672s][info][gc,cpu         ] GC(1564) User=0.15s Sys=0.00s Real=0.07s
[428.832s][info][gc,start       ] GC(1565) Pause Young (Allocation Failure)
[428.905s][info][gc,heap        ] GC(1565) PSYoungGen: 160899K(218112K)->31085K(217600K) Eden: 116736K(116736K)->0K(128512K) From: 44163K(101376K)->31085K(89088K)
[428.905s][info][gc,heap        ] GC(1565) ParOldGen: 569857K(667648K)->582953K(667648K)
[428.905s][info][gc,metaspace   ] GC(1565) Metaspace: 18957K(19136K)->18957K(19136K) NonClass: 16291K(16384K)->16291K(16384K) Class: 2666K(2752K)->2666K(2752K)
[428.905s][info][gc             ] GC(1565) Pause Young (Allocation Failure) 713M->599M(864M) 72.476ms
[428.905s][info][gc,cpu         ] GC(1565) User=0.14s Sys=0.00s Real=0.07s
[429.081s][info][gc,start       ] GC(1566) Pause Young (Allocation Failure)
[429.136s][info][gc,heap        ] GC(1566) PSYoungGen: 159597K(217600K)->27725K(221184K) Eden: 128512K(128512K)->0K(128512K) From: 31085K(89088K)->27725K(92672K)
[429.136s][info][gc,heap        ] GC(1566) ParOldGen: 582953K(667648K)->586321K(667648K)
[429.136s][info][gc,metaspace   ] GC(1566) Metaspace: 18957K(19136K)->18957K(19136K) NonClass: 16291K(16384K)->16291K(16384K) Class: 2666K(2752K)->2666K(2752K)
[429.136s][info][gc             ] GC(1566) Pause Young (Allocation Failure) 725M->599M(868M) 54.604ms
[429.136s][info][gc,cpu         ] GC(1566) User=0.11s Sys=0.00s Real=0.05s
[429.312s][info][gc,start       ] GC(1567) Pause Young (Allocation Failure)
[429.360s][info][gc,heap        ] GC(1567) PSYoungGen: 156237K(221184K)->22336K(220160K) Eden: 128512K(128512K)->0K(140800K) From: 27725K(92672K)->22336K(79360K)
[429.360s][info][gc,heap        ] GC(1567) ParOldGen: 586321K(667648K)->591740K(667648K)
[429.360s][info][gc,metaspace   ] GC(1567) Metaspace: 18957K(19136K)->18957K(19136K) NonClass: 16291K(16384K)->16291K(16384K) Class: 2666K(2752K)->2666K(2752K)
[429.360s][info][gc             ] GC(1567) Pause Young (Allocation Failure) 725M->599M(867M) 47.959ms
[429.360s][info][gc,cpu         ] GC(1567) User=0.09s Sys=0.00s Real=0.05s
[429.552s][info][gc,start       ] GC(1568) Pause Young (Allocation Failure)
[429.583s][info][gc,heap        ] GC(1568) PSYoungGen: 163136K(220160K)->22336K(224768K) Eden: 140800K(140800K)->0K(140800K) From: 22336K(79360K)->22336K(83968K)
[429.583s][info][gc,heap        ] GC(1568) ParOldGen: 591740K(667648K)->591740K(667648K)
[429.583s][info][gc,metaspace   ] GC(1568) Metaspace: 18957K(19136K)->18957K(19136K) NonClass: 16291K(16384K)->16291K(16384K) Class: 2666K(2752K)->2666K(2752K)
[429.583s][info][gc             ] GC(1568) Pause Young (Allocation Failure) 737M->599M(871M) 31.057ms
[429.583s][info][gc,cpu         ] GC(1568) User=0.07s Sys=0.00s Real=0.03s
[429.775s][info][gc,start       ] GC(1569) Pause Young (Allocation Failure)
[429.807s][info][gc,heap        ] GC(1569) PSYoungGen: 163136K(224768K)->22336K(226304K) Eden: 140800K(140800K)->0K(152576K) From: 22336K(83968K)->22336K(73728K)
[429.807s][info][gc,heap        ] GC(1569) ParOldGen: 591740K(667648K)->591740K(667648K)
[429.807s][info][gc,metaspace   ] GC(1569) Metaspace: 18957K(19136K)->18957K(19136K) NonClass: 16291K(16384K)->16291K(16384K) Class: 2666K(2752K)->2666K(2752K)
[429.807s][info][gc             ] GC(1569) Pause Young (Allocation Failure) 737M->599M(873M) 31.462ms
[429.807s][info][gc,cpu         ] GC(1569) User=0.06s Sys=0.00s Real=0.03s
[430.000s][info][gc,start       ] GC(1570) Pause Young (Allocation Failure)
[430.040s][info][gc,heap        ] GC(1570) PSYoungGen: 174912K(226304K)->30560K(229888K) Eden: 152576K(152576K)->0K(152576K) From: 22336K(73728K)->30560K(77312K)
[430.040s][info][gc,heap        ] GC(1570) ParOldGen: 591740K(667648K)->591740K(667648K)
[430.040s][info][gc,metaspace   ] GC(1570) Metaspace: 18957K(19136K)->18957K(19136K) NonClass: 16291K(16384K)->16291K(16384K) Class: 2666K(2752K)->2666K(2752K)
[430.040s][info][gc             ] GC(1570) Pause Young (Allocation Failure) 748M->607M(876M) 40.083ms
[430.040s][info][gc,cpu         ] GC(1570) User=0.08s Sys=0.00s Real=0.04s
[430.188s][info][gc,start       ] GC(1571) Pause Young (Allocation Failure)
[430.246s][info][gc,heap        ] GC(1571) PSYoungGen: 183136K(229888K)->49312K(235008K) Eden: 152576K(152576K)->0K(162304K) From: 30560K(77312K)->49312K(72704K)
[430.246s][info][gc,heap        ] GC(1571) ParOldGen: 591740K(667648K)->591740K(667648K)
[430.246s][info][gc,metaspace   ] GC(1571) Metaspace: 18957K(19136K)->18957K(19136K) NonClass: 16291K(16384K)->16291K(16384K) Class: 2666K(2752K)->2666K(2752K)
[430.246s][info][gc             ] GC(1571) Pause Young (Allocation Failure) 756M->626M(881M) 57.507ms
[430.246s][info][gc,cpu         ] GC(1571) User=0.12s Sys=0.00s Real=0.05s
[430.374s][info][gc,start       ] GC(1572) Pause Young (Allocation Failure)
[430.434s][info][gc,heap        ] GC(1572) PSYoungGen: 211616K(235008K)->53728K(237568K) Eden: 162304K(162304K)->0K(162304K) From: 49312K(72704K)->53728K(75264K)
[430.435s][info][gc,heap        ] GC(1572) ParOldGen: 591740K(667648K)->591740K(667648K)
[430.435s][info][gc,metaspace   ] GC(1572) Metaspace: 18957K(19136K)->18957K(19136K) NonClass: 16291K(16384K)->16291K(16384K) Class: 2666K(2752K)->2666K(2752K)
[430.435s][info][gc             ] GC(1572) Pause Young (Allocation Failure) 784M->630M(884M) 60.314ms
[430.435s][info][gc,cpu         ] GC(1572) User=0.12s Sys=0.00s Real=0.06s
[430.579s][info][gc,start       ] GC(1573) Pause Young (Allocation Failure)
[430.643s][info][gc,heap        ] GC(1573) PSYoungGen: 216032K(237568K)->55136K(248320K) Eden: 162304K(162304K)->0K(168960K) From: 53728K(75264K)->55136K(79360K)
[430.643s][info][gc,heap        ] GC(1573) ParOldGen: 591740K(667648K)->591740K(667648K)
[430.643s][info][gc,metaspace   ] GC(1573) Metaspace: 18957K(19136K)->18957K(19136K) NonClass: 16291K(16384K)->16291K(16384K) Class: 2666K(2752K)->2666K(2752K)
[430.643s][info][gc             ] GC(1573) Pause Young (Allocation Failure) 788M->631M(894M) 63.293ms
[430.643s][info][gc,cpu         ] GC(1573) User=0.13s Sys=0.00s Real=0.06s
[430.834s][info][gc,start       ] GC(1574) Pause Young (Allocation Failure)
[430.903s][info][gc,heap        ] GC(1574) PSYoungGen: 224096K(248320K)->63232K(232448K) Eden: 168960K(168960K)->0K(168960K) From: 55136K(79360K)->63232K(63488K)
[430.903s][info][gc,heap        ] GC(1574) ParOldGen: 591740K(667648K)->591740K(667648K)
[430.904s][info][gc,metaspace   ] GC(1574) Metaspace: 18957K(19136K)->18957K(19136K) NonClass: 16291K(16384K)->16291K(16384K) Class: 2666K(2752K)->2666K(2752K)
[430.904s][info][gc             ] GC(1574) Pause Young (Allocation Failure) 796M->639M(879M) 69.092ms
[430.904s][info][gc,cpu         ] GC(1574) User=0.13s Sys=0.00s Real=0.07s
[431.225s][info][gc,start       ] GC(1575) Pause Young (Allocation Failure)
[431.295s][info][gc,heap        ] GC(1575) PSYoungGen: 232192K(232448K)->63360K(237568K) Eden: 168960K(168960K)->0K(149504K) From: 63232K(63488K)->63360K(88064K)
[431.295s][info][gc,heap        ] GC(1575) ParOldGen: 591740K(667648K)->591740K(667648K)
[431.295s][info][gc,metaspace   ] GC(1575) Metaspace: 18957K(19136K)->18957K(19136K) NonClass: 16291K(16384K)->16291K(16384K) Class: 2666K(2752K)->2666K(2752K)
[431.295s][info][gc             ] GC(1575) Pause Young (Allocation Failure) 804M->639M(884M) 69.686ms
[431.295s][info][gc,cpu         ] GC(1575) User=0.14s Sys=0.00s Real=0.07s
[431.553s][info][gc,start       ] GC(1576) Pause Young (Allocation Failure)
[431.623s][info][gc,heap        ] GC(1576) PSYoungGen: 211646K(237568K)->63392K(212992K) Eden: 148286K(149504K)->0K(149504K) From: 63360K(88064K)->63392K(63488K)
[431.623s][info][gc,heap        ] GC(1576) ParOldGen: 591740K(667648K)->591740K(667648K)
[431.623s][info][gc,metaspace   ] GC(1576) Metaspace: 18957K(19136K)->18957K(19136K) NonClass: 16291K(16384K)->16291K(16384K) Class: 2666K(2752K)->2666K(2752K)
[431.623s][info][gc             ] GC(1576) Pause Young (Allocation Failure) 784M->639M(860M) 69.370ms
[431.623s][info][gc,cpu         ] GC(1576) User=0.14s Sys=0.00s Real=0.07s
[431.881s][info][gc,start       ] GC(1577) Pause Young (Allocation Failure)
[431.952s][info][gc,heap        ] GC(1577) PSYoungGen: 212896K(212992K)->63424K(234496K) Eden: 149504K(149504K)->0K(139264K) From: 63392K(63488K)->63424K(95232K)
[431.952s][info][gc,heap        ] GC(1577) ParOldGen: 591740K(667648K)->591740K(667648K)
[431.952s][info][gc,metaspace   ] GC(1577) Metaspace: 18957K(19136K)->18957K(19136K) NonClass: 16291K(16384K)->16291K(16384K) Class: 2666K(2752K)->2666K(2752K)
[431.952s][info][gc             ] GC(1577) Pause Young (Allocation Failure) 785M->639M(881M) 70.367ms
[431.952s][info][gc,cpu         ] GC(1577) User=0.14s Sys=0.00s Real=0.07s
[432.128s][info][gc,start       ] GC(1578) Pause Young (Allocation Failure)
[432.207s][info][gc,heap        ] GC(1578) PSYoungGen: 202688K(234496K)->76480K(216064K) Eden: 139264K(139264K)->0K(139264K) From: 63424K(95232K)->76480K(76800K)
[432.208s][info][gc,heap        ] GC(1578) ParOldGen: 591740K(667648K)->591740K(667648K)
[432.208s][info][gc,metaspace   ] GC(1578) Metaspace: 18957K(19136K)->18957K(19136K) NonClass: 16291K(16384K)->16291K(16384K) Class: 2666K(2752K)->2666K(2752K)
[432.208s][info][gc             ] GC(1578) Pause Young (Allocation Failure) 775M->652M(863M) 79.103ms
[432.208s][info][gc,cpu         ] GC(1578) User=0.16s Sys=0.00s Real=0.08s
[432.369s][info][gc,start       ] GC(1579) Pause Young (Allocation Failure)
[432.455s][info][gc,heap        ] GC(1579) PSYoungGen: 215744K(216064K)->62448K(230400K) Eden: 139264K(139264K)->0K(126976K) From: 76480K(76800K)->62448K(103424K)
[432.455s][info][gc,heap        ] GC(1579) ParOldGen: 591740K(667648K)->614100K(667648K)
[432.455s][info][gc,metaspace   ] GC(1579) Metaspace: 18958K(19136K)->18958K(19136K) NonClass: 16292K(16384K)->16292K(16384K) Class: 2666K(2752K)->2666K(2752K)
[432.455s][info][gc             ] GC(1579) Pause Young (Allocation Failure) 788M->660M(877M) 86.253ms
[432.455s][info][gc,cpu         ] GC(1579) User=0.17s Sys=0.00s Real=0.08s
[432.531s][info][gc,start       ] GC(1580) Pause Young (Allocation Failure)
[432.626s][info][gc,heap        ] GC(1580) PSYoungGen: 189424K(230400K)->103392K(230400K) Eden: 126976K(126976K)->0K(126976K) From: 62448K(103424K)->103392K(103424K)
[432.626s][info][gc,heap        ] GC(1580) ParOldGen: 614100K(667648K)->614748K(667648K)
[432.626s][info][gc,metaspace   ] GC(1580) Metaspace: 18958K(19136K)->18958K(19136K) NonClass: 16292K(16384K)->16292K(16384K) Class: 2666K(2752K)->2666K(2752K)
[432.626s][info][gc             ] GC(1580) Pause Young (Allocation Failure) 784M->701M(877M) 95.471ms
[432.626s][info][gc,cpu         ] GC(1580) User=0.19s Sys=0.00s Real=0.09s
[432.846s][info][gc,start       ] GC(1581) Pause Young (Allocation Failure)
[432.939s][info][gc,heap        ] GC(1581) PSYoungGen: 230368K(230400K)->103392K(215040K) Eden: 126976K(126976K)->0K(111616K) From: 103392K(103424K)->103392K(103424K)
[432.940s][info][gc,heap        ] GC(1581) ParOldGen: 614748K(667648K)->620743K(667648K)
[432.940s][info][gc,metaspace   ] GC(1581) Metaspace: 18960K(19136K)->18960K(19136K) NonClass: 16294K(16384K)->16294K(16384K) Class: 2666K(2752K)->2666K(2752K)
[432.940s][info][gc             ] GC(1581) Pause Young (Allocation Failure) 825M->707M(862M) 93.990ms
[432.940s][info][gc,cpu         ] GC(1581) User=0.17s Sys=0.01s Real=0.10s
[433.087s][info][gc,start       ] GC(1582) Pause Young (Allocation Failure)
[433.185s][info][gc,heap        ] GC(1582) PSYoungGen: 215008K(215040K)->111088K(222720K) Eden: 111616K(111616K)->0K(111616K) From: 103392K(103424K)->111088K(111104K)
[433.185s][info][gc,heap        ] GC(1582) ParOldGen: 620743K(667648K)->623999K(667648K)
[433.185s][info][gc,metaspace   ] GC(1582) Metaspace: 18960K(19136K)->18960K(19136K) NonClass: 16294K(16384K)->16294K(16384K) Class: 2666K(2752K)->2666K(2752K)
[433.185s][info][gc             ] GC(1582) Pause Young (Allocation Failure) 816M->717M(869M) 98.379ms
[433.185s][info][gc,cpu         ] GC(1582) User=0.20s Sys=0.00s Real=0.10s
[433.339s][info][gc,start       ] GC(1583) Pause Young (Allocation Failure)
[433.434s][info][gc,heap        ] GC(1583) PSYoungGen: 222704K(222720K)->89104K(222720K) Eden: 111616K(111616K)->0K(111616K) From: 111088K(111104K)->89104K(111104K)
[433.434s][info][gc,heap        ] GC(1583) ParOldGen: 623999K(667648K)->646063K(667648K)
[433.434s][info][gc,metaspace   ] GC(1583) Metaspace: 18960K(19136K)->18960K(19136K) NonClass: 16294K(16384K)->16294K(16384K) Class: 2666K(2752K)->2666K(2752K)
[433.434s][info][gc             ] GC(1583) Pause Young (Allocation Failure) 826M->717M(869M) 95.538ms
[433.434s][info][gc,cpu         ] GC(1583) User=0.19s Sys=0.00s Real=0.09s
[433.586s][info][gc,start       ] GC(1584) Pause Full (Allocation Failure)
[433.586s][info][gc,phases,start] GC(1584) Marking Phase
[433.753s][info][gc,phases      ] GC(1584) Marking Phase 167.494ms
[433.754s][info][gc,phases,start] GC(1584) Summary Phase
[433.754s][info][gc,phases      ] GC(1584) Summary Phase 0.026ms
[433.754s][info][gc,phases,start] GC(1584) Forward
[433.821s][info][gc,phases      ] GC(1584) Forward 67.607ms
[433.821s][info][gc,phases,start] GC(1584) Adjust Pointers
[433.972s][info][gc,phases      ] GC(1584) Adjust Pointers 150.661ms
[433.972s][info][gc,phases,start] GC(1584) Compaction Phase
[434.046s][info][gc,phases      ] GC(1584) Compaction Phase 74.387ms
[434.058s][info][gc,phases,start] GC(1584) Post Compact
[434.061s][info][gc,phases      ] GC(1584) Post Compact 2.431ms
[434.066s][info][gc,heap        ] GC(1584) PSYoungGen: 200720K(222720K)->0K(222720K) Eden: 111616K(111616K)->0K(111616K) From: 89104K(111104K)->0K(111104K)
[434.066s][info][gc,heap        ] GC(1584) ParOldGen: 646063K(667648K)->289334K(598528K)
[434.066s][info][gc,metaspace   ] GC(1584) Metaspace: 18960K(19136K)->18960K(19136K) NonClass: 16294K(16384K)->16294K(16384K) Class: 2666K(2752K)->2666K(2752K)
[434.066s][info][gc             ] GC(1584) Pause Full (Allocation Failure) 826M->282M(802M) 480.352ms
[434.066s][info][gc,cpu         ] GC(1584) User=0.87s Sys=0.01s Real=0.48s
[434.220s][info][gc,start       ] GC(1585) Pause Young (Allocation Failure)
[434.221s][info][gc,heap        ] GC(1585) PSYoungGen: 111616K(222720K)->64K(222720K) Eden: 111616K(111616K)->0K(111616K) From: 0K(111104K)->64K(111104K)
[434.221s][info][gc,heap        ] GC(1585) ParOldGen: 289334K(598528K)->289334K(598528K)
[434.221s][info][gc,metaspace   ] GC(1585) Metaspace: 18960K(19136K)->18960K(19136K) NonClass: 16294K(16384K)->16294K(16384K) Class: 2666K(2752K)->2666K(2752K)
[434.221s][info][gc             ] GC(1585) Pause Young (Allocation Failure) 391M->282M(802M) 1.108ms
[434.221s][info][gc,cpu         ] GC(1585) User=0.01s Sys=0.00s Real=0.00s
[434.368s][info][gc,start       ] GC(1586) Pause Young (Allocation Failure)
[434.369s][info][gc,heap        ] GC(1586) PSYoungGen: 111680K(222720K)->64K(222720K) Eden: 111616K(111616K)->0K(111616K) From: 64K(111104K)->64K(111104K)
[434.369s][info][gc,heap        ] GC(1586) ParOldGen: 289334K(598528K)->289334K(598528K)
[434.369s][info][gc,metaspace   ] GC(1586) Metaspace: 18960K(19136K)->18960K(19136K) NonClass: 16294K(16384K)->16294K(16384K) Class: 2666K(2752K)->2666K(2752K)
[434.369s][info][gc             ] GC(1586) Pause Young (Allocation Failure) 391M->282M(802M) 1.105ms
[434.369s][info][gc,cpu         ] GC(1586) User=0.00s Sys=0.00s Real=0.00s
[434.517s][info][gc,start       ] GC(1587) Pause Young (Allocation Failure)
[434.518s][info][gc,heap        ] GC(1587) PSYoungGen: 111680K(222720K)->64K(222720K) Eden: 111616K(111616K)->0K(111616K) From: 64K(111104K)->64K(111104K)
[434.518s][info][gc,heap        ] GC(1587) ParOldGen: 289334K(598528K)->289334K(598528K)
[434.518s][info][gc,metaspace   ] GC(1587) Metaspace: 18960K(19136K)->18960K(19136K) NonClass: 16294K(16384K)->16294K(16384K) Class: 2666K(2752K)->2666K(2752K)
[434.518s][info][gc             ] GC(1587) Pause Young (Allocation Failure) 391M->282M(802M) 1.228ms
[434.518s][info][gc,cpu         ] GC(1587) User=0.01s Sys=0.00s Real=0.01s
[434.671s][info][gc,start       ] GC(1588) Pause Young (Allocation Failure)
[434.672s][info][gc,heap        ] GC(1588) PSYoungGen: 111680K(222720K)->64K(222720K) Eden: 111616K(111616K)->0K(111616K) From: 64K(111104K)->64K(111104K)
[434.672s][info][gc,heap        ] GC(1588) ParOldGen: 289334K(598528K)->289334K(598528K)
[434.672s][info][gc,metaspace   ] GC(1588) Metaspace: 18960K(19136K)->18960K(19136K) NonClass: 16294K(16384K)->16294K(16384K) Class: 2666K(2752K)->2666K(2752K)
[434.672s][info][gc             ] GC(1588) Pause Young (Allocation Failure) 391M->282M(802M) 1.111ms
[434.672s][info][gc,cpu         ] GC(1588) User=0.00s Sys=0.00s Real=0.00s
[434.817s][info][gc,start       ] GC(1589) Pause Young (Allocation Failure)
[434.818s][info][gc,heap        ] GC(1589) PSYoungGen: 111680K(222720K)->64K(222720K) Eden: 111616K(111616K)->0K(111616K) From: 64K(111104K)->64K(111104K)
[434.819s][info][gc,heap        ] GC(1589) ParOldGen: 289334K(598528K)->289334K(598528K)
[434.819s][info][gc,metaspace   ] GC(1589) Metaspace: 18960K(19136K)->18960K(19136K) NonClass: 16294K(16384K)->16294K(16384K) Class: 2666K(2752K)->2666K(2752K)
[434.819s][info][gc             ] GC(1589) Pause Young (Allocation Failure) 391M->282M(802M) 1.073ms
[434.819s][info][gc,cpu         ] GC(1589) User=0.00s Sys=0.00s Real=0.00s
[434.943s][info][gc,start       ] GC(1590) Pause Young (Allocation Failure)
[434.957s][info][gc,heap        ] GC(1590) PSYoungGen: 111680K(222720K)->11456K(222720K) Eden: 111616K(111616K)->0K(111616K) From: 64K(111104K)->11456K(111104K)
[434.957s][info][gc,heap        ] GC(1590) ParOldGen: 289334K(598528K)->289334K(598528K)
[434.957s][info][gc,metaspace   ] GC(1590) Metaspace: 18960K(19136K)->18960K(19136K) NonClass: 16294K(16384K)->16294K(16384K) Class: 2666K(2752K)->2666K(2752K)
[434.957s][info][gc             ] GC(1590) Pause Young (Allocation Failure) 391M->293M(802M) 13.582ms
[434.957s][info][gc,cpu         ] GC(1590) User=0.03s Sys=0.00s Real=0.01s
[435.067s][info][gc,start       ] GC(1591) Pause Young (Allocation Failure)
[435.091s][info][gc,heap        ] GC(1591) PSYoungGen: 123072K(222720K)->23968K(222720K) Eden: 111616K(111616K)->0K(111616K) From: 11456K(111104K)->23968K(111104K)
[435.091s][info][gc,heap        ] GC(1591) ParOldGen: 289334K(598528K)->289342K(598528K)
[435.091s][info][gc,metaspace   ] GC(1591) Metaspace: 18960K(19136K)->18960K(19136K) NonClass: 16294K(16384K)->16294K(16384K) Class: 2666K(2752K)->2666K(2752K)
[435.091s][info][gc             ] GC(1591) Pause Young (Allocation Failure) 402M->305M(802M) 24.324ms
[435.091s][info][gc,cpu         ] GC(1591) User=0.05s Sys=0.00s Real=0.03s
[435.173s][info][gc,start       ] GC(1592) Pause Young (Allocation Failure)
[435.199s][info][gc,heap        ] GC(1592) PSYoungGen: 135584K(222720K)->26368K(222720K) Eden: 111616K(111616K)->0K(111616K) From: 23968K(111104K)->26368K(111104K)
[435.199s][info][gc,heap        ] GC(1592) ParOldGen: 289342K(598528K)->289342K(598528K)
[435.199s][info][gc,metaspace   ] GC(1592) Metaspace: 18960K(19136K)->18960K(19136K) NonClass: 16294K(16384K)->16294K(16384K) Class: 2666K(2752K)->2666K(2752K)
[435.199s][info][gc             ] GC(1592) Pause Young (Allocation Failure) 414M->308M(802M) 26.037ms
[435.199s][info][gc,cpu         ] GC(1592) User=0.06s Sys=0.00s Real=0.03s
[435.300s][info][gc,start       ] GC(1593) Pause Young (Allocation Failure)
[435.329s][info][gc,heap        ] GC(1593) PSYoungGen: 137984K(222720K)->18048K(222720K) Eden: 111616K(111616K)->0K(111616K) From: 26368K(111104K)->18048K(111104K)
[435.329s][info][gc,heap        ] GC(1593) ParOldGen: 289342K(598528K)->300806K(598528K)
[435.329s][info][gc,metaspace   ] GC(1593) Metaspace: 18960K(19136K)->18960K(19136K) NonClass: 16294K(16384K)->16294K(16384K) Class: 2666K(2752K)->2666K(2752K)
[435.329s][info][gc             ] GC(1593) Pause Young (Allocation Failure) 417M->311M(802M) 29.093ms
[435.329s][info][gc,cpu         ] GC(1593) User=0.05s Sys=0.00s Real=0.03s
[435.418s][info][gc,start       ] GC(1594) Pause Young (Allocation Failure)
[435.449s][info][gc,heap        ] GC(1594) PSYoungGen: 129664K(222720K)->12224K(222720K) Eden: 111616K(111616K)->0K(111616K) From: 18048K(111104K)->12224K(111104K)
[435.449s][info][gc,heap        ] GC(1594) ParOldGen: 300806K(598528K)->315742K(598528K)
[435.449s][info][gc,metaspace   ] GC(1594) Metaspace: 18960K(19136K)->18960K(19136K) NonClass: 16294K(16384K)->16294K(16384K) Class: 2666K(2752K)->2666K(2752K)
[435.449s][info][gc             ] GC(1594) Pause Young (Allocation Failure) 420M->320M(802M) 30.641ms
[435.449s][info][gc,cpu         ] GC(1594) User=0.06s Sys=0.00s Real=0.03s
[435.530s][info][gc,start       ] GC(1595) Pause Young (Allocation Failure)
[435.561s][info][gc,heap        ] GC(1595) PSYoungGen: 123840K(222720K)->16256K(216576K) Eden: 111616K(111616K)->0K(111616K) From: 12224K(111104K)->16256K(104960K)
[435.561s][info][gc,heap        ] GC(1595) ParOldGen: 315742K(598528K)->327950K(598528K)
[435.561s][info][gc,metaspace   ] GC(1595) Metaspace: 18960K(19136K)->18960K(19136K) NonClass: 16294K(16384K)->16294K(16384K) Class: 2666K(2752K)->2666K(2752K)
[435.561s][info][gc             ] GC(1595) Pause Young (Allocation Failure) 429M->336M(796M) 30.935ms
[435.561s][info][gc,cpu         ] GC(1595) User=0.06s Sys=0.00s Real=0.03s
[435.633s][info][gc,start       ] GC(1596) Pause Young (Allocation Failure)
[435.670s][info][gc,heap        ] GC(1596) PSYoungGen: 127872K(216576K)->36000K(219648K) Eden: 111616K(111616K)->0K(111616K) From: 16256K(104960K)->36000K(108032K)
[435.670s][info][gc,heap        ] GC(1596) ParOldGen: 327950K(598528K)->327950K(598528K)
[435.670s][info][gc,metaspace   ] GC(1596) Metaspace: 18960K(19136K)->18960K(19136K) NonClass: 16294K(16384K)->16294K(16384K) Class: 2666K(2752K)->2666K(2752K)
[435.670s][info][gc             ] GC(1596) Pause Young (Allocation Failure) 445M->355M(799M) 37.150ms
[435.670s][info][gc,cpu         ] GC(1596) User=0.08s Sys=0.00s Real=0.04s
[435.791s][info][gc,start       ] GC(1597) Pause Young (Allocation Failure)
[435.845s][info][gc,heap        ] GC(1597) PSYoungGen: 147616K(219648K)->38976K(219648K) Eden: 111616K(111616K)->0K(122880K) From: 36000K(108032K)->38976K(96768K)
[435.845s][info][gc,heap        ] GC(1597) ParOldGen: 327950K(598528K)->344222K(598528K)
[435.845s][info][gc,metaspace   ] GC(1597) Metaspace: 18960K(19136K)->18960K(19136K) NonClass: 16294K(16384K)->16294K(16384K) Class: 2666K(2752K)->2666K(2752K)
[435.845s][info][gc             ] GC(1597) Pause Young (Allocation Failure) 464M->374M(799M) 54.838ms
[435.846s][info][gc,cpu         ] GC(1597) User=0.10s Sys=0.00s Real=0.05s
[436.008s][info][gc,start       ] GC(1598) Pause Young (Allocation Failure)
[436.065s][info][gc,heap        ] GC(1598) PSYoungGen: 161856K(219648K)->37248K(221696K) Eden: 122880K(122880K)->0K(122880K) From: 38976K(96768K)->37248K(98816K)
[436.065s][info][gc,heap        ] GC(1598) ParOldGen: 344222K(598528K)->363989K(598528K)
[436.065s][info][gc,metaspace   ] GC(1598) Metaspace: 18960K(19136K)->18960K(19136K) NonClass: 16294K(16384K)->16294K(16384K) Class: 2666K(2752K)->2666K(2752K)
[436.065s][info][gc             ] GC(1598) Pause Young (Allocation Failure) 494M->391M(801M) 56.644ms
[436.065s][info][gc,cpu         ] GC(1598) User=0.11s Sys=0.00s Real=0.05s
[436.147s][info][gc,start       ] GC(1599) Pause Young (Allocation Failure)
[436.188s][info][gc,heap        ] GC(1599) PSYoungGen: 160128K(221696K)->22816K(221696K) Eden: 122880K(122880K)->0K(136192K) From: 37248K(98816K)->22816K(85504K)
[436.188s][info][gc,heap        ] GC(1599) ParOldGen: 363989K(598528K)->383229K(598528K)
[436.188s][info][gc,metaspace   ] GC(1599) Metaspace: 18960K(19136K)->18960K(19136K) NonClass: 16294K(16384K)->16294K(16384K) Class: 2666K(2752K)->2666K(2752K)
[436.188s][info][gc             ] GC(1599) Pause Young (Allocation Failure) 511M->396M(801M) 41.573ms
[436.188s][info][gc,cpu         ] GC(1599) User=0.08s Sys=0.00s Real=0.05s
[436.334s][info][gc,start       ] GC(1600) Pause Young (Allocation Failure)
[436.365s][info][gc,heap        ] GC(1600) PSYoungGen: 159008K(221696K)->256K(225792K) Eden: 136192K(136192K)->0K(136192K) From: 22816K(85504K)->256K(89600K)
[436.365s][info][gc,heap        ] GC(1600) ParOldGen: 383229K(598528K)->406067K(598528K)
[436.365s][info][gc,metaspace   ] GC(1600) Metaspace: 18960K(19136K)->18960K(19136K) NonClass: 16294K(16384K)->16294K(16384K) Class: 2666K(2752K)->2666K(2752K)
[436.365s][info][gc             ] GC(1600) Pause Young (Allocation Failure) 529M->396M(805M) 30.542ms
[436.365s][info][gc,cpu         ] GC(1600) User=0.06s Sys=0.00s Real=0.03s
[436.498s][info][gc,start       ] GC(1601) Pause Young (Allocation Failure)
[436.507s][info][gc,heap        ] GC(1601) PSYoungGen: 136448K(225792K)->1248K(233472K) Eden: 136192K(136192K)->0K(148992K) From: 256K(89600K)->1248K(84480K)
[436.507s][info][gc,heap        ] GC(1601) ParOldGen: 406067K(598528K)->406315K(598528K)
[436.507s][info][gc,metaspace   ] GC(1601) Metaspace: 18960K(19136K)->18960K(19136K) NonClass: 16294K(16384K)->16294K(16384K) Class: 2666K(2752K)->2666K(2752K)
[436.507s][info][gc             ] GC(1601) Pause Young (Allocation Failure) 529M->398M(812M) 8.487ms
[436.507s][info][gc,cpu         ] GC(1601) User=0.02s Sys=0.00s Real=0.00s
[436.674s][info][gc,start       ] GC(1602) Pause Young (Allocation Failure)
[436.684s][info][gc,heap        ] GC(1602) PSYoungGen: 150240K(233472K)->4608K(236544K) Eden: 148992K(148992K)->0K(148992K) From: 1248K(84480K)->4608K(87552K)
[436.684s][info][gc,heap        ] GC(1602) ParOldGen: 406315K(598528K)->406315K(598528K)
[436.684s][info][gc,metaspace   ] GC(1602) Metaspace: 18960K(19136K)->18960K(19136K) NonClass: 16294K(16384K)->16294K(16384K) Class: 2666K(2752K)->2666K(2752K)
[436.684s][info][gc             ] GC(1602) Pause Young (Allocation Failure) 543M->401M(815M) 9.842ms
[436.684s][info][gc,cpu         ] GC(1602) User=0.02s Sys=0.00s Real=0.01s
[436.823s][info][gc,start       ] GC(1603) Pause Young (Allocation Failure)
[436.841s][info][gc,heap        ] GC(1603) PSYoungGen: 153600K(236544K)->15648K(235520K) Eden: 148992K(148992K)->0K(160768K) From: 4608K(87552K)->15648K(74752K)
[436.841s][info][gc,heap        ] GC(1603) ParOldGen: 406315K(598528K)->406315K(598528K)
[436.841s][info][gc,metaspace   ] GC(1603) Metaspace: 18960K(19136K)->18960K(19136K) NonClass: 16294K(16384K)->16294K(16384K) Class: 2666K(2752K)->2666K(2752K)
[436.841s][info][gc             ] GC(1603) Pause Young (Allocation Failure) 546M->412M(814M) 17.789ms
[436.841s][info][gc,cpu         ] GC(1603) User=0.04s Sys=0.00s Real=0.02s
[436.961s][info][gc,start       ] GC(1604) Pause Young (Allocation Failure)
[437.017s][info][gc,heap        ] GC(1604) PSYoungGen: 176416K(235520K)->69424K(240640K) Eden: 160768K(160768K)->0K(160768K) From: 15648K(74752K)->69424K(79872K)
[437.017s][info][gc,heap        ] GC(1604) ParOldGen: 406315K(598528K)->406315K(598528K)
[437.017s][info][gc,metaspace   ] GC(1604) Metaspace: 18962K(19136K)->18962K(19136K) NonClass: 16296K(16384K)->16296K(16384K) Class: 2666K(2752K)->2666K(2752K)
[437.017s][info][gc             ] GC(1604) Pause Young (Allocation Failure) 569M->464M(819M) 56.594ms
[437.017s][info][gc,cpu         ] GC(1604) User=0.11s Sys=0.00s Real=0.05s
[437.175s][info][gc,start       ] GC(1605) Pause Young (Allocation Failure)
[437.259s][info][gc,heap        ] GC(1605) PSYoungGen: 230192K(240640K)->91616K(203264K) Eden: 160768K(160768K)->0K(111616K) From: 69424K(79872K)->91616K(91648K)
[437.259s][info][gc,heap        ] GC(1605) ParOldGen: 406315K(598528K)->412295K(598528K)
[437.259s][info][gc,metaspace   ] GC(1605) Metaspace: 18963K(19136K)->18963K(19136K) NonClass: 16297K(16384K)->16297K(16384K) Class: 2666K(2752K)->2666K(2752K)
[437.259s][info][gc             ] GC(1605) Pause Young (Allocation Failure) 621M->492M(783M) 84.043ms
[437.259s][info][gc,cpu         ] GC(1605) User=0.14s Sys=0.01s Real=0.09s
[437.436s][info][gc,start       ] GC(1606) Pause Young (Allocation Failure)
[437.505s][info][gc,heap        ] GC(1606) PSYoungGen: 203232K(203264K)->87952K(222720K) Eden: 111616K(111616K)->0K(111616K) From: 91616K(91648K)->87952K(111104K)
[437.505s][info][gc,heap        ] GC(1606) ParOldGen: 412295K(598528K)->416879K(598528K)
[437.505s][info][gc,metaspace   ] GC(1606) Metaspace: 18963K(19136K)->18963K(19136K) NonClass: 16297K(16384K)->16297K(16384K) Class: 2666K(2752K)->2666K(2752K)
[437.505s][info][gc             ] GC(1606) Pause Young (Allocation Failure) 601M->493M(802M) 69.231ms
[437.505s][info][gc,cpu         ] GC(1606) User=0.14s Sys=0.00s Real=0.07s
[437.591s][info][gc,start       ] GC(1607) Pause Young (Allocation Failure)
[437.664s][info][gc,heap        ] GC(1607) PSYoungGen: 199568K(222720K)->35504K(222720K) Eden: 111616K(111616K)->0K(111616K) From: 87952K(111104K)->35504K(111104K)
[437.664s][info][gc,heap        ] GC(1607) ParOldGen: 416879K(598528K)->476954K(598528K)
[437.664s][info][gc,metaspace   ] GC(1607) Metaspace: 18963K(19136K)->18963K(19136K) NonClass: 16297K(16384K)->16297K(16384K) Class: 2666K(2752K)->2666K(2752K)
[437.664s][info][gc             ] GC(1607) Pause Young (Allocation Failure) 602M->500M(802M) 73.030ms
[437.664s][info][gc,cpu         ] GC(1607) User=0.15s Sys=0.00s Real=0.07s
[437.761s][info][gc,start       ] GC(1608) Pause Young (Allocation Failure)
[437.797s][info][gc,heap        ] GC(1608) PSYoungGen: 147120K(222720K)->8992K(222720K) Eden: 111616K(111616K)->0K(111616K) From: 35504K(111104K)->8992K(111104K)
[437.797s][info][gc,heap        ] GC(1608) ParOldGen: 476954K(598528K)->505499K(598528K)
[437.797s][info][gc,metaspace   ] GC(1608) Metaspace: 18963K(19136K)->18963K(19136K) NonClass: 16297K(16384K)->16297K(16384K) Class: 2666K(2752K)->2666K(2752K)
[437.797s][info][gc             ] GC(1608) Pause Young (Allocation Failure) 609M->502M(802M) 36.094ms
[437.797s][info][gc,cpu         ] GC(1608) User=0.07s Sys=0.00s Real=0.03s
[437.947s][info][gc,start       ] GC(1609) Pause Young (Allocation Failure)
[437.959s][info][gc,heap        ] GC(1609) PSYoungGen: 120608K(222720K)->320K(222720K) Eden: 111616K(111616K)->0K(111616K) From: 8992K(111104K)->320K(111104K)
[437.959s][info][gc,heap        ] GC(1609) ParOldGen: 505499K(598528K)->514483K(598528K)
[437.959s][info][gc,metaspace   ] GC(1609) Metaspace: 18963K(19136K)->18963K(19136K) NonClass: 16297K(16384K)->16297K(16384K) Class: 2666K(2752K)->2666K(2752K)
[437.959s][info][gc             ] GC(1609) Pause Young (Allocation Failure) 611M->502M(802M) 11.571ms
[437.959s][info][gc,cpu         ] GC(1609) User=0.02s Sys=0.00s Real=0.01s
[438.085s][info][gc,start       ] GC(1610) Pause Young (Allocation Failure)
[438.090s][info][gc,heap        ] GC(1610) PSYoungGen: 111936K(222720K)->928K(112640K) Eden: 111616K(111616K)->0K(111616K) From: 320K(111104K)->928K(1024K)
[438.090s][info][gc,heap        ] GC(1610) ParOldGen: 514483K(598528K)->514779K(598528K)
[438.090s][info][gc,metaspace   ] GC(1610) Metaspace: 18964K(19136K)->18964K(19136K) NonClass: 16297K(16384K)->16297K(16384K) Class: 2666K(2752K)->2666K(2752K)
[438.090s][info][gc             ] GC(1610) Pause Young (Allocation Failure) 611M->503M(694M) 5.150ms
[438.091s][info][gc,cpu         ] GC(1610) User=0.01s Sys=0.00s Real=0.01s
[438.189s][info][gc,start       ] GC(1611) Pause Young (Allocation Failure)
[438.195s][info][gc,heap        ] GC(1611) PSYoungGen: 112544K(112640K)->1952K(223744K) Eden: 111616K(111616K)->0K(114688K) From: 928K(1024K)->1952K(109056K)
[438.195s][info][gc,heap        ] GC(1611) ParOldGen: 514779K(598528K)->514779K(598528K)
[438.195s][info][gc,metaspace   ] GC(1611) Metaspace: 18965K(19136K)->18965K(19136K) NonClass: 16299K(16384K)->16299K(16384K) Class: 2666K(2752K)->2666K(2752K)
[438.195s][info][gc             ] GC(1611) Pause Young (Allocation Failure) 612M->504M(803M) 5.890ms
[438.195s][info][gc,cpu         ] GC(1611) User=0.02s Sys=0.00s Real=0.00s
[438.441s][info][gc,start       ] GC(1612) Pause Young (Allocation Failure)
[438.475s][info][gc,heap        ] GC(1612) PSYoungGen: 116640K(223744K)->17377K(132096K) Eden: 114688K(114688K)->0K(114688K) From: 1952K(109056K)->17377K(17408K)
[438.475s][info][gc,heap        ] GC(1612) ParOldGen: 514779K(598528K)->514779K(598528K)
[438.475s][info][gc,metaspace   ] GC(1612) Metaspace: 18965K(19136K)->18965K(19136K) NonClass: 16299K(16384K)->16299K(16384K) Class: 2666K(2752K)->2666K(2752K)
[438.475s][info][gc             ] GC(1612) Pause Young (Allocation Failure) 616M->519M(713M) 33.904ms
[438.475s][info][gc,cpu         ] GC(1612) User=0.07s Sys=0.00s Real=0.03s
[438.665s][info][gc,start       ] GC(1613) Pause Young (Allocation Failure)
[438.706s][info][gc,heap        ] GC(1613) PSYoungGen: 132065K(132096K)->28545K(216064K) Eden: 114688K(114688K)->0K(123904K) From: 17377K(17408K)->28545K(92160K)
[438.706s][info][gc,heap        ] GC(1613) ParOldGen: 514779K(598528K)->514779K(598528K)
[438.706s][info][gc,metaspace   ] GC(1613) Metaspace: 18965K(19136K)->18965K(19136K) NonClass: 16299K(16384K)->16299K(16384K) Class: 2666K(2752K)->2666K(2752K)
[438.706s][info][gc             ] GC(1613) Pause Young (Allocation Failure) 631M->530M(795M) 40.934ms
[438.706s][info][gc,cpu         ] GC(1613) User=0.08s Sys=0.01s Real=0.04s
[438.854s][info][gc,start       ] GC(1614) Pause Young (Allocation Failure)
[438.914s][info][gc,heap        ] GC(1614) PSYoungGen: 152449K(216064K)->48874K(217088K) Eden: 123904K(123904K)->0K(123904K) From: 28545K(92160K)->48874K(93184K)
[438.914s][info][gc,heap        ] GC(1614) ParOldGen: 514779K(598528K)->514779K(598528K)
[438.914s][info][gc,metaspace   ] GC(1614) Metaspace: 18965K(19136K)->18965K(19136K) NonClass: 16299K(16384K)->16299K(16384K) Class: 2666K(2752K)->2666K(2752K)
[438.914s][info][gc             ] GC(1614) Pause Young (Allocation Failure) 651M->550M(796M) 59.950ms
[438.914s][info][gc,cpu         ] GC(1614) User=0.12s Sys=0.00s Real=0.06s
[439.060s][info][gc,start       ] GC(1615) Pause Young (Allocation Failure)
[439.125s][info][gc,heap        ] GC(1615) PSYoungGen: 172778K(217088K)->53258K(227840K) Eden: 123904K(123904K)->0K(132608K) From: 48874K(93184K)->53258K(95232K)
[439.125s][info][gc,heap        ] GC(1615) ParOldGen: 514779K(598528K)->514779K(598528K)
[439.125s][info][gc,metaspace   ] GC(1615) Metaspace: 18966K(19136K)->18966K(19136K) NonClass: 16300K(16384K)->16300K(16384K) Class: 2666K(2752K)->2666K(2752K)
[439.125s][info][gc             ] GC(1615) Pause Young (Allocation Failure) 671M->554M(807M) 64.548ms
[439.125s][info][gc,cpu         ] GC(1615) User=0.13s Sys=0.00s Real=0.06s
[439.296s][info][gc,start       ] GC(1616) Pause Young (Allocation Failure)
[439.364s][info][gc,heap        ] GC(1616) PSYoungGen: 185866K(227840K)->57770K(230400K) Eden: 132608K(132608K)->0K(132608K) From: 53258K(95232K)->57770K(97792K)
[439.364s][info][gc,heap        ] GC(1616) ParOldGen: 514779K(598528K)->514779K(598528K)
[439.364s][info][gc,metaspace   ] GC(1616) Metaspace: 18968K(19136K)->18968K(19136K) NonClass: 16302K(16384K)->16302K(16384K) Class: 2666K(2752K)->2666K(2752K)
[439.364s][info][gc             ] GC(1616) Pause Young (Allocation Failure) 684M->559M(809M) 68.530ms
[439.364s][info][gc,cpu         ] GC(1616) User=0.13s Sys=0.00s Real=0.07s
[439.508s][info][gc,start       ] GC(1617) Pause Young (Allocation Failure)
[439.577s][info][gc,heap        ] GC(1617) PSYoungGen: 190378K(230400K)->57226K(228864K) Eden: 132608K(132608K)->0K(128000K) From: 57770K(97792K)->57226K(100864K)
[439.578s][info][gc,heap        ] GC(1617) ParOldGen: 514779K(598528K)->515683K(598528K)
[439.578s][info][gc,metaspace   ] GC(1617) Metaspace: 18968K(19136K)->18968K(19136K) NonClass: 16302K(16384K)->16302K(16384K) Class: 2666K(2752K)->2666K(2752K)
[439.578s][info][gc             ] GC(1617) Pause Young (Allocation Failure) 688M->559M(808M) 69.147ms
[439.578s][info][gc,cpu         ] GC(1617) User=0.14s Sys=0.00s Real=0.07s
[439.648s][info][gc,start       ] GC(1618) Pause Young (Allocation Failure)
[439.715s][info][gc,heap        ] GC(1618) PSYoungGen: 185226K(228864K)->56170K(184320K) Eden: 128000K(128000K)->0K(128000K) From: 57226K(100864K)->56170K(56320K)
[439.715s][info][gc,heap        ] GC(1618) ParOldGen: 515683K(598528K)->516707K(598528K)
[439.715s][info][gc,metaspace   ] GC(1618) Metaspace: 18968K(19136K)->18968K(19136K) NonClass: 16302K(16384K)->16302K(16384K) Class: 2666K(2752K)->2666K(2752K)
[439.715s][info][gc             ] GC(1618) Pause Young (Allocation Failure) 684M->559M(764M) 67.508ms
[439.715s][info][gc,cpu         ] GC(1618) User=0.13s Sys=0.00s Real=0.06s
[439.918s][info][gc,start       ] GC(1619) Pause Young (Allocation Failure)
[439.992s][info][gc,heap        ] GC(1619) PSYoungGen: 184170K(184320K)->35865K(236032K) Eden: 128000K(128000K)->0K(132096K) From: 56170K(56320K)->35865K(103936K)
[439.992s][info][gc,heap        ] GC(1619) ParOldGen: 516707K(598528K)->543341K(598528K)
[439.992s][info][gc,metaspace   ] GC(1619) Metaspace: 18968K(19136K)->18968K(19136K) NonClass: 16302K(16384K)->16302K(16384K) Class: 2666K(2752K)->2666K(2752K)
[439.992s][info][gc             ] GC(1619) Pause Young (Allocation Failure) 684M->565M(815M) 73.439ms
[439.992s][info][gc,cpu         ] GC(1619) User=0.14s Sys=0.00s Real=0.07s
[440.123s][info][gc,start       ] GC(1620) Pause Young (Allocation Failure)
[440.163s][info][gc,heap        ] GC(1620) PSYoungGen: 167961K(236032K)->12352K(144896K) Eden: 132096K(132096K)->0K(132096K) From: 35865K(103936K)->12352K(12800K)
[440.163s][info][gc,heap        ] GC(1620) ParOldGen: 543341K(598528K)->568158K(598528K)
[440.163s][info][gc,metaspace   ] GC(1620) Metaspace: 18968K(19136K)->18968K(19136K) NonClass: 16302K(16384K)->16302K(16384K) Class: 2666K(2752K)->2666K(2752K)
[440.163s][info][gc             ] GC(1620) Pause Young (Allocation Failure) 694M->566M(726M) 39.905ms
[440.163s][info][gc,cpu         ] GC(1620) User=0.07s Sys=0.00s Real=0.04s
[440.553s][info][gc,start       ] GC(1621) Pause Young (Allocation Failure)
[440.568s][info][gc,heap        ] GC(1621) PSYoungGen: 144448K(144896K)->7712K(228864K) Eden: 132096K(132096K)->0K(133120K) From: 12352K(12800K)->7712K(95744K)
[440.568s][info][gc,heap        ] GC(1621) ParOldGen: 568158K(598528K)->572958K(598528K)
[440.568s][info][gc,metaspace   ] GC(1621) Metaspace: 18969K(19136K)->18969K(19136K) NonClass: 16303K(16384K)->16303K(16384K) Class: 2666K(2752K)->2666K(2752K)
[440.568s][info][gc             ] GC(1621) Pause Young (Allocation Failure) 695M->567M(808M) 15.163ms
[440.568s][info][gc,cpu         ] GC(1621) User=0.03s Sys=0.00s Real=0.02s
[440.943s][info][gc,start       ] GC(1622) Pause Young (Allocation Failure)
[440.953s][info][gc,heap        ] GC(1622) PSYoungGen: 140832K(228864K)->7832K(227840K) Eden: 133120K(133120K)->0K(133120K) From: 7712K(95744K)->7832K(94720K)
[440.953s][info][gc,heap        ] GC(1622) ParOldGen: 572958K(598528K)->572982K(598528K)
[440.953s][info][gc,metaspace   ] GC(1622) Metaspace: 18969K(19136K)->18969K(19136K) NonClass: 16303K(16384K)->16303K(16384K) Class: 2666K(2752K)->2666K(2752K)
[440.953s][info][gc             ] GC(1622) Pause Young (Allocation Failure) 697M->567M(807M) 9.953ms
[440.953s][info][gc,cpu         ] GC(1622) User=0.02s Sys=0.00s Real=0.01s
[441.206s][info][gc,start       ] GC(1623) Pause Young (Allocation Failure)
[441.236s][info][gc,heap        ] GC(1623) PSYoungGen: 140952K(227840K)->29064K(224768K) Eden: 133120K(133120K)->0K(143872K) From: 7832K(94720K)->29064K(80896K)
[441.236s][info][gc,heap        ] GC(1623) ParOldGen: 572982K(598528K)->572982K(598528K)
[441.236s][info][gc,metaspace   ] GC(1623) Metaspace: 18969K(19136K)->18969K(19136K) NonClass: 16303K(16384K)->16303K(16384K) Class: 2666K(2752K)->2666K(2752K)
[441.236s][info][gc             ] GC(1623) Pause Young (Allocation Failure) 697M->587M(804M) 29.839ms
[441.236s][info][gc,cpu         ] GC(1623) User=0.06s Sys=0.00s Real=0.03s
[441.517s][info][gc,start       ] GC(1624) Pause Young (Allocation Failure)
[441.551s][info][gc,heap        ] GC(1624) PSYoungGen: 172936K(224768K)->29064K(230400K) Eden: 143872K(143872K)->0K(143872K) From: 29064K(80896K)->29064K(86528K)
[441.551s][info][gc,heap        ] GC(1624) ParOldGen: 572982K(598528K)->572982K(598528K)
[441.551s][info][gc,metaspace   ] GC(1624) Metaspace: 18969K(19136K)->18969K(19136K) NonClass: 16303K(16384K)->16303K(16384K) Class: 2666K(2752K)->2666K(2752K)
[441.551s][info][gc             ] GC(1624) Pause Young (Allocation Failure) 728M->587M(809M) 34.725ms
[441.551s][info][gc,cpu         ] GC(1624) User=0.07s Sys=0.00s Real=0.04s
[442.272s][info][gc,start       ] GC(1625) Pause Young (Allocation Failure)
[442.303s][info][gc,heap        ] GC(1625) PSYoungGen: 172936K(230400K)->29469K(222720K) Eden: 143872K(143872K)->0K(153600K) From: 29064K(86528K)->29469K(69120K)
[442.303s][info][gc,heap        ] GC(1625) ParOldGen: 572982K(598528K)->572982K(598528K)
[442.303s][info][gc,metaspace   ] GC(1625) Metaspace: 18969K(19136K)->18969K(19136K) NonClass: 16303K(16384K)->16303K(16384K) Class: 2666K(2752K)->2666K(2752K)
[442.303s][info][gc             ] GC(1625) Pause Young (Allocation Failure) 728M->588M(802M) 30.585ms
[442.303s][info][gc,cpu         ] GC(1625) User=0.06s Sys=0.00s Real=0.03s
[442.968s][info][gc,start       ] GC(1626) Pause Young (Allocation Failure)
[443.002s][info][gc,heap        ] GC(1626) PSYoungGen: 183069K(222720K)->30301K(229376K) Eden: 153600K(153600K)->0K(153600K) From: 29469K(69120K)->30301K(75776K)
[443.002s][info][gc,heap        ] GC(1626) ParOldGen: 572982K(598528K)->572982K(598528K)
[443.002s][info][gc,metaspace   ] GC(1626) Metaspace: 18972K(19136K)->18972K(19136K) NonClass: 16306K(16384K)->16306K(16384K) Class: 2666K(2752K)->2666K(2752K)
[443.002s][info][gc             ] GC(1626) Pause Young (Allocation Failure) 738M->589M(808M) 33.745ms
[443.002s][info][gc,cpu         ] GC(1626) User=0.07s Sys=0.00s Real=0.03s
[443.662s][info][gc,start       ] GC(1627) Pause Young (Allocation Failure)
[443.694s][info][gc,heap        ] GC(1627) PSYoungGen: 183901K(229376K)->31523K(225280K) Eden: 153600K(153600K)->0K(161792K) From: 30301K(75776K)->31523K(63488K)
[443.694s][info][gc,heap        ] GC(1627) ParOldGen: 572982K(598528K)->572982K(598528K)
[443.694s][info][gc,metaspace   ] GC(1627) Metaspace: 18975K(19136K)->18975K(19136K) NonClass: 16309K(16384K)->16309K(16384K) Class: 2666K(2752K)->2666K(2752K)
[443.695s][info][gc             ] GC(1627) Pause Young (Allocation Failure) 739M->590M(804M) 32.325ms
[443.695s][info][gc,cpu         ] GC(1627) User=0.06s Sys=0.00s Real=0.03s
[444.058s][info][gc,start       ] GC(1628) Pause Young (Allocation Failure)
[444.090s][info][gc,heap        ] GC(1628) PSYoungGen: 193252K(225280K)->31589K(229888K) Eden: 161728K(161792K)->0K(161792K) From: 31523K(63488K)->31589K(68096K)
[444.090s][info][gc,heap        ] GC(1628) ParOldGen: 572982K(598528K)->572982K(598528K)
[444.090s][info][gc,metaspace   ] GC(1628) Metaspace: 18976K(19136K)->18976K(19136K) NonClass: 16310K(16384K)->16310K(16384K) Class: 2666K(2752K)->2666K(2752K)
[444.090s][info][gc             ] GC(1628) Pause Young (Allocation Failure) 748M->590M(809M) 31.679ms
[444.090s][info][gc,cpu         ] GC(1628) User=0.07s Sys=0.00s Real=0.03s
[444.365s][info][gc,start       ] GC(1629) Pause Young (Allocation Failure)
[444.415s][info][gc,heap        ] GC(1629) PSYoungGen: 193381K(229888K)->52925K(230912K) Eden: 161792K(161792K)->0K(165888K) From: 31589K(68096K)->52925K(65024K)
[444.415s][info][gc,heap        ] GC(1629) ParOldGen: 572982K(598528K)->572982K(598528K)
[444.415s][info][gc,metaspace   ] GC(1629) Metaspace: 18980K(19136K)->18980K(19136K) NonClass: 16314K(16384K)->16314K(16384K) Class: 2666K(2752K)->2666K(2752K)
[444.415s][info][gc             ] GC(1629) Pause Young (Allocation Failure) 748M->611M(810M) 50.036ms
[444.415s][info][gc,cpu         ] GC(1629) User=0.09s Sys=0.00s Real=0.05s
[444.537s][info][gc,start       ] GC(1630) Pause Young (Allocation Failure)
[444.644s][info][gc,heap        ] GC(1630) PSYoungGen: 218813K(230912K)->69613K(235520K) Eden: 165888K(165888K)->0K(165888K) From: 52925K(65024K)->69613K(69632K)
[444.644s][info][gc,heap        ] GC(1630) ParOldGen: 572982K(598528K)->616110K(616448K)
[444.644s][info][gc,metaspace   ] GC(1630) Metaspace: 18981K(19136K)->18981K(19136K) NonClass: 16315K(16384K)->16315K(16384K) Class: 2666K(2752K)->2666K(2752K)
[444.644s][info][gc             ] GC(1630) Pause Young (Allocation Failure) 773M->669M(832M) 106.621ms
[444.644s][info][gc,cpu         ] GC(1630) User=0.19s Sys=0.01s Real=0.11s
[444.862s][info][gc,start       ] GC(1631) Pause Young (Allocation Failure)
[445.005s][info][gc,heap        ] GC(1631) PSYoungGen: 235501K(235520K)->95716K(207360K) Eden: 165888K(165888K)->0K(111616K) From: 69613K(69632K)->95716K(95744K)
[445.005s][info][gc,heap        ] GC(1631) ParOldGen: 616110K(616448K)->646283K(646656K)
[445.005s][info][gc,metaspace   ] GC(1631) Metaspace: 18981K(19136K)->18981K(19136K) NonClass: 16315K(16384K)->16315K(16384K) Class: 2666K(2752K)->2666K(2752K)
[445.005s][info][gc             ] GC(1631) Pause Young (Allocation Failure) 831M->724M(834M) 143.339ms
[445.005s][info][gc,cpu         ] GC(1631) User=0.24s Sys=0.04s Real=0.14s
[445.158s][info][gc,start       ] GC(1632) Pause Full (Allocation Failure)
[445.158s][info][gc,phases,start] GC(1632) Marking Phase
[445.286s][info][gc,phases      ] GC(1632) Marking Phase 127.115ms
[445.286s][info][gc,phases,start] GC(1632) Summary Phase
[445.286s][info][gc,phases      ] GC(1632) Summary Phase 0.025ms
[445.286s][info][gc,phases,start] GC(1632) Forward
[445.335s][info][gc,phases      ] GC(1632) Forward 49.168ms
[445.335s][info][gc,phases,start] GC(1632) Adjust Pointers
[445.423s][info][gc,phases      ] GC(1632) Adjust Pointers 87.923ms
[445.423s][info][gc,phases,start] GC(1632) Compaction Phase
[445.484s][info][gc,phases      ] GC(1632) Compaction Phase 60.963ms
[445.485s][info][gc,phases,start] GC(1632) Post Compact
[445.488s][info][gc,phases      ] GC(1632) Post Compact 2.388ms
[445.496s][info][gc,heap        ] GC(1632) PSYoungGen: 207332K(207360K)->0K(222720K) Eden: 111616K(111616K)->0K(111616K) From: 95716K(95744K)->0K(111104K)
[445.496s][info][gc,heap        ] GC(1632) ParOldGen: 646283K(646656K)->213553K(536064K)
[445.496s][info][gc,metaspace   ] GC(1632) Metaspace: 18981K(19136K)->18981K(19136K) NonClass: 16315K(16384K)->16315K(16384K) Class: 2666K(2752K)->2666K(2752K)
[445.496s][info][gc             ] GC(1632) Pause Full (Allocation Failure) 833M->208M(741M) 338.154ms
[445.496s][info][gc,cpu         ] GC(1632) User=0.60s Sys=0.01s Real=0.33s
[445.613s][info][gc,start       ] GC(1633) Pause Young (Allocation Failure)
[445.627s][info][gc,heap        ] GC(1633) PSYoungGen: 111616K(222720K)->6656K(222720K) Eden: 111616K(111616K)->0K(111616K) From: 0K(111104K)->6656K(111104K)
[445.627s][info][gc,heap        ] GC(1633) ParOldGen: 213553K(536064K)->213553K(536064K)
[445.627s][info][gc,metaspace   ] GC(1633) Metaspace: 18982K(19136K)->18982K(19136K) NonClass: 16316K(16384K)->16316K(16384K) Class: 2666K(2752K)->2666K(2752K)
[445.627s][info][gc             ] GC(1633) Pause Young (Allocation Failure) 317M->215M(741M) 13.317ms
[445.627s][info][gc,cpu         ] GC(1633) User=0.02s Sys=0.00s Real=0.01s
[445.757s][info][gc,start       ] GC(1634) Pause Young (Allocation Failure)
[445.799s][info][gc,heap        ] GC(1634) PSYoungGen: 118272K(222720K)->27666K(222720K) Eden: 111616K(111616K)->0K(111616K) From: 6656K(111104K)->27666K(111104K)
[445.799s][info][gc,heap        ] GC(1634) ParOldGen: 213553K(536064K)->213553K(536064K)
[445.799s][info][gc,metaspace   ] GC(1634) Metaspace: 18982K(19136K)->18982K(19136K) NonClass: 16316K(16384K)->16316K(16384K) Class: 2666K(2752K)->2666K(2752K)
[445.799s][info][gc             ] GC(1634) Pause Young (Allocation Failure) 324M->235M(741M) 41.224ms
[445.799s][info][gc,cpu         ] GC(1634) User=0.09s Sys=0.00s Real=0.04s
[445.927s][info][gc,start       ] GC(1635) Pause Young (Allocation Failure)
[445.977s][info][gc,heap        ] GC(1635) PSYoungGen: 139282K(222720K)->38642K(221696K) Eden: 111616K(111616K)->0K(111616K) From: 27666K(111104K)->38642K(110080K)
[445.977s][info][gc,heap        ] GC(1635) ParOldGen: 213553K(536064K)->213553K(536064K)
[445.977s][info][gc,metaspace   ] GC(1635) Metaspace: 18982K(19136K)->18982K(19136K) NonClass: 16316K(16384K)->16316K(16384K) Class: 2666K(2752K)->2666K(2752K)
[445.977s][info][gc             ] GC(1635) Pause Young (Allocation Failure) 344M->246M(740M) 49.860ms
[445.977s][info][gc,cpu         ] GC(1635) User=0.10s Sys=0.00s Real=0.05s
[446.081s][info][gc,start       ] GC(1636) Pause Young (Allocation Failure)
[446.139s][info][gc,heap        ] GC(1636) PSYoungGen: 150258K(221696K)->46555K(158208K) Eden: 111616K(111616K)->0K(111616K) From: 38642K(110080K)->46555K(46592K)
[446.139s][info][gc,heap        ] GC(1636) ParOldGen: 213553K(536064K)->213553K(536064K)
[446.139s][info][gc,metaspace   ] GC(1636) Metaspace: 18982K(19136K)->18982K(19136K) NonClass: 16316K(16384K)->16316K(16384K) Class: 2666K(2752K)->2666K(2752K)
[446.140s][info][gc             ] GC(1636) Pause Young (Allocation Failure) 355M->254M(678M) 58.831ms
[446.140s][info][gc,cpu         ] GC(1636) User=0.12s Sys=0.00s Real=0.06s
[446.239s][info][gc,start       ] GC(1637) Pause Young (Allocation Failure)
[446.300s][info][gc,heap        ] GC(1637) PSYoungGen: 158171K(158208K)->48731K(222208K) Eden: 111616K(111616K)->0K(117248K) From: 46555K(46592K)->48731K(104960K)
[446.300s][info][gc,heap        ] GC(1637) ParOldGen: 213553K(536064K)->213553K(536064K)
[446.300s][info][gc,metaspace   ] GC(1637) Metaspace: 18982K(19136K)->18982K(19136K) NonClass: 16316K(16384K)->16316K(16384K) Class: 2666K(2752K)->2666K(2752K)
[446.300s][info][gc             ] GC(1637) Pause Young (Allocation Failure) 363M->256M(740M) 60.793ms
[446.300s][info][gc,cpu         ] GC(1637) User=0.12s Sys=0.00s Real=0.06s
[446.387s][info][gc,start       ] GC(1638) Pause Young (Allocation Failure)
[446.464s][info][gc,heap        ] GC(1638) PSYoungGen: 165979K(222208K)->62833K(218112K) Eden: 117248K(117248K)->0K(117248K) From: 48731K(104960K)->62833K(100864K)
[446.464s][info][gc,heap        ] GC(1638) ParOldGen: 213553K(536064K)->219760K(536064K)
[446.464s][info][gc,metaspace   ] GC(1638) Metaspace: 18982K(19136K)->18982K(19136K) NonClass: 16316K(16384K)->16316K(16384K) Class: 2666K(2752K)->2666K(2752K)
[446.464s][info][gc             ] GC(1638) Pause Young (Allocation Failure) 370M->275M(736M) 77.239ms
[446.464s][info][gc,cpu         ] GC(1638) User=0.15s Sys=0.00s Real=0.08s
[446.529s][info][gc,start       ] GC(1639) Pause Young (Allocation Failure)
[446.621s][info][gc,heap        ] GC(1639) PSYoungGen: 180081K(218112K)->60432K(230400K) Eden: 117248K(117248K)->0K(128000K) From: 62833K(100864K)->60432K(102400K)
[446.621s][info][gc,heap        ] GC(1639) ParOldGen: 219760K(536064K)->252174K(536064K)
[446.621s][info][gc,metaspace   ] GC(1639) Metaspace: 18984K(19136K)->18984K(19136K) NonClass: 16318K(16384K)->16318K(16384K) Class: 2666K(2752K)->2666K(2752K)
[446.621s][info][gc             ] GC(1639) Pause Young (Allocation Failure) 390M->305M(748M) 91.584ms
[446.621s][info][gc,cpu         ] GC(1639) User=0.18s Sys=0.00s Real=0.09s
[446.726s][info][gc,start       ] GC(1640) Pause Young (Allocation Failure)
[446.790s][info][gc,heap        ] GC(1640) PSYoungGen: 188432K(230400K)->64851K(230400K) Eden: 128000K(128000K)->0K(128000K) From: 60432K(102400K)->64851K(102400K)
[446.790s][info][gc,heap        ] GC(1640) ParOldGen: 252174K(536064K)->262367K(536064K)
[446.790s][info][gc,metaspace   ] GC(1640) Metaspace: 18984K(19136K)->18984K(19136K) NonClass: 16318K(16384K)->16318K(16384K) Class: 2666K(2752K)->2666K(2752K)
[446.790s][info][gc             ] GC(1640) Pause Young (Allocation Failure) 430M->319M(748M) 64.066ms
[446.790s][info][gc,cpu         ] GC(1640) User=0.12s Sys=0.00s Real=0.07s
[446.892s][info][gc,start       ] GC(1641) Pause Young (Allocation Failure)
[446.957s][info][gc,heap        ] GC(1641) PSYoungGen: 192851K(230400K)->24195K(230400K) Eden: 128000K(128000K)->0K(128000K) From: 64851K(102400K)->24195K(102400K)
[446.957s][info][gc,heap        ] GC(1641) ParOldGen: 262367K(536064K)->312891K(536064K)
[446.957s][info][gc,metaspace   ] GC(1641) Metaspace: 18984K(19136K)->18984K(19136K) NonClass: 16318K(16384K)->16318K(16384K) Class: 2666K(2752K)->2666K(2752K)
[446.957s][info][gc             ] GC(1641) Pause Young (Allocation Failure) 444M->329M(748M) 65.295ms
[446.957s][info][gc,cpu         ] GC(1641) User=0.13s Sys=0.00s Real=0.06s
[447.055s][info][gc,start       ] GC(1642) Pause Young (Allocation Failure)
[447.086s][info][gc,heap        ] GC(1642) PSYoungGen: 152195K(230400K)->2368K(130560K) Eden: 128000K(128000K)->0K(128000K) From: 24195K(102400K)->2368K(2560K)
[447.086s][info][gc,heap        ] GC(1642) ParOldGen: 312891K(536064K)->337138K(536064K)
[447.086s][info][gc,metaspace   ] GC(1642) Metaspace: 18984K(19136K)->18984K(19136K) NonClass: 16318K(16384K)->16318K(16384K) Class: 2666K(2752K)->2666K(2752K)
[447.086s][info][gc             ] GC(1642) Pause Young (Allocation Failure) 454M->331M(651M) 31.021ms
[447.086s][info][gc,cpu         ] GC(1642) User=0.06s Sys=0.00s Real=0.03s
[447.162s][info][gc,start       ] GC(1643) Pause Young (Allocation Failure)
[447.170s][info][gc,heap        ] GC(1643) PSYoungGen: 130368K(130560K)->3456K(228864K) Eden: 128000K(128000K)->0K(124928K) From: 2368K(2560K)->3456K(103936K)
[447.170s][info][gc,heap        ] GC(1643) ParOldGen: 337138K(536064K)->339482K(536064K)
[447.170s][info][gc,metaspace   ] GC(1643) Metaspace: 18984K(19136K)->18984K(19136K) NonClass: 16318K(16384K)->16318K(16384K) Class: 2666K(2752K)->2666K(2752K)
[447.170s][info][gc             ] GC(1643) Pause Young (Allocation Failure) 456M->334M(747M) 7.401ms
[447.170s][info][gc,cpu         ] GC(1643) User=0.02s Sys=0.00s Real=0.01s
[447.401s][info][gc,start       ] GC(1644) Pause Young (Allocation Failure)
[447.408s][info][gc,heap        ] GC(1644) PSYoungGen: 128384K(228864K)->1600K(229376K) Eden: 124928K(124928K)->0K(124928K) From: 3456K(103936K)->1600K(104448K)
[447.408s][info][gc,heap        ] GC(1644) ParOldGen: 339482K(536064K)->342914K(536064K)
[447.408s][info][gc,metaspace   ] GC(1644) Metaspace: 18984K(19136K)->18984K(19136K) NonClass: 16318K(16384K)->16318K(16384K) Class: 2666K(2752K)->2666K(2752K)
[447.408s][info][gc             ] GC(1644) Pause Young (Allocation Failure) 456M->336M(747M) 7.206ms
[447.408s][info][gc,cpu         ] GC(1644) User=0.02s Sys=0.00s Real=0.01s
[447.655s][info][gc,start       ] GC(1645) Pause Young (Allocation Failure)
[447.685s][info][gc,heap        ] GC(1645) PSYoungGen: 126528K(229376K)->29312K(217088K) Eden: 124928K(124928K)->0K(125440K) From: 1600K(104448K)->29312K(91648K)
[447.685s][info][gc,heap        ] GC(1645) ParOldGen: 342914K(536064K)->344463K(536064K)
[447.685s][info][gc,metaspace   ] GC(1645) Metaspace: 18984K(19136K)->18984K(19136K) NonClass: 16318K(16384K)->16318K(16384K) Class: 2666K(2752K)->2666K(2752K)
[447.685s][info][gc             ] GC(1645) Pause Young (Allocation Failure) 458M->365M(735M) 30.344ms
[447.685s][info][gc,cpu         ] GC(1645) User=0.06s Sys=0.00s Real=0.03s
[447.839s][info][gc,start       ] GC(1646) Pause Young (Allocation Failure)
[447.897s][info][gc,heap        ] GC(1646) PSYoungGen: 154752K(217088K)->37328K(223232K) Eden: 125440K(125440K)->0K(125440K) From: 29312K(91648K)->37328K(97792K)
[447.897s][info][gc,heap        ] GC(1646) ParOldGen: 344463K(536064K)->373806K(536064K)
[447.897s][info][gc,metaspace   ] GC(1646) Metaspace: 18986K(19136K)->18986K(19136K) NonClass: 16319K(16384K)->16319K(16384K) Class: 2666K(2752K)->2666K(2752K)
[447.897s][info][gc             ] GC(1646) Pause Young (Allocation Failure) 487M->401M(741M) 58.517ms
[447.897s][info][gc,cpu         ] GC(1646) User=0.12s Sys=0.00s Real=0.06s
[448.048s][info][gc,start       ] GC(1647) Pause Young (Allocation Failure)
[448.093s][info][gc,heap        ] GC(1647) PSYoungGen: 162768K(223232K)->14688K(226816K) Eden: 125440K(125440K)->0K(139264K) From: 37328K(97792K)->14688K(87552K)
[448.093s][info][gc,heap        ] GC(1647) ParOldGen: 373806K(536064K)->411203K(536064K)
[448.093s][info][gc,metaspace   ] GC(1647) Metaspace: 18986K(19136K)->18986K(19136K) NonClass: 16319K(16384K)->16319K(16384K) Class: 2666K(2752K)->2666K(2752K)
[448.093s][info][gc             ] GC(1647) Pause Young (Allocation Failure) 523M->415M(745M) 45.072ms
[448.093s][info][gc,cpu         ] GC(1647) User=0.09s Sys=0.00s Real=0.04s
[448.237s][info][gc,start       ] GC(1648) Pause Young (Allocation Failure)
[448.260s][info][gc,heap        ] GC(1648) PSYoungGen: 153952K(226816K)->832K(229376K) Eden: 139264K(139264K)->0K(139264K) From: 14688K(87552K)->832K(90112K)
[448.260s][info][gc,heap        ] GC(1648) ParOldGen: 411203K(536064K)->425896K(536064K)
[448.260s][info][gc,metaspace   ] GC(1648) Metaspace: 18986K(19136K)->18986K(19136K) NonClass: 16319K(16384K)->16319K(16384K) Class: 2666K(2752K)->2666K(2752K)
[448.260s][info][gc             ] GC(1648) Pause Young (Allocation Failure) 551M->416M(747M) 23.213ms
[448.260s][info][gc,cpu         ] GC(1648) User=0.05s Sys=0.00s Real=0.03s
[448.448s][info][gc,start       ] GC(1649) Pause Young (Allocation Failure)
[448.453s][info][gc,heap        ] GC(1649) PSYoungGen: 140096K(229376K)->1408K(237568K) Eden: 139264K(139264K)->0K(152064K) From: 832K(90112K)->1408K(85504K)
[448.453s][info][gc,heap        ] GC(1649) ParOldGen: 425896K(536064K)->426696K(536064K)
[448.453s][info][gc,metaspace   ] GC(1649) Metaspace: 18986K(19136K)->18986K(19136K) NonClass: 16320K(16384K)->16320K(16384K) Class: 2666K(2752K)->2666K(2752K)
[448.453s][info][gc             ] GC(1649) Pause Young (Allocation Failure) 552M->418M(755M) 4.757ms
[448.453s][info][gc,cpu         ] GC(1649) User=0.01s Sys=0.00s Real=0.00s
[448.707s][info][gc,start       ] GC(1650) Pause Young (Allocation Failure)
[448.723s][info][gc,heap        ] GC(1650) PSYoungGen: 153472K(237568K)->14048K(240640K) Eden: 152064K(152064K)->0K(152064K) From: 1408K(85504K)->14048K(88576K)
[448.723s][info][gc,heap        ] GC(1650) ParOldGen: 426696K(536064K)->426696K(536064K)
[448.723s][info][gc,metaspace   ] GC(1650) Metaspace: 18986K(19136K)->18986K(19136K) NonClass: 16320K(16384K)->16320K(16384K) Class: 2666K(2752K)->2666K(2752K)
[448.723s][info][gc             ] GC(1650) Pause Young (Allocation Failure) 566M->430M(758M) 16.089ms
[448.723s][info][gc,cpu         ] GC(1650) User=0.04s Sys=0.00s Real=0.02s
[448.942s][info][gc,start       ] GC(1651) Pause Young (Allocation Failure)
[449.005s][info][gc,heap        ] GC(1651) PSYoungGen: 166112K(240640K)->70211K(227840K) Eden: 152064K(152064K)->0K(143360K) From: 14048K(88576K)->70211K(84480K)
[449.005s][info][gc,heap        ] GC(1651) ParOldGen: 426696K(536064K)->426696K(536064K)
[449.005s][info][gc,metaspace   ] GC(1651) Metaspace: 18987K(19136K)->18987K(19136K) NonClass: 16321K(16384K)->16321K(16384K) Class: 2666K(2752K)->2666K(2752K)
[449.005s][info][gc             ] GC(1651) Pause Young (Allocation Failure) 578M->485M(746M) 62.867ms
[449.005s][info][gc,cpu         ] GC(1651) User=0.12s Sys=0.00s Real=0.06s
[449.147s][info][gc,start       ] GC(1652) Pause Young (Allocation Failure)
[449.213s][info][gc,heap        ] GC(1652) PSYoungGen: 213571K(227840K)->77784K(221184K) Eden: 143360K(143360K)->0K(143360K) From: 70211K(84480K)->77784K(77824K)
[449.213s][info][gc,heap        ] GC(1652) ParOldGen: 426696K(536064K)->426696K(536064K)
[449.213s][info][gc,metaspace   ] GC(1652) Metaspace: 18987K(19136K)->18987K(19136K) NonClass: 16321K(16384K)->16321K(16384K) Class: 2666K(2752K)->2666K(2752K)
[449.213s][info][gc             ] GC(1652) Pause Young (Allocation Failure) 625M->492M(739M) 65.790ms
[449.213s][info][gc,cpu         ] GC(1652) User=0.13s Sys=0.00s Real=0.07s
[449.333s][info][gc,start       ] GC(1653) Pause Young (Allocation Failure)
[449.434s][info][gc,heap        ] GC(1653) PSYoungGen: 221144K(221184K)->105944K(218112K) Eden: 143360K(143360K)->0K(111616K) From: 77784K(77824K)->105944K(106496K)
[449.434s][info][gc,heap        ] GC(1653) ParOldGen: 426696K(536064K)->428048K(536064K)
[449.434s][info][gc,metaspace   ] GC(1653) Metaspace: 18987K(19136K)->18987K(19136K) NonClass: 16321K(16384K)->16321K(16384K) Class: 2666K(2752K)->2666K(2752K)
[449.434s][info][gc             ] GC(1653) Pause Young (Allocation Failure) 632M->521M(736M) 100.643ms
[449.434s][info][gc,cpu         ] GC(1653) User=0.20s Sys=0.01s Real=0.10s
[449.530s][info][gc,start       ] GC(1654) Pause Young (Allocation Failure)
[449.681s][info][gc,heap        ] GC(1654) PSYoungGen: 217560K(218112K)->98260K(222720K) Eden: 111616K(111616K)->0K(111616K) From: 105944K(106496K)->98260K(111104K)
[449.681s][info][gc,heap        ] GC(1654) ParOldGen: 428048K(536064K)->497147K(536064K)
[449.681s][info][gc,metaspace   ] GC(1654) Metaspace: 18987K(19136K)->18987K(19136K) NonClass: 16321K(16384K)->16321K(16384K) Class: 2666K(2752K)->2666K(2752K)
[449.681s][info][gc             ] GC(1654) Pause Young (Allocation Failure) 630M->581M(741M) 150.642ms
[449.681s][info][gc,cpu         ] GC(1654) User=0.30s Sys=0.00s Real=0.15s
[449.844s][info][gc,start       ] GC(1655) Pause Young (Allocation Failure)
[449.942s][info][gc,heap        ] GC(1655) PSYoungGen: 209876K(222720K)->65204K(222720K) Eden: 111616K(111616K)->0K(111616K) From: 98260K(111104K)->65204K(111104K)
[449.942s][info][gc,heap        ] GC(1655) ParOldGen: 497147K(536064K)->534328K(536064K)
[449.942s][info][gc,metaspace   ] GC(1655) Metaspace: 18991K(19136K)->18991K(19136K) NonClass: 16325K(16384K)->16325K(16384K) Class: 2666K(2752K)->2666K(2752K)
[449.942s][info][gc             ] GC(1655) Pause Young (Allocation Failure) 690M->585M(741M) 98.076ms
[449.942s][info][gc,cpu         ] GC(1655) User=0.19s Sys=0.00s Real=0.10s
[450.066s][info][gc,start       ] GC(1656) Pause Young (Allocation Failure)
[450.166s][info][gc,heap        ] GC(1656) PSYoungGen: 176820K(222720K)->13296K(222720K) Eden: 111616K(111616K)->0K(111616K) From: 65204K(111104K)->13296K(111104K)
[450.166s][info][gc,heap        ] GC(1656) ParOldGen: 534328K(536064K)->598432K(598528K)
[450.166s][info][gc,metaspace   ] GC(1656) Metaspace: 18991K(19136K)->18991K(19136K) NonClass: 16325K(16384K)->16325K(16384K) Class: 2666K(2752K)->2666K(2752K)
[450.166s][info][gc             ] GC(1656) Pause Young (Allocation Failure) 694M->597M(802M) 100.092ms
[450.166s][info][gc,cpu         ] GC(1656) User=0.16s Sys=0.03s Real=0.10s
[450.272s][info][gc,start       ] GC(1657) Pause Full (Allocation Failure)
[450.272s][info][gc,phases,start] GC(1657) Marking Phase
[450.364s][info][gc,phases      ] GC(1657) Marking Phase 92.246ms
[450.364s][info][gc,phases,start] GC(1657) Summary Phase
[450.364s][info][gc,phases      ] GC(1657) Summary Phase 0.025ms
[450.364s][info][gc,phases,start] GC(1657) Forward
[450.401s][info][gc,phases      ] GC(1657) Forward 36.888ms
[450.401s][info][gc,phases,start] GC(1657) Adjust Pointers
[450.463s][info][gc,phases      ] GC(1657) Adjust Pointers 61.788ms
[450.463s][info][gc,phases,start] GC(1657) Compaction Phase
[450.500s][info][gc,phases      ] GC(1657) Compaction Phase 36.814ms
[450.502s][info][gc,phases,start] GC(1657) Post Compact
[450.504s][info][gc,phases      ] GC(1657) Post Compact 2.100ms
[450.513s][info][gc,heap        ] GC(1657) PSYoungGen: 124912K(222720K)->0K(222720K) Eden: 111616K(111616K)->0K(111616K) From: 13296K(111104K)->0K(111104K)
[450.514s][info][gc,heap        ] GC(1657) ParOldGen: 598432K(598528K)->135585K(486912K)
[450.514s][info][gc,metaspace   ] GC(1657) Metaspace: 18991K(19136K)->18991K(19136K) NonClass: 16325K(16384K)->16325K(16384K) Class: 2666K(2752K)->2666K(2752K)
[450.514s][info][gc             ] GC(1657) Pause Full (Allocation Failure) 706M->132M(693M) 242.007ms
[450.514s][info][gc,cpu         ] GC(1657) User=0.41s Sys=0.01s Real=0.24s
[450.561s][info][gc,start       ] GC(1658) Pause Young (Allocation Failure)
[450.603s][info][gc,heap        ] GC(1658) PSYoungGen: 111616K(222720K)->54272K(222720K) Eden: 111616K(111616K)->0K(111616K) From: 0K(111104K)->54272K(111104K)
[450.603s][info][gc,heap        ] GC(1658) ParOldGen: 135585K(486912K)->135585K(486912K)
[450.603s][info][gc,metaspace   ] GC(1658) Metaspace: 18991K(19136K)->18991K(19136K) NonClass: 16325K(16384K)->16325K(16384K) Class: 2666K(2752K)->2666K(2752K)
[450.603s][info][gc             ] GC(1658) Pause Young (Allocation Failure) 241M->185M(693M) 41.854ms
[450.603s][info][gc,cpu         ] GC(1658) User=0.08s Sys=0.00s Real=0.04s
[450.646s][info][gc,start       ] GC(1659) Pause Young (Allocation Failure)
[450.714s][info][gc,heap        ] GC(1659) PSYoungGen: 165888K(222720K)->44544K(222720K) Eden: 111616K(111616K)->0K(111616K) From: 54272K(111104K)->44544K(111104K)
[450.714s][info][gc,heap        ] GC(1659) ParOldGen: 135585K(486912K)->190273K(486912K)
[450.714s][info][gc,metaspace   ] GC(1659) Metaspace: 18993K(19136K)->18993K(19136K) NonClass: 16327K(16384K)->16327K(16384K) Class: 2666K(2752K)->2666K(2752K)
[450.714s][info][gc             ] GC(1659) Pause Young (Allocation Failure) 294M->229M(693M) 68.685ms
[450.714s][info][gc,cpu         ] GC(1659) User=0.14s Sys=0.00s Real=0.07s
[450.778s][info][gc,start       ] GC(1660) Pause Young (Allocation Failure)
[450.835s][info][gc,heap        ] GC(1660) PSYoungGen: 156160K(222720K)->44064K(222720K) Eden: 111616K(111616K)->0K(111616K) From: 44544K(111104K)->44064K(111104K)
[450.835s][info][gc,heap        ] GC(1660) ParOldGen: 190273K(486912K)->235346K(486912K)
[450.835s][info][gc,metaspace   ] GC(1660) Metaspace: 18993K(19136K)->18993K(19136K) NonClass: 16327K(16384K)->16327K(16384K) Class: 2666K(2752K)->2666K(2752K)
[450.835s][info][gc             ] GC(1660) Pause Young (Allocation Failure) 338M->272M(693M) 56.985ms
[450.835s][info][gc,cpu         ] GC(1660) User=0.11s Sys=0.00s Real=0.05s
[450.954s][info][gc,start       ] GC(1661) Pause Young (Allocation Failure)
[450.992s][info][gc,heap        ] GC(1661) PSYoungGen: 155680K(222720K)->7264K(222720K) Eden: 111616K(111616K)->0K(111616K) From: 44064K(111104K)->7264K(111104K)
[450.992s][info][gc,heap        ] GC(1661) ParOldGen: 235346K(486912K)->279882K(486912K)
[450.992s][info][gc,metaspace   ] GC(1661) Metaspace: 18993K(19136K)->18993K(19136K) NonClass: 16327K(16384K)->16327K(16384K) Class: 2666K(2752K)->2666K(2752K)
[450.992s][info][gc             ] GC(1661) Pause Young (Allocation Failure) 381M->280M(693M) 38.614ms
[450.992s][info][gc,cpu         ] GC(1661) User=0.07s Sys=0.00s Real=0.04s
[451.062s][info][gc,start       ] GC(1662) Pause Young (Allocation Failure)
[451.084s][info][gc,heap        ] GC(1662) PSYoungGen: 118880K(222720K)->2560K(222720K) Eden: 111616K(111616K)->0K(111616K) From: 7264K(111104K)->2560K(111104K)
[451.084s][info][gc,heap        ] GC(1662) ParOldGen: 279882K(486912K)->287146K(486912K)
[451.084s][info][gc,metaspace   ] GC(1662) Metaspace: 18993K(19136K)->18993K(19136K) NonClass: 16327K(16384K)->16327K(16384K) Class: 2666K(2752K)->2666K(2752K)
[451.085s][info][gc             ] GC(1662) Pause Young (Allocation Failure) 389M->282M(693M) 22.067ms
[451.085s][info][gc,cpu         ] GC(1662) User=0.05s Sys=0.00s Real=0.02s
[451.216s][info][gc,start       ] GC(1663) Pause Young (Allocation Failure)
[451.273s][info][gc,heap        ] GC(1663) PSYoungGen: 114176K(222720K)->30723K(213504K) Eden: 111616K(111616K)->0K(111616K) From: 2560K(111104K)->30723K(101888K)
[451.273s][info][gc,heap        ] GC(1663) ParOldGen: 287146K(486912K)->289682K(486912K)
[451.273s][info][gc,metaspace   ] GC(1663) Metaspace: 18993K(19136K)->18993K(19136K) NonClass: 16327K(16384K)->16327K(16384K) Class: 2666K(2752K)->2666K(2752K)
[451.273s][info][gc             ] GC(1663) Pause Young (Allocation Failure) 391M->312M(684M) 57.222ms
[451.273s][info][gc,cpu         ] GC(1663) User=0.11s Sys=0.00s Real=0.06s
[451.370s][info][gc,start       ] GC(1664) Pause Young (Allocation Failure)
[451.442s][info][gc,heap        ] GC(1664) PSYoungGen: 142339K(213504K)->27584K(218112K) Eden: 111616K(111616K)->0K(111616K) From: 30723K(101888K)->27584K(106496K)
[451.442s][info][gc,heap        ] GC(1664) ParOldGen: 289682K(486912K)->320372K(486912K)
[451.442s][info][gc,metaspace   ] GC(1664) Metaspace: 18993K(19136K)->18993K(19136K) NonClass: 16327K(16384K)->16327K(16384K) Class: 2666K(2752K)->2666K(2752K)
[451.442s][info][gc             ] GC(1664) Pause Young (Allocation Failure) 421M->339M(688M) 72.875ms
[451.442s][info][gc,cpu         ] GC(1664) User=0.14s Sys=0.00s Real=0.07s
[451.530s][info][gc,start       ] GC(1665) Pause Young (Allocation Failure)
[451.582s][info][gc,heap        ] GC(1665) PSYoungGen: 139200K(218112K)->23680K(218624K) Eden: 111616K(111616K)->0K(125952K) From: 27584K(106496K)->23680K(92672K)
[451.582s][info][gc,heap        ] GC(1665) ParOldGen: 320372K(486912K)->347996K(486912K)
[451.582s][info][gc,metaspace   ] GC(1665) Metaspace: 18993K(19136K)->18993K(19136K) NonClass: 16327K(16384K)->16327K(16384K) Class: 2666K(2752K)->2666K(2752K)
[451.582s][info][gc             ] GC(1665) Pause Young (Allocation Failure) 448M->362M(689M) 52.143ms
[451.582s][info][gc,cpu         ] GC(1665) User=0.10s Sys=0.00s Real=0.05s
[451.665s][info][gc,start       ] GC(1666) Pause Young (Allocation Failure)
[451.702s][info][gc,heap        ] GC(1666) PSYoungGen: 149632K(218624K)->12864K(222720K) Eden: 125952K(125952K)->0K(125952K) From: 23680K(92672K)->12864K(96768K)
[451.702s][info][gc,heap        ] GC(1666) ParOldGen: 347996K(486912K)->371716K(486912K)
[451.702s][info][gc,metaspace   ] GC(1666) Metaspace: 18993K(19136K)->18993K(19136K) NonClass: 16327K(16384K)->16327K(16384K) Class: 2666K(2752K)->2666K(2752K)
[451.702s][info][gc             ] GC(1666) Pause Young (Allocation Failure) 485M->375M(693M) 36.886ms
[451.702s][info][gc,cpu         ] GC(1666) User=0.08s Sys=0.00s Real=0.04s
[451.771s][info][gc,start       ] GC(1667) Pause Young (Allocation Failure)
[451.792s][info][gc,heap        ] GC(1667) PSYoungGen: 138816K(222720K)->4256K(232448K) Eden: 125952K(125952K)->0K(142336K) From: 12864K(96768K)->4256K(90112K)
[451.792s][info][gc,heap        ] GC(1667) ParOldGen: 371716K(486912K)->384596K(486912K)
[451.792s][info][gc,metaspace   ] GC(1667) Metaspace: 18993K(19136K)->18993K(19136K) NonClass: 16327K(16384K)->16327K(16384K) Class: 2666K(2752K)->2666K(2752K)
[451.792s][info][gc             ] GC(1667) Pause Young (Allocation Failure) 498M->379M(702M) 20.539ms
[451.792s][info][gc,cpu         ] GC(1667) User=0.04s Sys=0.00s Real=0.02s
[451.888s][info][gc,start       ] GC(1668) Pause Young (Allocation Failure)
[451.901s][info][gc,heap        ] GC(1668) PSYoungGen: 146592K(232448K)->800K(235520K) Eden: 142336K(142336K)->0K(142336K) From: 4256K(90112K)->800K(93184K)
[451.901s][info][gc,heap        ] GC(1668) ParOldGen: 384596K(486912K)->388844K(486912K)
[451.901s][info][gc,metaspace   ] GC(1668) Metaspace: 18993K(19136K)->18993K(19136K) NonClass: 16327K(16384K)->16327K(16384K) Class: 2666K(2752K)->2666K(2752K)
[451.901s][info][gc             ] GC(1668) Pause Young (Allocation Failure) 518M->380M(705M) 13.289ms
[451.901s][info][gc,cpu         ] GC(1668) User=0.02s Sys=0.00s Real=0.01s
[452.005s][info][gc,start       ] GC(1669) Pause Young (Allocation Failure)
[452.019s][info][gc,heap        ] GC(1669) PSYoungGen: 143136K(235520K)->6336K(233472K) Eden: 142336K(142336K)->0K(148480K) From: 800K(93184K)->6336K(84992K)
[452.019s][info][gc,heap        ] GC(1669) ParOldGen: 388844K(486912K)->389612K(486912K)
[452.019s][info][gc,metaspace   ] GC(1669) Metaspace: 18993K(19136K)->18993K(19136K) NonClass: 16327K(16384K)->16327K(16384K) Class: 2666K(2752K)->2666K(2752K)
[452.019s][info][gc             ] GC(1669) Pause Young (Allocation Failure) 519M->386M(703M) 13.284ms
[452.019s][info][gc,cpu         ] GC(1669) User=0.02s Sys=0.00s Real=0.02s
[452.156s][info][gc,start       ] GC(1670) Pause Young (Allocation Failure)
[452.178s][info][gc,heap        ] GC(1670) PSYoungGen: 154816K(233472K)->14496K(237568K) Eden: 148480K(148480K)->0K(148480K) From: 6336K(84992K)->14496K(89088K)
[452.178s][info][gc,heap        ] GC(1670) ParOldGen: 389612K(486912K)->395948K(486912K)
[452.178s][info][gc,metaspace   ] GC(1670) Metaspace: 18993K(19136K)->18993K(19136K) NonClass: 16327K(16384K)->16327K(16384K) Class: 2666K(2752K)->2666K(2752K)
[452.178s][info][gc             ] GC(1670) Pause Young (Allocation Failure) 531M->400M(707M) 22.384ms
[452.178s][info][gc,cpu         ] GC(1670) User=0.04s Sys=0.00s Real=0.03s
[452.291s][info][gc,start       ] GC(1671) Pause Young (Allocation Failure)
[452.335s][info][gc,heap        ] GC(1671) PSYoungGen: 162976K(237568K)->28192K(236032K) Eden: 148480K(148480K)->0K(160256K) From: 14496K(89088K)->28192K(75776K)
[452.335s][info][gc,heap        ] GC(1671) ParOldGen: 395948K(486912K)->410449K(486912K)
[452.335s][info][gc,metaspace   ] GC(1671) Metaspace: 18993K(19136K)->18993K(19136K) NonClass: 16327K(16384K)->16327K(16384K) Class: 2666K(2752K)->2666K(2752K)
[452.335s][info][gc             ] GC(1671) Pause Young (Allocation Failure) 545M->428M(706M) 43.427ms
[452.335s][info][gc,cpu         ] GC(1671) User=0.08s Sys=0.00s Real=0.04s
[452.850s][info][gc,start       ] GC(1672) Pause Young (Allocation Failure)
[452.881s][info][gc,heap        ] GC(1672) PSYoungGen: 188448K(236032K)->224K(240128K) Eden: 160256K(160256K)->0K(160256K) From: 28192K(75776K)->224K(79872K)
[452.881s][info][gc,heap        ] GC(1672) ParOldGen: 410449K(486912K)->438663K(486912K)
[452.881s][info][gc,metaspace   ] GC(1672) Metaspace: 18993K(19136K)->18993K(19136K) NonClass: 16327K(16384K)->16327K(16384K) Class: 2666K(2752K)->2666K(2752K)
[452.881s][info][gc             ] GC(1672) Pause Young (Allocation Failure) 584M->428M(710M) 30.583ms
[452.881s][info][gc,cpu         ] GC(1672) User=0.06s Sys=0.00s Real=0.03s
[453.268s][info][gc,start       ] GC(1673) Pause Young (Allocation Failure)
[453.271s][info][gc,heap        ] GC(1673) PSYoungGen: 160480K(240128K)->64K(249344K) Eden: 160256K(160256K)->0K(175616K) From: 224K(79872K)->64K(73728K)
[453.271s][info][gc,heap        ] GC(1673) ParOldGen: 438663K(486912K)->438863K(486912K)
[453.271s][info][gc,metaspace   ] GC(1673) Metaspace: 18993K(19136K)->18993K(19136K) NonClass: 16327K(16384K)->16327K(16384K) Class: 2666K(2752K)->2666K(2752K)
[453.271s][info][gc             ] GC(1673) Pause Young (Allocation Failure) 585M->428M(719M) 2.311ms
[453.271s][info][gc,cpu         ] GC(1673) User=0.00s Sys=0.00s Real=0.00s
[453.653s][info][gc,start       ] GC(1674) Pause Young (Allocation Failure)
[453.655s][info][gc,heap        ] GC(1674) PSYoungGen: 175680K(249344K)->64K(252416K) Eden: 175616K(175616K)->0K(175616K) From: 64K(73728K)->64K(76800K)
[453.655s][info][gc,heap        ] GC(1674) ParOldGen: 438863K(486912K)->438863K(486912K)
[453.655s][info][gc,metaspace   ] GC(1674) Metaspace: 18993K(19136K)->18993K(19136K) NonClass: 16327K(16384K)->16327K(16384K) Class: 2666K(2752K)->2666K(2752K)
[453.655s][info][gc             ] GC(1674) Pause Young (Allocation Failure) 600M->428M(722M) 1.889ms
[453.655s][info][gc,cpu         ] GC(1674) User=0.00s Sys=0.00s Real=0.00s
[454.047s][info][gc,start       ] GC(1675) Pause Young (Allocation Failure)
[454.065s][info][gc,heap        ] GC(1675) PSYoungGen: 175680K(252416K)->128K(251392K) Eden: 175616K(175616K)->0K(182784K) From: 64K(76800K)->128K(68608K)
[454.065s][info][gc,heap        ] GC(1675) ParOldGen: 438863K(486912K)->438863K(486912K)
[454.065s][info][gc,metaspace   ] GC(1675) Metaspace: 18993K(19136K)->18993K(19136K) NonClass: 16327K(16384K)->16327K(16384K) Class: 2666K(2752K)->2666K(2752K)
[454.065s][info][gc             ] GC(1675) Pause Young (Allocation Failure) 600M->428M(721M) 17.382ms
[454.065s][info][gc,cpu         ] GC(1675) User=0.03s Sys=0.00s Real=0.01s
[454.269s][info][gc,start       ] GC(1676) Pause Young (Allocation Failure)
[454.301s][info][gc,heap        ] GC(1676) PSYoungGen: 182912K(251392K)->39910K(254464K) Eden: 182784K(182784K)->0K(182784K) From: 128K(68608K)->39910K(71680K)
[454.301s][info][gc,heap        ] GC(1676) ParOldGen: 438863K(486912K)->438863K(486912K)
[454.301s][info][gc,metaspace   ] GC(1676) Metaspace: 18993K(19136K)->18993K(19136K) NonClass: 16327K(16384K)->16327K(16384K) Class: 2666K(2752K)->2666K(2752K)
[454.301s][info][gc             ] GC(1676) Pause Young (Allocation Failure) 607M->467M(724M) 32.106ms
[454.301s][info][gc,cpu         ] GC(1676) User=0.06s Sys=0.00s Real=0.03s
[454.427s][info][gc,start       ] GC(1677) Pause Young (Allocation Failure)
[454.501s][info][gc,heap        ] GC(1677) PSYoungGen: 222694K(254464K)->75254K(215552K) Eden: 182784K(182784K)->0K(140288K) From: 39910K(71680K)->75254K(75264K)
[454.501s][info][gc,heap        ] GC(1677) ParOldGen: 438863K(486912K)->455971K(486912K)
[454.501s][info][gc,metaspace   ] GC(1677) Metaspace: 18993K(19136K)->18993K(19136K) NonClass: 16327K(16384K)->16327K(16384K) Class: 2666K(2752K)->2666K(2752K)
[454.501s][info][gc             ] GC(1677) Pause Young (Allocation Failure) 646M->518M(686M) 73.826ms
[454.501s][info][gc,cpu         ] GC(1677) User=0.14s Sys=0.01s Real=0.08s
[454.596s][info][gc,start       ] GC(1678) Pause Young (Allocation Failure)
[454.677s][info][gc,heap        ] GC(1678) PSYoungGen: 215542K(215552K)->96758K(237056K) Eden: 140288K(140288K)->0K(140288K) From: 75254K(75264K)->96758K(96768K)
[454.677s][info][gc,heap        ] GC(1678) ParOldGen: 455971K(486912K)->466547K(486912K)
[454.677s][info][gc,metaspace   ] GC(1678) Metaspace: 18993K(19136K)->18993K(19136K) NonClass: 16327K(16384K)->16327K(16384K) Class: 2666K(2752K)->2666K(2752K)
[454.677s][info][gc             ] GC(1678) Pause Young (Allocation Failure) 655M->550M(707M) 80.710ms
[454.677s][info][gc,cpu         ] GC(1678) User=0.16s Sys=0.00s Real=0.08s
[454.753s][info][gc,start       ] GC(1679) Pause Young (Allocation Failure)
[454.831s][info][gc,heap        ] GC(1679) PSYoungGen: 237046K(237056K)->66304K(208384K) Eden: 140288K(140288K)->0K(111616K) From: 96758K(96768K)->66304K(96768K)
[454.831s][info][gc,heap        ] GC(1679) ParOldGen: 466547K(486912K)->498808K(499200K)
[454.831s][info][gc,metaspace   ] GC(1679) Metaspace: 18993K(19136K)->18993K(19136K) NonClass: 16327K(16384K)->16327K(16384K) Class: 2666K(2752K)->2666K(2752K)
[454.831s][info][gc             ] GC(1679) Pause Young (Allocation Failure) 687M->551M(691M) 78.922ms
[454.832s][info][gc,cpu         ] GC(1679) User=0.14s Sys=0.00s Real=0.08s
[454.913s][info][gc,start       ] GC(1680) Pause Young (Allocation Failure)
[455.014s][info][gc,heap        ] GC(1680) PSYoungGen: 177920K(208384K)->12908K(222720K) Eden: 111616K(111616K)->0K(111616K) From: 66304K(96768K)->12908K(111104K)
[455.014s][info][gc,heap        ] GC(1680) ParOldGen: 498808K(499200K)->564168K(564224K)
[455.014s][info][gc,metaspace   ] GC(1680) Metaspace: 18993K(19136K)->18993K(19136K) NonClass: 16327K(16384K)->16327K(16384K) Class: 2666K(2752K)->2666K(2752K)
[455.014s][info][gc             ] GC(1680) Pause Young (Allocation Failure) 660M->563M(768M) 101.815ms
[455.014s][info][gc,cpu         ] GC(1680) User=0.15s Sys=0.06s Real=0.10s
[455.132s][info][gc,start       ] GC(1681) Pause Young (Allocation Failure)
[455.188s][info][gc,heap        ] GC(1681) PSYoungGen: 124524K(222720K)->21024K(222720K) Eden: 111616K(111616K)->0K(111616K) From: 12908K(111104K)->21024K(111104K)
[455.188s][info][gc,heap        ] GC(1681) ParOldGen: 564168K(564224K)->577059K(577536K)
[455.188s][info][gc,metaspace   ] GC(1681) Metaspace: 18993K(19136K)->18993K(19136K) NonClass: 16327K(16384K)->16327K(16384K) Class: 2666K(2752K)->2666K(2752K)
[455.188s][info][gc             ] GC(1681) Pause Young (Allocation Failure) 672M->584M(781M) 56.289ms
[455.188s][info][gc,cpu         ] GC(1681) User=0.11s Sys=0.00s Real=0.06s
[455.277s][info][gc,start       ] GC(1682) Pause Young (Allocation Failure)
[455.340s][info][gc,heap        ] GC(1682) PSYoungGen: 132640K(222720K)->24032K(135680K) Eden: 111616K(111616K)->0K(111616K) From: 21024K(111104K)->24032K(24064K)
[455.340s][info][gc,heap        ] GC(1682) ParOldGen: 577059K(577536K)->598083K(598528K)
[455.340s][info][gc,metaspace   ] GC(1682) Metaspace: 18993K(19136K)->18993K(19136K) NonClass: 16327K(16384K)->16327K(16384K) Class: 2666K(2752K)->2666K(2752K)
[455.340s][info][gc             ] GC(1682) Pause Young (Allocation Failure) 693M->607M(717M) 63.452ms
[455.340s][info][gc,cpu         ] GC(1682) User=0.11s Sys=0.02s Real=0.07s
[455.412s][info][gc,start       ] GC(1683) Pause Young (Allocation Failure)
[455.459s][info][gc,heap        ] GC(1683) PSYoungGen: 135648K(135680K)->9504K(221696K) Eden: 111616K(111616K)->0K(115200K) From: 24032K(24064K)->9504K(106496K)
[455.459s][info][gc,heap        ] GC(1683) ParOldGen: 598083K(598528K)->622147K(622592K)
[455.459s][info][gc,metaspace   ] GC(1683) Metaspace: 18993K(19136K)->18993K(19136K) NonClass: 16327K(16384K)->16327K(16384K) Class: 2666K(2752K)->2666K(2752K)
[455.459s][info][gc             ] GC(1683) Pause Young (Allocation Failure) 716M->616M(824M) 47.761ms
[455.459s][info][gc,cpu         ] GC(1683) User=0.08s Sys=0.02s Real=0.05s
[455.546s][info][gc,start       ] GC(1684) Pause Full (Allocation Failure)
[455.546s][info][gc,phases,start] GC(1684) Marking Phase
[455.802s][info][gc,phases      ] GC(1684) Marking Phase 256.683ms
[455.802s][info][gc,phases,start] GC(1684) Summary Phase
[455.803s][info][gc,phases      ] GC(1684) Summary Phase 0.027ms
[455.803s][info][gc,phases,start] GC(1684) Forward
[455.905s][info][gc,phases      ] GC(1684) Forward 102.139ms
[455.905s][info][gc,phases,start] GC(1684) Adjust Pointers
[456.108s][info][gc,phases      ] GC(1684) Adjust Pointers 203.708ms
[456.109s][info][gc,phases,start] GC(1684) Compaction Phase
[456.231s][info][gc,phases      ] GC(1684) Compaction Phase 122.487ms
[456.240s][info][gc,phases,start] GC(1684) Post Compact
[456.242s][info][gc,phases      ] GC(1684) Post Compact 2.135ms
[456.242s][info][gc,heap        ] GC(1684) PSYoungGen: 124704K(221696K)->0K(218112K) Eden: 115200K(115200K)->0K(115200K) From: 9504K(106496K)->0K(102912K)
[456.242s][info][gc,heap        ] GC(1684) ParOldGen: 622147K(622592K)->374596K(667648K)
[456.242s][info][gc,metaspace   ] GC(1684) Metaspace: 18993K(19136K)->18993K(19136K) NonClass: 16327K(16384K)->16327K(16384K) Class: 2666K(2752K)->2666K(2752K)
[456.242s][info][gc             ] GC(1684) Pause Full (Allocation Failure) 729M->365M(865M) 696.336ms
[456.242s][info][gc,cpu         ] GC(1684) User=1.30s Sys=0.00s Real=0.70s
[456.304s][info][gc,start       ] GC(1685) Pause Young (Allocation Failure)
[456.313s][info][gc,heap        ] GC(1685) PSYoungGen: 115200K(218112K)->8320K(227328K) Eden: 115200K(115200K)->0K(128000K) From: 0K(102912K)->8320K(99328K)
[456.313s][info][gc,heap        ] GC(1685) ParOldGen: 374596K(667648K)->374596K(667648K)
[456.313s][info][gc,metaspace   ] GC(1685) Metaspace: 18993K(19136K)->18993K(19136K) NonClass: 16327K(16384K)->16327K(16384K) Class: 2666K(2752K)->2666K(2752K)
[456.313s][info][gc             ] GC(1685) Pause Young (Allocation Failure) 478M->373M(874M) 9.917ms
[456.313s][info][gc,cpu         ] GC(1685) User=0.02s Sys=0.00s Real=0.01s
[456.454s][info][gc,start       ] GC(1686) Pause Young (Allocation Failure)
[456.468s][info][gc,heap        ] GC(1686) PSYoungGen: 136320K(227328K)->544K(227328K) Eden: 128000K(128000K)->0K(128000K) From: 8320K(99328K)->544K(99328K)
[456.468s][info][gc,heap        ] GC(1686) ParOldGen: 374596K(667648K)->382916K(667648K)
[456.468s][info][gc,metaspace   ] GC(1686) Metaspace: 18993K(19136K)->18993K(19136K) NonClass: 16327K(16384K)->16327K(16384K) Class: 2666K(2752K)->2666K(2752K)
[456.468s][info][gc             ] GC(1686) Pause Young (Allocation Failure) 498M->374M(874M) 13.259ms
[456.468s][info][gc,cpu         ] GC(1686) User=0.02s Sys=0.00s Real=0.02s
[456.599s][info][gc,start       ] GC(1687) Pause Young (Allocation Failure)
[456.606s][info][gc,heap        ] GC(1687) PSYoungGen: 128544K(227328K)->3328K(230912K) Eden: 128000K(128000K)->0K(137728K) From: 544K(99328K)->3328K(93184K)
[456.606s][info][gc,heap        ] GC(1687) ParOldGen: 382916K(667648K)->383420K(667648K)
[456.606s][info][gc,metaspace   ] GC(1687) Metaspace: 18993K(19136K)->18993K(19136K) NonClass: 16327K(16384K)->16327K(16384K) Class: 2666K(2752K)->2666K(2752K)
[456.606s][info][gc             ] GC(1687) Pause Young (Allocation Failure) 499M->377M(877M) 6.795ms
[456.606s][info][gc,cpu         ] GC(1687) User=0.01s Sys=0.00s Real=0.00s
[456.773s][info][gc,start       ] GC(1688) Pause Young (Allocation Failure)
[456.799s][info][gc,heap        ] GC(1688) PSYoungGen: 141056K(230912K)->17152K(231424K) Eden: 137728K(137728K)->0K(137728K) From: 3328K(93184K)->17152K(93696K)
[456.799s][info][gc,heap        ] GC(1688) ParOldGen: 383420K(667648K)->386736K(667648K)
[456.799s][info][gc,metaspace   ] GC(1688) Metaspace: 18993K(19136K)->18993K(19136K) NonClass: 16327K(16384K)->16327K(16384K) Class: 2666K(2752K)->2666K(2752K)
[456.799s][info][gc             ] GC(1688) Pause Young (Allocation Failure) 512M->394M(878M) 25.245ms
[456.799s][info][gc,cpu         ] GC(1688) User=0.05s Sys=0.00s Real=0.03s
[456.935s][info][gc,start       ] GC(1689) Pause Young (Allocation Failure)
[456.976s][info][gc,heap        ] GC(1689) PSYoungGen: 154880K(231424K)->23792K(233472K) Eden: 137728K(137728K)->0K(152576K) From: 17152K(93696K)->23792K(80896K)
[456.976s][info][gc,heap        ] GC(1689) ParOldGen: 386736K(667648K)->403886K(667648K)
[456.976s][info][gc,metaspace   ] GC(1689) Metaspace: 18993K(19136K)->18993K(19136K) NonClass: 16327K(16384K)->16327K(16384K) Class: 2666K(2752K)->2666K(2752K)
[456.976s][info][gc             ] GC(1689) Pause Young (Allocation Failure) 528M->417M(880M) 40.942ms
[456.976s][info][gc,cpu         ] GC(1689) User=0.08s Sys=0.00s Real=0.04s
[457.163s][info][gc,start       ] GC(1690) Pause Young (Allocation Failure)
[457.204s][info][gc,heap        ] GC(1690) PSYoungGen: 176368K(233472K)->24912K(233984K) Eden: 152576K(152576K)->0K(152576K) From: 23792K(80896K)->24912K(81408K)
[457.204s][info][gc,heap        ] GC(1690) ParOldGen: 403886K(667648K)->427718K(667648K)
[457.204s][info][gc,metaspace   ] GC(1690) Metaspace: 18993K(19136K)->18993K(19136K) NonClass: 16327K(16384K)->16327K(16384K) Class: 2666K(2752K)->2666K(2752K)
[457.204s][info][gc             ] GC(1690) Pause Young (Allocation Failure) 566M->442M(880M) 40.280ms
[457.204s][info][gc,cpu         ] GC(1690) User=0.08s Sys=0.00s Real=0.04s
[457.338s][info][gc,start       ] GC(1691) Pause Young (Allocation Failure)
[457.392s][info][gc,heap        ] GC(1691) PSYoungGen: 177488K(233984K)->52256K(240640K) Eden: 152576K(152576K)->0K(164352K) From: 24912K(81408K)->52256K(76288K)
[457.392s][info][gc,heap        ] GC(1691) ParOldGen: 427718K(667648K)->452862K(667648K)
[457.392s][info][gc,metaspace   ] GC(1691) Metaspace: 18993K(19136K)->18993K(19136K) NonClass: 16327K(16384K)->16327K(16384K) Class: 2666K(2752K)->2666K(2752K)
[457.392s][info][gc             ] GC(1691) Pause Young (Allocation Failure) 591M->493M(887M) 53.943ms
[457.392s][info][gc,cpu         ] GC(1691) User=0.11s Sys=0.00s Real=0.05s
[457.619s][info][gc,start       ] GC(1692) Pause Young (Allocation Failure)
[457.666s][info][gc,heap        ] GC(1692) PSYoungGen: 216608K(240640K)->7080K(246272K) Eden: 164352K(164352K)->0K(164352K) From: 52256K(76288K)->7080K(81920K)
[457.666s][info][gc,heap        ] GC(1692) ParOldGen: 452862K(667648K)->505679K(667648K)
[457.666s][info][gc,metaspace   ] GC(1692) Metaspace: 18993K(19136K)->18993K(19136K) NonClass: 16327K(16384K)->16327K(16384K) Class: 2666K(2752K)->2666K(2752K)
[457.666s][info][gc             ] GC(1692) Pause Young (Allocation Failure) 653M->500M(892M) 46.863ms
[457.666s][info][gc,cpu         ] GC(1692) User=0.09s Sys=0.00s Real=0.04s
[457.869s][info][gc,start       ] GC(1693) Pause Young (Allocation Failure)
[457.928s][info][gc,heap        ] GC(1693) PSYoungGen: 171432K(246272K)->39168K(249856K) Eden: 164352K(164352K)->0K(172032K) From: 7080K(81920K)->39168K(77824K)
[457.928s][info][gc,heap        ] GC(1693) ParOldGen: 505679K(667648K)->512477K(667648K)
[457.928s][info][gc,metaspace   ] GC(1693) Metaspace: 18993K(19136K)->18993K(19136K) NonClass: 16327K(16384K)->16327K(16384K) Class: 2666K(2752K)->2666K(2752K)
[457.928s][info][gc             ] GC(1693) Pause Young (Allocation Failure) 661M->538M(896M) 58.608ms
[457.928s][info][gc,cpu         ] GC(1693) User=0.12s Sys=0.00s Real=0.06s
[458.090s][info][gc,start       ] GC(1694) Pause Young (Allocation Failure)
[458.148s][info][gc,heap        ] GC(1694) PSYoungGen: 211200K(249856K)->14272K(251904K) Eden: 172032K(172032K)->0K(172032K) From: 39168K(77824K)->14272K(79872K)
[458.148s][info][gc,heap        ] GC(1694) ParOldGen: 512477K(667648K)->551701K(667648K)
[458.148s][info][gc,metaspace   ] GC(1694) Metaspace: 18993K(19136K)->18993K(19136K) NonClass: 16327K(16384K)->16327K(16384K) Class: 2666K(2752K)->2666K(2752K)
[458.148s][info][gc             ] GC(1694) Pause Young (Allocation Failure) 706M->552M(898M) 58.428ms
[458.148s][info][gc,cpu         ] GC(1694) User=0.12s Sys=0.00s Real=0.06s
[458.332s][info][gc,start       ] GC(1695) Pause Young (Allocation Failure)
[458.355s][info][gc,heap        ] GC(1695) PSYoungGen: 186304K(251904K)->3296K(252416K) Eden: 172032K(172032K)->0K(177664K) From: 14272K(79872K)->3296K(74752K)
[458.355s][info][gc,heap        ] GC(1695) ParOldGen: 551701K(667648K)->565997K(667648K)
[458.355s][info][gc,metaspace   ] GC(1695) Metaspace: 18993K(19136K)->18993K(19136K) NonClass: 16327K(16384K)->16327K(16384K) Class: 2666K(2752K)->2666K(2752K)
[458.355s][info][gc             ] GC(1695) Pause Young (Allocation Failure) 720M->555M(898M) 23.506ms
[458.355s][info][gc,cpu         ] GC(1695) User=0.05s Sys=0.00s Real=0.02s
[458.577s][info][gc,start       ] GC(1696) Pause Young (Allocation Failure)
[458.593s][info][gc,heap        ] GC(1696) PSYoungGen: 180960K(252416K)->10432K(252416K) Eden: 177664K(177664K)->0K(177664K) From: 3296K(74752K)->10432K(74752K)
[458.593s][info][gc,heap        ] GC(1696) ParOldGen: 565997K(667648K)->569269K(667648K)
[458.593s][info][gc,metaspace   ] GC(1696) Metaspace: 18993K(19136K)->18993K(19136K) NonClass: 16327K(16384K)->16327K(16384K) Class: 2666K(2752K)->2666K(2752K)
[458.593s][info][gc             ] GC(1696) Pause Young (Allocation Failure) 729M->566M(898M) 16.119ms
[458.593s][info][gc,cpu         ] GC(1696) User=0.03s Sys=0.00s Real=0.02s
[458.913s][info][gc,start       ] GC(1697) Pause Young (Allocation Failure)
[458.952s][info][gc,heap        ] GC(1697) PSYoungGen: 188096K(252416K)->17584K(252928K) Eden: 177664K(177664K)->0K(187392K) From: 10432K(74752K)->17584K(65536K)
[458.952s][info][gc,heap        ] GC(1697) ParOldGen: 569269K(667648K)->579709K(667648K)
[458.952s][info][gc,metaspace   ] GC(1697) Metaspace: 18993K(19136K)->18993K(19136K) NonClass: 16327K(16384K)->16327K(16384K) Class: 2666K(2752K)->2666K(2752K)
[458.952s][info][gc             ] GC(1697) Pause Young (Allocation Failure) 739M->583M(899M) 39.709ms
[458.952s][info][gc,cpu         ] GC(1697) User=0.07s Sys=0.00s Real=0.04s
[459.226s][info][gc,start       ] GC(1698) Pause Young (Allocation Failure)
[459.280s][info][gc,heap        ] GC(1698) PSYoungGen: 204976K(252928K)->48242K(254464K) Eden: 187392K(187392K)->0K(187392K) From: 17584K(65536K)->48242K(67072K)
[459.280s][info][gc,heap        ] GC(1698) ParOldGen: 579709K(667648K)->597318K(667648K)
[459.280s][info][gc,metaspace   ] GC(1698) Metaspace: 18993K(19136K)->18993K(19136K) NonClass: 16327K(16384K)->16327K(16384K) Class: 2666K(2752K)->2666K(2752K)
[459.280s][info][gc             ] GC(1698) Pause Young (Allocation Failure) 766M->630M(900M) 53.882ms
[459.280s][info][gc,cpu         ] GC(1698) User=0.10s Sys=0.00s Real=0.06s
[459.514s][info][gc,start       ] GC(1699) Pause Young (Allocation Failure)
[459.579s][info][gc,heap        ] GC(1699) PSYoungGen: 235634K(254464K)->31520K(263168K) Eden: 187392K(187392K)->0K(190464K) From: 48242K(67072K)->31520K(72704K)
[459.579s][info][gc,heap        ] GC(1699) ParOldGen: 597318K(667648K)->646123K(667648K)
[459.579s][info][gc,metaspace   ] GC(1699) Metaspace: 18993K(19136K)->18993K(19136K) NonClass: 16327K(16384K)->16327K(16384K) Class: 2666K(2752K)->2666K(2752K)
[459.579s][info][gc             ] GC(1699) Pause Young (Allocation Failure) 813M->661M(909M) 65.167ms
[459.579s][info][gc,cpu         ] GC(1699) User=0.11s Sys=0.02s Real=0.07s
[459.834s][info][gc,start       ] GC(1700) Pause Full (Allocation Failure)
[459.834s][info][gc,phases,start] GC(1700) Marking Phase
[460.185s][info][gc,phases      ] GC(1700) Marking Phase 350.552ms
[460.185s][info][gc,phases,start] GC(1700) Summary Phase
[460.185s][info][gc,phases      ] GC(1700) Summary Phase 0.027ms
[460.185s][info][gc,phases,start] GC(1700) Forward
[460.326s][info][gc,phases      ] GC(1700) Forward 141.078ms
[460.326s][info][gc,phases,start] GC(1700) Adjust Pointers
[460.593s][info][gc,phases      ] GC(1700) Adjust Pointers 267.171ms
[460.593s][info][gc,phases,start] GC(1700) Compaction Phase
[460.758s][info][gc,phases      ] GC(1700) Compaction Phase 164.442ms
[460.769s][info][gc,phases,start] GC(1700) Post Compact
[460.772s][info][gc,phases      ] GC(1700) Post Compact 2.466ms
[460.772s][info][gc,heap        ] GC(1700) PSYoungGen: 221984K(263168K)->0K(261120K) Eden: 190464K(190464K)->0K(190464K) From: 31520K(72704K)->0K(70656K)
[460.772s][info][gc,heap        ] GC(1700) ParOldGen: 646123K(667648K)->498980K(667648K)
[460.772s][info][gc,metaspace   ] GC(1700) Metaspace: 18993K(19136K)->18993K(19136K) NonClass: 16327K(16384K)->16327K(16384K) Class: 2666K(2752K)->2666K(2752K)
[460.772s][info][gc             ] GC(1700) Pause Full (Allocation Failure) 847M->487M(907M) 938.072ms
[460.772s][info][gc,cpu         ] GC(1700) User=1.75s Sys=0.00s Real=0.94s
[460.961s][info][gc,start       ] GC(1701) Pause Young (Allocation Failure)
[460.985s][info][gc,heap        ] GC(1701) PSYoungGen: 190464K(261120K)->20832K(257024K) Eden: 190464K(190464K)->0K(192512K) From: 0K(70656K)->20832K(64512K)
[460.985s][info][gc,heap        ] GC(1701) ParOldGen: 498980K(667648K)->498980K(667648K)
[460.985s][info][gc,metaspace   ] GC(1701) Metaspace: 18993K(19136K)->18993K(19136K) NonClass: 16327K(16384K)->16327K(16384K) Class: 2666K(2752K)->2666K(2752K)
[460.985s][info][gc             ] GC(1701) Pause Young (Allocation Failure) 673M->507M(903M) 23.804ms
[460.985s][info][gc,cpu         ] GC(1701) User=0.05s Sys=0.00s Real=0.02s
[461.173s][info][gc,start       ] GC(1702) Pause Young (Allocation Failure)
[461.199s][info][gc,heap        ] GC(1702) PSYoungGen: 213344K(257024K)->23232K(259072K) Eden: 192512K(192512K)->0K(192512K) From: 20832K(64512K)->23232K(66560K)
[461.199s][info][gc,heap        ] GC(1702) ParOldGen: 498980K(667648K)->498980K(667648K)
[461.199s][info][gc,metaspace   ] GC(1702) Metaspace: 18993K(19136K)->18993K(19136K) NonClass: 16327K(16384K)->16327K(16384K) Class: 2666K(2752K)->2666K(2752K)
[461.199s][info][gc             ] GC(1702) Pause Young (Allocation Failure) 695M->509M(905M) 26.017ms
[461.199s][info][gc,cpu         ] GC(1702) User=0.06s Sys=0.00s Real=0.03s
[461.445s][info][gc,start       ] GC(1703) Pause Young (Allocation Failure)
[461.480s][info][gc,heap        ] GC(1703) PSYoungGen: 215744K(259072K)->35008K(264704K) Eden: 192512K(192512K)->0K(202240K) From: 23232K(66560K)->35008K(62464K)
[461.480s][info][gc,heap        ] GC(1703) ParOldGen: 498980K(667648K)->498980K(667648K)
[461.480s][info][gc,metaspace   ] GC(1703) Metaspace: 18993K(19136K)->18993K(19136K) NonClass: 16327K(16384K)->16327K(16384K) Class: 2666K(2752K)->2666K(2752K)
[461.480s][info][gc             ] GC(1703) Pause Young (Allocation Failure) 697M->521M(910M) 34.435ms
[461.480s][info][gc,cpu         ] GC(1703) User=0.07s Sys=0.00s Real=0.04s
[461.919s][info][gc,start       ] GC(1704) Pause Young (Allocation Failure)
[461.971s][info][gc,heap        ] GC(1704) PSYoungGen: 237248K(264704K)->52112K(254464K) Eden: 202240K(202240K)->0K(202240K) From: 35008K(62464K)->52112K(52224K)
[461.971s][info][gc,heap        ] GC(1704) ParOldGen: 498980K(667648K)->498980K(667648K)
[461.971s][info][gc,metaspace   ] GC(1704) Metaspace: 18993K(19136K)->18993K(19136K) NonClass: 16327K(16384K)->16327K(16384K) Class: 2666K(2752K)->2666K(2752K)
[461.971s][info][gc             ] GC(1704) Pause Young (Allocation Failure) 718M->538M(900M) 51.549ms
[461.971s][info][gc,cpu         ] GC(1704) User=0.10s Sys=0.00s Real=0.05s
[462.415s][info][gc,start       ] GC(1705) Pause Young (Allocation Failure)
[462.465s][info][gc,heap        ] GC(1705) PSYoungGen: 254352K(254464K)->52096K(254464K) Eden: 202240K(202240K)->0K(185344K) From: 52112K(52224K)->52096K(69120K)
[462.466s][info][gc,heap        ] GC(1705) ParOldGen: 498980K(667648K)->498980K(667648K)
[462.466s][info][gc,metaspace   ] GC(1705) Metaspace: 18993K(19136K)->18993K(19136K) NonClass: 16327K(16384K)->16327K(16384K) Class: 2666K(2752K)->2666K(2752K)
[462.466s][info][gc             ] GC(1705) Pause Young (Allocation Failure) 735M->538M(900M) 50.045ms
[462.466s][info][gc,cpu         ] GC(1705) User=0.10s Sys=0.00s Real=0.05s
[462.826s][info][gc,start       ] GC(1706) Pause Young (Allocation Failure)
[462.884s][info][gc,heap        ] GC(1706) PSYoungGen: 237440K(254464K)->52448K(238080K) Eden: 185344K(185344K)->0K(185344K) From: 52096K(69120K)->52448K(52736K)
[462.884s][info][gc,heap        ] GC(1706) ParOldGen: 498980K(667648K)->498980K(667648K)
[462.884s][info][gc,metaspace   ] GC(1706) Metaspace: 18993K(19136K)->18993K(19136K) NonClass: 16327K(16384K)->16327K(16384K) Class: 2666K(2752K)->2666K(2752K)
[462.884s][info][gc             ] GC(1706) Pause Young (Allocation Failure) 719M->538M(884M) 58.251ms
[462.884s][info][gc,cpu         ] GC(1706) User=0.12s Sys=0.00s Real=0.06s
[463.041s][info][gc,start       ] GC(1707) Pause Young (Allocation Failure)
[463.142s][info][gc,heap        ] GC(1707) PSYoungGen: 237792K(238080K)->77792K(205824K) Eden: 185344K(185344K)->0K(128000K) From: 52448K(52736K)->77792K(77824K)
[463.142s][info][gc,heap        ] GC(1707) ParOldGen: 498980K(667648K)->533668K(667648K)
[463.142s][info][gc,metaspace   ] GC(1707) Metaspace: 18994K(19136K)->18994K(19136K) NonClass: 16328K(16384K)->16328K(16384K) Class: 2666K(2752K)->2666K(2752K)
[463.142s][info][gc             ] GC(1707) Pause Young (Allocation Failure) 719M->597M(853M) 100.417ms
[463.142s][info][gc,cpu         ] GC(1707) User=0.19s Sys=0.00s Real=0.10s
[463.342s][info][gc,start       ] GC(1708) Pause Young (Allocation Failure)
[463.428s][info][gc,heap        ] GC(1708) PSYoungGen: 205792K(205824K)->69760K(198144K) Eden: 128000K(128000K)->0K(128000K) From: 77792K(77824K)->69760K(70144K)
[463.428s][info][gc,heap        ] GC(1708) ParOldGen: 533668K(667648K)->556924K(667648K)
[463.428s][info][gc,metaspace   ] GC(1708) Metaspace: 18994K(19136K)->18994K(19136K) NonClass: 16328K(16384K)->16328K(16384K) Class: 2666K(2752K)->2666K(2752K)
[463.428s][info][gc             ] GC(1708) Pause Young (Allocation Failure) 722M->611M(845M) 86.436ms
[463.428s][info][gc,cpu         ] GC(1708) User=0.17s Sys=0.00s Real=0.09s
[463.608s][info][gc,start       ] GC(1709) Pause Young (Allocation Failure)
[463.708s][info][gc,heap        ] GC(1709) PSYoungGen: 197760K(198144K)->59552K(226304K) Eden: 128000K(128000K)->0K(118784K) From: 69760K(70144K)->59552K(107520K)
[463.708s][info][gc,heap        ] GC(1709) ParOldGen: 556924K(667648K)->585861K(667648K)
[463.708s][info][gc,metaspace   ] GC(1709) Metaspace: 18994K(19136K)->18994K(19136K) NonClass: 16328K(16384K)->16328K(16384K) Class: 2666K(2752K)->2666K(2752K)
[463.708s][info][gc             ] GC(1709) Pause Young (Allocation Failure) 736M->630M(873M) 99.217ms
[463.708s][info][gc,cpu         ] GC(1709) User=0.19s Sys=0.01s Real=0.10s
[463.837s][info][gc,start       ] GC(1710) Pause Young (Allocation Failure)
[463.926s][info][gc,heap        ] GC(1710) PSYoungGen: 178336K(226304K)->83808K(202752K) Eden: 118784K(118784K)->0K(118784K) From: 59552K(107520K)->83808K(83968K)
[463.926s][info][gc,heap        ] GC(1710) ParOldGen: 585861K(667648K)->586189K(667648K)
[463.926s][info][gc,metaspace   ] GC(1710) Metaspace: 18994K(19136K)->18994K(19136K) NonClass: 16328K(16384K)->16328K(16384K) Class: 2666K(2752K)->2666K(2752K)
[463.926s][info][gc             ] GC(1710) Pause Young (Allocation Failure) 746M->654M(850M) 89.010ms
[463.926s][info][gc,cpu         ] GC(1710) User=0.18s Sys=0.00s Real=0.09s
[464.064s][info][gc,start       ] GC(1711) Pause Young (Allocation Failure)
[464.168s][info][gc,heap        ] GC(1711) PSYoungGen: 202592K(202752K)->58112K(222720K) Eden: 118784K(118784K)->0K(111616K) From: 83808K(83968K)->58112K(111104K)
[464.168s][info][gc,heap        ] GC(1711) ParOldGen: 586189K(667648K)->627077K(667648K)
[464.168s][info][gc,metaspace   ] GC(1711) Metaspace: 18994K(19136K)->18994K(19136K) NonClass: 16328K(16384K)->16328K(16384K) Class: 2666K(2752K)->2666K(2752K)
[464.168s][info][gc             ] GC(1711) Pause Young (Allocation Failure) 770M->669M(869M) 103.887ms
[464.168s][info][gc,cpu         ] GC(1711) User=0.21s Sys=0.00s Real=0.11s
[464.260s][info][gc,start       ] GC(1712) Pause Full (Allocation Failure)
[464.260s][info][gc,phases,start] GC(1712) Marking Phase
[464.737s][info][gc,phases      ] GC(1712) Marking Phase 477.227ms
[464.737s][info][gc,phases,start] GC(1712) Summary Phase
[464.737s][info][gc,phases      ] GC(1712) Summary Phase 0.027ms
[464.737s][info][gc,phases,start] GC(1712) Forward
[464.843s][info][gc,phases      ] GC(1712) Forward 105.699ms
[464.843s][info][gc,phases,start] GC(1712) Adjust Pointers
[465.191s][info][gc,phases      ] GC(1712) Adjust Pointers 348.186ms
[465.191s][info][gc,phases,start] GC(1712) Compaction Phase
[465.394s][info][gc,phases      ] GC(1712) Compaction Phase 202.648ms
[465.404s][info][gc,phases,start] GC(1712) Post Compact
[465.406s][info][gc,phases      ] GC(1712) Post Compact 2.322ms
[465.406s][info][gc,heap        ] GC(1712) PSYoungGen: 169728K(222720K)->0K(222720K) Eden: 111616K(111616K)->0K(111616K) From: 58112K(111104K)->0K(111104K)
[465.406s][info][gc,heap        ] GC(1712) ParOldGen: 627077K(667648K)->664784K(667648K)
[465.406s][info][gc,metaspace   ] GC(1712) Metaspace: 18994K(19136K)->18994K(19136K) NonClass: 16328K(16384K)->16328K(16384K) Class: 2666K(2752K)->2666K(2752K)
[465.406s][info][gc             ] GC(1712) Pause Full (Allocation Failure) 778M->649M(869M) 1146.912ms
[465.406s][info][gc,cpu         ] GC(1712) User=2.23s Sys=0.01s Real=1.14s
[465.528s][info][gc,start       ] GC(1713) Pause Full (Allocation Failure)
[465.528s][info][gc,phases,start] GC(1713) Marking Phase
[465.994s][info][gc,phases      ] GC(1713) Marking Phase 466.511ms
[465.994s][info][gc,phases,start] GC(1713) Summary Phase
[465.994s][info][gc,phases      ] GC(1713) Summary Phase 0.024ms
[465.994s][info][gc,phases,start] GC(1713) Forward
[466.141s][info][gc,phases      ] GC(1713) Forward 146.533ms
[466.141s][info][gc,phases,start] GC(1713) Adjust Pointers
[466.504s][info][gc,phases      ] GC(1713) Adjust Pointers 362.903ms
[466.504s][info][gc,phases,start] GC(1713) Compaction Phase
[466.788s][info][gc,phases      ] GC(1713) Compaction Phase 284.163ms
[466.800s][info][gc,phases,start] GC(1713) Post Compact
[466.802s][info][gc,phases      ] GC(1713) Post Compact 2.251ms
[466.802s][info][gc,heap        ] GC(1713) PSYoungGen: 111616K(222720K)->0K(222720K) Eden: 111616K(111616K)->0K(111616K) From: 0K(111104K)->0K(111104K)
[466.802s][info][gc,heap        ] GC(1713) ParOldGen: 664784K(667648K)->631682K(667648K)
[466.802s][info][gc,metaspace   ] GC(1713) Metaspace: 18994K(19136K)->18994K(19136K) NonClass: 16328K(16384K)->16328K(16384K) Class: 2666K(2752K)->2666K(2752K)
[466.802s][info][gc             ] GC(1713) Pause Full (Allocation Failure) 758M->616M(869M) 1274.807ms
[466.802s][info][gc,cpu         ] GC(1713) User=2.49s Sys=0.00s Real=1.27s
[466.919s][info][gc,start       ] GC(1714) Pause Full (Allocation Failure)
[466.919s][info][gc,phases,start] GC(1714) Marking Phase
[467.395s][info][gc,phases      ] GC(1714) Marking Phase 476.058ms
[467.395s][info][gc,phases,start] GC(1714) Summary Phase
[467.395s][info][gc,phases      ] GC(1714) Summary Phase 0.022ms
[467.395s][info][gc,phases,start] GC(1714) Forward
[467.398s][info][gc,phases      ] GC(1714) Forward 3.221ms
[467.399s][info][gc,phases,start] GC(1714) Adjust Pointers
[467.713s][info][gc,phases      ] GC(1714) Adjust Pointers 314.516ms
[467.713s][info][gc,phases,start] GC(1714) Compaction Phase
[467.848s][info][gc,phases      ] GC(1714) Compaction Phase 134.762ms
[467.848s][info][gc,phases,start] GC(1714) Post Compact
[467.850s][info][gc,phases      ] GC(1714) Post Compact 2.081ms
[467.850s][info][gc,heap        ] GC(1714) PSYoungGen: 111616K(222720K)->0K(222720K) Eden: 111616K(111616K)->0K(111616K) From: 0K(111104K)->0K(111104K)
[467.850s][info][gc,heap        ] GC(1714) ParOldGen: 631682K(667648K)->635555K(667648K)
[467.850s][info][gc,metaspace   ] GC(1714) Metaspace: 18994K(19136K)->18994K(19136K) NonClass: 16328K(16384K)->16328K(16384K) Class: 2666K(2752K)->2666K(2752K)
[467.850s][info][gc             ] GC(1714) Pause Full (Allocation Failure) 725M->620M(869M) 931.032ms
[467.850s][info][gc,cpu         ] GC(1714) User=1.83s Sys=0.00s Real=0.93s
[468.042s][info][gc,start       ] GC(1715) Pause Full (Allocation Failure)
[468.042s][info][gc,phases,start] GC(1715) Marking Phase
[468.415s][info][gc,phases      ] GC(1715) Marking Phase 372.816ms
[468.415s][info][gc,phases,start] GC(1715) Summary Phase
[468.415s][info][gc,phases      ] GC(1715) Summary Phase 0.026ms
[468.415s][info][gc,phases,start] GC(1715) Forward
[468.542s][info][gc,phases      ] GC(1715) Forward 127.728ms
[468.542s][info][gc,phases,start] GC(1715) Adjust Pointers
[468.822s][info][gc,phases      ] GC(1715) Adjust Pointers 279.608ms
[468.822s][info][gc,phases,start] GC(1715) Compaction Phase
[468.988s][info][gc,phases      ] GC(1715) Compaction Phase 166.122ms
[469.000s][info][gc,phases,start] GC(1715) Post Compact
[469.002s][info][gc,phases      ] GC(1715) Post Compact 2.180ms
[469.002s][info][gc,heap        ] GC(1715) PSYoungGen: 111616K(222720K)->0K(222720K) Eden: 111616K(111616K)->0K(111616K) From: 0K(111104K)->0K(111104K)
[469.002s][info][gc,heap        ] GC(1715) ParOldGen: 635555K(667648K)->524333K(667648K)
[469.002s][info][gc,metaspace   ] GC(1715) Metaspace: 18994K(19136K)->18994K(19136K) NonClass: 16328K(16384K)->16328K(16384K) Class: 2666K(2752K)->2666K(2752K)
[469.002s][info][gc             ] GC(1715) Pause Full (Allocation Failure) 729M->512M(869M) 960.379ms
[469.002s][info][gc,cpu         ] GC(1715) User=1.83s Sys=0.00s Real=0.96s
[469.135s][info][gc,start       ] GC(1716) Pause Young (Allocation Failure)
[469.156s][info][gc,heap        ] GC(1716) PSYoungGen: 111616K(222720K)->17152K(222720K) Eden: 111616K(111616K)->0K(111616K) From: 0K(111104K)->17152K(111104K)
[469.156s][info][gc,heap        ] GC(1716) ParOldGen: 524333K(667648K)->524333K(667648K)
[469.156s][info][gc,metaspace   ] GC(1716) Metaspace: 18994K(19136K)->18994K(19136K) NonClass: 16328K(16384K)->16328K(16384K) Class: 2666K(2752K)->2666K(2752K)
[469.156s][info][gc             ] GC(1716) Pause Young (Allocation Failure) 621M->528M(869M) 20.532ms
[469.156s][info][gc,cpu         ] GC(1716) User=0.04s Sys=0.00s Real=0.02s
[469.380s][info][gc,start       ] GC(1717) Pause Young (Allocation Failure)
[469.408s][info][gc,heap        ] GC(1717) PSYoungGen: 128768K(222720K)->11131K(222720K) Eden: 111616K(111616K)->0K(111616K) From: 17152K(111104K)->11131K(111104K)
[469.408s][info][gc,heap        ] GC(1717) ParOldGen: 524333K(667648K)->541509K(667648K)
[469.408s][info][gc,metaspace   ] GC(1717) Metaspace: 18994K(19136K)->18994K(19136K) NonClass: 16328K(16384K)->16328K(16384K) Class: 2666K(2752K)->2666K(2752K)
[469.408s][info][gc             ] GC(1717) Pause Young (Allocation Failure) 637M->539M(869M) 28.301ms
[469.408s][info][gc,cpu         ] GC(1717) User=0.05s Sys=0.00s Real=0.03s
[469.557s][info][gc,start       ] GC(1718) Pause Young (Allocation Failure)
[469.564s][info][gc,heap        ] GC(1718) PSYoungGen: 122747K(222720K)->6427K(118272K) Eden: 111616K(111616K)->0K(111616K) From: 11131K(111104K)->6427K(6656K)
[469.564s][info][gc,heap        ] GC(1718) ParOldGen: 541509K(667648K)->541509K(667648K)
[469.564s][info][gc,metaspace   ] GC(1718) Metaspace: 18999K(19136K)->18999K(19136K) NonClass: 16333K(16384K)->16333K(16384K) Class: 2666K(2752K)->2666K(2752K)
[469.564s][info][gc             ] GC(1718) Pause Young (Allocation Failure) 648M->535M(767M) 7.130ms
[469.564s][info][gc,cpu         ] GC(1718) User=0.01s Sys=0.00s Real=0.01s
[469.672s][info][gc,start       ] GC(1719) Pause Young (Allocation Failure)
[469.696s][info][gc,heap        ] GC(1719) PSYoungGen: 118043K(118272K)->28539K(222720K) Eden: 111616K(111616K)->0K(116736K) From: 6427K(6656K)->28539K(105984K)
[469.696s][info][gc,heap        ] GC(1719) ParOldGen: 541509K(667648K)->541509K(667648K)
[469.696s][info][gc,metaspace   ] GC(1719) Metaspace: 18999K(19136K)->18999K(19136K) NonClass: 16333K(16384K)->16333K(16384K) Class: 2666K(2752K)->2666K(2752K)
[469.696s][info][gc             ] GC(1719) Pause Young (Allocation Failure) 644M->556M(869M) 24.009ms
[469.696s][info][gc,cpu         ] GC(1719) User=0.05s Sys=0.01s Real=0.02s
[469.820s][info][gc,start       ] GC(1720) Pause Young (Allocation Failure)
[469.853s][info][gc,heap        ] GC(1720) PSYoungGen: 145275K(222720K)->35579K(152576K) Eden: 116736K(116736K)->0K(116736K) From: 28539K(105984K)->35579K(35840K)
[469.853s][info][gc,heap        ] GC(1720) ParOldGen: 541509K(667648K)->541509K(667648K)
[469.853s][info][gc,metaspace   ] GC(1720) Metaspace: 18999K(19136K)->18999K(19136K) NonClass: 16333K(16384K)->16333K(16384K) Class: 2666K(2752K)->2666K(2752K)
[469.853s][info][gc             ] GC(1720) Pause Young (Allocation Failure) 670M->563M(801M) 32.966ms
[469.853s][info][gc,cpu         ] GC(1720) User=0.06s Sys=0.00s Real=0.03s
[469.973s][info][gc,start       ] GC(1721) Pause Young (Allocation Failure)
[470.011s][info][gc,heap        ] GC(1721) PSYoungGen: 152315K(152576K)->39675K(211968K) Eden: 116736K(116736K)->0K(122880K) From: 35579K(35840K)->39675K(89088K)
[470.011s][info][gc,heap        ] GC(1721) ParOldGen: 541509K(667648K)->541509K(667648K)
[470.011s][info][gc,metaspace   ] GC(1721) Metaspace: 18999K(19136K)->18999K(19136K) NonClass: 16333K(16384K)->16333K(16384K) Class: 2666K(2752K)->2666K(2752K)
[470.011s][info][gc             ] GC(1721) Pause Young (Allocation Failure) 677M->567M(859M) 37.386ms
[470.011s][info][gc,cpu         ] GC(1721) User=0.07s Sys=0.00s Real=0.04s
[470.268s][info][gc,start       ] GC(1722) Pause Young (Allocation Failure)
[470.306s][info][gc,heap        ] GC(1722) PSYoungGen: 162555K(211968K)->41323K(216576K) Eden: 122880K(122880K)->0K(122880K) From: 39675K(89088K)->41323K(93696K)
[470.306s][info][gc,heap        ] GC(1722) ParOldGen: 541509K(667648K)->541509K(667648K)
[470.306s][info][gc,metaspace   ] GC(1722) Metaspace: 18999K(19136K)->18999K(19136K) NonClass: 16333K(16384K)->16333K(16384K) Class: 2666K(2752K)->2666K(2752K)
[470.306s][info][gc             ] GC(1722) Pause Young (Allocation Failure) 687M->569M(863M) 37.998ms
[470.306s][info][gc,cpu         ] GC(1722) User=0.08s Sys=0.00s Real=0.03s
[470.494s][info][gc,start       ] GC(1723) Pause Young (Allocation Failure)
[470.541s][info][gc,heap        ] GC(1723) PSYoungGen: 164203K(216576K)->52299K(218112K) Eden: 122880K(122880K)->0K(129024K) From: 41323K(93696K)->52299K(89088K)
[470.541s][info][gc,heap        ] GC(1723) ParOldGen: 541509K(667648K)->541509K(667648K)
[470.541s][info][gc,metaspace   ] GC(1723) Metaspace: 18999K(19136K)->18999K(19136K) NonClass: 16333K(16384K)->16333K(16384K) Class: 2666K(2752K)->2666K(2752K)
[470.541s][info][gc             ] GC(1723) Pause Young (Allocation Failure) 689M->579M(865M) 46.922ms
[470.541s][info][gc,cpu         ] GC(1723) User=0.09s Sys=0.00s Real=0.05s
[470.705s][info][gc,start       ] GC(1724) Pause Young (Allocation Failure)
[470.757s][info][gc,heap        ] GC(1724) PSYoungGen: 181323K(218112K)->57419K(218112K) Eden: 129024K(129024K)->0K(129024K) From: 52299K(89088K)->57419K(89088K)
[470.757s][info][gc,heap        ] GC(1724) ParOldGen: 541509K(667648K)->541509K(667648K)
[470.757s][info][gc,metaspace   ] GC(1724) Metaspace: 18999K(19136K)->18999K(19136K) NonClass: 16333K(16384K)->16333K(16384K) Class: 2666K(2752K)->2666K(2752K)
[470.757s][info][gc             ] GC(1724) Pause Young (Allocation Failure) 705M->584M(865M) 52.195ms
[470.757s][info][gc,cpu         ] GC(1724) User=0.10s Sys=0.00s Real=0.05s
[470.834s][info][gc,start       ] GC(1725) Pause Young (Allocation Failure)
[470.924s][info][gc,heap        ] GC(1725) PSYoungGen: 186443K(218112K)->91115K(206848K) Eden: 129024K(129024K)->0K(115712K) From: 57419K(89088K)->91115K(91136K)
[470.924s][info][gc,heap        ] GC(1725) ParOldGen: 541509K(667648K)->554014K(667648K)
[470.924s][info][gc,metaspace   ] GC(1725) Metaspace: 18999K(19136K)->18999K(19136K) NonClass: 16333K(16384K)->16333K(16384K) Class: 2666K(2752K)->2666K(2752K)
[470.925s][info][gc             ] GC(1725) Pause Young (Allocation Failure) 710M->630M(854M) 90.736ms
[470.925s][info][gc,cpu         ] GC(1725) User=0.18s Sys=0.00s Real=0.09s
[471.104s][info][gc,start       ] GC(1726) Pause Young (Allocation Failure)
[471.201s][info][gc,heap        ] GC(1726) PSYoungGen: 206827K(206848K)->109024K(224768K) Eden: 115712K(115712K)->0K(115712K) From: 91115K(91136K)->109024K(109056K)
[471.201s][info][gc,heap        ] GC(1726) ParOldGen: 554014K(667648K)->563241K(667648K)
[471.201s][info][gc,metaspace   ] GC(1726) Metaspace: 18999K(19136K)->18999K(19136K) NonClass: 16333K(16384K)->16333K(16384K) Class: 2666K(2752K)->2666K(2752K)
[471.201s][info][gc             ] GC(1726) Pause Young (Allocation Failure) 743M->656M(871M) 97.331ms
[471.201s][info][gc,cpu         ] GC(1726) User=0.20s Sys=0.00s Real=0.10s
[471.317s][info][gc,start       ] GC(1727) Pause Young (Allocation Failure)
[471.406s][info][gc,heap        ] GC(1727) PSYoungGen: 224736K(224768K)->80736K(220672K) Eden: 115712K(115712K)->0K(111616K) From: 109024K(109056K)->80736K(109056K)
[471.406s][info][gc,heap        ] GC(1727) ParOldGen: 563241K(667648K)->594490K(667648K)
[471.406s][info][gc,metaspace   ] GC(1727) Metaspace: 18999K(19136K)->18999K(19136K) NonClass: 16333K(16384K)->16333K(16384K) Class: 2666K(2752K)->2666K(2752K)
[471.406s][info][gc             ] GC(1727) Pause Young (Allocation Failure) 769M->659M(867M) 88.294ms
[471.406s][info][gc,cpu         ] GC(1727) User=0.17s Sys=0.00s Real=0.08s
[471.561s][info][gc,start       ] GC(1728) Pause Young (Allocation Failure)
[471.650s][info][gc,heap        ] GC(1728) PSYoungGen: 192352K(220672K)->90672K(222720K) Eden: 111616K(111616K)->0K(111616K) From: 80736K(109056K)->90672K(111104K)
[471.650s][info][gc,heap        ] GC(1728) ParOldGen: 594490K(667648K)->600258K(667648K)
[471.650s][info][gc,metaspace   ] GC(1728) Metaspace: 18999K(19136K)->18999K(19136K) NonClass: 16333K(16384K)->16333K(16384K) Class: 2666K(2752K)->2666K(2752K)
[471.650s][info][gc             ] GC(1728) Pause Young (Allocation Failure) 768M->674M(869M) 89.266ms
[471.650s][info][gc,cpu         ] GC(1728) User=0.18s Sys=0.00s Real=0.09s
[471.782s][info][gc,start       ] GC(1729) Pause Young (Allocation Failure)
[471.897s][info][gc,heap        ] GC(1729) PSYoungGen: 202288K(222720K)->110512K(222720K) Eden: 111616K(111616K)->0K(111616K) From: 90672K(111104K)->110512K(111104K)
[471.897s][info][gc,heap        ] GC(1729) ParOldGen: 600258K(667648K)->601774K(667648K)
[471.897s][info][gc,metaspace   ] GC(1729) Metaspace: 18999K(19136K)->18999K(19136K) NonClass: 16333K(16384K)->16333K(16384K) Class: 2666K(2752K)->2666K(2752K)
[471.897s][info][gc             ] GC(1729) Pause Young (Allocation Failure) 783M->695M(869M) 114.814ms
[471.897s][info][gc,cpu         ] GC(1729) User=0.22s Sys=0.01s Real=0.11s
[472.003s][info][gc,start       ] GC(1730) Pause Young (Allocation Failure)
[472.112s][info][gc,heap        ] GC(1730) PSYoungGen: 222128K(222720K)->58656K(222720K) Eden: 111616K(111616K)->0K(111616K) From: 110512K(111104K)->58656K(111104K)
[472.112s][info][gc,heap        ] GC(1730) ParOldGen: 601774K(667648K)->658239K(667648K)
[472.112s][info][gc,metaspace   ] GC(1730) Metaspace: 18999K(19136K)->18999K(19136K) NonClass: 16333K(16384K)->16333K(16384K) Class: 2666K(2752K)->2666K(2752K)
[472.112s][info][gc             ] GC(1730) Pause Young (Allocation Failure) 804M->700M(869M) 108.485ms
[472.112s][info][gc,cpu         ] GC(1730) User=0.21s Sys=0.00s Real=0.11s
[472.225s][info][gc,start       ] GC(1731) Pause Full (Allocation Failure)
[472.225s][info][gc,phases,start] GC(1731) Marking Phase
[472.585s][info][gc,phases      ] GC(1731) Marking Phase 360.316ms
[472.585s][info][gc,phases,start] GC(1731) Summary Phase
[472.585s][info][gc,phases      ] GC(1731) Summary Phase 0.027ms
[472.585s][info][gc,phases,start] GC(1731) Forward
[472.677s][info][gc,phases      ] GC(1731) Forward 92.183ms
[472.677s][info][gc,phases,start] GC(1731) Adjust Pointers
[472.943s][info][gc,phases      ] GC(1731) Adjust Pointers 265.279ms
[472.943s][info][gc,phases,start] GC(1731) Compaction Phase
[473.092s][info][gc,phases      ] GC(1731) Compaction Phase 149.681ms
[473.100s][info][gc,phases,start] GC(1731) Post Compact
[473.102s][info][gc,phases      ] GC(1731) Post Compact 2.362ms
[473.102s][info][gc,heap        ] GC(1731) PSYoungGen: 170272K(222720K)->0K(222720K) Eden: 111616K(111616K)->0K(111616K) From: 58656K(111104K)->0K(111104K)
[473.102s][info][gc,heap        ] GC(1731) ParOldGen: 658239K(667648K)->511107K(667648K)
[473.102s][info][gc,metaspace   ] GC(1731) Metaspace: 18999K(19136K)->18999K(19136K) NonClass: 16333K(16384K)->16333K(16384K) Class: 2666K(2752K)->2666K(2752K)
[473.102s][info][gc             ] GC(1731) Pause Full (Allocation Failure) 809M->499M(869M) 877.327ms
[473.102s][info][gc,cpu         ] GC(1731) User=1.64s Sys=0.00s Real=0.88s
[473.228s][info][gc,start       ] GC(1732) Pause Young (Allocation Failure)
[473.239s][info][gc,heap        ] GC(1732) PSYoungGen: 111616K(222720K)->4160K(222720K) Eden: 111616K(111616K)->0K(111616K) From: 0K(111104K)->4160K(111104K)
[473.239s][info][gc,heap        ] GC(1732) ParOldGen: 511107K(667648K)->511107K(667648K)
[473.239s][info][gc,metaspace   ] GC(1732) Metaspace: 18999K(19136K)->18999K(19136K) NonClass: 16333K(16384K)->16333K(16384K) Class: 2666K(2752K)->2666K(2752K)
[473.239s][info][gc             ] GC(1732) Pause Young (Allocation Failure) 608M->503M(869M) 11.031ms
[473.239s][info][gc,cpu         ] GC(1732) User=0.02s Sys=0.00s Real=0.01s
[473.373s][info][gc,start       ] GC(1733) Pause Young (Allocation Failure)
[473.385s][info][gc,heap        ] GC(1733) PSYoungGen: 115776K(222720K)->9760K(222720K) Eden: 111616K(111616K)->0K(111616K) From: 4160K(111104K)->9760K(111104K)
[473.385s][info][gc,heap        ] GC(1733) ParOldGen: 511107K(667648K)->511107K(667648K)
[473.385s][info][gc,metaspace   ] GC(1733) Metaspace: 18999K(19136K)->18999K(19136K) NonClass: 16333K(16384K)->16333K(16384K) Class: 2666K(2752K)->2666K(2752K)
[473.385s][info][gc             ] GC(1733) Pause Young (Allocation Failure) 612M->508M(869M) 12.238ms
[473.385s][info][gc,cpu         ] GC(1733) User=0.02s Sys=0.00s Real=0.01s
[473.563s][info][gc,start       ] GC(1734) Pause Young (Allocation Failure)
[473.599s][info][gc,heap        ] GC(1734) PSYoungGen: 121376K(222720K)->16176K(222720K) Eden: 111616K(111616K)->0K(111616K) From: 9760K(111104K)->16176K(111104K)
[473.600s][info][gc,heap        ] GC(1734) ParOldGen: 511107K(667648K)->520867K(667648K)
[473.600s][info][gc,metaspace   ] GC(1734) Metaspace: 18999K(19136K)->18999K(19136K) NonClass: 16333K(16384K)->16333K(16384K) Class: 2666K(2752K)->2666K(2752K)
[473.600s][info][gc             ] GC(1734) Pause Young (Allocation Failure) 617M->524M(869M) 36.639ms
[473.600s][info][gc,cpu         ] GC(1734) User=0.07s Sys=0.00s Real=0.04s
[473.806s][info][gc,start       ] GC(1735) Pause Young (Allocation Failure)
[473.830s][info][gc,heap        ] GC(1735) PSYoungGen: 127792K(222720K)->5408K(222720K) Eden: 111616K(111616K)->0K(111616K) From: 16176K(111104K)->5408K(111104K)
[473.830s][info][gc,heap        ] GC(1735) ParOldGen: 520867K(667648K)->537035K(667648K)
[473.830s][info][gc,metaspace   ] GC(1735) Metaspace: 18999K(19136K)->18999K(19136K) NonClass: 16333K(16384K)->16333K(16384K) Class: 2666K(2752K)->2666K(2752K)
[473.831s][info][gc             ] GC(1735) Pause Young (Allocation Failure) 633M->529M(869M) 24.481ms
[473.831s][info][gc,cpu         ] GC(1735) User=0.05s Sys=0.00s Real=0.03s
[473.988s][info][gc,start       ] GC(1736) Pause Young (Allocation Failure)
[474.021s][info][gc,heap        ] GC(1736) PSYoungGen: 117024K(222720K)->38976K(222720K) Eden: 111616K(111616K)->0K(111616K) From: 5408K(111104K)->38976K(111104K)
[474.021s][info][gc,heap        ] GC(1736) ParOldGen: 537035K(667648K)->542435K(667648K)
[474.021s][info][gc,metaspace   ] GC(1736) Metaspace: 19006K(19136K)->19006K(19136K) NonClass: 16340K(16384K)->16340K(16384K) Class: 2666K(2752K)->2666K(2752K)
[474.021s][info][gc             ] GC(1736) Pause Young (Allocation Failure) 638M->567M(869M) 33.533ms
[474.021s][info][gc,cpu         ] GC(1736) User=0.07s Sys=0.00s Real=0.03s
[474.163s][info][gc,start       ] GC(1737) Pause Young (Allocation Failure)
[474.193s][info][gc,heap        ] GC(1737) PSYoungGen: 150592K(222720K)->2656K(222720K) Eden: 111616K(111616K)->0K(111616K) From: 38976K(111104K)->2656K(111104K)
[474.193s][info][gc,heap        ] GC(1737) ParOldGen: 542435K(667648K)->581844K(667648K)
[474.193s][info][gc,metaspace   ] GC(1737) Metaspace: 19006K(19136K)->19006K(19136K) NonClass: 16340K(16384K)->16340K(16384K) Class: 2666K(2752K)->2666K(2752K)
[474.193s][info][gc             ] GC(1737) Pause Young (Allocation Failure) 676M->570M(869M) 29.639ms
[474.193s][info][gc,cpu         ] GC(1737) User=0.06s Sys=0.00s Real=0.03s
[474.362s][info][gc,start       ] GC(1738) Pause Young (Allocation Failure)
[474.380s][info][gc,heap        ] GC(1738) PSYoungGen: 114272K(222720K)->9664K(222720K) Eden: 111616K(111616K)->0K(111616K) From: 2656K(111104K)->9664K(111104K)
[474.380s][info][gc,heap        ] GC(1738) ParOldGen: 581844K(667648K)->584284K(667648K)
[474.380s][info][gc,metaspace   ] GC(1738) Metaspace: 19006K(19136K)->19006K(19136K) NonClass: 16340K(16384K)->16340K(16384K) Class: 2666K(2752K)->2666K(2752K)
[474.380s][info][gc             ] GC(1738) Pause Young (Allocation Failure) 679M->580M(869M) 18.555ms
[474.380s][info][gc,cpu         ] GC(1738) User=0.04s Sys=0.01s Real=0.02s
[474.552s][info][gc,start       ] GC(1739) Pause Young (Allocation Failure)
[474.574s][info][gc,heap        ] GC(1739) PSYoungGen: 121280K(222720K)->8352K(222720K) Eden: 111616K(111616K)->0K(111616K) From: 9664K(111104K)->8352K(111104K)
[474.574s][info][gc,heap        ] GC(1739) ParOldGen: 584284K(667648K)->593932K(667648K)
[474.574s][info][gc,metaspace   ] GC(1739) Metaspace: 19006K(19136K)->19006K(19136K) NonClass: 16340K(16384K)->16340K(16384K) Class: 2666K(2752K)->2666K(2752K)
[474.574s][info][gc             ] GC(1739) Pause Young (Allocation Failure) 689M->588M(869M) 22.245ms
[474.574s][info][gc,cpu         ] GC(1739) User=0.04s Sys=0.00s Real=0.02s
[474.681s][info][gc,start       ] GC(1740) Pause Young (Allocation Failure)
[474.704s][info][gc,heap        ] GC(1740) PSYoungGen: 119968K(222720K)->12512K(222720K) Eden: 111616K(111616K)->0K(111616K) From: 8352K(111104K)->12512K(111104K)
[474.704s][info][gc,heap        ] GC(1740) ParOldGen: 593932K(667648K)->602268K(667648K)
[474.704s][info][gc,metaspace   ] GC(1740) Metaspace: 19006K(19136K)->19006K(19136K) NonClass: 16340K(16384K)->16340K(16384K) Class: 2666K(2752K)->2666K(2752K)
[474.704s][info][gc             ] GC(1740) Pause Young (Allocation Failure) 697M->600M(869M) 22.335ms
[474.704s][info][gc,cpu         ] GC(1740) User=0.05s Sys=0.00s Real=0.02s
[474.812s][info][gc,start       ] GC(1741) Pause Young (Allocation Failure)
[474.829s][info][gc,heap        ] GC(1741) PSYoungGen: 124128K(222720K)->2912K(222720K) Eden: 111616K(111616K)->0K(111616K) From: 12512K(111104K)->2912K(111104K)
[474.829s][info][gc,heap        ] GC(1741) ParOldGen: 602268K(667648K)->614764K(667648K)
[474.829s][info][gc,metaspace   ] GC(1741) Metaspace: 19006K(19136K)->19006K(19136K) NonClass: 16340K(16384K)->16340K(16384K) Class: 2666K(2752K)->2666K(2752K)
[474.829s][info][gc             ] GC(1741) Pause Young (Allocation Failure) 709M->603M(869M) 17.578ms
[474.829s][info][gc,cpu         ] GC(1741) User=0.04s Sys=0.00s Real=0.02s
[474.968s][info][gc,start       ] GC(1742) Pause Young (Allocation Failure)
[474.979s][info][gc,heap        ] GC(1742) PSYoungGen: 114528K(222720K)->6560K(118272K) Eden: 111616K(111616K)->0K(111616K) From: 2912K(111104K)->6560K(6656K)
[474.979s][info][gc,heap        ] GC(1742) ParOldGen: 614764K(667648K)->617652K(667648K)
[474.979s][info][gc,metaspace   ] GC(1742) Metaspace: 19006K(19136K)->19006K(19136K) NonClass: 16340K(16384K)->16340K(16384K) Class: 2666K(2752K)->2666K(2752K)
[474.979s][info][gc             ] GC(1742) Pause Young (Allocation Failure) 712M->609M(767M) 11.519ms
[474.979s][info][gc,cpu         ] GC(1742) User=0.02s Sys=0.00s Real=0.01s
[475.203s][info][gc,start       ] GC(1743) Pause Young (Allocation Failure)
[475.220s][info][gc,heap        ] GC(1743) PSYoungGen: 118176K(118272K)->14592K(218112K) Eden: 111616K(111616K)->0K(116224K) From: 6560K(6656K)->14592K(101888K)
[475.220s][info][gc,heap        ] GC(1743) ParOldGen: 617652K(667648K)->617652K(667648K)
[475.220s][info][gc,metaspace   ] GC(1743) Metaspace: 19006K(19136K)->19006K(19136K) NonClass: 16340K(16384K)->16340K(16384K) Class: 2666K(2752K)->2666K(2752K)
[475.220s][info][gc             ] GC(1743) Pause Young (Allocation Failure) 718M->617M(865M) 17.071ms
[475.220s][info][gc,cpu         ] GC(1743) User=0.03s Sys=0.00s Real=0.02s
[475.460s][info][gc,start       ] GC(1744) Pause Young (Allocation Failure)
[475.477s][info][gc,heap        ] GC(1744) PSYoungGen: 130816K(218112K)->14592K(131072K) Eden: 116224K(116224K)->0K(116224K) From: 14592K(101888K)->14592K(14848K)
[475.477s][info][gc,heap        ] GC(1744) ParOldGen: 617652K(667648K)->617652K(667648K)
[475.477s][info][gc,metaspace   ] GC(1744) Metaspace: 19006K(19136K)->19006K(19136K) NonClass: 16340K(16384K)->16340K(16384K) Class: 2666K(2752K)->2666K(2752K)
[475.477s][info][gc             ] GC(1744) Pause Young (Allocation Failure) 730M->617M(780M) 16.222ms
[475.477s][info][gc,cpu         ] GC(1744) User=0.03s Sys=0.00s Real=0.01s
[475.704s][info][gc,start       ] GC(1745) Pause Young (Allocation Failure)
[475.722s][info][gc,heap        ] GC(1745) PSYoungGen: 130816K(131072K)->14592K(206848K) Eden: 116224K(116224K)->0K(120320K) From: 14592K(14848K)->14592K(86528K)
[475.722s][info][gc,heap        ] GC(1745) ParOldGen: 617652K(667648K)->617652K(667648K)
[475.722s][info][gc,metaspace   ] GC(1745) Metaspace: 19006K(19136K)->19006K(19136K) NonClass: 16340K(16384K)->16340K(16384K) Class: 2666K(2752K)->2666K(2752K)
[475.722s][info][gc             ] GC(1745) Pause Young (Allocation Failure) 730M->617M(854M) 17.464ms
[475.722s][info][gc,cpu         ] GC(1745) User=0.03s Sys=0.00s Real=0.02s
[475.961s][info][gc,start       ] GC(1746) Pause Young (Allocation Failure)
[475.982s][info][gc,heap        ] GC(1746) PSYoungGen: 134912K(206848K)->14880K(135680K) Eden: 120320K(120320K)->0K(120320K) From: 14592K(86528K)->14880K(15360K)
[475.982s][info][gc,heap        ] GC(1746) ParOldGen: 617652K(667648K)->617652K(667648K)
[475.982s][info][gc,metaspace   ] GC(1746) Metaspace: 19006K(19136K)->19006K(19136K) NonClass: 16340K(16384K)->16340K(16384K) Class: 2666K(2752K)->2666K(2752K)
[475.982s][info][gc             ] GC(1746) Pause Young (Allocation Failure) 734M->617M(784M) 21.458ms
[475.982s][info][gc,cpu         ] GC(1746) User=0.04s Sys=0.00s Real=0.02s
[476.092s][info][gc,start       ] GC(1747) Pause Young (Allocation Failure)
[476.133s][info][gc,heap        ] GC(1747) PSYoungGen: 135200K(135680K)->52080K(207360K) Eden: 120320K(120320K)->0K(120320K) From: 14880K(15360K)->52080K(87040K)
[476.133s][info][gc,heap        ] GC(1747) ParOldGen: 617652K(667648K)->617652K(667648K)
[476.133s][info][gc,metaspace   ] GC(1747) Metaspace: 19009K(19136K)->19009K(19136K) NonClass: 16343K(16384K)->16343K(16384K) Class: 2666K(2752K)->2666K(2752K)
[476.133s][info][gc             ] GC(1747) Pause Young (Allocation Failure) 735M->654M(854M) 40.765ms
[476.133s][info][gc,cpu         ] GC(1747) User=0.08s Sys=0.00s Real=0.04s
[476.279s][info][gc,start       ] GC(1748) Pause Young (Allocation Failure)
[476.338s][info][gc,heap        ] GC(1748) PSYoungGen: 172400K(207360K)->83600K(211456K) Eden: 120320K(120320K)->0K(120320K) From: 52080K(87040K)->83600K(91136K)
[476.338s][info][gc,heap        ] GC(1748) ParOldGen: 617652K(667648K)->617652K(667648K)
[476.338s][info][gc,metaspace   ] GC(1748) Metaspace: 19009K(19136K)->19009K(19136K) NonClass: 16343K(16384K)->16343K(16384K) Class: 2666K(2752K)->2666K(2752K)
[476.338s][info][gc             ] GC(1748) Pause Young (Allocation Failure) 771M->684M(858M) 58.463ms
[476.338s][info][gc,cpu         ] GC(1748) User=0.12s Sys=0.01s Real=0.06s
[476.439s][info][gc,start       ] GC(1749) Pause Young (Allocation Failure)
[476.502s][info][gc,heap        ] GC(1749) PSYoungGen: 203920K(211456K)->86096K(217600K) Eden: 120320K(120320K)->0K(111616K) From: 83600K(91136K)->86096K(105984K)
[476.502s][info][gc,heap        ] GC(1749) ParOldGen: 617652K(667648K)->617652K(667648K)
[476.502s][info][gc,metaspace   ] GC(1749) Metaspace: 19009K(19136K)->19009K(19136K) NonClass: 16343K(16384K)->16343K(16384K) Class: 2666K(2752K)->2666K(2752K)
[476.502s][info][gc             ] GC(1749) Pause Young (Allocation Failure) 802M->687M(864M) 63.313ms
[476.502s][info][gc,cpu         ] GC(1749) User=0.11s Sys=0.01s Real=0.06s
[476.698s][info][gc,start       ] GC(1750) Pause Young (Allocation Failure)
[476.792s][info][gc,heap        ] GC(1750) PSYoungGen: 197712K(217600K)->88512K(222720K) Eden: 111616K(111616K)->0K(111616K) From: 86096K(105984K)->88512K(111104K)
[476.792s][info][gc,heap        ] GC(1750) ParOldGen: 617652K(667648K)->632199K(667648K)
[476.792s][info][gc,metaspace   ] GC(1750) Metaspace: 19009K(19136K)->19009K(19136K) NonClass: 16343K(16384K)->16343K(16384K) Class: 2666K(2752K)->2666K(2752K)
[476.792s][info][gc             ] GC(1750) Pause Young (Allocation Failure) 796M->703M(869M) 94.794ms
[476.792s][info][gc,cpu         ] GC(1750) User=0.19s Sys=0.00s Real=0.09s
[476.963s][info][gc,start       ] GC(1751) Pause Young (Allocation Failure)
[477.042s][info][gc,heap        ] GC(1751) PSYoungGen: 200128K(222720K)->88768K(222720K) Eden: 111616K(111616K)->0K(111616K) From: 88512K(111104K)->88768K(111104K)
[477.042s][info][gc,heap        ] GC(1751) ParOldGen: 632199K(667648K)->632242K(667648K)
[477.042s][info][gc,metaspace   ] GC(1751) Metaspace: 19009K(19136K)->19009K(19136K) NonClass: 16343K(16384K)->16343K(16384K) Class: 2666K(2752K)->2666K(2752K)
[477.042s][info][gc             ] GC(1751) Pause Young (Allocation Failure) 812M->704M(869M) 79.174ms
[477.042s][info][gc,cpu         ] GC(1751) User=0.16s Sys=0.00s Real=0.08s
[477.182s][info][gc,start       ] GC(1752) Pause Young (Allocation Failure)
[477.271s][info][gc,promotion   ] GC(1752) Promotion failed
[477.271s][info][gc,heap        ] GC(1752) PSYoungGen: 200384K(222720K)->200384K(222720K) Eden: 111616K(111616K)->111616K(111616K) From: 88768K(111104K)->88768K(111104K)
[477.271s][info][gc,heap        ] GC(1752) ParOldGen: 632242K(667648K)->667642K(667648K)
[477.271s][info][gc,metaspace   ] GC(1752) Metaspace: 19010K(19200K)->19010K(19200K) NonClass: 16344K(16448K)->16344K(16448K) Class: 2666K(2752K)->2666K(2752K)
[477.271s][info][gc             ] GC(1752) Pause Young (Allocation Failure) 813M->847M(869M) 88.649ms
[477.271s][info][gc,cpu         ] GC(1752) User=0.17s Sys=0.00s Real=0.09s
[477.271s][info][gc,start       ] GC(1753) Pause Full (Allocation Failure)
[477.271s][info][gc,phases,start] GC(1753) Marking Phase
[477.545s][info][gc,phases      ] GC(1753) Marking Phase 274.405ms
[477.545s][info][gc,phases,start] GC(1753) Summary Phase
[477.545s][info][gc,phases      ] GC(1753) Summary Phase 0.026ms
[477.545s][info][gc,phases,start] GC(1753) Forward
[477.681s][info][gc,phases      ] GC(1753) Forward 135.758ms
[477.681s][info][gc,phases,start] GC(1753) Adjust Pointers
[477.894s][info][gc,phases      ] GC(1753) Adjust Pointers 212.352ms
[477.894s][info][gc,phases,start] GC(1753) Compaction Phase
[478.026s][info][gc,phases      ] GC(1753) Compaction Phase 131.821ms
[478.038s][info][gc,phases,start] GC(1753) Post Compact
[478.041s][info][gc,phases      ] GC(1753) Post Compact 2.677ms
[478.041s][info][gc,heap        ] GC(1753) PSYoungGen: 200384K(222720K)->0K(222720K) Eden: 111616K(111616K)->0K(111616K) From: 88768K(111104K)->0K(111104K)
[478.041s][info][gc,heap        ] GC(1753) ParOldGen: 667642K(667648K)->410998K(667648K)
[478.041s][info][gc,metaspace   ] GC(1753) Metaspace: 19010K(19200K)->19010K(19200K) NonClass: 16344K(16448K)->16344K(16448K) Class: 2666K(2752K)->2666K(2752K)
[478.041s][info][gc             ] GC(1753) Pause Full (Allocation Failure) 847M->401M(869M) 769.963ms
[478.041s][info][gc,cpu         ] GC(1753) User=1.38s Sys=0.00s Real=0.77s
[478.099s][info][gc,start       ] GC(1754) Pause Young (Allocation Failure)
[478.125s][info][gc,heap        ] GC(1754) PSYoungGen: 111616K(222720K)->37312K(222720K) Eden: 111616K(111616K)->0K(111616K) From: 0K(111104K)->37312K(111104K)
[478.125s][info][gc,heap        ] GC(1754) ParOldGen: 410998K(667648K)->410998K(667648K)
[478.126s][info][gc,metaspace   ] GC(1754) Metaspace: 19010K(19200K)->19010K(19200K) NonClass: 16344K(16448K)->16344K(16448K) Class: 2666K(2752K)->2666K(2752K)
[478.126s][info][gc             ] GC(1754) Pause Young (Allocation Failure) 510M->437M(869M) 26.264ms
[478.126s][info][gc,cpu         ] GC(1754) User=0.06s Sys=0.00s Real=0.02s
[478.274s][info][gc,start       ] GC(1755) Pause Young (Allocation Failure)
[478.307s][info][gc,heap        ] GC(1755) PSYoungGen: 148928K(222720K)->52160K(222720K) Eden: 111616K(111616K)->0K(111616K) From: 37312K(111104K)->52160K(111104K)
[478.307s][info][gc,heap        ] GC(1755) ParOldGen: 410998K(667648K)->410998K(667648K)
[478.307s][info][gc,metaspace   ] GC(1755) Metaspace: 19010K(19200K)->19010K(19200K) NonClass: 16344K(16448K)->16344K(16448K) Class: 2666K(2752K)->2666K(2752K)
[478.307s][info][gc             ] GC(1755) Pause Young (Allocation Failure) 546M->452M(869M) 33.263ms
[478.307s][info][gc,cpu         ] GC(1755) User=0.06s Sys=0.00s Real=0.03s
[478.385s][info][gc,start       ] GC(1756) Pause Young (Allocation Failure)
[478.420s][info][gc,heap        ] GC(1756) PSYoungGen: 163776K(222720K)->54240K(222720K) Eden: 111616K(111616K)->0K(111616K) From: 52160K(111104K)->54240K(111104K)
[478.420s][info][gc,heap        ] GC(1756) ParOldGen: 410998K(667648K)->410998K(667648K)
[478.420s][info][gc,metaspace   ] GC(1756) Metaspace: 19010K(19200K)->19010K(19200K) NonClass: 16344K(16448K)->16344K(16448K) Class: 2666K(2752K)->2666K(2752K)
[478.420s][info][gc             ] GC(1756) Pause Young (Allocation Failure) 561M->454M(869M) 34.264ms
[478.420s][info][gc,cpu         ] GC(1756) User=0.06s Sys=0.00s Real=0.04s
[478.572s][info][gc,start       ] GC(1757) Pause Young (Allocation Failure)
[478.637s][info][gc,heap        ] GC(1757) PSYoungGen: 165856K(222720K)->18944K(222720K) Eden: 111616K(111616K)->0K(111616K) From: 54240K(111104K)->18944K(111104K)
[478.637s][info][gc,heap        ] GC(1757) ParOldGen: 410998K(667648K)->463734K(667648K)
[478.637s][info][gc,metaspace   ] GC(1757) Metaspace: 19010K(19200K)->19010K(19200K) NonClass: 16344K(16448K)->16344K(16448K) Class: 2666K(2752K)->2666K(2752K)
[478.637s][info][gc             ] GC(1757) Pause Young (Allocation Failure) 563M->471M(869M) 65.223ms
[478.637s][info][gc,cpu         ] GC(1757) User=0.13s Sys=0.00s Real=0.06s
[478.787s][info][gc,start       ] GC(1758) Pause Young (Allocation Failure)
[478.817s][info][gc,heap        ] GC(1758) PSYoungGen: 130560K(222720K)->64K(222720K) Eden: 111616K(111616K)->0K(111616K) From: 18944K(111104K)->64K(111104K)
[478.817s][info][gc,heap        ] GC(1758) ParOldGen: 463734K(667648K)->482702K(667648K)
[478.817s][info][gc,metaspace   ] GC(1758) Metaspace: 19010K(19200K)->19010K(19200K) NonClass: 16344K(16448K)->16344K(16448K) Class: 2666K(2752K)->2666K(2752K)
[478.817s][info][gc             ] GC(1758) Pause Young (Allocation Failure) 580M->471M(869M) 30.394ms
[478.817s][info][gc,cpu         ] GC(1758) User=0.06s Sys=0.01s Real=0.04s
[478.965s][info][gc,start       ] GC(1759) Pause Young (Allocation Failure)
[478.967s][info][gc,heap        ] GC(1759) PSYoungGen: 111680K(222720K)->64K(222720K) Eden: 111616K(111616K)->0K(111616K) From: 64K(111104K)->64K(111104K)
[478.967s][info][gc,heap        ] GC(1759) ParOldGen: 482702K(667648K)->482702K(667648K)
[478.967s][info][gc,metaspace   ] GC(1759) Metaspace: 19010K(19200K)->19010K(19200K) NonClass: 16344K(16448K)->16344K(16448K) Class: 2666K(2752K)->2666K(2752K)
[478.967s][info][gc             ] GC(1759) Pause Young (Allocation Failure) 580M->471M(869M) 1.628ms
[478.967s][info][gc,cpu         ] GC(1759) User=0.00s Sys=0.00s Real=0.00s
[479.110s][info][gc,start       ] GC(1760) Pause Young (Allocation Failure)
[479.112s][info][gc,heap        ] GC(1760) PSYoungGen: 111680K(222720K)->64K(222720K) Eden: 111616K(111616K)->0K(111616K) From: 64K(111104K)->64K(111104K)
[479.112s][info][gc,heap        ] GC(1760) ParOldGen: 482702K(667648K)->482702K(667648K)
[479.112s][info][gc,metaspace   ] GC(1760) Metaspace: 19010K(19200K)->19010K(19200K) NonClass: 16344K(16448K)->16344K(16448K) Class: 2666K(2752K)->2666K(2752K)
[479.112s][info][gc             ] GC(1760) Pause Young (Allocation Failure) 580M->471M(869M) 1.545ms
[479.112s][info][gc,cpu         ] GC(1760) User=0.00s Sys=0.00s Real=0.00s
[479.254s][info][gc,start       ] GC(1761) Pause Young (Allocation Failure)
[479.255s][info][gc,heap        ] GC(1761) PSYoungGen: 111680K(222720K)->64K(222720K) Eden: 111616K(111616K)->0K(111616K) From: 64K(111104K)->64K(111104K)
[479.255s][info][gc,heap        ] GC(1761) ParOldGen: 482702K(667648K)->482702K(667648K)
[479.255s][info][gc,metaspace   ] GC(1761) Metaspace: 19010K(19200K)->19010K(19200K) NonClass: 16344K(16448K)->16344K(16448K) Class: 2666K(2752K)->2666K(2752K)
[479.255s][info][gc             ] GC(1761) Pause Young (Allocation Failure) 580M->471M(869M) 1.649ms
[479.256s][info][gc,cpu         ] GC(1761) User=0.00s Sys=0.00s Real=0.00s
[479.399s][info][gc,start       ] GC(1762) Pause Young (Allocation Failure)
[479.401s][info][gc,heap        ] GC(1762) PSYoungGen: 111680K(222720K)->64K(217600K) Eden: 111616K(111616K)->0K(111616K) From: 64K(111104K)->64K(105984K)
[479.401s][info][gc,heap        ] GC(1762) ParOldGen: 482702K(667648K)->482702K(667648K)
[479.401s][info][gc,metaspace   ] GC(1762) Metaspace: 19010K(19200K)->19010K(19200K) NonClass: 16344K(16448K)->16344K(16448K) Class: 2666K(2752K)->2666K(2752K)
[479.401s][info][gc             ] GC(1762) Pause Young (Allocation Failure) 580M->471M(864M) 1.685ms
[479.401s][info][gc,cpu         ] GC(1762) User=0.00s Sys=0.00s Real=0.00s
[479.550s][info][gc,start       ] GC(1763) Pause Young (Allocation Failure)
[479.551s][info][gc,heap        ] GC(1763) PSYoungGen: 111680K(217600K)->64K(112128K) Eden: 111616K(111616K)->0K(111616K) From: 64K(105984K)->64K(512K)
[479.551s][info][gc,heap        ] GC(1763) ParOldGen: 482702K(667648K)->482702K(667648K)
[479.551s][info][gc,metaspace   ] GC(1763) Metaspace: 19010K(19200K)->19010K(19200K) NonClass: 16344K(16448K)->16344K(16448K) Class: 2666K(2752K)->2666K(2752K)
[479.551s][info][gc             ] GC(1763) Pause Young (Allocation Failure) 580M->471M(761M) 1.767ms
[479.551s][info][gc,cpu         ] GC(1763) User=0.00s Sys=0.00s Real=0.00s
[479.688s][info][gc,start       ] GC(1764) Pause Young (Allocation Failure)
[479.698s][info][gc,heap        ] GC(1764) PSYoungGen: 111680K(112128K)->7616K(208384K) Eden: 111616K(111616K)->0K(114688K) From: 64K(512K)->7616K(93696K)
[479.698s][info][gc,heap        ] GC(1764) ParOldGen: 482702K(667648K)->482702K(667648K)
[479.698s][info][gc,metaspace   ] GC(1764) Metaspace: 19010K(19200K)->19010K(19200K) NonClass: 16344K(16448K)->16344K(16448K) Class: 2666K(2752K)->2666K(2752K)
[479.698s][info][gc             ] GC(1764) Pause Young (Allocation Failure) 580M->478M(855M) 9.831ms
[479.698s][info][gc,cpu         ] GC(1764) User=0.02s Sys=0.00s Real=0.01s
[479.804s][info][gc,start       ] GC(1765) Pause Young (Allocation Failure)
[479.829s][info][gc,heap        ] GC(1765) PSYoungGen: 122304K(208384K)->21920K(136704K) Eden: 114688K(114688K)->0K(114688K) From: 7616K(93696K)->21920K(22016K)
[479.829s][info][gc,heap        ] GC(1765) ParOldGen: 482702K(667648K)->482702K(667648K)
[479.829s][info][gc,metaspace   ] GC(1765) Metaspace: 19010K(19200K)->19010K(19200K) NonClass: 16344K(16448K)->16344K(16448K) Class: 2666K(2752K)->2666K(2752K)
[479.829s][info][gc             ] GC(1765) Pause Young (Allocation Failure) 590M->492M(785M) 24.584ms
[479.829s][info][gc,cpu         ] GC(1765) User=0.05s Sys=0.00s Real=0.03s
[479.941s][info][gc,start       ] GC(1766) Pause Young (Allocation Failure)
[479.977s][info][gc,heap        ] GC(1766) PSYoungGen: 136608K(136704K)->35008K(208896K) Eden: 114688K(114688K)->0K(120320K) From: 21920K(22016K)->35008K(88576K)
[479.977s][info][gc,heap        ] GC(1766) ParOldGen: 482702K(667648K)->482702K(667648K)
[479.977s][info][gc,metaspace   ] GC(1766) Metaspace: 19010K(19200K)->19010K(19200K) NonClass: 16344K(16448K)->16344K(16448K) Class: 2666K(2752K)->2666K(2752K)
[479.977s][info][gc             ] GC(1766) Pause Young (Allocation Failure) 604M->505M(856M) 35.712ms
[479.977s][info][gc,cpu         ] GC(1766) User=0.07s Sys=0.00s Real=0.03s
[480.060s][info][gc,start       ] GC(1767) Pause Young (Allocation Failure)
[480.096s][info][gc,heap        ] GC(1767) PSYoungGen: 155328K(208896K)->36416K(209920K) Eden: 120320K(120320K)->0K(120320K) From: 35008K(88576K)->36416K(89600K)
[480.096s][info][gc,heap        ] GC(1767) ParOldGen: 482702K(667648K)->482702K(667648K)
[480.096s][info][gc,metaspace   ] GC(1767) Metaspace: 19010K(19200K)->19010K(19200K) NonClass: 16344K(16448K)->16344K(16448K) Class: 2666K(2752K)->2666K(2752K)
[480.096s][info][gc             ] GC(1767) Pause Young (Allocation Failure) 623M->506M(857M) 35.698ms
[480.096s][info][gc,cpu         ] GC(1767) User=0.08s Sys=0.00s Real=0.03s
[480.206s][info][gc,start       ] GC(1768) Pause Young (Allocation Failure)
[480.243s][info][gc,heap        ] GC(1768) PSYoungGen: 156736K(209920K)->36544K(212480K) Eden: 120320K(120320K)->0K(128000K) From: 36416K(89600K)->36544K(84480K)
[480.243s][info][gc,heap        ] GC(1768) ParOldGen: 482702K(667648K)->482702K(667648K)
[480.243s][info][gc,metaspace   ] GC(1768) Metaspace: 19010K(19200K)->19010K(19200K) NonClass: 16344K(16448K)->16344K(16448K) Class: 2666K(2752K)->2666K(2752K)
[480.243s][info][gc             ] GC(1768) Pause Young (Allocation Failure) 624M->507M(859M) 36.243ms
[480.243s][info][gc,cpu         ] GC(1768) User=0.08s Sys=0.00s Real=0.04s
[480.361s][info][gc,start       ] GC(1769) Pause Young (Allocation Failure)
[480.400s][info][gc,heap        ] GC(1769) PSYoungGen: 164544K(212480K)->39904K(214016K) Eden: 128000K(128000K)->0K(128000K) From: 36544K(84480K)->39904K(86016K)
[480.400s][info][gc,heap        ] GC(1769) ParOldGen: 482702K(667648K)->482702K(667648K)
[480.400s][info][gc,metaspace   ] GC(1769) Metaspace: 19010K(19200K)->19010K(19200K) NonClass: 16344K(16448K)->16344K(16448K) Class: 2666K(2752K)->2666K(2752K)
[480.400s][info][gc             ] GC(1769) Pause Young (Allocation Failure) 632M->510M(861M) 38.867ms
[480.400s][info][gc,cpu         ] GC(1769) User=0.08s Sys=0.00s Real=0.04s
[480.509s][info][gc,start       ] GC(1770) Pause Young (Allocation Failure)
[480.551s][info][gc,heap        ] GC(1770) PSYoungGen: 167904K(214016K)->43904K(221184K) Eden: 128000K(128000K)->0K(136192K) From: 39904K(86016K)->43904K(84992K)
[480.551s][info][gc,heap        ] GC(1770) ParOldGen: 482702K(667648K)->482702K(667648K)
[480.551s][info][gc,metaspace   ] GC(1770) Metaspace: 19010K(19200K)->19010K(19200K) NonClass: 16344K(16448K)->16344K(16448K) Class: 2666K(2752K)->2666K(2752K)
[480.551s][info][gc             ] GC(1770) Pause Young (Allocation Failure) 635M->514M(868M) 42.263ms
[480.551s][info][gc,cpu         ] GC(1770) User=0.09s Sys=0.00s Real=0.04s
[480.689s][info][gc,start       ] GC(1771) Pause Young (Allocation Failure)
[480.754s][info][gc,heap        ] GC(1771) PSYoungGen: 180096K(221184K)->67616K(221696K) Eden: 136192K(136192K)->0K(136192K) From: 43904K(84992K)->67616K(85504K)
[480.754s][info][gc,heap        ] GC(1771) ParOldGen: 482702K(667648K)->482702K(667648K)
[480.754s][info][gc,metaspace   ] GC(1771) Metaspace: 19010K(19200K)->19010K(19200K) NonClass: 16344K(16448K)->16344K(16448K) Class: 2666K(2752K)->2666K(2752K)
[480.754s][info][gc             ] GC(1771) Pause Young (Allocation Failure) 647M->537M(868M) 64.762ms
[480.754s][info][gc,cpu         ] GC(1771) User=0.13s Sys=0.00s Real=0.06s
[480.885s][info][gc,start       ] GC(1772) Pause Young (Allocation Failure)
[480.989s][info][gc,heap        ] GC(1772) PSYoungGen: 203808K(221696K)->87584K(210944K) Eden: 136192K(136192K)->0K(116736K) From: 67616K(85504K)->87584K(94208K)
[480.989s][info][gc,heap        ] GC(1772) ParOldGen: 482702K(667648K)->482702K(667648K)
[480.989s][info][gc,metaspace   ] GC(1772) Metaspace: 19010K(19200K)->19010K(19200K) NonClass: 16344K(16448K)->16344K(16448K) Class: 2666K(2752K)->2666K(2752K)
[480.989s][info][gc             ] GC(1772) Pause Young (Allocation Failure) 670M->556M(858M) 104.083ms
[480.989s][info][gc,cpu         ] GC(1772) User=0.19s Sys=0.02s Real=0.11s
[481.115s][info][gc,start       ] GC(1773) Pause Young (Allocation Failure)
[481.207s][info][gc,heap        ] GC(1773) PSYoungGen: 204320K(210944K)->98544K(215552K) Eden: 116736K(116736K)->0K(116736K) From: 87584K(94208K)->98544K(98816K)
[481.207s][info][gc,heap        ] GC(1773) ParOldGen: 482702K(667648K)->482702K(667648K)
[481.207s][info][gc,metaspace   ] GC(1773) Metaspace: 19010K(19200K)->19010K(19200K) NonClass: 16344K(16448K)->16344K(16448K) Class: 2666K(2752K)->2666K(2752K)
[481.207s][info][gc             ] GC(1773) Pause Young (Allocation Failure) 670M->567M(862M) 92.064ms
[481.207s][info][gc,cpu         ] GC(1773) User=0.18s Sys=0.00s Real=0.09s
[481.350s][info][gc,start       ] GC(1774) Pause Young (Allocation Failure)
[481.444s][info][gc,heap        ] GC(1774) PSYoungGen: 215280K(215552K)->99920K(222720K) Eden: 116736K(116736K)->0K(111616K) From: 98544K(98816K)->99920K(111104K)
[481.444s][info][gc,heap        ] GC(1774) ParOldGen: 482702K(667648K)->482702K(667648K)
[481.444s][info][gc,metaspace   ] GC(1774) Metaspace: 19010K(19200K)->19010K(19200K) NonClass: 16344K(16448K)->16344K(16448K) Class: 2666K(2752K)->2666K(2752K)
[481.445s][info][gc             ] GC(1774) Pause Young (Allocation Failure) 681M->568M(869M) 94.514ms
[481.445s][info][gc,cpu         ] GC(1774) User=0.18s Sys=0.00s Real=0.09s
[481.559s][info][gc,start       ] GC(1775) Pause Young (Allocation Failure)
[481.656s][info][gc,heap        ] GC(1775) PSYoungGen: 211536K(222720K)->81424K(222720K) Eden: 111616K(111616K)->0K(111616K) From: 99920K(111104K)->81424K(111104K)
[481.656s][info][gc,heap        ] GC(1775) ParOldGen: 482702K(667648K)->504630K(667648K)
[481.656s][info][gc,metaspace   ] GC(1775) Metaspace: 19010K(19200K)->19010K(19200K) NonClass: 16344K(16448K)->16344K(16448K) Class: 2666K(2752K)->2666K(2752K)
[481.656s][info][gc             ] GC(1775) Pause Young (Allocation Failure) 677M->572M(869M) 96.554ms
[481.656s][info][gc,cpu         ] GC(1775) User=0.19s Sys=0.00s Real=0.09s
[481.781s][info][gc,start       ] GC(1776) Pause Young (Allocation Failure)
[481.858s][info][gc,heap        ] GC(1776) PSYoungGen: 193040K(222720K)->66960K(222720K) Eden: 111616K(111616K)->0K(111616K) From: 81424K(111104K)->66960K(111104K)
[481.858s][info][gc,heap        ] GC(1776) ParOldGen: 504630K(667648K)->519182K(667648K)
[481.858s][info][gc,metaspace   ] GC(1776) Metaspace: 19010K(19200K)->19010K(19200K) NonClass: 16344K(16448K)->16344K(16448K) Class: 2666K(2752K)->2666K(2752K)
[481.858s][info][gc             ] GC(1776) Pause Young (Allocation Failure) 681M->572M(869M) 76.973ms
[481.858s][info][gc,cpu         ] GC(1776) User=0.15s Sys=0.00s Real=0.08s
[482.010s][info][gc,start       ] GC(1777) Pause Young (Allocation Failure)
[482.093s][info][gc,heap        ] GC(1777) PSYoungGen: 178576K(222720K)->83680K(222720K) Eden: 111616K(111616K)->0K(111616K) From: 66960K(111104K)->83680K(111104K)
[482.093s][info][gc,heap        ] GC(1777) ParOldGen: 519182K(667648K)->522686K(667648K)
[482.093s][info][gc,metaspace   ] GC(1777) Metaspace: 19010K(19200K)->19010K(19200K) NonClass: 16344K(16448K)->16344K(16448K) Class: 2666K(2752K)->2666K(2752K)
[482.093s][info][gc             ] GC(1777) Pause Young (Allocation Failure) 681M->592M(869M) 82.561ms
[482.093s][info][gc,cpu         ] GC(1777) User=0.16s Sys=0.00s Real=0.08s
[482.299s][info][gc,start       ] GC(1778) Pause Young (Allocation Failure)
[482.383s][info][gc,heap        ] GC(1778) PSYoungGen: 195296K(222720K)->59168K(222720K) Eden: 111616K(111616K)->0K(111616K) From: 83680K(111104K)->59168K(111104K)
[482.383s][info][gc,heap        ] GC(1778) ParOldGen: 522686K(667648K)->550487K(667648K)
[482.383s][info][gc,metaspace   ] GC(1778) Metaspace: 19010K(19200K)->19010K(19200K) NonClass: 16344K(16448K)->16344K(16448K) Class: 2666K(2752K)->2666K(2752K)
[482.383s][info][gc             ] GC(1778) Pause Young (Allocation Failure) 701M->595M(869M) 84.418ms
[482.383s][info][gc,cpu         ] GC(1778) User=0.17s Sys=0.00s Real=0.08s
[482.696s][info][gc,start       ] GC(1779) Pause Young (Allocation Failure)
[482.752s][info][gc,heap        ] GC(1779) PSYoungGen: 170784K(222720K)->28368K(222720K) Eden: 111616K(111616K)->0K(111616K) From: 59168K(111104K)->28368K(111104K)
[482.752s][info][gc,heap        ] GC(1779) ParOldGen: 550487K(667648K)->581479K(667648K)
[482.752s][info][gc,metaspace   ] GC(1779) Metaspace: 19010K(19200K)->19010K(19200K) NonClass: 16344K(16448K)->16344K(16448K) Class: 2666K(2752K)->2666K(2752K)
[482.752s][info][gc             ] GC(1779) Pause Young (Allocation Failure) 704M->595M(869M) 56.076ms
[482.752s][info][gc,cpu         ] GC(1779) User=0.11s Sys=0.00s Real=0.06s
[483.017s][info][gc,start       ] GC(1780) Pause Young (Allocation Failure)
[483.046s][info][gc,heap        ] GC(1780) PSYoungGen: 139984K(222720K)->23552K(222720K) Eden: 111616K(111616K)->0K(111616K) From: 28368K(111104K)->23552K(111104K)
[483.046s][info][gc,heap        ] GC(1780) ParOldGen: 581479K(667648K)->586239K(667648K)
[483.046s][info][gc,metaspace   ] GC(1780) Metaspace: 19010K(19200K)->19010K(19200K) NonClass: 16344K(16448K)->16344K(16448K) Class: 2666K(2752K)->2666K(2752K)
[483.046s][info][gc             ] GC(1780) Pause Young (Allocation Failure) 704M->595M(869M) 28.769ms
[483.046s][info][gc,cpu         ] GC(1780) User=0.06s Sys=0.00s Real=0.03s
[483.293s][info][gc,start       ] GC(1781) Pause Young (Allocation Failure)
[483.318s][info][gc,heap        ] GC(1781) PSYoungGen: 135168K(222720K)->3296K(222720K) Eden: 111616K(111616K)->0K(111616K) From: 23552K(111104K)->3296K(111104K)
[483.318s][info][gc,heap        ] GC(1781) ParOldGen: 586239K(667648K)->606551K(667648K)
[483.318s][info][gc,metaspace   ] GC(1781) Metaspace: 19010K(19200K)->19010K(19200K) NonClass: 16344K(16448K)->16344K(16448K) Class: 2666K(2752K)->2666K(2752K)
[483.318s][info][gc             ] GC(1781) Pause Young (Allocation Failure) 704M->595M(869M) 25.381ms
[483.318s][info][gc,cpu         ] GC(1781) User=0.05s Sys=0.00s Real=0.03s
[483.564s][info][gc,start       ] GC(1782) Pause Young (Allocation Failure)
[483.569s][info][gc,heap        ] GC(1782) PSYoungGen: 114912K(222720K)->96K(222720K) Eden: 111616K(111616K)->0K(111616K) From: 3296K(111104K)->96K(111104K)
[483.569s][info][gc,heap        ] GC(1782) ParOldGen: 606551K(667648K)->609783K(667648K)
[483.569s][info][gc,metaspace   ] GC(1782) Metaspace: 19010K(19200K)->19010K(19200K) NonClass: 16344K(16448K)->16344K(16448K) Class: 2666K(2752K)->2666K(2752K)
[483.569s][info][gc             ] GC(1782) Pause Young (Allocation Failure) 704M->595M(869M) 5.266ms
[483.569s][info][gc,cpu         ] GC(1782) User=0.01s Sys=0.00s Real=0.01s
[483.800s][info][gc,start       ] GC(1783) Pause Young (Allocation Failure)
[483.802s][info][gc,heap        ] GC(1783) PSYoungGen: 111712K(222720K)->64K(222720K) Eden: 111616K(111616K)->0K(111616K) From: 96K(111104K)->64K(111104K)
[483.802s][info][gc,heap        ] GC(1783) ParOldGen: 609783K(667648K)->609855K(667648K)
[483.803s][info][gc,metaspace   ] GC(1783) Metaspace: 19010K(19200K)->19010K(19200K) NonClass: 16344K(16448K)->16344K(16448K) Class: 2666K(2752K)->2666K(2752K)
[483.803s][info][gc             ] GC(1783) Pause Young (Allocation Failure) 704M->595M(869M) 2.186ms
[483.803s][info][gc,cpu         ] GC(1783) User=0.01s Sys=0.00s Real=0.00s
[484.072s][info][gc,start       ] GC(1784) Pause Young (Allocation Failure)
[484.074s][info][gc,heap        ] GC(1784) PSYoungGen: 111680K(222720K)->192K(222720K) Eden: 111616K(111616K)->0K(111616K) From: 64K(111104K)->192K(111104K)
[484.074s][info][gc,heap        ] GC(1784) ParOldGen: 609855K(667648K)->609871K(667648K)
[484.074s][info][gc,metaspace   ] GC(1784) Metaspace: 19010K(19200K)->19010K(19200K) NonClass: 16344K(16448K)->16344K(16448K) Class: 2666K(2752K)->2666K(2752K)
[484.074s][info][gc             ] GC(1784) Pause Young (Allocation Failure) 704M->595M(869M) 2.162ms
[484.074s][info][gc,cpu         ] GC(1784) User=0.00s Sys=0.00s Real=0.00s
[484.250s][info][gc,start       ] GC(1785) Pause Young (Allocation Failure)
[484.261s][info][gc,heap        ] GC(1785) PSYoungGen: 111808K(222720K)->12272K(222720K) Eden: 111616K(111616K)->0K(111616K) From: 192K(111104K)->12272K(111104K)
[484.261s][info][gc,heap        ] GC(1785) ParOldGen: 609871K(667648K)->610031K(667648K)
[484.261s][info][gc,metaspace   ] GC(1785) Metaspace: 19011K(19200K)->19011K(19200K) NonClass: 16345K(16448K)->16345K(16448K) Class: 2666K(2752K)->2666K(2752K)
[484.261s][info][gc             ] GC(1785) Pause Young (Allocation Failure) 704M->607M(869M) 10.973ms
[484.261s][info][gc,cpu         ] GC(1785) User=0.03s Sys=0.00s Real=0.01s
[484.321s][info][gc,start       ] GC(1786) Pause Young (Allocation Failure)
[484.358s][info][gc,heap        ] GC(1786) PSYoungGen: 123888K(222720K)->40000K(222720K) Eden: 111616K(111616K)->0K(111616K) From: 12272K(111104K)->40000K(111104K)
[484.358s][info][gc,heap        ] GC(1786) ParOldGen: 610031K(667648K)->622392K(667648K)
[484.358s][info][gc,metaspace   ] GC(1786) Metaspace: 19011K(19200K)->19011K(19200K) NonClass: 16345K(16448K)->16345K(16448K) Class: 2666K(2752K)->2666K(2752K)
[484.358s][info][gc             ] GC(1786) Pause Young (Allocation Failure) 716M->646M(869M) 37.125ms
[484.358s][info][gc,cpu         ] GC(1786) User=0.08s Sys=0.00s Real=0.04s
[484.522s][info][gc,start       ] GC(1787) Pause Young (Allocation Failure)
[484.562s][info][gc,heap        ] GC(1787) PSYoungGen: 151616K(222720K)->20160K(132096K) Eden: 111616K(111616K)->0K(111616K) From: 40000K(111104K)->20160K(20480K)
[484.562s][info][gc,heap        ] GC(1787) ParOldGen: 622392K(667648K)->662832K(667648K)
[484.562s][info][gc,metaspace   ] GC(1787) Metaspace: 19011K(19200K)->19011K(19200K) NonClass: 16345K(16448K)->16345K(16448K) Class: 2666K(2752K)->2666K(2752K)
[484.562s][info][gc             ] GC(1787) Pause Young (Allocation Failure) 755M->666M(781M) 39.735ms
[484.562s][info][gc,cpu         ] GC(1787) User=0.08s Sys=0.00s Real=0.04s
[484.653s][info][gc,start       ] GC(1788) Pause Full (Allocation Failure)
[484.654s][info][gc,phases,start] GC(1788) Marking Phase
[485.065s][info][gc,phases      ] GC(1788) Marking Phase 411.147ms
[485.065s][info][gc,phases,start] GC(1788) Summary Phase
[485.065s][info][gc,phases      ] GC(1788) Summary Phase 0.026ms
[485.065s][info][gc,phases,start] GC(1788) Forward
[485.173s][info][gc,phases      ] GC(1788) Forward 108.391ms
[485.173s][info][gc,phases,start] GC(1788) Adjust Pointers
[485.472s][info][gc,phases      ] GC(1788) Adjust Pointers 298.350ms
[485.472s][info][gc,phases,start] GC(1788) Compaction Phase
[485.648s][info][gc,phases      ] GC(1788) Compaction Phase 176.480ms
[485.657s][info][gc,phases,start] GC(1788) Post Compact
[485.660s][info][gc,phases      ] GC(1788) Post Compact 2.264ms
[485.660s][info][gc,heap        ] GC(1788) PSYoungGen: 131776K(132096K)->0K(218624K) Eden: 111616K(111616K)->0K(111616K) From: 20160K(20480K)->0K(107008K)
[485.660s][info][gc,heap        ] GC(1788) ParOldGen: 662832K(667648K)->594115K(667648K)
[485.660s][info][gc,metaspace   ] GC(1788) Metaspace: 19011K(19200K)->19011K(19200K) NonClass: 16345K(16448K)->16345K(16448K) Class: 2666K(2752K)->2666K(2752K)
[485.660s][info][gc             ] GC(1788) Pause Full (Allocation Failure) 775M->580M(865M) 1006.156ms
[485.660s][info][gc,cpu         ] GC(1788) User=1.92s Sys=0.00s Real=1.01s
[485.865s][info][gc,start       ] GC(1789) Pause Young (Allocation Failure)
[485.895s][info][gc,heap        ] GC(1789) PSYoungGen: 111616K(218624K)->17046K(218624K) Eden: 111616K(111616K)->0K(111616K) From: 0K(107008K)->17046K(107008K)
[485.895s][info][gc,heap        ] GC(1789) ParOldGen: 594115K(667648K)->594115K(667648K)
[485.895s][info][gc,metaspace   ] GC(1789) Metaspace: 19011K(19200K)->19011K(19200K) NonClass: 16345K(16448K)->16345K(16448K) Class: 2666K(2752K)->2666K(2752K)
[485.895s][info][gc             ] GC(1789) Pause Young (Allocation Failure) 689M->596M(865M) 30.267ms
[485.895s][info][gc,cpu         ] GC(1789) User=0.06s Sys=0.00s Real=0.03s
[486.059s][info][gc,start       ] GC(1790) Pause Young (Allocation Failure)
[486.087s][info][gc,heap        ] GC(1790) PSYoungGen: 128662K(218624K)->19136K(208896K) Eden: 111616K(111616K)->0K(118272K) From: 17046K(107008K)->19136K(90624K)
[486.088s][info][gc,heap        ] GC(1790) ParOldGen: 594115K(667648K)->594115K(667648K)
[486.088s][info][gc,metaspace   ] GC(1790) Metaspace: 19011K(19200K)->19011K(19200K) NonClass: 16345K(16448K)->16345K(16448K) Class: 2666K(2752K)->2666K(2752K)
[486.088s][info][gc             ] GC(1790) Pause Young (Allocation Failure) 705M->598M(856M) 28.258ms
[486.088s][info][gc,cpu         ] GC(1790) User=0.05s Sys=0.00s Real=0.03s
[486.214s][info][gc,start       ] GC(1791) Pause Young (Allocation Failure)
[486.255s][info][gc,heap        ] GC(1791) PSYoungGen: 137408K(208896K)->41606K(214528K) Eden: 118272K(118272K)->0K(118272K) From: 19136K(90624K)->41606K(96256K)
[486.255s][info][gc,heap        ] GC(1791) ParOldGen: 594115K(667648K)->594115K(667648K)
[486.255s][info][gc,metaspace   ] GC(1791) Metaspace: 19011K(19200K)->19011K(19200K) NonClass: 16345K(16448K)->16345K(16448K) Class: 2666K(2752K)->2666K(2752K)
[486.255s][info][gc             ] GC(1791) Pause Young (Allocation Failure) 714M->620M(861M) 41.237ms
[486.255s][info][gc,cpu         ] GC(1791) User=0.09s Sys=0.00s Real=0.04s
[486.316s][info][gc,start       ] GC(1792) Pause Young (Allocation Failure)
[486.387s][info][gc,heap        ] GC(1792) PSYoungGen: 159878K(214528K)->80486K(208384K) Eden: 118272K(118272K)->0K(114176K) From: 41606K(96256K)->80486K(94208K)
[486.387s][info][gc,heap        ] GC(1792) ParOldGen: 594115K(667648K)->594115K(667648K)
[486.387s][info][gc,metaspace   ] GC(1792) Metaspace: 19011K(19200K)->19011K(19200K) NonClass: 16345K(16448K)->16345K(16448K) Class: 2666K(2752K)->2666K(2752K)
[486.387s][info][gc             ] GC(1792) Pause Young (Allocation Failure) 736M->658M(855M) 71.006ms
[486.387s][info][gc,cpu         ] GC(1792) User=0.14s Sys=0.00s Real=0.08s
[486.515s][info][gc,start       ] GC(1793) Pause Young (Allocation Failure)
[486.586s][info][gc,heap        ] GC(1793) PSYoungGen: 194662K(208384K)->96390K(220672K) Eden: 114176K(114176K)->0K(114176K) From: 80486K(94208K)->96390K(106496K)
[486.586s][info][gc,heap        ] GC(1793) ParOldGen: 594115K(667648K)->594115K(667648K)
[486.586s][info][gc,metaspace   ] GC(1793) Metaspace: 19011K(19200K)->19011K(19200K) NonClass: 16345K(16448K)->16345K(16448K) Class: 2666K(2752K)->2666K(2752K)
[486.586s][info][gc             ] GC(1793) Pause Young (Allocation Failure) 770M->674M(867M) 70.774ms
[486.586s][info][gc,cpu         ] GC(1793) User=0.14s Sys=0.00s Real=0.07s
[486.705s][info][gc,start       ] GC(1794) Pause Young (Allocation Failure)
[486.773s][info][gc,heap        ] GC(1794) PSYoungGen: 210566K(220672K)->79440K(222720K) Eden: 114176K(114176K)->0K(111616K) From: 96390K(106496K)->79440K(111104K)
[486.773s][info][gc,heap        ] GC(1794) ParOldGen: 594115K(667648K)->611185K(667648K)
[486.773s][info][gc,metaspace   ] GC(1794) Metaspace: 19011K(19200K)->19011K(19200K) NonClass: 16345K(16448K)->16345K(16448K) Class: 2666K(2752K)->2666K(2752K)
[486.773s][info][gc             ] GC(1794) Pause Young (Allocation Failure) 785M->674M(869M) 68.389ms
[486.773s][info][gc,cpu         ] GC(1794) User=0.13s Sys=0.00s Real=0.07s
[486.893s][info][gc,start       ] GC(1795) Pause Young (Allocation Failure)
[486.939s][info][gc,heap        ] GC(1795) PSYoungGen: 191056K(222720K)->55008K(222720K) Eden: 111616K(111616K)->0K(111616K) From: 79440K(111104K)->55008K(111104K)
[486.939s][info][gc,heap        ] GC(1795) ParOldGen: 611185K(667648K)->635906K(667648K)
[486.939s][info][gc,metaspace   ] GC(1795) Metaspace: 19011K(19200K)->19011K(19200K) NonClass: 16345K(16448K)->16345K(16448K) Class: 2666K(2752K)->2666K(2752K)
[486.939s][info][gc             ] GC(1795) Pause Young (Allocation Failure) 783M->674M(869M) 45.863ms
[486.939s][info][gc,cpu         ] GC(1795) User=0.09s Sys=0.00s Real=0.05s
[487.054s][info][gc,start       ] GC(1796) Pause Full (Allocation Failure)
[487.054s][info][gc,phases,start] GC(1796) Marking Phase
[487.289s][info][gc,phases      ] GC(1796) Marking Phase 235.082ms
[487.289s][info][gc,phases,start] GC(1796) Summary Phase
[487.289s][info][gc,phases      ] GC(1796) Summary Phase 0.027ms
[487.289s][info][gc,phases,start] GC(1796) Forward
[487.393s][info][gc,phases      ] GC(1796) Forward 104.072ms
[487.393s][info][gc,phases,start] GC(1796) Adjust Pointers
[487.575s][info][gc,phases      ] GC(1796) Adjust Pointers 181.928ms
[487.575s][info][gc,phases,start] GC(1796) Compaction Phase
[487.684s][info][gc,phases      ] GC(1796) Compaction Phase 109.036ms
[487.692s][info][gc,phases,start] GC(1796) Post Compact
[487.695s][info][gc,phases      ] GC(1796) Post Compact 2.283ms
[487.695s][info][gc,heap        ] GC(1796) PSYoungGen: 166624K(222720K)->0K(222720K) Eden: 111616K(111616K)->0K(111616K) From: 55008K(111104K)->0K(111104K)
[487.695s][info][gc,heap        ] GC(1796) ParOldGen: 635906K(667648K)->375685K(667648K)
[487.695s][info][gc,metaspace   ] GC(1796) Metaspace: 19011K(19200K)->19011K(19200K) NonClass: 16345K(16448K)->16345K(16448K) Class: 2666K(2752K)->2666K(2752K)
[487.695s][info][gc             ] GC(1796) Pause Full (Allocation Failure) 783M->366M(869M) 641.129ms
[487.695s][info][gc,cpu         ] GC(1796) User=1.16s Sys=0.00s Real=0.64s
[487.809s][info][gc,start       ] GC(1797) Pause Young (Allocation Failure)
[487.811s][info][gc,heap        ] GC(1797) PSYoungGen: 111616K(222720K)->128K(222720K) Eden: 111616K(111616K)->0K(111616K) From: 0K(111104K)->128K(111104K)
[487.811s][info][gc,heap        ] GC(1797) ParOldGen: 375685K(667648K)->375685K(667648K)
[487.811s][info][gc,metaspace   ] GC(1797) Metaspace: 19011K(19200K)->19011K(19200K) NonClass: 16345K(16448K)->16345K(16448K) Class: 2666K(2752K)->2666K(2752K)
[487.811s][info][gc             ] GC(1797) Pause Young (Allocation Failure) 475M->367M(869M) 1.682ms
[487.811s][info][gc,cpu         ] GC(1797) User=0.00s Sys=0.00s Real=0.00s
[487.924s][info][gc,start       ] GC(1798) Pause Young (Allocation Failure)
[487.926s][info][gc,heap        ] GC(1798) PSYoungGen: 111744K(222720K)->192K(222720K) Eden: 111616K(111616K)->0K(111616K) From: 128K(111104K)->192K(111104K)
[487.926s][info][gc,heap        ] GC(1798) ParOldGen: 375685K(667648K)->375685K(667648K)
[487.926s][info][gc,metaspace   ] GC(1798) Metaspace: 19011K(19200K)->19011K(19200K) NonClass: 16345K(16448K)->16345K(16448K) Class: 2666K(2752K)->2666K(2752K)
[487.926s][info][gc             ] GC(1798) Pause Young (Allocation Failure) 476M->367M(869M) 1.706ms
[487.926s][info][gc,cpu         ] GC(1798) User=0.00s Sys=0.00s Real=0.00s
[488.038s][info][gc,start       ] GC(1799) Pause Young (Allocation Failure)
[488.040s][info][gc,heap        ] GC(1799) PSYoungGen: 111808K(222720K)->128K(222720K) Eden: 111616K(111616K)->0K(111616K) From: 192K(111104K)->128K(111104K)
[488.040s][info][gc,heap        ] GC(1799) ParOldGen: 375685K(667648K)->375853K(667648K)
[488.040s][info][gc,metaspace   ] GC(1799) Metaspace: 19011K(19200K)->19011K(19200K) NonClass: 16345K(16448K)->16345K(16448K) Class: 2666K(2752K)->2666K(2752K)
[488.040s][info][gc             ] GC(1799) Pause Young (Allocation Failure) 476M->367M(869M) 1.897ms
[488.040s][info][gc,cpu         ] GC(1799) User=0.01s Sys=0.00s Real=0.00s
[488.151s][info][gc,start       ] GC(1800) Pause Young (Allocation Failure)
[488.153s][info][gc,heap        ] GC(1800) PSYoungGen: 111744K(222720K)->128K(222720K) Eden: 111616K(111616K)->0K(111616K) From: 128K(111104K)->128K(111104K)
[488.153s][info][gc,heap        ] GC(1800) ParOldGen: 375853K(667648K)->375949K(667648K)
[488.153s][info][gc,metaspace   ] GC(1800) Metaspace: 19011K(19200K)->19011K(19200K) NonClass: 16345K(16448K)->16345K(16448K) Class: 2666K(2752K)->2666K(2752K)
[488.153s][info][gc             ] GC(1800) Pause Young (Allocation Failure) 476M->367M(869M) 1.991ms
[488.153s][info][gc,cpu         ] GC(1800) User=0.00s Sys=0.00s Real=0.00s
[488.264s][info][gc,start       ] GC(1801) Pause Young (Allocation Failure)
[488.266s][info][gc,heap        ] GC(1801) PSYoungGen: 111744K(222720K)->128K(222720K) Eden: 111616K(111616K)->0K(111616K) From: 128K(111104K)->128K(111104K)
[488.266s][info][gc,heap        ] GC(1801) ParOldGen: 375949K(667648K)->376045K(667648K)
[488.266s][info][gc,metaspace   ] GC(1801) Metaspace: 19011K(19200K)->19011K(19200K) NonClass: 16345K(16448K)->16345K(16448K) Class: 2666K(2752K)->2666K(2752K)
[488.266s][info][gc             ] GC(1801) Pause Young (Allocation Failure) 476M->367M(869M) 1.789ms
[488.266s][info][gc,cpu         ] GC(1801) User=0.00s Sys=0.00s Real=0.00s
[488.395s][info][gc,start       ] GC(1802) Pause Young (Allocation Failure)
[488.398s][info][gc,heap        ] GC(1802) PSYoungGen: 111744K(222720K)->800K(219648K) Eden: 111616K(111616K)->0K(111616K) From: 128K(111104K)->800K(108032K)
[488.398s][info][gc,heap        ] GC(1802) ParOldGen: 376045K(667648K)->376117K(667648K)
[488.398s][info][gc,metaspace   ] GC(1802) Metaspace: 19011K(19200K)->19011K(19200K) NonClass: 16345K(16448K)->16345K(16448K) Class: 2666K(2752K)->2666K(2752K)
[488.398s][info][gc             ] GC(1802) Pause Young (Allocation Failure) 476M->368M(866M) 3.266ms
[488.398s][info][gc,cpu         ] GC(1802) User=0.01s Sys=0.00s Real=0.01s
[488.494s][info][gc,start       ] GC(1803) Pause Young (Allocation Failure)
[488.508s][info][gc,heap        ] GC(1803) PSYoungGen: 112416K(219648K)->3520K(221184K) Eden: 111616K(111616K)->0K(111616K) From: 800K(108032K)->3520K(109568K)
[488.508s][info][gc,heap        ] GC(1803) ParOldGen: 376117K(667648K)->376117K(667648K)
[488.508s][info][gc,metaspace   ] GC(1803) Metaspace: 19011K(19200K)->19011K(19200K) NonClass: 16345K(16448K)->16345K(16448K) Class: 2666K(2752K)->2666K(2752K)
[488.508s][info][gc             ] GC(1803) Pause Young (Allocation Failure) 477M->370M(868M) 14.071ms
[488.508s][info][gc,cpu         ] GC(1803) User=0.02s Sys=0.00s Real=0.02s
[488.652s][info][gc,start       ] GC(1804) Pause Young (Allocation Failure)
[488.684s][info][gc,heap        ] GC(1804) PSYoungGen: 115136K(221184K)->18987K(207872K) Eden: 111616K(111616K)->0K(117248K) From: 3520K(109568K)->18987K(90624K)
[488.684s][info][gc,heap        ] GC(1804) ParOldGen: 376117K(667648K)->376117K(667648K)
[488.684s][info][gc,metaspace   ] GC(1804) Metaspace: 19011K(19200K)->19011K(19200K) NonClass: 16345K(16448K)->16345K(16448K) Class: 2666K(2752K)->2666K(2752K)
[488.684s][info][gc             ] GC(1804) Pause Young (Allocation Failure) 479M->385M(855M) 31.681ms
[488.684s][info][gc,cpu         ] GC(1804) User=0.06s Sys=0.00s Real=0.03s
[488.802s][info][gc,start       ] GC(1805) Pause Young (Allocation Failure)
[488.848s][info][gc,heap        ] GC(1805) PSYoungGen: 136235K(207872K)->34731K(214528K) Eden: 117248K(117248K)->0K(117248K) From: 18987K(90624K)->34731K(97280K)
[488.848s][info][gc,heap        ] GC(1805) ParOldGen: 376117K(667648K)->376117K(667648K)
[488.848s][info][gc,metaspace   ] GC(1805) Metaspace: 19011K(19200K)->19011K(19200K) NonClass: 16345K(16448K)->16345K(16448K) Class: 2666K(2752K)->2666K(2752K)
[488.848s][info][gc             ] GC(1805) Pause Young (Allocation Failure) 500M->401M(861M) 46.566ms
[488.848s][info][gc,cpu         ] GC(1805) User=0.10s Sys=0.00s Real=0.05s
[488.963s][info][gc,start       ] GC(1806) Pause Young (Allocation Failure)
[489.024s][info][gc,heap        ] GC(1806) PSYoungGen: 151979K(214528K)->50635K(216064K) Eden: 117248K(117248K)->0K(121856K) From: 34731K(97280K)->50635K(94208K)
[489.024s][info][gc,heap        ] GC(1806) ParOldGen: 376117K(667648K)->376117K(667648K)
[489.024s][info][gc,metaspace   ] GC(1806) Metaspace: 19011K(19200K)->19011K(19200K) NonClass: 16345K(16448K)->16345K(16448K) Class: 2666K(2752K)->2666K(2752K)
[489.024s][info][gc             ] GC(1806) Pause Young (Allocation Failure) 515M->416M(863M) 61.123ms
[489.024s][info][gc,cpu         ] GC(1806) User=0.12s Sys=0.00s Real=0.06s
[489.108s][info][gc,start       ] GC(1807) Pause Young (Allocation Failure)
[489.173s][info][gc,heap        ] GC(1807) PSYoungGen: 172491K(216064K)->54539K(219136K) Eden: 121856K(121856K)->0K(121856K) From: 50635K(94208K)->54539K(97280K)
[489.173s][info][gc,heap        ] GC(1807) ParOldGen: 376117K(667648K)->376117K(667648K)
[489.173s][info][gc,metaspace   ] GC(1807) Metaspace: 19012K(19200K)->19012K(19200K) NonClass: 16346K(16448K)->16346K(16448K) Class: 2666K(2752K)->2666K(2752K)
[489.173s][info][gc             ] GC(1807) Pause Young (Allocation Failure) 535M->420M(866M) 64.330ms
[489.173s][info][gc,cpu         ] GC(1807) User=0.13s Sys=0.00s Real=0.06s
[489.281s][info][gc,start       ] GC(1808) Pause Young (Allocation Failure)
[489.347s][info][gc,heap        ] GC(1808) PSYoungGen: 176395K(219136K)->55819K(227840K) Eden: 121856K(121856K)->0K(126976K) From: 54539K(97280K)->55819K(100864K)
[489.347s][info][gc,heap        ] GC(1808) ParOldGen: 376117K(667648K)->376117K(667648K)
[489.347s][info][gc,metaspace   ] GC(1808) Metaspace: 19012K(19200K)->19012K(19200K) NonClass: 16346K(16448K)->16346K(16448K) Class: 2666K(2752K)->2666K(2752K)
[489.347s][info][gc             ] GC(1808) Pause Young (Allocation Failure) 539M->421M(874M) 65.999ms
[489.347s][info][gc,cpu         ] GC(1808) User=0.13s Sys=0.00s Real=0.06s
[489.461s][info][gc,start       ] GC(1809) Pause Young (Allocation Failure)
[489.529s][info][gc,heap        ] GC(1809) PSYoungGen: 182795K(227840K)->59179K(186368K) Eden: 126976K(126976K)->0K(126976K) From: 55819K(100864K)->59179K(59392K)
[489.529s][info][gc,heap        ] GC(1809) ParOldGen: 376117K(667648K)->376117K(667648K)
[489.529s][info][gc,metaspace   ] GC(1809) Metaspace: 19012K(19200K)->19012K(19200K) NonClass: 16346K(16448K)->16346K(16448K) Class: 2666K(2752K)->2666K(2752K)
[489.529s][info][gc             ] GC(1809) Pause Young (Allocation Failure) 545M->425M(834M) 68.036ms
[489.529s][info][gc,cpu         ] GC(1809) User=0.14s Sys=0.00s Real=0.07s
[489.624s][info][gc,start       ] GC(1810) Pause Young (Allocation Failure)
[489.697s][info][gc,heap        ] GC(1810) PSYoungGen: 186155K(186368K)->58443K(224256K) Eden: 126976K(126976K)->0K(117760K) From: 59179K(59392K)->58443K(106496K)
[489.697s][info][gc,heap        ] GC(1810) ParOldGen: 376117K(667648K)->376909K(667648K)
[489.697s][info][gc,metaspace   ] GC(1810) Metaspace: 19012K(19200K)->19012K(19200K) NonClass: 16346K(16448K)->16346K(16448K) Class: 2666K(2752K)->2666K(2752K)
[489.697s][info][gc             ] GC(1810) Pause Young (Allocation Failure) 549M->425M(871M) 72.355ms
[489.697s][info][gc,cpu         ] GC(1810) User=0.14s Sys=0.00s Real=0.07s
[489.835s][info][gc,start       ] GC(1811) Pause Young (Allocation Failure)
[489.910s][info][gc,heap        ] GC(1811) PSYoungGen: 176203K(224256K)->64587K(182784K) Eden: 117760K(117760K)->0K(117760K) From: 58443K(106496K)->64587K(65024K)
[489.910s][info][gc,heap        ] GC(1811) ParOldGen: 376909K(667648K)->379637K(667648K)
[489.910s][info][gc,metaspace   ] GC(1811) Metaspace: 19012K(19200K)->19012K(19200K) NonClass: 16346K(16448K)->16346K(16448K) Class: 2666K(2752K)->2666K(2752K)
[489.910s][info][gc             ] GC(1811) Pause Young (Allocation Failure) 540M->433M(830M) 75.333ms
[489.910s][info][gc,cpu         ] GC(1811) User=0.14s Sys=0.00s Real=0.08s
[490.007s][info][gc,start       ] GC(1812) Pause Young (Allocation Failure)
[490.090s][info][gc,heap        ] GC(1812) PSYoungGen: 182347K(182784K)->48032K(226304K) Eden: 117760K(117760K)->0K(115200K) From: 64587K(65024K)->48032K(111104K)
[490.090s][info][gc,heap        ] GC(1812) ParOldGen: 379637K(667648K)->410926K(667648K)
[490.090s][info][gc,metaspace   ] GC(1812) Metaspace: 19012K(19200K)->19012K(19200K) NonClass: 16346K(16448K)->16346K(16448K) Class: 2666K(2752K)->2666K(2752K)
[490.090s][info][gc             ] GC(1812) Pause Young (Allocation Failure) 548M->448M(873M) 82.911ms
[490.090s][info][gc,cpu         ] GC(1812) User=0.17s Sys=0.00s Real=0.08s
[490.307s][info][gc,start       ] GC(1813) Pause Young (Allocation Failure)
[490.352s][info][gc,heap        ] GC(1813) PSYoungGen: 163232K(226304K)->28256K(143872K) Eden: 115200K(115200K)->0K(115200K) From: 48032K(111104K)->28256K(28672K)
[490.352s][info][gc,heap        ] GC(1813) ParOldGen: 410926K(667648K)->430782K(667648K)
[490.352s][info][gc,metaspace   ] GC(1813) Metaspace: 19012K(19200K)->19012K(19200K) NonClass: 16346K(16448K)->16346K(16448K) Class: 2666K(2752K)->2666K(2752K)
[490.352s][info][gc             ] GC(1813) Pause Young (Allocation Failure) 560M->448M(792M) 45.014ms
[490.352s][info][gc,cpu         ] GC(1813) User=0.09s Sys=0.00s Real=0.05s
[490.553s][info][gc,start       ] GC(1814) Pause Young (Allocation Failure)
[490.581s][info][gc,heap        ] GC(1814) PSYoungGen: 143456K(143872K)->27088K(222720K) Eden: 115200K(115200K)->0K(119808K) From: 28256K(28672K)->27088K(102912K)
[490.581s][info][gc,heap        ] GC(1814) ParOldGen: 430782K(667648K)->432054K(667648K)
[490.581s][info][gc,metaspace   ] GC(1814) Metaspace: 19012K(19200K)->19012K(19200K) NonClass: 16346K(16448K)->16346K(16448K) Class: 2666K(2752K)->2666K(2752K)
[490.581s][info][gc             ] GC(1814) Pause Young (Allocation Failure) 560M->448M(869M) 28.609ms
[490.581s][info][gc,cpu         ] GC(1814) User=0.06s Sys=0.00s Real=0.03s
[490.707s][info][gc,start       ] GC(1815) Pause Young (Allocation Failure)
[490.763s][info][gc,heap        ] GC(1815) PSYoungGen: 146896K(222720K)->51536K(218112K) Eden: 119808K(119808K)->0K(119808K) From: 27088K(102912K)->51536K(98304K)
[490.763s][info][gc,heap        ] GC(1815) ParOldGen: 432054K(667648K)->432054K(667648K)
[490.763s][info][gc,metaspace   ] GC(1815) Metaspace: 19012K(19200K)->19012K(19200K) NonClass: 16346K(16448K)->16346K(16448K) Class: 2666K(2752K)->2666K(2752K)
[490.763s][info][gc             ] GC(1815) Pause Young (Allocation Failure) 565M->472M(865M) 56.532ms
[490.763s][info][gc,cpu         ] GC(1815) User=0.11s Sys=0.00s Real=0.06s
[490.912s][info][gc,start       ] GC(1816) Pause Young (Allocation Failure)
[490.978s][info][gc,heap        ] GC(1816) PSYoungGen: 171344K(218112K)->68048K(223232K) Eden: 119808K(119808K)->0K(125952K) From: 51536K(98304K)->68048K(97280K)
[490.978s][info][gc,heap        ] GC(1816) ParOldGen: 432054K(667648K)->432054K(667648K)
[490.978s][info][gc,metaspace   ] GC(1816) Metaspace: 19012K(19200K)->19012K(19200K) NonClass: 16346K(16448K)->16346K(16448K) Class: 2666K(2752K)->2666K(2752K)
[490.978s][info][gc             ] GC(1816) Pause Young (Allocation Failure) 589M->488M(870M) 65.901ms
[490.978s][info][gc,cpu         ] GC(1816) User=0.13s Sys=0.00s Real=0.07s
[491.080s][info][gc,start       ] GC(1817) Pause Young (Allocation Failure)
[491.151s][info][gc,heap        ] GC(1817) PSYoungGen: 194000K(223232K)->68688K(195072K) Eden: 125952K(125952K)->0K(125952K) From: 68048K(97280K)->68688K(69120K)
[491.151s][info][gc,heap        ] GC(1817) ParOldGen: 432054K(667648K)->432054K(667648K)
[491.151s][info][gc,metaspace   ] GC(1817) Metaspace: 19012K(19200K)->19012K(19200K) NonClass: 16346K(16448K)->16346K(16448K) Class: 2666K(2752K)->2666K(2752K)
[491.151s][info][gc             ] GC(1817) Pause Young (Allocation Failure) 611M->489M(842M) 71.241ms
[491.151s][info][gc,cpu         ] GC(1817) User=0.14s Sys=0.00s Real=0.07s
[491.283s][info][gc,start       ] GC(1818) Pause Young (Allocation Failure)
[491.350s][info][gc,heap        ] GC(1818) PSYoungGen: 194640K(195072K)->67136K(223744K) Eden: 125952K(125952K)->0K(117760K) From: 68688K(69120K)->67136K(105984K)
[491.351s][info][gc,heap        ] GC(1818) ParOldGen: 432054K(667648K)->435422K(667648K)
[491.351s][info][gc,metaspace   ] GC(1818) Metaspace: 19012K(19200K)->19012K(19200K) NonClass: 16346K(16448K)->16346K(16448K) Class: 2666K(2752K)->2666K(2752K)
[491.351s][info][gc             ] GC(1818) Pause Young (Allocation Failure) 612M->490M(870M) 67.544ms
[491.351s][info][gc,cpu         ] GC(1818) User=0.13s Sys=0.00s Real=0.07s
[491.475s][info][gc,start       ] GC(1819) Pause Young (Allocation Failure)
[491.544s][info][gc,heap        ] GC(1819) PSYoungGen: 184896K(223744K)->71328K(189440K) Eden: 117760K(117760K)->0K(117760K) From: 67136K(105984K)->71328K(71680K)
[491.544s][info][gc,heap        ] GC(1819) ParOldGen: 435422K(667648K)->435494K(667648K)
[491.544s][info][gc,metaspace   ] GC(1819) Metaspace: 19012K(19200K)->19012K(19200K) NonClass: 16346K(16448K)->16346K(16448K) Class: 2666K(2752K)->2666K(2752K)
[491.544s][info][gc             ] GC(1819) Pause Young (Allocation Failure) 605M->494M(837M) 69.620ms
[491.544s][info][gc,cpu         ] GC(1819) User=0.14s Sys=0.00s Real=0.07s
[491.632s][info][gc,start       ] GC(1820) Pause Young (Allocation Failure)
[491.699s][info][gc,heap        ] GC(1820) PSYoungGen: 189088K(189440K)->62528K(224256K) Eden: 117760K(117760K)->0K(113152K) From: 71328K(71680K)->62528K(111104K)
[491.699s][info][gc,heap        ] GC(1820) ParOldGen: 435494K(667648K)->444358K(667648K)
[491.699s][info][gc,metaspace   ] GC(1820) Metaspace: 19012K(19200K)->19012K(19200K) NonClass: 16346K(16448K)->16346K(16448K) Class: 2666K(2752K)->2666K(2752K)
[491.699s][info][gc             ] GC(1820) Pause Young (Allocation Failure) 609M->495M(871M) 66.980ms
[491.699s][info][gc,cpu         ] GC(1820) User=0.13s Sys=0.00s Real=0.07s
[491.820s][info][gc,start       ] GC(1821) Pause Young (Allocation Failure)
[491.886s][info][gc,heap        ] GC(1821) PSYoungGen: 175680K(224256K)->54368K(167936K) Eden: 113152K(113152K)->0K(113152K) From: 62528K(111104K)->54368K(54784K)
[491.886s][info][gc,heap        ] GC(1821) ParOldGen: 444358K(667648K)->459079K(667648K)
[491.886s][info][gc,metaspace   ] GC(1821) Metaspace: 19012K(19200K)->19012K(19200K) NonClass: 16346K(16448K)->16346K(16448K) Class: 2666K(2752K)->2666K(2752K)
[491.886s][info][gc             ] GC(1821) Pause Young (Allocation Failure) 605M->501M(816M) 65.932ms
[491.886s][info][gc,cpu         ] GC(1821) User=0.13s Sys=0.00s Real=0.06s
[492.022s][info][gc,start       ] GC(1822) Pause Young (Allocation Failure)
[492.081s][info][gc,heap        ] GC(1822) PSYoungGen: 167520K(167936K)->63168K(219648K) Eden: 113152K(113152K)->0K(114176K) From: 54368K(54784K)->63168K(105472K)
[492.081s][info][gc,heap        ] GC(1822) ParOldGen: 459079K(667648K)->459095K(667648K)
[492.081s][info][gc,metaspace   ] GC(1822) Metaspace: 19012K(19200K)->19012K(19200K) NonClass: 16346K(16448K)->16346K(16448K) Class: 2666K(2752K)->2666K(2752K)
[492.081s][info][gc             ] GC(1822) Pause Young (Allocation Failure) 611M->510M(866M) 59.349ms
[492.081s][info][gc,cpu         ] GC(1822) User=0.12s Sys=0.00s Real=0.06s
[492.386s][info][gc,start       ] GC(1823) Pause Young (Allocation Failure)
[492.445s][info][gc,heap        ] GC(1823) PSYoungGen: 177344K(219648K)->63200K(218624K) Eden: 114176K(114176K)->0K(114176K) From: 63168K(105472K)->63200K(104448K)
[492.445s][info][gc,heap        ] GC(1823) ParOldGen: 459095K(667648K)->459119K(667648K)
[492.445s][info][gc,metaspace   ] GC(1823) Metaspace: 19012K(19200K)->19012K(19200K) NonClass: 16346K(16448K)->16346K(16448K) Class: 2666K(2752K)->2666K(2752K)
[492.445s][info][gc             ] GC(1823) Pause Young (Allocation Failure) 621M->510M(865M) 58.417ms
[492.445s][info][gc,cpu         ] GC(1823) User=0.11s Sys=0.00s Real=0.06s
[492.689s][info][gc,start       ] GC(1824) Pause Young (Allocation Failure)
[492.748s][info][gc,heap        ] GC(1824) PSYoungGen: 177376K(218624K)->63328K(226816K) Eden: 114176K(114176K)->0K(124928K) From: 63200K(104448K)->63328K(101888K)
[492.748s][info][gc,heap        ] GC(1824) ParOldGen: 459119K(667648K)->459119K(667648K)
[492.748s][info][gc,metaspace   ] GC(1824) Metaspace: 19012K(19200K)->19012K(19200K) NonClass: 16346K(16448K)->16346K(16448K) Class: 2666K(2752K)->2666K(2752K)
[492.748s][info][gc             ] GC(1824) Pause Young (Allocation Failure) 621M->510M(873M) 58.786ms
[492.748s][info][gc,cpu         ] GC(1824) User=0.11s Sys=0.00s Real=0.06s
[493.003s][info][gc,start       ] GC(1825) Pause Young (Allocation Failure)
[493.062s][info][gc,heap        ] GC(1825) PSYoungGen: 188256K(226816K)->63392K(226816K) Eden: 124928K(124928K)->0K(124928K) From: 63328K(101888K)->63392K(101888K)
[493.062s][info][gc,heap        ] GC(1825) ParOldGen: 459119K(667648K)->459119K(667648K)
[493.062s][info][gc,metaspace   ] GC(1825) Metaspace: 19012K(19200K)->19012K(19200K) NonClass: 16346K(16448K)->16346K(16448K) Class: 2666K(2752K)->2666K(2752K)
[493.062s][info][gc             ] GC(1825) Pause Young (Allocation Failure) 632M->510M(873M) 58.810ms
[493.062s][info][gc,cpu         ] GC(1825) User=0.12s Sys=0.00s Real=0.06s
[493.326s][info][gc,start       ] GC(1826) Pause Young (Allocation Failure)
[493.386s][info][gc,heap        ] GC(1826) PSYoungGen: 188320K(226816K)->63536K(230400K) Eden: 124928K(124928K)->0K(131584K) From: 63392K(101888K)->63536K(98816K)
[493.386s][info][gc,heap        ] GC(1826) ParOldGen: 459119K(667648K)->459119K(667648K)
[493.386s][info][gc,metaspace   ] GC(1826) Metaspace: 19012K(19200K)->19012K(19200K) NonClass: 16346K(16448K)->16346K(16448K) Class: 2666K(2752K)->2666K(2752K)
[493.386s][info][gc             ] GC(1826) Pause Young (Allocation Failure) 632M->510M(877M) 59.996ms
[493.386s][info][gc,cpu         ] GC(1826) User=0.12s Sys=0.00s Real=0.06s
[493.604s][info][gc,start       ] GC(1827) Pause Young (Allocation Failure)
[493.677s][info][gc,heap        ] GC(1827) PSYoungGen: 195120K(230400K)->82208K(214016K) Eden: 131584K(131584K)->0K(131584K) From: 63536K(98816K)->82208K(82432K)
[493.677s][info][gc,heap        ] GC(1827) ParOldGen: 459119K(667648K)->459119K(667648K)
[493.678s][info][gc,metaspace   ] GC(1827) Metaspace: 19015K(19200K)->19015K(19200K) NonClass: 16349K(16448K)->16349K(16448K) Class: 2666K(2752K)->2666K(2752K)
[493.678s][info][gc             ] GC(1827) Pause Young (Allocation Failure) 638M->528M(861M) 73.168ms
[493.678s][info][gc,cpu         ] GC(1827) User=0.15s Sys=0.00s Real=0.08s
[493.752s][info][gc,start       ] GC(1828) Pause Young (Allocation Failure)
[493.876s][info][gc,heap        ] GC(1828) PSYoungGen: 213792K(214016K)->104432K(216064K) Eden: 131584K(131584K)->0K(111616K) From: 82208K(82432K)->104432K(104448K)
[493.876s][info][gc,heap        ] GC(1828) ParOldGen: 459119K(667648K)->485767K(667648K)
[493.876s][info][gc,metaspace   ] GC(1828) Metaspace: 19015K(19200K)->19015K(19200K) NonClass: 16349K(16448K)->16349K(16448K) Class: 2666K(2752K)->2666K(2752K)
[493.876s][info][gc             ] GC(1828) Pause Young (Allocation Failure) 657M->576M(863M) 124.132ms
[493.876s][info][gc,cpu         ] GC(1828) User=0.24s Sys=0.01s Real=0.12s
[493.935s][info][gc,start       ] GC(1829) Pause Young (Allocation Failure)
[494.056s][info][gc,heap        ] GC(1829) PSYoungGen: 216048K(216064K)->105136K(222720K) Eden: 111616K(111616K)->0K(111616K) From: 104432K(104448K)->105136K(111104K)
[494.056s][info][gc,heap        ] GC(1829) ParOldGen: 485767K(667648K)->526911K(667648K)
[494.056s][info][gc,metaspace   ] GC(1829) Metaspace: 19015K(19200K)->19015K(19200K) NonClass: 16349K(16448K)->16349K(16448K) Class: 2666K(2752K)->2666K(2752K)
[494.056s][info][gc             ] GC(1829) Pause Young (Allocation Failure) 685M->617M(869M) 120.695ms
[494.056s][info][gc,cpu         ] GC(1829) User=0.24s Sys=0.00s Real=0.12s
[494.192s][info][gc,start       ] GC(1830) Pause Young (Allocation Failure)
[494.305s][info][gc,heap        ] GC(1830) PSYoungGen: 216752K(222720K)->111094K(222720K) Eden: 111616K(111616K)->0K(111616K) From: 105136K(111104K)->111094K(111104K)
[494.305s][info][gc,heap        ] GC(1830) ParOldGen: 526911K(667648K)->557167K(667648K)
[494.305s][info][gc,metaspace   ] GC(1830) Metaspace: 19034K(19264K)->19034K(19264K) NonClass: 16368K(16512K)->16368K(16512K) Class: 2666K(2752K)->2666K(2752K)
[494.305s][info][gc             ] GC(1830) Pause Young (Allocation Failure) 726M->652M(869M) 113.731ms
[494.305s][info][gc,cpu         ] GC(1830) User=0.23s Sys=0.00s Real=0.11s
[494.378s][info][gc,start       ] GC(1831) Pause Young (Allocation Failure)
[494.504s][info][gc,heap        ] GC(1831) PSYoungGen: 222710K(222720K)->111079K(222720K) Eden: 111616K(111616K)->0K(111616K) From: 111094K(111104K)->111079K(111104K)
[494.504s][info][gc,heap        ] GC(1831) ParOldGen: 557167K(667648K)->603727K(667648K)
[494.504s][info][gc,metaspace   ] GC(1831) Metaspace: 19034K(19264K)->19034K(19264K) NonClass: 16368K(16512K)->16368K(16512K) Class: 2666K(2752K)->2666K(2752K)
[494.504s][info][gc             ] GC(1831) Pause Young (Allocation Failure) 761M->698M(869M) 126.905ms
[494.504s][info][gc,cpu         ] GC(1831) User=0.25s Sys=0.00s Real=0.12s
[494.754s][info][gc,start       ] GC(1832) Pause Young (Allocation Failure)
[494.888s][info][gc,heap        ] GC(1832) PSYoungGen: 222695K(222720K)->111072K(222720K) Eden: 111616K(111616K)->0K(111616K) From: 111079K(111104K)->111072K(111104K)
[494.888s][info][gc,heap        ] GC(1832) ParOldGen: 603727K(667648K)->626613K(667648K)
[494.888s][info][gc,metaspace   ] GC(1832) Metaspace: 19045K(19264K)->19045K(19264K) NonClass: 16379K(16512K)->16379K(16512K) Class: 2666K(2752K)->2666K(2752K)
[494.888s][info][gc             ] GC(1832) Pause Young (Allocation Failure) 807M->720M(869M) 134.150ms
[494.888s][info][gc,cpu         ] GC(1832) User=0.26s Sys=0.00s Real=0.14s
[494.999s][info][gc,start       ] GC(1833) Pause Full (Allocation Failure)
[494.999s][info][gc,phases,start] GC(1833) Marking Phase
[495.375s][info][gc,phases      ] GC(1833) Marking Phase 376.224ms
[495.375s][info][gc,phases,start] GC(1833) Summary Phase
[495.375s][info][gc,phases      ] GC(1833) Summary Phase 0.026ms
[495.375s][info][gc,phases,start] GC(1833) Forward
[495.514s][info][gc,phases      ] GC(1833) Forward 138.615ms
[495.514s][info][gc,phases,start] GC(1833) Adjust Pointers
[495.803s][info][gc,phases      ] GC(1833) Adjust Pointers 289.312ms
[495.803s][info][gc,phases,start] GC(1833) Compaction Phase
[495.973s][info][gc,phases      ] GC(1833) Compaction Phase 169.795ms
[495.982s][info][gc,phases,start] GC(1833) Post Compact
[495.985s][info][gc,phases      ] GC(1833) Post Compact 2.438ms
[495.985s][info][gc,heap        ] GC(1833) PSYoungGen: 222688K(222720K)->0K(222720K) Eden: 111616K(111616K)->0K(111616K) From: 111072K(111104K)->0K(111104K)
[495.985s][info][gc,heap        ] GC(1833) ParOldGen: 626613K(667648K)->585456K(667648K)
[495.985s][info][gc,metaspace   ] GC(1833) Metaspace: 19045K(19264K)->19045K(19264K) NonClass: 16379K(16512K)->16379K(16512K) Class: 2666K(2752K)->2666K(2752K)
[495.985s][info][gc             ] GC(1833) Pause Full (Allocation Failure) 829M->571M(869M) 986.351ms
[495.985s][info][gc,cpu         ] GC(1833) User=1.88s Sys=0.00s Real=0.98s
[496.092s][info][gc,start       ] GC(1834) Pause Young (Allocation Failure)
[496.112s][info][gc,heap        ] GC(1834) PSYoungGen: 111616K(222720K)->1088K(222720K) Eden: 111616K(111616K)->0K(111616K) From: 0K(111104K)->1088K(111104K)
[496.112s][info][gc,heap        ] GC(1834) ParOldGen: 585456K(667648K)->585456K(667648K)
[496.112s][info][gc,metaspace   ] GC(1834) Metaspace: 19045K(19264K)->19045K(19264K) NonClass: 16379K(16512K)->16379K(16512K) Class: 2666K(2752K)->2666K(2752K)
[496.112s][info][gc             ] GC(1834) Pause Young (Allocation Failure) 680M->572M(869M) 20.202ms
[496.112s][info][gc,cpu         ] GC(1834) User=0.04s Sys=0.00s Real=0.02s
[496.276s][info][gc,start       ] GC(1835) Pause Young (Allocation Failure)
[496.328s][info][gc,heap        ] GC(1835) PSYoungGen: 112704K(222720K)->27748K(222720K) Eden: 111616K(111616K)->0K(111616K) From: 1088K(111104K)->27748K(111104K)
[496.328s][info][gc,heap        ] GC(1835) ParOldGen: 585456K(667648K)->585456K(667648K)
[496.328s][info][gc,metaspace   ] GC(1835) Metaspace: 19045K(19264K)->19045K(19264K) NonClass: 16379K(16512K)->16379K(16512K) Class: 2666K(2752K)->2666K(2752K)
[496.328s][info][gc             ] GC(1835) Pause Young (Allocation Failure) 681M->598M(869M) 52.363ms
[496.328s][info][gc,cpu         ] GC(1835) User=0.11s Sys=0.00s Real=0.06s
[496.483s][info][gc,start       ] GC(1836) Pause Young (Allocation Failure)
[496.534s][info][gc,heap        ] GC(1836) PSYoungGen: 139364K(222720K)->27748K(222720K) Eden: 111616K(111616K)->0K(111616K) From: 27748K(111104K)->27748K(111104K)
[496.534s][info][gc,heap        ] GC(1836) ParOldGen: 585456K(667648K)->585456K(667648K)
[496.534s][info][gc,metaspace   ] GC(1836) Metaspace: 19045K(19264K)->19045K(19264K) NonClass: 16379K(16512K)->16379K(16512K) Class: 2666K(2752K)->2666K(2752K)
[496.534s][info][gc             ] GC(1836) Pause Young (Allocation Failure) 707M->598M(869M) 51.256ms
[496.534s][info][gc,cpu         ] GC(1836) User=0.10s Sys=0.00s Real=0.05s
[496.689s][info][gc,start       ] GC(1837) Pause Young (Allocation Failure)
[496.739s][info][gc,heap        ] GC(1837) PSYoungGen: 139364K(222720K)->27726K(222720K) Eden: 111616K(111616K)->0K(111616K) From: 27748K(111104K)->27726K(111104K)
[496.739s][info][gc,heap        ] GC(1837) ParOldGen: 585456K(667648K)->585456K(667648K)
[496.739s][info][gc,metaspace   ] GC(1837) Metaspace: 19045K(19264K)->19045K(19264K) NonClass: 16379K(16512K)->16379K(16512K) Class: 2666K(2752K)->2666K(2752K)
[496.739s][info][gc             ] GC(1837) Pause Young (Allocation Failure) 707M->598M(869M) 50.574ms
[496.739s][info][gc,cpu         ] GC(1837) User=0.10s Sys=0.00s Real=0.05s
[496.891s][info][gc,start       ] GC(1838) Pause Young (Allocation Failure)
[496.942s][info][gc,heap        ] GC(1838) PSYoungGen: 139342K(222720K)->27726K(222720K) Eden: 111616K(111616K)->0K(111616K) From: 27726K(111104K)->27726K(111104K)
[496.942s][info][gc,heap        ] GC(1838) ParOldGen: 585456K(667648K)->585456K(667648K)
[496.942s][info][gc,metaspace   ] GC(1838) Metaspace: 19045K(19264K)->19045K(19264K) NonClass: 16379K(16512K)->16379K(16512K) Class: 2666K(2752K)->2666K(2752K)
[496.942s][info][gc             ] GC(1838) Pause Young (Allocation Failure) 707M->598M(869M) 51.090ms
[496.942s][info][gc,cpu         ] GC(1838) User=0.10s Sys=0.00s Real=0.05s
[497.097s][info][gc,start       ] GC(1839) Pause Young (Allocation Failure)
[497.148s][info][gc,heap        ] GC(1839) PSYoungGen: 139342K(222720K)->32K(222720K) Eden: 111616K(111616K)->0K(111616K) From: 27726K(111104K)->32K(111104K)
[497.148s][info][gc,heap        ] GC(1839) ParOldGen: 585456K(667648K)->613213K(667648K)
[497.148s][info][gc,metaspace   ] GC(1839) Metaspace: 19045K(19264K)->19045K(19264K) NonClass: 16379K(16512K)->16379K(16512K) Class: 2666K(2752K)->2666K(2752K)
[497.148s][info][gc             ] GC(1839) Pause Young (Allocation Failure) 707M->598M(869M) 51.413ms
[497.148s][info][gc,cpu         ] GC(1839) User=0.10s Sys=0.00s Real=0.06s
[497.301s][info][gc,start       ] GC(1840) Pause Young (Allocation Failure)
[497.303s][info][gc,heap        ] GC(1840) PSYoungGen: 111648K(222720K)->64K(222720K) Eden: 111616K(111616K)->0K(111616K) From: 32K(111104K)->64K(111104K)
[497.303s][info][gc,heap        ] GC(1840) ParOldGen: 613213K(667648K)->613213K(667648K)
[497.303s][info][gc,metaspace   ] GC(1840) Metaspace: 19045K(19264K)->19045K(19264K) NonClass: 16379K(16512K)->16379K(16512K) Class: 2666K(2752K)->2666K(2752K)
[497.303s][info][gc             ] GC(1840) Pause Young (Allocation Failure) 707M->598M(869M) 1.899ms
[497.303s][info][gc,cpu         ] GC(1840) User=0.00s Sys=0.00s Real=0.00s
[497.451s][info][gc,start       ] GC(1841) Pause Young (Allocation Failure)
[497.453s][info][gc,heap        ] GC(1841) PSYoungGen: 111680K(222720K)->64K(222720K) Eden: 111616K(111616K)->0K(111616K) From: 64K(111104K)->64K(111104K)
[497.453s][info][gc,heap        ] GC(1841) ParOldGen: 613213K(667648K)->613213K(667648K)
[497.453s][info][gc,metaspace   ] GC(1841) Metaspace: 19045K(19264K)->19045K(19264K) NonClass: 16379K(16512K)->16379K(16512K) Class: 2666K(2752K)->2666K(2752K)
[497.453s][info][gc             ] GC(1841) Pause Young (Allocation Failure) 707M->598M(869M) 1.891ms
[497.453s][info][gc,cpu         ] GC(1841) User=0.01s Sys=0.00s Real=0.00s
[497.600s][info][gc,start       ] GC(1842) Pause Young (Allocation Failure)
[497.602s][info][gc,heap        ] GC(1842) PSYoungGen: 111680K(222720K)->64K(222720K) Eden: 111616K(111616K)->0K(111616K) From: 64K(111104K)->64K(111104K)
[497.602s][info][gc,heap        ] GC(1842) ParOldGen: 613213K(667648K)->613213K(667648K)
[497.602s][info][gc,metaspace   ] GC(1842) Metaspace: 19045K(19264K)->19045K(19264K) NonClass: 16379K(16512K)->16379K(16512K) Class: 2666K(2752K)->2666K(2752K)
[497.602s][info][gc             ] GC(1842) Pause Young (Allocation Failure) 707M->598M(869M) 1.878ms
[497.602s][info][gc,cpu         ] GC(1842) User=0.00s Sys=0.00s Real=0.00s
[497.734s][info][gc,start       ] GC(1843) Pause Young (Allocation Failure)
[497.745s][info][gc,heap        ] GC(1843) PSYoungGen: 111680K(222720K)->8096K(222720K) Eden: 111616K(111616K)->0K(111616K) From: 64K(111104K)->8096K(111104K)
[497.745s][info][gc,heap        ] GC(1843) ParOldGen: 613213K(667648K)->613213K(667648K)
[497.745s][info][gc,metaspace   ] GC(1843) Metaspace: 19045K(19264K)->19045K(19264K) NonClass: 16379K(16512K)->16379K(16512K) Class: 2666K(2752K)->2666K(2752K)
[497.745s][info][gc             ] GC(1843) Pause Young (Allocation Failure) 707M->606M(869M) 10.915ms
[497.745s][info][gc,cpu         ] GC(1843) User=0.02s Sys=0.00s Real=0.01s
[497.848s][info][gc,start       ] GC(1844) Pause Young (Allocation Failure)
[497.873s][info][gc,heap        ] GC(1844) PSYoungGen: 119712K(222720K)->15744K(222720K) Eden: 111616K(111616K)->0K(111616K) From: 8096K(111104K)->15744K(111104K)
[497.873s][info][gc,heap        ] GC(1844) ParOldGen: 613213K(667648K)->621309K(667648K)
[497.873s][info][gc,metaspace   ] GC(1844) Metaspace: 19046K(19264K)->19046K(19264K) NonClass: 16380K(16512K)->16380K(16512K) Class: 2666K(2752K)->2666K(2752K)
[497.873s][info][gc             ] GC(1844) Pause Young (Allocation Failure) 715M->622M(869M) 24.885ms
[497.873s][info][gc,cpu         ] GC(1844) User=0.05s Sys=0.00s Real=0.02s
[497.962s][info][gc,start       ] GC(1845) Pause Young (Allocation Failure)
[497.985s][info][gc,heap        ] GC(1845) PSYoungGen: 127360K(222720K)->6976K(222720K) Eden: 111616K(111616K)->0K(111616K) From: 15744K(111104K)->6976K(111104K)
[497.985s][info][gc,heap        ] GC(1845) ParOldGen: 621309K(667648K)->637061K(667648K)
[497.985s][info][gc,metaspace   ] GC(1845) Metaspace: 19046K(19264K)->19046K(19264K) NonClass: 16380K(16512K)->16380K(16512K) Class: 2666K(2752K)->2666K(2752K)
[497.985s][info][gc             ] GC(1845) Pause Young (Allocation Failure) 731M->628M(869M) 23.462ms
[497.985s][info][gc,cpu         ] GC(1845) User=0.04s Sys=0.00s Real=0.02s
[498.085s][info][gc,start       ] GC(1846) Pause Full (Allocation Failure)
[498.085s][info][gc,phases,start] GC(1846) Marking Phase
[498.400s][info][gc,phases      ] GC(1846) Marking Phase 314.908ms
[498.400s][info][gc,phases,start] GC(1846) Summary Phase
[498.400s][info][gc,phases      ] GC(1846) Summary Phase 0.025ms
[498.400s][info][gc,phases,start] GC(1846) Forward
[498.520s][info][gc,phases      ] GC(1846) Forward 120.609ms
[498.521s][info][gc,phases,start] GC(1846) Adjust Pointers
[498.790s][info][gc,phases      ] GC(1846) Adjust Pointers 269.241ms
[498.790s][info][gc,phases,start] GC(1846) Compaction Phase
[498.931s][info][gc,phases      ] GC(1846) Compaction Phase 140.838ms
[498.944s][info][gc,phases,start] GC(1846) Post Compact
[498.946s][info][gc,phases      ] GC(1846) Post Compact 2.234ms
[498.946s][info][gc,heap        ] GC(1846) PSYoungGen: 118592K(222720K)->0K(222720K) Eden: 111616K(111616K)->0K(111616K) From: 6976K(111104K)->0K(111104K)
[498.946s][info][gc,heap        ] GC(1846) ParOldGen: 637061K(667648K)->490576K(667648K)
[498.946s][info][gc,metaspace   ] GC(1846) Metaspace: 19046K(19264K)->19046K(19264K) NonClass: 16380K(16512K)->16380K(16512K) Class: 2666K(2752K)->2666K(2752K)
[498.946s][info][gc             ] GC(1846) Pause Full (Allocation Failure) 737M->479M(869M) 861.075ms
[498.946s][info][gc,cpu         ] GC(1846) User=1.61s Sys=0.00s Real=0.86s
[499.044s][info][gc,start       ] GC(1847) Pause Young (Allocation Failure)
[499.049s][info][gc,heap        ] GC(1847) PSYoungGen: 111616K(222720K)->1440K(222720K) Eden: 111616K(111616K)->0K(111616K) From: 0K(111104K)->1440K(111104K)
[499.049s][info][gc,heap        ] GC(1847) ParOldGen: 490576K(667648K)->490576K(667648K)
[499.049s][info][gc,metaspace   ] GC(1847) Metaspace: 19046K(19264K)->19046K(19264K) NonClass: 16380K(16512K)->16380K(16512K) Class: 2666K(2752K)->2666K(2752K)
[499.049s][info][gc             ] GC(1847) Pause Young (Allocation Failure) 588M->480M(869M) 5.409ms
[499.049s][info][gc,cpu         ] GC(1847) User=0.01s Sys=0.00s Real=0.01s
[499.176s][info][gc,start       ] GC(1848) Pause Young (Allocation Failure)
[499.184s][info][gc,heap        ] GC(1848) PSYoungGen: 113056K(222720K)->5440K(222720K) Eden: 111616K(111616K)->0K(111616K) From: 1440K(111104K)->5440K(111104K)
[499.184s][info][gc,heap        ] GC(1848) ParOldGen: 490576K(667648K)->491984K(667648K)
[499.184s][info][gc,metaspace   ] GC(1848) Metaspace: 19047K(19264K)->19047K(19264K) NonClass: 16381K(16512K)->16381K(16512K) Class: 2666K(2752K)->2666K(2752K)
[499.184s][info][gc             ] GC(1848) Pause Young (Allocation Failure) 589M->485M(869M) 8.521ms
[499.184s][info][gc,cpu         ] GC(1848) User=0.01s Sys=0.00s Real=0.01s
[499.318s][info][gc,start       ] GC(1849) Pause Young (Allocation Failure)
[499.328s][info][gc,heap        ] GC(1849) PSYoungGen: 117056K(222720K)->2720K(222720K) Eden: 111616K(111616K)->0K(111616K) From: 5440K(111104K)->2720K(111104K)
[499.328s][info][gc,heap        ] GC(1849) ParOldGen: 491984K(667648K)->497431K(667648K)
[499.328s][info][gc,metaspace   ] GC(1849) Metaspace: 19048K(19264K)->19048K(19264K) NonClass: 16382K(16512K)->16382K(16512K) Class: 2666K(2752K)->2666K(2752K)
[499.328s][info][gc             ] GC(1849) Pause Young (Allocation Failure) 594M->488M(869M) 9.746ms
[499.328s][info][gc,cpu         ] GC(1849) User=0.02s Sys=0.00s Real=0.01s
[499.550s][info][gc,start       ] GC(1850) Pause Young (Allocation Failure)
[499.554s][info][gc,heap        ] GC(1850) PSYoungGen: 114336K(222720K)->96K(222720K) Eden: 111616K(111616K)->0K(111616K) From: 2720K(111104K)->96K(111104K)
[499.555s][info][gc,heap        ] GC(1850) ParOldGen: 497431K(667648K)->500135K(667648K)
[499.555s][info][gc,metaspace   ] GC(1850) Metaspace: 19052K(19264K)->19052K(19264K) NonClass: 16386K(16512K)->16386K(16512K) Class: 2666K(2752K)->2666K(2752K)
[499.555s][info][gc             ] GC(1850) Pause Young (Allocation Failure) 597M->488M(869M) 4.530ms
[499.555s][info][gc,cpu         ] GC(1850) User=0.01s Sys=0.00s Real=0.00s
[499.743s][info][gc,start       ] GC(1851) Pause Young (Allocation Failure)
[499.745s][info][gc,heap        ] GC(1851) PSYoungGen: 111712K(222720K)->192K(222720K) Eden: 111616K(111616K)->0K(111616K) From: 96K(111104K)->192K(111104K)
[499.745s][info][gc,heap        ] GC(1851) ParOldGen: 500135K(667648K)->500167K(667648K)
[499.745s][info][gc,metaspace   ] GC(1851) Metaspace: 19053K(19264K)->19053K(19264K) NonClass: 16387K(16512K)->16387K(16512K) Class: 2666K(2752K)->2666K(2752K)
[499.745s][info][gc             ] GC(1851) Pause Young (Allocation Failure) 597M->488M(869M) 2.023ms
[499.745s][info][gc,cpu         ] GC(1851) User=0.01s Sys=0.00s Real=0.00s
[499.921s][info][gc,start       ] GC(1852) Pause Young (Allocation Failure)
[499.924s][info][gc,heap        ] GC(1852) PSYoungGen: 111808K(222720K)->64K(215552K) Eden: 111616K(111616K)->0K(111616K) From: 192K(111104K)->64K(103936K)
[499.924s][info][gc,heap        ] GC(1852) ParOldGen: 500167K(667648K)->500309K(667648K)
[499.924s][info][gc,metaspace   ] GC(1852) Metaspace: 19054K(19264K)->19054K(19264K) NonClass: 16388K(16512K)->16388K(16512K) Class: 2666K(2752K)->2666K(2752K)
[499.924s][info][gc             ] GC(1852) Pause Young (Allocation Failure) 597M->488M(862M) 2.987ms
[499.924s][info][gc,cpu         ] GC(1852) User=0.01s Sys=0.00s Real=0.00s
[500.121s][info][gc,start       ] GC(1853) Pause Young (Allocation Failure)
[500.124s][info][gc,heap        ] GC(1853) PSYoungGen: 111680K(215552K)->64K(112128K) Eden: 111616K(111616K)->0K(111616K) From: 64K(103936K)->64K(512K)
[500.124s][info][gc,heap        ] GC(1853) ParOldGen: 500309K(667648K)->500309K(667648K)
[500.124s][info][gc,metaspace   ] GC(1853) Metaspace: 19062K(19264K)->19062K(19264K) NonClass: 16396K(16512K)->16396K(16512K) Class: 2666K(2752K)->2666K(2752K)
[500.124s][info][gc             ] GC(1853) Pause Young (Allocation Failure) 597M->488M(761M) 2.444ms
[500.124s][info][gc,cpu         ] GC(1853) User=0.00s Sys=0.00s Real=0.00s
[500.247s][info][gc,start       ] GC(1854) Pause Young (Allocation Failure)
[500.262s][info][gc,heap        ] GC(1854) PSYoungGen: 111680K(112128K)->13088K(202240K) Eden: 111616K(111616K)->0K(115712K) From: 64K(512K)->13088K(86528K)
[500.263s][info][gc,heap        ] GC(1854) ParOldGen: 500309K(667648K)->500309K(667648K)
[500.263s][info][gc,metaspace   ] GC(1854) Metaspace: 19062K(19264K)->19062K(19264K) NonClass: 16396K(16512K)->16396K(16512K) Class: 2666K(2752K)->2666K(2752K)
[500.263s][info][gc             ] GC(1854) Pause Young (Allocation Failure) 597M->501M(849M) 15.555ms
[500.263s][info][gc,cpu         ] GC(1854) User=0.03s Sys=0.01s Real=0.02s
[500.409s][info][gc,start       ] GC(1855) Pause Young (Allocation Failure)
[500.424s][info][gc,heap        ] GC(1855) PSYoungGen: 128800K(202240K)->14416K(130560K) Eden: 115712K(115712K)->0K(115712K) From: 13088K(86528K)->14416K(14848K)
[500.424s][info][gc,heap        ] GC(1855) ParOldGen: 500309K(667648K)->500317K(667648K)
[500.424s][info][gc,metaspace   ] GC(1855) Metaspace: 19073K(19264K)->19073K(19264K) NonClass: 16406K(16512K)->16406K(16512K) Class: 2666K(2752K)->2666K(2752K)
[500.424s][info][gc             ] GC(1855) Pause Young (Allocation Failure) 614M->502M(779M) 15.740ms
[500.424s][info][gc,cpu         ] GC(1855) User=0.03s Sys=0.00s Real=0.01s
[500.490s][info][gc,start       ] GC(1856) Pause Young (Allocation Failure)
[500.531s][info][gc,heap        ] GC(1856) PSYoungGen: 130128K(130560K)->52576K(200704K) Eden: 115712K(115712K)->0K(114176K) From: 14416K(14848K)->52576K(86528K)
[500.531s][info][gc,heap        ] GC(1856) ParOldGen: 500317K(667648K)->500317K(667648K)
[500.531s][info][gc,metaspace   ] GC(1856) Metaspace: 19073K(19264K)->19073K(19264K) NonClass: 16406K(16512K)->16406K(16512K) Class: 2666K(2752K)->2666K(2752K)
[500.531s][info][gc             ] GC(1856) Pause Young (Allocation Failure) 615M->539M(848M) 41.191ms
[500.531s][info][gc,cpu         ] GC(1856) User=0.08s Sys=0.00s Real=0.04s
[500.698s][info][gc,start       ] GC(1857) Pause Young (Allocation Failure)
[500.745s][info][gc,heap        ] GC(1857) PSYoungGen: 166752K(200704K)->67296K(206848K) Eden: 114176K(114176K)->0K(114176K) From: 52576K(86528K)->67296K(92672K)
[500.745s][info][gc,heap        ] GC(1857) ParOldGen: 500317K(667648K)->500317K(667648K)
[500.745s][info][gc,metaspace   ] GC(1857) Metaspace: 19073K(19264K)->19073K(19264K) NonClass: 16406K(16512K)->16406K(16512K) Class: 2666K(2752K)->2666K(2752K)
[500.745s][info][gc             ] GC(1857) Pause Young (Allocation Failure) 651M->554M(854M) 47.485ms
[500.745s][info][gc,cpu         ] GC(1857) User=0.09s Sys=0.00s Real=0.04s
[500.903s][info][gc,start       ] GC(1858) Pause Young (Allocation Failure)
[500.976s][info][gc,heap        ] GC(1858) PSYoungGen: 181472K(206848K)->79920K(215040K) Eden: 114176K(114176K)->0K(111616K) From: 67296K(92672K)->79920K(103424K)
[500.976s][info][gc,heap        ] GC(1858) ParOldGen: 500317K(667648K)->500317K(667648K)
[500.976s][info][gc,metaspace   ] GC(1858) Metaspace: 19073K(19264K)->19073K(19264K) NonClass: 16406K(16512K)->16406K(16512K) Class: 2666K(2752K)->2666K(2752K)
[500.976s][info][gc             ] GC(1858) Pause Young (Allocation Failure) 665M->566M(862M) 72.281ms
[500.976s][info][gc,cpu         ] GC(1858) User=0.13s Sys=0.01s Real=0.07s
[501.125s][info][gc,start       ] GC(1859) Pause Young (Allocation Failure)
[501.194s][info][gc,heap        ] GC(1859) PSYoungGen: 191536K(215040K)->79888K(222720K) Eden: 111616K(111616K)->0K(111616K) From: 79920K(103424K)->79888K(111104K)
[501.194s][info][gc,heap        ] GC(1859) ParOldGen: 500317K(667648K)->500349K(667648K)
[501.194s][info][gc,metaspace   ] GC(1859) Metaspace: 19073K(19264K)->19073K(19264K) NonClass: 16406K(16512K)->16406K(16512K) Class: 2666K(2752K)->2666K(2752K)
[501.194s][info][gc             ] GC(1859) Pause Young (Allocation Failure) 675M->566M(869M) 68.712ms
[501.194s][info][gc,cpu         ] GC(1859) User=0.13s Sys=0.00s Real=0.07s
[501.347s][info][gc,start       ] GC(1860) Pause Young (Allocation Failure)
[501.414s][info][gc,heap        ] GC(1860) PSYoungGen: 191504K(222720K)->65536K(222720K) Eden: 111616K(111616K)->0K(111616K) From: 79888K(111104K)->65536K(111104K)
[501.414s][info][gc,heap        ] GC(1860) ParOldGen: 500349K(667648K)->514791K(667648K)
[501.414s][info][gc,metaspace   ] GC(1860) Metaspace: 19073K(19264K)->19073K(19264K) NonClass: 16406K(16512K)->16406K(16512K) Class: 2666K(2752K)->2666K(2752K)
[501.414s][info][gc             ] GC(1860) Pause Young (Allocation Failure) 675M->566M(869M) 66.550ms
[501.414s][info][gc,cpu         ] GC(1860) User=0.13s Sys=0.00s Real=0.07s
[501.567s][info][gc,start       ] GC(1861) Pause Young (Allocation Failure)
[501.621s][info][gc,heap        ] GC(1861) PSYoungGen: 177152K(222720K)->12640K(222720K) Eden: 111616K(111616K)->0K(111616K) From: 65536K(111104K)->12640K(111104K)
[501.621s][info][gc,heap        ] GC(1861) ParOldGen: 514791K(667648K)->568219K(667648K)
[501.621s][info][gc,metaspace   ] GC(1861) Metaspace: 19073K(19264K)->19073K(19264K) NonClass: 16406K(16512K)->16406K(16512K) Class: 2666K(2752K)->2666K(2752K)
[501.621s][info][gc             ] GC(1861) Pause Young (Allocation Failure) 675M->567M(869M) 54.458ms
[501.621s][info][gc,cpu         ] GC(1861) User=0.11s Sys=0.00s Real=0.06s
[501.770s][info][gc,start       ] GC(1862) Pause Young (Allocation Failure)
[501.791s][info][gc,heap        ] GC(1862) PSYoungGen: 124256K(222720K)->64K(222720K) Eden: 111616K(111616K)->0K(111616K) From: 12640K(111104K)->64K(111104K)
[501.791s][info][gc,heap        ] GC(1862) ParOldGen: 568219K(667648K)->580860K(667648K)
[501.791s][info][gc,metaspace   ] GC(1862) Metaspace: 19073K(19264K)->19073K(19264K) NonClass: 16406K(16512K)->16406K(16512K) Class: 2666K(2752K)->2666K(2752K)
[501.791s][info][gc             ] GC(1862) Pause Young (Allocation Failure) 676M->567M(869M) 20.715ms
[501.791s][info][gc,cpu         ] GC(1862) User=0.04s Sys=0.00s Real=0.02s
[501.939s][info][gc,start       ] GC(1863) Pause Young (Allocation Failure)
[501.941s][info][gc,heap        ] GC(1863) PSYoungGen: 111680K(222720K)->64K(222720K) Eden: 111616K(111616K)->0K(111616K) From: 64K(111104K)->64K(111104K)
[501.941s][info][gc,heap        ] GC(1863) ParOldGen: 580860K(667648K)->580860K(667648K)
[501.941s][info][gc,metaspace   ] GC(1863) Metaspace: 19073K(19264K)->19073K(19264K) NonClass: 16406K(16512K)->16406K(16512K) Class: 2666K(2752K)->2666K(2752K)
[501.941s][info][gc             ] GC(1863) Pause Young (Allocation Failure) 676M->567M(869M) 1.789ms
[501.941s][info][gc,cpu         ] GC(1863) User=0.00s Sys=0.00s Real=0.00s
[502.085s][info][gc,start       ] GC(1864) Pause Young (Allocation Failure)
[502.087s][info][gc,heap        ] GC(1864) PSYoungGen: 111680K(222720K)->64K(222720K) Eden: 111616K(111616K)->0K(111616K) From: 64K(111104K)->64K(111104K)
[502.087s][info][gc,heap        ] GC(1864) ParOldGen: 580860K(667648K)->580860K(667648K)
[502.087s][info][gc,metaspace   ] GC(1864) Metaspace: 19073K(19264K)->19073K(19264K) NonClass: 16406K(16512K)->16406K(16512K) Class: 2666K(2752K)->2666K(2752K)
[502.087s][info][gc             ] GC(1864) Pause Young (Allocation Failure) 676M->567M(869M) 1.813ms
[502.087s][info][gc,cpu         ] GC(1864) User=0.00s Sys=0.00s Real=0.00s
[502.231s][info][gc,start       ] GC(1865) Pause Young (Allocation Failure)
[502.233s][info][gc,heap        ] GC(1865) PSYoungGen: 111680K(222720K)->64K(112128K) Eden: 111616K(111616K)->0K(111616K) From: 64K(111104K)->64K(512K)
[502.233s][info][gc,heap        ] GC(1865) ParOldGen: 580860K(667648K)->580860K(667648K)
[502.233s][info][gc,metaspace   ] GC(1865) Metaspace: 19073K(19264K)->19073K(19264K) NonClass: 16406K(16512K)->16406K(16512K) Class: 2666K(2752K)->2666K(2752K)
[502.233s][info][gc             ] GC(1865) Pause Young (Allocation Failure) 676M->567M(761M) 1.823ms
[502.233s][info][gc,cpu         ] GC(1865) User=0.00s Sys=0.00s Real=0.00s
[502.369s][info][gc,start       ] GC(1866) Pause Young (Allocation Failure)
[502.376s][info][gc,heap        ] GC(1866) PSYoungGen: 111680K(112128K)->4640K(220672K) Eden: 111616K(111616K)->0K(117248K) From: 64K(512K)->4640K(103424K)
[502.376s][info][gc,heap        ] GC(1866) ParOldGen: 580860K(667648K)->580860K(667648K)
[502.376s][info][gc,metaspace   ] GC(1866) Metaspace: 19073K(19264K)->19073K(19264K) NonClass: 16406K(16512K)->16406K(16512K) Class: 2666K(2752K)->2666K(2752K)
[502.376s][info][gc             ] GC(1866) Pause Young (Allocation Failure) 676M->571M(867M) 7.599ms
[502.376s][info][gc,cpu         ] GC(1866) User=0.02s Sys=0.00s Real=0.00s
[502.485s][info][gc,start       ] GC(1867) Pause Young (Allocation Failure)
[502.507s][info][gc,heap        ] GC(1867) PSYoungGen: 121888K(220672K)->21632K(139264K) Eden: 117248K(117248K)->0K(117248K) From: 4640K(103424K)->21632K(22016K)
[502.507s][info][gc,heap        ] GC(1867) ParOldGen: 580860K(667648K)->580860K(667648K)
[502.507s][info][gc,metaspace   ] GC(1867) Metaspace: 19073K(19264K)->19073K(19264K) NonClass: 16406K(16512K)->16406K(16512K) Class: 2666K(2752K)->2666K(2752K)
[502.507s][info][gc             ] GC(1867) Pause Young (Allocation Failure) 686M->588M(788M) 22.885ms
[502.507s][info][gc,cpu         ] GC(1867) User=0.05s Sys=0.00s Real=0.03s
[502.598s][info][gc,start       ] GC(1868) Pause Young (Allocation Failure)
[502.625s][info][gc,heap        ] GC(1868) PSYoungGen: 138880K(139264K)->26304K(211968K) Eden: 117248K(117248K)->0K(125440K) From: 21632K(22016K)->26304K(86528K)
[502.625s][info][gc,heap        ] GC(1868) ParOldGen: 580860K(667648K)->580860K(667648K)
[502.625s][info][gc,metaspace   ] GC(1868) Metaspace: 19073K(19264K)->19073K(19264K) NonClass: 16406K(16512K)->16406K(16512K) Class: 2666K(2752K)->2666K(2752K)
[502.625s][info][gc             ] GC(1868) Pause Young (Allocation Failure) 702M->592M(859M) 26.552ms
[502.625s][info][gc,cpu         ] GC(1868) User=0.05s Sys=0.00s Real=0.02s
[502.735s][info][gc,start       ] GC(1869) Pause Young (Allocation Failure)
[502.763s][info][gc,heap        ] GC(1869) PSYoungGen: 151744K(211968K)->28000K(215552K) Eden: 125440K(125440K)->0K(125440K) From: 26304K(86528K)->28000K(90112K)
[502.763s][info][gc,heap        ] GC(1869) ParOldGen: 580860K(667648K)->580860K(667648K)
[502.763s][info][gc,metaspace   ] GC(1869) Metaspace: 19073K(19264K)->19073K(19264K) NonClass: 16406K(16512K)->16406K(16512K) Class: 2666K(2752K)->2666K(2752K)
[502.763s][info][gc             ] GC(1869) Pause Young (Allocation Failure) 715M->594M(862M) 27.446ms
[502.763s][info][gc,cpu         ] GC(1869) User=0.05s Sys=0.00s Real=0.03s
[502.870s][info][gc,start       ] GC(1870) Pause Young (Allocation Failure)
[502.899s][info][gc,heap        ] GC(1870) PSYoungGen: 153440K(215552K)->29632K(214016K) Eden: 125440K(125440K)->0K(135168K) From: 28000K(90112K)->29632K(78848K)
[502.899s][info][gc,heap        ] GC(1870) ParOldGen: 580860K(667648K)->580860K(667648K)
[502.899s][info][gc,metaspace   ] GC(1870) Metaspace: 19073K(19264K)->19073K(19264K) NonClass: 16406K(16512K)->16406K(16512K) Class: 2666K(2752K)->2666K(2752K)
[502.899s][info][gc             ] GC(1870) Pause Young (Allocation Failure) 717M->596M(861M) 29.520ms
[502.899s][info][gc,cpu         ] GC(1870) User=0.06s Sys=0.00s Real=0.03s
[503.002s][info][gc,start       ] GC(1871) Pause Young (Allocation Failure)
[503.059s][info][gc,heap        ] GC(1871) PSYoungGen: 164800K(214016K)->55904K(217088K) Eden: 135168K(135168K)->0K(135168K) From: 29632K(78848K)->55904K(81920K)
[503.059s][info][gc,heap        ] GC(1871) ParOldGen: 580860K(667648K)->580860K(667648K)
[503.059s][info][gc,metaspace   ] GC(1871) Metaspace: 19073K(19264K)->19073K(19264K) NonClass: 16406K(16512K)->16406K(16512K) Class: 2666K(2752K)->2666K(2752K)
[503.059s][info][gc             ] GC(1871) Pause Young (Allocation Failure) 728M->621M(864M) 57.498ms
[503.059s][info][gc,cpu         ] GC(1871) User=0.11s Sys=0.01s Real=0.06s
[503.175s][info][gc,start       ] GC(1872) Pause Young (Allocation Failure)
[503.255s][info][gc,heap        ] GC(1872) PSYoungGen: 191072K(217088K)->77120K(220160K) Eden: 135168K(135168K)->0K(132096K) From: 55904K(81920K)->77120K(88064K)
[503.255s][info][gc,heap        ] GC(1872) ParOldGen: 580860K(667648K)->580860K(667648K)
[503.255s][info][gc,metaspace   ] GC(1872) Metaspace: 19073K(19264K)->19073K(19264K) NonClass: 16406K(16512K)->16406K(16512K) Class: 2666K(2752K)->2666K(2752K)
[503.255s][info][gc             ] GC(1872) Pause Young (Allocation Failure) 753M->642M(867M) 80.170ms
[503.255s][info][gc,cpu         ] GC(1872) User=0.15s Sys=0.01s Real=0.08s
[503.439s][info][gc,start       ] GC(1873) Pause Young (Allocation Failure)
[503.534s][info][gc,heap        ] GC(1873) PSYoungGen: 209216K(220160K)->100096K(232448K) Eden: 132096K(132096K)->0K(132096K) From: 77120K(88064K)->100096K(100352K)
[503.534s][info][gc,heap        ] GC(1873) ParOldGen: 580860K(667648K)->580860K(667648K)
[503.534s][info][gc,metaspace   ] GC(1873) Metaspace: 19073K(19264K)->19073K(19264K) NonClass: 16406K(16512K)->16406K(16512K) Class: 2666K(2752K)->2666K(2752K)
[503.534s][info][gc             ] GC(1873) Pause Young (Allocation Failure) 771M->664M(879M) 95.140ms
[503.534s][info][gc,cpu         ] GC(1873) User=0.19s Sys=0.00s Real=0.09s
[503.657s][info][gc,start       ] GC(1874) Pause Young (Allocation Failure)
[503.775s][info][gc,heap        ] GC(1874) PSYoungGen: 232192K(232448K)->91776K(212992K) Eden: 132096K(132096K)->0K(111616K) From: 100096K(100352K)->91776K(101376K)
[503.775s][info][gc,heap        ] GC(1874) ParOldGen: 580860K(667648K)->602500K(667648K)
[503.775s][info][gc,metaspace   ] GC(1874) Metaspace: 19073K(19264K)->19073K(19264K) NonClass: 16406K(16512K)->16406K(16512K) Class: 2666K(2752K)->2666K(2752K)
[503.775s][info][gc             ] GC(1874) Pause Young (Allocation Failure) 793M->678M(860M) 117.947ms
[503.775s][info][gc,cpu         ] GC(1874) User=0.21s Sys=0.01s Real=0.12s
[503.872s][info][gc,start       ] GC(1875) Pause Young (Allocation Failure)
[503.962s][info][gc,heap        ] GC(1875) PSYoungGen: 203392K(212992K)->88768K(222720K) Eden: 111616K(111616K)->0K(111616K) From: 91776K(101376K)->88768K(111104K)
[503.962s][info][gc,heap        ] GC(1875) ParOldGen: 602500K(667648K)->608892K(667648K)
[503.962s][info][gc,metaspace   ] GC(1875) Metaspace: 19073K(19264K)->19073K(19264K) NonClass: 16406K(16512K)->16406K(16512K) Class: 2666K(2752K)->2666K(2752K)
[503.962s][info][gc             ] GC(1875) Pause Young (Allocation Failure) 787M->681M(869M) 90.273ms
[503.962s][info][gc,cpu         ] GC(1875) User=0.18s Sys=0.00s Real=0.09s
[504.082s][info][gc,start       ] GC(1876) Pause Young (Allocation Failure)
[504.165s][info][gc,heap        ] GC(1876) PSYoungGen: 200384K(222720K)->60832K(222720K) Eden: 111616K(111616K)->0K(111616K) From: 88768K(111104K)->60832K(111104K)
[504.165s][info][gc,heap        ] GC(1876) ParOldGen: 608892K(667648K)->636844K(667648K)
[504.165s][info][gc,metaspace   ] GC(1876) Metaspace: 19073K(19264K)->19073K(19264K) NonClass: 16406K(16512K)->16406K(16512K) Class: 2666K(2752K)->2666K(2752K)
[504.166s][info][gc             ] GC(1876) Pause Young (Allocation Failure) 790M->681M(869M) 83.733ms
[504.166s][info][gc,cpu         ] GC(1876) User=0.16s Sys=0.00s Real=0.08s
[504.274s][info][gc,start       ] GC(1877) Pause Full (Allocation Failure)
[504.274s][info][gc,phases,start] GC(1877) Marking Phase
[504.551s][info][gc,phases      ] GC(1877) Marking Phase 276.694ms
[504.551s][info][gc,phases,start] GC(1877) Summary Phase
[504.551s][info][gc,phases      ] GC(1877) Summary Phase 0.026ms
[504.551s][info][gc,phases,start] GC(1877) Forward
[504.661s][info][gc,phases      ] GC(1877) Forward 109.631ms
[504.661s][info][gc,phases,start] GC(1877) Adjust Pointers
[504.876s][info][gc,phases      ] GC(1877) Adjust Pointers 215.117ms
[504.876s][info][gc,phases,start] GC(1877) Compaction Phase
[505.002s][info][gc,phases      ] GC(1877) Compaction Phase 125.691ms
[505.011s][info][gc,phases,start] GC(1877) Post Compact
[505.014s][info][gc,phases      ] GC(1877) Post Compact 2.338ms
[505.014s][info][gc,heap        ] GC(1877) PSYoungGen: 172448K(222720K)->0K(222720K) Eden: 111616K(111616K)->0K(111616K) From: 60832K(111104K)->0K(111104K)
[505.014s][info][gc,heap        ] GC(1877) ParOldGen: 636844K(667648K)->407208K(667648K)
[505.014s][info][gc,metaspace   ] GC(1877) Metaspace: 19073K(19264K)->19073K(19264K) NonClass: 16406K(16512K)->16406K(16512K) Class: 2666K(2752K)->2666K(2752K)
[505.014s][info][gc             ] GC(1877) Pause Full (Allocation Failure) 790M->397M(869M) 739.547ms
[505.014s][info][gc,cpu         ] GC(1877) User=1.37s Sys=0.00s Real=0.74s
[505.157s][info][gc,start       ] GC(1878) Pause Young (Allocation Failure)
[505.166s][info][gc,heap        ] GC(1878) PSYoungGen: 111616K(222720K)->3392K(222720K) Eden: 111616K(111616K)->0K(111616K) From: 0K(111104K)->3392K(111104K)
[505.166s][info][gc,heap        ] GC(1878) ParOldGen: 407208K(667648K)->407208K(667648K)
[505.166s][info][gc,metaspace   ] GC(1878) Metaspace: 19073K(19264K)->19073K(19264K) NonClass: 16406K(16512K)->16406K(16512K) Class: 2666K(2752K)->2666K(2752K)
[505.166s][info][gc             ] GC(1878) Pause Young (Allocation Failure) 506M->400M(869M) 9.066ms
[505.166s][info][gc,cpu         ] GC(1878) User=0.02s Sys=0.00s Real=0.01s
[505.262s][info][gc,start       ] GC(1879) Pause Young (Allocation Failure)
[505.269s][info][gc,heap        ] GC(1879) PSYoungGen: 115008K(222720K)->5184K(222720K) Eden: 111616K(111616K)->0K(111616K) From: 3392K(111104K)->5184K(111104K)
[505.269s][info][gc,heap        ] GC(1879) ParOldGen: 407208K(667648K)->407208K(667648K)
[505.269s][info][gc,metaspace   ] GC(1879) Metaspace: 19073K(19264K)->19073K(19264K) NonClass: 16406K(16512K)->16406K(16512K) Class: 2666K(2752K)->2666K(2752K)
[505.269s][info][gc             ] GC(1879) Pause Young (Allocation Failure) 509M->402M(869M) 6.978ms
[505.269s][info][gc,cpu         ] GC(1879) User=0.01s Sys=0.00s Real=0.01s
[505.388s][info][gc,start       ] GC(1880) Pause Young (Allocation Failure)
[505.410s][info][gc,heap        ] GC(1880) PSYoungGen: 116800K(222720K)->18640K(222720K) Eden: 111616K(111616K)->0K(111616K) From: 5184K(111104K)->18640K(111104K)
[505.410s][info][gc,heap        ] GC(1880) ParOldGen: 407208K(667648K)->410576K(667648K)
[505.410s][info][gc,metaspace   ] GC(1880) Metaspace: 19073K(19264K)->19073K(19264K) NonClass: 16406K(16512K)->16406K(16512K) Class: 2666K(2752K)->2666K(2752K)
[505.410s][info][gc             ] GC(1880) Pause Young (Allocation Failure) 511M->419M(869M) 21.686ms
[505.410s][info][gc,cpu         ] GC(1880) User=0.04s Sys=0.00s Real=0.02s
[505.474s][info][gc,start       ] GC(1881) Pause Young (Allocation Failure)
[505.518s][info][gc,heap        ] GC(1881) PSYoungGen: 130256K(222720K)->40032K(222720K) Eden: 111616K(111616K)->0K(111616K) From: 18640K(111104K)->40032K(111104K)
[505.519s][info][gc,heap        ] GC(1881) ParOldGen: 410576K(667648K)->429307K(667648K)
[505.519s][info][gc,metaspace   ] GC(1881) Metaspace: 19073K(19264K)->19073K(19264K) NonClass: 16406K(16512K)->16406K(16512K) Class: 2666K(2752K)->2666K(2752K)
[505.519s][info][gc             ] GC(1881) Pause Young (Allocation Failure) 528M->458M(869M) 44.937ms
[505.519s][info][gc,cpu         ] GC(1881) User=0.09s Sys=0.00s Real=0.05s
[505.606s][info][gc,start       ] GC(1882) Pause Young (Allocation Failure)
[505.658s][info][gc,heap        ] GC(1882) PSYoungGen: 151648K(222720K)->33728K(222720K) Eden: 111616K(111616K)->0K(111616K) From: 40032K(111104K)->33728K(111104K)
[505.658s][info][gc,heap        ] GC(1882) ParOldGen: 429307K(667648K)->469779K(667648K)
[505.658s][info][gc,metaspace   ] GC(1882) Metaspace: 19073K(19264K)->19073K(19264K) NonClass: 16406K(16512K)->16406K(16512K) Class: 2666K(2752K)->2666K(2752K)
[505.658s][info][gc             ] GC(1882) Pause Young (Allocation Failure) 567M->491M(869M) 52.429ms
[505.658s][info][gc,cpu         ] GC(1882) User=0.10s Sys=0.00s Real=0.06s
[505.826s][info][gc,start       ] GC(1883) Pause Young (Allocation Failure)
[505.856s][info][gc,heap        ] GC(1883) PSYoungGen: 145344K(222720K)->1296K(113152K) Eden: 111616K(111616K)->0K(111616K) From: 33728K(111104K)->1296K(1536K)
[505.856s][info][gc,heap        ] GC(1883) ParOldGen: 469779K(667648K)->503687K(667648K)
[505.856s][info][gc,metaspace   ] GC(1883) Metaspace: 19073K(19264K)->19073K(19264K) NonClass: 16406K(16512K)->16406K(16512K) Class: 2666K(2752K)->2666K(2752K)
[505.856s][info][gc             ] GC(1883) Pause Young (Allocation Failure) 600M->493M(762M) 30.187ms
[505.856s][info][gc,cpu         ] GC(1883) User=0.06s Sys=0.00s Real=0.03s
[505.983s][info][gc,start       ] GC(1884) Pause Young (Allocation Failure)
[505.989s][info][gc,heap        ] GC(1884) PSYoungGen: 112912K(113152K)->3104K(223744K) Eden: 111616K(111616K)->0K(113664K) From: 1296K(1536K)->3104K(110080K)
[505.989s][info][gc,heap        ] GC(1884) ParOldGen: 503687K(667648K)->504936K(667648K)
[505.989s][info][gc,metaspace   ] GC(1884) Metaspace: 19073K(19264K)->19073K(19264K) NonClass: 16406K(16512K)->16406K(16512K) Class: 2666K(2752K)->2666K(2752K)
[505.989s][info][gc             ] GC(1884) Pause Young (Allocation Failure) 602M->496M(870M) 6.126ms
[505.989s][info][gc,cpu         ] GC(1884) User=0.01s Sys=0.00s Real=0.01s
[506.067s][info][gc,start       ] GC(1885) Pause Young (Allocation Failure)
[506.078s][info][gc,heap        ] GC(1885) PSYoungGen: 116768K(223744K)->9216K(122880K) Eden: 113664K(113664K)->0K(113664K) From: 3104K(110080K)->9216K(9216K)
[506.078s][info][gc,heap        ] GC(1885) ParOldGen: 504936K(667648K)->504936K(667648K)
[506.078s][info][gc,metaspace   ] GC(1885) Metaspace: 19073K(19264K)->19073K(19264K) NonClass: 16406K(16512K)->16406K(16512K) Class: 2666K(2752K)->2666K(2752K)
[506.078s][info][gc             ] GC(1885) Pause Young (Allocation Failure) 607M->502M(772M) 11.074ms
[506.078s][info][gc,cpu         ] GC(1885) User=0.02s Sys=0.00s Real=0.02s
[506.223s][info][gc,start       ] GC(1886) Pause Young (Allocation Failure)
[506.236s][info][gc,heap        ] GC(1886) PSYoungGen: 122880K(122880K)->9472K(222720K) Eden: 113664K(113664K)->0K(119808K) From: 9216K(9216K)->9472K(102912K)
[506.236s][info][gc,heap        ] GC(1886) ParOldGen: 504936K(667648K)->504936K(667648K)
[506.236s][info][gc,metaspace   ] GC(1886) Metaspace: 19073K(19264K)->19073K(19264K) NonClass: 16406K(16512K)->16406K(16512K) Class: 2666K(2752K)->2666K(2752K)
[506.236s][info][gc             ] GC(1886) Pause Young (Allocation Failure) 613M->502M(869M) 12.521ms
[506.236s][info][gc,cpu         ] GC(1886) User=0.02s Sys=0.00s Real=0.01s
[506.387s][info][gc,start       ] GC(1887) Pause Young (Allocation Failure)
[506.399s][info][gc,heap        ] GC(1887) PSYoungGen: 129280K(222720K)->9920K(219648K) Eden: 119808K(119808K)->0K(119808K) From: 9472K(102912K)->9920K(99840K)
[506.399s][info][gc,heap        ] GC(1887) ParOldGen: 504936K(667648K)->504936K(667648K)
[506.399s][info][gc,metaspace   ] GC(1887) Metaspace: 19073K(19264K)->19073K(19264K) NonClass: 16407K(16512K)->16407K(16512K) Class: 2666K(2752K)->2666K(2752K)
[506.399s][info][gc             ] GC(1887) Pause Young (Allocation Failure) 619M->502M(866M) 12.272ms
[506.399s][info][gc,cpu         ] GC(1887) User=0.03s Sys=0.00s Real=0.02s
[506.507s][info][gc,start       ] GC(1888) Pause Young (Allocation Failure)
[506.522s][info][gc,heap        ] GC(1888) PSYoungGen: 129728K(219648K)->11232K(215040K) Eden: 119808K(119808K)->0K(128512K) From: 9920K(99840K)->11232K(86528K)
[506.522s][info][gc,heap        ] GC(1888) ParOldGen: 504936K(667648K)->504936K(667648K)
[506.522s][info][gc,metaspace   ] GC(1888) Metaspace: 19073K(19264K)->19073K(19264K) NonClass: 16407K(16512K)->16407K(16512K) Class: 2666K(2752K)->2666K(2752K)
[506.522s][info][gc             ] GC(1888) Pause Young (Allocation Failure) 619M->504M(862M) 14.972ms
[506.522s][info][gc,cpu         ] GC(1888) User=0.03s Sys=0.00s Real=0.02s
[506.728s][info][gc,start       ] GC(1889) Pause Young (Allocation Failure)
[506.756s][info][gc,heap        ] GC(1889) PSYoungGen: 139744K(215040K)->16321K(219648K) Eden: 128512K(128512K)->0K(128512K) From: 11232K(86528K)->16321K(91136K)
[506.756s][info][gc,heap        ] GC(1889) ParOldGen: 504936K(667648K)->504936K(667648K)
[506.756s][info][gc,metaspace   ] GC(1889) Metaspace: 19073K(19264K)->19073K(19264K) NonClass: 16407K(16512K)->16407K(16512K) Class: 2666K(2752K)->2666K(2752K)
[506.756s][info][gc             ] GC(1889) Pause Young (Allocation Failure) 629M->509M(866M) 27.898ms
[506.756s][info][gc,cpu         ] GC(1889) User=0.05s Sys=0.00s Real=0.02s
[506.987s][info][gc,start       ] GC(1890) Pause Young (Allocation Failure)
[507.036s][info][gc,heap        ] GC(1890) PSYoungGen: 144833K(219648K)->36385K(221696K) Eden: 128512K(128512K)->0K(138240K) From: 16321K(91136K)->36385K(83456K)
[507.036s][info][gc,heap        ] GC(1890) ParOldGen: 504936K(667648K)->504936K(667648K)
[507.036s][info][gc,metaspace   ] GC(1890) Metaspace: 19073K(19264K)->19073K(19264K) NonClass: 16407K(16512K)->16407K(16512K) Class: 2666K(2752K)->2666K(2752K)
[507.036s][info][gc             ] GC(1890) Pause Young (Allocation Failure) 634M->528M(868M) 48.824ms
[507.036s][info][gc,cpu         ] GC(1890) User=0.10s Sys=0.00s Real=0.05s
[507.195s][info][gc,start       ] GC(1891) Pause Young (Allocation Failure)
[507.265s][info][gc,heap        ] GC(1891) PSYoungGen: 174625K(221696K)->58337K(222720K) Eden: 138240K(138240K)->0K(138240K) From: 36385K(83456K)->58337K(84480K)
[507.266s][info][gc,heap        ] GC(1891) ParOldGen: 504936K(667648K)->504936K(667648K)
[507.266s][info][gc,metaspace   ] GC(1891) Metaspace: 19073K(19264K)->19073K(19264K) NonClass: 16407K(16512K)->16407K(16512K) Class: 2666K(2752K)->2666K(2752K)
[507.266s][info][gc             ] GC(1891) Pause Young (Allocation Failure) 663M->550M(869M) 70.722ms
[507.266s][info][gc,cpu         ] GC(1891) User=0.14s Sys=0.00s Real=0.07s
[507.427s][info][gc,start       ] GC(1892) Pause Young (Allocation Failure)
[507.502s][info][gc,heap        ] GC(1892) PSYoungGen: 196577K(222720K)->64618K(228352K) Eden: 138240K(138240K)->0K(137216K) From: 58337K(84480K)->64618K(91136K)
[507.502s][info][gc,heap        ] GC(1892) ParOldGen: 504936K(667648K)->504936K(667648K)
[507.502s][info][gc,metaspace   ] GC(1892) Metaspace: 19073K(19264K)->19073K(19264K) NonClass: 16407K(16512K)->16407K(16512K) Class: 2666K(2752K)->2666K(2752K)
[507.502s][info][gc             ] GC(1892) Pause Young (Allocation Failure) 685M->556M(875M) 75.447ms
[507.502s][info][gc,cpu         ] GC(1892) User=0.15s Sys=0.00s Real=0.08s
[507.686s][info][gc,start       ] GC(1893) Pause Young (Allocation Failure)
[507.764s][info][gc,heap        ] GC(1893) PSYoungGen: 201834K(228352K)->67562K(204800K) Eden: 137216K(137216K)->0K(137216K) From: 64618K(91136K)->67562K(67584K)
[507.764s][info][gc,heap        ] GC(1893) ParOldGen: 504936K(667648K)->504936K(667648K)
[507.764s][info][gc,metaspace   ] GC(1893) Metaspace: 19073K(19264K)->19073K(19264K) NonClass: 16407K(16512K)->16407K(16512K) Class: 2666K(2752K)->2666K(2752K)
[507.764s][info][gc             ] GC(1893) Pause Young (Allocation Failure) 690M->559M(852M) 78.114ms
[507.764s][info][gc,cpu         ] GC(1893) User=0.15s Sys=0.00s Real=0.08s
[507.886s][info][gc,start       ] GC(1894) Pause Young (Allocation Failure)
[507.964s][info][gc,heap        ] GC(1894) PSYoungGen: 204778K(204800K)->64586K(221696K) Eden: 137216K(137216K)->0K(116736K) From: 67562K(67584K)->64586K(104960K)
[507.964s][info][gc,heap        ] GC(1894) ParOldGen: 504936K(667648K)->508048K(667648K)
[507.964s][info][gc,metaspace   ] GC(1894) Metaspace: 19073K(19264K)->19073K(19264K) NonClass: 16407K(16512K)->16407K(16512K) Class: 2666K(2752K)->2666K(2752K)
[507.964s][info][gc             ] GC(1894) Pause Young (Allocation Failure) 693M->559M(868M) 77.966ms
[507.964s][info][gc,cpu         ] GC(1894) User=0.15s Sys=0.00s Real=0.08s
[508.027s][info][gc,start       ] GC(1895) Pause Young (Allocation Failure)
[508.102s][info][gc,heap        ] GC(1895) PSYoungGen: 181322K(221696K)->58186K(175104K) Eden: 116736K(116736K)->0K(116736K) From: 64586K(104960K)->58186K(58368K)
[508.102s][info][gc,heap        ] GC(1895) ParOldGen: 508048K(667648K)->514440K(667648K)
[508.102s][info][gc,metaspace   ] GC(1895) Metaspace: 19073K(19264K)->19073K(19264K) NonClass: 16407K(16512K)->16407K(16512K) Class: 2666K(2752K)->2666K(2752K)
[508.102s][info][gc             ] GC(1895) Pause Young (Allocation Failure) 673M->559M(823M) 74.687ms
[508.102s][info][gc,cpu         ] GC(1895) User=0.15s Sys=0.00s Real=0.07s
[508.296s][info][gc,start       ] GC(1896) Pause Young (Allocation Failure)
[508.374s][info][gc,heap        ] GC(1896) PSYoungGen: 174922K(175104K)->63195K(221696K) Eden: 116736K(116736K)->0K(112640K) From: 58186K(58368K)->63195K(109056K)
[508.375s][info][gc,heap        ] GC(1896) ParOldGen: 514440K(667648K)->516144K(667648K)
[508.375s][info][gc,metaspace   ] GC(1896) Metaspace: 19073K(19264K)->19073K(19264K) NonClass: 16407K(16512K)->16407K(16512K) Class: 2666K(2752K)->2666K(2752K)
[508.375s][info][gc             ] GC(1896) Pause Young (Allocation Failure) 673M->565M(868M) 78.783ms
[508.375s][info][gc,cpu         ] GC(1896) User=0.15s Sys=0.00s Real=0.08s
[508.488s][info][gc,start       ] GC(1897) Pause Young (Allocation Failure)
[508.563s][info][gc,heap        ] GC(1897) PSYoungGen: 175835K(221696K)->38857K(151552K) Eden: 112640K(112640K)->0K(112640K) From: 63195K(109056K)->38857K(38912K)
[508.563s][info][gc,heap        ] GC(1897) ParOldGen: 516144K(667648K)->541373K(667648K)
[508.563s][info][gc,metaspace   ] GC(1897) Metaspace: 19073K(19264K)->19073K(19264K) NonClass: 16407K(16512K)->16407K(16512K) Class: 2666K(2752K)->2666K(2752K)
[508.563s][info][gc             ] GC(1897) Pause Young (Allocation Failure) 675M->566M(800M) 74.649ms
[508.563s][info][gc,cpu         ] GC(1897) User=0.15s Sys=0.00s Real=0.07s
[508.857s][info][gc,start       ] GC(1898) Pause Young (Allocation Failure)
[508.897s][info][gc,heap        ] GC(1898) PSYoungGen: 151497K(151552K)->10688K(219136K) Eden: 112640K(112640K)->0K(114688K) From: 38857K(38912K)->10688K(104448K)
[508.897s][info][gc,heap        ] GC(1898) ParOldGen: 541373K(667648K)->569695K(667648K)
[508.897s][info][gc,metaspace   ] GC(1898) Metaspace: 19076K(19264K)->19076K(19264K) NonClass: 16409K(16512K)->16409K(16512K) Class: 2666K(2752K)->2666K(2752K)
[508.898s][info][gc             ] GC(1898) Pause Young (Allocation Failure) 676M->566M(866M) 40.771ms
[508.898s][info][gc,cpu         ] GC(1898) User=0.08s Sys=0.00s Real=0.05s
[509.203s][info][gc,start       ] GC(1899) Pause Young (Allocation Failure)
[509.217s][info][gc,heap        ] GC(1899) PSYoungGen: 125376K(219136K)->7784K(218624K) Eden: 114688K(114688K)->0K(114688K) From: 10688K(104448K)->7784K(103936K)
[509.217s][info][gc,heap        ] GC(1899) ParOldGen: 569695K(667648K)->572711K(667648K)
[509.217s][info][gc,metaspace   ] GC(1899) Metaspace: 19076K(19264K)->19076K(19264K) NonClass: 16410K(16512K)->16410K(16512K) Class: 2666K(2752K)->2666K(2752K)
[509.217s][info][gc             ] GC(1899) Pause Young (Allocation Failure) 678M->566M(865M) 13.359ms
[509.217s][info][gc,cpu         ] GC(1899) User=0.02s Sys=0.00s Real=0.01s
[509.549s][info][gc,start       ] GC(1900) Pause Young (Allocation Failure)
[509.579s][info][gc,heap        ] GC(1900) PSYoungGen: 122472K(218624K)->25528K(217600K) Eden: 114688K(114688K)->0K(124928K) From: 7784K(103936K)->25528K(92672K)
[509.579s][info][gc,heap        ] GC(1900) ParOldGen: 572711K(667648K)->572727K(667648K)
[509.579s][info][gc,metaspace   ] GC(1900) Metaspace: 19076K(19264K)->19076K(19264K) NonClass: 16410K(16512K)->16410K(16512K) Class: 2666K(2752K)->2666K(2752K)
[509.579s][info][gc             ] GC(1900) Pause Young (Allocation Failure) 678M->584M(864M) 29.982ms
[509.579s][info][gc,cpu         ] GC(1900) User=0.06s Sys=0.00s Real=0.03s
[509.824s][info][gc,start       ] GC(1901) Pause Young (Allocation Failure)
[509.854s][info][gc,heap        ] GC(1901) PSYoungGen: 150456K(217600K)->29048K(222720K) Eden: 124928K(124928K)->0K(124928K) From: 25528K(92672K)->29048K(97792K)
[509.854s][info][gc,heap        ] GC(1901) ParOldGen: 572727K(667648K)->572727K(667648K)
[509.854s][info][gc,metaspace   ] GC(1901) Metaspace: 19076K(19264K)->19076K(19264K) NonClass: 16410K(16512K)->16410K(16512K) Class: 2666K(2752K)->2666K(2752K)
[509.854s][info][gc             ] GC(1901) Pause Young (Allocation Failure) 706M->587M(869M) 29.324ms
[509.854s][info][gc,cpu         ] GC(1901) User=0.06s Sys=0.00s Real=0.03s
[510.084s][info][gc,start       ] GC(1902) Pause Young (Allocation Failure)
[510.120s][info][gc,heap        ] GC(1902) PSYoungGen: 153976K(222720K)->29048K(217600K) Eden: 124928K(124928K)->0K(135168K) From: 29048K(97792K)->29048K(82432K)
[510.120s][info][gc,heap        ] GC(1902) ParOldGen: 572727K(667648K)->572727K(667648K)
[510.120s][info][gc,metaspace   ] GC(1902) Metaspace: 19076K(19264K)->19076K(19264K) NonClass: 16410K(16512K)->16410K(16512K) Class: 2666K(2752K)->2666K(2752K)
[510.120s][info][gc             ] GC(1902) Pause Young (Allocation Failure) 709M->587M(864M) 35.203ms
[510.120s][info][gc,cpu         ] GC(1902) User=0.07s Sys=0.00s Real=0.04s
[510.848s][info][gc,start       ] GC(1903) Pause Young (Allocation Failure)
[510.879s][info][gc,heap        ] GC(1903) PSYoungGen: 164216K(217600K)->29476K(222720K) Eden: 135168K(135168K)->0K(135168K) From: 29048K(82432K)->29476K(87552K)
[510.879s][info][gc,heap        ] GC(1903) ParOldGen: 572727K(667648K)->572727K(667648K)
[510.879s][info][gc,metaspace   ] GC(1903) Metaspace: 19076K(19264K)->19076K(19264K) NonClass: 16410K(16512K)->16410K(16512K) Class: 2666K(2752K)->2666K(2752K)
[510.879s][info][gc             ] GC(1903) Pause Young (Allocation Failure) 719M->588M(869M) 31.126ms
[510.879s][info][gc,cpu         ] GC(1903) User=0.06s Sys=0.00s Real=0.03s
[511.433s][info][gc,start       ] GC(1904) Pause Young (Allocation Failure)
[511.470s][info][gc,heap        ] GC(1904) PSYoungGen: 164644K(222720K)->30660K(216576K) Eden: 135168K(135168K)->0K(143872K) From: 29476K(87552K)->30660K(72704K)
[511.470s][info][gc,heap        ] GC(1904) ParOldGen: 572727K(667648K)->572727K(667648K)
[511.470s][info][gc,metaspace   ] GC(1904) Metaspace: 19076K(19264K)->19076K(19264K) NonClass: 16410K(16512K)->16410K(16512K) Class: 2666K(2752K)->2666K(2752K)
[511.471s][info][gc             ] GC(1904) Pause Young (Allocation Failure) 720M->589M(863M) 37.305ms
[511.471s][info][gc,cpu         ] GC(1904) User=0.06s Sys=0.00s Real=0.04s
[512.102s][info][gc,start       ] GC(1905) Pause Young (Allocation Failure)
[512.134s][info][gc,heap        ] GC(1905) PSYoungGen: 174532K(216576K)->31236K(222208K) Eden: 143872K(143872K)->0K(143872K) From: 30660K(72704K)->31236K(78336K)
[512.135s][info][gc,heap        ] GC(1905) ParOldGen: 572727K(667648K)->572735K(667648K)
[512.135s][info][gc,metaspace   ] GC(1905) Metaspace: 19080K(19264K)->19080K(19264K) NonClass: 16414K(16512K)->16414K(16512K) Class: 2666K(2752K)->2666K(2752K)
[512.135s][info][gc             ] GC(1905) Pause Young (Allocation Failure) 729M->589M(869M) 32.788ms
[512.135s][info][gc,cpu         ] GC(1905) User=0.07s Sys=0.00s Real=0.03s
[512.453s][info][gc,start       ] GC(1906) Pause Young (Allocation Failure)
[512.486s][info][gc,heap        ] GC(1906) PSYoungGen: 175078K(222208K)->31536K(218624K) Eden: 143842K(143872K)->0K(152576K) From: 31236K(78336K)->31536K(66048K)
[512.486s][info][gc,heap        ] GC(1906) ParOldGen: 572735K(667648K)->572735K(667648K)
[512.486s][info][gc,metaspace   ] GC(1906) Metaspace: 19081K(19264K)->19081K(19264K) NonClass: 16415K(16512K)->16415K(16512K) Class: 2666K(2752K)->2666K(2752K)
[512.486s][info][gc             ] GC(1906) Pause Young (Allocation Failure) 730M->590M(865M) 32.567ms
[512.486s][info][gc,cpu         ] GC(1906) User=0.06s Sys=0.00s Real=0.03s
[512.791s][info][gc,start       ] GC(1907) Pause Young (Allocation Failure)
[512.832s][info][gc,heap        ] GC(1907) PSYoungGen: 184112K(218624K)->41837K(222720K) Eden: 152576K(152576K)->0K(152576K) From: 31536K(66048K)->41837K(70144K)
[512.832s][info][gc,heap        ] GC(1907) ParOldGen: 572735K(667648K)->572735K(667648K)
[512.832s][info][gc,metaspace   ] GC(1907) Metaspace: 19083K(19264K)->19083K(19264K) NonClass: 16417K(16512K)->16417K(16512K) Class: 2666K(2752K)->2666K(2752K)
[512.832s][info][gc             ] GC(1907) Pause Young (Allocation Failure) 739M->600M(869M) 41.113ms
[512.832s][info][gc,cpu         ] GC(1907) User=0.08s Sys=0.00s Real=0.04s
[512.947s][info][gc,start       ] GC(1908) Pause Young (Allocation Failure)
[513.030s][info][gc,heap        ] GC(1908) PSYoungGen: 194413K(222720K)->70125K(215552K) Eden: 152576K(152576K)->0K(145408K) From: 41837K(70144K)->70125K(70144K)
[513.030s][info][gc,heap        ] GC(1908) ParOldGen: 572735K(667648K)->591487K(667648K)
[513.030s][info][gc,metaspace   ] GC(1908) Metaspace: 19086K(19264K)->19086K(19264K) NonClass: 16420K(16512K)->16420K(16512K) Class: 2666K(2752K)->2666K(2752K)
[513.030s][info][gc             ] GC(1908) Pause Young (Allocation Failure) 749M->646M(862M) 83.108ms
[513.030s][info][gc,cpu         ] GC(1908) User=0.16s Sys=0.00s Real=0.09s
[513.179s][info][gc,start       ] GC(1909) Pause Young (Allocation Failure)
[513.315s][info][gc,heap        ] GC(1909) PSYoungGen: 215533K(215552K)->86500K(231936K) Eden: 145408K(145408K)->0K(145408K) From: 70125K(70144K)->86500K(86528K)
[513.315s][info][gc,heap        ] GC(1909) ParOldGen: 591487K(667648K)->634719K(667648K)
[513.315s][info][gc,metaspace   ] GC(1909) Metaspace: 19086K(19264K)->19086K(19264K) NonClass: 16420K(16512K)->16420K(16512K) Class: 2666K(2752K)->2666K(2752K)
[513.315s][info][gc             ] GC(1909) Pause Young (Allocation Failure) 788M->704M(878M) 136.206ms
[513.315s][info][gc,cpu         ] GC(1909) User=0.27s Sys=0.00s Real=0.13s
[513.564s][info][gc,start       ] GC(1910) Pause Full (Allocation Failure)
[513.565s][info][gc,phases,start] GC(1910) Marking Phase
[513.690s][info][gc,phases      ] GC(1910) Marking Phase 125.501ms
[513.690s][info][gc,phases,start] GC(1910) Summary Phase
[513.690s][info][gc,phases      ] GC(1910) Summary Phase 0.025ms
[513.690s][info][gc,phases,start] GC(1910) Forward
[513.739s][info][gc,phases      ] GC(1910) Forward 48.434ms
[513.739s][info][gc,phases,start] GC(1910) Adjust Pointers
[513.824s][info][gc,phases      ] GC(1910) Adjust Pointers 85.353ms
[513.824s][info][gc,phases,start] GC(1910) Compaction Phase
[513.883s][info][gc,phases      ] GC(1910) Compaction Phase 59.033ms
[513.885s][info][gc,phases,start] GC(1910) Post Compact
[513.887s][info][gc,phases      ] GC(1910) Post Compact 2.437ms
[513.898s][info][gc,heap        ] GC(1910) PSYoungGen: 231908K(231936K)->0K(213504K) Eden: 145408K(145408K)->0K(111616K) From: 86500K(86528K)->0K(101888K)
[513.898s][info][gc,heap        ] GC(1910) ParOldGen: 634719K(667648K)->210361K(528896K)
[513.898s][info][gc,metaspace   ] GC(1910) Metaspace: 19086K(19264K)->19086K(19264K) NonClass: 16420K(16512K)->16420K(16512K) Class: 2666K(2752K)->2666K(2752K)
[513.899s][info][gc             ] GC(1910) Pause Full (Allocation Failure) 846M->205M(725M) 334.042ms
[513.899s][info][gc,cpu         ] GC(1910) User=0.59s Sys=0.01s Real=0.34s
[514.010s][info][gc,start       ] GC(1911) Pause Young (Allocation Failure)
[514.033s][info][gc,heap        ] GC(1911) PSYoungGen: 111616K(213504K)->8576K(222720K) Eden: 111616K(111616K)->0K(111616K) From: 0K(101888K)->8576K(111104K)
[514.033s][info][gc,heap        ] GC(1911) ParOldGen: 210361K(528896K)->210361K(528896K)
[514.033s][info][gc,metaspace   ] GC(1911) Metaspace: 19086K(19264K)->19086K(19264K) NonClass: 16420K(16512K)->16420K(16512K) Class: 2666K(2752K)->2666K(2752K)
[514.033s][info][gc             ] GC(1911) Pause Young (Allocation Failure) 314M->213M(734M) 23.406ms
[514.033s][info][gc,cpu         ] GC(1911) User=0.05s Sys=0.00s Real=0.02s
[514.213s][info][gc,start       ] GC(1912) Pause Young (Allocation Failure)
[514.271s][info][gc,heap        ] GC(1912) PSYoungGen: 120192K(222720K)->30130K(222720K) Eden: 111616K(111616K)->0K(111616K) From: 8576K(111104K)->30130K(111104K)
[514.271s][info][gc,heap        ] GC(1912) ParOldGen: 210361K(528896K)->210369K(528896K)
[514.271s][info][gc,metaspace   ] GC(1912) Metaspace: 19095K(19264K)->19095K(19264K) NonClass: 16429K(16512K)->16429K(16512K) Class: 2666K(2752K)->2666K(2752K)
[514.271s][info][gc             ] GC(1912) Pause Young (Allocation Failure) 322M->234M(734M) 57.595ms
[514.271s][info][gc,cpu         ] GC(1912) User=0.11s Sys=0.00s Real=0.06s
[514.415s][info][gc,start       ] GC(1913) Pause Young (Allocation Failure)
[514.477s][info][gc,heap        ] GC(1913) PSYoungGen: 141746K(222720K)->42354K(154112K) Eden: 111616K(111616K)->0K(111616K) From: 30130K(111104K)->42354K(42496K)
[514.477s][info][gc,heap        ] GC(1913) ParOldGen: 210369K(528896K)->210369K(528896K)
[514.477s][info][gc,metaspace   ] GC(1913) Metaspace: 19095K(19264K)->19095K(19264K) NonClass: 16429K(16512K)->16429K(16512K) Class: 2666K(2752K)->2666K(2752K)
[514.477s][info][gc             ] GC(1913) Pause Young (Allocation Failure) 343M->246M(667M) 61.772ms
[514.477s][info][gc,cpu         ] GC(1913) User=0.12s Sys=0.00s Real=0.06s
[514.591s][info][gc,start       ] GC(1914) Pause Young (Allocation Failure)
[514.659s][info][gc,heap        ] GC(1914) PSYoungGen: 153970K(154112K)->49234K(219136K) Eden: 111616K(111616K)->0K(115200K) From: 42354K(42496K)->49234K(103936K)
[514.660s][info][gc,heap        ] GC(1914) ParOldGen: 210369K(528896K)->210369K(528896K)
[514.660s][info][gc,metaspace   ] GC(1914) Metaspace: 19095K(19264K)->19095K(19264K) NonClass: 16429K(16512K)->16429K(16512K) Class: 2666K(2752K)->2666K(2752K)
[514.660s][info][gc             ] GC(1914) Pause Young (Allocation Failure) 355M->253M(730M) 68.551ms
[514.660s][info][gc,cpu         ] GC(1914) User=0.14s Sys=0.00s Real=0.07s
[514.758s][info][gc,start       ] GC(1915) Pause Young (Allocation Failure)
[514.830s][info][gc,heap        ] GC(1915) PSYoungGen: 164434K(219136K)->52923K(215552K) Eden: 115200K(115200K)->0K(115200K) From: 49234K(103936K)->52923K(100352K)
[514.830s][info][gc,heap        ] GC(1915) ParOldGen: 210369K(528896K)->210369K(528896K)
[514.830s][info][gc,metaspace   ] GC(1915) Metaspace: 19095K(19264K)->19095K(19264K) NonClass: 16429K(16512K)->16429K(16512K) Class: 2666K(2752K)->2666K(2752K)
[514.830s][info][gc             ] GC(1915) Pause Young (Allocation Failure) 366M->257M(727M) 71.641ms
[514.830s][info][gc,cpu         ] GC(1915) User=0.14s Sys=0.01s Real=0.07s
[514.939s][info][gc,start       ] GC(1916) Pause Young (Allocation Failure)
[515.012s][info][gc,heap        ] GC(1916) PSYoungGen: 168123K(215552K)->53051K(224768K) Eden: 115200K(115200K)->0K(130048K) From: 52923K(100352K)->53051K(94720K)
[515.012s][info][gc,heap        ] GC(1916) ParOldGen: 210369K(528896K)->210369K(528896K)
[515.012s][info][gc,metaspace   ] GC(1916) Metaspace: 19095K(19264K)->19095K(19264K) NonClass: 16429K(16512K)->16429K(16512K) Class: 2666K(2752K)->2666K(2752K)
[515.012s][info][gc             ] GC(1916) Pause Young (Allocation Failure) 369M->257M(736M) 72.242ms
[515.012s][info][gc,cpu         ] GC(1916) User=0.14s Sys=0.00s Real=0.07s
[515.100s][info][gc,start       ] GC(1917) Pause Young (Allocation Failure)
[515.203s][info][gc,heap        ] GC(1917) PSYoungGen: 183099K(224768K)->58928K(226304K) Eden: 130048K(130048K)->0K(130048K) From: 53051K(94720K)->58928K(96256K)
[515.203s][info][gc,heap        ] GC(1917) ParOldGen: 210369K(528896K)->240512K(528896K)
[515.203s][info][gc,metaspace   ] GC(1917) Metaspace: 19095K(19264K)->19095K(19264K) NonClass: 16429K(16512K)->16429K(16512K) Class: 2666K(2752K)->2666K(2752K)
[515.203s][info][gc             ] GC(1917) Pause Young (Allocation Failure) 384M->292M(737M) 103.295ms
[515.203s][info][gc,cpu         ] GC(1917) User=0.20s Sys=0.00s Real=0.10s
[515.279s][info][gc,start       ] GC(1918) Pause Young (Allocation Failure)
[515.348s][info][gc,heap        ] GC(1918) PSYoungGen: 188976K(226304K)->62672K(235520K) Eden: 130048K(130048K)->0K(139264K) From: 58928K(96256K)->62672K(96256K)
[515.348s][info][gc,heap        ] GC(1918) ParOldGen: 240512K(528896K)->259665K(528896K)
[515.348s][info][gc,metaspace   ] GC(1918) Metaspace: 19095K(19264K)->19095K(19264K) NonClass: 16429K(16512K)->16429K(16512K) Class: 2666K(2752K)->2666K(2752K)
[515.348s][info][gc             ] GC(1918) Pause Young (Allocation Failure) 419M->314M(746M) 68.932ms
[515.348s][info][gc,cpu         ] GC(1918) User=0.14s Sys=0.00s Real=0.07s
[515.488s][info][gc,start       ] GC(1919) Pause Young (Allocation Failure)
[515.554s][info][gc,heap        ] GC(1919) PSYoungGen: 201936K(235520K)->72003K(211456K) Eden: 139264K(139264K)->0K(139264K) From: 62672K(96256K)->72003K(72192K)
[515.554s][info][gc,heap        ] GC(1919) ParOldGen: 259665K(528896K)->263513K(528896K)
[515.554s][info][gc,metaspace   ] GC(1919) Metaspace: 19095K(19264K)->19095K(19264K) NonClass: 16429K(16512K)->16429K(16512K) Class: 2666K(2752K)->2666K(2752K)
[515.554s][info][gc             ] GC(1919) Pause Young (Allocation Failure) 450M->327M(723M) 66.062ms
[515.554s][info][gc,cpu         ] GC(1919) User=0.14s Sys=0.00s Real=0.06s
[515.644s][info][gc,start       ] GC(1920) Pause Young (Allocation Failure)
[515.715s][info][gc,heap        ] GC(1920) PSYoungGen: 211267K(211456K)->18115K(231936K) Eden: 139264K(139264K)->0K(131072K) From: 72003K(72192K)->18115K(100864K)
[515.715s][info][gc,heap        ] GC(1920) ParOldGen: 263513K(528896K)->322689K(528896K)
[515.715s][info][gc,metaspace   ] GC(1920) Metaspace: 19095K(19264K)->19095K(19264K) NonClass: 16429K(16512K)->16429K(16512K) Class: 2666K(2752K)->2666K(2752K)
[515.715s][info][gc             ] GC(1920) Pause Young (Allocation Failure) 463M->332M(743M) 70.409ms
[515.715s][info][gc,cpu         ] GC(1920) User=0.14s Sys=0.00s Real=0.07s
[515.812s][info][gc,start       ] GC(1921) Pause Young (Allocation Failure)
[515.840s][info][gc,heap        ] GC(1921) PSYoungGen: 149187K(231936K)->3200K(134656K) Eden: 131072K(131072K)->0K(131072K) From: 18115K(100864K)->3200K(3584K)
[515.840s][info][gc,heap        ] GC(1921) ParOldGen: 322689K(528896K)->340812K(528896K)
[515.840s][info][gc,metaspace   ] GC(1921) Metaspace: 19095K(19264K)->19095K(19264K) NonClass: 16429K(16512K)->16429K(16512K) Class: 2666K(2752K)->2666K(2752K)
[515.840s][info][gc             ] GC(1921) Pause Young (Allocation Failure) 460M->335M(648M) 28.483ms
[515.840s][info][gc,cpu         ] GC(1921) User=0.05s Sys=0.00s Real=0.03s
[516.118s][info][gc,start       ] GC(1922) Pause Young (Allocation Failure)
[516.125s][info][gc,heap        ] GC(1922) PSYoungGen: 134272K(134656K)->1600K(228864K) Eden: 131072K(131072K)->0K(124928K) From: 3200K(3584K)->1600K(103936K)
[516.125s][info][gc,heap        ] GC(1922) ParOldGen: 340812K(528896K)->344004K(528896K)
[516.125s][info][gc,metaspace   ] GC(1922) Metaspace: 19095K(19264K)->19095K(19264K) NonClass: 16429K(16512K)->16429K(16512K) Class: 2666K(2752K)->2666K(2752K)
[516.125s][info][gc             ] GC(1922) Pause Young (Allocation Failure) 463M->337M(740M) 7.215ms
[516.125s][info][gc,cpu         ] GC(1922) User=0.01s Sys=0.00s Real=0.00s
[516.358s][info][gc,start       ] GC(1923) Pause Young (Allocation Failure)
[516.388s][info][gc,heap        ] GC(1923) PSYoungGen: 126528K(228864K)->29408K(154624K) Eden: 124928K(124928K)->0K(124928K) From: 1600K(103936K)->29408K(29696K)
[516.388s][info][gc,heap        ] GC(1923) ParOldGen: 344004K(528896K)->345465K(528896K)
[516.388s][info][gc,metaspace   ] GC(1923) Metaspace: 19095K(19264K)->19095K(19264K) NonClass: 16429K(16512K)->16429K(16512K) Class: 2666K(2752K)->2666K(2752K)
[516.388s][info][gc             ] GC(1923) Pause Young (Allocation Failure) 459M->366M(667M) 30.086ms
[516.388s][info][gc,cpu         ] GC(1923) User=0.06s Sys=0.00s Real=0.03s
[516.535s][info][gc,start       ] GC(1924) Pause Young (Allocation Failure)
[516.594s][info][gc,heap        ] GC(1924) PSYoungGen: 154336K(154624K)->37792K(231424K) Eden: 124928K(124928K)->0K(131584K) From: 29408K(29696K)->37792K(99840K)
[516.594s][info][gc,heap        ] GC(1924) ParOldGen: 345465K(528896K)->374785K(528896K)
[516.594s][info][gc,metaspace   ] GC(1924) Metaspace: 19095K(19264K)->19095K(19264K) NonClass: 16429K(16512K)->16429K(16512K) Class: 2666K(2752K)->2666K(2752K)
[516.594s][info][gc             ] GC(1924) Pause Young (Allocation Failure) 488M->402M(742M) 59.312ms
[516.594s][info][gc,cpu         ] GC(1924) User=0.12s Sys=0.00s Real=0.06s
[516.747s][info][gc,start       ] GC(1925) Pause Young (Allocation Failure)
[516.791s][info][gc,heap        ] GC(1925) PSYoungGen: 169376K(231424K)->14048K(225280K) Eden: 131584K(131584K)->0K(131584K) From: 37792K(99840K)->14048K(93696K)
[516.791s][info][gc,heap        ] GC(1925) ParOldGen: 374785K(528896K)->412818K(528896K)
[516.791s][info][gc,metaspace   ] GC(1925) Metaspace: 19095K(19264K)->19095K(19264K) NonClass: 16429K(16512K)->16429K(16512K) Class: 2666K(2752K)->2666K(2752K)
[516.791s][info][gc             ] GC(1925) Pause Young (Allocation Failure) 531M->416M(736M) 44.046ms
[516.791s][info][gc,cpu         ] GC(1925) User=0.09s Sys=0.00s Real=0.05s
[516.915s][info][gc,start       ] GC(1926) Pause Young (Allocation Failure)
[516.937s][info][gc,heap        ] GC(1926) PSYoungGen: 145632K(225280K)->992K(232448K) Eden: 131584K(131584K)->0K(140288K) From: 14048K(93696K)->992K(92160K)
[516.937s][info][gc,heap        ] GC(1926) ParOldGen: 412818K(528896K)->426864K(528896K)
[516.937s][info][gc,metaspace   ] GC(1926) Metaspace: 19095K(19264K)->19095K(19264K) NonClass: 16429K(16512K)->16429K(16512K) Class: 2666K(2752K)->2666K(2752K)
[516.937s][info][gc             ] GC(1926) Pause Young (Allocation Failure) 545M->417M(743M) 22.136ms
[516.937s][info][gc,cpu         ] GC(1926) User=0.04s Sys=0.00s Real=0.03s
[517.161s][info][gc,start       ] GC(1927) Pause Young (Allocation Failure)
[517.166s][info][gc,heap        ] GC(1927) PSYoungGen: 141280K(232448K)->1408K(232448K) Eden: 140288K(140288K)->0K(140288K) From: 992K(92160K)->1408K(92160K)
[517.166s][info][gc,heap        ] GC(1927) ParOldGen: 426864K(528896K)->427656K(528896K)
[517.166s][info][gc,metaspace   ] GC(1927) Metaspace: 19095K(19264K)->19095K(19264K) NonClass: 16429K(16512K)->16429K(16512K) Class: 2666K(2752K)->2666K(2752K)
[517.166s][info][gc             ] GC(1927) Pause Young (Allocation Failure) 554M->419M(743M) 4.957ms
[517.166s][info][gc,cpu         ] GC(1927) User=0.01s Sys=0.00s Real=0.00s
[517.402s][info][gc,start       ] GC(1928) Pause Young (Allocation Failure)
[517.413s][info][gc,heap        ] GC(1928) PSYoungGen: 141696K(232448K)->8608K(236032K) Eden: 140288K(140288K)->0K(150016K) From: 1408K(92160K)->8608K(86016K)
[517.413s][info][gc,heap        ] GC(1928) ParOldGen: 427656K(528896K)->427656K(528896K)
[517.413s][info][gc,metaspace   ] GC(1928) Metaspace: 19095K(19264K)->19095K(19264K) NonClass: 16429K(16512K)->16429K(16512K) Class: 2666K(2752K)->2666K(2752K)
[517.413s][info][gc             ] GC(1928) Pause Young (Allocation Failure) 556M->426M(747M) 11.316ms
[517.413s][info][gc,cpu         ] GC(1928) User=0.02s Sys=0.00s Real=0.01s
[517.615s][info][gc,start       ] GC(1929) Pause Young (Allocation Failure)
[517.677s][info][gc,heap        ] GC(1929) PSYoungGen: 158624K(236032K)->69715K(220160K) Eden: 150016K(150016K)->0K(150016K) From: 8608K(86016K)->69715K(70144K)
[517.677s][info][gc,heap        ] GC(1929) ParOldGen: 427656K(528896K)->427656K(528896K)
[517.677s][info][gc,metaspace   ] GC(1929) Metaspace: 19095K(19264K)->19095K(19264K) NonClass: 16429K(16512K)->16429K(16512K) Class: 2666K(2752K)->2666K(2752K)
[517.677s][info][gc             ] GC(1929) Pause Young (Allocation Failure) 572M->485M(731M) 62.181ms
[517.677s][info][gc,cpu         ] GC(1929) User=0.12s Sys=0.00s Real=0.06s
[517.839s][info][gc,start       ] GC(1930) Pause Young (Allocation Failure)
[517.910s][info][gc,heap        ] GC(1930) PSYoungGen: 219731K(220160K)->77784K(214016K) Eden: 150016K(150016K)->0K(115712K) From: 69715K(70144K)->77784K(98304K)
[517.910s][info][gc,heap        ] GC(1930) ParOldGen: 427656K(528896K)->427656K(528896K)
[517.910s][info][gc,metaspace   ] GC(1930) Metaspace: 19095K(19264K)->19095K(19264K) NonClass: 16429K(16512K)->16429K(16512K) Class: 2666K(2752K)->2666K(2752K)
[517.910s][info][gc             ] GC(1930) Pause Young (Allocation Failure) 632M->493M(725M) 70.706ms
[517.910s][info][gc,cpu         ] GC(1930) User=0.14s Sys=0.00s Real=0.07s
[517.975s][info][gc,start       ] GC(1931) Pause Young (Allocation Failure)
[518.086s][info][gc,heap        ] GC(1931) PSYoungGen: 193496K(214016K)->109048K(224768K) Eden: 115712K(115712K)->0K(115712K) From: 77784K(98304K)->109048K(109056K)
[518.086s][info][gc,heap        ] GC(1931) ParOldGen: 427656K(528896K)->445103K(528896K)
[518.086s][info][gc,metaspace   ] GC(1931) Metaspace: 19095K(19264K)->19095K(19264K) NonClass: 16429K(16512K)->16429K(16512K) Class: 2666K(2752K)->2666K(2752K)
[518.086s][info][gc             ] GC(1931) Pause Young (Allocation Failure) 606M->541M(736M) 110.798ms
[518.086s][info][gc,cpu         ] GC(1931) User=0.22s Sys=0.00s Real=0.11s
[518.159s][info][gc,start       ] GC(1932) Pause Young (Allocation Failure)
[518.299s][info][gc,heap        ] GC(1932) PSYoungGen: 224760K(224768K)->98799K(220672K) Eden: 115712K(115712K)->0K(111616K) From: 109048K(109056K)->98799K(109056K)
[518.299s][info][gc,heap        ] GC(1932) ParOldGen: 445103K(528896K)->497733K(528896K)
[518.299s][info][gc,metaspace   ] GC(1932) Metaspace: 19095K(19264K)->19095K(19264K) NonClass: 16429K(16512K)->16429K(16512K) Class: 2666K(2752K)->2666K(2752K)
[518.299s][info][gc             ] GC(1932) Pause Young (Allocation Failure) 654M->582M(732M) 140.145ms
[518.299s][info][gc,cpu         ] GC(1932) User=0.28s Sys=0.01s Real=0.14s
[518.467s][info][gc,start       ] GC(1933) Pause Young (Allocation Failure)
[518.581s][info][gc,heap        ] GC(1933) PSYoungGen: 210415K(220672K)->47136K(222720K) Eden: 111616K(111616K)->0K(111616K) From: 98799K(109056K)->47136K(111104K)
[518.581s][info][gc,heap        ] GC(1933) ParOldGen: 497733K(528896K)->554603K(555008K)
[518.581s][info][gc,metaspace   ] GC(1933) Metaspace: 19095K(19264K)->19095K(19264K) NonClass: 16429K(16512K)->16429K(16512K) Class: 2666K(2752K)->2666K(2752K)
[518.581s][info][gc             ] GC(1933) Pause Young (Allocation Failure) 691M->587M(759M) 113.345ms
[518.581s][info][gc,cpu         ] GC(1933) User=0.20s Sys=0.02s Real=0.11s
[518.699s][info][gc,start       ] GC(1934) Pause Young (Allocation Failure)
[518.774s][info][gc,heap        ] GC(1934) PSYoungGen: 158752K(222720K)->12320K(222720K) Eden: 111616K(111616K)->0K(111616K) From: 47136K(111104K)->12320K(111104K)
[518.774s][info][gc,heap        ] GC(1934) ParOldGen: 554603K(555008K)->600558K(600576K)
[518.774s][info][gc,metaspace   ] GC(1934) Metaspace: 19095K(19264K)->19095K(19264K) NonClass: 16429K(16512K)->16429K(16512K) Class: 2666K(2752K)->2666K(2752K)
[518.774s][info][gc             ] GC(1934) Pause Young (Allocation Failure) 696M->598M(804M) 75.221ms
[518.774s][info][gc,cpu         ] GC(1934) User=0.11s Sys=0.03s Real=0.07s
[518.880s][info][gc,start       ] GC(1935) Pause Full (Allocation Failure)
[518.880s][info][gc,phases,start] GC(1935) Marking Phase
[518.950s][info][gc,phases      ] GC(1935) Marking Phase 70.222ms
[518.950s][info][gc,phases,start] GC(1935) Summary Phase
[518.950s][info][gc,phases      ] GC(1935) Summary Phase 0.024ms
[518.950s][info][gc,phases,start] GC(1935) Forward
[518.976s][info][gc,phases      ] GC(1935) Forward 25.942ms
[518.976s][info][gc,phases,start] GC(1935) Adjust Pointers
[519.027s][info][gc,phases      ] GC(1935) Adjust Pointers 50.685ms
[519.027s][info][gc,phases,start] GC(1935) Compaction Phase
[519.053s][info][gc,phases      ] GC(1935) Compaction Phase 26.295ms
[519.056s][info][gc,phases,start] GC(1935) Post Compact
[519.058s][info][gc,phases      ] GC(1935) Post Compact 2.091ms
[519.070s][info][gc,heap        ] GC(1935) PSYoungGen: 123936K(222720K)->0K(222720K) Eden: 111616K(111616K)->0K(111616K) From: 12320K(111104K)->0K(111104K)
[519.070s][info][gc,heap        ] GC(1935) ParOldGen: 600558K(600576K)->117218K(464384K)
[519.070s][info][gc,metaspace   ] GC(1935) Metaspace: 19095K(19264K)->19095K(19264K) NonClass: 16429K(16512K)->16429K(16512K) Class: 2666K(2752K)->2666K(2752K)
[519.070s][info][gc             ] GC(1935) Pause Full (Allocation Failure) 707M->114M(671M) 190.037ms
[519.070s][info][gc,cpu         ] GC(1935) User=0.31s Sys=0.02s Real=0.19s
[519.119s][info][gc,start       ] GC(1936) Pause Young (Allocation Failure)
[519.163s][info][gc,heap        ] GC(1936) PSYoungGen: 111616K(222720K)->57760K(222720K) Eden: 111616K(111616K)->0K(111616K) From: 0K(111104K)->57760K(111104K)
[519.163s][info][gc,heap        ] GC(1936) ParOldGen: 117218K(464384K)->117218K(464384K)
[519.163s][info][gc,metaspace   ] GC(1936) Metaspace: 19095K(19264K)->19095K(19264K) NonClass: 16429K(16512K)->16429K(16512K) Class: 2666K(2752K)->2666K(2752K)
[519.163s][info][gc             ] GC(1936) Pause Young (Allocation Failure) 223M->170M(671M) 43.780ms
[519.163s][info][gc,cpu         ] GC(1936) User=0.09s Sys=0.00s Real=0.04s
[519.243s][info][gc,start       ] GC(1937) Pause Young (Allocation Failure)
[519.327s][info][gc,heap        ] GC(1937) PSYoungGen: 169376K(222720K)->53200K(222720K) Eden: 111616K(111616K)->0K(111616K) From: 57760K(111104K)->53200K(111104K)
[519.327s][info][gc,heap        ] GC(1937) ParOldGen: 117218K(464384K)->175442K(464384K)
[519.327s][info][gc,metaspace   ] GC(1937) Metaspace: 19095K(19264K)->19095K(19264K) NonClass: 16429K(16512K)->16429K(16512K) Class: 2666K(2752K)->2666K(2752K)
[519.327s][info][gc             ] GC(1937) Pause Young (Allocation Failure) 279M->223M(671M) 83.607ms
[519.327s][info][gc,cpu         ] GC(1937) User=0.17s Sys=0.00s Real=0.08s
[519.383s][info][gc,start       ] GC(1938) Pause Young (Allocation Failure)
[519.453s][info][gc,heap        ] GC(1938) PSYoungGen: 164816K(222720K)->39232K(222720K) Eden: 111616K(111616K)->0K(111616K) From: 53200K(111104K)->39232K(111104K)
[519.453s][info][gc,heap        ] GC(1938) ParOldGen: 175442K(464384K)->228970K(464384K)
[519.453s][info][gc,metaspace   ] GC(1938) Metaspace: 19095K(19264K)->19095K(19264K) NonClass: 16429K(16512K)->16429K(16512K) Class: 2666K(2752K)->2666K(2752K)
[519.453s][info][gc             ] GC(1938) Pause Young (Allocation Failure) 332M->261M(671M) 69.163ms
[519.453s][info][gc,cpu         ] GC(1938) User=0.14s Sys=0.00s Real=0.07s
[519.520s][info][gc,start       ] GC(1939) Pause Young (Allocation Failure)
[519.557s][info][gc,heap        ] GC(1939) PSYoungGen: 150848K(222720K)->17536K(222720K) Eden: 111616K(111616K)->0K(111616K) From: 39232K(111104K)->17536K(111104K)
[519.557s][info][gc,heap        ] GC(1939) ParOldGen: 228970K(464384K)->268666K(464384K)
[519.557s][info][gc,metaspace   ] GC(1939) Metaspace: 19095K(19264K)->19095K(19264K) NonClass: 16429K(16512K)->16429K(16512K) Class: 2666K(2752K)->2666K(2752K)
[519.558s][info][gc             ] GC(1939) Pause Young (Allocation Failure) 370M->279M(671M) 37.713ms
[519.558s][info][gc,cpu         ] GC(1939) User=0.07s Sys=0.00s Real=0.04s
[519.661s][info][gc,start       ] GC(1940) Pause Young (Allocation Failure)
[519.696s][info][gc,heap        ] GC(1940) PSYoungGen: 129152K(222720K)->8865K(222720K) Eden: 111616K(111616K)->0K(111616K) From: 17536K(111104K)->8865K(111104K)
[519.696s][info][gc,heap        ] GC(1940) ParOldGen: 268666K(464384K)->286330K(464384K)
[519.696s][info][gc,metaspace   ] GC(1940) Metaspace: 19095K(19264K)->19095K(19264K) NonClass: 16429K(16512K)->16429K(16512K) Class: 2666K(2752K)->2666K(2752K)
[519.696s][info][gc             ] GC(1940) Pause Young (Allocation Failure) 388M->288M(671M) 34.898ms
[519.696s][info][gc,cpu         ] GC(1940) User=0.07s Sys=0.00s Real=0.03s
[519.798s][info][gc,start       ] GC(1941) Pause Young (Allocation Failure)
[519.841s][info][gc,heap        ] GC(1941) PSYoungGen: 120481K(222720K)->15137K(222720K) Eden: 111616K(111616K)->0K(111616K) From: 8865K(111104K)->15137K(111104K)
[519.841s][info][gc,heap        ] GC(1941) ParOldGen: 286330K(464384K)->294639K(464384K)
[519.841s][info][gc,metaspace   ] GC(1941) Metaspace: 19095K(19264K)->19095K(19264K) NonClass: 16429K(16512K)->16429K(16512K) Class: 2666K(2752K)->2666K(2752K)
[519.841s][info][gc             ] GC(1941) Pause Young (Allocation Failure) 397M->302M(671M) 43.053ms
[519.841s][info][gc,cpu         ] GC(1941) User=0.09s Sys=0.00s Real=0.04s
[519.945s][info][gc,start       ] GC(1942) Pause Young (Allocation Failure)
[520.005s][info][gc,heap        ] GC(1942) PSYoungGen: 126753K(222720K)->33537K(210432K) Eden: 111616K(111616K)->0K(111616K) From: 15137K(111104K)->33537K(98816K)
[520.005s][info][gc,heap        ] GC(1942) ParOldGen: 294639K(464384K)->309638K(464384K)
[520.005s][info][gc,metaspace   ] GC(1942) Metaspace: 19095K(19264K)->19095K(19264K) NonClass: 16429K(16512K)->16429K(16512K) Class: 2666K(2752K)->2666K(2752K)
[520.005s][info][gc             ] GC(1942) Pause Young (Allocation Failure) 411M->335M(659M) 60.163ms
[520.005s][info][gc,cpu         ] GC(1942) User=0.12s Sys=0.00s Real=0.06s
[520.106s][info][gc,start       ] GC(1943) Pause Young (Allocation Failure)
[520.168s][info][gc,heap        ] GC(1943) PSYoungGen: 145153K(210432K)->23360K(216576K) Eden: 111616K(111616K)->0K(111616K) From: 33537K(98816K)->23360K(104960K)
[520.168s][info][gc,heap        ] GC(1943) ParOldGen: 309638K(464384K)->343212K(464384K)
[520.168s][info][gc,metaspace   ] GC(1943) Metaspace: 19095K(19264K)->19095K(19264K) NonClass: 16429K(16512K)->16429K(16512K) Class: 2666K(2752K)->2666K(2752K)
[520.168s][info][gc             ] GC(1943) Pause Young (Allocation Failure) 444M->357M(665M) 62.129ms
[520.168s][info][gc,cpu         ] GC(1943) User=0.12s Sys=0.00s Real=0.07s
[520.228s][info][gc,start       ] GC(1944) Pause Young (Allocation Failure)
[520.262s][info][gc,heap        ] GC(1944) PSYoungGen: 134976K(216576K)->10016K(224256K) Eden: 111616K(111616K)->0K(127488K) From: 23360K(104960K)->10016K(96768K)
[520.262s][info][gc,heap        ] GC(1944) ParOldGen: 343212K(464384K)->366596K(464384K)
[520.263s][info][gc,metaspace   ] GC(1944) Metaspace: 19095K(19264K)->19095K(19264K) NonClass: 16429K(16512K)->16429K(16512K) Class: 2666K(2752K)->2666K(2752K)
[520.263s][info][gc             ] GC(1944) Pause Young (Allocation Failure) 466M->367M(672M) 34.263ms
[520.263s][info][gc,cpu         ] GC(1944) User=0.07s Sys=0.00s Real=0.03s
[520.350s][info][gc,start       ] GC(1945) Pause Young (Allocation Failure)
[520.378s][info][gc,heap        ] GC(1945) PSYoungGen: 137504K(224256K)->11680K(226304K) Eden: 127488K(127488K)->0K(127488K) From: 10016K(96768K)->11680K(98816K)
[520.378s][info][gc,heap        ] GC(1945) ParOldGen: 366596K(464384K)->376604K(464384K)
[520.378s][info][gc,metaspace   ] GC(1945) Metaspace: 19095K(19264K)->19095K(19264K) NonClass: 16429K(16512K)->16429K(16512K) Class: 2666K(2752K)->2666K(2752K)
[520.378s][info][gc             ] GC(1945) Pause Young (Allocation Failure) 492M->379M(674M) 27.582ms
[520.378s][info][gc,cpu         ] GC(1945) User=0.05s Sys=0.00s Real=0.03s
[520.448s][info][gc,start       ] GC(1946) Pause Young (Allocation Failure)
[520.465s][info][gc,heap        ] GC(1946) PSYoungGen: 139168K(226304K)->1248K(232448K) Eden: 127488K(127488K)->0K(138752K) From: 11680K(98816K)->1248K(93696K)
[520.465s][info][gc,heap        ] GC(1946) ParOldGen: 376604K(464384K)->388292K(464384K)
[520.465s][info][gc,metaspace   ] GC(1946) Metaspace: 19095K(19264K)->19095K(19264K) NonClass: 16429K(16512K)->16429K(16512K) Class: 2666K(2752K)->2666K(2752K)
[520.465s][info][gc             ] GC(1946) Pause Young (Allocation Failure) 503M->380M(680M) 17.220ms
[520.465s][info][gc,cpu         ] GC(1946) User=0.04s Sys=0.00s Real=0.01s
[520.563s][info][gc,start       ] GC(1947) Pause Young (Allocation Failure)
[520.572s][info][gc,heap        ] GC(1947) PSYoungGen: 140000K(232448K)->3232K(233472K) Eden: 138752K(138752K)->0K(138752K) From: 1248K(93696K)->3232K(94720K)
[520.572s][info][gc,heap        ] GC(1947) ParOldGen: 388292K(464384K)->389500K(464384K)
[520.572s][info][gc,metaspace   ] GC(1947) Metaspace: 19095K(19264K)->19095K(19264K) NonClass: 16429K(16512K)->16429K(16512K) Class: 2666K(2752K)->2666K(2752K)
[520.573s][info][gc             ] GC(1947) Pause Young (Allocation Failure) 515M->383M(681M) 9.926ms
[520.573s][info][gc,cpu         ] GC(1947) User=0.02s Sys=0.00s Real=0.01s
[520.679s][info][gc,start       ] GC(1948) Pause Young (Allocation Failure)
[520.696s][info][gc,heap        ] GC(1948) PSYoungGen: 141984K(233472K)->10176K(231936K) Eden: 138752K(138752K)->0K(146432K) From: 3232K(94720K)->10176K(85504K)
[520.696s][info][gc,heap        ] GC(1948) ParOldGen: 389500K(464384K)->392724K(464384K)
[520.696s][info][gc,metaspace   ] GC(1948) Metaspace: 19095K(19264K)->19095K(19264K) NonClass: 16429K(16512K)->16429K(16512K) Class: 2666K(2752K)->2666K(2752K)
[520.696s][info][gc             ] GC(1948) Pause Young (Allocation Failure) 519M->393M(680M) 16.690ms
[520.696s][info][gc,cpu         ] GC(1948) User=0.03s Sys=0.00s Real=0.01s
[520.849s][info][gc,start       ] GC(1949) Pause Young (Allocation Failure)
[520.883s][info][gc,heap        ] GC(1949) PSYoungGen: 156608K(231936K)->21792K(235008K) Eden: 146432K(146432K)->0K(146432K) From: 10176K(85504K)->21792K(88576K)
[520.883s][info][gc,heap        ] GC(1949) ParOldGen: 392724K(464384K)->402900K(464384K)
[520.883s][info][gc,metaspace   ] GC(1949) Metaspace: 19095K(19264K)->19095K(19264K) NonClass: 16429K(16512K)->16429K(16512K) Class: 2666K(2752K)->2666K(2752K)
[520.883s][info][gc             ] GC(1949) Pause Young (Allocation Failure) 536M->414M(683M) 34.107ms
[520.883s][info][gc,cpu         ] GC(1949) User=0.07s Sys=0.00s Real=0.03s
[521.259s][info][gc,start       ] GC(1950) Pause Young (Allocation Failure)
[521.296s][info][gc,heap        ] GC(1950) PSYoungGen: 168224K(235008K)->13888K(240128K) Eden: 146432K(146432K)->0K(162816K) From: 21792K(88576K)->13888K(77312K)
[521.296s][info][gc,heap        ] GC(1950) ParOldGen: 402900K(464384K)->424719K(464384K)
[521.296s][info][gc,metaspace   ] GC(1950) Metaspace: 19095K(19264K)->19095K(19264K) NonClass: 16429K(16512K)->16429K(16512K) Class: 2666K(2752K)->2666K(2752K)
[521.296s][info][gc             ] GC(1950) Pause Young (Allocation Failure) 557M->428M(688M) 37.340ms
[521.296s][info][gc,cpu         ] GC(1950) User=0.07s Sys=0.00s Real=0.03s
[521.703s][info][gc,start       ] GC(1951) Pause Young (Allocation Failure)
[521.718s][info][gc,heap        ] GC(1951) PSYoungGen: 176704K(240128K)->192K(241152K) Eden: 162816K(162816K)->0K(162816K) From: 13888K(77312K)->192K(78336K)
[521.718s][info][gc,heap        ] GC(1951) ParOldGen: 424719K(464384K)->438623K(464384K)
[521.718s][info][gc,metaspace   ] GC(1951) Metaspace: 19095K(19264K)->19095K(19264K) NonClass: 16429K(16512K)->16429K(16512K) Class: 2666K(2752K)->2666K(2752K)
[521.718s][info][gc             ] GC(1951) Pause Young (Allocation Failure) 587M->428M(689M) 15.838ms
[521.718s][info][gc,cpu         ] GC(1951) User=0.03s Sys=0.00s Real=0.02s
[522.074s][info][gc,start       ] GC(1952) Pause Young (Allocation Failure)
[522.076s][info][gc,heap        ] GC(1952) PSYoungGen: 163008K(241152K)->64K(247808K) Eden: 162816K(162816K)->0K(176640K) From: 192K(78336K)->64K(71168K)
[522.077s][info][gc,heap        ] GC(1952) ParOldGen: 438623K(464384K)->438791K(464384K)
[522.077s][info][gc,metaspace   ] GC(1952) Metaspace: 19095K(19264K)->19095K(19264K) NonClass: 16429K(16512K)->16429K(16512K) Class: 2666K(2752K)->2666K(2752K)
[522.077s][info][gc             ] GC(1952) Pause Young (Allocation Failure) 587M->428M(695M) 2.109ms
[522.077s][info][gc,cpu         ] GC(1952) User=0.00s Sys=0.00s Real=0.00s
[522.434s][info][gc,start       ] GC(1953) Pause Young (Allocation Failure)
[522.436s][info][gc,heap        ] GC(1953) PSYoungGen: 176704K(247808K)->64K(251392K) Eden: 176640K(176640K)->0K(176640K) From: 64K(71168K)->64K(74752K)
[522.436s][info][gc,heap        ] GC(1953) ParOldGen: 438791K(464384K)->438791K(464384K)
[522.436s][info][gc,metaspace   ] GC(1953) Metaspace: 19095K(19264K)->19095K(19264K) NonClass: 16429K(16512K)->16429K(16512K) Class: 2666K(2752K)->2666K(2752K)
[522.436s][info][gc             ] GC(1953) Pause Young (Allocation Failure) 601M->428M(699M) 2.026ms
[522.436s][info][gc,cpu         ] GC(1953) User=0.00s Sys=0.00s Real=0.00s
[522.774s][info][gc,start       ] GC(1954) Pause Young (Allocation Failure)
[522.799s][info][gc,heap        ] GC(1954) PSYoungGen: 176704K(251392K)->9088K(249856K) Eden: 176640K(176640K)->0K(186880K) From: 64K(74752K)->9088K(62976K)
[522.799s][info][gc,heap        ] GC(1954) ParOldGen: 438791K(464384K)->438791K(464384K)
[522.799s][info][gc,metaspace   ] GC(1954) Metaspace: 19095K(19264K)->19095K(19264K) NonClass: 16429K(16512K)->16429K(16512K) Class: 2666K(2752K)->2666K(2752K)
[522.799s][info][gc             ] GC(1954) Pause Young (Allocation Failure) 601M->437M(697M) 25.559ms
[522.799s][info][gc,cpu         ] GC(1954) User=0.05s Sys=0.00s Real=0.03s
[522.920s][info][gc,start       ] GC(1955) Pause Young (Allocation Failure)
[522.978s][info][gc,heap        ] GC(1955) PSYoungGen: 195968K(249856K)->68070K(254976K) Eden: 186880K(186880K)->0K(186880K) From: 9088K(62976K)->68070K(68096K)
[522.978s][info][gc,heap        ] GC(1955) ParOldGen: 438791K(464384K)->445487K(464384K)
[522.978s][info][gc,metaspace   ] GC(1955) Metaspace: 19095K(19264K)->19095K(19264K) NonClass: 16429K(16512K)->16429K(16512K) Class: 2666K(2752K)->2666K(2752K)
[522.978s][info][gc             ] GC(1955) Pause Young (Allocation Failure) 619M->501M(702M) 57.708ms
[522.978s][info][gc,cpu         ] GC(1955) User=0.12s Sys=0.00s Real=0.06s
[523.142s][info][gc,start       ] GC(1956) Pause Young (Allocation Failure)
[523.243s][info][gc,heap        ] GC(1956) PSYoungGen: 254950K(254976K)->78832K(190464K) Eden: 186880K(186880K)->0K(111616K) From: 68070K(68096K)->78832K(78848K)
[523.244s][info][gc,heap        ] GC(1956) ParOldGen: 445487K(464384K)->483466K(483840K)
[523.244s][info][gc,metaspace   ] GC(1956) Metaspace: 19095K(19264K)->19095K(19264K) NonClass: 16429K(16512K)->16429K(16512K) Class: 2666K(2752K)->2666K(2752K)
[523.244s][info][gc             ] GC(1956) Pause Young (Allocation Failure) 684M->549M(658M) 101.372ms
[523.244s][info][gc,cpu         ] GC(1956) User=0.18s Sys=0.02s Real=0.10s
[523.302s][info][gc,start       ] GC(1957) Pause Young (Allocation Failure)
[523.397s][info][gc,heap        ] GC(1957) PSYoungGen: 190448K(190464K)->13088K(222720K) Eden: 111616K(111616K)->0K(111616K) From: 78832K(78848K)->13088K(111104K)
[523.397s][info][gc,heap        ] GC(1957) ParOldGen: 483466K(483840K)->551704K(551936K)
[523.397s][info][gc,metaspace   ] GC(1957) Metaspace: 19095K(19264K)->19095K(19264K) NonClass: 16429K(16512K)->16429K(16512K) Class: 2666K(2752K)->2666K(2752K)
[523.397s][info][gc             ] GC(1957) Pause Young (Allocation Failure) 658M->551M(756M) 95.270ms
[523.397s][info][gc,cpu         ] GC(1957) User=0.14s Sys=0.04s Real=0.09s
[523.471s][info][gc,start       ] GC(1958) Pause Young (Allocation Failure)
[523.501s][info][gc,heap        ] GC(1958) PSYoungGen: 124704K(222720K)->1120K(214016K) Eden: 111616K(111616K)->0K(114176K) From: 13088K(111104K)->1120K(99840K)
[523.501s][info][gc,heap        ] GC(1958) ParOldGen: 551704K(551936K)->564864K(565248K)
[523.501s][info][gc,metaspace   ] GC(1958) Metaspace: 19095K(19264K)->19095K(19264K) NonClass: 16429K(16512K)->16429K(16512K) Class: 2666K(2752K)->2666K(2752K)
[523.501s][info][gc             ] GC(1958) Pause Young (Allocation Failure) 660M->552M(761M) 30.410ms
[523.501s][info][gc,cpu         ] GC(1958) User=0.05s Sys=0.01s Real=0.03s
[523.601s][info][gc,start       ] GC(1959) Pause Young (Allocation Failure)
[523.644s][info][gc,heap        ] GC(1959) PSYoungGen: 115296K(214016K)->23212K(219648K) Eden: 114176K(114176K)->0K(114176K) From: 1120K(99840K)->23212K(105472K)
[523.644s][info][gc,heap        ] GC(1959) ParOldGen: 564864K(565248K)->565960K(566272K)
[523.644s][info][gc,metaspace   ] GC(1959) Metaspace: 19095K(19264K)->19095K(19264K) NonClass: 16429K(16512K)->16429K(16512K) Class: 2666K(2752K)->2666K(2752K)
[523.644s][info][gc             ] GC(1959) Pause Young (Allocation Failure) 664M->575M(767M) 42.780ms
[523.644s][info][gc,cpu         ] GC(1959) User=0.08s Sys=0.01s Real=0.04s
[523.747s][info][gc,start       ] GC(1960) Pause Young (Allocation Failure)
[523.816s][info][gc,heap        ] GC(1960) PSYoungGen: 137388K(219648K)->24288K(215552K) Eden: 114176K(114176K)->0K(130048K) From: 23212K(105472K)->24288K(85504K)
[523.816s][info][gc,heap        ] GC(1960) ParOldGen: 565960K(566272K)->589204K(589312K)
[523.816s][info][gc,metaspace   ] GC(1960) Metaspace: 19095K(19264K)->19095K(19264K) NonClass: 16429K(16512K)->16429K(16512K) Class: 2666K(2752K)->2666K(2752K)
[523.816s][info][gc             ] GC(1960) Pause Young (Allocation Failure) 686M->599M(786M) 69.078ms
[523.816s][info][gc,cpu         ] GC(1960) User=0.12s Sys=0.01s Real=0.07s
[523.905s][info][gc,start       ] GC(1961) Pause Young (Allocation Failure)
[523.959s][info][gc,heap        ] GC(1961) PSYoungGen: 154336K(215552K)->15776K(221184K) Eden: 130048K(130048K)->0K(130048K) From: 24288K(85504K)->15776K(91136K)
[523.959s][info][gc,heap        ] GC(1961) ParOldGen: 589204K(589312K)->613524K(613888K)
[523.959s][info][gc,metaspace   ] GC(1961) Metaspace: 19095K(19264K)->19095K(19264K) NonClass: 16429K(16512K)->16429K(16512K) Class: 2666K(2752K)->2666K(2752K)
[523.959s][info][gc             ] GC(1961) Pause Young (Allocation Failure) 726M->614M(815M) 54.088ms
[523.959s][info][gc,cpu         ] GC(1961) User=0.10s Sys=0.02s Real=0.06s
[524.059s][info][gc,start       ] GC(1962) Pause Full (Allocation Failure)
[524.059s][info][gc,phases,start] GC(1962) Marking Phase
[524.319s][info][gc,phases      ] GC(1962) Marking Phase 259.341ms
[524.319s][info][gc,phases,start] GC(1962) Summary Phase
[524.319s][info][gc,phases      ] GC(1962) Summary Phase 0.029ms
[524.319s][info][gc,phases,start] GC(1962) Forward
[524.408s][info][gc,phases      ] GC(1962) Forward 88.963ms
[524.408s][info][gc,phases,start] GC(1962) Adjust Pointers
[524.616s][info][gc,phases      ] GC(1962) Adjust Pointers 207.783ms
[524.616s][info][gc,phases,start] GC(1962) Compaction Phase
[524.739s][info][gc,phases      ] GC(1962) Compaction Phase 123.459ms
[524.748s][info][gc,phases,start] GC(1962) Post Compact
[524.750s][info][gc,phases      ] GC(1962) Post Compact 2.153ms
[524.750s][info][gc,heap        ] GC(1962) PSYoungGen: 145824K(221184K)->0K(235008K) Eden: 130048K(130048K)->0K(148480K) From: 15776K(91136K)->0K(86528K)
[524.750s][info][gc,heap        ] GC(1962) ParOldGen: 613524K(613888K)->371804K(667648K)
[524.750s][info][gc,metaspace   ] GC(1962) Metaspace: 19095K(19264K)->19095K(19264K) NonClass: 16429K(16512K)->16429K(16512K) Class: 2666K(2752K)->2666K(2752K)
[524.750s][info][gc             ] GC(1962) Pause Full (Allocation Failure) 741M->363M(881M) 690.538ms
[524.750s][info][gc,cpu         ] GC(1962) User=1.31s Sys=0.00s Real=0.69s
[524.840s][info][gc,start       ] GC(1963) Pause Young (Allocation Failure)
[524.853s][info][gc,heap        ] GC(1963) PSYoungGen: 148480K(235008K)->11136K(235008K) Eden: 148480K(148480K)->0K(148480K) From: 0K(86528K)->11136K(86528K)
[524.853s][info][gc,heap        ] GC(1963) ParOldGen: 371804K(667648K)->371804K(667648K)
[524.853s][info][gc,metaspace   ] GC(1963) Metaspace: 19095K(19264K)->19095K(19264K) NonClass: 16429K(16512K)->16429K(16512K) Class: 2666K(2752K)->2666K(2752K)
[524.853s][info][gc             ] GC(1963) Pause Young (Allocation Failure) 508M->373M(881M) 13.537ms
[524.853s][info][gc,cpu         ] GC(1963) User=0.03s Sys=0.00s Real=0.01s
[525.016s][info][gc,start       ] GC(1964) Pause Young (Allocation Failure)
[525.036s][info][gc,heap        ] GC(1964) PSYoungGen: 159616K(235008K)->3808K(244736K) Eden: 148480K(148480K)->0K(163328K) From: 11136K(86528K)->3808K(81408K)
[525.036s][info][gc,heap        ] GC(1964) ParOldGen: 371804K(667648K)->382916K(667648K)
[525.036s][info][gc,metaspace   ] GC(1964) Metaspace: 19095K(19264K)->19095K(19264K) NonClass: 16429K(16512K)->16429K(16512K) Class: 2666K(2752K)->2666K(2752K)
[525.036s][info][gc             ] GC(1964) Pause Young (Allocation Failure) 518M->377M(891M) 19.982ms
[525.036s][info][gc,cpu         ] GC(1964) User=0.04s Sys=0.00s Real=0.02s
[525.216s][info][gc,start       ] GC(1965) Pause Young (Allocation Failure)
[525.229s][info][gc,heap        ] GC(1965) PSYoungGen: 167136K(244736K)->7488K(243712K) Eden: 163328K(163328K)->0K(163328K) From: 3808K(81408K)->7488K(80384K)
[525.229s][info][gc,heap        ] GC(1965) ParOldGen: 382916K(667648K)->386693K(667648K)
[525.229s][info][gc,metaspace   ] GC(1965) Metaspace: 19095K(19264K)->19095K(19264K) NonClass: 16429K(16512K)->16429K(16512K) Class: 2666K(2752K)->2666K(2752K)
[525.229s][info][gc             ] GC(1965) Pause Young (Allocation Failure) 537M->384M(890M) 13.056ms
[525.229s][info][gc,cpu         ] GC(1965) User=0.02s Sys=0.00s Real=0.02s
[525.378s][info][gc,start       ] GC(1966) Pause Young (Allocation Failure)
[525.418s][info][gc,heap        ] GC(1966) PSYoungGen: 170816K(243712K)->29568K(250880K) Eden: 163328K(163328K)->0K(174080K) From: 7488K(80384K)->29568K(76800K)
[525.418s][info][gc,heap        ] GC(1966) ParOldGen: 386693K(667648K)->394157K(667648K)
[525.418s][info][gc,metaspace   ] GC(1966) Metaspace: 19095K(19264K)->19095K(19264K) NonClass: 16429K(16512K)->16429K(16512K) Class: 2666K(2752K)->2666K(2752K)
[525.418s][info][gc             ] GC(1966) Pause Young (Allocation Failure) 544M->413M(897M) 40.057ms
[525.418s][info][gc,cpu         ] GC(1966) User=0.08s Sys=0.00s Real=0.04s
[525.660s][info][gc,start       ] GC(1967) Pause Young (Allocation Failure)
[525.701s][info][gc,heap        ] GC(1967) PSYoungGen: 203648K(250880K)->17616K(248832K) Eden: 174080K(174080K)->0K(174080K) From: 29568K(76800K)->17616K(74752K)
[525.701s][info][gc,heap        ] GC(1967) ParOldGen: 394157K(667648K)->423795K(667648K)
[525.701s][info][gc,metaspace   ] GC(1967) Metaspace: 19095K(19264K)->19095K(19264K) NonClass: 16429K(16512K)->16429K(16512K) Class: 2666K(2752K)->2666K(2752K)
[525.701s][info][gc             ] GC(1967) Pause Young (Allocation Failure) 583M->431M(895M) 41.534ms
[525.701s][info][gc,cpu         ] GC(1967) User=0.08s Sys=0.00s Real=0.04s
[525.843s][info][gc,start       ] GC(1968) Pause Young (Allocation Failure)
[525.903s][info][gc,heap        ] GC(1968) PSYoungGen: 191696K(248832K)->63360K(241664K) Eden: 174080K(174080K)->0K(171520K) From: 17616K(74752K)->63360K(70144K)
[525.903s][info][gc,heap        ] GC(1968) ParOldGen: 423795K(667648K)->441531K(667648K)
[525.903s][info][gc,metaspace   ] GC(1968) Metaspace: 19095K(19264K)->19095K(19264K) NonClass: 16429K(16512K)->16429K(16512K) Class: 2666K(2752K)->2666K(2752K)
[525.903s][info][gc             ] GC(1968) Pause Young (Allocation Failure) 601M->493M(888M) 60.040ms
[525.903s][info][gc,cpu         ] GC(1968) User=0.11s Sys=0.00s Real=0.06s
[526.154s][info][gc,start       ] GC(1969) Pause Young (Allocation Failure)
[526.215s][info][gc,heap        ] GC(1969) PSYoungGen: 234880K(241664K)->12287K(252416K) Eden: 171520K(171520K)->0K(171520K) From: 63360K(70144K)->12287K(80896K)
[526.215s][info][gc,heap        ] GC(1969) ParOldGen: 441531K(667648K)->505607K(667648K)
[526.215s][info][gc,metaspace   ] GC(1969) Metaspace: 19095K(19264K)->19095K(19264K) NonClass: 16429K(16512K)->16429K(16512K) Class: 2666K(2752K)->2666K(2752K)
[526.215s][info][gc             ] GC(1969) Pause Young (Allocation Failure) 660M->505M(898M) 60.948ms
[526.215s][info][gc,cpu         ] GC(1969) User=0.12s Sys=0.00s Real=0.06s
[526.422s][info][gc,start       ] GC(1970) Pause Young (Allocation Failure)
[526.485s][info][gc,heap        ] GC(1970) PSYoungGen: 183807K(252416K)->39616K(250368K) Eden: 171520K(171520K)->0K(175616K) From: 12287K(80896K)->39616K(74752K)
[526.485s][info][gc,heap        ] GC(1970) ParOldGen: 505607K(667648K)->517366K(667648K)
[526.485s][info][gc,metaspace   ] GC(1970) Metaspace: 19095K(19264K)->19095K(19264K) NonClass: 16429K(16512K)->16429K(16512K) Class: 2666K(2752K)->2666K(2752K)
[526.485s][info][gc             ] GC(1970) Pause Young (Allocation Failure) 673M->543M(896M) 63.216ms
[526.485s][info][gc,cpu         ] GC(1970) User=0.13s Sys=0.00s Real=0.06s
[526.647s][info][gc,start       ] GC(1971) Pause Young (Allocation Failure)
[526.698s][info][gc,heap        ] GC(1971) PSYoungGen: 215232K(250368K)->9024K(253440K) Eden: 175616K(175616K)->0K(175616K) From: 39616K(74752K)->9024K(77824K)
[526.698s][info][gc,heap        ] GC(1971) ParOldGen: 517366K(667648K)->557014K(667648K)
[526.699s][info][gc,metaspace   ] GC(1971) Metaspace: 19095K(19264K)->19095K(19264K) NonClass: 16429K(16512K)->16429K(16512K) Class: 2666K(2752K)->2666K(2752K)
[526.699s][info][gc             ] GC(1971) Pause Young (Allocation Failure) 715M->552M(899M) 51.647ms
[526.699s][info][gc,cpu         ] GC(1971) User=0.10s Sys=0.00s Real=0.06s
[526.894s][info][gc,start       ] GC(1972) Pause Young (Allocation Failure)
[526.914s][info][gc,heap        ] GC(1972) PSYoungGen: 184640K(253440K)->4512K(250880K) Eden: 175616K(175616K)->0K(180224K) From: 9024K(77824K)->4512K(70656K)
[526.914s][info][gc,heap        ] GC(1972) ParOldGen: 557014K(667648K)->566062K(667648K)
[526.914s][info][gc,metaspace   ] GC(1972) Metaspace: 19095K(19264K)->19095K(19264K) NonClass: 16429K(16512K)->16429K(16512K) Class: 2666K(2752K)->2666K(2752K)
[526.914s][info][gc             ] GC(1972) Pause Young (Allocation Failure) 724M->557M(897M) 20.186ms
[526.914s][info][gc,cpu         ] GC(1972) User=0.04s Sys=0.00s Real=0.02s
[527.173s][info][gc,start       ] GC(1973) Pause Young (Allocation Failure)
[527.191s][info][gc,heap        ] GC(1973) PSYoungGen: 184736K(250880K)->10384K(253952K) Eden: 180224K(180224K)->0K(180224K) From: 4512K(70656K)->10384K(73728K)
[527.191s][info][gc,heap        ] GC(1973) ParOldGen: 566062K(667648K)->570542K(667648K)
[527.191s][info][gc,metaspace   ] GC(1973) Metaspace: 19095K(19264K)->19095K(19264K) NonClass: 16429K(16512K)->16429K(16512K) Class: 2666K(2752K)->2666K(2752K)
[527.191s][info][gc             ] GC(1973) Pause Young (Allocation Failure) 733M->567M(900M) 17.543ms
[527.191s][info][gc,cpu         ] GC(1973) User=0.03s Sys=0.00s Real=0.02s
[527.557s][info][gc,start       ] GC(1974) Pause Young (Allocation Failure)
[527.595s][info][gc,heap        ] GC(1974) PSYoungGen: 190608K(253952K)->16928K(250880K) Eden: 180224K(180224K)->0K(189440K) From: 10384K(73728K)->16928K(61440K)
[527.595s][info][gc,heap        ] GC(1974) ParOldGen: 570542K(667648K)->580399K(667648K)
[527.595s][info][gc,metaspace   ] GC(1974) Metaspace: 19095K(19264K)->19095K(19264K) NonClass: 16429K(16512K)->16429K(16512K) Class: 2666K(2752K)->2666K(2752K)
[527.595s][info][gc             ] GC(1974) Pause Young (Allocation Failure) 743M->583M(897M) 37.903ms
[527.595s][info][gc,cpu         ] GC(1974) User=0.07s Sys=0.00s Real=0.03s
[527.801s][info][gc,start       ] GC(1975) Pause Young (Allocation Failure)
[527.859s][info][gc,heap        ] GC(1975) PSYoungGen: 206368K(250880K)->54706K(255488K) Eden: 189440K(189440K)->0K(189440K) From: 16928K(61440K)->54706K(66048K)
[527.859s][info][gc,heap        ] GC(1975) ParOldGen: 580399K(667648K)->597343K(667648K)
[527.859s][info][gc,metaspace   ] GC(1975) Metaspace: 19095K(19264K)->19095K(19264K) NonClass: 16429K(16512K)->16429K(16512K) Class: 2666K(2752K)->2666K(2752K)
[527.859s][info][gc             ] GC(1975) Pause Young (Allocation Failure) 768M->636M(901M) 57.577ms
[527.859s][info][gc,cpu         ] GC(1975) User=0.12s Sys=0.00s Real=0.06s
[528.105s][info][gc,start       ] GC(1976) Pause Young (Allocation Failure)
[528.177s][info][gc,heap        ] GC(1976) PSYoungGen: 244146K(255488K)->25856K(263680K) Eden: 189440K(189440K)->0K(189440K) From: 54706K(66048K)->25856K(74240K)
[528.178s][info][gc,heap        ] GC(1976) ParOldGen: 597343K(667648K)->652492K(667648K)
[528.178s][info][gc,metaspace   ] GC(1976) Metaspace: 19095K(19264K)->19095K(19264K) NonClass: 16429K(16512K)->16429K(16512K) Class: 2666K(2752K)->2666K(2752K)
[528.178s][info][gc             ] GC(1976) Pause Young (Allocation Failure) 821M->662M(909M) 72.202ms
[528.178s][info][gc,cpu         ] GC(1976) User=0.11s Sys=0.03s Real=0.08s
[528.435s][info][gc,start       ] GC(1977) Pause Full (Allocation Failure)
[528.435s][info][gc,phases,start] GC(1977) Marking Phase
[528.790s][info][gc,phases      ] GC(1977) Marking Phase 355.100ms
[528.790s][info][gc,phases,start] GC(1977) Summary Phase
[528.790s][info][gc,phases      ] GC(1977) Summary Phase 0.031ms
[528.790s][info][gc,phases,start] GC(1977) Forward
[528.935s][info][gc,phases      ] GC(1977) Forward 144.051ms
[528.935s][info][gc,phases,start] GC(1977) Adjust Pointers
[529.207s][info][gc,phases      ] GC(1977) Adjust Pointers 272.824ms
[529.207s][info][gc,phases,start] GC(1977) Compaction Phase
[529.378s][info][gc,phases      ] GC(1977) Compaction Phase 170.616ms
[529.390s][info][gc,phases,start] GC(1977) Post Compact
[529.393s][info][gc,phases      ] GC(1977) Post Compact 2.468ms
[529.393s][info][gc,heap        ] GC(1977) PSYoungGen: 215296K(263680K)->0K(259584K) Eden: 189440K(189440K)->0K(189440K) From: 25856K(74240K)->0K(70144K)
[529.393s][info][gc,heap        ] GC(1977) ParOldGen: 652492K(667648K)->504026K(667648K)
[529.393s][info][gc,metaspace   ] GC(1977) Metaspace: 19095K(19264K)->19095K(19264K) NonClass: 16429K(16512K)->16429K(16512K) Class: 2666K(2752K)->2666K(2752K)
[529.393s][info][gc             ] GC(1977) Pause Full (Allocation Failure) 847M->492M(905M) 957.526ms
[529.393s][info][gc,cpu         ] GC(1977) User=1.79s Sys=0.00s Real=0.96s
[529.574s][info][gc,start       ] GC(1978) Pause Young (Allocation Failure)
[529.593s][info][gc,heap        ] GC(1978) PSYoungGen: 189440K(259584K)->15872K(260608K) Eden: 189440K(189440K)->0K(192512K) From: 0K(70144K)->15872K(68096K)
[529.593s][info][gc,heap        ] GC(1978) ParOldGen: 504026K(667648K)->504026K(667648K)
[529.593s][info][gc,metaspace   ] GC(1978) Metaspace: 19095K(19264K)->19095K(19264K) NonClass: 16429K(16512K)->16429K(16512K) Class: 2666K(2752K)->2666K(2752K)
[529.593s][info][gc             ] GC(1978) Pause Young (Allocation Failure) 677M->507M(906M) 19.456ms
[529.593s][info][gc,cpu         ] GC(1978) User=0.04s Sys=0.00s Real=0.02s
[529.799s][info][gc,start       ] GC(1979) Pause Young (Allocation Failure)
[529.824s][info][gc,heap        ] GC(1979) PSYoungGen: 208384K(260608K)->20448K(259584K) Eden: 192512K(192512K)->0K(192512K) From: 15872K(68096K)->20448K(67072K)
[529.824s][info][gc,heap        ] GC(1979) ParOldGen: 504026K(667648K)->504026K(667648K)
[529.824s][info][gc,metaspace   ] GC(1979) Metaspace: 19095K(19264K)->19095K(19264K) NonClass: 16429K(16512K)->16429K(16512K) Class: 2666K(2752K)->2666K(2752K)
[529.824s][info][gc             ] GC(1979) Pause Young (Allocation Failure) 695M->512M(905M) 24.428ms
[529.824s][info][gc,cpu         ] GC(1979) User=0.05s Sys=0.00s Real=0.02s
[530.120s][info][gc,start       ] GC(1980) Pause Young (Allocation Failure)
[530.151s][info][gc,heap        ] GC(1980) PSYoungGen: 212960K(259584K)->31888K(262144K) Eden: 192512K(192512K)->0K(199168K) From: 20448K(67072K)->31888K(62976K)
[530.151s][info][gc,heap        ] GC(1980) ParOldGen: 504026K(667648K)->504026K(667648K)
[530.151s][info][gc,metaspace   ] GC(1980) Metaspace: 19095K(19264K)->19095K(19264K) NonClass: 16429K(16512K)->16429K(16512K) Class: 2666K(2752K)->2666K(2752K)
[530.151s][info][gc             ] GC(1980) Pause Young (Allocation Failure) 700M->523M(908M) 31.603ms
[530.151s][info][gc,cpu         ] GC(1980) User=0.06s Sys=0.00s Real=0.03s
[530.587s][info][gc,start       ] GC(1981) Pause Young (Allocation Failure)
[530.634s][info][gc,heap        ] GC(1981) PSYoungGen: 231056K(262144K)->47120K(261632K) Eden: 199168K(199168K)->0K(199168K) From: 31888K(62976K)->47120K(62464K)
[530.634s][info][gc,heap        ] GC(1981) ParOldGen: 504026K(667648K)->504026K(667648K)
[530.634s][info][gc,metaspace   ] GC(1981) Metaspace: 19095K(19264K)->19095K(19264K) NonClass: 16429K(16512K)->16429K(16512K) Class: 2666K(2752K)->2666K(2752K)
[530.634s][info][gc             ] GC(1981) Pause Young (Allocation Failure) 717M->538M(907M) 46.743ms
[530.634s][info][gc,cpu         ] GC(1981) User=0.10s Sys=0.00s Real=0.04s
[531.076s][info][gc,start       ] GC(1982) Pause Young (Allocation Failure)
[531.126s][info][gc,heap        ] GC(1982) PSYoungGen: 246288K(261632K)->47152K(259584K) Eden: 199168K(199168K)->0K(192512K) From: 47120K(62464K)->47152K(67072K)
[531.126s][info][gc,heap        ] GC(1982) ParOldGen: 504026K(667648K)->504026K(667648K)
[531.126s][info][gc,metaspace   ] GC(1982) Metaspace: 19095K(19264K)->19095K(19264K) NonClass: 16429K(16512K)->16429K(16512K) Class: 2666K(2752K)->2666K(2752K)
[531.126s][info][gc             ] GC(1982) Pause Young (Allocation Failure) 732M->538M(905M) 49.948ms
[531.126s][info][gc,cpu         ] GC(1982) User=0.09s Sys=0.00s Real=0.05s
[531.510s][info][gc,start       ] GC(1983) Pause Young (Allocation Failure)
[531.564s][info][gc,heap        ] GC(1983) PSYoungGen: 239664K(259584K)->54080K(246784K) Eden: 192512K(192512K)->0K(192512K) From: 47152K(67072K)->54080K(54272K)
[531.564s][info][gc,heap        ] GC(1983) ParOldGen: 504026K(667648K)->504026K(667648K)
[531.564s][info][gc,metaspace   ] GC(1983) Metaspace: 19095K(19264K)->19095K(19264K) NonClass: 16429K(16512K)->16429K(16512K) Class: 2666K(2752K)->2666K(2752K)
[531.564s][info][gc             ] GC(1983) Pause Young (Allocation Failure) 726M->545M(893M) 54.401ms
[531.564s][info][gc,cpu         ] GC(1983) User=0.10s Sys=0.00s Real=0.05s
[531.706s][info][gc,start       ] GC(1984) Pause Young (Allocation Failure)
[531.816s][info][gc,heap        ] GC(1984) PSYoungGen: 246592K(246784K)->76256K(200192K) Eden: 192512K(192512K)->0K(123904K) From: 54080K(54272K)->76256K(76288K)
[531.816s][info][gc,heap        ] GC(1984) ParOldGen: 504026K(667648K)->548410K(667648K)
[531.816s][info][gc,metaspace   ] GC(1984) Metaspace: 19095K(19264K)->19095K(19264K) NonClass: 16429K(16512K)->16429K(16512K) Class: 2666K(2752K)->2666K(2752K)
[531.816s][info][gc             ] GC(1984) Pause Young (Allocation Failure) 733M->610M(847M) 109.455ms
[531.816s][info][gc,cpu         ] GC(1984) User=0.20s Sys=0.01s Real=0.11s
[531.977s][info][gc,start       ] GC(1985) Pause Young (Allocation Failure)
[532.055s][info][gc,heap        ] GC(1985) PSYoungGen: 200160K(200192K)->59136K(183296K) Eden: 123904K(123904K)->0K(123904K) From: 76256K(76288K)->59136K(59392K)
[532.055s][info][gc,heap        ] GC(1985) ParOldGen: 548410K(667648K)->568874K(667648K)
[532.055s][info][gc,metaspace   ] GC(1985) Metaspace: 19095K(19264K)->19095K(19264K) NonClass: 16429K(16512K)->16429K(16512K) Class: 2666K(2752K)->2666K(2752K)
[532.055s][info][gc             ] GC(1985) Pause Young (Allocation Failure) 731M->613M(831M) 77.860ms
[532.055s][info][gc,cpu         ] GC(1985) User=0.16s Sys=0.00s Real=0.08s
[532.239s][info][gc,start       ] GC(1986) Pause Young (Allocation Failure)
[532.343s][info][gc,heap        ] GC(1986) PSYoungGen: 183040K(183296K)->63552K(224256K) Eden: 123904K(123904K)->0K(118784K) From: 59136K(59392K)->63552K(105472K)
[532.344s][info][gc,heap        ] GC(1986) ParOldGen: 568874K(667648K)->595603K(667648K)
[532.344s][info][gc,metaspace   ] GC(1986) Metaspace: 19095K(19264K)->19095K(19264K) NonClass: 16429K(16512K)->16429K(16512K) Class: 2666K(2752K)->2666K(2752K)
[532.344s][info][gc             ] GC(1986) Pause Young (Allocation Failure) 734M->643M(871M) 104.583ms
[532.344s][info][gc,cpu         ] GC(1986) User=0.21s Sys=0.00s Real=0.10s
[532.478s][info][gc,start       ] GC(1987) Pause Young (Allocation Failure)
[532.571s][info][gc,heap        ] GC(1987) PSYoungGen: 182336K(224256K)->81504K(200704K) Eden: 118784K(118784K)->0K(118784K) From: 63552K(105472K)->81504K(81920K)
[532.571s][info][gc,heap        ] GC(1987) ParOldGen: 595603K(667648K)->599667K(667648K)
[532.571s][info][gc,metaspace   ] GC(1987) Metaspace: 19095K(19264K)->19095K(19264K) NonClass: 16429K(16512K)->16429K(16512K) Class: 2666K(2752K)->2666K(2752K)
[532.571s][info][gc             ] GC(1987) Pause Young (Allocation Failure) 759M->665M(848M) 93.372ms
[532.571s][info][gc,cpu         ] GC(1987) User=0.18s Sys=0.00s Real=0.09s
[532.691s][info][gc,start       ] GC(1988) Pause Young (Allocation Failure)
[532.785s][info][gc,heap        ] GC(1988) PSYoungGen: 200288K(200704K)->57024K(222720K) Eden: 118784K(118784K)->0K(111616K) From: 81504K(81920K)->57024K(111104K)
[532.785s][info][gc,heap        ] GC(1988) ParOldGen: 599667K(667648K)->628272K(667648K)
[532.785s][info][gc,metaspace   ] GC(1988) Metaspace: 19095K(19264K)->19095K(19264K) NonClass: 16429K(16512K)->16429K(16512K) Class: 2666K(2752K)->2666K(2752K)
[532.785s][info][gc             ] GC(1988) Pause Young (Allocation Failure) 781M->669M(869M) 94.733ms
[532.785s][info][gc,cpu         ] GC(1988) User=0.19s Sys=0.00s Real=0.09s
[532.896s][info][gc,start       ] GC(1989) Pause Full (Allocation Failure)
[532.896s][info][gc,phases,start] GC(1989) Marking Phase
[533.366s][info][gc,phases      ] GC(1989) Marking Phase 470.353ms
[533.366s][info][gc,phases,start] GC(1989) Summary Phase
[533.366s][info][gc,phases      ] GC(1989) Summary Phase 0.038ms
[533.366s][info][gc,phases,start] GC(1989) Forward
[533.472s][info][gc,phases      ] GC(1989) Forward 106.070ms
[533.472s][info][gc,phases,start] GC(1989) Adjust Pointers
[533.818s][info][gc,phases      ] GC(1989) Adjust Pointers 345.268ms
[533.818s][info][gc,phases,start] GC(1989) Compaction Phase
[534.029s][info][gc,phases      ] GC(1989) Compaction Phase 211.531ms
[534.040s][info][gc,phases,start] GC(1989) Post Compact
[534.043s][info][gc,phases      ] GC(1989) Post Compact 2.300ms
[534.043s][info][gc,heap        ] GC(1989) PSYoungGen: 168640K(222720K)->0K(222720K) Eden: 111616K(111616K)->0K(111616K) From: 57024K(111104K)->0K(111104K)
[534.043s][info][gc,heap        ] GC(1989) ParOldGen: 628272K(667648K)->664802K(667648K)
[534.043s][info][gc,metaspace   ] GC(1989) Metaspace: 19095K(19264K)->19095K(19264K) NonClass: 16429K(16512K)->16429K(16512K) Class: 2666K(2752K)->2666K(2752K)
[534.043s][info][gc             ] GC(1989) Pause Full (Allocation Failure) 778M->649M(869M) 1146.785ms
[534.043s][info][gc,cpu         ] GC(1989) User=2.24s Sys=0.00s Real=1.15s
[534.170s][info][gc,start       ] GC(1990) Pause Full (Allocation Failure)
[534.170s][info][gc,phases,start] GC(1990) Marking Phase
[534.642s][info][gc,phases      ] GC(1990) Marking Phase 471.527ms
[534.642s][info][gc,phases,start] GC(1990) Summary Phase
[534.642s][info][gc,phases      ] GC(1990) Summary Phase 0.025ms
[534.642s][info][gc,phases,start] GC(1990) Forward
[534.645s][info][gc,phases      ] GC(1990) Forward 3.422ms
[534.645s][info][gc,phases,start] GC(1990) Adjust Pointers
[534.961s][info][gc,phases      ] GC(1990) Adjust Pointers 315.068ms
[534.961s][info][gc,phases,start] GC(1990) Compaction Phase
[535.100s][info][gc,phases      ] GC(1990) Compaction Phase 139.818ms
[535.100s][info][gc,phases,start] GC(1990) Post Compact
[535.103s][info][gc,phases      ] GC(1990) Post Compact 2.211ms
[535.103s][info][gc,heap        ] GC(1990) PSYoungGen: 111616K(222720K)->1308K(222720K) Eden: 111616K(111616K)->1308K(111616K) From: 0K(111104K)->0K(111104K)
[535.103s][info][gc,heap        ] GC(1990) ParOldGen: 664802K(667648K)->667518K(667648K)
[535.103s][info][gc,metaspace   ] GC(1990) Metaspace: 19095K(19264K)->19095K(19264K) NonClass: 16429K(16512K)->16429K(16512K) Class: 2666K(2752K)->2666K(2752K)
[535.103s][info][gc             ] GC(1990) Pause Full (Allocation Failure) 758M->653M(869M) 932.476ms
[535.103s][info][gc,cpu         ] GC(1990) User=1.82s Sys=0.01s Real=0.93s
[535.237s][info][gc,start       ] GC(1991) Pause Full (Allocation Failure)
[535.237s][info][gc,phases,start] GC(1991) Marking Phase
[535.712s][info][gc,phases      ] GC(1991) Marking Phase 475.028ms
[535.712s][info][gc,phases,start] GC(1991) Summary Phase
[535.712s][info][gc,phases      ] GC(1991) Summary Phase 0.024ms
[535.712s][info][gc,phases,start] GC(1991) Forward
[535.714s][info][gc,phases      ] GC(1991) Forward 2.205ms
[535.714s][info][gc,phases,start] GC(1991) Adjust Pointers
[536.027s][info][gc,phases      ] GC(1991) Adjust Pointers 313.308ms
[536.027s][info][gc,phases,start] GC(1991) Compaction Phase
[536.169s][info][gc,phases      ] GC(1991) Compaction Phase 141.554ms
[536.169s][info][gc,phases,start] GC(1991) Post Compact
[536.171s][info][gc,phases      ] GC(1991) Post Compact 2.190ms
[536.171s][info][gc,heap        ] GC(1991) PSYoungGen: 111616K(222720K)->3536K(222720K) Eden: 111616K(111616K)->3536K(111616K) From: 0K(111104K)->0K(111104K)
[536.171s][info][gc,heap        ] GC(1991) ParOldGen: 667518K(667648K)->667518K(667648K)
[536.171s][info][gc,metaspace   ] GC(1991) Metaspace: 19095K(19264K)->19095K(19264K) NonClass: 16429K(16512K)->16429K(16512K) Class: 2666K(2752K)->2666K(2752K)
[536.171s][info][gc             ] GC(1991) Pause Full (Allocation Failure) 760M->655M(869M) 934.720ms
[536.171s][info][gc,cpu         ] GC(1991) User=1.83s Sys=0.00s Real=0.94s
[536.353s][info][gc,start       ] GC(1992) Pause Full (Allocation Failure)
[536.353s][info][gc,phases,start] GC(1992) Marking Phase
[536.732s][info][gc,phases      ] GC(1992) Marking Phase 378.546ms
[536.732s][info][gc,phases,start] GC(1992) Summary Phase
[536.732s][info][gc,phases      ] GC(1992) Summary Phase 0.025ms
[536.732s][info][gc,phases,start] GC(1992) Forward
[536.869s][info][gc,phases      ] GC(1992) Forward 136.944ms
[536.869s][info][gc,phases,start] GC(1992) Adjust Pointers
[537.154s][info][gc,phases      ] GC(1992) Adjust Pointers 285.508ms
[537.154s][info][gc,phases,start] GC(1992) Compaction Phase
[537.352s][info][gc,phases      ] GC(1992) Compaction Phase 197.046ms
[537.363s][info][gc,phases,start] GC(1992) Post Compact
[537.366s][info][gc,phases      ] GC(1992) Post Compact 2.251ms
[537.366s][info][gc,heap        ] GC(1992) PSYoungGen: 111616K(222720K)->0K(222720K) Eden: 111616K(111616K)->0K(111616K) From: 0K(111104K)->0K(111104K)
[537.366s][info][gc,heap        ] GC(1992) ParOldGen: 667518K(667648K)->533170K(667648K)
[537.366s][info][gc,metaspace   ] GC(1992) Metaspace: 19095K(19264K)->19095K(19264K) NonClass: 16429K(16512K)->16429K(16512K) Class: 2666K(2752K)->2666K(2752K)
[537.366s][info][gc             ] GC(1992) Pause Full (Allocation Failure) 760M->520M(869M) 1012.382ms
[537.366s][info][gc,cpu         ] GC(1992) User=1.92s Sys=0.00s Real=1.01s
[537.541s][info][gc,start       ] GC(1993) Pause Young (Allocation Failure)
[537.553s][info][gc,heap        ] GC(1993) PSYoungGen: 111616K(222720K)->8640K(222720K) Eden: 111616K(111616K)->0K(111616K) From: 0K(111104K)->8640K(111104K)
[537.553s][info][gc,heap        ] GC(1993) ParOldGen: 533170K(667648K)->533170K(667648K)
[537.553s][info][gc,metaspace   ] GC(1993) Metaspace: 19095K(19264K)->19095K(19264K) NonClass: 16429K(16512K)->16429K(16512K) Class: 2666K(2752K)->2666K(2752K)
[537.553s][info][gc             ] GC(1993) Pause Young (Allocation Failure) 629M->529M(869M) 12.006ms
[537.553s][info][gc,cpu         ] GC(1993) User=0.03s Sys=0.00s Real=0.01s
[537.780s][info][gc,start       ] GC(1994) Pause Young (Allocation Failure)
[537.801s][info][gc,heap        ] GC(1994) PSYoungGen: 120256K(222720K)->12459K(222720K) Eden: 111616K(111616K)->0K(111616K) From: 8640K(111104K)->12459K(111104K)
[537.801s][info][gc,heap        ] GC(1994) ParOldGen: 533170K(667648K)->541770K(667648K)
[537.801s][info][gc,metaspace   ] GC(1994) Metaspace: 19095K(19264K)->19095K(19264K) NonClass: 16429K(16512K)->16429K(16512K) Class: 2666K(2752K)->2666K(2752K)
[537.801s][info][gc             ] GC(1994) Pause Young (Allocation Failure) 638M->541M(869M) 20.942ms
[537.801s][info][gc,cpu         ] GC(1994) User=0.05s Sys=0.00s Real=0.02s
[537.938s][info][gc,start       ] GC(1995) Pause Young (Allocation Failure)
[537.947s][info][gc,heap        ] GC(1995) PSYoungGen: 124075K(222720K)->7883K(119808K) Eden: 111616K(111616K)->0K(111616K) From: 12459K(111104K)->7883K(8192K)
[537.947s][info][gc,heap        ] GC(1995) ParOldGen: 541770K(667648K)->541770K(667648K)
[537.947s][info][gc,metaspace   ] GC(1995) Metaspace: 19095K(19264K)->19095K(19264K) NonClass: 16429K(16512K)->16429K(16512K) Class: 2666K(2752K)->2666K(2752K)
[537.947s][info][gc             ] GC(1995) Pause Young (Allocation Failure) 650M->536M(769M) 8.704ms
[537.947s][info][gc,cpu         ] GC(1995) User=0.01s Sys=0.00s Real=0.00s
[538.056s][info][gc,start       ] GC(1996) Pause Young (Allocation Failure)
[538.079s][info][gc,heap        ] GC(1996) PSYoungGen: 119499K(119808K)->28395K(221184K) Eden: 111616K(111616K)->0K(117248K) From: 7883K(8192K)->28395K(103936K)
[538.079s][info][gc,heap        ] GC(1996) ParOldGen: 541770K(667648K)->541770K(667648K)
[538.079s][info][gc,metaspace   ] GC(1996) Metaspace: 19095K(19264K)->19095K(19264K) NonClass: 16429K(16512K)->16429K(16512K) Class: 2666K(2752K)->2666K(2752K)
[538.079s][info][gc             ] GC(1996) Pause Young (Allocation Failure) 645M->556M(868M) 23.925ms
[538.079s][info][gc,cpu         ] GC(1996) User=0.04s Sys=0.00s Real=0.03s
[538.207s][info][gc,start       ] GC(1997) Pause Young (Allocation Failure)
[538.241s][info][gc,heap        ] GC(1997) PSYoungGen: 145643K(221184K)->36507K(154112K) Eden: 117248K(117248K)->0K(117248K) From: 28395K(103936K)->36507K(36864K)
[538.241s][info][gc,heap        ] GC(1997) ParOldGen: 541770K(667648K)->541770K(667648K)
[538.241s][info][gc,metaspace   ] GC(1997) Metaspace: 19095K(19264K)->19095K(19264K) NonClass: 16429K(16512K)->16429K(16512K) Class: 2666K(2752K)->2666K(2752K)
[538.241s][info][gc             ] GC(1997) Pause Young (Allocation Failure) 671M->564M(802M) 33.898ms
[538.241s][info][gc,cpu         ] GC(1997) User=0.06s Sys=0.00s Real=0.03s
[538.362s][info][gc,start       ] GC(1998) Pause Young (Allocation Failure)
[538.401s][info][gc,heap        ] GC(1998) PSYoungGen: 153755K(154112K)->40619K(211456K) Eden: 117248K(117248K)->0K(123392K) From: 36507K(36864K)->40619K(88064K)
[538.401s][info][gc,heap        ] GC(1998) ParOldGen: 541770K(667648K)->541770K(667648K)
[538.401s][info][gc,metaspace   ] GC(1998) Metaspace: 19095K(19264K)->19095K(19264K) NonClass: 16429K(16512K)->16429K(16512K) Class: 2666K(2752K)->2666K(2752K)
[538.401s][info][gc             ] GC(1998) Pause Young (Allocation Failure) 679M->568M(858M) 38.813ms
[538.401s][info][gc,cpu         ] GC(1998) User=0.08s Sys=0.00s Real=0.04s
[538.663s][info][gc,start       ] GC(1999) Pause Young (Allocation Failure)
[538.701s][info][gc,heap        ] GC(1999) PSYoungGen: 164011K(211456K)->41339K(216064K) Eden: 123392K(123392K)->0K(123392K) From: 40619K(88064K)->41339K(92672K)
[538.701s][info][gc,heap        ] GC(1999) ParOldGen: 541770K(667648K)->541770K(667648K)
[538.701s][info][gc,metaspace   ] GC(1999) Metaspace: 19095K(19264K)->19095K(19264K) NonClass: 16429K(16512K)->16429K(16512K) Class: 2666K(2752K)->2666K(2752K)
[538.701s][info][gc             ] GC(1999) Pause Young (Allocation Failure) 689M->569M(863M) 37.874ms
[538.701s][info][gc,cpu         ] GC(1999) User=0.08s Sys=0.00s Real=0.04s
[538.881s][info][gc,start       ] GC(2000) Pause Young (Allocation Failure)
[538.930s][info][gc,heap        ] GC(2000) PSYoungGen: 164731K(216064K)->54171K(217088K) Eden: 123392K(123392K)->0K(128512K) From: 41339K(92672K)->54171K(88576K)
[538.930s][info][gc,heap        ] GC(2000) ParOldGen: 541770K(667648K)->541770K(667648K)
[538.930s][info][gc,metaspace   ] GC(2000) Metaspace: 19095K(19264K)->19095K(19264K) NonClass: 16429K(16512K)->16429K(16512K) Class: 2666K(2752K)->2666K(2752K)
[538.930s][info][gc             ] GC(2000) Pause Young (Allocation Failure) 689M->581M(864M) 48.936ms
[538.930s][info][gc,cpu         ] GC(2000) User=0.09s Sys=0.00s Real=0.05s
[539.098s][info][gc,start       ] GC(2001) Pause Young (Allocation Failure)
[539.118s][info][gc,heap        ] GC(2001) PSYoungGen: 182683K(217088K)->21419K(218112K) Eden: 128512K(128512K)->0K(128512K) From: 54171K(88576K)->21419K(89600K)
[539.118s][info][gc,heap        ] GC(2001) ParOldGen: 541770K(667648K)->541770K(667648K)
[539.118s][info][gc,metaspace   ] GC(2001) Metaspace: 19095K(19264K)->19095K(19264K) NonClass: 16429K(16512K)->16429K(16512K) Class: 2666K(2752K)->2666K(2752K)
[539.118s][info][gc             ] GC(2001) Pause Young (Allocation Failure) 707M->549M(865M) 19.742ms
[539.118s][info][gc,cpu         ] GC(2001) User=0.04s Sys=0.00s Real=0.02s
[539.187s][info][gc,start       ] GC(2002) Pause Young (Allocation Failure)
[539.240s][info][gc,heap        ] GC(2002) PSYoungGen: 149931K(218112K)->68619K(216576K) Eden: 128512K(128512K)->0K(128512K) From: 21419K(89600K)->68619K(88064K)
[539.240s][info][gc,heap        ] GC(2002) ParOldGen: 541770K(667648K)->541770K(667648K)
[539.240s][info][gc,metaspace   ] GC(2002) Metaspace: 19095K(19264K)->19095K(19264K) NonClass: 16429K(16512K)->16429K(16512K) Class: 2666K(2752K)->2666K(2752K)
[539.240s][info][gc             ] GC(2002) Pause Young (Allocation Failure) 675M->596M(863M) 53.106ms
[539.240s][info][gc,cpu         ] GC(2002) User=0.11s Sys=0.00s Real=0.06s
[539.431s][info][gc,start       ] GC(2003) Pause Young (Allocation Failure)
[539.497s][info][gc,heap        ] GC(2003) PSYoungGen: 197131K(216576K)->93275K(222720K) Eden: 128512K(128512K)->0K(128512K) From: 68619K(88064K)->93275K(94208K)
[539.497s][info][gc,heap        ] GC(2003) ParOldGen: 541770K(667648K)->541770K(667648K)
[539.497s][info][gc,metaspace   ] GC(2003) Metaspace: 19095K(19264K)->19095K(19264K) NonClass: 16429K(16512K)->16429K(16512K) Class: 2666K(2752K)->2666K(2752K)
[539.497s][info][gc             ] GC(2003) Pause Young (Allocation Failure) 721M->620M(869M) 66.065ms
[539.497s][info][gc,cpu         ] GC(2003) User=0.13s Sys=0.00s Real=0.06s
[539.664s][info][gc,start       ] GC(2004) Pause Young (Allocation Failure)
[539.737s][info][gc,heap        ] GC(2004) PSYoungGen: 221502K(222720K)->90075K(220160K) Eden: 128226K(128512K)->0K(111616K) From: 93275K(94208K)->90075K(108544K)
[539.737s][info][gc,heap        ] GC(2004) ParOldGen: 541770K(667648K)->541770K(667648K)
[539.737s][info][gc,metaspace   ] GC(2004) Metaspace: 19095K(19264K)->19095K(19264K) NonClass: 16429K(16512K)->16429K(16512K) Class: 2666K(2752K)->2666K(2752K)
[539.737s][info][gc             ] GC(2004) Pause Young (Allocation Failure) 745M->617M(867M) 73.429ms
[539.738s][info][gc,cpu         ] GC(2004) User=0.14s Sys=0.01s Real=0.08s
[539.868s][info][gc,start       ] GC(2005) Pause Young (Allocation Failure)
[539.970s][info][gc,heap        ] GC(2005) PSYoungGen: 201691K(220160K)->111088K(222720K) Eden: 111616K(111616K)->0K(111616K) From: 90075K(108544K)->111088K(111104K)
[539.970s][info][gc,heap        ] GC(2005) ParOldGen: 541770K(667648K)->546950K(667648K)
[539.970s][info][gc,metaspace   ] GC(2005) Metaspace: 19095K(19264K)->19095K(19264K) NonClass: 16429K(16512K)->16429K(16512K) Class: 2666K(2752K)->2666K(2752K)
[539.970s][info][gc             ] GC(2005) Pause Young (Allocation Failure) 726M->642M(869M) 101.151ms
[539.970s][info][gc,cpu         ] GC(2005) User=0.20s Sys=0.00s Real=0.10s
[540.109s][info][gc,start       ] GC(2006) Pause Young (Allocation Failure)
[540.238s][info][gc,heap        ] GC(2006) PSYoungGen: 222704K(222720K)->111088K(222720K) Eden: 111616K(111616K)->0K(111616K) From: 111088K(111104K)->111088K(111104K)
[540.238s][info][gc,heap        ] GC(2006) ParOldGen: 546950K(667648K)->563570K(667648K)
[540.238s][info][gc,metaspace   ] GC(2006) Metaspace: 19095K(19264K)->19095K(19264K) NonClass: 16429K(16512K)->16429K(16512K) Class: 2666K(2752K)->2666K(2752K)
[540.238s][info][gc             ] GC(2006) Pause Young (Allocation Failure) 751M->658M(869M) 129.271ms
[540.238s][info][gc,cpu         ] GC(2006) User=0.25s Sys=0.01s Real=0.13s
[540.322s][info][gc,start       ] GC(2007) Pause Young (Allocation Failure)
[540.428s][info][gc,heap        ] GC(2007) PSYoungGen: 222704K(222720K)->111088K(222720K) Eden: 111616K(111616K)->0K(111616K) From: 111088K(111104K)->111088K(111104K)
[540.428s][info][gc,heap        ] GC(2007) ParOldGen: 563570K(667648K)->567130K(667648K)
[540.428s][info][gc,metaspace   ] GC(2007) Metaspace: 19095K(19264K)->19095K(19264K) NonClass: 16429K(16512K)->16429K(16512K) Class: 2666K(2752K)->2666K(2752K)
[540.429s][info][gc             ] GC(2007) Pause Young (Allocation Failure) 767M->662M(869M) 106.600ms
[540.429s][info][gc,cpu         ] GC(2007) User=0.21s Sys=0.00s Real=0.11s
[540.555s][info][gc,start       ] GC(2008) Pause Young (Allocation Failure)
[540.654s][info][gc,heap        ] GC(2008) PSYoungGen: 222704K(222720K)->109904K(222720K) Eden: 111616K(111616K)->0K(111616K) From: 111088K(111104K)->109904K(111104K)
[540.654s][info][gc,heap        ] GC(2008) ParOldGen: 567130K(667648K)->569003K(667648K)
[540.654s][info][gc,metaspace   ] GC(2008) Metaspace: 19095K(19264K)->19095K(19264K) NonClass: 16429K(16512K)->16429K(16512K) Class: 2666K(2752K)->2666K(2752K)
[540.654s][info][gc             ] GC(2008) Pause Young (Allocation Failure) 771M->662M(869M) 99.643ms
[540.654s][info][gc,cpu         ] GC(2008) User=0.20s Sys=0.00s Real=0.10s
[540.769s][info][gc,start       ] GC(2009) Pause Young (Allocation Failure)
[540.871s][info][gc,heap        ] GC(2009) PSYoungGen: 221520K(222720K)->42080K(222720K) Eden: 111616K(111616K)->0K(111616K) From: 109904K(111104K)->42080K(111104K)
[540.871s][info][gc,heap        ] GC(2009) ParOldGen: 569003K(667648K)->641599K(667648K)
[540.871s][info][gc,metaspace   ] GC(2009) Metaspace: 19095K(19264K)->19095K(19264K) NonClass: 16429K(16512K)->16429K(16512K) Class: 2666K(2752K)->2666K(2752K)
[540.871s][info][gc             ] GC(2009) Pause Young (Allocation Failure) 771M->667M(869M) 102.634ms
[540.871s][info][gc,cpu         ] GC(2009) User=0.21s Sys=0.00s Real=0.10s
[541.033s][info][gc,start       ] GC(2010) Pause Full (Allocation Failure)
[541.033s][info][gc,phases,start] GC(2010) Marking Phase
[541.288s][info][gc,phases      ] GC(2010) Marking Phase 254.972ms
[541.288s][info][gc,phases,start] GC(2010) Summary Phase
[541.288s][info][gc,phases      ] GC(2010) Summary Phase 0.025ms
[541.288s][info][gc,phases,start] GC(2010) Forward
[541.410s][info][gc,phases      ] GC(2010) Forward 122.100ms
[541.410s][info][gc,phases,start] GC(2010) Adjust Pointers
[541.601s][info][gc,phases      ] GC(2010) Adjust Pointers 191.032ms
[541.601s][info][gc,phases,start] GC(2010) Compaction Phase
[541.714s][info][gc,phases      ] GC(2010) Compaction Phase 112.777ms
[541.725s][info][gc,phases,start] GC(2010) Post Compact
[541.727s][info][gc,phases      ] GC(2010) Post Compact 2.260ms
[541.727s][info][gc,heap        ] GC(2010) PSYoungGen: 153696K(222720K)->0K(222720K) Eden: 111616K(111616K)->0K(111616K) From: 42080K(111104K)->0K(111104K)
[541.727s][info][gc,heap        ] GC(2010) ParOldGen: 641599K(667648K)->362200K(667648K)
[541.727s][info][gc,metaspace   ] GC(2010) Metaspace: 19095K(19264K)->19095K(19264K) NonClass: 16429K(16512K)->16429K(16512K) Class: 2666K(2752K)->2666K(2752K)
[541.727s][info][gc             ] GC(2010) Pause Full (Allocation Failure) 776M->353M(869M) 694.103ms
[541.727s][info][gc,cpu         ] GC(2010) User=1.23s Sys=0.01s Real=0.69s
[541.912s][info][gc,start       ] GC(2011) Pause Young (Allocation Failure)
[541.938s][info][gc,heap        ] GC(2011) PSYoungGen: 111616K(222720K)->17456K(222720K) Eden: 111616K(111616K)->0K(111616K) From: 0K(111104K)->17456K(111104K)
[541.938s][info][gc,heap        ] GC(2011) ParOldGen: 362200K(667648K)->362200K(667648K)
[541.938s][info][gc,metaspace   ] GC(2011) Metaspace: 19095K(19264K)->19095K(19264K) NonClass: 16429K(16512K)->16429K(16512K) Class: 2666K(2752K)->2666K(2752K)
[541.938s][info][gc             ] GC(2011) Pause Young (Allocation Failure) 462M->370M(869M) 25.561ms
[541.938s][info][gc,cpu         ] GC(2011) User=0.05s Sys=0.00s Real=0.03s
[542.169s][info][gc,start       ] GC(2012) Pause Young (Allocation Failure)
[542.197s][info][gc,heap        ] GC(2012) PSYoungGen: 129072K(222720K)->32656K(222720K) Eden: 111616K(111616K)->0K(111616K) From: 17456K(111104K)->32656K(111104K)
[542.197s][info][gc,heap        ] GC(2012) ParOldGen: 362200K(667648K)->362200K(667648K)
[542.197s][info][gc,metaspace   ] GC(2012) Metaspace: 19095K(19264K)->19095K(19264K) NonClass: 16429K(16512K)->16429K(16512K) Class: 2666K(2752K)->2666K(2752K)
[542.197s][info][gc             ] GC(2012) Pause Young (Allocation Failure) 479M->385M(869M) 28.654ms
[542.197s][info][gc,cpu         ] GC(2012) User=0.06s Sys=0.00s Real=0.02s
[542.319s][info][gc,start       ] GC(2013) Pause Young (Allocation Failure)
[542.365s][info][gc,heap        ] GC(2013) PSYoungGen: 144272K(222720K)->58288K(222720K) Eden: 111616K(111616K)->0K(111616K) From: 32656K(111104K)->58288K(111104K)
[542.365s][info][gc,heap        ] GC(2013) ParOldGen: 362200K(667648K)->362200K(667648K)
[542.365s][info][gc,metaspace   ] GC(2013) Metaspace: 19095K(19264K)->19095K(19264K) NonClass: 16429K(16512K)->16429K(16512K) Class: 2666K(2752K)->2666K(2752K)
[542.365s][info][gc             ] GC(2013) Pause Young (Allocation Failure) 494M->410M(869M) 45.575ms
[542.365s][info][gc,cpu         ] GC(2013) User=0.09s Sys=0.00s Real=0.04s
[542.508s][info][gc,start       ] GC(2014) Pause Young (Allocation Failure)
[542.568s][info][gc,heap        ] GC(2014) PSYoungGen: 169904K(222720K)->36128K(222720K) Eden: 111616K(111616K)->0K(111616K) From: 58288K(111104K)->36128K(111104K)
[542.568s][info][gc,heap        ] GC(2014) ParOldGen: 362200K(667648K)->395033K(667648K)
[542.568s][info][gc,metaspace   ] GC(2014) Metaspace: 19095K(19264K)->19095K(19264K) NonClass: 16429K(16512K)->16429K(16512K) Class: 2666K(2752K)->2666K(2752K)
[542.568s][info][gc             ] GC(2014) Pause Young (Allocation Failure) 519M->421M(869M) 60.021ms
[542.568s][info][gc,cpu         ] GC(2014) User=0.12s Sys=0.00s Real=0.06s
[542.760s][info][gc,start       ] GC(2015) Pause Young (Allocation Failure)
[542.794s][info][gc,heap        ] GC(2015) PSYoungGen: 147744K(222720K)->64K(222720K) Eden: 111616K(111616K)->0K(111616K) From: 36128K(111104K)->64K(111104K)
[542.794s][info][gc,heap        ] GC(2015) ParOldGen: 395033K(667648K)->431334K(667648K)
[542.794s][info][gc,metaspace   ] GC(2015) Metaspace: 19095K(19264K)->19095K(19264K) NonClass: 16429K(16512K)->16429K(16512K) Class: 2666K(2752K)->2666K(2752K)
[542.794s][info][gc             ] GC(2015) Pause Young (Allocation Failure) 530M->421M(869M) 33.810ms
[542.794s][info][gc,cpu         ] GC(2015) User=0.07s Sys=0.00s Real=0.03s
[542.935s][info][gc,start       ] GC(2016) Pause Young (Allocation Failure)
[542.955s][info][gc,heap        ] GC(2016) PSYoungGen: 111680K(222720K)->18528K(222720K) Eden: 111616K(111616K)->0K(111616K) From: 64K(111104K)->18528K(111104K)
[542.955s][info][gc,heap        ] GC(2016) ParOldGen: 431334K(667648K)->431350K(667648K)
[542.955s][info][gc,metaspace   ] GC(2016) Metaspace: 19095K(19264K)->19095K(19264K) NonClass: 16429K(16512K)->16429K(16512K) Class: 2666K(2752K)->2666K(2752K)
[542.955s][info][gc             ] GC(2016) Pause Young (Allocation Failure) 530M->439M(869M) 19.992ms
[542.955s][info][gc,cpu         ] GC(2016) User=0.04s Sys=0.00s Real=0.02s
[543.055s][info][gc,start       ] GC(2017) Pause Young (Allocation Failure)
[543.078s][info][gc,heap        ] GC(2017) PSYoungGen: 130144K(222720K)->3168K(222720K) Eden: 111616K(111616K)->0K(111616K) From: 18528K(111104K)->3168K(111104K)
[543.078s][info][gc,heap        ] GC(2017) ParOldGen: 431350K(667648K)->449918K(667648K)
[543.078s][info][gc,metaspace   ] GC(2017) Metaspace: 19095K(19264K)->19095K(19264K) NonClass: 16429K(16512K)->16429K(16512K) Class: 2666K(2752K)->2666K(2752K)
[543.078s][info][gc             ] GC(2017) Pause Young (Allocation Failure) 548M->442M(869M) 22.983ms
[543.078s][info][gc,cpu         ] GC(2017) User=0.04s Sys=0.00s Real=0.03s
[543.196s][info][gc,start       ] GC(2018) Pause Young (Allocation Failure)
[543.205s][info][gc,heap        ] GC(2018) PSYoungGen: 114784K(222720K)->2016K(222720K) Eden: 111616K(111616K)->0K(111616K) From: 3168K(111104K)->2016K(111104K)
[543.205s][info][gc,heap        ] GC(2018) ParOldGen: 449918K(667648K)->453070K(667648K)
[543.205s][info][gc,metaspace   ] GC(2018) Metaspace: 19095K(19264K)->19095K(19264K) NonClass: 16429K(16512K)->16429K(16512K) Class: 2666K(2752K)->2666K(2752K)
[543.205s][info][gc             ] GC(2018) Pause Young (Allocation Failure) 551M->444M(869M) 9.436ms
[543.205s][info][gc,cpu         ] GC(2018) User=0.02s Sys=0.00s Real=0.01s
[543.357s][info][gc,start       ] GC(2019) Pause Young (Allocation Failure)
[543.376s][info][gc,heap        ] GC(2019) PSYoungGen: 113632K(222720K)->14496K(222720K) Eden: 111616K(111616K)->0K(111616K) From: 2016K(111104K)->14496K(111104K)
[543.376s][info][gc,heap        ] GC(2019) ParOldGen: 453070K(667648K)->455078K(667648K)
[543.376s][info][gc,metaspace   ] GC(2019) Metaspace: 19095K(19264K)->19095K(19264K) NonClass: 16429K(16512K)->16429K(16512K) Class: 2666K(2752K)->2666K(2752K)
[543.376s][info][gc             ] GC(2019) Pause Young (Allocation Failure) 553M->458M(869M) 18.481ms
[543.376s][info][gc,cpu         ] GC(2019) User=0.03s Sys=0.00s Real=0.01s
[543.644s][info][gc,start       ] GC(2020) Pause Young (Allocation Failure)
[543.660s][info][gc,heap        ] GC(2020) PSYoungGen: 126112K(222720K)->96K(222720K) Eden: 111616K(111616K)->0K(111616K) From: 14496K(111104K)->96K(111104K)
[543.660s][info][gc,heap        ] GC(2020) ParOldGen: 455078K(667648K)->469590K(667648K)
[543.660s][info][gc,metaspace   ] GC(2020) Metaspace: 19095K(19264K)->19095K(19264K) NonClass: 16429K(16512K)->16429K(16512K) Class: 2666K(2752K)->2666K(2752K)
[543.660s][info][gc             ] GC(2020) Pause Young (Allocation Failure) 567M->458M(869M) 15.758ms
[543.660s][info][gc,cpu         ] GC(2020) User=0.03s Sys=0.00s Real=0.02s
[543.881s][info][gc,start       ] GC(2021) Pause Young (Allocation Failure)
[543.883s][info][gc,heap        ] GC(2021) PSYoungGen: 111712K(222720K)->64K(222720K) Eden: 111616K(111616K)->0K(111616K) From: 96K(111104K)->64K(111104K)
[543.883s][info][gc,heap        ] GC(2021) ParOldGen: 469590K(667648K)->469660K(667648K)
[543.883s][info][gc,metaspace   ] GC(2021) Metaspace: 19095K(19264K)->19095K(19264K) NonClass: 16429K(16512K)->16429K(16512K) Class: 2666K(2752K)->2666K(2752K)
[543.883s][info][gc             ] GC(2021) Pause Young (Allocation Failure) 567M->458M(869M) 1.910ms
[543.883s][info][gc,cpu         ] GC(2021) User=0.00s Sys=0.00s Real=0.00s
[544.097s][info][gc,start       ] GC(2022) Pause Young (Allocation Failure)
[544.098s][info][gc,heap        ] GC(2022) PSYoungGen: 111680K(222720K)->64K(222720K) Eden: 111616K(111616K)->0K(111616K) From: 64K(111104K)->64K(111104K)
[544.098s][info][gc,heap        ] GC(2022) ParOldGen: 469660K(667648K)->469676K(667648K)
[544.099s][info][gc,metaspace   ] GC(2022) Metaspace: 19095K(19264K)->19095K(19264K) NonClass: 16429K(16512K)->16429K(16512K) Class: 2666K(2752K)->2666K(2752K)
[544.099s][info][gc             ] GC(2022) Pause Young (Allocation Failure) 567M->458M(869M) 1.612ms
[544.099s][info][gc,cpu         ] GC(2022) User=0.00s Sys=0.00s Real=0.01s
[544.297s][info][gc,start       ] GC(2023) Pause Young (Allocation Failure)
[544.309s][info][gc,heap        ] GC(2023) PSYoungGen: 111680K(222720K)->7072K(222720K) Eden: 111616K(111616K)->0K(111616K) From: 64K(111104K)->7072K(111104K)
[544.309s][info][gc,heap        ] GC(2023) ParOldGen: 469676K(667648K)->469692K(667648K)
[544.309s][info][gc,metaspace   ] GC(2023) Metaspace: 19095K(19264K)->19095K(19264K) NonClass: 16429K(16512K)->16429K(16512K) Class: 2666K(2752K)->2666K(2752K)
[544.309s][info][gc             ] GC(2023) Pause Young (Allocation Failure) 567M->465M(869M) 11.588ms
[544.309s][info][gc,cpu         ] GC(2023) User=0.02s Sys=0.00s Real=0.02s
[544.368s][info][gc,start       ] GC(2024) Pause Young (Allocation Failure)
[544.401s][info][gc,heap        ] GC(2024) PSYoungGen: 118688K(222720K)->40032K(222720K) Eden: 111616K(111616K)->0K(111616K) From: 7072K(111104K)->40032K(111104K)
[544.401s][info][gc,heap        ] GC(2024) ParOldGen: 469692K(667648K)->476799K(667648K)
[544.402s][info][gc,metaspace   ] GC(2024) Metaspace: 19095K(19264K)->19095K(19264K) NonClass: 16429K(16512K)->16429K(16512K) Class: 2666K(2752K)->2666K(2752K)
[544.402s][info][gc             ] GC(2024) Pause Young (Allocation Failure) 574M->504M(869M) 33.033ms
[544.402s][info][gc,cpu         ] GC(2024) User=0.07s Sys=0.00s Real=0.03s
[544.560s][info][gc,start       ] GC(2025) Pause Young (Allocation Failure)
[544.601s][info][gc,heap        ] GC(2025) PSYoungGen: 151648K(222720K)->22496K(134144K) Eden: 111616K(111616K)->0K(111616K) From: 40032K(111104K)->22496K(22528K)
[544.601s][info][gc,heap        ] GC(2025) ParOldGen: 476799K(667648K)->517263K(667648K)
[544.601s][info][gc,metaspace   ] GC(2025) Metaspace: 19095K(19264K)->19095K(19264K) NonClass: 16429K(16512K)->16429K(16512K) Class: 2666K(2752K)->2666K(2752K)
[544.602s][info][gc             ] GC(2025) Pause Young (Allocation Failure) 613M->527M(783M) 41.267ms
[544.602s][info][gc,cpu         ] GC(2025) User=0.08s Sys=0.00s Real=0.04s
[544.700s][info][gc,start       ] GC(2026) Pause Young (Allocation Failure)
[544.724s][info][gc,heap        ] GC(2026) PSYoungGen: 134112K(134144K)->24736K(214016K) Eden: 111616K(111616K)->0K(117760K) From: 22496K(22528K)->24736K(96256K)
[544.724s][info][gc,heap        ] GC(2026) ParOldGen: 517263K(667648K)->517263K(667648K)
[544.724s][info][gc,metaspace   ] GC(2026) Metaspace: 19095K(19264K)->19095K(19264K) NonClass: 16429K(16512K)->16429K(16512K) Class: 2666K(2752K)->2666K(2752K)
[544.724s][info][gc             ] GC(2026) Pause Young (Allocation Failure) 636M->529M(861M) 23.995ms
[544.724s][info][gc,cpu         ] GC(2026) User=0.04s Sys=0.01s Real=0.02s
[544.931s][info][gc,start       ] GC(2027) Pause Young (Allocation Failure)
[544.987s][info][gc,heap        ] GC(2027) PSYoungGen: 142496K(214016K)->41504K(215552K) Eden: 117760K(117760K)->0K(117760K) From: 24736K(96256K)->41504K(97792K)
[544.987s][info][gc,heap        ] GC(2027) ParOldGen: 517263K(667648K)->517263K(667648K)
[544.987s][info][gc,metaspace   ] GC(2027) Metaspace: 19095K(19264K)->19095K(19264K) NonClass: 16429K(16512K)->16429K(16512K) Class: 2666K(2752K)->2666K(2752K)
[544.987s][info][gc             ] GC(2027) Pause Young (Allocation Failure) 644M->545M(862M) 56.129ms
[544.987s][info][gc,cpu         ] GC(2027) User=0.11s Sys=0.00s Real=0.05s
[545.160s][info][gc,start       ] GC(2028) Pause Young (Allocation Failure)
[545.206s][info][gc,heap        ] GC(2028) PSYoungGen: 159264K(215552K)->41792K(217600K) Eden: 117760K(117760K)->0K(124416K) From: 41504K(97792K)->41792K(93184K)
[545.206s][info][gc,heap        ] GC(2028) ParOldGen: 517263K(667648K)->517263K(667648K)
[545.206s][info][gc,metaspace   ] GC(2028) Metaspace: 19095K(19264K)->19095K(19264K) NonClass: 16429K(16512K)->16429K(16512K) Class: 2666K(2752K)->2666K(2752K)
[545.207s][info][gc             ] GC(2028) Pause Young (Allocation Failure) 660M->545M(864M) 46.123ms
[545.207s][info][gc,cpu         ] GC(2028) User=0.09s Sys=0.00s Real=0.04s
[545.339s][info][gc,start       ] GC(2029) Pause Young (Allocation Failure)
[545.405s][info][gc,heap        ] GC(2029) PSYoungGen: 166208K(217600K)->68185K(219136K) Eden: 124416K(124416K)->0K(124416K) From: 41792K(93184K)->68185K(94720K)
[545.405s][info][gc,heap        ] GC(2029) ParOldGen: 517263K(667648K)->517263K(667648K)
[545.405s][info][gc,metaspace   ] GC(2029) Metaspace: 19095K(19264K)->19095K(19264K) NonClass: 16429K(16512K)->16429K(16512K) Class: 2666K(2752K)->2666K(2752K)
[545.405s][info][gc             ] GC(2029) Pause Young (Allocation Failure) 667M->571M(866M) 65.555ms
[545.405s][info][gc,cpu         ] GC(2029) User=0.12s Sys=0.00s Real=0.06s
[545.468s][info][gc,start       ] GC(2030) Pause Young (Allocation Failure)
[545.568s][info][gc,heap        ] GC(2030) PSYoungGen: 192601K(219136K)->102377K(214016K) Eden: 124416K(124416K)->0K(111616K) From: 68185K(94720K)->102377K(102400K)
[545.568s][info][gc,heap        ] GC(2030) ParOldGen: 517263K(667648K)->524759K(667648K)
[545.568s][info][gc,metaspace   ] GC(2030) Metaspace: 19095K(19264K)->19095K(19264K) NonClass: 16429K(16512K)->16429K(16512K) Class: 2666K(2752K)->2666K(2752K)
[545.568s][info][gc             ] GC(2030) Pause Young (Allocation Failure) 693M->612M(861M) 99.543ms
[545.568s][info][gc,cpu         ] GC(2030) User=0.18s Sys=0.02s Real=0.10s
[545.723s][info][gc,start       ] GC(2031) Pause Young (Allocation Failure)
[545.809s][info][gc,heap        ] GC(2031) PSYoungGen: 213993K(214016K)->80185K(222720K) Eden: 111616K(111616K)->0K(111616K) From: 102377K(102400K)->80185K(111104K)
[545.809s][info][gc,heap        ] GC(2031) ParOldGen: 524759K(667648K)->549638K(667648K)
[545.810s][info][gc,metaspace   ] GC(2031) Metaspace: 19095K(19264K)->19095K(19264K) NonClass: 16429K(16512K)->16429K(16512K) Class: 2666K(2752K)->2666K(2752K)
[545.810s][info][gc             ] GC(2031) Pause Young (Allocation Failure) 721M->615M(869M) 86.129ms
[545.810s][info][gc,cpu         ] GC(2031) User=0.17s Sys=0.00s Real=0.09s
[545.919s][info][gc,start       ] GC(2032) Pause Young (Allocation Failure)
[545.988s][info][gc,heap        ] GC(2032) PSYoungGen: 191801K(222720K)->64777K(222720K) Eden: 111616K(111616K)->0K(111616K) From: 80185K(111104K)->64777K(111104K)
[545.988s][info][gc,heap        ] GC(2032) ParOldGen: 549638K(667648K)->566742K(667648K)
[545.988s][info][gc,metaspace   ] GC(2032) Metaspace: 19095K(19264K)->19095K(19264K) NonClass: 16429K(16512K)->16429K(16512K) Class: 2666K(2752K)->2666K(2752K)
[545.988s][info][gc             ] GC(2032) Pause Young (Allocation Failure) 724M->616M(869M) 68.876ms
[545.988s][info][gc,cpu         ] GC(2032) User=0.13s Sys=0.00s Real=0.07s
[546.131s][info][gc,start       ] GC(2033) Pause Young (Allocation Failure)
[546.205s][info][gc,heap        ] GC(2033) PSYoungGen: 176393K(222720K)->20768K(222720K) Eden: 111616K(111616K)->0K(111616K) From: 64777K(111104K)->20768K(111104K)
[546.205s][info][gc,heap        ] GC(2033) ParOldGen: 566742K(667648K)->628063K(667648K)
[546.205s][info][gc,metaspace   ] GC(2033) Metaspace: 19095K(19264K)->19095K(19264K) NonClass: 16429K(16512K)->16429K(16512K) Class: 2666K(2752K)->2666K(2752K)
[546.205s][info][gc             ] GC(2033) Pause Young (Allocation Failure) 725M->633M(869M) 74.111ms
[546.206s][info][gc,cpu         ] GC(2033) User=0.14s Sys=0.00s Real=0.07s
[546.355s][info][gc,start       ] GC(2034) Pause Full (Allocation Failure)
[546.356s][info][gc,phases,start] GC(2034) Marking Phase
[546.674s][info][gc,phases      ] GC(2034) Marking Phase 318.587ms
[546.674s][info][gc,phases,start] GC(2034) Summary Phase
[546.674s][info][gc,phases      ] GC(2034) Summary Phase 0.025ms
[546.674s][info][gc,phases,start] GC(2034) Forward
[546.796s][info][gc,phases      ] GC(2034) Forward 121.511ms
[546.796s][info][gc,phases,start] GC(2034) Adjust Pointers
[547.056s][info][gc,phases      ] GC(2034) Adjust Pointers 259.993ms
[547.056s][info][gc,phases,start] GC(2034) Compaction Phase
[547.214s][info][gc,phases      ] GC(2034) Compaction Phase 157.782ms
[547.228s][info][gc,phases,start] GC(2034) Post Compact
[547.230s][info][gc,phases      ] GC(2034) Post Compact 2.188ms
[547.230s][info][gc,heap        ] GC(2034) PSYoungGen: 132384K(222720K)->0K(222720K) Eden: 111616K(111616K)->0K(111616K) From: 20768K(111104K)->0K(111104K)
[547.230s][info][gc,heap        ] GC(2034) ParOldGen: 628063K(667648K)->482198K(667648K)
[547.230s][info][gc,metaspace   ] GC(2034) Metaspace: 19095K(19264K)->19095K(19264K) NonClass: 16429K(16512K)->16429K(16512K) Class: 2666K(2752K)->2666K(2752K)
[547.230s][info][gc             ] GC(2034) Pause Full (Allocation Failure) 742M->470M(869M) 874.704ms
[547.230s][info][gc,cpu         ] GC(2034) User=1.65s Sys=0.00s Real=0.88s
[547.381s][info][gc,start       ] GC(2035) Pause Young (Allocation Failure)
[547.383s][info][gc,heap        ] GC(2035) PSYoungGen: 111616K(222720K)->64K(222720K) Eden: 111616K(111616K)->0K(111616K) From: 0K(111104K)->64K(111104K)
[547.383s][info][gc,heap        ] GC(2035) ParOldGen: 482198K(667648K)->482198K(667648K)
[547.383s][info][gc,metaspace   ] GC(2035) Metaspace: 19095K(19264K)->19095K(19264K) NonClass: 16429K(16512K)->16429K(16512K) Class: 2666K(2752K)->2666K(2752K)
[547.383s][info][gc             ] GC(2035) Pause Young (Allocation Failure) 579M->470M(869M) 1.588ms
[547.383s][info][gc,cpu         ] GC(2035) User=0.00s Sys=0.00s Real=0.00s
[547.528s][info][gc,start       ] GC(2036) Pause Young (Allocation Failure)
[547.530s][info][gc,heap        ] GC(2036) PSYoungGen: 111680K(222720K)->64K(222720K) Eden: 111616K(111616K)->0K(111616K) From: 64K(111104K)->64K(111104K)
[547.530s][info][gc,heap        ] GC(2036) ParOldGen: 482198K(667648K)->482206K(667648K)
[547.530s][info][gc,metaspace   ] GC(2036) Metaspace: 19095K(19264K)->19095K(19264K) NonClass: 16429K(16512K)->16429K(16512K) Class: 2666K(2752K)->2666K(2752K)
[547.530s][info][gc             ] GC(2036) Pause Young (Allocation Failure) 579M->470M(869M) 1.542ms
[547.530s][info][gc,cpu         ] GC(2036) User=0.00s Sys=0.00s Real=0.00s
[547.673s][info][gc,start       ] GC(2037) Pause Young (Allocation Failure)
[547.674s][info][gc,heap        ] GC(2037) PSYoungGen: 111680K(222720K)->64K(222720K) Eden: 111616K(111616K)->0K(111616K) From: 64K(111104K)->64K(111104K)
[547.674s][info][gc,heap        ] GC(2037) ParOldGen: 482206K(667648K)->482206K(667648K)
[547.674s][info][gc,metaspace   ] GC(2037) Metaspace: 19095K(19264K)->19095K(19264K) NonClass: 16429K(16512K)->16429K(16512K) Class: 2666K(2752K)->2666K(2752K)
[547.674s][info][gc             ] GC(2037) Pause Young (Allocation Failure) 579M->470M(869M) 1.548ms
[547.674s][info][gc,cpu         ] GC(2037) User=0.00s Sys=0.00s Real=0.00s
[547.816s][info][gc,start       ] GC(2038) Pause Young (Allocation Failure)
[547.817s][info][gc,heap        ] GC(2038) PSYoungGen: 111680K(222720K)->64K(222720K) Eden: 111616K(111616K)->0K(111616K) From: 64K(111104K)->64K(111104K)
[547.817s][info][gc,heap        ] GC(2038) ParOldGen: 482206K(667648K)->482206K(667648K)
[547.817s][info][gc,metaspace   ] GC(2038) Metaspace: 19095K(19264K)->19095K(19264K) NonClass: 16429K(16512K)->16429K(16512K) Class: 2666K(2752K)->2666K(2752K)
[547.817s][info][gc             ] GC(2038) Pause Young (Allocation Failure) 579M->470M(869M) 1.537ms
[547.817s][info][gc,cpu         ] GC(2038) User=0.00s Sys=0.00s Real=0.00s
[547.958s][info][gc,start       ] GC(2039) Pause Young (Allocation Failure)
[547.959s][info][gc,heap        ] GC(2039) PSYoungGen: 111680K(222720K)->64K(222720K) Eden: 111616K(111616K)->0K(111616K) From: 64K(111104K)->64K(111104K)
[547.959s][info][gc,heap        ] GC(2039) ParOldGen: 482206K(667648K)->482206K(667648K)
[547.959s][info][gc,metaspace   ] GC(2039) Metaspace: 19095K(19264K)->19095K(19264K) NonClass: 16429K(16512K)->16429K(16512K) Class: 2666K(2752K)->2666K(2752K)
[547.959s][info][gc             ] GC(2039) Pause Young (Allocation Failure) 579M->470M(869M) 1.568ms
[547.959s][info][gc,cpu         ] GC(2039) User=0.01s Sys=0.00s Real=0.00s
[548.072s][info][gc,start       ] GC(2040) Pause Young (Allocation Failure)
[548.090s][info][gc,heap        ] GC(2040) PSYoungGen: 111680K(222720K)->14720K(213504K) Eden: 111616K(111616K)->0K(111616K) From: 64K(111104K)->14720K(101888K)
[548.090s][info][gc,heap        ] GC(2040) ParOldGen: 482206K(667648K)->482206K(667648K)
[548.090s][info][gc,metaspace   ] GC(2040) Metaspace: 19095K(19264K)->19095K(19264K) NonClass: 16429K(16512K)->16429K(16512K) Class: 2666K(2752K)->2666K(2752K)
[548.090s][info][gc             ] GC(2040) Pause Young (Allocation Failure) 579M->485M(860M) 17.577ms
[548.090s][info][gc,cpu         ] GC(2040) User=0.03s Sys=0.00s Real=0.02s
[548.196s][info][gc,start       ] GC(2041) Pause Young (Allocation Failure)
[548.228s][info][gc,heap        ] GC(2041) PSYoungGen: 126336K(213504K)->31360K(218112K) Eden: 111616K(111616K)->0K(111616K) From: 14720K(101888K)->31360K(106496K)
[548.228s][info][gc,heap        ] GC(2041) ParOldGen: 482206K(667648K)->482206K(667648K)
[548.228s][info][gc,metaspace   ] GC(2041) Metaspace: 19095K(19264K)->19095K(19264K) NonClass: 16429K(16512K)->16429K(16512K) Class: 2666K(2752K)->2666K(2752K)
[548.228s][info][gc             ] GC(2041) Pause Young (Allocation Failure) 594M->501M(865M) 31.829ms
[548.228s][info][gc,cpu         ] GC(2041) User=0.07s Sys=0.00s Real=0.04s
[548.313s][info][gc,start       ] GC(2042) Pause Young (Allocation Failure)
[548.348s][info][gc,heap        ] GC(2042) PSYoungGen: 142976K(218112K)->35136K(212992K) Eden: 111616K(111616K)->0K(118784K) From: 31360K(106496K)->35136K(94208K)
[548.348s][info][gc,heap        ] GC(2042) ParOldGen: 482206K(667648K)->482206K(667648K)
[548.348s][info][gc,metaspace   ] GC(2042) Metaspace: 19095K(19264K)->19095K(19264K) NonClass: 16429K(16512K)->16429K(16512K) Class: 2666K(2752K)->2666K(2752K)
[548.348s][info][gc             ] GC(2042) Pause Young (Allocation Failure) 610M->505M(860M) 35.554ms
[548.348s][info][gc,cpu         ] GC(2042) User=0.06s Sys=0.00s Real=0.04s
[548.453s][info][gc,start       ] GC(2043) Pause Young (Allocation Failure)
[548.489s][info][gc,heap        ] GC(2043) PSYoungGen: 153920K(212992K)->36448K(215552K) Eden: 118784K(118784K)->0K(118784K) From: 35136K(94208K)->36448K(96768K)
[548.489s][info][gc,heap        ] GC(2043) ParOldGen: 482206K(667648K)->482206K(667648K)
[548.489s][info][gc,metaspace   ] GC(2043) Metaspace: 19095K(19264K)->19095K(19264K) NonClass: 16429K(16512K)->16429K(16512K) Class: 2666K(2752K)->2666K(2752K)
[548.489s][info][gc             ] GC(2043) Pause Young (Allocation Failure) 621M->506M(862M) 36.629ms
[548.489s][info][gc,cpu         ] GC(2043) User=0.07s Sys=0.00s Real=0.04s
[548.616s][info][gc,start       ] GC(2044) Pause Young (Allocation Failure)
[548.660s][info][gc,heap        ] GC(2044) PSYoungGen: 155232K(215552K)->39840K(218112K) Eden: 118784K(118784K)->0K(127488K) From: 36448K(96768K)->39840K(90624K)
[548.660s][info][gc,heap        ] GC(2044) ParOldGen: 482206K(667648K)->482206K(667648K)
[548.660s][info][gc,metaspace   ] GC(2044) Metaspace: 19095K(19264K)->19095K(19264K) NonClass: 16429K(16512K)->16429K(16512K) Class: 2666K(2752K)->2666K(2752K)
[548.660s][info][gc             ] GC(2044) Pause Young (Allocation Failure) 622M->509M(865M) 43.756ms
[548.660s][info][gc,cpu         ] GC(2044) User=0.08s Sys=0.00s Real=0.05s
[548.768s][info][gc,start       ] GC(2045) Pause Young (Allocation Failure)
[548.809s][info][gc,heap        ] GC(2045) PSYoungGen: 167328K(218112K)->39904K(219136K) Eden: 127488K(127488K)->0K(127488K) From: 39840K(90624K)->39904K(91648K)
[548.809s][info][gc,heap        ] GC(2045) ParOldGen: 482206K(667648K)->482206K(667648K)
[548.809s][info][gc,metaspace   ] GC(2045) Metaspace: 19095K(19264K)->19095K(19264K) NonClass: 16429K(16512K)->16429K(16512K) Class: 2666K(2752K)->2666K(2752K)
[548.809s][info][gc             ] GC(2045) Pause Young (Allocation Failure) 634M->509M(866M) 40.873ms
[548.809s][info][gc,cpu         ] GC(2045) User=0.08s Sys=0.00s Real=0.04s
[548.963s][info][gc,start       ] GC(2046) Pause Young (Allocation Failure)
[549.011s][info][gc,heap        ] GC(2046) PSYoungGen: 167392K(219136K)->48640K(225280K) Eden: 127488K(127488K)->0K(136192K) From: 39904K(91648K)->48640K(89088K)
[549.011s][info][gc,heap        ] GC(2046) ParOldGen: 482206K(667648K)->482206K(667648K)
[549.011s][info][gc,metaspace   ] GC(2046) Metaspace: 19095K(19264K)->19095K(19264K) NonClass: 16429K(16512K)->16429K(16512K) Class: 2666K(2752K)->2666K(2752K)
[549.011s][info][gc             ] GC(2046) Pause Young (Allocation Failure) 634M->518M(872M) 48.239ms
[549.011s][info][gc,cpu         ] GC(2046) User=0.10s Sys=0.00s Real=0.05s
[549.153s][info][gc,start       ] GC(2047) Pause Young (Allocation Failure)
[549.218s][info][gc,heap        ] GC(2047) PSYoungGen: 184832K(225280K)->66112K(226304K) Eden: 136192K(136192K)->0K(136192K) From: 48640K(89088K)->66112K(90112K)
[549.218s][info][gc,heap        ] GC(2047) ParOldGen: 482206K(667648K)->482206K(667648K)
[549.218s][info][gc,metaspace   ] GC(2047) Metaspace: 19095K(19264K)->19095K(19264K) NonClass: 16429K(16512K)->16429K(16512K) Class: 2666K(2752K)->2666K(2752K)
[549.218s][info][gc             ] GC(2047) Pause Young (Allocation Failure) 651M->535M(873M) 65.599ms
[549.218s][info][gc,cpu         ] GC(2047) User=0.13s Sys=0.00s Real=0.07s
[549.412s][info][gc,start       ] GC(2048) Pause Young (Allocation Failure)
[549.518s][info][gc,heap        ] GC(2048) PSYoungGen: 202304K(226304K)->94704K(208896K) Eden: 136192K(136192K)->0K(111616K) From: 66112K(90112K)->94704K(97280K)
[549.518s][info][gc,heap        ] GC(2048) ParOldGen: 482206K(667648K)->482206K(667648K)
[549.518s][info][gc,metaspace   ] GC(2048) Metaspace: 19095K(19264K)->19095K(19264K) NonClass: 16429K(16512K)->16429K(16512K) Class: 2666K(2752K)->2666K(2752K)
[549.518s][info][gc             ] GC(2048) Pause Young (Allocation Failure) 668M->563M(856M) 106.725ms
[549.518s][info][gc,cpu         ] GC(2048) User=0.20s Sys=0.01s Real=0.11s
[549.633s][info][gc,start       ] GC(2049) Pause Young (Allocation Failure)
[549.728s][info][gc,heap        ] GC(2049) PSYoungGen: 206320K(208896K)->67440K(222720K) Eden: 111616K(111616K)->0K(111616K) From: 94704K(97280K)->67440K(111104K)
[549.728s][info][gc,heap        ] GC(2049) ParOldGen: 482206K(667648K)->513614K(667648K)
[549.728s][info][gc,metaspace   ] GC(2049) Metaspace: 19095K(19264K)->19095K(19264K) NonClass: 16429K(16512K)->16429K(16512K) Class: 2666K(2752K)->2666K(2752K)
[549.728s][info][gc             ] GC(2049) Pause Young (Allocation Failure) 672M->567M(869M) 94.552ms
[549.728s][info][gc,cpu         ] GC(2049) User=0.19s Sys=0.00s Real=0.10s
[549.853s][info][gc,start       ] GC(2050) Pause Young (Allocation Failure)
[549.922s][info][gc,heap        ] GC(2050) PSYoungGen: 179056K(222720K)->63584K(222720K) Eden: 111616K(111616K)->0K(111616K) From: 67440K(111104K)->63584K(111104K)
[549.922s][info][gc,heap        ] GC(2050) ParOldGen: 513614K(667648K)->518686K(667648K)
[549.922s][info][gc,metaspace   ] GC(2050) Metaspace: 19095K(19264K)->19095K(19264K) NonClass: 16429K(16512K)->16429K(16512K) Class: 2666K(2752K)->2666K(2752K)
[549.922s][info][gc             ] GC(2050) Pause Young (Allocation Failure) 676M->568M(869M) 69.219ms
[549.922s][info][gc,cpu         ] GC(2050) User=0.14s Sys=0.00s Real=0.07s
[550.047s][info][gc,start       ] GC(2051) Pause Young (Allocation Failure)
[550.113s][info][gc,heap        ] GC(2051) PSYoungGen: 175200K(222720K)->63488K(222720K) Eden: 111616K(111616K)->0K(111616K) From: 63584K(111104K)->63488K(111104K)
[550.113s][info][gc,heap        ] GC(2051) ParOldGen: 518686K(667648K)->522190K(667648K)
[550.113s][info][gc,metaspace   ] GC(2051) Metaspace: 19095K(19264K)->19095K(19264K) NonClass: 16429K(16512K)->16429K(16512K) Class: 2666K(2752K)->2666K(2752K)
[550.113s][info][gc             ] GC(2051) Pause Young (Allocation Failure) 677M->571M(869M) 65.473ms
[550.113s][info][gc,cpu         ] GC(2051) User=0.13s Sys=0.00s Real=0.07s
[550.242s][info][gc,start       ] GC(2052) Pause Young (Allocation Failure)
[550.306s][info][gc,heap        ] GC(2052) PSYoungGen: 175104K(222720K)->39968K(220672K) Eden: 111616K(111616K)->0K(111616K) From: 63488K(111104K)->39968K(109056K)
[550.306s][info][gc,heap        ] GC(2052) ParOldGen: 522190K(667648K)->548446K(667648K)
[550.306s][info][gc,metaspace   ] GC(2052) Metaspace: 19095K(19264K)->19095K(19264K) NonClass: 16429K(16512K)->16429K(16512K) Class: 2666K(2752K)->2666K(2752K)
[550.306s][info][gc             ] GC(2052) Pause Young (Allocation Failure) 680M->574M(867M) 64.040ms
[550.307s][info][gc,cpu         ] GC(2052) User=0.13s Sys=0.00s Real=0.06s
[550.452s][info][gc,start       ] GC(2053) Pause Young (Allocation Failure)
[550.508s][info][gc,heap        ] GC(2053) PSYoungGen: 151584K(220672K)->58160K(221696K) Eden: 111616K(111616K)->0K(111616K) From: 39968K(109056K)->58160K(110080K)
[550.508s][info][gc,heap        ] GC(2053) ParOldGen: 548446K(667648K)->548446K(667648K)
[550.508s][info][gc,metaspace   ] GC(2053) Metaspace: 19095K(19264K)->19095K(19264K) NonClass: 16429K(16512K)->16429K(16512K) Class: 2666K(2752K)->2666K(2752K)
[550.508s][info][gc             ] GC(2053) Pause Young (Allocation Failure) 683M->592M(868M) 55.667ms
[550.508s][info][gc,cpu         ] GC(2053) User=0.11s Sys=0.00s Real=0.06s
[550.728s][info][gc,start       ] GC(2054) Pause Young (Allocation Failure)
[550.787s][info][gc,heap        ] GC(2054) PSYoungGen: 169776K(221696K)->60672K(221696K) Eden: 111616K(111616K)->0K(115712K) From: 58160K(110080K)->60672K(105984K)
[550.787s][info][gc,heap        ] GC(2054) ParOldGen: 548446K(667648K)->548446K(667648K)
[550.787s][info][gc,metaspace   ] GC(2054) Metaspace: 19095K(19264K)->19095K(19264K) NonClass: 16429K(16512K)->16429K(16512K) Class: 2666K(2752K)->2666K(2752K)
[550.787s][info][gc             ] GC(2054) Pause Young (Allocation Failure) 701M->594M(868M) 58.400ms
[550.787s][info][gc,cpu         ] GC(2054) User=0.11s Sys=0.00s Real=0.05s
[551.100s][info][gc,start       ] GC(2055) Pause Young (Allocation Failure)
[551.156s][info][gc,heap        ] GC(2055) PSYoungGen: 176384K(221696K)->60736K(222208K) Eden: 115712K(115712K)->0K(115712K) From: 60672K(105984K)->60736K(106496K)
[551.156s][info][gc,heap        ] GC(2055) ParOldGen: 548446K(667648K)->548446K(667648K)
[551.156s][info][gc,metaspace   ] GC(2055) Metaspace: 19095K(19264K)->19095K(19264K) NonClass: 16429K(16512K)->16429K(16512K) Class: 2666K(2752K)->2666K(2752K)
[551.156s][info][gc             ] GC(2055) Pause Young (Allocation Failure) 707M->594M(869M) 56.569ms
[551.156s][info][gc,cpu         ] GC(2055) User=0.11s Sys=0.00s Real=0.05s
[551.437s][info][gc,start       ] GC(2056) Pause Young (Allocation Failure)
[551.494s][info][gc,heap        ] GC(2056) PSYoungGen: 176448K(222208K)->60752K(225280K) Eden: 115712K(115712K)->0K(122368K) From: 60736K(106496K)->60752K(102912K)
[551.494s][info][gc,heap        ] GC(2056) ParOldGen: 548446K(667648K)->548446K(667648K)
[551.494s][info][gc,metaspace   ] GC(2056) Metaspace: 19095K(19264K)->19095K(19264K) NonClass: 16429K(16512K)->16429K(16512K) Class: 2666K(2752K)->2666K(2752K)
[551.494s][info][gc             ] GC(2056) Pause Young (Allocation Failure) 707M->594M(872M) 56.938ms
[551.494s][info][gc,cpu         ] GC(2056) User=0.12s Sys=0.00s Real=0.06s
[551.763s][info][gc,start       ] GC(2057) Pause Young (Allocation Failure)
[551.825s][info][gc,heap        ] GC(2057) PSYoungGen: 183120K(225280K)->60784K(225792K) Eden: 122368K(122368K)->0K(122368K) From: 60752K(102912K)->60784K(103424K)
[551.825s][info][gc,heap        ] GC(2057) ParOldGen: 548446K(667648K)->548446K(667648K)
[551.825s][info][gc,metaspace   ] GC(2057) Metaspace: 19095K(19264K)->19095K(19264K) NonClass: 16429K(16512K)->16429K(16512K) Class: 2666K(2752K)->2666K(2752K)
[551.825s][info][gc             ] GC(2057) Pause Young (Allocation Failure) 714M->594M(872M) 62.327ms
[551.825s][info][gc,cpu         ] GC(2057) User=0.12s Sys=0.00s Real=0.06s
[552.078s][info][gc,start       ] GC(2058) Pause Young (Allocation Failure)
[552.141s][info][gc,heap        ] GC(2058) PSYoungGen: 183152K(225792K)->60784K(227328K) Eden: 122368K(122368K)->0K(128512K) From: 60784K(103424K)->60784K(98816K)
[552.141s][info][gc,heap        ] GC(2058) ParOldGen: 548446K(667648K)->548446K(667648K)
[552.141s][info][gc,metaspace   ] GC(2058) Metaspace: 19095K(19264K)->19095K(19264K) NonClass: 16429K(16512K)->16429K(16512K) Class: 2666K(2752K)->2666K(2752K)
[552.141s][info][gc             ] GC(2058) Pause Young (Allocation Failure) 714M->594M(874M) 62.926ms
[552.141s][info][gc,cpu         ] GC(2058) User=0.12s Sys=0.00s Real=0.06s
[552.458s][info][gc,start       ] GC(2059) Pause Young (Allocation Failure)
[552.515s][info][gc,heap        ] GC(2059) PSYoungGen: 189296K(227328K)->60928K(228352K) Eden: 128512K(128512K)->0K(128512K) From: 60784K(98816K)->60928K(99840K)
[552.515s][info][gc,heap        ] GC(2059) ParOldGen: 548446K(667648K)->548446K(667648K)
[552.515s][info][gc,metaspace   ] GC(2059) Metaspace: 19095K(19264K)->19095K(19264K) NonClass: 16429K(16512K)->16429K(16512K) Class: 2666K(2752K)->2666K(2752K)
[552.515s][info][gc             ] GC(2059) Pause Young (Allocation Failure) 720M->595M(875M) 56.897ms
[552.515s][info][gc,cpu         ] GC(2059) User=0.11s Sys=0.00s Real=0.05s
[552.712s][info][gc,start       ] GC(2060) Pause Young (Allocation Failure)
[552.780s][info][gc,heap        ] GC(2060) PSYoungGen: 189440K(228352K)->76800K(227328K) Eden: 128512K(128512K)->0K(129024K) From: 60928K(99840K)->76800K(98304K)
[552.780s][info][gc,heap        ] GC(2060) ParOldGen: 548446K(667648K)->548446K(667648K)
[552.780s][info][gc,metaspace   ] GC(2060) Metaspace: 19095K(19264K)->19095K(19264K) NonClass: 16429K(16512K)->16429K(16512K) Class: 2666K(2752K)->2666K(2752K)
[552.780s][info][gc             ] GC(2060) Pause Young (Allocation Failure) 720M->610M(874M) 68.213ms
[552.780s][info][gc,cpu         ] GC(2060) User=0.13s Sys=0.01s Real=0.07s
[552.850s][info][gc,start       ] GC(2061) Pause Young (Allocation Failure)
[552.962s][info][gc,heap        ] GC(2061) PSYoungGen: 205824K(227328K)->102368K(231424K) Eden: 129024K(129024K)->0K(129024K) From: 76800K(98304K)->102368K(102400K)
[552.962s][info][gc,heap        ] GC(2061) ParOldGen: 548446K(667648K)->569462K(667648K)
[552.962s][info][gc,metaspace   ] GC(2061) Metaspace: 19095K(19264K)->19095K(19264K) NonClass: 16429K(16512K)->16429K(16512K) Class: 2666K(2752K)->2666K(2752K)
[552.962s][info][gc             ] GC(2061) Pause Young (Allocation Failure) 736M->656M(878M) 112.029ms
[552.962s][info][gc,cpu         ] GC(2061) User=0.22s Sys=0.00s Real=0.11s
[553.150s][info][gc,start       ] GC(2062) Pause Young (Allocation Failure)
[553.248s][info][gc,heap        ] GC(2062) PSYoungGen: 231392K(231424K)->80416K(214016K) Eden: 129024K(129024K)->0K(111616K) From: 102368K(102400K)->80416K(102400K)
[553.248s][info][gc,heap        ] GC(2062) ParOldGen: 569462K(667648K)->602182K(667648K)
[553.248s][info][gc,metaspace   ] GC(2062) Metaspace: 19095K(19264K)->19095K(19264K) NonClass: 16429K(16512K)->16429K(16512K) Class: 2666K(2752K)->2666K(2752K)
[553.248s][info][gc             ] GC(2062) Pause Young (Allocation Failure) 782M->666M(861M) 98.235ms
[553.248s][info][gc,cpu         ] GC(2062) User=0.20s Sys=0.00s Real=0.10s
[553.408s][info][gc,start       ] GC(2063) Pause Young (Allocation Failure)
[553.495s][info][gc,heap        ] GC(2063) PSYoungGen: 191444K(214016K)->86928K(222720K) Eden: 111027K(111616K)->0K(111616K) From: 80416K(102400K)->86928K(111104K)
[553.495s][info][gc,heap        ] GC(2063) ParOldGen: 602182K(667648K)->606790K(667648K)
[553.495s][info][gc,metaspace   ] GC(2063) Metaspace: 19106K(19328K)->19106K(19328K) NonClass: 16440K(16576K)->16440K(16576K) Class: 2666K(2752K)->2666K(2752K)
[553.495s][info][gc             ] GC(2063) Pause Young (Allocation Failure) 775M->677M(869M) 86.778ms
[553.495s][info][gc,cpu         ] GC(2063) User=0.18s Sys=0.00s Real=0.08s
[553.686s][info][gc,start       ] GC(2064) Pause Young (Allocation Failure)
[553.785s][info][gc,heap        ] GC(2064) PSYoungGen: 198544K(222720K)->73206K(222720K) Eden: 111616K(111616K)->0K(111616K) From: 86928K(111104K)->73206K(111104K)
[553.785s][info][gc,heap        ] GC(2064) ParOldGen: 606790K(667648K)->627711K(667648K)
[553.785s][info][gc,metaspace   ] GC(2064) Metaspace: 19106K(19328K)->19106K(19328K) NonClass: 16440K(16576K)->16440K(16576K) Class: 2666K(2752K)->2666K(2752K)
[553.785s][info][gc             ] GC(2064) Pause Young (Allocation Failure) 786M->684M(869M) 99.163ms
[553.785s][info][gc,cpu         ] GC(2064) User=0.19s Sys=0.00s Real=0.10s
[553.983s][info][gc,start       ] GC(2065) Pause Full (Allocation Failure)
[553.983s][info][gc,phases,start] GC(2065) Marking Phase
[554.183s][info][gc,phases      ] GC(2065) Marking Phase 199.704ms
[554.183s][info][gc,phases,start] GC(2065) Summary Phase
[554.183s][info][gc,phases      ] GC(2065) Summary Phase 0.025ms
[554.183s][info][gc,phases,start] GC(2065) Forward
[554.269s][info][gc,phases      ] GC(2065) Forward 86.110ms
[554.269s][info][gc,phases,start] GC(2065) Adjust Pointers
[554.424s][info][gc,phases      ] GC(2065) Adjust Pointers 155.478ms
[554.424s][info][gc,phases,start] GC(2065) Compaction Phase
[554.515s][info][gc,phases      ] GC(2065) Compaction Phase 90.194ms
[554.524s][info][gc,phases,start] GC(2065) Post Compact
[554.526s][info][gc,phases      ] GC(2065) Post Compact 2.347ms
[554.530s][info][gc,heap        ] GC(2065) PSYoungGen: 184822K(222720K)->0K(222720K) Eden: 111616K(111616K)->0K(111616K) From: 73206K(111104K)->0K(111104K)
[554.530s][info][gc,heap        ] GC(2065) ParOldGen: 627711K(667648K)->296770K(616960K)
[554.530s][info][gc,metaspace   ] GC(2065) Metaspace: 19106K(19328K)->19106K(19328K) NonClass: 16440K(16576K)->16440K(16576K) Class: 2666K(2752K)->2666K(2752K)
[554.530s][info][gc             ] GC(2065) Pause Full (Allocation Failure) 793M->289M(820M) 547.097ms
[554.530s][info][gc,cpu         ] GC(2065) User=0.98s Sys=0.00s Real=0.55s
[554.700s][info][gc,start       ] GC(2066) Pause Young (Allocation Failure)
[554.706s][info][gc,heap        ] GC(2066) PSYoungGen: 111616K(222720K)->5904K(222720K) Eden: 111616K(111616K)->0K(111616K) From: 0K(111104K)->5904K(111104K)
[554.706s][info][gc,heap        ] GC(2066) ParOldGen: 296770K(616960K)->296770K(616960K)
[554.706s][info][gc,metaspace   ] GC(2066) Metaspace: 19106K(19328K)->19106K(19328K) NonClass: 16440K(16576K)->16440K(16576K) Class: 2666K(2752K)->2666K(2752K)
[554.706s][info][gc             ] GC(2066) Pause Young (Allocation Failure) 398M->295M(820M) 5.908ms
[554.706s][info][gc,cpu         ] GC(2066) User=0.01s Sys=0.00s Real=0.00s
[554.767s][info][gc,start       ] GC(2067) Pause Young (Allocation Failure)
[554.797s][info][gc,heap        ] GC(2067) PSYoungGen: 117520K(222720K)->41232K(222720K) Eden: 111616K(111616K)->0K(111616K) From: 5904K(111104K)->41232K(111104K)
[554.797s][info][gc,heap        ] GC(2067) ParOldGen: 296770K(616960K)->296770K(616960K)
[554.797s][info][gc,metaspace   ] GC(2067) Metaspace: 19106K(19328K)->19106K(19328K) NonClass: 16440K(16576K)->16440K(16576K) Class: 2666K(2752K)->2666K(2752K)
[554.797s][info][gc             ] GC(2067) Pause Young (Allocation Failure) 404M->330M(820M) 30.101ms
[554.797s][info][gc,cpu         ] GC(2067) User=0.06s Sys=0.00s Real=0.04s
[554.860s][info][gc,start       ] GC(2068) Pause Young (Allocation Failure)
[554.912s][info][gc,heap        ] GC(2068) PSYoungGen: 152848K(222720K)->78256K(222720K) Eden: 111616K(111616K)->0K(111616K) From: 41232K(111104K)->78256K(111104K)
[554.913s][info][gc,heap        ] GC(2068) ParOldGen: 296770K(616960K)->296770K(616960K)
[554.913s][info][gc,metaspace   ] GC(2068) Metaspace: 19106K(19328K)->19106K(19328K) NonClass: 16440K(16576K)->16440K(16576K) Class: 2666K(2752K)->2666K(2752K)
[554.913s][info][gc             ] GC(2068) Pause Young (Allocation Failure) 439M->366M(820M) 52.610ms
[554.913s][info][gc,cpu         ] GC(2068) User=0.10s Sys=0.00s Real=0.05s
[555.062s][info][gc,start       ] GC(2069) Pause Young (Allocation Failure)
[555.108s][info][gc,heap        ] GC(2069) PSYoungGen: 189872K(222720K)->79392K(222720K) Eden: 111616K(111616K)->0K(111616K) From: 78256K(111104K)->79392K(111104K)
[555.108s][info][gc,heap        ] GC(2069) ParOldGen: 296770K(616960K)->296770K(616960K)
[555.108s][info][gc,metaspace   ] GC(2069) Metaspace: 19106K(19328K)->19106K(19328K) NonClass: 16440K(16576K)->16440K(16576K) Class: 2666K(2752K)->2666K(2752K)
[555.108s][info][gc             ] GC(2069) Pause Young (Allocation Failure) 475M->367M(820M) 45.962ms
[555.108s][info][gc,cpu         ] GC(2069) User=0.09s Sys=0.00s Real=0.05s
[555.226s][info][gc,start       ] GC(2070) Pause Young (Allocation Failure)
[555.273s][info][gc,heap        ] GC(2070) PSYoungGen: 191008K(222720K)->79456K(222720K) Eden: 111616K(111616K)->0K(111616K) From: 79392K(111104K)->79456K(111104K)
[555.273s][info][gc,heap        ] GC(2070) ParOldGen: 296770K(616960K)->296770K(616960K)
[555.273s][info][gc,metaspace   ] GC(2070) Metaspace: 19106K(19328K)->19106K(19328K) NonClass: 16440K(16576K)->16440K(16576K) Class: 2666K(2752K)->2666K(2752K)
[555.273s][info][gc             ] GC(2070) Pause Young (Allocation Failure) 476M->367M(820M) 46.693ms
[555.273s][info][gc,cpu         ] GC(2070) User=0.09s Sys=0.00s Real=0.05s
[555.391s][info][gc,start       ] GC(2071) Pause Young (Allocation Failure)
[555.436s][info][gc,heap        ] GC(2071) PSYoungGen: 191072K(222720K)->73696K(222720K) Eden: 111616K(111616K)->0K(111616K) From: 79456K(111104K)->73696K(111104K)
[555.437s][info][gc,heap        ] GC(2071) ParOldGen: 296770K(616960K)->302682K(616960K)
[555.437s][info][gc,metaspace   ] GC(2071) Metaspace: 19106K(19328K)->19106K(19328K) NonClass: 16440K(16576K)->16440K(16576K) Class: 2666K(2752K)->2666K(2752K)
[555.437s][info][gc             ] GC(2071) Pause Young (Allocation Failure) 476M->367M(820M) 46.028ms
[555.437s][info][gc,cpu         ] GC(2071) User=0.09s Sys=0.00s Real=0.04s
[555.554s][info][gc,start       ] GC(2072) Pause Young (Allocation Failure)
[555.599s][info][gc,heap        ] GC(2072) PSYoungGen: 185312K(222720K)->1440K(222720K) Eden: 111616K(111616K)->0K(111616K) From: 73696K(111104K)->1440K(111104K)
[555.599s][info][gc,heap        ] GC(2072) ParOldGen: 302682K(616960K)->375706K(616960K)
[555.599s][info][gc,metaspace   ] GC(2072) Metaspace: 19106K(19328K)->19106K(19328K) NonClass: 16440K(16576K)->16440K(16576K) Class: 2666K(2752K)->2666K(2752K)
[555.599s][info][gc             ] GC(2072) Pause Young (Allocation Failure) 476M->368M(820M) 44.847ms
[555.599s][info][gc,cpu         ] GC(2072) User=0.09s Sys=0.01s Real=0.05s
[555.717s][info][gc,start       ] GC(2073) Pause Young (Allocation Failure)
[555.722s][info][gc,heap        ] GC(2073) PSYoungGen: 113056K(222720K)->320K(222720K) Eden: 111616K(111616K)->0K(111616K) From: 1440K(111104K)->320K(111104K)
[555.722s][info][gc,heap        ] GC(2073) ParOldGen: 375706K(616960K)->376914K(616960K)
[555.722s][info][gc,metaspace   ] GC(2073) Metaspace: 19106K(19328K)->19106K(19328K) NonClass: 16440K(16576K)->16440K(16576K) Class: 2666K(2752K)->2666K(2752K)
[555.722s][info][gc             ] GC(2073) Pause Young (Allocation Failure) 477M->368M(820M) 4.815ms
[555.722s][info][gc,cpu         ] GC(2073) User=0.01s Sys=0.00s Real=0.00s
[555.838s][info][gc,start       ] GC(2074) Pause Young (Allocation Failure)
[555.840s][info][gc,heap        ] GC(2074) PSYoungGen: 111936K(222720K)->192K(222720K) Eden: 111616K(111616K)->0K(111616K) From: 320K(111104K)->192K(111104K)
[555.840s][info][gc,heap        ] GC(2074) ParOldGen: 376914K(616960K)->377146K(616960K)
[555.840s][info][gc,metaspace   ] GC(2074) Metaspace: 19106K(19328K)->19106K(19328K) NonClass: 16440K(16576K)->16440K(16576K) Class: 2666K(2752K)->2666K(2752K)
[555.840s][info][gc             ] GC(2074) Pause Young (Allocation Failure) 477M->368M(820M) 1.971ms
[555.840s][info][gc,cpu         ] GC(2074) User=0.00s Sys=0.00s Real=0.00s
[555.953s][info][gc,start       ] GC(2075) Pause Young (Allocation Failure)
[555.955s][info][gc,heap        ] GC(2075) PSYoungGen: 111808K(222720K)->128K(222720K) Eden: 111616K(111616K)->0K(111616K) From: 192K(111104K)->128K(111104K)
[555.955s][info][gc,heap        ] GC(2075) ParOldGen: 377146K(616960K)->377298K(616960K)
[555.955s][info][gc,metaspace   ] GC(2075) Metaspace: 19106K(19328K)->19106K(19328K) NonClass: 16440K(16576K)->16440K(16576K) Class: 2666K(2752K)->2666K(2752K)
[555.955s][info][gc             ] GC(2075) Pause Young (Allocation Failure) 477M->368M(820M) 1.891ms
[555.955s][info][gc,cpu         ] GC(2075) User=0.00s Sys=0.00s Real=0.00s
[556.067s][info][gc,start       ] GC(2076) Pause Young (Allocation Failure)
[556.069s][info][gc,heap        ] GC(2076) PSYoungGen: 111744K(222720K)->96K(222720K) Eden: 111616K(111616K)->0K(111616K) From: 128K(111104K)->96K(111104K)
[556.069s][info][gc,heap        ] GC(2076) ParOldGen: 377298K(616960K)->377402K(616960K)
[556.069s][info][gc,metaspace   ] GC(2076) Metaspace: 19106K(19328K)->19106K(19328K) NonClass: 16440K(16576K)->16440K(16576K) Class: 2666K(2752K)->2666K(2752K)
[556.069s][info][gc             ] GC(2076) Pause Young (Allocation Failure) 477M->368M(820M) 1.828ms
[556.069s][info][gc,cpu         ] GC(2076) User=0.00s Sys=0.00s Real=0.01s
[556.181s][info][gc,start       ] GC(2077) Pause Young (Allocation Failure)
[556.183s][info][gc,heap        ] GC(2077) PSYoungGen: 111712K(222720K)->96K(222720K) Eden: 111616K(111616K)->0K(111616K) From: 96K(111104K)->96K(111104K)
[556.183s][info][gc,heap        ] GC(2077) ParOldGen: 377402K(616960K)->377498K(616960K)
[556.183s][info][gc,metaspace   ] GC(2077) Metaspace: 19106K(19328K)->19106K(19328K) NonClass: 16440K(16576K)->16440K(16576K) Class: 2666K(2752K)->2666K(2752K)
[556.183s][info][gc             ] GC(2077) Pause Young (Allocation Failure) 477M->368M(820M) 1.730ms
[556.183s][info][gc,cpu         ] GC(2077) User=0.00s Sys=0.00s Real=0.00s
[556.310s][info][gc,start       ] GC(2078) Pause Young (Allocation Failure)
[556.316s][info][gc,heap        ] GC(2078) PSYoungGen: 111712K(222720K)->2016K(222720K) Eden: 111616K(111616K)->0K(111616K) From: 96K(111104K)->2016K(111104K)
[556.316s][info][gc,heap        ] GC(2078) ParOldGen: 377498K(616960K)->377554K(616960K)
[556.316s][info][gc,metaspace   ] GC(2078) Metaspace: 19106K(19328K)->19106K(19328K) NonClass: 16440K(16576K)->16440K(16576K) Class: 2666K(2752K)->2666K(2752K)
[556.316s][info][gc             ] GC(2078) Pause Young (Allocation Failure) 477M->370M(820M) 5.616ms
[556.316s][info][gc,cpu         ] GC(2078) User=0.01s Sys=0.00s Real=0.00s
[556.412s][info][gc,start       ] GC(2079) Pause Young (Allocation Failure)
[556.440s][info][gc,heap        ] GC(2079) PSYoungGen: 113632K(222720K)->12064K(222720K) Eden: 111616K(111616K)->0K(111616K) From: 2016K(111104K)->12064K(111104K)
[556.440s][info][gc,heap        ] GC(2079) ParOldGen: 377554K(616960K)->379538K(616960K)
[556.440s][info][gc,metaspace   ] GC(2079) Metaspace: 19108K(19328K)->19108K(19328K) NonClass: 16442K(16576K)->16442K(16576K) Class: 2666K(2752K)->2666K(2752K)
[556.440s][info][gc             ] GC(2079) Pause Young (Allocation Failure) 479M->382M(820M) 27.780ms
[556.440s][info][gc,cpu         ] GC(2079) User=0.05s Sys=0.00s Real=0.03s
[556.560s][info][gc,start       ] GC(2080) Pause Young (Allocation Failure)
[556.614s][info][gc,heap        ] GC(2080) PSYoungGen: 123680K(222720K)->29323K(219648K) Eden: 111616K(111616K)->0K(111616K) From: 12064K(111104K)->29323K(108032K)
[556.615s][info][gc,heap        ] GC(2080) ParOldGen: 379538K(616960K)->391626K(616960K)
[556.615s][info][gc,metaspace   ] GC(2080) Metaspace: 19108K(19328K)->19108K(19328K) NonClass: 16442K(16576K)->16442K(16576K) Class: 2666K(2752K)->2666K(2752K)
[556.615s][info][gc             ] GC(2080) Pause Young (Allocation Failure) 491M->411M(817M) 54.716ms
[556.615s][info][gc,cpu         ] GC(2080) User=0.11s Sys=0.00s Real=0.05s
[556.716s][info][gc,start       ] GC(2081) Pause Young (Allocation Failure)
[556.762s][info][gc,heap        ] GC(2081) PSYoungGen: 140939K(219648K)->40267K(221184K) Eden: 111616K(111616K)->0K(111616K) From: 29323K(108032K)->40267K(109568K)
[556.762s][info][gc,heap        ] GC(2081) ParOldGen: 391626K(616960K)->391626K(616960K)
[556.762s][info][gc,metaspace   ] GC(2081) Metaspace: 19108K(19328K)->19108K(19328K) NonClass: 16442K(16576K)->16442K(16576K) Class: 2666K(2752K)->2666K(2752K)
[556.762s][info][gc             ] GC(2081) Pause Young (Allocation Failure) 520M->421M(818M) 46.714ms
[556.762s][info][gc,cpu         ] GC(2081) User=0.09s Sys=0.00s Real=0.05s
[556.844s][info][gc,start       ] GC(2082) Pause Young (Allocation Failure)
[556.892s][info][gc,heap        ] GC(2082) PSYoungGen: 151883K(221184K)->41675K(219648K) Eden: 111616K(111616K)->0K(118784K) From: 40267K(109568K)->41675K(100864K)
[556.892s][info][gc,heap        ] GC(2082) ParOldGen: 391626K(616960K)->391626K(616960K)
[556.892s][info][gc,metaspace   ] GC(2082) Metaspace: 19108K(19328K)->19108K(19328K) NonClass: 16442K(16576K)->16442K(16576K) Class: 2666K(2752K)->2666K(2752K)
[556.892s][info][gc             ] GC(2082) Pause Young (Allocation Failure) 530M->423M(817M) 47.438ms
[556.892s][info][gc,cpu         ] GC(2082) User=0.10s Sys=0.00s Real=0.05s
[557.002s][info][gc,start       ] GC(2083) Pause Young (Allocation Failure)
[557.049s][info][gc,heap        ] GC(2083) PSYoungGen: 160459K(219648K)->41739K(220672K) Eden: 118784K(118784K)->0K(118784K) From: 41675K(100864K)->41739K(101888K)
[557.049s][info][gc,heap        ] GC(2083) ParOldGen: 391626K(616960K)->391626K(616960K)
[557.049s][info][gc,metaspace   ] GC(2083) Metaspace: 19108K(19328K)->19108K(19328K) NonClass: 16442K(16576K)->16442K(16576K) Class: 2666K(2752K)->2666K(2752K)
[557.049s][info][gc             ] GC(2083) Pause Young (Allocation Failure) 539M->423M(818M) 47.493ms
[557.049s][info][gc,cpu         ] GC(2083) User=0.09s Sys=0.00s Real=0.05s
[557.159s][info][gc,start       ] GC(2084) Pause Young (Allocation Failure)
[557.210s][info][gc,heap        ] GC(2084) PSYoungGen: 160523K(220672K)->45195K(224768K) Eden: 118784K(118784K)->0K(130048K) From: 41739K(101888K)->45195K(94720K)
[557.210s][info][gc,heap        ] GC(2084) ParOldGen: 391626K(616960K)->391626K(616960K)
[557.210s][info][gc,metaspace   ] GC(2084) Metaspace: 19108K(19328K)->19108K(19328K) NonClass: 16442K(16576K)->16442K(16576K) Class: 2666K(2752K)->2666K(2752K)
[557.210s][info][gc             ] GC(2084) Pause Young (Allocation Failure) 539M->426M(822M) 50.821ms
[557.210s][info][gc,cpu         ] GC(2084) User=0.10s Sys=0.00s Real=0.05s
[557.325s][info][gc,start       ] GC(2085) Pause Young (Allocation Failure)
[557.378s][info][gc,heap        ] GC(2085) PSYoungGen: 175243K(224768K)->48043K(226816K) Eden: 130048K(130048K)->0K(130048K) From: 45195K(94720K)->48043K(96768K)
[557.378s][info][gc,heap        ] GC(2085) ParOldGen: 391626K(616960K)->391626K(616960K)
[557.378s][info][gc,metaspace   ] GC(2085) Metaspace: 19108K(19328K)->19108K(19328K) NonClass: 16442K(16576K)->16442K(16576K) Class: 2666K(2752K)->2666K(2752K)
[557.378s][info][gc             ] GC(2085) Pause Young (Allocation Failure) 553M->429M(824M) 53.181ms
[557.378s][info][gc,cpu         ] GC(2085) User=0.10s Sys=0.00s Real=0.06s
[557.517s][info][gc,start       ] GC(2086) Pause Young (Allocation Failure)
[557.585s][info][gc,heap        ] GC(2086) PSYoungGen: 178091K(226816K)->64780K(228864K) Eden: 130048K(130048K)->0K(133120K) From: 48043K(96768K)->64780K(95744K)
[557.585s][info][gc,heap        ] GC(2086) ParOldGen: 391626K(616960K)->391626K(616960K)
[557.585s][info][gc,metaspace   ] GC(2086) Metaspace: 19108K(19328K)->19108K(19328K) NonClass: 16442K(16576K)->16442K(16576K) Class: 2666K(2752K)->2666K(2752K)
[557.585s][info][gc             ] GC(2086) Pause Young (Allocation Failure) 556M->445M(826M) 67.099ms
[557.585s][info][gc,cpu         ] GC(2086) User=0.13s Sys=0.00s Real=0.06s
[557.759s][info][gc,start       ] GC(2087) Pause Young (Allocation Failure)
[557.833s][info][gc,heap        ] GC(2087) PSYoungGen: 197900K(228864K)->39408K(172544K) Eden: 133120K(133120K)->0K(133120K) From: 64780K(95744K)->39408K(39424K)
[557.833s][info][gc,heap        ] GC(2087) ParOldGen: 391626K(616960K)->420977K(616960K)
[557.833s][info][gc,metaspace   ] GC(2087) Metaspace: 19108K(19328K)->19108K(19328K) NonClass: 16442K(16576K)->16442K(16576K) Class: 2666K(2752K)->2666K(2752K)
[557.833s][info][gc             ] GC(2087) Pause Young (Allocation Failure) 575M->449M(771M) 73.680ms
[557.833s][info][gc,cpu         ] GC(2087) User=0.14s Sys=0.00s Real=0.07s
[558.102s][info][gc,start       ] GC(2088) Pause Young (Allocation Failure)
[558.141s][info][gc,heap        ] GC(2088) PSYoungGen: 172528K(172544K)->28512K(236032K) Eden: 133120K(133120K)->0K(141824K) From: 39408K(39424K)->28512K(94208K)
[558.141s][info][gc,heap        ] GC(2088) ParOldGen: 420977K(616960K)->431961K(616960K)
[558.141s][info][gc,metaspace   ] GC(2088) Metaspace: 19108K(19328K)->19108K(19328K) NonClass: 16442K(16576K)->16442K(16576K) Class: 2666K(2752K)->2666K(2752K)
[558.141s][info][gc             ] GC(2088) Pause Young (Allocation Failure) 579M->449M(833M) 39.021ms
[558.141s][info][gc,cpu         ] GC(2088) User=0.07s Sys=0.00s Real=0.04s
[558.369s][info][gc,start       ] GC(2089) Pause Young (Allocation Failure)
[558.399s][info][gc,heap        ] GC(2089) PSYoungGen: 170336K(236032K)->28560K(232448K) Eden: 141824K(141824K)->0K(141824K) From: 28512K(94208K)->28560K(90624K)
[558.399s][info][gc,heap        ] GC(2089) ParOldGen: 431961K(616960K)->431961K(616960K)
[558.399s][info][gc,metaspace   ] GC(2089) Metaspace: 19108K(19328K)->19108K(19328K) NonClass: 16442K(16576K)->16442K(16576K) Class: 2666K(2752K)->2666K(2752K)
[558.399s][info][gc             ] GC(2089) Pause Young (Allocation Failure) 588M->449M(829M) 29.610ms
[558.399s][info][gc,cpu         ] GC(2089) User=0.05s Sys=0.00s Real=0.03s
[558.564s][info][gc,start       ] GC(2090) Pause Young (Allocation Failure)
[558.624s][info][gc,heap        ] GC(2090) PSYoungGen: 170384K(232448K)->54624K(234496K) Eden: 141824K(141824K)->0K(147456K) From: 28560K(90624K)->54624K(87040K)
[558.624s][info][gc,heap        ] GC(2090) ParOldGen: 431961K(616960K)->431961K(616960K)
[558.624s][info][gc,metaspace   ] GC(2090) Metaspace: 19108K(19328K)->19108K(19328K) NonClass: 16442K(16576K)->16442K(16576K) Class: 2666K(2752K)->2666K(2752K)
[558.624s][info][gc             ] GC(2090) Pause Young (Allocation Failure) 588M->475M(831M) 59.354ms
[558.624s][info][gc,cpu         ] GC(2090) User=0.12s Sys=0.00s Real=0.06s
[558.777s][info][gc,start       ] GC(2091) Pause Young (Allocation Failure)
[558.852s][info][gc,heap        ] GC(2091) PSYoungGen: 202080K(234496K)->69600K(236032K) Eden: 147456K(147456K)->0K(147456K) From: 54624K(87040K)->69600K(88576K)
[558.852s][info][gc,heap        ] GC(2091) ParOldGen: 431961K(616960K)->431961K(616960K)
[558.852s][info][gc,metaspace   ] GC(2091) Metaspace: 19108K(19328K)->19108K(19328K) NonClass: 16442K(16576K)->16442K(16576K) Class: 2666K(2752K)->2666K(2752K)
[558.852s][info][gc             ] GC(2091) Pause Young (Allocation Failure) 619M->489M(833M) 74.894ms
[558.852s][info][gc,cpu         ] GC(2091) User=0.15s Sys=0.00s Real=0.08s
[558.999s][info][gc,start       ] GC(2092) Pause Young (Allocation Failure)
[559.074s][info][gc,heap        ] GC(2092) PSYoungGen: 217056K(236032K)->71584K(227328K) Eden: 147456K(147456K)->0K(132096K) From: 69600K(88576K)->71584K(95232K)
[559.074s][info][gc,heap        ] GC(2092) ParOldGen: 431961K(616960K)->431961K(616960K)
[559.074s][info][gc,metaspace   ] GC(2092) Metaspace: 19108K(19328K)->19108K(19328K) NonClass: 16442K(16576K)->16442K(16576K) Class: 2666K(2752K)->2666K(2752K)
[559.074s][info][gc             ] GC(2092) Pause Young (Allocation Failure) 633M->491M(824M) 75.914ms
[559.075s][info][gc,cpu         ] GC(2092) User=0.15s Sys=0.00s Real=0.07s
[559.217s][info][gc,start       ] GC(2093) Pause Young (Allocation Failure)
[559.296s][info][gc,heap        ] GC(2093) PSYoungGen: 203680K(227328K)->76224K(208384K) Eden: 132096K(132096K)->0K(132096K) From: 71584K(95232K)->76224K(76288K)
[559.297s][info][gc,heap        ] GC(2093) ParOldGen: 431961K(616960K)->431961K(616960K)
[559.297s][info][gc,metaspace   ] GC(2093) Metaspace: 19108K(19328K)->19108K(19328K) NonClass: 16442K(16576K)->16442K(16576K) Class: 2666K(2752K)->2666K(2752K)
[559.297s][info][gc             ] GC(2093) Pause Young (Allocation Failure) 620M->496M(806M) 79.939ms
[559.297s][info][gc,cpu         ] GC(2093) User=0.16s Sys=0.00s Real=0.08s
[559.417s][info][gc,start       ] GC(2094) Pause Young (Allocation Failure)
[559.491s][info][gc,heap        ] GC(2094) PSYoungGen: 208320K(208384K)->74864K(218624K) Eden: 132096K(132096K)->0K(111616K) From: 76224K(76288K)->74864K(107008K)
[559.491s][info][gc,heap        ] GC(2094) ParOldGen: 431961K(616960K)->433377K(616960K)
[559.491s][info][gc,metaspace   ] GC(2094) Metaspace: 19108K(19328K)->19108K(19328K) NonClass: 16442K(16576K)->16442K(16576K) Class: 2666K(2752K)->2666K(2752K)
[559.491s][info][gc             ] GC(2094) Pause Young (Allocation Failure) 625M->496M(816M) 73.613ms
[559.491s][info][gc,cpu         ] GC(2094) User=0.14s Sys=0.00s Real=0.08s
[559.595s][info][gc,start       ] GC(2095) Pause Young (Allocation Failure)
[559.668s][info][gc,heap        ] GC(2095) PSYoungGen: 186480K(218624K)->74768K(222720K) Eden: 111616K(111616K)->0K(111616K) From: 74864K(107008K)->74768K(111104K)
[559.668s][info][gc,heap        ] GC(2095) ParOldGen: 433377K(616960K)->433497K(616960K)
[559.668s][info][gc,metaspace   ] GC(2095) Metaspace: 19108K(19328K)->19108K(19328K) NonClass: 16442K(16576K)->16442K(16576K) Class: 2666K(2752K)->2666K(2752K)
[559.668s][info][gc             ] GC(2095) Pause Young (Allocation Failure) 605M->496M(820M) 72.344ms
[559.668s][info][gc,cpu         ] GC(2095) User=0.14s Sys=0.00s Real=0.08s
[559.812s][info][gc,start       ] GC(2096) Pause Young (Allocation Failure)
[559.896s][info][gc,heap        ] GC(2096) PSYoungGen: 186384K(222720K)->80992K(222720K) Eden: 111616K(111616K)->0K(111616K) From: 74768K(111104K)->80992K(111104K)
[559.896s][info][gc,heap        ] GC(2096) ParOldGen: 433497K(616960K)->439785K(616960K)
[559.897s][info][gc,metaspace   ] GC(2096) Metaspace: 19108K(19328K)->19108K(19328K) NonClass: 16442K(16576K)->16442K(16576K) Class: 2666K(2752K)->2666K(2752K)
[559.897s][info][gc             ] GC(2096) Pause Young (Allocation Failure) 605M->508M(820M) 84.365ms
[559.897s][info][gc,cpu         ] GC(2096) User=0.17s Sys=0.01s Real=0.08s
[560.086s][info][gc,start       ] GC(2097) Pause Young (Allocation Failure)
[560.167s][info][gc,heap        ] GC(2097) PSYoungGen: 192608K(222720K)->63168K(222720K) Eden: 111616K(111616K)->0K(111616K) From: 80992K(111104K)->63168K(111104K)
[560.167s][info][gc,heap        ] GC(2097) ParOldGen: 439785K(616960K)->460506K(616960K)
[560.167s][info][gc,metaspace   ] GC(2097) Metaspace: 19108K(19328K)->19108K(19328K) NonClass: 16442K(16576K)->16442K(16576K) Class: 2666K(2752K)->2666K(2752K)
[560.167s][info][gc             ] GC(2097) Pause Young (Allocation Failure) 617M->511M(820M) 80.340ms
[560.167s][info][gc,cpu         ] GC(2097) User=0.16s Sys=0.00s Real=0.08s
[560.496s][info][gc,start       ] GC(2098) Pause Young (Allocation Failure)
[560.556s][info][gc,heap        ] GC(2098) PSYoungGen: 174784K(222720K)->63264K(222720K) Eden: 111616K(111616K)->0K(111616K) From: 63168K(111104K)->63264K(111104K)
[560.556s][info][gc,heap        ] GC(2098) ParOldGen: 460506K(616960K)->460586K(616960K)
[560.556s][info][gc,metaspace   ] GC(2098) Metaspace: 19108K(19328K)->19108K(19328K) NonClass: 16442K(16576K)->16442K(16576K) Class: 2666K(2752K)->2666K(2752K)
[560.556s][info][gc             ] GC(2098) Pause Young (Allocation Failure) 620M->511M(820M) 60.183ms
[560.556s][info][gc,cpu         ] GC(2098) User=0.12s Sys=0.00s Real=0.06s
[560.833s][info][gc,start       ] GC(2099) Pause Young (Allocation Failure)
[560.894s][info][gc,heap        ] GC(2099) PSYoungGen: 174880K(222720K)->22272K(222720K) Eden: 111616K(111616K)->0K(111616K) From: 63264K(111104K)->22272K(111104K)
[560.894s][info][gc,heap        ] GC(2099) ParOldGen: 460586K(616960K)->501730K(616960K)
[560.894s][info][gc,metaspace   ] GC(2099) Metaspace: 19108K(19328K)->19108K(19328K) NonClass: 16442K(16576K)->16442K(16576K) Class: 2666K(2752K)->2666K(2752K)
[560.894s][info][gc             ] GC(2099) Pause Young (Allocation Failure) 620M->511M(820M) 61.098ms
[560.894s][info][gc,cpu         ] GC(2099) User=0.12s Sys=0.00s Real=0.06s
[561.110s][info][gc,start       ] GC(2100) Pause Young (Allocation Failure)
[561.136s][info][gc,heap        ] GC(2100) PSYoungGen: 133888K(222720K)->17872K(222720K) Eden: 111616K(111616K)->0K(111616K) From: 22272K(111104K)->17872K(111104K)
[561.136s][info][gc,heap        ] GC(2100) ParOldGen: 501730K(616960K)->508394K(616960K)
[561.136s][info][gc,metaspace   ] GC(2100) Metaspace: 19108K(19328K)->19108K(19328K) NonClass: 16442K(16576K)->16442K(16576K) Class: 2666K(2752K)->2666K(2752K)
[561.136s][info][gc             ] GC(2100) Pause Young (Allocation Failure) 620M->513M(820M) 26.132ms
[561.136s][info][gc,cpu         ] GC(2100) User=0.05s Sys=0.00s Real=0.02s
[561.266s][info][gc,start       ] GC(2101) Pause Young (Allocation Failure)
[561.301s][info][gc,heap        ] GC(2101) PSYoungGen: 129488K(222720K)->39504K(151552K) Eden: 111616K(111616K)->0K(111616K) From: 17872K(111104K)->39504K(39936K)
[561.301s][info][gc,heap        ] GC(2101) ParOldGen: 508394K(616960K)->508442K(616960K)
[561.301s][info][gc,metaspace   ] GC(2101) Metaspace: 19108K(19328K)->19108K(19328K) NonClass: 16442K(16576K)->16442K(16576K) Class: 2666K(2752K)->2666K(2752K)
[561.301s][info][gc             ] GC(2101) Pause Young (Allocation Failure) 622M->535M(750M) 35.207ms
[561.301s][info][gc,cpu         ] GC(2101) User=0.07s Sys=0.00s Real=0.04s
[561.365s][info][gc,start       ] GC(2102) Pause Young (Allocation Failure)
[561.427s][info][gc,heap        ] GC(2102) PSYoungGen: 151120K(151552K)->80112K(216576K) Eden: 111616K(111616K)->0K(108544K) From: 39504K(39936K)->80112K(108032K)
[561.427s][info][gc,heap        ] GC(2102) ParOldGen: 508442K(616960K)->508442K(616960K)
[561.427s][info][gc,metaspace   ] GC(2102) Metaspace: 19108K(19328K)->19108K(19328K) NonClass: 16442K(16576K)->16442K(16576K) Class: 2666K(2752K)->2666K(2752K)
[561.427s][info][gc             ] GC(2102) Pause Young (Allocation Failure) 644M->574M(814M) 62.487ms
[561.427s][info][gc,cpu         ] GC(2102) User=0.13s Sys=0.00s Real=0.06s
[561.495s][info][gc,start       ] GC(2103) Pause Young (Allocation Failure)
[561.581s][info][gc,heap        ] GC(2103) PSYoungGen: 188656K(216576K)->106496K(219648K) Eden: 108544K(108544K)->0K(108544K) From: 80112K(108032K)->106496K(111104K)
[561.581s][info][gc,heap        ] GC(2103) ParOldGen: 508442K(616960K)->523794K(616960K)
[561.581s][info][gc,metaspace   ] GC(2103) Metaspace: 19108K(19328K)->19108K(19328K) NonClass: 16442K(16576K)->16442K(16576K) Class: 2666K(2752K)->2666K(2752K)
[561.581s][info][gc             ] GC(2103) Pause Young (Allocation Failure) 680M->615M(817M) 85.998ms
[561.581s][info][gc,cpu         ] GC(2103) User=0.17s Sys=0.00s Real=0.09s
[561.783s][info][gc,start       ] GC(2104) Pause Young (Allocation Failure)
[561.874s][info][gc,heap        ] GC(2104) PSYoungGen: 215040K(219648K)->111088K(222720K) Eden: 108544K(108544K)->0K(111616K) From: 106496K(111104K)->111088K(111104K)
[561.874s][info][gc,heap        ] GC(2104) ParOldGen: 523794K(616960K)->547387K(616960K)
[561.874s][info][gc,metaspace   ] GC(2104) Metaspace: 19108K(19328K)->19108K(19328K) NonClass: 16442K(16576K)->16442K(16576K) Class: 2666K(2752K)->2666K(2752K)
[561.874s][info][gc             ] GC(2104) Pause Young (Allocation Failure) 721M->643M(820M) 91.205ms
[561.874s][info][gc,cpu         ] GC(2104) User=0.18s Sys=0.01s Real=0.09s
[562.122s][info][gc,start       ] GC(2105) Pause Young (Allocation Failure)
[562.211s][info][gc,heap        ] GC(2105) PSYoungGen: 222704K(222720K)->106710K(222720K) Eden: 111616K(111616K)->0K(111616K) From: 111088K(111104K)->106710K(111104K)
[562.211s][info][gc,heap        ] GC(2105) ParOldGen: 547387K(616960K)->571563K(616960K)
[562.211s][info][gc,metaspace   ] GC(2105) Metaspace: 19108K(19328K)->19108K(19328K) NonClass: 16442K(16576K)->16442K(16576K) Class: 2666K(2752K)->2666K(2752K)
[562.211s][info][gc             ] GC(2105) Pause Young (Allocation Failure) 752M->662M(820M) 89.573ms
[562.211s][info][gc,cpu         ] GC(2105) User=0.17s Sys=0.00s Real=0.09s
[562.264s][info][gc,start       ] GC(2106) Pause Young (Allocation Failure)
[562.371s][info][gc,heap        ] GC(2106) PSYoungGen: 218326K(222720K)->81558K(222720K) Eden: 111616K(111616K)->0K(111616K) From: 106710K(111104K)->81558K(111104K)
[562.371s][info][gc,heap        ] GC(2106) ParOldGen: 571563K(616960K)->631728K(631808K)
[562.371s][info][gc,metaspace   ] GC(2106) Metaspace: 19108K(19328K)->19108K(19328K) NonClass: 16442K(16576K)->16442K(16576K) Class: 2666K(2752K)->2666K(2752K)
[562.371s][info][gc             ] GC(2106) Pause Young (Allocation Failure) 771M->696M(834M) 106.674ms
[562.371s][info][gc,cpu         ] GC(2106) User=0.20s Sys=0.01s Real=0.11s
[562.466s][info][gc,start       ] GC(2107) Pause Full (Allocation Failure)
[562.466s][info][gc,phases,start] GC(2107) Marking Phase
[562.845s][info][gc,phases      ] GC(2107) Marking Phase 378.805ms
[562.845s][info][gc,phases,start] GC(2107) Summary Phase
[562.845s][info][gc,phases      ] GC(2107) Summary Phase 0.036ms
[562.845s][info][gc,phases,start] GC(2107) Forward
[562.996s][info][gc,phases      ] GC(2107) Forward 151.521ms
[562.996s][info][gc,phases,start] GC(2107) Adjust Pointers
[563.283s][info][gc,phases      ] GC(2107) Adjust Pointers 286.530ms
[563.283s][info][gc,phases,start] GC(2107) Compaction Phase
[563.477s][info][gc,phases      ] GC(2107) Compaction Phase 194.272ms
[563.484s][info][gc,phases,start] GC(2107) Post Compact
[563.487s][info][gc,phases      ] GC(2107) Post Compact 2.352ms
[563.487s][info][gc,heap        ] GC(2107) PSYoungGen: 193174K(222720K)->0K(222720K) Eden: 111616K(111616K)->0K(111616K) From: 81558K(111104K)->0K(111104K)
[563.487s][info][gc,heap        ] GC(2107) ParOldGen: 631728K(631808K)->539293K(667648K)
[563.487s][info][gc,metaspace   ] GC(2107) Metaspace: 19108K(19328K)->19108K(19328K) NonClass: 16442K(16576K)->16442K(16576K) Class: 2666K(2752K)->2666K(2752K)
[563.487s][info][gc             ] GC(2107) Pause Full (Allocation Failure) 805M->526M(869M) 1020.984ms
[563.487s][info][gc,cpu         ] GC(2107) User=1.93s Sys=0.00s Real=1.02s
[563.607s][info][gc,start       ] GC(2108) Pause Young (Allocation Failure)
[563.643s][info][gc,heap        ] GC(2108) PSYoungGen: 111616K(222720K)->11107K(222720K) Eden: 111616K(111616K)->0K(111616K) From: 0K(111104K)->11107K(111104K)
[563.643s][info][gc,heap        ] GC(2108) ParOldGen: 539293K(667648K)->539293K(667648K)
[563.643s][info][gc,metaspace   ] GC(2108) Metaspace: 19108K(19328K)->19108K(19328K) NonClass: 16442K(16576K)->16442K(16576K) Class: 2666K(2752K)->2666K(2752K)
[563.643s][info][gc             ] GC(2108) Pause Young (Allocation Failure) 635M->537M(869M) 35.317ms
[563.643s][info][gc,cpu         ] GC(2108) User=0.07s Sys=0.00s Real=0.03s
[563.810s][info][gc,start       ] GC(2109) Pause Young (Allocation Failure)
[563.881s][info][gc,heap        ] GC(2109) PSYoungGen: 122723K(222720K)->30784K(222720K) Eden: 111616K(111616K)->0K(111616K) From: 11107K(111104K)->30784K(111104K)
[563.882s][info][gc,heap        ] GC(2109) ParOldGen: 539293K(667648K)->549884K(667648K)
[563.882s][info][gc,metaspace   ] GC(2109) Metaspace: 19108K(19328K)->19108K(19328K) NonClass: 16442K(16576K)->16442K(16576K) Class: 2666K(2752K)->2666K(2752K)
[563.882s][info][gc             ] GC(2109) Pause Young (Allocation Failure) 646M->567M(869M) 71.194ms
[563.882s][info][gc,cpu         ] GC(2109) User=0.14s Sys=0.00s Real=0.07s
[564.040s][info][gc,start       ] GC(2110) Pause Young (Allocation Failure)
[564.084s][info][gc,heap        ] GC(2110) PSYoungGen: 142400K(222720K)->32K(222720K) Eden: 111616K(111616K)->0K(111616K) From: 30784K(111104K)->32K(111104K)
[564.084s][info][gc,heap        ] GC(2110) ParOldGen: 549884K(667648K)->580700K(667648K)
[564.084s][info][gc,metaspace   ] GC(2110) Metaspace: 19108K(19328K)->19108K(19328K) NonClass: 16442K(16576K)->16442K(16576K) Class: 2666K(2752K)->2666K(2752K)
[564.084s][info][gc             ] GC(2110) Pause Young (Allocation Failure) 676M->567M(869M) 43.769ms
[564.084s][info][gc,cpu         ] GC(2110) User=0.09s Sys=0.00s Real=0.04s
[564.243s][info][gc,start       ] GC(2111) Pause Young (Allocation Failure)
[564.245s][info][gc,heap        ] GC(2111) PSYoungGen: 111648K(222720K)->64K(222720K) Eden: 111616K(111616K)->0K(111616K) From: 32K(111104K)->64K(111104K)
[564.245s][info][gc,heap        ] GC(2111) ParOldGen: 580700K(667648K)->580700K(667648K)
[564.245s][info][gc,metaspace   ] GC(2111) Metaspace: 19108K(19328K)->19108K(19328K) NonClass: 16442K(16576K)->16442K(16576K) Class: 2666K(2752K)->2666K(2752K)
[564.245s][info][gc             ] GC(2111) Pause Young (Allocation Failure) 676M->567M(869M) 1.867ms
[564.245s][info][gc,cpu         ] GC(2111) User=0.00s Sys=0.00s Real=0.00s
[564.398s][info][gc,start       ] GC(2112) Pause Young (Allocation Failure)
[564.400s][info][gc,heap        ] GC(2112) PSYoungGen: 111680K(222720K)->64K(222720K) Eden: 111616K(111616K)->0K(111616K) From: 64K(111104K)->64K(111104K)
[564.400s][info][gc,heap        ] GC(2112) ParOldGen: 580700K(667648K)->580700K(667648K)
[564.400s][info][gc,metaspace   ] GC(2112) Metaspace: 19108K(19328K)->19108K(19328K) NonClass: 16442K(16576K)->16442K(16576K) Class: 2666K(2752K)->2666K(2752K)
[564.400s][info][gc             ] GC(2112) Pause Young (Allocation Failure) 676M->567M(869M) 1.878ms
[564.400s][info][gc,cpu         ] GC(2112) User=0.01s Sys=0.00s Real=0.00s
[564.551s][info][gc,start       ] GC(2113) Pause Young (Allocation Failure)
[564.553s][info][gc,heap        ] GC(2113) PSYoungGen: 111680K(222720K)->64K(222720K) Eden: 111616K(111616K)->0K(111616K) From: 64K(111104K)->64K(111104K)
[564.553s][info][gc,heap        ] GC(2113) ParOldGen: 580700K(667648K)->580700K(667648K)
[564.553s][info][gc,metaspace   ] GC(2113) Metaspace: 19108K(19328K)->19108K(19328K) NonClass: 16442K(16576K)->16442K(16576K) Class: 2666K(2752K)->2666K(2752K)
[564.553s][info][gc             ] GC(2113) Pause Young (Allocation Failure) 676M->567M(869M) 1.912ms
[564.553s][info][gc,cpu         ] GC(2113) User=0.00s Sys=0.00s Real=0.00s
[564.705s][info][gc,start       ] GC(2114) Pause Young (Allocation Failure)
[564.707s][info][gc,heap        ] GC(2114) PSYoungGen: 111680K(222720K)->64K(222720K) Eden: 111616K(111616K)->0K(111616K) From: 64K(111104K)->64K(111104K)
[564.707s][info][gc,heap        ] GC(2114) ParOldGen: 580700K(667648K)->580700K(667648K)
[564.707s][info][gc,metaspace   ] GC(2114) Metaspace: 19108K(19328K)->19108K(19328K) NonClass: 16442K(16576K)->16442K(16576K) Class: 2666K(2752K)->2666K(2752K)
[564.707s][info][gc             ] GC(2114) Pause Young (Allocation Failure) 676M->567M(869M) 1.883ms
[564.707s][info][gc,cpu         ] GC(2114) User=0.01s Sys=0.00s Real=0.00s
[564.856s][info][gc,start       ] GC(2115) Pause Young (Allocation Failure)
[564.858s][info][gc,heap        ] GC(2115) PSYoungGen: 111680K(222720K)->64K(222720K) Eden: 111616K(111616K)->0K(111616K) From: 64K(111104K)->64K(111104K)
[564.858s][info][gc,heap        ] GC(2115) ParOldGen: 580700K(667648K)->580700K(667648K)
[564.858s][info][gc,metaspace   ] GC(2115) Metaspace: 19108K(19328K)->19108K(19328K) NonClass: 16442K(16576K)->16442K(16576K) Class: 2666K(2752K)->2666K(2752K)
[564.858s][info][gc             ] GC(2115) Pause Young (Allocation Failure) 676M->567M(869M) 1.883ms
[564.858s][info][gc,cpu         ] GC(2115) User=0.01s Sys=0.00s Real=0.01s
[565.010s][info][gc,start       ] GC(2116) Pause Young (Allocation Failure)
[565.012s][info][gc,heap        ] GC(2116) PSYoungGen: 111680K(222720K)->64K(222720K) Eden: 111616K(111616K)->0K(111616K) From: 64K(111104K)->64K(111104K)
[565.012s][info][gc,heap        ] GC(2116) ParOldGen: 580700K(667648K)->580700K(667648K)
[565.012s][info][gc,metaspace   ] GC(2116) Metaspace: 19108K(19328K)->19108K(19328K) NonClass: 16442K(16576K)->16442K(16576K) Class: 2666K(2752K)->2666K(2752K)
[565.012s][info][gc             ] GC(2116) Pause Young (Allocation Failure) 676M->567M(869M) 1.866ms
[565.012s][info][gc,cpu         ] GC(2116) User=0.01s Sys=0.00s Real=0.00s
[565.163s][info][gc,start       ] GC(2117) Pause Young (Allocation Failure)
[565.164s][info][gc,heap        ] GC(2117) PSYoungGen: 111680K(222720K)->64K(222720K) Eden: 111616K(111616K)->0K(111616K) From: 64K(111104K)->64K(111104K)
[565.164s][info][gc,heap        ] GC(2117) ParOldGen: 580700K(667648K)->580700K(667648K)
[565.164s][info][gc,metaspace   ] GC(2117) Metaspace: 19108K(19328K)->19108K(19328K) NonClass: 16442K(16576K)->16442K(16576K) Class: 2666K(2752K)->2666K(2752K)
[565.164s][info][gc             ] GC(2117) Pause Young (Allocation Failure) 676M->567M(869M) 1.881ms
[565.164s][info][gc,cpu         ] GC(2117) User=0.00s Sys=0.00s Real=0.00s
[565.317s][info][gc,start       ] GC(2118) Pause Young (Allocation Failure)
[565.319s][info][gc,heap        ] GC(2118) PSYoungGen: 111680K(222720K)->64K(222720K) Eden: 111616K(111616K)->0K(111616K) From: 64K(111104K)->64K(111104K)
[565.319s][info][gc,heap        ] GC(2118) ParOldGen: 580700K(667648K)->580700K(667648K)
[565.319s][info][gc,metaspace   ] GC(2118) Metaspace: 19108K(19328K)->19108K(19328K) NonClass: 16442K(16576K)->16442K(16576K) Class: 2666K(2752K)->2666K(2752K)
[565.319s][info][gc             ] GC(2118) Pause Young (Allocation Failure) 676M->567M(869M) 1.868ms
[565.319s][info][gc,cpu         ] GC(2118) User=0.00s Sys=0.00s Real=0.00s
[565.432s][info][gc,start       ] GC(2119) Pause Young (Allocation Failure)
[565.451s][info][gc,heap        ] GC(2119) PSYoungGen: 111680K(222720K)->15648K(222720K) Eden: 111616K(111616K)->0K(111616K) From: 64K(111104K)->15648K(111104K)
[565.451s][info][gc,heap        ] GC(2119) ParOldGen: 580700K(667648K)->580700K(667648K)
[565.451s][info][gc,metaspace   ] GC(2119) Metaspace: 19108K(19328K)->19108K(19328K) NonClass: 16442K(16576K)->16442K(16576K) Class: 2666K(2752K)->2666K(2752K)
[565.451s][info][gc             ] GC(2119) Pause Young (Allocation Failure) 676M->582M(869M) 18.620ms
[565.451s][info][gc,cpu         ] GC(2119) User=0.04s Sys=0.00s Real=0.02s
[565.558s][info][gc,start       ] GC(2120) Pause Young (Allocation Failure)
[565.588s][info][gc,heap        ] GC(2120) PSYoungGen: 127264K(222720K)->12256K(214528K) Eden: 111616K(111616K)->0K(111616K) From: 15648K(111104K)->12256K(102912K)
[565.588s][info][gc,heap        ] GC(2120) ParOldGen: 580700K(667648K)->596340K(667648K)
[565.588s][info][gc,metaspace   ] GC(2120) Metaspace: 19108K(19328K)->19108K(19328K) NonClass: 16442K(16576K)->16442K(16576K) Class: 2666K(2752K)->2666K(2752K)
[565.588s][info][gc             ] GC(2120) Pause Young (Allocation Failure) 691M->594M(861M) 30.068ms
[565.588s][info][gc,cpu         ] GC(2120) User=0.06s Sys=0.00s Real=0.03s
[565.676s][info][gc,start       ] GC(2121) Pause Young (Allocation Failure)
[565.695s][info][gc,heap        ] GC(2121) PSYoungGen: 123872K(214528K)->15424K(127488K) Eden: 111616K(111616K)->0K(111616K) From: 12256K(102912K)->15424K(15872K)
[565.695s][info][gc,heap        ] GC(2121) ParOldGen: 596340K(667648K)->596340K(667648K)
[565.695s][info][gc,metaspace   ] GC(2121) Metaspace: 19108K(19328K)->19108K(19328K) NonClass: 16442K(16576K)->16442K(16576K) Class: 2666K(2752K)->2666K(2752K)
[565.695s][info][gc             ] GC(2121) Pause Young (Allocation Failure) 703M->597M(776M) 19.576ms
[565.695s][info][gc,cpu         ] GC(2121) User=0.04s Sys=0.01s Real=0.02s
[565.802s][info][gc,start       ] GC(2122) Pause Young (Allocation Failure)
[565.823s][info][gc,heap        ] GC(2122) PSYoungGen: 127040K(127488K)->17216K(205824K) Eden: 111616K(111616K)->0K(119296K) From: 15424K(15872K)->17216K(86528K)
[565.823s][info][gc,heap        ] GC(2122) ParOldGen: 596340K(667648K)->596340K(667648K)
[565.823s][info][gc,metaspace   ] GC(2122) Metaspace: 19108K(19328K)->19108K(19328K) NonClass: 16442K(16576K)->16442K(16576K) Class: 2666K(2752K)->2666K(2752K)
[565.823s][info][gc             ] GC(2122) Pause Young (Allocation Failure) 706M->599M(853M) 21.803ms
[565.823s][info][gc,cpu         ] GC(2122) User=0.04s Sys=0.00s Real=0.02s
[565.942s][info][gc,start       ] GC(2123) Pause Young (Allocation Failure)
[565.965s][info][gc,heap        ] GC(2123) PSYoungGen: 136512K(205824K)->17216K(211968K) Eden: 119296K(119296K)->0K(119296K) From: 17216K(86528K)->17216K(92672K)
[565.965s][info][gc,heap        ] GC(2123) ParOldGen: 596340K(667648K)->596340K(667648K)
[565.965s][info][gc,metaspace   ] GC(2123) Metaspace: 19108K(19328K)->19108K(19328K) NonClass: 16442K(16576K)->16442K(16576K) Class: 2666K(2752K)->2666K(2752K)
[565.965s][info][gc             ] GC(2123) Pause Young (Allocation Failure) 715M->599M(859M) 22.482ms
[565.965s][info][gc,cpu         ] GC(2123) User=0.04s Sys=0.00s Real=0.02s
[566.086s][info][gc,start       ] GC(2124) Pause Young (Allocation Failure)
[566.113s][info][gc,heap        ] GC(2124) PSYoungGen: 136512K(211968K)->25344K(204800K) Eden: 119296K(119296K)->0K(128000K) From: 17216K(92672K)->25344K(76800K)
[566.113s][info][gc,heap        ] GC(2124) ParOldGen: 596340K(667648K)->596340K(667648K)
[566.113s][info][gc,metaspace   ] GC(2124) Metaspace: 19108K(19328K)->19108K(19328K) NonClass: 16442K(16576K)->16442K(16576K) Class: 2666K(2752K)->2666K(2752K)
[566.113s][info][gc             ] GC(2124) Pause Young (Allocation Failure) 715M->607M(852M) 27.626ms
[566.113s][info][gc,cpu         ] GC(2124) User=0.05s Sys=0.00s Real=0.03s
[566.372s][info][gc,start       ] GC(2125) Pause Young (Allocation Failure)
[566.399s][info][gc,heap        ] GC(2125) PSYoungGen: 153344K(204800K)->25376K(209408K) Eden: 128000K(128000K)->0K(128000K) From: 25344K(76800K)->25376K(81408K)
[566.399s][info][gc,heap        ] GC(2125) ParOldGen: 596340K(667648K)->596340K(667648K)
[566.399s][info][gc,metaspace   ] GC(2125) Metaspace: 19108K(19328K)->19108K(19328K) NonClass: 16442K(16576K)->16442K(16576K) Class: 2666K(2752K)->2666K(2752K)
[566.399s][info][gc             ] GC(2125) Pause Young (Allocation Failure) 732M->607M(856M) 26.549ms
[566.399s][info][gc,cpu         ] GC(2125) User=0.05s Sys=0.00s Real=0.03s
[566.623s][info][gc,start       ] GC(2126) Pause Young (Allocation Failure)
[566.650s][info][gc,heap        ] GC(2126) PSYoungGen: 153376K(209408K)->25472K(205312K) Eden: 128000K(128000K)->0K(136704K) From: 25376K(81408K)->25472K(68608K)
[566.650s][info][gc,heap        ] GC(2126) ParOldGen: 596340K(667648K)->596340K(667648K)
[566.650s][info][gc,metaspace   ] GC(2126) Metaspace: 19108K(19328K)->19108K(19328K) NonClass: 16442K(16576K)->16442K(16576K) Class: 2666K(2752K)->2666K(2752K)
[566.650s][info][gc             ] GC(2126) Pause Young (Allocation Failure) 732M->607M(852M) 27.300ms
[566.650s][info][gc,cpu         ] GC(2126) User=0.05s Sys=0.00s Real=0.03s
[566.880s][info][gc,start       ] GC(2127) Pause Young (Allocation Failure)
[566.913s][info][gc,heap        ] GC(2127) PSYoungGen: 162176K(205312K)->25472K(209408K) Eden: 136704K(136704K)->0K(136704K) From: 25472K(68608K)->25472K(72704K)
[566.913s][info][gc,heap        ] GC(2127) ParOldGen: 596340K(667648K)->596340K(667648K)
[566.913s][info][gc,metaspace   ] GC(2127) Metaspace: 19108K(19328K)->19108K(19328K) NonClass: 16442K(16576K)->16442K(16576K) Class: 2666K(2752K)->2666K(2752K)
[566.913s][info][gc             ] GC(2127) Pause Young (Allocation Failure) 740M->607M(856M) 32.292ms
[566.913s][info][gc,cpu         ] GC(2127) User=0.06s Sys=0.00s Real=0.03s
[567.127s][info][gc,start       ] GC(2128) Pause Young (Allocation Failure)
[567.165s][info][gc,heap        ] GC(2128) PSYoungGen: 162176K(209408K)->38528K(213504K) Eden: 136704K(136704K)->0K(144384K) From: 25472K(72704K)->38528K(69120K)
[567.166s][info][gc,heap        ] GC(2128) ParOldGen: 596340K(667648K)->596340K(667648K)
[567.166s][info][gc,metaspace   ] GC(2128) Metaspace: 19108K(19328K)->19108K(19328K) NonClass: 16442K(16576K)->16442K(16576K) Class: 2666K(2752K)->2666K(2752K)
[567.166s][info][gc             ] GC(2128) Pause Young (Allocation Failure) 740M->619M(860M) 38.285ms
[567.166s][info][gc,cpu         ] GC(2128) User=0.07s Sys=0.00s Real=0.04s
[567.333s][info][gc,start       ] GC(2129) Pause Young (Allocation Failure)
[567.378s][info][gc,heap        ] GC(2129) PSYoungGen: 182912K(213504K)->38560K(215040K) Eden: 144384K(144384K)->0K(144384K) From: 38528K(69120K)->38560K(70656K)
[567.378s][info][gc,heap        ] GC(2129) ParOldGen: 596340K(667648K)->596340K(667648K)
[567.378s][info][gc,metaspace   ] GC(2129) Metaspace: 19108K(19328K)->19108K(19328K) NonClass: 16442K(16576K)->16442K(16576K) Class: 2666K(2752K)->2666K(2752K)
[567.378s][info][gc             ] GC(2129) Pause Young (Allocation Failure) 760M->620M(862M) 45.005ms
[567.378s][info][gc,cpu         ] GC(2129) User=0.09s Sys=0.00s Real=0.05s
[567.505s][info][gc,start       ] GC(2130) Pause Young (Allocation Failure)
[567.576s][info][gc,heap        ] GC(2130) PSYoungGen: 182944K(215040K)->71152K(212480K) Eden: 144384K(144384K)->0K(141312K) From: 38560K(70656K)->71152K(71168K)
[567.576s][info][gc,heap        ] GC(2130) ParOldGen: 596340K(667648K)->600060K(667648K)
[567.576s][info][gc,metaspace   ] GC(2130) Metaspace: 19108K(19328K)->19108K(19328K) NonClass: 16442K(16576K)->16442K(16576K) Class: 2666K(2752K)->2666K(2752K)
[567.576s][info][gc             ] GC(2130) Pause Young (Allocation Failure) 761M->655M(859M) 70.775ms
[567.576s][info][gc,cpu         ] GC(2130) User=0.13s Sys=0.01s Real=0.07s
[567.774s][info][gc,start       ] GC(2131) Pause Young (Allocation Failure)
[567.848s][info][gc,heap        ] GC(2131) PSYoungGen: 212464K(212480K)->75072K(226304K) Eden: 141312K(141312K)->0K(141312K) From: 71152K(71168K)->75072K(84992K)
[567.848s][info][gc,heap        ] GC(2131) ParOldGen: 600060K(667648K)->615508K(667648K)
[567.848s][info][gc,metaspace   ] GC(2131) Metaspace: 19108K(19328K)->19108K(19328K) NonClass: 16442K(16576K)->16442K(16576K) Class: 2666K(2752K)->2666K(2752K)
[567.848s][info][gc             ] GC(2131) Pause Young (Allocation Failure) 793M->674M(873M) 73.957ms
[567.848s][info][gc,cpu         ] GC(2131) User=0.15s Sys=0.00s Real=0.08s
[568.050s][info][gc,start       ] GC(2132) Pause Young (Allocation Failure)
[568.139s][info][gc,heap        ] GC(2132) PSYoungGen: 216384K(226304K)->86288K(211968K) Eden: 141312K(141312K)->0K(115712K) From: 75072K(84992K)->86288K(96256K)
[568.139s][info][gc,heap        ] GC(2132) ParOldGen: 615508K(667648K)->615508K(667648K)
[568.139s][info][gc,metaspace   ] GC(2132) Metaspace: 19108K(19328K)->19108K(19328K) NonClass: 16442K(16576K)->16442K(16576K) Class: 2666K(2752K)->2666K(2752K)
[568.139s][info][gc             ] GC(2132) Pause Young (Allocation Failure) 812M->685M(859M) 89.696ms
[568.139s][info][gc,cpu         ] GC(2132) User=0.16s Sys=0.02s Real=0.09s
[568.301s][info][gc,start       ] GC(2133) Pause Young (Allocation Failure)
[568.383s][info][gc,heap        ] GC(2133) PSYoungGen: 202000K(211968K)->84528K(200704K) Eden: 115712K(115712K)->0K(115712K) From: 86288K(96256K)->84528K(84992K)
[568.383s][info][gc,heap        ] GC(2133) ParOldGen: 615508K(667648K)->617300K(667648K)
[568.383s][info][gc,metaspace   ] GC(2133) Metaspace: 19108K(19328K)->19108K(19328K) NonClass: 16442K(16576K)->16442K(16576K) Class: 2666K(2752K)->2666K(2752K)
[568.383s][info][gc             ] GC(2133) Pause Young (Allocation Failure) 798M->685M(848M) 82.826ms
[568.383s][info][gc,cpu         ] GC(2133) User=0.17s Sys=0.00s Real=0.08s
[568.547s][info][gc,start       ] GC(2134) Pause Young (Allocation Failure)
[568.629s][info][gc,heap        ] GC(2134) PSYoungGen: 200240K(200704K)->76432K(222720K) Eden: 115712K(115712K)->0K(111616K) From: 84528K(84992K)->76432K(111104K)
[568.629s][info][gc,heap        ] GC(2134) ParOldGen: 617300K(667648K)->625412K(667648K)
[568.629s][info][gc,metaspace   ] GC(2134) Metaspace: 19108K(19328K)->19108K(19328K) NonClass: 16442K(16576K)->16442K(16576K) Class: 2666K(2752K)->2666K(2752K)
[568.629s][info][gc             ] GC(2134) Pause Young (Allocation Failure) 798M->685M(869M) 82.369ms
[568.629s][info][gc,cpu         ] GC(2134) User=0.16s Sys=0.00s Real=0.09s
[568.787s][info][gc,start       ] GC(2135) Pause Young (Allocation Failure)
[568.860s][info][gc,heap        ] GC(2135) PSYoungGen: 188048K(222720K)->76272K(222720K) Eden: 111616K(111616K)->0K(111616K) From: 76432K(111104K)->76272K(111104K)
[568.860s][info][gc,heap        ] GC(2135) ParOldGen: 625412K(667648K)->625578K(667648K)
[568.860s][info][gc,metaspace   ] GC(2135) Metaspace: 19108K(19328K)->19108K(19328K) NonClass: 16442K(16576K)->16442K(16576K) Class: 2666K(2752K)->2666K(2752K)
[568.860s][info][gc             ] GC(2135) Pause Young (Allocation Failure) 794M->685M(869M) 72.383ms
[568.860s][info][gc,cpu         ] GC(2135) User=0.14s Sys=0.00s Real=0.07s
[569.017s][info][gc,start       ] GC(2136) Pause Young (Allocation Failure)
[569.092s][info][gc,heap        ] GC(2136) PSYoungGen: 187888K(222720K)->63216K(222720K) Eden: 111616K(111616K)->0K(111616K) From: 76272K(111104K)->63216K(111104K)
[569.092s][info][gc,heap        ] GC(2136) ParOldGen: 625578K(667648K)->638690K(667648K)
[569.092s][info][gc,metaspace   ] GC(2136) Metaspace: 19108K(19328K)->19108K(19328K) NonClass: 16442K(16576K)->16442K(16576K) Class: 2666K(2752K)->2666K(2752K)
[569.092s][info][gc             ] GC(2136) Pause Young (Allocation Failure) 794M->685M(869M) 74.993ms
[569.092s][info][gc,cpu         ] GC(2136) User=0.14s Sys=0.00s Real=0.08s
[569.249s][info][gc,start       ] GC(2137) Pause Full (Allocation Failure)
[569.249s][info][gc,phases,start] GC(2137) Marking Phase
[569.425s][info][gc,phases      ] GC(2137) Marking Phase 175.584ms
[569.425s][info][gc,phases,start] GC(2137) Summary Phase
[569.425s][info][gc,phases      ] GC(2137) Summary Phase 0.026ms
[569.425s][info][gc,phases,start] GC(2137) Forward
[569.497s][info][gc,phases      ] GC(2137) Forward 72.420ms
[569.497s][info][gc,phases,start] GC(2137) Adjust Pointers
[569.651s][info][gc,phases      ] GC(2137) Adjust Pointers 154.072ms
[569.652s][info][gc,phases,start] GC(2137) Compaction Phase
[569.725s][info][gc,phases      ] GC(2137) Compaction Phase 73.540ms
[569.737s][info][gc,phases,start] GC(2137) Post Compact
[569.739s][info][gc,phases      ] GC(2137) Post Compact 2.374ms
[569.743s][info][gc,heap        ] GC(2137) PSYoungGen: 174832K(222720K)->0K(222720K) Eden: 111616K(111616K)->0K(111616K) From: 63216K(111104K)->0K(111104K)
[569.743s][info][gc,heap        ] GC(2137) ParOldGen: 638690K(667648K)->289413K(592896K)
[569.743s][info][gc,metaspace   ] GC(2137) Metaspace: 19108K(19328K)->19108K(19328K) NonClass: 16442K(16576K)->16442K(16576K) Class: 2666K(2752K)->2666K(2752K)
[569.743s][info][gc             ] GC(2137) Pause Full (Allocation Failure) 794M->282M(796M) 494.066ms
[569.743s][info][gc,cpu         ] GC(2137) User=0.89s Sys=0.00s Real=0.49s
[569.900s][info][gc,start       ] GC(2138) Pause Young (Allocation Failure)
[569.902s][info][gc,heap        ] GC(2138) PSYoungGen: 111616K(222720K)->64K(222720K) Eden: 111616K(111616K)->0K(111616K) From: 0K(111104K)->64K(111104K)
[569.902s][info][gc,heap        ] GC(2138) ParOldGen: 289413K(592896K)->289413K(592896K)
[569.902s][info][gc,metaspace   ] GC(2138) Metaspace: 19108K(19328K)->19108K(19328K) NonClass: 16442K(16576K)->16442K(16576K) Class: 2666K(2752K)->2666K(2752K)
[569.902s][info][gc             ] GC(2138) Pause Young (Allocation Failure) 391M->282M(796M) 1.155ms
[569.902s][info][gc,cpu         ] GC(2138) User=0.00s Sys=0.00s Real=0.00s
[570.053s][info][gc,start       ] GC(2139) Pause Young (Allocation Failure)
[570.054s][info][gc,heap        ] GC(2139) PSYoungGen: 111680K(222720K)->64K(222720K) Eden: 111616K(111616K)->0K(111616K) From: 64K(111104K)->64K(111104K)
[570.054s][info][gc,heap        ] GC(2139) ParOldGen: 289413K(592896K)->289413K(592896K)
[570.054s][info][gc,metaspace   ] GC(2139) Metaspace: 19108K(19328K)->19108K(19328K) NonClass: 16442K(16576K)->16442K(16576K) Class: 2666K(2752K)->2666K(2752K)
[570.054s][info][gc             ] GC(2139) Pause Young (Allocation Failure) 391M->282M(796M) 1.155ms
[570.054s][info][gc,cpu         ] GC(2139) User=0.00s Sys=0.00s Real=0.00s
[570.176s][info][gc,start       ] GC(2140) Pause Young (Allocation Failure)
[570.191s][info][gc,heap        ] GC(2140) PSYoungGen: 111680K(222720K)->12288K(222720K) Eden: 111616K(111616K)->0K(111616K) From: 64K(111104K)->12288K(111104K)
[570.191s][info][gc,heap        ] GC(2140) ParOldGen: 289413K(592896K)->289413K(592896K)
[570.191s][info][gc,metaspace   ] GC(2140) Metaspace: 19108K(19328K)->19108K(19328K) NonClass: 16442K(16576K)->16442K(16576K) Class: 2666K(2752K)->2666K(2752K)
[570.191s][info][gc             ] GC(2140) Pause Young (Allocation Failure) 391M->294M(796M) 14.778ms
[570.191s][info][gc,cpu         ] GC(2140) User=0.02s Sys=0.00s Real=0.02s
[570.298s][info][gc,start       ] GC(2141) Pause Young (Allocation Failure)
[570.323s][info][gc,heap        ] GC(2141) PSYoungGen: 123904K(222720K)->24512K(222720K) Eden: 111616K(111616K)->0K(111616K) From: 12288K(111104K)->24512K(111104K)
[570.323s][info][gc,heap        ] GC(2141) ParOldGen: 289413K(592896K)->289413K(592896K)
[570.323s][info][gc,metaspace   ] GC(2141) Metaspace: 19108K(19328K)->19108K(19328K) NonClass: 16442K(16576K)->16442K(16576K) Class: 2666K(2752K)->2666K(2752K)
[570.323s][info][gc             ] GC(2141) Pause Young (Allocation Failure) 403M->306M(796M) 25.361ms
[570.323s][info][gc,cpu         ] GC(2141) User=0.05s Sys=0.00s Real=0.02s
[570.390s][info][gc,start       ] GC(2142) Pause Young (Allocation Failure)
[570.436s][info][gc,heap        ] GC(2142) PSYoungGen: 136128K(222720K)->42752K(220672K) Eden: 111616K(111616K)->0K(111616K) From: 24512K(111104K)->42752K(109056K)
[570.436s][info][gc,heap        ] GC(2142) ParOldGen: 289413K(592896K)->289421K(592896K)
[570.436s][info][gc,metaspace   ] GC(2142) Metaspace: 19108K(19328K)->19108K(19328K) NonClass: 16442K(16576K)->16442K(16576K) Class: 2666K(2752K)->2666K(2752K)
[570.436s][info][gc             ] GC(2142) Pause Young (Allocation Failure) 415M->324M(794M) 45.681ms
[570.436s][info][gc,cpu         ] GC(2142) User=0.09s Sys=0.00s Real=0.04s
[570.522s][info][gc,start       ] GC(2143) Pause Young (Allocation Failure)
[570.573s][info][gc,heap        ] GC(2143) PSYoungGen: 154368K(220672K)->38816K(150528K) Eden: 111616K(111616K)->0K(111616K) From: 42752K(109056K)->38816K(38912K)
[570.573s][info][gc,heap        ] GC(2143) ParOldGen: 289421K(592896K)->301701K(592896K)
[570.573s][info][gc,metaspace   ] GC(2143) Metaspace: 19108K(19328K)->19108K(19328K) NonClass: 16442K(16576K)->16442K(16576K) Class: 2666K(2752K)->2666K(2752K)
[570.573s][info][gc             ] GC(2143) Pause Young (Allocation Failure) 433M->332M(726M) 51.404ms
[570.573s][info][gc,cpu         ] GC(2143) User=0.10s Sys=0.00s Real=0.05s
[570.643s][info][gc,start       ] GC(2144) Pause Young (Allocation Failure)
[570.700s][info][gc,heap        ] GC(2144) PSYoungGen: 150432K(150528K)->25280K(222720K) Eden: 111616K(111616K)->0K(119296K) From: 38816K(38912K)->25280K(103424K)
[570.700s][info][gc,heap        ] GC(2144) ParOldGen: 301701K(592896K)->332237K(592896K)
[570.700s][info][gc,metaspace   ] GC(2144) Metaspace: 19108K(19328K)->19108K(19328K) NonClass: 16442K(16576K)->16442K(16576K) Class: 2666K(2752K)->2666K(2752K)
[570.700s][info][gc             ] GC(2144) Pause Young (Allocation Failure) 441M->349M(796M) 57.737ms
[570.700s][info][gc,cpu         ] GC(2144) User=0.12s Sys=0.00s Real=0.06s
[570.781s][info][gc,start       ] GC(2145) Pause Young (Allocation Failure)
[570.817s][info][gc,heap        ] GC(2145) PSYoungGen: 144576K(222720K)->5408K(218112K) Eden: 119296K(119296K)->0K(119296K) From: 25280K(103424K)->5408K(98816K)
[570.817s][info][gc,heap        ] GC(2145) ParOldGen: 332237K(592896K)->357549K(592896K)
[570.817s][info][gc,metaspace   ] GC(2145) Metaspace: 19108K(19328K)->19108K(19328K) NonClass: 16442K(16576K)->16442K(16576K) Class: 2666K(2752K)->2666K(2752K)
[570.817s][info][gc             ] GC(2145) Pause Young (Allocation Failure) 465M->354M(792M) 35.994ms
[570.817s][info][gc,cpu         ] GC(2145) User=0.07s Sys=0.00s Real=0.03s
[570.913s][info][gc,start       ] GC(2146) Pause Young (Allocation Failure)
[570.950s][info][gc,heap        ] GC(2146) PSYoungGen: 124704K(218112K)->26176K(223744K) Eden: 119296K(119296K)->0K(133632K) From: 5408K(98816K)->26176K(90112K)
[570.950s][info][gc,heap        ] GC(2146) ParOldGen: 357549K(592896K)->362941K(592896K)
[570.950s][info][gc,metaspace   ] GC(2146) Metaspace: 19108K(19328K)->19108K(19328K) NonClass: 16442K(16576K)->16442K(16576K) Class: 2666K(2752K)->2666K(2752K)
[570.950s][info][gc             ] GC(2146) Pause Young (Allocation Failure) 470M->379M(797M) 36.692ms
[570.950s][info][gc,cpu         ] GC(2146) User=0.07s Sys=0.00s Real=0.04s
[571.064s][info][gc,start       ] GC(2147) Pause Young (Allocation Failure)
[571.105s][info][gc,heap        ] GC(2147) PSYoungGen: 159808K(223744K)->13504K(226816K) Eden: 133632K(133632K)->0K(133632K) From: 26176K(90112K)->13504K(93184K)
[571.105s][info][gc,heap        ] GC(2147) ParOldGen: 362941K(592896K)->389165K(592896K)
[571.105s][info][gc,metaspace   ] GC(2147) Metaspace: 19108K(19328K)->19108K(19328K) NonClass: 16442K(16576K)->16442K(16576K) Class: 2666K(2752K)->2666K(2752K)
[571.105s][info][gc             ] GC(2147) Pause Young (Allocation Failure) 510M->393M(800M) 40.791ms
[571.105s][info][gc,cpu         ] GC(2147) User=0.08s Sys=0.00s Real=0.04s
[571.241s][info][gc,start       ] GC(2148) Pause Young (Allocation Failure)
[571.263s][info][gc,heap        ] GC(2148) PSYoungGen: 147136K(226816K)->3552K(235520K) Eden: 133632K(133632K)->0K(148480K) From: 13504K(93184K)->3552K(87040K)
[571.263s][info][gc,heap        ] GC(2148) ParOldGen: 389165K(592896K)->402693K(592896K)
[571.263s][info][gc,metaspace   ] GC(2148) Metaspace: 19108K(19328K)->19108K(19328K) NonClass: 16442K(16576K)->16442K(16576K) Class: 2666K(2752K)->2666K(2752K)
[571.263s][info][gc             ] GC(2148) Pause Young (Allocation Failure) 523M->396M(809M) 21.917ms
[571.263s][info][gc,cpu         ] GC(2148) User=0.05s Sys=0.00s Real=0.02s
[571.422s][info][gc,start       ] GC(2149) Pause Young (Allocation Failure)
[571.436s][info][gc,heap        ] GC(2149) PSYoungGen: 152032K(235520K)->1408K(237568K) Eden: 148480K(148480K)->0K(148480K) From: 3552K(87040K)->1408K(89088K)
[571.436s][info][gc,heap        ] GC(2149) ParOldGen: 402693K(592896K)->406205K(592896K)
[571.436s][info][gc,metaspace   ] GC(2149) Metaspace: 19108K(19328K)->19108K(19328K) NonClass: 16442K(16576K)->16442K(16576K) Class: 2666K(2752K)->2666K(2752K)
[571.436s][info][gc             ] GC(2149) Pause Young (Allocation Failure) 541M->398M(811M) 13.560ms
[571.436s][info][gc,cpu         ] GC(2149) User=0.03s Sys=0.00s Real=0.01s
[571.605s][info][gc,start       ] GC(2150) Pause Young (Allocation Failure)
[571.617s][info][gc,heap        ] GC(2150) PSYoungGen: 149888K(237568K)->3296K(239104K) Eden: 148480K(148480K)->0K(157184K) From: 1408K(89088K)->3296K(81920K)
[571.617s][info][gc,heap        ] GC(2150) ParOldGen: 406205K(592896K)->407602K(592896K)
[571.617s][info][gc,metaspace   ] GC(2150) Metaspace: 19108K(19328K)->19108K(19328K) NonClass: 16442K(16576K)->16442K(16576K) Class: 2666K(2752K)->2666K(2752K)
[571.617s][info][gc             ] GC(2150) Pause Young (Allocation Failure) 543M->401M(812M) 12.508ms
[571.618s][info][gc,cpu         ] GC(2150) User=0.03s Sys=0.01s Real=0.02s
[571.764s][info][gc,start       ] GC(2151) Pause Young (Allocation Failure)
[571.770s][info][gc,heap        ] GC(2151) PSYoungGen: 160480K(239104K)->3296K(242176K) Eden: 157184K(157184K)->0K(157184K) From: 3296K(81920K)->3296K(84992K)
[571.770s][info][gc,heap        ] GC(2151) ParOldGen: 407602K(592896K)->407602K(592896K)
[571.770s][info][gc,metaspace   ] GC(2151) Metaspace: 19108K(19328K)->19108K(19328K) NonClass: 16442K(16576K)->16442K(16576K) Class: 2666K(2752K)->2666K(2752K)
[571.770s][info][gc             ] GC(2151) Pause Young (Allocation Failure) 554M->401M(815M) 6.080ms
[571.770s][info][gc,cpu         ] GC(2151) User=0.01s Sys=0.00s Real=0.01s
[571.973s][info][gc,start       ] GC(2152) Pause Young (Allocation Failure)
[572.005s][info][gc,heap        ] GC(2152) PSYoungGen: 160480K(242176K)->29344K(242176K) Eden: 157184K(157184K)->0K(166400K) From: 3296K(84992K)->29344K(75776K)
[572.005s][info][gc,heap        ] GC(2152) ParOldGen: 407602K(592896K)->407602K(592896K)
[572.005s][info][gc,metaspace   ] GC(2152) Metaspace: 19108K(19328K)->19108K(19328K) NonClass: 16442K(16576K)->16442K(16576K) Class: 2666K(2752K)->2666K(2752K)
[572.005s][info][gc             ] GC(2152) Pause Young (Allocation Failure) 554M->426M(815M) 31.555ms
[572.005s][info][gc,cpu         ] GC(2152) User=0.07s Sys=0.00s Real=0.03s
[572.170s][info][gc,start       ] GC(2153) Pause Young (Allocation Failure)
[572.241s][info][gc,heap        ] GC(2153) PSYoungGen: 195744K(242176K)->77856K(244736K) Eden: 166400K(166400K)->0K(166400K) From: 29344K(75776K)->77856K(78336K)
[572.241s][info][gc,heap        ] GC(2153) ParOldGen: 407602K(592896K)->407602K(592896K)
[572.241s][info][gc,metaspace   ] GC(2153) Metaspace: 19108K(19328K)->19108K(19328K) NonClass: 16442K(16576K)->16442K(16576K) Class: 2666K(2752K)->2666K(2752K)
[572.241s][info][gc             ] GC(2153) Pause Young (Allocation Failure) 589M->474M(818M) 70.999ms
[572.241s][info][gc,cpu         ] GC(2153) User=0.14s Sys=0.00s Real=0.07s
[572.449s][info][gc,start       ] GC(2154) Pause Young (Allocation Failure)
[572.533s][info][gc,heap        ] GC(2154) PSYoungGen: 244256K(244736K)->89072K(200704K) Eden: 166400K(166400K)->0K(111616K) From: 77856K(78336K)->89072K(89088K)
[572.533s][info][gc,heap        ] GC(2154) ParOldGen: 407602K(592896K)->419170K(592896K)
[572.533s][info][gc,metaspace   ] GC(2154) Metaspace: 19108K(19328K)->19108K(19328K) NonClass: 16442K(16576K)->16442K(16576K) Class: 2666K(2752K)->2666K(2752K)
[572.533s][info][gc             ] GC(2154) Pause Young (Allocation Failure) 636M->496M(775M) 84.006ms
[572.533s][info][gc,cpu         ] GC(2154) User=0.16s Sys=0.01s Real=0.08s
[572.612s][info][gc,start       ] GC(2155) Pause Young (Allocation Failure)
[572.686s][info][gc,heap        ] GC(2155) PSYoungGen: 200688K(200704K)->91112K(222720K) Eden: 111616K(111616K)->0K(111616K) From: 89072K(89088K)->91112K(111104K)
[572.686s][info][gc,heap        ] GC(2155) ParOldGen: 419170K(592896K)->422466K(592896K)
[572.686s][info][gc,metaspace   ] GC(2155) Metaspace: 19108K(19328K)->19108K(19328K) NonClass: 16442K(16576K)->16442K(16576K) Class: 2666K(2752K)->2666K(2752K)
[572.686s][info][gc             ] GC(2155) Pause Young (Allocation Failure) 605M->501M(796M) 74.983ms
[572.687s][info][gc,cpu         ] GC(2155) User=0.15s Sys=0.00s Real=0.07s
[572.837s][info][gc,start       ] GC(2156) Pause Young (Allocation Failure)
[572.911s][info][gc,heap        ] GC(2156) PSYoungGen: 202728K(222720K)->27120K(222720K) Eden: 111616K(111616K)->0K(111616K) From: 91112K(111104K)->27120K(111104K)
[572.911s][info][gc,heap        ] GC(2156) ParOldGen: 422466K(592896K)->487101K(592896K)
[572.911s][info][gc,metaspace   ] GC(2156) Metaspace: 19108K(19328K)->19108K(19328K) NonClass: 16442K(16576K)->16442K(16576K) Class: 2666K(2752K)->2666K(2752K)
[572.911s][info][gc             ] GC(2156) Pause Young (Allocation Failure) 610M->502M(796M) 74.097ms
[572.911s][info][gc,cpu         ] GC(2156) User=0.15s Sys=0.00s Real=0.08s
[573.051s][info][gc,start       ] GC(2157) Pause Young (Allocation Failure)
[573.076s][info][gc,heap        ] GC(2157) PSYoungGen: 138736K(222720K)->544K(222720K) Eden: 111616K(111616K)->0K(111616K) From: 27120K(111104K)->544K(111104K)
[573.076s][info][gc,heap        ] GC(2157) ParOldGen: 487101K(592896K)->514170K(592896K)
[573.076s][info][gc,metaspace   ] GC(2157) Metaspace: 19108K(19328K)->19108K(19328K) NonClass: 16442K(16576K)->16442K(16576K) Class: 2666K(2752K)->2666K(2752K)
[573.076s][info][gc             ] GC(2157) Pause Young (Allocation Failure) 611M->502M(796M) 25.205ms
[573.076s][info][gc,cpu         ] GC(2157) User=0.05s Sys=0.00s Real=0.02s
[573.280s][info][gc,start       ] GC(2158) Pause Young (Allocation Failure)
[573.284s][info][gc,heap        ] GC(2158) PSYoungGen: 112160K(222720K)->480K(222720K) Eden: 111616K(111616K)->0K(111616K) From: 544K(111104K)->480K(111104K)
[573.284s][info][gc,heap        ] GC(2158) ParOldGen: 514170K(592896K)->514666K(592896K)
[573.284s][info][gc,metaspace   ] GC(2158) Metaspace: 19108K(19328K)->19108K(19328K) NonClass: 16442K(16576K)->16442K(16576K) Class: 2666K(2752K)->2666K(2752K)
[573.284s][info][gc             ] GC(2158) Pause Young (Allocation Failure) 611M->503M(796M) 4.627ms
[573.284s][info][gc,cpu         ] GC(2158) User=0.01s Sys=0.00s Real=0.00s
[573.388s][info][gc,start       ] GC(2159) Pause Young (Allocation Failure)
[573.394s][info][gc,heap        ] GC(2159) PSYoungGen: 112096K(222720K)->1216K(222720K) Eden: 111616K(111616K)->0K(111616K) From: 480K(111104K)->1216K(111104K)
[573.394s][info][gc,heap        ] GC(2159) ParOldGen: 514666K(592896K)->515138K(592896K)
[573.394s][info][gc,metaspace   ] GC(2159) Metaspace: 19108K(19328K)->19108K(19328K) NonClass: 16442K(16576K)->16442K(16576K) Class: 2666K(2752K)->2666K(2752K)
[573.394s][info][gc             ] GC(2159) Pause Young (Allocation Failure) 612M->504M(796M) 5.593ms
[573.394s][info][gc,cpu         ] GC(2159) User=0.01s Sys=0.00s Real=0.00s
[573.500s][info][gc,start       ] GC(2160) Pause Young (Allocation Failure)
[573.507s][info][gc,heap        ] GC(2160) PSYoungGen: 112832K(222720K)->1216K(220672K) Eden: 111616K(111616K)->0K(111616K) From: 1216K(111104K)->1216K(109056K)
[573.507s][info][gc,heap        ] GC(2160) ParOldGen: 515138K(592896K)->516338K(592896K)
[573.507s][info][gc,metaspace   ] GC(2160) Metaspace: 19108K(19328K)->19108K(19328K) NonClass: 16442K(16576K)->16442K(16576K) Class: 2666K(2752K)->2666K(2752K)
[573.507s][info][gc             ] GC(2160) Pause Young (Allocation Failure) 613M->505M(794M) 7.220ms
[573.507s][info][gc,cpu         ] GC(2160) User=0.01s Sys=0.00s Real=0.00s
[573.733s][info][gc,start       ] GC(2161) Pause Young (Allocation Failure)
[573.766s][info][gc,heap        ] GC(2161) PSYoungGen: 112832K(220672K)->16001K(128000K) Eden: 111616K(111616K)->0K(111616K) From: 1216K(109056K)->16001K(16384K)
[573.766s][info][gc,heap        ] GC(2161) ParOldGen: 516338K(592896K)->516338K(592896K)
[573.766s][info][gc,metaspace   ] GC(2161) Metaspace: 19110K(19328K)->19110K(19328K) NonClass: 16444K(16576K)->16444K(16576K) Class: 2666K(2752K)->2666K(2752K)
[573.766s][info][gc             ] GC(2161) Pause Young (Allocation Failure) 614M->519M(704M) 32.828ms
[573.766s][info][gc,cpu         ] GC(2161) User=0.06s Sys=0.00s Real=0.03s
[573.975s][info][gc,start       ] GC(2162) Pause Young (Allocation Failure)
[574.018s][info][gc,heap        ] GC(2162) PSYoungGen: 127617K(128000K)->29450K(218112K) Eden: 111616K(111616K)->0K(120832K) From: 16001K(16384K)->29450K(97280K)
[574.018s][info][gc,heap        ] GC(2162) ParOldGen: 516338K(592896K)->516338K(592896K)
[574.018s][info][gc,metaspace   ] GC(2162) Metaspace: 19110K(19328K)->19110K(19328K) NonClass: 16444K(16576K)->16444K(16576K) Class: 2666K(2752K)->2666K(2752K)
[574.018s][info][gc             ] GC(2162) Pause Young (Allocation Failure) 628M->532M(792M) 43.173ms
[574.018s][info][gc,cpu         ] GC(2162) User=0.08s Sys=0.00s Real=0.05s
[574.183s][info][gc,start       ] GC(2163) Pause Young (Allocation Failure)
[574.243s][info][gc,heap        ] GC(2163) PSYoungGen: 150282K(218112K)->48298K(218112K) Eden: 120832K(120832K)->0K(120832K) From: 29450K(97280K)->48298K(97280K)
[574.243s][info][gc,heap        ] GC(2163) ParOldGen: 516338K(592896K)->516338K(592896K)
[574.243s][info][gc,metaspace   ] GC(2163) Metaspace: 19110K(19328K)->19110K(19328K) NonClass: 16444K(16576K)->16444K(16576K) Class: 2666K(2752K)->2666K(2752K)
[574.243s][info][gc             ] GC(2163) Pause Young (Allocation Failure) 650M->551M(792M) 60.014ms
[574.243s][info][gc,cpu         ] GC(2163) User=0.12s Sys=0.00s Real=0.06s
[574.357s][info][gc,start       ] GC(2164) Pause Young (Allocation Failure)
[574.423s][info][gc,heap        ] GC(2164) PSYoungGen: 169130K(218112K)->53610K(227840K) Eden: 120832K(120832K)->0K(129536K) From: 48298K(97280K)->53610K(98304K)
[574.423s][info][gc,heap        ] GC(2164) ParOldGen: 516338K(592896K)->516338K(592896K)
[574.423s][info][gc,metaspace   ] GC(2164) Metaspace: 19110K(19328K)->19110K(19328K) NonClass: 16444K(16576K)->16444K(16576K) Class: 2666K(2752K)->2666K(2752K)
[574.423s][info][gc             ] GC(2164) Pause Young (Allocation Failure) 669M->556M(801M) 65.869ms
[574.423s][info][gc,cpu         ] GC(2164) User=0.13s Sys=0.00s Real=0.07s
[574.585s][info][gc,start       ] GC(2165) Pause Young (Allocation Failure)
[574.658s][info][gc,heap        ] GC(2165) PSYoungGen: 183146K(227840K)->55114K(230400K) Eden: 129536K(129536K)->0K(129536K) From: 53610K(98304K)->55114K(100864K)
[574.658s][info][gc,heap        ] GC(2165) ParOldGen: 516338K(592896K)->517538K(592896K)
[574.658s][info][gc,metaspace   ] GC(2165) Metaspace: 19110K(19328K)->19110K(19328K) NonClass: 16444K(16576K)->16444K(16576K) Class: 2666K(2752K)->2666K(2752K)
[574.658s][info][gc             ] GC(2165) Pause Young (Allocation Failure) 683M->559M(804M) 72.303ms
[574.658s][info][gc,cpu         ] GC(2165) User=0.14s Sys=0.00s Real=0.08s
[574.808s][info][gc,start       ] GC(2166) Pause Young (Allocation Failure)
[574.875s][info][gc,heap        ] GC(2166) PSYoungGen: 184650K(230400K)->27200K(223744K) Eden: 129536K(129536K)->0K(130048K) From: 55114K(100864K)->27200K(93696K)
[574.875s][info][gc,heap        ] GC(2166) ParOldGen: 517538K(592896K)->545856K(592896K)
[574.875s][info][gc,metaspace   ] GC(2166) Metaspace: 19111K(19328K)->19111K(19328K) NonClass: 16445K(16576K)->16445K(16576K) Class: 2666K(2752K)->2666K(2752K)
[574.876s][info][gc             ] GC(2166) Pause Young (Allocation Failure) 685M->559M(797M) 67.940ms
[574.876s][info][gc,cpu         ] GC(2166) User=0.13s Sys=0.00s Real=0.06s
[574.961s][info][gc,start       ] GC(2167) Pause Young (Allocation Failure)
[574.991s][info][gc,heap        ] GC(2167) PSYoungGen: 157248K(223744K)->3040K(227328K) Eden: 130048K(130048K)->0K(130048K) From: 27200K(93696K)->3040K(97280K)
[574.991s][info][gc,heap        ] GC(2167) ParOldGen: 545856K(592896K)->570064K(592896K)
[574.991s][info][gc,metaspace   ] GC(2167) Metaspace: 19111K(19328K)->19111K(19328K) NonClass: 16445K(16576K)->16445K(16576K) Class: 2666K(2752K)->2666K(2752K)
[574.991s][info][gc             ] GC(2167) Pause Young (Allocation Failure) 686M->559M(801M) 29.908ms
[574.991s][info][gc,cpu         ] GC(2167) User=0.06s Sys=0.00s Real=0.03s
[575.176s][info][gc,start       ] GC(2168) Pause Young (Allocation Failure)
[575.189s][info][gc,heap        ] GC(2168) PSYoungGen: 133088K(227328K)->5888K(229888K) Eden: 130048K(130048K)->0K(140800K) From: 3040K(97280K)->5888K(89088K)
[575.189s][info][gc,heap        ] GC(2168) ParOldGen: 570064K(592896K)->573080K(592896K)
[575.189s][info][gc,metaspace   ] GC(2168) Metaspace: 19111K(19328K)->19111K(19328K) NonClass: 16445K(16576K)->16445K(16576K) Class: 2666K(2752K)->2666K(2752K)
[575.189s][info][gc             ] GC(2168) Pause Young (Allocation Failure) 686M->565M(803M) 13.622ms
[575.189s][info][gc,cpu         ] GC(2168) User=0.02s Sys=0.00s Real=0.02s
[575.331s][info][gc,start       ] GC(2169) Pause Young (Allocation Failure)
[575.341s][info][gc,heap        ] GC(2169) PSYoungGen: 146688K(229888K)->7568K(233984K) Eden: 140800K(140800K)->0K(140800K) From: 5888K(89088K)->7568K(93184K)
[575.341s][info][gc,heap        ] GC(2169) ParOldGen: 573080K(592896K)->573088K(592896K)
[575.341s][info][gc,metaspace   ] GC(2169) Metaspace: 19111K(19328K)->19111K(19328K) NonClass: 16445K(16576K)->16445K(16576K) Class: 2666K(2752K)->2666K(2752K)
[575.341s][info][gc             ] GC(2169) Pause Young (Allocation Failure) 702M->567M(807M) 10.392ms
[575.341s][info][gc,cpu         ] GC(2169) User=0.02s Sys=0.00s Real=0.01s
[575.827s][info][gc,start       ] GC(2170) Pause Young (Allocation Failure)
[575.837s][info][gc,heap        ] GC(2170) PSYoungGen: 148368K(233984K)->7712K(232960K) Eden: 140800K(140800K)->0K(151040K) From: 7568K(93184K)->7712K(81920K)
[575.837s][info][gc,heap        ] GC(2170) ParOldGen: 573088K(592896K)->573088K(592896K)
[575.837s][info][gc,metaspace   ] GC(2170) Metaspace: 19111K(19328K)->19111K(19328K) NonClass: 16445K(16576K)->16445K(16576K) Class: 2666K(2752K)->2666K(2752K)
[575.837s][info][gc             ] GC(2170) Pause Young (Allocation Failure) 704M->567M(806M) 9.806ms
[575.837s][info][gc,cpu         ] GC(2170) User=0.02s Sys=0.00s Real=0.01s
[576.118s][info][gc,start       ] GC(2171) Pause Young (Allocation Failure)
[576.149s][info][gc,heap        ] GC(2171) PSYoungGen: 158752K(232960K)->29048K(237056K) Eden: 151040K(151040K)->0K(151040K) From: 7712K(81920K)->29048K(86016K)
[576.149s][info][gc,heap        ] GC(2171) ParOldGen: 573088K(592896K)->573088K(592896K)
[576.149s][info][gc,metaspace   ] GC(2171) Metaspace: 19111K(19328K)->19111K(19328K) NonClass: 16445K(16576K)->16445K(16576K) Class: 2666K(2752K)->2666K(2752K)
[576.149s][info][gc             ] GC(2171) Pause Young (Allocation Failure) 714M->588M(810M) 30.659ms
[576.149s][info][gc,cpu         ] GC(2171) User=0.06s Sys=0.00s Real=0.03s
[576.447s][info][gc,start       ] GC(2172) Pause Young (Allocation Failure)
[576.482s][info][gc,heap        ] GC(2172) PSYoungGen: 180088K(237056K)->29048K(237056K) Eden: 151040K(151040K)->0K(162304K) From: 29048K(86016K)->29048K(74752K)
[576.482s][info][gc,heap        ] GC(2172) ParOldGen: 573088K(592896K)->573088K(592896K)
[576.482s][info][gc,metaspace   ] GC(2172) Metaspace: 19111K(19328K)->19111K(19328K) NonClass: 16445K(16576K)->16445K(16576K) Class: 2666K(2752K)->2666K(2752K)
[576.482s][info][gc             ] GC(2172) Pause Young (Allocation Failure) 735M->588M(810M) 35.120ms
[576.482s][info][gc,cpu         ] GC(2172) User=0.07s Sys=0.00s Real=0.04s
[577.342s][info][gc,start       ] GC(2173) Pause Young (Allocation Failure)
[577.373s][info][gc,heap        ] GC(2173) PSYoungGen: 191352K(237056K)->29469K(240640K) Eden: 162304K(162304K)->0K(162304K) From: 29048K(74752K)->29469K(78336K)
[577.373s][info][gc,heap        ] GC(2173) ParOldGen: 573088K(592896K)->573088K(592896K)
[577.373s][info][gc,metaspace   ] GC(2173) Metaspace: 19111K(19328K)->19111K(19328K) NonClass: 16445K(16576K)->16445K(16576K) Class: 2666K(2752K)->2666K(2752K)
[577.373s][info][gc             ] GC(2173) Pause Young (Allocation Failure) 746M->588M(814M) 30.417ms
[577.373s][info][gc,cpu         ] GC(2173) User=0.06s Sys=0.00s Real=0.03s
[578.159s][info][gc,start       ] GC(2174) Pause Young (Allocation Failure)
[578.194s][info][gc,heap        ] GC(2174) PSYoungGen: 191773K(240640K)->29917K(238592K) Eden: 162304K(162304K)->0K(171520K) From: 29469K(78336K)->29917K(67072K)
[578.194s][info][gc,heap        ] GC(2174) ParOldGen: 573088K(592896K)->573088K(592896K)
[578.194s][info][gc,metaspace   ] GC(2174) Metaspace: 19111K(19328K)->19111K(19328K) NonClass: 16445K(16576K)->16445K(16576K) Class: 2666K(2752K)->2666K(2752K)
[578.194s][info][gc             ] GC(2174) Pause Young (Allocation Failure) 746M->588M(812M) 34.341ms
[578.194s][info][gc,cpu         ] GC(2174) User=0.07s Sys=0.00s Real=0.03s
[578.911s][info][gc,start       ] GC(2175) Pause Young (Allocation Failure)
[578.943s][info][gc,heap        ] GC(2175) PSYoungGen: 201400K(238592K)->31365K(243200K) Eden: 171483K(171520K)->0K(171520K) From: 29917K(67072K)->31365K(71680K)
[578.943s][info][gc,heap        ] GC(2175) ParOldGen: 573088K(592896K)->573096K(592896K)
[578.943s][info][gc,metaspace   ] GC(2175) Metaspace: 19115K(19328K)->19115K(19328K) NonClass: 16449K(16576K)->16449K(16576K) Class: 2666K(2752K)->2666K(2752K)
[578.943s][info][gc             ] GC(2175) Pause Young (Allocation Failure) 756M->590M(816M) 32.603ms
[578.943s][info][gc,cpu         ] GC(2175) User=0.07s Sys=0.00s Real=0.03s
[579.336s][info][gc,start       ] GC(2176) Pause Young (Allocation Failure)
[579.369s][info][gc,heap        ] GC(2176) PSYoungGen: 202885K(243200K)->32151K(245760K) Eden: 171520K(171520K)->0K(180736K) From: 31365K(71680K)->32151K(65024K)
[579.369s][info][gc,heap        ] GC(2176) ParOldGen: 573096K(592896K)->573096K(592896K)
[579.369s][info][gc,metaspace   ] GC(2176) Metaspace: 19115K(19328K)->19115K(19328K) NonClass: 16449K(16576K)->16449K(16576K) Class: 2666K(2752K)->2666K(2752K)
[579.369s][info][gc             ] GC(2176) Pause Young (Allocation Failure) 757M->591M(819M) 33.037ms
[579.369s][info][gc,cpu         ] GC(2176) User=0.07s Sys=0.00s Real=0.04s
[579.645s][info][gc,start       ] GC(2177) Pause Young (Allocation Failure)
[579.708s][info][gc,heap        ] GC(2177) PSYoungGen: 212887K(245760K)->67053K(247808K) Eden: 180736K(180736K)->0K(180736K) From: 32151K(65024K)->67053K(67072K)
[579.708s][info][gc,heap        ] GC(2177) ParOldGen: 573096K(592896K)->573344K(592896K)
[579.708s][info][gc,metaspace   ] GC(2177) Metaspace: 19118K(19328K)->19118K(19328K) NonClass: 16451K(16576K)->16451K(16576K) Class: 2666K(2752K)->2666K(2752K)
[579.708s][info][gc             ] GC(2177) Pause Young (Allocation Failure) 767M->625M(821M) 63.006ms
[579.708s][info][gc,cpu         ] GC(2177) User=0.13s Sys=0.00s Real=0.07s
[579.852s][info][gc,start       ] GC(2178) Pause Young (Allocation Failure)
[579.989s][info][gc,heap        ] GC(2178) PSYoungGen: 247789K(247808K)->78333K(193024K) Eden: 180736K(180736K)->0K(114688K) From: 67053K(67072K)->78333K(78336K)
[579.989s][info][gc,heap        ] GC(2178) ParOldGen: 573344K(592896K)->623727K(624128K)
[579.989s][info][gc,metaspace   ] GC(2178) Metaspace: 19118K(19328K)->19118K(19328K) NonClass: 16451K(16576K)->16451K(16576K) Class: 2666K(2752K)->2666K(2752K)
[579.989s][info][gc             ] GC(2178) Pause Young (Allocation Failure) 801M->685M(798M) 136.589ms
[579.989s][info][gc,cpu         ] GC(2178) User=0.23s Sys=0.04s Real=0.14s
[580.126s][info][gc,start       ] GC(2179) Pause Full (Allocation Failure)
[580.126s][info][gc,phases,start] GC(2179) Marking Phase
[580.234s][info][gc,phases      ] GC(2179) Marking Phase 108.258ms
[580.234s][info][gc,phases,start] GC(2179) Summary Phase
[580.234s][info][gc,phases      ] GC(2179) Summary Phase 0.023ms
[580.234s][info][gc,phases,start] GC(2179) Forward
[580.273s][info][gc,phases      ] GC(2179) Forward 38.719ms
[580.273s][info][gc,phases,start] GC(2179) Adjust Pointers
[580.343s][info][gc,phases      ] GC(2179) Adjust Pointers 70.118ms
[580.343s][info][gc,phases,start] GC(2179) Compaction Phase
[580.390s][info][gc,phases      ] GC(2179) Compaction Phase 47.235ms
[580.391s][info][gc,phases,start] GC(2179) Post Compact
[580.393s][info][gc,phases      ] GC(2179) Post Compact 2.289ms
[580.404s][info][gc,heap        ] GC(2179) PSYoungGen: 193021K(193024K)->0K(224256K) Eden: 114688K(114688K)->0K(114688K) From: 78333K(78336K)->0K(109568K)
[580.404s][info][gc,heap        ] GC(2179) ParOldGen: 623727K(624128K)->177335K(496640K)
[580.404s][info][gc,metaspace   ] GC(2179) Metaspace: 19118K(19328K)->19118K(19328K) NonClass: 16451K(16576K)->16451K(16576K) Class: 2666K(2752K)->2666K(2752K)
[580.404s][info][gc             ] GC(2179) Pause Full (Allocation Failure) 797M->173M(704M) 278.816ms
[580.404s][info][gc,cpu         ] GC(2179) User=0.49s Sys=0.01s Real=0.28s
[580.625s][info][gc,start       ] GC(2180) Pause Young (Allocation Failure)
[580.662s][info][gc,heap        ] GC(2180) PSYoungGen: 114688K(224256K)->34519K(212992K) Eden: 114688K(114688K)->0K(114688K) From: 0K(109568K)->34519K(98304K)
[580.663s][info][gc,heap        ] GC(2180) ParOldGen: 177335K(496640K)->177335K(496640K)
[580.663s][info][gc,metaspace   ] GC(2180) Metaspace: 19118K(19328K)->19118K(19328K) NonClass: 16451K(16576K)->16451K(16576K) Class: 2666K(2752K)->2666K(2752K)
[580.663s][info][gc             ] GC(2180) Pause Young (Allocation Failure) 285M->206M(693M) 37.994ms
[580.663s][info][gc,cpu         ] GC(2180) User=0.07s Sys=0.00s Real=0.04s
[580.779s][info][gc,start       ] GC(2181) Pause Young (Allocation Failure)
[580.832s][info][gc,heap        ] GC(2181) PSYoungGen: 149207K(212992K)->40951K(218624K) Eden: 114688K(114688K)->0K(114688K) From: 34519K(98304K)->40951K(103936K)
[580.832s][info][gc,heap        ] GC(2181) ParOldGen: 177335K(496640K)->177335K(496640K)
[580.832s][info][gc,metaspace   ] GC(2181) Metaspace: 19118K(19328K)->19118K(19328K) NonClass: 16452K(16576K)->16452K(16576K) Class: 2666K(2752K)->2666K(2752K)
[580.832s][info][gc             ] GC(2181) Pause Young (Allocation Failure) 318M->213M(698M) 52.945ms
[580.832s][info][gc,cpu         ] GC(2181) User=0.10s Sys=0.00s Real=0.05s
[580.998s][info][gc,start       ] GC(2182) Pause Young (Allocation Failure)
[581.081s][info][gc,heap        ] GC(2182) PSYoungGen: 155639K(218624K)->65491K(221696K) Eden: 114688K(114688K)->0K(123904K) From: 40951K(103936K)->65491K(97792K)
[581.081s][info][gc,heap        ] GC(2182) ParOldGen: 177335K(496640K)->177335K(496640K)
[581.081s][info][gc,metaspace   ] GC(2182) Metaspace: 19119K(19328K)->19119K(19328K) NonClass: 16453K(16576K)->16453K(16576K) Class: 2666K(2752K)->2666K(2752K)
[581.081s][info][gc             ] GC(2182) Pause Young (Allocation Failure) 325M->237M(701M) 83.563ms
[581.081s][info][gc,cpu         ] GC(2182) User=0.17s Sys=0.00s Real=0.08s
[581.223s][info][gc,start       ] GC(2183) Pause Young (Allocation Failure)
[581.314s][info][gc,heap        ] GC(2183) PSYoungGen: 189395K(221696K)->74345K(225280K) Eden: 123904K(123904K)->0K(123904K) From: 65491K(97792K)->74345K(101376K)
[581.314s][info][gc,heap        ] GC(2183) ParOldGen: 177335K(496640K)->177335K(496640K)
[581.314s][info][gc,metaspace   ] GC(2183) Metaspace: 19119K(19328K)->19119K(19328K) NonClass: 16453K(16576K)->16453K(16576K) Class: 2666K(2752K)->2666K(2752K)
[581.314s][info][gc             ] GC(2183) Pause Young (Allocation Failure) 358M->245M(705M) 90.956ms
[581.314s][info][gc,cpu         ] GC(2183) User=0.18s Sys=0.00s Real=0.09s
[581.432s][info][gc,start       ] GC(2184) Pause Young (Allocation Failure)
[581.534s][info][gc,heap        ] GC(2184) PSYoungGen: 198249K(225280K)->83945K(219136K) Eden: 123904K(123904K)->0K(111616K) From: 74345K(101376K)->83945K(107520K)
[581.534s][info][gc,heap        ] GC(2184) ParOldGen: 177335K(496640K)->177335K(496640K)
[581.534s][info][gc,metaspace   ] GC(2184) Metaspace: 19119K(19328K)->19119K(19328K) NonClass: 16453K(16576K)->16453K(16576K) Class: 2666K(2752K)->2666K(2752K)
[581.534s][info][gc             ] GC(2184) Pause Young (Allocation Failure) 366M->255M(699M) 101.839ms
[581.534s][info][gc,cpu         ] GC(2184) User=0.21s Sys=0.00s Real=0.10s
[581.642s][info][gc,start       ] GC(2185) Pause Young (Allocation Failure)
[581.743s][info][gc,heap        ] GC(2185) PSYoungGen: 195561K(219136K)->43218K(222720K) Eden: 111616K(111616K)->0K(111616K) From: 83945K(107520K)->43218K(111104K)
[581.743s][info][gc,heap        ] GC(2185) ParOldGen: 177335K(496640K)->218417K(496640K)
[581.743s][info][gc,metaspace   ] GC(2185) Metaspace: 19119K(19328K)->19119K(19328K) NonClass: 16453K(16576K)->16453K(16576K) Class: 2666K(2752K)->2666K(2752K)
[581.743s][info][gc             ] GC(2185) Pause Young (Allocation Failure) 364M->255M(702M) 101.322ms
[581.743s][info][gc,cpu         ] GC(2185) User=0.20s Sys=0.00s Real=0.10s
[581.818s][info][gc,start       ] GC(2186) Pause Young (Allocation Failure)
[581.893s][info][gc,heap        ] GC(2186) PSYoungGen: 154834K(222720K)->34896K(214528K) Eden: 111616K(111616K)->0K(112640K) From: 43218K(111104K)->34896K(101888K)
[581.893s][info][gc,heap        ] GC(2186) ParOldGen: 218417K(496640K)->251928K(496640K)
[581.893s][info][gc,metaspace   ] GC(2186) Metaspace: 19119K(19328K)->19119K(19328K) NonClass: 16453K(16576K)->16453K(16576K) Class: 2666K(2752K)->2666K(2752K)
[581.893s][info][gc             ] GC(2186) Pause Young (Allocation Failure) 364M->280M(694M) 74.969ms
[581.893s][info][gc,cpu         ] GC(2186) User=0.15s Sys=0.00s Real=0.07s
[581.963s][info][gc,start       ] GC(2187) Pause Young (Allocation Failure)
[582.024s][info][gc,heap        ] GC(2187) PSYoungGen: 147536K(214528K)->58768K(219136K) Eden: 112640K(112640K)->0K(112640K) From: 34896K(101888K)->58768K(106496K)
[582.024s][info][gc,heap        ] GC(2187) ParOldGen: 251928K(496640K)->261704K(496640K)
[582.024s][info][gc,metaspace   ] GC(2187) Metaspace: 19119K(19328K)->19119K(19328K) NonClass: 16453K(16576K)->16453K(16576K) Class: 2666K(2752K)->2666K(2752K)
[582.024s][info][gc             ] GC(2187) Pause Young (Allocation Failure) 390M->312M(699M) 60.946ms
[582.024s][info][gc,cpu         ] GC(2187) User=0.12s Sys=0.00s Real=0.06s
[582.119s][info][gc,start       ] GC(2188) Pause Young (Allocation Failure)
[582.178s][info][gc,heap        ] GC(2188) PSYoungGen: 171408K(219136K)->8003K(226304K) Eden: 112640K(112640K)->0K(121856K) From: 58768K(106496K)->8003K(104448K)
[582.178s][info][gc,heap        ] GC(2188) ParOldGen: 261704K(496640K)->320812K(496640K)
[582.178s][info][gc,metaspace   ] GC(2188) Metaspace: 19119K(19328K)->19119K(19328K) NonClass: 16453K(16576K)->16453K(16576K) Class: 2666K(2752K)->2666K(2752K)
[582.178s][info][gc             ] GC(2188) Pause Young (Allocation Failure) 422M->321M(706M) 59.396ms
[582.178s][info][gc,cpu         ] GC(2188) User=0.12s Sys=0.00s Real=0.06s
[582.278s][info][gc,start       ] GC(2189) Pause Young (Allocation Failure)
[582.302s][info][gc,heap        ] GC(2189) PSYoungGen: 129859K(226304K)->7712K(227840K) Eden: 121856K(121856K)->0K(121856K) From: 8003K(104448K)->7712K(105984K)
[582.302s][info][gc,heap        ] GC(2189) ParOldGen: 320812K(496640K)->328811K(496640K)
[582.302s][info][gc,metaspace   ] GC(2189) Metaspace: 19119K(19328K)->19119K(19328K) NonClass: 16453K(16576K)->16453K(16576K) Class: 2666K(2752K)->2666K(2752K)
[582.302s][info][gc             ] GC(2189) Pause Young (Allocation Failure) 440M->328M(707M) 23.843ms
[582.302s][info][gc,cpu         ] GC(2189) User=0.05s Sys=0.00s Real=0.02s
[582.407s][info][gc,start       ] GC(2190) Pause Young (Allocation Failure)
[582.419s][info][gc,heap        ] GC(2190) PSYoungGen: 129568K(227840K)->2112K(227840K) Eden: 121856K(121856K)->0K(121856K) From: 7712K(105984K)->2112K(105984K)
[582.419s][info][gc,heap        ] GC(2190) ParOldGen: 328811K(496640K)->336539K(496640K)
[582.419s][info][gc,metaspace   ] GC(2190) Metaspace: 19119K(19328K)->19119K(19328K) NonClass: 16453K(16576K)->16453K(16576K) Class: 2666K(2752K)->2666K(2752K)
[582.419s][info][gc             ] GC(2190) Pause Young (Allocation Failure) 447M->330M(707M) 11.741ms
[582.419s][info][gc,cpu         ] GC(2190) User=0.03s Sys=0.00s Real=0.02s
[582.495s][info][gc,start       ] GC(2191) Pause Young (Allocation Failure)
[582.502s][info][gc,heap        ] GC(2191) PSYoungGen: 123968K(227840K)->3264K(125440K) Eden: 121856K(121856K)->0K(121856K) From: 2112K(105984K)->3264K(3584K)
[582.502s][info][gc,heap        ] GC(2191) ParOldGen: 336539K(496640K)->338627K(496640K)
[582.502s][info][gc,metaspace   ] GC(2191) Metaspace: 19119K(19328K)->19119K(19328K) NonClass: 16453K(16576K)->16453K(16576K) Class: 2666K(2752K)->2666K(2752K)
[582.502s][info][gc             ] GC(2191) Pause Young (Allocation Failure) 449M->333M(607M) 7.244ms
[582.502s][info][gc,cpu         ] GC(2191) User=0.01s Sys=0.00s Real=0.01s
[582.706s][info][gc,start       ] GC(2192) Pause Young (Allocation Failure)
[582.713s][info][gc,heap        ] GC(2192) PSYoungGen: 125120K(125440K)->1888K(228352K) Eden: 121856K(121856K)->0K(123392K) From: 3264K(3584K)->1888K(104960K)
[582.713s][info][gc,heap        ] GC(2192) ParOldGen: 338627K(496640K)->341859K(496640K)
[582.713s][info][gc,metaspace   ] GC(2192) Metaspace: 19119K(19328K)->19119K(19328K) NonClass: 16453K(16576K)->16453K(16576K) Class: 2666K(2752K)->2666K(2752K)
[582.713s][info][gc             ] GC(2192) Pause Young (Allocation Failure) 452M->335M(708M) 6.840ms
[582.713s][info][gc,cpu         ] GC(2192) User=0.01s Sys=0.00s Real=0.01s
[582.979s][info][gc,start       ] GC(2193) Pause Young (Allocation Failure)
[583.009s][info][gc,heap        ] GC(2193) PSYoungGen: 125280K(228352K)->26592K(150016K) Eden: 123392K(123392K)->0K(123392K) From: 1888K(104960K)->26592K(26624K)
[583.009s][info][gc,heap        ] GC(2193) ParOldGen: 341859K(496640K)->343720K(496640K)
[583.009s][info][gc,metaspace   ] GC(2193) Metaspace: 19119K(19328K)->19119K(19328K) NonClass: 16453K(16576K)->16453K(16576K) Class: 2666K(2752K)->2666K(2752K)
[583.009s][info][gc             ] GC(2193) Pause Young (Allocation Failure) 456M->361M(631M) 29.555ms
[583.009s][info][gc,cpu         ] GC(2193) User=0.06s Sys=0.00s Real=0.03s
[583.147s][info][gc,start       ] GC(2194) Pause Young (Allocation Failure)
[583.206s][info][gc,heap        ] GC(2194) PSYoungGen: 149984K(150016K)->39536K(225280K) Eden: 123392K(123392K)->0K(128512K) From: 26592K(26624K)->39536K(96768K)
[583.206s][info][gc,heap        ] GC(2194) ParOldGen: 343720K(496640K)->370407K(496640K)
[583.206s][info][gc,metaspace   ] GC(2194) Metaspace: 19119K(19328K)->19119K(19328K) NonClass: 16453K(16576K)->16453K(16576K) Class: 2666K(2752K)->2666K(2752K)
[583.206s][info][gc             ] GC(2194) Pause Young (Allocation Failure) 482M->400M(705M) 59.718ms
[583.206s][info][gc,cpu         ] GC(2194) User=0.12s Sys=0.00s Real=0.06s
[583.379s][info][gc,start       ] GC(2195) Pause Young (Allocation Failure)
[583.428s][info][gc,heap        ] GC(2195) PSYoungGen: 168048K(225280K)->15104K(222208K) Eden: 128512K(128512K)->0K(128512K) From: 39536K(96768K)->15104K(93696K)
[583.428s][info][gc,heap        ] GC(2195) ParOldGen: 370407K(496640K)->410108K(496640K)
[583.428s][info][gc,metaspace   ] GC(2195) Metaspace: 19119K(19328K)->19119K(19328K) NonClass: 16453K(16576K)->16453K(16576K) Class: 2666K(2752K)->2666K(2752K)
[583.428s][info][gc             ] GC(2195) Pause Young (Allocation Failure) 525M->415M(702M) 48.836ms
[583.428s][info][gc,cpu         ] GC(2195) User=0.10s Sys=0.00s Real=0.05s
[583.556s][info][gc,start       ] GC(2196) Pause Young (Allocation Failure)
[583.580s][info][gc,heap        ] GC(2196) PSYoungGen: 143616K(222208K)->832K(230912K) Eden: 128512K(128512K)->0K(142848K) From: 15104K(93696K)->832K(88064K)
[583.580s][info][gc,heap        ] GC(2196) ParOldGen: 410108K(496640K)->425218K(496640K)
[583.580s][info][gc,metaspace   ] GC(2196) Metaspace: 19119K(19328K)->19119K(19328K) NonClass: 16453K(16576K)->16453K(16576K) Class: 2666K(2752K)->2666K(2752K)
[583.580s][info][gc             ] GC(2196) Pause Young (Allocation Failure) 540M->416M(710M) 24.307ms
[583.581s][info][gc,cpu         ] GC(2196) User=0.05s Sys=0.00s Real=0.03s
[583.774s][info][gc,start       ] GC(2197) Pause Young (Allocation Failure)
[583.779s][info][gc,heap        ] GC(2197) PSYoungGen: 143680K(230912K)->1312K(231936K) Eden: 142848K(142848K)->0K(142848K) From: 832K(88064K)->1312K(89088K)
[583.779s][info][gc,heap        ] GC(2197) ParOldGen: 425218K(496640K)->426018K(496640K)
[583.779s][info][gc,metaspace   ] GC(2197) Metaspace: 19119K(19328K)->19119K(19328K) NonClass: 16453K(16576K)->16453K(16576K) Class: 2666K(2752K)->2666K(2752K)
[583.779s][info][gc             ] GC(2197) Pause Young (Allocation Failure) 555M->417M(711M) 5.027ms
[583.779s][info][gc,cpu         ] GC(2197) User=0.01s Sys=0.00s Real=0.01s
[584.054s][info][gc,start       ] GC(2198) Pause Young (Allocation Failure)
[584.059s][info][gc,heap        ] GC(2198) PSYoungGen: 144160K(231936K)->2592K(234496K) Eden: 142848K(142848K)->0K(154624K) From: 1312K(89088K)->2592K(79872K)
[584.059s][info][gc,heap        ] GC(2198) ParOldGen: 426018K(496640K)->426018K(496640K)
[584.059s][info][gc,metaspace   ] GC(2198) Metaspace: 19119K(19328K)->19119K(19328K) NonClass: 16453K(16576K)->16453K(16576K) Class: 2666K(2752K)->2666K(2752K)
[584.059s][info][gc             ] GC(2198) Pause Young (Allocation Failure) 556M->418M(714M) 5.171ms
[584.059s][info][gc,cpu         ] GC(2198) User=0.01s Sys=0.00s Real=0.01s
[584.216s][info][gc,start       ] GC(2199) Pause Young (Allocation Failure)
[584.281s][info][gc,heap        ] GC(2199) PSYoungGen: 157216K(234496K)->69491K(224256K) Eden: 154624K(154624K)->0K(154624K) From: 2592K(79872K)->69491K(69632K)
[584.281s][info][gc,heap        ] GC(2199) ParOldGen: 426018K(496640K)->426018K(496640K)
[584.281s][info][gc,metaspace   ] GC(2199) Metaspace: 19119K(19328K)->19119K(19328K) NonClass: 16453K(16576K)->16453K(16576K) Class: 2666K(2752K)->2666K(2752K)
[584.281s][info][gc             ] GC(2199) Pause Young (Allocation Failure) 569M->483M(704M) 64.586ms
[584.281s][info][gc,cpu         ] GC(2199) User=0.13s Sys=0.00s Real=0.07s
[584.473s][info][gc,start       ] GC(2200) Pause Young (Allocation Failure)
[584.541s][info][gc,heap        ] GC(2200) PSYoungGen: 224115K(224256K)->76504K(214528K) Eden: 154624K(154624K)->0K(118784K) From: 69491K(69632K)->76504K(95744K)
[584.541s][info][gc,heap        ] GC(2200) ParOldGen: 426018K(496640K)->427306K(496640K)
[584.541s][info][gc,metaspace   ] GC(2200) Metaspace: 19119K(19328K)->19119K(19328K) NonClass: 16453K(16576K)->16453K(16576K) Class: 2666K(2752K)->2666K(2752K)
[584.541s][info][gc             ] GC(2200) Pause Young (Allocation Failure) 634M->492M(694M) 68.006ms
[584.541s][info][gc,cpu         ] GC(2200) User=0.14s Sys=0.00s Real=0.07s
[584.672s][info][gc,start       ] GC(2201) Pause Young (Allocation Failure)
[584.738s][info][gc,heap        ] GC(2201) PSYoungGen: 195288K(214528K)->75720K(194560K) Eden: 118784K(118784K)->0K(118784K) From: 76504K(95744K)->75720K(75776K)
[584.738s][info][gc,heap        ] GC(2201) ParOldGen: 427306K(496640K)->428578K(496640K)
[584.738s][info][gc,metaspace   ] GC(2201) Metaspace: 19119K(19328K)->19119K(19328K) NonClass: 16453K(16576K)->16453K(16576K) Class: 2666K(2752K)->2666K(2752K)
[584.738s][info][gc             ] GC(2201) Pause Young (Allocation Failure) 608M->492M(675M) 65.942ms
[584.738s][info][gc,cpu         ] GC(2201) User=0.13s Sys=0.00s Real=0.07s
[584.864s][info][gc,start       ] GC(2202) Pause Young (Allocation Failure)
[585.003s][info][gc,heap        ] GC(2202) PSYoungGen: 194504K(194560K)->72736K(222720K) Eden: 118784K(118784K)->0K(111616K) From: 75720K(75776K)->72736K(111104K)
[585.003s][info][gc,heap        ] GC(2202) ParOldGen: 428578K(496640K)->504094K(504320K)
[585.003s][info][gc,metaspace   ] GC(2202) Metaspace: 19119K(19328K)->19119K(19328K) NonClass: 16453K(16576K)->16453K(16576K) Class: 2666K(2752K)->2666K(2752K)
[585.003s][info][gc             ] GC(2202) Pause Young (Allocation Failure) 608M->563M(710M) 139.599ms
[585.003s][info][gc,cpu         ] GC(2202) User=0.27s Sys=0.00s Real=0.14s
[585.163s][info][gc,start       ] GC(2203) Pause Young (Allocation Failure)
[585.284s][info][gc,heap        ] GC(2203) PSYoungGen: 184352K(222720K)->18112K(222720K) Eden: 111616K(111616K)->0K(111616K) From: 72736K(111104K)->18112K(111104K)
[585.284s][info][gc,heap        ] GC(2203) ParOldGen: 504094K(504320K)->577078K(577536K)
[585.284s][info][gc,metaspace   ] GC(2203) Metaspace: 19119K(19328K)->19119K(19328K) NonClass: 16453K(16576K)->16453K(16576K) Class: 2666K(2752K)->2666K(2752K)
[585.284s][info][gc             ] GC(2203) Pause Young (Allocation Failure) 672M->581M(781M) 121.567ms
[585.284s][info][gc,cpu         ] GC(2203) User=0.18s Sys=0.05s Real=0.12s
[585.419s][info][gc,start       ] GC(2204) Pause Young (Allocation Failure)
[585.454s][info][gc,heap        ] GC(2204) PSYoungGen: 129728K(222720K)->8084K(222720K) Eden: 111616K(111616K)->0K(111616K) From: 18112K(111104K)->8084K(111104K)
[585.454s][info][gc,heap        ] GC(2204) ParOldGen: 577078K(577536K)->595209K(595456K)
[585.454s][info][gc,metaspace   ] GC(2204) Metaspace: 19123K(19328K)->19123K(19328K) NonClass: 16457K(16576K)->16457K(16576K) Class: 2666K(2752K)->2666K(2752K)
[585.454s][info][gc             ] GC(2204) Pause Young (Allocation Failure) 690M->589M(799M) 34.805ms
[585.454s][info][gc,cpu         ] GC(2204) User=0.06s Sys=0.01s Real=0.03s
[585.533s][info][gc,start       ] GC(2205) Pause Full (Allocation Failure)
[585.533s][info][gc,phases,start] GC(2205) Marking Phase
[585.645s][info][gc,phases      ] GC(2205) Marking Phase 111.851ms
[585.645s][info][gc,phases,start] GC(2205) Summary Phase
[585.645s][info][gc,phases      ] GC(2205) Summary Phase 0.026ms
[585.645s][info][gc,phases,start] GC(2205) Forward
[585.681s][info][gc,phases      ] GC(2205) Forward 36.009ms
[585.681s][info][gc,phases,start] GC(2205) Adjust Pointers
[585.754s][info][gc,phases      ] GC(2205) Adjust Pointers 72.269ms
[585.754s][info][gc,phases,start] GC(2205) Compaction Phase
[585.797s][info][gc,phases      ] GC(2205) Compaction Phase 43.335ms
[585.800s][info][gc,phases,start] GC(2205) Post Compact
[585.802s][info][gc,phases      ] GC(2205) Post Compact 2.150ms
[585.810s][info][gc,heap        ] GC(2205) PSYoungGen: 119700K(222720K)->0K(222720K) Eden: 111616K(111616K)->0K(111616K) From: 8084K(111104K)->0K(111104K)
[585.810s][info][gc,heap        ] GC(2205) ParOldGen: 595209K(595456K)->149475K(498176K)
[585.810s][info][gc,metaspace   ] GC(2205) Metaspace: 19123K(19328K)->19123K(19328K) NonClass: 16457K(16576K)->16457K(16576K) Class: 2666K(2752K)->2666K(2752K)
[585.810s][info][gc             ] GC(2205) Pause Full (Allocation Failure) 698M->145M(704M) 276.998ms
[585.810s][info][gc,cpu         ] GC(2205) User=0.49s Sys=0.01s Real=0.28s
[585.890s][info][gc,start       ] GC(2206) Pause Young (Allocation Failure)
[585.915s][info][gc,heap        ] GC(2206) PSYoungGen: 111616K(222720K)->32864K(213504K) Eden: 111616K(111616K)->0K(111616K) From: 0K(111104K)->32864K(101888K)
[585.915s][info][gc,heap        ] GC(2206) ParOldGen: 149475K(498176K)->149475K(498176K)
[585.915s][info][gc,metaspace   ] GC(2206) Metaspace: 19123K(19328K)->19123K(19328K) NonClass: 16457K(16576K)->16457K(16576K) Class: 2666K(2752K)->2666K(2752K)
[585.915s][info][gc             ] GC(2206) Pause Young (Allocation Failure) 254M->178M(695M) 25.325ms
[585.915s][info][gc,cpu         ] GC(2206) User=0.05s Sys=0.00s Real=0.02s
[585.950s][info][gc,start       ] GC(2207) Pause Young (Allocation Failure)
[586.005s][info][gc,heap        ] GC(2207) PSYoungGen: 144480K(213504K)->46432K(218112K) Eden: 111616K(111616K)->0K(111616K) From: 32864K(101888K)->46432K(106496K)
[586.005s][info][gc,heap        ] GC(2207) ParOldGen: 149475K(498176K)->182587K(498176K)
[586.005s][info][gc,metaspace   ] GC(2207) Metaspace: 19123K(19328K)->19123K(19328K) NonClass: 16457K(16576K)->16457K(16576K) Class: 2666K(2752K)->2666K(2752K)
[586.005s][info][gc             ] GC(2207) Pause Young (Allocation Failure) 287M->223M(699M) 54.978ms
[586.005s][info][gc,cpu         ] GC(2207) User=0.10s Sys=0.00s Real=0.05s
[586.041s][info][gc,start       ] GC(2208) Pause Young (Allocation Failure)
[586.100s][info][gc,heap        ] GC(2208) PSYoungGen: 158048K(218112K)->45696K(219136K) Eden: 111616K(111616K)->0K(123392K) From: 46432K(106496K)->45696K(95744K)
[586.100s][info][gc,heap        ] GC(2208) ParOldGen: 182587K(498176K)->229571K(498176K)
[586.100s][info][gc,metaspace   ] GC(2208) Metaspace: 19123K(19328K)->19123K(19328K) NonClass: 16457K(16576K)->16457K(16576K) Class: 2666K(2752K)->2666K(2752K)
[586.100s][info][gc             ] GC(2208) Pause Young (Allocation Failure) 332M->268M(700M) 58.416ms
[586.100s][info][gc,cpu         ] GC(2208) User=0.12s Sys=0.00s Real=0.06s
[586.248s][info][gc,start       ] GC(2209) Pause Young (Allocation Failure)
[586.296s][info][gc,heap        ] GC(2209) PSYoungGen: 169088K(219136K)->17312K(224256K) Eden: 123392K(123392K)->0K(123392K) From: 45696K(95744K)->17312K(100864K)
[586.296s][info][gc,heap        ] GC(2209) ParOldGen: 229571K(498176K)->275683K(498176K)
[586.296s][info][gc,metaspace   ] GC(2209) Metaspace: 19123K(19328K)->19123K(19328K) NonClass: 16457K(16576K)->16457K(16576K) Class: 2666K(2752K)->2666K(2752K)
[586.296s][info][gc             ] GC(2209) Pause Young (Allocation Failure) 389M->286M(705M) 47.429ms
[586.296s][info][gc,cpu         ] GC(2209) User=0.10s Sys=0.00s Real=0.04s
[586.356s][info][gc,start       ] GC(2210) Pause Young (Allocation Failure)
[586.381s][info][gc,heap        ] GC(2210) PSYoungGen: 140704K(224256K)->3040K(228864K) Eden: 123392K(123392K)->0K(135168K) From: 17312K(100864K)->3040K(93696K)
[586.381s][info][gc,heap        ] GC(2210) ParOldGen: 275683K(498176K)->293123K(498176K)
[586.381s][info][gc,metaspace   ] GC(2210) Metaspace: 19123K(19328K)->19123K(19328K) NonClass: 16457K(16576K)->16457K(16576K) Class: 2666K(2752K)->2666K(2752K)
[586.381s][info][gc             ] GC(2210) Pause Young (Allocation Failure) 406M->289M(710M) 25.253ms
[586.381s][info][gc,cpu         ] GC(2210) User=0.05s Sys=0.00s Real=0.03s
[586.565s][info][gc,start       ] GC(2211) Pause Young (Allocation Failure)
[586.630s][info][gc,heap        ] GC(2211) PSYoungGen: 138208K(228864K)->33475K(231936K) Eden: 135168K(135168K)->0K(135168K) From: 3040K(93696K)->33475K(96768K)
[586.630s][info][gc,heap        ] GC(2211) ParOldGen: 293123K(498176K)->296147K(498176K)
[586.630s][info][gc,metaspace   ] GC(2211) Metaspace: 19126K(19328K)->19126K(19328K) NonClass: 16459K(16576K)->16459K(16576K) Class: 2666K(2752K)->2666K(2752K)
[586.630s][info][gc             ] GC(2211) Pause Young (Allocation Failure) 421M->321M(713M) 64.907ms
[586.630s][info][gc,cpu         ] GC(2211) User=0.13s Sys=0.00s Real=0.07s
[586.740s][info][gc,start       ] GC(2212) Pause Young (Allocation Failure)
[586.828s][info][gc,heap        ] GC(2212) PSYoungGen: 168643K(231936K)->33056K(228352K) Eden: 135168K(135168K)->0K(145920K) From: 33475K(96768K)->33056K(82432K)
[586.828s][info][gc,heap        ] GC(2212) ParOldGen: 296147K(498176K)->329637K(498176K)
[586.828s][info][gc,metaspace   ] GC(2212) Metaspace: 19126K(19328K)->19126K(19328K) NonClass: 16459K(16576K)->16459K(16576K) Class: 2666K(2752K)->2666K(2752K)
[586.828s][info][gc             ] GC(2212) Pause Young (Allocation Failure) 453M->354M(709M) 87.816ms
[586.828s][info][gc,cpu         ] GC(2212) User=0.17s Sys=0.00s Real=0.09s
[586.951s][info][gc,start       ] GC(2213) Pause Young (Allocation Failure)
[587.012s][info][gc,heap        ] GC(2213) PSYoungGen: 178976K(228352K)->27936K(231424K) Eden: 145920K(145920K)->0K(145920K) From: 33056K(82432K)->27936K(85504K)
[587.012s][info][gc,heap        ] GC(2213) ParOldGen: 329637K(498176K)->362733K(498176K)
[587.012s][info][gc,metaspace   ] GC(2213) Metaspace: 19126K(19328K)->19126K(19328K) NonClass: 16459K(16576K)->16459K(16576K) Class: 2666K(2752K)->2666K(2752K)
[587.012s][info][gc             ] GC(2213) Pause Young (Allocation Failure) 496M->381M(712M) 61.884ms
[587.012s][info][gc,cpu         ] GC(2213) User=0.13s Sys=0.00s Real=0.06s
[587.075s][info][gc,start       ] GC(2214) Pause Young (Allocation Failure)
[587.109s][info][gc,heap        ] GC(2214) PSYoungGen: 173856K(231424K)->4448K(247296K) Eden: 145920K(145920K)->0K(166400K) From: 27936K(85504K)->4448K(80896K)
[587.109s][info][gc,heap        ] GC(2214) ParOldGen: 362733K(498176K)->390717K(498176K)
[587.109s][info][gc,metaspace   ] GC(2214) Metaspace: 19126K(19328K)->19126K(19328K) NonClass: 16459K(16576K)->16459K(16576K) Class: 2666K(2752K)->2666K(2752K)
[587.109s][info][gc             ] GC(2214) Pause Young (Allocation Failure) 524M->385M(728M) 33.895ms
[587.109s][info][gc,cpu         ] GC(2214) User=0.07s Sys=0.00s Real=0.04s
[587.227s][info][gc,start       ] GC(2215) Pause Young (Allocation Failure)
[587.241s][info][gc,heap        ] GC(2215) PSYoungGen: 170848K(247296K)->1216K(246784K) Eden: 166400K(166400K)->0K(166400K) From: 4448K(80896K)->1216K(80384K)
[587.241s][info][gc,heap        ] GC(2215) ParOldGen: 390717K(498176K)->395141K(498176K)
[587.241s][info][gc,metaspace   ] GC(2215) Metaspace: 19126K(19328K)->19126K(19328K) NonClass: 16459K(16576K)->16459K(16576K) Class: 2666K(2752K)->2666K(2752K)
[587.241s][info][gc             ] GC(2215) Pause Young (Allocation Failure) 548M->387M(727M) 14.484ms
[587.241s][info][gc,cpu         ] GC(2215) User=0.03s Sys=0.00s Real=0.02s
[587.354s][info][gc,start       ] GC(2216) Pause Young (Allocation Failure)
[587.369s][info][gc,heap        ] GC(2216) PSYoungGen: 167616K(246784K)->6304K(251392K) Eden: 166400K(166400K)->0K(173568K) From: 1216K(80384K)->6304K(77824K)
[587.369s][info][gc,heap        ] GC(2216) ParOldGen: 395141K(498176K)->396341K(498176K)
[587.369s][info][gc,metaspace   ] GC(2216) Metaspace: 19126K(19328K)->19126K(19328K) NonClass: 16459K(16576K)->16459K(16576K) Class: 2666K(2752K)->2666K(2752K)
[587.369s][info][gc             ] GC(2216) Pause Young (Allocation Failure) 549M->393M(732M) 14.917ms
[587.369s][info][gc,cpu         ] GC(2216) User=0.03s Sys=0.00s Real=0.02s
[587.547s][info][gc,start       ] GC(2217) Pause Young (Allocation Failure)
[587.577s][info][gc,heap        ] GC(2217) PSYoungGen: 179872K(251392K)->20672K(194560K) Eden: 173568K(173568K)->0K(173568K) From: 6304K(77824K)->20672K(20992K)
[587.577s][info][gc,heap        ] GC(2217) ParOldGen: 396341K(498176K)->402621K(498176K)
[587.577s][info][gc,metaspace   ] GC(2217) Metaspace: 19126K(19328K)->19126K(19328K) NonClass: 16459K(16576K)->16459K(16576K) Class: 2666K(2752K)->2666K(2752K)
[587.577s][info][gc             ] GC(2217) Pause Young (Allocation Failure) 562M->413M(676M) 29.310ms
[587.577s][info][gc,cpu         ] GC(2217) User=0.05s Sys=0.00s Real=0.03s
[587.967s][info][gc,start       ] GC(2218) Pause Young (Allocation Failure)
[588.014s][info][gc,heap        ] GC(2218) PSYoungGen: 194240K(194560K)->22080K(255488K) Eden: 173568K(173568K)->0K(182272K) From: 20672K(20992K)->22080K(73216K)
[588.014s][info][gc,heap        ] GC(2218) ParOldGen: 402621K(498176K)->423297K(498176K)
[588.014s][info][gc,metaspace   ] GC(2218) Metaspace: 19126K(19328K)->19126K(19328K) NonClass: 16459K(16576K)->16459K(16576K) Class: 2666K(2752K)->2666K(2752K)
[588.014s][info][gc             ] GC(2218) Pause Young (Allocation Failure) 582M->434M(736M) 46.243ms
[588.014s][info][gc,cpu         ] GC(2218) User=0.09s Sys=0.00s Real=0.04s
[588.456s][info][gc,start       ] GC(2219) Pause Young (Allocation Failure)
[588.481s][info][gc,heap        ] GC(2219) PSYoungGen: 204352K(255488K)->192K(250880K) Eden: 182272K(182272K)->0K(182272K) From: 22080K(73216K)->192K(68608K)
[588.481s][info][gc,heap        ] GC(2219) ParOldGen: 423297K(498176K)->445369K(498176K)
[588.481s][info][gc,metaspace   ] GC(2219) Metaspace: 19126K(19328K)->19126K(19328K) NonClass: 16459K(16576K)->16459K(16576K) Class: 2666K(2752K)->2666K(2752K)
[588.481s][info][gc             ] GC(2219) Pause Young (Allocation Failure) 612M->435M(731M) 24.287ms
[588.481s][info][gc,cpu         ] GC(2219) User=0.05s Sys=0.00s Real=0.03s
[588.872s][info][gc,start       ] GC(2220) Pause Young (Allocation Failure)
[588.874s][info][gc,heap        ] GC(2220) PSYoungGen: 182464K(250880K)->64K(261120K) Eden: 182272K(182272K)->0K(193024K) From: 192K(68608K)->64K(68096K)
[588.874s][info][gc,heap        ] GC(2220) ParOldGen: 445369K(498176K)->445537K(498176K)
[588.874s][info][gc,metaspace   ] GC(2220) Metaspace: 19126K(19328K)->19126K(19328K) NonClass: 16459K(16576K)->16459K(16576K) Class: 2666K(2752K)->2666K(2752K)
[588.874s][info][gc             ] GC(2220) Pause Young (Allocation Failure) 613M->435M(741M) 2.134ms
[588.874s][info][gc,cpu         ] GC(2220) User=0.01s Sys=0.00s Real=0.00s
[589.285s][info][gc,start       ] GC(2221) Pause Young (Allocation Failure)
[589.299s][info][gc,heap        ] GC(2221) PSYoungGen: 193088K(261120K)->64K(260096K) Eden: 193024K(193024K)->0K(193024K) From: 64K(68096K)->64K(67072K)
[589.299s][info][gc,heap        ] GC(2221) ParOldGen: 445537K(498176K)->445537K(498176K)
[589.299s][info][gc,metaspace   ] GC(2221) Metaspace: 19126K(19328K)->19126K(19328K) NonClass: 16459K(16576K)->16459K(16576K) Class: 2666K(2752K)->2666K(2752K)
[589.299s][info][gc             ] GC(2221) Pause Young (Allocation Failure) 623M->435M(740M) 13.592ms
[589.299s][info][gc,cpu         ] GC(2221) User=0.02s Sys=0.00s Real=0.02s
[589.625s][info][gc,start       ] GC(2222) Pause Young (Allocation Failure)
[589.651s][info][gc,heap        ] GC(2222) PSYoungGen: 193088K(260096K)->25702K(265216K) Eden: 193024K(193024K)->0K(200192K) From: 64K(67072K)->25702K(65024K)
[589.651s][info][gc,heap        ] GC(2222) ParOldGen: 445537K(498176K)->445537K(498176K)
[589.651s][info][gc,metaspace   ] GC(2222) Metaspace: 19127K(19328K)->19127K(19328K) NonClass: 16461K(16576K)->16461K(16576K) Class: 2666K(2752K)->2666K(2752K)
[589.651s][info][gc             ] GC(2222) Pause Young (Allocation Failure) 623M->460M(745M) 26.251ms
[589.651s][info][gc,cpu         ] GC(2222) User=0.05s Sys=0.00s Real=0.03s
[589.786s][info][gc,start       ] GC(2223) Pause Young (Allocation Failure)
[589.855s][info][gc,heap        ] GC(2223) PSYoungGen: 225894K(265216K)->63990K(264192K) Eden: 200192K(200192K)->0K(200192K) From: 25702K(65024K)->63990K(64000K)
[589.855s][info][gc,heap        ] GC(2223) ParOldGen: 445537K(498176K)->471165K(498176K)
[589.855s][info][gc,metaspace   ] GC(2223) Metaspace: 19127K(19328K)->19127K(19328K) NonClass: 16461K(16576K)->16461K(16576K) Class: 2666K(2752K)->2666K(2752K)
[589.855s][info][gc             ] GC(2223) Pause Young (Allocation Failure) 655M->522M(744M) 69.116ms
[589.855s][info][gc,cpu         ] GC(2223) User=0.14s Sys=0.00s Real=0.07s
[590.001s][info][gc,start       ] GC(2224) Pause Young (Allocation Failure)
[590.092s][info][gc,heap        ] GC(2224) PSYoungGen: 264182K(264192K)->69622K(188416K) Eden: 200192K(200192K)->0K(118784K) From: 63990K(64000K)->69622K(69632K)
[590.092s][info][gc,heap        ] GC(2224) ParOldGen: 471165K(498176K)->501421K(501760K)
[590.092s][info][gc,metaspace   ] GC(2224) Metaspace: 19127K(19328K)->19127K(19328K) NonClass: 16461K(16576K)->16461K(16576K) Class: 2666K(2752K)->2666K(2752K)
[590.092s][info][gc             ] GC(2224) Pause Young (Allocation Failure) 718M->557M(674M) 90.843ms
[590.092s][info][gc,cpu         ] GC(2224) User=0.17s Sys=0.02s Real=0.09s
[590.170s][info][gc,start       ] GC(2225) Pause Young (Allocation Failure)
[590.275s][info][gc,heap        ] GC(2225) PSYoungGen: 188406K(188416K)->6544K(226304K) Eden: 118784K(118784K)->0K(118784K) From: 69622K(69632K)->6544K(107520K)
[590.275s][info][gc,heap        ] GC(2225) ParOldGen: 501421K(501760K)->565929K(566272K)
[590.275s][info][gc,metaspace   ] GC(2225) Metaspace: 19127K(19328K)->19127K(19328K) NonClass: 16461K(16576K)->16461K(16576K) Class: 2666K(2752K)->2666K(2752K)
[590.275s][info][gc             ] GC(2225) Pause Young (Allocation Failure) 673M->559M(774M) 104.568ms
[590.275s][info][gc,cpu         ] GC(2225) User=0.17s Sys=0.04s Real=0.10s
[590.356s][info][gc,start       ] GC(2226) Pause Young (Allocation Failure)
[590.404s][info][gc,heap        ] GC(2226) PSYoungGen: 125328K(226304K)->17845K(211968K) Eden: 118784K(118784K)->0K(121856K) From: 6544K(107520K)->17845K(90112K)
[590.404s][info][gc,heap        ] GC(2226) ParOldGen: 565929K(566272K)->572458K(572928K)
[590.404s][info][gc,metaspace   ] GC(2226) Metaspace: 19127K(19328K)->19127K(19328K) NonClass: 16461K(16576K)->16461K(16576K) Class: 2666K(2752K)->2666K(2752K)
[590.404s][info][gc             ] GC(2226) Pause Young (Allocation Failure) 675M->576M(766M) 47.266ms
[590.404s][info][gc,cpu         ] GC(2226) User=0.09s Sys=0.01s Real=0.05s
[590.532s][info][gc,start       ] GC(2227) Pause Young (Allocation Failure)
[590.598s][info][gc,heap        ] GC(2227) PSYoungGen: 139701K(211968K)->26528K(220672K) Eden: 121856K(121856K)->0K(121856K) From: 17845K(90112K)->26528K(98816K)
[590.598s][info][gc,heap        ] GC(2227) ParOldGen: 572458K(572928K)->590285K(590336K)
[590.598s][info][gc,metaspace   ] GC(2227) Metaspace: 19127K(19328K)->19127K(19328K) NonClass: 16461K(16576K)->16461K(16576K) Class: 2666K(2752K)->2666K(2752K)
[590.598s][info][gc             ] GC(2227) Pause Young (Allocation Failure) 695M->602M(792M) 66.170ms
[590.598s][info][gc,cpu         ] GC(2227) User=0.12s Sys=0.00s Real=0.07s
[590.686s][info][gc,start       ] GC(2228) Pause Young (Allocation Failure)
[590.751s][info][gc,heap        ] GC(2228) PSYoungGen: 148384K(220672K)->18720K(222720K) Eden: 121856K(121856K)->0K(139776K) From: 26528K(98816K)->18720K(82944K)
[590.751s][info][gc,heap        ] GC(2228) ParOldGen: 590285K(590336K)->616821K(616960K)
[590.751s][info][gc,metaspace   ] GC(2228) Metaspace: 19127K(19328K)->19127K(19328K) NonClass: 16461K(16576K)->16461K(16576K) Class: 2666K(2752K)->2666K(2752K)
[590.751s][info][gc             ] GC(2228) Pause Young (Allocation Failure) 721M->620M(820M) 65.374ms
[590.751s][info][gc,cpu         ] GC(2228) User=0.11s Sys=0.02s Real=0.07s
[590.858s][info][gc,start       ] GC(2229) Pause Full (Allocation Failure)
[590.858s][info][gc,phases,start] GC(2229) Marking Phase
[591.123s][info][gc,phases      ] GC(2229) Marking Phase 265.664ms
[591.123s][info][gc,phases,start] GC(2229) Summary Phase
[591.123s][info][gc,phases      ] GC(2229) Summary Phase 0.040ms
[591.123s][info][gc,phases,start] GC(2229) Forward
[591.228s][info][gc,phases      ] GC(2229) Forward 104.781ms
[591.228s][info][gc,phases,start] GC(2229) Adjust Pointers
[591.438s][info][gc,phases      ] GC(2229) Adjust Pointers 210.047ms
[591.438s][info][gc,phases,start] GC(2229) Compaction Phase
[591.560s][info][gc,phases      ] GC(2229) Compaction Phase 121.932ms
[591.569s][info][gc,phases,start] GC(2229) Post Compact
[591.571s][info][gc,phases      ] GC(2229) Post Compact 2.250ms
[591.571s][info][gc,heap        ] GC(2229) PSYoungGen: 158496K(222720K)->0K(227328K) Eden: 139776K(139776K)->0K(139776K) From: 18720K(82944K)->0K(87552K)
[591.571s][info][gc,heap        ] GC(2229) ParOldGen: 616821K(616960K)->372728K(667648K)
[591.572s][info][gc,metaspace   ] GC(2229) Metaspace: 19127K(19328K)->19127K(19328K) NonClass: 16461K(16576K)->16461K(16576K) Class: 2666K(2752K)->2666K(2752K)
[591.572s][info][gc             ] GC(2229) Pause Full (Allocation Failure) 757M->363M(874M) 714.002ms
[591.572s][info][gc,cpu         ] GC(2229) User=1.33s Sys=0.00s Real=0.71s
[591.656s][info][gc,start       ] GC(2230) Pause Young (Allocation Failure)
[591.666s][info][gc,heap        ] GC(2230) PSYoungGen: 139776K(227328K)->7744K(241152K) Eden: 139776K(139776K)->0K(158720K) From: 0K(87552K)->7744K(82432K)
[591.666s][info][gc,heap        ] GC(2230) ParOldGen: 372728K(667648K)->372728K(667648K)
[591.666s][info][gc,metaspace   ] GC(2230) Metaspace: 19127K(19328K)->19127K(19328K) NonClass: 16461K(16576K)->16461K(16576K) Class: 2666K(2752K)->2666K(2752K)
[591.666s][info][gc             ] GC(2230) Pause Young (Allocation Failure) 500M->371M(887M) 9.837ms
[591.666s][info][gc,cpu         ] GC(2230) User=0.02s Sys=0.00s Real=0.01s
[591.831s][info][gc,start       ] GC(2231) Pause Young (Allocation Failure)
[591.851s][info][gc,heap        ] GC(2231) PSYoungGen: 166464K(241152K)->6144K(243712K) Eden: 158720K(158720K)->0K(158720K) From: 7744K(82432K)->6144K(84992K)
[591.851s][info][gc,heap        ] GC(2231) ParOldGen: 372728K(667648K)->380480K(667648K)
[591.851s][info][gc,metaspace   ] GC(2231) Metaspace: 19127K(19328K)->19127K(19328K) NonClass: 16461K(16576K)->16461K(16576K) Class: 2666K(2752K)->2666K(2752K)
[591.851s][info][gc             ] GC(2231) Pause Young (Allocation Failure) 526M->377M(890M) 19.672ms
[591.851s][info][gc,cpu         ] GC(2231) User=0.04s Sys=0.00s Real=0.02s
[592.028s][info][gc,start       ] GC(2232) Pause Young (Allocation Failure)
[592.043s][info][gc,heap        ] GC(2232) PSYoungGen: 164864K(243712K)->6496K(242688K) Eden: 158720K(158720K)->0K(166400K) From: 6144K(84992K)->6496K(76288K)
[592.043s][info][gc,heap        ] GC(2232) ParOldGen: 380480K(667648K)->386632K(667648K)
[592.043s][info][gc,metaspace   ] GC(2232) Metaspace: 19127K(19328K)->19127K(19328K) NonClass: 16461K(16576K)->16461K(16576K) Class: 2666K(2752K)->2666K(2752K)
[592.043s][info][gc             ] GC(2232) Pause Young (Allocation Failure) 532M->383M(889M) 14.620ms
[592.043s][info][gc,cpu         ] GC(2232) User=0.03s Sys=0.00s Real=0.01s
[592.216s][info][gc,start       ] GC(2233) Pause Young (Allocation Failure)
[592.254s][info][gc,heap        ] GC(2233) PSYoungGen: 172896K(242688K)->28336K(245760K) Eden: 166400K(166400K)->0K(166400K) From: 6496K(76288K)->28336K(79360K)
[592.254s][info][gc,heap        ] GC(2233) ParOldGen: 386632K(667648K)->393129K(667648K)
[592.254s][info][gc,metaspace   ] GC(2233) Metaspace: 19127K(19328K)->19127K(19328K) NonClass: 16461K(16576K)->16461K(16576K) Class: 2666K(2752K)->2666K(2752K)
[592.254s][info][gc             ] GC(2233) Pause Young (Allocation Failure) 546M->411M(892M) 37.547ms
[592.254s][info][gc,cpu         ] GC(2233) User=0.08s Sys=0.00s Real=0.04s
[592.508s][info][gc,start       ] GC(2234) Pause Young (Allocation Failure)
[592.546s][info][gc,heap        ] GC(2234) PSYoungGen: 194736K(245760K)->11584K(247296K) Eden: 166400K(166400K)->0K(178176K) From: 28336K(79360K)->11584K(69120K)
[592.546s][info][gc,heap        ] GC(2234) ParOldGen: 393129K(667648K)->421591K(667648K)
[592.546s][info][gc,metaspace   ] GC(2234) Metaspace: 19127K(19328K)->19127K(19328K) NonClass: 16461K(16576K)->16461K(16576K) Class: 2666K(2752K)->2666K(2752K)
[592.547s][info][gc             ] GC(2234) Pause Young (Allocation Failure) 574M->423M(893M) 38.074ms
[592.547s][info][gc,cpu         ] GC(2234) User=0.08s Sys=0.00s Real=0.03s
[592.648s][info][gc,start       ] GC(2235) Pause Young (Allocation Failure)
[592.708s][info][gc,heap        ] GC(2235) PSYoungGen: 189760K(247296K)->67872K(246272K) Eden: 178176K(178176K)->0K(178176K) From: 11584K(69120K)->67872K(68096K)
[592.708s][info][gc,heap        ] GC(2235) ParOldGen: 421591K(667648K)->433167K(667648K)
[592.708s][info][gc,metaspace   ] GC(2235) Metaspace: 19127K(19328K)->19127K(19328K) NonClass: 16461K(16576K)->16461K(16576K) Class: 2666K(2752K)->2666K(2752K)
[592.708s][info][gc             ] GC(2235) Pause Young (Allocation Failure) 597M->489M(892M) 60.822ms
[592.709s][info][gc,cpu         ] GC(2235) User=0.12s Sys=0.00s Real=0.06s
[592.993s][info][gc,start       ] GC(2236) Pause Young (Allocation Failure)
[593.042s][info][gc,heap        ] GC(2236) PSYoungGen: 246048K(246272K)->7552K(251904K) Eden: 178176K(178176K)->0K(166912K) From: 67872K(68096K)->7552K(84992K)
[593.042s][info][gc,heap        ] GC(2236) ParOldGen: 433167K(667648K)->501863K(667648K)
[593.042s][info][gc,metaspace   ] GC(2236) Metaspace: 19127K(19328K)->19127K(19328K) NonClass: 16461K(16576K)->16461K(16576K) Class: 2666K(2752K)->2666K(2752K)
[593.042s][info][gc             ] GC(2236) Pause Young (Allocation Failure) 663M->497M(898M) 49.014ms
[593.042s][info][gc,cpu         ] GC(2236) User=0.10s Sys=0.00s Real=0.05s
[593.255s][info][gc,start       ] GC(2237) Pause Young (Allocation Failure)
[593.318s][info][gc,heap        ] GC(2237) PSYoungGen: 174464K(251904K)->42047K(248832K) Eden: 166912K(166912K)->0K(166912K) From: 7552K(84992K)->42047K(81920K)
[593.318s][info][gc,heap        ] GC(2237) ParOldGen: 501863K(667648K)->509400K(667648K)
[593.318s][info][gc,metaspace   ] GC(2237) Metaspace: 19127K(19328K)->19127K(19328K) NonClass: 16461K(16576K)->16461K(16576K) Class: 2666K(2752K)->2666K(2752K)
[593.318s][info][gc             ] GC(2237) Pause Young (Allocation Failure) 660M->538M(895M) 62.632ms
[593.318s][info][gc,cpu         ] GC(2237) User=0.13s Sys=0.00s Real=0.07s
[593.489s][info][gc,start       ] GC(2238) Pause Young (Allocation Failure)
[593.555s][info][gc,heap        ] GC(2238) PSYoungGen: 208959K(248832K)->14464K(246784K) Eden: 166912K(166912K)->0K(168960K) From: 42047K(81920K)->14464K(77824K)
[593.555s][info][gc,heap        ] GC(2238) ParOldGen: 509400K(667648K)->551510K(667648K)
[593.555s][info][gc,metaspace   ] GC(2238) Metaspace: 19127K(19328K)->19127K(19328K) NonClass: 16461K(16576K)->16461K(16576K) Class: 2666K(2752K)->2666K(2752K)
[593.555s][info][gc             ] GC(2238) Pause Young (Allocation Failure) 701M->552M(893M) 65.849ms
[593.555s][info][gc,cpu         ] GC(2238) User=0.13s Sys=0.00s Real=0.06s
[593.728s][info][gc,start       ] GC(2239) Pause Young (Allocation Failure)
[593.749s][info][gc,heap        ] GC(2239) PSYoungGen: 183424K(246784K)->768K(248320K) Eden: 168960K(168960K)->0K(168960K) From: 14464K(77824K)->768K(79360K)
[593.749s][info][gc,heap        ] GC(2239) ParOldGen: 551510K(667648K)->565990K(667648K)
[593.749s][info][gc,metaspace   ] GC(2239) Metaspace: 19127K(19328K)->19127K(19328K) NonClass: 16461K(16576K)->16461K(16576K) Class: 2666K(2752K)->2666K(2752K)
[593.749s][info][gc             ] GC(2239) Pause Young (Allocation Failure) 717M->553M(894M) 20.887ms
[593.749s][info][gc,cpu         ] GC(2239) User=0.04s Sys=0.00s Real=0.02s
[593.958s][info][gc,start       ] GC(2240) Pause Young (Allocation Failure)
[593.975s][info][gc,heap        ] GC(2240) PSYoungGen: 169728K(248320K)->12192K(247296K) Eden: 168960K(168960K)->0K(176640K) From: 768K(79360K)->12192K(70656K)
[593.975s][info][gc,heap        ] GC(2240) ParOldGen: 565990K(667648K)->566734K(667648K)
[593.975s][info][gc,metaspace   ] GC(2240) Metaspace: 19127K(19328K)->19127K(19328K) NonClass: 16461K(16576K)->16461K(16576K) Class: 2666K(2752K)->2666K(2752K)
[593.975s][info][gc             ] GC(2240) Pause Young (Allocation Failure) 718M->565M(893M) 16.980ms
[593.975s][info][gc,cpu         ] GC(2240) User=0.03s Sys=0.00s Real=0.01s
[594.265s][info][gc,start       ] GC(2241) Pause Young (Allocation Failure)
[594.308s][info][gc,heap        ] GC(2241) PSYoungGen: 188832K(247296K)->18400K(250880K) Eden: 176640K(176640K)->0K(176640K) From: 12192K(70656K)->18400K(74240K)
[594.308s][info][gc,heap        ] GC(2241) ParOldGen: 566734K(667648K)->578942K(667648K)
[594.308s][info][gc,metaspace   ] GC(2241) Metaspace: 19127K(19328K)->19127K(19328K) NonClass: 16461K(16576K)->16461K(16576K) Class: 2666K(2752K)->2666K(2752K)
[594.308s][info][gc             ] GC(2241) Pause Young (Allocation Failure) 737M->583M(897M) 42.944ms
[594.308s][info][gc,cpu         ] GC(2241) User=0.08s Sys=0.00s Real=0.05s
[594.611s][info][gc,start       ] GC(2242) Pause Young (Allocation Failure)
[594.658s][info][gc,heap        ] GC(2242) PSYoungGen: 195040K(250880K)->37378K(257536K) Eden: 176640K(176640K)->0K(187904K) From: 18400K(74240K)->37378K(69632K)
[594.658s][info][gc,heap        ] GC(2242) ParOldGen: 578942K(667648K)->597343K(667648K)
[594.658s][info][gc,metaspace   ] GC(2242) Metaspace: 19127K(19328K)->19127K(19328K) NonClass: 16461K(16576K)->16461K(16576K) Class: 2666K(2752K)->2666K(2752K)
[594.658s][info][gc             ] GC(2242) Pause Young (Allocation Failure) 755M->619M(903M) 47.120ms
[594.658s][info][gc,cpu         ] GC(2242) User=0.09s Sys=0.00s Real=0.05s
[594.884s][info][gc,start       ] GC(2243) Pause Young (Allocation Failure)
[594.949s][info][gc,heap        ] GC(2243) PSYoungGen: 225282K(257536K)->41760K(258560K) Eden: 187904K(187904K)->0K(187904K) From: 37378K(69632K)->41760K(70656K)
[594.949s][info][gc,heap        ] GC(2243) ParOldGen: 597343K(667648K)->635116K(667648K)
[594.949s][info][gc,metaspace   ] GC(2243) Metaspace: 19127K(19328K)->19127K(19328K) NonClass: 16461K(16576K)->16461K(16576K) Class: 2666K(2752K)->2666K(2752K)
[594.949s][info][gc             ] GC(2243) Pause Young (Allocation Failure) 803M->661M(904M) 65.005ms
[594.949s][info][gc,cpu         ] GC(2243) User=0.11s Sys=0.01s Real=0.07s
[595.198s][info][gc,start       ] GC(2244) Pause Full (Allocation Failure)
[595.199s][info][gc,phases,start] GC(2244) Marking Phase
[595.554s][info][gc,phases      ] GC(2244) Marking Phase 355.912ms
[595.555s][info][gc,phases,start] GC(2244) Summary Phase
[595.555s][info][gc,phases      ] GC(2244) Summary Phase 0.030ms
[595.555s][info][gc,phases,start] GC(2244) Forward
[595.705s][info][gc,phases      ] GC(2244) Forward 150.715ms
[595.705s][info][gc,phases,start] GC(2244) Adjust Pointers
[595.974s][info][gc,phases      ] GC(2244) Adjust Pointers 269.056ms
[595.975s][info][gc,phases,start] GC(2244) Compaction Phase
[596.136s][info][gc,phases      ] GC(2244) Compaction Phase 161.143ms
[596.147s][info][gc,phases,start] GC(2244) Post Compact
[596.150s][info][gc,phases      ] GC(2244) Post Compact 2.490ms
[596.150s][info][gc,heap        ] GC(2244) PSYoungGen: 229664K(258560K)->0K(261120K) Eden: 187904K(187904K)->0K(188416K) From: 41760K(70656K)->0K(72704K)
[596.150s][info][gc,heap        ] GC(2244) ParOldGen: 635116K(667648K)->493925K(667648K)
[596.150s][info][gc,metaspace   ] GC(2244) Metaspace: 19127K(19328K)->19127K(19328K) NonClass: 16461K(16576K)->16461K(16576K) Class: 2666K(2752K)->2666K(2752K)
[596.150s][info][gc             ] GC(2244) Pause Full (Allocation Failure) 844M->482M(907M) 951.275ms
[596.150s][info][gc,cpu         ] GC(2244) User=1.76s Sys=0.00s Real=0.95s
[596.358s][info][gc,start       ] GC(2245) Pause Young (Allocation Failure)
[596.387s][info][gc,heap        ] GC(2245) PSYoungGen: 188416K(261120K)->25856K(214528K) Eden: 188416K(188416K)->0K(188416K) From: 0K(72704K)->25856K(26112K)
[596.387s][info][gc,heap        ] GC(2245) ParOldGen: 493925K(667648K)->493925K(667648K)
[596.387s][info][gc,metaspace   ] GC(2245) Metaspace: 19127K(19328K)->19127K(19328K) NonClass: 16461K(16576K)->16461K(16576K) Class: 2666K(2752K)->2666K(2752K)
[596.387s][info][gc             ] GC(2245) Pause Young (Allocation Failure) 666M->507M(861M) 28.800ms
[596.387s][info][gc,cpu         ] GC(2245) User=0.06s Sys=0.00s Real=0.02s
[596.563s][info][gc,start       ] GC(2246) Pause Young (Allocation Failure)
[596.591s][info][gc,heap        ] GC(2246) PSYoungGen: 214272K(214528K)->26656K(260608K) Eden: 188416K(188416K)->0K(192000K) From: 25856K(26112K)->26656K(68608K)
[596.591s][info][gc,heap        ] GC(2246) ParOldGen: 493925K(667648K)->493925K(667648K)
[596.591s][info][gc,metaspace   ] GC(2246) Metaspace: 19127K(19328K)->19127K(19328K) NonClass: 16461K(16576K)->16461K(16576K) Class: 2666K(2752K)->2666K(2752K)
[596.592s][info][gc             ] GC(2246) Pause Young (Allocation Failure) 691M->508M(906M) 28.815ms
[596.592s][info][gc,cpu         ] GC(2246) User=0.06s Sys=0.00s Real=0.03s
[596.820s][info][gc,start       ] GC(2247) Pause Young (Allocation Failure)
[596.860s][info][gc,heap        ] GC(2247) PSYoungGen: 218656K(260608K)->39648K(257024K) Eden: 192000K(192000K)->0K(192000K) From: 26656K(68608K)->39648K(65024K)
[596.860s][info][gc,heap        ] GC(2247) ParOldGen: 493925K(667648K)->493925K(667648K)
[596.860s][info][gc,metaspace   ] GC(2247) Metaspace: 19127K(19328K)->19127K(19328K) NonClass: 16461K(16576K)->16461K(16576K) Class: 2666K(2752K)->2666K(2752K)
[596.860s][info][gc             ] GC(2247) Pause Young (Allocation Failure) 695M->521M(903M) 39.844ms
[596.860s][info][gc,cpu         ] GC(2247) User=0.07s Sys=0.00s Real=0.04s
[597.179s][info][gc,start       ] GC(2248) Pause Young (Allocation Failure)
[597.239s][info][gc,heap        ] GC(2248) PSYoungGen: 231648K(257024K)->57152K(252928K) Eden: 192000K(192000K)->0K(186368K) From: 39648K(65024K)->57152K(66560K)
[597.239s][info][gc,heap        ] GC(2248) ParOldGen: 493925K(667648K)->493925K(667648K)
[597.239s][info][gc,metaspace   ] GC(2248) Metaspace: 19127K(19328K)->19127K(19328K) NonClass: 16461K(16576K)->16461K(16576K) Class: 2666K(2752K)->2666K(2752K)
[597.240s][info][gc             ] GC(2248) Pause Young (Allocation Failure) 708M->538M(899M) 60.646ms
[597.240s][info][gc,cpu         ] GC(2248) User=0.11s Sys=0.01s Real=0.06s
[597.734s][info][gc,start       ] GC(2249) Pause Young (Allocation Failure)
[597.790s][info][gc,heap        ] GC(2249) PSYoungGen: 243520K(252928K)->31712K(260096K) Eden: 186368K(186368K)->0K(186368K) From: 57152K(66560K)->31712K(73728K)
[597.790s][info][gc,heap        ] GC(2249) ParOldGen: 493925K(667648K)->519805K(667648K)
[597.790s][info][gc,metaspace   ] GC(2249) Metaspace: 19127K(19328K)->19127K(19328K) NonClass: 16461K(16576K)->16461K(16576K) Class: 2666K(2752K)->2666K(2752K)
[597.790s][info][gc             ] GC(2249) Pause Young (Allocation Failure) 720M->538M(906M) 55.949ms
[597.790s][info][gc,cpu         ] GC(2249) User=0.11s Sys=0.00s Real=0.06s
[598.209s][info][gc,start       ] GC(2250) Pause Young (Allocation Failure)
[598.250s][info][gc,heap        ] GC(2250) PSYoungGen: 218080K(260096K)->31392K(249344K) Eden: 186368K(186368K)->0K(189952K) From: 31712K(73728K)->31392K(59392K)
[598.250s][info][gc,heap        ] GC(2250) ParOldGen: 519805K(667648K)->519805K(667648K)
[598.250s][info][gc,metaspace   ] GC(2250) Metaspace: 19127K(19328K)->19127K(19328K) NonClass: 16461K(16576K)->16461K(16576K) Class: 2666K(2752K)->2666K(2752K)
[598.250s][info][gc             ] GC(2250) Pause Young (Allocation Failure) 720M->538M(895M) 40.885ms
[598.250s][info][gc,cpu         ] GC(2250) User=0.08s Sys=0.00s Real=0.04s
[598.489s][info][gc,start       ] GC(2251) Pause Young (Allocation Failure)
[598.547s][info][gc,heap        ] GC(2251) PSYoungGen: 221344K(249344K)->66528K(256512K) Eden: 189952K(189952K)->0K(189952K) From: 31392K(59392K)->66528K(66560K)
[598.547s][info][gc,heap        ] GC(2251) ParOldGen: 519805K(667648K)->521877K(667648K)
[598.547s][info][gc,metaspace   ] GC(2251) Metaspace: 19127K(19328K)->19127K(19328K) NonClass: 16461K(16576K)->16461K(16576K) Class: 2666K(2752K)->2666K(2752K)
[598.547s][info][gc             ] GC(2251) Pause Young (Allocation Failure) 723M->574M(902M) 58.283ms
[598.547s][info][gc,cpu         ] GC(2251) User=0.12s Sys=0.00s Real=0.06s
[598.780s][info][gc,start       ] GC(2252) Pause Young (Allocation Failure)
[598.867s][info][gc,heap        ] GC(2252) PSYoungGen: 256480K(256512K)->77280K(212480K) Eden: 189952K(189952K)->0K(135168K) From: 66528K(66560K)->77280K(77312K)
[598.867s][info][gc,heap        ] GC(2252) ParOldGen: 521877K(667648K)->549053K(667648K)
[598.867s][info][gc,metaspace   ] GC(2252) Metaspace: 19127K(19328K)->19127K(19328K) NonClass: 16461K(16576K)->16461K(16576K) Class: 2666K(2752K)->2666K(2752K)
[598.867s][info][gc             ] GC(2252) Pause Young (Allocation Failure) 760M->611M(859M) 87.014ms
[598.867s][info][gc,cpu         ] GC(2252) User=0.16s Sys=0.01s Real=0.09s
[599.056s][info][gc,start       ] GC(2253) Pause Young (Allocation Failure)
[599.146s][info][gc,heap        ] GC(2253) PSYoungGen: 212448K(212480K)->78480K(214016K) Eden: 135168K(135168K)->0K(135168K) From: 77280K(77312K)->78480K(78848K)
[599.146s][info][gc,heap        ] GC(2253) ParOldGen: 549053K(667648K)->566654K(667648K)
[599.146s][info][gc,metaspace   ] GC(2253) Metaspace: 19127K(19328K)->19127K(19328K) NonClass: 16461K(16576K)->16461K(16576K) Class: 2666K(2752K)->2666K(2752K)
[599.146s][info][gc             ] GC(2253) Pause Young (Allocation Failure) 743M->630M(861M) 89.719ms
[599.146s][info][gc,cpu         ] GC(2253) User=0.17s Sys=0.00s Real=0.09s
[599.301s][info][gc,start       ] GC(2254) Pause Young (Allocation Failure)
[599.400s][info][gc,heap        ] GC(2254) PSYoungGen: 213648K(214016K)->78288K(219136K) Eden: 135168K(135168K)->0K(111616K) From: 78480K(78848K)->78288K(107520K)
[599.400s][info][gc,heap        ] GC(2254) ParOldGen: 566654K(667648K)->592526K(667648K)
[599.400s][info][gc,metaspace   ] GC(2254) Metaspace: 19127K(19328K)->19127K(19328K) NonClass: 16461K(16576K)->16461K(16576K) Class: 2666K(2752K)->2666K(2752K)
[599.400s][info][gc             ] GC(2254) Pause Young (Allocation Failure) 762M->655M(866M) 99.160ms
[599.400s][info][gc,cpu         ] GC(2254) User=0.20s Sys=0.00s Real=0.10s
[599.519s][info][gc,start       ] GC(2255) Pause Young (Allocation Failure)
[599.625s][info][gc,heap        ] GC(2255) PSYoungGen: 189904K(219136K)->39456K(222720K) Eden: 111616K(111616K)->0K(111616K) From: 78288K(107520K)->39456K(111104K)
[599.625s][info][gc,heap        ] GC(2255) ParOldGen: 592526K(667648K)->645770K(667648K)
[599.625s][info][gc,metaspace   ] GC(2255) Metaspace: 19127K(19328K)->19127K(19328K) NonClass: 16461K(16576K)->16461K(16576K) Class: 2666K(2752K)->2666K(2752K)
[599.625s][info][gc             ] GC(2255) Pause Young (Allocation Failure) 764M->669M(869M) 105.408ms
[599.625s][info][gc,cpu         ] GC(2255) User=0.20s Sys=0.01s Real=0.10s
[599.722s][info][gc,start       ] GC(2256) Pause Full (Allocation Failure)
[599.722s][info][gc,phases,start] GC(2256) Marking Phase
[600.202s][info][gc,phases      ] GC(2256) Marking Phase 480.188ms
[600.202s][info][gc,phases,start] GC(2256) Summary Phase
[600.202s][info][gc,phases      ] GC(2256) Summary Phase 0.028ms
[600.202s][info][gc,phases,start] GC(2256) Forward
[600.313s][info][gc,phases      ] GC(2256) Forward 110.749ms
[600.313s][info][gc,phases,start] GC(2256) Adjust Pointers
[600.664s][info][gc,phases      ] GC(2256) Adjust Pointers 351.287ms
[600.664s][info][gc,phases,start] GC(2256) Compaction Phase
[600.883s][info][gc,phases      ] GC(2256) Compaction Phase 219.190ms
[600.893s][info][gc,phases,start] GC(2256) Post Compact
[600.895s][info][gc,phases      ] GC(2256) Post Compact 2.283ms
[600.895s][info][gc,heap        ] GC(2256) PSYoungGen: 151072K(222720K)->0K(221696K) Eden: 111616K(111616K)->0K(114176K) From: 39456K(111104K)->0K(107520K)
[600.895s][info][gc,heap        ] GC(2256) ParOldGen: 645770K(667648K)->664760K(667648K)
[600.895s][info][gc,metaspace   ] GC(2256) Metaspace: 19127K(19328K)->19127K(19328K) NonClass: 16461K(16576K)->16461K(16576K) Class: 2666K(2752K)->2666K(2752K)
[600.895s][info][gc             ] GC(2256) Pause Full (Allocation Failure) 778M->649M(868M) 1173.777ms
[600.895s][info][gc,cpu         ] GC(2256) User=2.28s Sys=0.02s Real=1.17s
[601.015s][info][gc,start       ] GC(2257) Pause Full (Allocation Failure)
[601.015s][info][gc,phases,start] GC(2257) Marking Phase
[601.491s][info][gc,phases      ] GC(2257) Marking Phase 475.965ms
[601.491s][info][gc,phases,start] GC(2257) Summary Phase
[601.491s][info][gc,phases      ] GC(2257) Summary Phase 0.027ms
[601.491s][info][gc,phases,start] GC(2257) Forward
[601.493s][info][gc,phases      ] GC(2257) Forward 2.362ms
[601.493s][info][gc,phases,start] GC(2257) Adjust Pointers
[601.808s][info][gc,phases      ] GC(2257) Adjust Pointers 314.764ms
[601.808s][info][gc,phases,start] GC(2257) Compaction Phase
[601.951s][info][gc,phases      ] GC(2257) Compaction Phase 142.211ms
[601.951s][info][gc,phases,start] GC(2257) Post Compact
[601.953s][info][gc,phases      ] GC(2257) Post Compact 2.198ms
[601.953s][info][gc,heap        ] GC(2257) PSYoungGen: 114176K(221696K)->0K(222720K) Eden: 114176K(114176K)->0K(114176K) From: 0K(107520K)->0K(108544K)
[601.953s][info][gc,heap        ] GC(2257) ParOldGen: 664760K(667648K)->667057K(667648K)
[601.953s][info][gc,metaspace   ] GC(2257) Metaspace: 19127K(19328K)->19127K(19328K) NonClass: 16461K(16576K)->16461K(16576K) Class: 2666K(2752K)->2666K(2752K)
[601.953s][info][gc             ] GC(2257) Pause Full (Allocation Failure) 760M->651M(869M) 938.094ms
[601.953s][info][gc,cpu         ] GC(2257) User=1.83s Sys=0.00s Real=0.94s
[602.090s][info][gc,start       ] GC(2258) Pause Full (Allocation Failure)
[602.090s][info][gc,phases,start] GC(2258) Marking Phase
[602.568s][info][gc,phases      ] GC(2258) Marking Phase 478.708ms
[602.569s][info][gc,phases,start] GC(2258) Summary Phase
[602.569s][info][gc,phases      ] GC(2258) Summary Phase 0.025ms
[602.569s][info][gc,phases,start] GC(2258) Forward
[602.571s][info][gc,phases      ] GC(2258) Forward 2.578ms
[602.571s][info][gc,phases,start] GC(2258) Adjust Pointers
[602.886s][info][gc,phases      ] GC(2258) Adjust Pointers 314.971ms
[602.886s][info][gc,phases,start] GC(2258) Compaction Phase
[603.029s][info][gc,phases      ] GC(2258) Compaction Phase 142.545ms
[603.029s][info][gc,phases,start] GC(2258) Post Compact
[603.031s][info][gc,phases      ] GC(2258) Post Compact 2.232ms
[603.031s][info][gc,heap        ] GC(2258) PSYoungGen: 114176K(222720K)->1157K(222720K) Eden: 114176K(114176K)->1157K(114176K) From: 0K(108544K)->0K(108544K)
[603.031s][info][gc,heap        ] GC(2258) ParOldGen: 667057K(667648K)->667635K(667648K)
[603.031s][info][gc,metaspace   ] GC(2258) Metaspace: 19127K(19328K)->19127K(19328K) NonClass: 16461K(16576K)->16461K(16576K) Class: 2666K(2752K)->2666K(2752K)
[603.031s][info][gc             ] GC(2258) Pause Full (Allocation Failure) 762M->653M(869M) 941.472ms
[603.031s][info][gc,cpu         ] GC(2258) User=1.85s Sys=0.00s Real=0.94s
[603.234s][info][gc,start       ] GC(2259) Pause Full (Allocation Failure)
[603.234s][info][gc,phases,start] GC(2259) Marking Phase
[603.617s][info][gc,phases      ] GC(2259) Marking Phase 382.760ms
[603.617s][info][gc,phases,start] GC(2259) Summary Phase
[603.617s][info][gc,phases      ] GC(2259) Summary Phase 0.026ms
[603.617s][info][gc,phases,start] GC(2259) Forward
[603.756s][info][gc,phases      ] GC(2259) Forward 139.039ms
[603.756s][info][gc,phases,start] GC(2259) Adjust Pointers
[604.041s][info][gc,phases      ] GC(2259) Adjust Pointers 285.040ms
[604.041s][info][gc,phases,start] GC(2259) Compaction Phase
[604.233s][info][gc,phases      ] GC(2259) Compaction Phase 191.430ms
[604.244s][info][gc,phases,start] GC(2259) Post Compact
[604.246s][info][gc,phases      ] GC(2259) Post Compact 2.298ms
[604.246s][info][gc,heap        ] GC(2259) PSYoungGen: 114176K(222720K)->0K(222720K) Eden: 114176K(114176K)->0K(114176K) From: 0K(108544K)->0K(108544K)
[604.246s][info][gc,heap        ] GC(2259) ParOldGen: 667635K(667648K)->528861K(667648K)
[604.246s][info][gc,metaspace   ] GC(2259) Metaspace: 19127K(19328K)->19127K(19328K) NonClass: 16461K(16576K)->16461K(16576K) Class: 2666K(2752K)->2666K(2752K)
[604.246s][info][gc             ] GC(2259) Pause Full (Allocation Failure) 763M->516M(869M) 1012.477ms
[604.246s][info][gc,cpu         ] GC(2259) User=1.92s Sys=0.00s Real=1.01s
[604.383s][info][gc,start       ] GC(2260) Pause Young (Allocation Failure)
[604.399s][info][gc,heap        ] GC(2260) PSYoungGen: 114176K(222720K)->12928K(224256K) Eden: 114176K(114176K)->0K(116736K) From: 0K(108544K)->12928K(107520K)
[604.399s][info][gc,heap        ] GC(2260) ParOldGen: 528861K(667648K)->528861K(667648K)
[604.399s][info][gc,metaspace   ] GC(2260) Metaspace: 19127K(19328K)->19127K(19328K) NonClass: 16461K(16576K)->16461K(16576K) Class: 2666K(2752K)->2666K(2752K)
[604.399s][info][gc             ] GC(2260) Pause Young (Allocation Failure) 627M->529M(871M) 16.204ms
[604.399s][info][gc,cpu         ] GC(2260) User=0.03s Sys=0.00s Real=0.02s
[604.634s][info][gc,start       ] GC(2261) Pause Young (Allocation Failure)
[604.661s][info][gc,heap        ] GC(2261) PSYoungGen: 129664K(224256K)->26347K(143360K) Eden: 116736K(116736K)->0K(116736K) From: 12928K(107520K)->26347K(26624K)
[604.661s][info][gc,heap        ] GC(2261) ParOldGen: 528861K(667648K)->528861K(667648K)
[604.661s][info][gc,metaspace   ] GC(2261) Metaspace: 19127K(19328K)->19127K(19328K) NonClass: 16461K(16576K)->16461K(16576K) Class: 2666K(2752K)->2666K(2752K)
[604.661s][info][gc             ] GC(2261) Pause Young (Allocation Failure) 643M->542M(792M) 26.396ms
[604.661s][info][gc,cpu         ] GC(2261) User=0.05s Sys=0.00s Real=0.03s
[604.805s][info][gc,start       ] GC(2262) Pause Young (Allocation Failure)
[604.827s][info][gc,heap        ] GC(2262) PSYoungGen: 143083K(143360K)->22011K(224768K) Eden: 116736K(116736K)->0K(121344K) From: 26347K(26624K)->22011K(103424K)
[604.827s][info][gc,heap        ] GC(2262) ParOldGen: 528861K(667648K)->528861K(667648K)
[604.827s][info][gc,metaspace   ] GC(2262) Metaspace: 19127K(19328K)->19127K(19328K) NonClass: 16461K(16576K)->16461K(16576K) Class: 2666K(2752K)->2666K(2752K)
[604.827s][info][gc             ] GC(2262) Pause Young (Allocation Failure) 656M->537M(871M) 22.165ms
[604.827s][info][gc,cpu         ] GC(2262) User=0.04s Sys=0.01s Real=0.03s
[604.950s][info][gc,start       ] GC(2263) Pause Young (Allocation Failure)
[604.987s][info][gc,heap        ] GC(2263) PSYoungGen: 143355K(224768K)->41531K(223232K) Eden: 121344K(121344K)->0K(121344K) From: 22011K(103424K)->41531K(101888K)
[604.987s][info][gc,heap        ] GC(2263) ParOldGen: 528861K(667648K)->528861K(667648K)
[604.987s][info][gc,metaspace   ] GC(2263) Metaspace: 19127K(19328K)->19127K(19328K) NonClass: 16461K(16576K)->16461K(16576K) Class: 2666K(2752K)->2666K(2752K)
[604.987s][info][gc             ] GC(2263) Pause Young (Allocation Failure) 656M->557M(870M) 37.048ms
[604.987s][info][gc,cpu         ] GC(2263) User=0.07s Sys=0.00s Real=0.03s
[605.120s][info][gc,start       ] GC(2264) Pause Young (Allocation Failure)
[605.167s][info][gc,heap        ] GC(2264) PSYoungGen: 162875K(223232K)->50443K(221184K) Eden: 121344K(121344K)->0K(128000K) From: 41531K(101888K)->50443K(93184K)
[605.168s][info][gc,heap        ] GC(2264) ParOldGen: 528861K(667648K)->528861K(667648K)
[605.168s][info][gc,metaspace   ] GC(2264) Metaspace: 19127K(19328K)->19127K(19328K) NonClass: 16461K(16576K)->16461K(16576K) Class: 2666K(2752K)->2666K(2752K)
[605.168s][info][gc             ] GC(2264) Pause Young (Allocation Failure) 675M->565M(868M) 47.327ms
[605.168s][info][gc,cpu         ] GC(2264) User=0.09s Sys=0.00s Real=0.05s
[605.345s][info][gc,start       ] GC(2265) Pause Young (Allocation Failure)
[605.395s][info][gc,heap        ] GC(2265) PSYoungGen: 178443K(221184K)->54187K(222720K) Eden: 128000K(128000K)->0K(128000K) From: 50443K(93184K)->54187K(94720K)
[605.395s][info][gc,heap        ] GC(2265) ParOldGen: 528861K(667648K)->528861K(667648K)
[605.395s][info][gc,metaspace   ] GC(2265) Metaspace: 19127K(19328K)->19127K(19328K) NonClass: 16461K(16576K)->16461K(16576K) Class: 2666K(2752K)->2666K(2752K)
[605.395s][info][gc             ] GC(2265) Pause Young (Allocation Failure) 690M->569M(869M) 49.737ms
[605.395s][info][gc,cpu         ] GC(2265) User=0.10s Sys=0.00s Real=0.05s
[605.667s][info][gc,start       ] GC(2266) Pause Young (Allocation Failure)
[605.719s][info][gc,heap        ] GC(2266) PSYoungGen: 182187K(222720K)->55451K(227328K) Eden: 128000K(128000K)->0K(134656K) From: 54187K(94720K)->55451K(92672K)
[605.719s][info][gc,heap        ] GC(2266) ParOldGen: 528861K(667648K)->528861K(667648K)
[605.719s][info][gc,metaspace   ] GC(2266) Metaspace: 19128K(19328K)->19128K(19328K) NonClass: 16462K(16576K)->16462K(16576K) Class: 2666K(2752K)->2666K(2752K)
[605.719s][info][gc             ] GC(2266) Pause Young (Allocation Failure) 694M->570M(874M) 52.286ms
[605.719s][info][gc,cpu         ] GC(2266) User=0.10s Sys=0.00s Real=0.06s
[605.873s][info][gc,start       ] GC(2267) Pause Young (Allocation Failure)
[605.938s][info][gc,heap        ] GC(2267) PSYoungGen: 190107K(227328K)->69867K(228352K) Eden: 134656K(134656K)->0K(134656K) From: 55451K(92672K)->69867K(93696K)
[605.938s][info][gc,heap        ] GC(2267) ParOldGen: 528861K(667648K)->528861K(667648K)
[605.938s][info][gc,metaspace   ] GC(2267) Metaspace: 19128K(19328K)->19128K(19328K) NonClass: 16462K(16576K)->16462K(16576K) Class: 2666K(2752K)->2666K(2752K)
[605.938s][info][gc             ] GC(2267) Pause Young (Allocation Failure) 702M->584M(875M) 64.626ms
[605.938s][info][gc,cpu         ] GC(2267) User=0.13s Sys=0.00s Real=0.07s
[606.085s][info][gc,start       ] GC(2268) Pause Young (Allocation Failure)
[606.133s][info][gc,heap        ] GC(2268) PSYoungGen: 204523K(228352K)->58139K(236032K) Eden: 134656K(134656K)->0K(137728K) From: 69867K(93696K)->58139K(98304K)
[606.133s][info][gc,heap        ] GC(2268) ParOldGen: 528861K(667648K)->528861K(667648K)
[606.133s][info][gc,metaspace   ] GC(2268) Metaspace: 19128K(19328K)->19128K(19328K) NonClass: 16462K(16576K)->16462K(16576K) Class: 2666K(2752K)->2666K(2752K)
[606.133s][info][gc             ] GC(2268) Pause Young (Allocation Failure) 716M->573M(882M) 48.129ms
[606.133s][info][gc,cpu         ] GC(2268) User=0.10s Sys=0.00s Real=0.05s
[606.245s][info][gc,start       ] GC(2269) Pause Young (Allocation Failure)
[606.323s][info][gc,heap        ] GC(2269) PSYoungGen: 195867K(236032K)->97787K(235520K) Eden: 137728K(137728K)->0K(137728K) From: 58139K(98304K)->97787K(97792K)
[606.323s][info][gc,heap        ] GC(2269) ParOldGen: 528861K(667648K)->535717K(667648K)
[606.323s][info][gc,metaspace   ] GC(2269) Metaspace: 19128K(19328K)->19128K(19328K) NonClass: 16462K(16576K)->16462K(16576K) Class: 2666K(2752K)->2666K(2752K)
[606.323s][info][gc             ] GC(2269) Pause Young (Allocation Failure) 707M->618M(882M) 78.262ms
[606.323s][info][gc,cpu         ] GC(2269) User=0.15s Sys=0.00s Real=0.08s
[606.507s][info][gc,start       ] GC(2270) Pause Young (Allocation Failure)
[606.583s][info][gc,heap        ] GC(2270) PSYoungGen: 235515K(235520K)->84080K(209920K) Eden: 137728K(137728K)->0K(111616K) From: 97787K(97792K)->84080K(98304K)
[606.583s][info][gc,heap        ] GC(2270) ParOldGen: 535717K(667648K)->553049K(667648K)
[606.583s][info][gc,metaspace   ] GC(2270) Metaspace: 19128K(19328K)->19128K(19328K) NonClass: 16462K(16576K)->16462K(16576K) Class: 2666K(2752K)->2666K(2752K)
[606.583s][info][gc             ] GC(2270) Pause Young (Allocation Failure) 753M->622M(857M) 76.170ms
[606.583s][info][gc,cpu         ] GC(2270) User=0.15s Sys=0.00s Real=0.08s
[606.748s][info][gc,start       ] GC(2271) Pause Young (Allocation Failure)
[606.834s][info][gc,heap        ] GC(2271) PSYoungGen: 195696K(209920K)->99280K(222720K) Eden: 111616K(111616K)->0K(111616K) From: 84080K(98304K)->99280K(111104K)
[606.834s][info][gc,heap        ] GC(2271) ParOldGen: 553049K(667648K)->553145K(667648K)
[606.834s][info][gc,metaspace   ] GC(2271) Metaspace: 19128K(19328K)->19128K(19328K) NonClass: 16462K(16576K)->16462K(16576K) Class: 2666K(2752K)->2666K(2752K)
[606.834s][info][gc             ] GC(2271) Pause Young (Allocation Failure) 731M->637M(869M) 86.814ms
[606.834s][info][gc,cpu         ] GC(2271) User=0.18s Sys=0.00s Real=0.08s
[606.965s][info][gc,start       ] GC(2272) Pause Young (Allocation Failure)
[607.086s][info][gc,heap        ] GC(2272) PSYoungGen: 210896K(222720K)->111072K(222720K) Eden: 111616K(111616K)->0K(111616K) From: 99280K(111104K)->111072K(111104K)
[607.086s][info][gc,heap        ] GC(2272) ParOldGen: 553145K(667648K)->563177K(667648K)
[607.086s][info][gc,metaspace   ] GC(2272) Metaspace: 19128K(19328K)->19128K(19328K) NonClass: 16462K(16576K)->16462K(16576K) Class: 2666K(2752K)->2666K(2752K)
[607.086s][info][gc             ] GC(2272) Pause Young (Allocation Failure) 746M->658M(869M) 121.695ms
[607.086s][info][gc,cpu         ] GC(2272) User=0.23s Sys=0.01s Real=0.12s
[607.202s][info][gc,start       ] GC(2273) Pause Young (Allocation Failure)
[607.319s][info][gc,heap        ] GC(2273) PSYoungGen: 222688K(222720K)->111072K(222720K) Eden: 111616K(111616K)->0K(111616K) From: 111072K(111104K)->111072K(111104K)
[607.319s][info][gc,heap        ] GC(2273) ParOldGen: 563177K(667648K)->567133K(667648K)
[607.319s][info][gc,metaspace   ] GC(2273) Metaspace: 19128K(19328K)->19128K(19328K) NonClass: 16462K(16576K)->16462K(16576K) Class: 2666K(2752K)->2666K(2752K)
[607.319s][info][gc             ] GC(2273) Pause Young (Allocation Failure) 767M->662M(869M) 117.021ms
[607.319s][info][gc,cpu         ] GC(2273) User=0.23s Sys=0.00s Real=0.12s
[607.433s][info][gc,start       ] GC(2274) Pause Young (Allocation Failure)
[607.545s][info][gc,heap        ] GC(2274) PSYoungGen: 222688K(222720K)->46464K(222720K) Eden: 111616K(111616K)->0K(111616K) From: 111072K(111104K)->46464K(111104K)
[607.545s][info][gc,heap        ] GC(2274) ParOldGen: 567133K(667648K)->633170K(667648K)
[607.545s][info][gc,metaspace   ] GC(2274) Metaspace: 19128K(19328K)->19128K(19328K) NonClass: 16462K(16576K)->16462K(16576K) Class: 2666K(2752K)->2666K(2752K)
[607.545s][info][gc             ] GC(2274) Pause Young (Allocation Failure) 771M->663M(869M) 112.253ms
[607.545s][info][gc,cpu         ] GC(2274) User=0.22s Sys=0.00s Real=0.11s
[607.672s][info][gc,start       ] GC(2275) Pause Full (Allocation Failure)
[607.672s][info][gc,phases,start] GC(2275) Marking Phase
[608.043s][info][gc,phases      ] GC(2275) Marking Phase 370.911ms
[608.043s][info][gc,phases,start] GC(2275) Summary Phase
[608.043s][info][gc,phases      ] GC(2275) Summary Phase 0.027ms
[608.043s][info][gc,phases,start] GC(2275) Forward
[608.147s][info][gc,phases      ] GC(2275) Forward 104.711ms
[608.147s][info][gc,phases,start] GC(2275) Adjust Pointers
[608.416s][info][gc,phases      ] GC(2275) Adjust Pointers 268.754ms
[608.416s][info][gc,phases,start] GC(2275) Compaction Phase
[608.573s][info][gc,phases      ] GC(2275) Compaction Phase 156.870ms
[608.582s][info][gc,phases,start] GC(2275) Post Compact
[608.584s][info][gc,phases      ] GC(2275) Post Compact 2.279ms
[608.584s][info][gc,heap        ] GC(2275) PSYoungGen: 158080K(222720K)->0K(222720K) Eden: 111616K(111616K)->0K(111616K) From: 46464K(111104K)->0K(111104K)
[608.584s][info][gc,heap        ] GC(2275) ParOldGen: 633170K(667648K)->515453K(667648K)
[608.584s][info][gc,metaspace   ] GC(2275) Metaspace: 19128K(19328K)->19128K(19328K) NonClass: 16462K(16576K)->16462K(16576K) Class: 2666K(2752K)->2666K(2752K)
[608.584s][info][gc             ] GC(2275) Pause Full (Allocation Failure) 772M->503M(869M) 912.495ms
[608.584s][info][gc,cpu         ] GC(2275) User=1.71s Sys=0.00s Real=0.91s
[608.723s][info][gc,start       ] GC(2276) Pause Young (Allocation Failure)
[608.729s][info][gc,heap        ] GC(2276) PSYoungGen: 111616K(222720K)->4608K(222720K) Eden: 111616K(111616K)->0K(111616K) From: 0K(111104K)->4608K(111104K)
[608.730s][info][gc,heap        ] GC(2276) ParOldGen: 515453K(667648K)->515453K(667648K)
[608.730s][info][gc,metaspace   ] GC(2276) Metaspace: 19128K(19328K)->19128K(19328K) NonClass: 16462K(16576K)->16462K(16576K) Class: 2666K(2752K)->2666K(2752K)
[608.730s][info][gc             ] GC(2276) Pause Young (Allocation Failure) 612M->507M(869M) 6.746ms
[608.730s][info][gc,cpu         ] GC(2276) User=0.01s Sys=0.00s Real=0.01s
[608.911s][info][gc,start       ] GC(2277) Pause Young (Allocation Failure)
[608.943s][info][gc,heap        ] GC(2277) PSYoungGen: 116224K(222720K)->21088K(222720K) Eden: 111616K(111616K)->0K(111616K) From: 4608K(111104K)->21088K(111104K)
[608.943s][info][gc,heap        ] GC(2277) ParOldGen: 515453K(667648K)->515453K(667648K)
[608.943s][info][gc,metaspace   ] GC(2277) Metaspace: 19128K(19328K)->19128K(19328K) NonClass: 16462K(16576K)->16462K(16576K) Class: 2666K(2752K)->2666K(2752K)
[608.943s][info][gc             ] GC(2277) Pause Young (Allocation Failure) 616M->523M(869M) 32.082ms
[608.943s][info][gc,cpu         ] GC(2277) User=0.07s Sys=0.00s Real=0.03s
[609.129s][info][gc,start       ] GC(2278) Pause Young (Allocation Failure)
[609.160s][info][gc,heap        ] GC(2278) PSYoungGen: 132704K(222720K)->22576K(222720K) Eden: 111616K(111616K)->0K(111616K) From: 21088K(111104K)->22576K(111104K)
[609.160s][info][gc,heap        ] GC(2278) ParOldGen: 515453K(667648K)->520061K(667648K)
[609.160s][info][gc,metaspace   ] GC(2278) Metaspace: 19128K(19328K)->19128K(19328K) NonClass: 16462K(16576K)->16462K(16576K) Class: 2666K(2752K)->2666K(2752K)
[609.160s][info][gc             ] GC(2278) Pause Young (Allocation Failure) 632M->529M(869M) 30.513ms
[609.160s][info][gc,cpu         ] GC(2278) User=0.06s Sys=0.00s Real=0.03s
[609.338s][info][gc,start       ] GC(2279) Pause Young (Allocation Failure)
[609.390s][info][gc,heap        ] GC(2279) PSYoungGen: 134192K(222720K)->39216K(222720K) Eden: 111616K(111616K)->0K(111616K) From: 22576K(111104K)->39216K(111104K)
[609.390s][info][gc,heap        ] GC(2279) ParOldGen: 520061K(667648K)->542645K(667648K)
[609.390s][info][gc,metaspace   ] GC(2279) Metaspace: 19128K(19328K)->19128K(19328K) NonClass: 16462K(16576K)->16462K(16576K) Class: 2666K(2752K)->2666K(2752K)
[609.390s][info][gc             ] GC(2279) Pause Young (Allocation Failure) 638M->568M(869M) 51.566ms
[609.390s][info][gc,cpu         ] GC(2279) User=0.10s Sys=0.00s Real=0.05s
[609.527s][info][gc,start       ] GC(2280) Pause Young (Allocation Failure)
[609.562s][info][gc,heap        ] GC(2280) PSYoungGen: 150832K(222720K)->4704K(222720K) Eden: 111616K(111616K)->0K(111616K) From: 39216K(111104K)->4704K(111104K)
[609.562s][info][gc,heap        ] GC(2280) ParOldGen: 542645K(667648K)->582291K(667648K)
[609.562s][info][gc,metaspace   ] GC(2280) Metaspace: 19128K(19328K)->19128K(19328K) NonClass: 16462K(16576K)->16462K(16576K) Class: 2666K(2752K)->2666K(2752K)
[609.562s][info][gc             ] GC(2280) Pause Young (Allocation Failure) 677M->573M(869M) 34.339ms
[609.562s][info][gc,cpu         ] GC(2280) User=0.06s Sys=0.00s Real=0.03s
[609.733s][info][gc,start       ] GC(2281) Pause Young (Allocation Failure)
[609.752s][info][gc,heap        ] GC(2281) PSYoungGen: 116320K(222720K)->7488K(222720K) Eden: 111616K(111616K)->0K(111616K) From: 4704K(111104K)->7488K(111104K)
[609.752s][info][gc,heap        ] GC(2281) ParOldGen: 582291K(667648K)->586635K(667648K)
[609.752s][info][gc,metaspace   ] GC(2281) Metaspace: 19128K(19328K)->19128K(19328K) NonClass: 16462K(16576K)->16462K(16576K) Class: 2666K(2752K)->2666K(2752K)
[609.752s][info][gc             ] GC(2281) Pause Young (Allocation Failure) 682M->580M(869M) 18.585ms
[609.752s][info][gc,cpu         ] GC(2281) User=0.04s Sys=0.00s Real=0.02s
[609.920s][info][gc,start       ] GC(2282) Pause Young (Allocation Failure)
[609.941s][info][gc,heap        ] GC(2282) PSYoungGen: 119104K(222720K)->9664K(222720K) Eden: 111616K(111616K)->0K(111616K) From: 7488K(111104K)->9664K(111104K)
[609.941s][info][gc,heap        ] GC(2282) ParOldGen: 586635K(667648K)->594115K(667648K)
[609.941s][info][gc,metaspace   ] GC(2282) Metaspace: 19128K(19328K)->19128K(19328K) NonClass: 16462K(16576K)->16462K(16576K) Class: 2666K(2752K)->2666K(2752K)
[609.941s][info][gc             ] GC(2282) Pause Young (Allocation Failure) 689M->589M(869M) 20.774ms
[609.941s][info][gc,cpu         ] GC(2282) User=0.05s Sys=0.00s Real=0.02s
[610.051s][info][gc,start       ] GC(2283) Pause Young (Allocation Failure)
[610.074s][info][gc,heap        ] GC(2283) PSYoungGen: 121280K(222720K)->11200K(222720K) Eden: 111616K(111616K)->0K(111616K) From: 9664K(111104K)->11200K(111104K)
[610.074s][info][gc,heap        ] GC(2283) ParOldGen: 594115K(667648K)->603771K(667648K)
[610.074s][info][gc,metaspace   ] GC(2283) Metaspace: 19128K(19328K)->19128K(19328K) NonClass: 16462K(16576K)->16462K(16576K) Class: 2666K(2752K)->2666K(2752K)
[610.074s][info][gc             ] GC(2283) Pause Young (Allocation Failure) 698M->600M(869M) 22.734ms
[610.074s][info][gc,cpu         ] GC(2283) User=0.05s Sys=0.00s Real=0.02s
[610.190s][info][gc,start       ] GC(2284) Pause Young (Allocation Failure)
[610.207s][info][gc,heap        ] GC(2284) PSYoungGen: 122816K(222720K)->2880K(222720K) Eden: 111616K(111616K)->0K(111616K) From: 11200K(111104K)->2880K(111104K)
[610.207s][info][gc,heap        ] GC(2284) ParOldGen: 603771K(667648K)->614971K(667648K)
[610.207s][info][gc,metaspace   ] GC(2284) Metaspace: 19128K(19328K)->19128K(19328K) NonClass: 16462K(16576K)->16462K(16576K) Class: 2666K(2752K)->2666K(2752K)
[610.207s][info][gc             ] GC(2284) Pause Young (Allocation Failure) 709M->603M(869M) 17.054ms
[610.207s][info][gc,cpu         ] GC(2284) User=0.03s Sys=0.00s Real=0.02s
[610.342s][info][gc,start       ] GC(2285) Pause Young (Allocation Failure)
[610.356s][info][gc,heap        ] GC(2285) PSYoungGen: 114496K(222720K)->8992K(222720K) Eden: 111616K(111616K)->0K(111616K) From: 2880K(111104K)->8992K(111104K)
[610.356s][info][gc,heap        ] GC(2285) ParOldGen: 614971K(667648K)->617835K(667648K)
[610.356s][info][gc,metaspace   ] GC(2285) Metaspace: 19128K(19328K)->19128K(19328K) NonClass: 16462K(16576K)->16462K(16576K) Class: 2666K(2752K)->2666K(2752K)
[610.356s][info][gc             ] GC(2285) Pause Young (Allocation Failure) 712M->612M(869M) 13.581ms
[610.356s][info][gc,cpu         ] GC(2285) User=0.03s Sys=0.00s Real=0.01s
[610.596s][info][gc,start       ] GC(2286) Pause Young (Allocation Failure)
[610.613s][info][gc,heap        ] GC(2286) PSYoungGen: 120608K(222720K)->5696K(222720K) Eden: 111616K(111616K)->0K(111616K) From: 8992K(111104K)->5696K(111104K)
[610.613s][info][gc,heap        ] GC(2286) ParOldGen: 617835K(667648K)->626802K(667648K)
[610.613s][info][gc,metaspace   ] GC(2286) Metaspace: 19128K(19328K)->19128K(19328K) NonClass: 16462K(16576K)->16462K(16576K) Class: 2666K(2752K)->2666K(2752K)
[610.613s][info][gc             ] GC(2286) Pause Young (Allocation Failure) 721M->617M(869M) 16.763ms
[610.613s][info][gc,cpu         ] GC(2286) User=0.04s Sys=0.00s Real=0.02s
[610.852s][info][gc,start       ] GC(2287) Pause Young (Allocation Failure)
[610.860s][info][gc,heap        ] GC(2287) PSYoungGen: 117312K(222720K)->64K(222720K) Eden: 111616K(111616K)->0K(111616K) From: 5696K(111104K)->64K(111104K)
[610.860s][info][gc,heap        ] GC(2287) ParOldGen: 626802K(667648K)->632405K(667648K)
[610.860s][info][gc,metaspace   ] GC(2287) Metaspace: 19128K(19328K)->19128K(19328K) NonClass: 16462K(16576K)->16462K(16576K) Class: 2666K(2752K)->2666K(2752K)
[610.860s][info][gc             ] GC(2287) Pause Young (Allocation Failure) 726M->617M(869M) 7.952ms
[610.860s][info][gc,cpu         ] GC(2287) User=0.02s Sys=0.01s Real=0.01s
[611.087s][info][gc,start       ] GC(2288) Pause Full (Allocation Failure)
[611.087s][info][gc,phases,start] GC(2288) Marking Phase
[611.434s][info][gc,phases      ] GC(2288) Marking Phase 346.363ms
[611.434s][info][gc,phases,start] GC(2288) Summary Phase
[611.434s][info][gc,phases      ] GC(2288) Summary Phase 0.024ms
[611.434s][info][gc,phases,start] GC(2288) Forward
[611.568s][info][gc,phases      ] GC(2288) Forward 134.781ms
[611.568s][info][gc,phases,start] GC(2288) Adjust Pointers
[611.821s][info][gc,phases      ] GC(2288) Adjust Pointers 252.489ms
[611.821s][info][gc,phases,start] GC(2288) Compaction Phase
[611.966s][info][gc,phases      ] GC(2288) Compaction Phase 144.475ms
[611.975s][info][gc,phases,start] GC(2288) Post Compact
[611.977s][info][gc,phases      ] GC(2288) Post Compact 2.204ms
[611.977s][info][gc,heap        ] GC(2288) PSYoungGen: 111680K(222720K)->0K(222720K) Eden: 111616K(111616K)->0K(111616K) From: 64K(111104K)->0K(111104K)
[611.977s][info][gc,heap        ] GC(2288) ParOldGen: 632405K(667648K)->468709K(667648K)
[611.977s][info][gc,metaspace   ] GC(2288) Metaspace: 19128K(19328K)->19128K(19328K) NonClass: 16462K(16576K)->16462K(16576K) Class: 2666K(2752K)->2666K(2752K)
[611.977s][info][gc             ] GC(2288) Pause Full (Allocation Failure) 726M->457M(869M) 890.005ms
[611.977s][info][gc,cpu         ] GC(2288) User=1.64s Sys=0.00s Real=0.89s
[612.224s][info][gc,start       ] GC(2289) Pause Young (Allocation Failure)
[612.230s][info][gc,heap        ] GC(2289) PSYoungGen: 111616K(222720K)->64K(112128K) Eden: 111616K(111616K)->0K(111616K) From: 0K(111104K)->64K(512K)
[612.230s][info][gc,heap        ] GC(2289) ParOldGen: 468709K(667648K)->468709K(667648K)
[612.230s][info][gc,metaspace   ] GC(2289) Metaspace: 19128K(19328K)->19128K(19328K) NonClass: 16462K(16576K)->16462K(16576K) Class: 2666K(2752K)->2666K(2752K)
[612.230s][info][gc             ] GC(2289) Pause Young (Allocation Failure) 566M->457M(761M) 6.749ms
[612.230s][info][gc,cpu         ] GC(2289) User=0.02s Sys=0.00s Real=0.01s
[612.357s][info][gc,start       ] GC(2290) Pause Young (Allocation Failure)
[612.375s][info][gc,heap        ] GC(2290) PSYoungGen: 111680K(112128K)->23312K(212992K) Eden: 111616K(111616K)->0K(115712K) From: 64K(512K)->23312K(97280K)
[612.375s][info][gc,heap        ] GC(2290) ParOldGen: 468709K(667648K)->468709K(667648K)
[612.375s][info][gc,metaspace   ] GC(2290) Metaspace: 19128K(19328K)->19128K(19328K) NonClass: 16462K(16576K)->16462K(16576K) Class: 2666K(2752K)->2666K(2752K)
[612.375s][info][gc             ] GC(2290) Pause Young (Allocation Failure) 566M->480M(860M) 18.566ms
[612.375s][info][gc,cpu         ] GC(2290) User=0.04s Sys=0.00s Real=0.02s
[612.440s][info][gc,start       ] GC(2291) Pause Young (Allocation Failure)
[612.483s][info][gc,heap        ] GC(2291) PSYoungGen: 139024K(212992K)->64976K(217088K) Eden: 115712K(115712K)->0K(115712K) From: 23312K(97280K)->64976K(101376K)
[612.483s][info][gc,heap        ] GC(2291) ParOldGen: 468709K(667648K)->468709K(667648K)
[612.483s][info][gc,metaspace   ] GC(2291) Metaspace: 19128K(19328K)->19128K(19328K) NonClass: 16462K(16576K)->16462K(16576K) Class: 2666K(2752K)->2666K(2752K)
[612.483s][info][gc             ] GC(2291) Pause Young (Allocation Failure) 593M->521M(864M) 43.464ms
[612.483s][info][gc,cpu         ] GC(2291) User=0.08s Sys=0.00s Real=0.04s
[612.662s][info][gc,start       ] GC(2292) Pause Young (Allocation Failure)
[612.705s][info][gc,heap        ] GC(2292) PSYoungGen: 180688K(217088K)->70432K(220160K) Eden: 115712K(115712K)->0K(111616K) From: 64976K(101376K)->70432K(108544K)
[612.705s][info][gc,heap        ] GC(2292) ParOldGen: 468709K(667648K)->468709K(667648K)
[612.705s][info][gc,metaspace   ] GC(2292) Metaspace: 19128K(19328K)->19128K(19328K) NonClass: 16462K(16576K)->16462K(16576K) Class: 2666K(2752K)->2666K(2752K)
[612.705s][info][gc             ] GC(2292) Pause Young (Allocation Failure) 634M->526M(867M) 42.989ms
[612.705s][info][gc,cpu         ] GC(2292) User=0.08s Sys=0.00s Real=0.04s
[612.866s][info][gc,start       ] GC(2293) Pause Young (Allocation Failure)
[612.943s][info][gc,heap        ] GC(2293) PSYoungGen: 182048K(220160K)->60576K(222720K) Eden: 111616K(111616K)->0K(111616K) From: 70432K(108544K)->60576K(111104K)
[612.943s][info][gc,heap        ] GC(2293) ParOldGen: 468709K(667648K)->492256K(667648K)
[612.943s][info][gc,metaspace   ] GC(2293) Metaspace: 19128K(19328K)->19128K(19328K) NonClass: 16462K(16576K)->16462K(16576K) Class: 2666K(2752K)->2666K(2752K)
[612.943s][info][gc             ] GC(2293) Pause Young (Allocation Failure) 635M->539M(869M) 77.510ms
[612.943s][info][gc,cpu         ] GC(2293) User=0.15s Sys=0.00s Real=0.08s
[613.109s][info][gc,start       ] GC(2294) Pause Young (Allocation Failure)
[613.172s][info][gc,heap        ] GC(2294) PSYoungGen: 172192K(222720K)->18400K(222720K) Eden: 111616K(111616K)->0K(111616K) From: 60576K(111104K)->18400K(111104K)
[613.172s][info][gc,heap        ] GC(2294) ParOldGen: 492256K(667648K)->539863K(667648K)
[613.172s][info][gc,metaspace   ] GC(2294) Metaspace: 19128K(19328K)->19128K(19328K) NonClass: 16462K(16576K)->16462K(16576K) Class: 2666K(2752K)->2666K(2752K)
[613.172s][info][gc             ] GC(2294) Pause Young (Allocation Failure) 648M->545M(869M) 62.560ms
[613.172s][info][gc,cpu         ] GC(2294) User=0.12s Sys=0.00s Real=0.06s
[613.314s][info][gc,start       ] GC(2295) Pause Young (Allocation Failure)
[613.353s][info][gc,heap        ] GC(2295) PSYoungGen: 130016K(222720K)->16793K(128512K) Eden: 111616K(111616K)->0K(111616K) From: 18400K(111104K)->16793K(16896K)
[613.353s][info][gc,heap        ] GC(2295) ParOldGen: 539863K(667648K)->558271K(667648K)
[613.353s][info][gc,metaspace   ] GC(2295) Metaspace: 19128K(19328K)->19128K(19328K) NonClass: 16462K(16576K)->16462K(16576K) Class: 2666K(2752K)->2666K(2752K)
[613.353s][info][gc             ] GC(2295) Pause Young (Allocation Failure) 654M->561M(777M) 38.998ms
[613.353s][info][gc,cpu         ] GC(2295) User=0.08s Sys=0.00s Real=0.04s
[613.411s][info][gc,start       ] GC(2296) Pause Young (Allocation Failure)
[613.447s][info][gc,heap        ] GC(2296) PSYoungGen: 128409K(128512K)->54025K(219136K) Eden: 111616K(111616K)->0K(111104K) From: 16793K(16896K)->54025K(108032K)
[613.447s][info][gc,heap        ] GC(2296) ParOldGen: 558271K(667648K)->558271K(667648K)
[613.447s][info][gc,metaspace   ] GC(2296) Metaspace: 19128K(19328K)->19128K(19328K) NonClass: 16462K(16576K)->16462K(16576K) Class: 2666K(2752K)->2666K(2752K)
[613.447s][info][gc             ] GC(2296) Pause Young (Allocation Failure) 670M->597M(866M) 36.600ms
[613.447s][info][gc,cpu         ] GC(2296) User=0.07s Sys=0.00s Real=0.04s
[613.601s][info][gc,start       ] GC(2297) Pause Young (Allocation Failure)
[613.644s][info][gc,heap        ] GC(2297) PSYoungGen: 165129K(219136K)->69689K(219648K) Eden: 111104K(111104K)->0K(111104K) From: 54025K(108032K)->69689K(108544K)
[613.644s][info][gc,heap        ] GC(2297) ParOldGen: 558271K(667648K)->558271K(667648K)
[613.644s][info][gc,metaspace   ] GC(2297) Metaspace: 19128K(19328K)->19128K(19328K) NonClass: 16462K(16576K)->16462K(16576K) Class: 2666K(2752K)->2666K(2752K)
[613.644s][info][gc             ] GC(2297) Pause Young (Allocation Failure) 706M->613M(866M) 43.465ms
[613.644s][info][gc,cpu         ] GC(2297) User=0.08s Sys=0.00s Real=0.04s
[613.724s][info][gc,start       ] GC(2298) Pause Young (Allocation Failure)
[613.770s][info][gc,heap        ] GC(2298) PSYoungGen: 180793K(219648K)->17696K(223744K) Eden: 111104K(111104K)->0K(112640K) From: 69689K(108544K)->17696K(111104K)
[613.770s][info][gc,heap        ] GC(2298) ParOldGen: 558271K(667648K)->612881K(667648K)
[613.770s][info][gc,metaspace   ] GC(2298) Metaspace: 19128K(19328K)->19128K(19328K) NonClass: 16462K(16576K)->16462K(16576K) Class: 2666K(2752K)->2666K(2752K)
[613.770s][info][gc             ] GC(2298) Pause Young (Allocation Failure) 721M->615M(870M) 46.443ms
[613.770s][info][gc,cpu         ] GC(2298) User=0.09s Sys=0.00s Real=0.05s
[613.921s][info][gc,start       ] GC(2299) Pause Full (Allocation Failure)
[613.922s][info][gc,phases,start] GC(2299) Marking Phase
[614.247s][info][gc,phases      ] GC(2299) Marking Phase 325.451ms
[614.247s][info][gc,phases,start] GC(2299) Summary Phase
[614.247s][info][gc,phases      ] GC(2299) Summary Phase 0.026ms
[614.247s][info][gc,phases,start] GC(2299) Forward
[614.379s][info][gc,phases      ] GC(2299) Forward 132.183ms
[614.379s][info][gc,phases,start] GC(2299) Adjust Pointers
[614.641s][info][gc,phases      ] GC(2299) Adjust Pointers 261.516ms
[614.641s][info][gc,phases,start] GC(2299) Compaction Phase
[614.782s][info][gc,phases      ] GC(2299) Compaction Phase 140.685ms
[614.796s][info][gc,phases,start] GC(2299) Post Compact
[614.798s][info][gc,phases      ] GC(2299) Post Compact 2.247ms
[614.798s][info][gc,heap        ] GC(2299) PSYoungGen: 130336K(223744K)->0K(222720K) Eden: 112640K(112640K)->0K(112640K) From: 17696K(111104K)->0K(110080K)
[614.798s][info][gc,heap        ] GC(2299) ParOldGen: 612881K(667648K)->482198K(667648K)
[614.798s][info][gc,metaspace   ] GC(2299) Metaspace: 19128K(19328K)->19128K(19328K) NonClass: 16462K(16576K)->16462K(16576K) Class: 2666K(2752K)->2666K(2752K)
[614.798s][info][gc             ] GC(2299) Pause Full (Allocation Failure) 725M->470M(869M) 876.687ms
[614.798s][info][gc,cpu         ] GC(2299) User=1.63s Sys=0.00s Real=0.88s
[614.942s][info][gc,start       ] GC(2300) Pause Young (Allocation Failure)
[614.944s][info][gc,heap        ] GC(2300) PSYoungGen: 112640K(222720K)->64K(221696K) Eden: 112640K(112640K)->0K(113664K) From: 0K(110080K)->64K(108032K)
[614.944s][info][gc,heap        ] GC(2300) ParOldGen: 482198K(667648K)->482198K(667648K)
[614.944s][info][gc,metaspace   ] GC(2300) Metaspace: 19128K(19328K)->19128K(19328K) NonClass: 16462K(16576K)->16462K(16576K) Class: 2666K(2752K)->2666K(2752K)
[614.944s][info][gc             ] GC(2300) Pause Young (Allocation Failure) 580M->470M(868M) 1.630ms
[614.944s][info][gc,cpu         ] GC(2300) User=0.00s Sys=0.00s Real=0.00s
[615.087s][info][gc,start       ] GC(2301) Pause Young (Allocation Failure)
[615.089s][info][gc,heap        ] GC(2301) PSYoungGen: 113728K(221696K)->64K(222208K) Eden: 113664K(113664K)->0K(113664K) From: 64K(108032K)->64K(108544K)
[615.089s][info][gc,heap        ] GC(2301) ParOldGen: 482198K(667648K)->482198K(667648K)
[615.089s][info][gc,metaspace   ] GC(2301) Metaspace: 19128K(19328K)->19128K(19328K) NonClass: 16462K(16576K)->16462K(16576K) Class: 2666K(2752K)->2666K(2752K)
[615.089s][info][gc             ] GC(2301) Pause Young (Allocation Failure) 581M->470M(869M) 1.647ms
[615.089s][info][gc,cpu         ] GC(2301) User=0.00s Sys=0.00s Real=0.01s
[615.232s][info][gc,start       ] GC(2302) Pause Young (Allocation Failure)
[615.234s][info][gc,heap        ] GC(2302) PSYoungGen: 113728K(222208K)->64K(220672K) Eden: 113664K(113664K)->0K(118784K) From: 64K(108544K)->64K(101888K)
[615.234s][info][gc,heap        ] GC(2302) ParOldGen: 482198K(667648K)->482198K(667648K)
[615.234s][info][gc,metaspace   ] GC(2302) Metaspace: 19128K(19328K)->19128K(19328K) NonClass: 16462K(16576K)->16462K(16576K) Class: 2666K(2752K)->2666K(2752K)
[615.234s][info][gc             ] GC(2302) Pause Young (Allocation Failure) 581M->470M(867M) 1.668ms
[615.234s][info][gc,cpu         ] GC(2302) User=0.01s Sys=0.00s Real=0.00s
[615.382s][info][gc,start       ] GC(2303) Pause Young (Allocation Failure)
[615.384s][info][gc,heap        ] GC(2303) PSYoungGen: 118848K(220672K)->64K(222208K) Eden: 118784K(118784K)->0K(118784K) From: 64K(101888K)->64K(103424K)
[615.384s][info][gc,heap        ] GC(2303) ParOldGen: 482198K(667648K)->482198K(667648K)
[615.384s][info][gc,metaspace   ] GC(2303) Metaspace: 19128K(19328K)->19128K(19328K) NonClass: 16462K(16576K)->16462K(16576K) Class: 2666K(2752K)->2666K(2752K)
[615.384s][info][gc             ] GC(2303) Pause Young (Allocation Failure) 586M->470M(869M) 1.644ms
[615.384s][info][gc,cpu         ] GC(2303) User=0.00s Sys=0.00s Real=0.00s
[615.533s][info][gc,start       ] GC(2304) Pause Young (Allocation Failure)
[615.535s][info][gc,heap        ] GC(2304) PSYoungGen: 118848K(222208K)->64K(214016K) Eden: 118784K(118784K)->0K(122880K) From: 64K(103424K)->64K(91136K)
[615.535s][info][gc,heap        ] GC(2304) ParOldGen: 482198K(667648K)->482198K(667648K)
[615.535s][info][gc,metaspace   ] GC(2304) Metaspace: 19128K(19328K)->19128K(19328K) NonClass: 16462K(16576K)->16462K(16576K) Class: 2666K(2752K)->2666K(2752K)
[615.535s][info][gc             ] GC(2304) Pause Young (Allocation Failure) 586M->470M(861M) 1.930ms
[615.535s][info][gc,cpu         ] GC(2304) User=0.00s Sys=0.00s Real=0.00s
[615.689s][info][gc,start       ] GC(2305) Pause Young (Allocation Failure)
[615.691s][info][gc,heap        ] GC(2305) PSYoungGen: 122944K(214016K)->64K(219136K) Eden: 122880K(122880K)->0K(122880K) From: 64K(91136K)->64K(96256K)
[615.691s][info][gc,heap        ] GC(2305) ParOldGen: 482198K(667648K)->482198K(667648K)
[615.691s][info][gc,metaspace   ] GC(2305) Metaspace: 19128K(19328K)->19128K(19328K) NonClass: 16462K(16576K)->16462K(16576K) Class: 2666K(2752K)->2666K(2752K)
[615.691s][info][gc             ] GC(2305) Pause Young (Allocation Failure) 590M->470M(866M) 1.920ms
[615.691s][info][gc,cpu         ] GC(2305) User=0.00s Sys=0.00s Real=0.00s
[615.845s][info][gc,start       ] GC(2306) Pause Young (Allocation Failure)
[615.847s][info][gc,heap        ] GC(2306) PSYoungGen: 122944K(219136K)->64K(208896K) Eden: 122880K(122880K)->0K(125440K) From: 64K(96256K)->64K(83456K)
[615.848s][info][gc,heap        ] GC(2306) ParOldGen: 482198K(667648K)->482198K(667648K)
[615.848s][info][gc,metaspace   ] GC(2306) Metaspace: 19128K(19328K)->19128K(19328K) NonClass: 16462K(16576K)->16462K(16576K) Class: 2666K(2752K)->2666K(2752K)
[615.848s][info][gc             ] GC(2306) Pause Young (Allocation Failure) 590M->470M(856M) 2.351ms
[615.848s][info][gc,cpu         ] GC(2306) User=0.00s Sys=0.00s Real=0.01s
[615.984s][info][gc,start       ] GC(2307) Pause Young (Allocation Failure)
[615.999s][info][gc,heap        ] GC(2307) PSYoungGen: 125504K(208896K)->12128K(137728K) Eden: 125440K(125440K)->0K(125440K) From: 64K(83456K)->12128K(12288K)
[615.999s][info][gc,heap        ] GC(2307) ParOldGen: 482198K(667648K)->482198K(667648K)
[615.999s][info][gc,metaspace   ] GC(2307) Metaspace: 19128K(19328K)->19128K(19328K) NonClass: 16462K(16576K)->16462K(16576K) Class: 2666K(2752K)->2666K(2752K)
[615.999s][info][gc             ] GC(2307) Pause Young (Allocation Failure) 593M->482M(786M) 15.393ms
[615.999s][info][gc,cpu         ] GC(2307) User=0.03s Sys=0.00s Real=0.02s
[616.114s][info][gc,start       ] GC(2308) Pause Young (Allocation Failure)
[616.147s][info][gc,heap        ] GC(2308) PSYoungGen: 137568K(137728K)->31360K(211456K) Eden: 125440K(125440K)->0K(130048K) From: 12128K(12288K)->31360K(81408K)
[616.147s][info][gc,heap        ] GC(2308) ParOldGen: 482198K(667648K)->482198K(667648K)
[616.147s][info][gc,metaspace   ] GC(2308) Metaspace: 19128K(19328K)->19128K(19328K) NonClass: 16462K(16576K)->16462K(16576K) Class: 2666K(2752K)->2666K(2752K)
[616.147s][info][gc             ] GC(2308) Pause Young (Allocation Failure) 605M->501M(858M) 32.806ms
[616.147s][info][gc,cpu         ] GC(2308) User=0.06s Sys=0.00s Real=0.03s
[616.247s][info][gc,start       ] GC(2309) Pause Young (Allocation Failure)
[616.282s][info][gc,heap        ] GC(2309) PSYoungGen: 161408K(211456K)->35200K(210944K) Eden: 130048K(130048K)->0K(130048K) From: 31360K(81408K)->35200K(80896K)
[616.282s][info][gc,heap        ] GC(2309) ParOldGen: 482198K(667648K)->482198K(667648K)
[616.282s][info][gc,metaspace   ] GC(2309) Metaspace: 19128K(19328K)->19128K(19328K) NonClass: 16462K(16576K)->16462K(16576K) Class: 2666K(2752K)->2666K(2752K)
[616.282s][info][gc             ] GC(2309) Pause Young (Allocation Failure) 628M->505M(858M) 35.501ms
[616.282s][info][gc,cpu         ] GC(2309) User=0.07s Sys=0.00s Real=0.04s
[616.398s][info][gc,start       ] GC(2310) Pause Young (Allocation Failure)
[616.435s][info][gc,heap        ] GC(2310) PSYoungGen: 165248K(210944K)->36512K(217600K) Eden: 130048K(130048K)->0K(136704K) From: 35200K(80896K)->36512K(80896K)
[616.435s][info][gc,heap        ] GC(2310) ParOldGen: 482198K(667648K)->482198K(667648K)
[616.435s][info][gc,metaspace   ] GC(2310) Metaspace: 19128K(19328K)->19128K(19328K) NonClass: 16462K(16576K)->16462K(16576K) Class: 2666K(2752K)->2666K(2752K)
[616.435s][info][gc             ] GC(2310) Pause Young (Allocation Failure) 632M->506M(864M) 36.887ms
[616.435s][info][gc,cpu         ] GC(2310) User=0.08s Sys=0.00s Real=0.03s
[616.557s][info][gc,start       ] GC(2311) Pause Young (Allocation Failure)
[616.597s][info][gc,heap        ] GC(2311) PSYoungGen: 173216K(217600K)->39840K(218112K) Eden: 136704K(136704K)->0K(136704K) From: 36512K(80896K)->39840K(81408K)
[616.597s][info][gc,heap        ] GC(2311) ParOldGen: 482198K(667648K)->482198K(667648K)
[616.597s][info][gc,metaspace   ] GC(2311) Metaspace: 19128K(19328K)->19128K(19328K) NonClass: 16462K(16576K)->16462K(16576K) Class: 2666K(2752K)->2666K(2752K)
[616.597s][info][gc             ] GC(2311) Pause Young (Allocation Failure) 640M->509M(865M) 39.848ms
[616.597s][info][gc,cpu         ] GC(2311) User=0.08s Sys=0.00s Real=0.04s
[616.687s][info][gc,start       ] GC(2312) Pause Young (Allocation Failure)
[616.744s][info][gc,heap        ] GC(2312) PSYoungGen: 176544K(218112K)->54368K(222208K) Eden: 136704K(136704K)->0K(140288K) From: 39840K(81408K)->54368K(81920K)
[616.744s][info][gc,heap        ] GC(2312) ParOldGen: 482198K(667648K)->482198K(667648K)
[616.744s][info][gc,metaspace   ] GC(2312) Metaspace: 19128K(19328K)->19128K(19328K) NonClass: 16462K(16576K)->16462K(16576K) Class: 2666K(2752K)->2666K(2752K)
[616.744s][info][gc             ] GC(2312) Pause Young (Allocation Failure) 643M->523M(869M) 56.841ms
[616.744s][info][gc,cpu         ] GC(2312) User=0.11s Sys=0.00s Real=0.06s
[616.866s][info][gc,start       ] GC(2313) Pause Young (Allocation Failure)
[616.944s][info][gc,heap        ] GC(2313) PSYoungGen: 194656K(222208K)->79872K(227840K) Eden: 140288K(140288K)->0K(140288K) From: 54368K(81920K)->79872K(87552K)
[616.944s][info][gc,heap        ] GC(2313) ParOldGen: 482198K(667648K)->482198K(667648K)
[616.944s][info][gc,metaspace   ] GC(2313) Metaspace: 19128K(19328K)->19128K(19328K) NonClass: 16462K(16576K)->16462K(16576K) Class: 2666K(2752K)->2666K(2752K)
[616.944s][info][gc             ] GC(2313) Pause Young (Allocation Failure) 660M->548M(874M) 78.149ms
[616.944s][info][gc,cpu         ] GC(2313) User=0.16s Sys=0.00s Real=0.08s
[617.027s][info][gc,start       ] GC(2314) Pause Young (Allocation Failure)
[617.136s][info][gc,heap        ] GC(2314) PSYoungGen: 220160K(227840K)->97808K(212992K) Eden: 140288K(140288K)->0K(111616K) From: 79872K(87552K)->97808K(101376K)
[617.137s][info][gc,heap        ] GC(2314) ParOldGen: 482198K(667648K)->482198K(667648K)
[617.137s][info][gc,metaspace   ] GC(2314) Metaspace: 19128K(19328K)->19128K(19328K) NonClass: 16462K(16576K)->16462K(16576K) Class: 2666K(2752K)->2666K(2752K)
[617.137s][info][gc             ] GC(2314) Pause Young (Allocation Failure) 685M->566M(860M) 109.520ms
[617.137s][info][gc,cpu         ] GC(2314) User=0.19s Sys=0.03s Real=0.11s
[617.241s][info][gc,start       ] GC(2315) Pause Young (Allocation Failure)
[617.350s][info][gc,heap        ] GC(2315) PSYoungGen: 209424K(212992K)->99776K(222720K) Eden: 111616K(111616K)->0K(111616K) From: 97808K(101376K)->99776K(111104K)
[617.350s][info][gc,heap        ] GC(2315) ParOldGen: 482198K(667648K)->482206K(667648K)
[617.350s][info][gc,metaspace   ] GC(2315) Metaspace: 19128K(19328K)->19128K(19328K) NonClass: 16462K(16576K)->16462K(16576K) Class: 2666K(2752K)->2666K(2752K)
[617.350s][info][gc             ] GC(2315) Pause Young (Allocation Failure) 675M->568M(869M) 108.754ms
[617.350s][info][gc,cpu         ] GC(2315) User=0.22s Sys=0.00s Real=0.11s
[617.494s][info][gc,start       ] GC(2316) Pause Young (Allocation Failure)
[617.593s][info][gc,heap        ] GC(2316) PSYoungGen: 211392K(222720K)->103216K(222720K) Eden: 111616K(111616K)->0K(111616K) From: 99776K(111104K)->103216K(111104K)
[617.593s][info][gc,heap        ] GC(2316) ParOldGen: 482206K(667648K)->482206K(667648K)
[617.593s][info][gc,metaspace   ] GC(2316) Metaspace: 19128K(19328K)->19128K(19328K) NonClass: 16462K(16576K)->16462K(16576K) Class: 2666K(2752K)->2666K(2752K)
[617.593s][info][gc             ] GC(2316) Pause Young (Allocation Failure) 677M->571M(869M) 99.035ms
[617.593s][info][gc,cpu         ] GC(2316) User=0.20s Sys=0.00s Real=0.10s
[617.736s][info][gc,start       ] GC(2317) Pause Young (Allocation Failure)
[617.838s][info][gc,heap        ] GC(2317) PSYoungGen: 214832K(222720K)->106576K(222720K) Eden: 111616K(111616K)->0K(111616K) From: 103216K(111104K)->106576K(111104K)
[617.838s][info][gc,heap        ] GC(2317) ParOldGen: 482206K(667648K)->482206K(667648K)
[617.838s][info][gc,metaspace   ] GC(2317) Metaspace: 19128K(19328K)->19128K(19328K) NonClass: 16462K(16576K)->16462K(16576K) Class: 2666K(2752K)->2666K(2752K)
[617.838s][info][gc             ] GC(2317) Pause Young (Allocation Failure) 680M->574M(869M) 102.158ms
[617.838s][info][gc,cpu         ] GC(2317) User=0.20s Sys=0.00s Real=0.11s
[617.977s][info][gc,start       ] GC(2318) Pause Young (Allocation Failure)
[618.096s][info][gc,heap        ] GC(2318) PSYoungGen: 218192K(222720K)->111088K(222720K) Eden: 111616K(111616K)->0K(111616K) From: 106576K(111104K)->111088K(111104K)
[618.096s][info][gc,heap        ] GC(2318) ParOldGen: 482206K(667648K)->494326K(667648K)
[618.096s][info][gc,metaspace   ] GC(2318) Metaspace: 19128K(19328K)->19128K(19328K) NonClass: 16462K(16576K)->16462K(16576K) Class: 2666K(2752K)->2666K(2752K)
[618.096s][info][gc             ] GC(2318) Pause Young (Allocation Failure) 683M->591M(869M) 119.043ms
[618.096s][info][gc,cpu         ] GC(2318) User=0.24s Sys=0.00s Real=0.12s
[618.363s][info][gc,start       ] GC(2319) Pause Young (Allocation Failure)
[618.474s][info][gc,heap        ] GC(2319) PSYoungGen: 222704K(222720K)->91584K(222720K) Eden: 111616K(111616K)->0K(111616K) From: 111088K(111104K)->91584K(111104K)
[618.475s][info][gc,heap        ] GC(2319) ParOldGen: 494326K(667648K)->517486K(667648K)
[618.475s][info][gc,metaspace   ] GC(2319) Metaspace: 19128K(19328K)->19128K(19328K) NonClass: 16462K(16576K)->16462K(16576K) Class: 2666K(2752K)->2666K(2752K)
[618.475s][info][gc             ] GC(2319) Pause Young (Allocation Failure) 700M->594M(869M) 111.199ms
[618.475s][info][gc,cpu         ] GC(2319) User=0.22s Sys=0.00s Real=0.11s
[618.759s][info][gc,start       ] GC(2320) Pause Young (Allocation Failure)
[618.848s][info][gc,heap        ] GC(2320) PSYoungGen: 203200K(222720K)->87024K(222720K) Eden: 111616K(111616K)->0K(111616K) From: 91584K(111104K)->87024K(111104K)
[618.848s][info][gc,heap        ] GC(2320) ParOldGen: 517486K(667648K)->522126K(667648K)
[618.848s][info][gc,metaspace   ] GC(2320) Metaspace: 19128K(19328K)->19128K(19328K) NonClass: 16462K(16576K)->16462K(16576K) Class: 2666K(2752K)->2666K(2752K)
[618.848s][info][gc             ] GC(2320) Pause Young (Allocation Failure) 703M->594M(869M) 89.021ms
[618.848s][info][gc,cpu         ] GC(2320) User=0.18s Sys=0.00s Real=0.09s
[619.132s][info][gc,start       ] GC(2321) Pause Young (Allocation Failure)
[619.217s][info][gc,heap        ] GC(2321) PSYoungGen: 198640K(222720K)->46976K(222720K) Eden: 111616K(111616K)->0K(111616K) From: 87024K(111104K)->46976K(111104K)
[619.217s][info][gc,heap        ] GC(2321) ParOldGen: 522126K(667648K)->562254K(667648K)
[619.217s][info][gc,metaspace   ] GC(2321) Metaspace: 19128K(19328K)->19128K(19328K) NonClass: 16462K(16576K)->16462K(16576K) Class: 2666K(2752K)->2666K(2752K)
[619.217s][info][gc             ] GC(2321) Pause Young (Allocation Failure) 703M->594M(869M) 84.981ms
[619.217s][info][gc,cpu         ] GC(2321) User=0.17s Sys=0.00s Real=0.08s
[619.463s][info][gc,start       ] GC(2322) Pause Young (Allocation Failure)
[619.510s][info][gc,heap        ] GC(2322) PSYoungGen: 158592K(222720K)->27104K(222720K) Eden: 111616K(111616K)->0K(111616K) From: 46976K(111104K)->27104K(111104K)
[619.510s][info][gc,heap        ] GC(2322) ParOldGen: 562254K(667648K)->582207K(667648K)
[619.510s][info][gc,metaspace   ] GC(2322) Metaspace: 19128K(19328K)->19128K(19328K) NonClass: 16462K(16576K)->16462K(16576K) Class: 2666K(2752K)->2666K(2752K)
[619.510s][info][gc             ] GC(2322) Pause Young (Allocation Failure) 703M->595M(869M) 47.303ms
[619.510s][info][gc,cpu         ] GC(2322) User=0.09s Sys=0.00s Real=0.05s
[619.758s][info][gc,start       ] GC(2323) Pause Young (Allocation Failure)
[619.786s][info][gc,heap        ] GC(2323) PSYoungGen: 138720K(222720K)->20352K(222720K) Eden: 111616K(111616K)->0K(111616K) From: 27104K(111104K)->20352K(111104K)
[619.786s][info][gc,heap        ] GC(2323) ParOldGen: 582207K(667648K)->588999K(667648K)
[619.786s][info][gc,metaspace   ] GC(2323) Metaspace: 19128K(19328K)->19128K(19328K) NonClass: 16462K(16576K)->16462K(16576K) Class: 2666K(2752K)->2666K(2752K)
[619.786s][info][gc             ] GC(2323) Pause Young (Allocation Failure) 704M->595M(869M) 28.491ms
[619.786s][info][gc,cpu         ] GC(2323) User=0.06s Sys=0.00s Real=0.02s
[620.037s][info][gc,start       ] GC(2324) Pause Young (Allocation Failure)
[620.059s][info][gc,heap        ] GC(2324) PSYoungGen: 131968K(222720K)->96K(222720K) Eden: 111616K(111616K)->0K(111616K) From: 20352K(111104K)->96K(111104K)
[620.059s][info][gc,heap        ] GC(2324) ParOldGen: 588999K(667648K)->609263K(667648K)
[620.059s][info][gc,metaspace   ] GC(2324) Metaspace: 19128K(19328K)->19128K(19328K) NonClass: 16462K(16576K)->16462K(16576K) Class: 2666K(2752K)->2666K(2752K)
[620.059s][info][gc             ] GC(2324) Pause Young (Allocation Failure) 704M->595M(869M) 22.487ms
[620.059s][info][gc,cpu         ] GC(2324) User=0.04s Sys=0.00s Real=0.03s
[620.290s][info][gc,start       ] GC(2325) Pause Young (Allocation Failure)
[620.292s][info][gc,heap        ] GC(2325) PSYoungGen: 111712K(222720K)->64K(222720K) Eden: 111616K(111616K)->0K(111616K) From: 96K(111104K)->64K(111104K)
[620.292s][info][gc,heap        ] GC(2325) ParOldGen: 609263K(667648K)->609343K(667648K)
[620.292s][info][gc,metaspace   ] GC(2325) Metaspace: 19128K(19328K)->19128K(19328K) NonClass: 16462K(16576K)->16462K(16576K) Class: 2666K(2752K)->2666K(2752K)
[620.292s][info][gc             ] GC(2325) Pause Young (Allocation Failure) 704M->595M(869M) 2.280ms
[620.292s][info][gc,cpu         ] GC(2325) User=0.00s Sys=0.00s Real=0.00s
[620.578s][info][gc,start       ] GC(2326) Pause Young (Allocation Failure)
[620.580s][info][gc,heap        ] GC(2326) PSYoungGen: 111680K(222720K)->192K(222720K) Eden: 111616K(111616K)->0K(111616K) From: 64K(111104K)->192K(111104K)
[620.580s][info][gc,heap        ] GC(2326) ParOldGen: 609343K(667648K)->609359K(667648K)
[620.580s][info][gc,metaspace   ] GC(2326) Metaspace: 19128K(19328K)->19128K(19328K) NonClass: 16462K(16576K)->16462K(16576K) Class: 2666K(2752K)->2666K(2752K)
[620.580s][info][gc             ] GC(2326) Pause Young (Allocation Failure) 704M->595M(869M) 2.255ms
[620.580s][info][gc,cpu         ] GC(2326) User=0.00s Sys=0.00s Real=0.00s
[620.777s][info][gc,start       ] GC(2327) Pause Young (Allocation Failure)
[620.782s][info][gc,heap        ] GC(2327) PSYoungGen: 111808K(222720K)->3456K(222720K) Eden: 111616K(111616K)->0K(111616K) From: 192K(111104K)->3456K(111104K)
[620.782s][info][gc,heap        ] GC(2327) ParOldGen: 609359K(667648K)->609375K(667648K)
[620.782s][info][gc,metaspace   ] GC(2327) Metaspace: 19128K(19328K)->19128K(19328K) NonClass: 16462K(16576K)->16462K(16576K) Class: 2666K(2752K)->2666K(2752K)
[620.782s][info][gc             ] GC(2327) Pause Young (Allocation Failure) 704M->598M(869M) 5.208ms
[620.782s][info][gc,cpu         ] GC(2327) User=0.01s Sys=0.00s Real=0.01s
[620.846s][info][gc,start       ] GC(2328) Pause Young (Allocation Failure)
[620.879s][info][gc,heap        ] GC(2328) PSYoungGen: 115072K(222720K)->40800K(222720K) Eden: 111616K(111616K)->0K(111616K) From: 3456K(111104K)->40800K(111104K)
[620.879s][info][gc,heap        ] GC(2328) ParOldGen: 609375K(667648K)->612832K(667648K)
[620.879s][info][gc,metaspace   ] GC(2328) Metaspace: 19128K(19328K)->19128K(19328K) NonClass: 16462K(16576K)->16462K(16576K) Class: 2666K(2752K)->2666K(2752K)
[620.879s][info][gc             ] GC(2328) Pause Young (Allocation Failure) 707M->638M(869M) 33.691ms
[620.879s][info][gc,cpu         ] GC(2328) User=0.07s Sys=0.00s Real=0.04s
[621.127s][info][gc,start       ] GC(2329) Pause Young (Allocation Failure)
[621.172s][info][gc,heap        ] GC(2329) PSYoungGen: 152416K(222720K)->27744K(222720K) Eden: 111616K(111616K)->0K(111616K) From: 40800K(111104K)->27744K(111104K)
[621.172s][info][gc,heap        ] GC(2329) ParOldGen: 612832K(667648K)->654104K(667648K)
[621.172s][info][gc,metaspace   ] GC(2329) Metaspace: 19128K(19328K)->19128K(19328K) NonClass: 16462K(16576K)->16462K(16576K) Class: 2666K(2752K)->2666K(2752K)
[621.172s][info][gc             ] GC(2329) Pause Young (Allocation Failure) 747M->665M(869M) 45.124ms
[621.172s][info][gc,cpu         ] GC(2329) User=0.09s Sys=0.00s Real=0.05s
[621.254s][info][gc,start       ] GC(2330) Pause Full (Allocation Failure)
[621.254s][info][gc,phases,start] GC(2330) Marking Phase
[621.557s][info][gc,phases      ] GC(2330) Marking Phase 302.404ms
[621.557s][info][gc,phases,start] GC(2330) Summary Phase
[621.557s][info][gc,phases      ] GC(2330) Summary Phase 0.029ms
[621.557s][info][gc,phases,start] GC(2330) Forward
[621.699s][info][gc,phases      ] GC(2330) Forward 142.167ms
[621.699s][info][gc,phases,start] GC(2330) Adjust Pointers
[621.920s][info][gc,phases      ] GC(2330) Adjust Pointers 221.171ms
[621.920s][info][gc,phases,start] GC(2330) Compaction Phase
[622.071s][info][gc,phases      ] GC(2330) Compaction Phase 150.979ms
[622.079s][info][gc,phases,start] GC(2330) Post Compact
[622.081s][info][gc,phases      ] GC(2330) Post Compact 2.360ms
[622.082s][info][gc,heap        ] GC(2330) PSYoungGen: 139360K(222720K)->0K(222720K) Eden: 111616K(111616K)->0K(111616K) From: 27744K(111104K)->0K(111104K)
[622.082s][info][gc,heap        ] GC(2330) ParOldGen: 654104K(667648K)->433879K(667648K)
[622.082s][info][gc,metaspace   ] GC(2330) Metaspace: 19128K(19328K)->19128K(19328K) NonClass: 16462K(16576K)->16462K(16576K) Class: 2666K(2752K)->2666K(2752K)
[622.082s][info][gc             ] GC(2330) Pause Full (Allocation Failure) 774M->423M(869M) 827.183ms
[622.082s][info][gc,cpu         ] GC(2330) User=1.50s Sys=0.00s Real=0.83s
[622.211s][info][gc,start       ] GC(2331) Pause Young (Allocation Failure)
[622.248s][info][gc,heap        ] GC(2331) PSYoungGen: 111616K(222720K)->27776K(222720K) Eden: 111616K(111616K)->0K(111616K) From: 0K(111104K)->27776K(111104K)
[622.249s][info][gc,heap        ] GC(2331) ParOldGen: 433879K(667648K)->433879K(667648K)
[622.249s][info][gc,metaspace   ] GC(2331) Metaspace: 19128K(19328K)->19128K(19328K) NonClass: 16462K(16576K)->16462K(16576K) Class: 2666K(2752K)->2666K(2752K)
[622.249s][info][gc             ] GC(2331) Pause Young (Allocation Failure) 532M->450M(869M) 37.231ms
[622.249s][info][gc,cpu         ] GC(2331) User=0.07s Sys=0.01s Real=0.04s
[622.306s][info][gc,start       ] GC(2332) Pause Young (Allocation Failure)
[622.368s][info][gc,heap        ] GC(2332) PSYoungGen: 139392K(222720K)->41056K(222720K) Eden: 111616K(111616K)->0K(111616K) From: 27776K(111104K)->41056K(111104K)
[622.368s][info][gc,heap        ] GC(2332) ParOldGen: 433879K(667648K)->461797K(667648K)
[622.368s][info][gc,metaspace   ] GC(2332) Metaspace: 19128K(19328K)->19128K(19328K) NonClass: 16462K(16576K)->16462K(16576K) Class: 2666K(2752K)->2666K(2752K)
[622.368s][info][gc             ] GC(2332) Pause Young (Allocation Failure) 559M->491M(869M) 61.925ms
[622.368s][info][gc,cpu         ] GC(2332) User=0.13s Sys=0.00s Real=0.07s
[622.480s][info][gc,start       ] GC(2333) Pause Young (Allocation Failure)
[622.529s][info][gc,heap        ] GC(2333) PSYoungGen: 152672K(222720K)->25984K(137728K) Eden: 111616K(111616K)->0K(111616K) From: 41056K(111104K)->25984K(26112K)
[622.529s][info][gc,heap        ] GC(2333) ParOldGen: 461797K(667648K)->503093K(667648K)
[622.529s][info][gc,metaspace   ] GC(2333) Metaspace: 19128K(19328K)->19128K(19328K) NonClass: 16462K(16576K)->16462K(16576K) Class: 2666K(2752K)->2666K(2752K)
[622.529s][info][gc             ] GC(2333) Pause Young (Allocation Failure) 600M->516M(786M) 48.608ms
[622.529s][info][gc,cpu         ] GC(2333) User=0.09s Sys=0.00s Real=0.05s
[622.649s][info][gc,start       ] GC(2334) Pause Young (Allocation Failure)
[622.666s][info][gc,heap        ] GC(2334) PSYoungGen: 137600K(137728K)->26048K(223232K) Eden: 111616K(111616K)->0K(117248K) From: 25984K(26112K)->26048K(105984K)
[622.666s][info][gc,heap        ] GC(2334) ParOldGen: 503093K(667648K)->503093K(667648K)
[622.666s][info][gc,metaspace   ] GC(2334) Metaspace: 19128K(19328K)->19128K(19328K) NonClass: 16462K(16576K)->16462K(16576K) Class: 2666K(2752K)->2666K(2752K)
[622.666s][info][gc             ] GC(2334) Pause Young (Allocation Failure) 625M->516M(870M) 17.859ms
[622.666s][info][gc,cpu         ] GC(2334) User=0.04s Sys=0.00s Real=0.01s
[622.788s][info][gc,start       ] GC(2335) Pause Young (Allocation Failure)
[622.806s][info][gc,heap        ] GC(2335) PSYoungGen: 143296K(223232K)->26112K(219648K) Eden: 117248K(117248K)->0K(117248K) From: 26048K(105984K)->26112K(102400K)
[622.806s][info][gc,heap        ] GC(2335) ParOldGen: 503093K(667648K)->503093K(667648K)
[622.806s][info][gc,metaspace   ] GC(2335) Metaspace: 19128K(19328K)->19128K(19328K) NonClass: 16462K(16576K)->16462K(16576K) Class: 2666K(2752K)->2666K(2752K)
[622.807s][info][gc             ] GC(2335) Pause Young (Allocation Failure) 631M->516M(866M) 18.060ms
[622.807s][info][gc,cpu         ] GC(2335) User=0.03s Sys=0.00s Real=0.01s
[622.928s][info][gc,start       ] GC(2336) Pause Young (Allocation Failure)
[622.946s][info][gc,heap        ] GC(2336) PSYoungGen: 143360K(219648K)->26240K(214016K) Eden: 117248K(117248K)->0K(125952K) From: 26112K(102400K)->26240K(88064K)
[622.946s][info][gc,heap        ] GC(2336) ParOldGen: 503093K(667648K)->503093K(667648K)
[622.946s][info][gc,metaspace   ] GC(2336) Metaspace: 19128K(19328K)->19128K(19328K) NonClass: 16462K(16576K)->16462K(16576K) Class: 2666K(2752K)->2666K(2752K)
[622.946s][info][gc             ] GC(2336) Pause Young (Allocation Failure) 631M->516M(861M) 18.648ms
[622.946s][info][gc,cpu         ] GC(2336) User=0.04s Sys=0.00s Real=0.01s
[623.077s][info][gc,start       ] GC(2337) Pause Young (Allocation Failure)
[623.096s][info][gc,heap        ] GC(2337) PSYoungGen: 152192K(214016K)->26368K(218112K) Eden: 125952K(125952K)->0K(125952K) From: 26240K(88064K)->26368K(92160K)
[623.096s][info][gc,heap        ] GC(2337) ParOldGen: 503093K(667648K)->503093K(667648K)
[623.096s][info][gc,metaspace   ] GC(2337) Metaspace: 19128K(19328K)->19128K(19328K) NonClass: 16462K(16576K)->16462K(16576K) Class: 2666K(2752K)->2666K(2752K)
[623.096s][info][gc             ] GC(2337) Pause Young (Allocation Failure) 639M->517M(865M) 19.067ms
[623.096s][info][gc,cpu         ] GC(2337) User=0.03s Sys=0.00s Real=0.02s
[623.229s][info][gc,start       ] GC(2338) Pause Young (Allocation Failure)
[623.248s][info][gc,heap        ] GC(2338) PSYoungGen: 152320K(218112K)->26432K(212480K) Eden: 125952K(125952K)->0K(134144K) From: 26368K(92160K)->26432K(78336K)
[623.248s][info][gc,heap        ] GC(2338) ParOldGen: 503093K(667648K)->503093K(667648K)
[623.248s][info][gc,metaspace   ] GC(2338) Metaspace: 19128K(19328K)->19128K(19328K) NonClass: 16462K(16576K)->16462K(16576K) Class: 2666K(2752K)->2666K(2752K)
[623.248s][info][gc             ] GC(2338) Pause Young (Allocation Failure) 640M->517M(859M) 19.443ms
[623.248s][info][gc,cpu         ] GC(2338) User=0.03s Sys=0.00s Real=0.02s
[623.388s][info][gc,start       ] GC(2339) Pause Young (Allocation Failure)
[623.408s][info][gc,heap        ] GC(2339) PSYoungGen: 160576K(212480K)->26528K(217088K) Eden: 134144K(134144K)->0K(134144K) From: 26432K(78336K)->26528K(82944K)
[623.408s][info][gc,heap        ] GC(2339) ParOldGen: 503093K(667648K)->503093K(667648K)
[623.408s][info][gc,metaspace   ] GC(2339) Metaspace: 19128K(19328K)->19128K(19328K) NonClass: 16462K(16576K)->16462K(16576K) Class: 2666K(2752K)->2666K(2752K)
[623.408s][info][gc             ] GC(2339) Pause Young (Allocation Failure) 648M->517M(864M) 19.878ms
[623.408s][info][gc,cpu         ] GC(2339) User=0.04s Sys=0.00s Real=0.02s
[623.547s][info][gc,start       ] GC(2340) Pause Young (Allocation Failure)
[623.568s][info][gc,heap        ] GC(2340) PSYoungGen: 160672K(217088K)->26624K(212992K) Eden: 134144K(134144K)->0K(142336K) From: 26528K(82944K)->26624K(70656K)
[623.568s][info][gc,heap        ] GC(2340) ParOldGen: 503093K(667648K)->503093K(667648K)
[623.568s][info][gc,metaspace   ] GC(2340) Metaspace: 19128K(19328K)->19128K(19328K) NonClass: 16462K(16576K)->16462K(16576K) Class: 2666K(2752K)->2666K(2752K)
[623.568s][info][gc             ] GC(2340) Pause Young (Allocation Failure) 648M->517M(860M) 20.935ms
[623.568s][info][gc,cpu         ] GC(2340) User=0.04s Sys=0.01s Real=0.03s
[623.713s][info][gc,start       ] GC(2341) Pause Young (Allocation Failure)
[623.733s][info][gc,heap        ] GC(2341) PSYoungGen: 168960K(212992K)->26688K(217088K) Eden: 142336K(142336K)->0K(142336K) From: 26624K(70656K)->26688K(74752K)
[623.733s][info][gc,heap        ] GC(2341) ParOldGen: 503093K(667648K)->503093K(667648K)
[623.733s][info][gc,metaspace   ] GC(2341) Metaspace: 19128K(19328K)->19128K(19328K) NonClass: 16462K(16576K)->16462K(16576K) Class: 2666K(2752K)->2666K(2752K)
[623.733s][info][gc             ] GC(2341) Pause Young (Allocation Failure) 656M->517M(864M) 19.729ms
[623.733s][info][gc,cpu         ] GC(2341) User=0.04s Sys=0.00s Real=0.02s
[623.887s][info][gc,start       ] GC(2342) Pause Young (Allocation Failure)
[623.918s][info][gc,heap        ] GC(2342) PSYoungGen: 169024K(217088K)->30080K(214016K) Eden: 142336K(142336K)->0K(151040K) From: 26688K(74752K)->30080K(62976K)
[623.918s][info][gc,heap        ] GC(2342) ParOldGen: 503093K(667648K)->503093K(667648K)
[623.918s][info][gc,metaspace   ] GC(2342) Metaspace: 19128K(19328K)->19128K(19328K) NonClass: 16462K(16576K)->16462K(16576K) Class: 2666K(2752K)->2666K(2752K)
[623.918s][info][gc             ] GC(2342) Pause Young (Allocation Failure) 656M->520M(861M) 31.003ms
[623.918s][info][gc,cpu         ] GC(2342) User=0.06s Sys=0.00s Real=0.04s
[624.112s][info][gc,start       ] GC(2343) Pause Young (Allocation Failure)
[624.162s][info][gc,heap        ] GC(2343) PSYoungGen: 181120K(214016K)->45611K(218112K) Eden: 151040K(151040K)->0K(151040K) From: 30080K(62976K)->45611K(67072K)
[624.162s][info][gc,heap        ] GC(2343) ParOldGen: 503093K(667648K)->503093K(667648K)
[624.162s][info][gc,metaspace   ] GC(2343) Metaspace: 19128K(19328K)->19128K(19328K) NonClass: 16462K(16576K)->16462K(16576K) Class: 2666K(2752K)->2666K(2752K)
[624.162s][info][gc             ] GC(2343) Pause Young (Allocation Failure) 668M->535M(865M) 50.751ms
[624.162s][info][gc,cpu         ] GC(2343) User=0.10s Sys=0.00s Real=0.05s
[624.359s][info][gc,start       ] GC(2344) Pause Young (Allocation Failure)
[624.411s][info][gc,heap        ] GC(2344) PSYoungGen: 196651K(218112K)->45611K(229376K) Eden: 151040K(151040K)->0K(160256K) From: 45611K(67072K)->45611K(69120K)
[624.411s][info][gc,heap        ] GC(2344) ParOldGen: 503093K(667648K)->503093K(667648K)
[624.411s][info][gc,metaspace   ] GC(2344) Metaspace: 19128K(19328K)->19128K(19328K) NonClass: 16462K(16576K)->16462K(16576K) Class: 2666K(2752K)->2666K(2752K)
[624.411s][info][gc             ] GC(2344) Pause Young (Allocation Failure) 683M->535M(876M) 51.832ms
[624.411s][info][gc,cpu         ] GC(2344) User=0.11s Sys=0.00s Real=0.05s
[624.607s][info][gc,start       ] GC(2345) Pause Young (Allocation Failure)
[624.670s][info][gc,heap        ] GC(2345) PSYoungGen: 205867K(229376K)->55915K(230400K) Eden: 160256K(160256K)->0K(160256K) From: 45611K(69120K)->55915K(70144K)
[624.670s][info][gc,heap        ] GC(2345) ParOldGen: 503093K(667648K)->503093K(667648K)
[624.670s][info][gc,metaspace   ] GC(2345) Metaspace: 19128K(19328K)->19128K(19328K) NonClass: 16462K(16576K)->16462K(16576K) Class: 2666K(2752K)->2666K(2752K)
[624.670s][info][gc             ] GC(2345) Pause Young (Allocation Failure) 692M->545M(877M) 62.533ms
[624.670s][info][gc,cpu         ] GC(2345) User=0.12s Sys=0.00s Real=0.07s
[624.826s][info][gc,start       ] GC(2346) Pause Young (Allocation Failure)
[624.929s][info][gc,heap        ] GC(2346) PSYoungGen: 216171K(230400K)->75243K(236032K) Eden: 160256K(160256K)->0K(160768K) From: 55915K(70144K)->75243K(75264K)
[624.929s][info][gc,heap        ] GC(2346) ParOldGen: 503093K(667648K)->505045K(667648K)
[624.929s][info][gc,metaspace   ] GC(2346) Metaspace: 19128K(19328K)->19128K(19328K) NonClass: 16462K(16576K)->16462K(16576K) Class: 2666K(2752K)->2666K(2752K)
[624.929s][info][gc             ] GC(2346) Pause Young (Allocation Failure) 702M->566M(882M) 103.328ms
[624.929s][info][gc,cpu         ] GC(2346) User=0.18s Sys=0.02s Real=0.11s
[625.056s][info][gc,start       ] GC(2347) Pause Young (Allocation Failure)
[625.142s][info][gc,heap        ] GC(2347) PSYoungGen: 236011K(236032K)->53419K(214528K) Eden: 160768K(160768K)->0K(160768K) From: 75243K(75264K)->53419K(53760K)
[625.142s][info][gc,heap        ] GC(2347) ParOldGen: 505045K(667648K)->531217K(667648K)
[625.142s][info][gc,metaspace   ] GC(2347) Metaspace: 19128K(19328K)->19128K(19328K) NonClass: 16462K(16576K)->16462K(16576K) Class: 2666K(2752K)->2666K(2752K)
[625.142s][info][gc             ] GC(2347) Pause Young (Allocation Failure) 723M->570M(861M) 86.024ms
[625.142s][info][gc,cpu         ] GC(2347) User=0.17s Sys=0.00s Real=0.09s
[625.293s][info][gc,start       ] GC(2348) Pause Young (Allocation Failure)
[625.360s][info][gc,heap        ] GC(2348) PSYoungGen: 214187K(214528K)->54571K(245760K) Eden: 160768K(160768K)->0K(158720K) From: 53419K(53760K)->54571K(87040K)
[625.361s][info][gc,heap        ] GC(2348) ParOldGen: 531217K(667648K)->531217K(667648K)
[625.361s][info][gc,metaspace   ] GC(2348) Metaspace: 19128K(19328K)->19128K(19328K) NonClass: 16462K(16576K)->16462K(16576K) Class: 2666K(2752K)->2666K(2752K)
[625.361s][info][gc             ] GC(2348) Pause Young (Allocation Failure) 727M->572M(892M) 67.407ms
[625.361s][info][gc,cpu         ] GC(2348) User=0.14s Sys=0.00s Real=0.07s
[625.498s][info][gc,start       ] GC(2349) Pause Young (Allocation Failure)
[625.567s][info][gc,heap        ] GC(2349) PSYoungGen: 213291K(245760K)->57995K(217088K) Eden: 158720K(158720K)->0K(158720K) From: 54571K(87040K)->57995K(58368K)
[625.567s][info][gc,heap        ] GC(2349) ParOldGen: 531217K(667648K)->531217K(667648K)
[625.567s][info][gc,metaspace   ] GC(2349) Metaspace: 19128K(19328K)->19128K(19328K) NonClass: 16462K(16576K)->16462K(16576K) Class: 2666K(2752K)->2666K(2752K)
[625.567s][info][gc             ] GC(2349) Pause Young (Allocation Failure) 727M->575M(864M) 68.853ms
[625.567s][info][gc,cpu         ] GC(2349) User=0.14s Sys=0.00s Real=0.06s
[625.750s][info][gc,start       ] GC(2350) Pause Young (Allocation Failure)
[625.828s][info][gc,heap        ] GC(2350) PSYoungGen: 216715K(217088K)->67356K(236032K) Eden: 158720K(158720K)->0K(147456K) From: 57995K(58368K)->67356K(88576K)
[625.828s][info][gc,heap        ] GC(2350) ParOldGen: 531217K(667648K)->531297K(667648K)
[625.828s][info][gc,metaspace   ] GC(2350) Metaspace: 19128K(19328K)->19128K(19328K) NonClass: 16462K(16576K)->16462K(16576K) Class: 2666K(2752K)->2666K(2752K)
[625.828s][info][gc             ] GC(2350) Pause Young (Allocation Failure) 730M->584M(882M) 77.607ms
[625.828s][info][gc,cpu         ] GC(2350) User=0.15s Sys=0.00s Real=0.08s
[625.980s][info][gc,start       ] GC(2351) Pause Young (Allocation Failure)
[626.072s][info][gc,heap        ] GC(2351) PSYoungGen: 214812K(236032K)->81355K(228864K) Eden: 147456K(147456K)->0K(147456K) From: 67356K(88576K)->81355K(81408K)
[626.072s][info][gc,heap        ] GC(2351) ParOldGen: 531297K(667648K)->531393K(667648K)
[626.072s][info][gc,metaspace   ] GC(2351) Metaspace: 19128K(19328K)->19128K(19328K) NonClass: 16462K(16576K)->16462K(16576K) Class: 2666K(2752K)->2666K(2752K)
[626.072s][info][gc             ] GC(2351) Pause Young (Allocation Failure) 728M->598M(875M) 91.977ms
[626.072s][info][gc,cpu         ] GC(2351) User=0.18s Sys=0.00s Real=0.09s
[626.264s][info][gc,start       ] GC(2352) Pause Young (Allocation Failure)
[626.396s][info][gc,heap        ] GC(2352) PSYoungGen: 228811K(228864K)->101355K(212992K) Eden: 147456K(147456K)->0K(111616K) From: 81355K(81408K)->101355K(101376K)
[626.396s][info][gc,heap        ] GC(2352) ParOldGen: 531393K(667648K)->545169K(667648K)
[626.396s][info][gc,metaspace   ] GC(2352) Metaspace: 19128K(19328K)->19128K(19328K) NonClass: 16462K(16576K)->16462K(16576K) Class: 2666K(2752K)->2666K(2752K)
[626.396s][info][gc             ] GC(2352) Pause Young (Allocation Failure) 742M->631M(860M) 132.473ms
[626.396s][info][gc,cpu         ] GC(2352) User=0.25s Sys=0.01s Real=0.13s
[626.521s][info][gc,start       ] GC(2353) Pause Young (Allocation Failure)
[626.641s][info][gc,heap        ] GC(2353) PSYoungGen: 212971K(212992K)->108572K(222720K) Eden: 111616K(111616K)->0K(111616K) From: 101355K(101376K)->108572K(111104K)
[626.641s][info][gc,heap        ] GC(2353) ParOldGen: 545169K(667648K)->545249K(667648K)
[626.641s][info][gc,metaspace   ] GC(2353) Metaspace: 19128K(19328K)->19128K(19328K) NonClass: 16462K(16576K)->16462K(16576K) Class: 2666K(2752K)->2666K(2752K)
[626.641s][info][gc             ] GC(2353) Pause Young (Allocation Failure) 740M->638M(869M) 119.541ms
[626.641s][info][gc,cpu         ] GC(2353) User=0.24s Sys=0.00s Real=0.12s
[626.747s][info][gc,start       ] GC(2354) Pause Young (Allocation Failure)
[626.874s][info][gc,heap        ] GC(2354) PSYoungGen: 220188K(222720K)->109131K(222720K) Eden: 111616K(111616K)->0K(111616K) From: 108572K(111104K)->109131K(111104K)
[626.874s][info][gc,heap        ] GC(2354) ParOldGen: 545249K(667648K)->545337K(667648K)
[626.874s][info][gc,metaspace   ] GC(2354) Metaspace: 19128K(19328K)->19128K(19328K) NonClass: 16462K(16576K)->16462K(16576K) Class: 2666K(2752K)->2666K(2752K)
[626.874s][info][gc             ] GC(2354) Pause Young (Allocation Failure) 747M->639M(869M) 127.383ms
[626.874s][info][gc,cpu         ] GC(2354) User=0.25s Sys=0.00s Real=0.13s
[626.995s][info][gc,start       ] GC(2355) Pause Young (Allocation Failure)
[627.125s][info][gc,heap        ] GC(2355) PSYoungGen: 220747K(222720K)->96672K(222720K) Eden: 111616K(111616K)->0K(111616K) From: 109131K(111104K)->96672K(111104K)
[627.125s][info][gc,heap        ] GC(2355) ParOldGen: 545337K(667648K)->563825K(667648K)
[627.125s][info][gc,metaspace   ] GC(2355) Metaspace: 19128K(19328K)->19128K(19328K) NonClass: 16462K(16576K)->16462K(16576K) Class: 2666K(2752K)->2666K(2752K)
[627.125s][info][gc             ] GC(2355) Pause Young (Allocation Failure) 748M->645M(869M) 129.573ms
[627.125s][info][gc,cpu         ] GC(2355) User=0.26s Sys=0.00s Real=0.13s
[627.258s][info][gc,start       ] GC(2356) Pause Young (Allocation Failure)
[627.350s][info][gc,heap        ] GC(2356) PSYoungGen: 208288K(222720K)->88848K(222720K) Eden: 111616K(111616K)->0K(111616K) From: 96672K(111104K)->88848K(111104K)
[627.350s][info][gc,heap        ] GC(2356) ParOldGen: 563825K(667648K)->571785K(667648K)
[627.350s][info][gc,metaspace   ] GC(2356) Metaspace: 19128K(19328K)->19128K(19328K) NonClass: 16462K(16576K)->16462K(16576K) Class: 2666K(2752K)->2666K(2752K)
[627.350s][info][gc             ] GC(2356) Pause Young (Allocation Failure) 754M->645M(869M) 92.549ms
[627.350s][info][gc,cpu         ] GC(2356) User=0.19s Sys=0.00s Real=0.09s
[627.423s][info][gc,start       ] GC(2357) Pause Young (Allocation Failure)
[627.507s][info][gc,heap        ] GC(2357) PSYoungGen: 200464K(222720K)->69536K(222720K) Eden: 111616K(111616K)->0K(111616K) From: 88848K(111104K)->69536K(111104K)
[627.507s][info][gc,heap        ] GC(2357) ParOldGen: 571785K(667648K)->591137K(667648K)
[627.507s][info][gc,metaspace   ] GC(2357) Metaspace: 19128K(19328K)->19128K(19328K) NonClass: 16462K(16576K)->16462K(16576K) Class: 2666K(2752K)->2666K(2752K)
[627.507s][info][gc             ] GC(2357) Pause Young (Allocation Failure) 754M->645M(869M) 84.659ms
[627.507s][info][gc,cpu         ] GC(2357) User=0.17s Sys=0.00s Real=0.09s
[627.667s][info][gc,start       ] GC(2358) Pause Young (Allocation Failure)
[627.741s][info][gc,heap        ] GC(2358) PSYoungGen: 181152K(222720K)->73136K(222720K) Eden: 111616K(111616K)->0K(111616K) From: 69536K(111104K)->73136K(111104K)
[627.741s][info][gc,heap        ] GC(2358) ParOldGen: 591137K(667648K)->594689K(667648K)
[627.741s][info][gc,metaspace   ] GC(2358) Metaspace: 19128K(19328K)->19128K(19328K) NonClass: 16462K(16576K)->16462K(16576K) Class: 2666K(2752K)->2666K(2752K)
[627.741s][info][gc             ] GC(2358) Pause Young (Allocation Failure) 754M->652M(869M) 73.843ms
[627.741s][info][gc,cpu         ] GC(2358) User=0.14s Sys=0.00s Real=0.08s
[627.880s][info][gc,start       ] GC(2359) Pause Young (Allocation Failure)
[627.958s][info][gc,heap        ] GC(2359) PSYoungGen: 184752K(222720K)->63136K(222720K) Eden: 111616K(111616K)->0K(111616K) From: 73136K(111104K)->63136K(111104K)
[627.958s][info][gc,heap        ] GC(2359) ParOldGen: 594689K(667648K)->612922K(667648K)
[627.958s][info][gc,metaspace   ] GC(2359) Metaspace: 19128K(19328K)->19128K(19328K) NonClass: 16462K(16576K)->16462K(16576K) Class: 2666K(2752K)->2666K(2752K)
[627.958s][info][gc             ] GC(2359) Pause Young (Allocation Failure) 761M->660M(869M) 78.244ms
[627.958s][info][gc,cpu         ] GC(2359) User=0.15s Sys=0.00s Real=0.08s
[628.279s][info][gc,start       ] GC(2360) Pause Young (Allocation Failure)
[628.340s][info][gc,heap        ] GC(2360) PSYoungGen: 174752K(222720K)->22144K(222720K) Eden: 111616K(111616K)->0K(111616K) From: 63136K(111104K)->22144K(111104K)
[628.340s][info][gc,heap        ] GC(2360) ParOldGen: 612922K(667648K)->654066K(667648K)
[628.340s][info][gc,metaspace   ] GC(2360) Metaspace: 19128K(19328K)->19128K(19328K) NonClass: 16462K(16576K)->16462K(16576K) Class: 2666K(2752K)->2666K(2752K)
[628.340s][info][gc             ] GC(2360) Pause Young (Allocation Failure) 769M->660M(869M) 61.707ms
[628.340s][info][gc,cpu         ] GC(2360) User=0.12s Sys=0.00s Real=0.06s
[628.582s][info][gc,start       ] GC(2361) Pause Full (Allocation Failure)
[628.582s][info][gc,phases,start] GC(2361) Marking Phase
[628.845s][info][gc,phases      ] GC(2361) Marking Phase 262.704ms
[628.845s][info][gc,phases,start] GC(2361) Summary Phase
[628.845s][info][gc,phases      ] GC(2361) Summary Phase 0.027ms
[628.845s][info][gc,phases,start] GC(2361) Forward
[628.980s][info][gc,phases      ] GC(2361) Forward 134.486ms
[628.980s][info][gc,phases,start] GC(2361) Adjust Pointers
[629.180s][info][gc,phases      ] GC(2361) Adjust Pointers 200.162ms
[629.180s][info][gc,phases,start] GC(2361) Compaction Phase
[629.302s][info][gc,phases      ] GC(2361) Compaction Phase 121.627ms
[629.314s][info][gc,phases,start] GC(2361) Post Compact
[629.316s][info][gc,phases      ] GC(2361) Post Compact 2.280ms
[629.316s][info][gc,heap        ] GC(2361) PSYoungGen: 133760K(222720K)->0K(222720K) Eden: 111616K(111616K)->0K(111616K) From: 22144K(111104K)->0K(111104K)
[629.316s][info][gc,heap        ] GC(2361) ParOldGen: 654066K(667648K)->369386K(667648K)
[629.316s][info][gc,metaspace   ] GC(2361) Metaspace: 19128K(19328K)->19128K(19328K) NonClass: 16462K(16576K)->16462K(16576K) Class: 2666K(2752K)->2666K(2752K)
[629.316s][info][gc             ] GC(2361) Pause Full (Allocation Failure) 769M->360M(869M) 733.851ms
[629.316s][info][gc,cpu         ] GC(2361) User=1.30s Sys=0.00s Real=0.73s
[629.570s][info][gc,start       ] GC(2362) Pause Young (Allocation Failure)
[629.572s][info][gc,heap        ] GC(2362) PSYoungGen: 111616K(222720K)->64K(222720K) Eden: 111616K(111616K)->0K(111616K) From: 0K(111104K)->64K(111104K)
[629.572s][info][gc,heap        ] GC(2362) ParOldGen: 369386K(667648K)->369386K(667648K)
[629.572s][info][gc,metaspace   ] GC(2362) Metaspace: 19128K(19328K)->19128K(19328K) NonClass: 16462K(16576K)->16462K(16576K) Class: 2666K(2752K)->2666K(2752K)
[629.572s][info][gc             ] GC(2362) Pause Young (Allocation Failure) 469M->360M(869M) 1.723ms
[629.572s][info][gc,cpu         ] GC(2362) User=0.01s Sys=0.00s Real=0.00s
[629.793s][info][gc,start       ] GC(2363) Pause Young (Allocation Failure)
[629.794s][info][gc,heap        ] GC(2363) PSYoungGen: 111680K(222720K)->64K(222720K) Eden: 111616K(111616K)->0K(111616K) From: 64K(111104K)->64K(111104K)
[629.794s][info][gc,heap        ] GC(2363) ParOldGen: 369386K(667648K)->369386K(667648K)
[629.794s][info][gc,metaspace   ] GC(2363) Metaspace: 19128K(19328K)->19128K(19328K) NonClass: 16462K(16576K)->16462K(16576K) Class: 2666K(2752K)->2666K(2752K)
[629.795s][info][gc             ] GC(2363) Pause Young (Allocation Failure) 469M->360M(869M) 1.757ms
[629.795s][info][gc,cpu         ] GC(2363) User=0.00s Sys=0.00s Real=0.00s
[630.069s][info][gc,start       ] GC(2364) Pause Young (Allocation Failure)
[630.071s][info][gc,heap        ] GC(2364) PSYoungGen: 111680K(222720K)->128K(222720K) Eden: 111616K(111616K)->0K(111616K) From: 64K(111104K)->128K(111104K)
[630.071s][info][gc,heap        ] GC(2364) ParOldGen: 369386K(667648K)->369386K(667648K)
[630.071s][info][gc,metaspace   ] GC(2364) Metaspace: 19128K(19328K)->19128K(19328K) NonClass: 16462K(16576K)->16462K(16576K) Class: 2666K(2752K)->2666K(2752K)
[630.071s][info][gc             ] GC(2364) Pause Young (Allocation Failure) 469M->360M(869M) 2.390ms
[630.071s][info][gc,cpu         ] GC(2364) User=0.01s Sys=0.00s Real=0.00s
[630.266s][info][gc,start       ] GC(2365) Pause Young (Allocation Failure)
[630.273s][info][gc,heap        ] GC(2365) PSYoungGen: 111744K(222720K)->5440K(222720K) Eden: 111616K(111616K)->0K(111616K) From: 128K(111104K)->5440K(111104K)
[630.273s][info][gc,heap        ] GC(2365) ParOldGen: 369386K(667648K)->369410K(667648K)
[630.273s][info][gc,metaspace   ] GC(2365) Metaspace: 19128K(19328K)->19128K(19328K) NonClass: 16462K(16576K)->16462K(16576K) Class: 2666K(2752K)->2666K(2752K)
[630.273s][info][gc             ] GC(2365) Pause Young (Allocation Failure) 469M->366M(869M) 7.595ms
[630.273s][info][gc,cpu         ] GC(2365) User=0.02s Sys=0.00s Real=0.01s
[630.396s][info][gc,start       ] GC(2366) Pause Young (Allocation Failure)
[630.427s][info][gc,heap        ] GC(2366) PSYoungGen: 117056K(222720K)->38256K(222720K) Eden: 111616K(111616K)->0K(111616K) From: 5440K(111104K)->38256K(111104K)
[630.427s][info][gc,heap        ] GC(2366) ParOldGen: 369410K(667648K)->369490K(667648K)
[630.427s][info][gc,metaspace   ] GC(2366) Metaspace: 19128K(19328K)->19128K(19328K) NonClass: 16462K(16576K)->16462K(16576K) Class: 2666K(2752K)->2666K(2752K)
[630.427s][info][gc             ] GC(2366) Pause Young (Allocation Failure) 475M->398M(869M) 31.221ms
[630.427s][info][gc,cpu         ] GC(2366) User=0.06s Sys=0.00s Real=0.04s
[630.477s][info][gc,start       ] GC(2367) Pause Young (Allocation Failure)
[630.537s][info][gc,heap        ] GC(2367) PSYoungGen: 149872K(222720K)->48102K(222720K) Eden: 111616K(111616K)->0K(111616K) From: 38256K(111104K)->48102K(111104K)
[630.538s][info][gc,heap        ] GC(2367) ParOldGen: 369490K(667648K)->408090K(667648K)
[630.538s][info][gc,metaspace   ] GC(2367) Metaspace: 19128K(19328K)->19128K(19328K) NonClass: 16462K(16576K)->16462K(16576K) Class: 2666K(2752K)->2666K(2752K)
[630.538s][info][gc             ] GC(2367) Pause Young (Allocation Failure) 507M->445M(869M) 60.873ms
[630.538s][info][gc,cpu         ] GC(2367) User=0.12s Sys=0.00s Real=0.07s
[630.577s][info][gc,start       ] GC(2368) Pause Young (Allocation Failure)
[630.642s][info][gc,heap        ] GC(2368) PSYoungGen: 159718K(222720K)->48320K(222720K) Eden: 111616K(111616K)->0K(111616K) From: 48102K(111104K)->48320K(111104K)
[630.642s][info][gc,heap        ] GC(2368) ParOldGen: 408090K(667648K)->456673K(667648K)
[630.642s][info][gc,metaspace   ] GC(2368) Metaspace: 19128K(19328K)->19128K(19328K) NonClass: 16462K(16576K)->16462K(16576K) Class: 2666K(2752K)->2666K(2752K)
[630.642s][info][gc             ] GC(2368) Pause Young (Allocation Failure) 554M->493M(869M) 64.677ms
[630.642s][info][gc,cpu         ] GC(2368) User=0.12s Sys=0.01s Real=0.07s
[630.690s][info][gc,start       ] GC(2369) Pause Young (Allocation Failure)
[630.751s][info][gc,heap        ] GC(2369) PSYoungGen: 159936K(222720K)->46400K(158208K) Eden: 111616K(111616K)->0K(111616K) From: 48320K(111104K)->46400K(46592K)
[630.751s][info][gc,heap        ] GC(2369) ParOldGen: 456673K(667648K)->505533K(667648K)
[630.751s][info][gc,metaspace   ] GC(2369) Metaspace: 19128K(19328K)->19128K(19328K) NonClass: 16462K(16576K)->16462K(16576K) Class: 2666K(2752K)->2666K(2752K)
[630.751s][info][gc             ] GC(2369) Pause Young (Allocation Failure) 602M->538M(806M) 61.658ms
[630.751s][info][gc,cpu         ] GC(2369) User=0.12s Sys=0.00s Real=0.06s
[630.919s][info][gc,start       ] GC(2370) Pause Young (Allocation Failure)
[630.984s][info][gc,heap        ] GC(2370) PSYoungGen: 158016K(158208K)->25056K(224256K) Eden: 111616K(111616K)->0K(114688K) From: 46400K(46592K)->25056K(109568K)
[630.984s][info][gc,heap        ] GC(2370) ParOldGen: 505533K(667648K)->552565K(667648K)
[630.984s][info][gc,metaspace   ] GC(2370) Metaspace: 19128K(19328K)->19128K(19328K) NonClass: 16462K(16576K)->16462K(16576K) Class: 2666K(2752K)->2666K(2752K)
[630.984s][info][gc             ] GC(2370) Pause Young (Allocation Failure) 647M->564M(871M) 64.557ms
[630.984s][info][gc,cpu         ] GC(2370) User=0.13s Sys=0.00s Real=0.06s
[631.231s][info][gc,start       ] GC(2371) Pause Young (Allocation Failure)
[631.273s][info][gc,heap        ] GC(2371) PSYoungGen: 139744K(224256K)->8096K(221184K) Eden: 114688K(114688K)->0K(114688K) From: 25056K(109568K)->8096K(106496K)
[631.273s][info][gc,heap        ] GC(2371) ParOldGen: 552565K(667648K)->577530K(667648K)
[631.273s][info][gc,metaspace   ] GC(2371) Metaspace: 19128K(19328K)->19128K(19328K) NonClass: 16462K(16576K)->16462K(16576K) Class: 2666K(2752K)->2666K(2752K)
[631.273s][info][gc             ] GC(2371) Pause Young (Allocation Failure) 676M->571M(868M) 42.435ms
[631.273s][info][gc,cpu         ] GC(2371) User=0.08s Sys=0.00s Real=0.04s
[631.386s][info][gc,start       ] GC(2372) Pause Young (Allocation Failure)
[631.406s][info][gc,heap        ] GC(2372) PSYoungGen: 122784K(221184K)->3968K(223744K) Eden: 114688K(114688K)->0K(118272K) From: 8096K(106496K)->3968K(105472K)
[631.406s][info][gc,heap        ] GC(2372) ParOldGen: 577530K(667648K)->585610K(667648K)
[631.406s][info][gc,metaspace   ] GC(2372) Metaspace: 19128K(19328K)->19128K(19328K) NonClass: 16462K(16576K)->16462K(16576K) Class: 2666K(2752K)->2666K(2752K)
[631.406s][info][gc             ] GC(2372) Pause Young (Allocation Failure) 683M->575M(870M) 20.470ms
[631.406s][info][gc,cpu         ] GC(2372) User=0.04s Sys=0.00s Real=0.02s
[631.524s][info][gc,start       ] GC(2373) Pause Young (Allocation Failure)
[631.551s][info][gc,heap        ] GC(2373) PSYoungGen: 122240K(223744K)->960K(223232K) Eden: 118272K(118272K)->0K(118272K) From: 3968K(105472K)->960K(104960K)
[631.551s][info][gc,heap        ] GC(2373) ParOldGen: 585610K(667648K)->589546K(667648K)
[631.551s][info][gc,metaspace   ] GC(2373) Metaspace: 19128K(19328K)->19128K(19328K) NonClass: 16462K(16576K)->16462K(16576K) Class: 2666K(2752K)->2666K(2752K)
[631.551s][info][gc             ] GC(2373) Pause Young (Allocation Failure) 691M->576M(870M) 26.463ms
[631.551s][info][gc,cpu         ] GC(2373) User=0.05s Sys=0.00s Real=0.03s
[631.724s][info][gc,start       ] GC(2374) Pause Young (Allocation Failure)
[631.778s][info][gc,heap        ] GC(2374) PSYoungGen: 119232K(223232K)->26574K(218112K) Eden: 118272K(118272K)->0K(124928K) From: 960K(104960K)->26574K(93184K)
[631.778s][info][gc,heap        ] GC(2374) ParOldGen: 589546K(667648K)->590466K(667648K)
[631.778s][info][gc,metaspace   ] GC(2374) Metaspace: 19128K(19328K)->19128K(19328K) NonClass: 16462K(16576K)->16462K(16576K) Class: 2666K(2752K)->2666K(2752K)
[631.778s][info][gc             ] GC(2374) Pause Young (Allocation Failure) 692M->602M(865M) 53.484ms
[631.778s][info][gc,cpu         ] GC(2374) User=0.10s Sys=0.00s Real=0.06s
[631.952s][info][gc,start       ] GC(2375) Pause Young (Allocation Failure)
[631.991s][info][gc,heap        ] GC(2375) PSYoungGen: 151502K(218112K)->26583K(222720K) Eden: 124928K(124928K)->0K(124928K) From: 26574K(93184K)->26583K(97792K)
[631.991s][info][gc,heap        ] GC(2375) ParOldGen: 590466K(667648K)->590466K(667648K)
[631.991s][info][gc,metaspace   ] GC(2375) Metaspace: 19128K(19328K)->19128K(19328K) NonClass: 16462K(16576K)->16462K(16576K) Class: 2666K(2752K)->2666K(2752K)
[631.991s][info][gc             ] GC(2375) Pause Young (Allocation Failure) 724M->602M(869M) 38.623ms
[631.991s][info][gc,cpu         ] GC(2375) User=0.08s Sys=0.00s Real=0.04s
[632.165s][info][gc,start       ] GC(2376) Pause Young (Allocation Failure)
[632.205s][info][gc,heap        ] GC(2376) PSYoungGen: 151511K(222720K)->26606K(216576K) Eden: 124928K(124928K)->0K(136192K) From: 26583K(97792K)->26606K(80384K)
[632.205s][info][gc,heap        ] GC(2376) ParOldGen: 590466K(667648K)->590466K(667648K)
[632.205s][info][gc,metaspace   ] GC(2376) Metaspace: 19128K(19328K)->19128K(19328K) NonClass: 16462K(16576K)->16462K(16576K) Class: 2666K(2752K)->2666K(2752K)
[632.205s][info][gc             ] GC(2376) Pause Young (Allocation Failure) 724M->602M(863M) 39.757ms
[632.205s][info][gc,cpu         ] GC(2376) User=0.08s Sys=0.00s Real=0.04s
[632.394s][info][gc,start       ] GC(2377) Pause Young (Allocation Failure)
[632.433s][info][gc,heap        ] GC(2377) PSYoungGen: 162798K(216576K)->26574K(222720K) Eden: 136192K(136192K)->0K(136192K) From: 26606K(80384K)->26574K(86528K)
[632.433s][info][gc,heap        ] GC(2377) ParOldGen: 590466K(667648K)->590466K(667648K)
[632.433s][info][gc,metaspace   ] GC(2377) Metaspace: 19128K(19328K)->19128K(19328K) NonClass: 16462K(16576K)->16462K(16576K) Class: 2666K(2752K)->2666K(2752K)
[632.433s][info][gc             ] GC(2377) Pause Young (Allocation Failure) 735M->602M(869M) 38.980ms
[632.433s][info][gc,cpu         ] GC(2377) User=0.08s Sys=0.00s Real=0.04s
[632.621s][info][gc,start       ] GC(2378) Pause Young (Allocation Failure)
[632.661s][info][gc,heap        ] GC(2378) PSYoungGen: 162766K(222720K)->26583K(220160K) Eden: 136192K(136192K)->0K(147968K) From: 26574K(86528K)->26583K(72192K)
[632.661s][info][gc,heap        ] GC(2378) ParOldGen: 590466K(667648K)->590466K(667648K)
[632.661s][info][gc,metaspace   ] GC(2378) Metaspace: 19128K(19328K)->19128K(19328K) NonClass: 16462K(16576K)->16462K(16576K) Class: 2666K(2752K)->2666K(2752K)
[632.661s][info][gc             ] GC(2378) Pause Young (Allocation Failure) 735M->602M(867M) 39.457ms
[632.661s][info][gc,cpu         ] GC(2378) User=0.07s Sys=0.00s Real=0.04s
[632.865s][info][gc,start       ] GC(2379) Pause Young (Allocation Failure)
[632.903s][info][gc,heap        ] GC(2379) PSYoungGen: 174551K(220160K)->26583K(225280K) Eden: 147968K(147968K)->0K(147968K) From: 26583K(72192K)->26583K(77312K)
[632.903s][info][gc,heap        ] GC(2379) ParOldGen: 590466K(667648K)->590466K(667648K)
[632.903s][info][gc,metaspace   ] GC(2379) Metaspace: 19128K(19328K)->19128K(19328K) NonClass: 16462K(16576K)->16462K(16576K) Class: 2666K(2752K)->2666K(2752K)
[632.903s][info][gc             ] GC(2379) Pause Young (Allocation Failure) 747M->602M(872M) 38.800ms
[632.903s][info][gc,cpu         ] GC(2379) User=0.07s Sys=0.00s Real=0.04s
[633.053s][info][gc,start       ] GC(2380) Pause Young (Allocation Failure)
[633.112s][info][gc,heap        ] GC(2380) PSYoungGen: 174551K(225280K)->45143K(232448K) Eden: 147968K(147968K)->0K(159232K) From: 26583K(77312K)->45143K(73216K)
[633.112s][info][gc,heap        ] GC(2380) ParOldGen: 590466K(667648K)->590466K(667648K)
[633.112s][info][gc,metaspace   ] GC(2380) Metaspace: 19128K(19328K)->19128K(19328K) NonClass: 16462K(16576K)->16462K(16576K) Class: 2666K(2752K)->2666K(2752K)
[633.112s][info][gc             ] GC(2380) Pause Young (Allocation Failure) 747M->620M(879M) 59.457ms
[633.112s][info][gc,cpu         ] GC(2380) User=0.12s Sys=0.00s Real=0.06s
[633.248s][info][gc,start       ] GC(2381) Pause Young (Allocation Failure)
[633.317s][info][gc,heap        ] GC(2381) PSYoungGen: 204375K(232448K)->57559K(233472K) Eden: 159232K(159232K)->0K(159232K) From: 45143K(73216K)->57559K(74240K)
[633.317s][info][gc,heap        ] GC(2381) ParOldGen: 590466K(667648K)->590466K(667648K)
[633.317s][info][gc,metaspace   ] GC(2381) Metaspace: 19128K(19328K)->19128K(19328K) NonClass: 16462K(16576K)->16462K(16576K) Class: 2666K(2752K)->2666K(2752K)
[633.317s][info][gc             ] GC(2381) Pause Young (Allocation Failure) 776M->632M(880M) 69.498ms
[633.318s][info][gc,cpu         ] GC(2381) User=0.14s Sys=0.00s Real=0.07s
[633.469s][info][gc,start       ] GC(2382) Pause Young (Allocation Failure)
[633.545s][info][gc,heap        ] GC(2382) PSYoungGen: 216791K(233472K)->59342K(243712K) Eden: 159232K(159232K)->0K(163840K) From: 57559K(74240K)->59342K(79872K)
[633.545s][info][gc,heap        ] GC(2382) ParOldGen: 590466K(667648K)->590466K(667648K)
[633.545s][info][gc,metaspace   ] GC(2382) Metaspace: 19128K(19328K)->19128K(19328K) NonClass: 16462K(16576K)->16462K(16576K) Class: 2666K(2752K)->2666K(2752K)
[633.545s][info][gc             ] GC(2382) Pause Young (Allocation Failure) 788M->634M(890M) 76.008ms
[633.545s][info][gc,cpu         ] GC(2382) User=0.14s Sys=0.01s Real=0.07s
[633.719s][info][gc,start       ] GC(2383) Pause Young (Allocation Failure)
[633.796s][info][gc,heap        ] GC(2383) PSYoungGen: 223182K(243712K)->39296K(248832K) Eden: 163840K(163840K)->0K(163840K) From: 59342K(79872K)->39296K(84992K)
[633.796s][info][gc,heap        ] GC(2383) ParOldGen: 590466K(667648K)->617076K(667648K)
[633.796s][info][gc,metaspace   ] GC(2383) Metaspace: 19128K(19328K)->19128K(19328K) NonClass: 16462K(16576K)->16462K(16576K) Class: 2666K(2752K)->2666K(2752K)
[633.796s][info][gc             ] GC(2383) Pause Young (Allocation Failure) 794M->640M(895M) 76.960ms
[633.796s][info][gc,cpu         ] GC(2383) User=0.15s Sys=0.00s Real=0.07s
[634.091s][info][gc,start       ] GC(2384) Pause Full (Allocation Failure)
[634.091s][info][gc,phases,start] GC(2384) Marking Phase
[634.425s][info][gc,phases      ] GC(2384) Marking Phase 334.004ms
[634.425s][info][gc,phases,start] GC(2384) Summary Phase
[634.425s][info][gc,phases      ] GC(2384) Summary Phase 0.027ms
[634.425s][info][gc,phases,start] GC(2384) Forward
[634.547s][info][gc,phases      ] GC(2384) Forward 122.176ms
[634.547s][info][gc,phases,start] GC(2384) Adjust Pointers
[634.824s][info][gc,phases      ] GC(2384) Adjust Pointers 276.134ms
[634.824s][info][gc,phases,start] GC(2384) Compaction Phase
[634.980s][info][gc,phases      ] GC(2384) Compaction Phase 155.960ms
[634.995s][info][gc,phases,start] GC(2384) Post Compact
[634.997s][info][gc,phases      ] GC(2384) Post Compact 2.381ms
[634.997s][info][gc,heap        ] GC(2384) PSYoungGen: 203136K(248832K)->0K(247296K) Eden: 163840K(163840K)->0K(167424K) From: 39296K(84992K)->0K(79872K)
[634.997s][info][gc,heap        ] GC(2384) ParOldGen: 617076K(667648K)->499944K(667648K)
[634.997s][info][gc,metaspace   ] GC(2384) Metaspace: 19128K(19328K)->19128K(19328K) NonClass: 16462K(16576K)->16462K(16576K) Class: 2666K(2752K)->2666K(2752K)
[634.997s][info][gc             ] GC(2384) Pause Full (Allocation Failure) 800M->488M(893M) 906.415ms
[634.997s][info][gc,cpu         ] GC(2384) User=1.71s Sys=0.00s Real=0.91s
[635.295s][info][gc,start       ] GC(2385) Pause Young (Allocation Failure)
[635.297s][info][gc,heap        ] GC(2385) PSYoungGen: 167424K(247296K)->160K(248832K) Eden: 167424K(167424K)->0K(167424K) From: 0K(79872K)->160K(81408K)
[635.297s][info][gc,heap        ] GC(2385) ParOldGen: 499944K(667648K)->499944K(667648K)
[635.297s][info][gc,metaspace   ] GC(2385) Metaspace: 19128K(19328K)->19128K(19328K) NonClass: 16462K(16576K)->16462K(16576K) Class: 2666K(2752K)->2666K(2752K)
[635.297s][info][gc             ] GC(2385) Pause Young (Allocation Failure) 651M->488M(895M) 2.128ms
[635.297s][info][gc,cpu         ] GC(2385) User=0.00s Sys=0.00s Real=0.00s
[635.589s][info][gc,start       ] GC(2386) Pause Young (Allocation Failure)
[635.591s][info][gc,heap        ] GC(2386) PSYoungGen: 167584K(248832K)->192K(249856K) Eden: 167424K(167424K)->0K(166912K) From: 160K(81408K)->192K(82944K)
[635.591s][info][gc,heap        ] GC(2386) ParOldGen: 499944K(667648K)->499944K(667648K)
[635.591s][info][gc,metaspace   ] GC(2386) Metaspace: 19128K(19328K)->19128K(19328K) NonClass: 16462K(16576K)->16462K(16576K) Class: 2666K(2752K)->2666K(2752K)
[635.591s][info][gc             ] GC(2386) Pause Young (Allocation Failure) 651M->488M(896M) 2.573ms
[635.591s][info][gc,cpu         ] GC(2386) User=0.01s Sys=0.00s Real=0.00s
[635.821s][info][gc,start       ] GC(2387) Pause Young (Allocation Failure)
[635.836s][info][gc,heap        ] GC(2387) PSYoungGen: 167104K(249856K)->13248K(180224K) Eden: 166912K(166912K)->0K(166912K) From: 192K(82944K)->13248K(13312K)
[635.836s][info][gc,heap        ] GC(2387) ParOldGen: 499944K(667648K)->499944K(667648K)
[635.836s][info][gc,metaspace   ] GC(2387) Metaspace: 19128K(19328K)->19128K(19328K) NonClass: 16462K(16576K)->16462K(16576K) Class: 2666K(2752K)->2666K(2752K)
[635.836s][info][gc             ] GC(2387) Pause Young (Allocation Failure) 651M->501M(828M) 15.127ms
[635.836s][info][gc,cpu         ] GC(2387) User=0.03s Sys=0.00s Real=0.01s
[636.018s][info][gc,start       ] GC(2388) Pause Young (Allocation Failure)
[636.043s][info][gc,heap        ] GC(2388) PSYoungGen: 180160K(180224K)->28544K(253440K) Eden: 166912K(166912K)->0K(172544K) From: 13248K(13312K)->28544K(80896K)
[636.043s][info][gc,heap        ] GC(2388) ParOldGen: 499944K(667648K)->499944K(667648K)
[636.043s][info][gc,metaspace   ] GC(2388) Metaspace: 19128K(19328K)->19128K(19328K) NonClass: 16462K(16576K)->16462K(16576K) Class: 2666K(2752K)->2666K(2752K)
[636.043s][info][gc             ] GC(2388) Pause Young (Allocation Failure) 664M->516M(899M) 25.500ms
[636.043s][info][gc,cpu         ] GC(2388) User=0.05s Sys=0.00s Real=0.02s
[636.230s][info][gc,start       ] GC(2389) Pause Young (Allocation Failure)
[636.282s][info][gc,heap        ] GC(2389) PSYoungGen: 201088K(253440K)->67024K(248320K) Eden: 172544K(172544K)->0K(172544K) From: 28544K(80896K)->67024K(75776K)
[636.282s][info][gc,heap        ] GC(2389) ParOldGen: 499944K(667648K)->499944K(667648K)
[636.282s][info][gc,metaspace   ] GC(2389) Metaspace: 19128K(19328K)->19128K(19328K) NonClass: 16462K(16576K)->16462K(16576K) Class: 2666K(2752K)->2666K(2752K)
[636.282s][info][gc             ] GC(2389) Pause Young (Allocation Failure) 684M->553M(894M) 52.407ms
[636.282s][info][gc,cpu         ] GC(2389) User=0.10s Sys=0.00s Real=0.05s
[636.525s][info][gc,start       ] GC(2390) Pause Young (Allocation Failure)
[636.599s][info][gc,heap        ] GC(2390) PSYoungGen: 239568K(248320K)->80080K(223744K) Eden: 172544K(172544K)->0K(138240K) From: 67024K(75776K)->80080K(85504K)
[636.600s][info][gc,heap        ] GC(2390) ParOldGen: 499944K(667648K)->499944K(667648K)
[636.600s][info][gc,metaspace   ] GC(2390) Metaspace: 19128K(19328K)->19128K(19328K) NonClass: 16462K(16576K)->16462K(16576K) Class: 2666K(2752K)->2666K(2752K)
[636.600s][info][gc             ] GC(2390) Pause Young (Allocation Failure) 722M->566M(870M) 74.681ms
[636.600s][info][gc,cpu         ] GC(2390) User=0.14s Sys=0.01s Real=0.08s
[636.792s][info][gc,start       ] GC(2391) Pause Young (Allocation Failure)
[636.867s][info][gc,heap        ] GC(2391) PSYoungGen: 218320K(223744K)->80080K(218624K) Eden: 138240K(138240K)->0K(138240K) From: 80080K(85504K)->80080K(80384K)
[636.867s][info][gc,heap        ] GC(2391) ParOldGen: 499944K(667648K)->499944K(667648K)
[636.867s][info][gc,metaspace   ] GC(2391) Metaspace: 19128K(19328K)->19128K(19328K) NonClass: 16462K(16576K)->16462K(16576K) Class: 2666K(2752K)->2666K(2752K)
[636.867s][info][gc             ] GC(2391) Pause Young (Allocation Failure) 701M->566M(865M) 75.642ms
[636.867s][info][gc,cpu         ] GC(2391) User=0.14s Sys=0.00s Real=0.08s
[637.059s][info][gc,start       ] GC(2392) Pause Young (Allocation Failure)
[637.131s][info][gc,heap        ] GC(2392) PSYoungGen: 218320K(218624K)->80080K(219648K) Eden: 138240K(138240K)->0K(111616K) From: 80080K(80384K)->80080K(108032K)
[637.131s][info][gc,heap        ] GC(2392) ParOldGen: 499944K(667648K)->499944K(667648K)
[637.131s][info][gc,metaspace   ] GC(2392) Metaspace: 19128K(19328K)->19128K(19328K) NonClass: 16462K(16576K)->16462K(16576K) Class: 2666K(2752K)->2666K(2752K)
[637.131s][info][gc             ] GC(2392) Pause Young (Allocation Failure) 701M->566M(866M) 72.507ms
[637.131s][info][gc,cpu         ] GC(2392) User=0.14s Sys=0.00s Real=0.07s
[637.288s][info][gc,start       ] GC(2393) Pause Young (Allocation Failure)
[637.361s][info][gc,heap        ] GC(2393) PSYoungGen: 191696K(219648K)->80080K(222720K) Eden: 111616K(111616K)->0K(111616K) From: 80080K(108032K)->80080K(111104K)
[637.361s][info][gc,heap        ] GC(2393) ParOldGen: 499944K(667648K)->499944K(667648K)
[637.361s][info][gc,metaspace   ] GC(2393) Metaspace: 19128K(19328K)->19128K(19328K) NonClass: 16462K(16576K)->16462K(16576K) Class: 2666K(2752K)->2666K(2752K)
[637.361s][info][gc             ] GC(2393) Pause Young (Allocation Failure) 675M->566M(869M) 73.673ms
[637.361s][info][gc,cpu         ] GC(2393) User=0.15s Sys=0.00s Real=0.07s
[637.518s][info][gc,start       ] GC(2394) Pause Young (Allocation Failure)
[637.591s][info][gc,heap        ] GC(2394) PSYoungGen: 191696K(222720K)->80080K(222720K) Eden: 111616K(111616K)->0K(111616K) From: 80080K(111104K)->80080K(111104K)
[637.591s][info][gc,heap        ] GC(2394) ParOldGen: 499944K(667648K)->499944K(667648K)
[637.591s][info][gc,metaspace   ] GC(2394) Metaspace: 19128K(19328K)->19128K(19328K) NonClass: 16462K(16576K)->16462K(16576K) Class: 2666K(2752K)->2666K(2752K)
[637.591s][info][gc             ] GC(2394) Pause Young (Allocation Failure) 675M->566M(869M) 72.710ms
[637.591s][info][gc,cpu         ] GC(2394) User=0.15s Sys=0.00s Real=0.07s
[637.752s][info][gc,start       ] GC(2395) Pause Young (Allocation Failure)
[637.824s][info][gc,heap        ] GC(2395) PSYoungGen: 191696K(222720K)->80048K(222720K) Eden: 111616K(111616K)->0K(111616K) From: 80080K(111104K)->80048K(111104K)
[637.824s][info][gc,heap        ] GC(2395) ParOldGen: 499944K(667648K)->499944K(667648K)
[637.824s][info][gc,metaspace   ] GC(2395) Metaspace: 19128K(19328K)->19128K(19328K) NonClass: 16462K(16576K)->16462K(16576K) Class: 2666K(2752K)->2666K(2752K)
[637.824s][info][gc             ] GC(2395) Pause Young (Allocation Failure) 675M->566M(869M) 72.204ms
[637.824s][info][gc,cpu         ] GC(2395) User=0.15s Sys=0.00s Real=0.07s
[637.982s][info][gc,start       ] GC(2396) Pause Young (Allocation Failure)
[638.055s][info][gc,heap        ] GC(2396) PSYoungGen: 191664K(222720K)->79920K(222720K) Eden: 111616K(111616K)->0K(111616K) From: 80048K(111104K)->79920K(111104K)
[638.055s][info][gc,heap        ] GC(2396) ParOldGen: 499944K(667648K)->500085K(667648K)
[638.055s][info][gc,metaspace   ] GC(2396) Metaspace: 19128K(19328K)->19128K(19328K) NonClass: 16462K(16576K)->16462K(16576K) Class: 2666K(2752K)->2666K(2752K)
[638.055s][info][gc             ] GC(2396) Pause Young (Allocation Failure) 675M->566M(869M) 72.885ms
[638.055s][info][gc,cpu         ] GC(2396) User=0.15s Sys=0.00s Real=0.07s
[638.212s][info][gc,start       ] GC(2397) Pause Young (Allocation Failure)
[638.284s][info][gc,heap        ] GC(2397) PSYoungGen: 191536K(222720K)->66864K(222720K) Eden: 111616K(111616K)->0K(111616K) From: 79920K(111104K)->66864K(111104K)
[638.284s][info][gc,heap        ] GC(2397) ParOldGen: 500085K(667648K)->513205K(667648K)
[638.284s][info][gc,metaspace   ] GC(2397) Metaspace: 19128K(19328K)->19128K(19328K) NonClass: 16462K(16576K)->16462K(16576K) Class: 2666K(2752K)->2666K(2752K)
[638.284s][info][gc             ] GC(2397) Pause Young (Allocation Failure) 675M->566M(869M) 72.367ms
[638.284s][info][gc,cpu         ] GC(2397) User=0.14s Sys=0.00s Real=0.07s
[638.395s][info][gc,start       ] GC(2398) Pause Young (Allocation Failure)
[638.471s][info][gc,heap        ] GC(2398) PSYoungGen: 178480K(222720K)->29696K(222720K) Eden: 111616K(111616K)->0K(111616K) From: 66864K(111104K)->29696K(111104K)
[638.471s][info][gc,heap        ] GC(2398) ParOldGen: 513205K(667648K)->567600K(667648K)
[638.471s][info][gc,metaspace   ] GC(2398) Metaspace: 19128K(19328K)->19128K(19328K) NonClass: 16462K(16576K)->16462K(16576K) Class: 2666K(2752K)->2666K(2752K)
[638.471s][info][gc             ] GC(2398) Pause Young (Allocation Failure) 675M->583M(869M) 75.243ms
[638.471s][info][gc,cpu         ] GC(2398) User=0.15s Sys=0.00s Real=0.08s
[638.574s][info][gc,start       ] GC(2399) Pause Young (Allocation Failure)
[638.623s][info][gc,heap        ] GC(2399) PSYoungGen: 141312K(222720K)->25664K(222720K) Eden: 111616K(111616K)->0K(111616K) From: 29696K(111104K)->25664K(111104K)
[638.623s][info][gc,heap        ] GC(2399) ParOldGen: 567600K(667648K)->580685K(667648K)
[638.623s][info][gc,metaspace   ] GC(2399) Metaspace: 19128K(19328K)->19128K(19328K) NonClass: 16462K(16576K)->16462K(16576K) Class: 2666K(2752K)->2666K(2752K)
[638.623s][info][gc             ] GC(2399) Pause Young (Allocation Failure) 692M->592M(869M) 49.463ms
[638.623s][info][gc,cpu         ] GC(2399) User=0.10s Sys=0.00s Real=0.05s
[638.722s][info][gc,start       ] GC(2400) Pause Young (Allocation Failure)
[638.749s][info][gc,heap        ] GC(2400) PSYoungGen: 137280K(222720K)->26944K(222720K) Eden: 111616K(111616K)->0K(111616K) From: 25664K(111104K)->26944K(111104K)
[638.749s][info][gc,heap        ] GC(2400) ParOldGen: 580685K(667648K)->580685K(667648K)
[638.749s][info][gc,metaspace   ] GC(2400) Metaspace: 19128K(19328K)->19128K(19328K) NonClass: 16462K(16576K)->16462K(16576K) Class: 2666K(2752K)->2666K(2752K)
[638.749s][info][gc             ] GC(2400) Pause Young (Allocation Failure) 701M->593M(869M) 27.162ms
[638.749s][info][gc,cpu         ] GC(2400) User=0.05s Sys=0.00s Real=0.03s
[638.849s][info][gc,start       ] GC(2401) Pause Young (Allocation Failure)
[638.879s][info][gc,heap        ] GC(2401) PSYoungGen: 138560K(222720K)->29600K(222720K) Eden: 111616K(111616K)->0K(111616K) From: 26944K(111104K)->29600K(111104K)
[638.879s][info][gc,heap        ] GC(2401) ParOldGen: 580685K(667648K)->580685K(667648K)
[638.879s][info][gc,metaspace   ] GC(2401) Metaspace: 19128K(19328K)->19128K(19328K) NonClass: 16462K(16576K)->16462K(16576K) Class: 2666K(2752K)->2666K(2752K)
[638.879s][info][gc             ] GC(2401) Pause Young (Allocation Failure) 702M->595M(869M) 29.884ms
[638.879s][info][gc,cpu         ] GC(2401) User=0.06s Sys=0.00s Real=0.03s
[638.978s][info][gc,start       ] GC(2402) Pause Young (Allocation Failure)
[639.010s][info][gc,heap        ] GC(2402) PSYoungGen: 141216K(222720K)->29664K(222720K) Eden: 111616K(111616K)->0K(111616K) From: 29600K(111104K)->29664K(111104K)
[639.010s][info][gc,heap        ] GC(2402) ParOldGen: 580685K(667648K)->580685K(667648K)
[639.010s][info][gc,metaspace   ] GC(2402) Metaspace: 19128K(19328K)->19128K(19328K) NonClass: 16462K(16576K)->16462K(16576K) Class: 2666K(2752K)->2666K(2752K)
[639.010s][info][gc             ] GC(2402) Pause Young (Allocation Failure) 704M->596M(869M) 31.785ms
[639.010s][info][gc,cpu         ] GC(2402) User=0.06s Sys=0.00s Real=0.03s
[639.111s][info][gc,start       ] GC(2403) Pause Young (Allocation Failure)
[639.160s][info][gc,heap        ] GC(2403) PSYoungGen: 141280K(222720K)->20896K(132608K) Eden: 111616K(111616K)->0K(111616K) From: 29664K(111104K)->20896K(20992K)
[639.160s][info][gc,heap        ] GC(2403) ParOldGen: 580685K(667648K)->606381K(667648K)
[639.160s][info][gc,metaspace   ] GC(2403) Metaspace: 19128K(19328K)->19128K(19328K) NonClass: 16462K(16576K)->16462K(16576K) Class: 2666K(2752K)->2666K(2752K)
[639.160s][info][gc             ] GC(2403) Pause Young (Allocation Failure) 705M->612M(781M) 49.354ms
[639.160s][info][gc,cpu         ] GC(2403) User=0.10s Sys=0.00s Real=0.05s
[639.278s][info][gc,start       ] GC(2404) Pause Young (Allocation Failure)
[639.321s][info][gc,heap        ] GC(2404) PSYoungGen: 132512K(132608K)->36352K(227840K) Eden: 111616K(111616K)->0K(117248K) From: 20896K(20992K)->36352K(110592K)
[639.321s][info][gc,heap        ] GC(2404) ParOldGen: 606381K(667648K)->610325K(667648K)
[639.321s][info][gc,metaspace   ] GC(2404) Metaspace: 19128K(19328K)->19128K(19328K) NonClass: 16462K(16576K)->16462K(16576K) Class: 2666K(2752K)->2666K(2752K)
[639.321s][info][gc             ] GC(2404) Pause Young (Allocation Failure) 721M->631M(874M) 43.735ms
[639.322s][info][gc,cpu         ] GC(2404) User=0.09s Sys=0.00s Real=0.04s
[639.476s][info][gc,start       ] GC(2405) Pause Young (Allocation Failure)
[639.534s][info][gc,heap        ] GC(2405) PSYoungGen: 153600K(227840K)->38208K(155648K) Eden: 117248K(117248K)->0K(117248K) From: 36352K(110592K)->38208K(38400K)
[639.534s][info][gc,heap        ] GC(2405) ParOldGen: 610325K(667648K)->627313K(667648K)
[639.534s][info][gc,metaspace   ] GC(2405) Metaspace: 19128K(19328K)->19128K(19328K) NonClass: 16462K(16576K)->16462K(16576K) Class: 2666K(2752K)->2666K(2752K)
[639.534s][info][gc             ] GC(2405) Pause Young (Allocation Failure) 746M->649M(804M) 58.046ms
[639.534s][info][gc,cpu         ] GC(2405) User=0.12s Sys=0.00s Real=0.06s
[639.675s][info][gc,start       ] GC(2406) Pause Full (Allocation Failure)
[639.675s][info][gc,phases,start] GC(2406) Marking Phase
[640.072s][info][gc,phases      ] GC(2406) Marking Phase 397.247ms
[640.072s][info][gc,phases,start] GC(2406) Summary Phase
[640.072s][info][gc,phases      ] GC(2406) Summary Phase 0.029ms
[640.072s][info][gc,phases,start] GC(2406) Forward
[640.149s][info][gc,phases      ] GC(2406) Forward 76.222ms
[640.149s][info][gc,phases,start] GC(2406) Adjust Pointers
[640.445s][info][gc,phases      ] GC(2406) Adjust Pointers 296.360ms
[640.445s][info][gc,phases,start] GC(2406) Compaction Phase
[640.598s][info][gc,phases      ] GC(2406) Compaction Phase 152.714ms
[640.606s][info][gc,phases,start] GC(2406) Post Compact
[640.608s][info][gc,phases      ] GC(2406) Post Compact 2.311ms
[640.608s][info][gc,heap        ] GC(2406) PSYoungGen: 155456K(155648K)->0K(218112K) Eden: 117248K(117248K)->0K(118272K) From: 38208K(38400K)->0K(99840K)
[640.608s][info][gc,heap        ] GC(2406) ParOldGen: 627313K(667648K)->559368K(667648K)
[640.608s][info][gc,metaspace   ] GC(2406) Metaspace: 19128K(19328K)->19128K(19328K) NonClass: 16462K(16576K)->16462K(16576K) Class: 2666K(2752K)->2666K(2752K)
[640.608s][info][gc             ] GC(2406) Pause Full (Allocation Failure) 764M->546M(865M) 933.237ms
[640.608s][info][gc,cpu         ] GC(2406) User=1.81s Sys=0.00s Real=0.94s
[640.700s][info][gc,start       ] GC(2407) Pause Young (Allocation Failure)
[640.712s][info][gc,heap        ] GC(2407) PSYoungGen: 118272K(218112K)->8704K(218112K) Eden: 118272K(118272K)->0K(118272K) From: 0K(99840K)->8704K(99840K)
[640.712s][info][gc,heap        ] GC(2407) ParOldGen: 559368K(667648K)->559368K(667648K)
[640.712s][info][gc,metaspace   ] GC(2407) Metaspace: 19128K(19328K)->19128K(19328K) NonClass: 16462K(16576K)->16462K(16576K) Class: 2666K(2752K)->2666K(2752K)
[640.712s][info][gc             ] GC(2407) Pause Young (Allocation Failure) 661M->554M(865M) 12.075ms
[640.712s][info][gc,cpu         ] GC(2407) User=0.02s Sys=0.00s Real=0.01s
[640.824s][info][gc,start       ] GC(2408) Pause Young (Allocation Failure)
[640.840s][info][gc,heap        ] GC(2408) PSYoungGen: 126976K(218112K)->1952K(228864K) Eden: 118272K(118272K)->0K(129536K) From: 8704K(99840K)->1952K(99328K)
[640.840s][info][gc,heap        ] GC(2408) ParOldGen: 559368K(667648K)->568024K(667648K)
[640.840s][info][gc,metaspace   ] GC(2408) Metaspace: 19128K(19328K)->19128K(19328K) NonClass: 16462K(16576K)->16462K(16576K) Class: 2666K(2752K)->2666K(2752K)
[640.840s][info][gc             ] GC(2408) Pause Young (Allocation Failure) 670M->556M(875M) 16.159ms
[640.840s][info][gc,cpu         ] GC(2408) User=0.04s Sys=0.00s Real=0.02s
[640.972s][info][gc,start       ] GC(2409) Pause Young (Allocation Failure)
[640.983s][info][gc,heap        ] GC(2409) PSYoungGen: 131488K(228864K)->3168K(229376K) Eden: 129536K(129536K)->0K(129536K) From: 1952K(99328K)->3168K(99840K)
[640.983s][info][gc,heap        ] GC(2409) ParOldGen: 568024K(667648K)->568024K(667648K)
[640.983s][info][gc,metaspace   ] GC(2409) Metaspace: 19128K(19328K)->19128K(19328K) NonClass: 16462K(16576K)->16462K(16576K) Class: 2666K(2752K)->2666K(2752K)
[640.983s][info][gc             ] GC(2409) Pause Young (Allocation Failure) 683M->557M(876M) 11.468ms
[640.983s][info][gc,cpu         ] GC(2409) User=0.02s Sys=0.00s Real=0.01s
[641.136s][info][gc,start       ] GC(2410) Pause Young (Allocation Failure)
[641.152s][info][gc,heap        ] GC(2410) PSYoungGen: 132704K(229376K)->6528K(230400K) Eden: 129536K(129536K)->0K(135168K) From: 3168K(99840K)->6528K(95232K)
[641.152s][info][gc,heap        ] GC(2410) ParOldGen: 568024K(667648K)->568024K(667648K)
[641.152s][info][gc,metaspace   ] GC(2410) Metaspace: 19128K(19328K)->19128K(19328K) NonClass: 16462K(16576K)->16462K(16576K) Class: 2666K(2752K)->2666K(2752K)
[641.152s][info][gc             ] GC(2410) Pause Young (Allocation Failure) 684M->561M(877M) 15.659ms
[641.152s][info][gc,cpu         ] GC(2410) User=0.03s Sys=0.00s Real=0.02s
[641.254s][info][gc,start       ] GC(2411) Pause Young (Allocation Failure)
[641.276s][info][gc,heap        ] GC(2411) PSYoungGen: 141696K(230400K)->17568K(231936K) Eden: 135168K(135168K)->0K(135168K) From: 6528K(95232K)->17568K(96768K)
[641.276s][info][gc,heap        ] GC(2411) ParOldGen: 568024K(667648K)->568024K(667648K)
[641.276s][info][gc,metaspace   ] GC(2411) Metaspace: 19128K(19328K)->19128K(19328K) NonClass: 16462K(16576K)->16462K(16576K) Class: 2666K(2752K)->2666K(2752K)
[641.276s][info][gc             ] GC(2411) Pause Young (Allocation Failure) 693M->571M(878M) 21.204ms
[641.276s][info][gc,cpu         ] GC(2411) User=0.04s Sys=0.00s Real=0.02s
[641.388s][info][gc,start       ] GC(2412) Pause Young (Allocation Failure)
[641.426s][info][gc,heap        ] GC(2412) PSYoungGen: 152736K(231936K)->42976K(233984K) Eden: 135168K(135168K)->0K(142336K) From: 17568K(96768K)->42976K(91648K)
[641.427s][info][gc,heap        ] GC(2412) ParOldGen: 568024K(667648K)->568024K(667648K)
[641.427s][info][gc,metaspace   ] GC(2412) Metaspace: 19133K(19328K)->19133K(19328K) NonClass: 16467K(16576K)->16467K(16576K) Class: 2666K(2752K)->2666K(2752K)
[641.427s][info][gc             ] GC(2412) Pause Young (Allocation Failure) 703M->596M(880M) 38.448ms
[641.427s][info][gc,cpu         ] GC(2412) User=0.08s Sys=0.00s Real=0.03s
[641.536s][info][gc,start       ] GC(2413) Pause Young (Allocation Failure)
[641.608s][info][gc,heap        ] GC(2413) PSYoungGen: 185312K(233984K)->91120K(233472K) Eden: 142336K(142336K)->0K(142336K) From: 42976K(91648K)->91120K(91136K)
[641.608s][info][gc,heap        ] GC(2413) ParOldGen: 568024K(667648K)->568256K(667648K)
[641.608s][info][gc,metaspace   ] GC(2413) Metaspace: 19133K(19328K)->19133K(19328K) NonClass: 16467K(16576K)->16467K(16576K) Class: 2666K(2752K)->2666K(2752K)
[641.608s][info][gc             ] GC(2413) Pause Young (Allocation Failure) 735M->643M(880M) 72.483ms
[641.608s][info][gc,cpu         ] GC(2413) User=0.15s Sys=0.00s Real=0.08s
[641.754s][info][gc,start       ] GC(2414) Pause Young (Allocation Failure)
[641.831s][info][gc,heap        ] GC(2414) PSYoungGen: 233456K(233472K)->96224K(211968K) Eden: 142336K(142336K)->0K(111616K) From: 91120K(91136K)->96224K(100352K)
[641.831s][info][gc,heap        ] GC(2414) ParOldGen: 568256K(667648K)->571416K(667648K)
[641.831s][info][gc,metaspace   ] GC(2414) Metaspace: 19133K(19328K)->19133K(19328K) NonClass: 16467K(16576K)->16467K(16576K) Class: 2666K(2752K)->2666K(2752K)
[641.832s][info][gc             ] GC(2414) Pause Young (Allocation Failure) 782M->651M(859M) 77.798ms
[641.832s][info][gc,cpu         ] GC(2414) User=0.15s Sys=0.00s Real=0.08s
[642.013s][info][gc,start       ] GC(2415) Pause Young (Allocation Failure)
[642.084s][info][gc,heap        ] GC(2415) PSYoungGen: 207840K(211968K)->82784K(222720K) Eden: 111616K(111616K)->0K(111616K) From: 96224K(100352K)->82784K(111104K)
[642.084s][info][gc,heap        ] GC(2415) ParOldGen: 571416K(667648K)->585848K(667648K)
[642.084s][info][gc,metaspace   ] GC(2415) Metaspace: 19135K(19328K)->19135K(19328K) NonClass: 16469K(16576K)->16469K(16576K) Class: 2666K(2752K)->2666K(2752K)
[642.084s][info][gc             ] GC(2415) Pause Young (Allocation Failure) 760M->652M(869M) 70.825ms
[642.084s][info][gc,cpu         ] GC(2415) User=0.15s Sys=0.00s Real=0.07s
[642.164s][info][gc,start       ] GC(2416) Pause Young (Allocation Failure)
[642.230s][info][gc,heap        ] GC(2416) PSYoungGen: 194400K(222720K)->16304K(222720K) Eden: 111616K(111616K)->0K(111616K) From: 82784K(111104K)->16304K(111104K)
[642.230s][info][gc,heap        ] GC(2416) ParOldGen: 585848K(667648K)->660083K(667648K)
[642.230s][info][gc,metaspace   ] GC(2416) Metaspace: 19135K(19328K)->19135K(19328K) NonClass: 16469K(16576K)->16469K(16576K) Class: 2666K(2752K)->2666K(2752K)
[642.230s][info][gc             ] GC(2416) Pause Young (Allocation Failure) 761M->660M(869M) 65.869ms
[642.230s][info][gc,cpu         ] GC(2416) User=0.13s Sys=0.00s Real=0.07s
[642.336s][info][gc,start       ] GC(2417) Pause Full (Allocation Failure)
[642.336s][info][gc,phases,start] GC(2417) Marking Phase
[642.814s][info][gc,phases      ] GC(2417) Marking Phase 477.515ms
[642.814s][info][gc,phases,start] GC(2417) Summary Phase
[642.814s][info][gc,phases      ] GC(2417) Summary Phase 0.025ms
[642.814s][info][gc,phases,start] GC(2417) Forward
[642.860s][info][gc,phases      ] GC(2417) Forward 46.886ms
[642.861s][info][gc,phases,start] GC(2417) Adjust Pointers
[643.190s][info][gc,phases      ] GC(2417) Adjust Pointers 329.136ms
[643.190s][info][gc,phases,start] GC(2417) Compaction Phase
[643.347s][info][gc,phases      ] GC(2417) Compaction Phase 157.634ms
[643.347s][info][gc,phases,start] GC(2417) Post Compact
[643.350s][info][gc,phases      ] GC(2417) Post Compact 2.232ms
[643.350s][info][gc,heap        ] GC(2417) PSYoungGen: 127920K(222720K)->9595K(222720K) Eden: 111616K(111616K)->0K(111616K) From: 16304K(111104K)->9595K(111104K)
[643.350s][info][gc,heap        ] GC(2417) ParOldGen: 660083K(667648K)->667571K(667648K)
[643.350s][info][gc,metaspace   ] GC(2417) Metaspace: 19135K(19328K)->19135K(19328K) NonClass: 16469K(16576K)->16469K(16576K) Class: 2666K(2752K)->2666K(2752K)
[643.350s][info][gc             ] GC(2417) Pause Full (Allocation Failure) 769M->661M(869M) 1013.854ms
[643.350s][info][gc,cpu         ] GC(2417) User=1.97s Sys=0.00s Real=1.02s
[643.497s][info][gc,start       ] GC(2418) Pause Full (Allocation Failure)
[643.497s][info][gc,phases,start] GC(2418) Marking Phase
[643.972s][info][gc,phases      ] GC(2418) Marking Phase 474.422ms
[643.972s][info][gc,phases,start] GC(2418) Summary Phase
[643.972s][info][gc,phases      ] GC(2418) Summary Phase 0.025ms
[643.972s][info][gc,phases,start] GC(2418) Forward
[643.975s][info][gc,phases      ] GC(2418) Forward 3.545ms
[643.976s][info][gc,phases,start] GC(2418) Adjust Pointers
[644.294s][info][gc,phases      ] GC(2418) Adjust Pointers 318.402ms
[644.294s][info][gc,phases,start] GC(2418) Compaction Phase
[644.438s][info][gc,phases      ] GC(2418) Compaction Phase 143.819ms
[644.438s][info][gc,phases,start] GC(2418) Post Compact
[644.440s][info][gc,phases      ] GC(2418) Post Compact 2.267ms
[644.440s][info][gc,heap        ] GC(2418) PSYoungGen: 121211K(222720K)->9750K(222720K) Eden: 111616K(111616K)->9750K(111616K) From: 9595K(111104K)->0K(111104K)
[644.440s][info][gc,heap        ] GC(2418) ParOldGen: 667571K(667648K)->667646K(667648K)
[644.440s][info][gc,metaspace   ] GC(2418) Metaspace: 19135K(19328K)->19135K(19328K) NonClass: 16469K(16576K)->16469K(16576K) Class: 2666K(2752K)->2666K(2752K)
[644.440s][info][gc             ] GC(2418) Pause Full (Allocation Failure) 770M->661M(869M) 942.911ms
[644.440s][info][gc,cpu         ] GC(2418) User=1.84s Sys=0.00s Real=0.94s
[644.540s][info][gc,start       ] GC(2419) Pause Full (Allocation Failure)
[644.541s][info][gc,phases,start] GC(2419) Marking Phase
[645.022s][info][gc,phases      ] GC(2419) Marking Phase 480.975ms
[645.022s][info][gc,phases,start] GC(2419) Summary Phase
[645.022s][info][gc,phases      ] GC(2419) Summary Phase 0.027ms
[645.022s][info][gc,phases,start] GC(2419) Forward
[645.028s][info][gc,phases      ] GC(2419) Forward 6.221ms
[645.028s][info][gc,phases,start] GC(2419) Adjust Pointers
[645.349s][info][gc,phases      ] GC(2419) Adjust Pointers 320.870ms
[645.349s][info][gc,phases,start] GC(2419) Compaction Phase
[645.493s][info][gc,phases      ] GC(2419) Compaction Phase 143.997ms
[645.493s][info][gc,phases,start] GC(2419) Post Compact
[645.495s][info][gc,phases      ] GC(2419) Post Compact 2.167ms
[645.495s][info][gc,heap        ] GC(2419) PSYoungGen: 111616K(222720K)->10887K(222720K) Eden: 111616K(111616K)->10887K(111616K) From: 0K(111104K)->0K(111104K)
[645.495s][info][gc,heap        ] GC(2419) ParOldGen: 667646K(667648K)->667646K(667648K)
[645.495s][info][gc,metaspace   ] GC(2419) Metaspace: 19135K(19328K)->19135K(19328K) NonClass: 16469K(16576K)->16469K(16576K) Class: 2666K(2752K)->2666K(2752K)
[645.495s][info][gc             ] GC(2419) Pause Full (Allocation Failure) 760M->662M(869M) 954.640ms
[645.495s][info][gc,cpu         ] GC(2419) User=1.87s Sys=0.00s Real=0.95s
[645.583s][info][gc,start       ] GC(2420) Pause Full (Allocation Failure)
[645.584s][info][gc,phases,start] GC(2420) Marking Phase
[646.060s][info][gc,phases      ] GC(2420) Marking Phase 476.734ms
[646.060s][info][gc,phases,start] GC(2420) Summary Phase
[646.060s][info][gc,phases      ] GC(2420) Summary Phase 0.025ms
[646.060s][info][gc,phases,start] GC(2420) Forward
[646.066s][info][gc,phases      ] GC(2420) Forward 5.955ms
[646.066s][info][gc,phases,start] GC(2420) Adjust Pointers
[646.385s][info][gc,phases      ] GC(2420) Adjust Pointers 319.096ms
[646.386s][info][gc,phases,start] GC(2420) Compaction Phase
[646.529s][info][gc,phases      ] GC(2420) Compaction Phase 143.826ms
[646.529s][info][gc,phases,start] GC(2420) Post Compact
[646.532s][info][gc,phases      ] GC(2420) Post Compact 2.224ms
[646.532s][info][gc,heap        ] GC(2420) PSYoungGen: 111616K(222720K)->11650K(222720K) Eden: 111616K(111616K)->11650K(111616K) From: 0K(111104K)->0K(111104K)
[646.532s][info][gc,heap        ] GC(2420) ParOldGen: 667646K(667648K)->667646K(667648K)
[646.532s][info][gc,metaspace   ] GC(2420) Metaspace: 19135K(19328K)->19135K(19328K) NonClass: 16469K(16576K)->16469K(16576K) Class: 2666K(2752K)->2666K(2752K)
[646.532s][info][gc             ] GC(2420) Pause Full (Allocation Failure) 760M->663M(869M) 948.283ms
[646.532s][info][gc,cpu         ] GC(2420) User=1.85s Sys=0.00s Real=0.95s
[646.755s][info][gc,start       ] GC(2421) Pause Full (Allocation Failure)
[646.755s][info][gc,phases,start] GC(2421) Marking Phase
[647.252s][info][gc,phases      ] GC(2421) Marking Phase 496.850ms
[647.252s][info][gc,phases,start] GC(2421) Summary Phase
[647.252s][info][gc,phases      ] GC(2421) Summary Phase 0.029ms
[647.252s][info][gc,phases,start] GC(2421) Forward
[647.415s][info][gc,phases      ] GC(2421) Forward 163.001ms
[647.415s][info][gc,phases,start] GC(2421) Adjust Pointers
[647.807s][info][gc,phases      ] GC(2421) Adjust Pointers 391.891ms
[647.807s][info][gc,phases,start] GC(2421) Compaction Phase
[648.001s][info][gc,phases      ] GC(2421) Compaction Phase 193.719ms
[648.016s][info][gc,phases,start] GC(2421) Post Compact
[648.019s][info][gc,phases      ] GC(2421) Post Compact 2.262ms
[648.019s][info][gc,heap        ] GC(2421) PSYoungGen: 111616K(222720K)->0K(222720K) Eden: 111616K(111616K)->0K(111616K) From: 0K(111104K)->0K(111104K)
[648.019s][info][gc,heap        ] GC(2421) ParOldGen: 667646K(667648K)->661270K(667648K)
[648.019s][info][gc,metaspace   ] GC(2421) Metaspace: 19135K(19328K)->19135K(19328K) NonClass: 16469K(16576K)->16469K(16576K) Class: 2666K(2752K)->2666K(2752K)
[648.019s][info][gc             ] GC(2421) Pause Full (Allocation Failure) 760M->645M(869M) 1264.083ms
[648.019s][info][gc,cpu         ] GC(2421) User=2.45s Sys=0.00s Real=1.27s
[648.203s][info][gc,start       ] GC(2422) Pause Full (Allocation Failure)
[648.204s][info][gc,phases,start] GC(2422) Marking Phase
[648.705s][info][gc,phases      ] GC(2422) Marking Phase 501.462ms
[648.705s][info][gc,phases,start] GC(2422) Summary Phase
[648.705s][info][gc,phases      ] GC(2422) Summary Phase 0.025ms
[648.705s][info][gc,phases,start] GC(2422) Forward
[648.716s][info][gc,phases      ] GC(2422) Forward 10.997ms
[648.716s][info][gc,phases,start] GC(2422) Adjust Pointers
[649.058s][info][gc,phases      ] GC(2422) Adjust Pointers 341.668ms
[649.058s][info][gc,phases,start] GC(2422) Compaction Phase
[649.204s][info][gc,phases      ] GC(2422) Compaction Phase 146.270ms
[649.204s][info][gc,phases,start] GC(2422) Post Compact
[649.206s][info][gc,phases      ] GC(2422) Post Compact 2.202ms
[649.206s][info][gc,heap        ] GC(2422) PSYoungGen: 111616K(222720K)->4627K(222720K) Eden: 111616K(111616K)->4627K(111616K) From: 0K(111104K)->0K(111104K)
[649.206s][info][gc,heap        ] GC(2422) ParOldGen: 661270K(667648K)->667562K(667648K)
[649.206s][info][gc,metaspace   ] GC(2422) Metaspace: 19135K(19328K)->19135K(19328K) NonClass: 16469K(16576K)->16469K(16576K) Class: 2666K(2752K)->2666K(2752K)
[649.207s][info][gc             ] GC(2422) Pause Full (Allocation Failure) 754M->656M(869M) 1003.066ms
[649.207s][info][gc,cpu         ] GC(2422) User=1.97s Sys=0.00s Real=1.00s
[649.326s][info][gc,start       ] GC(2423) Pause Full (Allocation Failure)
[649.326s][info][gc,phases,start] GC(2423) Marking Phase
[649.844s][info][gc,phases      ] GC(2423) Marking Phase 517.914ms
[649.844s][info][gc,phases,start] GC(2423) Summary Phase
[649.844s][info][gc,phases      ] GC(2423) Summary Phase 0.027ms
[649.844s][info][gc,phases,start] GC(2423) Forward
[649.852s][info][gc,phases      ] GC(2423) Forward 8.192ms
[649.852s][info][gc,phases,start] GC(2423) Adjust Pointers
[650.201s][info][gc,phases      ] GC(2423) Adjust Pointers 348.408ms
[650.201s][info][gc,phases,start] GC(2423) Compaction Phase
[650.350s][info][gc,phases      ] GC(2423) Compaction Phase 148.654ms
[650.350s][info][gc,phases,start] GC(2423) Post Compact
[650.352s][info][gc,phases      ] GC(2423) Post Compact 2.196ms
[650.352s][info][gc,heap        ] GC(2423) PSYoungGen: 111616K(222720K)->17852K(222720K) Eden: 111616K(111616K)->17852K(111616K) From: 0K(111104K)->0K(111104K)
[650.352s][info][gc,heap        ] GC(2423) ParOldGen: 667562K(667648K)->667562K(667648K)
[650.352s][info][gc,metaspace   ] GC(2423) Metaspace: 19135K(19328K)->19135K(19328K) NonClass: 16469K(16576K)->16469K(16576K) Class: 2666K(2752K)->2666K(2752K)
[650.352s][info][gc             ] GC(2423) Pause Full (Allocation Failure) 760M->669M(869M) 1025.826ms
[650.352s][info][gc,cpu         ] GC(2423) User=2.00s Sys=0.00s Real=1.03s
[650.463s][info][gc,start       ] GC(2424) Pause Full (Allocation Failure)
[650.463s][info][gc,phases,start] GC(2424) Marking Phase
[650.990s][info][gc,phases      ] GC(2424) Marking Phase 526.821ms
[650.990s][info][gc,phases,start] GC(2424) Summary Phase
[650.990s][info][gc,phases      ] GC(2424) Summary Phase 0.026ms
[650.990s][info][gc,phases,start] GC(2424) Forward
[651.012s][info][gc,phases      ] GC(2424) Forward 21.873ms
[651.012s][info][gc,phases,start] GC(2424) Adjust Pointers
[651.370s][info][gc,phases      ] GC(2424) Adjust Pointers 357.540ms
[651.370s][info][gc,phases,start] GC(2424) Compaction Phase
[651.525s][info][gc,phases      ] GC(2424) Compaction Phase 155.557ms
[651.525s][info][gc,phases,start] GC(2424) Post Compact
[651.528s][info][gc,phases      ] GC(2424) Post Compact 2.216ms
[651.528s][info][gc,heap        ] GC(2424) PSYoungGen: 111616K(222720K)->29002K(222720K) Eden: 111616K(111616K)->29002K(111616K) From: 0K(111104K)->0K(111104K)
[651.528s][info][gc,heap        ] GC(2424) ParOldGen: 667562K(667648K)->667475K(667648K)
[651.528s][info][gc,metaspace   ] GC(2424) Metaspace: 19135K(19328K)->19135K(19328K) NonClass: 16469K(16576K)->16469K(16576K) Class: 2666K(2752K)->2666K(2752K)
[651.528s][info][gc             ] GC(2424) Pause Full (Allocation Failure) 760M->680M(869M) 1064.459ms
[651.528s][info][gc,cpu         ] GC(2424) User=2.08s Sys=0.00s Real=1.07s
[651.617s][info][gc,start       ] GC(2425) Pause Full (Allocation Failure)
[651.617s][info][gc,phases,start] GC(2425) Marking Phase
[652.147s][info][gc,phases      ] GC(2425) Marking Phase 529.653ms
[652.147s][info][gc,phases,start] GC(2425) Summary Phase
[652.147s][info][gc,phases      ] GC(2425) Summary Phase 0.024ms
[652.147s][info][gc,phases,start] GC(2425) Forward
[652.197s][info][gc,phases      ] GC(2425) Forward 49.459ms
[652.197s][info][gc,phases,start] GC(2425) Adjust Pointers
[652.564s][info][gc,phases      ] GC(2425) Adjust Pointers 366.942ms
[652.564s][info][gc,phases,start] GC(2425) Compaction Phase
[652.722s][info][gc,phases      ] GC(2425) Compaction Phase 158.283ms
[652.725s][info][gc,phases,start] GC(2425) Post Compact
[652.727s][info][gc,phases      ] GC(2425) Post Compact 2.229ms
[652.727s][info][gc,heap        ] GC(2425) PSYoungGen: 111616K(222720K)->31414K(222720K) Eden: 111616K(111616K)->31414K(111616K) From: 0K(111104K)->0K(111104K)
[652.727s][info][gc,heap        ] GC(2425) ParOldGen: 667475K(667648K)->667475K(667648K)
[652.727s][info][gc,metaspace   ] GC(2425) Metaspace: 19135K(19328K)->19135K(19328K) NonClass: 16469K(16576K)->16469K(16576K) Class: 2666K(2752K)->2666K(2752K)
[652.727s][info][gc             ] GC(2425) Pause Full (Allocation Failure) 760M->682M(869M) 1109.774ms
[652.727s][info][gc,cpu         ] GC(2425) User=2.16s Sys=0.00s Real=1.10s
[652.824s][info][gc,start       ] GC(2426) Pause Full (Allocation Failure)
[652.824s][info][gc,phases,start] GC(2426) Marking Phase
[653.350s][info][gc,phases      ] GC(2426) Marking Phase 526.782ms
[653.350s][info][gc,phases,start] GC(2426) Summary Phase
[653.350s][info][gc,phases      ] GC(2426) Summary Phase 0.026ms
[653.350s][info][gc,phases,start] GC(2426) Forward
[653.476s][info][gc,phases      ] GC(2426) Forward 125.738ms
[653.476s][info][gc,phases,start] GC(2426) Adjust Pointers
[653.870s][info][gc,phases      ] GC(2426) Adjust Pointers 393.237ms
[653.870s][info][gc,phases,start] GC(2426) Compaction Phase
[654.045s][info][gc,phases      ] GC(2426) Compaction Phase 175.087ms
[654.060s][info][gc,phases,start] GC(2426) Post Compact
[654.062s][info][gc,phases      ] GC(2426) Post Compact 2.256ms
[654.062s][info][gc,heap        ] GC(2426) PSYoungGen: 111616K(222720K)->31751K(222720K) Eden: 111616K(111616K)->31751K(111616K) From: 0K(111104K)->0K(111104K)
[654.062s][info][gc,heap        ] GC(2426) ParOldGen: 667475K(667648K)->667475K(667648K)
[654.062s][info][gc,metaspace   ] GC(2426) Metaspace: 19135K(19328K)->19135K(19328K) NonClass: 16469K(16576K)->16469K(16576K) Class: 2666K(2752K)->2666K(2752K)
[654.062s][info][gc             ] GC(2426) Pause Full (Allocation Failure) 760M->682M(869M) 1238.815ms
[654.062s][info][gc,cpu         ] GC(2426) User=2.41s Sys=0.01s Real=1.24s
[654.181s][info][gc,start       ] GC(2427) Pause Full (Allocation Failure)
[654.181s][info][gc,phases,start] GC(2427) Marking Phase
[654.709s][info][gc,phases      ] GC(2427) Marking Phase 527.889ms
[654.709s][info][gc,phases,start] GC(2427) Summary Phase
[654.709s][info][gc,phases      ] GC(2427) Summary Phase 0.023ms
[654.709s][info][gc,phases,start] GC(2427) Forward
[654.728s][info][gc,phases      ] GC(2427) Forward 19.013ms
[654.728s][info][gc,phases,start] GC(2427) Adjust Pointers
[655.083s][info][gc,phases      ] GC(2427) Adjust Pointers 355.197ms
[655.084s][info][gc,phases,start] GC(2427) Compaction Phase
[655.236s][info][gc,phases      ] GC(2427) Compaction Phase 152.187ms
[655.236s][info][gc,phases,start] GC(2427) Post Compact
[655.238s][info][gc,phases      ] GC(2427) Post Compact 2.234ms
[655.238s][info][gc,heap        ] GC(2427) PSYoungGen: 111616K(222720K)->34348K(222720K) Eden: 111616K(111616K)->34348K(111616K) From: 0K(111104K)->0K(111104K)
[655.238s][info][gc,heap        ] GC(2427) ParOldGen: 667475K(667648K)->667475K(667648K)
[655.238s][info][gc,metaspace   ] GC(2427) Metaspace: 19136K(19328K)->19136K(19328K) NonClass: 16470K(16576K)->16470K(16576K) Class: 2666K(2752K)->2666K(2752K)
[655.238s][info][gc             ] GC(2427) Pause Full (Allocation Failure) 760M->685M(869M) 1056.959ms
[655.238s][info][gc,cpu         ] GC(2427) User=2.06s Sys=0.00s Real=1.06s
[655.309s][info][gc,start       ] GC(2428) Pause Full (Allocation Failure)
[655.309s][info][gc,phases,start] GC(2428) Marking Phase
[655.843s][info][gc,phases      ] GC(2428) Marking Phase 533.214ms
[655.843s][info][gc,phases,start] GC(2428) Summary Phase
[655.843s][info][gc,phases      ] GC(2428) Summary Phase 0.026ms
[655.843s][info][gc,phases,start] GC(2428) Forward
[655.998s][info][gc,phases      ] GC(2428) Forward 155.476ms
[655.998s][info][gc,phases,start] GC(2428) Adjust Pointers
[656.406s][info][gc,phases      ] GC(2428) Adjust Pointers 407.403ms
[656.406s][info][gc,phases,start] GC(2428) Compaction Phase
[656.593s][info][gc,phases      ] GC(2428) Compaction Phase 187.044ms
[656.610s][info][gc,phases,start] GC(2428) Post Compact
[656.613s][info][gc,phases      ] GC(2428) Post Compact 2.267ms
[656.613s][info][gc,heap        ] GC(2428) PSYoungGen: 111616K(222720K)->34436K(222720K) Eden: 111616K(111616K)->34436K(111616K) From: 0K(111104K)->0K(111104K)
[656.613s][info][gc,heap        ] GC(2428) ParOldGen: 667475K(667648K)->667475K(667648K)
[656.613s][info][gc,metaspace   ] GC(2428) Metaspace: 19136K(19328K)->19136K(19328K) NonClass: 16470K(16576K)->16470K(16576K) Class: 2666K(2752K)->2666K(2752K)
[656.613s][info][gc             ] GC(2428) Pause Full (Allocation Failure) 760M->685M(869M) 1303.392ms
[656.613s][info][gc,cpu         ] GC(2428) User=2.55s Sys=0.00s Real=1.30s
[656.656s][info][gc,start       ] GC(2429) Pause Full (Allocation Failure)
[656.656s][info][gc,phases,start] GC(2429) Marking Phase
[657.186s][info][gc,phases      ] GC(2429) Marking Phase 530.685ms
[657.186s][info][gc,phases,start] GC(2429) Summary Phase
[657.186s][info][gc,phases      ] GC(2429) Summary Phase 0.023ms
[657.186s][info][gc,phases,start] GC(2429) Forward
[657.205s][info][gc,phases      ] GC(2429) Forward 18.592ms
[657.205s][info][gc,phases,start] GC(2429) Adjust Pointers
[657.559s][info][gc,phases      ] GC(2429) Adjust Pointers 353.669ms
[657.559s][info][gc,phases,start] GC(2429) Compaction Phase
[657.710s][info][gc,phases      ] GC(2429) Compaction Phase 151.703ms
[657.711s][info][gc,phases,start] GC(2429) Post Compact
[657.713s][info][gc,phases      ] GC(2429) Post Compact 2.233ms
[657.713s][info][gc,heap        ] GC(2429) PSYoungGen: 111616K(222720K)->34522K(222720K) Eden: 111616K(111616K)->34522K(111616K) From: 0K(111104K)->0K(111104K)
[657.713s][info][gc,heap        ] GC(2429) ParOldGen: 667475K(667648K)->667475K(667648K)
[657.713s][info][gc,metaspace   ] GC(2429) Metaspace: 19136K(19328K)->19136K(19328K) NonClass: 16470K(16576K)->16470K(16576K) Class: 2666K(2752K)->2666K(2752K)
[657.713s][info][gc             ] GC(2429) Pause Full (Allocation Failure) 760M->685M(869M) 1057.274ms
[657.713s][info][gc,cpu         ] GC(2429) User=2.06s Sys=0.00s Real=1.06s
[657.760s][info][gc,start       ] GC(2430) Pause Full (Allocation Failure)
[657.760s][info][gc,phases,start] GC(2430) Marking Phase
[658.291s][info][gc,phases      ] GC(2430) Marking Phase 531.651ms
[658.291s][info][gc,phases,start] GC(2430) Summary Phase
[658.291s][info][gc,phases      ] GC(2430) Summary Phase 0.023ms
[658.291s][info][gc,phases,start] GC(2430) Forward
[658.310s][info][gc,phases      ] GC(2430) Forward 18.444ms
[658.310s][info][gc,phases,start] GC(2430) Adjust Pointers
[658.663s][info][gc,phases      ] GC(2430) Adjust Pointers 352.852ms
[658.663s][info][gc,phases,start] GC(2430) Compaction Phase
[658.814s][info][gc,phases      ] GC(2430) Compaction Phase 151.021ms
[658.814s][info][gc,phases,start] GC(2430) Post Compact
[658.816s][info][gc,phases      ] GC(2430) Post Compact 2.208ms
[658.816s][info][gc,heap        ] GC(2430) PSYoungGen: 111616K(222720K)->34430K(222720K) Eden: 111616K(111616K)->34430K(111616K) From: 0K(111104K)->0K(111104K)
[658.816s][info][gc,heap        ] GC(2430) ParOldGen: 667475K(667648K)->667475K(667648K)
[658.816s][info][gc,metaspace   ] GC(2430) Metaspace: 19136K(19328K)->19136K(19328K) NonClass: 16470K(16576K)->16470K(16576K) Class: 2666K(2752K)->2666K(2752K)
[658.816s][info][gc             ] GC(2430) Pause Full (Allocation Failure) 760M->685M(869M) 1056.579ms
[658.816s][info][gc,cpu         ] GC(2430) User=2.06s Sys=0.01s Real=1.05s
[658.969s][info][gc,start       ] GC(2431) Pause Full (Allocation Failure)
[658.969s][info][gc,phases,start] GC(2431) Marking Phase
[659.507s][info][gc,phases      ] GC(2431) Marking Phase 537.844ms
[659.507s][info][gc,phases,start] GC(2431) Summary Phase
[659.507s][info][gc,phases      ] GC(2431) Summary Phase 0.023ms
[659.507s][info][gc,phases,start] GC(2431) Forward
[659.527s][info][gc,phases      ] GC(2431) Forward 19.750ms
[659.527s][info][gc,phases,start] GC(2431) Adjust Pointers
[659.889s][info][gc,phases      ] GC(2431) Adjust Pointers 362.110ms
[659.889s][info][gc,phases,start] GC(2431) Compaction Phase
[660.053s][info][gc,phases      ] GC(2431) Compaction Phase 163.422ms
[660.053s][info][gc,phases,start] GC(2431) Post Compact
[660.055s][info][gc,phases      ] GC(2431) Post Compact 2.210ms
[660.055s][info][gc,heap        ] GC(2431) PSYoungGen: 111616K(222720K)->39498K(222720K) Eden: 111616K(111616K)->39498K(111616K) From: 0K(111104K)->0K(111104K)
[660.055s][info][gc,heap        ] GC(2431) ParOldGen: 667475K(667648K)->667475K(667648K)
[660.055s][info][gc,metaspace   ] GC(2431) Metaspace: 19136K(19328K)->19136K(19328K) NonClass: 16470K(16576K)->16470K(16576K) Class: 2666K(2752K)->2666K(2752K)
[660.055s][info][gc             ] GC(2431) Pause Full (Allocation Failure) 760M->690M(869M) 1085.790ms
[660.055s][info][gc,cpu         ] GC(2431) User=2.11s Sys=0.00s Real=1.08s
[660.136s][info][gc,start       ] GC(2432) Pause Full (Allocation Failure)
[660.136s][info][gc,phases,start] GC(2432) Marking Phase
[660.675s][info][gc,phases      ] GC(2432) Marking Phase 539.307ms
[660.675s][info][gc,phases,start] GC(2432) Summary Phase
[660.675s][info][gc,phases      ] GC(2432) Summary Phase 0.025ms
[660.675s][info][gc,phases,start] GC(2432) Forward
[660.697s][info][gc,phases      ] GC(2432) Forward 21.600ms
[660.697s][info][gc,phases,start] GC(2432) Adjust Pointers
[661.054s][info][gc,phases      ] GC(2432) Adjust Pointers 357.234ms
[661.054s][info][gc,phases,start] GC(2432) Compaction Phase
[661.208s][info][gc,phases      ] GC(2432) Compaction Phase 153.863ms
[661.208s][info][gc,phases,start] GC(2432) Post Compact
[661.210s][info][gc,phases      ] GC(2432) Post Compact 2.219ms
[661.210s][info][gc,heap        ] GC(2432) PSYoungGen: 111616K(222720K)->41878K(222720K) Eden: 111616K(111616K)->41878K(111616K) From: 0K(111104K)->0K(111104K)
[661.210s][info][gc,heap        ] GC(2432) ParOldGen: 667475K(667648K)->667475K(667648K)
[661.210s][info][gc,metaspace   ] GC(2432) Metaspace: 19136K(19328K)->19136K(19328K) NonClass: 16470K(16576K)->16470K(16576K) Class: 2666K(2752K)->2666K(2752K)
[661.210s][info][gc             ] GC(2432) Pause Full (Allocation Failure) 760M->692M(869M) 1074.625ms
[661.210s][info][gc,cpu         ] GC(2432) User=2.09s Sys=0.00s Real=1.08s
[661.277s][info][gc,start       ] GC(2433) Pause Full (Allocation Failure)
[661.277s][info][gc,phases,start] GC(2433) Marking Phase
[661.815s][info][gc,phases      ] GC(2433) Marking Phase 538.073ms
[661.815s][info][gc,phases,start] GC(2433) Summary Phase
[661.815s][info][gc,phases      ] GC(2433) Summary Phase 0.035ms
[661.815s][info][gc,phases,start] GC(2433) Forward
[661.837s][info][gc,phases      ] GC(2433) Forward 21.845ms
[661.837s][info][gc,phases,start] GC(2433) Adjust Pointers
[662.193s][info][gc,phases      ] GC(2433) Adjust Pointers 355.998ms
[662.193s][info][gc,phases,start] GC(2433) Compaction Phase
[662.347s][info][gc,phases      ] GC(2433) Compaction Phase 153.757ms
[662.347s][info][gc,phases,start] GC(2433) Post Compact
[662.349s][info][gc,phases      ] GC(2433) Post Compact 2.239ms
[662.349s][info][gc,heap        ] GC(2433) PSYoungGen: 111616K(222720K)->41949K(222720K) Eden: 111616K(111616K)->41949K(111616K) From: 0K(111104K)->0K(111104K)
[662.349s][info][gc,heap        ] GC(2433) ParOldGen: 667475K(667648K)->667475K(667648K)
[662.349s][info][gc,metaspace   ] GC(2433) Metaspace: 19136K(19328K)->19136K(19328K) NonClass: 16470K(16576K)->16470K(16576K) Class: 2666K(2752K)->2666K(2752K)
[662.349s][info][gc             ] GC(2433) Pause Full (Allocation Failure) 760M->692M(869M) 1072.301ms
[662.349s][info][gc,cpu         ] GC(2433) User=2.09s Sys=0.00s Real=1.08s
[662.481s][info][gc,start       ] GC(2434) Pause Full (Allocation Failure)
[662.481s][info][gc,phases,start] GC(2434) Marking Phase
[663.022s][info][gc,phases      ] GC(2434) Marking Phase 541.442ms
[663.022s][info][gc,phases,start] GC(2434) Summary Phase
[663.022s][info][gc,phases      ] GC(2434) Summary Phase 0.022ms
[663.022s][info][gc,phases,start] GC(2434) Forward
[663.044s][info][gc,phases      ] GC(2434) Forward 21.723ms
[663.044s][info][gc,phases,start] GC(2434) Adjust Pointers
[663.403s][info][gc,phases      ] GC(2434) Adjust Pointers 358.596ms
[663.403s][info][gc,phases,start] GC(2434) Compaction Phase
[663.556s][info][gc,phases      ] GC(2434) Compaction Phase 153.011ms
[663.556s][info][gc,phases,start] GC(2434) Post Compact
[663.558s][info][gc,phases      ] GC(2434) Post Compact 2.196ms
[663.558s][info][gc,heap        ] GC(2434) PSYoungGen: 111616K(222720K)->41951K(222720K) Eden: 111616K(111616K)->41951K(111616K) From: 0K(111104K)->0K(111104K)
[663.558s][info][gc,heap        ] GC(2434) ParOldGen: 667475K(667648K)->667475K(667648K)
[663.558s][info][gc,metaspace   ] GC(2434) Metaspace: 19136K(19328K)->19136K(19328K) NonClass: 16470K(16576K)->16470K(16576K) Class: 2666K(2752K)->2666K(2752K)
[663.558s][info][gc             ] GC(2434) Pause Full (Allocation Failure) 760M->692M(869M) 1077.404ms
[663.558s][info][gc,cpu         ] GC(2434) User=2.09s Sys=0.00s Real=1.08s
[663.806s][info][gc,start       ] GC(2435) Pause Full (Allocation Failure)
[663.806s][info][gc,phases,start] GC(2435) Marking Phase
[664.227s][info][gc,phases      ] GC(2435) Marking Phase 421.334ms
[664.227s][info][gc,phases,start] GC(2435) Summary Phase
[664.227s][info][gc,phases      ] GC(2435) Summary Phase 0.026ms
[664.227s][info][gc,phases,start] GC(2435) Forward
[664.373s][info][gc,phases      ] GC(2435) Forward 145.322ms
[664.373s][info][gc,phases,start] GC(2435) Adjust Pointers
[664.691s][info][gc,phases      ] GC(2435) Adjust Pointers 318.350ms
[664.691s][info][gc,phases,start] GC(2435) Compaction Phase
[664.851s][info][gc,phases      ] GC(2435) Compaction Phase 159.860ms
[664.862s][info][gc,phases,start] GC(2435) Post Compact
[664.864s][info][gc,phases      ] GC(2435) Post Compact 2.247ms
[664.864s][info][gc,heap        ] GC(2435) PSYoungGen: 111616K(222720K)->0K(222720K) Eden: 111616K(111616K)->0K(111616K) From: 0K(111104K)->0K(111104K)
[664.864s][info][gc,heap        ] GC(2435) ParOldGen: 667475K(667648K)->578418K(667648K)
[664.864s][info][gc,metaspace   ] GC(2435) Metaspace: 19137K(19328K)->19137K(19328K) NonClass: 16471K(16576K)->16471K(16576K) Class: 2666K(2752K)->2666K(2752K)
[664.864s][info][gc             ] GC(2435) Pause Full (Allocation Failure) 760M->564M(869M) 1058.142ms
[664.864s][info][gc,cpu         ] GC(2435) User=2.02s Sys=0.00s Real=1.06s
[665.137s][info][gc,start       ] GC(2436) Pause Young (Allocation Failure)
[665.139s][info][gc,heap        ] GC(2436) PSYoungGen: 111616K(222720K)->192K(222720K) Eden: 111616K(111616K)->0K(111616K) From: 0K(111104K)->192K(111104K)
[665.139s][info][gc,heap        ] GC(2436) ParOldGen: 578418K(667648K)->578418K(667648K)
[665.139s][info][gc,metaspace   ] GC(2436) Metaspace: 19137K(19328K)->19137K(19328K) NonClass: 16471K(16576K)->16471K(16576K) Class: 2666K(2752K)->2666K(2752K)
[665.139s][info][gc             ] GC(2436) Pause Young (Allocation Failure) 673M->565M(869M) 2.000ms
[665.139s][info][gc,cpu         ] GC(2436) User=0.00s Sys=0.00s Real=0.01s
[665.432s][info][gc,start       ] GC(2437) Pause Young (Allocation Failure)
[665.455s][info][gc,heap        ] GC(2437) PSYoungGen: 111808K(222720K)->21280K(222720K) Eden: 111616K(111616K)->0K(111616K) From: 192K(111104K)->21280K(111104K)
[665.455s][info][gc,heap        ] GC(2437) ParOldGen: 578418K(667648K)->578555K(667648K)
[665.455s][info][gc,metaspace   ] GC(2437) Metaspace: 19137K(19328K)->19137K(19328K) NonClass: 16471K(16576K)->16471K(16576K) Class: 2666K(2752K)->2666K(2752K)
[665.455s][info][gc             ] GC(2437) Pause Young (Allocation Failure) 674M->585M(869M) 22.791ms
[665.455s][info][gc,cpu         ] GC(2437) User=0.04s Sys=0.00s Real=0.02s
[665.672s][info][gc,start       ] GC(2438) Pause Young (Allocation Failure)
[665.694s][info][gc,heap        ] GC(2438) PSYoungGen: 132896K(222720K)->32K(222720K) Eden: 111616K(111616K)->0K(111616K) From: 21280K(111104K)->32K(111104K)
[665.694s][info][gc,heap        ] GC(2438) ParOldGen: 578555K(667648K)->599875K(667648K)
[665.694s][info][gc,metaspace   ] GC(2438) Metaspace: 19137K(19328K)->19137K(19328K) NonClass: 16471K(16576K)->16471K(16576K) Class: 2666K(2752K)->2666K(2752K)
[665.694s][info][gc             ] GC(2438) Pause Young (Allocation Failure) 694M->585M(869M) 22.411ms
[665.694s][info][gc,cpu         ] GC(2438) User=0.05s Sys=0.00s Real=0.02s
[665.909s][info][gc,start       ] GC(2439) Pause Young (Allocation Failure)
[665.911s][info][gc,heap        ] GC(2439) PSYoungGen: 111648K(222720K)->64K(222720K) Eden: 111616K(111616K)->0K(111616K) From: 32K(111104K)->64K(111104K)
[665.911s][info][gc,heap        ] GC(2439) ParOldGen: 599875K(667648K)->599875K(667648K)
[665.911s][info][gc,metaspace   ] GC(2439) Metaspace: 19137K(19328K)->19137K(19328K) NonClass: 16471K(16576K)->16471K(16576K) Class: 2666K(2752K)->2666K(2752K)
[665.911s][info][gc             ] GC(2439) Pause Young (Allocation Failure) 694M->585M(869M) 1.744ms
[665.911s][info][gc,cpu         ] GC(2439) User=0.00s Sys=0.00s Real=0.00s
[666.596s][info][gc,start       ] GC(2440) Pause Young (Allocation Failure)
[666.598s][info][gc,heap        ] GC(2440) PSYoungGen: 111680K(222720K)->484K(222720K) Eden: 111616K(111616K)->0K(111616K) From: 64K(111104K)->484K(111104K)
[666.598s][info][gc,heap        ] GC(2440) ParOldGen: 599875K(667648K)->599883K(667648K)
[666.598s][info][gc,metaspace   ] GC(2440) Metaspace: 19137K(19328K)->19137K(19328K) NonClass: 16471K(16576K)->16471K(16576K) Class: 2666K(2752K)->2666K(2752K)
[666.598s][info][gc             ] GC(2440) Pause Young (Allocation Failure) 694M->586M(869M) 2.536ms
[666.598s][info][gc,cpu         ] GC(2440) User=0.00s Sys=0.00s Real=0.01s
[667.142s][info][gc,start       ] GC(2441) Pause Young (Allocation Failure)
[667.146s][info][gc,heap        ] GC(2441) PSYoungGen: 112100K(222720K)->384K(215552K) Eden: 111616K(111616K)->0K(111616K) From: 484K(111104K)->384K(103936K)
[667.146s][info][gc,heap        ] GC(2441) ParOldGen: 599883K(667648K)->600327K(667648K)
[667.146s][info][gc,metaspace   ] GC(2441) Metaspace: 19137K(19328K)->19137K(19328K) NonClass: 16471K(16576K)->16471K(16576K) Class: 2666K(2752K)->2666K(2752K)
[667.146s][info][gc             ] GC(2441) Pause Young (Allocation Failure) 695M->586M(862M) 4.093ms
[667.146s][info][gc,cpu         ] GC(2441) User=0.01s Sys=0.00s Real=0.00s
[667.726s][info][gc,start       ] GC(2442) Pause Young (Allocation Failure)
[667.730s][info][gc,heap        ] GC(2442) PSYoungGen: 112000K(215552K)->1488K(113152K) Eden: 111616K(111616K)->0K(111616K) From: 384K(103936K)->1488K(1536K)
[667.730s][info][gc,heap        ] GC(2442) ParOldGen: 600327K(667648K)->600327K(667648K)
[667.730s][info][gc,metaspace   ] GC(2442) Metaspace: 19137K(19328K)->19137K(19328K) NonClass: 16471K(16576K)->16471K(16576K) Class: 2666K(2752K)->2666K(2752K)
[667.730s][info][gc             ] GC(2442) Pause Young (Allocation Failure) 695M->587M(762M) 4.599ms
[667.730s][info][gc,cpu         ] GC(2442) User=0.01s Sys=0.00s Real=0.01s
[668.015s][info][gc,start       ] GC(2443) Pause Young (Allocation Failure)
[668.020s][info][gc,heap        ] GC(2443) PSYoungGen: 112953K(113152K)->2154K(207360K) Eden: 111465K(111616K)->0K(113152K) From: 1488K(1536K)->2154K(94208K)
[668.020s][info][gc,heap        ] GC(2443) ParOldGen: 600327K(667648K)->600327K(667648K)
[668.020s][info][gc,metaspace   ] GC(2443) Metaspace: 19144K(19328K)->19144K(19328K) NonClass: 16478K(16576K)->16478K(16576K) Class: 2666K(2752K)->2666K(2752K)
[668.020s][info][gc             ] GC(2443) Pause Young (Allocation Failure) 696M->588M(854M) 4.750ms
[668.020s][info][gc,cpu         ] GC(2443) User=0.01s Sys=0.00s Real=0.01s
[668.278s][info][gc,start       ] GC(2444) Pause Young (Allocation Failure)
[668.283s][info][gc,heap        ] GC(2444) PSYoungGen: 115221K(207360K)->2105K(115712K) Eden: 113067K(113152K)->0K(113152K) From: 2154K(94208K)->2105K(2560K)
[668.283s][info][gc,heap        ] GC(2444) ParOldGen: 600327K(667648K)->600327K(667648K)
[668.283s][info][gc,metaspace   ] GC(2444) Metaspace: 19144K(19328K)->19144K(19328K) NonClass: 16478K(16576K)->16478K(16576K) Class: 2666K(2752K)->2666K(2752K)
[668.283s][info][gc             ] GC(2444) Pause Young (Allocation Failure) 698M->588M(765M) 5.040ms
[668.283s][info][gc,cpu         ] GC(2444) User=0.01s Sys=0.00s Real=0.00s
[668.543s][info][gc,start       ] GC(2445) Pause Young (Allocation Failure)
[668.552s][info][gc,heap        ] GC(2445) PSYoungGen: 115257K(115712K)->2204K(198656K) Eden: 113152K(113152K)->0K(114176K) From: 2105K(2560K)->2204K(84480K)
[668.552s][info][gc,heap        ] GC(2445) ParOldGen: 600327K(667648K)->600327K(667648K)
[668.552s][info][gc,metaspace   ] GC(2445) Metaspace: 19144K(19328K)->19144K(19328K) NonClass: 16478K(16576K)->16478K(16576K) Class: 2666K(2752K)->2666K(2752K)
[668.552s][info][gc             ] GC(2445) Pause Young (Allocation Failure) 698M->588M(846M) 8.785ms
[668.552s][info][gc,cpu         ] GC(2445) User=0.02s Sys=0.00s Real=0.01s
[668.673s][info][gc,start       ] GC(2446) Pause Young (Allocation Failure)
[668.708s][info][gc,heap        ] GC(2446) PSYoungGen: 116380K(198656K)->42720K(203264K) Eden: 114176K(114176K)->0K(114176K) From: 2204K(84480K)->42720K(89088K)
[668.708s][info][gc,heap        ] GC(2446) ParOldGen: 600327K(667648K)->600327K(667648K)
[668.708s][info][gc,metaspace   ] GC(2446) Metaspace: 19149K(19328K)->19149K(19328K) NonClass: 16483K(16576K)->16483K(16576K) Class: 2666K(2752K)->2666K(2752K)
[668.708s][info][gc             ] GC(2446) Pause Young (Allocation Failure) 699M->627M(850M) 35.818ms
[668.708s][info][gc,cpu         ] GC(2446) User=0.07s Sys=0.00s Real=0.04s
[668.802s][info][gc,start       ] GC(2447) Pause Young (Allocation Failure)
[668.876s][info][gc,heap        ] GC(2447) PSYoungGen: 156896K(203264K)->91632K(188416K) Eden: 114176K(114176K)->0K(96768K) From: 42720K(89088K)->91632K(91648K)
[668.876s][info][gc,heap        ] GC(2447) ParOldGen: 600327K(667648K)->601119K(667648K)
[668.876s][info][gc,metaspace   ] GC(2447) Metaspace: 19155K(19328K)->19155K(19328K) NonClass: 16489K(16576K)->16489K(16576K) Class: 2666K(2752K)->2666K(2752K)
[668.876s][info][gc             ] GC(2447) Pause Young (Allocation Failure) 739M->676M(836M) 73.938ms
[668.876s][info][gc,cpu         ] GC(2447) User=0.14s Sys=0.01s Real=0.07s
[668.973s][info][gc,start       ] GC(2448) Pause Young (Allocation Failure)
[669.055s][info][gc,heap        ] GC(2448) PSYoungGen: 188400K(188416K)->111088K(207872K) Eden: 96768K(96768K)->0K(96768K) From: 91632K(91648K)->111088K(111104K)
[669.055s][info][gc,heap        ] GC(2448) ParOldGen: 601119K(667648K)->609336K(667648K)
[669.055s][info][gc,metaspace   ] GC(2448) Metaspace: 19155K(19328K)->19155K(19328K) NonClass: 16489K(16576K)->16489K(16576K) Class: 2666K(2752K)->2666K(2752K)
[669.055s][info][gc             ] GC(2448) Pause Young (Allocation Failure) 771M->703M(855M) 81.696ms
[669.055s][info][gc,cpu         ] GC(2448) User=0.17s Sys=0.00s Real=0.08s
[669.290s][info][gc,start       ] GC(2449) Pause Young (Allocation Failure)
[669.403s][info][gc,heap        ] GC(2449) PSYoungGen: 207856K(207872K)->111072K(212992K) Eden: 96768K(96768K)->0K(101888K) From: 111088K(111104K)->111072K(111104K)
[669.403s][info][gc,heap        ] GC(2449) ParOldGen: 609336K(667648K)->637900K(667648K)
[669.403s][info][gc,metaspace   ] GC(2449) Metaspace: 19155K(19328K)->19155K(19328K) NonClass: 16489K(16576K)->16489K(16576K) Class: 2666K(2752K)->2666K(2752K)
[669.403s][info][gc             ] GC(2449) Pause Young (Allocation Failure) 798M->731M(860M) 112.575ms
[669.403s][info][gc,cpu         ] GC(2449) User=0.21s Sys=0.01s Real=0.11s
[669.607s][info][gc,start       ] GC(2450) Pause Full (Allocation Failure)
[669.607s][info][gc,phases,start] GC(2450) Marking Phase
[669.739s][info][gc,phases      ] GC(2450) Marking Phase 131.981ms
[669.739s][info][gc,phases,start] GC(2450) Summary Phase
[669.739s][info][gc,phases      ] GC(2450) Summary Phase 0.027ms
[669.739s][info][gc,phases,start] GC(2450) Forward
[669.779s][info][gc,phases      ] GC(2450) Forward 39.950ms
[669.779s][info][gc,phases,start] GC(2450) Adjust Pointers
[669.870s][info][gc,phases      ] GC(2450) Adjust Pointers 90.723ms
[669.870s][info][gc,phases,start] GC(2450) Compaction Phase
[669.933s][info][gc,phases      ] GC(2450) Compaction Phase 63.624ms
[669.935s][info][gc,phases,start] GC(2450) Post Compact
[669.938s][info][gc,phases      ] GC(2450) Post Compact 2.418ms
[669.948s][info][gc,heap        ] GC(2450) PSYoungGen: 212960K(212992K)->0K(212992K) Eden: 101888K(101888K)->0K(101888K) From: 111072K(111104K)->0K(111104K)
[669.948s][info][gc,heap        ] GC(2450) ParOldGen: 637900K(667648K)->216482K(534016K)
[669.948s][info][gc,metaspace   ] GC(2450) Metaspace: 19157K(19328K)->19157K(19328K) NonClass: 16490K(16576K)->16490K(16576K) Class: 2666K(2752K)->2666K(2752K)
[669.948s][info][gc             ] GC(2450) Pause Full (Allocation Failure) 830M->211M(729M) 341.789ms
[669.949s][info][gc,cpu         ] GC(2450) User=0.62s Sys=0.01s Real=0.35s
[670.074s][info][gc,start       ] GC(2451) Pause Young (Allocation Failure)
[670.113s][info][gc,heap        ] GC(2451) PSYoungGen: 101888K(212992K)->27680K(217088K) Eden: 101888K(101888K)->0K(107008K) From: 0K(111104K)->27680K(110080K)
[670.113s][info][gc,heap        ] GC(2451) ParOldGen: 216482K(534016K)->216482K(534016K)
[670.113s][info][gc,metaspace   ] GC(2451) Metaspace: 19157K(19328K)->19157K(19328K) NonClass: 16490K(16576K)->16490K(16576K) Class: 2666K(2752K)->2666K(2752K)
[670.113s][info][gc             ] GC(2451) Pause Young (Allocation Failure) 310M->238M(733M) 38.613ms
[670.113s][info][gc,cpu         ] GC(2451) User=0.08s Sys=0.00s Real=0.04s
[670.182s][info][gc,start       ] GC(2452) Pause Young (Allocation Failure)
[670.223s][info][gc,heap        ] GC(2452) PSYoungGen: 134688K(217088K)->33856K(218112K) Eden: 107008K(107008K)->0K(107008K) From: 27680K(110080K)->33856K(111104K)
[670.223s][info][gc,heap        ] GC(2452) ParOldGen: 216482K(534016K)->216482K(534016K)
[670.223s][info][gc,metaspace   ] GC(2452) Metaspace: 19157K(19328K)->19157K(19328K) NonClass: 16490K(16576K)->16490K(16576K) Class: 2666K(2752K)->2666K(2752K)
[670.223s][info][gc             ] GC(2452) Pause Young (Allocation Failure) 342M->244M(734M) 41.315ms
[670.223s][info][gc,cpu         ] GC(2452) User=0.08s Sys=0.00s Real=0.04s
[670.301s][info][gc,start       ] GC(2453) Pause Young (Allocation Failure)
[670.347s][info][gc,heap        ] GC(2453) PSYoungGen: 140864K(218112K)->10176K(222720K) Eden: 107008K(107008K)->0K(111616K) From: 33856K(111104K)->10176K(111104K)
[670.347s][info][gc,heap        ] GC(2453) ParOldGen: 216482K(534016K)->244178K(534016K)
[670.347s][info][gc,metaspace   ] GC(2453) Metaspace: 19157K(19328K)->19157K(19328K) NonClass: 16490K(16576K)->16490K(16576K) Class: 2666K(2752K)->2666K(2752K)
[670.347s][info][gc             ] GC(2453) Pause Young (Allocation Failure) 348M->248M(739M) 46.231ms
[670.347s][info][gc,cpu         ] GC(2453) User=0.10s Sys=0.00s Real=0.04s
[670.441s][info][gc,start       ] GC(2454) Pause Young (Allocation Failure)
[670.462s][info][gc,heap        ] GC(2454) PSYoungGen: 121792K(222720K)->8896K(222720K) Eden: 111616K(111616K)->0K(111616K) From: 10176K(111104K)->8896K(111104K)
[670.462s][info][gc,heap        ] GC(2454) ParOldGen: 244178K(534016K)->254362K(534016K)
[670.462s][info][gc,metaspace   ] GC(2454) Metaspace: 19157K(19328K)->19157K(19328K) NonClass: 16490K(16576K)->16490K(16576K) Class: 2666K(2752K)->2666K(2752K)
[670.462s][info][gc             ] GC(2454) Pause Young (Allocation Failure) 357M->257M(739M) 20.878ms
[670.462s][info][gc,cpu         ] GC(2454) User=0.04s Sys=0.00s Real=0.02s
[670.566s][info][gc,start       ] GC(2455) Pause Young (Allocation Failure)
[670.578s][info][gc,heap        ] GC(2455) PSYoungGen: 120512K(222720K)->256K(222720K) Eden: 111616K(111616K)->0K(111616K) From: 8896K(111104K)->256K(111104K)
[670.578s][info][gc,heap        ] GC(2455) ParOldGen: 254362K(534016K)->263234K(534016K)
[670.578s][info][gc,metaspace   ] GC(2455) Metaspace: 19157K(19328K)->19157K(19328K) NonClass: 16490K(16576K)->16490K(16576K) Class: 2666K(2752K)->2666K(2752K)
[670.578s][info][gc             ] GC(2455) Pause Young (Allocation Failure) 366M->257M(739M) 12.202ms
[670.578s][info][gc,cpu         ] GC(2455) User=0.02s Sys=0.00s Real=0.02s
[670.666s][info][gc,start       ] GC(2456) Pause Young (Allocation Failure)
[670.668s][info][gc,heap        ] GC(2456) PSYoungGen: 111872K(222720K)->64K(222720K) Eden: 111616K(111616K)->0K(111616K) From: 256K(111104K)->64K(111104K)
[670.668s][info][gc,heap        ] GC(2456) ParOldGen: 263234K(534016K)->263466K(534016K)
[670.668s][info][gc,metaspace   ] GC(2456) Metaspace: 19157K(19328K)->19157K(19328K) NonClass: 16490K(16576K)->16490K(16576K) Class: 2666K(2752K)->2666K(2752K)
[670.668s][info][gc             ] GC(2456) Pause Young (Allocation Failure) 366M->257M(739M) 2.794ms
[670.668s][info][gc,cpu         ] GC(2456) User=0.00s Sys=0.00s Real=0.01s
[670.756s][info][gc,start       ] GC(2457) Pause Young (Allocation Failure)
[670.780s][info][gc,heap        ] GC(2457) PSYoungGen: 111680K(222720K)->22272K(222720K) Eden: 111616K(111616K)->0K(111616K) From: 64K(111104K)->22272K(111104K)
[670.780s][info][gc,heap        ] GC(2457) ParOldGen: 263466K(534016K)->263482K(534016K)
[670.780s][info][gc,metaspace   ] GC(2457) Metaspace: 19157K(19328K)->19157K(19328K) NonClass: 16490K(16576K)->16490K(16576K) Class: 2666K(2752K)->2666K(2752K)
[670.780s][info][gc             ] GC(2457) Pause Young (Allocation Failure) 366M->279M(739M) 23.858ms
[670.780s][info][gc,cpu         ] GC(2457) User=0.05s Sys=0.00s Real=0.03s
[670.852s][info][gc,start       ] GC(2458) Pause Young (Allocation Failure)
[670.890s][info][gc,heap        ] GC(2458) PSYoungGen: 133888K(222720K)->19728K(222720K) Eden: 111616K(111616K)->0K(111616K) From: 22272K(111104K)->19728K(111104K)
[670.890s][info][gc,heap        ] GC(2458) ParOldGen: 263482K(534016K)->285802K(534016K)
[670.890s][info][gc,metaspace   ] GC(2458) Metaspace: 19157K(19328K)->19157K(19328K) NonClass: 16490K(16576K)->16490K(16576K) Class: 2666K(2752K)->2666K(2752K)
[670.890s][info][gc             ] GC(2458) Pause Young (Allocation Failure) 388M->298M(739M) 38.321ms
[670.890s][info][gc,cpu         ] GC(2458) User=0.08s Sys=0.00s Real=0.04s
[671.019s][info][gc,start       ] GC(2459) Pause Young (Allocation Failure)
[671.055s][info][gc,heap        ] GC(2459) PSYoungGen: 131344K(222720K)->22243K(212480K) Eden: 111616K(111616K)->0K(111616K) From: 19728K(111104K)->22243K(100864K)
[671.055s][info][gc,heap        ] GC(2459) ParOldGen: 285802K(534016K)->305662K(534016K)
[671.055s][info][gc,metaspace   ] GC(2459) Metaspace: 19157K(19328K)->19157K(19328K) NonClass: 16490K(16576K)->16490K(16576K) Class: 2666K(2752K)->2666K(2752K)
[671.055s][info][gc             ] GC(2459) Pause Young (Allocation Failure) 407M->320M(729M) 35.773ms
[671.055s][info][gc,cpu         ] GC(2459) User=0.07s Sys=0.00s Real=0.03s
[671.139s][info][gc,start       ] GC(2460) Pause Young (Allocation Failure)
[671.172s][info][gc,heap        ] GC(2460) PSYoungGen: 133859K(212480K)->32835K(217600K) Eden: 111616K(111616K)->0K(111616K) From: 22243K(100864K)->32835K(105984K)
[671.172s][info][gc,heap        ] GC(2460) ParOldGen: 305662K(534016K)->305662K(534016K)
[671.172s][info][gc,metaspace   ] GC(2460) Metaspace: 19157K(19328K)->19157K(19328K) NonClass: 16490K(16576K)->16490K(16576K) Class: 2666K(2752K)->2666K(2752K)
[671.172s][info][gc             ] GC(2460) Pause Young (Allocation Failure) 429M->330M(734M) 33.253ms
[671.172s][info][gc,cpu         ] GC(2460) User=0.07s Sys=0.00s Real=0.03s
[671.242s][info][gc,start       ] GC(2461) Pause Young (Allocation Failure)
[671.281s][info][gc,heap        ] GC(2461) PSYoungGen: 144451K(217600K)->37219K(211456K) Eden: 111616K(111616K)->0K(118272K) From: 32835K(105984K)->37219K(93184K)
[671.281s][info][gc,heap        ] GC(2461) ParOldGen: 305662K(534016K)->305662K(534016K)
[671.281s][info][gc,metaspace   ] GC(2461) Metaspace: 19157K(19328K)->19157K(19328K) NonClass: 16490K(16576K)->16490K(16576K) Class: 2666K(2752K)->2666K(2752K)
[671.281s][info][gc             ] GC(2461) Pause Young (Allocation Failure) 439M->334M(728M) 39.311ms
[671.281s][info][gc,cpu         ] GC(2461) User=0.08s Sys=0.00s Real=0.04s
[671.412s][info][gc,start       ] GC(2462) Pause Young (Allocation Failure)
[671.451s][info][gc,heap        ] GC(2462) PSYoungGen: 155491K(211456K)->38339K(214528K) Eden: 118272K(118272K)->0K(118272K) From: 37219K(93184K)->38339K(96256K)
[671.451s][info][gc,heap        ] GC(2462) ParOldGen: 305662K(534016K)->305662K(534016K)
[671.451s][info][gc,metaspace   ] GC(2462) Metaspace: 19157K(19328K)->19157K(19328K) NonClass: 16490K(16576K)->16490K(16576K) Class: 2666K(2752K)->2666K(2752K)
[671.452s][info][gc             ] GC(2462) Pause Young (Allocation Failure) 450M->335M(731M) 39.282ms
[671.452s][info][gc,cpu         ] GC(2462) User=0.08s Sys=0.00s Real=0.04s
[671.757s][info][gc,start       ] GC(2463) Pause Young (Allocation Failure)
[671.798s][info][gc,heap        ] GC(2463) PSYoungGen: 156611K(214528K)->39747K(211456K) Eden: 118272K(118272K)->0K(124416K) From: 38339K(96256K)->39747K(87040K)
[671.798s][info][gc,heap        ] GC(2463) ParOldGen: 305662K(534016K)->305662K(534016K)
[671.798s][info][gc,metaspace   ] GC(2463) Metaspace: 19157K(19328K)->19157K(19328K) NonClass: 16490K(16576K)->16490K(16576K) Class: 2666K(2752K)->2666K(2752K)
[671.798s][info][gc             ] GC(2463) Pause Young (Allocation Failure) 451M->337M(728M) 40.656ms
[671.798s][info][gc,cpu         ] GC(2463) User=0.07s Sys=0.00s Real=0.05s
[672.029s][info][gc,start       ] GC(2464) Pause Young (Allocation Failure)
[672.081s][info][gc,heap        ] GC(2464) PSYoungGen: 164163K(211456K)->52131K(214528K) Eden: 124416K(124416K)->0K(124416K) From: 39747K(87040K)->52131K(90112K)
[672.081s][info][gc,heap        ] GC(2464) ParOldGen: 305662K(534016K)->305662K(534016K)
[672.081s][info][gc,metaspace   ] GC(2464) Metaspace: 19157K(19328K)->19157K(19328K) NonClass: 16490K(16576K)->16490K(16576K) Class: 2666K(2752K)->2666K(2752K)
[672.081s][info][gc             ] GC(2464) Pause Young (Allocation Failure) 458M->349M(731M) 52.314ms
[672.081s][info][gc,cpu         ] GC(2464) User=0.11s Sys=0.00s Real=0.05s
[672.210s][info][gc,start       ] GC(2465) Pause Young (Allocation Failure)
[672.311s][info][gc,heap        ] GC(2465) PSYoungGen: 176547K(214528K)->92131K(203776K) Eden: 124416K(124416K)->0K(111616K) From: 52131K(90112K)->92131K(92160K)
[672.312s][info][gc,heap        ] GC(2465) ParOldGen: 305662K(534016K)->313766K(534016K)
[672.312s][info][gc,metaspace   ] GC(2465) Metaspace: 19157K(19328K)->19157K(19328K) NonClass: 16490K(16576K)->16490K(16576K) Class: 2666K(2752K)->2666K(2752K)
[672.312s][info][gc             ] GC(2465) Pause Young (Allocation Failure) 470M->396M(720M) 101.259ms
[672.312s][info][gc,cpu         ] GC(2465) User=0.20s Sys=0.00s Real=0.10s
[672.468s][info][gc,start       ] GC(2466) Pause Young (Allocation Failure)
[672.574s][info][gc,heap        ] GC(2466) PSYoungGen: 203747K(203776K)->79728K(222720K) Eden: 111616K(111616K)->0K(111616K) From: 92131K(92160K)->79728K(111104K)
[672.574s][info][gc,heap        ] GC(2466) ParOldGen: 313766K(534016K)->343857K(534016K)
[672.574s][info][gc,metaspace   ] GC(2466) Metaspace: 19157K(19328K)->19157K(19328K) NonClass: 16490K(16576K)->16490K(16576K) Class: 2666K(2752K)->2666K(2752K)
[672.574s][info][gc             ] GC(2466) Pause Young (Allocation Failure) 505M->413M(739M) 106.368ms
[672.574s][info][gc,cpu         ] GC(2466) User=0.22s Sys=0.00s Real=0.10s
[672.667s][info][gc,start       ] GC(2467) Pause Young (Allocation Failure)
[672.742s][info][gc,heap        ] GC(2467) PSYoungGen: 191344K(222720K)->77712K(222720K) Eden: 111616K(111616K)->0K(111616K) From: 79728K(111104K)->77712K(111104K)
[672.742s][info][gc,heap        ] GC(2467) ParOldGen: 343857K(534016K)->348921K(534016K)
[672.742s][info][gc,metaspace   ] GC(2467) Metaspace: 19157K(19328K)->19157K(19328K) NonClass: 16490K(16576K)->16490K(16576K) Class: 2666K(2752K)->2666K(2752K)
[672.742s][info][gc             ] GC(2467) Pause Young (Allocation Failure) 522M->416M(739M) 75.103ms
[672.742s][info][gc,cpu         ] GC(2467) User=0.15s Sys=0.00s Real=0.08s
[672.868s][info][gc,start       ] GC(2468) Pause Young (Allocation Failure)
[672.936s][info][gc,heap        ] GC(2468) PSYoungGen: 189328K(222720K)->65184K(222720K) Eden: 111616K(111616K)->0K(111616K) From: 77712K(111104K)->65184K(111104K)
[672.937s][info][gc,heap        ] GC(2468) ParOldGen: 348921K(534016K)->362574K(534016K)
[672.937s][info][gc,metaspace   ] GC(2468) Metaspace: 19157K(19328K)->19157K(19328K) NonClass: 16490K(16576K)->16490K(16576K) Class: 2666K(2752K)->2666K(2752K)
[672.937s][info][gc             ] GC(2468) Pause Young (Allocation Failure) 525M->417M(739M) 68.788ms
[672.937s][info][gc,cpu         ] GC(2468) User=0.14s Sys=0.00s Real=0.06s
[673.128s][info][gc,start       ] GC(2469) Pause Young (Allocation Failure)
[673.187s][info][gc,heap        ] GC(2469) PSYoungGen: 176800K(222720K)->5248K(222720K) Eden: 111616K(111616K)->0K(111616K) From: 65184K(111104K)->5248K(111104K)
[673.187s][info][gc,heap        ] GC(2469) ParOldGen: 362574K(534016K)->423755K(534016K)
[673.187s][info][gc,metaspace   ] GC(2469) Metaspace: 19157K(19328K)->19157K(19328K) NonClass: 16490K(16576K)->16490K(16576K) Class: 2666K(2752K)->2666K(2752K)
[673.187s][info][gc             ] GC(2469) Pause Young (Allocation Failure) 526M->418M(739M) 59.384ms
[673.187s][info][gc,cpu         ] GC(2469) User=0.12s Sys=0.00s Real=0.05s
[673.458s][info][gc,start       ] GC(2470) Pause Young (Allocation Failure)
[673.467s][info][gc,heap        ] GC(2470) PSYoungGen: 116864K(222720K)->1088K(222720K) Eden: 111616K(111616K)->0K(111616K) From: 5248K(111104K)->1088K(111104K)
[673.467s][info][gc,heap        ] GC(2470) ParOldGen: 423755K(534016K)->428043K(534016K)
[673.467s][info][gc,metaspace   ] GC(2470) Metaspace: 19157K(19328K)->19157K(19328K) NonClass: 16490K(16576K)->16490K(16576K) Class: 2666K(2752K)->2666K(2752K)
[673.467s][info][gc             ] GC(2470) Pause Young (Allocation Failure) 527M->419M(739M) 8.867ms
[673.467s][info][gc,cpu         ] GC(2470) User=0.02s Sys=0.00s Real=0.01s
[673.608s][info][gc,start       ] GC(2471) Pause Young (Allocation Failure)
[673.656s][info][gc,heap        ] GC(2471) PSYoungGen: 112704K(222720K)->48512K(222720K) Eden: 111616K(111616K)->0K(111616K) From: 1088K(111104K)->48512K(111104K)
[673.656s][info][gc,heap        ] GC(2471) ParOldGen: 428043K(534016K)->429115K(534016K)
[673.656s][info][gc,metaspace   ] GC(2471) Metaspace: 19157K(19328K)->19157K(19328K) NonClass: 16491K(16576K)->16491K(16576K) Class: 2666K(2752K)->2666K(2752K)
[673.656s][info][gc             ] GC(2471) Pause Young (Allocation Failure) 528M->466M(739M) 47.464ms
[673.656s][info][gc,cpu         ] GC(2471) User=0.09s Sys=0.00s Real=0.04s
[673.708s][info][gc,start       ] GC(2472) Pause Young (Allocation Failure)
[673.820s][info][gc,heap        ] GC(2472) PSYoungGen: 160128K(222720K)->75587K(222720K) Eden: 111616K(111616K)->0K(111616K) From: 48512K(111104K)->75587K(111104K)
[673.820s][info][gc,heap        ] GC(2472) ParOldGen: 429115K(534016K)->477772K(534016K)
[673.820s][info][gc,metaspace   ] GC(2472) Metaspace: 19157K(19328K)->19157K(19328K) NonClass: 16491K(16576K)->16491K(16576K) Class: 2666K(2752K)->2666K(2752K)
[673.820s][info][gc             ] GC(2472) Pause Young (Allocation Failure) 575M->540M(739M) 111.473ms
[673.820s][info][gc,cpu         ] GC(2472) User=0.23s Sys=0.01s Real=0.11s
[673.931s][info][gc,start       ] GC(2473) Pause Young (Allocation Failure)
[674.049s][info][gc,heap        ] GC(2473) PSYoungGen: 187203K(222720K)->42068K(222720K) Eden: 111616K(111616K)->0K(111616K) From: 75587K(111104K)->42068K(111104K)
[674.049s][info][gc,heap        ] GC(2473) ParOldGen: 477772K(534016K)->553754K(553984K)
[674.049s][info][gc,metaspace   ] GC(2473) Metaspace: 19157K(19328K)->19157K(19328K) NonClass: 16491K(16576K)->16491K(16576K) Class: 2666K(2752K)->2666K(2752K)
[674.049s][info][gc             ] GC(2473) Pause Young (Allocation Failure) 649M->581M(758M) 118.557ms
[674.049s][info][gc,cpu         ] GC(2473) User=0.22s Sys=0.01s Real=0.12s
[674.141s][info][gc,start       ] GC(2474) Pause Young (Allocation Failure)
[674.210s][info][gc,heap        ] GC(2474) PSYoungGen: 153684K(222720K)->3632K(222720K) Eden: 111616K(111616K)->0K(111616K) From: 42068K(111104K)->3632K(111104K)
[674.210s][info][gc,heap        ] GC(2474) ParOldGen: 553754K(553984K)->595907K(595968K)
[674.210s][info][gc,metaspace   ] GC(2474) Metaspace: 19159K(19328K)->19159K(19328K) NonClass: 16493K(16576K)->16493K(16576K) Class: 2666K(2752K)->2666K(2752K)
[674.210s][info][gc             ] GC(2474) Pause Young (Allocation Failure) 690M->585M(799M) 69.293ms
[674.210s][info][gc,cpu         ] GC(2474) User=0.10s Sys=0.03s Real=0.07s
[674.284s][info][gc,start       ] GC(2475) Pause Full (Allocation Failure)
[674.284s][info][gc,phases,start] GC(2475) Marking Phase
[674.343s][info][gc,phases      ] GC(2475) Marking Phase 58.996ms
[674.343s][info][gc,phases,start] GC(2475) Summary Phase
[674.343s][info][gc,phases      ] GC(2475) Summary Phase 0.026ms
[674.343s][info][gc,phases,start] GC(2475) Forward
[674.363s][info][gc,phases      ] GC(2475) Forward 19.878ms
[674.363s][info][gc,phases,start] GC(2475) Adjust Pointers
[674.405s][info][gc,phases      ] GC(2475) Adjust Pointers 42.351ms
[674.405s][info][gc,phases,start] GC(2475) Compaction Phase
[674.426s][info][gc,phases      ] GC(2475) Compaction Phase 20.667ms
[674.428s][info][gc,phases,start] GC(2475) Post Compact
[674.430s][info][gc,phases      ] GC(2475) Post Compact 2.070ms
[674.444s][info][gc,heap        ] GC(2475) PSYoungGen: 115248K(222720K)->0K(222720K) Eden: 111616K(111616K)->0K(111616K) From: 3632K(111104K)->0K(111104K)
[674.444s][info][gc,heap        ] GC(2475) ParOldGen: 595907K(595968K)->96150K(448512K)
[674.444s][info][gc,metaspace   ] GC(2475) Metaspace: 19159K(19328K)->19159K(19328K) NonClass: 16493K(16576K)->16493K(16576K) Class: 2666K(2752K)->2666K(2752K)
[674.444s][info][gc             ] GC(2475) Pause Full (Allocation Failure) 694M->93M(655M) 160.268ms
[674.444s][info][gc,cpu         ] GC(2475) User=0.25s Sys=0.02s Real=0.16s
[674.535s][info][gc,start       ] GC(2476) Pause Young (Allocation Failure)
[674.545s][info][gc,heap        ] GC(2476) PSYoungGen: 111616K(222720K)->9851K(222720K) Eden: 111616K(111616K)->0K(111616K) From: 0K(111104K)->9851K(111104K)
[674.545s][info][gc,heap        ] GC(2476) ParOldGen: 96150K(448512K)->96150K(448512K)
[674.545s][info][gc,metaspace   ] GC(2476) Metaspace: 19160K(19328K)->19160K(19328K) NonClass: 16494K(16576K)->16494K(16576K) Class: 2666K(2752K)->2666K(2752K)
[674.545s][info][gc             ] GC(2476) Pause Young (Allocation Failure) 202M->103M(655M) 9.349ms
[674.545s][info][gc,cpu         ] GC(2476) User=0.02s Sys=0.00s Real=0.01s
[674.661s][info][gc,start       ] GC(2477) Pause Young (Allocation Failure)
[674.688s][info][gc,heap        ] GC(2477) PSYoungGen: 121467K(222720K)->24608K(215552K) Eden: 111616K(111616K)->0K(111616K) From: 9851K(111104K)->24608K(103936K)
[674.688s][info][gc,heap        ] GC(2477) ParOldGen: 96150K(448512K)->106025K(448512K)
[674.688s][info][gc,metaspace   ] GC(2477) Metaspace: 19160K(19328K)->19160K(19328K) NonClass: 16494K(16576K)->16494K(16576K) Class: 2666K(2752K)->2666K(2752K)
[674.688s][info][gc             ] GC(2477) Pause Young (Allocation Failure) 212M->127M(648M) 27.069ms
[674.688s][info][gc,cpu         ] GC(2477) User=0.06s Sys=0.00s Real=0.03s
[674.747s][info][gc,start       ] GC(2478) Pause Young (Allocation Failure)
[674.807s][info][gc,heap        ] GC(2478) PSYoungGen: 136224K(215552K)->63104K(219136K) Eden: 111616K(111616K)->0K(111616K) From: 24608K(103936K)->63104K(107520K)
[674.807s][info][gc,heap        ] GC(2478) ParOldGen: 106025K(448512K)->106025K(448512K)
[674.807s][info][gc,metaspace   ] GC(2478) Metaspace: 19160K(19328K)->19160K(19328K) NonClass: 16494K(16576K)->16494K(16576K) Class: 2666K(2752K)->2666K(2752K)
[674.807s][info][gc             ] GC(2478) Pause Young (Allocation Failure) 236M->165M(652M) 59.885ms
[674.807s][info][gc,cpu         ] GC(2478) User=0.09s Sys=0.00s Real=0.06s
[674.972s][info][gc,start       ] GC(2479) Pause Young (Allocation Failure)
[675.017s][info][gc,heap        ] GC(2479) PSYoungGen: 174720K(219136K)->69680K(221696K) Eden: 111616K(111616K)->0K(111616K) From: 63104K(107520K)->69680K(110080K)
[675.017s][info][gc,heap        ] GC(2479) ParOldGen: 106025K(448512K)->106025K(448512K)
[675.017s][info][gc,metaspace   ] GC(2479) Metaspace: 19160K(19328K)->19160K(19328K) NonClass: 16494K(16576K)->16494K(16576K) Class: 2666K(2752K)->2666K(2752K)
[675.017s][info][gc             ] GC(2479) Pause Young (Allocation Failure) 274M->171M(654M) 45.334ms
[675.017s][info][gc,cpu         ] GC(2479) User=0.08s Sys=0.00s Real=0.04s
[675.108s][info][gc,start       ] GC(2480) Pause Young (Allocation Failure)
[675.177s][info][gc,heap        ] GC(2480) PSYoungGen: 181296K(221696K)->30560K(142336K) Eden: 111616K(111616K)->0K(111616K) From: 69680K(110080K)->30560K(30720K)
[675.177s][info][gc,heap        ] GC(2480) ParOldGen: 106025K(448512K)->169809K(448512K)
[675.177s][info][gc,metaspace   ] GC(2480) Metaspace: 19160K(19328K)->19160K(19328K) NonClass: 16494K(16576K)->16494K(16576K) Class: 2666K(2752K)->2666K(2752K)
[675.177s][info][gc             ] GC(2480) Pause Young (Allocation Failure) 280M->195M(577M) 69.050ms
[675.177s][info][gc,cpu         ] GC(2480) User=0.14s Sys=0.00s Real=0.06s
[675.267s][info][gc,start       ] GC(2481) Pause Young (Allocation Failure)
[675.359s][info][gc,heap        ] GC(2481) PSYoungGen: 142176K(142336K)->89329K(219648K) Eden: 111616K(111616K)->0K(110592K) From: 30560K(30720K)->89329K(109056K)
[675.359s][info][gc,heap        ] GC(2481) ParOldGen: 169809K(448512K)->169809K(448512K)
[675.359s][info][gc,metaspace   ] GC(2481) Metaspace: 19160K(19328K)->19160K(19328K) NonClass: 16494K(16576K)->16494K(16576K) Class: 2666K(2752K)->2666K(2752K)
[675.359s][info][gc             ] GC(2481) Pause Young (Allocation Failure) 304M->253M(652M) 91.599ms
[675.359s][info][gc,cpu         ] GC(2481) User=0.18s Sys=0.00s Real=0.09s
[675.415s][info][gc,start       ] GC(2482) Pause Young (Allocation Failure)
[675.531s][info][gc,heap        ] GC(2482) PSYoungGen: 199921K(219648K)->96641K(221696K) Eden: 110592K(110592K)->0K(110592K) From: 89329K(109056K)->96641K(111104K)
[675.531s][info][gc,heap        ] GC(2482) ParOldGen: 169809K(448512K)->200473K(448512K)
[675.531s][info][gc,metaspace   ] GC(2482) Metaspace: 19160K(19328K)->19160K(19328K) NonClass: 16494K(16576K)->16494K(16576K) Class: 2666K(2752K)->2666K(2752K)
[675.531s][info][gc             ] GC(2482) Pause Young (Allocation Failure) 361M->290M(654M) 116.513ms
[675.531s][info][gc,cpu         ] GC(2482) User=0.23s Sys=0.00s Real=0.12s
[675.640s][info][gc,start       ] GC(2483) Pause Young (Allocation Failure)
[675.750s][info][gc,heap        ] GC(2483) PSYoungGen: 207233K(221696K)->31808K(222720K) Eden: 110592K(110592K)->0K(111616K) From: 96641K(111104K)->31808K(111104K)
[675.750s][info][gc,heap        ] GC(2483) ParOldGen: 200473K(448512K)->297760K(448512K)
[675.750s][info][gc,metaspace   ] GC(2483) Metaspace: 19160K(19328K)->19160K(19328K) NonClass: 16494K(16576K)->16494K(16576K) Class: 2666K(2752K)->2666K(2752K)
[675.750s][info][gc             ] GC(2483) Pause Young (Allocation Failure) 398M->321M(655M) 109.793ms
[675.750s][info][gc,cpu         ] GC(2483) User=0.22s Sys=0.00s Real=0.11s
[675.828s][info][gc,start       ] GC(2484) Pause Young (Allocation Failure)
[675.873s][info][gc,heap        ] GC(2484) PSYoungGen: 143424K(222720K)->13312K(222720K) Eden: 111616K(111616K)->0K(111616K) From: 31808K(111104K)->13312K(111104K)
[675.873s][info][gc,heap        ] GC(2484) ParOldGen: 297760K(448512K)->329696K(448512K)
[675.873s][info][gc,metaspace   ] GC(2484) Metaspace: 19160K(19328K)->19160K(19328K) NonClass: 16494K(16576K)->16494K(16576K) Class: 2666K(2752K)->2666K(2752K)
[675.873s][info][gc             ] GC(2484) Pause Young (Allocation Failure) 430M->334M(655M) 45.297ms
[675.873s][info][gc,cpu         ] GC(2484) User=0.09s Sys=0.00s Real=0.04s
[675.949s][info][gc,start       ] GC(2485) Pause Young (Allocation Failure)
[675.975s][info][gc,heap        ] GC(2485) PSYoungGen: 124928K(222720K)->4384K(222720K) Eden: 111616K(111616K)->0K(111616K) From: 13312K(111104K)->4384K(111104K)
[675.976s][info][gc,heap        ] GC(2485) ParOldGen: 329696K(448512K)->343008K(448512K)
[675.976s][info][gc,metaspace   ] GC(2485) Metaspace: 19160K(19328K)->19160K(19328K) NonClass: 16494K(16576K)->16494K(16576K) Class: 2666K(2752K)->2666K(2752K)
[675.976s][info][gc             ] GC(2485) Pause Young (Allocation Failure) 443M->339M(655M) 26.621ms
[675.976s][info][gc,cpu         ] GC(2485) User=0.05s Sys=0.00s Real=0.02s
[676.066s][info][gc,start       ] GC(2486) Pause Young (Allocation Failure)
[676.102s][info][gc,heap        ] GC(2486) PSYoungGen: 116000K(222720K)->17345K(222720K) Eden: 111616K(111616K)->0K(111616K) From: 4384K(111104K)->17345K(111104K)
[676.102s][info][gc,heap        ] GC(2486) ParOldGen: 343008K(448512K)->347392K(448512K)
[676.102s][info][gc,metaspace   ] GC(2486) Metaspace: 19160K(19328K)->19160K(19328K) NonClass: 16494K(16576K)->16494K(16576K) Class: 2666K(2752K)->2666K(2752K)
[676.102s][info][gc             ] GC(2486) Pause Young (Allocation Failure) 448M->356M(655M) 35.806ms
[676.102s][info][gc,cpu         ] GC(2486) User=0.07s Sys=0.00s Real=0.04s
[676.195s][info][gc,start       ] GC(2487) Pause Young (Allocation Failure)
[676.234s][info][gc,heap        ] GC(2487) PSYoungGen: 128961K(222720K)->10080K(222720K) Eden: 111616K(111616K)->0K(111616K) From: 17345K(111104K)->10080K(111104K)
[676.234s][info][gc,heap        ] GC(2487) ParOldGen: 347392K(448512K)->364725K(448512K)
[676.234s][info][gc,metaspace   ] GC(2487) Metaspace: 19160K(19328K)->19160K(19328K) NonClass: 16494K(16576K)->16494K(16576K) Class: 2666K(2752K)->2666K(2752K)
[676.234s][info][gc             ] GC(2487) Pause Young (Allocation Failure) 465M->366M(655M) 39.220ms
[676.234s][info][gc,cpu         ] GC(2487) User=0.07s Sys=0.00s Real=0.04s
[676.315s][info][gc,start       ] GC(2488) Pause Young (Allocation Failure)
[676.343s][info][gc,heap        ] GC(2488) PSYoungGen: 121696K(222720K)->13888K(222720K) Eden: 111616K(111616K)->0K(111616K) From: 10080K(111104K)->13888K(111104K)
[676.343s][info][gc,heap        ] GC(2488) ParOldGen: 364725K(448512K)->374805K(448512K)
[676.343s][info][gc,metaspace   ] GC(2488) Metaspace: 19160K(19328K)->19160K(19328K) NonClass: 16494K(16576K)->16494K(16576K) Class: 2666K(2752K)->2666K(2752K)
[676.343s][info][gc             ] GC(2488) Pause Young (Allocation Failure) 475M->379M(655M) 27.403ms
[676.343s][info][gc,cpu         ] GC(2488) User=0.05s Sys=0.00s Real=0.03s
[676.446s][info][gc,start       ] GC(2489) Pause Young (Allocation Failure)
[676.475s][info][gc,heap        ] GC(2489) PSYoungGen: 125504K(222720K)->12128K(216576K) Eden: 111616K(111616K)->0K(111616K) From: 13888K(111104K)->12128K(104960K)
[676.475s][info][gc,heap        ] GC(2489) ParOldGen: 374805K(448512K)->388709K(448512K)
[676.475s][info][gc,metaspace   ] GC(2489) Metaspace: 19160K(19328K)->19160K(19328K) NonClass: 16494K(16576K)->16494K(16576K) Class: 2666K(2752K)->2666K(2752K)
[676.475s][info][gc             ] GC(2489) Pause Young (Allocation Failure) 488M->391M(649M) 28.324ms
[676.475s][info][gc,cpu         ] GC(2489) User=0.06s Sys=0.00s Real=0.03s
[676.544s][info][gc,start       ] GC(2490) Pause Young (Allocation Failure)
[676.564s][info][gc,heap        ] GC(2490) PSYoungGen: 123744K(216576K)->19520K(219648K) Eden: 111616K(111616K)->0K(111616K) From: 12128K(104960K)->19520K(108032K)
[676.564s][info][gc,heap        ] GC(2490) ParOldGen: 388709K(448512K)->388709K(448512K)
[676.564s][info][gc,metaspace   ] GC(2490) Metaspace: 19160K(19328K)->19160K(19328K) NonClass: 16494K(16576K)->16494K(16576K) Class: 2666K(2752K)->2666K(2752K)
[676.564s][info][gc             ] GC(2490) Pause Young (Allocation Failure) 500M->398M(652M) 20.030ms
[676.564s][info][gc,cpu         ] GC(2490) User=0.04s Sys=0.00s Real=0.02s
[676.640s][info][gc,start       ] GC(2491) Pause Young (Allocation Failure)
[676.678s][info][gc,heap        ] GC(2491) PSYoungGen: 131136K(219648K)->33792K(210944K) Eden: 111616K(111616K)->0K(119808K) From: 19520K(108032K)->33792K(91136K)
[676.678s][info][gc,heap        ] GC(2491) ParOldGen: 388709K(448512K)->388709K(448512K)
[676.678s][info][gc,metaspace   ] GC(2491) Metaspace: 19160K(19328K)->19160K(19328K) NonClass: 16494K(16576K)->16494K(16576K) Class: 2666K(2752K)->2666K(2752K)
[676.678s][info][gc             ] GC(2491) Pause Young (Allocation Failure) 507M->412M(644M) 38.392ms
[676.678s][info][gc,cpu         ] GC(2491) User=0.07s Sys=0.00s Real=0.04s
[676.811s][info][gc,start       ] GC(2492) Pause Young (Allocation Failure)
[676.852s][info][gc,heap        ] GC(2492) PSYoungGen: 153600K(210944K)->36992K(216576K) Eden: 119808K(119808K)->0K(119808K) From: 33792K(91136K)->36992K(96768K)
[676.852s][info][gc,heap        ] GC(2492) ParOldGen: 388709K(448512K)->388709K(448512K)
[676.852s][info][gc,metaspace   ] GC(2492) Metaspace: 19160K(19328K)->19160K(19328K) NonClass: 16494K(16576K)->16494K(16576K) Class: 2666K(2752K)->2666K(2752K)
[676.852s][info][gc             ] GC(2492) Pause Young (Allocation Failure) 529M->415M(649M) 40.811ms
[676.852s][info][gc,cpu         ] GC(2492) User=0.08s Sys=0.00s Real=0.04s
[677.054s][info][gc,start       ] GC(2493) Pause Young (Allocation Failure)
[677.105s][info][gc,heap        ] GC(2493) PSYoungGen: 156800K(216576K)->51456K(220160K) Eden: 119808K(119808K)->0K(127488K) From: 36992K(96768K)->51456K(92672K)
[677.105s][info][gc,heap        ] GC(2493) ParOldGen: 388709K(448512K)->388709K(448512K)
[677.105s][info][gc,metaspace   ] GC(2493) Metaspace: 19160K(19328K)->19160K(19328K) NonClass: 16494K(16576K)->16494K(16576K) Class: 2666K(2752K)->2666K(2752K)
[677.105s][info][gc             ] GC(2493) Pause Young (Allocation Failure) 532M->429M(653M) 50.815ms
[677.105s][info][gc,cpu         ] GC(2493) User=0.10s Sys=0.00s Real=0.05s
[677.409s][info][gc,start       ] GC(2494) Pause Young (Allocation Failure)
[677.468s][info][gc,heap        ] GC(2494) PSYoungGen: 178944K(220160K)->58432K(221184K) Eden: 127488K(127488K)->0K(127488K) From: 51456K(92672K)->58432K(93696K)
[677.468s][info][gc,heap        ] GC(2494) ParOldGen: 388709K(448512K)->388709K(448512K)
[677.468s][info][gc,metaspace   ] GC(2494) Metaspace: 19160K(19328K)->19160K(19328K) NonClass: 16494K(16576K)->16494K(16576K) Class: 2666K(2752K)->2666K(2752K)
[677.468s][info][gc             ] GC(2494) Pause Young (Allocation Failure) 554M->436M(654M) 58.964ms
[677.468s][info][gc,cpu         ] GC(2494) User=0.12s Sys=0.00s Real=0.06s
[677.785s][info][gc,start       ] GC(2495) Pause Young (Allocation Failure)
[677.842s][info][gc,heap        ] GC(2495) PSYoungGen: 185920K(221184K)->58432K(230912K) Eden: 127488K(127488K)->0K(133632K) From: 58432K(93696K)->58432K(97280K)
[677.842s][info][gc,heap        ] GC(2495) ParOldGen: 388709K(448512K)->388709K(448512K)
[677.842s][info][gc,metaspace   ] GC(2495) Metaspace: 19160K(19328K)->19160K(19328K) NonClass: 16494K(16576K)->16494K(16576K) Class: 2666K(2752K)->2666K(2752K)
[677.842s][info][gc             ] GC(2495) Pause Young (Allocation Failure) 561M->436M(663M) 56.838ms
[677.842s][info][gc,cpu         ] GC(2495) User=0.11s Sys=0.00s Real=0.06s
[678.159s][info][gc,start       ] GC(2496) Pause Young (Allocation Failure)
[678.217s][info][gc,heap        ] GC(2496) PSYoungGen: 192064K(230912K)->58464K(232960K) Eden: 133632K(133632K)->0K(133632K) From: 58432K(97280K)->58464K(99328K)
[678.217s][info][gc,heap        ] GC(2496) ParOldGen: 388709K(448512K)->388709K(448512K)
[678.217s][info][gc,metaspace   ] GC(2496) Metaspace: 19160K(19328K)->19160K(19328K) NonClass: 16494K(16576K)->16494K(16576K) Class: 2666K(2752K)->2666K(2752K)
[678.217s][info][gc             ] GC(2496) Pause Young (Allocation Failure) 567M->436M(665M) 58.712ms
[678.217s][info][gc,cpu         ] GC(2496) User=0.12s Sys=0.00s Real=0.06s
[678.506s][info][gc,start       ] GC(2497) Pause Young (Allocation Failure)
[678.566s][info][gc,heap        ] GC(2497) PSYoungGen: 192096K(232960K)->58464K(231936K) Eden: 133632K(133632K)->0K(131072K) From: 58464K(99328K)->58464K(100864K)
[678.566s][info][gc,heap        ] GC(2497) ParOldGen: 388709K(448512K)->388709K(448512K)
[678.566s][info][gc,metaspace   ] GC(2497) Metaspace: 19160K(19328K)->19160K(19328K) NonClass: 16494K(16576K)->16494K(16576K) Class: 2666K(2752K)->2666K(2752K)
[678.566s][info][gc             ] GC(2497) Pause Young (Allocation Failure) 567M->436M(664M) 59.434ms
[678.566s][info][gc,cpu         ] GC(2497) User=0.12s Sys=0.00s Real=0.06s
[678.853s][info][gc,start       ] GC(2498) Pause Young (Allocation Failure)
[678.919s][info][gc,heap        ] GC(2498) PSYoungGen: 189536K(231936K)->59360K(190464K) Eden: 131072K(131072K)->0K(131072K) From: 58464K(100864K)->59360K(59392K)
[678.919s][info][gc,heap        ] GC(2498) ParOldGen: 388709K(448512K)->388709K(448512K)
[678.919s][info][gc,metaspace   ] GC(2498) Metaspace: 19160K(19328K)->19160K(19328K) NonClass: 16494K(16576K)->16494K(16576K) Class: 2666K(2752K)->2666K(2752K)
[678.919s][info][gc             ] GC(2498) Pause Young (Allocation Failure) 564M->437M(624M) 66.095ms
[678.919s][info][gc,cpu         ] GC(2498) User=0.13s Sys=0.00s Real=0.07s
[679.080s][info][gc,start       ] GC(2499) Pause Young (Allocation Failure)
[679.172s][info][gc,heap        ] GC(2499) PSYoungGen: 190432K(190464K)->91238K(213504K) Eden: 131072K(131072K)->0K(111616K) From: 59360K(59392K)->91238K(101888K)
[679.173s][info][gc,heap        ] GC(2499) ParOldGen: 388709K(448512K)->388709K(448512K)
[679.173s][info][gc,metaspace   ] GC(2499) Metaspace: 19160K(19328K)->19160K(19328K) NonClass: 16494K(16576K)->16494K(16576K) Class: 2666K(2752K)->2666K(2752K)
[679.173s][info][gc             ] GC(2499) Pause Young (Allocation Failure) 565M->468M(646M) 92.645ms
[679.173s][info][gc,cpu         ] GC(2499) User=0.18s Sys=0.00s Real=0.09s
[679.240s][info][gc,start       ] GC(2500) Pause Young (Allocation Failure)
[679.345s][info][gc,heap        ] GC(2500) PSYoungGen: 202854K(213504K)->111078K(222720K) Eden: 111616K(111616K)->0K(111616K) From: 91238K(101888K)->111078K(111104K)
[679.346s][info][gc,heap        ] GC(2500) ParOldGen: 388709K(448512K)->409475K(448512K)
[679.346s][info][gc,metaspace   ] GC(2500) Metaspace: 19160K(19328K)->19160K(19328K) NonClass: 16494K(16576K)->16494K(16576K) Class: 2666K(2752K)->2666K(2752K)
[679.346s][info][gc             ] GC(2500) Pause Young (Allocation Failure) 577M->508M(655M) 105.461ms
[679.346s][info][gc,cpu         ] GC(2500) User=0.21s Sys=0.00s Real=0.10s
[679.512s][info][gc,start       ] GC(2501) Pause Young (Allocation Failure)
[679.603s][info][gc,heap        ] GC(2501) PSYoungGen: 222694K(222720K)->100406K(222720K) Eden: 111616K(111616K)->0K(111616K) From: 111078K(111104K)->100406K(111104K)
[679.603s][info][gc,heap        ] GC(2501) ParOldGen: 409475K(448512K)->426971K(448512K)
[679.603s][info][gc,metaspace   ] GC(2501) Metaspace: 19160K(19328K)->19160K(19328K) NonClass: 16494K(16576K)->16494K(16576K) Class: 2666K(2752K)->2666K(2752K)
[679.603s][info][gc             ] GC(2501) Pause Young (Allocation Failure) 617M->515M(655M) 90.352ms
[679.603s][info][gc,cpu         ] GC(2501) User=0.18s Sys=0.00s Real=0.09s
[679.678s][info][gc,start       ] GC(2502) Pause Young (Allocation Failure)
[679.760s][info][gc,heap        ] GC(2502) PSYoungGen: 212022K(222720K)->89814K(222720K) Eden: 111616K(111616K)->0K(111616K) From: 100406K(111104K)->89814K(111104K)
[679.760s][info][gc,heap        ] GC(2502) ParOldGen: 426971K(448512K)->448400K(448512K)
[679.760s][info][gc,metaspace   ] GC(2502) Metaspace: 19161K(19328K)->19161K(19328K) NonClass: 16495K(16576K)->16495K(16576K) Class: 2666K(2752K)->2666K(2752K)
[679.760s][info][gc             ] GC(2502) Pause Young (Allocation Failure) 624M->525M(655M) 82.675ms
[679.760s][info][gc,cpu         ] GC(2502) User=0.16s Sys=0.00s Real=0.08s
[679.867s][info][gc,start       ] GC(2503) Pause Young (Allocation Failure)
[679.988s][info][gc,heap        ] GC(2503) PSYoungGen: 201430K(222720K)->111081K(222720K) Eden: 111616K(111616K)->0K(111616K) From: 89814K(111104K)->111081K(111104K)
[679.988s][info][gc,heap        ] GC(2503) ParOldGen: 448400K(448512K)->462499K(462848K)
[679.988s][info][gc,metaspace   ] GC(2503) Metaspace: 19161K(19328K)->19161K(19328K) NonClass: 16495K(16576K)->16495K(16576K) Class: 2666K(2752K)->2666K(2752K)
[679.988s][info][gc             ] GC(2503) Pause Young (Allocation Failure) 634M->560M(669M) 121.461ms
[679.988s][info][gc,cpu         ] GC(2503) User=0.22s Sys=0.02s Real=0.13s
[680.087s][info][gc,start       ] GC(2504) Pause Young (Allocation Failure)
[680.213s][info][gc,heap        ] GC(2504) PSYoungGen: 222697K(222720K)->111094K(222720K) Eden: 111616K(111616K)->0K(111616K) From: 111081K(111104K)->111094K(111104K)
[680.213s][info][gc,heap        ] GC(2504) ParOldGen: 462499K(462848K)->479051K(479232K)
[680.213s][info][gc,metaspace   ] GC(2504) Metaspace: 19161K(19328K)->19161K(19328K) NonClass: 16495K(16576K)->16495K(16576K) Class: 2666K(2752K)->2666K(2752K)
[680.213s][info][gc             ] GC(2504) Pause Young (Allocation Failure) 669M->576M(685M) 125.176ms
[680.213s][info][gc,cpu         ] GC(2504) User=0.24s Sys=0.01s Real=0.12s
[680.283s][info][gc,start       ] GC(2505) Pause Young (Allocation Failure)
[680.432s][info][gc,heap        ] GC(2505) PSYoungGen: 222710K(222720K)->52760K(222720K) Eden: 111616K(111616K)->0K(111616K) From: 111094K(111104K)->52760K(111104K)
[680.432s][info][gc,heap        ] GC(2505) ParOldGen: 479051K(479232K)->549114K(549376K)
[680.432s][info][gc,metaspace   ] GC(2505) Metaspace: 19161K(19328K)->19161K(19328K) NonClass: 16495K(16576K)->16495K(16576K) Class: 2666K(2752K)->2666K(2752K)
[680.432s][info][gc             ] GC(2505) Pause Young (Allocation Failure) 685M->587M(754M) 149.220ms
[680.432s][info][gc,cpu         ] GC(2505) User=0.26s Sys=0.05s Real=0.15s
[680.495s][info][gc,start       ] GC(2506) Pause Young (Allocation Failure)
[680.577s][info][gc,heap        ] GC(2506) PSYoungGen: 164376K(222720K)->47592K(222720K) Eden: 111616K(111616K)->0K(111616K) From: 52760K(111104K)->47592K(111104K)
[680.577s][info][gc,heap        ] GC(2506) ParOldGen: 549114K(549376K)->564482K(564736K)
[680.577s][info][gc,metaspace   ] GC(2506) Metaspace: 19161K(19328K)->19161K(19328K) NonClass: 16495K(16576K)->16495K(16576K) Class: 2666K(2752K)->2666K(2752K)
[680.577s][info][gc             ] GC(2506) Pause Young (Allocation Failure) 696M->597M(769M) 81.858ms
[680.577s][info][gc,cpu         ] GC(2506) User=0.15s Sys=0.01s Real=0.08s
[680.693s][info][gc,start       ] GC(2507) Pause Young (Allocation Failure)
[680.788s][info][gc,heap        ] GC(2507) PSYoungGen: 159208K(222720K)->44160K(222720K) Eden: 111616K(111616K)->0K(111616K) From: 47592K(111104K)->44160K(111104K)
[680.788s][info][gc,heap        ] GC(2507) ParOldGen: 564482K(564736K)->591161K(591360K)
[680.788s][info][gc,metaspace   ] GC(2507) Metaspace: 19161K(19328K)->19161K(19328K) NonClass: 16495K(16576K)->16495K(16576K) Class: 2666K(2752K)->2666K(2752K)
[680.788s][info][gc             ] GC(2507) Pause Young (Allocation Failure) 706M->620M(795M) 94.904ms
[680.788s][info][gc,cpu         ] GC(2507) User=0.17s Sys=0.01s Real=0.10s
[680.850s][info][gc,start       ] GC(2508) Pause Young (Allocation Failure)
[680.921s][info][gc,heap        ] GC(2508) PSYoungGen: 155776K(222720K)->34144K(222720K) Eden: 111616K(111616K)->0K(111616K) From: 44160K(111104K)->34144K(111104K)
[680.921s][info][gc,heap        ] GC(2508) ParOldGen: 591161K(591360K)->612217K(612352K)
[680.921s][info][gc,metaspace   ] GC(2508) Metaspace: 19161K(19328K)->19161K(19328K) NonClass: 16495K(16576K)->16495K(16576K) Class: 2666K(2752K)->2666K(2752K)
[680.921s][info][gc             ] GC(2508) Pause Young (Allocation Failure) 729M->631M(815M) 70.819ms
[680.921s][info][gc,cpu         ] GC(2508) User=0.12s Sys=0.02s Real=0.07s
[680.991s][info][gc,start       ] GC(2509) Pause Full (Allocation Failure)
[680.991s][info][gc,phases,start] GC(2509) Marking Phase
[681.255s][info][gc,phases      ] GC(2509) Marking Phase 263.338ms
[681.255s][info][gc,phases,start] GC(2509) Summary Phase
[681.255s][info][gc,phases      ] GC(2509) Summary Phase 0.030ms
[681.255s][info][gc,phases,start] GC(2509) Forward
[681.347s][info][gc,phases      ] GC(2509) Forward 92.486ms
[681.347s][info][gc,phases,start] GC(2509) Adjust Pointers
[681.556s][info][gc,phases      ] GC(2509) Adjust Pointers 208.622ms
[681.556s][info][gc,phases,start] GC(2509) Compaction Phase
[681.679s][info][gc,phases      ] GC(2509) Compaction Phase 123.010ms
[681.687s][info][gc,phases,start] GC(2509) Post Compact
[681.690s][info][gc,phases      ] GC(2509) Post Compact 2.186ms
[681.690s][info][gc,heap        ] GC(2509) PSYoungGen: 145760K(222720K)->0K(222720K) Eden: 111616K(111616K)->0K(111616K) From: 34144K(111104K)->0K(111104K)
[681.690s][info][gc,heap        ] GC(2509) ParOldGen: 612217K(612352K)->374243K(667648K)
[681.690s][info][gc,metaspace   ] GC(2509) Metaspace: 19161K(19328K)->19161K(19328K) NonClass: 16495K(16576K)->16495K(16576K) Class: 2666K(2752K)->2666K(2752K)
[681.690s][info][gc             ] GC(2509) Pause Full (Allocation Failure) 740M->365M(869M) 698.625ms
[681.690s][info][gc,cpu         ] GC(2509) User=1.32s Sys=0.00s Real=0.70s
[681.772s][info][gc,start       ] GC(2510) Pause Young (Allocation Failure)
[681.781s][info][gc,heap        ] GC(2510) PSYoungGen: 111616K(222720K)->1536K(222720K) Eden: 111616K(111616K)->0K(111616K) From: 0K(111104K)->1536K(111104K)
[681.781s][info][gc,heap        ] GC(2510) ParOldGen: 374243K(667648K)->374243K(667648K)
[681.781s][info][gc,metaspace   ] GC(2510) Metaspace: 19161K(19328K)->19161K(19328K) NonClass: 16495K(16576K)->16495K(16576K) Class: 2666K(2752K)->2666K(2752K)
[681.781s][info][gc             ] GC(2510) Pause Young (Allocation Failure) 474M->366M(869M) 8.779ms
[681.781s][info][gc,cpu         ] GC(2510) User=0.02s Sys=0.00s Real=0.01s
[681.863s][info][gc,start       ] GC(2511) Pause Young (Allocation Failure)
[681.878s][info][gc,heap        ] GC(2511) PSYoungGen: 113152K(222720K)->9440K(222720K) Eden: 111616K(111616K)->0K(111616K) From: 1536K(111104K)->9440K(111104K)
[681.878s][info][gc,heap        ] GC(2511) ParOldGen: 374243K(667648K)->375755K(667648K)
[681.878s][info][gc,metaspace   ] GC(2511) Metaspace: 19161K(19328K)->19161K(19328K) NonClass: 16495K(16576K)->16495K(16576K) Class: 2666K(2752K)->2666K(2752K)
[681.878s][info][gc             ] GC(2511) Pause Young (Allocation Failure) 475M->376M(869M) 15.433ms
[681.878s][info][gc,cpu         ] GC(2511) User=0.03s Sys=0.00s Real=0.02s
[682.019s][info][gc,start       ] GC(2512) Pause Young (Allocation Failure)
[682.037s][info][gc,heap        ] GC(2512) PSYoungGen: 121056K(222720K)->5984K(222720K) Eden: 111616K(111616K)->0K(111616K) From: 9440K(111104K)->5984K(111104K)
[682.037s][info][gc,heap        ] GC(2512) ParOldGen: 375755K(667648K)->385171K(667648K)
[682.037s][info][gc,metaspace   ] GC(2512) Metaspace: 19161K(19328K)->19161K(19328K) NonClass: 16495K(16576K)->16495K(16576K) Class: 2666K(2752K)->2666K(2752K)
[682.037s][info][gc             ] GC(2512) Pause Young (Allocation Failure) 485M->381M(869M) 17.741ms
[682.037s][info][gc,cpu         ] GC(2512) User=0.04s Sys=0.00s Real=0.01s
[682.161s][info][gc,start       ] GC(2513) Pause Young (Allocation Failure)
[682.183s][info][gc,heap        ] GC(2513) PSYoungGen: 117600K(222720K)->15456K(222720K) Eden: 111616K(111616K)->0K(111616K) From: 5984K(111104K)->15456K(111104K)
[682.183s][info][gc,heap        ] GC(2513) ParOldGen: 385171K(667648K)->391147K(667648K)
[682.183s][info][gc,metaspace   ] GC(2513) Metaspace: 19161K(19328K)->19161K(19328K) NonClass: 16495K(16576K)->16495K(16576K) Class: 2666K(2752K)->2666K(2752K)
[682.184s][info][gc             ] GC(2513) Pause Young (Allocation Failure) 490M->397M(869M) 22.308ms
[682.184s][info][gc,cpu         ] GC(2513) User=0.05s Sys=0.01s Real=0.02s
[682.390s][info][gc,start       ] GC(2514) Pause Young (Allocation Failure)
[682.417s][info][gc,heap        ] GC(2514) PSYoungGen: 127072K(222720K)->5568K(222720K) Eden: 111616K(111616K)->0K(111616K) From: 15456K(111104K)->5568K(111104K)
[682.417s][info][gc,heap        ] GC(2514) ParOldGen: 391147K(667648K)->406573K(667648K)
[682.417s][info][gc,metaspace   ] GC(2514) Metaspace: 19161K(19328K)->19161K(19328K) NonClass: 16495K(16576K)->16495K(16576K) Class: 2666K(2752K)->2666K(2752K)
[682.417s][info][gc             ] GC(2514) Pause Young (Allocation Failure) 506M->402M(869M) 27.101ms
[682.417s][info][gc,cpu         ] GC(2514) User=0.05s Sys=0.00s Real=0.02s
[682.590s][info][gc,start       ] GC(2515) Pause Young (Allocation Failure)
[682.612s][info][gc,heap        ] GC(2515) PSYoungGen: 117184K(222720K)->16240K(222720K) Eden: 111616K(111616K)->0K(111616K) From: 5568K(111104K)->16240K(111104K)
[682.612s][info][gc,heap        ] GC(2515) ParOldGen: 406573K(667648K)->412149K(667648K)
[682.612s][info][gc,metaspace   ] GC(2515) Metaspace: 19161K(19328K)->19161K(19328K) NonClass: 16495K(16576K)->16495K(16576K) Class: 2666K(2752K)->2666K(2752K)
[682.612s][info][gc             ] GC(2515) Pause Young (Allocation Failure) 511M->418M(869M) 21.677ms
[682.612s][info][gc,cpu         ] GC(2515) User=0.04s Sys=0.00s Real=0.02s
[682.761s][info][gc,start       ] GC(2516) Pause Young (Allocation Failure)
[682.782s][info][gc,heap        ] GC(2516) PSYoungGen: 127856K(222720K)->6656K(222720K) Eden: 111616K(111616K)->0K(111616K) From: 16240K(111104K)->6656K(111104K)
[682.782s][info][gc,heap        ] GC(2516) ParOldGen: 412149K(667648K)->428453K(667648K)
[682.782s][info][gc,metaspace   ] GC(2516) Metaspace: 19161K(19328K)->19161K(19328K) NonClass: 16495K(16576K)->16495K(16576K) Class: 2666K(2752K)->2666K(2752K)
[682.782s][info][gc             ] GC(2516) Pause Young (Allocation Failure) 527M->424M(869M) 20.832ms
[682.782s][info][gc,cpu         ] GC(2516) User=0.04s Sys=0.00s Real=0.02s
[682.843s][info][gc,start       ] GC(2517) Pause Young (Allocation Failure)
[682.879s][info][gc,heap        ] GC(2517) PSYoungGen: 118272K(222720K)->41136K(222720K) Eden: 111616K(111616K)->0K(111616K) From: 6656K(111104K)->41136K(111104K)
[682.879s][info][gc,heap        ] GC(2517) ParOldGen: 428453K(667648K)->435109K(667648K)
[682.879s][info][gc,metaspace   ] GC(2517) Metaspace: 19161K(19328K)->19161K(19328K) NonClass: 16495K(16576K)->16495K(16576K) Class: 2666K(2752K)->2666K(2752K)
[682.879s][info][gc             ] GC(2517) Pause Young (Allocation Failure) 533M->465M(869M) 35.223ms
[682.879s][info][gc,cpu         ] GC(2517) User=0.07s Sys=0.00s Real=0.04s
[683.043s][info][gc,start       ] GC(2518) Pause Young (Allocation Failure)
[683.088s][info][gc,heap        ] GC(2518) PSYoungGen: 152752K(222720K)->29280K(222720K) Eden: 111616K(111616K)->0K(111616K) From: 41136K(111104K)->29280K(111104K)
[683.088s][info][gc,heap        ] GC(2518) ParOldGen: 435109K(667648K)->476710K(667648K)
[683.088s][info][gc,metaspace   ] GC(2518) Metaspace: 19161K(19328K)->19161K(19328K) NonClass: 16495K(16576K)->16495K(16576K) Class: 2666K(2752K)->2666K(2752K)
[683.088s][info][gc             ] GC(2518) Pause Young (Allocation Failure) 574M->494M(869M) 45.142ms
[683.089s][info][gc,cpu         ] GC(2518) User=0.09s Sys=0.00s Real=0.05s
[683.213s][info][gc,start       ] GC(2519) Pause Young (Allocation Failure)
[683.245s][info][gc,heap        ] GC(2519) PSYoungGen: 140896K(222720K)->2912K(222720K) Eden: 111616K(111616K)->0K(111616K) From: 29280K(111104K)->2912K(111104K)
[683.245s][info][gc,heap        ] GC(2519) ParOldGen: 476710K(667648K)->506290K(667648K)
[683.245s][info][gc,metaspace   ] GC(2519) Metaspace: 19161K(19328K)->19161K(19328K) NonClass: 16495K(16576K)->16495K(16576K) Class: 2666K(2752K)->2666K(2752K)
[683.245s][info][gc             ] GC(2519) Pause Young (Allocation Failure) 603M->497M(869M) 32.188ms
[683.245s][info][gc,cpu         ] GC(2519) User=0.07s Sys=0.00s Real=0.03s
[683.404s][info][gc,start       ] GC(2520) Pause Young (Allocation Failure)
[683.453s][info][gc,heap        ] GC(2520) PSYoungGen: 114528K(222720K)->30696K(142336K) Eden: 111616K(111616K)->0K(111616K) From: 2912K(111104K)->30696K(30720K)
[683.453s][info][gc,heap        ] GC(2520) ParOldGen: 506290K(667648K)->509186K(667648K)
[683.453s][info][gc,metaspace   ] GC(2520) Metaspace: 19161K(19328K)->19161K(19328K) NonClass: 16495K(16576K)->16495K(16576K) Class: 2666K(2752K)->2666K(2752K)
[683.453s][info][gc             ] GC(2520) Pause Young (Allocation Failure) 606M->527M(791M) 49.088ms
[683.453s][info][gc,cpu         ] GC(2520) User=0.10s Sys=0.00s Real=0.05s
[683.580s][info][gc,start       ] GC(2521) Pause Young (Allocation Failure)
[683.643s][info][gc,heap        ] GC(2521) PSYoungGen: 142312K(142336K)->52648K(219648K) Eden: 111616K(111616K)->0K(111616K) From: 30696K(30720K)->52648K(108032K)
[683.643s][info][gc,heap        ] GC(2521) ParOldGen: 509186K(667648K)->509186K(667648K)
[683.643s][info][gc,metaspace   ] GC(2521) Metaspace: 19161K(19328K)->19161K(19328K) NonClass: 16495K(16576K)->16495K(16576K) Class: 2666K(2752K)->2666K(2752K)
[683.643s][info][gc             ] GC(2521) Pause Young (Allocation Failure) 636M->548M(866M) 62.820ms
[683.643s][info][gc,cpu         ] GC(2521) User=0.13s Sys=0.00s Real=0.06s
[683.759s][info][gc,start       ] GC(2522) Pause Young (Allocation Failure)
[683.826s][info][gc,heap        ] GC(2522) PSYoungGen: 164264K(219648K)->56584K(219648K) Eden: 111616K(111616K)->0K(111616K) From: 52648K(108032K)->56584K(108032K)
[683.826s][info][gc,heap        ] GC(2522) ParOldGen: 509186K(667648K)->509186K(667648K)
[683.826s][info][gc,metaspace   ] GC(2522) Metaspace: 19161K(19328K)->19161K(19328K) NonClass: 16495K(16576K)->16495K(16576K) Class: 2666K(2752K)->2666K(2752K)
[683.826s][info][gc             ] GC(2522) Pause Young (Allocation Failure) 657M->552M(866M) 66.480ms
[683.826s][info][gc,cpu         ] GC(2522) User=0.13s Sys=0.00s Real=0.06s
[683.936s][info][gc,start       ] GC(2523) Pause Young (Allocation Failure)
[684.004s][info][gc,heap        ] GC(2523) PSYoungGen: 168200K(219648K)->57160K(223744K) Eden: 111616K(111616K)->0K(114688K) From: 56584K(108032K)->57160K(109056K)
[684.004s][info][gc,heap        ] GC(2523) ParOldGen: 509186K(667648K)->509186K(667648K)
[684.004s][info][gc,metaspace   ] GC(2523) Metaspace: 19161K(19328K)->19161K(19328K) NonClass: 16495K(16576K)->16495K(16576K) Class: 2666K(2752K)->2666K(2752K)
[684.004s][info][gc             ] GC(2523) Pause Young (Allocation Failure) 661M->553M(870M) 67.434ms
[684.004s][info][gc,cpu         ] GC(2523) User=0.13s Sys=0.00s Real=0.07s
[684.135s][info][gc,start       ] GC(2524) Pause Young (Allocation Failure)
[684.206s][info][gc,heap        ] GC(2524) PSYoungGen: 171848K(223744K)->61192K(176128K) Eden: 114688K(114688K)->0K(114688K) From: 57160K(109056K)->61192K(61440K)
[684.206s][info][gc,heap        ] GC(2524) ParOldGen: 509186K(667648K)->509186K(667648K)
[684.206s][info][gc,metaspace   ] GC(2524) Metaspace: 19161K(19328K)->19161K(19328K) NonClass: 16495K(16576K)->16495K(16576K) Class: 2666K(2752K)->2666K(2752K)
[684.206s][info][gc             ] GC(2524) Pause Young (Allocation Failure) 665M->557M(824M) 70.812ms
[684.206s][info][gc,cpu         ] GC(2524) User=0.14s Sys=0.00s Real=0.07s
[684.348s][info][gc,start       ] GC(2525) Pause Young (Allocation Failure)
[684.421s][info][gc,heap        ] GC(2525) PSYoungGen: 175880K(176128K)->62632K(222720K) Eden: 114688K(114688K)->0K(111616K) From: 61192K(61440K)->62632K(111104K)
[684.421s][info][gc,heap        ] GC(2525) ParOldGen: 509186K(667648K)->509186K(667648K)
[684.421s][info][gc,metaspace   ] GC(2525) Metaspace: 19161K(19328K)->19161K(19328K) NonClass: 16495K(16576K)->16495K(16576K) Class: 2666K(2752K)->2666K(2752K)
[684.421s][info][gc             ] GC(2525) Pause Young (Allocation Failure) 669M->558M(869M) 72.694ms
[684.421s][info][gc,cpu         ] GC(2525) User=0.14s Sys=0.00s Real=0.07s
[684.612s][info][gc,start       ] GC(2526) Pause Young (Allocation Failure)
[684.714s][info][gc,heap        ] GC(2526) PSYoungGen: 174248K(222720K)->28592K(140288K) Eden: 111616K(111616K)->0K(111616K) From: 62632K(111104K)->28592K(28672K)
[684.714s][info][gc,heap        ] GC(2526) ParOldGen: 509186K(667648K)->561928K(667648K)
[684.714s][info][gc,metaspace   ] GC(2526) Metaspace: 19161K(19328K)->19161K(19328K) NonClass: 16495K(16576K)->16495K(16576K) Class: 2666K(2752K)->2666K(2752K)
[684.714s][info][gc             ] GC(2526) Pause Young (Allocation Failure) 667M->576M(789M) 101.616ms
[684.714s][info][gc,cpu         ] GC(2526) User=0.20s Sys=0.00s Real=0.10s
[684.893s][info][gc,start       ] GC(2527) Pause Young (Allocation Failure)
[684.937s][info][gc,heap        ] GC(2527) PSYoungGen: 140208K(140288K)->40048K(222720K) Eden: 111616K(111616K)->0K(117760K) From: 28592K(28672K)->40048K(104960K)
[684.937s][info][gc,heap        ] GC(2527) ParOldGen: 561928K(667648K)->561928K(667648K)
[684.937s][info][gc,metaspace   ] GC(2527) Metaspace: 19161K(19328K)->19161K(19328K) NonClass: 16495K(16576K)->16495K(16576K) Class: 2666K(2752K)->2666K(2752K)
[684.937s][info][gc             ] GC(2527) Pause Young (Allocation Failure) 685M->587M(869M) 43.664ms
[684.937s][info][gc,cpu         ] GC(2527) User=0.08s Sys=0.00s Real=0.04s
[685.069s][info][gc,start       ] GC(2528) Pause Young (Allocation Failure)
[685.141s][info][gc,heap        ] GC(2528) PSYoungGen: 157808K(222720K)->83298K(219136K) Eden: 117760K(117760K)->0K(117760K) From: 40048K(104960K)->83298K(101376K)
[685.141s][info][gc,heap        ] GC(2528) ParOldGen: 561928K(667648K)->561928K(667648K)
[685.141s][info][gc,metaspace   ] GC(2528) Metaspace: 19161K(19328K)->19161K(19328K) NonClass: 16495K(16576K)->16495K(16576K) Class: 2666K(2752K)->2666K(2752K)
[685.141s][info][gc             ] GC(2528) Pause Young (Allocation Failure) 702M->630M(866M) 71.869ms
[685.141s][info][gc,cpu         ] GC(2528) User=0.14s Sys=0.00s Real=0.07s
[685.329s][info][gc,start       ] GC(2529) Pause Young (Allocation Failure)
[685.422s][info][gc,heap        ] GC(2529) PSYoungGen: 201058K(219136K)->110578K(222208K) Eden: 117760K(117760K)->0K(111616K) From: 83298K(101376K)->110578K(110592K)
[685.422s][info][gc,heap        ] GC(2529) ParOldGen: 561928K(667648K)->565000K(667648K)
[685.422s][info][gc,metaspace   ] GC(2529) Metaspace: 19161K(19328K)->19161K(19328K) NonClass: 16495K(16576K)->16495K(16576K) Class: 2666K(2752K)->2666K(2752K)
[685.422s][info][gc             ] GC(2529) Pause Young (Allocation Failure) 745M->659M(869M) 92.583ms
[685.422s][info][gc,cpu         ] GC(2529) User=0.17s Sys=0.01s Real=0.09s
[685.530s][info][gc,start       ] GC(2530) Pause Young (Allocation Failure)
[685.616s][info][gc,heap        ] GC(2530) PSYoungGen: 222194K(222208K)->108578K(222720K) Eden: 111616K(111616K)->0K(111616K) From: 110578K(110592K)->108578K(111104K)
[685.617s][info][gc,heap        ] GC(2530) ParOldGen: 565000K(667648K)->569536K(667648K)
[685.617s][info][gc,metaspace   ] GC(2530) Metaspace: 19161K(19328K)->19161K(19328K) NonClass: 16495K(16576K)->16495K(16576K) Class: 2666K(2752K)->2666K(2752K)
[685.617s][info][gc             ] GC(2530) Pause Young (Allocation Failure) 768M->662M(869M) 86.762ms
[685.617s][info][gc,cpu         ] GC(2530) User=0.17s Sys=0.00s Real=0.08s
[685.789s][info][gc,start       ] GC(2531) Pause Young (Allocation Failure)
[685.918s][info][gc,heap        ] GC(2531) PSYoungGen: 220194K(222720K)->111090K(222720K) Eden: 111616K(111616K)->0K(111616K) From: 108578K(111104K)->111090K(111104K)
[685.918s][info][gc,heap        ] GC(2531) ParOldGen: 569536K(667648K)->598857K(667648K)
[685.918s][info][gc,metaspace   ] GC(2531) Metaspace: 19161K(19328K)->19161K(19328K) NonClass: 16495K(16576K)->16495K(16576K) Class: 2666K(2752K)->2666K(2752K)
[685.918s][info][gc             ] GC(2531) Pause Young (Allocation Failure) 771M->693M(869M) 128.952ms
[685.918s][info][gc,cpu         ] GC(2531) User=0.26s Sys=0.00s Real=0.13s
[686.060s][info][gc,start       ] GC(2532) Pause Young (Allocation Failure)
[686.189s][info][gc,heap        ] GC(2532) PSYoungGen: 222706K(222720K)->111090K(222720K) Eden: 111616K(111616K)->0K(111616K) From: 111090K(111104K)->111090K(111104K)
[686.189s][info][gc,heap        ] GC(2532) ParOldGen: 598857K(667648K)->619641K(667648K)
[686.189s][info][gc,metaspace   ] GC(2532) Metaspace: 19161K(19328K)->19161K(19328K) NonClass: 16495K(16576K)->16495K(16576K) Class: 2666K(2752K)->2666K(2752K)
[686.189s][info][gc             ] GC(2532) Pause Young (Allocation Failure) 802M->713M(869M) 129.414ms
[686.189s][info][gc,cpu         ] GC(2532) User=0.25s Sys=0.00s Real=0.13s
[686.294s][info][gc,start       ] GC(2533) Pause Full (Allocation Failure)
[686.294s][info][gc,phases,start] GC(2533) Marking Phase
[686.665s][info][gc,phases      ] GC(2533) Marking Phase 370.866ms
[686.665s][info][gc,phases,start] GC(2533) Summary Phase
[686.665s][info][gc,phases      ] GC(2533) Summary Phase 0.031ms
[686.665s][info][gc,phases,start] GC(2533) Forward
[686.807s][info][gc,phases      ] GC(2533) Forward 141.815ms
[686.807s][info][gc,phases,start] GC(2533) Adjust Pointers
[687.099s][info][gc,phases      ] GC(2533) Adjust Pointers 292.126ms
[687.099s][info][gc,phases,start] GC(2533) Compaction Phase
[687.274s][info][gc,phases      ] GC(2533) Compaction Phase 174.621ms
[687.283s][info][gc,phases,start] GC(2533) Post Compact
[687.286s][info][gc,phases      ] GC(2533) Post Compact 2.489ms
[687.286s][info][gc,heap        ] GC(2533) PSYoungGen: 222706K(222720K)->0K(222720K) Eden: 111616K(111616K)->0K(111616K) From: 111090K(111104K)->0K(111104K)
[687.286s][info][gc,heap        ] GC(2533) ParOldGen: 619641K(667648K)->519778K(667648K)
[687.286s][info][gc,metaspace   ] GC(2533) Metaspace: 19161K(19328K)->19161K(19328K) NonClass: 16495K(16576K)->16495K(16576K) Class: 2666K(2752K)->2666K(2752K)
[687.286s][info][gc             ] GC(2533) Pause Full (Allocation Failure) 822M->507M(869M) 991.921ms
[687.286s][info][gc,cpu         ] GC(2533) User=1.88s Sys=0.00s Real=0.99s
[687.404s][info][gc,start       ] GC(2534) Pause Young (Allocation Failure)
[687.411s][info][gc,heap        ] GC(2534) PSYoungGen: 111616K(222720K)->640K(222720K) Eden: 111616K(111616K)->0K(111616K) From: 0K(111104K)->640K(111104K)
[687.411s][info][gc,heap        ] GC(2534) ParOldGen: 519778K(667648K)->519778K(667648K)
[687.411s][info][gc,metaspace   ] GC(2534) Metaspace: 19161K(19328K)->19161K(19328K) NonClass: 16495K(16576K)->16495K(16576K) Class: 2666K(2752K)->2666K(2752K)
[687.411s][info][gc             ] GC(2534) Pause Young (Allocation Failure) 616M->508M(869M) 7.200ms
[687.411s][info][gc,cpu         ] GC(2534) User=0.01s Sys=0.00s Real=0.01s
[687.536s][info][gc,start       ] GC(2535) Pause Young (Allocation Failure)
[687.548s][info][gc,heap        ] GC(2535) PSYoungGen: 112256K(222720K)->4640K(222720K) Eden: 111616K(111616K)->0K(111616K) From: 640K(111104K)->4640K(111104K)
[687.548s][info][gc,heap        ] GC(2535) ParOldGen: 519778K(667648K)->519778K(667648K)
[687.548s][info][gc,metaspace   ] GC(2535) Metaspace: 19161K(19328K)->19161K(19328K) NonClass: 16495K(16576K)->16495K(16576K) Class: 2666K(2752K)->2666K(2752K)
[687.548s][info][gc             ] GC(2535) Pause Young (Allocation Failure) 617M->512M(869M) 11.682ms
[687.548s][info][gc,cpu         ] GC(2535) User=0.03s Sys=0.00s Real=0.02s
[687.689s][info][gc,start       ] GC(2536) Pause Young (Allocation Failure)
[687.704s][info][gc,heap        ] GC(2536) PSYoungGen: 116256K(222720K)->11520K(222720K) Eden: 111616K(111616K)->0K(111616K) From: 4640K(111104K)->11520K(111104K)
[687.704s][info][gc,heap        ] GC(2536) ParOldGen: 519778K(667648K)->520378K(667648K)
[687.704s][info][gc,metaspace   ] GC(2536) Metaspace: 19161K(19328K)->19161K(19328K) NonClass: 16495K(16576K)->16495K(16576K) Class: 2666K(2752K)->2666K(2752K)
[687.704s][info][gc             ] GC(2536) Pause Young (Allocation Failure) 621M->519M(869M) 14.653ms
[687.704s][info][gc,cpu         ] GC(2536) User=0.03s Sys=0.00s Real=0.01s
[687.876s][info][gc,start       ] GC(2537) Pause Young (Allocation Failure)
[687.904s][info][gc,heap        ] GC(2537) PSYoungGen: 123136K(222720K)->13920K(222720K) Eden: 111616K(111616K)->0K(111616K) From: 11520K(111104K)->13920K(111104K)
[687.904s][info][gc,heap        ] GC(2537) ParOldGen: 520378K(667648K)->531874K(667648K)
[687.904s][info][gc,metaspace   ] GC(2537) Metaspace: 19161K(19328K)->19161K(19328K) NonClass: 16495K(16576K)->16495K(16576K) Class: 2666K(2752K)->2666K(2752K)
[687.904s][info][gc             ] GC(2537) Pause Young (Allocation Failure) 628M->533M(869M) 27.697ms
[687.904s][info][gc,cpu         ] GC(2537) User=0.05s Sys=0.00s Real=0.03s
[688.161s][info][gc,start       ] GC(2538) Pause Young (Allocation Failure)
[688.184s][info][gc,heap        ] GC(2538) PSYoungGen: 125536K(222720K)->5376K(222720K) Eden: 111616K(111616K)->0K(111616K) From: 13920K(111104K)->5376K(111104K)
[688.184s][info][gc,heap        ] GC(2538) ParOldGen: 531874K(667648K)->545787K(667648K)
[688.184s][info][gc,metaspace   ] GC(2538) Metaspace: 19161K(19328K)->19161K(19328K) NonClass: 16495K(16576K)->16495K(16576K) Class: 2666K(2752K)->2666K(2752K)
[688.184s][info][gc             ] GC(2538) Pause Young (Allocation Failure) 642M->538M(869M) 22.334ms
[688.184s][info][gc,cpu         ] GC(2538) User=0.05s Sys=0.01s Real=0.02s
[688.468s][info][gc,start       ] GC(2539) Pause Young (Allocation Failure)
[688.475s][info][gc,heap        ] GC(2539) PSYoungGen: 116992K(222720K)->64K(222720K) Eden: 111616K(111616K)->0K(111616K) From: 5376K(111104K)->64K(111104K)
[688.475s][info][gc,heap        ] GC(2539) ParOldGen: 545787K(667648K)->551123K(667648K)
[688.475s][info][gc,metaspace   ] GC(2539) Metaspace: 19161K(19328K)->19161K(19328K) NonClass: 16495K(16576K)->16495K(16576K) Class: 2666K(2752K)->2666K(2752K)
[688.475s][info][gc             ] GC(2539) Pause Young (Allocation Failure) 647M->538M(869M) 7.293ms
[688.475s][info][gc,cpu         ] GC(2539) User=0.02s Sys=0.00s Real=0.00s
[688.727s][info][gc,start       ] GC(2540) Pause Young (Allocation Failure)
[688.729s][info][gc,heap        ] GC(2540) PSYoungGen: 111680K(222720K)->64K(222720K) Eden: 111616K(111616K)->0K(111616K) From: 64K(111104K)->64K(111104K)
[688.729s][info][gc,heap        ] GC(2540) ParOldGen: 551123K(667648K)->551147K(667648K)
[688.729s][info][gc,metaspace   ] GC(2540) Metaspace: 19163K(19328K)->19163K(19328K) NonClass: 16497K(16576K)->16497K(16576K) Class: 2666K(2752K)->2666K(2752K)
[688.729s][info][gc             ] GC(2540) Pause Young (Allocation Failure) 647M->538M(869M) 2.169ms
[688.729s][info][gc,cpu         ] GC(2540) User=0.00s Sys=0.00s Real=0.01s
[688.985s][info][gc,start       ] GC(2541) Pause Young (Allocation Failure)
[688.996s][info][gc,heap        ] GC(2541) PSYoungGen: 111680K(222720K)->64K(222720K) Eden: 111616K(111616K)->0K(111616K) From: 64K(111104K)->64K(111104K)
[688.996s][info][gc,heap        ] GC(2541) ParOldGen: 551147K(667648K)->551171K(667648K)
[688.996s][info][gc,metaspace   ] GC(2541) Metaspace: 19163K(19328K)->19163K(19328K) NonClass: 16497K(16576K)->16497K(16576K) Class: 2666K(2752K)->2666K(2752K)
[688.996s][info][gc             ] GC(2541) Pause Young (Allocation Failure) 647M->538M(869M) 10.891ms
[688.996s][info][gc,cpu         ] GC(2541) User=0.02s Sys=0.00s Real=0.01s
[689.209s][info][gc,start       ] GC(2542) Pause Young (Allocation Failure)
[689.211s][info][gc,heap        ] GC(2542) PSYoungGen: 111680K(222720K)->352K(222720K) Eden: 111616K(111616K)->0K(111616K) From: 64K(111104K)->352K(111104K)
[689.211s][info][gc,heap        ] GC(2542) ParOldGen: 551171K(667648K)->551195K(667648K)
[689.211s][info][gc,metaspace   ] GC(2542) Metaspace: 19163K(19328K)->19163K(19328K) NonClass: 16497K(16576K)->16497K(16576K) Class: 2666K(2752K)->2666K(2752K)
[689.211s][info][gc             ] GC(2542) Pause Young (Allocation Failure) 647M->538M(869M) 2.064ms
[689.211s][info][gc,cpu         ] GC(2542) User=0.00s Sys=0.00s Real=0.00s
[689.336s][info][gc,start       ] GC(2543) Pause Young (Allocation Failure)
[689.361s][info][gc,heap        ] GC(2543) PSYoungGen: 111968K(222720K)->33568K(222720K) Eden: 111616K(111616K)->0K(111616K) From: 352K(111104K)->33568K(111104K)
[689.361s][info][gc,heap        ] GC(2543) ParOldGen: 551195K(667648K)->551507K(667648K)
[689.361s][info][gc,metaspace   ] GC(2543) Metaspace: 19163K(19328K)->19163K(19328K) NonClass: 16497K(16576K)->16497K(16576K) Class: 2666K(2752K)->2666K(2752K)
[689.361s][info][gc             ] GC(2543) Pause Young (Allocation Failure) 647M->571M(869M) 24.930ms
[689.361s][info][gc,cpu         ] GC(2543) User=0.05s Sys=0.00s Real=0.03s
[689.438s][info][gc,start       ] GC(2544) Pause Young (Allocation Failure)
[689.486s][info][gc,heap        ] GC(2544) PSYoungGen: 145184K(222720K)->38752K(222720K) Eden: 111616K(111616K)->0K(111616K) From: 33568K(111104K)->38752K(111104K)
[689.486s][info][gc,heap        ] GC(2544) ParOldGen: 551507K(667648K)->585483K(667648K)
[689.486s][info][gc,metaspace   ] GC(2544) Metaspace: 19163K(19328K)->19163K(19328K) NonClass: 16497K(16576K)->16497K(16576K) Class: 2666K(2752K)->2666K(2752K)
[689.486s][info][gc             ] GC(2544) Pause Young (Allocation Failure) 680M->609M(869M) 47.878ms
[689.486s][info][gc,cpu         ] GC(2544) User=0.10s Sys=0.00s Real=0.04s
[689.672s][info][gc,start       ] GC(2545) Pause Young (Allocation Failure)
[689.705s][info][gc,heap        ] GC(2545) PSYoungGen: 150368K(222720K)->3104K(222720K) Eden: 111616K(111616K)->0K(111616K) From: 38752K(111104K)->3104K(111104K)
[689.705s][info][gc,heap        ] GC(2545) ParOldGen: 585483K(667648K)->624675K(667648K)
[689.705s][info][gc,metaspace   ] GC(2545) Metaspace: 19163K(19328K)->19163K(19328K) NonClass: 16497K(16576K)->16497K(16576K) Class: 2666K(2752K)->2666K(2752K)
[689.705s][info][gc             ] GC(2545) Pause Young (Allocation Failure) 718M->613M(869M) 32.922ms
[689.705s][info][gc,cpu         ] GC(2545) User=0.06s Sys=0.00s Real=0.03s
[689.877s][info][gc,start       ] GC(2546) Pause Full (Allocation Failure)
[689.877s][info][gc,phases,start] GC(2546) Marking Phase
[690.321s][info][gc,phases      ] GC(2546) Marking Phase 444.400ms
[690.321s][info][gc,phases,start] GC(2546) Summary Phase
[690.321s][info][gc,phases      ] GC(2546) Summary Phase 0.027ms
[690.321s][info][gc,phases,start] GC(2546) Forward
[690.417s][info][gc,phases      ] GC(2546) Forward 95.417ms
[690.417s][info][gc,phases,start] GC(2546) Adjust Pointers
[690.745s][info][gc,phases      ] GC(2546) Adjust Pointers 327.636ms
[690.745s][info][gc,phases,start] GC(2546) Compaction Phase
[690.935s][info][gc,phases      ] GC(2546) Compaction Phase 189.969ms
[690.946s][info][gc,phases,start] GC(2546) Post Compact
[690.948s][info][gc,phases      ] GC(2546) Post Compact 2.203ms
[690.948s][info][gc,heap        ] GC(2546) PSYoungGen: 114720K(222720K)->0K(222720K) Eden: 111616K(111616K)->0K(111616K) From: 3104K(111104K)->0K(111104K)
[690.948s][info][gc,heap        ] GC(2546) ParOldGen: 624675K(667648K)->625345K(667648K)
[690.948s][info][gc,metaspace   ] GC(2546) Metaspace: 19163K(19328K)->19163K(19328K) NonClass: 16497K(16576K)->16497K(16576K) Class: 2666K(2752K)->2666K(2752K)
[690.948s][info][gc             ] GC(2546) Pause Full (Allocation Failure) 722M->610M(869M) 1071.198ms
[690.948s][info][gc,cpu         ] GC(2546) User=2.10s Sys=0.01s Real=1.08s
[691.065s][info][gc,start       ] GC(2547) Pause Full (Allocation Failure)
[691.065s][info][gc,phases,start] GC(2547) Marking Phase
[691.532s][info][gc,phases      ] GC(2547) Marking Phase 467.550ms
[691.532s][info][gc,phases,start] GC(2547) Summary Phase
[691.532s][info][gc,phases      ] GC(2547) Summary Phase 0.025ms
[691.532s][info][gc,phases,start] GC(2547) Forward
[691.542s][info][gc,phases      ] GC(2547) Forward 9.712ms
[691.542s][info][gc,phases,start] GC(2547) Adjust Pointers
[691.853s][info][gc,phases      ] GC(2547) Adjust Pointers 310.589ms
[691.853s][info][gc,phases,start] GC(2547) Compaction Phase
[692.000s][info][gc,phases      ] GC(2547) Compaction Phase 147.584ms
[692.000s][info][gc,phases,start] GC(2547) Post Compact
[692.003s][info][gc,phases      ] GC(2547) Post Compact 2.167ms
[692.003s][info][gc,heap        ] GC(2547) PSYoungGen: 111616K(222720K)->0K(222720K) Eden: 111616K(111616K)->0K(111616K) From: 0K(111104K)->0K(111104K)
[692.003s][info][gc,heap        ] GC(2547) ParOldGen: 625345K(667648K)->649770K(667648K)
[692.003s][info][gc,metaspace   ] GC(2547) Metaspace: 19163K(19328K)->19163K(19328K) NonClass: 16497K(16576K)->16497K(16576K) Class: 2666K(2752K)->2666K(2752K)
[692.003s][info][gc             ] GC(2547) Pause Full (Allocation Failure) 719M->634M(869M) 938.032ms
[692.003s][info][gc,cpu         ] GC(2547) User=1.82s Sys=0.01s Real=0.94s
[692.128s][info][gc,start       ] GC(2548) Pause Full (Allocation Failure)
[692.128s][info][gc,phases,start] GC(2548) Marking Phase
[692.609s][info][gc,phases      ] GC(2548) Marking Phase 480.225ms
[692.609s][info][gc,phases,start] GC(2548) Summary Phase
[692.609s][info][gc,phases      ] GC(2548) Summary Phase 0.026ms
[692.609s][info][gc,phases,start] GC(2548) Forward
[692.615s][info][gc,phases      ] GC(2548) Forward 6.605ms
[692.615s][info][gc,phases,start] GC(2548) Adjust Pointers
[692.930s][info][gc,phases      ] GC(2548) Adjust Pointers 314.236ms
[692.930s][info][gc,phases,start] GC(2548) Compaction Phase
[693.075s][info][gc,phases      ] GC(2548) Compaction Phase 144.918ms
[693.075s][info][gc,phases,start] GC(2548) Post Compact
[693.077s][info][gc,phases      ] GC(2548) Post Compact 2.230ms
[693.077s][info][gc,heap        ] GC(2548) PSYoungGen: 111616K(222720K)->0K(222720K) Eden: 111616K(111616K)->0K(111616K) From: 0K(111104K)->0K(111104K)
[693.077s][info][gc,heap        ] GC(2548) ParOldGen: 649770K(667648K)->664098K(667648K)
[693.077s][info][gc,metaspace   ] GC(2548) Metaspace: 19163K(19328K)->19163K(19328K) NonClass: 16497K(16576K)->16497K(16576K) Class: 2666K(2752K)->2666K(2752K)
[693.077s][info][gc             ] GC(2548) Pause Full (Allocation Failure) 743M->648M(869M) 948.659ms
[693.077s][info][gc,cpu         ] GC(2548) User=1.85s Sys=0.01s Real=0.94s
[693.169s][info][gc,start       ] GC(2549) Pause Full (Allocation Failure)
[693.169s][info][gc,phases,start] GC(2549) Marking Phase
[693.649s][info][gc,phases      ] GC(2549) Marking Phase 480.395ms
[693.649s][info][gc,phases,start] GC(2549) Summary Phase
[693.649s][info][gc,phases      ] GC(2549) Summary Phase 0.025ms
[693.649s][info][gc,phases,start] GC(2549) Forward
[693.650s][info][gc,phases      ] GC(2549) Forward 0.710ms
[693.650s][info][gc,phases,start] GC(2549) Adjust Pointers
[693.964s][info][gc,phases      ] GC(2549) Adjust Pointers 313.510ms
[693.964s][info][gc,phases,start] GC(2549) Compaction Phase
[694.108s][info][gc,phases      ] GC(2549) Compaction Phase 144.273ms
[694.108s][info][gc,phases,start] GC(2549) Post Compact
[694.110s][info][gc,phases      ] GC(2549) Post Compact 2.203ms
[694.110s][info][gc,heap        ] GC(2549) PSYoungGen: 111616K(222720K)->0K(222720K) Eden: 111616K(111616K)->0K(111616K) From: 0K(111104K)->0K(111104K)
[694.110s][info][gc,heap        ] GC(2549) ParOldGen: 664098K(667648K)->664757K(667648K)
[694.110s][info][gc,metaspace   ] GC(2549) Metaspace: 19163K(19328K)->19163K(19328K) NonClass: 16497K(16576K)->16497K(16576K) Class: 2666K(2752K)->2666K(2752K)
[694.110s][info][gc             ] GC(2549) Pause Full (Allocation Failure) 757M->649M(869M) 941.481ms
[694.110s][info][gc,cpu         ] GC(2549) User=1.84s Sys=0.00s Real=0.94s
[694.236s][info][gc,start       ] GC(2550) Pause Full (Allocation Failure)
[694.236s][info][gc,phases,start] GC(2550) Marking Phase
[694.713s][info][gc,phases      ] GC(2550) Marking Phase 477.317ms
[694.713s][info][gc,phases,start] GC(2550) Summary Phase
[694.713s][info][gc,phases      ] GC(2550) Summary Phase 0.035ms
[694.713s][info][gc,phases,start] GC(2550) Forward
[694.714s][info][gc,phases      ] GC(2550) Forward 0.428ms
[694.714s][info][gc,phases,start] GC(2550) Adjust Pointers
[695.029s][info][gc,phases      ] GC(2550) Adjust Pointers 315.321ms
[695.029s][info][gc,phases,start] GC(2550) Compaction Phase
[695.174s][info][gc,phases      ] GC(2550) Compaction Phase 144.529ms
[695.174s][info][gc,phases,start] GC(2550) Post Compact
[695.176s][info][gc,phases      ] GC(2550) Post Compact 2.236ms
[695.176s][info][gc,heap        ] GC(2550) PSYoungGen: 111616K(222720K)->0K(222720K) Eden: 111616K(111616K)->0K(111616K) From: 0K(111104K)->0K(111104K)
[695.176s][info][gc,heap        ] GC(2550) ParOldGen: 664757K(667648K)->664913K(667648K)
[695.176s][info][gc,metaspace   ] GC(2550) Metaspace: 19163K(19328K)->19163K(19328K) NonClass: 16497K(16576K)->16497K(16576K) Class: 2666K(2752K)->2666K(2752K)
[695.176s][info][gc             ] GC(2550) Pause Full (Allocation Failure) 758M->649M(869M) 940.204ms
[695.176s][info][gc,cpu         ] GC(2550) User=1.84s Sys=0.00s Real=0.94s
[695.293s][info][gc,start       ] GC(2551) Pause Full (Allocation Failure)
[695.293s][info][gc,phases,start] GC(2551) Marking Phase
[695.777s][info][gc,phases      ] GC(2551) Marking Phase 484.092ms
[695.777s][info][gc,phases,start] GC(2551) Summary Phase
[695.777s][info][gc,phases      ] GC(2551) Summary Phase 0.025ms
[695.777s][info][gc,phases,start] GC(2551) Forward
[695.780s][info][gc,phases      ] GC(2551) Forward 3.291ms
[695.780s][info][gc,phases,start] GC(2551) Adjust Pointers
[696.098s][info][gc,phases      ] GC(2551) Adjust Pointers 318.086ms
[696.098s][info][gc,phases,start] GC(2551) Compaction Phase
[696.243s][info][gc,phases      ] GC(2551) Compaction Phase 144.174ms
[696.243s][info][gc,phases,start] GC(2551) Post Compact
[696.245s][info][gc,phases      ] GC(2551) Post Compact 2.191ms
[696.245s][info][gc,heap        ] GC(2551) PSYoungGen: 111616K(222720K)->1154K(222720K) Eden: 111616K(111616K)->1154K(111616K) From: 0K(111104K)->0K(111104K)
[696.245s][info][gc,heap        ] GC(2551) ParOldGen: 664913K(667648K)->667635K(667648K)
[696.245s][info][gc,metaspace   ] GC(2551) Metaspace: 19163K(19328K)->19163K(19328K) NonClass: 16497K(16576K)->16497K(16576K) Class: 2666K(2752K)->2666K(2752K)
[696.245s][info][gc             ] GC(2551) Pause Full (Allocation Failure) 758M->653M(869M) 952.262ms
[696.245s][info][gc,cpu         ] GC(2551) User=1.86s Sys=0.00s Real=0.95s
[696.467s][info][gc,start       ] GC(2552) Pause Full (Allocation Failure)
[696.467s][info][gc,phases,start] GC(2552) Marking Phase
[696.844s][info][gc,phases      ] GC(2552) Marking Phase 376.679ms
[696.844s][info][gc,phases,start] GC(2552) Summary Phase
[696.844s][info][gc,phases      ] GC(2552) Summary Phase 0.027ms
[696.844s][info][gc,phases,start] GC(2552) Forward
[696.985s][info][gc,phases      ] GC(2552) Forward 140.622ms
[696.985s][info][gc,phases,start] GC(2552) Adjust Pointers
[697.268s][info][gc,phases      ] GC(2552) Adjust Pointers 283.631ms
[697.269s][info][gc,phases,start] GC(2552) Compaction Phase
[697.473s][info][gc,phases      ] GC(2552) Compaction Phase 204.720ms
[697.485s][info][gc,phases,start] GC(2552) Post Compact
[697.487s][info][gc,phases      ] GC(2552) Post Compact 2.290ms
[697.487s][info][gc,heap        ] GC(2552) PSYoungGen: 111616K(222720K)->0K(222720K) Eden: 111616K(111616K)->0K(111616K) From: 0K(111104K)->0K(111104K)
[697.487s][info][gc,heap        ] GC(2552) ParOldGen: 667635K(667648K)->525119K(667648K)
[697.487s][info][gc,metaspace   ] GC(2552) Metaspace: 19163K(19328K)->19163K(19328K) NonClass: 16497K(16576K)->16497K(16576K) Class: 2666K(2752K)->2666K(2752K)
[697.487s][info][gc             ] GC(2552) Pause Full (Allocation Failure) 760M->512M(869M) 1019.637ms
[697.487s][info][gc,cpu         ] GC(2552) User=1.93s Sys=0.00s Real=1.01s
[697.628s][info][gc,start       ] GC(2553) Pause Young (Allocation Failure)
[697.649s][info][gc,heap        ] GC(2553) PSYoungGen: 111616K(222720K)->16608K(222720K) Eden: 111616K(111616K)->0K(111616K) From: 0K(111104K)->16608K(111104K)
[697.649s][info][gc,heap        ] GC(2553) ParOldGen: 525119K(667648K)->525119K(667648K)
[697.649s][info][gc,metaspace   ] GC(2553) Metaspace: 19163K(19328K)->19163K(19328K) NonClass: 16497K(16576K)->16497K(16576K) Class: 2666K(2752K)->2666K(2752K)
[697.649s][info][gc             ] GC(2553) Pause Young (Allocation Failure) 621M->529M(869M) 20.314ms
[697.649s][info][gc,cpu         ] GC(2553) User=0.04s Sys=0.00s Real=0.02s
[697.909s][info][gc,start       ] GC(2554) Pause Young (Allocation Failure)
[697.937s][info][gc,heap        ] GC(2554) PSYoungGen: 128224K(222720K)->10779K(122880K) Eden: 111616K(111616K)->0K(111616K) From: 16608K(111104K)->10779K(11264K)
[697.937s][info][gc,heap        ] GC(2554) ParOldGen: 525119K(667648K)->541719K(667648K)
[697.937s][info][gc,metaspace   ] GC(2554) Metaspace: 19163K(19328K)->19163K(19328K) NonClass: 16497K(16576K)->16497K(16576K) Class: 2666K(2752K)->2666K(2752K)
[697.937s][info][gc             ] GC(2554) Pause Young (Allocation Failure) 638M->539M(772M) 28.041ms
[697.937s][info][gc,cpu         ] GC(2554) User=0.05s Sys=0.00s Real=0.02s
[698.064s][info][gc,start       ] GC(2555) Pause Young (Allocation Failure)
[698.084s][info][gc,heap        ] GC(2555) PSYoungGen: 122395K(122880K)->20347K(212992K) Eden: 111616K(111616K)->0K(114688K) From: 10779K(11264K)->20347K(98304K)
[698.084s][info][gc,heap        ] GC(2555) ParOldGen: 541719K(667648K)->541719K(667648K)
[698.084s][info][gc,metaspace   ] GC(2555) Metaspace: 19163K(19328K)->19163K(19328K) NonClass: 16497K(16576K)->16497K(16576K) Class: 2666K(2752K)->2666K(2752K)
[698.084s][info][gc             ] GC(2555) Pause Young (Allocation Failure) 648M->548M(860M) 20.523ms
[698.084s][info][gc,cpu         ] GC(2555) User=0.04s Sys=0.00s Real=0.02s
[698.202s][info][gc,start       ] GC(2556) Pause Young (Allocation Failure)
[698.227s][info][gc,heap        ] GC(2556) PSYoungGen: 135035K(212992K)->28299K(143360K) Eden: 114688K(114688K)->0K(114688K) From: 20347K(98304K)->28299K(28672K)
[698.227s][info][gc,heap        ] GC(2556) ParOldGen: 541719K(667648K)->541719K(667648K)
[698.227s][info][gc,metaspace   ] GC(2556) Metaspace: 19163K(19328K)->19163K(19328K) NonClass: 16497K(16576K)->16497K(16576K) Class: 2666K(2752K)->2666K(2752K)
[698.227s][info][gc             ] GC(2556) Pause Young (Allocation Failure) 660M->556M(792M) 24.768ms
[698.227s][info][gc,cpu         ] GC(2556) User=0.04s Sys=0.01s Real=0.02s
[698.358s][info][gc,start       ] GC(2557) Pause Young (Allocation Failure)
[698.390s][info][gc,heap        ] GC(2557) PSYoungGen: 142987K(143360K)->33803K(206848K) Eden: 114688K(114688K)->0K(118784K) From: 28299K(28672K)->33803K(88064K)
[698.390s][info][gc,heap        ] GC(2557) ParOldGen: 541719K(667648K)->541719K(667648K)
[698.390s][info][gc,metaspace   ] GC(2557) Metaspace: 19163K(19328K)->19163K(19328K) NonClass: 16497K(16576K)->16497K(16576K) Class: 2666K(2752K)->2666K(2752K)
[698.390s][info][gc             ] GC(2557) Pause Young (Allocation Failure) 668M->562M(854M) 31.658ms
[698.390s][info][gc,cpu         ] GC(2557) User=0.06s Sys=0.00s Real=0.03s
[698.513s][info][gc,start       ] GC(2558) Pause Young (Allocation Failure)
[698.548s][info][gc,heap        ] GC(2558) PSYoungGen: 152587K(206848K)->38267K(210432K) Eden: 118784K(118784K)->0K(118784K) From: 33803K(88064K)->38267K(91648K)
[698.548s][info][gc,heap        ] GC(2558) ParOldGen: 541719K(667648K)->541719K(667648K)
[698.548s][info][gc,metaspace   ] GC(2558) Metaspace: 19163K(19328K)->19163K(19328K) NonClass: 16497K(16576K)->16497K(16576K) Class: 2666K(2752K)->2666K(2752K)
[698.548s][info][gc             ] GC(2558) Pause Young (Allocation Failure) 678M->566M(857M) 35.522ms
[698.548s][info][gc,cpu         ] GC(2558) User=0.07s Sys=0.00s Real=0.04s
[698.786s][info][gc,start       ] GC(2559) Pause Young (Allocation Failure)
[698.824s][info][gc,heap        ] GC(2559) PSYoungGen: 157051K(210432K)->41323K(209920K) Eden: 118784K(118784K)->0K(122880K) From: 38267K(91648K)->41323K(87040K)
[698.824s][info][gc,heap        ] GC(2559) ParOldGen: 541719K(667648K)->541719K(667648K)
[698.824s][info][gc,metaspace   ] GC(2559) Metaspace: 19163K(19328K)->19163K(19328K) NonClass: 16497K(16576K)->16497K(16576K) Class: 2666K(2752K)->2666K(2752K)
[698.824s][info][gc             ] GC(2559) Pause Young (Allocation Failure) 682M->569M(857M) 37.939ms
[698.824s][info][gc,cpu         ] GC(2559) User=0.08s Sys=0.00s Real=0.04s
[699.030s][info][gc,start       ] GC(2560) Pause Young (Allocation Failure)
[699.074s][info][gc,heap        ] GC(2560) PSYoungGen: 164203K(209920K)->48731K(211456K) Eden: 122880K(122880K)->0K(122880K) From: 41323K(87040K)->48731K(88576K)
[699.074s][info][gc,heap        ] GC(2560) ParOldGen: 541719K(667648K)->541719K(667648K)
[699.074s][info][gc,metaspace   ] GC(2560) Metaspace: 19165K(19328K)->19165K(19328K) NonClass: 16499K(16576K)->16499K(16576K) Class: 2666K(2752K)->2666K(2752K)
[699.074s][info][gc             ] GC(2560) Pause Young (Allocation Failure) 689M->576M(858M) 44.851ms
[699.074s][info][gc,cpu         ] GC(2560) User=0.09s Sys=0.00s Real=0.04s
[699.219s][info][gc,start       ] GC(2561) Pause Young (Allocation Failure)
[699.271s][info][gc,heap        ] GC(2561) PSYoungGen: 171611K(211456K)->56987K(214016K) Eden: 122880K(122880K)->0K(123904K) From: 48731K(88576K)->56987K(90112K)
[699.271s][info][gc,heap        ] GC(2561) ParOldGen: 541719K(667648K)->541719K(667648K)
[699.271s][info][gc,metaspace   ] GC(2561) Metaspace: 19165K(19328K)->19165K(19328K) NonClass: 16499K(16576K)->16499K(16576K) Class: 2666K(2752K)->2666K(2752K)
[699.271s][info][gc             ] GC(2561) Pause Young (Allocation Failure) 696M->584M(861M) 52.316ms
[699.271s][info][gc,cpu         ] GC(2561) User=0.10s Sys=0.00s Real=0.05s
[699.379s][info][gc,start       ] GC(2562) Pause Young (Allocation Failure)
[699.420s][info][gc,heap        ] GC(2562) PSYoungGen: 180891K(214016K)->52315K(217600K) Eden: 123904K(123904K)->0K(123904K) From: 56987K(90112K)->52315K(93696K)
[699.420s][info][gc,heap        ] GC(2562) ParOldGen: 541719K(667648K)->541719K(667648K)
[699.420s][info][gc,metaspace   ] GC(2562) Metaspace: 19165K(19328K)->19165K(19328K) NonClass: 16499K(16576K)->16499K(16576K) Class: 2666K(2752K)->2666K(2752K)
[699.420s][info][gc             ] GC(2562) Pause Young (Allocation Failure) 705M->580M(864M) 41.446ms
[699.420s][info][gc,cpu         ] GC(2562) User=0.08s Sys=0.00s Real=0.04s
[699.538s][info][gc,start       ] GC(2563) Pause Young (Allocation Failure)
[699.611s][info][gc,heap        ] GC(2563) PSYoungGen: 176219K(217600K)->91835K(209408K) Eden: 123904K(123904K)->0K(114688K) From: 52315K(93696K)->91835K(94720K)
[699.611s][info][gc,heap        ] GC(2563) ParOldGen: 541719K(667648K)->541719K(667648K)
[699.611s][info][gc,metaspace   ] GC(2563) Metaspace: 19165K(19328K)->19165K(19328K) NonClass: 16499K(16576K)->16499K(16576K) Class: 2666K(2752K)->2666K(2752K)
[699.611s][info][gc             ] GC(2563) Pause Young (Allocation Failure) 701M->618M(856M) 72.165ms
[699.611s][info][gc,cpu         ] GC(2563) User=0.13s Sys=0.01s Real=0.07s
[699.750s][info][gc,start       ] GC(2564) Pause Young (Allocation Failure)
[699.814s][info][gc,heap        ] GC(2564) PSYoungGen: 206523K(209408K)->94875K(209920K) Eden: 114688K(114688K)->0K(114688K) From: 91835K(94720K)->94875K(95232K)
[699.814s][info][gc,heap        ] GC(2564) ParOldGen: 541719K(667648K)->541719K(667648K)
[699.814s][info][gc,metaspace   ] GC(2564) Metaspace: 19165K(19328K)->19165K(19328K) NonClass: 16499K(16576K)->16499K(16576K) Class: 2666K(2752K)->2666K(2752K)
[699.814s][info][gc             ] GC(2564) Pause Young (Allocation Failure) 730M->621M(857M) 64.438ms
[699.814s][info][gc,cpu         ] GC(2564) User=0.13s Sys=0.00s Real=0.06s
[699.992s][info][gc,start       ] GC(2565) Pause Young (Allocation Failure)
[700.091s][info][gc,heap        ] GC(2565) PSYoungGen: 209563K(209920K)->104000K(222720K) Eden: 114688K(114688K)->0K(111616K) From: 94875K(95232K)->104000K(111104K)
[700.091s][info][gc,heap        ] GC(2565) ParOldGen: 541719K(667648K)->546171K(667648K)
[700.091s][info][gc,metaspace   ] GC(2565) Metaspace: 19165K(19328K)->19165K(19328K) NonClass: 16499K(16576K)->16499K(16576K) Class: 2666K(2752K)->2666K(2752K)
[700.091s][info][gc             ] GC(2565) Pause Young (Allocation Failure) 733M->634M(869M) 99.617ms
[700.091s][info][gc,cpu         ] GC(2565) User=0.18s Sys=0.01s Real=0.10s
[700.223s][info][gc,start       ] GC(2566) Pause Young (Allocation Failure)
[700.339s][info][gc,heap        ] GC(2566) PSYoungGen: 215616K(222720K)->111072K(222720K) Eden: 111616K(111616K)->0K(111616K) From: 104000K(111104K)->111072K(111104K)
[700.339s][info][gc,heap        ] GC(2566) ParOldGen: 546171K(667648K)->555851K(667648K)
[700.340s][info][gc,metaspace   ] GC(2566) Metaspace: 19165K(19328K)->19165K(19328K) NonClass: 16499K(16576K)->16499K(16576K) Class: 2666K(2752K)->2666K(2752K)
[700.340s][info][gc             ] GC(2566) Pause Young (Allocation Failure) 743M->651M(869M) 116.088ms
[700.340s][info][gc,cpu         ] GC(2566) User=0.23s Sys=0.00s Real=0.12s
[700.457s][info][gc,start       ] GC(2567) Pause Young (Allocation Failure)
[700.584s][info][gc,heap        ] GC(2567) PSYoungGen: 222688K(222720K)->111072K(222720K) Eden: 111616K(111616K)->0K(111616K) From: 111072K(111104K)->111072K(111104K)
[700.584s][info][gc,heap        ] GC(2567) ParOldGen: 555851K(667648K)->566955K(667648K)
[700.584s][info][gc,metaspace   ] GC(2567) Metaspace: 19165K(19328K)->19165K(19328K) NonClass: 16499K(16576K)->16499K(16576K) Class: 2666K(2752K)->2666K(2752K)
[700.584s][info][gc             ] GC(2567) Pause Young (Allocation Failure) 760M->662M(869M) 126.387ms
[700.584s][info][gc,cpu         ] GC(2567) User=0.25s Sys=0.00s Real=0.12s
[700.689s][info][gc,start       ] GC(2568) Pause Young (Allocation Failure)
[700.797s][info][gc,heap        ] GC(2568) PSYoungGen: 222688K(222720K)->111072K(222720K) Eden: 111616K(111616K)->0K(111616K) From: 111072K(111104K)->111072K(111104K)
[700.797s][info][gc,heap        ] GC(2568) ParOldGen: 566955K(667648K)->567587K(667648K)
[700.797s][info][gc,metaspace   ] GC(2568) Metaspace: 19165K(19328K)->19165K(19328K) NonClass: 16499K(16576K)->16499K(16576K) Class: 2666K(2752K)->2666K(2752K)
[700.797s][info][gc             ] GC(2568) Pause Young (Allocation Failure) 771M->662M(869M) 107.988ms
[700.797s][info][gc,cpu         ] GC(2568) User=0.21s Sys=0.00s Real=0.10s
[700.924s][info][gc,start       ] GC(2569) Pause Young (Allocation Failure)
[701.034s][info][gc,heap        ] GC(2569) PSYoungGen: 222688K(222720K)->43104K(222720K) Eden: 111616K(111616K)->0K(111616K) From: 111072K(111104K)->43104K(111104K)
[701.034s][info][gc,heap        ] GC(2569) ParOldGen: 567587K(667648K)->640615K(667648K)
[701.034s][info][gc,metaspace   ] GC(2569) Metaspace: 19165K(19328K)->19165K(19328K) NonClass: 16499K(16576K)->16499K(16576K) Class: 2666K(2752K)->2666K(2752K)
[701.034s][info][gc             ] GC(2569) Pause Young (Allocation Failure) 771M->667M(869M) 110.630ms
[701.034s][info][gc,cpu         ] GC(2569) User=0.22s Sys=0.00s Real=0.11s
[701.176s][info][gc,start       ] GC(2570) Pause Full (Allocation Failure)
[701.176s][info][gc,phases,start] GC(2570) Marking Phase
[701.549s][info][gc,phases      ] GC(2570) Marking Phase 373.132ms
[701.549s][info][gc,phases,start] GC(2570) Summary Phase
[701.549s][info][gc,phases      ] GC(2570) Summary Phase 0.028ms
[701.549s][info][gc,phases,start] GC(2570) Forward
[701.663s][info][gc,phases      ] GC(2570) Forward 113.400ms
[701.663s][info][gc,phases,start] GC(2570) Adjust Pointers
[701.927s][info][gc,phases      ] GC(2570) Adjust Pointers 264.525ms
[701.927s][info][gc,phases,start] GC(2570) Compaction Phase
[702.087s][info][gc,phases      ] GC(2570) Compaction Phase 159.588ms
[702.096s][info][gc,phases,start] GC(2570) Post Compact
[702.098s][info][gc,phases      ] GC(2570) Post Compact 2.343ms
[702.098s][info][gc,heap        ] GC(2570) PSYoungGen: 154720K(222720K)->0K(222720K) Eden: 111616K(111616K)->0K(111616K) From: 43104K(111104K)->0K(111104K)
[702.098s][info][gc,heap        ] GC(2570) ParOldGen: 640615K(667648K)->515397K(667648K)
[702.098s][info][gc,metaspace   ] GC(2570) Metaspace: 19165K(19328K)->19165K(19328K) NonClass: 16499K(16576K)->16499K(16576K) Class: 2666K(2752K)->2666K(2752K)
[702.098s][info][gc             ] GC(2570) Pause Full (Allocation Failure) 776M->503M(869M) 922.560ms
[702.098s][info][gc,cpu         ] GC(2570) User=1.73s Sys=0.00s Real=0.93s
[702.289s][info][gc,start       ] GC(2571) Pause Young (Allocation Failure)
[702.316s][info][gc,heap        ] GC(2571) PSYoungGen: 111616K(222720K)->16464K(222720K) Eden: 111616K(111616K)->0K(111616K) From: 0K(111104K)->16464K(111104K)
[702.316s][info][gc,heap        ] GC(2571) ParOldGen: 515397K(667648K)->515397K(667648K)
[702.316s][info][gc,metaspace   ] GC(2571) Metaspace: 19165K(19328K)->19165K(19328K) NonClass: 16499K(16576K)->16499K(16576K) Class: 2666K(2752K)->2666K(2752K)
[702.316s][info][gc             ] GC(2571) Pause Young (Allocation Failure) 612M->519M(869M) 27.080ms
[702.316s][info][gc,cpu         ] GC(2571) User=0.06s Sys=0.00s Real=0.02s
[702.461s][info][gc,start       ] GC(2572) Pause Young (Allocation Failure)
[702.491s][info][gc,heap        ] GC(2572) PSYoungGen: 128080K(222720K)->27152K(222720K) Eden: 111616K(111616K)->0K(111616K) From: 16464K(111104K)->27152K(111104K)
[702.491s][info][gc,heap        ] GC(2572) ParOldGen: 515397K(667648K)->515397K(667648K)
[702.491s][info][gc,metaspace   ] GC(2572) Metaspace: 19165K(19328K)->19165K(19328K) NonClass: 16499K(16576K)->16499K(16576K) Class: 2666K(2752K)->2666K(2752K)
[702.491s][info][gc             ] GC(2572) Pause Young (Allocation Failure) 628M->529M(869M) 29.818ms
[702.491s][info][gc,cpu         ] GC(2572) User=0.06s Sys=0.00s Real=0.03s
[702.648s][info][gc,start       ] GC(2573) Pause Young (Allocation Failure)
[702.703s][info][gc,heap        ] GC(2573) PSYoungGen: 138768K(222720K)->66432K(222720K) Eden: 111616K(111616K)->0K(111616K) From: 27152K(111104K)->66432K(111104K)
[702.703s][info][gc,heap        ] GC(2573) ParOldGen: 515397K(667648K)->515397K(667648K)
[702.703s][info][gc,metaspace   ] GC(2573) Metaspace: 19165K(19328K)->19165K(19328K) NonClass: 16499K(16576K)->16499K(16576K) Class: 2666K(2752K)->2666K(2752K)
[702.703s][info][gc             ] GC(2573) Pause Young (Allocation Failure) 638M->568M(869M) 54.777ms
[702.703s][info][gc,cpu         ] GC(2573) User=0.11s Sys=0.00s Real=0.05s
[702.862s][info][gc,start       ] GC(2574) Pause Young (Allocation Failure)
[702.932s][info][gc,heap        ] GC(2574) PSYoungGen: 178048K(222720K)->50896K(222720K) Eden: 111616K(111616K)->0K(111616K) From: 66432K(111104K)->50896K(111104K)
[702.932s][info][gc,heap        ] GC(2574) ParOldGen: 515397K(667648K)->542566K(667648K)
[702.932s][info][gc,metaspace   ] GC(2574) Metaspace: 19165K(19328K)->19165K(19328K) NonClass: 16499K(16576K)->16499K(16576K) Class: 2666K(2752K)->2666K(2752K)
[702.932s][info][gc             ] GC(2574) Pause Young (Allocation Failure) 677M->579M(869M) 70.527ms
[702.932s][info][gc,cpu         ] GC(2574) User=0.14s Sys=0.00s Real=0.07s
[703.113s][info][gc,start       ] GC(2575) Pause Young (Allocation Failure)
[703.158s][info][gc,heap        ] GC(2575) PSYoungGen: 162512K(222720K)->128K(222720K) Eden: 111616K(111616K)->0K(111616K) From: 50896K(111104K)->128K(111104K)
[703.158s][info][gc,heap        ] GC(2575) ParOldGen: 542566K(667648K)->593798K(667648K)
[703.158s][info][gc,metaspace   ] GC(2575) Metaspace: 19165K(19328K)->19165K(19328K) NonClass: 16499K(16576K)->16499K(16576K) Class: 2666K(2752K)->2666K(2752K)
[703.158s][info][gc             ] GC(2575) Pause Young (Allocation Failure) 688M->580M(869M) 45.129ms
[703.158s][info][gc,cpu         ] GC(2575) User=0.09s Sys=0.00s Real=0.05s
[703.325s][info][gc,start       ] GC(2576) Pause Young (Allocation Failure)
[703.340s][info][gc,heap        ] GC(2576) PSYoungGen: 111744K(222720K)->11584K(222720K) Eden: 111616K(111616K)->0K(111616K) From: 128K(111104K)->11584K(111104K)
[703.340s][info][gc,heap        ] GC(2576) ParOldGen: 593798K(667648K)->593894K(667648K)
[703.340s][info][gc,metaspace   ] GC(2576) Metaspace: 19165K(19328K)->19165K(19328K) NonClass: 16499K(16576K)->16499K(16576K) Class: 2666K(2752K)->2666K(2752K)
[703.340s][info][gc             ] GC(2576) Pause Young (Allocation Failure) 689M->591M(869M) 14.640ms
[703.340s][info][gc,cpu         ] GC(2576) User=0.02s Sys=0.00s Real=0.02s
[703.459s][info][gc,start       ] GC(2577) Pause Young (Allocation Failure)
[703.482s][info][gc,heap        ] GC(2577) PSYoungGen: 123200K(222720K)->9312K(222720K) Eden: 111616K(111616K)->0K(111616K) From: 11584K(111104K)->9312K(111104K)
[703.482s][info][gc,heap        ] GC(2577) ParOldGen: 593894K(667648K)->605494K(667648K)
[703.482s][info][gc,metaspace   ] GC(2577) Metaspace: 19165K(19328K)->19165K(19328K) NonClass: 16499K(16576K)->16499K(16576K) Class: 2666K(2752K)->2666K(2752K)
[703.482s][info][gc             ] GC(2577) Pause Young (Allocation Failure) 700M->600M(869M) 23.000ms
[703.482s][info][gc,cpu         ] GC(2577) User=0.05s Sys=0.00s Real=0.02s
[703.601s][info][gc,start       ] GC(2578) Pause Young (Allocation Failure)
[703.617s][info][gc,heap        ] GC(2578) PSYoungGen: 120928K(222720K)->2816K(222720K) Eden: 111616K(111616K)->0K(111616K) From: 9312K(111104K)->2816K(111104K)
[703.617s][info][gc,heap        ] GC(2578) ParOldGen: 605494K(667648K)->614830K(667648K)
[703.617s][info][gc,metaspace   ] GC(2578) Metaspace: 19165K(19328K)->19165K(19328K) NonClass: 16499K(16576K)->16499K(16576K) Class: 2666K(2752K)->2666K(2752K)
[703.617s][info][gc             ] GC(2578) Pause Young (Allocation Failure) 709M->603M(869M) 16.046ms
[703.617s][info][gc,cpu         ] GC(2578) User=0.03s Sys=0.00s Real=0.01s
[703.755s][info][gc,start       ] GC(2579) Pause Full (Allocation Failure)
[703.755s][info][gc,phases,start] GC(2579) Marking Phase
[704.096s][info][gc,phases      ] GC(2579) Marking Phase 340.374ms
[704.096s][info][gc,phases,start] GC(2579) Summary Phase
[704.096s][info][gc,phases      ] GC(2579) Summary Phase 0.026ms
[704.096s][info][gc,phases,start] GC(2579) Forward
[704.233s][info][gc,phases      ] GC(2579) Forward 137.171ms
[704.233s][info][gc,phases,start] GC(2579) Adjust Pointers
[704.480s][info][gc,phases      ] GC(2579) Adjust Pointers 247.059ms
[704.480s][info][gc,phases,start] GC(2579) Compaction Phase
[704.630s][info][gc,phases      ] GC(2579) Compaction Phase 150.485ms
[704.640s][info][gc,phases,start] GC(2579) Post Compact
[704.642s][info][gc,phases      ] GC(2579) Post Compact 2.190ms
[704.642s][info][gc,heap        ] GC(2579) PSYoungGen: 114432K(222720K)->0K(222720K) Eden: 111616K(111616K)->0K(111616K) From: 2816K(111104K)->0K(111104K)
[704.642s][info][gc,heap        ] GC(2579) ParOldGen: 614830K(667648K)->464479K(667648K)
[704.642s][info][gc,metaspace   ] GC(2579) Metaspace: 19165K(19328K)->19165K(19328K) NonClass: 16499K(16576K)->16499K(16576K) Class: 2666K(2752K)->2666K(2752K)
[704.642s][info][gc             ] GC(2579) Pause Full (Allocation Failure) 712M->453M(869M) 887.024ms
[704.642s][info][gc,cpu         ] GC(2579) User=1.65s Sys=0.00s Real=0.89s
[704.897s][info][gc,start       ] GC(2580) Pause Young (Allocation Failure)
[704.903s][info][gc,heap        ] GC(2580) PSYoungGen: 111616K(222720K)->4192K(222720K) Eden: 111616K(111616K)->0K(111616K) From: 0K(111104K)->4192K(111104K)
[704.903s][info][gc,heap        ] GC(2580) ParOldGen: 464479K(667648K)->464479K(667648K)
[704.903s][info][gc,metaspace   ] GC(2580) Metaspace: 19165K(19328K)->19165K(19328K) NonClass: 16499K(16576K)->16499K(16576K) Class: 2666K(2752K)->2666K(2752K)
[704.903s][info][gc             ] GC(2580) Pause Young (Allocation Failure) 562M->457M(869M) 6.591ms
[704.903s][info][gc,cpu         ] GC(2580) User=0.01s Sys=0.00s Real=0.01s
[705.138s][info][gc,start       ] GC(2581) Pause Young (Allocation Failure)
[705.144s][info][gc,heap        ] GC(2581) PSYoungGen: 115808K(222720K)->64K(222720K) Eden: 111616K(111616K)->0K(111616K) From: 4192K(111104K)->64K(111104K)
[705.144s][info][gc,heap        ] GC(2581) ParOldGen: 464479K(667648K)->468634K(667648K)
[705.144s][info][gc,metaspace   ] GC(2581) Metaspace: 19165K(19328K)->19165K(19328K) NonClass: 16499K(16576K)->16499K(16576K) Class: 2666K(2752K)->2666K(2752K)
[705.144s][info][gc             ] GC(2581) Pause Young (Allocation Failure) 566M->457M(869M) 5.978ms
[705.144s][info][gc,cpu         ] GC(2581) User=0.01s Sys=0.00s Real=0.00s
[705.364s][info][gc,start       ] GC(2582) Pause Young (Allocation Failure)
[705.365s][info][gc,heap        ] GC(2582) PSYoungGen: 111680K(222720K)->64K(222720K) Eden: 111616K(111616K)->0K(111616K) From: 64K(111104K)->64K(111104K)
[705.366s][info][gc,heap        ] GC(2582) ParOldGen: 468634K(667648K)->468669K(667648K)
[705.366s][info][gc,metaspace   ] GC(2582) Metaspace: 19165K(19328K)->19165K(19328K) NonClass: 16499K(16576K)->16499K(16576K) Class: 2666K(2752K)->2666K(2752K)
[705.366s][info][gc             ] GC(2582) Pause Young (Allocation Failure) 566M->457M(869M) 1.621ms
[705.366s][info][gc,cpu         ] GC(2582) User=0.00s Sys=0.00s Real=0.00s
[705.586s][info][gc,start       ] GC(2583) Pause Young (Allocation Failure)
[705.593s][info][gc,heap        ] GC(2583) PSYoungGen: 111680K(222720K)->352K(222720K) Eden: 111616K(111616K)->0K(111616K) From: 64K(111104K)->352K(111104K)
[705.593s][info][gc,heap        ] GC(2583) ParOldGen: 468669K(667648K)->468685K(667648K)
[705.593s][info][gc,metaspace   ] GC(2583) Metaspace: 19165K(19328K)->19165K(19328K) NonClass: 16499K(16576K)->16499K(16576K) Class: 2666K(2752K)->2666K(2752K)
[705.593s][info][gc             ] GC(2583) Pause Young (Allocation Failure) 566M->458M(869M) 7.096ms
[705.593s][info][gc,cpu         ] GC(2583) User=0.01s Sys=0.00s Real=0.01s
[705.701s][info][gc,start       ] GC(2584) Pause Young (Allocation Failure)
[705.723s][info][gc,heap        ] GC(2584) PSYoungGen: 111968K(222720K)->29520K(222720K) Eden: 111616K(111616K)->0K(111616K) From: 352K(111104K)->29520K(111104K)
[705.723s][info][gc,heap        ] GC(2584) ParOldGen: 468685K(667648K)->468989K(667648K)
[705.723s][info][gc,metaspace   ] GC(2584) Metaspace: 19165K(19328K)->19165K(19328K) NonClass: 16499K(16576K)->16499K(16576K) Class: 2666K(2752K)->2666K(2752K)
[705.723s][info][gc             ] GC(2584) Pause Young (Allocation Failure) 567M->486M(869M) 22.108ms
[705.723s][info][gc,cpu         ] GC(2584) User=0.04s Sys=0.00s Real=0.02s
[705.807s][info][gc,start       ] GC(2585) Pause Young (Allocation Failure)
[705.852s][info][gc,heap        ] GC(2585) PSYoungGen: 141136K(222720K)->38208K(220672K) Eden: 111616K(111616K)->0K(111616K) From: 29520K(111104K)->38208K(109056K)
[705.852s][info][gc,heap        ] GC(2585) ParOldGen: 468989K(667648K)->498824K(667648K)
[705.853s][info][gc,metaspace   ] GC(2585) Metaspace: 19165K(19328K)->19165K(19328K) NonClass: 16499K(16576K)->16499K(16576K) Class: 2666K(2752K)->2666K(2752K)
[705.853s][info][gc             ] GC(2585) Pause Young (Allocation Failure) 595M->524M(867M) 45.093ms
[705.853s][info][gc,cpu         ] GC(2585) User=0.09s Sys=0.00s Real=0.04s
[706.002s][info][gc,start       ] GC(2586) Pause Young (Allocation Failure)
[706.030s][info][gc,heap        ] GC(2586) PSYoungGen: 149824K(220672K)->40768K(152576K) Eden: 111616K(111616K)->0K(111616K) From: 38208K(109056K)->40768K(40960K)
[706.030s][info][gc,heap        ] GC(2586) ParOldGen: 498824K(667648K)->498824K(667648K)
[706.030s][info][gc,metaspace   ] GC(2586) Metaspace: 19165K(19328K)->19165K(19328K) NonClass: 16499K(16576K)->16499K(16576K) Class: 2666K(2752K)->2666K(2752K)
[706.030s][info][gc             ] GC(2586) Pause Young (Allocation Failure) 633M->526M(801M) 27.912ms
[706.030s][info][gc,cpu         ] GC(2586) User=0.06s Sys=0.00s Real=0.03s
[706.197s][info][gc,start       ] GC(2587) Pause Young (Allocation Failure)
[706.261s][info][gc,heap        ] GC(2587) PSYoungGen: 152384K(152576K)->56480K(218624K) Eden: 111616K(111616K)->0K(112128K) From: 40768K(40960K)->56480K(106496K)
[706.261s][info][gc,heap        ] GC(2587) ParOldGen: 498824K(667648K)->498824K(667648K)
[706.261s][info][gc,metaspace   ] GC(2587) Metaspace: 19165K(19328K)->19165K(19328K) NonClass: 16499K(16576K)->16499K(16576K) Class: 2666K(2752K)->2666K(2752K)
[706.261s][info][gc             ] GC(2587) Pause Young (Allocation Failure) 635M->542M(865M) 64.329ms
[706.261s][info][gc,cpu         ] GC(2587) User=0.13s Sys=0.00s Real=0.07s
[706.446s][info][gc,start       ] GC(2588) Pause Young (Allocation Failure)
[706.502s][info][gc,heap        ] GC(2588) PSYoungGen: 168608K(218624K)->58752K(221184K) Eden: 112128K(112128K)->0K(112128K) From: 56480K(106496K)->58752K(109056K)
[706.502s][info][gc,heap        ] GC(2588) ParOldGen: 498824K(667648K)->498824K(667648K)
[706.502s][info][gc,metaspace   ] GC(2588) Metaspace: 19165K(19328K)->19165K(19328K) NonClass: 16499K(16576K)->16499K(16576K) Class: 2666K(2752K)->2666K(2752K)
[706.502s][info][gc             ] GC(2588) Pause Young (Allocation Failure) 651M->544M(868M) 56.019ms
[706.502s][info][gc,cpu         ] GC(2588) User=0.11s Sys=0.00s Real=0.06s
[706.675s][info][gc,start       ] GC(2589) Pause Young (Allocation Failure)
[706.735s][info][gc,heap        ] GC(2589) PSYoungGen: 170880K(221184K)->64153K(222720K) Eden: 112128K(112128K)->0K(111616K) From: 58752K(109056K)->64153K(111104K)
[706.735s][info][gc,heap        ] GC(2589) ParOldGen: 498824K(667648K)->498824K(667648K)
[706.735s][info][gc,metaspace   ] GC(2589) Metaspace: 19165K(19328K)->19165K(19328K) NonClass: 16499K(16576K)->16499K(16576K) Class: 2666K(2752K)->2666K(2752K)
[706.735s][info][gc             ] GC(2589) Pause Young (Allocation Failure) 654M->549M(869M) 59.849ms
[706.735s][info][gc,cpu         ] GC(2589) User=0.12s Sys=0.00s Real=0.06s
[706.791s][info][gc,start       ] GC(2590) Pause Young (Allocation Failure)
[706.878s][info][gc,heap        ] GC(2590) PSYoungGen: 175769K(222720K)->60217K(222720K) Eden: 111616K(111616K)->0K(111616K) From: 64153K(111104K)->60217K(111104K)
[706.878s][info][gc,heap        ] GC(2590) ParOldGen: 498824K(667648K)->539967K(667648K)
[706.878s][info][gc,metaspace   ] GC(2590) Metaspace: 19165K(19328K)->19165K(19328K) NonClass: 16499K(16576K)->16499K(16576K) Class: 2666K(2752K)->2666K(2752K)
[706.878s][info][gc             ] GC(2590) Pause Young (Allocation Failure) 658M->586M(869M) 86.532ms
[706.878s][info][gc,cpu         ] GC(2590) User=0.17s Sys=0.01s Real=0.09s
[706.993s][info][gc,start       ] GC(2591) Pause Young (Allocation Failure)
[707.064s][info][gc,heap        ] GC(2591) PSYoungGen: 171833K(222720K)->69209K(222720K) Eden: 111616K(111616K)->0K(111616K) From: 60217K(111104K)->69209K(111104K)
[707.064s][info][gc,heap        ] GC(2591) ParOldGen: 539967K(667648K)->558007K(667648K)
[707.064s][info][gc,metaspace   ] GC(2591) Metaspace: 19165K(19328K)->19165K(19328K) NonClass: 16499K(16576K)->16499K(16576K) Class: 2666K(2752K)->2666K(2752K)
[707.064s][info][gc             ] GC(2591) Pause Young (Allocation Failure) 695M->612M(869M) 71.818ms
[707.064s][info][gc,cpu         ] GC(2591) User=0.14s Sys=0.00s Real=0.07s
[707.169s][info][gc,start       ] GC(2592) Pause Young (Allocation Failure)
[707.214s][info][gc,heap        ] GC(2592) PSYoungGen: 180825K(222720K)->29152K(222720K) Eden: 111616K(111616K)->0K(111616K) From: 69209K(111104K)->29152K(111104K)
[707.214s][info][gc,heap        ] GC(2592) ParOldGen: 558007K(667648K)->600713K(667648K)
[707.214s][info][gc,metaspace   ] GC(2592) Metaspace: 19165K(19328K)->19165K(19328K) NonClass: 16499K(16576K)->16499K(16576K) Class: 2666K(2752K)->2666K(2752K)
[707.214s][info][gc             ] GC(2592) Pause Young (Allocation Failure) 721M->615M(869M) 45.275ms
[707.214s][info][gc,cpu         ] GC(2592) User=0.09s Sys=0.00s Real=0.04s
[707.354s][info][gc,start       ] GC(2593) Pause Young (Allocation Failure)
[707.400s][info][gc,heap        ] GC(2593) PSYoungGen: 140768K(222720K)->12480K(222720K) Eden: 111616K(111616K)->0K(111616K) From: 29152K(111104K)->12480K(111104K)
[707.400s][info][gc,heap        ] GC(2593) ParOldGen: 600713K(667648K)->630136K(667648K)
[707.400s][info][gc,metaspace   ] GC(2593) Metaspace: 19165K(19328K)->19165K(19328K) NonClass: 16499K(16576K)->16499K(16576K) Class: 2666K(2752K)->2666K(2752K)
[707.400s][info][gc             ] GC(2593) Pause Young (Allocation Failure) 724M->627M(869M) 46.280ms
[707.400s][info][gc,cpu         ] GC(2593) User=0.10s Sys=0.00s Real=0.05s
[707.547s][info][gc,start       ] GC(2594) Pause Full (Allocation Failure)
[707.547s][info][gc,phases,start] GC(2594) Marking Phase
[707.873s][info][gc,phases      ] GC(2594) Marking Phase 325.627ms
[707.873s][info][gc,phases,start] GC(2594) Summary Phase
[707.873s][info][gc,phases      ] GC(2594) Summary Phase 0.027ms
[707.873s][info][gc,phases,start] GC(2594) Forward
[707.997s][info][gc,phases      ] GC(2594) Forward 123.572ms
[707.997s][info][gc,phases,start] GC(2594) Adjust Pointers
[708.260s][info][gc,phases      ] GC(2594) Adjust Pointers 262.784ms
[708.260s][info][gc,phases,start] GC(2594) Compaction Phase
[708.399s][info][gc,phases      ] GC(2594) Compaction Phase 138.910ms
[708.413s][info][gc,phases,start] GC(2594) Post Compact
[708.415s][info][gc,phases      ] GC(2594) Post Compact 2.215ms
[708.415s][info][gc,heap        ] GC(2594) PSYoungGen: 124096K(222720K)->0K(222720K) Eden: 111616K(111616K)->0K(111616K) From: 12480K(111104K)->0K(111104K)
[708.415s][info][gc,heap        ] GC(2594) ParOldGen: 630136K(667648K)->482132K(667648K)
[708.415s][info][gc,metaspace   ] GC(2594) Metaspace: 19165K(19328K)->19165K(19328K) NonClass: 16499K(16576K)->16499K(16576K) Class: 2666K(2752K)->2666K(2752K)
[708.415s][info][gc             ] GC(2594) Pause Full (Allocation Failure) 736M->470M(869M) 868.091ms
[708.415s][info][gc,cpu         ] GC(2594) User=1.62s Sys=0.00s Real=0.86s
[708.569s][info][gc,start       ] GC(2595) Pause Young (Allocation Failure)
[708.570s][info][gc,heap        ] GC(2595) PSYoungGen: 111616K(222720K)->64K(220672K) Eden: 111616K(111616K)->0K(111616K) From: 0K(111104K)->64K(109056K)
[708.570s][info][gc,heap        ] GC(2595) ParOldGen: 482132K(667648K)->482132K(667648K)
[708.570s][info][gc,metaspace   ] GC(2595) Metaspace: 19165K(19328K)->19165K(19328K) NonClass: 16499K(16576K)->16499K(16576K) Class: 2666K(2752K)->2666K(2752K)
[708.570s][info][gc             ] GC(2595) Pause Young (Allocation Failure) 579M->470M(867M) 1.641ms
[708.570s][info][gc,cpu         ] GC(2595) User=0.00s Sys=0.00s Real=0.00s
[708.717s][info][gc,start       ] GC(2596) Pause Young (Allocation Failure)
[708.719s][info][gc,heap        ] GC(2596) PSYoungGen: 111680K(220672K)->64K(221696K) Eden: 111616K(111616K)->0K(111616K) From: 64K(109056K)->64K(110080K)
[708.719s][info][gc,heap        ] GC(2596) ParOldGen: 482132K(667648K)->482132K(667648K)
[708.719s][info][gc,metaspace   ] GC(2596) Metaspace: 19165K(19328K)->19165K(19328K) NonClass: 16499K(16576K)->16499K(16576K) Class: 2666K(2752K)->2666K(2752K)
[708.719s][info][gc             ] GC(2596) Pause Young (Allocation Failure) 579M->470M(868M) 1.629ms
[708.719s][info][gc,cpu         ] GC(2596) User=0.01s Sys=0.00s Real=0.00s
[708.865s][info][gc,start       ] GC(2597) Pause Young (Allocation Failure)
[708.867s][info][gc,heap        ] GC(2597) PSYoungGen: 111680K(221696K)->64K(220160K) Eden: 111616K(111616K)->0K(115200K) From: 64K(110080K)->64K(104960K)
[708.867s][info][gc,heap        ] GC(2597) ParOldGen: 482132K(667648K)->482132K(667648K)
[708.867s][info][gc,metaspace   ] GC(2597) Metaspace: 19165K(19328K)->19165K(19328K) NonClass: 16499K(16576K)->16499K(16576K) Class: 2666K(2752K)->2666K(2752K)
[708.867s][info][gc             ] GC(2597) Pause Young (Allocation Failure) 579M->470M(867M) 1.678ms
[708.867s][info][gc,cpu         ] GC(2597) User=0.00s Sys=0.00s Real=0.00s
[709.017s][info][gc,start       ] GC(2598) Pause Young (Allocation Failure)
[709.019s][info][gc,heap        ] GC(2598) PSYoungGen: 115264K(220160K)->64K(221696K) Eden: 115200K(115200K)->0K(115200K) From: 64K(104960K)->64K(106496K)
[709.019s][info][gc,heap        ] GC(2598) ParOldGen: 482132K(667648K)->482132K(667648K)
[709.019s][info][gc,metaspace   ] GC(2598) Metaspace: 19165K(19328K)->19165K(19328K) NonClass: 16499K(16576K)->16499K(16576K) Class: 2666K(2752K)->2666K(2752K)
[709.019s][info][gc             ] GC(2598) Pause Young (Allocation Failure) 583M->470M(868M) 1.768ms
[709.019s][info][gc,cpu         ] GC(2598) User=0.00s Sys=0.00s Real=0.01s
[709.170s][info][gc,start       ] GC(2599) Pause Young (Allocation Failure)
[709.172s][info][gc,heap        ] GC(2599) PSYoungGen: 115264K(221696K)->64K(214528K) Eden: 115200K(115200K)->0K(118784K) From: 64K(106496K)->64K(95744K)
[709.172s][info][gc,heap        ] GC(2599) ParOldGen: 482132K(667648K)->482132K(667648K)
[709.172s][info][gc,metaspace   ] GC(2599) Metaspace: 19165K(19328K)->19165K(19328K) NonClass: 16499K(16576K)->16499K(16576K) Class: 2666K(2752K)->2666K(2752K)
[709.172s][info][gc             ] GC(2599) Pause Young (Allocation Failure) 583M->470M(861M) 2.279ms
[709.172s][info][gc,cpu         ] GC(2599) User=0.00s Sys=0.00s Real=0.00s
[709.333s][info][gc,start       ] GC(2600) Pause Young (Allocation Failure)
[709.335s][info][gc,heap        ] GC(2600) PSYoungGen: 118848K(214528K)->64K(119296K) Eden: 118784K(118784K)->0K(118784K) From: 64K(95744K)->64K(512K)
[709.335s][info][gc,heap        ] GC(2600) ParOldGen: 482132K(667648K)->482132K(667648K)
[709.335s][info][gc,metaspace   ] GC(2600) Metaspace: 19165K(19328K)->19165K(19328K) NonClass: 16499K(16576K)->16499K(16576K) Class: 2666K(2752K)->2666K(2752K)
[709.335s][info][gc             ] GC(2600) Pause Young (Allocation Failure) 586M->470M(768M) 1.992ms
[709.335s][info][gc,cpu         ] GC(2600) User=0.01s Sys=0.00s Real=0.00s
[709.459s][info][gc,start       ] GC(2601) Pause Young (Allocation Failure)
[709.479s][info][gc,heap        ] GC(2601) PSYoungGen: 118848K(119296K)->16544K(204800K) Eden: 118784K(118784K)->0K(122368K) From: 64K(512K)->16544K(82432K)
[709.479s][info][gc,heap        ] GC(2601) ParOldGen: 482132K(667648K)->482132K(667648K)
[709.479s][info][gc,metaspace   ] GC(2601) Metaspace: 19165K(19328K)->19165K(19328K) NonClass: 16499K(16576K)->16499K(16576K) Class: 2666K(2752K)->2666K(2752K)
[709.479s][info][gc             ] GC(2601) Pause Young (Allocation Failure) 586M->486M(852M) 20.584ms
[709.479s][info][gc,cpu         ] GC(2601) User=0.04s Sys=0.00s Real=0.02s
[709.607s][info][gc,start       ] GC(2602) Pause Young (Allocation Failure)
[709.639s][info][gc,heap        ] GC(2602) PSYoungGen: 138912K(204800K)->31392K(211456K) Eden: 122368K(122368K)->0K(122368K) From: 16544K(82432K)->31392K(89088K)
[709.639s][info][gc,heap        ] GC(2602) ParOldGen: 482132K(667648K)->482132K(667648K)
[709.639s][info][gc,metaspace   ] GC(2602) Metaspace: 19165K(19328K)->19165K(19328K) NonClass: 16499K(16576K)->16499K(16576K) Class: 2666K(2752K)->2666K(2752K)
[709.639s][info][gc             ] GC(2602) Pause Young (Allocation Failure) 606M->501M(858M) 32.082ms
[709.639s][info][gc,cpu         ] GC(2602) User=0.06s Sys=0.00s Real=0.04s
[709.720s][info][gc,start       ] GC(2603) Pause Young (Allocation Failure)
[709.755s][info][gc,heap        ] GC(2603) PSYoungGen: 153760K(211456K)->35360K(213504K) Eden: 122368K(122368K)->0K(128512K) From: 31392K(89088K)->35360K(84992K)
[709.755s][info][gc,heap        ] GC(2603) ParOldGen: 482132K(667648K)->482132K(667648K)
[709.755s][info][gc,metaspace   ] GC(2603) Metaspace: 19165K(19328K)->19165K(19328K) NonClass: 16499K(16576K)->16499K(16576K) Class: 2666K(2752K)->2666K(2752K)
[709.755s][info][gc             ] GC(2603) Pause Young (Allocation Failure) 620M->505M(860M) 35.278ms
[709.755s][info][gc,cpu         ] GC(2603) User=0.07s Sys=0.00s Real=0.03s
[709.874s][info][gc,start       ] GC(2604) Pause Young (Allocation Failure)
[709.910s][info][gc,heap        ] GC(2604) PSYoungGen: 163872K(213504K)->36512K(213504K) Eden: 128512K(128512K)->0K(128512K) From: 35360K(84992K)->36512K(84992K)
[709.910s][info][gc,heap        ] GC(2604) ParOldGen: 482132K(667648K)->482132K(667648K)
[709.910s][info][gc,metaspace   ] GC(2604) Metaspace: 19165K(19328K)->19165K(19328K) NonClass: 16499K(16576K)->16499K(16576K) Class: 2666K(2752K)->2666K(2752K)
[709.910s][info][gc             ] GC(2604) Pause Young (Allocation Failure) 630M->506M(860M) 36.486ms
[709.910s][info][gc,cpu         ] GC(2604) User=0.07s Sys=0.00s Real=0.04s
[710.029s][info][gc,start       ] GC(2605) Pause Young (Allocation Failure)
[710.068s][info][gc,heap        ] GC(2605) PSYoungGen: 165024K(213504K)->39904K(219648K) Eden: 128512K(128512K)->0K(135680K) From: 36512K(84992K)->39904K(83968K)
[710.068s][info][gc,heap        ] GC(2605) ParOldGen: 482132K(667648K)->482132K(667648K)
[710.068s][info][gc,metaspace   ] GC(2605) Metaspace: 19165K(19328K)->19165K(19328K) NonClass: 16499K(16576K)->16499K(16576K) Class: 2666K(2752K)->2666K(2752K)
[710.068s][info][gc             ] GC(2605) Pause Young (Allocation Failure) 631M->509M(866M) 39.815ms
[710.068s][info][gc,cpu         ] GC(2605) User=0.08s Sys=0.00s Real=0.04s
[710.192s][info][gc,start       ] GC(2606) Pause Young (Allocation Failure)
[710.231s][info][gc,heap        ] GC(2606) PSYoungGen: 175584K(219648K)->39904K(219648K) Eden: 135680K(135680K)->0K(135680K) From: 39904K(83968K)->39904K(83968K)
[710.231s][info][gc,heap        ] GC(2606) ParOldGen: 482132K(667648K)->482132K(667648K)
[710.231s][info][gc,metaspace   ] GC(2606) Metaspace: 19165K(19328K)->19165K(19328K) NonClass: 16499K(16576K)->16499K(16576K) Class: 2666K(2752K)->2666K(2752K)
[710.231s][info][gc             ] GC(2606) Pause Young (Allocation Failure) 642M->509M(866M) 39.530ms
[710.231s][info][gc,cpu         ] GC(2606) User=0.08s Sys=0.00s Real=0.04s
[710.372s][info][gc,start       ] GC(2607) Pause Young (Allocation Failure)
[710.438s][info][gc,heap        ] GC(2607) PSYoungGen: 175584K(219648K)->66768K(218112K) Eden: 135680K(135680K)->0K(134656K) From: 39904K(83968K)->66768K(83456K)
[710.438s][info][gc,heap        ] GC(2607) ParOldGen: 482132K(667648K)->482132K(667648K)
[710.438s][info][gc,metaspace   ] GC(2607) Metaspace: 19165K(19328K)->19165K(19328K) NonClass: 16499K(16576K)->16499K(16576K) Class: 2666K(2752K)->2666K(2752K)
[710.438s][info][gc             ] GC(2607) Pause Young (Allocation Failure) 642M->536M(865M) 66.245ms
[710.438s][info][gc,cpu         ] GC(2607) User=0.13s Sys=0.00s Real=0.07s
[710.558s][info][gc,start       ] GC(2608) Pause Young (Allocation Failure)
[710.646s][info][gc,heap        ] GC(2608) PSYoungGen: 201424K(218112K)->89312K(224256K) Eden: 134656K(134656K)->0K(134656K) From: 66768K(83456K)->89312K(89600K)
[710.646s][info][gc,heap        ] GC(2608) ParOldGen: 482132K(667648K)->482132K(667648K)
[710.646s][info][gc,metaspace   ] GC(2608) Metaspace: 19165K(19328K)->19165K(19328K) NonClass: 16499K(16576K)->16499K(16576K) Class: 2666K(2752K)->2666K(2752K)
[710.646s][info][gc             ] GC(2608) Pause Young (Allocation Failure) 667M->558M(871M) 87.701ms
[710.646s][info][gc,cpu         ] GC(2608) User=0.17s Sys=0.00s Real=0.08s
[710.786s][info][gc,start       ] GC(2609) Pause Young (Allocation Failure)
[710.895s][info][gc,heap        ] GC(2609) PSYoungGen: 223968K(224256K)->98736K(219648K) Eden: 134656K(134656K)->0K(111616K) From: 89312K(89600K)->98736K(108032K)
[710.895s][info][gc,heap        ] GC(2609) ParOldGen: 482132K(667648K)->482132K(667648K)
[710.895s][info][gc,metaspace   ] GC(2609) Metaspace: 19165K(19328K)->19165K(19328K) NonClass: 16499K(16576K)->16499K(16576K) Class: 2666K(2752K)->2666K(2752K)
[710.895s][info][gc             ] GC(2609) Pause Young (Allocation Failure) 689M->567M(866M) 109.696ms
[710.895s][info][gc,cpu         ] GC(2609) User=0.20s Sys=0.02s Real=0.11s
[711.049s][info][gc,start       ] GC(2610) Pause Young (Allocation Failure)
[711.144s][info][gc,heap        ] GC(2610) PSYoungGen: 210352K(219648K)->99888K(222720K) Eden: 111616K(111616K)->0K(111616K) From: 98736K(108032K)->99888K(111104K)
[711.144s][info][gc,heap        ] GC(2610) ParOldGen: 482132K(667648K)->482140K(667648K)
[711.144s][info][gc,metaspace   ] GC(2610) Metaspace: 19165K(19328K)->19165K(19328K) NonClass: 16499K(16576K)->16499K(16576K) Class: 2666K(2752K)->2666K(2752K)
[711.144s][info][gc             ] GC(2610) Pause Young (Allocation Failure) 676M->568M(869M) 94.705ms
[711.144s][info][gc,cpu         ] GC(2610) User=0.19s Sys=0.00s Real=0.09s
[711.268s][info][gc,start       ] GC(2611) Pause Young (Allocation Failure)
[711.380s][info][gc,heap        ] GC(2611) PSYoungGen: 211504K(222720K)->103296K(222720K) Eden: 111616K(111616K)->0K(111616K) From: 99888K(111104K)->103296K(111104K)
[711.380s][info][gc,heap        ] GC(2611) ParOldGen: 482140K(667648K)->482140K(667648K)
[711.380s][info][gc,metaspace   ] GC(2611) Metaspace: 19165K(19328K)->19165K(19328K) NonClass: 16499K(16576K)->16499K(16576K) Class: 2666K(2752K)->2666K(2752K)
[711.380s][info][gc             ] GC(2611) Pause Young (Allocation Failure) 677M->571M(869M) 112.749ms
[711.380s][info][gc,cpu         ] GC(2611) User=0.22s Sys=0.00s Real=0.11s
[711.498s][info][gc,start       ] GC(2612) Pause Young (Allocation Failure)
[711.617s][info][gc,heap        ] GC(2612) PSYoungGen: 214912K(222720K)->110976K(222720K) Eden: 111616K(111616K)->0K(111616K) From: 103296K(111104K)->110976K(111104K)
[711.617s][info][gc,heap        ] GC(2612) ParOldGen: 482140K(667648K)->482140K(667648K)
[711.617s][info][gc,metaspace   ] GC(2612) Metaspace: 19165K(19328K)->19165K(19328K) NonClass: 16499K(16576K)->16499K(16576K) Class: 2666K(2752K)->2666K(2752K)
[711.617s][info][gc             ] GC(2612) Pause Young (Allocation Failure) 680M->579M(869M) 118.694ms
[711.617s][info][gc,cpu         ] GC(2612) User=0.24s Sys=0.00s Real=0.11s
[711.768s][info][gc,start       ] GC(2613) Pause Young (Allocation Failure)
[711.888s][info][gc,heap        ] GC(2613) PSYoungGen: 222592K(222720K)->95408K(222720K) Eden: 111616K(111616K)->0K(111616K) From: 110976K(111104K)->95408K(111104K)
[711.888s][info][gc,heap        ] GC(2613) ParOldGen: 482140K(667648K)->513580K(667648K)
[711.888s][info][gc,metaspace   ] GC(2613) Metaspace: 19165K(19328K)->19165K(19328K) NonClass: 16499K(16576K)->16499K(16576K) Class: 2666K(2752K)->2666K(2752K)
[711.888s][info][gc             ] GC(2613) Pause Young (Allocation Failure) 688M->594M(869M) 120.297ms
[711.888s][info][gc,cpu         ] GC(2613) User=0.24s Sys=0.00s Real=0.12s
[712.177s][info][gc,start       ] GC(2614) Pause Young (Allocation Failure)
[712.272s][info][gc,heap        ] GC(2614) PSYoungGen: 207024K(222720K)->90304K(222720K) Eden: 111616K(111616K)->0K(111616K) From: 95408K(111104K)->90304K(111104K)
[712.272s][info][gc,heap        ] GC(2614) ParOldGen: 513580K(667648K)->518724K(667648K)
[712.272s][info][gc,metaspace   ] GC(2614) Metaspace: 19165K(19328K)->19165K(19328K) NonClass: 16499K(16576K)->16499K(16576K) Class: 2666K(2752K)->2666K(2752K)
[712.272s][info][gc             ] GC(2614) Pause Young (Allocation Failure) 703M->594M(869M) 94.975ms
[712.272s][info][gc,cpu         ] GC(2614) User=0.19s Sys=0.00s Real=0.10s
[712.556s][info][gc,start       ] GC(2615) Pause Young (Allocation Failure)
[712.643s][info][gc,heap        ] GC(2615) PSYoungGen: 201920K(222720K)->86928K(222720K) Eden: 111616K(111616K)->0K(111616K) From: 90304K(111104K)->86928K(111104K)
[712.643s][info][gc,heap        ] GC(2615) ParOldGen: 518724K(667648K)->522124K(667648K)
[712.643s][info][gc,metaspace   ] GC(2615) Metaspace: 19165K(19328K)->19165K(19328K) NonClass: 16499K(16576K)->16499K(16576K) Class: 2666K(2752K)->2666K(2752K)
[712.643s][info][gc             ] GC(2615) Pause Young (Allocation Failure) 703M->594M(869M) 86.808ms
[712.643s][info][gc,cpu         ] GC(2615) User=0.18s Sys=0.00s Real=0.09s
[712.925s][info][gc,start       ] GC(2616) Pause Young (Allocation Failure)
[713.009s][info][gc,heap        ] GC(2616) PSYoungGen: 198544K(222720K)->37552K(222720K) Eden: 111616K(111616K)->0K(111616K) From: 86928K(111104K)->37552K(111104K)
[713.009s][info][gc,heap        ] GC(2616) ParOldGen: 522124K(667648K)->571652K(667648K)
[713.009s][info][gc,metaspace   ] GC(2616) Metaspace: 19165K(19328K)->19165K(19328K) NonClass: 16499K(16576K)->16499K(16576K) Class: 2666K(2752K)->2666K(2752K)
[713.009s][info][gc             ] GC(2616) Pause Young (Allocation Failure) 703M->594M(869M) 84.108ms
[713.009s][info][gc,cpu         ] GC(2616) User=0.16s Sys=0.00s Real=0.09s
[713.256s][info][gc,start       ] GC(2617) Pause Young (Allocation Failure)
[713.294s][info][gc,heap        ] GC(2617) PSYoungGen: 149168K(222720K)->26976K(222720K) Eden: 111616K(111616K)->0K(111616K) From: 37552K(111104K)->26976K(111104K)
[713.294s][info][gc,heap        ] GC(2617) ParOldGen: 571652K(667648K)->582252K(667648K)
[713.294s][info][gc,metaspace   ] GC(2617) Metaspace: 19165K(19328K)->19165K(19328K) NonClass: 16499K(16576K)->16499K(16576K) Class: 2666K(2752K)->2666K(2752K)
[713.294s][info][gc             ] GC(2617) Pause Young (Allocation Failure) 703M->594M(869M) 37.889ms
[713.294s][info][gc,cpu         ] GC(2617) User=0.07s Sys=0.00s Real=0.04s
[713.548s][info][gc,start       ] GC(2618) Pause Young (Allocation Failure)
[713.576s][info][gc,heap        ] GC(2618) PSYoungGen: 138592K(222720K)->15920K(222720K) Eden: 111616K(111616K)->0K(111616K) From: 26976K(111104K)->15920K(111104K)
[713.576s][info][gc,heap        ] GC(2618) ParOldGen: 582252K(667648K)->593340K(667648K)
[713.576s][info][gc,metaspace   ] GC(2618) Metaspace: 19165K(19328K)->19165K(19328K) NonClass: 16499K(16576K)->16499K(16576K) Class: 2666K(2752K)->2666K(2752K)
[713.576s][info][gc             ] GC(2618) Pause Young (Allocation Failure) 703M->594M(869M) 27.919ms
[713.576s][info][gc,cpu         ] GC(2618) User=0.06s Sys=0.00s Real=0.02s
[713.811s][info][gc,start       ] GC(2619) Pause Young (Allocation Failure)
[713.829s][info][gc,heap        ] GC(2619) PSYoungGen: 127536K(222720K)->96K(222720K) Eden: 111616K(111616K)->0K(111616K) From: 15920K(111104K)->96K(111104K)
[713.829s][info][gc,heap        ] GC(2619) ParOldGen: 593340K(667648K)->609205K(667648K)
[713.829s][info][gc,metaspace   ] GC(2619) Metaspace: 19165K(19328K)->19165K(19328K) NonClass: 16499K(16576K)->16499K(16576K) Class: 2666K(2752K)->2666K(2752K)
[713.829s][info][gc             ] GC(2619) Pause Young (Allocation Failure) 703M->595M(869M) 18.196ms
[713.829s][info][gc,cpu         ] GC(2619) User=0.03s Sys=0.00s Real=0.02s
[714.115s][info][gc,start       ] GC(2620) Pause Young (Allocation Failure)
[714.117s][info][gc,heap        ] GC(2620) PSYoungGen: 111712K(222720K)->192K(222720K) Eden: 111616K(111616K)->0K(111616K) From: 96K(111104K)->192K(111104K)
[714.117s][info][gc,heap        ] GC(2620) ParOldGen: 609205K(667648K)->609285K(667648K)
[714.117s][info][gc,metaspace   ] GC(2620) Metaspace: 19165K(19328K)->19165K(19328K) NonClass: 16499K(16576K)->16499K(16576K) Class: 2666K(2752K)->2666K(2752K)
[714.117s][info][gc             ] GC(2620) Pause Young (Allocation Failure) 704M->595M(869M) 2.447ms
[714.117s][info][gc,cpu         ] GC(2620) User=0.00s Sys=0.00s Real=0.01s
[714.316s][info][gc,start       ] GC(2621) Pause Young (Allocation Failure)
[714.324s][info][gc,heap        ] GC(2621) PSYoungGen: 111808K(222720K)->8160K(222720K) Eden: 111616K(111616K)->0K(111616K) From: 192K(111104K)->8160K(111104K)
[714.324s][info][gc,heap        ] GC(2621) ParOldGen: 609285K(667648K)->609301K(667648K)
[714.324s][info][gc,metaspace   ] GC(2621) Metaspace: 19165K(19328K)->19165K(19328K) NonClass: 16499K(16576K)->16499K(16576K) Class: 2666K(2752K)->2666K(2752K)
[714.324s][info][gc             ] GC(2621) Pause Young (Allocation Failure) 704M->602M(869M) 8.298ms
[714.324s][info][gc,cpu         ] GC(2621) User=0.01s Sys=0.00s Real=0.01s
[714.385s][info][gc,start       ] GC(2622) Pause Young (Allocation Failure)
[714.420s][info][gc,heap        ] GC(2622) PSYoungGen: 119776K(222720K)->47744K(222720K) Eden: 111616K(111616K)->0K(111616K) From: 8160K(111104K)->47744K(111104K)
[714.420s][info][gc,heap        ] GC(2622) ParOldGen: 609301K(667648K)->609461K(667648K)
[714.420s][info][gc,metaspace   ] GC(2622) Metaspace: 19165K(19328K)->19165K(19328K) NonClass: 16499K(16576K)->16499K(16576K) Class: 2666K(2752K)->2666K(2752K)
[714.420s][info][gc             ] GC(2622) Pause Young (Allocation Failure) 711M->641M(869M) 35.753ms
[714.420s][info][gc,cpu         ] GC(2622) User=0.07s Sys=0.00s Real=0.04s
[714.576s][info][gc,start       ] GC(2623) Pause Young (Allocation Failure)
[714.625s][info][gc,heap        ] GC(2623) PSYoungGen: 159360K(222720K)->24000K(222720K) Eden: 111616K(111616K)->0K(111616K) From: 47744K(111104K)->24000K(111104K)
[714.625s][info][gc,heap        ] GC(2623) ParOldGen: 609461K(667648K)->657685K(667648K)
[714.625s][info][gc,metaspace   ] GC(2623) Metaspace: 19165K(19328K)->19165K(19328K) NonClass: 16499K(16576K)->16499K(16576K) Class: 2666K(2752K)->2666K(2752K)
[714.625s][info][gc             ] GC(2623) Pause Young (Allocation Failure) 750M->665M(869M) 48.831ms
[714.625s][info][gc,cpu         ] GC(2623) User=0.10s Sys=0.00s Real=0.05s
[714.722s][info][gc,start       ] GC(2624) Pause Full (Allocation Failure)
[714.722s][info][gc,phases,start] GC(2624) Marking Phase
[715.141s][info][gc,phases      ] GC(2624) Marking Phase 419.006ms
[715.141s][info][gc,phases,start] GC(2624) Summary Phase
[715.141s][info][gc,phases      ] GC(2624) Summary Phase 0.036ms
[715.141s][info][gc,phases,start] GC(2624) Forward
[715.251s][info][gc,phases      ] GC(2624) Forward 110.518ms
[715.252s][info][gc,phases,start] GC(2624) Adjust Pointers
[715.556s][info][gc,phases      ] GC(2624) Adjust Pointers 304.599ms
[715.556s][info][gc,phases,start] GC(2624) Compaction Phase
[715.747s][info][gc,phases      ] GC(2624) Compaction Phase 190.526ms
[715.756s][info][gc,phases,start] GC(2624) Post Compact
[715.758s][info][gc,phases      ] GC(2624) Post Compact 2.285ms
[715.758s][info][gc,heap        ] GC(2624) PSYoungGen: 135616K(222720K)->0K(222720K) Eden: 111616K(111616K)->0K(111616K) From: 24000K(111104K)->0K(111104K)
[715.758s][info][gc,heap        ] GC(2624) ParOldGen: 657685K(667648K)->594071K(667648K)
[715.758s][info][gc,metaspace   ] GC(2624) Metaspace: 19165K(19328K)->19165K(19328K) NonClass: 16499K(16576K)->16499K(16576K) Class: 2666K(2752K)->2666K(2752K)
[715.758s][info][gc             ] GC(2624) Pause Full (Allocation Failure) 774M->580M(869M) 1036.499ms
[715.758s][info][gc,cpu         ] GC(2624) User=1.97s Sys=0.00s Real=1.04s
[715.970s][info][gc,start       ] GC(2625) Pause Young (Allocation Failure)
[716.004s][info][gc,heap        ] GC(2625) PSYoungGen: 111616K(222720K)->17270K(222720K) Eden: 111616K(111616K)->0K(111616K) From: 0K(111104K)->17270K(111104K)
[716.004s][info][gc,heap        ] GC(2625) ParOldGen: 594071K(667648K)->594071K(667648K)
[716.004s][info][gc,metaspace   ] GC(2625) Metaspace: 19165K(19328K)->19165K(19328K) NonClass: 16499K(16576K)->16499K(16576K) Class: 2666K(2752K)->2666K(2752K)
[716.004s][info][gc             ] GC(2625) Pause Young (Allocation Failure) 689M->597M(869M) 33.929ms
[716.004s][info][gc,cpu         ] GC(2625) User=0.06s Sys=0.00s Real=0.03s
[716.165s][info][gc,start       ] GC(2626) Pause Young (Allocation Failure)
[716.195s][info][gc,heap        ] GC(2626) PSYoungGen: 128886K(222720K)->2176K(222720K) Eden: 111616K(111616K)->0K(111616K) From: 17270K(111104K)->2176K(111104K)
[716.195s][info][gc,heap        ] GC(2626) ParOldGen: 594071K(667648K)->611334K(667648K)
[716.195s][info][gc,metaspace   ] GC(2626) Metaspace: 19165K(19328K)->19165K(19328K) NonClass: 16499K(16576K)->16499K(16576K) Class: 2666K(2752K)->2666K(2752K)
[716.195s][info][gc             ] GC(2626) Pause Young (Allocation Failure) 706M->599M(869M) 30.488ms
[716.195s][info][gc,cpu         ] GC(2626) User=0.06s Sys=0.00s Real=0.03s
[716.279s][info][gc,start       ] GC(2627) Pause Young (Allocation Failure)
[716.305s][info][gc,heap        ] GC(2627) PSYoungGen: 113792K(222720K)->32720K(222720K) Eden: 111616K(111616K)->0K(111616K) From: 2176K(111104K)->32720K(111104K)
[716.305s][info][gc,heap        ] GC(2627) ParOldGen: 611334K(667648K)->613486K(667648K)
[716.305s][info][gc,metaspace   ] GC(2627) Metaspace: 19165K(19328K)->19165K(19328K) NonClass: 16499K(16576K)->16499K(16576K) Class: 2666K(2752K)->2666K(2752K)
[716.305s][info][gc             ] GC(2627) Pause Young (Allocation Failure) 708M->631M(869M) 26.574ms
[716.305s][info][gc,cpu         ] GC(2627) User=0.05s Sys=0.00s Real=0.02s
[716.368s][info][gc,start       ] GC(2628) Pause Young (Allocation Failure)
[716.415s][info][gc,heap        ] GC(2628) PSYoungGen: 144336K(222720K)->37152K(148992K) Eden: 111616K(111616K)->0K(111616K) From: 32720K(111104K)->37152K(37376K)
[716.415s][info][gc,heap        ] GC(2628) ParOldGen: 613486K(667648K)->646462K(667648K)
[716.415s][info][gc,metaspace   ] GC(2628) Metaspace: 19165K(19328K)->19165K(19328K) NonClass: 16499K(16576K)->16499K(16576K) Class: 2666K(2752K)->2666K(2752K)
[716.415s][info][gc             ] GC(2628) Pause Young (Allocation Failure) 740M->667M(797M) 46.784ms
[716.415s][info][gc,cpu         ] GC(2628) User=0.09s Sys=0.00s Real=0.04s
[716.557s][info][gc,start       ] GC(2629) Pause Full (Allocation Failure)
[716.557s][info][gc,phases,start] GC(2629) Marking Phase
[716.796s][info][gc,phases      ] GC(2629) Marking Phase 238.107ms
[716.796s][info][gc,phases,start] GC(2629) Summary Phase
[716.796s][info][gc,phases      ] GC(2629) Summary Phase 0.028ms
[716.796s][info][gc,phases,start] GC(2629) Forward
[716.901s][info][gc,phases      ] GC(2629) Forward 105.047ms
[716.901s][info][gc,phases,start] GC(2629) Adjust Pointers
[717.087s][info][gc,phases      ] GC(2629) Adjust Pointers 186.520ms
[717.087s][info][gc,phases,start] GC(2629) Compaction Phase
[717.193s][info][gc,phases      ] GC(2629) Compaction Phase 105.948ms
[717.201s][info][gc,phases,start] GC(2629) Post Compact
[717.204s][info][gc,phases      ] GC(2629) Post Compact 2.312ms
[717.204s][info][gc,heap        ] GC(2629) PSYoungGen: 148768K(148992K)->0K(220672K) Eden: 111616K(111616K)->0K(111616K) From: 37152K(37376K)->0K(109056K)
[717.204s][info][gc,heap        ] GC(2629) ParOldGen: 646462K(667648K)->375655K(667648K)
[717.204s][info][gc,metaspace   ] GC(2629) Metaspace: 19165K(19328K)->19165K(19328K) NonClass: 16499K(16576K)->16499K(16576K) Class: 2666K(2752K)->2666K(2752K)
[717.204s][info][gc             ] GC(2629) Pause Full (Allocation Failure) 776M->366M(867M) 646.398ms
[717.204s][info][gc,cpu         ] GC(2629) User=1.18s Sys=0.00s Real=0.64s
[717.324s][info][gc,start       ] GC(2630) Pause Young (Allocation Failure)
[717.325s][info][gc,heap        ] GC(2630) PSYoungGen: 111616K(220672K)->96K(220672K) Eden: 111616K(111616K)->0K(111616K) From: 0K(109056K)->96K(109056K)
[717.325s][info][gc,heap        ] GC(2630) ParOldGen: 375655K(667648K)->375655K(667648K)
[717.325s][info][gc,metaspace   ] GC(2630) Metaspace: 19165K(19328K)->19165K(19328K) NonClass: 16499K(16576K)->16499K(16576K) Class: 2666K(2752K)->2666K(2752K)
[717.325s][info][gc             ] GC(2630) Pause Young (Allocation Failure) 475M->366M(867M) 1.687ms
[717.326s][info][gc,cpu         ] GC(2630) User=0.00s Sys=0.00s Real=0.00s
[717.443s][info][gc,start       ] GC(2631) Pause Young (Allocation Failure)
[717.444s][info][gc,heap        ] GC(2631) PSYoungGen: 111712K(220672K)->192K(221184K) Eden: 111616K(111616K)->0K(117248K) From: 96K(109056K)->192K(103936K)
[717.444s][info][gc,heap        ] GC(2631) ParOldGen: 375655K(667648K)->375655K(667648K)
[717.444s][info][gc,metaspace   ] GC(2631) Metaspace: 19165K(19328K)->19165K(19328K) NonClass: 16499K(16576K)->16499K(16576K) Class: 2666K(2752K)->2666K(2752K)
[717.444s][info][gc             ] GC(2631) Pause Young (Allocation Failure) 475M->367M(868M) 1.888ms
[717.444s][info][gc,cpu         ] GC(2631) User=0.00s Sys=0.00s Real=0.00s
[717.567s][info][gc,start       ] GC(2632) Pause Young (Allocation Failure)
[717.570s][info][gc,heap        ] GC(2632) PSYoungGen: 117440K(221184K)->352K(222208K) Eden: 117248K(117248K)->0K(117248K) From: 192K(103936K)->352K(104960K)
[717.570s][info][gc,heap        ] GC(2632) ParOldGen: 375655K(667648K)->375655K(667648K)
[717.570s][info][gc,metaspace   ] GC(2632) Metaspace: 19165K(19328K)->19165K(19328K) NonClass: 16499K(16576K)->16499K(16576K) Class: 2666K(2752K)->2666K(2752K)
[717.570s][info][gc             ] GC(2632) Pause Young (Allocation Failure) 481M->367M(869M) 2.099ms
[717.570s][info][gc,cpu         ] GC(2632) User=0.00s Sys=0.00s Real=0.00s
[717.696s][info][gc,start       ] GC(2633) Pause Young (Allocation Failure)
[717.698s][info][gc,heap        ] GC(2633) PSYoungGen: 117600K(222208K)->416K(215552K) Eden: 117248K(117248K)->0K(121344K) From: 352K(104960K)->416K(94208K)
[717.698s][info][gc,heap        ] GC(2633) ParOldGen: 375655K(667648K)->375655K(667648K)
[717.698s][info][gc,metaspace   ] GC(2633) Metaspace: 19165K(19328K)->19165K(19328K) NonClass: 16499K(16576K)->16499K(16576K) Class: 2666K(2752K)->2666K(2752K)
[717.698s][info][gc             ] GC(2633) Pause Young (Allocation Failure) 481M->367M(862M) 2.602ms
[717.698s][info][gc,cpu         ] GC(2633) User=0.01s Sys=0.00s Real=0.01s
[717.829s][info][gc,start       ] GC(2634) Pause Young (Allocation Failure)
[717.832s][info][gc,heap        ] GC(2634) PSYoungGen: 121760K(215552K)->480K(220160K) Eden: 121344K(121344K)->0K(121344K) From: 416K(94208K)->480K(98816K)
[717.832s][info][gc,heap        ] GC(2634) ParOldGen: 375655K(667648K)->375655K(667648K)
[717.832s][info][gc,metaspace   ] GC(2634) Metaspace: 19165K(19328K)->19165K(19328K) NonClass: 16499K(16576K)->16499K(16576K) Class: 2666K(2752K)->2666K(2752K)
[717.832s][info][gc             ] GC(2634) Pause Young (Allocation Failure) 485M->367M(867M) 2.317ms
[717.832s][info][gc,cpu         ] GC(2634) User=0.00s Sys=0.00s Real=0.00s
[717.955s][info][gc,start       ] GC(2635) Pause Young (Allocation Failure)
[717.958s][info][gc,heap        ] GC(2635) PSYoungGen: 121824K(220160K)->608K(210944K) Eden: 121344K(121344K)->0K(124416K) From: 480K(98816K)->608K(86528K)
[717.958s][info][gc,heap        ] GC(2635) ParOldGen: 375655K(667648K)->375655K(667648K)
[717.958s][info][gc,metaspace   ] GC(2635) Metaspace: 19165K(19328K)->19165K(19328K) NonClass: 16499K(16576K)->16499K(16576K) Class: 2666K(2752K)->2666K(2752K)
[717.958s][info][gc             ] GC(2635) Pause Young (Allocation Failure) 485M->367M(858M) 2.983ms
[717.958s][info][gc,cpu         ] GC(2635) User=0.01s Sys=0.00s Real=0.01s
[718.084s][info][gc,start       ] GC(2636) Pause Young (Allocation Failure)
[718.087s][info][gc,heap        ] GC(2636) PSYoungGen: 125024K(210944K)->672K(125440K) Eden: 124416K(124416K)->0K(124416K) From: 608K(86528K)->672K(1024K)
[718.087s][info][gc,heap        ] GC(2636) ParOldGen: 375655K(667648K)->375655K(667648K)
[718.087s][info][gc,metaspace   ] GC(2636) Metaspace: 19165K(19328K)->19165K(19328K) NonClass: 16499K(16576K)->16499K(16576K) Class: 2666K(2752K)->2666K(2752K)
[718.087s][info][gc             ] GC(2636) Pause Young (Allocation Failure) 488M->367M(774M) 2.814ms
[718.087s][info][gc,cpu         ] GC(2636) User=0.00s Sys=0.00s Real=0.00s
[718.219s][info][gc,start       ] GC(2637) Pause Young (Allocation Failure)
[718.222s][info][gc,heap        ] GC(2637) PSYoungGen: 125088K(125440K)->768K(205824K) Eden: 124416K(124416K)->0K(126976K) From: 672K(1024K)->768K(78848K)
[718.222s][info][gc,heap        ] GC(2637) ParOldGen: 375655K(667648K)->375655K(667648K)
[718.222s][info][gc,metaspace   ] GC(2637) Metaspace: 19165K(19328K)->19165K(19328K) NonClass: 16499K(16576K)->16499K(16576K) Class: 2666K(2752K)->2666K(2752K)
[718.222s][info][gc             ] GC(2637) Pause Young (Allocation Failure) 489M->367M(853M) 3.071ms
[718.222s][info][gc,cpu         ] GC(2637) User=0.00s Sys=0.00s Real=0.00s
[718.344s][info][gc,start       ] GC(2638) Pause Young (Allocation Failure)
[718.358s][info][gc,heap        ] GC(2638) PSYoungGen: 127744K(205824K)->4128K(131584K) Eden: 126976K(126976K)->0K(126976K) From: 768K(78848K)->4128K(4608K)
[718.358s][info][gc,heap        ] GC(2638) ParOldGen: 375655K(667648K)->375655K(667648K)
[718.358s][info][gc,metaspace   ] GC(2638) Metaspace: 19165K(19328K)->19165K(19328K) NonClass: 16499K(16576K)->16499K(16576K) Class: 2666K(2752K)->2666K(2752K)
[718.358s][info][gc             ] GC(2638) Pause Young (Allocation Failure) 491M->370M(780M) 14.032ms
[718.358s][info][gc,cpu         ] GC(2638) User=0.03s Sys=0.01s Real=0.02s
[718.519s][info][gc,start       ] GC(2639) Pause Young (Allocation Failure)
[718.553s][info][gc,heap        ] GC(2639) PSYoungGen: 131104K(131584K)->19627K(202752K) Eden: 126976K(126976K)->0K(131584K) From: 4128K(4608K)->19627K(71168K)
[718.553s][info][gc,heap        ] GC(2639) ParOldGen: 375655K(667648K)->375655K(667648K)
[718.553s][info][gc,metaspace   ] GC(2639) Metaspace: 19165K(19328K)->19165K(19328K) NonClass: 16499K(16576K)->16499K(16576K) Class: 2666K(2752K)->2666K(2752K)
[718.553s][info][gc             ] GC(2639) Pause Young (Allocation Failure) 494M->386M(850M) 34.082ms
[718.553s][info][gc,cpu         ] GC(2639) User=0.06s Sys=0.00s Real=0.03s
[718.704s][info][gc,start       ] GC(2640) Pause Young (Allocation Failure)
[718.747s][info][gc,heap        ] GC(2640) PSYoungGen: 151211K(202752K)->29867K(205312K) Eden: 131584K(131584K)->0K(131584K) From: 19627K(71168K)->29867K(73728K)
[718.747s][info][gc,heap        ] GC(2640) ParOldGen: 375655K(667648K)->375655K(667648K)
[718.747s][info][gc,metaspace   ] GC(2640) Metaspace: 19165K(19328K)->19165K(19328K) NonClass: 16499K(16576K)->16499K(16576K) Class: 2666K(2752K)->2666K(2752K)
[718.747s][info][gc             ] GC(2640) Pause Young (Allocation Failure) 514M->396M(852M) 42.404ms
[718.747s][info][gc,cpu         ] GC(2640) User=0.09s Sys=0.00s Real=0.04s
[718.873s][info][gc,start       ] GC(2641) Pause Young (Allocation Failure)
[718.929s][info][gc,heap        ] GC(2641) PSYoungGen: 161451K(205312K)->44267K(206336K) Eden: 131584K(131584K)->0K(133120K) From: 29867K(73728K)->44267K(73216K)
[718.930s][info][gc,heap        ] GC(2641) ParOldGen: 375655K(667648K)->375655K(667648K)
[718.930s][info][gc,metaspace   ] GC(2641) Metaspace: 19165K(19328K)->19165K(19328K) NonClass: 16499K(16576K)->16499K(16576K) Class: 2666K(2752K)->2666K(2752K)
[718.930s][info][gc             ] GC(2641) Pause Young (Allocation Failure) 524M->410M(853M) 56.940ms
[718.930s][info][gc,cpu         ] GC(2641) User=0.11s Sys=0.00s Real=0.06s
[719.043s][info][gc,start       ] GC(2642) Pause Young (Allocation Failure)
[719.109s][info][gc,heap        ] GC(2642) PSYoungGen: 177387K(206336K)->54955K(210944K) Eden: 133120K(133120K)->0K(133120K) From: 44267K(73216K)->54955K(77824K)
[719.109s][info][gc,heap        ] GC(2642) ParOldGen: 375655K(667648K)->375655K(667648K)
[719.109s][info][gc,metaspace   ] GC(2642) Metaspace: 19165K(19328K)->19165K(19328K) NonClass: 16499K(16576K)->16499K(16576K) Class: 2666K(2752K)->2666K(2752K)
[719.109s][info][gc             ] GC(2642) Pause Young (Allocation Failure) 540M->420M(858M) 66.080ms
[719.109s][info][gc,cpu         ] GC(2642) User=0.14s Sys=0.00s Real=0.07s
[719.218s][info][gc,start       ] GC(2643) Pause Young (Allocation Failure)
[719.288s][info][gc,heap        ] GC(2643) PSYoungGen: 188075K(210944K)->56363K(221696K) Eden: 133120K(133120K)->0K(136192K) From: 54955K(77824K)->56363K(85504K)
[719.288s][info][gc,heap        ] GC(2643) ParOldGen: 375655K(667648K)->375655K(667648K)
[719.288s][info][gc,metaspace   ] GC(2643) Metaspace: 19165K(19328K)->19165K(19328K) NonClass: 16499K(16576K)->16499K(16576K) Class: 2666K(2752K)->2666K(2752K)
[719.288s][info][gc             ] GC(2643) Pause Young (Allocation Failure) 550M->421M(868M) 69.767ms
[719.288s][info][gc,cpu         ] GC(2643) User=0.14s Sys=0.00s Real=0.07s
[719.414s][info][gc,start       ] GC(2644) Pause Young (Allocation Failure)
[719.485s][info][gc,heap        ] GC(2644) PSYoungGen: 192555K(221696K)->59787K(227840K) Eden: 136192K(136192K)->0K(136192K) From: 56363K(85504K)->59787K(91648K)
[719.486s][info][gc,heap        ] GC(2644) ParOldGen: 375655K(667648K)->375655K(667648K)
[719.486s][info][gc,metaspace   ] GC(2644) Metaspace: 19165K(19328K)->19165K(19328K) NonClass: 16499K(16576K)->16499K(16576K) Class: 2666K(2752K)->2666K(2752K)
[719.486s][info][gc             ] GC(2644) Pause Young (Allocation Failure) 554M->425M(874M) 71.214ms
[719.486s][info][gc,cpu         ] GC(2644) User=0.14s Sys=0.00s Real=0.07s
[719.591s][info][gc,start       ] GC(2645) Pause Young (Allocation Failure)
[719.673s][info][gc,heap        ] GC(2645) PSYoungGen: 195979K(227840K)->59787K(227840K) Eden: 136192K(136192K)->0K(130048K) From: 59787K(91648K)->59787K(97792K)
[719.673s][info][gc,heap        ] GC(2645) ParOldGen: 375655K(667648K)->375727K(667648K)
[719.673s][info][gc,metaspace   ] GC(2645) Metaspace: 19165K(19328K)->19165K(19328K) NonClass: 16499K(16576K)->16499K(16576K) Class: 2666K(2752K)->2666K(2752K)
[719.673s][info][gc             ] GC(2645) Pause Young (Allocation Failure) 558M->425M(874M) 82.666ms
[719.673s][info][gc,cpu         ] GC(2645) User=0.15s Sys=0.01s Real=0.08s
[719.828s][info][gc,start       ] GC(2646) Pause Young (Allocation Failure)
[719.905s][info][gc,heap        ] GC(2646) PSYoungGen: 189835K(227840K)->68619K(199168K) Eden: 130048K(130048K)->0K(130048K) From: 59787K(97792K)->68619K(69120K)
[719.905s][info][gc,heap        ] GC(2646) ParOldGen: 375727K(667648K)->375839K(667648K)
[719.905s][info][gc,metaspace   ] GC(2646) Metaspace: 19165K(19328K)->19165K(19328K) NonClass: 16499K(16576K)->16499K(16576K) Class: 2666K(2752K)->2666K(2752K)
[719.906s][info][gc             ] GC(2646) Pause Young (Allocation Failure) 552M->434M(846M) 77.300ms
[719.906s][info][gc,cpu         ] GC(2646) User=0.15s Sys=0.00s Real=0.07s
[720.027s][info][gc,start       ] GC(2647) Pause Young (Allocation Failure)
[720.128s][info][gc,heap        ] GC(2647) PSYoungGen: 198667K(199168K)->83100K(220160K) Eden: 130048K(130048K)->0K(111616K) From: 68619K(69120K)->83100K(108544K)
[720.128s][info][gc,heap        ] GC(2647) ParOldGen: 375839K(667648K)->375975K(667648K)
[720.128s][info][gc,metaspace   ] GC(2647) Metaspace: 19165K(19328K)->19165K(19328K) NonClass: 16499K(16576K)->16499K(16576K) Class: 2666K(2752K)->2666K(2752K)
[720.128s][info][gc             ] GC(2647) Pause Young (Allocation Failure) 561M->448M(867M) 100.796ms
[720.128s][info][gc,cpu         ] GC(2647) User=0.19s Sys=0.01s Real=0.11s
[720.351s][info][gc,start       ] GC(2648) Pause Young (Allocation Failure)
[720.443s][info][gc,heap        ] GC(2648) PSYoungGen: 194716K(220160K)->82955K(222720K) Eden: 111616K(111616K)->0K(111616K) From: 83100K(108544K)->82955K(111104K)
[720.443s][info][gc,heap        ] GC(2648) ParOldGen: 375975K(667648K)->376135K(667648K)
[720.443s][info][gc,metaspace   ] GC(2648) Metaspace: 19165K(19328K)->19165K(19328K) NonClass: 16499K(16576K)->16499K(16576K) Class: 2666K(2752K)->2666K(2752K)
[720.443s][info][gc             ] GC(2648) Pause Young (Allocation Failure) 557M->448M(869M) 91.834ms
[720.443s][info][gc,cpu         ] GC(2648) User=0.19s Sys=0.00s Real=0.09s
[720.612s][info][gc,start       ] GC(2649) Pause Young (Allocation Failure)
[720.724s][info][gc,heap        ] GC(2649) PSYoungGen: 194571K(222720K)->98684K(222720K) Eden: 111616K(111616K)->0K(111616K) From: 82955K(111104K)->98684K(111104K)
[720.724s][info][gc,heap        ] GC(2649) ParOldGen: 376135K(667648K)->376343K(667648K)
[720.724s][info][gc,metaspace   ] GC(2649) Metaspace: 19165K(19328K)->19165K(19328K) NonClass: 16499K(16576K)->16499K(16576K) Class: 2666K(2752K)->2666K(2752K)
[720.724s][info][gc             ] GC(2649) Pause Young (Allocation Failure) 557M->463M(869M) 112.400ms
[720.724s][info][gc,cpu         ] GC(2649) User=0.21s Sys=0.01s Real=0.11s
[720.849s][info][gc,start       ] GC(2650) Pause Young (Allocation Failure)
[720.986s][info][gc,heap        ] GC(2650) PSYoungGen: 210300K(222720K)->111100K(222720K) Eden: 111616K(111616K)->0K(111616K) From: 98684K(111104K)->111100K(111104K)
[720.986s][info][gc,heap        ] GC(2650) ParOldGen: 376343K(667648K)->381887K(667648K)
[720.986s][info][gc,metaspace   ] GC(2650) Metaspace: 19165K(19328K)->19165K(19328K) NonClass: 16499K(16576K)->16499K(16576K) Class: 2666K(2752K)->2666K(2752K)
[720.986s][info][gc             ] GC(2650) Pause Young (Allocation Failure) 572M->481M(869M) 137.122ms
[720.986s][info][gc,cpu         ] GC(2650) User=0.28s Sys=0.00s Real=0.13s
[721.094s][info][gc,start       ] GC(2651) Pause Young (Allocation Failure)
[721.217s][info][gc,heap        ] GC(2651) PSYoungGen: 222716K(222720K)->94704K(222720K) Eden: 111616K(111616K)->0K(111616K) From: 111100K(111104K)->94704K(111104K)
[721.217s][info][gc,heap        ] GC(2651) ParOldGen: 381887K(667648K)->405587K(667648K)
[721.217s][info][gc,metaspace   ] GC(2651) Metaspace: 19165K(19328K)->19165K(19328K) NonClass: 16499K(16576K)->16499K(16576K) Class: 2666K(2752K)->2666K(2752K)
[721.217s][info][gc             ] GC(2651) Pause Young (Allocation Failure) 590M->488M(869M) 122.907ms
[721.217s][info][gc,cpu         ] GC(2651) User=0.24s Sys=0.00s Real=0.12s
[721.343s][info][gc,start       ] GC(2652) Pause Young (Allocation Failure)
[721.434s][info][gc,heap        ] GC(2652) PSYoungGen: 206320K(222720K)->70720K(222720K) Eden: 111616K(111616K)->0K(111616K) From: 94704K(111104K)->70720K(111104K)
[721.434s][info][gc,heap        ] GC(2652) ParOldGen: 405587K(667648K)->430771K(667648K)
[721.434s][info][gc,metaspace   ] GC(2652) Metaspace: 19165K(19328K)->19165K(19328K) NonClass: 16499K(16576K)->16499K(16576K) Class: 2666K(2752K)->2666K(2752K)
[721.434s][info][gc             ] GC(2652) Pause Young (Allocation Failure) 597M->489M(869M) 91.501ms
[721.435s][info][gc,cpu         ] GC(2652) User=0.18s Sys=0.00s Real=0.09s
[721.566s][info][gc,start       ] GC(2653) Pause Young (Allocation Failure)
[721.641s][info][gc,heap        ] GC(2653) PSYoungGen: 182336K(222720K)->71392K(222720K) Eden: 111616K(111616K)->0K(111616K) From: 70720K(111104K)->71392K(111104K)
[721.641s][info][gc,heap        ] GC(2653) ParOldGen: 430771K(667648K)->435635K(667648K)
[721.641s][info][gc,metaspace   ] GC(2653) Metaspace: 19165K(19328K)->19165K(19328K) NonClass: 16499K(16576K)->16499K(16576K) Class: 2666K(2752K)->2666K(2752K)
[721.641s][info][gc             ] GC(2653) Pause Young (Allocation Failure) 598M->495M(869M) 75.149ms
[721.641s][info][gc,cpu         ] GC(2653) User=0.15s Sys=0.00s Real=0.08s
[721.755s][info][gc,start       ] GC(2654) Pause Young (Allocation Failure)
[721.824s][info][gc,heap        ] GC(2654) PSYoungGen: 183008K(222720K)->62448K(222720K) Eden: 111616K(111616K)->0K(111616K) From: 71392K(111104K)->62448K(111104K)
[721.824s][info][gc,heap        ] GC(2654) ParOldGen: 435635K(667648K)->444603K(667648K)
[721.824s][info][gc,metaspace   ] GC(2654) Metaspace: 19165K(19328K)->19165K(19328K) NonClass: 16499K(16576K)->16499K(16576K) Class: 2666K(2752K)->2666K(2752K)
[721.824s][info][gc             ] GC(2654) Pause Young (Allocation Failure) 604M->495M(869M) 68.750ms
[721.824s][info][gc,cpu         ] GC(2654) User=0.14s Sys=0.00s Real=0.07s
[721.895s][info][gc,start       ] GC(2655) Pause Young (Allocation Failure)
[721.957s][info][gc,heap        ] GC(2655) PSYoungGen: 174064K(222720K)->47808K(222720K) Eden: 111616K(111616K)->0K(111616K) From: 62448K(111104K)->47808K(111104K)
[721.957s][info][gc,heap        ] GC(2655) ParOldGen: 444603K(667648K)->459292K(667648K)
[721.957s][info][gc,metaspace   ] GC(2655) Metaspace: 19165K(19328K)->19165K(19328K) NonClass: 16499K(16576K)->16499K(16576K) Class: 2666K(2752K)->2666K(2752K)
[721.957s][info][gc             ] GC(2655) Pause Young (Allocation Failure) 604M->495M(869M) 61.794ms
[721.957s][info][gc,cpu         ] GC(2655) User=0.12s Sys=0.00s Real=0.06s
[722.132s][info][gc,start       ] GC(2656) Pause Young (Allocation Failure)
[722.187s][info][gc,heap        ] GC(2656) PSYoungGen: 159424K(222720K)->23104K(222720K) Eden: 111616K(111616K)->0K(111616K) From: 47808K(111104K)->23104K(111104K)
[722.188s][info][gc,heap        ] GC(2656) ParOldGen: 459292K(667648K)->493276K(667648K)
[722.188s][info][gc,metaspace   ] GC(2656) Metaspace: 19165K(19328K)->19165K(19328K) NonClass: 16499K(16576K)->16499K(16576K) Class: 2666K(2752K)->2666K(2752K)
[722.188s][info][gc             ] GC(2656) Pause Young (Allocation Failure) 604M->504M(869M) 55.507ms
[722.188s][info][gc,cpu         ] GC(2656) User=0.11s Sys=0.00s Real=0.06s
[722.355s][info][gc,start       ] GC(2657) Pause Young (Allocation Failure)
[722.386s][info][gc,heap        ] GC(2657) PSYoungGen: 134720K(222720K)->20928K(222720K) Eden: 111616K(111616K)->0K(111616K) From: 23104K(111104K)->20928K(111104K)
[722.386s][info][gc,heap        ] GC(2657) ParOldGen: 493276K(667648K)->501628K(667648K)
[722.387s][info][gc,metaspace   ] GC(2657) Metaspace: 19165K(19328K)->19165K(19328K) NonClass: 16499K(16576K)->16499K(16576K) Class: 2666K(2752K)->2666K(2752K)
[722.387s][info][gc             ] GC(2657) Pause Young (Allocation Failure) 613M->510M(869M) 31.661ms
[722.387s][info][gc,cpu         ] GC(2657) User=0.06s Sys=0.00s Real=0.03s
[722.718s][info][gc,start       ] GC(2658) Pause Young (Allocation Failure)
[722.741s][info][gc,heap        ] GC(2658) PSYoungGen: 132544K(222720K)->15456K(222720K) Eden: 111616K(111616K)->0K(111616K) From: 20928K(111104K)->15456K(111104K)
[722.741s][info][gc,heap        ] GC(2658) ParOldGen: 501628K(667648K)->507188K(667648K)
[722.741s][info][gc,metaspace   ] GC(2658) Metaspace: 19165K(19328K)->19165K(19328K) NonClass: 16499K(16576K)->16499K(16576K) Class: 2666K(2752K)->2666K(2752K)
[722.741s][info][gc             ] GC(2658) Pause Young (Allocation Failure) 619M->510M(869M) 22.373ms
[722.741s][info][gc,cpu         ] GC(2658) User=0.05s Sys=0.00s Real=0.02s
[723.003s][info][gc,start       ] GC(2659) Pause Young (Allocation Failure)
[723.020s][info][gc,heap        ] GC(2659) PSYoungGen: 127072K(222720K)->6432K(222720K) Eden: 111616K(111616K)->0K(111616K) From: 15456K(111104K)->6432K(111104K)
[723.020s][info][gc,heap        ] GC(2659) ParOldGen: 507188K(667648K)->516388K(667648K)
[723.020s][info][gc,metaspace   ] GC(2659) Metaspace: 19165K(19328K)->19165K(19328K) NonClass: 16499K(16576K)->16499K(16576K) Class: 2666K(2752K)->2666K(2752K)
[723.020s][info][gc             ] GC(2659) Pause Young (Allocation Failure) 619M->510M(869M) 16.954ms
[723.020s][info][gc,cpu         ] GC(2659) User=0.03s Sys=0.00s Real=0.02s
[723.270s][info][gc,start       ] GC(2660) Pause Young (Allocation Failure)
[723.279s][info][gc,heap        ] GC(2660) PSYoungGen: 118048K(222720K)->224K(222720K) Eden: 111616K(111616K)->0K(111616K) From: 6432K(111104K)->224K(111104K)
[723.279s][info][gc,heap        ] GC(2660) ParOldGen: 516388K(667648K)->522612K(667648K)
[723.279s][info][gc,metaspace   ] GC(2660) Metaspace: 19165K(19328K)->19165K(19328K) NonClass: 16499K(16576K)->16499K(16576K) Class: 2666K(2752K)->2666K(2752K)
[723.279s][info][gc             ] GC(2660) Pause Young (Allocation Failure) 619M->510M(869M) 8.323ms
[723.279s][info][gc,cpu         ] GC(2660) User=0.01s Sys=0.01s Real=0.01s
[723.469s][info][gc,start       ] GC(2661) Pause Young (Allocation Failure)
[723.472s][info][gc,heap        ] GC(2661) PSYoungGen: 111840K(222720K)->64K(222720K) Eden: 111616K(111616K)->0K(111616K) From: 224K(111104K)->64K(111104K)
[723.472s][info][gc,heap        ] GC(2661) ParOldGen: 522612K(667648K)->522812K(667648K)
[723.472s][info][gc,metaspace   ] GC(2661) Metaspace: 19165K(19328K)->19165K(19328K) NonClass: 16499K(16576K)->16499K(16576K) Class: 2666K(2752K)->2666K(2752K)
[723.472s][info][gc             ] GC(2661) Pause Young (Allocation Failure) 619M->510M(869M) 2.866ms
[723.472s][info][gc,cpu         ] GC(2661) User=0.01s Sys=0.00s Real=0.00s
[723.752s][info][gc,start       ] GC(2662) Pause Young (Allocation Failure)
[723.754s][info][gc,heap        ] GC(2662) PSYoungGen: 111680K(222720K)->320K(222720K) Eden: 111616K(111616K)->0K(111616K) From: 64K(111104K)->320K(111104K)
[723.754s][info][gc,heap        ] GC(2662) ParOldGen: 522812K(667648K)->522844K(667648K)
[723.754s][info][gc,metaspace   ] GC(2662) Metaspace: 19165K(19328K)->19165K(19328K) NonClass: 16499K(16576K)->16499K(16576K) Class: 2666K(2752K)->2666K(2752K)
[723.754s][info][gc             ] GC(2662) Pause Young (Allocation Failure) 619M->510M(869M) 2.631ms
[723.754s][info][gc,cpu         ] GC(2662) User=0.01s Sys=0.00s Real=0.00s
[723.914s][info][gc,start       ] GC(2663) Pause Young (Allocation Failure)
[723.930s][info][gc,heap        ] GC(2663) PSYoungGen: 111936K(222720K)->17424K(222720K) Eden: 111616K(111616K)->0K(111616K) From: 320K(111104K)->17424K(111104K)
[723.930s][info][gc,heap        ] GC(2663) ParOldGen: 522844K(667648K)->523156K(667648K)
[723.930s][info][gc,metaspace   ] GC(2663) Metaspace: 19165K(19328K)->19165K(19328K) NonClass: 16499K(16576K)->16499K(16576K) Class: 2666K(2752K)->2666K(2752K)
[723.930s][info][gc             ] GC(2663) Pause Young (Allocation Failure) 619M->527M(869M) 15.854ms
[723.930s][info][gc,cpu         ] GC(2663) User=0.03s Sys=0.00s Real=0.02s
[723.986s][info][gc,start       ] GC(2664) Pause Young (Allocation Failure)
[724.034s][info][gc,heap        ] GC(2664) PSYoungGen: 129040K(222720K)->47894K(222720K) Eden: 111616K(111616K)->0K(111616K) From: 17424K(111104K)->47894K(111104K)
[724.034s][info][gc,heap        ] GC(2664) ParOldGen: 523156K(667648K)->540693K(667648K)
[724.034s][info][gc,metaspace   ] GC(2664) Metaspace: 19165K(19328K)->19165K(19328K) NonClass: 16499K(16576K)->16499K(16576K) Class: 2666K(2752K)->2666K(2752K)
[724.034s][info][gc             ] GC(2664) Pause Young (Allocation Failure) 636M->574M(869M) 48.329ms
[724.034s][info][gc,cpu         ] GC(2664) User=0.09s Sys=0.00s Real=0.05s
[724.072s][info][gc,start       ] GC(2665) Pause Young (Allocation Failure)
[724.134s][info][gc,heap        ] GC(2665) PSYoungGen: 159510K(222720K)->47904K(222720K) Eden: 111616K(111616K)->0K(111616K) From: 47894K(111104K)->47904K(111104K)
[724.134s][info][gc,heap        ] GC(2665) ParOldGen: 540693K(667648K)->589115K(667648K)
[724.134s][info][gc,metaspace   ] GC(2665) Metaspace: 19165K(19328K)->19165K(19328K) NonClass: 16499K(16576K)->16499K(16576K) Class: 2666K(2752K)->2666K(2752K)
[724.134s][info][gc             ] GC(2665) Pause Young (Allocation Failure) 683M->622M(869M) 62.485ms
[724.134s][info][gc,cpu         ] GC(2665) User=0.13s Sys=0.00s Real=0.06s
[724.174s][info][gc,start       ] GC(2666) Pause Young (Allocation Failure)
[724.236s][info][gc,heap        ] GC(2666) PSYoungGen: 159520K(222720K)->47136K(159232K) Eden: 111616K(111616K)->0K(111616K) From: 47904K(111104K)->47136K(47616K)
[724.236s][info][gc,heap        ] GC(2666) ParOldGen: 589115K(667648K)->637547K(667648K)
[724.236s][info][gc,metaspace   ] GC(2666) Metaspace: 19165K(19328K)->19165K(19328K) NonClass: 16499K(16576K)->16499K(16576K) Class: 2666K(2752K)->2666K(2752K)
[724.236s][info][gc             ] GC(2666) Pause Young (Allocation Failure) 731M->668M(807M) 61.386ms
[724.236s][info][gc,cpu         ] GC(2666) User=0.12s Sys=0.00s Real=0.06s
[724.334s][info][gc,start       ] GC(2667) Pause Full (Allocation Failure)
[724.334s][info][gc,phases,start] GC(2667) Marking Phase
[724.702s][info][gc,phases      ] GC(2667) Marking Phase 368.848ms
[724.702s][info][gc,phases,start] GC(2667) Summary Phase
[724.703s][info][gc,phases      ] GC(2667) Summary Phase 0.026ms
[724.703s][info][gc,phases,start] GC(2667) Forward
[724.842s][info][gc,phases      ] GC(2667) Forward 139.670ms
[724.842s][info][gc,phases,start] GC(2667) Adjust Pointers
[725.120s][info][gc,phases      ] GC(2667) Adjust Pointers 277.789ms
[725.120s][info][gc,phases,start] GC(2667) Compaction Phase
[725.292s][info][gc,phases      ] GC(2667) Compaction Phase 172.006ms
[725.301s][info][gc,phases,start] GC(2667) Post Compact
[725.304s][info][gc,phases      ] GC(2667) Post Compact 2.300ms
[725.304s][info][gc,heap        ] GC(2667) PSYoungGen: 158752K(159232K)->0K(221184K) Eden: 111616K(111616K)->0K(111616K) From: 47136K(47616K)->0K(109568K)
[725.304s][info][gc,heap        ] GC(2667) ParOldGen: 637547K(667648K)->567417K(667648K)
[725.304s][info][gc,metaspace   ] GC(2667) Metaspace: 19165K(19328K)->19165K(19328K) NonClass: 16499K(16576K)->16499K(16576K) Class: 2666K(2752K)->2666K(2752K)
[725.304s][info][gc             ] GC(2667) Pause Full (Allocation Failure) 777M->554M(868M) 970.294ms
[725.304s][info][gc,cpu         ] GC(2667) User=1.83s Sys=0.00s Real=0.97s
[725.528s][info][gc,start       ] GC(2668) Pause Young (Allocation Failure)
[725.559s][info][gc,heap        ] GC(2668) PSYoungGen: 111616K(221184K)->14144K(125952K) Eden: 111616K(111616K)->0K(111616K) From: 0K(109568K)->14144K(14336K)
[725.559s][info][gc,heap        ] GC(2668) ParOldGen: 567417K(667648K)->567417K(667648K)
[725.559s][info][gc,metaspace   ] GC(2668) Metaspace: 19165K(19328K)->19165K(19328K) NonClass: 16499K(16576K)->16499K(16576K) Class: 2666K(2752K)->2666K(2752K)
[725.559s][info][gc             ] GC(2668) Pause Young (Allocation Failure) 663M->567M(775M) 30.222ms
[725.559s][info][gc,cpu         ] GC(2668) User=0.06s Sys=0.00s Real=0.03s
[725.741s][info][gc,start       ] GC(2669) Pause Young (Allocation Failure)
[725.774s][info][gc,heap        ] GC(2669) PSYoungGen: 125760K(125952K)->16320K(222720K) Eden: 111616K(111616K)->0K(119296K) From: 14144K(14336K)->16320K(103424K)
[725.774s][info][gc,heap        ] GC(2669) ParOldGen: 567417K(667648K)->567417K(667648K)
[725.774s][info][gc,metaspace   ] GC(2669) Metaspace: 19165K(19328K)->19165K(19328K) NonClass: 16499K(16576K)->16499K(16576K) Class: 2666K(2752K)->2666K(2752K)
[725.774s][info][gc             ] GC(2669) Pause Young (Allocation Failure) 676M->570M(869M) 33.314ms
[725.774s][info][gc,cpu         ] GC(2669) User=0.06s Sys=0.00s Real=0.03s
[725.881s][info][gc,start       ] GC(2670) Pause Young (Allocation Failure)
[725.931s][info][gc,heap        ] GC(2670) PSYoungGen: 135616K(222720K)->18976K(220672K) Eden: 119296K(119296K)->0K(119296K) From: 16320K(103424K)->18976K(101376K)
[725.931s][info][gc,heap        ] GC(2670) ParOldGen: 567417K(667648K)->567417K(667648K)
[725.931s][info][gc,metaspace   ] GC(2670) Metaspace: 19165K(19328K)->19165K(19328K) NonClass: 16499K(16576K)->16499K(16576K) Class: 2666K(2752K)->2666K(2752K)
[725.931s][info][gc             ] GC(2670) Pause Young (Allocation Failure) 686M->572M(867M) 49.717ms
[725.931s][info][gc,cpu         ] GC(2670) User=0.09s Sys=0.00s Real=0.05s
[726.083s][info][gc,start       ] GC(2671) Pause Young (Allocation Failure)
[726.155s][info][gc,heap        ] GC(2671) PSYoungGen: 138272K(220672K)->39331K(222720K) Eden: 119296K(119296K)->0K(130560K) From: 18976K(101376K)->39331K(92160K)
[726.155s][info][gc,heap        ] GC(2671) ParOldGen: 567417K(667648K)->567417K(667648K)
[726.155s][info][gc,metaspace   ] GC(2671) Metaspace: 19165K(19328K)->19165K(19328K) NonClass: 16499K(16576K)->16499K(16576K) Class: 2666K(2752K)->2666K(2752K)
[726.155s][info][gc             ] GC(2671) Pause Young (Allocation Failure) 689M->592M(869M) 72.034ms
[726.155s][info][gc,cpu         ] GC(2671) User=0.14s Sys=0.00s Real=0.07s
[726.339s][info][gc,start       ] GC(2672) Pause Young (Allocation Failure)
[726.422s][info][gc,heap        ] GC(2672) PSYoungGen: 169891K(222720K)->46531K(224256K) Eden: 130560K(130560K)->0K(130560K) From: 39331K(92160K)->46531K(93696K)
[726.422s][info][gc,heap        ] GC(2672) ParOldGen: 567417K(667648K)->567417K(667648K)
[726.422s][info][gc,metaspace   ] GC(2672) Metaspace: 19165K(19328K)->19165K(19328K) NonClass: 16499K(16576K)->16499K(16576K) Class: 2666K(2752K)->2666K(2752K)
[726.422s][info][gc             ] GC(2672) Pause Young (Allocation Failure) 720M->599M(871M) 82.674ms
[726.422s][info][gc,cpu         ] GC(2672) User=0.17s Sys=0.00s Real=0.08s
[726.603s][info][gc,start       ] GC(2673) Pause Young (Allocation Failure)
[726.685s][info][gc,heap        ] GC(2673) PSYoungGen: 177091K(224256K)->46531K(233472K) Eden: 130560K(130560K)->0K(142848K) From: 46531K(93696K)->46531K(90624K)
[726.685s][info][gc,heap        ] GC(2673) ParOldGen: 567417K(667648K)->567417K(667648K)
[726.685s][info][gc,metaspace   ] GC(2673) Metaspace: 19165K(19328K)->19165K(19328K) NonClass: 16499K(16576K)->16499K(16576K) Class: 2666K(2752K)->2666K(2752K)
[726.685s][info][gc             ] GC(2673) Pause Young (Allocation Failure) 727M->599M(880M) 82.422ms
[726.685s][info][gc,cpu         ] GC(2673) User=0.16s Sys=0.00s Real=0.08s
[726.885s][info][gc,start       ] GC(2674) Pause Young (Allocation Failure)
[726.967s][info][gc,heap        ] GC(2674) PSYoungGen: 189379K(233472K)->46531K(234496K) Eden: 142848K(142848K)->0K(142848K) From: 46531K(90624K)->46531K(91648K)
[726.967s][info][gc,heap        ] GC(2674) ParOldGen: 567417K(667648K)->567417K(667648K)
[726.967s][info][gc,metaspace   ] GC(2674) Metaspace: 19165K(19328K)->19165K(19328K) NonClass: 16499K(16576K)->16499K(16576K) Class: 2666K(2752K)->2666K(2752K)
[726.967s][info][gc             ] GC(2674) Pause Young (Allocation Failure) 739M->599M(881M) 81.747ms
[726.967s][info][gc,cpu         ] GC(2674) User=0.16s Sys=0.00s Real=0.08s
[727.167s][info][gc,start       ] GC(2675) Pause Young (Allocation Failure)
[727.247s][info][gc,heap        ] GC(2675) PSYoungGen: 189379K(234496K)->46518K(239104K) Eden: 142848K(142848K)->0K(151552K) From: 46531K(91648K)->46518K(87552K)
[727.247s][info][gc,heap        ] GC(2675) ParOldGen: 567417K(667648K)->567417K(667648K)
[727.247s][info][gc,metaspace   ] GC(2675) Metaspace: 19165K(19328K)->19165K(19328K) NonClass: 16499K(16576K)->16499K(16576K) Class: 2666K(2752K)->2666K(2752K)
[727.247s][info][gc             ] GC(2675) Pause Young (Allocation Failure) 739M->599M(885M) 80.088ms
[727.247s][info][gc,cpu         ] GC(2675) User=0.15s Sys=0.01s Real=0.09s
[727.458s][info][gc,start       ] GC(2676) Pause Young (Allocation Failure)
[727.537s][info][gc,heap        ] GC(2676) PSYoungGen: 198070K(239104K)->46531K(240640K) Eden: 151552K(151552K)->0K(151552K) From: 46518K(87552K)->46531K(89088K)
[727.537s][info][gc,heap        ] GC(2676) ParOldGen: 567417K(667648K)->567417K(667648K)
[727.537s][info][gc,metaspace   ] GC(2676) Metaspace: 19165K(19328K)->19165K(19328K) NonClass: 16499K(16576K)->16499K(16576K) Class: 2666K(2752K)->2666K(2752K)
[727.537s][info][gc             ] GC(2676) Pause Young (Allocation Failure) 747M->599M(887M) 79.521ms
[727.537s][info][gc,cpu         ] GC(2676) User=0.16s Sys=0.00s Real=0.07s
[727.705s][info][gc,start       ] GC(2677) Pause Young (Allocation Failure)
[727.803s][info][gc,heap        ] GC(2677) PSYoungGen: 198083K(240640K)->63638K(237056K) Eden: 151552K(151552K)->0K(149504K) From: 46531K(89088K)->63638K(87552K)
[727.803s][info][gc,heap        ] GC(2677) ParOldGen: 567417K(667648K)->567417K(667648K)
[727.803s][info][gc,metaspace   ] GC(2677) Metaspace: 19165K(19328K)->19165K(19328K) NonClass: 16499K(16576K)->16499K(16576K) Class: 2666K(2752K)->2666K(2752K)
[727.803s][info][gc             ] GC(2677) Pause Young (Allocation Failure) 747M->616M(883M) 98.054ms
[727.803s][info][gc,cpu         ] GC(2677) User=0.20s Sys=0.00s Real=0.10s
[727.931s][info][gc,start       ] GC(2678) Pause Young (Allocation Failure)
[728.044s][info][gc,heap        ] GC(2678) PSYoungGen: 213142K(237056K)->63149K(212992K) Eden: 149504K(149504K)->0K(149504K) From: 63638K(87552K)->63149K(63488K)
[728.045s][info][gc,heap        ] GC(2678) ParOldGen: 567417K(667648K)->581537K(667648K)
[728.045s][info][gc,metaspace   ] GC(2678) Metaspace: 19165K(19328K)->19165K(19328K) NonClass: 16499K(16576K)->16499K(16576K) Class: 2666K(2752K)->2666K(2752K)
[728.045s][info][gc             ] GC(2678) Pause Young (Allocation Failure) 762M->629M(860M) 113.487ms
[728.045s][info][gc,cpu         ] GC(2678) User=0.23s Sys=0.00s Real=0.11s
[728.179s][info][gc,start       ] GC(2679) Pause Young (Allocation Failure)
[728.268s][info][gc,heap        ] GC(2679) PSYoungGen: 212653K(212992K)->61603K(234496K) Eden: 149504K(149504K)->0K(139264K) From: 63149K(63488K)->61603K(95232K)
[728.268s][info][gc,heap        ] GC(2679) ParOldGen: 581537K(667648K)->583761K(667648K)
[728.268s][info][gc,metaspace   ] GC(2679) Metaspace: 19165K(19328K)->19165K(19328K) NonClass: 16499K(16576K)->16499K(16576K) Class: 2666K(2752K)->2666K(2752K)
[728.268s][info][gc             ] GC(2679) Pause Young (Allocation Failure) 775M->630M(881M) 89.260ms
[728.268s][info][gc,cpu         ] GC(2679) User=0.18s Sys=0.00s Real=0.09s
[728.412s][info][gc,start       ] GC(2680) Pause Young (Allocation Failure)
[728.498s][info][gc,heap        ] GC(2680) PSYoungGen: 200867K(234496K)->60397K(199680K) Eden: 139264K(139264K)->0K(139264K) From: 61603K(95232K)->60397K(60416K)
[728.498s][info][gc,heap        ] GC(2680) ParOldGen: 583761K(667648K)->586393K(667648K)
[728.498s][info][gc,metaspace   ] GC(2680) Metaspace: 19165K(19328K)->19165K(19328K) NonClass: 16499K(16576K)->16499K(16576K) Class: 2666K(2752K)->2666K(2752K)
[728.498s][info][gc             ] GC(2680) Pause Young (Allocation Failure) 766M->631M(847M) 85.594ms
[728.498s][info][gc,cpu         ] GC(2680) User=0.17s Sys=0.00s Real=0.09s
[728.652s][info][gc,start       ] GC(2681) Pause Young (Allocation Failure)
[728.737s][info][gc,heap        ] GC(2681) PSYoungGen: 199661K(199680K)->49120K(240128K) Eden: 139264K(139264K)->0K(142336K) From: 60397K(60416K)->49120K(97792K)
[728.737s][info][gc,heap        ] GC(2681) ParOldGen: 586393K(667648K)->605792K(667648K)
[728.737s][info][gc,metaspace   ] GC(2681) Metaspace: 19165K(19328K)->19165K(19328K) NonClass: 16499K(16576K)->16499K(16576K) Class: 2666K(2752K)->2666K(2752K)
[728.737s][info][gc             ] GC(2681) Pause Young (Allocation Failure) 767M->639M(886M) 85.121ms
[728.737s][info][gc,cpu         ] GC(2681) User=0.17s Sys=0.00s Real=0.09s
[729.029s][info][gc,start       ] GC(2682) Pause Young (Allocation Failure)
[729.080s][info][gc,heap        ] GC(2682) PSYoungGen: 191456K(240128K)->40992K(183808K) Eden: 142336K(142336K)->0K(142336K) From: 49120K(97792K)->40992K(41472K)
[729.080s][info][gc,heap        ] GC(2682) ParOldGen: 605792K(667648K)->614024K(667648K)
[729.080s][info][gc,metaspace   ] GC(2682) Metaspace: 19165K(19328K)->19165K(19328K) NonClass: 16499K(16576K)->16499K(16576K) Class: 2666K(2752K)->2666K(2752K)
[729.080s][info][gc             ] GC(2682) Pause Young (Allocation Failure) 778M->639M(831M) 51.227ms
[729.080s][info][gc,cpu         ] GC(2682) User=0.10s Sys=0.00s Real=0.05s
[729.346s][info][gc,start       ] GC(2683) Pause Young (Allocation Failure)
[729.386s][info][gc,heap        ] GC(2683) PSYoungGen: 183328K(183808K)->41056K(236032K) Eden: 142336K(142336K)->0K(145920K) From: 40992K(41472K)->41056K(90112K)
[729.386s][info][gc,heap        ] GC(2683) ParOldGen: 614024K(667648K)->614024K(667648K)
[729.386s][info][gc,metaspace   ] GC(2683) Metaspace: 19165K(19328K)->19165K(19328K) NonClass: 16499K(16576K)->16499K(16576K) Class: 2666K(2752K)->2666K(2752K)
[729.386s][info][gc             ] GC(2683) Pause Young (Allocation Failure) 778M->639M(882M) 40.318ms
[729.386s][info][gc,cpu         ] GC(2683) User=0.08s Sys=0.00s Real=0.04s
[729.647s][info][gc,start       ] GC(2684) Pause Young (Allocation Failure)
[729.687s][info][gc,heap        ] GC(2684) PSYoungGen: 186976K(236032K)->41088K(232448K) Eden: 145920K(145920K)->0K(145920K) From: 41056K(90112K)->41088K(86528K)
[729.687s][info][gc,heap        ] GC(2684) ParOldGen: 614024K(667648K)->614024K(667648K)
[729.687s][info][gc,metaspace   ] GC(2684) Metaspace: 19165K(19328K)->19165K(19328K) NonClass: 16499K(16576K)->16499K(16576K) Class: 2666K(2752K)->2666K(2752K)
[729.687s][info][gc             ] GC(2684) Pause Young (Allocation Failure) 782M->639M(879M) 40.403ms
[729.687s][info][gc,cpu         ] GC(2684) User=0.08s Sys=0.00s Real=0.04s
[729.909s][info][gc,start       ] GC(2685) Pause Young (Allocation Failure)
[729.961s][info][gc,heap        ] GC(2685) PSYoungGen: 187008K(232448K)->54176K(240128K) Eden: 145920K(145920K)->0K(157184K) From: 41088K(86528K)->54176K(82944K)
[729.961s][info][gc,heap        ] GC(2685) ParOldGen: 614024K(667648K)->614024K(667648K)
[729.961s][info][gc,metaspace   ] GC(2685) Metaspace: 19165K(19328K)->19165K(19328K) NonClass: 16499K(16576K)->16499K(16576K) Class: 2666K(2752K)->2666K(2752K)
[729.961s][info][gc             ] GC(2685) Pause Young (Allocation Failure) 782M->652M(886M) 52.147ms
[729.961s][info][gc,cpu         ] GC(2685) User=0.11s Sys=0.00s Real=0.05s
[730.161s][info][gc,start       ] GC(2686) Pause Young (Allocation Failure)
[730.214s][info][gc,heap        ] GC(2686) PSYoungGen: 211360K(240128K)->55680K(240128K) Eden: 157184K(157184K)->0K(157184K) From: 54176K(82944K)->55680K(82944K)
[730.214s][info][gc,heap        ] GC(2686) ParOldGen: 614024K(667648K)->614024K(667648K)
[730.214s][info][gc,metaspace   ] GC(2686) Metaspace: 19165K(19328K)->19165K(19328K) NonClass: 16499K(16576K)->16499K(16576K) Class: 2666K(2752K)->2666K(2752K)
[730.214s][info][gc             ] GC(2686) Pause Young (Allocation Failure) 806M->654M(886M) 53.741ms
[730.214s][info][gc,cpu         ] GC(2686) User=0.11s Sys=0.00s Real=0.05s
[730.311s][info][gc,start       ] GC(2687) Pause Young (Allocation Failure)
[730.421s][info][gc,heap        ] GC(2687) PSYoungGen: 212864K(240128K)->82928K(214016K) Eden: 157184K(157184K)->0K(131072K) From: 55680K(82944K)->82928K(82944K)
[730.421s][info][gc,heap        ] GC(2687) ParOldGen: 614024K(667648K)->638704K(667648K)
[730.421s][info][gc,metaspace   ] GC(2687) Metaspace: 19165K(19328K)->19165K(19328K) NonClass: 16499K(16576K)->16499K(16576K) Class: 2666K(2752K)->2666K(2752K)
[730.421s][info][gc             ] GC(2687) Pause Young (Allocation Failure) 807M->704M(861M) 110.618ms
[730.421s][info][gc,cpu         ] GC(2687) User=0.20s Sys=0.01s Real=0.11s
[730.656s][info][gc,start       ] GC(2688) Pause Full (Allocation Failure)
[730.656s][info][gc,phases,start] GC(2688) Marking Phase
[730.830s][info][gc,phases      ] GC(2688) Marking Phase 174.274ms
[730.830s][info][gc,phases,start] GC(2688) Summary Phase
[730.831s][info][gc,phases      ] GC(2688) Summary Phase 0.029ms
[730.831s][info][gc,phases,start] GC(2688) Forward
[730.918s][info][gc,phases      ] GC(2688) Forward 87.931ms
[730.919s][info][gc,phases,start] GC(2688) Adjust Pointers
[731.073s][info][gc,phases      ] GC(2688) Adjust Pointers 154.680ms
[731.073s][info][gc,phases,start] GC(2688) Compaction Phase
[731.148s][info][gc,phases      ] GC(2688) Compaction Phase 74.500ms
[731.161s][info][gc,phases,start] GC(2688) Post Compact
[731.164s][info][gc,phases      ] GC(2688) Post Compact 2.439ms
[731.169s][info][gc,heap        ] GC(2688) PSYoungGen: 214000K(214016K)->0K(232448K) Eden: 131072K(131072K)->0K(131072K) From: 82928K(82944K)->0K(101376K)
[731.169s][info][gc,heap        ] GC(2688) ParOldGen: 638704K(667648K)->285998K(596992K)
[731.169s][info][gc,metaspace   ] GC(2688) Metaspace: 19165K(19328K)->19165K(19328K) NonClass: 16499K(16576K)->16499K(16576K) Class: 2666K(2752K)->2666K(2752K)
[731.169s][info][gc             ] GC(2688) Pause Full (Allocation Failure) 832M->279M(810M) 513.347ms
[731.169s][info][gc,cpu         ] GC(2688) User=0.89s Sys=0.01s Real=0.52s
[731.346s][info][gc,start       ] GC(2689) Pause Young (Allocation Failure)
[731.354s][info][gc,heap        ] GC(2689) PSYoungGen: 131072K(232448K)->3872K(225280K) Eden: 131072K(131072K)->0K(123904K) From: 0K(101376K)->3872K(101376K)
[731.354s][info][gc,heap        ] GC(2689) ParOldGen: 285998K(596992K)->285998K(596992K)
[731.354s][info][gc,metaspace   ] GC(2689) Metaspace: 19165K(19328K)->19165K(19328K) NonClass: 16499K(16576K)->16499K(16576K) Class: 2666K(2752K)->2666K(2752K)
[731.354s][info][gc             ] GC(2689) Pause Young (Allocation Failure) 407M->283M(803M) 8.249ms
[731.354s][info][gc,cpu         ] GC(2689) User=0.02s Sys=0.00s Real=0.01s
[731.521s][info][gc,start       ] GC(2690) Pause Young (Allocation Failure)
[731.527s][info][gc,heap        ] GC(2690) PSYoungGen: 127776K(225280K)->3872K(128000K) Eden: 123904K(123904K)->0K(123904K) From: 3872K(101376K)->3872K(4096K)
[731.527s][info][gc,heap        ] GC(2690) ParOldGen: 285998K(596992K)->285998K(596992K)
[731.527s][info][gc,metaspace   ] GC(2690) Metaspace: 19165K(19328K)->19165K(19328K) NonClass: 16499K(16576K)->16499K(16576K) Class: 2666K(2752K)->2666K(2752K)
[731.527s][info][gc             ] GC(2690) Pause Young (Allocation Failure) 404M->283M(708M) 6.622ms
[731.527s][info][gc,cpu         ] GC(2690) User=0.02s Sys=0.00s Real=0.00s
[731.692s][info][gc,start       ] GC(2691) Pause Young (Allocation Failure)
[731.699s][info][gc,heap        ] GC(2691) PSYoungGen: 127776K(128000K)->3872K(225792K) Eden: 123904K(123904K)->0K(118784K) From: 3872K(4096K)->3872K(107008K)
[731.699s][info][gc,heap        ] GC(2691) ParOldGen: 285998K(596992K)->285998K(596992K)
[731.699s][info][gc,metaspace   ] GC(2691) Metaspace: 19165K(19328K)->19165K(19328K) NonClass: 16499K(16576K)->16499K(16576K) Class: 2666K(2752K)->2666K(2752K)
[731.699s][info][gc             ] GC(2691) Pause Young (Allocation Failure) 404M->283M(803M) 6.772ms
[731.699s][info][gc,cpu         ] GC(2691) User=0.01s Sys=0.00s Real=0.01s
[731.857s][info][gc,start       ] GC(2692) Pause Young (Allocation Failure)
[731.864s][info][gc,heap        ] GC(2692) PSYoungGen: 122656K(225792K)->3872K(122880K) Eden: 118784K(118784K)->0K(118784K) From: 3872K(107008K)->3872K(4096K)
[731.864s][info][gc,heap        ] GC(2692) ParOldGen: 285998K(596992K)->285998K(596992K)
[731.864s][info][gc,metaspace   ] GC(2692) Metaspace: 19165K(19328K)->19165K(19328K) NonClass: 16499K(16576K)->16499K(16576K) Class: 2666K(2752K)->2666K(2752K)
[731.864s][info][gc             ] GC(2692) Pause Young (Allocation Failure) 399M->283M(703M) 7.161ms
[731.864s][info][gc,cpu         ] GC(2692) User=0.02s Sys=0.00s Real=0.01s
[732.022s][info][gc,start       ] GC(2693) Pause Young (Allocation Failure)
[732.029s][info][gc,heap        ] GC(2693) PSYoungGen: 122656K(122880K)->3872K(227328K) Eden: 118784K(118784K)->0K(120832K) From: 3872K(4096K)->3872K(106496K)
[732.029s][info][gc,heap        ] GC(2693) ParOldGen: 285998K(596992K)->285998K(596992K)
[732.029s][info][gc,metaspace   ] GC(2693) Metaspace: 19165K(19328K)->19165K(19328K) NonClass: 16499K(16576K)->16499K(16576K) Class: 2666K(2752K)->2666K(2752K)
[732.029s][info][gc             ] GC(2693) Pause Young (Allocation Failure) 399M->283M(805M) 7.111ms
[732.029s][info][gc,cpu         ] GC(2693) User=0.01s Sys=0.00s Real=0.01s
[732.190s][info][gc,start       ] GC(2694) Pause Young (Allocation Failure)
[732.198s][info][gc,heap        ] GC(2694) PSYoungGen: 124704K(227328K)->3872K(124928K) Eden: 120832K(120832K)->0K(120832K) From: 3872K(106496K)->3872K(4096K)
[732.198s][info][gc,heap        ] GC(2694) ParOldGen: 285998K(596992K)->285998K(596992K)
[732.198s][info][gc,metaspace   ] GC(2694) Metaspace: 19165K(19328K)->19165K(19328K) NonClass: 16499K(16576K)->16499K(16576K) Class: 2666K(2752K)->2666K(2752K)
[732.198s][info][gc             ] GC(2694) Pause Young (Allocation Failure) 401M->283M(705M) 7.270ms
[732.198s][info][gc,cpu         ] GC(2694) User=0.02s Sys=0.00s Real=0.01s
[732.359s][info][gc,start       ] GC(2695) Pause Young (Allocation Failure)
[732.366s][info][gc,heap        ] GC(2695) PSYoungGen: 124704K(124928K)->3872K(226304K) Eden: 120832K(120832K)->0K(125440K) From: 3872K(4096K)->3872K(100864K)
[732.366s][info][gc,heap        ] GC(2695) ParOldGen: 285998K(596992K)->285998K(596992K)
[732.366s][info][gc,metaspace   ] GC(2695) Metaspace: 19165K(19328K)->19165K(19328K) NonClass: 16499K(16576K)->16499K(16576K) Class: 2666K(2752K)->2666K(2752K)
[732.366s][info][gc             ] GC(2695) Pause Young (Allocation Failure) 401M->283M(804M) 7.049ms
[732.366s][info][gc,cpu         ] GC(2695) User=0.01s Sys=0.00s Real=0.00s
[732.501s][info][gc,start       ] GC(2696) Pause Young (Allocation Failure)
[732.523s][info][gc,heap        ] GC(2696) PSYoungGen: 129312K(226304K)->17856K(225280K) Eden: 125440K(125440K)->0K(125440K) From: 3872K(100864K)->17856K(99840K)
[732.523s][info][gc,heap        ] GC(2696) ParOldGen: 285998K(596992K)->285998K(596992K)
[732.523s][info][gc,metaspace   ] GC(2696) Metaspace: 19165K(19328K)->19165K(19328K) NonClass: 16499K(16576K)->16499K(16576K) Class: 2666K(2752K)->2666K(2752K)
[732.523s][info][gc             ] GC(2696) Pause Young (Allocation Failure) 405M->296M(803M) 22.212ms
[732.523s][info][gc,cpu         ] GC(2696) User=0.04s Sys=0.01s Real=0.02s
[732.636s][info][gc,start       ] GC(2697) Pause Young (Allocation Failure)
[732.668s][info][gc,heap        ] GC(2697) PSYoungGen: 143296K(225280K)->29344K(218112K) Eden: 125440K(125440K)->0K(133632K) From: 17856K(99840K)->29344K(84480K)
[732.669s][info][gc,heap        ] GC(2697) ParOldGen: 285998K(596992K)->285998K(596992K)
[732.669s][info][gc,metaspace   ] GC(2697) Metaspace: 19165K(19328K)->19165K(19328K) NonClass: 16499K(16576K)->16499K(16576K) Class: 2666K(2752K)->2666K(2752K)
[732.669s][info][gc             ] GC(2697) Pause Young (Allocation Failure) 419M->307M(796M) 32.722ms
[732.669s][info][gc,cpu         ] GC(2697) User=0.06s Sys=0.00s Real=0.04s
[732.787s][info][gc,start       ] GC(2698) Pause Young (Allocation Failure)
[732.819s][info][gc,heap        ] GC(2698) PSYoungGen: 162976K(218112K)->30784K(222208K) Eden: 133632K(133632K)->0K(133632K) From: 29344K(84480K)->30784K(88576K)
[732.819s][info][gc,heap        ] GC(2698) ParOldGen: 285998K(596992K)->285998K(596992K)
[732.819s][info][gc,metaspace   ] GC(2698) Metaspace: 19165K(19328K)->19165K(19328K) NonClass: 16499K(16576K)->16499K(16576K) Class: 2666K(2752K)->2666K(2752K)
[732.819s][info][gc             ] GC(2698) Pause Young (Allocation Failure) 438M->309M(800M) 32.715ms
[732.819s][info][gc,cpu         ] GC(2698) User=0.07s Sys=0.00s Real=0.04s
[732.949s][info][gc,start       ] GC(2699) Pause Young (Allocation Failure)
[732.985s][info][gc,heap        ] GC(2699) PSYoungGen: 164416K(222208K)->33472K(222208K) Eden: 133632K(133632K)->0K(143872K) From: 30784K(88576K)->33472K(78336K)
[732.985s][info][gc,heap        ] GC(2699) ParOldGen: 285998K(596992K)->285998K(596992K)
[732.985s][info][gc,metaspace   ] GC(2699) Metaspace: 19165K(19328K)->19165K(19328K) NonClass: 16499K(16576K)->16499K(16576K) Class: 2666K(2752K)->2666K(2752K)
[732.985s][info][gc             ] GC(2699) Pause Young (Allocation Failure) 439M->311M(800M) 35.977ms
[732.985s][info][gc,cpu         ] GC(2699) User=0.07s Sys=0.00s Real=0.03s
[733.117s][info][gc,start       ] GC(2700) Pause Young (Allocation Failure)
[733.158s][info][gc,heap        ] GC(2700) PSYoungGen: 177344K(222208K)->40032K(224768K) Eden: 143872K(143872K)->0K(143872K) From: 33472K(78336K)->40032K(80896K)
[733.158s][info][gc,heap        ] GC(2700) ParOldGen: 285998K(596992K)->285998K(596992K)
[733.158s][info][gc,metaspace   ] GC(2700) Metaspace: 19165K(19328K)->19165K(19328K) NonClass: 16499K(16576K)->16499K(16576K) Class: 2666K(2752K)->2666K(2752K)
[733.158s][info][gc             ] GC(2700) Pause Young (Allocation Failure) 452M->318M(802M) 40.981ms
[733.158s][info][gc,cpu         ] GC(2700) User=0.08s Sys=0.00s Real=0.05s
[733.310s][info][gc,start       ] GC(2701) Pause Young (Allocation Failure)
[733.379s][info][gc,heap        ] GC(2701) PSYoungGen: 183904K(224768K)->65280K(226816K) Eden: 143872K(143872K)->0K(146944K) From: 40032K(80896K)->65280K(79872K)
[733.379s][info][gc,heap        ] GC(2701) ParOldGen: 285998K(596992K)->285998K(596992K)
[733.379s][info][gc,metaspace   ] GC(2701) Metaspace: 19165K(19328K)->19165K(19328K) NonClass: 16499K(16576K)->16499K(16576K) Class: 2666K(2752K)->2666K(2752K)
[733.379s][info][gc             ] GC(2701) Pause Young (Allocation Failure) 458M->343M(804M) 69.347ms
[733.379s][info][gc,cpu         ] GC(2701) User=0.14s Sys=0.00s Real=0.07s
[733.570s][info][gc,start       ] GC(2702) Pause Young (Allocation Failure)
[733.657s][info][gc,heap        ] GC(2702) PSYoungGen: 212224K(226816K)->86976K(233984K) Eden: 146944K(146944K)->0K(146944K) From: 65280K(79872K)->86976K(87040K)
[733.657s][info][gc,heap        ] GC(2702) ParOldGen: 285998K(596992K)->285998K(596992K)
[733.657s][info][gc,metaspace   ] GC(2702) Metaspace: 19165K(19328K)->19165K(19328K) NonClass: 16499K(16576K)->16499K(16576K) Class: 2666K(2752K)->2666K(2752K)
[733.657s][info][gc             ] GC(2702) Pause Young (Allocation Failure) 486M->364M(811M) 86.762ms
[733.657s][info][gc,cpu         ] GC(2702) User=0.17s Sys=0.00s Real=0.08s
[733.843s][info][gc,start       ] GC(2703) Pause Young (Allocation Failure)
[733.969s][info][gc,heap        ] GC(2703) PSYoungGen: 233920K(233984K)->99808K(211456K) Eden: 146944K(146944K)->0K(111616K) From: 86976K(87040K)->99808K(99840K)
[733.969s][info][gc,heap        ] GC(2703) ParOldGen: 285998K(596992K)->300556K(596992K)
[733.969s][info][gc,metaspace   ] GC(2703) Metaspace: 19165K(19328K)->19165K(19328K) NonClass: 16499K(16576K)->16499K(16576K) Class: 2666K(2752K)->2666K(2752K)
[733.969s][info][gc             ] GC(2703) Pause Young (Allocation Failure) 507M->390M(789M) 125.970ms
[733.969s][info][gc,cpu         ] GC(2703) User=0.23s Sys=0.01s Real=0.13s
[734.052s][info][gc,start       ] GC(2704) Pause Young (Allocation Failure)
[734.154s][info][gc,heap        ] GC(2704) PSYoungGen: 211424K(211456K)->100640K(222720K) Eden: 111616K(111616K)->0K(111616K) From: 99808K(99840K)->100640K(111104K)
[734.154s][info][gc,heap        ] GC(2704) ParOldGen: 300556K(596992K)->304292K(596992K)
[734.154s][info][gc,metaspace   ] GC(2704) Metaspace: 19165K(19328K)->19165K(19328K) NonClass: 16499K(16576K)->16499K(16576K) Class: 2666K(2752K)->2666K(2752K)
[734.154s][info][gc             ] GC(2704) Pause Young (Allocation Failure) 499M->395M(800M) 102.058ms
[734.154s][info][gc,cpu         ] GC(2704) User=0.20s Sys=0.00s Real=0.10s
[734.265s][info][gc,start       ] GC(2705) Pause Young (Allocation Failure)
[734.363s][info][gc,heap        ] GC(2705) PSYoungGen: 212256K(222720K)->102720K(222720K) Eden: 111616K(111616K)->0K(111616K) From: 100640K(111104K)->102720K(111104K)
[734.363s][info][gc,heap        ] GC(2705) ParOldGen: 304292K(596992K)->304292K(596992K)
[734.363s][info][gc,metaspace   ] GC(2705) Metaspace: 19165K(19328K)->19165K(19328K) NonClass: 16499K(16576K)->16499K(16576K) Class: 2666K(2752K)->2666K(2752K)
[734.363s][info][gc             ] GC(2705) Pause Young (Allocation Failure) 504M->397M(800M) 98.137ms
[734.363s][info][gc,cpu         ] GC(2705) User=0.20s Sys=0.00s Real=0.10s
[734.494s][info][gc,start       ] GC(2706) Pause Young (Allocation Failure)
[734.594s][info][gc,heap        ] GC(2706) PSYoungGen: 214336K(222720K)->103488K(222720K) Eden: 111616K(111616K)->0K(111616K) From: 102720K(111104K)->103488K(111104K)
[734.594s][info][gc,heap        ] GC(2706) ParOldGen: 304292K(596992K)->304292K(596992K)
[734.594s][info][gc,metaspace   ] GC(2706) Metaspace: 19165K(19328K)->19165K(19328K) NonClass: 16499K(16576K)->16499K(16576K) Class: 2666K(2752K)->2666K(2752K)
[734.594s][info][gc             ] GC(2706) Pause Young (Allocation Failure) 506M->398M(800M) 99.367ms
[734.594s][info][gc,cpu         ] GC(2706) User=0.19s Sys=0.00s Real=0.10s
[734.719s][info][gc,start       ] GC(2707) Pause Young (Allocation Failure)
[734.827s][info][gc,heap        ] GC(2707) PSYoungGen: 215104K(222720K)->94048K(222720K) Eden: 111616K(111616K)->0K(111616K) From: 103488K(111104K)->94048K(111104K)
[734.827s][info][gc,heap        ] GC(2707) ParOldGen: 304292K(596992K)->313916K(596992K)
[734.827s][info][gc,metaspace   ] GC(2707) Metaspace: 19165K(19328K)->19165K(19328K) NonClass: 16499K(16576K)->16499K(16576K) Class: 2666K(2752K)->2666K(2752K)
[734.827s][info][gc             ] GC(2707) Pause Young (Allocation Failure) 507M->398M(800M) 108.002ms
[734.827s][info][gc,cpu         ] GC(2707) User=0.21s Sys=0.00s Real=0.10s
[734.937s][info][gc,start       ] GC(2708) Pause Young (Allocation Failure)
[735.043s][info][gc,heap        ] GC(2708) PSYoungGen: 205664K(222720K)->100288K(222720K) Eden: 111616K(111616K)->0K(111616K) From: 94048K(111104K)->100288K(111104K)
[735.043s][info][gc,heap        ] GC(2708) ParOldGen: 313916K(596992K)->321924K(596992K)
[735.043s][info][gc,metaspace   ] GC(2708) Metaspace: 19165K(19328K)->19165K(19328K) NonClass: 16499K(16576K)->16499K(16576K) Class: 2666K(2752K)->2666K(2752K)
[735.043s][info][gc             ] GC(2708) Pause Young (Allocation Failure) 507M->412M(800M) 105.765ms
[735.043s][info][gc,cpu         ] GC(2708) User=0.21s Sys=0.00s Real=0.10s
[735.134s][info][gc,start       ] GC(2709) Pause Young (Allocation Failure)
[735.240s][info][gc,heap        ] GC(2709) PSYoungGen: 211904K(222720K)->106192K(222720K) Eden: 111616K(111616K)->0K(111616K) From: 100288K(111104K)->106192K(111104K)
[735.240s][info][gc,heap        ] GC(2709) ParOldGen: 321924K(596992K)->328164K(596992K)
[735.240s][info][gc,metaspace   ] GC(2709) Metaspace: 19165K(19328K)->19165K(19328K) NonClass: 16499K(16576K)->16499K(16576K) Class: 2666K(2752K)->2666K(2752K)
[735.240s][info][gc             ] GC(2709) Pause Young (Allocation Failure) 521M->424M(800M) 106.084ms
[735.240s][info][gc,cpu         ] GC(2709) User=0.21s Sys=0.00s Real=0.11s
[735.300s][info][gc,start       ] GC(2710) Pause Young (Allocation Failure)
[735.426s][info][gc,heap        ] GC(2710) PSYoungGen: 217808K(222720K)->97056K(222720K) Eden: 111616K(111616K)->0K(111616K) From: 106192K(111104K)->97056K(111104K)
[735.426s][info][gc,heap        ] GC(2710) ParOldGen: 328164K(596992K)->373388K(596992K)
[735.426s][info][gc,metaspace   ] GC(2710) Metaspace: 19165K(19328K)->19165K(19328K) NonClass: 16499K(16576K)->16499K(16576K) Class: 2666K(2752K)->2666K(2752K)
[735.426s][info][gc             ] GC(2710) Pause Young (Allocation Failure) 533M->459M(800M) 125.639ms
[735.426s][info][gc,cpu         ] GC(2710) User=0.25s Sys=0.00s Real=0.12s
[735.544s][info][gc,start       ] GC(2711) Pause Young (Allocation Failure)
[735.635s][info][gc,heap        ] GC(2711) PSYoungGen: 208672K(222720K)->83584K(222720K) Eden: 111616K(111616K)->0K(111616K) From: 97056K(111104K)->83584K(111104K)
[735.635s][info][gc,heap        ] GC(2711) ParOldGen: 373388K(596992K)->405164K(596992K)
[735.635s][info][gc,metaspace   ] GC(2711) Metaspace: 19165K(19328K)->19165K(19328K) NonClass: 16499K(16576K)->16499K(16576K) Class: 2666K(2752K)->2666K(2752K)
[735.635s][info][gc             ] GC(2711) Pause Young (Allocation Failure) 568M->477M(800M) 91.536ms
[735.635s][info][gc,cpu         ] GC(2711) User=0.19s Sys=0.00s Real=0.09s
[735.722s][info][gc,start       ] GC(2712) Pause Young (Allocation Failure)
[735.793s][info][gc,heap        ] GC(2712) PSYoungGen: 195200K(222720K)->95808K(222720K) Eden: 111616K(111616K)->0K(111616K) From: 83584K(111104K)->95808K(111104K)
[735.794s][info][gc,heap        ] GC(2712) ParOldGen: 405164K(596992K)->408028K(596992K)
[735.794s][info][gc,metaspace   ] GC(2712) Metaspace: 19165K(19328K)->19165K(19328K) NonClass: 16499K(16576K)->16499K(16576K) Class: 2666K(2752K)->2666K(2752K)
[735.794s][info][gc             ] GC(2712) Pause Young (Allocation Failure) 586M->492M(800M) 71.929ms
[735.794s][info][gc,cpu         ] GC(2712) User=0.14s Sys=0.00s Real=0.07s
[735.964s][info][gc,start       ] GC(2713) Pause Young (Allocation Failure)
[736.034s][info][gc,heap        ] GC(2713) PSYoungGen: 207424K(222720K)->82640K(222720K) Eden: 111616K(111616K)->0K(111616K) From: 95808K(111104K)->82640K(111104K)
[736.035s][info][gc,heap        ] GC(2713) ParOldGen: 408028K(596992K)->422452K(596992K)
[736.035s][info][gc,metaspace   ] GC(2713) Metaspace: 19165K(19328K)->19165K(19328K) NonClass: 16499K(16576K)->16499K(16576K) Class: 2666K(2752K)->2666K(2752K)
[736.035s][info][gc             ] GC(2713) Pause Young (Allocation Failure) 601M->493M(800M) 70.392ms
[736.035s][info][gc,cpu         ] GC(2713) User=0.14s Sys=0.00s Real=0.07s
[736.169s][info][gc,start       ] GC(2714) Pause Young (Allocation Failure)
[736.230s][info][gc,heap        ] GC(2714) PSYoungGen: 194256K(222720K)->37648K(222720K) Eden: 111616K(111616K)->0K(111616K) From: 82640K(111104K)->37648K(111104K)
[736.230s][info][gc,heap        ] GC(2714) ParOldGen: 422452K(596992K)->471063K(596992K)
[736.230s][info][gc,metaspace   ] GC(2714) Metaspace: 19165K(19328K)->19165K(19328K) NonClass: 16499K(16576K)->16499K(16576K) Class: 2666K(2752K)->2666K(2752K)
[736.230s][info][gc             ] GC(2714) Pause Young (Allocation Failure) 602M->496M(800M) 60.708ms
[736.230s][info][gc,cpu         ] GC(2714) User=0.12s Sys=0.00s Real=0.06s
[736.309s][info][gc,start       ] GC(2715) Pause Young (Allocation Failure)
[736.350s][info][gc,heap        ] GC(2715) PSYoungGen: 149264K(222720K)->10544K(222720K) Eden: 111616K(111616K)->0K(111616K) From: 37648K(111104K)->10544K(111104K)
[736.350s][info][gc,heap        ] GC(2715) ParOldGen: 471063K(596992K)->504559K(596992K)
[736.350s][info][gc,metaspace   ] GC(2715) Metaspace: 19165K(19328K)->19165K(19328K) NonClass: 16499K(16576K)->16499K(16576K) Class: 2666K(2752K)->2666K(2752K)
[736.350s][info][gc             ] GC(2715) Pause Young (Allocation Failure) 605M->503M(800M) 40.527ms
[736.350s][info][gc,cpu         ] GC(2715) User=0.08s Sys=0.00s Real=0.04s
[736.505s][info][gc,start       ] GC(2716) Pause Young (Allocation Failure)
[736.518s][info][gc,heap        ] GC(2716) PSYoungGen: 122160K(222720K)->6464K(222720K) Eden: 111616K(111616K)->0K(111616K) From: 10544K(111104K)->6464K(111104K)
[736.518s][info][gc,heap        ] GC(2716) ParOldGen: 504559K(596992K)->508904K(596992K)
[736.518s][info][gc,metaspace   ] GC(2716) Metaspace: 19165K(19328K)->19165K(19328K) NonClass: 16499K(16576K)->16499K(16576K) Class: 2666K(2752K)->2666K(2752K)
[736.518s][info][gc             ] GC(2716) Pause Young (Allocation Failure) 612M->503M(800M) 13.643ms
[736.518s][info][gc,cpu         ] GC(2716) User=0.02s Sys=0.00s Real=0.02s
[736.620s][info][gc,start       ] GC(2717) Pause Young (Allocation Failure)
[736.631s][info][gc,heap        ] GC(2717) PSYoungGen: 118080K(222720K)->1152K(222720K) Eden: 111616K(111616K)->0K(111616K) From: 6464K(111104K)->1152K(111104K)
[736.631s][info][gc,heap        ] GC(2717) ParOldGen: 508904K(596992K)->515376K(596992K)
[736.631s][info][gc,metaspace   ] GC(2717) Metaspace: 19165K(19328K)->19165K(19328K) NonClass: 16499K(16576K)->16499K(16576K) Class: 2666K(2752K)->2666K(2752K)
[736.631s][info][gc             ] GC(2717) Pause Young (Allocation Failure) 612M->504M(800M) 10.895ms
[736.631s][info][gc,cpu         ] GC(2717) User=0.02s Sys=0.00s Real=0.01s
[736.725s][info][gc,start       ] GC(2718) Pause Young (Allocation Failure)
[736.730s][info][gc,heap        ] GC(2718) PSYoungGen: 112768K(222720K)->768K(222720K) Eden: 111616K(111616K)->0K(111616K) From: 1152K(111104K)->768K(111104K)
[736.731s][info][gc,heap        ] GC(2718) ParOldGen: 515376K(596992K)->516512K(596992K)
[736.731s][info][gc,metaspace   ] GC(2718) Metaspace: 19165K(19328K)->19165K(19328K) NonClass: 16499K(16576K)->16499K(16576K) Class: 2666K(2752K)->2666K(2752K)
[736.731s][info][gc             ] GC(2718) Pause Young (Allocation Failure) 613M->505M(800M) 5.817ms
[736.731s][info][gc,cpu         ] GC(2718) User=0.01s Sys=0.00s Real=0.01s
[737.025s][info][gc,start       ] GC(2719) Pause Young (Allocation Failure)
[737.058s][info][gc,heap        ] GC(2719) PSYoungGen: 112384K(222720K)->15393K(222720K) Eden: 111616K(111616K)->0K(111616K) From: 768K(111104K)->15393K(111104K)
[737.058s][info][gc,heap        ] GC(2719) ParOldGen: 516512K(596992K)->517280K(596992K)
[737.058s][info][gc,metaspace   ] GC(2719) Metaspace: 19165K(19328K)->19165K(19328K) NonClass: 16499K(16576K)->16499K(16576K) Class: 2666K(2752K)->2666K(2752K)
[737.058s][info][gc             ] GC(2719) Pause Young (Allocation Failure) 614M->520M(800M) 32.635ms
[737.058s][info][gc,cpu         ] GC(2719) User=0.07s Sys=0.00s Real=0.04s
[737.255s][info][gc,start       ] GC(2720) Pause Young (Allocation Failure)
[737.299s][info][gc,heap        ] GC(2720) PSYoungGen: 127009K(222720K)->16320K(222720K) Eden: 111616K(111616K)->0K(111616K) From: 15393K(111104K)->16320K(111104K)
[737.299s][info][gc,heap        ] GC(2720) ParOldGen: 517280K(596992K)->532657K(596992K)
[737.299s][info][gc,metaspace   ] GC(2720) Metaspace: 19165K(19328K)->19165K(19328K) NonClass: 16499K(16576K)->16499K(16576K) Class: 2666K(2752K)->2666K(2752K)
[737.299s][info][gc             ] GC(2720) Pause Young (Allocation Failure) 629M->536M(800M) 44.180ms
[737.299s][info][gc,cpu         ] GC(2720) User=0.09s Sys=0.00s Real=0.05s
[737.432s][info][gc,start       ] GC(2721) Pause Young (Allocation Failure)
[737.467s][info][gc,heap        ] GC(2721) PSYoungGen: 127936K(222720K)->15744K(222720K) Eden: 111616K(111616K)->0K(111616K) From: 16320K(111104K)->15744K(111104K)
[737.467s][info][gc,heap        ] GC(2721) ParOldGen: 532657K(596992K)->549009K(596992K)
[737.467s][info][gc,metaspace   ] GC(2721) Metaspace: 19165K(19328K)->19165K(19328K) NonClass: 16499K(16576K)->16499K(16576K) Class: 2666K(2752K)->2666K(2752K)
[737.467s][info][gc             ] GC(2721) Pause Young (Allocation Failure) 645M->551M(800M) 34.079ms
[737.467s][info][gc,cpu         ] GC(2721) User=0.07s Sys=0.00s Real=0.03s
[737.570s][info][gc,start       ] GC(2722) Pause Young (Allocation Failure)
[737.591s][info][gc,heap        ] GC(2722) PSYoungGen: 127360K(222720K)->3776K(222720K) Eden: 111616K(111616K)->0K(111616K) From: 15744K(111104K)->3776K(111104K)
[737.591s][info][gc,heap        ] GC(2722) ParOldGen: 549009K(596992K)->564769K(596992K)
[737.591s][info][gc,metaspace   ] GC(2722) Metaspace: 19165K(19328K)->19165K(19328K) NonClass: 16499K(16576K)->16499K(16576K) Class: 2666K(2752K)->2666K(2752K)
[737.591s][info][gc             ] GC(2722) Pause Young (Allocation Failure) 660M->555M(800M) 21.562ms
[737.591s][info][gc,cpu         ] GC(2722) User=0.04s Sys=0.00s Real=0.02s
[737.745s][info][gc,start       ] GC(2723) Pause Young (Allocation Failure)
[737.759s][info][gc,heap        ] GC(2723) PSYoungGen: 115391K(222720K)->2633K(222720K) Eden: 111615K(111616K)->0K(111616K) From: 3776K(111104K)->2633K(111104K)
[737.759s][info][gc,heap        ] GC(2723) ParOldGen: 564769K(596992K)->568529K(596992K)
[737.759s][info][gc,metaspace   ] GC(2723) Metaspace: 19165K(19328K)->19165K(19328K) NonClass: 16499K(16576K)->16499K(16576K) Class: 2666K(2752K)->2666K(2752K)
[737.759s][info][gc             ] GC(2723) Pause Young (Allocation Failure) 664M->557M(800M) 13.598ms
[737.759s][info][gc,cpu         ] GC(2723) User=0.03s Sys=0.00s Real=0.02s
[737.910s][info][gc,start       ] GC(2724) Pause Young (Allocation Failure)
[737.918s][info][gc,heap        ] GC(2724) PSYoungGen: 114249K(222720K)->2464K(222720K) Eden: 111616K(111616K)->0K(111616K) From: 2633K(111104K)->2464K(111104K)
[737.918s][info][gc,heap        ] GC(2724) ParOldGen: 568529K(596992K)->571135K(596992K)
[737.918s][info][gc,metaspace   ] GC(2724) Metaspace: 19167K(19328K)->19167K(19328K) NonClass: 16501K(16576K)->16501K(16576K) Class: 2666K(2752K)->2666K(2752K)
[737.918s][info][gc             ] GC(2724) Pause Young (Allocation Failure) 666M->560M(800M) 7.657ms
[737.918s][info][gc,cpu         ] GC(2724) User=0.02s Sys=0.00s Real=0.01s
[737.988s][info][gc,start       ] GC(2725) Pause Young (Allocation Failure)
[737.992s][info][gc,heap        ] GC(2725) PSYoungGen: 114080K(222720K)->64K(222720K) Eden: 111616K(111616K)->0K(111616K) From: 2464K(111104K)->64K(111104K)
[737.993s][info][gc,heap        ] GC(2725) ParOldGen: 571135K(596992K)->573599K(596992K)
[737.993s][info][gc,metaspace   ] GC(2725) Metaspace: 19167K(19328K)->19167K(19328K) NonClass: 16501K(16576K)->16501K(16576K) Class: 2666K(2752K)->2666K(2752K)
[737.993s][info][gc             ] GC(2725) Pause Young (Allocation Failure) 669M->560M(800M) 4.505ms
[737.993s][info][gc,cpu         ] GC(2725) User=0.01s Sys=0.00s Real=0.00s
[738.114s][info][gc,start       ] GC(2726) Pause Young (Allocation Failure)
[738.121s][info][gc,heap        ] GC(2726) PSYoungGen: 111680K(222720K)->4736K(222720K) Eden: 111616K(111616K)->0K(111616K) From: 64K(111104K)->4736K(111104K)
[738.121s][info][gc,heap        ] GC(2726) ParOldGen: 573599K(596992K)->573599K(596992K)
[738.121s][info][gc,metaspace   ] GC(2726) Metaspace: 19167K(19328K)->19167K(19328K) NonClass: 16501K(16576K)->16501K(16576K) Class: 2666K(2752K)->2666K(2752K)
[738.121s][info][gc             ] GC(2726) Pause Young (Allocation Failure) 669M->564M(800M) 7.085ms
[738.121s][info][gc,cpu         ] GC(2726) User=0.02s Sys=0.00s Real=0.01s
[738.267s][info][gc,start       ] GC(2727) Pause Young (Allocation Failure)
[738.277s][info][gc,heap        ] GC(2727) PSYoungGen: 116352K(222720K)->2880K(222720K) Eden: 111616K(111616K)->0K(111616K) From: 4736K(111104K)->2880K(111104K)
[738.277s][info][gc,heap        ] GC(2727) ParOldGen: 573599K(596992K)->578223K(596992K)
[738.277s][info][gc,metaspace   ] GC(2727) Metaspace: 19168K(19328K)->19168K(19328K) NonClass: 16501K(16576K)->16501K(16576K) Class: 2666K(2752K)->2666K(2752K)
[738.277s][info][gc             ] GC(2727) Pause Young (Allocation Failure) 673M->567M(800M) 10.003ms
[738.277s][info][gc,cpu         ] GC(2727) User=0.02s Sys=0.00s Real=0.01s
[738.463s][info][gc,start       ] GC(2728) Pause Young (Allocation Failure)
[738.469s][info][gc,heap        ] GC(2728) PSYoungGen: 114496K(222720K)->96K(112128K) Eden: 111616K(111616K)->0K(111616K) From: 2880K(111104K)->96K(512K)
[738.469s][info][gc,heap        ] GC(2728) ParOldGen: 578223K(596992K)->581087K(596992K)
[738.469s][info][gc,metaspace   ] GC(2728) Metaspace: 19168K(19328K)->19168K(19328K) NonClass: 16501K(16576K)->16501K(16576K) Class: 2666K(2752K)->2666K(2752K)
[738.469s][info][gc             ] GC(2728) Pause Young (Allocation Failure) 676M->567M(692M) 6.613ms
[738.469s][info][gc,cpu         ] GC(2728) User=0.01s Sys=0.00s Real=0.01s
[738.779s][info][gc,start       ] GC(2729) Pause Young (Allocation Failure)
[738.783s][info][gc,heap        ] GC(2729) PSYoungGen: 111712K(112128K)->256K(217088K) Eden: 111616K(111616K)->0K(115712K) From: 96K(512K)->256K(101376K)
[738.783s][info][gc,heap        ] GC(2729) ParOldGen: 581087K(596992K)->581087K(596992K)
[738.783s][info][gc,metaspace   ] GC(2729) Metaspace: 19168K(19328K)->19168K(19328K) NonClass: 16501K(16576K)->16501K(16576K) Class: 2666K(2752K)->2666K(2752K)
[738.783s][info][gc             ] GC(2729) Pause Young (Allocation Failure) 676M->567M(795M) 4.392ms
[738.783s][info][gc,cpu         ] GC(2729) User=0.01s Sys=0.00s Real=0.00s
[739.103s][info][gc,start       ] GC(2730) Pause Young (Allocation Failure)
[739.107s][info][gc,heap        ] GC(2730) PSYoungGen: 115968K(217088K)->352K(116224K) Eden: 115712K(115712K)->0K(115712K) From: 256K(101376K)->352K(512K)
[739.107s][info][gc,heap        ] GC(2730) ParOldGen: 581087K(596992K)->581087K(596992K)
[739.107s][info][gc,metaspace   ] GC(2730) Metaspace: 19168K(19328K)->19168K(19328K) NonClass: 16501K(16576K)->16501K(16576K) Class: 2666K(2752K)->2666K(2752K)
[739.107s][info][gc             ] GC(2730) Pause Young (Allocation Failure) 680M->567M(696M) 3.417ms
[739.107s][info][gc,cpu         ] GC(2730) User=0.00s Sys=0.00s Real=0.00s
[739.475s][info][gc,start       ] GC(2731) Pause Young (Allocation Failure)
[739.500s][info][gc,heap        ] GC(2731) PSYoungGen: 116064K(116224K)->21592K(205312K) Eden: 115712K(115712K)->0K(119808K) From: 352K(512K)->21592K(85504K)
[739.500s][info][gc,heap        ] GC(2731) ParOldGen: 581087K(596992K)->581087K(596992K)
[739.500s][info][gc,metaspace   ] GC(2731) Metaspace: 19168K(19328K)->19168K(19328K) NonClass: 16501K(16576K)->16501K(16576K) Class: 2666K(2752K)->2666K(2752K)
[739.500s][info][gc             ] GC(2731) Pause Young (Allocation Failure) 680M->588M(783M) 24.990ms
[739.500s][info][gc,cpu         ] GC(2731) User=0.05s Sys=0.00s Real=0.03s
[739.737s][info][gc,start       ] GC(2732) Pause Young (Allocation Failure)
[739.766s][info][gc,heap        ] GC(2732) PSYoungGen: 141400K(205312K)->21624K(141824K) Eden: 119808K(119808K)->0K(119808K) From: 21592K(85504K)->21624K(22016K)
[739.766s][info][gc,heap        ] GC(2732) ParOldGen: 581087K(596992K)->581087K(596992K)
[739.766s][info][gc,metaspace   ] GC(2732) Metaspace: 19168K(19328K)->19168K(19328K) NonClass: 16501K(16576K)->16501K(16576K) Class: 2666K(2752K)->2666K(2752K)
[739.766s][info][gc             ] GC(2732) Pause Young (Allocation Failure) 705M->588M(721M) 28.985ms
[739.766s][info][gc,cpu         ] GC(2732) User=0.06s Sys=0.00s Real=0.03s
[739.997s][info][gc,start       ] GC(2733) Pause Young (Allocation Failure)
[740.025s][info][gc,heap        ] GC(2733) PSYoungGen: 141432K(141824K)->21624K(200704K) Eden: 119808K(119808K)->0K(125440K) From: 21624K(22016K)->21624K(75264K)
[740.025s][info][gc,heap        ] GC(2733) ParOldGen: 581087K(596992K)->581087K(596992K)
[740.025s][info][gc,metaspace   ] GC(2733) Metaspace: 19168K(19328K)->19168K(19328K) NonClass: 16501K(16576K)->16501K(16576K) Class: 2666K(2752K)->2666K(2752K)
[740.025s][info][gc             ] GC(2733) Pause Young (Allocation Failure) 705M->588M(779M) 28.649ms
[740.025s][info][gc,cpu         ] GC(2733) User=0.05s Sys=0.01s Real=0.03s
[740.696s][info][gc,start       ] GC(2734) Pause Young (Allocation Failure)
[740.721s][info][gc,heap        ] GC(2734) PSYoungGen: 147064K(200704K)->22045K(205312K) Eden: 125440K(125440K)->0K(125440K) From: 21624K(75264K)->22045K(79872K)
[740.721s][info][gc,heap        ] GC(2734) ParOldGen: 581087K(596992K)->581087K(596992K)
[740.721s][info][gc,metaspace   ] GC(2734) Metaspace: 19168K(19328K)->19168K(19328K) NonClass: 16501K(16576K)->16501K(16576K) Class: 2666K(2752K)->2666K(2752K)
[740.721s][info][gc             ] GC(2734) Pause Young (Allocation Failure) 711M->588M(783M) 25.315ms
[740.722s][info][gc,cpu         ] GC(2734) User=0.05s Sys=0.00s Real=0.03s
[741.326s][info][gc,start       ] GC(2735) Pause Young (Allocation Failure)
[741.354s][info][gc,heap        ] GC(2735) PSYoungGen: 147485K(205312K)->22493K(196608K) Eden: 125440K(125440K)->0K(130048K) From: 22045K(79872K)->22493K(66560K)
[741.354s][info][gc,heap        ] GC(2735) ParOldGen: 581087K(596992K)->581087K(596992K)
[741.354s][info][gc,metaspace   ] GC(2735) Metaspace: 19168K(19328K)->19168K(19328K) NonClass: 16501K(16576K)->16501K(16576K) Class: 2666K(2752K)->2666K(2752K)
[741.354s][info][gc             ] GC(2735) Pause Young (Allocation Failure) 711M->589M(775M) 28.068ms
[741.354s][info][gc,cpu         ] GC(2735) User=0.05s Sys=0.00s Real=0.03s
[741.979s][info][gc,start       ] GC(2736) Pause Young (Allocation Failure)
[742.005s][info][gc,heap        ] GC(2736) PSYoungGen: 152512K(196608K)->23889K(201216K) Eden: 130019K(130048K)->0K(130048K) From: 22493K(66560K)->23889K(71168K)
[742.005s][info][gc,heap        ] GC(2736) ParOldGen: 581087K(596992K)->581087K(596992K)
[742.005s][info][gc,metaspace   ] GC(2736) Metaspace: 19175K(19328K)->19175K(19328K) NonClass: 16509K(16576K)->16509K(16576K) Class: 2666K(2752K)->2666K(2752K)
[742.005s][info][gc             ] GC(2736) Pause Young (Allocation Failure) 716M->590M(779M) 26.004ms
[742.005s][info][gc,cpu         ] GC(2736) User=0.05s Sys=0.00s Real=0.02s
[742.302s][info][gc,start       ] GC(2737) Pause Young (Allocation Failure)
[742.328s][info][gc,heap        ] GC(2737) PSYoungGen: 153937K(201216K)->24085K(197120K) Eden: 130048K(130048K)->0K(135168K) From: 23889K(71168K)->24085K(61952K)
[742.328s][info][gc,heap        ] GC(2737) ParOldGen: 581087K(596992K)->581087K(596992K)
[742.328s][info][gc,metaspace   ] GC(2737) Metaspace: 19175K(19328K)->19175K(19328K) NonClass: 16509K(16576K)->16509K(16576K) Class: 2666K(2752K)->2666K(2752K)
[742.328s][info][gc             ] GC(2737) Pause Young (Allocation Failure) 717M->590M(775M) 25.939ms
[742.328s][info][gc,cpu         ] GC(2737) User=0.05s Sys=0.00s Real=0.03s
[742.624s][info][gc,start       ] GC(2738) Pause Young (Allocation Failure)
[742.652s][info][gc,heap        ] GC(2738) PSYoungGen: 159141K(197120K)->24210K(199680K) Eden: 135056K(135168K)->0K(135168K) From: 24085K(61952K)->24210K(64512K)
[742.652s][info][gc,heap        ] GC(2738) ParOldGen: 581087K(596992K)->581087K(596992K)
[742.652s][info][gc,metaspace   ] GC(2738) Metaspace: 19175K(19328K)->19175K(19328K) NonClass: 16509K(16576K)->16509K(16576K) Class: 2666K(2752K)->2666K(2752K)
[742.652s][info][gc             ] GC(2738) Pause Young (Allocation Failure) 722M->591M(778M) 28.654ms
[742.652s][info][gc,cpu         ] GC(2738) User=0.06s Sys=0.00s Real=0.03s
[742.862s][info][gc,start       ] GC(2739) Pause Young (Allocation Failure)
[742.943s][info][gc,heap        ] GC(2739) PSYoungGen: 159378K(199680K)->61949K(191488K) Eden: 135168K(135168K)->0K(129536K) From: 24210K(64512K)->61949K(61952K)
[742.943s][info][gc,heap        ] GC(2739) ParOldGen: 581087K(596992K)->581687K(596992K)
[742.943s][info][gc,metaspace   ] GC(2739) Metaspace: 19182K(19392K)->19182K(19392K) NonClass: 16516K(16640K)->16516K(16640K) Class: 2666K(2752K)->2666K(2752K)
[742.943s][info][gc             ] GC(2739) Pause Young (Allocation Failure) 723M->628M(770M) 80.366ms
[742.943s][info][gc,cpu         ] GC(2739) User=0.15s Sys=0.00s Real=0.08s
[743.078s][info][gc,start       ] GC(2740) Pause Young (Allocation Failure)
[743.173s][info][gc,heap        ] GC(2740) PSYoungGen: 191485K(191488K)->73204K(202752K) Eden: 129536K(129536K)->0K(129536K) From: 61949K(61952K)->73204K(73216K)
[743.173s][info][gc,heap        ] GC(2740) ParOldGen: 581687K(596992K)->611039K(611328K)
[743.173s][info][gc,metaspace   ] GC(2740) Metaspace: 19182K(19392K)->19182K(19392K) NonClass: 16516K(16640K)->16516K(16640K) Class: 2666K(2752K)->2666K(2752K)
[743.173s][info][gc             ] GC(2740) Pause Young (Allocation Failure) 755M->668M(795M) 95.097ms
[743.173s][info][gc,cpu         ] GC(2740) User=0.17s Sys=0.01s Real=0.09s
[743.273s][info][gc,start       ] GC(2741) Pause Young (Allocation Failure)
[743.426s][info][gc,heap        ] GC(2741) PSYoungGen: 202740K(202752K)->97252K(208896K) Eden: 129536K(129536K)->0K(111616K) From: 73204K(73216K)->97252K(97280K)
[743.426s][info][gc,heap        ] GC(2741) ParOldGen: 611039K(611328K)->636528K(636928K)
[743.426s][info][gc,metaspace   ] GC(2741) Metaspace: 19182K(19392K)->19182K(19392K) NonClass: 16516K(16640K)->16516K(16640K) Class: 2666K(2752K)->2666K(2752K)
[743.426s][info][gc             ] GC(2741) Pause Young (Allocation Failure) 794M->716M(826M) 152.365ms
[743.426s][info][gc,cpu         ] GC(2741) User=0.23s Sys=0.07s Real=0.15s
[743.614s][info][gc,start       ] GC(2742) Pause Full (Allocation Failure)
[743.614s][info][gc,phases,start] GC(2742) Marking Phase
[743.744s][info][gc,phases      ] GC(2742) Marking Phase 130.401ms
[743.744s][info][gc,phases,start] GC(2742) Summary Phase
[743.744s][info][gc,phases      ] GC(2742) Summary Phase 0.024ms
[743.744s][info][gc,phases,start] GC(2742) Forward
[743.786s][info][gc,phases      ] GC(2742) Forward 41.977ms
[743.786s][info][gc,phases,start] GC(2742) Adjust Pointers
[743.873s][info][gc,phases      ] GC(2742) Adjust Pointers 86.890ms
[743.873s][info][gc,phases,start] GC(2742) Compaction Phase
[743.934s][info][gc,phases      ] GC(2742) Compaction Phase 61.087ms
[743.936s][info][gc,phases,start] GC(2742) Post Compact
[743.938s][info][gc,phases      ] GC(2742) Post Compact 2.386ms
[743.948s][info][gc,heap        ] GC(2742) PSYoungGen: 208868K(208896K)->0K(222720K) Eden: 111616K(111616K)->0K(111616K) From: 97252K(97280K)->0K(111104K)
[743.948s][info][gc,heap        ] GC(2742) ParOldGen: 636528K(636928K)->209679K(520704K)
[743.948s][info][gc,metaspace   ] GC(2742) Metaspace: 19182K(19392K)->19182K(19392K) NonClass: 16516K(16640K)->16516K(16640K) Class: 2666K(2752K)->2666K(2752K)
[743.948s][info][gc             ] GC(2742) Pause Full (Allocation Failure) 825M->204M(726M) 334.204ms
[743.948s][info][gc,cpu         ] GC(2742) User=0.61s Sys=0.00s Real=0.34s
[744.058s][info][gc,start       ] GC(2743) Pause Young (Allocation Failure)
[744.080s][info][gc,heap        ] GC(2743) PSYoungGen: 111616K(222720K)->7520K(222720K) Eden: 111616K(111616K)->0K(111616K) From: 0K(111104K)->7520K(111104K)
[744.080s][info][gc,heap        ] GC(2743) ParOldGen: 209679K(520704K)->209679K(520704K)
[744.080s][info][gc,metaspace   ] GC(2743) Metaspace: 19182K(19392K)->19182K(19392K) NonClass: 16516K(16640K)->16516K(16640K) Class: 2666K(2752K)->2666K(2752K)
[744.080s][info][gc             ] GC(2743) Pause Young (Allocation Failure) 313M->212M(726M) 22.106ms
[744.080s][info][gc,cpu         ] GC(2743) User=0.04s Sys=0.00s Real=0.02s
[744.254s][info][gc,start       ] GC(2744) Pause Young (Allocation Failure)
[744.314s][info][gc,heap        ] GC(2744) PSYoungGen: 119136K(222720K)->26354K(222720K) Eden: 111616K(111616K)->0K(111616K) From: 7520K(111104K)->26354K(111104K)
[744.315s][info][gc,heap        ] GC(2744) ParOldGen: 209679K(520704K)->209679K(520704K)
[744.315s][info][gc,metaspace   ] GC(2744) Metaspace: 19186K(19392K)->19186K(19392K) NonClass: 16520K(16640K)->16520K(16640K) Class: 2666K(2752K)->2666K(2752K)
[744.315s][info][gc             ] GC(2744) Pause Young (Allocation Failure) 321M->230M(726M) 60.793ms
[744.315s][info][gc,cpu         ] GC(2744) User=0.12s Sys=0.00s Real=0.06s
[744.513s][info][gc,start       ] GC(2745) Pause Young (Allocation Failure)
[744.576s][info][gc,heap        ] GC(2745) PSYoungGen: 137970K(222720K)->41371K(218624K) Eden: 111616K(111616K)->0K(111616K) From: 26354K(111104K)->41371K(107008K)
[744.576s][info][gc,heap        ] GC(2745) ParOldGen: 209679K(520704K)->209679K(520704K)
[744.576s][info][gc,metaspace   ] GC(2745) Metaspace: 19186K(19392K)->19186K(19392K) NonClass: 16520K(16640K)->16520K(16640K) Class: 2666K(2752K)->2666K(2752K)
[744.576s][info][gc             ] GC(2745) Pause Young (Allocation Failure) 339M->245M(722M) 63.329ms
[744.576s][info][gc,cpu         ] GC(2745) User=0.12s Sys=0.00s Real=0.06s
[744.696s][info][gc,start       ] GC(2746) Pause Young (Allocation Failure)
[744.764s][info][gc,heap        ] GC(2746) PSYoungGen: 152987K(218624K)->47419K(220672K) Eden: 111616K(111616K)->0K(111616K) From: 41371K(107008K)->47419K(109056K)
[744.764s][info][gc,heap        ] GC(2746) ParOldGen: 209679K(520704K)->209679K(520704K)
[744.764s][info][gc,metaspace   ] GC(2746) Metaspace: 19186K(19392K)->19186K(19392K) NonClass: 16520K(16640K)->16520K(16640K) Class: 2666K(2752K)->2666K(2752K)
[744.764s][info][gc             ] GC(2746) Pause Young (Allocation Failure) 354M->251M(724M) 68.471ms
[744.764s][info][gc,cpu         ] GC(2746) User=0.14s Sys=0.00s Real=0.07s
[744.864s][info][gc,start       ] GC(2747) Pause Young (Allocation Failure)
[744.937s][info][gc,heap        ] GC(2747) PSYoungGen: 159035K(220672K)->52091K(222720K) Eden: 111616K(111616K)->0K(118784K) From: 47419K(109056K)->52091K(103936K)
[744.938s][info][gc,heap        ] GC(2747) ParOldGen: 209679K(520704K)->209679K(520704K)
[744.938s][info][gc,metaspace   ] GC(2747) Metaspace: 19186K(19392K)->19186K(19392K) NonClass: 16520K(16640K)->16520K(16640K) Class: 2666K(2752K)->2666K(2752K)
[744.938s][info][gc             ] GC(2747) Pause Young (Allocation Failure) 360M->255M(726M) 73.447ms
[744.938s][info][gc,cpu         ] GC(2747) User=0.15s Sys=0.00s Real=0.08s
[745.062s][info][gc,start       ] GC(2748) Pause Young (Allocation Failure)
[745.135s][info][gc,heap        ] GC(2748) PSYoungGen: 170875K(222720K)->25888K(223232K) Eden: 118783K(118784K)->0K(118784K) From: 52091K(103936K)->25888K(104448K)
[745.135s][info][gc,heap        ] GC(2748) ParOldGen: 209679K(520704K)->236048K(520704K)
[745.135s][info][gc,metaspace   ] GC(2748) Metaspace: 19186K(19392K)->19186K(19392K) NonClass: 16520K(16640K)->16520K(16640K) Class: 2666K(2752K)->2666K(2752K)
[745.135s][info][gc             ] GC(2748) Pause Young (Allocation Failure) 371M->255M(726M) 73.188ms
[745.135s][info][gc,cpu         ] GC(2748) User=0.14s Sys=0.00s Real=0.07s
[745.218s][info][gc,start       ] GC(2749) Pause Young (Allocation Failure)
[745.278s][info][gc,heap        ] GC(2749) PSYoungGen: 144672K(223232K)->38224K(220672K) Eden: 118784K(118784K)->0K(129024K) From: 25888K(104448K)->38224K(91648K)
[745.278s][info][gc,heap        ] GC(2749) ParOldGen: 236048K(520704K)->257154K(520704K)
[745.279s][info][gc,metaspace   ] GC(2749) Metaspace: 19186K(19392K)->19186K(19392K) NonClass: 16520K(16640K)->16520K(16640K) Class: 2666K(2752K)->2666K(2752K)
[745.279s][info][gc             ] GC(2749) Pause Young (Allocation Failure) 371M->288M(724M) 60.750ms
[745.279s][info][gc,cpu         ] GC(2749) User=0.12s Sys=0.00s Real=0.06s
[745.354s][info][gc,start       ] GC(2750) Pause Young (Allocation Failure)
[745.408s][info][gc,heap        ] GC(2750) PSYoungGen: 167248K(220672K)->58848K(223232K) Eden: 129024K(129024K)->0K(129024K) From: 38224K(91648K)->58848K(94208K)
[745.408s][info][gc,heap        ] GC(2750) ParOldGen: 257154K(520704K)->261970K(520704K)
[745.408s][info][gc,metaspace   ] GC(2750) Metaspace: 19187K(19392K)->19187K(19392K) NonClass: 16521K(16640K)->16521K(16640K) Class: 2666K(2752K)->2666K(2752K)
[745.408s][info][gc             ] GC(2750) Pause Young (Allocation Failure) 414M->313M(726M) 54.221ms
[745.408s][info][gc,cpu         ] GC(2750) User=0.10s Sys=0.00s Real=0.06s
[745.551s][info][gc,start       ] GC(2751) Pause Young (Allocation Failure)
[745.618s][info][gc,heap        ] GC(2751) PSYoungGen: 187872K(223232K)->12387K(238592K) Eden: 129024K(129024K)->0K(142336K) From: 58848K(94208K)->12387K(96256K)
[745.618s][info][gc,heap        ] GC(2751) ParOldGen: 261970K(520704K)->321129K(520704K)
[745.618s][info][gc,metaspace   ] GC(2751) Metaspace: 19187K(19392K)->19187K(19392K) NonClass: 16521K(16640K)->16521K(16640K) Class: 2666K(2752K)->2666K(2752K)
[745.618s][info][gc             ] GC(2751) Pause Young (Allocation Failure) 439M->325M(741M) 67.491ms
[745.618s][info][gc,cpu         ] GC(2751) User=0.14s Sys=0.00s Real=0.07s
[745.723s][info][gc,start       ] GC(2752) Pause Young (Allocation Failure)
[745.749s][info][gc,heap        ] GC(2752) PSYoungGen: 154723K(238592K)->5728K(148480K) Eden: 142336K(142336K)->0K(142336K) From: 12387K(96256K)->5728K(6144K)
[745.749s][info][gc,heap        ] GC(2752) ParOldGen: 321129K(520704K)->333517K(520704K)
[745.749s][info][gc,metaspace   ] GC(2752) Metaspace: 19187K(19392K)->19187K(19392K) NonClass: 16521K(16640K)->16521K(16640K) Class: 2666K(2752K)->2666K(2752K)
[745.749s][info][gc             ] GC(2752) Pause Young (Allocation Failure) 464M->331M(653M) 26.039ms
[745.749s][info][gc,cpu         ] GC(2752) User=0.05s Sys=0.00s Real=0.03s
[745.857s][info][gc,start       ] GC(2753) Pause Young (Allocation Failure)
[745.868s][info][gc,heap        ] GC(2753) PSYoungGen: 148064K(148480K)->3040K(237568K) Eden: 142336K(142336K)->0K(142848K) From: 5728K(6144K)->3040K(94720K)
[745.868s][info][gc,heap        ] GC(2753) ParOldGen: 333517K(520704K)->339245K(520704K)
[745.868s][info][gc,metaspace   ] GC(2753) Metaspace: 19187K(19392K)->19187K(19392K) NonClass: 16521K(16640K)->16521K(16640K) Class: 2666K(2752K)->2666K(2752K)
[745.868s][info][gc             ] GC(2753) Pause Young (Allocation Failure) 470M->334M(740M) 10.948ms
[745.868s][info][gc,cpu         ] GC(2753) User=0.02s Sys=0.00s Real=0.02s
[746.251s][info][gc,start       ] GC(2754) Pause Young (Allocation Failure)
[746.258s][info][gc,heap        ] GC(2754) PSYoungGen: 145888K(237568K)->1760K(237056K) Eden: 142848K(142848K)->0K(142848K) From: 3040K(94720K)->1760K(94208K)
[746.258s][info][gc,heap        ] GC(2754) ParOldGen: 339245K(520704K)->342253K(520704K)
[746.258s][info][gc,metaspace   ] GC(2754) Metaspace: 19187K(19392K)->19187K(19392K) NonClass: 16521K(16640K)->16521K(16640K) Class: 2666K(2752K)->2666K(2752K)
[746.258s][info][gc             ] GC(2754) Pause Young (Allocation Failure) 473M->335M(740M) 7.425ms
[746.258s][info][gc,cpu         ] GC(2754) User=0.02s Sys=0.00s Real=0.01s
[746.523s][info][gc,start       ] GC(2755) Pause Young (Allocation Failure)
[746.554s][info][gc,heap        ] GC(2755) PSYoungGen: 144608K(237056K)->29056K(228864K) Eden: 142848K(142848K)->0K(146432K) From: 1760K(94208K)->29056K(82432K)
[746.554s][info][gc,heap        ] GC(2755) ParOldGen: 342253K(520704K)->343981K(520704K)
[746.554s][info][gc,metaspace   ] GC(2755) Metaspace: 19187K(19392K)->19187K(19392K) NonClass: 16521K(16640K)->16521K(16640K) Class: 2666K(2752K)->2666K(2752K)
[746.554s][info][gc             ] GC(2755) Pause Young (Allocation Failure) 475M->364M(732M) 31.129ms
[746.554s][info][gc,cpu         ] GC(2755) User=0.06s Sys=0.00s Real=0.03s
[746.779s][info][gc,start       ] GC(2756) Pause Young (Allocation Failure)
[746.845s][info][gc,heap        ] GC(2756) PSYoungGen: 175488K(228864K)->70608K(233472K) Eden: 146432K(146432K)->0K(146432K) From: 29056K(82432K)->70608K(87040K)
[746.845s][info][gc,heap        ] GC(2756) ParOldGen: 343981K(520704K)->343981K(520704K)
[746.845s][info][gc,metaspace   ] GC(2756) Metaspace: 19187K(19392K)->19187K(19392K) NonClass: 16521K(16640K)->16521K(16640K) Class: 2666K(2752K)->2666K(2752K)
[746.845s][info][gc             ] GC(2756) Pause Young (Allocation Failure) 507M->404M(736M) 65.509ms
[746.845s][info][gc,cpu         ] GC(2756) User=0.13s Sys=0.00s Real=0.06s
[746.969s][info][gc,start       ] GC(2757) Pause Young (Allocation Failure)
[747.041s][info][gc,heap        ] GC(2757) PSYoungGen: 217040K(233472K)->81024K(214528K) Eden: 146432K(146432K)->0K(117760K) From: 70608K(87040K)->81024K(96768K)
[747.041s][info][gc,heap        ] GC(2757) ParOldGen: 343981K(520704K)->343981K(520704K)
[747.041s][info][gc,metaspace   ] GC(2757) Metaspace: 19187K(19392K)->19187K(19392K) NonClass: 16521K(16640K)->16521K(16640K) Class: 2666K(2752K)->2666K(2752K)
[747.042s][info][gc             ] GC(2757) Pause Young (Allocation Failure) 547M->415M(718M) 72.914ms
[747.042s][info][gc,cpu         ] GC(2757) User=0.15s Sys=0.00s Real=0.07s
[747.170s][info][gc,start       ] GC(2758) Pause Young (Allocation Failure)
[747.244s][info][gc,heap        ] GC(2758) PSYoungGen: 198784K(214528K)->11488K(225792K) Eden: 117760K(117760K)->0K(117760K) From: 81024K(96768K)->11488K(108032K)
[747.245s][info][gc,heap        ] GC(2758) ParOldGen: 343981K(520704K)->414624K(520704K)
[747.245s][info][gc,metaspace   ] GC(2758) Metaspace: 19187K(19392K)->19187K(19392K) NonClass: 16521K(16640K)->16521K(16640K) Class: 2666K(2752K)->2666K(2752K)
[747.245s][info][gc             ] GC(2758) Pause Young (Allocation Failure) 530M->416M(729M) 74.791ms
[747.245s][info][gc,cpu         ] GC(2758) User=0.15s Sys=0.00s Real=0.07s
[747.444s][info][gc,start       ] GC(2759) Pause Young (Allocation Failure)
[747.461s][info][gc,heap        ] GC(2759) PSYoungGen: 129248K(225792K)->1312K(220160K) Eden: 117760K(117760K)->0K(120320K) From: 11488K(108032K)->1312K(99840K)
[747.461s][info][gc,heap        ] GC(2759) ParOldGen: 414624K(520704K)->426104K(520704K)
[747.461s][info][gc,metaspace   ] GC(2759) Metaspace: 19187K(19392K)->19187K(19392K) NonClass: 16521K(16640K)->16521K(16640K) Class: 2666K(2752K)->2666K(2752K)
[747.461s][info][gc             ] GC(2759) Pause Young (Allocation Failure) 531M->417M(723M) 17.524ms
[747.461s][info][gc,cpu         ] GC(2759) User=0.03s Sys=0.00s Real=0.02s
[747.760s][info][gc,start       ] GC(2760) Pause Young (Allocation Failure)
[747.764s][info][gc,heap        ] GC(2760) PSYoungGen: 121632K(220160K)->192K(224256K) Eden: 120320K(120320K)->0K(120320K) From: 1312K(99840K)->192K(103936K)
[747.764s][info][gc,heap        ] GC(2760) ParOldGen: 426104K(520704K)->427392K(520704K)
[747.764s][info][gc,metaspace   ] GC(2760) Metaspace: 19187K(19392K)->19187K(19392K) NonClass: 16521K(16640K)->16521K(16640K) Class: 2666K(2752K)->2666K(2752K)
[747.764s][info][gc             ] GC(2760) Pause Young (Allocation Failure) 534M->417M(727M) 4.039ms
[747.764s][info][gc,cpu         ] GC(2760) User=0.01s Sys=0.00s Real=0.00s
[747.937s][info][gc,start       ] GC(2761) Pause Young (Allocation Failure)
[747.983s][info][gc,heap        ] GC(2761) PSYoungGen: 120512K(224256K)->49216K(228352K) Eden: 120320K(120320K)->0K(127488K) From: 192K(103936K)->49216K(100864K)
[747.983s][info][gc,heap        ] GC(2761) ParOldGen: 427392K(520704K)->427392K(520704K)
[747.983s][info][gc,metaspace   ] GC(2761) Metaspace: 19187K(19392K)->19187K(19392K) NonClass: 16521K(16640K)->16521K(16640K) Class: 2666K(2752K)->2666K(2752K)
[747.983s][info][gc             ] GC(2761) Pause Young (Allocation Failure) 535M->465M(731M) 46.937ms
[747.983s][info][gc,cpu         ] GC(2761) User=0.09s Sys=0.00s Real=0.05s
[748.053s][info][gc,start       ] GC(2762) Pause Young (Allocation Failure)
[748.182s][info][gc,heap        ] GC(2762) PSYoungGen: 176704K(228352K)->102400K(229888K) Eden: 127488K(127488K)->0K(127488K) From: 49216K(100864K)->102400K(102400K)
[748.182s][info][gc,heap        ] GC(2762) ParOldGen: 427392K(520704K)->463404K(520704K)
[748.182s][info][gc,metaspace   ] GC(2762) Metaspace: 19188K(19392K)->19188K(19392K) NonClass: 16522K(16640K)->16522K(16640K) Class: 2666K(2752K)->2666K(2752K)
[748.182s][info][gc             ] GC(2762) Pause Young (Allocation Failure) 589M->552M(733M) 128.304ms
[748.182s][info][gc,cpu         ] GC(2762) User=0.26s Sys=0.00s Real=0.13s
[748.341s][info][gc,start       ] GC(2763) Pause Young (Allocation Failure)
[748.478s][info][gc,heap        ] GC(2763) PSYoungGen: 229888K(229888K)->96380K(215552K) Eden: 127488K(127488K)->0K(111616K) From: 102400K(102400K)->96380K(103936K)
[748.478s][info][gc,heap        ] GC(2763) ParOldGen: 463404K(520704K)->500024K(520704K)
[748.478s][info][gc,metaspace   ] GC(2763) Metaspace: 19188K(19392K)->19188K(19392K) NonClass: 16522K(16640K)->16522K(16640K) Class: 2666K(2752K)->2666K(2752K)
[748.478s][info][gc             ] GC(2763) Pause Young (Allocation Failure) 677M->582M(719M) 136.421ms
[748.478s][info][gc,cpu         ] GC(2763) User=0.27s Sys=0.01s Real=0.14s
[748.550s][info][gc,start       ] GC(2764) Pause Young (Allocation Failure)
[748.684s][info][gc,heap        ] GC(2764) PSYoungGen: 207996K(215552K)->7348K(222720K) Eden: 111616K(111616K)->0K(111616K) From: 96380K(103936K)->7348K(111104K)
[748.684s][info][gc,heap        ] GC(2764) ParOldGen: 500024K(520704K)->594355K(594432K)
[748.684s][info][gc,metaspace   ] GC(2764) Metaspace: 19188K(19392K)->19188K(19392K) NonClass: 16522K(16640K)->16522K(16640K) Class: 2666K(2752K)->2666K(2752K)
[748.684s][info][gc             ] GC(2764) Pause Young (Allocation Failure) 691M->587M(798M) 134.483ms
[748.684s][info][gc,cpu         ] GC(2764) User=0.21s Sys=0.05s Real=0.13s
[748.759s][info][gc,start       ] GC(2765) Pause Full (Allocation Failure)
[748.759s][info][gc,phases,start] GC(2765) Marking Phase
[748.825s][info][gc,phases      ] GC(2765) Marking Phase 65.700ms
[748.825s][info][gc,phases,start] GC(2765) Summary Phase
[748.825s][info][gc,phases      ] GC(2765) Summary Phase 0.026ms
[748.825s][info][gc,phases,start] GC(2765) Forward
[748.846s][info][gc,phases      ] GC(2765) Forward 21.617ms
[748.846s][info][gc,phases,start] GC(2765) Adjust Pointers
[748.892s][info][gc,phases      ] GC(2765) Adjust Pointers 45.550ms
[748.892s][info][gc,phases,start] GC(2765) Compaction Phase
[748.917s][info][gc,phases      ] GC(2765) Compaction Phase 24.628ms
[748.919s][info][gc,phases,start] GC(2765) Post Compact
[748.921s][info][gc,phases      ] GC(2765) Post Compact 2.094ms
[748.935s][info][gc,heap        ] GC(2765) PSYoungGen: 118964K(222720K)->0K(222720K) Eden: 111616K(111616K)->0K(111616K) From: 7348K(111104K)->0K(111104K)
[748.935s][info][gc,heap        ] GC(2765) ParOldGen: 594355K(594432K)->71199K(431104K)
[748.935s][info][gc,metaspace   ] GC(2765) Metaspace: 19188K(19392K)->19188K(19392K) NonClass: 16522K(16640K)->16522K(16640K) Class: 2666K(2752K)->2666K(2752K)
[748.935s][info][gc             ] GC(2765) Pause Full (Allocation Failure) 696M->69M(638M) 176.199ms
[748.935s][info][gc,cpu         ] GC(2765) User=0.28s Sys=0.01s Real=0.17s
[749.027s][info][gc,start       ] GC(2766) Pause Young (Allocation Failure)
[749.034s][info][gc,heap        ] GC(2766) PSYoungGen: 111616K(222720K)->5408K(222720K) Eden: 111616K(111616K)->0K(111616K) From: 0K(111104K)->5408K(111104K)
[749.034s][info][gc,heap        ] GC(2766) ParOldGen: 71199K(431104K)->71199K(431104K)
[749.034s][info][gc,metaspace   ] GC(2766) Metaspace: 19188K(19392K)->19188K(19392K) NonClass: 16522K(16640K)->16522K(16640K) Class: 2666K(2752K)->2666K(2752K)
[749.034s][info][gc             ] GC(2766) Pause Young (Allocation Failure) 178M->74M(638M) 6.998ms
[749.034s][info][gc,cpu         ] GC(2766) User=0.01s Sys=0.00s Real=0.01s
[749.119s][info][gc,start       ] GC(2767) Pause Young (Allocation Failure)
[749.151s][info][gc,heap        ] GC(2767) PSYoungGen: 117024K(222720K)->37104K(222720K) Eden: 111616K(111616K)->0K(111616K) From: 5408K(111104K)->37104K(111104K)
[749.151s][info][gc,heap        ] GC(2767) ParOldGen: 71199K(431104K)->76583K(431104K)
[749.151s][info][gc,metaspace   ] GC(2767) Metaspace: 19188K(19392K)->19188K(19392K) NonClass: 16522K(16640K)->16522K(16640K) Class: 2666K(2752K)->2666K(2752K)
[749.151s][info][gc             ] GC(2767) Pause Young (Allocation Failure) 183M->111M(638M) 32.643ms
[749.151s][info][gc,cpu         ] GC(2767) User=0.06s Sys=0.00s Real=0.03s
[749.286s][info][gc,start       ] GC(2768) Pause Young (Allocation Failure)
[749.331s][info][gc,heap        ] GC(2768) PSYoungGen: 148720K(222720K)->30112K(222720K) Eden: 111616K(111616K)->0K(111616K) From: 37104K(111104K)->30112K(111104K)
[749.331s][info][gc,heap        ] GC(2768) ParOldGen: 76583K(431104K)->114071K(431104K)
[749.331s][info][gc,metaspace   ] GC(2768) Metaspace: 19188K(19392K)->19188K(19392K) NonClass: 16522K(16640K)->16522K(16640K) Class: 2666K(2752K)->2666K(2752K)
[749.331s][info][gc             ] GC(2768) Pause Young (Allocation Failure) 220M->140M(638M) 44.982ms
[749.331s][info][gc,cpu         ] GC(2768) User=0.09s Sys=0.00s Real=0.05s
[749.427s][info][gc,start       ] GC(2769) Pause Young (Allocation Failure)
[749.452s][info][gc,heap        ] GC(2769) PSYoungGen: 141728K(222720K)->2176K(222720K) Eden: 111616K(111616K)->0K(111616K) From: 30112K(111104K)->2176K(111104K)
[749.452s][info][gc,heap        ] GC(2769) ParOldGen: 114071K(431104K)->144495K(431104K)
[749.452s][info][gc,metaspace   ] GC(2769) Metaspace: 19188K(19392K)->19188K(19392K) NonClass: 16522K(16640K)->16522K(16640K) Class: 2666K(2752K)->2666K(2752K)
[749.452s][info][gc             ] GC(2769) Pause Young (Allocation Failure) 249M->143M(638M) 24.866ms
[749.452s][info][gc,cpu         ] GC(2769) User=0.05s Sys=0.00s Real=0.02s
[749.595s][info][gc,start       ] GC(2770) Pause Young (Allocation Failure)
[749.649s][info][gc,heap        ] GC(2770) PSYoungGen: 113791K(222720K)->37825K(222720K) Eden: 111615K(111616K)->0K(111616K) From: 2176K(111104K)->37825K(111104K)
[749.649s][info][gc,heap        ] GC(2770) ParOldGen: 144495K(431104K)->146639K(431104K)
[749.649s][info][gc,metaspace   ] GC(2770) Metaspace: 19188K(19392K)->19188K(19392K) NonClass: 16522K(16640K)->16522K(16640K) Class: 2666K(2752K)->2666K(2752K)
[749.649s][info][gc             ] GC(2770) Pause Young (Allocation Failure) 252M->180M(638M) 54.013ms
[749.649s][info][gc,cpu         ] GC(2770) User=0.11s Sys=0.00s Real=0.06s
[749.737s][info][gc,start       ] GC(2771) Pause Young (Allocation Failure)
[749.819s][info][gc,heap        ] GC(2771) PSYoungGen: 149441K(222720K)->44800K(217600K) Eden: 111616K(111616K)->0K(111616K) From: 37825K(111104K)->44800K(105984K)
[749.819s][info][gc,heap        ] GC(2771) ParOldGen: 146639K(431104K)->184516K(431104K)
[749.819s][info][gc,metaspace   ] GC(2771) Metaspace: 19188K(19392K)->19188K(19392K) NonClass: 16522K(16640K)->16522K(16640K) Class: 2666K(2752K)->2666K(2752K)
[749.819s][info][gc             ] GC(2771) Pause Young (Allocation Failure) 289M->223M(633M) 81.505ms
[749.819s][info][gc,cpu         ] GC(2771) User=0.16s Sys=0.00s Real=0.08s
[749.872s][info][gc,start       ] GC(2772) Pause Young (Allocation Failure)
[749.944s][info][gc,heap        ] GC(2772) PSYoungGen: 156416K(217600K)->41408K(220160K) Eden: 111616K(111616K)->0K(111616K) From: 44800K(105984K)->41408K(108544K)
[749.944s][info][gc,heap        ] GC(2772) ParOldGen: 184516K(431104K)->229556K(431104K)
[749.944s][info][gc,metaspace   ] GC(2772) Metaspace: 19188K(19392K)->19188K(19392K) NonClass: 16522K(16640K)->16522K(16640K) Class: 2666K(2752K)->2666K(2752K)
[749.944s][info][gc             ] GC(2772) Pause Young (Allocation Failure) 332M->264M(636M) 71.257ms
[749.944s][info][gc,cpu         ] GC(2772) User=0.14s Sys=0.01s Real=0.07s
[750.034s][info][gc,start       ] GC(2773) Pause Young (Allocation Failure)
[750.090s][info][gc,heap        ] GC(2773) PSYoungGen: 153024K(220160K)->32000K(215552K) Eden: 111616K(111616K)->0K(121856K) From: 41408K(108544K)->32000K(93696K)
[750.090s][info][gc,heap        ] GC(2773) ParOldGen: 229556K(431104K)->271340K(431104K)
[750.091s][info][gc,metaspace   ] GC(2773) Metaspace: 19188K(19392K)->19188K(19392K) NonClass: 16522K(16640K)->16522K(16640K) Class: 2666K(2752K)->2666K(2752K)
[750.091s][info][gc             ] GC(2773) Pause Young (Allocation Failure) 373M->296M(631M) 56.848ms
[750.091s][info][gc,cpu         ] GC(2773) User=0.10s Sys=0.00s Real=0.06s
[750.180s][info][gc,start       ] GC(2774) Pause Young (Allocation Failure)
[750.219s][info][gc,heap        ] GC(2774) PSYoungGen: 153856K(215552K)->11520K(219136K) Eden: 121856K(121856K)->0K(121856K) From: 32000K(93696K)->11520K(97280K)
[750.219s][info][gc,heap        ] GC(2774) ParOldGen: 271340K(431104K)->303524K(431104K)
[750.219s][info][gc,metaspace   ] GC(2774) Metaspace: 19188K(19392K)->19188K(19392K) NonClass: 16522K(16640K)->16522K(16640K) Class: 2666K(2752K)->2666K(2752K)
[750.219s][info][gc             ] GC(2774) Pause Young (Allocation Failure) 415M->307M(635M) 38.887ms
[750.219s][info][gc,cpu         ] GC(2774) User=0.08s Sys=0.00s Real=0.04s
[750.280s][info][gc,start       ] GC(2775) Pause Young (Allocation Failure)
[750.299s][info][gc,heap        ] GC(2775) PSYoungGen: 133376K(219136K)->2016K(231424K) Eden: 121856K(121856K)->0K(138240K) From: 11520K(97280K)->2016K(93184K)
[750.299s][info][gc,heap        ] GC(2775) ParOldGen: 303524K(431104K)->315076K(431104K)
[750.299s][info][gc,metaspace   ] GC(2775) Metaspace: 19188K(19392K)->19188K(19392K) NonClass: 16522K(16640K)->16522K(16640K) Class: 2666K(2752K)->2666K(2752K)
[750.299s][info][gc             ] GC(2775) Pause Young (Allocation Failure) 426M->309M(647M) 19.502ms
[750.300s][info][gc,cpu         ] GC(2775) User=0.04s Sys=0.00s Real=0.02s
[750.432s][info][gc,start       ] GC(2776) Pause Young (Allocation Failure)
[750.467s][info][gc,heap        ] GC(2776) PSYoungGen: 140256K(231424K)->16961K(232960K) Eden: 138240K(138240K)->0K(138240K) From: 2016K(93184K)->16961K(94720K)
[750.467s][info][gc,heap        ] GC(2776) ParOldGen: 315076K(431104K)->317076K(431104K)
[750.467s][info][gc,metaspace   ] GC(2776) Metaspace: 19188K(19392K)->19188K(19392K) NonClass: 16522K(16640K)->16522K(16640K) Class: 2666K(2752K)->2666K(2752K)
[750.467s][info][gc             ] GC(2776) Pause Young (Allocation Failure) 444M->326M(648M) 35.125ms
[750.467s][info][gc,cpu         ] GC(2776) User=0.07s Sys=0.00s Real=0.03s
[750.579s][info][gc,start       ] GC(2777) Pause Young (Allocation Failure)
[750.624s][info][gc,heap        ] GC(2777) PSYoungGen: 155201K(232960K)->16800K(233472K) Eden: 138240K(138240K)->0K(148480K) From: 16961K(94720K)->16800K(84992K)
[750.624s][info][gc,heap        ] GC(2777) ParOldGen: 317076K(431104K)->334001K(431104K)
[750.624s][info][gc,metaspace   ] GC(2777) Metaspace: 19188K(19392K)->19188K(19392K) NonClass: 16522K(16640K)->16522K(16640K) Class: 2666K(2752K)->2666K(2752K)
[750.624s][info][gc             ] GC(2777) Pause Young (Allocation Failure) 461M->342M(649M) 44.826ms
[750.624s][info][gc,cpu         ] GC(2777) User=0.09s Sys=0.00s Real=0.04s
[750.772s][info][gc,start       ] GC(2778) Pause Young (Allocation Failure)
[750.816s][info][gc,heap        ] GC(2778) PSYoungGen: 165280K(233472K)->24960K(235008K) Eden: 148480K(148480K)->0K(148480K) From: 16800K(84992K)->24960K(86528K)
[750.816s][info][gc,heap        ] GC(2778) ParOldGen: 334001K(431104K)->350825K(431104K)
[750.816s][info][gc,metaspace   ] GC(2778) Metaspace: 19188K(19392K)->19188K(19392K) NonClass: 16522K(16640K)->16522K(16640K) Class: 2666K(2752K)->2666K(2752K)
[750.816s][info][gc             ] GC(2778) Pause Young (Allocation Failure) 487M->366M(650M) 43.806ms
[750.816s][info][gc,cpu         ] GC(2778) User=0.08s Sys=0.00s Real=0.04s
[750.897s][info][gc,start       ] GC(2779) Pause Young (Allocation Failure)
[750.940s][info][gc,heap        ] GC(2779) PSYoungGen: 173440K(235008K)->15552K(244224K) Eden: 148480K(148480K)->0K(165376K) From: 24960K(86528K)->15552K(78848K)
[750.940s][info][gc,heap        ] GC(2779) ParOldGen: 350825K(431104K)->375791K(431104K)
[750.940s][info][gc,metaspace   ] GC(2779) Metaspace: 19188K(19392K)->19188K(19392K) NonClass: 16522K(16640K)->16522K(16640K) Class: 2666K(2752K)->2666K(2752K)
[750.940s][info][gc             ] GC(2779) Pause Young (Allocation Failure) 511M->382M(659M) 42.507ms
[750.940s][info][gc,cpu         ] GC(2779) User=0.09s Sys=0.00s Real=0.05s
[751.149s][info][gc,start       ] GC(2780) Pause Young (Allocation Failure)
[751.174s][info][gc,heap        ] GC(2780) PSYoungGen: 180928K(244224K)->3616K(243200K) Eden: 165376K(165376K)->0K(165376K) From: 15552K(78848K)->3616K(77824K)
[751.174s][info][gc,heap        ] GC(2780) ParOldGen: 375791K(431104K)->391359K(431104K)
[751.174s][info][gc,metaspace   ] GC(2780) Metaspace: 19188K(19392K)->19188K(19392K) NonClass: 16522K(16640K)->16522K(16640K) Class: 2666K(2752K)->2666K(2752K)
[751.174s][info][gc             ] GC(2780) Pause Young (Allocation Failure) 543M->385M(658M) 25.116ms
[751.174s][info][gc,cpu         ] GC(2780) User=0.05s Sys=0.00s Real=0.02s
[751.406s][info][gc,start       ] GC(2781) Pause Young (Allocation Failure)
[751.431s][info][gc,heap        ] GC(2781) PSYoungGen: 168992K(243200K)->19136K(250368K) Eden: 165376K(165376K)->0K(179712K) From: 3616K(77824K)->19136K(70656K)
[751.431s][info][gc,heap        ] GC(2781) ParOldGen: 391359K(431104K)->394967K(431104K)
[751.431s][info][gc,metaspace   ] GC(2781) Metaspace: 19188K(19392K)->19188K(19392K) NonClass: 16522K(16640K)->16522K(16640K) Class: 2666K(2752K)->2666K(2752K)
[751.431s][info][gc             ] GC(2781) Pause Young (Allocation Failure) 547M->404M(665M) 24.723ms
[751.431s][info][gc,cpu         ] GC(2781) User=0.05s Sys=0.00s Real=0.03s
[751.928s][info][gc,start       ] GC(2782) Pause Young (Allocation Failure)
[751.952s][info][gc,heap        ] GC(2782) PSYoungGen: 198848K(250368K)->2400K(251904K) Eden: 179712K(179712K)->0K(179712K) From: 19136K(70656K)->2400K(72192K)
[751.953s][info][gc,heap        ] GC(2782) ParOldGen: 394967K(431104K)->414068K(431104K)
[751.953s][info][gc,metaspace   ] GC(2782) Metaspace: 19195K(19392K)->19195K(19392K) NonClass: 16529K(16640K)->16529K(16640K) Class: 2666K(2752K)->2666K(2752K)
[751.953s][info][gc             ] GC(2782) Pause Young (Allocation Failure) 579M->406M(667M) 24.606ms
[751.953s][info][gc,cpu         ] GC(2782) User=0.05s Sys=0.00s Real=0.02s
[752.400s][info][gc,start       ] GC(2783) Pause Young (Allocation Failure)
[752.404s][info][gc,heap        ] GC(2783) PSYoungGen: 182112K(251904K)->96K(259584K) Eden: 179712K(179712K)->0K(190976K) From: 2400K(72192K)->96K(68608K)
[752.405s][info][gc,heap        ] GC(2783) ParOldGen: 414068K(431104K)->416460K(431104K)
[752.405s][info][gc,metaspace   ] GC(2783) Metaspace: 19195K(19392K)->19195K(19392K) NonClass: 16529K(16640K)->16529K(16640K) Class: 2666K(2752K)->2666K(2752K)
[752.405s][info][gc             ] GC(2783) Pause Young (Allocation Failure) 582M->406M(674M) 4.590ms
[752.405s][info][gc,cpu         ] GC(2783) User=0.00s Sys=0.00s Real=0.00s
[752.850s][info][gc,start       ] GC(2784) Pause Young (Allocation Failure)
[752.860s][info][gc,heap        ] GC(2784) PSYoungGen: 191072K(259584K)->96K(260608K) Eden: 190976K(190976K)->0K(190976K) From: 96K(68608K)->96K(69632K)
[752.860s][info][gc,heap        ] GC(2784) ParOldGen: 416460K(431104K)->416460K(431104K)
[752.860s][info][gc,metaspace   ] GC(2784) Metaspace: 19195K(19392K)->19195K(19392K) NonClass: 16529K(16640K)->16529K(16640K) Class: 2666K(2752K)->2666K(2752K)
[752.860s][info][gc             ] GC(2784) Pause Young (Allocation Failure) 593M->406M(675M) 9.669ms
[752.860s][info][gc,cpu         ] GC(2784) User=0.02s Sys=0.00s Real=0.01s
[753.072s][info][gc,start       ] GC(2785) Pause Young (Allocation Failure)
[753.103s][info][gc,heap        ] GC(2785) PSYoungGen: 191072K(260608K)->40662K(258560K) Eden: 190976K(190976K)->0K(190464K) From: 96K(69632K)->40662K(68096K)
[753.103s][info][gc,heap        ] GC(2785) ParOldGen: 416460K(431104K)->416460K(431104K)
[753.103s][info][gc,metaspace   ] GC(2785) Metaspace: 19195K(19392K)->19195K(19392K) NonClass: 16529K(16640K)->16529K(16640K) Class: 2666K(2752K)->2666K(2752K)
[753.103s][info][gc             ] GC(2785) Pause Young (Allocation Failure) 593M->446M(673M) 31.275ms
[753.103s][info][gc,cpu         ] GC(2785) User=0.06s Sys=0.00s Real=0.03s
[753.315s][info][gc,start       ] GC(2786) Pause Young (Allocation Failure)
[753.376s][info][gc,heap        ] GC(2786) PSYoungGen: 231126K(258560K)->71670K(262144K) Eden: 190464K(190464K)->0K(190464K) From: 40662K(68096K)->71670K(71680K)
[753.376s][info][gc,heap        ] GC(2786) ParOldGen: 416460K(431104K)->420772K(431104K)
[753.376s][info][gc,metaspace   ] GC(2786) Metaspace: 19198K(19392K)->19198K(19392K) NonClass: 16532K(16640K)->16532K(16640K) Class: 2666K(2752K)->2666K(2752K)
[753.377s][info][gc             ] GC(2786) Pause Young (Allocation Failure) 632M->480M(677M) 61.868ms
[753.377s][info][gc,cpu         ] GC(2786) User=0.12s Sys=0.00s Real=0.06s
[753.566s][info][gc,start       ] GC(2787) Pause Young (Allocation Failure)
[753.685s][info][gc,heap        ] GC(2787) PSYoungGen: 262134K(262144K)->71654K(185344K) Eden: 190464K(190464K)->0K(113664K) From: 71670K(71680K)->71654K(71680K)
[753.685s][info][gc,heap        ] GC(2787) ParOldGen: 420772K(431104K)->453254K(453632K)
[753.685s][info][gc,metaspace   ] GC(2787) Metaspace: 19208K(19392K)->19208K(19392K) NonClass: 16542K(16640K)->16542K(16640K) Class: 2666K(2752K)->2666K(2752K)
[753.685s][info][gc             ] GC(2787) Pause Young (Allocation Failure) 666M->512M(624M) 118.294ms
[753.685s][info][gc,cpu         ] GC(2787) User=0.20s Sys=0.03s Real=0.12s
[753.785s][info][gc,start       ] GC(2788) Pause Young (Allocation Failure)
[753.896s][info][gc,heap        ] GC(2788) PSYoungGen: 185318K(185344K)->33200K(223744K) Eden: 113664K(113664K)->0K(113664K) From: 71654K(71680K)->33200K(110080K)
[753.896s][info][gc,heap        ] GC(2788) ParOldGen: 453254K(453632K)->514854K(515072K)
[753.896s][info][gc,metaspace   ] GC(2788) Metaspace: 19208K(19392K)->19208K(19392K) NonClass: 16542K(16640K)->16542K(16640K) Class: 2666K(2752K)->2666K(2752K)
[753.896s][info][gc             ] GC(2788) Pause Young (Allocation Failure) 623M->535M(721M) 110.607ms
[753.896s][info][gc,cpu         ] GC(2788) User=0.18s Sys=0.04s Real=0.11s
[753.985s][info][gc,start       ] GC(2789) Pause Young (Allocation Failure)
[754.059s][info][gc,heap        ] GC(2789) PSYoungGen: 146864K(223744K)->26336K(205312K) Eden: 113664K(113664K)->0K(121344K) From: 33200K(110080K)->26336K(83968K)
[754.059s][info][gc,heap        ] GC(2789) ParOldGen: 514854K(515072K)->548301K(548352K)
[754.059s][info][gc,metaspace   ] GC(2789) Metaspace: 19208K(19392K)->19208K(19392K) NonClass: 16542K(16640K)->16542K(16640K) Class: 2666K(2752K)->2666K(2752K)
[754.059s][info][gc             ] GC(2789) Pause Young (Allocation Failure) 646M->561M(736M) 74.056ms
[754.059s][info][gc,cpu         ] GC(2789) User=0.11s Sys=0.03s Real=0.08s
[754.136s][info][gc,start       ] GC(2790) Pause Young (Allocation Failure)
[754.184s][info][gc,heap        ] GC(2790) PSYoungGen: 147680K(205312K)->8352K(218112K) Eden: 121344K(121344K)->0K(121344K) From: 26336K(83968K)->8352K(96768K)
[754.184s][info][gc,heap        ] GC(2790) ParOldGen: 548301K(548352K)->574725K(574976K)
[754.184s][info][gc,metaspace   ] GC(2790) Metaspace: 19208K(19392K)->19208K(19392K) NonClass: 16542K(16640K)->16542K(16640K) Class: 2666K(2752K)->2666K(2752K)
[754.184s][info][gc             ] GC(2790) Pause Young (Allocation Failure) 679M->569M(774M) 48.006ms
[754.184s][info][gc,cpu         ] GC(2790) User=0.07s Sys=0.02s Real=0.05s
[754.258s][info][gc,start       ] GC(2791) Pause Young (Allocation Failure)
[754.283s][info][gc,heap        ] GC(2791) PSYoungGen: 129696K(218112K)->8928K(226304K) Eden: 121344K(121344K)->0K(137728K) From: 8352K(96768K)->8928K(88576K)
[754.284s][info][gc,heap        ] GC(2791) ParOldGen: 574725K(574976K)->583053K(583168K)
[754.284s][info][gc,metaspace   ] GC(2791) Metaspace: 19208K(19392K)->19208K(19392K) NonClass: 16542K(16640K)->16542K(16640K) Class: 2666K(2752K)->2666K(2752K)
[754.284s][info][gc             ] GC(2791) Pause Young (Allocation Failure) 687M->578M(790M) 25.121ms
[754.284s][info][gc,cpu         ] GC(2791) User=0.04s Sys=0.01s Real=0.02s
[754.376s][info][gc,start       ] GC(2792) Pause Young (Allocation Failure)
[754.409s][info][gc,heap        ] GC(2792) PSYoungGen: 146656K(226304K)->13184K(229376K) Eden: 137728K(137728K)->0K(137728K) From: 8928K(88576K)->13184K(91648K)
[754.409s][info][gc,heap        ] GC(2792) ParOldGen: 583053K(583168K)->592013K(592384K)
[754.409s][info][gc,metaspace   ] GC(2792) Metaspace: 19208K(19392K)->19208K(19392K) NonClass: 16542K(16640K)->16542K(16640K) Class: 2666K(2752K)->2666K(2752K)
[754.409s][info][gc             ] GC(2792) Pause Young (Allocation Failure) 712M->591M(802M) 32.975ms
[754.409s][info][gc,cpu         ] GC(2792) User=0.06s Sys=0.01s Real=0.04s
[754.511s][info][gc,start       ] GC(2793) Pause Young (Allocation Failure)
[754.554s][info][gc,heap        ] GC(2793) PSYoungGen: 150912K(229376K)->14496K(234496K) Eden: 137728K(137728K)->0K(154112K) From: 13184K(91648K)->14496K(80384K)
[754.554s][info][gc,heap        ] GC(2793) ParOldGen: 592013K(592384K)->605197K(605696K)
[754.554s][info][gc,metaspace   ] GC(2793) Metaspace: 19208K(19392K)->19208K(19392K) NonClass: 16542K(16640K)->16542K(16640K) Class: 2666K(2752K)->2666K(2752K)
[754.554s][info][gc             ] GC(2793) Pause Young (Allocation Failure) 725M->605M(820M) 42.771ms
[754.554s][info][gc,cpu         ] GC(2793) User=0.08s Sys=0.01s Real=0.04s
[754.657s][info][gc,start       ] GC(2794) Pause Young (Allocation Failure)
[754.688s][info][gc,heap        ] GC(2794) PSYoungGen: 168608K(234496K)->5280K(238080K) Eden: 154112K(154112K)->0K(154112K) From: 14496K(80384K)->5280K(83968K)
[754.688s][info][gc,heap        ] GC(2794) ParOldGen: 605197K(605696K)->619709K(620032K)
[754.688s][info][gc,metaspace   ] GC(2794) Metaspace: 19208K(19392K)->19208K(19392K) NonClass: 16542K(16640K)->16542K(16640K) Class: 2666K(2752K)->2666K(2752K)
[754.688s][info][gc             ] GC(2794) Pause Young (Allocation Failure) 755M->610M(838M) 31.477ms
[754.688s][info][gc,cpu         ] GC(2794) User=0.05s Sys=0.01s Real=0.04s
[754.823s][info][gc,start       ] GC(2795) Pause Full (Allocation Failure)
[754.823s][info][gc,phases,start] GC(2795) Marking Phase
[755.100s][info][gc,phases      ] GC(2795) Marking Phase 277.250ms
[755.100s][info][gc,phases,start] GC(2795) Summary Phase
[755.100s][info][gc,phases      ] GC(2795) Summary Phase 0.037ms
[755.100s][info][gc,phases,start] GC(2795) Forward
[755.200s][info][gc,phases      ] GC(2795) Forward 99.773ms
[755.200s][info][gc,phases,start] GC(2795) Adjust Pointers
[755.416s][info][gc,phases      ] GC(2795) Adjust Pointers 216.036ms
[755.416s][info][gc,phases,start] GC(2795) Compaction Phase
[755.539s][info][gc,phases      ] GC(2795) Compaction Phase 123.107ms
[755.548s][info][gc,phases,start] GC(2795) Post Compact
[755.550s][info][gc,phases      ] GC(2795) Post Compact 2.230ms
[755.550s][info][gc,heap        ] GC(2795) PSYoungGen: 159392K(238080K)->0K(248832K) Eden: 154112K(154112K)->0K(168448K) From: 5280K(83968K)->0K(80384K)
[755.550s][info][gc,heap        ] GC(2795) ParOldGen: 619709K(620032K)->391082K(667648K)
[755.550s][info][gc,metaspace   ] GC(2795) Metaspace: 19208K(19392K)->19208K(19392K) NonClass: 16542K(16640K)->16542K(16640K) Class: 2666K(2752K)->2666K(2752K)
[755.550s][info][gc             ] GC(2795) Pause Full (Allocation Failure) 760M->381M(895M) 727.501ms
[755.550s][info][gc,cpu         ] GC(2795) User=1.37s Sys=0.00s Real=0.73s
[755.801s][info][gc,start       ] GC(2796) Pause Young (Allocation Failure)
[755.824s][info][gc,heap        ] GC(2796) PSYoungGen: 168448K(248832K)->18496K(187392K) Eden: 168448K(168448K)->0K(168448K) From: 0K(80384K)->18496K(18944K)
[755.824s][info][gc,heap        ] GC(2796) ParOldGen: 391082K(667648K)->391082K(667648K)
[755.824s][info][gc,metaspace   ] GC(2796) Metaspace: 19208K(19392K)->19208K(19392K) NonClass: 16542K(16640K)->16542K(16640K) Class: 2666K(2752K)->2666K(2752K)
[755.824s][info][gc             ] GC(2796) Pause Young (Allocation Failure) 546M->399M(835M) 22.128ms
[755.824s][info][gc,cpu         ] GC(2796) User=0.05s Sys=0.00s Real=0.02s
[756.192s][info][gc,start       ] GC(2797) Pause Young (Allocation Failure)
[756.230s][info][gc,heap        ] GC(2797) PSYoungGen: 186944K(187392K)->15424K(252416K) Eden: 168448K(168448K)->0K(176128K) From: 18496K(18944K)->15424K(76288K)
[756.230s][info][gc,heap        ] GC(2797) ParOldGen: 391082K(667648K)->409605K(667648K)
[756.230s][info][gc,metaspace   ] GC(2797) Metaspace: 19208K(19392K)->19208K(19392K) NonClass: 16542K(16640K)->16542K(16640K) Class: 2666K(2752K)->2666K(2752K)
[756.230s][info][gc             ] GC(2797) Pause Young (Allocation Failure) 564M->415M(898M) 37.786ms
[756.230s][info][gc,cpu         ] GC(2797) User=0.07s Sys=0.00s Real=0.04s
[756.438s][info][gc,start       ] GC(2798) Pause Young (Allocation Failure)
[756.473s][info][gc,heap        ] GC(2798) PSYoungGen: 191552K(252416K)->22992K(248320K) Eden: 176128K(176128K)->0K(176128K) From: 15424K(76288K)->22992K(72192K)
[756.473s][info][gc,heap        ] GC(2798) ParOldGen: 409605K(667648K)->425041K(667648K)
[756.473s][info][gc,metaspace   ] GC(2798) Metaspace: 19208K(19392K)->19208K(19392K) NonClass: 16542K(16640K)->16542K(16640K) Class: 2666K(2752K)->2666K(2752K)
[756.473s][info][gc             ] GC(2798) Pause Young (Allocation Failure) 587M->437M(894M) 35.112ms
[756.473s][info][gc,cpu         ] GC(2798) User=0.07s Sys=0.00s Real=0.03s
[756.646s][info][gc,start       ] GC(2799) Pause Young (Allocation Failure)
[756.704s][info][gc,heap        ] GC(2799) PSYoungGen: 199120K(248320K)->57536K(244224K) Eden: 176128K(176128K)->0K(176640K) From: 22992K(72192K)->57536K(67584K)
[756.704s][info][gc,heap        ] GC(2799) ParOldGen: 425041K(667648K)->448218K(667648K)
[756.704s][info][gc,metaspace   ] GC(2799) Metaspace: 19208K(19392K)->19208K(19392K) NonClass: 16542K(16640K)->16542K(16640K) Class: 2666K(2752K)->2666K(2752K)
[756.704s][info][gc             ] GC(2799) Pause Young (Allocation Failure) 609M->493M(890M) 58.127ms
[756.704s][info][gc,cpu         ] GC(2799) User=0.12s Sys=0.00s Real=0.06s
[756.962s][info][gc,start       ] GC(2800) Pause Young (Allocation Failure)
[757.033s][info][gc,heap        ] GC(2800) PSYoungGen: 234176K(244224K)->18527K(252928K) Eden: 176640K(176640K)->0K(176640K) From: 57536K(67584K)->18527K(76288K)
[757.033s][info][gc,heap        ] GC(2800) ParOldGen: 448218K(667648K)->506414K(667648K)
[757.033s][info][gc,metaspace   ] GC(2800) Metaspace: 19208K(19392K)->19208K(19392K) NonClass: 16542K(16640K)->16542K(16640K) Class: 2666K(2752K)->2666K(2752K)
[757.033s][info][gc             ] GC(2800) Pause Young (Allocation Failure) 666M->512M(899M) 71.411ms
[757.033s][info][gc,cpu         ] GC(2800) User=0.14s Sys=0.00s Real=0.07s
[757.246s][info][gc,start       ] GC(2801) Pause Young (Allocation Failure)
[757.315s][info][gc,heap        ] GC(2801) PSYoungGen: 195167K(252928K)->37376K(253440K) Eden: 176640K(176640K)->0K(185344K) From: 18527K(76288K)->37376K(68096K)
[757.315s][info][gc,heap        ] GC(2801) ParOldGen: 506414K(667648K)->524964K(667648K)
[757.315s][info][gc,metaspace   ] GC(2801) Metaspace: 19208K(19392K)->19208K(19392K) NonClass: 16542K(16640K)->16542K(16640K) Class: 2666K(2752K)->2666K(2752K)
[757.315s][info][gc             ] GC(2801) Pause Young (Allocation Failure) 685M->549M(899M) 69.104ms
[757.315s][info][gc,cpu         ] GC(2801) User=0.13s Sys=0.00s Real=0.07s
[757.502s][info][gc,start       ] GC(2802) Pause Young (Allocation Failure)
[757.545s][info][gc,heap        ] GC(2802) PSYoungGen: 222720K(253440K)->4576K(257536K) Eden: 185344K(185344K)->0K(185344K) From: 37376K(68096K)->4576K(72192K)
[757.545s][info][gc,heap        ] GC(2802) ParOldGen: 524964K(667648K)->562412K(667648K)
[757.545s][info][gc,metaspace   ] GC(2802) Metaspace: 19208K(19392K)->19208K(19392K) NonClass: 16542K(16640K)->16542K(16640K) Class: 2666K(2752K)->2666K(2752K)
[757.545s][info][gc             ] GC(2802) Pause Young (Allocation Failure) 730M->553M(903M) 42.888ms
[757.545s][info][gc,cpu         ] GC(2802) User=0.09s Sys=0.00s Real=0.04s
[757.750s][info][gc,start       ] GC(2803) Pause Young (Allocation Failure)
[757.767s][info][gc,heap        ] GC(2803) PSYoungGen: 189920K(257536K)->4032K(258560K) Eden: 185344K(185344K)->0K(190464K) From: 4576K(72192K)->4032K(68096K)
[757.767s][info][gc,heap        ] GC(2803) ParOldGen: 562412K(667648K)->566948K(667648K)
[757.767s][info][gc,metaspace   ] GC(2803) Metaspace: 19208K(19392K)->19208K(19392K) NonClass: 16542K(16640K)->16542K(16640K) Class: 2666K(2752K)->2666K(2752K)
[757.767s][info][gc             ] GC(2803) Pause Young (Allocation Failure) 734M->557M(904M) 16.613ms
[757.767s][info][gc,cpu         ] GC(2803) User=0.03s Sys=0.01s Real=0.01s
[758.082s][info][gc,start       ] GC(2804) Pause Young (Allocation Failure)
[758.119s][info][gc,heap        ] GC(2804) PSYoungGen: 194496K(258560K)->22448K(260608K) Eden: 190464K(190464K)->0K(190464K) From: 4032K(68096K)->22448K(70144K)
[758.119s][info][gc,heap        ] GC(2804) ParOldGen: 566948K(667648K)->570980K(667648K)
[758.119s][info][gc,metaspace   ] GC(2804) Metaspace: 19208K(19392K)->19208K(19392K) NonClass: 16542K(16640K)->16542K(16640K) Class: 2666K(2752K)->2666K(2752K)
[758.119s][info][gc             ] GC(2804) Pause Young (Allocation Failure) 743M->579M(906M) 37.145ms
[758.119s][info][gc,cpu         ] GC(2804) User=0.08s Sys=0.00s Real=0.04s
[758.359s][info][gc,start       ] GC(2805) Pause Young (Allocation Failure)
[758.421s][info][gc,heap        ] GC(2805) PSYoungGen: 212912K(260608K)->45922K(256512K) Eden: 190464K(190464K)->0K(190976K) From: 22448K(70144K)->45922K(65536K)
[758.421s][info][gc,heap        ] GC(2805) ParOldGen: 570980K(667648K)->593437K(667648K)
[758.421s][info][gc,metaspace   ] GC(2805) Metaspace: 19208K(19392K)->19208K(19392K) NonClass: 16542K(16640K)->16542K(16640K) Class: 2666K(2752K)->2666K(2752K)
[758.421s][info][gc             ] GC(2805) Pause Young (Allocation Failure) 765M->624M(902M) 62.914ms
[758.421s][info][gc,cpu         ] GC(2805) User=0.13s Sys=0.00s Real=0.06s
[758.687s][info][gc,start       ] GC(2806) Pause Young (Allocation Failure)
[758.756s][info][gc,heap        ] GC(2806) PSYoungGen: 236898K(256512K)->38688K(261120K) Eden: 190976K(190976K)->0K(190976K) From: 45922K(65536K)->38688K(70144K)
[758.756s][info][gc,heap        ] GC(2806) ParOldGen: 593437K(667648K)->639810K(667648K)
[758.756s][info][gc,metaspace   ] GC(2806) Metaspace: 19208K(19392K)->19208K(19392K) NonClass: 16542K(16640K)->16542K(16640K) Class: 2666K(2752K)->2666K(2752K)
[758.756s][info][gc             ] GC(2806) Pause Young (Allocation Failure) 810M->662M(907M) 69.246ms
[758.756s][info][gc,cpu         ] GC(2806) User=0.13s Sys=0.01s Real=0.07s
[759.012s][info][gc,start       ] GC(2807) Pause Full (Allocation Failure)
[759.012s][info][gc,phases,start] GC(2807) Marking Phase
[759.373s][info][gc,phases      ] GC(2807) Marking Phase 360.837ms
[759.373s][info][gc,phases,start] GC(2807) Summary Phase
[759.373s][info][gc,phases      ] GC(2807) Summary Phase 0.029ms
[759.373s][info][gc,phases,start] GC(2807) Forward
[759.510s][info][gc,phases      ] GC(2807) Forward 136.760ms
[759.510s][info][gc,phases,start] GC(2807) Adjust Pointers
[759.782s][info][gc,phases      ] GC(2807) Adjust Pointers 272.668ms
[759.782s][info][gc,phases,start] GC(2807) Compaction Phase
[759.953s][info][gc,phases      ] GC(2807) Compaction Phase 170.728ms
[759.964s][info][gc,phases,start] GC(2807) Post Compact
[759.967s][info][gc,phases      ] GC(2807) Post Compact 2.518ms
[759.967s][info][gc,heap        ] GC(2807) PSYoungGen: 229664K(261120K)->0K(263168K) Eden: 190976K(190976K)->0K(192512K) From: 38688K(70144K)->0K(70656K)
[759.967s][info][gc,heap        ] GC(2807) ParOldGen: 639810K(667648K)->502158K(667648K)
[759.967s][info][gc,metaspace   ] GC(2807) Metaspace: 19208K(19392K)->19208K(19392K) NonClass: 16542K(16640K)->16542K(16640K) Class: 2666K(2752K)->2666K(2752K)
[759.967s][info][gc             ] GC(2807) Pause Full (Allocation Failure) 849M->490M(909M) 954.994ms
[759.967s][info][gc,cpu         ] GC(2807) User=1.80s Sys=0.00s Real=0.95s
[760.161s][info][gc,start       ] GC(2808) Pause Young (Allocation Failure)
[760.183s][info][gc,heap        ] GC(2808) PSYoungGen: 192512K(263168K)->17728K(210432K) Eden: 192512K(192512K)->0K(192512K) From: 0K(70656K)->17728K(17920K)
[760.183s][info][gc,heap        ] GC(2808) ParOldGen: 502158K(667648K)->502158K(667648K)
[760.183s][info][gc,metaspace   ] GC(2808) Metaspace: 19208K(19392K)->19208K(19392K) NonClass: 16542K(16640K)->16542K(16640K) Class: 2666K(2752K)->2666K(2752K)
[760.183s][info][gc             ] GC(2808) Pause Young (Allocation Failure) 678M->507M(857M) 21.438ms
[760.183s][info][gc,cpu         ] GC(2808) User=0.04s Sys=0.00s Real=0.02s
[760.392s][info][gc,start       ] GC(2809) Pause Young (Allocation Failure)
[760.419s][info][gc,heap        ] GC(2809) PSYoungGen: 210240K(210432K)->22272K(263680K) Eden: 192512K(192512K)->0K(196096K) From: 17728K(17920K)->22272K(67584K)
[760.419s][info][gc,heap        ] GC(2809) ParOldGen: 502158K(667648K)->502158K(667648K)
[760.419s][info][gc,metaspace   ] GC(2809) Metaspace: 19208K(19392K)->19208K(19392K) NonClass: 16542K(16640K)->16542K(16640K) Class: 2666K(2752K)->2666K(2752K)
[760.419s][info][gc             ] GC(2809) Pause Young (Allocation Failure) 695M->512M(909M) 26.500ms
[760.419s][info][gc,cpu         ] GC(2809) User=0.05s Sys=0.00s Real=0.03s
[760.725s][info][gc,start       ] GC(2810) Pause Young (Allocation Failure)
[760.761s][info][gc,heap        ] GC(2810) PSYoungGen: 218368K(263680K)->34928K(260096K) Eden: 196096K(196096K)->0K(196096K) From: 22272K(67584K)->34928K(64000K)
[760.761s][info][gc,heap        ] GC(2810) ParOldGen: 502158K(667648K)->502158K(667648K)
[760.761s][info][gc,metaspace   ] GC(2810) Metaspace: 19208K(19392K)->19208K(19392K) NonClass: 16542K(16640K)->16542K(16640K) Class: 2666K(2752K)->2666K(2752K)
[760.761s][info][gc             ] GC(2810) Pause Young (Allocation Failure) 703M->524M(906M) 35.653ms
[760.761s][info][gc,cpu         ] GC(2810) User=0.07s Sys=0.00s Real=0.04s
[761.198s][info][gc,start       ] GC(2811) Pause Young (Allocation Failure)
[761.248s][info][gc,heap        ] GC(2811) PSYoungGen: 231024K(260096K)->48944K(260096K) Eden: 196096K(196096K)->0K(196608K) From: 34928K(64000K)->48944K(63488K)
[761.248s][info][gc,heap        ] GC(2811) ParOldGen: 502158K(667648K)->502158K(667648K)
[761.248s][info][gc,metaspace   ] GC(2811) Metaspace: 19208K(19392K)->19208K(19392K) NonClass: 16542K(16640K)->16542K(16640K) Class: 2666K(2752K)->2666K(2752K)
[761.248s][info][gc             ] GC(2811) Pause Young (Allocation Failure) 715M->538M(906M) 50.320ms
[761.248s][info][gc,cpu         ] GC(2811) User=0.10s Sys=0.01s Real=0.05s
[761.720s][info][gc,start       ] GC(2812) Pause Young (Allocation Failure)
[761.767s][info][gc,heap        ] GC(2812) PSYoungGen: 245552K(260096K)->48960K(245760K) Eden: 196608K(196608K)->0K(196608K) From: 48944K(63488K)->48960K(49152K)
[761.767s][info][gc,heap        ] GC(2812) ParOldGen: 502158K(667648K)->502158K(667648K)
[761.767s][info][gc,metaspace   ] GC(2812) Metaspace: 19208K(19392K)->19208K(19392K) NonClass: 16542K(16640K)->16542K(16640K) Class: 2666K(2752K)->2666K(2752K)
[761.767s][info][gc             ] GC(2812) Pause Young (Allocation Failure) 730M->538M(892M) 46.887ms
[761.767s][info][gc,cpu         ] GC(2812) User=0.09s Sys=0.00s Real=0.04s
[762.193s][info][gc,start       ] GC(2813) Pause Young (Allocation Failure)
[762.249s][info][gc,heap        ] GC(2813) PSYoungGen: 245568K(245760K)->48960K(256512K) Eden: 196608K(196608K)->0K(184320K) From: 48960K(49152K)->48960K(72192K)
[762.249s][info][gc,heap        ] GC(2813) ParOldGen: 502158K(667648K)->502158K(667648K)
[762.249s][info][gc,metaspace   ] GC(2813) Metaspace: 19208K(19392K)->19208K(19392K) NonClass: 16542K(16640K)->16542K(16640K) Class: 2666K(2752K)->2666K(2752K)
[762.249s][info][gc             ] GC(2813) Pause Young (Allocation Failure) 730M->538M(902M) 55.640ms
[762.249s][info][gc,cpu         ] GC(2813) User=0.11s Sys=0.00s Real=0.06s
[762.501s][info][gc,start       ] GC(2814) Pause Young (Allocation Failure)
[762.572s][info][gc,heap        ] GC(2814) PSYoungGen: 233280K(256512K)->74720K(259072K) Eden: 184320K(184320K)->0K(184320K) From: 48960K(72192K)->74720K(74752K)
[762.572s][info][gc,heap        ] GC(2814) ParOldGen: 502158K(667648K)->508398K(667648K)
[762.572s][info][gc,metaspace   ] GC(2814) Metaspace: 19208K(19392K)->19208K(19392K) NonClass: 16542K(16640K)->16542K(16640K) Class: 2666K(2752K)->2666K(2752K)
[762.572s][info][gc             ] GC(2814) Pause Young (Allocation Failure) 718M->569M(905M) 71.272ms
[762.572s][info][gc,cpu         ] GC(2814) User=0.14s Sys=0.00s Real=0.07s
[762.802s][info][gc,start       ] GC(2815) Pause Young (Allocation Failure)
[762.908s][info][gc,heap        ] GC(2815) PSYoungGen: 259040K(259072K)->74736K(186368K) Eden: 184320K(184320K)->0K(111616K) From: 74720K(74752K)->74736K(74752K)
[762.908s][info][gc,heap        ] GC(2815) ParOldGen: 508398K(667648K)->551438K(667648K)
[762.908s][info][gc,metaspace   ] GC(2815) Metaspace: 19208K(19392K)->19208K(19392K) NonClass: 16542K(16640K)->16542K(16640K) Class: 2666K(2752K)->2666K(2752K)
[762.908s][info][gc             ] GC(2815) Pause Young (Allocation Failure) 749M->611M(834M) 106.109ms
[762.908s][info][gc,cpu         ] GC(2815) User=0.18s Sys=0.02s Real=0.11s
[763.046s][info][gc,start       ] GC(2816) Pause Young (Allocation Failure)
[763.117s][info][gc,heap        ] GC(2816) PSYoungGen: 186352K(186368K)->53248K(222720K) Eden: 111616K(111616K)->0K(111616K) From: 74736K(74752K)->53248K(111104K)
[763.118s][info][gc,heap        ] GC(2816) ParOldGen: 551438K(667648K)->578175K(667648K)
[763.118s][info][gc,metaspace   ] GC(2816) Metaspace: 19208K(19392K)->19208K(19392K) NonClass: 16542K(16640K)->16542K(16640K) Class: 2666K(2752K)->2666K(2752K)
[763.118s][info][gc             ] GC(2816) Pause Young (Allocation Failure) 720M->616M(869M) 71.292ms
[763.118s][info][gc,cpu         ] GC(2816) User=0.14s Sys=0.00s Real=0.08s
[763.262s][info][gc,start       ] GC(2817) Pause Young (Allocation Failure)
[763.347s][info][gc,heap        ] GC(2817) PSYoungGen: 164864K(222720K)->83712K(221184K) Eden: 111616K(111616K)->0K(111616K) From: 53248K(111104K)->83712K(109568K)
[763.347s][info][gc,heap        ] GC(2817) ParOldGen: 578175K(667648K)->578215K(667648K)
[763.347s][info][gc,metaspace   ] GC(2817) Metaspace: 19208K(19392K)->19208K(19392K) NonClass: 16542K(16640K)->16542K(16640K) Class: 2666K(2752K)->2666K(2752K)
[763.347s][info][gc             ] GC(2817) Pause Young (Allocation Failure) 725M->646M(868M) 84.911ms
[763.347s][info][gc,cpu         ] GC(2817) User=0.17s Sys=0.00s Real=0.08s
