[0.002s][info][metaspace]  - commit_granule_bytes: 65536.
[0.002s][info][metaspace]  - commit_granule_words: 8192.
[0.002s][info][metaspace]  - virtual_space_node_default_size: 8388608.
[0.002s][info][metaspace]  - enlarge_chunks_in_place: 1.
[0.005s][info][gc,init  ] CardTable entry size: 512
[0.005s][info][gc       ] Using Parallel
[0.006s][info][gc,init  ] Version: 24-internal-adhoc.root.jdk (release)
[0.006s][info][gc,init  ] CPUs: 2 total, 2 available
[0.006s][info][gc,init  ] Memory: 3908M
[0.006s][info][gc,init  ] Large Page Support: Disabled
[0.006s][info][gc,init  ] NUMA Support: Disabled
[0.006s][info][gc,init  ] Compressed Oops: Enabled (32-bit)
[0.006s][info][gc,init  ] Alignments: Space 512K, Generation 512K, Heap 2M
[0.006s][info][gc,init  ] Heap Min Capacity: 256M
[0.006s][info][gc,init  ] Heap Initial Capacity: 256M
[0.006s][info][gc,init  ] Heap Max Capacity: 978M
[0.006s][info][gc,init  ] Pre-touch: Disabled
[0.006s][info][gc,init  ] Parallel Workers: 2
[0.023s][info][gc,metaspace] CDS archive(s) mapped at: [0x00007f4515000000-0x00007f4515e7b000-0x00007f4515e7b000), size 15183872, SharedBaseAddress: 0x00007f4515000000, ArchiveRelocationMode: 1.
[0.023s][info][gc,metaspace] Compressed class space mapped at: 0x00007f4516000000-0x00007f4556000000, reserved size: 1073741824
[0.023s][info][gc,metaspace] UseCompressedClassPointers 1, UseCompactObjectHeaders 1
[0.023s][info][gc,metaspace] Narrow klass pointer bits 22, Max shift 10
[0.023s][info][gc,metaspace] Narrow klass base: 0x00007f4515000000, Narrow klass shift: 10
[0.023s][info][gc,metaspace] Encoding Range: [0x00007f4515000000 - 0x00007f4615000000), (4294967296 bytes)
[0.023s][info][gc,metaspace] Klass Range:    [0x00007f4515000000 - 0x00007f4556000000), (1090519040 bytes)
[0.023s][info][gc,metaspace] Klass ID Range:  [1 - 1064960) (1064959)
[0.822s][info][gc,start    ] GC(0) Pause Young (Allocation Failure)
[0.842s][info][gc,heap     ] GC(0) PSYoungGen: 65536K(76288K)->10628K(76288K) Eden: 65536K(65536K)->0K(65536K) From: 0K(10752K)->10628K(10752K)
[0.842s][info][gc,heap     ] GC(0) ParOldGen: 1088K(175104K)->1096K(175104K)
[0.842s][info][gc,metaspace] GC(0) Metaspace: 4895K(5056K)->4895K(5056K) NonClass: 4090K(4160K)->4090K(4160K) Class: 805K(896K)->805K(896K)
[0.842s][info][gc          ] GC(0) Pause Young (Allocation Failure) 65M->11M(245M) 20.357ms
[0.842s][info][gc,cpu      ] GC(0) User=0.03s Sys=0.01s Real=0.02s
[13.212s][info][gc,start    ] GC(1) Pause Young (Allocation Failure)
[13.235s][info][gc,heap     ] GC(1) PSYoungGen: 76164K(76288K)->10748K(141824K) Eden: 65536K(65536K)->0K(131072K) From: 10628K(10752K)->10748K(10752K)
[13.235s][info][gc,heap     ] GC(1) ParOldGen: 1096K(175104K)->2904K(175104K)
[13.235s][info][gc,metaspace] GC(1) Metaspace: 5264K(5440K)->5264K(5440K) NonClass: 4457K(4544K)->4457K(4544K) Class: 807K(896K)->807K(896K)
[13.235s][info][gc          ] GC(1) Pause Young (Allocation Failure) 75M->13M(309M) 22.942ms
[13.235s][info][gc,cpu      ] GC(1) User=0.03s Sys=0.01s Real=0.02s
[32.619s][info][gc,start    ] GC(2) Pause Young (Allocation Failure)
[32.649s][info][gc,heap     ] GC(2) PSYoungGen: 141820K(141824K)->10741K(141824K) Eden: 131072K(131072K)->0K(131072K) From: 10748K(10752K)->10741K(10752K)
[32.649s][info][gc,heap     ] GC(2) ParOldGen: 2904K(175104K)->2968K(175104K)
[32.649s][info][gc,metaspace] GC(2) Metaspace: 5273K(5440K)->5273K(5440K) NonClass: 4466K(4544K)->4466K(4544K) Class: 807K(896K)->807K(896K)
[32.649s][info][gc          ] GC(2) Pause Young (Allocation Failure) 141M->13M(309M) 29.469ms
[32.649s][info][gc,cpu      ] GC(2) User=0.04s Sys=0.01s Real=0.03s
[50.817s][info][gc,start    ] GC(3) Pause Young (Allocation Failure)
[50.836s][info][gc,heap     ] GC(3) PSYoungGen: 141813K(141824K)->10731K(141824K) Eden: 131072K(131072K)->0K(131072K) From: 10741K(10752K)->10731K(10752K)
[50.836s][info][gc,heap     ] GC(3) ParOldGen: 2968K(175104K)->3372K(175104K)
[50.836s][info][gc,metaspace] GC(3) Metaspace: 5274K(5440K)->5274K(5440K) NonClass: 4467K(4544K)->4467K(4544K) Class: 807K(896K)->807K(896K)
[50.836s][info][gc          ] GC(3) Pause Young (Allocation Failure) 141M->13M(309M) 18.461ms
[50.836s][info][gc,cpu      ] GC(3) User=0.04s Sys=0.00s Real=0.02s
[68.690s][info][gc,start    ] GC(4) Pause Young (Allocation Failure)
[68.710s][info][gc,heap     ] GC(4) PSYoungGen: 141803K(141824K)->10748K(137728K) Eden: 131072K(131072K)->0K(126976K) From: 10731K(10752K)->10748K(10752K)
[68.710s][info][gc,heap     ] GC(4) ParOldGen: 3372K(175104K)->3852K(175104K)
[68.710s][info][gc,metaspace] GC(4) Metaspace: 5274K(5440K)->5274K(5440K) NonClass: 4467K(4544K)->4467K(4544K) Class: 807K(896K)->807K(896K)
[68.710s][info][gc          ] GC(4) Pause Young (Allocation Failure) 141M->14M(305M) 20.428ms
[68.710s][info][gc,cpu      ] GC(4) User=0.03s Sys=0.00s Real=0.02s
[87.818s][info][gc,start    ] GC(5) Pause Young (Allocation Failure)
[87.838s][info][gc,heap     ] GC(5) PSYoungGen: 137724K(137728K)->9726K(132608K) Eden: 126976K(126976K)->0K(122880K) From: 10748K(10752K)->9726K(9728K)
[87.838s][info][gc,heap     ] GC(5) ParOldGen: 3852K(175104K)->5324K(175104K)
[87.838s][info][gc,metaspace] GC(5) Metaspace: 5275K(5440K)->5275K(5440K) NonClass: 4468K(4544K)->4468K(4544K) Class: 807K(896K)->807K(896K)
[87.838s][info][gc          ] GC(5) Pause Young (Allocation Failure) 138M->14M(300M) 20.217ms
[87.838s][info][gc,cpu      ] GC(5) User=0.04s Sys=0.00s Real=0.02s
[106.493s][info][gc,start    ] GC(6) Pause Young (Allocation Failure)
[106.515s][info][gc,heap     ] GC(6) PSYoungGen: 132606K(132608K)->512K(119808K) Eden: 122880K(122880K)->0K(119296K) From: 9726K(9728K)->512K(512K)
[106.515s][info][gc,heap     ] GC(6) ParOldGen: 5324K(175104K)->14799K(175104K)
[106.515s][info][gc,metaspace] GC(6) Metaspace: 5275K(5440K)->5275K(5440K) NonClass: 4468K(4544K)->4468K(4544K) Class: 807K(896K)->807K(896K)
[106.515s][info][gc          ] GC(6) Pause Young (Allocation Failure) 134M->14M(288M) 22.062ms
[106.515s][info][gc,cpu      ] GC(6) User=0.04s Sys=0.00s Real=0.02s
[126.635s][info][gc,start    ] GC(7) Pause Young (Allocation Failure)
[126.650s][info][gc,heap     ] GC(7) PSYoungGen: 119808K(119808K)->11282K(127488K) Eden: 119296K(119296K)->0K(115712K) From: 512K(512K)->11282K(11776K)
[126.650s][info][gc,heap     ] GC(7) ParOldGen: 14799K(175104K)->14807K(175104K)
[126.650s][info][gc,metaspace] GC(7) Metaspace: 5464K(5632K)->5464K(5632K) NonClass: 4638K(4736K)->4638K(4736K) Class: 825K(896K)->825K(896K)
[126.650s][info][gc          ] GC(7) Pause Young (Allocation Failure) 131M->25M(295M) 14.806ms
[126.650s][info][gc,cpu      ] GC(7) User=0.03s Sys=0.00s Real=0.02s
[145.154s][info][gc,start    ] GC(8) Pause Young (Allocation Failure)
[145.169s][info][gc,heap     ] GC(8) PSYoungGen: 126994K(127488K)->11266K(123904K) Eden: 115712K(115712K)->0K(112128K) From: 11282K(11776K)->11266K(11776K)
[145.169s][info][gc,heap     ] GC(8) ParOldGen: 14807K(175104K)->14815K(175104K)
[145.169s][info][gc,metaspace] GC(8) Metaspace: 5464K(5632K)->5464K(5632K) NonClass: 4638K(4736K)->4638K(4736K) Class: 825K(896K)->825K(896K)
[145.169s][info][gc          ] GC(8) Pause Young (Allocation Failure) 138M->25M(292M) 14.897ms
[145.169s][info][gc,cpu      ] GC(8) User=0.02s Sys=0.00s Real=0.02s
[161.153s][info][gc,start    ] GC(9) Pause Young (Allocation Failure)
[161.173s][info][gc,heap     ] GC(9) PSYoungGen: 123394K(123904K)->64K(121856K) Eden: 112128K(112128K)->0K(109056K) From: 11266K(11776K)->64K(12800K)
[161.173s][info][gc,heap     ] GC(9) ParOldGen: 14815K(175104K)->25743K(175104K)
[161.173s][info][gc,metaspace] GC(9) Metaspace: 5464K(5632K)->5464K(5632K) NonClass: 4638K(4736K)->4638K(4736K) Class: 825K(896K)->825K(896K)
[161.173s][info][gc          ] GC(9) Pause Young (Allocation Failure) 134M->25M(290M) 20.456ms
[161.173s][info][gc,cpu      ] GC(9) User=0.03s Sys=0.01s Real=0.02s
[177.372s][info][gc,start    ] GC(10) Pause Young (Allocation Failure)
[177.374s][info][gc,heap     ] GC(10) PSYoungGen: 109120K(121856K)->448K(106496K) Eden: 109056K(109056K)->0K(105984K) From: 64K(12800K)->448K(512K)
[177.374s][info][gc,heap     ] GC(10) ParOldGen: 25743K(175104K)->25751K(175104K)
[177.374s][info][gc,metaspace] GC(10) Metaspace: 5464K(5632K)->5464K(5632K) NonClass: 4638K(4736K)->4638K(4736K) Class: 825K(896K)->825K(896K)
[177.374s][info][gc          ] GC(10) Pause Young (Allocation Failure) 131M->25M(275M) 1.837ms
[177.374s][info][gc,cpu      ] GC(10) User=0.00s Sys=0.00s Real=0.00s
[191.939s][info][gc,start    ] GC(11) Pause Young (Allocation Failure)
[191.941s][info][gc,heap     ] GC(11) PSYoungGen: 106432K(106496K)->448K(117760K) Eden: 105984K(105984K)->0K(102912K) From: 448K(512K)->448K(14848K)
[191.941s][info][gc,heap     ] GC(11) ParOldGen: 25751K(175104K)->26159K(175104K)
[191.941s][info][gc,metaspace] GC(11) Metaspace: 5464K(5632K)->5464K(5632K) NonClass: 4638K(4736K)->4638K(4736K) Class: 825K(896K)->825K(896K)
[191.941s][info][gc          ] GC(11) Pause Young (Allocation Failure) 129M->25M(286M) 2.558ms
[191.941s][info][gc,cpu      ] GC(11) User=0.00s Sys=0.00s Real=0.00s
[206.036s][info][gc,start    ] GC(12) Pause Young (Allocation Failure)
[206.038s][info][gc,heap     ] GC(12) PSYoungGen: 103360K(117760K)->416K(100352K) Eden: 102912K(102912K)->0K(99840K) From: 448K(14848K)->416K(512K)
[206.038s][info][gc,heap     ] GC(12) ParOldGen: 26159K(175104K)->26543K(175104K)
[206.038s][info][gc,metaspace] GC(12) Metaspace: 5464K(5632K)->5464K(5632K) NonClass: 4638K(4736K)->4638K(4736K) Class: 825K(896K)->825K(896K)
[206.038s][info][gc          ] GC(12) Pause Young (Allocation Failure) 126M->26M(269M) 2.375ms
[206.038s][info][gc,cpu      ] GC(12) User=0.00s Sys=0.00s Real=0.00s
[219.446s][info][gc,start    ] GC(13) Pause Young (Allocation Failure)
[219.448s][info][gc,heap     ] GC(13) PSYoungGen: 100256K(100352K)->416K(112128K) Eden: 99840K(99840K)->0K(97280K) From: 416K(512K)->416K(14848K)
[219.448s][info][gc,heap     ] GC(13) ParOldGen: 26543K(175104K)->26927K(175104K)
[219.448s][info][gc,metaspace] GC(13) Metaspace: 5464K(5632K)->5464K(5632K) NonClass: 4638K(4736K)->4638K(4736K) Class: 825K(896K)->825K(896K)
[219.448s][info][gc          ] GC(13) Pause Young (Allocation Failure) 123M->26M(280M) 2.272ms
[219.448s][info][gc,cpu      ] GC(13) User=0.00s Sys=0.00s Real=0.00s
[236.209s][info][gc,start    ] GC(14) Pause Young (Allocation Failure)
[236.226s][info][gc,heap     ] GC(14) PSYoungGen: 97696K(112128K)->10546K(105472K) Eden: 97280K(97280K)->0K(94720K) From: 416K(14848K)->10546K(10752K)
[236.226s][info][gc,heap     ] GC(14) ParOldGen: 26927K(175104K)->27279K(175104K)
[236.226s][info][gc,metaspace] GC(14) Metaspace: 5487K(5632K)->5487K(5632K) NonClass: 4662K(4736K)->4662K(4736K) Class: 825K(896K)->825K(896K)
[236.226s][info][gc          ] GC(14) Pause Young (Allocation Failure) 121M->36M(274M) 16.531ms
[236.226s][info][gc,cpu      ] GC(14) User=0.03s Sys=0.00s Real=0.01s
[250.462s][info][gc,start    ] GC(15) Pause Young (Allocation Failure)
[250.479s][info][gc,heap     ] GC(15) PSYoungGen: 105266K(105472K)->64K(107520K) Eden: 94720K(94720K)->0K(92160K) From: 10546K(10752K)->64K(15360K)
[250.479s][info][gc,heap     ] GC(15) ParOldGen: 27279K(175104K)->37503K(175104K)
[250.479s][info][gc,metaspace] GC(15) Metaspace: 5488K(5632K)->5488K(5632K) NonClass: 4663K(4736K)->4663K(4736K) Class: 825K(896K)->825K(896K)
[250.479s][info][gc          ] GC(15) Pause Young (Allocation Failure) 129M->36M(276M) 17.382ms
[250.479s][info][gc,cpu      ] GC(15) User=0.03s Sys=0.01s Real=0.02s
[262.316s][info][gc,start    ] GC(16) Pause Young (Allocation Failure)
[262.318s][info][gc,heap     ] GC(16) PSYoungGen: 92223K(107520K)->352K(90112K) Eden: 92159K(92160K)->0K(89600K) From: 64K(15360K)->352K(512K)
[262.318s][info][gc,heap     ] GC(16) ParOldGen: 37503K(175104K)->37511K(175104K)
[262.318s][info][gc,metaspace] GC(16) Metaspace: 5488K(5632K)->5488K(5632K) NonClass: 4663K(4736K)->4663K(4736K) Class: 825K(896K)->825K(896K)
[262.318s][info][gc          ] GC(16) Pause Young (Allocation Failure) 126M->36M(259M) 1.669ms
[262.318s][info][gc,cpu      ] GC(16) User=0.00s Sys=0.00s Real=0.00s
[274.438s][info][gc,start    ] GC(17) Pause Young (Allocation Failure)
[274.440s][info][gc,heap     ] GC(17) PSYoungGen: 89951K(90112K)->352K(101376K) Eden: 89599K(89600K)->0K(87040K) From: 352K(512K)->352K(14336K)
[274.440s][info][gc,heap     ] GC(17) ParOldGen: 37511K(175104K)->37863K(175104K)
[274.440s][info][gc,metaspace] GC(17) Metaspace: 5488K(5632K)->5488K(5632K) NonClass: 4663K(4736K)->4663K(4736K) Class: 825K(896K)->825K(896K)
[274.440s][info][gc          ] GC(17) Pause Young (Allocation Failure) 124M->37M(270M) 2.316ms
[274.440s][info][gc,cpu      ] GC(17) User=0.00s Sys=0.01s Real=0.01s
[285.421s][info][gc,start    ] GC(18) Pause Young (Allocation Failure)
[285.423s][info][gc,heap     ] GC(18) PSYoungGen: 87392K(101376K)->352K(85504K) Eden: 87040K(87040K)->0K(84992K) From: 352K(14336K)->352K(512K)
[285.423s][info][gc,heap     ] GC(18) ParOldGen: 37863K(175104K)->38191K(175104K)
[285.423s][info][gc,metaspace] GC(18) Metaspace: 5488K(5632K)->5488K(5632K) NonClass: 4663K(4736K)->4663K(4736K) Class: 825K(896K)->825K(896K)
[285.423s][info][gc          ] GC(18) Pause Young (Allocation Failure) 122M->37M(254M) 2.206ms
[285.423s][info][gc,cpu      ] GC(18) User=0.00s Sys=0.00s Real=0.00s
[296.641s][info][gc,start    ] GC(19) Pause Young (Allocation Failure)
[296.643s][info][gc,heap     ] GC(19) PSYoungGen: 85344K(85504K)->352K(96768K) Eden: 84992K(84992K)->0K(82944K) From: 352K(512K)->352K(13824K)
[296.643s][info][gc,heap     ] GC(19) ParOldGen: 38191K(175104K)->38519K(175104K)
[296.643s][info][gc,metaspace] GC(19) Metaspace: 5488K(5632K)->5488K(5632K) NonClass: 4663K(4736K)->4663K(4736K) Class: 825K(896K)->825K(896K)
[296.643s][info][gc          ] GC(19) Pause Young (Allocation Failure) 120M->37M(265M) 2.279ms
[296.643s][info][gc,cpu      ] GC(19) User=0.01s Sys=0.00s Real=0.00s
[306.891s][info][gc,start    ] GC(20) Pause Young (Allocation Failure)
[306.894s][info][gc,heap     ] GC(20) PSYoungGen: 83296K(96768K)->320K(81408K) Eden: 82944K(82944K)->0K(80896K) From: 352K(13824K)->320K(512K)
[306.894s][info][gc,heap     ] GC(20) ParOldGen: 38519K(175104K)->38839K(175104K)
[306.894s][info][gc,metaspace] GC(20) Metaspace: 5488K(5632K)->5488K(5632K) NonClass: 4663K(4736K)->4663K(4736K) Class: 825K(896K)->825K(896K)
[306.894s][info][gc          ] GC(20) Pause Young (Allocation Failure) 118M->38M(250M) 2.208ms
[306.894s][info][gc,cpu      ] GC(20) User=0.00s Sys=0.00s Real=0.00s
[317.277s][info][gc,start    ] GC(21) Pause Young (Allocation Failure)
[317.280s][info][gc,heap     ] GC(21) PSYoungGen: 81216K(81408K)->320K(91648K) Eden: 80896K(80896K)->0K(78848K) From: 320K(512K)->320K(12800K)
[317.280s][info][gc,heap     ] GC(21) ParOldGen: 38839K(175104K)->39135K(175104K)
[317.280s][info][gc,metaspace] GC(21) Metaspace: 5488K(5632K)->5488K(5632K) NonClass: 4663K(4736K)->4663K(4736K) Class: 825K(896K)->825K(896K)
[317.280s][info][gc          ] GC(21) Pause Young (Allocation Failure) 117M->38M(260M) 2.595ms
[317.280s][info][gc,cpu      ] GC(21) User=0.00s Sys=0.00s Real=0.01s
[326.034s][info][gc,start    ] GC(22) Pause Young (Allocation Failure)
[326.047s][info][gc,heap     ] GC(22) PSYoungGen: 79168K(91648K)->7865K(84992K) Eden: 78848K(78848K)->0K(76800K) From: 320K(12800K)->7865K(8192K)
[326.047s][info][gc,heap     ] GC(22) ParOldGen: 39135K(175104K)->39415K(175104K)
[326.047s][info][gc,metaspace] GC(22) Metaspace: 5495K(5632K)->5495K(5632K) NonClass: 4670K(4736K)->4670K(4736K) Class: 825K(896K)->825K(896K)
[326.047s][info][gc          ] GC(22) Pause Young (Allocation Failure) 115M->46M(254M) 13.069ms
[326.047s][info][gc,cpu      ] GC(22) User=0.02s Sys=0.00s Real=0.01s
[340.923s][info][gc,start    ] GC(23) Pause Young (Allocation Failure)
[340.942s][info][gc,heap     ] GC(23) PSYoungGen: 84664K(84992K)->2825K(86528K) Eden: 76799K(76800K)->0K(74752K) From: 7865K(8192K)->2825K(11776K)
[340.942s][info][gc,heap     ] GC(23) ParOldGen: 39415K(175104K)->47033K(175104K)
[340.942s][info][gc,metaspace] GC(23) Metaspace: 5537K(5696K)->5537K(5696K) NonClass: 4711K(4800K)->4711K(4800K) Class: 825K(896K)->825K(896K)
[340.942s][info][gc          ] GC(23) Pause Young (Allocation Failure) 121M->48M(255M) 19.235ms
[340.942s][info][gc,cpu      ] GC(23) User=0.03s Sys=0.00s Real=0.02s
[351.424s][info][gc,start    ] GC(24) Pause Young (Allocation Failure)
[351.429s][info][gc,heap     ] GC(24) PSYoungGen: 77577K(86528K)->64K(73728K) Eden: 74752K(74752K)->0K(73216K) From: 2825K(11776K)->64K(512K)
[351.429s][info][gc,heap     ] GC(24) ParOldGen: 47033K(175104K)->49738K(175104K)
[351.429s][info][gc,metaspace] GC(24) Metaspace: 5538K(5696K)->5538K(5696K) NonClass: 4713K(4800K)->4713K(4800K) Class: 825K(896K)->825K(896K)
[351.429s][info][gc          ] GC(24) Pause Young (Allocation Failure) 121M->48M(243M) 4.859ms
[351.429s][info][gc,cpu      ] GC(24) User=0.01s Sys=0.00s Real=0.01s
[360.808s][info][gc,start    ] GC(25) Pause Young (Allocation Failure)
[360.813s][info][gc,heap     ] GC(25) PSYoungGen: 73280K(73728K)->320K(83456K) Eden: 73216K(73216K)->0K(71680K) From: 64K(512K)->320K(11776K)
[360.813s][info][gc,heap     ] GC(25) ParOldGen: 49738K(175104K)->49754K(175104K)
[360.813s][info][gc,metaspace] GC(25) Metaspace: 5538K(5696K)->5538K(5696K) NonClass: 4713K(4800K)->4713K(4800K) Class: 825K(896K)->825K(896K)
[360.813s][info][gc          ] GC(25) Pause Young (Allocation Failure) 120M->48M(252M) 4.282ms
[360.813s][info][gc,cpu      ] GC(25) User=0.00s Sys=0.00s Real=0.01s
[370.522s][info][gc,start    ] GC(26) Pause Young (Allocation Failure)
[370.525s][info][gc,heap     ] GC(26) PSYoungGen: 72000K(83456K)->288K(70656K) Eden: 71680K(71680K)->0K(70144K) From: 320K(11776K)->288K(512K)
[370.525s][info][gc,heap     ] GC(26) ParOldGen: 49754K(175104K)->50034K(175104K)
[370.525s][info][gc,metaspace] GC(26) Metaspace: 5538K(5696K)->5538K(5696K) NonClass: 4713K(4800K)->4713K(4800K) Class: 825K(896K)->825K(896K)
[370.525s][info][gc          ] GC(26) Pause Young (Allocation Failure) 118M->49M(240M) 2.659ms
[370.525s][info][gc,cpu      ] GC(26) User=0.00s Sys=0.00s Real=0.00s
[379.830s][info][gc,start    ] GC(27) Pause Young (Allocation Failure)
[379.835s][info][gc,heap     ] GC(27) PSYoungGen: 70432K(70656K)->320K(78336K) Eden: 70144K(70144K)->0K(68608K) From: 288K(512K)->320K(9728K)
[379.835s][info][gc,heap     ] GC(27) ParOldGen: 50034K(175104K)->50306K(175104K)
[379.835s][info][gc,metaspace] GC(27) Metaspace: 5538K(5696K)->5538K(5696K) NonClass: 4713K(4800K)->4713K(4800K) Class: 825K(896K)->825K(896K)
[379.835s][info][gc          ] GC(27) Pause Young (Allocation Failure) 117M->49M(247M) 5.131ms
[379.835s][info][gc,cpu      ] GC(27) User=0.01s Sys=0.01s Real=0.00s
[388.839s][info][gc,start    ] GC(28) Pause Young (Allocation Failure)
[388.841s][info][gc,heap     ] GC(28) PSYoungGen: 68928K(78336K)->288K(67584K) Eden: 68608K(68608K)->0K(67072K) From: 320K(9728K)->288K(512K)
[388.841s][info][gc,heap     ] GC(28) ParOldGen: 50306K(175104K)->50562K(175104K)
[388.841s][info][gc,metaspace] GC(28) Metaspace: 5538K(5696K)->5538K(5696K) NonClass: 4713K(4800K)->4713K(4800K) Class: 825K(896K)->825K(896K)
[388.841s][info][gc          ] GC(28) Pause Young (Allocation Failure) 116M->49M(237M) 1.962ms
[388.841s][info][gc,cpu      ] GC(28) User=0.00s Sys=0.00s Real=0.00s
[397.680s][info][gc,start    ] GC(29) Pause Young (Allocation Failure)
[397.682s][info][gc,heap     ] GC(29) PSYoungGen: 67360K(67584K)->288K(74752K) Eden: 67072K(67072K)->0K(65536K) From: 288K(512K)->288K(9216K)
[397.682s][info][gc,heap     ] GC(29) ParOldGen: 50562K(175104K)->50826K(175104K)
[397.682s][info][gc,metaspace] GC(29) Metaspace: 5538K(5696K)->5538K(5696K) NonClass: 4713K(4800K)->4713K(4800K) Class: 825K(896K)->825K(896K)
[397.682s][info][gc          ] GC(29) Pause Young (Allocation Failure) 115M->49M(244M) 1.992ms
[397.682s][info][gc,cpu      ] GC(29) User=0.01s Sys=0.00s Real=0.00s
[406.148s][info][gc,start    ] GC(30) Pause Young (Allocation Failure)
[406.150s][info][gc,heap     ] GC(30) PSYoungGen: 65824K(74752K)->256K(66048K) Eden: 65536K(65536K)->0K(65536K) From: 288K(9216K)->256K(512K)
[406.150s][info][gc,heap     ] GC(30) ParOldGen: 50826K(175104K)->51074K(175104K)
[406.150s][info][gc,metaspace] GC(30) Metaspace: 5538K(5696K)->5538K(5696K) NonClass: 4713K(4800K)->4713K(4800K) Class: 825K(896K)->825K(896K)
[406.150s][info][gc          ] GC(30) Pause Young (Allocation Failure) 113M->50M(235M) 1.678ms
[406.150s][info][gc,cpu      ] GC(30) User=0.00s Sys=0.00s Real=0.01s
[414.663s][info][gc,start    ] GC(31) Pause Young (Allocation Failure)
[414.665s][info][gc,heap     ] GC(31) PSYoungGen: 65792K(66048K)->256K(76800K) Eden: 65536K(65536K)->0K(66048K) From: 256K(512K)->256K(10752K)
[414.665s][info][gc,heap     ] GC(31) ParOldGen: 51074K(175104K)->51298K(175104K)
[414.665s][info][gc,metaspace] GC(31) Metaspace: 5538K(5696K)->5538K(5696K) NonClass: 4713K(4800K)->4713K(4800K) Class: 825K(896K)->825K(896K)
[414.665s][info][gc          ] GC(31) Pause Young (Allocation Failure) 114M->50M(246M) 1.531ms
[414.665s][info][gc,cpu      ] GC(31) User=0.00s Sys=0.00s Real=0.00s
[423.361s][info][gc,start    ] GC(32) Pause Young (Allocation Failure)
[423.363s][info][gc,heap     ] GC(32) PSYoungGen: 66304K(76800K)->288K(76288K) Eden: 66048K(66048K)->0K(66048K) From: 256K(10752K)->288K(10240K)
[423.363s][info][gc,heap     ] GC(32) ParOldGen: 51298K(175104K)->51522K(175104K)
[423.363s][info][gc,metaspace] GC(32) Metaspace: 5538K(5696K)->5538K(5696K) NonClass: 4713K(4800K)->4713K(4800K) Class: 825K(896K)->825K(896K)
[423.363s][info][gc          ] GC(32) Pause Young (Allocation Failure) 114M->50M(245M) 2.190ms
[423.363s][info][gc,cpu      ] GC(32) User=0.00s Sys=0.00s Real=0.00s
[433.733s][info][gc,start    ] GC(33) Pause Young (Allocation Failure)
[433.749s][info][gc,heap     ] GC(33) PSYoungGen: 66336K(76288K)->9708K(74240K) Eden: 66048K(66048K)->0K(64512K) From: 288K(10240K)->9708K(9728K)
[433.749s][info][gc,heap     ] GC(33) ParOldGen: 51522K(175104K)->52559K(175104K)
[433.749s][info][gc,metaspace] GC(33) Metaspace: 5549K(5696K)->5549K(5696K) NonClass: 4724K(4800K)->4724K(4800K) Class: 825K(896K)->825K(896K)
[433.749s][info][gc          ] GC(33) Pause Young (Allocation Failure) 115M->60M(243M) 16.643ms
[433.749s][info][gc,cpu      ] GC(33) User=0.03s Sys=0.00s Real=0.02s
[444.198s][info][gc,start    ] GC(34) Pause Young (Allocation Failure)
[444.215s][info][gc,heap     ] GC(34) PSYoungGen: 74220K(74240K)->544K(65536K) Eden: 64512K(64512K)->0K(64512K) From: 9708K(9728K)->544K(1024K)
[444.215s][info][gc,heap     ] GC(34) ParOldGen: 52559K(175104K)->61967K(175104K)
[444.215s][info][gc,metaspace] GC(34) Metaspace: 5549K(5696K)->5549K(5696K) NonClass: 4724K(4800K)->4724K(4800K) Class: 825K(896K)->825K(896K)
[444.215s][info][gc          ] GC(34) Pause Young (Allocation Failure) 123M->61M(235M) 17.316ms
[444.215s][info][gc,cpu      ] GC(34) User=0.03s Sys=0.01s Real=0.02s
[452.829s][info][gc,start    ] GC(35) Pause Young (Allocation Failure)
[452.831s][info][gc,heap     ] GC(35) PSYoungGen: 65056K(65536K)->320K(76288K) Eden: 64512K(64512K)->0K(64512K) From: 544K(1024K)->320K(11776K)
[452.831s][info][gc,heap     ] GC(35) ParOldGen: 61967K(175104K)->62503K(175104K)
[452.831s][info][gc,metaspace] GC(35) Metaspace: 5549K(5696K)->5549K(5696K) NonClass: 4724K(4800K)->4724K(4800K) Class: 825K(896K)->825K(896K)
[452.831s][info][gc          ] GC(35) Pause Young (Allocation Failure) 124M->61M(245M) 1.952ms
[452.831s][info][gc,cpu      ] GC(35) User=0.00s Sys=0.00s Real=0.00s
[460.866s][info][gc,start    ] GC(36) Pause Young (Allocation Failure)
[460.868s][info][gc,heap     ] GC(36) PSYoungGen: 64832K(76288K)->288K(75264K) Eden: 64512K(64512K)->0K(64512K) From: 320K(11776K)->288K(10752K)
[460.868s][info][gc,heap     ] GC(36) ParOldGen: 62503K(175104K)->62799K(175104K)
[460.868s][info][gc,metaspace] GC(36) Metaspace: 5549K(5696K)->5549K(5696K) NonClass: 4724K(4800K)->4724K(4800K) Class: 825K(896K)->825K(896K)
[460.868s][info][gc          ] GC(36) Pause Young (Allocation Failure) 124M->61M(244M) 1.714ms
[460.868s][info][gc,cpu      ] GC(36) User=0.01s Sys=0.00s Real=0.00s
[469.574s][info][gc,start    ] GC(37) Pause Young (Allocation Failure)
[469.576s][info][gc,heap     ] GC(37) PSYoungGen: 64800K(75264K)->288K(77312K) Eden: 64512K(64512K)->0K(67072K) From: 288K(10752K)->288K(10240K)
[469.576s][info][gc,heap     ] GC(37) ParOldGen: 62799K(175104K)->63047K(175104K)
[469.576s][info][gc,metaspace] GC(37) Metaspace: 5549K(5696K)->5549K(5696K) NonClass: 4724K(4800K)->4724K(4800K) Class: 825K(896K)->825K(896K)
[469.576s][info][gc          ] GC(37) Pause Young (Allocation Failure) 124M->61M(246M) 1.669ms
[469.576s][info][gc,cpu      ] GC(37) User=0.00s Sys=0.00s Real=0.00s
[478.409s][info][gc,start    ] GC(38) Pause Young (Allocation Failure)
[478.411s][info][gc,heap     ] GC(38) PSYoungGen: 67360K(77312K)->288K(76800K) Eden: 67072K(67072K)->0K(67072K) From: 288K(10240K)->288K(9728K)
[478.411s][info][gc,heap     ] GC(38) ParOldGen: 63047K(175104K)->63287K(175104K)
[478.411s][info][gc,metaspace] GC(38) Metaspace: 5549K(5696K)->5549K(5696K) NonClass: 4724K(4800K)->4724K(4800K) Class: 825K(896K)->825K(896K)
[478.411s][info][gc          ] GC(38) Pause Young (Allocation Failure) 127M->62M(246M) 1.668ms
[478.411s][info][gc,cpu      ] GC(38) User=0.00s Sys=0.00s Real=0.00s
[487.066s][info][gc,start    ] GC(39) Pause Young (Allocation Failure)
[487.068s][info][gc,heap     ] GC(39) PSYoungGen: 67360K(76800K)->288K(78336K) Eden: 67072K(67072K)->0K(69120K) From: 288K(9728K)->288K(9216K)
[487.068s][info][gc,heap     ] GC(39) ParOldGen: 63287K(175104K)->63535K(175104K)
[487.068s][info][gc,metaspace] GC(39) Metaspace: 5549K(5696K)->5549K(5696K) NonClass: 4724K(4800K)->4724K(4800K) Class: 825K(896K)->825K(896K)
[487.068s][info][gc          ] GC(39) Pause Young (Allocation Failure) 127M->62M(247M) 1.686ms
[487.068s][info][gc,cpu      ] GC(39) User=0.01s Sys=0.00s Real=0.00s
[495.942s][info][gc,start    ] GC(40) Pause Young (Allocation Failure)
[495.944s][info][gc,heap     ] GC(40) PSYoungGen: 69408K(78336K)->288K(77824K) Eden: 69120K(69120K)->0K(69120K) From: 288K(9216K)->288K(8704K)
[495.944s][info][gc,heap     ] GC(40) ParOldGen: 63535K(175104K)->63783K(175104K)
[495.944s][info][gc,metaspace] GC(40) Metaspace: 5549K(5696K)->5549K(5696K) NonClass: 4724K(4800K)->4724K(4800K) Class: 825K(896K)->825K(896K)
[495.944s][info][gc          ] GC(40) Pause Young (Allocation Failure) 129M->62M(247M) 1.636ms
[495.944s][info][gc,cpu      ] GC(40) User=0.00s Sys=0.00s Real=0.00s
[504.943s][info][gc,start    ] GC(41) Pause Young (Allocation Failure)
[504.944s][info][gc,heap     ] GC(41) PSYoungGen: 69408K(77824K)->288K(79360K) Eden: 69120K(69120K)->0K(71168K) From: 288K(8704K)->288K(8192K)
[504.944s][info][gc,heap     ] GC(41) ParOldGen: 63783K(175104K)->64039K(175104K)
[504.944s][info][gc,metaspace] GC(41) Metaspace: 5549K(5696K)->5549K(5696K) NonClass: 4724K(4800K)->4724K(4800K) Class: 825K(896K)->825K(896K)
[504.944s][info][gc          ] GC(41) Pause Young (Allocation Failure) 130M->62M(248M) 1.594ms
[504.944s][info][gc,cpu      ] GC(41) User=0.00s Sys=0.00s Real=0.00s
[513.862s][info][gc,start    ] GC(42) Pause Young (Allocation Failure)
[513.865s][info][gc,heap     ] GC(42) PSYoungGen: 71455K(79360K)->288K(78848K) Eden: 71167K(71168K)->0K(71168K) From: 288K(8192K)->288K(7680K)
[513.865s][info][gc,heap     ] GC(42) ParOldGen: 64039K(175104K)->64287K(175104K)
[513.865s][info][gc,metaspace] GC(42) Metaspace: 5549K(5696K)->5549K(5696K) NonClass: 4724K(4800K)->4724K(4800K) Class: 825K(896K)->825K(896K)
[513.865s][info][gc          ] GC(42) Pause Young (Allocation Failure) 132M->63M(248M) 3.572ms
[513.865s][info][gc,cpu      ] GC(42) User=0.00s Sys=0.00s Real=0.00s
[523.341s][info][gc,start    ] GC(43) Pause Young (Allocation Failure)
[523.343s][info][gc,heap     ] GC(43) PSYoungGen: 71456K(78848K)->288K(79872K) Eden: 71168K(71168K)->0K(72704K) From: 288K(7680K)->288K(7168K)
[523.343s][info][gc,heap     ] GC(43) ParOldGen: 64287K(175104K)->64535K(175104K)
[523.343s][info][gc,metaspace] GC(43) Metaspace: 5549K(5696K)->5549K(5696K) NonClass: 4724K(4800K)->4724K(4800K) Class: 825K(896K)->825K(896K)
[523.343s][info][gc          ] GC(43) Pause Young (Allocation Failure) 132M->63M(249M) 1.969ms
[523.343s][info][gc,cpu      ] GC(43) User=0.00s Sys=0.00s Real=0.00s
[534.747s][info][gc,start    ] GC(44) Pause Young (Allocation Failure)
[534.765s][info][gc,heap     ] GC(44) PSYoungGen: 72992K(79872K)->7163K(78336K) Eden: 72704K(72704K)->0K(71168K) From: 288K(7168K)->7163K(7168K)
[534.765s][info][gc,heap     ] GC(44) ParOldGen: 64535K(175104K)->68055K(175104K)
[534.765s][info][gc,metaspace] GC(44) Metaspace: 5557K(5696K)->5557K(5696K) NonClass: 4732K(4800K)->4732K(4800K) Class: 825K(896K)->825K(896K)
[534.765s][info][gc          ] GC(44) Pause Young (Allocation Failure) 134M->73M(247M) 17.876ms
[534.765s][info][gc,cpu      ] GC(44) User=0.03s Sys=0.00s Real=0.02s
[546.188s][info][gc,start    ] GC(45) Pause Young (Allocation Failure)
[546.202s][info][gc,heap     ] GC(45) PSYoungGen: 78331K(78336K)->608K(76800K) Eden: 71168K(71168K)->0K(69632K) From: 7163K(7168K)->608K(7168K)
[546.202s][info][gc,heap     ] GC(45) ParOldGen: 68055K(175104K)->75012K(175104K)
[546.202s][info][gc,metaspace] GC(45) Metaspace: 5557K(5696K)->5557K(5696K) NonClass: 4732K(4800K)->4732K(4800K) Class: 825K(896K)->825K(896K)
[546.202s][info][gc          ] GC(45) Pause Young (Allocation Failure) 142M->73M(246M) 14.160ms
[546.202s][info][gc,cpu      ] GC(45) User=0.02s Sys=0.01s Real=0.02s
[555.393s][info][gc,start    ] GC(46) Pause Young (Allocation Failure)
[555.395s][info][gc,heap     ] GC(46) PSYoungGen: 70240K(76800K)->352K(70144K) Eden: 69632K(69632K)->0K(69632K) From: 608K(7168K)->352K(512K)
[555.395s][info][gc,heap     ] GC(46) ParOldGen: 75012K(175104K)->75564K(175104K)
[555.395s][info][gc,metaspace] GC(46) Metaspace: 5557K(5696K)->5557K(5696K) NonClass: 4732K(4800K)->4732K(4800K) Class: 825K(896K)->825K(896K)
[555.395s][info][gc          ] GC(46) Pause Young (Allocation Failure) 141M->74M(239M) 2.183ms
[555.395s][info][gc,cpu      ] GC(46) User=0.00s Sys=0.00s Real=0.00s
[564.301s][info][gc,start    ] GC(47) Pause Young (Allocation Failure)
[564.302s][info][gc,heap     ] GC(47) PSYoungGen: 69984K(70144K)->288K(78336K) Eden: 69632K(69632K)->0K(69632K) From: 352K(512K)->288K(8704K)
[564.302s][info][gc,heap     ] GC(47) ParOldGen: 75564K(175104K)->75868K(175104K)
[564.302s][info][gc,metaspace] GC(47) Metaspace: 5557K(5696K)->5557K(5696K) NonClass: 4732K(4800K)->4732K(4800K) Class: 825K(896K)->825K(896K)
[564.302s][info][gc          ] GC(47) Pause Young (Allocation Failure) 142M->74M(247M) 1.783ms
[564.303s][info][gc,cpu      ] GC(47) User=0.00s Sys=0.00s Real=0.00s
[573.808s][info][gc,start    ] GC(48) Pause Young (Allocation Failure)
[573.810s][info][gc,heap     ] GC(48) PSYoungGen: 69920K(78336K)->288K(78336K) Eden: 69632K(69632K)->0K(69632K) From: 288K(8704K)->288K(8704K)
[573.810s][info][gc,heap     ] GC(48) ParOldGen: 75868K(175104K)->76132K(175104K)
[573.810s][info][gc,metaspace] GC(48) Metaspace: 5557K(5696K)->5557K(5696K) NonClass: 4732K(4800K)->4732K(4800K) Class: 825K(896K)->825K(896K)
[573.810s][info][gc          ] GC(48) Pause Young (Allocation Failure) 142M->74M(247M) 1.822ms
[573.810s][info][gc,cpu      ] GC(48) User=0.01s Sys=0.00s Real=0.01s
[582.841s][info][gc,start    ] GC(49) Pause Young (Allocation Failure)
[582.843s][info][gc,heap     ] GC(49) PSYoungGen: 69920K(78336K)->288K(79360K) Eden: 69632K(69632K)->0K(71168K) From: 288K(8704K)->288K(8192K)
[582.843s][info][gc,heap     ] GC(49) ParOldGen: 76132K(175104K)->76388K(175104K)
[582.843s][info][gc,metaspace] GC(49) Metaspace: 5557K(5696K)->5557K(5696K) NonClass: 4732K(4800K)->4732K(4800K) Class: 825K(896K)->825K(896K)
[582.843s][info][gc          ] GC(49) Pause Young (Allocation Failure) 142M->74M(248M) 1.782ms
[582.843s][info][gc,cpu      ] GC(49) User=0.00s Sys=0.00s Real=0.00s
[592.192s][info][gc,start    ] GC(50) Pause Young (Allocation Failure)
[592.195s][info][gc,heap     ] GC(50) PSYoungGen: 71456K(79360K)->320K(78848K) Eden: 71168K(71168K)->0K(71168K) From: 288K(8192K)->320K(7680K)
[592.195s][info][gc,heap     ] GC(50) ParOldGen: 76388K(175104K)->76652K(175104K)
[592.196s][info][gc,metaspace] GC(50) Metaspace: 5557K(5696K)->5557K(5696K) NonClass: 4732K(4800K)->4732K(4800K) Class: 825K(896K)->825K(896K)
[592.196s][info][gc          ] GC(50) Pause Young (Allocation Failure) 144M->75M(248M) 3.097ms
[592.196s][info][gc,cpu      ] GC(50) User=0.01s Sys=0.00s Real=0.00s
[601.502s][info][gc,start    ] GC(51) Pause Young (Allocation Failure)
[601.504s][info][gc,heap     ] GC(51) PSYoungGen: 71488K(78848K)->288K(80384K) Eden: 71168K(71168K)->0K(73216K) From: 320K(7680K)->288K(7168K)
[601.504s][info][gc,heap     ] GC(51) ParOldGen: 76652K(175104K)->76916K(175104K)
[601.504s][info][gc,metaspace] GC(51) Metaspace: 5557K(5696K)->5557K(5696K) NonClass: 4732K(4800K)->4732K(4800K) Class: 825K(896K)->825K(896K)
[601.504s][info][gc          ] GC(51) Pause Young (Allocation Failure) 144M->75M(249M) 2.560ms
[601.504s][info][gc,cpu      ] GC(51) User=0.00s Sys=0.00s Real=0.00s
[610.429s][info][gc,start    ] GC(52) Pause Young (Allocation Failure)
[610.431s][info][gc,heap     ] GC(52) PSYoungGen: 73504K(80384K)->288K(79872K) Eden: 73216K(73216K)->0K(73216K) From: 288K(7168K)->288K(6656K)
[610.431s][info][gc,heap     ] GC(52) ParOldGen: 76916K(175104K)->77180K(175104K)
[610.431s][info][gc,metaspace] GC(52) Metaspace: 5557K(5696K)->5557K(5696K) NonClass: 4732K(4800K)->4732K(4800K) Class: 825K(896K)->825K(896K)
[610.431s][info][gc          ] GC(52) Pause Young (Allocation Failure) 146M->75M(249M) 1.713ms
[610.431s][info][gc,cpu      ] GC(52) User=0.00s Sys=0.00s Real=0.00s
[619.877s][info][gc,start    ] GC(53) Pause Young (Allocation Failure)
[619.878s][info][gc,heap     ] GC(53) PSYoungGen: 73504K(79872K)->288K(80896K) Eden: 73216K(73216K)->0K(74752K) From: 288K(6656K)->288K(6144K)
[619.878s][info][gc,heap     ] GC(53) ParOldGen: 77180K(175104K)->77428K(175104K)
[619.878s][info][gc,metaspace] GC(53) Metaspace: 5557K(5696K)->5557K(5696K) NonClass: 4732K(4800K)->4732K(4800K) Class: 825K(896K)->825K(896K)
[619.878s][info][gc          ] GC(53) Pause Young (Allocation Failure) 147M->75M(250M) 1.663ms
[619.878s][info][gc,cpu      ] GC(53) User=0.01s Sys=0.00s Real=0.01s
[628.561s][info][gc,start    ] GC(54) Pause Young (Allocation Failure)
[628.567s][info][gc,heap     ] GC(54) PSYoungGen: 75040K(80896K)->4340K(79360K) Eden: 74752K(74752K)->0K(74752K) From: 288K(6144K)->4340K(4608K)
[628.567s][info][gc,heap     ] GC(54) ParOldGen: 77428K(175104K)->77684K(175104K)
[628.567s][info][gc,metaspace] GC(54) Metaspace: 5570K(5760K)->5570K(5760K) NonClass: 4744K(4864K)->4744K(4864K) Class: 825K(896K)->825K(896K)
[628.567s][info][gc          ] GC(54) Pause Young (Allocation Failure) 148M->80M(248M) 5.953ms
[628.567s][info][gc,cpu      ] GC(54) User=0.01s Sys=0.00s Real=0.00s
[642.548s][info][gc,start    ] GC(55) Pause Young (Allocation Failure)
[642.563s][info][gc,heap     ] GC(55) PSYoungGen: 79092K(79360K)->6270K(78848K) Eden: 74752K(74752K)->0K(72192K) From: 4340K(4608K)->6270K(6656K)
[642.563s][info][gc,heap     ] GC(55) ParOldGen: 77684K(175104K)->81950K(175104K)
[642.563s][info][gc,metaspace] GC(55) Metaspace: 5570K(5760K)->5570K(5760K) NonClass: 4744K(4864K)->4744K(4864K) Class: 825K(896K)->825K(896K)
[642.563s][info][gc          ] GC(55) Pause Young (Allocation Failure) 153M->86M(248M) 15.015ms
[642.563s][info][gc,cpu      ] GC(55) User=0.03s Sys=0.00s Real=0.02s
[652.619s][info][gc,start    ] GC(56) Pause Young (Allocation Failure)
[652.630s][info][gc,heap     ] GC(56) PSYoungGen: 78462K(78848K)->64K(72704K) Eden: 72192K(72192K)->0K(72192K) From: 6270K(6656K)->64K(512K)
[652.630s][info][gc,heap     ] GC(56) ParOldGen: 81950K(175104K)->88004K(175104K)
[652.630s][info][gc,metaspace] GC(56) Metaspace: 5570K(5760K)->5570K(5760K) NonClass: 4744K(4864K)->4744K(4864K) Class: 825K(896K)->825K(896K)
[652.630s][info][gc          ] GC(56) Pause Young (Allocation Failure) 156M->86M(242M) 11.271ms
[652.630s][info][gc,cpu      ] GC(56) User=0.01s Sys=0.01s Real=0.01s
[661.773s][info][gc,start    ] GC(57) Pause Young (Allocation Failure)
[661.776s][info][gc,heap     ] GC(57) PSYoungGen: 72256K(72704K)->320K(79872K) Eden: 72192K(72192K)->0K(72192K) From: 64K(512K)->320K(7680K)
[661.776s][info][gc,heap     ] GC(57) ParOldGen: 88004K(175104K)->88020K(175104K)
[661.776s][info][gc,metaspace] GC(57) Metaspace: 5570K(5760K)->5570K(5760K) NonClass: 4744K(4864K)->4744K(4864K) Class: 825K(896K)->825K(896K)
[661.776s][info][gc          ] GC(57) Pause Young (Allocation Failure) 156M->86M(249M) 2.560ms
[661.776s][info][gc,cpu      ] GC(57) User=0.00s Sys=0.00s Real=0.00s
[671.617s][info][gc,start    ] GC(58) Pause Young (Allocation Failure)
[671.619s][info][gc,heap     ] GC(58) PSYoungGen: 72512K(79872K)->320K(79360K) Eden: 72192K(72192K)->0K(72192K) From: 320K(7680K)->320K(7168K)
[671.619s][info][gc,heap     ] GC(58) ParOldGen: 88020K(175104K)->88284K(175104K)
[671.619s][info][gc,metaspace] GC(58) Metaspace: 5570K(5760K)->5570K(5760K) NonClass: 4744K(4864K)->4744K(4864K) Class: 825K(896K)->825K(896K)
[671.619s][info][gc          ] GC(58) Pause Young (Allocation Failure) 156M->86M(248M) 2.087ms
[671.619s][info][gc,cpu      ] GC(58) User=0.00s Sys=0.00s Real=0.01s
[680.937s][info][gc,start    ] GC(59) Pause Young (Allocation Failure)
[680.939s][info][gc,heap     ] GC(59) PSYoungGen: 72512K(79360K)->320K(80384K) Eden: 72192K(72192K)->0K(73216K) From: 320K(7168K)->320K(7168K)
[680.939s][info][gc,heap     ] GC(59) ParOldGen: 88284K(175104K)->88564K(175104K)
[680.939s][info][gc,metaspace] GC(59) Metaspace: 5570K(5760K)->5570K(5760K) NonClass: 4744K(4864K)->4744K(4864K) Class: 825K(896K)->825K(896K)
[680.939s][info][gc          ] GC(59) Pause Young (Allocation Failure) 157M->86M(249M) 1.884ms
[680.939s][info][gc,cpu      ] GC(59) User=0.00s Sys=0.00s Real=0.01s
[690.552s][info][gc,start    ] GC(60) Pause Young (Allocation Failure)
[690.554s][info][gc,heap     ] GC(60) PSYoungGen: 73536K(80384K)->288K(79872K) Eden: 73216K(73216K)->0K(73216K) From: 320K(7168K)->288K(6656K)
[690.554s][info][gc,heap     ] GC(60) ParOldGen: 88564K(175104K)->88820K(175104K)
[690.554s][info][gc,metaspace] GC(60) Metaspace: 5570K(5760K)->5570K(5760K) NonClass: 4744K(4864K)->4744K(4864K) Class: 825K(896K)->825K(896K)
[690.554s][info][gc          ] GC(60) Pause Young (Allocation Failure) 158M->87M(249M) 1.923ms
[690.554s][info][gc,cpu      ] GC(60) User=0.00s Sys=0.00s Real=0.00s
[699.812s][info][gc,start    ] GC(61) Pause Young (Allocation Failure)
[699.814s][info][gc,heap     ] GC(61) PSYoungGen: 73504K(79872K)->320K(80896K) Eden: 73216K(73216K)->0K(74752K) From: 288K(6656K)->320K(6144K)
[699.814s][info][gc,heap     ] GC(61) ParOldGen: 88820K(175104K)->89100K(175104K)
[699.814s][info][gc,metaspace] GC(61) Metaspace: 5570K(5760K)->5570K(5760K) NonClass: 4744K(4864K)->4744K(4864K) Class: 825K(896K)->825K(896K)
[699.814s][info][gc          ] GC(61) Pause Young (Allocation Failure) 158M->87M(250M) 1.855ms
[699.814s][info][gc,cpu      ] GC(61) User=0.00s Sys=0.00s Real=0.00s
[710.156s][info][gc,start    ] GC(62) Pause Young (Allocation Failure)
[710.159s][info][gc,heap     ] GC(62) PSYoungGen: 75072K(80896K)->320K(80896K) Eden: 74752K(74752K)->0K(74752K) From: 320K(6144K)->320K(6144K)
[710.159s][info][gc,heap     ] GC(62) ParOldGen: 89100K(175104K)->89364K(175104K)
[710.159s][info][gc,metaspace] GC(62) Metaspace: 5570K(5760K)->5570K(5760K) NonClass: 4744K(4864K)->4744K(4864K) Class: 825K(896K)->825K(896K)
[710.159s][info][gc          ] GC(62) Pause Young (Allocation Failure) 160M->87M(250M) 2.206ms
[710.159s][info][gc,cpu      ] GC(62) User=0.00s Sys=0.00s Real=0.01s
[719.934s][info][gc,start    ] GC(63) Pause Young (Allocation Failure)
[719.935s][info][gc,heap     ] GC(63) PSYoungGen: 75072K(80896K)->288K(81920K) Eden: 74752K(74752K)->0K(76288K) From: 320K(6144K)->288K(5632K)
[719.935s][info][gc,heap     ] GC(63) ParOldGen: 89364K(175104K)->89644K(175104K)
[719.935s][info][gc,metaspace] GC(63) Metaspace: 5570K(5760K)->5570K(5760K) NonClass: 4744K(4864K)->4744K(4864K) Class: 825K(896K)->825K(896K)
[719.935s][info][gc          ] GC(63) Pause Young (Allocation Failure) 160M->87M(251M) 1.749ms
[719.935s][info][gc,cpu      ] GC(63) User=0.00s Sys=0.00s Real=0.00s
[729.316s][info][gc,start    ] GC(64) Pause Young (Allocation Failure)
[729.319s][info][gc,heap     ] GC(64) PSYoungGen: 76576K(81920K)->1300K(81408K) Eden: 76288K(76288K)->0K(76288K) From: 288K(5632K)->1300K(5120K)
[729.319s][info][gc,heap     ] GC(64) ParOldGen: 89644K(175104K)->89908K(175104K)
[729.319s][info][gc,metaspace] GC(64) Metaspace: 5570K(5760K)->5570K(5760K) NonClass: 4745K(4864K)->4745K(4864K) Class: 825K(896K)->825K(896K)
[729.319s][info][gc          ] GC(64) Pause Young (Allocation Failure) 162M->89M(250M) 3.389ms
[729.319s][info][gc,cpu      ] GC(64) User=0.00s Sys=0.00s Real=0.01s
[743.029s][info][gc,start    ] GC(65) Pause Young (Allocation Failure)
[743.047s][info][gc,heap     ] GC(65) PSYoungGen: 77588K(81408K)->5113K(78848K) Eden: 76288K(76288K)->0K(73728K) From: 1300K(5120K)->5113K(5120K)
[743.047s][info][gc,heap     ] GC(65) ParOldGen: 89908K(175104K)->95286K(175104K)
[743.047s][info][gc,metaspace] GC(65) Metaspace: 5632K(5824K)->5632K(5824K) NonClass: 4805K(4928K)->4805K(4928K) Class: 827K(896K)->827K(896K)
[743.047s][info][gc          ] GC(65) Pause Young (Allocation Failure) 163M->98M(248M) 18.054ms
[743.048s][info][gc,cpu      ] GC(65) User=0.03s Sys=0.00s Real=0.01s
[753.484s][info][gc,start    ] GC(66) Pause Young (Allocation Failure)
[753.493s][info][gc,heap     ] GC(66) PSYoungGen: 78841K(78848K)->448K(72704K) Eden: 73728K(73728K)->0K(72192K) From: 5113K(5120K)->448K(512K)
[753.493s][info][gc,heap     ] GC(66) ParOldGen: 95286K(175104K)->100264K(175104K)
[753.493s][info][gc,metaspace] GC(66) Metaspace: 5633K(5824K)->5633K(5824K) NonClass: 4805K(4928K)->4805K(4928K) Class: 827K(896K)->827K(896K)
[753.493s][info][gc          ] GC(66) Pause Young (Allocation Failure) 170M->98M(242M) 9.425ms
[753.493s][info][gc,cpu      ] GC(66) User=0.02s Sys=0.00s Real=0.01s
[762.678s][info][gc,start    ] GC(67) Pause Young (Allocation Failure)
[762.680s][info][gc,heap     ] GC(67) PSYoungGen: 72640K(72704K)->320K(78848K) Eden: 72192K(72192K)->0K(71680K) From: 448K(512K)->320K(7168K)
[762.680s][info][gc,heap     ] GC(67) ParOldGen: 100264K(175104K)->100656K(175104K)
[762.680s][info][gc,metaspace] GC(67) Metaspace: 5633K(5824K)->5633K(5824K) NonClass: 4805K(4928K)->4805K(4928K) Class: 827K(896K)->827K(896K)
[762.680s][info][gc          ] GC(67) Pause Young (Allocation Failure) 168M->98M(248M) 1.912ms
[762.680s][info][gc,cpu      ] GC(67) User=0.00s Sys=0.00s Real=0.01s
[772.579s][info][gc,start    ] GC(68) Pause Young (Allocation Failure)
[772.584s][info][gc,heap     ] GC(68) PSYoungGen: 72000K(78848K)->320K(79360K) Eden: 71680K(71680K)->0K(71680K) From: 320K(7168K)->320K(7680K)
[772.584s][info][gc,heap     ] GC(68) ParOldGen: 100656K(175104K)->100928K(175104K)
[772.584s][info][gc,metaspace] GC(68) Metaspace: 5633K(5824K)->5633K(5824K) NonClass: 4805K(4928K)->4805K(4928K) Class: 827K(896K)->827K(896K)
[772.584s][info][gc          ] GC(68) Pause Young (Allocation Failure) 168M->98M(248M) 4.878ms
[772.584s][info][gc,cpu      ] GC(68) User=0.01s Sys=0.00s Real=0.00s
[782.094s][info][gc,start    ] GC(69) Pause Young (Allocation Failure)
[782.096s][info][gc,heap     ] GC(69) PSYoungGen: 72000K(79360K)->288K(80384K) Eden: 71680K(71680K)->0K(73216K) From: 320K(7680K)->288K(7168K)
[782.096s][info][gc,heap     ] GC(69) ParOldGen: 100928K(175104K)->101200K(175104K)
[782.096s][info][gc,metaspace] GC(69) Metaspace: 5633K(5824K)->5633K(5824K) NonClass: 4805K(4928K)->4805K(4928K) Class: 827K(896K)->827K(896K)
[782.096s][info][gc          ] GC(69) Pause Young (Allocation Failure) 168M->99M(249M) 1.788ms
[782.096s][info][gc,cpu      ] GC(69) User=0.00s Sys=0.00s Real=0.00s
[791.709s][info][gc,start    ] GC(70) Pause Young (Allocation Failure)
[791.711s][info][gc,heap     ] GC(70) PSYoungGen: 73504K(80384K)->320K(79872K) Eden: 73216K(73216K)->0K(73216K) From: 288K(7168K)->320K(6656K)
[791.711s][info][gc,heap     ] GC(70) ParOldGen: 101200K(175104K)->101456K(175104K)
[791.711s][info][gc,metaspace] GC(70) Metaspace: 5633K(5824K)->5633K(5824K) NonClass: 4805K(4928K)->4805K(4928K) Class: 827K(896K)->827K(896K)
[791.711s][info][gc          ] GC(70) Pause Young (Allocation Failure) 170M->99M(249M) 1.952ms
[791.711s][info][gc,cpu      ] GC(70) User=0.00s Sys=0.00s Real=0.00s
[801.351s][info][gc,start    ] GC(71) Pause Young (Allocation Failure)
[801.354s][info][gc,heap     ] GC(71) PSYoungGen: 73536K(79872K)->288K(80896K) Eden: 73216K(73216K)->0K(74240K) From: 320K(6656K)->288K(6656K)
[801.354s][info][gc,heap     ] GC(71) ParOldGen: 101456K(175104K)->101728K(175104K)
[801.354s][info][gc,metaspace] GC(71) Metaspace: 5633K(5824K)->5633K(5824K) NonClass: 4805K(4928K)->4805K(4928K) Class: 827K(896K)->827K(896K)
[801.354s][info][gc          ] GC(71) Pause Young (Allocation Failure) 170M->99M(250M) 2.239ms
[801.354s][info][gc,cpu      ] GC(71) User=0.00s Sys=0.00s Real=0.00s
[810.860s][info][gc,start    ] GC(72) Pause Young (Allocation Failure)
[810.864s][info][gc,heap     ] GC(72) PSYoungGen: 74528K(80896K)->288K(80384K) Eden: 74240K(74240K)->0K(74240K) From: 288K(6656K)->288K(6144K)
[810.864s][info][gc,heap     ] GC(72) ParOldGen: 101728K(175104K)->101984K(175104K)
[810.864s][info][gc,metaspace] GC(72) Metaspace: 5633K(5824K)->5633K(5824K) NonClass: 4805K(4928K)->4805K(4928K) Class: 827K(896K)->827K(896K)
[810.864s][info][gc          ] GC(72) Pause Young (Allocation Failure) 172M->99M(249M) 3.278ms
[810.864s][info][gc,cpu      ] GC(72) User=0.01s Sys=0.00s Real=0.00s
[820.893s][info][gc,start    ] GC(73) Pause Young (Allocation Failure)
[820.895s][info][gc,heap     ] GC(73) PSYoungGen: 74528K(80384K)->320K(81408K) Eden: 74240K(74240K)->0K(75776K) From: 288K(6144K)->320K(5632K)
[820.895s][info][gc,heap     ] GC(73) ParOldGen: 101984K(175104K)->102240K(175104K)
[820.895s][info][gc,metaspace] GC(73) Metaspace: 5633K(5824K)->5633K(5824K) NonClass: 4805K(4928K)->4805K(4928K) Class: 827K(896K)->827K(896K)
[820.895s][info][gc          ] GC(73) Pause Young (Allocation Failure) 172M->100M(250M) 2.309ms
[820.895s][info][gc,cpu      ] GC(73) User=0.00s Sys=0.00s Real=0.00s
[831.344s][info][gc,start    ] GC(74) Pause Young (Allocation Failure)
[831.346s][info][gc,heap     ] GC(74) PSYoungGen: 76096K(81408K)->320K(81408K) Eden: 75776K(75776K)->0K(75776K) From: 320K(5632K)->320K(5632K)
[831.346s][info][gc,heap     ] GC(74) ParOldGen: 102240K(175104K)->102512K(175104K)
[831.346s][info][gc,metaspace] GC(74) Metaspace: 5633K(5824K)->5633K(5824K) NonClass: 4805K(4928K)->4805K(4928K) Class: 827K(896K)->827K(896K)
[831.346s][info][gc          ] GC(74) Pause Young (Allocation Failure) 174M->100M(250M) 1.879ms
[831.346s][info][gc,cpu      ] GC(74) User=0.00s Sys=0.00s Real=0.00s
[844.984s][info][gc,start    ] GC(75) Pause Young (Allocation Failure)
[845.000s][info][gc,heap     ] GC(75) PSYoungGen: 76096K(81408K)->5098K(78848K) Eden: 75776K(75776K)->0K(73728K) From: 320K(5632K)->5098K(5120K)
[845.000s][info][gc,heap     ] GC(75) ParOldGen: 102512K(175104K)->107947K(175104K)
[845.000s][info][gc,metaspace] GC(75) Metaspace: 5637K(5824K)->5637K(5824K) NonClass: 4810K(4928K)->4810K(4928K) Class: 827K(896K)->827K(896K)
[845.000s][info][gc          ] GC(75) Pause Young (Allocation Failure) 174M->110M(248M) 16.761ms
[845.000s][info][gc,cpu      ] GC(75) User=0.03s Sys=0.01s Real=0.02s
[855.816s][info][gc,start    ] GC(76) Pause Young (Allocation Failure)
[855.829s][info][gc,heap     ] GC(76) PSYoungGen: 78826K(78848K)->448K(72704K) Eden: 73728K(73728K)->0K(72192K) From: 5098K(5120K)->448K(512K)
[855.829s][info][gc,heap     ] GC(76) ParOldGen: 107947K(175104K)->112945K(175104K)
[855.829s][info][gc,metaspace] GC(76) Metaspace: 5637K(5824K)->5637K(5824K) NonClass: 4810K(4928K)->4810K(4928K) Class: 827K(896K)->827K(896K)
[855.829s][info][gc          ] GC(76) Pause Young (Allocation Failure) 182M->110M(242M) 12.996ms
[855.829s][info][gc,cpu      ] GC(76) User=0.02s Sys=0.00s Real=0.02s
[865.403s][info][gc,start    ] GC(77) Pause Young (Allocation Failure)
[865.406s][info][gc,heap     ] GC(77) PSYoungGen: 72640K(72704K)->288K(78336K) Eden: 72192K(72192K)->0K(71680K) From: 448K(512K)->288K(6656K)
[865.406s][info][gc,heap     ] GC(77) ParOldGen: 112945K(175104K)->113337K(175104K)
[865.406s][info][gc,metaspace] GC(77) Metaspace: 5637K(5824K)->5637K(5824K) NonClass: 4810K(4928K)->4810K(4928K) Class: 827K(896K)->827K(896K)
[865.406s][info][gc          ] GC(77) Pause Young (Allocation Failure) 181M->110M(247M) 2.087ms
[865.406s][info][gc,cpu      ] GC(77) User=0.01s Sys=0.00s Real=0.00s
[876.106s][info][gc,start    ] GC(78) Pause Young (Allocation Failure)
[876.108s][info][gc,heap     ] GC(78) PSYoungGen: 71968K(78336K)->288K(79360K) Eden: 71680K(71680K)->0K(71680K) From: 288K(6656K)->288K(7680K)
[876.108s][info][gc,heap     ] GC(78) ParOldGen: 113337K(175104K)->113601K(175104K)
[876.108s][info][gc,metaspace] GC(78) Metaspace: 5637K(5824K)->5637K(5824K) NonClass: 4810K(4928K)->4810K(4928K) Class: 827K(896K)->827K(896K)
[876.108s][info][gc          ] GC(78) Pause Young (Allocation Failure) 180M->111M(248M) 2.036ms
[876.108s][info][gc,cpu      ] GC(78) User=0.01s Sys=0.00s Real=0.01s
[887.476s][info][gc,start    ] GC(79) Pause Young (Allocation Failure)
[887.478s][info][gc,heap     ] GC(79) PSYoungGen: 71968K(79360K)->288K(79872K) Eden: 71680K(71680K)->0K(72704K) From: 288K(7680K)->288K(7168K)
[887.478s][info][gc,heap     ] GC(79) ParOldGen: 113601K(175104K)->113873K(175104K)
[887.478s][info][gc,metaspace] GC(79) Metaspace: 5637K(5824K)->5637K(5824K) NonClass: 4810K(4928K)->4810K(4928K) Class: 827K(896K)->827K(896K)
[887.478s][info][gc          ] GC(79) Pause Young (Allocation Failure) 181M->111M(249M) 2.059ms
[887.478s][info][gc,cpu      ] GC(79) User=0.01s Sys=0.00s Real=0.00s
[898.326s][info][gc,start    ] GC(80) Pause Young (Allocation Failure)
[898.328s][info][gc,heap     ] GC(80) PSYoungGen: 72992K(79872K)->320K(79872K) Eden: 72704K(72704K)->0K(72704K) From: 288K(7168K)->320K(7168K)
[898.328s][info][gc,heap     ] GC(80) ParOldGen: 113873K(175104K)->114137K(175104K)
[898.328s][info][gc,metaspace] GC(80) Metaspace: 5637K(5824K)->5637K(5824K) NonClass: 4810K(4928K)->4810K(4928K) Class: 827K(896K)->827K(896K)
[898.328s][info][gc          ] GC(80) Pause Young (Allocation Failure) 182M->111M(249M) 2.039ms
[898.328s][info][gc,cpu      ] GC(80) User=0.00s Sys=0.00s Real=0.01s
[909.166s][info][gc,start    ] GC(81) Pause Young (Allocation Failure)
[909.168s][info][gc,heap     ] GC(81) PSYoungGen: 73024K(79872K)->320K(80896K) Eden: 72704K(72704K)->0K(74240K) From: 320K(7168K)->320K(6656K)
[909.168s][info][gc,heap     ] GC(81) ParOldGen: 114137K(175104K)->114409K(175104K)
[909.168s][info][gc,metaspace] GC(81) Metaspace: 5637K(5824K)->5637K(5824K) NonClass: 4810K(4928K)->4810K(4928K) Class: 827K(896K)->827K(896K)
[909.168s][info][gc          ] GC(81) Pause Young (Allocation Failure) 182M->112M(250M) 2.044ms
[909.168s][info][gc,cpu      ] GC(81) User=0.00s Sys=0.00s Real=0.00s
[920.037s][info][gc,start    ] GC(82) Pause Young (Allocation Failure)
[920.039s][info][gc,heap     ] GC(82) PSYoungGen: 74560K(80896K)->320K(80384K) Eden: 74240K(74240K)->0K(74240K) From: 320K(6656K)->320K(6144K)
[920.039s][info][gc,heap     ] GC(82) ParOldGen: 114409K(175104K)->114673K(175104K)
[920.039s][info][gc,metaspace] GC(82) Metaspace: 5637K(5824K)->5637K(5824K) NonClass: 4810K(4928K)->4810K(4928K) Class: 827K(896K)->827K(896K)
[920.039s][info][gc          ] GC(82) Pause Young (Allocation Failure) 184M->112M(249M) 2.207ms
[920.039s][info][gc,cpu      ] GC(82) User=0.01s Sys=0.00s Real=0.01s
[930.805s][info][gc,start    ] GC(83) Pause Young (Allocation Failure)
[930.807s][info][gc,heap     ] GC(83) PSYoungGen: 74560K(80384K)->320K(81408K) Eden: 74240K(74240K)->0K(75264K) From: 320K(6144K)->320K(6144K)
[930.807s][info][gc,heap     ] GC(83) ParOldGen: 114673K(175104K)->114937K(175104K)
[930.807s][info][gc,metaspace] GC(83) Metaspace: 5637K(5824K)->5637K(5824K) NonClass: 4810K(4928K)->4810K(4928K) Class: 827K(896K)->827K(896K)
[930.807s][info][gc          ] GC(83) Pause Young (Allocation Failure) 184M->112M(250M) 1.919ms
[930.807s][info][gc,cpu      ] GC(83) User=0.00s Sys=0.00s Real=0.00s
[941.508s][info][gc,start    ] GC(84) Pause Young (Allocation Failure)
[941.512s][info][gc,heap     ] GC(84) PSYoungGen: 75584K(81408K)->288K(80896K) Eden: 75264K(75264K)->0K(75264K) From: 320K(6144K)->288K(5632K)
[941.512s][info][gc,heap     ] GC(84) ParOldGen: 114937K(175104K)->115193K(175104K)
[941.512s][info][gc,metaspace] GC(84) Metaspace: 5637K(5824K)->5637K(5824K) NonClass: 4810K(4928K)->4810K(4928K) Class: 827K(896K)->827K(896K)
[941.512s][info][gc          ] GC(84) Pause Young (Allocation Failure) 186M->112M(250M) 3.903ms
[941.512s][info][gc,cpu      ] GC(84) User=0.00s Sys=0.00s Real=0.01s
[955.975s][info][gc,start    ] GC(85) Pause Young (Allocation Failure)
[955.993s][info][gc,heap     ] GC(85) PSYoungGen: 75552K(80896K)->5114K(78848K) Eden: 75264K(75264K)->0K(73728K) From: 288K(5632K)->5114K(5120K)
[955.993s][info][gc,heap     ] GC(85) ParOldGen: 115193K(175104K)->120672K(175104K)
[955.993s][info][gc,metaspace] GC(85) Metaspace: 5648K(5824K)->5648K(5824K) NonClass: 4821K(4928K)->4821K(4928K) Class: 827K(896K)->827K(896K)
[955.993s][info][gc          ] GC(85) Pause Young (Allocation Failure) 186M->122M(248M) 17.951ms
[955.993s][info][gc,cpu      ] GC(85) User=0.03s Sys=0.00s Real=0.02s
[967.941s][info][gc,start    ] GC(86) Pause Young (Allocation Failure)
[967.954s][info][gc,heap     ] GC(86) PSYoungGen: 78842K(78848K)->64K(72704K) Eden: 73728K(73728K)->0K(72192K) From: 5114K(5120K)->64K(512K)
[967.954s][info][gc,heap     ] GC(86) ParOldGen: 120672K(175104K)->125629K(175104K)
[967.954s][info][gc,metaspace] GC(86) Metaspace: 5648K(5824K)->5648K(5824K) NonClass: 4821K(4928K)->4821K(4928K) Class: 827K(896K)->827K(896K)
[967.954s][info][gc          ] GC(86) Pause Young (Allocation Failure) 194M->122M(242M) 13.389ms
[967.954s][info][gc,cpu      ] GC(86) User=0.02s Sys=0.00s Real=0.01s
[978.306s][info][gc,start    ] GC(87) Pause Young (Allocation Failure)
[978.308s][info][gc,heap     ] GC(87) PSYoungGen: 72256K(72704K)->320K(78336K) Eden: 72192K(72192K)->0K(71680K) From: 64K(512K)->320K(6656K)
[978.308s][info][gc,heap     ] GC(87) ParOldGen: 125629K(175104K)->125637K(175104K)
[978.308s][info][gc,metaspace] GC(87) Metaspace: 5648K(5824K)->5648K(5824K) NonClass: 4821K(4928K)->4821K(4928K) Class: 827K(896K)->827K(896K)
[978.308s][info][gc          ] GC(87) Pause Young (Allocation Failure) 193M->123M(247M) 1.728ms
[978.308s][info][gc,cpu      ] GC(87) User=0.00s Sys=0.00s Real=0.00s
[989.322s][info][gc,start    ] GC(88) Pause Young (Allocation Failure)
[989.324s][info][gc,heap     ] GC(88) PSYoungGen: 72000K(78336K)->320K(79360K) Eden: 71680K(71680K)->0K(71680K) From: 320K(6656K)->320K(7680K)
[989.324s][info][gc,heap     ] GC(88) ParOldGen: 125637K(175104K)->125917K(175104K)
[989.324s][info][gc,metaspace] GC(88) Metaspace: 5648K(5824K)->5648K(5824K) NonClass: 4821K(4928K)->4821K(4928K) Class: 827K(896K)->827K(896K)
[989.324s][info][gc          ] GC(88) Pause Young (Allocation Failure) 193M->123M(248M) 2.131ms
[989.324s][info][gc,cpu      ] GC(88) User=0.00s Sys=0.01s Real=0.00s
[1000.211s][info][gc,start    ] GC(89) Pause Young (Allocation Failure)
[1000.213s][info][gc,heap     ] GC(89) PSYoungGen: 72000K(79360K)->288K(79872K) Eden: 71680K(71680K)->0K(72704K) From: 320K(7680K)->288K(7168K)
[1000.213s][info][gc,heap     ] GC(89) ParOldGen: 125917K(175104K)->126189K(175104K)
[1000.213s][info][gc,metaspace] GC(89) Metaspace: 5648K(5824K)->5648K(5824K) NonClass: 4821K(4928K)->4821K(4928K) Class: 827K(896K)->827K(896K)
[1000.213s][info][gc          ] GC(89) Pause Young (Allocation Failure) 193M->123M(249M) 1.961ms
[1000.213s][info][gc,cpu      ] GC(89) User=0.00s Sys=0.00s Real=0.00s
[1010.525s][info][gc,start    ] GC(90) Pause Young (Allocation Failure)
[1010.527s][info][gc,heap     ] GC(90) PSYoungGen: 72992K(79872K)->320K(79872K) Eden: 72704K(72704K)->0K(72704K) From: 288K(7168K)->320K(7168K)
[1010.527s][info][gc,heap     ] GC(90) ParOldGen: 126189K(175104K)->126453K(175104K)
[1010.527s][info][gc,metaspace] GC(90) Metaspace: 5648K(5824K)->5648K(5824K) NonClass: 4821K(4928K)->4821K(4928K) Class: 827K(896K)->827K(896K)
[1010.527s][info][gc          ] GC(90) Pause Young (Allocation Failure) 194M->123M(249M) 2.115ms
[1010.527s][info][gc,cpu      ] GC(90) User=0.00s Sys=0.00s Real=0.00s
[1020.896s][info][gc,start    ] GC(91) Pause Young (Allocation Failure)
[1020.898s][info][gc,heap     ] GC(91) PSYoungGen: 73024K(79872K)->320K(80896K) Eden: 72704K(72704K)->0K(74240K) From: 320K(7168K)->320K(6656K)
[1020.898s][info][gc,heap     ] GC(91) ParOldGen: 126453K(175104K)->126725K(175104K)
[1020.898s][info][gc,metaspace] GC(91) Metaspace: 5648K(5824K)->5648K(5824K) NonClass: 4821K(4928K)->4821K(4928K) Class: 827K(896K)->827K(896K)
[1020.898s][info][gc          ] GC(91) Pause Young (Allocation Failure) 194M->124M(250M) 2.024ms
[1020.898s][info][gc,cpu      ] GC(91) User=0.00s Sys=0.00s Real=0.00s
[1031.655s][info][gc,start    ] GC(92) Pause Young (Allocation Failure)
[1031.657s][info][gc,heap     ] GC(92) PSYoungGen: 74560K(80896K)->352K(80384K) Eden: 74240K(74240K)->0K(74240K) From: 320K(6656K)->352K(6144K)
[1031.657s][info][gc,heap     ] GC(92) ParOldGen: 126725K(175104K)->126989K(175104K)
[1031.657s][info][gc,metaspace] GC(92) Metaspace: 5648K(5824K)->5648K(5824K) NonClass: 4821K(4928K)->4821K(4928K) Class: 827K(896K)->827K(896K)
[1031.657s][info][gc          ] GC(92) Pause Young (Allocation Failure) 196M->124M(249M) 1.969ms
[1031.657s][info][gc,cpu      ] GC(92) User=0.01s Sys=0.00s Real=0.00s
[1042.525s][info][gc,start    ] GC(93) Pause Young (Allocation Failure)
[1042.528s][info][gc,heap     ] GC(93) PSYoungGen: 74592K(80384K)->256K(81408K) Eden: 74240K(74240K)->0K(75264K) From: 352K(6144K)->256K(6144K)
[1042.528s][info][gc,heap     ] GC(93) ParOldGen: 126989K(175104K)->127261K(175104K)
[1042.528s][info][gc,metaspace] GC(93) Metaspace: 5648K(5824K)->5648K(5824K) NonClass: 4821K(4928K)->4821K(4928K) Class: 827K(896K)->827K(896K)
[1042.528s][info][gc          ] GC(93) Pause Young (Allocation Failure) 196M->124M(250M) 2.128ms
[1042.528s][info][gc,cpu      ] GC(93) User=0.01s Sys=0.00s Real=0.00s
[1053.942s][info][gc,start    ] GC(94) Pause Young (Allocation Failure)
[1053.945s][info][gc,heap     ] GC(94) PSYoungGen: 75520K(81408K)->320K(80896K) Eden: 75264K(75264K)->0K(75264K) From: 256K(6144K)->320K(5632K)
[1053.945s][info][gc,heap     ] GC(94) ParOldGen: 127261K(175104K)->127509K(175104K)
[1053.945s][info][gc,metaspace] GC(94) Metaspace: 5648K(5824K)->5648K(5824K) NonClass: 4821K(4928K)->4821K(4928K) Class: 827K(896K)->827K(896K)
[1053.945s][info][gc          ] GC(94) Pause Young (Allocation Failure) 198M->124M(250M) 3.004ms
[1053.945s][info][gc,cpu      ] GC(94) User=0.00s Sys=0.00s Real=0.00s
[1068.759s][info][gc,start    ] GC(95) Pause Young (Allocation Failure)
[1068.778s][info][gc,heap     ] GC(95) PSYoungGen: 75584K(80896K)->5093K(78848K) Eden: 75264K(75264K)->0K(73728K) From: 320K(5632K)->5093K(5120K)
[1068.778s][info][gc,heap     ] GC(95) ParOldGen: 127509K(175104K)->132975K(175104K)
[1068.778s][info][gc,metaspace] GC(95) Metaspace: 5651K(5824K)->5651K(5824K) NonClass: 4824K(4928K)->4824K(4928K) Class: 827K(896K)->827K(896K)
[1068.779s][info][gc          ] GC(95) Pause Young (Allocation Failure) 198M->134M(248M) 19.832ms
[1068.779s][info][gc,cpu      ] GC(95) User=0.03s Sys=0.01s Real=0.02s
[1082.494s][info][gc,start    ] GC(96) Pause Young (Allocation Failure)
[1082.506s][info][gc,heap     ] GC(96) PSYoungGen: 78821K(78848K)->64K(72704K) Eden: 73728K(73728K)->0K(72192K) From: 5093K(5120K)->64K(512K)
[1082.506s][info][gc,heap     ] GC(96) ParOldGen: 132975K(175104K)->137947K(175104K)
[1082.506s][info][gc,metaspace] GC(96) Metaspace: 5651K(5824K)->5651K(5824K) NonClass: 4824K(4928K)->4824K(4928K) Class: 827K(896K)->827K(896K)
[1082.506s][info][gc          ] GC(96) Pause Young (Allocation Failure) 206M->134M(242M) 11.713ms
[1082.506s][info][gc,cpu      ] GC(96) User=0.02s Sys=0.01s Real=0.01s
[1093.323s][info][gc,start    ] GC(97) Pause Young (Allocation Failure)
[1093.325s][info][gc,heap     ] GC(97) PSYoungGen: 72256K(72704K)->320K(78336K) Eden: 72192K(72192K)->0K(71680K) From: 64K(512K)->320K(6656K)
[1093.325s][info][gc,heap     ] GC(97) ParOldGen: 137947K(175104K)->137955K(175104K)
[1093.325s][info][gc,metaspace] GC(97) Metaspace: 5651K(5824K)->5651K(5824K) NonClass: 4824K(4928K)->4824K(4928K) Class: 827K(896K)->827K(896K)
[1093.325s][info][gc          ] GC(97) Pause Young (Allocation Failure) 205M->135M(247M) 1.759ms
[1093.325s][info][gc,cpu      ] GC(97) User=0.00s Sys=0.00s Real=0.00s
[1104.375s][info][gc,start    ] GC(98) Pause Young (Allocation Failure)
[1104.378s][info][gc,heap     ] GC(98) PSYoungGen: 72000K(78336K)->320K(79360K) Eden: 71680K(71680K)->0K(71680K) From: 320K(6656K)->320K(7680K)
[1104.378s][info][gc,heap     ] GC(98) ParOldGen: 137955K(175104K)->138243K(175104K)
[1104.378s][info][gc,metaspace] GC(98) Metaspace: 5651K(5824K)->5651K(5824K) NonClass: 4824K(4928K)->4824K(4928K) Class: 827K(896K)->827K(896K)
[1104.378s][info][gc          ] GC(98) Pause Young (Allocation Failure) 205M->135M(248M) 2.822ms
[1104.378s][info][gc,cpu      ] GC(98) User=0.01s Sys=0.00s Real=0.00s
[1115.045s][info][gc,start    ] GC(99) Pause Young (Allocation Failure)
[1115.048s][info][gc,heap     ] GC(99) PSYoungGen: 72000K(79360K)->288K(79872K) Eden: 71680K(71680K)->0K(72704K) From: 320K(7680K)->288K(7168K)
[1115.048s][info][gc,heap     ] GC(99) ParOldGen: 138243K(175104K)->138507K(175104K)
[1115.048s][info][gc,metaspace] GC(99) Metaspace: 5651K(5824K)->5651K(5824K) NonClass: 4824K(4928K)->4824K(4928K) Class: 827K(896K)->827K(896K)
[1115.048s][info][gc          ] GC(99) Pause Young (Allocation Failure) 205M->135M(249M) 3.320ms
[1115.048s][info][gc,cpu      ] GC(99) User=0.01s Sys=0.00s Real=0.00s
[1126.113s][info][gc,start    ] GC(100) Pause Young (Allocation Failure)
[1126.115s][info][gc,heap     ] GC(100) PSYoungGen: 72992K(79872K)->320K(79872K) Eden: 72704K(72704K)->0K(72704K) From: 288K(7168K)->320K(7168K)
[1126.115s][info][gc,heap     ] GC(100) ParOldGen: 138507K(175104K)->138771K(175104K)
[1126.115s][info][gc,metaspace] GC(100) Metaspace: 5651K(5824K)->5651K(5824K) NonClass: 4824K(4928K)->4824K(4928K) Class: 827K(896K)->827K(896K)
[1126.115s][info][gc          ] GC(100) Pause Young (Allocation Failure) 206M->135M(249M) 2.273ms
[1126.115s][info][gc,cpu      ] GC(100) User=0.00s Sys=0.00s Real=0.00s
[1137.279s][info][gc,start    ] GC(101) Pause Young (Allocation Failure)
[1137.282s][info][gc,heap     ] GC(101) PSYoungGen: 73024K(79872K)->320K(80896K) Eden: 72704K(72704K)->0K(74240K) From: 320K(7168K)->320K(6656K)
[1137.282s][info][gc,heap     ] GC(101) ParOldGen: 138771K(175104K)->139043K(175104K)
[1137.282s][info][gc,metaspace] GC(101) Metaspace: 5651K(5824K)->5651K(5824K) NonClass: 4824K(4928K)->4824K(4928K) Class: 827K(896K)->827K(896K)
[1137.282s][info][gc          ] GC(101) Pause Young (Allocation Failure) 206M->136M(250M) 2.933ms
[1137.282s][info][gc,cpu      ] GC(101) User=0.01s Sys=0.00s Real=0.00s
[1148.040s][info][gc,start    ] GC(102) Pause Young (Allocation Failure)
[1148.042s][info][gc,heap     ] GC(102) PSYoungGen: 74559K(80896K)->320K(80384K) Eden: 74239K(74240K)->0K(74240K) From: 320K(6656K)->320K(6144K)
[1148.043s][info][gc,heap     ] GC(102) ParOldGen: 139043K(175104K)->139315K(175104K)
[1148.043s][info][gc,metaspace] GC(102) Metaspace: 5651K(5824K)->5651K(5824K) NonClass: 4824K(4928K)->4824K(4928K) Class: 827K(896K)->827K(896K)
[1148.043s][info][gc          ] GC(102) Pause Young (Allocation Failure) 208M->136M(249M) 2.502ms
[1148.043s][info][gc,cpu      ] GC(102) User=0.00s Sys=0.00s Real=0.00s
[1159.122s][info][gc,start    ] GC(103) Pause Young (Allocation Failure)
[1159.125s][info][gc,heap     ] GC(103) PSYoungGen: 74560K(80384K)->320K(81408K) Eden: 74240K(74240K)->0K(75264K) From: 320K(6144K)->320K(6144K)
[1159.125s][info][gc,heap     ] GC(103) ParOldGen: 139315K(175104K)->139587K(175104K)
[1159.125s][info][gc,metaspace] GC(103) Metaspace: 5651K(5824K)->5651K(5824K) NonClass: 4824K(4928K)->4824K(4928K) Class: 827K(896K)->827K(896K)
[1159.125s][info][gc          ] GC(103) Pause Young (Allocation Failure) 208M->136M(250M) 3.042ms
[1159.126s][info][gc,cpu      ] GC(103) User=0.01s Sys=0.00s Real=0.00s
[1170.362s][info][gc,start    ] GC(104) Pause Young (Allocation Failure)
[1170.364s][info][gc,heap     ] GC(104) PSYoungGen: 75584K(81408K)->320K(80896K) Eden: 75264K(75264K)->0K(75264K) From: 320K(6144K)->320K(5632K)
[1170.364s][info][gc,heap     ] GC(104) ParOldGen: 139587K(175104K)->139859K(175104K)
[1170.364s][info][gc,metaspace] GC(104) Metaspace: 5651K(5824K)->5651K(5824K) NonClass: 4824K(4928K)->4824K(4928K) Class: 827K(896K)->827K(896K)
[1170.364s][info][gc          ] GC(104) Pause Young (Allocation Failure) 210M->136M(250M) 2.033ms
[1170.364s][info][gc,cpu      ] GC(104) User=0.00s Sys=0.00s Real=0.00s
[1173.986s][info][gc,heap,exit] Heap
[1173.986s][info][gc,heap,exit]  PSYoungGen      total 80896K, used 24825K [0x00000000eba00000, 0x00000000f0f00000, 0x0000000100000000)
[1173.986s][info][gc,heap,exit]   eden space 75264K, 32% used [0x00000000eba00000,0x00000000ed1ee5c8,0x00000000f0380000)
[1173.986s][info][gc,heap,exit]   from space 5632K, 5% used [0x00000000f0380000,0x00000000f03d0000,0x00000000f0900000)
[1173.986s][info][gc,heap,exit]   to   space 5120K, 0% used [0x00000000f0a00000,0x00000000f0a00000,0x00000000f0f00000)
[1173.986s][info][gc,heap,exit]  ParOldGen       total 175104K, used 139859K [0x00000000c2e00000, 0x00000000cd900000, 0x00000000eba00000)
[1173.986s][info][gc,heap,exit]   object space 175104K, 79% used [0x00000000c2e00000,0x00000000cb694fc0,0x00000000cd900000)
[1173.986s][info][gc,heap,exit]  Metaspace       used 5726K, committed 5888K, reserved 1114112K
[1173.986s][info][gc,heap,exit]   class space    used 840K, committed 896K, reserved 1048576K
