[14503.411s][info][gc,heap        ] GC(31649) PSYoungGen: 81792K(83456K)->1376K(83968K) Eden: 80896K(80896K)->0K(80896K) From: 896K(2560K)->1376K(3072K)
[14503.411s][info][gc,heap        ] GC(31649) ParOldGen: 185457K(185856K)->185513K(185856K)
[14503.411s][info][gc,metaspace   ] GC(31649) Metaspace: 62356K(62592K)->62356K(62592K) NonClass: 53310K(53504K)->53310K(53504K) Class: 9046K(9088K)->9046K(9088K)
[14503.411s][info][gc             ] GC(31649) Pause Young (Allocation Failure) 260M->182M(263M) 10.103ms
[14503.411s][info][gc,cpu         ] GC(31649) User=0.01s Sys=0.00s Real=0.01s
[14503.826s][info][gc,start       ] GC(31650) Pause Young (Allocation Failure)
[14503.828s][info][gc,heap        ] GC(31650) PSYoungGen: 82272K(83968K)->256K(83968K) Eden: 80896K(80896K)->0K(80896K) From: 1376K(3072K)->256K(3072K)
[14503.828s][info][gc,heap        ] GC(31650) ParOldGen: 185513K(185856K)->185569K(185856K)
[14503.828s][info][gc,metaspace   ] GC(31650) Metaspace: 62356K(62592K)->62356K(62592K) NonClass: 53310K(53504K)->53310K(53504K) Class: 9046K(9088K)->9046K(9088K)
[14503.828s][info][gc             ] GC(31650) Pause Young (Allocation Failure) 261M->181M(263M) 1.581ms
[14503.828s][info][gc,cpu         ] GC(31650) User=0.00s Sys=0.00s Real=0.00s
[14504.236s][info][gc,start       ] GC(31651) Pause Young (Allocation Failure)
[14504.237s][info][gc,heap        ] GC(31651) PSYoungGen: 81152K(83968K)->416K(83968K) Eden: 80896K(80896K)->0K(80896K) From: 256K(3072K)->416K(3072K)
[14504.237s][info][gc,heap        ] GC(31651) ParOldGen: 185569K(185856K)->185617K(185856K)
[14504.237s][info][gc,metaspace   ] GC(31651) Metaspace: 62356K(62592K)->62356K(62592K) NonClass: 53310K(53504K)->53310K(53504K) Class: 9046K(9088K)->9046K(9088K)
[14504.237s][info][gc             ] GC(31651) Pause Young (Allocation Failure) 260M->181M(263M) 1.729ms
[14504.237s][info][gc,cpu         ] GC(31651) User=0.00s Sys=0.00s Real=0.01s
[14504.628s][info][gc,start       ] GC(31652) Pause Young (Allocation Failure)
[14504.630s][info][gc,heap        ] GC(31652) PSYoungGen: 81312K(83968K)->288K(84480K) Eden: 80896K(80896K)->0K(81408K) From: 416K(3072K)->288K(3072K)
[14504.630s][info][gc,heap        ] GC(31652) ParOldGen: 185617K(185856K)->185665K(185856K)
[14504.630s][info][gc,metaspace   ] GC(31652) Metaspace: 62356K(62592K)->62356K(62592K) NonClass: 53310K(53504K)->53310K(53504K) Class: 9046K(9088K)->9046K(9088K)
[14504.630s][info][gc             ] GC(31652) Pause Young (Allocation Failure) 260M->181M(264M) 1.667ms
[14504.630s][info][gc,cpu         ] GC(31652) User=0.00s Sys=0.00s Real=0.00s
[14505.009s][info][gc,start       ] GC(31653) Pause Young (Allocation Failure)
[14505.012s][info][gc,heap        ] GC(31653) PSYoungGen: 81696K(84480K)->1600K(83968K) Eden: 81408K(81408K)->0K(81408K) From: 288K(3072K)->1600K(2560K)
[14505.012s][info][gc,heap        ] GC(31653) ParOldGen: 185665K(185856K)->185721K(185856K)
[14505.012s][info][gc,metaspace   ] GC(31653) Metaspace: 62356K(62592K)->62356K(62592K) NonClass: 53310K(53504K)->53310K(53504K) Class: 9046K(9088K)->9046K(9088K)
[14505.012s][info][gc             ] GC(31653) Pause Young (Allocation Failure) 261M->182M(263M) 2.858ms
[14505.012s][info][gc,cpu         ] GC(31653) User=0.01s Sys=0.00s Real=0.00s
[14505.410s][info][gc,start       ] GC(31654) Pause Young (Allocation Failure)
[14505.413s][info][gc,heap        ] GC(31654) PSYoungGen: 83008K(83968K)->1600K(83968K) Eden: 81408K(81408K)->0K(80896K) From: 1600K(2560K)->1600K(3072K)
[14505.413s][info][gc,heap        ] GC(31654) ParOldGen: 185721K(185856K)->185777K(185856K)
[14505.413s][info][gc,metaspace   ] GC(31654) Metaspace: 62356K(62592K)->62356K(62592K) NonClass: 53310K(53504K)->53310K(53504K) Class: 9046K(9088K)->9046K(9088K)
[14505.413s][info][gc             ] GC(31654) Pause Young (Allocation Failure) 262M->182M(263M) 2.843ms
[14505.413s][info][gc,cpu         ] GC(31654) User=0.01s Sys=0.00s Real=0.00s
[14505.779s][info][gc,start       ] GC(31655) Pause Young (Allocation Failure)
[14505.782s][info][gc,heap        ] GC(31655) PSYoungGen: 82496K(83968K)->1088K(83968K) Eden: 80896K(80896K)->0K(80896K) From: 1600K(3072K)->1088K(3072K)
[14505.782s][info][gc,heap        ] GC(31655) ParOldGen: 185777K(185856K)->185833K(185856K)
[14505.782s][info][gc,metaspace   ] GC(31655) Metaspace: 62356K(62592K)->62356K(62592K) NonClass: 53310K(53504K)->53310K(53504K) Class: 9046K(9088K)->9046K(9088K)
[14505.782s][info][gc             ] GC(31655) Pause Young (Allocation Failure) 261M->182M(263M) 2.350ms
[14505.782s][info][gc,cpu         ] GC(31655) User=0.00s Sys=0.00s Real=0.00s
[14506.198s][info][gc,start       ] GC(31656) Pause Young (Allocation Failure)
[14506.201s][info][gc,heap        ] GC(31656) PSYoungGen: 81984K(83968K)->1312K(84480K) Eden: 80896K(80896K)->0K(81920K) From: 1088K(3072K)->1312K(2560K)
[14506.201s][info][gc,heap        ] GC(31656) ParOldGen: 185833K(185856K)->185889K(186368K)
[14506.201s][info][gc,metaspace   ] GC(31656) Metaspace: 62356K(62592K)->62356K(62592K) NonClass: 53310K(53504K)->53310K(53504K) Class: 9046K(9088K)->9046K(9088K)
[14506.201s][info][gc             ] GC(31656) Pause Young (Allocation Failure) 261M->182M(264M) 2.595ms
[14506.201s][info][gc,cpu         ] GC(31656) User=0.01s Sys=0.00s Real=0.00s
[14506.620s][info][gc,start       ] GC(31657) Pause Young (Allocation Failure)
[14506.623s][info][gc,heap        ] GC(31657) PSYoungGen: 83232K(84480K)->1632K(84480K) Eden: 81920K(81920K)->0K(81920K) From: 1312K(2560K)->1632K(2560K)
[14506.623s][info][gc,heap        ] GC(31657) ParOldGen: 185889K(186368K)->185945K(186368K)
[14506.623s][info][gc,metaspace   ] GC(31657) Metaspace: 62356K(62592K)->62356K(62592K) NonClass: 53310K(53504K)->53310K(53504K) Class: 9046K(9088K)->9046K(9088K)
[14506.623s][info][gc             ] GC(31657) Pause Young (Allocation Failure) 262M->183M(264M) 2.913ms
[14506.623s][info][gc,cpu         ] GC(31657) User=0.01s Sys=0.00s Real=0.00s
[14507.070s][info][gc,start       ] GC(31658) Pause Young (Allocation Failure)
[14507.072s][info][gc,heap        ] GC(31658) PSYoungGen: 83552K(84480K)->976K(84480K) Eden: 81920K(81920K)->0K(81920K) From: 1632K(2560K)->976K(2560K)
[14507.072s][info][gc,heap        ] GC(31658) ParOldGen: 185945K(186368K)->186001K(186368K)
[14507.072s][info][gc,metaspace   ] GC(31658) Metaspace: 62356K(62592K)->62356K(62592K) NonClass: 53310K(53504K)->53310K(53504K) Class: 9046K(9088K)->9046K(9088K)
[14507.072s][info][gc             ] GC(31658) Pause Young (Allocation Failure) 263M->182M(264M) 2.280ms
[14507.072s][info][gc,cpu         ] GC(31658) User=0.00s Sys=0.00s Real=0.00s
[14507.478s][info][gc,start       ] GC(31659) Pause Young (Allocation Failure)
[14507.481s][info][gc,heap        ] GC(31659) PSYoungGen: 82896K(84480K)->1088K(84480K) Eden: 81920K(81920K)->0K(81920K) From: 976K(2560K)->1088K(2560K)
[14507.481s][info][gc,heap        ] GC(31659) ParOldGen: 186001K(186368K)->186105K(186368K)
[14507.481s][info][gc,metaspace   ] GC(31659) Metaspace: 62356K(62592K)->62356K(62592K) NonClass: 53310K(53504K)->53310K(53504K) Class: 9046K(9088K)->9046K(9088K)
[14507.481s][info][gc             ] GC(31659) Pause Young (Allocation Failure) 262M->182M(264M) 2.389ms
[14507.481s][info][gc,cpu         ] GC(31659) User=0.00s Sys=0.00s Real=0.00s
[14507.864s][info][gc,start       ] GC(31660) Pause Young (Allocation Failure)
[14507.867s][info][gc,heap        ] GC(31660) PSYoungGen: 83008K(84480K)->960K(84480K) Eden: 81920K(81920K)->0K(81920K) From: 1088K(2560K)->960K(2560K)
[14507.867s][info][gc,heap        ] GC(31660) ParOldGen: 186105K(186368K)->186161K(186368K)
[14507.867s][info][gc,metaspace   ] GC(31660) Metaspace: 62356K(62592K)->62356K(62592K) NonClass: 53310K(53504K)->53310K(53504K) Class: 9046K(9088K)->9046K(9088K)
[14507.867s][info][gc             ] GC(31660) Pause Young (Allocation Failure) 262M->182M(264M) 2.271ms
[14507.867s][info][gc,cpu         ] GC(31660) User=0.01s Sys=0.00s Real=0.01s
[14508.325s][info][gc,start       ] GC(31661) Pause Young (Allocation Failure)
[14508.326s][info][gc,heap        ] GC(31661) PSYoungGen: 82880K(84480K)->224K(84480K) Eden: 81920K(81920K)->0K(81920K) From: 960K(2560K)->224K(2560K)
[14508.326s][info][gc,heap        ] GC(31661) ParOldGen: 186161K(186368K)->186209K(186368K)
[14508.326s][info][gc,metaspace   ] GC(31661) Metaspace: 62356K(62592K)->62356K(62592K) NonClass: 53310K(53504K)->53310K(53504K) Class: 9046K(9088K)->9046K(9088K)
[14508.326s][info][gc             ] GC(31661) Pause Young (Allocation Failure) 262M->182M(264M) 1.597ms
[14508.326s][info][gc,cpu         ] GC(31661) User=0.00s Sys=0.00s Real=0.01s
[14508.754s][info][gc,start       ] GC(31662) Pause Young (Allocation Failure)
[14508.756s][info][gc,heap        ] GC(31662) PSYoungGen: 82144K(84480K)->672K(84480K) Eden: 81920K(81920K)->0K(81920K) From: 224K(2560K)->672K(2560K)
[14508.756s][info][gc,heap        ] GC(31662) ParOldGen: 186209K(186368K)->186257K(186368K)
[14508.756s][info][gc,metaspace   ] GC(31662) Metaspace: 62356K(62592K)->62356K(62592K) NonClass: 53310K(53504K)->53310K(53504K) Class: 9046K(9088K)->9046K(9088K)
[14508.756s][info][gc             ] GC(31662) Pause Young (Allocation Failure) 262M->182M(264M) 1.946ms
[14508.756s][info][gc,cpu         ] GC(31662) User=0.00s Sys=0.00s Real=0.01s
[14509.196s][info][gc,start       ] GC(31663) Pause Young (Allocation Failure)
[14509.198s][info][gc,heap        ] GC(31663) PSYoungGen: 82592K(84480K)->1216K(84480K) Eden: 81920K(81920K)->0K(81920K) From: 672K(2560K)->1216K(2560K)
[14509.198s][info][gc,heap        ] GC(31663) ParOldGen: 186257K(186368K)->186313K(186368K)
[14509.198s][info][gc,metaspace   ] GC(31663) Metaspace: 62356K(62592K)->62356K(62592K) NonClass: 53310K(53504K)->53310K(53504K) Class: 9046K(9088K)->9046K(9088K)
[14509.198s][info][gc             ] GC(31663) Pause Young (Allocation Failure) 262M->183M(264M) 2.436ms
[14509.198s][info][gc,cpu         ] GC(31663) User=0.00s Sys=0.00s Real=0.00s
[14509.642s][info][gc,start       ] GC(31664) Pause Young (Allocation Failure)
[14509.644s][info][gc,heap        ] GC(31664) PSYoungGen: 83136K(84480K)->512K(84480K) Eden: 81920K(81920K)->0K(81920K) From: 1216K(2560K)->512K(2560K)
[14509.644s][info][gc,heap        ] GC(31664) ParOldGen: 186313K(186368K)->186361K(186368K)
[14509.644s][info][gc,metaspace   ] GC(31664) Metaspace: 62356K(62592K)->62356K(62592K) NonClass: 53310K(53504K)->53310K(53504K) Class: 9046K(9088K)->9046K(9088K)
[14509.644s][info][gc             ] GC(31664) Pause Young (Allocation Failure) 263M->182M(264M) 1.885ms
[14509.644s][info][gc,cpu         ] GC(31664) User=0.00s Sys=0.00s Real=0.00s
[14510.047s][info][gc,start       ] GC(31665) Pause Young (Allocation Failure)
[14510.049s][info][gc,heap        ] GC(31665) PSYoungGen: 82432K(84480K)->576K(84480K) Eden: 81920K(81920K)->0K(81920K) From: 512K(2560K)->576K(2560K)
[14510.049s][info][gc,heap        ] GC(31665) ParOldGen: 186361K(186368K)->186417K(186880K)
[14510.049s][info][gc,metaspace   ] GC(31665) Metaspace: 62356K(62592K)->62356K(62592K) NonClass: 53310K(53504K)->53310K(53504K) Class: 9046K(9088K)->9046K(9088K)
[14510.049s][info][gc             ] GC(31665) Pause Young (Allocation Failure) 262M->182M(265M) 1.945ms
[14510.049s][info][gc,cpu         ] GC(31665) User=0.00s Sys=0.00s Real=0.00s
[14510.464s][info][gc,start       ] GC(31666) Pause Young (Allocation Failure)
[14510.467s][info][gc,heap        ] GC(31666) PSYoungGen: 82496K(84480K)->864K(84992K) Eden: 81920K(81920K)->0K(82432K) From: 576K(2560K)->864K(2560K)
[14510.467s][info][gc,heap        ] GC(31666) ParOldGen: 186417K(186880K)->186465K(186880K)
[14510.467s][info][gc,metaspace   ] GC(31666) Metaspace: 62356K(62592K)->62356K(62592K) NonClass: 53310K(53504K)->53310K(53504K) Class: 9046K(9088K)->9046K(9088K)
[14510.467s][info][gc             ] GC(31666) Pause Young (Allocation Failure) 262M->182M(265M) 2.168ms
[14510.467s][info][gc,cpu         ] GC(31666) User=0.01s Sys=0.00s Real=0.01s
[14510.911s][info][gc,start       ] GC(31667) Pause Young (Allocation Failure)
[14510.914s][info][gc,heap        ] GC(31667) PSYoungGen: 83296K(84992K)->1344K(84480K) Eden: 82432K(82432K)->0K(82432K) From: 864K(2560K)->1344K(2048K)
[14510.914s][info][gc,heap        ] GC(31667) ParOldGen: 186465K(186880K)->186521K(186880K)
[14510.914s][info][gc,metaspace   ] GC(31667) Metaspace: 62356K(62592K)->62356K(62592K) NonClass: 53310K(53504K)->53310K(53504K) Class: 9046K(9088K)->9046K(9088K)
[14510.914s][info][gc             ] GC(31667) Pause Young (Allocation Failure) 263M->183M(265M) 2.600ms
[14510.914s][info][gc,cpu         ] GC(31667) User=0.01s Sys=0.01s Real=0.00s
[14511.334s][info][gc,start       ] GC(31668) Pause Young (Allocation Failure)
[14511.336s][info][gc,heap        ] GC(31668) PSYoungGen: 83776K(84480K)->1408K(83968K) Eden: 82432K(82432K)->0K(81920K) From: 1344K(2048K)->1408K(2048K)
[14511.336s][info][gc,heap        ] GC(31668) ParOldGen: 186521K(186880K)->188626K(189952K)
[14511.336s][info][gc,metaspace   ] GC(31668) Metaspace: 62356K(62592K)->62356K(62592K) NonClass: 53310K(53504K)->53310K(53504K) Class: 9046K(9088K)->9046K(9088K)
[14511.336s][info][gc             ] GC(31668) Pause Young (Allocation Failure) 263M->185M(267M) 2.922ms
[14511.336s][info][gc,cpu         ] GC(31668) User=0.00s Sys=0.00s Real=0.01s
[14511.778s][info][gc,start       ] GC(31669) Pause Young (Allocation Failure)
[14511.780s][info][gc,heap        ] GC(31669) PSYoungGen: 83328K(83968K)->992K(84480K) Eden: 81920K(81920K)->0K(81920K) From: 1408K(2048K)->992K(2560K)
[14511.780s][info][gc,heap        ] GC(31669) ParOldGen: 188626K(189952K)->189706K(189952K)
[14511.780s][info][gc,metaspace   ] GC(31669) Metaspace: 62356K(62592K)->62356K(62592K) NonClass: 53310K(53504K)->53310K(53504K) Class: 9046K(9088K)->9046K(9088K)
[14511.780s][info][gc             ] GC(31669) Pause Young (Allocation Failure) 265M->186M(268M) 2.701ms
[14511.780s][info][gc,cpu         ] GC(31669) User=0.00s Sys=0.00s Real=0.00s
[14512.209s][info][gc,start       ] GC(31670) Pause Young (Allocation Failure)
[14512.213s][info][gc,heap        ] GC(31670) PSYoungGen: 82912K(84480K)->1504K(83968K) Eden: 81920K(81920K)->0K(81920K) From: 992K(2560K)->1504K(2048K)
[14512.213s][info][gc,heap        ] GC(31670) ParOldGen: 189706K(189952K)->189762K(189952K)
[14512.213s][info][gc,metaspace   ] GC(31670) Metaspace: 62356K(62592K)->62356K(62592K) NonClass: 53310K(53504K)->53310K(53504K) Class: 9046K(9088K)->9046K(9088K)
[14512.213s][info][gc             ] GC(31670) Pause Young (Allocation Failure) 266M->186M(267M) 4.030ms
[14512.213s][info][gc,cpu         ] GC(31670) User=0.00s Sys=0.00s Real=0.00s
[14512.624s][info][gc,start       ] GC(31671) Pause Young (Allocation Failure)
[14512.626s][info][gc,heap        ] GC(31671) PSYoungGen: 83424K(83968K)->224K(84480K) Eden: 81920K(81920K)->0K(81920K) From: 1504K(2048K)->224K(2560K)
[14512.626s][info][gc,heap        ] GC(31671) ParOldGen: 189762K(189952K)->189818K(189952K)
[14512.626s][info][gc,metaspace   ] GC(31671) Metaspace: 62356K(62592K)->62356K(62592K) NonClass: 53310K(53504K)->53310K(53504K) Class: 9046K(9088K)->9046K(9088K)
[14512.626s][info][gc             ] GC(31671) Pause Young (Allocation Failure) 266M->185M(268M) 1.597ms
[14512.626s][info][gc,cpu         ] GC(31671) User=0.01s Sys=0.00s Real=0.01s
[14513.049s][info][gc,start       ] GC(31672) Pause Young (Allocation Failure)
[14513.051s][info][gc,heap        ] GC(31672) PSYoungGen: 82144K(84480K)->640K(84992K) Eden: 81920K(81920K)->0K(82432K) From: 224K(2560K)->640K(2560K)
[14513.051s][info][gc,heap        ] GC(31672) ParOldGen: 189818K(189952K)->189874K(189952K)
[14513.051s][info][gc,metaspace   ] GC(31672) Metaspace: 62356K(62592K)->62356K(62592K) NonClass: 53310K(53504K)->53310K(53504K) Class: 9046K(9088K)->9046K(9088K)
[14513.051s][info][gc             ] GC(31672) Pause Young (Allocation Failure) 265M->186M(268M) 1.945ms
[14513.051s][info][gc,cpu         ] GC(31672) User=0.00s Sys=0.00s Real=0.00s
[14513.450s][info][gc,start       ] GC(31673) Pause Young (Allocation Failure)
[14513.452s][info][gc,heap        ] GC(31673) PSYoungGen: 83072K(84992K)->608K(84480K) Eden: 82432K(82432K)->0K(82432K) From: 640K(2560K)->608K(2048K)
[14513.452s][info][gc,heap        ] GC(31673) ParOldGen: 189874K(189952K)->189930K(189952K)
[14513.452s][info][gc,metaspace   ] GC(31673) Metaspace: 62356K(62592K)->62356K(62592K) NonClass: 53310K(53504K)->53310K(53504K) Class: 9046K(9088K)->9046K(9088K)
[14513.452s][info][gc             ] GC(31673) Pause Young (Allocation Failure) 266M->186M(268M) 1.912ms
[14513.452s][info][gc,cpu         ] GC(31673) User=0.01s Sys=0.00s Real=0.00s
[14513.851s][info][gc,start       ] GC(31674) Pause Young (Allocation Failure)
[14513.853s][info][gc,heap        ] GC(31674) PSYoungGen: 83040K(84480K)->672K(84992K) Eden: 82432K(82432K)->0K(82944K) From: 608K(2048K)->672K(2048K)
[14513.853s][info][gc,heap        ] GC(31674) ParOldGen: 189930K(189952K)->189978K(190464K)
[14513.853s][info][gc,metaspace   ] GC(31674) Metaspace: 62356K(62592K)->62356K(62592K) NonClass: 53310K(53504K)->53310K(53504K) Class: 9046K(9088K)->9046K(9088K)
[14513.853s][info][gc             ] GC(31674) Pause Young (Allocation Failure) 266M->186M(269M) 2.013ms
[14513.853s][info][gc,cpu         ] GC(31674) User=0.01s Sys=0.00s Real=0.00s
[14514.327s][info][gc,start       ] GC(31675) Pause Young (Allocation Failure)
[14514.329s][info][gc,heap        ] GC(31675) PSYoungGen: 83616K(84992K)->304K(84992K) Eden: 82944K(82944K)->0K(82944K) From: 672K(2048K)->304K(2048K)
[14514.329s][info][gc,heap        ] GC(31675) ParOldGen: 189978K(190464K)->190034K(190464K)
[14514.329s][info][gc,metaspace   ] GC(31675) Metaspace: 62356K(62592K)->62356K(62592K) NonClass: 53310K(53504K)->53310K(53504K) Class: 9046K(9088K)->9046K(9088K)
[14514.329s][info][gc             ] GC(31675) Pause Young (Allocation Failure) 267M->185M(269M) 1.714ms
[14514.329s][info][gc,cpu         ] GC(31675) User=0.01s Sys=0.00s Real=0.00s
[14514.769s][info][gc,start       ] GC(31676) Pause Young (Allocation Failure)
[14514.771s][info][gc,heap        ] GC(31676) PSYoungGen: 83248K(84992K)->896K(84992K) Eden: 82944K(82944K)->0K(82944K) From: 304K(2048K)->896K(2048K)
[14514.771s][info][gc,heap        ] GC(31676) ParOldGen: 190034K(190464K)->190130K(190464K)
[14514.771s][info][gc,metaspace   ] GC(31676) Metaspace: 62356K(62592K)->62356K(62592K) NonClass: 53310K(53504K)->53310K(53504K) Class: 9046K(9088K)->9046K(9088K)
[14514.771s][info][gc             ] GC(31676) Pause Young (Allocation Failure) 266M->186M(269M) 2.197ms
[14514.771s][info][gc,cpu         ] GC(31676) User=0.00s Sys=0.00s Real=0.00s
[14515.220s][info][gc,start       ] GC(31677) Pause Young (Allocation Failure)
[14515.222s][info][gc,heap        ] GC(31677) PSYoungGen: 83840K(84992K)->1568K(84992K) Eden: 82944K(82944K)->0K(82944K) From: 896K(2048K)->1568K(2048K)
[14515.222s][info][gc,heap        ] GC(31677) ParOldGen: 190130K(190464K)->190186K(190464K)
[14515.222s][info][gc,metaspace   ] GC(31677) Metaspace: 62356K(62592K)->62356K(62592K) NonClass: 53310K(53504K)->53310K(53504K) Class: 9046K(9088K)->9046K(9088K)
[14515.222s][info][gc             ] GC(31677) Pause Young (Allocation Failure) 267M->187M(269M) 2.743ms
[14515.222s][info][gc,cpu         ] GC(31677) User=0.00s Sys=0.00s Real=0.00s
[14515.658s][info][gc,start       ] GC(31678) Pause Young (Allocation Failure)
[14515.660s][info][gc,heap        ] GC(31678) PSYoungGen: 84512K(84992K)->736K(84992K) Eden: 82944K(82944K)->0K(82944K) From: 1568K(2048K)->736K(2048K)
[14515.660s][info][gc,heap        ] GC(31678) ParOldGen: 190186K(190464K)->190234K(190464K)
[14515.660s][info][gc,metaspace   ] GC(31678) Metaspace: 62356K(62592K)->62356K(62592K) NonClass: 53310K(53504K)->53310K(53504K) Class: 9046K(9088K)->9046K(9088K)
[14515.660s][info][gc             ] GC(31678) Pause Young (Allocation Failure) 268M->186M(269M) 2.061ms
[14515.660s][info][gc,cpu         ] GC(31678) User=0.00s Sys=0.00s Real=0.00s
[14516.102s][info][gc,start       ] GC(31679) Pause Young (Allocation Failure)
[14516.105s][info][gc,heap        ] GC(31679) PSYoungGen: 83680K(84992K)->1344K(84992K) Eden: 82944K(82944K)->0K(82944K) From: 736K(2048K)->1344K(2048K)
[14516.105s][info][gc,heap        ] GC(31679) ParOldGen: 190234K(190464K)->190290K(190464K)
[14516.105s][info][gc,metaspace   ] GC(31679) Metaspace: 62356K(62592K)->62356K(62592K) NonClass: 53310K(53504K)->53310K(53504K) Class: 9046K(9088K)->9046K(9088K)
[14516.105s][info][gc             ] GC(31679) Pause Young (Allocation Failure) 267M->187M(269M) 2.754ms
[14516.105s][info][gc,cpu         ] GC(31679) User=0.01s Sys=0.00s Real=0.00s
[14516.537s][info][gc,start       ] GC(31680) Pause Young (Allocation Failure)
[14516.538s][info][gc,heap        ] GC(31680) PSYoungGen: 84288K(84992K)->448K(84992K) Eden: 82944K(82944K)->0K(82944K) From: 1344K(2048K)->448K(2048K)
[14516.538s][info][gc,heap        ] GC(31680) ParOldGen: 190290K(190464K)->190338K(190464K)
[14516.538s][info][gc,metaspace   ] GC(31680) Metaspace: 62356K(62592K)->62356K(62592K) NonClass: 53310K(53504K)->53310K(53504K) Class: 9046K(9088K)->9046K(9088K)
[14516.538s][info][gc             ] GC(31680) Pause Young (Allocation Failure) 268M->186M(269M) 1.790ms
[14516.538s][info][gc,cpu         ] GC(31680) User=0.00s Sys=0.00s Real=0.00s
[14516.953s][info][gc,start       ] GC(31681) Pause Young (Allocation Failure)
[14516.955s][info][gc,heap        ] GC(31681) PSYoungGen: 83392K(84992K)->736K(84992K) Eden: 82944K(82944K)->0K(82944K) From: 448K(2048K)->736K(2048K)
[14516.955s][info][gc,heap        ] GC(31681) ParOldGen: 190338K(190464K)->190394K(190464K)
[14516.955s][info][gc,metaspace   ] GC(31681) Metaspace: 62356K(62592K)->62356K(62592K) NonClass: 53310K(53504K)->53310K(53504K) Class: 9046K(9088K)->9046K(9088K)
[14516.955s][info][gc             ] GC(31681) Pause Young (Allocation Failure) 267M->186M(269M) 2.022ms
[14516.955s][info][gc,cpu         ] GC(31681) User=0.00s Sys=0.00s Real=0.00s
[14517.368s][info][gc,start       ] GC(31682) Pause Young (Allocation Failure)
[14517.370s][info][gc,heap        ] GC(31682) PSYoungGen: 83680K(84992K)->768K(84992K) Eden: 82944K(82944K)->0K(82944K) From: 736K(2048K)->768K(2048K)
[14517.370s][info][gc,heap        ] GC(31682) ParOldGen: 190394K(190464K)->190442K(190464K)
[14517.370s][info][gc,metaspace   ] GC(31682) Metaspace: 62356K(62592K)->62356K(62592K) NonClass: 53310K(53504K)->53310K(53504K) Class: 9046K(9088K)->9046K(9088K)
[14517.370s][info][gc             ] GC(31682) Pause Young (Allocation Failure) 267M->186M(269M) 2.127ms
[14517.370s][info][gc,cpu         ] GC(31682) User=0.00s Sys=0.00s Real=0.00s
[14517.812s][info][gc,start       ] GC(31683) Pause Young (Allocation Failure)
[14517.815s][info][gc,heap        ] GC(31683) PSYoungGen: 83712K(84992K)->1792K(84992K) Eden: 82944K(82944K)->0K(82944K) From: 768K(2048K)->1792K(2048K)
[14517.815s][info][gc,heap        ] GC(31683) ParOldGen: 190442K(190464K)->190498K(190976K)
[14517.815s][info][gc,metaspace   ] GC(31683) Metaspace: 62356K(62592K)->62356K(62592K) NonClass: 53310K(53504K)->53310K(53504K) Class: 9046K(9088K)->9046K(9088K)
[14517.815s][info][gc             ] GC(31683) Pause Young (Allocation Failure) 267M->187M(269M) 2.991ms
[14517.815s][info][gc,cpu         ] GC(31683) User=0.00s Sys=0.00s Real=0.00s
[14518.168s][info][gc,start       ] GC(31684) Pause Young (Allocation Failure)
[14518.170s][info][gc,heap        ] GC(31684) PSYoungGen: 84736K(84992K)->1056K(84992K) Eden: 82944K(82944K)->0K(82944K) From: 1792K(2048K)->1056K(2048K)
[14518.170s][info][gc,heap        ] GC(31684) ParOldGen: 190498K(190976K)->190554K(190976K)
[14518.170s][info][gc,metaspace   ] GC(31684) Metaspace: 62356K(62592K)->62356K(62592K) NonClass: 53310K(53504K)->53310K(53504K) Class: 9046K(9088K)->9046K(9088K)
[14518.170s][info][gc             ] GC(31684) Pause Young (Allocation Failure) 268M->187M(269M) 2.263ms
[14518.170s][info][gc,cpu         ] GC(31684) User=0.01s Sys=0.00s Real=0.00s
[14518.549s][info][gc,start       ] GC(31685) Pause Young (Allocation Failure)
[14518.551s][info][gc,heap        ] GC(31685) PSYoungGen: 84000K(84992K)->672K(84992K) Eden: 82944K(82944K)->0K(82944K) From: 1056K(2048K)->672K(2048K)
[14518.551s][info][gc,heap        ] GC(31685) ParOldGen: 190554K(190976K)->190610K(190976K)
[14518.551s][info][gc,metaspace   ] GC(31685) Metaspace: 62356K(62592K)->62356K(62592K) NonClass: 53310K(53504K)->53310K(53504K) Class: 9046K(9088K)->9046K(9088K)
[14518.551s][info][gc             ] GC(31685) Pause Young (Allocation Failure) 268M->186M(269M) 1.976ms
[14518.551s][info][gc,cpu         ] GC(31685) User=0.01s Sys=0.00s Real=0.00s
[14518.995s][info][gc,start       ] GC(31686) Pause Young (Allocation Failure)
[14518.998s][info][gc,heap        ] GC(31686) PSYoungGen: 83616K(84992K)->1280K(84992K) Eden: 82944K(82944K)->0K(82944K) From: 672K(2048K)->1280K(2048K)
[14518.998s][info][gc,heap        ] GC(31686) ParOldGen: 190610K(190976K)->190658K(190976K)
[14518.998s][info][gc,metaspace   ] GC(31686) Metaspace: 62356K(62592K)->62356K(62592K) NonClass: 53310K(53504K)->53310K(53504K) Class: 9046K(9088K)->9046K(9088K)
[14518.998s][info][gc             ] GC(31686) Pause Young (Allocation Failure) 267M->187M(269M) 2.556ms
[14518.998s][info][gc,cpu         ] GC(31686) User=0.01s Sys=0.00s Real=0.01s
[14519.461s][info][gc,start       ] GC(31687) Pause Young (Allocation Failure)
[14519.463s][info][gc,heap        ] GC(31687) PSYoungGen: 84224K(84992K)->736K(84992K) Eden: 82944K(82944K)->0K(82944K) From: 1280K(2048K)->736K(2048K)
[14519.463s][info][gc,heap        ] GC(31687) ParOldGen: 190658K(190976K)->190714K(190976K)
[14519.463s][info][gc,metaspace   ] GC(31687) Metaspace: 62356K(62592K)->62356K(62592K) NonClass: 53310K(53504K)->53310K(53504K) Class: 9046K(9088K)->9046K(9088K)
[14519.463s][info][gc             ] GC(31687) Pause Young (Allocation Failure) 268M->186M(269M) 2.035ms
[14519.463s][info][gc,cpu         ] GC(31687) User=0.00s Sys=0.00s Real=0.00s
[14519.913s][info][gc,start       ] GC(31688) Pause Young (Allocation Failure)
[14519.915s][info][gc,heap        ] GC(31688) PSYoungGen: 83680K(84992K)->1504K(84992K) Eden: 82944K(82944K)->0K(82944K) From: 736K(2048K)->1504K(2048K)
[14519.915s][info][gc,heap        ] GC(31688) ParOldGen: 190714K(190976K)->190770K(190976K)
[14519.915s][info][gc,metaspace   ] GC(31688) Metaspace: 62356K(62592K)->62356K(62592K) NonClass: 53310K(53504K)->53310K(53504K) Class: 9046K(9088K)->9046K(9088K)
[14519.916s][info][gc             ] GC(31688) Pause Young (Allocation Failure) 267M->187M(269M) 2.727ms
[14519.916s][info][gc,cpu         ] GC(31688) User=0.00s Sys=0.00s Real=0.00s
[14520.310s][info][gc,start       ] GC(31689) Pause Young (Allocation Failure)
[14520.313s][info][gc,heap        ] GC(31689) PSYoungGen: 84448K(84992K)->2016K(84992K) Eden: 82944K(82944K)->0K(82944K) From: 1504K(2048K)->2016K(2048K)
[14520.313s][info][gc,heap        ] GC(31689) ParOldGen: 190770K(190976K)->191402K(191488K)
[14520.313s][info][gc,metaspace   ] GC(31689) Metaspace: 62356K(62592K)->62356K(62592K) NonClass: 53310K(53504K)->53310K(53504K) Class: 9046K(9088K)->9046K(9088K)
[14520.313s][info][gc             ] GC(31689) Pause Young (Allocation Failure) 268M->188M(270M) 3.235ms
[14520.313s][info][gc,cpu         ] GC(31689) User=0.00s Sys=0.00s Real=0.00s
[14520.715s][info][gc,start       ] GC(31690) Pause Young (Allocation Failure)
[14520.718s][info][gc,heap        ] GC(31690) PSYoungGen: 84960K(84992K)->1760K(82944K) Eden: 82944K(82944K)->0K(80896K) From: 2016K(2048K)->1760K(2048K)
[14520.719s][info][gc,heap        ] GC(31690) ParOldGen: 191402K(191488K)->192442K(193024K)
[14520.719s][info][gc,metaspace   ] GC(31690) Metaspace: 62356K(62592K)->62356K(62592K) NonClass: 53310K(53504K)->53310K(53504K) Class: 9046K(9088K)->9046K(9088K)
[14520.719s][info][gc             ] GC(31690) Pause Young (Allocation Failure) 269M->189M(269M) 3.380ms
[14520.719s][info][gc,cpu         ] GC(31690) User=0.01s Sys=0.00s Real=0.01s
[14521.166s][info][gc,start       ] GC(31691) Pause Young (Allocation Failure)
[14521.168s][info][gc,heap        ] GC(31691) PSYoungGen: 82656K(82944K)->880K(83968K) Eden: 80896K(80896K)->0K(80896K) From: 1760K(2048K)->880K(3072K)
[14521.168s][info][gc,heap        ] GC(31691) ParOldGen: 192442K(193024K)->192538K(193024K)
[14521.168s][info][gc,metaspace   ] GC(31691) Metaspace: 62356K(62592K)->62356K(62592K) NonClass: 53310K(53504K)->53310K(53504K) Class: 9046K(9088K)->9046K(9088K)
[14521.168s][info][gc             ] GC(31691) Pause Young (Allocation Failure) 268M->188M(270M) 2.247ms
[14521.168s][info][gc,cpu         ] GC(31691) User=0.01s Sys=0.00s Real=0.01s
[14521.593s][info][gc,start       ] GC(31692) Pause Young (Allocation Failure)
[14521.596s][info][gc,heap        ] GC(31692) PSYoungGen: 81776K(83968K)->1216K(84480K) Eden: 80896K(80896K)->0K(81920K) From: 880K(3072K)->1216K(2560K)
[14521.596s][info][gc,heap        ] GC(31692) ParOldGen: 192538K(193024K)->192650K(193024K)
[14521.596s][info][gc,metaspace   ] GC(31692) Metaspace: 62356K(62592K)->62356K(62592K) NonClass: 53310K(53504K)->53310K(53504K) Class: 9046K(9088K)->9046K(9088K)
[14521.596s][info][gc             ] GC(31692) Pause Young (Allocation Failure) 267M->189M(271M) 2.602ms
[14521.596s][info][gc,cpu         ] GC(31692) User=0.00s Sys=0.00s Real=0.01s
[14522.036s][info][gc,start       ] GC(31693) Pause Young (Allocation Failure)
[14522.038s][info][gc,heap        ] GC(31693) PSYoungGen: 83136K(84480K)->416K(84480K) Eden: 81920K(81920K)->0K(81920K) From: 1216K(2560K)->416K(2560K)
[14522.038s][info][gc,heap        ] GC(31693) ParOldGen: 192650K(193024K)->192698K(193024K)
[14522.038s][info][gc,metaspace   ] GC(31693) Metaspace: 62356K(62592K)->62356K(62592K) NonClass: 53310K(53504K)->53310K(53504K) Class: 9046K(9088K)->9046K(9088K)
[14522.038s][info][gc             ] GC(31693) Pause Young (Allocation Failure) 269M->188M(271M) 1.820ms
[14522.038s][info][gc,cpu         ] GC(31693) User=0.00s Sys=0.00s Real=0.01s
[14522.478s][info][gc,start       ] GC(31694) Pause Young (Allocation Failure)
[14522.481s][info][gc,heap        ] GC(31694) PSYoungGen: 82336K(84480K)->992K(84480K) Eden: 81920K(81920K)->0K(81920K) From: 416K(2560K)->992K(2560K)
[14522.481s][info][gc,heap        ] GC(31694) ParOldGen: 192698K(193024K)->192746K(193024K)
[14522.481s][info][gc,metaspace   ] GC(31694) Metaspace: 62356K(62592K)->62356K(62592K) NonClass: 53310K(53504K)->53310K(53504K) Class: 9046K(9088K)->9046K(9088K)
[14522.481s][info][gc             ] GC(31694) Pause Young (Allocation Failure) 268M->189M(271M) 2.273ms
[14522.481s][info][gc,cpu         ] GC(31694) User=0.01s Sys=0.00s Real=0.00s
[14522.919s][info][gc,start       ] GC(31695) Pause Young (Allocation Failure)
[14522.922s][info][gc,heap        ] GC(31695) PSYoungGen: 82912K(84480K)->1600K(84480K) Eden: 81920K(81920K)->0K(81920K) From: 992K(2560K)->1600K(2560K)
[14522.922s][info][gc,heap        ] GC(31695) ParOldGen: 192746K(193024K)->192802K(193024K)
[14522.922s][info][gc,metaspace   ] GC(31695) Metaspace: 62356K(62592K)->62356K(62592K) NonClass: 53310K(53504K)->53310K(53504K) Class: 9046K(9088K)->9046K(9088K)
[14522.922s][info][gc             ] GC(31695) Pause Young (Allocation Failure) 269M->189M(271M) 3.060ms
[14522.922s][info][gc,cpu         ] GC(31695) User=0.01s Sys=0.00s Real=0.00s
[14523.352s][info][gc,start       ] GC(31696) Pause Young (Allocation Failure)
[14523.354s][info][gc,heap        ] GC(31696) PSYoungGen: 83520K(84480K)->608K(84480K) Eden: 81920K(81920K)->0K(81920K) From: 1600K(2560K)->608K(2560K)
[14523.354s][info][gc,heap        ] GC(31696) ParOldGen: 192802K(193024K)->192858K(193024K)
[14523.354s][info][gc,metaspace   ] GC(31696) Metaspace: 62356K(62592K)->62356K(62592K) NonClass: 53310K(53504K)->53310K(53504K) Class: 9046K(9088K)->9046K(9088K)
[14523.354s][info][gc             ] GC(31696) Pause Young (Allocation Failure) 269M->188M(271M) 1.979ms
[14523.354s][info][gc,cpu         ] GC(31696) User=0.00s Sys=0.00s Real=0.00s
[14523.772s][info][gc,start       ] GC(31697) Pause Young (Allocation Failure)
[14523.774s][info][gc,heap        ] GC(31697) PSYoungGen: 82528K(84480K)->928K(84480K) Eden: 81920K(81920K)->0K(81920K) From: 608K(2560K)->928K(2560K)
[14523.774s][info][gc,heap        ] GC(31697) ParOldGen: 192858K(193024K)->192906K(193024K)
[14523.774s][info][gc,metaspace   ] GC(31697) Metaspace: 62356K(62592K)->62356K(62592K) NonClass: 53310K(53504K)->53310K(53504K) Class: 9046K(9088K)->9046K(9088K)
[14523.774s][info][gc             ] GC(31697) Pause Young (Allocation Failure) 268M->189M(271M) 2.206ms
[14523.774s][info][gc,cpu         ] GC(31697) User=0.00s Sys=0.00s Real=0.00s
[14524.196s][info][gc,start       ] GC(31698) Pause Young (Allocation Failure)
[14524.199s][info][gc,heap        ] GC(31698) PSYoungGen: 82848K(84480K)->1376K(84480K) Eden: 81920K(81920K)->0K(81920K) From: 928K(2560K)->1376K(2560K)
[14524.199s][info][gc,heap        ] GC(31698) ParOldGen: 192906K(193024K)->192954K(193024K)
[14524.199s][info][gc,metaspace   ] GC(31698) Metaspace: 62356K(62592K)->62356K(62592K) NonClass: 53310K(53504K)->53310K(53504K) Class: 9046K(9088K)->9046K(9088K)
[14524.199s][info][gc             ] GC(31698) Pause Young (Allocation Failure) 269M->189M(271M) 2.656ms
[14524.199s][info][gc,cpu         ] GC(31698) User=0.01s Sys=0.00s Real=0.00s
[14524.626s][info][gc,start       ] GC(31699) Pause Young (Allocation Failure)
[14524.628s][info][gc,heap        ] GC(31699) PSYoungGen: 83296K(84480K)->224K(84480K) Eden: 81920K(81920K)->0K(81920K) From: 1376K(2560K)->224K(2560K)
[14524.628s][info][gc,heap        ] GC(31699) ParOldGen: 192954K(193024K)->193010K(193024K)
[14524.628s][info][gc,metaspace   ] GC(31699) Metaspace: 62356K(62592K)->62356K(62592K) NonClass: 53310K(53504K)->53310K(53504K) Class: 9046K(9088K)->9046K(9088K)
[14524.628s][info][gc             ] GC(31699) Pause Young (Allocation Failure) 269M->188M(271M) 1.591ms
[14524.628s][info][gc,cpu         ] GC(31699) User=0.01s Sys=0.00s Real=0.00s
[14525.069s][info][gc,start       ] GC(31700) Pause Young (Allocation Failure)
[14525.071s][info][gc,heap        ] GC(31700) PSYoungGen: 82144K(84480K)->1920K(84480K) Eden: 81920K(81920K)->0K(81920K) From: 224K(2560K)->1920K(2560K)
[14525.071s][info][gc,heap        ] GC(31700) ParOldGen: 193010K(193024K)->193066K(193536K)
[14525.071s][info][gc,metaspace   ] GC(31700) Metaspace: 62356K(62592K)->62356K(62592K) NonClass: 53310K(53504K)->53310K(53504K) Class: 9046K(9088K)->9046K(9088K)
[14525.071s][info][gc             ] GC(31700) Pause Young (Allocation Failure) 268M->190M(271M) 2.310ms
[14525.072s][info][gc,cpu         ] GC(31700) User=0.01s Sys=0.00s Real=0.00s
[14525.516s][info][gc,start       ] GC(31701) Pause Young (Allocation Failure)
[14525.519s][info][gc,heap        ] GC(31701) PSYoungGen: 83840K(84480K)->1568K(84480K) Eden: 81920K(81920K)->0K(81920K) From: 1920K(2560K)->1568K(2560K)
[14525.519s][info][gc,heap        ] GC(31701) ParOldGen: 193066K(193536K)->194146K(195072K)
[14525.519s][info][gc,metaspace   ] GC(31701) Metaspace: 62356K(62592K)->62356K(62592K) NonClass: 53310K(53504K)->53310K(53504K) Class: 9046K(9088K)->9046K(9088K)
[14525.519s][info][gc             ] GC(31701) Pause Young (Allocation Failure) 270M->191M(273M) 3.243ms
[14525.519s][info][gc,cpu         ] GC(31701) User=0.01s Sys=0.00s Real=0.01s
[14525.959s][info][gc,start       ] GC(31702) Pause Young (Allocation Failure)
[14525.961s][info][gc,heap        ] GC(31702) PSYoungGen: 83488K(84480K)->704K(84480K) Eden: 81920K(81920K)->0K(81920K) From: 1568K(2560K)->704K(2560K)
[14525.961s][info][gc,heap        ] GC(31702) ParOldGen: 194146K(195072K)->194194K(195072K)
[14525.961s][info][gc,metaspace   ] GC(31702) Metaspace: 62356K(62592K)->62356K(62592K) NonClass: 53310K(53504K)->53310K(53504K) Class: 9046K(9088K)->9046K(9088K)
[14525.961s][info][gc             ] GC(31702) Pause Young (Allocation Failure) 271M->190M(273M) 2.020ms
[14525.961s][info][gc,cpu         ] GC(31702) User=0.00s Sys=0.00s Real=0.00s
[14526.386s][info][gc,start       ] GC(31703) Pause Young (Allocation Failure)
[14526.388s][info][gc,heap        ] GC(31703) PSYoungGen: 82624K(84480K)->1120K(84480K) Eden: 81920K(81920K)->0K(81920K) From: 704K(2560K)->1120K(2560K)
[14526.388s][info][gc,heap        ] GC(31703) ParOldGen: 194194K(195072K)->194242K(195072K)
[14526.388s][info][gc,metaspace   ] GC(31703) Metaspace: 62356K(62592K)->62356K(62592K) NonClass: 53310K(53504K)->53310K(53504K) Class: 9046K(9088K)->9046K(9088K)
[14526.388s][info][gc             ] GC(31703) Pause Young (Allocation Failure) 270M->190M(273M) 2.393ms
[14526.388s][info][gc,cpu         ] GC(31703) User=0.00s Sys=0.00s Real=0.01s
[14526.796s][info][gc,start       ] GC(31704) Pause Young (Allocation Failure)
[14526.798s][info][gc,heap        ] GC(31704) PSYoungGen: 83040K(84480K)->1408K(84480K) Eden: 81920K(81920K)->0K(81920K) From: 1120K(2560K)->1408K(2560K)
[14526.798s][info][gc,heap        ] GC(31704) ParOldGen: 194242K(195072K)->194298K(195072K)
[14526.798s][info][gc,metaspace   ] GC(31704) Metaspace: 62356K(62592K)->62356K(62592K) NonClass: 53310K(53504K)->53310K(53504K) Class: 9046K(9088K)->9046K(9088K)
[14526.798s][info][gc             ] GC(31704) Pause Young (Allocation Failure) 270M->191M(273M) 2.578ms
[14526.798s][info][gc,cpu         ] GC(31704) User=0.00s Sys=0.00s Real=0.00s
[14527.192s][info][gc,start       ] GC(31705) Pause Young (Allocation Failure)
[14527.195s][info][gc,heap        ] GC(31705) PSYoungGen: 83328K(84480K)->1312K(84480K) Eden: 81920K(81920K)->0K(81920K) From: 1408K(2560K)->1312K(2560K)
[14527.195s][info][gc,heap        ] GC(31705) ParOldGen: 194298K(195072K)->194346K(195072K)
[14527.195s][info][gc,metaspace   ] GC(31705) Metaspace: 62356K(62592K)->62356K(62592K) NonClass: 53310K(53504K)->53310K(53504K) Class: 9046K(9088K)->9046K(9088K)
[14527.195s][info][gc             ] GC(31705) Pause Young (Allocation Failure) 271M->191M(273M) 2.534ms
[14527.195s][info][gc,cpu         ] GC(31705) User=0.00s Sys=0.00s Real=0.00s
[14527.636s][info][gc,start       ] GC(31706) Pause Young (Allocation Failure)
[14527.637s][info][gc,heap        ] GC(31706) PSYoungGen: 83232K(84480K)->384K(84480K) Eden: 81920K(81920K)->0K(81920K) From: 1312K(2560K)->384K(2560K)
[14527.637s][info][gc,heap        ] GC(31706) ParOldGen: 194346K(195072K)->194394K(195072K)
[14527.637s][info][gc,metaspace   ] GC(31706) Metaspace: 62356K(62592K)->62356K(62592K) NonClass: 53310K(53504K)->53310K(53504K) Class: 9046K(9088K)->9046K(9088K)
[14527.637s][info][gc             ] GC(31706) Pause Young (Allocation Failure) 271M->190M(273M) 1.739ms
[14527.637s][info][gc,cpu         ] GC(31706) User=0.00s Sys=0.00s Real=0.01s
[14528.064s][info][gc,start       ] GC(31707) Pause Young (Allocation Failure)
[14528.066s][info][gc,heap        ] GC(31707) PSYoungGen: 82304K(84480K)->896K(84480K) Eden: 81920K(81920K)->0K(81920K) From: 384K(2560K)->896K(2560K)
[14528.066s][info][gc,heap        ] GC(31707) ParOldGen: 194394K(195072K)->194442K(195072K)
[14528.066s][info][gc,metaspace   ] GC(31707) Metaspace: 62356K(62592K)->62356K(62592K) NonClass: 53310K(53504K)->53310K(53504K) Class: 9046K(9088K)->9046K(9088K)
[14528.066s][info][gc             ] GC(31707) Pause Young (Allocation Failure) 270M->190M(273M) 2.165ms
[14528.066s][info][gc,cpu         ] GC(31707) User=0.00s Sys=0.00s Real=0.01s
[14528.555s][info][gc,start       ] GC(31708) Pause Young (Allocation Failure)
[14528.557s][info][gc,heap        ] GC(31708) PSYoungGen: 82816K(84480K)->704K(84480K) Eden: 81920K(81920K)->0K(81920K) From: 896K(2560K)->704K(2560K)
[14528.557s][info][gc,heap        ] GC(31708) ParOldGen: 194442K(195072K)->194498K(195072K)
[14528.557s][info][gc,metaspace   ] GC(31708) Metaspace: 62358K(62592K)->62358K(62592K) NonClass: 53311K(53504K)->53311K(53504K) Class: 9046K(9088K)->9046K(9088K)
[14528.557s][info][gc             ] GC(31708) Pause Young (Allocation Failure) 270M->190M(273M) 2.049ms
[14528.557s][info][gc,cpu         ] GC(31708) User=0.00s Sys=0.00s Real=0.01s
[14528.989s][info][gc,start       ] GC(31709) Pause Young (Allocation Failure)
[14528.992s][info][gc,heap        ] GC(31709) PSYoungGen: 82624K(84480K)->1152K(84480K) Eden: 81920K(81920K)->0K(81920K) From: 704K(2560K)->1152K(2560K)
[14528.992s][info][gc,heap        ] GC(31709) ParOldGen: 194498K(195072K)->194602K(195072K)
[14528.992s][info][gc,metaspace   ] GC(31709) Metaspace: 62358K(62592K)->62358K(62592K) NonClass: 53311K(53504K)->53311K(53504K) Class: 9046K(9088K)->9046K(9088K)
[14528.992s][info][gc             ] GC(31709) Pause Young (Allocation Failure) 270M->191M(273M) 2.448ms
[14528.992s][info][gc,cpu         ] GC(31709) User=0.01s Sys=0.00s Real=0.00s
[14529.429s][info][gc,start       ] GC(31710) Pause Young (Allocation Failure)
[14529.431s][info][gc,heap        ] GC(31710) PSYoungGen: 83072K(84480K)->320K(84480K) Eden: 81920K(81920K)->0K(81920K) From: 1152K(2560K)->320K(2560K)
[14529.431s][info][gc,heap        ] GC(31710) ParOldGen: 194602K(195072K)->194658K(195072K)
[14529.431s][info][gc,metaspace   ] GC(31710) Metaspace: 62358K(62592K)->62358K(62592K) NonClass: 53311K(53504K)->53311K(53504K) Class: 9046K(9088K)->9046K(9088K)
[14529.431s][info][gc             ] GC(31710) Pause Young (Allocation Failure) 271M->190M(273M) 1.698ms
[14529.431s][info][gc,cpu         ] GC(31710) User=0.00s Sys=0.00s Real=0.00s
[14529.872s][info][gc,start       ] GC(31711) Pause Young (Allocation Failure)
[14529.875s][info][gc,heap        ] GC(31711) PSYoungGen: 82240K(84480K)->1952K(84480K) Eden: 81920K(81920K)->0K(81920K) From: 320K(2560K)->1952K(2560K)
[14529.875s][info][gc,heap        ] GC(31711) ParOldGen: 194658K(195072K)->195738K(196608K)
[14529.875s][info][gc,metaspace   ] GC(31711) Metaspace: 62358K(62592K)->62358K(62592K) NonClass: 53311K(53504K)->53311K(53504K) Class: 9046K(9088K)->9046K(9088K)
[14529.875s][info][gc             ] GC(31711) Pause Young (Allocation Failure) 270M->193M(274M) 2.951ms
[14529.875s][info][gc,cpu         ] GC(31711) User=0.01s Sys=0.00s Real=0.00s
[14530.322s][info][gc,start       ] GC(31712) Pause Young (Allocation Failure)
[14530.325s][info][gc,heap        ] GC(31712) PSYoungGen: 83872K(84480K)->224K(84480K) Eden: 81920K(81920K)->0K(81920K) From: 1952K(2560K)->224K(2560K)
[14530.325s][info][gc,heap        ] GC(31712) ParOldGen: 195738K(196608K)->197842K(198144K)
[14530.325s][info][gc,metaspace   ] GC(31712) Metaspace: 62358K(62592K)->62358K(62592K) NonClass: 53311K(53504K)->53311K(53504K) Class: 9046K(9088K)->9046K(9088K)
[14530.325s][info][gc             ] GC(31712) Pause Young (Allocation Failure) 273M->193M(276M) 2.657ms
[14530.325s][info][gc,cpu         ] GC(31712) User=0.01s Sys=0.00s Real=0.00s
[14530.722s][info][gc,start       ] GC(31713) Pause Young (Allocation Failure)
[14530.724s][info][gc,heap        ] GC(31713) PSYoungGen: 82144K(84480K)->192K(84480K) Eden: 81920K(81920K)->0K(81920K) From: 224K(2560K)->192K(2560K)
[14530.724s][info][gc,heap        ] GC(31713) ParOldGen: 197842K(198144K)->197890K(198144K)
[14530.724s][info][gc,metaspace   ] GC(31713) Metaspace: 62358K(62592K)->62358K(62592K) NonClass: 53311K(53504K)->53311K(53504K) Class: 9046K(9088K)->9046K(9088K)
[14530.724s][info][gc             ] GC(31713) Pause Young (Allocation Failure) 273M->193M(276M) 1.550ms
[14530.724s][info][gc,cpu         ] GC(31713) User=0.00s Sys=0.01s Real=0.00s
[14531.158s][info][gc,start       ] GC(31714) Pause Young (Allocation Failure)
[14531.160s][info][gc,heap        ] GC(31714) PSYoungGen: 82112K(84480K)->768K(84480K) Eden: 81920K(81920K)->0K(81920K) From: 192K(2560K)->768K(2560K)
[14531.160s][info][gc,heap        ] GC(31714) ParOldGen: 197890K(198144K)->197946K(198144K)
[14531.160s][info][gc,metaspace   ] GC(31714) Metaspace: 62358K(62592K)->62358K(62592K) NonClass: 53311K(53504K)->53311K(53504K) Class: 9046K(9088K)->9046K(9088K)
[14531.160s][info][gc             ] GC(31714) Pause Young (Allocation Failure) 273M->194M(276M) 2.040ms
[14531.160s][info][gc,cpu         ] GC(31714) User=0.01s Sys=0.00s Real=0.00s
[14531.560s][info][gc,start       ] GC(31715) Pause Young (Allocation Failure)
[14531.562s][info][gc,heap        ] GC(31715) PSYoungGen: 82688K(84480K)->832K(84480K) Eden: 81920K(81920K)->0K(81920K) From: 768K(2560K)->832K(2560K)
[14531.562s][info][gc,heap        ] GC(31715) ParOldGen: 197946K(198144K)->197994K(198144K)
[14531.562s][info][gc,metaspace   ] GC(31715) Metaspace: 62358K(62592K)->62358K(62592K) NonClass: 53311K(53504K)->53311K(53504K) Class: 9046K(9088K)->9046K(9088K)
[14531.562s][info][gc             ] GC(31715) Pause Young (Allocation Failure) 274M->194M(276M) 2.127ms
[14531.562s][info][gc,cpu         ] GC(31715) User=0.01s Sys=0.00s Real=0.00s
[14531.953s][info][gc,start       ] GC(31716) Pause Young (Allocation Failure)
[14531.955s][info][gc,heap        ] GC(31716) PSYoungGen: 82752K(84480K)->672K(84992K) Eden: 81920K(81920K)->0K(82432K) From: 832K(2560K)->672K(2560K)
[14531.955s][info][gc,heap        ] GC(31716) ParOldGen: 197994K(198144K)->198050K(198144K)
[14531.955s][info][gc,metaspace   ] GC(31716) Metaspace: 62358K(62592K)->62358K(62592K) NonClass: 53311K(53504K)->53311K(53504K) Class: 9046K(9088K)->9046K(9088K)
[14531.955s][info][gc             ] GC(31716) Pause Young (Allocation Failure) 274M->194M(276M) 2.008ms
[14531.955s][info][gc,cpu         ] GC(31716) User=0.00s Sys=0.00s Real=0.00s
[14532.406s][info][gc,start       ] GC(31717) Pause Young (Allocation Failure)
[14532.409s][info][gc,heap        ] GC(31717) PSYoungGen: 83104K(84992K)->1536K(84480K) Eden: 82432K(82432K)->0K(82432K) From: 672K(2560K)->1536K(2048K)
[14532.409s][info][gc,heap        ] GC(31717) ParOldGen: 198050K(198144K)->198098K(198144K)
[14532.409s][info][gc,metaspace   ] GC(31717) Metaspace: 62358K(62592K)->62358K(62592K) NonClass: 53311K(53504K)->53311K(53504K) Class: 9046K(9088K)->9046K(9088K)
[14532.409s][info][gc             ] GC(31717) Pause Young (Allocation Failure) 274M->194M(276M) 2.683ms
[14532.409s][info][gc,cpu         ] GC(31717) User=0.00s Sys=0.00s Real=0.00s
[14532.892s][info][gc,start       ] GC(31718) Pause Young (Allocation Failure)
[14532.895s][info][gc,heap        ] GC(31718) PSYoungGen: 83968K(84480K)->1216K(84480K) Eden: 82432K(82432K)->0K(81920K) From: 1536K(2048K)->1216K(2560K)
[14532.895s][info][gc,heap        ] GC(31718) ParOldGen: 198098K(198144K)->198146K(198656K)
[14532.895s][info][gc,metaspace   ] GC(31718) Metaspace: 62358K(62592K)->62358K(62592K) NonClass: 53311K(53504K)->53311K(53504K) Class: 9046K(9088K)->9046K(9088K)
[14532.895s][info][gc             ] GC(31718) Pause Young (Allocation Failure) 275M->194M(276M) 2.499ms
[14532.895s][info][gc,cpu         ] GC(31718) User=0.01s Sys=0.00s Real=0.00s
[14533.334s][info][gc,start       ] GC(31719) Pause Young (Allocation Failure)
[14533.336s][info][gc,heap        ] GC(31719) PSYoungGen: 83136K(84480K)->384K(84480K) Eden: 81920K(81920K)->0K(81920K) From: 1216K(2560K)->384K(2560K)
[14533.336s][info][gc,heap        ] GC(31719) ParOldGen: 198146K(198656K)->198194K(198656K)
[14533.336s][info][gc,metaspace   ] GC(31719) Metaspace: 62358K(62592K)->62358K(62592K) NonClass: 53311K(53504K)->53311K(53504K) Class: 9046K(9088K)->9046K(9088K)
[14533.336s][info][gc             ] GC(31719) Pause Young (Allocation Failure) 274M->193M(276M) 1.709ms
[14533.336s][info][gc,cpu         ] GC(31719) User=0.01s Sys=0.00s Real=0.00s
[14533.773s][info][gc,start       ] GC(31720) Pause Young (Allocation Failure)
[14533.775s][info][gc,heap        ] GC(31720) PSYoungGen: 82304K(84480K)->992K(84992K) Eden: 81920K(81920K)->0K(82432K) From: 384K(2560K)->992K(2560K)
[14533.775s][info][gc,heap        ] GC(31720) ParOldGen: 198194K(198656K)->198242K(198656K)
[14533.775s][info][gc,metaspace   ] GC(31720) Metaspace: 62358K(62592K)->62358K(62592K) NonClass: 53311K(53504K)->53311K(53504K) Class: 9046K(9088K)->9046K(9088K)
[14533.776s][info][gc             ] GC(31720) Pause Young (Allocation Failure) 273M->194M(277M) 2.203ms
[14533.776s][info][gc,cpu         ] GC(31720) User=0.00s Sys=0.00s Real=0.00s
[14534.230s][info][gc,start       ] GC(31721) Pause Young (Allocation Failure)
[14534.232s][info][gc,heap        ] GC(31721) PSYoungGen: 83424K(84992K)->1344K(84480K) Eden: 82432K(82432K)->0K(82432K) From: 992K(2560K)->1344K(2048K)
[14534.232s][info][gc,heap        ] GC(31721) ParOldGen: 198242K(198656K)->199322K(200192K)
[14534.232s][info][gc,metaspace   ] GC(31721) Metaspace: 62358K(62592K)->62358K(62592K) NonClass: 53311K(53504K)->53311K(53504K) Class: 9046K(9088K)->9046K(9088K)
[14534.233s][info][gc             ] GC(31721) Pause Young (Allocation Failure) 275M->195M(278M) 2.551ms
[14534.233s][info][gc,cpu         ] GC(31721) User=0.00s Sys=0.00s Real=0.00s
[14534.676s][info][gc,start       ] GC(31722) Pause Young (Allocation Failure)
[14534.679s][info][gc,heap        ] GC(31722) PSYoungGen: 83776K(84480K)->960K(84992K) Eden: 82432K(82432K)->0K(82432K) From: 1344K(2048K)->960K(2560K)
[14534.679s][info][gc,heap        ] GC(31722) ParOldGen: 199322K(200192K)->201426K(201728K)
[14534.679s][info][gc,metaspace   ] GC(31722) Metaspace: 62358K(62592K)->62358K(62592K) NonClass: 53311K(53504K)->53311K(53504K) Class: 9046K(9088K)->9046K(9088K)
[14534.679s][info][gc             ] GC(31722) Pause Young (Allocation Failure) 276M->197M(280M) 3.280ms
[14534.679s][info][gc,cpu         ] GC(31722) User=0.01s Sys=0.00s Real=0.00s
[14535.125s][info][gc,start       ] GC(31723) Pause Young (Allocation Failure)
[14535.127s][info][gc,heap        ] GC(31723) PSYoungGen: 83392K(84992K)->256K(84480K) Eden: 82432K(82432K)->0K(82432K) From: 960K(2560K)->256K(2048K)
[14535.127s][info][gc,heap        ] GC(31723) ParOldGen: 201426K(201728K)->201474K(201728K)
[14535.127s][info][gc,metaspace   ] GC(31723) Metaspace: 62358K(62592K)->62358K(62592K) NonClass: 53311K(53504K)->53311K(53504K) Class: 9046K(9088K)->9046K(9088K)
[14535.127s][info][gc             ] GC(31723) Pause Young (Allocation Failure) 278M->197M(279M) 1.658ms
[14535.127s][info][gc,cpu         ] GC(31723) User=0.01s Sys=0.00s Real=0.01s
[14535.576s][info][gc,start       ] GC(31724) Pause Young (Allocation Failure)
[14535.578s][info][gc,heap        ] GC(31724) PSYoungGen: 82688K(84480K)->960K(84992K) Eden: 82432K(82432K)->0K(82944K) From: 256K(2048K)->960K(2048K)
[14535.578s][info][gc,heap        ] GC(31724) ParOldGen: 201474K(201728K)->201522K(201728K)
[14535.578s][info][gc,metaspace   ] GC(31724) Metaspace: 62358K(62592K)->62358K(62592K) NonClass: 53311K(53504K)->53311K(53504K) Class: 9046K(9088K)->9046K(9088K)
[14535.578s][info][gc             ] GC(31724) Pause Young (Allocation Failure) 277M->197M(280M) 2.109ms
[14535.578s][info][gc,cpu         ] GC(31724) User=0.01s Sys=0.00s Real=0.00s
[14536.050s][info][gc,start       ] GC(31725) Pause Young (Allocation Failure)
[14536.052s][info][gc,heap        ] GC(31725) PSYoungGen: 83904K(84992K)->640K(84992K) Eden: 82944K(82944K)->0K(82944K) From: 960K(2048K)->640K(2048K)
[14536.052s][info][gc,heap        ] GC(31725) ParOldGen: 201522K(201728K)->201570K(201728K)
[14536.052s][info][gc,metaspace   ] GC(31725) Metaspace: 62358K(62592K)->62358K(62592K) NonClass: 53311K(53504K)->53311K(53504K) Class: 9046K(9088K)->9046K(9088K)
[14536.052s][info][gc             ] GC(31725) Pause Young (Allocation Failure) 278M->197M(280M) 1.933ms
[14536.052s][info][gc,cpu         ] GC(31725) User=0.00s Sys=0.01s Real=0.00s
[14536.498s][info][gc,start       ] GC(31726) Pause Young (Allocation Failure)
[14536.500s][info][gc,heap        ] GC(31726) PSYoungGen: 83584K(84992K)->1280K(84992K) Eden: 82944K(82944K)->0K(82944K) From: 640K(2048K)->1280K(2048K)
[14536.500s][info][gc,heap        ] GC(31726) ParOldGen: 201570K(201728K)->201666K(201728K)
[14536.500s][info][gc,metaspace   ] GC(31726) Metaspace: 62358K(62592K)->62358K(62592K) NonClass: 53311K(53504K)->53311K(53504K) Class: 9046K(9088K)->9046K(9088K)
[14536.500s][info][gc             ] GC(31726) Pause Young (Allocation Failure) 278M->198M(280M) 2.606ms
[14536.501s][info][gc,cpu         ] GC(31726) User=0.00s Sys=0.00s Real=0.00s
[14536.882s][info][gc,start       ] GC(31727) Pause Young (Allocation Failure)
[14536.884s][info][gc,heap        ] GC(31727) PSYoungGen: 84224K(84992K)->1216K(84992K) Eden: 82944K(82944K)->0K(82944K) From: 1280K(2048K)->1216K(2048K)
[14536.884s][info][gc,heap        ] GC(31727) ParOldGen: 201666K(201728K)->201722K(201728K)
[14536.884s][info][gc,metaspace   ] GC(31727) Metaspace: 62358K(62592K)->62358K(62592K) NonClass: 53311K(53504K)->53311K(53504K) Class: 9046K(9088K)->9046K(9088K)
[14536.884s][info][gc             ] GC(31727) Pause Young (Allocation Failure) 279M->198M(280M) 2.367ms
[14536.884s][info][gc,cpu         ] GC(31727) User=0.00s Sys=0.00s Real=0.00s
[14537.249s][info][gc,start       ] GC(31728) Pause Young (Allocation Failure)
[14537.251s][info][gc,heap        ] GC(31728) PSYoungGen: 84160K(84992K)->640K(84992K) Eden: 82944K(82944K)->0K(82944K) From: 1216K(2048K)->640K(2048K)
[14537.251s][info][gc,heap        ] GC(31728) ParOldGen: 201722K(201728K)->201770K(202240K)
[14537.251s][info][gc,metaspace   ] GC(31728) Metaspace: 62358K(62592K)->62358K(62592K) NonClass: 53311K(53504K)->53311K(53504K) Class: 9046K(9088K)->9046K(9088K)
[14537.251s][info][gc             ] GC(31728) Pause Young (Allocation Failure) 279M->197M(280M) 1.981ms
[14537.251s][info][gc,cpu         ] GC(31728) User=0.01s Sys=0.00s Real=0.00s
[14537.663s][info][gc,start       ] GC(31729) Pause Young (Allocation Failure)
[14537.665s][info][gc,heap        ] GC(31729) PSYoungGen: 83584K(84992K)->896K(84992K) Eden: 82944K(82944K)->0K(82944K) From: 640K(2048K)->896K(2048K)
[14537.665s][info][gc,heap        ] GC(31729) ParOldGen: 201770K(202240K)->201810K(202240K)
[14537.665s][info][gc,metaspace   ] GC(31729) Metaspace: 62358K(62592K)->62358K(62592K) NonClass: 53311K(53504K)->53311K(53504K) Class: 9046K(9088K)->9046K(9088K)
[14537.665s][info][gc             ] GC(31729) Pause Young (Allocation Failure) 278M->197M(280M) 2.169ms
[14537.665s][info][gc,cpu         ] GC(31729) User=0.00s Sys=0.00s Real=0.00s
[14538.110s][info][gc,start       ] GC(31730) Pause Young (Allocation Failure)
[14538.113s][info][gc,heap        ] GC(31730) PSYoungGen: 83840K(84992K)->1440K(84992K) Eden: 82944K(82944K)->0K(82944K) From: 896K(2048K)->1440K(2048K)
[14538.113s][info][gc,heap        ] GC(31730) ParOldGen: 201810K(202240K)->201858K(202240K)
[14538.113s][info][gc,metaspace   ] GC(31730) Metaspace: 62358K(62592K)->62358K(62592K) NonClass: 53311K(53504K)->53311K(53504K) Class: 9046K(9088K)->9046K(9088K)
[14538.113s][info][gc             ] GC(31730) Pause Young (Allocation Failure) 278M->198M(280M) 2.699ms
[14538.113s][info][gc,cpu         ] GC(31730) User=0.00s Sys=0.00s Real=0.00s
[14538.560s][info][gc,start       ] GC(31731) Pause Young (Allocation Failure)
[14538.563s][info][gc,heap        ] GC(31731) PSYoungGen: 84384K(84992K)->1792K(84992K) Eden: 82944K(82944K)->0K(82944K) From: 1440K(2048K)->1792K(2048K)
[14538.563s][info][gc,heap        ] GC(31731) ParOldGen: 201858K(202240K)->203962K(205312K)
[14538.563s][info][gc,metaspace   ] GC(31731) Metaspace: 62358K(62592K)->62358K(62592K) NonClass: 53311K(53504K)->53311K(53504K) Class: 9046K(9088K)->9046K(9088K)
[14538.563s][info][gc             ] GC(31731) Pause Young (Allocation Failure) 279M->200M(283M) 3.261ms
[14538.563s][info][gc,cpu         ] GC(31731) User=0.00s Sys=0.00s Real=0.00s
[14538.953s][info][gc,start       ] GC(31732) Pause Young (Allocation Failure)
[14538.956s][info][gc,heap        ] GC(31732) PSYoungGen: 84736K(84992K)->736K(84992K) Eden: 82944K(82944K)->0K(82944K) From: 1792K(2048K)->736K(2048K)
[14538.956s][info][gc,heap        ] GC(31732) ParOldGen: 203962K(205312K)->205042K(205312K)
[14538.956s][info][gc,metaspace   ] GC(31732) Metaspace: 62358K(62592K)->62358K(62592K) NonClass: 53311K(53504K)->53311K(53504K) Class: 9046K(9088K)->9046K(9088K)
[14538.956s][info][gc             ] GC(31732) Pause Young (Allocation Failure) 281M->200M(283M) 2.527ms
[14538.956s][info][gc,cpu         ] GC(31732) User=0.00s Sys=0.00s Real=0.01s
[14539.345s][info][gc,start       ] GC(31733) Pause Young (Allocation Failure)
[14539.347s][info][gc,heap        ] GC(31733) PSYoungGen: 83680K(84992K)->608K(84992K) Eden: 82944K(82944K)->0K(82944K) From: 736K(2048K)->608K(2048K)
[14539.347s][info][gc,heap        ] GC(31733) ParOldGen: 205042K(205312K)->205090K(205312K)
[14539.347s][info][gc,metaspace   ] GC(31733) Metaspace: 62358K(62592K)->62358K(62592K) NonClass: 53311K(53504K)->53311K(53504K) Class: 9046K(9088K)->9046K(9088K)
[14539.347s][info][gc             ] GC(31733) Pause Young (Allocation Failure) 281M->200M(283M) 1.968ms
[14539.347s][info][gc,cpu         ] GC(31733) User=0.00s Sys=0.00s Real=0.01s
[14539.835s][info][gc,start       ] GC(31734) Pause Young (Allocation Failure)
[14539.837s][info][gc,heap        ] GC(31734) PSYoungGen: 83552K(84992K)->416K(84992K) Eden: 82944K(82944K)->0K(82944K) From: 608K(2048K)->416K(2048K)
[14539.837s][info][gc,heap        ] GC(31734) ParOldGen: 205090K(205312K)->205138K(205312K)
[14539.837s][info][gc,metaspace   ] GC(31734) Metaspace: 62358K(62592K)->62358K(62592K) NonClass: 53311K(53504K)->53311K(53504K) Class: 9046K(9088K)->9046K(9088K)
[14539.837s][info][gc             ] GC(31734) Pause Young (Allocation Failure) 281M->200M(283M) 1.844ms
[14539.837s][info][gc,cpu         ] GC(31734) User=0.00s Sys=0.00s Real=0.01s
[14540.275s][info][gc,start       ] GC(31735) Pause Young (Allocation Failure)
[14540.278s][info][gc,heap        ] GC(31735) PSYoungGen: 83360K(84992K)->960K(84992K) Eden: 82944K(82944K)->0K(82944K) From: 416K(2048K)->960K(2048K)
[14540.278s][info][gc,heap        ] GC(31735) ParOldGen: 205138K(205312K)->205194K(205312K)
[14540.278s][info][gc,metaspace   ] GC(31735) Metaspace: 62358K(62592K)->62358K(62592K) NonClass: 53311K(53504K)->53311K(53504K) Class: 9046K(9088K)->9046K(9088K)
[14540.278s][info][gc             ] GC(31735) Pause Young (Allocation Failure) 281M->201M(283M) 2.927ms
[14540.278s][info][gc,cpu         ] GC(31735) User=0.00s Sys=0.00s Real=0.01s
[14540.717s][info][gc,start       ] GC(31736) Pause Young (Allocation Failure)
[14540.720s][info][gc,heap        ] GC(31736) PSYoungGen: 83904K(84992K)->1600K(83968K) Eden: 82944K(82944K)->0K(81920K) From: 960K(2048K)->1600K(2048K)
[14540.720s][info][gc,heap        ] GC(31736) ParOldGen: 205194K(205312K)->205250K(205312K)
[14540.720s][info][gc,metaspace   ] GC(31736) Metaspace: 62358K(62592K)->62358K(62592K) NonClass: 53311K(53504K)->53311K(53504K) Class: 9046K(9088K)->9046K(9088K)
[14540.720s][info][gc             ] GC(31736) Pause Young (Allocation Failure) 282M->202M(282M) 2.853ms
[14540.720s][info][gc,cpu         ] GC(31736) User=0.00s Sys=0.00s Real=0.00s
[14541.142s][info][gc,start       ] GC(31737) Pause Young (Allocation Failure)
[14541.143s][info][gc,heap        ] GC(31737) PSYoungGen: 83520K(83968K)->512K(84480K) Eden: 81920K(81920K)->0K(81920K) From: 1600K(2048K)->512K(2560K)
[14541.143s][info][gc,heap        ] GC(31737) ParOldGen: 205250K(205312K)->205306K(205312K)
[14541.143s][info][gc,metaspace   ] GC(31737) Metaspace: 62358K(62592K)->62358K(62592K) NonClass: 53311K(53504K)->53311K(53504K) Class: 9046K(9088K)->9046K(9088K)
[14541.143s][info][gc             ] GC(31737) Pause Young (Allocation Failure) 282M->200M(283M) 1.971ms
[14541.143s][info][gc,cpu         ] GC(31737) User=0.00s Sys=0.00s Real=0.00s
[14541.583s][info][gc,start       ] GC(31738) Pause Young (Allocation Failure)
[14541.586s][info][gc,heap        ] GC(31738) PSYoungGen: 82432K(84480K)->1024K(84992K) Eden: 81920K(81920K)->0K(82944K) From: 512K(2560K)->1024K(2048K)
[14541.586s][info][gc,heap        ] GC(31738) ParOldGen: 205306K(205312K)->205354K(205824K)
[14541.586s][info][gc,metaspace   ] GC(31738) Metaspace: 62358K(62592K)->62358K(62592K) NonClass: 53311K(53504K)->53311K(53504K) Class: 9046K(9088K)->9046K(9088K)
[14541.586s][info][gc             ] GC(31738) Pause Young (Allocation Failure) 280M->201M(284M) 2.248ms
[14541.586s][info][gc,cpu         ] GC(31738) User=0.01s Sys=0.01s Real=0.00s
[14542.005s][info][gc,start       ] GC(31739) Pause Young (Allocation Failure)
[14542.008s][info][gc,heap        ] GC(31739) PSYoungGen: 83968K(84992K)->1568K(84992K) Eden: 82944K(82944K)->0K(82944K) From: 1024K(2048K)->1568K(2048K)
[14542.008s][info][gc,heap        ] GC(31739) ParOldGen: 205354K(205824K)->205402K(205824K)
[14542.008s][info][gc,metaspace   ] GC(31739) Metaspace: 62358K(62592K)->62358K(62592K) NonClass: 53311K(53504K)->53311K(53504K) Class: 9046K(9088K)->9046K(9088K)
[14542.008s][info][gc             ] GC(31739) Pause Young (Allocation Failure) 282M->202M(284M) 2.774ms
[14542.008s][info][gc,cpu         ] GC(31739) User=0.00s Sys=0.00s Real=0.01s
[14542.456s][info][gc,start       ] GC(31740) Pause Young (Allocation Failure)
[14542.458s][info][gc,heap        ] GC(31740) PSYoungGen: 84512K(84992K)->704K(84992K) Eden: 82944K(82944K)->0K(82944K) From: 1568K(2048K)->704K(2048K)
[14542.458s][info][gc,heap        ] GC(31740) ParOldGen: 205402K(205824K)->205450K(205824K)
[14542.458s][info][gc,metaspace   ] GC(31740) Metaspace: 62358K(62592K)->62358K(62592K) NonClass: 53311K(53504K)->53311K(53504K) Class: 9046K(9088K)->9046K(9088K)
[14542.458s][info][gc             ] GC(31740) Pause Young (Allocation Failure) 283M->201M(284M) 2.018ms
[14542.458s][info][gc,cpu         ] GC(31740) User=0.01s Sys=0.00s Real=0.00s
[14542.953s][info][gc,start       ] GC(31741) Pause Young (Allocation Failure)
[14542.955s][info][gc,heap        ] GC(31741) PSYoungGen: 83648K(84992K)->624K(84992K) Eden: 82944K(82944K)->0K(82944K) From: 704K(2048K)->624K(2048K)
[14542.955s][info][gc,heap        ] GC(31741) ParOldGen: 205450K(205824K)->205498K(205824K)
[14542.955s][info][gc,metaspace   ] GC(31741) Metaspace: 62358K(62592K)->62358K(62592K) NonClass: 53311K(53504K)->53311K(53504K) Class: 9046K(9088K)->9046K(9088K)
[14542.955s][info][gc             ] GC(31741) Pause Young (Allocation Failure) 282M->201M(284M) 1.985ms
[14542.955s][info][gc,cpu         ] GC(31741) User=0.00s Sys=0.00s Real=0.00s
[14543.414s][info][gc,start       ] GC(31742) Pause Young (Allocation Failure)
[14543.417s][info][gc,heap        ] GC(31742) PSYoungGen: 83568K(84992K)->1472K(83968K) Eden: 82944K(82944K)->0K(81920K) From: 624K(2048K)->1472K(2048K)
[14543.417s][info][gc,heap        ] GC(31742) ParOldGen: 205498K(205824K)->205594K(205824K)
[14543.417s][info][gc,metaspace   ] GC(31742) Metaspace: 62358K(62592K)->62358K(62592K) NonClass: 53311K(53504K)->53311K(53504K) Class: 9046K(9088K)->9046K(9088K)
[14543.417s][info][gc             ] GC(31742) Pause Young (Allocation Failure) 282M->202M(283M) 2.763ms
[14543.417s][info][gc,cpu         ] GC(31742) User=0.01s Sys=0.00s Real=0.01s
[14543.800s][info][gc,start       ] GC(31743) Pause Young (Allocation Failure)
[14543.803s][info][gc,heap        ] GC(31743) PSYoungGen: 83392K(83968K)->1440K(84480K) Eden: 81920K(81920K)->0K(81920K) From: 1472K(2048K)->1440K(2560K)
[14543.803s][info][gc,heap        ] GC(31743) ParOldGen: 205594K(205824K)->205650K(205824K)
[14543.803s][info][gc,metaspace   ] GC(31743) Metaspace: 62358K(62592K)->62358K(62592K) NonClass: 53311K(53504K)->53311K(53504K) Class: 9046K(9088K)->9046K(9088K)
[14543.803s][info][gc             ] GC(31743) Pause Young (Allocation Failure) 282M->202M(283M) 2.676ms
[14543.803s][info][gc,cpu         ] GC(31743) User=0.00s Sys=0.00s Real=0.00s
[14544.240s][info][gc,start       ] GC(31744) Pause Young (Allocation Failure)
[14544.241s][info][gc,heap        ] GC(31744) PSYoungGen: 83360K(84480K)->480K(84480K) Eden: 81920K(81920K)->0K(81920K) From: 1440K(2560K)->480K(2560K)
[14544.242s][info][gc,heap        ] GC(31744) ParOldGen: 205650K(205824K)->205698K(205824K)
[14544.242s][info][gc,metaspace   ] GC(31744) Metaspace: 62358K(62592K)->62358K(62592K) NonClass: 53311K(53504K)->53311K(53504K) Class: 9046K(9088K)->9046K(9088K)
[14544.242s][info][gc             ] GC(31744) Pause Young (Allocation Failure) 282M->201M(283M) 1.820ms
[14544.242s][info][gc,cpu         ] GC(31744) User=0.00s Sys=0.00s Real=0.00s
[14544.687s][info][gc,start       ] GC(31745) Pause Young (Allocation Failure)
[14544.689s][info][gc,heap        ] GC(31745) PSYoungGen: 82400K(84480K)->1120K(84480K) Eden: 81920K(81920K)->0K(81920K) From: 480K(2560K)->1120K(2560K)
[14544.689s][info][gc,heap        ] GC(31745) ParOldGen: 205698K(205824K)->205754K(205824K)
[14544.689s][info][gc,metaspace   ] GC(31745) Metaspace: 62358K(62592K)->62358K(62592K) NonClass: 53311K(53504K)->53311K(53504K) Class: 9046K(9088K)->9046K(9088K)
[14544.689s][info][gc             ] GC(31745) Pause Young (Allocation Failure) 281M->202M(283M) 2.413ms
[14544.689s][info][gc,cpu         ] GC(31745) User=0.01s Sys=0.00s Real=0.00s
[14545.140s][info][gc,start       ] GC(31746) Pause Young (Allocation Failure)
[14545.142s][info][gc,heap        ] GC(31746) PSYoungGen: 83040K(84480K)->448K(84992K) Eden: 81920K(81920K)->0K(82432K) From: 1120K(2560K)->448K(2560K)
[14545.142s][info][gc,heap        ] GC(31746) ParOldGen: 205754K(205824K)->205802K(205824K)
[14545.142s][info][gc,metaspace   ] GC(31746) Metaspace: 62358K(62592K)->62358K(62592K) NonClass: 53311K(53504K)->53311K(53504K) Class: 9046K(9088K)->9046K(9088K)
[14545.142s][info][gc             ] GC(31746) Pause Young (Allocation Failure) 282M->201M(284M) 1.844ms
[14545.142s][info][gc,cpu         ] GC(31746) User=0.00s Sys=0.00s Real=0.00s
[14545.584s][info][gc,start       ] GC(31747) Pause Young (Allocation Failure)
[14545.587s][info][gc,heap        ] GC(31747) PSYoungGen: 82880K(84992K)->1088K(84480K) Eden: 82432K(82432K)->0K(82432K) From: 448K(2560K)->1088K(2048K)
[14545.587s][info][gc,heap        ] GC(31747) ParOldGen: 205802K(205824K)->205850K(206336K)
[14545.587s][info][gc,metaspace   ] GC(31747) Metaspace: 62358K(62592K)->62358K(62592K) NonClass: 53311K(53504K)->53311K(53504K) Class: 9046K(9088K)->9046K(9088K)
[14545.587s][info][gc             ] GC(31747) Pause Young (Allocation Failure) 281M->202M(284M) 2.434ms
[14545.587s][info][gc,cpu         ] GC(31747) User=0.01s Sys=0.01s Real=0.01s
[14546.023s][info][gc,start       ] GC(31748) Pause Young (Allocation Failure)
[14546.024s][info][gc,heap        ] GC(31748) PSYoungGen: 83520K(84480K)->224K(84992K) Eden: 82432K(82432K)->0K(82944K) From: 1088K(2048K)->224K(2048K)
[14546.024s][info][gc,heap        ] GC(31748) ParOldGen: 205850K(206336K)->205906K(206336K)
[14546.024s][info][gc,metaspace   ] GC(31748) Metaspace: 62358K(62592K)->62358K(62592K) NonClass: 53311K(53504K)->53311K(53504K) Class: 9046K(9088K)->9046K(9088K)
[14546.024s][info][gc             ] GC(31748) Pause Young (Allocation Failure) 282M->201M(284M) 1.663ms
[14546.024s][info][gc,cpu         ] GC(31748) User=0.00s Sys=0.00s Real=0.00s
[14546.457s][info][gc,start       ] GC(31749) Pause Young (Allocation Failure)
[14546.459s][info][gc,heap        ] GC(31749) PSYoungGen: 83168K(84992K)->704K(84992K) Eden: 82944K(82944K)->0K(82944K) From: 224K(2048K)->704K(2048K)
[14546.459s][info][gc,heap        ] GC(31749) ParOldGen: 205906K(206336K)->205962K(206336K)
[14546.459s][info][gc,metaspace   ] GC(31749) Metaspace: 62358K(62592K)->62358K(62592K) NonClass: 53311K(53504K)->53311K(53504K) Class: 9046K(9088K)->9046K(9088K)
[14546.459s][info][gc             ] GC(31749) Pause Young (Allocation Failure) 282M->201M(284M) 1.992ms
[14546.459s][info][gc,cpu         ] GC(31749) User=0.00s Sys=0.00s Real=0.00s
[14546.883s][info][gc,start       ] GC(31750) Pause Young (Allocation Failure)
[14546.885s][info][gc,heap        ] GC(31750) PSYoungGen: 83648K(84992K)->1216K(84992K) Eden: 82944K(82944K)->0K(82944K) From: 704K(2048K)->1216K(2048K)
[14546.885s][info][gc,heap        ] GC(31750) ParOldGen: 205962K(206336K)->206010K(206336K)
[14546.885s][info][gc,metaspace   ] GC(31750) Metaspace: 62358K(62592K)->62358K(62592K) NonClass: 53311K(53504K)->53311K(53504K) Class: 9046K(9088K)->9046K(9088K)
[14546.885s][info][gc             ] GC(31750) Pause Young (Allocation Failure) 282M->202M(284M) 2.435ms
[14546.885s][info][gc,cpu         ] GC(31750) User=0.00s Sys=0.01s Real=0.00s
[14547.333s][info][gc,start       ] GC(31751) Pause Young (Allocation Failure)
[14547.335s][info][gc,heap        ] GC(31751) PSYoungGen: 84160K(84992K)->384K(84992K) Eden: 82944K(82944K)->0K(82944K) From: 1216K(2048K)->384K(2048K)
[14547.335s][info][gc,heap        ] GC(31751) ParOldGen: 206010K(206336K)->206050K(206336K)
[14547.335s][info][gc,metaspace   ] GC(31751) Metaspace: 62358K(62592K)->62358K(62592K) NonClass: 53311K(53504K)->53311K(53504K) Class: 9046K(9088K)->9046K(9088K)
[14547.335s][info][gc             ] GC(31751) Pause Young (Allocation Failure) 283M->201M(284M) 1.777ms
[14547.335s][info][gc,cpu         ] GC(31751) User=0.00s Sys=0.00s Real=0.00s
[14547.786s][info][gc,start       ] GC(31752) Pause Young (Allocation Failure)
[14547.788s][info][gc,heap        ] GC(31752) PSYoungGen: 83328K(84992K)->2016K(83968K) Eden: 82944K(82944K)->0K(81920K) From: 384K(2048K)->2016K(2048K)
[14547.788s][info][gc,heap        ] GC(31752) ParOldGen: 206050K(206336K)->206210K(206336K)
[14547.788s][info][gc,metaspace   ] GC(31752) Metaspace: 62358K(62592K)->62358K(62592K) NonClass: 53311K(53504K)->53311K(53504K) Class: 9046K(9088K)->9046K(9088K)
[14547.788s][info][gc             ] GC(31752) Pause Young (Allocation Failure) 282M->203M(283M) 2.550ms
[14547.788s][info][gc,cpu         ] GC(31752) User=0.00s Sys=0.00s Real=0.01s
[14548.191s][info][gc,start       ] GC(31753) Pause Young (Allocation Failure)
[14548.194s][info][gc,heap        ] GC(31753) PSYoungGen: 83936K(83968K)->1280K(84480K) Eden: 81920K(81920K)->0K(81920K) From: 2016K(2048K)->1280K(2560K)
[14548.194s][info][gc,heap        ] GC(31753) ParOldGen: 206210K(206336K)->208282K(209408K)
[14548.194s][info][gc,metaspace   ] GC(31753) Metaspace: 62358K(62592K)->62358K(62592K) NonClass: 53311K(53504K)->53311K(53504K) Class: 9046K(9088K)->9046K(9088K)
[14548.194s][info][gc             ] GC(31753) Pause Young (Allocation Failure) 283M->204M(287M) 3.659ms
[14548.194s][info][gc,cpu         ] GC(31753) User=0.00s Sys=0.01s Real=0.00s
[14548.603s][info][gc,start       ] GC(31754) Pause Young (Allocation Failure)
[14548.605s][info][gc,heap        ] GC(31754) PSYoungGen: 83200K(84480K)->1536K(84480K) Eden: 81920K(81920K)->0K(81920K) From: 1280K(2560K)->1536K(2560K)
[14548.605s][info][gc,heap        ] GC(31754) ParOldGen: 208282K(209408K)->208330K(209408K)
[14548.605s][info][gc,metaspace   ] GC(31754) Metaspace: 62358K(62592K)->62358K(62592K) NonClass: 53311K(53504K)->53311K(53504K) Class: 9046K(9088K)->9046K(9088K)
[14548.605s][info][gc             ] GC(31754) Pause Young (Allocation Failure) 284M->204M(287M) 2.687ms
[14548.605s][info][gc,cpu         ] GC(31754) User=0.00s Sys=0.00s Real=0.00s
[14549.010s][info][gc,start       ] GC(31755) Pause Young (Allocation Failure)
[14549.013s][info][gc,heap        ] GC(31755) PSYoungGen: 83456K(84480K)->1536K(84480K) Eden: 81920K(81920K)->0K(81920K) From: 1536K(2560K)->1536K(2560K)
[14549.013s][info][gc,heap        ] GC(31755) ParOldGen: 208330K(209408K)->208378K(209408K)
[14549.013s][info][gc,metaspace   ] GC(31755) Metaspace: 62358K(62592K)->62358K(62592K) NonClass: 53311K(53504K)->53311K(53504K) Class: 9046K(9088K)->9046K(9088K)
[14549.013s][info][gc             ] GC(31755) Pause Young (Allocation Failure) 284M->204M(287M) 2.828ms
[14549.013s][info][gc,cpu         ] GC(31755) User=0.01s Sys=0.00s Real=0.00s
[14549.420s][info][gc,start       ] GC(31756) Pause Young (Allocation Failure)
[14549.423s][info][gc,heap        ] GC(31756) PSYoungGen: 83456K(84480K)->1760K(84480K) Eden: 81920K(81920K)->0K(81920K) From: 1536K(2560K)->1760K(2560K)
[14549.423s][info][gc,heap        ] GC(31756) ParOldGen: 208378K(209408K)->208426K(209408K)
[14549.423s][info][gc,metaspace   ] GC(31756) Metaspace: 62358K(62592K)->62358K(62592K) NonClass: 53311K(53504K)->53311K(53504K) Class: 9046K(9088K)->9046K(9088K)
[14549.423s][info][gc             ] GC(31756) Pause Young (Allocation Failure) 284M->205M(287M) 2.981ms
[14549.423s][info][gc,cpu         ] GC(31756) User=0.01s Sys=0.00s Real=0.00s
[14549.832s][info][gc,start       ] GC(31757) Pause Young (Allocation Failure)
[14549.834s][info][gc,heap        ] GC(31757) PSYoungGen: 83680K(84480K)->352K(84480K) Eden: 81920K(81920K)->0K(81920K) From: 1760K(2560K)->352K(2560K)
[14549.834s][info][gc,heap        ] GC(31757) ParOldGen: 208426K(209408K)->208474K(209408K)
[14549.834s][info][gc,metaspace   ] GC(31757) Metaspace: 62358K(62592K)->62358K(62592K) NonClass: 53311K(53504K)->53311K(53504K) Class: 9046K(9088K)->9046K(9088K)
[14549.834s][info][gc             ] GC(31757) Pause Young (Allocation Failure) 285M->203M(287M) 1.732ms
[14549.834s][info][gc,cpu         ] GC(31757) User=0.01s Sys=0.00s Real=0.00s
[14550.320s][info][gc,start       ] GC(31758) Pause Young (Allocation Failure)
[14550.323s][info][gc,heap        ] GC(31758) PSYoungGen: 82272K(84480K)->1664K(83456K) Eden: 81920K(81920K)->0K(80896K) From: 352K(2560K)->1664K(2560K)
[14550.323s][info][gc,heap        ] GC(31758) ParOldGen: 208474K(209408K)->208522K(209408K)
[14550.323s][info][gc,metaspace   ] GC(31758) Metaspace: 62358K(62592K)->62358K(62592K) NonClass: 53311K(53504K)->53311K(53504K) Class: 9046K(9088K)->9046K(9088K)
[14550.323s][info][gc             ] GC(31758) Pause Young (Allocation Failure) 283M->205M(286M) 2.944ms
[14550.323s][info][gc,cpu         ] GC(31758) User=0.01s Sys=0.00s Real=0.00s
[14550.740s][info][gc,start       ] GC(31759) Pause Young (Allocation Failure)
[14550.742s][info][gc,heap        ] GC(31759) PSYoungGen: 82560K(83456K)->448K(83968K) Eden: 80896K(80896K)->0K(80896K) From: 1664K(2560K)->448K(3072K)
[14550.742s][info][gc,heap        ] GC(31759) ParOldGen: 208522K(209408K)->208642K(209408K)
[14550.742s][info][gc,metaspace   ] GC(31759) Metaspace: 62358K(62592K)->62358K(62592K) NonClass: 53311K(53504K)->53311K(53504K) Class: 9046K(9088K)->9046K(9088K)
[14550.742s][info][gc             ] GC(31759) Pause Young (Allocation Failure) 284M->204M(286M) 1.901ms
[14550.742s][info][gc,cpu         ] GC(31759) User=0.00s Sys=0.00s Real=0.00s
[14551.181s][info][gc,start       ] GC(31760) Pause Young (Allocation Failure)
[14551.183s][info][gc,heap        ] GC(31760) PSYoungGen: 81344K(83968K)->1120K(84480K) Eden: 80896K(80896K)->0K(81408K) From: 448K(3072K)->1120K(3072K)
[14551.183s][info][gc,heap        ] GC(31760) ParOldGen: 208642K(209408K)->208690K(209408K)
[14551.183s][info][gc,metaspace   ] GC(31760) Metaspace: 62358K(62592K)->62358K(62592K) NonClass: 53311K(53504K)->53311K(53504K) Class: 9046K(9088K)->9046K(9088K)
[14551.183s][info][gc             ] GC(31760) Pause Young (Allocation Failure) 283M->204M(287M) 2.386ms
[14551.183s][info][gc,cpu         ] GC(31760) User=0.00s Sys=0.00s Real=0.00s
[14551.582s][info][gc,start       ] GC(31761) Pause Young (Allocation Failure)
[14551.584s][info][gc,heap        ] GC(31761) PSYoungGen: 82528K(84480K)->1120K(83968K) Eden: 81408K(81408K)->0K(81408K) From: 1120K(3072K)->1120K(2560K)
[14551.584s][info][gc,heap        ] GC(31761) ParOldGen: 208690K(209408K)->208738K(209408K)
[14551.584s][info][gc,metaspace   ] GC(31761) Metaspace: 62358K(62592K)->62358K(62592K) NonClass: 53311K(53504K)->53311K(53504K) Class: 9046K(9088K)->9046K(9088K)
[14551.584s][info][gc             ] GC(31761) Pause Young (Allocation Failure) 284M->204M(286M) 2.532ms
[14551.584s][info][gc,cpu         ] GC(31761) User=0.00s Sys=0.00s Real=0.00s
[14551.987s][info][gc,start       ] GC(31762) Pause Young (Allocation Failure)
[14551.989s][info][gc,heap        ] GC(31762) PSYoungGen: 82528K(83968K)->1344K(84480K) Eden: 81408K(81408K)->0K(81920K) From: 1120K(2560K)->1344K(2560K)
[14551.989s][info][gc,heap        ] GC(31762) ParOldGen: 208738K(209408K)->208786K(209408K)
[14551.989s][info][gc,metaspace   ] GC(31762) Metaspace: 62358K(62592K)->62358K(62592K) NonClass: 53311K(53504K)->53311K(53504K) Class: 9046K(9088K)->9046K(9088K)
[14551.989s][info][gc             ] GC(31762) Pause Young (Allocation Failure) 284M->205M(287M) 2.560ms
[14551.989s][info][gc,cpu         ] GC(31762) User=0.01s Sys=0.00s Real=0.00s
[14552.377s][info][gc,start       ] GC(31763) Pause Young (Allocation Failure)
[14552.379s][info][gc,heap        ] GC(31763) PSYoungGen: 83264K(84480K)->2048K(84480K) Eden: 81920K(81920K)->0K(81920K) From: 1344K(2560K)->2048K(2560K)
[14552.379s][info][gc,heap        ] GC(31763) ParOldGen: 208786K(209408K)->208834K(209408K)
[14552.379s][info][gc,metaspace   ] GC(31763) Metaspace: 62358K(62592K)->62358K(62592K) NonClass: 53311K(53504K)->53311K(53504K) Class: 9046K(9088K)->9046K(9088K)
[14552.379s][info][gc             ] GC(31763) Pause Young (Allocation Failure) 285M->205M(287M) 2.485ms
[14552.379s][info][gc,cpu         ] GC(31763) User=0.01s Sys=0.01s Real=0.00s
[14552.835s][info][gc,start       ] GC(31764) Pause Young (Allocation Failure)
[14552.838s][info][gc,heap        ] GC(31764) PSYoungGen: 83968K(84480K)->352K(84480K) Eden: 81920K(81920K)->0K(81920K) From: 2048K(2560K)->352K(2560K)
[14552.838s][info][gc,heap        ] GC(31764) ParOldGen: 208834K(209408K)->210938K(210944K)
[14552.838s][info][gc,metaspace   ] GC(31764) Metaspace: 62358K(62592K)->62358K(62592K) NonClass: 53311K(53504K)->53311K(53504K) Class: 9046K(9088K)->9046K(9088K)
[14552.838s][info][gc             ] GC(31764) Pause Young (Allocation Failure) 285M->206M(288M) 2.965ms
[14552.838s][info][gc,cpu         ] GC(31764) User=0.00s Sys=0.00s Real=0.01s
[14553.290s][info][gc,start       ] GC(31765) Pause Young (Allocation Failure)
[14553.292s][info][gc,heap        ] GC(31765) PSYoungGen: 82271K(84480K)->1184K(84480K) Eden: 81919K(81920K)->0K(81920K) From: 352K(2560K)->1184K(2560K)
[14553.292s][info][gc,heap        ] GC(31765) ParOldGen: 210938K(210944K)->210994K(211456K)
[14553.292s][info][gc,metaspace   ] GC(31765) Metaspace: 62358K(62592K)->62358K(62592K) NonClass: 53311K(53504K)->53311K(53504K) Class: 9046K(9088K)->9046K(9088K)
[14553.292s][info][gc             ] GC(31765) Pause Young (Allocation Failure) 286M->207M(289M) 2.479ms
[14553.292s][info][gc,cpu         ] GC(31765) User=0.01s Sys=0.00s Real=0.00s
[14553.673s][info][gc,start       ] GC(31766) Pause Young (Allocation Failure)
[14553.675s][info][gc,heap        ] GC(31766) PSYoungGen: 83104K(84480K)->992K(84480K) Eden: 81920K(81920K)->0K(81920K) From: 1184K(2560K)->992K(2560K)
[14553.675s][info][gc,heap        ] GC(31766) ParOldGen: 210994K(211456K)->211050K(211456K)
[14553.675s][info][gc,metaspace   ] GC(31766) Metaspace: 62358K(62592K)->62358K(62592K) NonClass: 53311K(53504K)->53311K(53504K) Class: 9046K(9088K)->9046K(9088K)
[14553.675s][info][gc             ] GC(31766) Pause Young (Allocation Failure) 287M->207M(289M) 2.280ms
[14553.675s][info][gc,cpu         ] GC(31766) User=0.01s Sys=0.00s Real=0.00s
[14554.114s][info][gc,start       ] GC(31767) Pause Young (Allocation Failure)
[14554.117s][info][gc,heap        ] GC(31767) PSYoungGen: 82912K(84480K)->1568K(84480K) Eden: 81920K(81920K)->0K(81920K) From: 992K(2560K)->1568K(2560K)
[14554.117s][info][gc,heap        ] GC(31767) ParOldGen: 211050K(211456K)->211098K(211456K)
[14554.117s][info][gc,metaspace   ] GC(31767) Metaspace: 62358K(62592K)->62358K(62592K) NonClass: 53311K(53504K)->53311K(53504K) Class: 9046K(9088K)->9046K(9088K)
[14554.117s][info][gc             ] GC(31767) Pause Young (Allocation Failure) 287M->207M(289M) 2.698ms
[14554.117s][info][gc,cpu         ] GC(31767) User=0.00s Sys=0.00s Real=0.01s
[14554.556s][info][gc,start       ] GC(31768) Pause Young (Allocation Failure)
[14554.558s][info][gc,heap        ] GC(31768) PSYoungGen: 83488K(84480K)->736K(84480K) Eden: 81920K(81920K)->0K(81920K) From: 1568K(2560K)->736K(2560K)
[14554.558s][info][gc,heap        ] GC(31768) ParOldGen: 211098K(211456K)->211146K(211456K)
[14554.558s][info][gc,metaspace   ] GC(31768) Metaspace: 62358K(62592K)->62358K(62592K) NonClass: 53311K(53504K)->53311K(53504K) Class: 9046K(9088K)->9046K(9088K)
[14554.558s][info][gc             ] GC(31768) Pause Young (Allocation Failure) 287M->206M(289M) 2.019ms
[14554.558s][info][gc,cpu         ] GC(31768) User=0.00s Sys=0.00s Real=0.01s
[14554.977s][info][gc,start       ] GC(31769) Pause Young (Allocation Failure)
[14554.980s][info][gc,heap        ] GC(31769) PSYoungGen: 82656K(84480K)->1088K(84480K) Eden: 81920K(81920K)->0K(81920K) From: 736K(2560K)->1088K(2560K)
[14554.980s][info][gc,heap        ] GC(31769) ParOldGen: 211146K(211456K)->211194K(211456K)
[14554.980s][info][gc,metaspace   ] GC(31769) Metaspace: 62358K(62592K)->62358K(62592K) NonClass: 53311K(53504K)->53311K(53504K) Class: 9046K(9088K)->9046K(9088K)
[14554.980s][info][gc             ] GC(31769) Pause Young (Allocation Failure) 286M->207M(289M) 2.339ms
[14554.980s][info][gc,cpu         ] GC(31769) User=0.00s Sys=0.00s Real=0.00s
[14555.377s][info][gc,start       ] GC(31770) Pause Young (Allocation Failure)
[14555.379s][info][gc,heap        ] GC(31770) PSYoungGen: 83008K(84480K)->928K(84480K) Eden: 81920K(81920K)->0K(81920K) From: 1088K(2560K)->928K(2560K)
[14555.379s][info][gc,heap        ] GC(31770) ParOldGen: 211194K(211456K)->211250K(211456K)
[14555.379s][info][gc,metaspace   ] GC(31770) Metaspace: 62358K(62592K)->62358K(62592K) NonClass: 53311K(53504K)->53311K(53504K) Class: 9046K(9088K)->9046K(9088K)
[14555.379s][info][gc             ] GC(31770) Pause Young (Allocation Failure) 287M->207M(289M) 2.266ms
[14555.379s][info][gc,cpu         ] GC(31770) User=0.00s Sys=0.00s Real=0.00s
[14555.793s][info][gc,start       ] GC(31771) Pause Young (Allocation Failure)
[14555.795s][info][gc,heap        ] GC(31771) PSYoungGen: 82848K(84480K)->1280K(84480K) Eden: 81920K(81920K)->0K(81920K) From: 928K(2560K)->1280K(2560K)
[14555.795s][info][gc,heap        ] GC(31771) ParOldGen: 211250K(211456K)->211298K(211456K)
[14555.795s][info][gc,metaspace   ] GC(31771) Metaspace: 62358K(62592K)->62358K(62592K) NonClass: 53311K(53504K)->53311K(53504K) Class: 9046K(9088K)->9046K(9088K)
[14555.795s][info][gc             ] GC(31771) Pause Young (Allocation Failure) 287M->207M(289M) 2.484ms
[14555.795s][info][gc,cpu         ] GC(31771) User=0.00s Sys=0.00s Real=0.00s
[14556.231s][info][gc,start       ] GC(31772) Pause Young (Allocation Failure)
[14556.232s][info][gc,heap        ] GC(31772) PSYoungGen: 83200K(84480K)->320K(84480K) Eden: 81920K(81920K)->0K(81920K) From: 1280K(2560K)->320K(2560K)
[14556.232s][info][gc,heap        ] GC(31772) ParOldGen: 211298K(211456K)->211354K(211456K)
[14556.232s][info][gc,metaspace   ] GC(31772) Metaspace: 62358K(62592K)->62358K(62592K) NonClass: 53311K(53504K)->53311K(53504K) Class: 9046K(9088K)->9046K(9088K)
[14556.233s][info][gc             ] GC(31772) Pause Young (Allocation Failure) 287M->206M(289M) 1.782ms
[14556.233s][info][gc,cpu         ] GC(31772) User=0.01s Sys=0.00s Real=0.00s
[14556.698s][info][gc,start       ] GC(31773) Pause Young (Allocation Failure)
[14556.701s][info][gc,heap        ] GC(31773) PSYoungGen: 82240K(84480K)->2208K(84480K) Eden: 81920K(81920K)->0K(81920K) From: 320K(2560K)->2208K(2560K)
[14556.701s][info][gc,heap        ] GC(31773) ParOldGen: 211354K(211456K)->211402K(211456K)
[14556.701s][info][gc,metaspace   ] GC(31773) Metaspace: 62358K(62592K)->62358K(62592K) NonClass: 53311K(53504K)->53311K(53504K) Class: 9046K(9088K)->9046K(9088K)
[14556.701s][info][gc             ] GC(31773) Pause Young (Allocation Failure) 286M->208M(289M) 2.588ms
[14556.701s][info][gc,cpu         ] GC(31773) User=0.00s Sys=0.01s Real=0.00s
[14557.137s][info][gc,start       ] GC(31774) Pause Young (Allocation Failure)
[14557.140s][info][gc,heap        ] GC(31774) PSYoungGen: 84128K(84480K)->448K(84480K) Eden: 81920K(81920K)->0K(81920K) From: 2208K(2560K)->448K(2560K)
[14557.140s][info][gc,heap        ] GC(31774) ParOldGen: 211402K(211456K)->213506K(214528K)
[14557.140s][info][gc,metaspace   ] GC(31774) Metaspace: 62358K(62592K)->62358K(62592K) NonClass: 53311K(53504K)->53311K(53504K) Class: 9046K(9088K)->9046K(9088K)
[14557.140s][info][gc             ] GC(31774) Pause Young (Allocation Failure) 288M->208M(292M) 3.015ms
[14557.140s][info][gc,cpu         ] GC(31774) User=0.00s Sys=0.01s Real=0.00s
[14557.637s][info][gc,start       ] GC(31775) Pause Young (Allocation Failure)
[14557.639s][info][gc,heap        ] GC(31775) PSYoungGen: 82368K(84480K)->464K(84480K) Eden: 81920K(81920K)->0K(81920K) From: 448K(2560K)->464K(2560K)
[14557.639s][info][gc,heap        ] GC(31775) ParOldGen: 213506K(214528K)->213562K(214528K)
[14557.639s][info][gc,metaspace   ] GC(31775) Metaspace: 62358K(62592K)->62358K(62592K) NonClass: 53311K(53504K)->53311K(53504K) Class: 9046K(9088K)->9046K(9088K)
[14557.639s][info][gc             ] GC(31775) Pause Young (Allocation Failure) 288M->209M(292M) 1.892ms
[14557.639s][info][gc,cpu         ] GC(31775) User=0.01s Sys=0.00s Real=0.00s
[14558.085s][info][gc,start       ] GC(31776) Pause Young (Allocation Failure)
[14558.087s][info][gc,heap        ] GC(31776) PSYoungGen: 82384K(84480K)->1120K(84480K) Eden: 81920K(81920K)->0K(81920K) From: 464K(2560K)->1120K(2560K)
[14558.087s][info][gc,heap        ] GC(31776) ParOldGen: 213562K(214528K)->213666K(214528K)
[14558.087s][info][gc,metaspace   ] GC(31776) Metaspace: 62358K(62592K)->62358K(62592K) NonClass: 53311K(53504K)->53311K(53504K) Class: 9046K(9088K)->9046K(9088K)
[14558.087s][info][gc             ] GC(31776) Pause Young (Allocation Failure) 289M->209M(292M) 2.510ms
[14558.087s][info][gc,cpu         ] GC(31776) User=0.00s Sys=0.00s Real=0.01s
[14558.480s][info][gc,start       ] GC(31777) Pause Young (Allocation Failure)
[14558.482s][info][gc,heap        ] GC(31777) PSYoungGen: 83040K(84480K)->1120K(84480K) Eden: 81920K(81920K)->0K(81920K) From: 1120K(2560K)->1120K(2560K)
[14558.482s][info][gc,heap        ] GC(31777) ParOldGen: 213666K(214528K)->213714K(214528K)
[14558.482s][info][gc,metaspace   ] GC(31777) Metaspace: 62358K(62592K)->62358K(62592K) NonClass: 53311K(53504K)->53311K(53504K) Class: 9046K(9088K)->9046K(9088K)
[14558.482s][info][gc             ] GC(31777) Pause Young (Allocation Failure) 289M->209M(292M) 2.397ms
[14558.482s][info][gc,cpu         ] GC(31777) User=0.00s Sys=0.00s Real=0.00s
[14558.939s][info][gc,start       ] GC(31778) Pause Young (Allocation Failure)
[14558.941s][info][gc,heap        ] GC(31778) PSYoungGen: 83040K(84480K)->448K(84480K) Eden: 81920K(81920K)->0K(81920K) From: 1120K(2560K)->448K(2560K)
[14558.941s][info][gc,heap        ] GC(31778) ParOldGen: 213714K(214528K)->213762K(214528K)
[14558.941s][info][gc,metaspace   ] GC(31778) Metaspace: 62358K(62592K)->62358K(62592K) NonClass: 53311K(53504K)->53311K(53504K) Class: 9046K(9088K)->9046K(9088K)
[14558.941s][info][gc             ] GC(31778) Pause Young (Allocation Failure) 289M->209M(292M) 1.813ms
[14558.941s][info][gc,cpu         ] GC(31778) User=0.00s Sys=0.00s Real=0.00s
[14559.388s][info][gc,start       ] GC(31779) Pause Young (Allocation Failure)
[14559.390s][info][gc,heap        ] GC(31779) PSYoungGen: 82368K(84480K)->1152K(84480K) Eden: 81920K(81920K)->0K(81920K) From: 448K(2560K)->1152K(2560K)
[14559.390s][info][gc,heap        ] GC(31779) ParOldGen: 213762K(214528K)->213810K(214528K)
[14559.390s][info][gc,metaspace   ] GC(31779) Metaspace: 62358K(62592K)->62358K(62592K) NonClass: 53311K(53504K)->53311K(53504K) Class: 9046K(9088K)->9046K(9088K)
[14559.390s][info][gc             ] GC(31779) Pause Young (Allocation Failure) 289M->209M(292M) 2.555ms
[14559.390s][info][gc,cpu         ] GC(31779) User=0.01s Sys=0.00s Real=0.00s
[14559.834s][info][gc,start       ] GC(31780) Pause Young (Allocation Failure)
[14559.835s][info][gc,heap        ] GC(31780) PSYoungGen: 83072K(84480K)->384K(84480K) Eden: 81920K(81920K)->0K(81920K) From: 1152K(2560K)->384K(2560K)
[14559.835s][info][gc,heap        ] GC(31780) ParOldGen: 213810K(214528K)->213858K(214528K)
[14559.835s][info][gc,metaspace   ] GC(31780) Metaspace: 62358K(62592K)->62358K(62592K) NonClass: 53311K(53504K)->53311K(53504K) Class: 9046K(9088K)->9046K(9088K)
[14559.835s][info][gc             ] GC(31780) Pause Young (Allocation Failure) 289M->209M(292M) 1.828ms
[14559.836s][info][gc,cpu         ] GC(31780) User=0.00s Sys=0.00s Real=0.00s
[14560.275s][info][gc,start       ] GC(31781) Pause Young (Allocation Failure)
[14560.277s][info][gc,heap        ] GC(31781) PSYoungGen: 82304K(84480K)->960K(84480K) Eden: 81920K(81920K)->0K(81920K) From: 384K(2560K)->960K(2560K)
[14560.277s][info][gc,heap        ] GC(31781) ParOldGen: 213858K(214528K)->213914K(214528K)
[14560.277s][info][gc,metaspace   ] GC(31781) Metaspace: 62358K(62592K)->62358K(62592K) NonClass: 53311K(53504K)->53311K(53504K) Class: 9046K(9088K)->9046K(9088K)
[14560.277s][info][gc             ] GC(31781) Pause Young (Allocation Failure) 289M->209M(292M) 2.287ms
[14560.277s][info][gc,cpu         ] GC(31781) User=0.00s Sys=0.00s Real=0.01s
[14560.714s][info][gc,start       ] GC(31782) Pause Young (Allocation Failure)
[14560.716s][info][gc,heap        ] GC(31782) PSYoungGen: 82880K(84480K)->1536K(83968K) Eden: 81920K(81920K)->0K(81920K) From: 960K(2560K)->1536K(2048K)
[14560.716s][info][gc,heap        ] GC(31782) ParOldGen: 213914K(214528K)->213970K(214528K)
[14560.716s][info][gc,metaspace   ] GC(31782) Metaspace: 62358K(62592K)->62358K(62592K) NonClass: 53311K(53504K)->53311K(53504K) Class: 9046K(9088K)->9046K(9088K)
[14560.717s][info][gc             ] GC(31782) Pause Young (Allocation Failure) 289M->210M(291M) 2.703ms
[14560.717s][info][gc,cpu         ] GC(31782) User=0.01s Sys=0.00s Real=0.01s
[14561.150s][info][gc,start       ] GC(31783) Pause Young (Allocation Failure)
[14561.152s][info][gc,heap        ] GC(31783) PSYoungGen: 83456K(83968K)->608K(84480K) Eden: 81920K(81920K)->0K(81920K) From: 1536K(2048K)->608K(2560K)
[14561.152s][info][gc,heap        ] GC(31783) ParOldGen: 213970K(214528K)->214026K(214528K)
[14561.152s][info][gc,metaspace   ] GC(31783) Metaspace: 62358K(62592K)->62358K(62592K) NonClass: 53311K(53504K)->53311K(53504K) Class: 9046K(9088K)->9046K(9088K)
[14561.152s][info][gc             ] GC(31783) Pause Young (Allocation Failure) 290M->209M(292M) 1.942ms
[14561.152s][info][gc,cpu         ] GC(31783) User=0.00s Sys=0.00s Real=0.00s
[14561.585s][info][gc,start       ] GC(31784) Pause Young (Allocation Failure)
[14561.588s][info][gc,heap        ] GC(31784) PSYoungGen: 82528K(84480K)->2176K(84480K) Eden: 81920K(81920K)->0K(81920K) From: 608K(2560K)->2176K(2560K)
[14561.588s][info][gc,heap        ] GC(31784) ParOldGen: 214026K(214528K)->215098K(216064K)
[14561.588s][info][gc,metaspace   ] GC(31784) Metaspace: 62358K(62592K)->62358K(62592K) NonClass: 53311K(53504K)->53311K(53504K) Class: 9046K(9088K)->9046K(9088K)
[14561.588s][info][gc             ] GC(31784) Pause Young (Allocation Failure) 289M->212M(293M) 3.077ms
[14561.588s][info][gc,cpu         ] GC(31784) User=0.01s Sys=0.00s Real=0.01s
[14562.032s][info][gc,start       ] GC(31785) Pause Young (Allocation Failure)
[14562.034s][info][gc,heap        ] GC(31785) PSYoungGen: 84096K(84480K)->352K(84480K) Eden: 81920K(81920K)->0K(81920K) From: 2176K(2560K)->352K(2560K)
[14562.034s][info][gc,heap        ] GC(31785) ParOldGen: 215098K(216064K)->217194K(217600K)
[14562.034s][info][gc,metaspace   ] GC(31785) Metaspace: 62358K(62592K)->62358K(62592K) NonClass: 53311K(53504K)->53311K(53504K) Class: 9046K(9088K)->9046K(9088K)
[14562.034s][info][gc             ] GC(31785) Pause Young (Allocation Failure) 292M->212M(295M) 2.837ms
[14562.034s][info][gc,cpu         ] GC(31785) User=0.00s Sys=0.00s Real=0.00s
[14562.466s][info][gc,start       ] GC(31786) Pause Young (Allocation Failure)
[14562.469s][info][gc,heap        ] GC(31786) PSYoungGen: 82272K(84480K)->864K(84480K) Eden: 81920K(81920K)->0K(81920K) From: 352K(2560K)->864K(2560K)
[14562.469s][info][gc,heap        ] GC(31786) ParOldGen: 217194K(217600K)->217242K(217600K)
[14562.469s][info][gc,metaspace   ] GC(31786) Metaspace: 62358K(62592K)->62358K(62592K) NonClass: 53311K(53504K)->53311K(53504K) Class: 9046K(9088K)->9046K(9088K)
[14562.469s][info][gc             ] GC(31786) Pause Young (Allocation Failure) 292M->212M(295M) 2.181ms
[14562.469s][info][gc,cpu         ] GC(31786) User=0.00s Sys=0.00s Real=0.00s
[14562.912s][info][gc,start       ] GC(31787) Pause Young (Allocation Failure)
[14562.915s][info][gc,heap        ] GC(31787) PSYoungGen: 82784K(84480K)->1472K(84480K) Eden: 81920K(81920K)->0K(81920K) From: 864K(2560K)->1472K(2560K)
[14562.915s][info][gc,heap        ] GC(31787) ParOldGen: 217242K(217600K)->217298K(217600K)
[14562.915s][info][gc,metaspace   ] GC(31787) Metaspace: 62358K(62592K)->62358K(62592K) NonClass: 53311K(53504K)->53311K(53504K) Class: 9046K(9088K)->9046K(9088K)
[14562.915s][info][gc             ] GC(31787) Pause Young (Allocation Failure) 292M->213M(295M) 2.675ms
[14562.915s][info][gc,cpu         ] GC(31787) User=0.01s Sys=0.00s Real=0.00s
[14563.349s][info][gc,start       ] GC(31788) Pause Young (Allocation Failure)
[14563.351s][info][gc,heap        ] GC(31788) PSYoungGen: 83392K(84480K)->576K(84480K) Eden: 81920K(81920K)->0K(81920K) From: 1472K(2560K)->576K(2560K)
[14563.351s][info][gc,heap        ] GC(31788) ParOldGen: 217298K(217600K)->217346K(217600K)
[14563.351s][info][gc,metaspace   ] GC(31788) Metaspace: 62358K(62592K)->62358K(62592K) NonClass: 53311K(53504K)->53311K(53504K) Class: 9046K(9088K)->9046K(9088K)
[14563.351s][info][gc             ] GC(31788) Pause Young (Allocation Failure) 293M->212M(295M) 1.996ms
[14563.351s][info][gc,cpu         ] GC(31788) User=0.01s Sys=0.00s Real=0.00s
[14563.791s][info][gc,start       ] GC(31789) Pause Young (Allocation Failure)
[14563.793s][info][gc,heap        ] GC(31789) PSYoungGen: 82496K(84480K)->1184K(84480K) Eden: 81920K(81920K)->0K(81920K) From: 576K(2560K)->1184K(2560K)
[14563.793s][info][gc,heap        ] GC(31789) ParOldGen: 217346K(217600K)->217402K(217600K)
[14563.793s][info][gc,metaspace   ] GC(31789) Metaspace: 62358K(62592K)->62358K(62592K) NonClass: 53311K(53504K)->53311K(53504K) Class: 9046K(9088K)->9046K(9088K)
[14563.793s][info][gc             ] GC(31789) Pause Young (Allocation Failure) 292M->213M(295M) 2.477ms
[14563.793s][info][gc,cpu         ] GC(31789) User=0.00s Sys=0.00s Real=0.00s
[14564.200s][info][gc,start       ] GC(31790) Pause Young (Allocation Failure)
[14564.203s][info][gc,heap        ] GC(31790) PSYoungGen: 83104K(84480K)->1472K(84480K) Eden: 81920K(81920K)->0K(81920K) From: 1184K(2560K)->1472K(2560K)
[14564.203s][info][gc,heap        ] GC(31790) ParOldGen: 217402K(217600K)->217450K(217600K)
[14564.203s][info][gc,metaspace   ] GC(31790) Metaspace: 62358K(62592K)->62358K(62592K) NonClass: 53311K(53504K)->53311K(53504K) Class: 9046K(9088K)->9046K(9088K)
[14564.203s][info][gc             ] GC(31790) Pause Young (Allocation Failure) 293M->213M(295M) 2.685ms
[14564.203s][info][gc,cpu         ] GC(31790) User=0.00s Sys=0.00s Real=0.00s
[14564.698s][info][gc,start       ] GC(31791) Pause Young (Allocation Failure)
[14564.700s][info][gc,heap        ] GC(31791) PSYoungGen: 83392K(84480K)->656K(84480K) Eden: 81920K(81920K)->0K(81920K) From: 1472K(2560K)->656K(2560K)
[14564.700s][info][gc,heap        ] GC(31791) ParOldGen: 217450K(217600K)->217506K(217600K)
[14564.700s][info][gc,metaspace   ] GC(31791) Metaspace: 62358K(62592K)->62358K(62592K) NonClass: 53311K(53504K)->53311K(53504K) Class: 9046K(9088K)->9046K(9088K)
[14564.700s][info][gc             ] GC(31791) Pause Young (Allocation Failure) 293M->213M(295M) 2.133ms
[14564.700s][info][gc,cpu         ] GC(31791) User=0.00s Sys=0.00s Real=0.00s
[14565.154s][info][gc,start       ] GC(31792) Pause Young (Allocation Failure)
[14565.156s][info][gc,heap        ] GC(31792) PSYoungGen: 82576K(84480K)->672K(84480K) Eden: 81920K(81920K)->0K(81920K) From: 656K(2560K)->672K(2560K)
[14565.156s][info][gc,heap        ] GC(31792) ParOldGen: 217506K(217600K)->217610K(218112K)
[14565.156s][info][gc,metaspace   ] GC(31792) Metaspace: 62358K(62592K)->62358K(62592K) NonClass: 53311K(53504K)->53311K(53504K) Class: 9046K(9088K)->9046K(9088K)
[14565.156s][info][gc             ] GC(31792) Pause Young (Allocation Failure) 293M->213M(295M) 2.109ms
[14565.156s][info][gc,cpu         ] GC(31792) User=0.00s Sys=0.00s Real=0.01s
[14565.581s][info][gc,start       ] GC(31793) Pause Young (Allocation Failure)
[14565.583s][info][gc,heap        ] GC(31793) PSYoungGen: 82592K(84480K)->1088K(84480K) Eden: 81920K(81920K)->0K(81920K) From: 672K(2560K)->1088K(2560K)
[14565.583s][info][gc,heap        ] GC(31793) ParOldGen: 217610K(218112K)->217666K(218112K)
[14565.583s][info][gc,metaspace   ] GC(31793) Metaspace: 62358K(62592K)->62358K(62592K) NonClass: 53311K(53504K)->53311K(53504K) Class: 9046K(9088K)->9046K(9088K)
[14565.583s][info][gc             ] GC(31793) Pause Young (Allocation Failure) 293M->213M(295M) 2.442ms
[14565.583s][info][gc,cpu         ] GC(31793) User=0.01s Sys=0.00s Real=0.00s
[14566.052s][info][gc,start       ] GC(31794) Pause Young (Allocation Failure)
[14566.054s][info][gc,heap        ] GC(31794) PSYoungGen: 83008K(84480K)->1632K(84480K) Eden: 81920K(81920K)->0K(81920K) From: 1088K(2560K)->1632K(2560K)
[14566.054s][info][gc,heap        ] GC(31794) ParOldGen: 217666K(218112K)->217714K(218112K)
[14566.054s][info][gc,metaspace   ] GC(31794) Metaspace: 62358K(62592K)->62358K(62592K) NonClass: 53311K(53504K)->53311K(53504K) Class: 9046K(9088K)->9046K(9088K)
[14566.054s][info][gc             ] GC(31794) Pause Young (Allocation Failure) 293M->214M(295M) 2.118ms
[14566.054s][info][gc,cpu         ] GC(31794) User=0.00s Sys=0.00s Real=0.00s
[14566.465s][info][gc,start       ] GC(31795) Pause Young (Allocation Failure)
[14566.468s][info][gc,heap        ] GC(31795) PSYoungGen: 83552K(84480K)->896K(84480K) Eden: 81920K(81920K)->0K(81920K) From: 1632K(2560K)->896K(2560K)
[14566.468s][info][gc,heap        ] GC(31795) ParOldGen: 217714K(218112K)->219810K(221184K)
[14566.468s][info][gc,metaspace   ] GC(31795) Metaspace: 62358K(62592K)->62358K(62592K) NonClass: 53311K(53504K)->53311K(53504K) Class: 9046K(9088K)->9046K(9088K)
[14566.468s][info][gc             ] GC(31795) Pause Young (Allocation Failure) 294M->215M(298M) 3.293ms
[14566.468s][info][gc,cpu         ] GC(31795) User=0.01s Sys=0.01s Real=0.01s
[14566.877s][info][gc,start       ] GC(31796) Pause Young (Allocation Failure)
[14566.880s][info][gc,heap        ] GC(31796) PSYoungGen: 82816K(84480K)->1056K(84992K) Eden: 81920K(81920K)->0K(82432K) From: 896K(2560K)->1056K(2560K)
[14566.880s][info][gc,heap        ] GC(31796) ParOldGen: 219810K(221184K)->219866K(221184K)
[14566.880s][info][gc,metaspace   ] GC(31796) Metaspace: 62358K(62592K)->62358K(62592K) NonClass: 53311K(53504K)->53311K(53504K) Class: 9046K(9088K)->9046K(9088K)
[14566.880s][info][gc             ] GC(31796) Pause Young (Allocation Failure) 295M->215M(299M) 2.362ms
[14566.880s][info][gc,cpu         ] GC(31796) User=0.00s Sys=0.00s Real=0.00s
[14567.284s][info][gc,start       ] GC(31797) Pause Young (Allocation Failure)
[14567.286s][info][gc,heap        ] GC(31797) PSYoungGen: 83488K(84992K)->1120K(84480K) Eden: 82432K(82432K)->0K(82432K) From: 1056K(2560K)->1120K(2048K)
[14567.286s][info][gc,heap        ] GC(31797) ParOldGen: 219866K(221184K)->219922K(221184K)
[14567.286s][info][gc,metaspace   ] GC(31797) Metaspace: 62358K(62592K)->62358K(62592K) NonClass: 53311K(53504K)->53311K(53504K) Class: 9046K(9088K)->9046K(9088K)
[14567.286s][info][gc             ] GC(31797) Pause Young (Allocation Failure) 296M->215M(298M) 2.411ms
[14567.286s][info][gc,cpu         ] GC(31797) User=0.00s Sys=0.00s Real=0.01s
[14567.721s][info][gc,start       ] GC(31798) Pause Young (Allocation Failure)
[14567.723s][info][gc,heap        ] GC(31798) PSYoungGen: 83552K(84480K)->192K(84992K) Eden: 82432K(82432K)->0K(82944K) From: 1120K(2048K)->192K(2048K)
[14567.723s][info][gc,heap        ] GC(31798) ParOldGen: 219922K(221184K)->219978K(221184K)
[14567.723s][info][gc,metaspace   ] GC(31798) Metaspace: 62358K(62592K)->62358K(62592K) NonClass: 53311K(53504K)->53311K(53504K) Class: 9046K(9088K)->9046K(9088K)
[14567.723s][info][gc             ] GC(31798) Pause Young (Allocation Failure) 296M->215M(299M) 1.616ms
[14567.723s][info][gc,cpu         ] GC(31798) User=0.00s Sys=0.00s Real=0.00s
[14568.189s][info][gc,start       ] GC(31799) Pause Young (Allocation Failure)
[14568.191s][info][gc,heap        ] GC(31799) PSYoungGen: 83136K(84992K)->1184K(84992K) Eden: 82944K(82944K)->0K(82944K) From: 192K(2048K)->1184K(2048K)
[14568.191s][info][gc,heap        ] GC(31799) ParOldGen: 219978K(221184K)->220034K(221184K)
[14568.191s][info][gc,metaspace   ] GC(31799) Metaspace: 62358K(62592K)->62358K(62592K) NonClass: 53311K(53504K)->53311K(53504K) Class: 9046K(9088K)->9046K(9088K)
[14568.191s][info][gc             ] GC(31799) Pause Young (Allocation Failure) 296M->216M(299M) 2.471ms
[14568.191s][info][gc,cpu         ] GC(31799) User=0.00s Sys=0.00s Real=0.00s
[14568.651s][info][gc,start       ] GC(31800) Pause Young (Allocation Failure)
[14568.653s][info][gc,heap        ] GC(31800) PSYoungGen: 84128K(84992K)->608K(84992K) Eden: 82944K(82944K)->0K(82944K) From: 1184K(2048K)->608K(2048K)
[14568.653s][info][gc,heap        ] GC(31800) ParOldGen: 220034K(221184K)->220082K(221184K)
[14568.653s][info][gc,metaspace   ] GC(31800) Metaspace: 62358K(62592K)->62358K(62592K) NonClass: 53311K(53504K)->53311K(53504K) Class: 9046K(9088K)->9046K(9088K)
[14568.653s][info][gc             ] GC(31800) Pause Young (Allocation Failure) 297M->215M(299M) 1.993ms
[14568.653s][info][gc,cpu         ] GC(31800) User=0.00s Sys=0.00s Real=0.00s
[14569.084s][info][gc,start       ] GC(31801) Pause Young (Allocation Failure)
[14569.087s][info][gc,heap        ] GC(31801) PSYoungGen: 83552K(84992K)->1216K(84992K) Eden: 82944K(82944K)->0K(82944K) From: 608K(2048K)->1216K(2048K)
[14569.087s][info][gc,heap        ] GC(31801) ParOldGen: 220082K(221184K)->220138K(221184K)
[14569.087s][info][gc,metaspace   ] GC(31801) Metaspace: 62358K(62592K)->62358K(62592K) NonClass: 53311K(53504K)->53311K(53504K) Class: 9046K(9088K)->9046K(9088K)
[14569.087s][info][gc             ] GC(31801) Pause Young (Allocation Failure) 296M->216M(299M) 2.468ms
[14569.087s][info][gc,cpu         ] GC(31801) User=0.00s Sys=0.00s Real=0.01s
[14569.539s][info][gc,start       ] GC(31802) Pause Young (Allocation Failure)
[14569.541s][info][gc,heap        ] GC(31802) PSYoungGen: 84160K(84992K)->448K(84992K) Eden: 82944K(82944K)->0K(82944K) From: 1216K(2048K)->448K(2048K)
[14569.541s][info][gc,heap        ] GC(31802) ParOldGen: 220138K(221184K)->220186K(221184K)
[14569.541s][info][gc,metaspace   ] GC(31802) Metaspace: 62358K(62592K)->62358K(62592K) NonClass: 53311K(53504K)->53311K(53504K) Class: 9046K(9088K)->9046K(9088K)
[14569.541s][info][gc             ] GC(31802) Pause Young (Allocation Failure) 297M->215M(299M) 1.865ms
[14569.541s][info][gc,cpu         ] GC(31802) User=0.01s Sys=0.00s Real=0.00s
[14569.986s][info][gc,start       ] GC(31803) Pause Young (Allocation Failure)
[14569.989s][info][gc,heap        ] GC(31803) PSYoungGen: 83392K(84992K)->1120K(84992K) Eden: 82944K(82944K)->0K(82944K) From: 448K(2048K)->1120K(2048K)
[14569.989s][info][gc,heap        ] GC(31803) ParOldGen: 220186K(221184K)->220234K(221184K)
[14569.989s][info][gc,metaspace   ] GC(31803) Metaspace: 62358K(62592K)->62358K(62592K) NonClass: 53311K(53504K)->53311K(53504K) Class: 9046K(9088K)->9046K(9088K)
[14569.989s][info][gc             ] GC(31803) Pause Young (Allocation Failure) 296M->216M(299M) 2.406ms
[14569.989s][info][gc,cpu         ] GC(31803) User=0.01s Sys=0.00s Real=0.00s
[14570.429s][info][gc,start       ] GC(31804) Pause Young (Allocation Failure)
[14570.431s][info][gc,heap        ] GC(31804) PSYoungGen: 84064K(84992K)->1312K(84992K) Eden: 82944K(82944K)->0K(82944K) From: 1120K(2048K)->1312K(2048K)
[14570.431s][info][gc,heap        ] GC(31804) ParOldGen: 220234K(221184K)->221314K(222720K)
[14570.431s][info][gc,metaspace   ] GC(31804) Metaspace: 62358K(62592K)->62358K(62592K) NonClass: 53311K(53504K)->53311K(53504K) Class: 9046K(9088K)->9046K(9088K)
[14570.431s][info][gc             ] GC(31804) Pause Young (Allocation Failure) 297M->217M(300M) 2.431ms
[14570.432s][info][gc,cpu         ] GC(31804) User=0.00s Sys=0.00s Real=0.00s
[14570.880s][info][gc,start       ] GC(31805) Pause Young (Allocation Failure)
[14570.883s][info][gc,heap        ] GC(31805) PSYoungGen: 84256K(84992K)->1056K(84992K) Eden: 82944K(82944K)->0K(82944K) From: 1312K(2048K)->1056K(2048K)
[14570.883s][info][gc,heap        ] GC(31805) ParOldGen: 221314K(222720K)->223410K(224256K)
[14570.883s][info][gc,metaspace   ] GC(31805) Metaspace: 62358K(62592K)->62358K(62592K) NonClass: 53311K(53504K)->53311K(53504K) Class: 9046K(9088K)->9046K(9088K)
[14570.883s][info][gc             ] GC(31805) Pause Young (Allocation Failure) 298M->219M(302M) 3.423ms
[14570.883s][info][gc,cpu         ] GC(31805) User=0.00s Sys=0.00s Real=0.00s
[14571.318s][info][gc,start       ] GC(31806) Pause Young (Allocation Failure)
[14571.321s][info][gc,heap        ] GC(31806) PSYoungGen: 84000K(84992K)->1568K(84992K) Eden: 82944K(82944K)->0K(82944K) From: 1056K(2048K)->1568K(2048K)
[14571.321s][info][gc,heap        ] GC(31806) ParOldGen: 223410K(224256K)->223458K(224256K)
[14571.321s][info][gc,metaspace   ] GC(31806) Metaspace: 62358K(62592K)->62358K(62592K) NonClass: 53311K(53504K)->53311K(53504K) Class: 9046K(9088K)->9046K(9088K)
[14571.321s][info][gc             ] GC(31806) Pause Young (Allocation Failure) 300M->219M(302M) 2.822ms
[14571.321s][info][gc,cpu         ] GC(31806) User=0.01s Sys=0.00s Real=0.00s
[14571.742s][info][gc,start       ] GC(31807) Pause Young (Allocation Failure)
[14571.744s][info][gc,heap        ] GC(31807) PSYoungGen: 84512K(84992K)->576K(84992K) Eden: 82944K(82944K)->0K(82944K) From: 1568K(2048K)->576K(2048K)
[14571.744s][info][gc,heap        ] GC(31807) ParOldGen: 223458K(224256K)->223506K(224256K)
[14571.744s][info][gc,metaspace   ] GC(31807) Metaspace: 62358K(62592K)->62358K(62592K) NonClass: 53311K(53504K)->53311K(53504K) Class: 9046K(9088K)->9046K(9088K)
[14571.744s][info][gc             ] GC(31807) Pause Young (Allocation Failure) 300M->218M(302M) 1.935ms
[14571.744s][info][gc,cpu         ] GC(31807) User=0.01s Sys=0.00s Real=0.00s
[14572.220s][info][gc,start       ] GC(31808) Pause Young (Allocation Failure)
[14572.222s][info][gc,heap        ] GC(31808) PSYoungGen: 83520K(84992K)->1568K(83968K) Eden: 82944K(82944K)->0K(81920K) From: 576K(2048K)->1568K(2048K)
[14572.222s][info][gc,heap        ] GC(31808) ParOldGen: 223506K(224256K)->223562K(224256K)
[14572.222s][info][gc,metaspace   ] GC(31808) Metaspace: 62358K(62592K)->62358K(62592K) NonClass: 53311K(53504K)->53311K(53504K) Class: 9046K(9088K)->9046K(9088K)
[14572.222s][info][gc             ] GC(31808) Pause Young (Allocation Failure) 299M->219M(301M) 2.818ms
[14572.222s][info][gc,cpu         ] GC(31808) User=0.01s Sys=0.00s Real=0.00s
[14572.655s][info][gc,start       ] GC(31809) Pause Young (Allocation Failure)
[14572.658s][info][gc,heap        ] GC(31809) PSYoungGen: 83488K(83968K)->672K(84480K) Eden: 81920K(81920K)->0K(81920K) From: 1568K(2048K)->672K(2560K)
[14572.658s][info][gc,heap        ] GC(31809) ParOldGen: 223562K(224256K)->223666K(224256K)
[14572.658s][info][gc,metaspace   ] GC(31809) Metaspace: 62358K(62592K)->62358K(62592K) NonClass: 53311K(53504K)->53311K(53504K) Class: 9046K(9088K)->9046K(9088K)
[14572.658s][info][gc             ] GC(31809) Pause Young (Allocation Failure) 299M->219M(301M) 2.105ms
[14572.658s][info][gc,cpu         ] GC(31809) User=0.00s Sys=0.00s Real=0.01s
[14573.098s][info][gc,start       ] GC(31810) Pause Young (Allocation Failure)
[14573.101s][info][gc,heap        ] GC(31810) PSYoungGen: 82592K(84480K)->1088K(84992K) Eden: 81920K(81920K)->0K(82432K) From: 672K(2560K)->1088K(2560K)
[14573.101s][info][gc,heap        ] GC(31810) ParOldGen: 223666K(224256K)->223722K(224256K)
[14573.101s][info][gc,metaspace   ] GC(31810) Metaspace: 62358K(62592K)->62358K(62592K) NonClass: 53311K(53504K)->53311K(53504K) Class: 9046K(9088K)->9046K(9088K)
[14573.101s][info][gc             ] GC(31810) Pause Young (Allocation Failure) 299M->219M(302M) 2.735ms
[14573.101s][info][gc,cpu         ] GC(31810) User=0.01s Sys=0.00s Real=0.00s
[14573.599s][info][gc,start       ] GC(31811) Pause Young (Allocation Failure)
[14573.601s][info][gc,heap        ] GC(31811) PSYoungGen: 83520K(84992K)->1216K(84480K) Eden: 82432K(82432K)->0K(82432K) From: 1088K(2560K)->1216K(2048K)
[14573.601s][info][gc,heap        ] GC(31811) ParOldGen: 223722K(224256K)->223770K(224256K)
[14573.601s][info][gc,metaspace   ] GC(31811) Metaspace: 62358K(62592K)->62358K(62592K) NonClass: 53311K(53504K)->53311K(53504K) Class: 9046K(9088K)->9046K(9088K)
[14573.601s][info][gc             ] GC(31811) Pause Young (Allocation Failure) 300M->219M(301M) 2.648ms
[14573.601s][info][gc,cpu         ] GC(31811) User=0.01s Sys=0.00s Real=0.00s
[14574.089s][info][gc,start       ] GC(31812) Pause Young (Allocation Failure)
[14574.092s][info][gc,heap        ] GC(31812) PSYoungGen: 83648K(84480K)->1088K(84992K) Eden: 82432K(82432K)->0K(82944K) From: 1216K(2048K)->1088K(2048K)
[14574.092s][info][gc,heap        ] GC(31812) ParOldGen: 223770K(224256K)->223818K(224256K)
[14574.092s][info][gc,metaspace   ] GC(31812) Metaspace: 62358K(62592K)->62358K(62592K) NonClass: 53311K(53504K)->53311K(53504K) Class: 9046K(9088K)->9046K(9088K)
[14574.092s][info][gc             ] GC(31812) Pause Young (Allocation Failure) 300M->219M(302M) 2.455ms
[14574.092s][info][gc,cpu         ] GC(31812) User=0.00s Sys=0.00s Real=0.00s
[14574.570s][info][gc,start       ] GC(31813) Pause Young (Allocation Failure)
[14574.573s][info][gc,heap        ] GC(31813) PSYoungGen: 84032K(84992K)->864K(84992K) Eden: 82944K(82944K)->0K(82944K) From: 1088K(2048K)->864K(2048K)
[14574.573s][info][gc,heap        ] GC(31813) ParOldGen: 223818K(224256K)->223866K(224256K)
[14574.573s][info][gc,metaspace   ] GC(31813) Metaspace: 62358K(62592K)->62358K(62592K) NonClass: 53311K(53504K)->53311K(53504K) Class: 9046K(9088K)->9046K(9088K)
[14574.573s][info][gc             ] GC(31813) Pause Young (Allocation Failure) 300M->219M(302M) 2.206ms
[14574.573s][info][gc,cpu         ] GC(31813) User=0.01s Sys=0.00s Real=0.00s
[14575.058s][info][gc,start       ] GC(31814) Pause Young (Allocation Failure)
[14575.060s][info][gc,heap        ] GC(31814) PSYoungGen: 83808K(84992K)->704K(84992K) Eden: 82944K(82944K)->0K(82944K) From: 864K(2048K)->704K(2048K)
[14575.060s][info][gc,heap        ] GC(31814) ParOldGen: 223866K(224256K)->223922K(224256K)
[14575.060s][info][gc,metaspace   ] GC(31814) Metaspace: 62358K(62592K)->62358K(62592K) NonClass: 53311K(53504K)->53311K(53504K) Class: 9046K(9088K)->9046K(9088K)
[14575.060s][info][gc             ] GC(31814) Pause Young (Allocation Failure) 300M->219M(302M) 2.074ms
[14575.060s][info][gc,cpu         ] GC(31814) User=0.00s Sys=0.00s Real=0.00s
[14575.504s][info][gc,start       ] GC(31815) Pause Young (Allocation Failure)
[14575.507s][info][gc,heap        ] GC(31815) PSYoungGen: 83648K(84992K)->2016K(84992K) Eden: 82944K(82944K)->0K(82944K) From: 704K(2048K)->2016K(2048K)
[14575.507s][info][gc,heap        ] GC(31815) ParOldGen: 223922K(224256K)->224322K(224768K)
[14575.507s][info][gc,metaspace   ] GC(31815) Metaspace: 62358K(62592K)->62358K(62592K) NonClass: 53311K(53504K)->53311K(53504K) Class: 9046K(9088K)->9046K(9088K)
[14575.507s][info][gc             ] GC(31815) Pause Young (Allocation Failure) 300M->221M(302M) 3.024ms
[14575.507s][info][gc,cpu         ] GC(31815) User=0.01s Sys=0.00s Real=0.01s
[14575.993s][info][gc,start       ] GC(31816) Pause Young (Allocation Failure)
[14575.996s][info][gc,heap        ] GC(31816) PSYoungGen: 84960K(84992K)->1152K(83968K) Eden: 82944K(82944K)->0K(81920K) From: 2016K(2048K)->1152K(2048K)
[14575.996s][info][gc,heap        ] GC(31816) ParOldGen: 224322K(224768K)->225362K(226304K)
[14575.996s][info][gc,metaspace   ] GC(31816) Metaspace: 62358K(62592K)->62358K(62592K) NonClass: 53311K(53504K)->53311K(53504K) Class: 9046K(9088K)->9046K(9088K)
[14575.996s][info][gc             ] GC(31816) Pause Young (Allocation Failure) 302M->221M(303M) 2.987ms
[14575.996s][info][gc,cpu         ] GC(31816) User=0.01s Sys=0.00s Real=0.01s
[14576.423s][info][gc,start       ] GC(31817) Pause Young (Allocation Failure)
[14576.424s][info][gc,heap        ] GC(31817) PSYoungGen: 83072K(83968K)->224K(84480K) Eden: 81920K(81920K)->0K(81920K) From: 1152K(2048K)->224K(2560K)
[14576.424s][info][gc,heap        ] GC(31817) ParOldGen: 225362K(226304K)->225418K(226304K)
[14576.424s][info][gc,metaspace   ] GC(31817) Metaspace: 62358K(62592K)->62358K(62592K) NonClass: 53311K(53504K)->53311K(53504K) Class: 9046K(9088K)->9046K(9088K)
[14576.424s][info][gc             ] GC(31817) Pause Young (Allocation Failure) 301M->220M(303M) 1.639ms
[14576.424s][info][gc,cpu         ] GC(31817) User=0.00s Sys=0.00s Real=0.00s
[14576.870s][info][gc,start       ] GC(31818) Pause Young (Allocation Failure)
[14576.872s][info][gc,heap        ] GC(31818) PSYoungGen: 82144K(84480K)->928K(84480K) Eden: 81920K(81920K)->0K(81920K) From: 224K(2560K)->928K(2560K)
[14576.872s][info][gc,heap        ] GC(31818) ParOldGen: 225418K(226304K)->225474K(226304K)
[14576.872s][info][gc,metaspace   ] GC(31818) Metaspace: 62358K(62592K)->62358K(62592K) NonClass: 53311K(53504K)->53311K(53504K) Class: 9046K(9088K)->9046K(9088K)
[14576.872s][info][gc             ] GC(31818) Pause Young (Allocation Failure) 300M->221M(303M) 2.230ms
[14576.872s][info][gc,cpu         ] GC(31818) User=0.00s Sys=0.00s Real=0.00s
[14577.324s][info][gc,start       ] GC(31819) Pause Young (Allocation Failure)
[14577.326s][info][gc,heap        ] GC(31819) PSYoungGen: 82848K(84480K)->224K(84480K) Eden: 81920K(81920K)->0K(81920K) From: 928K(2560K)->224K(2560K)
[14577.326s][info][gc,heap        ] GC(31819) ParOldGen: 225474K(226304K)->225530K(226304K)
[14577.326s][info][gc,metaspace   ] GC(31819) Metaspace: 62358K(62592K)->62358K(62592K) NonClass: 53311K(53504K)->53311K(53504K) Class: 9046K(9088K)->9046K(9088K)
[14577.326s][info][gc             ] GC(31819) Pause Young (Allocation Failure) 301M->220M(303M) 1.623ms
[14577.326s][info][gc,cpu         ] GC(31819) User=0.01s Sys=0.00s Real=0.00s
[14577.775s][info][gc,start       ] GC(31820) Pause Young (Allocation Failure)
[14577.777s][info][gc,heap        ] GC(31820) PSYoungGen: 82144K(84480K)->832K(84992K) Eden: 81920K(81920K)->0K(82432K) From: 224K(2560K)->832K(2560K)
[14577.777s][info][gc,heap        ] GC(31820) ParOldGen: 225530K(226304K)->225586K(226304K)
[14577.777s][info][gc,metaspace   ] GC(31820) Metaspace: 62358K(62592K)->62358K(62592K) NonClass: 53311K(53504K)->53311K(53504K) Class: 9046K(9088K)->9046K(9088K)
[14577.777s][info][gc             ] GC(31820) Pause Young (Allocation Failure) 300M->221M(304M) 2.394ms
[14577.777s][info][gc,cpu         ] GC(31820) User=0.00s Sys=0.00s Real=0.01s
[14578.212s][info][gc,start       ] GC(31821) Pause Young (Allocation Failure)
[14578.216s][info][gc,heap        ] GC(31821) PSYoungGen: 83264K(84992K)->1632K(84480K) Eden: 82432K(82432K)->0K(82432K) From: 832K(2560K)->1632K(2048K)
[14578.216s][info][gc,heap        ] GC(31821) ParOldGen: 225586K(226304K)->225642K(226304K)
[14578.216s][info][gc,metaspace   ] GC(31821) Metaspace: 62358K(62592K)->62358K(62592K) NonClass: 53311K(53504K)->53311K(53504K) Class: 9046K(9088K)->9046K(9088K)
[14578.216s][info][gc             ] GC(31821) Pause Young (Allocation Failure) 301M->221M(303M) 3.950ms
[14578.216s][info][gc,cpu         ] GC(31821) User=0.01s Sys=0.00s Real=0.01s
[14578.690s][info][gc,start       ] GC(31822) Pause Young (Allocation Failure)
[14578.692s][info][gc,heap        ] GC(31822) PSYoungGen: 84064K(84480K)->1120K(84480K) Eden: 82432K(82432K)->0K(81920K) From: 1632K(2048K)->1120K(2560K)
[14578.692s][info][gc,heap        ] GC(31822) ParOldGen: 225642K(226304K)->225698K(226304K)
[14578.692s][info][gc,metaspace   ] GC(31822) Metaspace: 62358K(62592K)->62358K(62592K) NonClass: 53311K(53504K)->53311K(53504K) Class: 9046K(9088K)->9046K(9088K)
[14578.692s][info][gc             ] GC(31822) Pause Young (Allocation Failure) 302M->221M(303M) 2.360ms
[14578.692s][info][gc,cpu         ] GC(31822) User=0.01s Sys=0.00s Real=0.00s
[14579.215s][info][gc,start       ] GC(31823) Pause Young (Allocation Failure)
[14579.217s][info][gc,heap        ] GC(31823) PSYoungGen: 83040K(84480K)->1312K(84480K) Eden: 81920K(81920K)->0K(81920K) From: 1120K(2560K)->1312K(2560K)
[14579.217s][info][gc,heap        ] GC(31823) ParOldGen: 225698K(226304K)->225754K(226304K)
[14579.217s][info][gc,metaspace   ] GC(31823) Metaspace: 62358K(62592K)->62358K(62592K) NonClass: 53311K(53504K)->53311K(53504K) Class: 9046K(9088K)->9046K(9088K)
[14579.218s][info][gc             ] GC(31823) Pause Young (Allocation Failure) 301M->221M(303M) 2.528ms
[14579.218s][info][gc,cpu         ] GC(31823) User=0.00s Sys=0.00s Real=0.01s
[14579.740s][info][gc,start       ] GC(31824) Pause Young (Allocation Failure)
[14579.741s][info][gc,heap        ] GC(31824) PSYoungGen: 83232K(84480K)->416K(84480K) Eden: 81920K(81920K)->0K(81920K) From: 1312K(2560K)->416K(2560K)
[14579.742s][info][gc,heap        ] GC(31824) ParOldGen: 225754K(226304K)->225802K(226304K)
[14579.742s][info][gc,metaspace   ] GC(31824) Metaspace: 62358K(62592K)->62358K(62592K) NonClass: 53311K(53504K)->53311K(53504K) Class: 9046K(9088K)->9046K(9088K)
[14579.742s][info][gc             ] GC(31824) Pause Young (Allocation Failure) 301M->220M(303M) 1.807ms
[14579.742s][info][gc,cpu         ] GC(31824) User=0.01s Sys=0.00s Real=0.00s
[14580.217s][info][gc,start       ] GC(31825) Pause Young (Allocation Failure)
[14580.221s][info][gc,heap        ] GC(31825) PSYoungGen: 82336K(84480K)->1712K(84480K) Eden: 81920K(81920K)->0K(81920K) From: 416K(2560K)->1712K(2560K)
[14580.221s][info][gc,heap        ] GC(31825) ParOldGen: 225802K(226304K)->227906K(229376K)
[14580.221s][info][gc,metaspace   ] GC(31825) Metaspace: 62358K(62592K)->62358K(62592K) NonClass: 53311K(53504K)->53311K(53504K) Class: 9046K(9088K)->9046K(9088K)
[14580.221s][info][gc             ] GC(31825) Pause Young (Allocation Failure) 300M->224M(306M) 3.908ms
[14580.221s][info][gc,cpu         ] GC(31825) User=0.01s Sys=0.00s Real=0.00s
[14580.892s][info][gc,start       ] GC(31826) Pause Young (Allocation Failure)
[14580.895s][info][gc,heap        ] GC(31826) PSYoungGen: 83632K(84480K)->2304K(83456K) Eden: 81920K(81920K)->0K(80896K) From: 1712K(2560K)->2304K(2560K)
[14580.895s][info][gc,heap        ] GC(31826) ParOldGen: 227906K(229376K)->229130K(229376K)
[14580.895s][info][gc,metaspace   ] GC(31826) Metaspace: 62359K(62592K)->62359K(62592K) NonClass: 53313K(53504K)->53313K(53504K) Class: 9046K(9088K)->9046K(9088K)
[14580.895s][info][gc             ] GC(31826) Pause Young (Allocation Failure) 304M->226M(305M) 3.485ms
[14580.895s][info][gc,cpu         ] GC(31826) User=0.00s Sys=0.00s Real=0.00s
[14581.345s][info][gc,start       ] GC(31827) Pause Young (Allocation Failure)
[14581.348s][info][gc,heap        ] GC(31827) PSYoungGen: 83200K(83456K)->576K(83968K) Eden: 80896K(80896K)->0K(80896K) From: 2304K(2560K)->576K(3072K)
[14581.348s][info][gc,heap        ] GC(31827) ParOldGen: 229130K(229376K)->231302K(232448K)
[14581.348s][info][gc,metaspace   ] GC(31827) Metaspace: 62359K(62592K)->62359K(62592K) NonClass: 53313K(53504K)->53313K(53504K) Class: 9046K(9088K)->9046K(9088K)
[14581.348s][info][gc             ] GC(31827) Pause Young (Allocation Failure) 305M->226M(309M) 3.247ms
[14581.348s][info][gc,cpu         ] GC(31827) User=0.01s Sys=0.00s Real=0.01s
[14581.797s][info][gc,start       ] GC(31828) Pause Young (Allocation Failure)
[14581.799s][info][gc,heap        ] GC(31828) PSYoungGen: 81472K(83968K)->1344K(84480K) Eden: 80896K(80896K)->0K(81408K) From: 576K(3072K)->1344K(3072K)
[14581.799s][info][gc,heap        ] GC(31828) ParOldGen: 231302K(232448K)->231366K(232448K)
[14581.799s][info][gc,metaspace   ] GC(31828) Metaspace: 62359K(62592K)->62359K(62592K) NonClass: 53313K(53504K)->53313K(53504K) Class: 9046K(9088K)->9046K(9088K)
[14581.799s][info][gc             ] GC(31828) Pause Young (Allocation Failure) 305M->227M(309M) 2.702ms
[14581.799s][info][gc,cpu         ] GC(31828) User=0.01s Sys=0.00s Real=0.00s
[14582.306s][info][gc,start       ] GC(31829) Pause Young (Allocation Failure)
[14582.309s][info][gc,heap        ] GC(31829) PSYoungGen: 82752K(84480K)->1376K(83968K) Eden: 81408K(81408K)->0K(81408K) From: 1344K(3072K)->1376K(2560K)
[14582.309s][info][gc,heap        ] GC(31829) ParOldGen: 231366K(232448K)->231414K(232448K)
[14582.309s][info][gc,metaspace   ] GC(31829) Metaspace: 62359K(62592K)->62359K(62592K) NonClass: 53313K(53504K)->53313K(53504K) Class: 9046K(9088K)->9046K(9088K)
[14582.309s][info][gc             ] GC(31829) Pause Young (Allocation Failure) 306M->227M(309M) 2.670ms
[14582.309s][info][gc,cpu         ] GC(31829) User=0.01s Sys=0.00s Real=0.00s
[14582.769s][info][gc,start       ] GC(31830) Pause Young (Allocation Failure)
[14582.771s][info][gc,heap        ] GC(31830) PSYoungGen: 82784K(83968K)->864K(84480K) Eden: 81408K(81408K)->0K(81920K) From: 1376K(2560K)->864K(2560K)
[14582.771s][info][gc,heap        ] GC(31830) ParOldGen: 231414K(232448K)->231470K(232448K)
[14582.771s][info][gc,metaspace   ] GC(31830) Metaspace: 62359K(62592K)->62359K(62592K) NonClass: 53313K(53504K)->53313K(53504K) Class: 9046K(9088K)->9046K(9088K)
[14582.771s][info][gc             ] GC(31830) Pause Young (Allocation Failure) 306M->226M(309M) 2.200ms
[14582.771s][info][gc,cpu         ] GC(31830) User=0.01s Sys=0.00s Real=0.00s
[14583.273s][info][gc,start       ] GC(31831) Pause Young (Allocation Failure)
[14583.275s][info][gc,heap        ] GC(31831) PSYoungGen: 82784K(84480K)->864K(84480K) Eden: 81920K(81920K)->0K(81920K) From: 864K(2560K)->864K(2560K)
[14583.275s][info][gc,heap        ] GC(31831) ParOldGen: 231470K(232448K)->231518K(232448K)
[14583.275s][info][gc,metaspace   ] GC(31831) Metaspace: 62359K(62592K)->62359K(62592K) NonClass: 53313K(53504K)->53313K(53504K) Class: 9046K(9088K)->9046K(9088K)
[14583.275s][info][gc             ] GC(31831) Pause Young (Allocation Failure) 306M->226M(309M) 2.115ms
[14583.275s][info][gc,cpu         ] GC(31831) User=0.01s Sys=0.00s Real=0.00s
[14583.718s][info][gc,start       ] GC(31832) Pause Young (Allocation Failure)
[14583.721s][info][gc,heap        ] GC(31832) PSYoungGen: 82784K(84480K)->1568K(84480K) Eden: 81920K(81920K)->0K(81920K) From: 864K(2560K)->1568K(2560K)
[14583.721s][info][gc,heap        ] GC(31832) ParOldGen: 231518K(232448K)->231566K(232448K)
[14583.721s][info][gc,metaspace   ] GC(31832) Metaspace: 62359K(62592K)->62359K(62592K) NonClass: 53313K(53504K)->53313K(53504K) Class: 9046K(9088K)->9046K(9088K)
[14583.721s][info][gc             ] GC(31832) Pause Young (Allocation Failure) 306M->227M(309M) 2.784ms
[14583.721s][info][gc,cpu         ] GC(31832) User=0.01s Sys=0.00s Real=0.00s
[14584.181s][info][gc,start       ] GC(31833) Pause Young (Allocation Failure)
[14584.183s][info][gc,heap        ] GC(31833) PSYoungGen: 83488K(84480K)->992K(84480K) Eden: 81920K(81920K)->0K(81920K) From: 1568K(2560K)->992K(2560K)
[14584.183s][info][gc,heap        ] GC(31833) ParOldGen: 231566K(232448K)->231614K(232448K)
[14584.183s][info][gc,metaspace   ] GC(31833) Metaspace: 62359K(62592K)->62359K(62592K) NonClass: 53313K(53504K)->53313K(53504K) Class: 9046K(9088K)->9046K(9088K)
[14584.183s][info][gc             ] GC(31833) Pause Young (Allocation Failure) 307M->227M(309M) 2.295ms
[14584.183s][info][gc,cpu         ] GC(31833) User=0.01s Sys=0.00s Real=0.00s
[14584.663s][info][gc,start       ] GC(31834) Pause Young (Allocation Failure)
[14584.665s][info][gc,heap        ] GC(31834) PSYoungGen: 82912K(84480K)->704K(84480K) Eden: 81920K(81920K)->0K(81920K) From: 992K(2560K)->704K(2560K)
[14584.665s][info][gc,heap        ] GC(31834) ParOldGen: 231614K(232448K)->231670K(232448K)
[14584.665s][info][gc,metaspace   ] GC(31834) Metaspace: 62359K(62592K)->62359K(62592K) NonClass: 53313K(53504K)->53313K(53504K) Class: 9046K(9088K)->9046K(9088K)
[14584.665s][info][gc             ] GC(31834) Pause Young (Allocation Failure) 307M->226M(309M) 2.083ms
[14584.665s][info][gc,cpu         ] GC(31834) User=0.00s Sys=0.00s Real=0.00s
[14585.097s][info][gc,start       ] GC(31835) Pause Young (Allocation Failure)
[14585.100s][info][gc,heap        ] GC(31835) PSYoungGen: 82624K(84480K)->2336K(84480K) Eden: 81920K(81920K)->0K(81920K) From: 704K(2560K)->2336K(2560K)
[14585.100s][info][gc,heap        ] GC(31835) ParOldGen: 231670K(232448K)->231718K(232448K)
[14585.100s][info][gc,metaspace   ] GC(31835) Metaspace: 62359K(62592K)->62359K(62592K) NonClass: 53313K(53504K)->53313K(53504K) Class: 9046K(9088K)->9046K(9088K)
[14585.100s][info][gc             ] GC(31835) Pause Young (Allocation Failure) 306M->228M(309M) 2.780ms
[14585.100s][info][gc,cpu         ] GC(31835) User=0.00s Sys=0.00s Real=0.00s
[14585.583s][info][gc,start       ] GC(31836) Pause Young (Allocation Failure)
[14585.585s][info][gc,heap        ] GC(31836) PSYoungGen: 84256K(84480K)->1024K(84480K) Eden: 81920K(81920K)->0K(81920K) From: 2336K(2560K)->1024K(2560K)
[14585.585s][info][gc,heap        ] GC(31836) ParOldGen: 231718K(232448K)->232798K(233984K)
[14585.585s][info][gc,metaspace   ] GC(31836) Metaspace: 62359K(62592K)->62359K(62592K) NonClass: 53313K(53504K)->53313K(53504K) Class: 9046K(9088K)->9046K(9088K)
[14585.586s][info][gc             ] GC(31836) Pause Young (Allocation Failure) 308M->228M(311M) 2.954ms
[14585.586s][info][gc,cpu         ] GC(31836) User=0.00s Sys=0.00s Real=0.00s
[14586.045s][info][gc,start       ] GC(31837) Pause Young (Allocation Failure)
[14586.047s][info][gc,heap        ] GC(31837) PSYoungGen: 82944K(84480K)->576K(84480K) Eden: 81920K(81920K)->0K(81920K) From: 1024K(2560K)->576K(2560K)
[14586.047s][info][gc,heap        ] GC(31837) ParOldGen: 232798K(233984K)->232846K(233984K)
[14586.047s][info][gc,metaspace   ] GC(31837) Metaspace: 62359K(62592K)->62359K(62592K) NonClass: 53313K(53504K)->53313K(53504K) Class: 9046K(9088K)->9046K(9088K)
[14586.047s][info][gc             ] GC(31837) Pause Young (Allocation Failure) 308M->227M(311M) 2.058ms
[14586.047s][info][gc,cpu         ] GC(31837) User=0.00s Sys=0.00s Real=0.01s
[14586.461s][info][gc,start       ] GC(31838) Pause Young (Allocation Failure)
[14586.463s][info][gc,heap        ] GC(31838) PSYoungGen: 82496K(84480K)->832K(84480K) Eden: 81920K(81920K)->0K(81920K) From: 576K(2560K)->832K(2560K)
[14586.463s][info][gc,heap        ] GC(31838) ParOldGen: 232846K(233984K)->232894K(233984K)
[14586.463s][info][gc,metaspace   ] GC(31838) Metaspace: 62359K(62592K)->62359K(62592K) NonClass: 53313K(53504K)->53313K(53504K) Class: 9046K(9088K)->9046K(9088K)
[14586.463s][info][gc             ] GC(31838) Pause Young (Allocation Failure) 307M->228M(311M) 2.215ms
[14586.463s][info][gc,cpu         ] GC(31838) User=0.01s Sys=0.00s Real=0.00s
[14586.962s][info][gc,start       ] GC(31839) Pause Young (Allocation Failure)
[14586.964s][info][gc,heap        ] GC(31839) PSYoungGen: 82752K(84480K)->704K(84480K) Eden: 81920K(81920K)->0K(81920K) From: 832K(2560K)->704K(2560K)
[14586.964s][info][gc,heap        ] GC(31839) ParOldGen: 232894K(233984K)->232942K(233984K)
[14586.964s][info][gc,metaspace   ] GC(31839) Metaspace: 62359K(62592K)->62359K(62592K) NonClass: 53313K(53504K)->53313K(53504K) Class: 9046K(9088K)->9046K(9088K)
[14586.964s][info][gc             ] GC(31839) Pause Young (Allocation Failure) 308M->228M(311M) 2.109ms
[14586.965s][info][gc,cpu         ] GC(31839) User=0.01s Sys=0.00s Real=0.00s
[14587.456s][info][gc,start       ] GC(31840) Pause Young (Allocation Failure)
[14587.458s][info][gc,heap        ] GC(31840) PSYoungGen: 82624K(84480K)->672K(84480K) Eden: 81920K(81920K)->0K(81920K) From: 704K(2560K)->672K(2560K)
[14587.458s][info][gc,heap        ] GC(31840) ParOldGen: 232942K(233984K)->232990K(233984K)
[14587.458s][info][gc,metaspace   ] GC(31840) Metaspace: 62359K(62592K)->62359K(62592K) NonClass: 53313K(53504K)->53313K(53504K) Class: 9046K(9088K)->9046K(9088K)
[14587.458s][info][gc             ] GC(31840) Pause Young (Allocation Failure) 308M->228M(311M) 2.088ms
[14587.458s][info][gc,cpu         ] GC(31840) User=0.00s Sys=0.00s Real=0.00s
[14587.997s][info][gc,start       ] GC(31841) Pause Young (Allocation Failure)
[14587.999s][info][gc,heap        ] GC(31841) PSYoungGen: 82592K(84480K)->592K(84480K) Eden: 81920K(81920K)->0K(81920K) From: 672K(2560K)->592K(2560K)
[14587.999s][info][gc,heap        ] GC(31841) ParOldGen: 232990K(233984K)->233038K(233984K)
[14587.999s][info][gc,metaspace   ] GC(31841) Metaspace: 62359K(62592K)->62359K(62592K) NonClass: 53313K(53504K)->53313K(53504K) Class: 9046K(9088K)->9046K(9088K)
[14587.999s][info][gc             ] GC(31841) Pause Young (Allocation Failure) 308M->228M(311M) 2.128ms
[14587.999s][info][gc,cpu         ] GC(31841) User=0.01s Sys=0.00s Real=0.00s
[14588.478s][info][gc,start       ] GC(31842) Pause Young (Allocation Failure)
[14588.481s][info][gc,heap        ] GC(31842) PSYoungGen: 82512K(84480K)->960K(84480K) Eden: 81920K(81920K)->0K(81920K) From: 592K(2560K)->960K(2560K)
[14588.481s][info][gc,heap        ] GC(31842) ParOldGen: 233038K(233984K)->233142K(233984K)
[14588.481s][info][gc,metaspace   ] GC(31842) Metaspace: 62363K(62592K)->62363K(62592K) NonClass: 53317K(53504K)->53317K(53504K) Class: 9046K(9088K)->9046K(9088K)
[14588.481s][info][gc             ] GC(31842) Pause Young (Allocation Failure) 308M->228M(311M) 2.443ms
[14588.481s][info][gc,cpu         ] GC(31842) User=0.01s Sys=0.00s Real=0.00s
[14588.955s][info][gc,start       ] GC(31843) Pause Young (Allocation Failure)
[14588.957s][info][gc,heap        ] GC(31843) PSYoungGen: 82880K(84480K)->608K(84480K) Eden: 81920K(81920K)->0K(81920K) From: 960K(2560K)->608K(2560K)
[14588.957s][info][gc,heap        ] GC(31843) ParOldGen: 233142K(233984K)->233198K(233984K)
[14588.957s][info][gc,metaspace   ] GC(31843) Metaspace: 62363K(62592K)->62363K(62592K) NonClass: 53317K(53504K)->53317K(53504K) Class: 9046K(9088K)->9046K(9088K)
[14588.957s][info][gc             ] GC(31843) Pause Young (Allocation Failure) 308M->228M(311M) 2.100ms
[14588.957s][info][gc,cpu         ] GC(31843) User=0.01s Sys=0.00s Real=0.01s
[14589.435s][info][gc,start       ] GC(31844) Pause Young (Allocation Failure)
[14589.436s][info][gc,heap        ] GC(31844) PSYoungGen: 82528K(84480K)->384K(84992K) Eden: 81920K(81920K)->0K(82944K) From: 608K(2560K)->384K(2048K)
[14589.436s][info][gc,heap        ] GC(31844) ParOldGen: 233198K(233984K)->233254K(233984K)
[14589.436s][info][gc,metaspace   ] GC(31844) Metaspace: 62363K(62592K)->62363K(62592K) NonClass: 53317K(53504K)->53317K(53504K) Class: 9046K(9088K)->9046K(9088K)
[14589.437s][info][gc             ] GC(31844) Pause Young (Allocation Failure) 308M->228M(311M) 1.831ms
[14589.437s][info][gc,cpu         ] GC(31844) User=0.00s Sys=0.00s Real=0.01s
[14589.925s][info][gc,start       ] GC(31845) Pause Young (Allocation Failure)
[14589.928s][info][gc,heap        ] GC(31845) PSYoungGen: 83328K(84992K)->1280K(84480K) Eden: 82944K(82944K)->0K(82944K) From: 384K(2048K)->1280K(1536K)
[14589.928s][info][gc,heap        ] GC(31845) ParOldGen: 233254K(233984K)->234326K(235520K)
[14589.928s][info][gc,metaspace   ] GC(31845) Metaspace: 62363K(62592K)->62363K(62592K) NonClass: 53317K(53504K)->53317K(53504K) Class: 9046K(9088K)->9046K(9088K)
[14589.928s][info][gc             ] GC(31845) Pause Young (Allocation Failure) 309M->230M(312M) 2.414ms
[14589.928s][info][gc,cpu         ] GC(31845) User=0.00s Sys=0.01s Real=0.01s
[14590.378s][info][gc,start       ] GC(31846) Pause Young (Allocation Failure)
[14590.382s][info][gc,heap        ] GC(31846) PSYoungGen: 84224K(84480K)->1056K(84992K) Eden: 82944K(82944K)->0K(82432K) From: 1280K(1536K)->1056K(2560K)
[14590.382s][info][gc,heap        ] GC(31846) ParOldGen: 234326K(235520K)->236423K(237056K)
[14590.382s][info][gc,metaspace   ] GC(31846) Metaspace: 62363K(62592K)->62363K(62592K) NonClass: 53317K(53504K)->53317K(53504K) Class: 9046K(9088K)->9046K(9088K)
[14590.382s][info][gc             ] GC(31846) Pause Young (Allocation Failure) 311M->231M(314M) 3.465ms
[14590.382s][info][gc,cpu         ] GC(31846) User=0.00s Sys=0.00s Real=0.00s
[14590.820s][info][gc,start       ] GC(31847) Pause Young (Allocation Failure)
[14590.823s][info][gc,heap        ] GC(31847) PSYoungGen: 83488K(84992K)->1696K(84480K) Eden: 82432K(82432K)->0K(82432K) From: 1056K(2560K)->1696K(2048K)
[14590.823s][info][gc,heap        ] GC(31847) ParOldGen: 236423K(237056K)->236471K(237056K)
[14590.823s][info][gc,metaspace   ] GC(31847) Metaspace: 62363K(62592K)->62363K(62592K) NonClass: 53317K(53504K)->53317K(53504K) Class: 9046K(9088K)->9046K(9088K)
[14590.823s][info][gc             ] GC(31847) Pause Young (Allocation Failure) 312M->232M(314M) 3.042ms
[14590.823s][info][gc,cpu         ] GC(31847) User=0.01s Sys=0.00s Real=0.00s
[14591.272s][info][gc,start       ] GC(31848) Pause Young (Allocation Failure)
[14591.275s][info][gc,heap        ] GC(31848) PSYoungGen: 84128K(84480K)->896K(84480K) Eden: 82432K(82432K)->0K(81920K) From: 1696K(2048K)->896K(2560K)
[14591.275s][info][gc,heap        ] GC(31848) ParOldGen: 236471K(237056K)->236519K(237056K)
[14591.275s][info][gc,metaspace   ] GC(31848) Metaspace: 62363K(62592K)->62363K(62592K) NonClass: 53317K(53504K)->53317K(53504K) Class: 9046K(9088K)->9046K(9088K)
[14591.275s][info][gc             ] GC(31848) Pause Young (Allocation Failure) 313M->231M(314M) 2.305ms
[14591.275s][info][gc,cpu         ] GC(31848) User=0.00s Sys=0.00s Real=0.00s
[14591.740s][info][gc,start       ] GC(31849) Pause Young (Allocation Failure)
[14591.742s][info][gc,heap        ] GC(31849) PSYoungGen: 82816K(84480K)->416K(84480K) Eden: 81920K(81920K)->0K(81920K) From: 896K(2560K)->416K(2560K)
[14591.742s][info][gc,heap        ] GC(31849) ParOldGen: 236519K(237056K)->236567K(237056K)
[14591.742s][info][gc,metaspace   ] GC(31849) Metaspace: 62363K(62592K)->62363K(62592K) NonClass: 53317K(53504K)->53317K(53504K) Class: 9046K(9088K)->9046K(9088K)
[14591.742s][info][gc             ] GC(31849) Pause Young (Allocation Failure) 311M->231M(314M) 1.983ms
[14591.742s][info][gc,cpu         ] GC(31849) User=0.00s Sys=0.00s Real=0.00s
[14592.196s][info][gc,start       ] GC(31850) Pause Young (Allocation Failure)
[14592.198s][info][gc,heap        ] GC(31850) PSYoungGen: 82336K(84480K)->1312K(84480K) Eden: 81920K(81920K)->0K(81920K) From: 416K(2560K)->1312K(2560K)
[14592.198s][info][gc,heap        ] GC(31850) ParOldGen: 236567K(237056K)->236615K(237056K)
[14592.198s][info][gc,metaspace   ] GC(31850) Metaspace: 62363K(62592K)->62363K(62592K) NonClass: 53317K(53504K)->53317K(53504K) Class: 9046K(9088K)->9046K(9088K)
[14592.198s][info][gc             ] GC(31850) Pause Young (Allocation Failure) 311M->232M(314M) 2.781ms
[14592.198s][info][gc,cpu         ] GC(31850) User=0.00s Sys=0.00s Real=0.01s
[14592.721s][info][gc,start       ] GC(31851) Pause Young (Allocation Failure)
[14592.723s][info][gc,heap        ] GC(31851) PSYoungGen: 83232K(84480K)->192K(84480K) Eden: 81920K(81920K)->0K(81920K) From: 1312K(2560K)->192K(2560K)
[14592.723s][info][gc,heap        ] GC(31851) ParOldGen: 236615K(237056K)->236671K(237056K)
[14592.723s][info][gc,metaspace   ] GC(31851) Metaspace: 62363K(62592K)->62363K(62592K) NonClass: 53317K(53504K)->53317K(53504K) Class: 9046K(9088K)->9046K(9088K)
[14592.723s][info][gc             ] GC(31851) Pause Young (Allocation Failure) 312M->231M(314M) 1.762ms
[14592.723s][info][gc,cpu         ] GC(31851) User=0.00s Sys=0.00s Real=0.00s
[14593.225s][info][gc,start       ] GC(31852) Pause Young (Allocation Failure)
[14593.226s][info][gc,heap        ] GC(31852) PSYoungGen: 82112K(84480K)->256K(84480K) Eden: 81920K(81920K)->0K(81920K) From: 192K(2560K)->256K(2560K)
[14593.226s][info][gc,heap        ] GC(31852) ParOldGen: 236671K(237056K)->236719K(237056K)
[14593.226s][info][gc,metaspace   ] GC(31852) Metaspace: 62363K(62592K)->62363K(62592K) NonClass: 53317K(53504K)->53317K(53504K) Class: 9046K(9088K)->9046K(9088K)
[14593.226s][info][gc             ] GC(31852) Pause Young (Allocation Failure) 311M->231M(314M) 1.764ms
[14593.226s][info][gc,cpu         ] GC(31852) User=0.00s Sys=0.00s Real=0.01s
[14593.669s][info][gc,start       ] GC(31853) Pause Young (Allocation Failure)
[14593.671s][info][gc,heap        ] GC(31853) PSYoungGen: 82176K(84480K)->864K(84480K) Eden: 81920K(81920K)->0K(81920K) From: 256K(2560K)->864K(2560K)
[14593.671s][info][gc,heap        ] GC(31853) ParOldGen: 236719K(237056K)->236775K(237056K)
[14593.671s][info][gc,metaspace   ] GC(31853) Metaspace: 62363K(62592K)->62363K(62592K) NonClass: 53317K(53504K)->53317K(53504K) Class: 9046K(9088K)->9046K(9088K)
[14593.671s][info][gc             ] GC(31853) Pause Young (Allocation Failure) 311M->232M(314M) 2.248ms
[14593.671s][info][gc,cpu         ] GC(31853) User=0.01s Sys=0.00s Real=0.00s
[14594.138s][info][gc,start       ] GC(31854) Pause Young (Allocation Failure)
[14594.140s][info][gc,heap        ] GC(31854) PSYoungGen: 82784K(84480K)->384K(84992K) Eden: 81920K(81920K)->0K(82944K) From: 864K(2560K)->384K(2048K)
[14594.140s][info][gc,heap        ] GC(31854) ParOldGen: 236775K(237056K)->236831K(237056K)
[14594.140s][info][gc,metaspace   ] GC(31854) Metaspace: 62363K(62592K)->62363K(62592K) NonClass: 53317K(53504K)->53317K(53504K) Class: 9046K(9088K)->9046K(9088K)
[14594.140s][info][gc             ] GC(31854) Pause Young (Allocation Failure) 312M->231M(314M) 1.875ms
[14594.140s][info][gc,cpu         ] GC(31854) User=0.00s Sys=0.00s Real=0.00s
[14594.600s][info][gc,start       ] GC(31855) Pause Young (Allocation Failure)
[14594.603s][info][gc,heap        ] GC(31855) PSYoungGen: 83328K(84992K)->1280K(84992K) Eden: 82944K(82944K)->0K(82944K) From: 384K(2048K)->1280K(2048K)
[14594.603s][info][gc,heap        ] GC(31855) ParOldGen: 236831K(237056K)->236879K(237056K)
[14594.603s][info][gc,metaspace   ] GC(31855) Metaspace: 62363K(62592K)->62363K(62592K) NonClass: 53317K(53504K)->53317K(53504K) Class: 9046K(9088K)->9046K(9088K)
[14594.603s][info][gc             ] GC(31855) Pause Young (Allocation Failure) 312M->232M(314M) 2.747ms
[14594.603s][info][gc,cpu         ] GC(31855) User=0.00s Sys=0.00s Real=0.00s
[14595.061s][info][gc,start       ] GC(31856) Pause Young (Allocation Failure)
[14595.063s][info][gc,heap        ] GC(31856) PSYoungGen: 84224K(84992K)->1792K(83968K) Eden: 82944K(82944K)->0K(81920K) From: 1280K(2048K)->1792K(2048K)
[14595.063s][info][gc,heap        ] GC(31856) ParOldGen: 236879K(237056K)->236927K(237056K)
[14595.063s][info][gc,metaspace   ] GC(31856) Metaspace: 62363K(62592K)->62363K(62592K) NonClass: 53317K(53504K)->53317K(53504K) Class: 9046K(9088K)->9046K(9088K)
[14595.063s][info][gc             ] GC(31856) Pause Young (Allocation Failure) 313M->233M(313M) 2.287ms
[14595.063s][info][gc,cpu         ] GC(31856) User=0.00s Sys=0.00s Real=0.00s
[14595.486s][info][gc,start       ] GC(31857) Pause Young (Allocation Failure)
[14595.489s][info][gc,heap        ] GC(31857) PSYoungGen: 83712K(83968K)->1120K(84480K) Eden: 81920K(81920K)->0K(81920K) From: 1792K(2048K)->1120K(2560K)
[14595.489s][info][gc,heap        ] GC(31857) ParOldGen: 236927K(237056K)->238007K(238592K)
[14595.489s][info][gc,metaspace   ] GC(31857) Metaspace: 62363K(62592K)->62363K(62592K) NonClass: 53317K(53504K)->53317K(53504K) Class: 9046K(9088K)->9046K(9088K)
[14595.489s][info][gc             ] GC(31857) Pause Young (Allocation Failure) 313M->233M(315M) 3.141ms
[14595.489s][info][gc,cpu         ] GC(31857) User=0.01s Sys=0.00s Real=0.00s
[14596.015s][info][gc,start       ] GC(31858) Pause Young (Allocation Failure)
[14596.018s][info][gc,heap        ] GC(31858) PSYoungGen: 83040K(84480K)->1424K(84480K) Eden: 81920K(81920K)->0K(81920K) From: 1120K(2560K)->1424K(2560K)
[14596.018s][info][gc,heap        ] GC(31858) ParOldGen: 238007K(238592K)->238063K(238592K)
[14596.018s][info][gc,metaspace   ] GC(31858) Metaspace: 62363K(62592K)->62363K(62592K) NonClass: 53317K(53504K)->53317K(53504K) Class: 9046K(9088K)->9046K(9088K)
[14596.018s][info][gc             ] GC(31858) Pause Young (Allocation Failure) 313M->233M(315M) 2.882ms
[14596.018s][info][gc,cpu         ] GC(31858) User=0.00s Sys=0.00s Real=0.01s
[14596.482s][info][gc,start       ] GC(31859) Pause Young (Allocation Failure)
[14596.485s][info][gc,heap        ] GC(31859) PSYoungGen: 83344K(84480K)->1088K(84480K) Eden: 81920K(81920K)->0K(81920K) From: 1424K(2560K)->1088K(2560K)
[14596.485s][info][gc,heap        ] GC(31859) ParOldGen: 238063K(238592K)->238167K(238592K)
[14596.485s][info][gc,metaspace   ] GC(31859) Metaspace: 62363K(62592K)->62363K(62592K) NonClass: 53317K(53504K)->53317K(53504K) Class: 9046K(9088K)->9046K(9088K)
[14596.485s][info][gc             ] GC(31859) Pause Young (Allocation Failure) 313M->233M(315M) 2.489ms
[14596.485s][info][gc,cpu         ] GC(31859) User=0.01s Sys=0.00s Real=0.00s
[14596.975s][info][gc,start       ] GC(31860) Pause Young (Allocation Failure)
[14596.977s][info][gc,heap        ] GC(31860) PSYoungGen: 83008K(84480K)->928K(84992K) Eden: 81920K(81920K)->0K(82432K) From: 1088K(2560K)->928K(2560K)
[14596.977s][info][gc,heap        ] GC(31860) ParOldGen: 238167K(238592K)->238215K(238592K)
[14596.977s][info][gc,metaspace   ] GC(31860) Metaspace: 62363K(62592K)->62363K(62592K) NonClass: 53317K(53504K)->53317K(53504K) Class: 9046K(9088K)->9046K(9088K)
[14596.977s][info][gc             ] GC(31860) Pause Young (Allocation Failure) 313M->233M(316M) 2.422ms
[14596.977s][info][gc,cpu         ] GC(31860) User=0.01s Sys=0.00s Real=0.01s
[14597.474s][info][gc,start       ] GC(31861) Pause Young (Allocation Failure)
[14597.476s][info][gc,heap        ] GC(31861) PSYoungGen: 83360K(84992K)->896K(84480K) Eden: 82432K(82432K)->0K(82432K) From: 928K(2560K)->896K(2048K)
[14597.476s][info][gc,heap        ] GC(31861) ParOldGen: 238215K(238592K)->238263K(238592K)
[14597.476s][info][gc,metaspace   ] GC(31861) Metaspace: 62363K(62592K)->62363K(62592K) NonClass: 53317K(53504K)->53317K(53504K) Class: 9046K(9088K)->9046K(9088K)
[14597.476s][info][gc             ] GC(31861) Pause Young (Allocation Failure) 314M->233M(315M) 2.370ms
[14597.476s][info][gc,cpu         ] GC(31861) User=0.01s Sys=0.00s Real=0.01s
[14597.972s][info][gc,start       ] GC(31862) Pause Young (Allocation Failure)
[14597.974s][info][gc,heap        ] GC(31862) PSYoungGen: 83328K(84480K)->768K(84992K) Eden: 82432K(82432K)->0K(82944K) From: 896K(2048K)->768K(2048K)
[14597.974s][info][gc,heap        ] GC(31862) ParOldGen: 238263K(238592K)->238311K(238592K)
[14597.974s][info][gc,metaspace   ] GC(31862) Metaspace: 62363K(62592K)->62363K(62592K) NonClass: 53317K(53504K)->53317K(53504K) Class: 9046K(9088K)->9046K(9088K)
[14597.974s][info][gc             ] GC(31862) Pause Young (Allocation Failure) 314M->233M(316M) 2.379ms
[14597.974s][info][gc,cpu         ] GC(31862) User=0.01s Sys=0.00s Real=0.00s
[14598.454s][info][gc,start       ] GC(31863) Pause Young (Allocation Failure)
[14598.456s][info][gc,heap        ] GC(31863) PSYoungGen: 83712K(84992K)->672K(84992K) Eden: 82944K(82944K)->0K(82944K) From: 768K(2048K)->672K(2048K)
[14598.456s][info][gc,heap        ] GC(31863) ParOldGen: 238311K(238592K)->238359K(238592K)
[14598.456s][info][gc,metaspace   ] GC(31863) Metaspace: 62363K(62592K)->62363K(62592K) NonClass: 53317K(53504K)->53317K(53504K) Class: 9046K(9088K)->9046K(9088K)
[14598.456s][info][gc             ] GC(31863) Pause Young (Allocation Failure) 314M->233M(316M) 2.150ms
[14598.456s][info][gc,cpu         ] GC(31863) User=0.00s Sys=0.00s Real=0.01s
[14598.948s][info][gc,start       ] GC(31864) Pause Young (Allocation Failure)
[14598.950s][info][gc,heap        ] GC(31864) PSYoungGen: 83616K(84992K)->512K(84992K) Eden: 82944K(82944K)->0K(82944K) From: 672K(2048K)->512K(2048K)
[14598.950s][info][gc,heap        ] GC(31864) ParOldGen: 238359K(238592K)->238407K(238592K)
[14598.950s][info][gc,metaspace   ] GC(31864) Metaspace: 62363K(62592K)->62363K(62592K) NonClass: 53317K(53504K)->53317K(53504K) Class: 9046K(9088K)->9046K(9088K)
[14598.950s][info][gc             ] GC(31864) Pause Young (Allocation Failure) 314M->233M(316M) 1.960ms
[14598.950s][info][gc,cpu         ] GC(31864) User=0.00s Sys=0.00s Real=0.00s
[14599.433s][info][gc,start       ] GC(31865) Pause Young (Allocation Failure)
[14599.435s][info][gc,heap        ] GC(31865) PSYoungGen: 83456K(84992K)->352K(84992K) Eden: 82944K(82944K)->0K(82944K) From: 512K(2048K)->352K(2048K)
[14599.435s][info][gc,heap        ] GC(31865) ParOldGen: 238407K(238592K)->238455K(238592K)
[14599.435s][info][gc,metaspace   ] GC(31865) Metaspace: 62363K(62592K)->62363K(62592K) NonClass: 53317K(53504K)->53317K(53504K) Class: 9046K(9088K)->9046K(9088K)
[14599.435s][info][gc             ] GC(31865) Pause Young (Allocation Failure) 314M->233M(316M) 1.899ms
[14599.435s][info][gc,cpu         ] GC(31865) User=0.01s Sys=0.00s Real=0.00s
[14599.914s][info][gc,start       ] GC(31866) Pause Young (Allocation Failure)
[14599.917s][info][gc,heap        ] GC(31866) PSYoungGen: 83295K(84992K)->2016K(83968K) Eden: 82943K(82944K)->0K(81920K) From: 352K(2048K)->2016K(2048K)
[14599.917s][info][gc,heap        ] GC(31866) ParOldGen: 238455K(238592K)->238879K(239104K)
[14599.917s][info][gc,metaspace   ] GC(31866) Metaspace: 62363K(62592K)->62363K(62592K) NonClass: 53317K(53504K)->53317K(53504K) Class: 9046K(9088K)->9046K(9088K)
[14599.917s][info][gc             ] GC(31866) Pause Young (Allocation Failure) 314M->235M(315M) 3.151ms
[14599.917s][info][gc,cpu         ] GC(31866) User=0.01s Sys=0.00s Real=0.01s
[14600.393s][info][gc,start       ] GC(31867) Pause Young (Allocation Failure)
[14600.396s][info][gc,heap        ] GC(31867) PSYoungGen: 83936K(83968K)->1184K(84480K) Eden: 81920K(81920K)->0K(81920K) From: 2016K(2048K)->1184K(2560K)
[14600.396s][info][gc,heap        ] GC(31867) ParOldGen: 238879K(239104K)->239919K(240640K)
[14600.396s][info][gc,metaspace   ] GC(31867) Metaspace: 62363K(62592K)->62363K(62592K) NonClass: 53317K(53504K)->53317K(53504K) Class: 9046K(9088K)->9046K(9088K)
[14600.396s][info][gc             ] GC(31867) Pause Young (Allocation Failure) 315M->235M(317M) 3.080ms
[14600.396s][info][gc,cpu         ] GC(31867) User=0.00s Sys=0.00s Real=0.01s
[14600.877s][info][gc,start       ] GC(31868) Pause Young (Allocation Failure)
[14600.879s][info][gc,heap        ] GC(31868) PSYoungGen: 83104K(84480K)->896K(84480K) Eden: 81920K(81920K)->0K(81920K) From: 1184K(2560K)->896K(2560K)
[14600.879s][info][gc,heap        ] GC(31868) ParOldGen: 239919K(240640K)->239975K(240640K)
[14600.879s][info][gc,metaspace   ] GC(31868) Metaspace: 62363K(62592K)->62363K(62592K) NonClass: 53317K(53504K)->53317K(53504K) Class: 9046K(9088K)->9046K(9088K)
[14600.879s][info][gc             ] GC(31868) Pause Young (Allocation Failure) 315M->235M(317M) 2.379ms
[14600.879s][info][gc,cpu         ] GC(31868) User=0.01s Sys=0.00s Real=0.00s
[14601.277s][info][gc,start       ] GC(31869) Pause Young (Allocation Failure)
[14601.280s][info][gc,heap        ] GC(31869) PSYoungGen: 82816K(84480K)->1120K(84480K) Eden: 81920K(81920K)->0K(81920K) From: 896K(2560K)->1120K(2560K)
[14601.280s][info][gc,heap        ] GC(31869) ParOldGen: 239975K(240640K)->240023K(240640K)
[14601.280s][info][gc,metaspace   ] GC(31869) Metaspace: 62363K(62592K)->62363K(62592K) NonClass: 53317K(53504K)->53317K(53504K) Class: 9046K(9088K)->9046K(9088K)
[14601.280s][info][gc             ] GC(31869) Pause Young (Allocation Failure) 315M->235M(317M) 2.560ms
[14601.280s][info][gc,cpu         ] GC(31869) User=0.00s Sys=0.00s Real=0.00s
[14601.677s][info][gc,start       ] GC(31870) Pause Young (Allocation Failure)
[14601.680s][info][gc,heap        ] GC(31870) PSYoungGen: 83040K(84480K)->1152K(84992K) Eden: 81920K(81920K)->0K(82432K) From: 1120K(2560K)->1152K(2560K)
[14601.680s][info][gc,heap        ] GC(31870) ParOldGen: 240023K(240640K)->240071K(240640K)
[14601.680s][info][gc,metaspace   ] GC(31870) Metaspace: 62363K(62592K)->62363K(62592K) NonClass: 53317K(53504K)->53317K(53504K) Class: 9046K(9088K)->9046K(9088K)
[14601.680s][info][gc             ] GC(31870) Pause Young (Allocation Failure) 315M->235M(318M) 2.541ms
[14601.680s][info][gc,cpu         ] GC(31870) User=0.00s Sys=0.00s Real=0.00s
[14602.121s][info][gc,start       ] GC(31871) Pause Young (Allocation Failure)
[14602.124s][info][gc,heap        ] GC(31871) PSYoungGen: 83584K(84992K)->1632K(84480K) Eden: 82432K(82432K)->0K(82432K) From: 1152K(2560K)->1632K(2048K)
[14602.124s][info][gc,heap        ] GC(31871) ParOldGen: 240071K(240640K)->240127K(240640K)
[14602.124s][info][gc,metaspace   ] GC(31871) Metaspace: 62363K(62592K)->62363K(62592K) NonClass: 53317K(53504K)->53317K(53504K) Class: 9046K(9088K)->9046K(9088K)
[14602.124s][info][gc             ] GC(31871) Pause Young (Allocation Failure) 316M->236M(317M) 3.042ms
[14602.124s][info][gc,cpu         ] GC(31871) User=0.00s Sys=0.00s Real=0.00s
[14602.579s][info][gc,start       ] GC(31872) Pause Young (Allocation Failure)
[14602.582s][info][gc,heap        ] GC(31872) PSYoungGen: 84064K(84480K)->992K(84480K) Eden: 82432K(82432K)->0K(81920K) From: 1632K(2048K)->992K(2560K)
[14602.582s][info][gc,heap        ] GC(31872) ParOldGen: 240127K(240640K)->240175K(240640K)
[14602.582s][info][gc,metaspace   ] GC(31872) Metaspace: 62363K(62592K)->62363K(62592K) NonClass: 53317K(53504K)->53317K(53504K) Class: 9046K(9088K)->9046K(9088K)
[14602.582s][info][gc             ] GC(31872) Pause Young (Allocation Failure) 316M->235M(317M) 2.525ms
[14602.582s][info][gc,cpu         ] GC(31872) User=0.01s Sys=0.00s Real=0.00s
[14603.033s][info][gc,start       ] GC(31873) Pause Young (Allocation Failure)
[14603.035s][info][gc,heap        ] GC(31873) PSYoungGen: 82912K(84480K)->352K(84480K) Eden: 81920K(81920K)->0K(81920K) From: 992K(2560K)->352K(2560K)
[14603.035s][info][gc,heap        ] GC(31873) ParOldGen: 240175K(240640K)->240231K(240640K)
[14603.035s][info][gc,metaspace   ] GC(31873) Metaspace: 62363K(62592K)->62363K(62592K) NonClass: 53317K(53504K)->53317K(53504K) Class: 9046K(9088K)->9046K(9088K)
[14603.035s][info][gc             ] GC(31873) Pause Young (Allocation Failure) 315M->234M(317M) 1.951ms
[14603.035s][info][gc,cpu         ] GC(31873) User=0.00s Sys=0.00s Real=0.00s
[14603.496s][info][gc,start       ] GC(31874) Pause Young (Allocation Failure)
[14603.499s][info][gc,heap        ] GC(31874) PSYoungGen: 82272K(84480K)->1280K(84480K) Eden: 81920K(81920K)->0K(81920K) From: 352K(2560K)->1280K(2560K)
[14603.499s][info][gc,heap        ] GC(31874) ParOldGen: 240231K(240640K)->240287K(240640K)
[14603.499s][info][gc,metaspace   ] GC(31874) Metaspace: 62363K(62592K)->62363K(62592K) NonClass: 53317K(53504K)->53317K(53504K) Class: 9046K(9088K)->9046K(9088K)
[14603.499s][info][gc             ] GC(31874) Pause Young (Allocation Failure) 314M->235M(317M) 2.789ms
[14603.499s][info][gc,cpu         ] GC(31874) User=0.01s Sys=0.00s Real=0.00s
[14603.990s][info][gc,start       ] GC(31875) Pause Young (Allocation Failure)
[14603.993s][info][gc,heap        ] GC(31875) PSYoungGen: 83200K(84480K)->1264K(84480K) Eden: 81920K(81920K)->0K(81920K) From: 1280K(2560K)->1264K(2560K)
[14603.993s][info][gc,heap        ] GC(31875) ParOldGen: 240287K(240640K)->240343K(240640K)
[14603.993s][info][gc,metaspace   ] GC(31875) Metaspace: 62363K(62592K)->62363K(62592K) NonClass: 53317K(53504K)->53317K(53504K) Class: 9046K(9088K)->9046K(9088K)
[14603.993s][info][gc             ] GC(31875) Pause Young (Allocation Failure) 315M->235M(317M) 2.597ms
[14603.993s][info][gc,cpu         ] GC(31875) User=0.01s Sys=0.00s Real=0.00s
[14604.408s][info][gc,start       ] GC(31876) Pause Young (Allocation Failure)
[14604.410s][info][gc,heap        ] GC(31876) PSYoungGen: 83184K(84480K)->1472K(84480K) Eden: 81920K(81920K)->0K(81920K) From: 1264K(2560K)->1472K(2560K)
[14604.410s][info][gc,heap        ] GC(31876) ParOldGen: 240343K(240640K)->240447K(240640K)
[14604.410s][info][gc,metaspace   ] GC(31876) Metaspace: 62363K(62592K)->62363K(62592K) NonClass: 53317K(53504K)->53317K(53504K) Class: 9046K(9088K)->9046K(9088K)
[14604.410s][info][gc             ] GC(31876) Pause Young (Allocation Failure) 315M->236M(317M) 2.845ms
[14604.410s][info][gc,cpu         ] GC(31876) User=0.01s Sys=0.00s Real=0.00s
[14604.843s][info][gc,start       ] GC(31877) Pause Young (Allocation Failure)
[14604.845s][info][gc,heap        ] GC(31877) PSYoungGen: 83392K(84480K)->2528K(84480K) Eden: 81920K(81920K)->0K(81920K) From: 1472K(2560K)->2528K(2560K)
[14604.845s][info][gc,heap        ] GC(31877) ParOldGen: 240447K(240640K)->240495K(240640K)
[14604.845s][info][gc,metaspace   ] GC(31877) Metaspace: 62363K(62592K)->62363K(62592K) NonClass: 53317K(53504K)->53317K(53504K) Class: 9046K(9088K)->9046K(9088K)
[14604.845s][info][gc             ] GC(31877) Pause Young (Allocation Failure) 316M->237M(317M) 2.200ms
[14604.845s][info][gc,cpu         ] GC(31877) User=0.01s Sys=0.00s Real=0.00s
[14605.297s][info][gc,start       ] GC(31878) Pause Young (Allocation Failure)
[14605.301s][info][gc,heap        ] GC(31878) PSYoungGen: 84448K(84480K)->1312K(84480K) Eden: 81920K(81920K)->0K(81920K) From: 2528K(2560K)->1312K(2560K)
[14605.301s][info][gc,heap        ] GC(31878) ParOldGen: 240495K(240640K)->242591K(243712K)
[14605.301s][info][gc,metaspace   ] GC(31878) Metaspace: 62363K(62592K)->62363K(62592K) NonClass: 53317K(53504K)->53317K(53504K) Class: 9046K(9088K)->9046K(9088K)
[14605.301s][info][gc             ] GC(31878) Pause Young (Allocation Failure) 317M->238M(320M) 3.834ms
[14605.301s][info][gc,cpu         ] GC(31878) User=0.00s Sys=0.00s Real=0.00s
[14605.696s][info][gc,start       ] GC(31879) Pause Young (Allocation Failure)
[14605.698s][info][gc,heap        ] GC(31879) PSYoungGen: 83232K(84480K)->1344K(84480K) Eden: 81920K(81920K)->0K(81920K) From: 1312K(2560K)->1344K(2560K)
[14605.698s][info][gc,heap        ] GC(31879) ParOldGen: 242591K(243712K)->242647K(243712K)
[14605.698s][info][gc,metaspace   ] GC(31879) Metaspace: 62363K(62592K)->62363K(62592K) NonClass: 53317K(53504K)->53317K(53504K) Class: 9046K(9088K)->9046K(9088K)
[14605.698s][info][gc             ] GC(31879) Pause Young (Allocation Failure) 318M->238M(320M) 2.651ms
[14605.698s][info][gc,cpu         ] GC(31879) User=0.01s Sys=0.00s Real=0.01s
[14606.093s][info][gc,start       ] GC(31880) Pause Young (Allocation Failure)
[14606.095s][info][gc,heap        ] GC(31880) PSYoungGen: 83264K(84480K)->1312K(84480K) Eden: 81920K(81920K)->0K(81920K) From: 1344K(2560K)->1312K(2560K)
[14606.095s][info][gc,heap        ] GC(31880) ParOldGen: 242647K(243712K)->242703K(243712K)
[14606.096s][info][gc,metaspace   ] GC(31880) Metaspace: 62363K(62592K)->62363K(62592K) NonClass: 53317K(53504K)->53317K(53504K) Class: 9046K(9088K)->9046K(9088K)
[14606.096s][info][gc             ] GC(31880) Pause Young (Allocation Failure) 318M->238M(320M) 2.687ms
[14606.096s][info][gc,cpu         ] GC(31880) User=0.00s Sys=0.00s Real=0.00s
[14606.521s][info][gc,start       ] GC(31881) Pause Young (Allocation Failure)
[14606.524s][info][gc,heap        ] GC(31881) PSYoungGen: 83231K(84480K)->1792K(84480K) Eden: 81919K(81920K)->0K(81920K) From: 1312K(2560K)->1792K(2560K)
[14606.524s][info][gc,heap        ] GC(31881) ParOldGen: 242703K(243712K)->242759K(243712K)
[14606.524s][info][gc,metaspace   ] GC(31881) Metaspace: 62363K(62592K)->62363K(62592K) NonClass: 53317K(53504K)->53317K(53504K) Class: 9046K(9088K)->9046K(9088K)
[14606.524s][info][gc             ] GC(31881) Pause Young (Allocation Failure) 318M->238M(320M) 2.898ms
[14606.524s][info][gc,cpu         ] GC(31881) User=0.01s Sys=0.00s Real=0.00s
[14606.926s][info][gc,start       ] GC(31882) Pause Young (Allocation Failure)
[14606.927s][info][gc,heap        ] GC(31882) PSYoungGen: 83712K(84480K)->256K(84480K) Eden: 81920K(81920K)->0K(81920K) From: 1792K(2560K)->256K(2560K)
[14606.927s][info][gc,heap        ] GC(31882) ParOldGen: 242759K(243712K)->242815K(243712K)
[14606.927s][info][gc,metaspace   ] GC(31882) Metaspace: 62363K(62592K)->62363K(62592K) NonClass: 53317K(53504K)->53317K(53504K) Class: 9046K(9088K)->9046K(9088K)
[14606.927s][info][gc             ] GC(31882) Pause Young (Allocation Failure) 318M->237M(320M) 1.810ms
[14606.927s][info][gc,cpu         ] GC(31882) User=0.01s Sys=0.00s Real=0.01s
[14607.324s][info][gc,start       ] GC(31883) Pause Young (Allocation Failure)
[14607.326s][info][gc,heap        ] GC(31883) PSYoungGen: 82176K(84480K)->224K(84480K) Eden: 81920K(81920K)->0K(81920K) From: 256K(2560K)->224K(2560K)
[14607.326s][info][gc,heap        ] GC(31883) ParOldGen: 242815K(243712K)->242863K(243712K)
[14607.326s][info][gc,metaspace   ] GC(31883) Metaspace: 62363K(62592K)->62363K(62592K) NonClass: 53317K(53504K)->53317K(53504K) Class: 9046K(9088K)->9046K(9088K)
[14607.326s][info][gc             ] GC(31883) Pause Young (Allocation Failure) 317M->237M(320M) 1.762ms
[14607.326s][info][gc,cpu         ] GC(31883) User=0.01s Sys=0.00s Real=0.00s
[14607.769s][info][gc,start       ] GC(31884) Pause Young (Allocation Failure)
[14607.771s][info][gc,heap        ] GC(31884) PSYoungGen: 82144K(84480K)->928K(84480K) Eden: 81920K(81920K)->0K(81920K) From: 224K(2560K)->928K(2560K)
[14607.771s][info][gc,heap        ] GC(31884) ParOldGen: 242863K(243712K)->242911K(243712K)
[14607.771s][info][gc,metaspace   ] GC(31884) Metaspace: 62363K(62592K)->62363K(62592K) NonClass: 53317K(53504K)->53317K(53504K) Class: 9046K(9088K)->9046K(9088K)
[14607.771s][info][gc             ] GC(31884) Pause Young (Allocation Failure) 317M->238M(320M) 2.450ms
[14607.772s][info][gc,cpu         ] GC(31884) User=0.01s Sys=0.00s Real=0.00s
[14608.219s][info][gc,start       ] GC(31885) Pause Young (Allocation Failure)
[14608.222s][info][gc,heap        ] GC(31885) PSYoungGen: 82848K(84480K)->1728K(84480K) Eden: 81920K(81920K)->0K(81920K) From: 928K(2560K)->1728K(2560K)
[14608.222s][info][gc,heap        ] GC(31885) ParOldGen: 242911K(243712K)->242959K(243712K)
[14608.222s][info][gc,metaspace   ] GC(31885) Metaspace: 62363K(62592K)->62363K(62592K) NonClass: 53317K(53504K)->53317K(53504K) Class: 9046K(9088K)->9046K(9088K)
[14608.222s][info][gc             ] GC(31885) Pause Young (Allocation Failure) 318M->238M(320M) 3.131ms
[14608.222s][info][gc,cpu         ] GC(31885) User=0.00s Sys=0.00s Real=0.00s
[14608.603s][info][gc,start       ] GC(31886) Pause Young (Allocation Failure)
[14608.606s][info][gc,heap        ] GC(31886) PSYoungGen: 83648K(84480K)->1568K(84480K) Eden: 81920K(81920K)->0K(81920K) From: 1728K(2560K)->1568K(2560K)
[14608.606s][info][gc,heap        ] GC(31886) ParOldGen: 242959K(243712K)->243007K(243712K)
[14608.606s][info][gc,metaspace   ] GC(31886) Metaspace: 62363K(62592K)->62363K(62592K) NonClass: 53317K(53504K)->53317K(53504K) Class: 9046K(9088K)->9046K(9088K)
[14608.606s][info][gc             ] GC(31886) Pause Young (Allocation Failure) 318M->238M(320M) 2.900ms
[14608.606s][info][gc,cpu         ] GC(31886) User=0.01s Sys=0.00s Real=0.01s
[14609.034s][info][gc,start       ] GC(31887) Pause Young (Allocation Failure)
[14609.036s][info][gc,heap        ] GC(31887) PSYoungGen: 83488K(84480K)->2432K(84480K) Eden: 81920K(81920K)->0K(81920K) From: 1568K(2560K)->2432K(2560K)
[14609.036s][info][gc,heap        ] GC(31887) ParOldGen: 243007K(243712K)->243063K(243712K)
[14609.036s][info][gc,metaspace   ] GC(31887) Metaspace: 62363K(62592K)->62363K(62592K) NonClass: 53317K(53504K)->53317K(53504K) Class: 9046K(9088K)->9046K(9088K)
[14609.036s][info][gc             ] GC(31887) Pause Young (Allocation Failure) 318M->239M(320M) 2.152ms
[14609.036s][info][gc,cpu         ] GC(31887) User=0.01s Sys=0.00s Real=0.00s
[14609.466s][info][gc,start       ] GC(31888) Pause Young (Allocation Failure)
[14609.470s][info][gc,heap        ] GC(31888) PSYoungGen: 84352K(84480K)->864K(83456K) Eden: 81920K(81920K)->0K(80896K) From: 2432K(2560K)->864K(2560K)
[14609.470s][info][gc,heap        ] GC(31888) ParOldGen: 243063K(243712K)->245167K(245248K)
[14609.470s][info][gc,metaspace   ] GC(31888) Metaspace: 62363K(62592K)->62363K(62592K) NonClass: 53317K(53504K)->53317K(53504K) Class: 9046K(9088K)->9046K(9088K)
[14609.470s][info][gc             ] GC(31888) Pause Young (Allocation Failure) 319M->240M(321M) 3.412ms
[14609.470s][info][gc,cpu         ] GC(31888) User=0.00s Sys=0.01s Real=0.00s
[14609.874s][info][gc,start       ] GC(31889) Pause Young (Allocation Failure)
[14609.877s][info][gc,heap        ] GC(31889) PSYoungGen: 81760K(83456K)->1024K(83968K) Eden: 80896K(80896K)->0K(80896K) From: 864K(2560K)->1024K(3072K)
[14609.877s][info][gc,heap        ] GC(31889) ParOldGen: 245167K(245248K)->245223K(245248K)
[14609.877s][info][gc,metaspace   ] GC(31889) Metaspace: 62363K(62592K)->62363K(62592K) NonClass: 53317K(53504K)->53317K(53504K) Class: 9046K(9088K)->9046K(9088K)
[14609.877s][info][gc             ] GC(31889) Pause Young (Allocation Failure) 319M->240M(321M) 2.441ms
[14609.877s][info][gc,cpu         ] GC(31889) User=0.00s Sys=0.00s Real=0.01s
[14610.260s][info][gc,start       ] GC(31890) Pause Young (Allocation Failure)
[14610.262s][info][gc,heap        ] GC(31890) PSYoungGen: 81920K(83968K)->768K(83968K) Eden: 80896K(80896K)->0K(80896K) From: 1024K(3072K)->768K(3072K)
[14610.262s][info][gc,heap        ] GC(31890) ParOldGen: 245223K(245248K)->245271K(245760K)
[14610.262s][info][gc,metaspace   ] GC(31890) Metaspace: 62363K(62592K)->62363K(62592K) NonClass: 53317K(53504K)->53317K(53504K) Class: 9046K(9088K)->9046K(9088K)
[14610.262s][info][gc             ] GC(31890) Pause Young (Allocation Failure) 319M->240M(322M) 2.128ms
[14610.262s][info][gc,cpu         ] GC(31890) User=0.01s Sys=0.00s Real=0.00s
[14610.742s][info][gc,start       ] GC(31891) Pause Young (Allocation Failure)
[14610.744s][info][gc,heap        ] GC(31891) PSYoungGen: 81664K(83968K)->384K(83968K) Eden: 80896K(80896K)->0K(80896K) From: 768K(3072K)->384K(3072K)
[14610.744s][info][gc,heap        ] GC(31891) ParOldGen: 245271K(245760K)->245327K(245760K)
[14610.744s][info][gc,metaspace   ] GC(31891) Metaspace: 62363K(62592K)->62363K(62592K) NonClass: 53317K(53504K)->53317K(53504K) Class: 9046K(9088K)->9046K(9088K)
[14610.744s][info][gc             ] GC(31891) Pause Young (Allocation Failure) 319M->239M(322M) 1.959ms
[14610.744s][info][gc,cpu         ] GC(31891) User=0.01s Sys=0.00s Real=0.00s
[14611.178s][info][gc,start       ] GC(31892) Pause Young (Allocation Failure)
[14611.180s][info][gc,heap        ] GC(31892) PSYoungGen: 81280K(83968K)->992K(84480K) Eden: 80896K(80896K)->0K(81408K) From: 384K(3072K)->992K(3072K)
[14611.180s][info][gc,heap        ] GC(31892) ParOldGen: 245327K(245760K)->245431K(245760K)
[14611.180s][info][gc,metaspace   ] GC(31892) Metaspace: 62363K(62592K)->62363K(62592K) NonClass: 53317K(53504K)->53317K(53504K) Class: 9046K(9088K)->9046K(9088K)
[14611.180s][info][gc             ] GC(31892) Pause Young (Allocation Failure) 318M->240M(322M) 2.438ms
[14611.180s][info][gc,cpu         ] GC(31892) User=0.01s Sys=0.00s Real=0.00s
[14611.614s][info][gc,start       ] GC(31893) Pause Young (Allocation Failure)
[14611.617s][info][gc,heap        ] GC(31893) PSYoungGen: 82400K(84480K)->1408K(83968K) Eden: 81408K(81408K)->0K(81408K) From: 992K(3072K)->1408K(2560K)
[14611.617s][info][gc,heap        ] GC(31893) ParOldGen: 245431K(245760K)->245487K(245760K)
[14611.617s][info][gc,metaspace   ] GC(31893) Metaspace: 62363K(62592K)->62363K(62592K) NonClass: 53317K(53504K)->53317K(53504K) Class: 9046K(9088K)->9046K(9088K)
[14611.617s][info][gc             ] GC(31893) Pause Young (Allocation Failure) 320M->241M(322M) 2.727ms
[14611.617s][info][gc,cpu         ] GC(31893) User=0.00s Sys=0.00s Real=0.01s
[14612.051s][info][gc,start       ] GC(31894) Pause Young (Allocation Failure)
[14612.053s][info][gc,heap        ] GC(31894) PSYoungGen: 82816K(83968K)->640K(84480K) Eden: 81408K(81408K)->0K(81920K) From: 1408K(2560K)->640K(2560K)
[14612.053s][info][gc,heap        ] GC(31894) ParOldGen: 245487K(245760K)->245535K(245760K)
[14612.053s][info][gc,metaspace   ] GC(31894) Metaspace: 62363K(62592K)->62363K(62592K) NonClass: 53317K(53504K)->53317K(53504K) Class: 9046K(9088K)->9046K(9088K)
[14612.053s][info][gc             ] GC(31894) Pause Young (Allocation Failure) 320M->240M(322M) 2.131ms
[14612.053s][info][gc,cpu         ] GC(31894) User=0.01s Sys=0.00s Real=0.00s
[14612.499s][info][gc,start       ] GC(31895) Pause Young (Allocation Failure)
[14612.501s][info][gc,heap        ] GC(31895) PSYoungGen: 82560K(84480K)->1280K(84480K) Eden: 81920K(81920K)->0K(81920K) From: 640K(2560K)->1280K(2560K)
[14612.501s][info][gc,heap        ] GC(31895) ParOldGen: 245535K(245760K)->245583K(245760K)
[14612.501s][info][gc,metaspace   ] GC(31895) Metaspace: 62363K(62592K)->62363K(62592K) NonClass: 53317K(53504K)->53317K(53504K) Class: 9046K(9088K)->9046K(9088K)
[14612.501s][info][gc             ] GC(31895) Pause Young (Allocation Failure) 320M->241M(322M) 2.618ms
[14612.501s][info][gc,cpu         ] GC(31895) User=0.00s Sys=0.00s Real=0.00s
[14612.948s][info][gc,start       ] GC(31896) Pause Young (Allocation Failure)
[14612.950s][info][gc,heap        ] GC(31896) PSYoungGen: 83200K(84480K)->576K(84480K) Eden: 81920K(81920K)->0K(81920K) From: 1280K(2560K)->576K(2560K)
[14612.950s][info][gc,heap        ] GC(31896) ParOldGen: 245583K(245760K)->245631K(245760K)
[14612.950s][info][gc,metaspace   ] GC(31896) Metaspace: 62363K(62592K)->62363K(62592K) NonClass: 53317K(53504K)->53317K(53504K) Class: 9046K(9088K)->9046K(9088K)
[14612.950s][info][gc             ] GC(31896) Pause Young (Allocation Failure) 321M->240M(322M) 2.223ms
[14612.950s][info][gc,cpu         ] GC(31896) User=0.01s Sys=0.00s Real=0.00s
[14613.365s][info][gc,start       ] GC(31897) Pause Young (Allocation Failure)
[14613.368s][info][gc,heap        ] GC(31897) PSYoungGen: 82496K(84480K)->864K(84480K) Eden: 81920K(81920K)->0K(81920K) From: 576K(2560K)->864K(2560K)
[14613.368s][info][gc,heap        ] GC(31897) ParOldGen: 245631K(245760K)->245679K(245760K)
[14613.368s][info][gc,metaspace   ] GC(31897) Metaspace: 62363K(62592K)->62363K(62592K) NonClass: 53317K(53504K)->53317K(53504K) Class: 9046K(9088K)->9046K(9088K)
[14613.368s][info][gc             ] GC(31897) Pause Young (Allocation Failure) 320M->240M(322M) 2.244ms
[14613.368s][info][gc,cpu         ] GC(31897) User=0.01s Sys=0.00s Real=0.01s
[14613.772s][info][gc,start       ] GC(31898) Pause Young (Allocation Failure)
[14613.774s][info][gc,heap        ] GC(31898) PSYoungGen: 82784K(84480K)->1024K(84480K) Eden: 81920K(81920K)->0K(81920K) From: 864K(2560K)->1024K(2560K)
[14613.774s][info][gc,heap        ] GC(31898) ParOldGen: 245679K(245760K)->245727K(245760K)
[14613.774s][info][gc,metaspace   ] GC(31898) Metaspace: 62363K(62592K)->62363K(62592K) NonClass: 53317K(53504K)->53317K(53504K) Class: 9046K(9088K)->9046K(9088K)
[14613.774s][info][gc             ] GC(31898) Pause Young (Allocation Failure) 320M->240M(322M) 2.394ms
[14613.774s][info][gc,cpu         ] GC(31898) User=0.00s Sys=0.00s Real=0.00s
[14614.159s][info][gc,start       ] GC(31899) Pause Young (Allocation Failure)
[14614.161s][info][gc,heap        ] GC(31899) PSYoungGen: 82944K(84480K)->768K(84480K) Eden: 81920K(81920K)->0K(81920K) From: 1024K(2560K)->768K(2560K)
[14614.161s][info][gc,heap        ] GC(31899) ParOldGen: 245727K(245760K)->245775K(246272K)
[14614.161s][info][gc,metaspace   ] GC(31899) Metaspace: 62363K(62592K)->62363K(62592K) NonClass: 53317K(53504K)->53317K(53504K) Class: 9046K(9088K)->9046K(9088K)
[14614.161s][info][gc             ] GC(31899) Pause Young (Allocation Failure) 320M->240M(323M) 2.222ms
[14614.161s][info][gc,cpu         ] GC(31899) User=0.01s Sys=0.00s Real=0.00s
[14614.567s][info][gc,start       ] GC(31900) Pause Young (Allocation Failure)
[14614.569s][info][gc,heap        ] GC(31900) PSYoungGen: 82688K(84480K)->960K(84992K) Eden: 81920K(81920K)->0K(82944K) From: 768K(2560K)->960K(2048K)
[14614.570s][info][gc,heap        ] GC(31900) ParOldGen: 245775K(246272K)->245823K(246272K)
[14614.570s][info][gc,metaspace   ] GC(31900) Metaspace: 62363K(62592K)->62363K(62592K) NonClass: 53317K(53504K)->53317K(53504K) Class: 9046K(9088K)->9046K(9088K)
[14614.570s][info][gc             ] GC(31900) Pause Young (Allocation Failure) 320M->240M(323M) 2.358ms
[14614.570s][info][gc,cpu         ] GC(31900) User=0.00s Sys=0.00s Real=0.00s
[14614.980s][info][gc,start       ] GC(31901) Pause Young (Allocation Failure)
[14614.983s][info][gc,heap        ] GC(31901) PSYoungGen: 83904K(84992K)->1152K(84992K) Eden: 82944K(82944K)->0K(82944K) From: 960K(2048K)->1152K(2048K)
[14614.983s][info][gc,heap        ] GC(31901) ParOldGen: 245823K(246272K)->245879K(246272K)
[14614.983s][info][gc,metaspace   ] GC(31901) Metaspace: 62363K(62592K)->62363K(62592K) NonClass: 53317K(53504K)->53317K(53504K) Class: 9046K(9088K)->9046K(9088K)
[14614.983s][info][gc             ] GC(31901) Pause Young (Allocation Failure) 321M->241M(323M) 2.538ms
[14614.983s][info][gc,cpu         ] GC(31901) User=0.01s Sys=0.00s Real=0.00s
[14615.387s][info][gc,start       ] GC(31902) Pause Young (Allocation Failure)
[14615.389s][info][gc,heap        ] GC(31902) PSYoungGen: 84096K(84992K)->1248K(84992K) Eden: 82944K(82944K)->0K(82944K) From: 1152K(2048K)->1248K(2048K)
[14615.389s][info][gc,heap        ] GC(31902) ParOldGen: 245879K(246272K)->245927K(246272K)
[14615.389s][info][gc,metaspace   ] GC(31902) Metaspace: 62363K(62592K)->62363K(62592K) NonClass: 53317K(53504K)->53317K(53504K) Class: 9046K(9088K)->9046K(9088K)
[14615.389s][info][gc             ] GC(31902) Pause Young (Allocation Failure) 322M->241M(323M) 2.593ms
[14615.389s][info][gc,cpu         ] GC(31902) User=0.00s Sys=0.00s Real=0.00s
[14615.837s][info][gc,start       ] GC(31903) Pause Young (Allocation Failure)
[14615.839s][info][gc,heap        ] GC(31903) PSYoungGen: 84192K(84992K)->416K(84992K) Eden: 82944K(82944K)->0K(82944K) From: 1248K(2048K)->416K(2048K)
[14615.839s][info][gc,heap        ] GC(31903) ParOldGen: 245927K(246272K)->245975K(246272K)
[14615.839s][info][gc,metaspace   ] GC(31903) Metaspace: 62363K(62592K)->62363K(62592K) NonClass: 53317K(53504K)->53317K(53504K) Class: 9046K(9088K)->9046K(9088K)
[14615.839s][info][gc             ] GC(31903) Pause Young (Allocation Failure) 322M->240M(323M) 1.893ms
[14615.839s][info][gc,cpu         ] GC(31903) User=0.01s Sys=0.00s Real=0.00s
[14616.289s][info][gc,start       ] GC(31904) Pause Young (Allocation Failure)
[14616.292s][info][gc,heap        ] GC(31904) PSYoungGen: 83360K(84992K)->1152K(84992K) Eden: 82944K(82944K)->0K(82944K) From: 416K(2048K)->1152K(2048K)
[14616.292s][info][gc,heap        ] GC(31904) ParOldGen: 245975K(246272K)->246023K(246272K)
[14616.292s][info][gc,metaspace   ] GC(31904) Metaspace: 62363K(62592K)->62363K(62592K) NonClass: 53317K(53504K)->53317K(53504K) Class: 9046K(9088K)->9046K(9088K)
[14616.292s][info][gc             ] GC(31904) Pause Young (Allocation Failure) 321M->241M(323M) 2.547ms
[14616.292s][info][gc,cpu         ] GC(31904) User=0.01s Sys=0.00s Real=0.00s
[14616.752s][info][gc,start       ] GC(31905) Pause Young (Allocation Failure)
[14616.754s][info][gc,heap        ] GC(31905) PSYoungGen: 84096K(84992K)->640K(84992K) Eden: 82944K(82944K)->0K(82944K) From: 1152K(2048K)->640K(2048K)
[14616.754s][info][gc,heap        ] GC(31905) ParOldGen: 246023K(246272K)->246071K(246272K)
[14616.754s][info][gc,metaspace   ] GC(31905) Metaspace: 62363K(62592K)->62363K(62592K) NonClass: 53317K(53504K)->53317K(53504K) Class: 9046K(9088K)->9046K(9088K)
[14616.754s][info][gc             ] GC(31905) Pause Young (Allocation Failure) 322M->240M(323M) 2.066ms
[14616.754s][info][gc,cpu         ] GC(31905) User=0.00s Sys=0.00s Real=0.00s
[14617.208s][info][gc,start       ] GC(31906) Pause Young (Allocation Failure)
[14617.211s][info][gc,heap        ] GC(31906) PSYoungGen: 83584K(84992K)->1408K(84992K) Eden: 82944K(82944K)->0K(82944K) From: 640K(2048K)->1408K(2048K)
[14617.211s][info][gc,heap        ] GC(31906) ParOldGen: 246071K(246272K)->246119K(246272K)
[14617.211s][info][gc,metaspace   ] GC(31906) Metaspace: 62363K(62592K)->62363K(62592K) NonClass: 53317K(53504K)->53317K(53504K) Class: 9046K(9088K)->9046K(9088K)
[14617.211s][info][gc             ] GC(31906) Pause Young (Allocation Failure) 321M->241M(323M) 2.854ms
[14617.211s][info][gc,cpu         ] GC(31906) User=0.00s Sys=0.00s Real=0.00s
[14617.656s][info][gc,start       ] GC(31907) Pause Young (Allocation Failure)
[14617.658s][info][gc,heap        ] GC(31907) PSYoungGen: 84352K(84992K)->704K(84992K) Eden: 82944K(82944K)->0K(82944K) From: 1408K(2048K)->704K(2048K)
[14617.658s][info][gc,heap        ] GC(31907) ParOldGen: 246119K(246272K)->246167K(246272K)
[14617.658s][info][gc,metaspace   ] GC(31907) Metaspace: 62363K(62592K)->62363K(62592K) NonClass: 53317K(53504K)->53317K(53504K) Class: 9046K(9088K)->9046K(9088K)
[14617.658s][info][gc             ] GC(31907) Pause Young (Allocation Failure) 322M->241M(323M) 2.238ms
[14617.658s][info][gc,cpu         ] GC(31907) User=0.00s Sys=0.00s Real=0.00s
[14618.138s][info][gc,start       ] GC(31908) Pause Young (Allocation Failure)
[14618.140s][info][gc,heap        ] GC(31908) PSYoungGen: 83648K(84992K)->1504K(84992K) Eden: 82944K(82944K)->0K(82944K) From: 704K(2048K)->1504K(2048K)
[14618.140s][info][gc,heap        ] GC(31908) ParOldGen: 246167K(246272K)->247239K(247808K)
[14618.140s][info][gc,metaspace   ] GC(31908) Metaspace: 62363K(62592K)->62363K(62592K) NonClass: 53317K(53504K)->53317K(53504K) Class: 9046K(9088K)->9046K(9088K)
[14618.140s][info][gc             ] GC(31908) Pause Young (Allocation Failure) 322M->242M(325M) 2.628ms
[14618.140s][info][gc,cpu         ] GC(31908) User=0.00s Sys=0.00s Real=0.00s
[14618.594s][info][gc,start       ] GC(31909) Pause Young (Allocation Failure)
[14618.598s][info][gc,heap        ] GC(31909) PSYoungGen: 84448K(84992K)->1280K(84992K) Eden: 82944K(82944K)->0K(82944K) From: 1504K(2048K)->1280K(2048K)
[14618.598s][info][gc,heap        ] GC(31909) ParOldGen: 247239K(247808K)->249383K(249856K)
[14618.598s][info][gc,metaspace   ] GC(31909) Metaspace: 62363K(62592K)->62363K(62592K) NonClass: 53317K(53504K)->53317K(53504K) Class: 9046K(9088K)->9046K(9088K)
[14618.598s][info][gc             ] GC(31909) Pause Young (Allocation Failure) 323M->244M(327M) 3.763ms
[14618.598s][info][gc,cpu         ] GC(31909) User=0.01s Sys=0.00s Real=0.01s
[14619.043s][info][gc,start       ] GC(31910) Pause Young (Allocation Failure)
[14619.045s][info][gc,heap        ] GC(31910) PSYoungGen: 84224K(84992K)->512K(84992K) Eden: 82944K(82944K)->0K(82944K) From: 1280K(2048K)->512K(2048K)
[14619.045s][info][gc,heap        ] GC(31910) ParOldGen: 249383K(249856K)->249431K(249856K)
[14619.045s][info][gc,metaspace   ] GC(31910) Metaspace: 62363K(62592K)->62363K(62592K) NonClass: 53317K(53504K)->53317K(53504K) Class: 9046K(9088K)->9046K(9088K)
[14619.045s][info][gc             ] GC(31910) Pause Young (Allocation Failure) 325M->244M(327M) 2.023ms
[14619.045s][info][gc,cpu         ] GC(31910) User=0.01s Sys=0.00s Real=0.00s
[14619.493s][info][gc,start       ] GC(31911) Pause Young (Allocation Failure)
[14619.495s][info][gc,heap        ] GC(31911) PSYoungGen: 83456K(84992K)->1216K(84992K) Eden: 82944K(82944K)->0K(82944K) From: 512K(2048K)->1216K(2048K)
[14619.495s][info][gc,heap        ] GC(31911) ParOldGen: 249431K(249856K)->249479K(249856K)
[14619.495s][info][gc,metaspace   ] GC(31911) Metaspace: 62363K(62592K)->62363K(62592K) NonClass: 53317K(53504K)->53317K(53504K) Class: 9046K(9088K)->9046K(9088K)
[14619.495s][info][gc             ] GC(31911) Pause Young (Allocation Failure) 325M->244M(327M) 2.613ms
[14619.495s][info][gc,cpu         ] GC(31911) User=0.01s Sys=0.00s Real=0.00s
[14619.937s][info][gc,start       ] GC(31912) Pause Young (Allocation Failure)
[14619.938s][info][gc,heap        ] GC(31912) PSYoungGen: 84160K(84992K)->384K(84992K) Eden: 82944K(82944K)->0K(82944K) From: 1216K(2048K)->384K(2048K)
[14619.938s][info][gc,heap        ] GC(31912) ParOldGen: 249479K(249856K)->249527K(249856K)
[14619.938s][info][gc,metaspace   ] GC(31912) Metaspace: 62363K(62592K)->62363K(62592K) NonClass: 53317K(53504K)->53317K(53504K) Class: 9046K(9088K)->9046K(9088K)
[14619.938s][info][gc             ] GC(31912) Pause Young (Allocation Failure) 325M->244M(327M) 1.934ms
[14619.938s][info][gc,cpu         ] GC(31912) User=0.00s Sys=0.00s Real=0.00s
[14620.369s][info][gc,start       ] GC(31913) Pause Young (Allocation Failure)
[14620.371s][info][gc,heap        ] GC(31913) PSYoungGen: 83328K(84992K)->960K(84992K) Eden: 82944K(82944K)->0K(82944K) From: 384K(2048K)->960K(2048K)
[14620.371s][info][gc,heap        ] GC(31913) ParOldGen: 249527K(249856K)->249583K(249856K)
[14620.371s][info][gc,metaspace   ] GC(31913) Metaspace: 62363K(62592K)->62363K(62592K) NonClass: 53317K(53504K)->53317K(53504K) Class: 9046K(9088K)->9046K(9088K)
[14620.371s][info][gc             ] GC(31913) Pause Young (Allocation Failure) 325M->244M(327M) 2.408ms
[14620.371s][info][gc,cpu         ] GC(31913) User=0.01s Sys=0.00s Real=0.00s
[14620.818s][info][gc,start       ] GC(31914) Pause Young (Allocation Failure)
[14620.821s][info][gc,heap        ] GC(31914) PSYoungGen: 83904K(84992K)->1568K(84992K) Eden: 82944K(82944K)->0K(82944K) From: 960K(2048K)->1568K(2048K)
[14620.821s][info][gc,heap        ] GC(31914) ParOldGen: 249583K(249856K)->249631K(249856K)
[14620.821s][info][gc,metaspace   ] GC(31914) Metaspace: 62363K(62592K)->62363K(62592K) NonClass: 53317K(53504K)->53317K(53504K) Class: 9046K(9088K)->9046K(9088K)
[14620.821s][info][gc             ] GC(31914) Pause Young (Allocation Failure) 325M->245M(327M) 2.827ms
[14620.821s][info][gc,cpu         ] GC(31914) User=0.00s Sys=0.00s Real=0.00s
[14621.269s][info][gc,start       ] GC(31915) Pause Young (Allocation Failure)
[14621.271s][info][gc,heap        ] GC(31915) PSYoungGen: 84512K(84992K)->896K(84992K) Eden: 82944K(82944K)->0K(82944K) From: 1568K(2048K)->896K(2048K)
[14621.271s][info][gc,heap        ] GC(31915) ParOldGen: 249631K(249856K)->249687K(249856K)
[14621.271s][info][gc,metaspace   ] GC(31915) Metaspace: 62363K(62592K)->62363K(62592K) NonClass: 53317K(53504K)->53317K(53504K) Class: 9046K(9088K)->9046K(9088K)
[14621.271s][info][gc             ] GC(31915) Pause Young (Allocation Failure) 326M->244M(327M) 2.364ms
[14621.272s][info][gc,cpu         ] GC(31915) User=0.01s Sys=0.00s Real=0.00s
[14621.718s][info][gc,start       ] GC(31916) Pause Young (Allocation Failure)
[14621.721s][info][gc,heap        ] GC(31916) PSYoungGen: 83840K(84992K)->1536K(84992K) Eden: 82944K(82944K)->0K(82944K) From: 896K(2048K)->1536K(2048K)
[14621.721s][info][gc,heap        ] GC(31916) ParOldGen: 249687K(249856K)->249735K(249856K)
[14621.721s][info][gc,metaspace   ] GC(31916) Metaspace: 62363K(62592K)->62363K(62592K) NonClass: 53317K(53504K)->53317K(53504K) Class: 9046K(9088K)->9046K(9088K)
[14621.721s][info][gc             ] GC(31916) Pause Young (Allocation Failure) 325M->245M(327M) 3.039ms
[14621.721s][info][gc,cpu         ] GC(31916) User=0.01s Sys=0.00s Real=0.00s
[14622.164s][info][gc,start       ] GC(31917) Pause Young (Allocation Failure)
[14622.167s][info][gc,heap        ] GC(31917) PSYoungGen: 84480K(84992K)->832K(84992K) Eden: 82944K(82944K)->0K(82944K) From: 1536K(2048K)->832K(2048K)
[14622.167s][info][gc,heap        ] GC(31917) ParOldGen: 249735K(249856K)->249783K(249856K)
[14622.167s][info][gc,metaspace   ] GC(31917) Metaspace: 62363K(62592K)->62363K(62592K) NonClass: 53317K(53504K)->53317K(53504K) Class: 9046K(9088K)->9046K(9088K)
[14622.167s][info][gc             ] GC(31917) Pause Young (Allocation Failure) 326M->244M(327M) 2.286ms
[14622.167s][info][gc,cpu         ] GC(31917) User=0.00s Sys=0.00s Real=0.01s
[14622.615s][info][gc,start       ] GC(31918) Pause Young (Allocation Failure)
[14622.618s][info][gc,heap        ] GC(31918) PSYoungGen: 83776K(84992K)->2016K(83968K) Eden: 82944K(82944K)->0K(81920K) From: 832K(2048K)->2016K(2048K)
[14622.618s][info][gc,heap        ] GC(31918) ParOldGen: 249783K(249856K)->250263K(250368K)
[14622.618s][info][gc,metaspace   ] GC(31918) Metaspace: 62363K(62592K)->62363K(62592K) NonClass: 53317K(53504K)->53317K(53504K) Class: 9046K(9088K)->9046K(9088K)
[14622.618s][info][gc             ] GC(31918) Pause Young (Allocation Failure) 325M->246M(326M) 3.177ms
[14622.618s][info][gc,cpu         ] GC(31918) User=0.01s Sys=0.00s Real=0.01s
[14623.064s][info][gc,start       ] GC(31919) Pause Young (Allocation Failure)
[14623.067s][info][gc,heap        ] GC(31919) PSYoungGen: 83936K(83968K)->832K(84480K) Eden: 81920K(81920K)->0K(81920K) From: 2016K(2048K)->832K(2560K)
[14623.067s][info][gc,heap        ] GC(31919) ParOldGen: 250263K(250368K)->252327K(253440K)
[14623.067s][info][gc,metaspace   ] GC(31919) Metaspace: 62363K(62592K)->62363K(62592K) NonClass: 53317K(53504K)->53317K(53504K) Class: 9046K(9088K)->9046K(9088K)
[14623.067s][info][gc             ] GC(31919) Pause Young (Allocation Failure) 326M->247M(330M) 3.338ms
[14623.067s][info][gc,cpu         ] GC(31919) User=0.00s Sys=0.00s Real=0.01s
[14623.510s][info][gc,start       ] GC(31920) Pause Young (Allocation Failure)
[14623.513s][info][gc,heap        ] GC(31920) PSYoungGen: 82752K(84480K)->1472K(84480K) Eden: 81920K(81920K)->0K(81920K) From: 832K(2560K)->1472K(2560K)
[14623.513s][info][gc,heap        ] GC(31920) ParOldGen: 252327K(253440K)->252391K(253440K)
[14623.513s][info][gc,metaspace   ] GC(31920) Metaspace: 62363K(62592K)->62363K(62592K) NonClass: 53317K(53504K)->53317K(53504K) Class: 9046K(9088K)->9046K(9088K)
[14623.513s][info][gc             ] GC(31920) Pause Young (Allocation Failure) 327M->247M(330M) 2.984ms
[14623.513s][info][gc,cpu         ] GC(31920) User=0.01s Sys=0.00s Real=0.00s
[14623.925s][info][gc,start       ] GC(31921) Pause Young (Allocation Failure)
[14623.927s][info][gc,heap        ] GC(31921) PSYoungGen: 83392K(84480K)->256K(84480K) Eden: 81920K(81920K)->0K(81920K) From: 1472K(2560K)->256K(2560K)
[14623.927s][info][gc,heap        ] GC(31921) ParOldGen: 252391K(253440K)->252447K(253440K)
[14623.927s][info][gc,metaspace   ] GC(31921) Metaspace: 62363K(62592K)->62363K(62592K) NonClass: 53317K(53504K)->53317K(53504K) Class: 9046K(9088K)->9046K(9088K)
[14623.927s][info][gc             ] GC(31921) Pause Young (Allocation Failure) 327M->246M(330M) 1.719ms
[14623.927s][info][gc,cpu         ] GC(31921) User=0.00s Sys=0.01s Real=0.01s
[14624.365s][info][gc,start       ] GC(31922) Pause Young (Allocation Failure)
[14624.368s][info][gc,heap        ] GC(31922) PSYoungGen: 82176K(84480K)->896K(84480K) Eden: 81920K(81920K)->0K(81920K) From: 256K(2560K)->896K(2560K)
[14624.368s][info][gc,heap        ] GC(31922) ParOldGen: 252447K(253440K)->252495K(253440K)
[14624.368s][info][gc,metaspace   ] GC(31922) Metaspace: 62363K(62592K)->62363K(62592K) NonClass: 53317K(53504K)->53317K(53504K) Class: 9046K(9088K)->9046K(9088K)
[14624.368s][info][gc             ] GC(31922) Pause Young (Allocation Failure) 326M->247M(330M) 2.155ms
[14624.368s][info][gc,cpu         ] GC(31922) User=0.01s Sys=0.00s Real=0.01s
[14624.776s][info][gc,start       ] GC(31923) Pause Young (Allocation Failure)
[14624.778s][info][gc,heap        ] GC(31923) PSYoungGen: 82816K(84480K)->1152K(84480K) Eden: 81920K(81920K)->0K(81920K) From: 896K(2560K)->1152K(2560K)
[14624.778s][info][gc,heap        ] GC(31923) ParOldGen: 252495K(253440K)->252543K(253440K)
[14624.778s][info][gc,metaspace   ] GC(31923) Metaspace: 62363K(62592K)->62363K(62592K) NonClass: 53317K(53504K)->53317K(53504K) Class: 9046K(9088K)->9046K(9088K)
[14624.778s][info][gc             ] GC(31923) Pause Young (Allocation Failure) 327M->247M(330M) 2.381ms
[14624.778s][info][gc,cpu         ] GC(31923) User=0.00s Sys=0.01s Real=0.00s
[14625.196s][info][gc,start       ] GC(31924) Pause Young (Allocation Failure)
[14625.199s][info][gc,heap        ] GC(31924) PSYoungGen: 83072K(84480K)->1312K(84480K) Eden: 81920K(81920K)->0K(81920K) From: 1152K(2560K)->1312K(2560K)
[14625.199s][info][gc,heap        ] GC(31924) ParOldGen: 252543K(253440K)->252599K(253440K)
[14625.199s][info][gc,metaspace   ] GC(31924) Metaspace: 62363K(62592K)->62363K(62592K) NonClass: 53317K(53504K)->53317K(53504K) Class: 9046K(9088K)->9046K(9088K)
[14625.199s][info][gc             ] GC(31924) Pause Young (Allocation Failure) 327M->247M(330M) 2.550ms
[14625.199s][info][gc,cpu         ] GC(31924) User=0.01s Sys=0.00s Real=0.00s
[14625.657s][info][gc,start       ] GC(31925) Pause Young (Allocation Failure)
[14625.659s][info][gc,heap        ] GC(31925) PSYoungGen: 83232K(84480K)->800K(84480K) Eden: 81920K(81920K)->0K(81920K) From: 1312K(2560K)->800K(2560K)
[14625.659s][info][gc,heap        ] GC(31925) ParOldGen: 252599K(253440K)->252647K(253440K)
[14625.659s][info][gc,metaspace   ] GC(31925) Metaspace: 62363K(62592K)->62363K(62592K) NonClass: 53317K(53504K)->53317K(53504K) Class: 9046K(9088K)->9046K(9088K)
[14625.659s][info][gc             ] GC(31925) Pause Young (Allocation Failure) 327M->247M(330M) 2.088ms
[14625.659s][info][gc,cpu         ] GC(31925) User=0.01s Sys=0.00s Real=0.00s
[14626.042s][info][gc,start       ] GC(31926) Pause Young (Allocation Failure)
[14626.044s][info][gc,heap        ] GC(31926) PSYoungGen: 82720K(84480K)->512K(84480K) Eden: 81920K(81920K)->0K(81920K) From: 800K(2560K)->512K(2560K)
[14626.044s][info][gc,heap        ] GC(31926) ParOldGen: 252647K(253440K)->252743K(253440K)
[14626.044s][info][gc,metaspace   ] GC(31926) Metaspace: 62363K(62592K)->62363K(62592K) NonClass: 53317K(53504K)->53317K(53504K) Class: 9046K(9088K)->9046K(9088K)
[14626.044s][info][gc             ] GC(31926) Pause Young (Allocation Failure) 327M->247M(330M) 1.963ms
[14626.044s][info][gc,cpu         ] GC(31926) User=0.00s Sys=0.00s Real=0.00s
[14626.485s][info][gc,start       ] GC(31927) Pause Young (Allocation Failure)
[14626.488s][info][gc,heap        ] GC(31927) PSYoungGen: 82432K(84480K)->1216K(84480K) Eden: 81920K(81920K)->0K(81920K) From: 512K(2560K)->1216K(2560K)
[14626.488s][info][gc,heap        ] GC(31927) ParOldGen: 252743K(253440K)->252799K(253440K)
[14626.488s][info][gc,metaspace   ] GC(31927) Metaspace: 62363K(62592K)->62363K(62592K) NonClass: 53317K(53504K)->53317K(53504K) Class: 9046K(9088K)->9046K(9088K)
[14626.488s][info][gc             ] GC(31927) Pause Young (Allocation Failure) 327M->248M(330M) 2.564ms
[14626.488s][info][gc,cpu         ] GC(31927) User=0.01s Sys=0.00s Real=0.01s
[14626.908s][info][gc,start       ] GC(31928) Pause Young (Allocation Failure)
[14626.911s][info][gc,heap        ] GC(31928) PSYoungGen: 83136K(84480K)->1504K(84480K) Eden: 81920K(81920K)->0K(81920K) From: 1216K(2560K)->1504K(2560K)
[14626.911s][info][gc,heap        ] GC(31928) ParOldGen: 252799K(253440K)->252855K(253440K)
[14626.911s][info][gc,metaspace   ] GC(31928) Metaspace: 62363K(62592K)->62363K(62592K) NonClass: 53317K(53504K)->53317K(53504K) Class: 9046K(9088K)->9046K(9088K)
[14626.911s][info][gc             ] GC(31928) Pause Young (Allocation Failure) 328M->248M(330M) 2.736ms
[14626.911s][info][gc,cpu         ] GC(31928) User=0.00s Sys=0.00s Real=0.00s
[14627.325s][info][gc,start       ] GC(31929) Pause Young (Allocation Failure)
[14627.327s][info][gc,heap        ] GC(31929) PSYoungGen: 83424K(84480K)->2304K(84480K) Eden: 81920K(81920K)->0K(81920K) From: 1504K(2560K)->2304K(2560K)
[14627.327s][info][gc,heap        ] GC(31929) ParOldGen: 252855K(253440K)->252911K(253440K)
[14627.327s][info][gc,metaspace   ] GC(31929) Metaspace: 62363K(62592K)->62363K(62592K) NonClass: 53317K(53504K)->53317K(53504K) Class: 9046K(9088K)->9046K(9088K)
[14627.327s][info][gc             ] GC(31929) Pause Young (Allocation Failure) 328M->249M(330M) 2.100ms
[14627.327s][info][gc,cpu         ] GC(31929) User=0.00s Sys=0.00s Real=0.01s
[14627.717s][info][gc,start       ] GC(31930) Pause Young (Allocation Failure)
[14627.721s][info][gc,heap        ] GC(31930) PSYoungGen: 84224K(84480K)->1792K(83456K) Eden: 81920K(81920K)->0K(80896K) From: 2304K(2560K)->1792K(2560K)
[14627.721s][info][gc,heap        ] GC(31930) ParOldGen: 252911K(253440K)->255015K(255488K)
[14627.721s][info][gc,metaspace   ] GC(31930) Metaspace: 62363K(62592K)->62363K(62592K) NonClass: 53317K(53504K)->53317K(53504K) Class: 9046K(9088K)->9046K(9088K)
[14627.721s][info][gc             ] GC(31930) Pause Young (Allocation Failure) 329M->250M(331M) 3.958ms
[14627.721s][info][gc,cpu         ] GC(31930) User=0.01s Sys=0.00s Real=0.00s
[14628.119s][info][gc,start       ] GC(31931) Pause Young (Allocation Failure)
[14628.122s][info][gc,heap        ] GC(31931) PSYoungGen: 82688K(83456K)->1824K(83968K) Eden: 80896K(80896K)->0K(80896K) From: 1792K(2560K)->1824K(3072K)
[14628.122s][info][gc,heap        ] GC(31931) ParOldGen: 255015K(255488K)->255071K(255488K)
[14628.122s][info][gc,metaspace   ] GC(31931) Metaspace: 62363K(62592K)->62363K(62592K) NonClass: 53317K(53504K)->53317K(53504K) Class: 9046K(9088K)->9046K(9088K)
[14628.122s][info][gc             ] GC(31931) Pause Young (Allocation Failure) 329M->250M(331M) 2.994ms
[14628.122s][info][gc,cpu         ] GC(31931) User=0.01s Sys=0.00s Real=0.00s
[14628.509s][info][gc,start       ] GC(31932) Pause Young (Allocation Failure)
[14628.512s][info][gc,heap        ] GC(31932) PSYoungGen: 82720K(83968K)->1568K(83968K) Eden: 80896K(80896K)->0K(80896K) From: 1824K(3072K)->1568K(3072K)
[14628.512s][info][gc,heap        ] GC(31932) ParOldGen: 255071K(255488K)->255119K(255488K)
[14628.512s][info][gc,metaspace   ] GC(31932) Metaspace: 62363K(62592K)->62363K(62592K) NonClass: 53317K(53504K)->53317K(53504K) Class: 9046K(9088K)->9046K(9088K)
[14628.512s][info][gc             ] GC(31932) Pause Young (Allocation Failure) 329M->250M(331M) 2.822ms
[14628.512s][info][gc,cpu         ] GC(31932) User=0.01s Sys=0.00s Real=0.00s
[14628.899s][info][gc,start       ] GC(31933) Pause Young (Allocation Failure)
[14628.902s][info][gc,heap        ] GC(31933) PSYoungGen: 82464K(83968K)->1344K(83968K) Eden: 80896K(80896K)->0K(80896K) From: 1568K(3072K)->1344K(3072K)
[14628.902s][info][gc,heap        ] GC(31933) ParOldGen: 255119K(255488K)->255175K(255488K)
[14628.902s][info][gc,metaspace   ] GC(31933) Metaspace: 62363K(62592K)->62363K(62592K) NonClass: 53317K(53504K)->53317K(53504K) Class: 9046K(9088K)->9046K(9088K)
[14628.902s][info][gc             ] GC(31933) Pause Young (Allocation Failure) 329M->250M(331M) 2.686ms
[14628.902s][info][gc,cpu         ] GC(31933) User=0.01s Sys=0.00s Real=0.00s
[14629.310s][info][gc,start       ] GC(31934) Pause Young (Allocation Failure)
[14629.313s][info][gc,heap        ] GC(31934) PSYoungGen: 82240K(83968K)->1728K(84480K) Eden: 80896K(80896K)->0K(81920K) From: 1344K(3072K)->1728K(2560K)
[14629.313s][info][gc,heap        ] GC(31934) ParOldGen: 255175K(255488K)->255231K(255488K)
[14629.313s][info][gc,metaspace   ] GC(31934) Metaspace: 62363K(62592K)->62363K(62592K) NonClass: 53317K(53504K)->53317K(53504K) Class: 9046K(9088K)->9046K(9088K)
[14629.313s][info][gc             ] GC(31934) Pause Young (Allocation Failure) 329M->250M(332M) 3.004ms
[14629.313s][info][gc,cpu         ] GC(31934) User=0.01s Sys=0.00s Real=0.00s
[14629.722s][info][gc,start       ] GC(31935) Pause Young (Allocation Failure)
[14629.724s][info][gc,heap        ] GC(31935) PSYoungGen: 83648K(84480K)->192K(82432K) Eden: 81920K(81920K)->0K(81920K) From: 1728K(2560K)->192K(512K)
[14629.724s][info][gc,heap        ] GC(31935) ParOldGen: 255231K(255488K)->255287K(255488K)
[14629.724s][info][gc,metaspace   ] GC(31935) Metaspace: 62363K(62592K)->62363K(62592K) NonClass: 53317K(53504K)->53317K(53504K) Class: 9046K(9088K)->9046K(9088K)
[14629.724s][info][gc             ] GC(31935) Pause Young (Allocation Failure) 330M->249M(330M) 1.678ms
[14629.724s][info][gc,cpu         ] GC(31935) User=0.01s Sys=0.00s Real=0.00s
[14630.179s][info][gc,start       ] GC(31936) Pause Young (Allocation Failure)
[14630.181s][info][gc,heap        ] GC(31936) PSYoungGen: 82112K(82432K)->960K(84480K) Eden: 81920K(81920K)->0K(81408K) From: 192K(512K)->960K(3072K)
[14630.181s][info][gc,heap        ] GC(31936) ParOldGen: 255287K(255488K)->255343K(255488K)
[14630.181s][info][gc,metaspace   ] GC(31936) Metaspace: 62363K(62592K)->62363K(62592K) NonClass: 53317K(53504K)->53317K(53504K) Class: 9046K(9088K)->9046K(9088K)
[14630.181s][info][gc             ] GC(31936) Pause Young (Allocation Failure) 329M->250M(332M) 2.261ms
[14630.181s][info][gc,cpu         ] GC(31936) User=0.01s Sys=0.00s Real=0.00s
[14630.642s][info][gc,start       ] GC(31937) Pause Young (Allocation Failure)
[14630.644s][info][gc,heap        ] GC(31937) PSYoungGen: 82368K(84480K)->512K(83968K) Eden: 81408K(81408K)->0K(81408K) From: 960K(3072K)->512K(2560K)
[14630.644s][info][gc,heap        ] GC(31937) ParOldGen: 255343K(255488K)->255399K(255488K)
[14630.644s][info][gc,metaspace   ] GC(31937) Metaspace: 62363K(62592K)->62363K(62592K) NonClass: 53317K(53504K)->53317K(53504K) Class: 9046K(9088K)->9046K(9088K)
[14630.644s][info][gc             ] GC(31937) Pause Young (Allocation Failure) 329M->249M(331M) 2.008ms
[14630.644s][info][gc,cpu         ] GC(31937) User=0.00s Sys=0.00s Real=0.00s
[14631.116s][info][gc,start       ] GC(31938) Pause Young (Allocation Failure)
[14631.119s][info][gc,heap        ] GC(31938) PSYoungGen: 81920K(83968K)->1504K(84480K) Eden: 81408K(81408K)->0K(81920K) From: 512K(2560K)->1504K(2560K)
[14631.119s][info][gc,heap        ] GC(31938) ParOldGen: 255399K(255488K)->255447K(255488K)
[14631.119s][info][gc,metaspace   ] GC(31938) Metaspace: 62363K(62592K)->62363K(62592K) NonClass: 53317K(53504K)->53317K(53504K) Class: 9046K(9088K)->9046K(9088K)
[14631.119s][info][gc             ] GC(31938) Pause Young (Allocation Failure) 329M->250M(332M) 2.779ms
[14631.119s][info][gc,cpu         ] GC(31938) User=0.01s Sys=0.00s Real=0.00s
[14631.586s][info][gc,start       ] GC(31939) Pause Young (Allocation Failure)
[14631.588s][info][gc,heap        ] GC(31939) PSYoungGen: 83424K(84480K)->2112K(84480K) Eden: 81920K(81920K)->0K(81920K) From: 1504K(2560K)->2112K(2560K)
[14631.588s][info][gc,heap        ] GC(31939) ParOldGen: 255447K(255488K)->255503K(256000K)
[14631.588s][info][gc,metaspace   ] GC(31939) Metaspace: 62363K(62592K)->62363K(62592K) NonClass: 53317K(53504K)->53317K(53504K) Class: 9046K(9088K)->9046K(9088K)
[14631.588s][info][gc             ] GC(31939) Pause Young (Allocation Failure) 330M->251M(332M) 2.480ms
[14631.588s][info][gc,cpu         ] GC(31939) User=0.00s Sys=0.00s Real=0.01s
[14632.071s][info][gc,start       ] GC(31940) Pause Young (Allocation Failure)
[14632.074s][info][gc,heap        ] GC(31940) PSYoungGen: 84032K(84480K)->864K(83456K) Eden: 81920K(81920K)->0K(80896K) From: 2112K(2560K)->864K(2560K)
[14632.074s][info][gc,heap        ] GC(31940) ParOldGen: 255503K(256000K)->257599K(259072K)
[14632.074s][info][gc,metaspace   ] GC(31940) Metaspace: 62363K(62592K)->62363K(62592K) NonClass: 53317K(53504K)->53317K(53504K) Class: 9046K(9088K)->9046K(9088K)
[14632.074s][info][gc             ] GC(31940) Pause Young (Allocation Failure) 331M->252M(334M) 3.373ms
[14632.074s][info][gc,cpu         ] GC(31940) User=0.00s Sys=0.00s Real=0.00s
[14632.582s][info][gc,start       ] GC(31941) Pause Young (Allocation Failure)
[14632.584s][info][gc,heap        ] GC(31941) PSYoungGen: 81760K(83456K)->480K(83968K) Eden: 80896K(80896K)->0K(80896K) From: 864K(2560K)->480K(3072K)
[14632.584s][info][gc,heap        ] GC(31941) ParOldGen: 257599K(259072K)->257647K(259072K)
[14632.584s][info][gc,metaspace   ] GC(31941) Metaspace: 62363K(62592K)->62363K(62592K) NonClass: 53317K(53504K)->53317K(53504K) Class: 9046K(9088K)->9046K(9088K)
[14632.584s][info][gc             ] GC(31941) Pause Young (Allocation Failure) 331M->252M(335M) 1.983ms
[14632.584s][info][gc,cpu         ] GC(31941) User=0.00s Sys=0.00s Real=0.00s
[14633.042s][info][gc,start       ] GC(31942) Pause Young (Allocation Failure)
[14633.044s][info][gc,heap        ] GC(31942) PSYoungGen: 81376K(83968K)->416K(83968K) Eden: 80896K(80896K)->0K(80896K) From: 480K(3072K)->416K(3072K)
[14633.044s][info][gc,heap        ] GC(31942) ParOldGen: 257647K(259072K)->257751K(259072K)
[14633.044s][info][gc,metaspace   ] GC(31942) Metaspace: 62363K(62592K)->62363K(62592K) NonClass: 53317K(53504K)->53317K(53504K) Class: 9046K(9088K)->9046K(9088K)
[14633.044s][info][gc             ] GC(31942) Pause Young (Allocation Failure) 331M->252M(335M) 1.987ms
[14633.044s][info][gc,cpu         ] GC(31942) User=0.00s Sys=0.00s Real=0.00s
[14633.493s][info][gc,start       ] GC(31943) Pause Young (Allocation Failure)
[14633.496s][info][gc,heap        ] GC(31943) PSYoungGen: 81312K(83968K)->1280K(83968K) Eden: 80896K(80896K)->0K(80896K) From: 416K(3072K)->1280K(3072K)
[14633.496s][info][gc,heap        ] GC(31943) ParOldGen: 257751K(259072K)->257799K(259072K)
[14633.496s][info][gc,metaspace   ] GC(31943) Metaspace: 62363K(62592K)->62363K(62592K) NonClass: 53317K(53504K)->53317K(53504K) Class: 9046K(9088K)->9046K(9088K)
[14633.496s][info][gc             ] GC(31943) Pause Young (Allocation Failure) 331M->253M(335M) 2.486ms
[14633.496s][info][gc,cpu         ] GC(31943) User=0.00s Sys=0.00s Real=0.00s
[14633.958s][info][gc,start       ] GC(31944) Pause Young (Allocation Failure)
[14633.960s][info][gc,heap        ] GC(31944) PSYoungGen: 82176K(83968K)->640K(84480K) Eden: 80896K(80896K)->0K(81920K) From: 1280K(3072K)->640K(2560K)
[14633.960s][info][gc,heap        ] GC(31944) ParOldGen: 257799K(259072K)->257855K(259072K)
[14633.960s][info][gc,metaspace   ] GC(31944) Metaspace: 62363K(62592K)->62363K(62592K) NonClass: 53317K(53504K)->53317K(53504K) Class: 9046K(9088K)->9046K(9088K)
[14633.960s][info][gc             ] GC(31944) Pause Young (Allocation Failure) 332M->252M(335M) 2.070ms
[14633.960s][info][gc,cpu         ] GC(31944) User=0.01s Sys=0.00s Real=0.00s
[14634.432s][info][gc,start       ] GC(31945) Pause Young (Allocation Failure)
[14634.434s][info][gc,heap        ] GC(31945) PSYoungGen: 82560K(84480K)->384K(84480K) Eden: 81920K(81920K)->0K(81920K) From: 640K(2560K)->384K(2560K)
[14634.434s][info][gc,heap        ] GC(31945) ParOldGen: 257855K(259072K)->257903K(259072K)
[14634.434s][info][gc,metaspace   ] GC(31945) Metaspace: 62363K(62592K)->62363K(62592K) NonClass: 53317K(53504K)->53317K(53504K) Class: 9046K(9088K)->9046K(9088K)
[14634.434s][info][gc             ] GC(31945) Pause Young (Allocation Failure) 332M->252M(335M) 1.925ms
[14634.434s][info][gc,cpu         ] GC(31945) User=0.00s Sys=0.00s Real=0.00s
[14634.909s][info][gc,start       ] GC(31946) Pause Young (Allocation Failure)
[14634.912s][info][gc,heap        ] GC(31946) PSYoungGen: 82304K(84480K)->1376K(84480K) Eden: 81920K(81920K)->0K(81920K) From: 384K(2560K)->1376K(2560K)
[14634.912s][info][gc,heap        ] GC(31946) ParOldGen: 257903K(259072K)->257951K(259072K)
[14634.912s][info][gc,metaspace   ] GC(31946) Metaspace: 62363K(62592K)->62363K(62592K) NonClass: 53317K(53504K)->53317K(53504K) Class: 9046K(9088K)->9046K(9088K)
[14634.912s][info][gc             ] GC(31946) Pause Young (Allocation Failure) 332M->253M(335M) 2.615ms
[14634.912s][info][gc,cpu         ] GC(31946) User=0.01s Sys=0.00s Real=0.00s
[14635.344s][info][gc,start       ] GC(31947) Pause Young (Allocation Failure)
[14635.345s][info][gc,heap        ] GC(31947) PSYoungGen: 83296K(84480K)->512K(84480K) Eden: 81920K(81920K)->0K(81920K) From: 1376K(2560K)->512K(2560K)
[14635.345s][info][gc,heap        ] GC(31947) ParOldGen: 257951K(259072K)->258007K(259072K)
[14635.345s][info][gc,metaspace   ] GC(31947) Metaspace: 62363K(62592K)->62363K(62592K) NonClass: 53317K(53504K)->53317K(53504K) Class: 9046K(9088K)->9046K(9088K)
[14635.345s][info][gc             ] GC(31947) Pause Young (Allocation Failure) 333M->252M(335M) 1.901ms
[14635.346s][info][gc,cpu         ] GC(31947) User=0.00s Sys=0.00s Real=0.00s
[14635.797s][info][gc,start       ] GC(31948) Pause Young (Allocation Failure)
[14635.799s][info][gc,heap        ] GC(31948) PSYoungGen: 82432K(84480K)->1248K(84480K) Eden: 81920K(81920K)->0K(81920K) From: 512K(2560K)->1248K(2560K)
[14635.799s][info][gc,heap        ] GC(31948) ParOldGen: 258007K(259072K)->258055K(259072K)
[14635.799s][info][gc,metaspace   ] GC(31948) Metaspace: 62363K(62592K)->62363K(62592K) NonClass: 53317K(53504K)->53317K(53504K) Class: 9046K(9088K)->9046K(9088K)
[14635.799s][info][gc             ] GC(31948) Pause Young (Allocation Failure) 332M->253M(335M) 2.541ms
[14635.799s][info][gc,cpu         ] GC(31948) User=0.00s Sys=0.00s Real=0.00s
[14636.261s][info][gc,start       ] GC(31949) Pause Young (Allocation Failure)
[14636.263s][info][gc,heap        ] GC(31949) PSYoungGen: 83168K(84480K)->704K(84480K) Eden: 81920K(81920K)->0K(81920K) From: 1248K(2560K)->704K(2560K)
[14636.263s][info][gc,heap        ] GC(31949) ParOldGen: 258055K(259072K)->258103K(259072K)
[14636.263s][info][gc,metaspace   ] GC(31949) Metaspace: 62363K(62592K)->62363K(62592K) NonClass: 53317K(53504K)->53317K(53504K) Class: 9046K(9088K)->9046K(9088K)
[14636.263s][info][gc             ] GC(31949) Pause Young (Allocation Failure) 333M->252M(335M) 2.033ms
[14636.263s][info][gc,cpu         ] GC(31949) User=0.01s Sys=0.00s Real=0.00s
[14636.713s][info][gc,start       ] GC(31950) Pause Young (Allocation Failure)
[14636.717s][info][gc,heap        ] GC(31950) PSYoungGen: 82624K(84480K)->2528K(82432K) Eden: 81920K(81920K)->0K(79872K) From: 704K(2560K)->2528K(2560K)
[14636.717s][info][gc,heap        ] GC(31950) ParOldGen: 258103K(259072K)->259231K(260608K)
[14636.717s][info][gc,metaspace   ] GC(31950) Metaspace: 62363K(62592K)->62363K(62592K) NonClass: 53317K(53504K)->53317K(53504K) Class: 9046K(9088K)->9046K(9088K)
[14636.717s][info][gc             ] GC(31950) Pause Young (Allocation Failure) 332M->255M(335M) 3.353ms
[14636.717s][info][gc,cpu         ] GC(31950) User=0.01s Sys=0.00s Real=0.01s
[14637.117s][info][gc,start       ] GC(31951) Pause Young (Allocation Failure)
[14637.121s][info][gc,heap        ] GC(31951) PSYoungGen: 82400K(82432K)->1696K(83456K) Eden: 79872K(79872K)->0K(79872K) From: 2528K(2560K)->1696K(3584K)
[14637.121s][info][gc,heap        ] GC(31951) ParOldGen: 259231K(260608K)->261319K(262144K)
[14637.121s][info][gc,metaspace   ] GC(31951) Metaspace: 62363K(62592K)->62363K(62592K) NonClass: 53317K(53504K)->53317K(53504K) Class: 9046K(9088K)->9046K(9088K)
[14637.121s][info][gc             ] GC(31951) Pause Young (Allocation Failure) 333M->256M(337M) 3.930ms
[14637.121s][info][gc,cpu         ] GC(31951) User=0.00s Sys=0.00s Real=0.00s
[14637.542s][info][gc,start       ] GC(31952) Pause Young (Allocation Failure)
[14637.544s][info][gc,heap        ] GC(31952) PSYoungGen: 81567K(83456K)->448K(83968K) Eden: 79871K(79872K)->0K(80384K) From: 1696K(3584K)->448K(3584K)
[14637.544s][info][gc,heap        ] GC(31952) ParOldGen: 261319K(262144K)->261383K(262144K)
[14637.544s][info][gc,metaspace   ] GC(31952) Metaspace: 62363K(62592K)->62363K(62592K) NonClass: 53317K(53504K)->53317K(53504K) Class: 9046K(9088K)->9046K(9088K)
[14637.544s][info][gc             ] GC(31952) Pause Young (Allocation Failure) 334M->255M(338M) 1.938ms
[14637.544s][info][gc,cpu         ] GC(31952) User=0.00s Sys=0.00s Real=0.00s
[14637.986s][info][gc,start       ] GC(31953) Pause Young (Allocation Failure)
[14637.989s][info][gc,heap        ] GC(31953) PSYoungGen: 80832K(83968K)->1152K(83456K) Eden: 80384K(80384K)->0K(80384K) From: 448K(3584K)->1152K(3072K)
[14637.989s][info][gc,heap        ] GC(31953) ParOldGen: 261383K(262144K)->261431K(262144K)
[14637.989s][info][gc,metaspace   ] GC(31953) Metaspace: 62363K(62592K)->62363K(62592K) NonClass: 53317K(53504K)->53317K(53504K) Class: 9046K(9088K)->9046K(9088K)
[14637.989s][info][gc             ] GC(31953) Pause Young (Allocation Failure) 334M->256M(337M) 2.358ms
[14637.989s][info][gc,cpu         ] GC(31953) User=0.00s Sys=0.00s Real=0.00s
[14638.436s][info][gc,start       ] GC(31954) Pause Young (Allocation Failure)
[14638.438s][info][gc,heap        ] GC(31954) PSYoungGen: 81536K(83456K)->384K(83968K) Eden: 80384K(80384K)->0K(80896K) From: 1152K(3072K)->384K(3072K)
[14638.438s][info][gc,heap        ] GC(31954) ParOldGen: 261431K(262144K)->261487K(262144K)
[14638.438s][info][gc,metaspace   ] GC(31954) Metaspace: 62363K(62592K)->62363K(62592K) NonClass: 53317K(53504K)->53317K(53504K) Class: 9046K(9088K)->9046K(9088K)
[14638.438s][info][gc             ] GC(31954) Pause Young (Allocation Failure) 334M->255M(338M) 1.943ms
[14638.438s][info][gc,cpu         ] GC(31954) User=0.00s Sys=0.00s Real=0.00s
[14638.859s][info][gc,start       ] GC(31955) Pause Young (Allocation Failure)
[14638.861s][info][gc,heap        ] GC(31955) PSYoungGen: 81280K(83968K)->704K(83968K) Eden: 80896K(80896K)->0K(80896K) From: 384K(3072K)->704K(3072K)
[14638.861s][info][gc,heap        ] GC(31955) ParOldGen: 261487K(262144K)->261543K(262144K)
[14638.861s][info][gc,metaspace   ] GC(31955) Metaspace: 62363K(62592K)->62363K(62592K) NonClass: 53317K(53504K)->53317K(53504K) Class: 9046K(9088K)->9046K(9088K)
[14638.861s][info][gc             ] GC(31955) Pause Young (Allocation Failure) 334M->256M(338M) 2.113ms
[14638.861s][info][gc,cpu         ] GC(31955) User=0.00s Sys=0.00s Real=0.00s
[14639.323s][info][gc,start       ] GC(31956) Pause Young (Allocation Failure)
[14639.324s][info][gc,heap        ] GC(31956) PSYoungGen: 81600K(83968K)->224K(83968K) Eden: 80896K(80896K)->0K(80896K) From: 704K(3072K)->224K(3072K)
[14639.324s][info][gc,heap        ] GC(31956) ParOldGen: 261543K(262144K)->261599K(262144K)
[14639.324s][info][gc,metaspace   ] GC(31956) Metaspace: 62363K(62592K)->62363K(62592K) NonClass: 53317K(53504K)->53317K(53504K) Class: 9046K(9088K)->9046K(9088K)
[14639.324s][info][gc             ] GC(31956) Pause Young (Allocation Failure) 335M->255M(338M) 1.753ms
[14639.324s][info][gc,cpu         ] GC(31956) User=0.01s Sys=0.00s Real=0.00s
[14639.785s][info][gc,start       ] GC(31957) Pause Young (Allocation Failure)
[14639.787s][info][gc,heap        ] GC(31957) PSYoungGen: 81120K(83968K)->1024K(83968K) Eden: 80896K(80896K)->0K(80896K) From: 224K(3072K)->1024K(3072K)
[14639.787s][info][gc,heap        ] GC(31957) ParOldGen: 261599K(262144K)->261647K(262144K)
[14639.787s][info][gc,metaspace   ] GC(31957) Metaspace: 62363K(62592K)->62363K(62592K) NonClass: 53317K(53504K)->53317K(53504K) Class: 9046K(9088K)->9046K(9088K)
[14639.787s][info][gc             ] GC(31957) Pause Young (Allocation Failure) 334M->256M(338M) 2.270ms
[14639.787s][info][gc,cpu         ] GC(31957) User=0.00s Sys=0.00s Real=0.01s
[14640.288s][info][gc,start       ] GC(31958) Pause Young (Allocation Failure)
[14640.290s][info][gc,heap        ] GC(31958) PSYoungGen: 81920K(83968K)->1168K(84480K) Eden: 80896K(80896K)->0K(81408K) From: 1024K(3072K)->1168K(3072K)
[14640.290s][info][gc,heap        ] GC(31958) ParOldGen: 261647K(262144K)->261703K(262144K)
[14640.290s][info][gc,metaspace   ] GC(31958) Metaspace: 62363K(62592K)->62363K(62592K) NonClass: 53317K(53504K)->53317K(53504K) Class: 9046K(9088K)->9046K(9088K)
[14640.290s][info][gc             ] GC(31958) Pause Young (Allocation Failure) 335M->256M(338M) 2.606ms
[14640.290s][info][gc,cpu         ] GC(31958) User=0.01s Sys=0.00s Real=0.00s
[14640.744s][info][gc,start       ] GC(31959) Pause Young (Allocation Failure)
[14640.746s][info][gc,heap        ] GC(31959) PSYoungGen: 82576K(84480K)->512K(83968K) Eden: 81408K(81408K)->0K(81408K) From: 1168K(3072K)->512K(2560K)
[14640.746s][info][gc,heap        ] GC(31959) ParOldGen: 261703K(262144K)->261799K(262144K)
[14640.746s][info][gc,metaspace   ] GC(31959) Metaspace: 62363K(62592K)->62363K(62592K) NonClass: 53317K(53504K)->53317K(53504K) Class: 9046K(9088K)->9046K(9088K)
[14640.746s][info][gc             ] GC(31959) Pause Young (Allocation Failure) 336M->256M(338M) 1.935ms
[14640.746s][info][gc,cpu         ] GC(31959) User=0.01s Sys=0.00s Real=0.01s
[14641.192s][info][gc,start       ] GC(31960) Pause Young (Allocation Failure)
[14641.195s][info][gc,heap        ] GC(31960) PSYoungGen: 81920K(83968K)->2368K(83456K) Eden: 81408K(81408K)->0K(80896K) From: 512K(2560K)->2368K(2560K)
[14641.195s][info][gc,heap        ] GC(31960) ParOldGen: 261799K(262144K)->261847K(262144K)
[14641.195s][info][gc,metaspace   ] GC(31960) Metaspace: 62363K(62592K)->62363K(62592K) NonClass: 53317K(53504K)->53317K(53504K) Class: 9046K(9088K)->9046K(9088K)
[14641.195s][info][gc             ] GC(31960) Pause Young (Allocation Failure) 335M->258M(337M) 2.729ms
[14641.195s][info][gc,cpu         ] GC(31960) User=0.00s Sys=0.00s Real=0.00s
[14641.630s][info][gc,start       ] GC(31961) Pause Young (Allocation Failure)
[14641.633s][info][gc,heap        ] GC(31961) PSYoungGen: 83264K(83456K)->320K(83968K) Eden: 80896K(80896K)->0K(80896K) From: 2368K(2560K)->320K(3072K)
[14641.633s][info][gc,heap        ] GC(31961) ParOldGen: 261847K(262144K)->263951K(265216K)
[14641.633s][info][gc,metaspace   ] GC(31961) Metaspace: 62363K(62592K)->62363K(62592K) NonClass: 53317K(53504K)->53317K(53504K) Class: 9046K(9088K)->9046K(9088K)
[14641.633s][info][gc             ] GC(31961) Pause Young (Allocation Failure) 337M->258M(341M) 2.947ms
[14641.633s][info][gc,cpu         ] GC(31961) User=0.00s Sys=0.01s Real=0.00s
[14642.052s][info][gc,start       ] GC(31962) Pause Young (Allocation Failure)
[14642.054s][info][gc,heap        ] GC(31962) PSYoungGen: 81216K(83968K)->672K(83968K) Eden: 80896K(80896K)->0K(80896K) From: 320K(3072K)->672K(3072K)
[14642.054s][info][gc,heap        ] GC(31962) ParOldGen: 263951K(265216K)->263999K(265216K)
[14642.054s][info][gc,metaspace   ] GC(31962) Metaspace: 62363K(62592K)->62363K(62592K) NonClass: 53317K(53504K)->53317K(53504K) Class: 9046K(9088K)->9046K(9088K)
[14642.054s][info][gc             ] GC(31962) Pause Young (Allocation Failure) 337M->258M(341M) 2.166ms
[14642.054s][info][gc,cpu         ] GC(31962) User=0.00s Sys=0.00s Real=0.00s
[14642.553s][info][gc,start       ] GC(31963) Pause Young (Allocation Failure)
[14642.555s][info][gc,heap        ] GC(31963) PSYoungGen: 81568K(83968K)->640K(83968K) Eden: 80896K(80896K)->0K(80896K) From: 672K(3072K)->640K(3072K)
[14642.555s][info][gc,heap        ] GC(31963) ParOldGen: 263999K(265216K)->264055K(265216K)
[14642.555s][info][gc,metaspace   ] GC(31963) Metaspace: 62363K(62592K)->62363K(62592K) NonClass: 53317K(53504K)->53317K(53504K) Class: 9046K(9088K)->9046K(9088K)
[14642.555s][info][gc             ] GC(31963) Pause Young (Allocation Failure) 337M->258M(341M) 2.043ms
[14642.555s][info][gc,cpu         ] GC(31963) User=0.01s Sys=0.00s Real=0.00s
[14643.046s][info][gc,start       ] GC(31964) Pause Young (Allocation Failure)
[14643.048s][info][gc,heap        ] GC(31964) PSYoungGen: 81536K(83968K)->544K(84480K) Eden: 80896K(80896K)->0K(81920K) From: 640K(3072K)->544K(2560K)
[14643.048s][info][gc,heap        ] GC(31964) ParOldGen: 264055K(265216K)->264111K(265216K)
[14643.048s][info][gc,metaspace   ] GC(31964) Metaspace: 62363K(62592K)->62363K(62592K) NonClass: 53317K(53504K)->53317K(53504K) Class: 9046K(9088K)->9046K(9088K)
[14643.048s][info][gc             ] GC(31964) Pause Young (Allocation Failure) 337M->258M(341M) 2.126ms
[14643.048s][info][gc,cpu         ] GC(31964) User=0.01s Sys=0.00s Real=0.01s
[14643.545s][info][gc,start       ] GC(31965) Pause Young (Allocation Failure)
[14643.547s][info][gc,heap        ] GC(31965) PSYoungGen: 82464K(84480K)->480K(84480K) Eden: 81920K(81920K)->0K(81920K) From: 544K(2560K)->480K(2560K)
[14643.547s][info][gc,heap        ] GC(31965) ParOldGen: 264111K(265216K)->264167K(265216K)
[14643.547s][info][gc,metaspace   ] GC(31965) Metaspace: 62363K(62592K)->62363K(62592K) NonClass: 53317K(53504K)->53317K(53504K) Class: 9046K(9088K)->9046K(9088K)
[14643.547s][info][gc             ] GC(31965) Pause Young (Allocation Failure) 338M->258M(341M) 2.024ms
[14643.547s][info][gc,cpu         ] GC(31965) User=0.01s Sys=0.00s Real=0.01s
[14644.020s][info][gc,start       ] GC(31966) Pause Young (Allocation Failure)
[14644.022s][info][gc,heap        ] GC(31966) PSYoungGen: 82400K(84480K)->1504K(84480K) Eden: 81920K(81920K)->0K(81920K) From: 480K(2560K)->1504K(2560K)
[14644.022s][info][gc,heap        ] GC(31966) ParOldGen: 264167K(265216K)->264223K(265216K)
[14644.023s][info][gc,metaspace   ] GC(31966) Metaspace: 62363K(62592K)->62363K(62592K) NonClass: 53317K(53504K)->53317K(53504K) Class: 9046K(9088K)->9046K(9088K)
[14644.023s][info][gc             ] GC(31966) Pause Young (Allocation Failure) 338M->259M(341M) 2.986ms
[14644.023s][info][gc,cpu         ] GC(31966) User=0.00s Sys=0.00s Real=0.00s
[14644.467s][info][gc,start       ] GC(31967) Pause Young (Allocation Failure)
[14644.470s][info][gc,heap        ] GC(31967) PSYoungGen: 83424K(84480K)->992K(84480K) Eden: 81920K(81920K)->0K(81920K) From: 1504K(2560K)->992K(2560K)
[14644.470s][info][gc,heap        ] GC(31967) ParOldGen: 264223K(265216K)->264271K(265216K)
[14644.470s][info][gc,metaspace   ] GC(31967) Metaspace: 62363K(62592K)->62363K(62592K) NonClass: 53317K(53504K)->53317K(53504K) Class: 9046K(9088K)->9046K(9088K)
[14644.470s][info][gc             ] GC(31967) Pause Young (Allocation Failure) 339M->259M(341M) 2.472ms
[14644.470s][info][gc,cpu         ] GC(31967) User=0.00s Sys=0.00s Real=0.00s
[14644.913s][info][gc,start       ] GC(31968) Pause Young (Allocation Failure)
[14644.916s][info][gc,heap        ] GC(31968) PSYoungGen: 82912K(84480K)->1600K(84480K) Eden: 81920K(81920K)->0K(81920K) From: 992K(2560K)->1600K(2560K)
[14644.916s][info][gc,heap        ] GC(31968) ParOldGen: 264271K(265216K)->264327K(265216K)
[14644.916s][info][gc,metaspace   ] GC(31968) Metaspace: 62363K(62592K)->62363K(62592K) NonClass: 53317K(53504K)->53317K(53504K) Class: 9046K(9088K)->9046K(9088K)
[14644.916s][info][gc             ] GC(31968) Pause Young (Allocation Failure) 339M->259M(341M) 3.054ms
[14644.916s][info][gc,cpu         ] GC(31968) User=0.00s Sys=0.00s Real=0.01s
[14645.336s][info][gc,start       ] GC(31969) Pause Young (Allocation Failure)
[14645.338s][info][gc,heap        ] GC(31969) PSYoungGen: 83520K(84480K)->416K(84480K) Eden: 81920K(81920K)->0K(81920K) From: 1600K(2560K)->416K(2560K)
[14645.338s][info][gc,heap        ] GC(31969) ParOldGen: 264327K(265216K)->264375K(265216K)
[14645.338s][info][gc,metaspace   ] GC(31969) Metaspace: 62363K(62592K)->62363K(62592K) NonClass: 53317K(53504K)->53317K(53504K) Class: 9046K(9088K)->9046K(9088K)
[14645.338s][info][gc             ] GC(31969) Pause Young (Allocation Failure) 339M->258M(341M) 1.963ms
[14645.338s][info][gc,cpu         ] GC(31969) User=0.00s Sys=0.00s Real=0.00s
[14645.819s][info][gc,start       ] GC(31970) Pause Young (Allocation Failure)
[14645.822s][info][gc,heap        ] GC(31970) PSYoungGen: 82336K(84480K)->1440K(84480K) Eden: 81920K(81920K)->0K(81920K) From: 416K(2560K)->1440K(2560K)
[14645.822s][info][gc,heap        ] GC(31970) ParOldGen: 264375K(265216K)->264423K(265216K)
[14645.822s][info][gc,metaspace   ] GC(31970) Metaspace: 62363K(62592K)->62363K(62592K) NonClass: 53317K(53504K)->53317K(53504K) Class: 9046K(9088K)->9046K(9088K)
[14645.822s][info][gc             ] GC(31970) Pause Young (Allocation Failure) 338M->259M(341M) 2.815ms
[14645.822s][info][gc,cpu         ] GC(31970) User=0.01s Sys=0.00s Real=0.00s
[14646.291s][info][gc,start       ] GC(31971) Pause Young (Allocation Failure)
[14646.294s][info][gc,heap        ] GC(31971) PSYoungGen: 83360K(84480K)->2112K(84480K) Eden: 81920K(81920K)->0K(81920K) From: 1440K(2560K)->2112K(2560K)
[14646.294s][info][gc,heap        ] GC(31971) ParOldGen: 264423K(265216K)->265495K(266752K)
[14646.294s][info][gc,metaspace   ] GC(31971) Metaspace: 62363K(62592K)->62363K(62592K) NonClass: 53317K(53504K)->53317K(53504K) Class: 9046K(9088K)->9046K(9088K)
[14646.294s][info][gc             ] GC(31971) Pause Young (Allocation Failure) 339M->261M(343M) 3.172ms
[14646.294s][info][gc,cpu         ] GC(31971) User=0.00s Sys=0.00s Real=0.00s
[14646.766s][info][gc,start       ] GC(31972) Pause Young (Allocation Failure)
[14646.769s][info][gc,heap        ] GC(31972) PSYoungGen: 84032K(84480K)->800K(83456K) Eden: 81920K(81920K)->0K(80896K) From: 2112K(2560K)->800K(2560K)
[14646.769s][info][gc,heap        ] GC(31972) ParOldGen: 265495K(266752K)->267591K(268288K)
[14646.769s][info][gc,metaspace   ] GC(31972) Metaspace: 62363K(62592K)->62363K(62592K) NonClass: 53317K(53504K)->53317K(53504K) Class: 9046K(9088K)->9046K(9088K)
[14646.769s][info][gc             ] GC(31972) Pause Young (Allocation Failure) 341M->262M(343M) 3.335ms
[14646.769s][info][gc,cpu         ] GC(31972) User=0.00s Sys=0.01s Real=0.01s
[14647.238s][info][gc,start       ] GC(31973) Pause Young (Allocation Failure)
[14647.240s][info][gc,heap        ] GC(31973) PSYoungGen: 81696K(83456K)->416K(83968K) Eden: 80896K(80896K)->0K(80896K) From: 800K(2560K)->416K(3072K)
[14647.240s][info][gc,heap        ] GC(31973) ParOldGen: 267591K(268288K)->267647K(268288K)
[14647.240s][info][gc,metaspace   ] GC(31973) Metaspace: 62363K(62592K)->62363K(62592K) NonClass: 53317K(53504K)->53317K(53504K) Class: 9046K(9088K)->9046K(9088K)
[14647.240s][info][gc             ] GC(31973) Pause Young (Allocation Failure) 341M->261M(344M) 2.025ms
[14647.240s][info][gc,cpu         ] GC(31973) User=0.00s Sys=0.00s Real=0.00s
[14647.630s][info][gc,start       ] GC(31974) Pause Young (Allocation Failure)
[14647.632s][info][gc,heap        ] GC(31974) PSYoungGen: 81312K(83968K)->320K(84480K) Eden: 80896K(80896K)->0K(81920K) From: 416K(3072K)->320K(2560K)
[14647.632s][info][gc,heap        ] GC(31974) ParOldGen: 267647K(268288K)->267703K(268288K)
[14647.632s][info][gc,metaspace   ] GC(31974) Metaspace: 62363K(62592K)->62363K(62592K) NonClass: 53317K(53504K)->53317K(53504K) Class: 9046K(9088K)->9046K(9088K)
[14647.632s][info][gc             ] GC(31974) Pause Young (Allocation Failure) 340M->261M(344M) 1.932ms
[14647.632s][info][gc,cpu         ] GC(31974) User=0.01s Sys=0.00s Real=0.00s
[14648.150s][info][gc,start       ] GC(31975) Pause Young (Allocation Failure)
[14648.153s][info][gc,heap        ] GC(31975) PSYoungGen: 82240K(84480K)->688K(84480K) Eden: 81920K(81920K)->0K(81920K) From: 320K(2560K)->688K(2560K)
[14648.153s][info][gc,heap        ] GC(31975) ParOldGen: 267703K(268288K)->267751K(268288K)
[14648.153s][info][gc,metaspace   ] GC(31975) Metaspace: 62363K(62592K)->62363K(62592K) NonClass: 53317K(53504K)->53317K(53504K) Class: 9046K(9088K)->9046K(9088K)
[14648.153s][info][gc             ] GC(31975) Pause Young (Allocation Failure) 341M->262M(344M) 2.268ms
[14648.153s][info][gc,cpu         ] GC(31975) User=0.00s Sys=0.00s Real=0.00s
[14648.550s][info][gc,start       ] GC(31976) Pause Young (Allocation Failure)
[14648.552s][info][gc,heap        ] GC(31976) PSYoungGen: 82608K(84480K)->704K(84480K) Eden: 81920K(81920K)->0K(81920K) From: 688K(2560K)->704K(2560K)
[14648.552s][info][gc,heap        ] GC(31976) ParOldGen: 267751K(268288K)->267855K(268288K)
[14648.552s][info][gc,metaspace   ] GC(31976) Metaspace: 62363K(62592K)->62363K(62592K) NonClass: 53317K(53504K)->53317K(53504K) Class: 9046K(9088K)->9046K(9088K)
[14648.552s][info][gc             ] GC(31976) Pause Young (Allocation Failure) 342M->262M(344M) 2.135ms
[14648.552s][info][gc,cpu         ] GC(31976) User=0.00s Sys=0.00s Real=0.00s
[14648.999s][info][gc,start       ] GC(31977) Pause Young (Allocation Failure)
[14649.001s][info][gc,heap        ] GC(31977) PSYoungGen: 82624K(84480K)->1248K(84480K) Eden: 81920K(81920K)->0K(81920K) From: 704K(2560K)->1248K(2560K)
[14649.001s][info][gc,heap        ] GC(31977) ParOldGen: 267855K(268288K)->267903K(268288K)
[14649.001s][info][gc,metaspace   ] GC(31977) Metaspace: 62363K(62592K)->62363K(62592K) NonClass: 53317K(53504K)->53317K(53504K) Class: 9046K(9088K)->9046K(9088K)
[14649.001s][info][gc             ] GC(31977) Pause Young (Allocation Failure) 342M->262M(344M) 2.605ms
[14649.001s][info][gc,cpu         ] GC(31977) User=0.00s Sys=0.00s Real=0.00s
[14649.415s][info][gc,start       ] GC(31978) Pause Young (Allocation Failure)
[14649.418s][info][gc,heap        ] GC(31978) PSYoungGen: 83168K(84480K)->1632K(84480K) Eden: 81920K(81920K)->0K(81920K) From: 1248K(2560K)->1632K(2560K)
[14649.418s][info][gc,heap        ] GC(31978) ParOldGen: 267903K(268288K)->267951K(268288K)
[14649.418s][info][gc,metaspace   ] GC(31978) Metaspace: 62363K(62592K)->62363K(62592K) NonClass: 53317K(53504K)->53317K(53504K) Class: 9046K(9088K)->9046K(9088K)
[14649.418s][info][gc             ] GC(31978) Pause Young (Allocation Failure) 342M->263M(344M) 2.960ms
[14649.418s][info][gc,cpu         ] GC(31978) User=0.00s Sys=0.00s Real=0.01s
[14649.843s][info][gc,start       ] GC(31979) Pause Young (Allocation Failure)
[14649.845s][info][gc,heap        ] GC(31979) PSYoungGen: 83552K(84480K)->512K(84480K) Eden: 81920K(81920K)->0K(81920K) From: 1632K(2560K)->512K(2560K)
[14649.845s][info][gc,heap        ] GC(31979) ParOldGen: 267951K(268288K)->267999K(268288K)
[14649.845s][info][gc,metaspace   ] GC(31979) Metaspace: 62363K(62592K)->62363K(62592K) NonClass: 53317K(53504K)->53317K(53504K) Class: 9046K(9088K)->9046K(9088K)
[14649.846s][info][gc             ] GC(31979) Pause Young (Allocation Failure) 343M->262M(344M) 2.130ms
[14649.846s][info][gc,cpu         ] GC(31979) User=0.00s Sys=0.00s Real=0.00s
[14650.288s][info][gc,start       ] GC(31980) Pause Young (Allocation Failure)
[14650.291s][info][gc,heap        ] GC(31980) PSYoungGen: 82431K(84480K)->1184K(84480K) Eden: 81919K(81920K)->0K(81920K) From: 512K(2560K)->1184K(2560K)
[14650.291s][info][gc,heap        ] GC(31980) ParOldGen: 267999K(268288K)->268047K(268288K)
[14650.291s][info][gc,metaspace   ] GC(31980) Metaspace: 62363K(62592K)->62363K(62592K) NonClass: 53317K(53504K)->53317K(53504K) Class: 9046K(9088K)->9046K(9088K)
[14650.291s][info][gc             ] GC(31980) Pause Young (Allocation Failure) 342M->262M(344M) 2.572ms
[14650.291s][info][gc,cpu         ] GC(31980) User=0.00s Sys=0.00s Real=0.00s
[14650.716s][info][gc,start       ] GC(31981) Pause Young (Allocation Failure)
[14650.720s][info][gc,heap        ] GC(31981) PSYoungGen: 83104K(84480K)->2528K(84480K) Eden: 81920K(81920K)->0K(81920K) From: 1184K(2560K)->2528K(2560K)
[14650.720s][info][gc,heap        ] GC(31981) ParOldGen: 268047K(268288K)->270231K(271360K)
[14650.721s][info][gc,metaspace   ] GC(31981) Metaspace: 62363K(62592K)->62363K(62592K) NonClass: 53317K(53504K)->53317K(53504K) Class: 9046K(9088K)->9046K(9088K)
[14650.721s][info][gc             ] GC(31981) Pause Young (Allocation Failure) 342M->266M(347M) 4.295ms
[14650.721s][info][gc,cpu         ] GC(31981) User=0.00s Sys=0.01s Real=0.00s
[14651.159s][info][gc,start       ] GC(31982) Pause Young (Allocation Failure)
[14651.162s][info][gc,heap        ] GC(31982) PSYoungGen: 84448K(84480K)->768K(82432K) Eden: 81920K(81920K)->0K(79872K) From: 2528K(2560K)->768K(2560K)
[14651.162s][info][gc,heap        ] GC(31982) ParOldGen: 270231K(271360K)->272319K(272896K)
[14651.162s][info][gc,metaspace   ] GC(31982) Metaspace: 62363K(62592K)->62363K(62592K) NonClass: 53317K(53504K)->53317K(53504K) Class: 9046K(9088K)->9046K(9088K)
[14651.162s][info][gc             ] GC(31982) Pause Young (Allocation Failure) 346M->266M(347M) 3.068ms
[14651.162s][info][gc,cpu         ] GC(31982) User=0.00s Sys=0.00s Real=0.00s
[14651.582s][info][gc,start       ] GC(31983) Pause Young (Allocation Failure)
[14651.585s][info][gc,heap        ] GC(31983) PSYoungGen: 80640K(82432K)->1120K(83456K) Eden: 79872K(79872K)->0K(79872K) From: 768K(2560K)->1120K(3584K)
[14651.585s][info][gc,heap        ] GC(31983) ParOldGen: 272319K(272896K)->272375K(272896K)
[14651.585s][info][gc,metaspace   ] GC(31983) Metaspace: 62363K(62592K)->62363K(62592K) NonClass: 53317K(53504K)->53317K(53504K) Class: 9046K(9088K)->9046K(9088K)
[14651.585s][info][gc             ] GC(31983) Pause Young (Allocation Failure) 344M->267M(348M) 2.617ms
[14651.585s][info][gc,cpu         ] GC(31983) User=0.01s Sys=0.00s Real=0.00s
[14651.999s][info][gc,start       ] GC(31984) Pause Young (Allocation Failure)
[14652.001s][info][gc,heap        ] GC(31984) PSYoungGen: 80992K(83456K)->1344K(83968K) Eden: 79872K(79872K)->0K(80384K) From: 1120K(3584K)->1344K(3584K)
[14652.002s][info][gc,heap        ] GC(31984) ParOldGen: 272375K(272896K)->272423K(272896K)
[14652.002s][info][gc,metaspace   ] GC(31984) Metaspace: 62363K(62592K)->62363K(62592K) NonClass: 53317K(53504K)->53317K(53504K) Class: 9046K(9088K)->9046K(9088K)
[14652.002s][info][gc             ] GC(31984) Pause Young (Allocation Failure) 345M->267M(348M) 2.543ms
[14652.002s][info][gc,cpu         ] GC(31984) User=0.00s Sys=0.00s Real=0.00s
[14652.414s][info][gc,start       ] GC(31985) Pause Young (Allocation Failure)
[14652.416s][info][gc,heap        ] GC(31985) PSYoungGen: 81728K(83968K)->1632K(83456K) Eden: 80384K(80384K)->0K(80384K) From: 1344K(3584K)->1632K(3072K)
[14652.416s][info][gc,heap        ] GC(31985) ParOldGen: 272423K(272896K)->272479K(272896K)
[14652.416s][info][gc,metaspace   ] GC(31985) Metaspace: 62363K(62592K)->62363K(62592K) NonClass: 53317K(53504K)->53317K(53504K) Class: 9046K(9088K)->9046K(9088K)
[14652.416s][info][gc             ] GC(31985) Pause Young (Allocation Failure) 345M->267M(348M) 2.773ms
[14652.416s][info][gc,cpu         ] GC(31985) User=0.01s Sys=0.00s Real=0.01s
[14652.854s][info][gc,start       ] GC(31986) Pause Young (Allocation Failure)
[14652.856s][info][gc,heap        ] GC(31986) PSYoungGen: 82016K(83456K)->640K(83968K) Eden: 80384K(80384K)->0K(80896K) From: 1632K(3072K)->640K(3072K)
[14652.856s][info][gc,heap        ] GC(31986) ParOldGen: 272479K(272896K)->272527K(272896K)
[14652.856s][info][gc,metaspace   ] GC(31986) Metaspace: 62363K(62592K)->62363K(62592K) NonClass: 53317K(53504K)->53317K(53504K) Class: 9046K(9088K)->9046K(9088K)
[14652.856s][info][gc             ] GC(31986) Pause Young (Allocation Failure) 346M->266M(348M) 2.025ms
[14652.856s][info][gc,cpu         ] GC(31986) User=0.01s Sys=0.00s Real=0.01s
[14653.269s][info][gc,start       ] GC(31987) Pause Young (Allocation Failure)
[14653.271s][info][gc,heap        ] GC(31987) PSYoungGen: 81536K(83968K)->928K(83968K) Eden: 80896K(80896K)->0K(80896K) From: 640K(3072K)->928K(3072K)
[14653.271s][info][gc,heap        ] GC(31987) ParOldGen: 272527K(272896K)->272583K(272896K)
[14653.271s][info][gc,metaspace   ] GC(31987) Metaspace: 62363K(62592K)->62363K(62592K) NonClass: 53317K(53504K)->53317K(53504K) Class: 9046K(9088K)->9046K(9088K)
[14653.271s][info][gc             ] GC(31987) Pause Young (Allocation Failure) 345M->267M(348M) 2.245ms
[14653.271s][info][gc,cpu         ] GC(31987) User=0.00s Sys=0.00s Real=0.00s
[14653.685s][info][gc,start       ] GC(31988) Pause Young (Allocation Failure)
[14653.687s][info][gc,heap        ] GC(31988) PSYoungGen: 81824K(83968K)->1120K(83968K) Eden: 80896K(80896K)->0K(80896K) From: 928K(3072K)->1120K(3072K)
[14653.687s][info][gc,heap        ] GC(31988) ParOldGen: 272583K(272896K)->272639K(272896K)
[14653.687s][info][gc,metaspace   ] GC(31988) Metaspace: 62363K(62592K)->62363K(62592K) NonClass: 53317K(53504K)->53317K(53504K) Class: 9046K(9088K)->9046K(9088K)
[14653.687s][info][gc             ] GC(31988) Pause Young (Allocation Failure) 346M->267M(348M) 2.577ms
[14653.687s][info][gc,cpu         ] GC(31988) User=0.00s Sys=0.00s Real=0.01s
[14654.109s][info][gc,start       ] GC(31989) Pause Young (Allocation Failure)
[14654.112s][info][gc,heap        ] GC(31989) PSYoungGen: 82016K(83968K)->1472K(83968K) Eden: 80896K(80896K)->0K(80896K) From: 1120K(3072K)->1472K(3072K)
[14654.112s][info][gc,heap        ] GC(31989) ParOldGen: 272639K(272896K)->272695K(272896K)
[14654.112s][info][gc,metaspace   ] GC(31989) Metaspace: 62363K(62592K)->62363K(62592K) NonClass: 53317K(53504K)->53317K(53504K) Class: 9046K(9088K)->9046K(9088K)
[14654.112s][info][gc             ] GC(31989) Pause Young (Allocation Failure) 346M->267M(348M) 2.807ms
[14654.112s][info][gc,cpu         ] GC(31989) User=0.00s Sys=0.00s Real=0.00s
[14654.554s][info][gc,start       ] GC(31990) Pause Young (Allocation Failure)
[14654.556s][info][gc,heap        ] GC(31990) PSYoungGen: 82368K(83968K)->640K(83968K) Eden: 80896K(80896K)->0K(80896K) From: 1472K(3072K)->640K(3072K)
[14654.556s][info][gc,heap        ] GC(31990) ParOldGen: 272695K(272896K)->272751K(272896K)
[14654.556s][info][gc,metaspace   ] GC(31990) Metaspace: 62363K(62592K)->62363K(62592K) NonClass: 53317K(53504K)->53317K(53504K) Class: 9046K(9088K)->9046K(9088K)
[14654.556s][info][gc             ] GC(31990) Pause Young (Allocation Failure) 346M->266M(348M) 2.128ms
[14654.556s][info][gc,cpu         ] GC(31990) User=0.00s Sys=0.00s Real=0.01s
[14655.008s][info][gc,start       ] GC(31991) Pause Young (Allocation Failure)
[14655.011s][info][gc,heap        ] GC(31991) PSYoungGen: 81536K(83968K)->1408K(83968K) Eden: 80896K(80896K)->0K(80896K) From: 640K(3072K)->1408K(3072K)
[14655.011s][info][gc,heap        ] GC(31991) ParOldGen: 272751K(272896K)->272807K(272896K)
[14655.011s][info][gc,metaspace   ] GC(31991) Metaspace: 62363K(62592K)->62363K(62592K) NonClass: 53317K(53504K)->53317K(53504K) Class: 9046K(9088K)->9046K(9088K)
[14655.011s][info][gc             ] GC(31991) Pause Young (Allocation Failure) 345M->267M(348M) 2.866ms
[14655.011s][info][gc,cpu         ] GC(31991) User=0.01s Sys=0.00s Real=0.00s
[14655.497s][info][gc,start       ] GC(31992) Pause Young (Allocation Failure)
[14655.499s][info][gc,heap        ] GC(31992) PSYoungGen: 82304K(83968K)->1328K(84480K) Eden: 80896K(80896K)->0K(81920K) From: 1408K(3072K)->1328K(2560K)
[14655.499s][info][gc,heap        ] GC(31992) ParOldGen: 272807K(272896K)->272863K(272896K)
[14655.499s][info][gc,metaspace   ] GC(31992) Metaspace: 62363K(62592K)->62363K(62592K) NonClass: 53317K(53504K)->53317K(53504K) Class: 9046K(9088K)->9046K(9088K)
[14655.499s][info][gc             ] GC(31992) Pause Young (Allocation Failure) 346M->267M(349M) 2.790ms
[14655.499s][info][gc,cpu         ] GC(31992) User=0.00s Sys=0.00s Real=0.00s
[14655.934s][info][gc,start       ] GC(31993) Pause Young (Allocation Failure)
[14655.936s][info][gc,heap        ] GC(31993) PSYoungGen: 83248K(84480K)->352K(84480K) Eden: 81920K(81920K)->0K(81920K) From: 1328K(2560K)->352K(2560K)
[14655.936s][info][gc,heap        ] GC(31993) ParOldGen: 272863K(272896K)->272967K(273408K)
[14655.936s][info][gc,metaspace   ] GC(31993) Metaspace: 62363K(62592K)->62363K(62592K) NonClass: 53317K(53504K)->53317K(53504K) Class: 9046K(9088K)->9046K(9088K)
[14655.936s][info][gc             ] GC(31993) Pause Young (Allocation Failure) 347M->266M(349M) 2.107ms
[14655.936s][info][gc,cpu         ] GC(31993) User=0.00s Sys=0.00s Real=0.01s
[14656.365s][info][gc,start       ] GC(31994) Pause Young (Allocation Failure)
[14656.368s][info][gc,heap        ] GC(31994) PSYoungGen: 82272K(84480K)->960K(84480K) Eden: 81920K(81920K)->0K(81920K) From: 352K(2560K)->960K(2560K)
[14656.368s][info][gc,heap        ] GC(31994) ParOldGen: 272967K(273408K)->273023K(273408K)
[14656.368s][info][gc,metaspace   ] GC(31994) Metaspace: 62363K(62592K)->62363K(62592K) NonClass: 53317K(53504K)->53317K(53504K) Class: 9046K(9088K)->9046K(9088K)
[14656.368s][info][gc             ] GC(31994) Pause Young (Allocation Failure) 346M->267M(349M) 2.507ms
[14656.368s][info][gc,cpu         ] GC(31994) User=0.00s Sys=0.00s Real=0.01s
[14656.773s][info][gc,start       ] GC(31995) Pause Young (Allocation Failure)
[14656.776s][info][gc,heap        ] GC(31995) PSYoungGen: 82880K(84480K)->960K(84480K) Eden: 81920K(81920K)->0K(81920K) From: 960K(2560K)->960K(2560K)
[14656.776s][info][gc,heap        ] GC(31995) ParOldGen: 273023K(273408K)->273087K(273408K)
[14656.776s][info][gc,metaspace   ] GC(31995) Metaspace: 62363K(62592K)->62363K(62592K) NonClass: 53317K(53504K)->53317K(53504K) Class: 9046K(9088K)->9046K(9088K)
[14656.776s][info][gc             ] GC(31995) Pause Young (Allocation Failure) 347M->267M(349M) 2.464ms
[14656.776s][info][gc,cpu         ] GC(31995) User=0.01s Sys=0.00s Real=0.00s
[14657.209s][info][gc,start       ] GC(31996) Pause Young (Allocation Failure)
[14657.211s][info][gc,heap        ] GC(31996) PSYoungGen: 82880K(84480K)->1504K(84480K) Eden: 81920K(81920K)->0K(81920K) From: 960K(2560K)->1504K(2560K)
[14657.212s][info][gc,heap        ] GC(31996) ParOldGen: 273087K(273408K)->273135K(273408K)
[14657.212s][info][gc,metaspace   ] GC(31996) Metaspace: 62363K(62592K)->62363K(62592K) NonClass: 53317K(53504K)->53317K(53504K) Class: 9046K(9088K)->9046K(9088K)
[14657.212s][info][gc             ] GC(31996) Pause Young (Allocation Failure) 347M->268M(349M) 2.947ms
[14657.212s][info][gc,cpu         ] GC(31996) User=0.01s Sys=0.00s Real=0.00s
[14657.654s][info][gc,start       ] GC(31997) Pause Young (Allocation Failure)
[14657.657s][info][gc,heap        ] GC(31997) PSYoungGen: 83424K(84480K)->704K(84480K) Eden: 81920K(81920K)->0K(81920K) From: 1504K(2560K)->704K(2560K)
[14657.657s][info][gc,heap        ] GC(31997) ParOldGen: 273135K(273408K)->273191K(273408K)
[14657.657s][info][gc,metaspace   ] GC(31997) Metaspace: 62363K(62592K)->62363K(62592K) NonClass: 53317K(53504K)->53317K(53504K) Class: 9046K(9088K)->9046K(9088K)
[14657.657s][info][gc             ] GC(31997) Pause Young (Allocation Failure) 348M->267M(349M) 2.253ms
[14657.657s][info][gc,cpu         ] GC(31997) User=0.01s Sys=0.00s Real=0.01s
[14658.058s][info][gc,start       ] GC(31998) Pause Young (Allocation Failure)
[14658.061s][info][gc,heap        ] GC(31998) PSYoungGen: 82624K(84480K)->768K(84480K) Eden: 81920K(81920K)->0K(81920K) From: 704K(2560K)->768K(2560K)
[14658.061s][info][gc,heap        ] GC(31998) ParOldGen: 273191K(273408K)->273247K(273408K)
[14658.061s][info][gc,metaspace   ] GC(31998) Metaspace: 62363K(62592K)->62363K(62592K) NonClass: 53317K(53504K)->53317K(53504K) Class: 9046K(9088K)->9046K(9088K)
[14658.061s][info][gc             ] GC(31998) Pause Young (Allocation Failure) 347M->267M(349M) 2.287ms
[14658.061s][info][gc,cpu         ] GC(31998) User=0.01s Sys=0.00s Real=0.00s
[14658.487s][info][gc,start       ] GC(31999) Pause Young (Allocation Failure)
[14658.489s][info][gc,heap        ] GC(31999) PSYoungGen: 82688K(84480K)->1248K(84480K) Eden: 81920K(81920K)->0K(81920K) From: 768K(2560K)->1248K(2560K)
[14658.489s][info][gc,heap        ] GC(31999) ParOldGen: 273247K(273408K)->273295K(273408K)
[14658.489s][info][gc,metaspace   ] GC(31999) Metaspace: 62363K(62592K)->62363K(62592K) NonClass: 53317K(53504K)->53317K(53504K) Class: 9046K(9088K)->9046K(9088K)
[14658.489s][info][gc             ] GC(31999) Pause Young (Allocation Failure) 347M->268M(349M) 2.642ms
[14658.489s][info][gc,cpu         ] GC(31999) User=0.00s Sys=0.00s Real=0.00s
[14658.923s][info][gc,start       ] GC(32000) Pause Young (Allocation Failure)
[14658.925s][info][gc,heap        ] GC(32000) PSYoungGen: 83168K(84480K)->224K(84480K) Eden: 81920K(81920K)->0K(81920K) From: 1248K(2560K)->224K(2560K)
[14658.925s][info][gc,heap        ] GC(32000) ParOldGen: 273295K(273408K)->273343K(273408K)
[14658.925s][info][gc,metaspace   ] GC(32000) Metaspace: 62363K(62592K)->62363K(62592K) NonClass: 53317K(53504K)->53317K(53504K) Class: 9046K(9088K)->9046K(9088K)
[14658.925s][info][gc             ] GC(32000) Pause Young (Allocation Failure) 348M->267M(349M) 1.925ms
[14658.925s][info][gc,cpu         ] GC(32000) User=0.01s Sys=0.00s Real=0.00s
[14659.363s][info][gc,start       ] GC(32001) Pause Young (Allocation Failure)
[14659.365s][info][gc,heap        ] GC(32001) PSYoungGen: 82144K(84480K)->832K(84480K) Eden: 81920K(81920K)->0K(81920K) From: 224K(2560K)->832K(2560K)
[14659.365s][info][gc,heap        ] GC(32001) ParOldGen: 273343K(273408K)->273391K(273408K)
[14659.365s][info][gc,metaspace   ] GC(32001) Metaspace: 62363K(62592K)->62363K(62592K) NonClass: 53317K(53504K)->53317K(53504K) Class: 9046K(9088K)->9046K(9088K)
[14659.365s][info][gc             ] GC(32001) Pause Young (Allocation Failure) 347M->267M(349M) 2.311ms
[14659.365s][info][gc,cpu         ] GC(32001) User=0.01s Sys=0.00s Real=0.00s
[14659.803s][info][gc,start       ] GC(32002) Pause Young (Allocation Failure)
[14659.806s][info][gc,heap        ] GC(32002) PSYoungGen: 82752K(84480K)->1280K(84480K) Eden: 81920K(81920K)->0K(81920K) From: 832K(2560K)->1280K(2560K)
[14659.806s][info][gc,heap        ] GC(32002) ParOldGen: 273391K(273408K)->273447K(273920K)
[14659.806s][info][gc,metaspace   ] GC(32002) Metaspace: 62363K(62592K)->62363K(62592K) NonClass: 53317K(53504K)->53317K(53504K) Class: 9046K(9088K)->9046K(9088K)
[14659.806s][info][gc             ] GC(32002) Pause Young (Allocation Failure) 347M->268M(350M) 2.648ms
[14659.806s][info][gc,cpu         ] GC(32002) User=0.01s Sys=0.00s Real=0.00s
[14660.211s][info][gc,start       ] GC(32003) Pause Young (Allocation Failure)
[14660.214s][info][gc,heap        ] GC(32003) PSYoungGen: 83200K(84480K)->2528K(84480K) Eden: 81920K(81920K)->0K(81920K) From: 1280K(2560K)->2528K(2560K)
[14660.214s][info][gc,heap        ] GC(32003) ParOldGen: 273447K(273920K)->274583K(275456K)
[14660.214s][info][gc,metaspace   ] GC(32003) Metaspace: 62363K(62592K)->62363K(62592K) NonClass: 53317K(53504K)->53317K(53504K) Class: 9046K(9088K)->9046K(9088K)
[14660.214s][info][gc             ] GC(32003) Pause Young (Allocation Failure) 348M->270M(351M) 3.710ms
[14660.214s][info][gc,cpu         ] GC(32003) User=0.01s Sys=0.00s Real=0.00s
[14660.640s][info][gc,start       ] GC(32004) Pause Young (Allocation Failure)
[14660.644s][info][gc,heap        ] GC(32004) PSYoungGen: 84448K(84480K)->416K(83456K) Eden: 81920K(81920K)->0K(80896K) From: 2528K(2560K)->416K(2560K)
[14660.644s][info][gc,heap        ] GC(32004) ParOldGen: 274583K(275456K)->276687K(276992K)
[14660.644s][info][gc,metaspace   ] GC(32004) Metaspace: 62363K(62592K)->62363K(62592K) NonClass: 53317K(53504K)->53317K(53504K) Class: 9046K(9088K)->9046K(9088K)
[14660.644s][info][gc             ] GC(32004) Pause Young (Allocation Failure) 350M->270M(352M) 3.144ms
[14660.644s][info][gc,cpu         ] GC(32004) User=0.00s Sys=0.01s Real=0.00s
[14661.101s][info][gc,start       ] GC(32005) Pause Young (Allocation Failure)
[14661.104s][info][gc,heap        ] GC(32005) PSYoungGen: 81312K(83456K)->1344K(83968K) Eden: 80896K(80896K)->0K(80896K) From: 416K(2560K)->1344K(3072K)
[14661.104s][info][gc,heap        ] GC(32005) ParOldGen: 276687K(276992K)->276743K(276992K)
[14661.104s][info][gc,metaspace   ] GC(32005) Metaspace: 62363K(62592K)->62363K(62592K) NonClass: 53317K(53504K)->53317K(53504K) Class: 9046K(9088K)->9046K(9088K)
[14661.104s][info][gc             ] GC(32005) Pause Young (Allocation Failure) 349M->271M(352M) 2.800ms
[14661.104s][info][gc,cpu         ] GC(32005) User=0.01s Sys=0.01s Real=0.00s
[14661.529s][info][gc,start       ] GC(32006) Pause Young (Allocation Failure)
[14661.531s][info][gc,heap        ] GC(32006) PSYoungGen: 82240K(83968K)->320K(83968K) Eden: 80896K(80896K)->0K(80896K) From: 1344K(3072K)->320K(3072K)
[14661.531s][info][gc,heap        ] GC(32006) ParOldGen: 276743K(276992K)->276799K(276992K)
[14661.531s][info][gc,metaspace   ] GC(32006) Metaspace: 62363K(62592K)->62363K(62592K) NonClass: 53317K(53504K)->53317K(53504K) Class: 9046K(9088K)->9046K(9088K)
[14661.531s][info][gc             ] GC(32006) Pause Young (Allocation Failure) 350M->270M(352M) 1.876ms
[14661.531s][info][gc,cpu         ] GC(32006) User=0.00s Sys=0.00s Real=0.00s
[14661.945s][info][gc,start       ] GC(32007) Pause Young (Allocation Failure)
[14661.947s][info][gc,heap        ] GC(32007) PSYoungGen: 81216K(83968K)->544K(83968K) Eden: 80896K(80896K)->0K(80896K) From: 320K(3072K)->544K(3072K)
[14661.947s][info][gc,heap        ] GC(32007) ParOldGen: 276799K(276992K)->276847K(276992K)
[14661.947s][info][gc,metaspace   ] GC(32007) Metaspace: 62363K(62592K)->62363K(62592K) NonClass: 53317K(53504K)->53317K(53504K) Class: 9046K(9088K)->9046K(9088K)
[14661.947s][info][gc             ] GC(32007) Pause Young (Allocation Failure) 349M->270M(352M) 2.026ms
[14661.947s][info][gc,cpu         ] GC(32007) User=0.00s Sys=0.00s Real=0.01s
[14662.369s][info][gc,start       ] GC(32008) Pause Young (Allocation Failure)
[14662.371s][info][gc,heap        ] GC(32008) PSYoungGen: 81440K(83968K)->896K(83968K) Eden: 80896K(80896K)->0K(80896K) From: 544K(3072K)->896K(3072K)
[14662.371s][info][gc,heap        ] GC(32008) ParOldGen: 276847K(276992K)->276903K(276992K)
[14662.371s][info][gc,metaspace   ] GC(32008) Metaspace: 62363K(62592K)->62363K(62592K) NonClass: 53317K(53504K)->53317K(53504K) Class: 9046K(9088K)->9046K(9088K)
[14662.371s][info][gc             ] GC(32008) Pause Young (Allocation Failure) 349M->271M(352M) 2.322ms
[14662.372s][info][gc,cpu         ] GC(32008) User=0.00s Sys=0.00s Real=0.00s
[14662.849s][info][gc,start       ] GC(32009) Pause Young (Allocation Failure)
[14662.851s][info][gc,heap        ] GC(32009) PSYoungGen: 81792K(83968K)->656K(83968K) Eden: 80896K(80896K)->0K(80896K) From: 896K(3072K)->656K(3072K)
[14662.851s][info][gc,heap        ] GC(32009) ParOldGen: 276903K(276992K)->276959K(276992K)
[14662.851s][info][gc,metaspace   ] GC(32009) Metaspace: 62363K(62592K)->62363K(62592K) NonClass: 53317K(53504K)->53317K(53504K) Class: 9046K(9088K)->9046K(9088K)
[14662.851s][info][gc             ] GC(32009) Pause Young (Allocation Failure) 350M->271M(352M) 2.147ms
[14662.851s][info][gc,cpu         ] GC(32009) User=0.01s Sys=0.00s Real=0.00s
[14663.243s][info][gc,start       ] GC(32010) Pause Young (Allocation Failure)
[14663.245s][info][gc,heap        ] GC(32010) PSYoungGen: 81552K(83968K)->544K(84480K) Eden: 80896K(80896K)->0K(81920K) From: 656K(3072K)->544K(2560K)
[14663.245s][info][gc,heap        ] GC(32010) ParOldGen: 276959K(276992K)->277063K(277504K)
[14663.245s][info][gc,metaspace   ] GC(32010) Metaspace: 62363K(62592K)->62363K(62592K) NonClass: 53317K(53504K)->53317K(53504K) Class: 9046K(9088K)->9046K(9088K)
[14663.245s][info][gc             ] GC(32010) Pause Young (Allocation Failure) 350M->271M(353M) 2.150ms
[14663.245s][info][gc,cpu         ] GC(32010) User=0.01s Sys=0.00s Real=0.00s
[14663.628s][info][gc,start       ] GC(32011) Pause Young (Allocation Failure)
[14663.630s][info][gc,heap        ] GC(32011) PSYoungGen: 82464K(84480K)->320K(84480K) Eden: 81920K(81920K)->0K(81920K) From: 544K(2560K)->320K(2560K)
[14663.630s][info][gc,heap        ] GC(32011) ParOldGen: 277063K(277504K)->277111K(277504K)
[14663.630s][info][gc,metaspace   ] GC(32011) Metaspace: 62363K(62592K)->62363K(62592K) NonClass: 53317K(53504K)->53317K(53504K) Class: 9046K(9088K)->9046K(9088K)
[14663.630s][info][gc             ] GC(32011) Pause Young (Allocation Failure) 351M->270M(353M) 1.932ms
[14663.630s][info][gc,cpu         ] GC(32011) User=0.01s Sys=0.00s Real=0.00s
[14664.030s][info][gc,start       ] GC(32012) Pause Young (Allocation Failure)
[14664.032s][info][gc,heap        ] GC(32012) PSYoungGen: 82240K(84480K)->320K(84480K) Eden: 81920K(81920K)->0K(81920K) From: 320K(2560K)->320K(2560K)
[14664.032s][info][gc,heap        ] GC(32012) ParOldGen: 277111K(277504K)->277159K(277504K)
[14664.032s][info][gc,metaspace   ] GC(32012) Metaspace: 62363K(62592K)->62363K(62592K) NonClass: 53317K(53504K)->53317K(53504K) Class: 9046K(9088K)->9046K(9088K)
[14664.032s][info][gc             ] GC(32012) Pause Young (Allocation Failure) 350M->270M(353M) 1.828ms
[14664.032s][info][gc,cpu         ] GC(32012) User=0.00s Sys=0.00s Real=0.00s
[14664.403s][info][gc,start       ] GC(32013) Pause Young (Allocation Failure)
[14664.406s][info][gc,heap        ] GC(32013) PSYoungGen: 82240K(84480K)->2528K(84480K) Eden: 81920K(81920K)->0K(81920K) From: 320K(2560K)->2528K(2560K)
[14664.406s][info][gc,heap        ] GC(32013) ParOldGen: 277159K(277504K)->277351K(277504K)
[14664.406s][info][gc,metaspace   ] GC(32013) Metaspace: 62363K(62592K)->62363K(62592K) NonClass: 53317K(53504K)->53317K(53504K) Class: 9046K(9088K)->9046K(9088K)
[14664.406s][info][gc             ] GC(32013) Pause Young (Allocation Failure) 350M->273M(353M) 3.241ms
[14664.406s][info][gc,cpu         ] GC(32013) User=0.00s Sys=0.00s Real=0.01s
[14664.814s][info][gc,start       ] GC(32014) Pause Young (Allocation Failure)
[14664.818s][info][gc,heap        ] GC(32014) PSYoungGen: 84448K(84480K)->1568K(83456K) Eden: 81920K(81920K)->0K(80896K) From: 2528K(2560K)->1568K(2560K)
[14664.818s][info][gc,heap        ] GC(32014) ParOldGen: 277351K(277504K)->279423K(280576K)
[14664.818s][info][gc,metaspace   ] GC(32014) Metaspace: 62363K(62592K)->62363K(62592K) NonClass: 53317K(53504K)->53317K(53504K) Class: 9046K(9088K)->9046K(9088K)
[14664.818s][info][gc             ] GC(32014) Pause Young (Allocation Failure) 353M->274M(355M) 3.883ms
[14664.818s][info][gc,cpu         ] GC(32014) User=0.01s Sys=0.00s Real=0.01s
[14665.265s][info][gc,start       ] GC(32015) Pause Young (Allocation Failure)
[14665.267s][info][gc,heap        ] GC(32015) PSYoungGen: 82464K(83456K)->768K(83968K) Eden: 80896K(80896K)->0K(80896K) From: 1568K(2560K)->768K(3072K)
[14665.267s][info][gc,heap        ] GC(32015) ParOldGen: 279423K(280576K)->279479K(280576K)
[14665.267s][info][gc,metaspace   ] GC(32015) Metaspace: 62363K(62592K)->62363K(62592K) NonClass: 53317K(53504K)->53317K(53504K) Class: 9046K(9088K)->9046K(9088K)
[14665.267s][info][gc             ] GC(32015) Pause Young (Allocation Failure) 353M->273M(356M) 2.203ms
[14665.267s][info][gc,cpu         ] GC(32015) User=0.00s Sys=0.00s Real=0.01s
[14665.700s][info][gc,start       ] GC(32016) Pause Young (Allocation Failure)
[14665.703s][info][gc,heap        ] GC(32016) PSYoungGen: 81664K(83968K)->1408K(83968K) Eden: 80896K(80896K)->0K(80896K) From: 768K(3072K)->1408K(3072K)
[14665.703s][info][gc,heap        ] GC(32016) ParOldGen: 279479K(280576K)->279535K(280576K)
[14665.703s][info][gc,metaspace   ] GC(32016) Metaspace: 62363K(62592K)->62363K(62592K) NonClass: 53317K(53504K)->53317K(53504K) Class: 9046K(9088K)->9046K(9088K)
[14665.703s][info][gc             ] GC(32016) Pause Young (Allocation Failure) 352M->274M(356M) 2.904ms
[14665.703s][info][gc,cpu         ] GC(32016) User=0.01s Sys=0.00s Real=0.00s
[14666.138s][info][gc,start       ] GC(32017) Pause Young (Allocation Failure)
[14666.140s][info][gc,heap        ] GC(32017) PSYoungGen: 82304K(83968K)->448K(83968K) Eden: 80896K(80896K)->0K(80896K) From: 1408K(3072K)->448K(3072K)
[14666.140s][info][gc,heap        ] GC(32017) ParOldGen: 279535K(280576K)->279583K(280576K)
[14666.140s][info][gc,metaspace   ] GC(32017) Metaspace: 62363K(62592K)->62363K(62592K) NonClass: 53317K(53504K)->53317K(53504K) Class: 9046K(9088K)->9046K(9088K)
[14666.140s][info][gc             ] GC(32017) Pause Young (Allocation Failure) 353M->273M(356M) 1.968ms
[14666.140s][info][gc,cpu         ] GC(32017) User=0.00s Sys=0.00s Real=0.00s
[14666.580s][info][gc,start       ] GC(32018) Pause Young (Allocation Failure)
[14666.583s][info][gc,heap        ] GC(32018) PSYoungGen: 81344K(83968K)->1024K(84480K) Eden: 80896K(80896K)->0K(81408K) From: 448K(3072K)->1024K(3072K)
[14666.583s][info][gc,heap        ] GC(32018) ParOldGen: 279583K(280576K)->279639K(280576K)
[14666.583s][info][gc,metaspace   ] GC(32018) Metaspace: 62363K(62592K)->62363K(62592K) NonClass: 53317K(53504K)->53317K(53504K) Class: 9046K(9088K)->9046K(9088K)
[14666.583s][info][gc             ] GC(32018) Pause Young (Allocation Failure) 352M->274M(356M) 2.631ms
[14666.583s][info][gc,cpu         ] GC(32018) User=0.00s Sys=0.00s Real=0.00s
[14667.023s][info][gc,start       ] GC(32019) Pause Young (Allocation Failure)
[14667.025s][info][gc,heap        ] GC(32019) PSYoungGen: 82432K(84480K)->224K(83968K) Eden: 81408K(81408K)->0K(81408K) From: 1024K(3072K)->224K(2560K)
[14667.025s][info][gc,heap        ] GC(32019) ParOldGen: 279639K(280576K)->279695K(280576K)
[14667.025s][info][gc,metaspace   ] GC(32019) Metaspace: 62363K(62592K)->62363K(62592K) NonClass: 53317K(53504K)->53317K(53504K) Class: 9046K(9088K)->9046K(9088K)
[14667.025s][info][gc             ] GC(32019) Pause Young (Allocation Failure) 353M->273M(356M) 1.828ms
[14667.025s][info][gc,cpu         ] GC(32019) User=0.01s Sys=0.00s Real=0.00s
[14667.410s][info][gc,start       ] GC(32020) Pause Young (Allocation Failure)
[14667.413s][info][gc,heap        ] GC(32020) PSYoungGen: 81632K(83968K)->1760K(83456K) Eden: 81408K(81408K)->0K(80896K) From: 224K(2560K)->1760K(2560K)
[14667.413s][info][gc,heap        ] GC(32020) ParOldGen: 279695K(280576K)->279751K(280576K)
[14667.413s][info][gc,metaspace   ] GC(32020) Metaspace: 62363K(62592K)->62363K(62592K) NonClass: 53317K(53504K)->53317K(53504K) Class: 9046K(9088K)->9046K(9088K)
[14667.413s][info][gc             ] GC(32020) Pause Young (Allocation Failure) 352M->274M(355M) 3.244ms
[14667.413s][info][gc,cpu         ] GC(32020) User=0.01s Sys=0.00s Real=0.00s
[14667.822s][info][gc,start       ] GC(32021) Pause Young (Allocation Failure)
[14667.824s][info][gc,heap        ] GC(32021) PSYoungGen: 82656K(83456K)->224K(83968K) Eden: 80896K(80896K)->0K(80896K) From: 1760K(2560K)->224K(3072K)
[14667.824s][info][gc,heap        ] GC(32021) ParOldGen: 279751K(280576K)->279799K(280576K)
[14667.824s][info][gc,metaspace   ] GC(32021) Metaspace: 62363K(62592K)->62363K(62592K) NonClass: 53317K(53504K)->53317K(53504K) Class: 9046K(9088K)->9046K(9088K)
[14667.824s][info][gc             ] GC(32021) Pause Young (Allocation Failure) 353M->273M(356M) 1.850ms
[14667.824s][info][gc,cpu         ] GC(32021) User=0.00s Sys=0.00s Real=0.00s
[14668.192s][info][gc,start       ] GC(32022) Pause Young (Allocation Failure)
[14668.195s][info][gc,heap        ] GC(32022) PSYoungGen: 81120K(83968K)->1408K(83968K) Eden: 80896K(80896K)->0K(80896K) From: 224K(3072K)->1408K(3072K)
[14668.195s][info][gc,heap        ] GC(32022) ParOldGen: 279799K(280576K)->279855K(280576K)
[14668.195s][info][gc,metaspace   ] GC(32022) Metaspace: 62363K(62592K)->62363K(62592K) NonClass: 53317K(53504K)->53317K(53504K) Class: 9046K(9088K)->9046K(9088K)
[14668.195s][info][gc             ] GC(32022) Pause Young (Allocation Failure) 352M->274M(356M) 2.887ms
[14668.195s][info][gc,cpu         ] GC(32022) User=0.01s Sys=0.00s Real=0.00s
[14668.613s][info][gc,start       ] GC(32023) Pause Young (Allocation Failure)
[14668.616s][info][gc,heap        ] GC(32023) PSYoungGen: 82304K(83968K)->1536K(83968K) Eden: 80896K(80896K)->0K(80896K) From: 1408K(3072K)->1536K(3072K)
[14668.617s][info][gc,heap        ] GC(32023) ParOldGen: 279855K(280576K)->279911K(280576K)
[14668.617s][info][gc,metaspace   ] GC(32023) Metaspace: 62363K(62592K)->62363K(62592K) NonClass: 53317K(53504K)->53317K(53504K) Class: 9046K(9088K)->9046K(9088K)
[14668.617s][info][gc             ] GC(32023) Pause Young (Allocation Failure) 353M->274M(356M) 3.045ms
[14668.617s][info][gc,cpu         ] GC(32023) User=0.00s Sys=0.00s Real=0.01s
[14669.044s][info][gc,start       ] GC(32024) Pause Young (Allocation Failure)
[14669.046s][info][gc,heap        ] GC(32024) PSYoungGen: 82432K(83968K)->2560K(83968K) Eden: 80896K(80896K)->0K(80896K) From: 1536K(3072K)->2560K(3072K)
[14669.046s][info][gc,heap        ] GC(32024) ParOldGen: 279911K(280576K)->279967K(280576K)
[14669.046s][info][gc,metaspace   ] GC(32024) Metaspace: 62363K(62592K)->62363K(62592K) NonClass: 53317K(53504K)->53317K(53504K) Class: 9046K(9088K)->9046K(9088K)
[14669.046s][info][gc             ] GC(32024) Pause Young (Allocation Failure) 353M->275M(356M) 2.235ms
[14669.046s][info][gc,cpu         ] GC(32024) User=0.00s Sys=0.00s Real=0.00s
[14669.471s][info][gc,start       ] GC(32025) Pause Young (Allocation Failure)
[14669.475s][info][gc,heap        ] GC(32025) PSYoungGen: 83456K(83968K)->960K(83968K) Eden: 80896K(80896K)->0K(80896K) From: 2560K(3072K)->960K(3072K)
[14669.475s][info][gc,heap        ] GC(32025) ParOldGen: 279967K(280576K)->282063K(282112K)
[14669.475s][info][gc,metaspace   ] GC(32025) Metaspace: 62363K(62592K)->62363K(62592K) NonClass: 53317K(53504K)->53317K(53504K) Class: 9046K(9088K)->9046K(9088K)
[14669.475s][info][gc             ] GC(32025) Pause Young (Allocation Failure) 354M->276M(357M) 3.628ms
[14669.475s][info][gc,cpu         ] GC(32025) User=0.01s Sys=0.01s Real=0.00s
[14669.910s][info][gc,start       ] GC(32026) Pause Young (Allocation Failure)
[14669.913s][info][gc,heap        ] GC(32026) PSYoungGen: 81856K(83968K)->1744K(83968K) Eden: 80896K(80896K)->0K(80896K) From: 960K(3072K)->1744K(3072K)
[14669.913s][info][gc,heap        ] GC(32026) ParOldGen: 282063K(282112K)->282111K(282112K)
[14669.913s][info][gc,metaspace   ] GC(32026) Metaspace: 62363K(62592K)->62363K(62592K) NonClass: 53317K(53504K)->53317K(53504K) Class: 9046K(9088K)->9046K(9088K)
[14669.913s][info][gc             ] GC(32026) Pause Young (Allocation Failure) 355M->277M(357M) 3.124ms
[14669.913s][info][gc,cpu         ] GC(32026) User=0.00s Sys=0.00s Real=0.00s
[14670.308s][info][gc,start       ] GC(32027) Pause Young (Allocation Failure)
[14670.311s][info][gc,heap        ] GC(32027) PSYoungGen: 82640K(83968K)->1696K(83968K) Eden: 80896K(80896K)->0K(80896K) From: 1744K(3072K)->1696K(3072K)
[14670.311s][info][gc,heap        ] GC(32027) ParOldGen: 282111K(282112K)->282215K(282624K)
[14670.311s][info][gc,metaspace   ] GC(32027) Metaspace: 62363K(62592K)->62363K(62592K) NonClass: 53317K(53504K)->53317K(53504K) Class: 9046K(9088K)->9046K(9088K)
[14670.311s][info][gc             ] GC(32027) Pause Young (Allocation Failure) 356M->277M(358M) 3.184ms
[14670.311s][info][gc,cpu         ] GC(32027) User=0.00s Sys=0.00s Real=0.00s
[14670.716s][info][gc,start       ] GC(32028) Pause Young (Allocation Failure)
[14670.719s][info][gc,heap        ] GC(32028) PSYoungGen: 82592K(83968K)->1760K(83968K) Eden: 80896K(80896K)->0K(80896K) From: 1696K(3072K)->1760K(3072K)
[14670.719s][info][gc,heap        ] GC(32028) ParOldGen: 282215K(282624K)->282271K(282624K)
[14670.719s][info][gc,metaspace   ] GC(32028) Metaspace: 62363K(62592K)->62363K(62592K) NonClass: 53317K(53504K)->53317K(53504K) Class: 9046K(9088K)->9046K(9088K)
[14670.719s][info][gc             ] GC(32028) Pause Young (Allocation Failure) 356M->277M(358M) 3.150ms
[14670.719s][info][gc,cpu         ] GC(32028) User=0.01s Sys=0.00s Real=0.00s
[14671.113s][info][gc,start       ] GC(32029) Pause Young (Allocation Failure)
[14671.116s][info][gc,heap        ] GC(32029) PSYoungGen: 82656K(83968K)->1664K(83968K) Eden: 80896K(80896K)->0K(80896K) From: 1760K(3072K)->1664K(3072K)
[14671.116s][info][gc,heap        ] GC(32029) ParOldGen: 282271K(282624K)->282327K(282624K)
[14671.116s][info][gc,metaspace   ] GC(32029) Metaspace: 62363K(62592K)->62363K(62592K) NonClass: 53317K(53504K)->53317K(53504K) Class: 9046K(9088K)->9046K(9088K)
[14671.116s][info][gc             ] GC(32029) Pause Young (Allocation Failure) 356M->277M(358M) 3.081ms
[14671.116s][info][gc,cpu         ] GC(32029) User=0.01s Sys=0.00s Real=0.01s
[14671.518s][info][gc,start       ] GC(32030) Pause Young (Allocation Failure)
[14671.521s][info][gc,heap        ] GC(32030) PSYoungGen: 82560K(83968K)->1664K(83968K) Eden: 80896K(80896K)->0K(80896K) From: 1664K(3072K)->1664K(3072K)
[14671.521s][info][gc,heap        ] GC(32030) ParOldGen: 282327K(282624K)->282375K(282624K)
[14671.521s][info][gc,metaspace   ] GC(32030) Metaspace: 62363K(62592K)->62363K(62592K) NonClass: 53317K(53504K)->53317K(53504K) Class: 9046K(9088K)->9046K(9088K)
[14671.521s][info][gc             ] GC(32030) Pause Young (Allocation Failure) 356M->277M(358M) 3.135ms
[14671.521s][info][gc,cpu         ] GC(32030) User=0.01s Sys=0.00s Real=0.00s
[14671.953s][info][gc,start       ] GC(32031) Pause Young (Allocation Failure)
[14671.956s][info][gc,heap        ] GC(32031) PSYoungGen: 82560K(83968K)->704K(83968K) Eden: 80896K(80896K)->0K(80896K) From: 1664K(3072K)->704K(3072K)
[14671.956s][info][gc,heap        ] GC(32031) ParOldGen: 282375K(282624K)->282431K(282624K)
[14671.956s][info][gc,metaspace   ] GC(32031) Metaspace: 62363K(62592K)->62363K(62592K) NonClass: 53317K(53504K)->53317K(53504K) Class: 9046K(9088K)->9046K(9088K)
[14671.956s][info][gc             ] GC(32031) Pause Young (Allocation Failure) 356M->276M(358M) 2.218ms
[14671.956s][info][gc,cpu         ] GC(32031) User=0.01s Sys=0.00s Real=0.00s
[14672.393s][info][gc,start       ] GC(32032) Pause Young (Allocation Failure)
[14672.396s][info][gc,heap        ] GC(32032) PSYoungGen: 81600K(83968K)->1216K(83968K) Eden: 80896K(80896K)->0K(80896K) From: 704K(3072K)->1216K(3072K)
[14672.396s][info][gc,heap        ] GC(32032) ParOldGen: 282431K(282624K)->282487K(282624K)
[14672.396s][info][gc,metaspace   ] GC(32032) Metaspace: 62363K(62592K)->62363K(62592K) NonClass: 53317K(53504K)->53317K(53504K) Class: 9046K(9088K)->9046K(9088K)
[14672.396s][info][gc             ] GC(32032) Pause Young (Allocation Failure) 355M->277M(358M) 2.675ms
[14672.396s][info][gc,cpu         ] GC(32032) User=0.00s Sys=0.00s Real=0.00s
[14672.834s][info][gc,start       ] GC(32033) Pause Young (Allocation Failure)
[14672.835s][info][gc,heap        ] GC(32033) PSYoungGen: 82112K(83968K)->384K(83968K) Eden: 80896K(80896K)->0K(80896K) From: 1216K(3072K)->384K(3072K)
[14672.835s][info][gc,heap        ] GC(32033) ParOldGen: 282487K(282624K)->282543K(282624K)
[14672.835s][info][gc,metaspace   ] GC(32033) Metaspace: 62363K(62592K)->62363K(62592K) NonClass: 53317K(53504K)->53317K(53504K) Class: 9046K(9088K)->9046K(9088K)
[14672.835s][info][gc             ] GC(32033) Pause Young (Allocation Failure) 356M->276M(358M) 1.930ms
[14672.835s][info][gc,cpu         ] GC(32033) User=0.01s Sys=0.00s Real=0.00s
[14673.280s][info][gc,start       ] GC(32034) Pause Young (Allocation Failure)
[14673.283s][info][gc,heap        ] GC(32034) PSYoungGen: 81280K(83968K)->960K(83968K) Eden: 80896K(80896K)->0K(80896K) From: 384K(3072K)->960K(3072K)
[14673.283s][info][gc,heap        ] GC(32034) ParOldGen: 282543K(282624K)->282599K(282624K)
[14673.283s][info][gc,metaspace   ] GC(32034) Metaspace: 62363K(62592K)->62363K(62592K) NonClass: 53317K(53504K)->53317K(53504K) Class: 9046K(9088K)->9046K(9088K)
[14673.283s][info][gc             ] GC(32034) Pause Young (Allocation Failure) 355M->276M(358M) 2.501ms
[14673.283s][info][gc,cpu         ] GC(32034) User=0.00s Sys=0.00s Real=0.00s
[14673.689s][info][gc,start       ] GC(32035) Pause Young (Allocation Failure)
[14673.691s][info][gc,heap        ] GC(32035) PSYoungGen: 81856K(83968K)->1216K(83968K) Eden: 80896K(80896K)->0K(80896K) From: 960K(3072K)->1216K(3072K)
[14673.691s][info][gc,heap        ] GC(32035) ParOldGen: 282599K(282624K)->282647K(283136K)
[14673.691s][info][gc,metaspace   ] GC(32035) Metaspace: 62363K(62592K)->62363K(62592K) NonClass: 53317K(53504K)->53317K(53504K) Class: 9046K(9088K)->9046K(9088K)
[14673.691s][info][gc             ] GC(32035) Pause Young (Allocation Failure) 355M->277M(358M) 2.751ms
[14673.691s][info][gc,cpu         ] GC(32035) User=0.00s Sys=0.00s Real=0.00s
[14674.116s][info][gc,start       ] GC(32036) Pause Young (Allocation Failure)
[14674.119s][info][gc,heap        ] GC(32036) PSYoungGen: 82112K(83968K)->1664K(84480K) Eden: 80896K(80896K)->0K(81920K) From: 1216K(3072K)->1664K(2560K)
[14674.119s][info][gc,heap        ] GC(32036) ParOldGen: 282647K(283136K)->282703K(283136K)
[14674.119s][info][gc,metaspace   ] GC(32036) Metaspace: 62363K(62592K)->62363K(62592K) NonClass: 53317K(53504K)->53317K(53504K) Class: 9046K(9088K)->9046K(9088K)
[14674.119s][info][gc             ] GC(32036) Pause Young (Allocation Failure) 356M->277M(359M) 2.977ms
[14674.119s][info][gc,cpu         ] GC(32036) User=0.01s Sys=0.00s Real=0.00s
[14674.532s][info][gc,start       ] GC(32037) Pause Young (Allocation Failure)
[14674.533s][info][gc,heap        ] GC(32037) PSYoungGen: 83584K(84480K)->352K(84480K) Eden: 81920K(81920K)->0K(81920K) From: 1664K(2560K)->352K(2560K)
[14674.533s][info][gc,heap        ] GC(32037) ParOldGen: 282703K(283136K)->282751K(283136K)
[14674.534s][info][gc,metaspace   ] GC(32037) Metaspace: 62363K(62592K)->62363K(62592K) NonClass: 53317K(53504K)->53317K(53504K) Class: 9046K(9088K)->9046K(9088K)
[14674.534s][info][gc             ] GC(32037) Pause Young (Allocation Failure) 357M->276M(359M) 1.957ms
[14674.534s][info][gc,cpu         ] GC(32037) User=0.00s Sys=0.00s Real=0.00s
[14674.970s][info][gc,start       ] GC(32038) Pause Young (Allocation Failure)
[14674.972s][info][gc,heap        ] GC(32038) PSYoungGen: 82272K(84480K)->960K(84480K) Eden: 81920K(81920K)->0K(81920K) From: 352K(2560K)->960K(2560K)
[14674.972s][info][gc,heap        ] GC(32038) ParOldGen: 282751K(283136K)->282807K(283136K)
[14674.972s][info][gc,metaspace   ] GC(32038) Metaspace: 62363K(62592K)->62363K(62592K) NonClass: 53317K(53504K)->53317K(53504K) Class: 9046K(9088K)->9046K(9088K)
[14674.972s][info][gc             ] GC(32038) Pause Young (Allocation Failure) 356M->277M(359M) 2.435ms
[14674.972s][info][gc,cpu         ] GC(32038) User=0.01s Sys=0.00s Real=0.00s
[14675.410s][info][gc,start       ] GC(32039) Pause Young (Allocation Failure)
[14675.413s][info][gc,heap        ] GC(32039) PSYoungGen: 82880K(84480K)->1472K(84480K) Eden: 81920K(81920K)->0K(81920K) From: 960K(2560K)->1472K(2560K)
[14675.413s][info][gc,heap        ] GC(32039) ParOldGen: 282807K(283136K)->282863K(283136K)
[14675.413s][info][gc,metaspace   ] GC(32039) Metaspace: 62363K(62592K)->62363K(62592K) NonClass: 53317K(53504K)->53317K(53504K) Class: 9046K(9088K)->9046K(9088K)
[14675.413s][info][gc             ] GC(32039) Pause Young (Allocation Failure) 357M->277M(359M) 2.883ms
[14675.413s][info][gc,cpu         ] GC(32039) User=0.01s Sys=0.00s Real=0.00s
[14675.839s][info][gc,start       ] GC(32040) Pause Young (Allocation Failure)
[14675.841s][info][gc,heap        ] GC(32040) PSYoungGen: 83392K(84480K)->416K(84480K) Eden: 81920K(81920K)->0K(81920K) From: 1472K(2560K)->416K(2560K)
[14675.841s][info][gc,heap        ] GC(32040) ParOldGen: 282863K(283136K)->282911K(283136K)
[14675.841s][info][gc,metaspace   ] GC(32040) Metaspace: 62363K(62592K)->62363K(62592K) NonClass: 53317K(53504K)->53317K(53504K) Class: 9046K(9088K)->9046K(9088K)
[14675.841s][info][gc             ] GC(32040) Pause Young (Allocation Failure) 357M->276M(359M) 1.952ms
[14675.841s][info][gc,cpu         ] GC(32040) User=0.00s Sys=0.00s Real=0.00s
[14676.285s][info][gc,start       ] GC(32041) Pause Young (Allocation Failure)
[14676.287s][info][gc,heap        ] GC(32041) PSYoungGen: 82336K(84480K)->1088K(84480K) Eden: 81920K(81920K)->0K(81920K) From: 416K(2560K)->1088K(2560K)
[14676.287s][info][gc,heap        ] GC(32041) ParOldGen: 282911K(283136K)->282967K(283136K)
[14676.287s][info][gc,metaspace   ] GC(32041) Metaspace: 62363K(62592K)->62363K(62592K) NonClass: 53317K(53504K)->53317K(53504K) Class: 9046K(9088K)->9046K(9088K)
[14676.287s][info][gc             ] GC(32041) Pause Young (Allocation Failure) 356M->277M(359M) 2.559ms
[14676.287s][info][gc,cpu         ] GC(32041) User=0.00s Sys=0.00s Real=0.01s
[14676.772s][info][gc,start       ] GC(32042) Pause Young (Allocation Failure)
[14676.774s][info][gc,heap        ] GC(32042) PSYoungGen: 83008K(84480K)->784K(84480K) Eden: 81920K(81920K)->0K(81920K) From: 1088K(2560K)->784K(2560K)
[14676.774s][info][gc,heap        ] GC(32042) ParOldGen: 282967K(283136K)->283023K(283136K)
[14676.774s][info][gc,metaspace   ] GC(32042) Metaspace: 62363K(62592K)->62363K(62592K) NonClass: 53317K(53504K)->53317K(53504K) Class: 9046K(9088K)->9046K(9088K)
[14676.774s][info][gc             ] GC(32042) Pause Young (Allocation Failure) 357M->277M(359M) 2.263ms
[14676.774s][info][gc,cpu         ] GC(32042) User=0.01s Sys=0.00s Real=0.00s
[14677.209s][info][gc,start       ] GC(32043) Pause Young (Allocation Failure)
[14677.212s][info][gc,heap        ] GC(32043) PSYoungGen: 82704K(84480K)->1472K(84480K) Eden: 81920K(81920K)->0K(81920K) From: 784K(2560K)->1472K(2560K)
[14677.212s][info][gc,heap        ] GC(32043) ParOldGen: 283023K(283136K)->283128K(283136K)
[14677.212s][info][gc,metaspace   ] GC(32043) Metaspace: 62363K(62592K)->62363K(62592K) NonClass: 53317K(53504K)->53317K(53504K) Class: 9046K(9088K)->9046K(9088K)
[14677.212s][info][gc             ] GC(32043) Pause Young (Allocation Failure) 357M->277M(359M) 2.912ms
[14677.212s][info][gc,cpu         ] GC(32043) User=0.01s Sys=0.00s Real=0.00s
[14677.650s][info][gc,start       ] GC(32044) Pause Young (Allocation Failure)
[14677.652s][info][gc,heap        ] GC(32044) PSYoungGen: 83392K(84480K)->576K(84480K) Eden: 81920K(81920K)->0K(81920K) From: 1472K(2560K)->576K(2560K)
[14677.652s][info][gc,heap        ] GC(32044) ParOldGen: 283128K(283136K)->283184K(283648K)
[14677.652s][info][gc,metaspace   ] GC(32044) Metaspace: 62363K(62592K)->62363K(62592K) NonClass: 53317K(53504K)->53317K(53504K) Class: 9046K(9088K)->9046K(9088K)
[14677.652s][info][gc             ] GC(32044) Pause Young (Allocation Failure) 357M->277M(359M) 2.171ms
[14677.652s][info][gc,cpu         ] GC(32044) User=0.00s Sys=0.00s Real=0.00s
[14678.093s][info][gc,start       ] GC(32045) Pause Young (Allocation Failure)
[14678.096s][info][gc,heap        ] GC(32045) PSYoungGen: 82496K(84480K)->2240K(84480K) Eden: 81920K(81920K)->0K(81920K) From: 576K(2560K)->2240K(2560K)
[14678.096s][info][gc,heap        ] GC(32045) ParOldGen: 283184K(283648K)->283240K(283648K)
[14678.096s][info][gc,metaspace   ] GC(32045) Metaspace: 62363K(62592K)->62363K(62592K) NonClass: 53317K(53504K)->53317K(53504K) Class: 9046K(9088K)->9046K(9088K)
[14678.096s][info][gc             ] GC(32045) Pause Young (Allocation Failure) 357M->278M(359M) 2.818ms
[14678.096s][info][gc,cpu         ] GC(32045) User=0.01s Sys=0.00s Real=0.00s
[14678.510s][info][gc,start       ] GC(32046) Pause Young (Allocation Failure)
[14678.513s][info][gc,heap        ] GC(32046) PSYoungGen: 84160K(84480K)->1568K(83456K) Eden: 81920K(81920K)->0K(80896K) From: 2240K(2560K)->1568K(2560K)
[14678.513s][info][gc,heap        ] GC(32046) ParOldGen: 283240K(283648K)->284312K(285184K)
[14678.513s][info][gc,metaspace   ] GC(32046) Metaspace: 62363K(62592K)->62363K(62592K) NonClass: 53317K(53504K)->53317K(53504K) Class: 9046K(9088K)->9046K(9088K)
[14678.513s][info][gc             ] GC(32046) Pause Young (Allocation Failure) 358M->279M(360M) 3.485ms
[14678.513s][info][gc,cpu         ] GC(32046) User=0.01s Sys=0.00s Real=0.00s
[14678.908s][info][gc,start       ] GC(32047) Pause Young (Allocation Failure)
[14678.911s][info][gc,heap        ] GC(32047) PSYoungGen: 82464K(83456K)->1568K(83968K) Eden: 80896K(80896K)->0K(80896K) From: 1568K(2560K)->1568K(3072K)
[14678.911s][info][gc,heap        ] GC(32047) ParOldGen: 284312K(285184K)->284368K(285184K)
[14678.911s][info][gc,metaspace   ] GC(32047) Metaspace: 62363K(62592K)->62363K(62592K) NonClass: 53317K(53504K)->53317K(53504K) Class: 9046K(9088K)->9046K(9088K)
[14678.911s][info][gc             ] GC(32047) Pause Young (Allocation Failure) 358M->279M(360M) 3.003ms
[14678.911s][info][gc,cpu         ] GC(32047) User=0.00s Sys=0.00s Real=0.00s
[14679.310s][info][gc,start       ] GC(32048) Pause Young (Allocation Failure)
[14679.313s][info][gc,heap        ] GC(32048) PSYoungGen: 82464K(83968K)->1536K(84480K) Eden: 80896K(80896K)->0K(81408K) From: 1568K(3072K)->1536K(3072K)
[14679.314s][info][gc,heap        ] GC(32048) ParOldGen: 284368K(285184K)->284424K(285184K)
[14679.314s][info][gc,metaspace   ] GC(32048) Metaspace: 62363K(62592K)->62363K(62592K) NonClass: 53317K(53504K)->53317K(53504K) Class: 9046K(9088K)->9046K(9088K)
[14679.314s][info][gc             ] GC(32048) Pause Young (Allocation Failure) 358M->279M(361M) 3.081ms
[14679.314s][info][gc,cpu         ] GC(32048) User=0.01s Sys=0.00s Real=0.00s
[14679.716s][info][gc,start       ] GC(32049) Pause Young (Allocation Failure)
[14679.719s][info][gc,heap        ] GC(32049) PSYoungGen: 82943K(84480K)->1696K(83968K) Eden: 81407K(81408K)->0K(81408K) From: 1536K(3072K)->1696K(2560K)
[14679.719s][info][gc,heap        ] GC(32049) ParOldGen: 284424K(285184K)->284480K(285184K)
[14679.719s][info][gc,metaspace   ] GC(32049) Metaspace: 62363K(62592K)->62363K(62592K) NonClass: 53317K(53504K)->53317K(53504K) Class: 9046K(9088K)->9046K(9088K)
[14679.719s][info][gc             ] GC(32049) Pause Young (Allocation Failure) 358M->279M(360M) 3.130ms
[14679.719s][info][gc,cpu         ] GC(32049) User=0.01s Sys=0.00s Real=0.00s
[14680.161s][info][gc,start       ] GC(32050) Pause Young (Allocation Failure)
[14680.163s][info][gc,heap        ] GC(32050) PSYoungGen: 83104K(83968K)->800K(84480K) Eden: 81408K(81408K)->0K(81408K) From: 1696K(2560K)->800K(3072K)
[14680.163s][info][gc,heap        ] GC(32050) ParOldGen: 284480K(285184K)->284536K(285184K)
[14680.163s][info][gc,metaspace   ] GC(32050) Metaspace: 62363K(62592K)->62363K(62592K) NonClass: 53317K(53504K)->53317K(53504K) Class: 9046K(9088K)->9046K(9088K)
[14680.163s][info][gc             ] GC(32050) Pause Young (Allocation Failure) 358M->278M(361M) 2.256ms
[14680.163s][info][gc,cpu         ] GC(32050) User=0.00s Sys=0.00s Real=0.00s
[14680.624s][info][gc,start       ] GC(32051) Pause Young (Allocation Failure)
[14680.625s][info][gc,heap        ] GC(32051) PSYoungGen: 82208K(84480K)->224K(83968K) Eden: 81408K(81408K)->0K(81408K) From: 800K(3072K)->224K(2560K)
[14680.625s][info][gc,heap        ] GC(32051) ParOldGen: 284536K(285184K)->284592K(285184K)
[14680.625s][info][gc,metaspace   ] GC(32051) Metaspace: 62363K(62592K)->62363K(62592K) NonClass: 53317K(53504K)->53317K(53504K) Class: 9046K(9088K)->9046K(9088K)
[14680.625s][info][gc             ] GC(32051) Pause Young (Allocation Failure) 358M->278M(360M) 1.871ms
[14680.625s][info][gc,cpu         ] GC(32051) User=0.00s Sys=0.00s Real=0.00s
[14681.071s][info][gc,start       ] GC(32052) Pause Young (Allocation Failure)
[14681.073s][info][gc,heap        ] GC(32052) PSYoungGen: 81632K(83968K)->896K(84480K) Eden: 81408K(81408K)->0K(81408K) From: 224K(2560K)->896K(3072K)
[14681.073s][info][gc,heap        ] GC(32052) ParOldGen: 284592K(285184K)->284648K(285184K)
[14681.073s][info][gc,metaspace   ] GC(32052) Metaspace: 62363K(62592K)->62363K(62592K) NonClass: 53317K(53504K)->53317K(53504K) Class: 9046K(9088K)->9046K(9088K)
[14681.073s][info][gc             ] GC(32052) Pause Young (Allocation Failure) 357M->278M(361M) 2.442ms
[14681.073s][info][gc,cpu         ] GC(32052) User=0.01s Sys=0.00s Real=0.00s
[14681.524s][info][gc,start       ] GC(32053) Pause Young (Allocation Failure)
[14681.526s][info][gc,heap        ] GC(32053) PSYoungGen: 82304K(84480K)->224K(83968K) Eden: 81408K(81408K)->0K(81408K) From: 896K(3072K)->224K(2560K)
[14681.526s][info][gc,heap        ] GC(32053) ParOldGen: 284648K(285184K)->284696K(285184K)
[14681.526s][info][gc,metaspace   ] GC(32053) Metaspace: 62363K(62592K)->62363K(62592K) NonClass: 53317K(53504K)->53317K(53504K) Class: 9046K(9088K)->9046K(9088K)
[14681.526s][info][gc             ] GC(32053) Pause Young (Allocation Failure) 358M->278M(360M) 1.870ms
[14681.526s][info][gc,cpu         ] GC(32053) User=0.00s Sys=0.00s Real=0.00s
[14681.959s][info][gc,start       ] GC(32054) Pause Young (Allocation Failure)
[14681.961s][info][gc,heap        ] GC(32054) PSYoungGen: 81632K(83968K)->704K(84480K) Eden: 81408K(81408K)->0K(81920K) From: 224K(2560K)->704K(2560K)
[14681.961s][info][gc,heap        ] GC(32054) ParOldGen: 284696K(285184K)->284744K(285184K)
[14681.961s][info][gc,metaspace   ] GC(32054) Metaspace: 62363K(62592K)->62363K(62592K) NonClass: 53317K(53504K)->53317K(53504K) Class: 9046K(9088K)->9046K(9088K)
[14681.961s][info][gc             ] GC(32054) Pause Young (Allocation Failure) 357M->278M(361M) 2.238ms
[14681.961s][info][gc,cpu         ] GC(32054) User=0.00s Sys=0.00s Real=0.00s
[14682.390s][info][gc,start       ] GC(32055) Pause Young (Allocation Failure)
[14682.393s][info][gc,heap        ] GC(32055) PSYoungGen: 82624K(84480K)->2400K(84480K) Eden: 81920K(81920K)->0K(81920K) From: 704K(2560K)->2400K(2560K)
[14682.393s][info][gc,heap        ] GC(32055) ParOldGen: 284744K(285184K)->284792K(285184K)
[14682.393s][info][gc,metaspace   ] GC(32055) Metaspace: 62363K(62592K)->62363K(62592K) NonClass: 53317K(53504K)->53317K(53504K) Class: 9046K(9088K)->9046K(9088K)
[14682.393s][info][gc             ] GC(32055) Pause Young (Allocation Failure) 358M->280M(361M) 2.845ms
[14682.393s][info][gc,cpu         ] GC(32055) User=0.00s Sys=0.00s Real=0.00s
[14682.804s][info][gc,start       ] GC(32056) Pause Young (Allocation Failure)
[14682.808s][info][gc,heap        ] GC(32056) PSYoungGen: 84320K(84480K)->1472K(83456K) Eden: 81920K(81920K)->0K(80896K) From: 2400K(2560K)->1472K(2560K)
[14682.808s][info][gc,heap        ] GC(32056) ParOldGen: 284792K(285184K)->286896K(288256K)
[14682.808s][info][gc,metaspace   ] GC(32056) Metaspace: 62363K(62592K)->62363K(62592K) NonClass: 53317K(53504K)->53317K(53504K) Class: 9046K(9088K)->9046K(9088K)
[14682.808s][info][gc             ] GC(32056) Pause Young (Allocation Failure) 360M->281M(363M) 4.014ms
[14682.808s][info][gc,cpu         ] GC(32056) User=0.01s Sys=0.00s Real=0.01s
[14683.240s][info][gc,start       ] GC(32057) Pause Young (Allocation Failure)
[14683.242s][info][gc,heap        ] GC(32057) PSYoungGen: 82368K(83456K)->512K(83968K) Eden: 80896K(80896K)->0K(80896K) From: 1472K(2560K)->512K(3072K)
[14683.242s][info][gc,heap        ] GC(32057) ParOldGen: 286896K(288256K)->286944K(288256K)
[14683.242s][info][gc,metaspace   ] GC(32057) Metaspace: 62363K(62592K)->62363K(62592K) NonClass: 53317K(53504K)->53317K(53504K) Class: 9046K(9088K)->9046K(9088K)
[14683.242s][info][gc             ] GC(32057) Pause Young (Allocation Failure) 360M->280M(363M) 2.076ms
[14683.242s][info][gc,cpu         ] GC(32057) User=0.01s Sys=0.00s Real=0.00s
[14683.668s][info][gc,start       ] GC(32058) Pause Young (Allocation Failure)
[14683.670s][info][gc,heap        ] GC(32058) PSYoungGen: 81408K(83968K)->800K(83968K) Eden: 80896K(80896K)->0K(80896K) From: 512K(3072K)->800K(3072K)
[14683.670s][info][gc,heap        ] GC(32058) ParOldGen: 286944K(288256K)->287000K(288256K)
[14683.670s][info][gc,metaspace   ] GC(32058) Metaspace: 62363K(62592K)->62363K(62592K) NonClass: 53317K(53504K)->53317K(53504K) Class: 9046K(9088K)->9046K(9088K)
[14683.670s][info][gc             ] GC(32058) Pause Young (Allocation Failure) 359M->281M(363M) 2.307ms
[14683.670s][info][gc,cpu         ] GC(32058) User=0.00s Sys=0.00s Real=0.00s
[14684.130s][info][gc,start       ] GC(32059) Pause Young (Allocation Failure)
[14684.131s][info][gc,heap        ] GC(32059) PSYoungGen: 81696K(83968K)->336K(83968K) Eden: 80896K(80896K)->0K(80896K) From: 800K(3072K)->336K(3072K)
[14684.131s][info][gc,heap        ] GC(32059) ParOldGen: 287000K(288256K)->287048K(288256K)
[14684.131s][info][gc,metaspace   ] GC(32059) Metaspace: 62363K(62592K)->62363K(62592K) NonClass: 53317K(53504K)->53317K(53504K) Class: 9046K(9088K)->9046K(9088K)
[14684.132s][info][gc             ] GC(32059) Pause Young (Allocation Failure) 360M->280M(363M) 2.011ms
[14684.132s][info][gc,cpu         ] GC(32059) User=0.01s Sys=0.00s Real=0.00s
[14684.576s][info][gc,start       ] GC(32060) Pause Young (Allocation Failure)
[14684.578s][info][gc,heap        ] GC(32060) PSYoungGen: 81232K(83968K)->928K(84480K) Eden: 80896K(80896K)->0K(81408K) From: 336K(3072K)->928K(3072K)
[14684.578s][info][gc,heap        ] GC(32060) ParOldGen: 287048K(288256K)->287152K(288256K)
[14684.578s][info][gc,metaspace   ] GC(32060) Metaspace: 62363K(62592K)->62363K(62592K) NonClass: 53317K(53504K)->53317K(53504K) Class: 9046K(9088K)->9046K(9088K)
[14684.578s][info][gc             ] GC(32060) Pause Young (Allocation Failure) 359M->281M(364M) 2.465ms
[14684.578s][info][gc,cpu         ] GC(32060) User=0.00s Sys=0.00s Real=0.00s
[14685.022s][info][gc,start       ] GC(32061) Pause Young (Allocation Failure)
[14685.024s][info][gc,heap        ] GC(32061) PSYoungGen: 82336K(84480K)->192K(83968K) Eden: 81408K(81408K)->0K(81408K) From: 928K(3072K)->192K(2560K)
[14685.024s][info][gc,heap        ] GC(32061) ParOldGen: 287152K(288256K)->287200K(288256K)
[14685.024s][info][gc,metaspace   ] GC(32061) Metaspace: 62363K(62592K)->62363K(62592K) NonClass: 53317K(53504K)->53317K(53504K) Class: 9046K(9088K)->9046K(9088K)
[14685.024s][info][gc             ] GC(32061) Pause Young (Allocation Failure) 360M->280M(363M) 1.822ms
[14685.024s][info][gc,cpu         ] GC(32061) User=0.01s Sys=0.00s Real=0.00s
[14685.426s][info][gc,start       ] GC(32062) Pause Young (Allocation Failure)
[14685.427s][info][gc,heap        ] GC(32062) PSYoungGen: 81600K(83968K)->256K(84480K) Eden: 81408K(81408K)->0K(81920K) From: 192K(2560K)->256K(2560K)
[14685.427s][info][gc,heap        ] GC(32062) ParOldGen: 287200K(288256K)->287256K(288256K)
[14685.427s][info][gc,metaspace   ] GC(32062) Metaspace: 62363K(62592K)->62363K(62592K) NonClass: 53317K(53504K)->53317K(53504K) Class: 9046K(9088K)->9046K(9088K)
[14685.427s][info][gc             ] GC(32062) Pause Young (Allocation Failure) 360M->280M(364M) 1.838ms
[14685.427s][info][gc,cpu         ] GC(32062) User=0.00s Sys=0.00s Real=0.01s
[14685.836s][info][gc,start       ] GC(32063) Pause Young (Allocation Failure)
[14685.837s][info][gc,heap        ] GC(32063) PSYoungGen: 82176K(84480K)->416K(84480K) Eden: 81920K(81920K)->0K(81920K) From: 256K(2560K)->416K(2560K)
[14685.837s][info][gc,heap        ] GC(32063) ParOldGen: 287256K(288256K)->287304K(288256K)
[14685.837s][info][gc,metaspace   ] GC(32063) Metaspace: 62363K(62592K)->62363K(62592K) NonClass: 53317K(53504K)->53317K(53504K) Class: 9046K(9088K)->9046K(9088K)
[14685.837s][info][gc             ] GC(32063) Pause Young (Allocation Failure) 360M->280M(364M) 1.963ms
[14685.837s][info][gc,cpu         ] GC(32063) User=0.01s Sys=0.00s Real=0.01s
[14686.271s][info][gc,start       ] GC(32064) Pause Young (Allocation Failure)
[14686.274s][info][gc,heap        ] GC(32064) PSYoungGen: 82336K(84480K)->960K(84480K) Eden: 81920K(81920K)->0K(81920K) From: 416K(2560K)->960K(2560K)
[14686.274s][info][gc,heap        ] GC(32064) ParOldGen: 287304K(288256K)->287352K(288256K)
[14686.274s][info][gc,metaspace   ] GC(32064) Metaspace: 62363K(62592K)->62363K(62592K) NonClass: 53317K(53504K)->53317K(53504K) Class: 9046K(9088K)->9046K(9088K)
[14686.274s][info][gc             ] GC(32064) Pause Young (Allocation Failure) 360M->281M(364M) 2.405ms
[14686.274s][info][gc,cpu         ] GC(32064) User=0.01s Sys=0.00s Real=0.00s
[14686.682s][info][gc,start       ] GC(32065) Pause Young (Allocation Failure)
[14686.685s][info][gc,heap        ] GC(32065) PSYoungGen: 82880K(84480K)->1120K(84480K) Eden: 81920K(81920K)->0K(81920K) From: 960K(2560K)->1120K(2560K)
[14686.685s][info][gc,heap        ] GC(32065) ParOldGen: 287352K(288256K)->287400K(288256K)
[14686.685s][info][gc,metaspace   ] GC(32065) Metaspace: 62363K(62592K)->62363K(62592K) NonClass: 53317K(53504K)->53317K(53504K) Class: 9046K(9088K)->9046K(9088K)
[14686.685s][info][gc             ] GC(32065) Pause Young (Allocation Failure) 361M->281M(364M) 2.613ms
[14686.685s][info][gc,cpu         ] GC(32065) User=0.00s Sys=0.01s Real=0.00s
[14687.056s][info][gc,start       ] GC(32066) Pause Young (Allocation Failure)
[14687.058s][info][gc,heap        ] GC(32066) PSYoungGen: 83040K(84480K)->1824K(84480K) Eden: 81920K(81920K)->0K(81920K) From: 1120K(2560K)->1824K(2560K)
[14687.058s][info][gc,heap        ] GC(32066) ParOldGen: 287400K(288256K)->287456K(288256K)
[14687.058s][info][gc,metaspace   ] GC(32066) Metaspace: 62363K(62592K)->62363K(62592K) NonClass: 53317K(53504K)->53317K(53504K) Class: 9046K(9088K)->9046K(9088K)
[14687.058s][info][gc             ] GC(32066) Pause Young (Allocation Failure) 361M->282M(364M) 2.402ms
[14687.058s][info][gc,cpu         ] GC(32066) User=0.00s Sys=0.00s Real=0.00s
[14687.470s][info][gc,start       ] GC(32067) Pause Young (Allocation Failure)
[14687.473s][info][gc,heap        ] GC(32067) PSYoungGen: 83744K(84480K)->928K(84480K) Eden: 81920K(81920K)->0K(81920K) From: 1824K(2560K)->928K(2560K)
[14687.473s][info][gc,heap        ] GC(32067) ParOldGen: 287456K(288256K)->288528K(289792K)
[14687.473s][info][gc,metaspace   ] GC(32067) Metaspace: 62363K(62592K)->62363K(62592K) NonClass: 53317K(53504K)->53317K(53504K) Class: 9046K(9088K)->9046K(9088K)
[14687.473s][info][gc             ] GC(32067) Pause Young (Allocation Failure) 362M->282M(365M) 2.917ms
[14687.473s][info][gc,cpu         ] GC(32067) User=0.00s Sys=0.01s Real=0.00s
[14687.894s][info][gc,start       ] GC(32068) Pause Young (Allocation Failure)
[14687.897s][info][gc,heap        ] GC(32068) PSYoungGen: 82848K(84480K)->1184K(84480K) Eden: 81920K(81920K)->0K(81920K) From: 928K(2560K)->1184K(2560K)
[14687.897s][info][gc,heap        ] GC(32068) ParOldGen: 288528K(289792K)->288576K(289792K)
[14687.897s][info][gc,metaspace   ] GC(32068) Metaspace: 62363K(62592K)->62363K(62592K) NonClass: 53317K(53504K)->53317K(53504K) Class: 9046K(9088K)->9046K(9088K)
[14687.897s][info][gc             ] GC(32068) Pause Young (Allocation Failure) 362M->282M(365M) 2.766ms
[14687.897s][info][gc,cpu         ] GC(32068) User=0.00s Sys=0.00s Real=0.01s
[14688.317s][info][gc,start       ] GC(32069) Pause Young (Allocation Failure)
[14688.320s][info][gc,heap        ] GC(32069) PSYoungGen: 83104K(84480K)->1536K(84480K) Eden: 81920K(81920K)->0K(81920K) From: 1184K(2560K)->1536K(2560K)
[14688.320s][info][gc,heap        ] GC(32069) ParOldGen: 288576K(289792K)->288632K(289792K)
[14688.320s][info][gc,metaspace   ] GC(32069) Metaspace: 62363K(62592K)->62363K(62592K) NonClass: 53317K(53504K)->53317K(53504K) Class: 9046K(9088K)->9046K(9088K)
[14688.320s][info][gc             ] GC(32069) Pause Young (Allocation Failure) 362M->283M(365M) 3.119ms
[14688.320s][info][gc,cpu         ] GC(32069) User=0.00s Sys=0.00s Real=0.00s
[14688.734s][info][gc,start       ] GC(32070) Pause Young (Allocation Failure)
[14688.735s][info][gc,heap        ] GC(32070) PSYoungGen: 83456K(84480K)->384K(84480K) Eden: 81920K(81920K)->0K(81920K) From: 1536K(2560K)->384K(2560K)
[14688.735s][info][gc,heap        ] GC(32070) ParOldGen: 288632K(289792K)->288680K(289792K)
[14688.736s][info][gc,metaspace   ] GC(32070) Metaspace: 62363K(62592K)->62363K(62592K) NonClass: 53317K(53504K)->53317K(53504K) Class: 9046K(9088K)->9046K(9088K)
[14688.736s][info][gc             ] GC(32070) Pause Young (Allocation Failure) 363M->282M(365M) 1.940ms
[14688.736s][info][gc,cpu         ] GC(32070) User=0.00s Sys=0.00s Real=0.00s
[14689.135s][info][gc,start       ] GC(32071) Pause Young (Allocation Failure)
[14689.136s][info][gc,heap        ] GC(32071) PSYoungGen: 82304K(84480K)->448K(84480K) Eden: 81920K(81920K)->0K(81920K) From: 384K(2560K)->448K(2560K)
[14689.136s][info][gc,heap        ] GC(32071) ParOldGen: 288680K(289792K)->288728K(289792K)
[14689.136s][info][gc,metaspace   ] GC(32071) Metaspace: 62363K(62592K)->62363K(62592K) NonClass: 53317K(53504K)->53317K(53504K) Class: 9046K(9088K)->9046K(9088K)
[14689.136s][info][gc             ] GC(32071) Pause Young (Allocation Failure) 362M->282M(365M) 1.998ms
[14689.137s][info][gc,cpu         ] GC(32071) User=0.01s Sys=0.00s Real=0.01s
[14689.578s][info][gc,start       ] GC(32072) Pause Young (Allocation Failure)
[14689.580s][info][gc,heap        ] GC(32072) PSYoungGen: 82368K(84480K)->960K(84480K) Eden: 81920K(81920K)->0K(81920K) From: 448K(2560K)->960K(2560K)
[14689.580s][info][gc,heap        ] GC(32072) ParOldGen: 288728K(289792K)->288784K(289792K)
[14689.580s][info][gc,metaspace   ] GC(32072) Metaspace: 62363K(62592K)->62363K(62592K) NonClass: 53317K(53504K)->53317K(53504K) Class: 9046K(9088K)->9046K(9088K)
[14689.580s][info][gc             ] GC(32072) Pause Young (Allocation Failure) 362M->282M(365M) 2.469ms
[14689.580s][info][gc,cpu         ] GC(32072) User=0.00s Sys=0.00s Real=0.00s
[14690.019s][info][gc,start       ] GC(32073) Pause Young (Allocation Failure)
[14690.022s][info][gc,heap        ] GC(32073) PSYoungGen: 82880K(84480K)->1600K(84480K) Eden: 81920K(81920K)->0K(81920K) From: 960K(2560K)->1600K(2560K)
[14690.022s][info][gc,heap        ] GC(32073) ParOldGen: 288784K(289792K)->288840K(289792K)
[14690.022s][info][gc,metaspace   ] GC(32073) Metaspace: 62363K(62592K)->62363K(62592K) NonClass: 53317K(53504K)->53317K(53504K) Class: 9046K(9088K)->9046K(9088K)
[14690.022s][info][gc             ] GC(32073) Pause Young (Allocation Failure) 362M->283M(365M) 3.145ms
[14690.022s][info][gc,cpu         ] GC(32073) User=0.01s Sys=0.00s Real=0.00s
[14690.465s][info][gc,start       ] GC(32074) Pause Young (Allocation Failure)
[14690.468s][info][gc,heap        ] GC(32074) PSYoungGen: 83520K(84480K)->832K(84480K) Eden: 81920K(81920K)->0K(81920K) From: 1600K(2560K)->832K(2560K)
[14690.468s][info][gc,heap        ] GC(32074) ParOldGen: 288840K(289792K)->288888K(289792K)
[14690.468s][info][gc,metaspace   ] GC(32074) Metaspace: 62363K(62592K)->62363K(62592K) NonClass: 53317K(53504K)->53317K(53504K) Class: 9046K(9088K)->9046K(9088K)
[14690.468s][info][gc             ] GC(32074) Pause Young (Allocation Failure) 363M->282M(365M) 2.399ms
[14690.468s][info][gc,cpu         ] GC(32074) User=0.00s Sys=0.00s Real=0.01s
[14690.928s][info][gc,start       ] GC(32075) Pause Young (Allocation Failure)
[14690.930s][info][gc,heap        ] GC(32075) PSYoungGen: 82752K(84480K)->288K(84480K) Eden: 81920K(81920K)->0K(81920K) From: 832K(2560K)->288K(2560K)
[14690.930s][info][gc,heap        ] GC(32075) ParOldGen: 288888K(289792K)->288944K(289792K)
[14690.930s][info][gc,metaspace   ] GC(32075) Metaspace: 62363K(62592K)->62363K(62592K) NonClass: 53317K(53504K)->53317K(53504K) Class: 9046K(9088K)->9046K(9088K)
[14690.930s][info][gc             ] GC(32075) Pause Young (Allocation Failure) 362M->282M(365M) 2.031ms
[14690.930s][info][gc,cpu         ] GC(32075) User=0.01s Sys=0.00s Real=0.00s
[14691.392s][info][gc,start       ] GC(32076) Pause Young (Allocation Failure)
[14691.395s][info][gc,heap        ] GC(32076) PSYoungGen: 82208K(84480K)->2384K(83456K) Eden: 81920K(81920K)->0K(80896K) From: 288K(2560K)->2384K(2560K)
[14691.395s][info][gc,heap        ] GC(32076) ParOldGen: 288944K(289792K)->290024K(291328K)
[14691.395s][info][gc,metaspace   ] GC(32076) Metaspace: 62363K(62592K)->62363K(62592K) NonClass: 53317K(53504K)->53317K(53504K) Class: 9046K(9088K)->9046K(9088K)
[14691.395s][info][gc             ] GC(32076) Pause Young (Allocation Failure) 362M->285M(366M) 3.471ms
[14691.395s][info][gc,cpu         ] GC(32076) User=0.01s Sys=0.00s Real=0.00s
[14691.792s][info][gc,start       ] GC(32077) Pause Young (Allocation Failure)
[14691.795s][info][gc,heap        ] GC(32077) PSYoungGen: 83280K(83456K)->1376K(83968K) Eden: 80896K(80896K)->0K(80896K) From: 2384K(2560K)->1376K(3072K)
[14691.795s][info][gc,heap        ] GC(32077) ParOldGen: 290024K(291328K)->292176K(292864K)
[14691.795s][info][gc,metaspace   ] GC(32077) Metaspace: 62363K(62592K)->62363K(62592K) NonClass: 53317K(53504K)->53317K(53504K) Class: 9046K(9088K)->9046K(9088K)
[14691.796s][info][gc             ] GC(32077) Pause Young (Allocation Failure) 364M->286M(368M) 3.897ms
[14691.796s][info][gc,cpu         ] GC(32077) User=0.01s Sys=0.01s Real=0.00s
[14692.207s][info][gc,start       ] GC(32078) Pause Young (Allocation Failure)
[14692.210s][info][gc,heap        ] GC(32078) PSYoungGen: 82272K(83968K)->1536K(83456K) Eden: 80896K(80896K)->0K(80896K) From: 1376K(3072K)->1536K(2560K)
[14692.210s][info][gc,heap        ] GC(32078) ParOldGen: 292176K(292864K)->292232K(292864K)
[14692.210s][info][gc,metaspace   ] GC(32078) Metaspace: 62363K(62592K)->62363K(62592K) NonClass: 53317K(53504K)->53317K(53504K) Class: 9046K(9088K)->9046K(9088K)
[14692.210s][info][gc             ] GC(32078) Pause Young (Allocation Failure) 365M->286M(367M) 2.947ms
[14692.210s][info][gc,cpu         ] GC(32078) User=0.01s Sys=0.00s Real=0.00s
[14692.698s][info][gc,start       ] GC(32079) Pause Young (Allocation Failure)
[14692.701s][info][gc,heap        ] GC(32079) PSYoungGen: 82432K(83456K)->1184K(83968K) Eden: 80896K(80896K)->0K(80896K) From: 1536K(2560K)->1184K(3072K)
[14692.701s][info][gc,heap        ] GC(32079) ParOldGen: 292232K(292864K)->292288K(292864K)
[14692.701s][info][gc,metaspace   ] GC(32079) Metaspace: 62363K(62592K)->62363K(62592K) NonClass: 53317K(53504K)->53317K(53504K) Class: 9046K(9088K)->9046K(9088K)
[14692.701s][info][gc             ] GC(32079) Pause Young (Allocation Failure) 365M->286M(368M) 2.705ms
[14692.701s][info][gc,cpu         ] GC(32079) User=0.01s Sys=0.00s Real=0.00s
[14693.179s][info][gc,start       ] GC(32080) Pause Young (Allocation Failure)
[14693.181s][info][gc,heap        ] GC(32080) PSYoungGen: 82080K(83968K)->992K(84480K) Eden: 80896K(80896K)->0K(81920K) From: 1184K(3072K)->992K(2560K)
[14693.181s][info][gc,heap        ] GC(32080) ParOldGen: 292288K(292864K)->292336K(292864K)
[14693.181s][info][gc,metaspace   ] GC(32080) Metaspace: 62363K(62592K)->62363K(62592K) NonClass: 53317K(53504K)->53317K(53504K) Class: 9046K(9088K)->9046K(9088K)
[14693.181s][info][gc             ] GC(32080) Pause Young (Allocation Failure) 365M->286M(368M) 2.496ms
[14693.181s][info][gc,cpu         ] GC(32080) User=0.00s Sys=0.00s Real=0.00s
[14693.588s][info][gc,start       ] GC(32081) Pause Young (Allocation Failure)
[14693.591s][info][gc,heap        ] GC(32081) PSYoungGen: 82912K(84480K)->1216K(84480K) Eden: 81920K(81920K)->0K(81920K) From: 992K(2560K)->1216K(2560K)
[14693.591s][info][gc,heap        ] GC(32081) ParOldGen: 292336K(292864K)->292392K(292864K)
[14693.591s][info][gc,metaspace   ] GC(32081) Metaspace: 62363K(62592K)->62363K(62592K) NonClass: 53317K(53504K)->53317K(53504K) Class: 9046K(9088K)->9046K(9088K)
[14693.591s][info][gc             ] GC(32081) Pause Young (Allocation Failure) 366M->286M(368M) 2.723ms
[14693.591s][info][gc,cpu         ] GC(32081) User=0.00s Sys=0.00s Real=0.00s
[14694.016s][info][gc,start       ] GC(32082) Pause Young (Allocation Failure)
[14694.019s][info][gc,heap        ] GC(32082) PSYoungGen: 83136K(84480K)->1408K(84480K) Eden: 81920K(81920K)->0K(81920K) From: 1216K(2560K)->1408K(2560K)
[14694.019s][info][gc,heap        ] GC(32082) ParOldGen: 292392K(292864K)->292440K(292864K)
[14694.019s][info][gc,metaspace   ] GC(32082) Metaspace: 62363K(62592K)->62363K(62592K) NonClass: 53317K(53504K)->53317K(53504K) Class: 9046K(9088K)->9046K(9088K)
[14694.019s][info][gc             ] GC(32082) Pause Young (Allocation Failure) 366M->286M(368M) 2.964ms
[14694.019s][info][gc,cpu         ] GC(32082) User=0.00s Sys=0.00s Real=0.01s
[14694.421s][info][gc,start       ] GC(32083) Pause Young (Allocation Failure)
[14694.424s][info][gc,heap        ] GC(32083) PSYoungGen: 83328K(84480K)->1856K(84480K) Eden: 81920K(81920K)->0K(81920K) From: 1408K(2560K)->1856K(2560K)
[14694.424s][info][gc,heap        ] GC(32083) ParOldGen: 292440K(292864K)->292496K(292864K)
[14694.424s][info][gc,metaspace   ] GC(32083) Metaspace: 62363K(62592K)->62363K(62592K) NonClass: 53317K(53504K)->53317K(53504K) Class: 9046K(9088K)->9046K(9088K)
[14694.424s][info][gc             ] GC(32083) Pause Young (Allocation Failure) 366M->287M(368M) 3.170ms
[14694.424s][info][gc,cpu         ] GC(32083) User=0.00s Sys=0.00s Real=0.00s
[14694.841s][info][gc,start       ] GC(32084) Pause Young (Allocation Failure)
[14694.843s][info][gc,heap        ] GC(32084) PSYoungGen: 83776K(84480K)->480K(84480K) Eden: 81920K(81920K)->0K(81920K) From: 1856K(2560K)->480K(2560K)
[14694.843s][info][gc,heap        ] GC(32084) ParOldGen: 292496K(292864K)->292544K(292864K)
[14694.843s][info][gc,metaspace   ] GC(32084) Metaspace: 62363K(62592K)->62363K(62592K) NonClass: 53317K(53504K)->53317K(53504K) Class: 9046K(9088K)->9046K(9088K)
[14694.843s][info][gc             ] GC(32084) Pause Young (Allocation Failure) 367M->286M(368M) 2.140ms
[14694.843s][info][gc,cpu         ] GC(32084) User=0.00s Sys=0.00s Real=0.00s
[14695.281s][info][gc,start       ] GC(32085) Pause Young (Allocation Failure)
[14695.284s][info][gc,heap        ] GC(32085) PSYoungGen: 82400K(84480K)->1088K(84480K) Eden: 81920K(81920K)->0K(81920K) From: 480K(2560K)->1088K(2560K)
[14695.284s][info][gc,heap        ] GC(32085) ParOldGen: 292544K(292864K)->292592K(292864K)
[14695.284s][info][gc,metaspace   ] GC(32085) Metaspace: 62363K(62592K)->62363K(62592K) NonClass: 53317K(53504K)->53317K(53504K) Class: 9046K(9088K)->9046K(9088K)
[14695.284s][info][gc             ] GC(32085) Pause Young (Allocation Failure) 366M->286M(368M) 2.607ms
[14695.284s][info][gc,cpu         ] GC(32085) User=0.01s Sys=0.00s Real=0.00s
[14695.709s][info][gc,start       ] GC(32086) Pause Young (Allocation Failure)
[14695.712s][info][gc,heap        ] GC(32086) PSYoungGen: 83008K(84480K)->1472K(84480K) Eden: 81920K(81920K)->0K(81920K) From: 1088K(2560K)->1472K(2560K)
[14695.712s][info][gc,heap        ] GC(32086) ParOldGen: 292592K(292864K)->292640K(292864K)
[14695.712s][info][gc,metaspace   ] GC(32086) Metaspace: 62363K(62592K)->62363K(62592K) NonClass: 53317K(53504K)->53317K(53504K) Class: 9046K(9088K)->9046K(9088K)
[14695.712s][info][gc             ] GC(32086) Pause Young (Allocation Failure) 366M->287M(368M) 2.844ms
[14695.712s][info][gc,cpu         ] GC(32086) User=0.01s Sys=0.00s Real=0.00s
[14696.158s][info][gc,start       ] GC(32087) Pause Young (Allocation Failure)
[14696.160s][info][gc,heap        ] GC(32087) PSYoungGen: 83392K(84480K)->736K(84480K) Eden: 81920K(81920K)->0K(81920K) From: 1472K(2560K)->736K(2560K)
[14696.160s][info][gc,heap        ] GC(32087) ParOldGen: 292640K(292864K)->292688K(292864K)
[14696.160s][info][gc,metaspace   ] GC(32087) Metaspace: 62363K(62592K)->62363K(62592K) NonClass: 53317K(53504K)->53317K(53504K) Class: 9046K(9088K)->9046K(9088K)
[14696.160s][info][gc             ] GC(32087) Pause Young (Allocation Failure) 367M->286M(368M) 2.257ms
[14696.160s][info][gc,cpu         ] GC(32087) User=0.00s Sys=0.00s Real=0.00s
[14696.620s][info][gc,start       ] GC(32088) Pause Young (Allocation Failure)
[14696.622s][info][gc,heap        ] GC(32088) PSYoungGen: 82656K(84480K)->1472K(84480K) Eden: 81920K(81920K)->0K(81920K) From: 736K(2560K)->1472K(2560K)
[14696.622s][info][gc,heap        ] GC(32088) ParOldGen: 292688K(292864K)->292744K(292864K)
[14696.622s][info][gc,metaspace   ] GC(32088) Metaspace: 62363K(62592K)->62363K(62592K) NonClass: 53317K(53504K)->53317K(53504K) Class: 9046K(9088K)->9046K(9088K)
[14696.622s][info][gc             ] GC(32088) Pause Young (Allocation Failure) 366M->287M(368M) 2.947ms
[14696.623s][info][gc,cpu         ] GC(32088) User=0.00s Sys=0.00s Real=0.00s
[14697.105s][info][gc,start       ] GC(32089) Pause Young (Allocation Failure)
[14697.108s][info][gc,heap        ] GC(32089) PSYoungGen: 83392K(84480K)->1344K(84480K) Eden: 81920K(81920K)->0K(81920K) From: 1472K(2560K)->1344K(2560K)
[14697.108s][info][gc,heap        ] GC(32089) ParOldGen: 292744K(292864K)->292792K(292864K)
[14697.108s][info][gc,metaspace   ] GC(32089) Metaspace: 62363K(62592K)->62363K(62592K) NonClass: 53317K(53504K)->53317K(53504K) Class: 9046K(9088K)->9046K(9088K)
[14697.108s][info][gc             ] GC(32089) Pause Young (Allocation Failure) 367M->287M(368M) 2.840ms
[14697.108s][info][gc,cpu         ] GC(32089) User=0.01s Sys=0.00s Real=0.01s
[14697.589s][info][gc,start       ] GC(32090) Pause Young (Allocation Failure)
[14697.592s][info][gc,heap        ] GC(32090) PSYoungGen: 83264K(84480K)->1120K(84480K) Eden: 81920K(81920K)->0K(81920K) From: 1344K(2560K)->1120K(2560K)
[14697.592s][info][gc,heap        ] GC(32090) ParOldGen: 292792K(292864K)->292848K(292864K)
[14697.592s][info][gc,metaspace   ] GC(32090) Metaspace: 62363K(62592K)->62363K(62592K) NonClass: 53317K(53504K)->53317K(53504K) Class: 9046K(9088K)->9046K(9088K)
[14697.592s][info][gc             ] GC(32090) Pause Young (Allocation Failure) 367M->287M(368M) 2.729ms
[14697.592s][info][gc,cpu         ] GC(32090) User=0.01s Sys=0.00s Real=0.00s
[14698.073s][info][gc,start       ] GC(32091) Pause Young (Allocation Failure)
[14698.075s][info][gc,heap        ] GC(32091) PSYoungGen: 83040K(84480K)->864K(84480K) Eden: 81920K(81920K)->0K(81920K) From: 1120K(2560K)->864K(2560K)
[14698.075s][info][gc,heap        ] GC(32091) ParOldGen: 292848K(292864K)->292904K(293376K)
[14698.075s][info][gc,metaspace   ] GC(32091) Metaspace: 62363K(62592K)->62363K(62592K) NonClass: 53317K(53504K)->53317K(53504K) Class: 9046K(9088K)->9046K(9088K)
[14698.075s][info][gc             ] GC(32091) Pause Young (Allocation Failure) 367M->286M(369M) 2.447ms
[14698.075s][info][gc,cpu         ] GC(32091) User=0.00s Sys=0.00s Real=0.00s
[14698.545s][info][gc,start       ] GC(32092) Pause Young (Allocation Failure)
[14698.547s][info][gc,heap        ] GC(32092) PSYoungGen: 82784K(84480K)->480K(84480K) Eden: 81920K(81920K)->0K(81920K) From: 864K(2560K)->480K(2560K)
[14698.547s][info][gc,heap        ] GC(32092) ParOldGen: 292904K(293376K)->292952K(293376K)
[14698.547s][info][gc,metaspace   ] GC(32092) Metaspace: 62363K(62592K)->62363K(62592K) NonClass: 53317K(53504K)->53317K(53504K) Class: 9046K(9088K)->9046K(9088K)
[14698.547s][info][gc             ] GC(32092) Pause Young (Allocation Failure) 366M->286M(369M) 2.003ms
[14698.547s][info][gc,cpu         ] GC(32092) User=0.00s Sys=0.00s Real=0.01s
[14699.084s][info][gc,start       ] GC(32093) Pause Young (Allocation Failure)
[14699.086s][info][gc,heap        ] GC(32093) PSYoungGen: 82400K(84480K)->1088K(84480K) Eden: 81920K(81920K)->0K(81920K) From: 480K(2560K)->1088K(2560K)
[14699.086s][info][gc,heap        ] GC(32093) ParOldGen: 292952K(293376K)->293000K(293376K)
[14699.086s][info][gc,metaspace   ] GC(32093) Metaspace: 62363K(62592K)->62363K(62592K) NonClass: 53317K(53504K)->53317K(53504K) Class: 9046K(9088K)->9046K(9088K)
[14699.086s][info][gc             ] GC(32093) Pause Young (Allocation Failure) 366M->287M(369M) 2.662ms
[14699.086s][info][gc,cpu         ] GC(32093) User=0.00s Sys=0.00s Real=0.01s
[14699.581s][info][gc,start       ] GC(32094) Pause Young (Allocation Failure)
[14699.584s][info][gc,heap        ] GC(32094) PSYoungGen: 83008K(84480K)->928K(84992K) Eden: 81920K(81920K)->0K(82944K) From: 1088K(2560K)->928K(2048K)
[14699.584s][info][gc,heap        ] GC(32094) ParOldGen: 293000K(293376K)->293096K(293376K)
[14699.584s][info][gc,metaspace   ] GC(32094) Metaspace: 62363K(62592K)->62363K(62592K) NonClass: 53317K(53504K)->53317K(53504K) Class: 9046K(9088K)->9046K(9088K)
[14699.584s][info][gc             ] GC(32094) Pause Young (Allocation Failure) 367M->287M(369M) 2.609ms
[14699.584s][info][gc,cpu         ] GC(32094) User=0.01s Sys=0.00s Real=0.00s
[14700.058s][info][gc,start       ] GC(32095) Pause Young (Allocation Failure)
[14700.060s][info][gc,heap        ] GC(32095) PSYoungGen: 83872K(84992K)->736K(84992K) Eden: 82944K(82944K)->0K(82944K) From: 928K(2048K)->736K(2048K)
[14700.060s][info][gc,heap        ] GC(32095) ParOldGen: 293096K(293376K)->293152K(293376K)
[14700.060s][info][gc,metaspace   ] GC(32095) Metaspace: 62363K(62592K)->62363K(62592K) NonClass: 53317K(53504K)->53317K(53504K) Class: 9046K(9088K)->9046K(9088K)
[14700.060s][info][gc             ] GC(32095) Pause Young (Allocation Failure) 368M->287M(369M) 2.247ms
[14700.060s][info][gc,cpu         ] GC(32095) User=0.00s Sys=0.00s Real=0.00s
[14700.540s][info][gc,start       ] GC(32096) Pause Young (Allocation Failure)
[14700.542s][info][gc,heap        ] GC(32096) PSYoungGen: 83680K(84992K)->416K(84992K) Eden: 82944K(82944K)->0K(82944K) From: 736K(2048K)->416K(2048K)
[14700.542s][info][gc,heap        ] GC(32096) ParOldGen: 293152K(293376K)->293200K(293376K)
[14700.542s][info][gc,metaspace   ] GC(32096) Metaspace: 62363K(62592K)->62363K(62592K) NonClass: 53317K(53504K)->53317K(53504K) Class: 9046K(9088K)->9046K(9088K)
[14700.542s][info][gc             ] GC(32096) Pause Young (Allocation Failure) 368M->286M(369M) 2.108ms
[14700.542s][info][gc,cpu         ] GC(32096) User=0.00s Sys=0.00s Real=0.00s
[14700.998s][info][gc,start       ] GC(32097) Pause Young (Allocation Failure)
[14701.002s][info][gc,heap        ] GC(32097) PSYoungGen: 83360K(84992K)->1376K(84992K) Eden: 82944K(82944K)->0K(82944K) From: 416K(2048K)->1376K(2048K)
[14701.002s][info][gc,heap        ] GC(32097) ParOldGen: 293200K(293376K)->295304K(296448K)
[14701.002s][info][gc,metaspace   ] GC(32097) Metaspace: 62363K(62592K)->62363K(62592K) NonClass: 53317K(53504K)->53317K(53504K) Class: 9046K(9088K)->9046K(9088K)
[14701.002s][info][gc             ] GC(32097) Pause Young (Allocation Failure) 367M->289M(372M) 3.829ms
[14701.002s][info][gc,cpu         ] GC(32097) User=0.00s Sys=0.01s Real=0.00s
[14701.407s][info][gc,start       ] GC(32098) Pause Young (Allocation Failure)
[14701.410s][info][gc,heap        ] GC(32098) PSYoungGen: 84320K(84992K)->1536K(83968K) Eden: 82944K(82944K)->0K(81920K) From: 1376K(2048K)->1536K(2048K)
[14701.410s][info][gc,heap        ] GC(32098) ParOldGen: 295304K(296448K)->295352K(296448K)
[14701.410s][info][gc,metaspace   ] GC(32098) Metaspace: 62363K(62592K)->62363K(62592K) NonClass: 53317K(53504K)->53317K(53504K) Class: 9046K(9088K)->9046K(9088K)
[14701.410s][info][gc             ] GC(32098) Pause Young (Allocation Failure) 370M->289M(371M) 2.925ms
[14701.410s][info][gc,cpu         ] GC(32098) User=0.00s Sys=0.00s Real=0.00s
[14701.866s][info][gc,start       ] GC(32099) Pause Young (Allocation Failure)
[14701.868s][info][gc,heap        ] GC(32099) PSYoungGen: 83456K(83968K)->800K(84480K) Eden: 81920K(81920K)->0K(81920K) From: 1536K(2048K)->800K(2560K)
[14701.869s][info][gc,heap        ] GC(32099) ParOldGen: 295352K(296448K)->295400K(296448K)
[14701.869s][info][gc,metaspace   ] GC(32099) Metaspace: 62363K(62592K)->62363K(62592K) NonClass: 53317K(53504K)->53317K(53504K) Class: 9046K(9088K)->9046K(9088K)
[14701.869s][info][gc             ] GC(32099) Pause Young (Allocation Failure) 369M->289M(372M) 2.358ms
[14701.869s][info][gc,cpu         ] GC(32099) User=0.00s Sys=0.00s Real=0.00s
[14702.304s][info][gc,start       ] GC(32100) Pause Young (Allocation Failure)
[14702.307s][info][gc,heap        ] GC(32100) PSYoungGen: 82720K(84480K)->1408K(83968K) Eden: 81920K(81920K)->0K(81920K) From: 800K(2560K)->1408K(2048K)
[14702.307s][info][gc,heap        ] GC(32100) ParOldGen: 295400K(296448K)->295448K(296448K)
[14702.307s][info][gc,metaspace   ] GC(32100) Metaspace: 62363K(62592K)->62363K(62592K) NonClass: 53317K(53504K)->53317K(53504K) Class: 9046K(9088K)->9046K(9088K)
[14702.307s][info][gc             ] GC(32100) Pause Young (Allocation Failure) 369M->289M(371M) 3.162ms
[14702.307s][info][gc,cpu         ] GC(32100) User=0.01s Sys=0.00s Real=0.01s
[14702.753s][info][gc,start       ] GC(32101) Pause Young (Allocation Failure)
[14702.755s][info][gc,heap        ] GC(32101) PSYoungGen: 83328K(83968K)->608K(84480K) Eden: 81920K(81920K)->0K(81920K) From: 1408K(2048K)->608K(2560K)
[14702.755s][info][gc,heap        ] GC(32101) ParOldGen: 295448K(296448K)->295496K(296448K)
[14702.755s][info][gc,metaspace   ] GC(32101) Metaspace: 62363K(62592K)->62363K(62592K) NonClass: 53317K(53504K)->53317K(53504K) Class: 9046K(9088K)->9046K(9088K)
[14702.755s][info][gc             ] GC(32101) Pause Young (Allocation Failure) 369M->289M(372M) 2.201ms
[14702.755s][info][gc,cpu         ] GC(32101) User=0.01s Sys=0.00s Real=0.00s
[14703.231s][info][gc,start       ] GC(32102) Pause Young (Allocation Failure)
[14703.232s][info][gc,heap        ] GC(32102) PSYoungGen: 82528K(84480K)->320K(83968K) Eden: 81920K(81920K)->0K(81920K) From: 608K(2560K)->320K(2048K)
[14703.233s][info][gc,heap        ] GC(32102) ParOldGen: 295496K(296448K)->295552K(296448K)
[14703.233s][info][gc,metaspace   ] GC(32102) Metaspace: 62363K(62592K)->62363K(62592K) NonClass: 53317K(53504K)->53317K(53504K) Class: 9046K(9088K)->9046K(9088K)
[14703.233s][info][gc             ] GC(32102) Pause Young (Allocation Failure) 369M->288M(371M) 1.975ms
[14703.233s][info][gc,cpu         ] GC(32102) User=0.01s Sys=0.00s Real=0.00s
[14703.690s][info][gc,start       ] GC(32103) Pause Young (Allocation Failure)
[14703.692s][info][gc,heap        ] GC(32103) PSYoungGen: 82240K(83968K)->1152K(84480K) Eden: 81920K(81920K)->0K(81920K) From: 320K(2048K)->1152K(2560K)
[14703.692s][info][gc,heap        ] GC(32103) ParOldGen: 295552K(296448K)->295600K(296448K)
[14703.692s][info][gc,metaspace   ] GC(32103) Metaspace: 62363K(62592K)->62363K(62592K) NonClass: 53317K(53504K)->53317K(53504K) Class: 9046K(9088K)->9046K(9088K)
[14703.692s][info][gc             ] GC(32103) Pause Young (Allocation Failure) 368M->289M(372M) 2.560ms
[14703.692s][info][gc,cpu         ] GC(32103) User=0.01s Sys=0.00s Real=0.00s
[14704.100s][info][gc,start       ] GC(32104) Pause Young (Allocation Failure)
[14704.103s][info][gc,heap        ] GC(32104) PSYoungGen: 83072K(84480K)->1472K(83968K) Eden: 81920K(81920K)->0K(81920K) From: 1152K(2560K)->1472K(2048K)
[14704.103s][info][gc,heap        ] GC(32104) ParOldGen: 295600K(296448K)->295648K(296448K)
[14704.103s][info][gc,metaspace   ] GC(32104) Metaspace: 62363K(62592K)->62363K(62592K) NonClass: 53317K(53504K)->53317K(53504K) Class: 9046K(9088K)->9046K(9088K)
[14704.103s][info][gc             ] GC(32104) Pause Young (Allocation Failure) 369M->290M(371M) 2.678ms
[14704.103s][info][gc,cpu         ] GC(32104) User=0.01s Sys=0.00s Real=0.00s
[14704.483s][info][gc,start       ] GC(32105) Pause Young (Allocation Failure)
[14704.485s][info][gc,heap        ] GC(32105) PSYoungGen: 83392K(83968K)->1280K(84480K) Eden: 81920K(81920K)->0K(81920K) From: 1472K(2048K)->1280K(2560K)
[14704.485s][info][gc,heap        ] GC(32105) ParOldGen: 295648K(296448K)->295696K(296448K)
[14704.485s][info][gc,metaspace   ] GC(32105) Metaspace: 62363K(62592K)->62363K(62592K) NonClass: 53317K(53504K)->53317K(53504K) Class: 9046K(9088K)->9046K(9088K)
[14704.485s][info][gc             ] GC(32105) Pause Young (Allocation Failure) 370M->290M(372M) 2.613ms
[14704.485s][info][gc,cpu         ] GC(32105) User=0.01s Sys=0.00s Real=0.00s
[14704.866s][info][gc,start       ] GC(32106) Pause Young (Allocation Failure)
[14704.868s][info][gc,heap        ] GC(32106) PSYoungGen: 83200K(84480K)->928K(84992K) Eden: 81920K(81920K)->0K(82432K) From: 1280K(2560K)->928K(2560K)
[14704.868s][info][gc,heap        ] GC(32106) ParOldGen: 295696K(296448K)->295744K(296448K)
[14704.868s][info][gc,metaspace   ] GC(32106) Metaspace: 62363K(62592K)->62363K(62592K) NonClass: 53317K(53504K)->53317K(53504K) Class: 9046K(9088K)->9046K(9088K)
[14704.868s][info][gc             ] GC(32106) Pause Young (Allocation Failure) 370M->289M(372M) 2.429ms
[14704.868s][info][gc,cpu         ] GC(32106) User=0.00s Sys=0.00s Real=0.01s
[14705.263s][info][gc,start       ] GC(32107) Pause Young (Allocation Failure)
[14705.265s][info][gc,heap        ] GC(32107) PSYoungGen: 83360K(84992K)->768K(84480K) Eden: 82432K(82432K)->0K(82432K) From: 928K(2560K)->768K(2048K)
[14705.265s][info][gc,heap        ] GC(32107) ParOldGen: 295744K(296448K)->295792K(296448K)
[14705.265s][info][gc,metaspace   ] GC(32107) Metaspace: 62363K(62592K)->62363K(62592K) NonClass: 53317K(53504K)->53317K(53504K) Class: 9046K(9088K)->9046K(9088K)
[14705.265s][info][gc             ] GC(32107) Pause Young (Allocation Failure) 370M->289M(372M) 2.201ms
[14705.265s][info][gc,cpu         ] GC(32107) User=0.01s Sys=0.00s Real=0.00s
[14705.687s][info][gc,start       ] GC(32108) Pause Young (Allocation Failure)
[14705.690s][info][gc,heap        ] GC(32108) PSYoungGen: 83200K(84480K)->2016K(83968K) Eden: 82432K(82432K)->0K(81920K) From: 768K(2048K)->2016K(2048K)
[14705.690s][info][gc,heap        ] GC(32108) ParOldGen: 295792K(296448K)->295992K(296448K)
[14705.690s][info][gc,metaspace   ] GC(32108) Metaspace: 62363K(62592K)->62363K(62592K) NonClass: 53317K(53504K)->53317K(53504K) Class: 9046K(9088K)->9046K(9088K)
[14705.690s][info][gc             ] GC(32108) Pause Young (Allocation Failure) 370M->291M(371M) 2.792ms
[14705.690s][info][gc,cpu         ] GC(32108) User=0.00s Sys=0.00s Real=0.00s
[14706.182s][info][gc,start       ] GC(32109) Pause Young (Allocation Failure)
[14706.185s][info][gc,heap        ] GC(32109) PSYoungGen: 83936K(83968K)->1120K(84480K) Eden: 81920K(81920K)->0K(81920K) From: 2016K(2048K)->1120K(2560K)
[14706.185s][info][gc,heap        ] GC(32109) ParOldGen: 295992K(296448K)->297048K(297984K)
[14706.185s][info][gc,metaspace   ] GC(32109) Metaspace: 62363K(62592K)->62363K(62592K) NonClass: 53317K(53504K)->53317K(53504K) Class: 9046K(9088K)->9046K(9088K)
[14706.185s][info][gc             ] GC(32109) Pause Young (Allocation Failure) 371M->291M(373M) 3.186ms
[14706.185s][info][gc,cpu         ] GC(32109) User=0.00s Sys=0.01s Real=0.00s
[14706.644s][info][gc,start       ] GC(32110) Pause Young (Allocation Failure)
[14706.646s][info][gc,heap        ] GC(32110) PSYoungGen: 83040K(84480K)->544K(84480K) Eden: 81920K(81920K)->0K(81920K) From: 1120K(2560K)->544K(2560K)
[14706.646s][info][gc,heap        ] GC(32110) ParOldGen: 297048K(297984K)->297152K(297984K)
[14706.646s][info][gc,metaspace   ] GC(32110) Metaspace: 62363K(62592K)->62363K(62592K) NonClass: 53317K(53504K)->53317K(53504K) Class: 9046K(9088K)->9046K(9088K)
[14706.647s][info][gc             ] GC(32110) Pause Young (Allocation Failure) 371M->290M(373M) 2.130ms
[14706.647s][info][gc,cpu         ] GC(32110) User=0.00s Sys=0.00s Real=0.01s
[14707.058s][info][gc,start       ] GC(32111) Pause Young (Allocation Failure)
[14707.061s][info][gc,heap        ] GC(32111) PSYoungGen: 82464K(84480K)->800K(84480K) Eden: 81920K(81920K)->0K(81920K) From: 544K(2560K)->800K(2560K)
[14707.061s][info][gc,heap        ] GC(32111) ParOldGen: 297152K(297984K)->297200K(297984K)
[14707.061s][info][gc,metaspace   ] GC(32111) Metaspace: 62363K(62592K)->62363K(62592K) NonClass: 53317K(53504K)->53317K(53504K) Class: 9046K(9088K)->9046K(9088K)
[14707.061s][info][gc             ] GC(32111) Pause Young (Allocation Failure) 370M->291M(373M) 2.254ms
[14707.061s][info][gc,cpu         ] GC(32111) User=0.01s Sys=0.00s Real=0.00s
[14707.504s][info][gc,start       ] GC(32112) Pause Young (Allocation Failure)
[14707.506s][info][gc,heap        ] GC(32112) PSYoungGen: 82720K(84480K)->1152K(84480K) Eden: 81920K(81920K)->0K(81920K) From: 800K(2560K)->1152K(2560K)
[14707.506s][info][gc,heap        ] GC(32112) ParOldGen: 297200K(297984K)->297248K(297984K)
[14707.506s][info][gc,metaspace   ] GC(32112) Metaspace: 62363K(62592K)->62363K(62592K) NonClass: 53317K(53504K)->53317K(53504K) Class: 9046K(9088K)->9046K(9088K)
[14707.506s][info][gc             ] GC(32112) Pause Young (Allocation Failure) 371M->291M(373M) 2.426ms
[14707.506s][info][gc,cpu         ] GC(32112) User=0.00s Sys=0.00s Real=0.01s
[14707.977s][info][gc,start       ] GC(32113) Pause Young (Allocation Failure)
[14707.979s][info][gc,heap        ] GC(32113) PSYoungGen: 83072K(84480K)->1024K(84480K) Eden: 81920K(81920K)->0K(81920K) From: 1152K(2560K)->1024K(2560K)
[14707.979s][info][gc,heap        ] GC(32113) ParOldGen: 297248K(297984K)->297296K(297984K)
[14707.980s][info][gc,metaspace   ] GC(32113) Metaspace: 62363K(62592K)->62363K(62592K) NonClass: 53317K(53504K)->53317K(53504K) Class: 9046K(9088K)->9046K(9088K)
[14707.980s][info][gc             ] GC(32113) Pause Young (Allocation Failure) 371M->291M(373M) 2.437ms
[14707.980s][info][gc,cpu         ] GC(32113) User=0.00s Sys=0.00s Real=0.00s
[14708.423s][info][gc,start       ] GC(32114) Pause Young (Allocation Failure)
[14708.424s][info][gc,heap        ] GC(32114) PSYoungGen: 82944K(84480K)->224K(84992K) Eden: 81920K(81920K)->0K(82944K) From: 1024K(2560K)->224K(2048K)
[14708.424s][info][gc,heap        ] GC(32114) ParOldGen: 297296K(297984K)->297344K(297984K)
[14708.424s][info][gc,metaspace   ] GC(32114) Metaspace: 62363K(62592K)->62363K(62592K) NonClass: 53317K(53504K)->53317K(53504K) Class: 9046K(9088K)->9046K(9088K)
[14708.424s][info][gc             ] GC(32114) Pause Young (Allocation Failure) 371M->290M(374M) 1.822ms
[14708.424s][info][gc,cpu         ] GC(32114) User=0.00s Sys=0.00s Real=0.00s
[14708.869s][info][gc,start       ] GC(32115) Pause Young (Allocation Failure)
[14708.872s][info][gc,heap        ] GC(32115) PSYoungGen: 83168K(84992K)->960K(84992K) Eden: 82944K(82944K)->0K(82944K) From: 224K(2048K)->960K(2048K)
[14708.872s][info][gc,heap        ] GC(32115) ParOldGen: 297344K(297984K)->297392K(297984K)
[14708.872s][info][gc,metaspace   ] GC(32115) Metaspace: 62364K(62592K)->62364K(62592K) NonClass: 53318K(53504K)->53318K(53504K) Class: 9046K(9088K)->9046K(9088K)
[14708.872s][info][gc             ] GC(32115) Pause Young (Allocation Failure) 371M->291M(374M) 2.351ms
[14708.872s][info][gc,cpu         ] GC(32115) User=0.01s Sys=0.00s Real=0.00s
[14709.237s][info][gc,start       ] GC(32116) Pause Young (Allocation Failure)
[14709.239s][info][gc,heap        ] GC(32116) PSYoungGen: 83904K(84992K)->480K(84992K) Eden: 82944K(82944K)->0K(82944K) From: 960K(2048K)->480K(2048K)
[14709.239s][info][gc,heap        ] GC(32116) ParOldGen: 297392K(297984K)->297440K(297984K)
[14709.239s][info][gc,metaspace   ] GC(32116) Metaspace: 62364K(62592K)->62364K(62592K) NonClass: 53318K(53504K)->53318K(53504K) Class: 9046K(9088K)->9046K(9088K)
[14709.239s][info][gc             ] GC(32116) Pause Young (Allocation Failure) 372M->290M(374M) 1.881ms
[14709.239s][info][gc,cpu         ] GC(32116) User=0.00s Sys=0.00s Real=0.00s
[14709.660s][info][gc,start       ] GC(32117) Pause Young (Allocation Failure)
[14709.662s][info][gc,heap        ] GC(32117) PSYoungGen: 83424K(84992K)->736K(84992K) Eden: 82944K(82944K)->0K(82944K) From: 480K(2048K)->736K(2048K)
[14709.662s][info][gc,heap        ] GC(32117) ParOldGen: 297440K(297984K)->297488K(297984K)
[14709.662s][info][gc,metaspace   ] GC(32117) Metaspace: 62364K(62592K)->62364K(62592K) NonClass: 53318K(53504K)->53318K(53504K) Class: 9046K(9088K)->9046K(9088K)
[14709.663s][info][gc             ] GC(32117) Pause Young (Allocation Failure) 371M->291M(374M) 2.170ms
[14709.663s][info][gc,cpu         ] GC(32117) User=0.00s Sys=0.00s Real=0.00s
[14710.076s][info][gc,start       ] GC(32118) Pause Young (Allocation Failure)
[14710.079s][info][gc,heap        ] GC(32118) PSYoungGen: 83680K(84992K)->2016K(83968K) Eden: 82944K(82944K)->0K(81920K) From: 736K(2048K)->2016K(2048K)
[14710.079s][info][gc,heap        ] GC(32118) ParOldGen: 297488K(297984K)->297544K(297984K)
[14710.079s][info][gc,metaspace   ] GC(32118) Metaspace: 62364K(62592K)->62364K(62592K) NonClass: 53318K(53504K)->53318K(53504K) Class: 9046K(9088K)->9046K(9088K)
[14710.079s][info][gc             ] GC(32118) Pause Young (Allocation Failure) 372M->292M(373M) 2.656ms
[14710.079s][info][gc,cpu         ] GC(32118) User=0.01s Sys=0.00s Real=0.00s
[14710.558s][info][gc,start       ] GC(32119) Pause Young (Allocation Failure)
[14710.561s][info][gc,heap        ] GC(32119) PSYoungGen: 83936K(83968K)->704K(84480K) Eden: 81920K(81920K)->0K(81920K) From: 2016K(2048K)->704K(2560K)
[14710.561s][info][gc,heap        ] GC(32119) ParOldGen: 297544K(297984K)->299640K(301056K)
[14710.561s][info][gc,metaspace   ] GC(32119) Metaspace: 62364K(62592K)->62364K(62592K) NonClass: 53318K(53504K)->53318K(53504K) Class: 9046K(9088K)->9046K(9088K)
[14710.561s][info][gc             ] GC(32119) Pause Young (Allocation Failure) 372M->293M(376M) 3.343ms
[14710.561s][info][gc,cpu         ] GC(32119) User=0.00s Sys=0.00s Real=0.00s
[14711.021s][info][gc,start       ] GC(32120) Pause Young (Allocation Failure)
[14711.023s][info][gc,heap        ] GC(32120) PSYoungGen: 82624K(84480K)->1504K(84480K) Eden: 81920K(81920K)->0K(81920K) From: 704K(2560K)->1504K(2560K)
[14711.023s][info][gc,heap        ] GC(32120) ParOldGen: 299640K(301056K)->299688K(301056K)
[14711.023s][info][gc,metaspace   ] GC(32120) Metaspace: 62364K(62592K)->62364K(62592K) NonClass: 53318K(53504K)->53318K(53504K) Class: 9046K(9088K)->9046K(9088K)
[14711.023s][info][gc             ] GC(32120) Pause Young (Allocation Failure) 373M->294M(376M) 2.956ms
[14711.023s][info][gc,cpu         ] GC(32120) User=0.00s Sys=0.00s Real=0.00s
[14711.491s][info][gc,start       ] GC(32121) Pause Young (Allocation Failure)
[14711.494s][info][gc,heap        ] GC(32121) PSYoungGen: 83424K(84480K)->1184K(84480K) Eden: 81920K(81920K)->0K(81920K) From: 1504K(2560K)->1184K(2560K)
[14711.494s][info][gc,heap        ] GC(32121) ParOldGen: 299688K(301056K)->299744K(301056K)
[14711.494s][info][gc,metaspace   ] GC(32121) Metaspace: 62364K(62592K)->62364K(62592K) NonClass: 53318K(53504K)->53318K(53504K) Class: 9046K(9088K)->9046K(9088K)
[14711.494s][info][gc             ] GC(32121) Pause Young (Allocation Failure) 374M->293M(376M) 2.713ms
[14711.494s][info][gc,cpu         ] GC(32121) User=0.00s Sys=0.00s Real=0.00s
[14711.933s][info][gc,start       ] GC(32122) Pause Young (Allocation Failure)
[14711.935s][info][gc,heap        ] GC(32122) PSYoungGen: 83104K(84480K)->384K(84480K) Eden: 81920K(81920K)->0K(81920K) From: 1184K(2560K)->384K(2560K)
[14711.935s][info][gc,heap        ] GC(32122) ParOldGen: 299744K(301056K)->299792K(301056K)
[14711.935s][info][gc,metaspace   ] GC(32122) Metaspace: 62364K(62592K)->62364K(62592K) NonClass: 53318K(53504K)->53318K(53504K) Class: 9046K(9088K)->9046K(9088K)
[14711.935s][info][gc             ] GC(32122) Pause Young (Allocation Failure) 373M->293M(376M) 1.992ms
[14711.935s][info][gc,cpu         ] GC(32122) User=0.00s Sys=0.00s Real=0.00s
[14712.390s][info][gc,start       ] GC(32123) Pause Young (Allocation Failure)
[14712.393s][info][gc,heap        ] GC(32123) PSYoungGen: 82304K(84480K)->1152K(84480K) Eden: 81920K(81920K)->0K(81920K) From: 384K(2560K)->1152K(2560K)
[14712.393s][info][gc,heap        ] GC(32123) ParOldGen: 299792K(301056K)->299840K(301056K)
[14712.393s][info][gc,metaspace   ] GC(32123) Metaspace: 62364K(62592K)->62364K(62592K) NonClass: 53318K(53504K)->53318K(53504K) Class: 9046K(9088K)->9046K(9088K)
[14712.393s][info][gc             ] GC(32123) Pause Young (Allocation Failure) 373M->293M(376M) 2.577ms
[14712.393s][info][gc,cpu         ] GC(32123) User=0.00s Sys=0.00s Real=0.00s
[14712.842s][info][gc,start       ] GC(32124) Pause Young (Allocation Failure)
[14712.844s][info][gc,heap        ] GC(32124) PSYoungGen: 83072K(84480K)->480K(84480K) Eden: 81920K(81920K)->0K(81920K) From: 1152K(2560K)->480K(2560K)
[14712.844s][info][gc,heap        ] GC(32124) ParOldGen: 299840K(301056K)->299896K(301056K)
[14712.844s][info][gc,metaspace   ] GC(32124) Metaspace: 62364K(62592K)->62364K(62592K) NonClass: 53318K(53504K)->53318K(53504K) Class: 9046K(9088K)->9046K(9088K)
[14712.844s][info][gc             ] GC(32124) Pause Young (Allocation Failure) 373M->293M(376M) 1.982ms
[14712.844s][info][gc,cpu         ] GC(32124) User=0.00s Sys=0.00s Real=0.00s
[14713.287s][info][gc,start       ] GC(32125) Pause Young (Allocation Failure)
[14713.290s][info][gc,heap        ] GC(32125) PSYoungGen: 82400K(84480K)->1216K(84480K) Eden: 81920K(81920K)->0K(81920K) From: 480K(2560K)->1216K(2560K)
[14713.290s][info][gc,heap        ] GC(32125) ParOldGen: 299896K(301056K)->299944K(301056K)
[14713.290s][info][gc,metaspace   ] GC(32125) Metaspace: 62364K(62592K)->62364K(62592K) NonClass: 53318K(53504K)->53318K(53504K) Class: 9046K(9088K)->9046K(9088K)
[14713.290s][info][gc             ] GC(32125) Pause Young (Allocation Failure) 373M->294M(376M) 2.687ms
[14713.290s][info][gc,cpu         ] GC(32125) User=0.01s Sys=0.00s Real=0.00s
[14713.781s][info][gc,start       ] GC(32126) Pause Young (Allocation Failure)
[14713.783s][info][gc,heap        ] GC(32126) PSYoungGen: 83136K(84480K)->1072K(84992K) Eden: 81920K(81920K)->0K(82944K) From: 1216K(2560K)->1072K(2048K)
[14713.783s][info][gc,heap        ] GC(32126) ParOldGen: 299944K(301056K)->299992K(301056K)
[14713.783s][info][gc,metaspace   ] GC(32126) Metaspace: 62364K(62592K)->62364K(62592K) NonClass: 53318K(53504K)->53318K(53504K) Class: 9046K(9088K)->9046K(9088K)
[14713.783s][info][gc             ] GC(32126) Pause Young (Allocation Failure) 374M->294M(377M) 2.571ms
[14713.783s][info][gc,cpu         ] GC(32126) User=0.01s Sys=0.00s Real=0.00s
[14714.261s][info][gc,start       ] GC(32127) Pause Young (Allocation Failure)
[14714.263s][info][gc,heap        ] GC(32127) PSYoungGen: 84016K(84992K)->736K(84992K) Eden: 82944K(82944K)->0K(82944K) From: 1072K(2048K)->736K(2048K)
[14714.263s][info][gc,heap        ] GC(32127) ParOldGen: 299992K(301056K)->300088K(301056K)
[14714.263s][info][gc,metaspace   ] GC(32127) Metaspace: 62364K(62592K)->62364K(62592K) NonClass: 53318K(53504K)->53318K(53504K) Class: 9046K(9088K)->9046K(9088K)
[14714.263s][info][gc             ] GC(32127) Pause Young (Allocation Failure) 375M->293M(377M) 2.335ms
[14714.263s][info][gc,cpu         ] GC(32127) User=0.00s Sys=0.00s Real=0.00s
[14714.689s][info][gc,start       ] GC(32128) Pause Young (Allocation Failure)
[14714.692s][info][gc,heap        ] GC(32128) PSYoungGen: 83680K(84992K)->1280K(84992K) Eden: 82944K(82944K)->0K(82944K) From: 736K(2048K)->1280K(2048K)
[14714.692s][info][gc,heap        ] GC(32128) ParOldGen: 300088K(301056K)->300136K(301056K)
[14714.692s][info][gc,metaspace   ] GC(32128) Metaspace: 62364K(62592K)->62364K(62592K) NonClass: 53318K(53504K)->53318K(53504K) Class: 9046K(9088K)->9046K(9088K)
[14714.692s][info][gc             ] GC(32128) Pause Young (Allocation Failure) 374M->294M(377M) 2.660ms
[14714.692s][info][gc,cpu         ] GC(32128) User=0.00s Sys=0.00s Real=0.00s
[14715.156s][info][gc,start       ] GC(32129) Pause Young (Allocation Failure)
[14715.158s][info][gc,heap        ] GC(32129) PSYoungGen: 84224K(84992K)->1696K(84992K) Eden: 82944K(82944K)->0K(82944K) From: 1280K(2048K)->1696K(2048K)
[14715.158s][info][gc,heap        ] GC(32129) ParOldGen: 300136K(301056K)->300184K(301056K)
[14715.158s][info][gc,metaspace   ] GC(32129) Metaspace: 62364K(62592K)->62364K(62592K) NonClass: 53318K(53504K)->53318K(53504K) Class: 9046K(9088K)->9046K(9088K)
[14715.159s][info][gc             ] GC(32129) Pause Young (Allocation Failure) 375M->294M(377M) 2.295ms
[14715.159s][info][gc,cpu         ] GC(32129) User=0.01s Sys=0.00s Real=0.00s
[14715.610s][info][gc,start       ] GC(32130) Pause Young (Allocation Failure)
[14715.614s][info][gc,heap        ] GC(32130) PSYoungGen: 84640K(84992K)->1504K(83968K) Eden: 82944K(82944K)->0K(81920K) From: 1696K(2048K)->1504K(2048K)
[14715.614s][info][gc,heap        ] GC(32130) ParOldGen: 300184K(301056K)->302280K(302592K)
[14715.614s][info][gc,metaspace   ] GC(32130) Metaspace: 62364K(62592K)->62364K(62592K) NonClass: 53318K(53504K)->53318K(53504K) Class: 9046K(9088K)->9046K(9088K)
[14715.614s][info][gc             ] GC(32130) Pause Young (Allocation Failure) 375M->296M(377M) 3.908ms
[14715.614s][info][gc,cpu         ] GC(32130) User=0.01s Sys=0.00s Real=0.00s
[14716.064s][info][gc,start       ] GC(32131) Pause Young (Allocation Failure)
[14716.067s][info][gc,heap        ] GC(32131) PSYoungGen: 83424K(83968K)->800K(84480K) Eden: 81920K(81920K)->0K(81920K) From: 1504K(2048K)->800K(2560K)
[14716.067s][info][gc,heap        ] GC(32131) ParOldGen: 302280K(302592K)->302328K(302592K)
[14716.067s][info][gc,metaspace   ] GC(32131) Metaspace: 62364K(62592K)->62364K(62592K) NonClass: 53318K(53504K)->53318K(53504K) Class: 9046K(9088K)->9046K(9088K)
[14716.067s][info][gc             ] GC(32131) Pause Young (Allocation Failure) 376M->296M(378M) 2.404ms
[14716.067s][info][gc,cpu         ] GC(32131) User=0.00s Sys=0.00s Real=0.01s
[14716.522s][info][gc,start       ] GC(32132) Pause Young (Allocation Failure)
[14716.524s][info][gc,heap        ] GC(32132) PSYoungGen: 82720K(84480K)->192K(84480K) Eden: 81920K(81920K)->0K(81920K) From: 800K(2560K)->192K(2560K)
[14716.524s][info][gc,heap        ] GC(32132) ParOldGen: 302328K(302592K)->302384K(302592K)
[14716.524s][info][gc,metaspace   ] GC(32132) Metaspace: 62364K(62592K)->62364K(62592K) NonClass: 53318K(53504K)->53318K(53504K) Class: 9046K(9088K)->9046K(9088K)
[14716.524s][info][gc             ] GC(32132) Pause Young (Allocation Failure) 376M->295M(378M) 1.874ms
[14716.524s][info][gc,cpu         ] GC(32132) User=0.00s Sys=0.00s Real=0.00s
[14717.015s][info][gc,start       ] GC(32133) Pause Young (Allocation Failure)
[14717.018s][info][gc,heap        ] GC(32133) PSYoungGen: 82112K(84480K)->1376K(84480K) Eden: 81920K(81920K)->0K(81920K) From: 192K(2560K)->1376K(2560K)
[14717.018s][info][gc,heap        ] GC(32133) ParOldGen: 302384K(302592K)->302440K(302592K)
[14717.018s][info][gc,metaspace   ] GC(32133) Metaspace: 62364K(62592K)->62364K(62592K) NonClass: 53318K(53504K)->53318K(53504K) Class: 9046K(9088K)->9046K(9088K)
[14717.018s][info][gc             ] GC(32133) Pause Young (Allocation Failure) 375M->296M(378M) 2.930ms
[14717.018s][info][gc,cpu         ] GC(32133) User=0.00s Sys=0.00s Real=0.01s
[14717.508s][info][gc,start       ] GC(32134) Pause Young (Allocation Failure)
[14717.511s][info][gc,heap        ] GC(32134) PSYoungGen: 83296K(84480K)->1408K(84480K) Eden: 81920K(81920K)->0K(81920K) From: 1376K(2560K)->1408K(2560K)
[14717.511s][info][gc,heap        ] GC(32134) ParOldGen: 302440K(302592K)->302496K(302592K)
[14717.511s][info][gc,metaspace   ] GC(32134) Metaspace: 62364K(62592K)->62364K(62592K) NonClass: 53318K(53504K)->53318K(53504K) Class: 9046K(9088K)->9046K(9088K)
[14717.511s][info][gc             ] GC(32134) Pause Young (Allocation Failure) 376M->296M(378M) 2.962ms
[14717.511s][info][gc,cpu         ] GC(32134) User=0.00s Sys=0.00s Real=0.00s
[14717.993s][info][gc,start       ] GC(32135) Pause Young (Allocation Failure)
[14717.996s][info][gc,heap        ] GC(32135) PSYoungGen: 83328K(84480K)->1152K(84480K) Eden: 81920K(81920K)->0K(81920K) From: 1408K(2560K)->1152K(2560K)
[14717.996s][info][gc,heap        ] GC(32135) ParOldGen: 302496K(302592K)->302552K(302592K)
[14717.996s][info][gc,metaspace   ] GC(32135) Metaspace: 62364K(62592K)->62364K(62592K) NonClass: 53318K(53504K)->53318K(53504K) Class: 9046K(9088K)->9046K(9088K)
[14717.996s][info][gc             ] GC(32135) Pause Young (Allocation Failure) 376M->296M(378M) 2.953ms
[14717.996s][info][gc,cpu         ] GC(32135) User=0.01s Sys=0.00s Real=0.01s
[14718.435s][info][gc,start       ] GC(32136) Pause Young (Allocation Failure)
[14718.437s][info][gc,heap        ] GC(32136) PSYoungGen: 83072K(84480K)->416K(84480K) Eden: 81920K(81920K)->0K(81920K) From: 1152K(2560K)->416K(2560K)
[14718.437s][info][gc,heap        ] GC(32136) ParOldGen: 302552K(302592K)->302600K(303104K)
[14718.437s][info][gc,metaspace   ] GC(32136) Metaspace: 62364K(62592K)->62364K(62592K) NonClass: 53318K(53504K)->53318K(53504K) Class: 9046K(9088K)->9046K(9088K)
[14718.438s][info][gc             ] GC(32136) Pause Young (Allocation Failure) 376M->295M(378M) 2.144ms
[14718.438s][info][gc,cpu         ] GC(32136) User=0.00s Sys=0.00s Real=0.01s
[14718.870s][info][gc,start       ] GC(32137) Pause Young (Allocation Failure)
[14718.873s][info][gc,heap        ] GC(32137) PSYoungGen: 82336K(84480K)->896K(84480K) Eden: 81920K(81920K)->0K(81920K) From: 416K(2560K)->896K(2560K)
[14718.873s][info][gc,heap        ] GC(32137) ParOldGen: 302600K(303104K)->302648K(303104K)
[14718.873s][info][gc,metaspace   ] GC(32137) Metaspace: 62364K(62592K)->62364K(62592K) NonClass: 53318K(53504K)->53318K(53504K) Class: 9046K(9088K)->9046K(9088K)
[14718.873s][info][gc             ] GC(32137) Pause Young (Allocation Failure) 375M->296M(378M) 2.385ms
[14718.873s][info][gc,cpu         ] GC(32137) User=0.00s Sys=0.00s Real=0.00s
[14719.352s][info][gc,start       ] GC(32138) Pause Young (Allocation Failure)
[14719.354s][info][gc,heap        ] GC(32138) PSYoungGen: 82816K(84480K)->608K(84992K) Eden: 81920K(81920K)->0K(82944K) From: 896K(2560K)->608K(2048K)
[14719.354s][info][gc,heap        ] GC(32138) ParOldGen: 302648K(303104K)->302696K(303104K)
[14719.354s][info][gc,metaspace   ] GC(32138) Metaspace: 62364K(62592K)->62364K(62592K) NonClass: 53318K(53504K)->53318K(53504K) Class: 9046K(9088K)->9046K(9088K)
[14719.354s][info][gc             ] GC(32138) Pause Young (Allocation Failure) 376M->296M(379M) 2.191ms
[14719.354s][info][gc,cpu         ] GC(32138) User=0.00s Sys=0.00s Real=0.00s
[14719.774s][info][gc,start       ] GC(32139) Pause Young (Allocation Failure)
[14719.777s][info][gc,heap        ] GC(32139) PSYoungGen: 83552K(84992K)->2016K(84992K) Eden: 82944K(82944K)->0K(82944K) From: 608K(2048K)->2016K(2048K)
[14719.777s][info][gc,heap        ] GC(32139) ParOldGen: 302696K(303104K)->303784K(304640K)
[14719.777s][info][gc,metaspace   ] GC(32139) Metaspace: 62364K(62592K)->62364K(62592K) NonClass: 53318K(53504K)->53318K(53504K) Class: 9046K(9088K)->9046K(9088K)
[14719.777s][info][gc             ] GC(32139) Pause Young (Allocation Failure) 377M->298M(380M) 3.301ms
[14719.777s][info][gc,cpu         ] GC(32139) User=0.00s Sys=0.00s Real=0.01s
[14720.216s][info][gc,start       ] GC(32140) Pause Young (Allocation Failure)
[14720.220s][info][gc,heap        ] GC(32140) PSYoungGen: 84960K(84992K)->1536K(82944K) Eden: 82944K(82944K)->0K(80896K) From: 2016K(2048K)->1536K(2048K)
[14720.220s][info][gc,heap        ] GC(32140) ParOldGen: 303784K(304640K)->305872K(306176K)
[14720.220s][info][gc,metaspace   ] GC(32140) Metaspace: 62364K(62592K)->62364K(62592K) NonClass: 53318K(53504K)->53318K(53504K) Class: 9046K(9088K)->9046K(9088K)
[14720.220s][info][gc             ] GC(32140) Pause Young (Allocation Failure) 379M->300M(380M) 4.120ms
[14720.220s][info][gc,cpu         ] GC(32140) User=0.01s Sys=0.00s Real=0.00s
[14720.710s][info][gc,start       ] GC(32141) Pause Young (Allocation Failure)
[14720.713s][info][gc,heap        ] GC(32141) PSYoungGen: 82432K(82944K)->1344K(83968K) Eden: 80896K(80896K)->0K(80896K) From: 1536K(2048K)->1344K(3072K)
[14720.713s][info][gc,heap        ] GC(32141) ParOldGen: 305872K(306176K)->305928K(306176K)
[14720.713s][info][gc,metaspace   ] GC(32141) Metaspace: 62364K(62592K)->62364K(62592K) NonClass: 53318K(53504K)->53318K(53504K) Class: 9046K(9088K)->9046K(9088K)
[14720.713s][info][gc             ] GC(32141) Pause Young (Allocation Failure) 379M->300M(381M) 2.931ms
[14720.713s][info][gc,cpu         ] GC(32141) User=0.01s Sys=0.00s Real=0.00s
[14721.204s][info][gc,start       ] GC(32142) Pause Young (Allocation Failure)
[14721.207s][info][gc,heap        ] GC(32142) PSYoungGen: 82240K(83968K)->1248K(84480K) Eden: 80896K(80896K)->0K(81408K) From: 1344K(3072K)->1248K(3072K)
[14721.207s][info][gc,heap        ] GC(32142) ParOldGen: 305928K(306176K)->305976K(306176K)
[14721.207s][info][gc,metaspace   ] GC(32142) Metaspace: 62364K(62592K)->62364K(62592K) NonClass: 53318K(53504K)->53318K(53504K) Class: 9046K(9088K)->9046K(9088K)
[14721.207s][info][gc             ] GC(32142) Pause Young (Allocation Failure) 379M->300M(381M) 2.772ms
[14721.207s][info][gc,cpu         ] GC(32142) User=0.01s Sys=0.00s Real=0.01s
[14721.713s][info][gc,start       ] GC(32143) Pause Young (Allocation Failure)
[14721.716s][info][gc,heap        ] GC(32143) PSYoungGen: 82656K(84480K)->1584K(83968K) Eden: 81408K(81408K)->0K(81408K) From: 1248K(3072K)->1584K(2560K)
[14721.716s][info][gc,heap        ] GC(32143) ParOldGen: 305976K(306176K)->306024K(306176K)
[14721.716s][info][gc,metaspace   ] GC(32143) Metaspace: 62364K(62592K)->62364K(62592K) NonClass: 53318K(53504K)->53318K(53504K) Class: 9046K(9088K)->9046K(9088K)
[14721.716s][info][gc             ] GC(32143) Pause Young (Allocation Failure) 379M->300M(381M) 3.181ms
[14721.716s][info][gc,cpu         ] GC(32143) User=0.01s Sys=0.00s Real=0.01s
[14722.167s][info][gc,start       ] GC(32144) Pause Young (Allocation Failure)
[14722.169s][info][gc,heap        ] GC(32144) PSYoungGen: 82992K(83968K)->800K(84480K) Eden: 81408K(81408K)->0K(81920K) From: 1584K(2560K)->800K(2560K)
[14722.169s][info][gc,heap        ] GC(32144) ParOldGen: 306024K(306176K)->306128K(306176K)
[14722.169s][info][gc,metaspace   ] GC(32144) Metaspace: 62364K(62592K)->62364K(62592K) NonClass: 53318K(53504K)->53318K(53504K) Class: 9046K(9088K)->9046K(9088K)
[14722.169s][info][gc             ] GC(32144) Pause Young (Allocation Failure) 379M->299M(381M) 2.473ms
[14722.169s][info][gc,cpu         ] GC(32144) User=0.01s Sys=0.00s Real=0.00s
[14722.646s][info][gc,start       ] GC(32145) Pause Young (Allocation Failure)
[14722.648s][info][gc,heap        ] GC(32145) PSYoungGen: 82720K(84480K)->512K(84480K) Eden: 81920K(81920K)->0K(81920K) From: 800K(2560K)->512K(2560K)
[14722.648s][info][gc,heap        ] GC(32145) ParOldGen: 306128K(306176K)->306176K(306688K)
[14722.648s][info][gc,metaspace   ] GC(32145) Metaspace: 62364K(62592K)->62364K(62592K) NonClass: 53318K(53504K)->53318K(53504K) Class: 9046K(9088K)->9046K(9088K)
[14722.648s][info][gc             ] GC(32145) Pause Young (Allocation Failure) 379M->299M(382M) 2.122ms
[14722.648s][info][gc,cpu         ] GC(32145) User=0.00s Sys=0.00s Real=0.01s
[14723.155s][info][gc,start       ] GC(32146) Pause Young (Allocation Failure)
[14723.157s][info][gc,heap        ] GC(32146) PSYoungGen: 82432K(84480K)->672K(84480K) Eden: 81920K(81920K)->0K(81920K) From: 512K(2560K)->672K(2560K)
[14723.157s][info][gc,heap        ] GC(32146) ParOldGen: 306176K(306688K)->306224K(306688K)
[14723.157s][info][gc,metaspace   ] GC(32146) Metaspace: 62364K(62592K)->62364K(62592K) NonClass: 53318K(53504K)->53318K(53504K) Class: 9046K(9088K)->9046K(9088K)
[14723.157s][info][gc             ] GC(32146) Pause Young (Allocation Failure) 379M->299M(382M) 2.218ms
[14723.157s][info][gc,cpu         ] GC(32146) User=0.01s Sys=0.00s Real=0.01s
[14723.655s][info][gc,start       ] GC(32147) Pause Young (Allocation Failure)
[14723.657s][info][gc,heap        ] GC(32147) PSYoungGen: 82592K(84480K)->576K(84480K) Eden: 81920K(81920K)->0K(81920K) From: 672K(2560K)->576K(2560K)
[14723.657s][info][gc,heap        ] GC(32147) ParOldGen: 306224K(306688K)->306272K(306688K)
[14723.657s][info][gc,metaspace   ] GC(32147) Metaspace: 62364K(62592K)->62364K(62592K) NonClass: 53318K(53504K)->53318K(53504K) Class: 9046K(9088K)->9046K(9088K)
[14723.657s][info][gc             ] GC(32147) Pause Young (Allocation Failure) 379M->299M(382M) 2.281ms
[14723.657s][info][gc,cpu         ] GC(32147) User=0.00s Sys=0.00s Real=0.01s
[14724.159s][info][gc,start       ] GC(32148) Pause Young (Allocation Failure)
[14724.161s][info][gc,heap        ] GC(32148) PSYoungGen: 82496K(84480K)->672K(84480K) Eden: 81920K(81920K)->0K(81920K) From: 576K(2560K)->672K(2560K)
[14724.162s][info][gc,heap        ] GC(32148) ParOldGen: 306272K(306688K)->306320K(306688K)
[14724.162s][info][gc,metaspace   ] GC(32148) Metaspace: 62364K(62592K)->62364K(62592K) NonClass: 53318K(53504K)->53318K(53504K) Class: 9046K(9088K)->9046K(9088K)
[14724.162s][info][gc             ] GC(32148) Pause Young (Allocation Failure) 379M->299M(382M) 2.190ms
[14724.162s][info][gc,cpu         ] GC(32148) User=0.01s Sys=0.00s Real=0.00s
[14724.661s][info][gc,start       ] GC(32149) Pause Young (Allocation Failure)
[14724.663s][info][gc,heap        ] GC(32149) PSYoungGen: 82592K(84480K)->1728K(84480K) Eden: 81920K(81920K)->0K(81920K) From: 672K(2560K)->1728K(2560K)
[14724.663s][info][gc,heap        ] GC(32149) ParOldGen: 306320K(306688K)->306368K(306688K)
[14724.663s][info][gc,metaspace   ] GC(32149) Metaspace: 62364K(62592K)->62364K(62592K) NonClass: 53318K(53504K)->53318K(53504K) Class: 9046K(9088K)->9046K(9088K)
[14724.663s][info][gc             ] GC(32149) Pause Young (Allocation Failure) 379M->300M(382M) 2.395ms
[14724.663s][info][gc,cpu         ] GC(32149) User=0.00s Sys=0.00s Real=0.00s
[14725.168s][info][gc,start       ] GC(32150) Pause Young (Allocation Failure)
[14725.171s][info][gc,heap        ] GC(32150) PSYoungGen: 83648K(84480K)->736K(84480K) Eden: 81920K(81920K)->0K(81920K) From: 1728K(2560K)->736K(2560K)
[14725.171s][info][gc,heap        ] GC(32150) ParOldGen: 306368K(306688K)->308472K(309760K)
[14725.171s][info][gc,metaspace   ] GC(32150) Metaspace: 62364K(62592K)->62364K(62592K) NonClass: 53318K(53504K)->53318K(53504K) Class: 9046K(9088K)->9046K(9088K)
[14725.171s][info][gc             ] GC(32150) Pause Young (Allocation Failure) 380M->301M(385M) 3.555ms
[14725.171s][info][gc,cpu         ] GC(32150) User=0.01s Sys=0.00s Real=0.00s
[14725.671s][info][gc,start       ] GC(32151) Pause Young (Allocation Failure)
[14725.673s][info][gc,heap        ] GC(32151) PSYoungGen: 82656K(84480K)->864K(84480K) Eden: 81920K(81920K)->0K(81920K) From: 736K(2560K)->864K(2560K)
[14725.673s][info][gc,heap        ] GC(32151) ParOldGen: 308472K(309760K)->308520K(309760K)
[14725.673s][info][gc,metaspace   ] GC(32151) Metaspace: 62364K(62592K)->62364K(62592K) NonClass: 53318K(53504K)->53318K(53504K) Class: 9046K(9088K)->9046K(9088K)
[14725.673s][info][gc             ] GC(32151) Pause Young (Allocation Failure) 381M->302M(385M) 2.424ms
[14725.673s][info][gc,cpu         ] GC(32151) User=0.00s Sys=0.00s Real=0.00s
[14726.164s][info][gc,start       ] GC(32152) Pause Young (Allocation Failure)
[14726.166s][info][gc,heap        ] GC(32152) PSYoungGen: 82784K(84480K)->768K(84480K) Eden: 81920K(81920K)->0K(81920K) From: 864K(2560K)->768K(2560K)
[14726.166s][info][gc,heap        ] GC(32152) ParOldGen: 308520K(309760K)->308568K(309760K)
[14726.166s][info][gc,metaspace   ] GC(32152) Metaspace: 62364K(62592K)->62364K(62592K) NonClass: 53318K(53504K)->53318K(53504K) Class: 9046K(9088K)->9046K(9088K)
[14726.166s][info][gc             ] GC(32152) Pause Young (Allocation Failure) 382M->302M(385M) 2.443ms
[14726.166s][info][gc,cpu         ] GC(32152) User=0.00s Sys=0.00s Real=0.01s
[14726.645s][info][gc,start       ] GC(32153) Pause Young (Allocation Failure)
[14726.647s][info][gc,heap        ] GC(32153) PSYoungGen: 82688K(84480K)->576K(84480K) Eden: 81920K(81920K)->0K(81920K) From: 768K(2560K)->576K(2560K)
[14726.647s][info][gc,heap        ] GC(32153) ParOldGen: 308568K(309760K)->308616K(309760K)
[14726.647s][info][gc,metaspace   ] GC(32153) Metaspace: 62364K(62592K)->62364K(62592K) NonClass: 53318K(53504K)->53318K(53504K) Class: 9046K(9088K)->9046K(9088K)
[14726.647s][info][gc             ] GC(32153) Pause Young (Allocation Failure) 382M->301M(385M) 2.133ms
[14726.647s][info][gc,cpu         ] GC(32153) User=0.00s Sys=0.00s Real=0.01s
[14727.106s][info][gc,start       ] GC(32154) Pause Young (Allocation Failure)
[14727.109s][info][gc,heap        ] GC(32154) PSYoungGen: 82496K(84480K)->1376K(84480K) Eden: 81920K(81920K)->0K(81920K) From: 576K(2560K)->1376K(2560K)
[14727.109s][info][gc,heap        ] GC(32154) ParOldGen: 308616K(309760K)->308664K(309760K)
[14727.109s][info][gc,metaspace   ] GC(32154) Metaspace: 62364K(62592K)->62364K(62592K) NonClass: 53318K(53504K)->53318K(53504K) Class: 9046K(9088K)->9046K(9088K)
[14727.109s][info][gc             ] GC(32154) Pause Young (Allocation Failure) 381M->302M(385M) 3.073ms
[14727.109s][info][gc,cpu         ] GC(32154) User=0.01s Sys=0.00s Real=0.00s
[14727.601s][info][gc,start       ] GC(32155) Pause Young (Allocation Failure)
[14727.604s][info][gc,heap        ] GC(32155) PSYoungGen: 83296K(84480K)->1184K(84480K) Eden: 81920K(81920K)->0K(81920K) From: 1376K(2560K)->1184K(2560K)
[14727.604s][info][gc,heap        ] GC(32155) ParOldGen: 308664K(309760K)->308712K(309760K)
[14727.604s][info][gc,metaspace   ] GC(32155) Metaspace: 62364K(62592K)->62364K(62592K) NonClass: 53318K(53504K)->53318K(53504K) Class: 9046K(9088K)->9046K(9088K)
[14727.604s][info][gc             ] GC(32155) Pause Young (Allocation Failure) 382M->302M(385M) 2.738ms
[14727.604s][info][gc,cpu         ] GC(32155) User=0.01s Sys=0.00s Real=0.00s
[14728.067s][info][gc,start       ] GC(32156) Pause Young (Allocation Failure)
[14728.069s][info][gc,heap        ] GC(32156) PSYoungGen: 83104K(84480K)->800K(84992K) Eden: 81920K(81920K)->0K(82432K) From: 1184K(2560K)->800K(2560K)
[14728.069s][info][gc,heap        ] GC(32156) ParOldGen: 308712K(309760K)->308760K(309760K)
[14728.069s][info][gc,metaspace   ] GC(32156) Metaspace: 62364K(62592K)->62364K(62592K) NonClass: 53318K(53504K)->53318K(53504K) Class: 9046K(9088K)->9046K(9088K)
[14728.069s][info][gc             ] GC(32156) Pause Young (Allocation Failure) 382M->302M(385M) 2.400ms
[14728.069s][info][gc,cpu         ] GC(32156) User=0.01s Sys=0.00s Real=0.00s
[14728.579s][info][gc,start       ] GC(32157) Pause Young (Allocation Failure)
[14728.582s][info][gc,heap        ] GC(32157) PSYoungGen: 83232K(84992K)->928K(84480K) Eden: 82432K(82432K)->0K(82432K) From: 800K(2560K)->928K(2048K)
[14728.582s][info][gc,heap        ] GC(32157) ParOldGen: 308760K(309760K)->308808K(309760K)
[14728.582s][info][gc,metaspace   ] GC(32157) Metaspace: 62364K(62592K)->62364K(62592K) NonClass: 53318K(53504K)->53318K(53504K) Class: 9046K(9088K)->9046K(9088K)
[14728.582s][info][gc             ] GC(32157) Pause Young (Allocation Failure) 382M->302M(385M) 2.583ms
[14728.582s][info][gc,cpu         ] GC(32157) User=0.00s Sys=0.00s Real=0.00s
[14729.088s][info][gc,start       ] GC(32158) Pause Young (Allocation Failure)
[14729.091s][info][gc,heap        ] GC(32158) PSYoungGen: 83360K(84480K)->1056K(84992K) Eden: 82432K(82432K)->0K(82944K) From: 928K(2048K)->1056K(2048K)
[14729.091s][info][gc,heap        ] GC(32158) ParOldGen: 308808K(309760K)->308856K(309760K)
[14729.091s][info][gc,metaspace   ] GC(32158) Metaspace: 62364K(62592K)->62364K(62592K) NonClass: 53318K(53504K)->53318K(53504K) Class: 9046K(9088K)->9046K(9088K)
[14729.091s][info][gc             ] GC(32158) Pause Young (Allocation Failure) 382M->302M(385M) 2.854ms
[14729.091s][info][gc,cpu         ] GC(32158) User=0.00s Sys=0.00s Real=0.00s
[14729.604s][info][gc,start       ] GC(32159) Pause Young (Allocation Failure)
[14729.607s][info][gc,heap        ] GC(32159) PSYoungGen: 84000K(84992K)->1248K(84992K) Eden: 82944K(82944K)->0K(82944K) From: 1056K(2048K)->1248K(2048K)
[14729.607s][info][gc,heap        ] GC(32159) ParOldGen: 308856K(309760K)->308904K(309760K)
[14729.607s][info][gc,metaspace   ] GC(32159) Metaspace: 62364K(62592K)->62364K(62592K) NonClass: 53318K(53504K)->53318K(53504K) Class: 9046K(9088K)->9046K(9088K)
[14729.607s][info][gc             ] GC(32159) Pause Young (Allocation Failure) 383M->302M(385M) 2.919ms
[14729.607s][info][gc,cpu         ] GC(32159) User=0.00s Sys=0.00s Real=0.01s
[14730.114s][info][gc,start       ] GC(32160) Pause Young (Allocation Failure)
[14730.118s][info][gc,heap        ] GC(32160) PSYoungGen: 84192K(84992K)->1376K(84992K) Eden: 82944K(82944K)->0K(82944K) From: 1248K(2048K)->1376K(2048K)
[14730.118s][info][gc,heap        ] GC(32160) ParOldGen: 308904K(309760K)->311048K(311296K)
[14730.118s][info][gc,metaspace   ] GC(32160) Metaspace: 62364K(62592K)->62364K(62592K) NonClass: 53318K(53504K)->53318K(53504K) Class: 9046K(9088K)->9046K(9088K)
[14730.118s][info][gc             ] GC(32160) Pause Young (Allocation Failure) 383M->305M(387M) 4.049ms
[14730.118s][info][gc,cpu         ] GC(32160) User=0.01s Sys=0.01s Real=0.01s
[14730.630s][info][gc,start       ] GC(32161) Pause Young (Allocation Failure)
[14730.632s][info][gc,heap        ] GC(32161) PSYoungGen: 84320K(84992K)->288K(84992K) Eden: 82944K(82944K)->0K(82944K) From: 1376K(2048K)->288K(2048K)
[14730.632s][info][gc,heap        ] GC(32161) ParOldGen: 311048K(311296K)->311096K(311296K)
[14730.632s][info][gc,metaspace   ] GC(32161) Metaspace: 62364K(62592K)->62364K(62592K) NonClass: 53318K(53504K)->53318K(53504K) Class: 9046K(9088K)->9046K(9088K)
[14730.632s][info][gc             ] GC(32161) Pause Young (Allocation Failure) 386M->304M(387M) 1.943ms
[14730.632s][info][gc,cpu         ] GC(32161) User=0.00s Sys=0.00s Real=0.00s
[14731.131s][info][gc,start       ] GC(32162) Pause Young (Allocation Failure)
[14731.133s][info][gc,heap        ] GC(32162) PSYoungGen: 83232K(84992K)->320K(84992K) Eden: 82944K(82944K)->0K(82944K) From: 288K(2048K)->320K(2048K)
[14731.133s][info][gc,heap        ] GC(32162) ParOldGen: 311096K(311296K)->311152K(311296K)
[14731.133s][info][gc,metaspace   ] GC(32162) Metaspace: 62364K(62592K)->62364K(62592K) NonClass: 53318K(53504K)->53318K(53504K) Class: 9046K(9088K)->9046K(9088K)
[14731.133s][info][gc             ] GC(32162) Pause Young (Allocation Failure) 385M->304M(387M) 2.042ms
[14731.133s][info][gc,cpu         ] GC(32162) User=0.00s Sys=0.00s Real=0.00s
[14731.613s][info][gc,start       ] GC(32163) Pause Young (Allocation Failure)
[14731.616s][info][gc,heap        ] GC(32163) PSYoungGen: 83264K(84992K)->1376K(84992K) Eden: 82944K(82944K)->0K(82944K) From: 320K(2048K)->1376K(2048K)
[14731.616s][info][gc,heap        ] GC(32163) ParOldGen: 311152K(311296K)->311200K(311296K)
[14731.616s][info][gc,metaspace   ] GC(32163) Metaspace: 62364K(62592K)->62364K(62592K) NonClass: 53318K(53504K)->53318K(53504K) Class: 9046K(9088K)->9046K(9088K)
[14731.616s][info][gc             ] GC(32163) Pause Young (Allocation Failure) 385M->305M(387M) 3.051ms
[14731.616s][info][gc,cpu         ] GC(32163) User=0.01s Sys=0.00s Real=0.01s
[14732.099s][info][gc,start       ] GC(32164) Pause Young (Allocation Failure)
[14732.102s][info][gc,heap        ] GC(32164) PSYoungGen: 84320K(84992K)->1344K(83968K) Eden: 82944K(82944K)->0K(81920K) From: 1376K(2048K)->1344K(2048K)
[14732.102s][info][gc,heap        ] GC(32164) ParOldGen: 311200K(311296K)->311248K(311296K)
[14732.102s][info][gc,metaspace   ] GC(32164) Metaspace: 62364K(62592K)->62364K(62592K) NonClass: 53318K(53504K)->53318K(53504K) Class: 9046K(9088K)->9046K(9088K)
[14732.102s][info][gc             ] GC(32164) Pause Young (Allocation Failure) 386M->305M(386M) 2.832ms
[14732.102s][info][gc,cpu         ] GC(32164) User=0.00s Sys=0.00s Real=0.00s
[14732.549s][info][gc,start       ] GC(32165) Pause Young (Allocation Failure)
[14732.551s][info][gc,heap        ] GC(32165) PSYoungGen: 83264K(83968K)->544K(84480K) Eden: 81920K(81920K)->0K(81920K) From: 1344K(2048K)->544K(2560K)
[14732.551s][info][gc,heap        ] GC(32165) ParOldGen: 311248K(311296K)->311304K(311808K)
[14732.551s][info][gc,metaspace   ] GC(32165) Metaspace: 62364K(62592K)->62364K(62592K) NonClass: 53318K(53504K)->53318K(53504K) Class: 9046K(9088K)->9046K(9088K)
[14732.551s][info][gc             ] GC(32165) Pause Young (Allocation Failure) 385M->304M(387M) 2.240ms
[14732.551s][info][gc,cpu         ] GC(32165) User=0.00s Sys=0.00s Real=0.00s
[14733.020s][info][gc,start       ] GC(32166) Pause Young (Allocation Failure)
[14733.024s][info][gc,heap        ] GC(32166) PSYoungGen: 82464K(84480K)->1440K(83968K) Eden: 81920K(81920K)->0K(81920K) From: 544K(2560K)->1440K(2048K)
[14733.024s][info][gc,heap        ] GC(32166) ParOldGen: 311304K(311808K)->311352K(311808K)
[14733.024s][info][gc,metaspace   ] GC(32166) Metaspace: 62364K(62592K)->62364K(62592K) NonClass: 53318K(53504K)->53318K(53504K) Class: 9046K(9088K)->9046K(9088K)
[14733.024s][info][gc             ] GC(32166) Pause Young (Allocation Failure) 384M->305M(386M) 3.433ms
[14733.024s][info][gc,cpu         ] GC(32166) User=0.01s Sys=0.00s Real=0.00s
[14733.513s][info][gc,start       ] GC(32167) Pause Young (Allocation Failure)
[14733.516s][info][gc,heap        ] GC(32167) PSYoungGen: 83360K(83968K)->1376K(84480K) Eden: 81920K(81920K)->0K(81920K) From: 1440K(2048K)->1376K(2560K)
[14733.516s][info][gc,heap        ] GC(32167) ParOldGen: 311352K(311808K)->311400K(311808K)
[14733.516s][info][gc,metaspace   ] GC(32167) Metaspace: 62364K(62592K)->62364K(62592K) NonClass: 53318K(53504K)->53318K(53504K) Class: 9046K(9088K)->9046K(9088K)
[14733.516s][info][gc             ] GC(32167) Pause Young (Allocation Failure) 385M->305M(387M) 3.173ms
[14733.516s][info][gc,cpu         ] GC(32167) User=0.00s Sys=0.00s Real=0.01s
[14733.987s][info][gc,start       ] GC(32168) Pause Young (Allocation Failure)
[14733.989s][info][gc,heap        ] GC(32168) PSYoungGen: 83296K(84480K)->1056K(84992K) Eden: 81920K(81920K)->0K(82432K) From: 1376K(2560K)->1056K(2560K)
[14733.989s][info][gc,heap        ] GC(32168) ParOldGen: 311400K(311808K)->311456K(311808K)
[14733.989s][info][gc,metaspace   ] GC(32168) Metaspace: 62364K(62592K)->62364K(62592K) NonClass: 53318K(53504K)->53318K(53504K) Class: 9046K(9088K)->9046K(9088K)
[14733.989s][info][gc             ] GC(32168) Pause Young (Allocation Failure) 385M->305M(387M) 2.699ms
[14733.990s][info][gc,cpu         ] GC(32168) User=0.00s Sys=0.00s Real=0.00s
[14734.504s][info][gc,start       ] GC(32169) Pause Young (Allocation Failure)
[14734.506s][info][gc,heap        ] GC(32169) PSYoungGen: 83488K(84992K)->1248K(84480K) Eden: 82432K(82432K)->0K(82432K) From: 1056K(2560K)->1248K(2048K)
[14734.506s][info][gc,heap        ] GC(32169) ParOldGen: 311456K(311808K)->311504K(311808K)
[14734.506s][info][gc,metaspace   ] GC(32169) Metaspace: 62364K(62592K)->62364K(62592K) NonClass: 53318K(53504K)->53318K(53504K) Class: 9046K(9088K)->9046K(9088K)
[14734.506s][info][gc             ] GC(32169) Pause Young (Allocation Failure) 385M->305M(387M) 2.749ms
[14734.506s][info][gc,cpu         ] GC(32169) User=0.01s Sys=0.00s Real=0.01s
[14734.953s][info][gc,start       ] GC(32170) Pause Young (Allocation Failure)
[14734.956s][info][gc,heap        ] GC(32170) PSYoungGen: 83680K(84480K)->1632K(83968K) Eden: 82432K(82432K)->0K(81920K) From: 1248K(2048K)->1632K(2048K)
[14734.956s][info][gc,heap        ] GC(32170) ParOldGen: 311504K(311808K)->312576K(313344K)
[14734.956s][info][gc,metaspace   ] GC(32170) Metaspace: 62364K(62592K)->62364K(62592K) NonClass: 53318K(53504K)->53318K(53504K) Class: 9046K(9088K)->9046K(9088K)
[14734.956s][info][gc             ] GC(32170) Pause Young (Allocation Failure) 385M->306M(388M) 3.097ms
[14734.956s][info][gc,cpu         ] GC(32170) User=0.00s Sys=0.01s Real=0.01s
[14735.386s][info][gc,start       ] GC(32171) Pause Young (Allocation Failure)
[14735.389s][info][gc,heap        ] GC(32171) PSYoungGen: 83552K(83968K)->1184K(84480K) Eden: 81920K(81920K)->0K(81920K) From: 1632K(2048K)->1184K(2560K)
[14735.389s][info][gc,heap        ] GC(32171) ParOldGen: 312576K(313344K)->314680K(314880K)
[14735.389s][info][gc,metaspace   ] GC(32171) Metaspace: 62364K(62592K)->62364K(62592K) NonClass: 53318K(53504K)->53318K(53504K) Class: 9046K(9088K)->9046K(9088K)
[14735.389s][info][gc             ] GC(32171) Pause Young (Allocation Failure) 386M->308M(390M) 3.855ms
[14735.389s][info][gc,cpu         ] GC(32171) User=0.01s Sys=0.00s Real=0.01s
[14735.904s][info][gc,start       ] GC(32172) Pause Young (Allocation Failure)
[14735.907s][info][gc,heap        ] GC(32172) PSYoungGen: 83104K(84480K)->1344K(84992K) Eden: 81920K(81920K)->0K(82432K) From: 1184K(2560K)->1344K(2560K)
[14735.907s][info][gc,heap        ] GC(32172) ParOldGen: 314680K(314880K)->314728K(314880K)
[14735.907s][info][gc,metaspace   ] GC(32172) Metaspace: 62364K(62592K)->62364K(62592K) NonClass: 53318K(53504K)->53318K(53504K) Class: 9046K(9088K)->9046K(9088K)
[14735.907s][info][gc             ] GC(32172) Pause Young (Allocation Failure) 388M->308M(390M) 2.811ms
[14735.907s][info][gc,cpu         ] GC(32172) User=0.00s Sys=0.00s Real=0.01s
[14736.398s][info][gc,start       ] GC(32173) Pause Young (Allocation Failure)
[14736.400s][info][gc,heap        ] GC(32173) PSYoungGen: 83776K(84992K)->1184K(84480K) Eden: 82432K(82432K)->0K(82432K) From: 1344K(2560K)->1184K(2048K)
[14736.400s][info][gc,heap        ] GC(32173) ParOldGen: 314728K(314880K)->314776K(314880K)
[14736.400s][info][gc,metaspace   ] GC(32173) Metaspace: 62364K(62592K)->62364K(62592K) NonClass: 53318K(53504K)->53318K(53504K) Class: 9046K(9088K)->9046K(9088K)
[14736.400s][info][gc             ] GC(32173) Pause Young (Allocation Failure) 389M->308M(390M) 2.680ms
[14736.400s][info][gc,cpu         ] GC(32173) User=0.01s Sys=0.00s Real=0.00s
[14736.880s][info][gc,start       ] GC(32174) Pause Young (Allocation Failure)
[14736.883s][info][gc,heap        ] GC(32174) PSYoungGen: 83616K(84480K)->1024K(84992K) Eden: 82432K(82432K)->0K(82944K) From: 1184K(2048K)->1024K(2048K)
[14736.883s][info][gc,heap        ] GC(32174) ParOldGen: 314776K(314880K)->314824K(314880K)
[14736.883s][info][gc,metaspace   ] GC(32174) Metaspace: 62364K(62592K)->62364K(62592K) NonClass: 53318K(53504K)->53318K(53504K) Class: 9046K(9088K)->9046K(9088K)
[14736.883s][info][gc             ] GC(32174) Pause Young (Allocation Failure) 389M->308M(390M) 2.653ms
[14736.883s][info][gc,cpu         ] GC(32174) User=0.01s Sys=0.00s Real=0.00s
[14737.359s][info][gc,start       ] GC(32175) Pause Young (Allocation Failure)
[14737.362s][info][gc,heap        ] GC(32175) PSYoungGen: 83968K(84992K)->864K(84992K) Eden: 82944K(82944K)->0K(82944K) From: 1024K(2048K)->864K(2048K)
[14737.362s][info][gc,heap        ] GC(32175) ParOldGen: 314824K(314880K)->314944K(315392K)
[14737.362s][info][gc,metaspace   ] GC(32175) Metaspace: 62364K(62592K)->62364K(62592K) NonClass: 53318K(53504K)->53318K(53504K) Class: 9046K(9088K)->9046K(9088K)
[14737.362s][info][gc             ] GC(32175) Pause Young (Allocation Failure) 389M->308M(391M) 2.579ms
[14737.362s][info][gc,cpu         ] GC(32175) User=0.00s Sys=0.00s Real=0.00s
[14737.872s][info][gc,start       ] GC(32176) Pause Young (Allocation Failure)
[14737.874s][info][gc,heap        ] GC(32176) PSYoungGen: 83808K(84992K)->1040K(84992K) Eden: 82944K(82944K)->0K(82944K) From: 864K(2048K)->1040K(2048K)
[14737.874s][info][gc,heap        ] GC(32176) ParOldGen: 314944K(315392K)->315136K(315392K)
[14737.874s][info][gc,metaspace   ] GC(32176) Metaspace: 62364K(62592K)->62364K(62592K) NonClass: 53318K(53504K)->53318K(53504K) Class: 9046K(9088K)->9046K(9088K)
[14737.874s][info][gc             ] GC(32176) Pause Young (Allocation Failure) 389M->308M(391M) 2.793ms
[14737.874s][info][gc,cpu         ] GC(32176) User=0.00s Sys=0.00s Real=0.00s
[14738.302s][info][gc,start       ] GC(32177) Pause Young (Allocation Failure)
[14738.305s][info][gc,heap        ] GC(32177) PSYoungGen: 83984K(84992K)->1504K(84992K) Eden: 82944K(82944K)->0K(82944K) From: 1040K(2048K)->1504K(2048K)
[14738.305s][info][gc,heap        ] GC(32177) ParOldGen: 315136K(315392K)->315240K(315392K)
[14738.305s][info][gc,metaspace   ] GC(32177) Metaspace: 62364K(62592K)->62364K(62592K) NonClass: 53318K(53504K)->53318K(53504K) Class: 9046K(9088K)->9046K(9088K)
[14738.305s][info][gc             ] GC(32177) Pause Young (Allocation Failure) 389M->309M(391M) 3.026ms
[14738.305s][info][gc,cpu         ] GC(32177) User=0.00s Sys=0.00s Real=0.00s
[14738.709s][info][gc,start       ] GC(32178) Pause Young (Allocation Failure)
[14738.712s][info][gc,heap        ] GC(32178) PSYoungGen: 84448K(84992K)->1312K(84992K) Eden: 82944K(82944K)->0K(82944K) From: 1504K(2048K)->1312K(2048K)
[14738.712s][info][gc,heap        ] GC(32178) ParOldGen: 315240K(315392K)->315288K(315392K)
[14738.712s][info][gc,metaspace   ] GC(32178) Metaspace: 62364K(62592K)->62364K(62592K) NonClass: 53318K(53504K)->53318K(53504K) Class: 9046K(9088K)->9046K(9088K)
[14738.712s][info][gc             ] GC(32178) Pause Young (Allocation Failure) 390M->309M(391M) 2.836ms
[14738.712s][info][gc,cpu         ] GC(32178) User=0.00s Sys=0.00s Real=0.00s
[14739.170s][info][gc,start       ] GC(32179) Pause Young (Allocation Failure)
[14739.172s][info][gc,heap        ] GC(32179) PSYoungGen: 84256K(84992K)->896K(84992K) Eden: 82944K(82944K)->0K(82944K) From: 1312K(2048K)->896K(2048K)
[14739.173s][info][gc,heap        ] GC(32179) ParOldGen: 315288K(315392K)->315336K(315392K)
[14739.173s][info][gc,metaspace   ] GC(32179) Metaspace: 62364K(62592K)->62364K(62592K) NonClass: 53318K(53504K)->53318K(53504K) Class: 9046K(9088K)->9046K(9088K)
[14739.173s][info][gc             ] GC(32179) Pause Young (Allocation Failure) 390M->308M(391M) 2.561ms
[14739.173s][info][gc,cpu         ] GC(32179) User=0.00s Sys=0.00s Real=0.00s
[14739.632s][info][gc,start       ] GC(32180) Pause Young (Allocation Failure)
[14739.634s][info][gc,heap        ] GC(32180) PSYoungGen: 83840K(84992K)->352K(84992K) Eden: 82944K(82944K)->0K(82944K) From: 896K(2048K)->352K(2048K)
[14739.634s][info][gc,heap        ] GC(32180) ParOldGen: 315336K(315392K)->315384K(315392K)
[14739.634s][info][gc,metaspace   ] GC(32180) Metaspace: 62364K(62592K)->62364K(62592K) NonClass: 53318K(53504K)->53318K(53504K) Class: 9046K(9088K)->9046K(9088K)
[14739.634s][info][gc             ] GC(32180) Pause Young (Allocation Failure) 389M->308M(391M) 2.068ms
[14739.634s][info][gc,cpu         ] GC(32180) User=0.00s Sys=0.00s Real=0.00s
[14740.078s][info][gc,start       ] GC(32181) Pause Young (Allocation Failure)
[14740.081s][info][gc,heap        ] GC(32181) PSYoungGen: 83296K(84992K)->2016K(84992K) Eden: 82944K(82944K)->0K(82944K) From: 352K(2048K)->2016K(2048K)
[14740.081s][info][gc,heap        ] GC(32181) ParOldGen: 315384K(315392K)->315448K(315904K)
[14740.081s][info][gc,metaspace   ] GC(32181) Metaspace: 62364K(62592K)->62364K(62592K) NonClass: 53318K(53504K)->53318K(53504K) Class: 9046K(9088K)->9046K(9088K)
[14740.081s][info][gc             ] GC(32181) Pause Young (Allocation Failure) 389M->310M(391M) 2.739ms
[14740.081s][info][gc,cpu         ] GC(32181) User=0.01s Sys=0.00s Real=0.00s
[14740.550s][info][gc,start       ] GC(32182) Pause Young (Allocation Failure)
[14740.554s][info][gc,heap        ] GC(32182) PSYoungGen: 84960K(84992K)->576K(83968K) Eden: 82944K(82944K)->0K(81920K) From: 2016K(2048K)->576K(2048K)
[14740.554s][info][gc,heap        ] GC(32182) ParOldGen: 315448K(315904K)->317544K(318976K)
[14740.554s][info][gc,metaspace   ] GC(32182) Metaspace: 62364K(62592K)->62364K(62592K) NonClass: 53318K(53504K)->53318K(53504K) Class: 9046K(9088K)->9046K(9088K)
[14740.554s][info][gc             ] GC(32182) Pause Young (Allocation Failure) 391M->310M(393M) 3.310ms
[14740.554s][info][gc,cpu         ] GC(32182) User=0.01s Sys=0.00s Real=0.00s
[14741.032s][info][gc,start       ] GC(32183) Pause Young (Allocation Failure)
[14741.034s][info][gc,heap        ] GC(32183) PSYoungGen: 82496K(83968K)->320K(84480K) Eden: 81920K(81920K)->0K(81920K) From: 576K(2048K)->320K(2560K)
[14741.034s][info][gc,heap        ] GC(32183) ParOldGen: 317544K(318976K)->317592K(318976K)
[14741.034s][info][gc,metaspace   ] GC(32183) Metaspace: 62364K(62592K)->62364K(62592K) NonClass: 53318K(53504K)->53318K(53504K) Class: 9046K(9088K)->9046K(9088K)
[14741.034s][info][gc             ] GC(32183) Pause Young (Allocation Failure) 390M->310M(394M) 2.131ms
[14741.034s][info][gc,cpu         ] GC(32183) User=0.00s Sys=0.00s Real=0.00s
[14741.526s][info][gc,start       ] GC(32184) Pause Young (Allocation Failure)
[14741.528s][info][gc,heap        ] GC(32184) PSYoungGen: 82240K(84480K)->256K(84480K) Eden: 81920K(81920K)->0K(81920K) From: 320K(2560K)->256K(2560K)
[14741.528s][info][gc,heap        ] GC(32184) ParOldGen: 317592K(318976K)->317648K(318976K)
[14741.528s][info][gc,metaspace   ] GC(32184) Metaspace: 62364K(62592K)->62364K(62592K) NonClass: 53318K(53504K)->53318K(53504K) Class: 9046K(9088K)->9046K(9088K)
[14741.528s][info][gc             ] GC(32184) Pause Young (Allocation Failure) 390M->310M(394M) 2.108ms
[14741.528s][info][gc,cpu         ] GC(32184) User=0.00s Sys=0.00s Real=0.00s
[14742.011s][info][gc,start       ] GC(32185) Pause Young (Allocation Failure)
[14742.014s][info][gc,heap        ] GC(32185) PSYoungGen: 82176K(84480K)->1472K(84480K) Eden: 81920K(81920K)->0K(81920K) From: 256K(2560K)->1472K(2560K)
[14742.014s][info][gc,heap        ] GC(32185) ParOldGen: 317648K(318976K)->317696K(318976K)
[14742.014s][info][gc,metaspace   ] GC(32185) Metaspace: 62364K(62592K)->62364K(62592K) NonClass: 53318K(53504K)->53318K(53504K) Class: 9046K(9088K)->9046K(9088K)
[14742.014s][info][gc             ] GC(32185) Pause Young (Allocation Failure) 390M->311M(394M) 3.145ms
[14742.014s][info][gc,cpu         ] GC(32185) User=0.01s Sys=0.00s Real=0.00s
[14742.479s][info][gc,start       ] GC(32186) Pause Young (Allocation Failure)
[14742.481s][info][gc,heap        ] GC(32186) PSYoungGen: 83392K(84480K)->960K(84480K) Eden: 81920K(81920K)->0K(81920K) From: 1472K(2560K)->960K(2560K)
[14742.481s][info][gc,heap        ] GC(32186) ParOldGen: 317696K(318976K)->317744K(318976K)
[14742.481s][info][gc,metaspace   ] GC(32186) Metaspace: 62364K(62592K)->62364K(62592K) NonClass: 53318K(53504K)->53318K(53504K) Class: 9046K(9088K)->9046K(9088K)
[14742.481s][info][gc             ] GC(32186) Pause Young (Allocation Failure) 391M->311M(394M) 2.724ms
[14742.481s][info][gc,cpu         ] GC(32186) User=0.01s Sys=0.00s Real=0.00s
[14742.965s][info][gc,start       ] GC(32187) Pause Young (Allocation Failure)
[14742.967s][info][gc,heap        ] GC(32187) PSYoungGen: 82880K(84480K)->768K(84480K) Eden: 81920K(81920K)->0K(81920K) From: 960K(2560K)->768K(2560K)
[14742.967s][info][gc,heap        ] GC(32187) ParOldGen: 317744K(318976K)->317792K(318976K)
[14742.967s][info][gc,metaspace   ] GC(32187) Metaspace: 62364K(62592K)->62364K(62592K) NonClass: 53318K(53504K)->53318K(53504K) Class: 9046K(9088K)->9046K(9088K)
[14742.967s][info][gc             ] GC(32187) Pause Young (Allocation Failure) 391M->311M(394M) 2.392ms
[14742.967s][info][gc,cpu         ] GC(32187) User=0.01s Sys=0.00s Real=0.01s
[14743.454s][info][gc,start       ] GC(32188) Pause Young (Allocation Failure)
[14743.457s][info][gc,heap        ] GC(32188) PSYoungGen: 82688K(84480K)->640K(84992K) Eden: 81920K(81920K)->0K(82432K) From: 768K(2560K)->640K(2560K)
[14743.457s][info][gc,heap        ] GC(32188) ParOldGen: 317792K(318976K)->317848K(318976K)
[14743.457s][info][gc,metaspace   ] GC(32188) Metaspace: 62364K(62592K)->62364K(62592K) NonClass: 53318K(53504K)->53318K(53504K) Class: 9046K(9088K)->9046K(9088K)
[14743.457s][info][gc             ] GC(32188) Pause Young (Allocation Failure) 391M->311M(394M) 2.402ms
[14743.457s][info][gc,cpu         ] GC(32188) User=0.00s Sys=0.00s Real=0.01s
[14743.957s][info][gc,start       ] GC(32189) Pause Young (Allocation Failure)
[14743.959s][info][gc,heap        ] GC(32189) PSYoungGen: 83072K(84992K)->672K(84480K) Eden: 82432K(82432K)->0K(82432K) From: 640K(2560K)->672K(2048K)
[14743.959s][info][gc,heap        ] GC(32189) ParOldGen: 317848K(318976K)->317896K(318976K)
[14743.959s][info][gc,metaspace   ] GC(32189) Metaspace: 62364K(62592K)->62364K(62592K) NonClass: 53318K(53504K)->53318K(53504K) Class: 9046K(9088K)->9046K(9088K)
[14743.959s][info][gc             ] GC(32189) Pause Young (Allocation Failure) 391M->311M(394M) 2.407ms
[14743.959s][info][gc,cpu         ] GC(32189) User=0.01s Sys=0.00s Real=0.00s
[14744.424s][info][gc,start       ] GC(32190) Pause Young (Allocation Failure)
[14744.426s][info][gc,heap        ] GC(32190) PSYoungGen: 83104K(84480K)->224K(84992K) Eden: 82432K(82432K)->0K(82944K) From: 672K(2048K)->224K(2048K)
[14744.426s][info][gc,heap        ] GC(32190) ParOldGen: 317896K(318976K)->317944K(318976K)
[14744.426s][info][gc,metaspace   ] GC(32190) Metaspace: 62364K(62592K)->62364K(62592K) NonClass: 53318K(53504K)->53318K(53504K) Class: 9046K(9088K)->9046K(9088K)
[14744.426s][info][gc             ] GC(32190) Pause Young (Allocation Failure) 391M->310M(394M) 2.040ms
[14744.426s][info][gc,cpu         ] GC(32190) User=0.01s Sys=0.00s Real=0.01s
[14744.884s][info][gc,start       ] GC(32191) Pause Young (Allocation Failure)
[14744.887s][info][gc,heap        ] GC(32191) PSYoungGen: 83168K(84992K)->2016K(84992K) Eden: 82944K(82944K)->0K(82944K) From: 224K(2048K)->2016K(2048K)
[14744.887s][info][gc,heap        ] GC(32191) ParOldGen: 317944K(318976K)->319128K(319488K)
[14744.887s][info][gc,metaspace   ] GC(32191) Metaspace: 62364K(62592K)->62364K(62592K) NonClass: 53318K(53504K)->53318K(53504K) Class: 9046K(9088K)->9046K(9088K)
[14744.887s][info][gc             ] GC(32191) Pause Young (Allocation Failure) 391M->313M(395M) 3.552ms
[14744.887s][info][gc,cpu         ] GC(32191) User=0.00s Sys=0.00s Real=0.01s
[14745.397s][info][gc,start       ] GC(32192) Pause Young (Allocation Failure)
[14745.400s][info][gc,heap        ] GC(32192) PSYoungGen: 84960K(84992K)->640K(82944K) Eden: 82944K(82944K)->0K(80896K) From: 2016K(2048K)->640K(2048K)
[14745.400s][info][gc,heap        ] GC(32192) ParOldGen: 319128K(319488K)->321200K(322560K)
[14745.400s][info][gc,metaspace   ] GC(32192) Metaspace: 62364K(62592K)->62364K(62592K) NonClass: 53318K(53504K)->53318K(53504K) Class: 9046K(9088K)->9046K(9088K)
[14745.400s][info][gc             ] GC(32192) Pause Young (Allocation Failure) 394M->314M(396M) 3.456ms
[14745.400s][info][gc,cpu         ] GC(32192) User=0.00s Sys=0.01s Real=0.00s
[14745.841s][info][gc,start       ] GC(32193) Pause Young (Allocation Failure)
[14745.844s][info][gc,heap        ] GC(32193) PSYoungGen: 81536K(82944K)->448K(83968K) Eden: 80896K(80896K)->0K(80896K) From: 640K(2048K)->448K(3072K)
[14745.844s][info][gc,heap        ] GC(32193) ParOldGen: 321200K(322560K)->321304K(322560K)
[14745.844s][info][gc,metaspace   ] GC(32193) Metaspace: 62364K(62592K)->62364K(62592K) NonClass: 53318K(53504K)->53318K(53504K) Class: 9046K(9088K)->9046K(9088K)
[14745.844s][info][gc             ] GC(32193) Pause Young (Allocation Failure) 393M->314M(397M) 2.290ms
[14745.844s][info][gc,cpu         ] GC(32193) User=0.00s Sys=0.00s Real=0.00s
[14746.338s][info][gc,start       ] GC(32194) Pause Young (Allocation Failure)
[14746.340s][info][gc,heap        ] GC(32194) PSYoungGen: 81344K(83968K)->384K(84480K) Eden: 80896K(80896K)->0K(81408K) From: 448K(3072K)->384K(3072K)
[14746.340s][info][gc,heap        ] GC(32194) ParOldGen: 321304K(322560K)->321360K(322560K)
[14746.340s][info][gc,metaspace   ] GC(32194) Metaspace: 62364K(62592K)->62364K(62592K) NonClass: 53318K(53504K)->53318K(53504K) Class: 9046K(9088K)->9046K(9088K)
[14746.340s][info][gc             ] GC(32194) Pause Young (Allocation Failure) 393M->314M(397M) 2.170ms
[14746.340s][info][gc,cpu         ] GC(32194) User=0.00s Sys=0.00s Real=0.00s
[14746.776s][info][gc,start       ] GC(32195) Pause Young (Allocation Failure)
[14746.778s][info][gc,heap        ] GC(32195) PSYoungGen: 81792K(84480K)->992K(83968K) Eden: 81408K(81408K)->0K(81408K) From: 384K(3072K)->992K(2560K)
[14746.778s][info][gc,heap        ] GC(32195) ParOldGen: 321360K(322560K)->321416K(322560K)
[14746.778s][info][gc,metaspace   ] GC(32195) Metaspace: 62364K(62592K)->62364K(62592K) NonClass: 53318K(53504K)->53318K(53504K) Class: 9046K(9088K)->9046K(9088K)
[14746.778s][info][gc             ] GC(32195) Pause Young (Allocation Failure) 393M->314M(397M) 2.563ms
[14746.778s][info][gc,cpu         ] GC(32195) User=0.01s Sys=0.00s Real=0.01s
[14747.315s][info][gc,start       ] GC(32196) Pause Young (Allocation Failure)
[14747.317s][info][gc,heap        ] GC(32196) PSYoungGen: 82400K(83968K)->1280K(84480K) Eden: 81408K(81408K)->0K(81920K) From: 992K(2560K)->1280K(2560K)
[14747.317s][info][gc,heap        ] GC(32196) ParOldGen: 321416K(322560K)->321464K(322560K)
[14747.317s][info][gc,metaspace   ] GC(32196) Metaspace: 62364K(62592K)->62364K(62592K) NonClass: 53318K(53504K)->53318K(53504K) Class: 9046K(9088K)->9046K(9088K)
[14747.317s][info][gc             ] GC(32196) Pause Young (Allocation Failure) 394M->315M(397M) 2.866ms
[14747.317s][info][gc,cpu         ] GC(32196) User=0.00s Sys=0.00s Real=0.01s
[14747.806s][info][gc,start       ] GC(32197) Pause Young (Allocation Failure)
[14747.809s][info][gc,heap        ] GC(32197) PSYoungGen: 83200K(84480K)->1312K(84480K) Eden: 81920K(81920K)->0K(81920K) From: 1280K(2560K)->1312K(2560K)
[14747.809s][info][gc,heap        ] GC(32197) ParOldGen: 321464K(322560K)->321520K(322560K)
[14747.809s][info][gc,metaspace   ] GC(32197) Metaspace: 62364K(62592K)->62364K(62592K) NonClass: 53318K(53504K)->53318K(53504K) Class: 9046K(9088K)->9046K(9088K)
[14747.809s][info][gc             ] GC(32197) Pause Young (Allocation Failure) 395M->315M(397M) 3.016ms
[14747.809s][info][gc,cpu         ] GC(32197) User=0.01s Sys=0.00s Real=0.00s
[14748.274s][info][gc,start       ] GC(32198) Pause Young (Allocation Failure)
[14748.277s][info][gc,heap        ] GC(32198) PSYoungGen: 83232K(84480K)->960K(84480K) Eden: 81920K(81920K)->0K(81920K) From: 1312K(2560K)->960K(2560K)
[14748.277s][info][gc,heap        ] GC(32198) ParOldGen: 321520K(322560K)->321576K(322560K)
[14748.277s][info][gc,metaspace   ] GC(32198) Metaspace: 62364K(62592K)->62364K(62592K) NonClass: 53318K(53504K)->53318K(53504K) Class: 9046K(9088K)->9046K(9088K)
[14748.277s][info][gc             ] GC(32198) Pause Young (Allocation Failure) 395M->314M(397M) 2.595ms
[14748.277s][info][gc,cpu         ] GC(32198) User=0.00s Sys=0.00s Real=0.01s
[14748.729s][info][gc,start       ] GC(32199) Pause Young (Allocation Failure)
[14748.731s][info][gc,heap        ] GC(32199) PSYoungGen: 82880K(84480K)->320K(84480K) Eden: 81920K(81920K)->0K(81920K) From: 960K(2560K)->320K(2560K)
[14748.731s][info][gc,heap        ] GC(32199) ParOldGen: 321576K(322560K)->321624K(322560K)
[14748.731s][info][gc,metaspace   ] GC(32199) Metaspace: 62364K(62592K)->62364K(62592K) NonClass: 53318K(53504K)->53318K(53504K) Class: 9046K(9088K)->9046K(9088K)
[14748.731s][info][gc             ] GC(32199) Pause Young (Allocation Failure) 394M->314M(397M) 2.041ms
[14748.731s][info][gc,cpu         ] GC(32199) User=0.01s Sys=0.00s Real=0.00s
[14749.156s][info][gc,start       ] GC(32200) Pause Young (Allocation Failure)
[14749.158s][info][gc,heap        ] GC(32200) PSYoungGen: 82240K(84480K)->736K(84480K) Eden: 81920K(81920K)->0K(81920K) From: 320K(2560K)->736K(2560K)
[14749.158s][info][gc,heap        ] GC(32200) ParOldGen: 321624K(322560K)->321672K(322560K)
[14749.158s][info][gc,metaspace   ] GC(32200) Metaspace: 62364K(62592K)->62364K(62592K) NonClass: 53318K(53504K)->53318K(53504K) Class: 9046K(9088K)->9046K(9088K)
[14749.158s][info][gc             ] GC(32200) Pause Young (Allocation Failure) 394M->314M(397M) 2.332ms
[14749.158s][info][gc,cpu         ] GC(32200) User=0.00s Sys=0.00s Real=0.01s
[14749.609s][info][gc,start       ] GC(32201) Pause Young (Allocation Failure)
[14749.612s][info][gc,heap        ] GC(32201) PSYoungGen: 82656K(84480K)->1536K(84480K) Eden: 81920K(81920K)->0K(81920K) From: 736K(2560K)->1536K(2560K)
[14749.612s][info][gc,heap        ] GC(32201) ParOldGen: 321672K(322560K)->321728K(322560K)
[14749.612s][info][gc,metaspace   ] GC(32201) Metaspace: 62364K(62592K)->62364K(62592K) NonClass: 53318K(53504K)->53318K(53504K) Class: 9046K(9088K)->9046K(9088K)
[14749.612s][info][gc             ] GC(32201) Pause Young (Allocation Failure) 394M->315M(397M) 3.206ms
[14749.612s][info][gc,cpu         ] GC(32201) User=0.00s Sys=0.00s Real=0.00s
[14750.000s][info][gc,start       ] GC(32202) Pause Young (Allocation Failure)
[14750.003s][info][gc,heap        ] GC(32202) PSYoungGen: 83456K(84480K)->2400K(83456K) Eden: 81920K(81920K)->0K(80896K) From: 1536K(2560K)->2400K(2560K)
[14750.003s][info][gc,heap        ] GC(32202) ParOldGen: 321728K(322560K)->321776K(322560K)
[14750.003s][info][gc,metaspace   ] GC(32202) Metaspace: 62364K(62592K)->62364K(62592K) NonClass: 53318K(53504K)->53318K(53504K) Class: 9046K(9088K)->9046K(9088K)
[14750.003s][info][gc             ] GC(32202) Pause Young (Allocation Failure) 395M->316M(396M) 3.018ms
[14750.003s][info][gc,cpu         ] GC(32202) User=0.01s Sys=0.00s Real=0.00s
[14750.431s][info][gc,start       ] GC(32203) Pause Young (Allocation Failure)
[14750.435s][info][gc,heap        ] GC(32203) PSYoungGen: 83296K(83456K)->352K(83968K) Eden: 80896K(80896K)->0K(80896K) From: 2400K(2560K)->352K(3072K)
[14750.435s][info][gc,heap        ] GC(32203) ParOldGen: 321776K(322560K)->323872K(324096K)
[14750.435s][info][gc,metaspace   ] GC(32203) Metaspace: 62364K(62592K)->62364K(62592K) NonClass: 53318K(53504K)->53318K(53504K) Class: 9046K(9088K)->9046K(9088K)
[14750.435s][info][gc             ] GC(32203) Pause Young (Allocation Failure) 395M->316M(398M) 3.255ms
[14750.435s][info][gc,cpu         ] GC(32203) User=0.00s Sys=0.01s Real=0.00s
[14750.853s][info][gc,start       ] GC(32204) Pause Young (Allocation Failure)
[14750.855s][info][gc,heap        ] GC(32204) PSYoungGen: 81248K(83968K)->704K(84480K) Eden: 80896K(80896K)->0K(81408K) From: 352K(3072K)->704K(3072K)
[14750.855s][info][gc,heap        ] GC(32204) ParOldGen: 323872K(324096K)->323928K(324096K)
[14750.855s][info][gc,metaspace   ] GC(32204) Metaspace: 62364K(62592K)->62364K(62592K) NonClass: 53318K(53504K)->53318K(53504K) Class: 9046K(9088K)->9046K(9088K)
[14750.856s][info][gc             ] GC(32204) Pause Young (Allocation Failure) 395M->317M(399M) 2.286ms
[14750.856s][info][gc,cpu         ] GC(32204) User=0.01s Sys=0.00s Real=0.00s
[14751.306s][info][gc,start       ] GC(32205) Pause Young (Allocation Failure)
[14751.309s][info][gc,heap        ] GC(32205) PSYoungGen: 82112K(84480K)->1536K(83968K) Eden: 81408K(81408K)->0K(81408K) From: 704K(3072K)->1536K(2560K)
[14751.309s][info][gc,heap        ] GC(32205) ParOldGen: 323928K(324096K)->323984K(324096K)
[14751.309s][info][gc,metaspace   ] GC(32205) Metaspace: 62364K(62592K)->62364K(62592K) NonClass: 53318K(53504K)->53318K(53504K) Class: 9046K(9088K)->9046K(9088K)
[14751.309s][info][gc             ] GC(32205) Pause Young (Allocation Failure) 396M->317M(398M) 3.082ms
[14751.309s][info][gc,cpu         ] GC(32205) User=0.01s Sys=0.00s Real=0.00s
[14751.730s][info][gc,start       ] GC(32206) Pause Young (Allocation Failure)
[14751.732s][info][gc,heap        ] GC(32206) PSYoungGen: 82944K(83968K)->320K(84480K) Eden: 81408K(81408K)->0K(81408K) From: 1536K(2560K)->320K(3072K)
[14751.732s][info][gc,heap        ] GC(32206) ParOldGen: 323984K(324096K)->324032K(324096K)
[14751.732s][info][gc,metaspace   ] GC(32206) Metaspace: 62364K(62592K)->62364K(62592K) NonClass: 53318K(53504K)->53318K(53504K) Class: 9046K(9088K)->9046K(9088K)
[14751.732s][info][gc             ] GC(32206) Pause Young (Allocation Failure) 397M->316M(399M) 2.044ms
[14751.732s][info][gc,cpu         ] GC(32206) User=0.00s Sys=0.00s Real=0.00s
[14752.142s][info][gc,start       ] GC(32207) Pause Young (Allocation Failure)
[14752.144s][info][gc,heap        ] GC(32207) PSYoungGen: 81728K(84480K)->480K(83968K) Eden: 81408K(81408K)->0K(81408K) From: 320K(3072K)->480K(2560K)
[14752.144s][info][gc,heap        ] GC(32207) ParOldGen: 324032K(324096K)->324088K(324096K)
[14752.144s][info][gc,metaspace   ] GC(32207) Metaspace: 62364K(62592K)->62364K(62592K) NonClass: 53318K(53504K)->53318K(53504K) Class: 9046K(9088K)->9046K(9088K)
[14752.144s][info][gc             ] GC(32207) Pause Young (Allocation Failure) 396M->316M(398M) 2.197ms
[14752.144s][info][gc,cpu         ] GC(32207) User=0.00s Sys=0.00s Real=0.00s
[14752.598s][info][gc,start       ] GC(32208) Pause Young (Allocation Failure)
[14752.600s][info][gc,heap        ] GC(32208) PSYoungGen: 81888K(83968K)->1248K(84480K) Eden: 81408K(81408K)->0K(81920K) From: 480K(2560K)->1248K(2560K)
[14752.601s][info][gc,heap        ] GC(32208) ParOldGen: 324088K(324096K)->324136K(324608K)
[14752.601s][info][gc,metaspace   ] GC(32208) Metaspace: 62364K(62592K)->62364K(62592K) NonClass: 53318K(53504K)->53318K(53504K) Class: 9046K(9088K)->9046K(9088K)
[14752.601s][info][gc             ] GC(32208) Pause Young (Allocation Failure) 396M->317M(399M) 2.907ms
[14752.601s][info][gc,cpu         ] GC(32208) User=0.00s Sys=0.00s Real=0.00s
[14753.141s][info][gc,start       ] GC(32209) Pause Young (Allocation Failure)
[14753.143s][info][gc,heap        ] GC(32209) PSYoungGen: 83168K(84480K)->464K(84480K) Eden: 81920K(81920K)->0K(81920K) From: 1248K(2560K)->464K(2560K)
[14753.143s][info][gc,heap        ] GC(32209) ParOldGen: 324136K(324608K)->324192K(324608K)
[14753.143s][info][gc,metaspace   ] GC(32209) Metaspace: 62364K(62592K)->62364K(62592K) NonClass: 53318K(53504K)->53318K(53504K) Class: 9046K(9088K)->9046K(9088K)
[14753.143s][info][gc             ] GC(32209) Pause Young (Allocation Failure) 397M->317M(399M) 2.147ms
[14753.143s][info][gc,cpu         ] GC(32209) User=0.00s Sys=0.00s Real=0.00s
[14753.637s][info][gc,start       ] GC(32210) Pause Young (Allocation Failure)
[14753.639s][info][gc,heap        ] GC(32210) PSYoungGen: 82384K(84480K)->416K(84480K) Eden: 81920K(81920K)->0K(81920K) From: 464K(2560K)->416K(2560K)
[14753.639s][info][gc,heap        ] GC(32210) ParOldGen: 324192K(324608K)->324296K(324608K)
[14753.639s][info][gc,metaspace   ] GC(32210) Metaspace: 62364K(62592K)->62364K(62592K) NonClass: 53318K(53504K)->53318K(53504K) Class: 9046K(9088K)->9046K(9088K)
[14753.639s][info][gc             ] GC(32210) Pause Young (Allocation Failure) 397M->317M(399M) 2.164ms
[14753.639s][info][gc,cpu         ] GC(32210) User=0.00s Sys=0.00s Real=0.00s
[14754.120s][info][gc,start       ] GC(32211) Pause Young (Allocation Failure)
[14754.123s][info][gc,heap        ] GC(32211) PSYoungGen: 82336K(84480K)->1632K(84480K) Eden: 81920K(81920K)->0K(81920K) From: 416K(2560K)->1632K(2560K)
[14754.123s][info][gc,heap        ] GC(32211) ParOldGen: 324296K(324608K)->324344K(324608K)
[14754.123s][info][gc,metaspace   ] GC(32211) Metaspace: 62364K(62592K)->62364K(62592K) NonClass: 53318K(53504K)->53318K(53504K) Class: 9046K(9088K)->9046K(9088K)
[14754.123s][info][gc             ] GC(32211) Pause Young (Allocation Failure) 397M->318M(399M) 3.108ms
[14754.123s][info][gc,cpu         ] GC(32211) User=0.00s Sys=0.01s Real=0.00s
[14754.582s][info][gc,start       ] GC(32212) Pause Young (Allocation Failure)
[14754.584s][info][gc,heap        ] GC(32212) PSYoungGen: 83552K(84480K)->2048K(83456K) Eden: 81920K(81920K)->0K(80896K) From: 1632K(2560K)->2048K(2560K)
[14754.584s][info][gc,heap        ] GC(32212) ParOldGen: 324344K(324608K)->324392K(324608K)
[14754.584s][info][gc,metaspace   ] GC(32212) Metaspace: 62364K(62592K)->62364K(62592K) NonClass: 53318K(53504K)->53318K(53504K) Class: 9046K(9088K)->9046K(9088K)
[14754.584s][info][gc             ] GC(32212) Pause Young (Allocation Failure) 398M->318M(398M) 2.742ms
[14754.584s][info][gc,cpu         ] GC(32212) User=0.01s Sys=0.00s Real=0.00s
[14755.023s][info][gc,start       ] GC(32213) Pause Young (Allocation Failure)
[14755.026s][info][gc,heap        ] GC(32213) PSYoungGen: 82944K(83456K)->192K(83968K) Eden: 80896K(80896K)->0K(80896K) From: 2048K(2560K)->192K(3072K)
[14755.026s][info][gc,heap        ] GC(32213) ParOldGen: 324392K(324608K)->326504K(327680K)
[14755.026s][info][gc,metaspace   ] GC(32213) Metaspace: 62364K(62592K)->62364K(62592K) NonClass: 53318K(53504K)->53318K(53504K) Class: 9046K(9088K)->9046K(9088K)
[14755.026s][info][gc             ] GC(32213) Pause Young (Allocation Failure) 397M->319M(402M) 3.090ms
[14755.026s][info][gc,cpu         ] GC(32213) User=0.01s Sys=0.00s Real=0.00s
[14755.438s][info][gc,start       ] GC(32214) Pause Young (Allocation Failure)
[14755.440s][info][gc,heap        ] GC(32214) PSYoungGen: 81088K(83968K)->448K(83968K) Eden: 80896K(80896K)->0K(80896K) From: 192K(3072K)->448K(3072K)
[14755.440s][info][gc,heap        ] GC(32214) ParOldGen: 326504K(327680K)->326560K(327680K)
[14755.440s][info][gc,metaspace   ] GC(32214) Metaspace: 62364K(62592K)->62364K(62592K) NonClass: 53318K(53504K)->53318K(53504K) Class: 9046K(9088K)->9046K(9088K)
[14755.440s][info][gc             ] GC(32214) Pause Young (Allocation Failure) 398M->319M(402M) 2.214ms
[14755.440s][info][gc,cpu         ] GC(32214) User=0.01s Sys=0.00s Real=0.00s
[14755.891s][info][gc,start       ] GC(32215) Pause Young (Allocation Failure)
[14755.893s][info][gc,heap        ] GC(32215) PSYoungGen: 81344K(83968K)->1216K(83968K) Eden: 80896K(80896K)->0K(80896K) From: 448K(3072K)->1216K(3072K)
[14755.893s][info][gc,heap        ] GC(32215) ParOldGen: 326560K(327680K)->326608K(327680K)
[14755.893s][info][gc,metaspace   ] GC(32215) Metaspace: 62364K(62592K)->62364K(62592K) NonClass: 53318K(53504K)->53318K(53504K) Class: 9046K(9088K)->9046K(9088K)
[14755.894s][info][gc             ] GC(32215) Pause Young (Allocation Failure) 398M->320M(402M) 2.766ms
[14755.894s][info][gc,cpu         ] GC(32215) User=0.01s Sys=0.00s Real=0.00s
[14756.287s][info][gc,start       ] GC(32216) Pause Young (Allocation Failure)
[14756.290s][info][gc,heap        ] GC(32216) PSYoungGen: 82112K(83968K)->1216K(84480K) Eden: 80896K(80896K)->0K(81920K) From: 1216K(3072K)->1216K(2560K)
[14756.290s][info][gc,heap        ] GC(32216) ParOldGen: 326608K(327680K)->326664K(327680K)
[14756.290s][info][gc,metaspace   ] GC(32216) Metaspace: 62364K(62592K)->62364K(62592K) NonClass: 53318K(53504K)->53318K(53504K) Class: 9046K(9088K)->9046K(9088K)
[14756.290s][info][gc             ] GC(32216) Pause Young (Allocation Failure) 399M->320M(402M) 2.992ms
[14756.290s][info][gc,cpu         ] GC(32216) User=0.01s Sys=0.00s Real=0.00s
[14756.728s][info][gc,start       ] GC(32217) Pause Young (Allocation Failure)
[14756.730s][info][gc,heap        ] GC(32217) PSYoungGen: 83136K(84480K)->288K(84480K) Eden: 81920K(81920K)->0K(81920K) From: 1216K(2560K)->288K(2560K)
[14756.730s][info][gc,heap        ] GC(32217) ParOldGen: 326664K(327680K)->326712K(327680K)
[14756.730s][info][gc,metaspace   ] GC(32217) Metaspace: 62364K(62592K)->62364K(62592K) NonClass: 53318K(53504K)->53318K(53504K) Class: 9046K(9088K)->9046K(9088K)
[14756.730s][info][gc             ] GC(32217) Pause Young (Allocation Failure) 400M->319M(402M) 1.953ms
[14756.730s][info][gc,cpu         ] GC(32217) User=0.00s Sys=0.00s Real=0.00s
[14757.135s][info][gc,start       ] GC(32218) Pause Young (Allocation Failure)
[14757.137s][info][gc,heap        ] GC(32218) PSYoungGen: 82208K(84480K)->416K(84480K) Eden: 81920K(81920K)->0K(81920K) From: 288K(2560K)->416K(2560K)
[14757.137s][info][gc,heap        ] GC(32218) ParOldGen: 326712K(327680K)->326768K(327680K)
[14757.137s][info][gc,metaspace   ] GC(32218) Metaspace: 62364K(62592K)->62364K(62592K) NonClass: 53318K(53504K)->53318K(53504K) Class: 9046K(9088K)->9046K(9088K)
[14757.137s][info][gc             ] GC(32218) Pause Young (Allocation Failure) 399M->319M(402M) 2.130ms
[14757.137s][info][gc,cpu         ] GC(32218) User=0.01s Sys=0.00s Real=0.01s
[14757.555s][info][gc,start       ] GC(32219) Pause Young (Allocation Failure)
[14757.557s][info][gc,heap        ] GC(32219) PSYoungGen: 82336K(84480K)->736K(84480K) Eden: 81920K(81920K)->0K(81920K) From: 416K(2560K)->736K(2560K)
[14757.557s][info][gc,heap        ] GC(32219) ParOldGen: 326768K(327680K)->326816K(327680K)
[14757.557s][info][gc,metaspace   ] GC(32219) Metaspace: 62364K(62592K)->62364K(62592K) NonClass: 53318K(53504K)->53318K(53504K) Class: 9046K(9088K)->9046K(9088K)
[14757.557s][info][gc             ] GC(32219) Pause Young (Allocation Failure) 399M->319M(402M) 2.359ms
[14757.557s][info][gc,cpu         ] GC(32219) User=0.01s Sys=0.00s Real=0.01s
[14758.037s][info][gc,start       ] GC(32220) Pause Young (Allocation Failure)
[14758.039s][info][gc,heap        ] GC(32220) PSYoungGen: 82656K(84480K)->384K(84480K) Eden: 81920K(81920K)->0K(81920K) From: 736K(2560K)->384K(2560K)
[14758.039s][info][gc,heap        ] GC(32220) ParOldGen: 326816K(327680K)->326864K(327680K)
[14758.039s][info][gc,metaspace   ] GC(32220) Metaspace: 62364K(62592K)->62364K(62592K) NonClass: 53318K(53504K)->53318K(53504K) Class: 9046K(9088K)->9046K(9088K)
[14758.039s][info][gc             ] GC(32220) Pause Young (Allocation Failure) 399M->319M(402M) 2.102ms
[14758.039s][info][gc,cpu         ] GC(32220) User=0.00s Sys=0.00s Real=0.00s
[14758.469s][info][gc,start       ] GC(32221) Pause Young (Allocation Failure)
[14758.472s][info][gc,heap        ] GC(32221) PSYoungGen: 82304K(84480K)->992K(84480K) Eden: 81920K(81920K)->0K(81920K) From: 384K(2560K)->992K(2560K)
[14758.472s][info][gc,heap        ] GC(32221) ParOldGen: 326864K(327680K)->326920K(327680K)
[14758.472s][info][gc,metaspace   ] GC(32221) Metaspace: 62364K(62592K)->62364K(62592K) NonClass: 53318K(53504K)->53318K(53504K) Class: 9046K(9088K)->9046K(9088K)
[14758.472s][info][gc             ] GC(32221) Pause Young (Allocation Failure) 399M->320M(402M) 2.673ms
[14758.472s][info][gc,cpu         ] GC(32221) User=0.01s Sys=0.01s Real=0.00s
[14758.888s][info][gc,start       ] GC(32222) Pause Young (Allocation Failure)
[14758.891s][info][gc,heap        ] GC(32222) PSYoungGen: 82912K(84480K)->1312K(84480K) Eden: 81920K(81920K)->0K(81920K) From: 992K(2560K)->1312K(2560K)
[14758.891s][info][gc,heap        ] GC(32222) ParOldGen: 326920K(327680K)->326968K(327680K)
[14758.891s][info][gc,metaspace   ] GC(32222) Metaspace: 62364K(62592K)->62364K(62592K) NonClass: 53318K(53504K)->53318K(53504K) Class: 9046K(9088K)->9046K(9088K)
[14758.891s][info][gc             ] GC(32222) Pause Young (Allocation Failure) 400M->320M(402M) 3.026ms
[14758.891s][info][gc,cpu         ] GC(32222) User=0.01s Sys=0.00s Real=0.00s
[14759.307s][info][gc,start       ] GC(32223) Pause Young (Allocation Failure)
[14759.310s][info][gc,heap        ] GC(32223) PSYoungGen: 83232K(84480K)->2528K(84480K) Eden: 81920K(81920K)->0K(81920K) From: 1312K(2560K)->2528K(2560K)
[14759.310s][info][gc,heap        ] GC(32223) ParOldGen: 326968K(327680K)->327072K(327680K)
[14759.310s][info][gc,metaspace   ] GC(32223) Metaspace: 62364K(62592K)->62364K(62592K) NonClass: 53318K(53504K)->53318K(53504K) Class: 9046K(9088K)->9046K(9088K)
[14759.310s][info][gc             ] GC(32223) Pause Young (Allocation Failure) 400M->321M(402M) 3.262ms
[14759.310s][info][gc,cpu         ] GC(32223) User=0.01s Sys=0.00s Real=0.00s
[14759.786s][info][gc,start       ] GC(32224) Pause Young (Allocation Failure)
[14759.790s][info][gc,heap        ] GC(32224) PSYoungGen: 84448K(84480K)->1056K(84480K) Eden: 81920K(81920K)->0K(81920K) From: 2528K(2560K)->1056K(2560K)
[14759.790s][info][gc,heap        ] GC(32224) ParOldGen: 327072K(327680K)->329152K(329216K)
[14759.790s][info][gc,metaspace   ] GC(32224) Metaspace: 62364K(62592K)->62364K(62592K) NonClass: 53318K(53504K)->53318K(53504K) Class: 9046K(9088K)->9046K(9088K)
[14759.790s][info][gc             ] GC(32224) Pause Young (Allocation Failure) 401M->322M(404M) 3.741ms
[14759.790s][info][gc,cpu         ] GC(32224) User=0.00s Sys=0.01s Real=0.00s
[14760.271s][info][gc,start       ] GC(32225) Pause Young (Allocation Failure)
[14760.274s][info][gc,heap        ] GC(32225) PSYoungGen: 82976K(84480K)->864K(84480K) Eden: 81920K(81920K)->0K(81920K) From: 1056K(2560K)->864K(2560K)
[14760.274s][info][gc,heap        ] GC(32225) ParOldGen: 329152K(329216K)->329200K(329216K)
[14760.274s][info][gc,metaspace   ] GC(32225) Metaspace: 62364K(62592K)->62364K(62592K) NonClass: 53318K(53504K)->53318K(53504K) Class: 9046K(9088K)->9046K(9088K)
[14760.274s][info][gc             ] GC(32225) Pause Young (Allocation Failure) 402M->322M(404M) 2.551ms
[14760.274s][info][gc,cpu         ] GC(32225) User=0.00s Sys=0.00s Real=0.00s
[14760.758s][info][gc,start       ] GC(32226) Pause Young (Allocation Failure)
[14760.760s][info][gc,heap        ] GC(32226) PSYoungGen: 82784K(84480K)->752K(84480K) Eden: 81920K(81920K)->0K(81920K) From: 864K(2560K)->752K(2560K)
[14760.760s][info][gc,heap        ] GC(32226) ParOldGen: 329200K(329216K)->329256K(329728K)
[14760.760s][info][gc,metaspace   ] GC(32226) Metaspace: 62364K(62592K)->62364K(62592K) NonClass: 53318K(53504K)->53318K(53504K) Class: 9046K(9088K)->9046K(9088K)
[14760.761s][info][gc             ] GC(32226) Pause Young (Allocation Failure) 402M->322M(404M) 2.481ms
[14760.761s][info][gc,cpu         ] GC(32226) User=0.01s Sys=0.00s Real=0.00s
[14761.191s][info][gc,start       ] GC(32227) Pause Young (Allocation Failure)
[14761.193s][info][gc,heap        ] GC(32227) PSYoungGen: 82672K(84480K)->1184K(84480K) Eden: 81920K(81920K)->0K(81920K) From: 752K(2560K)->1184K(2560K)
[14761.193s][info][gc,heap        ] GC(32227) ParOldGen: 329256K(329728K)->329353K(329728K)
[14761.193s][info][gc,metaspace   ] GC(32227) Metaspace: 62364K(62592K)->62364K(62592K) NonClass: 53318K(53504K)->53318K(53504K) Class: 9046K(9088K)->9046K(9088K)
[14761.194s][info][gc             ] GC(32227) Pause Young (Allocation Failure) 402M->322M(404M) 2.712ms
[14761.194s][info][gc,cpu         ] GC(32227) User=0.01s Sys=0.00s Real=0.00s
[14761.619s][info][gc,start       ] GC(32228) Pause Young (Allocation Failure)
[14761.622s][info][gc,heap        ] GC(32228) PSYoungGen: 83104K(84480K)->1696K(84480K) Eden: 81920K(81920K)->0K(81920K) From: 1184K(2560K)->1696K(2560K)
[14761.622s][info][gc,heap        ] GC(32228) ParOldGen: 329353K(329728K)->329401K(329728K)
[14761.622s][info][gc,metaspace   ] GC(32228) Metaspace: 62364K(62592K)->62364K(62592K) NonClass: 53318K(53504K)->53318K(53504K) Class: 9046K(9088K)->9046K(9088K)
[14761.622s][info][gc             ] GC(32228) Pause Young (Allocation Failure) 402M->323M(404M) 3.174ms
[14761.622s][info][gc,cpu         ] GC(32228) User=0.01s Sys=0.00s Real=0.00s
[14762.050s][info][gc,start       ] GC(32229) Pause Young (Allocation Failure)
[14762.053s][info][gc,heap        ] GC(32229) PSYoungGen: 83616K(84480K)->608K(84480K) Eden: 81920K(81920K)->0K(81920K) From: 1696K(2560K)->608K(2560K)
[14762.053s][info][gc,heap        ] GC(32229) ParOldGen: 329401K(329728K)->329457K(329728K)
[14762.053s][info][gc,metaspace   ] GC(32229) Metaspace: 62364K(62592K)->62364K(62592K) NonClass: 53318K(53504K)->53318K(53504K) Class: 9046K(9088K)->9046K(9088K)
[14762.053s][info][gc             ] GC(32229) Pause Young (Allocation Failure) 403M->322M(404M) 2.338ms
[14762.053s][info][gc,cpu         ] GC(32229) User=0.00s Sys=0.00s Real=0.00s
[14762.509s][info][gc,start       ] GC(32230) Pause Young (Allocation Failure)
[14762.512s][info][gc,heap        ] GC(32230) PSYoungGen: 82528K(84480K)->1408K(84480K) Eden: 81920K(81920K)->0K(81920K) From: 608K(2560K)->1408K(2560K)
[14762.512s][info][gc,heap        ] GC(32230) ParOldGen: 329457K(329728K)->329513K(329728K)
[14762.512s][info][gc,metaspace   ] GC(32230) Metaspace: 62364K(62592K)->62364K(62592K) NonClass: 53318K(53504K)->53318K(53504K) Class: 9046K(9088K)->9046K(9088K)
[14762.512s][info][gc             ] GC(32230) Pause Young (Allocation Failure) 402M->323M(404M) 2.990ms
[14762.512s][info][gc,cpu         ] GC(32230) User=0.00s Sys=0.00s Real=0.00s
[14762.957s][info][gc,start       ] GC(32231) Pause Young (Allocation Failure)
[14762.960s][info][gc,heap        ] GC(32231) PSYoungGen: 83328K(84480K)->768K(84480K) Eden: 81920K(81920K)->0K(81920K) From: 1408K(2560K)->768K(2560K)
[14762.960s][info][gc,heap        ] GC(32231) ParOldGen: 329513K(329728K)->329561K(329728K)
[14762.960s][info][gc,metaspace   ] GC(32231) Metaspace: 62364K(62592K)->62364K(62592K) NonClass: 53318K(53504K)->53318K(53504K) Class: 9046K(9088K)->9046K(9088K)
[14762.960s][info][gc             ] GC(32231) Pause Young (Allocation Failure) 403M->322M(404M) 2.455ms
[14762.960s][info][gc,cpu         ] GC(32231) User=0.01s Sys=0.00s Real=0.00s
[14763.377s][info][gc,start       ] GC(32232) Pause Young (Allocation Failure)
[14763.379s][info][gc,heap        ] GC(32232) PSYoungGen: 82688K(84480K)->1088K(84480K) Eden: 81920K(81920K)->0K(81920K) From: 768K(2560K)->1088K(2560K)
[14763.379s][info][gc,heap        ] GC(32232) ParOldGen: 329561K(329728K)->329609K(329728K)
[14763.379s][info][gc,metaspace   ] GC(32232) Metaspace: 62364K(62592K)->62364K(62592K) NonClass: 53318K(53504K)->53318K(53504K) Class: 9046K(9088K)->9046K(9088K)
[14763.379s][info][gc             ] GC(32232) Pause Young (Allocation Failure) 402M->322M(404M) 2.627ms
[14763.379s][info][gc,cpu         ] GC(32232) User=0.01s Sys=0.00s Real=0.00s
[14763.779s][info][gc,start       ] GC(32233) Pause Young (Allocation Failure)
[14763.782s][info][gc,heap        ] GC(32233) PSYoungGen: 83008K(84480K)->2112K(84480K) Eden: 81920K(81920K)->0K(81920K) From: 1088K(2560K)->2112K(2560K)
[14763.782s][info][gc,heap        ] GC(32233) ParOldGen: 329609K(329728K)->329665K(329728K)
[14763.782s][info][gc,metaspace   ] GC(32233) Metaspace: 62364K(62592K)->62364K(62592K) NonClass: 53318K(53504K)->53318K(53504K) Class: 9046K(9088K)->9046K(9088K)
[14763.782s][info][gc             ] GC(32233) Pause Young (Allocation Failure) 402M->324M(404M) 2.716ms
[14763.782s][info][gc,cpu         ] GC(32233) User=0.01s Sys=0.00s Real=0.00s
[14764.188s][info][gc,start       ] GC(32234) Pause Young (Allocation Failure)
[14764.191s][info][gc,heap        ] GC(32234) PSYoungGen: 84032K(84480K)->1248K(84480K) Eden: 81920K(81920K)->0K(81920K) From: 2112K(2560K)->1248K(2560K)
[14764.191s][info][gc,heap        ] GC(32234) ParOldGen: 329665K(329728K)->330737K(331264K)
[14764.191s][info][gc,metaspace   ] GC(32234) Metaspace: 62364K(62592K)->62364K(62592K) NonClass: 53318K(53504K)->53318K(53504K) Class: 9046K(9088K)->9046K(9088K)
[14764.191s][info][gc             ] GC(32234) Pause Young (Allocation Failure) 404M->324M(406M) 3.305ms
[14764.192s][info][gc,cpu         ] GC(32234) User=0.00s Sys=0.00s Real=0.00s
[14764.594s][info][gc,start       ] GC(32235) Pause Young (Allocation Failure)
[14764.597s][info][gc,heap        ] GC(32235) PSYoungGen: 83168K(84480K)->1376K(84480K) Eden: 81920K(81920K)->0K(81920K) From: 1248K(2560K)->1376K(2560K)
[14764.597s][info][gc,heap        ] GC(32235) ParOldGen: 330737K(331264K)->330793K(331264K)
[14764.597s][info][gc,metaspace   ] GC(32235) Metaspace: 62364K(62592K)->62364K(62592K) NonClass: 53318K(53504K)->53318K(53504K) Class: 9046K(9088K)->9046K(9088K)
[14764.597s][info][gc             ] GC(32235) Pause Young (Allocation Failure) 404M->324M(406M) 2.967ms
[14764.597s][info][gc,cpu         ] GC(32235) User=0.01s Sys=0.01s Real=0.01s
[14765.035s][info][gc,start       ] GC(32236) Pause Young (Allocation Failure)
[14765.037s][info][gc,heap        ] GC(32236) PSYoungGen: 83296K(84480K)->384K(84480K) Eden: 81920K(81920K)->0K(81920K) From: 1376K(2560K)->384K(2560K)
[14765.037s][info][gc,heap        ] GC(32236) ParOldGen: 330793K(331264K)->330841K(331264K)
[14765.037s][info][gc,metaspace   ] GC(32236) Metaspace: 62364K(62592K)->62364K(62592K) NonClass: 53318K(53504K)->53318K(53504K) Class: 9046K(9088K)->9046K(9088K)
[14765.037s][info][gc             ] GC(32236) Pause Young (Allocation Failure) 404M->323M(406M) 2.092ms
[14765.037s][info][gc,cpu         ] GC(32236) User=0.00s Sys=0.00s Real=0.01s
[14765.443s][info][gc,start       ] GC(32237) Pause Young (Allocation Failure)
[14765.446s][info][gc,heap        ] GC(32237) PSYoungGen: 82304K(84480K)->544K(84480K) Eden: 81920K(81920K)->0K(81920K) From: 384K(2560K)->544K(2560K)
[14765.446s][info][gc,heap        ] GC(32237) ParOldGen: 330841K(331264K)->330889K(331264K)
[14765.446s][info][gc,metaspace   ] GC(32237) Metaspace: 62364K(62592K)->62364K(62592K) NonClass: 53318K(53504K)->53318K(53504K) Class: 9046K(9088K)->9046K(9088K)
[14765.446s][info][gc             ] GC(32237) Pause Young (Allocation Failure) 403M->323M(406M) 2.145ms
[14765.446s][info][gc,cpu         ] GC(32237) User=0.01s Sys=0.00s Real=0.00s
[14765.870s][info][gc,start       ] GC(32238) Pause Young (Allocation Failure)
[14765.872s][info][gc,heap        ] GC(32238) PSYoungGen: 82464K(84480K)->864K(84480K) Eden: 81920K(81920K)->0K(81920K) From: 544K(2560K)->864K(2560K)
[14765.872s][info][gc,heap        ] GC(32238) ParOldGen: 330889K(331264K)->330945K(331264K)
[14765.872s][info][gc,metaspace   ] GC(32238) Metaspace: 62364K(62592K)->62364K(62592K) NonClass: 53318K(53504K)->53318K(53504K) Class: 9046K(9088K)->9046K(9088K)
[14765.872s][info][gc             ] GC(32238) Pause Young (Allocation Failure) 403M->324M(406M) 2.466ms
[14765.872s][info][gc,cpu         ] GC(32238) User=0.00s Sys=0.00s Real=0.00s
[14766.288s][info][gc,start       ] GC(32239) Pause Young (Allocation Failure)
[14766.290s][info][gc,heap        ] GC(32239) PSYoungGen: 82784K(84480K)->1216K(84480K) Eden: 81920K(81920K)->0K(81920K) From: 864K(2560K)->1216K(2560K)
[14766.290s][info][gc,heap        ] GC(32239) ParOldGen: 330945K(331264K)->330993K(331264K)
[14766.290s][info][gc,metaspace   ] GC(32239) Metaspace: 62364K(62592K)->62364K(62592K) NonClass: 53318K(53504K)->53318K(53504K) Class: 9046K(9088K)->9046K(9088K)
[14766.290s][info][gc             ] GC(32239) Pause Young (Allocation Failure) 404M->324M(406M) 2.784ms
[14766.290s][info][gc,cpu         ] GC(32239) User=0.01s Sys=0.00s Real=0.00s
[14766.712s][info][gc,start       ] GC(32240) Pause Young (Allocation Failure)
[14766.715s][info][gc,heap        ] GC(32240) PSYoungGen: 83136K(84480K)->1568K(84480K) Eden: 81920K(81920K)->0K(81920K) From: 1216K(2560K)->1568K(2560K)
[14766.715s][info][gc,heap        ] GC(32240) ParOldGen: 330993K(331264K)->331049K(331264K)
[14766.715s][info][gc,metaspace   ] GC(32240) Metaspace: 62364K(62592K)->62364K(62592K) NonClass: 53318K(53504K)->53318K(53504K) Class: 9046K(9088K)->9046K(9088K)
[14766.715s][info][gc             ] GC(32240) Pause Young (Allocation Failure) 404M->324M(406M) 3.143ms
[14766.715s][info][gc,cpu         ] GC(32240) User=0.00s Sys=0.00s Real=0.00s
[14767.125s][info][gc,start       ] GC(32241) Pause Young (Allocation Failure)
[14767.127s][info][gc,heap        ] GC(32241) PSYoungGen: 83488K(84480K)->224K(84480K) Eden: 81920K(81920K)->0K(81920K) From: 1568K(2560K)->224K(2560K)
[14767.127s][info][gc,heap        ] GC(32241) ParOldGen: 331049K(331264K)->331097K(331264K)
[14767.127s][info][gc,metaspace   ] GC(32241) Metaspace: 62364K(62592K)->62364K(62592K) NonClass: 53318K(53504K)->53318K(53504K) Class: 9046K(9088K)->9046K(9088K)
[14767.127s][info][gc             ] GC(32241) Pause Young (Allocation Failure) 404M->323M(406M) 1.816ms
[14767.127s][info][gc,cpu         ] GC(32241) User=0.00s Sys=0.01s Real=0.01s
[14767.510s][info][gc,start       ] GC(32242) Pause Young (Allocation Failure)
[14767.514s][info][gc,heap        ] GC(32242) PSYoungGen: 82144K(84480K)->1760K(84480K) Eden: 81920K(81920K)->0K(81920K) From: 224K(2560K)->1760K(2560K)
[14767.514s][info][gc,heap        ] GC(32242) ParOldGen: 331097K(331264K)->331153K(331264K)
[14767.514s][info][gc,metaspace   ] GC(32242) Metaspace: 62364K(62592K)->62364K(62592K) NonClass: 53318K(53504K)->53318K(53504K) Class: 9046K(9088K)->9046K(9088K)
[14767.514s][info][gc             ] GC(32242) Pause Young (Allocation Failure) 403M->325M(406M) 3.379ms
[14767.514s][info][gc,cpu         ] GC(32242) User=0.01s Sys=0.00s Real=0.00s
[14767.988s][info][gc,start       ] GC(32243) Pause Young (Allocation Failure)
[14767.991s][info][gc,heap        ] GC(32243) PSYoungGen: 83680K(84480K)->1200K(84480K) Eden: 81920K(81920K)->0K(81920K) From: 1760K(2560K)->1200K(2560K)
[14767.991s][info][gc,heap        ] GC(32243) ParOldGen: 331153K(331264K)->331209K(331264K)
[14767.991s][info][gc,metaspace   ] GC(32243) Metaspace: 62364K(62592K)->62364K(62592K) NonClass: 53318K(53504K)->53318K(53504K) Class: 9046K(9088K)->9046K(9088K)
[14767.991s][info][gc             ] GC(32243) Pause Young (Allocation Failure) 405M->324M(406M) 2.820ms
[14767.991s][info][gc,cpu         ] GC(32243) User=0.00s Sys=0.00s Real=0.00s
[14768.375s][info][gc,start       ] GC(32244) Pause Young (Allocation Failure)
[14768.378s][info][gc,heap        ] GC(32244) PSYoungGen: 83120K(84480K)->2048K(83456K) Eden: 81920K(81920K)->0K(80896K) From: 1200K(2560K)->2048K(2560K)
[14768.378s][info][gc,heap        ] GC(32244) ParOldGen: 331209K(331264K)->332337K(332800K)
[14768.378s][info][gc,metaspace   ] GC(32244) Metaspace: 62364K(62592K)->62364K(62592K) NonClass: 53318K(53504K)->53318K(53504K) Class: 9046K(9088K)->9046K(9088K)
[14768.378s][info][gc             ] GC(32244) Pause Young (Allocation Failure) 404M->326M(406M) 3.207ms
[14768.378s][info][gc,cpu         ] GC(32244) User=0.01s Sys=0.00s Real=0.01s
[14768.755s][info][gc,start       ] GC(32245) Pause Young (Allocation Failure)
[14768.758s][info][gc,heap        ] GC(32245) PSYoungGen: 82944K(83456K)->736K(83968K) Eden: 80896K(80896K)->0K(80896K) From: 2048K(2560K)->736K(3072K)
[14768.759s][info][gc,heap        ] GC(32245) ParOldGen: 332337K(332800K)->334433K(335872K)
[14768.759s][info][gc,metaspace   ] GC(32245) Metaspace: 62365K(62592K)->62365K(62592K) NonClass: 53319K(53504K)->53319K(53504K) Class: 9046K(9088K)->9046K(9088K)
[14768.759s][info][gc             ] GC(32245) Pause Young (Allocation Failure) 405M->327M(410M) 3.298ms
[14768.759s][info][gc,cpu         ] GC(32245) User=0.00s Sys=0.00s Real=0.01s
[14769.182s][info][gc,start       ] GC(32246) Pause Young (Allocation Failure)
[14769.185s][info][gc,heap        ] GC(32246) PSYoungGen: 81632K(83968K)->1088K(84480K) Eden: 80896K(80896K)->0K(81920K) From: 736K(3072K)->1088K(2560K)
[14769.185s][info][gc,heap        ] GC(32246) ParOldGen: 334433K(335872K)->334489K(335872K)
[14769.185s][info][gc,metaspace   ] GC(32246) Metaspace: 62365K(62592K)->62365K(62592K) NonClass: 53319K(53504K)->53319K(53504K) Class: 9046K(9088K)->9046K(9088K)
[14769.185s][info][gc             ] GC(32246) Pause Young (Allocation Failure) 406M->327M(410M) 2.656ms
[14769.185s][info][gc,cpu         ] GC(32246) User=0.00s Sys=0.00s Real=0.00s
[14769.608s][info][gc,start       ] GC(32247) Pause Young (Allocation Failure)
[14769.611s][info][gc,heap        ] GC(32247) PSYoungGen: 83008K(84480K)->1504K(84480K) Eden: 81920K(81920K)->0K(81920K) From: 1088K(2560K)->1504K(2560K)
[14769.611s][info][gc,heap        ] GC(32247) ParOldGen: 334489K(335872K)->334537K(335872K)
[14769.611s][info][gc,metaspace   ] GC(32247) Metaspace: 62365K(62592K)->62365K(62592K) NonClass: 53319K(53504K)->53319K(53504K) Class: 9046K(9088K)->9046K(9088K)
[14769.611s][info][gc             ] GC(32247) Pause Young (Allocation Failure) 407M->328M(410M) 2.981ms
[14769.611s][info][gc,cpu         ] GC(32247) User=0.00s Sys=0.00s Real=0.00s
[14770.030s][info][gc,start       ] GC(32248) Pause Young (Allocation Failure)
[14770.032s][info][gc,heap        ] GC(32248) PSYoungGen: 83424K(84480K)->320K(84480K) Eden: 81920K(81920K)->0K(81920K) From: 1504K(2560K)->320K(2560K)
[14770.032s][info][gc,heap        ] GC(32248) ParOldGen: 334537K(335872K)->334585K(335872K)
[14770.032s][info][gc,metaspace   ] GC(32248) Metaspace: 62365K(62592K)->62365K(62592K) NonClass: 53319K(53504K)->53319K(53504K) Class: 9046K(9088K)->9046K(9088K)
[14770.032s][info][gc             ] GC(32248) Pause Young (Allocation Failure) 408M->327M(410M) 1.967ms
[14770.032s][info][gc,cpu         ] GC(32248) User=0.00s Sys=0.00s Real=0.00s
[14770.433s][info][gc,start       ] GC(32249) Pause Young (Allocation Failure)
[14770.435s][info][gc,heap        ] GC(32249) PSYoungGen: 82240K(84480K)->352K(84480K) Eden: 81920K(81920K)->0K(81920K) From: 320K(2560K)->352K(2560K)
[14770.435s][info][gc,heap        ] GC(32249) ParOldGen: 334585K(335872K)->334641K(335872K)
[14770.435s][info][gc,metaspace   ] GC(32249) Metaspace: 62365K(62592K)->62365K(62592K) NonClass: 53319K(53504K)->53319K(53504K) Class: 9046K(9088K)->9046K(9088K)
[14770.435s][info][gc             ] GC(32249) Pause Young (Allocation Failure) 407M->327M(410M) 2.027ms
[14770.435s][info][gc,cpu         ] GC(32249) User=0.00s Sys=0.00s Real=0.00s
[14770.808s][info][gc,start       ] GC(32250) Pause Young (Allocation Failure)
[14770.811s][info][gc,heap        ] GC(32250) PSYoungGen: 82272K(84480K)->1664K(84480K) Eden: 81920K(81920K)->0K(81920K) From: 352K(2560K)->1664K(2560K)
[14770.811s][info][gc,heap        ] GC(32250) ParOldGen: 334641K(335872K)->334689K(335872K)
[14770.811s][info][gc,metaspace   ] GC(32250) Metaspace: 62365K(62592K)->62365K(62592K) NonClass: 53319K(53504K)->53319K(53504K) Class: 9046K(9088K)->9046K(9088K)
[14770.811s][info][gc             ] GC(32250) Pause Young (Allocation Failure) 407M->328M(410M) 3.211ms
[14770.811s][info][gc,cpu         ] GC(32250) User=0.00s Sys=0.00s Real=0.00s
[14771.220s][info][gc,start       ] GC(32251) Pause Young (Allocation Failure)
[14771.223s][info][gc,heap        ] GC(32251) PSYoungGen: 83584K(84480K)->1824K(83968K) Eden: 81920K(81920K)->0K(81920K) From: 1664K(2560K)->1824K(2048K)
[14771.223s][info][gc,heap        ] GC(32251) ParOldGen: 334689K(335872K)->334745K(335872K)
[14771.223s][info][gc,metaspace   ] GC(32251) Metaspace: 62365K(62592K)->62365K(62592K) NonClass: 53319K(53504K)->53319K(53504K) Class: 9046K(9088K)->9046K(9088K)
[14771.223s][info][gc             ] GC(32251) Pause Young (Allocation Failure) 408M->328M(410M) 3.214ms
[14771.223s][info][gc,cpu         ] GC(32251) User=0.00s Sys=0.00s Real=0.00s
[14771.614s][info][gc,start       ] GC(32252) Pause Young (Allocation Failure)
[14771.617s][info][gc,heap        ] GC(32252) PSYoungGen: 83744K(83968K)->1696K(83968K) Eden: 81920K(81920K)->0K(80896K) From: 1824K(2048K)->1696K(3072K)
[14771.617s][info][gc,heap        ] GC(32252) ParOldGen: 334745K(335872K)->334793K(335872K)
[14771.617s][info][gc,metaspace   ] GC(32252) Metaspace: 62365K(62592K)->62365K(62592K) NonClass: 53319K(53504K)->53319K(53504K) Class: 9046K(9088K)->9046K(9088K)
[14771.617s][info][gc             ] GC(32252) Pause Young (Allocation Failure) 408M->328M(410M) 3.103ms
[14771.617s][info][gc,cpu         ] GC(32252) User=0.01s Sys=0.00s Real=0.01s
[14772.023s][info][gc,start       ] GC(32253) Pause Young (Allocation Failure)
[14772.025s][info][gc,heap        ] GC(32253) PSYoungGen: 82592K(83968K)->192K(83968K) Eden: 80896K(80896K)->0K(80896K) From: 1696K(3072K)->192K(3072K)
[14772.025s][info][gc,heap        ] GC(32253) ParOldGen: 334793K(335872K)->334841K(335872K)
[14772.025s][info][gc,metaspace   ] GC(32253) Metaspace: 62365K(62592K)->62365K(62592K) NonClass: 53319K(53504K)->53319K(53504K) Class: 9046K(9088K)->9046K(9088K)
[14772.025s][info][gc             ] GC(32253) Pause Young (Allocation Failure) 407M->327M(410M) 1.876ms
[14772.025s][info][gc,cpu         ] GC(32253) User=0.00s Sys=0.00s Real=0.00s
[14772.438s][info][gc,start       ] GC(32254) Pause Young (Allocation Failure)
[14772.440s][info][gc,heap        ] GC(32254) PSYoungGen: 81088K(83968K)->1472K(83968K) Eden: 80896K(80896K)->0K(80896K) From: 192K(3072K)->1472K(3072K)
[14772.440s][info][gc,heap        ] GC(32254) ParOldGen: 334841K(335872K)->334897K(335872K)
[14772.440s][info][gc,metaspace   ] GC(32254) Metaspace: 62365K(62592K)->62365K(62592K) NonClass: 53319K(53504K)->53319K(53504K) Class: 9046K(9088K)->9046K(9088K)
[14772.440s][info][gc             ] GC(32254) Pause Young (Allocation Failure) 406M->328M(410M) 2.207ms
[14772.440s][info][gc,cpu         ] GC(32254) User=0.00s Sys=0.00s Real=0.00s
[14772.817s][info][gc,start       ] GC(32255) Pause Young (Allocation Failure)
[14772.821s][info][gc,heap        ] GC(32255) PSYoungGen: 82368K(83968K)->1728K(83968K) Eden: 80896K(80896K)->0K(80896K) From: 1472K(3072K)->1728K(3072K)
[14772.822s][info][gc,heap        ] GC(32255) ParOldGen: 334897K(335872K)->337001K(337408K)
[14772.822s][info][gc,metaspace   ] GC(32255) Metaspace: 62365K(62592K)->62365K(62592K) NonClass: 53319K(53504K)->53319K(53504K) Class: 9046K(9088K)->9046K(9088K)
[14772.822s][info][gc             ] GC(32255) Pause Young (Allocation Failure) 407M->330M(411M) 4.100ms
[14772.822s][info][gc,cpu         ] GC(32255) User=0.01s Sys=0.00s Real=0.00s
[14773.244s][info][gc,start       ] GC(32256) Pause Young (Allocation Failure)
[14773.246s][info][gc,heap        ] GC(32256) PSYoungGen: 82624K(83968K)->512K(83968K) Eden: 80896K(80896K)->0K(80896K) From: 1728K(3072K)->512K(3072K)
[14773.246s][info][gc,heap        ] GC(32256) ParOldGen: 337001K(337408K)->337057K(337408K)
[14773.246s][info][gc,metaspace   ] GC(32256) Metaspace: 62365K(62592K)->62365K(62592K) NonClass: 53319K(53504K)->53319K(53504K) Class: 9046K(9088K)->9046K(9088K)
[14773.246s][info][gc             ] GC(32256) Pause Young (Allocation Failure) 409M->329M(411M) 2.207ms
[14773.246s][info][gc,cpu         ] GC(32256) User=0.00s Sys=0.00s Real=0.01s
[14773.675s][info][gc,start       ] GC(32257) Pause Young (Allocation Failure)
[14773.678s][info][gc,heap        ] GC(32257) PSYoungGen: 81408K(83968K)->992K(83968K) Eden: 80896K(80896K)->0K(80896K) From: 512K(3072K)->992K(3072K)
[14773.678s][info][gc,heap        ] GC(32257) ParOldGen: 337057K(337408K)->337113K(337408K)
[14773.678s][info][gc,metaspace   ] GC(32257) Metaspace: 62365K(62592K)->62365K(62592K) NonClass: 53319K(53504K)->53319K(53504K) Class: 9046K(9088K)->9046K(9088K)
[14773.678s][info][gc             ] GC(32257) Pause Young (Allocation Failure) 408M->330M(411M) 2.542ms
[14773.678s][info][gc,cpu         ] GC(32257) User=0.00s Sys=0.00s Real=0.01s
[14774.118s][info][gc,start       ] GC(32258) Pause Young (Allocation Failure)
[14774.121s][info][gc,heap        ] GC(32258) PSYoungGen: 81888K(83968K)->1600K(83968K) Eden: 80896K(80896K)->0K(80896K) From: 992K(3072K)->1600K(3072K)
[14774.121s][info][gc,heap        ] GC(32258) ParOldGen: 337113K(337408K)->337169K(337408K)
[14774.121s][info][gc,metaspace   ] GC(32258) Metaspace: 62365K(62592K)->62365K(62592K) NonClass: 53319K(53504K)->53319K(53504K) Class: 9046K(9088K)->9046K(9088K)
[14774.121s][info][gc             ] GC(32258) Pause Young (Allocation Failure) 409M->330M(411M) 2.987ms
[14774.121s][info][gc,cpu         ] GC(32258) User=0.01s Sys=0.00s Real=0.00s
[14774.596s][info][gc,start       ] GC(32259) Pause Young (Allocation Failure)
[14774.598s][info][gc,heap        ] GC(32259) PSYoungGen: 82496K(83968K)->640K(83968K) Eden: 80896K(80896K)->0K(80896K) From: 1600K(3072K)->640K(3072K)
[14774.598s][info][gc,heap        ] GC(32259) ParOldGen: 337169K(337408K)->337225K(337408K)
[14774.598s][info][gc,metaspace   ] GC(32259) Metaspace: 62365K(62592K)->62365K(62592K) NonClass: 53319K(53504K)->53319K(53504K) Class: 9046K(9088K)->9046K(9088K)
[14774.598s][info][gc             ] GC(32259) Pause Young (Allocation Failure) 409M->329M(411M) 2.473ms
[14774.598s][info][gc,cpu         ] GC(32259) User=0.01s Sys=0.00s Real=0.01s
[14774.998s][info][gc,start       ] GC(32260) Pause Young (Allocation Failure)
[14775.001s][info][gc,heap        ] GC(32260) PSYoungGen: 81536K(83968K)->1408K(84480K) Eden: 80896K(80896K)->0K(81920K) From: 640K(3072K)->1408K(2560K)
[14775.001s][info][gc,heap        ] GC(32260) ParOldGen: 337225K(337408K)->337329K(337408K)
[14775.001s][info][gc,metaspace   ] GC(32260) Metaspace: 62365K(62592K)->62365K(62592K) NonClass: 53319K(53504K)->53319K(53504K) Class: 9046K(9088K)->9046K(9088K)
[14775.001s][info][gc             ] GC(32260) Pause Young (Allocation Failure) 408M->330M(412M) 2.930ms
[14775.001s][info][gc,cpu         ] GC(32260) User=0.01s Sys=0.00s Real=0.00s
[14775.413s][info][gc,start       ] GC(32261) Pause Young (Allocation Failure)
[14775.416s][info][gc,heap        ] GC(32261) PSYoungGen: 83328K(84480K)->1568K(84480K) Eden: 81920K(81920K)->0K(81920K) From: 1408K(2560K)->1568K(2560K)
[14775.416s][info][gc,heap        ] GC(32261) ParOldGen: 337329K(337408K)->337377K(337408K)
[14775.416s][info][gc,metaspace   ] GC(32261) Metaspace: 62365K(62592K)->62365K(62592K) NonClass: 53319K(53504K)->53319K(53504K) Class: 9046K(9088K)->9046K(9088K)
[14775.416s][info][gc             ] GC(32261) Pause Young (Allocation Failure) 410M->331M(412M) 3.150ms
[14775.416s][info][gc,cpu         ] GC(32261) User=0.01s Sys=0.00s Real=0.00s
[14775.790s][info][gc,start       ] GC(32262) Pause Young (Allocation Failure)
[14775.793s][info][gc,heap        ] GC(32262) PSYoungGen: 83488K(84480K)->1312K(84480K) Eden: 81920K(81920K)->0K(81920K) From: 1568K(2560K)->1312K(2560K)
[14775.793s][info][gc,heap        ] GC(32262) ParOldGen: 337377K(337408K)->337433K(337920K)
[14775.793s][info][gc,metaspace   ] GC(32262) Metaspace: 62365K(62592K)->62365K(62592K) NonClass: 53319K(53504K)->53319K(53504K) Class: 9046K(9088K)->9046K(9088K)
[14775.793s][info][gc             ] GC(32262) Pause Young (Allocation Failure) 411M->330M(412M) 2.982ms
[14775.793s][info][gc,cpu         ] GC(32262) User=0.01s Sys=0.00s Real=0.00s
[14776.200s][info][gc,start       ] GC(32263) Pause Young (Allocation Failure)
[14776.203s][info][gc,heap        ] GC(32263) PSYoungGen: 83232K(84480K)->1440K(84480K) Eden: 81920K(81920K)->0K(81920K) From: 1312K(2560K)->1440K(2560K)
[14776.203s][info][gc,heap        ] GC(32263) ParOldGen: 337433K(337920K)->337481K(337920K)
[14776.203s][info][gc,metaspace   ] GC(32263) Metaspace: 62365K(62592K)->62365K(62592K) NonClass: 53319K(53504K)->53319K(53504K) Class: 9046K(9088K)->9046K(9088K)
[14776.203s][info][gc             ] GC(32263) Pause Young (Allocation Failure) 410M->330M(412M) 3.041ms
[14776.203s][info][gc,cpu         ] GC(32263) User=0.00s Sys=0.00s Real=0.00s
[14776.633s][info][gc,start       ] GC(32264) Pause Young (Allocation Failure)
[14776.635s][info][gc,heap        ] GC(32264) PSYoungGen: 83360K(84480K)->352K(84480K) Eden: 81920K(81920K)->0K(81920K) From: 1440K(2560K)->352K(2560K)
[14776.635s][info][gc,heap        ] GC(32264) ParOldGen: 337481K(337920K)->337529K(337920K)
[14776.635s][info][gc,metaspace   ] GC(32264) Metaspace: 62365K(62592K)->62365K(62592K) NonClass: 53319K(53504K)->53319K(53504K) Class: 9046K(9088K)->9046K(9088K)
[14776.636s][info][gc             ] GC(32264) Pause Young (Allocation Failure) 410M->329M(412M) 2.129ms
[14776.636s][info][gc,cpu         ] GC(32264) User=0.00s Sys=0.00s Real=0.00s
[14777.083s][info][gc,start       ] GC(32265) Pause Young (Allocation Failure)
[14777.086s][info][gc,heap        ] GC(32265) PSYoungGen: 82272K(84480K)->2112K(84480K) Eden: 81920K(81920K)->0K(81920K) From: 352K(2560K)->2112K(2560K)
[14777.086s][info][gc,heap        ] GC(32265) ParOldGen: 337529K(337920K)->337577K(337920K)
[14777.086s][info][gc,metaspace   ] GC(32265) Metaspace: 62365K(62592K)->62365K(62592K) NonClass: 53319K(53504K)->53319K(53504K) Class: 9046K(9088K)->9046K(9088K)
[14777.086s][info][gc             ] GC(32265) Pause Young (Allocation Failure) 409M->331M(412M) 2.782ms
[14777.086s][info][gc,cpu         ] GC(32265) User=0.01s Sys=0.00s Real=0.01s
[14777.521s][info][gc,start       ] GC(32266) Pause Young (Allocation Failure)
[14777.525s][info][gc,heap        ] GC(32266) PSYoungGen: 84032K(84480K)->1728K(83456K) Eden: 81920K(81920K)->0K(80896K) From: 2112K(2560K)->1728K(2560K)
[14777.525s][info][gc,heap        ] GC(32266) ParOldGen: 337577K(337920K)->338657K(339456K)
[14777.525s][info][gc,metaspace   ] GC(32266) Metaspace: 62365K(62592K)->62365K(62592K) NonClass: 53319K(53504K)->53319K(53504K) Class: 9046K(9088K)->9046K(9088K)
[14777.525s][info][gc             ] GC(32266) Pause Young (Allocation Failure) 411M->332M(413M) 3.691ms
[14777.525s][info][gc,cpu         ] GC(32266) User=0.01s Sys=0.00s Real=0.00s
[14777.911s][info][gc,start       ] GC(32267) Pause Young (Allocation Failure)
[14777.914s][info][gc,heap        ] GC(32267) PSYoungGen: 82624K(83456K)->1536K(83968K) Eden: 80896K(80896K)->0K(80896K) From: 1728K(2560K)->1536K(3072K)
[14777.914s][info][gc,heap        ] GC(32267) ParOldGen: 338657K(339456K)->338713K(339456K)
[14777.914s][info][gc,metaspace   ] GC(32267) Metaspace: 62365K(62592K)->62365K(62592K) NonClass: 53319K(53504K)->53319K(53504K) Class: 9046K(9088K)->9046K(9088K)
[14777.914s][info][gc             ] GC(32267) Pause Young (Allocation Failure) 411M->332M(413M) 3.110ms
[14777.914s][info][gc,cpu         ] GC(32267) User=0.00s Sys=0.00s Real=0.00s
[14778.323s][info][gc,start       ] GC(32268) Pause Young (Allocation Failure)
[14778.325s][info][gc,heap        ] GC(32268) PSYoungGen: 82432K(83968K)->192K(83968K) Eden: 80896K(80896K)->0K(80896K) From: 1536K(3072K)->192K(3072K)
[14778.325s][info][gc,heap        ] GC(32268) ParOldGen: 338713K(339456K)->338769K(339456K)
[14778.325s][info][gc,metaspace   ] GC(32268) Metaspace: 62365K(62592K)->62365K(62592K) NonClass: 53319K(53504K)->53319K(53504K) Class: 9046K(9088K)->9046K(9088K)
[14778.325s][info][gc             ] GC(32268) Pause Young (Allocation Failure) 411M->331M(413M) 1.966ms
[14778.325s][info][gc,cpu         ] GC(32268) User=0.01s Sys=0.00s Real=0.00s
[14778.760s][info][gc,start       ] GC(32269) Pause Young (Allocation Failure)
[14778.762s][info][gc,heap        ] GC(32269) PSYoungGen: 81088K(83968K)->736K(83968K) Eden: 80896K(80896K)->0K(80896K) From: 192K(3072K)->736K(3072K)
[14778.762s][info][gc,heap        ] GC(32269) ParOldGen: 338769K(339456K)->338817K(339456K)
[14778.762s][info][gc,metaspace   ] GC(32269) Metaspace: 62365K(62592K)->62365K(62592K) NonClass: 53319K(53504K)->53319K(53504K) Class: 9046K(9088K)->9046K(9088K)
[14778.762s][info][gc             ] GC(32269) Pause Young (Allocation Failure) 410M->331M(413M) 2.316ms
[14778.762s][info][gc,cpu         ] GC(32269) User=0.00s Sys=0.00s Real=0.00s
[14779.192s][info][gc,start       ] GC(32270) Pause Young (Allocation Failure)
[14779.195s][info][gc,heap        ] GC(32270) PSYoungGen: 81632K(83968K)->1248K(84480K) Eden: 80896K(80896K)->0K(81408K) From: 736K(3072K)->1248K(3072K)
[14779.195s][info][gc,heap        ] GC(32270) ParOldGen: 338817K(339456K)->338873K(339456K)
[14779.195s][info][gc,metaspace   ] GC(32270) Metaspace: 62365K(62592K)->62365K(62592K) NonClass: 53319K(53504K)->53319K(53504K) Class: 9046K(9088K)->9046K(9088K)
[14779.195s][info][gc             ] GC(32270) Pause Young (Allocation Failure) 410M->332M(414M) 2.773ms
[14779.195s][info][gc,cpu         ] GC(32270) User=0.00s Sys=0.00s Real=0.00s
[14779.589s][info][gc,start       ] GC(32271) Pause Young (Allocation Failure)
[14779.592s][info][gc,heap        ] GC(32271) PSYoungGen: 82656K(84480K)->1280K(83968K) Eden: 81408K(81408K)->0K(81408K) From: 1248K(3072K)->1280K(2560K)
[14779.592s][info][gc,heap        ] GC(32271) ParOldGen: 338873K(339456K)->338921K(339456K)
[14779.592s][info][gc,metaspace   ] GC(32271) Metaspace: 62365K(62592K)->62365K(62592K) NonClass: 53319K(53504K)->53319K(53504K) Class: 9046K(9088K)->9046K(9088K)
[14779.592s][info][gc             ] GC(32271) Pause Young (Allocation Failure) 411M->332M(413M) 2.797ms
[14779.592s][info][gc,cpu         ] GC(32271) User=0.01s Sys=0.00s Real=0.00s
[14779.984s][info][gc,start       ] GC(32272) Pause Young (Allocation Failure)
[14779.986s][info][gc,heap        ] GC(32272) PSYoungGen: 82688K(83968K)->1216K(84480K) Eden: 81408K(81408K)->0K(81920K) From: 1280K(2560K)->1216K(2560K)
[14779.986s][info][gc,heap        ] GC(32272) ParOldGen: 338921K(339456K)->338977K(339456K)
[14779.986s][info][gc,metaspace   ] GC(32272) Metaspace: 62365K(62592K)->62365K(62592K) NonClass: 53319K(53504K)->53319K(53504K) Class: 9046K(9088K)->9046K(9088K)
[14779.987s][info][gc             ] GC(32272) Pause Young (Allocation Failure) 411M->332M(414M) 2.769ms
[14779.987s][info][gc,cpu         ] GC(32272) User=0.00s Sys=0.00s Real=0.01s
[14780.375s][info][gc,start       ] GC(32273) Pause Young (Allocation Failure)
[14780.377s][info][gc,heap        ] GC(32273) PSYoungGen: 83136K(84480K)->1024K(84480K) Eden: 81920K(81920K)->0K(81920K) From: 1216K(2560K)->1024K(2560K)
[14780.377s][info][gc,heap        ] GC(32273) ParOldGen: 338977K(339456K)->339025K(339456K)
[14780.377s][info][gc,metaspace   ] GC(32273) Metaspace: 62365K(62592K)->62365K(62592K) NonClass: 53319K(53504K)->53319K(53504K) Class: 9046K(9088K)->9046K(9088K)
[14780.377s][info][gc             ] GC(32273) Pause Young (Allocation Failure) 412M->332M(414M) 2.591ms
[14780.377s][info][gc,cpu         ] GC(32273) User=0.00s Sys=0.00s Real=0.01s
[14780.782s][info][gc,start       ] GC(32274) Pause Young (Allocation Failure)
[14780.785s][info][gc,heap        ] GC(32274) PSYoungGen: 82944K(84480K)->1120K(84480K) Eden: 81920K(81920K)->0K(81920K) From: 1024K(2560K)->1120K(2560K)
[14780.785s][info][gc,heap        ] GC(32274) ParOldGen: 339025K(339456K)->339073K(339456K)
[14780.785s][info][gc,metaspace   ] GC(32274) Metaspace: 62365K(62592K)->62365K(62592K) NonClass: 53319K(53504K)->53319K(53504K) Class: 9046K(9088K)->9046K(9088K)
[14780.785s][info][gc             ] GC(32274) Pause Young (Allocation Failure) 412M->332M(414M) 2.737ms
[14780.785s][info][gc,cpu         ] GC(32274) User=0.01s Sys=0.00s Real=0.00s
[14781.160s][info][gc,start       ] GC(32275) Pause Young (Allocation Failure)
[14781.164s][info][gc,heap        ] GC(32275) PSYoungGen: 83040K(84480K)->1888K(84480K) Eden: 81920K(81920K)->0K(81920K) From: 1120K(2560K)->1888K(2560K)
[14781.164s][info][gc,heap        ] GC(32275) ParOldGen: 339073K(339456K)->341177K(342528K)
[14781.164s][info][gc,metaspace   ] GC(32275) Metaspace: 62365K(62592K)->62365K(62592K) NonClass: 53319K(53504K)->53319K(53504K) Class: 9046K(9088K)->9046K(9088K)
[14781.164s][info][gc             ] GC(32275) Pause Young (Allocation Failure) 412M->335M(417M) 4.049ms
[14781.164s][info][gc,cpu         ] GC(32275) User=0.01s Sys=0.00s Real=0.00s
[14781.614s][info][gc,start       ] GC(32276) Pause Young (Allocation Failure)
[14781.618s][info][gc,heap        ] GC(32276) PSYoungGen: 83808K(84480K)->1520K(84480K) Eden: 81920K(81920K)->0K(81920K) From: 1888K(2560K)->1520K(2560K)
[14781.618s][info][gc,heap        ] GC(32276) ParOldGen: 341177K(342528K)->343273K(344064K)
[14781.618s][info][gc,metaspace   ] GC(32276) Metaspace: 62365K(62592K)->62365K(62592K) NonClass: 53319K(53504K)->53319K(53504K) Class: 9046K(9088K)->9046K(9088K)
[14781.618s][info][gc             ] GC(32276) Pause Young (Allocation Failure) 415M->336M(418M) 4.035ms
[14781.618s][info][gc,cpu         ] GC(32276) User=0.00s Sys=0.00s Real=0.01s
[14782.057s][info][gc,start       ] GC(32277) Pause Young (Allocation Failure)
[14782.059s][info][gc,heap        ] GC(32277) PSYoungGen: 83440K(84480K)->704K(84480K) Eden: 81920K(81920K)->0K(81920K) From: 1520K(2560K)->704K(2560K)
[14782.059s][info][gc,heap        ] GC(32277) ParOldGen: 343273K(344064K)->343369K(344064K)
[14782.059s][info][gc,metaspace   ] GC(32277) Metaspace: 62365K(62592K)->62365K(62592K) NonClass: 53319K(53504K)->53319K(53504K) Class: 9046K(9088K)->9046K(9088K)
[14782.059s][info][gc             ] GC(32277) Pause Young (Allocation Failure) 416M->336M(418M) 2.348ms
[14782.059s][info][gc,cpu         ] GC(32277) User=0.01s Sys=0.00s Real=0.00s
[14782.495s][info][gc,start       ] GC(32278) Pause Young (Allocation Failure)
[14782.498s][info][gc,heap        ] GC(32278) PSYoungGen: 82624K(84480K)->1312K(84480K) Eden: 81920K(81920K)->0K(81920K) From: 704K(2560K)->1312K(2560K)
[14782.498s][info][gc,heap        ] GC(32278) ParOldGen: 343369K(344064K)->343417K(344064K)
[14782.498s][info][gc,metaspace   ] GC(32278) Metaspace: 62365K(62592K)->62365K(62592K) NonClass: 53319K(53504K)->53319K(53504K) Class: 9046K(9088K)->9046K(9088K)
[14782.498s][info][gc             ] GC(32278) Pause Young (Allocation Failure) 416M->336M(418M) 2.827ms
[14782.498s][info][gc,cpu         ] GC(32278) User=0.00s Sys=0.00s Real=0.01s
[14782.861s][info][gc,start       ] GC(32279) Pause Young (Allocation Failure)
[14782.863s][info][gc,heap        ] GC(32279) PSYoungGen: 83232K(84480K)->832K(84480K) Eden: 81920K(81920K)->0K(81920K) From: 1312K(2560K)->832K(2560K)
[14782.864s][info][gc,heap        ] GC(32279) ParOldGen: 343417K(344064K)->343465K(344064K)
[14782.864s][info][gc,metaspace   ] GC(32279) Metaspace: 62365K(62592K)->62365K(62592K) NonClass: 53319K(53504K)->53319K(53504K) Class: 9046K(9088K)->9046K(9088K)
[14782.864s][info][gc             ] GC(32279) Pause Young (Allocation Failure) 416M->336M(418M) 2.404ms
[14782.864s][info][gc,cpu         ] GC(32279) User=0.00s Sys=0.00s Real=0.00s
[14783.300s][info][gc,start       ] GC(32280) Pause Young (Allocation Failure)
[14783.303s][info][gc,heap        ] GC(32280) PSYoungGen: 82752K(84480K)->1312K(84480K) Eden: 81920K(81920K)->0K(81920K) From: 832K(2560K)->1312K(2560K)
[14783.303s][info][gc,heap        ] GC(32280) ParOldGen: 343465K(344064K)->343513K(344064K)
[14783.303s][info][gc,metaspace   ] GC(32280) Metaspace: 62365K(62592K)->62365K(62592K) NonClass: 53319K(53504K)->53319K(53504K) Class: 9046K(9088K)->9046K(9088K)
[14783.303s][info][gc             ] GC(32280) Pause Young (Allocation Failure) 416M->336M(418M) 2.978ms
[14783.303s][info][gc,cpu         ] GC(32280) User=0.01s Sys=0.00s Real=0.00s
[14783.671s][info][gc,start       ] GC(32281) Pause Young (Allocation Failure)
[14783.673s][info][gc,heap        ] GC(32281) PSYoungGen: 83232K(84480K)->1056K(84480K) Eden: 81920K(81920K)->0K(81920K) From: 1312K(2560K)->1056K(2560K)
[14783.673s][info][gc,heap        ] GC(32281) ParOldGen: 343513K(344064K)->343561K(344064K)
[14783.673s][info][gc,metaspace   ] GC(32281) Metaspace: 62365K(62592K)->62365K(62592K) NonClass: 53319K(53504K)->53319K(53504K) Class: 9046K(9088K)->9046K(9088K)
[14783.673s][info][gc             ] GC(32281) Pause Young (Allocation Failure) 416M->336M(418M) 2.731ms
[14783.673s][info][gc,cpu         ] GC(32281) User=0.01s Sys=0.00s Real=0.00s
[14784.120s][info][gc,start       ] GC(32282) Pause Young (Allocation Failure)
[14784.123s][info][gc,heap        ] GC(32282) PSYoungGen: 82976K(84480K)->1632K(84480K) Eden: 81920K(81920K)->0K(81920K) From: 1056K(2560K)->1632K(2560K)
[14784.123s][info][gc,heap        ] GC(32282) ParOldGen: 343561K(344064K)->343601K(344064K)
[14784.123s][info][gc,metaspace   ] GC(32282) Metaspace: 62365K(62592K)->62365K(62592K) NonClass: 53319K(53504K)->53319K(53504K) Class: 9046K(9088K)->9046K(9088K)
[14784.123s][info][gc             ] GC(32282) Pause Young (Allocation Failure) 416M->337M(418M) 3.208ms
[14784.123s][info][gc,cpu         ] GC(32282) User=0.01s Sys=0.00s Real=0.00s
[14784.524s][info][gc,start       ] GC(32283) Pause Young (Allocation Failure)
[14784.526s][info][gc,heap        ] GC(32283) PSYoungGen: 83552K(84480K)->224K(84480K) Eden: 81920K(81920K)->0K(81920K) From: 1632K(2560K)->224K(2560K)
[14784.526s][info][gc,heap        ] GC(32283) ParOldGen: 343601K(344064K)->343649K(344064K)
[14784.526s][info][gc,metaspace   ] GC(32283) Metaspace: 62365K(62592K)->62365K(62592K) NonClass: 53319K(53504K)->53319K(53504K) Class: 9046K(9088K)->9046K(9088K)
[14784.526s][info][gc             ] GC(32283) Pause Young (Allocation Failure) 417M->335M(418M) 1.955ms
[14784.526s][info][gc,cpu         ] GC(32283) User=0.01s Sys=0.01s Real=0.01s
[14784.949s][info][gc,start       ] GC(32284) Pause Young (Allocation Failure)
[14784.952s][info][gc,heap        ] GC(32284) PSYoungGen: 82144K(84480K)->608K(84480K) Eden: 81920K(81920K)->0K(81920K) From: 224K(2560K)->608K(2560K)
[14784.952s][info][gc,heap        ] GC(32284) ParOldGen: 343649K(344064K)->343705K(344064K)
[14784.952s][info][gc,metaspace   ] GC(32284) Metaspace: 62365K(62592K)->62365K(62592K) NonClass: 53319K(53504K)->53319K(53504K) Class: 9046K(9088K)->9046K(9088K)
[14784.952s][info][gc             ] GC(32284) Pause Young (Allocation Failure) 415M->336M(418M) 2.164ms
[14784.952s][info][gc,cpu         ] GC(32284) User=0.00s Sys=0.00s Real=0.00s
[14785.363s][info][gc,start       ] GC(32285) Pause Young (Allocation Failure)
[14785.366s][info][gc,heap        ] GC(32285) PSYoungGen: 82528K(84480K)->928K(84480K) Eden: 81920K(81920K)->0K(81920K) From: 608K(2560K)->928K(2560K)
[14785.366s][info][gc,heap        ] GC(32285) ParOldGen: 343705K(344064K)->343761K(344064K)
[14785.366s][info][gc,metaspace   ] GC(32285) Metaspace: 62365K(62592K)->62365K(62592K) NonClass: 53319K(53504K)->53319K(53504K) Class: 9046K(9088K)->9046K(9088K)
[14785.366s][info][gc             ] GC(32285) Pause Young (Allocation Failure) 416M->336M(418M) 2.491ms
[14785.366s][info][gc,cpu         ] GC(32285) User=0.00s Sys=0.00s Real=0.00s
[14785.805s][info][gc,start       ] GC(32286) Pause Young (Allocation Failure)
[14785.808s][info][gc,heap        ] GC(32286) PSYoungGen: 82848K(84480K)->1440K(84480K) Eden: 81920K(81920K)->0K(81920K) From: 928K(2560K)->1440K(2560K)
[14785.808s][info][gc,heap        ] GC(32286) ParOldGen: 343761K(344064K)->343809K(344064K)
[14785.808s][info][gc,metaspace   ] GC(32286) Metaspace: 62365K(62592K)->62365K(62592K) NonClass: 53319K(53504K)->53319K(53504K) Class: 9046K(9088K)->9046K(9088K)
[14785.808s][info][gc             ] GC(32286) Pause Young (Allocation Failure) 416M->337M(418M) 3.066ms
[14785.808s][info][gc,cpu         ] GC(32286) User=0.01s Sys=0.00s Real=0.01s
[14786.249s][info][gc,start       ] GC(32287) Pause Young (Allocation Failure)
[14786.251s][info][gc,heap        ] GC(32287) PSYoungGen: 83360K(84480K)->608K(84480K) Eden: 81920K(81920K)->0K(81920K) From: 1440K(2560K)->608K(2560K)
[14786.251s][info][gc,heap        ] GC(32287) ParOldGen: 343809K(344064K)->343865K(344064K)
[14786.251s][info][gc,metaspace   ] GC(32287) Metaspace: 62365K(62592K)->62365K(62592K) NonClass: 53319K(53504K)->53319K(53504K) Class: 9046K(9088K)->9046K(9088K)
[14786.251s][info][gc             ] GC(32287) Pause Young (Allocation Failure) 417M->336M(418M) 2.223ms
[14786.251s][info][gc,cpu         ] GC(32287) User=0.00s Sys=0.00s Real=0.00s
[14786.695s][info][gc,start       ] GC(32288) Pause Young (Allocation Failure)
[14786.698s][info][gc,heap        ] GC(32288) PSYoungGen: 82528K(84480K)->1280K(84480K) Eden: 81920K(81920K)->0K(81920K) From: 608K(2560K)->1280K(2560K)
[14786.698s][info][gc,heap        ] GC(32288) ParOldGen: 343865K(344064K)->343913K(344064K)
[14786.698s][info][gc,metaspace   ] GC(32288) Metaspace: 62365K(62592K)->62365K(62592K) NonClass: 53319K(53504K)->53319K(53504K) Class: 9046K(9088K)->9046K(9088K)
[14786.698s][info][gc             ] GC(32288) Pause Young (Allocation Failure) 416M->337M(418M) 2.881ms
[14786.698s][info][gc,cpu         ] GC(32288) User=0.01s Sys=0.00s Real=0.01s
[14787.145s][info][gc,start       ] GC(32289) Pause Young (Allocation Failure)
[14787.147s][info][gc,heap        ] GC(32289) PSYoungGen: 83200K(84480K)->544K(84480K) Eden: 81920K(81920K)->0K(81920K) From: 1280K(2560K)->544K(2560K)
[14787.147s][info][gc,heap        ] GC(32289) ParOldGen: 343913K(344064K)->343961K(344064K)
[14787.147s][info][gc,metaspace   ] GC(32289) Metaspace: 62365K(62592K)->62365K(62592K) NonClass: 53319K(53504K)->53319K(53504K) Class: 9046K(9088K)->9046K(9088K)
[14787.147s][info][gc             ] GC(32289) Pause Young (Allocation Failure) 417M->336M(418M) 2.259ms
[14787.147s][info][gc,cpu         ] GC(32289) User=0.00s Sys=0.00s Real=0.01s
[14787.588s][info][gc,start       ] GC(32290) Pause Young (Allocation Failure)
[14787.591s][info][gc,heap        ] GC(32290) PSYoungGen: 82464K(84480K)->1152K(84992K) Eden: 81920K(81920K)->0K(82432K) From: 544K(2560K)->1152K(2560K)
[14787.591s][info][gc,heap        ] GC(32290) ParOldGen: 343961K(344064K)->344009K(344064K)
[14787.591s][info][gc,metaspace   ] GC(32290) Metaspace: 62365K(62592K)->62365K(62592K) NonClass: 53319K(53504K)->53319K(53504K) Class: 9046K(9088K)->9046K(9088K)
[14787.591s][info][gc             ] GC(32290) Pause Young (Allocation Failure) 416M->337M(419M) 2.730ms
[14787.591s][info][gc,cpu         ] GC(32290) User=0.00s Sys=0.01s Real=0.00s
[14788.018s][info][gc,start       ] GC(32291) Pause Young (Allocation Failure)
[14788.021s][info][gc,heap        ] GC(32291) PSYoungGen: 83584K(84992K)->1504K(84480K) Eden: 82432K(82432K)->0K(82432K) From: 1152K(2560K)->1504K(2048K)
[14788.022s][info][gc,heap        ] GC(32291) ParOldGen: 344009K(344064K)->344065K(344576K)
[14788.022s][info][gc,metaspace   ] GC(32291) Metaspace: 62365K(62592K)->62365K(62592K) NonClass: 53319K(53504K)->53319K(53504K) Class: 9046K(9088K)->9046K(9088K)
[14788.022s][info][gc             ] GC(32291) Pause Young (Allocation Failure) 417M->337M(419M) 3.048ms
[14788.022s][info][gc,cpu         ] GC(32291) User=0.01s Sys=0.00s Real=0.00s
[14788.395s][info][gc,start       ] GC(32292) Pause Young (Allocation Failure)
[14788.398s][info][gc,heap        ] GC(32292) PSYoungGen: 83936K(84480K)->1504K(84480K) Eden: 82432K(82432K)->0K(81920K) From: 1504K(2048K)->1504K(2560K)
[14788.398s][info][gc,heap        ] GC(32292) ParOldGen: 344065K(344576K)->344113K(344576K)
[14788.398s][info][gc,metaspace   ] GC(32292) Metaspace: 62365K(62592K)->62365K(62592K) NonClass: 53319K(53504K)->53319K(53504K) Class: 9046K(9088K)->9046K(9088K)
[14788.398s][info][gc             ] GC(32292) Pause Young (Allocation Failure) 417M->337M(419M) 3.217ms
[14788.398s][info][gc,cpu         ] GC(32292) User=0.01s Sys=0.00s Real=0.01s
[14788.865s][info][gc,start       ] GC(32293) Pause Young (Allocation Failure)
[14788.868s][info][gc,heap        ] GC(32293) PSYoungGen: 83424K(84480K)->848K(84480K) Eden: 81920K(81920K)->0K(81920K) From: 1504K(2560K)->848K(2560K)
[14788.868s][info][gc,heap        ] GC(32293) ParOldGen: 344113K(344576K)->344169K(344576K)
[14788.868s][info][gc,metaspace   ] GC(32293) Metaspace: 62365K(62592K)->62365K(62592K) NonClass: 53319K(53504K)->53319K(53504K) Class: 9046K(9088K)->9046K(9088K)
[14788.868s][info][gc             ] GC(32293) Pause Young (Allocation Failure) 417M->336M(419M) 2.524ms
[14788.868s][info][gc,cpu         ] GC(32293) User=0.00s Sys=0.01s Real=0.01s
[14789.304s][info][gc,start       ] GC(32294) Pause Young (Allocation Failure)
[14789.307s][info][gc,heap        ] GC(32294) PSYoungGen: 82768K(84480K)->1056K(84992K) Eden: 81920K(81920K)->0K(82432K) From: 848K(2560K)->1056K(2560K)
[14789.307s][info][gc,heap        ] GC(32294) ParOldGen: 344169K(344576K)->344273K(344576K)
[14789.307s][info][gc,metaspace   ] GC(32294) Metaspace: 62365K(62592K)->62365K(62592K) NonClass: 53319K(53504K)->53319K(53504K) Class: 9046K(9088K)->9046K(9088K)
[14789.307s][info][gc             ] GC(32294) Pause Young (Allocation Failure) 416M->337M(419M) 2.809ms
[14789.307s][info][gc,cpu         ] GC(32294) User=0.01s Sys=0.00s Real=0.01s
[14789.729s][info][gc,start       ] GC(32295) Pause Young (Allocation Failure)
[14789.731s][info][gc,heap        ] GC(32295) PSYoungGen: 83488K(84992K)->320K(84480K) Eden: 82432K(82432K)->0K(82432K) From: 1056K(2560K)->320K(2048K)
[14789.731s][info][gc,heap        ] GC(32295) ParOldGen: 344273K(344576K)->344321K(344576K)
[14789.731s][info][gc,metaspace   ] GC(32295) Metaspace: 62365K(62592K)->62365K(62592K) NonClass: 53319K(53504K)->53319K(53504K) Class: 9046K(9088K)->9046K(9088K)
[14789.731s][info][gc             ] GC(32295) Pause Young (Allocation Failure) 417M->336M(419M) 2.051ms
[14789.731s][info][gc,cpu         ] GC(32295) User=0.00s Sys=0.00s Real=0.00s
[14790.167s][info][gc,start       ] GC(32296) Pause Young (Allocation Failure)
[14790.170s][info][gc,heap        ] GC(32296) PSYoungGen: 82752K(84480K)->1920K(84480K) Eden: 82432K(82432K)->0K(81920K) From: 320K(2048K)->1920K(2560K)
[14790.170s][info][gc,heap        ] GC(32296) ParOldGen: 344321K(344576K)->344377K(344576K)
[14790.170s][info][gc,metaspace   ] GC(32296) Metaspace: 62365K(62592K)->62365K(62592K) NonClass: 53319K(53504K)->53319K(53504K) Class: 9046K(9088K)->9046K(9088K)
[14790.170s][info][gc             ] GC(32296) Pause Young (Allocation Failure) 417M->338M(419M) 2.670ms
[14790.170s][info][gc,cpu         ] GC(32296) User=0.01s Sys=0.00s Real=0.00s
[14790.588s][info][gc,start       ] GC(32297) Pause Young (Allocation Failure)
[14790.591s][info][gc,heap        ] GC(32297) PSYoungGen: 83840K(84480K)->1248K(84480K) Eden: 81920K(81920K)->0K(81920K) From: 1920K(2560K)->1248K(2560K)
[14790.591s][info][gc,heap        ] GC(32297) ParOldGen: 344377K(344576K)->345449K(346112K)
[14790.591s][info][gc,metaspace   ] GC(32297) Metaspace: 62365K(62592K)->62365K(62592K) NonClass: 53319K(53504K)->53319K(53504K) Class: 9046K(9088K)->9046K(9088K)
[14790.591s][info][gc             ] GC(32297) Pause Young (Allocation Failure) 418M->338M(420M) 3.490ms
[14790.591s][info][gc,cpu         ] GC(32297) User=0.01s Sys=0.00s Real=0.00s
[14791.006s][info][gc,start       ] GC(32298) Pause Young (Allocation Failure)
[14791.009s][info][gc,heap        ] GC(32298) PSYoungGen: 83168K(84480K)->1536K(84480K) Eden: 81920K(81920K)->0K(81920K) From: 1248K(2560K)->1536K(2560K)
[14791.009s][info][gc,heap        ] GC(32298) ParOldGen: 345449K(346112K)->345497K(346112K)
[14791.009s][info][gc,metaspace   ] GC(32298) Metaspace: 62365K(62592K)->62365K(62592K) NonClass: 53319K(53504K)->53319K(53504K) Class: 9046K(9088K)->9046K(9088K)
[14791.009s][info][gc             ] GC(32298) Pause Young (Allocation Failure) 418M->338M(420M) 3.136ms
[14791.009s][info][gc,cpu         ] GC(32298) User=0.01s Sys=0.00s Real=0.00s
[14791.414s][info][gc,start       ] GC(32299) Pause Young (Allocation Failure)
[14791.417s][info][gc,heap        ] GC(32299) PSYoungGen: 83456K(84480K)->1696K(84480K) Eden: 81920K(81920K)->0K(81920K) From: 1536K(2560K)->1696K(2560K)
[14791.417s][info][gc,heap        ] GC(32299) ParOldGen: 345497K(346112K)->345545K(346112K)
[14791.417s][info][gc,metaspace   ] GC(32299) Metaspace: 62365K(62592K)->62365K(62592K) NonClass: 53319K(53504K)->53319K(53504K) Class: 9046K(9088K)->9046K(9088K)
[14791.417s][info][gc             ] GC(32299) Pause Young (Allocation Failure) 418M->339M(420M) 3.224ms
[14791.417s][info][gc,cpu         ] GC(32299) User=0.00s Sys=0.00s Real=0.01s
[14791.825s][info][gc,start       ] GC(32300) Pause Young (Allocation Failure)
[14791.827s][info][gc,heap        ] GC(32300) PSYoungGen: 83616K(84480K)->224K(84480K) Eden: 81920K(81920K)->0K(81920K) From: 1696K(2560K)->224K(2560K)
[14791.827s][info][gc,heap        ] GC(32300) ParOldGen: 345545K(346112K)->345601K(346112K)
[14791.827s][info][gc,metaspace   ] GC(32300) Metaspace: 62365K(62592K)->62365K(62592K) NonClass: 53319K(53504K)->53319K(53504K) Class: 9046K(9088K)->9046K(9088K)
[14791.827s][info][gc             ] GC(32300) Pause Young (Allocation Failure) 419M->337M(420M) 1.979ms
[14791.827s][info][gc,cpu         ] GC(32300) User=0.00s Sys=0.00s Real=0.01s
[14792.256s][info][gc,start       ] GC(32301) Pause Young (Allocation Failure)
[14792.259s][info][gc,heap        ] GC(32301) PSYoungGen: 82144K(84480K)->704K(84480K) Eden: 81920K(81920K)->0K(81920K) From: 224K(2560K)->704K(2560K)
[14792.259s][info][gc,heap        ] GC(32301) ParOldGen: 345601K(346112K)->345649K(346112K)
[14792.259s][info][gc,metaspace   ] GC(32301) Metaspace: 62365K(62592K)->62365K(62592K) NonClass: 53319K(53504K)->53319K(53504K) Class: 9046K(9088K)->9046K(9088K)
[14792.259s][info][gc             ] GC(32301) Pause Young (Allocation Failure) 417M->338M(420M) 2.406ms
[14792.259s][info][gc,cpu         ] GC(32301) User=0.00s Sys=0.00s Real=0.00s
[14792.675s][info][gc,start       ] GC(32302) Pause Young (Allocation Failure)
[14792.678s][info][gc,heap        ] GC(32302) PSYoungGen: 82624K(84480K)->1120K(84480K) Eden: 81920K(81920K)->0K(81920K) From: 704K(2560K)->1120K(2560K)
[14792.678s][info][gc,heap        ] GC(32302) ParOldGen: 345649K(346112K)->345705K(346112K)
[14792.678s][info][gc,metaspace   ] GC(32302) Metaspace: 62365K(62592K)->62365K(62592K) NonClass: 53319K(53504K)->53319K(53504K) Class: 9046K(9088K)->9046K(9088K)
[14792.678s][info][gc             ] GC(32302) Pause Young (Allocation Failure) 418M->338M(420M) 2.679ms
[14792.678s][info][gc,cpu         ] GC(32302) User=0.00s Sys=0.00s Real=0.01s
[14793.066s][info][gc,start       ] GC(32303) Pause Young (Allocation Failure)
[14793.068s][info][gc,heap        ] GC(32303) PSYoungGen: 83040K(84480K)->864K(84480K) Eden: 81920K(81920K)->0K(81920K) From: 1120K(2560K)->864K(2560K)
[14793.068s][info][gc,heap        ] GC(32303) ParOldGen: 345705K(346112K)->345753K(346112K)
[14793.068s][info][gc,metaspace   ] GC(32303) Metaspace: 62365K(62592K)->62365K(62592K) NonClass: 53319K(53504K)->53319K(53504K) Class: 9046K(9088K)->9046K(9088K)
[14793.068s][info][gc             ] GC(32303) Pause Young (Allocation Failure) 418M->338M(420M) 2.470ms
[14793.068s][info][gc,cpu         ] GC(32303) User=0.00s Sys=0.00s Real=0.01s
[14793.466s][info][gc,start       ] GC(32304) Pause Young (Allocation Failure)
[14793.468s][info][gc,heap        ] GC(32304) PSYoungGen: 82784K(84480K)->896K(84480K) Eden: 81920K(81920K)->0K(81920K) From: 864K(2560K)->896K(2560K)
[14793.468s][info][gc,heap        ] GC(32304) ParOldGen: 345753K(346112K)->345801K(346112K)
[14793.468s][info][gc,metaspace   ] GC(32304) Metaspace: 62365K(62592K)->62365K(62592K) NonClass: 53319K(53504K)->53319K(53504K) Class: 9046K(9088K)->9046K(9088K)
[14793.468s][info][gc             ] GC(32304) Pause Young (Allocation Failure) 418M->338M(420M) 2.505ms
[14793.468s][info][gc,cpu         ] GC(32304) User=0.00s Sys=0.00s Real=0.01s
[14793.861s][info][gc,start       ] GC(32305) Pause Young (Allocation Failure)
[14793.863s][info][gc,heap        ] GC(32305) PSYoungGen: 82816K(84480K)->896K(84480K) Eden: 81920K(81920K)->0K(81920K) From: 896K(2560K)->896K(2560K)
[14793.863s][info][gc,heap        ] GC(32305) ParOldGen: 345801K(346112K)->345857K(346112K)
[14793.863s][info][gc,metaspace   ] GC(32305) Metaspace: 62365K(62592K)->62365K(62592K) NonClass: 53319K(53504K)->53319K(53504K) Class: 9046K(9088K)->9046K(9088K)
[14793.863s][info][gc             ] GC(32305) Pause Young (Allocation Failure) 418M->338M(420M) 2.476ms
[14793.863s][info][gc,cpu         ] GC(32305) User=0.00s Sys=0.00s Real=0.00s
[14794.275s][info][gc,start       ] GC(32306) Pause Young (Allocation Failure)
[14794.278s][info][gc,heap        ] GC(32306) PSYoungGen: 82816K(84480K)->928K(84992K) Eden: 81920K(81920K)->0K(82944K) From: 896K(2560K)->928K(2048K)
[14794.278s][info][gc,heap        ] GC(32306) ParOldGen: 345857K(346112K)->345905K(346112K)
[14794.278s][info][gc,metaspace   ] GC(32306) Metaspace: 62365K(62592K)->62365K(62592K) NonClass: 53319K(53504K)->53319K(53504K) Class: 9046K(9088K)->9046K(9088K)
[14794.278s][info][gc             ] GC(32306) Pause Young (Allocation Failure) 418M->338M(421M) 2.448ms
[14794.278s][info][gc,cpu         ] GC(32306) User=0.01s Sys=0.00s Real=0.01s
[14794.717s][info][gc,start       ] GC(32307) Pause Young (Allocation Failure)
[14794.721s][info][gc,heap        ] GC(32307) PSYoungGen: 83872K(84992K)->1600K(84992K) Eden: 82944K(82944K)->0K(82944K) From: 928K(2048K)->1600K(2048K)
[14794.721s][info][gc,heap        ] GC(32307) ParOldGen: 345905K(346112K)->348009K(349184K)
[14794.721s][info][gc,metaspace   ] GC(32307) Metaspace: 62365K(62592K)->62365K(62592K) NonClass: 53319K(53504K)->53319K(53504K) Class: 9046K(9088K)->9046K(9088K)
[14794.721s][info][gc             ] GC(32307) Pause Young (Allocation Failure) 419M->341M(424M) 4.245ms
[14794.722s][info][gc,cpu         ] GC(32307) User=0.01s Sys=0.00s Real=0.00s
[14795.162s][info][gc,start       ] GC(32308) Pause Young (Allocation Failure)
[14795.165s][info][gc,heap        ] GC(32308) PSYoungGen: 84544K(84992K)->800K(84992K) Eden: 82944K(82944K)->0K(82944K) From: 1600K(2048K)->800K(2048K)
[14795.165s][info][gc,heap        ] GC(32308) ParOldGen: 348009K(349184K)->348057K(349184K)
[14795.165s][info][gc,metaspace   ] GC(32308) Metaspace: 62365K(62592K)->62365K(62592K) NonClass: 53319K(53504K)->53319K(53504K) Class: 9046K(9088K)->9046K(9088K)
[14795.165s][info][gc             ] GC(32308) Pause Young (Allocation Failure) 422M->340M(424M) 2.486ms
[14795.165s][info][gc,cpu         ] GC(32308) User=0.00s Sys=0.00s Real=0.00s
[14795.604s][info][gc,start       ] GC(32309) Pause Young (Allocation Failure)
[14795.607s][info][gc,heap        ] GC(32309) PSYoungGen: 83744K(84992K)->1472K(84480K) Eden: 82944K(82944K)->0K(82944K) From: 800K(2048K)->1472K(1536K)
[14795.607s][info][gc,heap        ] GC(32309) ParOldGen: 348057K(349184K)->348105K(349184K)
[14795.607s][info][gc,metaspace   ] GC(32309) Metaspace: 62365K(62592K)->62365K(62592K) NonClass: 53319K(53504K)->53319K(53504K) Class: 9046K(9088K)->9046K(9088K)
[14795.607s][info][gc             ] GC(32309) Pause Young (Allocation Failure) 421M->341M(423M) 2.949ms
[14795.607s][info][gc,cpu         ] GC(32309) User=0.00s Sys=0.00s Real=0.01s
[14796.047s][info][gc,start       ] GC(32310) Pause Young (Allocation Failure)
[14796.049s][info][gc,heap        ] GC(32310) PSYoungGen: 84416K(84480K)->640K(84992K) Eden: 82944K(82944K)->0K(82432K) From: 1472K(1536K)->640K(2560K)
[14796.049s][info][gc,heap        ] GC(32310) ParOldGen: 348105K(349184K)->348153K(349184K)
[14796.049s][info][gc,metaspace   ] GC(32310) Metaspace: 62365K(62592K)->62365K(62592K) NonClass: 53319K(53504K)->53319K(53504K) Class: 9046K(9088K)->9046K(9088K)
[14796.049s][info][gc             ] GC(32310) Pause Young (Allocation Failure) 422M->340M(424M) 2.208ms
[14796.049s][info][gc,cpu         ] GC(32310) User=0.00s Sys=0.01s Real=0.00s
[14796.495s][info][gc,start       ] GC(32311) Pause Young (Allocation Failure)
[14796.498s][info][gc,heap        ] GC(32311) PSYoungGen: 83072K(84992K)->1248K(84480K) Eden: 82432K(82432K)->0K(82432K) From: 640K(2560K)->1248K(2048K)
[14796.498s][info][gc,heap        ] GC(32311) ParOldGen: 348153K(349184K)->348249K(349184K)
[14796.498s][info][gc,metaspace   ] GC(32311) Metaspace: 62365K(62592K)->62365K(62592K) NonClass: 53319K(53504K)->53319K(53504K) Class: 9046K(9088K)->9046K(9088K)
[14796.498s][info][gc             ] GC(32311) Pause Young (Allocation Failure) 421M->341M(423M) 2.874ms
[14796.498s][info][gc,cpu         ] GC(32311) User=0.01s Sys=0.00s Real=0.01s
[14796.903s][info][gc,start       ] GC(32312) Pause Young (Allocation Failure)
[14796.906s][info][gc,heap        ] GC(32312) PSYoungGen: 83680K(84480K)->1504K(83968K) Eden: 82432K(82432K)->0K(81920K) From: 1248K(2048K)->1504K(2048K)
[14796.906s][info][gc,heap        ] GC(32312) ParOldGen: 348249K(349184K)->348297K(349184K)
[14796.906s][info][gc,metaspace   ] GC(32312) Metaspace: 62365K(62592K)->62365K(62592K) NonClass: 53319K(53504K)->53319K(53504K) Class: 9046K(9088K)->9046K(9088K)
[14796.906s][info][gc             ] GC(32312) Pause Young (Allocation Failure) 421M->341M(423M) 3.114ms
[14796.907s][info][gc,cpu         ] GC(32312) User=0.00s Sys=0.00s Real=0.01s
[14797.343s][info][gc,start       ] GC(32313) Pause Young (Allocation Failure)
[14797.346s][info][gc,heap        ] GC(32313) PSYoungGen: 83424K(83968K)->512K(84480K) Eden: 81920K(81920K)->0K(81920K) From: 1504K(2048K)->512K(2560K)
[14797.346s][info][gc,heap        ] GC(32313) ParOldGen: 348297K(349184K)->348353K(349184K)
[14797.346s][info][gc,metaspace   ] GC(32313) Metaspace: 62365K(62592K)->62365K(62592K) NonClass: 53319K(53504K)->53319K(53504K) Class: 9046K(9088K)->9046K(9088K)
[14797.346s][info][gc             ] GC(32313) Pause Young (Allocation Failure) 421M->340M(423M) 2.191ms
[14797.346s][info][gc,cpu         ] GC(32313) User=0.00s Sys=0.00s Real=0.00s
[14797.742s][info][gc,start       ] GC(32314) Pause Young (Allocation Failure)
[14797.745s][info][gc,heap        ] GC(32314) PSYoungGen: 82432K(84480K)->512K(84480K) Eden: 81920K(81920K)->0K(81920K) From: 512K(2560K)->512K(2560K)
[14797.745s][info][gc,heap        ] GC(32314) ParOldGen: 348353K(349184K)->348409K(349184K)
[14797.745s][info][gc,metaspace   ] GC(32314) Metaspace: 62365K(62592K)->62365K(62592K) NonClass: 53319K(53504K)->53319K(53504K) Class: 9046K(9088K)->9046K(9088K)
[14797.745s][info][gc             ] GC(32314) Pause Young (Allocation Failure) 420M->340M(423M) 2.240ms
[14797.745s][info][gc,cpu         ] GC(32314) User=0.01s Sys=0.00s Real=0.00s
[14798.182s][info][gc,start       ] GC(32315) Pause Young (Allocation Failure)
[14798.185s][info][gc,heap        ] GC(32315) PSYoungGen: 82432K(84480K)->960K(84480K) Eden: 81920K(81920K)->0K(81920K) From: 512K(2560K)->960K(2560K)
[14798.185s][info][gc,heap        ] GC(32315) ParOldGen: 348409K(349184K)->348465K(349184K)
[14798.185s][info][gc,metaspace   ] GC(32315) Metaspace: 62365K(62592K)->62365K(62592K) NonClass: 53319K(53504K)->53319K(53504K) Class: 9046K(9088K)->9046K(9088K)
[14798.185s][info][gc             ] GC(32315) Pause Young (Allocation Failure) 420M->341M(423M) 2.631ms
[14798.185s][info][gc,cpu         ] GC(32315) User=0.01s Sys=0.00s Real=0.00s
[14798.614s][info][gc,start       ] GC(32316) Pause Young (Allocation Failure)
[14798.617s][info][gc,heap        ] GC(32316) PSYoungGen: 82880K(84480K)->1632K(83968K) Eden: 81920K(81920K)->0K(81920K) From: 960K(2560K)->1632K(2048K)
[14798.617s][info][gc,heap        ] GC(32316) ParOldGen: 348465K(349184K)->348513K(349184K)
[14798.617s][info][gc,metaspace   ] GC(32316) Metaspace: 62365K(62592K)->62365K(62592K) NonClass: 53319K(53504K)->53319K(53504K) Class: 9046K(9088K)->9046K(9088K)
[14798.617s][info][gc             ] GC(32316) Pause Young (Allocation Failure) 421M->341M(423M) 3.151ms
[14798.617s][info][gc,cpu         ] GC(32316) User=0.00s Sys=0.00s Real=0.01s
[14799.017s][info][gc,start       ] GC(32317) Pause Young (Allocation Failure)
[14799.020s][info][gc,heap        ] GC(32317) PSYoungGen: 83552K(83968K)->2528K(84480K) Eden: 81920K(81920K)->0K(81920K) From: 1632K(2048K)->2528K(2560K)
[14799.020s][info][gc,heap        ] GC(32317) ParOldGen: 348513K(349184K)->348761K(349184K)
[14799.020s][info][gc,metaspace   ] GC(32317) Metaspace: 62365K(62592K)->62365K(62592K) NonClass: 53319K(53504K)->53319K(53504K) Class: 9046K(9088K)->9046K(9088K)
[14799.020s][info][gc             ] GC(32317) Pause Young (Allocation Failure) 421M->343M(423M) 3.472ms
[14799.020s][info][gc,cpu         ] GC(32317) User=0.01s Sys=0.00s Real=0.00s
[14799.422s][info][gc,start       ] GC(32318) Pause Young (Allocation Failure)
[14799.425s][info][gc,heap        ] GC(32318) PSYoungGen: 84448K(84480K)->224K(83456K) Eden: 81920K(81920K)->0K(80896K) From: 2528K(2560K)->224K(2560K)
[14799.425s][info][gc,heap        ] GC(32318) ParOldGen: 348761K(349184K)->350825K(352256K)
[14799.425s][info][gc,metaspace   ] GC(32318) Metaspace: 62365K(62592K)->62365K(62592K) NonClass: 53319K(53504K)->53319K(53504K) Class: 9046K(9088K)->9046K(9088K)
[14799.425s][info][gc             ] GC(32318) Pause Young (Allocation Failure) 423M->342M(425M) 3.092ms
[14799.425s][info][gc,cpu         ] GC(32318) User=0.01s Sys=0.00s Real=0.00s
[14799.880s][info][gc,start       ] GC(32319) Pause Young (Allocation Failure)
[14799.883s][info][gc,heap        ] GC(32319) PSYoungGen: 81120K(83456K)->1152K(83968K) Eden: 80896K(80896K)->0K(80896K) From: 224K(2560K)->1152K(3072K)
[14799.883s][info][gc,heap        ] GC(32319) ParOldGen: 350825K(352256K)->350881K(352256K)
[14799.883s][info][gc,metaspace   ] GC(32319) Metaspace: 62365K(62592K)->62365K(62592K) NonClass: 53319K(53504K)->53319K(53504K) Class: 9046K(9088K)->9046K(9088K)
[14799.883s][info][gc             ] GC(32319) Pause Young (Allocation Failure) 421M->343M(426M) 2.725ms
[14799.883s][info][gc,cpu         ] GC(32319) User=0.01s Sys=0.00s Real=0.00s
[14800.293s][info][gc,start       ] GC(32320) Pause Young (Allocation Failure)
[14800.296s][info][gc,heap        ] GC(32320) PSYoungGen: 82048K(83968K)->1440K(84480K) Eden: 80896K(80896K)->0K(81920K) From: 1152K(3072K)->1440K(2560K)
[14800.296s][info][gc,heap        ] GC(32320) ParOldGen: 350881K(352256K)->350937K(352256K)
[14800.296s][info][gc,metaspace   ] GC(32320) Metaspace: 62365K(62592K)->62365K(62592K) NonClass: 53319K(53504K)->53319K(53504K) Class: 9046K(9088K)->9046K(9088K)
[14800.296s][info][gc             ] GC(32320) Pause Young (Allocation Failure) 422M->344M(426M) 2.937ms
[14800.296s][info][gc,cpu         ] GC(32320) User=0.00s Sys=0.00s Real=0.01s
[14800.699s][info][gc,start       ] GC(32321) Pause Young (Allocation Failure)
[14800.702s][info][gc,heap        ] GC(32321) PSYoungGen: 83360K(84480K)->1248K(84480K) Eden: 81920K(81920K)->0K(81920K) From: 1440K(2560K)->1248K(2560K)
[14800.702s][info][gc,heap        ] GC(32321) ParOldGen: 350937K(352256K)->350985K(352256K)
[14800.702s][info][gc,metaspace   ] GC(32321) Metaspace: 62365K(62592K)->62365K(62592K) NonClass: 53319K(53504K)->53319K(53504K) Class: 9046K(9088K)->9046K(9088K)
[14800.702s][info][gc             ] GC(32321) Pause Young (Allocation Failure) 424M->343M(426M) 2.918ms
[14800.702s][info][gc,cpu         ] GC(32321) User=0.00s Sys=0.00s Real=0.00s
[14801.115s][info][gc,start       ] GC(32322) Pause Young (Allocation Failure)
[14801.118s][info][gc,heap        ] GC(32322) PSYoungGen: 83168K(84480K)->1696K(84480K) Eden: 81920K(81920K)->0K(81920K) From: 1248K(2560K)->1696K(2560K)
[14801.118s][info][gc,heap        ] GC(32322) ParOldGen: 350985K(352256K)->351041K(352256K)
[14801.118s][info][gc,metaspace   ] GC(32322) Metaspace: 62365K(62592K)->62365K(62592K) NonClass: 53319K(53504K)->53319K(53504K) Class: 9046K(9088K)->9046K(9088K)
[14801.118s][info][gc             ] GC(32322) Pause Young (Allocation Failure) 423M->344M(426M) 3.452ms
[14801.118s][info][gc,cpu         ] GC(32322) User=0.01s Sys=0.00s Real=0.01s
[14801.531s][info][gc,start       ] GC(32323) Pause Young (Allocation Failure)
[14801.533s][info][gc,heap        ] GC(32323) PSYoungGen: 83616K(84480K)->320K(84480K) Eden: 81920K(81920K)->0K(81920K) From: 1696K(2560K)->320K(2560K)
[14801.533s][info][gc,heap        ] GC(32323) ParOldGen: 351041K(352256K)->351097K(352256K)
[14801.533s][info][gc,metaspace   ] GC(32323) Metaspace: 62365K(62592K)->62365K(62592K) NonClass: 53319K(53504K)->53319K(53504K) Class: 9046K(9088K)->9046K(9088K)
[14801.533s][info][gc             ] GC(32323) Pause Young (Allocation Failure) 424M->343M(426M) 2.027ms
[14801.533s][info][gc,cpu         ] GC(32323) User=0.00s Sys=0.00s Real=0.00s
[14802.003s][info][gc,start       ] GC(32324) Pause Young (Allocation Failure)
[14802.007s][info][gc,heap        ] GC(32324) PSYoungGen: 82240K(84480K)->1408K(84480K) Eden: 81920K(81920K)->0K(81920K) From: 320K(2560K)->1408K(2560K)
[14802.007s][info][gc,heap        ] GC(32324) ParOldGen: 351097K(352256K)->351145K(352256K)
[14802.007s][info][gc,metaspace   ] GC(32324) Metaspace: 62365K(62592K)->62365K(62592K) NonClass: 53319K(53504K)->53319K(53504K) Class: 9046K(9088K)->9046K(9088K)
[14802.007s][info][gc             ] GC(32324) Pause Young (Allocation Failure) 423M->344M(426M) 3.153ms
[14802.007s][info][gc,cpu         ] GC(32324) User=0.00s Sys=0.00s Real=0.01s
[14802.450s][info][gc,start       ] GC(32325) Pause Young (Allocation Failure)
[14802.452s][info][gc,heap        ] GC(32325) PSYoungGen: 83328K(84480K)->576K(84480K) Eden: 81920K(81920K)->0K(81920K) From: 1408K(2560K)->576K(2560K)
[14802.452s][info][gc,heap        ] GC(32325) ParOldGen: 351145K(352256K)->351193K(352256K)
[14802.452s][info][gc,metaspace   ] GC(32325) Metaspace: 62365K(62592K)->62365K(62592K) NonClass: 53319K(53504K)->53319K(53504K) Class: 9046K(9088K)->9046K(9088K)
[14802.452s][info][gc             ] GC(32325) Pause Young (Allocation Failure) 424M->343M(426M) 2.423ms
[14802.452s][info][gc,cpu         ] GC(32325) User=0.01s Sys=0.00s Real=0.00s
[14802.958s][info][gc,start       ] GC(32326) Pause Young (Allocation Failure)
[14802.960s][info][gc,heap        ] GC(32326) PSYoungGen: 82496K(84480K)->688K(84480K) Eden: 81920K(81920K)->0K(81920K) From: 576K(2560K)->688K(2560K)
[14802.960s][info][gc,heap        ] GC(32326) ParOldGen: 351193K(352256K)->351241K(352256K)
[14802.960s][info][gc,metaspace   ] GC(32326) Metaspace: 62365K(62592K)->62365K(62592K) NonClass: 53319K(53504K)->53319K(53504K) Class: 9046K(9088K)->9046K(9088K)
[14802.960s][info][gc             ] GC(32326) Pause Young (Allocation Failure) 423M->343M(426M) 2.459ms
[14802.960s][info][gc,cpu         ] GC(32326) User=0.00s Sys=0.00s Real=0.00s
[14803.402s][info][gc,start       ] GC(32327) Pause Young (Allocation Failure)
[14803.405s][info][gc,heap        ] GC(32327) PSYoungGen: 82608K(84480K)->2400K(84480K) Eden: 81920K(81920K)->0K(81920K) From: 688K(2560K)->2400K(2560K)
[14803.405s][info][gc,heap        ] GC(32327) ParOldGen: 351241K(352256K)->351345K(352256K)
[14803.405s][info][gc,metaspace   ] GC(32327) Metaspace: 62365K(62592K)->62365K(62592K) NonClass: 53319K(53504K)->53319K(53504K) Class: 9046K(9088K)->9046K(9088K)
[14803.405s][info][gc             ] GC(32327) Pause Young (Allocation Failure) 423M->345M(426M) 3.324ms
[14803.405s][info][gc,cpu         ] GC(32327) User=0.00s Sys=0.00s Real=0.00s
[14803.879s][info][gc,start       ] GC(32328) Pause Young (Allocation Failure)
[14803.882s][info][gc,heap        ] GC(32328) PSYoungGen: 84320K(84480K)->928K(83456K) Eden: 81920K(81920K)->0K(80896K) From: 2400K(2560K)->928K(2560K)
[14803.882s][info][gc,heap        ] GC(32328) ParOldGen: 351345K(352256K)->352425K(353792K)
[14803.882s][info][gc,metaspace   ] GC(32328) Metaspace: 62365K(62592K)->62365K(62592K) NonClass: 53319K(53504K)->53319K(53504K) Class: 9046K(9088K)->9046K(9088K)
[14803.882s][info][gc             ] GC(32328) Pause Young (Allocation Failure) 425M->345M(427M) 3.204ms
[14803.882s][info][gc,cpu         ] GC(32328) User=0.01s Sys=0.00s Real=0.00s
[14804.367s][info][gc,start       ] GC(32329) Pause Young (Allocation Failure)
[14804.369s][info][gc,heap        ] GC(32329) PSYoungGen: 81824K(83456K)->800K(83968K) Eden: 80896K(80896K)->0K(80896K) From: 928K(2560K)->800K(3072K)
[14804.370s][info][gc,heap        ] GC(32329) ParOldGen: 352425K(353792K)->352481K(353792K)
[14804.370s][info][gc,metaspace   ] GC(32329) Metaspace: 62365K(62592K)->62365K(62592K) NonClass: 53319K(53504K)->53319K(53504K) Class: 9046K(9088K)->9046K(9088K)
[14804.370s][info][gc             ] GC(32329) Pause Young (Allocation Failure) 424M->345M(427M) 2.654ms
[14804.370s][info][gc,cpu         ] GC(32329) User=0.00s Sys=0.00s Real=0.00s
[14804.840s][info][gc,start       ] GC(32330) Pause Young (Allocation Failure)
[14804.842s][info][gc,heap        ] GC(32330) PSYoungGen: 81696K(83968K)->416K(84480K) Eden: 80896K(80896K)->0K(81920K) From: 800K(3072K)->416K(2560K)
[14804.842s][info][gc,heap        ] GC(32330) ParOldGen: 352481K(353792K)->352537K(353792K)
[14804.842s][info][gc,metaspace   ] GC(32330) Metaspace: 62365K(62592K)->62365K(62592K) NonClass: 53319K(53504K)->53319K(53504K) Class: 9046K(9088K)->9046K(9088K)
[14804.842s][info][gc             ] GC(32330) Pause Young (Allocation Failure) 424M->344M(428M) 2.364ms
[14804.842s][info][gc,cpu         ] GC(32330) User=0.00s Sys=0.00s Real=0.00s
[14805.302s][info][gc,start       ] GC(32331) Pause Young (Allocation Failure)
[14805.305s][info][gc,heap        ] GC(32331) PSYoungGen: 82336K(84480K)->1376K(84480K) Eden: 81920K(81920K)->0K(81920K) From: 416K(2560K)->1376K(2560K)
[14805.305s][info][gc,heap        ] GC(32331) ParOldGen: 352537K(353792K)->352585K(353792K)
[14805.305s][info][gc,metaspace   ] GC(32331) Metaspace: 62365K(62592K)->62365K(62592K) NonClass: 53319K(53504K)->53319K(53504K) Class: 9046K(9088K)->9046K(9088K)
[14805.305s][info][gc             ] GC(32331) Pause Young (Allocation Failure) 424M->345M(428M) 3.020ms
[14805.305s][info][gc,cpu         ] GC(32331) User=0.00s Sys=0.00s Real=0.00s
[14805.751s][info][gc,start       ] GC(32332) Pause Young (Allocation Failure)
[14805.753s][info][gc,heap        ] GC(32332) PSYoungGen: 83296K(84480K)->640K(84480K) Eden: 81920K(81920K)->0K(81920K) From: 1376K(2560K)->640K(2560K)
[14805.753s][info][gc,heap        ] GC(32332) ParOldGen: 352585K(353792K)->352641K(353792K)
[14805.753s][info][gc,metaspace   ] GC(32332) Metaspace: 62365K(62592K)->62365K(62592K) NonClass: 53319K(53504K)->53319K(53504K) Class: 9046K(9088K)->9046K(9088K)
[14805.753s][info][gc             ] GC(32332) Pause Young (Allocation Failure) 425M->345M(428M) 2.337ms
[14805.753s][info][gc,cpu         ] GC(32332) User=0.00s Sys=0.00s Real=0.00s
[14806.170s][info][gc,start       ] GC(32333) Pause Young (Allocation Failure)
[14806.173s][info][gc,heap        ] GC(32333) PSYoungGen: 82560K(84480K)->960K(84480K) Eden: 81920K(81920K)->0K(81920K) From: 640K(2560K)->960K(2560K)
[14806.173s][info][gc,heap        ] GC(32333) ParOldGen: 352641K(353792K)->352689K(353792K)
[14806.173s][info][gc,metaspace   ] GC(32333) Metaspace: 62365K(62592K)->62365K(62592K) NonClass: 53319K(53504K)->53319K(53504K) Class: 9046K(9088K)->9046K(9088K)
[14806.173s][info][gc             ] GC(32333) Pause Young (Allocation Failure) 425M->345M(428M) 2.604ms
[14806.173s][info][gc,cpu         ] GC(32333) User=0.01s Sys=0.00s Real=0.00s
[14806.599s][info][gc,start       ] GC(32334) Pause Young (Allocation Failure)
[14806.602s][info][gc,heap        ] GC(32334) PSYoungGen: 82880K(84480K)->1408K(84480K) Eden: 81920K(81920K)->0K(81920K) From: 960K(2560K)->1408K(2560K)
[14806.602s][info][gc,heap        ] GC(32334) ParOldGen: 352689K(353792K)->352745K(353792K)
[14806.602s][info][gc,metaspace   ] GC(32334) Metaspace: 62365K(62592K)->62365K(62592K) NonClass: 53319K(53504K)->53319K(53504K) Class: 9046K(9088K)->9046K(9088K)
[14806.602s][info][gc             ] GC(32334) Pause Young (Allocation Failure) 425M->345M(428M) 3.052ms
[14806.602s][info][gc,cpu         ] GC(32334) User=0.01s Sys=0.00s Real=0.00s
[14807.044s][info][gc,start       ] GC(32335) Pause Young (Allocation Failure)
[14807.046s][info][gc,heap        ] GC(32335) PSYoungGen: 83328K(84480K)->544K(84480K) Eden: 81920K(81920K)->0K(81920K) From: 1408K(2560K)->544K(2560K)
[14807.046s][info][gc,heap        ] GC(32335) ParOldGen: 352745K(353792K)->352801K(353792K)
[14807.046s][info][gc,metaspace   ] GC(32335) Metaspace: 62365K(62592K)->62365K(62592K) NonClass: 53319K(53504K)->53319K(53504K) Class: 9046K(9088K)->9046K(9088K)
[14807.046s][info][gc             ] GC(32335) Pause Young (Allocation Failure) 425M->345M(428M) 2.280ms
[14807.046s][info][gc,cpu         ] GC(32335) User=0.00s Sys=0.00s Real=0.01s
[14807.518s][info][gc,start       ] GC(32336) Pause Young (Allocation Failure)
[14807.521s][info][gc,heap        ] GC(32336) PSYoungGen: 82464K(84480K)->1600K(84480K) Eden: 81920K(81920K)->0K(81920K) From: 544K(2560K)->1600K(2560K)
[14807.521s][info][gc,heap        ] GC(32336) ParOldGen: 352801K(353792K)->352849K(353792K)
[14807.521s][info][gc,metaspace   ] GC(32336) Metaspace: 62365K(62592K)->62365K(62592K) NonClass: 53319K(53504K)->53319K(53504K) Class: 9046K(9088K)->9046K(9088K)
[14807.521s][info][gc             ] GC(32336) Pause Young (Allocation Failure) 425M->346M(428M) 3.356ms
[14807.521s][info][gc,cpu         ] GC(32336) User=0.01s Sys=0.00s Real=0.00s
[14807.965s][info][gc,start       ] GC(32337) Pause Young (Allocation Failure)
[14807.967s][info][gc,heap        ] GC(32337) PSYoungGen: 83520K(84480K)->768K(84480K) Eden: 81920K(81920K)->0K(81920K) From: 1600K(2560K)->768K(2560K)
[14807.967s][info][gc,heap        ] GC(32337) ParOldGen: 352849K(353792K)->352897K(353792K)
[14807.967s][info][gc,metaspace   ] GC(32337) Metaspace: 62365K(62592K)->62365K(62592K) NonClass: 53319K(53504K)->53319K(53504K) Class: 9046K(9088K)->9046K(9088K)
[14807.967s][info][gc             ] GC(32337) Pause Young (Allocation Failure) 426M->345M(428M) 2.630ms
[14807.967s][info][gc,cpu         ] GC(32337) User=0.01s Sys=0.00s Real=0.01s
[14808.438s][info][gc,start       ] GC(32338) Pause Young (Allocation Failure)
[14808.441s][info][gc,heap        ] GC(32338) PSYoungGen: 82688K(84480K)->2464K(83456K) Eden: 81920K(81920K)->0K(80896K) From: 768K(2560K)->2464K(2560K)
[14808.441s][info][gc,heap        ] GC(32338) ParOldGen: 352897K(353792K)->352945K(353792K)
[14808.441s][info][gc,metaspace   ] GC(32338) Metaspace: 62365K(62592K)->62365K(62592K) NonClass: 53319K(53504K)->53319K(53504K) Class: 9046K(9088K)->9046K(9088K)
[14808.441s][info][gc             ] GC(32338) Pause Young (Allocation Failure) 425M->347M(427M) 2.676ms
[14808.441s][info][gc,cpu         ] GC(32338) User=0.00s Sys=0.00s Real=0.00s
[14808.881s][info][gc,start       ] GC(32339) Pause Young (Allocation Failure)
[14808.885s][info][gc,heap        ] GC(32339) PSYoungGen: 83360K(83456K)->1056K(83968K) Eden: 80896K(80896K)->0K(80896K) From: 2464K(2560K)->1056K(3072K)
[14808.885s][info][gc,heap        ] GC(32339) ParOldGen: 352945K(353792K)->355049K(355328K)
[14808.885s][info][gc,metaspace   ] GC(32339) Metaspace: 62365K(62592K)->62365K(62592K) NonClass: 53319K(53504K)->53319K(53504K) Class: 9046K(9088K)->9046K(9088K)
[14808.885s][info][gc             ] GC(32339) Pause Young (Allocation Failure) 426M->347M(429M) 4.037ms
[14808.885s][info][gc,cpu         ] GC(32339) User=0.01s Sys=0.00s Real=0.00s
[14809.348s][info][gc,start       ] GC(32340) Pause Young (Allocation Failure)
[14809.350s][info][gc,heap        ] GC(32340) PSYoungGen: 81952K(83968K)->576K(84480K) Eden: 80896K(80896K)->0K(81408K) From: 1056K(3072K)->576K(3072K)
[14809.350s][info][gc,heap        ] GC(32340) ParOldGen: 355049K(355328K)->355105K(355328K)
[14809.350s][info][gc,metaspace   ] GC(32340) Metaspace: 62365K(62592K)->62365K(62592K) NonClass: 53319K(53504K)->53319K(53504K) Class: 9046K(9088K)->9046K(9088K)
[14809.350s][info][gc             ] GC(32340) Pause Young (Allocation Failure) 426M->347M(429M) 2.359ms
[14809.350s][info][gc,cpu         ] GC(32340) User=0.00s Sys=0.00s Real=0.00s
[14809.815s][info][gc,start       ] GC(32341) Pause Young (Allocation Failure)
[14809.818s][info][gc,heap        ] GC(32341) PSYoungGen: 81984K(84480K)->1472K(83968K) Eden: 81408K(81408K)->0K(81408K) From: 576K(3072K)->1472K(2560K)
[14809.818s][info][gc,heap        ] GC(32341) ParOldGen: 355105K(355328K)->355153K(355328K)
[14809.818s][info][gc,metaspace   ] GC(32341) Metaspace: 62365K(62592K)->62365K(62592K) NonClass: 53319K(53504K)->53319K(53504K) Class: 9046K(9088K)->9046K(9088K)
[14809.818s][info][gc             ] GC(32341) Pause Young (Allocation Failure) 426M->348M(429M) 3.234ms
[14809.818s][info][gc,cpu         ] GC(32341) User=0.01s Sys=0.00s Real=0.01s
[14810.298s][info][gc,start       ] GC(32342) Pause Young (Allocation Failure)
[14810.301s][info][gc,heap        ] GC(32342) PSYoungGen: 82880K(83968K)->1216K(84480K) Eden: 81408K(81408K)->0K(81920K) From: 1472K(2560K)->1216K(2560K)
[14810.301s][info][gc,heap        ] GC(32342) ParOldGen: 355153K(355328K)->355209K(355328K)
[14810.301s][info][gc,metaspace   ] GC(32342) Metaspace: 62365K(62592K)->62365K(62592K) NonClass: 53319K(53504K)->53319K(53504K) Class: 9046K(9088K)->9046K(9088K)
[14810.301s][info][gc             ] GC(32342) Pause Young (Allocation Failure) 427M->348M(429M) 2.930ms
[14810.301s][info][gc,cpu         ] GC(32342) User=0.01s Sys=0.00s Real=0.00s
[14810.826s][info][gc,start       ] GC(32343) Pause Young (Allocation Failure)
[14810.828s][info][gc,heap        ] GC(32343) PSYoungGen: 83135K(84480K)->304K(84480K) Eden: 81919K(81920K)->0K(81920K) From: 1216K(2560K)->304K(2560K)
[14810.828s][info][gc,heap        ] GC(32343) ParOldGen: 355209K(355328K)->355265K(355328K)
[14810.828s][info][gc,metaspace   ] GC(32343) Metaspace: 62365K(62592K)->62365K(62592K) NonClass: 53319K(53504K)->53319K(53504K) Class: 9046K(9088K)->9046K(9088K)
[14810.828s][info][gc             ] GC(32343) Pause Young (Allocation Failure) 428M->347M(429M) 2.076ms
[14810.828s][info][gc,cpu         ] GC(32343) User=0.00s Sys=0.01s Real=0.00s
[14811.308s][info][gc,start       ] GC(32344) Pause Young (Allocation Failure)
[14811.311s][info][gc,heap        ] GC(32344) PSYoungGen: 82224K(84480K)->1344K(84480K) Eden: 81920K(81920K)->0K(81920K) From: 304K(2560K)->1344K(2560K)
[14811.311s][info][gc,heap        ] GC(32344) ParOldGen: 355265K(355328K)->355369K(355840K)
[14811.311s][info][gc,metaspace   ] GC(32344) Metaspace: 62365K(62592K)->62365K(62592K) NonClass: 53319K(53504K)->53319K(53504K) Class: 9046K(9088K)->9046K(9088K)
[14811.311s][info][gc             ] GC(32344) Pause Young (Allocation Failure) 427M->348M(430M) 3.168ms
[14811.311s][info][gc,cpu         ] GC(32344) User=0.01s Sys=0.00s Real=0.00s
[14811.807s][info][gc,start       ] GC(32345) Pause Young (Allocation Failure)
[14811.810s][info][gc,heap        ] GC(32345) PSYoungGen: 83264K(84480K)->1344K(84480K) Eden: 81920K(81920K)->0K(81920K) From: 1344K(2560K)->1344K(2560K)
[14811.810s][info][gc,heap        ] GC(32345) ParOldGen: 355369K(355840K)->355417K(355840K)
[14811.810s][info][gc,metaspace   ] GC(32345) Metaspace: 62365K(62592K)->62365K(62592K) NonClass: 53319K(53504K)->53319K(53504K) Class: 9046K(9088K)->9046K(9088K)
[14811.810s][info][gc             ] GC(32345) Pause Young (Allocation Failure) 428M->348M(430M) 3.029ms
[14811.810s][info][gc,cpu         ] GC(32345) User=0.00s Sys=0.00s Real=0.00s
[14812.220s][info][gc,start       ] GC(32346) Pause Young (Allocation Failure)
[14812.223s][info][gc,heap        ] GC(32346) PSYoungGen: 83264K(84480K)->1728K(84480K) Eden: 81920K(81920K)->0K(81920K) From: 1344K(2560K)->1728K(2560K)
[14812.223s][info][gc,heap        ] GC(32346) ParOldGen: 355417K(355840K)->355465K(355840K)
[14812.223s][info][gc,metaspace   ] GC(32346) Metaspace: 62365K(62592K)->62365K(62592K) NonClass: 53319K(53504K)->53319K(53504K) Class: 9046K(9088K)->9046K(9088K)
[14812.223s][info][gc             ] GC(32346) Pause Young (Allocation Failure) 428M->348M(430M) 3.228ms
[14812.223s][info][gc,cpu         ] GC(32346) User=0.00s Sys=0.00s Real=0.00s
[14812.676s][info][gc,start       ] GC(32347) Pause Young (Allocation Failure)
[14812.679s][info][gc,heap        ] GC(32347) PSYoungGen: 83648K(84480K)->1024K(84480K) Eden: 81920K(81920K)->0K(81920K) From: 1728K(2560K)->1024K(2560K)
[14812.679s][info][gc,heap        ] GC(32347) ParOldGen: 355465K(355840K)->355521K(355840K)
[14812.679s][info][gc,metaspace   ] GC(32347) Metaspace: 62365K(62592K)->62365K(62592K) NonClass: 53319K(53504K)->53319K(53504K) Class: 9046K(9088K)->9046K(9088K)
[14812.679s][info][gc             ] GC(32347) Pause Young (Allocation Failure) 428M->348M(430M) 2.607ms
[14812.679s][info][gc,cpu         ] GC(32347) User=0.00s Sys=0.00s Real=0.00s
[14813.152s][info][gc,start       ] GC(32348) Pause Young (Allocation Failure)
[14813.154s][info][gc,heap        ] GC(32348) PSYoungGen: 82944K(84480K)->1632K(84480K) Eden: 81920K(81920K)->0K(81920K) From: 1024K(2560K)->1632K(2560K)
[14813.154s][info][gc,heap        ] GC(32348) ParOldGen: 355521K(355840K)->355569K(355840K)
[14813.154s][info][gc,metaspace   ] GC(32348) Metaspace: 62365K(62592K)->62365K(62592K) NonClass: 53319K(53504K)->53319K(53504K) Class: 9046K(9088K)->9046K(9088K)
[14813.154s][info][gc             ] GC(32348) Pause Young (Allocation Failure) 428M->348M(430M) 2.537ms
[14813.154s][info][gc,cpu         ] GC(32348) User=0.01s Sys=0.00s Real=0.00s
[14813.622s][info][gc,start       ] GC(32349) Pause Young (Allocation Failure)
[14813.625s][info][gc,heap        ] GC(32349) PSYoungGen: 83552K(84480K)->224K(84480K) Eden: 81920K(81920K)->0K(81920K) From: 1632K(2560K)->224K(2560K)
[14813.626s][info][gc,heap        ] GC(32349) ParOldGen: 355569K(355840K)->357665K(358912K)
[14813.626s][info][gc,metaspace   ] GC(32349) Metaspace: 62365K(62592K)->62365K(62592K) NonClass: 53319K(53504K)->53319K(53504K) Class: 9046K(9088K)->9046K(9088K)
[14813.626s][info][gc             ] GC(32349) Pause Young (Allocation Failure) 428M->349M(433M) 3.261ms
[14813.626s][info][gc,cpu         ] GC(32349) User=0.00s Sys=0.00s Real=0.00s
[14814.105s][info][gc,start       ] GC(32350) Pause Young (Allocation Failure)
[14814.108s][info][gc,heap        ] GC(32350) PSYoungGen: 82144K(84480K)->1344K(84480K) Eden: 81920K(81920K)->0K(81920K) From: 224K(2560K)->1344K(2560K)
[14814.108s][info][gc,heap        ] GC(32350) ParOldGen: 357665K(358912K)->357713K(358912K)
[14814.108s][info][gc,metaspace   ] GC(32350) Metaspace: 62365K(62592K)->62365K(62592K) NonClass: 53319K(53504K)->53319K(53504K) Class: 9046K(9088K)->9046K(9088K)
[14814.108s][info][gc             ] GC(32350) Pause Young (Allocation Failure) 429M->350M(433M) 2.996ms
[14814.108s][info][gc,cpu         ] GC(32350) User=0.01s Sys=0.00s Real=0.01s
[14814.573s][info][gc,start       ] GC(32351) Pause Young (Allocation Failure)
[14814.575s][info][gc,heap        ] GC(32351) PSYoungGen: 83264K(84480K)->896K(84480K) Eden: 81920K(81920K)->0K(81920K) From: 1344K(2560K)->896K(2560K)
[14814.575s][info][gc,heap        ] GC(32351) ParOldGen: 357713K(358912K)->357769K(358912K)
[14814.575s][info][gc,metaspace   ] GC(32351) Metaspace: 62365K(62592K)->62365K(62592K) NonClass: 53319K(53504K)->53319K(53504K) Class: 9046K(9088K)->9046K(9088K)
[14814.575s][info][gc             ] GC(32351) Pause Young (Allocation Failure) 430M->350M(433M) 2.633ms
[14814.575s][info][gc,cpu         ] GC(32351) User=0.01s Sys=0.00s Real=0.00s
[14815.054s][info][gc,start       ] GC(32352) Pause Young (Allocation Failure)
[14815.056s][info][gc,heap        ] GC(32352) PSYoungGen: 82816K(84480K)->608K(84480K) Eden: 81920K(81920K)->0K(81920K) From: 896K(2560K)->608K(2560K)
[14815.056s][info][gc,heap        ] GC(32352) ParOldGen: 357769K(358912K)->357817K(358912K)
[14815.056s][info][gc,metaspace   ] GC(32352) Metaspace: 62365K(62592K)->62365K(62592K) NonClass: 53319K(53504K)->53319K(53504K) Class: 9046K(9088K)->9046K(9088K)
[14815.056s][info][gc             ] GC(32352) Pause Young (Allocation Failure) 430M->350M(433M) 2.497ms
[14815.056s][info][gc,cpu         ] GC(32352) User=0.01s Sys=0.00s Real=0.01s
[14815.523s][info][gc,start       ] GC(32353) Pause Young (Allocation Failure)
[14815.525s][info][gc,heap        ] GC(32353) PSYoungGen: 82528K(84480K)->192K(84480K) Eden: 81920K(81920K)->0K(81920K) From: 608K(2560K)->192K(2560K)
[14815.525s][info][gc,heap        ] GC(32353) ParOldGen: 357817K(358912K)->357873K(358912K)
[14815.525s][info][gc,metaspace   ] GC(32353) Metaspace: 62365K(62592K)->62365K(62592K) NonClass: 53319K(53504K)->53319K(53504K) Class: 9046K(9088K)->9046K(9088K)
[14815.525s][info][gc             ] GC(32353) Pause Young (Allocation Failure) 430M->349M(433M) 2.093ms
[14815.525s][info][gc,cpu         ] GC(32353) User=0.00s Sys=0.00s Real=0.00s
[14816.001s][info][gc,start       ] GC(32354) Pause Young (Allocation Failure)
[14816.003s][info][gc,heap        ] GC(32354) PSYoungGen: 82112K(84480K)->1152K(84480K) Eden: 81920K(81920K)->0K(81920K) From: 192K(2560K)->1152K(2560K)
[14816.003s][info][gc,heap        ] GC(32354) ParOldGen: 357873K(358912K)->357921K(358912K)
[14816.003s][info][gc,metaspace   ] GC(32354) Metaspace: 62365K(62592K)->62365K(62592K) NonClass: 53319K(53504K)->53319K(53504K) Class: 9046K(9088K)->9046K(9088K)
[14816.003s][info][gc             ] GC(32354) Pause Young (Allocation Failure) 429M->350M(433M) 2.795ms
[14816.003s][info][gc,cpu         ] GC(32354) User=0.00s Sys=0.01s Real=0.00s
[14816.459s][info][gc,start       ] GC(32355) Pause Young (Allocation Failure)
[14816.462s][info][gc,heap        ] GC(32355) PSYoungGen: 83072K(84480K)->768K(84480K) Eden: 81920K(81920K)->0K(81920K) From: 1152K(2560K)->768K(2560K)
[14816.462s][info][gc,heap        ] GC(32355) ParOldGen: 357921K(358912K)->357977K(358912K)
[14816.462s][info][gc,metaspace   ] GC(32355) Metaspace: 62365K(62592K)->62365K(62592K) NonClass: 53319K(53504K)->53319K(53504K) Class: 9046K(9088K)->9046K(9088K)
[14816.462s][info][gc             ] GC(32355) Pause Young (Allocation Failure) 430M->350M(433M) 2.706ms
[14816.462s][info][gc,cpu         ] GC(32355) User=0.01s Sys=0.00s Real=0.00s
[14816.881s][info][gc,start       ] GC(32356) Pause Young (Allocation Failure)
[14816.884s][info][gc,heap        ] GC(32356) PSYoungGen: 82688K(84480K)->1088K(84480K) Eden: 81920K(81920K)->0K(81920K) From: 768K(2560K)->1088K(2560K)
[14816.884s][info][gc,heap        ] GC(32356) ParOldGen: 357977K(358912K)->358025K(358912K)
[14816.884s][info][gc,metaspace   ] GC(32356) Metaspace: 62365K(62592K)->62365K(62592K) NonClass: 53319K(53504K)->53319K(53504K) Class: 9046K(9088K)->9046K(9088K)
[14816.884s][info][gc             ] GC(32356) Pause Young (Allocation Failure) 430M->350M(433M) 2.673ms
[14816.884s][info][gc,cpu         ] GC(32356) User=0.01s Sys=0.00s Real=0.00s
[14817.327s][info][gc,start       ] GC(32357) Pause Young (Allocation Failure)
[14817.329s][info][gc,heap        ] GC(32357) PSYoungGen: 83008K(84480K)->288K(84480K) Eden: 81920K(81920K)->0K(81920K) From: 1088K(2560K)->288K(2560K)
[14817.329s][info][gc,heap        ] GC(32357) ParOldGen: 358025K(358912K)->358081K(358912K)
[14817.329s][info][gc,metaspace   ] GC(32357) Metaspace: 62365K(62592K)->62365K(62592K) NonClass: 53319K(53504K)->53319K(53504K) Class: 9046K(9088K)->9046K(9088K)
[14817.329s][info][gc             ] GC(32357) Pause Young (Allocation Failure) 430M->349M(433M) 2.001ms
[14817.329s][info][gc,cpu         ] GC(32357) User=0.01s Sys=0.00s Real=0.00s
[14817.741s][info][gc,start       ] GC(32358) Pause Young (Allocation Failure)
[14817.743s][info][gc,heap        ] GC(32358) PSYoungGen: 82208K(84480K)->448K(84480K) Eden: 81920K(81920K)->0K(81920K) From: 288K(2560K)->448K(2560K)
[14817.743s][info][gc,heap        ] GC(32358) ParOldGen: 358081K(358912K)->358129K(358912K)
[14817.743s][info][gc,metaspace   ] GC(32358) Metaspace: 62365K(62592K)->62365K(62592K) NonClass: 53319K(53504K)->53319K(53504K) Class: 9046K(9088K)->9046K(9088K)
[14817.743s][info][gc             ] GC(32358) Pause Young (Allocation Failure) 429M->350M(433M) 2.113ms
[14817.743s][info][gc,cpu         ] GC(32358) User=0.01s Sys=0.00s Real=0.00s
[14818.181s][info][gc,start       ] GC(32359) Pause Young (Allocation Failure)
[14818.184s][info][gc,heap        ] GC(32359) PSYoungGen: 82368K(84480K)->2016K(84480K) Eden: 81920K(81920K)->0K(81920K) From: 448K(2560K)->2016K(2560K)
[14818.185s][info][gc,heap        ] GC(32359) ParOldGen: 358129K(358912K)->359209K(360448K)
[14818.185s][info][gc,metaspace   ] GC(32359) Metaspace: 62365K(62592K)->62365K(62592K) NonClass: 53319K(53504K)->53319K(53504K) Class: 9046K(9088K)->9046K(9088K)
[14818.185s][info][gc             ] GC(32359) Pause Young (Allocation Failure) 430M->352M(434M) 3.412ms
[14818.185s][info][gc,cpu         ] GC(32359) User=0.01s Sys=0.00s Real=0.00s
[14818.717s][info][gc,start       ] GC(32360) Pause Young (Allocation Failure)
[14818.722s][info][gc,heap        ] GC(32360) PSYoungGen: 83936K(84480K)->1456K(84480K) Eden: 81920K(81920K)->0K(81920K) From: 2016K(2560K)->1456K(2560K)
[14818.722s][info][gc,heap        ] GC(32360) ParOldGen: 359209K(360448K)->361305K(361984K)
[14818.722s][info][gc,metaspace   ] GC(32360) Metaspace: 62365K(62592K)->62365K(62592K) NonClass: 53319K(53504K)->53319K(53504K) Class: 9046K(9088K)->9046K(9088K)
[14818.722s][info][gc             ] GC(32360) Pause Young (Allocation Failure) 432M->354M(436M) 4.332ms
[14818.722s][info][gc,cpu         ] GC(32360) User=0.01s Sys=0.00s Real=0.00s
[14819.207s][info][gc,start       ] GC(32361) Pause Young (Allocation Failure)
[14819.210s][info][gc,heap        ] GC(32361) PSYoungGen: 83376K(84480K)->1280K(84480K) Eden: 81920K(81920K)->0K(81920K) From: 1456K(2560K)->1280K(2560K)
[14819.210s][info][gc,heap        ] GC(32361) ParOldGen: 361305K(361984K)->361401K(361984K)
[14819.210s][info][gc,metaspace   ] GC(32361) Metaspace: 62365K(62592K)->62365K(62592K) NonClass: 53319K(53504K)->53319K(53504K) Class: 9046K(9088K)->9046K(9088K)
[14819.210s][info][gc             ] GC(32361) Pause Young (Allocation Failure) 434M->354M(436M) 3.086ms
[14819.210s][info][gc,cpu         ] GC(32361) User=0.00s Sys=0.00s Real=0.00s
[14819.706s][info][gc,start       ] GC(32362) Pause Young (Allocation Failure)
[14819.709s][info][gc,heap        ] GC(32362) PSYoungGen: 83200K(84480K)->1248K(84480K) Eden: 81920K(81920K)->0K(81920K) From: 1280K(2560K)->1248K(2560K)
[14819.709s][info][gc,heap        ] GC(32362) ParOldGen: 361401K(361984K)->361449K(361984K)
[14819.709s][info][gc,metaspace   ] GC(32362) Metaspace: 62365K(62592K)->62365K(62592K) NonClass: 53319K(53504K)->53319K(53504K) Class: 9046K(9088K)->9046K(9088K)
[14819.709s][info][gc             ] GC(32362) Pause Young (Allocation Failure) 434M->354M(436M) 3.370ms
[14819.709s][info][gc,cpu         ] GC(32362) User=0.01s Sys=0.00s Real=0.00s
[14820.206s][info][gc,start       ] GC(32363) Pause Young (Allocation Failure)
[14820.210s][info][gc,heap        ] GC(32363) PSYoungGen: 83168K(84480K)->1408K(84480K) Eden: 81920K(81920K)->0K(81920K) From: 1248K(2560K)->1408K(2560K)
[14820.210s][info][gc,heap        ] GC(32363) ParOldGen: 361449K(361984K)->361497K(361984K)
[14820.210s][info][gc,metaspace   ] GC(32363) Metaspace: 62365K(62592K)->62365K(62592K) NonClass: 53319K(53504K)->53319K(53504K) Class: 9046K(9088K)->9046K(9088K)
[14820.210s][info][gc             ] GC(32363) Pause Young (Allocation Failure) 434M->354M(436M) 3.323ms
[14820.210s][info][gc,cpu         ] GC(32363) User=0.01s Sys=0.00s Real=0.00s
[14820.650s][info][gc,start       ] GC(32364) Pause Young (Allocation Failure)
[14820.652s][info][gc,heap        ] GC(32364) PSYoungGen: 83328K(84480K)->672K(84480K) Eden: 81920K(81920K)->0K(81920K) From: 1408K(2560K)->672K(2560K)
[14820.652s][info][gc,heap        ] GC(32364) ParOldGen: 361497K(361984K)->361553K(361984K)
[14820.652s][info][gc,metaspace   ] GC(32364) Metaspace: 62365K(62592K)->62365K(62592K) NonClass: 53319K(53504K)->53319K(53504K) Class: 9046K(9088K)->9046K(9088K)
[14820.652s][info][gc             ] GC(32364) Pause Young (Allocation Failure) 434M->353M(436M) 2.455ms
[14820.652s][info][gc,cpu         ] GC(32364) User=0.01s Sys=0.00s Real=0.00s
[14821.137s][info][gc,start       ] GC(32365) Pause Young (Allocation Failure)
[14821.140s][info][gc,heap        ] GC(32365) PSYoungGen: 82592K(84480K)->416K(84480K) Eden: 81920K(81920K)->0K(81920K) From: 672K(2560K)->416K(2560K)
[14821.140s][info][gc,heap        ] GC(32365) ParOldGen: 361553K(361984K)->361609K(361984K)
[14821.140s][info][gc,metaspace   ] GC(32365) Metaspace: 62365K(62592K)->62365K(62592K) NonClass: 53319K(53504K)->53319K(53504K) Class: 9046K(9088K)->9046K(9088K)
[14821.140s][info][gc             ] GC(32365) Pause Young (Allocation Failure) 433M->353M(436M) 2.229ms
[14821.140s][info][gc,cpu         ] GC(32365) User=0.01s Sys=0.00s Real=0.00s
[14821.617s][info][gc,start       ] GC(32366) Pause Young (Allocation Failure)
[14821.620s][info][gc,heap        ] GC(32366) PSYoungGen: 82336K(84480K)->1440K(84480K) Eden: 81920K(81920K)->0K(81920K) From: 416K(2560K)->1440K(2560K)
[14821.620s][info][gc,heap        ] GC(32366) ParOldGen: 361609K(361984K)->361657K(361984K)
[14821.620s][info][gc,metaspace   ] GC(32366) Metaspace: 62365K(62592K)->62365K(62592K) NonClass: 53319K(53504K)->53319K(53504K) Class: 9046K(9088K)->9046K(9088K)
[14821.620s][info][gc             ] GC(32366) Pause Young (Allocation Failure) 433M->354M(436M) 3.289ms
[14821.620s][info][gc,cpu         ] GC(32366) User=0.01s Sys=0.00s Real=0.00s
[14822.097s][info][gc,start       ] GC(32367) Pause Young (Allocation Failure)
[14822.100s][info][gc,heap        ] GC(32367) PSYoungGen: 83360K(84480K)->1184K(84480K) Eden: 81920K(81920K)->0K(81920K) From: 1440K(2560K)->1184K(2560K)
[14822.100s][info][gc,heap        ] GC(32367) ParOldGen: 361657K(361984K)->361705K(361984K)
[14822.100s][info][gc,metaspace   ] GC(32367) Metaspace: 62365K(62592K)->62365K(62592K) NonClass: 53319K(53504K)->53319K(53504K) Class: 9046K(9088K)->9046K(9088K)
[14822.100s][info][gc             ] GC(32367) Pause Young (Allocation Failure) 434M->354M(436M) 2.991ms
[14822.100s][info][gc,cpu         ] GC(32367) User=0.01s Sys=0.00s Real=0.00s
[14822.547s][info][gc,start       ] GC(32368) Pause Young (Allocation Failure)
[14822.550s][info][gc,heap        ] GC(32368) PSYoungGen: 83104K(84480K)->608K(84480K) Eden: 81920K(81920K)->0K(81920K) From: 1184K(2560K)->608K(2560K)
[14822.550s][info][gc,heap        ] GC(32368) ParOldGen: 361705K(361984K)->361753K(361984K)
[14822.550s][info][gc,metaspace   ] GC(32368) Metaspace: 62365K(62592K)->62365K(62592K) NonClass: 53319K(53504K)->53319K(53504K) Class: 9046K(9088K)->9046K(9088K)
[14822.550s][info][gc             ] GC(32368) Pause Young (Allocation Failure) 434M->353M(436M) 2.204ms
[14822.550s][info][gc,cpu         ] GC(32368) User=0.01s Sys=0.00s Real=0.00s
[14822.949s][info][gc,start       ] GC(32369) Pause Young (Allocation Failure)
[14822.951s][info][gc,heap        ] GC(32369) PSYoungGen: 82527K(84480K)->1664K(84480K) Eden: 81919K(81920K)->0K(81920K) From: 608K(2560K)->1664K(2560K)
[14822.952s][info][gc,heap        ] GC(32369) ParOldGen: 361753K(361984K)->361801K(361984K)
[14822.952s][info][gc,metaspace   ] GC(32369) Metaspace: 62365K(62592K)->62365K(62592K) NonClass: 53319K(53504K)->53319K(53504K) Class: 9046K(9088K)->9046K(9088K)
[14822.952s][info][gc             ] GC(32369) Pause Young (Allocation Failure) 433M->354M(436M) 2.308ms
[14822.952s][info][gc,cpu         ] GC(32369) User=0.00s Sys=0.00s Real=0.00s
[14823.402s][info][gc,start       ] GC(32370) Pause Young (Allocation Failure)
[14823.405s][info][gc,heap        ] GC(32370) PSYoungGen: 83584K(84480K)->1376K(84480K) Eden: 81920K(81920K)->0K(81920K) From: 1664K(2560K)->1376K(2560K)
[14823.406s][info][gc,heap        ] GC(32370) ParOldGen: 361801K(361984K)->362873K(363520K)
[14823.406s][info][gc,metaspace   ] GC(32370) Metaspace: 62365K(62592K)->62365K(62592K) NonClass: 53319K(53504K)->53319K(53504K) Class: 9046K(9088K)->9046K(9088K)
[14823.406s][info][gc             ] GC(32370) Pause Young (Allocation Failure) 434M->355M(437M) 3.530ms
[14823.406s][info][gc,cpu         ] GC(32370) User=0.00s Sys=0.00s Real=0.00s
[14823.795s][info][gc,start       ] GC(32371) Pause Young (Allocation Failure)
[14823.798s][info][gc,heap        ] GC(32371) PSYoungGen: 83296K(84480K)->1408K(84480K) Eden: 81920K(81920K)->0K(81920K) From: 1376K(2560K)->1408K(2560K)
[14823.798s][info][gc,heap        ] GC(32371) ParOldGen: 362873K(363520K)->362921K(363520K)
[14823.798s][info][gc,metaspace   ] GC(32371) Metaspace: 62365K(62592K)->62365K(62592K) NonClass: 53319K(53504K)->53319K(53504K) Class: 9046K(9088K)->9046K(9088K)
[14823.798s][info][gc             ] GC(32371) Pause Young (Allocation Failure) 435M->355M(437M) 3.012ms
[14823.798s][info][gc,cpu         ] GC(32371) User=0.00s Sys=0.00s Real=0.01s
[14824.237s][info][gc,start       ] GC(32372) Pause Young (Allocation Failure)
[14824.239s][info][gc,heap        ] GC(32372) PSYoungGen: 83328K(84480K)->448K(84480K) Eden: 81920K(81920K)->0K(81920K) From: 1408K(2560K)->448K(2560K)
[14824.239s][info][gc,heap        ] GC(32372) ParOldGen: 362921K(363520K)->362977K(363520K)
[14824.239s][info][gc,metaspace   ] GC(32372) Metaspace: 62365K(62592K)->62365K(62592K) NonClass: 53319K(53504K)->53319K(53504K) Class: 9046K(9088K)->9046K(9088K)
[14824.239s][info][gc             ] GC(32372) Pause Young (Allocation Failure) 435M->354M(437M) 2.133ms
[14824.239s][info][gc,cpu         ] GC(32372) User=0.00s Sys=0.00s Real=0.00s
[14824.692s][info][gc,start       ] GC(32373) Pause Young (Allocation Failure)
[14824.695s][info][gc,heap        ] GC(32373) PSYoungGen: 82368K(84480K)->1152K(84480K) Eden: 81920K(81920K)->0K(81920K) From: 448K(2560K)->1152K(2560K)
[14824.695s][info][gc,heap        ] GC(32373) ParOldGen: 362977K(363520K)->363033K(363520K)
[14824.695s][info][gc,metaspace   ] GC(32373) Metaspace: 62365K(62592K)->62365K(62592K) NonClass: 53319K(53504K)->53319K(53504K) Class: 9046K(9088K)->9046K(9088K)
[14824.695s][info][gc             ] GC(32373) Pause Young (Allocation Failure) 434M->355M(437M) 2.854ms
[14824.695s][info][gc,cpu         ] GC(32373) User=0.01s Sys=0.00s Real=0.00s
[14825.123s][info][gc,start       ] GC(32374) Pause Young (Allocation Failure)
[14825.125s][info][gc,heap        ] GC(32374) PSYoungGen: 83072K(84480K)->192K(84480K) Eden: 81920K(81920K)->0K(81920K) From: 1152K(2560K)->192K(2560K)
[14825.125s][info][gc,heap        ] GC(32374) ParOldGen: 363033K(363520K)->363089K(363520K)
[14825.125s][info][gc,metaspace   ] GC(32374) Metaspace: 62365K(62592K)->62365K(62592K) NonClass: 53319K(53504K)->53319K(53504K) Class: 9046K(9088K)->9046K(9088K)
[14825.125s][info][gc             ] GC(32374) Pause Young (Allocation Failure) 435M->354M(437M) 2.001ms
[14825.125s][info][gc,cpu         ] GC(32374) User=0.00s Sys=0.00s Real=0.00s
[14825.597s][info][gc,start       ] GC(32375) Pause Young (Allocation Failure)
[14825.600s][info][gc,heap        ] GC(32375) PSYoungGen: 82112K(84480K)->1216K(84480K) Eden: 81920K(81920K)->0K(81920K) From: 192K(2560K)->1216K(2560K)
[14825.600s][info][gc,heap        ] GC(32375) ParOldGen: 363089K(363520K)->363137K(363520K)
[14825.600s][info][gc,metaspace   ] GC(32375) Metaspace: 62365K(62592K)->62365K(62592K) NonClass: 53319K(53504K)->53319K(53504K) Class: 9046K(9088K)->9046K(9088K)
[14825.600s][info][gc             ] GC(32375) Pause Young (Allocation Failure) 434M->355M(437M) 2.907ms
[14825.600s][info][gc,cpu         ] GC(32375) User=0.01s Sys=0.00s Real=0.00s
[14826.119s][info][gc,start       ] GC(32376) Pause Young (Allocation Failure)
[14826.122s][info][gc,heap        ] GC(32376) PSYoungGen: 83136K(84480K)->976K(84480K) Eden: 81920K(81920K)->0K(81920K) From: 1216K(2560K)->976K(2560K)
[14826.122s][info][gc,heap        ] GC(32376) ParOldGen: 363137K(363520K)->363185K(363520K)
[14826.122s][info][gc,metaspace   ] GC(32376) Metaspace: 62365K(62592K)->62365K(62592K) NonClass: 53319K(53504K)->53319K(53504K) Class: 9046K(9088K)->9046K(9088K)
[14826.122s][info][gc             ] GC(32376) Pause Young (Allocation Failure) 435M->355M(437M) 2.834ms
[14826.122s][info][gc,cpu         ] GC(32376) User=0.00s Sys=0.00s Real=0.00s
[14826.594s][info][gc,start       ] GC(32377) Pause Young (Allocation Failure)
[14826.596s][info][gc,heap        ] GC(32377) PSYoungGen: 82896K(84480K)->1152K(84480K) Eden: 81920K(81920K)->0K(81920K) From: 976K(2560K)->1152K(2560K)
[14826.596s][info][gc,heap        ] GC(32377) ParOldGen: 363185K(363520K)->363289K(363520K)
[14826.596s][info][gc,metaspace   ] GC(32377) Metaspace: 62365K(62592K)->62365K(62592K) NonClass: 53319K(53504K)->53319K(53504K) Class: 9046K(9088K)->9046K(9088K)
[14826.597s][info][gc             ] GC(32377) Pause Young (Allocation Failure) 435M->355M(437M) 2.947ms
[14826.597s][info][gc,cpu         ] GC(32377) User=0.00s Sys=0.00s Real=0.01s
[14827.028s][info][gc,start       ] GC(32378) Pause Young (Allocation Failure)
[14827.030s][info][gc,heap        ] GC(32378) PSYoungGen: 83072K(84480K)->288K(83968K) Eden: 81920K(81920K)->0K(81920K) From: 1152K(2560K)->288K(2048K)
[14827.030s][info][gc,heap        ] GC(32378) ParOldGen: 363289K(363520K)->363337K(363520K)
[14827.030s][info][gc,metaspace   ] GC(32378) Metaspace: 62365K(62592K)->62365K(62592K) NonClass: 53319K(53504K)->53319K(53504K) Class: 9046K(9088K)->9046K(9088K)
[14827.030s][info][gc             ] GC(32378) Pause Young (Allocation Failure) 435M->355M(437M) 2.073ms
[14827.030s][info][gc,cpu         ] GC(32378) User=0.01s Sys=0.00s Real=0.00s
[14827.515s][info][gc,start       ] GC(32379) Pause Young (Allocation Failure)
[14827.518s][info][gc,heap        ] GC(32379) PSYoungGen: 82208K(83968K)->1440K(84480K) Eden: 81920K(81920K)->0K(81920K) From: 288K(2048K)->1440K(2560K)
[14827.518s][info][gc,heap        ] GC(32379) ParOldGen: 363337K(363520K)->363385K(363520K)
[14827.518s][info][gc,metaspace   ] GC(32379) Metaspace: 62365K(62592K)->62365K(62592K) NonClass: 53319K(53504K)->53319K(53504K) Class: 9046K(9088K)->9046K(9088K)
[14827.518s][info][gc             ] GC(32379) Pause Young (Allocation Failure) 435M->356M(437M) 3.202ms
[14827.518s][info][gc,cpu         ] GC(32379) User=0.01s Sys=0.00s Real=0.01s
[14827.960s][info][gc,start       ] GC(32380) Pause Young (Allocation Failure)
[14827.963s][info][gc,heap        ] GC(32380) PSYoungGen: 83360K(84480K)->1792K(84480K) Eden: 81920K(81920K)->0K(81920K) From: 1440K(2560K)->1792K(2560K)
[14827.963s][info][gc,heap        ] GC(32380) ParOldGen: 363385K(363520K)->364465K(365056K)
[14827.963s][info][gc,metaspace   ] GC(32380) Metaspace: 62365K(62592K)->62365K(62592K) NonClass: 53319K(53504K)->53319K(53504K) Class: 9046K(9088K)->9046K(9088K)
[14827.963s][info][gc             ] GC(32380) Pause Young (Allocation Failure) 436M->357M(439M) 3.325ms
[14827.963s][info][gc,cpu         ] GC(32380) User=0.01s Sys=0.00s Real=0.00s
[14828.395s][info][gc,start       ] GC(32381) Pause Young (Allocation Failure)
[14828.399s][info][gc,heap        ] GC(32381) PSYoungGen: 83712K(84480K)->1344K(84480K) Eden: 81920K(81920K)->0K(81920K) From: 1792K(2560K)->1344K(2560K)
[14828.399s][info][gc,heap        ] GC(32381) ParOldGen: 364465K(365056K)->366561K(366592K)
[14828.400s][info][gc,metaspace   ] GC(32381) Metaspace: 62365K(62592K)->62365K(62592K) NonClass: 53319K(53504K)->53319K(53504K) Class: 9046K(9088K)->9046K(9088K)
[14828.400s][info][gc             ] GC(32381) Pause Young (Allocation Failure) 437M->359M(440M) 4.118ms
[14828.400s][info][gc,cpu         ] GC(32381) User=0.00s Sys=0.00s Real=0.01s
[14828.779s][info][gc,start       ] GC(32382) Pause Young (Allocation Failure)
[14828.781s][info][gc,heap        ] GC(32382) PSYoungGen: 83264K(84480K)->1152K(84480K) Eden: 81920K(81920K)->0K(81920K) From: 1344K(2560K)->1152K(2560K)
[14828.781s][info][gc,heap        ] GC(32382) ParOldGen: 366561K(366592K)->366617K(367104K)
[14828.781s][info][gc,metaspace   ] GC(32382) Metaspace: 62366K(62592K)->62366K(62592K) NonClass: 53320K(53504K)->53320K(53504K) Class: 9046K(9088K)->9046K(9088K)
[14828.781s][info][gc             ] GC(32382) Pause Young (Allocation Failure) 439M->359M(441M) 2.867ms
[14828.781s][info][gc,cpu         ] GC(32382) User=0.01s Sys=0.00s Real=0.00s
[14829.218s][info][gc,start       ] GC(32383) Pause Young (Allocation Failure)
[14829.221s][info][gc,heap        ] GC(32383) PSYoungGen: 83072K(84480K)->1632K(84480K) Eden: 81920K(81920K)->0K(81920K) From: 1152K(2560K)->1632K(2560K)
[14829.221s][info][gc,heap        ] GC(32383) ParOldGen: 366617K(367104K)->366673K(367104K)
[14829.221s][info][gc,metaspace   ] GC(32383) Metaspace: 62366K(62592K)->62366K(62592K) NonClass: 53320K(53504K)->53320K(53504K) Class: 9046K(9088K)->9046K(9088K)
[14829.221s][info][gc             ] GC(32383) Pause Young (Allocation Failure) 439M->359M(441M) 3.264ms
[14829.221s][info][gc,cpu         ] GC(32383) User=0.01s Sys=0.00s Real=0.00s
[14829.665s][info][gc,start       ] GC(32384) Pause Young (Allocation Failure)
[14829.668s][info][gc,heap        ] GC(32384) PSYoungGen: 83552K(84480K)->864K(84480K) Eden: 81920K(81920K)->0K(81920K) From: 1632K(2560K)->864K(2560K)
[14829.668s][info][gc,heap        ] GC(32384) ParOldGen: 366673K(367104K)->366721K(367104K)
[14829.668s][info][gc,metaspace   ] GC(32384) Metaspace: 62366K(62592K)->62366K(62592K) NonClass: 53320K(53504K)->53320K(53504K) Class: 9046K(9088K)->9046K(9088K)
[14829.668s][info][gc             ] GC(32384) Pause Young (Allocation Failure) 439M->358M(441M) 2.699ms
[14829.668s][info][gc,cpu         ] GC(32384) User=0.01s Sys=0.00s Real=0.01s
[14830.146s][info][gc,start       ] GC(32385) Pause Young (Allocation Failure)
[14830.148s][info][gc,heap        ] GC(32385) PSYoungGen: 82784K(84480K)->576K(84480K) Eden: 81920K(81920K)->0K(81920K) From: 864K(2560K)->576K(2560K)
[14830.148s][info][gc,heap        ] GC(32385) ParOldGen: 366721K(367104K)->366769K(367104K)
[14830.148s][info][gc,metaspace   ] GC(32385) Metaspace: 62366K(62592K)->62366K(62592K) NonClass: 53320K(53504K)->53320K(53504K) Class: 9046K(9088K)->9046K(9088K)
[14830.148s][info][gc             ] GC(32385) Pause Young (Allocation Failure) 438M->358M(441M) 2.242ms
[14830.148s][info][gc,cpu         ] GC(32385) User=0.00s Sys=0.00s Real=0.00s
[14830.597s][info][gc,start       ] GC(32386) Pause Young (Allocation Failure)
[14830.600s][info][gc,heap        ] GC(32386) PSYoungGen: 82496K(84480K)->1280K(84480K) Eden: 81920K(81920K)->0K(81920K) From: 576K(2560K)->1280K(2560K)
[14830.600s][info][gc,heap        ] GC(32386) ParOldGen: 366769K(367104K)->366817K(367104K)
[14830.600s][info][gc,metaspace   ] GC(32386) Metaspace: 62366K(62592K)->62366K(62592K) NonClass: 53320K(53504K)->53320K(53504K) Class: 9046K(9088K)->9046K(9088K)
[14830.600s][info][gc             ] GC(32386) Pause Young (Allocation Failure) 438M->359M(441M) 2.991ms
[14830.600s][info][gc,cpu         ] GC(32386) User=0.01s Sys=0.00s Real=0.00s
[14831.062s][info][gc,start       ] GC(32387) Pause Young (Allocation Failure)
[14831.064s][info][gc,heap        ] GC(32387) PSYoungGen: 83200K(84480K)->800K(84480K) Eden: 81920K(81920K)->0K(81920K) From: 1280K(2560K)->800K(2560K)
[14831.064s][info][gc,heap        ] GC(32387) ParOldGen: 366817K(367104K)->366873K(367104K)
[14831.064s][info][gc,metaspace   ] GC(32387) Metaspace: 62366K(62592K)->62366K(62592K) NonClass: 53320K(53504K)->53320K(53504K) Class: 9046K(9088K)->9046K(9088K)
[14831.064s][info][gc             ] GC(32387) Pause Young (Allocation Failure) 439M->359M(441M) 2.648ms
[14831.064s][info][gc,cpu         ] GC(32387) User=0.00s Sys=0.00s Real=0.00s
[14831.502s][info][gc,start       ] GC(32388) Pause Young (Allocation Failure)
[14831.505s][info][gc,heap        ] GC(32388) PSYoungGen: 82720K(84480K)->1568K(84480K) Eden: 81920K(81920K)->0K(81920K) From: 800K(2560K)->1568K(2560K)
[14831.505s][info][gc,heap        ] GC(32388) ParOldGen: 366873K(367104K)->366921K(367104K)
[14831.505s][info][gc,metaspace   ] GC(32388) Metaspace: 62366K(62592K)->62366K(62592K) NonClass: 53320K(53504K)->53320K(53504K) Class: 9046K(9088K)->9046K(9088K)
[14831.505s][info][gc             ] GC(32388) Pause Young (Allocation Failure) 439M->359M(441M) 3.216ms
[14831.505s][info][gc,cpu         ] GC(32388) User=0.00s Sys=0.00s Real=0.00s
[14831.916s][info][gc,start       ] GC(32389) Pause Young (Allocation Failure)
[14831.919s][info][gc,heap        ] GC(32389) PSYoungGen: 83488K(84480K)->1568K(84480K) Eden: 81920K(81920K)->0K(81920K) From: 1568K(2560K)->1568K(2560K)
[14831.919s][info][gc,heap        ] GC(32389) ParOldGen: 366921K(367104K)->366977K(367104K)
[14831.919s][info][gc,metaspace   ] GC(32389) Metaspace: 62366K(62592K)->62366K(62592K) NonClass: 53320K(53504K)->53320K(53504K) Class: 9046K(9088K)->9046K(9088K)
[14831.919s][info][gc             ] GC(32389) Pause Young (Allocation Failure) 439M->359M(441M) 3.293ms
[14831.919s][info][gc,cpu         ] GC(32389) User=0.00s Sys=0.00s Real=0.00s
[14832.358s][info][gc,start       ] GC(32390) Pause Young (Allocation Failure)
[14832.360s][info][gc,heap        ] GC(32390) PSYoungGen: 83488K(84480K)->1728K(84480K) Eden: 81920K(81920K)->0K(81920K) From: 1568K(2560K)->1728K(2560K)
[14832.360s][info][gc,heap        ] GC(32390) ParOldGen: 366977K(367104K)->367025K(367104K)
[14832.360s][info][gc,metaspace   ] GC(32390) Metaspace: 62366K(62592K)->62366K(62592K) NonClass: 53320K(53504K)->53320K(53504K) Class: 9046K(9088K)->9046K(9088K)
[14832.360s][info][gc             ] GC(32390) Pause Young (Allocation Failure) 439M->360M(441M) 2.653ms
[14832.360s][info][gc,cpu         ] GC(32390) User=0.00s Sys=0.00s Real=0.00s
[14832.800s][info][gc,start       ] GC(32391) Pause Young (Allocation Failure)
[14832.804s][info][gc,heap        ] GC(32391) PSYoungGen: 83648K(84480K)->1376K(84480K) Eden: 81920K(81920K)->0K(81920K) From: 1728K(2560K)->1376K(2560K)
[14832.804s][info][gc,heap        ] GC(32391) ParOldGen: 367025K(367104K)->368105K(368640K)
[14832.804s][info][gc,metaspace   ] GC(32391) Metaspace: 62366K(62592K)->62366K(62592K) NonClass: 53320K(53504K)->53320K(53504K) Class: 9046K(9088K)->9046K(9088K)
[14832.804s][info][gc             ] GC(32391) Pause Young (Allocation Failure) 440M->360M(442M) 3.628ms
[14832.804s][info][gc,cpu         ] GC(32391) User=0.00s Sys=0.00s Real=0.00s
[14833.288s][info][gc,start       ] GC(32392) Pause Young (Allocation Failure)
[14833.290s][info][gc,heap        ] GC(32392) PSYoungGen: 83296K(84480K)->1120K(84480K) Eden: 81920K(81920K)->0K(81920K) From: 1376K(2560K)->1120K(2560K)
[14833.290s][info][gc,heap        ] GC(32392) ParOldGen: 368105K(368640K)->368161K(368640K)
[14833.290s][info][gc,metaspace   ] GC(32392) Metaspace: 62366K(62592K)->62366K(62592K) NonClass: 53320K(53504K)->53320K(53504K) Class: 9046K(9088K)->9046K(9088K)
[14833.290s][info][gc             ] GC(32392) Pause Young (Allocation Failure) 440M->360M(442M) 2.677ms
[14833.290s][info][gc,cpu         ] GC(32392) User=0.01s Sys=0.00s Real=0.00s
[14833.755s][info][gc,start       ] GC(32393) Pause Young (Allocation Failure)
[14833.757s][info][gc,heap        ] GC(32393) PSYoungGen: 83040K(84480K)->704K(84480K) Eden: 81920K(81920K)->0K(81920K) From: 1120K(2560K)->704K(2560K)
[14833.757s][info][gc,heap        ] GC(32393) ParOldGen: 368161K(368640K)->368217K(368640K)
[14833.757s][info][gc,metaspace   ] GC(32393) Metaspace: 62366K(62592K)->62366K(62592K) NonClass: 53320K(53504K)->53320K(53504K) Class: 9046K(9088K)->9046K(9088K)
[14833.757s][info][gc             ] GC(32393) Pause Young (Allocation Failure) 440M->360M(442M) 2.369ms
[14833.757s][info][gc,cpu         ] GC(32393) User=0.01s Sys=0.00s Real=0.01s
[14834.205s][info][gc,start       ] GC(32394) Pause Young (Allocation Failure)
[14834.208s][info][gc,heap        ] GC(32394) PSYoungGen: 82624K(84480K)->1536K(84480K) Eden: 81920K(81920K)->0K(81920K) From: 704K(2560K)->1536K(2560K)
[14834.209s][info][gc,heap        ] GC(32394) ParOldGen: 368217K(368640K)->368313K(368640K)
[14834.209s][info][gc,metaspace   ] GC(32394) Metaspace: 62366K(62592K)->62366K(62592K) NonClass: 53320K(53504K)->53320K(53504K) Class: 9046K(9088K)->9046K(9088K)
[14834.209s][info][gc             ] GC(32394) Pause Young (Allocation Failure) 440M->361M(442M) 3.083ms
[14834.209s][info][gc,cpu         ] GC(32394) User=0.01s Sys=0.00s Real=0.01s
[14834.600s][info][gc,start       ] GC(32395) Pause Young (Allocation Failure)
[14834.603s][info][gc,heap        ] GC(32395) PSYoungGen: 83456K(84480K)->1472K(84480K) Eden: 81920K(81920K)->0K(81920K) From: 1536K(2560K)->1472K(2560K)
[14834.603s][info][gc,heap        ] GC(32395) ParOldGen: 368313K(368640K)->368369K(368640K)
[14834.603s][info][gc,metaspace   ] GC(32395) Metaspace: 62366K(62592K)->62366K(62592K) NonClass: 53320K(53504K)->53320K(53504K) Class: 9046K(9088K)->9046K(9088K)
[14834.603s][info][gc             ] GC(32395) Pause Young (Allocation Failure) 441M->361M(442M) 2.974ms
[14834.603s][info][gc,cpu         ] GC(32395) User=0.00s Sys=0.00s Real=0.00s
[14835.001s][info][gc,start       ] GC(32396) Pause Young (Allocation Failure)
[14835.004s][info][gc,heap        ] GC(32396) PSYoungGen: 83392K(84480K)->1472K(84480K) Eden: 81920K(81920K)->0K(81920K) From: 1472K(2560K)->1472K(2560K)
[14835.004s][info][gc,heap        ] GC(32396) ParOldGen: 368369K(368640K)->368417K(368640K)
[14835.004s][info][gc,metaspace   ] GC(32396) Metaspace: 62366K(62592K)->62366K(62592K) NonClass: 53320K(53504K)->53320K(53504K) Class: 9046K(9088K)->9046K(9088K)
[14835.004s][info][gc             ] GC(32396) Pause Young (Allocation Failure) 441M->361M(442M) 3.055ms
[14835.004s][info][gc,cpu         ] GC(32396) User=0.00s Sys=0.00s Real=0.00s
[14835.394s][info][gc,start       ] GC(32397) Pause Young (Allocation Failure)
[14835.397s][info][gc,heap        ] GC(32397) PSYoungGen: 83392K(84480K)->1376K(84480K) Eden: 81920K(81920K)->0K(81920K) From: 1472K(2560K)->1376K(2560K)
[14835.397s][info][gc,heap        ] GC(32397) ParOldGen: 368417K(368640K)->368465K(368640K)
[14835.397s][info][gc,metaspace   ] GC(32397) Metaspace: 62366K(62592K)->62366K(62592K) NonClass: 53320K(53504K)->53320K(53504K) Class: 9046K(9088K)->9046K(9088K)
[14835.397s][info][gc             ] GC(32397) Pause Young (Allocation Failure) 441M->361M(442M) 2.863ms
[14835.397s][info][gc,cpu         ] GC(32397) User=0.00s Sys=0.00s Real=0.01s
[14835.779s][info][gc,start       ] GC(32398) Pause Young (Allocation Failure)
[14835.781s][info][gc,heap        ] GC(32398) PSYoungGen: 83296K(84480K)->1184K(84480K) Eden: 81920K(81920K)->0K(81920K) From: 1376K(2560K)->1184K(2560K)
[14835.781s][info][gc,heap        ] GC(32398) ParOldGen: 368465K(368640K)->368513K(368640K)
[14835.781s][info][gc,metaspace   ] GC(32398) Metaspace: 62366K(62592K)->62366K(62592K) NonClass: 53320K(53504K)->53320K(53504K) Class: 9046K(9088K)->9046K(9088K)
[14835.781s][info][gc             ] GC(32398) Pause Young (Allocation Failure) 441M->361M(442M) 2.758ms
[14835.781s][info][gc,cpu         ] GC(32398) User=0.01s Sys=0.00s Real=0.00s
[14836.166s][info][gc,start       ] GC(32399) Pause Young (Allocation Failure)
[14836.168s][info][gc,heap        ] GC(32399) PSYoungGen: 83104K(84480K)->896K(84480K) Eden: 81920K(81920K)->0K(81920K) From: 1184K(2560K)->896K(2560K)
[14836.168s][info][gc,heap        ] GC(32399) ParOldGen: 368513K(368640K)->368569K(368640K)
[14836.168s][info][gc,metaspace   ] GC(32399) Metaspace: 62366K(62592K)->62366K(62592K) NonClass: 53320K(53504K)->53320K(53504K) Class: 9046K(9088K)->9046K(9088K)
[14836.168s][info][gc             ] GC(32399) Pause Young (Allocation Failure) 441M->360M(442M) 2.554ms
[14836.168s][info][gc,cpu         ] GC(32399) User=0.00s Sys=0.00s Real=0.01s
[14836.550s][info][gc,start       ] GC(32400) Pause Young (Allocation Failure)
[14836.553s][info][gc,heap        ] GC(32400) PSYoungGen: 82816K(84480K)->640K(84480K) Eden: 81920K(81920K)->0K(81920K) From: 896K(2560K)->640K(2560K)
[14836.553s][info][gc,heap        ] GC(32400) ParOldGen: 368569K(368640K)->368625K(368640K)
[14836.553s][info][gc,metaspace   ] GC(32400) Metaspace: 62366K(62592K)->62366K(62592K) NonClass: 53320K(53504K)->53320K(53504K) Class: 9046K(9088K)->9046K(9088K)
[14836.553s][info][gc             ] GC(32400) Pause Young (Allocation Failure) 440M->360M(442M) 2.309ms
[14836.553s][info][gc,cpu         ] GC(32400) User=0.00s Sys=0.00s Real=0.00s
[14836.922s][info][gc,start       ] GC(32401) Pause Young (Allocation Failure)
[14836.924s][info][gc,heap        ] GC(32401) PSYoungGen: 82560K(84480K)->2240K(84480K) Eden: 81920K(81920K)->0K(81920K) From: 640K(2560K)->2240K(2560K)
[14836.924s][info][gc,heap        ] GC(32401) ParOldGen: 368625K(368640K)->368681K(369152K)
[14836.924s][info][gc,metaspace   ] GC(32401) Metaspace: 62366K(62592K)->62366K(62592K) NonClass: 53320K(53504K)->53320K(53504K) Class: 9046K(9088K)->9046K(9088K)
[14836.924s][info][gc             ] GC(32401) Pause Young (Allocation Failure) 440M->362M(443M) 2.255ms
[14836.924s][info][gc,cpu         ] GC(32401) User=0.00s Sys=0.00s Real=0.00s
[14837.320s][info][gc,start       ] GC(32402) Pause Young (Allocation Failure)
[14837.324s][info][gc,heap        ] GC(32402) PSYoungGen: 84160K(84480K)->1760K(84480K) Eden: 81920K(81920K)->0K(81920K) From: 2240K(2560K)->1760K(2560K)
[14837.324s][info][gc,heap        ] GC(32402) ParOldGen: 368681K(369152K)->370777K(372224K)
[14837.324s][info][gc,metaspace   ] GC(32402) Metaspace: 62366K(62592K)->62366K(62592K) NonClass: 53320K(53504K)->53320K(53504K) Class: 9046K(9088K)->9046K(9088K)
[14837.324s][info][gc             ] GC(32402) Pause Young (Allocation Failure) 442M->363M(446M) 4.393ms
[14837.324s][info][gc,cpu         ] GC(32402) User=0.01s Sys=0.00s Real=0.00s
[14837.718s][info][gc,start       ] GC(32403) Pause Young (Allocation Failure)
[14837.721s][info][gc,heap        ] GC(32403) PSYoungGen: 83680K(84480K)->1824K(84480K) Eden: 81920K(81920K)->0K(81920K) From: 1760K(2560K)->1824K(2560K)
[14837.721s][info][gc,heap        ] GC(32403) ParOldGen: 370777K(372224K)->370825K(372224K)
[14837.721s][info][gc,metaspace   ] GC(32403) Metaspace: 62366K(62592K)->62366K(62592K) NonClass: 53320K(53504K)->53320K(53504K) Class: 9046K(9088K)->9046K(9088K)
[14837.721s][info][gc             ] GC(32403) Pause Young (Allocation Failure) 443M->363M(446M) 3.215ms
[14837.721s][info][gc,cpu         ] GC(32403) User=0.01s Sys=0.00s Real=0.00s
[14838.133s][info][gc,start       ] GC(32404) Pause Young (Allocation Failure)
[14838.135s][info][gc,heap        ] GC(32404) PSYoungGen: 83744K(84480K)->384K(83456K) Eden: 81920K(81920K)->0K(80896K) From: 1824K(2560K)->384K(2560K)
[14838.135s][info][gc,heap        ] GC(32404) ParOldGen: 370825K(372224K)->370873K(372224K)
[14838.135s][info][gc,metaspace   ] GC(32404) Metaspace: 62366K(62592K)->62366K(62592K) NonClass: 53320K(53504K)->53320K(53504K) Class: 9046K(9088K)->9046K(9088K)
[14838.135s][info][gc             ] GC(32404) Pause Young (Allocation Failure) 443M->362M(445M) 2.104ms
[14838.136s][info][gc,cpu         ] GC(32404) User=0.00s Sys=0.00s Real=0.00s
[14838.516s][info][gc,start       ] GC(32405) Pause Young (Allocation Failure)
[14838.519s][info][gc,heap        ] GC(32405) PSYoungGen: 81280K(83456K)->1696K(83968K) Eden: 80896K(80896K)->0K(80896K) From: 384K(2560K)->1696K(3072K)
[14838.519s][info][gc,heap        ] GC(32405) ParOldGen: 370873K(372224K)->370929K(372224K)
[14838.519s][info][gc,metaspace   ] GC(32405) Metaspace: 62366K(62592K)->62366K(62592K) NonClass: 53320K(53504K)->53320K(53504K) Class: 9046K(9088K)->9046K(9088K)
[14838.519s][info][gc             ] GC(32405) Pause Young (Allocation Failure) 441M->363M(445M) 3.275ms
[14838.519s][info][gc,cpu         ] GC(32405) User=0.00s Sys=0.00s Real=0.00s
[14838.934s][info][gc,start       ] GC(32406) Pause Young (Allocation Failure)
[14838.936s][info][gc,heap        ] GC(32406) PSYoungGen: 82592K(83968K)->416K(83968K) Eden: 80896K(80896K)->0K(80896K) From: 1696K(3072K)->416K(3072K)
[14838.937s][info][gc,heap        ] GC(32406) ParOldGen: 370929K(372224K)->370985K(372224K)
[14838.937s][info][gc,metaspace   ] GC(32406) Metaspace: 62366K(62592K)->62366K(62592K) NonClass: 53320K(53504K)->53320K(53504K) Class: 9046K(9088K)->9046K(9088K)
[14838.937s][info][gc             ] GC(32406) Pause Young (Allocation Failure) 442M->362M(445M) 2.119ms
[14838.937s][info][gc,cpu         ] GC(32406) User=0.00s Sys=0.00s Real=0.01s
[14839.336s][info][gc,start       ] GC(32407) Pause Young (Allocation Failure)
[14839.338s][info][gc,heap        ] GC(32407) PSYoungGen: 81312K(83968K)->416K(83968K) Eden: 80896K(80896K)->0K(80896K) From: 416K(3072K)->416K(3072K)
[14839.338s][info][gc,heap        ] GC(32407) ParOldGen: 370985K(372224K)->371041K(372224K)
[14839.338s][info][gc,metaspace   ] GC(32407) Metaspace: 62366K(62592K)->62366K(62592K) NonClass: 53320K(53504K)->53320K(53504K) Class: 9046K(9088K)->9046K(9088K)
[14839.338s][info][gc             ] GC(32407) Pause Young (Allocation Failure) 441M->362M(445M) 2.172ms
[14839.338s][info][gc,cpu         ] GC(32407) User=0.00s Sys=0.00s Real=0.00s
[14839.690s][info][gc,start       ] GC(32408) Pause Young (Allocation Failure)
[14839.693s][info][gc,heap        ] GC(32408) PSYoungGen: 81312K(83968K)->1440K(83968K) Eden: 80896K(80896K)->0K(80896K) From: 416K(3072K)->1440K(3072K)
[14839.693s][info][gc,heap        ] GC(32408) ParOldGen: 371041K(372224K)->371089K(372224K)
[14839.693s][info][gc,metaspace   ] GC(32408) Metaspace: 62366K(62592K)->62366K(62592K) NonClass: 53320K(53504K)->53320K(53504K) Class: 9046K(9088K)->9046K(9088K)
[14839.693s][info][gc             ] GC(32408) Pause Young (Allocation Failure) 441M->363M(445M) 3.101ms
[14839.694s][info][gc,cpu         ] GC(32408) User=0.01s Sys=0.00s Real=0.00s
[14840.043s][info][gc,start       ] GC(32409) Pause Young (Allocation Failure)
[14840.045s][info][gc,heap        ] GC(32409) PSYoungGen: 82336K(83968K)->448K(83968K) Eden: 80896K(80896K)->0K(80896K) From: 1440K(3072K)->448K(3072K)
[14840.045s][info][gc,heap        ] GC(32409) ParOldGen: 371089K(372224K)->371137K(372224K)
[14840.045s][info][gc,metaspace   ] GC(32409) Metaspace: 62366K(62592K)->62366K(62592K) NonClass: 53320K(53504K)->53320K(53504K) Class: 9046K(9088K)->9046K(9088K)
[14840.045s][info][gc             ] GC(32409) Pause Young (Allocation Failure) 442M->362M(445M) 1.985ms
[14840.045s][info][gc,cpu         ] GC(32409) User=0.01s Sys=0.00s Real=0.00s
[14840.561s][info][gc,start       ] GC(32410) Pause Young (Allocation Failure)
[14840.564s][info][gc,heap        ] GC(32410) PSYoungGen: 81344K(83968K)->704K(84480K) Eden: 80896K(80896K)->0K(81408K) From: 448K(3072K)->704K(3072K)
[14840.564s][info][gc,heap        ] GC(32410) ParOldGen: 371137K(372224K)->371193K(372224K)
[14840.564s][info][gc,metaspace   ] GC(32410) Metaspace: 62366K(62592K)->62366K(62592K) NonClass: 53320K(53504K)->53320K(53504K) Class: 9046K(9088K)->9046K(9088K)
[14840.564s][info][gc             ] GC(32410) Pause Young (Allocation Failure) 441M->363M(446M) 2.344ms
[14840.564s][info][gc,cpu         ] GC(32410) User=0.01s Sys=0.00s Real=0.00s
[14841.002s][info][gc,start       ] GC(32411) Pause Young (Allocation Failure)
[14841.005s][info][gc,heap        ] GC(32411) PSYoungGen: 82112K(84480K)->2336K(83968K) Eden: 81408K(81408K)->0K(81408K) From: 704K(3072K)->2336K(2560K)
[14841.005s][info][gc,heap        ] GC(32411) ParOldGen: 371193K(372224K)->371289K(372224K)
[14841.005s][info][gc,metaspace   ] GC(32411) Metaspace: 62366K(62592K)->62366K(62592K) NonClass: 53320K(53504K)->53320K(53504K) Class: 9046K(9088K)->9046K(9088K)
[14841.005s][info][gc             ] GC(32411) Pause Young (Allocation Failure) 442M->364M(445M) 3.221ms
[14841.005s][info][gc,cpu         ] GC(32411) User=0.01s Sys=0.00s Real=0.00s
[14841.444s][info][gc,start       ] GC(32412) Pause Young (Allocation Failure)
[14841.448s][info][gc,heap        ] GC(32412) PSYoungGen: 83744K(83968K)->608K(83968K) Eden: 81408K(81408K)->0K(80896K) From: 2336K(2560K)->608K(3072K)
[14841.448s][info][gc,heap        ] GC(32412) ParOldGen: 371289K(372224K)->373401K(373760K)
[14841.448s][info][gc,metaspace   ] GC(32412) Metaspace: 62366K(62592K)->62366K(62592K) NonClass: 53320K(53504K)->53320K(53504K) Class: 9046K(9088K)->9046K(9088K)
[14841.448s][info][gc             ] GC(32412) Pause Young (Allocation Failure) 444M->365M(447M) 3.322ms
[14841.448s][info][gc,cpu         ] GC(32412) User=0.01s Sys=0.00s Real=0.01s
[14841.883s][info][gc,start       ] GC(32413) Pause Young (Allocation Failure)
[14841.885s][info][gc,heap        ] GC(32413) PSYoungGen: 81504K(83968K)->1024K(83968K) Eden: 80896K(80896K)->0K(80896K) From: 608K(3072K)->1024K(3072K)
[14841.885s][info][gc,heap        ] GC(32413) ParOldGen: 373401K(373760K)->373449K(373760K)
[14841.885s][info][gc,metaspace   ] GC(32413) Metaspace: 62366K(62592K)->62366K(62592K) NonClass: 53320K(53504K)->53320K(53504K) Class: 9046K(9088K)->9046K(9088K)
[14841.885s][info][gc             ] GC(32413) Pause Young (Allocation Failure) 444M->365M(447M) 2.646ms
[14841.885s][info][gc,cpu         ] GC(32413) User=0.01s Sys=0.00s Real=0.00s
[14842.311s][info][gc,start       ] GC(32414) Pause Young (Allocation Failure)
[14842.314s][info][gc,heap        ] GC(32414) PSYoungGen: 81920K(83968K)->1632K(83968K) Eden: 80896K(80896K)->0K(80896K) From: 1024K(3072K)->1632K(3072K)
[14842.314s][info][gc,heap        ] GC(32414) ParOldGen: 373449K(373760K)->373505K(373760K)
[14842.314s][info][gc,metaspace   ] GC(32414) Metaspace: 62366K(62592K)->62366K(62592K) NonClass: 53320K(53504K)->53320K(53504K) Class: 9046K(9088K)->9046K(9088K)
[14842.314s][info][gc             ] GC(32414) Pause Young (Allocation Failure) 444M->366M(447M) 3.278ms
[14842.314s][info][gc,cpu         ] GC(32414) User=0.01s Sys=0.00s Real=0.00s
[14842.714s][info][gc,start       ] GC(32415) Pause Young (Allocation Failure)
[14842.717s][info][gc,heap        ] GC(32415) PSYoungGen: 82528K(83968K)->1728K(83968K) Eden: 80896K(80896K)->0K(80896K) From: 1632K(3072K)->1728K(3072K)
[14842.717s][info][gc,heap        ] GC(32415) ParOldGen: 373505K(373760K)->373561K(373760K)
[14842.717s][info][gc,metaspace   ] GC(32415) Metaspace: 62366K(62592K)->62366K(62592K) NonClass: 53320K(53504K)->53320K(53504K) Class: 9046K(9088K)->9046K(9088K)
[14842.718s][info][gc             ] GC(32415) Pause Young (Allocation Failure) 445M->366M(447M) 3.322ms
[14842.718s][info][gc,cpu         ] GC(32415) User=0.01s Sys=0.00s Real=0.01s
[14843.110s][info][gc,start       ] GC(32416) Pause Young (Allocation Failure)
[14843.114s][info][gc,heap        ] GC(32416) PSYoungGen: 82624K(83968K)->1664K(83968K) Eden: 80896K(80896K)->0K(80896K) From: 1728K(3072K)->1664K(3072K)
[14843.114s][info][gc,heap        ] GC(32416) ParOldGen: 373561K(373760K)->373617K(373760K)
[14843.114s][info][gc,metaspace   ] GC(32416) Metaspace: 62366K(62592K)->62366K(62592K) NonClass: 53320K(53504K)->53320K(53504K) Class: 9046K(9088K)->9046K(9088K)
[14843.114s][info][gc             ] GC(32416) Pause Young (Allocation Failure) 445M->366M(447M) 3.346ms
[14843.114s][info][gc,cpu         ] GC(32416) User=0.01s Sys=0.00s Real=0.00s
[14843.489s][info][gc,start       ] GC(32417) Pause Young (Allocation Failure)
[14843.492s][info][gc,heap        ] GC(32417) PSYoungGen: 82560K(83968K)->1312K(83968K) Eden: 80896K(80896K)->0K(80896K) From: 1664K(3072K)->1312K(3072K)
[14843.492s][info][gc,heap        ] GC(32417) ParOldGen: 373617K(373760K)->373673K(373760K)
[14843.492s][info][gc,metaspace   ] GC(32417) Metaspace: 62366K(62592K)->62366K(62592K) NonClass: 53320K(53504K)->53320K(53504K) Class: 9046K(9088K)->9046K(9088K)
[14843.492s][info][gc             ] GC(32417) Pause Young (Allocation Failure) 445M->366M(447M) 2.819ms
[14843.492s][info][gc,cpu         ] GC(32417) User=0.01s Sys=0.00s Real=0.00s
[14843.872s][info][gc,start       ] GC(32418) Pause Young (Allocation Failure)
[14843.875s][info][gc,heap        ] GC(32418) PSYoungGen: 82208K(83968K)->928K(84480K) Eden: 80896K(80896K)->0K(81408K) From: 1312K(3072K)->928K(3072K)
[14843.875s][info][gc,heap        ] GC(32418) ParOldGen: 373673K(373760K)->373729K(373760K)
[14843.875s][info][gc,metaspace   ] GC(32418) Metaspace: 62366K(62592K)->62366K(62592K) NonClass: 53320K(53504K)->53320K(53504K) Class: 9046K(9088K)->9046K(9088K)
[14843.875s][info][gc             ] GC(32418) Pause Young (Allocation Failure) 445M->365M(447M) 2.478ms
[14843.875s][info][gc,cpu         ] GC(32418) User=0.00s Sys=0.00s Real=0.00s
[14844.297s][info][gc,start       ] GC(32419) Pause Young (Allocation Failure)
[14844.299s][info][gc,heap        ] GC(32419) PSYoungGen: 82336K(84480K)->1280K(83968K) Eden: 81408K(81408K)->0K(81408K) From: 928K(3072K)->1280K(2560K)
[14844.299s][info][gc,heap        ] GC(32419) ParOldGen: 373729K(373760K)->373785K(374272K)
[14844.299s][info][gc,metaspace   ] GC(32419) Metaspace: 62366K(62592K)->62366K(62592K) NonClass: 53320K(53504K)->53320K(53504K) Class: 9046K(9088K)->9046K(9088K)
[14844.299s][info][gc             ] GC(32419) Pause Young (Allocation Failure) 445M->366M(447M) 2.902ms
[14844.299s][info][gc,cpu         ] GC(32419) User=0.00s Sys=0.00s Real=0.00s
[14844.726s][info][gc,start       ] GC(32420) Pause Young (Allocation Failure)
[14844.728s][info][gc,heap        ] GC(32420) PSYoungGen: 82688K(83968K)->224K(84480K) Eden: 81408K(81408K)->0K(81920K) From: 1280K(2560K)->224K(2560K)
[14844.728s][info][gc,heap        ] GC(32420) ParOldGen: 373785K(374272K)->373841K(374272K)
[14844.728s][info][gc,metaspace   ] GC(32420) Metaspace: 62366K(62592K)->62366K(62592K) NonClass: 53320K(53504K)->53320K(53504K) Class: 9046K(9088K)->9046K(9088K)
[14844.728s][info][gc             ] GC(32420) Pause Young (Allocation Failure) 445M->365M(448M) 1.956ms
[14844.728s][info][gc,cpu         ] GC(32420) User=0.00s Sys=0.00s Real=0.00s
[14845.158s][info][gc,start       ] GC(32421) Pause Young (Allocation Failure)
[14845.160s][info][gc,heap        ] GC(32421) PSYoungGen: 82144K(84480K)->704K(84480K) Eden: 81920K(81920K)->0K(81920K) From: 224K(2560K)->704K(2560K)
[14845.160s][info][gc,heap        ] GC(32421) ParOldGen: 373841K(374272K)->373889K(374272K)
[14845.160s][info][gc,metaspace   ] GC(32421) Metaspace: 62366K(62592K)->62366K(62592K) NonClass: 53320K(53504K)->53320K(53504K) Class: 9046K(9088K)->9046K(9088K)
[14845.160s][info][gc             ] GC(32421) Pause Young (Allocation Failure) 445M->365M(448M) 2.461ms
[14845.160s][info][gc,cpu         ] GC(32421) User=0.00s Sys=0.00s Real=0.00s
[14845.579s][info][gc,start       ] GC(32422) Pause Young (Allocation Failure)
[14845.582s][info][gc,heap        ] GC(32422) PSYoungGen: 82624K(84480K)->2080K(83456K) Eden: 81920K(81920K)->0K(80896K) From: 704K(2560K)->2080K(2560K)
[14845.582s][info][gc,heap        ] GC(32422) ParOldGen: 373889K(374272K)->373945K(374272K)
[14845.582s][info][gc,metaspace   ] GC(32422) Metaspace: 62366K(62592K)->62366K(62592K) NonClass: 53320K(53504K)->53320K(53504K) Class: 9046K(9088K)->9046K(9088K)
[14845.582s][info][gc             ] GC(32422) Pause Young (Allocation Failure) 445M->367M(447M) 2.784ms
[14845.582s][info][gc,cpu         ] GC(32422) User=0.01s Sys=0.00s Real=0.00s
[14846.003s][info][gc,start       ] GC(32423) Pause Young (Allocation Failure)
[14846.006s][info][gc,heap        ] GC(32423) PSYoungGen: 82976K(83456K)->1408K(83968K) Eden: 80896K(80896K)->0K(80896K) From: 2080K(2560K)->1408K(3072K)
[14846.006s][info][gc,heap        ] GC(32423) ParOldGen: 373945K(374272K)->375025K(375808K)
[14846.006s][info][gc,metaspace   ] GC(32423) Metaspace: 62366K(62592K)->62366K(62592K) NonClass: 53320K(53504K)->53320K(53504K) Class: 9046K(9088K)->9046K(9088K)
[14846.006s][info][gc             ] GC(32423) Pause Young (Allocation Failure) 446M->367M(449M) 3.519ms
[14846.006s][info][gc,cpu         ] GC(32423) User=0.01s Sys=0.00s Real=0.01s
[14846.424s][info][gc,start       ] GC(32424) Pause Young (Allocation Failure)
[14846.426s][info][gc,heap        ] GC(32424) PSYoungGen: 82304K(83968K)->224K(83968K) Eden: 80896K(80896K)->0K(80896K) From: 1408K(3072K)->224K(3072K)
[14846.426s][info][gc,heap        ] GC(32424) ParOldGen: 375025K(375808K)->375081K(375808K)
[14846.426s][info][gc,metaspace   ] GC(32424) Metaspace: 62366K(62592K)->62366K(62592K) NonClass: 53320K(53504K)->53320K(53504K) Class: 9046K(9088K)->9046K(9088K)
[14846.426s][info][gc             ] GC(32424) Pause Young (Allocation Failure) 446M->366M(449M) 2.030ms
[14846.426s][info][gc,cpu         ] GC(32424) User=0.00s Sys=0.00s Real=0.01s
[14846.854s][info][gc,start       ] GC(32425) Pause Young (Allocation Failure)
[14846.856s][info][gc,heap        ] GC(32425) PSYoungGen: 81120K(83968K)->672K(83968K) Eden: 80896K(80896K)->0K(80896K) From: 224K(3072K)->672K(3072K)
[14846.856s][info][gc,heap        ] GC(32425) ParOldGen: 375081K(375808K)->375137K(375808K)
[14846.856s][info][gc,metaspace   ] GC(32425) Metaspace: 62366K(62592K)->62366K(62592K) NonClass: 53320K(53504K)->53320K(53504K) Class: 9046K(9088K)->9046K(9088K)
[14846.856s][info][gc             ] GC(32425) Pause Young (Allocation Failure) 445M->367M(449M) 2.283ms
[14846.856s][info][gc,cpu         ] GC(32425) User=0.00s Sys=0.00s Real=0.01s
[14847.287s][info][gc,start       ] GC(32426) Pause Young (Allocation Failure)
[14847.290s][info][gc,heap        ] GC(32426) PSYoungGen: 81568K(83968K)->1184K(84480K) Eden: 80896K(80896K)->0K(81920K) From: 672K(3072K)->1184K(2560K)
[14847.290s][info][gc,heap        ] GC(32426) ParOldGen: 375137K(375808K)->375201K(375808K)
[14847.290s][info][gc,metaspace   ] GC(32426) Metaspace: 62366K(62592K)->62366K(62592K) NonClass: 53320K(53504K)->53320K(53504K) Class: 9046K(9088K)->9046K(9088K)
[14847.290s][info][gc             ] GC(32426) Pause Young (Allocation Failure) 446M->367M(449M) 2.915ms
[14847.290s][info][gc,cpu         ] GC(32426) User=0.01s Sys=0.00s Real=0.00s
[14847.760s][info][gc,start       ] GC(32427) Pause Young (Allocation Failure)
[14847.762s][info][gc,heap        ] GC(32427) PSYoungGen: 83104K(84480K)->816K(84480K) Eden: 81920K(81920K)->0K(81920K) From: 1184K(2560K)->816K(2560K)
[14847.762s][info][gc,heap        ] GC(32427) ParOldGen: 375201K(375808K)->375257K(375808K)
[14847.762s][info][gc,metaspace   ] GC(32427) Metaspace: 62366K(62592K)->62366K(62592K) NonClass: 53320K(53504K)->53320K(53504K) Class: 9046K(9088K)->9046K(9088K)
[14847.762s][info][gc             ] GC(32427) Pause Young (Allocation Failure) 447M->367M(449M) 2.516ms
[14847.762s][info][gc,cpu         ] GC(32427) User=0.00s Sys=0.00s Real=0.00s
[14848.189s][info][gc,start       ] GC(32428) Pause Young (Allocation Failure)
[14848.192s][info][gc,heap        ] GC(32428) PSYoungGen: 82736K(84480K)->1184K(84480K) Eden: 81920K(81920K)->0K(81920K) From: 816K(2560K)->1184K(2560K)
[14848.192s][info][gc,heap        ] GC(32428) ParOldGen: 375257K(375808K)->375362K(375808K)
[14848.192s][info][gc,metaspace   ] GC(32428) Metaspace: 62366K(62592K)->62366K(62592K) NonClass: 53320K(53504K)->53320K(53504K) Class: 9046K(9088K)->9046K(9088K)
[14848.192s][info][gc             ] GC(32428) Pause Young (Allocation Failure) 447M->367M(449M) 2.863ms
[14848.192s][info][gc,cpu         ] GC(32428) User=0.01s Sys=0.00s Real=0.00s
[14848.582s][info][gc,start       ] GC(32429) Pause Young (Allocation Failure)
[14848.585s][info][gc,heap        ] GC(32429) PSYoungGen: 83104K(84480K)->1184K(84480K) Eden: 81920K(81920K)->0K(81920K) From: 1184K(2560K)->1184K(2560K)
[14848.585s][info][gc,heap        ] GC(32429) ParOldGen: 375362K(375808K)->375418K(375808K)
[14848.585s][info][gc,metaspace   ] GC(32429) Metaspace: 62366K(62592K)->62366K(62592K) NonClass: 53320K(53504K)->53320K(53504K) Class: 9046K(9088K)->9046K(9088K)
[14848.585s][info][gc             ] GC(32429) Pause Young (Allocation Failure) 447M->367M(449M) 2.817ms
[14848.585s][info][gc,cpu         ] GC(32429) User=0.00s Sys=0.00s Real=0.00s
[14849.000s][info][gc,start       ] GC(32430) Pause Young (Allocation Failure)
[14849.003s][info][gc,heap        ] GC(32430) PSYoungGen: 83104K(84480K)->1408K(84480K) Eden: 81920K(81920K)->0K(81920K) From: 1184K(2560K)->1408K(2560K)
[14849.003s][info][gc,heap        ] GC(32430) ParOldGen: 375418K(375808K)->375474K(375808K)
[14849.003s][info][gc,metaspace   ] GC(32430) Metaspace: 62366K(62592K)->62366K(62592K) NonClass: 53320K(53504K)->53320K(53504K) Class: 9046K(9088K)->9046K(9088K)
[14849.003s][info][gc             ] GC(32430) Pause Young (Allocation Failure) 447M->368M(449M) 2.962ms
[14849.003s][info][gc,cpu         ] GC(32430) User=0.01s Sys=0.00s Real=0.00s
[14849.424s][info][gc,start       ] GC(32431) Pause Young (Allocation Failure)
[14849.426s][info][gc,heap        ] GC(32431) PSYoungGen: 83328K(84480K)->256K(84480K) Eden: 81920K(81920K)->0K(81920K) From: 1408K(2560K)->256K(2560K)
[14849.426s][info][gc,heap        ] GC(32431) ParOldGen: 375474K(375808K)->375530K(375808K)
[14849.426s][info][gc,metaspace   ] GC(32431) Metaspace: 62366K(62592K)->62366K(62592K) NonClass: 53320K(53504K)->53320K(53504K) Class: 9046K(9088K)->9046K(9088K)
[14849.426s][info][gc             ] GC(32431) Pause Young (Allocation Failure) 448M->366M(449M) 1.937ms
[14849.426s][info][gc,cpu         ] GC(32431) User=0.00s Sys=0.00s Real=0.01s
[14849.834s][info][gc,start       ] GC(32432) Pause Young (Allocation Failure)
[14849.836s][info][gc,heap        ] GC(32432) PSYoungGen: 82176K(84480K)->416K(84480K) Eden: 81920K(81920K)->0K(81920K) From: 256K(2560K)->416K(2560K)
[14849.836s][info][gc,heap        ] GC(32432) ParOldGen: 375530K(375808K)->375578K(375808K)
[14849.836s][info][gc,metaspace   ] GC(32432) Metaspace: 62366K(62592K)->62366K(62592K) NonClass: 53320K(53504K)->53320K(53504K) Class: 9046K(9088K)->9046K(9088K)
[14849.836s][info][gc             ] GC(32432) Pause Young (Allocation Failure) 446M->367M(449M) 2.133ms
[14849.836s][info][gc,cpu         ] GC(32432) User=0.01s Sys=0.00s Real=0.01s
[14850.218s][info][gc,start       ] GC(32433) Pause Young (Allocation Failure)
[14850.221s][info][gc,heap        ] GC(32433) PSYoungGen: 82336K(84480K)->2528K(84480K) Eden: 81920K(81920K)->0K(81920K) From: 416K(2560K)->2528K(2560K)
[14850.221s][info][gc,heap        ] GC(32433) ParOldGen: 375578K(375808K)->375882K(376320K)
[14850.221s][info][gc,metaspace   ] GC(32433) Metaspace: 62366K(62592K)->62366K(62592K) NonClass: 53320K(53504K)->53320K(53504K) Class: 9046K(9088K)->9046K(9088K)
[14850.221s][info][gc             ] GC(32433) Pause Young (Allocation Failure) 447M->369M(450M) 3.606ms
[14850.221s][info][gc,cpu         ] GC(32433) User=0.01s Sys=0.00s Real=0.00s
[14850.627s][info][gc,start       ] GC(32434) Pause Young (Allocation Failure)
[14850.630s][info][gc,heap        ] GC(32434) PSYoungGen: 84448K(84480K)->288K(83456K) Eden: 81920K(81920K)->0K(80896K) From: 2528K(2560K)->288K(2560K)
[14850.630s][info][gc,heap        ] GC(32434) ParOldGen: 375882K(376320K)->377970K(379392K)
[14850.630s][info][gc,metaspace   ] GC(32434) Metaspace: 62366K(62592K)->62366K(62592K) NonClass: 53320K(53504K)->53320K(53504K) Class: 9046K(9088K)->9046K(9088K)
[14850.630s][info][gc             ] GC(32434) Pause Young (Allocation Failure) 449M->369M(452M) 3.018ms
[14850.630s][info][gc,cpu         ] GC(32434) User=0.01s Sys=0.00s Real=0.00s
[14851.054s][info][gc,start       ] GC(32435) Pause Young (Allocation Failure)
[14851.056s][info][gc,heap        ] GC(32435) PSYoungGen: 81184K(83456K)->640K(83968K) Eden: 80896K(80896K)->0K(80896K) From: 288K(2560K)->640K(3072K)
[14851.056s][info][gc,heap        ] GC(32435) ParOldGen: 377970K(379392K)->378026K(379392K)
[14851.056s][info][gc,metaspace   ] GC(32435) Metaspace: 62366K(62592K)->62366K(62592K) NonClass: 53320K(53504K)->53320K(53504K) Class: 9046K(9088K)->9046K(9088K)
[14851.056s][info][gc             ] GC(32435) Pause Young (Allocation Failure) 448M->369M(452M) 2.325ms
[14851.056s][info][gc,cpu         ] GC(32435) User=0.01s Sys=0.00s Real=0.01s
[14851.433s][info][gc,start       ] GC(32436) Pause Young (Allocation Failure)
[14851.435s][info][gc,heap        ] GC(32436) PSYoungGen: 81536K(83968K)->416K(83968K) Eden: 80896K(80896K)->0K(80896K) From: 640K(3072K)->416K(3072K)
[14851.435s][info][gc,heap        ] GC(32436) ParOldGen: 378026K(379392K)->378090K(379392K)
[14851.435s][info][gc,metaspace   ] GC(32436) Metaspace: 62366K(62592K)->62366K(62592K) NonClass: 53320K(53504K)->53320K(53504K) Class: 9046K(9088K)->9046K(9088K)
[14851.435s][info][gc             ] GC(32436) Pause Young (Allocation Failure) 448M->369M(452M) 2.194ms
[14851.435s][info][gc,cpu         ] GC(32436) User=0.00s Sys=0.00s Real=0.00s
[14851.836s][info][gc,start       ] GC(32437) Pause Young (Allocation Failure)
[14851.838s][info][gc,heap        ] GC(32437) PSYoungGen: 81312K(83968K)->384K(83968K) Eden: 80896K(80896K)->0K(80896K) From: 416K(3072K)->384K(3072K)
[14851.838s][info][gc,heap        ] GC(32437) ParOldGen: 378090K(379392K)->378146K(379392K)
[14851.838s][info][gc,metaspace   ] GC(32437) Metaspace: 62366K(62592K)->62366K(62592K) NonClass: 53320K(53504K)->53320K(53504K) Class: 9046K(9088K)->9046K(9088K)
[14851.838s][info][gc             ] GC(32437) Pause Young (Allocation Failure) 448M->369M(452M) 2.135ms
[14851.838s][info][gc,cpu         ] GC(32437) User=0.01s Sys=0.00s Real=0.01s
[14852.214s][info][gc,start       ] GC(32438) Pause Young (Allocation Failure)
[14852.217s][info][gc,heap        ] GC(32438) PSYoungGen: 81280K(83968K)->1792K(83456K) Eden: 80896K(80896K)->0K(80896K) From: 384K(3072K)->1792K(2560K)
[14852.217s][info][gc,heap        ] GC(32438) ParOldGen: 378146K(379392K)->378210K(379392K)
[14852.217s][info][gc,metaspace   ] GC(32438) Metaspace: 62366K(62592K)->62366K(62592K) NonClass: 53320K(53504K)->53320K(53504K) Class: 9046K(9088K)->9046K(9088K)
[14852.217s][info][gc             ] GC(32438) Pause Young (Allocation Failure) 448M->371M(452M) 3.376ms
[14852.217s][info][gc,cpu         ] GC(32438) User=0.01s Sys=0.00s Real=0.01s
[14852.586s][info][gc,start       ] GC(32439) Pause Young (Allocation Failure)
[14852.589s][info][gc,heap        ] GC(32439) PSYoungGen: 82688K(83456K)->1344K(83968K) Eden: 80896K(80896K)->0K(80896K) From: 1792K(2560K)->1344K(3072K)
[14852.589s][info][gc,heap        ] GC(32439) ParOldGen: 378210K(379392K)->378266K(379392K)
[14852.589s][info][gc,metaspace   ] GC(32439) Metaspace: 62366K(62592K)->62366K(62592K) NonClass: 53320K(53504K)->53320K(53504K) Class: 9046K(9088K)->9046K(9088K)
[14852.589s][info][gc             ] GC(32439) Pause Young (Allocation Failure) 450M->370M(452M) 3.075ms
[14852.589s][info][gc,cpu         ] GC(32439) User=0.00s Sys=0.00s Real=0.00s
[14852.966s][info][gc,start       ] GC(32440) Pause Young (Allocation Failure)
[14852.968s][info][gc,heap        ] GC(32440) PSYoungGen: 82240K(83968K)->864K(84480K) Eden: 80896K(80896K)->0K(81408K) From: 1344K(3072K)->864K(3072K)
[14852.968s][info][gc,heap        ] GC(32440) ParOldGen: 378266K(379392K)->378322K(379392K)
[14852.968s][info][gc,metaspace   ] GC(32440) Metaspace: 62366K(62592K)->62366K(62592K) NonClass: 53320K(53504K)->53320K(53504K) Class: 9046K(9088K)->9046K(9088K)
[14852.968s][info][gc             ] GC(32440) Pause Young (Allocation Failure) 449M->370M(453M) 2.589ms
[14852.968s][info][gc,cpu         ] GC(32440) User=0.00s Sys=0.00s Real=0.01s
[14853.466s][info][gc,start       ] GC(32441) Pause Young (Allocation Failure)
[14853.469s][info][gc,heap        ] GC(32441) PSYoungGen: 82272K(84480K)->800K(83968K) Eden: 81408K(81408K)->0K(81408K) From: 864K(3072K)->800K(2560K)
[14853.469s][info][gc,heap        ] GC(32441) ParOldGen: 378322K(379392K)->378378K(379392K)
[14853.469s][info][gc,metaspace   ] GC(32441) Metaspace: 62366K(62592K)->62366K(62592K) NonClass: 53320K(53504K)->53320K(53504K) Class: 9046K(9088K)->9046K(9088K)
[14853.469s][info][gc             ] GC(32441) Pause Young (Allocation Failure) 449M->370M(452M) 2.852ms
[14853.469s][info][gc,cpu         ] GC(32441) User=0.00s Sys=0.00s Real=0.00s
[14853.934s][info][gc,start       ] GC(32442) Pause Young (Allocation Failure)
[14853.936s][info][gc,heap        ] GC(32442) PSYoungGen: 82208K(83968K)->352K(84480K) Eden: 81408K(81408K)->0K(81920K) From: 800K(2560K)->352K(2560K)
[14853.936s][info][gc,heap        ] GC(32442) ParOldGen: 378378K(379392K)->378434K(379392K)
[14853.937s][info][gc,metaspace   ] GC(32442) Metaspace: 62366K(62592K)->62366K(62592K) NonClass: 53320K(53504K)->53320K(53504K) Class: 9046K(9088K)->9046K(9088K)
[14853.937s][info][gc             ] GC(32442) Pause Young (Allocation Failure) 449M->369M(453M) 2.184ms
[14853.937s][info][gc,cpu         ] GC(32442) User=0.00s Sys=0.00s Real=0.01s
[14854.388s][info][gc,start       ] GC(32443) Pause Young (Allocation Failure)
[14854.391s][info][gc,heap        ] GC(32443) PSYoungGen: 82272K(84480K)->2080K(84480K) Eden: 81920K(81920K)->0K(81920K) From: 352K(2560K)->2080K(2560K)
[14854.391s][info][gc,heap        ] GC(32443) ParOldGen: 378434K(379392K)->378490K(379392K)
[14854.391s][info][gc,metaspace   ] GC(32443) Metaspace: 62366K(62592K)->62366K(62592K) NonClass: 53320K(53504K)->53320K(53504K) Class: 9046K(9088K)->9046K(9088K)
[14854.391s][info][gc             ] GC(32443) Pause Young (Allocation Failure) 449M->371M(453M) 3.013ms
[14854.391s][info][gc,cpu         ] GC(32443) User=0.00s Sys=0.00s Real=0.00s
[14854.909s][info][gc,start       ] GC(32444) Pause Young (Allocation Failure)
[14854.912s][info][gc,heap        ] GC(32444) PSYoungGen: 84000K(84480K)->1264K(83456K) Eden: 81920K(81920K)->0K(80896K) From: 2080K(2560K)->1264K(2560K)
[14854.912s][info][gc,heap        ] GC(32444) ParOldGen: 378490K(379392K)->379570K(380928K)
[14854.912s][info][gc,metaspace   ] GC(32444) Metaspace: 62366K(62592K)->62366K(62592K) NonClass: 53320K(53504K)->53320K(53504K) Class: 9046K(9088K)->9046K(9088K)
[14854.912s][info][gc             ] GC(32444) Pause Young (Allocation Failure) 451M->371M(453M) 3.651ms
[14854.912s][info][gc,cpu         ] GC(32444) User=0.00s Sys=0.00s Real=0.00s
[14855.396s][info][gc,start       ] GC(32445) Pause Young (Allocation Failure)
[14855.399s][info][gc,heap        ] GC(32445) PSYoungGen: 82160K(83456K)->1152K(83968K) Eden: 80896K(80896K)->0K(80896K) From: 1264K(2560K)->1152K(3072K)
[14855.399s][info][gc,heap        ] GC(32445) ParOldGen: 379570K(380928K)->379674K(380928K)
[14855.399s][info][gc,metaspace   ] GC(32445) Metaspace: 62366K(62592K)->62366K(62592K) NonClass: 53320K(53504K)->53320K(53504K) Class: 9046K(9088K)->9046K(9088K)
[14855.399s][info][gc             ] GC(32445) Pause Young (Allocation Failure) 450M->371M(454M) 3.195ms
[14855.399s][info][gc,cpu         ] GC(32445) User=0.01s Sys=0.00s Real=0.01s
[14855.889s][info][gc,start       ] GC(32446) Pause Young (Allocation Failure)
[14855.892s][info][gc,heap        ] GC(32446) PSYoungGen: 82048K(83968K)->1024K(84480K) Eden: 80896K(80896K)->0K(81920K) From: 1152K(3072K)->1024K(2560K)
[14855.892s][info][gc,heap        ] GC(32446) ParOldGen: 379674K(380928K)->379730K(380928K)
[14855.892s][info][gc,metaspace   ] GC(32446) Metaspace: 62366K(62592K)->62366K(62592K) NonClass: 53320K(53504K)->53320K(53504K) Class: 9046K(9088K)->9046K(9088K)
[14855.892s][info][gc             ] GC(32446) Pause Young (Allocation Failure) 450M->371M(454M) 2.906ms
[14855.892s][info][gc,cpu         ] GC(32446) User=0.01s Sys=0.00s Real=0.00s
[14856.410s][info][gc,start       ] GC(32447) Pause Young (Allocation Failure)
[14856.413s][info][gc,heap        ] GC(32447) PSYoungGen: 82944K(84480K)->1216K(84480K) Eden: 81920K(81920K)->0K(81920K) From: 1024K(2560K)->1216K(2560K)
[14856.413s][info][gc,heap        ] GC(32447) ParOldGen: 379730K(380928K)->379786K(380928K)
[14856.413s][info][gc,metaspace   ] GC(32447) Metaspace: 62366K(62592K)->62366K(62592K) NonClass: 53320K(53504K)->53320K(53504K) Class: 9046K(9088K)->9046K(9088K)
[14856.413s][info][gc             ] GC(32447) Pause Young (Allocation Failure) 451M->372M(454M) 2.948ms
[14856.413s][info][gc,cpu         ] GC(32447) User=0.00s Sys=0.00s Real=0.00s
[14856.910s][info][gc,start       ] GC(32448) Pause Young (Allocation Failure)
[14856.912s][info][gc,heap        ] GC(32448) PSYoungGen: 83136K(84480K)->1216K(84480K) Eden: 81920K(81920K)->0K(81920K) From: 1216K(2560K)->1216K(2560K)
[14856.912s][info][gc,heap        ] GC(32448) ParOldGen: 379786K(380928K)->379842K(380928K)
[14856.913s][info][gc,metaspace   ] GC(32448) Metaspace: 62366K(62592K)->62366K(62592K) NonClass: 53320K(53504K)->53320K(53504K) Class: 9046K(9088K)->9046K(9088K)
[14856.913s][info][gc             ] GC(32448) Pause Young (Allocation Failure) 452M->372M(454M) 2.914ms
[14856.913s][info][gc,cpu         ] GC(32448) User=0.00s Sys=0.00s Real=0.00s
[14857.402s][info][gc,start       ] GC(32449) Pause Young (Allocation Failure)
[14857.405s][info][gc,heap        ] GC(32449) PSYoungGen: 83136K(84480K)->1184K(84480K) Eden: 81920K(81920K)->0K(81920K) From: 1216K(2560K)->1184K(2560K)
[14857.405s][info][gc,heap        ] GC(32449) ParOldGen: 379842K(380928K)->379898K(380928K)
[14857.405s][info][gc,metaspace   ] GC(32449) Metaspace: 62366K(62592K)->62366K(62592K) NonClass: 53320K(53504K)->53320K(53504K) Class: 9046K(9088K)->9046K(9088K)
[14857.405s][info][gc             ] GC(32449) Pause Young (Allocation Failure) 452M->372M(454M) 3.135ms
[14857.405s][info][gc,cpu         ] GC(32449) User=0.00s Sys=0.00s Real=0.00s
[14857.861s][info][gc,start       ] GC(32450) Pause Young (Allocation Failure)
[14857.863s][info][gc,heap        ] GC(32450) PSYoungGen: 83104K(84480K)->736K(84480K) Eden: 81920K(81920K)->0K(81920K) From: 1184K(2560K)->736K(2560K)
[14857.863s][info][gc,heap        ] GC(32450) ParOldGen: 379898K(380928K)->379946K(380928K)
[14857.863s][info][gc,metaspace   ] GC(32450) Metaspace: 62366K(62592K)->62366K(62592K) NonClass: 53320K(53504K)->53320K(53504K) Class: 9046K(9088K)->9046K(9088K)
[14857.863s][info][gc             ] GC(32450) Pause Young (Allocation Failure) 452M->371M(454M) 2.684ms
[14857.863s][info][gc,cpu         ] GC(32450) User=0.01s Sys=0.00s Real=0.00s
[14858.347s][info][gc,start       ] GC(32451) Pause Young (Allocation Failure)
[14858.349s][info][gc,heap        ] GC(32451) PSYoungGen: 82656K(84480K)->512K(84480K) Eden: 81920K(81920K)->0K(81920K) From: 736K(2560K)->512K(2560K)
[14858.349s][info][gc,heap        ] GC(32451) ParOldGen: 379946K(380928K)->380002K(380928K)
[14858.349s][info][gc,metaspace   ] GC(32451) Metaspace: 62366K(62592K)->62366K(62592K) NonClass: 53320K(53504K)->53320K(53504K) Class: 9046K(9088K)->9046K(9088K)
[14858.349s][info][gc             ] GC(32451) Pause Young (Allocation Failure) 451M->371M(454M) 2.468ms
[14858.349s][info][gc,cpu         ] GC(32451) User=0.00s Sys=0.00s Real=0.00s
[14858.860s][info][gc,start       ] GC(32452) Pause Young (Allocation Failure)
[14858.863s][info][gc,heap        ] GC(32452) PSYoungGen: 82432K(84480K)->640K(84992K) Eden: 81920K(81920K)->0K(82432K) From: 512K(2560K)->640K(2560K)
[14858.863s][info][gc,heap        ] GC(32452) ParOldGen: 380002K(380928K)->380058K(380928K)
[14858.863s][info][gc,metaspace   ] GC(32452) Metaspace: 62366K(62592K)->62366K(62592K) NonClass: 53320K(53504K)->53320K(53504K) Class: 9046K(9088K)->9046K(9088K)
[14858.863s][info][gc             ] GC(32452) Pause Young (Allocation Failure) 451M->371M(455M) 2.419ms
[14858.863s][info][gc,cpu         ] GC(32452) User=0.01s Sys=0.00s Real=0.00s
[14859.350s][info][gc,start       ] GC(32453) Pause Young (Allocation Failure)
[14859.352s][info][gc,heap        ] GC(32453) PSYoungGen: 83072K(84992K)->576K(84480K) Eden: 82432K(82432K)->0K(82432K) From: 640K(2560K)->576K(2048K)
[14859.352s][info][gc,heap        ] GC(32453) ParOldGen: 380058K(380928K)->380114K(380928K)
[14859.352s][info][gc,metaspace   ] GC(32453) Metaspace: 62366K(62592K)->62366K(62592K) NonClass: 53320K(53504K)->53320K(53504K) Class: 9046K(9088K)->9046K(9088K)
[14859.352s][info][gc             ] GC(32453) Pause Young (Allocation Failure) 452M->371M(454M) 2.397ms
[14859.352s][info][gc,cpu         ] GC(32453) User=0.01s Sys=0.00s Real=0.00s
[14859.832s][info][gc,start       ] GC(32454) Pause Young (Allocation Failure)
[14859.834s][info][gc,heap        ] GC(32454) PSYoungGen: 83008K(84480K)->1344K(84992K) Eden: 82432K(82432K)->0K(82944K) From: 576K(2048K)->1344K(2048K)
[14859.834s][info][gc,heap        ] GC(32454) ParOldGen: 380114K(380928K)->380178K(380928K)
[14859.834s][info][gc,metaspace   ] GC(32454) Metaspace: 62366K(62592K)->62366K(62592K) NonClass: 53320K(53504K)->53320K(53504K) Class: 9046K(9088K)->9046K(9088K)
[14859.834s][info][gc             ] GC(32454) Pause Young (Allocation Failure) 452M->372M(455M) 2.433ms
[14859.834s][info][gc,cpu         ] GC(32454) User=0.00s Sys=0.00s Real=0.00s
[14860.257s][info][gc,start       ] GC(32455) Pause Young (Allocation Failure)
[14860.261s][info][gc,heap        ] GC(32455) PSYoungGen: 84288K(84992K)->768K(84992K) Eden: 82944K(82944K)->0K(82944K) From: 1344K(2048K)->768K(2048K)
[14860.261s][info][gc,heap        ] GC(32455) ParOldGen: 380178K(380928K)->382282K(382464K)
[14860.261s][info][gc,metaspace   ] GC(32455) Metaspace: 62366K(62592K)->62366K(62592K) NonClass: 53320K(53504K)->53320K(53504K) Class: 9046K(9088K)->9046K(9088K)
[14860.261s][info][gc             ] GC(32455) Pause Young (Allocation Failure) 453M->374M(456M) 3.533ms
[14860.261s][info][gc,cpu         ] GC(32455) User=0.00s Sys=0.00s Real=0.00s
[14860.654s][info][gc,start       ] GC(32456) Pause Young (Allocation Failure)
[14860.656s][info][gc,heap        ] GC(32456) PSYoungGen: 83712K(84992K)->736K(84992K) Eden: 82944K(82944K)->0K(82944K) From: 768K(2048K)->736K(2048K)
[14860.656s][info][gc,heap        ] GC(32456) ParOldGen: 382282K(382464K)->382330K(382464K)
[14860.656s][info][gc,metaspace   ] GC(32456) Metaspace: 62366K(62592K)->62366K(62592K) NonClass: 53320K(53504K)->53320K(53504K) Class: 9046K(9088K)->9046K(9088K)
[14860.656s][info][gc             ] GC(32456) Pause Young (Allocation Failure) 455M->374M(456M) 2.499ms
[14860.656s][info][gc,cpu         ] GC(32456) User=0.00s Sys=0.00s Real=0.01s
[14861.054s][info][gc,start       ] GC(32457) Pause Young (Allocation Failure)
[14861.057s][info][gc,heap        ] GC(32457) PSYoungGen: 83680K(84992K)->736K(84992K) Eden: 82944K(82944K)->0K(82944K) From: 736K(2048K)->736K(2048K)
[14861.057s][info][gc,heap        ] GC(32457) ParOldGen: 382330K(382464K)->382378K(382464K)
[14861.057s][info][gc,metaspace   ] GC(32457) Metaspace: 62366K(62592K)->62366K(62592K) NonClass: 53320K(53504K)->53320K(53504K) Class: 9046K(9088K)->9046K(9088K)
[14861.057s][info][gc             ] GC(32457) Pause Young (Allocation Failure) 455M->374M(456M) 2.498ms
[14861.057s][info][gc,cpu         ] GC(32457) User=0.00s Sys=0.00s Real=0.01s
[14861.455s][info][gc,start       ] GC(32458) Pause Young (Allocation Failure)
[14861.457s][info][gc,heap        ] GC(32458) PSYoungGen: 83680K(84992K)->704K(84992K) Eden: 82944K(82944K)->0K(82944K) From: 736K(2048K)->704K(2048K)
[14861.457s][info][gc,heap        ] GC(32458) ParOldGen: 382378K(382464K)->382434K(382464K)
[14861.457s][info][gc,metaspace   ] GC(32458) Metaspace: 62366K(62592K)->62366K(62592K) NonClass: 53320K(53504K)->53320K(53504K) Class: 9046K(9088K)->9046K(9088K)
[14861.457s][info][gc             ] GC(32458) Pause Young (Allocation Failure) 455M->374M(456M) 2.359ms
[14861.457s][info][gc,cpu         ] GC(32458) User=0.00s Sys=0.00s Real=0.01s
[14861.880s][info][gc,start       ] GC(32459) Pause Young (Allocation Failure)
[14861.883s][info][gc,heap        ] GC(32459) PSYoungGen: 83648K(84992K)->1120K(84992K) Eden: 82944K(82944K)->0K(82944K) From: 704K(2048K)->1120K(2048K)
[14861.883s][info][gc,heap        ] GC(32459) ParOldGen: 382434K(382464K)->382490K(382976K)
[14861.883s][info][gc,metaspace   ] GC(32459) Metaspace: 62366K(62592K)->62366K(62592K) NonClass: 53320K(53504K)->53320K(53504K) Class: 9046K(9088K)->9046K(9088K)
[14861.883s][info][gc             ] GC(32459) Pause Young (Allocation Failure) 455M->374M(457M) 2.704ms
[14861.883s][info][gc,cpu         ] GC(32459) User=0.01s Sys=0.00s Real=0.00s
[14862.295s][info][gc,start       ] GC(32460) Pause Young (Allocation Failure)
[14862.298s][info][gc,heap        ] GC(32460) PSYoungGen: 84064K(84992K)->1376K(84992K) Eden: 82944K(82944K)->0K(82944K) From: 1120K(2048K)->1376K(2048K)
[14862.298s][info][gc,heap        ] GC(32460) ParOldGen: 382490K(382976K)->382538K(382976K)
[14862.298s][info][gc,metaspace   ] GC(32460) Metaspace: 62366K(62592K)->62366K(62592K) NonClass: 53320K(53504K)->53320K(53504K) Class: 9046K(9088K)->9046K(9088K)
[14862.298s][info][gc             ] GC(32460) Pause Young (Allocation Failure) 455M->374M(457M) 2.837ms
[14862.298s][info][gc,cpu         ] GC(32460) User=0.00s Sys=0.00s Real=0.01s
[14862.772s][info][gc,start       ] GC(32461) Pause Young (Allocation Failure)
[14862.774s][info][gc,heap        ] GC(32461) PSYoungGen: 84320K(84992K)->960K(84992K) Eden: 82944K(82944K)->0K(82944K) From: 1376K(2048K)->960K(2048K)
[14862.774s][info][gc,heap        ] GC(32461) ParOldGen: 382538K(382976K)->382586K(382976K)
[14862.774s][info][gc,metaspace   ] GC(32461) Metaspace: 62366K(62592K)->62366K(62592K) NonClass: 53320K(53504K)->53320K(53504K) Class: 9046K(9088K)->9046K(9088K)
[14862.774s][info][gc             ] GC(32461) Pause Young (Allocation Failure) 455M->374M(457M) 2.659ms
[14862.774s][info][gc,cpu         ] GC(32461) User=0.00s Sys=0.00s Real=0.00s
[14863.219s][info][gc,start       ] GC(32462) Pause Young (Allocation Failure)
[14863.222s][info][gc,heap        ] GC(32462) PSYoungGen: 83904K(84992K)->1568K(84992K) Eden: 82944K(82944K)->0K(82944K) From: 960K(2048K)->1568K(2048K)
[14863.222s][info][gc,heap        ] GC(32462) ParOldGen: 382586K(382976K)->382690K(382976K)
[14863.222s][info][gc,metaspace   ] GC(32462) Metaspace: 62366K(62592K)->62366K(62592K) NonClass: 53320K(53504K)->53320K(53504K) Class: 9046K(9088K)->9046K(9088K)
[14863.222s][info][gc             ] GC(32462) Pause Young (Allocation Failure) 455M->375M(457M) 3.163ms
[14863.222s][info][gc,cpu         ] GC(32462) User=0.01s Sys=0.00s Real=0.00s
[14863.636s][info][gc,start       ] GC(32463) Pause Young (Allocation Failure)
[14863.638s][info][gc,heap        ] GC(32463) PSYoungGen: 84512K(84992K)->416K(84992K) Eden: 82944K(82944K)->0K(82944K) From: 1568K(2048K)->416K(2048K)
[14863.638s][info][gc,heap        ] GC(32463) ParOldGen: 382690K(382976K)->382746K(382976K)
[14863.638s][info][gc,metaspace   ] GC(32463) Metaspace: 62366K(62592K)->62366K(62592K) NonClass: 53320K(53504K)->53320K(53504K) Class: 9046K(9088K)->9046K(9088K)
[14863.638s][info][gc             ] GC(32463) Pause Young (Allocation Failure) 456M->374M(457M) 2.144ms
[14863.638s][info][gc,cpu         ] GC(32463) User=0.01s Sys=0.00s Real=0.00s
[14864.031s][info][gc,start       ] GC(32464) Pause Young (Allocation Failure)
[14864.033s][info][gc,heap        ] GC(32464) PSYoungGen: 83360K(84992K)->320K(84992K) Eden: 82944K(82944K)->0K(82944K) From: 416K(2048K)->320K(2048K)
[14864.033s][info][gc,heap        ] GC(32464) ParOldGen: 382746K(382976K)->382794K(382976K)
[14864.033s][info][gc,metaspace   ] GC(32464) Metaspace: 62366K(62592K)->62366K(62592K) NonClass: 53320K(53504K)->53320K(53504K) Class: 9046K(9088K)->9046K(9088K)
[14864.033s][info][gc             ] GC(32464) Pause Young (Allocation Failure) 455M->374M(457M) 2.091ms
[14864.033s][info][gc,cpu         ] GC(32464) User=0.00s Sys=0.00s Real=0.00s
[14864.444s][info][gc,start       ] GC(32465) Pause Young (Allocation Failure)
[14864.447s][info][gc,heap        ] GC(32465) PSYoungGen: 83264K(84992K)->1536K(84992K) Eden: 82944K(82944K)->0K(82944K) From: 320K(2048K)->1536K(2048K)
[14864.447s][info][gc,heap        ] GC(32465) ParOldGen: 382794K(382976K)->383874K(384512K)
[14864.447s][info][gc,metaspace   ] GC(32465) Metaspace: 62366K(62592K)->62366K(62592K) NonClass: 53320K(53504K)->53320K(53504K) Class: 9046K(9088K)->9046K(9088K)
[14864.447s][info][gc             ] GC(32465) Pause Young (Allocation Failure) 455M->376M(458M) 3.000ms
[14864.447s][info][gc,cpu         ] GC(32465) User=0.01s Sys=0.01s Real=0.01s
[14864.889s][info][gc,start       ] GC(32466) Pause Young (Allocation Failure)
[14864.893s][info][gc,heap        ] GC(32466) PSYoungGen: 84480K(84992K)->1120K(84992K) Eden: 82944K(82944K)->0K(82944K) From: 1536K(2048K)->1120K(2048K)
[14864.893s][info][gc,heap        ] GC(32466) ParOldGen: 383874K(384512K)->385970K(386048K)
[14864.893s][info][gc,metaspace   ] GC(32466) Metaspace: 62366K(62592K)->62366K(62592K) NonClass: 53320K(53504K)->53320K(53504K) Class: 9046K(9088K)->9046K(9088K)
[14864.893s][info][gc             ] GC(32466) Pause Young (Allocation Failure) 457M->378M(460M) 3.959ms
[14864.893s][info][gc,cpu         ] GC(32466) User=0.01s Sys=0.00s Real=0.00s
[14865.367s][info][gc,start       ] GC(32467) Pause Young (Allocation Failure)
[14865.369s][info][gc,heap        ] GC(32467) PSYoungGen: 84064K(84992K)->832K(84992K) Eden: 82944K(82944K)->0K(82944K) From: 1120K(2048K)->832K(2048K)
[14865.369s][info][gc,heap        ] GC(32467) ParOldGen: 385970K(386048K)->386018K(386048K)
[14865.369s][info][gc,metaspace   ] GC(32467) Metaspace: 62366K(62592K)->62366K(62592K) NonClass: 53320K(53504K)->53320K(53504K) Class: 9046K(9088K)->9046K(9088K)
[14865.370s][info][gc             ] GC(32467) Pause Young (Allocation Failure) 459M->377M(460M) 2.574ms
[14865.370s][info][gc,cpu         ] GC(32467) User=0.00s Sys=0.00s Real=0.00s
[14865.863s][info][gc,start       ] GC(32468) Pause Young (Allocation Failure)
[14865.865s][info][gc,heap        ] GC(32468) PSYoungGen: 83776K(84992K)->736K(84992K) Eden: 82944K(82944K)->0K(82944K) From: 832K(2048K)->736K(2048K)
[14865.865s][info][gc,heap        ] GC(32468) ParOldGen: 386018K(386048K)->386066K(386560K)
[14865.865s][info][gc,metaspace   ] GC(32468) Metaspace: 62366K(62592K)->62366K(62592K) NonClass: 53320K(53504K)->53320K(53504K) Class: 9046K(9088K)->9046K(9088K)
[14865.866s][info][gc             ] GC(32468) Pause Young (Allocation Failure) 458M->377M(460M) 2.725ms
[14865.866s][info][gc,cpu         ] GC(32468) User=0.01s Sys=0.00s Real=0.00s
[14866.334s][info][gc,start       ] GC(32469) Pause Young (Allocation Failure)
[14866.336s][info][gc,heap        ] GC(32469) PSYoungGen: 83680K(84992K)->384K(84992K) Eden: 82944K(82944K)->0K(82944K) From: 736K(2048K)->384K(2048K)
[14866.336s][info][gc,heap        ] GC(32469) ParOldGen: 386066K(386560K)->386114K(386560K)
[14866.336s][info][gc,metaspace   ] GC(32469) Metaspace: 62366K(62592K)->62366K(62592K) NonClass: 53320K(53504K)->53320K(53504K) Class: 9046K(9088K)->9046K(9088K)
[14866.336s][info][gc             ] GC(32469) Pause Young (Allocation Failure) 458M->377M(460M) 2.088ms
[14866.336s][info][gc,cpu         ] GC(32469) User=0.00s Sys=0.00s Real=0.00s
[14866.805s][info][gc,start       ] GC(32470) Pause Young (Allocation Failure)
[14866.808s][info][gc,heap        ] GC(32470) PSYoungGen: 83328K(84992K)->1344K(84992K) Eden: 82944K(82944K)->0K(82944K) From: 384K(2048K)->1344K(2048K)
[14866.808s][info][gc,heap        ] GC(32470) ParOldGen: 386114K(386560K)->386162K(386560K)
[14866.808s][info][gc,metaspace   ] GC(32470) Metaspace: 62366K(62592K)->62366K(62592K) NonClass: 53320K(53504K)->53320K(53504K) Class: 9046K(9088K)->9046K(9088K)
[14866.808s][info][gc             ] GC(32470) Pause Young (Allocation Failure) 458M->378M(460M) 3.027ms
[14866.808s][info][gc,cpu         ] GC(32470) User=0.01s Sys=0.00s Real=0.01s
[14867.266s][info][gc,start       ] GC(32471) Pause Young (Allocation Failure)
[14867.268s][info][gc,heap        ] GC(32471) PSYoungGen: 84288K(84992K)->768K(84992K) Eden: 82944K(82944K)->0K(82944K) From: 1344K(2048K)->768K(2048K)
[14867.268s][info][gc,heap        ] GC(32471) ParOldGen: 386162K(386560K)->386210K(386560K)
[14867.269s][info][gc,metaspace   ] GC(32471) Metaspace: 62366K(62592K)->62366K(62592K) NonClass: 53320K(53504K)->53320K(53504K) Class: 9046K(9088K)->9046K(9088K)
[14867.269s][info][gc             ] GC(32471) Pause Young (Allocation Failure) 459M->377M(460M) 2.628ms
[14867.269s][info][gc,cpu         ] GC(32471) User=0.00s Sys=0.00s Real=0.00s
[14867.728s][info][gc,start       ] GC(32472) Pause Young (Allocation Failure)
[14867.730s][info][gc,heap        ] GC(32472) PSYoungGen: 83712K(84992K)->288K(84992K) Eden: 82944K(82944K)->0K(82944K) From: 768K(2048K)->288K(2048K)
[14867.730s][info][gc,heap        ] GC(32472) ParOldGen: 386210K(386560K)->386266K(386560K)
[14867.730s][info][gc,metaspace   ] GC(32472) Metaspace: 62366K(62592K)->62366K(62592K) NonClass: 53320K(53504K)->53320K(53504K) Class: 9046K(9088K)->9046K(9088K)
[14867.730s][info][gc             ] GC(32472) Pause Young (Allocation Failure) 458M->377M(460M) 2.128ms
[14867.730s][info][gc,cpu         ] GC(32472) User=0.00s Sys=0.00s Real=0.00s
[14868.178s][info][gc,start       ] GC(32473) Pause Young (Allocation Failure)
[14868.181s][info][gc,heap        ] GC(32473) PSYoungGen: 83232K(84992K)->1056K(84992K) Eden: 82944K(82944K)->0K(82944K) From: 288K(2048K)->1056K(2048K)
[14868.181s][info][gc,heap        ] GC(32473) ParOldGen: 386266K(386560K)->386322K(386560K)
[14868.181s][info][gc,metaspace   ] GC(32473) Metaspace: 62366K(62592K)->62366K(62592K) NonClass: 53320K(53504K)->53320K(53504K) Class: 9046K(9088K)->9046K(9088K)
[14868.181s][info][gc             ] GC(32473) Pause Young (Allocation Failure) 458M->378M(460M) 2.898ms
[14868.181s][info][gc,cpu         ] GC(32473) User=0.00s Sys=0.00s Real=0.00s
[14868.605s][info][gc,start       ] GC(32474) Pause Young (Allocation Failure)
[14868.608s][info][gc,heap        ] GC(32474) PSYoungGen: 84000K(84992K)->1536K(84992K) Eden: 82944K(82944K)->0K(82944K) From: 1056K(2048K)->1536K(2048K)
[14868.608s][info][gc,heap        ] GC(32474) ParOldGen: 386322K(386560K)->386378K(386560K)
[14868.608s][info][gc,metaspace   ] GC(32474) Metaspace: 62366K(62592K)->62366K(62592K) NonClass: 53320K(53504K)->53320K(53504K) Class: 9046K(9088K)->9046K(9088K)
[14868.608s][info][gc             ] GC(32474) Pause Young (Allocation Failure) 459M->378M(460M) 3.232ms
[14868.608s][info][gc,cpu         ] GC(32474) User=0.01s Sys=0.00s Real=0.01s
[14869.061s][info][gc,start       ] GC(32475) Pause Young (Allocation Failure)
[14869.064s][info][gc,heap        ] GC(32475) PSYoungGen: 84480K(84992K)->1792K(84992K) Eden: 82944K(82944K)->0K(82944K) From: 1536K(2048K)->1792K(2048K)
[14869.064s][info][gc,heap        ] GC(32475) ParOldGen: 386378K(386560K)->386426K(386560K)
[14869.064s][info][gc,metaspace   ] GC(32475) Metaspace: 62366K(62592K)->62366K(62592K) NonClass: 53320K(53504K)->53320K(53504K) Class: 9046K(9088K)->9046K(9088K)
[14869.064s][info][gc             ] GC(32475) Pause Young (Allocation Failure) 459M->379M(460M) 2.576ms
[14869.064s][info][gc,cpu         ] GC(32475) User=0.01s Sys=0.00s Real=0.00s
[14869.513s][info][gc,start       ] GC(32476) Pause Young (Allocation Failure)
[14869.517s][info][gc,heap        ] GC(32476) PSYoungGen: 84736K(84992K)->1568K(83968K) Eden: 82944K(82944K)->0K(81920K) From: 1792K(2048K)->1568K(2048K)
[14869.517s][info][gc,heap        ] GC(32476) ParOldGen: 386426K(386560K)->387506K(388096K)
[14869.517s][info][gc,metaspace   ] GC(32476) Metaspace: 62366K(62592K)->62366K(62592K) NonClass: 53320K(53504K)->53320K(53504K) Class: 9046K(9088K)->9046K(9088K)
[14869.517s][info][gc             ] GC(32476) Pause Young (Allocation Failure) 460M->379M(461M) 3.690ms
[14869.517s][info][gc,cpu         ] GC(32476) User=0.01s Sys=0.00s Real=0.01s
[14869.937s][info][gc,start       ] GC(32477) Pause Young (Allocation Failure)
[14869.939s][info][gc,heap        ] GC(32477) PSYoungGen: 83488K(83968K)->416K(84480K) Eden: 81920K(81920K)->0K(81920K) From: 1568K(2048K)->416K(2560K)
[14869.939s][info][gc,heap        ] GC(32477) ParOldGen: 387506K(388096K)->387554K(388096K)
[14869.939s][info][gc,metaspace   ] GC(32477) Metaspace: 62366K(62592K)->62366K(62592K) NonClass: 53320K(53504K)->53320K(53504K) Class: 9046K(9088K)->9046K(9088K)
[14869.939s][info][gc             ] GC(32477) Pause Young (Allocation Failure) 459M->378M(461M) 2.149ms
[14869.939s][info][gc,cpu         ] GC(32477) User=0.01s Sys=0.00s Real=0.00s
[14870.431s][info][gc,start       ] GC(32478) Pause Young (Allocation Failure)
[14870.434s][info][gc,heap        ] GC(32478) PSYoungGen: 82336K(84480K)->368K(84480K) Eden: 81920K(81920K)->0K(81920K) From: 416K(2560K)->368K(2560K)
[14870.434s][info][gc,heap        ] GC(32478) ParOldGen: 387554K(388096K)->387610K(388096K)
[14870.434s][info][gc,metaspace   ] GC(32478) Metaspace: 62366K(62592K)->62366K(62592K) NonClass: 53320K(53504K)->53320K(53504K) Class: 9046K(9088K)->9046K(9088K)
[14870.434s][info][gc             ] GC(32478) Pause Young (Allocation Failure) 458M->378M(461M) 2.200ms
[14870.434s][info][gc,cpu         ] GC(32478) User=0.01s Sys=0.00s Real=0.00s
[14870.904s][info][gc,start       ] GC(32479) Pause Young (Allocation Failure)
[14870.907s][info][gc,heap        ] GC(32479) PSYoungGen: 82288K(84480K)->1312K(84480K) Eden: 81920K(81920K)->0K(81920K) From: 368K(2560K)->1312K(2560K)
[14870.907s][info][gc,heap        ] GC(32479) ParOldGen: 387610K(388096K)->387714K(388096K)
[14870.907s][info][gc,metaspace   ] GC(32479) Metaspace: 62366K(62592K)->62366K(62592K) NonClass: 53320K(53504K)->53320K(53504K) Class: 9046K(9088K)->9046K(9088K)
[14870.907s][info][gc             ] GC(32479) Pause Young (Allocation Failure) 458M->379M(461M) 3.164ms
[14870.907s][info][gc,cpu         ] GC(32479) User=0.01s Sys=0.00s Real=0.01s
[14871.379s][info][gc,start       ] GC(32480) Pause Young (Allocation Failure)
[14871.382s][info][gc,heap        ] GC(32480) PSYoungGen: 83232K(84480K)->992K(84480K) Eden: 81920K(81920K)->0K(81920K) From: 1312K(2560K)->992K(2560K)
[14871.382s][info][gc,heap        ] GC(32480) ParOldGen: 387714K(388096K)->387762K(388096K)
[14871.382s][info][gc,metaspace   ] GC(32480) Metaspace: 62366K(62592K)->62366K(62592K) NonClass: 53320K(53504K)->53320K(53504K) Class: 9046K(9088K)->9046K(9088K)
[14871.382s][info][gc             ] GC(32480) Pause Young (Allocation Failure) 459M->379M(461M) 2.726ms
[14871.382s][info][gc,cpu         ] GC(32480) User=0.00s Sys=0.00s Real=0.00s
[14871.852s][info][gc,start       ] GC(32481) Pause Young (Allocation Failure)
[14871.855s][info][gc,heap        ] GC(32481) PSYoungGen: 82912K(84480K)->640K(84480K) Eden: 81920K(81920K)->0K(81920K) From: 992K(2560K)->640K(2560K)
[14871.855s][info][gc,heap        ] GC(32481) ParOldGen: 387762K(388096K)->387818K(388096K)
[14871.855s][info][gc,metaspace   ] GC(32481) Metaspace: 62366K(62592K)->62366K(62592K) NonClass: 53320K(53504K)->53320K(53504K) Class: 9046K(9088K)->9046K(9088K)
[14871.855s][info][gc             ] GC(32481) Pause Young (Allocation Failure) 459M->379M(461M) 2.347ms
[14871.855s][info][gc,cpu         ] GC(32481) User=0.00s Sys=0.00s Real=0.00s
[14872.328s][info][gc,start       ] GC(32482) Pause Young (Allocation Failure)
[14872.330s][info][gc,heap        ] GC(32482) PSYoungGen: 82560K(84480K)->320K(84480K) Eden: 81920K(81920K)->0K(81920K) From: 640K(2560K)->320K(2560K)
[14872.330s][info][gc,heap        ] GC(32482) ParOldGen: 387818K(388096K)->387866K(388096K)
[14872.330s][info][gc,metaspace   ] GC(32482) Metaspace: 62366K(62592K)->62366K(62592K) NonClass: 53320K(53504K)->53320K(53504K) Class: 9046K(9088K)->9046K(9088K)
[14872.330s][info][gc             ] GC(32482) Pause Young (Allocation Failure) 459M->379M(461M) 2.139ms
[14872.330s][info][gc,cpu         ] GC(32482) User=0.00s Sys=0.00s Real=0.00s
[14872.806s][info][gc,start       ] GC(32483) Pause Young (Allocation Failure)
[14872.809s][info][gc,heap        ] GC(32483) PSYoungGen: 82240K(84480K)->1152K(84480K) Eden: 81920K(81920K)->0K(81920K) From: 320K(2560K)->1152K(2560K)
[14872.809s][info][gc,heap        ] GC(32483) ParOldGen: 387866K(388096K)->387914K(388096K)
[14872.809s][info][gc,metaspace   ] GC(32483) Metaspace: 62366K(62592K)->62366K(62592K) NonClass: 53320K(53504K)->53320K(53504K) Class: 9046K(9088K)->9046K(9088K)
[14872.809s][info][gc             ] GC(32483) Pause Young (Allocation Failure) 459M->379M(461M) 2.867ms
[14872.809s][info][gc,cpu         ] GC(32483) User=0.00s Sys=0.00s Real=0.01s
[14873.282s][info][gc,start       ] GC(32484) Pause Young (Allocation Failure)
[14873.284s][info][gc,heap        ] GC(32484) PSYoungGen: 83072K(84480K)->1024K(84992K) Eden: 81920K(81920K)->0K(82432K) From: 1152K(2560K)->1024K(2560K)
[14873.284s][info][gc,heap        ] GC(32484) ParOldGen: 387914K(388096K)->387962K(388096K)
[14873.284s][info][gc,metaspace   ] GC(32484) Metaspace: 62366K(62592K)->62366K(62592K) NonClass: 53320K(53504K)->53320K(53504K) Class: 9046K(9088K)->9046K(9088K)
[14873.285s][info][gc             ] GC(32484) Pause Young (Allocation Failure) 459M->379M(462M) 2.767ms
[14873.285s][info][gc,cpu         ] GC(32484) User=0.00s Sys=0.00s Real=0.00s
[14873.758s][info][gc,start       ] GC(32485) Pause Young (Allocation Failure)
[14873.760s][info][gc,heap        ] GC(32485) PSYoungGen: 83456K(84992K)->672K(84480K) Eden: 82432K(82432K)->0K(82432K) From: 1024K(2560K)->672K(2048K)
[14873.760s][info][gc,heap        ] GC(32485) ParOldGen: 387962K(388096K)->388010K(388096K)
[14873.760s][info][gc,metaspace   ] GC(32485) Metaspace: 62366K(62592K)->62366K(62592K) NonClass: 53320K(53504K)->53320K(53504K) Class: 9046K(9088K)->9046K(9088K)
[14873.760s][info][gc             ] GC(32485) Pause Young (Allocation Failure) 460M->379M(461M) 2.498ms
[14873.760s][info][gc,cpu         ] GC(32485) User=0.01s Sys=0.00s Real=0.00s
[14874.415s][info][gc,start       ] GC(32486) Pause Young (Allocation Failure)
[14874.420s][info][gc,heap        ] GC(32486) PSYoungGen: 83104K(84480K)->2016K(82432K) Eden: 82432K(82432K)->0K(80384K) From: 672K(2048K)->2016K(2048K)
[14874.420s][info][gc,heap        ] GC(32486) ParOldGen: 388010K(388096K)->390422K(391680K)
[14874.420s][info][gc,metaspace   ] GC(32486) Metaspace: 62367K(62592K)->62367K(62592K) NonClass: 53321K(53504K)->53321K(53504K) Class: 9046K(9088K)->9046K(9088K)
[14874.420s][info][gc             ] GC(32486) Pause Young (Allocation Failure) 460M->383M(463M) 4.657ms
[14874.420s][info][gc,cpu         ] GC(32486) User=0.01s Sys=0.01s Real=0.01s
[14874.855s][info][gc,start       ] GC(32487) Pause Young (Allocation Failure)
[14874.858s][info][gc,heap        ] GC(32487) PSYoungGen: 82400K(82432K)->672K(83968K) Eden: 80384K(80384K)->0K(80384K) From: 2016K(2048K)->672K(3584K)
[14874.858s][info][gc,heap        ] GC(32487) ParOldGen: 390422K(391680K)->392502K(393216K)
[14874.858s][info][gc,metaspace   ] GC(32487) Metaspace: 62367K(62592K)->62367K(62592K) NonClass: 53321K(53504K)->53321K(53504K) Class: 9046K(9088K)->9046K(9088K)
[14874.858s][info][gc             ] GC(32487) Pause Young (Allocation Failure) 461M->383M(466M) 3.448ms
[14874.858s][info][gc,cpu         ] GC(32487) User=0.01s Sys=0.00s Real=0.01s
[14875.326s][info][gc,start       ] GC(32488) Pause Young (Allocation Failure)
[14875.328s][info][gc,heap        ] GC(32488) PSYoungGen: 81056K(83968K)->224K(83968K) Eden: 80384K(80384K)->0K(80896K) From: 672K(3584K)->224K(3072K)
[14875.328s][info][gc,heap        ] GC(32488) ParOldGen: 392502K(393216K)->392574K(393216K)
[14875.328s][info][gc,metaspace   ] GC(32488) Metaspace: 62367K(62592K)->62367K(62592K) NonClass: 53321K(53504K)->53321K(53504K) Class: 9046K(9088K)->9046K(9088K)
[14875.329s][info][gc             ] GC(32488) Pause Young (Allocation Failure) 462M->383M(466M) 2.152ms
[14875.329s][info][gc,cpu         ] GC(32488) User=0.00s Sys=0.00s Real=0.00s
[14875.801s][info][gc,start       ] GC(32489) Pause Young (Allocation Failure)
[14875.804s][info][gc,heap        ] GC(32489) PSYoungGen: 81120K(83968K)->1248K(83968K) Eden: 80896K(80896K)->0K(80896K) From: 224K(3072K)->1248K(3072K)
[14875.804s][info][gc,heap        ] GC(32489) ParOldGen: 392574K(393216K)->392630K(393216K)
[14875.804s][info][gc,metaspace   ] GC(32489) Metaspace: 62367K(62592K)->62367K(62592K) NonClass: 53321K(53504K)->53321K(53504K) Class: 9046K(9088K)->9046K(9088K)
[14875.804s][info][gc             ] GC(32489) Pause Young (Allocation Failure) 462M->384M(466M) 2.882ms
[14875.804s][info][gc,cpu         ] GC(32489) User=0.00s Sys=0.00s Real=0.00s
[14876.257s][info][gc,start       ] GC(32490) Pause Young (Allocation Failure)
[14876.259s][info][gc,heap        ] GC(32490) PSYoungGen: 82144K(83968K)->640K(83968K) Eden: 80896K(80896K)->0K(80896K) From: 1248K(3072K)->640K(3072K)
[14876.259s][info][gc,heap        ] GC(32490) ParOldGen: 392630K(393216K)->392686K(393216K)
[14876.260s][info][gc,metaspace   ] GC(32490) Metaspace: 62367K(62592K)->62367K(62592K) NonClass: 53321K(53504K)->53321K(53504K) Class: 9046K(9088K)->9046K(9088K)
[14876.260s][info][gc             ] GC(32490) Pause Young (Allocation Failure) 463M->384M(466M) 2.425ms
[14876.260s][info][gc,cpu         ] GC(32490) User=0.01s Sys=0.00s Real=0.00s
[14876.649s][info][gc,start       ] GC(32491) Pause Young (Allocation Failure)
[14876.652s][info][gc,heap        ] GC(32491) PSYoungGen: 81536K(83968K)->640K(83968K) Eden: 80896K(80896K)->0K(80896K) From: 640K(3072K)->640K(3072K)
[14876.652s][info][gc,heap        ] GC(32491) ParOldGen: 392686K(393216K)->392742K(393216K)
[14876.652s][info][gc,metaspace   ] GC(32491) Metaspace: 62367K(62592K)->62367K(62592K) NonClass: 53321K(53504K)->53321K(53504K) Class: 9046K(9088K)->9046K(9088K)
[14876.652s][info][gc             ] GC(32491) Pause Young (Allocation Failure) 463M->384M(466M) 2.460ms
[14876.652s][info][gc,cpu         ] GC(32491) User=0.00s Sys=0.00s Real=0.00s
[14877.107s][info][gc,start       ] GC(32492) Pause Young (Allocation Failure)
[14877.110s][info][gc,heap        ] GC(32492) PSYoungGen: 81536K(83968K)->1376K(83968K) Eden: 80896K(80896K)->0K(80896K) From: 640K(3072K)->1376K(3072K)
[14877.110s][info][gc,heap        ] GC(32492) ParOldGen: 392742K(393216K)->392790K(393216K)
[14877.110s][info][gc,metaspace   ] GC(32492) Metaspace: 62367K(62592K)->62367K(62592K) NonClass: 53321K(53504K)->53321K(53504K) Class: 9046K(9088K)->9046K(9088K)
[14877.110s][info][gc             ] GC(32492) Pause Young (Allocation Failure) 463M->384M(466M) 3.080ms
[14877.110s][info][gc,cpu         ] GC(32492) User=0.01s Sys=0.00s Real=0.00s
[14877.591s][info][gc,start       ] GC(32493) Pause Young (Allocation Failure)
[14877.594s][info][gc,heap        ] GC(32493) PSYoungGen: 82272K(83968K)->1088K(83968K) Eden: 80896K(80896K)->0K(80896K) From: 1376K(3072K)->1088K(3072K)
[14877.594s][info][gc,heap        ] GC(32493) ParOldGen: 392790K(393216K)->392846K(393216K)
[14877.594s][info][gc,metaspace   ] GC(32493) Metaspace: 62367K(62592K)->62367K(62592K) NonClass: 53321K(53504K)->53321K(53504K) Class: 9046K(9088K)->9046K(9088K)
[14877.594s][info][gc             ] GC(32493) Pause Young (Allocation Failure) 463M->384M(466M) 2.785ms
[14877.594s][info][gc,cpu         ] GC(32493) User=0.01s Sys=0.00s Real=0.00s
[14878.065s][info][gc,start       ] GC(32494) Pause Young (Allocation Failure)
[14878.068s][info][gc,heap        ] GC(32494) PSYoungGen: 81984K(83968K)->896K(84480K) Eden: 80896K(80896K)->0K(81920K) From: 1088K(3072K)->896K(2560K)
[14878.068s][info][gc,heap        ] GC(32494) ParOldGen: 392846K(393216K)->392902K(393216K)
[14878.068s][info][gc,metaspace   ] GC(32494) Metaspace: 62367K(62592K)->62367K(62592K) NonClass: 53321K(53504K)->53321K(53504K) Class: 9046K(9088K)->9046K(9088K)
[14878.068s][info][gc             ] GC(32494) Pause Young (Allocation Failure) 463M->384M(466M) 2.810ms
[14878.068s][info][gc,cpu         ] GC(32494) User=0.00s Sys=0.00s Real=0.01s
[14878.571s][info][gc,start       ] GC(32495) Pause Young (Allocation Failure)
[14878.575s][info][gc,heap        ] GC(32495) PSYoungGen: 82816K(84480K)->1920K(83968K) Eden: 81920K(81920K)->0K(81920K) From: 896K(2560K)->1920K(2048K)
[14878.575s][info][gc,heap        ] GC(32495) ParOldGen: 392902K(393216K)->393974K(394752K)
[14878.575s][info][gc,metaspace   ] GC(32495) Metaspace: 62367K(62592K)->62367K(62592K) NonClass: 53321K(53504K)->53321K(53504K) Class: 9046K(9088K)->9046K(9088K)
[14878.575s][info][gc             ] GC(32495) Pause Young (Allocation Failure) 464M->386M(467M) 3.291ms
[14878.575s][info][gc,cpu         ] GC(32495) User=0.01s Sys=0.00s Real=0.00s
[14879.060s][info][gc,start       ] GC(32496) Pause Young (Allocation Failure)
[14879.064s][info][gc,heap        ] GC(32496) PSYoungGen: 83840K(83968K)->640K(84480K) Eden: 81920K(81920K)->0K(81408K) From: 1920K(2048K)->640K(3072K)
[14879.064s][info][gc,heap        ] GC(32496) ParOldGen: 393974K(394752K)->396126K(396288K)
[14879.064s][info][gc,metaspace   ] GC(32496) Metaspace: 62367K(62592K)->62367K(62592K) NonClass: 53321K(53504K)->53321K(53504K) Class: 9046K(9088K)->9046K(9088K)
[14879.064s][info][gc             ] GC(32496) Pause Young (Allocation Failure) 466M->387M(469M) 3.596ms
[14879.064s][info][gc,cpu         ] GC(32496) User=0.00s Sys=0.00s Real=0.00s
[14879.544s][info][gc,start       ] GC(32497) Pause Young (Allocation Failure)
[14879.546s][info][gc,heap        ] GC(32497) PSYoungGen: 82048K(84480K)->512K(83968K) Eden: 81408K(81408K)->0K(81408K) From: 640K(3072K)->512K(2560K)
[14879.546s][info][gc,heap        ] GC(32497) ParOldGen: 396126K(396288K)->396182K(396288K)
[14879.546s][info][gc,metaspace   ] GC(32497) Metaspace: 62367K(62592K)->62367K(62592K) NonClass: 53321K(53504K)->53321K(53504K) Class: 9046K(9088K)->9046K(9088K)
[14879.546s][info][gc             ] GC(32497) Pause Young (Allocation Failure) 466M->387M(469M) 2.342ms
[14879.546s][info][gc,cpu         ] GC(32497) User=0.01s Sys=0.00s Real=0.01s
[14880.026s][info][gc,start       ] GC(32498) Pause Young (Allocation Failure)
[14880.028s][info][gc,heap        ] GC(32498) PSYoungGen: 81920K(83968K)->288K(84480K) Eden: 81408K(81408K)->0K(81920K) From: 512K(2560K)->288K(2560K)
[14880.028s][info][gc,heap        ] GC(32498) ParOldGen: 396182K(396288K)->396238K(396288K)
[14880.028s][info][gc,metaspace   ] GC(32498) Metaspace: 62367K(62592K)->62367K(62592K) NonClass: 53321K(53504K)->53321K(53504K) Class: 9046K(9088K)->9046K(9088K)
[14880.028s][info][gc             ] GC(32498) Pause Young (Allocation Failure) 466M->387M(469M) 2.128ms
[14880.028s][info][gc,cpu         ] GC(32498) User=0.01s Sys=0.00s Real=0.00s
[14880.479s][info][gc,start       ] GC(32499) Pause Young (Allocation Failure)
[14880.482s][info][gc,heap        ] GC(32499) PSYoungGen: 82208K(84480K)->960K(84480K) Eden: 81920K(81920K)->0K(81920K) From: 288K(2560K)->960K(2560K)
[14880.482s][info][gc,heap        ] GC(32499) ParOldGen: 396238K(396288K)->396294K(396800K)
[14880.482s][info][gc,metaspace   ] GC(32499) Metaspace: 62367K(62592K)->62367K(62592K) NonClass: 53321K(53504K)->53321K(53504K) Class: 9046K(9088K)->9046K(9088K)
[14880.482s][info][gc             ] GC(32499) Pause Young (Allocation Failure) 467M->387M(470M) 2.761ms
[14880.482s][info][gc,cpu         ] GC(32499) User=0.00s Sys=0.00s Real=0.00s
[14880.931s][info][gc,start       ] GC(32500) Pause Young (Allocation Failure)
[14880.933s][info][gc,heap        ] GC(32500) PSYoungGen: 82880K(84480K)->352K(84480K) Eden: 81920K(81920K)->0K(81920K) From: 960K(2560K)->352K(2560K)
[14880.933s][info][gc,heap        ] GC(32500) ParOldGen: 396294K(396800K)->396350K(396800K)
[14880.933s][info][gc,metaspace   ] GC(32500) Metaspace: 62367K(62592K)->62367K(62592K) NonClass: 53321K(53504K)->53321K(53504K) Class: 9046K(9088K)->9046K(9088K)
[14880.934s][info][gc             ] GC(32500) Pause Young (Allocation Failure) 467M->387M(470M) 2.102ms
[14880.934s][info][gc,cpu         ] GC(32500) User=0.00s Sys=0.00s Real=0.00s
[14881.403s][info][gc,start       ] GC(32501) Pause Young (Allocation Failure)
[14881.406s][info][gc,heap        ] GC(32501) PSYoungGen: 82272K(84480K)->1312K(84480K) Eden: 81920K(81920K)->0K(81920K) From: 352K(2560K)->1312K(2560K)
[14881.406s][info][gc,heap        ] GC(32501) ParOldGen: 396350K(396800K)->396406K(396800K)
[14881.406s][info][gc,metaspace   ] GC(32501) Metaspace: 62367K(62592K)->62367K(62592K) NonClass: 53321K(53504K)->53321K(53504K) Class: 9046K(9088K)->9046K(9088K)
[14881.406s][info][gc             ] GC(32501) Pause Young (Allocation Failure) 467M->388M(470M) 2.945ms
[14881.406s][info][gc,cpu         ] GC(32501) User=0.01s Sys=0.00s Real=0.01s
[14881.877s][info][gc,start       ] GC(32502) Pause Young (Allocation Failure)
[14881.880s][info][gc,heap        ] GC(32502) PSYoungGen: 83232K(84480K)->928K(84480K) Eden: 81920K(81920K)->0K(81920K) From: 1312K(2560K)->928K(2560K)
[14881.880s][info][gc,heap        ] GC(32502) ParOldGen: 396406K(396800K)->396462K(396800K)
[14881.880s][info][gc,metaspace   ] GC(32502) Metaspace: 62367K(62592K)->62367K(62592K) NonClass: 53321K(53504K)->53321K(53504K) Class: 9046K(9088K)->9046K(9088K)
[14881.880s][info][gc             ] GC(32502) Pause Young (Allocation Failure) 468M->388M(470M) 2.690ms
[14881.880s][info][gc,cpu         ] GC(32502) User=0.00s Sys=0.00s Real=0.00s
[14882.315s][info][gc,start       ] GC(32503) Pause Young (Allocation Failure)
[14882.319s][info][gc,heap        ] GC(32503) PSYoungGen: 82848K(84480K)->1664K(84480K) Eden: 81920K(81920K)->0K(81920K) From: 928K(2560K)->1664K(2560K)
[14882.319s][info][gc,heap        ] GC(32503) ParOldGen: 396462K(396800K)->396518K(396800K)
[14882.319s][info][gc,metaspace   ] GC(32503) Metaspace: 62367K(62592K)->62367K(62592K) NonClass: 53321K(53504K)->53321K(53504K) Class: 9046K(9088K)->9046K(9088K)
[14882.319s][info][gc             ] GC(32503) Pause Young (Allocation Failure) 468M->388M(470M) 3.253ms
[14882.319s][info][gc,cpu         ] GC(32503) User=0.01s Sys=0.00s Real=0.01s
[14882.789s][info][gc,start       ] GC(32504) Pause Young (Allocation Failure)
[14882.791s][info][gc,heap        ] GC(32504) PSYoungGen: 83584K(84480K)->1120K(84480K) Eden: 81920K(81920K)->0K(81920K) From: 1664K(2560K)->1120K(2560K)
[14882.792s][info][gc,heap        ] GC(32504) ParOldGen: 396518K(396800K)->396574K(396800K)
[14882.792s][info][gc,metaspace   ] GC(32504) Metaspace: 62367K(62592K)->62367K(62592K) NonClass: 53321K(53504K)->53321K(53504K) Class: 9046K(9088K)->9046K(9088K)
[14882.792s][info][gc             ] GC(32504) Pause Young (Allocation Failure) 468M->388M(470M) 2.761ms
[14882.792s][info][gc,cpu         ] GC(32504) User=0.01s Sys=0.00s Real=0.00s
[14883.276s][info][gc,start       ] GC(32505) Pause Young (Allocation Failure)
[14883.279s][info][gc,heap        ] GC(32505) PSYoungGen: 83040K(84480K)->864K(84480K) Eden: 81920K(81920K)->0K(81920K) From: 1120K(2560K)->864K(2560K)
[14883.279s][info][gc,heap        ] GC(32505) ParOldGen: 396574K(396800K)->396630K(396800K)
[14883.279s][info][gc,metaspace   ] GC(32505) Metaspace: 62367K(62592K)->62367K(62592K) NonClass: 53321K(53504K)->53321K(53504K) Class: 9046K(9088K)->9046K(9088K)
[14883.279s][info][gc             ] GC(32505) Pause Young (Allocation Failure) 468M->388M(470M) 2.677ms
[14883.279s][info][gc,cpu         ] GC(32505) User=0.01s Sys=0.00s Real=0.00s
[14883.737s][info][gc,start       ] GC(32506) Pause Young (Allocation Failure)
[14883.739s][info][gc,heap        ] GC(32506) PSYoungGen: 82784K(84480K)->1408K(84480K) Eden: 81920K(81920K)->0K(81920K) From: 864K(2560K)->1408K(2560K)
[14883.739s][info][gc,heap        ] GC(32506) ParOldGen: 396630K(396800K)->396686K(396800K)
[14883.739s][info][gc,metaspace   ] GC(32506) Metaspace: 62367K(62592K)->62367K(62592K) NonClass: 53321K(53504K)->53321K(53504K) Class: 9046K(9088K)->9046K(9088K)
[14883.739s][info][gc             ] GC(32506) Pause Young (Allocation Failure) 468M->388M(470M) 2.346ms
[14883.739s][info][gc,cpu         ] GC(32506) User=0.01s Sys=0.00s Real=0.00s
[14884.164s][info][gc,start       ] GC(32507) Pause Young (Allocation Failure)
[14884.167s][info][gc,heap        ] GC(32507) PSYoungGen: 83328K(84480K)->832K(84480K) Eden: 81920K(81920K)->0K(81920K) From: 1408K(2560K)->832K(2560K)
[14884.167s][info][gc,heap        ] GC(32507) ParOldGen: 396686K(396800K)->398790K(399872K)
[14884.167s][info][gc,metaspace   ] GC(32507) Metaspace: 62367K(62592K)->62367K(62592K) NonClass: 53321K(53504K)->53321K(53504K) Class: 9046K(9088K)->9046K(9088K)
[14884.167s][info][gc             ] GC(32507) Pause Young (Allocation Failure) 468M->390M(473M) 3.611ms
[14884.167s][info][gc,cpu         ] GC(32507) User=0.01s Sys=0.00s Real=0.01s
[14884.589s][info][gc,start       ] GC(32508) Pause Young (Allocation Failure)
[14884.592s][info][gc,heap        ] GC(32508) PSYoungGen: 82752K(84480K)->1216K(84480K) Eden: 81920K(81920K)->0K(81920K) From: 832K(2560K)->1216K(2560K)
[14884.592s][info][gc,heap        ] GC(32508) ParOldGen: 398790K(399872K)->398846K(399872K)
[14884.592s][info][gc,metaspace   ] GC(32508) Metaspace: 62367K(62592K)->62367K(62592K) NonClass: 53321K(53504K)->53321K(53504K) Class: 9046K(9088K)->9046K(9088K)
[14884.592s][info][gc             ] GC(32508) Pause Young (Allocation Failure) 470M->390M(473M) 2.955ms
[14884.592s][info][gc,cpu         ] GC(32508) User=0.00s Sys=0.00s Real=0.00s
[14885.033s][info][gc,start       ] GC(32509) Pause Young (Allocation Failure)
[14885.035s][info][gc,heap        ] GC(32509) PSYoungGen: 83136K(84480K)->352K(84480K) Eden: 81920K(81920K)->0K(81920K) From: 1216K(2560K)->352K(2560K)
[14885.035s][info][gc,heap        ] GC(32509) ParOldGen: 398846K(399872K)->398902K(399872K)
[14885.035s][info][gc,metaspace   ] GC(32509) Metaspace: 62367K(62592K)->62367K(62592K) NonClass: 53321K(53504K)->53321K(53504K) Class: 9046K(9088K)->9046K(9088K)
[14885.035s][info][gc             ] GC(32509) Pause Young (Allocation Failure) 470M->389M(473M) 2.200ms
[14885.035s][info][gc,cpu         ] GC(32509) User=0.00s Sys=0.00s Real=0.00s
[14885.461s][info][gc,start       ] GC(32510) Pause Young (Allocation Failure)
[14885.463s][info][gc,heap        ] GC(32510) PSYoungGen: 82272K(84480K)->768K(84992K) Eden: 81920K(81920K)->0K(82432K) From: 352K(2560K)->768K(2560K)
[14885.463s][info][gc,heap        ] GC(32510) ParOldGen: 398902K(399872K)->398958K(399872K)
[14885.463s][info][gc,metaspace   ] GC(32510) Metaspace: 62367K(62592K)->62367K(62592K) NonClass: 53321K(53504K)->53321K(53504K) Class: 9046K(9088K)->9046K(9088K)
[14885.463s][info][gc             ] GC(32510) Pause Young (Allocation Failure) 469M->390M(473M) 2.579ms
[14885.463s][info][gc,cpu         ] GC(32510) User=0.01s Sys=0.00s Real=0.00s
[14885.871s][info][gc,start       ] GC(32511) Pause Young (Allocation Failure)
[14885.874s][info][gc,heap        ] GC(32511) PSYoungGen: 83200K(84992K)->992K(84480K) Eden: 82432K(82432K)->0K(82432K) From: 768K(2560K)->992K(2048K)
[14885.874s][info][gc,heap        ] GC(32511) ParOldGen: 398958K(399872K)->399006K(399872K)
[14885.874s][info][gc,metaspace   ] GC(32511) Metaspace: 62367K(62592K)->62367K(62592K) NonClass: 53321K(53504K)->53321K(53504K) Class: 9046K(9088K)->9046K(9088K)
[14885.874s][info][gc             ] GC(32511) Pause Young (Allocation Failure) 470M->390M(473M) 2.741ms
[14885.874s][info][gc,cpu         ] GC(32511) User=0.00s Sys=0.00s Real=0.00s
[14886.387s][info][gc,start       ] GC(32512) Pause Young (Allocation Failure)
[14886.389s][info][gc,heap        ] GC(32512) PSYoungGen: 83424K(84480K)->1168K(84992K) Eden: 82432K(82432K)->0K(82944K) From: 992K(2048K)->1168K(2048K)
[14886.389s][info][gc,heap        ] GC(32512) ParOldGen: 399006K(399872K)->399062K(399872K)
[14886.389s][info][gc,metaspace   ] GC(32512) Metaspace: 62367K(62592K)->62367K(62592K) NonClass: 53321K(53504K)->53321K(53504K) Class: 9046K(9088K)->9046K(9088K)
[14886.389s][info][gc             ] GC(32512) Pause Young (Allocation Failure) 471M->390M(473M) 2.937ms
[14886.390s][info][gc,cpu         ] GC(32512) User=0.01s Sys=0.00s Real=0.00s
[14886.820s][info][gc,start       ] GC(32513) Pause Young (Allocation Failure)
[14886.824s][info][gc,heap        ] GC(32513) PSYoungGen: 84112K(84992K)->1696K(84992K) Eden: 82944K(82944K)->0K(82944K) From: 1168K(2048K)->1696K(2048K)
[14886.824s][info][gc,heap        ] GC(32513) ParOldGen: 399062K(399872K)->399166K(399872K)
[14886.824s][info][gc,metaspace   ] GC(32513) Metaspace: 62367K(62592K)->62367K(62592K) NonClass: 53321K(53504K)->53321K(53504K) Class: 9046K(9088K)->9046K(9088K)
[14886.824s][info][gc             ] GC(32513) Pause Young (Allocation Failure) 471M->391M(473M) 3.434ms
[14886.824s][info][gc,cpu         ] GC(32513) User=0.01s Sys=0.00s Real=0.00s
[14887.315s][info][gc,start       ] GC(32514) Pause Young (Allocation Failure)
[14887.318s][info][gc,heap        ] GC(32514) PSYoungGen: 84639K(84992K)->1568K(83968K) Eden: 82943K(82944K)->0K(81920K) From: 1696K(2048K)->1568K(2048K)
[14887.318s][info][gc,heap        ] GC(32514) ParOldGen: 399166K(399872K)->399222K(399872K)
[14887.318s][info][gc,metaspace   ] GC(32514) Metaspace: 62367K(62592K)->62367K(62592K) NonClass: 53321K(53504K)->53321K(53504K) Class: 9046K(9088K)->9046K(9088K)
[14887.319s][info][gc             ] GC(32514) Pause Young (Allocation Failure) 472M->391M(472M) 3.193ms
[14887.319s][info][gc,cpu         ] GC(32514) User=0.00s Sys=0.00s Real=0.01s
[14887.743s][info][gc,start       ] GC(32515) Pause Young (Allocation Failure)
[14887.745s][info][gc,heap        ] GC(32515) PSYoungGen: 83488K(83968K)->512K(84480K) Eden: 81920K(81920K)->0K(81920K) From: 1568K(2048K)->512K(2560K)
[14887.745s][info][gc,heap        ] GC(32515) ParOldGen: 399222K(399872K)->399278K(399872K)
[14887.745s][info][gc,metaspace   ] GC(32515) Metaspace: 62367K(62592K)->62367K(62592K) NonClass: 53321K(53504K)->53321K(53504K) Class: 9046K(9088K)->9046K(9088K)
[14887.745s][info][gc             ] GC(32515) Pause Young (Allocation Failure) 471M->390M(473M) 2.335ms
[14887.745s][info][gc,cpu         ] GC(32515) User=0.00s Sys=0.00s Real=0.00s
[14888.147s][info][gc,start       ] GC(32516) Pause Young (Allocation Failure)
[14888.149s][info][gc,heap        ] GC(32516) PSYoungGen: 82432K(84480K)->1664K(84480K) Eden: 81920K(81920K)->0K(81920K) From: 512K(2560K)->1664K(2560K)
[14888.149s][info][gc,heap        ] GC(32516) ParOldGen: 399278K(399872K)->399326K(399872K)
[14888.149s][info][gc,metaspace   ] GC(32516) Metaspace: 62367K(62592K)->62367K(62592K) NonClass: 53321K(53504K)->53321K(53504K) Class: 9046K(9088K)->9046K(9088K)
[14888.149s][info][gc             ] GC(32516) Pause Young (Allocation Failure) 470M->391M(473M) 2.537ms
[14888.149s][info][gc,cpu         ] GC(32516) User=0.01s Sys=0.00s Real=0.00s
[14888.508s][info][gc,start       ] GC(32517) Pause Young (Allocation Failure)
[14888.512s][info][gc,heap        ] GC(32517) PSYoungGen: 83584K(84480K)->1728K(84480K) Eden: 81920K(81920K)->0K(81920K) From: 1664K(2560K)->1728K(2560K)
[14888.512s][info][gc,heap        ] GC(32517) ParOldGen: 399326K(399872K)->401422K(401920K)
[14888.512s][info][gc,metaspace   ] GC(32517) Metaspace: 62367K(62592K)->62367K(62592K) NonClass: 53321K(53504K)->53321K(53504K) Class: 9046K(9088K)->9046K(9088K)
[14888.512s][info][gc             ] GC(32517) Pause Young (Allocation Failure) 471M->393M(475M) 4.313ms
[14888.512s][info][gc,cpu         ] GC(32517) User=0.00s Sys=0.00s Real=0.00s
[14888.901s][info][gc,start       ] GC(32518) Pause Young (Allocation Failure)
[14888.904s][info][gc,heap        ] GC(32518) PSYoungGen: 83648K(84480K)->1440K(84480K) Eden: 81920K(81920K)->0K(81920K) From: 1728K(2560K)->1440K(2560K)
[14888.904s][info][gc,heap        ] GC(32518) ParOldGen: 401422K(401920K)->401470K(401920K)
[14888.904s][info][gc,metaspace   ] GC(32518) Metaspace: 62367K(62592K)->62367K(62592K) NonClass: 53321K(53504K)->53321K(53504K) Class: 9046K(9088K)->9046K(9088K)
[14888.904s][info][gc             ] GC(32518) Pause Young (Allocation Failure) 473M->393M(475M) 2.998ms
[14888.904s][info][gc,cpu         ] GC(32518) User=0.00s Sys=0.00s Real=0.00s
[14889.291s][info][gc,start       ] GC(32519) Pause Young (Allocation Failure)
[14889.294s][info][gc,heap        ] GC(32519) PSYoungGen: 83360K(84480K)->1248K(84480K) Eden: 81920K(81920K)->0K(81920K) From: 1440K(2560K)->1248K(2560K)
[14889.294s][info][gc,heap        ] GC(32519) ParOldGen: 401470K(401920K)->401526K(401920K)
[14889.294s][info][gc,metaspace   ] GC(32519) Metaspace: 62367K(62592K)->62367K(62592K) NonClass: 53321K(53504K)->53321K(53504K) Class: 9046K(9088K)->9046K(9088K)
[14889.294s][info][gc             ] GC(32519) Pause Young (Allocation Failure) 473M->393M(475M) 3.007ms
[14889.294s][info][gc,cpu         ] GC(32519) User=0.00s Sys=0.00s Real=0.00s
[14889.710s][info][gc,start       ] GC(32520) Pause Young (Allocation Failure)
[14889.713s][info][gc,heap        ] GC(32520) PSYoungGen: 83168K(84480K)->1472K(84480K) Eden: 81920K(81920K)->0K(81920K) From: 1248K(2560K)->1472K(2560K)
[14889.713s][info][gc,heap        ] GC(32520) ParOldGen: 401526K(401920K)->401582K(401920K)
[14889.713s][info][gc,metaspace   ] GC(32520) Metaspace: 62367K(62592K)->62367K(62592K) NonClass: 53321K(53504K)->53321K(53504K) Class: 9046K(9088K)->9046K(9088K)
[14889.713s][info][gc             ] GC(32520) Pause Young (Allocation Failure) 473M->393M(475M) 3.108ms
[14889.713s][info][gc,cpu         ] GC(32520) User=0.01s Sys=0.00s Real=0.00s
[14890.146s][info][gc,start       ] GC(32521) Pause Young (Allocation Failure)
[14890.148s][info][gc,heap        ] GC(32521) PSYoungGen: 83392K(84480K)->576K(84480K) Eden: 81920K(81920K)->0K(81920K) From: 1472K(2560K)->576K(2560K)
[14890.148s][info][gc,heap        ] GC(32521) ParOldGen: 401582K(401920K)->401630K(401920K)
[14890.148s][info][gc,metaspace   ] GC(32521) Metaspace: 62367K(62592K)->62367K(62592K) NonClass: 53321K(53504K)->53321K(53504K) Class: 9046K(9088K)->9046K(9088K)
[14890.148s][info][gc             ] GC(32521) Pause Young (Allocation Failure) 473M->392M(475M) 2.395ms
[14890.148s][info][gc,cpu         ] GC(32521) User=0.00s Sys=0.00s Real=0.01s
[14890.534s][info][gc,start       ] GC(32522) Pause Young (Allocation Failure)
[14890.536s][info][gc,heap        ] GC(32522) PSYoungGen: 82496K(84480K)->352K(84480K) Eden: 81920K(81920K)->0K(81920K) From: 576K(2560K)->352K(2560K)
[14890.537s][info][gc,heap        ] GC(32522) ParOldGen: 401630K(401920K)->401686K(401920K)
[14890.537s][info][gc,metaspace   ] GC(32522) Metaspace: 62367K(62592K)->62367K(62592K) NonClass: 53321K(53504K)->53321K(53504K) Class: 9046K(9088K)->9046K(9088K)
[14890.537s][info][gc             ] GC(32522) Pause Young (Allocation Failure) 472M->392M(475M) 2.226ms
[14890.537s][info][gc,cpu         ] GC(32522) User=0.00s Sys=0.01s Real=0.01s
[14890.921s][info][gc,start       ] GC(32523) Pause Young (Allocation Failure)
[14890.923s][info][gc,heap        ] GC(32523) PSYoungGen: 82272K(84480K)->192K(84480K) Eden: 81920K(81920K)->0K(81920K) From: 352K(2560K)->192K(2560K)
[14890.923s][info][gc,heap        ] GC(32523) ParOldGen: 401686K(401920K)->401742K(401920K)
[14890.923s][info][gc,metaspace   ] GC(32523) Metaspace: 62367K(62592K)->62367K(62592K) NonClass: 53321K(53504K)->53321K(53504K) Class: 9046K(9088K)->9046K(9088K)
[14890.923s][info][gc             ] GC(32523) Pause Young (Allocation Failure) 472M->392M(475M) 1.986ms
[14890.923s][info][gc,cpu         ] GC(32523) User=0.00s Sys=0.00s Real=0.00s
[14891.369s][info][gc,start       ] GC(32524) Pause Young (Allocation Failure)
[14891.372s][info][gc,heap        ] GC(32524) PSYoungGen: 82112K(84480K)->736K(84480K) Eden: 81920K(81920K)->0K(81920K) From: 192K(2560K)->736K(2560K)
[14891.372s][info][gc,heap        ] GC(32524) ParOldGen: 401742K(401920K)->401798K(401920K)
[14891.372s][info][gc,metaspace   ] GC(32524) Metaspace: 62367K(62592K)->62367K(62592K) NonClass: 53321K(53504K)->53321K(53504K) Class: 9046K(9088K)->9046K(9088K)
[14891.372s][info][gc             ] GC(32524) Pause Young (Allocation Failure) 472M->393M(475M) 2.618ms
[14891.372s][info][gc,cpu         ] GC(32524) User=0.00s Sys=0.00s Real=0.00s
[14891.768s][info][gc,start       ] GC(32525) Pause Young (Allocation Failure)
[14891.770s][info][gc,heap        ] GC(32525) PSYoungGen: 82656K(84480K)->928K(84480K) Eden: 81920K(81920K)->0K(81920K) From: 736K(2560K)->928K(2560K)
[14891.770s][info][gc,heap        ] GC(32525) ParOldGen: 401798K(401920K)->401854K(401920K)
[14891.770s][info][gc,metaspace   ] GC(32525) Metaspace: 62367K(62592K)->62367K(62592K) NonClass: 53321K(53504K)->53321K(53504K) Class: 9046K(9088K)->9046K(9088K)
[14891.770s][info][gc             ] GC(32525) Pause Young (Allocation Failure) 473M->393M(475M) 2.720ms
[14891.770s][info][gc,cpu         ] GC(32525) User=0.00s Sys=0.00s Real=0.00s
[14892.147s][info][gc,start       ] GC(32526) Pause Young (Allocation Failure)
[14892.149s][info][gc,heap        ] GC(32526) PSYoungGen: 82848K(84480K)->608K(84480K) Eden: 81920K(81920K)->0K(81920K) From: 928K(2560K)->608K(2560K)
[14892.149s][info][gc,heap        ] GC(32526) ParOldGen: 401854K(401920K)->401910K(401920K)
[14892.149s][info][gc,metaspace   ] GC(32526) Metaspace: 62367K(62592K)->62367K(62592K) NonClass: 53321K(53504K)->53321K(53504K) Class: 9046K(9088K)->9046K(9088K)
[14892.149s][info][gc             ] GC(32526) Pause Young (Allocation Failure) 473M->393M(475M) 2.453ms
[14892.149s][info][gc,cpu         ] GC(32526) User=0.00s Sys=0.00s Real=0.00s
[14892.520s][info][gc,start       ] GC(32527) Pause Young (Allocation Failure)
[14892.524s][info][gc,heap        ] GC(32527) PSYoungGen: 82528K(84480K)->1856K(84480K) Eden: 81920K(81920K)->0K(81920K) From: 608K(2560K)->1856K(2560K)
[14892.524s][info][gc,heap        ] GC(32527) ParOldGen: 401910K(401920K)->404014K(404992K)
[14892.524s][info][gc,metaspace   ] GC(32527) Metaspace: 62367K(62592K)->62367K(62592K) NonClass: 53321K(53504K)->53321K(53504K) Class: 9046K(9088K)->9046K(9088K)
[14892.524s][info][gc             ] GC(32527) Pause Young (Allocation Failure) 473M->396M(478M) 4.533ms
[14892.524s][info][gc,cpu         ] GC(32527) User=0.01s Sys=0.00s Real=0.00s
[14892.913s][info][gc,start       ] GC(32528) Pause Young (Allocation Failure)
[14892.916s][info][gc,heap        ] GC(32528) PSYoungGen: 83776K(84480K)->1632K(84480K) Eden: 81920K(81920K)->0K(81920K) From: 1856K(2560K)->1632K(2560K)
[14892.916s][info][gc,heap        ] GC(32528) ParOldGen: 404014K(404992K)->404070K(404992K)
[14892.916s][info][gc,metaspace   ] GC(32528) Metaspace: 62367K(62592K)->62367K(62592K) NonClass: 53321K(53504K)->53321K(53504K) Class: 9046K(9088K)->9046K(9088K)
[14892.916s][info][gc             ] GC(32528) Pause Young (Allocation Failure) 476M->396M(478M) 3.315ms
[14892.916s][info][gc,cpu         ] GC(32528) User=0.01s Sys=0.00s Real=0.01s
[14893.380s][info][gc,start       ] GC(32529) Pause Young (Allocation Failure)
[14893.383s][info][gc,heap        ] GC(32529) PSYoungGen: 83552K(84480K)->1120K(84480K) Eden: 81920K(81920K)->0K(81920K) From: 1632K(2560K)->1120K(2560K)
[14893.383s][info][gc,heap        ] GC(32529) ParOldGen: 404070K(404992K)->404126K(404992K)
[14893.383s][info][gc,metaspace   ] GC(32529) Metaspace: 62367K(62592K)->62367K(62592K) NonClass: 53321K(53504K)->53321K(53504K) Class: 9046K(9088K)->9046K(9088K)
[14893.383s][info][gc             ] GC(32529) Pause Young (Allocation Failure) 476M->395M(478M) 3.016ms
[14893.383s][info][gc,cpu         ] GC(32529) User=0.00s Sys=0.00s Real=0.00s
[14893.740s][info][gc,start       ] GC(32530) Pause Young (Allocation Failure)
[14893.742s][info][gc,heap        ] GC(32530) PSYoungGen: 83040K(84480K)->544K(84480K) Eden: 81920K(81920K)->0K(81920K) From: 1120K(2560K)->544K(2560K)
[14893.742s][info][gc,heap        ] GC(32530) ParOldGen: 404126K(404992K)->404230K(404992K)
[14893.742s][info][gc,metaspace   ] GC(32530) Metaspace: 62367K(62592K)->62367K(62592K) NonClass: 53321K(53504K)->53321K(53504K) Class: 9046K(9088K)->9046K(9088K)
[14893.742s][info][gc             ] GC(32530) Pause Young (Allocation Failure) 475M->395M(478M) 2.465ms
[14893.742s][info][gc,cpu         ] GC(32530) User=0.01s Sys=0.00s Real=0.00s
[14894.162s][info][gc,start       ] GC(32531) Pause Young (Allocation Failure)
[14894.164s][info][gc,heap        ] GC(32531) PSYoungGen: 82464K(84480K)->800K(84480K) Eden: 81920K(81920K)->0K(81920K) From: 544K(2560K)->800K(2560K)
[14894.164s][info][gc,heap        ] GC(32531) ParOldGen: 404230K(404992K)->404286K(404992K)
[14894.164s][info][gc,metaspace   ] GC(32531) Metaspace: 62367K(62592K)->62367K(62592K) NonClass: 53321K(53504K)->53321K(53504K) Class: 9046K(9088K)->9046K(9088K)
[14894.164s][info][gc             ] GC(32531) Pause Young (Allocation Failure) 475M->395M(478M) 2.621ms
[14894.164s][info][gc,cpu         ] GC(32531) User=0.01s Sys=0.00s Real=0.00s
[14894.583s][info][gc,start       ] GC(32532) Pause Young (Allocation Failure)
[14894.586s][info][gc,heap        ] GC(32532) PSYoungGen: 82720K(84480K)->1120K(84480K) Eden: 81920K(81920K)->0K(81920K) From: 800K(2560K)->1120K(2560K)
[14894.586s][info][gc,heap        ] GC(32532) ParOldGen: 404286K(404992K)->404342K(404992K)
[14894.586s][info][gc,metaspace   ] GC(32532) Metaspace: 62367K(62592K)->62367K(62592K) NonClass: 53321K(53504K)->53321K(53504K) Class: 9046K(9088K)->9046K(9088K)
[14894.586s][info][gc             ] GC(32532) Pause Young (Allocation Failure) 475M->395M(478M) 2.983ms
[14894.586s][info][gc,cpu         ] GC(32532) User=0.01s Sys=0.00s Real=0.01s
[14894.977s][info][gc,start       ] GC(32533) Pause Young (Allocation Failure)
[14894.980s][info][gc,heap        ] GC(32533) PSYoungGen: 83040K(84480K)->1120K(84480K) Eden: 81920K(81920K)->0K(81920K) From: 1120K(2560K)->1120K(2560K)
[14894.980s][info][gc,heap        ] GC(32533) ParOldGen: 404342K(404992K)->404398K(404992K)
[14894.980s][info][gc,metaspace   ] GC(32533) Metaspace: 62367K(62592K)->62367K(62592K) NonClass: 53321K(53504K)->53321K(53504K) Class: 9046K(9088K)->9046K(9088K)
[14894.980s][info][gc             ] GC(32533) Pause Young (Allocation Failure) 475M->396M(478M) 3.091ms
[14894.980s][info][gc,cpu         ] GC(32533) User=0.00s Sys=0.00s Real=0.00s
[14895.370s][info][gc,start       ] GC(32534) Pause Young (Allocation Failure)
[14895.372s][info][gc,heap        ] GC(32534) PSYoungGen: 83040K(84480K)->928K(84992K) Eden: 81920K(81920K)->0K(82944K) From: 1120K(2560K)->928K(2048K)
[14895.372s][info][gc,heap        ] GC(32534) ParOldGen: 404398K(404992K)->404454K(404992K)
[14895.372s][info][gc,metaspace   ] GC(32534) Metaspace: 62367K(62592K)->62367K(62592K) NonClass: 53321K(53504K)->53321K(53504K) Class: 9046K(9088K)->9046K(9088K)
[14895.372s][info][gc             ] GC(32534) Pause Young (Allocation Failure) 476M->395M(478M) 2.776ms
[14895.372s][info][gc,cpu         ] GC(32534) User=0.01s Sys=0.00s Real=0.00s
[14895.798s][info][gc,start       ] GC(32535) Pause Young (Allocation Failure)
[14895.801s][info][gc,heap        ] GC(32535) PSYoungGen: 83872K(84992K)->1344K(84992K) Eden: 82944K(82944K)->0K(82944K) From: 928K(2048K)->1344K(2048K)
[14895.801s][info][gc,heap        ] GC(32535) ParOldGen: 404454K(404992K)->404510K(404992K)
[14895.801s][info][gc,metaspace   ] GC(32535) Metaspace: 62367K(62592K)->62367K(62592K) NonClass: 53321K(53504K)->53321K(53504K) Class: 9046K(9088K)->9046K(9088K)
[14895.801s][info][gc             ] GC(32535) Pause Young (Allocation Failure) 476M->396M(478M) 3.175ms
[14895.801s][info][gc,cpu         ] GC(32535) User=0.01s Sys=0.00s Real=0.00s
[14896.266s][info][gc,start       ] GC(32536) Pause Young (Allocation Failure)
[14896.269s][info][gc,heap        ] GC(32536) PSYoungGen: 84288K(84992K)->832K(84992K) Eden: 82944K(82944K)->0K(82944K) From: 1344K(2048K)->832K(2048K)
[14896.269s][info][gc,heap        ] GC(32536) ParOldGen: 404510K(404992K)->404566K(404992K)
[14896.269s][info][gc,metaspace   ] GC(32536) Metaspace: 62367K(62592K)->62367K(62592K) NonClass: 53321K(53504K)->53321K(53504K) Class: 9046K(9088K)->9046K(9088K)
[14896.269s][info][gc             ] GC(32536) Pause Young (Allocation Failure) 477M->395M(478M) 2.572ms
[14896.269s][info][gc,cpu         ] GC(32536) User=0.00s Sys=0.00s Real=0.00s
[14896.732s][info][gc,start       ] GC(32537) Pause Young (Allocation Failure)
[14896.735s][info][gc,heap        ] GC(32537) PSYoungGen: 83776K(84992K)->352K(84992K) Eden: 82944K(82944K)->0K(82944K) From: 832K(2048K)->352K(2048K)
[14896.735s][info][gc,heap        ] GC(32537) ParOldGen: 404566K(404992K)->404622K(404992K)
[14896.735s][info][gc,metaspace   ] GC(32537) Metaspace: 62367K(62592K)->62367K(62592K) NonClass: 53321K(53504K)->53321K(53504K) Class: 9046K(9088K)->9046K(9088K)
[14896.735s][info][gc             ] GC(32537) Pause Young (Allocation Failure) 476M->395M(478M) 2.204ms
[14896.735s][info][gc,cpu         ] GC(32537) User=0.00s Sys=0.00s Real=0.00s
[14897.176s][info][gc,start       ] GC(32538) Pause Young (Allocation Failure)
[14897.179s][info][gc,heap        ] GC(32538) PSYoungGen: 83296K(84992K)->2016K(83968K) Eden: 82944K(82944K)->0K(81920K) From: 352K(2048K)->2016K(2048K)
[14897.179s][info][gc,heap        ] GC(32538) ParOldGen: 404622K(404992K)->404678K(404992K)
[14897.179s][info][gc,metaspace   ] GC(32538) Metaspace: 62367K(62592K)->62367K(62592K) NonClass: 53321K(53504K)->53321K(53504K) Class: 9046K(9088K)->9046K(9088K)
[14897.179s][info][gc             ] GC(32538) Pause Young (Allocation Failure) 476M->397M(477M) 2.869ms
[14897.179s][info][gc,cpu         ] GC(32538) User=0.01s Sys=0.00s Real=0.00s
[14897.611s][info][gc,start       ] GC(32539) Pause Young (Allocation Failure)
[14897.615s][info][gc,heap        ] GC(32539) PSYoungGen: 83936K(83968K)->1504K(84480K) Eden: 81920K(81920K)->0K(81920K) From: 2016K(2048K)->1504K(2560K)
[14897.615s][info][gc,heap        ] GC(32539) ParOldGen: 404678K(404992K)->405758K(406528K)
[14897.615s][info][gc,metaspace   ] GC(32539) Metaspace: 62367K(62592K)->62367K(62592K) NonClass: 53321K(53504K)->53321K(53504K) Class: 9046K(9088K)->9046K(9088K)
[14897.615s][info][gc             ] GC(32539) Pause Young (Allocation Failure) 477M->397M(479M) 3.797ms
[14897.615s][info][gc,cpu         ] GC(32539) User=0.00s Sys=0.00s Real=0.00s
[14898.000s][info][gc,start       ] GC(32540) Pause Young (Allocation Failure)
[14898.003s][info][gc,heap        ] GC(32540) PSYoungGen: 83424K(84480K)->1376K(84480K) Eden: 81920K(81920K)->0K(81920K) From: 1504K(2560K)->1376K(2560K)
[14898.004s][info][gc,heap        ] GC(32540) ParOldGen: 405758K(406528K)->405814K(406528K)
[14898.004s][info][gc,metaspace   ] GC(32540) Metaspace: 62367K(62592K)->62367K(62592K) NonClass: 53321K(53504K)->53321K(53504K) Class: 9046K(9088K)->9046K(9088K)
[14898.004s][info][gc             ] GC(32540) Pause Young (Allocation Failure) 477M->397M(479M) 3.167ms
[14898.004s][info][gc,cpu         ] GC(32540) User=0.00s Sys=0.00s Real=0.00s
[14898.462s][info][gc,start       ] GC(32541) Pause Young (Allocation Failure)
[14898.465s][info][gc,heap        ] GC(32541) PSYoungGen: 83296K(84480K)->800K(84480K) Eden: 81920K(81920K)->0K(81920K) From: 1376K(2560K)->800K(2560K)
[14898.465s][info][gc,heap        ] GC(32541) ParOldGen: 405814K(406528K)->405870K(406528K)
[14898.465s][info][gc,metaspace   ] GC(32541) Metaspace: 62367K(62592K)->62367K(62592K) NonClass: 53321K(53504K)->53321K(53504K) Class: 9046K(9088K)->9046K(9088K)
[14898.465s][info][gc             ] GC(32541) Pause Young (Allocation Failure) 477M->397M(479M) 2.648ms
[14898.465s][info][gc,cpu         ] GC(32541) User=0.01s Sys=0.00s Real=0.00s
[14898.891s][info][gc,start       ] GC(32542) Pause Young (Allocation Failure)
[14898.894s][info][gc,heap        ] GC(32542) PSYoungGen: 82720K(84480K)->1216K(84480K) Eden: 81920K(81920K)->0K(81920K) From: 800K(2560K)->1216K(2560K)
[14898.894s][info][gc,heap        ] GC(32542) ParOldGen: 405870K(406528K)->405926K(406528K)
[14898.894s][info][gc,metaspace   ] GC(32542) Metaspace: 62367K(62592K)->62367K(62592K) NonClass: 53321K(53504K)->53321K(53504K) Class: 9046K(9088K)->9046K(9088K)
[14898.894s][info][gc             ] GC(32542) Pause Young (Allocation Failure) 477M->397M(479M) 2.855ms
[14898.894s][info][gc,cpu         ] GC(32542) User=0.00s Sys=0.00s Real=0.00s
[14899.311s][info][gc,start       ] GC(32543) Pause Young (Allocation Failure)
[14899.314s][info][gc,heap        ] GC(32543) PSYoungGen: 83136K(84480K)->1536K(84480K) Eden: 81920K(81920K)->0K(81920K) From: 1216K(2560K)->1536K(2560K)
[14899.314s][info][gc,heap        ] GC(32543) ParOldGen: 405926K(406528K)->405982K(406528K)
[14899.314s][info][gc,metaspace   ] GC(32543) Metaspace: 62367K(62592K)->62367K(62592K) NonClass: 53321K(53504K)->53321K(53504K) Class: 9046K(9088K)->9046K(9088K)
[14899.314s][info][gc             ] GC(32543) Pause Young (Allocation Failure) 477M->397M(479M) 3.235ms
[14899.314s][info][gc,cpu         ] GC(32543) User=0.00s Sys=0.01s Real=0.00s
[14899.728s][info][gc,start       ] GC(32544) Pause Young (Allocation Failure)
[14899.730s][info][gc,heap        ] GC(32544) PSYoungGen: 83456K(84480K)->288K(84480K) Eden: 81920K(81920K)->0K(81920K) From: 1536K(2560K)->288K(2560K)
[14899.730s][info][gc,heap        ] GC(32544) ParOldGen: 405982K(406528K)->406030K(406528K)
[14899.730s][info][gc,metaspace   ] GC(32544) Metaspace: 62367K(62592K)->62367K(62592K) NonClass: 53321K(53504K)->53321K(53504K) Class: 9046K(9088K)->9046K(9088K)
[14899.730s][info][gc             ] GC(32544) Pause Young (Allocation Failure) 477M->396M(479M) 2.117ms
[14899.730s][info][gc,cpu         ] GC(32544) User=0.00s Sys=0.00s Real=0.00s
[14900.115s][info][gc,start       ] GC(32545) Pause Young (Allocation Failure)
[14900.119s][info][gc,heap        ] GC(32545) PSYoungGen: 82208K(84480K)->1760K(84480K) Eden: 81920K(81920K)->0K(81920K) From: 288K(2560K)->1760K(2560K)
[14900.119s][info][gc,heap        ] GC(32545) ParOldGen: 406030K(406528K)->406086K(406528K)
[14900.119s][info][gc,metaspace   ] GC(32545) Metaspace: 62367K(62592K)->62367K(62592K) NonClass: 53321K(53504K)->53321K(53504K) Class: 9046K(9088K)->9046K(9088K)
[14900.119s][info][gc             ] GC(32545) Pause Young (Allocation Failure) 476M->398M(479M) 3.523ms
[14900.119s][info][gc,cpu         ] GC(32545) User=0.01s Sys=0.00s Real=0.01s
[14900.588s][info][gc,start       ] GC(32546) Pause Young (Allocation Failure)
[14900.591s][info][gc,heap        ] GC(32546) PSYoungGen: 83680K(84480K)->1248K(84480K) Eden: 81920K(81920K)->0K(81920K) From: 1760K(2560K)->1248K(2560K)
[14900.591s][info][gc,heap        ] GC(32546) ParOldGen: 406086K(406528K)->406142K(406528K)
[14900.591s][info][gc,metaspace   ] GC(32546) Metaspace: 62367K(62592K)->62367K(62592K) NonClass: 53321K(53504K)->53321K(53504K) Class: 9046K(9088K)->9046K(9088K)
[14900.591s][info][gc             ] GC(32546) Pause Young (Allocation Failure) 478M->397M(479M) 2.940ms
[14900.591s][info][gc,cpu         ] GC(32546) User=0.01s Sys=0.00s Real=0.00s
[14901.034s][info][gc,start       ] GC(32547) Pause Young (Allocation Failure)
[14901.037s][info][gc,heap        ] GC(32547) PSYoungGen: 83168K(84480K)->384K(84480K) Eden: 81920K(81920K)->0K(81920K) From: 1248K(2560K)->384K(2560K)
[14901.037s][info][gc,heap        ] GC(32547) ParOldGen: 406142K(406528K)->406246K(406528K)
[14901.037s][info][gc,metaspace   ] GC(32547) Metaspace: 62367K(62592K)->62367K(62592K) NonClass: 53321K(53504K)->53321K(53504K) Class: 9046K(9088K)->9046K(9088K)
[14901.037s][info][gc             ] GC(32547) Pause Young (Allocation Failure) 477M->397M(479M) 2.329ms
[14901.037s][info][gc,cpu         ] GC(32547) User=0.01s Sys=0.00s Real=0.01s
[14901.452s][info][gc,start       ] GC(32548) Pause Young (Allocation Failure)
[14901.455s][info][gc,heap        ] GC(32548) PSYoungGen: 82304K(84480K)->1696K(84480K) Eden: 81920K(81920K)->0K(81920K) From: 384K(2560K)->1696K(2560K)
[14901.455s][info][gc,heap        ] GC(32548) ParOldGen: 406246K(406528K)->407326K(408064K)
[14901.455s][info][gc,metaspace   ] GC(32548) Metaspace: 62367K(62592K)->62367K(62592K) NonClass: 53321K(53504K)->53321K(53504K) Class: 9046K(9088K)->9046K(9088K)
[14901.455s][info][gc             ] GC(32548) Pause Young (Allocation Failure) 477M->399M(481M) 3.187ms
[14901.455s][info][gc,cpu         ] GC(32548) User=0.00s Sys=0.00s Real=0.00s
[14901.854s][info][gc,start       ] GC(32549) Pause Young (Allocation Failure)
[14901.857s][info][gc,heap        ] GC(32549) PSYoungGen: 83616K(84480K)->736K(84480K) Eden: 81920K(81920K)->0K(81920K) From: 1696K(2560K)->736K(2560K)
[14901.858s][info][gc,heap        ] GC(32549) ParOldGen: 407326K(408064K)->409430K(409600K)
[14901.858s][info][gc,metaspace   ] GC(32549) Metaspace: 62367K(62592K)->62367K(62592K) NonClass: 53321K(53504K)->53321K(53504K) Class: 9046K(9088K)->9046K(9088K)
[14901.858s][info][gc             ] GC(32549) Pause Young (Allocation Failure) 479M->400M(482M) 3.677ms
[14901.858s][info][gc,cpu         ] GC(32549) User=0.01s Sys=0.00s Real=0.01s
[14902.260s][info][gc,start       ] GC(32550) Pause Young (Allocation Failure)
[14902.263s][info][gc,heap        ] GC(32550) PSYoungGen: 82656K(84480K)->800K(84480K) Eden: 81920K(81920K)->0K(81920K) From: 736K(2560K)->800K(2560K)
[14902.263s][info][gc,heap        ] GC(32550) ParOldGen: 409430K(409600K)->409486K(409600K)
[14902.263s][info][gc,metaspace   ] GC(32550) Metaspace: 62367K(62592K)->62367K(62592K) NonClass: 53321K(53504K)->53321K(53504K) Class: 9046K(9088K)->9046K(9088K)
[14902.263s][info][gc             ] GC(32550) Pause Young (Allocation Failure) 480M->400M(482M) 2.558ms
[14902.263s][info][gc,cpu         ] GC(32550) User=0.01s Sys=0.00s Real=0.00s
[14902.705s][info][gc,start       ] GC(32551) Pause Young (Allocation Failure)
[14902.708s][info][gc,heap        ] GC(32551) PSYoungGen: 82720K(84480K)->1408K(84480K) Eden: 81920K(81920K)->0K(81920K) From: 800K(2560K)->1408K(2560K)
[14902.709s][info][gc,heap        ] GC(32551) ParOldGen: 409486K(409600K)->409542K(409600K)
[14902.709s][info][gc,metaspace   ] GC(32551) Metaspace: 62367K(62592K)->62367K(62592K) NonClass: 53321K(53504K)->53321K(53504K) Class: 9046K(9088K)->9046K(9088K)
[14902.709s][info][gc             ] GC(32551) Pause Young (Allocation Failure) 480M->401M(482M) 3.061ms
[14902.709s][info][gc,cpu         ] GC(32551) User=0.01s Sys=0.00s Real=0.01s
[14903.134s][info][gc,start       ] GC(32552) Pause Young (Allocation Failure)
[14903.136s][info][gc,heap        ] GC(32552) PSYoungGen: 83328K(84480K)->384K(84480K) Eden: 81920K(81920K)->0K(81920K) From: 1408K(2560K)->384K(2560K)
[14903.136s][info][gc,heap        ] GC(32552) ParOldGen: 409542K(409600K)->409590K(409600K)
[14903.136s][info][gc,metaspace   ] GC(32552) Metaspace: 62367K(62592K)->62367K(62592K) NonClass: 53321K(53504K)->53321K(53504K) Class: 9046K(9088K)->9046K(9088K)
[14903.136s][info][gc             ] GC(32552) Pause Young (Allocation Failure) 481M->400M(482M) 2.257ms
[14903.136s][info][gc,cpu         ] GC(32552) User=0.00s Sys=0.00s Real=0.01s
[14903.499s][info][gc,start       ] GC(32553) Pause Young (Allocation Failure)
[14903.502s][info][gc,heap        ] GC(32553) PSYoungGen: 82304K(84480K)->1536K(84480K) Eden: 81920K(81920K)->0K(81920K) From: 384K(2560K)->1536K(2560K)
[14903.502s][info][gc,heap        ] GC(32553) ParOldGen: 409590K(409600K)->409646K(410112K)
[14903.502s][info][gc,metaspace   ] GC(32553) Metaspace: 62367K(62592K)->62367K(62592K) NonClass: 53321K(53504K)->53321K(53504K) Class: 9046K(9088K)->9046K(9088K)
[14903.503s][info][gc             ] GC(32553) Pause Young (Allocation Failure) 480M->401M(483M) 3.196ms
[14903.503s][info][gc,cpu         ] GC(32553) User=0.01s Sys=0.00s Real=0.00s
[14903.861s][info][gc,start       ] GC(32554) Pause Young (Allocation Failure)
[14903.863s][info][gc,heap        ] GC(32554) PSYoungGen: 83456K(84480K)->896K(84480K) Eden: 81920K(81920K)->0K(81920K) From: 1536K(2560K)->896K(2560K)
[14903.863s][info][gc,heap        ] GC(32554) ParOldGen: 409646K(410112K)->409702K(410112K)
[14903.863s][info][gc,metaspace   ] GC(32554) Metaspace: 62367K(62592K)->62367K(62592K) NonClass: 53321K(53504K)->53321K(53504K) Class: 9046K(9088K)->9046K(9088K)
[14903.863s][info][gc             ] GC(32554) Pause Young (Allocation Failure) 481M->400M(483M) 2.622ms
[14903.863s][info][gc,cpu         ] GC(32554) User=0.00s Sys=0.00s Real=0.00s
[14904.264s][info][gc,start       ] GC(32555) Pause Young (Allocation Failure)
[14904.266s][info][gc,heap        ] GC(32555) PSYoungGen: 82816K(84480K)->896K(84480K) Eden: 81920K(81920K)->0K(81920K) From: 896K(2560K)->896K(2560K)
[14904.266s][info][gc,heap        ] GC(32555) ParOldGen: 409702K(410112K)->409758K(410112K)
[14904.266s][info][gc,metaspace   ] GC(32555) Metaspace: 62367K(62592K)->62367K(62592K) NonClass: 53321K(53504K)->53321K(53504K) Class: 9046K(9088K)->9046K(9088K)
[14904.266s][info][gc             ] GC(32555) Pause Young (Allocation Failure) 480M->401M(483M) 2.687ms
[14904.266s][info][gc,cpu         ] GC(32555) User=0.01s Sys=0.00s Real=0.01s
[14904.691s][info][gc,start       ] GC(32556) Pause Young (Allocation Failure)
[14904.694s][info][gc,heap        ] GC(32556) PSYoungGen: 82816K(84480K)->1184K(84480K) Eden: 81920K(81920K)->0K(81920K) From: 896K(2560K)->1184K(2560K)
[14904.694s][info][gc,heap        ] GC(32556) ParOldGen: 409758K(410112K)->409806K(410112K)
[14904.694s][info][gc,metaspace   ] GC(32556) Metaspace: 62367K(62592K)->62367K(62592K) NonClass: 53321K(53504K)->53321K(53504K) Class: 9046K(9088K)->9046K(9088K)
[14904.694s][info][gc             ] GC(32556) Pause Young (Allocation Failure) 481M->401M(483M) 2.913ms
[14904.694s][info][gc,cpu         ] GC(32556) User=0.00s Sys=0.00s Real=0.00s
[14905.144s][info][gc,start       ] GC(32557) Pause Young (Allocation Failure)
[14905.146s][info][gc,heap        ] GC(32557) PSYoungGen: 83104K(84480K)->480K(84480K) Eden: 81920K(81920K)->0K(81920K) From: 1184K(2560K)->480K(2560K)
[14905.146s][info][gc,heap        ] GC(32557) ParOldGen: 409806K(410112K)->409862K(410112K)
[14905.146s][info][gc,metaspace   ] GC(32557) Metaspace: 62367K(62592K)->62367K(62592K) NonClass: 53321K(53504K)->53321K(53504K) Class: 9046K(9088K)->9046K(9088K)
[14905.146s][info][gc             ] GC(32557) Pause Young (Allocation Failure) 481M->400M(483M) 2.331ms
[14905.146s][info][gc,cpu         ] GC(32557) User=0.00s Sys=0.00s Real=0.01s
[14905.617s][info][gc,start       ] GC(32558) Pause Young (Allocation Failure)
[14905.620s][info][gc,heap        ] GC(32558) PSYoungGen: 82400K(84480K)->1504K(84480K) Eden: 81920K(81920K)->0K(81920K) From: 480K(2560K)->1504K(2560K)
[14905.620s][info][gc,heap        ] GC(32558) ParOldGen: 409862K(410112K)->409910K(410112K)
[14905.620s][info][gc,metaspace   ] GC(32558) Metaspace: 62367K(62592K)->62367K(62592K) NonClass: 53321K(53504K)->53321K(53504K) Class: 9046K(9088K)->9046K(9088K)
[14905.620s][info][gc             ] GC(32558) Pause Young (Allocation Failure) 480M->401M(483M) 3.151ms
[14905.620s][info][gc,cpu         ] GC(32558) User=0.01s Sys=0.00s Real=0.00s
[14906.057s][info][gc,start       ] GC(32559) Pause Young (Allocation Failure)
[14906.060s][info][gc,heap        ] GC(32559) PSYoungGen: 83424K(84480K)->1792K(84480K) Eden: 81920K(81920K)->0K(81920K) From: 1504K(2560K)->1792K(2560K)
[14906.060s][info][gc,heap        ] GC(32559) ParOldGen: 409910K(410112K)->410990K(411648K)
[14906.060s][info][gc,metaspace   ] GC(32559) Metaspace: 62367K(62592K)->62367K(62592K) NonClass: 53321K(53504K)->53321K(53504K) Class: 9046K(9088K)->9046K(9088K)
[14906.060s][info][gc             ] GC(32559) Pause Young (Allocation Failure) 481M->403M(484M) 3.331ms
[14906.060s][info][gc,cpu         ] GC(32559) User=0.00s Sys=0.00s Real=0.00s
[14906.480s][info][gc,start       ] GC(32560) Pause Young (Allocation Failure)
[14906.484s][info][gc,heap        ] GC(32560) PSYoungGen: 83712K(84480K)->1056K(84480K) Eden: 81920K(81920K)->0K(81920K) From: 1792K(2560K)->1056K(2560K)
[14906.484s][info][gc,heap        ] GC(32560) ParOldGen: 410990K(411648K)->413086K(413184K)
[14906.484s][info][gc,metaspace   ] GC(32560) Metaspace: 62367K(62592K)->62367K(62592K) NonClass: 53321K(53504K)->53321K(53504K) Class: 9046K(9088K)->9046K(9088K)
[14906.484s][info][gc             ] GC(32560) Pause Young (Allocation Failure) 483M->404M(486M) 3.902ms
[14906.484s][info][gc,cpu         ] GC(32560) User=0.00s Sys=0.00s Real=0.00s
[14906.959s][info][gc,start       ] GC(32561) Pause Young (Allocation Failure)
[14906.962s][info][gc,heap        ] GC(32561) PSYoungGen: 82976K(84480K)->672K(84480K) Eden: 81920K(81920K)->0K(81920K) From: 1056K(2560K)->672K(2560K)
[14906.962s][info][gc,heap        ] GC(32561) ParOldGen: 413086K(413184K)->413142K(413184K)
[14906.962s][info][gc,metaspace   ] GC(32561) Metaspace: 62367K(62592K)->62367K(62592K) NonClass: 53321K(53504K)->53321K(53504K) Class: 9046K(9088K)->9046K(9088K)
[14906.962s][info][gc             ] GC(32561) Pause Young (Allocation Failure) 484M->404M(486M) 2.532ms
[14906.962s][info][gc,cpu         ] GC(32561) User=0.00s Sys=0.00s Real=0.00s
[14907.433s][info][gc,start       ] GC(32562) Pause Young (Allocation Failure)
[14907.435s][info][gc,heap        ] GC(32562) PSYoungGen: 82592K(84480K)->352K(84480K) Eden: 81920K(81920K)->0K(81920K) From: 672K(2560K)->352K(2560K)
[14907.435s][info][gc,heap        ] GC(32562) ParOldGen: 413142K(413184K)->413190K(413696K)
[14907.435s][info][gc,metaspace   ] GC(32562) Metaspace: 62367K(62592K)->62367K(62592K) NonClass: 53321K(53504K)->53321K(53504K) Class: 9046K(9088K)->9046K(9088K)
[14907.435s][info][gc             ] GC(32562) Pause Young (Allocation Failure) 484M->403M(486M) 2.305ms
[14907.435s][info][gc,cpu         ] GC(32562) User=0.01s Sys=0.00s Real=0.00s
[14907.936s][info][gc,start       ] GC(32563) Pause Young (Allocation Failure)
[14907.939s][info][gc,heap        ] GC(32563) PSYoungGen: 82272K(84480K)->448K(84480K) Eden: 81920K(81920K)->0K(81920K) From: 352K(2560K)->448K(2560K)
[14907.939s][info][gc,heap        ] GC(32563) ParOldGen: 413190K(413696K)->413246K(413696K)
[14907.939s][info][gc,metaspace   ] GC(32563) Metaspace: 62367K(62592K)->62367K(62592K) NonClass: 53321K(53504K)->53321K(53504K) Class: 9046K(9088K)->9046K(9088K)
[14907.939s][info][gc             ] GC(32563) Pause Young (Allocation Failure) 483M->403M(486M) 2.333ms
[14907.939s][info][gc,cpu         ] GC(32563) User=0.01s Sys=0.00s Real=0.00s
[14908.394s][info][gc,start       ] GC(32564) Pause Young (Allocation Failure)
[14908.397s][info][gc,heap        ] GC(32564) PSYoungGen: 82368K(84480K)->1216K(84480K) Eden: 81920K(81920K)->0K(81920K) From: 448K(2560K)->1216K(2560K)
[14908.397s][info][gc,heap        ] GC(32564) ParOldGen: 413246K(413696K)->413350K(413696K)
[14908.397s][info][gc,metaspace   ] GC(32564) Metaspace: 62367K(62592K)->62367K(62592K) NonClass: 53321K(53504K)->53321K(53504K) Class: 9046K(9088K)->9046K(9088K)
[14908.397s][info][gc             ] GC(32564) Pause Young (Allocation Failure) 483M->404M(486M) 2.992ms
[14908.397s][info][gc,cpu         ] GC(32564) User=0.01s Sys=0.00s Real=0.01s
[14908.856s][info][gc,start       ] GC(32565) Pause Young (Allocation Failure)
[14908.859s][info][gc,heap        ] GC(32565) PSYoungGen: 83136K(84480K)->608K(84480K) Eden: 81920K(81920K)->0K(81920K) From: 1216K(2560K)->608K(2560K)
[14908.859s][info][gc,heap        ] GC(32565) ParOldGen: 413350K(413696K)->413406K(413696K)
[14908.859s][info][gc,metaspace   ] GC(32565) Metaspace: 62367K(62592K)->62367K(62592K) NonClass: 53321K(53504K)->53321K(53504K) Class: 9046K(9088K)->9046K(9088K)
[14908.859s][info][gc             ] GC(32565) Pause Young (Allocation Failure) 484M->404M(486M) 2.368ms
[14908.859s][info][gc,cpu         ] GC(32565) User=0.00s Sys=0.00s Real=0.00s
[14909.343s][info][gc,start       ] GC(32566) Pause Young (Allocation Failure)
[14909.346s][info][gc,heap        ] GC(32566) PSYoungGen: 82528K(84480K)->480K(84480K) Eden: 81920K(81920K)->0K(81920K) From: 608K(2560K)->480K(2560K)
[14909.346s][info][gc,heap        ] GC(32566) ParOldGen: 413406K(413696K)->413462K(413696K)
[14909.346s][info][gc,metaspace   ] GC(32566) Metaspace: 62367K(62592K)->62367K(62592K) NonClass: 53321K(53504K)->53321K(53504K) Class: 9046K(9088K)->9046K(9088K)
[14909.346s][info][gc             ] GC(32566) Pause Young (Allocation Failure) 484M->404M(486M) 2.326ms
[14909.346s][info][gc,cpu         ] GC(32566) User=0.00s Sys=0.00s Real=0.00s
[14909.827s][info][gc,start       ] GC(32567) Pause Young (Allocation Failure)
[14909.829s][info][gc,heap        ] GC(32567) PSYoungGen: 82400K(84480K)->288K(84480K) Eden: 81920K(81920K)->0K(81920K) From: 480K(2560K)->288K(2560K)
[14909.829s][info][gc,heap        ] GC(32567) ParOldGen: 413462K(413696K)->413518K(413696K)
[14909.829s][info][gc,metaspace   ] GC(32567) Metaspace: 62367K(62592K)->62367K(62592K) NonClass: 53321K(53504K)->53321K(53504K) Class: 9046K(9088K)->9046K(9088K)
[14909.829s][info][gc             ] GC(32567) Pause Young (Allocation Failure) 484M->404M(486M) 2.187ms
[14909.829s][info][gc,cpu         ] GC(32567) User=0.00s Sys=0.00s Real=0.00s
[14910.297s][info][gc,start       ] GC(32568) Pause Young (Allocation Failure)
[14910.300s][info][gc,heap        ] GC(32568) PSYoungGen: 82207K(84480K)->1344K(83968K) Eden: 81919K(81920K)->0K(81920K) From: 288K(2560K)->1344K(2048K)
[14910.300s][info][gc,heap        ] GC(32568) ParOldGen: 413518K(413696K)->413566K(413696K)
[14910.300s][info][gc,metaspace   ] GC(32568) Metaspace: 62367K(62592K)->62367K(62592K) NonClass: 53321K(53504K)->53321K(53504K) Class: 9046K(9088K)->9046K(9088K)
[14910.300s][info][gc             ] GC(32568) Pause Young (Allocation Failure) 484M->405M(486M) 3.039ms
[14910.300s][info][gc,cpu         ] GC(32568) User=0.01s Sys=0.00s Real=0.00s
[14910.762s][info][gc,start       ] GC(32569) Pause Young (Allocation Failure)
[14910.765s][info][gc,heap        ] GC(32569) PSYoungGen: 83264K(83968K)->704K(84480K) Eden: 81920K(81920K)->0K(81920K) From: 1344K(2048K)->704K(2560K)
[14910.765s][info][gc,heap        ] GC(32569) ParOldGen: 413566K(413696K)->413622K(413696K)
[14910.765s][info][gc,metaspace   ] GC(32569) Metaspace: 62367K(62592K)->62367K(62592K) NonClass: 53321K(53504K)->53321K(53504K) Class: 9046K(9088K)->9046K(9088K)
[14910.765s][info][gc             ] GC(32569) Pause Young (Allocation Failure) 485M->404M(486M) 2.475ms
[14910.765s][info][gc,cpu         ] GC(32569) User=0.00s Sys=0.00s Real=0.00s
[14911.196s][info][gc,start       ] GC(32570) Pause Young (Allocation Failure)
[14911.201s][info][gc,heap        ] GC(32570) PSYoungGen: 82624K(84480K)->1248K(84992K) Eden: 81920K(81920K)->0K(82944K) From: 704K(2560K)->1248K(2048K)
[14911.201s][info][gc,heap        ] GC(32570) ParOldGen: 413622K(413696K)->415726K(416768K)
[14911.201s][info][gc,metaspace   ] GC(32570) Metaspace: 62367K(62592K)->62367K(62592K) NonClass: 53321K(53504K)->53321K(53504K) Class: 9046K(9088K)->9046K(9088K)
[14911.201s][info][gc             ] GC(32570) Pause Young (Allocation Failure) 484M->407M(490M) 4.088ms
[14911.201s][info][gc,cpu         ] GC(32570) User=0.01s Sys=0.00s Real=0.00s
[14911.665s][info][gc,start       ] GC(32571) Pause Young (Allocation Failure)
[14911.667s][info][gc,heap        ] GC(32571) PSYoungGen: 84192K(84992K)->704K(84992K) Eden: 82944K(82944K)->0K(82944K) From: 1248K(2048K)->704K(2048K)
[14911.667s][info][gc,heap        ] GC(32571) ParOldGen: 415726K(416768K)->415782K(416768K)
[14911.667s][info][gc,metaspace   ] GC(32571) Metaspace: 62367K(62592K)->62367K(62592K) NonClass: 53321K(53504K)->53321K(53504K) Class: 9046K(9088K)->9046K(9088K)
[14911.667s][info][gc             ] GC(32571) Pause Young (Allocation Failure) 488M->406M(490M) 2.604ms
[14911.667s][info][gc,cpu         ] GC(32571) User=0.00s Sys=0.00s Real=0.01s
[14912.111s][info][gc,start       ] GC(32572) Pause Young (Allocation Failure)
[14912.114s][info][gc,heap        ] GC(32572) PSYoungGen: 83648K(84992K)->1536K(83968K) Eden: 82944K(82944K)->0K(81920K) From: 704K(2048K)->1536K(2048K)
[14912.114s][info][gc,heap        ] GC(32572) ParOldGen: 415782K(416768K)->415830K(416768K)
[14912.114s][info][gc,metaspace   ] GC(32572) Metaspace: 62367K(62592K)->62367K(62592K) NonClass: 53321K(53504K)->53321K(53504K) Class: 9046K(9088K)->9046K(9088K)
[14912.114s][info][gc             ] GC(32572) Pause Young (Allocation Failure) 487M->407M(489M) 3.181ms
[14912.114s][info][gc,cpu         ] GC(32572) User=0.00s Sys=0.00s Real=0.00s
[14912.540s][info][gc,start       ] GC(32573) Pause Young (Allocation Failure)
[14912.542s][info][gc,heap        ] GC(32573) PSYoungGen: 83456K(83968K)->480K(84480K) Eden: 81920K(81920K)->0K(81920K) From: 1536K(2048K)->480K(2560K)
[14912.542s][info][gc,heap        ] GC(32573) ParOldGen: 415830K(416768K)->415886K(416768K)
[14912.542s][info][gc,metaspace   ] GC(32573) Metaspace: 62367K(62592K)->62367K(62592K) NonClass: 53321K(53504K)->53321K(53504K) Class: 9046K(9088K)->9046K(9088K)
[14912.542s][info][gc             ] GC(32573) Pause Young (Allocation Failure) 487M->406M(489M) 2.345ms
[14912.542s][info][gc,cpu         ] GC(32573) User=0.01s Sys=0.00s Real=0.00s
[14912.954s][info][gc,start       ] GC(32574) Pause Young (Allocation Failure)
[14912.956s][info][gc,heap        ] GC(32574) PSYoungGen: 82400K(84480K)->672K(84992K) Eden: 81920K(81920K)->0K(82432K) From: 480K(2560K)->672K(2560K)
[14912.956s][info][gc,heap        ] GC(32574) ParOldGen: 415886K(416768K)->415942K(416768K)
[14912.956s][info][gc,metaspace   ] GC(32574) Metaspace: 62367K(62592K)->62367K(62592K) NonClass: 53321K(53504K)->53321K(53504K) Class: 9046K(9088K)->9046K(9088K)
[14912.956s][info][gc             ] GC(32574) Pause Young (Allocation Failure) 486M->406M(490M) 2.523ms
[14912.956s][info][gc,cpu         ] GC(32574) User=0.01s Sys=0.00s Real=0.01s
[14913.382s][info][gc,start       ] GC(32575) Pause Young (Allocation Failure)
[14913.385s][info][gc,heap        ] GC(32575) PSYoungGen: 83104K(84992K)->1152K(84480K) Eden: 82432K(82432K)->0K(82432K) From: 672K(2560K)->1152K(2048K)
[14913.385s][info][gc,heap        ] GC(32575) ParOldGen: 415942K(416768K)->415998K(416768K)
[14913.385s][info][gc,metaspace   ] GC(32575) Metaspace: 62367K(62592K)->62367K(62592K) NonClass: 53321K(53504K)->53321K(53504K) Class: 9046K(9088K)->9046K(9088K)
[14913.386s][info][gc             ] GC(32575) Pause Young (Allocation Failure) 487M->407M(489M) 3.133ms
[14913.386s][info][gc,cpu         ] GC(32575) User=0.01s Sys=0.00s Real=0.00s
[14913.817s][info][gc,start       ] GC(32576) Pause Young (Allocation Failure)
[14913.820s][info][gc,heap        ] GC(32576) PSYoungGen: 83584K(84480K)->1472K(83968K) Eden: 82432K(82432K)->0K(81920K) From: 1152K(2048K)->1472K(2048K)
[14913.820s][info][gc,heap        ] GC(32576) ParOldGen: 415998K(416768K)->416046K(416768K)
[14913.820s][info][gc,metaspace   ] GC(32576) Metaspace: 62367K(62592K)->62367K(62592K) NonClass: 53321K(53504K)->53321K(53504K) Class: 9046K(9088K)->9046K(9088K)
[14913.820s][info][gc             ] GC(32576) Pause Young (Allocation Failure) 487M->407M(489M) 3.195ms
[14913.820s][info][gc,cpu         ] GC(32576) User=0.01s Sys=0.00s Real=0.00s
[14914.251s][info][gc,start       ] GC(32577) Pause Young (Allocation Failure)
[14914.253s][info][gc,heap        ] GC(32577) PSYoungGen: 83391K(83968K)->640K(84480K) Eden: 81919K(81920K)->0K(81920K) From: 1472K(2048K)->640K(2560K)
[14914.253s][info][gc,heap        ] GC(32577) ParOldGen: 416046K(416768K)->416102K(416768K)
[14914.253s][info][gc,metaspace   ] GC(32577) Metaspace: 62367K(62592K)->62367K(62592K) NonClass: 53321K(53504K)->53321K(53504K) Class: 9046K(9088K)->9046K(9088K)
[14914.253s][info][gc             ] GC(32577) Pause Young (Allocation Failure) 487M->406M(489M) 2.421ms
[14914.253s][info][gc,cpu         ] GC(32577) User=0.01s Sys=0.00s Real=0.00s
[14914.671s][info][gc,start       ] GC(32578) Pause Young (Allocation Failure)
[14914.674s][info][gc,heap        ] GC(32578) PSYoungGen: 82560K(84480K)->992K(84992K) Eden: 81920K(81920K)->0K(82944K) From: 640K(2560K)->992K(2048K)
[14914.674s][info][gc,heap        ] GC(32578) ParOldGen: 416102K(416768K)->416158K(416768K)
[14914.674s][info][gc,metaspace   ] GC(32578) Metaspace: 62367K(62592K)->62367K(62592K) NonClass: 53321K(53504K)->53321K(53504K) Class: 9046K(9088K)->9046K(9088K)
[14914.674s][info][gc             ] GC(32578) Pause Young (Allocation Failure) 486M->407M(490M) 2.812ms
[14914.674s][info][gc,cpu         ] GC(32578) User=0.00s Sys=0.00s Real=0.00s
[14915.142s][info][gc,start       ] GC(32579) Pause Young (Allocation Failure)
[14915.144s][info][gc,heap        ] GC(32579) PSYoungGen: 83936K(84992K)->544K(84992K) Eden: 82944K(82944K)->0K(82944K) From: 992K(2048K)->544K(2048K)
[14915.144s][info][gc,heap        ] GC(32579) ParOldGen: 416158K(416768K)->416214K(416768K)
[14915.144s][info][gc,metaspace   ] GC(32579) Metaspace: 62367K(62592K)->62367K(62592K) NonClass: 53321K(53504K)->53321K(53504K) Class: 9046K(9088K)->9046K(9088K)
[14915.144s][info][gc             ] GC(32579) Pause Young (Allocation Failure) 488M->406M(490M) 2.556ms
[14915.144s][info][gc,cpu         ] GC(32579) User=0.00s Sys=0.00s Real=0.00s
[14915.597s][info][gc,start       ] GC(32580) Pause Young (Allocation Failure)
[14915.600s][info][gc,heap        ] GC(32580) PSYoungGen: 83488K(84992K)->2016K(83968K) Eden: 82944K(82944K)->0K(81920K) From: 544K(2048K)->2016K(2048K)
[14915.600s][info][gc,heap        ] GC(32580) ParOldGen: 416214K(416768K)->416502K(416768K)
[14915.600s][info][gc,metaspace   ] GC(32580) Metaspace: 62367K(62592K)->62367K(62592K) NonClass: 53321K(53504K)->53321K(53504K) Class: 9046K(9088K)->9046K(9088K)
[14915.600s][info][gc             ] GC(32580) Pause Young (Allocation Failure) 487M->408M(489M) 3.242ms
[14915.600s][info][gc,cpu         ] GC(32580) User=0.00s Sys=0.00s Real=0.00s
[14916.076s][info][gc,start       ] GC(32581) Pause Young (Allocation Failure)
[14916.079s][info][gc,heap        ] GC(32581) PSYoungGen: 83936K(83968K)->864K(84480K) Eden: 81920K(81920K)->0K(81920K) From: 2016K(2048K)->864K(2560K)
[14916.079s][info][gc,heap        ] GC(32581) ParOldGen: 416502K(416768K)->418566K(419840K)
[14916.079s][info][gc,metaspace   ] GC(32581) Metaspace: 62367K(62592K)->62367K(62592K) NonClass: 53321K(53504K)->53321K(53504K) Class: 9046K(9088K)->9046K(9088K)
[14916.079s][info][gc             ] GC(32581) Pause Young (Allocation Failure) 488M->409M(492M) 3.662ms
[14916.079s][info][gc,cpu         ] GC(32581) User=0.01s Sys=0.01s Real=0.01s
[14916.542s][info][gc,start       ] GC(32582) Pause Young (Allocation Failure)
[14916.544s][info][gc,heap        ] GC(32582) PSYoungGen: 82784K(84480K)->480K(84480K) Eden: 81920K(81920K)->0K(81920K) From: 864K(2560K)->480K(2560K)
[14916.544s][info][gc,heap        ] GC(32582) ParOldGen: 418566K(419840K)->418614K(419840K)
[14916.544s][info][gc,metaspace   ] GC(32582) Metaspace: 62367K(62592K)->62367K(62592K) NonClass: 53321K(53504K)->53321K(53504K) Class: 9046K(9088K)->9046K(9088K)
[14916.544s][info][gc             ] GC(32582) Pause Young (Allocation Failure) 489M->409M(492M) 2.286ms
[14916.544s][info][gc,cpu         ] GC(32582) User=0.01s Sys=0.00s Real=0.00s
[14916.986s][info][gc,start       ] GC(32583) Pause Young (Allocation Failure)
[14916.988s][info][gc,heap        ] GC(32583) PSYoungGen: 82400K(84480K)->1088K(84480K) Eden: 81920K(81920K)->0K(81920K) From: 480K(2560K)->1088K(2560K)
[14916.988s][info][gc,heap        ] GC(32583) ParOldGen: 418614K(419840K)->418662K(419840K)
[14916.988s][info][gc,metaspace   ] GC(32583) Metaspace: 62367K(62592K)->62367K(62592K) NonClass: 53321K(53504K)->53321K(53504K) Class: 9046K(9088K)->9046K(9088K)
[14916.988s][info][gc             ] GC(32583) Pause Young (Allocation Failure) 489M->409M(492M) 2.910ms
[14916.988s][info][gc,cpu         ] GC(32583) User=0.01s Sys=0.00s Real=0.01s
[14917.402s][info][gc,start       ] GC(32584) Pause Young (Allocation Failure)
[14917.405s][info][gc,heap        ] GC(32584) PSYoungGen: 83008K(84480K)->1376K(84480K) Eden: 81920K(81920K)->0K(81920K) From: 1088K(2560K)->1376K(2560K)
[14917.405s][info][gc,heap        ] GC(32584) ParOldGen: 418662K(419840K)->418718K(419840K)
[14917.405s][info][gc,metaspace   ] GC(32584) Metaspace: 62367K(62592K)->62367K(62592K) NonClass: 53321K(53504K)->53321K(53504K) Class: 9046K(9088K)->9046K(9088K)
[14917.405s][info][gc             ] GC(32584) Pause Young (Allocation Failure) 489M->410M(492M) 2.985ms
[14917.405s][info][gc,cpu         ] GC(32584) User=0.00s Sys=0.00s Real=0.00s
[14917.807s][info][gc,start       ] GC(32585) Pause Young (Allocation Failure)
[14917.810s][info][gc,heap        ] GC(32585) PSYoungGen: 83296K(84480K)->1728K(84480K) Eden: 81920K(81920K)->0K(81920K) From: 1376K(2560K)->1728K(2560K)
[14917.810s][info][gc,heap        ] GC(32585) ParOldGen: 418718K(419840K)->418766K(419840K)
[14917.810s][info][gc,metaspace   ] GC(32585) Metaspace: 62367K(62592K)->62367K(62592K) NonClass: 53321K(53504K)->53321K(53504K) Class: 9046K(9088K)->9046K(9088K)
[14917.810s][info][gc             ] GC(32585) Pause Young (Allocation Failure) 490M->410M(492M) 3.464ms
[14917.810s][info][gc,cpu         ] GC(32585) User=0.01s Sys=0.00s Real=0.00s
[14918.234s][info][gc,start       ] GC(32586) Pause Young (Allocation Failure)
[14918.236s][info][gc,heap        ] GC(32586) PSYoungGen: 83648K(84480K)->384K(84480K) Eden: 81920K(81920K)->0K(81920K) From: 1728K(2560K)->384K(2560K)
[14918.236s][info][gc,heap        ] GC(32586) ParOldGen: 418766K(419840K)->418822K(419840K)
[14918.236s][info][gc,metaspace   ] GC(32586) Metaspace: 62367K(62592K)->62367K(62592K) NonClass: 53321K(53504K)->53321K(53504K) Class: 9046K(9088K)->9046K(9088K)
[14918.236s][info][gc             ] GC(32586) Pause Young (Allocation Failure) 490M->409M(492M) 2.215ms
[14918.236s][info][gc,cpu         ] GC(32586) User=0.00s Sys=0.00s Real=0.01s
[14918.671s][info][gc,start       ] GC(32587) Pause Young (Allocation Failure)
[14918.674s][info][gc,heap        ] GC(32587) PSYoungGen: 82304K(84480K)->928K(84480K) Eden: 81920K(81920K)->0K(81920K) From: 384K(2560K)->928K(2560K)
[14918.674s][info][gc,heap        ] GC(32587) ParOldGen: 418822K(419840K)->418870K(419840K)
[14918.674s][info][gc,metaspace   ] GC(32587) Metaspace: 62367K(62592K)->62367K(62592K) NonClass: 53321K(53504K)->53321K(53504K) Class: 9046K(9088K)->9046K(9088K)
[14918.674s][info][gc             ] GC(32587) Pause Young (Allocation Failure) 489M->409M(492M) 2.763ms
[14918.674s][info][gc,cpu         ] GC(32587) User=0.00s Sys=0.00s Real=0.00s
[14919.109s][info][gc,start       ] GC(32588) Pause Young (Allocation Failure)
[14919.112s][info][gc,heap        ] GC(32588) PSYoungGen: 82848K(84480K)->1504K(84480K) Eden: 81920K(81920K)->0K(81920K) From: 928K(2560K)->1504K(2560K)
[14919.112s][info][gc,heap        ] GC(32588) ParOldGen: 418870K(419840K)->418926K(419840K)
[14919.112s][info][gc,metaspace   ] GC(32588) Metaspace: 62367K(62592K)->62367K(62592K) NonClass: 53321K(53504K)->53321K(53504K) Class: 9046K(9088K)->9046K(9088K)
[14919.112s][info][gc             ] GC(32588) Pause Young (Allocation Failure) 489M->410M(492M) 3.184ms
[14919.112s][info][gc,cpu         ] GC(32588) User=0.01s Sys=0.00s Real=0.00s
[14919.544s][info][gc,start       ] GC(32589) Pause Young (Allocation Failure)
[14919.546s][info][gc,heap        ] GC(32589) PSYoungGen: 83424K(84480K)->512K(84480K) Eden: 81920K(81920K)->0K(81920K) From: 1504K(2560K)->512K(2560K)
[14919.546s][info][gc,heap        ] GC(32589) ParOldGen: 418926K(419840K)->418982K(419840K)
[14919.546s][info][gc,metaspace   ] GC(32589) Metaspace: 62367K(62592K)->62367K(62592K) NonClass: 53321K(53504K)->53321K(53504K) Class: 9046K(9088K)->9046K(9088K)
[14919.546s][info][gc             ] GC(32589) Pause Young (Allocation Failure) 490M->409M(492M) 2.303ms
[14919.546s][info][gc,cpu         ] GC(32589) User=0.01s Sys=0.00s Real=0.01s
[14919.960s][info][gc,start       ] GC(32590) Pause Young (Allocation Failure)
[14919.963s][info][gc,heap        ] GC(32590) PSYoungGen: 82432K(84480K)->800K(84480K) Eden: 81920K(81920K)->0K(81920K) From: 512K(2560K)->800K(2560K)
[14919.963s][info][gc,heap        ] GC(32590) ParOldGen: 418982K(419840K)->419038K(419840K)
[14919.963s][info][gc,metaspace   ] GC(32590) Metaspace: 62367K(62592K)->62367K(62592K) NonClass: 53321K(53504K)->53321K(53504K) Class: 9046K(9088K)->9046K(9088K)
[14919.963s][info][gc             ] GC(32590) Pause Young (Allocation Failure) 489M->409M(492M) 2.512ms
[14919.963s][info][gc,cpu         ] GC(32590) User=0.00s Sys=0.00s Real=0.00s
[14920.350s][info][gc,start       ] GC(32591) Pause Young (Allocation Failure)
[14920.353s][info][gc,heap        ] GC(32591) PSYoungGen: 82720K(84480K)->1632K(84480K) Eden: 81920K(81920K)->0K(81920K) From: 800K(2560K)->1632K(2560K)
[14920.353s][info][gc,heap        ] GC(32591) ParOldGen: 419038K(419840K)->419094K(419840K)
[14920.353s][info][gc,metaspace   ] GC(32591) Metaspace: 62367K(62592K)->62367K(62592K) NonClass: 53321K(53504K)->53321K(53504K) Class: 9046K(9088K)->9046K(9088K)
[14920.353s][info][gc             ] GC(32591) Pause Young (Allocation Failure) 489M->410M(492M) 2.572ms
[14920.353s][info][gc,cpu         ] GC(32591) User=0.01s Sys=0.00s Real=0.00s
[14920.760s][info][gc,start       ] GC(32592) Pause Young (Allocation Failure)
[14920.764s][info][gc,heap        ] GC(32592) PSYoungGen: 83552K(84480K)->800K(84480K) Eden: 81920K(81920K)->0K(81920K) From: 1632K(2560K)->800K(2560K)
[14920.764s][info][gc,heap        ] GC(32592) ParOldGen: 419094K(419840K)->421198K(421376K)
[14920.764s][info][gc,metaspace   ] GC(32592) Metaspace: 62367K(62592K)->62367K(62592K) NonClass: 53321K(53504K)->53321K(53504K) Class: 9046K(9088K)->9046K(9088K)
[14920.764s][info][gc             ] GC(32592) Pause Young (Allocation Failure) 490M->412M(494M) 3.652ms
[14920.764s][info][gc,cpu         ] GC(32592) User=0.00s Sys=0.00s Real=0.00s
[14921.181s][info][gc,start       ] GC(32593) Pause Young (Allocation Failure)
[14921.183s][info][gc,heap        ] GC(32593) PSYoungGen: 82720K(84480K)->1152K(84480K) Eden: 81920K(81920K)->0K(81920K) From: 800K(2560K)->1152K(2560K)
[14921.183s][info][gc,heap        ] GC(32593) ParOldGen: 421198K(421376K)->421254K(421376K)
[14921.183s][info][gc,metaspace   ] GC(32593) Metaspace: 62367K(62592K)->62367K(62592K) NonClass: 53321K(53504K)->53321K(53504K) Class: 9046K(9088K)->9046K(9088K)
[14921.184s][info][gc             ] GC(32593) Pause Young (Allocation Failure) 492M->412M(494M) 2.934ms
[14921.184s][info][gc,cpu         ] GC(32593) User=0.01s Sys=0.00s Real=0.00s
[14921.585s][info][gc,start       ] GC(32594) Pause Young (Allocation Failure)
[14921.588s][info][gc,heap        ] GC(32594) PSYoungGen: 83072K(84480K)->1184K(84480K) Eden: 81920K(81920K)->0K(81920K) From: 1152K(2560K)->1184K(2560K)
[14921.588s][info][gc,heap        ] GC(32594) ParOldGen: 421254K(421376K)->421310K(421376K)
[14921.588s][info][gc,metaspace   ] GC(32594) Metaspace: 62367K(62592K)->62367K(62592K) NonClass: 53321K(53504K)->53321K(53504K) Class: 9046K(9088K)->9046K(9088K)
[14921.588s][info][gc             ] GC(32594) Pause Young (Allocation Failure) 492M->412M(494M) 3.146ms
[14921.588s][info][gc,cpu         ] GC(32594) User=0.00s Sys=0.00s Real=0.01s
[14921.990s][info][gc,start       ] GC(32595) Pause Young (Allocation Failure)
[14921.993s][info][gc,heap        ] GC(32595) PSYoungGen: 83104K(84480K)->1248K(84480K) Eden: 81920K(81920K)->0K(81920K) From: 1184K(2560K)->1248K(2560K)
[14921.993s][info][gc,heap        ] GC(32595) ParOldGen: 421310K(421376K)->421366K(421376K)
[14921.993s][info][gc,metaspace   ] GC(32595) Metaspace: 62367K(62592K)->62367K(62592K) NonClass: 53321K(53504K)->53321K(53504K) Class: 9046K(9088K)->9046K(9088K)
[14921.993s][info][gc             ] GC(32595) Pause Young (Allocation Failure) 492M->412M(494M) 3.097ms
[14921.993s][info][gc,cpu         ] GC(32595) User=0.01s Sys=0.00s Real=0.00s
[14922.445s][info][gc,start       ] GC(32596) Pause Young (Allocation Failure)
[14922.447s][info][gc,heap        ] GC(32596) PSYoungGen: 83168K(84480K)->560K(84992K) Eden: 81920K(81920K)->0K(82944K) From: 1248K(2560K)->560K(2048K)
[14922.447s][info][gc,heap        ] GC(32596) ParOldGen: 421366K(421376K)->421414K(421888K)
[14922.447s][info][gc,metaspace   ] GC(32596) Metaspace: 62367K(62592K)->62367K(62592K) NonClass: 53321K(53504K)->53321K(53504K) Class: 9046K(9088K)->9046K(9088K)
[14922.447s][info][gc             ] GC(32596) Pause Young (Allocation Failure) 492M->412M(495M) 2.454ms
[14922.447s][info][gc,cpu         ] GC(32596) User=0.00s Sys=0.01s Real=0.01s
[14922.893s][info][gc,start       ] GC(32597) Pause Young (Allocation Failure)
[14922.896s][info][gc,heap        ] GC(32597) PSYoungGen: 83504K(84992K)->1248K(84992K) Eden: 82944K(82944K)->0K(82944K) From: 560K(2048K)->1248K(2048K)
[14922.896s][info][gc,heap        ] GC(32597) ParOldGen: 421414K(421888K)->421518K(421888K)
[14922.896s][info][gc,metaspace   ] GC(32597) Metaspace: 62367K(62592K)->62367K(62592K) NonClass: 53321K(53504K)->53321K(53504K) Class: 9046K(9088K)->9046K(9088K)
[14922.896s][info][gc             ] GC(32597) Pause Young (Allocation Failure) 493M->412M(495M) 3.153ms
[14922.896s][info][gc,cpu         ] GC(32597) User=0.00s Sys=0.00s Real=0.01s
[14923.355s][info][gc,start       ] GC(32598) Pause Young (Allocation Failure)
[14923.357s][info][gc,heap        ] GC(32598) PSYoungGen: 84192K(84992K)->672K(84992K) Eden: 82944K(82944K)->0K(82944K) From: 1248K(2048K)->672K(2048K)
[14923.358s][info][gc,heap        ] GC(32598) ParOldGen: 421518K(421888K)->421574K(421888K)
[14923.358s][info][gc,metaspace   ] GC(32598) Metaspace: 62367K(62592K)->62367K(62592K) NonClass: 53321K(53504K)->53321K(53504K) Class: 9046K(9088K)->9046K(9088K)
[14923.358s][info][gc             ] GC(32598) Pause Young (Allocation Failure) 493M->412M(495M) 2.476ms
[14923.358s][info][gc,cpu         ] GC(32598) User=0.00s Sys=0.00s Real=0.01s
[14923.811s][info][gc,start       ] GC(32599) Pause Young (Allocation Failure)
[14923.814s][info][gc,heap        ] GC(32599) PSYoungGen: 83616K(84992K)->1472K(84480K) Eden: 82944K(82944K)->0K(82944K) From: 672K(2048K)->1472K(1536K)
[14923.814s][info][gc,heap        ] GC(32599) ParOldGen: 421574K(421888K)->421630K(421888K)
[14923.814s][info][gc,metaspace   ] GC(32599) Metaspace: 62367K(62592K)->62367K(62592K) NonClass: 53321K(53504K)->53321K(53504K) Class: 9046K(9088K)->9046K(9088K)
[14923.814s][info][gc             ] GC(32599) Pause Young (Allocation Failure) 493M->413M(494M) 3.396ms
[14923.814s][info][gc,cpu         ] GC(32599) User=0.00s Sys=0.01s Real=0.00s
[14924.278s][info][gc,start       ] GC(32600) Pause Young (Allocation Failure)
[14924.281s][info][gc,heap        ] GC(32600) PSYoungGen: 84416K(84480K)->960K(84992K) Eden: 82944K(82944K)->0K(82432K) From: 1472K(1536K)->960K(2560K)
[14924.281s][info][gc,heap        ] GC(32600) ParOldGen: 421630K(421888K)->421678K(421888K)
[14924.281s][info][gc,metaspace   ] GC(32600) Metaspace: 62367K(62592K)->62367K(62592K) NonClass: 53321K(53504K)->53321K(53504K) Class: 9046K(9088K)->9046K(9088K)
[14924.281s][info][gc             ] GC(32600) Pause Young (Allocation Failure) 494M->412M(495M) 2.707ms
[14924.281s][info][gc,cpu         ] GC(32600) User=0.01s Sys=0.00s Real=0.00s
[14924.738s][info][gc,start       ] GC(32601) Pause Young (Allocation Failure)
[14924.741s][info][gc,heap        ] GC(32601) PSYoungGen: 83392K(84992K)->1472K(84480K) Eden: 82432K(82432K)->0K(82432K) From: 960K(2560K)->1472K(2048K)
[14924.741s][info][gc,heap        ] GC(32601) ParOldGen: 421678K(421888K)->422750K(423424K)
[14924.741s][info][gc,metaspace   ] GC(32601) Metaspace: 62367K(62592K)->62367K(62592K) NonClass: 53321K(53504K)->53321K(53504K) Class: 9046K(9088K)->9046K(9088K)
[14924.741s][info][gc             ] GC(32601) Pause Young (Allocation Failure) 493M->414M(496M) 3.001ms
[14924.741s][info][gc,cpu         ] GC(32601) User=0.00s Sys=0.01s Real=0.00s
[14925.200s][info][gc,start       ] GC(32602) Pause Young (Allocation Failure)
[14925.204s][info][gc,heap        ] GC(32602) PSYoungGen: 83904K(84480K)->1280K(84992K) Eden: 82432K(82432K)->0K(82944K) From: 1472K(2048K)->1280K(2048K)
[14925.204s][info][gc,heap        ] GC(32602) ParOldGen: 422750K(423424K)->423830K(424960K)
[14925.204s][info][gc,metaspace   ] GC(32602) Metaspace: 62367K(62592K)->62367K(62592K) NonClass: 53321K(53504K)->53321K(53504K) Class: 9046K(9088K)->9046K(9088K)
[14925.204s][info][gc             ] GC(32602) Pause Young (Allocation Failure) 494M->415M(498M) 3.539ms
[14925.204s][info][gc,cpu         ] GC(32602) User=0.01s Sys=0.00s Real=0.00s
[14925.679s][info][gc,start       ] GC(32603) Pause Young (Allocation Failure)
[14925.681s][info][gc,heap        ] GC(32603) PSYoungGen: 84224K(84992K)->960K(84992K) Eden: 82944K(82944K)->0K(82944K) From: 1280K(2048K)->960K(2048K)
[14925.682s][info][gc,heap        ] GC(32603) ParOldGen: 423830K(424960K)->423886K(424960K)
[14925.682s][info][gc,metaspace   ] GC(32603) Metaspace: 62367K(62592K)->62367K(62592K) NonClass: 53321K(53504K)->53321K(53504K) Class: 9046K(9088K)->9046K(9088K)
[14925.682s][info][gc             ] GC(32603) Pause Young (Allocation Failure) 496M->414M(498M) 2.833ms
[14925.682s][info][gc,cpu         ] GC(32603) User=0.00s Sys=0.00s Real=0.00s
[14926.174s][info][gc,start       ] GC(32604) Pause Young (Allocation Failure)
[14926.177s][info][gc,heap        ] GC(32604) PSYoungGen: 83904K(84992K)->928K(84992K) Eden: 82944K(82944K)->0K(82944K) From: 960K(2048K)->928K(2048K)
[14926.177s][info][gc,heap        ] GC(32604) ParOldGen: 423886K(424960K)->423934K(424960K)
[14926.177s][info][gc,metaspace   ] GC(32604) Metaspace: 62367K(62592K)->62367K(62592K) NonClass: 53321K(53504K)->53321K(53504K) Class: 9046K(9088K)->9046K(9088K)
[14926.177s][info][gc             ] GC(32604) Pause Young (Allocation Failure) 495M->414M(498M) 2.727ms
[14926.177s][info][gc,cpu         ] GC(32604) User=0.01s Sys=0.00s Real=0.01s
[14926.654s][info][gc,start       ] GC(32605) Pause Young (Allocation Failure)
[14926.657s][info][gc,heap        ] GC(32605) PSYoungGen: 83872K(84992K)->672K(84992K) Eden: 82944K(82944K)->0K(82944K) From: 928K(2048K)->672K(2048K)
[14926.657s][info][gc,heap        ] GC(32605) ParOldGen: 423934K(424960K)->423982K(424960K)
[14926.657s][info][gc,metaspace   ] GC(32605) Metaspace: 62367K(62592K)->62367K(62592K) NonClass: 53321K(53504K)->53321K(53504K) Class: 9046K(9088K)->9046K(9088K)
[14926.657s][info][gc             ] GC(32605) Pause Young (Allocation Failure) 495M->414M(498M) 2.510ms
[14926.657s][info][gc,cpu         ] GC(32605) User=0.01s Sys=0.00s Real=0.01s
[14927.093s][info][gc,start       ] GC(32606) Pause Young (Allocation Failure)
[14927.096s][info][gc,heap        ] GC(32606) PSYoungGen: 83616K(84992K)->1184K(84992K) Eden: 82944K(82944K)->0K(82944K) From: 672K(2048K)->1184K(2048K)
[14927.096s][info][gc,heap        ] GC(32606) ParOldGen: 423982K(424960K)->424030K(424960K)
[14927.096s][info][gc,metaspace   ] GC(32606) Metaspace: 62367K(62592K)->62367K(62592K) NonClass: 53321K(53504K)->53321K(53504K) Class: 9046K(9088K)->9046K(9088K)
[14927.096s][info][gc             ] GC(32606) Pause Young (Allocation Failure) 495M->415M(498M) 2.960ms
[14927.096s][info][gc,cpu         ] GC(32606) User=0.00s Sys=0.00s Real=0.01s
[14927.559s][info][gc,start       ] GC(32607) Pause Young (Allocation Failure)
[14927.562s][info][gc,heap        ] GC(32607) PSYoungGen: 84128K(84992K)->704K(84992K) Eden: 82944K(82944K)->0K(82944K) From: 1184K(2048K)->704K(2048K)
[14927.562s][info][gc,heap        ] GC(32607) ParOldGen: 424030K(424960K)->424086K(424960K)
[14927.562s][info][gc,metaspace   ] GC(32607) Metaspace: 62367K(62592K)->62367K(62592K) NonClass: 53321K(53504K)->53321K(53504K) Class: 9046K(9088K)->9046K(9088K)
[14927.562s][info][gc             ] GC(32607) Pause Young (Allocation Failure) 496M->414M(498M) 2.582ms
[14927.562s][info][gc,cpu         ] GC(32607) User=0.01s Sys=0.00s Real=0.00s
[14928.054s][info][gc,start       ] GC(32608) Pause Young (Allocation Failure)
[14928.056s][info][gc,heap        ] GC(32608) PSYoungGen: 83648K(84992K)->576K(84992K) Eden: 82944K(82944K)->0K(82944K) From: 704K(2048K)->576K(2048K)
[14928.056s][info][gc,heap        ] GC(32608) ParOldGen: 424086K(424960K)->424142K(424960K)
[14928.056s][info][gc,metaspace   ] GC(32608) Metaspace: 62367K(62592K)->62367K(62592K) NonClass: 53321K(53504K)->53321K(53504K) Class: 9046K(9088K)->9046K(9088K)
[14928.056s][info][gc             ] GC(32608) Pause Young (Allocation Failure) 495M->414M(498M) 2.791ms
[14928.056s][info][gc,cpu         ] GC(32608) User=0.01s Sys=0.00s Real=0.01s
[14928.532s][info][gc,start       ] GC(32609) Pause Young (Allocation Failure)
[14928.534s][info][gc,heap        ] GC(32609) PSYoungGen: 83520K(84992K)->352K(84992K) Eden: 82944K(82944K)->0K(82944K) From: 576K(2048K)->352K(2048K)
[14928.534s][info][gc,heap        ] GC(32609) ParOldGen: 424142K(424960K)->424190K(424960K)
[14928.534s][info][gc,metaspace   ] GC(32609) Metaspace: 62367K(62592K)->62367K(62592K) NonClass: 53321K(53504K)->53321K(53504K) Class: 9046K(9088K)->9046K(9088K)
[14928.534s][info][gc             ] GC(32609) Pause Young (Allocation Failure) 495M->414M(498M) 2.163ms
[14928.534s][info][gc,cpu         ] GC(32609) User=0.01s Sys=0.00s Real=0.00s
[14928.988s][info][gc,start       ] GC(32610) Pause Young (Allocation Failure)
[14928.990s][info][gc,heap        ] GC(32610) PSYoungGen: 83296K(84992K)->1152K(84992K) Eden: 82944K(82944K)->0K(82944K) From: 352K(2048K)->1152K(2048K)
[14928.990s][info][gc,heap        ] GC(32610) ParOldGen: 424190K(424960K)->424246K(424960K)
[14928.990s][info][gc,metaspace   ] GC(32610) Metaspace: 62367K(62592K)->62367K(62592K) NonClass: 53321K(53504K)->53321K(53504K) Class: 9046K(9088K)->9046K(9088K)
[14928.991s][info][gc             ] GC(32610) Pause Young (Allocation Failure) 495M->415M(498M) 2.883ms
[14928.991s][info][gc,cpu         ] GC(32610) User=0.01s Sys=0.00s Real=0.00s
[14929.467s][info][gc,start       ] GC(32611) Pause Young (Allocation Failure)
[14929.469s][info][gc,heap        ] GC(32611) PSYoungGen: 84096K(84992K)->800K(84992K) Eden: 82944K(82944K)->0K(82944K) From: 1152K(2048K)->800K(2048K)
[14929.469s][info][gc,heap        ] GC(32611) ParOldGen: 424246K(424960K)->424294K(424960K)
[14929.469s][info][gc,metaspace   ] GC(32611) Metaspace: 62367K(62592K)->62367K(62592K) NonClass: 53321K(53504K)->53321K(53504K) Class: 9046K(9088K)->9046K(9088K)
[14929.469s][info][gc             ] GC(32611) Pause Young (Allocation Failure) 496M->415M(498M) 2.565ms
[14929.469s][info][gc,cpu         ] GC(32611) User=0.01s Sys=0.00s Real=0.00s
[14929.948s][info][gc,start       ] GC(32612) Pause Young (Allocation Failure)
[14929.950s][info][gc,heap        ] GC(32612) PSYoungGen: 83744K(84992K)->1536K(84992K) Eden: 82944K(82944K)->0K(82944K) From: 800K(2048K)->1536K(2048K)
[14929.950s][info][gc,heap        ] GC(32612) ParOldGen: 424294K(424960K)->424350K(424960K)
[14929.950s][info][gc,metaspace   ] GC(32612) Metaspace: 62367K(62592K)->62367K(62592K) NonClass: 53321K(53504K)->53321K(53504K) Class: 9046K(9088K)->9046K(9088K)
[14929.950s][info][gc             ] GC(32612) Pause Young (Allocation Failure) 496M->415M(498M) 2.437ms
[14929.950s][info][gc,cpu         ] GC(32612) User=0.01s Sys=0.00s Real=0.00s
[14930.451s][info][gc,start       ] GC(32613) Pause Young (Allocation Failure)
[14930.455s][info][gc,heap        ] GC(32613) PSYoungGen: 84480K(84992K)->624K(84992K) Eden: 82944K(82944K)->0K(82944K) From: 1536K(2048K)->624K(2048K)
[14930.455s][info][gc,heap        ] GC(32613) ParOldGen: 424350K(424960K)->426447K(426496K)
[14930.455s][info][gc,metaspace   ] GC(32613) Metaspace: 62367K(62592K)->62367K(62592K) NonClass: 53321K(53504K)->53321K(53504K) Class: 9046K(9088K)->9046K(9088K)
[14930.455s][info][gc             ] GC(32613) Pause Young (Allocation Failure) 496M->417M(499M) 3.416ms
[14930.455s][info][gc,cpu         ] GC(32613) User=0.00s Sys=0.00s Real=0.00s
[14930.933s][info][gc,start       ] GC(32614) Pause Young (Allocation Failure)
[14930.936s][info][gc,heap        ] GC(32614) PSYoungGen: 83568K(84992K)->352K(84992K) Eden: 82944K(82944K)->0K(82944K) From: 624K(2048K)->352K(2048K)
[14930.936s][info][gc,heap        ] GC(32614) ParOldGen: 426447K(426496K)->426543K(427008K)
[14930.936s][info][gc,metaspace   ] GC(32614) Metaspace: 62367K(62592K)->62367K(62592K) NonClass: 53321K(53504K)->53321K(53504K) Class: 9046K(9088K)->9046K(9088K)
[14930.936s][info][gc             ] GC(32614) Pause Young (Allocation Failure) 498M->416M(500M) 2.265ms
[14930.936s][info][gc,cpu         ] GC(32614) User=0.01s Sys=0.00s Real=0.00s
[14931.408s][info][gc,start       ] GC(32615) Pause Young (Allocation Failure)
[14931.411s][info][gc,heap        ] GC(32615) PSYoungGen: 83296K(84992K)->1408K(84992K) Eden: 82944K(82944K)->0K(82944K) From: 352K(2048K)->1408K(2048K)
[14931.411s][info][gc,heap        ] GC(32615) ParOldGen: 426543K(427008K)->426599K(427008K)
[14931.411s][info][gc,metaspace   ] GC(32615) Metaspace: 62367K(62592K)->62367K(62592K) NonClass: 53321K(53504K)->53321K(53504K) Class: 9046K(9088K)->9046K(9088K)
[14931.411s][info][gc             ] GC(32615) Pause Young (Allocation Failure) 497M->417M(500M) 3.026ms
[14931.411s][info][gc,cpu         ] GC(32615) User=0.00s Sys=0.00s Real=0.00s
[14931.868s][info][gc,start       ] GC(32616) Pause Young (Allocation Failure)
[14931.871s][info][gc,heap        ] GC(32616) PSYoungGen: 84352K(84992K)->800K(84992K) Eden: 82944K(82944K)->0K(82944K) From: 1408K(2048K)->800K(2048K)
[14931.871s][info][gc,heap        ] GC(32616) ParOldGen: 426599K(427008K)->426647K(427008K)
[14931.871s][info][gc,metaspace   ] GC(32616) Metaspace: 62367K(62592K)->62367K(62592K) NonClass: 53321K(53504K)->53321K(53504K) Class: 9046K(9088K)->9046K(9088K)
[14931.871s][info][gc             ] GC(32616) Pause Young (Allocation Failure) 498M->417M(500M) 2.514ms
[14931.871s][info][gc,cpu         ] GC(32616) User=0.00s Sys=0.00s Real=0.00s
[14932.309s][info][gc,start       ] GC(32617) Pause Young (Allocation Failure)
[14932.312s][info][gc,heap        ] GC(32617) PSYoungGen: 83744K(84992K)->1440K(84992K) Eden: 82944K(82944K)->0K(82944K) From: 800K(2048K)->1440K(2048K)
[14932.313s][info][gc,heap        ] GC(32617) ParOldGen: 426647K(427008K)->426703K(427008K)
[14932.313s][info][gc,metaspace   ] GC(32617) Metaspace: 62367K(62592K)->62367K(62592K) NonClass: 53321K(53504K)->53321K(53504K) Class: 9046K(9088K)->9046K(9088K)
[14932.313s][info][gc             ] GC(32617) Pause Young (Allocation Failure) 498M->418M(500M) 3.221ms
[14932.313s][info][gc,cpu         ] GC(32617) User=0.01s Sys=0.00s Real=0.00s
[14932.748s][info][gc,start       ] GC(32618) Pause Young (Allocation Failure)
[14932.750s][info][gc,heap        ] GC(32618) PSYoungGen: 84384K(84992K)->576K(84992K) Eden: 82944K(82944K)->0K(82944K) From: 1440K(2048K)->576K(2048K)
[14932.750s][info][gc,heap        ] GC(32618) ParOldGen: 426703K(427008K)->426759K(427008K)
[14932.750s][info][gc,metaspace   ] GC(32618) Metaspace: 62367K(62592K)->62367K(62592K) NonClass: 53321K(53504K)->53321K(53504K) Class: 9046K(9088K)->9046K(9088K)
[14932.750s][info][gc             ] GC(32618) Pause Young (Allocation Failure) 499M->417M(500M) 2.400ms
[14932.750s][info][gc,cpu         ] GC(32618) User=0.00s Sys=0.00s Real=0.00s
[14933.177s][info][gc,start       ] GC(32619) Pause Young (Allocation Failure)
[14933.180s][info][gc,heap        ] GC(32619) PSYoungGen: 83520K(84992K)->960K(84992K) Eden: 82944K(82944K)->0K(82944K) From: 576K(2048K)->960K(2048K)
[14933.180s][info][gc,heap        ] GC(32619) ParOldGen: 426759K(427008K)->426807K(427008K)
[14933.180s][info][gc,metaspace   ] GC(32619) Metaspace: 62367K(62592K)->62367K(62592K) NonClass: 53321K(53504K)->53321K(53504K) Class: 9046K(9088K)->9046K(9088K)
[14933.180s][info][gc             ] GC(32619) Pause Young (Allocation Failure) 498M->417M(500M) 2.760ms
[14933.180s][info][gc,cpu         ] GC(32619) User=0.00s Sys=0.00s Real=0.00s
[14933.555s][info][gc,start       ] GC(32620) Pause Young (Allocation Failure)
[14933.558s][info][gc,heap        ] GC(32620) PSYoungGen: 83904K(84992K)->768K(84992K) Eden: 82944K(82944K)->0K(82944K) From: 960K(2048K)->768K(2048K)
[14933.558s][info][gc,heap        ] GC(32620) ParOldGen: 426807K(427008K)->426855K(427008K)
[14933.558s][info][gc,metaspace   ] GC(32620) Metaspace: 62367K(62592K)->62367K(62592K) NonClass: 53321K(53504K)->53321K(53504K) Class: 9046K(9088K)->9046K(9088K)
[14933.558s][info][gc             ] GC(32620) Pause Young (Allocation Failure) 498M->417M(500M) 2.555ms
[14933.558s][info][gc,cpu         ] GC(32620) User=0.00s Sys=0.00s Real=0.01s
[14933.970s][info][gc,start       ] GC(32621) Pause Young (Allocation Failure)
[14933.973s][info][gc,heap        ] GC(32621) PSYoungGen: 83712K(84992K)->928K(84992K) Eden: 82944K(82944K)->0K(82944K) From: 768K(2048K)->928K(2048K)
[14933.973s][info][gc,heap        ] GC(32621) ParOldGen: 426855K(427008K)->426903K(427008K)
[14933.973s][info][gc,metaspace   ] GC(32621) Metaspace: 62367K(62592K)->62367K(62592K) NonClass: 53321K(53504K)->53321K(53504K) Class: 9046K(9088K)->9046K(9088K)
[14933.973s][info][gc             ] GC(32621) Pause Young (Allocation Failure) 498M->417M(500M) 2.730ms
[14933.973s][info][gc,cpu         ] GC(32621) User=0.01s Sys=0.00s Real=0.00s
[14934.360s][info][gc,start       ] GC(32622) Pause Young (Allocation Failure)
[14934.364s][info][gc,heap        ] GC(32622) PSYoungGen: 83872K(84992K)->1824K(84992K) Eden: 82944K(82944K)->0K(82944K) From: 928K(2048K)->1824K(2048K)
[14934.364s][info][gc,heap        ] GC(32622) ParOldGen: 426903K(427008K)->429007K(430080K)
[14934.364s][info][gc,metaspace   ] GC(32622) Metaspace: 62367K(62592K)->62367K(62592K) NonClass: 53321K(53504K)->53321K(53504K) Class: 9046K(9088K)->9046K(9088K)
[14934.364s][info][gc             ] GC(32622) Pause Young (Allocation Failure) 498M->420M(503M) 3.733ms
[14934.364s][info][gc,cpu         ] GC(32622) User=0.01s Sys=0.00s Real=0.00s
[14934.766s][info][gc,start       ] GC(32623) Pause Young (Allocation Failure)
[14934.769s][info][gc,heap        ] GC(32623) PSYoungGen: 84768K(84992K)->864K(84992K) Eden: 82944K(82944K)->0K(82944K) From: 1824K(2048K)->864K(2048K)
[14934.769s][info][gc,heap        ] GC(32623) ParOldGen: 429007K(430080K)->430079K(430080K)
[14934.769s][info][gc,metaspace   ] GC(32623) Metaspace: 62367K(62592K)->62367K(62592K) NonClass: 53321K(53504K)->53321K(53504K) Class: 9046K(9088K)->9046K(9088K)
[14934.769s][info][gc             ] GC(32623) Pause Young (Allocation Failure) 501M->420M(503M) 3.157ms
[14934.769s][info][gc,cpu         ] GC(32623) User=0.00s Sys=0.00s Real=0.01s
[14935.154s][info][gc,start       ] GC(32624) Pause Young (Allocation Failure)
[14935.156s][info][gc,heap        ] GC(32624) PSYoungGen: 83808K(84992K)->704K(84992K) Eden: 82944K(82944K)->0K(82944K) From: 864K(2048K)->704K(2048K)
[14935.156s][info][gc,heap        ] GC(32624) ParOldGen: 430079K(430080K)->430135K(430592K)
[14935.156s][info][gc,metaspace   ] GC(32624) Metaspace: 62367K(62592K)->62367K(62592K) NonClass: 53321K(53504K)->53321K(53504K) Class: 9046K(9088K)->9046K(9088K)
[14935.156s][info][gc             ] GC(32624) Pause Young (Allocation Failure) 501M->420M(503M) 2.483ms
[14935.156s][info][gc,cpu         ] GC(32624) User=0.00s Sys=0.00s Real=0.01s
[14935.576s][info][gc,start       ] GC(32625) Pause Young (Allocation Failure)
[14935.579s][info][gc,heap        ] GC(32625) PSYoungGen: 83648K(84992K)->1024K(84992K) Eden: 82944K(82944K)->0K(82944K) From: 704K(2048K)->1024K(2048K)
[14935.579s][info][gc,heap        ] GC(32625) ParOldGen: 430135K(430592K)->430183K(430592K)
[14935.579s][info][gc,metaspace   ] GC(32625) Metaspace: 62367K(62592K)->62367K(62592K) NonClass: 53321K(53504K)->53321K(53504K) Class: 9046K(9088K)->9046K(9088K)
[14935.579s][info][gc             ] GC(32625) Pause Young (Allocation Failure) 501M->421M(503M) 2.753ms
[14935.579s][info][gc,cpu         ] GC(32625) User=0.01s Sys=0.00s Real=0.00s
[14935.988s][info][gc,start       ] GC(32626) Pause Young (Allocation Failure)
[14935.991s][info][gc,heap        ] GC(32626) PSYoungGen: 83968K(84992K)->1184K(84992K) Eden: 82944K(82944K)->0K(82944K) From: 1024K(2048K)->1184K(2048K)
[14935.991s][info][gc,heap        ] GC(32626) ParOldGen: 430183K(430592K)->430231K(430592K)
[14935.991s][info][gc,metaspace   ] GC(32626) Metaspace: 62367K(62592K)->62367K(62592K) NonClass: 53321K(53504K)->53321K(53504K) Class: 9046K(9088K)->9046K(9088K)
[14935.991s][info][gc             ] GC(32626) Pause Young (Allocation Failure) 502M->421M(503M) 2.931ms
[14935.991s][info][gc,cpu         ] GC(32626) User=0.01s Sys=0.00s Real=0.00s
[14936.388s][info][gc,start       ] GC(32627) Pause Young (Allocation Failure)
[14936.391s][info][gc,heap        ] GC(32627) PSYoungGen: 84128K(84992K)->1344K(84992K) Eden: 82944K(82944K)->0K(82944K) From: 1184K(2048K)->1344K(2048K)
[14936.391s][info][gc,heap        ] GC(32627) ParOldGen: 430231K(430592K)->430279K(430592K)
[14936.391s][info][gc,metaspace   ] GC(32627) Metaspace: 62367K(62592K)->62367K(62592K) NonClass: 53321K(53504K)->53321K(53504K) Class: 9046K(9088K)->9046K(9088K)
[14936.391s][info][gc             ] GC(32627) Pause Young (Allocation Failure) 502M->421M(503M) 3.093ms
[14936.391s][info][gc,cpu         ] GC(32627) User=0.01s Sys=0.00s Real=0.00s
[14936.799s][info][gc,start       ] GC(32628) Pause Young (Allocation Failure)
[14936.802s][info][gc,heap        ] GC(32628) PSYoungGen: 84288K(84992K)->1408K(84992K) Eden: 82944K(82944K)->0K(82944K) From: 1344K(2048K)->1408K(2048K)
[14936.802s][info][gc,heap        ] GC(32628) ParOldGen: 430279K(430592K)->430335K(430592K)
[14936.802s][info][gc,metaspace   ] GC(32628) Metaspace: 62367K(62592K)->62367K(62592K) NonClass: 53321K(53504K)->53321K(53504K) Class: 9046K(9088K)->9046K(9088K)
[14936.802s][info][gc             ] GC(32628) Pause Young (Allocation Failure) 502M->421M(503M) 3.055ms
[14936.802s][info][gc,cpu         ] GC(32628) User=0.01s Sys=0.00s Real=0.00s
[14937.210s][info][gc,start       ] GC(32629) Pause Young (Allocation Failure)
[14937.213s][info][gc,heap        ] GC(32629) PSYoungGen: 84352K(84992K)->1600K(84992K) Eden: 82944K(82944K)->0K(82944K) From: 1408K(2048K)->1600K(2048K)
[14937.213s][info][gc,heap        ] GC(32629) ParOldGen: 430335K(430592K)->430391K(430592K)
[14937.213s][info][gc,metaspace   ] GC(32629) Metaspace: 62367K(62592K)->62367K(62592K) NonClass: 53321K(53504K)->53321K(53504K) Class: 9046K(9088K)->9046K(9088K)
[14937.213s][info][gc             ] GC(32629) Pause Young (Allocation Failure) 502M->421M(503M) 3.278ms
[14937.213s][info][gc,cpu         ] GC(32629) User=0.01s Sys=0.00s Real=0.00s
[14937.648s][info][gc,start       ] GC(32630) Pause Young (Allocation Failure)
[14937.650s][info][gc,heap        ] GC(32630) PSYoungGen: 84544K(84992K)->656K(84992K) Eden: 82944K(82944K)->0K(82944K) From: 1600K(2048K)->656K(2048K)
[14937.650s][info][gc,heap        ] GC(32630) ParOldGen: 430391K(430592K)->430439K(430592K)
[14937.650s][info][gc,metaspace   ] GC(32630) Metaspace: 62367K(62592K)->62367K(62592K) NonClass: 53321K(53504K)->53321K(53504K) Class: 9046K(9088K)->9046K(9088K)
[14937.650s][info][gc             ] GC(32630) Pause Young (Allocation Failure) 502M->420M(503M) 2.523ms
[14937.650s][info][gc,cpu         ] GC(32630) User=0.00s Sys=0.00s Real=0.00s
[14938.090s][info][gc,start       ] GC(32631) Pause Young (Allocation Failure)
[14938.093s][info][gc,heap        ] GC(32631) PSYoungGen: 83600K(84992K)->1120K(84992K) Eden: 82944K(82944K)->0K(82944K) From: 656K(2048K)->1120K(2048K)
[14938.093s][info][gc,heap        ] GC(32631) ParOldGen: 430439K(430592K)->430543K(430592K)
[14938.093s][info][gc,metaspace   ] GC(32631) Metaspace: 62367K(62592K)->62367K(62592K) NonClass: 53321K(53504K)->53321K(53504K) Class: 9046K(9088K)->9046K(9088K)
[14938.093s][info][gc             ] GC(32631) Pause Young (Allocation Failure) 501M->421M(503M) 2.904ms
[14938.093s][info][gc,cpu         ] GC(32631) User=0.01s Sys=0.01s Real=0.00s
[14938.514s][info][gc,start       ] GC(32632) Pause Young (Allocation Failure)
[14938.517s][info][gc,heap        ] GC(32632) PSYoungGen: 84064K(84992K)->1632K(84992K) Eden: 82944K(82944K)->0K(82944K) From: 1120K(2048K)->1632K(2048K)
[14938.517s][info][gc,heap        ] GC(32632) ParOldGen: 430543K(430592K)->430599K(431104K)
[14938.517s][info][gc,metaspace   ] GC(32632) Metaspace: 62367K(62592K)->62367K(62592K) NonClass: 53321K(53504K)->53321K(53504K) Class: 9046K(9088K)->9046K(9088K)
[14938.517s][info][gc             ] GC(32632) Pause Young (Allocation Failure) 502M->422M(504M) 3.307ms
[14938.517s][info][gc,cpu         ] GC(32632) User=0.00s Sys=0.00s Real=0.01s
[14938.925s][info][gc,start       ] GC(32633) Pause Young (Allocation Failure)
[14938.927s][info][gc,heap        ] GC(32633) PSYoungGen: 84576K(84992K)->256K(83456K) Eden: 82944K(82944K)->0K(82944K) From: 1632K(2048K)->256K(512K)
[14938.927s][info][gc,heap        ] GC(32633) ParOldGen: 430599K(431104K)->430655K(431104K)
[14938.927s][info][gc,metaspace   ] GC(32633) Metaspace: 62367K(62592K)->62367K(62592K) NonClass: 53321K(53504K)->53321K(53504K) Class: 9046K(9088K)->9046K(9088K)
[14938.927s][info][gc             ] GC(32633) Pause Young (Allocation Failure) 503M->420M(502M) 2.064ms
[14938.927s][info][gc,cpu         ] GC(32633) User=0.01s Sys=0.00s Real=0.01s
[14939.340s][info][gc,start       ] GC(32634) Pause Young (Allocation Failure)
[14939.342s][info][gc,heap        ] GC(32634) PSYoungGen: 83200K(83456K)->512K(84480K) Eden: 82944K(82944K)->0K(81920K) From: 256K(512K)->512K(2560K)
[14939.342s][info][gc,heap        ] GC(32634) ParOldGen: 430655K(431104K)->430711K(431104K)
[14939.342s][info][gc,metaspace   ] GC(32634) Metaspace: 62367K(62592K)->62367K(62592K) NonClass: 53321K(53504K)->53321K(53504K) Class: 9046K(9088K)->9046K(9088K)
[14939.342s][info][gc             ] GC(32634) Pause Young (Allocation Failure) 501M->421M(503M) 2.364ms
[14939.342s][info][gc,cpu         ] GC(32634) User=0.00s Sys=0.00s Real=0.00s
[14939.737s][info][gc,start       ] GC(32635) Pause Young (Allocation Failure)
[14939.739s][info][gc,heap        ] GC(32635) PSYoungGen: 82432K(84480K)->480K(84480K) Eden: 81920K(81920K)->0K(81920K) From: 512K(2560K)->480K(2560K)
[14939.739s][info][gc,heap        ] GC(32635) ParOldGen: 430711K(431104K)->430767K(431104K)
[14939.739s][info][gc,metaspace   ] GC(32635) Metaspace: 62367K(62592K)->62367K(62592K) NonClass: 53321K(53504K)->53321K(53504K) Class: 9046K(9088K)->9046K(9088K)
[14939.739s][info][gc             ] GC(32635) Pause Young (Allocation Failure) 501M->421M(503M) 2.266ms
[14939.739s][info][gc,cpu         ] GC(32635) User=0.01s Sys=0.00s Real=0.00s
[14940.116s][info][gc,start       ] GC(32636) Pause Young (Allocation Failure)
[14940.119s][info][gc,heap        ] GC(32636) PSYoungGen: 82400K(84480K)->1568K(84480K) Eden: 81920K(81920K)->0K(81920K) From: 480K(2560K)->1568K(2560K)
[14940.119s][info][gc,heap        ] GC(32636) ParOldGen: 430767K(431104K)->430815K(431104K)
[14940.119s][info][gc,metaspace   ] GC(32636) Metaspace: 62367K(62592K)->62367K(62592K) NonClass: 53321K(53504K)->53321K(53504K) Class: 9046K(9088K)->9046K(9088K)
[14940.119s][info][gc             ] GC(32636) Pause Young (Allocation Failure) 501M->422M(503M) 3.180ms
[14940.119s][info][gc,cpu         ] GC(32636) User=0.01s Sys=0.00s Real=0.00s
[14940.517s][info][gc,start       ] GC(32637) Pause Young (Allocation Failure)
[14940.520s][info][gc,heap        ] GC(32637) PSYoungGen: 83488K(84480K)->1792K(84480K) Eden: 81920K(81920K)->0K(81920K) From: 1568K(2560K)->1792K(2560K)
[14940.520s][info][gc,heap        ] GC(32637) ParOldGen: 430815K(431104K)->430871K(431104K)
[14940.520s][info][gc,metaspace   ] GC(32637) Metaspace: 62367K(62592K)->62367K(62592K) NonClass: 53321K(53504K)->53321K(53504K) Class: 9046K(9088K)->9046K(9088K)
[14940.520s][info][gc             ] GC(32637) Pause Young (Allocation Failure) 502M->422M(503M) 3.338ms
[14940.520s][info][gc,cpu         ] GC(32637) User=0.00s Sys=0.00s Real=0.00s
[14940.904s][info][gc,start       ] GC(32638) Pause Young (Allocation Failure)
[14940.907s][info][gc,heap        ] GC(32638) PSYoungGen: 83712K(84480K)->1568K(84480K) Eden: 81920K(81920K)->0K(81920K) From: 1792K(2560K)->1568K(2560K)
[14940.907s][info][gc,heap        ] GC(32638) ParOldGen: 430871K(431104K)->430927K(431104K)
[14940.907s][info][gc,metaspace   ] GC(32638) Metaspace: 62367K(62592K)->62367K(62592K) NonClass: 53321K(53504K)->53321K(53504K) Class: 9046K(9088K)->9046K(9088K)
[14940.907s][info][gc             ] GC(32638) Pause Young (Allocation Failure) 502M->422M(503M) 3.214ms
[14940.907s][info][gc,cpu         ] GC(32638) User=0.01s Sys=0.00s Real=0.01s
[14941.313s][info][gc,start       ] GC(32639) Pause Young (Allocation Failure)
[14941.316s][info][gc,heap        ] GC(32639) PSYoungGen: 83488K(84480K)->1408K(84480K) Eden: 81920K(81920K)->0K(81920K) From: 1568K(2560K)->1408K(2560K)
[14941.316s][info][gc,heap        ] GC(32639) ParOldGen: 430927K(431104K)->430975K(431104K)
[14941.316s][info][gc,metaspace   ] GC(32639) Metaspace: 62367K(62592K)->62367K(62592K) NonClass: 53321K(53504K)->53321K(53504K) Class: 9046K(9088K)->9046K(9088K)
[14941.316s][info][gc             ] GC(32639) Pause Young (Allocation Failure) 502M->422M(503M) 2.952ms
[14941.316s][info][gc,cpu         ] GC(32639) User=0.00s Sys=0.00s Real=0.01s
[14941.719s][info][gc,start       ] GC(32640) Pause Young (Allocation Failure)
[14941.722s][info][gc,heap        ] GC(32640) PSYoungGen: 83328K(84480K)->1664K(84480K) Eden: 81920K(81920K)->0K(81920K) From: 1408K(2560K)->1664K(2560K)
[14941.722s][info][gc,heap        ] GC(32640) ParOldGen: 430975K(431104K)->431031K(431104K)
[14941.722s][info][gc,metaspace   ] GC(32640) Metaspace: 62367K(62592K)->62367K(62592K) NonClass: 53321K(53504K)->53321K(53504K) Class: 9046K(9088K)->9046K(9088K)
[14941.722s][info][gc             ] GC(32640) Pause Young (Allocation Failure) 502M->422M(503M) 3.336ms
[14941.722s][info][gc,cpu         ] GC(32640) User=0.01s Sys=0.00s Real=0.00s
[14942.111s][info][gc,start       ] GC(32641) Pause Young (Allocation Failure)
[14942.114s][info][gc,heap        ] GC(32641) PSYoungGen: 83584K(84480K)->1632K(84480K) Eden: 81920K(81920K)->0K(81920K) From: 1664K(2560K)->1632K(2560K)
[14942.114s][info][gc,heap        ] GC(32641) ParOldGen: 431031K(431104K)->431087K(431104K)
[14942.114s][info][gc,metaspace   ] GC(32641) Metaspace: 62367K(62592K)->62367K(62592K) NonClass: 53321K(53504K)->53321K(53504K) Class: 9046K(9088K)->9046K(9088K)
[14942.114s][info][gc             ] GC(32641) Pause Young (Allocation Failure) 502M->422M(503M) 3.366ms
[14942.114s][info][gc,cpu         ] GC(32641) User=0.01s Sys=0.00s Real=0.00s
[14942.518s][info][gc,start       ] GC(32642) Pause Young (Allocation Failure)
[14942.521s][info][gc,heap        ] GC(32642) PSYoungGen: 83552K(84480K)->1632K(84480K) Eden: 81920K(81920K)->0K(81920K) From: 1632K(2560K)->1632K(2560K)
[14942.521s][info][gc,heap        ] GC(32642) ParOldGen: 431087K(431104K)->431135K(431616K)
[14942.521s][info][gc,metaspace   ] GC(32642) Metaspace: 62367K(62592K)->62367K(62592K) NonClass: 53321K(53504K)->53321K(53504K) Class: 9046K(9088K)->9046K(9088K)
[14942.521s][info][gc             ] GC(32642) Pause Young (Allocation Failure) 502M->422M(504M) 3.220ms
[14942.521s][info][gc,cpu         ] GC(32642) User=0.01s Sys=0.00s Real=0.00s
[14942.917s][info][gc,start       ] GC(32643) Pause Young (Allocation Failure)
[14942.920s][info][gc,heap        ] GC(32643) PSYoungGen: 83552K(84480K)->2528K(84480K) Eden: 81920K(81920K)->0K(81920K) From: 1632K(2560K)->2528K(2560K)
[14942.920s][info][gc,heap        ] GC(32643) ParOldGen: 431135K(431616K)->431247K(431616K)
[14942.920s][info][gc,metaspace   ] GC(32643) Metaspace: 62367K(62592K)->62367K(62592K) NonClass: 53321K(53504K)->53321K(53504K) Class: 9046K(9088K)->9046K(9088K)
[14942.920s][info][gc             ] GC(32643) Pause Young (Allocation Failure) 502M->423M(504M) 3.426ms
[14942.920s][info][gc,cpu         ] GC(32643) User=0.00s Sys=0.00s Real=0.00s
[14943.337s][info][gc,start       ] GC(32644) Pause Young (Allocation Failure)
[14943.341s][info][gc,heap        ] GC(32644) PSYoungGen: 84448K(84480K)->448K(83456K) Eden: 81920K(81920K)->0K(80896K) From: 2528K(2560K)->448K(2560K)
[14943.341s][info][gc,heap        ] GC(32644) ParOldGen: 431247K(431616K)->433335K(434688K)
[14943.341s][info][gc,metaspace   ] GC(32644) Metaspace: 62367K(62592K)->62367K(62592K) NonClass: 53321K(53504K)->53321K(53504K) Class: 9046K(9088K)->9046K(9088K)
[14943.341s][info][gc             ] GC(32644) Pause Young (Allocation Failure) 503M->423M(506M) 3.365ms
[14943.341s][info][gc,cpu         ] GC(32644) User=0.01s Sys=0.00s Real=0.00s
[14943.784s][info][gc,start       ] GC(32645) Pause Young (Allocation Failure)
[14943.787s][info][gc,heap        ] GC(32645) PSYoungGen: 81344K(83456K)->1152K(83968K) Eden: 80896K(80896K)->0K(80896K) From: 448K(2560K)->1152K(3072K)
[14943.787s][info][gc,heap        ] GC(32645) ParOldGen: 433335K(434688K)->433407K(434688K)
[14943.787s][info][gc,metaspace   ] GC(32645) Metaspace: 62367K(62592K)->62367K(62592K) NonClass: 53321K(53504K)->53321K(53504K) Class: 9046K(9088K)->9046K(9088K)
[14943.787s][info][gc             ] GC(32645) Pause Young (Allocation Failure) 502M->424M(506M) 2.944ms
[14943.787s][info][gc,cpu         ] GC(32645) User=0.00s Sys=0.00s Real=0.01s
[14944.207s][info][gc,start       ] GC(32646) Pause Young (Allocation Failure)
[14944.210s][info][gc,heap        ] GC(32646) PSYoungGen: 82048K(83968K)->1504K(83968K) Eden: 80896K(80896K)->0K(80896K) From: 1152K(3072K)->1504K(3072K)
[14944.210s][info][gc,heap        ] GC(32646) ParOldGen: 433407K(434688K)->433463K(434688K)
[14944.210s][info][gc,metaspace   ] GC(32646) Metaspace: 62367K(62592K)->62367K(62592K) NonClass: 53321K(53504K)->53321K(53504K) Class: 9046K(9088K)->9046K(9088K)
[14944.210s][info][gc             ] GC(32646) Pause Young (Allocation Failure) 503M->424M(506M) 3.091ms
[14944.210s][info][gc,cpu         ] GC(32646) User=0.01s Sys=0.00s Real=0.00s
[14944.666s][info][gc,start       ] GC(32647) Pause Young (Allocation Failure)
[14944.668s][info][gc,heap        ] GC(32647) PSYoungGen: 82400K(83968K)->944K(83968K) Eden: 80896K(80896K)->0K(80896K) From: 1504K(3072K)->944K(3072K)
[14944.668s][info][gc,heap        ] GC(32647) ParOldGen: 433463K(434688K)->433519K(434688K)
[14944.668s][info][gc,metaspace   ] GC(32647) Metaspace: 62367K(62592K)->62367K(62592K) NonClass: 53321K(53504K)->53321K(53504K) Class: 9046K(9088K)->9046K(9088K)
[14944.668s][info][gc             ] GC(32647) Pause Young (Allocation Failure) 503M->424M(506M) 2.656ms
[14944.668s][info][gc,cpu         ] GC(32647) User=0.00s Sys=0.00s Real=0.01s
[14945.093s][info][gc,start       ] GC(32648) Pause Young (Allocation Failure)
[14945.096s][info][gc,heap        ] GC(32648) PSYoungGen: 81840K(83968K)->1184K(84480K) Eden: 80896K(80896K)->0K(81408K) From: 944K(3072K)->1184K(3072K)
[14945.096s][info][gc,heap        ] GC(32648) ParOldGen: 433519K(434688K)->433623K(434688K)
[14945.096s][info][gc,metaspace   ] GC(32648) Metaspace: 62367K(62592K)->62367K(62592K) NonClass: 53321K(53504K)->53321K(53504K) Class: 9046K(9088K)->9046K(9088K)
[14945.096s][info][gc             ] GC(32648) Pause Young (Allocation Failure) 503M->424M(507M) 2.968ms
[14945.096s][info][gc,cpu         ] GC(32648) User=0.00s Sys=0.00s Real=0.01s
[14945.514s][info][gc,start       ] GC(32649) Pause Young (Allocation Failure)
[14945.518s][info][gc,heap        ] GC(32649) PSYoungGen: 82592K(84480K)->1696K(83968K) Eden: 81408K(81408K)->0K(81408K) From: 1184K(3072K)->1696K(2560K)
[14945.518s][info][gc,heap        ] GC(32649) ParOldGen: 433623K(434688K)->433679K(434688K)
[14945.518s][info][gc,metaspace   ] GC(32649) Metaspace: 62367K(62592K)->62367K(62592K) NonClass: 53321K(53504K)->53321K(53504K) Class: 9046K(9088K)->9046K(9088K)
[14945.518s][info][gc             ] GC(32649) Pause Young (Allocation Failure) 504M->425M(506M) 3.375ms
[14945.518s][info][gc,cpu         ] GC(32649) User=0.01s Sys=0.00s Real=0.01s
[14945.914s][info][gc,start       ] GC(32650) Pause Young (Allocation Failure)
[14945.917s][info][gc,heap        ] GC(32650) PSYoungGen: 83104K(83968K)->1568K(84480K) Eden: 81408K(81408K)->0K(81920K) From: 1696K(2560K)->1568K(2560K)
[14945.917s][info][gc,heap        ] GC(32650) ParOldGen: 433679K(434688K)->433735K(434688K)
[14945.917s][info][gc,metaspace   ] GC(32650) Metaspace: 62367K(62592K)->62367K(62592K) NonClass: 53321K(53504K)->53321K(53504K) Class: 9046K(9088K)->9046K(9088K)
[14945.917s][info][gc             ] GC(32650) Pause Young (Allocation Failure) 504M->425M(507M) 3.208ms
[14945.917s][info][gc,cpu         ] GC(32650) User=0.01s Sys=0.00s Real=0.01s
[14946.323s][info][gc,start       ] GC(32651) Pause Young (Allocation Failure)
[14946.325s][info][gc,heap        ] GC(32651) PSYoungGen: 83488K(84480K)->192K(82432K) Eden: 81920K(81920K)->0K(81920K) From: 1568K(2560K)->192K(512K)
[14946.325s][info][gc,heap        ] GC(32651) ParOldGen: 433735K(434688K)->433783K(434688K)
[14946.325s][info][gc,metaspace   ] GC(32651) Metaspace: 62367K(62592K)->62367K(62592K) NonClass: 53321K(53504K)->53321K(53504K) Class: 9046K(9088K)->9046K(9088K)
[14946.325s][info][gc             ] GC(32651) Pause Young (Allocation Failure) 505M->423M(505M) 2.152ms
[14946.325s][info][gc,cpu         ] GC(32651) User=0.00s Sys=0.00s Real=0.00s
[14946.720s][info][gc,start       ] GC(32652) Pause Young (Allocation Failure)
[14946.723s][info][gc,heap        ] GC(32652) PSYoungGen: 82112K(82432K)->1760K(83968K) Eden: 81920K(81920K)->0K(80896K) From: 192K(512K)->1760K(3072K)
[14946.723s][info][gc,heap        ] GC(32652) ParOldGen: 433783K(434688K)->433831K(434688K)
[14946.723s][info][gc,metaspace   ] GC(32652) Metaspace: 62367K(62592K)->62367K(62592K) NonClass: 53321K(53504K)->53321K(53504K) Class: 9046K(9088K)->9046K(9088K)
[14946.723s][info][gc             ] GC(32652) Pause Young (Allocation Failure) 503M->425M(506M) 3.345ms
[14946.723s][info][gc,cpu         ] GC(32652) User=0.01s Sys=0.00s Real=0.00s
[14947.125s][info][gc,start       ] GC(32653) Pause Young (Allocation Failure)
[14947.127s][info][gc,heap        ] GC(32653) PSYoungGen: 82656K(83968K)->256K(83968K) Eden: 80896K(80896K)->0K(80896K) From: 1760K(3072K)->256K(3072K)
[14947.127s][info][gc,heap        ] GC(32653) ParOldGen: 433831K(434688K)->433887K(434688K)
[14947.127s][info][gc,metaspace   ] GC(32653) Metaspace: 62367K(62592K)->62367K(62592K) NonClass: 53321K(53504K)->53321K(53504K) Class: 9046K(9088K)->9046K(9088K)
[14947.127s][info][gc             ] GC(32653) Pause Young (Allocation Failure) 504M->423M(506M) 2.233ms
[14947.127s][info][gc,cpu         ] GC(32653) User=0.00s Sys=0.00s Real=0.01s
[14947.512s][info][gc,start       ] GC(32654) Pause Young (Allocation Failure)
[14947.516s][info][gc,heap        ] GC(32654) PSYoungGen: 81152K(83968K)->2624K(83968K) Eden: 80896K(80896K)->0K(80896K) From: 256K(3072K)->2624K(3072K)
[14947.516s][info][gc,heap        ] GC(32654) ParOldGen: 433887K(434688K)->434967K(436224K)
[14947.516s][info][gc,metaspace   ] GC(32654) Metaspace: 62367K(62592K)->62367K(62592K) NonClass: 53321K(53504K)->53321K(53504K) Class: 9046K(9088K)->9046K(9088K)
[14947.516s][info][gc             ] GC(32654) Pause Young (Allocation Failure) 502M->427M(508M) 3.951ms
[14947.516s][info][gc,cpu         ] GC(32654) User=0.01s Sys=0.00s Real=0.01s
[14947.929s][info][gc,start       ] GC(32655) Pause Young (Allocation Failure)
[14947.933s][info][gc,heap        ] GC(32655) PSYoungGen: 83520K(83968K)->288K(81408K) Eden: 80896K(80896K)->0K(80896K) From: 2624K(3072K)->288K(512K)
[14947.933s][info][gc,heap        ] GC(32655) ParOldGen: 434967K(436224K)->437071K(437760K)
[14947.933s][info][gc,metaspace   ] GC(32655) Metaspace: 62367K(62592K)->62367K(62592K) NonClass: 53321K(53504K)->53321K(53504K) Class: 9046K(9088K)->9046K(9088K)
[14947.933s][info][gc             ] GC(32655) Pause Young (Allocation Failure) 506M->427M(507M) 3.275ms
[14947.933s][info][gc,cpu         ] GC(32655) User=0.01s Sys=0.00s Real=0.00s
[14948.364s][info][gc,start       ] GC(32656) Pause Young (Allocation Failure)
[14948.367s][info][gc,heap        ] GC(32656) PSYoungGen: 81184K(81408K)->800K(83968K) Eden: 80896K(80896K)->0K(80384K) From: 288K(512K)->800K(3584K)
[14948.367s][info][gc,heap        ] GC(32656) ParOldGen: 437071K(437760K)->437127K(437760K)
[14948.367s][info][gc,metaspace   ] GC(32656) Metaspace: 62367K(62592K)->62367K(62592K) NonClass: 53321K(53504K)->53321K(53504K) Class: 9046K(9088K)->9046K(9088K)
[14948.367s][info][gc             ] GC(32656) Pause Young (Allocation Failure) 506M->427M(509M) 2.664ms
[14948.367s][info][gc,cpu         ] GC(32656) User=0.00s Sys=0.00s Real=0.01s
[14948.766s][info][gc,start       ] GC(32657) Pause Young (Allocation Failure)
[14948.769s][info][gc,heap        ] GC(32657) PSYoungGen: 81184K(83968K)->864K(83456K) Eden: 80384K(80384K)->0K(80384K) From: 800K(3584K)->864K(3072K)
[14948.769s][info][gc,heap        ] GC(32657) ParOldGen: 437127K(437760K)->437183K(437760K)
[14948.769s][info][gc,metaspace   ] GC(32657) Metaspace: 62367K(62592K)->62367K(62592K) NonClass: 53321K(53504K)->53321K(53504K) Class: 9046K(9088K)->9046K(9088K)
[14948.769s][info][gc             ] GC(32657) Pause Young (Allocation Failure) 506M->427M(509M) 2.686ms
[14948.769s][info][gc,cpu         ] GC(32657) User=0.00s Sys=0.00s Real=0.00s
[14949.191s][info][gc,start       ] GC(32658) Pause Young (Allocation Failure)
[14949.193s][info][gc,heap        ] GC(32658) PSYoungGen: 81248K(83456K)->1280K(83968K) Eden: 80384K(80384K)->0K(80896K) From: 864K(3072K)->1280K(3072K)
[14949.194s][info][gc,heap        ] GC(32658) ParOldGen: 437183K(437760K)->437239K(437760K)
[14949.194s][info][gc,metaspace   ] GC(32658) Metaspace: 62367K(62592K)->62367K(62592K) NonClass: 53321K(53504K)->53321K(53504K) Class: 9046K(9088K)->9046K(9088K)
[14949.194s][info][gc             ] GC(32658) Pause Young (Allocation Failure) 506M->428M(509M) 2.956ms
[14949.194s][info][gc,cpu         ] GC(32658) User=0.00s Sys=0.00s Real=0.00s
[14949.593s][info][gc,start       ] GC(32659) Pause Young (Allocation Failure)
[14949.596s][info][gc,heap        ] GC(32659) PSYoungGen: 82176K(83968K)->1312K(83968K) Eden: 80896K(80896K)->0K(80896K) From: 1280K(3072K)->1312K(3072K)
[14949.596s][info][gc,heap        ] GC(32659) ParOldGen: 437239K(437760K)->437295K(437760K)
[14949.596s][info][gc,metaspace   ] GC(32659) Metaspace: 62367K(62592K)->62367K(62592K) NonClass: 53321K(53504K)->53321K(53504K) Class: 9046K(9088K)->9046K(9088K)
[14949.596s][info][gc             ] GC(32659) Pause Young (Allocation Failure) 507M->428M(509M) 3.012ms
[14949.596s][info][gc,cpu         ] GC(32659) User=0.01s Sys=0.00s Real=0.01s
[14949.978s][info][gc,start       ] GC(32660) Pause Young (Allocation Failure)
[14949.981s][info][gc,heap        ] GC(32660) PSYoungGen: 82208K(83968K)->1152K(84480K) Eden: 80896K(80896K)->0K(81408K) From: 1312K(3072K)->1152K(3072K)
[14949.981s][info][gc,heap        ] GC(32660) ParOldGen: 437295K(437760K)->437351K(437760K)
[14949.981s][info][gc,metaspace   ] GC(32660) Metaspace: 62367K(62592K)->62367K(62592K) NonClass: 53321K(53504K)->53321K(53504K) Class: 9046K(9088K)->9046K(9088K)
[14949.981s][info][gc             ] GC(32660) Pause Young (Allocation Failure) 507M->428M(510M) 2.964ms
[14949.981s][info][gc,cpu         ] GC(32660) User=0.01s Sys=0.00s Real=0.00s
[14950.400s][info][gc,start       ] GC(32661) Pause Young (Allocation Failure)
[14950.403s][info][gc,heap        ] GC(32661) PSYoungGen: 82560K(84480K)->1248K(83968K) Eden: 81408K(81408K)->0K(81408K) From: 1152K(3072K)->1248K(2560K)
[14950.403s][info][gc,heap        ] GC(32661) ParOldGen: 437351K(437760K)->437407K(437760K)
[14950.403s][info][gc,metaspace   ] GC(32661) Metaspace: 62367K(62592K)->62367K(62592K) NonClass: 53321K(53504K)->53321K(53504K) Class: 9046K(9088K)->9046K(9088K)
[14950.403s][info][gc             ] GC(32661) Pause Young (Allocation Failure) 507M->428M(509M) 2.937ms
[14950.403s][info][gc,cpu         ] GC(32661) User=0.01s Sys=0.00s Real=0.00s
[14950.840s][info][gc,start       ] GC(32662) Pause Young (Allocation Failure)
[14950.842s][info][gc,heap        ] GC(32662) PSYoungGen: 82656K(83968K)->448K(84480K) Eden: 81408K(81408K)->0K(81920K) From: 1248K(2560K)->448K(2560K)
[14950.842s][info][gc,heap        ] GC(32662) ParOldGen: 437407K(437760K)->437455K(437760K)
[14950.842s][info][gc,metaspace   ] GC(32662) Metaspace: 62367K(62592K)->62367K(62592K) NonClass: 53321K(53504K)->53321K(53504K) Class: 9046K(9088K)->9046K(9088K)
[14950.842s][info][gc             ] GC(32662) Pause Young (Allocation Failure) 507M->427M(510M) 2.307ms
[14950.842s][info][gc,cpu         ] GC(32662) User=0.01s Sys=0.00s Real=0.00s
[14951.316s][info][gc,start       ] GC(32663) Pause Young (Allocation Failure)
[14951.319s][info][gc,heap        ] GC(32663) PSYoungGen: 82368K(84480K)->1440K(84480K) Eden: 81920K(81920K)->0K(81920K) From: 448K(2560K)->1440K(2560K)
[14951.319s][info][gc,heap        ] GC(32663) ParOldGen: 437455K(437760K)->437511K(437760K)
[14951.319s][info][gc,metaspace   ] GC(32663) Metaspace: 62367K(62592K)->62367K(62592K) NonClass: 53321K(53504K)->53321K(53504K) Class: 9046K(9088K)->9046K(9088K)
[14951.319s][info][gc             ] GC(32663) Pause Young (Allocation Failure) 507M->428M(510M) 3.140ms
[14951.319s][info][gc,cpu         ] GC(32663) User=0.01s Sys=0.00s Real=0.00s
[14951.811s][info][gc,start       ] GC(32664) Pause Young (Allocation Failure)
[14951.814s][info][gc,heap        ] GC(32664) PSYoungGen: 83360K(84480K)->1568K(84480K) Eden: 81920K(81920K)->0K(81920K) From: 1440K(2560K)->1568K(2560K)
[14951.815s][info][gc,heap        ] GC(32664) ParOldGen: 437511K(437760K)->437567K(437760K)
[14951.815s][info][gc,metaspace   ] GC(32664) Metaspace: 62367K(62592K)->62367K(62592K) NonClass: 53321K(53504K)->53321K(53504K) Class: 9046K(9088K)->9046K(9088K)
[14951.815s][info][gc             ] GC(32664) Pause Young (Allocation Failure) 508M->428M(510M) 3.259ms
[14951.815s][info][gc,cpu         ] GC(32664) User=0.01s Sys=0.00s Real=0.00s
[14952.246s][info][gc,start       ] GC(32665) Pause Young (Allocation Failure)
[14952.249s][info][gc,heap        ] GC(32665) PSYoungGen: 83488K(84480K)->2528K(84480K) Eden: 81920K(81920K)->0K(81920K) From: 1568K(2560K)->2528K(2560K)
[14952.249s][info][gc,heap        ] GC(32665) ParOldGen: 437567K(437760K)->437751K(437760K)
[14952.249s][info][gc,metaspace   ] GC(32665) Metaspace: 62367K(62592K)->62367K(62592K) NonClass: 53321K(53504K)->53321K(53504K) Class: 9046K(9088K)->9046K(9088K)
[14952.249s][info][gc             ] GC(32665) Pause Young (Allocation Failure) 508M->429M(510M) 2.807ms
[14952.249s][info][gc,cpu         ] GC(32665) User=0.01s Sys=0.00s Real=0.00s
[14952.707s][info][gc,start       ] GC(32666) Pause Young (Allocation Failure)
[14952.711s][info][gc,heap        ] GC(32666) PSYoungGen: 84448K(84480K)->1376K(83456K) Eden: 81920K(81920K)->0K(80896K) From: 2528K(2560K)->1376K(2560K)
[14952.711s][info][gc,heap        ] GC(32666) ParOldGen: 437751K(437760K)->439847K(441344K)
[14952.711s][info][gc,metaspace   ] GC(32666) Metaspace: 62367K(62592K)->62367K(62592K) NonClass: 53321K(53504K)->53321K(53504K) Class: 9046K(9088K)->9046K(9088K)
[14952.711s][info][gc             ] GC(32666) Pause Young (Allocation Failure) 509M->430M(512M) 4.286ms
[14952.711s][info][gc,cpu         ] GC(32666) User=0.01s Sys=0.00s Real=0.00s
[14953.190s][info][gc,start       ] GC(32667) Pause Young (Allocation Failure)
[14953.193s][info][gc,heap        ] GC(32667) PSYoungGen: 82272K(83456K)->1056K(83968K) Eden: 80896K(80896K)->0K(80896K) From: 1376K(2560K)->1056K(3072K)
[14953.193s][info][gc,heap        ] GC(32667) ParOldGen: 439847K(441344K)->439911K(441344K)
[14953.193s][info][gc,metaspace   ] GC(32667) Metaspace: 62367K(62592K)->62367K(62592K) NonClass: 53321K(53504K)->53321K(53504K) Class: 9046K(9088K)->9046K(9088K)
[14953.193s][info][gc             ] GC(32667) Pause Young (Allocation Failure) 509M->430M(513M) 2.925ms
[14953.193s][info][gc,cpu         ] GC(32667) User=0.00s Sys=0.00s Real=0.00s
[14953.625s][info][gc,start       ] GC(32668) Pause Young (Allocation Failure)
[14953.627s][info][gc,heap        ] GC(32668) PSYoungGen: 81952K(83968K)->224K(83968K) Eden: 80896K(80896K)->0K(80896K) From: 1056K(3072K)->224K(3072K)
[14953.627s][info][gc,heap        ] GC(32668) ParOldGen: 439911K(441344K)->439967K(441344K)
[14953.627s][info][gc,metaspace   ] GC(32668) Metaspace: 62367K(62592K)->62367K(62592K) NonClass: 53321K(53504K)->53321K(53504K) Class: 9046K(9088K)->9046K(9088K)
[14953.627s][info][gc             ] GC(32668) Pause Young (Allocation Failure) 509M->429M(513M) 2.285ms
[14953.627s][info][gc,cpu         ] GC(32668) User=0.00s Sys=0.00s Real=0.01s
[14954.066s][info][gc,start       ] GC(32669) Pause Young (Allocation Failure)
[14954.069s][info][gc,heap        ] GC(32669) PSYoungGen: 81120K(83968K)->864K(83968K) Eden: 80896K(80896K)->0K(80896K) From: 224K(3072K)->864K(3072K)
[14954.069s][info][gc,heap        ] GC(32669) ParOldGen: 439967K(441344K)->440023K(441344K)
[14954.069s][info][gc,metaspace   ] GC(32669) Metaspace: 62367K(62592K)->62367K(62592K) NonClass: 53321K(53504K)->53321K(53504K) Class: 9046K(9088K)->9046K(9088K)
[14954.069s][info][gc             ] GC(32669) Pause Young (Allocation Failure) 508M->430M(513M) 2.638ms
[14954.069s][info][gc,cpu         ] GC(32669) User=0.01s Sys=0.00s Real=0.00s
[14954.490s][info][gc,start       ] GC(32670) Pause Young (Allocation Failure)
[14954.493s][info][gc,heap        ] GC(32670) PSYoungGen: 81760K(83968K)->1248K(84480K) Eden: 80896K(80896K)->0K(81408K) From: 864K(3072K)->1248K(3072K)
[14954.493s][info][gc,heap        ] GC(32670) ParOldGen: 440023K(441344K)->440079K(441344K)
[14954.493s][info][gc,metaspace   ] GC(32670) Metaspace: 62367K(62592K)->62367K(62592K) NonClass: 53321K(53504K)->53321K(53504K) Class: 9046K(9088K)->9046K(9088K)
[14954.493s][info][gc             ] GC(32670) Pause Young (Allocation Failure) 509M->430M(513M) 3.044ms
[14954.493s][info][gc,cpu         ] GC(32670) User=0.00s Sys=0.00s Real=0.00s
[14954.905s][info][gc,start       ] GC(32671) Pause Young (Allocation Failure)
[14954.908s][info][gc,heap        ] GC(32671) PSYoungGen: 82656K(84480K)->1408K(83968K) Eden: 81408K(81408K)->0K(81408K) From: 1248K(3072K)->1408K(2560K)
[14954.908s][info][gc,heap        ] GC(32671) ParOldGen: 440079K(441344K)->440135K(441344K)
[14954.908s][info][gc,metaspace   ] GC(32671) Metaspace: 62367K(62592K)->62367K(62592K) NonClass: 53321K(53504K)->53321K(53504K) Class: 9046K(9088K)->9046K(9088K)
[14954.908s][info][gc             ] GC(32671) Pause Young (Allocation Failure) 510M->431M(513M) 3.234ms
[14954.908s][info][gc,cpu         ] GC(32671) User=0.01s Sys=0.00s Real=0.01s
[14955.338s][info][gc,start       ] GC(32672) Pause Young (Allocation Failure)
[14955.341s][info][gc,heap        ] GC(32672) PSYoungGen: 82816K(83968K)->384K(84480K) Eden: 81408K(81408K)->0K(81920K) From: 1408K(2560K)->384K(2560K)
[14955.341s][info][gc,heap        ] GC(32672) ParOldGen: 440135K(441344K)->440199K(441344K)
[14955.341s][info][gc,metaspace   ] GC(32672) Metaspace: 62367K(62592K)->62367K(62592K) NonClass: 53321K(53504K)->53321K(53504K) Class: 9046K(9088K)->9046K(9088K)
[14955.341s][info][gc             ] GC(32672) Pause Young (Allocation Failure) 510M->430M(513M) 2.310ms
[14955.341s][info][gc,cpu         ] GC(32672) User=0.01s Sys=0.00s Real=0.00s
[14955.789s][info][gc,start       ] GC(32673) Pause Young (Allocation Failure)
[14955.792s][info][gc,heap        ] GC(32673) PSYoungGen: 82304K(84480K)->1152K(84480K) Eden: 81920K(81920K)->0K(81920K) From: 384K(2560K)->1152K(2560K)
[14955.792s][info][gc,heap        ] GC(32673) ParOldGen: 440199K(441344K)->440255K(441344K)
[14955.792s][info][gc,metaspace   ] GC(32673) Metaspace: 62367K(62592K)->62367K(62592K) NonClass: 53321K(53504K)->53321K(53504K) Class: 9046K(9088K)->9046K(9088K)
[14955.792s][info][gc             ] GC(32673) Pause Young (Allocation Failure) 510M->431M(513M) 2.938ms
[14955.792s][info][gc,cpu         ] GC(32673) User=0.01s Sys=0.00s Real=0.00s
[14956.248s][info][gc,start       ] GC(32674) Pause Young (Allocation Failure)
[14956.251s][info][gc,heap        ] GC(32674) PSYoungGen: 83072K(84480K)->544K(84480K) Eden: 81920K(81920K)->0K(81920K) From: 1152K(2560K)->544K(2560K)
[14956.251s][info][gc,heap        ] GC(32674) ParOldGen: 440255K(441344K)->440311K(441344K)
[14956.251s][info][gc,metaspace   ] GC(32674) Metaspace: 62367K(62592K)->62367K(62592K) NonClass: 53321K(53504K)->53321K(53504K) Class: 9046K(9088K)->9046K(9088K)
[14956.251s][info][gc             ] GC(32674) Pause Young (Allocation Failure) 511M->430M(513M) 2.406ms
[14956.251s][info][gc,cpu         ] GC(32674) User=0.00s Sys=0.00s Real=0.00s
[14956.679s][info][gc,start       ] GC(32675) Pause Young (Allocation Failure)
[14956.682s][info][gc,heap        ] GC(32675) PSYoungGen: 82464K(84480K)->992K(84480K) Eden: 81920K(81920K)->0K(81920K) From: 544K(2560K)->992K(2560K)
[14956.682s][info][gc,heap        ] GC(32675) ParOldGen: 440311K(441344K)->440359K(441344K)
[14956.682s][info][gc,metaspace   ] GC(32675) Metaspace: 62367K(62592K)->62367K(62592K) NonClass: 53321K(53504K)->53321K(53504K) Class: 9046K(9088K)->9046K(9088K)
[14956.682s][info][gc             ] GC(32675) Pause Young (Allocation Failure) 510M->431M(513M) 2.876ms
[14956.682s][info][gc,cpu         ] GC(32675) User=0.01s Sys=0.00s Real=0.00s
[14957.146s][info][gc,start       ] GC(32676) Pause Young (Allocation Failure)
[14957.148s][info][gc,heap        ] GC(32676) PSYoungGen: 82912K(84480K)->2528K(83456K) Eden: 81920K(81920K)->0K(80896K) From: 992K(2560K)->2528K(2560K)
[14957.148s][info][gc,heap        ] GC(32676) ParOldGen: 440359K(441344K)->440431K(441344K)
[14957.148s][info][gc,metaspace   ] GC(32676) Metaspace: 62367K(62592K)->62367K(62592K) NonClass: 53321K(53504K)->53321K(53504K) Class: 9046K(9088K)->9046K(9088K)
[14957.148s][info][gc             ] GC(32676) Pause Young (Allocation Failure) 511M->432M(512M) 2.678ms
[14957.148s][info][gc,cpu         ] GC(32676) User=0.00s Sys=0.00s Real=0.01s
[14957.619s][info][gc,start       ] GC(32677) Pause Young (Allocation Failure)
[14957.624s][info][gc,heap        ] GC(32677) PSYoungGen: 83424K(83456K)->1536K(83968K) Eden: 80896K(80896K)->0K(80896K) From: 2528K(2560K)->1536K(3072K)
[14957.624s][info][gc,heap        ] GC(32677) ParOldGen: 440431K(441344K)->442543K(442880K)
[14957.624s][info][gc,metaspace   ] GC(32677) Metaspace: 62367K(62592K)->62367K(62592K) NonClass: 53321K(53504K)->53321K(53504K) Class: 9046K(9088K)->9046K(9088K)
[14957.624s][info][gc             ] GC(32677) Pause Young (Allocation Failure) 511M->433M(514M) 4.385ms
[14957.624s][info][gc,cpu         ] GC(32677) User=0.01s Sys=0.00s Real=0.00s
[14958.028s][info][gc,start       ] GC(32678) Pause Young (Allocation Failure)
[14958.030s][info][gc,heap        ] GC(32678) PSYoungGen: 82431K(83968K)->288K(83968K) Eden: 80895K(80896K)->0K(80896K) From: 1536K(3072K)->288K(3072K)
[14958.030s][info][gc,heap        ] GC(32678) ParOldGen: 442543K(442880K)->442599K(442880K)
[14958.030s][info][gc,metaspace   ] GC(32678) Metaspace: 62367K(62592K)->62367K(62592K) NonClass: 53321K(53504K)->53321K(53504K) Class: 9046K(9088K)->9046K(9088K)
[14958.030s][info][gc             ] GC(32678) Pause Young (Allocation Failure) 512M->432M(514M) 2.135ms
[14958.030s][info][gc,cpu         ] GC(32678) User=0.00s Sys=0.00s Real=0.00s
[14958.487s][info][gc,start       ] GC(32679) Pause Young (Allocation Failure)
[14958.489s][info][gc,heap        ] GC(32679) PSYoungGen: 81184K(83968K)->1088K(83968K) Eden: 80896K(80896K)->0K(80896K) From: 288K(3072K)->1088K(3072K)
[14958.489s][info][gc,heap        ] GC(32679) ParOldGen: 442599K(442880K)->442647K(442880K)
[14958.489s][info][gc,metaspace   ] GC(32679) Metaspace: 62367K(62592K)->62367K(62592K) NonClass: 53321K(53504K)->53321K(53504K) Class: 9046K(9088K)->9046K(9088K)
[14958.489s][info][gc             ] GC(32679) Pause Young (Allocation Failure) 511M->433M(514M) 2.735ms
[14958.489s][info][gc,cpu         ] GC(32679) User=0.01s Sys=0.00s Real=0.00s
[14958.925s][info][gc,start       ] GC(32680) Pause Young (Allocation Failure)
[14958.927s][info][gc,heap        ] GC(32680) PSYoungGen: 81984K(83968K)->256K(84480K) Eden: 80896K(80896K)->0K(81920K) From: 1088K(3072K)->256K(2560K)
[14958.927s][info][gc,heap        ] GC(32680) ParOldGen: 442647K(442880K)->442703K(442880K)
[14958.927s][info][gc,metaspace   ] GC(32680) Metaspace: 62367K(62592K)->62367K(62592K) NonClass: 53321K(53504K)->53321K(53504K) Class: 9046K(9088K)->9046K(9088K)
[14958.927s][info][gc             ] GC(32680) Pause Young (Allocation Failure) 512M->432M(515M) 2.067ms
[14958.927s][info][gc,cpu         ] GC(32680) User=0.01s Sys=0.00s Real=0.01s
[14959.394s][info][gc,start       ] GC(32681) Pause Young (Allocation Failure)
[14959.397s][info][gc,heap        ] GC(32681) PSYoungGen: 82176K(84480K)->1472K(84480K) Eden: 81920K(81920K)->0K(81920K) From: 256K(2560K)->1472K(2560K)
[14959.397s][info][gc,heap        ] GC(32681) ParOldGen: 442703K(442880K)->442759K(442880K)
[14959.397s][info][gc,metaspace   ] GC(32681) Metaspace: 62367K(62592K)->62367K(62592K) NonClass: 53321K(53504K)->53321K(53504K) Class: 9046K(9088K)->9046K(9088K)
[14959.397s][info][gc             ] GC(32681) Pause Young (Allocation Failure) 512M->433M(515M) 3.179ms
[14959.397s][info][gc,cpu         ] GC(32681) User=0.01s Sys=0.00s Real=0.01s
[14959.855s][info][gc,start       ] GC(32682) Pause Young (Allocation Failure)
[14959.857s][info][gc,heap        ] GC(32682) PSYoungGen: 83392K(84480K)->576K(84480K) Eden: 81920K(81920K)->0K(81920K) From: 1472K(2560K)->576K(2560K)
[14959.857s][info][gc,heap        ] GC(32682) ParOldGen: 442759K(442880K)->442855K(442880K)
[14959.857s][info][gc,metaspace   ] GC(32682) Metaspace: 62367K(62592K)->62367K(62592K) NonClass: 53321K(53504K)->53321K(53504K) Class: 9046K(9088K)->9046K(9088K)
[14959.857s][info][gc             ] GC(32682) Pause Young (Allocation Failure) 513M->433M(515M) 2.600ms
[14959.857s][info][gc,cpu         ] GC(32682) User=0.00s Sys=0.00s Real=0.01s
[14960.335s][info][gc,start       ] GC(32683) Pause Young (Allocation Failure)
[14960.337s][info][gc,heap        ] GC(32683) PSYoungGen: 82496K(84480K)->352K(84480K) Eden: 81920K(81920K)->0K(81920K) From: 576K(2560K)->352K(2560K)
[14960.337s][info][gc,heap        ] GC(32683) ParOldGen: 442855K(442880K)->442903K(443392K)
[14960.337s][info][gc,metaspace   ] GC(32683) Metaspace: 62367K(62592K)->62367K(62592K) NonClass: 53321K(53504K)->53321K(53504K) Class: 9046K(9088K)->9046K(9088K)
[14960.337s][info][gc             ] GC(32683) Pause Young (Allocation Failure) 513M->432M(515M) 2.434ms
[14960.337s][info][gc,cpu         ] GC(32683) User=0.01s Sys=0.00s Real=0.01s
[14960.795s][info][gc,start       ] GC(32684) Pause Young (Allocation Failure)
[14960.798s][info][gc,heap        ] GC(32684) PSYoungGen: 82272K(84480K)->1184K(84480K) Eden: 81920K(81920K)->0K(81920K) From: 352K(2560K)->1184K(2560K)
[14960.798s][info][gc,heap        ] GC(32684) ParOldGen: 442903K(443392K)->442959K(443392K)
[14960.798s][info][gc,metaspace   ] GC(32684) Metaspace: 62367K(62592K)->62367K(62592K) NonClass: 53321K(53504K)->53321K(53504K) Class: 9046K(9088K)->9046K(9088K)
[14960.798s][info][gc             ] GC(32684) Pause Young (Allocation Failure) 512M->433M(515M) 2.981ms
[14960.798s][info][gc,cpu         ] GC(32684) User=0.00s Sys=0.00s Real=0.01s
[14961.242s][info][gc,start       ] GC(32685) Pause Young (Allocation Failure)
[14961.244s][info][gc,heap        ] GC(32685) PSYoungGen: 83104K(84480K)->480K(84480K) Eden: 81920K(81920K)->0K(81920K) From: 1184K(2560K)->480K(2560K)
[14961.244s][info][gc,heap        ] GC(32685) ParOldGen: 442959K(443392K)->443015K(443392K)
[14961.244s][info][gc,metaspace   ] GC(32685) Metaspace: 62367K(62592K)->62367K(62592K) NonClass: 53321K(53504K)->53321K(53504K) Class: 9046K(9088K)->9046K(9088K)
[14961.244s][info][gc             ] GC(32685) Pause Young (Allocation Failure) 513M->433M(515M) 2.379ms
[14961.244s][info][gc,cpu         ] GC(32685) User=0.01s Sys=0.00s Real=0.00s
[14961.692s][info][gc,start       ] GC(32686) Pause Young (Allocation Failure)
[14961.696s][info][gc,heap        ] GC(32686) PSYoungGen: 82400K(84480K)->2176K(83456K) Eden: 81920K(81920K)->0K(80896K) From: 480K(2560K)->2176K(2560K)
[14961.696s][info][gc,heap        ] GC(32686) ParOldGen: 443015K(443392K)->444095K(444928K)
[14961.696s][info][gc,metaspace   ] GC(32686) Metaspace: 62367K(62592K)->62367K(62592K) NonClass: 53321K(53504K)->53321K(53504K) Class: 9046K(9088K)->9046K(9088K)
[14961.696s][info][gc             ] GC(32686) Pause Young (Allocation Failure) 513M->435M(516M) 3.559ms
[14961.696s][info][gc,cpu         ] GC(32686) User=0.01s Sys=0.00s Real=0.00s
[14962.170s][info][gc,start       ] GC(32687) Pause Young (Allocation Failure)
[14962.174s][info][gc,heap        ] GC(32687) PSYoungGen: 83072K(83456K)->832K(83968K) Eden: 80896K(80896K)->0K(80896K) From: 2176K(2560K)->832K(3072K)
[14962.174s][info][gc,heap        ] GC(32687) ParOldGen: 444095K(444928K)->446199K(446464K)
[14962.174s][info][gc,metaspace   ] GC(32687) Metaspace: 62367K(62592K)->62367K(62592K) NonClass: 53321K(53504K)->53321K(53504K) Class: 9046K(9088K)->9046K(9088K)
[14962.174s][info][gc             ] GC(32687) Pause Young (Allocation Failure) 514M->436M(518M) 3.713ms
[14962.174s][info][gc,cpu         ] GC(32687) User=0.00s Sys=0.00s Real=0.00s
[14962.638s][info][gc,start       ] GC(32688) Pause Young (Allocation Failure)
[14962.640s][info][gc,heap        ] GC(32688) PSYoungGen: 81728K(83968K)->416K(84480K) Eden: 80896K(80896K)->0K(81920K) From: 832K(3072K)->416K(2560K)
[14962.640s][info][gc,heap        ] GC(32688) ParOldGen: 446199K(446464K)->446255K(446464K)
[14962.641s][info][gc,metaspace   ] GC(32688) Metaspace: 62367K(62592K)->62367K(62592K) NonClass: 53321K(53504K)->53321K(53504K) Class: 9046K(9088K)->9046K(9088K)
[14962.641s][info][gc             ] GC(32688) Pause Young (Allocation Failure) 515M->436M(518M) 2.289ms
[14962.641s][info][gc,cpu         ] GC(32688) User=0.01s Sys=0.00s Real=0.00s
[14963.110s][info][gc,start       ] GC(32689) Pause Young (Allocation Failure)
[14963.113s][info][gc,heap        ] GC(32689) PSYoungGen: 82336K(84480K)->1376K(84480K) Eden: 81920K(81920K)->0K(81920K) From: 416K(2560K)->1376K(2560K)
[14963.113s][info][gc,heap        ] GC(32689) ParOldGen: 446255K(446464K)->446311K(446464K)
[14963.113s][info][gc,metaspace   ] GC(32689) Metaspace: 62367K(62592K)->62367K(62592K) NonClass: 53321K(53504K)->53321K(53504K) Class: 9046K(9088K)->9046K(9088K)
[14963.113s][info][gc             ] GC(32689) Pause Young (Allocation Failure) 516M->437M(518M) 3.097ms
[14963.113s][info][gc,cpu         ] GC(32689) User=0.01s Sys=0.00s Real=0.00s
[14963.560s][info][gc,start       ] GC(32690) Pause Young (Allocation Failure)
[14963.563s][info][gc,heap        ] GC(32690) PSYoungGen: 83296K(84480K)->736K(84480K) Eden: 81920K(81920K)->0K(81920K) From: 1376K(2560K)->736K(2560K)
[14963.563s][info][gc,heap        ] GC(32690) ParOldGen: 446311K(446464K)->446359K(446464K)
[14963.563s][info][gc,metaspace   ] GC(32690) Metaspace: 62367K(62592K)->62367K(62592K) NonClass: 53321K(53504K)->53321K(53504K) Class: 9046K(9088K)->9046K(9088K)
[14963.563s][info][gc             ] GC(32690) Pause Young (Allocation Failure) 517M->436M(518M) 2.615ms
[14963.563s][info][gc,cpu         ] GC(32690) User=0.01s Sys=0.00s Real=0.00s
[14964.042s][info][gc,start       ] GC(32691) Pause Young (Allocation Failure)
[14964.044s][info][gc,heap        ] GC(32691) PSYoungGen: 82656K(84480K)->480K(84480K) Eden: 81920K(81920K)->0K(81920K) From: 736K(2560K)->480K(2560K)
[14964.044s][info][gc,heap        ] GC(32691) ParOldGen: 446359K(446464K)->446407K(446464K)
[14964.044s][info][gc,metaspace   ] GC(32691) Metaspace: 62367K(62592K)->62367K(62592K) NonClass: 53321K(53504K)->53321K(53504K) Class: 9046K(9088K)->9046K(9088K)
[14964.044s][info][gc             ] GC(32691) Pause Young (Allocation Failure) 516M->436M(518M) 2.352ms
[14964.044s][info][gc,cpu         ] GC(32691) User=0.00s Sys=0.00s Real=0.00s
[14964.492s][info][gc,start       ] GC(32692) Pause Young (Allocation Failure)
[14964.495s][info][gc,heap        ] GC(32692) PSYoungGen: 82400K(84480K)->1152K(84480K) Eden: 81920K(81920K)->0K(81920K) From: 480K(2560K)->1152K(2560K)
[14964.495s][info][gc,heap        ] GC(32692) ParOldGen: 446407K(446464K)->446463K(446464K)
[14964.495s][info][gc,metaspace   ] GC(32692) Metaspace: 62367K(62592K)->62367K(62592K) NonClass: 53321K(53504K)->53321K(53504K) Class: 9046K(9088K)->9046K(9088K)
[14964.495s][info][gc             ] GC(32692) Pause Young (Allocation Failure) 516M->437M(518M) 2.915ms
[14964.495s][info][gc,cpu         ] GC(32692) User=0.00s Sys=0.00s Real=0.00s
[14964.922s][info][gc,start       ] GC(32693) Pause Young (Allocation Failure)
[14964.924s][info][gc,heap        ] GC(32693) PSYoungGen: 83072K(84480K)->192K(84480K) Eden: 81920K(81920K)->0K(81920K) From: 1152K(2560K)->192K(2560K)
[14964.924s][info][gc,heap        ] GC(32693) ParOldGen: 446463K(446464K)->446519K(446976K)
[14964.924s][info][gc,metaspace   ] GC(32693) Metaspace: 62367K(62592K)->62367K(62592K) NonClass: 53321K(53504K)->53321K(53504K) Class: 9046K(9088K)->9046K(9088K)
[14964.924s][info][gc             ] GC(32693) Pause Young (Allocation Failure) 517M->436M(519M) 2.201ms
[14964.924s][info][gc,cpu         ] GC(32693) User=0.01s Sys=0.00s Real=0.00s
[14965.365s][info][gc,start       ] GC(32694) Pause Young (Allocation Failure)
[14965.367s][info][gc,heap        ] GC(32694) PSYoungGen: 82112K(84480K)->832K(84480K) Eden: 81920K(81920K)->0K(81920K) From: 192K(2560K)->832K(2560K)
[14965.367s][info][gc,heap        ] GC(32694) ParOldGen: 446519K(446976K)->446567K(446976K)
[14965.367s][info][gc,metaspace   ] GC(32694) Metaspace: 62367K(62592K)->62367K(62592K) NonClass: 53321K(53504K)->53321K(53504K) Class: 9046K(9088K)->9046K(9088K)
[14965.367s][info][gc             ] GC(32694) Pause Young (Allocation Failure) 516M->436M(519M) 2.710ms
[14965.367s][info][gc,cpu         ] GC(32694) User=0.01s Sys=0.00s Real=0.01s
[14965.803s][info][gc,start       ] GC(32695) Pause Young (Allocation Failure)
[14965.806s][info][gc,heap        ] GC(32695) PSYoungGen: 82752K(84480K)->1408K(84480K) Eden: 81920K(81920K)->0K(81920K) From: 832K(2560K)->1408K(2560K)
[14965.806s][info][gc,heap        ] GC(32695) ParOldGen: 446567K(446976K)->446615K(446976K)
[14965.806s][info][gc,metaspace   ] GC(32695) Metaspace: 62367K(62592K)->62367K(62592K) NonClass: 53321K(53504K)->53321K(53504K) Class: 9046K(9088K)->9046K(9088K)
[14965.806s][info][gc             ] GC(32695) Pause Young (Allocation Failure) 516M->437M(519M) 3.184ms
[14965.806s][info][gc,cpu         ] GC(32695) User=0.00s Sys=0.00s Real=0.01s
[14966.199s][info][gc,start       ] GC(32696) Pause Young (Allocation Failure)
[14966.202s][info][gc,heap        ] GC(32696) PSYoungGen: 83328K(84480K)->1408K(84480K) Eden: 81920K(81920K)->0K(81920K) From: 1408K(2560K)->1408K(2560K)
[14966.202s][info][gc,heap        ] GC(32696) ParOldGen: 446615K(446976K)->446663K(446976K)
[14966.202s][info][gc,metaspace   ] GC(32696) Metaspace: 62367K(62592K)->62367K(62592K) NonClass: 53321K(53504K)->53321K(53504K) Class: 9046K(9088K)->9046K(9088K)
[14966.202s][info][gc             ] GC(32696) Pause Young (Allocation Failure) 517M->437M(519M) 3.173ms
[14966.202s][info][gc,cpu         ] GC(32696) User=0.00s Sys=0.00s Real=0.00s
[14966.654s][info][gc,start       ] GC(32697) Pause Young (Allocation Failure)
[14966.657s][info][gc,heap        ] GC(32697) PSYoungGen: 83328K(84480K)->2528K(84480K) Eden: 81920K(81920K)->0K(81920K) From: 1408K(2560K)->2528K(2560K)
[14966.657s][info][gc,heap        ] GC(32697) ParOldGen: 446663K(446976K)->446847K(446976K)
[14966.657s][info][gc,metaspace   ] GC(32697) Metaspace: 62367K(62592K)->62367K(62592K) NonClass: 53321K(53504K)->53321K(53504K) Class: 9046K(9088K)->9046K(9088K)
[14966.657s][info][gc             ] GC(32697) Pause Young (Allocation Failure) 517M->438M(519M) 2.809ms
[14966.657s][info][gc,cpu         ] GC(32697) User=0.00s Sys=0.00s Real=0.01s
[14967.159s][info][gc,start       ] GC(32698) Pause Young (Allocation Failure)
[14967.163s][info][gc,heap        ] GC(32698) PSYoungGen: 84448K(84480K)->704K(83456K) Eden: 81920K(81920K)->0K(80896K) From: 2528K(2560K)->704K(2560K)
[14967.163s][info][gc,heap        ] GC(32698) ParOldGen: 446847K(446976K)->448927K(450048K)
[14967.163s][info][gc,metaspace   ] GC(32698) Metaspace: 62367K(62592K)->62367K(62592K) NonClass: 53321K(53504K)->53321K(53504K) Class: 9046K(9088K)->9046K(9088K)
[14967.163s][info][gc             ] GC(32698) Pause Young (Allocation Failure) 518M->439M(521M) 3.637ms
[14967.163s][info][gc,cpu         ] GC(32698) User=0.00s Sys=0.00s Real=0.00s
[14967.613s][info][gc,start       ] GC(32699) Pause Young (Allocation Failure)
[14967.617s][info][gc,heap        ] GC(32699) PSYoungGen: 81600K(83456K)->1440K(83968K) Eden: 80896K(80896K)->0K(80896K) From: 704K(2560K)->1440K(3072K)
[14967.617s][info][gc,heap        ] GC(32699) ParOldGen: 448927K(450048K)->449031K(450048K)
[14967.617s][info][gc,metaspace   ] GC(32699) Metaspace: 62367K(62592K)->62367K(62592K) NonClass: 53321K(53504K)->53321K(53504K) Class: 9046K(9088K)->9046K(9088K)
[14967.617s][info][gc             ] GC(32699) Pause Young (Allocation Failure) 518M->439M(521M) 3.283ms
[14967.617s][info][gc,cpu         ] GC(32699) User=0.01s Sys=0.00s Real=0.01s
[14968.037s][info][gc,start       ] GC(32700) Pause Young (Allocation Failure)
[14968.040s][info][gc,heap        ] GC(32700) PSYoungGen: 82336K(83968K)->448K(83968K) Eden: 80896K(80896K)->0K(80896K) From: 1440K(3072K)->448K(3072K)
[14968.040s][info][gc,heap        ] GC(32700) ParOldGen: 449031K(450048K)->449087K(450048K)
[14968.040s][info][gc,metaspace   ] GC(32700) Metaspace: 62367K(62592K)->62367K(62592K) NonClass: 53321K(53504K)->53321K(53504K) Class: 9046K(9088K)->9046K(9088K)
[14968.040s][info][gc             ] GC(32700) Pause Young (Allocation Failure) 518M->438M(521M) 2.482ms
[14968.040s][info][gc,cpu         ] GC(32700) User=0.01s Sys=0.00s Real=0.00s
[14968.466s][info][gc,start       ] GC(32701) Pause Young (Allocation Failure)
[14968.469s][info][gc,heap        ] GC(32701) PSYoungGen: 81344K(83968K)->864K(83968K) Eden: 80896K(80896K)->0K(80896K) From: 448K(3072K)->864K(3072K)
[14968.469s][info][gc,heap        ] GC(32701) ParOldGen: 449087K(450048K)->449143K(450048K)
[14968.469s][info][gc,metaspace   ] GC(32701) Metaspace: 62367K(62592K)->62367K(62592K) NonClass: 53321K(53504K)->53321K(53504K) Class: 9046K(9088K)->9046K(9088K)
[14968.469s][info][gc             ] GC(32701) Pause Young (Allocation Failure) 517M->439M(521M) 2.682ms
[14968.469s][info][gc,cpu         ] GC(32701) User=0.00s Sys=0.00s Real=0.00s
[14968.916s][info][gc,start       ] GC(32702) Pause Young (Allocation Failure)
[14968.919s][info][gc,heap        ] GC(32702) PSYoungGen: 81760K(83968K)->1440K(84480K) Eden: 80896K(80896K)->0K(81920K) From: 864K(3072K)->1440K(2560K)
[14968.919s][info][gc,heap        ] GC(32702) ParOldGen: 449143K(450048K)->449199K(450048K)
[14968.919s][info][gc,metaspace   ] GC(32702) Metaspace: 62367K(62592K)->62367K(62592K) NonClass: 53321K(53504K)->53321K(53504K) Class: 9046K(9088K)->9046K(9088K)
[14968.919s][info][gc             ] GC(32702) Pause Young (Allocation Failure) 518M->440M(522M) 3.210ms
[14968.919s][info][gc,cpu         ] GC(32702) User=0.01s Sys=0.00s Real=0.00s
[14969.388s][info][gc,start       ] GC(32703) Pause Young (Allocation Failure)
[14969.391s][info][gc,heap        ] GC(32703) PSYoungGen: 83360K(84480K)->1056K(84480K) Eden: 81920K(81920K)->0K(81920K) From: 1440K(2560K)->1056K(2560K)
[14969.391s][info][gc,heap        ] GC(32703) ParOldGen: 449199K(450048K)->449247K(450048K)
[14969.391s][info][gc,metaspace   ] GC(32703) Metaspace: 62367K(62592K)->62367K(62592K) NonClass: 53321K(53504K)->53321K(53504K) Class: 9046K(9088K)->9046K(9088K)
[14969.391s][info][gc             ] GC(32703) Pause Young (Allocation Failure) 520M->439M(522M) 2.918ms
[14969.391s][info][gc,cpu         ] GC(32703) User=0.00s Sys=0.00s Real=0.00s
[14969.846s][info][gc,start       ] GC(32704) Pause Young (Allocation Failure)
[14969.849s][info][gc,heap        ] GC(32704) PSYoungGen: 82975K(84480K)->544K(84480K) Eden: 81919K(81920K)->0K(81920K) From: 1056K(2560K)->544K(2560K)
[14969.849s][info][gc,heap        ] GC(32704) ParOldGen: 449247K(450048K)->449303K(450048K)
[14969.849s][info][gc,metaspace   ] GC(32704) Metaspace: 62367K(62592K)->62367K(62592K) NonClass: 53321K(53504K)->53321K(53504K) Class: 9046K(9088K)->9046K(9088K)
[14969.849s][info][gc             ] GC(32704) Pause Young (Allocation Failure) 519M->439M(522M) 2.531ms
[14969.849s][info][gc,cpu         ] GC(32704) User=0.00s Sys=0.00s Real=0.00s
[14970.274s][info][gc,start       ] GC(32705) Pause Young (Allocation Failure)
[14970.276s][info][gc,heap        ] GC(32705) PSYoungGen: 82464K(84480K)->1056K(84480K) Eden: 81920K(81920K)->0K(81920K) From: 544K(2560K)->1056K(2560K)
[14970.276s][info][gc,heap        ] GC(32705) ParOldGen: 449303K(450048K)->449359K(450048K)
[14970.276s][info][gc,metaspace   ] GC(32705) Metaspace: 62367K(62592K)->62367K(62592K) NonClass: 53321K(53504K)->53321K(53504K) Class: 9046K(9088K)->9046K(9088K)
[14970.276s][info][gc             ] GC(32705) Pause Young (Allocation Failure) 519M->439M(522M) 2.834ms
[14970.276s][info][gc,cpu         ] GC(32705) User=0.01s Sys=0.00s Real=0.01s
[14970.751s][info][gc,start       ] GC(32706) Pause Young (Allocation Failure)
[14970.753s][info][gc,heap        ] GC(32706) PSYoungGen: 82976K(84480K)->608K(84480K) Eden: 81920K(81920K)->0K(81920K) From: 1056K(2560K)->608K(2560K)
[14970.753s][info][gc,heap        ] GC(32706) ParOldGen: 449359K(450048K)->449407K(450048K)
[14970.753s][info][gc,metaspace   ] GC(32706) Metaspace: 62367K(62592K)->62367K(62592K) NonClass: 53321K(53504K)->53321K(53504K) Class: 9046K(9088K)->9046K(9088K)
[14970.753s][info][gc             ] GC(32706) Pause Young (Allocation Failure) 519M->439M(522M) 2.601ms
[14970.753s][info][gc,cpu         ] GC(32706) User=0.00s Sys=0.00s Real=0.00s
[14971.180s][info][gc,start       ] GC(32707) Pause Young (Allocation Failure)
[14971.183s][info][gc,heap        ] GC(32707) PSYoungGen: 82528K(84480K)->1088K(84480K) Eden: 81920K(81920K)->0K(81920K) From: 608K(2560K)->1088K(2560K)
[14971.183s][info][gc,heap        ] GC(32707) ParOldGen: 449407K(450048K)->449463K(450048K)
[14971.183s][info][gc,metaspace   ] GC(32707) Metaspace: 62367K(62592K)->62367K(62592K) NonClass: 53321K(53504K)->53321K(53504K) Class: 9046K(9088K)->9046K(9088K)
[14971.183s][info][gc             ] GC(32707) Pause Young (Allocation Failure) 519M->439M(522M) 2.836ms
[14971.183s][info][gc,cpu         ] GC(32707) User=0.01s Sys=0.00s Real=0.00s
[14971.596s][info][gc,start       ] GC(32708) Pause Young (Allocation Failure)
[14971.600s][info][gc,heap        ] GC(32708) PSYoungGen: 83008K(84480K)->2368K(84480K) Eden: 81920K(81920K)->0K(81920K) From: 1088K(2560K)->2368K(2560K)
[14971.600s][info][gc,heap        ] GC(32708) ParOldGen: 449463K(450048K)->449519K(450048K)
[14971.600s][info][gc,metaspace   ] GC(32708) Metaspace: 62367K(62592K)->62367K(62592K) NonClass: 53321K(53504K)->53321K(53504K) Class: 9046K(9088K)->9046K(9088K)
[14971.600s][info][gc             ] GC(32708) Pause Young (Allocation Failure) 519M->441M(522M) 3.258ms
[14971.600s][info][gc,cpu         ] GC(32708) User=0.00s Sys=0.00s Real=0.00s
[14972.017s][info][gc,start       ] GC(32709) Pause Young (Allocation Failure)
[14972.021s][info][gc,heap        ] GC(32709) PSYoungGen: 84288K(84480K)->1632K(84480K) Eden: 81920K(81920K)->0K(81920K) From: 2368K(2560K)->1632K(2560K)
[14972.021s][info][gc,heap        ] GC(32709) ParOldGen: 449519K(450048K)->451623K(452096K)
[14972.021s][info][gc,metaspace   ] GC(32709) Metaspace: 62367K(62592K)->62367K(62592K) NonClass: 53321K(53504K)->53321K(53504K) Class: 9046K(9088K)->9046K(9088K)
[14972.021s][info][gc             ] GC(32709) Pause Young (Allocation Failure) 521M->442M(524M) 4.390ms
[14972.021s][info][gc,cpu         ] GC(32709) User=0.00s Sys=0.00s Real=0.00s
[14972.483s][info][gc,start       ] GC(32710) Pause Young (Allocation Failure)
[14972.486s][info][gc,heap        ] GC(32710) PSYoungGen: 83552K(84480K)->992K(84480K) Eden: 81920K(81920K)->0K(81920K) From: 1632K(2560K)->992K(2560K)
[14972.486s][info][gc,heap        ] GC(32710) ParOldGen: 451623K(452096K)->451671K(452096K)
[14972.486s][info][gc,metaspace   ] GC(32710) Metaspace: 62367K(62592K)->62367K(62592K) NonClass: 53321K(53504K)->53321K(53504K) Class: 9046K(9088K)->9046K(9088K)
[14972.486s][info][gc             ] GC(32710) Pause Young (Allocation Failure) 522M->442M(524M) 2.812ms
[14972.486s][info][gc,cpu         ] GC(32710) User=0.01s Sys=0.00s Real=0.01s
[14972.955s][info][gc,start       ] GC(32711) Pause Young (Allocation Failure)
[14972.958s][info][gc,heap        ] GC(32711) PSYoungGen: 82912K(84480K)->704K(84480K) Eden: 81920K(81920K)->0K(81920K) From: 992K(2560K)->704K(2560K)
[14972.958s][info][gc,heap        ] GC(32711) ParOldGen: 451671K(452096K)->451727K(452096K)
[14972.958s][info][gc,metaspace   ] GC(32711) Metaspace: 62367K(62592K)->62367K(62592K) NonClass: 53321K(53504K)->53321K(53504K) Class: 9046K(9088K)->9046K(9088K)
[14972.958s][info][gc             ] GC(32711) Pause Young (Allocation Failure) 522M->441M(524M) 2.630ms
[14972.958s][info][gc,cpu         ] GC(32711) User=0.00s Sys=0.00s Real=0.01s
[14973.406s][info][gc,start       ] GC(32712) Pause Young (Allocation Failure)
[14973.409s][info][gc,heap        ] GC(32712) PSYoungGen: 82624K(84480K)->1440K(84480K) Eden: 81920K(81920K)->0K(81920K) From: 704K(2560K)->1440K(2560K)
[14973.409s][info][gc,heap        ] GC(32712) ParOldGen: 451727K(452096K)->451783K(452096K)
[14973.409s][info][gc,metaspace   ] GC(32712) Metaspace: 62367K(62592K)->62367K(62592K) NonClass: 53321K(53504K)->53321K(53504K) Class: 9046K(9088K)->9046K(9088K)
[14973.409s][info][gc             ] GC(32712) Pause Young (Allocation Failure) 521M->442M(524M) 3.169ms
[14973.409s][info][gc,cpu         ] GC(32712) User=0.00s Sys=0.00s Real=0.00s
[14973.864s][info][gc,start       ] GC(32713) Pause Young (Allocation Failure)
[14973.866s][info][gc,heap        ] GC(32713) PSYoungGen: 83360K(84480K)->800K(84480K) Eden: 81920K(81920K)->0K(81920K) From: 1440K(2560K)->800K(2560K)
[14973.866s][info][gc,heap        ] GC(32713) ParOldGen: 451783K(452096K)->451839K(452096K)
[14973.867s][info][gc,metaspace   ] GC(32713) Metaspace: 62367K(62592K)->62367K(62592K) NonClass: 53321K(53504K)->53321K(53504K) Class: 9046K(9088K)->9046K(9088K)
[14973.867s][info][gc             ] GC(32713) Pause Young (Allocation Failure) 522M->442M(524M) 2.625ms
[14973.867s][info][gc,cpu         ] GC(32713) User=0.00s Sys=0.00s Real=0.01s
[14974.265s][info][gc,start       ] GC(32714) Pause Young (Allocation Failure)
[14974.268s][info][gc,heap        ] GC(32714) PSYoungGen: 82719K(84480K)->896K(84480K) Eden: 81919K(81920K)->0K(81920K) From: 800K(2560K)->896K(2560K)
[14974.268s][info][gc,heap        ] GC(32714) ParOldGen: 451839K(452096K)->451887K(452096K)
[14974.268s][info][gc,metaspace   ] GC(32714) Metaspace: 62367K(62592K)->62367K(62592K) NonClass: 53321K(53504K)->53321K(53504K) Class: 9046K(9088K)->9046K(9088K)
[14974.268s][info][gc             ] GC(32714) Pause Young (Allocation Failure) 522M->442M(524M) 2.769ms
[14974.268s][info][gc,cpu         ] GC(32714) User=0.00s Sys=0.00s Real=0.01s
[14974.725s][info][gc,start       ] GC(32715) Pause Young (Allocation Failure)
[14974.727s][info][gc,heap        ] GC(32715) PSYoungGen: 82816K(84480K)->272K(84480K) Eden: 81920K(81920K)->0K(81920K) From: 896K(2560K)->272K(2560K)
[14974.727s][info][gc,heap        ] GC(32715) ParOldGen: 451887K(452096K)->451943K(452096K)
[14974.727s][info][gc,metaspace   ] GC(32715) Metaspace: 62367K(62592K)->62367K(62592K) NonClass: 53321K(53504K)->53321K(53504K) Class: 9046K(9088K)->9046K(9088K)
[14974.727s][info][gc             ] GC(32715) Pause Young (Allocation Failure) 522M->441M(524M) 2.263ms
[14974.727s][info][gc,cpu         ] GC(32715) User=0.00s Sys=0.00s Real=0.01s
[14975.161s][info][gc,start       ] GC(32716) Pause Young (Allocation Failure)
[14975.164s][info][gc,heap        ] GC(32716) PSYoungGen: 82192K(84480K)->672K(84480K) Eden: 81920K(81920K)->0K(81920K) From: 272K(2560K)->672K(2560K)
[14975.164s][info][gc,heap        ] GC(32716) ParOldGen: 451943K(452096K)->452047K(452096K)
[14975.164s][info][gc,metaspace   ] GC(32716) Metaspace: 62367K(62592K)->62367K(62592K) NonClass: 53321K(53504K)->53321K(53504K) Class: 9046K(9088K)->9046K(9088K)
[14975.164s][info][gc             ] GC(32716) Pause Young (Allocation Failure) 521M->442M(524M) 2.760ms
[14975.164s][info][gc,cpu         ] GC(32716) User=0.00s Sys=0.00s Real=0.00s
[14975.572s][info][gc,start       ] GC(32717) Pause Young (Allocation Failure)
[14975.574s][info][gc,heap        ] GC(32717) PSYoungGen: 82592K(84480K)->928K(84480K) Eden: 81920K(81920K)->0K(81920K) From: 672K(2560K)->928K(2560K)
[14975.574s][info][gc,heap        ] GC(32717) ParOldGen: 452047K(452096K)->452103K(452608K)
[14975.574s][info][gc,metaspace   ] GC(32717) Metaspace: 62367K(62592K)->62367K(62592K) NonClass: 53321K(53504K)->53321K(53504K) Class: 9046K(9088K)->9046K(9088K)
[14975.574s][info][gc             ] GC(32717) Pause Young (Allocation Failure) 522M->442M(524M) 2.772ms
[14975.574s][info][gc,cpu         ] GC(32717) User=0.00s Sys=0.00s Real=0.00s
[14975.987s][info][gc,start       ] GC(32718) Pause Young (Allocation Failure)
[14975.991s][info][gc,heap        ] GC(32718) PSYoungGen: 82848K(84480K)->2112K(84480K) Eden: 81920K(81920K)->0K(81920K) From: 928K(2560K)->2112K(2560K)
[14975.992s][info][gc,heap        ] GC(32718) ParOldGen: 452103K(452608K)->454207K(455680K)
[14975.992s][info][gc,metaspace   ] GC(32718) Metaspace: 62367K(62592K)->62367K(62592K) NonClass: 53321K(53504K)->53321K(53504K) Class: 9046K(9088K)->9046K(9088K)
[14975.992s][info][gc             ] GC(32718) Pause Young (Allocation Failure) 522M->445M(527M) 4.092ms
[14975.992s][info][gc,cpu         ] GC(32718) User=0.01s Sys=0.00s Real=0.00s
[14976.402s][info][gc,start       ] GC(32719) Pause Young (Allocation Failure)
[14976.406s][info][gc,heap        ] GC(32719) PSYoungGen: 84032K(84480K)->1600K(84480K) Eden: 81920K(81920K)->0K(81920K) From: 2112K(2560K)->1600K(2560K)
[14976.406s][info][gc,heap        ] GC(32719) ParOldGen: 454207K(455680K)->456303K(457216K)
[14976.406s][info][gc,metaspace   ] GC(32719) Metaspace: 62367K(62592K)->62367K(62592K) NonClass: 53321K(53504K)->53321K(53504K) Class: 9046K(9088K)->9046K(9088K)
[14976.406s][info][gc             ] GC(32719) Pause Young (Allocation Failure) 525M->447M(529M) 4.335ms
[14976.406s][info][gc,cpu         ] GC(32719) User=0.01s Sys=0.00s Real=0.01s
[14976.862s][info][gc,start       ] GC(32720) Pause Young (Allocation Failure)
[14976.865s][info][gc,heap        ] GC(32720) PSYoungGen: 83520K(84480K)->736K(84480K) Eden: 81920K(81920K)->0K(81920K) From: 1600K(2560K)->736K(2560K)
[14976.865s][info][gc,heap        ] GC(32720) ParOldGen: 456303K(457216K)->456359K(457216K)
[14976.865s][info][gc,metaspace   ] GC(32720) Metaspace: 62367K(62592K)->62367K(62592K) NonClass: 53321K(53504K)->53321K(53504K) Class: 9046K(9088K)->9046K(9088K)
[14976.865s][info][gc             ] GC(32720) Pause Young (Allocation Failure) 527M->446M(529M) 2.573ms
[14976.865s][info][gc,cpu         ] GC(32720) User=0.01s Sys=0.00s Real=0.00s
[14977.243s][info][gc,start       ] GC(32721) Pause Young (Allocation Failure)
[14977.245s][info][gc,heap        ] GC(32721) PSYoungGen: 82656K(84480K)->576K(84480K) Eden: 81920K(81920K)->0K(81920K) From: 736K(2560K)->576K(2560K)
[14977.246s][info][gc,heap        ] GC(32721) ParOldGen: 456359K(457216K)->456415K(457216K)
[14977.246s][info][gc,metaspace   ] GC(32721) Metaspace: 62367K(62592K)->62367K(62592K) NonClass: 53321K(53504K)->53321K(53504K) Class: 9046K(9088K)->9046K(9088K)
[14977.246s][info][gc             ] GC(32721) Pause Young (Allocation Failure) 526M->446M(529M) 2.478ms
[14977.246s][info][gc,cpu         ] GC(32721) User=0.00s Sys=0.00s Real=0.00s
[14977.642s][info][gc,start       ] GC(32722) Pause Young (Allocation Failure)
[14977.644s][info][gc,heap        ] GC(32722) PSYoungGen: 82496K(84480K)->480K(84480K) Eden: 81920K(81920K)->0K(81920K) From: 576K(2560K)->480K(2560K)
[14977.644s][info][gc,heap        ] GC(32722) ParOldGen: 456415K(457216K)->456463K(457216K)
[14977.644s][info][gc,metaspace   ] GC(32722) Metaspace: 62367K(62592K)->62367K(62592K) NonClass: 53321K(53504K)->53321K(53504K) Class: 9046K(9088K)->9046K(9088K)
[14977.644s][info][gc             ] GC(32722) Pause Young (Allocation Failure) 526M->446M(529M) 2.404ms
[14977.644s][info][gc,cpu         ] GC(32722) User=0.01s Sys=0.00s Real=0.00s
[14978.082s][info][gc,start       ] GC(32723) Pause Young (Allocation Failure)
[14978.085s][info][gc,heap        ] GC(32723) PSYoungGen: 82400K(84480K)->1056K(84480K) Eden: 81920K(81920K)->0K(81920K) From: 480K(2560K)->1056K(2560K)
[14978.085s][info][gc,heap        ] GC(32723) ParOldGen: 456463K(457216K)->456519K(457216K)
[14978.085s][info][gc,metaspace   ] GC(32723) Metaspace: 62367K(62592K)->62367K(62592K) NonClass: 53321K(53504K)->53321K(53504K) Class: 9046K(9088K)->9046K(9088K)
[14978.085s][info][gc             ] GC(32723) Pause Young (Allocation Failure) 526M->446M(529M) 2.905ms
[14978.085s][info][gc,cpu         ] GC(32723) User=0.00s Sys=0.00s Real=0.00s
[14978.492s][info][gc,start       ] GC(32724) Pause Young (Allocation Failure)
[14978.495s][info][gc,heap        ] GC(32724) PSYoungGen: 82976K(84480K)->1216K(84480K) Eden: 81920K(81920K)->0K(81920K) From: 1056K(2560K)->1216K(2560K)
[14978.495s][info][gc,heap        ] GC(32724) ParOldGen: 456519K(457216K)->456567K(457216K)
[14978.495s][info][gc,metaspace   ] GC(32724) Metaspace: 62367K(62592K)->62367K(62592K) NonClass: 53321K(53504K)->53321K(53504K) Class: 9046K(9088K)->9046K(9088K)
[14978.495s][info][gc             ] GC(32724) Pause Young (Allocation Failure) 526M->447M(529M) 3.032ms
[14978.495s][info][gc,cpu         ] GC(32724) User=0.00s Sys=0.00s Real=0.00s
[14978.950s][info][gc,start       ] GC(32725) Pause Young (Allocation Failure)
[14978.953s][info][gc,heap        ] GC(32725) PSYoungGen: 83136K(84480K)->576K(84480K) Eden: 81920K(81920K)->0K(81920K) From: 1216K(2560K)->576K(2560K)
[14978.953s][info][gc,heap        ] GC(32725) ParOldGen: 456567K(457216K)->456623K(457216K)
[14978.953s][info][gc,metaspace   ] GC(32725) Metaspace: 62367K(62592K)->62367K(62592K) NonClass: 53321K(53504K)->53321K(53504K) Class: 9046K(9088K)->9046K(9088K)
[14978.953s][info][gc             ] GC(32725) Pause Young (Allocation Failure) 527M->446M(529M) 2.517ms
[14978.953s][info][gc,cpu         ] GC(32725) User=0.01s Sys=0.00s Real=0.00s
[14979.383s][info][gc,start       ] GC(32726) Pause Young (Allocation Failure)
[14979.386s][info][gc,heap        ] GC(32726) PSYoungGen: 82496K(84480K)->1088K(84480K) Eden: 81920K(81920K)->0K(81920K) From: 576K(2560K)->1088K(2560K)
[14979.386s][info][gc,heap        ] GC(32726) ParOldGen: 456623K(457216K)->456679K(457216K)
[14979.386s][info][gc,metaspace   ] GC(32726) Metaspace: 62367K(62592K)->62367K(62592K) NonClass: 53321K(53504K)->53321K(53504K) Class: 9046K(9088K)->9046K(9088K)
[14979.386s][info][gc             ] GC(32726) Pause Young (Allocation Failure) 526M->447M(529M) 2.862ms
[14979.386s][info][gc,cpu         ] GC(32726) User=0.01s Sys=0.00s Real=0.01s
[14979.788s][info][gc,start       ] GC(32727) Pause Young (Allocation Failure)
[14979.791s][info][gc,heap        ] GC(32727) PSYoungGen: 83008K(84480K)->1216K(84480K) Eden: 81920K(81920K)->0K(81920K) From: 1088K(2560K)->1216K(2560K)
[14979.791s][info][gc,heap        ] GC(32727) ParOldGen: 456679K(457216K)->456735K(457216K)
[14979.791s][info][gc,metaspace   ] GC(32727) Metaspace: 62367K(62592K)->62367K(62592K) NonClass: 53321K(53504K)->53321K(53504K) Class: 9046K(9088K)->9046K(9088K)
[14979.791s][info][gc             ] GC(32727) Pause Young (Allocation Failure) 527M->447M(529M) 3.068ms
[14979.791s][info][gc,cpu         ] GC(32727) User=0.00s Sys=0.00s Real=0.00s
[14980.154s][info][gc,start       ] GC(32728) Pause Young (Allocation Failure)
[14980.157s][info][gc,heap        ] GC(32728) PSYoungGen: 83136K(84480K)->800K(84992K) Eden: 81920K(81920K)->0K(82944K) From: 1216K(2560K)->800K(2048K)
[14980.157s][info][gc,heap        ] GC(32728) ParOldGen: 456735K(457216K)->456783K(457216K)
[14980.157s][info][gc,metaspace   ] GC(32728) Metaspace: 62367K(62592K)->62367K(62592K) NonClass: 53321K(53504K)->53321K(53504K) Class: 9046K(9088K)->9046K(9088K)
[14980.157s][info][gc             ] GC(32728) Pause Young (Allocation Failure) 527M->446M(529M) 2.640ms
[14980.157s][info][gc,cpu         ] GC(32728) User=0.00s Sys=0.00s Real=0.01s
[14980.543s][info][gc,start       ] GC(32729) Pause Young (Allocation Failure)
[14980.546s][info][gc,heap        ] GC(32729) PSYoungGen: 83744K(84992K)->512K(84992K) Eden: 82944K(82944K)->0K(82944K) From: 800K(2048K)->512K(2048K)
[14980.546s][info][gc,heap        ] GC(32729) ParOldGen: 456783K(457216K)->456839K(457216K)
[14980.546s][info][gc,metaspace   ] GC(32729) Metaspace: 62367K(62592K)->62367K(62592K) NonClass: 53321K(53504K)->53321K(53504K) Class: 9046K(9088K)->9046K(9088K)
[14980.546s][info][gc             ] GC(32729) Pause Young (Allocation Failure) 527M->446M(529M) 2.415ms
[14980.546s][info][gc,cpu         ] GC(32729) User=0.00s Sys=0.00s Real=0.00s
[14980.967s][info][gc,start       ] GC(32730) Pause Young (Allocation Failure)
[14980.969s][info][gc,heap        ] GC(32730) PSYoungGen: 83456K(84992K)->928K(84992K) Eden: 82944K(82944K)->0K(82944K) From: 512K(2048K)->928K(2048K)
[14980.969s][info][gc,heap        ] GC(32730) ParOldGen: 456839K(457216K)->456895K(457216K)
[14980.969s][info][gc,metaspace   ] GC(32730) Metaspace: 62367K(62592K)->62367K(62592K) NonClass: 53321K(53504K)->53321K(53504K) Class: 9046K(9088K)->9046K(9088K)
[14980.969s][info][gc             ] GC(32730) Pause Young (Allocation Failure) 527M->447M(529M) 2.851ms
[14980.969s][info][gc,cpu         ] GC(32730) User=0.01s Sys=0.00s Real=0.00s
[14981.408s][info][gc,start       ] GC(32731) Pause Young (Allocation Failure)
[14981.411s][info][gc,heap        ] GC(32731) PSYoungGen: 83872K(84992K)->1440K(84992K) Eden: 82944K(82944K)->0K(82944K) From: 928K(2048K)->1440K(2048K)
[14981.411s][info][gc,heap        ] GC(32731) ParOldGen: 456895K(457216K)->456943K(457216K)
[14981.411s][info][gc,metaspace   ] GC(32731) Metaspace: 62367K(62592K)->62367K(62592K) NonClass: 53321K(53504K)->53321K(53504K) Class: 9046K(9088K)->9046K(9088K)
[14981.411s][info][gc             ] GC(32731) Pause Young (Allocation Failure) 528M->447M(529M) 3.253ms
[14981.411s][info][gc,cpu         ] GC(32731) User=0.01s Sys=0.00s Real=0.00s
[14981.903s][info][gc,start       ] GC(32732) Pause Young (Allocation Failure)
[14981.906s][info][gc,heap        ] GC(32732) PSYoungGen: 84384K(84992K)->1584K(83968K) Eden: 82944K(82944K)->0K(81920K) From: 1440K(2048K)->1584K(2048K)
[14981.906s][info][gc,heap        ] GC(32732) ParOldGen: 456943K(457216K)->456991K(457216K)
[14981.906s][info][gc,metaspace   ] GC(32732) Metaspace: 62367K(62592K)->62367K(62592K) NonClass: 53321K(53504K)->53321K(53504K) Class: 9046K(9088K)->9046K(9088K)
[14981.906s][info][gc             ] GC(32732) Pause Young (Allocation Failure) 528M->447M(528M) 3.289ms
[14981.906s][info][gc,cpu         ] GC(32732) User=0.00s Sys=0.00s Real=0.01s
[14982.378s][info][gc,start       ] GC(32733) Pause Young (Allocation Failure)
[14982.381s][info][gc,heap        ] GC(32733) PSYoungGen: 83503K(83968K)->928K(84480K) Eden: 81919K(81920K)->0K(81920K) From: 1584K(2048K)->928K(2560K)
[14982.381s][info][gc,heap        ] GC(32733) ParOldGen: 456991K(457216K)->457095K(457216K)
[14982.381s][info][gc,metaspace   ] GC(32733) Metaspace: 62367K(62592K)->62367K(62592K) NonClass: 53321K(53504K)->53321K(53504K) Class: 9046K(9088K)->9046K(9088K)
[14982.381s][info][gc             ] GC(32733) Pause Young (Allocation Failure) 527M->447M(529M) 2.862ms
[14982.381s][info][gc,cpu         ] GC(32733) User=0.00s Sys=0.00s Real=0.00s
[14982.805s][info][gc,start       ] GC(32734) Pause Young (Allocation Failure)
[14982.808s][info][gc,heap        ] GC(32734) PSYoungGen: 82848K(84480K)->1344K(84992K) Eden: 81920K(81920K)->0K(82944K) From: 928K(2560K)->1344K(2048K)
[14982.808s][info][gc,heap        ] GC(32734) ParOldGen: 457095K(457216K)->457143K(457216K)
[14982.808s][info][gc,metaspace   ] GC(32734) Metaspace: 62367K(62592K)->62367K(62592K) NonClass: 53321K(53504K)->53321K(53504K) Class: 9046K(9088K)->9046K(9088K)
[14982.808s][info][gc             ] GC(32734) Pause Young (Allocation Failure) 527M->447M(529M) 3.159ms
[14982.808s][info][gc,cpu         ] GC(32734) User=0.00s Sys=0.00s Real=0.01s
[14983.248s][info][gc,start       ] GC(32735) Pause Young (Allocation Failure)
[14983.250s][info][gc,heap        ] GC(32735) PSYoungGen: 84288K(84992K)->544K(84992K) Eden: 82944K(82944K)->0K(82944K) From: 1344K(2048K)->544K(2048K)
[14983.250s][info][gc,heap        ] GC(32735) ParOldGen: 457143K(457216K)->457191K(457216K)
[14983.250s][info][gc,metaspace   ] GC(32735) Metaspace: 62367K(62592K)->62367K(62592K) NonClass: 53321K(53504K)->53321K(53504K) Class: 9046K(9088K)->9046K(9088K)
[14983.250s][info][gc             ] GC(32735) Pause Young (Allocation Failure) 528M->447M(529M) 2.385ms
[14983.250s][info][gc,cpu         ] GC(32735) User=0.01s Sys=0.00s Real=0.00s
[14983.709s][info][gc,start       ] GC(32736) Pause Young (Allocation Failure)
[14983.712s][info][gc,heap        ] GC(32736) PSYoungGen: 83488K(84992K)->1568K(83968K) Eden: 82944K(82944K)->0K(81920K) From: 544K(2048K)->1568K(2048K)
[14983.712s][info][gc,heap        ] GC(32736) ParOldGen: 457191K(457216K)->457247K(457728K)
[14983.712s][info][gc,metaspace   ] GC(32736) Metaspace: 62367K(62592K)->62367K(62592K) NonClass: 53321K(53504K)->53321K(53504K) Class: 9046K(9088K)->9046K(9088K)
[14983.712s][info][gc             ] GC(32736) Pause Young (Allocation Failure) 528M->448M(529M) 3.477ms
[14983.712s][info][gc,cpu         ] GC(32736) User=0.00s Sys=0.00s Real=0.00s
[14984.124s][info][gc,start       ] GC(32737) Pause Young (Allocation Failure)
[14984.126s][info][gc,heap        ] GC(32737) PSYoungGen: 83488K(83968K)->224K(84480K) Eden: 81920K(81920K)->0K(81920K) From: 1568K(2048K)->224K(2560K)
[14984.126s][info][gc,heap        ] GC(32737) ParOldGen: 457247K(457728K)->457303K(457728K)
[14984.126s][info][gc,metaspace   ] GC(32737) Metaspace: 62367K(62592K)->62367K(62592K) NonClass: 53321K(53504K)->53321K(53504K) Class: 9046K(9088K)->9046K(9088K)
[14984.126s][info][gc             ] GC(32737) Pause Young (Allocation Failure) 528M->446M(529M) 2.179ms
[14984.126s][info][gc,cpu         ] GC(32737) User=0.00s Sys=0.00s Real=0.01s
[14984.565s][info][gc,start       ] GC(32738) Pause Young (Allocation Failure)
[14984.567s][info][gc,heap        ] GC(32738) PSYoungGen: 82144K(84480K)->800K(84480K) Eden: 81920K(81920K)->0K(81920K) From: 224K(2560K)->800K(2560K)
[14984.567s][info][gc,heap        ] GC(32738) ParOldGen: 457303K(457728K)->457359K(457728K)
[14984.567s][info][gc,metaspace   ] GC(32738) Metaspace: 62367K(62592K)->62367K(62592K) NonClass: 53321K(53504K)->53321K(53504K) Class: 9046K(9088K)->9046K(9088K)
[14984.567s][info][gc             ] GC(32738) Pause Young (Allocation Failure) 526M->447M(529M) 2.695ms
[14984.567s][info][gc,cpu         ] GC(32738) User=0.01s Sys=0.00s Real=0.01s
[14984.993s][info][gc,start       ] GC(32739) Pause Young (Allocation Failure)
[14984.996s][info][gc,heap        ] GC(32739) PSYoungGen: 82720K(84480K)->2240K(84480K) Eden: 81920K(81920K)->0K(81920K) From: 800K(2560K)->2240K(2560K)
[14984.996s][info][gc,heap        ] GC(32739) ParOldGen: 457359K(457728K)->457415K(457728K)
[14984.996s][info][gc,metaspace   ] GC(32739) Metaspace: 62367K(62592K)->62367K(62592K) NonClass: 53321K(53504K)->53321K(53504K) Class: 9046K(9088K)->9046K(9088K)
[14984.996s][info][gc             ] GC(32739) Pause Young (Allocation Failure) 527M->448M(529M) 3.228ms
[14984.996s][info][gc,cpu         ] GC(32739) User=0.00s Sys=0.00s Real=0.01s
[14985.395s][info][gc,start       ] GC(32740) Pause Young (Allocation Failure)
[14985.399s][info][gc,heap        ] GC(32740) PSYoungGen: 84160K(84480K)->1248K(84480K) Eden: 81920K(81920K)->0K(81920K) From: 2240K(2560K)->1248K(2560K)
[14985.399s][info][gc,heap        ] GC(32740) ParOldGen: 457415K(457728K)->458495K(459264K)
[14985.399s][info][gc,metaspace   ] GC(32740) Metaspace: 62367K(62592K)->62367K(62592K) NonClass: 53321K(53504K)->53321K(53504K) Class: 9046K(9088K)->9046K(9088K)
[14985.399s][info][gc             ] GC(32740) Pause Young (Allocation Failure) 528M->448M(531M) 3.598ms
[14985.399s][info][gc,cpu         ] GC(32740) User=0.01s Sys=0.00s Real=0.01s
[14985.830s][info][gc,start       ] GC(32741) Pause Young (Allocation Failure)
[14985.832s][info][gc,heap        ] GC(32741) PSYoungGen: 83168K(84480K)->288K(84480K) Eden: 81920K(81920K)->0K(81920K) From: 1248K(2560K)->288K(2560K)
[14985.832s][info][gc,heap        ] GC(32741) ParOldGen: 458495K(459264K)->458551K(459264K)
[14985.832s][info][gc,metaspace   ] GC(32741) Metaspace: 62367K(62592K)->62367K(62592K) NonClass: 53321K(53504K)->53321K(53504K) Class: 9046K(9088K)->9046K(9088K)
[14985.832s][info][gc             ] GC(32741) Pause Young (Allocation Failure) 528M->448M(531M) 2.298ms
[14985.832s][info][gc,cpu         ] GC(32741) User=0.01s Sys=0.00s Real=0.00s
[14986.263s][info][gc,start       ] GC(32742) Pause Young (Allocation Failure)
[14986.265s][info][gc,heap        ] GC(32742) PSYoungGen: 82208K(84480K)->800K(84480K) Eden: 81920K(81920K)->0K(81920K) From: 288K(2560K)->800K(2560K)
[14986.265s][info][gc,heap        ] GC(32742) ParOldGen: 458551K(459264K)->458607K(459264K)
[14986.265s][info][gc,metaspace   ] GC(32742) Metaspace: 62367K(62592K)->62367K(62592K) NonClass: 53321K(53504K)->53321K(53504K) Class: 9046K(9088K)->9046K(9088K)
[14986.265s][info][gc             ] GC(32742) Pause Young (Allocation Failure) 528M->448M(531M) 2.598ms
[14986.265s][info][gc,cpu         ] GC(32742) User=0.01s Sys=0.00s Real=0.00s
[14986.659s][info][gc,start       ] GC(32743) Pause Young (Allocation Failure)
[14986.662s][info][gc,heap        ] GC(32743) PSYoungGen: 82720K(84480K)->800K(84480K) Eden: 81920K(81920K)->0K(81920K) From: 800K(2560K)->800K(2560K)
[14986.662s][info][gc,heap        ] GC(32743) ParOldGen: 458607K(459264K)->458663K(459264K)
[14986.662s][info][gc,metaspace   ] GC(32743) Metaspace: 62367K(62592K)->62367K(62592K) NonClass: 53321K(53504K)->53321K(53504K) Class: 9046K(9088K)->9046K(9088K)
[14986.662s][info][gc             ] GC(32743) Pause Young (Allocation Failure) 528M->448M(531M) 2.654ms
[14986.662s][info][gc,cpu         ] GC(32743) User=0.00s Sys=0.00s Real=0.00s
[14987.064s][info][gc,start       ] GC(32744) Pause Young (Allocation Failure)
[14987.067s][info][gc,heap        ] GC(32744) PSYoungGen: 82720K(84480K)->768K(84480K) Eden: 81920K(81920K)->0K(81920K) From: 800K(2560K)->768K(2560K)
[14987.067s][info][gc,heap        ] GC(32744) ParOldGen: 458663K(459264K)->458719K(459264K)
[14987.067s][info][gc,metaspace   ] GC(32744) Metaspace: 62367K(62592K)->62367K(62592K) NonClass: 53321K(53504K)->53321K(53504K) Class: 9046K(9088K)->9046K(9088K)
[14987.067s][info][gc             ] GC(32744) Pause Young (Allocation Failure) 528M->448M(531M) 2.608ms
[14987.067s][info][gc,cpu         ] GC(32744) User=0.00s Sys=0.00s Real=0.01s
[14987.482s][info][gc,start       ] GC(32745) Pause Young (Allocation Failure)
[14987.485s][info][gc,heap        ] GC(32745) PSYoungGen: 82688K(84480K)->1120K(84480K) Eden: 81920K(81920K)->0K(81920K) From: 768K(2560K)->1120K(2560K)
[14987.485s][info][gc,heap        ] GC(32745) ParOldGen: 458719K(459264K)->458775K(459264K)
[14987.485s][info][gc,metaspace   ] GC(32745) Metaspace: 62367K(62592K)->62367K(62592K) NonClass: 53321K(53504K)->53321K(53504K) Class: 9046K(9088K)->9046K(9088K)
[14987.485s][info][gc             ] GC(32745) Pause Young (Allocation Failure) 528M->449M(531M) 3.159ms
[14987.485s][info][gc,cpu         ] GC(32745) User=0.00s Sys=0.00s Real=0.00s
[14987.886s][info][gc,start       ] GC(32746) Pause Young (Allocation Failure)
[14987.889s][info][gc,heap        ] GC(32746) PSYoungGen: 83040K(84480K)->1248K(84992K) Eden: 81920K(81920K)->0K(82944K) From: 1120K(2560K)->1248K(2048K)
[14987.889s][info][gc,heap        ] GC(32746) ParOldGen: 458775K(459264K)->458831K(459264K)
[14987.889s][info][gc,metaspace   ] GC(32746) Metaspace: 62367K(62592K)->62367K(62592K) NonClass: 53321K(53504K)->53321K(53504K) Class: 9046K(9088K)->9046K(9088K)
[14987.889s][info][gc             ] GC(32746) Pause Young (Allocation Failure) 529M->449M(531M) 3.218ms
[14987.889s][info][gc,cpu         ] GC(32746) User=0.00s Sys=0.00s Real=0.00s
[14988.306s][info][gc,start       ] GC(32747) Pause Young (Allocation Failure)
[14988.310s][info][gc,heap        ] GC(32747) PSYoungGen: 84192K(84992K)->1440K(84480K) Eden: 82944K(82944K)->0K(82944K) From: 1248K(2048K)->1440K(1536K)
[14988.310s][info][gc,heap        ] GC(32747) ParOldGen: 458831K(459264K)->458887K(459264K)
[14988.310s][info][gc,metaspace   ] GC(32747) Metaspace: 62367K(62592K)->62367K(62592K) NonClass: 53321K(53504K)->53321K(53504K) Class: 9046K(9088K)->9046K(9088K)
[14988.310s][info][gc             ] GC(32747) Pause Young (Allocation Failure) 530M->449M(531M) 3.405ms
[14988.310s][info][gc,cpu         ] GC(32747) User=0.01s Sys=0.00s Real=0.00s
[14988.729s][info][gc,start       ] GC(32748) Pause Young (Allocation Failure)
[14988.731s][info][gc,heap        ] GC(32748) PSYoungGen: 84384K(84480K)->288K(84480K) Eden: 82944K(82944K)->0K(81920K) From: 1440K(1536K)->288K(2560K)
[14988.731s][info][gc,heap        ] GC(32748) ParOldGen: 458887K(459264K)->458935K(459264K)
[14988.731s][info][gc,metaspace   ] GC(32748) Metaspace: 62367K(62592K)->62367K(62592K) NonClass: 53321K(53504K)->53321K(53504K) Class: 9046K(9088K)->9046K(9088K)
[14988.731s][info][gc             ] GC(32748) Pause Young (Allocation Failure) 530M->448M(531M) 2.246ms
[14988.731s][info][gc,cpu         ] GC(32748) User=0.01s Sys=0.00s Real=0.00s
[14989.246s][info][gc,start       ] GC(32749) Pause Young (Allocation Failure)
[14989.249s][info][gc,heap        ] GC(32749) PSYoungGen: 82208K(84480K)->544K(84480K) Eden: 81920K(81920K)->0K(81920K) From: 288K(2560K)->544K(2560K)
[14989.249s][info][gc,heap        ] GC(32749) ParOldGen: 458935K(459264K)->458983K(459264K)
[14989.249s][info][gc,metaspace   ] GC(32749) Metaspace: 62367K(62592K)->62367K(62592K) NonClass: 53321K(53504K)->53321K(53504K) Class: 9046K(9088K)->9046K(9088K)
[14989.249s][info][gc             ] GC(32749) Pause Young (Allocation Failure) 528M->448M(531M) 2.518ms
[14989.249s][info][gc,cpu         ] GC(32749) User=0.00s Sys=0.00s Real=0.00s
[14989.660s][info][gc,start       ] GC(32750) Pause Young (Allocation Failure)
[14989.663s][info][gc,heap        ] GC(32750) PSYoungGen: 82464K(84480K)->1856K(84480K) Eden: 81920K(81920K)->0K(81920K) From: 544K(2560K)->1856K(2560K)
[14989.663s][info][gc,heap        ] GC(32750) ParOldGen: 458983K(459264K)->459087K(459264K)
[14989.663s][info][gc,metaspace   ] GC(32750) Metaspace: 62367K(62592K)->62367K(62592K) NonClass: 53321K(53504K)->53321K(53504K) Class: 9046K(9088K)->9046K(9088K)
[14989.663s][info][gc             ] GC(32750) Pause Young (Allocation Failure) 528M->450M(531M) 2.938ms
[14989.663s][info][gc,cpu         ] GC(32750) User=0.00s Sys=0.00s Real=0.00s
[14990.094s][info][gc,start       ] GC(32751) Pause Young (Allocation Failure)
[14990.098s][info][gc,heap        ] GC(32751) PSYoungGen: 83776K(84480K)->1280K(84480K) Eden: 81920K(81920K)->0K(81920K) From: 1856K(2560K)->1280K(2560K)
[14990.098s][info][gc,heap        ] GC(32751) ParOldGen: 459087K(459264K)->460167K(460800K)
[14990.098s][info][gc,metaspace   ] GC(32751) Metaspace: 62367K(62592K)->62367K(62592K) NonClass: 53321K(53504K)->53321K(53504K) Class: 9046K(9088K)->9046K(9088K)
[14990.098s][info][gc             ] GC(32751) Pause Young (Allocation Failure) 530M->450M(532M) 3.636ms
[14990.098s][info][gc,cpu         ] GC(32751) User=0.00s Sys=0.00s Real=0.01s
[14990.494s][info][gc,start       ] GC(32752) Pause Young (Allocation Failure)
[14990.497s][info][gc,heap        ] GC(32752) PSYoungGen: 83200K(84480K)->1344K(84480K) Eden: 81920K(81920K)->0K(81920K) From: 1280K(2560K)->1344K(2560K)
[14990.497s][info][gc,heap        ] GC(32752) ParOldGen: 460167K(460800K)->460223K(460800K)
[14990.497s][info][gc,metaspace   ] GC(32752) Metaspace: 62367K(62592K)->62367K(62592K) NonClass: 53321K(53504K)->53321K(53504K) Class: 9046K(9088K)->9046K(9088K)
[14990.497s][info][gc             ] GC(32752) Pause Young (Allocation Failure) 530M->450M(532M) 3.262ms
[14990.497s][info][gc,cpu         ] GC(32752) User=0.01s Sys=0.00s Real=0.01s
[14990.920s][info][gc,start       ] GC(32753) Pause Young (Allocation Failure)
[14990.924s][info][gc,heap        ] GC(32753) PSYoungGen: 83264K(84480K)->1728K(84480K) Eden: 81920K(81920K)->0K(81920K) From: 1344K(2560K)->1728K(2560K)
[14990.924s][info][gc,heap        ] GC(32753) ParOldGen: 460223K(460800K)->460279K(460800K)
[14990.924s][info][gc,metaspace   ] GC(32753) Metaspace: 62367K(62592K)->62367K(62592K) NonClass: 53321K(53504K)->53321K(53504K) Class: 9046K(9088K)->9046K(9088K)
[14990.924s][info][gc             ] GC(32753) Pause Young (Allocation Failure) 530M->451M(532M) 3.684ms
[14990.924s][info][gc,cpu         ] GC(32753) User=0.01s Sys=0.00s Real=0.00s
[14991.317s][info][gc,start       ] GC(32754) Pause Young (Allocation Failure)
[14991.320s][info][gc,heap        ] GC(32754) PSYoungGen: 83648K(84480K)->1696K(84480K) Eden: 81920K(81920K)->0K(81920K) From: 1728K(2560K)->1696K(2560K)
[14991.320s][info][gc,heap        ] GC(32754) ParOldGen: 460279K(460800K)->460335K(460800K)
[14991.320s][info][gc,metaspace   ] GC(32754) Metaspace: 62367K(62592K)->62367K(62592K) NonClass: 53321K(53504K)->53321K(53504K) Class: 9046K(9088K)->9046K(9088K)
[14991.321s][info][gc             ] GC(32754) Pause Young (Allocation Failure) 531M->451M(532M) 3.501ms
[14991.321s][info][gc,cpu         ] GC(32754) User=0.00s Sys=0.00s Real=0.00s
[14991.733s][info][gc,start       ] GC(32755) Pause Young (Allocation Failure)
[14991.735s][info][gc,heap        ] GC(32755) PSYoungGen: 83616K(84480K)->352K(84480K) Eden: 81920K(81920K)->0K(81920K) From: 1696K(2560K)->352K(2560K)
[14991.735s][info][gc,heap        ] GC(32755) ParOldGen: 460335K(460800K)->460391K(460800K)
[14991.735s][info][gc,metaspace   ] GC(32755) Metaspace: 62367K(62592K)->62367K(62592K) NonClass: 53321K(53504K)->53321K(53504K) Class: 9046K(9088K)->9046K(9088K)
[14991.735s][info][gc             ] GC(32755) Pause Young (Allocation Failure) 531M->449M(532M) 2.317ms
[14991.735s][info][gc,cpu         ] GC(32755) User=0.00s Sys=0.00s Real=0.00s
[14992.124s][info][gc,start       ] GC(32756) Pause Young (Allocation Failure)
[14992.126s][info][gc,heap        ] GC(32756) PSYoungGen: 82272K(84480K)->224K(84480K) Eden: 81920K(81920K)->0K(81920K) From: 352K(2560K)->224K(2560K)
[14992.126s][info][gc,heap        ] GC(32756) ParOldGen: 460391K(460800K)->460447K(460800K)
[14992.126s][info][gc,metaspace   ] GC(32756) Metaspace: 62367K(62592K)->62367K(62592K) NonClass: 53321K(53504K)->53321K(53504K) Class: 9046K(9088K)->9046K(9088K)
[14992.126s][info][gc             ] GC(32756) Pause Young (Allocation Failure) 529M->449M(532M) 2.135ms
[14992.126s][info][gc,cpu         ] GC(32756) User=0.00s Sys=0.00s Real=0.01s
[14992.517s][info][gc,start       ] GC(32757) Pause Young (Allocation Failure)
[14992.521s][info][gc,heap        ] GC(32757) PSYoungGen: 82144K(84480K)->1760K(83968K) Eden: 81920K(81920K)->0K(81920K) From: 224K(2560K)->1760K(2048K)
[14992.521s][info][gc,heap        ] GC(32757) ParOldGen: 460447K(460800K)->460503K(460800K)
[14992.521s][info][gc,metaspace   ] GC(32757) Metaspace: 62367K(62592K)->62367K(62592K) NonClass: 53321K(53504K)->53321K(53504K) Class: 9046K(9088K)->9046K(9088K)
[14992.521s][info][gc             ] GC(32757) Pause Young (Allocation Failure) 529M->451M(532M) 3.645ms
[14992.521s][info][gc,cpu         ] GC(32757) User=0.01s Sys=0.00s Real=0.00s
[14992.916s][info][gc,start       ] GC(32758) Pause Young (Allocation Failure)
[14992.919s][info][gc,heap        ] GC(32758) PSYoungGen: 83680K(83968K)->1536K(83968K) Eden: 81920K(81920K)->0K(80896K) From: 1760K(2048K)->1536K(3072K)
[14992.919s][info][gc,heap        ] GC(32758) ParOldGen: 460503K(460800K)->460559K(460800K)
[14992.919s][info][gc,metaspace   ] GC(32758) Metaspace: 62367K(62592K)->62367K(62592K) NonClass: 53321K(53504K)->53321K(53504K) Class: 9046K(9088K)->9046K(9088K)
[14992.919s][info][gc             ] GC(32758) Pause Young (Allocation Failure) 531M->451M(532M) 3.294ms
[14992.919s][info][gc,cpu         ] GC(32758) User=0.01s Sys=0.00s Real=0.00s
[14993.336s][info][gc,start       ] GC(32759) Pause Young (Allocation Failure)
[14993.338s][info][gc,heap        ] GC(32759) PSYoungGen: 82432K(83968K)->416K(83968K) Eden: 80896K(80896K)->0K(80896K) From: 1536K(3072K)->416K(3072K)
[14993.338s][info][gc,heap        ] GC(32759) ParOldGen: 460559K(460800K)->460615K(460800K)
[14993.338s][info][gc,metaspace   ] GC(32759) Metaspace: 62367K(62592K)->62367K(62592K) NonClass: 53321K(53504K)->53321K(53504K) Class: 9046K(9088K)->9046K(9088K)
[14993.339s][info][gc             ] GC(32759) Pause Young (Allocation Failure) 530M->450M(532M) 2.410ms
[14993.339s][info][gc,cpu         ] GC(32759) User=0.01s Sys=0.00s Real=0.00s
[14993.768s][info][gc,start       ] GC(32760) Pause Young (Allocation Failure)
[14993.771s][info][gc,heap        ] GC(32760) PSYoungGen: 81312K(83968K)->832K(84480K) Eden: 80896K(80896K)->0K(81408K) From: 416K(3072K)->832K(3072K)
[14993.771s][info][gc,heap        ] GC(32760) ParOldGen: 460615K(460800K)->460663K(460800K)
[14993.771s][info][gc,metaspace   ] GC(32760) Metaspace: 62367K(62592K)->62367K(62592K) NonClass: 53321K(53504K)->53321K(53504K) Class: 9046K(9088K)->9046K(9088K)
[14993.771s][info][gc             ] GC(32760) Pause Young (Allocation Failure) 529M->450M(532M) 2.640ms
[14993.771s][info][gc,cpu         ] GC(32760) User=0.00s Sys=0.00s Real=0.00s
[14994.181s][info][gc,start       ] GC(32761) Pause Young (Allocation Failure)
[14994.184s][info][gc,heap        ] GC(32761) PSYoungGen: 82240K(84480K)->2048K(83968K) Eden: 81408K(81408K)->0K(81408K) From: 832K(3072K)->2048K(2560K)
[14994.184s][info][gc,heap        ] GC(32761) ParOldGen: 460663K(460800K)->461751K(462336K)
[14994.184s][info][gc,metaspace   ] GC(32761) Metaspace: 62367K(62592K)->62367K(62592K) NonClass: 53321K(53504K)->53321K(53504K) Class: 9046K(9088K)->9046K(9088K)
[14994.184s][info][gc             ] GC(32761) Pause Young (Allocation Failure) 530M->452M(533M) 3.500ms
[14994.184s][info][gc,cpu         ] GC(32761) User=0.00s Sys=0.00s Real=0.00s
[14994.601s][info][gc,start       ] GC(32762) Pause Young (Allocation Failure)
[14994.605s][info][gc,heap        ] GC(32762) PSYoungGen: 83456K(83968K)->1440K(83968K) Eden: 81408K(81408K)->0K(80896K) From: 2048K(2560K)->1440K(3072K)
[14994.605s][info][gc,heap        ] GC(32762) ParOldGen: 461751K(462336K)->462823K(463872K)
[14994.605s][info][gc,metaspace   ] GC(32762) Metaspace: 62367K(62592K)->62367K(62592K) NonClass: 53321K(53504K)->53321K(53504K) Class: 9046K(9088K)->9046K(9088K)
[14994.605s][info][gc             ] GC(32762) Pause Young (Allocation Failure) 532M->453M(535M) 3.824ms
[14994.605s][info][gc,cpu         ] GC(32762) User=0.01s Sys=0.00s Real=0.00s
[14994.983s][info][gc,start       ] GC(32763) Pause Young (Allocation Failure)
[14994.986s][info][gc,heap        ] GC(32763) PSYoungGen: 82336K(83968K)->1216K(83968K) Eden: 80896K(80896K)->0K(80896K) From: 1440K(3072K)->1216K(3072K)
[14994.986s][info][gc,heap        ] GC(32763) ParOldGen: 462823K(463872K)->462887K(463872K)
[14994.986s][info][gc,metaspace   ] GC(32763) Metaspace: 62367K(62592K)->62367K(62592K) NonClass: 53321K(53504K)->53321K(53504K) Class: 9046K(9088K)->9046K(9088K)
[14994.986s][info][gc             ] GC(32763) Pause Young (Allocation Failure) 532M->453M(535M) 3.283ms
[14994.986s][info][gc,cpu         ] GC(32763) User=0.01s Sys=0.00s Real=0.01s
[14995.384s][info][gc,start       ] GC(32764) Pause Young (Allocation Failure)
[14995.387s][info][gc,heap        ] GC(32764) PSYoungGen: 82112K(83968K)->1280K(84480K) Eden: 80896K(80896K)->0K(81920K) From: 1216K(3072K)->1280K(2560K)
[14995.387s][info][gc,heap        ] GC(32764) ParOldGen: 462887K(463872K)->462943K(463872K)
[14995.387s][info][gc,metaspace   ] GC(32764) Metaspace: 62367K(62592K)->62367K(62592K) NonClass: 53321K(53504K)->53321K(53504K) Class: 9046K(9088K)->9046K(9088K)
[14995.387s][info][gc             ] GC(32764) Pause Young (Allocation Failure) 532M->453M(535M) 3.214ms
[14995.387s][info][gc,cpu         ] GC(32764) User=0.01s Sys=0.00s Real=0.01s
[14995.819s][info][gc,start       ] GC(32765) Pause Young (Allocation Failure)
[14995.823s][info][gc,heap        ] GC(32765) PSYoungGen: 83200K(84480K)->1728K(84480K) Eden: 81920K(81920K)->0K(81920K) From: 1280K(2560K)->1728K(2560K)
[14995.823s][info][gc,heap        ] GC(32765) ParOldGen: 462943K(463872K)->462999K(463872K)
[14995.823s][info][gc,metaspace   ] GC(32765) Metaspace: 62367K(62592K)->62367K(62592K) NonClass: 53321K(53504K)->53321K(53504K) Class: 9046K(9088K)->9046K(9088K)
[14995.823s][info][gc             ] GC(32765) Pause Young (Allocation Failure) 533M->453M(535M) 3.492ms
[14995.823s][info][gc,cpu         ] GC(32765) User=0.00s Sys=0.00s Real=0.00s
[14996.279s][info][gc,start       ] GC(32766) Pause Young (Allocation Failure)
[14996.282s][info][gc,heap        ] GC(32766) PSYoungGen: 83648K(84480K)->1120K(84480K) Eden: 81920K(81920K)->0K(81920K) From: 1728K(2560K)->1120K(2560K)
[14996.282s][info][gc,heap        ] GC(32766) ParOldGen: 462999K(463872K)->463055K(463872K)
[14996.282s][info][gc,metaspace   ] GC(32766) Metaspace: 62367K(62592K)->62367K(62592K) NonClass: 53321K(53504K)->53321K(53504K) Class: 9046K(9088K)->9046K(9088K)
[14996.282s][info][gc             ] GC(32766) Pause Young (Allocation Failure) 533M->453M(535M) 3.007ms
[14996.282s][info][gc,cpu         ] GC(32766) User=0.00s Sys=0.00s Real=0.00s
[14996.701s][info][gc,start       ] GC(32767) Pause Young (Allocation Failure)
[14996.704s][info][gc,heap        ] GC(32767) PSYoungGen: 83040K(84480K)->1440K(84480K) Eden: 81920K(81920K)->0K(81920K) From: 1120K(2560K)->1440K(2560K)
[14996.704s][info][gc,heap        ] GC(32767) ParOldGen: 463055K(463872K)->463167K(463872K)
[14996.704s][info][gc,metaspace   ] GC(32767) Metaspace: 62367K(62592K)->62367K(62592K) NonClass: 53321K(53504K)->53321K(53504K) Class: 9046K(9088K)->9046K(9088K)
[14996.704s][info][gc             ] GC(32767) Pause Young (Allocation Failure) 533M->453M(535M) 3.467ms
[14996.704s][info][gc,cpu         ] GC(32767) User=0.01s Sys=0.00s Real=0.00s
[14997.153s][info][gc,start       ] GC(32768) Pause Young (Allocation Failure)
[14997.155s][info][gc,heap        ] GC(32768) PSYoungGen: 83360K(84480K)->544K(84480K) Eden: 81920K(81920K)->0K(81920K) From: 1440K(2560K)->544K(2560K)
[14997.155s][info][gc,heap        ] GC(32768) ParOldGen: 463167K(463872K)->463215K(463872K)
[14997.155s][info][gc,metaspace   ] GC(32768) Metaspace: 62367K(62592K)->62367K(62592K) NonClass: 53321K(53504K)->53321K(53504K) Class: 9046K(9088K)->9046K(9088K)
[14997.155s][info][gc             ] GC(32768) Pause Young (Allocation Failure) 533M->452M(535M) 2.399ms
[14997.155s][info][gc,cpu         ] GC(32768) User=0.00s Sys=0.00s Real=0.00s
[14997.605s][info][gc,start       ] GC(32769) Pause Young (Allocation Failure)
[14997.608s][info][gc,heap        ] GC(32769) PSYoungGen: 82464K(84480K)->1440K(84480K) Eden: 81920K(81920K)->0K(81920K) From: 544K(2560K)->1440K(2560K)
[14997.608s][info][gc,heap        ] GC(32769) ParOldGen: 463215K(463872K)->463271K(463872K)
[14997.608s][info][gc,metaspace   ] GC(32769) Metaspace: 62367K(62592K)->62367K(62592K) NonClass: 53321K(53504K)->53321K(53504K) Class: 9046K(9088K)->9046K(9088K)
[14997.608s][info][gc             ] GC(32769) Pause Young (Allocation Failure) 532M->453M(535M) 3.228ms
[14997.608s][info][gc,cpu         ] GC(32769) User=0.01s Sys=0.00s Real=0.01s
[14998.032s][info][gc,start       ] GC(32770) Pause Young (Allocation Failure)
[14998.035s][info][gc,heap        ] GC(32770) PSYoungGen: 83360K(84480K)->352K(84480K) Eden: 81920K(81920K)->0K(81920K) From: 1440K(2560K)->352K(2560K)
[14998.035s][info][gc,heap        ] GC(32770) ParOldGen: 463271K(463872K)->463319K(463872K)
[14998.035s][info][gc,metaspace   ] GC(32770) Metaspace: 62367K(62592K)->62367K(62592K) NonClass: 53321K(53504K)->53321K(53504K) Class: 9046K(9088K)->9046K(9088K)
[14998.035s][info][gc             ] GC(32770) Pause Young (Allocation Failure) 533M->452M(535M) 2.352ms
[14998.035s][info][gc,cpu         ] GC(32770) User=0.00s Sys=0.00s Real=0.00s
[14998.506s][info][gc,start       ] GC(32771) Pause Young (Allocation Failure)
[14998.509s][info][gc,heap        ] GC(32771) PSYoungGen: 82272K(84480K)->1312K(84480K) Eden: 81920K(81920K)->0K(81920K) From: 352K(2560K)->1312K(2560K)
[14998.510s][info][gc,heap        ] GC(32771) ParOldGen: 463319K(463872K)->463375K(463872K)
[14998.510s][info][gc,metaspace   ] GC(32771) Metaspace: 62367K(62592K)->62367K(62592K) NonClass: 53321K(53504K)->53321K(53504K) Class: 9046K(9088K)->9046K(9088K)
[14998.510s][info][gc             ] GC(32771) Pause Young (Allocation Failure) 532M->453M(535M) 3.158ms
[14998.510s][info][gc,cpu         ] GC(32771) User=0.01s Sys=0.00s Real=0.00s
[14998.969s][info][gc,start       ] GC(32772) Pause Young (Allocation Failure)
[14998.972s][info][gc,heap        ] GC(32772) PSYoungGen: 83232K(84480K)->896K(84480K) Eden: 81920K(81920K)->0K(81920K) From: 1312K(2560K)->896K(2560K)
[14998.972s][info][gc,heap        ] GC(32772) ParOldGen: 463375K(463872K)->463431K(463872K)
[14998.972s][info][gc,metaspace   ] GC(32772) Metaspace: 62367K(62592K)->62367K(62592K) NonClass: 53321K(53504K)->53321K(53504K) Class: 9046K(9088K)->9046K(9088K)
[14998.972s][info][gc             ] GC(32772) Pause Young (Allocation Failure) 533M->453M(535M) 2.697ms
[14998.972s][info][gc,cpu         ] GC(32772) User=0.00s Sys=0.00s Real=0.00s
[14999.432s][info][gc,start       ] GC(32773) Pause Young (Allocation Failure)
[14999.434s][info][gc,heap        ] GC(32773) PSYoungGen: 82816K(84480K)->320K(84480K) Eden: 81920K(81920K)->0K(81920K) From: 896K(2560K)->320K(2560K)
[14999.434s][info][gc,heap        ] GC(32773) ParOldGen: 463431K(463872K)->463487K(463872K)
[14999.434s][info][gc,metaspace   ] GC(32773) Metaspace: 62367K(62592K)->62367K(62592K) NonClass: 53321K(53504K)->53321K(53504K) Class: 9046K(9088K)->9046K(9088K)
[14999.434s][info][gc             ] GC(32773) Pause Young (Allocation Failure) 533M->452M(535M) 2.248ms
[14999.434s][info][gc,cpu         ] GC(32773) User=0.01s Sys=0.00s Real=0.00s
[14999.906s][info][gc,start       ] GC(32774) Pause Young (Allocation Failure)
[14999.910s][info][gc,heap        ] GC(32774) PSYoungGen: 82240K(84480K)->1408K(84480K) Eden: 81920K(81920K)->0K(81920K) From: 320K(2560K)->1408K(2560K)
[14999.910s][info][gc,heap        ] GC(32774) ParOldGen: 463487K(463872K)->463543K(463872K)
[14999.910s][info][gc,metaspace   ] GC(32774) Metaspace: 62367K(62592K)->62367K(62592K) NonClass: 53321K(53504K)->53321K(53504K) Class: 9046K(9088K)->9046K(9088K)
[14999.910s][info][gc             ] GC(32774) Pause Young (Allocation Failure) 532M->454M(535M) 3.243ms
[14999.910s][info][gc,cpu         ] GC(32774) User=0.01s Sys=0.00s Real=0.00s
[15000.369s][info][gc,start       ] GC(32775) Pause Young (Allocation Failure)
[15000.372s][info][gc,heap        ] GC(32775) PSYoungGen: 83328K(84480K)->896K(84480K) Eden: 81920K(81920K)->0K(81920K) From: 1408K(2560K)->896K(2560K)
[15000.372s][info][gc,heap        ] GC(32775) ParOldGen: 463543K(463872K)->463599K(463872K)
[15000.372s][info][gc,metaspace   ] GC(32775) Metaspace: 62367K(62592K)->62367K(62592K) NonClass: 53321K(53504K)->53321K(53504K) Class: 9046K(9088K)->9046K(9088K)
[15000.372s][info][gc             ] GC(32775) Pause Young (Allocation Failure) 534M->453M(535M) 2.765ms
[15000.372s][info][gc,cpu         ] GC(32775) User=0.00s Sys=0.00s Real=0.00s
[15000.828s][info][gc,start       ] GC(32776) Pause Young (Allocation Failure)
[15000.831s][info][gc,heap        ] GC(32776) PSYoungGen: 82815K(84480K)->256K(84480K) Eden: 81919K(81920K)->0K(81920K) From: 896K(2560K)->256K(2560K)
[15000.831s][info][gc,heap        ] GC(32776) ParOldGen: 463599K(463872K)->463655K(463872K)
[15000.831s][info][gc,metaspace   ] GC(32776) Metaspace: 62367K(62592K)->62367K(62592K) NonClass: 53321K(53504K)->53321K(53504K) Class: 9046K(9088K)->9046K(9088K)
[15000.831s][info][gc             ] GC(32776) Pause Young (Allocation Failure) 533M->453M(535M) 2.361ms
[15000.831s][info][gc,cpu         ] GC(32776) User=0.00s Sys=0.00s Real=0.00s
[15001.304s][info][gc,start       ] GC(32777) Pause Young (Allocation Failure)
[15001.307s][info][gc,heap        ] GC(32777) PSYoungGen: 82176K(84480K)->1376K(84480K) Eden: 81920K(81920K)->0K(81920K) From: 256K(2560K)->1376K(2560K)
[15001.307s][info][gc,heap        ] GC(32777) ParOldGen: 463655K(463872K)->463711K(463872K)
[15001.307s][info][gc,metaspace   ] GC(32777) Metaspace: 62367K(62592K)->62367K(62592K) NonClass: 53321K(53504K)->53321K(53504K) Class: 9046K(9088K)->9046K(9088K)
[15001.307s][info][gc             ] GC(32777) Pause Young (Allocation Failure) 533M->454M(535M) 3.150ms
[15001.307s][info][gc,cpu         ] GC(32777) User=0.01s Sys=0.00s Real=0.01s
[15001.799s][info][gc,start       ] GC(32778) Pause Young (Allocation Failure)
[15001.802s][info][gc,heap        ] GC(32778) PSYoungGen: 83296K(84480K)->1184K(84480K) Eden: 81920K(81920K)->0K(81920K) From: 1376K(2560K)->1184K(2560K)
[15001.802s][info][gc,heap        ] GC(32778) ParOldGen: 463711K(463872K)->463767K(463872K)
[15001.802s][info][gc,metaspace   ] GC(32778) Metaspace: 62367K(62592K)->62367K(62592K) NonClass: 53321K(53504K)->53321K(53504K) Class: 9046K(9088K)->9046K(9088K)
[15001.802s][info][gc             ] GC(32778) Pause Young (Allocation Failure) 534M->454M(535M) 3.012ms
[15001.802s][info][gc,cpu         ] GC(32778) User=0.00s Sys=0.00s Real=0.00s
[15002.254s][info][gc,start       ] GC(32779) Pause Young (Allocation Failure)
[15002.257s][info][gc,heap        ] GC(32779) PSYoungGen: 83104K(84480K)->672K(84480K) Eden: 81920K(81920K)->0K(81920K) From: 1184K(2560K)->672K(2560K)
[15002.257s][info][gc,heap        ] GC(32779) ParOldGen: 463767K(463872K)->463823K(463872K)
[15002.257s][info][gc,metaspace   ] GC(32779) Metaspace: 62367K(62592K)->62367K(62592K) NonClass: 53321K(53504K)->53321K(53504K) Class: 9046K(9088K)->9046K(9088K)
[15002.257s][info][gc             ] GC(32779) Pause Young (Allocation Failure) 534M->453M(535M) 2.541ms
[15002.257s][info][gc,cpu         ] GC(32779) User=0.00s Sys=0.00s Real=0.01s
[15002.748s][info][gc,start       ] GC(32780) Pause Young (Allocation Failure)
[15002.750s][info][gc,heap        ] GC(32780) PSYoungGen: 82592K(84480K)->512K(84480K) Eden: 81920K(81920K)->0K(81920K) From: 672K(2560K)->512K(2560K)
[15002.750s][info][gc,heap        ] GC(32780) ParOldGen: 463823K(463872K)->463879K(464384K)
[15002.750s][info][gc,metaspace   ] GC(32780) Metaspace: 62367K(62592K)->62367K(62592K) NonClass: 53321K(53504K)->53321K(53504K) Class: 9046K(9088K)->9046K(9088K)
[15002.750s][info][gc             ] GC(32780) Pause Young (Allocation Failure) 533M->453M(536M) 2.469ms
[15002.750s][info][gc,cpu         ] GC(32780) User=0.01s Sys=0.00s Real=0.00s
[15003.209s][info][gc,start       ] GC(32781) Pause Young (Allocation Failure)
[15003.212s][info][gc,heap        ] GC(32781) PSYoungGen: 82432K(84480K)->1472K(84480K) Eden: 81920K(81920K)->0K(81920K) From: 512K(2560K)->1472K(2560K)
[15003.212s][info][gc,heap        ] GC(32781) ParOldGen: 463879K(464384K)->463935K(464384K)
[15003.212s][info][gc,metaspace   ] GC(32781) Metaspace: 62367K(62592K)->62367K(62592K) NonClass: 53321K(53504K)->53321K(53504K) Class: 9046K(9088K)->9046K(9088K)
[15003.212s][info][gc             ] GC(32781) Pause Young (Allocation Failure) 533M->454M(536M) 3.207ms
[15003.212s][info][gc,cpu         ] GC(32781) User=0.01s Sys=0.00s Real=0.00s
[15003.676s][info][gc,start       ] GC(32782) Pause Young (Allocation Failure)
[15003.680s][info][gc,heap        ] GC(32782) PSYoungGen: 83392K(84480K)->1952K(84480K) Eden: 81920K(81920K)->0K(81920K) From: 1472K(2560K)->1952K(2560K)
[15003.680s][info][gc,heap        ] GC(32782) ParOldGen: 463935K(464384K)->465007K(465920K)
[15003.680s][info][gc,metaspace   ] GC(32782) Metaspace: 62367K(62592K)->62367K(62592K) NonClass: 53321K(53504K)->53321K(53504K) Class: 9046K(9088K)->9046K(9088K)
[15003.680s][info][gc             ] GC(32782) Pause Young (Allocation Failure) 534M->456M(537M) 3.402ms
[15003.680s][info][gc,cpu         ] GC(32782) User=0.00s Sys=0.00s Real=0.00s
[15004.236s][info][gc,start       ] GC(32783) Pause Young (Allocation Failure)
[15004.240s][info][gc,heap        ] GC(32783) PSYoungGen: 83872K(84480K)->480K(84480K) Eden: 81920K(81920K)->0K(81920K) From: 1952K(2560K)->480K(2560K)
[15004.240s][info][gc,heap        ] GC(32783) ParOldGen: 465007K(465920K)->467111K(467456K)
[15004.240s][info][gc,metaspace   ] GC(32783) Metaspace: 62367K(62592K)->62367K(62592K) NonClass: 53321K(53504K)->53321K(53504K) Class: 9046K(9088K)->9046K(9088K)
[15004.240s][info][gc             ] GC(32783) Pause Young (Allocation Failure) 536M->456M(539M) 3.516ms
[15004.240s][info][gc,cpu         ] GC(32783) User=0.01s Sys=0.01s Real=0.00s
[15004.711s][info][gc,start       ] GC(32784) Pause Young (Allocation Failure)
[15004.714s][info][gc,heap        ] GC(32784) PSYoungGen: 82400K(84480K)->1344K(84480K) Eden: 81920K(81920K)->0K(81920K) From: 480K(2560K)->1344K(2560K)
[15004.714s][info][gc,heap        ] GC(32784) ParOldGen: 467111K(467456K)->467215K(467456K)
[15004.714s][info][gc,metaspace   ] GC(32784) Metaspace: 62367K(62592K)->62367K(62592K) NonClass: 53321K(53504K)->53321K(53504K) Class: 9046K(9088K)->9046K(9088K)
[15004.714s][info][gc             ] GC(32784) Pause Young (Allocation Failure) 536M->457M(539M) 3.129ms
[15004.714s][info][gc,cpu         ] GC(32784) User=0.01s Sys=0.00s Real=0.00s
[15005.176s][info][gc,start       ] GC(32785) Pause Young (Allocation Failure)
[15005.179s][info][gc,heap        ] GC(32785) PSYoungGen: 83264K(84480K)->928K(84480K) Eden: 81920K(81920K)->0K(81920K) From: 1344K(2560K)->928K(2560K)
[15005.179s][info][gc,heap        ] GC(32785) ParOldGen: 467215K(467456K)->467263K(467456K)
[15005.179s][info][gc,metaspace   ] GC(32785) Metaspace: 62367K(62592K)->62367K(62592K) NonClass: 53321K(53504K)->53321K(53504K) Class: 9046K(9088K)->9046K(9088K)
[15005.179s][info][gc             ] GC(32785) Pause Young (Allocation Failure) 537M->457M(539M) 2.770ms
[15005.179s][info][gc,cpu         ] GC(32785) User=0.01s Sys=0.00s Real=0.00s
[15005.630s][info][gc,start       ] GC(32786) Pause Young (Allocation Failure)
[15005.632s][info][gc,heap        ] GC(32786) PSYoungGen: 82848K(84480K)->288K(84480K) Eden: 81920K(81920K)->0K(81920K) From: 928K(2560K)->288K(2560K)
[15005.632s][info][gc,heap        ] GC(32786) ParOldGen: 467263K(467456K)->467319K(467456K)
[15005.632s][info][gc,metaspace   ] GC(32786) Metaspace: 62367K(62592K)->62367K(62592K) NonClass: 53321K(53504K)->53321K(53504K) Class: 9046K(9088K)->9046K(9088K)
[15005.632s][info][gc             ] GC(32786) Pause Young (Allocation Failure) 537M->456M(539M) 2.246ms
[15005.632s][info][gc,cpu         ] GC(32786) User=0.00s Sys=0.00s Real=0.00s
[15006.082s][info][gc,start       ] GC(32787) Pause Young (Allocation Failure)
[15006.085s][info][gc,heap        ] GC(32787) PSYoungGen: 82208K(84480K)->1024K(84480K) Eden: 81920K(81920K)->0K(81920K) From: 288K(2560K)->1024K(2560K)
[15006.085s][info][gc,heap        ] GC(32787) ParOldGen: 467319K(467456K)->467375K(467456K)
[15006.085s][info][gc,metaspace   ] GC(32787) Metaspace: 62367K(62592K)->62367K(62592K) NonClass: 53321K(53504K)->53321K(53504K) Class: 9046K(9088K)->9046K(9088K)
[15006.085s][info][gc             ] GC(32787) Pause Young (Allocation Failure) 536M->457M(539M) 2.897ms
[15006.085s][info][gc,cpu         ] GC(32787) User=0.00s Sys=0.00s Real=0.00s
[15006.558s][info][gc,start       ] GC(32788) Pause Young (Allocation Failure)
[15006.561s][info][gc,heap        ] GC(32788) PSYoungGen: 82944K(84480K)->672K(84480K) Eden: 81920K(81920K)->0K(81920K) From: 1024K(2560K)->672K(2560K)
[15006.561s][info][gc,heap        ] GC(32788) ParOldGen: 467375K(467456K)->467431K(467456K)
[15006.561s][info][gc,metaspace   ] GC(32788) Metaspace: 62367K(62592K)->62367K(62592K) NonClass: 53321K(53504K)->53321K(53504K) Class: 9046K(9088K)->9046K(9088K)
[15006.561s][info][gc             ] GC(32788) Pause Young (Allocation Failure) 537M->457M(539M) 2.745ms
[15006.561s][info][gc,cpu         ] GC(32788) User=0.00s Sys=0.01s Real=0.00s
[15007.011s][info][gc,start       ] GC(32789) Pause Young (Allocation Failure)
[15007.014s][info][gc,heap        ] GC(32789) PSYoungGen: 82592K(84480K)->1504K(84480K) Eden: 81920K(81920K)->0K(81920K) From: 672K(2560K)->1504K(2560K)
[15007.014s][info][gc,heap        ] GC(32789) ParOldGen: 467431K(467456K)->467487K(467968K)
[15007.014s][info][gc,metaspace   ] GC(32789) Metaspace: 62367K(62592K)->62367K(62592K) NonClass: 53321K(53504K)->53321K(53504K) Class: 9046K(9088K)->9046K(9088K)
[15007.014s][info][gc             ] GC(32789) Pause Young (Allocation Failure) 537M->457M(539M) 3.353ms
[15007.014s][info][gc,cpu         ] GC(32789) User=0.01s Sys=0.00s Real=0.00s
[15007.454s][info][gc,start       ] GC(32790) Pause Young (Allocation Failure)
[15007.456s][info][gc,heap        ] GC(32790) PSYoungGen: 83424K(84480K)->640K(84480K) Eden: 81920K(81920K)->0K(81920K) From: 1504K(2560K)->640K(2560K)
[15007.456s][info][gc,heap        ] GC(32790) ParOldGen: 467487K(467968K)->467535K(467968K)
[15007.456s][info][gc,metaspace   ] GC(32790) Metaspace: 62367K(62592K)->62367K(62592K) NonClass: 53321K(53504K)->53321K(53504K) Class: 9046K(9088K)->9046K(9088K)
[15007.456s][info][gc             ] GC(32790) Pause Young (Allocation Failure) 537M->457M(539M) 2.453ms
[15007.456s][info][gc,cpu         ] GC(32790) User=0.00s Sys=0.00s Real=0.01s
[15007.936s][info][gc,start       ] GC(32791) Pause Young (Allocation Failure)
[15007.938s][info][gc,heap        ] GC(32791) PSYoungGen: 82560K(84480K)->384K(84480K) Eden: 81920K(81920K)->0K(81920K) From: 640K(2560K)->384K(2560K)
[15007.938s][info][gc,heap        ] GC(32791) ParOldGen: 467535K(467968K)->467591K(467968K)
[15007.938s][info][gc,metaspace   ] GC(32791) Metaspace: 62367K(62592K)->62367K(62592K) NonClass: 53321K(53504K)->53321K(53504K) Class: 9046K(9088K)->9046K(9088K)
[15007.938s][info][gc             ] GC(32791) Pause Young (Allocation Failure) 537M->457M(539M) 2.355ms
[15007.938s][info][gc,cpu         ] GC(32791) User=0.00s Sys=0.00s Real=0.00s
[15008.369s][info][gc,start       ] GC(32792) Pause Young (Allocation Failure)
[15008.372s][info][gc,heap        ] GC(32792) PSYoungGen: 82304K(84480K)->928K(84992K) Eden: 81920K(81920K)->0K(82432K) From: 384K(2560K)->928K(2560K)
[15008.372s][info][gc,heap        ] GC(32792) ParOldGen: 467591K(467968K)->467647K(467968K)
[15008.372s][info][gc,metaspace   ] GC(32792) Metaspace: 62367K(62592K)->62367K(62592K) NonClass: 53321K(53504K)->53321K(53504K) Class: 9046K(9088K)->9046K(9088K)
[15008.372s][info][gc             ] GC(32792) Pause Young (Allocation Failure) 537M->457M(540M) 2.760ms
[15008.372s][info][gc,cpu         ] GC(32792) User=0.01s Sys=0.00s Real=0.00s
[15008.797s][info][gc,start       ] GC(32793) Pause Young (Allocation Failure)
[15008.801s][info][gc,heap        ] GC(32793) PSYoungGen: 83360K(84992K)->1184K(84480K) Eden: 82432K(82432K)->0K(82432K) From: 928K(2560K)->1184K(2048K)
[15008.801s][info][gc,heap        ] GC(32793) ParOldGen: 467647K(467968K)->469751K(471040K)
[15008.801s][info][gc,metaspace   ] GC(32793) Metaspace: 62367K(62592K)->62367K(62592K) NonClass: 53321K(53504K)->53321K(53504K) Class: 9046K(9088K)->9046K(9088K)
[15008.801s][info][gc             ] GC(32793) Pause Young (Allocation Failure) 538M->459M(542M) 4.164ms
[15008.801s][info][gc,cpu         ] GC(32793) User=0.00s Sys=0.00s Real=0.00s
[15009.259s][info][gc,start       ] GC(32794) Pause Young (Allocation Failure)
[15009.261s][info][gc,heap        ] GC(32794) PSYoungGen: 83616K(84480K)->704K(84992K) Eden: 82432K(82432K)->0K(82944K) From: 1184K(2048K)->704K(2048K)
[15009.261s][info][gc,heap        ] GC(32794) ParOldGen: 469751K(471040K)->469799K(471040K)
[15009.261s][info][gc,metaspace   ] GC(32794) Metaspace: 62367K(62592K)->62367K(62592K) NonClass: 53321K(53504K)->53321K(53504K) Class: 9046K(9088K)->9046K(9088K)
[15009.261s][info][gc             ] GC(32794) Pause Young (Allocation Failure) 540M->459M(543M) 2.550ms
[15009.261s][info][gc,cpu         ] GC(32794) User=0.01s Sys=0.00s Real=0.00s
[15009.719s][info][gc,start       ] GC(32795) Pause Young (Allocation Failure)
[15009.723s][info][gc,heap        ] GC(32795) PSYoungGen: 83648K(84992K)->1600K(84992K) Eden: 82944K(82944K)->0K(82944K) From: 704K(2048K)->1600K(2048K)
[15009.723s][info][gc,heap        ] GC(32795) ParOldGen: 469799K(471040K)->469847K(471040K)
[15009.723s][info][gc,metaspace   ] GC(32795) Metaspace: 62367K(62592K)->62367K(62592K) NonClass: 53321K(53504K)->53321K(53504K) Class: 9046K(9088K)->9046K(9088K)
[15009.723s][info][gc             ] GC(32795) Pause Young (Allocation Failure) 540M->460M(543M) 3.293ms
[15009.723s][info][gc,cpu         ] GC(32795) User=0.01s Sys=0.00s Real=0.00s
[15010.191s][info][gc,start       ] GC(32796) Pause Young (Allocation Failure)
[15010.194s][info][gc,heap        ] GC(32796) PSYoungGen: 84544K(84992K)->1120K(84992K) Eden: 82944K(82944K)->0K(82944K) From: 1600K(2048K)->1120K(2048K)
[15010.194s][info][gc,heap        ] GC(32796) ParOldGen: 469847K(471040K)->469895K(471040K)
[15010.194s][info][gc,metaspace   ] GC(32796) Metaspace: 62367K(62592K)->62367K(62592K) NonClass: 53321K(53504K)->53321K(53504K) Class: 9046K(9088K)->9046K(9088K)
[15010.194s][info][gc             ] GC(32796) Pause Young (Allocation Failure) 541M->459M(543M) 2.951ms
[15010.194s][info][gc,cpu         ] GC(32796) User=0.01s Sys=0.00s Real=0.00s
[15010.664s][info][gc,start       ] GC(32797) Pause Young (Allocation Failure)
[15010.667s][info][gc,heap        ] GC(32797) PSYoungGen: 84064K(84992K)->800K(84992K) Eden: 82944K(82944K)->0K(82944K) From: 1120K(2048K)->800K(2048K)
[15010.667s][info][gc,heap        ] GC(32797) ParOldGen: 469895K(471040K)->469943K(471040K)
[15010.667s][info][gc,metaspace   ] GC(32797) Metaspace: 62367K(62592K)->62367K(62592K) NonClass: 53321K(53504K)->53321K(53504K) Class: 9046K(9088K)->9046K(9088K)
[15010.667s][info][gc             ] GC(32797) Pause Young (Allocation Failure) 540M->459M(543M) 2.716ms
[15010.667s][info][gc,cpu         ] GC(32797) User=0.01s Sys=0.00s Real=0.01s
[15011.119s][info][gc,start       ] GC(32798) Pause Young (Allocation Failure)
[15011.122s][info][gc,heap        ] GC(32798) PSYoungGen: 83744K(84992K)->1536K(83968K) Eden: 82944K(82944K)->0K(81920K) From: 800K(2048K)->1536K(2048K)
[15011.122s][info][gc,heap        ] GC(32798) ParOldGen: 469943K(471040K)->469991K(471040K)
[15011.122s][info][gc,metaspace   ] GC(32798) Metaspace: 62367K(62592K)->62367K(62592K) NonClass: 53321K(53504K)->53321K(53504K) Class: 9046K(9088K)->9046K(9088K)
[15011.122s][info][gc             ] GC(32798) Pause Young (Allocation Failure) 540M->460M(542M) 3.313ms
[15011.122s][info][gc,cpu         ] GC(32798) User=0.00s Sys=0.00s Real=0.00s
[15011.597s][info][gc,start       ] GC(32799) Pause Young (Allocation Failure)
[15011.600s][info][gc,heap        ] GC(32799) PSYoungGen: 83456K(83968K)->1248K(84480K) Eden: 81920K(81920K)->0K(81920K) From: 1536K(2048K)->1248K(2560K)
[15011.600s][info][gc,heap        ] GC(32799) ParOldGen: 469991K(471040K)->470039K(471040K)
[15011.600s][info][gc,metaspace   ] GC(32799) Metaspace: 62367K(62592K)->62367K(62592K) NonClass: 53321K(53504K)->53321K(53504K) Class: 9046K(9088K)->9046K(9088K)
[15011.600s][info][gc             ] GC(32799) Pause Young (Allocation Failure) 540M->460M(542M) 3.056ms
[15011.600s][info][gc,cpu         ] GC(32799) User=0.00s Sys=0.00s Real=0.00s
[15012.131s][info][gc,start       ] GC(32800) Pause Young (Allocation Failure)
[15012.133s][info][gc,heap        ] GC(32800) PSYoungGen: 83168K(84480K)->352K(83968K) Eden: 81920K(81920K)->0K(81920K) From: 1248K(2560K)->352K(2048K)
[15012.133s][info][gc,heap        ] GC(32800) ParOldGen: 470039K(471040K)->470095K(471040K)
[15012.133s][info][gc,metaspace   ] GC(32800) Metaspace: 62367K(62592K)->62367K(62592K) NonClass: 53321K(53504K)->53321K(53504K) Class: 9046K(9088K)->9046K(9088K)
[15012.133s][info][gc             ] GC(32800) Pause Young (Allocation Failure) 540M->459M(542M) 2.459ms
[15012.133s][info][gc,cpu         ] GC(32800) User=0.00s Sys=0.00s Real=0.00s
[15012.598s][info][gc,start       ] GC(32801) Pause Young (Allocation Failure)
[15012.601s][info][gc,heap        ] GC(32801) PSYoungGen: 82272K(83968K)->1248K(84480K) Eden: 81920K(81920K)->0K(81920K) From: 352K(2048K)->1248K(2560K)
[15012.601s][info][gc,heap        ] GC(32801) ParOldGen: 470095K(471040K)->470191K(471040K)
[15012.601s][info][gc,metaspace   ] GC(32801) Metaspace: 62367K(62592K)->62367K(62592K) NonClass: 53321K(53504K)->53321K(53504K) Class: 9046K(9088K)->9046K(9088K)
[15012.601s][info][gc             ] GC(32801) Pause Young (Allocation Failure) 539M->460M(542M) 3.039ms
[15012.602s][info][gc,cpu         ] GC(32801) User=0.01s Sys=0.00s Real=0.00s
[15013.070s][info][gc,start       ] GC(32802) Pause Young (Allocation Failure)
[15013.073s][info][gc,heap        ] GC(32802) PSYoungGen: 83168K(84480K)->864K(84992K) Eden: 81920K(81920K)->0K(82944K) From: 1248K(2560K)->864K(2048K)
[15013.073s][info][gc,heap        ] GC(32802) ParOldGen: 470191K(471040K)->470247K(471040K)
[15013.073s][info][gc,metaspace   ] GC(32802) Metaspace: 62367K(62592K)->62367K(62592K) NonClass: 53321K(53504K)->53321K(53504K) Class: 9046K(9088K)->9046K(9088K)
[15013.073s][info][gc             ] GC(32802) Pause Young (Allocation Failure) 540M->460M(543M) 2.709ms
[15013.073s][info][gc,cpu         ] GC(32802) User=0.00s Sys=0.00s Real=0.00s
[15013.534s][info][gc,start       ] GC(32803) Pause Young (Allocation Failure)
[15013.537s][info][gc,heap        ] GC(32803) PSYoungGen: 83808K(84992K)->1376K(84992K) Eden: 82944K(82944K)->0K(82944K) From: 864K(2048K)->1376K(2048K)
[15013.537s][info][gc,heap        ] GC(32803) ParOldGen: 470247K(471040K)->471320K(472576K)
[15013.537s][info][gc,metaspace   ] GC(32803) Metaspace: 62367K(62592K)->62367K(62592K) NonClass: 53321K(53504K)->53321K(53504K) Class: 9046K(9088K)->9046K(9088K)
[15013.537s][info][gc             ] GC(32803) Pause Young (Allocation Failure) 541M->461M(544M) 3.272ms
[15013.537s][info][gc,cpu         ] GC(32803) User=0.01s Sys=0.00s Real=0.01s
[15013.956s][info][gc,start       ] GC(32804) Pause Young (Allocation Failure)
[15013.960s][info][gc,heap        ] GC(32804) PSYoungGen: 84320K(84992K)->736K(84992K) Eden: 82944K(82944K)->0K(82944K) From: 1376K(2048K)->736K(2048K)
[15013.960s][info][gc,heap        ] GC(32804) ParOldGen: 471320K(472576K)->473416K(474112K)
[15013.960s][info][gc,metaspace   ] GC(32804) Metaspace: 62367K(62592K)->62367K(62592K) NonClass: 53321K(53504K)->53321K(53504K) Class: 9046K(9088K)->9046K(9088K)
[15013.960s][info][gc             ] GC(32804) Pause Young (Allocation Failure) 542M->463M(546M) 3.686ms
[15013.960s][info][gc,cpu         ] GC(32804) User=0.01s Sys=0.00s Real=0.00s
[15014.404s][info][gc,start       ] GC(32805) Pause Young (Allocation Failure)
[15014.407s][info][gc,heap        ] GC(32805) PSYoungGen: 83679K(84992K)->1280K(84992K) Eden: 82943K(82944K)->0K(82944K) From: 736K(2048K)->1280K(2048K)
[15014.407s][info][gc,heap        ] GC(32805) ParOldGen: 473416K(474112K)->473472K(474112K)
[15014.407s][info][gc,metaspace   ] GC(32805) Metaspace: 62367K(62592K)->62367K(62592K) NonClass: 53321K(53504K)->53321K(53504K) Class: 9046K(9088K)->9046K(9088K)
[15014.407s][info][gc             ] GC(32805) Pause Young (Allocation Failure) 544M->463M(546M) 3.151ms
[15014.407s][info][gc,cpu         ] GC(32805) User=0.00s Sys=0.00s Real=0.01s
[15014.828s][info][gc,start       ] GC(32806) Pause Young (Allocation Failure)
[15014.830s][info][gc,heap        ] GC(32806) PSYoungGen: 84224K(84992K)->320K(84992K) Eden: 82944K(82944K)->0K(82944K) From: 1280K(2048K)->320K(2048K)
[15014.830s][info][gc,heap        ] GC(32806) ParOldGen: 473472K(474112K)->473528K(474112K)
[15014.830s][info][gc,metaspace   ] GC(32806) Metaspace: 62367K(62592K)->62367K(62592K) NonClass: 53321K(53504K)->53321K(53504K) Class: 9046K(9088K)->9046K(9088K)
[15014.830s][info][gc             ] GC(32806) Pause Young (Allocation Failure) 544M->462M(546M) 2.292ms
[15014.830s][info][gc,cpu         ] GC(32806) User=0.00s Sys=0.00s Real=0.00s
[15015.254s][info][gc,start       ] GC(32807) Pause Young (Allocation Failure)
[15015.256s][info][gc,heap        ] GC(32807) PSYoungGen: 83264K(84992K)->672K(84992K) Eden: 82944K(82944K)->0K(82944K) From: 320K(2048K)->672K(2048K)
[15015.256s][info][gc,heap        ] GC(32807) ParOldGen: 473528K(474112K)->473576K(474112K)
[15015.256s][info][gc,metaspace   ] GC(32807) Metaspace: 62367K(62592K)->62367K(62592K) NonClass: 53321K(53504K)->53321K(53504K) Class: 9046K(9088K)->9046K(9088K)
[15015.256s][info][gc             ] GC(32807) Pause Young (Allocation Failure) 543M->463M(546M) 2.505ms
[15015.256s][info][gc,cpu         ] GC(32807) User=0.00s Sys=0.00s Real=0.01s
[15015.675s][info][gc,start       ] GC(32808) Pause Young (Allocation Failure)
[15015.678s][info][gc,heap        ] GC(32808) PSYoungGen: 83616K(84992K)->1024K(84992K) Eden: 82944K(82944K)->0K(82944K) From: 672K(2048K)->1024K(2048K)
[15015.678s][info][gc,heap        ] GC(32808) ParOldGen: 473576K(474112K)->473632K(474112K)
[15015.678s][info][gc,metaspace   ] GC(32808) Metaspace: 62367K(62592K)->62367K(62592K) NonClass: 53321K(53504K)->53321K(53504K) Class: 9046K(9088K)->9046K(9088K)
[15015.678s][info][gc             ] GC(32808) Pause Young (Allocation Failure) 544M->463M(546M) 2.902ms
[15015.678s][info][gc,cpu         ] GC(32808) User=0.01s Sys=0.00s Real=0.01s
[15016.100s][info][gc,start       ] GC(32809) Pause Young (Allocation Failure)
[15016.103s][info][gc,heap        ] GC(32809) PSYoungGen: 83968K(84992K)->1376K(84992K) Eden: 82944K(82944K)->0K(82944K) From: 1024K(2048K)->1376K(2048K)
[15016.103s][info][gc,heap        ] GC(32809) ParOldGen: 473632K(474112K)->473688K(474112K)
[15016.103s][info][gc,metaspace   ] GC(32809) Metaspace: 62367K(62592K)->62367K(62592K) NonClass: 53321K(53504K)->53321K(53504K) Class: 9046K(9088K)->9046K(9088K)
[15016.103s][info][gc             ] GC(32809) Pause Young (Allocation Failure) 544M->463M(546M) 3.401ms
[15016.103s][info][gc,cpu         ] GC(32809) User=0.01s Sys=0.00s Real=0.00s
[15016.565s][info][gc,start       ] GC(32810) Pause Young (Allocation Failure)
[15016.567s][info][gc,heap        ] GC(32810) PSYoungGen: 84320K(84992K)->768K(84992K) Eden: 82944K(82944K)->0K(82944K) From: 1376K(2048K)->768K(2048K)
[15016.567s][info][gc,heap        ] GC(32810) ParOldGen: 473688K(474112K)->473744K(474112K)
[15016.567s][info][gc,metaspace   ] GC(32810) Metaspace: 62367K(62592K)->62367K(62592K) NonClass: 53321K(53504K)->53321K(53504K) Class: 9046K(9088K)->9046K(9088K)
[15016.567s][info][gc             ] GC(32810) Pause Young (Allocation Failure) 544M->463M(546M) 2.601ms
[15016.567s][info][gc,cpu         ] GC(32810) User=0.00s Sys=0.00s Real=0.01s
[15017.022s][info][gc,start       ] GC(32811) Pause Young (Allocation Failure)
[15017.025s][info][gc,heap        ] GC(32811) PSYoungGen: 83712K(84992K)->224K(84992K) Eden: 82944K(82944K)->0K(82944K) From: 768K(2048K)->224K(2048K)
[15017.025s][info][gc,heap        ] GC(32811) ParOldGen: 473744K(474112K)->473800K(474112K)
[15017.025s][info][gc,metaspace   ] GC(32811) Metaspace: 62367K(62592K)->62367K(62592K) NonClass: 53321K(53504K)->53321K(53504K) Class: 9046K(9088K)->9046K(9088K)
[15017.025s][info][gc             ] GC(32811) Pause Young (Allocation Failure) 544M->462M(546M) 2.273ms
[15017.025s][info][gc,cpu         ] GC(32811) User=0.01s Sys=0.00s Real=0.00s
[15017.501s][info][gc,start       ] GC(32812) Pause Young (Allocation Failure)
[15017.504s][info][gc,heap        ] GC(32812) PSYoungGen: 83168K(84992K)->1184K(84992K) Eden: 82944K(82944K)->0K(82944K) From: 224K(2048K)->1184K(2048K)
[15017.504s][info][gc,heap        ] GC(32812) ParOldGen: 473800K(474112K)->473856K(474112K)
[15017.504s][info][gc,metaspace   ] GC(32812) Metaspace: 62367K(62592K)->62367K(62592K) NonClass: 53321K(53504K)->53321K(53504K) Class: 9046K(9088K)->9046K(9088K)
[15017.504s][info][gc             ] GC(32812) Pause Young (Allocation Failure) 543M->463M(546M) 3.123ms
[15017.504s][info][gc,cpu         ] GC(32812) User=0.00s Sys=0.00s Real=0.00s
[15017.947s][info][gc,start       ] GC(32813) Pause Young (Allocation Failure)
[15017.949s][info][gc,heap        ] GC(32813) PSYoungGen: 84128K(84992K)->608K(84992K) Eden: 82944K(82944K)->0K(82944K) From: 1184K(2048K)->608K(2048K)
[15017.949s][info][gc,heap        ] GC(32813) ParOldGen: 473856K(474112K)->473912K(474112K)
[15017.949s][info][gc,metaspace   ] GC(32813) Metaspace: 62367K(62592K)->62367K(62592K) NonClass: 53321K(53504K)->53321K(53504K) Class: 9046K(9088K)->9046K(9088K)
[15017.950s][info][gc             ] GC(32813) Pause Young (Allocation Failure) 544M->463M(546M) 2.551ms
[15017.950s][info][gc,cpu         ] GC(32813) User=0.01s Sys=0.00s Real=0.00s
[15018.431s][info][gc,start       ] GC(32814) Pause Young (Allocation Failure)
[15018.434s][info][gc,heap        ] GC(32814) PSYoungGen: 83552K(84992K)->320K(84992K) Eden: 82944K(82944K)->0K(82944K) From: 608K(2048K)->320K(2048K)
[15018.434s][info][gc,heap        ] GC(32814) ParOldGen: 473912K(474112K)->473960K(474112K)
[15018.434s][info][gc,metaspace   ] GC(32814) Metaspace: 62367K(62592K)->62367K(62592K) NonClass: 53321K(53504K)->53321K(53504K) Class: 9046K(9088K)->9046K(9088K)
[15018.434s][info][gc             ] GC(32814) Pause Young (Allocation Failure) 544M->463M(546M) 2.339ms
[15018.434s][info][gc,cpu         ] GC(32814) User=0.01s Sys=0.01s Real=0.00s
[15018.895s][info][gc,start       ] GC(32815) Pause Young (Allocation Failure)
[15018.897s][info][gc,heap        ] GC(32815) PSYoungGen: 83264K(84992K)->1184K(84992K) Eden: 82944K(82944K)->0K(82944K) From: 320K(2048K)->1184K(2048K)
[15018.898s][info][gc,heap        ] GC(32815) ParOldGen: 473960K(474112K)->474008K(474112K)
[15018.898s][info][gc,metaspace   ] GC(32815) Metaspace: 62367K(62592K)->62367K(62592K) NonClass: 53321K(53504K)->53321K(53504K) Class: 9046K(9088K)->9046K(9088K)
[15018.898s][info][gc             ] GC(32815) Pause Young (Allocation Failure) 544M->464M(546M) 2.957ms
[15018.898s][info][gc,cpu         ] GC(32815) User=0.01s Sys=0.00s Real=0.01s
[15019.418s][info][gc,start       ] GC(32816) Pause Young (Allocation Failure)
[15019.421s][info][gc,heap        ] GC(32816) PSYoungGen: 84128K(84992K)->944K(84992K) Eden: 82944K(82944K)->0K(82944K) From: 1184K(2048K)->944K(2048K)
[15019.421s][info][gc,heap        ] GC(32816) ParOldGen: 474008K(474112K)->474064K(474112K)
[15019.421s][info][gc,metaspace   ] GC(32816) Metaspace: 62367K(62592K)->62367K(62592K) NonClass: 53321K(53504K)->53321K(53504K) Class: 9046K(9088K)->9046K(9088K)
[15019.421s][info][gc             ] GC(32816) Pause Young (Allocation Failure) 545M->463M(546M) 2.714ms
[15019.421s][info][gc,cpu         ] GC(32816) User=0.01s Sys=0.00s Real=0.00s
[15019.895s][info][gc,start       ] GC(32817) Pause Young (Allocation Failure)
[15019.898s][info][gc,heap        ] GC(32817) PSYoungGen: 83888K(84992K)->1152K(84992K) Eden: 82944K(82944K)->0K(82944K) From: 944K(2048K)->1152K(2048K)
[15019.899s][info][gc,heap        ] GC(32817) ParOldGen: 474064K(474112K)->474168K(474624K)
[15019.899s][info][gc,metaspace   ] GC(32817) Metaspace: 62367K(62592K)->62367K(62592K) NonClass: 53321K(53504K)->53321K(53504K) Class: 9046K(9088K)->9046K(9088K)
[15019.899s][info][gc             ] GC(32817) Pause Young (Allocation Failure) 544M->464M(546M) 3.086ms
[15019.899s][info][gc,cpu         ] GC(32817) User=0.01s Sys=0.00s Real=0.01s
[15020.381s][info][gc,start       ] GC(32818) Pause Young (Allocation Failure)
[15020.384s][info][gc,heap        ] GC(32818) PSYoungGen: 84096K(84992K)->1056K(84992K) Eden: 82944K(82944K)->0K(82944K) From: 1152K(2048K)->1056K(2048K)
[15020.384s][info][gc,heap        ] GC(32818) ParOldGen: 474168K(474624K)->474216K(474624K)
[15020.384s][info][gc,metaspace   ] GC(32818) Metaspace: 62367K(62592K)->62367K(62592K) NonClass: 53321K(53504K)->53321K(53504K) Class: 9046K(9088K)->9046K(9088K)
[15020.384s][info][gc             ] GC(32818) Pause Young (Allocation Failure) 545M->464M(546M) 2.906ms
[15020.384s][info][gc,cpu         ] GC(32818) User=0.00s Sys=0.00s Real=0.00s
[15020.840s][info][gc,start       ] GC(32819) Pause Young (Allocation Failure)
[15020.843s][info][gc,heap        ] GC(32819) PSYoungGen: 84000K(84992K)->448K(84992K) Eden: 82944K(82944K)->0K(82944K) From: 1056K(2048K)->448K(2048K)
[15020.843s][info][gc,heap        ] GC(32819) ParOldGen: 474216K(474624K)->474264K(474624K)
[15020.843s][info][gc,metaspace   ] GC(32819) Metaspace: 62367K(62592K)->62367K(62592K) NonClass: 53321K(53504K)->53321K(53504K) Class: 9046K(9088K)->9046K(9088K)
[15020.843s][info][gc             ] GC(32819) Pause Young (Allocation Failure) 545M->463M(546M) 2.469ms
[15020.843s][info][gc,cpu         ] GC(32819) User=0.01s Sys=0.00s Real=0.00s
[15021.308s][info][gc,start       ] GC(32820) Pause Young (Allocation Failure)
[15021.311s][info][gc,heap        ] GC(32820) PSYoungGen: 83392K(84992K)->1440K(84992K) Eden: 82944K(82944K)->0K(82944K) From: 448K(2048K)->1440K(2048K)
[15021.311s][info][gc,heap        ] GC(32820) ParOldGen: 474264K(474624K)->474312K(474624K)
[15021.311s][info][gc,metaspace   ] GC(32820) Metaspace: 62367K(62592K)->62367K(62592K) NonClass: 53321K(53504K)->53321K(53504K) Class: 9046K(9088K)->9046K(9088K)
[15021.311s][info][gc             ] GC(32820) Pause Young (Allocation Failure) 544M->464M(546M) 3.375ms
[15021.311s][info][gc,cpu         ] GC(32820) User=0.01s Sys=0.00s Real=0.00s
[15021.758s][info][gc,start       ] GC(32821) Pause Young (Allocation Failure)
[15021.760s][info][gc,heap        ] GC(32821) PSYoungGen: 84384K(84992K)->704K(84992K) Eden: 82944K(82944K)->0K(82944K) From: 1440K(2048K)->704K(2048K)
[15021.760s][info][gc,heap        ] GC(32821) ParOldGen: 474312K(474624K)->474360K(474624K)
[15021.760s][info][gc,metaspace   ] GC(32821) Metaspace: 62367K(62592K)->62367K(62592K) NonClass: 53321K(53504K)->53321K(53504K) Class: 9046K(9088K)->9046K(9088K)
[15021.760s][info][gc             ] GC(32821) Pause Young (Allocation Failure) 545M->463M(546M) 2.591ms
[15021.760s][info][gc,cpu         ] GC(32821) User=0.00s Sys=0.00s Real=0.00s
[15022.179s][info][gc,start       ] GC(32822) Pause Young (Allocation Failure)
[15022.182s][info][gc,heap        ] GC(32822) PSYoungGen: 83648K(84992K)->1088K(84992K) Eden: 82944K(82944K)->0K(82944K) From: 704K(2048K)->1088K(2048K)
[15022.182s][info][gc,heap        ] GC(32822) ParOldGen: 474360K(474624K)->474408K(474624K)
[15022.182s][info][gc,metaspace   ] GC(32822) Metaspace: 62367K(62592K)->62367K(62592K) NonClass: 53321K(53504K)->53321K(53504K) Class: 9046K(9088K)->9046K(9088K)
[15022.182s][info][gc             ] GC(32822) Pause Young (Allocation Failure) 544M->464M(546M) 2.989ms
[15022.182s][info][gc,cpu         ] GC(32822) User=0.01s Sys=0.00s Real=0.00s
[15022.625s][info][gc,start       ] GC(32823) Pause Young (Allocation Failure)
[15022.627s][info][gc,heap        ] GC(32823) PSYoungGen: 84032K(84992K)->224K(84992K) Eden: 82944K(82944K)->0K(82944K) From: 1088K(2048K)->224K(2048K)
[15022.627s][info][gc,heap        ] GC(32823) ParOldGen: 474408K(474624K)->474456K(474624K)
[15022.627s][info][gc,metaspace   ] GC(32823) Metaspace: 62367K(62592K)->62367K(62592K) NonClass: 53321K(53504K)->53321K(53504K) Class: 9046K(9088K)->9046K(9088K)
[15022.627s][info][gc             ] GC(32823) Pause Young (Allocation Failure) 545M->463M(546M) 2.249ms
[15022.627s][info][gc,cpu         ] GC(32823) User=0.01s Sys=0.00s Real=0.01s
[15023.049s][info][gc,start       ] GC(32824) Pause Young (Allocation Failure)
[15023.052s][info][gc,heap        ] GC(32824) PSYoungGen: 83168K(84992K)->1600K(84992K) Eden: 82944K(82944K)->0K(82944K) From: 224K(2048K)->1600K(2048K)
[15023.052s][info][gc,heap        ] GC(32824) ParOldGen: 474456K(474624K)->474504K(474624K)
[15023.052s][info][gc,metaspace   ] GC(32824) Metaspace: 62367K(62592K)->62367K(62592K) NonClass: 53321K(53504K)->53321K(53504K) Class: 9046K(9088K)->9046K(9088K)
[15023.052s][info][gc             ] GC(32824) Pause Young (Allocation Failure) 544M->464M(546M) 2.677ms
[15023.052s][info][gc,cpu         ] GC(32824) User=0.00s Sys=0.00s Real=0.00s
[15023.518s][info][gc,start       ] GC(32825) Pause Young (Allocation Failure)
[15023.522s][info][gc,heap        ] GC(32825) PSYoungGen: 84544K(84992K)->1504K(84480K) Eden: 82944K(82944K)->0K(82944K) From: 1600K(2048K)->1504K(1536K)
[15023.522s][info][gc,heap        ] GC(32825) ParOldGen: 474504K(474624K)->476600K(477696K)
[15023.522s][info][gc,metaspace   ] GC(32825) Metaspace: 62367K(62592K)->62367K(62592K) NonClass: 53321K(53504K)->53321K(53504K) Class: 9046K(9088K)->9046K(9088K)
[15023.522s][info][gc             ] GC(32825) Pause Young (Allocation Failure) 545M->466M(549M) 4.494ms
[15023.522s][info][gc,cpu         ] GC(32825) User=0.01s Sys=0.01s Real=0.00s
[15023.982s][info][gc,start       ] GC(32826) Pause Young (Allocation Failure)
[15023.984s][info][gc,heap        ] GC(32826) PSYoungGen: 84448K(84480K)->1056K(84992K) Eden: 82944K(82944K)->0K(82432K) From: 1504K(1536K)->1056K(2560K)
[15023.984s][info][gc,heap        ] GC(32826) ParOldGen: 476600K(477696K)->476656K(477696K)
[15023.984s][info][gc,metaspace   ] GC(32826) Metaspace: 62367K(62592K)->62367K(62592K) NonClass: 53321K(53504K)->53321K(53504K) Class: 9046K(9088K)->9046K(9088K)
[15023.985s][info][gc             ] GC(32826) Pause Young (Allocation Failure) 547M->466M(549M) 2.997ms
[15023.985s][info][gc,cpu         ] GC(32826) User=0.00s Sys=0.00s Real=0.00s
[15024.430s][info][gc,start       ] GC(32827) Pause Young (Allocation Failure)
[15024.433s][info][gc,heap        ] GC(32827) PSYoungGen: 83488K(84992K)->320K(84480K) Eden: 82432K(82432K)->0K(82432K) From: 1056K(2560K)->320K(2048K)
[15024.433s][info][gc,heap        ] GC(32827) ParOldGen: 476656K(477696K)->476704K(477696K)
[15024.433s][info][gc,metaspace   ] GC(32827) Metaspace: 62367K(62592K)->62367K(62592K) NonClass: 53321K(53504K)->53321K(53504K) Class: 9046K(9088K)->9046K(9088K)
[15024.433s][info][gc             ] GC(32827) Pause Young (Allocation Failure) 547M->465M(549M) 2.385ms
[15024.433s][info][gc,cpu         ] GC(32827) User=0.01s Sys=0.00s Real=0.00s
[15024.892s][info][gc,start       ] GC(32828) Pause Young (Allocation Failure)
[15024.895s][info][gc,heap        ] GC(32828) PSYoungGen: 82752K(84480K)->1184K(84992K) Eden: 82432K(82432K)->0K(82432K) From: 320K(2048K)->1184K(2560K)
[15024.895s][info][gc,heap        ] GC(32828) ParOldGen: 476704K(477696K)->476760K(477696K)
[15024.895s][info][gc,metaspace   ] GC(32828) Metaspace: 62367K(62592K)->62367K(62592K) NonClass: 53321K(53504K)->53321K(53504K) Class: 9046K(9088K)->9046K(9088K)
[15024.895s][info][gc             ] GC(32828) Pause Young (Allocation Failure) 546M->466M(549M) 3.141ms
[15024.895s][info][gc,cpu         ] GC(32828) User=0.00s Sys=0.00s Real=0.00s
[15025.391s][info][gc,start       ] GC(32829) Pause Young (Allocation Failure)
[15025.394s][info][gc,heap        ] GC(32829) PSYoungGen: 83616K(84992K)->1152K(84480K) Eden: 82432K(82432K)->0K(82432K) From: 1184K(2560K)->1152K(2048K)
[15025.394s][info][gc,heap        ] GC(32829) ParOldGen: 476760K(477696K)->476816K(477696K)
[15025.394s][info][gc,metaspace   ] GC(32829) Metaspace: 62367K(62592K)->62367K(62592K) NonClass: 53321K(53504K)->53321K(53504K) Class: 9046K(9088K)->9046K(9088K)
[15025.394s][info][gc             ] GC(32829) Pause Young (Allocation Failure) 547M->466M(549M) 3.082ms
[15025.394s][info][gc,cpu         ] GC(32829) User=0.01s Sys=0.00s Real=0.00s
[15025.846s][info][gc,start       ] GC(32830) Pause Young (Allocation Failure)
[15025.849s][info][gc,heap        ] GC(32830) PSYoungGen: 83584K(84480K)->576K(84992K) Eden: 82432K(82432K)->0K(82944K) From: 1152K(2048K)->576K(2048K)
[15025.849s][info][gc,heap        ] GC(32830) ParOldGen: 476816K(477696K)->476872K(477696K)
[15025.849s][info][gc,metaspace   ] GC(32830) Metaspace: 62367K(62592K)->62367K(62592K) NonClass: 53321K(53504K)->53321K(53504K) Class: 9046K(9088K)->9046K(9088K)
[15025.849s][info][gc             ] GC(32830) Pause Young (Allocation Failure) 547M->466M(549M) 2.495ms
[15025.849s][info][gc,cpu         ] GC(32830) User=0.01s Sys=0.00s Real=0.00s
[15026.302s][info][gc,start       ] GC(32831) Pause Young (Allocation Failure)
[15026.305s][info][gc,heap        ] GC(32831) PSYoungGen: 83520K(84992K)->1280K(84992K) Eden: 82944K(82944K)->0K(82944K) From: 576K(2048K)->1280K(2048K)
[15026.305s][info][gc,heap        ] GC(32831) ParOldGen: 476872K(477696K)->476928K(477696K)
[15026.305s][info][gc,metaspace   ] GC(32831) Metaspace: 62367K(62592K)->62367K(62592K) NonClass: 53321K(53504K)->53321K(53504K) Class: 9046K(9088K)->9046K(9088K)
[15026.305s][info][gc             ] GC(32831) Pause Young (Allocation Failure) 547M->467M(549M) 3.242ms
[15026.305s][info][gc,cpu         ] GC(32831) User=0.01s Sys=0.00s Real=0.00s
[15026.761s][info][gc,start       ] GC(32832) Pause Young (Allocation Failure)
[15026.764s][info][gc,heap        ] GC(32832) PSYoungGen: 84224K(84992K)->736K(84992K) Eden: 82944K(82944K)->0K(82944K) From: 1280K(2048K)->736K(2048K)
[15026.764s][info][gc,heap        ] GC(32832) ParOldGen: 476928K(477696K)->476976K(477696K)
[15026.764s][info][gc,metaspace   ] GC(32832) Metaspace: 62367K(62592K)->62367K(62592K) NonClass: 53321K(53504K)->53321K(53504K) Class: 9046K(9088K)->9046K(9088K)
[15026.764s][info][gc             ] GC(32832) Pause Young (Allocation Failure) 548M->466M(549M) 2.673ms
[15026.764s][info][gc,cpu         ] GC(32832) User=0.01s Sys=0.00s Real=0.00s
[15027.245s][info][gc,start       ] GC(32833) Pause Young (Allocation Failure)
[15027.248s][info][gc,heap        ] GC(32833) PSYoungGen: 83680K(84992K)->592K(84992K) Eden: 82944K(82944K)->0K(82944K) From: 736K(2048K)->592K(2048K)
[15027.248s][info][gc,heap        ] GC(32833) ParOldGen: 476976K(477696K)->477024K(477696K)
[15027.248s][info][gc,metaspace   ] GC(32833) Metaspace: 62367K(62592K)->62367K(62592K) NonClass: 53321K(53504K)->53321K(53504K) Class: 9046K(9088K)->9046K(9088K)
[15027.248s][info][gc             ] GC(32833) Pause Young (Allocation Failure) 547M->466M(549M) 2.582ms
[15027.248s][info][gc,cpu         ] GC(32833) User=0.00s Sys=0.00s Real=0.01s
[15027.645s][info][gc,start       ] GC(32834) Pause Young (Allocation Failure)
[15027.647s][info][gc,heap        ] GC(32834) PSYoungGen: 83536K(84992K)->544K(84992K) Eden: 82944K(82944K)->0K(82944K) From: 592K(2048K)->544K(2048K)
[15027.647s][info][gc,heap        ] GC(32834) ParOldGen: 477024K(477696K)->477128K(477696K)
[15027.647s][info][gc,metaspace   ] GC(32834) Metaspace: 62367K(62592K)->62367K(62592K) NonClass: 53321K(53504K)->53321K(53504K) Class: 9046K(9088K)->9046K(9088K)
[15027.647s][info][gc             ] GC(32834) Pause Young (Allocation Failure) 547M->466M(549M) 2.520ms
[15027.647s][info][gc,cpu         ] GC(32834) User=0.01s Sys=0.00s Real=0.01s
[15028.041s][info][gc,start       ] GC(32835) Pause Young (Allocation Failure)
[15028.045s][info][gc,heap        ] GC(32835) PSYoungGen: 83488K(84992K)->1536K(84992K) Eden: 82944K(82944K)->0K(82944K) From: 544K(2048K)->1536K(2048K)
[15028.045s][info][gc,heap        ] GC(32835) ParOldGen: 477128K(477696K)->478208K(479232K)
[15028.045s][info][gc,metaspace   ] GC(32835) Metaspace: 62367K(62592K)->62367K(62592K) NonClass: 53321K(53504K)->53321K(53504K) Class: 9046K(9088K)->9046K(9088K)
[15028.045s][info][gc             ] GC(32835) Pause Young (Allocation Failure) 547M->468M(551M) 3.127ms
[15028.045s][info][gc,cpu         ] GC(32835) User=0.00s Sys=0.00s Real=0.00s
[15028.524s][info][gc,start       ] GC(32836) Pause Young (Allocation Failure)
[15028.528s][info][gc,heap        ] GC(32836) PSYoungGen: 84480K(84992K)->224K(84992K) Eden: 82944K(82944K)->0K(82944K) From: 1536K(2048K)->224K(2048K)
[15028.528s][info][gc,heap        ] GC(32836) ParOldGen: 478208K(479232K)->480304K(480768K)
[15028.528s][info][gc,metaspace   ] GC(32836) Metaspace: 62367K(62592K)->62367K(62592K) NonClass: 53321K(53504K)->53321K(53504K) Class: 9046K(9088K)->9046K(9088K)
[15028.528s][info][gc             ] GC(32836) Pause Young (Allocation Failure) 549M->469M(552M) 3.472ms
[15028.528s][info][gc,cpu         ] GC(32836) User=0.00s Sys=0.00s Real=0.01s
[15028.963s][info][gc,start       ] GC(32837) Pause Young (Allocation Failure)
[15028.966s][info][gc,heap        ] GC(32837) PSYoungGen: 83168K(84992K)->800K(84992K) Eden: 82944K(82944K)->0K(82944K) From: 224K(2048K)->800K(2048K)
[15028.966s][info][gc,heap        ] GC(32837) ParOldGen: 480304K(480768K)->480352K(480768K)
[15028.966s][info][gc,metaspace   ] GC(32837) Metaspace: 62367K(62592K)->62367K(62592K) NonClass: 53321K(53504K)->53321K(53504K) Class: 9046K(9088K)->9046K(9088K)
[15028.966s][info][gc             ] GC(32837) Pause Young (Allocation Failure) 550M->469M(552M) 2.717ms
[15028.966s][info][gc,cpu         ] GC(32837) User=0.00s Sys=0.01s Real=0.00s
[15029.411s][info][gc,start       ] GC(32838) Pause Young (Allocation Failure)
[15029.414s][info][gc,heap        ] GC(32838) PSYoungGen: 83744K(84992K)->1568K(83968K) Eden: 82944K(82944K)->0K(81920K) From: 800K(2048K)->1568K(2048K)
[15029.414s][info][gc,heap        ] GC(32838) ParOldGen: 480352K(480768K)->480408K(480768K)
[15029.414s][info][gc,metaspace   ] GC(32838) Metaspace: 62367K(62592K)->62367K(62592K) NonClass: 53321K(53504K)->53321K(53504K) Class: 9046K(9088K)->9046K(9088K)
[15029.414s][info][gc             ] GC(32838) Pause Young (Allocation Failure) 550M->470M(551M) 3.333ms
[15029.414s][info][gc,cpu         ] GC(32838) User=0.00s Sys=0.00s Real=0.00s
[15029.841s][info][gc,start       ] GC(32839) Pause Young (Allocation Failure)
[15029.843s][info][gc,heap        ] GC(32839) PSYoungGen: 83488K(83968K)->416K(84480K) Eden: 81920K(81920K)->0K(81920K) From: 1568K(2048K)->416K(2560K)
[15029.843s][info][gc,heap        ] GC(32839) ParOldGen: 480408K(480768K)->480456K(480768K)
[15029.843s][info][gc,metaspace   ] GC(32839) Metaspace: 62367K(62592K)->62367K(62592K) NonClass: 53321K(53504K)->53321K(53504K) Class: 9046K(9088K)->9046K(9088K)
[15029.843s][info][gc             ] GC(32839) Pause Young (Allocation Failure) 550M->469M(552M) 2.379ms
[15029.843s][info][gc,cpu         ] GC(32839) User=0.00s Sys=0.00s Real=0.00s
[15030.269s][info][gc,start       ] GC(32840) Pause Young (Allocation Failure)
[15030.271s][info][gc,heap        ] GC(32840) PSYoungGen: 82336K(84480K)->896K(84992K) Eden: 81920K(81920K)->0K(82944K) From: 416K(2560K)->896K(2048K)
[15030.271s][info][gc,heap        ] GC(32840) ParOldGen: 480456K(480768K)->480504K(480768K)
[15030.271s][info][gc,metaspace   ] GC(32840) Metaspace: 62367K(62592K)->62367K(62592K) NonClass: 53321K(53504K)->53321K(53504K) Class: 9046K(9088K)->9046K(9088K)
[15030.271s][info][gc             ] GC(32840) Pause Young (Allocation Failure) 549M->470M(552M) 2.812ms
[15030.271s][info][gc,cpu         ] GC(32840) User=0.00s Sys=0.00s Real=0.00s
[15030.691s][info][gc,start       ] GC(32841) Pause Young (Allocation Failure)
[15030.694s][info][gc,heap        ] GC(32841) PSYoungGen: 83840K(84992K)->1248K(84992K) Eden: 82944K(82944K)->0K(82944K) From: 896K(2048K)->1248K(2048K)
[15030.694s][info][gc,heap        ] GC(32841) ParOldGen: 480504K(480768K)->480552K(480768K)
[15030.694s][info][gc,metaspace   ] GC(32841) Metaspace: 62367K(62592K)->62367K(62592K) NonClass: 53321K(53504K)->53321K(53504K) Class: 9046K(9088K)->9046K(9088K)
[15030.694s][info][gc             ] GC(32841) Pause Young (Allocation Failure) 551M->470M(552M) 3.075ms
[15030.694s][info][gc,cpu         ] GC(32841) User=0.00s Sys=0.00s Real=0.00s
[15031.123s][info][gc,start       ] GC(32842) Pause Young (Allocation Failure)
[15031.125s][info][gc,heap        ] GC(32842) PSYoungGen: 84192K(84992K)->192K(84992K) Eden: 82944K(82944K)->0K(82944K) From: 1248K(2048K)->192K(2048K)
[15031.125s][info][gc,heap        ] GC(32842) ParOldGen: 480552K(480768K)->480600K(480768K)
[15031.125s][info][gc,metaspace   ] GC(32842) Metaspace: 62367K(62592K)->62367K(62592K) NonClass: 53321K(53504K)->53321K(53504K) Class: 9046K(9088K)->9046K(9088K)
[15031.125s][info][gc             ] GC(32842) Pause Young (Allocation Failure) 551M->469M(552M) 2.170ms
[15031.125s][info][gc,cpu         ] GC(32842) User=0.00s Sys=0.00s Real=0.00s
[15031.643s][info][gc,start       ] GC(32843) Pause Young (Allocation Failure)
[15031.645s][info][gc,heap        ] GC(32843) PSYoungGen: 83136K(84992K)->512K(84992K) Eden: 82944K(82944K)->0K(82944K) From: 192K(2048K)->512K(2048K)
[15031.645s][info][gc,heap        ] GC(32843) ParOldGen: 480600K(480768K)->480648K(480768K)
[15031.645s][info][gc,metaspace   ] GC(32843) Metaspace: 62367K(62592K)->62367K(62592K) NonClass: 53321K(53504K)->53321K(53504K) Class: 9046K(9088K)->9046K(9088K)
[15031.645s][info][gc             ] GC(32843) Pause Young (Allocation Failure) 550M->469M(552M) 2.419ms
[15031.645s][info][gc,cpu         ] GC(32843) User=0.00s Sys=0.00s Real=0.00s
[15032.086s][info][gc,start       ] GC(32844) Pause Young (Allocation Failure)
[15032.089s][info][gc,heap        ] GC(32844) PSYoungGen: 83456K(84992K)->1088K(84992K) Eden: 82944K(82944K)->0K(82944K) From: 512K(2048K)->1088K(2048K)
[15032.089s][info][gc,heap        ] GC(32844) ParOldGen: 480648K(480768K)->480696K(480768K)
[15032.089s][info][gc,metaspace   ] GC(32844) Metaspace: 62367K(62592K)->62367K(62592K) NonClass: 53321K(53504K)->53321K(53504K) Class: 9046K(9088K)->9046K(9088K)
[15032.089s][info][gc             ] GC(32844) Pause Young (Allocation Failure) 550M->470M(552M) 3.056ms
[15032.089s][info][gc,cpu         ] GC(32844) User=0.01s Sys=0.00s Real=0.00s
[15032.556s][info][gc,start       ] GC(32845) Pause Young (Allocation Failure)
[15032.558s][info][gc,heap        ] GC(32845) PSYoungGen: 84032K(84992K)->1696K(84992K) Eden: 82944K(82944K)->0K(82944K) From: 1088K(2048K)->1696K(2048K)
[15032.558s][info][gc,heap        ] GC(32845) ParOldGen: 480696K(480768K)->480744K(480768K)
[15032.558s][info][gc,metaspace   ] GC(32845) Metaspace: 62367K(62592K)->62367K(62592K) NonClass: 53321K(53504K)->53321K(53504K) Class: 9046K(9088K)->9046K(9088K)
[15032.559s][info][gc             ] GC(32845) Pause Young (Allocation Failure) 551M->471M(552M) 2.716ms
[15032.559s][info][gc,cpu         ] GC(32845) User=0.00s Sys=0.00s Real=0.01s
[15033.013s][info][gc,start       ] GC(32846) Pause Young (Allocation Failure)
[15033.017s][info][gc,heap        ] GC(32846) PSYoungGen: 84640K(84992K)->1568K(83968K) Eden: 82944K(82944K)->0K(81920K) From: 1696K(2048K)->1568K(2048K)
[15033.017s][info][gc,heap        ] GC(32846) ParOldGen: 480744K(480768K)->482840K(483840K)
[15033.017s][info][gc,metaspace   ] GC(32846) Metaspace: 62367K(62592K)->62367K(62592K) NonClass: 53321K(53504K)->53321K(53504K) Class: 9046K(9088K)->9046K(9088K)
[15033.017s][info][gc             ] GC(32846) Pause Young (Allocation Failure) 552M->473M(554M) 4.510ms
[15033.017s][info][gc,cpu         ] GC(32846) User=0.00s Sys=0.00s Real=0.01s
[15033.510s][info][gc,start       ] GC(32847) Pause Young (Allocation Failure)
[15033.513s][info][gc,heap        ] GC(32847) PSYoungGen: 83488K(83968K)->1312K(84480K) Eden: 81920K(81920K)->0K(81920K) From: 1568K(2048K)->1312K(2560K)
[15033.513s][info][gc,heap        ] GC(32847) ParOldGen: 482840K(483840K)->482896K(483840K)
[15033.513s][info][gc,metaspace   ] GC(32847) Metaspace: 62367K(62592K)->62367K(62592K) NonClass: 53321K(53504K)->53321K(53504K) Class: 9046K(9088K)->9046K(9088K)
[15033.513s][info][gc             ] GC(32847) Pause Young (Allocation Failure) 553M->472M(555M) 3.226ms
[15033.513s][info][gc,cpu         ] GC(32847) User=0.00s Sys=0.00s Real=0.00s
[15033.988s][info][gc,start       ] GC(32848) Pause Young (Allocation Failure)
[15033.991s][info][gc,heap        ] GC(32848) PSYoungGen: 83232K(84480K)->1088K(84480K) Eden: 81920K(81920K)->0K(81920K) From: 1312K(2560K)->1088K(2560K)
[15033.991s][info][gc,heap        ] GC(32848) ParOldGen: 482896K(483840K)->482944K(483840K)
[15033.991s][info][gc,metaspace   ] GC(32848) Metaspace: 62367K(62592K)->62367K(62592K) NonClass: 53321K(53504K)->53321K(53504K) Class: 9046K(9088K)->9046K(9088K)
[15033.991s][info][gc             ] GC(32848) Pause Young (Allocation Failure) 552M->472M(555M) 2.964ms
[15033.991s][info][gc,cpu         ] GC(32848) User=0.01s Sys=0.00s Real=0.00s
[15034.451s][info][gc,start       ] GC(32849) Pause Young (Allocation Failure)
[15034.453s][info][gc,heap        ] GC(32849) PSYoungGen: 83008K(84480K)->608K(84480K) Eden: 81920K(81920K)->0K(81920K) From: 1088K(2560K)->608K(2560K)
[15034.454s][info][gc,heap        ] GC(32849) ParOldGen: 482944K(483840K)->482992K(483840K)
[15034.454s][info][gc,metaspace   ] GC(32849) Metaspace: 62367K(62592K)->62367K(62592K) NonClass: 53321K(53504K)->53321K(53504K) Class: 9046K(9088K)->9046K(9088K)
[15034.454s][info][gc             ] GC(32849) Pause Young (Allocation Failure) 552M->472M(555M) 2.526ms
[15034.454s][info][gc,cpu         ] GC(32849) User=0.00s Sys=0.00s Real=0.00s
[15034.959s][info][gc,start       ] GC(32850) Pause Young (Allocation Failure)
[15034.962s][info][gc,heap        ] GC(32850) PSYoungGen: 82528K(84480K)->768K(84992K) Eden: 81920K(81920K)->0K(82432K) From: 608K(2560K)->768K(2560K)
[15034.962s][info][gc,heap        ] GC(32850) ParOldGen: 482992K(483840K)->483048K(483840K)
[15034.962s][info][gc,metaspace   ] GC(32850) Metaspace: 62367K(62592K)->62367K(62592K) NonClass: 53321K(53504K)->53321K(53504K) Class: 9046K(9088K)->9046K(9088K)
[15034.962s][info][gc             ] GC(32850) Pause Young (Allocation Failure) 552M->472M(555M) 2.613ms
[15034.962s][info][gc,cpu         ] GC(32850) User=0.01s Sys=0.00s Real=0.00s
[15035.391s][info][gc,start       ] GC(32851) Pause Young (Allocation Failure)
[15035.394s][info][gc,heap        ] GC(32851) PSYoungGen: 83200K(84992K)->1152K(84480K) Eden: 82432K(82432K)->0K(82432K) From: 768K(2560K)->1152K(2048K)
[15035.394s][info][gc,heap        ] GC(32851) ParOldGen: 483048K(483840K)->483152K(483840K)
[15035.394s][info][gc,metaspace   ] GC(32851) Metaspace: 62367K(62592K)->62367K(62592K) NonClass: 53321K(53504K)->53321K(53504K) Class: 9046K(9088K)->9046K(9088K)
[15035.394s][info][gc             ] GC(32851) Pause Young (Allocation Failure) 552M->472M(555M) 3.070ms
[15035.394s][info][gc,cpu         ] GC(32851) User=0.00s Sys=0.00s Real=0.00s
[15035.794s][info][gc,start       ] GC(32852) Pause Young (Allocation Failure)
[15035.797s][info][gc,heap        ] GC(32852) PSYoungGen: 83584K(84480K)->1504K(83968K) Eden: 82432K(82432K)->0K(81920K) From: 1152K(2048K)->1504K(2048K)
[15035.797s][info][gc,heap        ] GC(32852) ParOldGen: 483152K(483840K)->483200K(483840K)
[15035.797s][info][gc,metaspace   ] GC(32852) Metaspace: 62367K(62592K)->62367K(62592K) NonClass: 53321K(53504K)->53321K(53504K) Class: 9046K(9088K)->9046K(9088K)
[15035.797s][info][gc             ] GC(32852) Pause Young (Allocation Failure) 553M->473M(554M) 3.282ms
[15035.797s][info][gc,cpu         ] GC(32852) User=0.01s Sys=0.00s Real=0.01s
[15036.227s][info][gc,start       ] GC(32853) Pause Young (Allocation Failure)
[15036.229s][info][gc,heap        ] GC(32853) PSYoungGen: 83424K(83968K)->288K(84480K) Eden: 81920K(81920K)->0K(81920K) From: 1504K(2048K)->288K(2560K)
[15036.229s][info][gc,heap        ] GC(32853) ParOldGen: 483200K(483840K)->483248K(483840K)
[15036.229s][info][gc,metaspace   ] GC(32853) Metaspace: 62367K(62592K)->62367K(62592K) NonClass: 53321K(53504K)->53321K(53504K) Class: 9046K(9088K)->9046K(9088K)
[15036.229s][info][gc             ] GC(32853) Pause Young (Allocation Failure) 553M->472M(555M) 2.319ms
[15036.229s][info][gc,cpu         ] GC(32853) User=0.01s Sys=0.00s Real=0.00s
[15036.667s][info][gc,start       ] GC(32854) Pause Young (Allocation Failure)
[15036.669s][info][gc,heap        ] GC(32854) PSYoungGen: 82208K(84480K)->864K(84992K) Eden: 81920K(81920K)->0K(82432K) From: 288K(2560K)->864K(2560K)
[15036.669s][info][gc,heap        ] GC(32854) ParOldGen: 483248K(483840K)->483304K(483840K)
[15036.669s][info][gc,metaspace   ] GC(32854) Metaspace: 62367K(62592K)->62367K(62592K) NonClass: 53321K(53504K)->53321K(53504K) Class: 9046K(9088K)->9046K(9088K)
[15036.669s][info][gc             ] GC(32854) Pause Young (Allocation Failure) 552M->472M(555M) 2.671ms
[15036.669s][info][gc,cpu         ] GC(32854) User=0.00s Sys=0.00s Real=0.00s
[15037.104s][info][gc,start       ] GC(32855) Pause Young (Allocation Failure)
[15037.108s][info][gc,heap        ] GC(32855) PSYoungGen: 83296K(84992K)->1632K(84480K) Eden: 82432K(82432K)->0K(82432K) From: 864K(2560K)->1632K(2048K)
[15037.108s][info][gc,heap        ] GC(32855) ParOldGen: 483304K(483840K)->483360K(483840K)
[15037.108s][info][gc,metaspace   ] GC(32855) Metaspace: 62367K(62592K)->62367K(62592K) NonClass: 53321K(53504K)->53321K(53504K) Class: 9046K(9088K)->9046K(9088K)
[15037.108s][info][gc             ] GC(32855) Pause Young (Allocation Failure) 553M->473M(555M) 3.480ms
[15037.108s][info][gc,cpu         ] GC(32855) User=0.00s Sys=0.00s Real=0.01s
[15037.543s][info][gc,start       ] GC(32856) Pause Young (Allocation Failure)
[15037.546s][info][gc,heap        ] GC(32856) PSYoungGen: 84064K(84480K)->2528K(82944K) Eden: 82432K(82432K)->0K(80384K) From: 1632K(2048K)->2528K(2560K)
[15037.546s][info][gc,heap        ] GC(32856) ParOldGen: 483360K(483840K)->484648K(485376K)
[15037.546s][info][gc,metaspace   ] GC(32856) Metaspace: 62367K(62592K)->62367K(62592K) NonClass: 53321K(53504K)->53321K(53504K) Class: 9046K(9088K)->9046K(9088K)
[15037.546s][info][gc             ] GC(32856) Pause Young (Allocation Failure) 554M->475M(555M) 3.745ms
[15037.546s][info][gc,cpu         ] GC(32856) User=0.01s Sys=0.00s Real=0.01s
[15037.970s][info][gc,start       ] GC(32857) Pause Young (Allocation Failure)
[15037.974s][info][gc,heap        ] GC(32857) PSYoungGen: 82912K(82944K)->896K(83968K) Eden: 80384K(80384K)->0K(80384K) From: 2528K(2560K)->896K(3584K)
[15037.974s][info][gc,heap        ] GC(32857) ParOldGen: 484648K(485376K)->486752K(486912K)
[15037.974s][info][gc,metaspace   ] GC(32857) Metaspace: 62367K(62592K)->62367K(62592K) NonClass: 53321K(53504K)->53321K(53504K) Class: 9046K(9088K)->9046K(9088K)
[15037.974s][info][gc             ] GC(32857) Pause Young (Allocation Failure) 554M->476M(557M) 3.869ms
[15037.974s][info][gc,cpu         ] GC(32857) User=0.01s Sys=0.00s Real=0.00s
[15038.430s][info][gc,start       ] GC(32858) Pause Young (Allocation Failure)
[15038.432s][info][gc,heap        ] GC(32858) PSYoungGen: 81280K(83968K)->320K(83968K) Eden: 80384K(80384K)->0K(80896K) From: 896K(3584K)->320K(3072K)
[15038.433s][info][gc,heap        ] GC(32858) ParOldGen: 486752K(486912K)->486808K(486912K)
[15038.433s][info][gc,metaspace   ] GC(32858) Metaspace: 62367K(62592K)->62367K(62592K) NonClass: 53321K(53504K)->53321K(53504K) Class: 9046K(9088K)->9046K(9088K)
[15038.433s][info][gc             ] GC(32858) Pause Young (Allocation Failure) 554M->475M(557M) 2.307ms
[15038.433s][info][gc,cpu         ] GC(32858) User=0.01s Sys=0.00s Real=0.00s
[15038.822s][info][gc,start       ] GC(32859) Pause Young (Allocation Failure)
[15038.824s][info][gc,heap        ] GC(32859) PSYoungGen: 81216K(83968K)->192K(83968K) Eden: 80896K(80896K)->0K(80896K) From: 320K(3072K)->192K(3072K)
[15038.824s][info][gc,heap        ] GC(32859) ParOldGen: 486808K(486912K)->486856K(486912K)
[15038.824s][info][gc,metaspace   ] GC(32859) Metaspace: 62367K(62592K)->62367K(62592K) NonClass: 53321K(53504K)->53321K(53504K) Class: 9046K(9088K)->9046K(9088K)
[15038.824s][info][gc             ] GC(32859) Pause Young (Allocation Failure) 554M->475M(557M) 2.167ms
[15038.824s][info][gc,cpu         ] GC(32859) User=0.01s Sys=0.00s Real=0.00s
[15039.233s][info][gc,start       ] GC(32860) Pause Young (Allocation Failure)
[15039.235s][info][gc,heap        ] GC(32860) PSYoungGen: 81088K(83968K)->320K(83968K) Eden: 80896K(80896K)->0K(80896K) From: 192K(3072K)->320K(3072K)
[15039.235s][info][gc,heap        ] GC(32860) ParOldGen: 486856K(486912K)->486904K(486912K)
[15039.235s][info][gc,metaspace   ] GC(32860) Metaspace: 62367K(62592K)->62367K(62592K) NonClass: 53321K(53504K)->53321K(53504K) Class: 9046K(9088K)->9046K(9088K)
[15039.235s][info][gc             ] GC(32860) Pause Young (Allocation Failure) 554M->475M(557M) 2.267ms
[15039.235s][info][gc,cpu         ] GC(32860) User=0.01s Sys=0.00s Real=0.00s
[15039.636s][info][gc,start       ] GC(32861) Pause Young (Allocation Failure)
[15039.638s][info][gc,heap        ] GC(32861) PSYoungGen: 81216K(83968K)->384K(83968K) Eden: 80896K(80896K)->0K(80896K) From: 320K(3072K)->384K(3072K)
[15039.638s][info][gc,heap        ] GC(32861) ParOldGen: 486904K(486912K)->486960K(487424K)
[15039.638s][info][gc,metaspace   ] GC(32861) Metaspace: 62367K(62592K)->62367K(62592K) NonClass: 53321K(53504K)->53321K(53504K) Class: 9046K(9088K)->9046K(9088K)
[15039.638s][info][gc             ] GC(32861) Pause Young (Allocation Failure) 554M->475M(558M) 2.354ms
[15039.638s][info][gc,cpu         ] GC(32861) User=0.00s Sys=0.00s Real=0.00s
[15040.044s][info][gc,start       ] GC(32862) Pause Young (Allocation Failure)
[15040.046s][info][gc,heap        ] GC(32862) PSYoungGen: 81280K(83968K)->512K(83968K) Eden: 80896K(80896K)->0K(80896K) From: 384K(3072K)->512K(3072K)
[15040.046s][info][gc,heap        ] GC(32862) ParOldGen: 486960K(487424K)->487016K(487424K)
[15040.046s][info][gc,metaspace   ] GC(32862) Metaspace: 62367K(62592K)->62367K(62592K) NonClass: 53321K(53504K)->53321K(53504K) Class: 9046K(9088K)->9046K(9088K)
[15040.046s][info][gc             ] GC(32862) Pause Young (Allocation Failure) 554M->476M(558M) 2.449ms
[15040.046s][info][gc,cpu         ] GC(32862) User=0.00s Sys=0.00s Real=0.01s
[15040.467s][info][gc,start       ] GC(32863) Pause Young (Allocation Failure)
[15040.470s][info][gc,heap        ] GC(32863) PSYoungGen: 81408K(83968K)->864K(83968K) Eden: 80896K(80896K)->0K(80896K) From: 512K(3072K)->864K(3072K)
[15040.470s][info][gc,heap        ] GC(32863) ParOldGen: 487016K(487424K)->487064K(487424K)
[15040.470s][info][gc,metaspace   ] GC(32863) Metaspace: 62367K(62592K)->62367K(62592K) NonClass: 53321K(53504K)->53321K(53504K) Class: 9046K(9088K)->9046K(9088K)
[15040.470s][info][gc             ] GC(32863) Pause Young (Allocation Failure) 555M->476M(558M) 2.829ms
[15040.470s][info][gc,cpu         ] GC(32863) User=0.01s Sys=0.00s Real=0.00s
[15040.901s][info][gc,start       ] GC(32864) Pause Young (Allocation Failure)
[15040.904s][info][gc,heap        ] GC(32864) PSYoungGen: 81760K(83968K)->1312K(84480K) Eden: 80896K(80896K)->0K(81920K) From: 864K(3072K)->1312K(2560K)
[15040.904s][info][gc,heap        ] GC(32864) ParOldGen: 487064K(487424K)->487120K(487424K)
[15040.904s][info][gc,metaspace   ] GC(32864) Metaspace: 62367K(62592K)->62367K(62592K) NonClass: 53321K(53504K)->53321K(53504K) Class: 9046K(9088K)->9046K(9088K)
[15040.904s][info][gc             ] GC(32864) Pause Young (Allocation Failure) 555M->476M(558M) 3.183ms
[15040.904s][info][gc,cpu         ] GC(32864) User=0.00s Sys=0.00s Real=0.00s
[15041.300s][info][gc,start       ] GC(32865) Pause Young (Allocation Failure)
[15041.303s][info][gc,heap        ] GC(32865) PSYoungGen: 83232K(84480K)->1472K(84480K) Eden: 81920K(81920K)->0K(81920K) From: 1312K(2560K)->1472K(2560K)
[15041.303s][info][gc,heap        ] GC(32865) ParOldGen: 487120K(487424K)->487168K(487424K)
[15041.303s][info][gc,metaspace   ] GC(32865) Metaspace: 62367K(62592K)->62367K(62592K) NonClass: 53321K(53504K)->53321K(53504K) Class: 9046K(9088K)->9046K(9088K)
[15041.303s][info][gc             ] GC(32865) Pause Young (Allocation Failure) 556M->477M(558M) 3.243ms
[15041.303s][info][gc,cpu         ] GC(32865) User=0.01s Sys=0.00s Real=0.00s
[15041.697s][info][gc,start       ] GC(32866) Pause Young (Allocation Failure)
[15041.700s][info][gc,heap        ] GC(32866) PSYoungGen: 83392K(84480K)->1440K(84480K) Eden: 81920K(81920K)->0K(81920K) From: 1472K(2560K)->1440K(2560K)
[15041.700s][info][gc,heap        ] GC(32866) ParOldGen: 487168K(487424K)->487224K(487424K)
[15041.700s][info][gc,metaspace   ] GC(32866) Metaspace: 62367K(62592K)->62367K(62592K) NonClass: 53321K(53504K)->53321K(53504K) Class: 9046K(9088K)->9046K(9088K)
[15041.700s][info][gc             ] GC(32866) Pause Young (Allocation Failure) 557M->477M(558M) 3.183ms
[15041.700s][info][gc,cpu         ] GC(32866) User=0.01s Sys=0.00s Real=0.00s
[15042.151s][info][gc,start       ] GC(32867) Pause Young (Allocation Failure)
[15042.154s][info][gc,heap        ] GC(32867) PSYoungGen: 83360K(84480K)->704K(84480K) Eden: 81920K(81920K)->0K(81920K) From: 1440K(2560K)->704K(2560K)
[15042.154s][info][gc,heap        ] GC(32867) ParOldGen: 487224K(487424K)->487272K(487424K)
[15042.154s][info][gc,metaspace   ] GC(32867) Metaspace: 62367K(62592K)->62367K(62592K) NonClass: 53321K(53504K)->53321K(53504K) Class: 9046K(9088K)->9046K(9088K)
[15042.154s][info][gc             ] GC(32867) Pause Young (Allocation Failure) 557M->476M(558M) 2.690ms
[15042.154s][info][gc,cpu         ] GC(32867) User=0.01s Sys=0.00s Real=0.00s
[15042.629s][info][gc,start       ] GC(32868) Pause Young (Allocation Failure)
[15042.631s][info][gc,heap        ] GC(32868) PSYoungGen: 82624K(84480K)->288K(84480K) Eden: 81920K(81920K)->0K(81920K) From: 704K(2560K)->288K(2560K)
[15042.631s][info][gc,heap        ] GC(32868) ParOldGen: 487272K(487424K)->487376K(487424K)
[15042.631s][info][gc,metaspace   ] GC(32868) Metaspace: 62367K(62592K)->62367K(62592K) NonClass: 53321K(53504K)->53321K(53504K) Class: 9046K(9088K)->9046K(9088K)
[15042.631s][info][gc             ] GC(32868) Pause Young (Allocation Failure) 556M->476M(558M) 2.357ms
[15042.631s][info][gc,cpu         ] GC(32868) User=0.01s Sys=0.00s Real=0.00s
[15043.064s][info][gc,start       ] GC(32869) Pause Young (Allocation Failure)
[15043.067s][info][gc,heap        ] GC(32869) PSYoungGen: 82208K(84480K)->832K(84480K) Eden: 81920K(81920K)->0K(81920K) From: 288K(2560K)->832K(2560K)
[15043.067s][info][gc,heap        ] GC(32869) ParOldGen: 487376K(487424K)->487432K(487936K)
[15043.067s][info][gc,metaspace   ] GC(32869) Metaspace: 62367K(62592K)->62367K(62592K) NonClass: 53321K(53504K)->53321K(53504K) Class: 9046K(9088K)->9046K(9088K)
[15043.067s][info][gc             ] GC(32869) Pause Young (Allocation Failure) 556M->476M(559M) 2.808ms
[15043.067s][info][gc,cpu         ] GC(32869) User=0.01s Sys=0.00s Real=0.01s
[15043.437s][info][gc,start       ] GC(32870) Pause Young (Allocation Failure)
[15043.439s][info][gc,heap        ] GC(32870) PSYoungGen: 82752K(84480K)->416K(84480K) Eden: 81920K(81920K)->0K(81920K) From: 832K(2560K)->416K(2560K)
[15043.439s][info][gc,heap        ] GC(32870) ParOldGen: 487432K(487936K)->487480K(487936K)
[15043.439s][info][gc,metaspace   ] GC(32870) Metaspace: 62367K(62592K)->62367K(62592K) NonClass: 53321K(53504K)->53321K(53504K) Class: 9046K(9088K)->9046K(9088K)
[15043.439s][info][gc             ] GC(32870) Pause Young (Allocation Failure) 556M->476M(559M) 2.452ms
[15043.439s][info][gc,cpu         ] GC(32870) User=0.00s Sys=0.00s Real=0.00s
[15043.834s][info][gc,start       ] GC(32871) Pause Young (Allocation Failure)
[15043.837s][info][gc,heap        ] GC(32871) PSYoungGen: 82336K(84480K)->416K(84480K) Eden: 81920K(81920K)->0K(81920K) From: 416K(2560K)->416K(2560K)
[15043.837s][info][gc,heap        ] GC(32871) ParOldGen: 487480K(487936K)->487536K(487936K)
[15043.837s][info][gc,metaspace   ] GC(32871) Metaspace: 62367K(62592K)->62367K(62592K) NonClass: 53321K(53504K)->53321K(53504K) Class: 9046K(9088K)->9046K(9088K)
[15043.837s][info][gc             ] GC(32871) Pause Young (Allocation Failure) 556M->476M(559M) 2.409ms
[15043.837s][info][gc,cpu         ] GC(32871) User=0.00s Sys=0.00s Real=0.01s
[15044.241s][info][gc,start       ] GC(32872) Pause Young (Allocation Failure)
[15044.243s][info][gc,heap        ] GC(32872) PSYoungGen: 82335K(84480K)->480K(84480K) Eden: 81919K(81920K)->0K(81920K) From: 416K(2560K)->480K(2560K)
[15044.243s][info][gc,heap        ] GC(32872) ParOldGen: 487536K(487936K)->487584K(487936K)
[15044.243s][info][gc,metaspace   ] GC(32872) Metaspace: 62367K(62592K)->62367K(62592K) NonClass: 53321K(53504K)->53321K(53504K) Class: 9046K(9088K)->9046K(9088K)
[15044.243s][info][gc             ] GC(32872) Pause Young (Allocation Failure) 556M->476M(559M) 2.453ms
[15044.243s][info][gc,cpu         ] GC(32872) User=0.01s Sys=0.00s Real=0.00s
[15044.653s][info][gc,start       ] GC(32873) Pause Young (Allocation Failure)
[15044.656s][info][gc,heap        ] GC(32873) PSYoungGen: 82400K(84480K)->640K(84480K) Eden: 81920K(81920K)->0K(81920K) From: 480K(2560K)->640K(2560K)
[15044.656s][info][gc,heap        ] GC(32873) ParOldGen: 487584K(487936K)->487640K(487936K)
[15044.656s][info][gc,metaspace   ] GC(32873) Metaspace: 62367K(62592K)->62367K(62592K) NonClass: 53321K(53504K)->53321K(53504K) Class: 9046K(9088K)->9046K(9088K)
[15044.656s][info][gc             ] GC(32873) Pause Young (Allocation Failure) 556M->476M(559M) 2.516ms
[15044.656s][info][gc,cpu         ] GC(32873) User=0.00s Sys=0.00s Real=0.00s
[15045.079s][info][gc,start       ] GC(32874) Pause Young (Allocation Failure)
[15045.082s][info][gc,heap        ] GC(32874) PSYoungGen: 82560K(84480K)->1056K(84992K) Eden: 81920K(81920K)->0K(82944K) From: 640K(2560K)->1056K(2048K)
[15045.082s][info][gc,heap        ] GC(32874) ParOldGen: 487640K(487936K)->487688K(487936K)
[15045.082s][info][gc,metaspace   ] GC(32874) Metaspace: 62367K(62592K)->62367K(62592K) NonClass: 53321K(53504K)->53321K(53504K) Class: 9046K(9088K)->9046K(9088K)
[15045.083s][info][gc             ] GC(32874) Pause Young (Allocation Failure) 556M->477M(559M) 3.018ms
[15045.083s][info][gc,cpu         ] GC(32874) User=0.00s Sys=0.00s Real=0.00s
[15045.524s][info][gc,start       ] GC(32875) Pause Young (Allocation Failure)
[15045.526s][info][gc,heap        ] GC(32875) PSYoungGen: 84000K(84992K)->224K(84992K) Eden: 82944K(82944K)->0K(82944K) From: 1056K(2048K)->224K(2048K)
[15045.526s][info][gc,heap        ] GC(32875) ParOldGen: 487688K(487936K)->487744K(487936K)
[15045.526s][info][gc,metaspace   ] GC(32875) Metaspace: 62367K(62592K)->62367K(62592K) NonClass: 53321K(53504K)->53321K(53504K) Class: 9046K(9088K)->9046K(9088K)
[15045.526s][info][gc             ] GC(32875) Pause Young (Allocation Failure) 558M->476M(559M) 2.279ms
[15045.526s][info][gc,cpu         ] GC(32875) User=0.00s Sys=0.00s Real=0.01s
[15045.973s][info][gc,start       ] GC(32876) Pause Young (Allocation Failure)
[15045.975s][info][gc,heap        ] GC(32876) PSYoungGen: 83168K(84992K)->960K(84992K) Eden: 82944K(82944K)->0K(82944K) From: 224K(2048K)->960K(2048K)
[15045.975s][info][gc,heap        ] GC(32876) ParOldGen: 487744K(487936K)->487800K(487936K)
[15045.975s][info][gc,metaspace   ] GC(32876) Metaspace: 62367K(62592K)->62367K(62592K) NonClass: 53321K(53504K)->53321K(53504K) Class: 9046K(9088K)->9046K(9088K)
[15045.976s][info][gc             ] GC(32876) Pause Young (Allocation Failure) 557M->477M(559M) 2.815ms
[15045.976s][info][gc,cpu         ] GC(32876) User=0.00s Sys=0.00s Real=0.00s
[15046.415s][info][gc,start       ] GC(32877) Pause Young (Allocation Failure)
[15046.419s][info][gc,heap        ] GC(32877) PSYoungGen: 83904K(84992K)->1568K(84992K) Eden: 82944K(82944K)->0K(82944K) From: 960K(2048K)->1568K(2048K)
[15046.419s][info][gc,heap        ] GC(32877) ParOldGen: 487800K(487936K)->489896K(491008K)
[15046.419s][info][gc,metaspace   ] GC(32877) Metaspace: 62367K(62592K)->62367K(62592K) NonClass: 53321K(53504K)->53321K(53504K) Class: 9046K(9088K)->9046K(9088K)
[15046.419s][info][gc             ] GC(32877) Pause Young (Allocation Failure) 558M->479M(562M) 4.487ms
[15046.419s][info][gc,cpu         ] GC(32877) User=0.01s Sys=0.01s Real=0.01s
[15046.867s][info][gc,start       ] GC(32878) Pause Young (Allocation Failure)
[15046.869s][info][gc,heap        ] GC(32878) PSYoungGen: 84512K(84992K)->768K(84992K) Eden: 82944K(82944K)->0K(82944K) From: 1568K(2048K)->768K(2048K)
[15046.869s][info][gc,heap        ] GC(32878) ParOldGen: 489896K(491008K)->489944K(491008K)
[15046.869s][info][gc,metaspace   ] GC(32878) Metaspace: 62367K(62592K)->62367K(62592K) NonClass: 53321K(53504K)->53321K(53504K) Class: 9046K(9088K)->9046K(9088K)
[15046.869s][info][gc             ] GC(32878) Pause Young (Allocation Failure) 560M->479M(562M) 2.769ms
[15046.869s][info][gc,cpu         ] GC(32878) User=0.00s Sys=0.00s Real=0.00s
[15047.270s][info][gc,start       ] GC(32879) Pause Young (Allocation Failure)
[15047.273s][info][gc,heap        ] GC(32879) PSYoungGen: 83712K(84992K)->960K(84992K) Eden: 82944K(82944K)->0K(82944K) From: 768K(2048K)->960K(2048K)
[15047.273s][info][gc,heap        ] GC(32879) ParOldGen: 489944K(491008K)->489992K(491008K)
[15047.273s][info][gc,metaspace   ] GC(32879) Metaspace: 62367K(62592K)->62367K(62592K) NonClass: 53321K(53504K)->53321K(53504K) Class: 9046K(9088K)->9046K(9088K)
[15047.273s][info][gc             ] GC(32879) Pause Young (Allocation Failure) 560M->479M(562M) 2.834ms
[15047.273s][info][gc,cpu         ] GC(32879) User=0.00s Sys=0.00s Real=0.00s
[15047.705s][info][gc,start       ] GC(32880) Pause Young (Allocation Failure)
[15047.708s][info][gc,heap        ] GC(32880) PSYoungGen: 83904K(84992K)->1440K(84992K) Eden: 82944K(82944K)->0K(82944K) From: 960K(2048K)->1440K(2048K)
[15047.708s][info][gc,heap        ] GC(32880) ParOldGen: 489992K(491008K)->490040K(491008K)
[15047.708s][info][gc,metaspace   ] GC(32880) Metaspace: 62367K(62592K)->62367K(62592K) NonClass: 53321K(53504K)->53321K(53504K) Class: 9046K(9088K)->9046K(9088K)
[15047.708s][info][gc             ] GC(32880) Pause Young (Allocation Failure) 560M->479M(562M) 3.302ms
[15047.708s][info][gc,cpu         ] GC(32880) User=0.01s Sys=0.00s Real=0.01s
[15048.115s][info][gc,start       ] GC(32881) Pause Young (Allocation Failure)
[15048.119s][info][gc,heap        ] GC(32881) PSYoungGen: 84384K(84992K)->1600K(84992K) Eden: 82944K(82944K)->0K(82944K) From: 1440K(2048K)->1600K(2048K)
[15048.119s][info][gc,heap        ] GC(32881) ParOldGen: 490040K(491008K)->490096K(491008K)
[15048.119s][info][gc,metaspace   ] GC(32881) Metaspace: 62367K(62592K)->62367K(62592K) NonClass: 53321K(53504K)->53321K(53504K) Class: 9046K(9088K)->9046K(9088K)
[15048.119s][info][gc             ] GC(32881) Pause Young (Allocation Failure) 560M->480M(562M) 3.833ms
[15048.119s][info][gc,cpu         ] GC(32881) User=0.01s Sys=0.00s Real=0.01s
[15048.571s][info][gc,start       ] GC(32882) Pause Young (Allocation Failure)
[15048.574s][info][gc,heap        ] GC(32882) PSYoungGen: 84544K(84992K)->896K(83968K) Eden: 82944K(82944K)->0K(81920K) From: 1600K(2048K)->896K(2048K)
[15048.574s][info][gc,heap        ] GC(32882) ParOldGen: 490096K(491008K)->490152K(491008K)
[15048.574s][info][gc,metaspace   ] GC(32882) Metaspace: 62367K(62592K)->62367K(62592K) NonClass: 53321K(53504K)->53321K(53504K) Class: 9046K(9088K)->9046K(9088K)
[15048.574s][info][gc             ] GC(32882) Pause Young (Allocation Failure) 561M->479M(561M) 2.912ms
[15048.574s][info][gc,cpu         ] GC(32882) User=0.00s Sys=0.00s Real=0.00s
[15049.015s][info][gc,start       ] GC(32883) Pause Young (Allocation Failure)
[15049.018s][info][gc,heap        ] GC(32883) PSYoungGen: 82816K(83968K)->1504K(84480K) Eden: 81920K(81920K)->0K(81920K) From: 896K(2048K)->1504K(2560K)
[15049.018s][info][gc,heap        ] GC(32883) ParOldGen: 490152K(491008K)->490208K(491008K)
[15049.018s][info][gc,metaspace   ] GC(32883) Metaspace: 62367K(62592K)->62367K(62592K) NonClass: 53321K(53504K)->53321K(53504K) Class: 9046K(9088K)->9046K(9088K)
[15049.018s][info][gc             ] GC(32883) Pause Young (Allocation Failure) 559M->480M(562M) 3.481ms
[15049.018s][info][gc,cpu         ] GC(32883) User=0.01s Sys=0.00s Real=0.01s
[15049.517s][info][gc,start       ] GC(32884) Pause Young (Allocation Failure)
[15049.520s][info][gc,heap        ] GC(32884) PSYoungGen: 83424K(84480K)->1504K(84480K) Eden: 81920K(81920K)->0K(81920K) From: 1504K(2560K)->1504K(2560K)
[15049.520s][info][gc,heap        ] GC(32884) ParOldGen: 490208K(491008K)->490264K(491008K)
[15049.520s][info][gc,metaspace   ] GC(32884) Metaspace: 62367K(62592K)->62367K(62592K) NonClass: 53321K(53504K)->53321K(53504K) Class: 9046K(9088K)->9046K(9088K)
[15049.520s][info][gc             ] GC(32884) Pause Young (Allocation Failure) 560M->480M(562M) 3.485ms
[15049.520s][info][gc,cpu         ] GC(32884) User=0.01s Sys=0.00s Real=0.00s
[15049.987s][info][gc,start       ] GC(32885) Pause Young (Allocation Failure)
[15049.990s][info][gc,heap        ] GC(32885) PSYoungGen: 83424K(84480K)->1120K(84480K) Eden: 81920K(81920K)->0K(81920K) From: 1504K(2560K)->1120K(2560K)
[15049.990s][info][gc,heap        ] GC(32885) ParOldGen: 490264K(491008K)->490376K(491008K)
[15049.990s][info][gc,metaspace   ] GC(32885) Metaspace: 62367K(62592K)->62367K(62592K) NonClass: 53321K(53504K)->53321K(53504K) Class: 9046K(9088K)->9046K(9088K)
[15049.990s][info][gc             ] GC(32885) Pause Young (Allocation Failure) 560M->479M(562M) 3.212ms
[15049.990s][info][gc,cpu         ] GC(32885) User=0.01s Sys=0.00s Real=0.00s
[15050.420s][info][gc,start       ] GC(32886) Pause Young (Allocation Failure)
[15050.424s][info][gc,heap        ] GC(32886) PSYoungGen: 83040K(84480K)->1632K(84480K) Eden: 81920K(81920K)->0K(81920K) From: 1120K(2560K)->1632K(2560K)
[15050.424s][info][gc,heap        ] GC(32886) ParOldGen: 490376K(491008K)->490432K(491008K)
[15050.424s][info][gc,metaspace   ] GC(32886) Metaspace: 62367K(62592K)->62367K(62592K) NonClass: 53321K(53504K)->53321K(53504K) Class: 9046K(9088K)->9046K(9088K)
[15050.424s][info][gc             ] GC(32886) Pause Young (Allocation Failure) 559M->480M(562M) 3.578ms
[15050.424s][info][gc,cpu         ] GC(32886) User=0.00s Sys=0.00s Real=0.00s
[15050.837s][info][gc,start       ] GC(32887) Pause Young (Allocation Failure)
[15050.840s][info][gc,heap        ] GC(32887) PSYoungGen: 83552K(84480K)->416K(84480K) Eden: 81920K(81920K)->0K(81920K) From: 1632K(2560K)->416K(2560K)
[15050.840s][info][gc,heap        ] GC(32887) ParOldGen: 490432K(491008K)->490488K(491008K)
[15050.840s][info][gc,metaspace   ] GC(32887) Metaspace: 62367K(62592K)->62367K(62592K) NonClass: 53321K(53504K)->53321K(53504K) Class: 9046K(9088K)->9046K(9088K)
[15050.840s][info][gc             ] GC(32887) Pause Young (Allocation Failure) 560M->479M(562M) 2.456ms
[15050.840s][info][gc,cpu         ] GC(32887) User=0.01s Sys=0.00s Real=0.00s
[15051.276s][info][gc,start       ] GC(32888) Pause Young (Allocation Failure)
[15051.279s][info][gc,heap        ] GC(32888) PSYoungGen: 82336K(84480K)->1952K(84480K) Eden: 81920K(81920K)->0K(81920K) From: 416K(2560K)->1952K(2560K)
[15051.279s][info][gc,heap        ] GC(32888) ParOldGen: 490488K(491008K)->490544K(491008K)
[15051.279s][info][gc,metaspace   ] GC(32888) Metaspace: 62367K(62592K)->62367K(62592K) NonClass: 53321K(53504K)->53321K(53504K) Class: 9046K(9088K)->9046K(9088K)
[15051.279s][info][gc             ] GC(32888) Pause Young (Allocation Failure) 559M->480M(562M) 2.978ms
[15051.279s][info][gc,cpu         ] GC(32888) User=0.00s Sys=0.00s Real=0.00s
[15051.733s][info][gc,start       ] GC(32889) Pause Young (Allocation Failure)
[15051.737s][info][gc,heap        ] GC(32889) PSYoungGen: 83872K(84480K)->384K(84480K) Eden: 81920K(81920K)->0K(81920K) From: 1952K(2560K)->384K(2560K)
[15051.737s][info][gc,heap        ] GC(32889) ParOldGen: 490544K(491008K)->492648K(494080K)
[15051.737s][info][gc,metaspace   ] GC(32889) Metaspace: 62367K(62592K)->62367K(62592K) NonClass: 53321K(53504K)->53321K(53504K) Class: 9046K(9088K)->9046K(9088K)
[15051.737s][info][gc             ] GC(32889) Pause Young (Allocation Failure) 560M->481M(565M) 3.473ms
[15051.737s][info][gc,cpu         ] GC(32889) User=0.01s Sys=0.00s Real=0.01s
[15052.160s][info][gc,start       ] GC(32890) Pause Young (Allocation Failure)
[15052.163s][info][gc,heap        ] GC(32890) PSYoungGen: 82304K(84480K)->768K(84480K) Eden: 81920K(81920K)->0K(81920K) From: 384K(2560K)->768K(2560K)
[15052.163s][info][gc,heap        ] GC(32890) ParOldGen: 492648K(494080K)->492704K(494080K)
[15052.163s][info][gc,metaspace   ] GC(32890) Metaspace: 62367K(62592K)->62367K(62592K) NonClass: 53321K(53504K)->53321K(53504K) Class: 9046K(9088K)->9046K(9088K)
[15052.163s][info][gc             ] GC(32890) Pause Young (Allocation Failure) 561M->481M(565M) 2.700ms
[15052.163s][info][gc,cpu         ] GC(32890) User=0.01s Sys=0.00s Real=0.00s
[15052.588s][info][gc,start       ] GC(32891) Pause Young (Allocation Failure)
[15052.591s][info][gc,heap        ] GC(32891) PSYoungGen: 82688K(84480K)->1152K(84480K) Eden: 81920K(81920K)->0K(81920K) From: 768K(2560K)->1152K(2560K)
[15052.591s][info][gc,heap        ] GC(32891) ParOldGen: 492704K(494080K)->492760K(494080K)
[15052.591s][info][gc,metaspace   ] GC(32891) Metaspace: 62367K(62592K)->62367K(62592K) NonClass: 53321K(53504K)->53321K(53504K) Class: 9046K(9088K)->9046K(9088K)
[15052.591s][info][gc             ] GC(32891) Pause Young (Allocation Failure) 561M->482M(565M) 3.170ms
[15052.591s][info][gc,cpu         ] GC(32891) User=0.01s Sys=0.00s Real=0.00s
[15053.006s][info][gc,start       ] GC(32892) Pause Young (Allocation Failure)
[15053.009s][info][gc,heap        ] GC(32892) PSYoungGen: 83072K(84480K)->1344K(84480K) Eden: 81920K(81920K)->0K(81920K) From: 1152K(2560K)->1344K(2560K)
[15053.009s][info][gc,heap        ] GC(32892) ParOldGen: 492760K(494080K)->492808K(494080K)
[15053.009s][info][gc,metaspace   ] GC(32892) Metaspace: 62367K(62592K)->62367K(62592K) NonClass: 53321K(53504K)->53321K(53504K) Class: 9046K(9088K)->9046K(9088K)
[15053.009s][info][gc             ] GC(32892) Pause Young (Allocation Failure) 562M->482M(565M) 3.289ms
[15053.009s][info][gc,cpu         ] GC(32892) User=0.01s Sys=0.00s Real=0.00s
[15053.462s][info][gc,start       ] GC(32893) Pause Young (Allocation Failure)
[15053.465s][info][gc,heap        ] GC(32893) PSYoungGen: 83264K(84480K)->704K(84480K) Eden: 81920K(81920K)->0K(81920K) From: 1344K(2560K)->704K(2560K)
[15053.465s][info][gc,heap        ] GC(32893) ParOldGen: 492808K(494080K)->492864K(494080K)
[15053.465s][info][gc,metaspace   ] GC(32893) Metaspace: 62367K(62592K)->62367K(62592K) NonClass: 53321K(53504K)->53321K(53504K) Class: 9046K(9088K)->9046K(9088K)
[15053.465s][info][gc             ] GC(32893) Pause Young (Allocation Failure) 562M->482M(565M) 2.502ms
[15053.465s][info][gc,cpu         ] GC(32893) User=0.01s Sys=0.00s Real=0.00s
[15053.913s][info][gc,start       ] GC(32894) Pause Young (Allocation Failure)
[15053.917s][info][gc,heap        ] GC(32894) PSYoungGen: 82624K(84480K)->1408K(84480K) Eden: 81920K(81920K)->0K(81920K) From: 704K(2560K)->1408K(2560K)
[15053.917s][info][gc,heap        ] GC(32894) ParOldGen: 492864K(494080K)->492920K(494080K)
[15053.917s][info][gc,metaspace   ] GC(32894) Metaspace: 62367K(62592K)->62367K(62592K) NonClass: 53321K(53504K)->53321K(53504K) Class: 9046K(9088K)->9046K(9088K)
[15053.917s][info][gc             ] GC(32894) Pause Young (Allocation Failure) 562M->482M(565M) 3.393ms
[15053.917s][info][gc,cpu         ] GC(32894) User=0.01s Sys=0.00s Real=0.01s
[15054.408s][info][gc,start       ] GC(32895) Pause Young (Allocation Failure)
[15054.411s][info][gc,heap        ] GC(32895) PSYoungGen: 83328K(84480K)->1280K(84480K) Eden: 81920K(81920K)->0K(81920K) From: 1408K(2560K)->1280K(2560K)
[15054.411s][info][gc,heap        ] GC(32895) ParOldGen: 492920K(494080K)->492976K(494080K)
[15054.411s][info][gc,metaspace   ] GC(32895) Metaspace: 62367K(62592K)->62367K(62592K) NonClass: 53321K(53504K)->53321K(53504K) Class: 9046K(9088K)->9046K(9088K)
[15054.411s][info][gc             ] GC(32895) Pause Young (Allocation Failure) 562M->482M(565M) 3.122ms
[15054.411s][info][gc,cpu         ] GC(32895) User=0.00s Sys=0.00s Real=0.00s
[15054.897s][info][gc,start       ] GC(32896) Pause Young (Allocation Failure)
[15054.900s][info][gc,heap        ] GC(32896) PSYoungGen: 83200K(84480K)->1152K(84480K) Eden: 81920K(81920K)->0K(81920K) From: 1280K(2560K)->1152K(2560K)
[15054.900s][info][gc,heap        ] GC(32896) ParOldGen: 492976K(494080K)->493032K(494080K)
[15054.900s][info][gc,metaspace   ] GC(32896) Metaspace: 62367K(62592K)->62367K(62592K) NonClass: 53321K(53504K)->53321K(53504K) Class: 9046K(9088K)->9046K(9088K)
[15054.900s][info][gc             ] GC(32896) Pause Young (Allocation Failure) 562M->482M(565M) 2.960ms
[15054.900s][info][gc,cpu         ] GC(32896) User=0.00s Sys=0.00s Real=0.00s
[15055.376s][info][gc,start       ] GC(32897) Pause Young (Allocation Failure)
[15055.379s][info][gc,heap        ] GC(32897) PSYoungGen: 83072K(84480K)->928K(84480K) Eden: 81920K(81920K)->0K(81920K) From: 1152K(2560K)->928K(2560K)
[15055.379s][info][gc,heap        ] GC(32897) ParOldGen: 493032K(494080K)->493080K(494080K)
[15055.379s][info][gc,metaspace   ] GC(32897) Metaspace: 62367K(62592K)->62367K(62592K) NonClass: 53321K(53504K)->53321K(53504K) Class: 9046K(9088K)->9046K(9088K)
[15055.379s][info][gc             ] GC(32897) Pause Young (Allocation Failure) 562M->482M(565M) 3.067ms
[15055.379s][info][gc,cpu         ] GC(32897) User=0.01s Sys=0.00s Real=0.01s
[15055.862s][info][gc,start       ] GC(32898) Pause Young (Allocation Failure)
[15055.865s][info][gc,heap        ] GC(32898) PSYoungGen: 82848K(84480K)->1696K(83968K) Eden: 81920K(81920K)->0K(81920K) From: 928K(2560K)->1696K(2048K)
[15055.865s][info][gc,heap        ] GC(32898) ParOldGen: 493080K(494080K)->493136K(494080K)
[15055.865s][info][gc,metaspace   ] GC(32898) Metaspace: 62367K(62592K)->62367K(62592K) NonClass: 53321K(53504K)->53321K(53504K) Class: 9046K(9088K)->9046K(9088K)
[15055.865s][info][gc             ] GC(32898) Pause Young (Allocation Failure) 562M->483M(564M) 2.742ms
[15055.865s][info][gc,cpu         ] GC(32898) User=0.00s Sys=0.00s Real=0.00s
[15056.334s][info][gc,start       ] GC(32899) Pause Young (Allocation Failure)
[15056.338s][info][gc,heap        ] GC(32899) PSYoungGen: 83616K(83968K)->352K(84480K) Eden: 81920K(81920K)->0K(81920K) From: 1696K(2048K)->352K(2560K)
[15056.338s][info][gc,heap        ] GC(32899) ParOldGen: 493136K(494080K)->495240K(495616K)
[15056.338s][info][gc,metaspace   ] GC(32899) Metaspace: 62367K(62592K)->62367K(62592K) NonClass: 53321K(53504K)->53321K(53504K) Class: 9046K(9088K)->9046K(9088K)
[15056.338s][info][gc             ] GC(32899) Pause Young (Allocation Failure) 563M->483M(566M) 3.480ms
[15056.338s][info][gc,cpu         ] GC(32899) User=0.00s Sys=0.00s Real=0.01s
[15056.817s][info][gc,start       ] GC(32900) Pause Young (Allocation Failure)
[15056.820s][info][gc,heap        ] GC(32900) PSYoungGen: 82272K(84480K)->1376K(84480K) Eden: 81920K(81920K)->0K(81920K) From: 352K(2560K)->1376K(2560K)
[15056.820s][info][gc,heap        ] GC(32900) ParOldGen: 495240K(495616K)->495296K(495616K)
[15056.820s][info][gc,metaspace   ] GC(32900) Metaspace: 62367K(62592K)->62367K(62592K) NonClass: 53321K(53504K)->53321K(53504K) Class: 9046K(9088K)->9046K(9088K)
[15056.820s][info][gc             ] GC(32900) Pause Young (Allocation Failure) 563M->485M(566M) 3.239ms
[15056.820s][info][gc,cpu         ] GC(32900) User=0.01s Sys=0.00s Real=0.00s
[15057.313s][info][gc,start       ] GC(32901) Pause Young (Allocation Failure)
[15057.316s][info][gc,heap        ] GC(32901) PSYoungGen: 83296K(84480K)->1552K(84480K) Eden: 81920K(81920K)->0K(81920K) From: 1376K(2560K)->1552K(2560K)
[15057.316s][info][gc,heap        ] GC(32901) ParOldGen: 495296K(495616K)->495344K(495616K)
[15057.316s][info][gc,metaspace   ] GC(32901) Metaspace: 62367K(62592K)->62367K(62592K) NonClass: 53321K(53504K)->53321K(53504K) Class: 9046K(9088K)->9046K(9088K)
[15057.316s][info][gc             ] GC(32901) Pause Young (Allocation Failure) 565M->485M(566M) 3.623ms
[15057.316s][info][gc,cpu         ] GC(32901) User=0.00s Sys=0.00s Real=0.01s
[15057.740s][info][gc,start       ] GC(32902) Pause Young (Allocation Failure)
[15057.742s][info][gc,heap        ] GC(32902) PSYoungGen: 83472K(84480K)->480K(84480K) Eden: 81920K(81920K)->0K(81920K) From: 1552K(2560K)->480K(2560K)
[15057.742s][info][gc,heap        ] GC(32902) ParOldGen: 495344K(495616K)->495448K(495616K)
[15057.742s][info][gc,metaspace   ] GC(32902) Metaspace: 62367K(62592K)->62367K(62592K) NonClass: 53321K(53504K)->53321K(53504K) Class: 9046K(9088K)->9046K(9088K)
[15057.742s][info][gc             ] GC(32902) Pause Young (Allocation Failure) 565M->484M(566M) 2.540ms
[15057.742s][info][gc,cpu         ] GC(32902) User=0.00s Sys=0.00s Real=0.00s
[15058.210s][info][gc,start       ] GC(32903) Pause Young (Allocation Failure)
[15058.214s][info][gc,heap        ] GC(32903) PSYoungGen: 82400K(84480K)->1408K(84480K) Eden: 81920K(81920K)->0K(81920K) From: 480K(2560K)->1408K(2560K)
[15058.214s][info][gc,heap        ] GC(32903) ParOldGen: 495448K(495616K)->495512K(495616K)
[15058.214s][info][gc,metaspace   ] GC(32903) Metaspace: 62367K(62592K)->62367K(62592K) NonClass: 53321K(53504K)->53321K(53504K) Class: 9046K(9088K)->9046K(9088K)
[15058.214s][info][gc             ] GC(32903) Pause Young (Allocation Failure) 564M->485M(566M) 3.316ms
[15058.214s][info][gc,cpu         ] GC(32903) User=0.00s Sys=0.00s Real=0.00s
[15058.679s][info][gc,start       ] GC(32904) Pause Young (Allocation Failure)
[15058.682s][info][gc,heap        ] GC(32904) PSYoungGen: 83328K(84480K)->992K(84480K) Eden: 81920K(81920K)->0K(81920K) From: 1408K(2560K)->992K(2560K)
[15058.682s][info][gc,heap        ] GC(32904) ParOldGen: 495512K(495616K)->495560K(495616K)
[15058.682s][info][gc,metaspace   ] GC(32904) Metaspace: 62367K(62592K)->62367K(62592K) NonClass: 53321K(53504K)->53321K(53504K) Class: 9046K(9088K)->9046K(9088K)
[15058.682s][info][gc             ] GC(32904) Pause Young (Allocation Failure) 565M->484M(566M) 2.849ms
[15058.682s][info][gc,cpu         ] GC(32904) User=0.00s Sys=0.00s Real=0.00s
[15059.152s][info][gc,start       ] GC(32905) Pause Young (Allocation Failure)
[15059.154s][info][gc,heap        ] GC(32905) PSYoungGen: 82912K(84480K)->608K(84480K) Eden: 81920K(81920K)->0K(81920K) From: 992K(2560K)->608K(2560K)
[15059.154s][info][gc,heap        ] GC(32905) ParOldGen: 495560K(495616K)->495616K(496128K)
[15059.155s][info][gc,metaspace   ] GC(32905) Metaspace: 62367K(62592K)->62367K(62592K) NonClass: 53321K(53504K)->53321K(53504K) Class: 9046K(9088K)->9046K(9088K)
[15059.155s][info][gc             ] GC(32905) Pause Young (Allocation Failure) 564M->484M(567M) 2.680ms
[15059.155s][info][gc,cpu         ] GC(32905) User=0.01s Sys=0.00s Real=0.00s
[15059.615s][info][gc,start       ] GC(32906) Pause Young (Allocation Failure)
[15059.618s][info][gc,heap        ] GC(32906) PSYoungGen: 82528K(84480K)->1536K(84480K) Eden: 81920K(81920K)->0K(81920K) From: 608K(2560K)->1536K(2560K)
[15059.618s][info][gc,heap        ] GC(32906) ParOldGen: 495616K(496128K)->495672K(496128K)
[15059.618s][info][gc,metaspace   ] GC(32906) Metaspace: 62367K(62592K)->62367K(62592K) NonClass: 53321K(53504K)->53321K(53504K) Class: 9046K(9088K)->9046K(9088K)
[15059.618s][info][gc             ] GC(32906) Pause Young (Allocation Failure) 564M->485M(567M) 3.272ms
[15059.618s][info][gc,cpu         ] GC(32906) User=0.01s Sys=0.00s Real=0.01s
[15060.058s][info][gc,start       ] GC(32907) Pause Young (Allocation Failure)
[15060.061s][info][gc,heap        ] GC(32907) PSYoungGen: 83456K(84480K)->768K(84480K) Eden: 81920K(81920K)->0K(81920K) From: 1536K(2560K)->768K(2560K)
[15060.061s][info][gc,heap        ] GC(32907) ParOldGen: 495672K(496128K)->495720K(496128K)
[15060.061s][info][gc,metaspace   ] GC(32907) Metaspace: 62367K(62592K)->62367K(62592K) NonClass: 53321K(53504K)->53321K(53504K) Class: 9046K(9088K)->9046K(9088K)
[15060.061s][info][gc             ] GC(32907) Pause Young (Allocation Failure) 565M->484M(567M) 2.776ms
[15060.061s][info][gc,cpu         ] GC(32907) User=0.00s Sys=0.01s Real=0.00s
[15060.522s][info][gc,start       ] GC(32908) Pause Young (Allocation Failure)
[15060.524s][info][gc,heap        ] GC(32908) PSYoungGen: 82688K(84480K)->192K(84480K) Eden: 81920K(81920K)->0K(81920K) From: 768K(2560K)->192K(2560K)
[15060.525s][info][gc,heap        ] GC(32908) ParOldGen: 495720K(496128K)->495768K(496128K)
[15060.525s][info][gc,metaspace   ] GC(32908) Metaspace: 62367K(62592K)->62367K(62592K) NonClass: 53321K(53504K)->53321K(53504K) Class: 9046K(9088K)->9046K(9088K)
[15060.525s][info][gc             ] GC(32908) Pause Young (Allocation Failure) 564M->484M(567M) 2.242ms
[15060.525s][info][gc,cpu         ] GC(32908) User=0.00s Sys=0.00s Real=0.00s
[15060.987s][info][gc,start       ] GC(32909) Pause Young (Allocation Failure)
[15060.990s][info][gc,heap        ] GC(32909) PSYoungGen: 82112K(84480K)->2112K(84480K) Eden: 81920K(81920K)->0K(81920K) From: 192K(2560K)->2112K(2560K)
[15060.990s][info][gc,heap        ] GC(32909) ParOldGen: 495768K(496128K)->495824K(496128K)
[15060.990s][info][gc,metaspace   ] GC(32909) Metaspace: 62367K(62592K)->62367K(62592K) NonClass: 53321K(53504K)->53321K(53504K) Class: 9046K(9088K)->9046K(9088K)
[15060.990s][info][gc             ] GC(32909) Pause Young (Allocation Failure) 564M->486M(567M) 3.074ms
[15060.990s][info][gc,cpu         ] GC(32909) User=0.01s Sys=0.00s Real=0.00s
[15061.470s][info][gc,start       ] GC(32910) Pause Young (Allocation Failure)
[15061.474s][info][gc,heap        ] GC(32910) PSYoungGen: 84032K(84480K)->928K(84480K) Eden: 81920K(81920K)->0K(81920K) From: 2112K(2560K)->928K(2560K)
[15061.474s][info][gc,heap        ] GC(32910) ParOldGen: 495824K(496128K)->497928K(499200K)
[15061.474s][info][gc,metaspace   ] GC(32910) Metaspace: 62367K(62592K)->62367K(62592K) NonClass: 53321K(53504K)->53321K(53504K) Class: 9046K(9088K)->9046K(9088K)
[15061.474s][info][gc             ] GC(32910) Pause Young (Allocation Failure) 566M->487M(570M) 3.983ms
[15061.474s][info][gc,cpu         ] GC(32910) User=0.00s Sys=0.00s Real=0.00s
[15061.941s][info][gc,start       ] GC(32911) Pause Young (Allocation Failure)
[15061.943s][info][gc,heap        ] GC(32911) PSYoungGen: 82848K(84480K)->416K(84480K) Eden: 81920K(81920K)->0K(81920K) From: 928K(2560K)->416K(2560K)
[15061.943s][info][gc,heap        ] GC(32911) ParOldGen: 497928K(499200K)->497976K(499200K)
[15061.943s][info][gc,metaspace   ] GC(32911) Metaspace: 62367K(62592K)->62367K(62592K) NonClass: 53321K(53504K)->53321K(53504K) Class: 9046K(9088K)->9046K(9088K)
[15061.943s][info][gc             ] GC(32911) Pause Young (Allocation Failure) 567M->486M(570M) 2.455ms
[15061.943s][info][gc,cpu         ] GC(32911) User=0.00s Sys=0.00s Real=0.00s
[15062.404s][info][gc,start       ] GC(32912) Pause Young (Allocation Failure)
[15062.407s][info][gc,heap        ] GC(32912) PSYoungGen: 82336K(84480K)->1440K(84480K) Eden: 81920K(81920K)->0K(81920K) From: 416K(2560K)->1440K(2560K)
[15062.407s][info][gc,heap        ] GC(32912) ParOldGen: 497976K(499200K)->498024K(499200K)
[15062.407s][info][gc,metaspace   ] GC(32912) Metaspace: 62367K(62592K)->62367K(62592K) NonClass: 53321K(53504K)->53321K(53504K) Class: 9046K(9088K)->9046K(9088K)
[15062.407s][info][gc             ] GC(32912) Pause Young (Allocation Failure) 566M->487M(570M) 3.206ms
[15062.407s][info][gc,cpu         ] GC(32912) User=0.01s Sys=0.00s Real=0.01s
[15062.875s][info][gc,start       ] GC(32913) Pause Young (Allocation Failure)
[15062.878s][info][gc,heap        ] GC(32913) PSYoungGen: 83360K(84480K)->1024K(84480K) Eden: 81920K(81920K)->0K(81920K) From: 1440K(2560K)->1024K(2560K)
[15062.878s][info][gc,heap        ] GC(32913) ParOldGen: 498024K(499200K)->498080K(499200K)
[15062.878s][info][gc,metaspace   ] GC(32913) Metaspace: 62367K(62592K)->62367K(62592K) NonClass: 53321K(53504K)->53321K(53504K) Class: 9046K(9088K)->9046K(9088K)
[15062.878s][info][gc             ] GC(32913) Pause Young (Allocation Failure) 567M->487M(570M) 2.811ms
[15062.878s][info][gc,cpu         ] GC(32913) User=0.00s Sys=0.00s Real=0.01s
[15063.353s][info][gc,start       ] GC(32914) Pause Young (Allocation Failure)
[15063.355s][info][gc,heap        ] GC(32914) PSYoungGen: 82944K(84480K)->608K(84480K) Eden: 81920K(81920K)->0K(81920K) From: 1024K(2560K)->608K(2560K)
[15063.355s][info][gc,heap        ] GC(32914) ParOldGen: 498080K(499200K)->498136K(499200K)
[15063.355s][info][gc,metaspace   ] GC(32914) Metaspace: 62367K(62592K)->62367K(62592K) NonClass: 53321K(53504K)->53321K(53504K) Class: 9046K(9088K)->9046K(9088K)
[15063.355s][info][gc             ] GC(32914) Pause Young (Allocation Failure) 567M->487M(570M) 2.538ms
[15063.355s][info][gc,cpu         ] GC(32914) User=0.01s Sys=0.00s Real=0.00s
[15063.831s][info][gc,start       ] GC(32915) Pause Young (Allocation Failure)
[15063.833s][info][gc,heap        ] GC(32915) PSYoungGen: 82528K(84480K)->320K(84480K) Eden: 81920K(81920K)->0K(81920K) From: 608K(2560K)->320K(2560K)
[15063.833s][info][gc,heap        ] GC(32915) ParOldGen: 498136K(499200K)->498184K(499200K)
[15063.833s][info][gc,metaspace   ] GC(32915) Metaspace: 62367K(62592K)->62367K(62592K) NonClass: 53321K(53504K)->53321K(53504K) Class: 9046K(9088K)->9046K(9088K)
[15063.833s][info][gc             ] GC(32915) Pause Young (Allocation Failure) 567M->486M(570M) 2.334ms
[15063.833s][info][gc,cpu         ] GC(32915) User=0.00s Sys=0.00s Real=0.00s
[15064.265s][info][gc,start       ] GC(32916) Pause Young (Allocation Failure)
[15064.268s][info][gc,heap        ] GC(32916) PSYoungGen: 82240K(84480K)->800K(84480K) Eden: 81920K(81920K)->0K(81920K) From: 320K(2560K)->800K(2560K)
[15064.268s][info][gc,heap        ] GC(32916) ParOldGen: 498184K(499200K)->498232K(499200K)
[15064.268s][info][gc,metaspace   ] GC(32916) Metaspace: 62367K(62592K)->62367K(62592K) NonClass: 53321K(53504K)->53321K(53504K) Class: 9046K(9088K)->9046K(9088K)
[15064.268s][info][gc             ] GC(32916) Pause Young (Allocation Failure) 566M->487M(570M) 2.693ms
[15064.268s][info][gc,cpu         ] GC(32916) User=0.00s Sys=0.00s Real=0.01s
[15064.652s][info][gc,start       ] GC(32917) Pause Young (Allocation Failure)
[15064.654s][info][gc,heap        ] GC(32917) PSYoungGen: 82720K(84480K)->704K(84480K) Eden: 81920K(81920K)->0K(81920K) From: 800K(2560K)->704K(2560K)
[15064.654s][info][gc,heap        ] GC(32917) ParOldGen: 498232K(499200K)->498288K(499200K)
[15064.654s][info][gc,metaspace   ] GC(32917) Metaspace: 62367K(62592K)->62367K(62592K) NonClass: 53321K(53504K)->53321K(53504K) Class: 9046K(9088K)->9046K(9088K)
[15064.654s][info][gc             ] GC(32917) Pause Young (Allocation Failure) 567M->487M(570M) 2.637ms
[15064.654s][info][gc,cpu         ] GC(32917) User=0.01s Sys=0.00s Real=0.00s
[15065.113s][info][gc,start       ] GC(32918) Pause Young (Allocation Failure)
[15065.116s][info][gc,heap        ] GC(32918) PSYoungGen: 82624K(84480K)->1568K(83968K) Eden: 81920K(81920K)->0K(81920K) From: 704K(2560K)->1568K(2048K)
[15065.116s][info][gc,heap        ] GC(32918) ParOldGen: 498288K(499200K)->498344K(499200K)
[15065.116s][info][gc,metaspace   ] GC(32918) Metaspace: 62367K(62592K)->62367K(62592K) NonClass: 53321K(53504K)->53321K(53504K) Class: 9046K(9088K)->9046K(9088K)
[15065.116s][info][gc             ] GC(32918) Pause Young (Allocation Failure) 567M->488M(569M) 3.358ms
[15065.116s][info][gc,cpu         ] GC(32918) User=0.01s Sys=0.00s Real=0.01s
[15065.526s][info][gc,start       ] GC(32919) Pause Young (Allocation Failure)
[15065.529s][info][gc,heap        ] GC(32919) PSYoungGen: 83488K(83968K)->256K(84480K) Eden: 81920K(81920K)->0K(81920K) From: 1568K(2048K)->256K(2560K)
[15065.529s][info][gc,heap        ] GC(32919) ParOldGen: 498344K(499200K)->498456K(499200K)
[15065.529s][info][gc,metaspace   ] GC(32919) Metaspace: 62367K(62592K)->62367K(62592K) NonClass: 53321K(53504K)->53321K(53504K) Class: 9046K(9088K)->9046K(9088K)
[15065.529s][info][gc             ] GC(32919) Pause Young (Allocation Failure) 568M->487M(570M) 2.388ms
[15065.529s][info][gc,cpu         ] GC(32919) User=0.01s Sys=0.00s Real=0.00s
[15065.948s][info][gc,start       ] GC(32920) Pause Young (Allocation Failure)
[15065.952s][info][gc,heap        ] GC(32920) PSYoungGen: 82176K(84480K)->2528K(83456K) Eden: 81920K(81920K)->0K(80896K) From: 256K(2560K)->2528K(2560K)
[15065.952s][info][gc,heap        ] GC(32920) ParOldGen: 498456K(499200K)->499552K(500736K)
[15065.952s][info][gc,metaspace   ] GC(32920) Metaspace: 62367K(62592K)->62367K(62592K) NonClass: 53321K(53504K)->53321K(53504K) Class: 9046K(9088K)->9046K(9088K)
[15065.952s][info][gc             ] GC(32920) Pause Young (Allocation Failure) 567M->490M(570M) 3.645ms
[15065.952s][info][gc,cpu         ] GC(32920) User=0.00s Sys=0.00s Real=0.00s
[15066.341s][info][gc,start       ] GC(32921) Pause Young (Allocation Failure)
[15066.345s][info][gc,heap        ] GC(32921) PSYoungGen: 83424K(83456K)->480K(83968K) Eden: 80895K(80896K)->0K(80896K) From: 2528K(2560K)->480K(3072K)
[15066.345s][info][gc,heap        ] GC(32921) ParOldGen: 499552K(500736K)->501656K(502272K)
[15066.345s][info][gc,metaspace   ] GC(32921) Metaspace: 62367K(62592K)->62367K(62592K) NonClass: 53321K(53504K)->53321K(53504K) Class: 9046K(9088K)->9046K(9088K)
[15066.345s][info][gc             ] GC(32921) Pause Young (Allocation Failure) 569M->490M(572M) 3.655ms
[15066.345s][info][gc,cpu         ] GC(32921) User=0.01s Sys=0.00s Real=0.00s
[15066.782s][info][gc,start       ] GC(32922) Pause Young (Allocation Failure)
[15066.785s][info][gc,heap        ] GC(32922) PSYoungGen: 81376K(83968K)->992K(83968K) Eden: 80896K(80896K)->0K(80896K) From: 480K(3072K)->992K(3072K)
[15066.785s][info][gc,heap        ] GC(32922) ParOldGen: 501656K(502272K)->501712K(502272K)
[15066.785s][info][gc,metaspace   ] GC(32922) Metaspace: 62367K(62592K)->62367K(62592K) NonClass: 53321K(53504K)->53321K(53504K) Class: 9046K(9088K)->9046K(9088K)
[15066.785s][info][gc             ] GC(32922) Pause Young (Allocation Failure) 569M->490M(572M) 2.958ms
[15066.785s][info][gc,cpu         ] GC(32922) User=0.00s Sys=0.00s Real=0.00s
[15067.206s][info][gc,start       ] GC(32923) Pause Young (Allocation Failure)
[15067.209s][info][gc,heap        ] GC(32923) PSYoungGen: 81888K(83968K)->1440K(83968K) Eden: 80896K(80896K)->0K(80896K) From: 992K(3072K)->1440K(3072K)
[15067.210s][info][gc,heap        ] GC(32923) ParOldGen: 501712K(502272K)->501768K(502272K)
[15067.210s][info][gc,metaspace   ] GC(32923) Metaspace: 62367K(62592K)->62367K(62592K) NonClass: 53321K(53504K)->53321K(53504K) Class: 9046K(9088K)->9046K(9088K)
[15067.210s][info][gc             ] GC(32923) Pause Young (Allocation Failure) 569M->491M(572M) 3.432ms
[15067.210s][info][gc,cpu         ] GC(32923) User=0.00s Sys=0.00s Real=0.00s
[15067.638s][info][gc,start       ] GC(32924) Pause Young (Allocation Failure)
[15067.641s][info][gc,heap        ] GC(32924) PSYoungGen: 82336K(83968K)->448K(83968K) Eden: 80896K(80896K)->0K(80896K) From: 1440K(3072K)->448K(3072K)
[15067.641s][info][gc,heap        ] GC(32924) ParOldGen: 501768K(502272K)->501824K(502272K)
[15067.641s][info][gc,metaspace   ] GC(32924) Metaspace: 62367K(62592K)->62367K(62592K) NonClass: 53321K(53504K)->53321K(53504K) Class: 9046K(9088K)->9046K(9088K)
[15067.641s][info][gc             ] GC(32924) Pause Young (Allocation Failure) 570M->490M(572M) 2.632ms
[15067.641s][info][gc,cpu         ] GC(32924) User=0.01s Sys=0.00s Real=0.00s
[15068.043s][info][gc,start       ] GC(32925) Pause Young (Allocation Failure)
[15068.045s][info][gc,heap        ] GC(32925) PSYoungGen: 81344K(83968K)->544K(83968K) Eden: 80896K(80896K)->0K(80896K) From: 448K(3072K)->544K(3072K)
[15068.045s][info][gc,heap        ] GC(32925) ParOldGen: 501824K(502272K)->501880K(502272K)
[15068.045s][info][gc,metaspace   ] GC(32925) Metaspace: 62367K(62592K)->62367K(62592K) NonClass: 53321K(53504K)->53321K(53504K) Class: 9046K(9088K)->9046K(9088K)
[15068.045s][info][gc             ] GC(32925) Pause Young (Allocation Failure) 569M->490M(572M) 2.557ms
[15068.045s][info][gc,cpu         ] GC(32925) User=0.00s Sys=0.00s Real=0.00s
[15068.469s][info][gc,start       ] GC(32926) Pause Young (Allocation Failure)
[15068.472s][info][gc,heap        ] GC(32926) PSYoungGen: 81440K(83968K)->960K(84480K) Eden: 80896K(80896K)->0K(81408K) From: 544K(3072K)->960K(3072K)
[15068.472s][info][gc,heap        ] GC(32926) ParOldGen: 501880K(502272K)->501936K(502272K)
[15068.472s][info][gc,metaspace   ] GC(32926) Metaspace: 62367K(62592K)->62367K(62592K) NonClass: 53321K(53504K)->53321K(53504K) Class: 9046K(9088K)->9046K(9088K)
[15068.472s][info][gc             ] GC(32926) Pause Young (Allocation Failure) 569M->491M(573M) 2.813ms
[15068.472s][info][gc,cpu         ] GC(32926) User=0.01s Sys=0.00s Real=0.00s
[15068.872s][info][gc,start       ] GC(32927) Pause Young (Allocation Failure)
[15068.874s][info][gc,heap        ] GC(32927) PSYoungGen: 82368K(84480K)->992K(83968K) Eden: 81408K(81408K)->0K(81408K) From: 960K(3072K)->992K(2560K)
[15068.874s][info][gc,heap        ] GC(32927) ParOldGen: 501936K(502272K)->501984K(502272K)
[15068.874s][info][gc,metaspace   ] GC(32927) Metaspace: 62367K(62592K)->62367K(62592K) NonClass: 53321K(53504K)->53321K(53504K) Class: 9046K(9088K)->9046K(9088K)
[15068.874s][info][gc             ] GC(32927) Pause Young (Allocation Failure) 570M->491M(572M) 2.843ms
[15068.874s][info][gc,cpu         ] GC(32927) User=0.01s Sys=0.00s Real=0.00s
[15069.262s][info][gc,start       ] GC(32928) Pause Young (Allocation Failure)
[15069.265s][info][gc,heap        ] GC(32928) PSYoungGen: 82400K(83968K)->864K(84480K) Eden: 81408K(81408K)->0K(81920K) From: 992K(2560K)->864K(2560K)
[15069.265s][info][gc,heap        ] GC(32928) ParOldGen: 501984K(502272K)->502032K(502272K)
[15069.265s][info][gc,metaspace   ] GC(32928) Metaspace: 62367K(62592K)->62367K(62592K) NonClass: 53321K(53504K)->53321K(53504K) Class: 9046K(9088K)->9046K(9088K)
[15069.265s][info][gc             ] GC(32928) Pause Young (Allocation Failure) 570M->491M(573M) 2.781ms
[15069.265s][info][gc,cpu         ] GC(32928) User=0.00s Sys=0.00s Real=0.00s
[15069.668s][info][gc,start       ] GC(32929) Pause Young (Allocation Failure)
[15069.671s][info][gc,heap        ] GC(32929) PSYoungGen: 82784K(84480K)->896K(84480K) Eden: 81920K(81920K)->0K(81920K) From: 864K(2560K)->896K(2560K)
[15069.671s][info][gc,heap        ] GC(32929) ParOldGen: 502032K(502272K)->502088K(502272K)
[15069.671s][info][gc,metaspace   ] GC(32929) Metaspace: 62367K(62592K)->62367K(62592K) NonClass: 53321K(53504K)->53321K(53504K) Class: 9046K(9088K)->9046K(9088K)
[15069.671s][info][gc             ] GC(32929) Pause Young (Allocation Failure) 571M->491M(573M) 2.845ms
[15069.671s][info][gc,cpu         ] GC(32929) User=0.01s Sys=0.00s Real=0.00s
[15070.028s][info][gc,start       ] GC(32930) Pause Young (Allocation Failure)
[15070.030s][info][gc,heap        ] GC(32930) PSYoungGen: 82816K(84480K)->288K(84480K) Eden: 81920K(81920K)->0K(81920K) From: 896K(2560K)->288K(2560K)
[15070.030s][info][gc,heap        ] GC(32930) ParOldGen: 502088K(502272K)->502144K(502272K)
[15070.030s][info][gc,metaspace   ] GC(32930) Metaspace: 62367K(62592K)->62367K(62592K) NonClass: 53321K(53504K)->53321K(53504K) Class: 9046K(9088K)->9046K(9088K)
[15070.030s][info][gc             ] GC(32930) Pause Young (Allocation Failure) 571M->490M(573M) 2.319ms
[15070.030s][info][gc,cpu         ] GC(32930) User=0.01s Sys=0.00s Real=0.00s
[15070.486s][info][gc,start       ] GC(32931) Pause Young (Allocation Failure)
[15070.489s][info][gc,heap        ] GC(32931) PSYoungGen: 82208K(84480K)->1024K(84480K) Eden: 81920K(81920K)->0K(81920K) From: 288K(2560K)->1024K(2560K)
[15070.489s][info][gc,heap        ] GC(32931) ParOldGen: 502144K(502272K)->502192K(502272K)
[15070.489s][info][gc,metaspace   ] GC(32931) Metaspace: 62367K(62592K)->62367K(62592K) NonClass: 53321K(53504K)->53321K(53504K) Class: 9046K(9088K)->9046K(9088K)
[15070.489s][info][gc             ] GC(32931) Pause Young (Allocation Failure) 570M->491M(573M) 2.866ms
[15070.489s][info][gc,cpu         ] GC(32931) User=0.00s Sys=0.00s Real=0.00s
[15070.936s][info][gc,start       ] GC(32932) Pause Young (Allocation Failure)
[15070.938s][info][gc,heap        ] GC(32932) PSYoungGen: 82944K(84480K)->384K(84992K) Eden: 81920K(81920K)->0K(82944K) From: 1024K(2560K)->384K(2048K)
[15070.938s][info][gc,heap        ] GC(32932) ParOldGen: 502192K(502272K)->502240K(502272K)
[15070.938s][info][gc,metaspace   ] GC(32932) Metaspace: 62367K(62592K)->62367K(62592K) NonClass: 53321K(53504K)->53321K(53504K) Class: 9046K(9088K)->9046K(9088K)
[15070.938s][info][gc             ] GC(32932) Pause Young (Allocation Failure) 571M->490M(573M) 2.441ms
[15070.938s][info][gc,cpu         ] GC(32932) User=0.01s Sys=0.00s Real=0.00s
[15071.349s][info][gc,start       ] GC(32933) Pause Young (Allocation Failure)
[15071.352s][info][gc,heap        ] GC(32933) PSYoungGen: 83328K(84992K)->608K(84992K) Eden: 82944K(82944K)->0K(82944K) From: 384K(2048K)->608K(2048K)
[15071.352s][info][gc,heap        ] GC(32933) ParOldGen: 502240K(502272K)->502288K(502784K)
[15071.352s][info][gc,metaspace   ] GC(32933) Metaspace: 62367K(62592K)->62367K(62592K) NonClass: 53321K(53504K)->53321K(53504K) Class: 9046K(9088K)->9046K(9088K)
[15071.352s][info][gc             ] GC(32933) Pause Young (Allocation Failure) 571M->491M(574M) 2.602ms
[15071.352s][info][gc,cpu         ] GC(32933) User=0.00s Sys=0.00s Real=0.00s
[15071.771s][info][gc,start       ] GC(32934) Pause Young (Allocation Failure)
[15071.774s][info][gc,heap        ] GC(32934) PSYoungGen: 83552K(84992K)->960K(84992K) Eden: 82944K(82944K)->0K(82944K) From: 608K(2048K)->960K(2048K)
[15071.774s][info][gc,heap        ] GC(32934) ParOldGen: 502288K(502784K)->502344K(502784K)
[15071.774s][info][gc,metaspace   ] GC(32934) Metaspace: 62367K(62592K)->62367K(62592K) NonClass: 53321K(53504K)->53321K(53504K) Class: 9046K(9088K)->9046K(9088K)
[15071.774s][info][gc             ] GC(32934) Pause Young (Allocation Failure) 572M->491M(574M) 2.861ms
[15071.774s][info][gc,cpu         ] GC(32934) User=0.01s Sys=0.00s Real=0.00s
[15072.230s][info][gc,start       ] GC(32935) Pause Young (Allocation Failure)
[15072.232s][info][gc,heap        ] GC(32935) PSYoungGen: 83904K(84992K)->384K(84992K) Eden: 82944K(82944K)->0K(82944K) From: 960K(2048K)->384K(2048K)
[15072.232s][info][gc,heap        ] GC(32935) ParOldGen: 502344K(502784K)->502392K(502784K)
[15072.232s][info][gc,metaspace   ] GC(32935) Metaspace: 62367K(62592K)->62367K(62592K) NonClass: 53321K(53504K)->53321K(53504K) Class: 9046K(9088K)->9046K(9088K)
[15072.233s][info][gc             ] GC(32935) Pause Young (Allocation Failure) 572M->490M(574M) 2.437ms
[15072.233s][info][gc,cpu         ] GC(32935) User=0.00s Sys=0.00s Real=0.00s
[15072.625s][info][gc,start       ] GC(32936) Pause Young (Allocation Failure)
[15072.628s][info][gc,heap        ] GC(32936) PSYoungGen: 83328K(84992K)->256K(84992K) Eden: 82944K(82944K)->0K(82944K) From: 384K(2048K)->256K(2048K)
[15072.628s][info][gc,heap        ] GC(32936) ParOldGen: 502392K(502784K)->502496K(502784K)
[15072.628s][info][gc,metaspace   ] GC(32936) Metaspace: 62367K(62592K)->62367K(62592K) NonClass: 53321K(53504K)->53321K(53504K) Class: 9046K(9088K)->9046K(9088K)
[15072.628s][info][gc             ] GC(32936) Pause Young (Allocation Failure) 571M->490M(574M) 2.317ms
[15072.628s][info][gc,cpu         ] GC(32936) User=0.00s Sys=0.00s Real=0.01s
[15073.030s][info][gc,start       ] GC(32937) Pause Young (Allocation Failure)
[15073.032s][info][gc,heap        ] GC(32937) PSYoungGen: 83200K(84992K)->320K(84992K) Eden: 82944K(82944K)->0K(82944K) From: 256K(2048K)->320K(2048K)
[15073.033s][info][gc,heap        ] GC(32937) ParOldGen: 502496K(502784K)->502544K(502784K)
[15073.033s][info][gc,metaspace   ] GC(32937) Metaspace: 62367K(62592K)->62367K(62592K) NonClass: 53321K(53504K)->53321K(53504K) Class: 9046K(9088K)->9046K(9088K)
[15073.033s][info][gc             ] GC(32937) Pause Young (Allocation Failure) 571M->491M(574M) 2.350ms
[15073.033s][info][gc,cpu         ] GC(32937) User=0.00s Sys=0.00s Real=0.00s
[15073.433s][info][gc,start       ] GC(32938) Pause Young (Allocation Failure)
[15073.436s][info][gc,heap        ] GC(32938) PSYoungGen: 83264K(84992K)->384K(84992K) Eden: 82944K(82944K)->0K(82944K) From: 320K(2048K)->384K(2048K)
[15073.436s][info][gc,heap        ] GC(32938) ParOldGen: 502544K(502784K)->502600K(502784K)
[15073.436s][info][gc,metaspace   ] GC(32938) Metaspace: 62367K(62592K)->62367K(62592K) NonClass: 53321K(53504K)->53321K(53504K) Class: 9046K(9088K)->9046K(9088K)
[15073.436s][info][gc             ] GC(32938) Pause Young (Allocation Failure) 572M->491M(574M) 2.418ms
[15073.436s][info][gc,cpu         ] GC(32938) User=0.00s Sys=0.00s Real=0.00s
[15073.835s][info][gc,start       ] GC(32939) Pause Young (Allocation Failure)
[15073.837s][info][gc,heap        ] GC(32939) PSYoungGen: 83328K(84992K)->384K(84992K) Eden: 82944K(82944K)->0K(82944K) From: 384K(2048K)->384K(2048K)
[15073.837s][info][gc,heap        ] GC(32939) ParOldGen: 502600K(502784K)->502656K(502784K)
[15073.837s][info][gc,metaspace   ] GC(32939) Metaspace: 62367K(62592K)->62367K(62592K) NonClass: 53321K(53504K)->53321K(53504K) Class: 9046K(9088K)->9046K(9088K)
[15073.837s][info][gc             ] GC(32939) Pause Young (Allocation Failure) 572M->491M(574M) 2.356ms
[15073.837s][info][gc,cpu         ] GC(32939) User=0.00s Sys=0.01s Real=0.01s
[15074.262s][info][gc,start       ] GC(32940) Pause Young (Allocation Failure)
[15074.265s][info][gc,heap        ] GC(32940) PSYoungGen: 83328K(84992K)->800K(84992K) Eden: 82944K(82944K)->0K(82944K) From: 384K(2048K)->800K(2048K)
[15074.265s][info][gc,heap        ] GC(32940) ParOldGen: 502656K(502784K)->502712K(502784K)
[15074.265s][info][gc,metaspace   ] GC(32940) Metaspace: 62367K(62592K)->62367K(62592K) NonClass: 53321K(53504K)->53321K(53504K) Class: 9046K(9088K)->9046K(9088K)
[15074.265s][info][gc             ] GC(32940) Pause Young (Allocation Failure) 572M->491M(574M) 2.710ms
[15074.265s][info][gc,cpu         ] GC(32940) User=0.01s Sys=0.00s Real=0.00s
[15074.701s][info][gc,start       ] GC(32941) Pause Young (Allocation Failure)
[15074.705s][info][gc,heap        ] GC(32941) PSYoungGen: 83744K(84992K)->1344K(84992K) Eden: 82944K(82944K)->0K(82944K) From: 800K(2048K)->1344K(2048K)
[15074.705s][info][gc,heap        ] GC(32941) ParOldGen: 502712K(502784K)->504808K(505856K)
[15074.705s][info][gc,metaspace   ] GC(32941) Metaspace: 62367K(62592K)->62367K(62592K) NonClass: 53321K(53504K)->53321K(53504K) Class: 9046K(9088K)->9046K(9088K)
[15074.705s][info][gc             ] GC(32941) Pause Young (Allocation Failure) 572M->494M(577M) 4.279ms
[15074.705s][info][gc,cpu         ] GC(32941) User=0.01s Sys=0.00s Real=0.00s
[15075.143s][info][gc,start       ] GC(32942) Pause Young (Allocation Failure)
[15075.146s][info][gc,heap        ] GC(32942) PSYoungGen: 84288K(84992K)->480K(84992K) Eden: 82944K(82944K)->0K(82944K) From: 1344K(2048K)->480K(2048K)
[15075.146s][info][gc,heap        ] GC(32942) ParOldGen: 504808K(505856K)->504856K(505856K)
[15075.146s][info][gc,metaspace   ] GC(32942) Metaspace: 62367K(62592K)->62367K(62592K) NonClass: 53321K(53504K)->53321K(53504K) Class: 9046K(9088K)->9046K(9088K)
[15075.146s][info][gc             ] GC(32942) Pause Young (Allocation Failure) 575M->493M(577M) 2.459ms
[15075.146s][info][gc,cpu         ] GC(32942) User=0.00s Sys=0.00s Real=0.00s
[15075.558s][info][gc,start       ] GC(32943) Pause Young (Allocation Failure)
[15075.561s][info][gc,heap        ] GC(32943) PSYoungGen: 83424K(84992K)->800K(84992K) Eden: 82944K(82944K)->0K(82944K) From: 480K(2048K)->800K(2048K)
[15075.561s][info][gc,heap        ] GC(32943) ParOldGen: 504856K(505856K)->504904K(505856K)
[15075.561s][info][gc,metaspace   ] GC(32943) Metaspace: 62367K(62592K)->62367K(62592K) NonClass: 53321K(53504K)->53321K(53504K) Class: 9046K(9088K)->9046K(9088K)
[15075.561s][info][gc             ] GC(32943) Pause Young (Allocation Failure) 574M->493M(577M) 2.746ms
[15075.561s][info][gc,cpu         ] GC(32943) User=0.01s Sys=0.00s Real=0.00s
[15076.000s][info][gc,start       ] GC(32944) Pause Young (Allocation Failure)
[15076.003s][info][gc,heap        ] GC(32944) PSYoungGen: 83744K(84992K)->1376K(84992K) Eden: 82944K(82944K)->0K(82944K) From: 800K(2048K)->1376K(2048K)
[15076.003s][info][gc,heap        ] GC(32944) ParOldGen: 504904K(505856K)->504952K(505856K)
[15076.003s][info][gc,metaspace   ] GC(32944) Metaspace: 62367K(62592K)->62367K(62592K) NonClass: 53321K(53504K)->53321K(53504K) Class: 9046K(9088K)->9046K(9088K)
[15076.003s][info][gc             ] GC(32944) Pause Young (Allocation Failure) 574M->494M(577M) 3.216ms
[15076.003s][info][gc,cpu         ] GC(32944) User=0.00s Sys=0.00s Real=0.00s
[15076.447s][info][gc,start       ] GC(32945) Pause Young (Allocation Failure)
[15076.450s][info][gc,heap        ] GC(32945) PSYoungGen: 84320K(84992K)->576K(84992K) Eden: 82944K(82944K)->0K(82944K) From: 1376K(2048K)->576K(2048K)
[15076.450s][info][gc,heap        ] GC(32945) ParOldGen: 504952K(505856K)->505008K(505856K)
[15076.450s][info][gc,metaspace   ] GC(32945) Metaspace: 62367K(62592K)->62367K(62592K) NonClass: 53321K(53504K)->53321K(53504K) Class: 9046K(9088K)->9046K(9088K)
[15076.450s][info][gc             ] GC(32945) Pause Young (Allocation Failure) 575M->493M(577M) 2.563ms
[15076.450s][info][gc,cpu         ] GC(32945) User=0.01s Sys=0.00s Real=0.00s
[15076.905s][info][gc,start       ] GC(32946) Pause Young (Allocation Failure)
[15076.908s][info][gc,heap        ] GC(32946) PSYoungGen: 83520K(84992K)->1408K(84992K) Eden: 82944K(82944K)->0K(82944K) From: 576K(2048K)->1408K(2048K)
[15076.908s][info][gc,heap        ] GC(32946) ParOldGen: 505008K(505856K)->505064K(505856K)
[15076.908s][info][gc,metaspace   ] GC(32946) Metaspace: 62367K(62592K)->62367K(62592K) NonClass: 53321K(53504K)->53321K(53504K) Class: 9046K(9088K)->9046K(9088K)
[15076.908s][info][gc             ] GC(32946) Pause Young (Allocation Failure) 574M->494M(577M) 3.430ms
[15076.908s][info][gc,cpu         ] GC(32946) User=0.00s Sys=0.00s Real=0.01s
[15077.308s][info][gc,start       ] GC(32947) Pause Young (Allocation Failure)
[15077.311s][info][gc,heap        ] GC(32947) PSYoungGen: 84352K(84992K)->1280K(84992K) Eden: 82944K(82944K)->0K(82944K) From: 1408K(2048K)->1280K(2048K)
[15077.311s][info][gc,heap        ] GC(32947) ParOldGen: 505064K(505856K)->505112K(505856K)
[15077.311s][info][gc,metaspace   ] GC(32947) Metaspace: 62367K(62592K)->62367K(62592K) NonClass: 53321K(53504K)->53321K(53504K) Class: 9046K(9088K)->9046K(9088K)
[15077.311s][info][gc             ] GC(32947) Pause Young (Allocation Failure) 575M->494M(577M) 3.285ms
[15077.311s][info][gc,cpu         ] GC(32947) User=0.01s Sys=0.00s Real=0.00s
[15077.774s][info][gc,start       ] GC(32948) Pause Young (Allocation Failure)
[15077.777s][info][gc,heap        ] GC(32948) PSYoungGen: 84224K(84992K)->928K(84992K) Eden: 82944K(82944K)->0K(82944K) From: 1280K(2048K)->928K(2048K)
[15077.777s][info][gc,heap        ] GC(32948) ParOldGen: 505112K(505856K)->505160K(505856K)
[15077.777s][info][gc,metaspace   ] GC(32948) Metaspace: 62367K(62592K)->62367K(62592K) NonClass: 53321K(53504K)->53321K(53504K) Class: 9046K(9088K)->9046K(9088K)
[15077.777s][info][gc             ] GC(32948) Pause Young (Allocation Failure) 575M->494M(577M) 2.948ms
[15077.777s][info][gc,cpu         ] GC(32948) User=0.01s Sys=0.00s Real=0.01s
[15078.199s][info][gc,start       ] GC(32949) Pause Young (Allocation Failure)
[15078.202s][info][gc,heap        ] GC(32949) PSYoungGen: 83872K(84992K)->1376K(84992K) Eden: 82944K(82944K)->0K(82944K) From: 928K(2048K)->1376K(2048K)
[15078.202s][info][gc,heap        ] GC(32949) ParOldGen: 505160K(505856K)->505208K(505856K)
[15078.202s][info][gc,metaspace   ] GC(32949) Metaspace: 62367K(62592K)->62367K(62592K) NonClass: 53321K(53504K)->53321K(53504K) Class: 9046K(9088K)->9046K(9088K)
[15078.202s][info][gc             ] GC(32949) Pause Young (Allocation Failure) 575M->494M(577M) 3.358ms
[15078.202s][info][gc,cpu         ] GC(32949) User=0.00s Sys=0.00s Real=0.00s
[15078.602s][info][gc,start       ] GC(32950) Pause Young (Allocation Failure)
[15078.605s][info][gc,heap        ] GC(32950) PSYoungGen: 84320K(84992K)->1504K(83968K) Eden: 82944K(82944K)->0K(81920K) From: 1376K(2048K)->1504K(2048K)
[15078.605s][info][gc,heap        ] GC(32950) ParOldGen: 505208K(505856K)->505256K(505856K)
[15078.605s][info][gc,metaspace   ] GC(32950) Metaspace: 62367K(62592K)->62367K(62592K) NonClass: 53321K(53504K)->53321K(53504K) Class: 9046K(9088K)->9046K(9088K)
[15078.605s][info][gc             ] GC(32950) Pause Young (Allocation Failure) 575M->494M(576M) 3.364ms
[15078.605s][info][gc,cpu         ] GC(32950) User=0.01s Sys=0.00s Real=0.00s
[15078.992s][info][gc,start       ] GC(32951) Pause Young (Allocation Failure)
[15078.995s][info][gc,heap        ] GC(32951) PSYoungGen: 83424K(83968K)->2336K(84480K) Eden: 81920K(81920K)->0K(81920K) From: 1504K(2048K)->2336K(2560K)
[15078.995s][info][gc,heap        ] GC(32951) ParOldGen: 505256K(505856K)->505312K(505856K)
[15078.995s][info][gc,metaspace   ] GC(32951) Metaspace: 62367K(62592K)->62367K(62592K) NonClass: 53321K(53504K)->53321K(53504K) Class: 9046K(9088K)->9046K(9088K)
[15078.995s][info][gc             ] GC(32951) Pause Young (Allocation Failure) 574M->495M(576M) 3.307ms
[15078.995s][info][gc,cpu         ] GC(32951) User=0.01s Sys=0.00s Real=0.00s
[15079.463s][info][gc,start       ] GC(32952) Pause Young (Allocation Failure)
[15079.467s][info][gc,heap        ] GC(32952) PSYoungGen: 84256K(84480K)->864K(84480K) Eden: 81920K(81920K)->0K(81920K) From: 2336K(2560K)->864K(2560K)
[15079.467s][info][gc,heap        ] GC(32952) ParOldGen: 505312K(505856K)->507408K(507904K)
[15079.467s][info][gc,metaspace   ] GC(32952) Metaspace: 62367K(62592K)->62367K(62592K) NonClass: 53321K(53504K)->53321K(53504K) Class: 9046K(9088K)->9046K(9088K)
[15079.467s][info][gc             ] GC(32952) Pause Young (Allocation Failure) 575M->496M(578M) 3.811ms
[15079.467s][info][gc,cpu         ] GC(32952) User=0.00s Sys=0.00s Real=0.01s
[15079.907s][info][gc,start       ] GC(32953) Pause Young (Allocation Failure)
[15079.910s][info][gc,heap        ] GC(32953) PSYoungGen: 82784K(84480K)->1280K(84480K) Eden: 81920K(81920K)->0K(81920K) From: 864K(2560K)->1280K(2560K)
[15079.910s][info][gc,heap        ] GC(32953) ParOldGen: 507408K(507904K)->507512K(507904K)
[15079.910s][info][gc,metaspace   ] GC(32953) Metaspace: 62367K(62592K)->62367K(62592K) NonClass: 53321K(53504K)->53321K(53504K) Class: 9046K(9088K)->9046K(9088K)
[15079.910s][info][gc             ] GC(32953) Pause Young (Allocation Failure) 576M->496M(578M) 3.224ms
[15079.910s][info][gc,cpu         ] GC(32953) User=0.01s Sys=0.00s Real=0.00s
[15080.348s][info][gc,start       ] GC(32954) Pause Young (Allocation Failure)
[15080.351s][info][gc,heap        ] GC(32954) PSYoungGen: 83200K(84480K)->576K(84480K) Eden: 81920K(81920K)->0K(81920K) From: 1280K(2560K)->576K(2560K)
[15080.351s][info][gc,heap        ] GC(32954) ParOldGen: 507512K(507904K)->507560K(507904K)
[15080.351s][info][gc,metaspace   ] GC(32954) Metaspace: 62367K(62592K)->62367K(62592K) NonClass: 53321K(53504K)->53321K(53504K) Class: 9046K(9088K)->9046K(9088K)
[15080.351s][info][gc             ] GC(32954) Pause Young (Allocation Failure) 576M->496M(578M) 2.588ms
[15080.351s][info][gc,cpu         ] GC(32954) User=0.00s Sys=0.00s Real=0.00s
[15080.778s][info][gc,start       ] GC(32955) Pause Young (Allocation Failure)
[15080.781s][info][gc,heap        ] GC(32955) PSYoungGen: 82496K(84480K)->1056K(84480K) Eden: 81920K(81920K)->0K(81920K) From: 576K(2560K)->1056K(2560K)
[15080.781s][info][gc,heap        ] GC(32955) ParOldGen: 507560K(507904K)->507616K(507904K)
[15080.781s][info][gc,metaspace   ] GC(32955) Metaspace: 62367K(62592K)->62367K(62592K) NonClass: 53321K(53504K)->53321K(53504K) Class: 9046K(9088K)->9046K(9088K)
[15080.781s][info][gc             ] GC(32955) Pause Young (Allocation Failure) 576M->496M(578M) 3.015ms
[15080.781s][info][gc,cpu         ] GC(32955) User=0.00s Sys=0.00s Real=0.00s
[15081.209s][info][gc,start       ] GC(32956) Pause Young (Allocation Failure)
[15081.213s][info][gc,heap        ] GC(32956) PSYoungGen: 82976K(84480K)->1504K(84480K) Eden: 81920K(81920K)->0K(81920K) From: 1056K(2560K)->1504K(2560K)
[15081.213s][info][gc,heap        ] GC(32956) ParOldGen: 507616K(507904K)->507672K(507904K)
[15081.213s][info][gc,metaspace   ] GC(32956) Metaspace: 62367K(62592K)->62367K(62592K) NonClass: 53321K(53504K)->53321K(53504K) Class: 9046K(9088K)->9046K(9088K)
[15081.213s][info][gc             ] GC(32956) Pause Young (Allocation Failure) 576M->497M(578M) 3.391ms
[15081.213s][info][gc,cpu         ] GC(32956) User=0.01s Sys=0.00s Real=0.00s
[15081.606s][info][gc,start       ] GC(32957) Pause Young (Allocation Failure)
[15081.609s][info][gc,heap        ] GC(32957) PSYoungGen: 83424K(84480K)->1536K(84480K) Eden: 81920K(81920K)->0K(81920K) From: 1504K(2560K)->1536K(2560K)
[15081.609s][info][gc,heap        ] GC(32957) ParOldGen: 507672K(507904K)->507720K(507904K)
[15081.609s][info][gc,metaspace   ] GC(32957) Metaspace: 62367K(62592K)->62367K(62592K) NonClass: 53321K(53504K)->53321K(53504K) Class: 9046K(9088K)->9046K(9088K)
[15081.609s][info][gc             ] GC(32957) Pause Young (Allocation Failure) 577M->497M(578M) 3.396ms
[15081.609s][info][gc,cpu         ] GC(32957) User=0.01s Sys=0.00s Real=0.01s
[15082.025s][info][gc,start       ] GC(32958) Pause Young (Allocation Failure)
[15082.027s][info][gc,heap        ] GC(32958) PSYoungGen: 83456K(84480K)->224K(84480K) Eden: 81920K(81920K)->0K(81920K) From: 1536K(2560K)->224K(2560K)
[15082.027s][info][gc,heap        ] GC(32958) ParOldGen: 507720K(507904K)->507768K(507904K)
[15082.027s][info][gc,metaspace   ] GC(32958) Metaspace: 62367K(62592K)->62367K(62592K) NonClass: 53321K(53504K)->53321K(53504K) Class: 9046K(9088K)->9046K(9088K)
[15082.027s][info][gc             ] GC(32958) Pause Young (Allocation Failure) 577M->496M(578M) 2.208ms
[15082.027s][info][gc,cpu         ] GC(32958) User=0.01s Sys=0.00s Real=0.01s
[15082.446s][info][gc,start       ] GC(32959) Pause Young (Allocation Failure)
[15082.448s][info][gc,heap        ] GC(32959) PSYoungGen: 82144K(84480K)->576K(84480K) Eden: 81920K(81920K)->0K(81920K) From: 224K(2560K)->576K(2560K)
[15082.448s][info][gc,heap        ] GC(32959) ParOldGen: 507768K(507904K)->507824K(507904K)
[15082.449s][info][gc,metaspace   ] GC(32959) Metaspace: 62367K(62592K)->62367K(62592K) NonClass: 53321K(53504K)->53321K(53504K) Class: 9046K(9088K)->9046K(9088K)
[15082.449s][info][gc             ] GC(32959) Pause Young (Allocation Failure) 576M->496M(578M) 2.510ms
[15082.449s][info][gc,cpu         ] GC(32959) User=0.00s Sys=0.00s Real=0.00s
[15082.904s][info][gc,start       ] GC(32960) Pause Young (Allocation Failure)
[15082.907s][info][gc,heap        ] GC(32960) PSYoungGen: 82496K(84480K)->1312K(84480K) Eden: 81920K(81920K)->0K(81920K) From: 576K(2560K)->1312K(2560K)
[15082.907s][info][gc,heap        ] GC(32960) ParOldGen: 507824K(507904K)->507872K(507904K)
[15082.907s][info][gc,metaspace   ] GC(32960) Metaspace: 62367K(62592K)->62367K(62592K) NonClass: 53321K(53504K)->53321K(53504K) Class: 9046K(9088K)->9046K(9088K)
[15082.907s][info][gc             ] GC(32960) Pause Young (Allocation Failure) 576M->497M(578M) 3.197ms
[15082.907s][info][gc,cpu         ] GC(32960) User=0.00s Sys=0.00s Real=0.01s
[15083.344s][info][gc,start       ] GC(32961) Pause Young (Allocation Failure)
[15083.346s][info][gc,heap        ] GC(32961) PSYoungGen: 83232K(84480K)->512K(84480K) Eden: 81920K(81920K)->0K(81920K) From: 1312K(2560K)->512K(2560K)
[15083.346s][info][gc,heap        ] GC(32961) ParOldGen: 507872K(507904K)->507920K(508416K)
[15083.346s][info][gc,metaspace   ] GC(32961) Metaspace: 62367K(62592K)->62367K(62592K) NonClass: 53321K(53504K)->53321K(53504K) Class: 9046K(9088K)->9046K(9088K)
[15083.346s][info][gc             ] GC(32961) Pause Young (Allocation Failure) 577M->496M(579M) 2.536ms
[15083.346s][info][gc,cpu         ] GC(32961) User=0.01s Sys=0.00s Real=0.01s
[15083.777s][info][gc,start       ] GC(32962) Pause Young (Allocation Failure)
[15083.781s][info][gc,heap        ] GC(32962) PSYoungGen: 82432K(84480K)->2016K(84480K) Eden: 81920K(81920K)->0K(81920K) From: 512K(2560K)->2016K(2560K)
[15083.781s][info][gc,heap        ] GC(32962) ParOldGen: 507920K(508416K)->509000K(509952K)
[15083.781s][info][gc,metaspace   ] GC(32962) Metaspace: 62367K(62592K)->62367K(62592K) NonClass: 53321K(53504K)->53321K(53504K) Class: 9046K(9088K)->9046K(9088K)
[15083.781s][info][gc             ] GC(32962) Pause Young (Allocation Failure) 576M->499M(580M) 3.815ms
[15083.781s][info][gc,cpu         ] GC(32962) User=0.00s Sys=0.00s Real=0.00s
[15084.184s][info][gc,start       ] GC(32963) Pause Young (Allocation Failure)
[15084.187s][info][gc,heap        ] GC(32963) PSYoungGen: 83936K(84480K)->1088K(84480K) Eden: 81920K(81920K)->0K(81920K) From: 2016K(2560K)->1088K(2560K)
[15084.187s][info][gc,heap        ] GC(32963) ParOldGen: 509000K(509952K)->511104K(511488K)
[15084.187s][info][gc,metaspace   ] GC(32963) Metaspace: 62367K(62592K)->62367K(62592K) NonClass: 53321K(53504K)->53321K(53504K) Class: 9046K(9088K)->9046K(9088K)
[15084.188s][info][gc             ] GC(32963) Pause Young (Allocation Failure) 579M->500M(582M) 4.015ms
[15084.188s][info][gc,cpu         ] GC(32963) User=0.01s Sys=0.00s Real=0.01s
[15084.601s][info][gc,start       ] GC(32964) Pause Young (Allocation Failure)
[15084.604s][info][gc,heap        ] GC(32964) PSYoungGen: 83008K(84480K)->1472K(84480K) Eden: 81920K(81920K)->0K(81920K) From: 1088K(2560K)->1472K(2560K)
[15084.604s][info][gc,heap        ] GC(32964) ParOldGen: 511104K(511488K)->511160K(511488K)
[15084.604s][info][gc,metaspace   ] GC(32964) Metaspace: 62367K(62592K)->62367K(62592K) NonClass: 53321K(53504K)->53321K(53504K) Class: 9046K(9088K)->9046K(9088K)
[15084.604s][info][gc             ] GC(32964) Pause Young (Allocation Failure) 580M->500M(582M) 3.352ms
[15084.604s][info][gc,cpu         ] GC(32964) User=0.00s Sys=0.00s Real=0.00s
[15085.008s][info][gc,start       ] GC(32965) Pause Young (Allocation Failure)
[15085.011s][info][gc,heap        ] GC(32965) PSYoungGen: 83392K(84480K)->1376K(84480K) Eden: 81920K(81920K)->0K(81920K) From: 1472K(2560K)->1376K(2560K)
[15085.011s][info][gc,heap        ] GC(32965) ParOldGen: 511160K(511488K)->511208K(511488K)
[15085.011s][info][gc,metaspace   ] GC(32965) Metaspace: 62367K(62592K)->62367K(62592K) NonClass: 53321K(53504K)->53321K(53504K) Class: 9046K(9088K)->9046K(9088K)
[15085.011s][info][gc             ] GC(32965) Pause Young (Allocation Failure) 580M->500M(582M) 3.195ms
[15085.011s][info][gc,cpu         ] GC(32965) User=0.00s Sys=0.00s Real=0.00s
[15085.397s][info][gc,start       ] GC(32966) Pause Young (Allocation Failure)
[15085.400s][info][gc,heap        ] GC(32966) PSYoungGen: 83296K(84480K)->1440K(84480K) Eden: 81920K(81920K)->0K(81920K) From: 1376K(2560K)->1440K(2560K)
[15085.400s][info][gc,heap        ] GC(32966) ParOldGen: 511208K(511488K)->511256K(511488K)
[15085.400s][info][gc,metaspace   ] GC(32966) Metaspace: 62367K(62592K)->62367K(62592K) NonClass: 53321K(53504K)->53321K(53504K) Class: 9046K(9088K)->9046K(9088K)
[15085.400s][info][gc             ] GC(32966) Pause Young (Allocation Failure) 580M->500M(582M) 3.283ms
[15085.400s][info][gc,cpu         ] GC(32966) User=0.01s Sys=0.00s Real=0.00s
[15085.801s][info][gc,start       ] GC(32967) Pause Young (Allocation Failure)
[15085.804s][info][gc,heap        ] GC(32967) PSYoungGen: 83360K(84480K)->1280K(84480K) Eden: 81920K(81920K)->0K(81920K) From: 1440K(2560K)->1280K(2560K)
[15085.804s][info][gc,heap        ] GC(32967) ParOldGen: 511256K(511488K)->511312K(511488K)
[15085.804s][info][gc,metaspace   ] GC(32967) Metaspace: 62367K(62592K)->62367K(62592K) NonClass: 53321K(53504K)->53321K(53504K) Class: 9046K(9088K)->9046K(9088K)
[15085.804s][info][gc             ] GC(32967) Pause Young (Allocation Failure) 580M->500M(582M) 3.096ms
[15085.805s][info][gc,cpu         ] GC(32967) User=0.00s Sys=0.00s Real=0.00s
[15086.231s][info][gc,start       ] GC(32968) Pause Young (Allocation Failure)
[15086.234s][info][gc,heap        ] GC(32968) PSYoungGen: 83200K(84480K)->352K(84480K) Eden: 81920K(81920K)->0K(81920K) From: 1280K(2560K)->352K(2560K)
[15086.234s][info][gc,heap        ] GC(32968) ParOldGen: 511312K(511488K)->511368K(511488K)
[15086.234s][info][gc,metaspace   ] GC(32968) Metaspace: 62367K(62592K)->62367K(62592K) NonClass: 53321K(53504K)->53321K(53504K) Class: 9046K(9088K)->9046K(9088K)
[15086.234s][info][gc             ] GC(32968) Pause Young (Allocation Failure) 580M->499M(582M) 2.319ms
[15086.234s][info][gc,cpu         ] GC(32968) User=0.00s Sys=0.00s Real=0.00s
[15086.735s][info][gc,start       ] GC(32969) Pause Young (Allocation Failure)
[15086.737s][info][gc,heap        ] GC(32969) PSYoungGen: 82272K(84480K)->448K(84480K) Eden: 81920K(81920K)->0K(81920K) From: 352K(2560K)->448K(2560K)
[15086.737s][info][gc,heap        ] GC(32969) ParOldGen: 511368K(511488K)->511416K(511488K)
[15086.737s][info][gc,metaspace   ] GC(32969) Metaspace: 62367K(62592K)->62367K(62592K) NonClass: 53321K(53504K)->53321K(53504K) Class: 9046K(9088K)->9046K(9088K)
[15086.737s][info][gc             ] GC(32969) Pause Young (Allocation Failure) 579M->499M(582M) 2.440ms
[15086.737s][info][gc,cpu         ] GC(32969) User=0.00s Sys=0.00s Real=0.01s
[15087.176s][info][gc,start       ] GC(32970) Pause Young (Allocation Failure)
[15087.179s][info][gc,heap        ] GC(32970) PSYoungGen: 82368K(84480K)->992K(84480K) Eden: 81920K(81920K)->0K(81920K) From: 448K(2560K)->992K(2560K)
[15087.179s][info][gc,heap        ] GC(32970) ParOldGen: 511416K(511488K)->511520K(512000K)
[15087.179s][info][gc,metaspace   ] GC(32970) Metaspace: 62367K(62592K)->62367K(62592K) NonClass: 53321K(53504K)->53321K(53504K) Class: 9046K(9088K)->9046K(9088K)
[15087.179s][info][gc             ] GC(32970) Pause Young (Allocation Failure) 579M->500M(582M) 3.025ms
[15087.179s][info][gc,cpu         ] GC(32970) User=0.01s Sys=0.00s Real=0.00s
[15087.607s][info][gc,start       ] GC(32971) Pause Young (Allocation Failure)
[15087.610s][info][gc,heap        ] GC(32971) PSYoungGen: 82912K(84480K)->1600K(84480K) Eden: 81920K(81920K)->0K(81920K) From: 992K(2560K)->1600K(2560K)
[15087.610s][info][gc,heap        ] GC(32971) ParOldGen: 511520K(512000K)->511576K(512000K)
[15087.610s][info][gc,metaspace   ] GC(32971) Metaspace: 62367K(62592K)->62367K(62592K) NonClass: 53321K(53504K)->53321K(53504K) Class: 9046K(9088K)->9046K(9088K)
[15087.610s][info][gc             ] GC(32971) Pause Young (Allocation Failure) 580M->501M(582M) 3.488ms
[15087.610s][info][gc,cpu         ] GC(32971) User=0.01s Sys=0.00s Real=0.00s
[15088.046s][info][gc,start       ] GC(32972) Pause Young (Allocation Failure)
[15088.048s][info][gc,heap        ] GC(32972) PSYoungGen: 83520K(84480K)->544K(84480K) Eden: 81920K(81920K)->0K(81920K) From: 1600K(2560K)->544K(2560K)
[15088.048s][info][gc,heap        ] GC(32972) ParOldGen: 511576K(512000K)->511632K(512000K)
[15088.048s][info][gc,metaspace   ] GC(32972) Metaspace: 62367K(62592K)->62367K(62592K) NonClass: 53321K(53504K)->53321K(53504K) Class: 9046K(9088K)->9046K(9088K)
[15088.048s][info][gc             ] GC(32972) Pause Young (Allocation Failure) 581M->500M(582M) 2.569ms
[15088.048s][info][gc,cpu         ] GC(32972) User=0.00s Sys=0.00s Real=0.00s
[15088.472s][info][gc,start       ] GC(32973) Pause Young (Allocation Failure)
[15088.474s][info][gc,heap        ] GC(32973) PSYoungGen: 82464K(84480K)->928K(84480K) Eden: 81920K(81920K)->0K(81920K) From: 544K(2560K)->928K(2560K)
[15088.475s][info][gc,heap        ] GC(32973) ParOldGen: 511632K(512000K)->511688K(512000K)
[15088.475s][info][gc,metaspace   ] GC(32973) Metaspace: 62367K(62592K)->62367K(62592K) NonClass: 53321K(53504K)->53321K(53504K) Class: 9046K(9088K)->9046K(9088K)
[15088.475s][info][gc             ] GC(32973) Pause Young (Allocation Failure) 580M->500M(582M) 2.852ms
[15088.475s][info][gc,cpu         ] GC(32973) User=0.01s Sys=0.00s Real=0.00s
[15088.869s][info][gc,start       ] GC(32974) Pause Young (Allocation Failure)
[15088.872s][info][gc,heap        ] GC(32974) PSYoungGen: 82848K(84480K)->960K(84992K) Eden: 81920K(81920K)->0K(82432K) From: 928K(2560K)->960K(2560K)
[15088.872s][info][gc,heap        ] GC(32974) ParOldGen: 511688K(512000K)->511736K(512000K)
[15088.872s][info][gc,metaspace   ] GC(32974) Metaspace: 62367K(62592K)->62367K(62592K) NonClass: 53321K(53504K)->53321K(53504K) Class: 9046K(9088K)->9046K(9088K)
[15088.872s][info][gc             ] GC(32974) Pause Young (Allocation Failure) 580M->500M(583M) 2.888ms
[15088.872s][info][gc,cpu         ] GC(32974) User=0.00s Sys=0.00s Real=0.00s
[15089.271s][info][gc,start       ] GC(32975) Pause Young (Allocation Failure)
[15089.274s][info][gc,heap        ] GC(32975) PSYoungGen: 83392K(84992K)->928K(84480K) Eden: 82432K(82432K)->0K(82432K) From: 960K(2560K)->928K(2048K)
[15089.274s][info][gc,heap        ] GC(32975) ParOldGen: 511736K(512000K)->511792K(512000K)
[15089.274s][info][gc,metaspace   ] GC(32975) Metaspace: 62367K(62592K)->62367K(62592K) NonClass: 53321K(53504K)->53321K(53504K) Class: 9046K(9088K)->9046K(9088K)
[15089.274s][info][gc             ] GC(32975) Pause Young (Allocation Failure) 581M->500M(582M) 2.806ms
[15089.274s][info][gc,cpu         ] GC(32975) User=0.01s Sys=0.00s Real=0.00s
[15089.712s][info][gc,start       ] GC(32976) Pause Young (Allocation Failure)
[15089.715s][info][gc,heap        ] GC(32976) PSYoungGen: 83360K(84480K)->1504K(84992K) Eden: 82432K(82432K)->0K(82944K) From: 928K(2048K)->1504K(2048K)
[15089.715s][info][gc,heap        ] GC(32976) ParOldGen: 511792K(512000K)->511848K(512000K)
[15089.715s][info][gc,metaspace   ] GC(32976) Metaspace: 62367K(62592K)->62367K(62592K) NonClass: 53321K(53504K)->53321K(53504K) Class: 9046K(9088K)->9046K(9088K)
[15089.715s][info][gc             ] GC(32976) Pause Young (Allocation Failure) 581M->501M(583M) 3.396ms
[15089.715s][info][gc,cpu         ] GC(32976) User=0.00s Sys=0.00s Real=0.00s
[15090.127s][info][gc,start       ] GC(32977) Pause Young (Allocation Failure)
[15090.130s][info][gc,heap        ] GC(32977) PSYoungGen: 84448K(84992K)->288K(83456K) Eden: 82944K(82944K)->0K(82944K) From: 1504K(2048K)->288K(512K)
[15090.130s][info][gc,heap        ] GC(32977) ParOldGen: 511848K(512000K)->511896K(512000K)
[15090.130s][info][gc,metaspace   ] GC(32977) Metaspace: 62367K(62592K)->62367K(62592K) NonClass: 53321K(53504K)->53321K(53504K) Class: 9046K(9088K)->9046K(9088K)
[15090.130s][info][gc             ] GC(32977) Pause Young (Allocation Failure) 582M->500M(581M) 2.297ms
[15090.130s][info][gc,cpu         ] GC(32977) User=0.00s Sys=0.00s Real=0.00s
[15090.572s][info][gc,start       ] GC(32978) Pause Young (Allocation Failure)
[15090.575s][info][gc,heap        ] GC(32978) PSYoungGen: 83232K(83456K)->896K(84992K) Eden: 82944K(82944K)->0K(82432K) From: 288K(512K)->896K(2560K)
[15090.575s][info][gc,heap        ] GC(32978) ParOldGen: 511896K(512000K)->511944K(512000K)
[15090.575s][info][gc,metaspace   ] GC(32978) Metaspace: 62367K(62592K)->62367K(62592K) NonClass: 53321K(53504K)->53321K(53504K) Class: 9046K(9088K)->9046K(9088K)
[15090.575s][info][gc             ] GC(32978) Pause Young (Allocation Failure) 581M->500M(583M) 2.794ms
[15090.575s][info][gc,cpu         ] GC(32978) User=0.00s Sys=0.00s Real=0.00s
[15090.980s][info][gc,start       ] GC(32979) Pause Young (Allocation Failure)
[15090.983s][info][gc,heap        ] GC(32979) PSYoungGen: 83328K(84992K)->1120K(84480K) Eden: 82432K(82432K)->0K(82432K) From: 896K(2560K)->1120K(2048K)
[15090.983s][info][gc,heap        ] GC(32979) ParOldGen: 511944K(512000K)->512008K(512512K)
[15090.983s][info][gc,metaspace   ] GC(32979) Metaspace: 62367K(62592K)->62367K(62592K) NonClass: 53321K(53504K)->53321K(53504K) Class: 9046K(9088K)->9046K(9088K)
[15090.983s][info][gc             ] GC(32979) Pause Young (Allocation Failure) 581M->501M(583M) 3.022ms
[15090.983s][info][gc,cpu         ] GC(32979) User=0.01s Sys=0.00s Real=0.00s
[15091.417s][info][gc,start       ] GC(32980) Pause Young (Allocation Failure)
[15091.421s][info][gc,heap        ] GC(32980) PSYoungGen: 83552K(84480K)->1472K(84992K) Eden: 82432K(82432K)->0K(82944K) From: 1120K(2048K)->1472K(2048K)
[15091.421s][info][gc,heap        ] GC(32980) ParOldGen: 512008K(512512K)->512064K(512512K)
[15091.421s][info][gc,metaspace   ] GC(32980) Metaspace: 62367K(62592K)->62367K(62592K) NonClass: 53321K(53504K)->53321K(53504K) Class: 9046K(9088K)->9046K(9088K)
[15091.421s][info][gc             ] GC(32980) Pause Young (Allocation Failure) 581M->501M(583M) 3.279ms
[15091.421s][info][gc,cpu         ] GC(32980) User=0.01s Sys=0.00s Real=0.00s
[15091.879s][info][gc,start       ] GC(32981) Pause Young (Allocation Failure)
[15091.881s][info][gc,heap        ] GC(32981) PSYoungGen: 84416K(84992K)->1024K(84992K) Eden: 82944K(82944K)->0K(82944K) From: 1472K(2048K)->1024K(2048K)
[15091.881s][info][gc,heap        ] GC(32981) ParOldGen: 512064K(512512K)->512112K(512512K)
[15091.882s][info][gc,metaspace   ] GC(32981) Metaspace: 62367K(62592K)->62367K(62592K) NonClass: 53321K(53504K)->53321K(53504K) Class: 9046K(9088K)->9046K(9088K)
[15091.882s][info][gc             ] GC(32981) Pause Young (Allocation Failure) 582M->501M(583M) 2.884ms
[15091.882s][info][gc,cpu         ] GC(32981) User=0.00s Sys=0.00s Real=0.00s
[15092.353s][info][gc,start       ] GC(32982) Pause Young (Allocation Failure)
[15092.355s][info][gc,heap        ] GC(32982) PSYoungGen: 83968K(84992K)->608K(84992K) Eden: 82944K(82944K)->0K(82944K) From: 1024K(2048K)->608K(2048K)
[15092.355s][info][gc,heap        ] GC(32982) ParOldGen: 512112K(512512K)->512160K(512512K)
[15092.355s][info][gc,metaspace   ] GC(32982) Metaspace: 62367K(62592K)->62367K(62592K) NonClass: 53321K(53504K)->53321K(53504K) Class: 9046K(9088K)->9046K(9088K)
[15092.355s][info][gc             ] GC(32982) Pause Young (Allocation Failure) 582M->500M(583M) 2.575ms
[15092.355s][info][gc,cpu         ] GC(32982) User=0.00s Sys=0.00s Real=0.00s
[15092.829s][info][gc,start       ] GC(32983) Pause Young (Allocation Failure)
[15092.832s][info][gc,heap        ] GC(32983) PSYoungGen: 83552K(84992K)->1312K(84992K) Eden: 82944K(82944K)->0K(82944K) From: 608K(2048K)->1312K(2048K)
[15092.832s][info][gc,heap        ] GC(32983) ParOldGen: 512160K(512512K)->513232K(514048K)
[15092.832s][info][gc,metaspace   ] GC(32983) Metaspace: 62367K(62592K)->62367K(62592K) NonClass: 53321K(53504K)->53321K(53504K) Class: 9046K(9088K)->9046K(9088K)
[15092.832s][info][gc             ] GC(32983) Pause Young (Allocation Failure) 581M->502M(585M) 2.954ms
[15092.832s][info][gc,cpu         ] GC(32983) User=0.01s Sys=0.00s Real=0.00s
[15093.278s][info][gc,start       ] GC(32984) Pause Young (Allocation Failure)
[15093.282s][info][gc,heap        ] GC(32984) PSYoungGen: 84256K(84992K)->928K(84992K) Eden: 82944K(82944K)->0K(82944K) From: 1312K(2048K)->928K(2048K)
[15093.282s][info][gc,heap        ] GC(32984) ParOldGen: 513232K(514048K)->514304K(515584K)
[15093.282s][info][gc,metaspace   ] GC(32984) Metaspace: 62367K(62592K)->62367K(62592K) NonClass: 53321K(53504K)->53321K(53504K) Class: 9046K(9088K)->9046K(9088K)
[15093.282s][info][gc             ] GC(32984) Pause Young (Allocation Failure) 583M->503M(586M) 3.394ms
[15093.282s][info][gc,cpu         ] GC(32984) User=0.01s Sys=0.01s Real=0.00s
[15093.791s][info][gc,start       ] GC(32985) Pause Young (Allocation Failure)
[15093.794s][info][gc,heap        ] GC(32985) PSYoungGen: 83872K(84992K)->1104K(84992K) Eden: 82944K(82944K)->0K(82944K) From: 928K(2048K)->1104K(2048K)
[15093.794s][info][gc,heap        ] GC(32985) ParOldGen: 514304K(515584K)->514360K(515584K)
[15093.794s][info][gc,metaspace   ] GC(32985) Metaspace: 62367K(62592K)->62367K(62592K) NonClass: 53321K(53504K)->53321K(53504K) Class: 9046K(9088K)->9046K(9088K)
[15093.794s][info][gc             ] GC(32985) Pause Young (Allocation Failure) 584M->503M(586M) 3.224ms
[15093.794s][info][gc,cpu         ] GC(32985) User=0.01s Sys=0.00s Real=0.00s
[15094.284s][info][gc,start       ] GC(32986) Pause Young (Allocation Failure)
[15094.287s][info][gc,heap        ] GC(32986) PSYoungGen: 84048K(84992K)->992K(84992K) Eden: 82944K(82944K)->0K(82944K) From: 1104K(2048K)->992K(2048K)
[15094.287s][info][gc,heap        ] GC(32986) ParOldGen: 514360K(515584K)->514464K(515584K)
[15094.287s][info][gc,metaspace   ] GC(32986) Metaspace: 62367K(62592K)->62367K(62592K) NonClass: 53321K(53504K)->53321K(53504K) Class: 9046K(9088K)->9046K(9088K)
[15094.287s][info][gc             ] GC(32986) Pause Young (Allocation Failure) 584M->503M(586M) 3.018ms
[15094.287s][info][gc,cpu         ] GC(32986) User=0.01s Sys=0.00s Real=0.01s
[15094.749s][info][gc,start       ] GC(32987) Pause Young (Allocation Failure)
[15094.751s][info][gc,heap        ] GC(32987) PSYoungGen: 83936K(84992K)->576K(84992K) Eden: 82944K(82944K)->0K(82944K) From: 992K(2048K)->576K(2048K)
[15094.751s][info][gc,heap        ] GC(32987) ParOldGen: 514464K(515584K)->514512K(515584K)
[15094.751s][info][gc,metaspace   ] GC(32987) Metaspace: 62367K(62592K)->62367K(62592K) NonClass: 53321K(53504K)->53321K(53504K) Class: 9046K(9088K)->9046K(9088K)
[15094.751s][info][gc             ] GC(32987) Pause Young (Allocation Failure) 584M->503M(586M) 2.579ms
[15094.751s][info][gc,cpu         ] GC(32987) User=0.00s Sys=0.00s Real=0.00s
[15095.170s][info][gc,start       ] GC(32988) Pause Young (Allocation Failure)
[15095.173s][info][gc,heap        ] GC(32988) PSYoungGen: 83520K(84992K)->928K(84992K) Eden: 82944K(82944K)->0K(82944K) From: 576K(2048K)->928K(2048K)
[15095.173s][info][gc,heap        ] GC(32988) ParOldGen: 514512K(515584K)->514568K(515584K)
[15095.173s][info][gc,metaspace   ] GC(32988) Metaspace: 62367K(62592K)->62367K(62592K) NonClass: 53321K(53504K)->53321K(53504K) Class: 9046K(9088K)->9046K(9088K)
[15095.173s][info][gc             ] GC(32988) Pause Young (Allocation Failure) 584M->503M(586M) 2.976ms
[15095.173s][info][gc,cpu         ] GC(32988) User=0.01s Sys=0.00s Real=0.00s
[15095.591s][info][gc,start       ] GC(32989) Pause Young (Allocation Failure)
[15095.595s][info][gc,heap        ] GC(32989) PSYoungGen: 83872K(84992K)->1216K(84992K) Eden: 82944K(82944K)->0K(82944K) From: 928K(2048K)->1216K(2048K)
[15095.595s][info][gc,heap        ] GC(32989) ParOldGen: 514568K(515584K)->514624K(515584K)
[15095.595s][info][gc,metaspace   ] GC(32989) Metaspace: 62367K(62592K)->62367K(62592K) NonClass: 53321K(53504K)->53321K(53504K) Class: 9046K(9088K)->9046K(9088K)
[15095.595s][info][gc             ] GC(32989) Pause Young (Allocation Failure) 584M->503M(586M) 3.264ms
[15095.595s][info][gc,cpu         ] GC(32989) User=0.00s Sys=0.00s Real=0.00s
[15096.028s][info][gc,start       ] GC(32990) Pause Young (Allocation Failure)
[15096.030s][info][gc,heap        ] GC(32990) PSYoungGen: 84160K(84992K)->288K(84992K) Eden: 82944K(82944K)->0K(82944K) From: 1216K(2048K)->288K(2048K)
[15096.030s][info][gc,heap        ] GC(32990) ParOldGen: 514624K(515584K)->514680K(515584K)
[15096.030s][info][gc,metaspace   ] GC(32990) Metaspace: 62367K(62592K)->62367K(62592K) NonClass: 53321K(53504K)->53321K(53504K) Class: 9046K(9088K)->9046K(9088K)
[15096.030s][info][gc             ] GC(32990) Pause Young (Allocation Failure) 584M->502M(586M) 2.340ms
[15096.030s][info][gc,cpu         ] GC(32990) User=0.00s Sys=0.00s Real=0.00s
[15096.497s][info][gc,start       ] GC(32991) Pause Young (Allocation Failure)
[15096.500s][info][gc,heap        ] GC(32991) PSYoungGen: 83232K(84992K)->1216K(84992K) Eden: 82944K(82944K)->0K(82944K) From: 288K(2048K)->1216K(2048K)
[15096.500s][info][gc,heap        ] GC(32991) ParOldGen: 514680K(515584K)->514736K(515584K)
[15096.500s][info][gc,metaspace   ] GC(32991) Metaspace: 62367K(62592K)->62367K(62592K) NonClass: 53321K(53504K)->53321K(53504K) Class: 9046K(9088K)->9046K(9088K)
[15096.500s][info][gc             ] GC(32991) Pause Young (Allocation Failure) 583M->503M(586M) 3.249ms
[15096.500s][info][gc,cpu         ] GC(32991) User=0.01s Sys=0.00s Real=0.00s
[15096.995s][info][gc,start       ] GC(32992) Pause Young (Allocation Failure)
[15096.998s][info][gc,heap        ] GC(32992) PSYoungGen: 84160K(84992K)->1184K(84992K) Eden: 82944K(82944K)->0K(82944K) From: 1216K(2048K)->1184K(2048K)
[15096.998s][info][gc,heap        ] GC(32992) ParOldGen: 514736K(515584K)->514792K(515584K)
[15096.998s][info][gc,metaspace   ] GC(32992) Metaspace: 62367K(62592K)->62367K(62592K) NonClass: 53321K(53504K)->53321K(53504K) Class: 9046K(9088K)->9046K(9088K)
[15096.998s][info][gc             ] GC(32992) Pause Young (Allocation Failure) 584M->503M(586M) 3.087ms
[15096.998s][info][gc,cpu         ] GC(32992) User=0.01s Sys=0.00s Real=0.01s
[15097.424s][info][gc,start       ] GC(32993) Pause Young (Allocation Failure)
[15097.426s][info][gc,heap        ] GC(32993) PSYoungGen: 84128K(84992K)->224K(84992K) Eden: 82944K(82944K)->0K(82944K) From: 1184K(2048K)->224K(2048K)
[15097.426s][info][gc,heap        ] GC(32993) ParOldGen: 514792K(515584K)->514840K(515584K)
[15097.426s][info][gc,metaspace   ] GC(32993) Metaspace: 62367K(62592K)->62367K(62592K) NonClass: 53321K(53504K)->53321K(53504K) Class: 9046K(9088K)->9046K(9088K)
[15097.426s][info][gc             ] GC(32993) Pause Young (Allocation Failure) 584M->502M(586M) 2.204ms
[15097.426s][info][gc,cpu         ] GC(32993) User=0.00s Sys=0.00s Real=0.01s
[15097.849s][info][gc,start       ] GC(32994) Pause Young (Allocation Failure)
[15097.852s][info][gc,heap        ] GC(32994) PSYoungGen: 83168K(84992K)->1632K(84992K) Eden: 82944K(82944K)->0K(82944K) From: 224K(2048K)->1632K(2048K)
[15097.852s][info][gc,heap        ] GC(32994) ParOldGen: 514840K(515584K)->515920K(517120K)
[15097.852s][info][gc,metaspace   ] GC(32994) Metaspace: 62367K(62592K)->62367K(62592K) NonClass: 53321K(53504K)->53321K(53504K) Class: 9046K(9088K)->9046K(9088K)
[15097.852s][info][gc             ] GC(32994) Pause Young (Allocation Failure) 583M->505M(588M) 3.236ms
[15097.852s][info][gc,cpu         ] GC(32994) User=0.01s Sys=0.01s Real=0.00s
[15098.281s][info][gc,start       ] GC(32995) Pause Young (Allocation Failure)
[15098.285s][info][gc,heap        ] GC(32995) PSYoungGen: 84576K(84992K)->1120K(84992K) Eden: 82944K(82944K)->0K(82944K) From: 1632K(2048K)->1120K(2048K)
[15098.285s][info][gc,heap        ] GC(32995) ParOldGen: 515920K(517120K)->518016K(518656K)
[15098.285s][info][gc,metaspace   ] GC(32995) Metaspace: 62367K(62592K)->62367K(62592K) NonClass: 53321K(53504K)->53321K(53504K) Class: 9046K(9088K)->9046K(9088K)
[15098.285s][info][gc             ] GC(32995) Pause Young (Allocation Failure) 586M->506M(589M) 4.042ms
[15098.285s][info][gc,cpu         ] GC(32995) User=0.01s Sys=0.00s Real=0.00s
[15098.733s][info][gc,start       ] GC(32996) Pause Young (Allocation Failure)
[15098.735s][info][gc,heap        ] GC(32996) PSYoungGen: 84064K(84992K)->352K(84992K) Eden: 82944K(82944K)->0K(82944K) From: 1120K(2048K)->352K(2048K)
[15098.736s][info][gc,heap        ] GC(32996) ParOldGen: 518016K(518656K)->518072K(518656K)
[15098.736s][info][gc,metaspace   ] GC(32996) Metaspace: 62367K(62592K)->62367K(62592K) NonClass: 53321K(53504K)->53321K(53504K) Class: 9046K(9088K)->9046K(9088K)
[15098.736s][info][gc             ] GC(32996) Pause Young (Allocation Failure) 587M->506M(589M) 2.394ms
[15098.736s][info][gc,cpu         ] GC(32996) User=0.00s Sys=0.00s Real=0.00s
[15099.218s][info][gc,start       ] GC(32997) Pause Young (Allocation Failure)
[15099.222s][info][gc,heap        ] GC(32997) PSYoungGen: 83296K(84992K)->1472K(84480K) Eden: 82944K(82944K)->0K(82944K) From: 352K(2048K)->1472K(1536K)
[15099.222s][info][gc,heap        ] GC(32997) ParOldGen: 518072K(518656K)->518128K(518656K)
[15099.222s][info][gc,metaspace   ] GC(32997) Metaspace: 62367K(62592K)->62367K(62592K) NonClass: 53321K(53504K)->53321K(53504K) Class: 9046K(9088K)->9046K(9088K)
[15099.222s][info][gc             ] GC(32997) Pause Young (Allocation Failure) 587M->507M(589M) 3.313ms
[15099.222s][info][gc,cpu         ] GC(32997) User=0.00s Sys=0.00s Real=0.00s
[15099.672s][info][gc,start       ] GC(32998) Pause Young (Allocation Failure)
[15099.675s][info][gc,heap        ] GC(32998) PSYoungGen: 84416K(84480K)->960K(84992K) Eden: 82944K(82944K)->0K(82432K) From: 1472K(1536K)->960K(2560K)
[15099.675s][info][gc,heap        ] GC(32998) ParOldGen: 518128K(518656K)->518176K(518656K)
[15099.675s][info][gc,metaspace   ] GC(32998) Metaspace: 62367K(62592K)->62367K(62592K) NonClass: 53321K(53504K)->53321K(53504K) Class: 9046K(9088K)->9046K(9088K)
[15099.675s][info][gc             ] GC(32998) Pause Young (Allocation Failure) 588M->506M(589M) 2.910ms
[15099.675s][info][gc,cpu         ] GC(32998) User=0.01s Sys=0.00s Real=0.00s
[15100.133s][info][gc,start       ] GC(32999) Pause Young (Allocation Failure)
[15100.135s][info][gc,heap        ] GC(32999) PSYoungGen: 83392K(84992K)->352K(84480K) Eden: 82432K(82432K)->0K(82432K) From: 960K(2560K)->352K(2048K)
[15100.135s][info][gc,heap        ] GC(32999) ParOldGen: 518176K(518656K)->518232K(518656K)
[15100.135s][info][gc,metaspace   ] GC(32999) Metaspace: 62367K(62592K)->62367K(62592K) NonClass: 53321K(53504K)->53321K(53504K) Class: 9046K(9088K)->9046K(9088K)
[15100.135s][info][gc             ] GC(32999) Pause Young (Allocation Failure) 587M->506M(589M) 2.373ms
[15100.135s][info][gc,cpu         ] GC(32999) User=0.01s Sys=0.00s Real=0.00s
[15100.581s][info][gc,start       ] GC(33000) Pause Young (Allocation Failure)
[15100.584s][info][gc,heap        ] GC(33000) PSYoungGen: 82784K(84480K)->1088K(84992K) Eden: 82432K(82432K)->0K(82944K) From: 352K(2048K)->1088K(2048K)
[15100.584s][info][gc,heap        ] GC(33000) ParOldGen: 518232K(518656K)->518288K(518656K)
[15100.584s][info][gc,metaspace   ] GC(33000) Metaspace: 62367K(62592K)->62367K(62592K) NonClass: 53321K(53504K)->53321K(53504K) Class: 9046K(9088K)->9046K(9088K)
[15100.584s][info][gc             ] GC(33000) Pause Young (Allocation Failure) 586M->507M(589M) 3.004ms
[15100.584s][info][gc,cpu         ] GC(33000) User=0.01s Sys=0.00s Real=0.00s
[15101.036s][info][gc,start       ] GC(33001) Pause Young (Allocation Failure)
[15101.039s][info][gc,heap        ] GC(33001) PSYoungGen: 84032K(84992K)->416K(84992K) Eden: 82944K(82944K)->0K(82944K) From: 1088K(2048K)->416K(2048K)
[15101.039s][info][gc,heap        ] GC(33001) ParOldGen: 518288K(518656K)->518344K(518656K)
[15101.039s][info][gc,metaspace   ] GC(33001) Metaspace: 62367K(62592K)->62367K(62592K) NonClass: 53321K(53504K)->53321K(53504K) Class: 9046K(9088K)->9046K(9088K)
[15101.039s][info][gc             ] GC(33001) Pause Young (Allocation Failure) 588M->506M(589M) 2.373ms
[15101.039s][info][gc,cpu         ] GC(33001) User=0.01s Sys=0.00s Real=0.00s
[15101.497s][info][gc,start       ] GC(33002) Pause Young (Allocation Failure)
[15101.500s][info][gc,heap        ] GC(33002) PSYoungGen: 83360K(84992K)->1328K(84992K) Eden: 82944K(82944K)->0K(82944K) From: 416K(2048K)->1328K(2048K)
[15101.500s][info][gc,heap        ] GC(33002) ParOldGen: 518344K(518656K)->518392K(518656K)
[15101.500s][info][gc,metaspace   ] GC(33002) Metaspace: 62367K(62592K)->62367K(62592K) NonClass: 53321K(53504K)->53321K(53504K) Class: 9046K(9088K)->9046K(9088K)
[15101.500s][info][gc             ] GC(33002) Pause Young (Allocation Failure) 587M->507M(589M) 3.222ms
[15101.501s][info][gc,cpu         ] GC(33002) User=0.00s Sys=0.00s Real=0.00s
[15101.933s][info][gc,start       ] GC(33003) Pause Young (Allocation Failure)
[15101.935s][info][gc,heap        ] GC(33003) PSYoungGen: 84272K(84992K)->352K(84992K) Eden: 82944K(82944K)->0K(82944K) From: 1328K(2048K)->352K(2048K)
[15101.935s][info][gc,heap        ] GC(33003) ParOldGen: 518392K(518656K)->518497K(518656K)
[15101.935s][info][gc,metaspace   ] GC(33003) Metaspace: 62367K(62592K)->62367K(62592K) NonClass: 53321K(53504K)->53321K(53504K) Class: 9046K(9088K)->9046K(9088K)
[15101.935s][info][gc             ] GC(33003) Pause Young (Allocation Failure) 588M->506M(589M) 2.438ms
[15101.935s][info][gc,cpu         ] GC(33003) User=0.01s Sys=0.00s Real=0.00s
[15102.372s][info][gc,start       ] GC(33004) Pause Young (Allocation Failure)
[15102.376s][info][gc,heap        ] GC(33004) PSYoungGen: 83296K(84992K)->1920K(83968K) Eden: 82944K(82944K)->0K(81920K) From: 352K(2048K)->1920K(2048K)
[15102.376s][info][gc,heap        ] GC(33004) ParOldGen: 518497K(518656K)->519577K(520192K)
[15102.376s][info][gc,metaspace   ] GC(33004) Metaspace: 62367K(62592K)->62367K(62592K) NonClass: 53321K(53504K)->53321K(53504K) Class: 9046K(9088K)->9046K(9088K)
[15102.376s][info][gc             ] GC(33004) Pause Young (Allocation Failure) 587M->509M(590M) 3.811ms
[15102.376s][info][gc,cpu         ] GC(33004) User=0.01s Sys=0.00s Real=0.01s
[15102.812s][info][gc,start       ] GC(33005) Pause Young (Allocation Failure)
[15102.816s][info][gc,heap        ] GC(33005) PSYoungGen: 83840K(83968K)->1504K(84480K) Eden: 81920K(81920K)->0K(81920K) From: 1920K(2048K)->1504K(2560K)
[15102.816s][info][gc,heap        ] GC(33005) ParOldGen: 519577K(520192K)->521681K(521728K)
[15102.816s][info][gc,metaspace   ] GC(33005) Metaspace: 62367K(62592K)->62367K(62592K) NonClass: 53321K(53504K)->53321K(53504K) Class: 9046K(9088K)->9046K(9088K)
[15102.816s][info][gc             ] GC(33005) Pause Young (Allocation Failure) 589M->510M(592M) 4.440ms
[15102.816s][info][gc,cpu         ] GC(33005) User=0.01s Sys=0.00s Real=0.01s
[15103.268s][info][gc,start       ] GC(33006) Pause Young (Allocation Failure)
[15103.271s][info][gc,heap        ] GC(33006) PSYoungGen: 83424K(84480K)->864K(84480K) Eden: 81920K(81920K)->0K(81920K) From: 1504K(2560K)->864K(2560K)
[15103.271s][info][gc,heap        ] GC(33006) ParOldGen: 521681K(521728K)->521737K(522240K)
[15103.271s][info][gc,metaspace   ] GC(33006) Metaspace: 62367K(62592K)->62367K(62592K) NonClass: 53321K(53504K)->53321K(53504K) Class: 9046K(9088K)->9046K(9088K)
[15103.271s][info][gc             ] GC(33006) Pause Young (Allocation Failure) 590M->510M(592M) 2.814ms
[15103.271s][info][gc,cpu         ] GC(33006) User=0.01s Sys=0.00s Real=0.00s
[15103.707s][info][gc,start       ] GC(33007) Pause Young (Allocation Failure)
[15103.710s][info][gc,heap        ] GC(33007) PSYoungGen: 82784K(84480K)->1472K(84480K) Eden: 81920K(81920K)->0K(81920K) From: 864K(2560K)->1472K(2560K)
[15103.710s][info][gc,heap        ] GC(33007) ParOldGen: 521737K(522240K)->521793K(522240K)
[15103.710s][info][gc,metaspace   ] GC(33007) Metaspace: 62367K(62592K)->62367K(62592K) NonClass: 53321K(53504K)->53321K(53504K) Class: 9046K(9088K)->9046K(9088K)
[15103.710s][info][gc             ] GC(33007) Pause Young (Allocation Failure) 590M->511M(592M) 3.356ms
[15103.710s][info][gc,cpu         ] GC(33007) User=0.01s Sys=0.00s Real=0.00s
[15104.145s][info][gc,start       ] GC(33008) Pause Young (Allocation Failure)
[15104.148s][info][gc,heap        ] GC(33008) PSYoungGen: 83392K(84480K)->512K(84480K) Eden: 81920K(81920K)->0K(81920K) From: 1472K(2560K)->512K(2560K)
[15104.148s][info][gc,heap        ] GC(33008) ParOldGen: 521793K(522240K)->521841K(522240K)
[15104.148s][info][gc,metaspace   ] GC(33008) Metaspace: 62367K(62592K)->62367K(62592K) NonClass: 53321K(53504K)->53321K(53504K) Class: 9046K(9088K)->9046K(9088K)
[15104.148s][info][gc             ] GC(33008) Pause Young (Allocation Failure) 591M->510M(592M) 2.517ms
[15104.148s][info][gc,cpu         ] GC(33008) User=0.00s Sys=0.00s Real=0.01s
[15104.573s][info][gc,start       ] GC(33009) Pause Young (Allocation Failure)
[15104.575s][info][gc,heap        ] GC(33009) PSYoungGen: 82432K(84480K)->960K(84480K) Eden: 81920K(81920K)->0K(81920K) From: 512K(2560K)->960K(2560K)
[15104.575s][info][gc,heap        ] GC(33009) ParOldGen: 521841K(522240K)->521897K(522240K)
[15104.575s][info][gc,metaspace   ] GC(33009) Metaspace: 62367K(62592K)->62367K(62592K) NonClass: 53321K(53504K)->53321K(53504K) Class: 9046K(9088K)->9046K(9088K)
[15104.575s][info][gc             ] GC(33009) Pause Young (Allocation Failure) 590M->510M(592M) 2.858ms
[15104.575s][info][gc,cpu         ] GC(33009) User=0.01s Sys=0.00s Real=0.00s
[15105.007s][info][gc,start       ] GC(33010) Pause Young (Allocation Failure)
[15105.010s][info][gc,heap        ] GC(33010) PSYoungGen: 82880K(84480K)->1312K(84480K) Eden: 81920K(81920K)->0K(81920K) From: 960K(2560K)->1312K(2560K)
[15105.010s][info][gc,heap        ] GC(33010) ParOldGen: 521897K(522240K)->521953K(522240K)
[15105.010s][info][gc,metaspace   ] GC(33010) Metaspace: 62367K(62592K)->62367K(62592K) NonClass: 53321K(53504K)->53321K(53504K) Class: 9046K(9088K)->9046K(9088K)
[15105.010s][info][gc             ] GC(33010) Pause Young (Allocation Failure) 590M->511M(592M) 3.257ms
[15105.010s][info][gc,cpu         ] GC(33010) User=0.01s Sys=0.00s Real=0.00s
[15105.433s][info][gc,start       ] GC(33011) Pause Young (Allocation Failure)
[15105.435s][info][gc,heap        ] GC(33011) PSYoungGen: 83232K(84480K)->352K(84480K) Eden: 81920K(81920K)->0K(81920K) From: 1312K(2560K)->352K(2560K)
[15105.435s][info][gc,heap        ] GC(33011) ParOldGen: 521953K(522240K)->522001K(522240K)
[15105.435s][info][gc,metaspace   ] GC(33011) Metaspace: 62367K(62592K)->62367K(62592K) NonClass: 53321K(53504K)->53321K(53504K) Class: 9046K(9088K)->9046K(9088K)
[15105.435s][info][gc             ] GC(33011) Pause Young (Allocation Failure) 591M->510M(592M) 2.317ms
[15105.435s][info][gc,cpu         ] GC(33011) User=0.00s Sys=0.00s Real=0.00s
[15105.827s][info][gc,start       ] GC(33012) Pause Young (Allocation Failure)
[15105.829s][info][gc,heap        ] GC(33012) PSYoungGen: 82272K(84480K)->288K(84480K) Eden: 81920K(81920K)->0K(81920K) From: 352K(2560K)->288K(2560K)
[15105.830s][info][gc,heap        ] GC(33012) ParOldGen: 522001K(522240K)->522049K(522240K)
[15105.830s][info][gc,metaspace   ] GC(33012) Metaspace: 62367K(62592K)->62367K(62592K) NonClass: 53321K(53504K)->53321K(53504K) Class: 9046K(9088K)->9046K(9088K)
[15105.830s][info][gc             ] GC(33012) Pause Young (Allocation Failure) 590M->510M(592M) 2.312ms
[15105.830s][info][gc,cpu         ] GC(33012) User=0.00s Sys=0.00s Real=0.00s
[15106.219s][info][gc,start       ] GC(33013) Pause Young (Allocation Failure)
[15106.223s][info][gc,heap        ] GC(33013) PSYoungGen: 82208K(84480K)->1824K(84480K) Eden: 81920K(81920K)->0K(81920K) From: 288K(2560K)->1824K(2560K)
[15106.223s][info][gc,heap        ] GC(33013) ParOldGen: 522049K(522240K)->522097K(522240K)
[15106.223s][info][gc,metaspace   ] GC(33013) Metaspace: 62367K(62592K)->62367K(62592K) NonClass: 53321K(53504K)->53321K(53504K) Class: 9046K(9088K)->9046K(9088K)
[15106.223s][info][gc             ] GC(33013) Pause Young (Allocation Failure) 590M->511M(592M) 3.552ms
[15106.223s][info][gc,cpu         ] GC(33013) User=0.01s Sys=0.00s Real=0.00s
[15106.605s][info][gc,start       ] GC(33014) Pause Young (Allocation Failure)
[15106.609s][info][gc,heap        ] GC(33014) PSYoungGen: 83744K(84480K)->1600K(84480K) Eden: 81920K(81920K)->0K(81920K) From: 1824K(2560K)->1600K(2560K)
[15106.609s][info][gc,heap        ] GC(33014) ParOldGen: 522097K(522240K)->522153K(522240K)
[15106.609s][info][gc,metaspace   ] GC(33014) Metaspace: 62367K(62592K)->62367K(62592K) NonClass: 53321K(53504K)->53321K(53504K) Class: 9046K(9088K)->9046K(9088K)
[15106.609s][info][gc             ] GC(33014) Pause Young (Allocation Failure) 591M->511M(592M) 3.279ms
[15106.609s][info][gc,cpu         ] GC(33014) User=0.00s Sys=0.00s Real=0.01s
[15107.034s][info][gc,start       ] GC(33015) Pause Young (Allocation Failure)
[15107.036s][info][gc,heap        ] GC(33015) PSYoungGen: 83520K(84480K)->384K(84480K) Eden: 81920K(81920K)->0K(81920K) From: 1600K(2560K)->384K(2560K)
[15107.036s][info][gc,heap        ] GC(33015) ParOldGen: 522153K(522240K)->522201K(522240K)
[15107.036s][info][gc,metaspace   ] GC(33015) Metaspace: 62367K(62592K)->62367K(62592K) NonClass: 53321K(53504K)->53321K(53504K) Class: 9046K(9088K)->9046K(9088K)
[15107.036s][info][gc             ] GC(33015) Pause Young (Allocation Failure) 591M->510M(592M) 2.389ms
[15107.036s][info][gc,cpu         ] GC(33015) User=0.00s Sys=0.00s Real=0.01s
[15107.505s][info][gc,start       ] GC(33016) Pause Young (Allocation Failure)
[15107.508s][info][gc,heap        ] GC(33016) PSYoungGen: 82304K(84480K)->1280K(84480K) Eden: 81920K(81920K)->0K(81920K) From: 384K(2560K)->1280K(2560K)
[15107.508s][info][gc,heap        ] GC(33016) ParOldGen: 522201K(522240K)->522249K(522752K)
[15107.508s][info][gc,metaspace   ] GC(33016) Metaspace: 62367K(62592K)->62367K(62592K) NonClass: 53321K(53504K)->53321K(53504K) Class: 9046K(9088K)->9046K(9088K)
[15107.508s][info][gc             ] GC(33016) Pause Young (Allocation Failure) 590M->511M(593M) 3.291ms
[15107.508s][info][gc,cpu         ] GC(33016) User=0.01s Sys=0.00s Real=0.01s
[15107.964s][info][gc,start       ] GC(33017) Pause Young (Allocation Failure)
[15107.967s][info][gc,heap        ] GC(33017) PSYoungGen: 83200K(84480K)->832K(84480K) Eden: 81920K(81920K)->0K(81920K) From: 1280K(2560K)->832K(2560K)
[15107.967s][info][gc,heap        ] GC(33017) ParOldGen: 522249K(522752K)->522305K(522752K)
[15107.967s][info][gc,metaspace   ] GC(33017) Metaspace: 62367K(62592K)->62367K(62592K) NonClass: 53321K(53504K)->53321K(53504K) Class: 9046K(9088K)->9046K(9088K)
[15107.967s][info][gc             ] GC(33017) Pause Young (Allocation Failure) 591M->510M(593M) 2.803ms
[15107.967s][info][gc,cpu         ] GC(33017) User=0.01s Sys=0.01s Real=0.01s
[15108.405s][info][gc,start       ] GC(33018) Pause Young (Allocation Failure)
[15108.408s][info][gc,heap        ] GC(33018) PSYoungGen: 82752K(84480K)->1440K(84480K) Eden: 81920K(81920K)->0K(81920K) From: 832K(2560K)->1440K(2560K)
[15108.408s][info][gc,heap        ] GC(33018) ParOldGen: 522305K(522752K)->522361K(522752K)
[15108.408s][info][gc,metaspace   ] GC(33018) Metaspace: 62367K(62592K)->62367K(62592K) NonClass: 53321K(53504K)->53321K(53504K) Class: 9046K(9088K)->9046K(9088K)
[15108.408s][info][gc             ] GC(33018) Pause Young (Allocation Failure) 590M->511M(593M) 3.226ms
[15108.408s][info][gc,cpu         ] GC(33018) User=0.01s Sys=0.00s Real=0.01s
[15108.843s][info][gc,start       ] GC(33019) Pause Young (Allocation Failure)
[15108.846s][info][gc,heap        ] GC(33019) PSYoungGen: 83360K(84480K)->576K(84480K) Eden: 81920K(81920K)->0K(81920K) From: 1440K(2560K)->576K(2560K)
[15108.846s][info][gc,heap        ] GC(33019) ParOldGen: 522361K(522752K)->522417K(522752K)
[15108.846s][info][gc,metaspace   ] GC(33019) Metaspace: 62367K(62592K)->62367K(62592K) NonClass: 53321K(53504K)->53321K(53504K) Class: 9046K(9088K)->9046K(9088K)
[15108.846s][info][gc             ] GC(33019) Pause Young (Allocation Failure) 591M->510M(593M) 2.594ms
[15108.846s][info][gc,cpu         ] GC(33019) User=0.01s Sys=0.00s Real=0.00s
[15109.232s][info][gc,start       ] GC(33020) Pause Young (Allocation Failure)
[15109.235s][info][gc,heap        ] GC(33020) PSYoungGen: 82496K(84480K)->320K(84480K) Eden: 81920K(81920K)->0K(81920K) From: 576K(2560K)->320K(2560K)
[15109.235s][info][gc,heap        ] GC(33020) ParOldGen: 522417K(522752K)->522521K(522752K)
[15109.235s][info][gc,metaspace   ] GC(33020) Metaspace: 62367K(62592K)->62367K(62592K) NonClass: 53321K(53504K)->53321K(53504K) Class: 9046K(9088K)->9046K(9088K)
[15109.235s][info][gc             ] GC(33020) Pause Young (Allocation Failure) 590M->510M(593M) 2.372ms
[15109.235s][info][gc,cpu         ] GC(33020) User=0.00s Sys=0.00s Real=0.00s
[15109.642s][info][gc,start       ] GC(33021) Pause Young (Allocation Failure)
[15109.644s][info][gc,heap        ] GC(33021) PSYoungGen: 82240K(84480K)->480K(84480K) Eden: 81920K(81920K)->0K(81920K) From: 320K(2560K)->480K(2560K)
[15109.644s][info][gc,heap        ] GC(33021) ParOldGen: 522521K(522752K)->522577K(522752K)
[15109.644s][info][gc,metaspace   ] GC(33021) Metaspace: 62367K(62592K)->62367K(62592K) NonClass: 53321K(53504K)->53321K(53504K) Class: 9046K(9088K)->9046K(9088K)
[15109.645s][info][gc             ] GC(33021) Pause Young (Allocation Failure) 590M->510M(593M) 2.656ms
[15109.645s][info][gc,cpu         ] GC(33021) User=0.00s Sys=0.00s Real=0.00s
[15110.019s][info][gc,start       ] GC(33022) Pause Young (Allocation Failure)
[15110.023s][info][gc,heap        ] GC(33022) PSYoungGen: 82400K(84480K)->1696K(84480K) Eden: 81920K(81920K)->0K(81920K) From: 480K(2560K)->1696K(2560K)
[15110.023s][info][gc,heap        ] GC(33022) ParOldGen: 522577K(522752K)->522633K(522752K)
[15110.023s][info][gc,metaspace   ] GC(33022) Metaspace: 62367K(62592K)->62367K(62592K) NonClass: 53321K(53504K)->53321K(53504K) Class: 9046K(9088K)->9046K(9088K)
[15110.023s][info][gc             ] GC(33022) Pause Young (Allocation Failure) 590M->512M(593M) 3.424ms
[15110.023s][info][gc,cpu         ] GC(33022) User=0.01s Sys=0.00s Real=0.00s
[15110.395s][info][gc,start       ] GC(33023) Pause Young (Allocation Failure)
[15110.398s][info][gc,heap        ] GC(33023) PSYoungGen: 83616K(84480K)->1216K(84480K) Eden: 81920K(81920K)->0K(81920K) From: 1696K(2560K)->1216K(2560K)
[15110.398s][info][gc,heap        ] GC(33023) ParOldGen: 522633K(522752K)->522681K(522752K)
[15110.398s][info][gc,metaspace   ] GC(33023) Metaspace: 62367K(62592K)->62367K(62592K) NonClass: 53321K(53504K)->53321K(53504K) Class: 9046K(9088K)->9046K(9088K)
[15110.398s][info][gc             ] GC(33023) Pause Young (Allocation Failure) 592M->511M(593M) 3.226ms
[15110.398s][info][gc,cpu         ] GC(33023) User=0.01s Sys=0.00s Real=0.01s
[15110.790s][info][gc,start       ] GC(33024) Pause Young (Allocation Failure)
[15110.793s][info][gc,heap        ] GC(33024) PSYoungGen: 83136K(84480K)->1280K(84480K) Eden: 81920K(81920K)->0K(81920K) From: 1216K(2560K)->1280K(2560K)
[15110.793s][info][gc,heap        ] GC(33024) ParOldGen: 522681K(522752K)->522737K(522752K)
[15110.793s][info][gc,metaspace   ] GC(33024) Metaspace: 62367K(62592K)->62367K(62592K) NonClass: 53321K(53504K)->53321K(53504K) Class: 9046K(9088K)->9046K(9088K)
[15110.793s][info][gc             ] GC(33024) Pause Young (Allocation Failure) 591M->511M(593M) 3.228ms
[15110.793s][info][gc,cpu         ] GC(33024) User=0.00s Sys=0.00s Real=0.00s
[15111.203s][info][gc,start       ] GC(33025) Pause Young (Allocation Failure)
[15111.207s][info][gc,heap        ] GC(33025) PSYoungGen: 83200K(84480K)->2368K(84480K) Eden: 81920K(81920K)->0K(81920K) From: 1280K(2560K)->2368K(2560K)
[15111.207s][info][gc,heap        ] GC(33025) ParOldGen: 522737K(522752K)->522793K(523264K)
[15111.207s][info][gc,metaspace   ] GC(33025) Metaspace: 62367K(62592K)->62367K(62592K) NonClass: 53321K(53504K)->53321K(53504K) Class: 9046K(9088K)->9046K(9088K)
[15111.207s][info][gc             ] GC(33025) Pause Young (Allocation Failure) 591M->512M(593M) 3.370ms
[15111.207s][info][gc,cpu         ] GC(33025) User=0.01s Sys=0.00s Real=0.01s
[15111.646s][info][gc,start       ] GC(33026) Pause Young (Allocation Failure)
[15111.649s][info][gc,heap        ] GC(33026) PSYoungGen: 84288K(84480K)->576K(83456K) Eden: 81920K(81920K)->0K(80896K) From: 2368K(2560K)->576K(2560K)
[15111.649s][info][gc,heap        ] GC(33026) ParOldGen: 522793K(523264K)->524897K(526336K)
[15111.649s][info][gc,metaspace   ] GC(33026) Metaspace: 62367K(62592K)->62367K(62592K) NonClass: 53321K(53504K)->53321K(53504K) Class: 9046K(9088K)->9046K(9088K)
[15111.650s][info][gc             ] GC(33026) Pause Young (Allocation Failure) 592M->513M(595M) 3.509ms
[15111.650s][info][gc,cpu         ] GC(33026) User=0.01s Sys=0.00s Real=0.00s
[15112.094s][info][gc,start       ] GC(33027) Pause Young (Allocation Failure)
[15112.098s][info][gc,heap        ] GC(33027) PSYoungGen: 81472K(83456K)->1216K(83968K) Eden: 80896K(80896K)->0K(80896K) From: 576K(2560K)->1216K(3072K)
[15112.098s][info][gc,heap        ] GC(33027) ParOldGen: 524897K(526336K)->524945K(526336K)
[15112.098s][info][gc,metaspace   ] GC(33027) Metaspace: 62367K(62592K)->62367K(62592K) NonClass: 53321K(53504K)->53321K(53504K) Class: 9046K(9088K)->9046K(9088K)
[15112.098s][info][gc             ] GC(33027) Pause Young (Allocation Failure) 592M->513M(596M) 3.164ms
[15112.098s][info][gc,cpu         ] GC(33027) User=0.01s Sys=0.00s Real=0.01s
[15112.549s][info][gc,start       ] GC(33028) Pause Young (Allocation Failure)
[15112.551s][info][gc,heap        ] GC(33028) PSYoungGen: 82112K(83968K)->544K(84480K) Eden: 80896K(80896K)->0K(81920K) From: 1216K(3072K)->544K(2560K)
[15112.551s][info][gc,heap        ] GC(33028) ParOldGen: 524945K(526336K)->525001K(526336K)
[15112.551s][info][gc,metaspace   ] GC(33028) Metaspace: 62367K(62592K)->62367K(62592K) NonClass: 53321K(53504K)->53321K(53504K) Class: 9046K(9088K)->9046K(9088K)
[15112.551s][info][gc             ] GC(33028) Pause Young (Allocation Failure) 592M->513M(596M) 2.503ms
[15112.551s][info][gc,cpu         ] GC(33028) User=0.00s Sys=0.00s Real=0.00s
[15112.999s][info][gc,start       ] GC(33029) Pause Young (Allocation Failure)
[15113.002s][info][gc,heap        ] GC(33029) PSYoungGen: 82464K(84480K)->1280K(84480K) Eden: 81920K(81920K)->0K(81920K) From: 544K(2560K)->1280K(2560K)
[15113.002s][info][gc,heap        ] GC(33029) ParOldGen: 525001K(526336K)->525049K(526336K)
[15113.002s][info][gc,metaspace   ] GC(33029) Metaspace: 62367K(62592K)->62367K(62592K) NonClass: 53321K(53504K)->53321K(53504K) Class: 9046K(9088K)->9046K(9088K)
[15113.002s][info][gc             ] GC(33029) Pause Young (Allocation Failure) 593M->513M(596M) 3.126ms
[15113.002s][info][gc,cpu         ] GC(33029) User=0.01s Sys=0.00s Real=0.00s
[15113.457s][info][gc,start       ] GC(33030) Pause Young (Allocation Failure)
[15113.460s][info][gc,heap        ] GC(33030) PSYoungGen: 83200K(84480K)->672K(84480K) Eden: 81920K(81920K)->0K(81920K) From: 1280K(2560K)->672K(2560K)
[15113.460s][info][gc,heap        ] GC(33030) ParOldGen: 525049K(526336K)->525105K(526336K)
[15113.460s][info][gc,metaspace   ] GC(33030) Metaspace: 62367K(62592K)->62367K(62592K) NonClass: 53321K(53504K)->53321K(53504K) Class: 9046K(9088K)->9046K(9088K)
[15113.460s][info][gc             ] GC(33030) Pause Young (Allocation Failure) 593M->513M(596M) 2.585ms
[15113.460s][info][gc,cpu         ] GC(33030) User=0.00s Sys=0.00s Real=0.00s
[15113.869s][info][gc,start       ] GC(33031) Pause Young (Allocation Failure)
[15113.872s][info][gc,heap        ] GC(33031) PSYoungGen: 82592K(84480K)->928K(84480K) Eden: 81920K(81920K)->0K(81920K) From: 672K(2560K)->928K(2560K)
[15113.872s][info][gc,heap        ] GC(33031) ParOldGen: 525105K(526336K)->525153K(526336K)
[15113.872s][info][gc,metaspace   ] GC(33031) Metaspace: 62367K(62592K)->62367K(62592K) NonClass: 53321K(53504K)->53321K(53504K) Class: 9046K(9088K)->9046K(9088K)
[15113.872s][info][gc             ] GC(33031) Pause Young (Allocation Failure) 593M->513M(596M) 2.722ms
[15113.872s][info][gc,cpu         ] GC(33031) User=0.01s Sys=0.00s Real=0.00s
[15114.293s][info][gc,start       ] GC(33032) Pause Young (Allocation Failure)
[15114.296s][info][gc,heap        ] GC(33032) PSYoungGen: 82848K(84480K)->1152K(84480K) Eden: 81920K(81920K)->0K(81920K) From: 928K(2560K)->1152K(2560K)
[15114.296s][info][gc,heap        ] GC(33032) ParOldGen: 525153K(526336K)->525201K(526336K)
[15114.296s][info][gc,metaspace   ] GC(33032) Metaspace: 62367K(62592K)->62367K(62592K) NonClass: 53321K(53504K)->53321K(53504K) Class: 9046K(9088K)->9046K(9088K)
[15114.296s][info][gc             ] GC(33032) Pause Young (Allocation Failure) 593M->514M(596M) 3.117ms
[15114.296s][info][gc,cpu         ] GC(33032) User=0.01s Sys=0.00s Real=0.01s
[15114.713s][info][gc,start       ] GC(33033) Pause Young (Allocation Failure)
[15114.716s][info][gc,heap        ] GC(33033) PSYoungGen: 83072K(84480K)->1600K(84480K) Eden: 81920K(81920K)->0K(81920K) From: 1152K(2560K)->1600K(2560K)
[15114.716s][info][gc,heap        ] GC(33033) ParOldGen: 525201K(526336K)->525257K(526336K)
[15114.716s][info][gc,metaspace   ] GC(33033) Metaspace: 62367K(62592K)->62367K(62592K) NonClass: 53321K(53504K)->53321K(53504K) Class: 9046K(9088K)->9046K(9088K)
[15114.716s][info][gc             ] GC(33033) Pause Young (Allocation Failure) 594M->514M(596M) 3.318ms
[15114.716s][info][gc,cpu         ] GC(33033) User=0.00s Sys=0.00s Real=0.01s
[15115.137s][info][gc,start       ] GC(33034) Pause Young (Allocation Failure)
[15115.139s][info][gc,heap        ] GC(33034) PSYoungGen: 83520K(84480K)->416K(84480K) Eden: 81920K(81920K)->0K(81920K) From: 1600K(2560K)->416K(2560K)
[15115.139s][info][gc,heap        ] GC(33034) ParOldGen: 525257K(526336K)->525313K(526336K)
[15115.139s][info][gc,metaspace   ] GC(33034) Metaspace: 62367K(62592K)->62367K(62592K) NonClass: 53321K(53504K)->53321K(53504K) Class: 9046K(9088K)->9046K(9088K)
[15115.139s][info][gc             ] GC(33034) Pause Young (Allocation Failure) 594M->513M(596M) 2.343ms
[15115.139s][info][gc,cpu         ] GC(33034) User=0.01s Sys=0.00s Real=0.00s
[15115.555s][info][gc,start       ] GC(33035) Pause Young (Allocation Failure)
[15115.558s][info][gc,heap        ] GC(33035) PSYoungGen: 82336K(84480K)->704K(84480K) Eden: 81920K(81920K)->0K(81920K) From: 416K(2560K)->704K(2560K)
[15115.558s][info][gc,heap        ] GC(33035) ParOldGen: 525313K(526336K)->525369K(526336K)
[15115.558s][info][gc,metaspace   ] GC(33035) Metaspace: 62367K(62592K)->62367K(62592K) NonClass: 53321K(53504K)->53321K(53504K) Class: 9046K(9088K)->9046K(9088K)
[15115.558s][info][gc             ] GC(33035) Pause Young (Allocation Failure) 593M->513M(596M) 2.545ms
[15115.558s][info][gc,cpu         ] GC(33035) User=0.01s Sys=0.00s Real=0.01s
[15116.021s][info][gc,start       ] GC(33036) Pause Young (Allocation Failure)
[15116.025s][info][gc,heap        ] GC(33036) PSYoungGen: 82624K(84480K)->2528K(83456K) Eden: 81920K(81920K)->0K(80896K) From: 704K(2560K)->2528K(2560K)
[15116.025s][info][gc,heap        ] GC(33036) ParOldGen: 525369K(526336K)->525649K(526336K)
[15116.025s][info][gc,metaspace   ] GC(33036) Metaspace: 62367K(62592K)->62367K(62592K) NonClass: 53321K(53504K)->53321K(53504K) Class: 9046K(9088K)->9046K(9088K)
[15116.025s][info][gc             ] GC(33036) Pause Young (Allocation Failure) 593M->515M(595M) 3.871ms
[15116.025s][info][gc,cpu         ] GC(33036) User=0.00s Sys=0.00s Real=0.00s
[15116.420s][info][gc,start       ] GC(33037) Pause Young (Allocation Failure)
[15116.424s][info][gc,heap        ] GC(33037) PSYoungGen: 83424K(83456K)->1760K(83968K) Eden: 80896K(80896K)->0K(80896K) From: 2528K(2560K)->1760K(3072K)
[15116.424s][info][gc,heap        ] GC(33037) ParOldGen: 525649K(526336K)->527713K(527872K)
[15116.424s][info][gc,metaspace   ] GC(33037) Metaspace: 62367K(62592K)->62367K(62592K) NonClass: 53321K(53504K)->53321K(53504K) Class: 9046K(9088K)->9046K(9088K)
[15116.424s][info][gc             ] GC(33037) Pause Young (Allocation Failure) 594M->517M(597M) 4.534ms
[15116.424s][info][gc,cpu         ] GC(33037) User=0.01s Sys=0.00s Real=0.00s
[15116.864s][info][gc,start       ] GC(33038) Pause Young (Allocation Failure)
[15116.867s][info][gc,heap        ] GC(33038) PSYoungGen: 82656K(83968K)->768K(83968K) Eden: 80896K(80896K)->0K(80896K) From: 1760K(3072K)->768K(3072K)
[15116.867s][info][gc,heap        ] GC(33038) ParOldGen: 527713K(527872K)->527769K(527872K)
[15116.867s][info][gc,metaspace   ] GC(33038) Metaspace: 62367K(62592K)->62367K(62592K) NonClass: 53321K(53504K)->53321K(53504K) Class: 9046K(9088K)->9046K(9088K)
[15116.867s][info][gc             ] GC(33038) Pause Young (Allocation Failure) 596M->516M(597M) 2.761ms
[15116.867s][info][gc,cpu         ] GC(33038) User=0.01s Sys=0.01s Real=0.01s
[15117.292s][info][gc,start       ] GC(33039) Pause Young (Allocation Failure)
[15117.295s][info][gc,heap        ] GC(33039) PSYoungGen: 81664K(83968K)->1216K(83968K) Eden: 80896K(80896K)->0K(80896K) From: 768K(3072K)->1216K(3072K)
[15117.295s][info][gc,heap        ] GC(33039) ParOldGen: 527769K(527872K)->527817K(527872K)
[15117.295s][info][gc,metaspace   ] GC(33039) Metaspace: 62367K(62592K)->62367K(62592K) NonClass: 53321K(53504K)->53321K(53504K) Class: 9046K(9088K)->9046K(9088K)
[15117.295s][info][gc             ] GC(33039) Pause Young (Allocation Failure) 595M->516M(597M) 3.058ms
[15117.295s][info][gc,cpu         ] GC(33039) User=0.01s Sys=0.00s Real=0.00s
[15117.720s][info][gc,start       ] GC(33040) Pause Young (Allocation Failure)
[15117.723s][info][gc,heap        ] GC(33040) PSYoungGen: 82112K(83968K)->1568K(83968K) Eden: 80896K(80896K)->0K(80896K) From: 1216K(3072K)->1568K(3072K)
[15117.723s][info][gc,heap        ] GC(33040) ParOldGen: 527817K(527872K)->527873K(528384K)
[15117.723s][info][gc,metaspace   ] GC(33040) Metaspace: 62367K(62592K)->62367K(62592K) NonClass: 53321K(53504K)->53321K(53504K) Class: 9046K(9088K)->9046K(9088K)
[15117.723s][info][gc             ] GC(33040) Pause Young (Allocation Failure) 595M->517M(598M) 3.478ms
[15117.724s][info][gc,cpu         ] GC(33040) User=0.01s Sys=0.00s Real=0.00s
[15118.143s][info][gc,start       ] GC(33041) Pause Young (Allocation Failure)
[15118.145s][info][gc,heap        ] GC(33041) PSYoungGen: 82464K(83968K)->480K(83968K) Eden: 80896K(80896K)->0K(80896K) From: 1568K(3072K)->480K(3072K)
[15118.145s][info][gc,heap        ] GC(33041) ParOldGen: 527873K(528384K)->527929K(528384K)
[15118.145s][info][gc,metaspace   ] GC(33041) Metaspace: 62367K(62592K)->62367K(62592K) NonClass: 53321K(53504K)->53321K(53504K) Class: 9046K(9088K)->9046K(9088K)
[15118.145s][info][gc             ] GC(33041) Pause Young (Allocation Failure) 596M->516M(598M) 2.650ms
[15118.145s][info][gc,cpu         ] GC(33041) User=0.00s Sys=0.00s Real=0.00s
[15118.554s][info][gc,start       ] GC(33042) Pause Young (Allocation Failure)
[15118.557s][info][gc,heap        ] GC(33042) PSYoungGen: 81376K(83968K)->640K(84480K) Eden: 80896K(80896K)->0K(81408K) From: 480K(3072K)->640K(3072K)
[15118.557s][info][gc,heap        ] GC(33042) ParOldGen: 527929K(528384K)->527985K(528384K)
[15118.557s][info][gc,metaspace   ] GC(33042) Metaspace: 62367K(62592K)->62367K(62592K) NonClass: 53321K(53504K)->53321K(53504K) Class: 9046K(9088K)->9046K(9088K)
[15118.557s][info][gc             ] GC(33042) Pause Young (Allocation Failure) 595M->516M(598M) 2.640ms
[15118.557s][info][gc,cpu         ] GC(33042) User=0.00s Sys=0.00s Real=0.01s
[15118.981s][info][gc,start       ] GC(33043) Pause Young (Allocation Failure)
[15118.984s][info][gc,heap        ] GC(33043) PSYoungGen: 82048K(84480K)->1056K(83968K) Eden: 81408K(81408K)->0K(81408K) From: 640K(3072K)->1056K(2560K)
[15118.984s][info][gc,heap        ] GC(33043) ParOldGen: 527985K(528384K)->528041K(528384K)
[15118.984s][info][gc,metaspace   ] GC(33043) Metaspace: 62367K(62592K)->62367K(62592K) NonClass: 53321K(53504K)->53321K(53504K) Class: 9046K(9088K)->9046K(9088K)
[15118.984s][info][gc             ] GC(33043) Pause Young (Allocation Failure) 595M->516M(598M) 3.049ms
[15118.984s][info][gc,cpu         ] GC(33043) User=0.01s Sys=0.00s Real=0.00s
[15119.407s][info][gc,start       ] GC(33044) Pause Young (Allocation Failure)
[15119.410s][info][gc,heap        ] GC(33044) PSYoungGen: 82464K(83968K)->1472K(84480K) Eden: 81408K(81408K)->0K(81920K) From: 1056K(2560K)->1472K(2560K)
[15119.410s][info][gc,heap        ] GC(33044) ParOldGen: 528041K(528384K)->528097K(528384K)
[15119.411s][info][gc,metaspace   ] GC(33044) Metaspace: 62367K(62592K)->62367K(62592K) NonClass: 53321K(53504K)->53321K(53504K) Class: 9046K(9088K)->9046K(9088K)
[15119.411s][info][gc             ] GC(33044) Pause Young (Allocation Failure) 596M->517M(598M) 3.273ms
[15119.411s][info][gc,cpu         ] GC(33044) User=0.01s Sys=0.00s Real=0.00s
[15119.839s][info][gc,start       ] GC(33045) Pause Young (Allocation Failure)
[15119.841s][info][gc,heap        ] GC(33045) PSYoungGen: 83392K(84480K)->416K(84480K) Eden: 81920K(81920K)->0K(81920K) From: 1472K(2560K)->416K(2560K)
[15119.841s][info][gc,heap        ] GC(33045) ParOldGen: 528097K(528384K)->528153K(528384K)
[15119.841s][info][gc,metaspace   ] GC(33045) Metaspace: 62367K(62592K)->62367K(62592K) NonClass: 53321K(53504K)->53321K(53504K) Class: 9046K(9088K)->9046K(9088K)
[15119.842s][info][gc             ] GC(33045) Pause Young (Allocation Failure) 597M->516M(598M) 2.481ms
[15119.842s][info][gc,cpu         ] GC(33045) User=0.00s Sys=0.00s Real=0.00s
[15120.268s][info][gc,start       ] GC(33046) Pause Young (Allocation Failure)
[15120.271s][info][gc,heap        ] GC(33046) PSYoungGen: 82336K(84480K)->864K(84480K) Eden: 81920K(81920K)->0K(81920K) From: 416K(2560K)->864K(2560K)
[15120.271s][info][gc,heap        ] GC(33046) ParOldGen: 528153K(528384K)->528209K(528384K)
[15120.271s][info][gc,metaspace   ] GC(33046) Metaspace: 62367K(62592K)->62367K(62592K) NonClass: 53321K(53504K)->53321K(53504K) Class: 9046K(9088K)->9046K(9088K)
[15120.271s][info][gc             ] GC(33046) Pause Young (Allocation Failure) 596M->516M(598M) 2.827ms
[15120.271s][info][gc,cpu         ] GC(33046) User=0.00s Sys=0.00s Real=0.00s
[15120.673s][info][gc,start       ] GC(33047) Pause Young (Allocation Failure)
[15120.676s][info][gc,heap        ] GC(33047) PSYoungGen: 82784K(84480K)->2016K(84480K) Eden: 81920K(81920K)->0K(81920K) From: 864K(2560K)->2016K(2560K)
[15120.676s][info][gc,heap        ] GC(33047) ParOldGen: 528209K(528384K)->529289K(529920K)
[15120.676s][info][gc,metaspace   ] GC(33047) Metaspace: 62367K(62592K)->62367K(62592K) NonClass: 53321K(53504K)->53321K(53504K) Class: 9046K(9088K)->9046K(9088K)
[15120.676s][info][gc             ] GC(33047) Pause Young (Allocation Failure) 596M->518M(600M) 3.659ms
[15120.676s][info][gc,cpu         ] GC(33047) User=0.00s Sys=0.00s Real=0.01s
[15121.038s][info][gc,start       ] GC(33048) Pause Young (Allocation Failure)
[15121.042s][info][gc,heap        ] GC(33048) PSYoungGen: 83936K(84480K)->480K(84480K) Eden: 81920K(81920K)->0K(81920K) From: 2016K(2560K)->480K(2560K)
[15121.042s][info][gc,heap        ] GC(33048) ParOldGen: 529289K(529920K)->531393K(531456K)
[15121.042s][info][gc,metaspace   ] GC(33048) Metaspace: 62367K(62592K)->62367K(62592K) NonClass: 53321K(53504K)->53321K(53504K) Class: 9046K(9088K)->9046K(9088K)
[15121.042s][info][gc             ] GC(33048) Pause Young (Allocation Failure) 598M->519M(601M) 3.535ms
[15121.042s][info][gc,cpu         ] GC(33048) User=0.00s Sys=0.00s Real=0.00s
[15121.473s][info][gc,start       ] GC(33049) Pause Young (Allocation Failure)
[15121.475s][info][gc,heap        ] GC(33049) PSYoungGen: 82400K(84480K)->960K(84480K) Eden: 81920K(81920K)->0K(81920K) From: 480K(2560K)->960K(2560K)
[15121.475s][info][gc,heap        ] GC(33049) ParOldGen: 531393K(531456K)->531441K(531456K)
[15121.475s][info][gc,metaspace   ] GC(33049) Metaspace: 62367K(62592K)->62367K(62592K) NonClass: 53321K(53504K)->53321K(53504K) Class: 9046K(9088K)->9046K(9088K)
[15121.476s][info][gc             ] GC(33049) Pause Young (Allocation Failure) 599M->519M(601M) 2.896ms
[15121.476s][info][gc,cpu         ] GC(33049) User=0.01s Sys=0.00s Real=0.00s
[15121.908s][info][gc,start       ] GC(33050) Pause Young (Allocation Failure)
[15121.911s][info][gc,heap        ] GC(33050) PSYoungGen: 82880K(84480K)->1472K(84480K) Eden: 81920K(81920K)->0K(81920K) From: 960K(2560K)->1472K(2560K)
[15121.911s][info][gc,heap        ] GC(33050) ParOldGen: 531441K(531456K)->531497K(531968K)
[15121.911s][info][gc,metaspace   ] GC(33050) Metaspace: 62367K(62592K)->62367K(62592K) NonClass: 53321K(53504K)->53321K(53504K) Class: 9046K(9088K)->9046K(9088K)
[15121.911s][info][gc             ] GC(33050) Pause Young (Allocation Failure) 599M->520M(602M) 3.239ms
[15121.911s][info][gc,cpu         ] GC(33050) User=0.01s Sys=0.00s Real=0.00s
[15122.338s][info][gc,start       ] GC(33051) Pause Young (Allocation Failure)
[15122.340s][info][gc,heap        ] GC(33051) PSYoungGen: 83392K(84480K)->448K(84480K) Eden: 81920K(81920K)->0K(81920K) From: 1472K(2560K)->448K(2560K)
[15122.340s][info][gc,heap        ] GC(33051) ParOldGen: 531497K(531968K)->531553K(531968K)
[15122.340s][info][gc,metaspace   ] GC(33051) Metaspace: 62367K(62592K)->62367K(62592K) NonClass: 53321K(53504K)->53321K(53504K) Class: 9046K(9088K)->9046K(9088K)
[15122.340s][info][gc             ] GC(33051) Pause Young (Allocation Failure) 600M->519M(602M) 2.563ms
[15122.340s][info][gc,cpu         ] GC(33051) User=0.01s Sys=0.00s Real=0.00s
[15122.744s][info][gc,start       ] GC(33052) Pause Young (Allocation Failure)
[15122.747s][info][gc,heap        ] GC(33052) PSYoungGen: 82368K(84480K)->576K(84480K) Eden: 81920K(81920K)->0K(81920K) From: 448K(2560K)->576K(2560K)
[15122.747s][info][gc,heap        ] GC(33052) ParOldGen: 531553K(531968K)->531609K(531968K)
[15122.747s][info][gc,metaspace   ] GC(33052) Metaspace: 62367K(62592K)->62367K(62592K) NonClass: 53321K(53504K)->53321K(53504K) Class: 9046K(9088K)->9046K(9088K)
[15122.747s][info][gc             ] GC(33052) Pause Young (Allocation Failure) 599M->519M(602M) 2.502ms
[15122.747s][info][gc,cpu         ] GC(33052) User=0.00s Sys=0.01s Real=0.01s
[15123.202s][info][gc,start       ] GC(33053) Pause Young (Allocation Failure)
[15123.205s][info][gc,heap        ] GC(33053) PSYoungGen: 82496K(84480K)->1328K(84480K) Eden: 81920K(81920K)->0K(81920K) From: 576K(2560K)->1328K(2560K)
[15123.205s][info][gc,heap        ] GC(33053) ParOldGen: 531609K(531968K)->531665K(531968K)
[15123.205s][info][gc,metaspace   ] GC(33053) Metaspace: 62367K(62592K)->62367K(62592K) NonClass: 53321K(53504K)->53321K(53504K) Class: 9046K(9088K)->9046K(9088K)
[15123.205s][info][gc             ] GC(33053) Pause Young (Allocation Failure) 599M->520M(602M) 3.276ms
[15123.205s][info][gc,cpu         ] GC(33053) User=0.01s Sys=0.00s Real=0.00s
[15123.578s][info][gc,start       ] GC(33054) Pause Young (Allocation Failure)
[15123.581s][info][gc,heap        ] GC(33054) PSYoungGen: 83248K(84480K)->1120K(84480K) Eden: 81920K(81920K)->0K(81920K) From: 1328K(2560K)->1120K(2560K)
[15123.581s][info][gc,heap        ] GC(33054) ParOldGen: 531665K(531968K)->531761K(531968K)
[15123.581s][info][gc,metaspace   ] GC(33054) Metaspace: 62367K(62592K)->62367K(62592K) NonClass: 53321K(53504K)->53321K(53504K) Class: 9046K(9088K)->9046K(9088K)
[15123.581s][info][gc             ] GC(33054) Pause Young (Allocation Failure) 600M->520M(602M) 3.093ms
[15123.581s][info][gc,cpu         ] GC(33054) User=0.01s Sys=0.00s Real=0.00s
[15123.980s][info][gc,start       ] GC(33055) Pause Young (Allocation Failure)
[15123.983s][info][gc,heap        ] GC(33055) PSYoungGen: 83040K(84480K)->1152K(84480K) Eden: 81920K(81920K)->0K(81920K) From: 1120K(2560K)->1152K(2560K)
[15123.983s][info][gc,heap        ] GC(33055) ParOldGen: 531761K(531968K)->531817K(531968K)
[15123.983s][info][gc,metaspace   ] GC(33055) Metaspace: 62367K(62592K)->62367K(62592K) NonClass: 53321K(53504K)->53321K(53504K) Class: 9046K(9088K)->9046K(9088K)
[15123.983s][info][gc             ] GC(33055) Pause Young (Allocation Failure) 600M->520M(602M) 3.162ms
[15123.983s][info][gc,cpu         ] GC(33055) User=0.01s Sys=0.00s Real=0.00s
[15124.380s][info][gc,start       ] GC(33056) Pause Young (Allocation Failure)
[15124.383s][info][gc,heap        ] GC(33056) PSYoungGen: 83072K(84480K)->1120K(84480K) Eden: 81920K(81920K)->0K(81920K) From: 1152K(2560K)->1120K(2560K)
[15124.383s][info][gc,heap        ] GC(33056) ParOldGen: 531817K(531968K)->531873K(531968K)
[15124.383s][info][gc,metaspace   ] GC(33056) Metaspace: 62367K(62592K)->62367K(62592K) NonClass: 53321K(53504K)->53321K(53504K) Class: 9046K(9088K)->9046K(9088K)
[15124.383s][info][gc             ] GC(33056) Pause Young (Allocation Failure) 600M->520M(602M) 3.102ms
[15124.383s][info][gc,cpu         ] GC(33056) User=0.01s Sys=0.00s Real=0.00s
[15124.807s][info][gc,start       ] GC(33057) Pause Young (Allocation Failure)
[15124.810s][info][gc,heap        ] GC(33057) PSYoungGen: 83040K(84480K)->1504K(84480K) Eden: 81920K(81920K)->0K(81920K) From: 1120K(2560K)->1504K(2560K)
[15124.810s][info][gc,heap        ] GC(33057) ParOldGen: 531873K(531968K)->531929K(531968K)
[15124.810s][info][gc,metaspace   ] GC(33057) Metaspace: 62367K(62592K)->62367K(62592K) NonClass: 53321K(53504K)->53321K(53504K) Class: 9046K(9088K)->9046K(9088K)
[15124.810s][info][gc             ] GC(33057) Pause Young (Allocation Failure) 600M->520M(602M) 3.410ms
[15124.810s][info][gc,cpu         ] GC(33057) User=0.00s Sys=0.00s Real=0.00s
[15125.207s][info][gc,start       ] GC(33058) Pause Young (Allocation Failure)
[15125.210s][info][gc,heap        ] GC(33058) PSYoungGen: 83424K(84480K)->1600K(84480K) Eden: 81920K(81920K)->0K(81920K) From: 1504K(2560K)->1600K(2560K)
[15125.210s][info][gc,heap        ] GC(33058) ParOldGen: 531929K(531968K)->531985K(532480K)
[15125.210s][info][gc,metaspace   ] GC(33058) Metaspace: 62367K(62592K)->62367K(62592K) NonClass: 53321K(53504K)->53321K(53504K) Class: 9046K(9088K)->9046K(9088K)
[15125.210s][info][gc             ] GC(33058) Pause Young (Allocation Failure) 600M->521M(602M) 3.490ms
[15125.210s][info][gc,cpu         ] GC(33058) User=0.01s Sys=0.00s Real=0.00s
[15125.593s][info][gc,start       ] GC(33059) Pause Young (Allocation Failure)
[15125.596s][info][gc,heap        ] GC(33059) PSYoungGen: 83520K(84480K)->1344K(84480K) Eden: 81920K(81920K)->0K(81920K) From: 1600K(2560K)->1344K(2560K)
[15125.596s][info][gc,heap        ] GC(33059) ParOldGen: 531985K(532480K)->532033K(532480K)
[15125.596s][info][gc,metaspace   ] GC(33059) Metaspace: 62367K(62592K)->62367K(62592K) NonClass: 53321K(53504K)->53321K(53504K) Class: 9046K(9088K)->9046K(9088K)
[15125.596s][info][gc             ] GC(33059) Pause Young (Allocation Failure) 601M->520M(602M) 3.429ms
[15125.596s][info][gc,cpu         ] GC(33059) User=0.01s Sys=0.00s Real=0.01s
[15126.000s][info][gc,start       ] GC(33060) Pause Young (Allocation Failure)
[15126.003s][info][gc,heap        ] GC(33060) PSYoungGen: 83264K(84480K)->1440K(84480K) Eden: 81920K(81920K)->0K(81920K) From: 1344K(2560K)->1440K(2560K)
[15126.003s][info][gc,heap        ] GC(33060) ParOldGen: 532033K(532480K)->532089K(532480K)
[15126.003s][info][gc,metaspace   ] GC(33060) Metaspace: 62367K(62592K)->62367K(62592K) NonClass: 53321K(53504K)->53321K(53504K) Class: 9046K(9088K)->9046K(9088K)
[15126.003s][info][gc             ] GC(33060) Pause Young (Allocation Failure) 600M->521M(602M) 3.450ms
[15126.003s][info][gc,cpu         ] GC(33060) User=0.01s Sys=0.00s Real=0.00s
[15126.420s][info][gc,start       ] GC(33061) Pause Young (Allocation Failure)
[15126.424s][info][gc,heap        ] GC(33061) PSYoungGen: 83360K(84480K)->1696K(84480K) Eden: 81920K(81920K)->0K(81920K) From: 1440K(2560K)->1696K(2560K)
[15126.424s][info][gc,heap        ] GC(33061) ParOldGen: 532089K(532480K)->532137K(532480K)
[15126.424s][info][gc,metaspace   ] GC(33061) Metaspace: 62367K(62592K)->62367K(62592K) NonClass: 53321K(53504K)->53321K(53504K) Class: 9046K(9088K)->9046K(9088K)
[15126.424s][info][gc             ] GC(33061) Pause Young (Allocation Failure) 601M->521M(602M) 3.571ms
[15126.424s][info][gc,cpu         ] GC(33061) User=0.01s Sys=0.00s Real=0.00s
[15126.863s][info][gc,start       ] GC(33062) Pause Young (Allocation Failure)
[15126.865s][info][gc,heap        ] GC(33062) PSYoungGen: 83616K(84480K)->864K(84480K) Eden: 81920K(81920K)->0K(81920K) From: 1696K(2560K)->864K(2560K)
[15126.866s][info][gc,heap        ] GC(33062) ParOldGen: 532137K(532480K)->532185K(532480K)
[15126.866s][info][gc,metaspace   ] GC(33062) Metaspace: 62367K(62592K)->62367K(62592K) NonClass: 53321K(53504K)->53321K(53504K) Class: 9046K(9088K)->9046K(9088K)
[15126.866s][info][gc             ] GC(33062) Pause Young (Allocation Failure) 601M->520M(602M) 2.807ms
[15126.866s][info][gc,cpu         ] GC(33062) User=0.00s Sys=0.00s Real=0.00s
[15127.265s][info][gc,start       ] GC(33063) Pause Young (Allocation Failure)
[15127.268s][info][gc,heap        ] GC(33063) PSYoungGen: 82784K(84480K)->896K(84480K) Eden: 81920K(81920K)->0K(81920K) From: 864K(2560K)->896K(2560K)
[15127.268s][info][gc,heap        ] GC(33063) ParOldGen: 532185K(532480K)->532241K(532480K)
[15127.268s][info][gc,metaspace   ] GC(33063) Metaspace: 62367K(62592K)->62367K(62592K) NonClass: 53321K(53504K)->53321K(53504K) Class: 9046K(9088K)->9046K(9088K)
[15127.268s][info][gc             ] GC(33063) Pause Young (Allocation Failure) 600M->520M(602M) 2.830ms
[15127.268s][info][gc,cpu         ] GC(33063) User=0.00s Sys=0.00s Real=0.01s
[15127.680s][info][gc,start       ] GC(33064) Pause Young (Allocation Failure)
[15127.683s][info][gc,heap        ] GC(33064) PSYoungGen: 82816K(84480K)->1120K(84480K) Eden: 81920K(81920K)->0K(81920K) From: 896K(2560K)->1120K(2560K)
[15127.683s][info][gc,heap        ] GC(33064) ParOldGen: 532241K(532480K)->532297K(532480K)
[15127.683s][info][gc,metaspace   ] GC(33064) Metaspace: 62367K(62592K)->62367K(62592K) NonClass: 53321K(53504K)->53321K(53504K) Class: 9046K(9088K)->9046K(9088K)
[15127.683s][info][gc             ] GC(33064) Pause Young (Allocation Failure) 600M->520M(602M) 3.232ms
[15127.684s][info][gc,cpu         ] GC(33064) User=0.01s Sys=0.00s Real=0.00s
[15128.104s][info][gc,start       ] GC(33065) Pause Young (Allocation Failure)
[15128.107s][info][gc,heap        ] GC(33065) PSYoungGen: 83040K(84480K)->1536K(84480K) Eden: 81920K(81920K)->0K(81920K) From: 1120K(2560K)->1536K(2560K)
[15128.107s][info][gc,heap        ] GC(33065) ParOldGen: 532297K(532480K)->532353K(532480K)
[15128.107s][info][gc,metaspace   ] GC(33065) Metaspace: 62367K(62592K)->62367K(62592K) NonClass: 53321K(53504K)->53321K(53504K) Class: 9046K(9088K)->9046K(9088K)
[15128.107s][info][gc             ] GC(33065) Pause Young (Allocation Failure) 600M->521M(602M) 3.594ms
[15128.107s][info][gc,cpu         ] GC(33065) User=0.01s Sys=0.00s Real=0.01s
[15128.534s][info][gc,start       ] GC(33066) Pause Young (Allocation Failure)
[15128.537s][info][gc,heap        ] GC(33066) PSYoungGen: 83456K(84480K)->416K(84480K) Eden: 81920K(81920K)->0K(81920K) From: 1536K(2560K)->416K(2560K)
[15128.537s][info][gc,heap        ] GC(33066) ParOldGen: 532353K(532480K)->532401K(532480K)
[15128.537s][info][gc,metaspace   ] GC(33066) Metaspace: 62367K(62592K)->62367K(62592K) NonClass: 53321K(53504K)->53321K(53504K) Class: 9046K(9088K)->9046K(9088K)
[15128.537s][info][gc             ] GC(33066) Pause Young (Allocation Failure) 601M->520M(602M) 2.496ms
[15128.537s][info][gc,cpu         ] GC(33066) User=0.00s Sys=0.00s Real=0.01s
[15128.962s][info][gc,start       ] GC(33067) Pause Young (Allocation Failure)
[15128.965s][info][gc,heap        ] GC(33067) PSYoungGen: 82336K(84480K)->800K(84480K) Eden: 81920K(81920K)->0K(81920K) From: 416K(2560K)->800K(2560K)
[15128.965s][info][gc,heap        ] GC(33067) ParOldGen: 532401K(532480K)->532457K(532480K)
[15128.965s][info][gc,metaspace   ] GC(33067) Metaspace: 62367K(62592K)->62367K(62592K) NonClass: 53321K(53504K)->53321K(53504K) Class: 9046K(9088K)->9046K(9088K)
[15128.965s][info][gc             ] GC(33067) Pause Young (Allocation Failure) 600M->520M(602M) 2.802ms
[15128.965s][info][gc,cpu         ] GC(33067) User=0.00s Sys=0.00s Real=0.00s
[15129.367s][info][gc,start       ] GC(33068) Pause Young (Allocation Failure)
[15129.369s][info][gc,heap        ] GC(33068) PSYoungGen: 82720K(84480K)->1920K(84480K) Eden: 81920K(81920K)->0K(81920K) From: 800K(2560K)->1920K(2560K)
[15129.369s][info][gc,heap        ] GC(33068) ParOldGen: 532457K(532480K)->532513K(532992K)
[15129.370s][info][gc,metaspace   ] GC(33068) Metaspace: 62367K(62592K)->62367K(62592K) NonClass: 53321K(53504K)->53321K(53504K) Class: 9046K(9088K)->9046K(9088K)
[15129.370s][info][gc             ] GC(33068) Pause Young (Allocation Failure) 600M->521M(603M) 3.011ms
[15129.370s][info][gc,cpu         ] GC(33068) User=0.00s Sys=0.00s Real=0.00s
[15129.773s][info][gc,start       ] GC(33069) Pause Young (Allocation Failure)
[15129.776s][info][gc,heap        ] GC(33069) PSYoungGen: 83840K(84480K)->992K(84480K) Eden: 81920K(81920K)->0K(81920K) From: 1920K(2560K)->992K(2560K)
[15129.776s][info][gc,heap        ] GC(33069) ParOldGen: 532513K(532992K)->533593K(534528K)
[15129.776s][info][gc,metaspace   ] GC(33069) Metaspace: 62367K(62592K)->62367K(62592K) NonClass: 53321K(53504K)->53321K(53504K) Class: 9046K(9088K)->9046K(9088K)
[15129.776s][info][gc             ] GC(33069) Pause Young (Allocation Failure) 601M->522M(604M) 3.466ms
[15129.776s][info][gc,cpu         ] GC(33069) User=0.01s Sys=0.00s Real=0.01s
[15130.248s][info][gc,start       ] GC(33070) Pause Young (Allocation Failure)
[15130.251s][info][gc,heap        ] GC(33070) PSYoungGen: 82912K(84480K)->656K(84480K) Eden: 81920K(81920K)->0K(81920K) From: 992K(2560K)->656K(2560K)
[15130.251s][info][gc,heap        ] GC(33070) ParOldGen: 533593K(534528K)->533641K(534528K)
[15130.251s][info][gc,metaspace   ] GC(33070) Metaspace: 62367K(62592K)->62367K(62592K) NonClass: 53321K(53504K)->53321K(53504K) Class: 9046K(9088K)->9046K(9088K)
[15130.251s][info][gc             ] GC(33070) Pause Young (Allocation Failure) 602M->521M(604M) 2.647ms
[15130.251s][info][gc,cpu         ] GC(33070) User=0.00s Sys=0.00s Real=0.00s
[15130.619s][info][gc,start       ] GC(33071) Pause Young (Allocation Failure)
[15130.623s][info][gc,heap        ] GC(33071) PSYoungGen: 82576K(84480K)->1792K(84480K) Eden: 81920K(81920K)->0K(81920K) From: 656K(2560K)->1792K(2560K)
[15130.623s][info][gc,heap        ] GC(33071) ParOldGen: 533641K(534528K)->533737K(534528K)
[15130.623s][info][gc,metaspace   ] GC(33071) Metaspace: 62367K(62592K)->62367K(62592K) NonClass: 53321K(53504K)->53321K(53504K) Class: 9046K(9088K)->9046K(9088K)
[15130.623s][info][gc             ] GC(33071) Pause Young (Allocation Failure) 601M->522M(604M) 3.825ms
[15130.623s][info][gc,cpu         ] GC(33071) User=0.01s Sys=0.00s Real=0.00s
[15131.003s][info][gc,start       ] GC(33072) Pause Young (Allocation Failure)
[15131.007s][info][gc,heap        ] GC(33072) PSYoungGen: 83712K(84480K)->1664K(84480K) Eden: 81920K(81920K)->0K(81920K) From: 1792K(2560K)->1664K(2560K)
[15131.007s][info][gc,heap        ] GC(33072) ParOldGen: 533737K(534528K)->533793K(534528K)
[15131.007s][info][gc,metaspace   ] GC(33072) Metaspace: 62367K(62592K)->62367K(62592K) NonClass: 53321K(53504K)->53321K(53504K) Class: 9046K(9088K)->9046K(9088K)
[15131.007s][info][gc             ] GC(33072) Pause Young (Allocation Failure) 602M->522M(604M) 3.807ms
[15131.007s][info][gc,cpu         ] GC(33072) User=0.01s Sys=0.00s Real=0.01s
[15131.416s][info][gc,start       ] GC(33073) Pause Young (Allocation Failure)
[15131.419s][info][gc,heap        ] GC(33073) PSYoungGen: 83584K(84480K)->1664K(84480K) Eden: 81920K(81920K)->0K(81920K) From: 1664K(2560K)->1664K(2560K)
[15131.419s][info][gc,heap        ] GC(33073) ParOldGen: 533793K(534528K)->533841K(534528K)
[15131.419s][info][gc,metaspace   ] GC(33073) Metaspace: 62367K(62592K)->62367K(62592K) NonClass: 53321K(53504K)->53321K(53504K) Class: 9046K(9088K)->9046K(9088K)
[15131.420s][info][gc             ] GC(33073) Pause Young (Allocation Failure) 602M->522M(604M) 3.652ms
[15131.420s][info][gc,cpu         ] GC(33073) User=0.01s Sys=0.00s Real=0.00s
[15131.863s][info][gc,start       ] GC(33074) Pause Young (Allocation Failure)
[15131.866s][info][gc,heap        ] GC(33074) PSYoungGen: 83584K(84480K)->800K(84480K) Eden: 81920K(81920K)->0K(81920K) From: 1664K(2560K)->800K(2560K)
[15131.866s][info][gc,heap        ] GC(33074) ParOldGen: 533841K(534528K)->533889K(534528K)
[15131.866s][info][gc,metaspace   ] GC(33074) Metaspace: 62367K(62592K)->62367K(62592K) NonClass: 53321K(53504K)->53321K(53504K) Class: 9046K(9088K)->9046K(9088K)
[15131.866s][info][gc             ] GC(33074) Pause Young (Allocation Failure) 602M->522M(604M) 2.765ms
[15131.866s][info][gc,cpu         ] GC(33074) User=0.01s Sys=0.00s Real=0.01s
[15132.293s][info][gc,start       ] GC(33075) Pause Young (Allocation Failure)
[15132.296s][info][gc,heap        ] GC(33075) PSYoungGen: 82720K(84480K)->1280K(84480K) Eden: 81920K(81920K)->0K(81920K) From: 800K(2560K)->1280K(2560K)
[15132.296s][info][gc,heap        ] GC(33075) ParOldGen: 533889K(534528K)->533945K(534528K)
[15132.296s][info][gc,metaspace   ] GC(33075) Metaspace: 62367K(62592K)->62367K(62592K) NonClass: 53321K(53504K)->53321K(53504K) Class: 9046K(9088K)->9046K(9088K)
[15132.296s][info][gc             ] GC(33075) Pause Young (Allocation Failure) 602M->522M(604M) 3.145ms
[15132.296s][info][gc,cpu         ] GC(33075) User=0.01s Sys=0.00s Real=0.00s
[15132.692s][info][gc,start       ] GC(33076) Pause Young (Allocation Failure)
[15132.695s][info][gc,heap        ] GC(33076) PSYoungGen: 83200K(84480K)->1184K(84480K) Eden: 81920K(81920K)->0K(81920K) From: 1280K(2560K)->1184K(2560K)
[15132.695s][info][gc,heap        ] GC(33076) ParOldGen: 533945K(534528K)->534001K(534528K)
[15132.695s][info][gc,metaspace   ] GC(33076) Metaspace: 62367K(62592K)->62367K(62592K) NonClass: 53321K(53504K)->53321K(53504K) Class: 9046K(9088K)->9046K(9088K)
[15132.695s][info][gc             ] GC(33076) Pause Young (Allocation Failure) 602M->522M(604M) 3.096ms
[15132.695s][info][gc,cpu         ] GC(33076) User=0.01s Sys=0.00s Real=0.00s
[15133.086s][info][gc,start       ] GC(33077) Pause Young (Allocation Failure)
[15133.089s][info][gc,heap        ] GC(33077) PSYoungGen: 83104K(84480K)->1280K(84480K) Eden: 81920K(81920K)->0K(81920K) From: 1184K(2560K)->1280K(2560K)
[15133.089s][info][gc,heap        ] GC(33077) ParOldGen: 534001K(534528K)->534057K(534528K)
[15133.089s][info][gc,metaspace   ] GC(33077) Metaspace: 62367K(62592K)->62367K(62592K) NonClass: 53321K(53504K)->53321K(53504K) Class: 9046K(9088K)->9046K(9088K)
[15133.089s][info][gc             ] GC(33077) Pause Young (Allocation Failure) 602M->522M(604M) 3.181ms
[15133.089s][info][gc,cpu         ] GC(33077) User=0.01s Sys=0.00s Real=0.00s
[15133.492s][info][gc,start       ] GC(33078) Pause Young (Allocation Failure)
[15133.495s][info][gc,heap        ] GC(33078) PSYoungGen: 83200K(84480K)->1280K(84480K) Eden: 81920K(81920K)->0K(81920K) From: 1280K(2560K)->1280K(2560K)
[15133.495s][info][gc,heap        ] GC(33078) ParOldGen: 534057K(534528K)->534113K(534528K)
[15133.495s][info][gc,metaspace   ] GC(33078) Metaspace: 62367K(62592K)->62367K(62592K) NonClass: 53321K(53504K)->53321K(53504K) Class: 9046K(9088K)->9046K(9088K)
[15133.495s][info][gc             ] GC(33078) Pause Young (Allocation Failure) 602M->522M(604M) 3.257ms
[15133.495s][info][gc,cpu         ] GC(33078) User=0.00s Sys=0.00s Real=0.00s
[15133.951s][info][gc,start       ] GC(33079) Pause Young (Allocation Failure)
[15133.954s][info][gc,heap        ] GC(33079) PSYoungGen: 83200K(84480K)->2528K(84480K) Eden: 81920K(81920K)->0K(81920K) From: 1280K(2560K)->2528K(2560K)
[15133.954s][info][gc,heap        ] GC(33079) ParOldGen: 534113K(534528K)->534273K(534528K)
[15133.954s][info][gc,metaspace   ] GC(33079) Metaspace: 62367K(62592K)->62367K(62592K) NonClass: 53321K(53504K)->53321K(53504K) Class: 9046K(9088K)->9046K(9088K)
[15133.954s][info][gc             ] GC(33079) Pause Young (Allocation Failure) 602M->524M(604M) 2.929ms
[15133.954s][info][gc,cpu         ] GC(33079) User=0.01s Sys=0.00s Real=0.00s
[15134.347s][info][gc,start       ] GC(33080) Pause Young (Allocation Failure)
[15134.350s][info][gc,heap        ] GC(33080) PSYoungGen: 84448K(84480K)->608K(84480K) Eden: 81920K(81920K)->0K(81920K) From: 2528K(2560K)->608K(2560K)
[15134.350s][info][gc,heap        ] GC(33080) ParOldGen: 534273K(534528K)->536345K(537600K)
[15134.350s][info][gc,metaspace   ] GC(33080) Metaspace: 62367K(62592K)->62367K(62592K) NonClass: 53321K(53504K)->53321K(53504K) Class: 9046K(9088K)->9046K(9088K)
[15134.350s][info][gc             ] GC(33080) Pause Young (Allocation Failure) 604M->524M(607M) 3.673ms
[15134.350s][info][gc,cpu         ] GC(33080) User=0.00s Sys=0.00s Real=0.00s
[15134.746s][info][gc,start       ] GC(33081) Pause Young (Allocation Failure)
[15134.749s][info][gc,heap        ] GC(33081) PSYoungGen: 82528K(84480K)->608K(84480K) Eden: 81920K(81920K)->0K(81920K) From: 608K(2560K)->608K(2560K)
[15134.749s][info][gc,heap        ] GC(33081) ParOldGen: 536345K(537600K)->536393K(537600K)
[15134.749s][info][gc,metaspace   ] GC(33081) Metaspace: 62367K(62592K)->62367K(62592K) NonClass: 53321K(53504K)->53321K(53504K) Class: 9046K(9088K)->9046K(9088K)
[15134.749s][info][gc             ] GC(33081) Pause Young (Allocation Failure) 604M->524M(607M) 2.647ms
[15134.749s][info][gc,cpu         ] GC(33081) User=0.01s Sys=0.00s Real=0.00s
[15135.170s][info][gc,start       ] GC(33082) Pause Young (Allocation Failure)
[15135.173s][info][gc,heap        ] GC(33082) PSYoungGen: 82528K(84480K)->960K(84480K) Eden: 81920K(81920K)->0K(81920K) From: 608K(2560K)->960K(2560K)
[15135.173s][info][gc,heap        ] GC(33082) ParOldGen: 536393K(537600K)->536441K(537600K)
[15135.173s][info][gc,metaspace   ] GC(33082) Metaspace: 62367K(62592K)->62367K(62592K) NonClass: 53321K(53504K)->53321K(53504K) Class: 9046K(9088K)->9046K(9088K)
[15135.173s][info][gc             ] GC(33082) Pause Young (Allocation Failure) 604M->524M(607M) 2.972ms
[15135.173s][info][gc,cpu         ] GC(33082) User=0.01s Sys=0.00s Real=0.00s
[15135.584s][info][gc,start       ] GC(33083) Pause Young (Allocation Failure)
[15135.587s][info][gc,heap        ] GC(33083) PSYoungGen: 82880K(84480K)->1216K(84480K) Eden: 81920K(81920K)->0K(81920K) From: 960K(2560K)->1216K(2560K)
[15135.587s][info][gc,heap        ] GC(33083) ParOldGen: 536441K(537600K)->536497K(537600K)
[15135.587s][info][gc,metaspace   ] GC(33083) Metaspace: 62367K(62592K)->62367K(62592K) NonClass: 53321K(53504K)->53321K(53504K) Class: 9046K(9088K)->9046K(9088K)
[15135.587s][info][gc             ] GC(33083) Pause Young (Allocation Failure) 604M->525M(607M) 3.084ms
[15135.587s][info][gc,cpu         ] GC(33083) User=0.00s Sys=0.00s Real=0.01s
[15135.989s][info][gc,start       ] GC(33084) Pause Young (Allocation Failure)
[15135.992s][info][gc,heap        ] GC(33084) PSYoungGen: 83136K(84480K)->1248K(84480K) Eden: 81920K(81920K)->0K(81920K) From: 1216K(2560K)->1248K(2560K)
[15135.992s][info][gc,heap        ] GC(33084) ParOldGen: 536497K(537600K)->536553K(537600K)
[15135.992s][info][gc,metaspace   ] GC(33084) Metaspace: 62367K(62592K)->62367K(62592K) NonClass: 53321K(53504K)->53321K(53504K) Class: 9046K(9088K)->9046K(9088K)
[15135.992s][info][gc             ] GC(33084) Pause Young (Allocation Failure) 605M->525M(607M) 3.142ms
[15135.992s][info][gc,cpu         ] GC(33084) User=0.01s Sys=0.00s Real=0.00s
[15136.389s][info][gc,start       ] GC(33085) Pause Young (Allocation Failure)
[15136.392s][info][gc,heap        ] GC(33085) PSYoungGen: 83168K(84480K)->1248K(84480K) Eden: 81920K(81920K)->0K(81920K) From: 1248K(2560K)->1248K(2560K)
[15136.392s][info][gc,heap        ] GC(33085) ParOldGen: 536553K(537600K)->536601K(537600K)
[15136.392s][info][gc,metaspace   ] GC(33085) Metaspace: 62367K(62592K)->62367K(62592K) NonClass: 53321K(53504K)->53321K(53504K) Class: 9046K(9088K)->9046K(9088K)
[15136.392s][info][gc             ] GC(33085) Pause Young (Allocation Failure) 605M->525M(607M) 3.144ms
[15136.392s][info][gc,cpu         ] GC(33085) User=0.01s Sys=0.00s Real=0.00s
[15136.780s][info][gc,start       ] GC(33086) Pause Young (Allocation Failure)
[15136.782s][info][gc,heap        ] GC(33086) PSYoungGen: 83168K(84480K)->1056K(84480K) Eden: 81920K(81920K)->0K(81920K) From: 1248K(2560K)->1056K(2560K)
[15136.782s][info][gc,heap        ] GC(33086) ParOldGen: 536601K(537600K)->536649K(537600K)
[15136.782s][info][gc,metaspace   ] GC(33086) Metaspace: 62367K(62592K)->62367K(62592K) NonClass: 53321K(53504K)->53321K(53504K) Class: 9046K(9088K)->9046K(9088K)
[15136.783s][info][gc             ] GC(33086) Pause Young (Allocation Failure) 605M->525M(607M) 2.996ms
[15136.783s][info][gc,cpu         ] GC(33086) User=0.01s Sys=0.00s Real=0.00s
[15137.218s][info][gc,start       ] GC(33087) Pause Young (Allocation Failure)
[15137.222s][info][gc,heap        ] GC(33087) PSYoungGen: 82976K(84480K)->1712K(84480K) Eden: 81920K(81920K)->0K(81920K) From: 1056K(2560K)->1712K(2560K)
[15137.222s][info][gc,heap        ] GC(33087) ParOldGen: 536649K(537600K)->536705K(537600K)
[15137.222s][info][gc,metaspace   ] GC(33087) Metaspace: 62367K(62592K)->62367K(62592K) NonClass: 53321K(53504K)->53321K(53504K) Class: 9046K(9088K)->9046K(9088K)
[15137.222s][info][gc             ] GC(33087) Pause Young (Allocation Failure) 605M->525M(607M) 3.522ms
[15137.222s][info][gc,cpu         ] GC(33087) User=0.01s Sys=0.00s Real=0.00s
[15137.623s][info][gc,start       ] GC(33088) Pause Young (Allocation Failure)
[15137.625s][info][gc,heap        ] GC(33088) PSYoungGen: 83632K(84480K)->224K(84480K) Eden: 81920K(81920K)->0K(81920K) From: 1712K(2560K)->224K(2560K)
[15137.625s][info][gc,heap        ] GC(33088) ParOldGen: 536705K(537600K)->536809K(537600K)
[15137.625s][info][gc,metaspace   ] GC(33088) Metaspace: 62367K(62592K)->62367K(62592K) NonClass: 53321K(53504K)->53321K(53504K) Class: 9046K(9088K)->9046K(9088K)
[15137.625s][info][gc             ] GC(33088) Pause Young (Allocation Failure) 605M->524M(607M) 2.361ms
[15137.625s][info][gc,cpu         ] GC(33088) User=0.01s Sys=0.00s Real=0.00s
[15138.064s][info][gc,start       ] GC(33089) Pause Young (Allocation Failure)
[15138.068s][info][gc,heap        ] GC(33089) PSYoungGen: 82144K(84480K)->1792K(84480K) Eden: 81920K(81920K)->0K(81920K) From: 224K(2560K)->1792K(2560K)
[15138.068s][info][gc,heap        ] GC(33089) ParOldGen: 536809K(537600K)->537881K(539136K)
[15138.068s][info][gc,metaspace   ] GC(33089) Metaspace: 62367K(62592K)->62367K(62592K) NonClass: 53321K(53504K)->53321K(53504K) Class: 9046K(9088K)->9046K(9088K)
[15138.068s][info][gc             ] GC(33089) Pause Young (Allocation Failure) 604M->527M(609M) 3.467ms
[15138.068s][info][gc,cpu         ] GC(33089) User=0.00s Sys=0.00s Real=0.01s
[15138.485s][info][gc,start       ] GC(33090) Pause Young (Allocation Failure)
[15138.489s][info][gc,heap        ] GC(33090) PSYoungGen: 83712K(84480K)->1248K(84480K) Eden: 81920K(81920K)->0K(81920K) From: 1792K(2560K)->1248K(2560K)
[15138.489s][info][gc,heap        ] GC(33090) ParOldGen: 537881K(539136K)->539985K(540672K)
[15138.489s][info][gc,metaspace   ] GC(33090) Metaspace: 62367K(62592K)->62367K(62592K) NonClass: 53321K(53504K)->53321K(53504K) Class: 9046K(9088K)->9046K(9088K)
[15138.489s][info][gc             ] GC(33090) Pause Young (Allocation Failure) 607M->528M(610M) 4.231ms
[15138.489s][info][gc,cpu         ] GC(33090) User=0.00s Sys=0.00s Real=0.01s
[15138.876s][info][gc,start       ] GC(33091) Pause Young (Allocation Failure)
[15138.879s][info][gc,heap        ] GC(33091) PSYoungGen: 83168K(84480K)->1120K(84480K) Eden: 81920K(81920K)->0K(81920K) From: 1248K(2560K)->1120K(2560K)
[15138.879s][info][gc,heap        ] GC(33091) ParOldGen: 539985K(540672K)->540041K(540672K)
[15138.879s][info][gc,metaspace   ] GC(33091) Metaspace: 62367K(62592K)->62367K(62592K) NonClass: 53321K(53504K)->53321K(53504K) Class: 9046K(9088K)->9046K(9088K)
[15138.879s][info][gc             ] GC(33091) Pause Young (Allocation Failure) 608M->528M(610M) 3.075ms
[15138.879s][info][gc,cpu         ] GC(33091) User=0.01s Sys=0.00s Real=0.01s
[15139.270s][info][gc,start       ] GC(33092) Pause Young (Allocation Failure)
[15139.273s][info][gc,heap        ] GC(33092) PSYoungGen: 83040K(84480K)->960K(84480K) Eden: 81920K(81920K)->0K(81920K) From: 1120K(2560K)->960K(2560K)
[15139.273s][info][gc,heap        ] GC(33092) ParOldGen: 540041K(540672K)->540097K(540672K)
[15139.273s][info][gc,metaspace   ] GC(33092) Metaspace: 62367K(62592K)->62367K(62592K) NonClass: 53321K(53504K)->53321K(53504K) Class: 9046K(9088K)->9046K(9088K)
[15139.273s][info][gc             ] GC(33092) Pause Young (Allocation Failure) 608M->528M(610M) 2.947ms
[15139.273s][info][gc,cpu         ] GC(33092) User=0.00s Sys=0.00s Real=0.00s
[15139.675s][info][gc,start       ] GC(33093) Pause Young (Allocation Failure)
[15139.678s][info][gc,heap        ] GC(33093) PSYoungGen: 82880K(84480K)->896K(84480K) Eden: 81920K(81920K)->0K(81920K) From: 960K(2560K)->896K(2560K)
[15139.678s][info][gc,heap        ] GC(33093) ParOldGen: 540097K(540672K)->540145K(540672K)
[15139.678s][info][gc,metaspace   ] GC(33093) Metaspace: 62367K(62592K)->62367K(62592K) NonClass: 53321K(53504K)->53321K(53504K) Class: 9046K(9088K)->9046K(9088K)
[15139.678s][info][gc             ] GC(33093) Pause Young (Allocation Failure) 608M->528M(610M) 2.700ms
[15139.678s][info][gc,cpu         ] GC(33093) User=0.01s Sys=0.00s Real=0.01s
[15140.081s][info][gc,start       ] GC(33094) Pause Young (Allocation Failure)
[15140.084s][info][gc,heap        ] GC(33094) PSYoungGen: 82816K(84480K)->1088K(84992K) Eden: 81920K(81920K)->0K(82432K) From: 896K(2560K)->1088K(2560K)
[15140.084s][info][gc,heap        ] GC(33094) ParOldGen: 540145K(540672K)->540201K(540672K)
[15140.084s][info][gc,metaspace   ] GC(33094) Metaspace: 62367K(62592K)->62367K(62592K) NonClass: 53321K(53504K)->53321K(53504K) Class: 9046K(9088K)->9046K(9088K)
[15140.084s][info][gc             ] GC(33094) Pause Young (Allocation Failure) 608M->528M(611M) 3.017ms
[15140.084s][info][gc,cpu         ] GC(33094) User=0.01s Sys=0.00s Real=0.00s
[15140.474s][info][gc,start       ] GC(33095) Pause Young (Allocation Failure)
[15140.477s][info][gc,heap        ] GC(33095) PSYoungGen: 83520K(84992K)->1024K(84480K) Eden: 82432K(82432K)->0K(82432K) From: 1088K(2560K)->1024K(2048K)
[15140.477s][info][gc,heap        ] GC(33095) ParOldGen: 540201K(540672K)->540249K(540672K)
[15140.477s][info][gc,metaspace   ] GC(33095) Metaspace: 62367K(62592K)->62367K(62592K) NonClass: 53321K(53504K)->53321K(53504K) Class: 9046K(9088K)->9046K(9088K)
[15140.477s][info][gc             ] GC(33095) Pause Young (Allocation Failure) 609M->528M(610M) 3.012ms
[15140.477s][info][gc,cpu         ] GC(33095) User=0.01s Sys=0.00s Real=0.01s
[15140.862s][info][gc,start       ] GC(33096) Pause Young (Allocation Failure)
[15140.865s][info][gc,heap        ] GC(33096) PSYoungGen: 83456K(84480K)->832K(84992K) Eden: 82432K(82432K)->0K(82944K) From: 1024K(2048K)->832K(2048K)
[15140.865s][info][gc,heap        ] GC(33096) ParOldGen: 540249K(540672K)->540305K(540672K)
[15140.865s][info][gc,metaspace   ] GC(33096) Metaspace: 62367K(62592K)->62367K(62592K) NonClass: 53321K(53504K)->53321K(53504K) Class: 9046K(9088K)->9046K(9088K)
[15140.865s][info][gc             ] GC(33096) Pause Young (Allocation Failure) 609M->528M(611M) 2.880ms
[15140.865s][info][gc,cpu         ] GC(33096) User=0.01s Sys=0.00s Real=0.00s
[15141.293s][info][gc,start       ] GC(33097) Pause Young (Allocation Failure)
[15141.296s][info][gc,heap        ] GC(33097) PSYoungGen: 83776K(84992K)->1184K(84992K) Eden: 82944K(82944K)->0K(82944K) From: 832K(2048K)->1184K(2048K)
[15141.296s][info][gc,heap        ] GC(33097) ParOldGen: 540305K(540672K)->540361K(540672K)
[15141.296s][info][gc,metaspace   ] GC(33097) Metaspace: 62367K(62592K)->62367K(62592K) NonClass: 53321K(53504K)->53321K(53504K) Class: 9046K(9088K)->9046K(9088K)
[15141.296s][info][gc             ] GC(33097) Pause Young (Allocation Failure) 609M->528M(611M) 3.110ms
[15141.296s][info][gc,cpu         ] GC(33097) User=0.00s Sys=0.00s Real=0.01s
[15141.704s][info][gc,start       ] GC(33098) Pause Young (Allocation Failure)
[15141.707s][info][gc,heap        ] GC(33098) PSYoungGen: 84128K(84992K)->1504K(84992K) Eden: 82944K(82944K)->0K(82944K) From: 1184K(2048K)->1504K(2048K)
[15141.707s][info][gc,heap        ] GC(33098) ParOldGen: 540361K(540672K)->540417K(540672K)
[15141.707s][info][gc,metaspace   ] GC(33098) Metaspace: 62367K(62592K)->62367K(62592K) NonClass: 53321K(53504K)->53321K(53504K) Class: 9046K(9088K)->9046K(9088K)
[15141.707s][info][gc             ] GC(33098) Pause Young (Allocation Failure) 609M->529M(611M) 3.369ms
[15141.707s][info][gc,cpu         ] GC(33098) User=0.01s Sys=0.00s Real=0.01s
[15142.110s][info][gc,start       ] GC(33099) Pause Young (Allocation Failure)
[15142.113s][info][gc,heap        ] GC(33099) PSYoungGen: 84448K(84992K)->1568K(84992K) Eden: 82944K(82944K)->0K(82944K) From: 1504K(2048K)->1568K(2048K)
[15142.113s][info][gc,heap        ] GC(33099) ParOldGen: 540417K(540672K)->540465K(540672K)
[15142.113s][info][gc,metaspace   ] GC(33099) Metaspace: 62367K(62592K)->62367K(62592K) NonClass: 53321K(53504K)->53321K(53504K) Class: 9046K(9088K)->9046K(9088K)
[15142.113s][info][gc             ] GC(33099) Pause Young (Allocation Failure) 610M->529M(611M) 3.435ms
[15142.113s][info][gc,cpu         ] GC(33099) User=0.00s Sys=0.00s Real=0.00s
[15142.498s][info][gc,start       ] GC(33100) Pause Young (Allocation Failure)
[15142.502s][info][gc,heap        ] GC(33100) PSYoungGen: 84512K(84992K)->1568K(83968K) Eden: 82944K(82944K)->0K(81920K) From: 1568K(2048K)->1568K(2048K)
[15142.502s][info][gc,heap        ] GC(33100) ParOldGen: 540465K(540672K)->542569K(543744K)
[15142.502s][info][gc,metaspace   ] GC(33100) Metaspace: 62367K(62592K)->62367K(62592K) NonClass: 53321K(53504K)->53321K(53504K) Class: 9046K(9088K)->9046K(9088K)
[15142.502s][info][gc             ] GC(33100) Pause Young (Allocation Failure) 610M->531M(613M) 4.500ms
[15142.502s][info][gc,cpu         ] GC(33100) User=0.01s Sys=0.01s Real=0.00s
[15142.901s][info][gc,start       ] GC(33101) Pause Young (Allocation Failure)
[15142.905s][info][gc,heap        ] GC(33101) PSYoungGen: 83488K(83968K)->1536K(84480K) Eden: 81920K(81920K)->0K(81920K) From: 1568K(2048K)->1536K(2560K)
[15142.905s][info][gc,heap        ] GC(33101) ParOldGen: 542569K(543744K)->542625K(543744K)
[15142.905s][info][gc,metaspace   ] GC(33101) Metaspace: 62367K(62592K)->62367K(62592K) NonClass: 53321K(53504K)->53321K(53504K) Class: 9046K(9088K)->9046K(9088K)
[15142.905s][info][gc             ] GC(33101) Pause Young (Allocation Failure) 611M->531M(613M) 3.337ms
[15142.905s][info][gc,cpu         ] GC(33101) User=0.01s Sys=0.00s Real=0.00s
[15143.297s][info][gc,start       ] GC(33102) Pause Young (Allocation Failure)
[15143.301s][info][gc,heap        ] GC(33102) PSYoungGen: 83456K(84480K)->1248K(84992K) Eden: 81920K(81920K)->0K(82432K) From: 1536K(2560K)->1248K(2560K)
[15143.301s][info][gc,heap        ] GC(33102) ParOldGen: 542625K(543744K)->542681K(543744K)
[15143.301s][info][gc,metaspace   ] GC(33102) Metaspace: 62367K(62592K)->62367K(62592K) NonClass: 53321K(53504K)->53321K(53504K) Class: 9046K(9088K)->9046K(9088K)
[15143.301s][info][gc             ] GC(33102) Pause Young (Allocation Failure) 611M->531M(614M) 3.168ms
[15143.301s][info][gc,cpu         ] GC(33102) User=0.01s Sys=0.00s Real=0.00s
[15143.717s][info][gc,start       ] GC(33103) Pause Young (Allocation Failure)
[15143.721s][info][gc,heap        ] GC(33103) PSYoungGen: 83680K(84992K)->1728K(84480K) Eden: 82432K(82432K)->0K(82432K) From: 1248K(2560K)->1728K(2048K)
[15143.721s][info][gc,heap        ] GC(33103) ParOldGen: 542681K(543744K)->542745K(543744K)
[15143.721s][info][gc,metaspace   ] GC(33103) Metaspace: 62367K(62592K)->62367K(62592K) NonClass: 53321K(53504K)->53321K(53504K) Class: 9046K(9088K)->9046K(9088K)
[15143.721s][info][gc             ] GC(33103) Pause Young (Allocation Failure) 611M->531M(613M) 3.636ms
[15143.721s][info][gc,cpu         ] GC(33103) User=0.01s Sys=0.01s Real=0.00s
[15144.174s][info][gc,start       ] GC(33104) Pause Young (Allocation Failure)
[15144.176s][info][gc,heap        ] GC(33104) PSYoungGen: 84160K(84480K)->960K(84480K) Eden: 82432K(82432K)->0K(81920K) From: 1728K(2048K)->960K(2560K)
[15144.176s][info][gc,heap        ] GC(33104) ParOldGen: 542745K(543744K)->542801K(543744K)
[15144.176s][info][gc,metaspace   ] GC(33104) Metaspace: 62367K(62592K)->62367K(62592K) NonClass: 53321K(53504K)->53321K(53504K) Class: 9046K(9088K)->9046K(9088K)
[15144.177s][info][gc             ] GC(33104) Pause Young (Allocation Failure) 612M->531M(613M) 2.891ms
[15144.177s][info][gc,cpu         ] GC(33104) User=0.01s Sys=0.00s Real=0.01s
[15144.571s][info][gc,start       ] GC(33105) Pause Young (Allocation Failure)
[15144.574s][info][gc,heap        ] GC(33105) PSYoungGen: 82880K(84480K)->960K(84480K) Eden: 81920K(81920K)->0K(81920K) From: 960K(2560K)->960K(2560K)
[15144.574s][info][gc,heap        ] GC(33105) ParOldGen: 542801K(543744K)->542905K(543744K)
[15144.574s][info][gc,metaspace   ] GC(33105) Metaspace: 62367K(62592K)->62367K(62592K) NonClass: 53321K(53504K)->53321K(53504K) Class: 9046K(9088K)->9046K(9088K)
[15144.574s][info][gc             ] GC(33105) Pause Young (Allocation Failure) 611M->531M(613M) 3.007ms
[15144.574s][info][gc,cpu         ] GC(33105) User=0.01s Sys=0.00s Real=0.00s
[15144.978s][info][gc,start       ] GC(33106) Pause Young (Allocation Failure)
[15144.981s][info][gc,heap        ] GC(33106) PSYoungGen: 82880K(84480K)->1088K(84992K) Eden: 81920K(81920K)->0K(82432K) From: 960K(2560K)->1088K(2560K)
[15144.981s][info][gc,heap        ] GC(33106) ParOldGen: 542905K(543744K)->542961K(543744K)
[15144.981s][info][gc,metaspace   ] GC(33106) Metaspace: 62367K(62592K)->62367K(62592K) NonClass: 53321K(53504K)->53321K(53504K) Class: 9046K(9088K)->9046K(9088K)
[15144.981s][info][gc             ] GC(33106) Pause Young (Allocation Failure) 611M->531M(614M) 2.976ms
[15144.981s][info][gc,cpu         ] GC(33106) User=0.00s Sys=0.00s Real=0.00s
[15145.377s][info][gc,start       ] GC(33107) Pause Young (Allocation Failure)
[15145.380s][info][gc,heap        ] GC(33107) PSYoungGen: 83520K(84992K)->1056K(84480K) Eden: 82432K(82432K)->0K(82432K) From: 1088K(2560K)->1056K(2048K)
[15145.380s][info][gc,heap        ] GC(33107) ParOldGen: 542961K(543744K)->543017K(543744K)
[15145.380s][info][gc,metaspace   ] GC(33107) Metaspace: 62367K(62592K)->62367K(62592K) NonClass: 53321K(53504K)->53321K(53504K) Class: 9046K(9088K)->9046K(9088K)
[15145.380s][info][gc             ] GC(33107) Pause Young (Allocation Failure) 611M->531M(613M) 3.022ms
[15145.380s][info][gc,cpu         ] GC(33107) User=0.00s Sys=0.00s Real=0.00s
[15145.773s][info][gc,start       ] GC(33108) Pause Young (Allocation Failure)
[15145.776s][info][gc,heap        ] GC(33108) PSYoungGen: 83488K(84480K)->1088K(84992K) Eden: 82432K(82432K)->0K(82944K) From: 1056K(2048K)->1088K(2048K)
[15145.776s][info][gc,heap        ] GC(33108) ParOldGen: 543017K(543744K)->543073K(543744K)
[15145.776s][info][gc,metaspace   ] GC(33108) Metaspace: 62367K(62592K)->62367K(62592K) NonClass: 53321K(53504K)->53321K(53504K) Class: 9046K(9088K)->9046K(9088K)
[15145.776s][info][gc             ] GC(33108) Pause Young (Allocation Failure) 611M->531M(614M) 2.975ms
[15145.776s][info][gc,cpu         ] GC(33108) User=0.01s Sys=0.00s Real=0.01s
[15146.181s][info][gc,start       ] GC(33109) Pause Young (Allocation Failure)
[15146.184s][info][gc,heap        ] GC(33109) PSYoungGen: 84032K(84992K)->1120K(84992K) Eden: 82944K(82944K)->0K(82944K) From: 1088K(2048K)->1120K(2048K)
[15146.184s][info][gc,heap        ] GC(33109) ParOldGen: 543073K(543744K)->543121K(543744K)
[15146.184s][info][gc,metaspace   ] GC(33109) Metaspace: 62367K(62592K)->62367K(62592K) NonClass: 53321K(53504K)->53321K(53504K) Class: 9046K(9088K)->9046K(9088K)
[15146.184s][info][gc             ] GC(33109) Pause Young (Allocation Failure) 612M->531M(614M) 3.198ms
[15146.184s][info][gc,cpu         ] GC(33109) User=0.00s Sys=0.00s Real=0.00s
[15146.590s][info][gc,start       ] GC(33110) Pause Young (Allocation Failure)
[15146.594s][info][gc,heap        ] GC(33110) PSYoungGen: 84064K(84992K)->2016K(83968K) Eden: 82944K(82944K)->0K(81920K) From: 1120K(2048K)->2016K(2048K)
[15146.594s][info][gc,heap        ] GC(33110) ParOldGen: 543121K(543744K)->543409K(543744K)
[15146.594s][info][gc,metaspace   ] GC(33110) Metaspace: 62367K(62592K)->62367K(62592K) NonClass: 53321K(53504K)->53321K(53504K) Class: 9046K(9088K)->9046K(9088K)
[15146.594s][info][gc             ] GC(33110) Pause Young (Allocation Failure) 612M->532M(613M) 3.462ms
[15146.594s][info][gc,cpu         ] GC(33110) User=0.01s Sys=0.00s Real=0.00s
[15146.954s][info][gc,start       ] GC(33111) Pause Young (Allocation Failure)
[15146.958s][info][gc,heap        ] GC(33111) PSYoungGen: 83936K(83968K)->800K(84480K) Eden: 81920K(81920K)->0K(81920K) From: 2016K(2048K)->800K(2560K)
[15146.958s][info][gc,heap        ] GC(33111) ParOldGen: 543409K(543744K)->545489K(546816K)
[15146.958s][info][gc,metaspace   ] GC(33111) Metaspace: 62367K(62592K)->62367K(62592K) NonClass: 53321K(53504K)->53321K(53504K) Class: 9046K(9088K)->9046K(9088K)
[15146.958s][info][gc             ] GC(33111) Pause Young (Allocation Failure) 612M->533M(616M) 3.841ms
[15146.958s][info][gc,cpu         ] GC(33111) User=0.00s Sys=0.00s Real=0.01s
[15147.384s][info][gc,start       ] GC(33112) Pause Young (Allocation Failure)
[15147.388s][info][gc,heap        ] GC(33112) PSYoungGen: 82720K(84480K)->1056K(84480K) Eden: 81920K(81920K)->0K(81920K) From: 800K(2560K)->1056K(2560K)
[15147.388s][info][gc,heap        ] GC(33112) ParOldGen: 545489K(546816K)->545561K(546816K)
[15147.388s][info][gc,metaspace   ] GC(33112) Metaspace: 62367K(62592K)->62367K(62592K) NonClass: 53321K(53504K)->53321K(53504K) Class: 9046K(9088K)->9046K(9088K)
[15147.388s][info][gc             ] GC(33112) Pause Young (Allocation Failure) 613M->533M(616M) 3.191ms
[15147.388s][info][gc,cpu         ] GC(33112) User=0.01s Sys=0.00s Real=0.01s
[15147.826s][info][gc,start       ] GC(33113) Pause Young (Allocation Failure)
[15147.828s][info][gc,heap        ] GC(33113) PSYoungGen: 82976K(84480K)->256K(84480K) Eden: 81920K(81920K)->0K(81920K) From: 1056K(2560K)->256K(2560K)
[15147.828s][info][gc,heap        ] GC(33113) ParOldGen: 545561K(546816K)->545617K(546816K)
[15147.828s][info][gc,metaspace   ] GC(33113) Metaspace: 62367K(62592K)->62367K(62592K) NonClass: 53321K(53504K)->53321K(53504K) Class: 9046K(9088K)->9046K(9088K)
[15147.828s][info][gc             ] GC(33113) Pause Young (Allocation Failure) 613M->533M(616M) 2.416ms
[15147.828s][info][gc,cpu         ] GC(33113) User=0.01s Sys=0.00s Real=0.01s
[15148.273s][info][gc,start       ] GC(33114) Pause Young (Allocation Failure)
[15148.276s][info][gc,heap        ] GC(33114) PSYoungGen: 82176K(84480K)->800K(84480K) Eden: 81920K(81920K)->0K(81920K) From: 256K(2560K)->800K(2560K)
[15148.276s][info][gc,heap        ] GC(33114) ParOldGen: 545617K(546816K)->545673K(546816K)
[15148.276s][info][gc,metaspace   ] GC(33114) Metaspace: 62367K(62592K)->62367K(62592K) NonClass: 53321K(53504K)->53321K(53504K) Class: 9046K(9088K)->9046K(9088K)
[15148.276s][info][gc             ] GC(33114) Pause Young (Allocation Failure) 613M->533M(616M) 2.826ms
[15148.276s][info][gc,cpu         ] GC(33114) User=0.01s Sys=0.01s Real=0.00s
[15148.721s][info][gc,start       ] GC(33115) Pause Young (Allocation Failure)
[15148.724s][info][gc,heap        ] GC(33115) PSYoungGen: 82720K(84480K)->1760K(84480K) Eden: 81920K(81920K)->0K(81920K) From: 800K(2560K)->1760K(2560K)
[15148.724s][info][gc,heap        ] GC(33115) ParOldGen: 545673K(546816K)->545729K(546816K)
[15148.724s][info][gc,metaspace   ] GC(33115) Metaspace: 62367K(62592K)->62367K(62592K) NonClass: 53321K(53504K)->53321K(53504K) Class: 9046K(9088K)->9046K(9088K)
[15148.724s][info][gc             ] GC(33115) Pause Young (Allocation Failure) 613M->534M(616M) 3.546ms
[15148.724s][info][gc,cpu         ] GC(33115) User=0.01s Sys=0.00s Real=0.00s
[15149.139s][info][gc,start       ] GC(33116) Pause Young (Allocation Failure)
[15149.142s][info][gc,heap        ] GC(33116) PSYoungGen: 83680K(84480K)->448K(84480K) Eden: 81920K(81920K)->0K(81920K) From: 1760K(2560K)->448K(2560K)
[15149.142s][info][gc,heap        ] GC(33116) ParOldGen: 545729K(546816K)->545785K(546816K)
[15149.142s][info][gc,metaspace   ] GC(33116) Metaspace: 62367K(62592K)->62367K(62592K) NonClass: 53321K(53504K)->53321K(53504K) Class: 9046K(9088K)->9046K(9088K)
[15149.142s][info][gc             ] GC(33116) Pause Young (Allocation Failure) 614M->533M(616M) 2.702ms
[15149.142s][info][gc,cpu         ] GC(33116) User=0.00s Sys=0.00s Real=0.00s
[15149.569s][info][gc,start       ] GC(33117) Pause Young (Allocation Failure)
[15149.571s][info][gc,heap        ] GC(33117) PSYoungGen: 82368K(84480K)->928K(84480K) Eden: 81920K(81920K)->0K(81920K) From: 448K(2560K)->928K(2560K)
[15149.571s][info][gc,heap        ] GC(33117) ParOldGen: 545785K(546816K)->545841K(546816K)
[15149.571s][info][gc,metaspace   ] GC(33117) Metaspace: 62367K(62592K)->62367K(62592K) NonClass: 53321K(53504K)->53321K(53504K) Class: 9046K(9088K)->9046K(9088K)
[15149.571s][info][gc             ] GC(33117) Pause Young (Allocation Failure) 613M->533M(616M) 2.798ms
[15149.571s][info][gc,cpu         ] GC(33117) User=0.00s Sys=0.00s Real=0.00s
[15149.992s][info][gc,start       ] GC(33118) Pause Young (Allocation Failure)
[15149.995s][info][gc,heap        ] GC(33118) PSYoungGen: 82848K(84480K)->1248K(84480K) Eden: 81920K(81920K)->0K(81920K) From: 928K(2560K)->1248K(2560K)
[15149.995s][info][gc,heap        ] GC(33118) ParOldGen: 545841K(546816K)->545889K(546816K)
[15149.995s][info][gc,metaspace   ] GC(33118) Metaspace: 62367K(62592K)->62367K(62592K) NonClass: 53321K(53504K)->53321K(53504K) Class: 9046K(9088K)->9046K(9088K)
[15149.995s][info][gc             ] GC(33118) Pause Young (Allocation Failure) 613M->534M(616M) 3.249ms
[15149.995s][info][gc,cpu         ] GC(33118) User=0.01s Sys=0.00s Real=0.00s
[15150.411s][info][gc,start       ] GC(33119) Pause Young (Allocation Failure)
[15150.414s][info][gc,heap        ] GC(33119) PSYoungGen: 83168K(84480K)->1568K(84480K) Eden: 81920K(81920K)->0K(81920K) From: 1248K(2560K)->1568K(2560K)
[15150.414s][info][gc,heap        ] GC(33119) ParOldGen: 545889K(546816K)->545945K(546816K)
[15150.414s][info][gc,metaspace   ] GC(33119) Metaspace: 62367K(62592K)->62367K(62592K) NonClass: 53321K(53504K)->53321K(53504K) Class: 9046K(9088K)->9046K(9088K)
[15150.414s][info][gc             ] GC(33119) Pause Young (Allocation Failure) 614M->534M(616M) 3.489ms
[15150.414s][info][gc,cpu         ] GC(33119) User=0.00s Sys=0.00s Real=0.00s
[15150.828s][info][gc,start       ] GC(33120) Pause Young (Allocation Failure)
[15150.830s][info][gc,heap        ] GC(33120) PSYoungGen: 83488K(84480K)->288K(84480K) Eden: 81920K(81920K)->0K(81920K) From: 1568K(2560K)->288K(2560K)
[15150.830s][info][gc,heap        ] GC(33120) ParOldGen: 545945K(546816K)->546001K(546816K)
[15150.830s][info][gc,metaspace   ] GC(33120) Metaspace: 62367K(62592K)->62367K(62592K) NonClass: 53321K(53504K)->53321K(53504K) Class: 9046K(9088K)->9046K(9088K)
[15150.830s][info][gc             ] GC(33120) Pause Young (Allocation Failure) 614M->533M(616M) 2.554ms
[15150.830s][info][gc,cpu         ] GC(33120) User=0.00s Sys=0.00s Real=0.00s
[15151.278s][info][gc,start       ] GC(33121) Pause Young (Allocation Failure)
[15151.281s][info][gc,heap        ] GC(33121) PSYoungGen: 82208K(84480K)->2112K(84480K) Eden: 81920K(81920K)->0K(81920K) From: 288K(2560K)->2112K(2560K)
[15151.281s][info][gc,heap        ] GC(33121) ParOldGen: 546001K(546816K)->546057K(546816K)
[15151.281s][info][gc,metaspace   ] GC(33121) Metaspace: 62367K(62592K)->62367K(62592K) NonClass: 53321K(53504K)->53321K(53504K) Class: 9046K(9088K)->9046K(9088K)
[15151.281s][info][gc             ] GC(33121) Pause Young (Allocation Failure) 613M->535M(616M) 3.171ms
[15151.281s][info][gc,cpu         ] GC(33121) User=0.01s Sys=0.00s Real=0.00s
[15151.705s][info][gc,start       ] GC(33122) Pause Young (Allocation Failure)
[15151.709s][info][gc,heap        ] GC(33122) PSYoungGen: 84032K(84480K)->1440K(84480K) Eden: 81920K(81920K)->0K(81920K) From: 2112K(2560K)->1440K(2560K)
[15151.709s][info][gc,heap        ] GC(33122) ParOldGen: 546057K(546816K)->547185K(548352K)
[15151.709s][info][gc,metaspace   ] GC(33122) Metaspace: 62367K(62592K)->62367K(62592K) NonClass: 53321K(53504K)->53321K(53504K) Class: 9046K(9088K)->9046K(9088K)
[15151.709s][info][gc             ] GC(33122) Pause Young (Allocation Failure) 615M->535M(618M) 3.892ms
[15151.709s][info][gc,cpu         ] GC(33122) User=0.01s Sys=0.00s Real=0.01s
[15152.134s][info][gc,start       ] GC(33123) Pause Young (Allocation Failure)
[15152.136s][info][gc,heap        ] GC(33123) PSYoungGen: 83360K(84480K)->384K(84480K) Eden: 81920K(81920K)->0K(81920K) From: 1440K(2560K)->384K(2560K)
[15152.136s][info][gc,heap        ] GC(33123) ParOldGen: 547185K(548352K)->547241K(548352K)
[15152.136s][info][gc,metaspace   ] GC(33123) Metaspace: 62367K(62592K)->62367K(62592K) NonClass: 53321K(53504K)->53321K(53504K) Class: 9046K(9088K)->9046K(9088K)
[15152.136s][info][gc             ] GC(33123) Pause Young (Allocation Failure) 615M->534M(618M) 2.431ms
[15152.136s][info][gc,cpu         ] GC(33123) User=0.01s Sys=0.00s Real=0.01s
[15152.509s][info][gc,start       ] GC(33124) Pause Young (Allocation Failure)
[15152.513s][info][gc,heap        ] GC(33124) PSYoungGen: 82304K(84480K)->1632K(84480K) Eden: 81920K(81920K)->0K(81920K) From: 384K(2560K)->1632K(2560K)
[15152.513s][info][gc,heap        ] GC(33124) ParOldGen: 547241K(548352K)->547289K(548352K)
[15152.513s][info][gc,metaspace   ] GC(33124) Metaspace: 62367K(62592K)->62367K(62592K) NonClass: 53321K(53504K)->53321K(53504K) Class: 9046K(9088K)->9046K(9088K)
[15152.513s][info][gc             ] GC(33124) Pause Young (Allocation Failure) 614M->536M(618M) 3.669ms
[15152.513s][info][gc,cpu         ] GC(33124) User=0.01s Sys=0.00s Real=0.00s
[15152.904s][info][gc,start       ] GC(33125) Pause Young (Allocation Failure)
[15152.907s][info][gc,heap        ] GC(33125) PSYoungGen: 83552K(84480K)->1600K(83968K) Eden: 81920K(81920K)->0K(81920K) From: 1632K(2560K)->1600K(2048K)
[15152.907s][info][gc,heap        ] GC(33125) ParOldGen: 547289K(548352K)->547345K(548352K)
[15152.907s][info][gc,metaspace   ] GC(33125) Metaspace: 62367K(62592K)->62367K(62592K) NonClass: 53321K(53504K)->53321K(53504K) Class: 9046K(9088K)->9046K(9088K)
[15152.907s][info][gc             ] GC(33125) Pause Young (Allocation Failure) 616M->536M(617M) 3.626ms
[15152.907s][info][gc,cpu         ] GC(33125) User=0.01s Sys=0.00s Real=0.01s
[15153.312s][info][gc,start       ] GC(33126) Pause Young (Allocation Failure)
[15153.315s][info][gc,heap        ] GC(33126) PSYoungGen: 83520K(83968K)->1472K(84480K) Eden: 81920K(81920K)->0K(81408K) From: 1600K(2048K)->1472K(3072K)
[15153.315s][info][gc,heap        ] GC(33126) ParOldGen: 547345K(548352K)->547401K(548352K)
[15153.315s][info][gc,metaspace   ] GC(33126) Metaspace: 62367K(62592K)->62367K(62592K) NonClass: 53321K(53504K)->53321K(53504K) Class: 9046K(9088K)->9046K(9088K)
[15153.315s][info][gc             ] GC(33126) Pause Young (Allocation Failure) 616M->536M(618M) 3.552ms
[15153.315s][info][gc,cpu         ] GC(33126) User=0.01s Sys=0.00s Real=0.00s
[15153.749s][info][gc,start       ] GC(33127) Pause Young (Allocation Failure)
[15153.752s][info][gc,heap        ] GC(33127) PSYoungGen: 82880K(84480K)->608K(83968K) Eden: 81408K(81408K)->0K(81408K) From: 1472K(3072K)->608K(2560K)
[15153.752s][info][gc,heap        ] GC(33127) ParOldGen: 547401K(548352K)->547457K(548352K)
[15153.752s][info][gc,metaspace   ] GC(33127) Metaspace: 62367K(62592K)->62367K(62592K) NonClass: 53321K(53504K)->53321K(53504K) Class: 9046K(9088K)->9046K(9088K)
[15153.752s][info][gc             ] GC(33127) Pause Young (Allocation Failure) 615M->535M(617M) 2.577ms
[15153.752s][info][gc,cpu         ] GC(33127) User=0.00s Sys=0.00s Real=0.00s
[15154.142s][info][gc,start       ] GC(33128) Pause Young (Allocation Failure)
[15154.145s][info][gc,heap        ] GC(33128) PSYoungGen: 82016K(83968K)->512K(84480K) Eden: 81408K(81408K)->0K(81920K) From: 608K(2560K)->512K(2560K)
[15154.145s][info][gc,heap        ] GC(33128) ParOldGen: 547457K(548352K)->547513K(548352K)
[15154.145s][info][gc,metaspace   ] GC(33128) Metaspace: 62367K(62592K)->62367K(62592K) NonClass: 53321K(53504K)->53321K(53504K) Class: 9046K(9088K)->9046K(9088K)
[15154.145s][info][gc             ] GC(33128) Pause Young (Allocation Failure) 614M->535M(618M) 2.695ms
[15154.145s][info][gc,cpu         ] GC(33128) User=0.00s Sys=0.00s Real=0.00s
[15154.552s][info][gc,start       ] GC(33129) Pause Young (Allocation Failure)
[15154.554s][info][gc,heap        ] GC(33129) PSYoungGen: 82432K(84480K)->640K(84480K) Eden: 81920K(81920K)->0K(81920K) From: 512K(2560K)->640K(2560K)
[15154.554s][info][gc,heap        ] GC(33129) ParOldGen: 547513K(548352K)->547561K(548352K)
[15154.554s][info][gc,metaspace   ] GC(33129) Metaspace: 62367K(62592K)->62367K(62592K) NonClass: 53321K(53504K)->53321K(53504K) Class: 9046K(9088K)->9046K(9088K)
[15154.554s][info][gc             ] GC(33129) Pause Young (Allocation Failure) 615M->535M(618M) 2.615ms
[15154.554s][info][gc,cpu         ] GC(33129) User=0.00s Sys=0.00s Real=0.00s
[15154.980s][info][gc,start       ] GC(33130) Pause Young (Allocation Failure)
[15154.983s][info][gc,heap        ] GC(33130) PSYoungGen: 82560K(84480K)->1024K(84480K) Eden: 81920K(81920K)->0K(81920K) From: 640K(2560K)->1024K(2560K)
[15154.983s][info][gc,heap        ] GC(33130) ParOldGen: 547561K(548352K)->547609K(548352K)
[15154.983s][info][gc,metaspace   ] GC(33130) Metaspace: 62367K(62592K)->62367K(62592K) NonClass: 53321K(53504K)->53321K(53504K) Class: 9046K(9088K)->9046K(9088K)
[15154.983s][info][gc             ] GC(33130) Pause Young (Allocation Failure) 615M->535M(618M) 3.136ms
[15154.983s][info][gc,cpu         ] GC(33130) User=0.01s Sys=0.00s Real=0.00s
[15155.406s][info][gc,start       ] GC(33131) Pause Young (Allocation Failure)
[15155.409s][info][gc,heap        ] GC(33131) PSYoungGen: 82944K(84480K)->1440K(84480K) Eden: 81920K(81920K)->0K(81920K) From: 1024K(2560K)->1440K(2560K)
[15155.409s][info][gc,heap        ] GC(33131) ParOldGen: 547609K(548352K)->547665K(548352K)
[15155.409s][info][gc,metaspace   ] GC(33131) Metaspace: 62367K(62592K)->62367K(62592K) NonClass: 53321K(53504K)->53321K(53504K) Class: 9046K(9088K)->9046K(9088K)
[15155.409s][info][gc             ] GC(33131) Pause Young (Allocation Failure) 615M->536M(618M) 3.623ms
[15155.409s][info][gc,cpu         ] GC(33131) User=0.01s Sys=0.00s Real=0.01s
[15155.812s][info][gc,start       ] GC(33132) Pause Young (Allocation Failure)
[15155.816s][info][gc,heap        ] GC(33132) PSYoungGen: 83360K(84480K)->2528K(82432K) Eden: 81920K(81920K)->0K(79872K) From: 1440K(2560K)->2528K(2560K)
[15155.816s][info][gc,heap        ] GC(33132) ParOldGen: 547665K(548352K)->548761K(549888K)
[15155.816s][info][gc,metaspace   ] GC(33132) Metaspace: 62367K(62592K)->62367K(62592K) NonClass: 53321K(53504K)->53321K(53504K) Class: 9046K(9088K)->9046K(9088K)
[15155.816s][info][gc             ] GC(33132) Pause Young (Allocation Failure) 616M->538M(617M) 4.392ms
[15155.816s][info][gc,cpu         ] GC(33132) User=0.01s Sys=0.00s Real=0.01s
[15156.243s][info][gc,start       ] GC(33133) Pause Young (Allocation Failure)
[15156.246s][info][gc,heap        ] GC(33133) PSYoungGen: 82400K(82432K)->480K(83456K) Eden: 79872K(79872K)->0K(79872K) From: 2528K(2560K)->480K(3584K)
[15156.246s][info][gc,heap        ] GC(33133) ParOldGen: 548761K(549888K)->550865K(551424K)
[15156.246s][info][gc,metaspace   ] GC(33133) Metaspace: 62367K(62592K)->62367K(62592K) NonClass: 53321K(53504K)->53321K(53504K) Class: 9046K(9088K)->9046K(9088K)
[15156.246s][info][gc             ] GC(33133) Pause Young (Allocation Failure) 616M->538M(620M) 3.562ms
[15156.246s][info][gc,cpu         ] GC(33133) User=0.01s Sys=0.00s Real=0.01s
[15156.637s][info][gc,start       ] GC(33134) Pause Young (Allocation Failure)
[15156.639s][info][gc,heap        ] GC(33134) PSYoungGen: 80352K(83456K)->448K(83968K) Eden: 79872K(79872K)->0K(80384K) From: 480K(3584K)->448K(3584K)
[15156.639s][info][gc,heap        ] GC(33134) ParOldGen: 550865K(551424K)->550929K(551424K)
[15156.639s][info][gc,metaspace   ] GC(33134) Metaspace: 62367K(62592K)->62367K(62592K) NonClass: 53321K(53504K)->53321K(53504K) Class: 9046K(9088K)->9046K(9088K)
[15156.639s][info][gc             ] GC(33134) Pause Young (Allocation Failure) 616M->538M(620M) 2.566ms
[15156.639s][info][gc,cpu         ] GC(33134) User=0.00s Sys=0.00s Real=0.00s
[15157.035s][info][gc,start       ] GC(33135) Pause Young (Allocation Failure)
[15157.038s][info][gc,heap        ] GC(33135) PSYoungGen: 80832K(83968K)->384K(83456K) Eden: 80384K(80384K)->0K(80384K) From: 448K(3584K)->384K(3072K)
[15157.038s][info][gc,heap        ] GC(33135) ParOldGen: 550929K(551424K)->550985K(551424K)
[15157.038s][info][gc,metaspace   ] GC(33135) Metaspace: 62367K(62592K)->62367K(62592K) NonClass: 53321K(53504K)->53321K(53504K) Class: 9046K(9088K)->9046K(9088K)
[15157.038s][info][gc             ] GC(33135) Pause Young (Allocation Failure) 616M->538M(620M) 2.486ms
[15157.038s][info][gc,cpu         ] GC(33135) User=0.01s Sys=0.00s Real=0.01s
[15157.456s][info][gc,start       ] GC(33136) Pause Young (Allocation Failure)
[15157.458s][info][gc,heap        ] GC(33136) PSYoungGen: 80768K(83456K)->704K(83968K) Eden: 80384K(80384K)->0K(80896K) From: 384K(3072K)->704K(3072K)
[15157.458s][info][gc,heap        ] GC(33136) ParOldGen: 550985K(551424K)->551033K(551424K)
[15157.458s][info][gc,metaspace   ] GC(33136) Metaspace: 62367K(62592K)->62367K(62592K) NonClass: 53321K(53504K)->53321K(53504K) Class: 9046K(9088K)->9046K(9088K)
[15157.458s][info][gc             ] GC(33136) Pause Young (Allocation Failure) 616M->538M(620M) 2.708ms
[15157.458s][info][gc,cpu         ] GC(33136) User=0.01s Sys=0.00s Real=0.01s
[15157.876s][info][gc,start       ] GC(33137) Pause Young (Allocation Failure)
[15157.879s][info][gc,heap        ] GC(33137) PSYoungGen: 81600K(83968K)->1024K(83968K) Eden: 80896K(80896K)->0K(80896K) From: 704K(3072K)->1024K(3072K)
[15157.879s][info][gc,heap        ] GC(33137) ParOldGen: 551033K(551424K)->551089K(551424K)
[15157.879s][info][gc,metaspace   ] GC(33137) Metaspace: 62367K(62592K)->62367K(62592K) NonClass: 53321K(53504K)->53321K(53504K) Class: 9046K(9088K)->9046K(9088K)
[15157.879s][info][gc             ] GC(33137) Pause Young (Allocation Failure) 617M->539M(620M) 3.014ms
[15157.879s][info][gc,cpu         ] GC(33137) User=0.01s Sys=0.00s Real=0.00s
[15158.345s][info][gc,start       ] GC(33138) Pause Young (Allocation Failure)
[15158.348s][info][gc,heap        ] GC(33138) PSYoungGen: 81920K(83968K)->608K(83968K) Eden: 80896K(80896K)->0K(80896K) From: 1024K(3072K)->608K(3072K)
[15158.348s][info][gc,heap        ] GC(33138) ParOldGen: 551089K(551424K)->551145K(551424K)
[15158.348s][info][gc,metaspace   ] GC(33138) Metaspace: 62367K(62592K)->62367K(62592K) NonClass: 53321K(53504K)->53321K(53504K) Class: 9046K(9088K)->9046K(9088K)
[15158.348s][info][gc             ] GC(33138) Pause Young (Allocation Failure) 618M->538M(620M) 2.600ms
[15158.348s][info][gc,cpu         ] GC(33138) User=0.00s Sys=0.00s Real=0.01s
[15158.774s][info][gc,start       ] GC(33139) Pause Young (Allocation Failure)
[15158.777s][info][gc,heap        ] GC(33139) PSYoungGen: 81504K(83968K)->928K(83968K) Eden: 80896K(80896K)->0K(80896K) From: 608K(3072K)->928K(3072K)
[15158.777s][info][gc,heap        ] GC(33139) ParOldGen: 551145K(551424K)->551249K(551424K)
[15158.777s][info][gc,metaspace   ] GC(33139) Metaspace: 62367K(62592K)->62367K(62592K) NonClass: 53321K(53504K)->53321K(53504K) Class: 9046K(9088K)->9046K(9088K)
[15158.777s][info][gc             ] GC(33139) Pause Young (Allocation Failure) 617M->539M(620M) 2.990ms
[15158.777s][info][gc,cpu         ] GC(33139) User=0.00s Sys=0.00s Real=0.01s
[15159.203s][info][gc,start       ] GC(33140) Pause Young (Allocation Failure)
[15159.206s][info][gc,heap        ] GC(33140) PSYoungGen: 81824K(83968K)->1376K(84480K) Eden: 80896K(80896K)->0K(81920K) From: 928K(3072K)->1376K(2560K)
[15159.206s][info][gc,heap        ] GC(33140) ParOldGen: 551249K(551424K)->551305K(551424K)
[15159.206s][info][gc,metaspace   ] GC(33140) Metaspace: 62367K(62592K)->62367K(62592K) NonClass: 53321K(53504K)->53321K(53504K) Class: 9046K(9088K)->9046K(9088K)
[15159.206s][info][gc             ] GC(33140) Pause Young (Allocation Failure) 618M->539M(621M) 3.270ms
[15159.206s][info][gc,cpu         ] GC(33140) User=0.00s Sys=0.00s Real=0.01s
[15159.619s][info][gc,start       ] GC(33141) Pause Young (Allocation Failure)
[15159.622s][info][gc,heap        ] GC(33141) PSYoungGen: 83296K(84480K)->1664K(84480K) Eden: 81920K(81920K)->0K(81920K) From: 1376K(2560K)->1664K(2560K)
[15159.622s][info][gc,heap        ] GC(33141) ParOldGen: 551305K(551424K)->551361K(551424K)
[15159.622s][info][gc,metaspace   ] GC(33141) Metaspace: 62367K(62592K)->62367K(62592K) NonClass: 53321K(53504K)->53321K(53504K) Class: 9046K(9088K)->9046K(9088K)
[15159.622s][info][gc             ] GC(33141) Pause Young (Allocation Failure) 619M->540M(621M) 3.496ms
[15159.622s][info][gc,cpu         ] GC(33141) User=0.01s Sys=0.00s Real=0.00s
[15160.041s][info][gc,start       ] GC(33142) Pause Young (Allocation Failure)
[15160.044s][info][gc,heap        ] GC(33142) PSYoungGen: 83584K(84480K)->480K(84480K) Eden: 81920K(81920K)->0K(81920K) From: 1664K(2560K)->480K(2560K)
[15160.044s][info][gc,heap        ] GC(33142) ParOldGen: 551361K(551424K)->551417K(551424K)
[15160.044s][info][gc,metaspace   ] GC(33142) Metaspace: 62367K(62592K)->62367K(62592K) NonClass: 53321K(53504K)->53321K(53504K) Class: 9046K(9088K)->9046K(9088K)
[15160.044s][info][gc             ] GC(33142) Pause Young (Allocation Failure) 620M->538M(621M) 2.556ms
[15160.044s][info][gc,cpu         ] GC(33142) User=0.00s Sys=0.00s Real=0.00s
[15160.469s][info][gc,start       ] GC(33143) Pause Young (Allocation Failure)
[15160.472s][info][gc,heap        ] GC(33143) PSYoungGen: 82400K(84480K)->896K(84480K) Eden: 81920K(81920K)->0K(81920K) From: 480K(2560K)->896K(2560K)
[15160.472s][info][gc,heap        ] GC(33143) ParOldGen: 551417K(551424K)->551473K(551936K)
[15160.472s][info][gc,metaspace   ] GC(33143) Metaspace: 62367K(62592K)->62367K(62592K) NonClass: 53321K(53504K)->53321K(53504K) Class: 9046K(9088K)->9046K(9088K)
[15160.472s][info][gc             ] GC(33143) Pause Young (Allocation Failure) 618M->539M(621M) 2.837ms
[15160.472s][info][gc,cpu         ] GC(33143) User=0.01s Sys=0.00s Real=0.00s
[15160.897s][info][gc,start       ] GC(33144) Pause Young (Allocation Failure)
[15160.901s][info][gc,heap        ] GC(33144) PSYoungGen: 82816K(84480K)->1376K(84480K) Eden: 81920K(81920K)->0K(81920K) From: 896K(2560K)->1376K(2560K)
[15160.901s][info][gc,heap        ] GC(33144) ParOldGen: 551473K(551936K)->551521K(551936K)
[15160.901s][info][gc,metaspace   ] GC(33144) Metaspace: 62367K(62592K)->62367K(62592K) NonClass: 53321K(53504K)->53321K(53504K) Class: 9046K(9088K)->9046K(9088K)
[15160.901s][info][gc             ] GC(33144) Pause Young (Allocation Failure) 619M->539M(621M) 3.284ms
[15160.901s][info][gc,cpu         ] GC(33144) User=0.01s Sys=0.00s Real=0.00s
[15161.293s][info][gc,start       ] GC(33145) Pause Young (Allocation Failure)
[15161.296s][info][gc,heap        ] GC(33145) PSYoungGen: 83296K(84480K)->1376K(84480K) Eden: 81920K(81920K)->0K(81920K) From: 1376K(2560K)->1376K(2560K)
[15161.296s][info][gc,heap        ] GC(33145) ParOldGen: 551521K(551936K)->551569K(551936K)
[15161.296s][info][gc,metaspace   ] GC(33145) Metaspace: 62367K(62592K)->62367K(62592K) NonClass: 53321K(53504K)->53321K(53504K) Class: 9046K(9088K)->9046K(9088K)
[15161.296s][info][gc             ] GC(33145) Pause Young (Allocation Failure) 619M->539M(621M) 3.179ms
[15161.296s][info][gc,cpu         ] GC(33145) User=0.00s Sys=0.00s Real=0.01s
[15161.684s][info][gc,start       ] GC(33146) Pause Young (Allocation Failure)
[15161.687s][info][gc,heap        ] GC(33146) PSYoungGen: 83296K(84480K)->1312K(84480K) Eden: 81920K(81920K)->0K(81920K) From: 1376K(2560K)->1312K(2560K)
[15161.687s][info][gc,heap        ] GC(33146) ParOldGen: 551569K(551936K)->551625K(551936K)
[15161.687s][info][gc,metaspace   ] GC(33146) Metaspace: 62367K(62592K)->62367K(62592K) NonClass: 53321K(53504K)->53321K(53504K) Class: 9046K(9088K)->9046K(9088K)
[15161.687s][info][gc             ] GC(33146) Pause Young (Allocation Failure) 619M->539M(621M) 3.195ms
[15161.687s][info][gc,cpu         ] GC(33146) User=0.01s Sys=0.00s Real=0.01s
[15162.110s][info][gc,start       ] GC(33147) Pause Young (Allocation Failure)
[15162.114s][info][gc,heap        ] GC(33147) PSYoungGen: 83232K(84480K)->1504K(84480K) Eden: 81920K(81920K)->0K(81920K) From: 1312K(2560K)->1504K(2560K)
[15162.114s][info][gc,heap        ] GC(33147) ParOldGen: 551625K(551936K)->551681K(551936K)
[15162.114s][info][gc,metaspace   ] GC(33147) Metaspace: 62367K(62592K)->62367K(62592K) NonClass: 53321K(53504K)->53321K(53504K) Class: 9046K(9088K)->9046K(9088K)
[15162.114s][info][gc             ] GC(33147) Pause Young (Allocation Failure) 619M->540M(621M) 3.384ms
[15162.114s][info][gc,cpu         ] GC(33147) User=0.01s Sys=0.00s Real=0.00s
[15162.544s][info][gc,start       ] GC(33148) Pause Young (Allocation Failure)
[15162.546s][info][gc,heap        ] GC(33148) PSYoungGen: 83424K(84480K)->512K(84480K) Eden: 81920K(81920K)->0K(81920K) From: 1504K(2560K)->512K(2560K)
[15162.546s][info][gc,heap        ] GC(33148) ParOldGen: 551681K(551936K)->551729K(551936K)
[15162.546s][info][gc,metaspace   ] GC(33148) Metaspace: 62367K(62592K)->62367K(62592K) NonClass: 53321K(53504K)->53321K(53504K) Class: 9046K(9088K)->9046K(9088K)
[15162.546s][info][gc             ] GC(33148) Pause Young (Allocation Failure) 620M->539M(621M) 2.661ms
[15162.546s][info][gc,cpu         ] GC(33148) User=0.00s Sys=0.00s Real=0.01s
[15162.928s][info][gc,start       ] GC(33149) Pause Young (Allocation Failure)
[15162.931s][info][gc,heap        ] GC(33149) PSYoungGen: 82432K(84480K)->320K(84480K) Eden: 81920K(81920K)->0K(81920K) From: 512K(2560K)->320K(2560K)
[15162.931s][info][gc,heap        ] GC(33149) ParOldGen: 551729K(551936K)->551785K(551936K)
[15162.931s][info][gc,metaspace   ] GC(33149) Metaspace: 62367K(62592K)->62367K(62592K) NonClass: 53321K(53504K)->53321K(53504K) Class: 9046K(9088K)->9046K(9088K)
[15162.931s][info][gc             ] GC(33149) Pause Young (Allocation Failure) 619M->539M(621M) 2.366ms
[15162.931s][info][gc,cpu         ] GC(33149) User=0.00s Sys=0.00s Real=0.00s
[15163.339s][info][gc,start       ] GC(33150) Pause Young (Allocation Failure)
[15163.341s][info][gc,heap        ] GC(33150) PSYoungGen: 82240K(84480K)->448K(84480K) Eden: 81920K(81920K)->0K(81920K) From: 320K(2560K)->448K(2560K)
[15163.341s][info][gc,heap        ] GC(33150) ParOldGen: 551785K(551936K)->551833K(551936K)
[15163.341s][info][gc,metaspace   ] GC(33150) Metaspace: 62367K(62592K)->62367K(62592K) NonClass: 53321K(53504K)->53321K(53504K) Class: 9046K(9088K)->9046K(9088K)
[15163.341s][info][gc             ] GC(33150) Pause Young (Allocation Failure) 619M->539M(621M) 2.536ms
[15163.341s][info][gc,cpu         ] GC(33150) User=0.00s Sys=0.00s Real=0.00s
[15163.773s][info][gc,start       ] GC(33151) Pause Young (Allocation Failure)
[15163.776s][info][gc,heap        ] GC(33151) PSYoungGen: 82368K(84480K)->960K(84480K) Eden: 81920K(81920K)->0K(81920K) From: 448K(2560K)->960K(2560K)
[15163.776s][info][gc,heap        ] GC(33151) ParOldGen: 551833K(551936K)->551881K(551936K)
[15163.776s][info][gc,metaspace   ] GC(33151) Metaspace: 62367K(62592K)->62367K(62592K) NonClass: 53321K(53504K)->53321K(53504K) Class: 9046K(9088K)->9046K(9088K)
[15163.776s][info][gc             ] GC(33151) Pause Young (Allocation Failure) 619M->539M(621M) 2.857ms
[15163.776s][info][gc,cpu         ] GC(33151) User=0.01s Sys=0.00s Real=0.01s
[15164.218s][info][gc,start       ] GC(33152) Pause Young (Allocation Failure)
[15164.221s][info][gc,heap        ] GC(33152) PSYoungGen: 82880K(84480K)->1632K(84480K) Eden: 81920K(81920K)->0K(81920K) From: 960K(2560K)->1632K(2560K)
[15164.221s][info][gc,heap        ] GC(33152) ParOldGen: 551881K(551936K)->551937K(552448K)
[15164.221s][info][gc,metaspace   ] GC(33152) Metaspace: 62367K(62592K)->62367K(62592K) NonClass: 53321K(53504K)->53321K(53504K) Class: 9046K(9088K)->9046K(9088K)
[15164.221s][info][gc             ] GC(33152) Pause Young (Allocation Failure) 619M->540M(622M) 3.525ms
[15164.221s][info][gc,cpu         ] GC(33152) User=0.01s Sys=0.00s Real=0.00s
[15164.825s][info][gc,start       ] GC(33153) Pause Young (Allocation Failure)
[15164.828s][info][gc,heap        ] GC(33153) PSYoungGen: 83552K(84480K)->2304K(84480K) Eden: 81920K(81920K)->0K(81920K) From: 1632K(2560K)->2304K(2560K)
[15164.828s][info][gc,heap        ] GC(33153) ParOldGen: 551937K(552448K)->552089K(552448K)
[15164.828s][info][gc,metaspace   ] GC(33153) Metaspace: 62376K(62592K)->62376K(62592K) NonClass: 53330K(53504K)->53330K(53504K) Class: 9046K(9088K)->9046K(9088K)
[15164.828s][info][gc             ] GC(33153) Pause Young (Allocation Failure) 620M->541M(622M) 3.525ms
[15164.828s][info][gc,cpu         ] GC(33153) User=0.00s Sys=0.00s Real=0.01s
[15165.314s][info][gc,start       ] GC(33154) Pause Young (Allocation Failure)
[15165.319s][info][gc,heap        ] GC(33154) PSYoungGen: 84224K(84480K)->1760K(83456K) Eden: 81920K(81920K)->0K(80896K) From: 2304K(2560K)->1760K(2560K)
[15165.319s][info][gc,heap        ] GC(33154) ParOldGen: 552089K(552448K)->554305K(555520K)
[15165.319s][info][gc,metaspace   ] GC(33154) Metaspace: 62376K(62592K)->62376K(62592K) NonClass: 53330K(53504K)->53330K(53504K) Class: 9046K(9088K)->9046K(9088K)
[15165.319s][info][gc             ] GC(33154) Pause Young (Allocation Failure) 621M->543M(624M) 5.047ms
[15165.319s][info][gc,cpu         ] GC(33154) User=0.01s Sys=0.00s Real=0.01s
[15165.804s][info][gc,start       ] GC(33155) Pause Young (Allocation Failure)
[15165.808s][info][gc,heap        ] GC(33155) PSYoungGen: 82656K(83456K)->1456K(83968K) Eden: 80896K(80896K)->0K(80896K) From: 1760K(2560K)->1456K(3072K)
[15165.808s][info][gc,heap        ] GC(33155) ParOldGen: 554305K(555520K)->554393K(555520K)
[15165.808s][info][gc,metaspace   ] GC(33155) Metaspace: 62376K(62592K)->62376K(62592K) NonClass: 53330K(53504K)->53330K(53504K) Class: 9046K(9088K)->9046K(9088K)
[15165.808s][info][gc             ] GC(33155) Pause Young (Allocation Failure) 622M->542M(624M) 3.654ms
[15165.808s][info][gc,cpu         ] GC(33155) User=0.01s Sys=0.00s Real=0.01s
[15166.229s][info][gc,start       ] GC(33156) Pause Young (Allocation Failure)
[15166.231s][info][gc,heap        ] GC(33156) PSYoungGen: 82352K(83968K)->288K(83968K) Eden: 80896K(80896K)->0K(80896K) From: 1456K(3072K)->288K(3072K)
[15166.231s][info][gc,heap        ] GC(33156) ParOldGen: 554393K(555520K)->554497K(555520K)
[15166.232s][info][gc,metaspace   ] GC(33156) Metaspace: 62376K(62592K)->62376K(62592K) NonClass: 53330K(53504K)->53330K(53504K) Class: 9046K(9088K)->9046K(9088K)
[15166.232s][info][gc             ] GC(33156) Pause Young (Allocation Failure) 621M->541M(624M) 2.546ms
[15166.232s][info][gc,cpu         ] GC(33156) User=0.01s Sys=0.00s Real=0.00s
[15166.661s][info][gc,start       ] GC(33157) Pause Young (Allocation Failure)
[15166.664s][info][gc,heap        ] GC(33157) PSYoungGen: 81184K(83968K)->768K(83968K) Eden: 80896K(80896K)->0K(80896K) From: 288K(3072K)->768K(3072K)
[15166.664s][info][gc,heap        ] GC(33157) ParOldGen: 554497K(555520K)->554553K(555520K)
[15166.664s][info][gc,metaspace   ] GC(33157) Metaspace: 62376K(62592K)->62376K(62592K) NonClass: 53330K(53504K)->53330K(53504K) Class: 9046K(9088K)->9046K(9088K)
[15166.664s][info][gc             ] GC(33157) Pause Young (Allocation Failure) 620M->542M(624M) 2.805ms
[15166.664s][info][gc,cpu         ] GC(33157) User=0.00s Sys=0.01s Real=0.00s
[15167.062s][info][gc,start       ] GC(33158) Pause Young (Allocation Failure)
[15167.065s][info][gc,heap        ] GC(33158) PSYoungGen: 81664K(83968K)->832K(84480K) Eden: 80896K(80896K)->0K(81408K) From: 768K(3072K)->832K(3072K)
[15167.065s][info][gc,heap        ] GC(33158) ParOldGen: 554553K(555520K)->554609K(555520K)
[15167.065s][info][gc,metaspace   ] GC(33158) Metaspace: 62376K(62592K)->62376K(62592K) NonClass: 53330K(53504K)->53330K(53504K) Class: 9046K(9088K)->9046K(9088K)
[15167.065s][info][gc             ] GC(33158) Pause Young (Allocation Failure) 621M->542M(625M) 2.918ms
[15167.065s][info][gc,cpu         ] GC(33158) User=0.01s Sys=0.00s Real=0.00s
[15167.440s][info][gc,start       ] GC(33159) Pause Young (Allocation Failure)
[15167.443s][info][gc,heap        ] GC(33159) PSYoungGen: 82240K(84480K)->480K(83968K) Eden: 81408K(81408K)->0K(81408K) From: 832K(3072K)->480K(2560K)
[15167.443s][info][gc,heap        ] GC(33159) ParOldGen: 554609K(555520K)->554657K(555520K)
[15167.443s][info][gc,metaspace   ] GC(33159) Metaspace: 62376K(62592K)->62376K(62592K) NonClass: 53330K(53504K)->53330K(53504K) Class: 9046K(9088K)->9046K(9088K)
[15167.443s][info][gc             ] GC(33159) Pause Young (Allocation Failure) 621M->542M(624M) 2.525ms
[15167.443s][info][gc,cpu         ] GC(33159) User=0.00s Sys=0.00s Real=0.00s
[15167.852s][info][gc,start       ] GC(33160) Pause Young (Allocation Failure)
[15167.855s][info][gc,heap        ] GC(33160) PSYoungGen: 81888K(83968K)->608K(84480K) Eden: 81408K(81408K)->0K(81920K) From: 480K(2560K)->608K(2560K)
[15167.855s][info][gc,heap        ] GC(33160) ParOldGen: 554657K(555520K)->554705K(555520K)
[15167.855s][info][gc,metaspace   ] GC(33160) Metaspace: 62376K(62592K)->62376K(62592K) NonClass: 53330K(53504K)->53330K(53504K) Class: 9046K(9088K)->9046K(9088K)
[15167.855s][info][gc             ] GC(33160) Pause Young (Allocation Failure) 621M->542M(625M) 2.526ms
[15167.855s][info][gc,cpu         ] GC(33160) User=0.01s Sys=0.00s Real=0.00s
[15168.285s][info][gc,start       ] GC(33161) Pause Young (Allocation Failure)
[15168.288s][info][gc,heap        ] GC(33161) PSYoungGen: 82528K(84480K)->1184K(84480K) Eden: 81920K(81920K)->0K(81920K) From: 608K(2560K)->1184K(2560K)
[15168.288s][info][gc,heap        ] GC(33161) ParOldGen: 554705K(555520K)->554753K(555520K)
[15168.288s][info][gc,metaspace   ] GC(33161) Metaspace: 62376K(62592K)->62376K(62592K) NonClass: 53330K(53504K)->53330K(53504K) Class: 9046K(9088K)->9046K(9088K)
[15168.288s][info][gc             ] GC(33161) Pause Young (Allocation Failure) 622M->542M(625M) 3.263ms
[15168.288s][info][gc,cpu         ] GC(33161) User=0.01s Sys=0.00s Real=0.01s
[15168.684s][info][gc,start       ] GC(33162) Pause Young (Allocation Failure)
[15168.688s][info][gc,heap        ] GC(33162) PSYoungGen: 83104K(84480K)->2208K(83456K) Eden: 81920K(81920K)->0K(80896K) From: 1184K(2560K)->2208K(2560K)
[15168.688s][info][gc,heap        ] GC(33162) ParOldGen: 554753K(555520K)->554801K(555520K)
[15168.688s][info][gc,metaspace   ] GC(33162) Metaspace: 62376K(62592K)->62376K(62592K) NonClass: 53330K(53504K)->53330K(53504K) Class: 9046K(9088K)->9046K(9088K)
[15168.688s][info][gc             ] GC(33162) Pause Young (Allocation Failure) 622M->543M(624M) 3.215ms
[15168.688s][info][gc,cpu         ] GC(33162) User=0.01s Sys=0.00s Real=0.01s
[15169.068s][info][gc,start       ] GC(33163) Pause Young (Allocation Failure)
[15169.072s][info][gc,heap        ] GC(33163) PSYoungGen: 83104K(83456K)->896K(83968K) Eden: 80896K(80896K)->0K(80896K) From: 2208K(2560K)->896K(3072K)
[15169.072s][info][gc,heap        ] GC(33163) ParOldGen: 554801K(555520K)->556905K(557056K)
[15169.072s][info][gc,metaspace   ] GC(33163) Metaspace: 62376K(62592K)->62376K(62592K) NonClass: 53330K(53504K)->53330K(53504K) Class: 9046K(9088K)->9046K(9088K)
[15169.072s][info][gc             ] GC(33163) Pause Young (Allocation Failure) 622M->544M(626M) 3.920ms
[15169.072s][info][gc,cpu         ] GC(33163) User=0.00s Sys=0.00s Real=0.00s
[15169.476s][info][gc,start       ] GC(33164) Pause Young (Allocation Failure)
[15169.479s][info][gc,heap        ] GC(33164) PSYoungGen: 81792K(83968K)->1056K(84480K) Eden: 80896K(80896K)->0K(81920K) From: 896K(3072K)->1056K(2560K)
[15169.479s][info][gc,heap        ] GC(33164) ParOldGen: 556905K(557056K)->556961K(557056K)
[15169.479s][info][gc,metaspace   ] GC(33164) Metaspace: 62376K(62592K)->62376K(62592K) NonClass: 53330K(53504K)->53330K(53504K) Class: 9046K(9088K)->9046K(9088K)
[15169.479s][info][gc             ] GC(33164) Pause Young (Allocation Failure) 623M->544M(626M) 2.972ms
[15169.479s][info][gc,cpu         ] GC(33164) User=0.01s Sys=0.00s Real=0.00s
[15169.898s][info][gc,start       ] GC(33165) Pause Young (Allocation Failure)
[15169.901s][info][gc,heap        ] GC(33165) PSYoungGen: 82976K(84480K)->1248K(84480K) Eden: 81920K(81920K)->0K(81920K) From: 1056K(2560K)->1248K(2560K)
[15169.901s][info][gc,heap        ] GC(33165) ParOldGen: 556961K(557056K)->557017K(557056K)
[15169.901s][info][gc,metaspace   ] GC(33165) Metaspace: 62376K(62592K)->62376K(62592K) NonClass: 53330K(53504K)->53330K(53504K) Class: 9046K(9088K)->9046K(9088K)
[15169.901s][info][gc             ] GC(33165) Pause Young (Allocation Failure) 624M->545M(626M) 3.243ms
[15169.901s][info][gc,cpu         ] GC(33165) User=0.01s Sys=0.00s Real=0.00s
[15170.316s][info][gc,start       ] GC(33166) Pause Young (Allocation Failure)
[15170.319s][info][gc,heap        ] GC(33166) PSYoungGen: 83168K(84480K)->1696K(84480K) Eden: 81920K(81920K)->0K(81920K) From: 1248K(2560K)->1696K(2560K)
[15170.319s][info][gc,heap        ] GC(33166) ParOldGen: 557017K(557056K)->557057K(557568K)
[15170.319s][info][gc,metaspace   ] GC(33166) Metaspace: 62376K(62592K)->62376K(62592K) NonClass: 53330K(53504K)->53330K(53504K) Class: 9046K(9088K)->9046K(9088K)
[15170.319s][info][gc             ] GC(33166) Pause Young (Allocation Failure) 625M->545M(627M) 3.589ms
[15170.319s][info][gc,cpu         ] GC(33166) User=0.01s Sys=0.00s Real=0.01s
[15170.717s][info][gc,start       ] GC(33167) Pause Young (Allocation Failure)
[15170.720s][info][gc,heap        ] GC(33167) PSYoungGen: 83616K(84480K)->1632K(84480K) Eden: 81920K(81920K)->0K(81920K) From: 1696K(2560K)->1632K(2560K)
[15170.720s][info][gc,heap        ] GC(33167) ParOldGen: 557057K(557568K)->557105K(557568K)
[15170.720s][info][gc,metaspace   ] GC(33167) Metaspace: 62376K(62592K)->62376K(62592K) NonClass: 53330K(53504K)->53330K(53504K) Class: 9046K(9088K)->9046K(9088K)
[15170.720s][info][gc             ] GC(33167) Pause Young (Allocation Failure) 625M->545M(627M) 3.543ms
[15170.720s][info][gc,cpu         ] GC(33167) User=0.01s Sys=0.00s Real=0.00s
[15171.134s][info][gc,start       ] GC(33168) Pause Young (Allocation Failure)
[15171.136s][info][gc,heap        ] GC(33168) PSYoungGen: 83552K(84480K)->384K(84480K) Eden: 81920K(81920K)->0K(81920K) From: 1632K(2560K)->384K(2560K)
[15171.136s][info][gc,heap        ] GC(33168) ParOldGen: 557105K(557568K)->557161K(557568K)
[15171.136s][info][gc,metaspace   ] GC(33168) Metaspace: 62376K(62592K)->62376K(62592K) NonClass: 53330K(53504K)->53330K(53504K) Class: 9046K(9088K)->9046K(9088K)
[15171.136s][info][gc             ] GC(33168) Pause Young (Allocation Failure) 625M->544M(627M) 2.519ms
[15171.136s][info][gc,cpu         ] GC(33168) User=0.01s Sys=0.00s Real=0.01s
[15171.548s][info][gc,start       ] GC(33169) Pause Young (Allocation Failure)
[15171.551s][info][gc,heap        ] GC(33169) PSYoungGen: 82304K(84480K)->608K(84480K) Eden: 81920K(81920K)->0K(81920K) From: 384K(2560K)->608K(2560K)
[15171.551s][info][gc,heap        ] GC(33169) ParOldGen: 557161K(557568K)->557217K(557568K)
[15171.551s][info][gc,metaspace   ] GC(33169) Metaspace: 62376K(62592K)->62376K(62592K) NonClass: 53330K(53504K)->53330K(53504K) Class: 9046K(9088K)->9046K(9088K)
[15171.551s][info][gc             ] GC(33169) Pause Young (Allocation Failure) 624M->544M(627M) 2.660ms
[15171.551s][info][gc,cpu         ] GC(33169) User=0.01s Sys=0.00s Real=0.00s
[15171.966s][info][gc,start       ] GC(33170) Pause Young (Allocation Failure)
[15171.969s][info][gc,heap        ] GC(33170) PSYoungGen: 82528K(84480K)->896K(84480K) Eden: 81920K(81920K)->0K(81920K) From: 608K(2560K)->896K(2560K)
[15171.969s][info][gc,heap        ] GC(33170) ParOldGen: 557217K(557568K)->557265K(557568K)
[15171.969s][info][gc,metaspace   ] GC(33170) Metaspace: 62376K(62592K)->62376K(62592K) NonClass: 53330K(53504K)->53330K(53504K) Class: 9046K(9088K)->9046K(9088K)
[15171.969s][info][gc             ] GC(33170) Pause Young (Allocation Failure) 624M->545M(627M) 2.893ms
[15171.969s][info][gc,cpu         ] GC(33170) User=0.00s Sys=0.00s Real=0.01s
[15172.356s][info][gc,start       ] GC(33171) Pause Young (Allocation Failure)
[15172.359s][info][gc,heap        ] GC(33171) PSYoungGen: 82816K(84480K)->736K(84480K) Eden: 81920K(81920K)->0K(81920K) From: 896K(2560K)->736K(2560K)
[15172.359s][info][gc,heap        ] GC(33171) ParOldGen: 557265K(557568K)->557313K(557568K)
[15172.359s][info][gc,metaspace   ] GC(33171) Metaspace: 62376K(62592K)->62376K(62592K) NonClass: 53330K(53504K)->53330K(53504K) Class: 9046K(9088K)->9046K(9088K)
[15172.359s][info][gc             ] GC(33171) Pause Young (Allocation Failure) 625M->544M(627M) 2.699ms
[15172.359s][info][gc,cpu         ] GC(33171) User=0.00s Sys=0.00s Real=0.00s
[15172.841s][info][gc,start       ] GC(33172) Pause Young (Allocation Failure)
[15172.844s][info][gc,heap        ] GC(33172) PSYoungGen: 82656K(84480K)->528K(84480K) Eden: 81920K(81920K)->0K(81920K) From: 736K(2560K)->528K(2560K)
[15172.844s][info][gc,heap        ] GC(33172) ParOldGen: 557313K(557568K)->557369K(557568K)
[15172.844s][info][gc,metaspace   ] GC(33172) Metaspace: 62376K(62592K)->62376K(62592K) NonClass: 53330K(53504K)->53330K(53504K) Class: 9046K(9088K)->9046K(9088K)
[15172.844s][info][gc             ] GC(33172) Pause Young (Allocation Failure) 624M->544M(627M) 2.609ms
[15172.844s][info][gc,cpu         ] GC(33172) User=0.00s Sys=0.00s Real=0.00s
[15173.261s][info][gc,start       ] GC(33173) Pause Young (Allocation Failure)
[15173.264s][info][gc,heap        ] GC(33173) PSYoungGen: 82448K(84480K)->1792K(84480K) Eden: 81920K(81920K)->0K(81920K) From: 528K(2560K)->1792K(2560K)
[15173.264s][info][gc,heap        ] GC(33173) ParOldGen: 557369K(557568K)->557473K(557568K)
[15173.264s][info][gc,metaspace   ] GC(33173) Metaspace: 62376K(62592K)->62376K(62592K) NonClass: 53330K(53504K)->53330K(53504K) Class: 9046K(9088K)->9046K(9088K)
[15173.264s][info][gc             ] GC(33173) Pause Young (Allocation Failure) 624M->546M(627M) 2.947ms
[15173.264s][info][gc,cpu         ] GC(33173) User=0.01s Sys=0.00s Real=0.00s
[15173.683s][info][gc,start       ] GC(33174) Pause Young (Allocation Failure)
[15173.686s][info][gc,heap        ] GC(33174) PSYoungGen: 83712K(84480K)->1216K(84480K) Eden: 81920K(81920K)->0K(81920K) From: 1792K(2560K)->1216K(2560K)
[15173.686s][info][gc,heap        ] GC(33174) ParOldGen: 557473K(557568K)->558545K(559104K)
[15173.686s][info][gc,metaspace   ] GC(33174) Metaspace: 62376K(62592K)->62376K(62592K) NonClass: 53330K(53504K)->53330K(53504K) Class: 9046K(9088K)->9046K(9088K)
[15173.686s][info][gc             ] GC(33174) Pause Young (Allocation Failure) 626M->546M(628M) 3.659ms
[15173.686s][info][gc,cpu         ] GC(33174) User=0.00s Sys=0.00s Real=0.01s
[15174.078s][info][gc,start       ] GC(33175) Pause Young (Allocation Failure)
[15174.081s][info][gc,heap        ] GC(33175) PSYoungGen: 83136K(84480K)->1024K(84480K) Eden: 81920K(81920K)->0K(81920K) From: 1216K(2560K)->1024K(2560K)
[15174.081s][info][gc,heap        ] GC(33175) ParOldGen: 558545K(559104K)->558593K(559104K)
[15174.081s][info][gc,metaspace   ] GC(33175) Metaspace: 62376K(62592K)->62376K(62592K) NonClass: 53330K(53504K)->53330K(53504K) Class: 9046K(9088K)->9046K(9088K)
[15174.081s][info][gc             ] GC(33175) Pause Young (Allocation Failure) 626M->546M(628M) 3.156ms
[15174.081s][info][gc,cpu         ] GC(33175) User=0.01s Sys=0.00s Real=0.00s
[15174.489s][info][gc,start       ] GC(33176) Pause Young (Allocation Failure)
[15174.493s][info][gc,heap        ] GC(33176) PSYoungGen: 82944K(84480K)->1248K(84480K) Eden: 81920K(81920K)->0K(81920K) From: 1024K(2560K)->1248K(2560K)
[15174.493s][info][gc,heap        ] GC(33176) ParOldGen: 558593K(559104K)->558641K(559104K)
[15174.493s][info][gc,metaspace   ] GC(33176) Metaspace: 62376K(62592K)->62376K(62592K) NonClass: 53330K(53504K)->53330K(53504K) Class: 9046K(9088K)->9046K(9088K)
[15174.493s][info][gc             ] GC(33176) Pause Young (Allocation Failure) 626M->546M(628M) 3.394ms
[15174.493s][info][gc,cpu         ] GC(33176) User=0.01s Sys=0.00s Real=0.00s
[15174.905s][info][gc,start       ] GC(33177) Pause Young (Allocation Failure)
[15174.909s][info][gc,heap        ] GC(33177) PSYoungGen: 83168K(84480K)->1504K(84480K) Eden: 81920K(81920K)->0K(81920K) From: 1248K(2560K)->1504K(2560K)
[15174.909s][info][gc,heap        ] GC(33177) ParOldGen: 558641K(559104K)->558697K(559104K)
[15174.909s][info][gc,metaspace   ] GC(33177) Metaspace: 62376K(62592K)->62376K(62592K) NonClass: 53330K(53504K)->53330K(53504K) Class: 9046K(9088K)->9046K(9088K)
[15174.909s][info][gc             ] GC(33177) Pause Young (Allocation Failure) 626M->547M(628M) 3.750ms
[15174.909s][info][gc,cpu         ] GC(33177) User=0.01s Sys=0.00s Real=0.01s
[15175.282s][info][gc,start       ] GC(33178) Pause Young (Allocation Failure)
[15175.285s][info][gc,heap        ] GC(33178) PSYoungGen: 83424K(84480K)->1248K(84480K) Eden: 81920K(81920K)->0K(81920K) From: 1504K(2560K)->1248K(2560K)
[15175.285s][info][gc,heap        ] GC(33178) ParOldGen: 558697K(559104K)->558753K(559104K)
[15175.285s][info][gc,metaspace   ] GC(33178) Metaspace: 62376K(62592K)->62376K(62592K) NonClass: 53330K(53504K)->53330K(53504K) Class: 9046K(9088K)->9046K(9088K)
[15175.285s][info][gc             ] GC(33178) Pause Young (Allocation Failure) 627M->546M(628M) 3.474ms
[15175.285s][info][gc,cpu         ] GC(33178) User=0.00s Sys=0.00s Real=0.00s
[15175.683s][info][gc,start       ] GC(33179) Pause Young (Allocation Failure)
[15175.686s][info][gc,heap        ] GC(33179) PSYoungGen: 83168K(84480K)->1248K(84480K) Eden: 81920K(81920K)->0K(81920K) From: 1248K(2560K)->1248K(2560K)
[15175.686s][info][gc,heap        ] GC(33179) ParOldGen: 558753K(559104K)->558801K(559104K)
[15175.686s][info][gc,metaspace   ] GC(33179) Metaspace: 62376K(62592K)->62376K(62592K) NonClass: 53330K(53504K)->53330K(53504K) Class: 9046K(9088K)->9046K(9088K)
[15175.686s][info][gc             ] GC(33179) Pause Young (Allocation Failure) 626M->546M(628M) 3.393ms
[15175.686s][info][gc,cpu         ] GC(33179) User=0.00s Sys=0.00s Real=0.01s
[15176.081s][info][gc,start       ] GC(33180) Pause Young (Allocation Failure)
[15176.084s][info][gc,heap        ] GC(33180) PSYoungGen: 83168K(84480K)->1248K(84992K) Eden: 81920K(81920K)->0K(82432K) From: 1248K(2560K)->1248K(2560K)
[15176.084s][info][gc,heap        ] GC(33180) ParOldGen: 558801K(559104K)->558857K(559104K)
[15176.084s][info][gc,metaspace   ] GC(33180) Metaspace: 62376K(62592K)->62376K(62592K) NonClass: 53330K(53504K)->53330K(53504K) Class: 9046K(9088K)->9046K(9088K)
[15176.085s][info][gc             ] GC(33180) Pause Young (Allocation Failure) 626M->546M(629M) 3.248ms
[15176.085s][info][gc,cpu         ] GC(33180) User=0.01s Sys=0.00s Real=0.00s
[15176.494s][info][gc,start       ] GC(33181) Pause Young (Allocation Failure)
[15176.497s][info][gc,heap        ] GC(33181) PSYoungGen: 83680K(84992K)->1280K(84480K) Eden: 82432K(82432K)->0K(82432K) From: 1248K(2560K)->1280K(2048K)
[15176.497s][info][gc,heap        ] GC(33181) ParOldGen: 558857K(559104K)->558905K(559104K)
[15176.497s][info][gc,metaspace   ] GC(33181) Metaspace: 62376K(62592K)->62376K(62592K) NonClass: 53330K(53504K)->53330K(53504K) Class: 9046K(9088K)->9046K(9088K)
[15176.497s][info][gc             ] GC(33181) Pause Young (Allocation Failure) 627M->547M(628M) 3.111ms
[15176.497s][info][gc,cpu         ] GC(33181) User=0.01s Sys=0.00s Real=0.01s
[15176.907s][info][gc,start       ] GC(33182) Pause Young (Allocation Failure)
[15176.911s][info][gc,heap        ] GC(33182) PSYoungGen: 83712K(84480K)->1696K(83968K) Eden: 82432K(82432K)->0K(81920K) From: 1280K(2048K)->1696K(2048K)
[15176.911s][info][gc,heap        ] GC(33182) ParOldGen: 558905K(559104K)->558953K(559104K)
[15176.911s][info][gc,metaspace   ] GC(33182) Metaspace: 62376K(62592K)->62376K(62592K) NonClass: 53330K(53504K)->53330K(53504K) Class: 9046K(9088K)->9046K(9088K)
[15176.911s][info][gc             ] GC(33182) Pause Young (Allocation Failure) 627M->547M(628M) 3.615ms
[15176.911s][info][gc,cpu         ] GC(33182) User=0.01s Sys=0.00s Real=0.00s
[15177.302s][info][gc,start       ] GC(33183) Pause Young (Allocation Failure)
[15177.306s][info][gc,heap        ] GC(33183) PSYoungGen: 83616K(83968K)->2528K(84480K) Eden: 81920K(81920K)->0K(81920K) From: 1696K(2048K)->2528K(2560K)
[15177.306s][info][gc,heap        ] GC(33183) ParOldGen: 558953K(559104K)->560049K(560640K)
[15177.306s][info][gc,metaspace   ] GC(33183) Metaspace: 62376K(62592K)->62376K(62592K) NonClass: 53330K(53504K)->53330K(53504K) Class: 9046K(9088K)->9046K(9088K)
[15177.307s][info][gc             ] GC(33183) Pause Young (Allocation Failure) 627M->549M(630M) 4.229ms
[15177.307s][info][gc,cpu         ] GC(33183) User=0.01s Sys=0.00s Real=0.01s
[15177.706s][info][gc,start       ] GC(33184) Pause Young (Allocation Failure)
[15177.711s][info][gc,heap        ] GC(33184) PSYoungGen: 84448K(84480K)->1568K(83456K) Eden: 81920K(81920K)->0K(80896K) From: 2528K(2560K)->1568K(2560K)
[15177.711s][info][gc,heap        ] GC(33184) ParOldGen: 560049K(560640K)->562145K(562176K)
[15177.711s][info][gc,metaspace   ] GC(33184) Metaspace: 62376K(62592K)->62376K(62592K) NonClass: 53330K(53504K)->53330K(53504K) Class: 9046K(9088K)->9046K(9088K)
[15177.711s][info][gc             ] GC(33184) Pause Young (Allocation Failure) 629M->550M(630M) 4.662ms
[15177.711s][info][gc,cpu         ] GC(33184) User=0.00s Sys=0.01s Real=0.00s
[15178.133s][info][gc,start       ] GC(33185) Pause Young (Allocation Failure)
[15178.135s][info][gc,heap        ] GC(33185) PSYoungGen: 82464K(83456K)->384K(83968K) Eden: 80896K(80896K)->0K(80896K) From: 1568K(2560K)->384K(3072K)
[15178.135s][info][gc,heap        ] GC(33185) ParOldGen: 562145K(562176K)->562201K(562688K)
[15178.135s][info][gc,metaspace   ] GC(33185) Metaspace: 62376K(62592K)->62376K(62592K) NonClass: 53330K(53504K)->53330K(53504K) Class: 9046K(9088K)->9046K(9088K)
[15178.135s][info][gc             ] GC(33185) Pause Young (Allocation Failure) 629M->549M(631M) 2.508ms
[15178.135s][info][gc,cpu         ] GC(33185) User=0.00s Sys=0.01s Real=0.00s
[15178.568s][info][gc,start       ] GC(33186) Pause Young (Allocation Failure)
[15178.571s][info][gc,heap        ] GC(33186) PSYoungGen: 81280K(83968K)->832K(83968K) Eden: 80896K(80896K)->0K(80896K) From: 384K(3072K)->832K(3072K)
[15178.571s][info][gc,heap        ] GC(33186) ParOldGen: 562201K(562688K)->562257K(562688K)
[15178.571s][info][gc,metaspace   ] GC(33186) Metaspace: 62376K(62592K)->62376K(62592K) NonClass: 53330K(53504K)->53330K(53504K) Class: 9046K(9088K)->9046K(9088K)
[15178.571s][info][gc             ] GC(33186) Pause Young (Allocation Failure) 628M->549M(631M) 2.923ms
[15178.571s][info][gc,cpu         ] GC(33186) User=0.00s Sys=0.01s Real=0.00s
[15178.962s][info][gc,start       ] GC(33187) Pause Young (Allocation Failure)
[15178.965s][info][gc,heap        ] GC(33187) PSYoungGen: 81728K(83968K)->832K(83968K) Eden: 80896K(80896K)->0K(80896K) From: 832K(3072K)->832K(3072K)
[15178.965s][info][gc,heap        ] GC(33187) ParOldGen: 562257K(562688K)->562305K(562688K)
[15178.965s][info][gc,metaspace   ] GC(33187) Metaspace: 62376K(62592K)->62376K(62592K) NonClass: 53330K(53504K)->53330K(53504K) Class: 9046K(9088K)->9046K(9088K)
[15178.965s][info][gc             ] GC(33187) Pause Young (Allocation Failure) 628M->549M(631M) 3.076ms
[15178.965s][info][gc,cpu         ] GC(33187) User=0.01s Sys=0.00s Real=0.00s
[15179.426s][info][gc,start       ] GC(33188) Pause Young (Allocation Failure)
[15179.429s][info][gc,heap        ] GC(33188) PSYoungGen: 81728K(83968K)->320K(83968K) Eden: 80896K(80896K)->0K(80896K) From: 832K(3072K)->320K(3072K)
[15179.429s][info][gc,heap        ] GC(33188) ParOldGen: 562305K(562688K)->562361K(562688K)
[15179.429s][info][gc,metaspace   ] GC(33188) Metaspace: 62376K(62592K)->62376K(62592K) NonClass: 53330K(53504K)->53330K(53504K) Class: 9046K(9088K)->9046K(9088K)
[15179.429s][info][gc             ] GC(33188) Pause Young (Allocation Failure) 628M->549M(631M) 2.410ms
[15179.429s][info][gc,cpu         ] GC(33188) User=0.00s Sys=0.00s Real=0.00s
[15179.853s][info][gc,start       ] GC(33189) Pause Young (Allocation Failure)
[15179.856s][info][gc,heap        ] GC(33189) PSYoungGen: 81216K(83968K)->640K(83968K) Eden: 80896K(80896K)->0K(80896K) From: 320K(3072K)->640K(3072K)
[15179.856s][info][gc,heap        ] GC(33189) ParOldGen: 562361K(562688K)->562457K(562688K)
[15179.856s][info][gc,metaspace   ] GC(33189) Metaspace: 62376K(62592K)->62376K(62592K) NonClass: 53330K(53504K)->53330K(53504K) Class: 9046K(9088K)->9046K(9088K)
[15179.856s][info][gc             ] GC(33189) Pause Young (Allocation Failure) 628M->549M(631M) 2.740ms
[15179.856s][info][gc,cpu         ] GC(33189) User=0.00s Sys=0.00s Real=0.00s
[15180.300s][info][gc,start       ] GC(33190) Pause Young (Allocation Failure)
[15180.303s][info][gc,heap        ] GC(33190) PSYoungGen: 81536K(83968K)->1216K(84480K) Eden: 80896K(80896K)->0K(81408K) From: 640K(3072K)->1216K(3072K)
[15180.303s][info][gc,heap        ] GC(33190) ParOldGen: 562457K(562688K)->562513K(562688K)
[15180.303s][info][gc,metaspace   ] GC(33190) Metaspace: 62376K(62592K)->62376K(62592K) NonClass: 53330K(53504K)->53330K(53504K) Class: 9046K(9088K)->9046K(9088K)
[15180.304s][info][gc             ] GC(33190) Pause Young (Allocation Failure) 628M->550M(632M) 3.189ms
[15180.304s][info][gc,cpu         ] GC(33190) User=0.00s Sys=0.00s Real=0.00s
[15180.714s][info][gc,start       ] GC(33191) Pause Young (Allocation Failure)
[15180.718s][info][gc,heap        ] GC(33191) PSYoungGen: 82624K(84480K)->1664K(83968K) Eden: 81408K(81408K)->0K(81408K) From: 1216K(3072K)->1664K(2560K)
[15180.718s][info][gc,heap        ] GC(33191) ParOldGen: 562513K(562688K)->562569K(562688K)
[15180.718s][info][gc,metaspace   ] GC(33191) Metaspace: 62376K(62592K)->62376K(62592K) NonClass: 53330K(53504K)->53330K(53504K) Class: 9046K(9088K)->9046K(9088K)
[15180.718s][info][gc             ] GC(33191) Pause Young (Allocation Failure) 630M->551M(631M) 3.553ms
[15180.718s][info][gc,cpu         ] GC(33191) User=0.00s Sys=0.00s Real=0.01s
[15181.101s][info][gc,start       ] GC(33192) Pause Young (Allocation Failure)
[15181.104s][info][gc,heap        ] GC(33192) PSYoungGen: 83072K(83968K)->1536K(83968K) Eden: 81408K(81408K)->0K(80896K) From: 1664K(2560K)->1536K(3072K)
[15181.104s][info][gc,heap        ] GC(33192) ParOldGen: 562569K(562688K)->562625K(562688K)
[15181.104s][info][gc,metaspace   ] GC(33192) Metaspace: 62376K(62592K)->62376K(62592K) NonClass: 53330K(53504K)->53330K(53504K) Class: 9046K(9088K)->9046K(9088K)
[15181.104s][info][gc             ] GC(33192) Pause Young (Allocation Failure) 630M->550M(631M) 3.556ms
[15181.104s][info][gc,cpu         ] GC(33192) User=0.00s Sys=0.00s Real=0.00s
[15181.498s][info][gc,start       ] GC(33193) Pause Young (Allocation Failure)
[15181.502s][info][gc,heap        ] GC(33193) PSYoungGen: 82432K(83968K)->1440K(83968K) Eden: 80896K(80896K)->0K(80896K) From: 1536K(3072K)->1440K(3072K)
[15181.502s][info][gc,heap        ] GC(33193) ParOldGen: 562625K(562688K)->562673K(562688K)
[15181.502s][info][gc,metaspace   ] GC(33193) Metaspace: 62376K(62592K)->62376K(62592K) NonClass: 53330K(53504K)->53330K(53504K) Class: 9046K(9088K)->9046K(9088K)
[15181.502s][info][gc             ] GC(33193) Pause Young (Allocation Failure) 629M->550M(631M) 3.379ms
[15181.502s][info][gc,cpu         ] GC(33193) User=0.01s Sys=0.00s Real=0.00s
[15181.889s][info][gc,start       ] GC(33194) Pause Young (Allocation Failure)
[15181.892s][info][gc,heap        ] GC(33194) PSYoungGen: 82336K(83968K)->2304K(83456K) Eden: 80896K(80896K)->0K(80896K) From: 1440K(3072K)->2304K(2560K)
[15181.892s][info][gc,heap        ] GC(33194) ParOldGen: 562673K(562688K)->563753K(564736K)
[15181.892s][info][gc,metaspace   ] GC(33194) Metaspace: 62376K(62592K)->62376K(62592K) NonClass: 53330K(53504K)->53330K(53504K) Class: 9046K(9088K)->9046K(9088K)
[15181.892s][info][gc             ] GC(33194) Pause Young (Allocation Failure) 629M->552M(633M) 3.871ms
[15181.892s][info][gc,cpu         ] GC(33194) User=0.01s Sys=0.00s Real=0.00s
[15182.290s][info][gc,start       ] GC(33195) Pause Young (Allocation Failure)
[15182.294s][info][gc,heap        ] GC(33195) PSYoungGen: 83200K(83456K)->1376K(83968K) Eden: 80896K(80896K)->0K(80896K) From: 2304K(2560K)->1376K(3072K)
[15182.294s][info][gc,heap        ] GC(33195) ParOldGen: 563753K(564736K)->565850K(566272K)
[15182.294s][info][gc,metaspace   ] GC(33195) Metaspace: 62376K(62592K)->62376K(62592K) NonClass: 53330K(53504K)->53330K(53504K) Class: 9046K(9088K)->9046K(9088K)
[15182.294s][info][gc             ] GC(33195) Pause Young (Allocation Failure) 631M->553M(635M) 4.467ms
[15182.294s][info][gc,cpu         ] GC(33195) User=0.01s Sys=0.00s Real=0.00s
[15182.692s][info][gc,start       ] GC(33196) Pause Young (Allocation Failure)
[15182.695s][info][gc,heap        ] GC(33196) PSYoungGen: 82272K(83968K)->1344K(84480K) Eden: 80896K(80896K)->0K(81408K) From: 1376K(3072K)->1344K(3072K)
[15182.695s][info][gc,heap        ] GC(33196) ParOldGen: 565850K(566272K)->565906K(566272K)
[15182.695s][info][gc,metaspace   ] GC(33196) Metaspace: 62376K(62592K)->62376K(62592K) NonClass: 53330K(53504K)->53330K(53504K) Class: 9046K(9088K)->9046K(9088K)
[15182.695s][info][gc             ] GC(33196) Pause Young (Allocation Failure) 632M->553M(635M) 3.328ms
[15182.695s][info][gc,cpu         ] GC(33196) User=0.01s Sys=0.00s Real=0.00s
[15183.092s][info][gc,start       ] GC(33197) Pause Young (Allocation Failure)
[15183.095s][info][gc,heap        ] GC(33197) PSYoungGen: 82752K(84480K)->1312K(83968K) Eden: 81408K(81408K)->0K(81408K) From: 1344K(3072K)->1312K(2560K)
[15183.095s][info][gc,heap        ] GC(33197) ParOldGen: 565906K(566272K)->565962K(566272K)
[15183.095s][info][gc,metaspace   ] GC(33197) Metaspace: 62376K(62592K)->62376K(62592K) NonClass: 53330K(53504K)->53330K(53504K) Class: 9046K(9088K)->9046K(9088K)
[15183.095s][info][gc             ] GC(33197) Pause Young (Allocation Failure) 633M->553M(635M) 3.243ms
[15183.095s][info][gc,cpu         ] GC(33197) User=0.01s Sys=0.00s Real=0.00s
[15183.537s][info][gc,start       ] GC(33198) Pause Young (Allocation Failure)
[15183.540s][info][gc,heap        ] GC(33198) PSYoungGen: 82720K(83968K)->416K(84480K) Eden: 81408K(81408K)->0K(81920K) From: 1312K(2560K)->416K(2560K)
[15183.540s][info][gc,heap        ] GC(33198) ParOldGen: 565962K(566272K)->566018K(566272K)
[15183.540s][info][gc,metaspace   ] GC(33198) Metaspace: 62376K(62592K)->62376K(62592K) NonClass: 53330K(53504K)->53330K(53504K) Class: 9046K(9088K)->9046K(9088K)
[15183.540s][info][gc             ] GC(33198) Pause Young (Allocation Failure) 633M->553M(635M) 2.556ms
[15183.540s][info][gc,cpu         ] GC(33198) User=0.01s Sys=0.00s Real=0.00s
[15183.969s][info][gc,start       ] GC(33199) Pause Young (Allocation Failure)
[15183.972s][info][gc,heap        ] GC(33199) PSYoungGen: 82336K(84480K)->864K(84480K) Eden: 81920K(81920K)->0K(81920K) From: 416K(2560K)->864K(2560K)
[15183.972s][info][gc,heap        ] GC(33199) ParOldGen: 566018K(566272K)->566074K(566272K)
[15183.972s][info][gc,metaspace   ] GC(33199) Metaspace: 62376K(62592K)->62376K(62592K) NonClass: 53330K(53504K)->53330K(53504K) Class: 9046K(9088K)->9046K(9088K)
[15183.972s][info][gc             ] GC(33199) Pause Young (Allocation Failure) 633M->553M(635M) 2.950ms
[15183.972s][info][gc,cpu         ] GC(33199) User=0.01s Sys=0.00s Real=0.00s
[15184.381s][info][gc,start       ] GC(33200) Pause Young (Allocation Failure)
[15184.385s][info][gc,heap        ] GC(33200) PSYoungGen: 82784K(84480K)->1248K(84480K) Eden: 81920K(81920K)->0K(81920K) From: 864K(2560K)->1248K(2560K)
[15184.385s][info][gc,heap        ] GC(33200) ParOldGen: 566074K(566272K)->566122K(566272K)
[15184.385s][info][gc,metaspace   ] GC(33200) Metaspace: 62376K(62592K)->62376K(62592K) NonClass: 53330K(53504K)->53330K(53504K) Class: 9046K(9088K)->9046K(9088K)
[15184.385s][info][gc             ] GC(33200) Pause Young (Allocation Failure) 633M->554M(635M) 3.346ms
[15184.385s][info][gc,cpu         ] GC(33200) User=0.01s Sys=0.00s Real=0.00s
[15184.820s][info][gc,start       ] GC(33201) Pause Young (Allocation Failure)
[15184.823s][info][gc,heap        ] GC(33201) PSYoungGen: 83168K(84480K)->1728K(84480K) Eden: 81920K(81920K)->0K(81920K) From: 1248K(2560K)->1728K(2560K)
[15184.823s][info][gc,heap        ] GC(33201) ParOldGen: 566122K(566272K)->566178K(566272K)
[15184.823s][info][gc,metaspace   ] GC(33201) Metaspace: 62376K(62592K)->62376K(62592K) NonClass: 53330K(53504K)->53330K(53504K) Class: 9046K(9088K)->9046K(9088K)
[15184.823s][info][gc             ] GC(33201) Pause Young (Allocation Failure) 634M->554M(635M) 3.736ms
[15184.823s][info][gc,cpu         ] GC(33201) User=0.01s Sys=0.00s Real=0.00s
[15185.262s][info][gc,start       ] GC(33202) Pause Young (Allocation Failure)
[15185.265s][info][gc,heap        ] GC(33202) PSYoungGen: 83648K(84480K)->768K(84480K) Eden: 81920K(81920K)->0K(81920K) From: 1728K(2560K)->768K(2560K)
[15185.265s][info][gc,heap        ] GC(33202) ParOldGen: 566178K(566272K)->566234K(566272K)
[15185.265s][info][gc,metaspace   ] GC(33202) Metaspace: 62376K(62592K)->62376K(62592K) NonClass: 53330K(53504K)->53330K(53504K) Class: 9046K(9088K)->9046K(9088K)
[15185.265s][info][gc             ] GC(33202) Pause Young (Allocation Failure) 634M->553M(635M) 2.856ms
[15185.265s][info][gc,cpu         ] GC(33202) User=0.01s Sys=0.00s Real=0.00s
[15185.698s][info][gc,start       ] GC(33203) Pause Young (Allocation Failure)
[15185.702s][info][gc,heap        ] GC(33203) PSYoungGen: 82688K(84480K)->1312K(84480K) Eden: 81920K(81920K)->0K(81920K) From: 768K(2560K)->1312K(2560K)
[15185.702s][info][gc,heap        ] GC(33203) ParOldGen: 566234K(566272K)->566290K(566784K)
[15185.702s][info][gc,metaspace   ] GC(33203) Metaspace: 62376K(62592K)->62376K(62592K) NonClass: 53330K(53504K)->53330K(53504K) Class: 9046K(9088K)->9046K(9088K)
[15185.702s][info][gc             ] GC(33203) Pause Young (Allocation Failure) 633M->554M(636M) 3.568ms
[15185.702s][info][gc,cpu         ] GC(33203) User=0.01s Sys=0.00s Real=0.00s
[15186.132s][info][gc,start       ] GC(33204) Pause Young (Allocation Failure)
[15186.135s][info][gc,heap        ] GC(33204) PSYoungGen: 83232K(84480K)->1376K(84480K) Eden: 81920K(81920K)->0K(81920K) From: 1312K(2560K)->1376K(2560K)
[15186.135s][info][gc,heap        ] GC(33204) ParOldGen: 566290K(566784K)->566346K(566784K)
[15186.135s][info][gc,metaspace   ] GC(33204) Metaspace: 62376K(62592K)->62376K(62592K) NonClass: 53330K(53504K)->53330K(53504K) Class: 9046K(9088K)->9046K(9088K)
[15186.135s][info][gc             ] GC(33204) Pause Young (Allocation Failure) 634M->554M(636M) 2.639ms
[15186.135s][info][gc,cpu         ] GC(33204) User=0.00s Sys=0.00s Real=0.00s
[15186.619s][info][gc,start       ] GC(33205) Pause Young (Allocation Failure)
[15186.623s][info][gc,heap        ] GC(33205) PSYoungGen: 83296K(84480K)->1664K(84480K) Eden: 81920K(81920K)->0K(81920K) From: 1376K(2560K)->1664K(2560K)
[15186.623s][info][gc,heap        ] GC(33205) ParOldGen: 566346K(566784K)->567418K(568320K)
[15186.623s][info][gc,metaspace   ] GC(33205) Metaspace: 62376K(62592K)->62376K(62592K) NonClass: 53330K(53504K)->53330K(53504K) Class: 9046K(9088K)->9046K(9088K)
[15186.623s][info][gc             ] GC(33205) Pause Young (Allocation Failure) 634M->555M(637M) 4.175ms
[15186.623s][info][gc,cpu         ] GC(33205) User=0.00s Sys=0.00s Real=0.00s
[15187.062s][info][gc,start       ] GC(33206) Pause Young (Allocation Failure)
[15187.065s][info][gc,heap        ] GC(33206) PSYoungGen: 83584K(84480K)->800K(84480K) Eden: 81920K(81920K)->0K(81920K) From: 1664K(2560K)->800K(2560K)
[15187.065s][info][gc,heap        ] GC(33206) ParOldGen: 567418K(568320K)->567514K(568320K)
[15187.065s][info][gc,metaspace   ] GC(33206) Metaspace: 62376K(62592K)->62376K(62592K) NonClass: 53330K(53504K)->53330K(53504K) Class: 9046K(9088K)->9046K(9088K)
[15187.065s][info][gc             ] GC(33206) Pause Young (Allocation Failure) 635M->554M(637M) 2.919ms
[15187.065s][info][gc,cpu         ] GC(33206) User=0.01s Sys=0.00s Real=0.00s
[15187.500s][info][gc,start       ] GC(33207) Pause Young (Allocation Failure)
[15187.503s][info][gc,heap        ] GC(33207) PSYoungGen: 82720K(84480K)->1344K(84480K) Eden: 81920K(81920K)->0K(81920K) From: 800K(2560K)->1344K(2560K)
[15187.503s][info][gc,heap        ] GC(33207) ParOldGen: 567514K(568320K)->567570K(568320K)
[15187.503s][info][gc,metaspace   ] GC(33207) Metaspace: 62376K(62592K)->62376K(62592K) NonClass: 53330K(53504K)->53330K(53504K) Class: 9046K(9088K)->9046K(9088K)
[15187.503s][info][gc             ] GC(33207) Pause Young (Allocation Failure) 634M->555M(637M) 3.266ms
[15187.503s][info][gc,cpu         ] GC(33207) User=0.01s Sys=0.00s Real=0.00s
[15187.907s][info][gc,start       ] GC(33208) Pause Young (Allocation Failure)
[15187.911s][info][gc,heap        ] GC(33208) PSYoungGen: 83264K(84480K)->1600K(84480K) Eden: 81920K(81920K)->0K(81920K) From: 1344K(2560K)->1600K(2560K)
[15187.911s][info][gc,heap        ] GC(33208) ParOldGen: 567570K(568320K)->567626K(568320K)
[15187.911s][info][gc,metaspace   ] GC(33208) Metaspace: 62376K(62592K)->62376K(62592K) NonClass: 53330K(53504K)->53330K(53504K) Class: 9046K(9088K)->9046K(9088K)
[15187.911s][info][gc             ] GC(33208) Pause Young (Allocation Failure) 635M->555M(637M) 3.472ms
[15187.911s][info][gc,cpu         ] GC(33208) User=0.01s Sys=0.00s Real=0.00s
[15188.323s][info][gc,start       ] GC(33209) Pause Young (Allocation Failure)
[15188.325s][info][gc,heap        ] GC(33209) PSYoungGen: 83520K(84480K)->224K(84480K) Eden: 81920K(81920K)->0K(81920K) From: 1600K(2560K)->224K(2560K)
[15188.325s][info][gc,heap        ] GC(33209) ParOldGen: 567626K(568320K)->567682K(568320K)
[15188.325s][info][gc,metaspace   ] GC(33209) Metaspace: 62376K(62592K)->62376K(62592K) NonClass: 53330K(53504K)->53330K(53504K) Class: 9046K(9088K)->9046K(9088K)
[15188.325s][info][gc             ] GC(33209) Pause Young (Allocation Failure) 635M->554M(637M) 2.379ms
[15188.325s][info][gc,cpu         ] GC(33209) User=0.00s Sys=0.00s Real=0.00s
[15188.732s][info][gc,start       ] GC(33210) Pause Young (Allocation Failure)
[15188.735s][info][gc,heap        ] GC(33210) PSYoungGen: 82144K(84480K)->352K(84480K) Eden: 81920K(81920K)->0K(81920K) From: 224K(2560K)->352K(2560K)
[15188.735s][info][gc,heap        ] GC(33210) ParOldGen: 567682K(568320K)->567738K(568320K)
[15188.735s][info][gc,metaspace   ] GC(33210) Metaspace: 62376K(62592K)->62376K(62592K) NonClass: 53330K(53504K)->53330K(53504K) Class: 9046K(9088K)->9046K(9088K)
[15188.735s][info][gc             ] GC(33210) Pause Young (Allocation Failure) 634M->554M(637M) 2.496ms
[15188.735s][info][gc,cpu         ] GC(33210) User=0.00s Sys=0.00s Real=0.00s
[15189.147s][info][gc,start       ] GC(33211) Pause Young (Allocation Failure)
[15189.149s][info][gc,heap        ] GC(33211) PSYoungGen: 82272K(84480K)->544K(84480K) Eden: 81920K(81920K)->0K(81920K) From: 352K(2560K)->544K(2560K)
[15189.150s][info][gc,heap        ] GC(33211) ParOldGen: 567738K(568320K)->567794K(568320K)
[15189.150s][info][gc,metaspace   ] GC(33211) Metaspace: 62376K(62592K)->62376K(62592K) NonClass: 53330K(53504K)->53330K(53504K) Class: 9046K(9088K)->9046K(9088K)
[15189.150s][info][gc             ] GC(33211) Pause Young (Allocation Failure) 634M->555M(637M) 2.933ms
[15189.150s][info][gc,cpu         ] GC(33211) User=0.01s Sys=0.00s Real=0.00s
[15189.552s][info][gc,start       ] GC(33212) Pause Young (Allocation Failure)
[15189.554s][info][gc,heap        ] GC(33212) PSYoungGen: 82464K(84480K)->672K(84480K) Eden: 81920K(81920K)->0K(81920K) From: 544K(2560K)->672K(2560K)
[15189.554s][info][gc,heap        ] GC(33212) ParOldGen: 567794K(568320K)->567850K(568320K)
[15189.554s][info][gc,metaspace   ] GC(33212) Metaspace: 62376K(62592K)->62376K(62592K) NonClass: 53330K(53504K)->53330K(53504K) Class: 9046K(9088K)->9046K(9088K)
[15189.554s][info][gc             ] GC(33212) Pause Young (Allocation Failure) 635M->555M(637M) 2.710ms
[15189.554s][info][gc,cpu         ] GC(33212) User=0.01s Sys=0.00s Real=0.00s
[15189.997s][info][gc,start       ] GC(33213) Pause Young (Allocation Failure)
[15190.000s][info][gc,heap        ] GC(33213) PSYoungGen: 82592K(84480K)->1248K(84480K) Eden: 81920K(81920K)->0K(81920K) From: 672K(2560K)->1248K(2560K)
[15190.000s][info][gc,heap        ] GC(33213) ParOldGen: 567850K(568320K)->567898K(568320K)
[15190.000s][info][gc,metaspace   ] GC(33213) Metaspace: 62376K(62592K)->62376K(62592K) NonClass: 53330K(53504K)->53330K(53504K) Class: 9046K(9088K)->9046K(9088K)
[15190.000s][info][gc             ] GC(33213) Pause Young (Allocation Failure) 635M->555M(637M) 3.233ms
[15190.000s][info][gc,cpu         ] GC(33213) User=0.00s Sys=0.01s Real=0.00s
[15190.437s][info][gc,start       ] GC(33214) Pause Young (Allocation Failure)
[15190.440s][info][gc,heap        ] GC(33214) PSYoungGen: 83168K(84480K)->416K(84480K) Eden: 81920K(81920K)->0K(81920K) From: 1248K(2560K)->416K(2560K)
[15190.440s][info][gc,heap        ] GC(33214) ParOldGen: 567898K(568320K)->567954K(568320K)
[15190.440s][info][gc,metaspace   ] GC(33214) Metaspace: 62376K(62592K)->62376K(62592K) NonClass: 53330K(53504K)->53330K(53504K) Class: 9046K(9088K)->9046K(9088K)
[15190.440s][info][gc             ] GC(33214) Pause Young (Allocation Failure) 635M->555M(637M) 2.529ms
[15190.440s][info][gc,cpu         ] GC(33214) User=0.00s Sys=0.00s Real=0.00s
[15190.868s][info][gc,start       ] GC(33215) Pause Young (Allocation Failure)
[15190.871s][info][gc,heap        ] GC(33215) PSYoungGen: 82336K(84480K)->1888K(84480K) Eden: 81920K(81920K)->0K(81920K) From: 416K(2560K)->1888K(2560K)
[15190.871s][info][gc,heap        ] GC(33215) ParOldGen: 567954K(568320K)->568010K(568320K)
[15190.871s][info][gc,metaspace   ] GC(33215) Metaspace: 62376K(62592K)->62376K(62592K) NonClass: 53330K(53504K)->53330K(53504K) Class: 9046K(9088K)->9046K(9088K)
[15190.871s][info][gc             ] GC(33215) Pause Young (Allocation Failure) 635M->556M(637M) 3.017ms
[15190.871s][info][gc,cpu         ] GC(33215) User=0.01s Sys=0.00s Real=0.00s
[15191.266s][info][gc,start       ] GC(33216) Pause Young (Allocation Failure)
[15191.269s][info][gc,heap        ] GC(33216) PSYoungGen: 83808K(84480K)->928K(84480K) Eden: 81920K(81920K)->0K(81920K) From: 1888K(2560K)->928K(2560K)
[15191.269s][info][gc,heap        ] GC(33216) ParOldGen: 568010K(568320K)->569082K(569856K)
[15191.269s][info][gc,metaspace   ] GC(33216) Metaspace: 62376K(62592K)->62376K(62592K) NonClass: 53330K(53504K)->53330K(53504K) Class: 9046K(9088K)->9046K(9088K)
[15191.269s][info][gc             ] GC(33216) Pause Young (Allocation Failure) 636M->556M(639M) 3.395ms
[15191.269s][info][gc,cpu         ] GC(33216) User=0.01s Sys=0.00s Real=0.01s
[15191.648s][info][gc,start       ] GC(33217) Pause Young (Allocation Failure)
[15191.651s][info][gc,heap        ] GC(33217) PSYoungGen: 82848K(84480K)->672K(84480K) Eden: 81920K(81920K)->0K(81920K) From: 928K(2560K)->672K(2560K)
[15191.651s][info][gc,heap        ] GC(33217) ParOldGen: 569082K(569856K)->569138K(569856K)
[15191.651s][info][gc,metaspace   ] GC(33217) Metaspace: 62376K(62592K)->62376K(62592K) NonClass: 53330K(53504K)->53330K(53504K) Class: 9046K(9088K)->9046K(9088K)
[15191.651s][info][gc             ] GC(33217) Pause Young (Allocation Failure) 636M->556M(639M) 2.569ms
[15191.651s][info][gc,cpu         ] GC(33217) User=0.01s Sys=0.00s Real=0.00s
[15192.061s][info][gc,start       ] GC(33218) Pause Young (Allocation Failure)
[15192.064s][info][gc,heap        ] GC(33218) PSYoungGen: 82592K(84480K)->800K(84480K) Eden: 81920K(81920K)->0K(81920K) From: 672K(2560K)->800K(2560K)
[15192.064s][info][gc,heap        ] GC(33218) ParOldGen: 569138K(569856K)->569186K(569856K)
[15192.064s][info][gc,metaspace   ] GC(33218) Metaspace: 62376K(62592K)->62376K(62592K) NonClass: 53330K(53504K)->53330K(53504K) Class: 9046K(9088K)->9046K(9088K)
[15192.064s][info][gc             ] GC(33218) Pause Young (Allocation Failure) 636M->556M(639M) 2.724ms
[15192.064s][info][gc,cpu         ] GC(33218) User=0.01s Sys=0.00s Real=0.00s
[15192.470s][info][gc,start       ] GC(33219) Pause Young (Allocation Failure)
[15192.473s][info][gc,heap        ] GC(33219) PSYoungGen: 82720K(84480K)->928K(84480K) Eden: 81920K(81920K)->0K(81920K) From: 800K(2560K)->928K(2560K)
[15192.473s][info][gc,heap        ] GC(33219) ParOldGen: 569186K(569856K)->569242K(569856K)
[15192.473s][info][gc,metaspace   ] GC(33219) Metaspace: 62376K(62592K)->62376K(62592K) NonClass: 53330K(53504K)->53330K(53504K) Class: 9046K(9088K)->9046K(9088K)
[15192.473s][info][gc             ] GC(33219) Pause Young (Allocation Failure) 636M->556M(639M) 2.994ms
[15192.473s][info][gc,cpu         ] GC(33219) User=0.01s Sys=0.00s Real=0.00s
[15192.892s][info][gc,start       ] GC(33220) Pause Young (Allocation Failure)
[15192.895s][info][gc,heap        ] GC(33220) PSYoungGen: 82848K(84480K)->1248K(84992K) Eden: 81920K(81920K)->0K(82432K) From: 928K(2560K)->1248K(2560K)
[15192.895s][info][gc,heap        ] GC(33220) ParOldGen: 569242K(569856K)->569298K(569856K)
[15192.895s][info][gc,metaspace   ] GC(33220) Metaspace: 62376K(62592K)->62376K(62592K) NonClass: 53330K(53504K)->53330K(53504K) Class: 9046K(9088K)->9046K(9088K)
[15192.895s][info][gc             ] GC(33220) Pause Young (Allocation Failure) 636M->557M(639M) 3.426ms
[15192.895s][info][gc,cpu         ] GC(33220) User=0.01s Sys=0.00s Real=0.00s
[15193.316s][info][gc,start       ] GC(33221) Pause Young (Allocation Failure)
[15193.319s][info][gc,heap        ] GC(33221) PSYoungGen: 83680K(84992K)->1632K(84480K) Eden: 82432K(82432K)->0K(82432K) From: 1248K(2560K)->1632K(2048K)
[15193.319s][info][gc,heap        ] GC(33221) ParOldGen: 569298K(569856K)->569346K(569856K)
[15193.319s][info][gc,metaspace   ] GC(33221) Metaspace: 62376K(62592K)->62376K(62592K) NonClass: 53330K(53504K)->53330K(53504K) Class: 9046K(9088K)->9046K(9088K)
[15193.320s][info][gc             ] GC(33221) Pause Young (Allocation Failure) 637M->557M(639M) 3.782ms
[15193.320s][info][gc,cpu         ] GC(33221) User=0.01s Sys=0.00s Real=0.01s
[15193.780s][info][gc,start       ] GC(33222) Pause Young (Allocation Failure)
[15193.783s][info][gc,heap        ] GC(33222) PSYoungGen: 84064K(84480K)->1184K(84480K) Eden: 82432K(82432K)->0K(81920K) From: 1632K(2048K)->1184K(2560K)
[15193.783s][info][gc,heap        ] GC(33222) ParOldGen: 569346K(569856K)->569394K(569856K)
[15193.783s][info][gc,metaspace   ] GC(33222) Metaspace: 62376K(62592K)->62376K(62592K) NonClass: 53330K(53504K)->53330K(53504K) Class: 9046K(9088K)->9046K(9088K)
[15193.783s][info][gc             ] GC(33222) Pause Young (Allocation Failure) 638M->557M(639M) 3.032ms
[15193.783s][info][gc,cpu         ] GC(33222) User=0.00s Sys=0.00s Real=0.00s
[15194.194s][info][gc,start       ] GC(33223) Pause Young (Allocation Failure)
[15194.197s][info][gc,heap        ] GC(33223) PSYoungGen: 83104K(84480K)->1344K(84480K) Eden: 81920K(81920K)->0K(81920K) From: 1184K(2560K)->1344K(2560K)
[15194.197s][info][gc,heap        ] GC(33223) ParOldGen: 569394K(569856K)->569498K(569856K)
[15194.197s][info][gc,metaspace   ] GC(33223) Metaspace: 62376K(62592K)->62376K(62592K) NonClass: 53330K(53504K)->53330K(53504K) Class: 9046K(9088K)->9046K(9088K)
[15194.197s][info][gc             ] GC(33223) Pause Young (Allocation Failure) 637M->557M(639M) 3.237ms
[15194.197s][info][gc,cpu         ] GC(33223) User=0.00s Sys=0.00s Real=0.01s
[15194.613s][info][gc,start       ] GC(33224) Pause Young (Allocation Failure)
[15194.616s][info][gc,heap        ] GC(33224) PSYoungGen: 83264K(84480K)->1600K(84480K) Eden: 81920K(81920K)->0K(81920K) From: 1344K(2560K)->1600K(2560K)
[15194.616s][info][gc,heap        ] GC(33224) ParOldGen: 569498K(569856K)->569554K(569856K)
[15194.616s][info][gc,metaspace   ] GC(33224) Metaspace: 62376K(62592K)->62376K(62592K) NonClass: 53330K(53504K)->53330K(53504K) Class: 9046K(9088K)->9046K(9088K)
[15194.616s][info][gc             ] GC(33224) Pause Young (Allocation Failure) 637M->557M(639M) 3.230ms
[15194.616s][info][gc,cpu         ] GC(33224) User=0.00s Sys=0.00s Real=0.00s
[15195.012s][info][gc,start       ] GC(33225) Pause Young (Allocation Failure)
[15195.016s][info][gc,heap        ] GC(33225) PSYoungGen: 83520K(84480K)->2528K(84480K) Eden: 81920K(81920K)->0K(81920K) From: 1600K(2560K)->2528K(2560K)
[15195.016s][info][gc,heap        ] GC(33225) ParOldGen: 569554K(569856K)->570634K(571392K)
[15195.016s][info][gc,metaspace   ] GC(33225) Metaspace: 62376K(62592K)->62376K(62592K) NonClass: 53330K(53504K)->53330K(53504K) Class: 9046K(9088K)->9046K(9088K)
[15195.016s][info][gc             ] GC(33225) Pause Young (Allocation Failure) 637M->559M(640M) 3.975ms
[15195.016s][info][gc,cpu         ] GC(33225) User=0.01s Sys=0.00s Real=0.00s
[15195.400s][info][gc,start       ] GC(33226) Pause Young (Allocation Failure)
[15195.404s][info][gc,heap        ] GC(33226) PSYoungGen: 84448K(84480K)->1536K(84480K) Eden: 81920K(81920K)->0K(81920K) From: 2528K(2560K)->1536K(2560K)
[15195.404s][info][gc,heap        ] GC(33226) ParOldGen: 570634K(571392K)->572738K(572928K)
[15195.404s][info][gc,metaspace   ] GC(33226) Metaspace: 62376K(62592K)->62376K(62592K) NonClass: 53330K(53504K)->53330K(53504K) Class: 9046K(9088K)->9046K(9088K)
[15195.404s][info][gc             ] GC(33226) Pause Young (Allocation Failure) 639M->560M(642M) 4.503ms
[15195.405s][info][gc,cpu         ] GC(33226) User=0.01s Sys=0.00s Real=0.00s
[15195.790s][info][gc,start       ] GC(33227) Pause Young (Allocation Failure)
[15195.793s][info][gc,heap        ] GC(33227) PSYoungGen: 83456K(84480K)->1344K(84480K) Eden: 81920K(81920K)->0K(81920K) From: 1536K(2560K)->1344K(2560K)
[15195.793s][info][gc,heap        ] GC(33227) ParOldGen: 572738K(572928K)->572786K(572928K)
[15195.793s][info][gc,metaspace   ] GC(33227) Metaspace: 62376K(62592K)->62376K(62592K) NonClass: 53330K(53504K)->53330K(53504K) Class: 9046K(9088K)->9046K(9088K)
[15195.793s][info][gc             ] GC(33227) Pause Young (Allocation Failure) 640M->560M(642M) 3.041ms
[15195.793s][info][gc,cpu         ] GC(33227) User=0.00s Sys=0.00s Real=0.00s
[15196.198s][info][gc,start       ] GC(33228) Pause Young (Allocation Failure)
[15196.201s][info][gc,heap        ] GC(33228) PSYoungGen: 83264K(84480K)->1408K(84480K) Eden: 81920K(81920K)->0K(81920K) From: 1344K(2560K)->1408K(2560K)
[15196.201s][info][gc,heap        ] GC(33228) ParOldGen: 572786K(572928K)->572842K(572928K)
[15196.201s][info][gc,metaspace   ] GC(33228) Metaspace: 62376K(62592K)->62376K(62592K) NonClass: 53330K(53504K)->53330K(53504K) Class: 9046K(9088K)->9046K(9088K)
[15196.201s][info][gc             ] GC(33228) Pause Young (Allocation Failure) 640M->560M(642M) 3.237ms
[15196.201s][info][gc,cpu         ] GC(33228) User=0.01s Sys=0.00s Real=0.00s
[15196.585s][info][gc,start       ] GC(33229) Pause Young (Allocation Failure)
[15196.588s][info][gc,heap        ] GC(33229) PSYoungGen: 83328K(84480K)->1248K(84480K) Eden: 81920K(81920K)->0K(81920K) From: 1408K(2560K)->1248K(2560K)
[15196.588s][info][gc,heap        ] GC(33229) ParOldGen: 572842K(572928K)->572898K(572928K)
[15196.588s][info][gc,metaspace   ] GC(33229) Metaspace: 62376K(62592K)->62376K(62592K) NonClass: 53330K(53504K)->53330K(53504K) Class: 9046K(9088K)->9046K(9088K)
[15196.588s][info][gc             ] GC(33229) Pause Young (Allocation Failure) 640M->560M(642M) 3.105ms
[15196.588s][info][gc,cpu         ] GC(33229) User=0.00s Sys=0.00s Real=0.01s
[15196.977s][info][gc,start       ] GC(33230) Pause Young (Allocation Failure)
[15196.980s][info][gc,heap        ] GC(33230) PSYoungGen: 83168K(84480K)->1120K(84480K) Eden: 81920K(81920K)->0K(81920K) From: 1248K(2560K)->1120K(2560K)
[15196.980s][info][gc,heap        ] GC(33230) ParOldGen: 572898K(572928K)->572946K(573440K)
[15196.980s][info][gc,metaspace   ] GC(33230) Metaspace: 62376K(62592K)->62376K(62592K) NonClass: 53330K(53504K)->53330K(53504K) Class: 9046K(9088K)->9046K(9088K)
[15196.980s][info][gc             ] GC(33230) Pause Young (Allocation Failure) 640M->560M(642M) 2.954ms
[15196.980s][info][gc,cpu         ] GC(33230) User=0.01s Sys=0.00s Real=0.00s
[15197.368s][info][gc,start       ] GC(33231) Pause Young (Allocation Failure)
[15197.371s][info][gc,heap        ] GC(33231) PSYoungGen: 83040K(84480K)->960K(84480K) Eden: 81920K(81920K)->0K(81920K) From: 1120K(2560K)->960K(2560K)
[15197.371s][info][gc,heap        ] GC(33231) ParOldGen: 572946K(573440K)->572994K(573440K)
[15197.371s][info][gc,metaspace   ] GC(33231) Metaspace: 62376K(62592K)->62376K(62592K) NonClass: 53330K(53504K)->53330K(53504K) Class: 9046K(9088K)->9046K(9088K)
[15197.371s][info][gc             ] GC(33231) Pause Young (Allocation Failure) 640M->560M(642M) 2.987ms
[15197.371s][info][gc,cpu         ] GC(33231) User=0.01s Sys=0.00s Real=0.00s
[15197.751s][info][gc,start       ] GC(33232) Pause Young (Allocation Failure)
[15197.754s][info][gc,heap        ] GC(33232) PSYoungGen: 82880K(84480K)->704K(84480K) Eden: 81920K(81920K)->0K(81920K) From: 960K(2560K)->704K(2560K)
[15197.754s][info][gc,heap        ] GC(33232) ParOldGen: 572994K(573440K)->573050K(573440K)
[15197.754s][info][gc,metaspace   ] GC(33232) Metaspace: 62376K(62592K)->62376K(62592K) NonClass: 53330K(53504K)->53330K(53504K) Class: 9046K(9088K)->9046K(9088K)
[15197.754s][info][gc             ] GC(33232) Pause Young (Allocation Failure) 640M->560M(642M) 2.776ms
[15197.754s][info][gc,cpu         ] GC(33232) User=0.01s Sys=0.00s Real=0.00s
[15198.171s][info][gc,start       ] GC(33233) Pause Young (Allocation Failure)
[15198.174s][info][gc,heap        ] GC(33233) PSYoungGen: 82624K(84480K)->928K(84480K) Eden: 81920K(81920K)->0K(81920K) From: 704K(2560K)->928K(2560K)
[15198.174s][info][gc,heap        ] GC(33233) ParOldGen: 573050K(573440K)->573098K(573440K)
[15198.174s][info][gc,metaspace   ] GC(33233) Metaspace: 62376K(62592K)->62376K(62592K) NonClass: 53330K(53504K)->53330K(53504K) Class: 9046K(9088K)->9046K(9088K)
[15198.174s][info][gc             ] GC(33233) Pause Young (Allocation Failure) 640M->560M(642M) 3.307ms
[15198.174s][info][gc,cpu         ] GC(33233) User=0.01s Sys=0.00s Real=0.00s
[15198.595s][info][gc,start       ] GC(33234) Pause Young (Allocation Failure)
[15198.599s][info][gc,heap        ] GC(33234) PSYoungGen: 82848K(84480K)->1408K(84480K) Eden: 81920K(81920K)->0K(81920K) From: 928K(2560K)->1408K(2560K)
[15198.599s][info][gc,heap        ] GC(33234) ParOldGen: 573098K(573440K)->573146K(573440K)
[15198.599s][info][gc,metaspace   ] GC(33234) Metaspace: 62376K(62592K)->62376K(62592K) NonClass: 53330K(53504K)->53330K(53504K) Class: 9046K(9088K)->9046K(9088K)
[15198.599s][info][gc             ] GC(33234) Pause Young (Allocation Failure) 640M->561M(642M) 3.471ms
[15198.599s][info][gc,cpu         ] GC(33234) User=0.01s Sys=0.00s Real=0.01s
[15199.014s][info][gc,start       ] GC(33235) Pause Young (Allocation Failure)
[15199.018s][info][gc,heap        ] GC(33235) PSYoungGen: 83328K(84480K)->1632K(84480K) Eden: 81920K(81920K)->0K(81920K) From: 1408K(2560K)->1632K(2560K)
[15199.018s][info][gc,heap        ] GC(33235) ParOldGen: 573146K(573440K)->573194K(573440K)
[15199.018s][info][gc,metaspace   ] GC(33235) Metaspace: 62376K(62592K)->62376K(62592K) NonClass: 53330K(53504K)->53330K(53504K) Class: 9046K(9088K)->9046K(9088K)
[15199.018s][info][gc             ] GC(33235) Pause Young (Allocation Failure) 641M->561M(642M) 3.654ms
[15199.018s][info][gc,cpu         ] GC(33235) User=0.01s Sys=0.00s Real=0.01s
[15199.393s][info][gc,start       ] GC(33236) Pause Young (Allocation Failure)
[15199.397s][info][gc,heap        ] GC(33236) PSYoungGen: 83552K(84480K)->2464K(84480K) Eden: 81920K(81920K)->0K(81920K) From: 1632K(2560K)->2464K(2560K)
[15199.397s][info][gc,heap        ] GC(33236) ParOldGen: 573194K(573440K)->573250K(573440K)
[15199.397s][info][gc,metaspace   ] GC(33236) Metaspace: 62376K(62592K)->62376K(62592K) NonClass: 53330K(53504K)->53330K(53504K) Class: 9046K(9088K)->9046K(9088K)
[15199.397s][info][gc             ] GC(33236) Pause Young (Allocation Failure) 641M->562M(642M) 3.508ms
[15199.397s][info][gc,cpu         ] GC(33236) User=0.01s Sys=0.00s Real=0.01s
[15199.772s][info][gc,start       ] GC(33237) Pause Young (Allocation Failure)
[15199.776s][info][gc,heap        ] GC(33237) PSYoungGen: 84384K(84480K)->1024K(84480K) Eden: 81920K(81920K)->0K(81920K) From: 2464K(2560K)->1024K(2560K)
[15199.776s][info][gc,heap        ] GC(33237) ParOldGen: 573250K(573440K)->575346K(576512K)
[15199.776s][info][gc,metaspace   ] GC(33237) Metaspace: 62376K(62592K)->62376K(62592K) NonClass: 53330K(53504K)->53330K(53504K) Class: 9046K(9088K)->9046K(9088K)
[15199.776s][info][gc             ] GC(33237) Pause Young (Allocation Failure) 642M->562M(645M) 3.953ms
[15199.776s][info][gc,cpu         ] GC(33237) User=0.00s Sys=0.01s Real=0.00s
[15200.198s][info][gc,start       ] GC(33238) Pause Young (Allocation Failure)
[15200.201s][info][gc,heap        ] GC(33238) PSYoungGen: 82944K(84480K)->848K(84480K) Eden: 81920K(81920K)->0K(81920K) From: 1024K(2560K)->848K(2560K)
[15200.201s][info][gc,heap        ] GC(33238) ParOldGen: 575346K(576512K)->575394K(576512K)
[15200.201s][info][gc,metaspace   ] GC(33238) Metaspace: 62376K(62592K)->62376K(62592K) NonClass: 53330K(53504K)->53330K(53504K) Class: 9046K(9088K)->9046K(9088K)
[15200.201s][info][gc             ] GC(33238) Pause Young (Allocation Failure) 642M->562M(645M) 2.923ms
[15200.201s][info][gc,cpu         ] GC(33238) User=0.01s Sys=0.00s Real=0.00s
[15200.557s][info][gc,start       ] GC(33239) Pause Young (Allocation Failure)
[15200.560s][info][gc,heap        ] GC(33239) PSYoungGen: 82768K(84480K)->768K(84480K) Eden: 81920K(81920K)->0K(81920K) From: 848K(2560K)->768K(2560K)
[15200.560s][info][gc,heap        ] GC(33239) ParOldGen: 575394K(576512K)->575490K(576512K)
[15200.560s][info][gc,metaspace   ] GC(33239) Metaspace: 62376K(62592K)->62376K(62592K) NonClass: 53330K(53504K)->53330K(53504K) Class: 9046K(9088K)->9046K(9088K)
[15200.560s][info][gc             ] GC(33239) Pause Young (Allocation Failure) 642M->562M(645M) 2.670ms
[15200.560s][info][gc,cpu         ] GC(33239) User=0.01s Sys=0.00s Real=0.00s
[15200.917s][info][gc,start       ] GC(33240) Pause Young (Allocation Failure)
[15200.920s][info][gc,heap        ] GC(33240) PSYoungGen: 82688K(84480K)->1760K(84480K) Eden: 81920K(81920K)->0K(81920K) From: 768K(2560K)->1760K(2560K)
[15200.920s][info][gc,heap        ] GC(33240) ParOldGen: 575490K(576512K)->575538K(576512K)
[15200.920s][info][gc,metaspace   ] GC(33240) Metaspace: 62376K(62592K)->62376K(62592K) NonClass: 53330K(53504K)->53330K(53504K) Class: 9046K(9088K)->9046K(9088K)
[15200.920s][info][gc             ] GC(33240) Pause Young (Allocation Failure) 642M->563M(645M) 3.588ms
[15200.920s][info][gc,cpu         ] GC(33240) User=0.01s Sys=0.00s Real=0.00s
[15201.324s][info][gc,start       ] GC(33241) Pause Young (Allocation Failure)
[15201.326s][info][gc,heap        ] GC(33241) PSYoungGen: 83680K(84480K)->256K(84480K) Eden: 81920K(81920K)->0K(81920K) From: 1760K(2560K)->256K(2560K)
[15201.326s][info][gc,heap        ] GC(33241) ParOldGen: 575538K(576512K)->575594K(576512K)
[15201.326s][info][gc,metaspace   ] GC(33241) Metaspace: 62376K(62592K)->62376K(62592K) NonClass: 53330K(53504K)->53330K(53504K) Class: 9046K(9088K)->9046K(9088K)
[15201.326s][info][gc             ] GC(33241) Pause Young (Allocation Failure) 643M->562M(645M) 2.193ms
[15201.326s][info][gc,cpu         ] GC(33241) User=0.01s Sys=0.00s Real=0.01s
[15201.706s][info][gc,start       ] GC(33242) Pause Young (Allocation Failure)
[15201.709s][info][gc,heap        ] GC(33242) PSYoungGen: 82176K(84480K)->1600K(83456K) Eden: 81920K(81920K)->0K(80896K) From: 256K(2560K)->1600K(2560K)
[15201.709s][info][gc,heap        ] GC(33242) ParOldGen: 575594K(576512K)->575642K(576512K)
[15201.709s][info][gc,metaspace   ] GC(33242) Metaspace: 62376K(62592K)->62376K(62592K) NonClass: 53330K(53504K)->53330K(53504K) Class: 9046K(9088K)->9046K(9088K)
[15201.709s][info][gc             ] GC(33242) Pause Young (Allocation Failure) 642M->563M(644M) 3.380ms
[15201.709s][info][gc,cpu         ] GC(33242) User=0.00s Sys=0.00s Real=0.01s
[15202.121s][info][gc,start       ] GC(33243) Pause Young (Allocation Failure)
[15202.124s][info][gc,heap        ] GC(33243) PSYoungGen: 82496K(83456K)->1728K(83968K) Eden: 80896K(80896K)->0K(80896K) From: 1600K(2560K)->1728K(3072K)
[15202.124s][info][gc,heap        ] GC(33243) ParOldGen: 575642K(576512K)->575698K(576512K)
[15202.124s][info][gc,metaspace   ] GC(33243) Metaspace: 62376K(62592K)->62376K(62592K) NonClass: 53330K(53504K)->53330K(53504K) Class: 9046K(9088K)->9046K(9088K)
[15202.124s][info][gc             ] GC(33243) Pause Young (Allocation Failure) 642M->563M(645M) 3.509ms
[15202.124s][info][gc,cpu         ] GC(33243) User=0.00s Sys=0.00s Real=0.00s
[15202.516s][info][gc,start       ] GC(33244) Pause Young (Allocation Failure)
[15202.520s][info][gc,heap        ] GC(33244) PSYoungGen: 82624K(83968K)->1856K(83968K) Eden: 80896K(80896K)->0K(80896K) From: 1728K(3072K)->1856K(3072K)
[15202.520s][info][gc,heap        ] GC(33244) ParOldGen: 575698K(576512K)->575746K(576512K)
[15202.520s][info][gc,metaspace   ] GC(33244) Metaspace: 62376K(62592K)->62376K(62592K) NonClass: 53330K(53504K)->53330K(53504K) Class: 9046K(9088K)->9046K(9088K)
[15202.520s][info][gc             ] GC(33244) Pause Young (Allocation Failure) 642M->564M(645M) 3.684ms
[15202.520s][info][gc,cpu         ] GC(33244) User=0.01s Sys=0.00s Real=0.00s
[15202.897s][info][gc,start       ] GC(33245) Pause Young (Allocation Failure)
[15202.900s][info][gc,heap        ] GC(33245) PSYoungGen: 82752K(83968K)->1568K(83968K) Eden: 80896K(80896K)->0K(80896K) From: 1856K(3072K)->1568K(3072K)
[15202.900s][info][gc,heap        ] GC(33245) ParOldGen: 575746K(576512K)->575802K(576512K)
[15202.900s][info][gc,metaspace   ] GC(33245) Metaspace: 62376K(62592K)->62376K(62592K) NonClass: 53330K(53504K)->53330K(53504K) Class: 9046K(9088K)->9046K(9088K)
[15202.900s][info][gc             ] GC(33245) Pause Young (Allocation Failure) 643M->563M(645M) 3.511ms
[15202.900s][info][gc,cpu         ] GC(33245) User=0.01s Sys=0.00s Real=0.00s
[15203.298s][info][gc,start       ] GC(33246) Pause Young (Allocation Failure)
[15203.302s][info][gc,heap        ] GC(33246) PSYoungGen: 82464K(83968K)->2400K(83968K) Eden: 80896K(80896K)->0K(80896K) From: 1568K(3072K)->2400K(3072K)
[15203.302s][info][gc,heap        ] GC(33246) ParOldGen: 575802K(576512K)->576882K(578048K)
[15203.302s][info][gc,metaspace   ] GC(33246) Metaspace: 62376K(62592K)->62376K(62592K) NonClass: 53330K(53504K)->53330K(53504K) Class: 9046K(9088K)->9046K(9088K)
[15203.302s][info][gc             ] GC(33246) Pause Young (Allocation Failure) 642M->565M(646M) 3.956ms
[15203.302s][info][gc,cpu         ] GC(33246) User=0.01s Sys=0.00s Real=0.00s
[15203.705s][info][gc,start       ] GC(33247) Pause Young (Allocation Failure)
[15203.710s][info][gc,heap        ] GC(33247) PSYoungGen: 83296K(83968K)->1376K(83968K) Eden: 80896K(80896K)->0K(80896K) From: 2400K(3072K)->1376K(3072K)
[15203.710s][info][gc,heap        ] GC(33247) ParOldGen: 576882K(578048K)->578986K(579584K)
[15203.710s][info][gc,metaspace   ] GC(33247) Metaspace: 62376K(62592K)->62376K(62592K) NonClass: 53330K(53504K)->53330K(53504K) Class: 9046K(9088K)->9046K(9088K)
[15203.710s][info][gc             ] GC(33247) Pause Young (Allocation Failure) 644M->566M(648M) 4.368ms
[15203.710s][info][gc,cpu         ] GC(33247) User=0.01s Sys=0.00s Real=0.01s
[15204.132s][info][gc,start       ] GC(33248) Pause Young (Allocation Failure)
[15204.134s][info][gc,heap        ] GC(33248) PSYoungGen: 82272K(83968K)->352K(83968K) Eden: 80896K(80896K)->0K(80896K) From: 1376K(3072K)->352K(3072K)
[15204.134s][info][gc,heap        ] GC(33248) ParOldGen: 578986K(579584K)->579034K(579584K)
[15204.134s][info][gc,metaspace   ] GC(33248) Metaspace: 62376K(62592K)->62376K(62592K) NonClass: 53330K(53504K)->53330K(53504K) Class: 9046K(9088K)->9046K(9088K)
[15204.134s][info][gc             ] GC(33248) Pause Young (Allocation Failure) 645M->565M(648M) 2.423ms
[15204.134s][info][gc,cpu         ] GC(33248) User=0.01s Sys=0.00s Real=0.00s
[15204.538s][info][gc,start       ] GC(33249) Pause Young (Allocation Failure)
[15204.540s][info][gc,heap        ] GC(33249) PSYoungGen: 81248K(83968K)->448K(83968K) Eden: 80896K(80896K)->0K(80896K) From: 352K(3072K)->448K(3072K)
[15204.540s][info][gc,heap        ] GC(33249) ParOldGen: 579034K(579584K)->579090K(579584K)
[15204.540s][info][gc,metaspace   ] GC(33249) Metaspace: 62376K(62592K)->62376K(62592K) NonClass: 53330K(53504K)->53330K(53504K) Class: 9046K(9088K)->9046K(9088K)
[15204.540s][info][gc             ] GC(33249) Pause Young (Allocation Failure) 644M->565M(648M) 2.526ms
[15204.540s][info][gc,cpu         ] GC(33249) User=0.00s Sys=0.00s Real=0.00s
[15204.978s][info][gc,start       ] GC(33250) Pause Young (Allocation Failure)
[15204.981s][info][gc,heap        ] GC(33250) PSYoungGen: 81344K(83968K)->992K(83968K) Eden: 80896K(80896K)->0K(80896K) From: 448K(3072K)->992K(3072K)
[15204.981s][info][gc,heap        ] GC(33250) ParOldGen: 579090K(579584K)->579146K(579584K)
[15204.981s][info][gc,metaspace   ] GC(33250) Metaspace: 62376K(62592K)->62376K(62592K) NonClass: 53330K(53504K)->53330K(53504K) Class: 9046K(9088K)->9046K(9088K)
[15204.981s][info][gc             ] GC(33250) Pause Young (Allocation Failure) 644M->566M(648M) 2.950ms
[15204.981s][info][gc,cpu         ] GC(33250) User=0.00s Sys=0.00s Real=0.00s
[15205.388s][info][gc,start       ] GC(33251) Pause Young (Allocation Failure)
[15205.391s][info][gc,heap        ] GC(33251) PSYoungGen: 81888K(83968K)->1248K(83968K) Eden: 80896K(80896K)->0K(80896K) From: 992K(3072K)->1248K(3072K)
[15205.391s][info][gc,heap        ] GC(33251) ParOldGen: 579146K(579584K)->579194K(579584K)
[15205.391s][info][gc,metaspace   ] GC(33251) Metaspace: 62376K(62592K)->62376K(62592K) NonClass: 53330K(53504K)->53330K(53504K) Class: 9046K(9088K)->9046K(9088K)
[15205.391s][info][gc             ] GC(33251) Pause Young (Allocation Failure) 645M->566M(648M) 3.198ms
[15205.391s][info][gc,cpu         ] GC(33251) User=0.01s Sys=0.00s Real=0.00s
[15205.831s][info][gc,start       ] GC(33252) Pause Young (Allocation Failure)
[15205.834s][info][gc,heap        ] GC(33252) PSYoungGen: 82144K(83968K)->320K(83968K) Eden: 80896K(80896K)->0K(80896K) From: 1248K(3072K)->320K(3072K)
[15205.834s][info][gc,heap        ] GC(33252) ParOldGen: 579194K(579584K)->579250K(579584K)
[15205.834s][info][gc,metaspace   ] GC(33252) Metaspace: 62376K(62592K)->62376K(62592K) NonClass: 53330K(53504K)->53330K(53504K) Class: 9046K(9088K)->9046K(9088K)
[15205.834s][info][gc             ] GC(33252) Pause Young (Allocation Failure) 645M->565M(648M) 2.412ms
[15205.834s][info][gc,cpu         ] GC(33252) User=0.00s Sys=0.00s Real=0.00s
[15206.280s][info][gc,start       ] GC(33253) Pause Young (Allocation Failure)
[15206.283s][info][gc,heap        ] GC(33253) PSYoungGen: 81216K(83968K)->1120K(83968K) Eden: 80896K(80896K)->0K(80896K) From: 320K(3072K)->1120K(3072K)
[15206.283s][info][gc,heap        ] GC(33253) ParOldGen: 579250K(579584K)->579298K(579584K)
[15206.283s][info][gc,metaspace   ] GC(33253) Metaspace: 62376K(62592K)->62376K(62592K) NonClass: 53330K(53504K)->53330K(53504K) Class: 9046K(9088K)->9046K(9088K)
[15206.283s][info][gc             ] GC(33253) Pause Young (Allocation Failure) 644M->566M(648M) 3.095ms
[15206.283s][info][gc,cpu         ] GC(33253) User=0.00s Sys=0.00s Real=0.00s
[15206.680s][info][gc,start       ] GC(33254) Pause Young (Allocation Failure)
[15206.683s][info][gc,heap        ] GC(33254) PSYoungGen: 82016K(83968K)->1024K(84480K) Eden: 80896K(80896K)->0K(81920K) From: 1120K(3072K)->1024K(2560K)
[15206.683s][info][gc,heap        ] GC(33254) ParOldGen: 579298K(579584K)->579354K(579584K)
[15206.683s][info][gc,metaspace   ] GC(33254) Metaspace: 62376K(62592K)->62376K(62592K) NonClass: 53330K(53504K)->53330K(53504K) Class: 9046K(9088K)->9046K(9088K)
[15206.683s][info][gc             ] GC(33254) Pause Young (Allocation Failure) 645M->566M(648M) 3.055ms
[15206.683s][info][gc,cpu         ] GC(33254) User=0.00s Sys=0.00s Real=0.00s
[15207.146s][info][gc,start       ] GC(33255) Pause Young (Allocation Failure)
[15207.148s][info][gc,heap        ] GC(33255) PSYoungGen: 82944K(84480K)->560K(84480K) Eden: 81920K(81920K)->0K(81920K) From: 1024K(2560K)->560K(2560K)
[15207.148s][info][gc,heap        ] GC(33255) ParOldGen: 579354K(579584K)->579402K(579584K)
[15207.148s][info][gc,metaspace   ] GC(33255) Metaspace: 62376K(62592K)->62376K(62592K) NonClass: 53330K(53504K)->53330K(53504K) Class: 9046K(9088K)->9046K(9088K)
[15207.148s][info][gc             ] GC(33255) Pause Young (Allocation Failure) 646M->566M(648M) 2.655ms
[15207.148s][info][gc,cpu         ] GC(33255) User=0.01s Sys=0.00s Real=0.01s
[15207.575s][info][gc,start       ] GC(33256) Pause Young (Allocation Failure)
[15207.578s][info][gc,heap        ] GC(33256) PSYoungGen: 82480K(84480K)->960K(84480K) Eden: 81920K(81920K)->0K(81920K) From: 560K(2560K)->960K(2560K)
[15207.578s][info][gc,heap        ] GC(33256) ParOldGen: 579402K(579584K)->579506K(579584K)
[15207.578s][info][gc,metaspace   ] GC(33256) Metaspace: 62376K(62592K)->62376K(62592K) NonClass: 53330K(53504K)->53330K(53504K) Class: 9046K(9088K)->9046K(9088K)
[15207.578s][info][gc             ] GC(33256) Pause Young (Allocation Failure) 646M->566M(648M) 3.151ms
[15207.578s][info][gc,cpu         ] GC(33256) User=0.00s Sys=0.00s Real=0.01s
[15207.984s][info][gc,start       ] GC(33257) Pause Young (Allocation Failure)
[15207.988s][info][gc,heap        ] GC(33257) PSYoungGen: 82880K(84480K)->2304K(84480K) Eden: 81920K(81920K)->0K(81920K) From: 960K(2560K)->2304K(2560K)
[15207.988s][info][gc,heap        ] GC(33257) ParOldGen: 579506K(579584K)->579562K(579584K)
[15207.988s][info][gc,metaspace   ] GC(33257) Metaspace: 62376K(62592K)->62376K(62592K) NonClass: 53330K(53504K)->53330K(53504K) Class: 9046K(9088K)->9046K(9088K)
[15207.988s][info][gc             ] GC(33257) Pause Young (Allocation Failure) 646M->568M(648M) 3.588ms
[15207.988s][info][gc,cpu         ] GC(33257) User=0.00s Sys=0.00s Real=0.01s
[15208.398s][info][gc,start       ] GC(33258) Pause Young (Allocation Failure)
[15208.402s][info][gc,heap        ] GC(33258) PSYoungGen: 84224K(84480K)->1344K(84480K) Eden: 81920K(81920K)->0K(81920K) From: 2304K(2560K)->1344K(2560K)
[15208.402s][info][gc,heap        ] GC(33258) ParOldGen: 579562K(579584K)->580634K(581120K)
[15208.402s][info][gc,metaspace   ] GC(33258) Metaspace: 62376K(62592K)->62376K(62592K) NonClass: 53330K(53504K)->53330K(53504K) Class: 9046K(9088K)->9046K(9088K)
[15208.402s][info][gc             ] GC(33258) Pause Young (Allocation Failure) 648M->568M(650M) 3.784ms
[15208.402s][info][gc,cpu         ] GC(33258) User=0.01s Sys=0.01s Real=0.00s
[15208.839s][info][gc,start       ] GC(33259) Pause Young (Allocation Failure)
[15208.842s][info][gc,heap        ] GC(33259) PSYoungGen: 83264K(84480K)->448K(84480K) Eden: 81920K(81920K)->0K(81920K) From: 1344K(2560K)->448K(2560K)
[15208.842s][info][gc,heap        ] GC(33259) ParOldGen: 580634K(581120K)->580690K(581120K)
[15208.842s][info][gc,metaspace   ] GC(33259) Metaspace: 62376K(62592K)->62376K(62592K) NonClass: 53330K(53504K)->53330K(53504K) Class: 9046K(9088K)->9046K(9088K)
[15208.842s][info][gc             ] GC(33259) Pause Young (Allocation Failure) 648M->567M(650M) 2.579ms
[15208.842s][info][gc,cpu         ] GC(33259) User=0.00s Sys=0.00s Real=0.00s
[15209.279s][info][gc,start       ] GC(33260) Pause Young (Allocation Failure)
[15209.282s][info][gc,heap        ] GC(33260) PSYoungGen: 82368K(84480K)->992K(84480K) Eden: 81920K(81920K)->0K(81920K) From: 448K(2560K)->992K(2560K)
[15209.282s][info][gc,heap        ] GC(33260) ParOldGen: 580690K(581120K)->580738K(581120K)
[15209.282s][info][gc,metaspace   ] GC(33260) Metaspace: 62376K(62592K)->62376K(62592K) NonClass: 53330K(53504K)->53330K(53504K) Class: 9046K(9088K)->9046K(9088K)
[15209.282s][info][gc             ] GC(33260) Pause Young (Allocation Failure) 647M->568M(650M) 3.212ms
[15209.282s][info][gc,cpu         ] GC(33260) User=0.01s Sys=0.00s Real=0.00s
[15209.706s][info][gc,start       ] GC(33261) Pause Young (Allocation Failure)
[15209.710s][info][gc,heap        ] GC(33261) PSYoungGen: 82912K(84480K)->1472K(84480K) Eden: 81920K(81920K)->0K(81920K) From: 992K(2560K)->1472K(2560K)
[15209.710s][info][gc,heap        ] GC(33261) ParOldGen: 580738K(581120K)->580794K(581120K)
[15209.710s][info][gc,metaspace   ] GC(33261) Metaspace: 62376K(62592K)->62376K(62592K) NonClass: 53330K(53504K)->53330K(53504K) Class: 9046K(9088K)->9046K(9088K)
[15209.710s][info][gc             ] GC(33261) Pause Young (Allocation Failure) 648M->568M(650M) 3.585ms
[15209.710s][info][gc,cpu         ] GC(33261) User=0.01s Sys=0.00s Real=0.00s
[15210.139s][info][gc,start       ] GC(33262) Pause Young (Allocation Failure)
[15210.142s][info][gc,heap        ] GC(33262) PSYoungGen: 83392K(84480K)->480K(84480K) Eden: 81920K(81920K)->0K(81920K) From: 1472K(2560K)->480K(2560K)
[15210.142s][info][gc,heap        ] GC(33262) ParOldGen: 580794K(581120K)->580850K(581120K)
[15210.142s][info][gc,metaspace   ] GC(33262) Metaspace: 62376K(62592K)->62376K(62592K) NonClass: 53330K(53504K)->53330K(53504K) Class: 9046K(9088K)->9046K(9088K)
[15210.142s][info][gc             ] GC(33262) Pause Young (Allocation Failure) 648M->567M(650M) 2.614ms
[15210.142s][info][gc,cpu         ] GC(33262) User=0.01s Sys=0.00s Real=0.00s
[15210.547s][info][gc,start       ] GC(33263) Pause Young (Allocation Failure)
[15210.550s][info][gc,heap        ] GC(33263) PSYoungGen: 82400K(84480K)->640K(84480K) Eden: 81920K(81920K)->0K(81920K) From: 480K(2560K)->640K(2560K)
[15210.550s][info][gc,heap        ] GC(33263) ParOldGen: 580850K(581120K)->580898K(581120K)
[15210.550s][info][gc,metaspace   ] GC(33263) Metaspace: 62376K(62592K)->62376K(62592K) NonClass: 53330K(53504K)->53330K(53504K) Class: 9046K(9088K)->9046K(9088K)
[15210.550s][info][gc             ] GC(33263) Pause Young (Allocation Failure) 647M->567M(650M) 2.689ms
[15210.550s][info][gc,cpu         ] GC(33263) User=0.00s Sys=0.00s Real=0.00s
[15210.932s][info][gc,start       ] GC(33264) Pause Young (Allocation Failure)
[15210.935s][info][gc,heap        ] GC(33264) PSYoungGen: 82560K(84480K)->384K(84480K) Eden: 81920K(81920K)->0K(81920K) From: 640K(2560K)->384K(2560K)
[15210.935s][info][gc,heap        ] GC(33264) ParOldGen: 580898K(581120K)->580954K(581120K)
[15210.935s][info][gc,metaspace   ] GC(33264) Metaspace: 62376K(62592K)->62376K(62592K) NonClass: 53330K(53504K)->53330K(53504K) Class: 9046K(9088K)->9046K(9088K)
[15210.935s][info][gc             ] GC(33264) Pause Young (Allocation Failure) 647M->567M(650M) 2.460ms
[15210.935s][info][gc,cpu         ] GC(33264) User=0.00s Sys=0.00s Real=0.00s
[15211.324s][info][gc,start       ] GC(33265) Pause Young (Allocation Failure)
[15211.326s][info][gc,heap        ] GC(33265) PSYoungGen: 82304K(84480K)->224K(84480K) Eden: 81920K(81920K)->0K(81920K) From: 384K(2560K)->224K(2560K)
[15211.326s][info][gc,heap        ] GC(33265) ParOldGen: 580954K(581120K)->581010K(581120K)
[15211.326s][info][gc,metaspace   ] GC(33265) Metaspace: 62376K(62592K)->62376K(62592K) NonClass: 53330K(53504K)->53330K(53504K) Class: 9046K(9088K)->9046K(9088K)
[15211.326s][info][gc             ] GC(33265) Pause Young (Allocation Failure) 647M->567M(650M) 2.360ms
[15211.326s][info][gc,cpu         ] GC(33265) User=0.01s Sys=0.00s Real=0.01s
[15211.764s][info][gc,start       ] GC(33266) Pause Young (Allocation Failure)
[15211.767s][info][gc,heap        ] GC(33266) PSYoungGen: 82144K(84480K)->832K(84480K) Eden: 81920K(81920K)->0K(81920K) From: 224K(2560K)->832K(2560K)
[15211.767s][info][gc,heap        ] GC(33266) ParOldGen: 581010K(581120K)->581058K(581120K)
[15211.767s][info][gc,metaspace   ] GC(33266) Metaspace: 62376K(62592K)->62376K(62592K) NonClass: 53330K(53504K)->53330K(53504K) Class: 9046K(9088K)->9046K(9088K)
[15211.767s][info][gc             ] GC(33266) Pause Young (Allocation Failure) 647M->568M(650M) 2.839ms
[15211.767s][info][gc,cpu         ] GC(33266) User=0.00s Sys=0.00s Real=0.01s
[15212.217s][info][gc,start       ] GC(33267) Pause Young (Allocation Failure)
[15212.221s][info][gc,heap        ] GC(33267) PSYoungGen: 82752K(84480K)->2336K(84480K) Eden: 81920K(81920K)->0K(81920K) From: 832K(2560K)->2336K(2560K)
[15212.221s][info][gc,heap        ] GC(33267) ParOldGen: 581058K(581120K)->583154K(584192K)
[15212.221s][info][gc,metaspace   ] GC(33267) Metaspace: 62376K(62592K)->62376K(62592K) NonClass: 53330K(53504K)->53330K(53504K) Class: 9046K(9088K)->9046K(9088K)
[15212.221s][info][gc             ] GC(33267) Pause Young (Allocation Failure) 648M->571M(653M) 4.527ms
[15212.221s][info][gc,cpu         ] GC(33267) User=0.00s Sys=0.01s Real=0.00s
[15212.664s][info][gc,start       ] GC(33268) Pause Young (Allocation Failure)
[15212.667s][info][gc,heap        ] GC(33268) PSYoungGen: 84256K(84480K)->704K(84480K) Eden: 81920K(81920K)->0K(81920K) From: 2336K(2560K)->704K(2560K)
[15212.667s][info][gc,heap        ] GC(33268) ParOldGen: 583154K(584192K)->584234K(585728K)
[15212.667s][info][gc,metaspace   ] GC(33268) Metaspace: 62376K(62592K)->62376K(62592K) NonClass: 53330K(53504K)->53330K(53504K) Class: 9046K(9088K)->9046K(9088K)
[15212.667s][info][gc             ] GC(33268) Pause Young (Allocation Failure) 651M->571M(654M) 3.266ms
[15212.667s][info][gc,cpu         ] GC(33268) User=0.01s Sys=0.00s Real=0.01s
[15213.097s][info][gc,start       ] GC(33269) Pause Young (Allocation Failure)
[15213.100s][info][gc,heap        ] GC(33269) PSYoungGen: 82624K(84480K)->1312K(84480K) Eden: 81920K(81920K)->0K(81920K) From: 704K(2560K)->1312K(2560K)
[15213.100s][info][gc,heap        ] GC(33269) ParOldGen: 584234K(585728K)->584282K(585728K)
[15213.100s][info][gc,metaspace   ] GC(33269) Metaspace: 62376K(62592K)->62376K(62592K) NonClass: 53330K(53504K)->53330K(53504K) Class: 9046K(9088K)->9046K(9088K)
[15213.100s][info][gc             ] GC(33269) Pause Young (Allocation Failure) 651M->571M(654M) 3.273ms
[15213.100s][info][gc,cpu         ] GC(33269) User=0.00s Sys=0.00s Real=0.00s
[15213.507s][info][gc,start       ] GC(33270) Pause Young (Allocation Failure)
[15213.510s][info][gc,heap        ] GC(33270) PSYoungGen: 83232K(84480K)->1536K(84480K) Eden: 81920K(81920K)->0K(81920K) From: 1312K(2560K)->1536K(2560K)
[15213.510s][info][gc,heap        ] GC(33270) ParOldGen: 584282K(585728K)->584338K(585728K)
[15213.510s][info][gc,metaspace   ] GC(33270) Metaspace: 62376K(62592K)->62376K(62592K) NonClass: 53330K(53504K)->53330K(53504K) Class: 9046K(9088K)->9046K(9088K)
[15213.510s][info][gc             ] GC(33270) Pause Young (Allocation Failure) 651M->572M(654M) 3.388ms
[15213.510s][info][gc,cpu         ] GC(33270) User=0.01s Sys=0.00s Real=0.00s
[15213.952s][info][gc,start       ] GC(33271) Pause Young (Allocation Failure)
[15213.954s][info][gc,heap        ] GC(33271) PSYoungGen: 83456K(84480K)->640K(84480K) Eden: 81920K(81920K)->0K(81920K) From: 1536K(2560K)->640K(2560K)
[15213.954s][info][gc,heap        ] GC(33271) ParOldGen: 584338K(585728K)->584394K(585728K)
[15213.954s][info][gc,metaspace   ] GC(33271) Metaspace: 62376K(62592K)->62376K(62592K) NonClass: 53330K(53504K)->53330K(53504K) Class: 9046K(9088K)->9046K(9088K)
[15213.955s][info][gc             ] GC(33271) Pause Young (Allocation Failure) 652M->571M(654M) 2.628ms
[15213.955s][info][gc,cpu         ] GC(33271) User=0.01s Sys=0.01s Real=0.00s
[15214.488s][info][gc,start       ] GC(33272) Pause Young (Allocation Failure)
[15214.491s][info][gc,heap        ] GC(33272) PSYoungGen: 82560K(84480K)->1072K(84480K) Eden: 81920K(81920K)->0K(81920K) From: 640K(2560K)->1072K(2560K)
[15214.491s][info][gc,heap        ] GC(33272) ParOldGen: 584394K(585728K)->584442K(585728K)
[15214.491s][info][gc,metaspace   ] GC(33272) Metaspace: 62376K(62592K)->62376K(62592K) NonClass: 53330K(53504K)->53330K(53504K) Class: 9046K(9088K)->9046K(9088K)
[15214.491s][info][gc             ] GC(33272) Pause Young (Allocation Failure) 651M->571M(654M) 3.150ms
[15214.491s][info][gc,cpu         ] GC(33272) User=0.01s Sys=0.00s Real=0.00s
[15214.920s][info][gc,start       ] GC(33273) Pause Young (Allocation Failure)
[15214.923s][info][gc,heap        ] GC(33273) PSYoungGen: 82992K(84480K)->1632K(84480K) Eden: 81920K(81920K)->0K(81920K) From: 1072K(2560K)->1632K(2560K)
[15214.923s][info][gc,heap        ] GC(33273) ParOldGen: 584442K(585728K)->584538K(585728K)
[15214.923s][info][gc,metaspace   ] GC(33273) Metaspace: 62376K(62592K)->62376K(62592K) NonClass: 53330K(53504K)->53330K(53504K) Class: 9046K(9088K)->9046K(9088K)
[15214.924s][info][gc             ] GC(33273) Pause Young (Allocation Failure) 651M->572M(654M) 3.593ms
[15214.924s][info][gc,cpu         ] GC(33273) User=0.01s Sys=0.00s Real=0.00s
[15215.285s][info][gc,start       ] GC(33274) Pause Young (Allocation Failure)
[15215.289s][info][gc,heap        ] GC(33274) PSYoungGen: 83552K(84480K)->1312K(84480K) Eden: 81920K(81920K)->0K(81920K) From: 1632K(2560K)->1312K(2560K)
[15215.289s][info][gc,heap        ] GC(33274) ParOldGen: 584538K(585728K)->584594K(585728K)
[15215.289s][info][gc,metaspace   ] GC(33274) Metaspace: 62376K(62592K)->62376K(62592K) NonClass: 53330K(53504K)->53330K(53504K) Class: 9046K(9088K)->9046K(9088K)
[15215.289s][info][gc             ] GC(33274) Pause Young (Allocation Failure) 652M->572M(654M) 3.632ms
[15215.289s][info][gc,cpu         ] GC(33274) User=0.00s Sys=0.00s Real=0.01s
[15215.700s][info][gc,start       ] GC(33275) Pause Young (Allocation Failure)
[15215.703s][info][gc,heap        ] GC(33275) PSYoungGen: 83232K(84480K)->1248K(84480K) Eden: 81920K(81920K)->0K(81920K) From: 1312K(2560K)->1248K(2560K)
[15215.703s][info][gc,heap        ] GC(33275) ParOldGen: 584594K(585728K)->584650K(585728K)
[15215.703s][info][gc,metaspace   ] GC(33275) Metaspace: 62376K(62592K)->62376K(62592K) NonClass: 53330K(53504K)->53330K(53504K) Class: 9046K(9088K)->9046K(9088K)
[15215.703s][info][gc             ] GC(33275) Pause Young (Allocation Failure) 652M->572M(654M) 3.365ms
[15215.703s][info][gc,cpu         ] GC(33275) User=0.00s Sys=0.00s Real=0.00s
[15216.085s][info][gc,start       ] GC(33276) Pause Young (Allocation Failure)
[15216.089s][info][gc,heap        ] GC(33276) PSYoungGen: 83168K(84480K)->1344K(84480K) Eden: 81920K(81920K)->0K(81920K) From: 1248K(2560K)->1344K(2560K)
[15216.089s][info][gc,heap        ] GC(33276) ParOldGen: 584650K(585728K)->584698K(585728K)
[15216.089s][info][gc,metaspace   ] GC(33276) Metaspace: 62376K(62592K)->62376K(62592K) NonClass: 53330K(53504K)->53330K(53504K) Class: 9046K(9088K)->9046K(9088K)
[15216.089s][info][gc             ] GC(33276) Pause Young (Allocation Failure) 652M->572M(654M) 3.496ms
[15216.089s][info][gc,cpu         ] GC(33276) User=0.00s Sys=0.00s Real=0.01s
[15216.488s][info][gc,start       ] GC(33277) Pause Young (Allocation Failure)
[15216.491s][info][gc,heap        ] GC(33277) PSYoungGen: 83264K(84480K)->1248K(84480K) Eden: 81920K(81920K)->0K(81920K) From: 1344K(2560K)->1248K(2560K)
[15216.491s][info][gc,heap        ] GC(33277) ParOldGen: 584698K(585728K)->584746K(585728K)
[15216.491s][info][gc,metaspace   ] GC(33277) Metaspace: 62376K(62592K)->62376K(62592K) NonClass: 53330K(53504K)->53330K(53504K) Class: 9046K(9088K)->9046K(9088K)
[15216.491s][info][gc             ] GC(33277) Pause Young (Allocation Failure) 652M->572M(654M) 3.423ms
[15216.491s][info][gc,cpu         ] GC(33277) User=0.00s Sys=0.00s Real=0.00s
[15216.913s][info][gc,start       ] GC(33278) Pause Young (Allocation Failure)
[15216.917s][info][gc,heap        ] GC(33278) PSYoungGen: 83168K(84480K)->1536K(84480K) Eden: 81920K(81920K)->0K(81920K) From: 1248K(2560K)->1536K(2560K)
[15216.917s][info][gc,heap        ] GC(33278) ParOldGen: 584746K(585728K)->584794K(585728K)
[15216.917s][info][gc,metaspace   ] GC(33278) Metaspace: 62376K(62592K)->62376K(62592K) NonClass: 53330K(53504K)->53330K(53504K) Class: 9046K(9088K)->9046K(9088K)
[15216.917s][info][gc             ] GC(33278) Pause Young (Allocation Failure) 652M->572M(654M) 3.672ms
[15216.917s][info][gc,cpu         ] GC(33278) User=0.00s Sys=0.00s Real=0.01s
[15217.280s][info][gc,start       ] GC(33279) Pause Young (Allocation Failure)
[15217.283s][info][gc,heap        ] GC(33279) PSYoungGen: 83456K(84480K)->1248K(84480K) Eden: 81920K(81920K)->0K(81920K) From: 1536K(2560K)->1248K(2560K)
[15217.283s][info][gc,heap        ] GC(33279) ParOldGen: 584794K(585728K)->584842K(585728K)
[15217.283s][info][gc,metaspace   ] GC(33279) Metaspace: 62376K(62592K)->62376K(62592K) NonClass: 53330K(53504K)->53330K(53504K) Class: 9046K(9088K)->9046K(9088K)
[15217.283s][info][gc             ] GC(33279) Pause Young (Allocation Failure) 652M->572M(654M) 3.266ms
[15217.284s][info][gc,cpu         ] GC(33279) User=0.01s Sys=0.01s Real=0.00s
[15217.699s][info][gc,start       ] GC(33280) Pause Young (Allocation Failure)
[15217.702s][info][gc,heap        ] GC(33280) PSYoungGen: 83168K(84480K)->1184K(84992K) Eden: 81920K(81920K)->0K(82432K) From: 1248K(2560K)->1184K(2560K)
[15217.702s][info][gc,heap        ] GC(33280) ParOldGen: 584842K(585728K)->584890K(585728K)
[15217.702s][info][gc,metaspace   ] GC(33280) Metaspace: 62376K(62592K)->62376K(62592K) NonClass: 53330K(53504K)->53330K(53504K) Class: 9046K(9088K)->9046K(9088K)
[15217.702s][info][gc             ] GC(33280) Pause Young (Allocation Failure) 652M->572M(655M) 3.136ms
[15217.702s][info][gc,cpu         ] GC(33280) User=0.00s Sys=0.00s Real=0.00s
[15218.125s][info][gc,start       ] GC(33281) Pause Young (Allocation Failure)
[15218.127s][info][gc,heap        ] GC(33281) PSYoungGen: 83616K(84992K)->224K(84480K) Eden: 82432K(82432K)->0K(82432K) From: 1184K(2560K)->224K(2048K)
[15218.127s][info][gc,heap        ] GC(33281) ParOldGen: 584890K(585728K)->584946K(585728K)
[15218.127s][info][gc,metaspace   ] GC(33281) Metaspace: 62376K(62592K)->62376K(62592K) NonClass: 53330K(53504K)->53330K(53504K) Class: 9046K(9088K)->9046K(9088K)
[15218.128s][info][gc             ] GC(33281) Pause Young (Allocation Failure) 652M->571M(654M) 2.405ms
[15218.128s][info][gc,cpu         ] GC(33281) User=0.00s Sys=0.00s Real=0.01s
[15218.565s][info][gc,start       ] GC(33282) Pause Young (Allocation Failure)
[15218.568s][info][gc,heap        ] GC(33282) PSYoungGen: 82656K(84480K)->864K(84480K) Eden: 82432K(82432K)->0K(81920K) From: 224K(2048K)->864K(2560K)
[15218.568s][info][gc,heap        ] GC(33282) ParOldGen: 584946K(585728K)->584994K(585728K)
[15218.568s][info][gc,metaspace   ] GC(33282) Metaspace: 62376K(62592K)->62376K(62592K) NonClass: 53330K(53504K)->53330K(53504K) Class: 9046K(9088K)->9046K(9088K)
[15218.568s][info][gc             ] GC(33282) Pause Young (Allocation Failure) 651M->572M(654M) 2.927ms
[15218.568s][info][gc,cpu         ] GC(33282) User=0.00s Sys=0.00s Real=0.01s
[15218.975s][info][gc,start       ] GC(33283) Pause Young (Allocation Failure)
[15218.977s][info][gc,heap        ] GC(33283) PSYoungGen: 82784K(84480K)->960K(84480K) Eden: 81920K(81920K)->0K(81920K) From: 864K(2560K)->960K(2560K)
[15218.977s][info][gc,heap        ] GC(33283) ParOldGen: 584994K(585728K)->585042K(585728K)
[15218.977s][info][gc,metaspace   ] GC(33283) Metaspace: 62376K(62592K)->62376K(62592K) NonClass: 53330K(53504K)->53330K(53504K) Class: 9046K(9088K)->9046K(9088K)
[15218.978s][info][gc             ] GC(33283) Pause Young (Allocation Failure) 652M->572M(654M) 2.942ms
[15218.978s][info][gc,cpu         ] GC(33283) User=0.00s Sys=0.00s Real=0.01s
[15219.406s][info][gc,start       ] GC(33284) Pause Young (Allocation Failure)
[15219.410s][info][gc,heap        ] GC(33284) PSYoungGen: 82880K(84480K)->1472K(84992K) Eden: 81920K(81920K)->0K(82944K) From: 960K(2560K)->1472K(2048K)
[15219.410s][info][gc,heap        ] GC(33284) ParOldGen: 585042K(585728K)->585090K(585728K)
[15219.410s][info][gc,metaspace   ] GC(33284) Metaspace: 62376K(62592K)->62376K(62592K) NonClass: 53330K(53504K)->53330K(53504K) Class: 9046K(9088K)->9046K(9088K)
[15219.410s][info][gc             ] GC(33284) Pause Young (Allocation Failure) 652M->572M(655M) 3.399ms
[15219.410s][info][gc,cpu         ] GC(33284) User=0.01s Sys=0.00s Real=0.00s
[15219.832s][info][gc,start       ] GC(33285) Pause Young (Allocation Failure)
[15219.834s][info][gc,heap        ] GC(33285) PSYoungGen: 84416K(84992K)->352K(83456K) Eden: 82944K(82944K)->0K(82944K) From: 1472K(2048K)->352K(512K)
[15219.834s][info][gc,heap        ] GC(33285) ParOldGen: 585090K(585728K)->585138K(585728K)
[15219.834s][info][gc,metaspace   ] GC(33285) Metaspace: 62376K(62592K)->62376K(62592K) NonClass: 53330K(53504K)->53330K(53504K) Class: 9046K(9088K)->9046K(9088K)
[15219.834s][info][gc             ] GC(33285) Pause Young (Allocation Failure) 653M->571M(653M) 2.475ms
[15219.834s][info][gc,cpu         ] GC(33285) User=0.01s Sys=0.00s Real=0.00s
[15220.250s][info][gc,start       ] GC(33286) Pause Young (Allocation Failure)
[15220.253s][info][gc,heap        ] GC(33286) PSYoungGen: 83296K(83456K)->640K(84992K) Eden: 82944K(82944K)->0K(82432K) From: 352K(512K)->640K(2560K)
[15220.253s][info][gc,heap        ] GC(33286) ParOldGen: 585138K(585728K)->585186K(585728K)
[15220.253s][info][gc,metaspace   ] GC(33286) Metaspace: 62376K(62592K)->62376K(62592K) NonClass: 53330K(53504K)->53330K(53504K) Class: 9046K(9088K)->9046K(9088K)
[15220.253s][info][gc             ] GC(33286) Pause Young (Allocation Failure) 652M->572M(655M) 2.772ms
[15220.253s][info][gc,cpu         ] GC(33286) User=0.00s Sys=0.00s Real=0.00s
[15220.668s][info][gc,start       ] GC(33287) Pause Young (Allocation Failure)
[15220.671s][info][gc,heap        ] GC(33287) PSYoungGen: 83072K(84992K)->832K(84480K) Eden: 82432K(82432K)->0K(82432K) From: 640K(2560K)->832K(2048K)
[15220.671s][info][gc,heap        ] GC(33287) ParOldGen: 585186K(585728K)->585242K(585728K)
[15220.671s][info][gc,metaspace   ] GC(33287) Metaspace: 62376K(62592K)->62376K(62592K) NonClass: 53330K(53504K)->53330K(53504K) Class: 9046K(9088K)->9046K(9088K)
[15220.671s][info][gc             ] GC(33287) Pause Young (Allocation Failure) 652M->572M(654M) 2.903ms
[15220.671s][info][gc,cpu         ] GC(33287) User=0.00s Sys=0.00s Real=0.00s
[15221.097s][info][gc,start       ] GC(33288) Pause Young (Allocation Failure)
[15221.100s][info][gc,heap        ] GC(33288) PSYoungGen: 83264K(84480K)->2016K(83968K) Eden: 82432K(82432K)->0K(81920K) From: 832K(2048K)->2016K(2048K)
[15221.100s][info][gc,heap        ] GC(33288) ParOldGen: 585242K(585728K)->585466K(585728K)
[15221.100s][info][gc,metaspace   ] GC(33288) Metaspace: 62376K(62592K)->62376K(62592K) NonClass: 53330K(53504K)->53330K(53504K) Class: 9046K(9088K)->9046K(9088K)
[15221.100s][info][gc             ] GC(33288) Pause Young (Allocation Failure) 652M->573M(654M) 3.346ms
[15221.100s][info][gc,cpu         ] GC(33288) User=0.01s Sys=0.00s Real=0.00s
[15221.605s][info][gc,start       ] GC(33289) Pause Young (Allocation Failure)
[15221.609s][info][gc,heap        ] GC(33289) PSYoungGen: 83936K(83968K)->1504K(84480K) Eden: 81920K(81920K)->0K(81920K) From: 2016K(2048K)->1504K(2560K)
[15221.609s][info][gc,heap        ] GC(33289) ParOldGen: 585466K(585728K)->586506K(587264K)
[15221.609s][info][gc,metaspace   ] GC(33289) Metaspace: 62376K(62592K)->62376K(62592K) NonClass: 53330K(53504K)->53330K(53504K) Class: 9046K(9088K)->9046K(9088K)
[15221.609s][info][gc             ] GC(33289) Pause Young (Allocation Failure) 653M->574M(656M) 3.952ms
[15221.609s][info][gc,cpu         ] GC(33289) User=0.01s Sys=0.01s Real=0.01s
[15222.047s][info][gc,start       ] GC(33290) Pause Young (Allocation Failure)
[15222.049s][info][gc,heap        ] GC(33290) PSYoungGen: 83424K(84480K)->576K(84480K) Eden: 81920K(81920K)->0K(81920K) From: 1504K(2560K)->576K(2560K)
[15222.049s][info][gc,heap        ] GC(33290) ParOldGen: 586506K(587264K)->586634K(587264K)
[15222.049s][info][gc,metaspace   ] GC(33290) Metaspace: 62376K(62592K)->62376K(62592K) NonClass: 53330K(53504K)->53330K(53504K) Class: 9046K(9088K)->9046K(9088K)
[15222.049s][info][gc             ] GC(33290) Pause Young (Allocation Failure) 654M->573M(656M) 2.761ms
[15222.049s][info][gc,cpu         ] GC(33290) User=0.01s Sys=0.00s Real=0.00s
[15222.496s][info][gc,start       ] GC(33291) Pause Young (Allocation Failure)
[15222.500s][info][gc,heap        ] GC(33291) PSYoungGen: 82496K(84480K)->1248K(84480K) Eden: 81920K(81920K)->0K(81920K) From: 576K(2560K)->1248K(2560K)
[15222.500s][info][gc,heap        ] GC(33291) ParOldGen: 586634K(587264K)->586690K(587264K)
[15222.500s][info][gc,metaspace   ] GC(33291) Metaspace: 62376K(62592K)->62376K(62592K) NonClass: 53330K(53504K)->53330K(53504K) Class: 9046K(9088K)->9046K(9088K)
[15222.500s][info][gc             ] GC(33291) Pause Young (Allocation Failure) 653M->574M(656M) 3.469ms
[15222.500s][info][gc,cpu         ] GC(33291) User=0.01s Sys=0.00s Real=0.00s
[15222.934s][info][gc,start       ] GC(33292) Pause Young (Allocation Failure)
[15222.936s][info][gc,heap        ] GC(33292) PSYoungGen: 83168K(84480K)->352K(84480K) Eden: 81920K(81920K)->0K(81920K) From: 1248K(2560K)->352K(2560K)
[15222.936s][info][gc,heap        ] GC(33292) ParOldGen: 586690K(587264K)->586746K(587264K)
[15222.936s][info][gc,metaspace   ] GC(33292) Metaspace: 62376K(62592K)->62376K(62592K) NonClass: 53330K(53504K)->53330K(53504K) Class: 9046K(9088K)->9046K(9088K)
[15222.936s][info][gc             ] GC(33292) Pause Young (Allocation Failure) 654M->573M(656M) 2.458ms
[15222.936s][info][gc,cpu         ] GC(33292) User=0.00s Sys=0.00s Real=0.01s
[15223.379s][info][gc,start       ] GC(33293) Pause Young (Allocation Failure)
[15223.382s][info][gc,heap        ] GC(33293) PSYoungGen: 82272K(84480K)->1056K(84480K) Eden: 81920K(81920K)->0K(81920K) From: 352K(2560K)->1056K(2560K)
[15223.382s][info][gc,heap        ] GC(33293) ParOldGen: 586746K(587264K)->586794K(587264K)
[15223.382s][info][gc,metaspace   ] GC(33293) Metaspace: 62376K(62592K)->62376K(62592K) NonClass: 53330K(53504K)->53330K(53504K) Class: 9046K(9088K)->9046K(9088K)
[15223.382s][info][gc             ] GC(33293) Pause Young (Allocation Failure) 653M->574M(656M) 3.166ms
[15223.382s][info][gc,cpu         ] GC(33293) User=0.01s Sys=0.00s Real=0.00s
[15223.810s][info][gc,start       ] GC(33294) Pause Young (Allocation Failure)
[15223.813s][info][gc,heap        ] GC(33294) PSYoungGen: 82976K(84480K)->1536K(84480K) Eden: 81920K(81920K)->0K(81920K) From: 1056K(2560K)->1536K(2560K)
[15223.813s][info][gc,heap        ] GC(33294) ParOldGen: 586794K(587264K)->586850K(587264K)
[15223.813s][info][gc,metaspace   ] GC(33294) Metaspace: 62376K(62592K)->62376K(62592K) NonClass: 53330K(53504K)->53330K(53504K) Class: 9046K(9088K)->9046K(9088K)
[15223.813s][info][gc             ] GC(33294) Pause Young (Allocation Failure) 654M->574M(656M) 3.620ms
[15223.813s][info][gc,cpu         ] GC(33294) User=0.00s Sys=0.00s Real=0.00s
[15224.232s][info][gc,start       ] GC(33295) Pause Young (Allocation Failure)
[15224.235s][info][gc,heap        ] GC(33295) PSYoungGen: 83456K(84480K)->352K(84480K) Eden: 81920K(81920K)->0K(81920K) From: 1536K(2560K)->352K(2560K)
[15224.235s][info][gc,heap        ] GC(33295) ParOldGen: 586850K(587264K)->586898K(587264K)
[15224.235s][info][gc,metaspace   ] GC(33295) Metaspace: 62376K(62592K)->62376K(62592K) NonClass: 53330K(53504K)->53330K(53504K) Class: 9046K(9088K)->9046K(9088K)
[15224.235s][info][gc             ] GC(33295) Pause Young (Allocation Failure) 654M->573M(656M) 2.452ms
[15224.235s][info][gc,cpu         ] GC(33295) User=0.01s Sys=0.00s Real=0.00s
[15224.676s][info][gc,start       ] GC(33296) Pause Young (Allocation Failure)
[15224.681s][info][gc,heap        ] GC(33296) PSYoungGen: 82272K(84480K)->960K(84480K) Eden: 81920K(81920K)->0K(81920K) From: 352K(2560K)->960K(2560K)
[15224.681s][info][gc,heap        ] GC(33296) ParOldGen: 586898K(587264K)->586954K(587264K)
[15224.681s][info][gc,metaspace   ] GC(33296) Metaspace: 62376K(62592K)->62376K(62592K) NonClass: 53330K(53504K)->53330K(53504K) Class: 9046K(9088K)->9046K(9088K)
[15224.681s][info][gc             ] GC(33296) Pause Young (Allocation Failure) 653M->574M(656M) 5.182ms
[15224.681s][info][gc,cpu         ] GC(33296) User=0.01s Sys=0.00s Real=0.01s
[15225.123s][info][gc,start       ] GC(33297) Pause Young (Allocation Failure)
[15225.125s][info][gc,heap        ] GC(33297) PSYoungGen: 82880K(84480K)->224K(84480K) Eden: 81920K(81920K)->0K(81920K) From: 960K(2560K)->224K(2560K)
[15225.125s][info][gc,heap        ] GC(33297) ParOldGen: 586954K(587264K)->587010K(587264K)
[15225.125s][info][gc,metaspace   ] GC(33297) Metaspace: 62376K(62592K)->62376K(62592K) NonClass: 53330K(53504K)->53330K(53504K) Class: 9046K(9088K)->9046K(9088K)
[15225.125s][info][gc             ] GC(33297) Pause Young (Allocation Failure) 654M->573M(656M) 2.395ms
[15225.125s][info][gc,cpu         ] GC(33297) User=0.01s Sys=0.00s Real=0.00s
[15225.560s][info][gc,start       ] GC(33298) Pause Young (Allocation Failure)
[15225.564s][info][gc,heap        ] GC(33298) PSYoungGen: 82144K(84480K)->1760K(84480K) Eden: 81920K(81920K)->0K(81920K) From: 224K(2560K)->1760K(2560K)
[15225.564s][info][gc,heap        ] GC(33298) ParOldGen: 587010K(587264K)->589114K(590336K)
[15225.564s][info][gc,metaspace   ] GC(33298) Metaspace: 62376K(62592K)->62376K(62592K) NonClass: 53330K(53504K)->53330K(53504K) Class: 9046K(9088K)->9046K(9088K)
[15225.564s][info][gc             ] GC(33298) Pause Young (Allocation Failure) 653M->577M(659M) 4.351ms
[15225.564s][info][gc,cpu         ] GC(33298) User=0.01s Sys=0.01s Real=0.00s
[15225.967s][info][gc,start       ] GC(33299) Pause Young (Allocation Failure)
[15225.971s][info][gc,heap        ] GC(33299) PSYoungGen: 83680K(84480K)->992K(84480K) Eden: 81920K(81920K)->0K(81920K) From: 1760K(2560K)->992K(2560K)
[15225.971s][info][gc,heap        ] GC(33299) ParOldGen: 589114K(590336K)->591210K(591872K)
[15225.971s][info][gc,metaspace   ] GC(33299) Metaspace: 62376K(62592K)->62376K(62592K) NonClass: 53330K(53504K)->53330K(53504K) Class: 9046K(9088K)->9046K(9088K)
[15225.971s][info][gc             ] GC(33299) Pause Young (Allocation Failure) 657M->578M(660M) 4.153ms
[15225.971s][info][gc,cpu         ] GC(33299) User=0.01s Sys=0.01s Real=0.00s
[15226.374s][info][gc,start       ] GC(33300) Pause Young (Allocation Failure)
[15226.378s][info][gc,heap        ] GC(33300) PSYoungGen: 82912K(84480K)->1056K(84480K) Eden: 81920K(81920K)->0K(81920K) From: 992K(2560K)->1056K(2560K)
[15226.378s][info][gc,heap        ] GC(33300) ParOldGen: 591210K(591872K)->591266K(591872K)
[15226.378s][info][gc,metaspace   ] GC(33300) Metaspace: 62376K(62592K)->62376K(62592K) NonClass: 53330K(53504K)->53330K(53504K) Class: 9046K(9088K)->9046K(9088K)
[15226.378s][info][gc             ] GC(33300) Pause Young (Allocation Failure) 658M->578M(660M) 3.144ms
[15226.378s][info][gc,cpu         ] GC(33300) User=0.01s Sys=0.00s Real=0.01s
[15226.827s][info][gc,start       ] GC(33301) Pause Young (Allocation Failure)
[15226.829s][info][gc,heap        ] GC(33301) PSYoungGen: 82976K(84480K)->288K(84480K) Eden: 81920K(81920K)->0K(81920K) From: 1056K(2560K)->288K(2560K)
[15226.829s][info][gc,heap        ] GC(33301) ParOldGen: 591266K(591872K)->591314K(591872K)
[15226.829s][info][gc,metaspace   ] GC(33301) Metaspace: 62376K(62592K)->62376K(62592K) NonClass: 53330K(53504K)->53330K(53504K) Class: 9046K(9088K)->9046K(9088K)
[15226.829s][info][gc             ] GC(33301) Pause Young (Allocation Failure) 658M->577M(660M) 2.457ms
[15226.829s][info][gc,cpu         ] GC(33301) User=0.01s Sys=0.00s Real=0.00s
[15227.238s][info][gc,start       ] GC(33302) Pause Young (Allocation Failure)
[15227.240s][info][gc,heap        ] GC(33302) PSYoungGen: 82208K(84480K)->416K(84480K) Eden: 81920K(81920K)->0K(81920K) From: 288K(2560K)->416K(2560K)
[15227.240s][info][gc,heap        ] GC(33302) ParOldGen: 591314K(591872K)->591362K(591872K)
[15227.240s][info][gc,metaspace   ] GC(33302) Metaspace: 62376K(62592K)->62376K(62592K) NonClass: 53330K(53504K)->53330K(53504K) Class: 9046K(9088K)->9046K(9088K)
[15227.241s][info][gc             ] GC(33302) Pause Young (Allocation Failure) 657M->577M(660M) 2.530ms
[15227.241s][info][gc,cpu         ] GC(33302) User=0.00s Sys=0.00s Real=0.00s
[15227.644s][info][gc,start       ] GC(33303) Pause Young (Allocation Failure)
[15227.647s][info][gc,heap        ] GC(33303) PSYoungGen: 82336K(84480K)->512K(84480K) Eden: 81920K(81920K)->0K(81920K) From: 416K(2560K)->512K(2560K)
[15227.647s][info][gc,heap        ] GC(33303) ParOldGen: 591362K(591872K)->591418K(591872K)
[15227.647s][info][gc,metaspace   ] GC(33303) Metaspace: 62376K(62592K)->62376K(62592K) NonClass: 53330K(53504K)->53330K(53504K) Class: 9046K(9088K)->9046K(9088K)
[15227.647s][info][gc             ] GC(33303) Pause Young (Allocation Failure) 657M->578M(660M) 2.604ms
[15227.647s][info][gc,cpu         ] GC(33303) User=0.01s Sys=0.00s Real=0.01s
[15228.056s][info][gc,start       ] GC(33304) Pause Young (Allocation Failure)
[15228.059s][info][gc,heap        ] GC(33304) PSYoungGen: 82432K(84480K)->768K(84992K) Eden: 81920K(81920K)->0K(82944K) From: 512K(2560K)->768K(2048K)
[15228.059s][info][gc,heap        ] GC(33304) ParOldGen: 591418K(591872K)->591474K(591872K)
[15228.059s][info][gc,metaspace   ] GC(33304) Metaspace: 62376K(62592K)->62376K(62592K) NonClass: 53330K(53504K)->53330K(53504K) Class: 9046K(9088K)->9046K(9088K)
[15228.059s][info][gc             ] GC(33304) Pause Young (Allocation Failure) 658M->578M(661M) 2.832ms
[15228.059s][info][gc,cpu         ] GC(33304) User=0.00s Sys=0.00s Real=0.00s
[15228.563s][info][gc,start       ] GC(33305) Pause Young (Allocation Failure)
[15228.566s][info][gc,heap        ] GC(33305) PSYoungGen: 83712K(84992K)->896K(84992K) Eden: 82944K(82944K)->0K(82944K) From: 768K(2048K)->896K(2048K)
[15228.566s][info][gc,heap        ] GC(33305) ParOldGen: 591474K(591872K)->591522K(591872K)
[15228.566s][info][gc,metaspace   ] GC(33305) Metaspace: 62376K(62592K)->62376K(62592K) NonClass: 53330K(53504K)->53330K(53504K) Class: 9046K(9088K)->9046K(9088K)
[15228.567s][info][gc             ] GC(33305) Pause Young (Allocation Failure) 659M->578M(661M) 3.113ms
[15228.567s][info][gc,cpu         ] GC(33305) User=0.01s Sys=0.00s Real=0.01s
[15228.999s][info][gc,start       ] GC(33306) Pause Young (Allocation Failure)
[15229.003s][info][gc,heap        ] GC(33306) PSYoungGen: 83840K(84992K)->1376K(84992K) Eden: 82944K(82944K)->0K(82944K) From: 896K(2048K)->1376K(2048K)
[15229.003s][info][gc,heap        ] GC(33306) ParOldGen: 591522K(591872K)->591618K(591872K)
[15229.003s][info][gc,metaspace   ] GC(33306) Metaspace: 62376K(62592K)->62376K(62592K) NonClass: 53330K(53504K)->53330K(53504K) Class: 9046K(9088K)->9046K(9088K)
[15229.003s][info][gc             ] GC(33306) Pause Young (Allocation Failure) 659M->579M(661M) 3.652ms
[15229.003s][info][gc,cpu         ] GC(33306) User=0.00s Sys=0.00s Real=0.00s
[15229.435s][info][gc,start       ] GC(33307) Pause Young (Allocation Failure)
[15229.437s][info][gc,heap        ] GC(33307) PSYoungGen: 84320K(84992K)->416K(84992K) Eden: 82944K(82944K)->0K(82944K) From: 1376K(2048K)->416K(2048K)
[15229.437s][info][gc,heap        ] GC(33307) ParOldGen: 591618K(591872K)->591666K(591872K)
[15229.437s][info][gc,metaspace   ] GC(33307) Metaspace: 62376K(62592K)->62376K(62592K) NonClass: 53330K(53504K)->53330K(53504K) Class: 9046K(9088K)->9046K(9088K)
[15229.437s][info][gc             ] GC(33307) Pause Young (Allocation Failure) 660M->578M(661M) 2.378ms
[15229.437s][info][gc,cpu         ] GC(33307) User=0.00s Sys=0.00s Real=0.01s
[15229.778s][info][gc,start       ] GC(33308) Pause Young (Allocation Failure)
[15229.781s][info][gc,heap        ] GC(33308) PSYoungGen: 83360K(84992K)->1312K(84992K) Eden: 82944K(82944K)->0K(82944K) From: 416K(2048K)->1312K(2048K)
[15229.781s][info][gc,heap        ] GC(33308) ParOldGen: 591666K(591872K)->591722K(591872K)
[15229.781s][info][gc,metaspace   ] GC(33308) Metaspace: 62376K(62592K)->62376K(62592K) NonClass: 53330K(53504K)->53330K(53504K) Class: 9046K(9088K)->9046K(9088K)
[15229.781s][info][gc             ] GC(33308) Pause Young (Allocation Failure) 659M->579M(661M) 3.134ms
[15229.781s][info][gc,cpu         ] GC(33308) User=0.00s Sys=0.00s Real=0.00s
[15230.162s][info][gc,start       ] GC(33309) Pause Young (Allocation Failure)
[15230.165s][info][gc,heap        ] GC(33309) PSYoungGen: 84256K(84992K)->800K(84992K) Eden: 82944K(82944K)->0K(82944K) From: 1312K(2048K)->800K(2048K)
[15230.165s][info][gc,heap        ] GC(33309) ParOldGen: 591722K(591872K)->591778K(591872K)
[15230.165s][info][gc,metaspace   ] GC(33309) Metaspace: 62376K(62592K)->62376K(62592K) NonClass: 53330K(53504K)->53330K(53504K) Class: 9046K(9088K)->9046K(9088K)
[15230.165s][info][gc             ] GC(33309) Pause Young (Allocation Failure) 660M->578M(661M) 2.771ms
[15230.165s][info][gc,cpu         ] GC(33309) User=0.00s Sys=0.00s Real=0.00s
[15230.562s][info][gc,start       ] GC(33310) Pause Young (Allocation Failure)
[15230.564s][info][gc,heap        ] GC(33310) PSYoungGen: 83744K(84992K)->832K(84992K) Eden: 82944K(82944K)->0K(82944K) From: 800K(2048K)->832K(2048K)
[15230.564s][info][gc,heap        ] GC(33310) ParOldGen: 591778K(591872K)->591834K(591872K)
[15230.564s][info][gc,metaspace   ] GC(33310) Metaspace: 62376K(62592K)->62376K(62592K) NonClass: 53330K(53504K)->53330K(53504K) Class: 9046K(9088K)->9046K(9088K)
[15230.564s][info][gc             ] GC(33310) Pause Young (Allocation Failure) 659M->578M(661M) 2.732ms
[15230.564s][info][gc,cpu         ] GC(33310) User=0.00s Sys=0.00s Real=0.00s
[15230.952s][info][gc,start       ] GC(33311) Pause Young (Allocation Failure)
[15230.955s][info][gc,heap        ] GC(33311) PSYoungGen: 83776K(84992K)->640K(84992K) Eden: 82944K(82944K)->0K(82944K) From: 832K(2048K)->640K(2048K)
[15230.955s][info][gc,heap        ] GC(33311) ParOldGen: 591834K(591872K)->591882K(592384K)
[15230.955s][info][gc,metaspace   ] GC(33311) Metaspace: 62376K(62592K)->62376K(62592K) NonClass: 53330K(53504K)->53330K(53504K) Class: 9046K(9088K)->9046K(9088K)
[15230.955s][info][gc             ] GC(33311) Pause Young (Allocation Failure) 659M->578M(661M) 2.589ms
[15230.955s][info][gc,cpu         ] GC(33311) User=0.00s Sys=0.00s Real=0.00s
[15231.338s][info][gc,start       ] GC(33312) Pause Young (Allocation Failure)
[15231.341s][info][gc,heap        ] GC(33312) PSYoungGen: 83584K(84992K)->480K(84992K) Eden: 82944K(82944K)->0K(82944K) From: 640K(2048K)->480K(2048K)
[15231.341s][info][gc,heap        ] GC(33312) ParOldGen: 591882K(592384K)->591930K(592384K)
[15231.341s][info][gc,metaspace   ] GC(33312) Metaspace: 62376K(62592K)->62376K(62592K) NonClass: 53330K(53504K)->53330K(53504K) Class: 9046K(9088K)->9046K(9088K)
[15231.341s][info][gc             ] GC(33312) Pause Young (Allocation Failure) 659M->578M(661M) 2.571ms
[15231.341s][info][gc,cpu         ] GC(33312) User=0.01s Sys=0.00s Real=0.00s
[15231.738s][info][gc,start       ] GC(33313) Pause Young (Allocation Failure)
[15231.741s][info][gc,heap        ] GC(33313) PSYoungGen: 83424K(84992K)->448K(84992K) Eden: 82944K(82944K)->0K(82944K) From: 480K(2048K)->448K(2048K)
[15231.741s][info][gc,heap        ] GC(33313) ParOldGen: 591930K(592384K)->591986K(592384K)
[15231.741s][info][gc,metaspace   ] GC(33313) Metaspace: 62376K(62592K)->62376K(62592K) NonClass: 53330K(53504K)->53330K(53504K) Class: 9046K(9088K)->9046K(9088K)
[15231.741s][info][gc             ] GC(33313) Pause Young (Allocation Failure) 659M->578M(661M) 2.687ms
[15231.741s][info][gc,cpu         ] GC(33313) User=0.00s Sys=0.00s Real=0.00s
[15232.140s][info][gc,start       ] GC(33314) Pause Young (Allocation Failure)
[15232.142s][info][gc,heap        ] GC(33314) PSYoungGen: 83392K(84992K)->512K(84992K) Eden: 82944K(82944K)->0K(82944K) From: 448K(2048K)->512K(2048K)
[15232.142s][info][gc,heap        ] GC(33314) ParOldGen: 591986K(592384K)->592042K(592384K)
[15232.142s][info][gc,metaspace   ] GC(33314) Metaspace: 62376K(62592K)->62376K(62592K) NonClass: 53330K(53504K)->53330K(53504K) Class: 9046K(9088K)->9046K(9088K)
[15232.142s][info][gc             ] GC(33314) Pause Young (Allocation Failure) 659M->578M(661M) 2.575ms
[15232.142s][info][gc,cpu         ] GC(33314) User=0.01s Sys=0.00s Real=0.00s
[15232.574s][info][gc,start       ] GC(33315) Pause Young (Allocation Failure)
[15232.577s][info][gc,heap        ] GC(33315) PSYoungGen: 83456K(84992K)->960K(84992K) Eden: 82944K(82944K)->0K(82944K) From: 512K(2048K)->960K(2048K)
[15232.577s][info][gc,heap        ] GC(33315) ParOldGen: 592042K(592384K)->592090K(592384K)
[15232.577s][info][gc,metaspace   ] GC(33315) Metaspace: 62376K(62592K)->62376K(62592K) NonClass: 53330K(53504K)->53330K(53504K) Class: 9046K(9088K)->9046K(9088K)
[15232.577s][info][gc             ] GC(33315) Pause Young (Allocation Failure) 659M->579M(661M) 3.263ms
[15232.577s][info][gc,cpu         ] GC(33315) User=0.01s Sys=0.00s Real=0.01s
[15233.013s][info][gc,start       ] GC(33316) Pause Young (Allocation Failure)
[15233.017s][info][gc,heap        ] GC(33316) PSYoungGen: 83904K(84992K)->1664K(84992K) Eden: 82944K(82944K)->0K(82944K) From: 960K(2048K)->1664K(2048K)
[15233.017s][info][gc,heap        ] GC(33316) ParOldGen: 592090K(592384K)->592138K(592384K)
[15233.017s][info][gc,metaspace   ] GC(33316) Metaspace: 62376K(62592K)->62376K(62592K) NonClass: 53330K(53504K)->53330K(53504K) Class: 9046K(9088K)->9046K(9088K)
[15233.017s][info][gc             ] GC(33316) Pause Young (Allocation Failure) 660M->579M(661M) 3.964ms
[15233.017s][info][gc,cpu         ] GC(33316) User=0.01s Sys=0.00s Real=0.01s
[15233.408s][info][gc,start       ] GC(33317) Pause Young (Allocation Failure)
[15233.411s][info][gc,heap        ] GC(33317) PSYoungGen: 84608K(84992K)->1760K(84992K) Eden: 82944K(82944K)->0K(82944K) From: 1664K(2048K)->1760K(2048K)
[15233.411s][info][gc,heap        ] GC(33317) ParOldGen: 592138K(592384K)->592186K(592384K)
[15233.411s][info][gc,metaspace   ] GC(33317) Metaspace: 62376K(62592K)->62376K(62592K) NonClass: 53330K(53504K)->53330K(53504K) Class: 9046K(9088K)->9046K(9088K)
[15233.411s][info][gc             ] GC(33317) Pause Young (Allocation Failure) 660M->580M(661M) 3.939ms
[15233.412s][info][gc,cpu         ] GC(33317) User=0.01s Sys=0.00s Real=0.00s
[15233.773s][info][gc,start       ] GC(33318) Pause Young (Allocation Failure)
[15233.776s][info][gc,heap        ] GC(33318) PSYoungGen: 84704K(84992K)->1120K(83968K) Eden: 82944K(82944K)->0K(81920K) From: 1760K(2048K)->1120K(2048K)
[15233.776s][info][gc,heap        ] GC(33318) ParOldGen: 592186K(592384K)->592234K(592384K)
[15233.776s][info][gc,metaspace   ] GC(33318) Metaspace: 62376K(62592K)->62376K(62592K) NonClass: 53330K(53504K)->53330K(53504K) Class: 9046K(9088K)->9046K(9088K)
[15233.776s][info][gc             ] GC(33318) Pause Young (Allocation Failure) 661M->579M(660M) 3.092ms
[15233.776s][info][gc,cpu         ] GC(33318) User=0.01s Sys=0.00s Real=0.00s
[15234.138s][info][gc,start       ] GC(33319) Pause Young (Allocation Failure)
[15234.141s][info][gc,heap        ] GC(33319) PSYoungGen: 83040K(83968K)->2496K(84480K) Eden: 81920K(81920K)->0K(81920K) From: 1120K(2048K)->2496K(2560K)
[15234.141s][info][gc,heap        ] GC(33319) ParOldGen: 592234K(592384K)->592290K(592384K)
[15234.141s][info][gc,metaspace   ] GC(33319) Metaspace: 62376K(62592K)->62376K(62592K) NonClass: 53330K(53504K)->53330K(53504K) Class: 9046K(9088K)->9046K(9088K)
[15234.141s][info][gc             ] GC(33319) Pause Young (Allocation Failure) 659M->580M(661M) 2.982ms
[15234.141s][info][gc,cpu         ] GC(33319) User=0.01s Sys=0.00s Real=0.00s
[15234.563s][info][gc,start       ] GC(33320) Pause Young (Allocation Failure)
[15234.567s][info][gc,heap        ] GC(33320) PSYoungGen: 84416K(84480K)->736K(84480K) Eden: 81920K(81920K)->0K(81920K) From: 2496K(2560K)->736K(2560K)
[15234.567s][info][gc,heap        ] GC(33320) ParOldGen: 592290K(592384K)->594386K(595456K)
[15234.567s][info][gc,metaspace   ] GC(33320) Metaspace: 62376K(62592K)->62376K(62592K) NonClass: 53330K(53504K)->53330K(53504K) Class: 9046K(9088K)->9046K(9088K)
[15234.567s][info][gc             ] GC(33320) Pause Young (Allocation Failure) 660M->581M(664M) 3.886ms
[15234.567s][info][gc,cpu         ] GC(33320) User=0.01s Sys=0.01s Real=0.01s
[15235.009s][info][gc,start       ] GC(33321) Pause Young (Allocation Failure)
[15235.012s][info][gc,heap        ] GC(33321) PSYoungGen: 82656K(84480K)->1472K(84480K) Eden: 81920K(81920K)->0K(81920K) From: 736K(2560K)->1472K(2560K)
[15235.012s][info][gc,heap        ] GC(33321) ParOldGen: 594386K(595456K)->594442K(595456K)
[15235.012s][info][gc,metaspace   ] GC(33321) Metaspace: 62376K(62592K)->62376K(62592K) NonClass: 53330K(53504K)->53330K(53504K) Class: 9046K(9088K)->9046K(9088K)
[15235.012s][info][gc             ] GC(33321) Pause Young (Allocation Failure) 661M->581M(664M) 3.497ms
[15235.012s][info][gc,cpu         ] GC(33321) User=0.00s Sys=0.00s Real=0.00s
[15235.507s][info][gc,start       ] GC(33322) Pause Young (Allocation Failure)
[15235.511s][info][gc,heap        ] GC(33322) PSYoungGen: 83392K(84480K)->1504K(84480K) Eden: 81920K(81920K)->0K(81920K) From: 1472K(2560K)->1504K(2560K)
[15235.511s][info][gc,heap        ] GC(33322) ParOldGen: 594442K(595456K)->594498K(595456K)
[15235.511s][info][gc,metaspace   ] GC(33322) Metaspace: 62376K(62592K)->62376K(62592K) NonClass: 53330K(53504K)->53330K(53504K) Class: 9046K(9088K)->9046K(9088K)
[15235.511s][info][gc             ] GC(33322) Pause Young (Allocation Failure) 661M->582M(664M) 3.414ms
[15235.511s][info][gc,cpu         ] GC(33322) User=0.01s Sys=0.00s Real=0.00s
[15235.924s][info][gc,start       ] GC(33323) Pause Young (Allocation Failure)
[15235.927s][info][gc,heap        ] GC(33323) PSYoungGen: 83424K(84480K)->224K(84480K) Eden: 81920K(81920K)->0K(81920K) From: 1504K(2560K)->224K(2560K)
[15235.927s][info][gc,heap        ] GC(33323) ParOldGen: 594498K(595456K)->594594K(595456K)
[15235.927s][info][gc,metaspace   ] GC(33323) Metaspace: 62376K(62592K)->62376K(62592K) NonClass: 53330K(53504K)->53330K(53504K) Class: 9046K(9088K)->9046K(9088K)
[15235.927s][info][gc             ] GC(33323) Pause Young (Allocation Failure) 662M->580M(664M) 2.522ms
[15235.927s][info][gc,cpu         ] GC(33323) User=0.00s Sys=0.00s Real=0.01s
[15236.389s][info][gc,start       ] GC(33324) Pause Young (Allocation Failure)
[15236.392s][info][gc,heap        ] GC(33324) PSYoungGen: 82144K(84480K)->1152K(84480K) Eden: 81920K(81920K)->0K(81920K) From: 224K(2560K)->1152K(2560K)
[15236.392s][info][gc,heap        ] GC(33324) ParOldGen: 594594K(595456K)->594642K(595456K)
[15236.392s][info][gc,metaspace   ] GC(33324) Metaspace: 62376K(62592K)->62376K(62592K) NonClass: 53330K(53504K)->53330K(53504K) Class: 9046K(9088K)->9046K(9088K)
[15236.392s][info][gc             ] GC(33324) Pause Young (Allocation Failure) 660M->581M(664M) 3.162ms
[15236.392s][info][gc,cpu         ] GC(33324) User=0.00s Sys=0.00s Real=0.00s
[15236.809s][info][gc,start       ] GC(33325) Pause Young (Allocation Failure)
[15236.812s][info][gc,heap        ] GC(33325) PSYoungGen: 83072K(84480K)->1536K(84480K) Eden: 81920K(81920K)->0K(81920K) From: 1152K(2560K)->1536K(2560K)
[15236.812s][info][gc,heap        ] GC(33325) ParOldGen: 594642K(595456K)->594698K(595456K)
[15236.812s][info][gc,metaspace   ] GC(33325) Metaspace: 62376K(62592K)->62376K(62592K) NonClass: 53330K(53504K)->53330K(53504K) Class: 9046K(9088K)->9046K(9088K)
[15236.812s][info][gc             ] GC(33325) Pause Young (Allocation Failure) 661M->582M(664M) 3.496ms
[15236.812s][info][gc,cpu         ] GC(33325) User=0.01s Sys=0.00s Real=0.00s
[15237.245s][info][gc,start       ] GC(33326) Pause Young (Allocation Failure)
[15237.248s][info][gc,heap        ] GC(33326) PSYoungGen: 83456K(84480K)->448K(84480K) Eden: 81920K(81920K)->0K(81920K) From: 1536K(2560K)->448K(2560K)
[15237.248s][info][gc,heap        ] GC(33326) ParOldGen: 594698K(595456K)->594754K(595456K)
[15237.248s][info][gc,metaspace   ] GC(33326) Metaspace: 62376K(62592K)->62376K(62592K) NonClass: 53330K(53504K)->53330K(53504K) Class: 9046K(9088K)->9046K(9088K)
[15237.248s][info][gc             ] GC(33326) Pause Young (Allocation Failure) 662M->581M(664M) 2.622ms
[15237.248s][info][gc,cpu         ] GC(33326) User=0.00s Sys=0.00s Real=0.01s
[15237.683s][info][gc,start       ] GC(33327) Pause Young (Allocation Failure)
[15237.686s][info][gc,heap        ] GC(33327) PSYoungGen: 82368K(84480K)->1088K(84480K) Eden: 81920K(81920K)->0K(81920K) From: 448K(2560K)->1088K(2560K)
[15237.686s][info][gc,heap        ] GC(33327) ParOldGen: 594754K(595456K)->594802K(595456K)
[15237.686s][info][gc,metaspace   ] GC(33327) Metaspace: 62376K(62592K)->62376K(62592K) NonClass: 53330K(53504K)->53330K(53504K) Class: 9046K(9088K)->9046K(9088K)
[15237.687s][info][gc             ] GC(33327) Pause Young (Allocation Failure) 661M->581M(664M) 3.051ms
[15237.687s][info][gc,cpu         ] GC(33327) User=0.01s Sys=0.00s Real=0.01s
[15238.128s][info][gc,start       ] GC(33328) Pause Young (Allocation Failure)
[15238.130s][info][gc,heap        ] GC(33328) PSYoungGen: 83008K(84480K)->288K(84480K) Eden: 81920K(81920K)->0K(81920K) From: 1088K(2560K)->288K(2560K)
[15238.130s][info][gc,heap        ] GC(33328) ParOldGen: 594802K(595456K)->594850K(595456K)
[15238.130s][info][gc,metaspace   ] GC(33328) Metaspace: 62376K(62592K)->62376K(62592K) NonClass: 53330K(53504K)->53330K(53504K) Class: 9046K(9088K)->9046K(9088K)
[15238.130s][info][gc             ] GC(33328) Pause Young (Allocation Failure) 661M->581M(664M) 2.414ms
[15238.130s][info][gc,cpu         ] GC(33328) User=0.01s Sys=0.00s Real=0.00s
[15238.565s][info][gc,start       ] GC(33329) Pause Young (Allocation Failure)
[15238.567s][info][gc,heap        ] GC(33329) PSYoungGen: 82208K(84480K)->864K(84480K) Eden: 81920K(81920K)->0K(81920K) From: 288K(2560K)->864K(2560K)
[15238.567s][info][gc,heap        ] GC(33329) ParOldGen: 594850K(595456K)->594898K(595456K)
[15238.568s][info][gc,metaspace   ] GC(33329) Metaspace: 62376K(62592K)->62376K(62592K) NonClass: 53330K(53504K)->53330K(53504K) Class: 9046K(9088K)->9046K(9088K)
[15238.568s][info][gc             ] GC(33329) Pause Young (Allocation Failure) 661M->581M(664M) 2.912ms
[15238.568s][info][gc,cpu         ] GC(33329) User=0.00s Sys=0.00s Real=0.01s
[15238.979s][info][gc,start       ] GC(33330) Pause Young (Allocation Failure)
[15238.982s][info][gc,heap        ] GC(33330) PSYoungGen: 82784K(84480K)->2176K(84480K) Eden: 81920K(81920K)->0K(81920K) From: 864K(2560K)->2176K(2560K)
[15238.982s][info][gc,heap        ] GC(33330) ParOldGen: 594898K(595456K)->594954K(595456K)
[15238.982s][info][gc,metaspace   ] GC(33330) Metaspace: 62376K(62592K)->62376K(62592K) NonClass: 53330K(53504K)->53330K(53504K) Class: 9046K(9088K)->9046K(9088K)
[15238.982s][info][gc             ] GC(33330) Pause Young (Allocation Failure) 661M->583M(664M) 3.447ms
[15238.982s][info][gc,cpu         ] GC(33330) User=0.00s Sys=0.00s Real=0.00s
[15239.373s][info][gc,start       ] GC(33331) Pause Young (Allocation Failure)
[15239.376s][info][gc,heap        ] GC(33331) PSYoungGen: 84096K(84480K)->992K(84480K) Eden: 81920K(81920K)->0K(81920K) From: 2176K(2560K)->992K(2560K)
[15239.376s][info][gc,heap        ] GC(33331) ParOldGen: 594954K(595456K)->596026K(596992K)
[15239.376s][info][gc,metaspace   ] GC(33331) Metaspace: 62376K(62592K)->62376K(62592K) NonClass: 53330K(53504K)->53330K(53504K) Class: 9046K(9088K)->9046K(9088K)
[15239.376s][info][gc             ] GC(33331) Pause Young (Allocation Failure) 663M->583M(665M) 3.535ms
[15239.376s][info][gc,cpu         ] GC(33331) User=0.01s Sys=0.00s Real=0.01s
[15239.784s][info][gc,start       ] GC(33332) Pause Young (Allocation Failure)
[15239.787s][info][gc,heap        ] GC(33332) PSYoungGen: 82912K(84480K)->1152K(84480K) Eden: 81920K(81920K)->0K(81920K) From: 992K(2560K)->1152K(2560K)
[15239.787s][info][gc,heap        ] GC(33332) ParOldGen: 596026K(596992K)->596074K(596992K)
[15239.787s][info][gc,metaspace   ] GC(33332) Metaspace: 62376K(62592K)->62376K(62592K) NonClass: 53330K(53504K)->53330K(53504K) Class: 9046K(9088K)->9046K(9088K)
[15239.787s][info][gc             ] GC(33332) Pause Young (Allocation Failure) 663M->583M(665M) 3.408ms
[15239.787s][info][gc,cpu         ] GC(33332) User=0.01s Sys=0.00s Real=0.01s
[15240.245s][info][gc,start       ] GC(33333) Pause Young (Allocation Failure)
[15240.247s][info][gc,heap        ] GC(33333) PSYoungGen: 83072K(84480K)->544K(84480K) Eden: 81920K(81920K)->0K(81920K) From: 1152K(2560K)->544K(2560K)
[15240.247s][info][gc,heap        ] GC(33333) ParOldGen: 596074K(596992K)->596130K(596992K)
[15240.247s][info][gc,metaspace   ] GC(33333) Metaspace: 62376K(62592K)->62376K(62592K) NonClass: 53330K(53504K)->53330K(53504K) Class: 9046K(9088K)->9046K(9088K)
[15240.248s][info][gc             ] GC(33333) Pause Young (Allocation Failure) 663M->582M(665M) 2.694ms
[15240.248s][info][gc,cpu         ] GC(33333) User=0.01s Sys=0.00s Real=0.01s
[15240.719s][info][gc,start       ] GC(33334) Pause Young (Allocation Failure)
[15240.723s][info][gc,heap        ] GC(33334) PSYoungGen: 82464K(84480K)->1728K(84480K) Eden: 81920K(81920K)->0K(81920K) From: 544K(2560K)->1728K(2560K)
[15240.723s][info][gc,heap        ] GC(33334) ParOldGen: 596130K(596992K)->596186K(596992K)
[15240.723s][info][gc,metaspace   ] GC(33334) Metaspace: 62376K(62592K)->62376K(62592K) NonClass: 53330K(53504K)->53330K(53504K) Class: 9046K(9088K)->9046K(9088K)
[15240.723s][info][gc             ] GC(33334) Pause Young (Allocation Failure) 662M->583M(665M) 3.895ms
[15240.723s][info][gc,cpu         ] GC(33334) User=0.01s Sys=0.00s Real=0.00s
[15241.123s][info][gc,start       ] GC(33335) Pause Young (Allocation Failure)
[15241.125s][info][gc,heap        ] GC(33335) PSYoungGen: 83648K(84480K)->192K(84480K) Eden: 81920K(81920K)->0K(81920K) From: 1728K(2560K)->192K(2560K)
[15241.125s][info][gc,heap        ] GC(33335) ParOldGen: 596186K(596992K)->596242K(596992K)
[15241.125s][info][gc,metaspace   ] GC(33335) Metaspace: 62376K(62592K)->62376K(62592K) NonClass: 53330K(53504K)->53330K(53504K) Class: 9046K(9088K)->9046K(9088K)
[15241.126s][info][gc             ] GC(33335) Pause Young (Allocation Failure) 663M->582M(665M) 2.369ms
[15241.126s][info][gc,cpu         ] GC(33335) User=0.01s Sys=0.00s Real=0.00s
[15241.569s][info][gc,start       ] GC(33336) Pause Young (Allocation Failure)
[15241.571s][info][gc,heap        ] GC(33336) PSYoungGen: 82112K(84480K)->896K(84480K) Eden: 81920K(81920K)->0K(81920K) From: 192K(2560K)->896K(2560K)
[15241.571s][info][gc,heap        ] GC(33336) ParOldGen: 596242K(596992K)->596298K(596992K)
[15241.571s][info][gc,metaspace   ] GC(33336) Metaspace: 62376K(62592K)->62376K(62592K) NonClass: 53330K(53504K)->53330K(53504K) Class: 9046K(9088K)->9046K(9088K)
[15241.571s][info][gc             ] GC(33336) Pause Young (Allocation Failure) 662M->583M(665M) 2.929ms
[15241.571s][info][gc,cpu         ] GC(33336) User=0.01s Sys=0.00s Real=0.00s
[15242.020s][info][gc,start       ] GC(33337) Pause Young (Allocation Failure)
[15242.023s][info][gc,heap        ] GC(33337) PSYoungGen: 82816K(84480K)->1568K(84480K) Eden: 81920K(81920K)->0K(81920K) From: 896K(2560K)->1568K(2560K)
[15242.023s][info][gc,heap        ] GC(33337) ParOldGen: 596298K(596992K)->596354K(596992K)
[15242.023s][info][gc,metaspace   ] GC(33337) Metaspace: 62376K(62592K)->62376K(62592K) NonClass: 53330K(53504K)->53330K(53504K) Class: 9046K(9088K)->9046K(9088K)
[15242.023s][info][gc             ] GC(33337) Pause Young (Allocation Failure) 663M->583M(665M) 3.522ms
[15242.023s][info][gc,cpu         ] GC(33337) User=0.01s Sys=0.00s Real=0.00s
[15242.517s][info][gc,start       ] GC(33338) Pause Young (Allocation Failure)
[15242.520s][info][gc,heap        ] GC(33338) PSYoungGen: 83488K(84480K)->992K(84480K) Eden: 81920K(81920K)->0K(81920K) From: 1568K(2560K)->992K(2560K)
[15242.520s][info][gc,heap        ] GC(33338) ParOldGen: 596354K(596992K)->596410K(596992K)
[15242.520s][info][gc,metaspace   ] GC(33338) Metaspace: 62376K(62592K)->62376K(62592K) NonClass: 53330K(53504K)->53330K(53504K) Class: 9046K(9088K)->9046K(9088K)
[15242.520s][info][gc             ] GC(33338) Pause Young (Allocation Failure) 663M->583M(665M) 3.053ms
[15242.520s][info][gc,cpu         ] GC(33338) User=0.00s Sys=0.00s Real=0.00s
[15242.973s][info][gc,start       ] GC(33339) Pause Young (Allocation Failure)
[15242.976s][info][gc,heap        ] GC(33339) PSYoungGen: 82912K(84480K)->928K(84480K) Eden: 81920K(81920K)->0K(81920K) From: 992K(2560K)->928K(2560K)
[15242.976s][info][gc,heap        ] GC(33339) ParOldGen: 596410K(596992K)->596514K(596992K)
[15242.976s][info][gc,metaspace   ] GC(33339) Metaspace: 62376K(62592K)->62376K(62592K) NonClass: 53330K(53504K)->53330K(53504K) Class: 9046K(9088K)->9046K(9088K)
[15242.976s][info][gc             ] GC(33339) Pause Young (Allocation Failure) 663M->583M(665M) 3.088ms
[15242.976s][info][gc,cpu         ] GC(33339) User=0.00s Sys=0.00s Real=0.01s
[15243.426s][info][gc,start       ] GC(33340) Pause Young (Allocation Failure)
[15243.428s][info][gc,heap        ] GC(33340) PSYoungGen: 82848K(84480K)->2304K(84480K) Eden: 81920K(81920K)->0K(81920K) From: 928K(2560K)->2304K(2560K)
[15243.429s][info][gc,heap        ] GC(33340) ParOldGen: 596514K(596992K)->596562K(596992K)
[15243.429s][info][gc,metaspace   ] GC(33340) Metaspace: 62376K(62592K)->62376K(62592K) NonClass: 53330K(53504K)->53330K(53504K) Class: 9046K(9088K)->9046K(9088K)
[15243.429s][info][gc             ] GC(33340) Pause Young (Allocation Failure) 663M->584M(665M) 2.727ms
[15243.429s][info][gc,cpu         ] GC(33340) User=0.00s Sys=0.00s Real=0.01s
[15243.830s][info][gc,start       ] GC(33341) Pause Young (Allocation Failure)
[15243.834s][info][gc,heap        ] GC(33341) PSYoungGen: 84224K(84480K)->320K(84480K) Eden: 81920K(81920K)->0K(81920K) From: 2304K(2560K)->320K(2560K)
[15243.834s][info][gc,heap        ] GC(33341) ParOldGen: 596562K(596992K)->598666K(600064K)
[15243.834s][info][gc,metaspace   ] GC(33341) Metaspace: 62376K(62592K)->62376K(62592K) NonClass: 53330K(53504K)->53330K(53504K) Class: 9046K(9088K)->9046K(9088K)
[15243.834s][info][gc             ] GC(33341) Pause Young (Allocation Failure) 664M->584M(668M) 3.562ms
[15243.834s][info][gc,cpu         ] GC(33341) User=0.01s Sys=0.00s Real=0.00s
[15244.265s][info][gc,start       ] GC(33342) Pause Young (Allocation Failure)
[15244.268s][info][gc,heap        ] GC(33342) PSYoungGen: 82240K(84480K)->800K(84480K) Eden: 81920K(81920K)->0K(81920K) From: 320K(2560K)->800K(2560K)
[15244.268s][info][gc,heap        ] GC(33342) ParOldGen: 598666K(600064K)->598714K(600064K)
[15244.268s][info][gc,metaspace   ] GC(33342) Metaspace: 62376K(62592K)->62376K(62592K) NonClass: 53330K(53504K)->53330K(53504K) Class: 9046K(9088K)->9046K(9088K)
[15244.268s][info][gc             ] GC(33342) Pause Young (Allocation Failure) 664M->585M(668M) 3.001ms
[15244.268s][info][gc,cpu         ] GC(33342) User=0.01s Sys=0.00s Real=0.01s
[15244.712s][info][gc,start       ] GC(33343) Pause Young (Allocation Failure)
[15244.715s][info][gc,heap        ] GC(33343) PSYoungGen: 82720K(84480K)->1536K(84480K) Eden: 81920K(81920K)->0K(81920K) From: 800K(2560K)->1536K(2560K)
[15244.716s][info][gc,heap        ] GC(33343) ParOldGen: 598714K(600064K)->598770K(600064K)
[15244.716s][info][gc,metaspace   ] GC(33343) Metaspace: 62376K(62592K)->62376K(62592K) NonClass: 53330K(53504K)->53330K(53504K) Class: 9046K(9088K)->9046K(9088K)
[15244.716s][info][gc             ] GC(33343) Pause Young (Allocation Failure) 665M->586M(668M) 3.681ms
[15244.716s][info][gc,cpu         ] GC(33343) User=0.00s Sys=0.01s Real=0.00s
[15245.111s][info][gc,start       ] GC(33344) Pause Young (Allocation Failure)
[15245.114s][info][gc,heap        ] GC(33344) PSYoungGen: 83455K(84480K)->1600K(84480K) Eden: 81919K(81920K)->0K(81920K) From: 1536K(2560K)->1600K(2560K)
[15245.114s][info][gc,heap        ] GC(33344) ParOldGen: 598770K(600064K)->598826K(600064K)
[15245.114s][info][gc,metaspace   ] GC(33344) Metaspace: 62376K(62592K)->62376K(62592K) NonClass: 53330K(53504K)->53330K(53504K) Class: 9046K(9088K)->9046K(9088K)
[15245.115s][info][gc             ] GC(33344) Pause Young (Allocation Failure) 666M->586M(668M) 3.607ms
[15245.115s][info][gc,cpu         ] GC(33344) User=0.01s Sys=0.00s Real=0.00s
[15245.543s][info][gc,start       ] GC(33345) Pause Young (Allocation Failure)
[15245.546s][info][gc,heap        ] GC(33345) PSYoungGen: 83520K(84480K)->512K(84480K) Eden: 81920K(81920K)->0K(81920K) From: 1600K(2560K)->512K(2560K)
[15245.546s][info][gc,heap        ] GC(33345) ParOldGen: 598826K(600064K)->598874K(600064K)
[15245.546s][info][gc,metaspace   ] GC(33345) Metaspace: 62376K(62592K)->62376K(62592K) NonClass: 53330K(53504K)->53330K(53504K) Class: 9046K(9088K)->9046K(9088K)
[15245.546s][info][gc             ] GC(33345) Pause Young (Allocation Failure) 666M->585M(668M) 2.700ms
[15245.546s][info][gc,cpu         ] GC(33345) User=0.00s Sys=0.00s Real=0.01s
[15245.943s][info][gc,start       ] GC(33346) Pause Young (Allocation Failure)
[15245.946s][info][gc,heap        ] GC(33346) PSYoungGen: 82432K(84480K)->544K(84480K) Eden: 81920K(81920K)->0K(81920K) From: 512K(2560K)->544K(2560K)
[15245.946s][info][gc,heap        ] GC(33346) ParOldGen: 598874K(600064K)->598922K(600064K)
[15245.946s][info][gc,metaspace   ] GC(33346) Metaspace: 62376K(62592K)->62376K(62592K) NonClass: 53330K(53504K)->53330K(53504K) Class: 9046K(9088K)->9046K(9088K)
[15245.946s][info][gc             ] GC(33346) Pause Young (Allocation Failure) 665M->585M(668M) 2.618ms
[15245.946s][info][gc,cpu         ] GC(33346) User=0.00s Sys=0.00s Real=0.01s
[15246.387s][info][gc,start       ] GC(33347) Pause Young (Allocation Failure)
[15246.391s][info][gc,heap        ] GC(33347) PSYoungGen: 82464K(84480K)->1152K(84480K) Eden: 81920K(81920K)->0K(81920K) From: 544K(2560K)->1152K(2560K)
[15246.391s][info][gc,heap        ] GC(33347) ParOldGen: 598922K(600064K)->598970K(600064K)
[15246.391s][info][gc,metaspace   ] GC(33347) Metaspace: 62376K(62592K)->62376K(62592K) NonClass: 53330K(53504K)->53330K(53504K) Class: 9046K(9088K)->9046K(9088K)
[15246.391s][info][gc             ] GC(33347) Pause Young (Allocation Failure) 665M->586M(668M) 3.326ms
[15246.391s][info][gc,cpu         ] GC(33347) User=0.00s Sys=0.00s Real=0.00s
[15246.839s][info][gc,start       ] GC(33348) Pause Young (Allocation Failure)
[15246.841s][info][gc,heap        ] GC(33348) PSYoungGen: 83072K(84480K)->416K(84480K) Eden: 81920K(81920K)->0K(81920K) From: 1152K(2560K)->416K(2560K)
[15246.841s][info][gc,heap        ] GC(33348) ParOldGen: 598970K(600064K)->599026K(600064K)
[15246.841s][info][gc,metaspace   ] GC(33348) Metaspace: 62376K(62592K)->62376K(62592K) NonClass: 53330K(53504K)->53330K(53504K) Class: 9046K(9088K)->9046K(9088K)
[15246.841s][info][gc             ] GC(33348) Pause Young (Allocation Failure) 666M->585M(668M) 2.602ms
[15246.841s][info][gc,cpu         ] GC(33348) User=0.00s Sys=0.00s Real=0.00s
[15247.276s][info][gc,start       ] GC(33349) Pause Young (Allocation Failure)
[15247.279s][info][gc,heap        ] GC(33349) PSYoungGen: 82336K(84480K)->1056K(84480K) Eden: 81920K(81920K)->0K(81920K) From: 416K(2560K)->1056K(2560K)
[15247.279s][info][gc,heap        ] GC(33349) ParOldGen: 599026K(600064K)->599074K(600064K)
[15247.279s][info][gc,metaspace   ] GC(33349) Metaspace: 62376K(62592K)->62376K(62592K) NonClass: 53330K(53504K)->53330K(53504K) Class: 9046K(9088K)->9046K(9088K)
[15247.280s][info][gc             ] GC(33349) Pause Young (Allocation Failure) 665M->586M(668M) 3.281ms
[15247.280s][info][gc,cpu         ] GC(33349) User=0.00s Sys=0.00s Real=0.00s
[15247.730s][info][gc,start       ] GC(33350) Pause Young (Allocation Failure)
[15247.732s][info][gc,heap        ] GC(33350) PSYoungGen: 82976K(84480K)->320K(84480K) Eden: 81920K(81920K)->0K(81920K) From: 1056K(2560K)->320K(2560K)
[15247.732s][info][gc,heap        ] GC(33350) ParOldGen: 599074K(600064K)->599122K(600064K)
[15247.732s][info][gc,metaspace   ] GC(33350) Metaspace: 62376K(62592K)->62376K(62592K) NonClass: 53330K(53504K)->53330K(53504K) Class: 9046K(9088K)->9046K(9088K)
[15247.732s][info][gc             ] GC(33350) Pause Young (Allocation Failure) 666M->585M(668M) 2.538ms
[15247.732s][info][gc,cpu         ] GC(33350) User=0.00s Sys=0.01s Real=0.00s
[15248.170s][info][gc,start       ] GC(33351) Pause Young (Allocation Failure)
[15248.173s][info][gc,heap        ] GC(33351) PSYoungGen: 82240K(84480K)->1888K(84480K) Eden: 81920K(81920K)->0K(81920K) From: 320K(2560K)->1888K(2560K)
[15248.173s][info][gc,heap        ] GC(33351) ParOldGen: 599122K(600064K)->599170K(600064K)
[15248.173s][info][gc,metaspace   ] GC(33351) Metaspace: 62376K(62592K)->62376K(62592K) NonClass: 53330K(53504K)->53330K(53504K) Class: 9046K(9088K)->9046K(9088K)
[15248.173s][info][gc             ] GC(33351) Pause Young (Allocation Failure) 665M->586M(668M) 3.099ms
[15248.173s][info][gc,cpu         ] GC(33351) User=0.00s Sys=0.00s Real=0.00s
[15248.611s][info][gc,start       ] GC(33352) Pause Young (Allocation Failure)
[15248.615s][info][gc,heap        ] GC(33352) PSYoungGen: 83808K(84480K)->1568K(84480K) Eden: 81920K(81920K)->0K(81920K) From: 1888K(2560K)->1568K(2560K)
[15248.615s][info][gc,heap        ] GC(33352) ParOldGen: 599170K(600064K)->600250K(601600K)
[15248.616s][info][gc,metaspace   ] GC(33352) Metaspace: 62376K(62592K)->62376K(62592K) NonClass: 53330K(53504K)->53330K(53504K) Class: 9046K(9088K)->9046K(9088K)
[15248.616s][info][gc             ] GC(33352) Pause Young (Allocation Failure) 666M->587M(670M) 4.067ms
[15248.616s][info][gc,cpu         ] GC(33352) User=0.01s Sys=0.00s Real=0.00s
[15248.998s][info][gc,start       ] GC(33353) Pause Young (Allocation Failure)
[15249.002s][info][gc,heap        ] GC(33353) PSYoungGen: 83488K(84480K)->1408K(84480K) Eden: 81920K(81920K)->0K(81920K) From: 1568K(2560K)->1408K(2560K)
[15249.002s][info][gc,heap        ] GC(33353) ParOldGen: 600250K(601600K)->600298K(601600K)
[15249.002s][info][gc,metaspace   ] GC(33353) Metaspace: 62376K(62592K)->62376K(62592K) NonClass: 53330K(53504K)->53330K(53504K) Class: 9046K(9088K)->9046K(9088K)
[15249.002s][info][gc             ] GC(33353) Pause Young (Allocation Failure) 667M->587M(670M) 3.539ms
[15249.002s][info][gc,cpu         ] GC(33353) User=0.01s Sys=0.00s Real=0.00s
[15249.359s][info][gc,start       ] GC(33354) Pause Young (Allocation Failure)
[15249.362s][info][gc,heap        ] GC(33354) PSYoungGen: 83328K(84480K)->896K(84480K) Eden: 81920K(81920K)->0K(81920K) From: 1408K(2560K)->896K(2560K)
[15249.362s][info][gc,heap        ] GC(33354) ParOldGen: 600298K(601600K)->600346K(601600K)
[15249.362s][info][gc,metaspace   ] GC(33354) Metaspace: 62376K(62592K)->62376K(62592K) NonClass: 53330K(53504K)->53330K(53504K) Class: 9046K(9088K)->9046K(9088K)
[15249.362s][info][gc             ] GC(33354) Pause Young (Allocation Failure) 667M->587M(670M) 3.003ms
[15249.362s][info][gc,cpu         ] GC(33354) User=0.01s Sys=0.00s Real=0.00s
[15249.778s][info][gc,start       ] GC(33355) Pause Young (Allocation Failure)
[15249.781s][info][gc,heap        ] GC(33355) PSYoungGen: 82816K(84480K)->1152K(84480K) Eden: 81920K(81920K)->0K(81920K) From: 896K(2560K)->1152K(2560K)
[15249.781s][info][gc,heap        ] GC(33355) ParOldGen: 600346K(601600K)->600394K(601600K)
[15249.781s][info][gc,metaspace   ] GC(33355) Metaspace: 62376K(62592K)->62376K(62592K) NonClass: 53330K(53504K)->53330K(53504K) Class: 9046K(9088K)->9046K(9088K)
[15249.781s][info][gc             ] GC(33355) Pause Young (Allocation Failure) 667M->587M(670M) 3.148ms
[15249.781s][info][gc,cpu         ] GC(33355) User=0.01s Sys=0.00s Real=0.00s
[15250.225s][info][gc,start       ] GC(33356) Pause Young (Allocation Failure)
[15250.227s][info][gc,heap        ] GC(33356) PSYoungGen: 83072K(84480K)->256K(84480K) Eden: 81920K(81920K)->0K(81920K) From: 1152K(2560K)->256K(2560K)
[15250.227s][info][gc,heap        ] GC(33356) ParOldGen: 600394K(601600K)->600498K(601600K)
[15250.227s][info][gc,metaspace   ] GC(33356) Metaspace: 62376K(62592K)->62376K(62592K) NonClass: 53330K(53504K)->53330K(53504K) Class: 9046K(9088K)->9046K(9088K)
[15250.227s][info][gc             ] GC(33356) Pause Young (Allocation Failure) 667M->586M(670M) 2.655ms
[15250.227s][info][gc,cpu         ] GC(33356) User=0.00s Sys=0.00s Real=0.01s
[15250.630s][info][gc,start       ] GC(33357) Pause Young (Allocation Failure)
[15250.633s][info][gc,heap        ] GC(33357) PSYoungGen: 82176K(84480K)->352K(84480K) Eden: 81920K(81920K)->0K(81920K) From: 256K(2560K)->352K(2560K)
[15250.633s][info][gc,heap        ] GC(33357) ParOldGen: 600498K(601600K)->600546K(601600K)
[15250.633s][info][gc,metaspace   ] GC(33357) Metaspace: 62376K(62592K)->62376K(62592K) NonClass: 53330K(53504K)->53330K(53504K) Class: 9046K(9088K)->9046K(9088K)
[15250.633s][info][gc             ] GC(33357) Pause Young (Allocation Failure) 666M->586M(670M) 2.589ms
[15250.633s][info][gc,cpu         ] GC(33357) User=0.00s Sys=0.00s Real=0.00s
[15251.044s][info][gc,start       ] GC(33358) Pause Young (Allocation Failure)
[15251.046s][info][gc,heap        ] GC(33358) PSYoungGen: 82272K(84480K)->512K(84480K) Eden: 81920K(81920K)->0K(81920K) From: 352K(2560K)->512K(2560K)
[15251.046s][info][gc,heap        ] GC(33358) ParOldGen: 600546K(601600K)->600602K(601600K)
[15251.046s][info][gc,metaspace   ] GC(33358) Metaspace: 62376K(62592K)->62376K(62592K) NonClass: 53330K(53504K)->53330K(53504K) Class: 9046K(9088K)->9046K(9088K)
[15251.046s][info][gc             ] GC(33358) Pause Young (Allocation Failure) 666M->587M(670M) 2.747ms
[15251.046s][info][gc,cpu         ] GC(33358) User=0.00s Sys=0.00s Real=0.01s
[15251.487s][info][gc,start       ] GC(33359) Pause Young (Allocation Failure)
[15251.490s][info][gc,heap        ] GC(33359) PSYoungGen: 82432K(84480K)->1056K(84480K) Eden: 81920K(81920K)->0K(81920K) From: 512K(2560K)->1056K(2560K)
[15251.491s][info][gc,heap        ] GC(33359) ParOldGen: 600602K(601600K)->600650K(601600K)
[15251.491s][info][gc,metaspace   ] GC(33359) Metaspace: 62376K(62592K)->62376K(62592K) NonClass: 53330K(53504K)->53330K(53504K) Class: 9046K(9088K)->9046K(9088K)
[15251.491s][info][gc             ] GC(33359) Pause Young (Allocation Failure) 667M->587M(670M) 3.125ms
[15251.491s][info][gc,cpu         ] GC(33359) User=0.00s Sys=0.00s Real=0.00s
[15251.921s][info][gc,start       ] GC(33360) Pause Young (Allocation Failure)
[15251.924s][info][gc,heap        ] GC(33360) PSYoungGen: 82976K(84480K)->192K(84480K) Eden: 81920K(81920K)->0K(81920K) From: 1056K(2560K)->192K(2560K)
[15251.924s][info][gc,heap        ] GC(33360) ParOldGen: 600650K(601600K)->600706K(601600K)
[15251.924s][info][gc,metaspace   ] GC(33360) Metaspace: 62376K(62592K)->62376K(62592K) NonClass: 53330K(53504K)->53330K(53504K) Class: 9046K(9088K)->9046K(9088K)
[15251.924s][info][gc             ] GC(33360) Pause Young (Allocation Failure) 667M->586M(670M) 2.374ms
[15251.924s][info][gc,cpu         ] GC(33360) User=0.01s Sys=0.00s Real=0.00s
[15252.351s][info][gc,start       ] GC(33361) Pause Young (Allocation Failure)
[15252.354s][info][gc,heap        ] GC(33361) PSYoungGen: 82112K(84480K)->1632K(84480K) Eden: 81920K(81920K)->0K(81920K) From: 192K(2560K)->1632K(2560K)
[15252.354s][info][gc,heap        ] GC(33361) ParOldGen: 600706K(601600K)->600762K(601600K)
[15252.354s][info][gc,metaspace   ] GC(33361) Metaspace: 62376K(62592K)->62376K(62592K) NonClass: 53330K(53504K)->53330K(53504K) Class: 9046K(9088K)->9046K(9088K)
[15252.354s][info][gc             ] GC(33361) Pause Young (Allocation Failure) 666M->588M(670M) 2.867ms
[15252.354s][info][gc,cpu         ] GC(33361) User=0.01s Sys=0.00s Real=0.00s
[15252.759s][info][gc,start       ] GC(33362) Pause Young (Allocation Failure)
[15252.763s][info][gc,heap        ] GC(33362) PSYoungGen: 83552K(84480K)->768K(84480K) Eden: 81920K(81920K)->0K(81920K) From: 1632K(2560K)->768K(2560K)
[15252.763s][info][gc,heap        ] GC(33362) ParOldGen: 600762K(601600K)->602866K(603136K)
[15252.763s][info][gc,metaspace   ] GC(33362) Metaspace: 62376K(62592K)->62376K(62592K) NonClass: 53330K(53504K)->53330K(53504K) Class: 9046K(9088K)->9046K(9088K)
[15252.763s][info][gc             ] GC(33362) Pause Young (Allocation Failure) 668M->589M(671M) 3.959ms
[15252.763s][info][gc,cpu         ] GC(33362) User=0.01s Sys=0.00s Real=0.00s
[15253.214s][info][gc,start       ] GC(33363) Pause Young (Allocation Failure)
[15253.217s][info][gc,heap        ] GC(33363) PSYoungGen: 82688K(84480K)->1568K(84480K) Eden: 81920K(81920K)->0K(81920K) From: 768K(2560K)->1568K(2560K)
[15253.217s][info][gc,heap        ] GC(33363) ParOldGen: 602866K(603136K)->602922K(603136K)
[15253.217s][info][gc,metaspace   ] GC(33363) Metaspace: 62376K(62592K)->62376K(62592K) NonClass: 53330K(53504K)->53330K(53504K) Class: 9046K(9088K)->9046K(9088K)
[15253.217s][info][gc             ] GC(33363) Pause Young (Allocation Failure) 669M->590M(671M) 3.454ms
[15253.217s][info][gc,cpu         ] GC(33363) User=0.01s Sys=0.00s Real=0.01s
[15253.728s][info][gc,start       ] GC(33364) Pause Young (Allocation Failure)
[15253.731s][info][gc,heap        ] GC(33364) PSYoungGen: 83488K(84480K)->256K(84480K) Eden: 81920K(81920K)->0K(81920K) From: 1568K(2560K)->256K(2560K)
[15253.731s][info][gc,heap        ] GC(33364) ParOldGen: 602922K(603136K)->602978K(603136K)
[15253.731s][info][gc,metaspace   ] GC(33364) Metaspace: 62376K(62592K)->62376K(62592K) NonClass: 53330K(53504K)->53330K(53504K) Class: 9046K(9088K)->9046K(9088K)
[15253.731s][info][gc             ] GC(33364) Pause Young (Allocation Failure) 670M->589M(671M) 2.431ms
[15253.731s][info][gc,cpu         ] GC(33364) User=0.00s Sys=0.00s Real=0.00s
[15254.168s][info][gc,start       ] GC(33365) Pause Young (Allocation Failure)
[15254.170s][info][gc,heap        ] GC(33365) PSYoungGen: 82176K(84480K)->864K(84480K) Eden: 81920K(81920K)->0K(81920K) From: 256K(2560K)->864K(2560K)
[15254.170s][info][gc,heap        ] GC(33365) ParOldGen: 602978K(603136K)->603034K(603136K)
[15254.170s][info][gc,metaspace   ] GC(33365) Metaspace: 62376K(62592K)->62376K(62592K) NonClass: 53330K(53504K)->53330K(53504K) Class: 9046K(9088K)->9046K(9088K)
[15254.171s][info][gc             ] GC(33365) Pause Young (Allocation Failure) 669M->589M(671M) 2.910ms
[15254.171s][info][gc,cpu         ] GC(33365) User=0.01s Sys=0.00s Real=0.00s
[15254.602s][info][gc,start       ] GC(33366) Pause Young (Allocation Failure)
[15254.605s][info][gc,heap        ] GC(33366) PSYoungGen: 82784K(84480K)->1312K(84480K) Eden: 81920K(81920K)->0K(81920K) From: 864K(2560K)->1312K(2560K)
[15254.605s][info][gc,heap        ] GC(33366) ParOldGen: 603034K(603136K)->603082K(603136K)
[15254.605s][info][gc,metaspace   ] GC(33366) Metaspace: 62376K(62592K)->62376K(62592K) NonClass: 53330K(53504K)->53330K(53504K) Class: 9046K(9088K)->9046K(9088K)
[15254.605s][info][gc             ] GC(33366) Pause Young (Allocation Failure) 669M->590M(671M) 3.384ms
[15254.605s][info][gc,cpu         ] GC(33366) User=0.01s Sys=0.00s Real=0.00s
[15255.032s][info][gc,start       ] GC(33367) Pause Young (Allocation Failure)
[15255.035s][info][gc,heap        ] GC(33367) PSYoungGen: 83232K(84480K)->352K(84480K) Eden: 81920K(81920K)->0K(81920K) From: 1312K(2560K)->352K(2560K)
[15255.035s][info][gc,heap        ] GC(33367) ParOldGen: 603082K(603136K)->603138K(603648K)
[15255.035s][info][gc,metaspace   ] GC(33367) Metaspace: 62376K(62592K)->62376K(62592K) NonClass: 53330K(53504K)->53330K(53504K) Class: 9046K(9088K)->9046K(9088K)
[15255.035s][info][gc             ] GC(33367) Pause Young (Allocation Failure) 670M->589M(672M) 2.512ms
[15255.035s][info][gc,cpu         ] GC(33367) User=0.00s Sys=0.00s Real=0.00s
[15255.479s][info][gc,start       ] GC(33368) Pause Young (Allocation Failure)
[15255.482s][info][gc,heap        ] GC(33368) PSYoungGen: 82272K(84480K)->1056K(84480K) Eden: 81920K(81920K)->0K(81920K) From: 352K(2560K)->1056K(2560K)
[15255.482s][info][gc,heap        ] GC(33368) ParOldGen: 603138K(603648K)->603186K(603648K)
[15255.482s][info][gc,metaspace   ] GC(33368) Metaspace: 62376K(62592K)->62376K(62592K) NonClass: 53330K(53504K)->53330K(53504K) Class: 9046K(9088K)->9046K(9088K)
[15255.482s][info][gc             ] GC(33368) Pause Young (Allocation Failure) 669M->590M(672M) 3.349ms
[15255.482s][info][gc,cpu         ] GC(33368) User=0.01s Sys=0.00s Real=0.00s
[15255.900s][info][gc,start       ] GC(33369) Pause Young (Allocation Failure)
[15255.903s][info][gc,heap        ] GC(33369) PSYoungGen: 82976K(84480K)->1472K(84480K) Eden: 81920K(81920K)->0K(81920K) From: 1056K(2560K)->1472K(2560K)
[15255.903s][info][gc,heap        ] GC(33369) ParOldGen: 603186K(603648K)->603234K(603648K)
[15255.903s][info][gc,metaspace   ] GC(33369) Metaspace: 62376K(62592K)->62376K(62592K) NonClass: 53330K(53504K)->53330K(53504K) Class: 9046K(9088K)->9046K(9088K)
[15255.903s][info][gc             ] GC(33369) Pause Young (Allocation Failure) 670M->590M(672M) 3.627ms
[15255.903s][info][gc,cpu         ] GC(33369) User=0.00s Sys=0.00s Real=0.00s
[15256.293s][info][gc,start       ] GC(33370) Pause Young (Allocation Failure)
[15256.296s][info][gc,heap        ] GC(33370) PSYoungGen: 83392K(84480K)->1344K(84480K) Eden: 81920K(81920K)->0K(81920K) From: 1472K(2560K)->1344K(2560K)
[15256.296s][info][gc,heap        ] GC(33370) ParOldGen: 603234K(603648K)->603282K(603648K)
[15256.296s][info][gc,metaspace   ] GC(33370) Metaspace: 62376K(62592K)->62376K(62592K) NonClass: 53330K(53504K)->53330K(53504K) Class: 9046K(9088K)->9046K(9088K)
[15256.296s][info][gc             ] GC(33370) Pause Young (Allocation Failure) 670M->590M(672M) 3.557ms
[15256.296s][info][gc,cpu         ] GC(33370) User=0.01s Sys=0.00s Real=0.01s
[15256.676s][info][gc,start       ] GC(33371) Pause Young (Allocation Failure)
[15256.680s][info][gc,heap        ] GC(33371) PSYoungGen: 82988K(84480K)->2112K(84480K) Eden: 81644K(81920K)->0K(81920K) From: 1344K(2560K)->2112K(2560K)
[15256.680s][info][gc,heap        ] GC(33371) ParOldGen: 603282K(603648K)->603330K(603648K)
[15256.680s][info][gc,metaspace   ] GC(33371) Metaspace: 62376K(62592K)->62376K(62592K) NonClass: 53330K(53504K)->53330K(53504K) Class: 9046K(9088K)->9046K(9088K)
[15256.680s][info][gc             ] GC(33371) Pause Young (Allocation Failure) 670M->591M(672M) 3.199ms
[15256.680s][info][gc,cpu         ] GC(33371) User=0.01s Sys=0.00s Real=0.00s
[15257.156s][info][gc,start       ] GC(33372) Pause Young (Allocation Failure)
[15257.160s][info][gc,heap        ] GC(33372) PSYoungGen: 84032K(84480K)->1744K(83456K) Eden: 81920K(81920K)->0K(80896K) From: 2112K(2560K)->1744K(2560K)
[15257.160s][info][gc,heap        ] GC(33372) ParOldGen: 603330K(603648K)->605426K(606720K)
[15257.160s][info][gc,metaspace   ] GC(33372) Metaspace: 62376K(62592K)->62376K(62592K) NonClass: 53330K(53504K)->53330K(53504K) Class: 9046K(9088K)->9046K(9088K)
[15257.160s][info][gc             ] GC(33372) Pause Young (Allocation Failure) 671M->592M(674M) 4.017ms
[15257.160s][info][gc,cpu         ] GC(33372) User=0.00s Sys=0.00s Real=0.01s
[15257.558s][info][gc,start       ] GC(33373) Pause Young (Allocation Failure)
[15257.562s][info][gc,heap        ] GC(33373) PSYoungGen: 82640K(83456K)->768K(83968K) Eden: 80896K(80896K)->0K(80896K) From: 1744K(2560K)->768K(3072K)
[15257.562s][info][gc,heap        ] GC(33373) ParOldGen: 605426K(606720K)->606546K(606720K)
[15257.562s][info][gc,metaspace   ] GC(33373) Metaspace: 62376K(62592K)->62376K(62592K) NonClass: 53330K(53504K)->53330K(53504K) Class: 9046K(9088K)->9046K(9088K)
[15257.562s][info][gc             ] GC(33373) Pause Young (Allocation Failure) 671M->593M(674M) 3.518ms
[15257.562s][info][gc,cpu         ] GC(33373) User=0.01s Sys=0.00s Real=0.00s
[15257.983s][info][gc,start       ] GC(33374) Pause Young (Allocation Failure)
[15257.986s][info][gc,heap        ] GC(33374) PSYoungGen: 81664K(83968K)->1184K(84480K) Eden: 80896K(80896K)->0K(81920K) From: 768K(3072K)->1184K(2560K)
[15257.986s][info][gc,heap        ] GC(33374) ParOldGen: 606546K(606720K)->606594K(606720K)
[15257.986s][info][gc,metaspace   ] GC(33374) Metaspace: 62376K(62592K)->62376K(62592K) NonClass: 53330K(53504K)->53330K(53504K) Class: 9046K(9088K)->9046K(9088K)
[15257.986s][info][gc             ] GC(33374) Pause Young (Allocation Failure) 672M->593M(675M) 3.147ms
[15257.986s][info][gc,cpu         ] GC(33374) User=0.01s Sys=0.00s Real=0.01s
[15258.441s][info][gc,start       ] GC(33375) Pause Young (Allocation Failure)
[15258.444s][info][gc,heap        ] GC(33375) PSYoungGen: 83104K(84480K)->448K(84480K) Eden: 81920K(81920K)->0K(81920K) From: 1184K(2560K)->448K(2560K)
[15258.444s][info][gc,heap        ] GC(33375) ParOldGen: 606594K(606720K)->606650K(606720K)
[15258.444s][info][gc,metaspace   ] GC(33375) Metaspace: 62376K(62592K)->62376K(62592K) NonClass: 53330K(53504K)->53330K(53504K) Class: 9046K(9088K)->9046K(9088K)
[15258.444s][info][gc             ] GC(33375) Pause Young (Allocation Failure) 673M->592M(675M) 2.614ms
[15258.444s][info][gc,cpu         ] GC(33375) User=0.01s Sys=0.00s Real=0.00s
[15258.877s][info][gc,start       ] GC(33376) Pause Young (Allocation Failure)
[15258.880s][info][gc,heap        ] GC(33376) PSYoungGen: 82368K(84480K)->1088K(84480K) Eden: 81920K(81920K)->0K(81920K) From: 448K(2560K)->1088K(2560K)
[15258.880s][info][gc,heap        ] GC(33376) ParOldGen: 606650K(606720K)->606706K(606720K)
[15258.880s][info][gc,metaspace   ] GC(33376) Metaspace: 62376K(62592K)->62376K(62592K) NonClass: 53330K(53504K)->53330K(53504K) Class: 9046K(9088K)->9046K(9088K)
[15258.880s][info][gc             ] GC(33376) Pause Young (Allocation Failure) 672M->593M(675M) 3.102ms
[15258.880s][info][gc,cpu         ] GC(33376) User=0.01s Sys=0.00s Real=0.00s
[15259.322s][info][gc,start       ] GC(33377) Pause Young (Allocation Failure)
[15259.324s][info][gc,heap        ] GC(33377) PSYoungGen: 83008K(84480K)->224K(84480K) Eden: 81920K(81920K)->0K(81920K) From: 1088K(2560K)->224K(2560K)
[15259.325s][info][gc,heap        ] GC(33377) ParOldGen: 606706K(606720K)->606754K(607232K)
[15259.325s][info][gc,metaspace   ] GC(33377) Metaspace: 62376K(62592K)->62376K(62592K) NonClass: 53330K(53504K)->53330K(53504K) Class: 9046K(9088K)->9046K(9088K)
[15259.325s][info][gc             ] GC(33377) Pause Young (Allocation Failure) 673M->592M(675M) 2.379ms
[15259.325s][info][gc,cpu         ] GC(33377) User=0.00s Sys=0.00s Real=0.00s
[15259.768s][info][gc,start       ] GC(33378) Pause Young (Allocation Failure)
[15259.771s][info][gc,heap        ] GC(33378) PSYoungGen: 82144K(84480K)->928K(84480K) Eden: 81920K(81920K)->0K(81920K) From: 224K(2560K)->928K(2560K)
[15259.771s][info][gc,heap        ] GC(33378) ParOldGen: 606754K(607232K)->606802K(607232K)
[15259.771s][info][gc,metaspace   ] GC(33378) Metaspace: 62376K(62592K)->62376K(62592K) NonClass: 53330K(53504K)->53330K(53504K) Class: 9046K(9088K)->9046K(9088K)
[15259.771s][info][gc             ] GC(33378) Pause Young (Allocation Failure) 672M->593M(675M) 3.009ms
[15259.771s][info][gc,cpu         ] GC(33378) User=0.00s Sys=0.00s Real=0.00s
[15260.215s][info][gc,start       ] GC(33379) Pause Young (Allocation Failure)
[15260.219s][info][gc,heap        ] GC(33379) PSYoungGen: 82848K(84480K)->1536K(84480K) Eden: 81920K(81920K)->0K(81920K) From: 928K(2560K)->1536K(2560K)
[15260.219s][info][gc,heap        ] GC(33379) ParOldGen: 606802K(607232K)->606850K(607232K)
[15260.219s][info][gc,metaspace   ] GC(33379) Metaspace: 62376K(62592K)->62376K(62592K) NonClass: 53330K(53504K)->53330K(53504K) Class: 9046K(9088K)->9046K(9088K)
[15260.219s][info][gc             ] GC(33379) Pause Young (Allocation Failure) 673M->594M(675M) 3.486ms
[15260.219s][info][gc,cpu         ] GC(33379) User=0.00s Sys=0.00s Real=0.01s
[15260.653s][info][gc,start       ] GC(33380) Pause Young (Allocation Failure)
[15260.656s][info][gc,heap        ] GC(33380) PSYoungGen: 83456K(84480K)->672K(84480K) Eden: 81920K(81920K)->0K(81920K) From: 1536K(2560K)->672K(2560K)
[15260.656s][info][gc,heap        ] GC(33380) ParOldGen: 606850K(607232K)->606898K(607232K)
[15260.656s][info][gc,metaspace   ] GC(33380) Metaspace: 62376K(62592K)->62376K(62592K) NonClass: 53330K(53504K)->53330K(53504K) Class: 9046K(9088K)->9046K(9088K)
[15260.656s][info][gc             ] GC(33380) Pause Young (Allocation Failure) 674M->593M(675M) 2.760ms
[15260.656s][info][gc,cpu         ] GC(33380) User=0.01s Sys=0.00s Real=0.00s
[15261.071s][info][gc,start       ] GC(33381) Pause Young (Allocation Failure)
[15261.074s][info][gc,heap        ] GC(33381) PSYoungGen: 82592K(84480K)->992K(84480K) Eden: 81920K(81920K)->0K(81920K) From: 672K(2560K)->992K(2560K)
[15261.074s][info][gc,heap        ] GC(33381) ParOldGen: 606898K(607232K)->606946K(607232K)
[15261.074s][info][gc,metaspace   ] GC(33381) Metaspace: 62376K(62592K)->62376K(62592K) NonClass: 53330K(53504K)->53330K(53504K) Class: 9046K(9088K)->9046K(9088K)
[15261.074s][info][gc             ] GC(33381) Pause Young (Allocation Failure) 673M->593M(675M) 3.230ms
[15261.074s][info][gc,cpu         ] GC(33381) User=0.01s Sys=0.00s Real=0.00s
[15261.498s][info][gc,start       ] GC(33382) Pause Young (Allocation Failure)
[15261.501s][info][gc,heap        ] GC(33382) PSYoungGen: 82912K(84480K)->1408K(84480K) Eden: 81920K(81920K)->0K(81920K) From: 992K(2560K)->1408K(2560K)
[15261.501s][info][gc,heap        ] GC(33382) ParOldGen: 606946K(607232K)->606994K(607232K)
[15261.501s][info][gc,metaspace   ] GC(33382) Metaspace: 62376K(62592K)->62376K(62592K) NonClass: 53330K(53504K)->53330K(53504K) Class: 9046K(9088K)->9046K(9088K)
[15261.501s][info][gc             ] GC(33382) Pause Young (Allocation Failure) 673M->594M(675M) 3.442ms
[15261.501s][info][gc,cpu         ] GC(33382) User=0.00s Sys=0.00s Real=0.00s
[15261.905s][info][gc,start       ] GC(33383) Pause Young (Allocation Failure)
[15261.908s][info][gc,heap        ] GC(33383) PSYoungGen: 83328K(84480K)->1504K(84480K) Eden: 81920K(81920K)->0K(81920K) From: 1408K(2560K)->1504K(2560K)
[15261.908s][info][gc,heap        ] GC(33383) ParOldGen: 606994K(607232K)->607050K(607232K)
[15261.908s][info][gc,metaspace   ] GC(33383) Metaspace: 62376K(62592K)->62376K(62592K) NonClass: 53330K(53504K)->53330K(53504K) Class: 9046K(9088K)->9046K(9088K)
[15261.908s][info][gc             ] GC(33383) Pause Young (Allocation Failure) 674M->594M(675M) 3.546ms
[15261.908s][info][gc,cpu         ] GC(33383) User=0.01s Sys=0.00s Real=0.01s
[15262.338s][info][gc,start       ] GC(33384) Pause Young (Allocation Failure)
[15262.341s][info][gc,heap        ] GC(33384) PSYoungGen: 83424K(84480K)->416K(84480K) Eden: 81920K(81920K)->0K(81920K) From: 1504K(2560K)->416K(2560K)
[15262.341s][info][gc,heap        ] GC(33384) ParOldGen: 607050K(607232K)->607098K(607232K)
[15262.341s][info][gc,metaspace   ] GC(33384) Metaspace: 62376K(62592K)->62376K(62592K) NonClass: 53330K(53504K)->53330K(53504K) Class: 9046K(9088K)->9046K(9088K)
[15262.341s][info][gc             ] GC(33384) Pause Young (Allocation Failure) 674M->593M(675M) 2.602ms
[15262.341s][info][gc,cpu         ] GC(33384) User=0.01s Sys=0.00s Real=0.00s
[15262.793s][info][gc,start       ] GC(33385) Pause Young (Allocation Failure)
[15262.797s][info][gc,heap        ] GC(33385) PSYoungGen: 82336K(84480K)->1216K(84480K) Eden: 81920K(81920K)->0K(81920K) From: 416K(2560K)->1216K(2560K)
[15262.797s][info][gc,heap        ] GC(33385) ParOldGen: 607098K(607232K)->607146K(607232K)
[15262.797s][info][gc,metaspace   ] GC(33385) Metaspace: 62376K(62592K)->62376K(62592K) NonClass: 53330K(53504K)->53330K(53504K) Class: 9046K(9088K)->9046K(9088K)
[15262.797s][info][gc             ] GC(33385) Pause Young (Allocation Failure) 673M->594M(675M) 3.758ms
[15262.797s][info][gc,cpu         ] GC(33385) User=0.00s Sys=0.00s Real=0.01s
[15263.235s][info][gc,start       ] GC(33386) Pause Young (Allocation Failure)
[15263.237s][info][gc,heap        ] GC(33386) PSYoungGen: 83136K(84480K)->384K(84480K) Eden: 81920K(81920K)->0K(81920K) From: 1216K(2560K)->384K(2560K)
[15263.237s][info][gc,heap        ] GC(33386) ParOldGen: 607146K(607232K)->607202K(607232K)
[15263.237s][info][gc,metaspace   ] GC(33386) Metaspace: 62376K(62592K)->62376K(62592K) NonClass: 53330K(53504K)->53330K(53504K) Class: 9046K(9088K)->9046K(9088K)
[15263.237s][info][gc             ] GC(33386) Pause Young (Allocation Failure) 674M->593M(675M) 2.544ms
[15263.238s][info][gc,cpu         ] GC(33386) User=0.01s Sys=0.00s Real=0.01s
[15263.684s][info][gc,start       ] GC(33387) Pause Young (Allocation Failure)
[15263.687s][info][gc,heap        ] GC(33387) PSYoungGen: 82304K(84480K)->1056K(84480K) Eden: 81920K(81920K)->0K(81920K) From: 384K(2560K)->1056K(2560K)
[15263.687s][info][gc,heap        ] GC(33387) ParOldGen: 607202K(607232K)->607258K(607744K)
[15263.687s][info][gc,metaspace   ] GC(33387) Metaspace: 62376K(62592K)->62376K(62592K) NonClass: 53330K(53504K)->53330K(53504K) Class: 9046K(9088K)->9046K(9088K)
[15263.687s][info][gc             ] GC(33387) Pause Young (Allocation Failure) 673M->594M(676M) 3.171ms
[15263.687s][info][gc,cpu         ] GC(33387) User=0.01s Sys=0.00s Real=0.01s
[15264.138s][info][gc,start       ] GC(33388) Pause Young (Allocation Failure)
[15264.141s][info][gc,heap        ] GC(33388) PSYoungGen: 82976K(84480K)->448K(84992K) Eden: 81920K(81920K)->0K(82432K) From: 1056K(2560K)->448K(2560K)
[15264.141s][info][gc,heap        ] GC(33388) ParOldGen: 607258K(607744K)->607314K(607744K)
[15264.141s][info][gc,metaspace   ] GC(33388) Metaspace: 62376K(62592K)->62376K(62592K) NonClass: 53330K(53504K)->53330K(53504K) Class: 9046K(9088K)->9046K(9088K)
[15264.141s][info][gc             ] GC(33388) Pause Young (Allocation Failure) 674M->593M(676M) 2.653ms
[15264.141s][info][gc,cpu         ] GC(33388) User=0.01s Sys=0.00s Real=0.00s
[15264.618s][info][gc,start       ] GC(33389) Pause Young (Allocation Failure)
[15264.621s][info][gc,heap        ] GC(33389) PSYoungGen: 82880K(84992K)->1760K(84480K) Eden: 82432K(82432K)->0K(82432K) From: 448K(2560K)->1760K(2048K)
[15264.621s][info][gc,heap        ] GC(33389) ParOldGen: 607314K(607744K)->607362K(607744K)
[15264.621s][info][gc,metaspace   ] GC(33389) Metaspace: 62376K(62592K)->62376K(62592K) NonClass: 53330K(53504K)->53330K(53504K) Class: 9046K(9088K)->9046K(9088K)
[15264.621s][info][gc             ] GC(33389) Pause Young (Allocation Failure) 674M->594M(676M) 3.730ms
[15264.621s][info][gc,cpu         ] GC(33389) User=0.00s Sys=0.00s Real=0.00s
[15265.044s][info][gc,start       ] GC(33390) Pause Young (Allocation Failure)
[15265.047s][info][gc,heap        ] GC(33390) PSYoungGen: 84192K(84480K)->512K(84480K) Eden: 82432K(82432K)->0K(81920K) From: 1760K(2048K)->512K(2560K)
[15265.047s][info][gc,heap        ] GC(33390) ParOldGen: 607362K(607744K)->607458K(607744K)
[15265.047s][info][gc,metaspace   ] GC(33390) Metaspace: 62376K(62592K)->62376K(62592K) NonClass: 53330K(53504K)->53330K(53504K) Class: 9046K(9088K)->9046K(9088K)
[15265.047s][info][gc             ] GC(33390) Pause Young (Allocation Failure) 675M->593M(676M) 2.853ms
[15265.047s][info][gc,cpu         ] GC(33390) User=0.00s Sys=0.00s Real=0.01s
[15265.523s][info][gc,start       ] GC(33391) Pause Young (Allocation Failure)
[15265.526s][info][gc,heap        ] GC(33391) PSYoungGen: 82432K(84480K)->192K(84480K) Eden: 81920K(81920K)->0K(81920K) From: 512K(2560K)->192K(2560K)
[15265.526s][info][gc,heap        ] GC(33391) ParOldGen: 607458K(607744K)->607514K(607744K)
[15265.526s][info][gc,metaspace   ] GC(33391) Metaspace: 62376K(62592K)->62376K(62592K) NonClass: 53330K(53504K)->53330K(53504K) Class: 9046K(9088K)->9046K(9088K)
[15265.526s][info][gc             ] GC(33391) Pause Young (Allocation Failure) 673M->593M(676M) 2.450ms
[15265.526s][info][gc,cpu         ] GC(33391) User=0.00s Sys=0.00s Real=0.01s
[15266.000s][info][gc,start       ] GC(33392) Pause Young (Allocation Failure)
[15266.005s][info][gc,heap        ] GC(33392) PSYoungGen: 82112K(84480K)->2208K(83456K) Eden: 81920K(81920K)->0K(80896K) From: 192K(2560K)->2208K(2560K)
[15266.005s][info][gc,heap        ] GC(33392) ParOldGen: 607514K(607744K)->609618K(610816K)
[15266.005s][info][gc,metaspace   ] GC(33392) Metaspace: 62376K(62592K)->62376K(62592K) NonClass: 53330K(53504K)->53330K(53504K) Class: 9046K(9088K)->9046K(9088K)
[15266.005s][info][gc             ] GC(33392) Pause Young (Allocation Failure) 673M->597M(678M) 4.816ms
[15266.005s][info][gc,cpu         ] GC(33392) User=0.00s Sys=0.00s Real=0.00s
[15266.462s][info][gc,start       ] GC(33393) Pause Young (Allocation Failure)
[15266.466s][info][gc,heap        ] GC(33393) PSYoungGen: 83104K(83456K)->736K(83968K) Eden: 80896K(80896K)->0K(80896K) From: 2208K(2560K)->736K(3072K)
[15266.466s][info][gc,heap        ] GC(33393) ParOldGen: 609618K(610816K)->611723K(612352K)
[15266.466s][info][gc,metaspace   ] GC(33393) Metaspace: 62376K(62592K)->62376K(62592K) NonClass: 53330K(53504K)->53330K(53504K) Class: 9046K(9088K)->9046K(9088K)
[15266.466s][info][gc             ] GC(33393) Pause Young (Allocation Failure) 676M->598M(680M) 3.892ms
[15266.466s][info][gc,cpu         ] GC(33393) User=0.00s Sys=0.00s Real=0.01s
[15266.943s][info][gc,start       ] GC(33394) Pause Young (Allocation Failure)
[15266.946s][info][gc,heap        ] GC(33394) PSYoungGen: 81632K(83968K)->480K(84480K) Eden: 80896K(80896K)->0K(81920K) From: 736K(3072K)->480K(2560K)
[15266.946s][info][gc,heap        ] GC(33394) ParOldGen: 611723K(612352K)->611771K(612352K)
[15266.946s][info][gc,metaspace   ] GC(33394) Metaspace: 62376K(62592K)->62376K(62592K) NonClass: 53330K(53504K)->53330K(53504K) Class: 9046K(9088K)->9046K(9088K)
[15266.946s][info][gc             ] GC(33394) Pause Young (Allocation Failure) 677M->597M(680M) 2.589ms
[15266.946s][info][gc,cpu         ] GC(33394) User=0.01s Sys=0.00s Real=0.01s
[15267.386s][info][gc,start       ] GC(33395) Pause Young (Allocation Failure)
[15267.389s][info][gc,heap        ] GC(33395) PSYoungGen: 82400K(84480K)->1216K(84480K) Eden: 81920K(81920K)->0K(81920K) From: 480K(2560K)->1216K(2560K)
[15267.389s][info][gc,heap        ] GC(33395) ParOldGen: 611771K(612352K)->611819K(612352K)
[15267.389s][info][gc,metaspace   ] GC(33395) Metaspace: 62376K(62592K)->62376K(62592K) NonClass: 53330K(53504K)->53330K(53504K) Class: 9046K(9088K)->9046K(9088K)
[15267.389s][info][gc             ] GC(33395) Pause Young (Allocation Failure) 677M->598M(680M) 3.271ms
[15267.389s][info][gc,cpu         ] GC(33395) User=0.00s Sys=0.00s Real=0.00s
[15267.789s][info][gc,start       ] GC(33396) Pause Young (Allocation Failure)
[15267.792s][info][gc,heap        ] GC(33396) PSYoungGen: 83136K(84480K)->1248K(84480K) Eden: 81920K(81920K)->0K(81920K) From: 1216K(2560K)->1248K(2560K)
[15267.792s][info][gc,heap        ] GC(33396) ParOldGen: 611819K(612352K)->611867K(612352K)
[15267.792s][info][gc,metaspace   ] GC(33396) Metaspace: 62376K(62592K)->62376K(62592K) NonClass: 53330K(53504K)->53330K(53504K) Class: 9046K(9088K)->9046K(9088K)
[15267.792s][info][gc             ] GC(33396) Pause Young (Allocation Failure) 678M->598M(680M) 3.285ms
[15267.792s][info][gc,cpu         ] GC(33396) User=0.00s Sys=0.00s Real=0.00s
[15268.269s][info][gc,start       ] GC(33397) Pause Young (Allocation Failure)
[15268.272s][info][gc,heap        ] GC(33397) PSYoungGen: 83168K(84480K)->832K(84480K) Eden: 81920K(81920K)->0K(81920K) From: 1248K(2560K)->832K(2560K)
[15268.272s][info][gc,heap        ] GC(33397) ParOldGen: 611867K(612352K)->611915K(612352K)
[15268.272s][info][gc,metaspace   ] GC(33397) Metaspace: 62376K(62592K)->62376K(62592K) NonClass: 53330K(53504K)->53330K(53504K) Class: 9046K(9088K)->9046K(9088K)
[15268.272s][info][gc             ] GC(33397) Pause Young (Allocation Failure) 678M->598M(680M) 3.055ms
[15268.272s][info][gc,cpu         ] GC(33397) User=0.00s Sys=0.00s Real=0.00s
[15268.760s][info][gc,start       ] GC(33398) Pause Young (Allocation Failure)
[15268.762s][info][gc,heap        ] GC(33398) PSYoungGen: 82752K(84480K)->704K(84480K) Eden: 81920K(81920K)->0K(81920K) From: 832K(2560K)->704K(2560K)
[15268.762s][info][gc,heap        ] GC(33398) ParOldGen: 611915K(612352K)->611971K(612352K)
[15268.762s][info][gc,metaspace   ] GC(33398) Metaspace: 62376K(62592K)->62376K(62592K) NonClass: 53330K(53504K)->53330K(53504K) Class: 9046K(9088K)->9046K(9088K)
[15268.762s][info][gc             ] GC(33398) Pause Young (Allocation Failure) 678M->598M(680M) 2.795ms
[15268.762s][info][gc,cpu         ] GC(33398) User=0.00s Sys=0.00s Real=0.00s
[15269.197s][info][gc,start       ] GC(33399) Pause Young (Allocation Failure)
[15269.201s][info][gc,heap        ] GC(33399) PSYoungGen: 82624K(84480K)->1472K(84480K) Eden: 81920K(81920K)->0K(81920K) From: 704K(2560K)->1472K(2560K)
[15269.201s][info][gc,heap        ] GC(33399) ParOldGen: 611971K(612352K)->612019K(612352K)
[15269.201s][info][gc,metaspace   ] GC(33399) Metaspace: 62376K(62592K)->62376K(62592K) NonClass: 53330K(53504K)->53330K(53504K) Class: 9046K(9088K)->9046K(9088K)
[15269.201s][info][gc             ] GC(33399) Pause Young (Allocation Failure) 678M->599M(680M) 3.493ms
[15269.201s][info][gc,cpu         ] GC(33399) User=0.01s Sys=0.00s Real=0.00s
[15269.595s][info][gc,start       ] GC(33400) Pause Young (Allocation Failure)
[15269.598s][info][gc,heap        ] GC(33400) PSYoungGen: 83392K(84480K)->1408K(84480K) Eden: 81920K(81920K)->0K(81920K) From: 1472K(2560K)->1408K(2560K)
[15269.598s][info][gc,heap        ] GC(33400) ParOldGen: 612019K(612352K)->612067K(612352K)
[15269.598s][info][gc,metaspace   ] GC(33400) Metaspace: 62376K(62592K)->62376K(62592K) NonClass: 53330K(53504K)->53330K(53504K) Class: 9046K(9088K)->9046K(9088K)
[15269.598s][info][gc             ] GC(33400) Pause Young (Allocation Failure) 679M->599M(680M) 3.512ms
[15269.598s][info][gc,cpu         ] GC(33400) User=0.01s Sys=0.00s Real=0.01s
[15269.990s][info][gc,start       ] GC(33401) Pause Young (Allocation Failure)
[15269.994s][info][gc,heap        ] GC(33401) PSYoungGen: 83328K(84480K)->1344K(84480K) Eden: 81920K(81920K)->0K(81920K) From: 1408K(2560K)->1344K(2560K)
[15269.994s][info][gc,heap        ] GC(33401) ParOldGen: 612067K(612352K)->612115K(612352K)
[15269.994s][info][gc,metaspace   ] GC(33401) Metaspace: 62376K(62592K)->62376K(62592K) NonClass: 53330K(53504K)->53330K(53504K) Class: 9046K(9088K)->9046K(9088K)
[15269.994s][info][gc             ] GC(33401) Pause Young (Allocation Failure) 679M->599M(680M) 3.609ms
[15269.994s][info][gc,cpu         ] GC(33401) User=0.00s Sys=0.00s Real=0.00s
[15270.458s][info][gc,start       ] GC(33402) Pause Young (Allocation Failure)
[15270.460s][info][gc,heap        ] GC(33402) PSYoungGen: 83264K(84480K)->704K(84480K) Eden: 81920K(81920K)->0K(81920K) From: 1344K(2560K)->704K(2560K)
[15270.460s][info][gc,heap        ] GC(33402) ParOldGen: 612115K(612352K)->612163K(612352K)
[15270.460s][info][gc,metaspace   ] GC(33402) Metaspace: 62376K(62592K)->62376K(62592K) NonClass: 53330K(53504K)->53330K(53504K) Class: 9046K(9088K)->9046K(9088K)
[15270.460s][info][gc             ] GC(33402) Pause Young (Allocation Failure) 679M->598M(680M) 2.814ms
[15270.460s][info][gc,cpu         ] GC(33402) User=0.01s Sys=0.00s Real=0.00s
[15270.932s][info][gc,start       ] GC(33403) Pause Young (Allocation Failure)
[15270.935s][info][gc,heap        ] GC(33403) PSYoungGen: 82624K(84480K)->320K(84480K) Eden: 81920K(81920K)->0K(81920K) From: 704K(2560K)->320K(2560K)
[15270.935s][info][gc,heap        ] GC(33403) ParOldGen: 612163K(612352K)->612219K(612352K)
[15270.935s][info][gc,metaspace   ] GC(33403) Metaspace: 62376K(62592K)->62376K(62592K) NonClass: 53330K(53504K)->53330K(53504K) Class: 9046K(9088K)->9046K(9088K)
[15270.935s][info][gc             ] GC(33403) Pause Young (Allocation Failure) 678M->598M(680M) 2.484ms
[15270.935s][info][gc,cpu         ] GC(33403) User=0.01s Sys=0.00s Real=0.00s
[15271.417s][info][gc,start       ] GC(33404) Pause Young (Allocation Failure)
[15271.420s][info][gc,heap        ] GC(33404) PSYoungGen: 82240K(84480K)->1504K(84480K) Eden: 81920K(81920K)->0K(81920K) From: 320K(2560K)->1504K(2560K)
[15271.420s][info][gc,heap        ] GC(33404) ParOldGen: 612219K(612352K)->612267K(612352K)
[15271.420s][info][gc,metaspace   ] GC(33404) Metaspace: 62376K(62592K)->62376K(62592K) NonClass: 53330K(53504K)->53330K(53504K) Class: 9046K(9088K)->9046K(9088K)
[15271.420s][info][gc             ] GC(33404) Pause Young (Allocation Failure) 678M->599M(680M) 3.681ms
[15271.421s][info][gc,cpu         ] GC(33404) User=0.01s Sys=0.00s Real=0.00s
[15271.926s][info][gc,start       ] GC(33405) Pause Young (Allocation Failure)
[15271.929s][info][gc,heap        ] GC(33405) PSYoungGen: 83424K(84480K)->320K(84480K) Eden: 81920K(81920K)->0K(81920K) From: 1504K(2560K)->320K(2560K)
[15271.929s][info][gc,heap        ] GC(33405) ParOldGen: 612267K(612352K)->612323K(612352K)
[15271.929s][info][gc,metaspace   ] GC(33405) Metaspace: 62376K(62592K)->62376K(62592K) NonClass: 53330K(53504K)->53330K(53504K) Class: 9046K(9088K)->9046K(9088K)
[15271.929s][info][gc             ] GC(33405) Pause Young (Allocation Failure) 679M->598M(680M) 2.547ms
[15271.929s][info][gc,cpu         ] GC(33405) User=0.01s Sys=0.00s Real=0.00s
[15272.407s][info][gc,start       ] GC(33406) Pause Young (Allocation Failure)
[15272.410s][info][gc,heap        ] GC(33406) PSYoungGen: 82240K(84480K)->1312K(84480K) Eden: 81920K(81920K)->0K(81920K) From: 320K(2560K)->1312K(2560K)
[15272.410s][info][gc,heap        ] GC(33406) ParOldGen: 612323K(612352K)->612427K(612864K)
[15272.410s][info][gc,metaspace   ] GC(33406) Metaspace: 62376K(62592K)->62376K(62592K) NonClass: 53330K(53504K)->53330K(53504K) Class: 9046K(9088K)->9046K(9088K)
[15272.410s][info][gc             ] GC(33406) Pause Young (Allocation Failure) 678M->599M(681M) 3.366ms
[15272.410s][info][gc,cpu         ] GC(33406) User=0.01s Sys=0.00s Real=0.00s
[15272.891s][info][gc,start       ] GC(33407) Pause Young (Allocation Failure)
[15272.895s][info][gc,heap        ] GC(33407) PSYoungGen: 83232K(84480K)->1152K(84480K) Eden: 81920K(81920K)->0K(81920K) From: 1312K(2560K)->1152K(2560K)
[15272.895s][info][gc,heap        ] GC(33407) ParOldGen: 612427K(612864K)->612475K(612864K)
[15272.895s][info][gc,metaspace   ] GC(33407) Metaspace: 62376K(62592K)->62376K(62592K) NonClass: 53330K(53504K)->53330K(53504K) Class: 9046K(9088K)->9046K(9088K)
[15272.895s][info][gc             ] GC(33407) Pause Young (Allocation Failure) 679M->599M(681M) 3.176ms
[15272.895s][info][gc,cpu         ] GC(33407) User=0.00s Sys=0.00s Real=0.00s
[15273.361s][info][gc,start       ] GC(33408) Pause Young (Allocation Failure)
[15273.364s][info][gc,heap        ] GC(33408) PSYoungGen: 83072K(84480K)->704K(84480K) Eden: 81920K(81920K)->0K(81920K) From: 1152K(2560K)->704K(2560K)
[15273.364s][info][gc,heap        ] GC(33408) ParOldGen: 612475K(612864K)->612523K(612864K)
[15273.364s][info][gc,metaspace   ] GC(33408) Metaspace: 62376K(62592K)->62376K(62592K) NonClass: 53330K(53504K)->53330K(53504K) Class: 9046K(9088K)->9046K(9088K)
[15273.364s][info][gc             ] GC(33408) Pause Young (Allocation Failure) 679M->598M(681M) 2.884ms
[15273.364s][info][gc,cpu         ] GC(33408) User=0.01s Sys=0.00s Real=0.00s
[15273.822s][info][gc,start       ] GC(33409) Pause Young (Allocation Failure)
[15273.824s][info][gc,heap        ] GC(33409) PSYoungGen: 82624K(84480K)->192K(84480K) Eden: 81920K(81920K)->0K(81920K) From: 704K(2560K)->192K(2560K)
[15273.824s][info][gc,heap        ] GC(33409) ParOldGen: 612523K(612864K)->612579K(612864K)
[15273.824s][info][gc,metaspace   ] GC(33409) Metaspace: 62376K(62592K)->62376K(62592K) NonClass: 53330K(53504K)->53330K(53504K) Class: 9046K(9088K)->9046K(9088K)
[15273.824s][info][gc             ] GC(33409) Pause Young (Allocation Failure) 678M->598M(681M) 2.448ms
[15273.824s][info][gc,cpu         ] GC(33409) User=0.00s Sys=0.00s Real=0.00s
[15274.294s][info][gc,start       ] GC(33410) Pause Young (Allocation Failure)
[15274.298s][info][gc,heap        ] GC(33410) PSYoungGen: 82112K(84480K)->1152K(84480K) Eden: 81920K(81920K)->0K(81920K) From: 192K(2560K)->1152K(2560K)
[15274.298s][info][gc,heap        ] GC(33410) ParOldGen: 612579K(612864K)->612635K(612864K)
[15274.298s][info][gc,metaspace   ] GC(33410) Metaspace: 62376K(62592K)->62376K(62592K) NonClass: 53330K(53504K)->53330K(53504K) Class: 9046K(9088K)->9046K(9088K)
[15274.298s][info][gc             ] GC(33410) Pause Young (Allocation Failure) 678M->599M(681M) 3.275ms
[15274.298s][info][gc,cpu         ] GC(33410) User=0.01s Sys=0.00s Real=0.01s
[15274.768s][info][gc,start       ] GC(33411) Pause Young (Allocation Failure)
[15274.771s][info][gc,heap        ] GC(33411) PSYoungGen: 83072K(84480K)->832K(84480K) Eden: 81920K(81920K)->0K(81920K) From: 1152K(2560K)->832K(2560K)
[15274.771s][info][gc,heap        ] GC(33411) ParOldGen: 612635K(612864K)->612683K(612864K)
[15274.771s][info][gc,metaspace   ] GC(33411) Metaspace: 62376K(62592K)->62376K(62592K) NonClass: 53330K(53504K)->53330K(53504K) Class: 9046K(9088K)->9046K(9088K)
[15274.771s][info][gc             ] GC(33411) Pause Young (Allocation Failure) 679M->599M(681M) 2.876ms
[15274.771s][info][gc,cpu         ] GC(33411) User=0.00s Sys=0.00s Real=0.00s
[15275.254s][info][gc,start       ] GC(33412) Pause Young (Allocation Failure)
[15275.257s][info][gc,heap        ] GC(33412) PSYoungGen: 82752K(84480K)->608K(84992K) Eden: 81920K(81920K)->0K(82944K) From: 832K(2560K)->608K(2048K)
[15275.257s][info][gc,heap        ] GC(33412) ParOldGen: 612683K(612864K)->612731K(612864K)
[15275.257s][info][gc,metaspace   ] GC(33412) Metaspace: 62376K(62592K)->62376K(62592K) NonClass: 53330K(53504K)->53330K(53504K) Class: 9046K(9088K)->9046K(9088K)
[15275.257s][info][gc             ] GC(33412) Pause Young (Allocation Failure) 679M->598M(681M) 2.819ms
[15275.257s][info][gc,cpu         ] GC(33412) User=0.00s Sys=0.00s Real=0.01s
[15275.765s][info][gc,start       ] GC(33413) Pause Young (Allocation Failure)
[15275.768s][info][gc,heap        ] GC(33413) PSYoungGen: 83552K(84992K)->1728K(84992K) Eden: 82944K(82944K)->0K(82944K) From: 608K(2048K)->1728K(2048K)
[15275.768s][info][gc,heap        ] GC(33413) ParOldGen: 612731K(612864K)->612787K(612864K)
[15275.768s][info][gc,metaspace   ] GC(33413) Metaspace: 62376K(62592K)->62376K(62592K) NonClass: 53330K(53504K)->53330K(53504K) Class: 9046K(9088K)->9046K(9088K)
[15275.768s][info][gc             ] GC(33413) Pause Young (Allocation Failure) 679M->600M(681M) 2.952ms
[15275.768s][info][gc,cpu         ] GC(33413) User=0.01s Sys=0.00s Real=0.01s
[15276.253s][info][gc,start       ] GC(33414) Pause Young (Allocation Failure)
[15276.257s][info][gc,heap        ] GC(33414) PSYoungGen: 84672K(84992K)->640K(83968K) Eden: 82944K(82944K)->0K(81920K) From: 1728K(2048K)->640K(2048K)
[15276.257s][info][gc,heap        ] GC(33414) ParOldGen: 612787K(612864K)->614883K(615936K)
[15276.257s][info][gc,metaspace   ] GC(33414) Metaspace: 62376K(62592K)->62376K(62592K) NonClass: 53330K(53504K)->53330K(53504K) Class: 9046K(9088K)->9046K(9088K)
[15276.257s][info][gc             ] GC(33414) Pause Young (Allocation Failure) 681M->601M(683M) 3.920ms
[15276.257s][info][gc,cpu         ] GC(33414) User=0.00s Sys=0.00s Real=0.01s
[15276.697s][info][gc,start       ] GC(33415) Pause Young (Allocation Failure)
[15276.700s][info][gc,heap        ] GC(33415) PSYoungGen: 82560K(83968K)->1248K(84480K) Eden: 81920K(81920K)->0K(81920K) From: 640K(2048K)->1248K(2560K)
[15276.700s][info][gc,heap        ] GC(33415) ParOldGen: 614883K(615936K)->614939K(615936K)
[15276.701s][info][gc,metaspace   ] GC(33415) Metaspace: 62376K(62592K)->62376K(62592K) NonClass: 53330K(53504K)->53330K(53504K) Class: 9046K(9088K)->9046K(9088K)
[15276.701s][info][gc             ] GC(33415) Pause Young (Allocation Failure) 681M->601M(684M) 3.330ms
[15276.701s][info][gc,cpu         ] GC(33415) User=0.01s Sys=0.00s Real=0.00s
[15277.173s][info][gc,start       ] GC(33416) Pause Young (Allocation Failure)
[15277.176s][info][gc,heap        ] GC(33416) PSYoungGen: 83168K(84480K)->928K(84992K) Eden: 81920K(81920K)->0K(82432K) From: 1248K(2560K)->928K(2560K)
[15277.176s][info][gc,heap        ] GC(33416) ParOldGen: 614939K(615936K)->614987K(615936K)
[15277.176s][info][gc,metaspace   ] GC(33416) Metaspace: 62376K(62592K)->62376K(62592K) NonClass: 53330K(53504K)->53330K(53504K) Class: 9046K(9088K)->9046K(9088K)
[15277.176s][info][gc             ] GC(33416) Pause Young (Allocation Failure) 681M->601M(684M) 3.120ms
[15277.176s][info][gc,cpu         ] GC(33416) User=0.00s Sys=0.00s Real=0.00s
[15277.671s][info][gc,start       ] GC(33417) Pause Young (Allocation Failure)
[15277.674s][info][gc,heap        ] GC(33417) PSYoungGen: 83360K(84992K)->832K(84480K) Eden: 82432K(82432K)->0K(82432K) From: 928K(2560K)->832K(2048K)
[15277.674s][info][gc,heap        ] GC(33417) ParOldGen: 614987K(615936K)->615035K(615936K)
[15277.674s][info][gc,metaspace   ] GC(33417) Metaspace: 62376K(62592K)->62376K(62592K) NonClass: 53330K(53504K)->53330K(53504K) Class: 9046K(9088K)->9046K(9088K)
[15277.674s][info][gc             ] GC(33417) Pause Young (Allocation Failure) 681M->601M(684M) 3.034ms
[15277.674s][info][gc,cpu         ] GC(33417) User=0.01s Sys=0.00s Real=0.00s
[15278.132s][info][gc,start       ] GC(33418) Pause Young (Allocation Failure)
[15278.134s][info][gc,heap        ] GC(33418) PSYoungGen: 83264K(84480K)->352K(84992K) Eden: 82432K(82432K)->0K(82944K) From: 832K(2048K)->352K(2048K)
[15278.134s][info][gc,heap        ] GC(33418) ParOldGen: 615035K(615936K)->615091K(615936K)
[15278.134s][info][gc,metaspace   ] GC(33418) Metaspace: 62376K(62592K)->62376K(62592K) NonClass: 53330K(53504K)->53330K(53504K) Class: 9046K(9088K)->9046K(9088K)
[15278.134s][info][gc             ] GC(33418) Pause Young (Allocation Failure) 681M->601M(684M) 2.569ms
[15278.134s][info][gc,cpu         ] GC(33418) User=0.01s Sys=0.00s Real=0.00s
[15278.622s][info][gc,start       ] GC(33419) Pause Young (Allocation Failure)
[15278.625s][info][gc,heap        ] GC(33419) PSYoungGen: 83296K(84992K)->224K(84992K) Eden: 82944K(82944K)->0K(82944K) From: 352K(2048K)->224K(2048K)
[15278.625s][info][gc,heap        ] GC(33419) ParOldGen: 615091K(615936K)->615147K(615936K)
[15278.625s][info][gc,metaspace   ] GC(33419) Metaspace: 62376K(62592K)->62376K(62592K) NonClass: 53330K(53504K)->53330K(53504K) Class: 9046K(9088K)->9046K(9088K)
[15278.625s][info][gc             ] GC(33419) Pause Young (Allocation Failure) 682M->600M(684M) 2.484ms
[15278.625s][info][gc,cpu         ] GC(33419) User=0.01s Sys=0.00s Real=0.00s
[15279.121s][info][gc,start       ] GC(33420) Pause Young (Allocation Failure)
[15279.124s][info][gc,heap        ] GC(33420) PSYoungGen: 83168K(84992K)->1408K(84992K) Eden: 82944K(82944K)->0K(82944K) From: 224K(2048K)->1408K(2048K)
[15279.124s][info][gc,heap        ] GC(33420) ParOldGen: 615147K(615936K)->615203K(615936K)
[15279.124s][info][gc,metaspace   ] GC(33420) Metaspace: 62376K(62592K)->62376K(62592K) NonClass: 53330K(53504K)->53330K(53504K) Class: 9046K(9088K)->9046K(9088K)
[15279.124s][info][gc             ] GC(33420) Pause Young (Allocation Failure) 681M->602M(684M) 3.516ms
[15279.124s][info][gc,cpu         ] GC(33420) User=0.01s Sys=0.00s Real=0.00s
[15279.628s][info][gc,start       ] GC(33421) Pause Young (Allocation Failure)
[15279.631s][info][gc,heap        ] GC(33421) PSYoungGen: 84352K(84992K)->256K(84992K) Eden: 82944K(82944K)->0K(82944K) From: 1408K(2048K)->256K(2048K)
[15279.631s][info][gc,heap        ] GC(33421) ParOldGen: 615203K(615936K)->615251K(615936K)
[15279.631s][info][gc,metaspace   ] GC(33421) Metaspace: 62376K(62592K)->62376K(62592K) NonClass: 53330K(53504K)->53330K(53504K) Class: 9046K(9088K)->9046K(9088K)
[15279.631s][info][gc             ] GC(33421) Pause Young (Allocation Failure) 683M->601M(684M) 2.578ms
[15279.631s][info][gc,cpu         ] GC(33421) User=0.00s Sys=0.00s Real=0.00s
[15280.136s][info][gc,start       ] GC(33422) Pause Young (Allocation Failure)
[15280.139s][info][gc,heap        ] GC(33422) PSYoungGen: 83200K(84992K)->464K(84992K) Eden: 82944K(82944K)->0K(82944K) From: 256K(2048K)->464K(2048K)
[15280.139s][info][gc,heap        ] GC(33422) ParOldGen: 615251K(615936K)->615299K(615936K)
[15280.139s][info][gc,metaspace   ] GC(33422) Metaspace: 62376K(62592K)->62376K(62592K) NonClass: 53330K(53504K)->53330K(53504K) Class: 9046K(9088K)->9046K(9088K)
[15280.139s][info][gc             ] GC(33422) Pause Young (Allocation Failure) 682M->601M(684M) 2.691ms
[15280.139s][info][gc,cpu         ] GC(33422) User=0.00s Sys=0.00s Real=0.00s
[15280.631s][info][gc,start       ] GC(33423) Pause Young (Allocation Failure)
[15280.634s][info][gc,heap        ] GC(33423) PSYoungGen: 83408K(84992K)->288K(84992K) Eden: 82944K(82944K)->0K(82944K) From: 464K(2048K)->288K(2048K)
[15280.634s][info][gc,heap        ] GC(33423) ParOldGen: 615299K(615936K)->615395K(615936K)
[15280.634s][info][gc,metaspace   ] GC(33423) Metaspace: 62376K(62592K)->62376K(62592K) NonClass: 53330K(53504K)->53330K(53504K) Class: 9046K(9088K)->9046K(9088K)
[15280.634s][info][gc             ] GC(33423) Pause Young (Allocation Failure) 682M->601M(684M) 2.598ms
[15280.634s][info][gc,cpu         ] GC(33423) User=0.00s Sys=0.00s Real=0.00s
[15281.123s][info][gc,start       ] GC(33424) Pause Young (Allocation Failure)
[15281.126s][info][gc,heap        ] GC(33424) PSYoungGen: 83232K(84992K)->1248K(84992K) Eden: 82944K(82944K)->0K(82944K) From: 288K(2048K)->1248K(2048K)
[15281.126s][info][gc,heap        ] GC(33424) ParOldGen: 615395K(615936K)->616467K(617472K)
[15281.126s][info][gc,metaspace   ] GC(33424) Metaspace: 62376K(62592K)->62376K(62592K) NonClass: 53330K(53504K)->53330K(53504K) Class: 9046K(9088K)->9046K(9088K)
[15281.126s][info][gc             ] GC(33424) Pause Young (Allocation Failure) 682M->603M(686M) 3.112ms
[15281.126s][info][gc,cpu         ] GC(33424) User=0.00s Sys=0.00s Real=0.01s
[15281.558s][info][gc,start       ] GC(33425) Pause Young (Allocation Failure)
[15281.562s][info][gc,heap        ] GC(33425) PSYoungGen: 84192K(84992K)->768K(84992K) Eden: 82944K(82944K)->0K(82944K) From: 1248K(2048K)->768K(2048K)
[15281.562s][info][gc,heap        ] GC(33425) ParOldGen: 616467K(617472K)->618563K(619008K)
[15281.562s][info][gc,metaspace   ] GC(33425) Metaspace: 62376K(62592K)->62376K(62592K) NonClass: 53330K(53504K)->53330K(53504K) Class: 9046K(9088K)->9046K(9088K)
[15281.562s][info][gc             ] GC(33425) Pause Young (Allocation Failure) 684M->604M(687M) 4.015ms
[15281.562s][info][gc,cpu         ] GC(33425) User=0.00s Sys=0.01s Real=0.00s
[15282.053s][info][gc,start       ] GC(33426) Pause Young (Allocation Failure)
[15282.056s][info][gc,heap        ] GC(33426) PSYoungGen: 83712K(84992K)->640K(84992K) Eden: 82944K(82944K)->0K(82944K) From: 768K(2048K)->640K(2048K)
[15282.056s][info][gc,heap        ] GC(33426) ParOldGen: 618563K(619008K)->618619K(619008K)
[15282.056s][info][gc,metaspace   ] GC(33426) Metaspace: 62376K(62592K)->62376K(62592K) NonClass: 53330K(53504K)->53330K(53504K) Class: 9046K(9088K)->9046K(9088K)
[15282.056s][info][gc             ] GC(33426) Pause Young (Allocation Failure) 685M->604M(687M) 2.801ms
[15282.056s][info][gc,cpu         ] GC(33426) User=0.00s Sys=0.00s Real=0.01s
[15282.515s][info][gc,start       ] GC(33427) Pause Young (Allocation Failure)
[15282.519s][info][gc,heap        ] GC(33427) PSYoungGen: 83584K(84992K)->1408K(84992K) Eden: 82944K(82944K)->0K(82944K) From: 640K(2048K)->1408K(2048K)
[15282.519s][info][gc,heap        ] GC(33427) ParOldGen: 618619K(619008K)->618667K(619008K)
[15282.519s][info][gc,metaspace   ] GC(33427) Metaspace: 62376K(62592K)->62376K(62592K) NonClass: 53330K(53504K)->53330K(53504K) Class: 9046K(9088K)->9046K(9088K)
[15282.519s][info][gc             ] GC(33427) Pause Young (Allocation Failure) 685M->605M(687M) 3.514ms
[15282.519s][info][gc,cpu         ] GC(33427) User=0.00s Sys=0.00s Real=0.01s
[15283.001s][info][gc,start       ] GC(33428) Pause Young (Allocation Failure)
[15283.005s][info][gc,heap        ] GC(33428) PSYoungGen: 84352K(84992K)->1280K(84992K) Eden: 82944K(82944K)->0K(82944K) From: 1408K(2048K)->1280K(2048K)
[15283.005s][info][gc,heap        ] GC(33428) ParOldGen: 618667K(619008K)->618715K(619008K)
[15283.005s][info][gc,metaspace   ] GC(33428) Metaspace: 62376K(62592K)->62376K(62592K) NonClass: 53330K(53504K)->53330K(53504K) Class: 9046K(9088K)->9046K(9088K)
[15283.005s][info][gc             ] GC(33428) Pause Young (Allocation Failure) 686M->605M(687M) 3.465ms
[15283.005s][info][gc,cpu         ] GC(33428) User=0.00s Sys=0.00s Real=0.00s
[15283.494s][info][gc,start       ] GC(33429) Pause Young (Allocation Failure)
[15283.498s][info][gc,heap        ] GC(33429) PSYoungGen: 84224K(84992K)->1248K(84992K) Eden: 82944K(82944K)->0K(82944K) From: 1280K(2048K)->1248K(2048K)
[15283.498s][info][gc,heap        ] GC(33429) ParOldGen: 618715K(619008K)->618763K(619008K)
[15283.498s][info][gc,metaspace   ] GC(33429) Metaspace: 62376K(62592K)->62376K(62592K) NonClass: 53330K(53504K)->53330K(53504K) Class: 9046K(9088K)->9046K(9088K)
[15283.498s][info][gc             ] GC(33429) Pause Young (Allocation Failure) 686M->605M(687M) 3.569ms
[15283.498s][info][gc,cpu         ] GC(33429) User=0.00s Sys=0.00s Real=0.01s
[15283.970s][info][gc,start       ] GC(33430) Pause Young (Allocation Failure)
[15283.973s][info][gc,heap        ] GC(33430) PSYoungGen: 84192K(84992K)->832K(84992K) Eden: 82944K(82944K)->0K(82944K) From: 1248K(2048K)->832K(2048K)
[15283.973s][info][gc,heap        ] GC(33430) ParOldGen: 618763K(619008K)->618811K(619008K)
[15283.973s][info][gc,metaspace   ] GC(33430) Metaspace: 62376K(62592K)->62376K(62592K) NonClass: 53330K(53504K)->53330K(53504K) Class: 9046K(9088K)->9046K(9088K)
[15283.973s][info][gc             ] GC(33430) Pause Young (Allocation Failure) 686M->605M(687M) 2.959ms
[15283.973s][info][gc,cpu         ] GC(33430) User=0.00s Sys=0.00s Real=0.00s
[15284.432s][info][gc,start       ] GC(33431) Pause Young (Allocation Failure)
[15284.434s][info][gc,heap        ] GC(33431) PSYoungGen: 83776K(84992K)->320K(84992K) Eden: 82944K(82944K)->0K(82944K) From: 832K(2048K)->320K(2048K)
[15284.434s][info][gc,heap        ] GC(33431) ParOldGen: 618811K(619008K)->618859K(619008K)
[15284.434s][info][gc,metaspace   ] GC(33431) Metaspace: 62376K(62592K)->62376K(62592K) NonClass: 53330K(53504K)->53330K(53504K) Class: 9046K(9088K)->9046K(9088K)
[15284.434s][info][gc             ] GC(33431) Pause Young (Allocation Failure) 686M->604M(687M) 2.546ms
[15284.434s][info][gc,cpu         ] GC(33431) User=0.00s Sys=0.00s Real=0.00s
[15284.863s][info][gc,start       ] GC(33432) Pause Young (Allocation Failure)
[15284.867s][info][gc,heap        ] GC(33432) PSYoungGen: 83264K(84992K)->896K(84992K) Eden: 82944K(82944K)->0K(82944K) From: 320K(2048K)->896K(2048K)
[15284.867s][info][gc,heap        ] GC(33432) ParOldGen: 618859K(619008K)->618907K(619008K)
[15284.867s][info][gc,metaspace   ] GC(33432) Metaspace: 62376K(62592K)->62376K(62592K) NonClass: 53330K(53504K)->53330K(53504K) Class: 9046K(9088K)->9046K(9088K)
[15284.867s][info][gc             ] GC(33432) Pause Young (Allocation Failure) 685M->605M(687M) 3.266ms
[15284.867s][info][gc,cpu         ] GC(33432) User=0.00s Sys=0.00s Real=0.01s
[15285.257s][info][gc,start       ] GC(33433) Pause Young (Allocation Failure)
[15285.260s][info][gc,heap        ] GC(33433) PSYoungGen: 83840K(84992K)->832K(84992K) Eden: 82944K(82944K)->0K(82944K) From: 896K(2048K)->832K(2048K)
[15285.260s][info][gc,heap        ] GC(33433) ParOldGen: 618907K(619008K)->618955K(619008K)
[15285.260s][info][gc,metaspace   ] GC(33433) Metaspace: 62376K(62592K)->62376K(62592K) NonClass: 53330K(53504K)->53330K(53504K) Class: 9046K(9088K)->9046K(9088K)
[15285.260s][info][gc             ] GC(33433) Pause Young (Allocation Failure) 686M->605M(687M) 2.846ms
[15285.260s][info][gc,cpu         ] GC(33433) User=0.01s Sys=0.00s Real=0.00s
[15285.725s][info][gc,start       ] GC(33434) Pause Young (Allocation Failure)
[15285.728s][info][gc,heap        ] GC(33434) PSYoungGen: 83776K(84992K)->1280K(84992K) Eden: 82944K(82944K)->0K(82944K) From: 832K(2048K)->1280K(2048K)
[15285.728s][info][gc,heap        ] GC(33434) ParOldGen: 618955K(619008K)->620027K(620544K)
[15285.728s][info][gc,metaspace   ] GC(33434) Metaspace: 62376K(62592K)->62376K(62592K) NonClass: 53330K(53504K)->53330K(53504K) Class: 9046K(9088K)->9046K(9088K)
[15285.728s][info][gc             ] GC(33434) Pause Young (Allocation Failure) 686M->606M(689M) 3.112ms
[15285.728s][info][gc,cpu         ] GC(33434) User=0.01s Sys=0.00s Real=0.01s
[15286.174s][info][gc,start       ] GC(33435) Pause Young (Allocation Failure)
[15286.178s][info][gc,heap        ] GC(33435) PSYoungGen: 84224K(84992K)->992K(84992K) Eden: 82944K(82944K)->0K(82944K) From: 1280K(2048K)->992K(2048K)
[15286.178s][info][gc,heap        ] GC(33435) ParOldGen: 620027K(620544K)->622123K(623616K)
[15286.178s][info][gc,metaspace   ] GC(33435) Metaspace: 62376K(62592K)->62376K(62592K) NonClass: 53330K(53504K)->53330K(53504K) Class: 9046K(9088K)->9046K(9088K)
[15286.178s][info][gc             ] GC(33435) Pause Young (Allocation Failure) 687M->608M(692M) 4.230ms
[15286.178s][info][gc,cpu         ] GC(33435) User=0.00s Sys=0.00s Real=0.01s
[15286.624s][info][gc,start       ] GC(33436) Pause Young (Allocation Failure)
[15286.626s][info][gc,heap        ] GC(33436) PSYoungGen: 83936K(84992K)->224K(84992K) Eden: 82944K(82944K)->0K(82944K) From: 992K(2048K)->224K(2048K)
[15286.626s][info][gc,heap        ] GC(33436) ParOldGen: 622123K(623616K)->622179K(623616K)
[15286.626s][info][gc,metaspace   ] GC(33436) Metaspace: 62376K(62592K)->62376K(62592K) NonClass: 53330K(53504K)->53330K(53504K) Class: 9046K(9088K)->9046K(9088K)
[15286.626s][info][gc             ] GC(33436) Pause Young (Allocation Failure) 689M->607M(692M) 2.449ms
[15286.626s][info][gc,cpu         ] GC(33436) User=0.00s Sys=0.00s Real=0.01s
[15287.107s][info][gc,start       ] GC(33437) Pause Young (Allocation Failure)
[15287.110s][info][gc,heap        ] GC(33437) PSYoungGen: 83168K(84992K)->1344K(84992K) Eden: 82944K(82944K)->0K(82944K) From: 224K(2048K)->1344K(2048K)
[15287.110s][info][gc,heap        ] GC(33437) ParOldGen: 622179K(623616K)->622235K(623616K)
[15287.110s][info][gc,metaspace   ] GC(33437) Metaspace: 62376K(62592K)->62376K(62592K) NonClass: 53330K(53504K)->53330K(53504K) Class: 9046K(9088K)->9046K(9088K)
[15287.110s][info][gc             ] GC(33437) Pause Young (Allocation Failure) 688M->608M(692M) 3.373ms
[15287.110s][info][gc,cpu         ] GC(33437) User=0.01s Sys=0.00s Real=0.00s
[15287.649s][info][gc,start       ] GC(33438) Pause Young (Allocation Failure)
[15287.652s][info][gc,heap        ] GC(33438) PSYoungGen: 84288K(84992K)->544K(84992K) Eden: 82944K(82944K)->0K(82944K) From: 1344K(2048K)->544K(2048K)
[15287.652s][info][gc,heap        ] GC(33438) ParOldGen: 622235K(623616K)->622283K(623616K)
[15287.652s][info][gc,metaspace   ] GC(33438) Metaspace: 62376K(62592K)->62376K(62592K) NonClass: 53330K(53504K)->53330K(53504K) Class: 9046K(9088K)->9046K(9088K)
[15287.652s][info][gc             ] GC(33438) Pause Young (Allocation Failure) 689M->608M(692M) 2.787ms
[15287.652s][info][gc,cpu         ] GC(33438) User=0.01s Sys=0.01s Real=0.00s
[15288.099s][info][gc,start       ] GC(33439) Pause Young (Allocation Failure)
[15288.103s][info][gc,heap        ] GC(33439) PSYoungGen: 83488K(84992K)->1440K(84992K) Eden: 82944K(82944K)->0K(82944K) From: 544K(2048K)->1440K(2048K)
[15288.103s][info][gc,heap        ] GC(33439) ParOldGen: 622283K(623616K)->622379K(623616K)
[15288.103s][info][gc,metaspace   ] GC(33439) Metaspace: 62376K(62592K)->62376K(62592K) NonClass: 53330K(53504K)->53330K(53504K) Class: 9046K(9088K)->9046K(9088K)
[15288.103s][info][gc             ] GC(33439) Pause Young (Allocation Failure) 689M->609M(692M) 3.803ms
[15288.103s][info][gc,cpu         ] GC(33439) User=0.01s Sys=0.00s Real=0.00s
[15288.571s][info][gc,start       ] GC(33440) Pause Young (Allocation Failure)
[15288.574s][info][gc,heap        ] GC(33440) PSYoungGen: 84384K(84992K)->832K(84992K) Eden: 82944K(82944K)->0K(82944K) From: 1440K(2048K)->832K(2048K)
[15288.574s][info][gc,heap        ] GC(33440) ParOldGen: 622379K(623616K)->622427K(623616K)
[15288.574s][info][gc,metaspace   ] GC(33440) Metaspace: 62376K(62592K)->62376K(62592K) NonClass: 53330K(53504K)->53330K(53504K) Class: 9046K(9088K)->9046K(9088K)
[15288.574s][info][gc             ] GC(33440) Pause Young (Allocation Failure) 690M->608M(692M) 3.078ms
[15288.574s][info][gc,cpu         ] GC(33440) User=0.01s Sys=0.00s Real=0.00s
[15289.053s][info][gc,start       ] GC(33441) Pause Young (Allocation Failure)
[15289.056s][info][gc,heap        ] GC(33441) PSYoungGen: 83776K(84992K)->704K(84992K) Eden: 82944K(82944K)->0K(82944K) From: 832K(2048K)->704K(2048K)
[15289.056s][info][gc,heap        ] GC(33441) ParOldGen: 622427K(623616K)->622475K(623616K)
[15289.056s][info][gc,metaspace   ] GC(33441) Metaspace: 62376K(62592K)->62376K(62592K) NonClass: 53330K(53504K)->53330K(53504K) Class: 9046K(9088K)->9046K(9088K)
[15289.056s][info][gc             ] GC(33441) Pause Young (Allocation Failure) 689M->608M(692M) 2.925ms
[15289.056s][info][gc,cpu         ] GC(33441) User=0.00s Sys=0.00s Real=0.01s
[15289.515s][info][gc,start       ] GC(33442) Pause Young (Allocation Failure)
[15289.519s][info][gc,heap        ] GC(33442) PSYoungGen: 83648K(84992K)->1472K(84992K) Eden: 82944K(82944K)->0K(82944K) From: 704K(2048K)->1472K(2048K)
[15289.519s][info][gc,heap        ] GC(33442) ParOldGen: 622475K(623616K)->622523K(623616K)
[15289.519s][info][gc,metaspace   ] GC(33442) Metaspace: 62376K(62592K)->62376K(62592K) NonClass: 53330K(53504K)->53330K(53504K) Class: 9046K(9088K)->9046K(9088K)
[15289.519s][info][gc             ] GC(33442) Pause Young (Allocation Failure) 689M->609M(692M) 3.517ms
[15289.519s][info][gc,cpu         ] GC(33442) User=0.01s Sys=0.00s Real=0.01s
[15290.001s][info][gc,start       ] GC(33443) Pause Young (Allocation Failure)
[15290.004s][info][gc,heap        ] GC(33443) PSYoungGen: 84416K(84992K)->1312K(84992K) Eden: 82944K(82944K)->0K(82944K) From: 1472K(2048K)->1312K(2048K)
[15290.004s][info][gc,heap        ] GC(33443) ParOldGen: 622523K(623616K)->622571K(623616K)
[15290.004s][info][gc,metaspace   ] GC(33443) Metaspace: 62376K(62592K)->62376K(62592K) NonClass: 53330K(53504K)->53330K(53504K) Class: 9046K(9088K)->9046K(9088K)
[15290.004s][info][gc             ] GC(33443) Pause Young (Allocation Failure) 690M->609M(692M) 3.360ms
[15290.004s][info][gc,cpu         ] GC(33443) User=0.00s Sys=0.00s Real=0.00s
[15290.462s][info][gc,start       ] GC(33444) Pause Young (Allocation Failure)
[15290.467s][info][gc,heap        ] GC(33444) PSYoungGen: 84256K(84992K)->1760K(83968K) Eden: 82944K(82944K)->0K(81920K) From: 1312K(2048K)->1760K(2048K)
[15290.467s][info][gc,heap        ] GC(33444) ParOldGen: 622571K(623616K)->624675K(625664K)
[15290.467s][info][gc,metaspace   ] GC(33444) Metaspace: 62376K(62592K)->62376K(62592K) NonClass: 53330K(53504K)->53330K(53504K) Class: 9046K(9088K)->9046K(9088K)
[15290.467s][info][gc             ] GC(33444) Pause Young (Allocation Failure) 690M->611M(693M) 4.661ms
[15290.467s][info][gc,cpu         ] GC(33444) User=0.01s Sys=0.01s Real=0.01s
[15290.953s][info][gc,start       ] GC(33445) Pause Young (Allocation Failure)
[15290.957s][info][gc,heap        ] GC(33445) PSYoungGen: 83680K(83968K)->608K(84480K) Eden: 81920K(81920K)->0K(81920K) From: 1760K(2048K)->608K(2560K)
[15290.957s][info][gc,heap        ] GC(33445) ParOldGen: 624675K(625664K)->626779K(627200K)
[15290.957s][info][gc,metaspace   ] GC(33445) Metaspace: 62376K(62592K)->62376K(62592K) NonClass: 53330K(53504K)->53330K(53504K) Class: 9046K(9088K)->9046K(9088K)
[15290.957s][info][gc             ] GC(33445) Pause Young (Allocation Failure) 691M->612M(695M) 3.906ms
[15290.957s][info][gc,cpu         ] GC(33445) User=0.00s Sys=0.00s Real=0.01s
[15291.416s][info][gc,start       ] GC(33446) Pause Young (Allocation Failure)
[15291.419s][info][gc,heap        ] GC(33446) PSYoungGen: 82528K(84480K)->1536K(84480K) Eden: 81920K(81920K)->0K(81920K) From: 608K(2560K)->1536K(2560K)
[15291.419s][info][gc,heap        ] GC(33446) ParOldGen: 626779K(627200K)->626827K(627200K)
[15291.419s][info][gc,metaspace   ] GC(33446) Metaspace: 62376K(62592K)->62376K(62592K) NonClass: 53330K(53504K)->53330K(53504K) Class: 9046K(9088K)->9046K(9088K)
[15291.419s][info][gc             ] GC(33446) Pause Young (Allocation Failure) 692M->613M(695M) 3.318ms
[15291.419s][info][gc,cpu         ] GC(33446) User=0.01s Sys=0.00s Real=0.01s
[15291.874s][info][gc,start       ] GC(33447) Pause Young (Allocation Failure)
[15291.877s][info][gc,heap        ] GC(33447) PSYoungGen: 83456K(84480K)->992K(84480K) Eden: 81920K(81920K)->0K(81920K) From: 1536K(2560K)->992K(2560K)
[15291.877s][info][gc,heap        ] GC(33447) ParOldGen: 626827K(627200K)->626875K(627200K)
[15291.877s][info][gc,metaspace   ] GC(33447) Metaspace: 62376K(62592K)->62376K(62592K) NonClass: 53330K(53504K)->53330K(53504K) Class: 9046K(9088K)->9046K(9088K)
[15291.877s][info][gc             ] GC(33447) Pause Young (Allocation Failure) 693M->613M(695M) 3.048ms
[15291.877s][info][gc,cpu         ] GC(33447) User=0.00s Sys=0.00s Real=0.01s
[15292.326s][info][gc,start       ] GC(33448) Pause Young (Allocation Failure)
[15292.328s][info][gc,heap        ] GC(33448) PSYoungGen: 82912K(84480K)->256K(84480K) Eden: 81920K(81920K)->0K(81920K) From: 992K(2560K)->256K(2560K)
[15292.328s][info][gc,heap        ] GC(33448) ParOldGen: 626875K(627200K)->626931K(627200K)
[15292.328s][info][gc,metaspace   ] GC(33448) Metaspace: 62376K(62592K)->62376K(62592K) NonClass: 53330K(53504K)->53330K(53504K) Class: 9046K(9088K)->9046K(9088K)
[15292.328s][info][gc             ] GC(33448) Pause Young (Allocation Failure) 693M->612M(695M) 2.356ms
[15292.328s][info][gc,cpu         ] GC(33448) User=0.00s Sys=0.01s Real=0.01s
[15292.797s][info][gc,start       ] GC(33449) Pause Young (Allocation Failure)
[15292.801s][info][gc,heap        ] GC(33449) PSYoungGen: 82176K(84480K)->1216K(84480K) Eden: 81920K(81920K)->0K(81920K) From: 256K(2560K)->1216K(2560K)
[15292.801s][info][gc,heap        ] GC(33449) ParOldGen: 626931K(627200K)->626979K(627200K)
[15292.801s][info][gc,metaspace   ] GC(33449) Metaspace: 62376K(62592K)->62376K(62592K) NonClass: 53330K(53504K)->53330K(53504K) Class: 9046K(9088K)->9046K(9088K)
[15292.801s][info][gc             ] GC(33449) Pause Young (Allocation Failure) 692M->613M(695M) 3.286ms
[15292.801s][info][gc,cpu         ] GC(33449) User=0.00s Sys=0.00s Real=0.00s
[15293.273s][info][gc,start       ] GC(33450) Pause Young (Allocation Failure)
[15293.276s][info][gc,heap        ] GC(33450) PSYoungGen: 83136K(84480K)->896K(84992K) Eden: 81920K(81920K)->0K(82432K) From: 1216K(2560K)->896K(2560K)
[15293.276s][info][gc,heap        ] GC(33450) ParOldGen: 626979K(627200K)->627027K(627200K)
[15293.276s][info][gc,metaspace   ] GC(33450) Metaspace: 62376K(62592K)->62376K(62592K) NonClass: 53330K(53504K)->53330K(53504K) Class: 9046K(9088K)->9046K(9088K)
[15293.276s][info][gc             ] GC(33450) Pause Young (Allocation Failure) 693M->613M(695M) 2.834ms
[15293.276s][info][gc,cpu         ] GC(33450) User=0.01s Sys=0.00s Real=0.00s
[15293.719s][info][gc,start       ] GC(33451) Pause Young (Allocation Failure)
[15293.722s][info][gc,heap        ] GC(33451) PSYoungGen: 83328K(84992K)->1632K(84480K) Eden: 82432K(82432K)->0K(82432K) From: 896K(2560K)->1632K(2048K)
[15293.722s][info][gc,heap        ] GC(33451) ParOldGen: 627027K(627200K)->627075K(627200K)
[15293.722s][info][gc,metaspace   ] GC(33451) Metaspace: 62376K(62592K)->62376K(62592K) NonClass: 53330K(53504K)->53330K(53504K) Class: 9046K(9088K)->9046K(9088K)
[15293.722s][info][gc             ] GC(33451) Pause Young (Allocation Failure) 693M->613M(695M) 3.444ms
[15293.722s][info][gc,cpu         ] GC(33451) User=0.01s Sys=0.00s Real=0.00s
[15294.171s][info][gc,start       ] GC(33452) Pause Young (Allocation Failure)
[15294.174s][info][gc,heap        ] GC(33452) PSYoungGen: 84064K(84480K)->864K(84480K) Eden: 82432K(82432K)->0K(81920K) From: 1632K(2048K)->864K(2560K)
[15294.174s][info][gc,heap        ] GC(33452) ParOldGen: 627075K(627200K)->627123K(627200K)
[15294.174s][info][gc,metaspace   ] GC(33452) Metaspace: 62376K(62592K)->62376K(62592K) NonClass: 53330K(53504K)->53330K(53504K) Class: 9046K(9088K)->9046K(9088K)
[15294.174s][info][gc             ] GC(33452) Pause Young (Allocation Failure) 694M->613M(695M) 2.923ms
[15294.174s][info][gc,cpu         ] GC(33452) User=0.01s Sys=0.00s Real=0.00s
[15294.610s][info][gc,start       ] GC(33453) Pause Young (Allocation Failure)
[15294.613s][info][gc,heap        ] GC(33453) PSYoungGen: 82784K(84480K)->1408K(84480K) Eden: 81920K(81920K)->0K(81920K) From: 864K(2560K)->1408K(2560K)
[15294.613s][info][gc,heap        ] GC(33453) ParOldGen: 627123K(627200K)->627171K(627200K)
[15294.613s][info][gc,metaspace   ] GC(33453) Metaspace: 62376K(62592K)->62376K(62592K) NonClass: 53330K(53504K)->53330K(53504K) Class: 9046K(9088K)->9046K(9088K)
[15294.613s][info][gc             ] GC(33453) Pause Young (Allocation Failure) 693M->613M(695M) 3.474ms
[15294.613s][info][gc,cpu         ] GC(33453) User=0.00s Sys=0.00s Real=0.00s
[15295.045s][info][gc,start       ] GC(33454) Pause Young (Allocation Failure)
[15295.048s][info][gc,heap        ] GC(33454) PSYoungGen: 83328K(84480K)->480K(84480K) Eden: 81920K(81920K)->0K(81920K) From: 1408K(2560K)->480K(2560K)
[15295.048s][info][gc,heap        ] GC(33454) ParOldGen: 627171K(627200K)->627227K(627712K)
[15295.048s][info][gc,metaspace   ] GC(33454) Metaspace: 62376K(62592K)->62376K(62592K) NonClass: 53330K(53504K)->53330K(53504K) Class: 9046K(9088K)->9046K(9088K)
[15295.048s][info][gc             ] GC(33454) Pause Young (Allocation Failure) 693M->612M(695M) 2.718ms
[15295.048s][info][gc,cpu         ] GC(33454) User=0.00s Sys=0.00s Real=0.01s
[15295.533s][info][gc,start       ] GC(33455) Pause Young (Allocation Failure)
[15295.535s][info][gc,heap        ] GC(33455) PSYoungGen: 82400K(84480K)->368K(84480K) Eden: 81920K(81920K)->0K(81920K) From: 480K(2560K)->368K(2560K)
[15295.535s][info][gc,heap        ] GC(33455) ParOldGen: 627227K(627712K)->627283K(627712K)
[15295.535s][info][gc,metaspace   ] GC(33455) Metaspace: 62376K(62592K)->62376K(62592K) NonClass: 53330K(53504K)->53330K(53504K) Class: 9046K(9088K)->9046K(9088K)
[15295.536s][info][gc             ] GC(33455) Pause Young (Allocation Failure) 692M->612M(695M) 2.590ms
[15295.536s][info][gc,cpu         ] GC(33455) User=0.00s Sys=0.00s Real=0.00s
[15295.982s][info][gc,start       ] GC(33456) Pause Young (Allocation Failure)
[15295.985s][info][gc,heap        ] GC(33456) PSYoungGen: 82288K(84480K)->928K(84992K) Eden: 81920K(81920K)->0K(82432K) From: 368K(2560K)->928K(2560K)
[15295.985s][info][gc,heap        ] GC(33456) ParOldGen: 627283K(627712K)->627387K(627712K)
[15295.985s][info][gc,metaspace   ] GC(33456) Metaspace: 62376K(62592K)->62376K(62592K) NonClass: 53330K(53504K)->53330K(53504K) Class: 9046K(9088K)->9046K(9088K)
[15295.985s][info][gc             ] GC(33456) Pause Young (Allocation Failure) 692M->613M(696M) 3.105ms
[15295.985s][info][gc,cpu         ] GC(33456) User=0.01s Sys=0.00s Real=0.00s
[15296.424s][info][gc,start       ] GC(33457) Pause Young (Allocation Failure)
[15296.427s][info][gc,heap        ] GC(33457) PSYoungGen: 83360K(84992K)->256K(84480K) Eden: 82432K(82432K)->0K(82432K) From: 928K(2560K)->256K(2048K)
[15296.427s][info][gc,heap        ] GC(33457) ParOldGen: 627387K(627712K)->627435K(627712K)
[15296.427s][info][gc,metaspace   ] GC(33457) Metaspace: 62376K(62592K)->62376K(62592K) NonClass: 53330K(53504K)->53330K(53504K) Class: 9046K(9088K)->9046K(9088K)
[15296.427s][info][gc             ] GC(33457) Pause Young (Allocation Failure) 694M->612M(695M) 2.337ms
[15296.427s][info][gc,cpu         ] GC(33457) User=0.01s Sys=0.00s Real=0.01s
[15296.836s][info][gc,start       ] GC(33458) Pause Young (Allocation Failure)
[15296.839s][info][gc,heap        ] GC(33458) PSYoungGen: 82688K(84480K)->416K(84992K) Eden: 82432K(82432K)->0K(82944K) From: 256K(2048K)->416K(2048K)
[15296.839s][info][gc,heap        ] GC(33458) ParOldGen: 627435K(627712K)->627483K(627712K)
[15296.839s][info][gc,metaspace   ] GC(33458) Metaspace: 62376K(62592K)->62376K(62592K) NonClass: 53330K(53504K)->53330K(53504K) Class: 9046K(9088K)->9046K(9088K)
[15296.839s][info][gc             ] GC(33458) Pause Young (Allocation Failure) 693M->613M(696M) 2.506ms
[15296.839s][info][gc,cpu         ] GC(33458) User=0.01s Sys=0.00s Real=0.00s
[15297.304s][info][gc,start       ] GC(33459) Pause Young (Allocation Failure)
[15297.307s][info][gc,heap        ] GC(33459) PSYoungGen: 83360K(84992K)->1408K(84480K) Eden: 82944K(82944K)->0K(82944K) From: 416K(2048K)->1408K(1536K)
[15297.307s][info][gc,heap        ] GC(33459) ParOldGen: 627483K(627712K)->627531K(627712K)
[15297.307s][info][gc,metaspace   ] GC(33459) Metaspace: 62376K(62592K)->62376K(62592K) NonClass: 53330K(53504K)->53330K(53504K) Class: 9046K(9088K)->9046K(9088K)
[15297.307s][info][gc             ] GC(33459) Pause Young (Allocation Failure) 694M->614M(695M) 3.403ms
[15297.307s][info][gc,cpu         ] GC(33459) User=0.01s Sys=0.00s Real=0.01s
[15297.778s][info][gc,start       ] GC(33460) Pause Young (Allocation Failure)
[15297.781s][info][gc,heap        ] GC(33460) PSYoungGen: 84352K(84480K)->1024K(84992K) Eden: 82944K(82944K)->0K(82432K) From: 1408K(1536K)->1024K(2560K)
[15297.781s][info][gc,heap        ] GC(33460) ParOldGen: 627531K(627712K)->627579K(627712K)
[15297.781s][info][gc,metaspace   ] GC(33460) Metaspace: 62376K(62592K)->62376K(62592K) NonClass: 53330K(53504K)->53330K(53504K) Class: 9046K(9088K)->9046K(9088K)
[15297.781s][info][gc             ] GC(33460) Pause Young (Allocation Failure) 695M->613M(696M) 3.082ms
[15297.781s][info][gc,cpu         ] GC(33460) User=0.01s Sys=0.00s Real=0.00s
[15298.239s][info][gc,start       ] GC(33461) Pause Young (Allocation Failure)
[15298.241s][info][gc,heap        ] GC(33461) PSYoungGen: 83456K(84992K)->416K(84480K) Eden: 82432K(82432K)->0K(82432K) From: 1024K(2560K)->416K(2048K)
[15298.242s][info][gc,heap        ] GC(33461) ParOldGen: 627579K(627712K)->627627K(627712K)
[15298.242s][info][gc,metaspace   ] GC(33461) Metaspace: 62376K(62592K)->62376K(62592K) NonClass: 53330K(53504K)->53330K(53504K) Class: 9046K(9088K)->9046K(9088K)
[15298.242s][info][gc             ] GC(33461) Pause Young (Allocation Failure) 694M->613M(695M) 2.811ms
[15298.242s][info][gc,cpu         ] GC(33461) User=0.01s Sys=0.00s Real=0.00s
[15298.702s][info][gc,start       ] GC(33462) Pause Young (Allocation Failure)
[15298.705s][info][gc,heap        ] GC(33462) PSYoungGen: 82847K(84480K)->1280K(84992K) Eden: 82431K(82432K)->0K(82944K) From: 416K(2048K)->1280K(2048K)
[15298.705s][info][gc,heap        ] GC(33462) ParOldGen: 627627K(627712K)->627675K(627712K)
[15298.705s][info][gc,metaspace   ] GC(33462) Metaspace: 62376K(62592K)->62376K(62592K) NonClass: 53330K(53504K)->53330K(53504K) Class: 9046K(9088K)->9046K(9088K)
[15298.705s][info][gc             ] GC(33462) Pause Young (Allocation Failure) 693M->614M(696M) 3.400ms
[15298.705s][info][gc,cpu         ] GC(33462) User=0.00s Sys=0.00s Real=0.00s
[15299.190s][info][gc,start       ] GC(33463) Pause Young (Allocation Failure)
[15299.193s][info][gc,heap        ] GC(33463) PSYoungGen: 84224K(84992K)->1216K(84992K) Eden: 82944K(82944K)->0K(82944K) From: 1280K(2048K)->1216K(2048K)
[15299.193s][info][gc,heap        ] GC(33463) ParOldGen: 627675K(627712K)->627731K(628224K)
[15299.193s][info][gc,metaspace   ] GC(33463) Metaspace: 62376K(62592K)->62376K(62592K) NonClass: 53330K(53504K)->53330K(53504K) Class: 9046K(9088K)->9046K(9088K)
[15299.193s][info][gc             ] GC(33463) Pause Young (Allocation Failure) 695M->614M(696M) 3.243ms
[15299.193s][info][gc,cpu         ] GC(33463) User=0.01s Sys=0.00s Real=0.00s
[15299.699s][info][gc,start       ] GC(33464) Pause Young (Allocation Failure)
[15299.703s][info][gc,heap        ] GC(33464) PSYoungGen: 84160K(84992K)->1248K(84992K) Eden: 82944K(82944K)->0K(82944K) From: 1216K(2048K)->1248K(2048K)
[15299.703s][info][gc,heap        ] GC(33464) ParOldGen: 627731K(628224K)->627779K(628224K)
[15299.703s][info][gc,metaspace   ] GC(33464) Metaspace: 62376K(62592K)->62376K(62592K) NonClass: 53330K(53504K)->53330K(53504K) Class: 9046K(9088K)->9046K(9088K)
[15299.703s][info][gc             ] GC(33464) Pause Young (Allocation Failure) 695M->614M(696M) 3.460ms
[15299.703s][info][gc,cpu         ] GC(33464) User=0.00s Sys=0.00s Real=0.00s
[15300.158s][info][gc,start       ] GC(33465) Pause Young (Allocation Failure)
[15300.161s][info][gc,heap        ] GC(33465) PSYoungGen: 84192K(84992K)->1792K(84992K) Eden: 82944K(82944K)->0K(82944K) From: 1248K(2048K)->1792K(2048K)
[15300.161s][info][gc,heap        ] GC(33465) ParOldGen: 627779K(628224K)->627827K(628224K)
[15300.161s][info][gc,metaspace   ] GC(33465) Metaspace: 62376K(62592K)->62376K(62592K) NonClass: 53330K(53504K)->53330K(53504K) Class: 9046K(9088K)->9046K(9088K)
[15300.162s][info][gc             ] GC(33465) Pause Young (Allocation Failure) 695M->614M(696M) 3.086ms
[15300.162s][info][gc,cpu         ] GC(33465) User=0.00s Sys=0.00s Real=0.00s
[15300.578s][info][gc,start       ] GC(33466) Pause Young (Allocation Failure)
[15300.582s][info][gc,heap        ] GC(33466) PSYoungGen: 84736K(84992K)->992K(83968K) Eden: 82944K(82944K)->0K(81920K) From: 1792K(2048K)->992K(2048K)
[15300.582s][info][gc,heap        ] GC(33466) ParOldGen: 627827K(628224K)->628899K(629760K)
[15300.582s][info][gc,metaspace   ] GC(33466) Metaspace: 62376K(62592K)->62376K(62592K) NonClass: 53330K(53504K)->53330K(53504K) Class: 9046K(9088K)->9046K(9088K)
[15300.582s][info][gc             ] GC(33466) Pause Young (Allocation Failure) 695M->615M(697M) 3.621ms
[15300.582s][info][gc,cpu         ] GC(33466) User=0.01s Sys=0.00s Real=0.00s
[15301.020s][info][gc,start       ] GC(33467) Pause Young (Allocation Failure)
[15301.024s][info][gc,heap        ] GC(33467) PSYoungGen: 82912K(83968K)->1632K(84480K) Eden: 81920K(81920K)->0K(81920K) From: 992K(2048K)->1632K(2560K)
[15301.024s][info][gc,heap        ] GC(33467) ParOldGen: 628899K(629760K)->628947K(629760K)
[15301.024s][info][gc,metaspace   ] GC(33467) Metaspace: 62376K(62592K)->62376K(62592K) NonClass: 53330K(53504K)->53330K(53504K) Class: 9046K(9088K)->9046K(9088K)
[15301.024s][info][gc             ] GC(33467) Pause Young (Allocation Failure) 695M->615M(697M) 3.940ms
[15301.024s][info][gc,cpu         ] GC(33467) User=0.01s Sys=0.00s Real=0.00s
[15301.423s][info][gc,start       ] GC(33468) Pause Young (Allocation Failure)
[15301.426s][info][gc,heap        ] GC(33468) PSYoungGen: 83552K(84480K)->224K(84480K) Eden: 81920K(81920K)->0K(81920K) From: 1632K(2560K)->224K(2560K)
[15301.426s][info][gc,heap        ] GC(33468) ParOldGen: 628947K(629760K)->628995K(629760K)
[15301.426s][info][gc,metaspace   ] GC(33468) Metaspace: 62376K(62592K)->62376K(62592K) NonClass: 53330K(53504K)->53330K(53504K) Class: 9046K(9088K)->9046K(9088K)
[15301.426s][info][gc             ] GC(33468) Pause Young (Allocation Failure) 695M->614M(697M) 2.436ms
[15301.426s][info][gc,cpu         ] GC(33468) User=0.01s Sys=0.00s Real=0.00s
[15301.862s][info][gc,start       ] GC(33469) Pause Young (Allocation Failure)
[15301.864s][info][gc,heap        ] GC(33469) PSYoungGen: 82144K(84480K)->800K(84480K) Eden: 81920K(81920K)->0K(81920K) From: 224K(2560K)->800K(2560K)
[15301.864s][info][gc,heap        ] GC(33469) ParOldGen: 628995K(629760K)->629043K(629760K)
[15301.865s][info][gc,metaspace   ] GC(33469) Metaspace: 62376K(62592K)->62376K(62592K) NonClass: 53330K(53504K)->53330K(53504K) Class: 9046K(9088K)->9046K(9088K)
[15301.865s][info][gc             ] GC(33469) Pause Young (Allocation Failure) 694M->615M(697M) 2.883ms
[15301.865s][info][gc,cpu         ] GC(33469) User=0.00s Sys=0.00s Real=0.00s
[15302.279s][info][gc,start       ] GC(33470) Pause Young (Allocation Failure)
[15302.282s][info][gc,heap        ] GC(33470) PSYoungGen: 82720K(84480K)->1088K(84480K) Eden: 81920K(81920K)->0K(81920K) From: 800K(2560K)->1088K(2560K)
[15302.282s][info][gc,heap        ] GC(33470) ParOldGen: 629043K(629760K)->629099K(629760K)
[15302.282s][info][gc,metaspace   ] GC(33470) Metaspace: 62376K(62592K)->62376K(62592K) NonClass: 53330K(53504K)->53330K(53504K) Class: 9046K(9088K)->9046K(9088K)
[15302.282s][info][gc             ] GC(33470) Pause Young (Allocation Failure) 695M->615M(697M) 3.133ms
[15302.282s][info][gc,cpu         ] GC(33470) User=0.01s Sys=0.00s Real=0.00s
[15302.669s][info][gc,start       ] GC(33471) Pause Young (Allocation Failure)
[15302.672s][info][gc,heap        ] GC(33471) PSYoungGen: 83008K(84480K)->928K(84480K) Eden: 81920K(81920K)->0K(81920K) From: 1088K(2560K)->928K(2560K)
[15302.672s][info][gc,heap        ] GC(33471) ParOldGen: 629099K(629760K)->629147K(629760K)
[15302.672s][info][gc,metaspace   ] GC(33471) Metaspace: 62376K(62592K)->62376K(62592K) NonClass: 53330K(53504K)->53330K(53504K) Class: 9046K(9088K)->9046K(9088K)
[15302.672s][info][gc             ] GC(33471) Pause Young (Allocation Failure) 695M->615M(697M) 3.082ms
[15302.672s][info][gc,cpu         ] GC(33471) User=0.01s Sys=0.00s Real=0.00s
[15303.161s][info][gc,start       ] GC(33472) Pause Young (Allocation Failure)
[15303.164s][info][gc,heap        ] GC(33472) PSYoungGen: 82848K(84480K)->864K(84992K) Eden: 81920K(81920K)->0K(82944K) From: 928K(2560K)->864K(2048K)
[15303.164s][info][gc,heap        ] GC(33472) ParOldGen: 629147K(629760K)->629195K(629760K)
[15303.164s][info][gc,metaspace   ] GC(33472) Metaspace: 62376K(62592K)->62376K(62592K) NonClass: 53330K(53504K)->53330K(53504K) Class: 9046K(9088K)->9046K(9088K)
[15303.164s][info][gc             ] GC(33472) Pause Young (Allocation Failure) 695M->615M(698M) 2.955ms
[15303.164s][info][gc,cpu         ] GC(33472) User=0.00s Sys=0.00s Real=0.00s
[15303.593s][info][gc,start       ] GC(33473) Pause Young (Allocation Failure)
[15303.596s][info][gc,heap        ] GC(33473) PSYoungGen: 83808K(84992K)->1344K(84992K) Eden: 82944K(82944K)->0K(82944K) From: 864K(2048K)->1344K(2048K)
[15303.596s][info][gc,heap        ] GC(33473) ParOldGen: 629195K(629760K)->629291K(629760K)
[15303.596s][info][gc,metaspace   ] GC(33473) Metaspace: 62376K(62592K)->62376K(62592K) NonClass: 53330K(53504K)->53330K(53504K) Class: 9046K(9088K)->9046K(9088K)
[15303.596s][info][gc             ] GC(33473) Pause Young (Allocation Failure) 696M->615M(698M) 3.387ms
[15303.596s][info][gc,cpu         ] GC(33473) User=0.00s Sys=0.00s Real=0.01s
[15304.027s][info][gc,start       ] GC(33474) Pause Young (Allocation Failure)
[15304.029s][info][gc,heap        ] GC(33474) PSYoungGen: 84288K(84992K)->256K(84992K) Eden: 82944K(82944K)->0K(82944K) From: 1344K(2048K)->256K(2048K)
[15304.029s][info][gc,heap        ] GC(33474) ParOldGen: 629291K(629760K)->629339K(629760K)
[15304.029s][info][gc,metaspace   ] GC(33474) Metaspace: 62376K(62592K)->62376K(62592K) NonClass: 53330K(53504K)->53330K(53504K) Class: 9046K(9088K)->9046K(9088K)
[15304.029s][info][gc             ] GC(33474) Pause Young (Allocation Failure) 696M->614M(698M) 2.558ms
[15304.029s][info][gc,cpu         ] GC(33474) User=0.00s Sys=0.00s Real=0.00s
[15304.378s][info][gc,start       ] GC(33475) Pause Young (Allocation Failure)
[15304.381s][info][gc,heap        ] GC(33475) PSYoungGen: 83200K(84992K)->1280K(84992K) Eden: 82944K(82944K)->0K(82944K) From: 256K(2048K)->1280K(2048K)
[15304.381s][info][gc,heap        ] GC(33475) ParOldGen: 629339K(629760K)->629395K(629760K)
[15304.381s][info][gc,metaspace   ] GC(33475) Metaspace: 62376K(62592K)->62376K(62592K) NonClass: 53330K(53504K)->53330K(53504K) Class: 9046K(9088K)->9046K(9088K)
[15304.381s][info][gc             ] GC(33475) Pause Young (Allocation Failure) 695M->615M(698M) 3.250ms
[15304.381s][info][gc,cpu         ] GC(33475) User=0.01s Sys=0.00s Real=0.00s
[15304.792s][info][gc,start       ] GC(33476) Pause Young (Allocation Failure)
[15304.796s][info][gc,heap        ] GC(33476) PSYoungGen: 84224K(84992K)->1280K(84992K) Eden: 82944K(82944K)->0K(82944K) From: 1280K(2048K)->1280K(2048K)
[15304.796s][info][gc,heap        ] GC(33476) ParOldGen: 629395K(629760K)->631499K(632832K)
[15304.796s][info][gc,metaspace   ] GC(33476) Metaspace: 62376K(62592K)->62376K(62592K) NonClass: 53330K(53504K)->53330K(53504K) Class: 9046K(9088K)->9046K(9088K)
[15304.796s][info][gc             ] GC(33476) Pause Young (Allocation Failure) 696M->617M(701M) 4.391ms
[15304.796s][info][gc,cpu         ] GC(33476) User=0.01s Sys=0.00s Real=0.01s
[15305.223s][info][gc,start       ] GC(33477) Pause Young (Allocation Failure)
[15305.226s][info][gc,heap        ] GC(33477) PSYoungGen: 84224K(84992K)->224K(83456K) Eden: 82944K(82944K)->0K(82944K) From: 1280K(2048K)->224K(512K)
[15305.226s][info][gc,heap        ] GC(33477) ParOldGen: 631499K(632832K)->631547K(632832K)
[15305.226s][info][gc,metaspace   ] GC(33477) Metaspace: 62376K(62592K)->62376K(62592K) NonClass: 53330K(53504K)->53330K(53504K) Class: 9046K(9088K)->9046K(9088K)
[15305.226s][info][gc             ] GC(33477) Pause Young (Allocation Failure) 698M->616M(699M) 2.473ms
[15305.226s][info][gc,cpu         ] GC(33477) User=0.00s Sys=0.00s Real=0.00s
[15305.646s][info][gc,start       ] GC(33478) Pause Young (Allocation Failure)
[15305.649s][info][gc,heap        ] GC(33478) PSYoungGen: 83168K(83456K)->640K(84992K) Eden: 82944K(82944K)->0K(82432K) From: 224K(512K)->640K(2560K)
[15305.649s][info][gc,heap        ] GC(33478) ParOldGen: 631547K(632832K)->631595K(632832K)
[15305.649s][info][gc,metaspace   ] GC(33478) Metaspace: 62376K(62592K)->62376K(62592K) NonClass: 53330K(53504K)->53330K(53504K) Class: 9046K(9088K)->9046K(9088K)
[15305.649s][info][gc             ] GC(33478) Pause Young (Allocation Failure) 697M->617M(701M) 2.697ms
[15305.649s][info][gc,cpu         ] GC(33478) User=0.01s Sys=0.00s Real=0.00s
[15306.023s][info][gc,start       ] GC(33479) Pause Young (Allocation Failure)
[15306.025s][info][gc,heap        ] GC(33479) PSYoungGen: 83072K(84992K)->224K(84480K) Eden: 82432K(82432K)->0K(82432K) From: 640K(2560K)->224K(2048K)
[15306.025s][info][gc,heap        ] GC(33479) ParOldGen: 631595K(632832K)->631643K(632832K)
[15306.025s][info][gc,metaspace   ] GC(33479) Metaspace: 62376K(62592K)->62376K(62592K) NonClass: 53330K(53504K)->53330K(53504K) Class: 9046K(9088K)->9046K(9088K)
[15306.025s][info][gc             ] GC(33479) Pause Young (Allocation Failure) 697M->617M(700M) 2.388ms
[15306.025s][info][gc,cpu         ] GC(33479) User=0.00s Sys=0.00s Real=0.00s
[15306.431s][info][gc,start       ] GC(33480) Pause Young (Allocation Failure)
[15306.433s][info][gc,heap        ] GC(33480) PSYoungGen: 82656K(84480K)->352K(84992K) Eden: 82432K(82432K)->0K(82944K) From: 224K(2048K)->352K(2048K)
[15306.433s][info][gc,heap        ] GC(33480) ParOldGen: 631643K(632832K)->631691K(632832K)
[15306.433s][info][gc,metaspace   ] GC(33480) Metaspace: 62376K(62592K)->62376K(62592K) NonClass: 53330K(53504K)->53330K(53504K) Class: 9046K(9088K)->9046K(9088K)
[15306.433s][info][gc             ] GC(33480) Pause Young (Allocation Failure) 697M->617M(701M) 2.530ms
[15306.433s][info][gc,cpu         ] GC(33480) User=0.01s Sys=0.00s Real=0.00s
[15306.860s][info][gc,start       ] GC(33481) Pause Young (Allocation Failure)
[15306.863s][info][gc,heap        ] GC(33481) PSYoungGen: 83296K(84992K)->768K(84992K) Eden: 82944K(82944K)->0K(82944K) From: 352K(2048K)->768K(2048K)
[15306.863s][info][gc,heap        ] GC(33481) ParOldGen: 631691K(632832K)->631739K(632832K)
[15306.863s][info][gc,metaspace   ] GC(33481) Metaspace: 62376K(62592K)->62376K(62592K) NonClass: 53330K(53504K)->53330K(53504K) Class: 9046K(9088K)->9046K(9088K)
[15306.863s][info][gc             ] GC(33481) Pause Young (Allocation Failure) 698M->617M(701M) 2.881ms
[15306.863s][info][gc,cpu         ] GC(33481) User=0.01s Sys=0.00s Real=0.00s
[15307.271s][info][gc,start       ] GC(33482) Pause Young (Allocation Failure)
[15307.274s][info][gc,heap        ] GC(33482) PSYoungGen: 83712K(84992K)->1024K(84992K) Eden: 82944K(82944K)->0K(82944K) From: 768K(2048K)->1024K(2048K)
[15307.274s][info][gc,heap        ] GC(33482) ParOldGen: 631739K(632832K)->631787K(632832K)
[15307.274s][info][gc,metaspace   ] GC(33482) Metaspace: 62376K(62592K)->62376K(62592K) NonClass: 53330K(53504K)->53330K(53504K) Class: 9046K(9088K)->9046K(9088K)
[15307.274s][info][gc             ] GC(33482) Pause Young (Allocation Failure) 698M->617M(701M) 3.147ms
[15307.274s][info][gc,cpu         ] GC(33482) User=0.01s Sys=0.00s Real=0.00s
[15307.663s][info][gc,start       ] GC(33483) Pause Young (Allocation Failure)
[15307.666s][info][gc,heap        ] GC(33483) PSYoungGen: 83968K(84992K)->896K(84992K) Eden: 82944K(82944K)->0K(82944K) From: 1024K(2048K)->896K(2048K)
[15307.666s][info][gc,heap        ] GC(33483) ParOldGen: 631787K(632832K)->631835K(632832K)
[15307.666s][info][gc,metaspace   ] GC(33483) Metaspace: 62376K(62592K)->62376K(62592K) NonClass: 53330K(53504K)->53330K(53504K) Class: 9046K(9088K)->9046K(9088K)
[15307.666s][info][gc             ] GC(33483) Pause Young (Allocation Failure) 698M->617M(701M) 2.970ms
[15307.666s][info][gc,cpu         ] GC(33483) User=0.00s Sys=0.00s Real=0.01s
[15308.073s][info][gc,start       ] GC(33484) Pause Young (Allocation Failure)
[15308.076s][info][gc,heap        ] GC(33484) PSYoungGen: 83840K(84992K)->1056K(84992K) Eden: 82944K(82944K)->0K(82944K) From: 896K(2048K)->1056K(2048K)
[15308.077s][info][gc,heap        ] GC(33484) ParOldGen: 631835K(632832K)->631883K(632832K)
[15308.077s][info][gc,metaspace   ] GC(33484) Metaspace: 62376K(62592K)->62376K(62592K) NonClass: 53330K(53504K)->53330K(53504K) Class: 9046K(9088K)->9046K(9088K)
[15308.077s][info][gc             ] GC(33484) Pause Young (Allocation Failure) 698M->618M(701M) 3.079ms
[15308.077s][info][gc,cpu         ] GC(33484) User=0.01s Sys=0.00s Real=0.01s
[15308.508s][info][gc,start       ] GC(33485) Pause Young (Allocation Failure)
[15308.512s][info][gc,heap        ] GC(33485) PSYoungGen: 84000K(84992K)->1408K(84992K) Eden: 82944K(82944K)->0K(82944K) From: 1056K(2048K)->1408K(2048K)
[15308.512s][info][gc,heap        ] GC(33485) ParOldGen: 631883K(632832K)->631931K(632832K)
[15308.512s][info][gc,metaspace   ] GC(33485) Metaspace: 62378K(62592K)->62378K(62592K) NonClass: 53332K(53504K)->53332K(53504K) Class: 9046K(9088K)->9046K(9088K)
[15308.512s][info][gc             ] GC(33485) Pause Young (Allocation Failure) 699M->618M(701M) 3.382ms
[15308.512s][info][gc,cpu         ] GC(33485) User=0.01s Sys=0.01s Real=0.00s
[15308.887s][info][gc,start       ] GC(33486) Pause Young (Allocation Failure)
[15308.891s][info][gc,heap        ] GC(33486) PSYoungGen: 84352K(84992K)->1280K(84992K) Eden: 82944K(82944K)->0K(82944K) From: 1408K(2048K)->1280K(2048K)
[15308.891s][info][gc,heap        ] GC(33486) ParOldGen: 631931K(632832K)->634027K(634368K)
[15308.891s][info][gc,metaspace   ] GC(33486) Metaspace: 62378K(62592K)->62378K(62592K) NonClass: 53332K(53504K)->53332K(53504K) Class: 9046K(9088K)->9046K(9088K)
[15308.891s][info][gc             ] GC(33486) Pause Young (Allocation Failure) 699M->620M(702M) 4.408ms
[15308.891s][info][gc,cpu         ] GC(33486) User=0.00s Sys=0.00s Real=0.00s
[15309.256s][info][gc,start       ] GC(33487) Pause Young (Allocation Failure)
[15309.259s][info][gc,heap        ] GC(33487) PSYoungGen: 84224K(84992K)->832K(84992K) Eden: 82944K(82944K)->0K(82944K) From: 1280K(2048K)->832K(2048K)
[15309.259s][info][gc,heap        ] GC(33487) ParOldGen: 634027K(634368K)->634075K(634368K)
[15309.259s][info][gc,metaspace   ] GC(33487) Metaspace: 62378K(62592K)->62378K(62592K) NonClass: 53332K(53504K)->53332K(53504K) Class: 9046K(9088K)->9046K(9088K)
[15309.259s][info][gc             ] GC(33487) Pause Young (Allocation Failure) 701M->620M(702M) 2.974ms
[15309.259s][info][gc,cpu         ] GC(33487) User=0.00s Sys=0.00s Real=0.00s
[15309.698s][info][gc,start       ] GC(33488) Pause Young (Allocation Failure)
[15309.702s][info][gc,heap        ] GC(33488) PSYoungGen: 83776K(84992K)->1488K(84992K) Eden: 82944K(82944K)->0K(82944K) From: 832K(2048K)->1488K(2048K)
[15309.702s][info][gc,heap        ] GC(33488) ParOldGen: 634075K(634368K)->634123K(634368K)
[15309.702s][info][gc,metaspace   ] GC(33488) Metaspace: 62378K(62592K)->62378K(62592K) NonClass: 53332K(53504K)->53332K(53504K) Class: 9046K(9088K)->9046K(9088K)
[15309.702s][info][gc             ] GC(33488) Pause Young (Allocation Failure) 701M->620M(702M) 3.716ms
[15309.702s][info][gc,cpu         ] GC(33488) User=0.00s Sys=0.00s Real=0.00s
[15310.140s][info][gc,start       ] GC(33489) Pause Young (Allocation Failure)
[15310.143s][info][gc,heap        ] GC(33489) PSYoungGen: 84432K(84992K)->512K(84992K) Eden: 82944K(82944K)->0K(82944K) From: 1488K(2048K)->512K(2048K)
[15310.143s][info][gc,heap        ] GC(33489) ParOldGen: 634123K(634368K)->634227K(634368K)
[15310.143s][info][gc,metaspace   ] GC(33489) Metaspace: 62378K(62592K)->62378K(62592K) NonClass: 53332K(53504K)->53332K(53504K) Class: 9046K(9088K)->9046K(9088K)
[15310.143s][info][gc             ] GC(33489) Pause Young (Allocation Failure) 701M->619M(702M) 2.663ms
[15310.143s][info][gc,cpu         ] GC(33489) User=0.01s Sys=0.00s Real=0.00s
[15310.552s][info][gc,start       ] GC(33490) Pause Young (Allocation Failure)
[15310.555s][info][gc,heap        ] GC(33490) PSYoungGen: 83456K(84992K)->704K(84992K) Eden: 82944K(82944K)->0K(82944K) From: 512K(2048K)->704K(2048K)
[15310.555s][info][gc,heap        ] GC(33490) ParOldGen: 634227K(634368K)->634275K(634368K)
[15310.555s][info][gc,metaspace   ] GC(33490) Metaspace: 62378K(62592K)->62378K(62592K) NonClass: 53332K(53504K)->53332K(53504K) Class: 9046K(9088K)->9046K(9088K)
[15310.555s][info][gc             ] GC(33490) Pause Young (Allocation Failure) 700M->620M(702M) 2.880ms
[15310.555s][info][gc,cpu         ] GC(33490) User=0.00s Sys=0.00s Real=0.00s
[15310.949s][info][gc,start       ] GC(33491) Pause Young (Allocation Failure)
[15310.952s][info][gc,heap        ] GC(33491) PSYoungGen: 83648K(84992K)->640K(84992K) Eden: 82944K(82944K)->0K(82944K) From: 704K(2048K)->640K(2048K)
[15310.952s][info][gc,heap        ] GC(33491) ParOldGen: 634275K(634368K)->634323K(634368K)
[15310.952s][info][gc,metaspace   ] GC(33491) Metaspace: 62378K(62592K)->62378K(62592K) NonClass: 53332K(53504K)->53332K(53504K) Class: 9046K(9088K)->9046K(9088K)
[15310.952s][info][gc             ] GC(33491) Pause Young (Allocation Failure) 701M->620M(702M) 2.881ms
[15310.952s][info][gc,cpu         ] GC(33491) User=0.01s Sys=0.00s Real=0.00s
[15311.341s][info][gc,start       ] GC(33492) Pause Young (Allocation Failure)
[15311.344s][info][gc,heap        ] GC(33492) PSYoungGen: 83584K(84992K)->512K(84992K) Eden: 82944K(82944K)->0K(82944K) From: 640K(2048K)->512K(2048K)
[15311.344s][info][gc,heap        ] GC(33492) ParOldGen: 634323K(634368K)->634371K(634880K)
[15311.344s][info][gc,metaspace   ] GC(33492) Metaspace: 62378K(62592K)->62378K(62592K) NonClass: 53332K(53504K)->53332K(53504K) Class: 9046K(9088K)->9046K(9088K)
[15311.344s][info][gc             ] GC(33492) Pause Young (Allocation Failure) 701M->620M(703M) 2.689ms
[15311.344s][info][gc,cpu         ] GC(33492) User=0.01s Sys=0.00s Real=0.00s
[15311.749s][info][gc,start       ] GC(33493) Pause Young (Allocation Failure)
[15311.752s][info][gc,heap        ] GC(33493) PSYoungGen: 83456K(84992K)->608K(84992K) Eden: 82944K(82944K)->0K(82944K) From: 512K(2048K)->608K(2048K)
[15311.752s][info][gc,heap        ] GC(33493) ParOldGen: 634371K(634880K)->634419K(634880K)
[15311.752s][info][gc,metaspace   ] GC(33493) Metaspace: 62382K(62592K)->62382K(62592K) NonClass: 53335K(53504K)->53335K(53504K) Class: 9046K(9088K)->9046K(9088K)
[15311.752s][info][gc             ] GC(33493) Pause Young (Allocation Failure) 701M->620M(703M) 2.768ms
[15311.752s][info][gc,cpu         ] GC(33493) User=0.00s Sys=0.00s Real=0.00s
[15312.192s][info][gc,start       ] GC(33494) Pause Young (Allocation Failure)
[15312.196s][info][gc,heap        ] GC(33494) PSYoungGen: 83552K(84992K)->1248K(84992K) Eden: 82944K(82944K)->0K(82944K) From: 608K(2048K)->1248K(2048K)
[15312.196s][info][gc,heap        ] GC(33494) ParOldGen: 634419K(634880K)->634467K(634880K)
[15312.196s][info][gc,metaspace   ] GC(33494) Metaspace: 62382K(62592K)->62382K(62592K) NonClass: 53335K(53504K)->53335K(53504K) Class: 9046K(9088K)->9046K(9088K)
[15312.196s][info][gc             ] GC(33494) Pause Young (Allocation Failure) 701M->620M(703M) 3.324ms
[15312.196s][info][gc,cpu         ] GC(33494) User=0.01s Sys=0.00s Real=0.00s
[15312.648s][info][gc,start       ] GC(33495) Pause Young (Allocation Failure)
[15312.651s][info][gc,heap        ] GC(33495) PSYoungGen: 84192K(84992K)->640K(84992K) Eden: 82944K(82944K)->0K(82944K) From: 1248K(2048K)->640K(2048K)
[15312.651s][info][gc,heap        ] GC(33495) ParOldGen: 634467K(634880K)->634515K(634880K)
[15312.651s][info][gc,metaspace   ] GC(33495) Metaspace: 62382K(62592K)->62382K(62592K) NonClass: 53335K(53504K)->53335K(53504K) Class: 9046K(9088K)->9046K(9088K)
[15312.651s][info][gc             ] GC(33495) Pause Young (Allocation Failure) 701M->620M(703M) 2.803ms
[15312.651s][info][gc,cpu         ] GC(33495) User=0.00s Sys=0.00s Real=0.00s
[15313.037s][info][gc,start       ] GC(33496) Pause Young (Allocation Failure)
[15313.040s][info][gc,heap        ] GC(33496) PSYoungGen: 83584K(84992K)->1440K(84992K) Eden: 82944K(82944K)->0K(82944K) From: 640K(2048K)->1440K(2048K)
[15313.040s][info][gc,heap        ] GC(33496) ParOldGen: 634515K(634880K)->635595K(636416K)
[15313.040s][info][gc,metaspace   ] GC(33496) Metaspace: 62382K(62592K)->62382K(62592K) NonClass: 53335K(53504K)->53335K(53504K) Class: 9046K(9088K)->9046K(9088K)
[15313.040s][info][gc             ] GC(33496) Pause Young (Allocation Failure) 701M->622M(704M) 3.585ms
[15313.040s][info][gc,cpu         ] GC(33496) User=0.01s Sys=0.00s Real=0.00s
[15313.463s][info][gc,start       ] GC(33497) Pause Young (Allocation Failure)
[15313.466s][info][gc,heap        ] GC(33497) PSYoungGen: 84384K(84992K)->832K(84992K) Eden: 82944K(82944K)->0K(82944K) From: 1440K(2048K)->832K(2048K)
[15313.466s][info][gc,heap        ] GC(33497) ParOldGen: 635595K(636416K)->636667K(637952K)
[15313.466s][info][gc,metaspace   ] GC(33497) Metaspace: 62382K(62592K)->62382K(62592K) NonClass: 53335K(53504K)->53335K(53504K) Class: 9046K(9088K)->9046K(9088K)
[15313.466s][info][gc             ] GC(33497) Pause Young (Allocation Failure) 703M->622M(706M) 3.479ms
[15313.466s][info][gc,cpu         ] GC(33497) User=0.01s Sys=0.00s Real=0.01s
[15313.877s][info][gc,start       ] GC(33498) Pause Young (Allocation Failure)
[15313.880s][info][gc,heap        ] GC(33498) PSYoungGen: 83776K(84992K)->1056K(84992K) Eden: 82944K(82944K)->0K(82944K) From: 832K(2048K)->1056K(2048K)
[15313.880s][info][gc,heap        ] GC(33498) ParOldGen: 636667K(637952K)->636715K(637952K)
[15313.880s][info][gc,metaspace   ] GC(33498) Metaspace: 62382K(62592K)->62382K(62592K) NonClass: 53335K(53504K)->53335K(53504K) Class: 9046K(9088K)->9046K(9088K)
[15313.880s][info][gc             ] GC(33498) Pause Young (Allocation Failure) 703M->622M(706M) 3.300ms
[15313.880s][info][gc,cpu         ] GC(33498) User=0.00s Sys=0.00s Real=0.00s
[15314.307s][info][gc,start       ] GC(33499) Pause Young (Allocation Failure)
[15314.310s][info][gc,heap        ] GC(33499) PSYoungGen: 84000K(84992K)->1600K(84992K) Eden: 82944K(82944K)->0K(82944K) From: 1056K(2048K)->1600K(2048K)
[15314.310s][info][gc,heap        ] GC(33499) ParOldGen: 636715K(637952K)->636763K(637952K)
[15314.310s][info][gc,metaspace   ] GC(33499) Metaspace: 62382K(62592K)->62382K(62592K) NonClass: 53335K(53504K)->53335K(53504K) Class: 9046K(9088K)->9046K(9088K)
[15314.310s][info][gc             ] GC(33499) Pause Young (Allocation Failure) 703M->623M(706M) 3.870ms
[15314.310s][info][gc,cpu         ] GC(33499) User=0.01s Sys=0.00s Real=0.00s
[15314.708s][info][gc,start       ] GC(33500) Pause Young (Allocation Failure)
[15314.712s][info][gc,heap        ] GC(33500) PSYoungGen: 84544K(84992K)->1600K(83968K) Eden: 82944K(82944K)->0K(81920K) From: 1600K(2048K)->1600K(2048K)
[15314.712s][info][gc,heap        ] GC(33500) ParOldGen: 636763K(637952K)->636811K(637952K)
[15314.712s][info][gc,metaspace   ] GC(33500) Metaspace: 62382K(62592K)->62382K(62592K) NonClass: 53335K(53504K)->53335K(53504K) Class: 9046K(9088K)->9046K(9088K)
[15314.712s][info][gc             ] GC(33500) Pause Young (Allocation Failure) 704M->623M(705M) 3.923ms
[15314.712s][info][gc,cpu         ] GC(33500) User=0.01s Sys=0.00s Real=0.00s
[15315.098s][info][gc,start       ] GC(33501) Pause Young (Allocation Failure)
[15315.102s][info][gc,heap        ] GC(33501) PSYoungGen: 83520K(83968K)->1472K(84480K) Eden: 81920K(81920K)->0K(81920K) From: 1600K(2048K)->1472K(2560K)
[15315.102s][info][gc,heap        ] GC(33501) ParOldGen: 636811K(637952K)->636859K(637952K)
[15315.102s][info][gc,metaspace   ] GC(33501) Metaspace: 62382K(62592K)->62382K(62592K) NonClass: 53335K(53504K)->53335K(53504K) Class: 9046K(9088K)->9046K(9088K)
[15315.102s][info][gc             ] GC(33501) Pause Young (Allocation Failure) 703M->623M(705M) 3.653ms
[15315.102s][info][gc,cpu         ] GC(33501) User=0.00s Sys=0.00s Real=0.00s
[15315.532s][info][gc,start       ] GC(33502) Pause Young (Allocation Failure)
[15315.535s][info][gc,heap        ] GC(33502) PSYoungGen: 83392K(84480K)->352K(84480K) Eden: 81920K(81920K)->0K(81920K) From: 1472K(2560K)->352K(2560K)
[15315.535s][info][gc,heap        ] GC(33502) ParOldGen: 636859K(637952K)->636907K(637952K)
[15315.535s][info][gc,metaspace   ] GC(33502) Metaspace: 62382K(62592K)->62382K(62592K) NonClass: 53335K(53504K)->53335K(53504K) Class: 9046K(9088K)->9046K(9088K)
[15315.535s][info][gc             ] GC(33502) Pause Young (Allocation Failure) 703M->622M(705M) 2.581ms
[15315.535s][info][gc,cpu         ] GC(33502) User=0.00s Sys=0.00s Real=0.00s
[15315.973s][info][gc,start       ] GC(33503) Pause Young (Allocation Failure)
[15315.976s][info][gc,heap        ] GC(33503) PSYoungGen: 82272K(84480K)->960K(84480K) Eden: 81920K(81920K)->0K(81920K) From: 352K(2560K)->960K(2560K)
[15315.976s][info][gc,heap        ] GC(33503) ParOldGen: 636907K(637952K)->636955K(637952K)
[15315.976s][info][gc,metaspace   ] GC(33503) Metaspace: 62382K(62592K)->62382K(62592K) NonClass: 53335K(53504K)->53335K(53504K) Class: 9046K(9088K)->9046K(9088K)
[15315.976s][info][gc             ] GC(33503) Pause Young (Allocation Failure) 702M->622M(705M) 3.049ms
[15315.976s][info][gc,cpu         ] GC(33503) User=0.00s Sys=0.00s Real=0.00s
[15316.410s][info][gc,start       ] GC(33504) Pause Young (Allocation Failure)
[15316.413s][info][gc,heap        ] GC(33504) PSYoungGen: 82879K(84480K)->1472K(83968K) Eden: 81919K(81920K)->0K(81920K) From: 960K(2560K)->1472K(2048K)
[15316.413s][info][gc,heap        ] GC(33504) ParOldGen: 636955K(637952K)->637003K(637952K)
[15316.413s][info][gc,metaspace   ] GC(33504) Metaspace: 62382K(62592K)->62382K(62592K) NonClass: 53335K(53504K)->53335K(53504K) Class: 9046K(9088K)->9046K(9088K)
[15316.413s][info][gc             ] GC(33504) Pause Young (Allocation Failure) 702M->623M(705M) 3.519ms
[15316.413s][info][gc,cpu         ] GC(33504) User=0.01s Sys=0.00s Real=0.00s
[15316.857s][info][gc,start       ] GC(33505) Pause Young (Allocation Failure)
[15316.860s][info][gc,heap        ] GC(33505) PSYoungGen: 83392K(83968K)->800K(84480K) Eden: 81920K(81920K)->0K(81920K) From: 1472K(2048K)->800K(2560K)
[15316.860s][info][gc,heap        ] GC(33505) ParOldGen: 637003K(637952K)->637059K(637952K)
[15316.860s][info][gc,metaspace   ] GC(33505) Metaspace: 62382K(62592K)->62382K(62592K) NonClass: 53335K(53504K)->53335K(53504K) Class: 9046K(9088K)->9046K(9088K)
[15316.860s][info][gc             ] GC(33505) Pause Young (Allocation Failure) 703M->622M(705M) 3.120ms
[15316.860s][info][gc,cpu         ] GC(33505) User=0.01s Sys=0.00s Real=0.00s
[15317.281s][info][gc,start       ] GC(33506) Pause Young (Allocation Failure)
[15317.285s][info][gc,heap        ] GC(33506) PSYoungGen: 82720K(84480K)->992K(84992K) Eden: 81920K(81920K)->0K(82944K) From: 800K(2560K)->992K(2048K)
[15317.285s][info][gc,heap        ] GC(33506) ParOldGen: 637059K(637952K)->637163K(637952K)
[15317.285s][info][gc,metaspace   ] GC(33506) Metaspace: 62382K(62592K)->62382K(62592K) NonClass: 53335K(53504K)->53335K(53504K) Class: 9046K(9088K)->9046K(9088K)
[15317.285s][info][gc             ] GC(33506) Pause Young (Allocation Failure) 702M->623M(706M) 3.158ms
[15317.285s][info][gc,cpu         ] GC(33506) User=0.01s Sys=0.00s Real=0.00s
[15317.707s][info][gc,start       ] GC(33507) Pause Young (Allocation Failure)
[15317.710s][info][gc,heap        ] GC(33507) PSYoungGen: 83936K(84992K)->1632K(84992K) Eden: 82944K(82944K)->0K(82944K) From: 992K(2048K)->1632K(2048K)
[15317.710s][info][gc,heap        ] GC(33507) ParOldGen: 637163K(637952K)->637211K(637952K)
[15317.710s][info][gc,metaspace   ] GC(33507) Metaspace: 62382K(62592K)->62382K(62592K) NonClass: 53335K(53504K)->53335K(53504K) Class: 9046K(9088K)->9046K(9088K)
[15317.710s][info][gc             ] GC(33507) Pause Young (Allocation Failure) 704M->623M(706M) 3.643ms
[15317.710s][info][gc,cpu         ] GC(33507) User=0.01s Sys=0.00s Real=0.00s
[15318.138s][info][gc,start       ] GC(33508) Pause Young (Allocation Failure)
[15318.141s][info][gc,heap        ] GC(33508) PSYoungGen: 84576K(84992K)->480K(83968K) Eden: 82944K(82944K)->0K(81920K) From: 1632K(2048K)->480K(2048K)
[15318.141s][info][gc,heap        ] GC(33508) ParOldGen: 637211K(637952K)->637267K(637952K)
[15318.141s][info][gc,metaspace   ] GC(33508) Metaspace: 62382K(62592K)->62382K(62592K) NonClass: 53335K(53504K)->53335K(53504K) Class: 9046K(9088K)->9046K(9088K)
[15318.141s][info][gc             ] GC(33508) Pause Young (Allocation Failure) 704M->622M(705M) 2.721ms
[15318.141s][info][gc,cpu         ] GC(33508) User=0.00s Sys=0.00s Real=0.00s
[15318.561s][info][gc,start       ] GC(33509) Pause Young (Allocation Failure)
[15318.564s][info][gc,heap        ] GC(33509) PSYoungGen: 82400K(83968K)->864K(84480K) Eden: 81920K(81920K)->0K(81920K) From: 480K(2048K)->864K(2560K)
[15318.564s][info][gc,heap        ] GC(33509) ParOldGen: 637267K(637952K)->637323K(637952K)
[15318.564s][info][gc,metaspace   ] GC(33509) Metaspace: 62382K(62592K)->62382K(62592K) NonClass: 53335K(53504K)->53335K(53504K) Class: 9046K(9088K)->9046K(9088K)
[15318.564s][info][gc             ] GC(33509) Pause Young (Allocation Failure) 702M->623M(705M) 3.008ms
[15318.564s][info][gc,cpu         ] GC(33509) User=0.01s Sys=0.00s Real=0.00s
[15318.967s][info][gc,start       ] GC(33510) Pause Young (Allocation Failure)
[15318.970s][info][gc,heap        ] GC(33510) PSYoungGen: 82784K(84480K)->864K(84992K) Eden: 81920K(81920K)->0K(82944K) From: 864K(2560K)->864K(2048K)
[15318.970s][info][gc,heap        ] GC(33510) ParOldGen: 637323K(637952K)->637379K(637952K)
[15318.970s][info][gc,metaspace   ] GC(33510) Metaspace: 62382K(62592K)->62382K(62592K) NonClass: 53335K(53504K)->53335K(53504K) Class: 9046K(9088K)->9046K(9088K)
[15318.970s][info][gc             ] GC(33510) Pause Young (Allocation Failure) 703M->623M(706M) 3.005ms
[15318.970s][info][gc,cpu         ] GC(33510) User=0.01s Sys=0.00s Real=0.00s
[15319.414s][info][gc,start       ] GC(33511) Pause Young (Allocation Failure)
[15319.417s][info][gc,heap        ] GC(33511) PSYoungGen: 83808K(84992K)->1536K(84992K) Eden: 82944K(82944K)->0K(82944K) From: 864K(2048K)->1536K(2048K)
[15319.417s][info][gc,heap        ] GC(33511) ParOldGen: 637379K(637952K)->637427K(637952K)
[15319.417s][info][gc,metaspace   ] GC(33511) Metaspace: 62382K(62592K)->62382K(62592K) NonClass: 53335K(53504K)->53335K(53504K) Class: 9046K(9088K)->9046K(9088K)
[15319.417s][info][gc             ] GC(33511) Pause Young (Allocation Failure) 704M->623M(706M) 3.569ms
[15319.417s][info][gc,cpu         ] GC(33511) User=0.00s Sys=0.01s Real=0.01s
[15319.933s][info][gc,start       ] GC(33512) Pause Young (Allocation Failure)
[15319.935s][info][gc,heap        ] GC(33512) PSYoungGen: 84480K(84992K)->320K(83968K) Eden: 82944K(82944K)->0K(81920K) From: 1536K(2048K)->320K(2048K)
[15319.935s][info][gc,heap        ] GC(33512) ParOldGen: 637427K(637952K)->637475K(637952K)
[15319.935s][info][gc,metaspace   ] GC(33512) Metaspace: 62382K(62592K)->62382K(62592K) NonClass: 53335K(53504K)->53335K(53504K) Class: 9046K(9088K)->9046K(9088K)
[15319.935s][info][gc             ] GC(33512) Pause Young (Allocation Failure) 704M->622M(705M) 2.584ms
[15319.935s][info][gc,cpu         ] GC(33512) User=0.00s Sys=0.00s Real=0.00s
[15320.399s][info][gc,start       ] GC(33513) Pause Young (Allocation Failure)
[15320.403s][info][gc,heap        ] GC(33513) PSYoungGen: 82240K(83968K)->1344K(84480K) Eden: 81920K(81920K)->0K(81920K) From: 320K(2048K)->1344K(2560K)
[15320.403s][info][gc,heap        ] GC(33513) ParOldGen: 637475K(637952K)->637523K(637952K)
[15320.403s][info][gc,metaspace   ] GC(33513) Metaspace: 62382K(62592K)->62382K(62592K) NonClass: 53335K(53504K)->53335K(53504K) Class: 9046K(9088K)->9046K(9088K)
[15320.403s][info][gc             ] GC(33513) Pause Young (Allocation Failure) 702M->623M(705M) 3.708ms
[15320.403s][info][gc,cpu         ] GC(33513) User=0.00s Sys=0.00s Real=0.00s
[15320.855s][info][gc,start       ] GC(33514) Pause Young (Allocation Failure)
[15320.858s][info][gc,heap        ] GC(33514) PSYoungGen: 83264K(84480K)->640K(84992K) Eden: 81920K(81920K)->0K(82432K) From: 1344K(2560K)->640K(2560K)
[15320.858s][info][gc,heap        ] GC(33514) ParOldGen: 637523K(637952K)->637579K(637952K)
[15320.858s][info][gc,metaspace   ] GC(33514) Metaspace: 62382K(62592K)->62382K(62592K) NonClass: 53335K(53504K)->53335K(53504K) Class: 9046K(9088K)->9046K(9088K)
[15320.858s][info][gc             ] GC(33514) Pause Young (Allocation Failure) 703M->623M(706M) 3.063ms
[15320.859s][info][gc,cpu         ] GC(33514) User=0.01s Sys=0.00s Real=0.01s
[15321.312s][info][gc,start       ] GC(33515) Pause Young (Allocation Failure)
[15321.315s][info][gc,heap        ] GC(33515) PSYoungGen: 83072K(84992K)->1536K(84480K) Eden: 82432K(82432K)->0K(82432K) From: 640K(2560K)->1536K(2048K)
[15321.315s][info][gc,heap        ] GC(33515) ParOldGen: 637579K(637952K)->637635K(637952K)
[15321.315s][info][gc,metaspace   ] GC(33515) Metaspace: 62382K(62592K)->62382K(62592K) NonClass: 53335K(53504K)->53335K(53504K) Class: 9046K(9088K)->9046K(9088K)
[15321.315s][info][gc             ] GC(33515) Pause Young (Allocation Failure) 703M->624M(705M) 3.820ms
[15321.315s][info][gc,cpu         ] GC(33515) User=0.01s Sys=0.00s Real=0.00s
[15321.798s][info][gc,start       ] GC(33516) Pause Young (Allocation Failure)
[15321.801s][info][gc,heap        ] GC(33516) PSYoungGen: 83967K(84480K)->1184K(84480K) Eden: 82431K(82432K)->0K(81920K) From: 1536K(2048K)->1184K(2560K)
[15321.801s][info][gc,heap        ] GC(33516) ParOldGen: 637635K(637952K)->637691K(637952K)
[15321.801s][info][gc,metaspace   ] GC(33516) Metaspace: 62382K(62592K)->62382K(62592K) NonClass: 53335K(53504K)->53335K(53504K) Class: 9046K(9088K)->9046K(9088K)
[15321.801s][info][gc             ] GC(33516) Pause Young (Allocation Failure) 704M->623M(705M) 3.352ms
[15321.801s][info][gc,cpu         ] GC(33516) User=0.01s Sys=0.00s Real=0.00s
[15322.232s][info][gc,start       ] GC(33517) Pause Young (Allocation Failure)
[15322.235s][info][gc,heap        ] GC(33517) PSYoungGen: 83104K(84480K)->2432K(84480K) Eden: 81920K(81920K)->0K(81920K) From: 1184K(2560K)->2432K(2560K)
[15322.235s][info][gc,heap        ] GC(33517) ParOldGen: 637691K(637952K)->637739K(637952K)
[15322.235s][info][gc,metaspace   ] GC(33517) Metaspace: 62382K(62592K)->62382K(62592K) NonClass: 53335K(53504K)->53335K(53504K) Class: 9046K(9088K)->9046K(9088K)
[15322.235s][info][gc             ] GC(33517) Pause Young (Allocation Failure) 703M->625M(705M) 2.888ms
[15322.235s][info][gc,cpu         ] GC(33517) User=0.01s Sys=0.01s Real=0.00s
[15322.668s][info][gc,start       ] GC(33518) Pause Young (Allocation Failure)
[15322.672s][info][gc,heap        ] GC(33518) PSYoungGen: 83970K(84480K)->896K(84480K) Eden: 81538K(81920K)->0K(81920K) From: 2432K(2560K)->896K(2560K)
[15322.672s][info][gc,heap        ] GC(33518) ParOldGen: 637739K(637952K)->639843K(641024K)
[15322.672s][info][gc,metaspace   ] GC(33518) Metaspace: 62382K(62592K)->62382K(62592K) NonClass: 53335K(53504K)->53335K(53504K) Class: 9046K(9088K)->9046K(9088K)
[15322.672s][info][gc             ] GC(33518) Pause Young (Allocation Failure) 704M->625M(708M) 4.077ms
[15322.672s][info][gc,cpu         ] GC(33518) User=0.01s Sys=0.00s Real=0.00s
[15323.063s][info][gc,start       ] GC(33519) Pause Young (Allocation Failure)
[15323.066s][info][gc,heap        ] GC(33519) PSYoungGen: 82816K(84480K)->896K(84480K) Eden: 81920K(81920K)->0K(81920K) From: 896K(2560K)->896K(2560K)
[15323.066s][info][gc,heap        ] GC(33519) ParOldGen: 639843K(641024K)->639891K(641024K)
[15323.066s][info][gc,metaspace   ] GC(33519) Metaspace: 62382K(62592K)->62382K(62592K) NonClass: 53335K(53504K)->53335K(53504K) Class: 9046K(9088K)->9046K(9088K)
[15323.066s][info][gc             ] GC(33519) Pause Young (Allocation Failure) 705M->625M(708M) 3.047ms
[15323.066s][info][gc,cpu         ] GC(33519) User=0.01s Sys=0.00s Real=0.00s
[15323.493s][info][gc,start       ] GC(33520) Pause Young (Allocation Failure)
[15323.496s][info][gc,heap        ] GC(33520) PSYoungGen: 82816K(84480K)->1216K(84480K) Eden: 81920K(81920K)->0K(81920K) From: 896K(2560K)->1216K(2560K)
[15323.496s][info][gc,heap        ] GC(33520) ParOldGen: 639891K(641024K)->639939K(641024K)
[15323.496s][info][gc,metaspace   ] GC(33520) Metaspace: 62382K(62592K)->62382K(62592K) NonClass: 53335K(53504K)->53335K(53504K) Class: 9046K(9088K)->9046K(9088K)
[15323.496s][info][gc             ] GC(33520) Pause Young (Allocation Failure) 705M->626M(708M) 3.280ms
[15323.496s][info][gc,cpu         ] GC(33520) User=0.01s Sys=0.00s Real=0.01s
[15323.961s][info][gc,start       ] GC(33521) Pause Young (Allocation Failure)
[15323.964s][info][gc,heap        ] GC(33521) PSYoungGen: 83136K(84480K)->880K(84480K) Eden: 81920K(81920K)->0K(81920K) From: 1216K(2560K)->880K(2560K)
[15323.964s][info][gc,heap        ] GC(33521) ParOldGen: 639939K(641024K)->639995K(641024K)
[15323.964s][info][gc,metaspace   ] GC(33521) Metaspace: 62382K(62592K)->62382K(62592K) NonClass: 53335K(53504K)->53335K(53504K) Class: 9046K(9088K)->9046K(9088K)
[15323.964s][info][gc             ] GC(33521) Pause Young (Allocation Failure) 706M->625M(708M) 2.984ms
[15323.964s][info][gc,cpu         ] GC(33521) User=0.00s Sys=0.00s Real=0.00s
[15324.398s][info][gc,start       ] GC(33522) Pause Young (Allocation Failure)
[15324.401s][info][gc,heap        ] GC(33522) PSYoungGen: 82800K(84480K)->1408K(84480K) Eden: 81920K(81920K)->0K(81920K) From: 880K(2560K)->1408K(2560K)
[15324.401s][info][gc,heap        ] GC(33522) ParOldGen: 639995K(641024K)->640099K(641024K)
[15324.401s][info][gc,metaspace   ] GC(33522) Metaspace: 62382K(62592K)->62382K(62592K) NonClass: 53335K(53504K)->53335K(53504K) Class: 9046K(9088K)->9046K(9088K)
[15324.401s][info][gc             ] GC(33522) Pause Young (Allocation Failure) 705M->626M(708M) 3.555ms
[15324.401s][info][gc,cpu         ] GC(33522) User=0.01s Sys=0.00s Real=0.00s
[15324.836s][info][gc,start       ] GC(33523) Pause Young (Allocation Failure)
[15324.839s][info][gc,heap        ] GC(33523) PSYoungGen: 83328K(84480K)->448K(84480K) Eden: 81920K(81920K)->0K(81920K) From: 1408K(2560K)->448K(2560K)
[15324.839s][info][gc,heap        ] GC(33523) ParOldGen: 640099K(641024K)->640147K(641024K)
[15324.839s][info][gc,metaspace   ] GC(33523) Metaspace: 62382K(62592K)->62382K(62592K) NonClass: 53335K(53504K)->53335K(53504K) Class: 9046K(9088K)->9046K(9088K)
[15324.839s][info][gc             ] GC(33523) Pause Young (Allocation Failure) 706M->625M(708M) 2.580ms
[15324.839s][info][gc,cpu         ] GC(33523) User=0.01s Sys=0.00s Real=0.00s
[15325.238s][info][gc,start       ] GC(33524) Pause Young (Allocation Failure)
[15325.241s][info][gc,heap        ] GC(33524) PSYoungGen: 82368K(84480K)->448K(84480K) Eden: 81920K(81920K)->0K(81920K) From: 448K(2560K)->448K(2560K)
[15325.241s][info][gc,heap        ] GC(33524) ParOldGen: 640147K(641024K)->640195K(641024K)
[15325.241s][info][gc,metaspace   ] GC(33524) Metaspace: 62382K(62592K)->62382K(62592K) NonClass: 53335K(53504K)->53335K(53504K) Class: 9046K(9088K)->9046K(9088K)
[15325.241s][info][gc             ] GC(33524) Pause Young (Allocation Failure) 705M->625M(708M) 2.657ms
[15325.241s][info][gc,cpu         ] GC(33524) User=0.00s Sys=0.00s Real=0.00s
[15325.652s][info][gc,start       ] GC(33525) Pause Young (Allocation Failure)
[15325.655s][info][gc,heap        ] GC(33525) PSYoungGen: 82368K(84480K)->608K(84480K) Eden: 81920K(81920K)->0K(81920K) From: 448K(2560K)->608K(2560K)
[15325.655s][info][gc,heap        ] GC(33525) ParOldGen: 640195K(641024K)->640243K(641024K)
[15325.655s][info][gc,metaspace   ] GC(33525) Metaspace: 62382K(62592K)->62382K(62592K) NonClass: 53335K(53504K)->53335K(53504K) Class: 9046K(9088K)->9046K(9088K)
[15325.655s][info][gc             ] GC(33525) Pause Young (Allocation Failure) 705M->625M(708M) 2.737ms
[15325.655s][info][gc,cpu         ] GC(33525) User=0.00s Sys=0.00s Real=0.00s
[15326.062s][info][gc,start       ] GC(33526) Pause Young (Allocation Failure)
[15326.065s][info][gc,heap        ] GC(33526) PSYoungGen: 82528K(84480K)->832K(84992K) Eden: 81920K(81920K)->0K(82432K) From: 608K(2560K)->832K(2560K)
[15326.065s][info][gc,heap        ] GC(33526) ParOldGen: 640243K(641024K)->640299K(641024K)
[15326.065s][info][gc,metaspace   ] GC(33526) Metaspace: 62382K(62592K)->62382K(62592K) NonClass: 53335K(53504K)->53335K(53504K) Class: 9046K(9088K)->9046K(9088K)
[15326.065s][info][gc             ] GC(33526) Pause Young (Allocation Failure) 705M->626M(709M) 2.967ms
[15326.065s][info][gc,cpu         ] GC(33526) User=0.00s Sys=0.00s Real=0.00s
[15326.446s][info][gc,start       ] GC(33527) Pause Young (Allocation Failure)
[15326.449s][info][gc,heap        ] GC(33527) PSYoungGen: 83264K(84992K)->512K(84480K) Eden: 82432K(82432K)->0K(82432K) From: 832K(2560K)->512K(2048K)
[15326.449s][info][gc,heap        ] GC(33527) ParOldGen: 640299K(641024K)->640347K(641024K)
[15326.449s][info][gc,metaspace   ] GC(33527) Metaspace: 62382K(62592K)->62382K(62592K) NonClass: 53335K(53504K)->53335K(53504K) Class: 9046K(9088K)->9046K(9088K)
[15326.449s][info][gc             ] GC(33527) Pause Young (Allocation Failure) 706M->625M(708M) 2.681ms
[15326.449s][info][gc,cpu         ] GC(33527) User=0.01s Sys=0.00s Real=0.00s
[15326.864s][info][gc,start       ] GC(33528) Pause Young (Allocation Failure)
[15326.867s][info][gc,heap        ] GC(33528) PSYoungGen: 82944K(84480K)->1824K(83968K) Eden: 82432K(82432K)->0K(81920K) From: 512K(2048K)->1824K(2048K)
[15326.867s][info][gc,heap        ] GC(33528) ParOldGen: 640347K(641024K)->640395K(641024K)
[15326.867s][info][gc,metaspace   ] GC(33528) Metaspace: 62382K(62592K)->62382K(62592K) NonClass: 53335K(53504K)->53335K(53504K) Class: 9046K(9088K)->9046K(9088K)
[15326.867s][info][gc             ] GC(33528) Pause Young (Allocation Failure) 706M->627M(708M) 3.116ms
[15326.867s][info][gc,cpu         ] GC(33528) User=0.01s Sys=0.00s Real=0.01s
[15327.321s][info][gc,start       ] GC(33529) Pause Young (Allocation Failure)
[15327.325s][info][gc,heap        ] GC(33529) PSYoungGen: 83744K(83968K)->1504K(84480K) Eden: 81920K(81920K)->0K(81920K) From: 1824K(2048K)->1504K(2560K)
[15327.325s][info][gc,heap        ] GC(33529) ParOldGen: 640395K(641024K)->642491K(642560K)
[15327.325s][info][gc,metaspace   ] GC(33529) Metaspace: 62382K(62592K)->62382K(62592K) NonClass: 53335K(53504K)->53335K(53504K) Class: 9046K(9088K)->9046K(9088K)
[15327.325s][info][gc             ] GC(33529) Pause Young (Allocation Failure) 707M->628M(710M) 4.477ms
[15327.325s][info][gc,cpu         ] GC(33529) User=0.01s Sys=0.00s Real=0.00s
[15327.782s][info][gc,start       ] GC(33530) Pause Young (Allocation Failure)
[15327.786s][info][gc,heap        ] GC(33530) PSYoungGen: 83424K(84480K)->1184K(84480K) Eden: 81920K(81920K)->0K(81920K) From: 1504K(2560K)->1184K(2560K)
[15327.786s][info][gc,heap        ] GC(33530) ParOldGen: 642491K(642560K)->642547K(642560K)
[15327.786s][info][gc,metaspace   ] GC(33530) Metaspace: 62382K(62592K)->62382K(62592K) NonClass: 53335K(53504K)->53335K(53504K) Class: 9046K(9088K)->9046K(9088K)
[15327.786s][info][gc             ] GC(33530) Pause Young (Allocation Failure) 708M->628M(710M) 3.424ms
[15327.786s][info][gc,cpu         ] GC(33530) User=0.01s Sys=0.00s Real=0.00s
[15328.215s][info][gc,start       ] GC(33531) Pause Young (Allocation Failure)
[15328.219s][info][gc,heap        ] GC(33531) PSYoungGen: 83104K(84480K)->1792K(84480K) Eden: 81920K(81920K)->0K(81920K) From: 1184K(2560K)->1792K(2560K)
[15328.219s][info][gc,heap        ] GC(33531) ParOldGen: 642547K(642560K)->642595K(643072K)
[15328.219s][info][gc,metaspace   ] GC(33531) Metaspace: 62382K(62592K)->62382K(62592K) NonClass: 53335K(53504K)->53335K(53504K) Class: 9046K(9088K)->9046K(9088K)
[15328.219s][info][gc             ] GC(33531) Pause Young (Allocation Failure) 708M->629M(710M) 3.921ms
[15328.219s][info][gc,cpu         ] GC(33531) User=0.00s Sys=0.00s Real=0.01s
[15328.630s][info][gc,start       ] GC(33532) Pause Young (Allocation Failure)
[15328.633s][info][gc,heap        ] GC(33532) PSYoungGen: 83712K(84480K)->320K(84480K) Eden: 81920K(81920K)->0K(81920K) From: 1792K(2560K)->320K(2560K)
[15328.633s][info][gc,heap        ] GC(33532) ParOldGen: 642595K(643072K)->642651K(643072K)
[15328.633s][info][gc,metaspace   ] GC(33532) Metaspace: 62382K(62592K)->62382K(62592K) NonClass: 53335K(53504K)->53335K(53504K) Class: 9046K(9088K)->9046K(9088K)
[15328.633s][info][gc             ] GC(33532) Pause Young (Allocation Failure) 709M->627M(710M) 2.535ms
[15328.633s][info][gc,cpu         ] GC(33532) User=0.00s Sys=0.00s Real=0.00s
[15329.065s][info][gc,start       ] GC(33533) Pause Young (Allocation Failure)
[15329.068s][info][gc,heap        ] GC(33533) PSYoungGen: 82240K(84480K)->896K(84480K) Eden: 81920K(81920K)->0K(81920K) From: 320K(2560K)->896K(2560K)
[15329.068s][info][gc,heap        ] GC(33533) ParOldGen: 642651K(643072K)->642707K(643072K)
[15329.068s][info][gc,metaspace   ] GC(33533) Metaspace: 62382K(62592K)->62382K(62592K) NonClass: 53335K(53504K)->53335K(53504K) Class: 9046K(9088K)->9046K(9088K)
[15329.068s][info][gc             ] GC(33533) Pause Young (Allocation Failure) 707M->628M(710M) 3.096ms
[15329.068s][info][gc,cpu         ] GC(33533) User=0.00s Sys=0.00s Real=0.01s
[15329.514s][info][gc,start       ] GC(33534) Pause Young (Allocation Failure)
[15329.518s][info][gc,heap        ] GC(33534) PSYoungGen: 82816K(84480K)->1568K(84480K) Eden: 81920K(81920K)->0K(81920K) From: 896K(2560K)->1568K(2560K)
[15329.518s][info][gc,heap        ] GC(33534) ParOldGen: 642707K(643072K)->642755K(643072K)
[15329.518s][info][gc,metaspace   ] GC(33534) Metaspace: 62382K(62592K)->62382K(62592K) NonClass: 53335K(53504K)->53335K(53504K) Class: 9046K(9088K)->9046K(9088K)
[15329.518s][info][gc             ] GC(33534) Pause Young (Allocation Failure) 708M->629M(710M) 3.783ms
[15329.518s][info][gc,cpu         ] GC(33534) User=0.01s Sys=0.00s Real=0.01s
[15329.939s][info][gc,start       ] GC(33535) Pause Young (Allocation Failure)
[15329.941s][info][gc,heap        ] GC(33535) PSYoungGen: 83488K(84480K)->448K(84480K) Eden: 81920K(81920K)->0K(81920K) From: 1568K(2560K)->448K(2560K)
[15329.941s][info][gc,heap        ] GC(33535) ParOldGen: 642755K(643072K)->642811K(643072K)
[15329.941s][info][gc,metaspace   ] GC(33535) Metaspace: 62382K(62592K)->62382K(62592K) NonClass: 53335K(53504K)->53335K(53504K) Class: 9046K(9088K)->9046K(9088K)
[15329.941s][info][gc             ] GC(33535) Pause Young (Allocation Failure) 709M->628M(710M) 2.660ms
[15329.941s][info][gc,cpu         ] GC(33535) User=0.01s Sys=0.00s Real=0.00s
[15330.402s][info][gc,start       ] GC(33536) Pause Young (Allocation Failure)
[15330.406s][info][gc,heap        ] GC(33536) PSYoungGen: 82368K(84480K)->1376K(84480K) Eden: 81920K(81920K)->0K(81920K) From: 448K(2560K)->1376K(2560K)
[15330.406s][info][gc,heap        ] GC(33536) ParOldGen: 642811K(643072K)->642867K(643072K)
[15330.406s][info][gc,metaspace   ] GC(33536) Metaspace: 62382K(62592K)->62382K(62592K) NonClass: 53335K(53504K)->53335K(53504K) Class: 9046K(9088K)->9046K(9088K)
[15330.406s][info][gc             ] GC(33536) Pause Young (Allocation Failure) 708M->629M(710M) 3.485ms
[15330.406s][info][gc,cpu         ] GC(33536) User=0.01s Sys=0.00s Real=0.00s
[15330.831s][info][gc,start       ] GC(33537) Pause Young (Allocation Failure)
[15330.834s][info][gc,heap        ] GC(33537) PSYoungGen: 83296K(84480K)->320K(84480K) Eden: 81920K(81920K)->0K(81920K) From: 1376K(2560K)->320K(2560K)
[15330.834s][info][gc,heap        ] GC(33537) ParOldGen: 642867K(643072K)->642923K(643072K)
[15330.834s][info][gc,metaspace   ] GC(33537) Metaspace: 62382K(62592K)->62382K(62592K) NonClass: 53335K(53504K)->53335K(53504K) Class: 9046K(9088K)->9046K(9088K)
[15330.834s][info][gc             ] GC(33537) Pause Young (Allocation Failure) 709M->628M(710M) 2.546ms
[15330.834s][info][gc,cpu         ] GC(33537) User=0.00s Sys=0.00s Real=0.00s
[15331.301s][info][gc,start       ] GC(33538) Pause Young (Allocation Failure)
[15331.305s][info][gc,heap        ] GC(33538) PSYoungGen: 82240K(84480K)->2480K(83456K) Eden: 81920K(81920K)->0K(80896K) From: 320K(2560K)->2480K(2560K)
[15331.305s][info][gc,heap        ] GC(33538) ParOldGen: 642923K(643072K)->644003K(644608K)
[15331.305s][info][gc,metaspace   ] GC(33538) Metaspace: 62382K(62592K)->62382K(62592K) NonClass: 53335K(53504K)->53335K(53504K) Class: 9046K(9088K)->9046K(9088K)
[15331.305s][info][gc             ] GC(33538) Pause Young (Allocation Failure) 708M->631M(711M) 4.130ms
[15331.305s][info][gc,cpu         ] GC(33538) User=0.01s Sys=0.00s Real=0.00s
[15331.724s][info][gc,start       ] GC(33539) Pause Young (Allocation Failure)
[15331.728s][info][gc,heap        ] GC(33539) PSYoungGen: 83376K(83456K)->224K(83968K) Eden: 80896K(80896K)->0K(80896K) From: 2480K(2560K)->224K(3072K)
[15331.728s][info][gc,heap        ] GC(33539) ParOldGen: 644003K(644608K)->646155K(646656K)
[15331.728s][info][gc,metaspace   ] GC(33539) Metaspace: 62382K(62592K)->62382K(62592K) NonClass: 53335K(53504K)->53335K(53504K) Class: 9046K(9088K)->9046K(9088K)
[15331.728s][info][gc             ] GC(33539) Pause Young (Allocation Failure) 710M->631M(713M) 3.575ms
[15331.728s][info][gc,cpu         ] GC(33539) User=0.00s Sys=0.00s Real=0.01s
[15332.138s][info][gc,start       ] GC(33540) Pause Young (Allocation Failure)
[15332.140s][info][gc,heap        ] GC(33540) PSYoungGen: 81120K(83968K)->480K(83968K) Eden: 80896K(80896K)->0K(80896K) From: 224K(3072K)->480K(3072K)
[15332.140s][info][gc,heap        ] GC(33540) ParOldGen: 646155K(646656K)->646211K(646656K)
[15332.140s][info][gc,metaspace   ] GC(33540) Metaspace: 62382K(62592K)->62382K(62592K) NonClass: 53335K(53504K)->53335K(53504K) Class: 9046K(9088K)->9046K(9088K)
[15332.140s][info][gc             ] GC(33540) Pause Young (Allocation Failure) 710M->631M(713M) 2.722ms
[15332.140s][info][gc,cpu         ] GC(33540) User=0.00s Sys=0.00s Real=0.00s
[15332.584s][info][gc,start       ] GC(33541) Pause Young (Allocation Failure)
[15332.587s][info][gc,heap        ] GC(33541) PSYoungGen: 81376K(83968K)->1056K(83968K) Eden: 80896K(80896K)->0K(80896K) From: 480K(3072K)->1056K(3072K)
[15332.587s][info][gc,heap        ] GC(33541) ParOldGen: 646211K(646656K)->646259K(646656K)
[15332.587s][info][gc,metaspace   ] GC(33541) Metaspace: 62382K(62592K)->62382K(62592K) NonClass: 53335K(53504K)->53335K(53504K) Class: 9046K(9088K)->9046K(9088K)
[15332.587s][info][gc             ] GC(33541) Pause Young (Allocation Failure) 710M->632M(713M) 3.205ms
[15332.587s][info][gc,cpu         ] GC(33541) User=0.01s Sys=0.00s Real=0.01s
[15333.036s][info][gc,start       ] GC(33542) Pause Young (Allocation Failure)
[15333.039s][info][gc,heap        ] GC(33542) PSYoungGen: 81952K(83968K)->384K(84480K) Eden: 80896K(80896K)->0K(81920K) From: 1056K(3072K)->384K(2560K)
[15333.039s][info][gc,heap        ] GC(33542) ParOldGen: 646259K(646656K)->646315K(646656K)
[15333.039s][info][gc,metaspace   ] GC(33542) Metaspace: 62382K(62592K)->62382K(62592K) NonClass: 53335K(53504K)->53335K(53504K) Class: 9046K(9088K)->9046K(9088K)
[15333.039s][info][gc             ] GC(33542) Pause Young (Allocation Failure) 711M->631M(714M) 2.647ms
[15333.039s][info][gc,cpu         ] GC(33542) User=0.00s Sys=0.00s Real=0.00s
[15333.458s][info][gc,start       ] GC(33543) Pause Young (Allocation Failure)
[15333.461s][info][gc,heap        ] GC(33543) PSYoungGen: 82304K(84480K)->768K(84480K) Eden: 81920K(81920K)->0K(81920K) From: 384K(2560K)->768K(2560K)
[15333.461s][info][gc,heap        ] GC(33543) ParOldGen: 646315K(646656K)->646371K(646656K)
[15333.461s][info][gc,metaspace   ] GC(33543) Metaspace: 62382K(62592K)->62382K(62592K) NonClass: 53335K(53504K)->53335K(53504K) Class: 9046K(9088K)->9046K(9088K)
[15333.461s][info][gc             ] GC(33543) Pause Young (Allocation Failure) 711M->631M(714M) 2.913ms
[15333.461s][info][gc,cpu         ] GC(33543) User=0.01s Sys=0.00s Real=0.00s
[15333.917s][info][gc,start       ] GC(33544) Pause Young (Allocation Failure)
[15333.921s][info][gc,heap        ] GC(33544) PSYoungGen: 82688K(84480K)->1376K(84480K) Eden: 81920K(81920K)->0K(81920K) From: 768K(2560K)->1376K(2560K)
[15333.921s][info][gc,heap        ] GC(33544) ParOldGen: 646371K(646656K)->646419K(646656K)
[15333.921s][info][gc,metaspace   ] GC(33544) Metaspace: 62382K(62592K)->62382K(62592K) NonClass: 53335K(53504K)->53335K(53504K) Class: 9046K(9088K)->9046K(9088K)
[15333.921s][info][gc             ] GC(33544) Pause Young (Allocation Failure) 711M->632M(714M) 3.601ms
[15333.921s][info][gc,cpu         ] GC(33544) User=0.01s Sys=0.00s Real=0.00s
[15334.351s][info][gc,start       ] GC(33545) Pause Young (Allocation Failure)
[15334.354s][info][gc,heap        ] GC(33545) PSYoungGen: 83296K(84480K)->672K(84480K) Eden: 81920K(81920K)->0K(81920K) From: 1376K(2560K)->672K(2560K)
[15334.354s][info][gc,heap        ] GC(33545) ParOldGen: 646419K(646656K)->646467K(646656K)
[15334.354s][info][gc,metaspace   ] GC(33545) Metaspace: 62382K(62592K)->62382K(62592K) NonClass: 53335K(53504K)->53335K(53504K) Class: 9046K(9088K)->9046K(9088K)
[15334.354s][info][gc             ] GC(33545) Pause Young (Allocation Failure) 712M->631M(714M) 2.811ms
[15334.354s][info][gc,cpu         ] GC(33545) User=0.01s Sys=0.00s Real=0.00s
[15334.741s][info][gc,start       ] GC(33546) Pause Young (Allocation Failure)
[15334.743s][info][gc,heap        ] GC(33546) PSYoungGen: 82592K(84480K)->512K(84480K) Eden: 81920K(81920K)->0K(81920K) From: 672K(2560K)->512K(2560K)
[15334.743s][info][gc,heap        ] GC(33546) ParOldGen: 646467K(646656K)->646515K(646656K)
[15334.743s][info][gc,metaspace   ] GC(33546) Metaspace: 62382K(62592K)->62382K(62592K) NonClass: 53335K(53504K)->53335K(53504K) Class: 9046K(9088K)->9046K(9088K)
[15334.743s][info][gc             ] GC(33546) Pause Young (Allocation Failure) 711M->631M(714M) 2.544ms
[15334.743s][info][gc,cpu         ] GC(33546) User=0.01s Sys=0.00s Real=0.00s
[15335.175s][info][gc,start       ] GC(33547) Pause Young (Allocation Failure)
[15335.178s][info][gc,heap        ] GC(33547) PSYoungGen: 82432K(84480K)->992K(84480K) Eden: 81920K(81920K)->0K(81920K) From: 512K(2560K)->992K(2560K)
[15335.178s][info][gc,heap        ] GC(33547) ParOldGen: 646515K(646656K)->646571K(646656K)
[15335.178s][info][gc,metaspace   ] GC(33547) Metaspace: 62382K(62592K)->62382K(62592K) NonClass: 53335K(53504K)->53335K(53504K) Class: 9046K(9088K)->9046K(9088K)
[15335.178s][info][gc             ] GC(33547) Pause Young (Allocation Failure) 711M->632M(714M) 2.964ms
[15335.178s][info][gc,cpu         ] GC(33547) User=0.01s Sys=0.00s Real=0.01s
[15335.597s][info][gc,start       ] GC(33548) Pause Young (Allocation Failure)
[15335.601s][info][gc,heap        ] GC(33548) PSYoungGen: 82912K(84480K)->1280K(84480K) Eden: 81920K(81920K)->0K(81920K) From: 992K(2560K)->1280K(2560K)
[15335.601s][info][gc,heap        ] GC(33548) ParOldGen: 646571K(646656K)->646619K(646656K)
[15335.601s][info][gc,metaspace   ] GC(33548) Metaspace: 62382K(62592K)->62382K(62592K) NonClass: 53335K(53504K)->53335K(53504K) Class: 9046K(9088K)->9046K(9088K)
[15335.601s][info][gc             ] GC(33548) Pause Young (Allocation Failure) 712M->632M(714M) 3.528ms
[15335.601s][info][gc,cpu         ] GC(33548) User=0.00s Sys=0.00s Real=0.00s
[15336.015s][info][gc,start       ] GC(33549) Pause Young (Allocation Failure)
[15336.018s][info][gc,heap        ] GC(33549) PSYoungGen: 83200K(84480K)->2528K(84480K) Eden: 81920K(81920K)->0K(81920K) From: 1280K(2560K)->2528K(2560K)
[15336.018s][info][gc,heap        ] GC(33549) ParOldGen: 646619K(646656K)->646787K(647168K)
[15336.018s][info][gc,metaspace   ] GC(33549) Metaspace: 62382K(62592K)->62382K(62592K) NonClass: 53335K(53504K)->53335K(53504K) Class: 9046K(9088K)->9046K(9088K)
[15336.018s][info][gc             ] GC(33549) Pause Young (Allocation Failure) 712M->634M(714M) 3.819ms
[15336.018s][info][gc,cpu         ] GC(33549) User=0.01s Sys=0.00s Real=0.01s
[15336.435s][info][gc,start       ] GC(33550) Pause Young (Allocation Failure)
[15336.439s][info][gc,heap        ] GC(33550) PSYoungGen: 84448K(84480K)->416K(83456K) Eden: 81920K(81920K)->0K(80896K) From: 2528K(2560K)->416K(2560K)
[15336.439s][info][gc,heap        ] GC(33550) ParOldGen: 646787K(647168K)->648851K(650240K)
[15336.439s][info][gc,metaspace   ] GC(33550) Metaspace: 62382K(62592K)->62382K(62592K) NonClass: 53335K(53504K)->53335K(53504K) Class: 9046K(9088K)->9046K(9088K)
[15336.439s][info][gc             ] GC(33550) Pause Young (Allocation Failure) 714M->634M(716M) 3.576ms
[15336.439s][info][gc,cpu         ] GC(33550) User=0.01s Sys=0.00s Real=0.01s
[15336.853s][info][gc,start       ] GC(33551) Pause Young (Allocation Failure)
[15336.856s][info][gc,heap        ] GC(33551) PSYoungGen: 81312K(83456K)->704K(83968K) Eden: 80896K(80896K)->0K(80896K) From: 416K(2560K)->704K(3072K)
[15336.856s][info][gc,heap        ] GC(33551) ParOldGen: 648851K(650240K)->648907K(650240K)
[15336.856s][info][gc,metaspace   ] GC(33551) Metaspace: 62382K(62592K)->62382K(62592K) NonClass: 53335K(53504K)->53335K(53504K) Class: 9046K(9088K)->9046K(9088K)
[15336.856s][info][gc             ] GC(33551) Pause Young (Allocation Failure) 713M->634M(717M) 2.731ms
[15336.856s][info][gc,cpu         ] GC(33551) User=0.01s Sys=0.00s Real=0.00s
[15337.280s][info][gc,start       ] GC(33552) Pause Young (Allocation Failure)
[15337.284s][info][gc,heap        ] GC(33552) PSYoungGen: 81600K(83968K)->1280K(84480K) Eden: 80896K(80896K)->0K(81920K) From: 704K(3072K)->1280K(2560K)
[15337.284s][info][gc,heap        ] GC(33552) ParOldGen: 648907K(650240K)->648963K(650240K)
[15337.284s][info][gc,metaspace   ] GC(33552) Metaspace: 62382K(62592K)->62382K(62592K) NonClass: 53335K(53504K)->53335K(53504K) Class: 9046K(9088K)->9046K(9088K)
[15337.284s][info][gc             ] GC(33552) Pause Young (Allocation Failure) 713M->635M(717M) 3.459ms
[15337.284s][info][gc,cpu         ] GC(33552) User=0.01s Sys=0.00s Real=0.00s
[15337.699s][info][gc,start       ] GC(33553) Pause Young (Allocation Failure)
[15337.703s][info][gc,heap        ] GC(33553) PSYoungGen: 83200K(84480K)->1440K(84480K) Eden: 81920K(81920K)->0K(81920K) From: 1280K(2560K)->1440K(2560K)
[15337.703s][info][gc,heap        ] GC(33553) ParOldGen: 648963K(650240K)->649227K(650240K)
[15337.703s][info][gc,metaspace   ] GC(33553) Metaspace: 62382K(62592K)->62382K(62592K) NonClass: 53335K(53504K)->53335K(53504K) Class: 9046K(9088K)->9046K(9088K)
[15337.703s][info][gc             ] GC(33553) Pause Young (Allocation Failure) 715M->635M(717M) 3.811ms
[15337.703s][info][gc,cpu         ] GC(33553) User=0.01s Sys=0.00s Real=0.00s
[15338.112s][info][gc,start       ] GC(33554) Pause Young (Allocation Failure)
[15338.116s][info][gc,heap        ] GC(33554) PSYoungGen: 83360K(84480K)->1472K(84480K) Eden: 81920K(81920K)->0K(81920K) From: 1440K(2560K)->1472K(2560K)
[15338.116s][info][gc,heap        ] GC(33554) ParOldGen: 649227K(650240K)->649283K(650240K)
[15338.116s][info][gc,metaspace   ] GC(33554) Metaspace: 62382K(62592K)->62382K(62592K) NonClass: 53335K(53504K)->53335K(53504K) Class: 9046K(9088K)->9046K(9088K)
[15338.116s][info][gc             ] GC(33554) Pause Young (Allocation Failure) 715M->635M(717M) 3.791ms
[15338.116s][info][gc,cpu         ] GC(33554) User=0.01s Sys=0.00s Real=0.01s
[15338.599s][info][gc,start       ] GC(33555) Pause Young (Allocation Failure)
[15338.603s][info][gc,heap        ] GC(33555) PSYoungGen: 83392K(84480K)->1344K(84480K) Eden: 81920K(81920K)->0K(81920K) From: 1472K(2560K)->1344K(2560K)
[15338.603s][info][gc,heap        ] GC(33555) ParOldGen: 649283K(650240K)->649331K(650240K)
[15338.603s][info][gc,metaspace   ] GC(33555) Metaspace: 62382K(62592K)->62382K(62592K) NonClass: 53335K(53504K)->53335K(53504K) Class: 9046K(9088K)->9046K(9088K)
[15338.603s][info][gc             ] GC(33555) Pause Young (Allocation Failure) 715M->635M(717M) 3.661ms
[15338.603s][info][gc,cpu         ] GC(33555) User=0.01s Sys=0.00s Real=0.00s
[15339.023s][info][gc,start       ] GC(33556) Pause Young (Allocation Failure)
[15339.026s][info][gc,heap        ] GC(33556) PSYoungGen: 83264K(84480K)->224K(84480K) Eden: 81920K(81920K)->0K(81920K) From: 1344K(2560K)->224K(2560K)
[15339.026s][info][gc,heap        ] GC(33556) ParOldGen: 649331K(650240K)->649435K(650240K)
[15339.026s][info][gc,metaspace   ] GC(33556) Metaspace: 62382K(62592K)->62382K(62592K) NonClass: 53335K(53504K)->53335K(53504K) Class: 9046K(9088K)->9046K(9088K)
[15339.026s][info][gc             ] GC(33556) Pause Young (Allocation Failure) 715M->634M(717M) 2.543ms
[15339.026s][info][gc,cpu         ] GC(33556) User=0.00s Sys=0.00s Real=0.01s
[15339.436s][info][gc,start       ] GC(33557) Pause Young (Allocation Failure)
[15339.439s][info][gc,heap        ] GC(33557) PSYoungGen: 82144K(84480K)->416K(84480K) Eden: 81920K(81920K)->0K(81920K) From: 224K(2560K)->416K(2560K)
[15339.439s][info][gc,heap        ] GC(33557) ParOldGen: 649435K(650240K)->649483K(650240K)
[15339.439s][info][gc,metaspace   ] GC(33557) Metaspace: 62382K(62592K)->62382K(62592K) NonClass: 53335K(53504K)->53335K(53504K) Class: 9046K(9088K)->9046K(9088K)
[15339.439s][info][gc             ] GC(33557) Pause Young (Allocation Failure) 714M->634M(717M) 2.678ms
[15339.439s][info][gc,cpu         ] GC(33557) User=0.00s Sys=0.00s Real=0.00s
[15339.871s][info][gc,start       ] GC(33558) Pause Young (Allocation Failure)
[15339.874s][info][gc,heap        ] GC(33558) PSYoungGen: 82336K(84480K)->896K(84480K) Eden: 81920K(81920K)->0K(81920K) From: 416K(2560K)->896K(2560K)
[15339.874s][info][gc,heap        ] GC(33558) ParOldGen: 649483K(650240K)->649531K(650240K)
[15339.874s][info][gc,metaspace   ] GC(33558) Metaspace: 62382K(62592K)->62382K(62592K) NonClass: 53335K(53504K)->53335K(53504K) Class: 9046K(9088K)->9046K(9088K)
[15339.874s][info][gc             ] GC(33558) Pause Young (Allocation Failure) 714M->635M(717M) 3.013ms
[15339.874s][info][gc,cpu         ] GC(33558) User=0.00s Sys=0.00s Real=0.00s
[15340.344s][info][gc,start       ] GC(33559) Pause Young (Allocation Failure)
[15340.347s][info][gc,heap        ] GC(33559) PSYoungGen: 82816K(84480K)->2528K(84480K) Eden: 81920K(81920K)->0K(81920K) From: 896K(2560K)->2528K(2560K)
[15340.347s][info][gc,heap        ] GC(33559) ParOldGen: 649531K(650240K)->649587K(650240K)
[15340.347s][info][gc,metaspace   ] GC(33559) Metaspace: 62382K(62592K)->62382K(62592K) NonClass: 53335K(53504K)->53335K(53504K) Class: 9046K(9088K)->9046K(9088K)
[15340.347s][info][gc             ] GC(33559) Pause Young (Allocation Failure) 715M->636M(717M) 2.974ms
[15340.347s][info][gc,cpu         ] GC(33559) User=0.00s Sys=0.00s Real=0.01s
[15340.796s][info][gc,start       ] GC(33560) Pause Young (Allocation Failure)
[15340.800s][info][gc,heap        ] GC(33560) PSYoungGen: 84448K(84480K)->1280K(83456K) Eden: 81920K(81920K)->0K(80896K) From: 2528K(2560K)->1280K(2560K)
[15340.801s][info][gc,heap        ] GC(33560) ParOldGen: 649587K(650240K)->651699K(651776K)
[15340.801s][info][gc,metaspace   ] GC(33560) Metaspace: 62382K(62592K)->62382K(62592K) NonClass: 53335K(53504K)->53335K(53504K) Class: 9046K(9088K)->9046K(9088K)
[15340.801s][info][gc             ] GC(33560) Pause Young (Allocation Failure) 716M->637M(718M) 4.476ms
[15340.801s][info][gc,cpu         ] GC(33560) User=0.01s Sys=0.00s Real=0.00s
[15341.259s][info][gc,start       ] GC(33561) Pause Young (Allocation Failure)
[15341.262s][info][gc,heap        ] GC(33561) PSYoungGen: 82176K(83456K)->736K(83968K) Eden: 80896K(80896K)->0K(80896K) From: 1280K(2560K)->736K(3072K)
[15341.262s][info][gc,heap        ] GC(33561) ParOldGen: 651699K(651776K)->651747K(651776K)
[15341.262s][info][gc,metaspace   ] GC(33561) Metaspace: 62382K(62592K)->62382K(62592K) NonClass: 53335K(53504K)->53335K(53504K) Class: 9046K(9088K)->9046K(9088K)
[15341.262s][info][gc             ] GC(33561) Pause Young (Allocation Failure) 716M->637M(718M) 2.976ms
[15341.262s][info][gc,cpu         ] GC(33561) User=0.01s Sys=0.00s Real=0.00s
[15341.692s][info][gc,start       ] GC(33562) Pause Young (Allocation Failure)
[15341.695s][info][gc,heap        ] GC(33562) PSYoungGen: 81632K(83968K)->1216K(84480K) Eden: 80896K(80896K)->0K(81920K) From: 736K(3072K)->1216K(2560K)
[15341.695s][info][gc,heap        ] GC(33562) ParOldGen: 651747K(651776K)->651795K(652288K)
[15341.695s][info][gc,metaspace   ] GC(33562) Metaspace: 62382K(62592K)->62382K(62592K) NonClass: 53335K(53504K)->53335K(53504K) Class: 9046K(9088K)->9046K(9088K)
[15341.695s][info][gc             ] GC(33562) Pause Young (Allocation Failure) 716M->637M(719M) 3.386ms
[15341.695s][info][gc,cpu         ] GC(33562) User=0.00s Sys=0.00s Real=0.00s
[15342.094s][info][gc,start       ] GC(33563) Pause Young (Allocation Failure)
[15342.097s][info][gc,heap        ] GC(33563) PSYoungGen: 83136K(84480K)->1376K(84480K) Eden: 81920K(81920K)->0K(81920K) From: 1216K(2560K)->1376K(2560K)
[15342.097s][info][gc,heap        ] GC(33563) ParOldGen: 651795K(652288K)->651843K(652288K)
[15342.097s][info][gc,metaspace   ] GC(33563) Metaspace: 62382K(62592K)->62382K(62592K) NonClass: 53335K(53504K)->53335K(53504K) Class: 9046K(9088K)->9046K(9088K)
[15342.097s][info][gc             ] GC(33563) Pause Young (Allocation Failure) 717M->637M(719M) 3.476ms
[15342.097s][info][gc,cpu         ] GC(33563) User=0.01s Sys=0.00s Real=0.01s
[15342.500s][info][gc,start       ] GC(33564) Pause Young (Allocation Failure)
[15342.504s][info][gc,heap        ] GC(33564) PSYoungGen: 83296K(84480K)->1440K(84480K) Eden: 81920K(81920K)->0K(81920K) From: 1376K(2560K)->1440K(2560K)
[15342.504s][info][gc,heap        ] GC(33564) ParOldGen: 651843K(652288K)->651899K(652288K)
[15342.504s][info][gc,metaspace   ] GC(33564) Metaspace: 62382K(62592K)->62382K(62592K) NonClass: 53335K(53504K)->53335K(53504K) Class: 9046K(9088K)->9046K(9088K)
[15342.504s][info][gc             ] GC(33564) Pause Young (Allocation Failure) 717M->638M(719M) 3.484ms
[15342.504s][info][gc,cpu         ] GC(33564) User=0.01s Sys=0.00s Real=0.00s
[15342.914s][info][gc,start       ] GC(33565) Pause Young (Allocation Failure)
[15342.917s][info][gc,heap        ] GC(33565) PSYoungGen: 83360K(84480K)->1632K(84480K) Eden: 81920K(81920K)->0K(81920K) From: 1440K(2560K)->1632K(2560K)
[15342.917s][info][gc,heap        ] GC(33565) ParOldGen: 651899K(652288K)->651947K(652288K)
[15342.917s][info][gc,metaspace   ] GC(33565) Metaspace: 62382K(62592K)->62382K(62592K) NonClass: 53335K(53504K)->53335K(53504K) Class: 9046K(9088K)->9046K(9088K)
[15342.917s][info][gc             ] GC(33565) Pause Young (Allocation Failure) 718M->638M(719M) 3.712ms
[15342.917s][info][gc,cpu         ] GC(33565) User=0.01s Sys=0.00s Real=0.01s
[15343.323s][info][gc,start       ] GC(33566) Pause Young (Allocation Failure)
[15343.325s][info][gc,heap        ] GC(33566) PSYoungGen: 83552K(84480K)->224K(84480K) Eden: 81920K(81920K)->0K(81920K) From: 1632K(2560K)->224K(2560K)
[15343.325s][info][gc,heap        ] GC(33566) ParOldGen: 651947K(652288K)->652003K(652288K)
[15343.325s][info][gc,metaspace   ] GC(33566) Metaspace: 62382K(62592K)->62382K(62592K) NonClass: 53335K(53504K)->53335K(53504K) Class: 9046K(9088K)->9046K(9088K)
[15343.325s][info][gc             ] GC(33566) Pause Young (Allocation Failure) 718M->636M(719M) 2.522ms
[15343.325s][info][gc,cpu         ] GC(33566) User=0.00s Sys=0.00s Real=0.00s
[15343.773s][info][gc,start       ] GC(33567) Pause Young (Allocation Failure)
[15343.776s][info][gc,heap        ] GC(33567) PSYoungGen: 82144K(84480K)->992K(84480K) Eden: 81920K(81920K)->0K(81920K) From: 224K(2560K)->992K(2560K)
[15343.776s][info][gc,heap        ] GC(33567) ParOldGen: 652003K(652288K)->652051K(652288K)
[15343.776s][info][gc,metaspace   ] GC(33567) Metaspace: 62382K(62592K)->62382K(62592K) NonClass: 53335K(53504K)->53335K(53504K) Class: 9046K(9088K)->9046K(9088K)
[15343.776s][info][gc             ] GC(33567) Pause Young (Allocation Failure) 716M->637M(719M) 3.093ms
[15343.776s][info][gc,cpu         ] GC(33567) User=0.01s Sys=0.00s Real=0.01s
[15344.240s][info][gc,start       ] GC(33568) Pause Young (Allocation Failure)
[15344.243s][info][gc,heap        ] GC(33568) PSYoungGen: 82912K(84480K)->448K(84480K) Eden: 81920K(81920K)->0K(81920K) From: 992K(2560K)->448K(2560K)
[15344.243s][info][gc,heap        ] GC(33568) ParOldGen: 652051K(652288K)->652107K(652288K)
[15344.243s][info][gc,metaspace   ] GC(33568) Metaspace: 62382K(62592K)->62382K(62592K) NonClass: 53335K(53504K)->53335K(53504K) Class: 9046K(9088K)->9046K(9088K)
[15344.243s][info][gc             ] GC(33568) Pause Young (Allocation Failure) 717M->637M(719M) 2.748ms
[15344.243s][info][gc,cpu         ] GC(33568) User=0.00s Sys=0.00s Real=0.00s
[15344.678s][info][gc,start       ] GC(33569) Pause Young (Allocation Failure)
[15344.681s][info][gc,heap        ] GC(33569) PSYoungGen: 82368K(84480K)->1024K(84480K) Eden: 81920K(81920K)->0K(81920K) From: 448K(2560K)->1024K(2560K)
[15344.681s][info][gc,heap        ] GC(33569) ParOldGen: 652107K(652288K)->652163K(652288K)
[15344.681s][info][gc,metaspace   ] GC(33569) Metaspace: 62382K(62592K)->62382K(62592K) NonClass: 53335K(53504K)->53335K(53504K) Class: 9046K(9088K)->9046K(9088K)
[15344.681s][info][gc             ] GC(33569) Pause Young (Allocation Failure) 717M->637M(719M) 3.289ms
[15344.681s][info][gc,cpu         ] GC(33569) User=0.01s Sys=0.00s Real=0.00s
[15345.128s][info][gc,start       ] GC(33570) Pause Young (Allocation Failure)
[15345.131s][info][gc,heap        ] GC(33570) PSYoungGen: 82944K(84480K)->2336K(83456K) Eden: 81920K(81920K)->0K(80896K) From: 1024K(2560K)->2336K(2560K)
[15345.131s][info][gc,heap        ] GC(33570) ParOldGen: 652163K(652288K)->652219K(652288K)
[15345.131s][info][gc,metaspace   ] GC(33570) Metaspace: 62382K(62592K)->62382K(62592K) NonClass: 53335K(53504K)->53335K(53504K) Class: 9046K(9088K)->9046K(9088K)
[15345.131s][info][gc             ] GC(33570) Pause Young (Allocation Failure) 717M->639M(718M) 2.842ms
[15345.131s][info][gc,cpu         ] GC(33570) User=0.00s Sys=0.00s Real=0.00s
[15345.597s][info][gc,start       ] GC(33571) Pause Young (Allocation Failure)
[15345.601s][info][gc,heap        ] GC(33571) PSYoungGen: 83232K(83456K)->752K(83968K) Eden: 80896K(80896K)->0K(80896K) From: 2336K(2560K)->752K(3072K)
[15345.601s][info][gc,heap        ] GC(33571) ParOldGen: 652219K(652288K)->654323K(655360K)
[15345.601s][info][gc,metaspace   ] GC(33571) Metaspace: 62382K(62592K)->62382K(62592K) NonClass: 53335K(53504K)->53335K(53504K) Class: 9046K(9088K)->9046K(9088K)
[15345.601s][info][gc             ] GC(33571) Pause Young (Allocation Failure) 718M->639M(722M) 3.986ms
[15345.601s][info][gc,cpu         ] GC(33571) User=0.01s Sys=0.00s Real=0.00s
[15345.988s][info][gc,start       ] GC(33572) Pause Young (Allocation Failure)
[15345.991s][info][gc,heap        ] GC(33572) PSYoungGen: 81648K(83968K)->1312K(84480K) Eden: 80896K(80896K)->0K(81920K) From: 752K(3072K)->1312K(2560K)
[15345.991s][info][gc,heap        ] GC(33572) ParOldGen: 654323K(655360K)->654427K(655360K)
[15345.991s][info][gc,metaspace   ] GC(33572) Metaspace: 62382K(62592K)->62382K(62592K) NonClass: 53335K(53504K)->53335K(53504K) Class: 9046K(9088K)->9046K(9088K)
[15345.991s][info][gc             ] GC(33572) Pause Young (Allocation Failure) 718M->640M(722M) 3.773ms
[15345.991s][info][gc,cpu         ] GC(33572) User=0.01s Sys=0.00s Real=0.00s
[15346.410s][info][gc,start       ] GC(33573) Pause Young (Allocation Failure)
[15346.413s][info][gc,heap        ] GC(33573) PSYoungGen: 83232K(84480K)->1408K(84480K) Eden: 81920K(81920K)->0K(81920K) From: 1312K(2560K)->1408K(2560K)
[15346.413s][info][gc,heap        ] GC(33573) ParOldGen: 654427K(655360K)->654483K(655360K)
[15346.413s][info][gc,metaspace   ] GC(33573) Metaspace: 62382K(62592K)->62382K(62592K) NonClass: 53335K(53504K)->53335K(53504K) Class: 9046K(9088K)->9046K(9088K)
[15346.413s][info][gc             ] GC(33573) Pause Young (Allocation Failure) 720M->640M(722M) 3.781ms
[15346.413s][info][gc,cpu         ] GC(33573) User=0.00s Sys=0.00s Real=0.00s
[15346.853s][info][gc,start       ] GC(33574) Pause Young (Allocation Failure)
[15346.855s][info][gc,heap        ] GC(33574) PSYoungGen: 83328K(84480K)->640K(84480K) Eden: 81920K(81920K)->0K(81920K) From: 1408K(2560K)->640K(2560K)
[15346.855s][info][gc,heap        ] GC(33574) ParOldGen: 654483K(655360K)->654531K(655360K)
[15346.855s][info][gc,metaspace   ] GC(33574) Metaspace: 62382K(62592K)->62382K(62592K) NonClass: 53335K(53504K)->53335K(53504K) Class: 9046K(9088K)->9046K(9088K)
[15346.855s][info][gc             ] GC(33574) Pause Young (Allocation Failure) 720M->639M(722M) 2.900ms
[15346.855s][info][gc,cpu         ] GC(33574) User=0.01s Sys=0.00s Real=0.00s
[15347.295s][info][gc,start       ] GC(33575) Pause Young (Allocation Failure)
[15347.299s][info][gc,heap        ] GC(33575) PSYoungGen: 82560K(84480K)->1248K(84480K) Eden: 81920K(81920K)->0K(81920K) From: 640K(2560K)->1248K(2560K)
[15347.299s][info][gc,heap        ] GC(33575) ParOldGen: 654531K(655360K)->654579K(655360K)
[15347.299s][info][gc,metaspace   ] GC(33575) Metaspace: 62382K(62592K)->62382K(62592K) NonClass: 53335K(53504K)->53335K(53504K) Class: 9046K(9088K)->9046K(9088K)
[15347.299s][info][gc             ] GC(33575) Pause Young (Allocation Failure) 719M->640M(722M) 3.355ms
[15347.299s][info][gc,cpu         ] GC(33575) User=0.00s Sys=0.00s Real=0.01s
[15347.740s][info][gc,start       ] GC(33576) Pause Young (Allocation Failure)
[15347.742s][info][gc,heap        ] GC(33576) PSYoungGen: 83168K(84480K)->480K(84480K) Eden: 81920K(81920K)->0K(81920K) From: 1248K(2560K)->480K(2560K)
[15347.742s][info][gc,heap        ] GC(33576) ParOldGen: 654579K(655360K)->654627K(655360K)
[15347.742s][info][gc,metaspace   ] GC(33576) Metaspace: 62382K(62592K)->62382K(62592K) NonClass: 53335K(53504K)->53335K(53504K) Class: 9046K(9088K)->9046K(9088K)
[15347.743s][info][gc             ] GC(33576) Pause Young (Allocation Failure) 720M->639M(722M) 2.696ms
[15347.743s][info][gc,cpu         ] GC(33576) User=0.01s Sys=0.00s Real=0.00s
[15348.183s][info][gc,start       ] GC(33577) Pause Young (Allocation Failure)
[15348.186s][info][gc,heap        ] GC(33577) PSYoungGen: 82400K(84480K)->1056K(84480K) Eden: 81920K(81920K)->0K(81920K) From: 480K(2560K)->1056K(2560K)
[15348.186s][info][gc,heap        ] GC(33577) ParOldGen: 654627K(655360K)->654683K(655360K)
[15348.187s][info][gc,metaspace   ] GC(33577) Metaspace: 62382K(62592K)->62382K(62592K) NonClass: 53335K(53504K)->53335K(53504K) Class: 9046K(9088K)->9046K(9088K)
[15348.187s][info][gc             ] GC(33577) Pause Young (Allocation Failure) 719M->640M(722M) 3.230ms
[15348.187s][info][gc,cpu         ] GC(33577) User=0.00s Sys=0.00s Real=0.01s
[15348.638s][info][gc,start       ] GC(33578) Pause Young (Allocation Failure)
[15348.640s][info][gc,heap        ] GC(33578) PSYoungGen: 82976K(84480K)->448K(84480K) Eden: 81920K(81920K)->0K(81920K) From: 1056K(2560K)->448K(2560K)
[15348.640s][info][gc,heap        ] GC(33578) ParOldGen: 654683K(655360K)->654731K(655360K)
[15348.640s][info][gc,metaspace   ] GC(33578) Metaspace: 62382K(62592K)->62382K(62592K) NonClass: 53335K(53504K)->53335K(53504K) Class: 9046K(9088K)->9046K(9088K)
[15348.640s][info][gc             ] GC(33578) Pause Young (Allocation Failure) 720M->639M(722M) 2.764ms
[15348.640s][info][gc,cpu         ] GC(33578) User=0.01s Sys=0.00s Real=0.00s
[15349.032s][info][gc,start       ] GC(33579) Pause Young (Allocation Failure)
[15349.034s][info][gc,heap        ] GC(33579) PSYoungGen: 82368K(84480K)->352K(84480K) Eden: 81920K(81920K)->0K(81920K) From: 448K(2560K)->352K(2560K)
[15349.034s][info][gc,heap        ] GC(33579) ParOldGen: 654731K(655360K)->654787K(655360K)
[15349.034s][info][gc,metaspace   ] GC(33579) Metaspace: 62382K(62592K)->62382K(62592K) NonClass: 53335K(53504K)->53335K(53504K) Class: 9046K(9088K)->9046K(9088K)
[15349.034s][info][gc             ] GC(33579) Pause Young (Allocation Failure) 719M->639M(722M) 2.646ms
[15349.034s][info][gc,cpu         ] GC(33579) User=0.01s Sys=0.00s Real=0.00s
[15349.446s][info][gc,start       ] GC(33580) Pause Young (Allocation Failure)
[15349.449s][info][gc,heap        ] GC(33580) PSYoungGen: 82272K(84480K)->2528K(83456K) Eden: 81920K(81920K)->0K(80896K) From: 352K(2560K)->2528K(2560K)
[15349.449s][info][gc,heap        ] GC(33580) ParOldGen: 654787K(655360K)->654931K(655360K)
[15349.449s][info][gc,metaspace   ] GC(33580) Metaspace: 62382K(62592K)->62382K(62592K) NonClass: 53335K(53504K)->53335K(53504K) Class: 9046K(9088K)->9046K(9088K)
[15349.449s][info][gc             ] GC(33580) Pause Young (Allocation Failure) 719M->642M(721M) 3.141ms
[15349.449s][info][gc,cpu         ] GC(33580) User=0.00s Sys=0.00s Real=0.00s
[15349.840s][info][gc,start       ] GC(33581) Pause Young (Allocation Failure)
[15349.844s][info][gc,heap        ] GC(33581) PSYoungGen: 83424K(83456K)->480K(83968K) Eden: 80896K(80896K)->0K(80896K) From: 2528K(2560K)->480K(3072K)
[15349.844s][info][gc,heap        ] GC(33581) ParOldGen: 654931K(655360K)->657035K(658432K)
[15349.844s][info][gc,metaspace   ] GC(33581) Metaspace: 62382K(62592K)->62382K(62592K) NonClass: 53335K(53504K)->53335K(53504K) Class: 9046K(9088K)->9046K(9088K)
[15349.844s][info][gc             ] GC(33581) Pause Young (Allocation Failure) 721M->642M(725M) 3.870ms
[15349.844s][info][gc,cpu         ] GC(33581) User=0.01s Sys=0.00s Real=0.00s
[15350.243s][info][gc,start       ] GC(33582) Pause Young (Allocation Failure)
[15350.245s][info][gc,heap        ] GC(33582) PSYoungGen: 81376K(83968K)->544K(83968K) Eden: 80896K(80896K)->0K(80896K) From: 480K(3072K)->544K(3072K)
[15350.245s][info][gc,heap        ] GC(33582) ParOldGen: 657035K(658432K)->657099K(658432K)
[15350.246s][info][gc,metaspace   ] GC(33582) Metaspace: 62382K(62592K)->62382K(62592K) NonClass: 53335K(53504K)->53335K(53504K) Class: 9046K(9088K)->9046K(9088K)
[15350.246s][info][gc             ] GC(33582) Pause Young (Allocation Failure) 721M->642M(725M) 2.857ms
[15350.246s][info][gc,cpu         ] GC(33582) User=0.00s Sys=0.00s Real=0.00s
[15350.630s][info][gc,start       ] GC(33583) Pause Young (Allocation Failure)
[15350.633s][info][gc,heap        ] GC(33583) PSYoungGen: 81440K(83968K)->320K(83968K) Eden: 80896K(80896K)->0K(80896K) From: 544K(3072K)->320K(3072K)
[15350.633s][info][gc,heap        ] GC(33583) ParOldGen: 657099K(658432K)->657155K(658432K)
[15350.633s][info][gc,metaspace   ] GC(33583) Metaspace: 62382K(62592K)->62382K(62592K) NonClass: 53335K(53504K)->53335K(53504K) Class: 9046K(9088K)->9046K(9088K)
[15350.633s][info][gc             ] GC(33583) Pause Young (Allocation Failure) 721M->642M(725M) 2.586ms
[15350.633s][info][gc,cpu         ] GC(33583) User=0.01s Sys=0.00s Real=0.00s
[15351.070s][info][gc,start       ] GC(33584) Pause Young (Allocation Failure)
[15351.073s][info][gc,heap        ] GC(33584) PSYoungGen: 81216K(83968K)->896K(84480K) Eden: 80896K(80896K)->0K(81920K) From: 320K(3072K)->896K(2560K)
[15351.073s][info][gc,heap        ] GC(33584) ParOldGen: 657155K(658432K)->657211K(658432K)
[15351.073s][info][gc,metaspace   ] GC(33584) Metaspace: 62382K(62592K)->62382K(62592K) NonClass: 53335K(53504K)->53335K(53504K) Class: 9046K(9088K)->9046K(9088K)
[15351.073s][info][gc             ] GC(33584) Pause Young (Allocation Failure) 721M->642M(725M) 3.089ms
[15351.073s][info][gc,cpu         ] GC(33584) User=0.00s Sys=0.00s Real=0.00s
[15351.500s][info][gc,start       ] GC(33585) Pause Young (Allocation Failure)
[15351.504s][info][gc,heap        ] GC(33585) PSYoungGen: 82816K(84480K)->1344K(84480K) Eden: 81920K(81920K)->0K(81920K) From: 896K(2560K)->1344K(2560K)
[15351.504s][info][gc,heap        ] GC(33585) ParOldGen: 657211K(658432K)->657267K(658432K)
[15351.504s][info][gc,metaspace   ] GC(33585) Metaspace: 62382K(62592K)->62382K(62592K) NonClass: 53335K(53504K)->53335K(53504K) Class: 9046K(9088K)->9046K(9088K)
[15351.504s][info][gc             ] GC(33585) Pause Young (Allocation Failure) 722M->643M(725M) 3.462ms
[15351.504s][info][gc,cpu         ] GC(33585) User=0.01s Sys=0.00s Real=0.00s
[15351.941s][info][gc,start       ] GC(33586) Pause Young (Allocation Failure)
[15351.943s][info][gc,heap        ] GC(33586) PSYoungGen: 83264K(84480K)->480K(84480K) Eden: 81920K(81920K)->0K(81920K) From: 1344K(2560K)->480K(2560K)
[15351.943s][info][gc,heap        ] GC(33586) ParOldGen: 657267K(658432K)->657315K(658432K)
[15351.943s][info][gc,metaspace   ] GC(33586) Metaspace: 62382K(62592K)->62382K(62592K) NonClass: 53335K(53504K)->53335K(53504K) Class: 9046K(9088K)->9046K(9088K)
[15351.943s][info][gc             ] GC(33586) Pause Young (Allocation Failure) 723M->642M(725M) 2.709ms
[15351.943s][info][gc,cpu         ] GC(33586) User=0.01s Sys=0.00s Real=0.00s
[15352.370s][info][gc,start       ] GC(33587) Pause Young (Allocation Failure)
[15352.373s][info][gc,heap        ] GC(33587) PSYoungGen: 82400K(84480K)->928K(84480K) Eden: 81920K(81920K)->0K(81920K) From: 480K(2560K)->928K(2560K)
[15352.373s][info][gc,heap        ] GC(33587) ParOldGen: 657315K(658432K)->657371K(658432K)
[15352.373s][info][gc,metaspace   ] GC(33587) Metaspace: 62382K(62592K)->62382K(62592K) NonClass: 53335K(53504K)->53335K(53504K) Class: 9046K(9088K)->9046K(9088K)
[15352.374s][info][gc             ] GC(33587) Pause Young (Allocation Failure) 722M->642M(725M) 3.111ms
[15352.374s][info][gc,cpu         ] GC(33587) User=0.00s Sys=0.00s Real=0.00s
[15352.863s][info][gc,start       ] GC(33588) Pause Young (Allocation Failure)
[15352.866s][info][gc,heap        ] GC(33588) PSYoungGen: 82848K(84480K)->864K(84480K) Eden: 81920K(81920K)->0K(81920K) From: 928K(2560K)->864K(2560K)
[15352.866s][info][gc,heap        ] GC(33588) ParOldGen: 657371K(658432K)->657419K(658432K)
[15352.866s][info][gc,metaspace   ] GC(33588) Metaspace: 62382K(62592K)->62382K(62592K) NonClass: 53335K(53504K)->53335K(53504K) Class: 9046K(9088K)->9046K(9088K)
[15352.866s][info][gc             ] GC(33588) Pause Young (Allocation Failure) 722M->642M(725M) 3.096ms
[15352.866s][info][gc,cpu         ] GC(33588) User=0.01s Sys=0.00s Real=0.00s
[15353.334s][info][gc,start       ] GC(33589) Pause Young (Allocation Failure)
[15353.337s][info][gc,heap        ] GC(33589) PSYoungGen: 82784K(84480K)->352K(84480K) Eden: 81920K(81920K)->0K(81920K) From: 864K(2560K)->352K(2560K)
[15353.337s][info][gc,heap        ] GC(33589) ParOldGen: 657419K(658432K)->657516K(658432K)
[15353.337s][info][gc,metaspace   ] GC(33589) Metaspace: 62382K(62592K)->62382K(62592K) NonClass: 53335K(53504K)->53335K(53504K) Class: 9046K(9088K)->9046K(9088K)
[15353.337s][info][gc             ] GC(33589) Pause Young (Allocation Failure) 722M->642M(725M) 2.774ms
[15353.337s][info][gc,cpu         ] GC(33589) User=0.01s Sys=0.00s Real=0.01s
[15353.818s][info][gc,start       ] GC(33590) Pause Young (Allocation Failure)
[15353.822s][info][gc,heap        ] GC(33590) PSYoungGen: 82272K(84480K)->1600K(83968K) Eden: 81920K(81920K)->0K(81920K) From: 352K(2560K)->1600K(2048K)
[15353.822s][info][gc,heap        ] GC(33590) ParOldGen: 657516K(658432K)->657564K(658432K)
[15353.822s][info][gc,metaspace   ] GC(33590) Metaspace: 62382K(62592K)->62382K(62592K) NonClass: 53335K(53504K)->53335K(53504K) Class: 9046K(9088K)->9046K(9088K)
[15353.822s][info][gc             ] GC(33590) Pause Young (Allocation Failure) 722M->643M(725M) 3.705ms
[15353.822s][info][gc,cpu         ] GC(33590) User=0.01s Sys=0.00s Real=0.00s
[15354.236s][info][gc,start       ] GC(33591) Pause Young (Allocation Failure)
[15354.239s][info][gc,heap        ] GC(33591) PSYoungGen: 83520K(83968K)->1440K(84480K) Eden: 81920K(81920K)->0K(81920K) From: 1600K(2048K)->1440K(2560K)
[15354.239s][info][gc,heap        ] GC(33591) ParOldGen: 657564K(658432K)->657620K(658432K)
[15354.239s][info][gc,metaspace   ] GC(33591) Metaspace: 62382K(62592K)->62382K(62592K) NonClass: 53335K(53504K)->53335K(53504K) Class: 9046K(9088K)->9046K(9088K)
[15354.239s][info][gc             ] GC(33591) Pause Young (Allocation Failure) 723M->643M(725M) 2.841ms
[15354.239s][info][gc,cpu         ] GC(33591) User=0.01s Sys=0.00s Real=0.00s
[15354.700s][info][gc,start       ] GC(33592) Pause Young (Allocation Failure)
[15354.703s][info][gc,heap        ] GC(33592) PSYoungGen: 83360K(84480K)->1280K(84480K) Eden: 81920K(81920K)->0K(81920K) From: 1440K(2560K)->1280K(2560K)
[15354.703s][info][gc,heap        ] GC(33592) ParOldGen: 657620K(658432K)->658692K(659968K)
[15354.703s][info][gc,metaspace   ] GC(33592) Metaspace: 62382K(62592K)->62382K(62592K) NonClass: 53335K(53504K)->53335K(53504K) Class: 9046K(9088K)->9046K(9088K)
[15354.703s][info][gc             ] GC(33592) Pause Young (Allocation Failure) 723M->644M(727M) 3.870ms
[15354.703s][info][gc,cpu         ] GC(33592) User=0.01s Sys=0.00s Real=0.00s
[15355.110s][info][gc,start       ] GC(33593) Pause Young (Allocation Failure)
[15355.114s][info][gc,heap        ] GC(33593) PSYoungGen: 83200K(84480K)->1568K(84480K) Eden: 81920K(81920K)->0K(81920K) From: 1280K(2560K)->1568K(2560K)
[15355.114s][info][gc,heap        ] GC(33593) ParOldGen: 658692K(659968K)->658740K(659968K)
[15355.114s][info][gc,metaspace   ] GC(33593) Metaspace: 62382K(62592K)->62382K(62592K) NonClass: 53335K(53504K)->53335K(53504K) Class: 9046K(9088K)->9046K(9088K)
[15355.114s][info][gc             ] GC(33593) Pause Young (Allocation Failure) 724M->644M(727M) 3.721ms
[15355.114s][info][gc,cpu         ] GC(33593) User=0.01s Sys=0.00s Real=0.00s
[15355.534s][info][gc,start       ] GC(33594) Pause Young (Allocation Failure)
[15355.537s][info][gc,heap        ] GC(33594) PSYoungGen: 83488K(84480K)->384K(84480K) Eden: 81920K(81920K)->0K(81920K) From: 1568K(2560K)->384K(2560K)
[15355.537s][info][gc,heap        ] GC(33594) ParOldGen: 658740K(659968K)->658796K(659968K)
[15355.537s][info][gc,metaspace   ] GC(33594) Metaspace: 62382K(62592K)->62382K(62592K) NonClass: 53335K(53504K)->53335K(53504K) Class: 9046K(9088K)->9046K(9088K)
[15355.537s][info][gc             ] GC(33594) Pause Young (Allocation Failure) 724M->643M(727M) 2.619ms
[15355.537s][info][gc,cpu         ] GC(33594) User=0.00s Sys=0.00s Real=0.01s
[15356.002s][info][gc,start       ] GC(33595) Pause Young (Allocation Failure)
[15356.006s][info][gc,heap        ] GC(33595) PSYoungGen: 82304K(84480K)->1312K(84480K) Eden: 81920K(81920K)->0K(81920K) From: 384K(2560K)->1312K(2560K)
[15356.006s][info][gc,heap        ] GC(33595) ParOldGen: 658796K(659968K)->658852K(659968K)
[15356.006s][info][gc,metaspace   ] GC(33595) Metaspace: 62382K(62592K)->62382K(62592K) NonClass: 53335K(53504K)->53335K(53504K) Class: 9046K(9088K)->9046K(9088K)
[15356.006s][info][gc             ] GC(33595) Pause Young (Allocation Failure) 723M->644M(727M) 3.709ms
[15356.006s][info][gc,cpu         ] GC(33595) User=0.00s Sys=0.00s Real=0.01s
[15356.468s][info][gc,start       ] GC(33596) Pause Young (Allocation Failure)
[15356.471s][info][gc,heap        ] GC(33596) PSYoungGen: 83232K(84480K)->832K(84480K) Eden: 81920K(81920K)->0K(81920K) From: 1312K(2560K)->832K(2560K)
[15356.471s][info][gc,heap        ] GC(33596) ParOldGen: 658852K(659968K)->658900K(659968K)
[15356.471s][info][gc,metaspace   ] GC(33596) Metaspace: 62382K(62592K)->62382K(62592K) NonClass: 53335K(53504K)->53335K(53504K) Class: 9046K(9088K)->9046K(9088K)
[15356.471s][info][gc             ] GC(33596) Pause Young (Allocation Failure) 724M->644M(727M) 3.036ms
[15356.471s][info][gc,cpu         ] GC(33596) User=0.01s Sys=0.00s Real=0.00s
[15356.937s][info][gc,start       ] GC(33597) Pause Young (Allocation Failure)
[15356.940s][info][gc,heap        ] GC(33597) PSYoungGen: 82752K(84480K)->320K(84480K) Eden: 81920K(81920K)->0K(81920K) From: 832K(2560K)->320K(2560K)
[15356.940s][info][gc,heap        ] GC(33597) ParOldGen: 658900K(659968K)->658956K(659968K)
[15356.940s][info][gc,metaspace   ] GC(33597) Metaspace: 62382K(62592K)->62382K(62592K) NonClass: 53335K(53504K)->53335K(53504K) Class: 9046K(9088K)->9046K(9088K)
[15356.940s][info][gc             ] GC(33597) Pause Young (Allocation Failure) 724M->643M(727M) 2.743ms
[15356.940s][info][gc,cpu         ] GC(33597) User=0.01s Sys=0.00s Real=0.00s
[15357.389s][info][gc,start       ] GC(33598) Pause Young (Allocation Failure)
[15357.392s][info][gc,heap        ] GC(33598) PSYoungGen: 82240K(84480K)->1152K(84480K) Eden: 81920K(81920K)->0K(81920K) From: 320K(2560K)->1152K(2560K)
[15357.392s][info][gc,heap        ] GC(33598) ParOldGen: 658956K(659968K)->659004K(659968K)
[15357.392s][info][gc,metaspace   ] GC(33598) Metaspace: 62382K(62592K)->62382K(62592K) NonClass: 53335K(53504K)->53335K(53504K) Class: 9046K(9088K)->9046K(9088K)
[15357.392s][info][gc             ] GC(33598) Pause Young (Allocation Failure) 723M->644M(727M) 3.328ms
[15357.392s][info][gc,cpu         ] GC(33598) User=0.01s Sys=0.00s Real=0.00s
[15357.790s][info][gc,start       ] GC(33599) Pause Young (Allocation Failure)
[15357.793s][info][gc,heap        ] GC(33599) PSYoungGen: 83072K(84480K)->1312K(84480K) Eden: 81920K(81920K)->0K(81920K) From: 1152K(2560K)->1312K(2560K)
[15357.794s][info][gc,heap        ] GC(33599) ParOldGen: 659004K(659968K)->659052K(659968K)
[15357.794s][info][gc,metaspace   ] GC(33599) Metaspace: 62382K(62592K)->62382K(62592K) NonClass: 53335K(53504K)->53335K(53504K) Class: 9046K(9088K)->9046K(9088K)
[15357.794s][info][gc             ] GC(33599) Pause Young (Allocation Failure) 724M->644M(727M) 3.391ms
[15357.794s][info][gc,cpu         ] GC(33599) User=0.01s Sys=0.01s Real=0.00s
[15358.187s][info][gc,start       ] GC(33600) Pause Young (Allocation Failure)
[15358.190s][info][gc,heap        ] GC(33600) PSYoungGen: 83232K(84480K)->1280K(84480K) Eden: 81920K(81920K)->0K(81920K) From: 1312K(2560K)->1280K(2560K)
[15358.190s][info][gc,heap        ] GC(33600) ParOldGen: 659052K(659968K)->659108K(659968K)
[15358.190s][info][gc,metaspace   ] GC(33600) Metaspace: 62382K(62592K)->62382K(62592K) NonClass: 53335K(53504K)->53335K(53504K) Class: 9046K(9088K)->9046K(9088K)
[15358.190s][info][gc             ] GC(33600) Pause Young (Allocation Failure) 724M->644M(727M) 3.365ms
[15358.190s][info][gc,cpu         ] GC(33600) User=0.00s Sys=0.00s Real=0.00s
[15358.682s][info][gc,start       ] GC(33601) Pause Young (Allocation Failure)
[15358.686s][info][gc,heap        ] GC(33601) PSYoungGen: 83200K(84480K)->2048K(84480K) Eden: 81920K(81920K)->0K(81920K) From: 1280K(2560K)->2048K(2560K)
[15358.686s][info][gc,heap        ] GC(33601) ParOldGen: 659108K(659968K)->660188K(661504K)
[15358.686s][info][gc,metaspace   ] GC(33601) Metaspace: 62382K(62592K)->62382K(62592K) NonClass: 53335K(53504K)->53335K(53504K) Class: 9046K(9088K)->9046K(9088K)
[15358.686s][info][gc             ] GC(33601) Pause Young (Allocation Failure) 724M->646M(728M) 3.913ms
[15358.686s][info][gc,cpu         ] GC(33601) User=0.00s Sys=0.00s Real=0.01s
[15359.171s][info][gc,start       ] GC(33602) Pause Young (Allocation Failure)
[15359.175s][info][gc,heap        ] GC(33602) PSYoungGen: 83968K(84480K)->864K(84480K) Eden: 81920K(81920K)->0K(81920K) From: 2048K(2560K)->864K(2560K)
[15359.175s][info][gc,heap        ] GC(33602) ParOldGen: 660188K(661504K)->662292K(663040K)
[15359.175s][info][gc,metaspace   ] GC(33602) Metaspace: 62382K(62592K)->62382K(62592K) NonClass: 53335K(53504K)->53335K(53504K) Class: 9046K(9088K)->9046K(9088K)
[15359.176s][info][gc             ] GC(33602) Pause Young (Allocation Failure) 726M->647M(730M) 4.130ms
[15359.176s][info][gc,cpu         ] GC(33602) User=0.01s Sys=0.00s Real=0.00s
[15359.639s][info][gc,start       ] GC(33603) Pause Young (Allocation Failure)
[15359.641s][info][gc,heap        ] GC(33603) PSYoungGen: 82784K(84480K)->384K(84480K) Eden: 81920K(81920K)->0K(81920K) From: 864K(2560K)->384K(2560K)
[15359.641s][info][gc,heap        ] GC(33603) ParOldGen: 662292K(663040K)->662348K(663040K)
[15359.641s][info][gc,metaspace   ] GC(33603) Metaspace: 62382K(62592K)->62382K(62592K) NonClass: 53335K(53504K)->53335K(53504K) Class: 9046K(9088K)->9046K(9088K)
[15359.641s][info][gc             ] GC(33603) Pause Young (Allocation Failure) 727M->647M(730M) 2.747ms
[15359.641s][info][gc,cpu         ] GC(33603) User=0.00s Sys=0.00s Real=0.00s
[15360.137s][info][gc,start       ] GC(33604) Pause Young (Allocation Failure)
[15360.140s][info][gc,heap        ] GC(33604) PSYoungGen: 82304K(84480K)->384K(84480K) Eden: 81920K(81920K)->0K(81920K) From: 384K(2560K)->384K(2560K)
[15360.140s][info][gc,heap        ] GC(33604) ParOldGen: 662348K(663040K)->662396K(663040K)
[15360.140s][info][gc,metaspace   ] GC(33604) Metaspace: 62382K(62592K)->62382K(62592K) NonClass: 53335K(53504K)->53335K(53504K) Class: 9046K(9088K)->9046K(9088K)
[15360.140s][info][gc             ] GC(33604) Pause Young (Allocation Failure) 727M->647M(730M) 2.728ms
[15360.140s][info][gc,cpu         ] GC(33604) User=0.00s Sys=0.00s Real=0.00s
[15360.638s][info][gc,start       ] GC(33605) Pause Young (Allocation Failure)
[15360.640s][info][gc,heap        ] GC(33605) PSYoungGen: 82304K(84480K)->512K(84480K) Eden: 81920K(81920K)->0K(81920K) From: 384K(2560K)->512K(2560K)
[15360.640s][info][gc,heap        ] GC(33605) ParOldGen: 662396K(663040K)->662444K(663040K)
[15360.640s][info][gc,metaspace   ] GC(33605) Metaspace: 62382K(62592K)->62382K(62592K) NonClass: 53335K(53504K)->53335K(53504K) Class: 9046K(9088K)->9046K(9088K)
[15360.641s][info][gc             ] GC(33605) Pause Young (Allocation Failure) 727M->647M(730M) 2.849ms
[15360.641s][info][gc,cpu         ] GC(33605) User=0.00s Sys=0.00s Real=0.00s
[15361.107s][info][gc,start       ] GC(33606) Pause Young (Allocation Failure)
[15361.110s][info][gc,heap        ] GC(33606) PSYoungGen: 82432K(84480K)->1312K(84480K) Eden: 81920K(81920K)->0K(81920K) From: 512K(2560K)->1312K(2560K)
[15361.110s][info][gc,heap        ] GC(33606) ParOldGen: 662444K(663040K)->662548K(663040K)
[15361.110s][info][gc,metaspace   ] GC(33606) Metaspace: 62382K(62592K)->62382K(62592K) NonClass: 53335K(53504K)->53335K(53504K) Class: 9046K(9088K)->9046K(9088K)
[15361.110s][info][gc             ] GC(33606) Pause Young (Allocation Failure) 727M->648M(730M) 3.479ms
[15361.110s][info][gc,cpu         ] GC(33606) User=0.00s Sys=0.00s Real=0.00s
[15361.592s][info][gc,start       ] GC(33607) Pause Young (Allocation Failure)
[15361.595s][info][gc,heap        ] GC(33607) PSYoungGen: 83232K(84480K)->1120K(84480K) Eden: 81920K(81920K)->0K(81920K) From: 1312K(2560K)->1120K(2560K)
[15361.595s][info][gc,heap        ] GC(33607) ParOldGen: 662548K(663040K)->662596K(663040K)
[15361.595s][info][gc,metaspace   ] GC(33607) Metaspace: 62382K(62592K)->62382K(62592K) NonClass: 53335K(53504K)->53335K(53504K) Class: 9046K(9088K)->9046K(9088K)
[15361.595s][info][gc             ] GC(33607) Pause Young (Allocation Failure) 728M->648M(730M) 3.264ms
[15361.595s][info][gc,cpu         ] GC(33607) User=0.00s Sys=0.00s Real=0.00s
[15362.088s][info][gc,start       ] GC(33608) Pause Young (Allocation Failure)
[15362.091s][info][gc,heap        ] GC(33608) PSYoungGen: 83040K(84480K)->1120K(84480K) Eden: 81920K(81920K)->0K(81920K) From: 1120K(2560K)->1120K(2560K)
[15362.091s][info][gc,heap        ] GC(33608) ParOldGen: 662596K(663040K)->662644K(663040K)
[15362.091s][info][gc,metaspace   ] GC(33608) Metaspace: 62382K(62592K)->62382K(62592K) NonClass: 53335K(53504K)->53335K(53504K) Class: 9046K(9088K)->9046K(9088K)
[15362.091s][info][gc             ] GC(33608) Pause Young (Allocation Failure) 728M->648M(730M) 3.309ms
[15362.091s][info][gc,cpu         ] GC(33608) User=0.00s Sys=0.00s Real=0.00s
[15362.565s][info][gc,start       ] GC(33609) Pause Young (Allocation Failure)
[15362.568s][info][gc,heap        ] GC(33609) PSYoungGen: 83040K(84480K)->800K(84480K) Eden: 81920K(81920K)->0K(81920K) From: 1120K(2560K)->800K(2560K)
[15362.568s][info][gc,heap        ] GC(33609) ParOldGen: 662644K(663040K)->662692K(663040K)
[15362.568s][info][gc,metaspace   ] GC(33609) Metaspace: 62382K(62592K)->62382K(62592K) NonClass: 53335K(53504K)->53335K(53504K) Class: 9046K(9088K)->9046K(9088K)
[15362.568s][info][gc             ] GC(33609) Pause Young (Allocation Failure) 728M->647M(730M) 3.025ms
[15362.568s][info][gc,cpu         ] GC(33609) User=0.01s Sys=0.00s Real=0.01s
[15363.048s][info][gc,start       ] GC(33610) Pause Young (Allocation Failure)
[15363.051s][info][gc,heap        ] GC(33610) PSYoungGen: 82720K(84480K)->576K(84992K) Eden: 81920K(81920K)->0K(82944K) From: 800K(2560K)->576K(2048K)
[15363.051s][info][gc,heap        ] GC(33610) ParOldGen: 662692K(663040K)->662748K(663040K)
[15363.051s][info][gc,metaspace   ] GC(33610) Metaspace: 62382K(62592K)->62382K(62592K) NonClass: 53335K(53504K)->53335K(53504K) Class: 9046K(9088K)->9046K(9088K)
[15363.051s][info][gc             ] GC(33610) Pause Young (Allocation Failure) 727M->647M(730M) 2.786ms
[15363.051s][info][gc,cpu         ] GC(33610) User=0.01s Sys=0.00s Real=0.00s
[15363.562s][info][gc,start       ] GC(33611) Pause Young (Allocation Failure)
[15363.565s][info][gc,heap        ] GC(33611) PSYoungGen: 83520K(84992K)->768K(84992K) Eden: 82944K(82944K)->0K(82944K) From: 576K(2048K)->768K(2048K)
[15363.565s][info][gc,heap        ] GC(33611) ParOldGen: 662748K(663040K)->662796K(663040K)
[15363.565s][info][gc,metaspace   ] GC(33611) Metaspace: 62382K(62592K)->62382K(62592K) NonClass: 53335K(53504K)->53335K(53504K) Class: 9046K(9088K)->9046K(9088K)
[15363.565s][info][gc             ] GC(33611) Pause Young (Allocation Failure) 728M->648M(730M) 2.948ms
[15363.565s][info][gc,cpu         ] GC(33611) User=0.00s Sys=0.00s Real=0.00s
[15364.022s][info][gc,start       ] GC(33612) Pause Young (Allocation Failure)
[15364.025s][info][gc,heap        ] GC(33612) PSYoungGen: 83712K(84992K)->1248K(84992K) Eden: 82944K(82944K)->0K(82944K) From: 768K(2048K)->1248K(2048K)
[15364.025s][info][gc,heap        ] GC(33612) ParOldGen: 662796K(663040K)->663868K(664576K)
[15364.025s][info][gc,metaspace   ] GC(33612) Metaspace: 62382K(62592K)->62382K(62592K) NonClass: 53335K(53504K)->53335K(53504K) Class: 9046K(9088K)->9046K(9088K)
[15364.025s][info][gc             ] GC(33612) Pause Young (Allocation Failure) 729M->649M(732M) 3.277ms
[15364.025s][info][gc,cpu         ] GC(33612) User=0.00s Sys=0.00s Real=0.00s
[15364.497s][info][gc,start       ] GC(33613) Pause Young (Allocation Failure)
[15364.501s][info][gc,heap        ] GC(33613) PSYoungGen: 84192K(84992K)->1184K(84992K) Eden: 82944K(82944K)->0K(82944K) From: 1248K(2048K)->1184K(2048K)
[15364.501s][info][gc,heap        ] GC(33613) ParOldGen: 663868K(664576K)->664940K(666112K)
[15364.501s][info][gc,metaspace   ] GC(33613) Metaspace: 62382K(62592K)->62382K(62592K) NonClass: 53335K(53504K)->53335K(53504K) Class: 9046K(9088K)->9046K(9088K)
[15364.501s][info][gc             ] GC(33613) Pause Young (Allocation Failure) 730M->650M(733M) 3.784ms
[15364.501s][info][gc,cpu         ] GC(33613) User=0.01s Sys=0.00s Real=0.00s
[15364.960s][info][gc,start       ] GC(33614) Pause Young (Allocation Failure)
[15364.963s][info][gc,heap        ] GC(33614) PSYoungGen: 84128K(84992K)->800K(84992K) Eden: 82944K(82944K)->0K(82944K) From: 1184K(2048K)->800K(2048K)
[15364.963s][info][gc,heap        ] GC(33614) ParOldGen: 664940K(666112K)->664996K(666112K)
[15364.963s][info][gc,metaspace   ] GC(33614) Metaspace: 62382K(62592K)->62382K(62592K) NonClass: 53335K(53504K)->53335K(53504K) Class: 9046K(9088K)->9046K(9088K)
[15364.963s][info][gc             ] GC(33614) Pause Young (Allocation Failure) 731M->650M(733M) 3.103ms
[15364.963s][info][gc,cpu         ] GC(33614) User=0.00s Sys=0.00s Real=0.00s
[15365.427s][info][gc,start       ] GC(33615) Pause Young (Allocation Failure)
[15365.429s][info][gc,heap        ] GC(33615) PSYoungGen: 83744K(84992K)->224K(84992K) Eden: 82944K(82944K)->0K(82944K) From: 800K(2048K)->224K(2048K)
[15365.429s][info][gc,heap        ] GC(33615) ParOldGen: 664996K(666112K)->665052K(666112K)
[15365.429s][info][gc,metaspace   ] GC(33615) Metaspace: 62382K(62592K)->62382K(62592K) NonClass: 53336K(53504K)->53336K(53504K) Class: 9046K(9088K)->9046K(9088K)
[15365.429s][info][gc             ] GC(33615) Pause Young (Allocation Failure) 731M->649M(733M) 2.589ms
[15365.429s][info][gc,cpu         ] GC(33615) User=0.01s Sys=0.00s Real=0.00s
[15365.911s][info][gc,start       ] GC(33616) Pause Young (Allocation Failure)
[15365.914s][info][gc,heap        ] GC(33616) PSYoungGen: 83168K(84992K)->1408K(84992K) Eden: 82944K(82944K)->0K(82944K) From: 224K(2048K)->1408K(2048K)
[15365.914s][info][gc,heap        ] GC(33616) ParOldGen: 665052K(666112K)->665100K(666112K)
[15365.914s][info][gc,metaspace   ] GC(33616) Metaspace: 62382K(62592K)->62382K(62592K) NonClass: 53336K(53504K)->53336K(53504K) Class: 9046K(9088K)->9046K(9088K)
[15365.914s][info][gc             ] GC(33616) Pause Young (Allocation Failure) 730M->650M(733M) 3.730ms
[15365.914s][info][gc,cpu         ] GC(33616) User=0.01s Sys=0.00s Real=0.00s
[15366.377s][info][gc,start       ] GC(33617) Pause Young (Allocation Failure)
[15366.380s][info][gc,heap        ] GC(33617) PSYoungGen: 84352K(84992K)->992K(84992K) Eden: 82944K(82944K)->0K(82944K) From: 1408K(2048K)->992K(2048K)
[15366.380s][info][gc,heap        ] GC(33617) ParOldGen: 665100K(666112K)->665148K(666112K)
[15366.380s][info][gc,metaspace   ] GC(33617) Metaspace: 62382K(62592K)->62382K(62592K) NonClass: 53336K(53504K)->53336K(53504K) Class: 9046K(9088K)->9046K(9088K)
[15366.380s][info][gc             ] GC(33617) Pause Young (Allocation Failure) 731M->650M(733M) 3.162ms
[15366.380s][info][gc,cpu         ] GC(33617) User=0.01s Sys=0.00s Real=0.00s
[15366.856s][info][gc,start       ] GC(33618) Pause Young (Allocation Failure)
[15366.859s][info][gc,heap        ] GC(33618) PSYoungGen: 83936K(84992K)->704K(84992K) Eden: 82944K(82944K)->0K(82944K) From: 992K(2048K)->704K(2048K)
[15366.859s][info][gc,heap        ] GC(33618) ParOldGen: 665148K(666112K)->665196K(666112K)
[15366.859s][info][gc,metaspace   ] GC(33618) Metaspace: 62386K(62592K)->62386K(62592K) NonClass: 53339K(53504K)->53339K(53504K) Class: 9046K(9088K)->9046K(9088K)
[15366.859s][info][gc             ] GC(33618) Pause Young (Allocation Failure) 731M->650M(733M) 2.961ms
[15366.859s][info][gc,cpu         ] GC(33618) User=0.01s Sys=0.00s Real=0.00s
[15367.305s][info][gc,start       ] GC(33619) Pause Young (Allocation Failure)
[15367.308s][info][gc,heap        ] GC(33619) PSYoungGen: 83648K(84992K)->1408K(84992K) Eden: 82944K(82944K)->0K(82944K) From: 704K(2048K)->1408K(2048K)
[15367.308s][info][gc,heap        ] GC(33619) ParOldGen: 665196K(666112K)->665244K(666112K)
[15367.308s][info][gc,metaspace   ] GC(33619) Metaspace: 62386K(62592K)->62386K(62592K) NonClass: 53339K(53504K)->53339K(53504K) Class: 9046K(9088K)->9046K(9088K)
[15367.308s][info][gc             ] GC(33619) Pause Young (Allocation Failure) 731M->651M(733M) 3.460ms
[15367.308s][info][gc,cpu         ] GC(33619) User=0.01s Sys=0.00s Real=0.01s
[15367.755s][info][gc,start       ] GC(33620) Pause Young (Allocation Failure)
[15367.758s][info][gc,heap        ] GC(33620) PSYoungGen: 84352K(84992K)->704K(84992K) Eden: 82944K(82944K)->0K(82944K) From: 1408K(2048K)->704K(2048K)
[15367.758s][info][gc,heap        ] GC(33620) ParOldGen: 665244K(666112K)->665292K(666112K)
[15367.758s][info][gc,metaspace   ] GC(33620) Metaspace: 62386K(62592K)->62386K(62592K) NonClass: 53339K(53504K)->53339K(53504K) Class: 9046K(9088K)->9046K(9088K)
[15367.758s][info][gc             ] GC(33620) Pause Young (Allocation Failure) 732M->650M(733M) 2.891ms
[15367.758s][info][gc,cpu         ] GC(33620) User=0.00s Sys=0.00s Real=0.01s
[15368.229s][info][gc,start       ] GC(33621) Pause Young (Allocation Failure)
[15368.233s][info][gc,heap        ] GC(33621) PSYoungGen: 83648K(84992K)->272K(84992K) Eden: 82944K(82944K)->0K(82944K) From: 704K(2048K)->272K(2048K)
[15368.233s][info][gc,heap        ] GC(33621) ParOldGen: 665292K(666112K)->665340K(666112K)
[15368.233s][info][gc,metaspace   ] GC(33621) Metaspace: 62386K(62592K)->62386K(62592K) NonClass: 53339K(53504K)->53339K(53504K) Class: 9046K(9088K)->9046K(9088K)
[15368.233s][info][gc             ] GC(33621) Pause Young (Allocation Failure) 731M->650M(733M) 3.994ms
[15368.233s][info][gc,cpu         ] GC(33621) User=0.01s Sys=0.00s Real=0.00s
[15368.696s][info][gc,start       ] GC(33622) Pause Young (Allocation Failure)
[15368.700s][info][gc,heap        ] GC(33622) PSYoungGen: 83216K(84992K)->2016K(83968K) Eden: 82944K(82944K)->0K(81920K) From: 272K(2048K)->2016K(2048K)
[15368.700s][info][gc,heap        ] GC(33622) ParOldGen: 665340K(666112K)->665572K(666112K)
[15368.700s][info][gc,metaspace   ] GC(33622) Metaspace: 62386K(62592K)->62386K(62592K) NonClass: 53339K(53504K)->53339K(53504K) Class: 9046K(9088K)->9046K(9088K)
[15368.700s][info][gc             ] GC(33622) Pause Young (Allocation Failure) 731M->651M(732M) 3.646ms
[15368.700s][info][gc,cpu         ] GC(33622) User=0.01s Sys=0.00s Real=0.00s
[15369.131s][info][gc,start       ] GC(33623) Pause Young (Allocation Failure)
[15369.134s][info][gc,heap        ] GC(33623) PSYoungGen: 83936K(83968K)->320K(84480K) Eden: 81920K(81920K)->0K(81920K) From: 2016K(2048K)->320K(2560K)
[15369.134s][info][gc,heap        ] GC(33623) ParOldGen: 665572K(666112K)->667644K(667648K)
[15369.134s][info][gc,metaspace   ] GC(33623) Metaspace: 62386K(62592K)->62386K(62592K) NonClass: 53339K(53504K)->53339K(53504K) Class: 9046K(9088K)->9046K(9088K)
[15369.134s][info][gc             ] GC(33623) Pause Young (Allocation Failure) 731M->652M(734M) 3.711ms
[15369.134s][info][gc,cpu         ] GC(33623) User=0.01s Sys=0.00s Real=0.00s
[15369.552s][info][gc,start       ] GC(33624) Pause Full (Allocation Failure)
[15369.553s][info][gc,phases,start] GC(33624) Marking Phase
[15369.620s][info][gc,phases      ] GC(33624) Marking Phase 67.759ms
[15369.620s][info][gc,phases,start] GC(33624) Summary Phase
[15369.620s][info][gc,phases      ] GC(33624) Summary Phase 0.026ms
[15369.620s][info][gc,phases,start] GC(33624) Forward
[15369.626s][info][gc,phases      ] GC(33624) Forward 6.086ms
[15369.626s][info][gc,phases,start] GC(33624) Adjust Pointers
[15369.654s][info][gc,phases      ] GC(33624) Adjust Pointers 27.818ms
[15369.654s][info][gc,phases,start] GC(33624) Compaction Phase
[15369.670s][info][gc,phases      ] GC(33624) Compaction Phase 15.153ms
[15369.670s][info][gc,phases,start] GC(33624) Post Compact
[15369.672s][info][metaspace      ] ChkMgr @0x00007f382803ede0 (non-class-space): : reclaiming memory...
[15369.672s][info][metaspace      ] ChkMgr @0x00007f382803ede0 (non-class-space): nothing reclaimed.
[15369.672s][info][metaspace      ] ChkMgr @0x00007f382803ebf0 (class-space): : reclaiming memory...
[15369.672s][info][metaspace      ] ChkMgr @0x00007f382803ebf0 (class-space): nothing reclaimed.
[15369.672s][info][gc,phases      ] GC(33624) Post Compact 2.349ms
[15369.713s][info][gc,heap        ] GC(33624) PSYoungGen: 82240K(84480K)->0K(84480K) Eden: 81920K(81920K)->0K(81920K) From: 320K(2560K)->0K(2560K)
[15369.713s][info][gc,heap        ] GC(33624) ParOldGen: 667644K(667648K)->113295K(175104K)
[15369.713s][info][gc,metaspace   ] GC(33624) Metaspace: 62386K(62592K)->62361K(62592K) NonClass: 53339K(53504K)->53315K(53504K) Class: 9046K(9088K)->9046K(9088K)
[15369.713s][info][gc             ] GC(33624) Pause Full (Allocation Failure) 732M->110M(253M) 160.287ms
[15369.713s][info][gc,cpu         ] GC(33624) User=0.20s Sys=0.04s Real=0.16s
[15370.151s][info][gc,start       ] GC(33625) Pause Young (Allocation Failure)
[15370.153s][info][gc,heap        ] GC(33625) PSYoungGen: 81920K(84480K)->640K(84480K) Eden: 81920K(81920K)->0K(81920K) From: 0K(2560K)->640K(2560K)
[15370.153s][info][gc,heap        ] GC(33625) ParOldGen: 113295K(175104K)->113295K(175104K)
[15370.153s][info][gc,metaspace   ] GC(33625) Metaspace: 62361K(62592K)->62361K(62592K) NonClass: 53315K(53504K)->53315K(53504K) Class: 9046K(9088K)->9046K(9088K)
[15370.153s][info][gc             ] GC(33625) Pause Young (Allocation Failure) 190M->111M(253M) 1.753ms
[15370.153s][info][gc,cpu         ] GC(33625) User=0.00s Sys=0.00s Real=0.00s
[15370.581s][info][gc,start       ] GC(33626) Pause Young (Allocation Failure)
[15370.583s][info][gc,heap        ] GC(33626) PSYoungGen: 82560K(84480K)->1088K(84480K) Eden: 81920K(81920K)->0K(81920K) From: 640K(2560K)->1088K(2560K)
[15370.583s][info][gc,heap        ] GC(33626) ParOldGen: 113295K(175104K)->113343K(175104K)
[15370.583s][info][gc,metaspace   ] GC(33626) Metaspace: 62361K(62592K)->62361K(62592K) NonClass: 53315K(53504K)->53315K(53504K) Class: 9046K(9088K)->9046K(9088K)
[15370.583s][info][gc             ] GC(33626) Pause Young (Allocation Failure) 191M->111M(253M) 2.158ms
[15370.583s][info][gc,cpu         ] GC(33626) User=0.00s Sys=0.00s Real=0.00s
[15371.015s][info][gc,start       ] GC(33627) Pause Young (Allocation Failure)
[15371.017s][info][gc,heap        ] GC(33627) PSYoungGen: 83008K(84480K)->1568K(84480K) Eden: 81920K(81920K)->0K(81920K) From: 1088K(2560K)->1568K(2560K)
[15371.017s][info][gc,heap        ] GC(33627) ParOldGen: 113343K(175104K)->113391K(175104K)
[15371.017s][info][gc,metaspace   ] GC(33627) Metaspace: 62361K(62592K)->62361K(62592K) NonClass: 53315K(53504K)->53315K(53504K) Class: 9046K(9088K)->9046K(9088K)
[15371.017s][info][gc             ] GC(33627) Pause Young (Allocation Failure) 191M->112M(253M) 2.637ms
[15371.017s][info][gc,cpu         ] GC(33627) User=0.00s Sys=0.00s Real=0.01s
[15371.452s][info][gc,start       ] GC(33628) Pause Young (Allocation Failure)
[15371.454s][info][gc,heap        ] GC(33628) PSYoungGen: 83488K(84480K)->672K(84480K) Eden: 81920K(81920K)->0K(81920K) From: 1568K(2560K)->672K(2560K)
[15371.454s][info][gc,heap        ] GC(33628) ParOldGen: 113391K(175104K)->113439K(175104K)
[15371.454s][info][gc,metaspace   ] GC(33628) Metaspace: 62361K(62592K)->62361K(62592K) NonClass: 53315K(53504K)->53315K(53504K) Class: 9046K(9088K)->9046K(9088K)
[15371.454s][info][gc             ] GC(33628) Pause Young (Allocation Failure) 192M->111M(253M) 1.776ms
[15371.454s][info][gc,cpu         ] GC(33628) User=0.01s Sys=0.00s Real=0.00s
[15371.874s][info][gc,start       ] GC(33629) Pause Young (Allocation Failure)
[15371.876s][info][gc,heap        ] GC(33629) PSYoungGen: 82592K(84480K)->1024K(84480K) Eden: 81920K(81920K)->0K(81920K) From: 672K(2560K)->1024K(2560K)
[15371.876s][info][gc,heap        ] GC(33629) ParOldGen: 113439K(175104K)->113487K(175104K)
[15371.876s][info][gc,metaspace   ] GC(33629) Metaspace: 62361K(62592K)->62361K(62592K) NonClass: 53315K(53504K)->53315K(53504K) Class: 9046K(9088K)->9046K(9088K)
[15371.876s][info][gc             ] GC(33629) Pause Young (Allocation Failure) 191M->111M(253M) 2.172ms
[15371.876s][info][gc,cpu         ] GC(33629) User=0.00s Sys=0.00s Real=0.01s
[15372.312s][info][gc,start       ] GC(33630) Pause Young (Allocation Failure)
[15372.315s][info][gc,heap        ] GC(33630) PSYoungGen: 82944K(84480K)->1536K(84480K) Eden: 81920K(81920K)->0K(81920K) From: 1024K(2560K)->1536K(2560K)
[15372.315s][info][gc,heap        ] GC(33630) ParOldGen: 113487K(175104K)->113535K(175104K)
[15372.315s][info][gc,metaspace   ] GC(33630) Metaspace: 62361K(62592K)->62361K(62592K) NonClass: 53315K(53504K)->53315K(53504K) Class: 9046K(9088K)->9046K(9088K)
[15372.315s][info][gc             ] GC(33630) Pause Young (Allocation Failure) 191M->112M(253M) 2.562ms
[15372.315s][info][gc,cpu         ] GC(33630) User=0.01s Sys=0.01s Real=0.00s
[15372.744s][info][gc,start       ] GC(33631) Pause Young (Allocation Failure)
[15372.746s][info][gc,heap        ] GC(33631) PSYoungGen: 83456K(84480K)->544K(84480K) Eden: 81920K(81920K)->0K(81920K) From: 1536K(2560K)->544K(2560K)
[15372.746s][info][gc,heap        ] GC(33631) ParOldGen: 113535K(175104K)->113583K(175104K)
[15372.746s][info][gc,metaspace   ] GC(33631) Metaspace: 62361K(62592K)->62361K(62592K) NonClass: 53315K(53504K)->53315K(53504K) Class: 9046K(9088K)->9046K(9088K)
[15372.746s][info][gc             ] GC(33631) Pause Young (Allocation Failure) 192M->111M(253M) 1.682ms
[15372.746s][info][gc,cpu         ] GC(33631) User=0.00s Sys=0.00s Real=0.01s
[15373.152s][info][gc,start       ] GC(33632) Pause Young (Allocation Failure)
[15373.153s][info][gc,heap        ] GC(33632) PSYoungGen: 82464K(84480K)->1664K(84480K) Eden: 81920K(81920K)->0K(81920K) From: 544K(2560K)->1664K(2560K)
[15373.154s][info][gc,heap        ] GC(33632) ParOldGen: 113583K(175104K)->113639K(175104K)
[15373.154s][info][gc,metaspace   ] GC(33632) Metaspace: 62361K(62592K)->62361K(62592K) NonClass: 53315K(53504K)->53315K(53504K) Class: 9046K(9088K)->9046K(9088K)
[15373.154s][info][gc             ] GC(33632) Pause Young (Allocation Failure) 191M->112M(253M) 1.945ms
[15373.154s][info][gc,cpu         ] GC(33632) User=0.01s Sys=0.00s Real=0.00s
[15373.602s][info][gc,start       ] GC(33633) Pause Young (Allocation Failure)
[15373.605s][info][gc,heap        ] GC(33633) PSYoungGen: 83583K(84480K)->1280K(84480K) Eden: 81919K(81920K)->0K(81920K) From: 1664K(2560K)->1280K(2560K)
[15373.605s][info][gc,heap        ] GC(33633) ParOldGen: 113639K(175104K)->114719K(175104K)
[15373.605s][info][gc,metaspace   ] GC(33633) Metaspace: 62361K(62592K)->62361K(62592K) NonClass: 53315K(53504K)->53315K(53504K) Class: 9046K(9088K)->9046K(9088K)
[15373.605s][info][gc             ] GC(33633) Pause Young (Allocation Failure) 192M->113M(253M) 2.486ms
[15373.605s][info][gc,cpu         ] GC(33633) User=0.01s Sys=0.00s Real=0.00s
[15373.982s][info][gc,start       ] GC(33634) Pause Young (Allocation Failure)
[15373.985s][info][gc,heap        ] GC(33634) PSYoungGen: 83200K(84480K)->1312K(84480K) Eden: 81920K(81920K)->0K(81920K) From: 1280K(2560K)->1312K(2560K)
[15373.985s][info][gc,heap        ] GC(33634) ParOldGen: 114719K(175104K)->114775K(175104K)
[15373.985s][info][gc,metaspace   ] GC(33634) Metaspace: 62361K(62592K)->62361K(62592K) NonClass: 53315K(53504K)->53315K(53504K) Class: 9046K(9088K)->9046K(9088K)
[15373.985s][info][gc             ] GC(33634) Pause Young (Allocation Failure) 193M->113M(253M) 2.327ms
[15373.985s][info][gc,cpu         ] GC(33634) User=0.01s Sys=0.00s Real=0.00s
[15374.339s][info][gc,start       ] GC(33635) Pause Young (Allocation Failure)
[15374.341s][info][gc,heap        ] GC(33635) PSYoungGen: 83232K(84480K)->544K(84480K) Eden: 81920K(81920K)->0K(81920K) From: 1312K(2560K)->544K(2560K)
[15374.341s][info][gc,heap        ] GC(33635) ParOldGen: 114775K(175104K)->114823K(175104K)
[15374.341s][info][gc,metaspace   ] GC(33635) Metaspace: 62361K(62592K)->62361K(62592K) NonClass: 53315K(53504K)->53315K(53504K) Class: 9046K(9088K)->9046K(9088K)
[15374.341s][info][gc             ] GC(33635) Pause Young (Allocation Failure) 193M->112M(253M) 1.641ms
[15374.341s][info][gc,cpu         ] GC(33635) User=0.01s Sys=0.00s Real=0.00s
[15374.774s][info][gc,start       ] GC(33636) Pause Young (Allocation Failure)
[15374.776s][info][gc,heap        ] GC(33636) PSYoungGen: 82464K(84480K)->960K(84480K) Eden: 81920K(81920K)->0K(81920K) From: 544K(2560K)->960K(2560K)
[15374.776s][info][gc,heap        ] GC(33636) ParOldGen: 114823K(175104K)->114871K(175104K)
[15374.776s][info][gc,metaspace   ] GC(33636) Metaspace: 62361K(62592K)->62361K(62592K) NonClass: 53315K(53504K)->53315K(53504K) Class: 9046K(9088K)->9046K(9088K)
[15374.776s][info][gc             ] GC(33636) Pause Young (Allocation Failure) 192M->113M(253M) 2.005ms
[15374.776s][info][gc,cpu         ] GC(33636) User=0.00s Sys=0.00s Real=0.01s
[15375.201s][info][gc,start       ] GC(33637) Pause Young (Allocation Failure)
[15375.204s][info][gc,heap        ] GC(33637) PSYoungGen: 82880K(84480K)->1344K(84480K) Eden: 81920K(81920K)->0K(81920K) From: 960K(2560K)->1344K(2560K)
[15375.204s][info][gc,heap        ] GC(33637) ParOldGen: 114871K(175104K)->114919K(175104K)
[15375.204s][info][gc,metaspace   ] GC(33637) Metaspace: 62361K(62592K)->62361K(62592K) NonClass: 53315K(53504K)->53315K(53504K) Class: 9046K(9088K)->9046K(9088K)
[15375.204s][info][gc             ] GC(33637) Pause Young (Allocation Failure) 193M->113M(253M) 2.341ms
[15375.204s][info][gc,cpu         ] GC(33637) User=0.00s Sys=0.00s Real=0.00s
[15375.655s][info][gc,start       ] GC(33638) Pause Young (Allocation Failure)
[15375.657s][info][gc,heap        ] GC(33638) PSYoungGen: 83264K(84480K)->800K(84480K) Eden: 81920K(81920K)->0K(81920K) From: 1344K(2560K)->800K(2560K)
[15375.657s][info][gc,heap        ] GC(33638) ParOldGen: 114919K(175104K)->114967K(175104K)
[15375.657s][info][gc,metaspace   ] GC(33638) Metaspace: 62361K(62592K)->62361K(62592K) NonClass: 53315K(53504K)->53315K(53504K) Class: 9046K(9088K)->9046K(9088K)
[15375.657s][info][gc             ] GC(33638) Pause Young (Allocation Failure) 193M->113M(253M) 1.844ms
[15375.657s][info][gc,cpu         ] GC(33638) User=0.00s Sys=0.00s Real=0.01s
[15376.085s][info][gc,start       ] GC(33639) Pause Young (Allocation Failure)
[15376.087s][info][gc,heap        ] GC(33639) PSYoungGen: 82720K(84480K)->1120K(84480K) Eden: 81920K(81920K)->0K(81920K) From: 800K(2560K)->1120K(2560K)
[15376.087s][info][gc,heap        ] GC(33639) ParOldGen: 114967K(175104K)->115071K(175104K)
[15376.087s][info][gc,metaspace   ] GC(33639) Metaspace: 62361K(62592K)->62361K(62592K) NonClass: 53315K(53504K)->53315K(53504K) Class: 9046K(9088K)->9046K(9088K)
[15376.087s][info][gc             ] GC(33639) Pause Young (Allocation Failure) 193M->113M(253M) 2.195ms
[15376.088s][info][gc,cpu         ] GC(33639) User=0.00s Sys=0.00s Real=0.01s
[15376.542s][info][gc,start       ] GC(33640) Pause Young (Allocation Failure)
[15376.543s][info][gc,heap        ] GC(33640) PSYoungGen: 83040K(84480K)->480K(84992K) Eden: 81920K(81920K)->0K(82944K) From: 1120K(2560K)->480K(2048K)
[15376.543s][info][gc,heap        ] GC(33640) ParOldGen: 115071K(175104K)->115127K(175104K)
[15376.543s][info][gc,metaspace   ] GC(33640) Metaspace: 62361K(62592K)->62361K(62592K) NonClass: 53315K(53504K)->53315K(53504K) Class: 9046K(9088K)->9046K(9088K)
[15376.543s][info][gc             ] GC(33640) Pause Young (Allocation Failure) 193M->112M(254M) 1.662ms
[15376.543s][info][gc,cpu         ] GC(33640) User=0.01s Sys=0.00s Real=0.00s
[15376.942s][info][gc,start       ] GC(33641) Pause Young (Allocation Failure)
[15376.944s][info][gc,heap        ] GC(33641) PSYoungGen: 83424K(84992K)->544K(84992K) Eden: 82944K(82944K)->0K(82944K) From: 480K(2048K)->544K(2048K)
[15376.944s][info][gc,heap        ] GC(33641) ParOldGen: 115127K(175104K)->115175K(175104K)
[15376.944s][info][gc,metaspace   ] GC(33641) Metaspace: 62361K(62592K)->62361K(62592K) NonClass: 53315K(53504K)->53315K(53504K) Class: 9046K(9088K)->9046K(9088K)
[15376.944s][info][gc             ] GC(33641) Pause Young (Allocation Failure) 193M->113M(254M) 1.704ms
[15376.944s][info][gc,cpu         ] GC(33641) User=0.01s Sys=0.00s Real=0.00s
[15377.372s][info][gc,start       ] GC(33642) Pause Young (Allocation Failure)
[15377.374s][info][gc,heap        ] GC(33642) PSYoungGen: 83488K(84992K)->896K(84992K) Eden: 82944K(82944K)->0K(82944K) From: 544K(2048K)->896K(2048K)
[15377.374s][info][gc,heap        ] GC(33642) ParOldGen: 115175K(175104K)->115223K(175104K)
[15377.374s][info][gc,metaspace   ] GC(33642) Metaspace: 62361K(62592K)->62361K(62592K) NonClass: 53315K(53504K)->53315K(53504K) Class: 9046K(9088K)->9046K(9088K)
[15377.374s][info][gc             ] GC(33642) Pause Young (Allocation Failure) 194M->113M(254M) 2.014ms
[15377.374s][info][gc,cpu         ] GC(33642) User=0.00s Sys=0.00s Real=0.00s
[15377.761s][info][gc,start       ] GC(33643) Pause Young (Allocation Failure)
[15377.763s][info][gc,heap        ] GC(33643) PSYoungGen: 83840K(84992K)->1920K(84992K) Eden: 82944K(82944K)->0K(82944K) From: 896K(2048K)->1920K(2048K)
[15377.763s][info][gc,heap        ] GC(33643) ParOldGen: 115223K(175104K)->115279K(175104K)
[15377.763s][info][gc,metaspace   ] GC(33643) Metaspace: 62361K(62592K)->62361K(62592K) NonClass: 53315K(53504K)->53315K(53504K) Class: 9046K(9088K)->9046K(9088K)
[15377.763s][info][gc             ] GC(33643) Pause Young (Allocation Failure) 194M->114M(254M) 2.070ms
[15377.763s][info][gc,cpu         ] GC(33643) User=0.00s Sys=0.00s Real=0.00s
[15378.163s][info][gc,start       ] GC(33644) Pause Young (Allocation Failure)
[15378.165s][info][gc,heap        ] GC(33644) PSYoungGen: 84864K(84992K)->896K(83968K) Eden: 82944K(82944K)->0K(81920K) From: 1920K(2048K)->896K(2048K)
[15378.165s][info][gc,heap        ] GC(33644) ParOldGen: 115279K(175104K)->116351K(175104K)
[15378.165s][info][gc,metaspace   ] GC(33644) Metaspace: 62361K(62592K)->62361K(62592K) NonClass: 53315K(53504K)->53315K(53504K) Class: 9046K(9088K)->9046K(9088K)
[15378.165s][info][gc             ] GC(33644) Pause Young (Allocation Failure) 195M->114M(253M) 2.176ms
[15378.165s][info][gc,cpu         ] GC(33644) User=0.00s Sys=0.00s Real=0.00s
[15378.625s][info][gc,start       ] GC(33645) Pause Young (Allocation Failure)
[15378.627s][info][gc,heap        ] GC(33645) PSYoungGen: 82816K(83968K)->256K(84480K) Eden: 81920K(81920K)->0K(81920K) From: 896K(2048K)->256K(2560K)
[15378.627s][info][gc,heap        ] GC(33645) ParOldGen: 116351K(175104K)->116399K(175104K)
[15378.627s][info][gc,metaspace   ] GC(33645) Metaspace: 62361K(62592K)->62361K(62592K) NonClass: 53315K(53504K)->53315K(53504K) Class: 9046K(9088K)->9046K(9088K)
[15378.627s][info][gc             ] GC(33645) Pause Young (Allocation Failure) 194M->113M(253M) 1.411ms
[15378.627s][info][gc,cpu         ] GC(33645) User=0.00s Sys=0.00s Real=0.01s
[15379.035s][info][gc,start       ] GC(33646) Pause Young (Allocation Failure)
[15379.036s][info][gc,heap        ] GC(33646) PSYoungGen: 82176K(84480K)->384K(84480K) Eden: 81920K(81920K)->0K(81920K) From: 256K(2560K)->384K(2560K)
[15379.036s][info][gc,heap        ] GC(33646) ParOldGen: 116399K(175104K)->116447K(175104K)
[15379.036s][info][gc,metaspace   ] GC(33646) Metaspace: 62361K(62592K)->62361K(62592K) NonClass: 53315K(53504K)->53315K(53504K) Class: 9046K(9088K)->9046K(9088K)
[15379.036s][info][gc             ] GC(33646) Pause Young (Allocation Failure) 193M->114M(253M) 1.577ms
[15379.036s][info][gc,cpu         ] GC(33646) User=0.00s Sys=0.00s Real=0.01s
[15379.432s][info][gc,start       ] GC(33647) Pause Young (Allocation Failure)
[15379.433s][info][gc,heap        ] GC(33647) PSYoungGen: 82304K(84480K)->352K(84480K) Eden: 81920K(81920K)->0K(81920K) From: 384K(2560K)->352K(2560K)
[15379.433s][info][gc,heap        ] GC(33647) ParOldGen: 116447K(175104K)->116503K(175104K)
[15379.433s][info][gc,metaspace   ] GC(33647) Metaspace: 62361K(62592K)->62361K(62592K) NonClass: 53315K(53504K)->53315K(53504K) Class: 9046K(9088K)->9046K(9088K)
[15379.433s][info][gc             ] GC(33647) Pause Young (Allocation Failure) 194M->114M(253M) 1.480ms
[15379.433s][info][gc,cpu         ] GC(33647) User=0.00s Sys=0.00s Real=0.00s
[15379.868s][info][gc,start       ] GC(33648) Pause Young (Allocation Failure)
[15379.870s][info][gc,heap        ] GC(33648) PSYoungGen: 82272K(84480K)->800K(84992K) Eden: 81920K(81920K)->0K(82944K) From: 352K(2560K)->800K(2048K)
[15379.870s][info][gc,heap        ] GC(33648) ParOldGen: 116503K(175104K)->116559K(175104K)
[15379.870s][info][gc,metaspace   ] GC(33648) Metaspace: 62361K(62592K)->62361K(62592K) NonClass: 53315K(53504K)->53315K(53504K) Class: 9046K(9088K)->9046K(9088K)
[15379.870s][info][gc             ] GC(33648) Pause Young (Allocation Failure) 194M->114M(254M) 1.873ms
[15379.870s][info][gc,cpu         ] GC(33648) User=0.00s Sys=0.00s Real=0.00s
[15380.286s][info][gc,start       ] GC(33649) Pause Young (Allocation Failure)
[15380.288s][info][gc,heap        ] GC(33649) PSYoungGen: 83744K(84992K)->1280K(84992K) Eden: 82944K(82944K)->0K(82944K) From: 800K(2048K)->1280K(2048K)
[15380.288s][info][gc,heap        ] GC(33649) ParOldGen: 116559K(175104K)->116615K(175104K)
[15380.288s][info][gc,metaspace   ] GC(33649) Metaspace: 62361K(62592K)->62361K(62592K) NonClass: 53315K(53504K)->53315K(53504K) Class: 9046K(9088K)->9046K(9088K)
[15380.288s][info][gc             ] GC(33649) Pause Young (Allocation Failure) 195M->115M(254M) 2.342ms
[15380.288s][info][gc,cpu         ] GC(33649) User=0.01s Sys=0.00s Real=0.00s
[15380.681s][info][gc,start       ] GC(33650) Pause Young (Allocation Failure)
[15380.683s][info][gc,heap        ] GC(33650) PSYoungGen: 84224K(84992K)->1184K(84992K) Eden: 82944K(82944K)->0K(82944K) From: 1280K(2048K)->1184K(2048K)
[15380.683s][info][gc,heap        ] GC(33650) ParOldGen: 116615K(175104K)->116663K(175104K)
[15380.683s][info][gc,metaspace   ] GC(33650) Metaspace: 62361K(62592K)->62361K(62592K) NonClass: 53315K(53504K)->53315K(53504K) Class: 9046K(9088K)->9046K(9088K)
[15380.683s][info][gc             ] GC(33650) Pause Young (Allocation Failure) 196M->115M(254M) 2.232ms
[15380.683s][info][gc,cpu         ] GC(33650) User=0.00s Sys=0.00s Real=0.00s
[15381.086s][info][gc,start       ] GC(33651) Pause Young (Allocation Failure)
[15381.089s][info][gc,heap        ] GC(33651) PSYoungGen: 84128K(84992K)->1344K(84992K) Eden: 82944K(82944K)->0K(82944K) From: 1184K(2048K)->1344K(2048K)
[15381.089s][info][gc,heap        ] GC(33651) ParOldGen: 116663K(175104K)->116711K(175104K)
[15381.089s][info][gc,metaspace   ] GC(33651) Metaspace: 62361K(62592K)->62361K(62592K) NonClass: 53315K(53504K)->53315K(53504K) Class: 9046K(9088K)->9046K(9088K)
[15381.089s][info][gc             ] GC(33651) Pause Young (Allocation Failure) 196M->115M(254M) 2.386ms
[15381.089s][info][gc,cpu         ] GC(33651) User=0.00s Sys=0.00s Real=0.00s
[15381.467s][info][gc,start       ] GC(33652) Pause Young (Allocation Failure)
[15381.469s][info][gc,heap        ] GC(33652) PSYoungGen: 84288K(84992K)->864K(84992K) Eden: 82944K(82944K)->0K(82944K) From: 1344K(2048K)->864K(2048K)
[15381.469s][info][gc,heap        ] GC(33652) ParOldGen: 116711K(175104K)->116767K(175104K)
[15381.469s][info][gc,metaspace   ] GC(33652) Metaspace: 62361K(62592K)->62361K(62592K) NonClass: 53315K(53504K)->53315K(53504K) Class: 9046K(9088K)->9046K(9088K)
[15381.469s][info][gc             ] GC(33652) Pause Young (Allocation Failure) 196M->114M(254M) 2.505ms
[15381.469s][info][gc,cpu         ] GC(33652) User=0.01s Sys=0.00s Real=0.00s
[15381.861s][info][gc,start       ] GC(33653) Pause Young (Allocation Failure)
[15381.863s][info][gc,heap        ] GC(33653) PSYoungGen: 83808K(84992K)->1856K(84992K) Eden: 82944K(82944K)->0K(82944K) From: 864K(2048K)->1856K(2048K)
[15381.863s][info][gc,heap        ] GC(33653) ParOldGen: 116767K(175104K)->116823K(175104K)
[15381.863s][info][gc,metaspace   ] GC(33653) Metaspace: 62361K(62592K)->62361K(62592K) NonClass: 53315K(53504K)->53315K(53504K) Class: 9046K(9088K)->9046K(9088K)
[15381.863s][info][gc             ] GC(33653) Pause Young (Allocation Failure) 195M->115M(254M) 2.014ms
[15381.863s][info][gc,cpu         ] GC(33653) User=0.00s Sys=0.00s Real=0.00s
[15382.254s][info][gc,start       ] GC(33654) Pause Young (Allocation Failure)
[15382.256s][info][gc,heap        ] GC(33654) PSYoungGen: 84800K(84992K)->768K(83968K) Eden: 82944K(82944K)->0K(81920K) From: 1856K(2048K)->768K(2048K)
[15382.256s][info][gc,heap        ] GC(33654) ParOldGen: 116823K(175104K)->117895K(175104K)
[15382.256s][info][gc,metaspace   ] GC(33654) Metaspace: 62361K(62592K)->62361K(62592K) NonClass: 53315K(53504K)->53315K(53504K) Class: 9046K(9088K)->9046K(9088K)
[15382.256s][info][gc             ] GC(33654) Pause Young (Allocation Failure) 196M->115M(253M) 2.044ms
[15382.256s][info][gc,cpu         ] GC(33654) User=0.00s Sys=0.00s Real=0.01s
[15382.734s][info][gc,start       ] GC(33655) Pause Young (Allocation Failure)
[15382.735s][info][gc,heap        ] GC(33655) PSYoungGen: 82688K(83968K)->416K(84480K) Eden: 81920K(81920K)->0K(81920K) From: 768K(2048K)->416K(2560K)
[15382.735s][info][gc,heap        ] GC(33655) ParOldGen: 117895K(175104K)->117943K(175104K)
[15382.735s][info][gc,metaspace   ] GC(33655) Metaspace: 62361K(62592K)->62361K(62592K) NonClass: 53315K(53504K)->53315K(53504K) Class: 9046K(9088K)->9046K(9088K)
[15382.735s][info][gc             ] GC(33655) Pause Young (Allocation Failure) 195M->115M(253M) 1.599ms
[15382.735s][info][gc,cpu         ] GC(33655) User=0.00s Sys=0.00s Real=0.00s
[15383.181s][info][gc,start       ] GC(33656) Pause Young (Allocation Failure)
[15383.183s][info][gc,heap        ] GC(33656) PSYoungGen: 82336K(84480K)->992K(84992K) Eden: 81920K(81920K)->0K(82432K) From: 416K(2560K)->992K(2560K)
[15383.183s][info][gc,heap        ] GC(33656) ParOldGen: 117943K(175104K)->118047K(175104K)
[15383.183s][info][gc,metaspace   ] GC(33656) Metaspace: 62361K(62592K)->62361K(62592K) NonClass: 53315K(53504K)->53315K(53504K) Class: 9046K(9088K)->9046K(9088K)
[15383.183s][info][gc             ] GC(33656) Pause Young (Allocation Failure) 195M->116M(254M) 2.088ms
[15383.183s][info][gc,cpu         ] GC(33656) User=0.00s Sys=0.00s Real=0.00s
[15383.618s][info][gc,start       ] GC(33657) Pause Young (Allocation Failure)
[15383.621s][info][gc,heap        ] GC(33657) PSYoungGen: 83424K(84992K)->1632K(84480K) Eden: 82432K(82432K)->0K(82432K) From: 992K(2560K)->1632K(2048K)
[15383.621s][info][gc,heap        ] GC(33657) ParOldGen: 118047K(175104K)->118103K(175104K)
[15383.621s][info][gc,metaspace   ] GC(33657) Metaspace: 62361K(62592K)->62361K(62592K) NonClass: 53315K(53504K)->53315K(53504K) Class: 9046K(9088K)->9046K(9088K)
[15383.621s][info][gc             ] GC(33657) Pause Young (Allocation Failure) 196M->116M(253M) 2.735ms
[15383.621s][info][gc,cpu         ] GC(33657) User=0.01s Sys=0.00s Real=0.00s
[15384.060s][info][gc,start       ] GC(33658) Pause Young (Allocation Failure)
[15384.062s][info][gc,heap        ] GC(33658) PSYoungGen: 84064K(84480K)->768K(84480K) Eden: 82432K(82432K)->0K(81920K) From: 1632K(2048K)->768K(2560K)
[15384.062s][info][gc,heap        ] GC(33658) ParOldGen: 118103K(175104K)->118159K(175104K)
[15384.062s][info][gc,metaspace   ] GC(33658) Metaspace: 62361K(62592K)->62361K(62592K) NonClass: 53315K(53504K)->53315K(53504K) Class: 9046K(9088K)->9046K(9088K)
[15384.062s][info][gc             ] GC(33658) Pause Young (Allocation Failure) 197M->116M(253M) 1.869ms
[15384.062s][info][gc,cpu         ] GC(33658) User=0.00s Sys=0.00s Real=0.00s
[15384.480s][info][gc,start       ] GC(33659) Pause Young (Allocation Failure)
[15384.482s][info][gc,heap        ] GC(33659) PSYoungGen: 82688K(84480K)->1120K(84480K) Eden: 81920K(81920K)->0K(81920K) From: 768K(2560K)->1120K(2560K)
[15384.482s][info][gc,heap        ] GC(33659) ParOldGen: 118159K(175104K)->118215K(175104K)
[15384.482s][info][gc,metaspace   ] GC(33659) Metaspace: 62361K(62592K)->62361K(62592K) NonClass: 53315K(53504K)->53315K(53504K) Class: 9046K(9088K)->9046K(9088K)
[15384.482s][info][gc             ] GC(33659) Pause Young (Allocation Failure) 196M->116M(253M) 2.580ms
[15384.482s][info][gc,cpu         ] GC(33659) User=0.00s Sys=0.00s Real=0.00s
[15384.940s][info][gc,start       ] GC(33660) Pause Young (Allocation Failure)
[15384.941s][info][gc,heap        ] GC(33660) PSYoungGen: 83040K(84480K)->448K(84992K) Eden: 81920K(81920K)->0K(82944K) From: 1120K(2560K)->448K(2048K)
[15384.941s][info][gc,heap        ] GC(33660) ParOldGen: 118215K(175104K)->118263K(175104K)
[15384.941s][info][gc,metaspace   ] GC(33660) Metaspace: 62361K(62592K)->62361K(62592K) NonClass: 53315K(53504K)->53315K(53504K) Class: 9046K(9088K)->9046K(9088K)
[15384.941s][info][gc             ] GC(33660) Pause Young (Allocation Failure) 196M->115M(254M) 1.586ms
[15384.942s][info][gc,cpu         ] GC(33660) User=0.00s Sys=0.00s Real=0.00s
[15385.379s][info][gc,start       ] GC(33661) Pause Young (Allocation Failure)
[15385.381s][info][gc,heap        ] GC(33661) PSYoungGen: 83392K(84992K)->1024K(84992K) Eden: 82944K(82944K)->0K(82944K) From: 448K(2048K)->1024K(2048K)
[15385.381s][info][gc,heap        ] GC(33661) ParOldGen: 118263K(175104K)->118311K(175104K)
[15385.381s][info][gc,metaspace   ] GC(33661) Metaspace: 62361K(62592K)->62361K(62592K) NonClass: 53315K(53504K)->53315K(53504K) Class: 9046K(9088K)->9046K(9088K)
[15385.381s][info][gc             ] GC(33661) Pause Young (Allocation Failure) 196M->116M(254M) 2.135ms
[15385.381s][info][gc,cpu         ] GC(33661) User=0.00s Sys=0.00s Real=0.00s
[15385.818s][info][gc,start       ] GC(33662) Pause Young (Allocation Failure)
[15385.821s][info][gc,heap        ] GC(33662) PSYoungGen: 83968K(84992K)->1664K(83968K) Eden: 82944K(82944K)->0K(81920K) From: 1024K(2048K)->1664K(2048K)
[15385.821s][info][gc,heap        ] GC(33662) ParOldGen: 118311K(175104K)->118359K(175104K)
[15385.821s][info][gc,metaspace   ] GC(33662) Metaspace: 62361K(62592K)->62361K(62592K) NonClass: 53315K(53504K)->53315K(53504K) Class: 9046K(9088K)->9046K(9088K)
[15385.821s][info][gc             ] GC(33662) Pause Young (Allocation Failure) 197M->117M(253M) 2.687ms
[15385.821s][info][gc,cpu         ] GC(33662) User=0.00s Sys=0.00s Real=0.00s
[15386.242s][info][gc,start       ] GC(33663) Pause Young (Allocation Failure)
[15386.244s][info][gc,heap        ] GC(33663) PSYoungGen: 83584K(83968K)->480K(84480K) Eden: 81920K(81920K)->0K(81920K) From: 1664K(2048K)->480K(2560K)
[15386.244s][info][gc,heap        ] GC(33663) ParOldGen: 118359K(175104K)->118407K(175104K)
[15386.244s][info][gc,metaspace   ] GC(33663) Metaspace: 62361K(62592K)->62361K(62592K) NonClass: 53315K(53504K)->53315K(53504K) Class: 9046K(9088K)->9046K(9088K)
[15386.244s][info][gc             ] GC(33663) Pause Young (Allocation Failure) 197M->116M(253M) 1.657ms
[15386.244s][info][gc,cpu         ] GC(33663) User=0.01s Sys=0.00s Real=0.00s
[15386.653s][info][gc,start       ] GC(33664) Pause Young (Allocation Failure)
[15386.655s][info][gc,heap        ] GC(33664) PSYoungGen: 82400K(84480K)->1664K(84480K) Eden: 81920K(81920K)->0K(81920K) From: 480K(2560K)->1664K(2560K)
[15386.655s][info][gc,heap        ] GC(33664) ParOldGen: 118407K(175104K)->118463K(175104K)
[15386.655s][info][gc,metaspace   ] GC(33664) Metaspace: 62361K(62592K)->62361K(62592K) NonClass: 53315K(53504K)->53315K(53504K) Class: 9046K(9088K)->9046K(9088K)
[15386.655s][info][gc             ] GC(33664) Pause Young (Allocation Failure) 196M->117M(253M) 1.791ms
[15386.655s][info][gc,cpu         ] GC(33664) User=0.00s Sys=0.00s Real=0.00s
[15387.016s][info][gc,start       ] GC(33665) Pause Young (Allocation Failure)
[15387.019s][info][gc,heap        ] GC(33665) PSYoungGen: 83584K(84480K)->1984K(84480K) Eden: 81920K(81920K)->0K(81920K) From: 1664K(2560K)->1984K(2560K)
[15387.019s][info][gc,heap        ] GC(33665) ParOldGen: 118463K(175104K)->119543K(175104K)
[15387.019s][info][gc,metaspace   ] GC(33665) Metaspace: 62361K(62592K)->62361K(62592K) NonClass: 53315K(53504K)->53315K(53504K) Class: 9046K(9088K)->9046K(9088K)
[15387.019s][info][gc             ] GC(33665) Pause Young (Allocation Failure) 197M->118M(253M) 3.088ms
[15387.019s][info][gc,cpu         ] GC(33665) User=0.00s Sys=0.00s Real=0.00s
[15387.391s][info][gc,start       ] GC(33666) Pause Young (Allocation Failure)
[15387.393s][info][gc,heap        ] GC(33666) PSYoungGen: 83904K(84480K)->1344K(84480K) Eden: 81920K(81920K)->0K(81920K) From: 1984K(2560K)->1344K(2560K)
[15387.393s][info][gc,heap        ] GC(33666) ParOldGen: 119543K(175104K)->119599K(175104K)
[15387.393s][info][gc,metaspace   ] GC(33666) Metaspace: 62361K(62592K)->62361K(62592K) NonClass: 53315K(53504K)->53315K(53504K) Class: 9046K(9088K)->9046K(9088K)
[15387.393s][info][gc             ] GC(33666) Pause Young (Allocation Failure) 198M->118M(253M) 2.301ms
[15387.393s][info][gc,cpu         ] GC(33666) User=0.01s Sys=0.00s Real=0.00s
[15387.789s][info][gc,start       ] GC(33667) Pause Young (Allocation Failure)
[15387.791s][info][gc,heap        ] GC(33667) PSYoungGen: 83264K(84480K)->1408K(84480K) Eden: 81920K(81920K)->0K(81920K) From: 1344K(2560K)->1408K(2560K)
[15387.791s][info][gc,heap        ] GC(33667) ParOldGen: 119599K(175104K)->119647K(175104K)
[15387.791s][info][gc,metaspace   ] GC(33667) Metaspace: 62361K(62592K)->62361K(62592K) NonClass: 53315K(53504K)->53315K(53504K) Class: 9046K(9088K)->9046K(9088K)
[15387.791s][info][gc             ] GC(33667) Pause Young (Allocation Failure) 198M->118M(253M) 2.346ms
[15387.791s][info][gc,cpu         ] GC(33667) User=0.00s Sys=0.00s Real=0.00s
[15388.207s][info][gc,start       ] GC(33668) Pause Young (Allocation Failure)
[15388.210s][info][gc,heap        ] GC(33668) PSYoungGen: 83328K(84480K)->1536K(84480K) Eden: 81920K(81920K)->0K(81920K) From: 1408K(2560K)->1536K(2560K)
[15388.210s][info][gc,heap        ] GC(33668) ParOldGen: 119647K(175104K)->119695K(175104K)
[15388.210s][info][gc,metaspace   ] GC(33668) Metaspace: 62361K(62592K)->62361K(62592K) NonClass: 53315K(53504K)->53315K(53504K) Class: 9046K(9088K)->9046K(9088K)
[15388.210s][info][gc             ] GC(33668) Pause Young (Allocation Failure) 198M->118M(253M) 2.491ms
[15388.210s][info][gc,cpu         ] GC(33668) User=0.01s Sys=0.00s Real=0.00s
[15388.601s][info][gc,start       ] GC(33669) Pause Young (Allocation Failure)
[15388.604s][info][gc,heap        ] GC(33669) PSYoungGen: 83456K(84480K)->1600K(84480K) Eden: 81920K(81920K)->0K(81920K) From: 1536K(2560K)->1600K(2560K)
[15388.604s][info][gc,heap        ] GC(33669) ParOldGen: 119695K(175104K)->119743K(175104K)
[15388.604s][info][gc,metaspace   ] GC(33669) Metaspace: 62361K(62592K)->62361K(62592K) NonClass: 53315K(53504K)->53315K(53504K) Class: 9046K(9088K)->9046K(9088K)
[15388.604s][info][gc             ] GC(33669) Pause Young (Allocation Failure) 198M->118M(253M) 2.579ms
[15388.604s][info][gc,cpu         ] GC(33669) User=0.00s Sys=0.00s Real=0.00s
[15388.992s][info][gc,start       ] GC(33670) Pause Young (Allocation Failure)
[15388.994s][info][gc,heap        ] GC(33670) PSYoungGen: 83520K(84480K)->1408K(84480K) Eden: 81920K(81920K)->0K(81920K) From: 1600K(2560K)->1408K(2560K)
[15388.994s][info][gc,heap        ] GC(33670) ParOldGen: 119743K(175104K)->119791K(175104K)
[15388.994s][info][gc,metaspace   ] GC(33670) Metaspace: 62361K(62592K)->62361K(62592K) NonClass: 53315K(53504K)->53315K(53504K) Class: 9046K(9088K)->9046K(9088K)
[15388.994s][info][gc             ] GC(33670) Pause Young (Allocation Failure) 198M->118M(253M) 2.235ms
[15388.994s][info][gc,cpu         ] GC(33670) User=0.00s Sys=0.00s Real=0.00s
[15389.403s][info][gc,start       ] GC(33671) Pause Young (Allocation Failure)
[15389.406s][info][gc,heap        ] GC(33671) PSYoungGen: 83328K(84480K)->1392K(84480K) Eden: 81920K(81920K)->0K(81920K) From: 1408K(2560K)->1392K(2560K)
[15389.406s][info][gc,heap        ] GC(33671) ParOldGen: 119791K(175104K)->119839K(175104K)
[15389.406s][info][gc,metaspace   ] GC(33671) Metaspace: 62361K(62592K)->62361K(62592K) NonClass: 53315K(53504K)->53315K(53504K) Class: 9046K(9088K)->9046K(9088K)
[15389.406s][info][gc             ] GC(33671) Pause Young (Allocation Failure) 198M->118M(253M) 2.347ms
[15389.406s][info][gc,cpu         ] GC(33671) User=0.00s Sys=0.00s Real=0.00s
[15389.839s][info][gc,start       ] GC(33672) Pause Young (Allocation Failure)
[15389.840s][info][gc,heap        ] GC(33672) PSYoungGen: 83312K(84480K)->448K(84480K) Eden: 81920K(81920K)->0K(81920K) From: 1392K(2560K)->448K(2560K)
[15389.840s][info][gc,heap        ] GC(33672) ParOldGen: 119839K(175104K)->119943K(175104K)
[15389.840s][info][gc,metaspace   ] GC(33672) Metaspace: 62361K(62592K)->62361K(62592K) NonClass: 53315K(53504K)->53315K(53504K) Class: 9046K(9088K)->9046K(9088K)
[15389.840s][info][gc             ] GC(33672) Pause Young (Allocation Failure) 198M->117M(253M) 1.572ms
[15389.840s][info][gc,cpu         ] GC(33672) User=0.01s Sys=0.00s Real=0.00s
[15390.265s][info][gc,start       ] GC(33673) Pause Young (Allocation Failure)
[15390.267s][info][gc,heap        ] GC(33673) PSYoungGen: 82368K(84480K)->864K(84480K) Eden: 81920K(81920K)->0K(81920K) From: 448K(2560K)->864K(2560K)
[15390.267s][info][gc,heap        ] GC(33673) ParOldGen: 119943K(175104K)->119999K(175104K)
[15390.267s][info][gc,metaspace   ] GC(33673) Metaspace: 62361K(62592K)->62361K(62592K) NonClass: 53315K(53504K)->53315K(53504K) Class: 9046K(9088K)->9046K(9088K)
[15390.267s][info][gc             ] GC(33673) Pause Young (Allocation Failure) 197M->118M(253M) 1.934ms
[15390.267s][info][gc,cpu         ] GC(33673) User=0.00s Sys=0.00s Real=0.01s
[15390.664s][info][gc,start       ] GC(33674) Pause Young (Allocation Failure)
[15390.666s][info][gc,heap        ] GC(33674) PSYoungGen: 82784K(84480K)->1920K(84480K) Eden: 81920K(81920K)->0K(81920K) From: 864K(2560K)->1920K(2560K)
[15390.666s][info][gc,heap        ] GC(33674) ParOldGen: 119999K(175104K)->120055K(175104K)
[15390.666s][info][gc,metaspace   ] GC(33674) Metaspace: 62361K(62592K)->62361K(62592K) NonClass: 53315K(53504K)->53315K(53504K) Class: 9046K(9088K)->9046K(9088K)
[15390.666s][info][gc             ] GC(33674) Pause Young (Allocation Failure) 198M->119M(253M) 2.103ms
[15390.666s][info][gc,cpu         ] GC(33674) User=0.01s Sys=0.00s Real=0.00s
[15391.074s][info][gc,start       ] GC(33675) Pause Young (Allocation Failure)
[15391.076s][info][gc,heap        ] GC(33675) PSYoungGen: 83840K(84480K)->960K(84480K) Eden: 81920K(81920K)->0K(81920K) From: 1920K(2560K)->960K(2560K)
[15391.076s][info][gc,heap        ] GC(33675) ParOldGen: 120055K(175104K)->121135K(175104K)
[15391.076s][info][gc,metaspace   ] GC(33675) Metaspace: 62361K(62592K)->62361K(62592K) NonClass: 53315K(53504K)->53315K(53504K) Class: 9046K(9088K)->9046K(9088K)
[15391.076s][info][gc             ] GC(33675) Pause Young (Allocation Failure) 199M->119M(253M) 2.264ms
[15391.076s][info][gc,cpu         ] GC(33675) User=0.00s Sys=0.00s Real=0.01s
[15391.490s][info][gc,start       ] GC(33676) Pause Young (Allocation Failure)
[15391.492s][info][gc,heap        ] GC(33676) PSYoungGen: 82880K(84480K)->1120K(84480K) Eden: 81920K(81920K)->0K(81920K) From: 960K(2560K)->1120K(2560K)
[15391.492s][info][gc,heap        ] GC(33676) ParOldGen: 121135K(175104K)->121191K(175104K)
[15391.492s][info][gc,metaspace   ] GC(33676) Metaspace: 62361K(62592K)->62361K(62592K) NonClass: 53315K(53504K)->53315K(53504K) Class: 9046K(9088K)->9046K(9088K)
[15391.492s][info][gc             ] GC(33676) Pause Young (Allocation Failure) 199M->119M(253M) 2.180ms
[15391.492s][info][gc,cpu         ] GC(33676) User=0.01s Sys=0.00s Real=0.00s
[15391.937s][info][gc,start       ] GC(33677) Pause Young (Allocation Failure)
[15391.938s][info][gc,heap        ] GC(33677) PSYoungGen: 83040K(84480K)->416K(84480K) Eden: 81920K(81920K)->0K(81920K) From: 1120K(2560K)->416K(2560K)
[15391.938s][info][gc,heap        ] GC(33677) ParOldGen: 121191K(175104K)->121247K(175104K)
[15391.938s][info][gc,metaspace   ] GC(33677) Metaspace: 62361K(62592K)->62361K(62592K) NonClass: 53315K(53504K)->53315K(53504K) Class: 9046K(9088K)->9046K(9088K)
[15391.938s][info][gc             ] GC(33677) Pause Young (Allocation Failure) 199M->118M(253M) 1.610ms
[15391.938s][info][gc,cpu         ] GC(33677) User=0.00s Sys=0.00s Real=0.00s
[15392.410s][info][gc,start       ] GC(33678) Pause Young (Allocation Failure)
[15392.412s][info][gc,heap        ] GC(33678) PSYoungGen: 82336K(84480K)->1312K(84480K) Eden: 81920K(81920K)->0K(81920K) From: 416K(2560K)->1312K(2560K)
[15392.412s][info][gc,heap        ] GC(33678) ParOldGen: 121247K(175104K)->121303K(175104K)
[15392.412s][info][gc,metaspace   ] GC(33678) Metaspace: 62361K(62592K)->62361K(62592K) NonClass: 53315K(53504K)->53315K(53504K) Class: 9046K(9088K)->9046K(9088K)
[15392.412s][info][gc             ] GC(33678) Pause Young (Allocation Failure) 198M->119M(253M) 2.398ms
[15392.412s][info][gc,cpu         ] GC(33678) User=0.00s Sys=0.00s Real=0.00s
[15392.894s][info][gc,start       ] GC(33679) Pause Young (Allocation Failure)
[15392.896s][info][gc,heap        ] GC(33679) PSYoungGen: 83232K(84480K)->1120K(84480K) Eden: 81920K(81920K)->0K(81920K) From: 1312K(2560K)->1120K(2560K)
[15392.896s][info][gc,heap        ] GC(33679) ParOldGen: 121303K(175104K)->121359K(175104K)
[15392.896s][info][gc,metaspace   ] GC(33679) Metaspace: 62361K(62592K)->62361K(62592K) NonClass: 53315K(53504K)->53315K(53504K) Class: 9046K(9088K)->9046K(9088K)
[15392.896s][info][gc             ] GC(33679) Pause Young (Allocation Failure) 199M->119M(253M) 2.211ms
[15392.896s][info][gc,cpu         ] GC(33679) User=0.01s Sys=0.00s Real=0.01s
[15393.392s][info][gc,start       ] GC(33680) Pause Young (Allocation Failure)
[15393.399s][info][gc,heap        ] GC(33680) PSYoungGen: 83040K(84480K)->1088K(84480K) Eden: 81920K(81920K)->0K(81920K) From: 1120K(2560K)->1088K(2560K)
[15393.399s][info][gc,heap        ] GC(33680) ParOldGen: 121359K(175104K)->121407K(175104K)
[15393.399s][info][gc,metaspace   ] GC(33680) Metaspace: 62361K(62592K)->62361K(62592K) NonClass: 53315K(53504K)->53315K(53504K) Class: 9046K(9088K)->9046K(9088K)
[15393.399s][info][gc             ] GC(33680) Pause Young (Allocation Failure) 199M->119M(253M) 7.342ms
[15393.399s][info][gc,cpu         ] GC(33680) User=0.01s Sys=0.00s Real=0.01s
[15393.876s][info][gc,start       ] GC(33681) Pause Young (Allocation Failure)
[15393.878s][info][gc,heap        ] GC(33681) PSYoungGen: 83008K(84480K)->928K(84480K) Eden: 81920K(81920K)->0K(81920K) From: 1088K(2560K)->928K(2560K)
[15393.878s][info][gc,heap        ] GC(33681) ParOldGen: 121407K(175104K)->121463K(175104K)
[15393.878s][info][gc,metaspace   ] GC(33681) Metaspace: 62361K(62592K)->62361K(62592K) NonClass: 53315K(53504K)->53315K(53504K) Class: 9046K(9088K)->9046K(9088K)
[15393.878s][info][gc             ] GC(33681) Pause Young (Allocation Failure) 199M->119M(253M) 2.070ms
[15393.878s][info][gc,cpu         ] GC(33681) User=0.00s Sys=0.00s Real=0.01s
[15394.331s][info][gc,start       ] GC(33682) Pause Young (Allocation Failure)
[15394.333s][info][gc,heap        ] GC(33682) PSYoungGen: 82848K(84480K)->352K(84992K) Eden: 81920K(81920K)->0K(82944K) From: 928K(2560K)->352K(2048K)
[15394.333s][info][gc,heap        ] GC(33682) ParOldGen: 121463K(175104K)->121511K(175104K)
[15394.333s][info][gc,metaspace   ] GC(33682) Metaspace: 62361K(62592K)->62361K(62592K) NonClass: 53315K(53504K)->53315K(53504K) Class: 9046K(9088K)->9046K(9088K)
[15394.333s][info][gc             ] GC(33682) Pause Young (Allocation Failure) 199M->119M(254M) 1.560ms
[15394.333s][info][gc,cpu         ] GC(33682) User=0.01s Sys=0.00s Real=0.00s
[15394.757s][info][gc,start       ] GC(33683) Pause Young (Allocation Failure)
[15394.758s][info][gc,heap        ] GC(33683) PSYoungGen: 83296K(84992K)->736K(84992K) Eden: 82944K(82944K)->0K(82944K) From: 352K(2048K)->736K(2048K)
[15394.758s][info][gc,heap        ] GC(33683) ParOldGen: 121511K(175104K)->121559K(175104K)
[15394.758s][info][gc,metaspace   ] GC(33683) Metaspace: 62361K(62592K)->62361K(62592K) NonClass: 53315K(53504K)->53315K(53504K) Class: 9046K(9088K)->9046K(9088K)
[15394.758s][info][gc             ] GC(33683) Pause Young (Allocation Failure) 200M->119M(254M) 1.807ms
[15394.758s][info][gc,cpu         ] GC(33683) User=0.01s Sys=0.00s Real=0.00s
[15395.212s][info][gc,start       ] GC(33684) Pause Young (Allocation Failure)
[15395.214s][info][gc,heap        ] GC(33684) PSYoungGen: 83680K(84992K)->2016K(83968K) Eden: 82944K(82944K)->0K(81920K) From: 736K(2048K)->2016K(2048K)
[15395.214s][info][gc,heap        ] GC(33684) ParOldGen: 121559K(175104K)->122047K(175104K)
[15395.214s][info][gc,metaspace   ] GC(33684) Metaspace: 62361K(62592K)->62361K(62592K) NonClass: 53315K(53504K)->53315K(53504K) Class: 9046K(9088K)->9046K(9088K)
[15395.214s][info][gc             ] GC(33684) Pause Young (Allocation Failure) 200M->121M(253M) 2.656ms
[15395.214s][info][gc,cpu         ] GC(33684) User=0.00s Sys=0.00s Real=0.00s
[15395.664s][info][gc,start       ] GC(33685) Pause Young (Allocation Failure)
[15395.666s][info][gc,heap        ] GC(33685) PSYoungGen: 83936K(83968K)->800K(84480K) Eden: 81920K(81920K)->0K(81920K) From: 2016K(2048K)->800K(2560K)
[15395.666s][info][gc,heap        ] GC(33685) ParOldGen: 122047K(175104K)->123095K(175104K)
[15395.666s][info][gc,metaspace   ] GC(33685) Metaspace: 62361K(62592K)->62361K(62592K) NonClass: 53315K(53504K)->53315K(53504K) Class: 9046K(9088K)->9046K(9088K)
[15395.666s][info][gc             ] GC(33685) Pause Young (Allocation Failure) 201M->120M(253M) 2.107ms
[15395.666s][info][gc,cpu         ] GC(33685) User=0.00s Sys=0.00s Real=0.01s
[15396.135s][info][gc,start       ] GC(33686) Pause Young (Allocation Failure)
[15396.137s][info][gc,heap        ] GC(33686) PSYoungGen: 82720K(84480K)->384K(84480K) Eden: 81920K(81920K)->0K(81920K) From: 800K(2560K)->384K(2560K)
[15396.137s][info][gc,heap        ] GC(33686) ParOldGen: 123095K(175104K)->123143K(175104K)
[15396.137s][info][gc,metaspace   ] GC(33686) Metaspace: 62361K(62592K)->62361K(62592K) NonClass: 53315K(53504K)->53315K(53504K) Class: 9046K(9088K)->9046K(9088K)
[15396.137s][info][gc             ] GC(33686) Pause Young (Allocation Failure) 200M->120M(253M) 1.631ms
[15396.137s][info][gc,cpu         ] GC(33686) User=0.00s Sys=0.00s Real=0.01s
[15396.611s][info][gc,start       ] GC(33687) Pause Young (Allocation Failure)
[15396.613s][info][gc,heap        ] GC(33687) PSYoungGen: 82304K(84480K)->1248K(84480K) Eden: 81920K(81920K)->0K(81920K) From: 384K(2560K)->1248K(2560K)
[15396.613s][info][gc,heap        ] GC(33687) ParOldGen: 123143K(175104K)->123199K(175104K)
[15396.613s][info][gc,metaspace   ] GC(33687) Metaspace: 62361K(62592K)->62361K(62592K) NonClass: 53315K(53504K)->53315K(53504K) Class: 9046K(9088K)->9046K(9088K)
[15396.613s][info][gc             ] GC(33687) Pause Young (Allocation Failure) 200M->121M(253M) 2.328ms
[15396.614s][info][gc,cpu         ] GC(33687) User=0.01s Sys=0.00s Real=0.00s
[15397.135s][info][gc,start       ] GC(33688) Pause Young (Allocation Failure)
[15397.136s][info][gc,heap        ] GC(33688) PSYoungGen: 83168K(84480K)->400K(84480K) Eden: 81920K(81920K)->0K(81920K) From: 1248K(2560K)->400K(2560K)
[15397.136s][info][gc,heap        ] GC(33688) ParOldGen: 123199K(175104K)->123247K(175104K)
[15397.136s][info][gc,metaspace   ] GC(33688) Metaspace: 62361K(62592K)->62361K(62592K) NonClass: 53315K(53504K)->53315K(53504K) Class: 9046K(9088K)->9046K(9088K)
[15397.136s][info][gc             ] GC(33688) Pause Young (Allocation Failure) 201M->120M(253M) 1.679ms
[15397.136s][info][gc,cpu         ] GC(33688) User=0.01s Sys=0.00s Real=0.01s
[15397.631s][info][gc,start       ] GC(33689) Pause Young (Allocation Failure)
[15397.632s][info][gc,heap        ] GC(33689) PSYoungGen: 82320K(84480K)->320K(84480K) Eden: 81920K(81920K)->0K(81920K) From: 400K(2560K)->320K(2560K)
[15397.632s][info][gc,heap        ] GC(33689) ParOldGen: 123247K(175104K)->123343K(175104K)
[15397.632s][info][gc,metaspace   ] GC(33689) Metaspace: 62361K(62592K)->62361K(62592K) NonClass: 53315K(53504K)->53315K(53504K) Class: 9046K(9088K)->9046K(9088K)
[15397.632s][info][gc             ] GC(33689) Pause Young (Allocation Failure) 200M->120M(253M) 1.552ms
[15397.632s][info][gc,cpu         ] GC(33689) User=0.00s Sys=0.00s Real=0.00s
[15398.077s][info][gc,start       ] GC(33690) Pause Young (Allocation Failure)
[15398.079s][info][gc,heap        ] GC(33690) PSYoungGen: 82240K(84480K)->1056K(84480K) Eden: 81920K(81920K)->0K(81920K) From: 320K(2560K)->1056K(2560K)
[15398.079s][info][gc,heap        ] GC(33690) ParOldGen: 123343K(175104K)->123399K(175104K)
[15398.079s][info][gc,metaspace   ] GC(33690) Metaspace: 62361K(62592K)->62361K(62592K) NonClass: 53315K(53504K)->53315K(53504K) Class: 9046K(9088K)->9046K(9088K)
[15398.079s][info][gc             ] GC(33690) Pause Young (Allocation Failure) 200M->121M(253M) 2.145ms
[15398.079s][info][gc,cpu         ] GC(33690) User=0.01s Sys=0.00s Real=0.00s
[15398.516s][info][gc,start       ] GC(33691) Pause Young (Allocation Failure)
[15398.518s][info][gc,heap        ] GC(33691) PSYoungGen: 82976K(84480K)->1344K(84480K) Eden: 81920K(81920K)->0K(81920K) From: 1056K(2560K)->1344K(2560K)
[15398.518s][info][gc,heap        ] GC(33691) ParOldGen: 123399K(175104K)->123447K(175104K)
[15398.518s][info][gc,metaspace   ] GC(33691) Metaspace: 62361K(62592K)->62361K(62592K) NonClass: 53315K(53504K)->53315K(53504K) Class: 9046K(9088K)->9046K(9088K)
[15398.518s][info][gc             ] GC(33691) Pause Young (Allocation Failure) 201M->121M(253M) 2.406ms
[15398.518s][info][gc,cpu         ] GC(33691) User=0.00s Sys=0.00s Real=0.01s
[15399.002s][info][gc,start       ] GC(33692) Pause Young (Allocation Failure)
[15399.004s][info][gc,heap        ] GC(33692) PSYoungGen: 83264K(84480K)->1216K(84480K) Eden: 81920K(81920K)->0K(81920K) From: 1344K(2560K)->1216K(2560K)
[15399.004s][info][gc,heap        ] GC(33692) ParOldGen: 123447K(175104K)->123503K(175104K)
[15399.004s][info][gc,metaspace   ] GC(33692) Metaspace: 62361K(62592K)->62361K(62592K) NonClass: 53315K(53504K)->53315K(53504K) Class: 9046K(9088K)->9046K(9088K)
[15399.004s][info][gc             ] GC(33692) Pause Young (Allocation Failure) 201M->121M(253M) 2.306ms
[15399.005s][info][gc,cpu         ] GC(33692) User=0.00s Sys=0.00s Real=0.00s
[15399.439s][info][gc,start       ] GC(33693) Pause Young (Allocation Failure)
[15399.440s][info][gc,heap        ] GC(33693) PSYoungGen: 83136K(84480K)->448K(84480K) Eden: 81920K(81920K)->0K(81920K) From: 1216K(2560K)->448K(2560K)
[15399.440s][info][gc,heap        ] GC(33693) ParOldGen: 123503K(175104K)->123559K(175104K)
[15399.440s][info][gc,metaspace   ] GC(33693) Metaspace: 62361K(62592K)->62361K(62592K) NonClass: 53315K(53504K)->53315K(53504K) Class: 9046K(9088K)->9046K(9088K)
[15399.440s][info][gc             ] GC(33693) Pause Young (Allocation Failure) 201M->121M(253M) 1.622ms
[15399.440s][info][gc,cpu         ] GC(33693) User=0.00s Sys=0.00s Real=0.00s
[15399.866s][info][gc,start       ] GC(33694) Pause Young (Allocation Failure)
[15399.868s][info][gc,heap        ] GC(33694) PSYoungGen: 82368K(84480K)->832K(84480K) Eden: 81920K(81920K)->0K(81920K) From: 448K(2560K)->832K(2560K)
[15399.868s][info][gc,heap        ] GC(33694) ParOldGen: 123559K(175104K)->123615K(175104K)
[15399.868s][info][gc,metaspace   ] GC(33694) Metaspace: 62361K(62592K)->62361K(62592K) NonClass: 53315K(53504K)->53315K(53504K) Class: 9046K(9088K)->9046K(9088K)
[15399.868s][info][gc             ] GC(33694) Pause Young (Allocation Failure) 201M->121M(253M) 1.983ms
[15399.868s][info][gc,cpu         ] GC(33694) User=0.00s Sys=0.00s Real=0.01s
[15400.281s][info][gc,start       ] GC(33695) Pause Young (Allocation Failure)
[15400.284s][info][gc,heap        ] GC(33695) PSYoungGen: 82752K(84480K)->2528K(84480K) Eden: 81920K(81920K)->0K(81920K) From: 832K(2560K)->2528K(2560K)
[15400.284s][info][gc,heap        ] GC(33695) ParOldGen: 123615K(175104K)->124175K(175104K)
[15400.284s][info][gc,metaspace   ] GC(33695) Metaspace: 62361K(62592K)->62361K(62592K) NonClass: 53315K(53504K)->53315K(53504K) Class: 9046K(9088K)->9046K(9088K)
[15400.284s][info][gc             ] GC(33695) Pause Young (Allocation Failure) 201M->123M(253M) 2.392ms
[15400.284s][info][gc,cpu         ] GC(33695) User=0.01s Sys=0.00s Real=0.00s
[15400.774s][info][gc,start       ] GC(33696) Pause Young (Allocation Failure)
[15400.776s][info][gc,heap        ] GC(33696) PSYoungGen: 84448K(84480K)->832K(83456K) Eden: 81920K(81920K)->0K(80896K) From: 2528K(2560K)->832K(2560K)
[15400.776s][info][gc,heap        ] GC(33696) ParOldGen: 124175K(175104K)->126247K(175104K)
[15400.776s][info][gc,metaspace   ] GC(33696) Metaspace: 62361K(62592K)->62361K(62592K) NonClass: 53315K(53504K)->53315K(53504K) Class: 9046K(9088K)->9046K(9088K)
[15400.776s][info][gc             ] GC(33696) Pause Young (Allocation Failure) 203M->124M(252M) 2.261ms
[15400.776s][info][gc,cpu         ] GC(33696) User=0.00s Sys=0.00s Real=0.01s
[15401.263s][info][gc,start       ] GC(33697) Pause Young (Allocation Failure)
[15401.265s][info][gc,heap        ] GC(33697) PSYoungGen: 81728K(83456K)->736K(83968K) Eden: 80896K(80896K)->0K(80896K) From: 832K(2560K)->736K(3072K)
[15401.265s][info][gc,heap        ] GC(33697) ParOldGen: 126247K(175104K)->126295K(175104K)
[15401.265s][info][gc,metaspace   ] GC(33697) Metaspace: 62361K(62592K)->62361K(62592K) NonClass: 53315K(53504K)->53315K(53504K) Class: 9046K(9088K)->9046K(9088K)
[15401.265s][info][gc             ] GC(33697) Pause Young (Allocation Failure) 203M->124M(253M) 1.897ms
[15401.265s][info][gc,cpu         ] GC(33697) User=0.00s Sys=0.00s Real=0.00s
[15401.727s][info][gc,start       ] GC(33698) Pause Young (Allocation Failure)
[15401.728s][info][gc,heap        ] GC(33698) PSYoungGen: 81632K(83968K)->256K(84480K) Eden: 80896K(80896K)->0K(81920K) From: 736K(3072K)->256K(2560K)
[15401.728s][info][gc,heap        ] GC(33698) ParOldGen: 126295K(175104K)->126351K(175104K)
[15401.728s][info][gc,metaspace   ] GC(33698) Metaspace: 62361K(62592K)->62361K(62592K) NonClass: 53315K(53504K)->53315K(53504K) Class: 9046K(9088K)->9046K(9088K)
[15401.728s][info][gc             ] GC(33698) Pause Young (Allocation Failure) 203M->123M(253M) 1.562ms
[15401.728s][info][gc,cpu         ] GC(33698) User=0.00s Sys=0.00s Real=0.00s
[15402.198s][info][gc,start       ] GC(33699) Pause Young (Allocation Failure)
[15402.201s][info][gc,heap        ] GC(33699) PSYoungGen: 82176K(84480K)->1248K(84480K) Eden: 81920K(81920K)->0K(81920K) From: 256K(2560K)->1248K(2560K)
[15402.201s][info][gc,heap        ] GC(33699) ParOldGen: 126351K(175104K)->126407K(175104K)
[15402.201s][info][gc,metaspace   ] GC(33699) Metaspace: 62361K(62592K)->62361K(62592K) NonClass: 53315K(53504K)->53315K(53504K) Class: 9046K(9088K)->9046K(9088K)
[15402.201s][info][gc             ] GC(33699) Pause Young (Allocation Failure) 203M->124M(253M) 2.299ms
[15402.201s][info][gc,cpu         ] GC(33699) User=0.00s Sys=0.00s Real=0.00s
[15402.665s][info][gc,start       ] GC(33700) Pause Young (Allocation Failure)
[15402.667s][info][gc,heap        ] GC(33700) PSYoungGen: 83168K(84480K)->864K(84480K) Eden: 81920K(81920K)->0K(81920K) From: 1248K(2560K)->864K(2560K)
[15402.667s][info][gc,heap        ] GC(33700) ParOldGen: 126407K(175104K)->126463K(175104K)
[15402.667s][info][gc,metaspace   ] GC(33700) Metaspace: 62361K(62592K)->62361K(62592K) NonClass: 53315K(53504K)->53315K(53504K) Class: 9046K(9088K)->9046K(9088K)
[15402.667s][info][gc             ] GC(33700) Pause Young (Allocation Failure) 204M->124M(253M) 1.986ms
[15402.667s][info][gc,cpu         ] GC(33700) User=0.01s Sys=0.00s Real=0.01s
[15403.102s][info][gc,start       ] GC(33701) Pause Young (Allocation Failure)
[15403.105s][info][gc,heap        ] GC(33701) PSYoungGen: 82784K(84480K)->1472K(84480K) Eden: 81920K(81920K)->0K(81920K) From: 864K(2560K)->1472K(2560K)
[15403.105s][info][gc,heap        ] GC(33701) ParOldGen: 126463K(175104K)->126511K(175104K)
[15403.105s][info][gc,metaspace   ] GC(33701) Metaspace: 62361K(62592K)->62361K(62592K) NonClass: 53315K(53504K)->53315K(53504K) Class: 9046K(9088K)->9046K(9088K)
[15403.105s][info][gc             ] GC(33701) Pause Young (Allocation Failure) 204M->124M(253M) 2.561ms
[15403.105s][info][gc,cpu         ] GC(33701) User=0.01s Sys=0.00s Real=0.00s
[15403.537s][info][gc,start       ] GC(33702) Pause Young (Allocation Failure)
[15403.539s][info][gc,heap        ] GC(33702) PSYoungGen: 83392K(84480K)->416K(84480K) Eden: 81920K(81920K)->0K(81920K) From: 1472K(2560K)->416K(2560K)
[15403.539s][info][gc,heap        ] GC(33702) ParOldGen: 126511K(175104K)->126567K(175104K)
[15403.539s][info][gc,metaspace   ] GC(33702) Metaspace: 62361K(62592K)->62361K(62592K) NonClass: 53315K(53504K)->53315K(53504K) Class: 9046K(9088K)->9046K(9088K)
[15403.539s][info][gc             ] GC(33702) Pause Young (Allocation Failure) 204M->124M(253M) 1.608ms
[15403.539s][info][gc,cpu         ] GC(33702) User=0.01s Sys=0.00s Real=0.00s
[15403.979s][info][gc,start       ] GC(33703) Pause Young (Allocation Failure)
[15403.981s][info][gc,heap        ] GC(33703) PSYoungGen: 82336K(84480K)->1024K(84480K) Eden: 81920K(81920K)->0K(81920K) From: 416K(2560K)->1024K(2560K)
[15403.981s][info][gc,heap        ] GC(33703) ParOldGen: 126567K(175104K)->126615K(175104K)
[15403.981s][info][gc,metaspace   ] GC(33703) Metaspace: 62361K(62592K)->62361K(62592K) NonClass: 53315K(53504K)->53315K(53504K) Class: 9046K(9088K)->9046K(9088K)
[15403.981s][info][gc             ] GC(33703) Pause Young (Allocation Failure) 204M->124M(253M) 2.138ms
[15403.981s][info][gc,cpu         ] GC(33703) User=0.00s Sys=0.00s Real=0.00s
[15404.445s][info][gc,start       ] GC(33704) Pause Young (Allocation Failure)
[15404.447s][info][gc,heap        ] GC(33704) PSYoungGen: 82944K(84480K)->512K(84480K) Eden: 81920K(81920K)->0K(81920K) From: 1024K(2560K)->512K(2560K)
[15404.447s][info][gc,heap        ] GC(33704) ParOldGen: 126615K(175104K)->126663K(175104K)
[15404.447s][info][gc,metaspace   ] GC(33704) Metaspace: 62361K(62592K)->62361K(62592K) NonClass: 53315K(53504K)->53315K(53504K) Class: 9046K(9088K)->9046K(9088K)
[15404.447s][info][gc             ] GC(33704) Pause Young (Allocation Failure) 204M->124M(253M) 1.674ms
[15404.447s][info][gc,cpu         ] GC(33704) User=0.00s Sys=0.00s Real=0.01s
[15404.984s][info][gc,start       ] GC(33705) Pause Young (Allocation Failure)
[15404.986s][info][gc,heap        ] GC(33705) PSYoungGen: 82432K(84480K)->1104K(84480K) Eden: 81920K(81920K)->0K(81920K) From: 512K(2560K)->1104K(2560K)
[15404.986s][info][gc,heap        ] GC(33705) ParOldGen: 126663K(175104K)->126711K(175104K)
[15404.986s][info][gc,metaspace   ] GC(33705) Metaspace: 62361K(62592K)->62361K(62592K) NonClass: 53315K(53504K)->53315K(53504K) Class: 9046K(9088K)->9046K(9088K)
[15404.986s][info][gc             ] GC(33705) Pause Young (Allocation Failure) 204M->124M(253M) 2.192ms
[15404.986s][info][gc,cpu         ] GC(33705) User=0.01s Sys=0.00s Real=0.01s
[15405.465s][info][gc,start       ] GC(33706) Pause Young (Allocation Failure)
[15405.466s][info][gc,heap        ] GC(33706) PSYoungGen: 83024K(84480K)->768K(84480K) Eden: 81920K(81920K)->0K(81920K) From: 1104K(2560K)->768K(2560K)
[15405.467s][info][gc,heap        ] GC(33706) ParOldGen: 126711K(175104K)->126816K(175104K)
[15405.467s][info][gc,metaspace   ] GC(33706) Metaspace: 62361K(62592K)->62361K(62592K) NonClass: 53315K(53504K)->53315K(53504K) Class: 9046K(9088K)->9046K(9088K)
[15405.467s][info][gc             ] GC(33706) Pause Young (Allocation Failure) 204M->124M(253M) 1.927ms
[15405.467s][info][gc,cpu         ] GC(33706) User=0.00s Sys=0.00s Real=0.01s
[15405.915s][info][gc,start       ] GC(33707) Pause Young (Allocation Failure)
[15405.918s][info][gc,heap        ] GC(33707) PSYoungGen: 82688K(84480K)->1600K(84480K) Eden: 81920K(81920K)->0K(81920K) From: 768K(2560K)->1600K(2560K)
[15405.918s][info][gc,heap        ] GC(33707) ParOldGen: 126816K(175104K)->126864K(175104K)
[15405.918s][info][gc,metaspace   ] GC(33707) Metaspace: 62361K(62592K)->62361K(62592K) NonClass: 53315K(53504K)->53315K(53504K) Class: 9046K(9088K)->9046K(9088K)
[15405.918s][info][gc             ] GC(33707) Pause Young (Allocation Failure) 204M->125M(253M) 2.702ms
[15405.918s][info][gc,cpu         ] GC(33707) User=0.00s Sys=0.00s Real=0.01s
[15406.338s][info][gc,start       ] GC(33708) Pause Young (Allocation Failure)
[15406.340s][info][gc,heap        ] GC(33708) PSYoungGen: 83520K(84480K)->480K(84480K) Eden: 81920K(81920K)->0K(81920K) From: 1600K(2560K)->480K(2560K)
[15406.340s][info][gc,heap        ] GC(33708) ParOldGen: 126864K(175104K)->126912K(175104K)
[15406.340s][info][gc,metaspace   ] GC(33708) Metaspace: 62361K(62592K)->62361K(62592K) NonClass: 53315K(53504K)->53315K(53504K) Class: 9046K(9088K)->9046K(9088K)
[15406.340s][info][gc             ] GC(33708) Pause Young (Allocation Failure) 205M->124M(253M) 1.700ms
[15406.340s][info][gc,cpu         ] GC(33708) User=0.00s Sys=0.00s Real=0.00s
[15406.788s][info][gc,start       ] GC(33709) Pause Young (Allocation Failure)
[15406.790s][info][gc,heap        ] GC(33709) PSYoungGen: 82400K(84480K)->1152K(84480K) Eden: 81920K(81920K)->0K(81920K) From: 480K(2560K)->1152K(2560K)
[15406.790s][info][gc,heap        ] GC(33709) ParOldGen: 126912K(175104K)->126968K(175104K)
[15406.790s][info][gc,metaspace   ] GC(33709) Metaspace: 62361K(62592K)->62361K(62592K) NonClass: 53315K(53504K)->53315K(53504K) Class: 9046K(9088K)->9046K(9088K)
[15406.790s][info][gc             ] GC(33709) Pause Young (Allocation Failure) 204M->125M(253M) 2.277ms
[15406.790s][info][gc,cpu         ] GC(33709) User=0.00s Sys=0.00s Real=0.00s
[15407.223s][info][gc,start       ] GC(33710) Pause Young (Allocation Failure)
[15407.225s][info][gc,heap        ] GC(33710) PSYoungGen: 83072K(84480K)->224K(84480K) Eden: 81920K(81920K)->0K(81920K) From: 1152K(2560K)->224K(2560K)
[15407.225s][info][gc,heap        ] GC(33710) ParOldGen: 126968K(175104K)->127016K(175104K)
[15407.225s][info][gc,metaspace   ] GC(33710) Metaspace: 62361K(62592K)->62361K(62592K) NonClass: 53315K(53504K)->53315K(53504K) Class: 9046K(9088K)->9046K(9088K)
[15407.225s][info][gc             ] GC(33710) Pause Young (Allocation Failure) 205M->124M(253M) 1.484ms
[15407.225s][info][gc,cpu         ] GC(33710) User=0.00s Sys=0.00s Real=0.00s
[15407.676s][info][gc,start       ] GC(33711) Pause Young (Allocation Failure)
[15407.678s][info][gc,heap        ] GC(33711) PSYoungGen: 82144K(84480K)->928K(84480K) Eden: 81920K(81920K)->0K(81920K) From: 224K(2560K)->928K(2560K)
[15407.678s][info][gc,heap        ] GC(33711) ParOldGen: 127016K(175104K)->127064K(175104K)
[15407.678s][info][gc,metaspace   ] GC(33711) Metaspace: 62361K(62592K)->62361K(62592K) NonClass: 53315K(53504K)->53315K(53504K) Class: 9046K(9088K)->9046K(9088K)
[15407.678s][info][gc             ] GC(33711) Pause Young (Allocation Failure) 204M->124M(253M) 2.103ms
[15407.678s][info][gc,cpu         ] GC(33711) User=0.00s Sys=0.00s Real=0.01s
[15408.142s][info][gc,start       ] GC(33712) Pause Young (Allocation Failure)
[15408.144s][info][gc,heap        ] GC(33712) PSYoungGen: 82848K(84480K)->480K(84992K) Eden: 81920K(81920K)->0K(82944K) From: 928K(2560K)->480K(2048K)
[15408.144s][info][gc,heap        ] GC(33712) ParOldGen: 127064K(175104K)->127112K(175104K)
[15408.144s][info][gc,metaspace   ] GC(33712) Metaspace: 62361K(62592K)->62361K(62592K) NonClass: 53315K(53504K)->53315K(53504K) Class: 9046K(9088K)->9046K(9088K)
[15408.144s][info][gc             ] GC(33712) Pause Young (Allocation Failure) 204M->124M(254M) 1.743ms
[15408.144s][info][gc,cpu         ] GC(33712) User=0.00s Sys=0.00s Real=0.00s
[15408.655s][info][gc,start       ] GC(33713) Pause Young (Allocation Failure)
[15408.657s][info][gc,heap        ] GC(33713) PSYoungGen: 83424K(84992K)->640K(84992K) Eden: 82944K(82944K)->0K(82944K) From: 480K(2048K)->640K(2048K)
[15408.657s][info][gc,heap        ] GC(33713) ParOldGen: 127112K(175104K)->127168K(175104K)
[15408.657s][info][gc,metaspace   ] GC(33713) Metaspace: 62361K(62592K)->62361K(62592K) NonClass: 53315K(53504K)->53315K(53504K) Class: 9046K(9088K)->9046K(9088K)
[15408.657s][info][gc             ] GC(33713) Pause Young (Allocation Failure) 205M->124M(254M) 1.826ms
[15408.657s][info][gc,cpu         ] GC(33713) User=0.00s Sys=0.00s Real=0.01s
[15409.129s][info][gc,start       ] GC(33714) Pause Young (Allocation Failure)
[15409.130s][info][gc,heap        ] GC(33714) PSYoungGen: 83584K(84992K)->288K(84992K) Eden: 82944K(82944K)->0K(82944K) From: 640K(2048K)->288K(2048K)
[15409.130s][info][gc,heap        ] GC(33714) ParOldGen: 127168K(175104K)->127216K(175104K)
[15409.130s][info][gc,metaspace   ] GC(33714) Metaspace: 62361K(62592K)->62361K(62592K) NonClass: 53315K(53504K)->53315K(53504K) Class: 9046K(9088K)->9046K(9088K)
[15409.130s][info][gc             ] GC(33714) Pause Young (Allocation Failure) 205M->124M(254M) 1.538ms
[15409.130s][info][gc,cpu         ] GC(33714) User=0.00s Sys=0.00s Real=0.00s
[15409.580s][info][gc,start       ] GC(33715) Pause Young (Allocation Failure)
[15409.582s][info][gc,heap        ] GC(33715) PSYoungGen: 83232K(84992K)->1088K(84992K) Eden: 82944K(82944K)->0K(82944K) From: 288K(2048K)->1088K(2048K)
[15409.582s][info][gc,heap        ] GC(33715) ParOldGen: 127216K(175104K)->127272K(175104K)
[15409.582s][info][gc,metaspace   ] GC(33715) Metaspace: 62361K(62592K)->62361K(62592K) NonClass: 53315K(53504K)->53315K(53504K) Class: 9046K(9088K)->9046K(9088K)
[15409.582s][info][gc             ] GC(33715) Pause Young (Allocation Failure) 205M->125M(254M) 2.188ms
[15409.582s][info][gc,cpu         ] GC(33715) User=0.01s Sys=0.00s Real=0.00s
[15410.057s][info][gc,start       ] GC(33716) Pause Young (Allocation Failure)
[15410.059s][info][gc,heap        ] GC(33716) PSYoungGen: 84032K(84992K)->1664K(83968K) Eden: 82944K(82944K)->0K(81920K) From: 1088K(2048K)->1664K(2048K)
[15410.059s][info][gc,heap        ] GC(33716) ParOldGen: 127272K(175104K)->127320K(175104K)
[15410.059s][info][gc,metaspace   ] GC(33716) Metaspace: 62361K(62592K)->62361K(62592K) NonClass: 53315K(53504K)->53315K(53504K) Class: 9046K(9088K)->9046K(9088K)
[15410.059s][info][gc             ] GC(33716) Pause Young (Allocation Failure) 206M->125M(253M) 1.935ms
[15410.059s][info][gc,cpu         ] GC(33716) User=0.00s Sys=0.00s Real=0.00s
[15410.524s][info][gc,start       ] GC(33717) Pause Young (Allocation Failure)
[15410.526s][info][gc,heap        ] GC(33717) PSYoungGen: 83584K(83968K)->224K(84480K) Eden: 81920K(81920K)->0K(81920K) From: 1664K(2048K)->224K(2560K)
[15410.526s][info][gc,heap        ] GC(33717) ParOldGen: 127320K(175104K)->129424K(175104K)
[15410.526s][info][gc,metaspace   ] GC(33717) Metaspace: 62361K(62592K)->62361K(62592K) NonClass: 53315K(53504K)->53315K(53504K) Class: 9046K(9088K)->9046K(9088K)
[15410.526s][info][gc             ] GC(33717) Pause Young (Allocation Failure) 205M->126M(253M) 1.815ms
[15410.526s][info][gc,cpu         ] GC(33717) User=0.00s Sys=0.00s Real=0.00s
[15411.007s][info][gc,start       ] GC(33718) Pause Young (Allocation Failure)
[15411.010s][info][gc,heap        ] GC(33718) PSYoungGen: 82144K(84480K)->1408K(84480K) Eden: 81920K(81920K)->0K(81920K) From: 224K(2560K)->1408K(2560K)
[15411.010s][info][gc,heap        ] GC(33718) ParOldGen: 129424K(175104K)->129472K(175104K)
[15411.010s][info][gc,metaspace   ] GC(33718) Metaspace: 62361K(62592K)->62361K(62592K) NonClass: 53315K(53504K)->53315K(53504K) Class: 9046K(9088K)->9046K(9088K)
[15411.010s][info][gc             ] GC(33718) Pause Young (Allocation Failure) 206M->127M(253M) 2.494ms
[15411.010s][info][gc,cpu         ] GC(33718) User=0.00s Sys=0.00s Real=0.00s
[15411.452s][info][gc,start       ] GC(33719) Pause Young (Allocation Failure)
[15411.454s][info][gc,heap        ] GC(33719) PSYoungGen: 83328K(84480K)->672K(84480K) Eden: 81920K(81920K)->0K(81920K) From: 1408K(2560K)->672K(2560K)
[15411.454s][info][gc,heap        ] GC(33719) ParOldGen: 129472K(175104K)->129520K(175104K)
[15411.454s][info][gc,metaspace   ] GC(33719) Metaspace: 62361K(62592K)->62361K(62592K) NonClass: 53315K(53504K)->53315K(53504K) Class: 9046K(9088K)->9046K(9088K)
[15411.454s][info][gc             ] GC(33719) Pause Young (Allocation Failure) 207M->127M(253M) 1.790ms
[15411.454s][info][gc,cpu         ] GC(33719) User=0.01s Sys=0.00s Real=0.00s
[15411.846s][info][gc,start       ] GC(33720) Pause Young (Allocation Failure)
[15411.847s][info][gc,heap        ] GC(33720) PSYoungGen: 82592K(84480K)->576K(84992K) Eden: 81920K(81920K)->0K(82432K) From: 672K(2560K)->576K(2560K)
[15411.847s][info][gc,heap        ] GC(33720) ParOldGen: 129520K(175104K)->129568K(175104K)
[15411.847s][info][gc,metaspace   ] GC(33720) Metaspace: 62361K(62592K)->62361K(62592K) NonClass: 53315K(53504K)->53315K(53504K) Class: 9046K(9088K)->9046K(9088K)
[15411.848s][info][gc             ] GC(33720) Pause Young (Allocation Failure) 207M->127M(254M) 1.673ms
[15411.848s][info][gc,cpu         ] GC(33720) User=0.00s Sys=0.00s Real=0.00s
[15412.302s][info][gc,start       ] GC(33721) Pause Young (Allocation Failure)
[15412.304s][info][gc,heap        ] GC(33721) PSYoungGen: 83008K(84992K)->1104K(84480K) Eden: 82432K(82432K)->0K(82432K) From: 576K(2560K)->1104K(2048K)
[15412.304s][info][gc,heap        ] GC(33721) ParOldGen: 129568K(175104K)->129624K(175104K)
[15412.304s][info][gc,metaspace   ] GC(33721) Metaspace: 62361K(62592K)->62361K(62592K) NonClass: 53315K(53504K)->53315K(53504K) Class: 9046K(9088K)->9046K(9088K)
[15412.304s][info][gc             ] GC(33721) Pause Young (Allocation Failure) 207M->127M(253M) 2.168ms
[15412.304s][info][gc,cpu         ] GC(33721) User=0.01s Sys=0.00s Real=0.00s
[15412.706s][info][gc,start       ] GC(33722) Pause Young (Allocation Failure)
[15412.708s][info][gc,heap        ] GC(33722) PSYoungGen: 83536K(84480K)->1536K(83968K) Eden: 82432K(82432K)->0K(81920K) From: 1104K(2048K)->1536K(2048K)
[15412.708s][info][gc,heap        ] GC(33722) ParOldGen: 129624K(175104K)->129720K(175104K)
[15412.708s][info][gc,metaspace   ] GC(33722) Metaspace: 62361K(62592K)->62361K(62592K) NonClass: 53315K(53504K)->53315K(53504K) Class: 9046K(9088K)->9046K(9088K)
[15412.708s][info][gc             ] GC(33722) Pause Young (Allocation Failure) 208M->128M(253M) 2.549ms
[15412.708s][info][gc,cpu         ] GC(33722) User=0.01s Sys=0.00s Real=0.01s
[15413.134s][info][gc,start       ] GC(33723) Pause Young (Allocation Failure)
[15413.136s][info][gc,heap        ] GC(33723) PSYoungGen: 83456K(83968K)->384K(84480K) Eden: 81920K(81920K)->0K(81920K) From: 1536K(2048K)->384K(2560K)
[15413.136s][info][gc,heap        ] GC(33723) ParOldGen: 129720K(175104K)->129768K(175104K)
[15413.136s][info][gc,metaspace   ] GC(33723) Metaspace: 62361K(62592K)->62361K(62592K) NonClass: 53315K(53504K)->53315K(53504K) Class: 9046K(9088K)->9046K(9088K)
[15413.136s][info][gc             ] GC(33723) Pause Young (Allocation Failure) 208M->127M(253M) 1.551ms
[15413.136s][info][gc,cpu         ] GC(33723) User=0.00s Sys=0.00s Real=0.00s
[15413.572s][info][gc,start       ] GC(33724) Pause Young (Allocation Failure)
[15413.574s][info][gc,heap        ] GC(33724) PSYoungGen: 82304K(84480K)->992K(84992K) Eden: 81920K(81920K)->0K(82432K) From: 384K(2560K)->992K(2560K)
[15413.574s][info][gc,heap        ] GC(33724) ParOldGen: 129768K(175104K)->129816K(175104K)
[15413.574s][info][gc,metaspace   ] GC(33724) Metaspace: 62361K(62592K)->62361K(62592K) NonClass: 53315K(53504K)->53315K(53504K) Class: 9046K(9088K)->9046K(9088K)
[15413.574s][info][gc             ] GC(33724) Pause Young (Allocation Failure) 207M->127M(254M) 2.110ms
[15413.574s][info][gc,cpu         ] GC(33724) User=0.00s Sys=0.00s Real=0.00s
[15414.023s][info][gc,start       ] GC(33725) Pause Young (Allocation Failure)
[15414.024s][info][gc,heap        ] GC(33725) PSYoungGen: 83424K(84992K)->192K(84480K) Eden: 82432K(82432K)->0K(82432K) From: 992K(2560K)->192K(2048K)
[15414.024s][info][gc,heap        ] GC(33725) ParOldGen: 129816K(175104K)->129872K(175104K)
[15414.024s][info][gc,metaspace   ] GC(33725) Metaspace: 62361K(62592K)->62361K(62592K) NonClass: 53315K(53504K)->53315K(53504K) Class: 9046K(9088K)->9046K(9088K)
[15414.024s][info][gc             ] GC(33725) Pause Young (Allocation Failure) 208M->127M(253M) 1.486ms
[15414.024s][info][gc,cpu         ] GC(33725) User=0.00s Sys=0.00s Real=0.00s
[15414.461s][info][gc,start       ] GC(33726) Pause Young (Allocation Failure)
[15414.463s][info][gc,heap        ] GC(33726) PSYoungGen: 82624K(84480K)->1824K(83968K) Eden: 82432K(82432K)->0K(81920K) From: 192K(2048K)->1824K(2048K)
[15414.463s][info][gc,heap        ] GC(33726) ParOldGen: 129872K(175104K)->129928K(175104K)
[15414.463s][info][gc,metaspace   ] GC(33726) Metaspace: 62361K(62592K)->62361K(62592K) NonClass: 53315K(53504K)->53315K(53504K) Class: 9046K(9088K)->9046K(9088K)
[15414.463s][info][gc             ] GC(33726) Pause Young (Allocation Failure) 207M->128M(253M) 2.018ms
[15414.463s][info][gc,cpu         ] GC(33726) User=0.01s Sys=0.00s Real=0.00s
[15414.876s][info][gc,start       ] GC(33727) Pause Young (Allocation Failure)
[15414.878s][info][gc,heap        ] GC(33727) PSYoungGen: 83744K(83968K)->1120K(84480K) Eden: 81920K(81920K)->0K(81920K) From: 1824K(2048K)->1120K(2560K)
[15414.878s][info][gc,heap        ] GC(33727) ParOldGen: 129928K(175104K)->131000K(175104K)
[15414.878s][info][gc,metaspace   ] GC(33727) Metaspace: 62361K(62592K)->62361K(62592K) NonClass: 53315K(53504K)->53315K(53504K) Class: 9046K(9088K)->9046K(9088K)
[15414.878s][info][gc             ] GC(33727) Pause Young (Allocation Failure) 208M->129M(253M) 2.333ms
[15414.878s][info][gc,cpu         ] GC(33727) User=0.00s Sys=0.00s Real=0.00s
[15415.332s][info][gc,start       ] GC(33728) Pause Young (Allocation Failure)
[15415.334s][info][gc,heap        ] GC(33728) PSYoungGen: 83040K(84480K)->352K(84480K) Eden: 81920K(81920K)->0K(81920K) From: 1120K(2560K)->352K(2560K)
[15415.334s][info][gc,heap        ] GC(33728) ParOldGen: 131000K(175104K)->131056K(175104K)
[15415.334s][info][gc,metaspace   ] GC(33728) Metaspace: 62361K(62592K)->62361K(62592K) NonClass: 53315K(53504K)->53315K(53504K) Class: 9046K(9088K)->9046K(9088K)
[15415.334s][info][gc             ] GC(33728) Pause Young (Allocation Failure) 209M->128M(253M) 1.552ms
[15415.334s][info][gc,cpu         ] GC(33728) User=0.00s Sys=0.00s Real=0.00s
[15415.802s][info][gc,start       ] GC(33729) Pause Young (Allocation Failure)
[15415.804s][info][gc,heap        ] GC(33729) PSYoungGen: 82272K(84480K)->1312K(84480K) Eden: 81920K(81920K)->0K(81920K) From: 352K(2560K)->1312K(2560K)
[15415.804s][info][gc,heap        ] GC(33729) ParOldGen: 131056K(175104K)->131112K(175104K)
[15415.805s][info][gc,metaspace   ] GC(33729) Metaspace: 62361K(62592K)->62361K(62592K) NonClass: 53315K(53504K)->53315K(53504K) Class: 9046K(9088K)->9046K(9088K)
[15415.805s][info][gc             ] GC(33729) Pause Young (Allocation Failure) 208M->129M(253M) 2.402ms
[15415.805s][info][gc,cpu         ] GC(33729) User=0.01s Sys=0.00s Real=0.00s
[15416.279s][info][gc,start       ] GC(33730) Pause Young (Allocation Failure)
[15416.281s][info][gc,heap        ] GC(33730) PSYoungGen: 83232K(84480K)->960K(84480K) Eden: 81920K(81920K)->0K(81920K) From: 1312K(2560K)->960K(2560K)
[15416.281s][info][gc,heap        ] GC(33730) ParOldGen: 131112K(175104K)->131168K(175104K)
[15416.281s][info][gc,metaspace   ] GC(33730) Metaspace: 62361K(62592K)->62361K(62592K) NonClass: 53315K(53504K)->53315K(53504K) Class: 9046K(9088K)->9046K(9088K)
[15416.281s][info][gc             ] GC(33730) Pause Young (Allocation Failure) 209M->129M(253M) 2.189ms
[15416.281s][info][gc,cpu         ] GC(33730) User=0.01s Sys=0.00s Real=0.00s
[15416.757s][info][gc,start       ] GC(33731) Pause Young (Allocation Failure)
[15416.758s][info][gc,heap        ] GC(33731) PSYoungGen: 82880K(84480K)->672K(84480K) Eden: 81920K(81920K)->0K(81920K) From: 960K(2560K)->672K(2560K)
[15416.758s][info][gc,heap        ] GC(33731) ParOldGen: 131168K(175104K)->131216K(175104K)
[15416.758s][info][gc,metaspace   ] GC(33731) Metaspace: 62361K(62592K)->62361K(62592K) NonClass: 53315K(53504K)->53315K(53504K) Class: 9046K(9088K)->9046K(9088K)
[15416.758s][info][gc             ] GC(33731) Pause Young (Allocation Failure) 209M->128M(253M) 1.880ms
[15416.759s][info][gc,cpu         ] GC(33731) User=0.00s Sys=0.00s Real=0.00s
[15417.214s][info][gc,start       ] GC(33732) Pause Young (Allocation Failure)
[15417.216s][info][gc,heap        ] GC(33732) PSYoungGen: 82592K(84480K)->1472K(83968K) Eden: 81920K(81920K)->0K(81920K) From: 672K(2560K)->1472K(2048K)
[15417.216s][info][gc,heap        ] GC(33732) ParOldGen: 131216K(175104K)->131272K(175104K)
[15417.216s][info][gc,metaspace   ] GC(33732) Metaspace: 62361K(62592K)->62361K(62592K) NonClass: 53315K(53504K)->53315K(53504K) Class: 9046K(9088K)->9046K(9088K)
[15417.216s][info][gc             ] GC(33732) Pause Young (Allocation Failure) 208M->129M(253M) 2.580ms
[15417.216s][info][gc,cpu         ] GC(33732) User=0.01s Sys=0.00s Real=0.01s
[15417.672s][info][gc,start       ] GC(33733) Pause Young (Allocation Failure)
[15417.674s][info][gc,heap        ] GC(33733) PSYoungGen: 83392K(83968K)->896K(84480K) Eden: 81920K(81920K)->0K(81920K) From: 1472K(2048K)->896K(2560K)
[15417.674s][info][gc,heap        ] GC(33733) ParOldGen: 131272K(175104K)->131320K(175104K)
[15417.674s][info][gc,metaspace   ] GC(33733) Metaspace: 62361K(62592K)->62361K(62592K) NonClass: 53315K(53504K)->53315K(53504K) Class: 9046K(9088K)->9046K(9088K)
[15417.674s][info][gc             ] GC(33733) Pause Young (Allocation Failure) 209M->129M(253M) 2.063ms
[15417.674s][info][gc,cpu         ] GC(33733) User=0.00s Sys=0.00s Real=0.00s
[15418.110s][info][gc,start       ] GC(33734) Pause Young (Allocation Failure)
[15418.113s][info][gc,heap        ] GC(33734) PSYoungGen: 82816K(84480K)->1600K(83968K) Eden: 81920K(81920K)->0K(81920K) From: 896K(2560K)->1600K(2048K)
[15418.113s][info][gc,heap        ] GC(33734) ParOldGen: 131320K(175104K)->131368K(175104K)
[15418.113s][info][gc,metaspace   ] GC(33734) Metaspace: 62361K(62592K)->62361K(62592K) NonClass: 53315K(53504K)->53315K(53504K) Class: 9046K(9088K)->9046K(9088K)
[15418.113s][info][gc             ] GC(33734) Pause Young (Allocation Failure) 209M->129M(253M) 2.606ms
[15418.113s][info][gc,cpu         ] GC(33734) User=0.01s Sys=0.00s Real=0.00s
[15418.511s][info][gc,start       ] GC(33735) Pause Young (Allocation Failure)
[15418.514s][info][gc,heap        ] GC(33735) PSYoungGen: 83520K(83968K)->1728K(84480K) Eden: 81920K(81920K)->0K(81920K) From: 1600K(2048K)->1728K(2560K)
[15418.514s][info][gc,heap        ] GC(33735) ParOldGen: 131368K(175104K)->131416K(175104K)
[15418.514s][info][gc,metaspace   ] GC(33735) Metaspace: 62361K(62592K)->62361K(62592K) NonClass: 53315K(53504K)->53315K(53504K) Class: 9046K(9088K)->9046K(9088K)
[15418.514s][info][gc             ] GC(33735) Pause Young (Allocation Failure) 209M->130M(253M) 2.698ms
[15418.514s][info][gc,cpu         ] GC(33735) User=0.01s Sys=0.00s Real=0.00s
[15418.886s][info][gc,start       ] GC(33736) Pause Young (Allocation Failure)
[15418.888s][info][gc,heap        ] GC(33736) PSYoungGen: 83648K(84480K)->1184K(84480K) Eden: 81920K(81920K)->0K(81920K) From: 1728K(2560K)->1184K(2560K)
[15418.888s][info][gc,heap        ] GC(33736) ParOldGen: 131416K(175104K)->131464K(175104K)
[15418.888s][info][gc,metaspace   ] GC(33736) Metaspace: 62361K(62592K)->62361K(62592K) NonClass: 53315K(53504K)->53315K(53504K) Class: 9046K(9088K)->9046K(9088K)
[15418.888s][info][gc             ] GC(33736) Pause Young (Allocation Failure) 210M->129M(253M) 2.330ms
[15418.888s][info][gc,cpu         ] GC(33736) User=0.01s Sys=0.00s Real=0.00s
[15419.309s][info][gc,start       ] GC(33737) Pause Young (Allocation Failure)
[15419.312s][info][gc,heap        ] GC(33737) PSYoungGen: 83104K(84480K)->2528K(84480K) Eden: 81920K(81920K)->0K(81920K) From: 1184K(2560K)->2528K(2560K)
[15419.312s][info][gc,heap        ] GC(33737) ParOldGen: 131464K(175104K)->131560K(175104K)
[15419.312s][info][gc,metaspace   ] GC(33737) Metaspace: 62361K(62592K)->62361K(62592K) NonClass: 53315K(53504K)->53315K(53504K) Class: 9046K(9088K)->9046K(9088K)
[15419.312s][info][gc             ] GC(33737) Pause Young (Allocation Failure) 209M->130M(253M) 2.745ms
[15419.312s][info][gc,cpu         ] GC(33737) User=0.01s Sys=0.00s Real=0.00s
[15419.796s][info][gc,start       ] GC(33738) Pause Young (Allocation Failure)
[15419.799s][info][gc,heap        ] GC(33738) PSYoungGen: 84448K(84480K)->1360K(83456K) Eden: 81920K(81920K)->0K(80896K) From: 2528K(2560K)->1360K(2560K)
[15419.799s][info][gc,heap        ] GC(33738) ParOldGen: 131560K(175104K)->132624K(175104K)
[15419.799s][info][gc,metaspace   ] GC(33738) Metaspace: 62361K(62592K)->62361K(62592K) NonClass: 53315K(53504K)->53315K(53504K) Class: 9046K(9088K)->9046K(9088K)
[15419.799s][info][gc             ] GC(33738) Pause Young (Allocation Failure) 210M->130M(252M) 2.593ms
[15419.799s][info][gc,cpu         ] GC(33738) User=0.00s Sys=0.00s Real=0.00s
[15420.185s][info][gc,start       ] GC(33739) Pause Young (Allocation Failure)
[15420.188s][info][gc,heap        ] GC(33739) PSYoungGen: 82256K(83456K)->1216K(83968K) Eden: 80896K(80896K)->0K(80896K) From: 1360K(2560K)->1216K(3072K)
[15420.188s][info][gc,heap        ] GC(33739) ParOldGen: 132624K(175104K)->132736K(175104K)
[15420.188s][info][gc,metaspace   ] GC(33739) Metaspace: 62361K(62592K)->62361K(62592K) NonClass: 53315K(53504K)->53315K(53504K) Class: 9046K(9088K)->9046K(9088K)
[15420.188s][info][gc             ] GC(33739) Pause Young (Allocation Failure) 209M->130M(253M) 2.274ms
[15420.188s][info][gc,cpu         ] GC(33739) User=0.01s Sys=0.00s Real=0.01s
[15420.596s][info][gc,start       ] GC(33740) Pause Young (Allocation Failure)
[15420.598s][info][gc,heap        ] GC(33740) PSYoungGen: 82112K(83968K)->1344K(84480K) Eden: 80896K(80896K)->0K(81920K) From: 1216K(3072K)->1344K(2560K)
[15420.598s][info][gc,heap        ] GC(33740) ParOldGen: 132736K(175104K)->132784K(175104K)
[15420.598s][info][gc,metaspace   ] GC(33740) Metaspace: 62361K(62592K)->62361K(62592K) NonClass: 53315K(53504K)->53315K(53504K) Class: 9046K(9088K)->9046K(9088K)
[15420.598s][info][gc             ] GC(33740) Pause Young (Allocation Failure) 209M->130M(253M) 2.377ms
[15420.598s][info][gc,cpu         ] GC(33740) User=0.00s Sys=0.00s Real=0.01s
[15421.060s][info][gc,start       ] GC(33741) Pause Young (Allocation Failure)
[15421.061s][info][gc,heap        ] GC(33741) PSYoungGen: 83264K(84480K)->736K(84480K) Eden: 81920K(81920K)->0K(81920K) From: 1344K(2560K)->736K(2560K)
[15421.061s][info][gc,heap        ] GC(33741) ParOldGen: 132784K(175104K)->132832K(175104K)
[15421.061s][info][gc,metaspace   ] GC(33741) Metaspace: 62361K(62592K)->62361K(62592K) NonClass: 53315K(53504K)->53315K(53504K) Class: 9046K(9088K)->9046K(9088K)
[15421.062s][info][gc             ] GC(33741) Pause Young (Allocation Failure) 210M->130M(253M) 1.906ms
[15421.062s][info][gc,cpu         ] GC(33741) User=0.00s Sys=0.00s Real=0.00s
[15421.501s][info][gc,start       ] GC(33742) Pause Young (Allocation Failure)
[15421.503s][info][gc,heap        ] GC(33742) PSYoungGen: 82656K(84480K)->1376K(84480K) Eden: 81920K(81920K)->0K(81920K) From: 736K(2560K)->1376K(2560K)
[15421.503s][info][gc,heap        ] GC(33742) ParOldGen: 132832K(175104K)->132888K(175104K)
[15421.503s][info][gc,metaspace   ] GC(33742) Metaspace: 62361K(62592K)->62361K(62592K) NonClass: 53315K(53504K)->53315K(53504K) Class: 9046K(9088K)->9046K(9088K)
[15421.503s][info][gc             ] GC(33742) Pause Young (Allocation Failure) 210M->131M(253M) 2.461ms
[15421.503s][info][gc,cpu         ] GC(33742) User=0.00s Sys=0.00s Real=0.00s
[15421.862s][info][gc,start       ] GC(33743) Pause Young (Allocation Failure)
[15421.864s][info][gc,heap        ] GC(33743) PSYoungGen: 83296K(84480K)->928K(84480K) Eden: 81920K(81920K)->0K(81920K) From: 1376K(2560K)->928K(2560K)
[15421.864s][info][gc,heap        ] GC(33743) ParOldGen: 132888K(175104K)->132944K(175104K)
[15421.864s][info][gc,metaspace   ] GC(33743) Metaspace: 62361K(62592K)->62361K(62592K) NonClass: 53315K(53504K)->53315K(53504K) Class: 9046K(9088K)->9046K(9088K)
[15421.864s][info][gc             ] GC(33743) Pause Young (Allocation Failure) 211M->130M(253M) 2.043ms
[15421.864s][info][gc,cpu         ] GC(33743) User=0.00s Sys=0.00s Real=0.00s
[15422.334s][info][gc,start       ] GC(33744) Pause Young (Allocation Failure)
[15422.336s][info][gc,heap        ] GC(33744) PSYoungGen: 82848K(84480K)->384K(84480K) Eden: 81920K(81920K)->0K(81920K) From: 928K(2560K)->384K(2560K)
[15422.336s][info][gc,heap        ] GC(33744) ParOldGen: 132944K(175104K)->132992K(175104K)
[15422.336s][info][gc,metaspace   ] GC(33744) Metaspace: 62361K(62592K)->62361K(62592K) NonClass: 53315K(53504K)->53315K(53504K) Class: 9046K(9088K)->9046K(9088K)
[15422.336s][info][gc             ] GC(33744) Pause Young (Allocation Failure) 210M->130M(253M) 1.622ms
[15422.336s][info][gc,cpu         ] GC(33744) User=0.00s Sys=0.00s Real=0.01s
[15422.822s][info][gc,start       ] GC(33745) Pause Young (Allocation Failure)
[15422.823s][info][gc,heap        ] GC(33745) PSYoungGen: 82304K(84480K)->192K(84480K) Eden: 81920K(81920K)->0K(81920K) From: 384K(2560K)->192K(2560K)
[15422.824s][info][gc,heap        ] GC(33745) ParOldGen: 132992K(175104K)->133048K(175104K)
[15422.824s][info][gc,metaspace   ] GC(33745) Metaspace: 62361K(62592K)->62361K(62592K) NonClass: 53315K(53504K)->53315K(53504K) Class: 9046K(9088K)->9046K(9088K)
[15422.824s][info][gc             ] GC(33745) Pause Young (Allocation Failure) 210M->130M(253M) 1.510ms
[15422.824s][info][gc,cpu         ] GC(33745) User=0.00s Sys=0.00s Real=0.00s
[15423.324s][info][gc,start       ] GC(33746) Pause Young (Allocation Failure)
[15423.325s][info][gc,heap        ] GC(33746) PSYoungGen: 82112K(84480K)->224K(84480K) Eden: 81920K(81920K)->0K(81920K) From: 192K(2560K)->224K(2560K)
[15423.325s][info][gc,heap        ] GC(33746) ParOldGen: 133048K(175104K)->133096K(175104K)
[15423.325s][info][gc,metaspace   ] GC(33746) Metaspace: 62361K(62592K)->62361K(62592K) NonClass: 53315K(53504K)->53315K(53504K) Class: 9046K(9088K)->9046K(9088K)
[15423.325s][info][gc             ] GC(33746) Pause Young (Allocation Failure) 210M->130M(253M) 1.469ms
[15423.325s][info][gc,cpu         ] GC(33746) User=0.00s Sys=0.00s Real=0.00s
[15423.811s][info][gc,start       ] GC(33747) Pause Young (Allocation Failure)
[15423.814s][info][gc,heap        ] GC(33747) PSYoungGen: 82144K(84480K)->2528K(84480K) Eden: 81920K(81920K)->0K(81920K) From: 224K(2560K)->2528K(2560K)
[15423.814s][info][gc,heap        ] GC(33747) ParOldGen: 133096K(175104K)->134168K(175104K)
[15423.814s][info][gc,metaspace   ] GC(33747) Metaspace: 62361K(62592K)->62361K(62592K) NonClass: 53315K(53504K)->53315K(53504K) Class: 9046K(9088K)->9046K(9088K)
[15423.814s][info][gc             ] GC(33747) Pause Young (Allocation Failure) 210M->133M(253M) 2.926ms
[15423.814s][info][gc,cpu         ] GC(33747) User=0.00s Sys=0.00s Real=0.00s
[15424.249s][info][gc,start       ] GC(33748) Pause Young (Allocation Failure)
[15424.251s][info][gc,heap        ] GC(33748) PSYoungGen: 84448K(84480K)->640K(83456K) Eden: 81920K(81920K)->0K(80896K) From: 2528K(2560K)->640K(2560K)
[15424.251s][info][gc,heap        ] GC(33748) ParOldGen: 134168K(175104K)->135240K(175104K)
[15424.251s][info][gc,metaspace   ] GC(33748) Metaspace: 62361K(62592K)->62361K(62592K) NonClass: 53315K(53504K)->53315K(53504K) Class: 9046K(9088K)->9046K(9088K)
[15424.251s][info][gc             ] GC(33748) Pause Young (Allocation Failure) 213M->132M(252M) 1.906ms
[15424.251s][info][gc,cpu         ] GC(33748) User=0.00s Sys=0.00s Real=0.00s
[15424.755s][info][gc,start       ] GC(33749) Pause Young (Allocation Failure)
[15424.756s][info][gc,heap        ] GC(33749) PSYoungGen: 81536K(83456K)->608K(83968K) Eden: 80896K(80896K)->0K(80896K) From: 640K(2560K)->608K(3072K)
[15424.757s][info][gc,heap        ] GC(33749) ParOldGen: 135240K(175104K)->135296K(175104K)
[15424.757s][info][gc,metaspace   ] GC(33749) Metaspace: 62361K(62592K)->62361K(62592K) NonClass: 53315K(53504K)->53315K(53504K) Class: 9046K(9088K)->9046K(9088K)
[15424.757s][info][gc             ] GC(33749) Pause Young (Allocation Failure) 211M->132M(253M) 1.829ms
[15424.757s][info][gc,cpu         ] GC(33749) User=0.01s Sys=0.00s Real=0.01s
[15425.247s][info][gc,start       ] GC(33750) Pause Young (Allocation Failure)
[15425.248s][info][gc,heap        ] GC(33750) PSYoungGen: 81504K(83968K)->544K(84480K) Eden: 80896K(80896K)->0K(81408K) From: 608K(3072K)->544K(3072K)
[15425.248s][info][gc,heap        ] GC(33750) ParOldGen: 135296K(175104K)->135352K(175104K)
[15425.248s][info][gc,metaspace   ] GC(33750) Metaspace: 62361K(62592K)->62361K(62592K) NonClass: 53315K(53504K)->53315K(53504K) Class: 9046K(9088K)->9046K(9088K)
[15425.248s][info][gc             ] GC(33750) Pause Young (Allocation Failure) 211M->132M(253M) 1.708ms
[15425.248s][info][gc,cpu         ] GC(33750) User=0.00s Sys=0.00s Real=0.00s
[15425.654s][info][gc,start       ] GC(33751) Pause Young (Allocation Failure)
[15425.656s][info][gc,heap        ] GC(33751) PSYoungGen: 81952K(84480K)->768K(83968K) Eden: 81408K(81408K)->0K(81408K) From: 544K(3072K)->768K(2560K)
[15425.656s][info][gc,heap        ] GC(33751) ParOldGen: 135352K(175104K)->135400K(175104K)
[15425.656s][info][gc,metaspace   ] GC(33751) Metaspace: 62361K(62592K)->62361K(62592K) NonClass: 53315K(53504K)->53315K(53504K) Class: 9046K(9088K)->9046K(9088K)
[15425.656s][info][gc             ] GC(33751) Pause Young (Allocation Failure) 212M->132M(253M) 1.870ms
[15425.656s][info][gc,cpu         ] GC(33751) User=0.01s Sys=0.00s Real=0.01s
[15426.063s][info][gc,start       ] GC(33752) Pause Young (Allocation Failure)
[15426.064s][info][gc,heap        ] GC(33752) PSYoungGen: 82176K(83968K)->800K(84480K) Eden: 81408K(81408K)->0K(81920K) From: 768K(2560K)->800K(2560K)
[15426.064s][info][gc,heap        ] GC(33752) ParOldGen: 135400K(175104K)->135456K(175104K)
[15426.064s][info][gc,metaspace   ] GC(33752) Metaspace: 62361K(62592K)->62361K(62592K) NonClass: 53315K(53504K)->53315K(53504K) Class: 9046K(9088K)->9046K(9088K)
[15426.064s][info][gc             ] GC(33752) Pause Young (Allocation Failure) 212M->133M(253M) 1.885ms
[15426.064s][info][gc,cpu         ] GC(33752) User=0.00s Sys=0.00s Real=0.00s
[15426.505s][info][gc,start       ] GC(33753) Pause Young (Allocation Failure)
[15426.508s][info][gc,heap        ] GC(33753) PSYoungGen: 82720K(84480K)->1376K(84480K) Eden: 81920K(81920K)->0K(81920K) From: 800K(2560K)->1376K(2560K)
[15426.508s][info][gc,heap        ] GC(33753) ParOldGen: 135456K(175104K)->135504K(175104K)
[15426.508s][info][gc,metaspace   ] GC(33753) Metaspace: 62361K(62592K)->62361K(62592K) NonClass: 53315K(53504K)->53315K(53504K) Class: 9046K(9088K)->9046K(9088K)
[15426.508s][info][gc             ] GC(33753) Pause Young (Allocation Failure) 213M->133M(253M) 2.624ms
[15426.508s][info][gc,cpu         ] GC(33753) User=0.01s Sys=0.00s Real=0.01s
[15426.944s][info][gc,start       ] GC(33754) Pause Young (Allocation Failure)
[15426.945s][info][gc,heap        ] GC(33754) PSYoungGen: 83296K(84480K)->512K(84480K) Eden: 81920K(81920K)->0K(81920K) From: 1376K(2560K)->512K(2560K)
[15426.945s][info][gc,heap        ] GC(33754) ParOldGen: 135504K(175104K)->135552K(175104K)
[15426.945s][info][gc,metaspace   ] GC(33754) Metaspace: 62361K(62592K)->62361K(62592K) NonClass: 53315K(53504K)->53315K(53504K) Class: 9046K(9088K)->9046K(9088K)
[15426.945s][info][gc             ] GC(33754) Pause Young (Allocation Failure) 213M->132M(253M) 1.670ms
[15426.945s][info][gc,cpu         ] GC(33754) User=0.00s Sys=0.00s Real=0.00s
[15427.444s][info][gc,start       ] GC(33755) Pause Young (Allocation Failure)
[15427.445s][info][gc,heap        ] GC(33755) PSYoungGen: 82432K(84480K)->528K(84480K) Eden: 81920K(81920K)->0K(81920K) From: 512K(2560K)->528K(2560K)
[15427.445s][info][gc,heap        ] GC(33755) ParOldGen: 135552K(175104K)->135600K(175104K)
[15427.445s][info][gc,metaspace   ] GC(33755) Metaspace: 62361K(62592K)->62361K(62592K) NonClass: 53315K(53504K)->53315K(53504K) Class: 9046K(9088K)->9046K(9088K)
[15427.445s][info][gc             ] GC(33755) Pause Young (Allocation Failure) 212M->132M(253M) 1.752ms
[15427.445s][info][gc,cpu         ] GC(33755) User=0.01s Sys=0.00s Real=0.00s
[15427.859s][info][gc,start       ] GC(33756) Pause Young (Allocation Failure)
[15427.861s][info][gc,heap        ] GC(33756) PSYoungGen: 82448K(84480K)->704K(84480K) Eden: 81920K(81920K)->0K(81920K) From: 528K(2560K)->704K(2560K)
[15427.861s][info][gc,heap        ] GC(33756) ParOldGen: 135600K(175104K)->135696K(175104K)
[15427.861s][info][gc,metaspace   ] GC(33756) Metaspace: 62361K(62592K)->62361K(62592K) NonClass: 53315K(53504K)->53315K(53504K) Class: 9046K(9088K)->9046K(9088K)
[15427.861s][info][gc             ] GC(33756) Pause Young (Allocation Failure) 212M->133M(253M) 1.945ms
[15427.861s][info][gc,cpu         ] GC(33756) User=0.00s Sys=0.00s Real=0.00s
[15428.320s][info][gc,start       ] GC(33757) Pause Young (Allocation Failure)
[15428.322s][info][gc,heap        ] GC(33757) PSYoungGen: 82624K(84480K)->1568K(84480K) Eden: 81920K(81920K)->0K(81920K) From: 704K(2560K)->1568K(2560K)
[15428.322s][info][gc,heap        ] GC(33757) ParOldGen: 135696K(175104K)->135744K(175104K)
[15428.322s][info][gc,metaspace   ] GC(33757) Metaspace: 62361K(62592K)->62361K(62592K) NonClass: 53315K(53504K)->53315K(53504K) Class: 9046K(9088K)->9046K(9088K)
[15428.322s][info][gc             ] GC(33757) Pause Young (Allocation Failure) 213M->134M(253M) 2.703ms
[15428.322s][info][gc,cpu         ] GC(33757) User=0.00s Sys=0.00s Real=0.00s
[15428.783s][info][gc,start       ] GC(33758) Pause Young (Allocation Failure)
[15428.785s][info][gc,heap        ] GC(33758) PSYoungGen: 83488K(84480K)->992K(84480K) Eden: 81920K(81920K)->0K(81920K) From: 1568K(2560K)->992K(2560K)
[15428.785s][info][gc,heap        ] GC(33758) ParOldGen: 135744K(175104K)->135800K(175104K)
[15428.785s][info][gc,metaspace   ] GC(33758) Metaspace: 62361K(62592K)->62361K(62592K) NonClass: 53315K(53504K)->53315K(53504K) Class: 9046K(9088K)->9046K(9088K)
[15428.785s][info][gc             ] GC(33758) Pause Young (Allocation Failure) 214M->133M(253M) 2.160ms
[15428.785s][info][gc,cpu         ] GC(33758) User=0.01s Sys=0.00s Real=0.00s
[15429.224s][info][gc,start       ] GC(33759) Pause Young (Allocation Failure)
[15429.225s][info][gc,heap        ] GC(33759) PSYoungGen: 82912K(84480K)->224K(84480K) Eden: 81920K(81920K)->0K(81920K) From: 992K(2560K)->224K(2560K)
[15429.225s][info][gc,heap        ] GC(33759) ParOldGen: 135800K(175104K)->135848K(175104K)
[15429.225s][info][gc,metaspace   ] GC(33759) Metaspace: 62361K(62592K)->62361K(62592K) NonClass: 53315K(53504K)->53315K(53504K) Class: 9046K(9088K)->9046K(9088K)
[15429.225s][info][gc             ] GC(33759) Pause Young (Allocation Failure) 213M->132M(253M) 1.452ms
[15429.225s][info][gc,cpu         ] GC(33759) User=0.00s Sys=0.01s Real=0.00s
[15429.657s][info][gc,start       ] GC(33760) Pause Young (Allocation Failure)
[15429.659s][info][gc,heap        ] GC(33760) PSYoungGen: 82144K(84480K)->704K(84992K) Eden: 81920K(81920K)->0K(82432K) From: 224K(2560K)->704K(2560K)
[15429.659s][info][gc,heap        ] GC(33760) ParOldGen: 135848K(175104K)->135904K(175104K)
[15429.659s][info][gc,metaspace   ] GC(33760) Metaspace: 62361K(62592K)->62361K(62592K) NonClass: 53315K(53504K)->53315K(53504K) Class: 9046K(9088K)->9046K(9088K)
[15429.659s][info][gc             ] GC(33760) Pause Young (Allocation Failure) 212M->133M(254M) 1.819ms
[15429.659s][info][gc,cpu         ] GC(33760) User=0.00s Sys=0.00s Real=0.00s
[15430.091s][info][gc,start       ] GC(33761) Pause Young (Allocation Failure)
[15430.093s][info][gc,heap        ] GC(33761) PSYoungGen: 83136K(84992K)->1312K(84480K) Eden: 82432K(82432K)->0K(82432K) From: 704K(2560K)->1312K(2048K)
[15430.093s][info][gc,heap        ] GC(33761) ParOldGen: 135904K(175104K)->135952K(175104K)
[15430.093s][info][gc,metaspace   ] GC(33761) Metaspace: 62361K(62592K)->62361K(62592K) NonClass: 53315K(53504K)->53315K(53504K) Class: 9046K(9088K)->9046K(9088K)
[15430.093s][info][gc             ] GC(33761) Pause Young (Allocation Failure) 213M->134M(253M) 2.460ms
[15430.093s][info][gc,cpu         ] GC(33761) User=0.00s Sys=0.00s Real=0.00s
[15430.585s][info][gc,start       ] GC(33762) Pause Young (Allocation Failure)
[15430.587s][info][gc,heap        ] GC(33762) PSYoungGen: 83744K(84480K)->1056K(84992K) Eden: 82432K(82432K)->0K(82432K) From: 1312K(2048K)->1056K(2560K)
[15430.587s][info][gc,heap        ] GC(33762) ParOldGen: 135952K(175104K)->136000K(175104K)
[15430.587s][info][gc,metaspace   ] GC(33762) Metaspace: 62361K(62592K)->62361K(62592K) NonClass: 53315K(53504K)->53315K(53504K) Class: 9046K(9088K)->9046K(9088K)
[15430.587s][info][gc             ] GC(33762) Pause Young (Allocation Failure) 214M->133M(254M) 2.236ms
[15430.587s][info][gc,cpu         ] GC(33762) User=0.01s Sys=0.00s Real=0.01s
[15431.077s][info][gc,start       ] GC(33763) Pause Young (Allocation Failure)
[15431.079s][info][gc,heap        ] GC(33763) PSYoungGen: 83488K(84992K)->896K(84480K) Eden: 82432K(82432K)->0K(82432K) From: 1056K(2560K)->896K(2048K)
[15431.079s][info][gc,heap        ] GC(33763) ParOldGen: 136000K(175104K)->136048K(175104K)
[15431.079s][info][gc,metaspace   ] GC(33763) Metaspace: 62361K(62592K)->62361K(62592K) NonClass: 53315K(53504K)->53315K(53504K) Class: 9046K(9088K)->9046K(9088K)
[15431.079s][info][gc             ] GC(33763) Pause Young (Allocation Failure) 214M->133M(253M) 2.047ms
[15431.079s][info][gc,cpu         ] GC(33763) User=0.00s Sys=0.00s Real=0.00s
[15431.545s][info][gc,start       ] GC(33764) Pause Young (Allocation Failure)
[15431.547s][info][gc,heap        ] GC(33764) PSYoungGen: 83328K(84480K)->544K(84992K) Eden: 82432K(82432K)->0K(82944K) From: 896K(2048K)->544K(2048K)
[15431.547s][info][gc,heap        ] GC(33764) ParOldGen: 136048K(175104K)->136096K(175104K)
[15431.547s][info][gc,metaspace   ] GC(33764) Metaspace: 62361K(62592K)->62361K(62592K) NonClass: 53315K(53504K)->53315K(53504K) Class: 9046K(9088K)->9046K(9088K)
[15431.547s][info][gc             ] GC(33764) Pause Young (Allocation Failure) 214M->133M(254M) 1.733ms
[15431.547s][info][gc,cpu         ] GC(33764) User=0.00s Sys=0.00s Real=0.01s
[15432.026s][info][gc,start       ] GC(33765) Pause Young (Allocation Failure)
[15432.028s][info][gc,heap        ] GC(33765) PSYoungGen: 83488K(84992K)->224K(84992K) Eden: 82944K(82944K)->0K(82944K) From: 544K(2048K)->224K(2048K)
[15432.028s][info][gc,heap        ] GC(33765) ParOldGen: 136096K(175104K)->136152K(175104K)
[15432.028s][info][gc,metaspace   ] GC(33765) Metaspace: 62361K(62592K)->62361K(62592K) NonClass: 53315K(53504K)->53315K(53504K) Class: 9046K(9088K)->9046K(9088K)
[15432.028s][info][gc             ] GC(33765) Pause Young (Allocation Failure) 214M->133M(254M) 1.508ms
[15432.028s][info][gc,cpu         ] GC(33765) User=0.01s Sys=0.00s Real=0.00s
[15432.496s][info][gc,start       ] GC(33766) Pause Young (Allocation Failure)
[15432.498s][info][gc,heap        ] GC(33766) PSYoungGen: 83168K(84992K)->1248K(84992K) Eden: 82944K(82944K)->0K(82944K) From: 224K(2048K)->1248K(2048K)
[15432.498s][info][gc,heap        ] GC(33766) ParOldGen: 136152K(175104K)->136200K(175104K)
[15432.498s][info][gc,metaspace   ] GC(33766) Metaspace: 62361K(62592K)->62361K(62592K) NonClass: 53315K(53504K)->53315K(53504K) Class: 9046K(9088K)->9046K(9088K)
[15432.498s][info][gc             ] GC(33766) Pause Young (Allocation Failure) 214M->134M(254M) 2.408ms
[15432.498s][info][gc,cpu         ] GC(33766) User=0.00s Sys=0.00s Real=0.01s
[15432.955s][info][gc,start       ] GC(33767) Pause Young (Allocation Failure)
[15432.957s][info][gc,heap        ] GC(33767) PSYoungGen: 84192K(84992K)->672K(84992K) Eden: 82944K(82944K)->0K(82944K) From: 1248K(2048K)->672K(2048K)
[15432.957s][info][gc,heap        ] GC(33767) ParOldGen: 136200K(175104K)->136248K(175104K)
[15432.957s][info][gc,metaspace   ] GC(33767) Metaspace: 62361K(62592K)->62361K(62592K) NonClass: 53315K(53504K)->53315K(53504K) Class: 9046K(9088K)->9046K(9088K)
[15432.957s][info][gc             ] GC(33767) Pause Young (Allocation Failure) 215M->133M(254M) 1.874ms
[15432.957s][info][gc,cpu         ] GC(33767) User=0.01s Sys=0.00s Real=0.01s
[15433.479s][info][gc,start       ] GC(33768) Pause Young (Allocation Failure)
[15433.481s][info][gc,heap        ] GC(33768) PSYoungGen: 83616K(84992K)->1888K(83968K) Eden: 82944K(82944K)->0K(81920K) From: 672K(2048K)->1888K(2048K)
[15433.481s][info][gc,heap        ] GC(33768) ParOldGen: 136248K(175104K)->136296K(175104K)
[15433.481s][info][gc,metaspace   ] GC(33768) Metaspace: 62361K(62592K)->62361K(62592K) NonClass: 53315K(53504K)->53315K(53504K) Class: 9046K(9088K)->9046K(9088K)
[15433.481s][info][gc             ] GC(33768) Pause Young (Allocation Failure) 214M->134M(253M) 2.127ms
[15433.481s][info][gc,cpu         ] GC(33768) User=0.00s Sys=0.00s Real=0.00s
[15433.955s][info][gc,start       ] GC(33769) Pause Young (Allocation Failure)
[15433.957s][info][gc,heap        ] GC(33769) PSYoungGen: 83808K(83968K)->640K(84480K) Eden: 81920K(81920K)->0K(81920K) From: 1888K(2048K)->640K(2560K)
[15433.957s][info][gc,heap        ] GC(33769) ParOldGen: 136296K(175104K)->137368K(175104K)
[15433.957s][info][gc,metaspace   ] GC(33769) Metaspace: 62361K(62592K)->62361K(62592K) NonClass: 53315K(53504K)->53315K(53504K) Class: 9046K(9088K)->9046K(9088K)
[15433.957s][info][gc             ] GC(33769) Pause Young (Allocation Failure) 214M->134M(253M) 1.954ms
[15433.957s][info][gc,cpu         ] GC(33769) User=0.00s Sys=0.00s Real=0.01s
[15434.416s][info][gc,start       ] GC(33770) Pause Young (Allocation Failure)
[15434.419s][info][gc,heap        ] GC(33770) PSYoungGen: 82560K(84480K)->1504K(84480K) Eden: 81920K(81920K)->0K(81920K) From: 640K(2560K)->1504K(2560K)
[15434.419s][info][gc,heap        ] GC(33770) ParOldGen: 137368K(175104K)->137416K(175104K)
[15434.419s][info][gc,metaspace   ] GC(33770) Metaspace: 62361K(62592K)->62361K(62592K) NonClass: 53315K(53504K)->53315K(53504K) Class: 9046K(9088K)->9046K(9088K)
[15434.419s][info][gc             ] GC(33770) Pause Young (Allocation Failure) 214M->135M(253M) 3.128ms
[15434.419s][info][gc,cpu         ] GC(33770) User=0.01s Sys=0.00s Real=0.01s
[15434.879s][info][gc,start       ] GC(33771) Pause Young (Allocation Failure)
[15434.881s][info][gc,heap        ] GC(33771) PSYoungGen: 83424K(84480K)->416K(84480K) Eden: 81920K(81920K)->0K(81920K) From: 1504K(2560K)->416K(2560K)
[15434.881s][info][gc,heap        ] GC(33771) ParOldGen: 137416K(175104K)->137472K(175104K)
[15434.881s][info][gc,metaspace   ] GC(33771) Metaspace: 62361K(62592K)->62361K(62592K) NonClass: 53315K(53504K)->53315K(53504K) Class: 9046K(9088K)->9046K(9088K)
[15434.881s][info][gc             ] GC(33771) Pause Young (Allocation Failure) 215M->134M(253M) 1.748ms
[15434.881s][info][gc,cpu         ] GC(33771) User=0.00s Sys=0.00s Real=0.00s
[15435.319s][info][gc,start       ] GC(33772) Pause Young (Allocation Failure)
[15435.322s][info][gc,heap        ] GC(33772) PSYoungGen: 82336K(84480K)->1664K(84480K) Eden: 81920K(81920K)->0K(81920K) From: 416K(2560K)->1664K(2560K)
[15435.322s][info][gc,heap        ] GC(33772) ParOldGen: 137472K(175104K)->137576K(175104K)
[15435.322s][info][gc,metaspace   ] GC(33772) Metaspace: 62361K(62592K)->62361K(62592K) NonClass: 53315K(53504K)->53315K(53504K) Class: 9046K(9088K)->9046K(9088K)
[15435.322s][info][gc             ] GC(33772) Pause Young (Allocation Failure) 214M->135M(253M) 2.804ms
[15435.322s][info][gc,cpu         ] GC(33772) User=0.00s Sys=0.00s Real=0.00s
[15435.748s][info][gc,start       ] GC(33773) Pause Young (Allocation Failure)
[15435.750s][info][gc,heap        ] GC(33773) PSYoungGen: 83584K(84480K)->608K(84480K) Eden: 81920K(81920K)->0K(81920K) From: 1664K(2560K)->608K(2560K)
[15435.750s][info][gc,heap        ] GC(33773) ParOldGen: 137576K(175104K)->137624K(175104K)
[15435.750s][info][gc,metaspace   ] GC(33773) Metaspace: 62361K(62592K)->62361K(62592K) NonClass: 53315K(53504K)->53315K(53504K) Class: 9046K(9088K)->9046K(9088K)
[15435.750s][info][gc             ] GC(33773) Pause Young (Allocation Failure) 215M->134M(253M) 1.821ms
[15435.750s][info][gc,cpu         ] GC(33773) User=0.00s Sys=0.00s Real=0.00s
[15436.219s][info][gc,start       ] GC(33774) Pause Young (Allocation Failure)
[15436.221s][info][gc,heap        ] GC(33774) PSYoungGen: 82528K(84480K)->1536K(84480K) Eden: 81920K(81920K)->0K(81920K) From: 608K(2560K)->1536K(2560K)
[15436.221s][info][gc,heap        ] GC(33774) ParOldGen: 137624K(175104K)->137672K(175104K)
[15436.221s][info][gc,metaspace   ] GC(33774) Metaspace: 62361K(62592K)->62361K(62592K) NonClass: 53315K(53504K)->53315K(53504K) Class: 9046K(9088K)->9046K(9088K)
[15436.221s][info][gc             ] GC(33774) Pause Young (Allocation Failure) 214M->135M(253M) 2.691ms
[15436.221s][info][gc,cpu         ] GC(33774) User=0.01s Sys=0.00s Real=0.00s
[15436.684s][info][gc,start       ] GC(33775) Pause Young (Allocation Failure)
[15436.686s][info][gc,heap        ] GC(33775) PSYoungGen: 83456K(84480K)->1056K(84480K) Eden: 81920K(81920K)->0K(81920K) From: 1536K(2560K)->1056K(2560K)
[15436.686s][info][gc,heap        ] GC(33775) ParOldGen: 137672K(175104K)->137720K(175104K)
[15436.686s][info][gc,metaspace   ] GC(33775) Metaspace: 62361K(62592K)->62361K(62592K) NonClass: 53315K(53504K)->53315K(53504K) Class: 9046K(9088K)->9046K(9088K)
[15436.686s][info][gc             ] GC(33775) Pause Young (Allocation Failure) 215M->135M(253M) 2.215ms
[15436.686s][info][gc,cpu         ] GC(33775) User=0.00s Sys=0.00s Real=0.01s
[15437.112s][info][gc,start       ] GC(33776) Pause Young (Allocation Failure)
[15437.114s][info][gc,heap        ] GC(33776) PSYoungGen: 82976K(84480K)->1536K(84480K) Eden: 81920K(81920K)->0K(81920K) From: 1056K(2560K)->1536K(2560K)
[15437.114s][info][gc,heap        ] GC(33776) ParOldGen: 137720K(175104K)->137776K(175104K)
[15437.114s][info][gc,metaspace   ] GC(33776) Metaspace: 62361K(62592K)->62361K(62592K) NonClass: 53315K(53504K)->53315K(53504K) Class: 9046K(9088K)->9046K(9088K)
[15437.114s][info][gc             ] GC(33776) Pause Young (Allocation Failure) 215M->136M(253M) 2.675ms
[15437.114s][info][gc,cpu         ] GC(33776) User=0.00s Sys=0.00s Real=0.00s
[15437.530s][info][gc,start       ] GC(33777) Pause Young (Allocation Failure)
[15437.532s][info][gc,heap        ] GC(33777) PSYoungGen: 83456K(84480K)->320K(84480K) Eden: 81920K(81920K)->0K(81920K) From: 1536K(2560K)->320K(2560K)
[15437.532s][info][gc,heap        ] GC(33777) ParOldGen: 137776K(175104K)->137832K(175104K)
[15437.532s][info][gc,metaspace   ] GC(33777) Metaspace: 62361K(62592K)->62361K(62592K) NonClass: 53315K(53504K)->53315K(53504K) Class: 9046K(9088K)->9046K(9088K)
[15437.532s][info][gc             ] GC(33777) Pause Young (Allocation Failure) 216M->134M(253M) 1.587ms
[15437.532s][info][gc,cpu         ] GC(33777) User=0.00s Sys=0.00s Real=0.00s
[15437.976s][info][gc,start       ] GC(33778) Pause Young (Allocation Failure)
[15437.978s][info][gc,heap        ] GC(33778) PSYoungGen: 82240K(84480K)->896K(84480K) Eden: 81920K(81920K)->0K(81920K) From: 320K(2560K)->896K(2560K)
[15437.978s][info][gc,heap        ] GC(33778) ParOldGen: 137832K(175104K)->137888K(175104K)
[15437.978s][info][gc,metaspace   ] GC(33778) Metaspace: 62361K(62592K)->62361K(62592K) NonClass: 53315K(53504K)->53315K(53504K) Class: 9046K(9088K)->9046K(9088K)
[15437.978s][info][gc             ] GC(33778) Pause Young (Allocation Failure) 214M->135M(253M) 2.035ms
[15437.978s][info][gc,cpu         ] GC(33778) User=0.01s Sys=0.00s Real=0.00s
[15438.434s][info][gc,start       ] GC(33779) Pause Young (Allocation Failure)
[15438.436s][info][gc,heap        ] GC(33779) PSYoungGen: 82816K(84480K)->1408K(84480K) Eden: 81920K(81920K)->0K(81920K) From: 896K(2560K)->1408K(2560K)
[15438.436s][info][gc,heap        ] GC(33779) ParOldGen: 137888K(175104K)->137944K(175104K)
[15438.436s][info][gc,metaspace   ] GC(33779) Metaspace: 62361K(62592K)->62361K(62592K) NonClass: 53315K(53504K)->53315K(53504K) Class: 9046K(9088K)->9046K(9088K)
[15438.436s][info][gc             ] GC(33779) Pause Young (Allocation Failure) 215M->136M(253M) 1.802ms
[15438.436s][info][gc,cpu         ] GC(33779) User=0.00s Sys=0.00s Real=0.01s
[15438.902s][info][gc,start       ] GC(33780) Pause Young (Allocation Failure)
[15438.904s][info][gc,heap        ] GC(33780) PSYoungGen: 83328K(84480K)->1280K(84480K) Eden: 81920K(81920K)->0K(81920K) From: 1408K(2560K)->1280K(2560K)
[15438.904s][info][gc,heap        ] GC(33780) ParOldGen: 137944K(175104K)->139016K(175104K)
[15438.904s][info][gc,metaspace   ] GC(33780) Metaspace: 62361K(62592K)->62361K(62592K) NonClass: 53315K(53504K)->53315K(53504K) Class: 9046K(9088K)->9046K(9088K)
[15438.904s][info][gc             ] GC(33780) Pause Young (Allocation Failure) 216M->137M(253M) 2.578ms
[15438.904s][info][gc,cpu         ] GC(33780) User=0.00s Sys=0.00s Real=0.00s
[15439.383s][info][gc,start       ] GC(33781) Pause Young (Allocation Failure)
[15439.385s][info][gc,heap        ] GC(33781) PSYoungGen: 83200K(84480K)->1024K(84480K) Eden: 81920K(81920K)->0K(81920K) From: 1280K(2560K)->1024K(2560K)
[15439.385s][info][gc,heap        ] GC(33781) ParOldGen: 139016K(175104K)->139064K(175104K)
[15439.385s][info][gc,metaspace   ] GC(33781) Metaspace: 62361K(62592K)->62361K(62592K) NonClass: 53315K(53504K)->53315K(53504K) Class: 9046K(9088K)->9046K(9088K)
[15439.385s][info][gc             ] GC(33781) Pause Young (Allocation Failure) 217M->136M(253M) 2.190ms
[15439.385s][info][gc,cpu         ] GC(33781) User=0.01s Sys=0.00s Real=0.00s
[15439.857s][info][gc,start       ] GC(33782) Pause Young (Allocation Failure)
[15439.859s][info][gc,heap        ] GC(33782) PSYoungGen: 82944K(84480K)->672K(84992K) Eden: 81920K(81920K)->0K(82432K) From: 1024K(2560K)->672K(2560K)
[15439.859s][info][gc,heap        ] GC(33782) ParOldGen: 139064K(175104K)->139120K(175104K)
[15439.859s][info][gc,metaspace   ] GC(33782) Metaspace: 62361K(62592K)->62361K(62592K) NonClass: 53315K(53504K)->53315K(53504K) Class: 9046K(9088K)->9046K(9088K)
[15439.859s][info][gc             ] GC(33782) Pause Young (Allocation Failure) 216M->136M(254M) 1.878ms
[15439.859s][info][gc,cpu         ] GC(33782) User=0.00s Sys=0.00s Real=0.00s
[15440.333s][info][gc,start       ] GC(33783) Pause Young (Allocation Failure)
[15440.335s][info][gc,heap        ] GC(33783) PSYoungGen: 83104K(84992K)->352K(84480K) Eden: 82432K(82432K)->0K(82432K) From: 672K(2560K)->352K(2048K)
[15440.335s][info][gc,heap        ] GC(33783) ParOldGen: 139120K(175104K)->139176K(175104K)
[15440.335s][info][gc,metaspace   ] GC(33783) Metaspace: 62361K(62592K)->62361K(62592K) NonClass: 53315K(53504K)->53315K(53504K) Class: 9046K(9088K)->9046K(9088K)
[15440.335s][info][gc             ] GC(33783) Pause Young (Allocation Failure) 217M->136M(253M) 1.551ms
[15440.335s][info][gc,cpu         ] GC(33783) User=0.00s Sys=0.00s Real=0.00s
[15440.803s][info][gc,start       ] GC(33784) Pause Young (Allocation Failure)
[15440.806s][info][gc,heap        ] GC(33784) PSYoungGen: 82784K(84480K)->1376K(84480K) Eden: 82432K(82432K)->0K(81920K) From: 352K(2048K)->1376K(2560K)
[15440.806s][info][gc,heap        ] GC(33784) ParOldGen: 139176K(175104K)->139224K(175104K)
[15440.806s][info][gc,metaspace   ] GC(33784) Metaspace: 62361K(62592K)->62361K(62592K) NonClass: 53315K(53504K)->53315K(53504K) Class: 9046K(9088K)->9046K(9088K)
[15440.806s][info][gc             ] GC(33784) Pause Young (Allocation Failure) 216M->137M(253M) 2.427ms
[15440.806s][info][gc,cpu         ] GC(33784) User=0.01s Sys=0.00s Real=0.00s
[15441.247s][info][gc,start       ] GC(33785) Pause Young (Allocation Failure)
[15441.249s][info][gc,heap        ] GC(33785) PSYoungGen: 83296K(84480K)->544K(84480K) Eden: 81920K(81920K)->0K(81920K) From: 1376K(2560K)->544K(2560K)
[15441.249s][info][gc,heap        ] GC(33785) ParOldGen: 139224K(175104K)->139272K(175104K)
[15441.249s][info][gc,metaspace   ] GC(33785) Metaspace: 62361K(62592K)->62361K(62592K) NonClass: 53315K(53504K)->53315K(53504K) Class: 9046K(9088K)->9046K(9088K)
[15441.249s][info][gc             ] GC(33785) Pause Young (Allocation Failure) 217M->136M(253M) 1.710ms
[15441.249s][info][gc,cpu         ] GC(33785) User=0.00s Sys=0.00s Real=0.00s
[15441.690s][info][gc,start       ] GC(33786) Pause Young (Allocation Failure)
[15441.692s][info][gc,heap        ] GC(33786) PSYoungGen: 82464K(84480K)->1216K(84480K) Eden: 81920K(81920K)->0K(81920K) From: 544K(2560K)->1216K(2560K)
[15441.692s][info][gc,heap        ] GC(33786) ParOldGen: 139272K(175104K)->139320K(175104K)
[15441.692s][info][gc,metaspace   ] GC(33786) Metaspace: 62361K(62592K)->62361K(62592K) NonClass: 53315K(53504K)->53315K(53504K) Class: 9046K(9088K)->9046K(9088K)
[15441.692s][info][gc             ] GC(33786) Pause Young (Allocation Failure) 216M->137M(253M) 2.338ms
[15441.692s][info][gc,cpu         ] GC(33786) User=0.00s Sys=0.00s Real=0.00s
[15442.121s][info][gc,start       ] GC(33787) Pause Young (Allocation Failure)
[15442.124s][info][gc,heap        ] GC(33787) PSYoungGen: 83136K(84480K)->1664K(84480K) Eden: 81920K(81920K)->0K(81920K) From: 1216K(2560K)->1664K(2560K)
[15442.124s][info][gc,heap        ] GC(33787) ParOldGen: 139320K(175104K)->139368K(175104K)
[15442.124s][info][gc,metaspace   ] GC(33787) Metaspace: 62361K(62592K)->62361K(62592K) NonClass: 53315K(53504K)->53315K(53504K) Class: 9046K(9088K)->9046K(9088K)
[15442.124s][info][gc             ] GC(33787) Pause Young (Allocation Failure) 217M->137M(253M) 2.724ms
[15442.124s][info][gc,cpu         ] GC(33787) User=0.01s Sys=0.00s Real=0.00s
[15442.627s][info][gc,start       ] GC(33788) Pause Young (Allocation Failure)
[15442.628s][info][gc,heap        ] GC(33788) PSYoungGen: 83584K(84480K)->304K(84480K) Eden: 81920K(81920K)->0K(81920K) From: 1664K(2560K)->304K(2560K)
[15442.628s][info][gc,heap        ] GC(33788) ParOldGen: 139368K(175104K)->139424K(175104K)
[15442.628s][info][gc,metaspace   ] GC(33788) Metaspace: 62361K(62592K)->62361K(62592K) NonClass: 53315K(53504K)->53315K(53504K) Class: 9046K(9088K)->9046K(9088K)
[15442.628s][info][gc             ] GC(33788) Pause Young (Allocation Failure) 217M->136M(253M) 1.560ms
[15442.628s][info][gc,cpu         ] GC(33788) User=0.01s Sys=0.00s Real=0.00s
[15443.068s][info][gc,start       ] GC(33789) Pause Young (Allocation Failure)
[15443.070s][info][gc,heap        ] GC(33789) PSYoungGen: 82224K(84480K)->1888K(84480K) Eden: 81920K(81920K)->0K(81920K) From: 304K(2560K)->1888K(2560K)
[15443.070s][info][gc,heap        ] GC(33789) ParOldGen: 139424K(175104K)->139528K(175104K)
[15443.070s][info][gc,metaspace   ] GC(33789) Metaspace: 62361K(62592K)->62361K(62592K) NonClass: 53315K(53504K)->53315K(53504K) Class: 9046K(9088K)->9046K(9088K)
[15443.070s][info][gc             ] GC(33789) Pause Young (Allocation Failure) 216M->138M(253M) 2.142ms
[15443.071s][info][gc,cpu         ] GC(33789) User=0.00s Sys=0.00s Real=0.00s
[15443.570s][info][gc,start       ] GC(33790) Pause Young (Allocation Failure)
[15443.572s][info][gc,heap        ] GC(33790) PSYoungGen: 83808K(84480K)->800K(84480K) Eden: 81920K(81920K)->0K(81920K) From: 1888K(2560K)->800K(2560K)
[15443.572s][info][gc,heap        ] GC(33790) ParOldGen: 139528K(175104K)->140600K(175104K)
[15443.572s][info][gc,metaspace   ] GC(33790) Metaspace: 62361K(62592K)->62361K(62592K) NonClass: 53315K(53504K)->53315K(53504K) Class: 9046K(9088K)->9046K(9088K)
[15443.572s][info][gc             ] GC(33790) Pause Young (Allocation Failure) 218M->138M(253M) 2.056ms
[15443.572s][info][gc,cpu         ] GC(33790) User=0.01s Sys=0.00s Real=0.00s
[15444.028s][info][gc,start       ] GC(33791) Pause Young (Allocation Failure)
[15444.030s][info][gc,heap        ] GC(33791) PSYoungGen: 82720K(84480K)->288K(84480K) Eden: 81920K(81920K)->0K(81920K) From: 800K(2560K)->288K(2560K)
[15444.030s][info][gc,heap        ] GC(33791) ParOldGen: 140600K(175104K)->140648K(175104K)
[15444.030s][info][gc,metaspace   ] GC(33791) Metaspace: 62361K(62592K)->62361K(62592K) NonClass: 53315K(53504K)->53315K(53504K) Class: 9046K(9088K)->9046K(9088K)
[15444.030s][info][gc             ] GC(33791) Pause Young (Allocation Failure) 218M->137M(253M) 1.513ms
[15444.030s][info][gc,cpu         ] GC(33791) User=0.01s Sys=0.00s Real=0.00s
[15444.507s][info][gc,start       ] GC(33792) Pause Young (Allocation Failure)
[15444.510s][info][gc,heap        ] GC(33792) PSYoungGen: 82208K(84480K)->1408K(84480K) Eden: 81920K(81920K)->0K(81920K) From: 288K(2560K)->1408K(2560K)
[15444.510s][info][gc,heap        ] GC(33792) ParOldGen: 140648K(175104K)->140696K(175104K)
[15444.510s][info][gc,metaspace   ] GC(33792) Metaspace: 62361K(62592K)->62361K(62592K) NonClass: 53315K(53504K)->53315K(53504K) Class: 9046K(9088K)->9046K(9088K)
[15444.510s][info][gc             ] GC(33792) Pause Young (Allocation Failure) 217M->138M(253M) 2.562ms
[15444.510s][info][gc,cpu         ] GC(33792) User=0.00s Sys=0.00s Real=0.00s
[15444.932s][info][gc,start       ] GC(33793) Pause Young (Allocation Failure)
[15444.933s][info][gc,heap        ] GC(33793) PSYoungGen: 83328K(84480K)->352K(84480K) Eden: 81920K(81920K)->0K(81920K) From: 1408K(2560K)->352K(2560K)
[15444.933s][info][gc,heap        ] GC(33793) ParOldGen: 140696K(175104K)->140752K(175104K)
[15444.933s][info][gc,metaspace   ] GC(33793) Metaspace: 62361K(62592K)->62361K(62592K) NonClass: 53315K(53504K)->53315K(53504K) Class: 9046K(9088K)->9046K(9088K)
[15444.933s][info][gc             ] GC(33793) Pause Young (Allocation Failure) 218M->137M(253M) 1.555ms
[15444.933s][info][gc,cpu         ] GC(33793) User=0.00s Sys=0.00s Real=0.00s
[15445.373s][info][gc,start       ] GC(33794) Pause Young (Allocation Failure)
[15445.375s][info][gc,heap        ] GC(33794) PSYoungGen: 82272K(84480K)->896K(84480K) Eden: 81920K(81920K)->0K(81920K) From: 352K(2560K)->896K(2560K)
[15445.375s][info][gc,heap        ] GC(33794) ParOldGen: 140752K(175104K)->140800K(175104K)
[15445.375s][info][gc,metaspace   ] GC(33794) Metaspace: 62361K(62592K)->62361K(62592K) NonClass: 53315K(53504K)->53315K(53504K) Class: 9046K(9088K)->9046K(9088K)
[15445.375s][info][gc             ] GC(33794) Pause Young (Allocation Failure) 217M->138M(253M) 2.146ms
[15445.375s][info][gc,cpu         ] GC(33794) User=0.00s Sys=0.00s Real=0.00s
[15445.837s][info][gc,start       ] GC(33795) Pause Young (Allocation Failure)
[15445.838s][info][gc,heap        ] GC(33795) PSYoungGen: 82816K(84480K)->416K(84480K) Eden: 81920K(81920K)->0K(81920K) From: 896K(2560K)->416K(2560K)
[15445.838s][info][gc,heap        ] GC(33795) ParOldGen: 140800K(175104K)->140848K(175104K)
[15445.838s][info][gc,metaspace   ] GC(33795) Metaspace: 62361K(62592K)->62361K(62592K) NonClass: 53315K(53504K)->53315K(53504K) Class: 9046K(9088K)->9046K(9088K)
[15445.838s][info][gc             ] GC(33795) Pause Young (Allocation Failure) 218M->137M(253M) 1.655ms
[15445.838s][info][gc,cpu         ] GC(33795) User=0.00s Sys=0.01s Real=0.00s
[15446.275s][info][gc,start       ] GC(33796) Pause Young (Allocation Failure)
[15446.277s][info][gc,heap        ] GC(33796) PSYoungGen: 82336K(84480K)->960K(84480K) Eden: 81920K(81920K)->0K(81920K) From: 416K(2560K)->960K(2560K)
[15446.277s][info][gc,heap        ] GC(33796) ParOldGen: 140848K(175104K)->140896K(175104K)
[15446.277s][info][gc,metaspace   ] GC(33796) Metaspace: 62361K(62592K)->62361K(62592K) NonClass: 53315K(53504K)->53315K(53504K) Class: 9046K(9088K)->9046K(9088K)
[15446.277s][info][gc             ] GC(33796) Pause Young (Allocation Failure) 217M->138M(253M) 2.161ms
[15446.277s][info][gc,cpu         ] GC(33796) User=0.00s Sys=0.00s Real=0.01s
[15446.697s][info][gc,start       ] GC(33797) Pause Young (Allocation Failure)
[15446.700s][info][gc,heap        ] GC(33797) PSYoungGen: 82880K(84480K)->1344K(84480K) Eden: 81920K(81920K)->0K(81920K) From: 960K(2560K)->1344K(2560K)
[15446.700s][info][gc,heap        ] GC(33797) ParOldGen: 140896K(175104K)->140944K(175104K)
[15446.700s][info][gc,metaspace   ] GC(33797) Metaspace: 62361K(62592K)->62361K(62592K) NonClass: 53315K(53504K)->53315K(53504K) Class: 9046K(9088K)->9046K(9088K)
[15446.700s][info][gc             ] GC(33797) Pause Young (Allocation Failure) 218M->138M(253M) 2.488ms
[15446.700s][info][gc,cpu         ] GC(33797) User=0.00s Sys=0.00s Real=0.00s
[15447.120s][info][gc,start       ] GC(33798) Pause Young (Allocation Failure)
[15447.123s][info][gc,heap        ] GC(33798) PSYoungGen: 83264K(84480K)->1696K(84480K) Eden: 81920K(81920K)->0K(81920K) From: 1344K(2560K)->1696K(2560K)
[15447.123s][info][gc,heap        ] GC(33798) ParOldGen: 140944K(175104K)->140992K(175104K)
[15447.123s][info][gc,metaspace   ] GC(33798) Metaspace: 62361K(62592K)->62361K(62592K) NonClass: 53315K(53504K)->53315K(53504K) Class: 9046K(9088K)->9046K(9088K)
[15447.123s][info][gc             ] GC(33798) Pause Young (Allocation Failure) 218M->139M(253M) 2.798ms
[15447.123s][info][gc,cpu         ] GC(33798) User=0.01s Sys=0.00s Real=0.00s
[15447.595s][info][gc,start       ] GC(33799) Pause Young (Allocation Failure)
[15447.597s][info][gc,heap        ] GC(33799) PSYoungGen: 83616K(84480K)->1152K(84480K) Eden: 81920K(81920K)->0K(81920K) From: 1696K(2560K)->1152K(2560K)
[15447.598s][info][gc,heap        ] GC(33799) ParOldGen: 140992K(175104K)->141040K(175104K)
[15447.598s][info][gc,metaspace   ] GC(33799) Metaspace: 62361K(62592K)->62361K(62592K) NonClass: 53315K(53504K)->53315K(53504K) Class: 9046K(9088K)->9046K(9088K)
[15447.598s][info][gc             ] GC(33799) Pause Young (Allocation Failure) 219M->138M(253M) 2.267ms
[15447.598s][info][gc,cpu         ] GC(33799) User=0.00s Sys=0.00s Real=0.01s
[15448.036s][info][gc,start       ] GC(33800) Pause Young (Allocation Failure)
[15448.038s][info][gc,heap        ] GC(33800) PSYoungGen: 83072K(84480K)->1408K(84480K) Eden: 81920K(81920K)->0K(81920K) From: 1152K(2560K)->1408K(2560K)
[15448.038s][info][gc,heap        ] GC(33800) ParOldGen: 141040K(175104K)->141096K(175104K)
[15448.038s][info][gc,metaspace   ] GC(33800) Metaspace: 62361K(62592K)->62361K(62592K) NonClass: 53315K(53504K)->53315K(53504K) Class: 9046K(9088K)->9046K(9088K)
[15448.038s][info][gc             ] GC(33800) Pause Young (Allocation Failure) 218M->139M(253M) 1.740ms
[15448.038s][info][gc,cpu         ] GC(33800) User=0.00s Sys=0.00s Real=0.00s
[15448.447s][info][gc,start       ] GC(33801) Pause Young (Allocation Failure)
[15448.449s][info][gc,heap        ] GC(33801) PSYoungGen: 83328K(84480K)->512K(84480K) Eden: 81920K(81920K)->0K(81920K) From: 1408K(2560K)->512K(2560K)
[15448.449s][info][gc,heap        ] GC(33801) ParOldGen: 141096K(175104K)->142168K(175104K)
[15448.449s][info][gc,metaspace   ] GC(33801) Metaspace: 62361K(62592K)->62361K(62592K) NonClass: 53315K(53504K)->53315K(53504K) Class: 9046K(9088K)->9046K(9088K)
[15448.449s][info][gc             ] GC(33801) Pause Young (Allocation Failure) 219M->139M(253M) 1.862ms
[15448.449s][info][gc,cpu         ] GC(33801) User=0.01s Sys=0.00s Real=0.00s
[15448.905s][info][gc,start       ] GC(33802) Pause Young (Allocation Failure)
[15448.908s][info][gc,heap        ] GC(33802) PSYoungGen: 82431K(84480K)->1408K(84480K) Eden: 81919K(81920K)->0K(81920K) From: 512K(2560K)->1408K(2560K)
[15448.908s][info][gc,heap        ] GC(33802) ParOldGen: 142168K(175104K)->142224K(175104K)
[15448.908s][info][gc,metaspace   ] GC(33802) Metaspace: 62361K(62592K)->62361K(62592K) NonClass: 53315K(53504K)->53315K(53504K) Class: 9046K(9088K)->9046K(9088K)
[15448.908s][info][gc             ] GC(33802) Pause Young (Allocation Failure) 219M->140M(253M) 2.516ms
[15448.908s][info][gc,cpu         ] GC(33802) User=0.00s Sys=0.00s Real=0.01s
[15449.364s][info][gc,start       ] GC(33803) Pause Young (Allocation Failure)
[15449.366s][info][gc,heap        ] GC(33803) PSYoungGen: 83328K(84480K)->768K(84480K) Eden: 81920K(81920K)->0K(81920K) From: 1408K(2560K)->768K(2560K)
[15449.366s][info][gc,heap        ] GC(33803) ParOldGen: 142224K(175104K)->142272K(175104K)
[15449.366s][info][gc,metaspace   ] GC(33803) Metaspace: 62361K(62592K)->62361K(62592K) NonClass: 53315K(53504K)->53315K(53504K) Class: 9046K(9088K)->9046K(9088K)
[15449.366s][info][gc             ] GC(33803) Pause Young (Allocation Failure) 220M->139M(253M) 1.966ms
[15449.366s][info][gc,cpu         ] GC(33803) User=0.01s Sys=0.00s Real=0.00s
[15449.848s][info][gc,start       ] GC(33804) Pause Young (Allocation Failure)
[15449.849s][info][gc,heap        ] GC(33804) PSYoungGen: 82688K(84480K)->544K(84480K) Eden: 81920K(81920K)->0K(81920K) From: 768K(2560K)->544K(2560K)
[15449.849s][info][gc,heap        ] GC(33804) ParOldGen: 142272K(175104K)->142320K(175104K)
[15449.849s][info][gc,metaspace   ] GC(33804) Metaspace: 62361K(62592K)->62361K(62592K) NonClass: 53315K(53504K)->53315K(53504K) Class: 9046K(9088K)->9046K(9088K)
[15449.849s][info][gc             ] GC(33804) Pause Young (Allocation Failure) 219M->139M(253M) 1.772ms
[15449.849s][info][gc,cpu         ] GC(33804) User=0.00s Sys=0.00s Real=0.00s
[15450.350s][info][gc,start       ] GC(33805) Pause Young (Allocation Failure)
[15450.351s][info][gc,heap        ] GC(33805) PSYoungGen: 82464K(84480K)->624K(84480K) Eden: 81920K(81920K)->0K(81920K) From: 544K(2560K)->624K(2560K)
[15450.351s][info][gc,heap        ] GC(33805) ParOldGen: 142320K(175104K)->142376K(175104K)
[15450.351s][info][gc,metaspace   ] GC(33805) Metaspace: 62361K(62592K)->62361K(62592K) NonClass: 53315K(53504K)->53315K(53504K) Class: 9046K(9088K)->9046K(9088K)
[15450.351s][info][gc             ] GC(33805) Pause Young (Allocation Failure) 219M->139M(253M) 1.802ms
[15450.351s][info][gc,cpu         ] GC(33805) User=0.00s Sys=0.00s Real=0.00s
[15450.815s][info][gc,start       ] GC(33806) Pause Young (Allocation Failure)
[15450.818s][info][gc,heap        ] GC(33806) PSYoungGen: 82544K(84480K)->1440K(84480K) Eden: 81920K(81920K)->0K(81920K) From: 624K(2560K)->1440K(2560K)
[15450.818s][info][gc,heap        ] GC(33806) ParOldGen: 142376K(175104K)->142480K(175104K)
[15450.818s][info][gc,metaspace   ] GC(33806) Metaspace: 62361K(62592K)->62361K(62592K) NonClass: 53315K(53504K)->53315K(53504K) Class: 9046K(9088K)->9046K(9088K)
[15450.818s][info][gc             ] GC(33806) Pause Young (Allocation Failure) 219M->140M(253M) 2.541ms
[15450.818s][info][gc,cpu         ] GC(33806) User=0.00s Sys=0.00s Real=0.01s
[15451.301s][info][gc,start       ] GC(33807) Pause Young (Allocation Failure)
[15451.304s][info][gc,heap        ] GC(33807) PSYoungGen: 83360K(84480K)->1312K(84480K) Eden: 81920K(81920K)->0K(81920K) From: 1440K(2560K)->1312K(2560K)
[15451.304s][info][gc,heap        ] GC(33807) ParOldGen: 142480K(175104K)->142528K(175104K)
[15451.304s][info][gc,metaspace   ] GC(33807) Metaspace: 62361K(62592K)->62361K(62592K) NonClass: 53315K(53504K)->53315K(53504K) Class: 9046K(9088K)->9046K(9088K)
[15451.304s][info][gc             ] GC(33807) Pause Young (Allocation Failure) 220M->140M(253M) 2.459ms
[15451.304s][info][gc,cpu         ] GC(33807) User=0.00s Sys=0.00s Real=0.00s
[15451.726s][info][gc,start       ] GC(33808) Pause Young (Allocation Failure)
[15451.728s][info][gc,heap        ] GC(33808) PSYoungGen: 83232K(84480K)->288K(84480K) Eden: 81920K(81920K)->0K(81920K) From: 1312K(2560K)->288K(2560K)
[15451.728s][info][gc,heap        ] GC(33808) ParOldGen: 142528K(175104K)->142584K(175104K)
[15451.728s][info][gc,metaspace   ] GC(33808) Metaspace: 62361K(62592K)->62361K(62592K) NonClass: 53315K(53504K)->53315K(53504K) Class: 9046K(9088K)->9046K(9088K)
[15451.728s][info][gc             ] GC(33808) Pause Young (Allocation Failure) 220M->139M(253M) 1.559ms
[15451.728s][info][gc,cpu         ] GC(33808) User=0.00s Sys=0.00s Real=0.00s
[15452.182s][info][gc,start       ] GC(33809) Pause Young (Allocation Failure)
[15452.184s][info][gc,heap        ] GC(33809) PSYoungGen: 82208K(84480K)->1056K(84480K) Eden: 81920K(81920K)->0K(81920K) From: 288K(2560K)->1056K(2560K)
[15452.184s][info][gc,heap        ] GC(33809) ParOldGen: 142584K(175104K)->142640K(175104K)
[15452.184s][info][gc,metaspace   ] GC(33809) Metaspace: 62361K(62592K)->62361K(62592K) NonClass: 53315K(53504K)->53315K(53504K) Class: 9046K(9088K)->9046K(9088K)
[15452.184s][info][gc             ] GC(33809) Pause Young (Allocation Failure) 219M->140M(253M) 2.229ms
[15452.184s][info][gc,cpu         ] GC(33809) User=0.00s Sys=0.00s Real=0.00s
[15452.827s][info][gc,start       ] GC(33810) Pause Young (Allocation Failure)
[15452.829s][info][gc,heap        ] GC(33810) PSYoungGen: 82976K(84480K)->2368K(84480K) Eden: 81920K(81920K)->0K(81920K) From: 1056K(2560K)->2368K(2560K)
[15452.830s][info][gc,heap        ] GC(33810) ParOldGen: 142640K(175104K)->142792K(175104K)
[15452.830s][info][gc,metaspace   ] GC(33810) Metaspace: 62363K(62592K)->62363K(62592K) NonClass: 53317K(53504K)->53317K(53504K) Class: 9046K(9088K)->9046K(9088K)
[15452.830s][info][gc             ] GC(33810) Pause Young (Allocation Failure) 220M->141M(253M) 2.105ms
[15452.830s][info][gc,cpu         ] GC(33810) User=0.01s Sys=0.00s Real=0.00s
[15453.319s][info][gc,start       ] GC(33811) Pause Young (Allocation Failure)
[15453.321s][info][gc,heap        ] GC(33811) PSYoungGen: 84288K(84480K)->1408K(84480K) Eden: 81920K(81920K)->0K(81920K) From: 2368K(2560K)->1408K(2560K)
[15453.321s][info][gc,heap        ] GC(33811) ParOldGen: 142792K(175104K)->143952K(175104K)
[15453.321s][info][gc,metaspace   ] GC(33811) Metaspace: 62363K(62592K)->62363K(62592K) NonClass: 53317K(53504K)->53317K(53504K) Class: 9046K(9088K)->9046K(9088K)
[15453.321s][info][gc             ] GC(33811) Pause Young (Allocation Failure) 221M->141M(253M) 2.834ms
[15453.321s][info][gc,cpu         ] GC(33811) User=0.00s Sys=0.00s Real=0.00s
[15453.826s][info][gc,start       ] GC(33812) Pause Young (Allocation Failure)
[15453.828s][info][gc,heap        ] GC(33812) PSYoungGen: 83328K(84480K)->224K(84480K) Eden: 81920K(81920K)->0K(81920K) From: 1408K(2560K)->224K(2560K)
[15453.828s][info][gc,heap        ] GC(33812) ParOldGen: 143952K(175104K)->144016K(175104K)
[15453.828s][info][gc,metaspace   ] GC(33812) Metaspace: 62363K(62592K)->62363K(62592K) NonClass: 53317K(53504K)->53317K(53504K) Class: 9046K(9088K)->9046K(9088K)
[15453.828s][info][gc             ] GC(33812) Pause Young (Allocation Failure) 221M->140M(253M) 1.632ms
[15453.828s][info][gc,cpu         ] GC(33812) User=0.01s Sys=0.00s Real=0.00s
[15454.324s][info][gc,start       ] GC(33813) Pause Young (Allocation Failure)
[15454.325s][info][gc,heap        ] GC(33813) PSYoungGen: 82144K(84480K)->224K(84480K) Eden: 81920K(81920K)->0K(81920K) From: 224K(2560K)->224K(2560K)
[15454.325s][info][gc,heap        ] GC(33813) ParOldGen: 144016K(175104K)->144064K(175104K)
[15454.325s][info][gc,metaspace   ] GC(33813) Metaspace: 62363K(62592K)->62363K(62592K) NonClass: 53317K(53504K)->53317K(53504K) Class: 9046K(9088K)->9046K(9088K)
[15454.325s][info][gc             ] GC(33813) Pause Young (Allocation Failure) 220M->140M(253M) 1.574ms
[15454.325s][info][gc,cpu         ] GC(33813) User=0.00s Sys=0.00s Real=0.00s
[15454.795s][info][gc,start       ] GC(33814) Pause Young (Allocation Failure)
[15454.798s][info][gc,heap        ] GC(33814) PSYoungGen: 82144K(84480K)->1184K(84480K) Eden: 81920K(81920K)->0K(81920K) From: 224K(2560K)->1184K(2560K)
[15454.798s][info][gc,heap        ] GC(33814) ParOldGen: 144064K(175104K)->144112K(175104K)
[15454.798s][info][gc,metaspace   ] GC(33814) Metaspace: 62363K(62592K)->62363K(62592K) NonClass: 53317K(53504K)->53317K(53504K) Class: 9046K(9088K)->9046K(9088K)
[15454.798s][info][gc             ] GC(33814) Pause Young (Allocation Failure) 220M->141M(253M) 2.382ms
[15454.798s][info][gc,cpu         ] GC(33814) User=0.00s Sys=0.00s Real=0.01s
[15455.266s][info][gc,start       ] GC(33815) Pause Young (Allocation Failure)
[15455.268s][info][gc,heap        ] GC(33815) PSYoungGen: 83104K(84480K)->800K(84480K) Eden: 81920K(81920K)->0K(81920K) From: 1184K(2560K)->800K(2560K)
[15455.268s][info][gc,heap        ] GC(33815) ParOldGen: 144112K(175104K)->144160K(175104K)
[15455.268s][info][gc,metaspace   ] GC(33815) Metaspace: 62363K(62592K)->62363K(62592K) NonClass: 53317K(53504K)->53317K(53504K) Class: 9046K(9088K)->9046K(9088K)
[15455.268s][info][gc             ] GC(33815) Pause Young (Allocation Failure) 221M->141M(253M) 2.035ms
[15455.268s][info][gc,cpu         ] GC(33815) User=0.01s Sys=0.00s Real=0.01s
[15455.727s][info][gc,start       ] GC(33816) Pause Young (Allocation Failure)
[15455.728s][info][gc,heap        ] GC(33816) PSYoungGen: 82720K(84480K)->256K(84480K) Eden: 81920K(81920K)->0K(81920K) From: 800K(2560K)->256K(2560K)
[15455.728s][info][gc,heap        ] GC(33816) ParOldGen: 144160K(175104K)->144216K(175104K)
[15455.728s][info][gc,metaspace   ] GC(33816) Metaspace: 62363K(62592K)->62363K(62592K) NonClass: 53317K(53504K)->53317K(53504K) Class: 9046K(9088K)->9046K(9088K)
[15455.728s][info][gc             ] GC(33816) Pause Young (Allocation Failure) 221M->141M(253M) 1.570ms
[15455.728s][info][gc,cpu         ] GC(33816) User=0.01s Sys=0.00s Real=0.00s
[15456.184s][info][gc,start       ] GC(33817) Pause Young (Allocation Failure)
[15456.186s][info][gc,heap        ] GC(33817) PSYoungGen: 82176K(84480K)->1024K(84480K) Eden: 81920K(81920K)->0K(81920K) From: 256K(2560K)->1024K(2560K)
[15456.186s][info][gc,heap        ] GC(33817) ParOldGen: 144216K(175104K)->144264K(175104K)
[15456.186s][info][gc,metaspace   ] GC(33817) Metaspace: 62363K(62592K)->62363K(62592K) NonClass: 53317K(53504K)->53317K(53504K) Class: 9046K(9088K)->9046K(9088K)
[15456.186s][info][gc             ] GC(33817) Pause Young (Allocation Failure) 221M->141M(253M) 2.273ms
[15456.186s][info][gc,cpu         ] GC(33817) User=0.01s Sys=0.00s Real=0.01s
[15456.644s][info][gc,start       ] GC(33818) Pause Young (Allocation Failure)
[15456.645s][info][gc,heap        ] GC(33818) PSYoungGen: 82944K(84480K)->544K(84480K) Eden: 81920K(81920K)->0K(81920K) From: 1024K(2560K)->544K(2560K)
[15456.646s][info][gc,heap        ] GC(33818) ParOldGen: 144264K(175104K)->144320K(175104K)
[15456.646s][info][gc,metaspace   ] GC(33818) Metaspace: 62363K(62592K)->62363K(62592K) NonClass: 53317K(53504K)->53317K(53504K) Class: 9046K(9088K)->9046K(9088K)
[15456.646s][info][gc             ] GC(33818) Pause Young (Allocation Failure) 221M->141M(253M) 1.687ms
[15456.646s][info][gc,cpu         ] GC(33818) User=0.00s Sys=0.00s Real=0.00s
[15457.052s][info][gc,start       ] GC(33819) Pause Young (Allocation Failure)
[15457.054s][info][gc,heap        ] GC(33819) PSYoungGen: 82464K(84480K)->1696K(84480K) Eden: 81920K(81920K)->0K(81920K) From: 544K(2560K)->1696K(2560K)
[15457.054s][info][gc,heap        ] GC(33819) ParOldGen: 144320K(175104K)->144368K(175104K)
[15457.054s][info][gc,metaspace   ] GC(33819) Metaspace: 62363K(62592K)->62363K(62592K) NonClass: 53317K(53504K)->53317K(53504K) Class: 9046K(9088K)->9046K(9088K)
[15457.054s][info][gc             ] GC(33819) Pause Young (Allocation Failure) 221M->142M(253M) 2.009ms
[15457.054s][info][gc,cpu         ] GC(33819) User=0.01s Sys=0.00s Real=0.00s
[15457.534s][info][gc,start       ] GC(33820) Pause Young (Allocation Failure)
[15457.536s][info][gc,heap        ] GC(33820) PSYoungGen: 83616K(84480K)->352K(84480K) Eden: 81920K(81920K)->0K(81920K) From: 1696K(2560K)->352K(2560K)
[15457.536s][info][gc,heap        ] GC(33820) ParOldGen: 144368K(175104K)->146464K(175104K)
[15457.536s][info][gc,metaspace   ] GC(33820) Metaspace: 62363K(62592K)->62363K(62592K) NonClass: 53317K(53504K)->53317K(53504K) Class: 9046K(9088K)->9046K(9088K)
[15457.536s][info][gc             ] GC(33820) Pause Young (Allocation Failure) 222M->143M(253M) 1.911ms
[15457.536s][info][gc,cpu         ] GC(33820) User=0.00s Sys=0.00s Real=0.01s
[15457.953s][info][gc,start       ] GC(33821) Pause Young (Allocation Failure)
[15457.954s][info][gc,heap        ] GC(33821) PSYoungGen: 82272K(84480K)->640K(84480K) Eden: 81920K(81920K)->0K(81920K) From: 352K(2560K)->640K(2560K)
[15457.954s][info][gc,heap        ] GC(33821) ParOldGen: 146464K(175104K)->146512K(175104K)
[15457.954s][info][gc,metaspace   ] GC(33821) Metaspace: 62363K(62592K)->62363K(62592K) NonClass: 53317K(53504K)->53317K(53504K) Class: 9046K(9088K)->9046K(9088K)
[15457.954s][info][gc             ] GC(33821) Pause Young (Allocation Failure) 223M->143M(253M) 1.834ms
[15457.954s][info][gc,cpu         ] GC(33821) User=0.01s Sys=0.00s Real=0.00s
[15458.410s][info][gc,start       ] GC(33822) Pause Young (Allocation Failure)
[15458.413s][info][gc,heap        ] GC(33822) PSYoungGen: 82560K(84480K)->1648K(84480K) Eden: 81920K(81920K)->0K(81920K) From: 640K(2560K)->1648K(2560K)
[15458.413s][info][gc,heap        ] GC(33822) ParOldGen: 146512K(175104K)->146568K(175104K)
[15458.413s][info][gc,metaspace   ] GC(33822) Metaspace: 62363K(62592K)->62363K(62592K) NonClass: 53317K(53504K)->53317K(53504K) Class: 9046K(9088K)->9046K(9088K)
[15458.413s][info][gc             ] GC(33822) Pause Young (Allocation Failure) 223M->144M(253M) 2.756ms
[15458.413s][info][gc,cpu         ] GC(33822) User=0.00s Sys=0.00s Real=0.00s
[15458.843s][info][gc,start       ] GC(33823) Pause Young (Allocation Failure)
[15458.845s][info][gc,heap        ] GC(33823) PSYoungGen: 83568K(84480K)->576K(84480K) Eden: 81920K(81920K)->0K(81920K) From: 1648K(2560K)->576K(2560K)
[15458.845s][info][gc,heap        ] GC(33823) ParOldGen: 146568K(175104K)->146664K(175104K)
[15458.845s][info][gc,metaspace   ] GC(33823) Metaspace: 62363K(62592K)->62363K(62592K) NonClass: 53317K(53504K)->53317K(53504K) Class: 9046K(9088K)->9046K(9088K)
[15458.845s][info][gc             ] GC(33823) Pause Young (Allocation Failure) 224M->143M(253M) 1.787ms
[15458.845s][info][gc,cpu         ] GC(33823) User=0.00s Sys=0.00s Real=0.00s
[15459.252s][info][gc,start       ] GC(33824) Pause Young (Allocation Failure)
[15459.253s][info][gc,heap        ] GC(33824) PSYoungGen: 82496K(84480K)->640K(84480K) Eden: 81920K(81920K)->0K(81920K) From: 576K(2560K)->640K(2560K)
[15459.253s][info][gc,heap        ] GC(33824) ParOldGen: 146664K(175104K)->146712K(175104K)
[15459.253s][info][gc,metaspace   ] GC(33824) Metaspace: 62363K(62592K)->62363K(62592K) NonClass: 53317K(53504K)->53317K(53504K) Class: 9046K(9088K)->9046K(9088K)
[15459.253s][info][gc             ] GC(33824) Pause Young (Allocation Failure) 223M->143M(253M) 1.737ms
[15459.253s][info][gc,cpu         ] GC(33824) User=0.00s Sys=0.00s Real=0.00s
[15459.704s][info][gc,start       ] GC(33825) Pause Young (Allocation Failure)
[15459.707s][info][gc,heap        ] GC(33825) PSYoungGen: 82560K(84480K)->1376K(84480K) Eden: 81920K(81920K)->0K(81920K) From: 640K(2560K)->1376K(2560K)
[15459.707s][info][gc,heap        ] GC(33825) ParOldGen: 146712K(175104K)->146760K(175104K)
[15459.707s][info][gc,metaspace   ] GC(33825) Metaspace: 62363K(62592K)->62363K(62592K) NonClass: 53317K(53504K)->53317K(53504K) Class: 9046K(9088K)->9046K(9088K)
[15459.707s][info][gc             ] GC(33825) Pause Young (Allocation Failure) 223M->144M(253M) 2.516ms
[15459.707s][info][gc,cpu         ] GC(33825) User=0.00s Sys=0.00s Real=0.01s
[15460.117s][info][gc,start       ] GC(33826) Pause Young (Allocation Failure)
[15460.120s][info][gc,heap        ] GC(33826) PSYoungGen: 83296K(84480K)->1760K(84480K) Eden: 81920K(81920K)->0K(81920K) From: 1376K(2560K)->1760K(2560K)
[15460.120s][info][gc,heap        ] GC(33826) ParOldGen: 146760K(175104K)->146808K(175104K)
[15460.120s][info][gc,metaspace   ] GC(33826) Metaspace: 62363K(62592K)->62363K(62592K) NonClass: 53317K(53504K)->53317K(53504K) Class: 9046K(9088K)->9046K(9088K)
[15460.120s][info][gc             ] GC(33826) Pause Young (Allocation Failure) 224M->145M(253M) 2.876ms
[15460.120s][info][gc,cpu         ] GC(33826) User=0.00s Sys=0.00s Real=0.00s
[15460.515s][info][gc,start       ] GC(33827) Pause Young (Allocation Failure)
[15460.518s][info][gc,heap        ] GC(33827) PSYoungGen: 83680K(84480K)->1600K(84480K) Eden: 81920K(81920K)->0K(81920K) From: 1760K(2560K)->1600K(2560K)
[15460.518s][info][gc,heap        ] GC(33827) ParOldGen: 146808K(175104K)->146864K(175104K)
[15460.518s][info][gc,metaspace   ] GC(33827) Metaspace: 62363K(62592K)->62363K(62592K) NonClass: 53317K(53504K)->53317K(53504K) Class: 9046K(9088K)->9046K(9088K)
[15460.518s][info][gc             ] GC(33827) Pause Young (Allocation Failure) 225M->144M(253M) 2.735ms
[15460.518s][info][gc,cpu         ] GC(33827) User=0.01s Sys=0.00s Real=0.01s
[15460.920s][info][gc,start       ] GC(33828) Pause Young (Allocation Failure)
[15460.922s][info][gc,heap        ] GC(33828) PSYoungGen: 83520K(84480K)->1728K(83456K) Eden: 81920K(81920K)->0K(80896K) From: 1600K(2560K)->1728K(2560K)
[15460.922s][info][gc,heap        ] GC(33828) ParOldGen: 146864K(175104K)->146912K(175104K)
[15460.922s][info][gc,metaspace   ] GC(33828) Metaspace: 62363K(62592K)->62363K(62592K) NonClass: 53317K(53504K)->53317K(53504K) Class: 9046K(9088K)->9046K(9088K)
[15460.923s][info][gc             ] GC(33828) Pause Young (Allocation Failure) 224M->145M(252M) 2.905ms
[15460.923s][info][gc,cpu         ] GC(33828) User=0.01s Sys=0.00s Real=0.00s
[15461.346s][info][gc,start       ] GC(33829) Pause Young (Allocation Failure)
[15461.347s][info][gc,heap        ] GC(33829) PSYoungGen: 82624K(83456K)->1568K(83968K) Eden: 80896K(80896K)->0K(80896K) From: 1728K(2560K)->1568K(3072K)
[15461.347s][info][gc,heap        ] GC(33829) ParOldGen: 146912K(175104K)->146968K(175104K)
[15461.347s][info][gc,metaspace   ] GC(33829) Metaspace: 62363K(62592K)->62363K(62592K) NonClass: 53317K(53504K)->53317K(53504K) Class: 9046K(9088K)->9046K(9088K)
[15461.347s][info][gc             ] GC(33829) Pause Young (Allocation Failure) 224M->145M(253M) 1.844ms
[15461.347s][info][gc,cpu         ] GC(33829) User=0.01s Sys=0.00s Real=0.01s
[15461.760s][info][gc,start       ] GC(33830) Pause Young (Allocation Failure)
[15461.762s][info][gc,heap        ] GC(33830) PSYoungGen: 82464K(83968K)->800K(84480K) Eden: 80896K(80896K)->0K(81408K) From: 1568K(3072K)->800K(3072K)
[15461.762s][info][gc,heap        ] GC(33830) ParOldGen: 146968K(175104K)->148040K(175104K)
[15461.762s][info][gc,metaspace   ] GC(33830) Metaspace: 62363K(62592K)->62363K(62592K) NonClass: 53317K(53504K)->53317K(53504K) Class: 9046K(9088K)->9046K(9088K)
[15461.762s][info][gc             ] GC(33830) Pause Young (Allocation Failure) 224M->145M(253M) 2.091ms
[15461.762s][info][gc,cpu         ] GC(33830) User=0.01s Sys=0.00s Real=0.00s
[15462.160s][info][gc,start       ] GC(33831) Pause Young (Allocation Failure)
[15462.162s][info][gc,heap        ] GC(33831) PSYoungGen: 82208K(84480K)->832K(83968K) Eden: 81408K(81408K)->0K(81408K) From: 800K(3072K)->832K(2560K)
[15462.162s][info][gc,heap        ] GC(33831) ParOldGen: 148040K(175104K)->148096K(175104K)
[15462.162s][info][gc,metaspace   ] GC(33831) Metaspace: 62363K(62592K)->62363K(62592K) NonClass: 53317K(53504K)->53317K(53504K) Class: 9046K(9088K)->9046K(9088K)
[15462.163s][info][gc             ] GC(33831) Pause Young (Allocation Failure) 224M->145M(253M) 2.027ms
[15462.163s][info][gc,cpu         ] GC(33831) User=0.00s Sys=0.00s Real=0.00s
[15462.556s][info][gc,start       ] GC(33832) Pause Young (Allocation Failure)
[15462.558s][info][gc,heap        ] GC(33832) PSYoungGen: 82240K(83968K)->704K(84480K) Eden: 81408K(81408K)->0K(81920K) From: 832K(2560K)->704K(2560K)
[15462.558s][info][gc,heap        ] GC(33832) ParOldGen: 148096K(175104K)->148152K(175104K)
[15462.558s][info][gc,metaspace   ] GC(33832) Metaspace: 62363K(62592K)->62363K(62592K) NonClass: 53317K(53504K)->53317K(53504K) Class: 9046K(9088K)->9046K(9088K)
[15462.558s][info][gc             ] GC(33832) Pause Young (Allocation Failure) 224M->145M(253M) 1.880ms
[15462.558s][info][gc,cpu         ] GC(33832) User=0.00s Sys=0.00s Real=0.00s
[15462.955s][info][gc,start       ] GC(33833) Pause Young (Allocation Failure)
[15462.957s][info][gc,heap        ] GC(33833) PSYoungGen: 82624K(84480K)->736K(84480K) Eden: 81920K(81920K)->0K(81920K) From: 704K(2560K)->736K(2560K)
[15462.957s][info][gc,heap        ] GC(33833) ParOldGen: 148152K(175104K)->148200K(175104K)
[15462.957s][info][gc,metaspace   ] GC(33833) Metaspace: 62363K(62592K)->62363K(62592K) NonClass: 53317K(53504K)->53317K(53504K) Class: 9046K(9088K)->9046K(9088K)
[15462.957s][info][gc             ] GC(33833) Pause Young (Allocation Failure) 225M->145M(253M) 1.916ms
[15462.957s][info][gc,cpu         ] GC(33833) User=0.00s Sys=0.00s Real=0.01s
[15463.354s][info][gc,start       ] GC(33834) Pause Young (Allocation Failure)
[15463.356s][info][gc,heap        ] GC(33834) PSYoungGen: 82656K(84480K)->704K(84480K) Eden: 81920K(81920K)->0K(81920K) From: 736K(2560K)->704K(2560K)
[15463.356s][info][gc,heap        ] GC(33834) ParOldGen: 148200K(175104K)->148248K(175104K)
[15463.356s][info][gc,metaspace   ] GC(33834) Metaspace: 62363K(62592K)->62363K(62592K) NonClass: 53317K(53504K)->53317K(53504K) Class: 9046K(9088K)->9046K(9088K)
[15463.356s][info][gc             ] GC(33834) Pause Young (Allocation Failure) 225M->145M(253M) 1.894ms
[15463.356s][info][gc,cpu         ] GC(33834) User=0.00s Sys=0.00s Real=0.01s
[15463.789s][info][gc,start       ] GC(33835) Pause Young (Allocation Failure)
[15463.791s][info][gc,heap        ] GC(33835) PSYoungGen: 82624K(84480K)->1184K(84480K) Eden: 81920K(81920K)->0K(81920K) From: 704K(2560K)->1184K(2560K)
[15463.791s][info][gc,heap        ] GC(33835) ParOldGen: 148248K(175104K)->148296K(175104K)
[15463.791s][info][gc,metaspace   ] GC(33835) Metaspace: 62363K(62592K)->62363K(62592K) NonClass: 53317K(53504K)->53317K(53504K) Class: 9046K(9088K)->9046K(9088K)
[15463.792s][info][gc             ] GC(33835) Pause Young (Allocation Failure) 225M->145M(253M) 2.370ms
[15463.792s][info][gc,cpu         ] GC(33835) User=0.01s Sys=0.00s Real=0.00s
[15464.206s][info][gc,start       ] GC(33836) Pause Young (Allocation Failure)
[15464.208s][info][gc,heap        ] GC(33836) PSYoungGen: 83104K(84480K)->1472K(84480K) Eden: 81920K(81920K)->0K(81920K) From: 1184K(2560K)->1472K(2560K)
[15464.208s][info][gc,heap        ] GC(33836) ParOldGen: 148296K(175104K)->148352K(175104K)
[15464.208s][info][gc,metaspace   ] GC(33836) Metaspace: 62363K(62592K)->62363K(62592K) NonClass: 53317K(53504K)->53317K(53504K) Class: 9046K(9088K)->9046K(9088K)
[15464.208s][info][gc             ] GC(33836) Pause Young (Allocation Failure) 225M->146M(253M) 2.643ms
[15464.209s][info][gc,cpu         ] GC(33836) User=0.01s Sys=0.00s Real=0.00s
[15464.634s][info][gc,start       ] GC(33837) Pause Young (Allocation Failure)
[15464.636s][info][gc,heap        ] GC(33837) PSYoungGen: 83392K(84480K)->352K(84480K) Eden: 81920K(81920K)->0K(81920K) From: 1472K(2560K)->352K(2560K)
[15464.636s][info][gc,heap        ] GC(33837) ParOldGen: 148352K(175104K)->148400K(175104K)
[15464.636s][info][gc,metaspace   ] GC(33837) Metaspace: 62363K(62592K)->62363K(62592K) NonClass: 53317K(53504K)->53317K(53504K) Class: 9046K(9088K)->9046K(9088K)
[15464.636s][info][gc             ] GC(33837) Pause Young (Allocation Failure) 226M->145M(253M) 1.601ms
[15464.636s][info][gc,cpu         ] GC(33837) User=0.00s Sys=0.00s Real=0.00s
[15465.105s][info][gc,start       ] GC(33838) Pause Young (Allocation Failure)
[15465.107s][info][gc,heap        ] GC(33838) PSYoungGen: 82272K(84480K)->1456K(84480K) Eden: 81920K(81920K)->0K(81920K) From: 352K(2560K)->1456K(2560K)
[15465.108s][info][gc,heap        ] GC(33838) ParOldGen: 148400K(175104K)->148448K(175104K)
[15465.108s][info][gc,metaspace   ] GC(33838) Metaspace: 62363K(62592K)->62363K(62592K) NonClass: 53317K(53504K)->53317K(53504K) Class: 9046K(9088K)->9046K(9088K)
[15465.108s][info][gc             ] GC(33838) Pause Young (Allocation Failure) 225M->146M(253M) 2.577ms
[15465.108s][info][gc,cpu         ] GC(33838) User=0.01s Sys=0.00s Real=0.01s
[15465.536s][info][gc,start       ] GC(33839) Pause Young (Allocation Failure)
[15465.538s][info][gc,heap        ] GC(33839) PSYoungGen: 83376K(84480K)->384K(84480K) Eden: 81920K(81920K)->0K(81920K) From: 1456K(2560K)->384K(2560K)
[15465.538s][info][gc,heap        ] GC(33839) ParOldGen: 148448K(175104K)->148544K(175104K)
[15465.538s][info][gc,metaspace   ] GC(33839) Metaspace: 62363K(62592K)->62363K(62592K) NonClass: 53317K(53504K)->53317K(53504K) Class: 9046K(9088K)->9046K(9088K)
[15465.538s][info][gc             ] GC(33839) Pause Young (Allocation Failure) 226M->145M(253M) 1.670ms
[15465.538s][info][gc,cpu         ] GC(33839) User=0.01s Sys=0.00s Real=0.00s
[15465.984s][info][gc,start       ] GC(33840) Pause Young (Allocation Failure)
[15465.986s][info][gc,heap        ] GC(33840) PSYoungGen: 82304K(84480K)->2080K(84480K) Eden: 81920K(81920K)->0K(81920K) From: 384K(2560K)->2080K(2560K)
[15465.986s][info][gc,heap        ] GC(33840) ParOldGen: 148544K(175104K)->148592K(175104K)
[15465.986s][info][gc,metaspace   ] GC(33840) Metaspace: 62363K(62592K)->62363K(62592K) NonClass: 53317K(53504K)->53317K(53504K) Class: 9046K(9088K)->9046K(9088K)
[15465.986s][info][gc             ] GC(33840) Pause Young (Allocation Failure) 225M->147M(253M) 2.359ms
[15465.986s][info][gc,cpu         ] GC(33840) User=0.01s Sys=0.01s Real=0.01s
[15466.380s][info][gc,start       ] GC(33841) Pause Young (Allocation Failure)
[15466.383s][info][gc,heap        ] GC(33841) PSYoungGen: 84000K(84480K)->1152K(84480K) Eden: 81920K(81920K)->0K(81920K) From: 2080K(2560K)->1152K(2560K)
[15466.383s][info][gc,heap        ] GC(33841) ParOldGen: 148592K(175104K)->149664K(175104K)
[15466.383s][info][gc,metaspace   ] GC(33841) Metaspace: 62363K(62592K)->62363K(62592K) NonClass: 53317K(53504K)->53317K(53504K) Class: 9046K(9088K)->9046K(9088K)
[15466.383s][info][gc             ] GC(33841) Pause Young (Allocation Failure) 227M->147M(253M) 2.464ms
[15466.383s][info][gc,cpu         ] GC(33841) User=0.00s Sys=0.00s Real=0.00s
[15466.784s][info][gc,start       ] GC(33842) Pause Young (Allocation Failure)
[15466.786s][info][gc,heap        ] GC(33842) PSYoungGen: 83072K(84480K)->1120K(84480K) Eden: 81920K(81920K)->0K(81920K) From: 1152K(2560K)->1120K(2560K)
[15466.786s][info][gc,heap        ] GC(33842) ParOldGen: 149664K(175104K)->149712K(175104K)
[15466.786s][info][gc,metaspace   ] GC(33842) Metaspace: 62363K(62592K)->62363K(62592K) NonClass: 53317K(53504K)->53317K(53504K) Class: 9046K(9088K)->9046K(9088K)
[15466.786s][info][gc             ] GC(33842) Pause Young (Allocation Failure) 227M->147M(253M) 2.334ms
[15466.786s][info][gc,cpu         ] GC(33842) User=0.01s Sys=0.00s Real=0.01s
[15467.171s][info][gc,start       ] GC(33843) Pause Young (Allocation Failure)
[15467.173s][info][gc,heap        ] GC(33843) PSYoungGen: 83040K(84480K)->1024K(84480K) Eden: 81920K(81920K)->0K(81920K) From: 1120K(2560K)->1024K(2560K)
[15467.173s][info][gc,heap        ] GC(33843) ParOldGen: 149712K(175104K)->149768K(175104K)
[15467.173s][info][gc,metaspace   ] GC(33843) Metaspace: 62363K(62592K)->62363K(62592K) NonClass: 53317K(53504K)->53317K(53504K) Class: 9046K(9088K)->9046K(9088K)
[15467.173s][info][gc             ] GC(33843) Pause Young (Allocation Failure) 227M->147M(253M) 2.174ms
[15467.173s][info][gc,cpu         ] GC(33843) User=0.00s Sys=0.00s Real=0.00s
[15467.556s][info][gc,start       ] GC(33844) Pause Young (Allocation Failure)
[15467.558s][info][gc,heap        ] GC(33844) PSYoungGen: 82944K(84480K)->800K(84480K) Eden: 81920K(81920K)->0K(81920K) From: 1024K(2560K)->800K(2560K)
[15467.558s][info][gc,heap        ] GC(33844) ParOldGen: 149768K(175104K)->149824K(175104K)
[15467.558s][info][gc,metaspace   ] GC(33844) Metaspace: 62363K(62592K)->62363K(62592K) NonClass: 53317K(53504K)->53317K(53504K) Class: 9046K(9088K)->9046K(9088K)
[15467.558s][info][gc             ] GC(33844) Pause Young (Allocation Failure) 227M->147M(253M) 1.956ms
[15467.558s][info][gc,cpu         ] GC(33844) User=0.00s Sys=0.00s Real=0.00s
[15467.988s][info][gc,start       ] GC(33845) Pause Young (Allocation Failure)
[15467.990s][info][gc,heap        ] GC(33845) PSYoungGen: 82720K(84480K)->1184K(84480K) Eden: 81920K(81920K)->0K(81920K) From: 800K(2560K)->1184K(2560K)
[15467.990s][info][gc,heap        ] GC(33845) ParOldGen: 149824K(175104K)->149880K(175104K)
[15467.990s][info][gc,metaspace   ] GC(33845) Metaspace: 62363K(62592K)->62363K(62592K) NonClass: 53317K(53504K)->53317K(53504K) Class: 9046K(9088K)->9046K(9088K)
[15467.990s][info][gc             ] GC(33845) Pause Young (Allocation Failure) 227M->147M(253M) 2.628ms
[15467.990s][info][gc,cpu         ] GC(33845) User=0.01s Sys=0.00s Real=0.00s
[15468.446s][info][gc,start       ] GC(33846) Pause Young (Allocation Failure)
[15468.449s][info][gc,heap        ] GC(33846) PSYoungGen: 83104K(84480K)->512K(84480K) Eden: 81920K(81920K)->0K(81920K) From: 1184K(2560K)->512K(2560K)
[15468.449s][info][gc,heap        ] GC(33846) ParOldGen: 149880K(175104K)->149928K(175104K)
[15468.449s][info][gc,metaspace   ] GC(33846) Metaspace: 62363K(62592K)->62363K(62592K) NonClass: 53317K(53504K)->53317K(53504K) Class: 9046K(9088K)->9046K(9088K)
[15468.449s][info][gc             ] GC(33846) Pause Young (Allocation Failure) 227M->146M(253M) 2.223ms
[15468.449s][info][gc,cpu         ] GC(33846) User=0.00s Sys=0.00s Real=0.00s
[15468.869s][info][gc,start       ] GC(33847) Pause Young (Allocation Failure)
[15468.871s][info][gc,heap        ] GC(33847) PSYoungGen: 82432K(84480K)->896K(84480K) Eden: 81920K(81920K)->0K(81920K) From: 512K(2560K)->896K(2560K)
[15468.871s][info][gc,heap        ] GC(33847) ParOldGen: 149928K(175104K)->149984K(175104K)
[15468.871s][info][gc,metaspace   ] GC(33847) Metaspace: 62363K(62592K)->62363K(62592K) NonClass: 53317K(53504K)->53317K(53504K) Class: 9046K(9088K)->9046K(9088K)
[15468.871s][info][gc             ] GC(33847) Pause Young (Allocation Failure) 226M->147M(253M) 2.090ms
[15468.871s][info][gc,cpu         ] GC(33847) User=0.01s Sys=0.00s Real=0.00s
[15469.268s][info][gc,start       ] GC(33848) Pause Young (Allocation Failure)
[15469.270s][info][gc,heap        ] GC(33848) PSYoungGen: 82816K(84480K)->992K(84992K) Eden: 81920K(81920K)->0K(82944K) From: 896K(2560K)->992K(2048K)
[15469.270s][info][gc,heap        ] GC(33848) ParOldGen: 149984K(175104K)->150040K(175104K)
[15469.270s][info][gc,metaspace   ] GC(33848) Metaspace: 62363K(62592K)->62363K(62592K) NonClass: 53317K(53504K)->53317K(53504K) Class: 9046K(9088K)->9046K(9088K)
[15469.270s][info][gc             ] GC(33848) Pause Young (Allocation Failure) 227M->147M(254M) 2.170ms
[15469.270s][info][gc,cpu         ] GC(33848) User=0.00s Sys=0.00s Real=0.00s
[15469.692s][info][gc,start       ] GC(33849) Pause Young (Allocation Failure)
[15469.694s][info][gc,heap        ] GC(33849) PSYoungGen: 83936K(84992K)->1408K(84992K) Eden: 82944K(82944K)->0K(82944K) From: 992K(2048K)->1408K(2048K)
[15469.694s][info][gc,heap        ] GC(33849) ParOldGen: 150040K(175104K)->150088K(175104K)
[15469.694s][info][gc,metaspace   ] GC(33849) Metaspace: 62363K(62592K)->62363K(62592K) NonClass: 53317K(53504K)->53317K(53504K) Class: 9046K(9088K)->9046K(9088K)
[15469.694s][info][gc             ] GC(33849) Pause Young (Allocation Failure) 228M->147M(254M) 2.535ms
[15469.694s][info][gc,cpu         ] GC(33849) User=0.00s Sys=0.01s Real=0.00s
[15470.111s][info][gc,start       ] GC(33850) Pause Young (Allocation Failure)
[15470.114s][info][gc,heap        ] GC(33850) PSYoungGen: 84352K(84992K)->2016K(83968K) Eden: 82944K(82944K)->0K(81920K) From: 1408K(2048K)->2016K(2048K)
[15470.114s][info][gc,heap        ] GC(33850) ParOldGen: 150088K(175104K)->150712K(175104K)
[15470.114s][info][gc,metaspace   ] GC(33850) Metaspace: 62363K(62592K)->62363K(62592K) NonClass: 53317K(53504K)->53317K(53504K) Class: 9046K(9088K)->9046K(9088K)
[15470.114s][info][gc             ] GC(33850) Pause Young (Allocation Failure) 228M->149M(253M) 2.918ms
[15470.114s][info][gc,cpu         ] GC(33850) User=0.00s Sys=0.00s Real=0.00s
[15470.564s][info][gc,start       ] GC(33851) Pause Young (Allocation Failure)
[15470.566s][info][gc,heap        ] GC(33851) PSYoungGen: 83936K(83968K)->800K(84480K) Eden: 81920K(81920K)->0K(81920K) From: 2016K(2048K)->800K(2560K)
[15470.566s][info][gc,heap        ] GC(33851) ParOldGen: 150712K(175104K)->151776K(175104K)
[15470.566s][info][gc,metaspace   ] GC(33851) Metaspace: 62363K(62592K)->62363K(62592K) NonClass: 53317K(53504K)->53317K(53504K) Class: 9046K(9088K)->9046K(9088K)
[15470.566s][info][gc             ] GC(33851) Pause Young (Allocation Failure) 229M->149M(253M) 2.157ms
[15470.566s][info][gc,cpu         ] GC(33851) User=0.01s Sys=0.00s Real=0.01s
[15471.010s][info][gc,start       ] GC(33852) Pause Young (Allocation Failure)
[15471.012s][info][gc,heap        ] GC(33852) PSYoungGen: 82720K(84480K)->1504K(84480K) Eden: 81920K(81920K)->0K(81920K) From: 800K(2560K)->1504K(2560K)
[15471.012s][info][gc,heap        ] GC(33852) ParOldGen: 151776K(175104K)->151824K(175104K)
[15471.012s][info][gc,metaspace   ] GC(33852) Metaspace: 62363K(62592K)->62363K(62592K) NonClass: 53317K(53504K)->53317K(53504K) Class: 9046K(9088K)->9046K(9088K)
[15471.012s][info][gc             ] GC(33852) Pause Young (Allocation Failure) 229M->149M(253M) 2.665ms
[15471.012s][info][gc,cpu         ] GC(33852) User=0.00s Sys=0.00s Real=0.00s
[15471.450s][info][gc,start       ] GC(33853) Pause Young (Allocation Failure)
[15471.452s][info][gc,heap        ] GC(33853) PSYoungGen: 83424K(84480K)->608K(84480K) Eden: 81920K(81920K)->0K(81920K) From: 1504K(2560K)->608K(2560K)
[15471.452s][info][gc,heap        ] GC(33853) ParOldGen: 151824K(175104K)->151872K(175104K)
[15471.452s][info][gc,metaspace   ] GC(33853) Metaspace: 62363K(62592K)->62363K(62592K) NonClass: 53317K(53504K)->53317K(53504K) Class: 9046K(9088K)->9046K(9088K)
[15471.452s][info][gc             ] GC(33853) Pause Young (Allocation Failure) 229M->148M(253M) 1.825ms
[15471.452s][info][gc,cpu         ] GC(33853) User=0.00s Sys=0.00s Real=0.00s
[15471.842s][info][gc,start       ] GC(33854) Pause Young (Allocation Failure)
[15471.844s][info][gc,heap        ] GC(33854) PSYoungGen: 82528K(84480K)->512K(84480K) Eden: 81920K(81920K)->0K(81920K) From: 608K(2560K)->512K(2560K)
[15471.844s][info][gc,heap        ] GC(33854) ParOldGen: 151872K(175104K)->151928K(175104K)
[15471.844s][info][gc,metaspace   ] GC(33854) Metaspace: 62363K(62592K)->62363K(62592K) NonClass: 53317K(53504K)->53317K(53504K) Class: 9046K(9088K)->9046K(9088K)
[15471.844s][info][gc             ] GC(33854) Pause Young (Allocation Failure) 228M->148M(253M) 1.766ms
[15471.844s][info][gc,cpu         ] GC(33854) User=0.00s Sys=0.00s Real=0.00s
[15472.251s][info][gc,start       ] GC(33855) Pause Young (Allocation Failure)
[15472.253s][info][gc,heap        ] GC(33855) PSYoungGen: 82432K(84480K)->704K(84480K) Eden: 81920K(81920K)->0K(81920K) From: 512K(2560K)->704K(2560K)
[15472.253s][info][gc,heap        ] GC(33855) ParOldGen: 151928K(175104K)->151984K(175104K)
[15472.253s][info][gc,metaspace   ] GC(33855) Metaspace: 62363K(62592K)->62363K(62592K) NonClass: 53317K(53504K)->53317K(53504K) Class: 9046K(9088K)->9046K(9088K)
[15472.253s][info][gc             ] GC(33855) Pause Young (Allocation Failure) 228M->149M(253M) 1.911ms
[15472.253s][info][gc,cpu         ] GC(33855) User=0.00s Sys=0.00s Real=0.00s
[15472.690s][info][gc,start       ] GC(33856) Pause Young (Allocation Failure)
[15472.693s][info][gc,heap        ] GC(33856) PSYoungGen: 82624K(84480K)->1184K(84480K) Eden: 81920K(81920K)->0K(81920K) From: 704K(2560K)->1184K(2560K)
[15472.693s][info][gc,heap        ] GC(33856) ParOldGen: 151984K(175104K)->152080K(175104K)
[15472.693s][info][gc,metaspace   ] GC(33856) Metaspace: 62363K(62592K)->62363K(62592K) NonClass: 53317K(53504K)->53317K(53504K) Class: 9046K(9088K)->9046K(9088K)
[15472.693s][info][gc             ] GC(33856) Pause Young (Allocation Failure) 229M->149M(253M) 2.385ms
[15472.693s][info][gc,cpu         ] GC(33856) User=0.01s Sys=0.00s Real=0.00s
[15473.120s][info][gc,start       ] GC(33857) Pause Young (Allocation Failure)
[15473.123s][info][gc,heap        ] GC(33857) PSYoungGen: 83104K(84480K)->1856K(84480K) Eden: 81920K(81920K)->0K(81920K) From: 1184K(2560K)->1856K(2560K)
[15473.123s][info][gc,heap        ] GC(33857) ParOldGen: 152080K(175104K)->152136K(175104K)
[15473.123s][info][gc,metaspace   ] GC(33857) Metaspace: 62363K(62592K)->62363K(62592K) NonClass: 53317K(53504K)->53317K(53504K) Class: 9046K(9088K)->9046K(9088K)
[15473.123s][info][gc             ] GC(33857) Pause Young (Allocation Failure) 229M->150M(253M) 2.958ms
[15473.123s][info][gc,cpu         ] GC(33857) User=0.00s Sys=0.00s Real=0.00s
[15473.525s][info][gc,start       ] GC(33858) Pause Young (Allocation Failure)
[15473.526s][info][gc,heap        ] GC(33858) PSYoungGen: 83776K(84480K)->256K(84480K) Eden: 81920K(81920K)->0K(81920K) From: 1856K(2560K)->256K(2560K)
[15473.526s][info][gc,heap        ] GC(33858) ParOldGen: 152136K(175104K)->152184K(175104K)
[15473.526s][info][gc,metaspace   ] GC(33858) Metaspace: 62363K(62592K)->62363K(62592K) NonClass: 53317K(53504K)->53317K(53504K) Class: 9046K(9088K)->9046K(9088K)
[15473.526s][info][gc             ] GC(33858) Pause Young (Allocation Failure) 230M->148M(253M) 1.573ms
[15473.526s][info][gc,cpu         ] GC(33858) User=0.00s Sys=0.01s Real=0.01s
[15473.937s][info][gc,start       ] GC(33859) Pause Young (Allocation Failure)
[15473.939s][info][gc,heap        ] GC(33859) PSYoungGen: 82176K(84480K)->448K(84480K) Eden: 81920K(81920K)->0K(81920K) From: 256K(2560K)->448K(2560K)
[15473.939s][info][gc,heap        ] GC(33859) ParOldGen: 152184K(175104K)->152240K(175104K)
[15473.939s][info][gc,metaspace   ] GC(33859) Metaspace: 62363K(62592K)->62363K(62592K) NonClass: 53317K(53504K)->53317K(53504K) Class: 9046K(9088K)->9046K(9088K)
[15473.939s][info][gc             ] GC(33859) Pause Young (Allocation Failure) 228M->149M(253M) 1.825ms
[15473.939s][info][gc,cpu         ] GC(33859) User=0.01s Sys=0.00s Real=0.00s
[15474.377s][info][gc,start       ] GC(33860) Pause Young (Allocation Failure)
[15474.379s][info][gc,heap        ] GC(33860) PSYoungGen: 82368K(84480K)->960K(84480K) Eden: 81920K(81920K)->0K(81920K) From: 448K(2560K)->960K(2560K)
[15474.379s][info][gc,heap        ] GC(33860) ParOldGen: 152240K(175104K)->152296K(175104K)
[15474.379s][info][gc,metaspace   ] GC(33860) Metaspace: 62363K(62592K)->62363K(62592K) NonClass: 53317K(53504K)->53317K(53504K) Class: 9046K(9088K)->9046K(9088K)
[15474.379s][info][gc             ] GC(33860) Pause Young (Allocation Failure) 229M->149M(253M) 2.138ms
[15474.379s][info][gc,cpu         ] GC(33860) User=0.00s Sys=0.00s Real=0.00s
[15474.820s][info][gc,start       ] GC(33861) Pause Young (Allocation Failure)
[15474.823s][info][gc,heap        ] GC(33861) PSYoungGen: 82880K(84480K)->2528K(84480K) Eden: 81920K(81920K)->0K(81920K) From: 960K(2560K)->2528K(2560K)
[15474.823s][info][gc,heap        ] GC(33861) ParOldGen: 152296K(175104K)->152360K(175104K)
[15474.823s][info][gc,metaspace   ] GC(33861) Metaspace: 62363K(62592K)->62363K(62592K) NonClass: 53317K(53504K)->53317K(53504K) Class: 9046K(9088K)->9046K(9088K)
[15474.823s][info][gc             ] GC(33861) Pause Young (Allocation Failure) 229M->151M(253M) 2.878ms
[15474.823s][info][gc,cpu         ] GC(33861) User=0.01s Sys=0.00s Real=0.00s
[15475.275s][info][gc,start       ] GC(33862) Pause Young (Allocation Failure)
[15475.277s][info][gc,heap        ] GC(33862) PSYoungGen: 84448K(84480K)->928K(83456K) Eden: 81920K(81920K)->0K(80896K) From: 2528K(2560K)->928K(2560K)
[15475.277s][info][gc,heap        ] GC(33862) ParOldGen: 152360K(175104K)->153432K(175104K)
[15475.277s][info][gc,metaspace   ] GC(33862) Metaspace: 62363K(62592K)->62363K(62592K) NonClass: 53317K(53504K)->53317K(53504K) Class: 9046K(9088K)->9046K(9088K)
[15475.277s][info][gc             ] GC(33862) Pause Young (Allocation Failure) 231M->150M(252M) 2.322ms
[15475.277s][info][gc,cpu         ] GC(33862) User=0.00s Sys=0.00s Real=0.01s
[15475.733s][info][gc,start       ] GC(33863) Pause Young (Allocation Failure)
[15475.734s][info][gc,heap        ] GC(33863) PSYoungGen: 81824K(83456K)->384K(83968K) Eden: 80896K(80896K)->0K(80896K) From: 928K(2560K)->384K(3072K)
[15475.734s][info][gc,heap        ] GC(33863) ParOldGen: 153432K(175104K)->153488K(175104K)
[15475.734s][info][gc,metaspace   ] GC(33863) Metaspace: 62363K(62592K)->62363K(62592K) NonClass: 53317K(53504K)->53317K(53504K) Class: 9046K(9088K)->9046K(9088K)
[15475.735s][info][gc             ] GC(33863) Pause Young (Allocation Failure) 229M->150M(253M) 1.632ms
[15475.735s][info][gc,cpu         ] GC(33863) User=0.00s Sys=0.00s Real=0.00s
[15476.154s][info][gc,start       ] GC(33864) Pause Young (Allocation Failure)
[15476.156s][info][gc,heap        ] GC(33864) PSYoungGen: 81280K(83968K)->672K(84480K) Eden: 80896K(80896K)->0K(81408K) From: 384K(3072K)->672K(3072K)
[15476.156s][info][gc,heap        ] GC(33864) ParOldGen: 153488K(175104K)->153536K(175104K)
[15476.156s][info][gc,metaspace   ] GC(33864) Metaspace: 62363K(62592K)->62363K(62592K) NonClass: 53317K(53504K)->53317K(53504K) Class: 9046K(9088K)->9046K(9088K)
[15476.156s][info][gc             ] GC(33864) Pause Young (Allocation Failure) 229M->150M(253M) 1.944ms
[15476.156s][info][gc,cpu         ] GC(33864) User=0.01s Sys=0.00s Real=0.01s
[15476.598s][info][gc,start       ] GC(33865) Pause Young (Allocation Failure)
[15476.600s][info][gc,heap        ] GC(33865) PSYoungGen: 82080K(84480K)->1280K(83968K) Eden: 81408K(81408K)->0K(81408K) From: 672K(3072K)->1280K(2560K)
[15476.600s][info][gc,heap        ] GC(33865) ParOldGen: 153536K(175104K)->153592K(175104K)
[15476.600s][info][gc,metaspace   ] GC(33865) Metaspace: 62363K(62592K)->62363K(62592K) NonClass: 53317K(53504K)->53317K(53504K) Class: 9046K(9088K)->9046K(9088K)
[15476.601s][info][gc             ] GC(33865) Pause Young (Allocation Failure) 230M->151M(253M) 2.492ms
[15476.601s][info][gc,cpu         ] GC(33865) User=0.00s Sys=0.01s Real=0.00s
[15477.027s][info][gc,start       ] GC(33866) Pause Young (Allocation Failure)
[15477.029s][info][gc,heap        ] GC(33866) PSYoungGen: 82688K(83968K)->288K(84480K) Eden: 81408K(81408K)->0K(81920K) From: 1280K(2560K)->288K(2560K)
[15477.029s][info][gc,heap        ] GC(33866) ParOldGen: 153592K(175104K)->153648K(175104K)
[15477.029s][info][gc,metaspace   ] GC(33866) Metaspace: 62363K(62592K)->62363K(62592K) NonClass: 53317K(53504K)->53317K(53504K) Class: 9046K(9088K)->9046K(9088K)
[15477.029s][info][gc             ] GC(33866) Pause Young (Allocation Failure) 230M->150M(253M) 1.568ms
[15477.029s][info][gc,cpu         ] GC(33866) User=0.00s Sys=0.00s Real=0.00s
[15477.460s][info][gc,start       ] GC(33867) Pause Young (Allocation Failure)
[15477.462s][info][gc,heap        ] GC(33867) PSYoungGen: 82208K(84480K)->736K(84480K) Eden: 81920K(81920K)->0K(81920K) From: 288K(2560K)->736K(2560K)
[15477.462s][info][gc,heap        ] GC(33867) ParOldGen: 153648K(175104K)->153696K(175104K)
[15477.462s][info][gc,metaspace   ] GC(33867) Metaspace: 62363K(62592K)->62363K(62592K) NonClass: 53317K(53504K)->53317K(53504K) Class: 9046K(9088K)->9046K(9088K)
[15477.462s][info][gc             ] GC(33867) Pause Young (Allocation Failure) 230M->150M(253M) 1.902ms
[15477.462s][info][gc,cpu         ] GC(33867) User=0.00s Sys=0.00s Real=0.00s
[15477.892s][info][gc,start       ] GC(33868) Pause Young (Allocation Failure)
[15477.895s][info][gc,heap        ] GC(33868) PSYoungGen: 82656K(84480K)->1248K(84480K) Eden: 81920K(81920K)->0K(81920K) From: 736K(2560K)->1248K(2560K)
[15477.895s][info][gc,heap        ] GC(33868) ParOldGen: 153696K(175104K)->153752K(175104K)
[15477.895s][info][gc,metaspace   ] GC(33868) Metaspace: 62363K(62592K)->62363K(62592K) NonClass: 53317K(53504K)->53317K(53504K) Class: 9046K(9088K)->9046K(9088K)
[15477.895s][info][gc             ] GC(33868) Pause Young (Allocation Failure) 230M->151M(253M) 2.413ms
[15477.895s][info][gc,cpu         ] GC(33868) User=0.00s Sys=0.00s Real=0.00s
[15478.292s][info][gc,start       ] GC(33869) Pause Young (Allocation Failure)
[15478.295s][info][gc,heap        ] GC(33869) PSYoungGen: 83168K(84480K)->1408K(84480K) Eden: 81920K(81920K)->0K(81920K) From: 1248K(2560K)->1408K(2560K)
[15478.295s][info][gc,heap        ] GC(33869) ParOldGen: 153752K(175104K)->153808K(175104K)
[15478.295s][info][gc,metaspace   ] GC(33869) Metaspace: 62363K(62592K)->62363K(62592K) NonClass: 53317K(53504K)->53317K(53504K) Class: 9046K(9088K)->9046K(9088K)
[15478.295s][info][gc             ] GC(33869) Pause Young (Allocation Failure) 231M->151M(253M) 2.567ms
[15478.295s][info][gc,cpu         ] GC(33869) User=0.01s Sys=0.00s Real=0.00s
[15478.693s][info][gc,start       ] GC(33870) Pause Young (Allocation Failure)
[15478.695s][info][gc,heap        ] GC(33870) PSYoungGen: 83328K(84480K)->1248K(84480K) Eden: 81920K(81920K)->0K(81920K) From: 1408K(2560K)->1248K(2560K)
[15478.695s][info][gc,heap        ] GC(33870) ParOldGen: 153808K(175104K)->153864K(175104K)
[15478.695s][info][gc,metaspace   ] GC(33870) Metaspace: 62363K(62592K)->62363K(62592K) NonClass: 53317K(53504K)->53317K(53504K) Class: 9046K(9088K)->9046K(9088K)
[15478.695s][info][gc             ] GC(33870) Pause Young (Allocation Failure) 231M->151M(253M) 2.438ms
[15478.695s][info][gc,cpu         ] GC(33870) User=0.00s Sys=0.00s Real=0.00s
[15479.038s][info][gc,start       ] GC(33871) Pause Young (Allocation Failure)
[15479.040s][info][gc,heap        ] GC(33871) PSYoungGen: 83168K(84480K)->1504K(84480K) Eden: 81920K(81920K)->0K(81920K) From: 1248K(2560K)->1504K(2560K)
[15479.040s][info][gc,heap        ] GC(33871) ParOldGen: 153864K(175104K)->153920K(175104K)
[15479.040s][info][gc,metaspace   ] GC(33871) Metaspace: 62363K(62592K)->62363K(62592K) NonClass: 53317K(53504K)->53317K(53504K) Class: 9046K(9088K)->9046K(9088K)
[15479.040s][info][gc             ] GC(33871) Pause Young (Allocation Failure) 231M->151M(253M) 1.867ms
[15479.040s][info][gc,cpu         ] GC(33871) User=0.00s Sys=0.00s Real=0.00s
[15479.463s][info][gc,start       ] GC(33872) Pause Young (Allocation Failure)
[15479.465s][info][gc,heap        ] GC(33872) PSYoungGen: 83424K(84480K)->896K(84480K) Eden: 81920K(81920K)->0K(81920K) From: 1504K(2560K)->896K(2560K)
[15479.465s][info][gc,heap        ] GC(33872) ParOldGen: 153920K(175104K)->154992K(175104K)
[15479.465s][info][gc,metaspace   ] GC(33872) Metaspace: 62363K(62592K)->62363K(62592K) NonClass: 53317K(53504K)->53317K(53504K) Class: 9046K(9088K)->9046K(9088K)
[15479.465s][info][gc             ] GC(33872) Pause Young (Allocation Failure) 231M->152M(253M) 2.212ms
[15479.465s][info][gc,cpu         ] GC(33872) User=0.00s Sys=0.00s Real=0.00s
[15479.861s][info][gc,start       ] GC(33873) Pause Young (Allocation Failure)
[15479.863s][info][gc,heap        ] GC(33873) PSYoungGen: 82816K(84480K)->832K(84480K) Eden: 81920K(81920K)->0K(81920K) From: 896K(2560K)->832K(2560K)
[15479.863s][info][gc,heap        ] GC(33873) ParOldGen: 154992K(175104K)->155096K(175104K)
[15479.863s][info][gc,metaspace   ] GC(33873) Metaspace: 62363K(62592K)->62363K(62592K) NonClass: 53317K(53504K)->53317K(53504K) Class: 9046K(9088K)->9046K(9088K)
[15479.863s][info][gc             ] GC(33873) Pause Young (Allocation Failure) 232M->152M(253M) 2.057ms
[15479.863s][info][gc,cpu         ] GC(33873) User=0.00s Sys=0.00s Real=0.00s
[15480.267s][info][gc,start       ] GC(33874) Pause Young (Allocation Failure)
[15480.269s][info][gc,heap        ] GC(33874) PSYoungGen: 82752K(84480K)->928K(84480K) Eden: 81920K(81920K)->0K(81920K) From: 832K(2560K)->928K(2560K)
[15480.269s][info][gc,heap        ] GC(33874) ParOldGen: 155096K(175104K)->155152K(175104K)
[15480.269s][info][gc,metaspace   ] GC(33874) Metaspace: 62363K(62592K)->62363K(62592K) NonClass: 53317K(53504K)->53317K(53504K) Class: 9046K(9088K)->9046K(9088K)
[15480.269s][info][gc             ] GC(33874) Pause Young (Allocation Failure) 232M->152M(253M) 2.121ms
[15480.269s][info][gc,cpu         ] GC(33874) User=0.01s Sys=0.00s Real=0.00s
[15480.668s][info][gc,start       ] GC(33875) Pause Young (Allocation Failure)
[15480.670s][info][gc,heap        ] GC(33875) PSYoungGen: 82848K(84480K)->928K(84480K) Eden: 81920K(81920K)->0K(81920K) From: 928K(2560K)->928K(2560K)
[15480.670s][info][gc,heap        ] GC(33875) ParOldGen: 155152K(175104K)->155208K(175104K)
[15480.670s][info][gc,metaspace   ] GC(33875) Metaspace: 62363K(62592K)->62363K(62592K) NonClass: 53317K(53504K)->53317K(53504K) Class: 9046K(9088K)->9046K(9088K)
[15480.670s][info][gc             ] GC(33875) Pause Young (Allocation Failure) 232M->152M(253M) 2.097ms
[15480.670s][info][gc,cpu         ] GC(33875) User=0.00s Sys=0.00s Real=0.00s
[15481.103s][info][gc,start       ] GC(33876) Pause Young (Allocation Failure)
[15481.106s][info][gc,heap        ] GC(33876) PSYoungGen: 82848K(84480K)->1440K(84992K) Eden: 81920K(81920K)->0K(82944K) From: 928K(2560K)->1440K(2048K)
[15481.106s][info][gc,heap        ] GC(33876) ParOldGen: 155208K(175104K)->155264K(175104K)
[15481.106s][info][gc,metaspace   ] GC(33876) Metaspace: 62363K(62592K)->62363K(62592K) NonClass: 53317K(53504K)->53317K(53504K) Class: 9046K(9088K)->9046K(9088K)
[15481.106s][info][gc             ] GC(33876) Pause Young (Allocation Failure) 232M->153M(254M) 2.574ms
[15481.106s][info][gc,cpu         ] GC(33876) User=0.01s Sys=0.00s Real=0.01s
[15481.539s][info][gc,start       ] GC(33877) Pause Young (Allocation Failure)
[15481.540s][info][gc,heap        ] GC(33877) PSYoungGen: 84384K(84992K)->448K(84992K) Eden: 82944K(82944K)->0K(82944K) From: 1440K(2048K)->448K(2048K)
[15481.540s][info][gc,heap        ] GC(33877) ParOldGen: 155264K(175104K)->155320K(175104K)
[15481.540s][info][gc,metaspace   ] GC(33877) Metaspace: 62363K(62592K)->62363K(62592K) NonClass: 53317K(53504K)->53317K(53504K) Class: 9046K(9088K)->9046K(9088K)
[15481.540s][info][gc             ] GC(33877) Pause Young (Allocation Failure) 234M->152M(254M) 1.715ms
[15481.540s][info][gc,cpu         ] GC(33877) User=0.00s Sys=0.00s Real=0.00s
[15481.965s][info][gc,start       ] GC(33878) Pause Young (Allocation Failure)
[15481.967s][info][gc,heap        ] GC(33878) PSYoungGen: 83392K(84992K)->960K(84992K) Eden: 82944K(82944K)->0K(82944K) From: 448K(2048K)->960K(2048K)
[15481.967s][info][gc,heap        ] GC(33878) ParOldGen: 155320K(175104K)->155376K(175104K)
[15481.967s][info][gc,metaspace   ] GC(33878) Metaspace: 62363K(62592K)->62363K(62592K) NonClass: 53317K(53504K)->53317K(53504K) Class: 9046K(9088K)->9046K(9088K)
[15481.967s][info][gc             ] GC(33878) Pause Young (Allocation Failure) 233M->152M(254M) 2.175ms
[15481.967s][info][gc,cpu         ] GC(33878) User=0.01s Sys=0.00s Real=0.01s
[15482.398s][info][gc,start       ] GC(33879) Pause Young (Allocation Failure)
[15482.400s][info][gc,heap        ] GC(33879) PSYoungGen: 83904K(84992K)->1344K(84992K) Eden: 82944K(82944K)->0K(82944K) From: 960K(2048K)->1344K(2048K)
[15482.400s][info][gc,heap        ] GC(33879) ParOldGen: 155376K(175104K)->155432K(175104K)
[15482.400s][info][gc,metaspace   ] GC(33879) Metaspace: 62363K(62592K)->62363K(62592K) NonClass: 53317K(53504K)->53317K(53504K) Class: 9046K(9088K)->9046K(9088K)
[15482.400s][info][gc             ] GC(33879) Pause Young (Allocation Failure) 233M->153M(254M) 2.582ms
[15482.400s][info][gc,cpu         ] GC(33879) User=0.00s Sys=0.00s Real=0.00s
[15482.840s][info][gc,start       ] GC(33880) Pause Young (Allocation Failure)
[15482.842s][info][gc,heap        ] GC(33880) PSYoungGen: 84288K(84992K)->512K(84992K) Eden: 82944K(82944K)->0K(82944K) From: 1344K(2048K)->512K(2048K)
[15482.842s][info][gc,heap        ] GC(33880) ParOldGen: 155432K(175104K)->155488K(175104K)
[15482.842s][info][gc,metaspace   ] GC(33880) Metaspace: 62363K(62592K)->62363K(62592K) NonClass: 53317K(53504K)->53317K(53504K) Class: 9046K(9088K)->9046K(9088K)
[15482.842s][info][gc             ] GC(33880) Pause Young (Allocation Failure) 234M->152M(254M) 1.711ms
[15482.842s][info][gc,cpu         ] GC(33880) User=0.00s Sys=0.00s Real=0.00s
[15483.255s][info][gc,start       ] GC(33881) Pause Young (Allocation Failure)
[15483.257s][info][gc,heap        ] GC(33881) PSYoungGen: 83456K(84992K)->672K(84992K) Eden: 82944K(82944K)->0K(82944K) From: 512K(2048K)->672K(2048K)
[15483.257s][info][gc,heap        ] GC(33881) ParOldGen: 155488K(175104K)->155544K(175104K)
[15483.257s][info][gc,metaspace   ] GC(33881) Metaspace: 62363K(62592K)->62363K(62592K) NonClass: 53317K(53504K)->53317K(53504K) Class: 9046K(9088K)->9046K(9088K)
[15483.257s][info][gc             ] GC(33881) Pause Young (Allocation Failure) 233M->152M(254M) 2.073ms
[15483.257s][info][gc,cpu         ] GC(33881) User=0.00s Sys=0.00s Real=0.01s
[15483.677s][info][gc,start       ] GC(33882) Pause Young (Allocation Failure)
[15483.680s][info][gc,heap        ] GC(33882) PSYoungGen: 83616K(84992K)->1984K(83968K) Eden: 82944K(82944K)->0K(81920K) From: 672K(2048K)->1984K(2048K)
[15483.680s][info][gc,heap        ] GC(33882) ParOldGen: 155544K(175104K)->156616K(175104K)
[15483.680s][info][gc,metaspace   ] GC(33882) Metaspace: 62363K(62592K)->62363K(62592K) NonClass: 53317K(53504K)->53317K(53504K) Class: 9046K(9088K)->9046K(9088K)
[15483.680s][info][gc             ] GC(33882) Pause Young (Allocation Failure) 233M->154M(253M) 2.536ms
[15483.680s][info][gc,cpu         ] GC(33882) User=0.01s Sys=0.00s Real=0.00s
[15484.112s][info][gc,start       ] GC(33883) Pause Young (Allocation Failure)
[15484.115s][info][gc,heap        ] GC(33883) PSYoungGen: 83904K(83968K)->1472K(84480K) Eden: 81920K(81920K)->0K(81920K) From: 1984K(2048K)->1472K(2560K)
[15484.115s][info][gc,heap        ] GC(33883) ParOldGen: 156616K(175104K)->157688K(175104K)
[15484.115s][info][gc,metaspace   ] GC(33883) Metaspace: 62363K(62592K)->62363K(62592K) NonClass: 53317K(53504K)->53317K(53504K) Class: 9046K(9088K)->9046K(9088K)
[15484.115s][info][gc             ] GC(33883) Pause Young (Allocation Failure) 234M->155M(253M) 2.884ms
[15484.115s][info][gc,cpu         ] GC(33883) User=0.01s Sys=0.00s Real=0.00s
[15484.474s][info][gc,start       ] GC(33884) Pause Young (Allocation Failure)
[15484.476s][info][gc,heap        ] GC(33884) PSYoungGen: 83392K(84480K)->1088K(84480K) Eden: 81920K(81920K)->0K(81920K) From: 1472K(2560K)->1088K(2560K)
[15484.476s][info][gc,heap        ] GC(33884) ParOldGen: 157688K(175104K)->157744K(175104K)
[15484.476s][info][gc,metaspace   ] GC(33884) Metaspace: 62363K(62592K)->62363K(62592K) NonClass: 53317K(53504K)->53317K(53504K) Class: 9046K(9088K)->9046K(9088K)
[15484.476s][info][gc             ] GC(33884) Pause Young (Allocation Failure) 235M->155M(253M) 2.301ms
[15484.476s][info][gc,cpu         ] GC(33884) User=0.00s Sys=0.00s Real=0.01s
[15484.849s][info][gc,start       ] GC(33885) Pause Young (Allocation Failure)
[15484.851s][info][gc,heap        ] GC(33885) PSYoungGen: 83008K(84480K)->672K(84480K) Eden: 81920K(81920K)->0K(81920K) From: 1088K(2560K)->672K(2560K)
[15484.851s][info][gc,heap        ] GC(33885) ParOldGen: 157744K(175104K)->157800K(175104K)
[15484.851s][info][gc,metaspace   ] GC(33885) Metaspace: 62363K(62592K)->62363K(62592K) NonClass: 53317K(53504K)->53317K(53504K) Class: 9046K(9088K)->9046K(9088K)
[15484.851s][info][gc             ] GC(33885) Pause Young (Allocation Failure) 235M->154M(253M) 1.860ms
[15484.851s][info][gc,cpu         ] GC(33885) User=0.01s Sys=0.00s Real=0.00s
[15485.240s][info][gc,start       ] GC(33886) Pause Young (Allocation Failure)
[15485.241s][info][gc,heap        ] GC(33886) PSYoungGen: 82592K(84480K)->512K(84480K) Eden: 81920K(81920K)->0K(81920K) From: 672K(2560K)->512K(2560K)
[15485.241s][info][gc,heap        ] GC(33886) ParOldGen: 157800K(175104K)->157856K(175104K)
[15485.241s][info][gc,metaspace   ] GC(33886) Metaspace: 62363K(62592K)->62363K(62592K) NonClass: 53317K(53504K)->53317K(53504K) Class: 9046K(9088K)->9046K(9088K)
[15485.241s][info][gc             ] GC(33886) Pause Young (Allocation Failure) 234M->154M(253M) 1.758ms
[15485.241s][info][gc,cpu         ] GC(33886) User=0.01s Sys=0.00s Real=0.00s
[15485.651s][info][gc,start       ] GC(33887) Pause Young (Allocation Failure)
[15485.652s][info][gc,heap        ] GC(33887) PSYoungGen: 82432K(84480K)->672K(84480K) Eden: 81920K(81920K)->0K(81920K) From: 512K(2560K)->672K(2560K)
[15485.653s][info][gc,heap        ] GC(33887) ParOldGen: 157856K(175104K)->157912K(175104K)
[15485.653s][info][gc,metaspace   ] GC(33887) Metaspace: 62363K(62592K)->62363K(62592K) NonClass: 53317K(53504K)->53317K(53504K) Class: 9046K(9088K)->9046K(9088K)
[15485.653s][info][gc             ] GC(33887) Pause Young (Allocation Failure) 234M->154M(253M) 1.996ms
[15485.653s][info][gc,cpu         ] GC(33887) User=0.00s Sys=0.00s Real=0.00s
[15486.113s][info][gc,start       ] GC(33888) Pause Young (Allocation Failure)
[15486.116s][info][gc,heap        ] GC(33888) PSYoungGen: 82592K(84480K)->1472K(83968K) Eden: 81920K(81920K)->0K(81920K) From: 672K(2560K)->1472K(2048K)
[15486.116s][info][gc,heap        ] GC(33888) ParOldGen: 157912K(175104K)->157960K(175104K)
[15486.116s][info][gc,metaspace   ] GC(33888) Metaspace: 62363K(62592K)->62363K(62592K) NonClass: 53317K(53504K)->53317K(53504K) Class: 9046K(9088K)->9046K(9088K)
[15486.116s][info][gc             ] GC(33888) Pause Young (Allocation Failure) 234M->155M(253M) 2.635ms
[15486.116s][info][gc,cpu         ] GC(33888) User=0.01s Sys=0.00s Real=0.01s
[15486.593s][info][gc,start       ] GC(33889) Pause Young (Allocation Failure)
[15486.595s][info][gc,heap        ] GC(33889) PSYoungGen: 83392K(83968K)->1216K(84480K) Eden: 81920K(81920K)->0K(81920K) From: 1472K(2048K)->1216K(2560K)
[15486.595s][info][gc,heap        ] GC(33889) ParOldGen: 157960K(175104K)->158016K(175104K)
[15486.595s][info][gc,metaspace   ] GC(33889) Metaspace: 62363K(62592K)->62363K(62592K) NonClass: 53317K(53504K)->53317K(53504K) Class: 9046K(9088K)->9046K(9088K)
[15486.595s][info][gc             ] GC(33889) Pause Young (Allocation Failure) 235M->155M(253M) 2.492ms
[15486.595s][info][gc,cpu         ] GC(33889) User=0.01s Sys=0.00s Real=0.00s
[15487.025s][info][gc,start       ] GC(33890) Pause Young (Allocation Failure)
[15487.027s][info][gc,heap        ] GC(33890) PSYoungGen: 83136K(84480K)->224K(84480K) Eden: 81920K(81920K)->0K(81920K) From: 1216K(2560K)->224K(2560K)
[15487.027s][info][gc,heap        ] GC(33890) ParOldGen: 158016K(175104K)->158120K(175104K)
[15487.027s][info][gc,metaspace   ] GC(33890) Metaspace: 62363K(62592K)->62363K(62592K) NonClass: 53317K(53504K)->53317K(53504K) Class: 9046K(9088K)->9046K(9088K)
[15487.027s][info][gc             ] GC(33890) Pause Young (Allocation Failure) 235M->154M(253M) 1.627ms
[15487.027s][info][gc,cpu         ] GC(33890) User=0.00s Sys=0.00s Real=0.01s
[15487.442s][info][gc,start       ] GC(33891) Pause Young (Allocation Failure)
[15487.444s][info][gc,heap        ] GC(33891) PSYoungGen: 82144K(84480K)->544K(84480K) Eden: 81920K(81920K)->0K(81920K) From: 224K(2560K)->544K(2560K)
[15487.444s][info][gc,heap        ] GC(33891) ParOldGen: 158120K(175104K)->158176K(175104K)
[15487.444s][info][gc,metaspace   ] GC(33891) Metaspace: 62363K(62592K)->62363K(62592K) NonClass: 53317K(53504K)->53317K(53504K) Class: 9046K(9088K)->9046K(9088K)
[15487.444s][info][gc             ] GC(33891) Pause Young (Allocation Failure) 234M->155M(253M) 1.866ms
[15487.444s][info][gc,cpu         ] GC(33891) User=0.01s Sys=0.00s Real=0.00s
[15487.892s][info][gc,start       ] GC(33892) Pause Young (Allocation Failure)
[15487.895s][info][gc,heap        ] GC(33892) PSYoungGen: 82464K(84480K)->1184K(84480K) Eden: 81920K(81920K)->0K(81920K) From: 544K(2560K)->1184K(2560K)
[15487.895s][info][gc,heap        ] GC(33892) ParOldGen: 158176K(175104K)->158224K(175104K)
[15487.895s][info][gc,metaspace   ] GC(33892) Metaspace: 62363K(62592K)->62363K(62592K) NonClass: 53317K(53504K)->53317K(53504K) Class: 9046K(9088K)->9046K(9088K)
[15487.895s][info][gc             ] GC(33892) Pause Young (Allocation Failure) 235M->155M(253M) 2.343ms
[15487.895s][info][gc,cpu         ] GC(33892) User=0.00s Sys=0.00s Real=0.00s
[15488.355s][info][gc,start       ] GC(33893) Pause Young (Allocation Failure)
[15488.357s][info][gc,heap        ] GC(33893) PSYoungGen: 83104K(84480K)->672K(84480K) Eden: 81920K(81920K)->0K(81920K) From: 1184K(2560K)->672K(2560K)
[15488.357s][info][gc,heap        ] GC(33893) ParOldGen: 158224K(175104K)->158272K(175104K)
[15488.357s][info][gc,metaspace   ] GC(33893) Metaspace: 62363K(62592K)->62363K(62592K) NonClass: 53317K(53504K)->53317K(53504K) Class: 9046K(9088K)->9046K(9088K)
[15488.357s][info][gc             ] GC(33893) Pause Young (Allocation Failure) 235M->155M(253M) 1.950ms
[15488.357s][info][gc,cpu         ] GC(33893) User=0.00s Sys=0.00s Real=0.01s
[15488.819s][info][gc,start       ] GC(33894) Pause Young (Allocation Failure)
[15488.822s][info][gc,heap        ] GC(33894) PSYoungGen: 82592K(84480K)->1568K(83968K) Eden: 81920K(81920K)->0K(81920K) From: 672K(2560K)->1568K(2048K)
[15488.822s][info][gc,heap        ] GC(33894) ParOldGen: 158272K(175104K)->158328K(175104K)
[15488.822s][info][gc,metaspace   ] GC(33894) Metaspace: 62363K(62592K)->62363K(62592K) NonClass: 53317K(53504K)->53317K(53504K) Class: 9046K(9088K)->9046K(9088K)
[15488.822s][info][gc             ] GC(33894) Pause Young (Allocation Failure) 235M->156M(253M) 2.714ms
[15488.822s][info][gc,cpu         ] GC(33894) User=0.01s Sys=0.00s Real=0.00s
[15489.248s][info][gc,start       ] GC(33895) Pause Young (Allocation Failure)
[15489.250s][info][gc,heap        ] GC(33895) PSYoungGen: 83488K(83968K)->608K(84480K) Eden: 81920K(81920K)->0K(81920K) From: 1568K(2048K)->608K(2560K)
[15489.250s][info][gc,heap        ] GC(33895) ParOldGen: 158328K(175104K)->158384K(175104K)
[15489.250s][info][gc,metaspace   ] GC(33895) Metaspace: 62363K(62592K)->62363K(62592K) NonClass: 53317K(53504K)->53317K(53504K) Class: 9046K(9088K)->9046K(9088K)
[15489.250s][info][gc             ] GC(33895) Pause Young (Allocation Failure) 236M->155M(253M) 1.850ms
[15489.250s][info][gc,cpu         ] GC(33895) User=0.01s Sys=0.00s Real=0.00s
[15489.678s][info][gc,start       ] GC(33896) Pause Young (Allocation Failure)
[15489.680s][info][gc,heap        ] GC(33896) PSYoungGen: 82528K(84480K)->1024K(84992K) Eden: 81920K(81920K)->0K(82432K) From: 608K(2560K)->1024K(2560K)
[15489.680s][info][gc,heap        ] GC(33896) ParOldGen: 158384K(175104K)->158440K(175104K)
[15489.680s][info][gc,metaspace   ] GC(33896) Metaspace: 62363K(62592K)->62363K(62592K) NonClass: 53317K(53504K)->53317K(53504K) Class: 9046K(9088K)->9046K(9088K)
[15489.680s][info][gc             ] GC(33896) Pause Young (Allocation Failure) 235M->155M(254M) 2.236ms
[15489.680s][info][gc,cpu         ] GC(33896) User=0.00s Sys=0.00s Real=0.00s
[15490.094s][info][gc,start       ] GC(33897) Pause Young (Allocation Failure)
[15490.096s][info][gc,heap        ] GC(33897) PSYoungGen: 83456K(84992K)->1312K(84480K) Eden: 82432K(82432K)->0K(82432K) From: 1024K(2560K)->1312K(2048K)
[15490.096s][info][gc,heap        ] GC(33897) ParOldGen: 158440K(175104K)->158496K(175104K)
[15490.096s][info][gc,metaspace   ] GC(33897) Metaspace: 62363K(62592K)->62363K(62592K) NonClass: 53317K(53504K)->53317K(53504K) Class: 9046K(9088K)->9046K(9088K)
[15490.096s][info][gc             ] GC(33897) Pause Young (Allocation Failure) 236M->156M(253M) 2.580ms
[15490.096s][info][gc,cpu         ] GC(33897) User=0.01s Sys=0.00s Real=0.01s
[15490.505s][info][gc,start       ] GC(33898) Pause Young (Allocation Failure)
[15490.507s][info][gc,heap        ] GC(33898) PSYoungGen: 83744K(84480K)->1600K(83968K) Eden: 82432K(82432K)->0K(81920K) From: 1312K(2048K)->1600K(2048K)
[15490.507s][info][gc,heap        ] GC(33898) ParOldGen: 158496K(175104K)->158552K(175104K)
[15490.507s][info][gc,metaspace   ] GC(33898) Metaspace: 62363K(62592K)->62363K(62592K) NonClass: 53317K(53504K)->53317K(53504K) Class: 9046K(9088K)->9046K(9088K)
[15490.507s][info][gc             ] GC(33898) Pause Young (Allocation Failure) 236M->156M(253M) 2.672ms
[15490.507s][info][gc,cpu         ] GC(33898) User=0.01s Sys=0.00s Real=0.01s
[15490.943s][info][gc,start       ] GC(33899) Pause Young (Allocation Failure)
[15490.945s][info][gc,heap        ] GC(33899) PSYoungGen: 83520K(83968K)->480K(84480K) Eden: 81920K(81920K)->0K(81920K) From: 1600K(2048K)->480K(2560K)
[15490.945s][info][gc,heap        ] GC(33899) ParOldGen: 158552K(175104K)->158608K(175104K)
[15490.945s][info][gc,metaspace   ] GC(33899) Metaspace: 62363K(62592K)->62363K(62592K) NonClass: 53317K(53504K)->53317K(53504K) Class: 9046K(9088K)->9046K(9088K)
[15490.945s][info][gc             ] GC(33899) Pause Young (Allocation Failure) 236M->155M(253M) 1.773ms
[15490.945s][info][gc,cpu         ] GC(33899) User=0.00s Sys=0.00s Real=0.00s
[15491.301s][info][gc,start       ] GC(33900) Pause Young (Allocation Failure)
[15491.304s][info][gc,heap        ] GC(33900) PSYoungGen: 82400K(84480K)->1600K(84480K) Eden: 81920K(81920K)->0K(81920K) From: 480K(2560K)->1600K(2560K)
[15491.304s][info][gc,heap        ] GC(33900) ParOldGen: 158608K(175104K)->158664K(175104K)
[15491.304s][info][gc,metaspace   ] GC(33900) Metaspace: 62363K(62592K)->62363K(62592K) NonClass: 53317K(53504K)->53317K(53504K) Class: 9046K(9088K)->9046K(9088K)
[15491.304s][info][gc             ] GC(33900) Pause Young (Allocation Failure) 235M->156M(253M) 2.735ms
[15491.304s][info][gc,cpu         ] GC(33900) User=0.00s Sys=0.00s Real=0.00s
[15491.708s][info][gc,start       ] GC(33901) Pause Young (Allocation Failure)
[15491.711s][info][gc,heap        ] GC(33901) PSYoungGen: 83520K(84480K)->1504K(84480K) Eden: 81920K(81920K)->0K(81920K) From: 1600K(2560K)->1504K(2560K)
[15491.711s][info][gc,heap        ] GC(33901) ParOldGen: 158664K(175104K)->158720K(175104K)
[15491.711s][info][gc,metaspace   ] GC(33901) Metaspace: 62363K(62592K)->62363K(62592K) NonClass: 53317K(53504K)->53317K(53504K) Class: 9046K(9088K)->9046K(9088K)
[15491.711s][info][gc             ] GC(33901) Pause Young (Allocation Failure) 236M->156M(253M) 2.663ms
[15491.711s][info][gc,cpu         ] GC(33901) User=0.01s Sys=0.00s Real=0.00s
[15492.150s][info][gc,start       ] GC(33902) Pause Young (Allocation Failure)
[15492.152s][info][gc,heap        ] GC(33902) PSYoungGen: 83424K(84480K)->576K(84480K) Eden: 81920K(81920K)->0K(81920K) From: 1504K(2560K)->576K(2560K)
[15492.152s][info][gc,heap        ] GC(33902) ParOldGen: 158720K(175104K)->158768K(175104K)
[15492.152s][info][gc,metaspace   ] GC(33902) Metaspace: 62363K(62592K)->62363K(62592K) NonClass: 53317K(53504K)->53317K(53504K) Class: 9046K(9088K)->9046K(9088K)
[15492.152s][info][gc             ] GC(33902) Pause Young (Allocation Failure) 236M->155M(253M) 1.855ms
[15492.152s][info][gc,cpu         ] GC(33902) User=0.01s Sys=0.00s Real=0.00s
[15492.575s][info][gc,start       ] GC(33903) Pause Young (Allocation Failure)
[15492.577s][info][gc,heap        ] GC(33903) PSYoungGen: 82496K(84480K)->2528K(84480K) Eden: 81920K(81920K)->0K(81920K) From: 576K(2560K)->2528K(2560K)
[15492.577s][info][gc,heap        ] GC(33903) ParOldGen: 158768K(175104K)->159304K(175104K)
[15492.577s][info][gc,metaspace   ] GC(33903) Metaspace: 62363K(62592K)->62363K(62592K) NonClass: 53317K(53504K)->53317K(53504K) Class: 9046K(9088K)->9046K(9088K)
[15492.577s][info][gc             ] GC(33903) Pause Young (Allocation Failure) 235M->158M(253M) 2.493ms
[15492.577s][info][gc,cpu         ] GC(33903) User=0.01s Sys=0.00s Real=0.01s
[15493.016s][info][gc,start       ] GC(33904) Pause Young (Allocation Failure)
[15493.019s][info][gc,heap        ] GC(33904) PSYoungGen: 84448K(84480K)->1504K(83456K) Eden: 81920K(81920K)->0K(80896K) From: 2528K(2560K)->1504K(2560K)
[15493.019s][info][gc,heap        ] GC(33904) ParOldGen: 159304K(175104K)->161384K(175104K)
[15493.019s][info][gc,metaspace   ] GC(33904) Metaspace: 62363K(62592K)->62363K(62592K) NonClass: 53317K(53504K)->53317K(53504K) Class: 9046K(9088K)->9046K(9088K)
[15493.019s][info][gc             ] GC(33904) Pause Young (Allocation Failure) 238M->159M(252M) 3.051ms
[15493.019s][info][gc,cpu         ] GC(33904) User=0.00s Sys=0.00s Real=0.00s
[15493.473s][info][gc,start       ] GC(33905) Pause Young (Allocation Failure)
[15493.475s][info][gc,heap        ] GC(33905) PSYoungGen: 82400K(83456K)->896K(83968K) Eden: 80896K(80896K)->0K(80896K) From: 1504K(2560K)->896K(3072K)
[15493.475s][info][gc,heap        ] GC(33905) ParOldGen: 161384K(175104K)->161440K(175104K)
[15493.475s][info][gc,metaspace   ] GC(33905) Metaspace: 62363K(62592K)->62363K(62592K) NonClass: 53317K(53504K)->53317K(53504K) Class: 9046K(9088K)->9046K(9088K)
[15493.475s][info][gc             ] GC(33905) Pause Young (Allocation Failure) 238M->158M(253M) 2.156ms
[15493.475s][info][gc,cpu         ] GC(33905) User=0.00s Sys=0.00s Real=0.00s
[15493.986s][info][gc,start       ] GC(33906) Pause Young (Allocation Failure)
[15493.989s][info][gc,heap        ] GC(33906) PSYoungGen: 81792K(83968K)->1088K(83968K) Eden: 80896K(80896K)->0K(80896K) From: 896K(3072K)->1088K(3072K)
[15493.989s][info][gc,heap        ] GC(33906) ParOldGen: 161440K(175104K)->161496K(175104K)
[15493.989s][info][gc,metaspace   ] GC(33906) Metaspace: 62363K(62592K)->62363K(62592K) NonClass: 53317K(53504K)->53317K(53504K) Class: 9046K(9088K)->9046K(9088K)
[15493.989s][info][gc             ] GC(33906) Pause Young (Allocation Failure) 237M->158M(253M) 2.351ms
[15493.989s][info][gc,cpu         ] GC(33906) User=0.01s Sys=0.00s Real=0.00s
[15494.423s][info][gc,start       ] GC(33907) Pause Young (Allocation Failure)
[15494.424s][info][gc,heap        ] GC(33907) PSYoungGen: 81984K(83968K)->224K(83968K) Eden: 80896K(80896K)->0K(80896K) From: 1088K(3072K)->224K(3072K)
[15494.424s][info][gc,heap        ] GC(33907) ParOldGen: 161496K(175104K)->161600K(175104K)
[15494.424s][info][gc,metaspace   ] GC(33907) Metaspace: 62363K(62592K)->62363K(62592K) NonClass: 53317K(53504K)->53317K(53504K) Class: 9046K(9088K)->9046K(9088K)
[15494.425s][info][gc             ] GC(33907) Pause Young (Allocation Failure) 237M->158M(253M) 1.598ms
[15494.425s][info][gc,cpu         ] GC(33907) User=0.01s Sys=0.00s Real=0.00s
[15494.893s][info][gc,start       ] GC(33908) Pause Young (Allocation Failure)
[15494.895s][info][gc,heap        ] GC(33908) PSYoungGen: 81120K(83968K)->1056K(84480K) Eden: 80896K(80896K)->0K(81408K) From: 224K(3072K)->1056K(3072K)
[15494.895s][info][gc,heap        ] GC(33908) ParOldGen: 161600K(175104K)->161648K(175104K)
[15494.895s][info][gc,metaspace   ] GC(33908) Metaspace: 62363K(62592K)->62363K(62592K) NonClass: 53317K(53504K)->53317K(53504K) Class: 9046K(9088K)->9046K(9088K)
[15494.895s][info][gc             ] GC(33908) Pause Young (Allocation Failure) 237M->158M(253M) 2.355ms
[15494.895s][info][gc,cpu         ] GC(33908) User=0.00s Sys=0.00s Real=0.00s
[15495.383s][info][gc,start       ] GC(33909) Pause Young (Allocation Failure)
[15495.385s][info][gc,heap        ] GC(33909) PSYoungGen: 82464K(84480K)->992K(83968K) Eden: 81408K(81408K)->0K(81408K) From: 1056K(3072K)->992K(2560K)
[15495.385s][info][gc,heap        ] GC(33909) ParOldGen: 161648K(175104K)->161704K(175104K)
[15495.385s][info][gc,metaspace   ] GC(33909) Metaspace: 62363K(62592K)->62363K(62592K) NonClass: 53317K(53504K)->53317K(53504K) Class: 9046K(9088K)->9046K(9088K)
[15495.385s][info][gc             ] GC(33909) Pause Young (Allocation Failure) 238M->158M(253M) 2.197ms
[15495.385s][info][gc,cpu         ] GC(33909) User=0.00s Sys=0.00s Real=0.00s
[15495.852s][info][gc,start       ] GC(33910) Pause Young (Allocation Failure)
[15495.854s][info][gc,heap        ] GC(33910) PSYoungGen: 82400K(83968K)->544K(84480K) Eden: 81408K(81408K)->0K(81920K) From: 992K(2560K)->544K(2560K)
[15495.854s][info][gc,heap        ] GC(33910) ParOldGen: 161704K(175104K)->161760K(175104K)
[15495.854s][info][gc,metaspace   ] GC(33910) Metaspace: 62363K(62592K)->62363K(62592K) NonClass: 53317K(53504K)->53317K(53504K) Class: 9046K(9088K)->9046K(9088K)
[15495.854s][info][gc             ] GC(33910) Pause Young (Allocation Failure) 238M->158M(253M) 1.754ms
[15495.854s][info][gc,cpu         ] GC(33910) User=0.00s Sys=0.01s Real=0.00s
[15496.328s][info][gc,start       ] GC(33911) Pause Young (Allocation Failure)
[15496.329s][info][gc,heap        ] GC(33911) PSYoungGen: 82464K(84480K)->256K(84480K) Eden: 81920K(81920K)->0K(81920K) From: 544K(2560K)->256K(2560K)
[15496.329s][info][gc,heap        ] GC(33911) ParOldGen: 161760K(175104K)->161816K(175104K)
[15496.329s][info][gc,metaspace   ] GC(33911) Metaspace: 62363K(62592K)->62363K(62592K) NonClass: 53317K(53504K)->53317K(53504K) Class: 9046K(9088K)->9046K(9088K)
[15496.329s][info][gc             ] GC(33911) Pause Young (Allocation Failure) 238M->158M(253M) 1.613ms
[15496.329s][info][gc,cpu         ] GC(33911) User=0.00s Sys=0.00s Real=0.00s
[15496.797s][info][gc,start       ] GC(33912) Pause Young (Allocation Failure)
[15496.799s][info][gc,heap        ] GC(33912) PSYoungGen: 82176K(84480K)->1152K(84480K) Eden: 81920K(81920K)->0K(81920K) From: 256K(2560K)->1152K(2560K)
[15496.799s][info][gc,heap        ] GC(33912) ParOldGen: 161816K(175104K)->161864K(175104K)
[15496.799s][info][gc,metaspace   ] GC(33912) Metaspace: 62363K(62592K)->62363K(62592K) NonClass: 53317K(53504K)->53317K(53504K) Class: 9046K(9088K)->9046K(9088K)
[15496.800s][info][gc             ] GC(33912) Pause Young (Allocation Failure) 238M->159M(253M) 2.416ms
[15496.800s][info][gc,cpu         ] GC(33912) User=0.00s Sys=0.00s Real=0.00s
[15497.265s][info][gc,start       ] GC(33913) Pause Young (Allocation Failure)
[15497.267s][info][gc,heap        ] GC(33913) PSYoungGen: 83072K(84480K)->800K(84480K) Eden: 81920K(81920K)->0K(81920K) From: 1152K(2560K)->800K(2560K)
[15497.267s][info][gc,heap        ] GC(33913) ParOldGen: 161864K(175104K)->161912K(175104K)
[15497.267s][info][gc,metaspace   ] GC(33913) Metaspace: 62363K(62592K)->62363K(62592K) NonClass: 53317K(53504K)->53317K(53504K) Class: 9046K(9088K)->9046K(9088K)
[15497.267s][info][gc             ] GC(33913) Pause Young (Allocation Failure) 239M->158M(253M) 2.040ms
[15497.267s][info][gc,cpu         ] GC(33913) User=0.01s Sys=0.00s Real=0.01s
[15497.708s][info][gc,start       ] GC(33914) Pause Young (Allocation Failure)
[15497.710s][info][gc,heap        ] GC(33914) PSYoungGen: 82720K(84480K)->1408K(84480K) Eden: 81920K(81920K)->0K(81920K) From: 800K(2560K)->1408K(2560K)
[15497.710s][info][gc,heap        ] GC(33914) ParOldGen: 161912K(175104K)->161960K(175104K)
[15497.710s][info][gc,metaspace   ] GC(33914) Metaspace: 62363K(62592K)->62363K(62592K) NonClass: 53317K(53504K)->53317K(53504K) Class: 9046K(9088K)->9046K(9088K)
[15497.710s][info][gc             ] GC(33914) Pause Young (Allocation Failure) 238M->159M(253M) 2.655ms
[15497.710s][info][gc,cpu         ] GC(33914) User=0.00s Sys=0.00s Real=0.00s
[15498.179s][info][gc,start       ] GC(33915) Pause Young (Allocation Failure)
[15498.182s][info][gc,heap        ] GC(33915) PSYoungGen: 83328K(84480K)->1024K(84480K) Eden: 81920K(81920K)->0K(81920K) From: 1408K(2560K)->1024K(2560K)
[15498.182s][info][gc,heap        ] GC(33915) ParOldGen: 161960K(175104K)->162008K(175104K)
[15498.182s][info][gc,metaspace   ] GC(33915) Metaspace: 62363K(62592K)->62363K(62592K) NonClass: 53317K(53504K)->53317K(53504K) Class: 9046K(9088K)->9046K(9088K)
[15498.182s][info][gc             ] GC(33915) Pause Young (Allocation Failure) 239M->159M(253M) 2.323ms
[15498.182s][info][gc,cpu         ] GC(33915) User=0.01s Sys=0.00s Real=0.00s
[15498.655s][info][gc,start       ] GC(33916) Pause Young (Allocation Failure)
[15498.657s][info][gc,heap        ] GC(33916) PSYoungGen: 82944K(84480K)->672K(84480K) Eden: 81920K(81920K)->0K(81920K) From: 1024K(2560K)->672K(2560K)
[15498.657s][info][gc,heap        ] GC(33916) ParOldGen: 162008K(175104K)->162064K(175104K)
[15498.657s][info][gc,metaspace   ] GC(33916) Metaspace: 62363K(62592K)->62363K(62592K) NonClass: 53317K(53504K)->53317K(53504K) Class: 9046K(9088K)->9046K(9088K)
[15498.657s][info][gc             ] GC(33916) Pause Young (Allocation Failure) 239M->158M(253M) 1.893ms
[15498.657s][info][gc,cpu         ] GC(33916) User=0.00s Sys=0.00s Real=0.01s
[15499.066s][info][gc,start       ] GC(33917) Pause Young (Allocation Failure)
[15499.068s][info][gc,heap        ] GC(33917) PSYoungGen: 82592K(84480K)->864K(84480K) Eden: 81920K(81920K)->0K(81920K) From: 672K(2560K)->864K(2560K)
[15499.068s][info][gc,heap        ] GC(33917) ParOldGen: 162064K(175104K)->162112K(175104K)
[15499.068s][info][gc,metaspace   ] GC(33917) Metaspace: 62363K(62592K)->62363K(62592K) NonClass: 53317K(53504K)->53317K(53504K) Class: 9046K(9088K)->9046K(9088K)
[15499.068s][info][gc             ] GC(33917) Pause Young (Allocation Failure) 238M->159M(253M) 2.110ms
[15499.068s][info][gc,cpu         ] GC(33917) User=0.01s Sys=0.00s Real=0.01s
[15499.479s][info][gc,start       ] GC(33918) Pause Young (Allocation Failure)
[15499.482s][info][gc,heap        ] GC(33918) PSYoungGen: 82784K(84480K)->1088K(84992K) Eden: 81920K(81920K)->0K(82944K) From: 864K(2560K)->1088K(2048K)
[15499.482s][info][gc,heap        ] GC(33918) ParOldGen: 162112K(175104K)->162160K(175104K)
[15499.482s][info][gc,metaspace   ] GC(33918) Metaspace: 62363K(62592K)->62363K(62592K) NonClass: 53317K(53504K)->53317K(53504K) Class: 9046K(9088K)->9046K(9088K)
[15499.482s][info][gc             ] GC(33918) Pause Young (Allocation Failure) 239M->159M(254M) 2.306ms
[15499.482s][info][gc,cpu         ] GC(33918) User=0.01s Sys=0.00s Real=0.00s
[15499.910s][info][gc,start       ] GC(33919) Pause Young (Allocation Failure)
[15499.912s][info][gc,heap        ] GC(33919) PSYoungGen: 84032K(84992K)->1504K(84992K) Eden: 82944K(82944K)->0K(82944K) From: 1088K(2048K)->1504K(2048K)
[15499.912s][info][gc,heap        ] GC(33919) ParOldGen: 162160K(175104K)->162216K(175104K)
[15499.912s][info][gc,metaspace   ] GC(33919) Metaspace: 62363K(62592K)->62363K(62592K) NonClass: 53317K(53504K)->53317K(53504K) Class: 9046K(9088K)->9046K(9088K)
[15499.912s][info][gc             ] GC(33919) Pause Young (Allocation Failure) 240M->159M(254M) 2.656ms
[15499.912s][info][gc,cpu         ] GC(33919) User=0.01s Sys=0.00s Real=0.00s
[15500.386s][info][gc,start       ] GC(33920) Pause Young (Allocation Failure)
[15500.388s][info][gc,heap        ] GC(33920) PSYoungGen: 84448K(84992K)->1056K(84992K) Eden: 82944K(82944K)->0K(82944K) From: 1504K(2048K)->1056K(2048K)
[15500.388s][info][gc,heap        ] GC(33920) ParOldGen: 162216K(175104K)->162264K(175104K)
[15500.388s][info][gc,metaspace   ] GC(33920) Metaspace: 62363K(62592K)->62363K(62592K) NonClass: 53317K(53504K)->53317K(53504K) Class: 9046K(9088K)->9046K(9088K)
[15500.388s][info][gc             ] GC(33920) Pause Young (Allocation Failure) 240M->159M(254M) 2.310ms
[15500.388s][info][gc,cpu         ] GC(33920) User=0.00s Sys=0.00s Real=0.00s
[15500.867s][info][gc,start       ] GC(33921) Pause Young (Allocation Failure)
[15500.869s][info][gc,heap        ] GC(33921) PSYoungGen: 84000K(84992K)->832K(84992K) Eden: 82944K(82944K)->0K(82944K) From: 1056K(2048K)->832K(2048K)
[15500.869s][info][gc,heap        ] GC(33921) ParOldGen: 162264K(175104K)->162312K(175104K)
[15500.869s][info][gc,metaspace   ] GC(33921) Metaspace: 62363K(62592K)->62363K(62592K) NonClass: 53317K(53504K)->53317K(53504K) Class: 9046K(9088K)->9046K(9088K)
[15500.869s][info][gc             ] GC(33921) Pause Young (Allocation Failure) 240M->159M(254M) 2.013ms
[15500.869s][info][gc,cpu         ] GC(33921) User=0.01s Sys=0.00s Real=0.00s
[15501.350s][info][gc,start       ] GC(33922) Pause Young (Allocation Failure)
[15501.351s][info][gc,heap        ] GC(33922) PSYoungGen: 83776K(84992K)->544K(84992K) Eden: 82944K(82944K)->0K(82944K) From: 832K(2048K)->544K(2048K)
[15501.351s][info][gc,heap        ] GC(33922) ParOldGen: 162312K(175104K)->162360K(175104K)
[15501.351s][info][gc,metaspace   ] GC(33922) Metaspace: 62363K(62592K)->62363K(62592K) NonClass: 53317K(53504K)->53317K(53504K) Class: 9046K(9088K)->9046K(9088K)
[15501.351s][info][gc             ] GC(33922) Pause Young (Allocation Failure) 240M->159M(254M) 1.807ms
[15501.351s][info][gc,cpu         ] GC(33922) User=0.01s Sys=0.00s Real=0.00s
[15501.866s][info][gc,start       ] GC(33923) Pause Young (Allocation Failure)
[15501.868s][info][gc,heap        ] GC(33923) PSYoungGen: 83488K(84992K)->848K(84992K) Eden: 82944K(82944K)->0K(82944K) From: 544K(2048K)->848K(2048K)
[15501.868s][info][gc,heap        ] GC(33923) ParOldGen: 162360K(175104K)->162416K(175104K)
[15501.868s][info][gc,metaspace   ] GC(33923) Metaspace: 62363K(62592K)->62363K(62592K) NonClass: 53317K(53504K)->53317K(53504K) Class: 9046K(9088K)->9046K(9088K)
[15501.868s][info][gc             ] GC(33923) Pause Young (Allocation Failure) 240M->159M(254M) 2.070ms
[15501.868s][info][gc,cpu         ] GC(33923) User=0.00s Sys=0.00s Real=0.00s
[15502.304s][info][gc,start       ] GC(33924) Pause Young (Allocation Failure)
[15502.307s][info][gc,heap        ] GC(33924) PSYoungGen: 83792K(84992K)->1440K(84992K) Eden: 82944K(82944K)->0K(82944K) From: 848K(2048K)->1440K(2048K)
[15502.307s][info][gc,heap        ] GC(33924) ParOldGen: 162416K(175104K)->162520K(175104K)
[15502.307s][info][gc,metaspace   ] GC(33924) Metaspace: 62363K(62592K)->62363K(62592K) NonClass: 53317K(53504K)->53317K(53504K) Class: 9046K(9088K)->9046K(9088K)
[15502.307s][info][gc             ] GC(33924) Pause Young (Allocation Failure) 240M->160M(254M) 2.666ms
[15502.307s][info][gc,cpu         ] GC(33924) User=0.00s Sys=0.01s Real=0.01s
[15502.728s][info][gc,start       ] GC(33925) Pause Young (Allocation Failure)
[15502.729s][info][gc,heap        ] GC(33925) PSYoungGen: 84384K(84992K)->1312K(84992K) Eden: 82944K(82944K)->0K(82944K) From: 1440K(2048K)->1312K(2048K)
[15502.729s][info][gc,heap        ] GC(33925) ParOldGen: 162520K(175104K)->163600K(175104K)
[15502.729s][info][gc,metaspace   ] GC(33925) Metaspace: 62363K(62592K)->62363K(62592K) NonClass: 53317K(53504K)->53317K(53504K) Class: 9046K(9088K)->9046K(9088K)
[15502.729s][info][gc             ] GC(33925) Pause Young (Allocation Failure) 241M->161M(254M) 1.851ms
[15502.729s][info][gc,cpu         ] GC(33925) User=0.01s Sys=0.00s Real=0.00s
[15503.118s][info][gc,start       ] GC(33926) Pause Young (Allocation Failure)
[15503.120s][info][gc,heap        ] GC(33926) PSYoungGen: 84256K(84992K)->1664K(83968K) Eden: 82944K(82944K)->0K(81920K) From: 1312K(2048K)->1664K(2048K)
[15503.120s][info][gc,heap        ] GC(33926) ParOldGen: 163600K(175104K)->164672K(175104K)
[15503.120s][info][gc,metaspace   ] GC(33926) Metaspace: 62363K(62592K)->62363K(62592K) NonClass: 53317K(53504K)->53317K(53504K) Class: 9046K(9088K)->9046K(9088K)
[15503.121s][info][gc             ] GC(33926) Pause Young (Allocation Failure) 242M->162M(253M) 2.963ms
[15503.121s][info][gc,cpu         ] GC(33926) User=0.01s Sys=0.00s Real=0.00s
[15503.556s][info][gc,start       ] GC(33927) Pause Young (Allocation Failure)
[15503.558s][info][gc,heap        ] GC(33927) PSYoungGen: 83584K(83968K)->672K(84480K) Eden: 81920K(81920K)->0K(81920K) From: 1664K(2048K)->672K(2560K)
[15503.558s][info][gc,heap        ] GC(33927) ParOldGen: 164672K(175104K)->164720K(175104K)
[15503.558s][info][gc,metaspace   ] GC(33927) Metaspace: 62363K(62592K)->62363K(62592K) NonClass: 53317K(53504K)->53317K(53504K) Class: 9046K(9088K)->9046K(9088K)
[15503.558s][info][gc             ] GC(33927) Pause Young (Allocation Failure) 242M->161M(253M) 1.944ms
[15503.558s][info][gc,cpu         ] GC(33927) User=0.01s Sys=0.00s Real=0.01s
[15503.952s][info][gc,start       ] GC(33928) Pause Young (Allocation Failure)
[15503.954s][info][gc,heap        ] GC(33928) PSYoungGen: 82592K(84480K)->672K(84992K) Eden: 81920K(81920K)->0K(82944K) From: 672K(2560K)->672K(2048K)
[15503.954s][info][gc,heap        ] GC(33928) ParOldGen: 164720K(175104K)->164768K(175104K)
[15503.954s][info][gc,metaspace   ] GC(33928) Metaspace: 62363K(62592K)->62363K(62592K) NonClass: 53317K(53504K)->53317K(53504K) Class: 9046K(9088K)->9046K(9088K)
[15503.954s][info][gc             ] GC(33928) Pause Young (Allocation Failure) 241M->161M(254M) 1.878ms
[15503.954s][info][gc,cpu         ] GC(33928) User=0.00s Sys=0.00s Real=0.00s
[15504.374s][info][gc,start       ] GC(33929) Pause Young (Allocation Failure)
[15504.376s][info][gc,heap        ] GC(33929) PSYoungGen: 83616K(84992K)->992K(84992K) Eden: 82944K(82944K)->0K(82944K) From: 672K(2048K)->992K(2048K)
[15504.376s][info][gc,heap        ] GC(33929) ParOldGen: 164768K(175104K)->164816K(175104K)
[15504.376s][info][gc,metaspace   ] GC(33929) Metaspace: 62363K(62592K)->62363K(62592K) NonClass: 53317K(53504K)->53317K(53504K) Class: 9046K(9088K)->9046K(9088K)
[15504.376s][info][gc             ] GC(33929) Pause Young (Allocation Failure) 242M->161M(254M) 2.234ms
[15504.376s][info][gc,cpu         ] GC(33929) User=0.01s Sys=0.00s Real=0.01s
[15504.742s][info][gc,start       ] GC(33930) Pause Young (Allocation Failure)
[15504.744s][info][gc,heap        ] GC(33930) PSYoungGen: 83936K(84992K)->544K(84992K) Eden: 82944K(82944K)->0K(82944K) From: 992K(2048K)->544K(2048K)
[15504.744s][info][gc,heap        ] GC(33930) ParOldGen: 164816K(175104K)->164872K(175104K)
[15504.744s][info][gc,metaspace   ] GC(33930) Metaspace: 62363K(62592K)->62363K(62592K) NonClass: 53317K(53504K)->53317K(53504K) Class: 9046K(9088K)->9046K(9088K)
[15504.744s][info][gc             ] GC(33930) Pause Young (Allocation Failure) 242M->161M(254M) 1.824ms
[15504.744s][info][gc,cpu         ] GC(33930) User=0.00s Sys=0.00s Real=0.00s
[15505.167s][info][gc,start       ] GC(33931) Pause Young (Allocation Failure)
[15505.169s][info][gc,heap        ] GC(33931) PSYoungGen: 83488K(84992K)->928K(84992K) Eden: 82944K(82944K)->0K(82944K) From: 544K(2048K)->928K(2048K)
[15505.169s][info][gc,heap        ] GC(33931) ParOldGen: 164872K(175104K)->164928K(175104K)
[15505.169s][info][gc,metaspace   ] GC(33931) Metaspace: 62363K(62592K)->62363K(62592K) NonClass: 53317K(53504K)->53317K(53504K) Class: 9046K(9088K)->9046K(9088K)
[15505.169s][info][gc             ] GC(33931) Pause Young (Allocation Failure) 242M->161M(254M) 2.175ms
[15505.169s][info][gc,cpu         ] GC(33931) User=0.00s Sys=0.00s Real=0.00s
[15505.568s][info][gc,start       ] GC(33932) Pause Young (Allocation Failure)
[15505.570s][info][gc,heap        ] GC(33932) PSYoungGen: 83872K(84992K)->896K(84992K) Eden: 82944K(82944K)->0K(82944K) From: 928K(2048K)->896K(2048K)
[15505.570s][info][gc,heap        ] GC(33932) ParOldGen: 164928K(175104K)->164976K(175104K)
[15505.570s][info][gc,metaspace   ] GC(33932) Metaspace: 62363K(62592K)->62363K(62592K) NonClass: 53317K(53504K)->53317K(53504K) Class: 9046K(9088K)->9046K(9088K)
[15505.570s][info][gc             ] GC(33932) Pause Young (Allocation Failure) 242M->161M(254M) 2.071ms
[15505.570s][info][gc,cpu         ] GC(33932) User=0.00s Sys=0.00s Real=0.00s
[15505.977s][info][gc,start       ] GC(33933) Pause Young (Allocation Failure)
[15505.980s][info][gc,heap        ] GC(33933) PSYoungGen: 83840K(84992K)->1088K(84992K) Eden: 82944K(82944K)->0K(82944K) From: 896K(2048K)->1088K(2048K)
[15505.980s][info][gc,heap        ] GC(33933) ParOldGen: 164976K(175104K)->165024K(175104K)
[15505.980s][info][gc,metaspace   ] GC(33933) Metaspace: 62363K(62592K)->62363K(62592K) NonClass: 53317K(53504K)->53317K(53504K) Class: 9046K(9088K)->9046K(9088K)
[15505.980s][info][gc             ] GC(33933) Pause Young (Allocation Failure) 242M->162M(254M) 2.283ms
[15505.980s][info][gc,cpu         ] GC(33933) User=0.01s Sys=0.00s Real=0.00s
[15506.377s][info][gc,start       ] GC(33934) Pause Young (Allocation Failure)
[15506.380s][info][gc,heap        ] GC(33934) PSYoungGen: 84032K(84992K)->1056K(84992K) Eden: 82944K(82944K)->0K(82944K) From: 1088K(2048K)->1056K(2048K)
[15506.380s][info][gc,heap        ] GC(33934) ParOldGen: 165024K(175104K)->165080K(175104K)
[15506.380s][info][gc,metaspace   ] GC(33934) Metaspace: 62363K(62592K)->62363K(62592K) NonClass: 53317K(53504K)->53317K(53504K) Class: 9046K(9088K)->9046K(9088K)
[15506.380s][info][gc             ] GC(33934) Pause Young (Allocation Failure) 243M->162M(254M) 2.251ms
[15506.380s][info][gc,cpu         ] GC(33934) User=0.00s Sys=0.00s Real=0.00s
[15506.781s][info][gc,start       ] GC(33935) Pause Young (Allocation Failure)
[15506.783s][info][gc,heap        ] GC(33935) PSYoungGen: 84000K(84992K)->2016K(84992K) Eden: 82944K(82944K)->0K(82944K) From: 1056K(2048K)->2016K(2048K)
[15506.783s][info][gc,heap        ] GC(33935) ParOldGen: 165080K(175104K)->165200K(175104K)
[15506.783s][info][gc,metaspace   ] GC(33935) Metaspace: 62363K(62592K)->62363K(62592K) NonClass: 53317K(53504K)->53317K(53504K) Class: 9046K(9088K)->9046K(9088K)
[15506.783s][info][gc             ] GC(33935) Pause Young (Allocation Failure) 243M->163M(254M) 2.438ms
[15506.783s][info][gc,cpu         ] GC(33935) User=0.01s Sys=0.00s Real=0.00s
[15507.242s][info][gc,start       ] GC(33936) Pause Young (Allocation Failure)
[15507.244s][info][gc,heap        ] GC(33936) PSYoungGen: 84960K(84992K)->480K(84992K) Eden: 82944K(82944K)->0K(82944K) From: 2016K(2048K)->480K(2048K)
[15507.244s][info][gc,heap        ] GC(33936) ParOldGen: 165200K(175104K)->166264K(175104K)
[15507.244s][info][gc,metaspace   ] GC(33936) Metaspace: 62363K(62592K)->62363K(62592K) NonClass: 53317K(53504K)->53317K(53504K) Class: 9046K(9088K)->9046K(9088K)
[15507.244s][info][gc             ] GC(33936) Pause Young (Allocation Failure) 244M->162M(254M) 1.913ms
[15507.244s][info][gc,cpu         ] GC(33936) User=0.00s Sys=0.00s Real=0.00s
[15507.654s][info][gc,start       ] GC(33937) Pause Young (Allocation Failure)
[15507.656s][info][gc,heap        ] GC(33937) PSYoungGen: 83424K(84992K)->672K(84992K) Eden: 82944K(82944K)->0K(82944K) From: 480K(2048K)->672K(2048K)
[15507.656s][info][gc,heap        ] GC(33937) ParOldGen: 166264K(175104K)->166320K(175104K)
[15507.656s][info][gc,metaspace   ] GC(33937) Metaspace: 62363K(62592K)->62363K(62592K) NonClass: 53317K(53504K)->53317K(53504K) Class: 9046K(9088K)->9046K(9088K)
[15507.656s][info][gc             ] GC(33937) Pause Young (Allocation Failure) 243M->163M(254M) 1.859ms
[15507.656s][info][gc,cpu         ] GC(33937) User=0.01s Sys=0.00s Real=0.00s
[15508.053s][info][gc,start       ] GC(33938) Pause Young (Allocation Failure)
[15508.055s][info][gc,heap        ] GC(33938) PSYoungGen: 83616K(84992K)->736K(84992K) Eden: 82944K(82944K)->0K(82944K) From: 672K(2048K)->736K(2048K)
[15508.055s][info][gc,heap        ] GC(33938) ParOldGen: 166320K(175104K)->166376K(175104K)
[15508.055s][info][gc,metaspace   ] GC(33938) Metaspace: 62363K(62592K)->62363K(62592K) NonClass: 53317K(53504K)->53317K(53504K) Class: 9046K(9088K)->9046K(9088K)
[15508.055s][info][gc             ] GC(33938) Pause Young (Allocation Failure) 244M->163M(254M) 1.935ms
[15508.055s][info][gc,cpu         ] GC(33938) User=0.00s Sys=0.00s Real=0.00s
[15508.494s][info][gc,start       ] GC(33939) Pause Young (Allocation Failure)
[15508.497s][info][gc,heap        ] GC(33939) PSYoungGen: 83680K(84992K)->832K(84992K) Eden: 82944K(82944K)->0K(82944K) From: 736K(2048K)->832K(2048K)
[15508.497s][info][gc,heap        ] GC(33939) ParOldGen: 166376K(175104K)->166424K(175104K)
[15508.497s][info][gc,metaspace   ] GC(33939) Metaspace: 62363K(62592K)->62363K(62592K) NonClass: 53317K(53504K)->53317K(53504K) Class: 9046K(9088K)->9046K(9088K)
[15508.497s][info][gc             ] GC(33939) Pause Young (Allocation Failure) 244M->163M(254M) 2.406ms
[15508.497s][info][gc,cpu         ] GC(33939) User=0.00s Sys=0.00s Real=0.01s
[15508.915s][info][gc,start       ] GC(33940) Pause Young (Allocation Failure)
[15508.918s][info][gc,heap        ] GC(33940) PSYoungGen: 83776K(84992K)->1504K(84992K) Eden: 82944K(82944K)->0K(82944K) From: 832K(2048K)->1504K(2048K)
[15508.918s][info][gc,heap        ] GC(33940) ParOldGen: 166424K(175104K)->166528K(175104K)
[15508.918s][info][gc,metaspace   ] GC(33940) Metaspace: 62363K(62592K)->62363K(62592K) NonClass: 53317K(53504K)->53317K(53504K) Class: 9046K(9088K)->9046K(9088K)
[15508.918s][info][gc             ] GC(33940) Pause Young (Allocation Failure) 244M->164M(254M) 3.694ms
[15508.918s][info][gc,cpu         ] GC(33940) User=0.01s Sys=0.00s Real=0.01s
[15509.351s][info][gc,start       ] GC(33941) Pause Young (Allocation Failure)
[15509.352s][info][gc,heap        ] GC(33941) PSYoungGen: 84448K(84992K)->640K(84992K) Eden: 82944K(82944K)->0K(82944K) From: 1504K(2048K)->640K(2048K)
[15509.352s][info][gc,heap        ] GC(33941) ParOldGen: 166528K(175104K)->166584K(175104K)
[15509.352s][info][gc,metaspace   ] GC(33941) Metaspace: 62363K(62592K)->62363K(62592K) NonClass: 53317K(53504K)->53317K(53504K) Class: 9046K(9088K)->9046K(9088K)
[15509.353s][info][gc             ] GC(33941) Pause Young (Allocation Failure) 245M->163M(254M) 1.893ms
[15509.353s][info][gc,cpu         ] GC(33941) User=0.01s Sys=0.00s Real=0.00s
[15509.716s][info][gc,start       ] GC(33942) Pause Young (Allocation Failure)
[15509.719s][info][gc,heap        ] GC(33942) PSYoungGen: 83584K(84992K)->1856K(83968K) Eden: 82944K(82944K)->0K(81920K) From: 640K(2048K)->1856K(2048K)
[15509.719s][info][gc,heap        ] GC(33942) ParOldGen: 166584K(175104K)->166640K(175104K)
[15509.719s][info][gc,metaspace   ] GC(33942) Metaspace: 62363K(62592K)->62363K(62592K) NonClass: 53317K(53504K)->53317K(53504K) Class: 9046K(9088K)->9046K(9088K)
[15509.719s][info][gc             ] GC(33942) Pause Young (Allocation Failure) 244M->164M(253M) 2.998ms
[15509.719s][info][gc,cpu         ] GC(33942) User=0.01s Sys=0.00s Real=0.00s
[15510.123s][info][gc,start       ] GC(33943) Pause Young (Allocation Failure)
[15510.125s][info][gc,heap        ] GC(33943) PSYoungGen: 83776K(83968K)->224K(84480K) Eden: 81920K(81920K)->0K(81920K) From: 1856K(2048K)->224K(2560K)
[15510.125s][info][gc,heap        ] GC(33943) ParOldGen: 166640K(175104K)->166696K(175104K)
[15510.125s][info][gc,metaspace   ] GC(33943) Metaspace: 62363K(62592K)->62363K(62592K) NonClass: 53317K(53504K)->53317K(53504K) Class: 9046K(9088K)->9046K(9088K)
[15510.125s][info][gc             ] GC(33943) Pause Young (Allocation Failure) 244M->163M(253M) 1.538ms
[15510.125s][info][gc,cpu         ] GC(33943) User=0.00s Sys=0.00s Real=0.00s
[15510.519s][info][gc,start       ] GC(33944) Pause Young (Allocation Failure)
[15510.522s][info][gc,heap        ] GC(33944) PSYoungGen: 82144K(84480K)->1792K(84480K) Eden: 81920K(81920K)->0K(81920K) From: 224K(2560K)->1792K(2560K)
[15510.522s][info][gc,heap        ] GC(33944) ParOldGen: 166696K(175104K)->166752K(175104K)
[15510.522s][info][gc,metaspace   ] GC(33944) Metaspace: 62363K(62592K)->62363K(62592K) NonClass: 53317K(53504K)->53317K(53504K) Class: 9046K(9088K)->9046K(9088K)
[15510.522s][info][gc             ] GC(33944) Pause Young (Allocation Failure) 243M->164M(253M) 2.951ms
[15510.522s][info][gc,cpu         ] GC(33944) User=0.01s Sys=0.00s Real=0.00s
[15510.918s][info][gc,start       ] GC(33945) Pause Young (Allocation Failure)
[15510.921s][info][gc,heap        ] GC(33945) PSYoungGen: 83712K(84480K)->1760K(84480K) Eden: 81920K(81920K)->0K(81920K) From: 1792K(2560K)->1760K(2560K)
[15510.921s][info][gc,heap        ] GC(33945) ParOldGen: 166752K(175104K)->166808K(175104K)
[15510.921s][info][gc,metaspace   ] GC(33945) Metaspace: 62363K(62592K)->62363K(62592K) NonClass: 53317K(53504K)->53317K(53504K) Class: 9046K(9088K)->9046K(9088K)
[15510.921s][info][gc             ] GC(33945) Pause Young (Allocation Failure) 244M->164M(253M) 2.951ms
[15510.921s][info][gc,cpu         ] GC(33945) User=0.01s Sys=0.00s Real=0.00s
[15511.313s][info][gc,start       ] GC(33946) Pause Young (Allocation Failure)
[15511.316s][info][gc,heap        ] GC(33946) PSYoungGen: 83680K(84480K)->2528K(83456K) Eden: 81920K(81920K)->0K(80896K) From: 1760K(2560K)->2528K(2560K)
[15511.316s][info][gc,heap        ] GC(33946) ParOldGen: 166808K(175104K)->167000K(175104K)
[15511.316s][info][gc,metaspace   ] GC(33946) Metaspace: 62363K(62592K)->62363K(62592K) NonClass: 53317K(53504K)->53317K(53504K) Class: 9046K(9088K)->9046K(9088K)
[15511.316s][info][gc             ] GC(33946) Pause Young (Allocation Failure) 244M->165M(252M) 3.001ms
[15511.316s][info][gc,cpu         ] GC(33946) User=0.00s Sys=0.00s Real=0.01s
[15511.724s][info][gc,start       ] GC(33947) Pause Young (Allocation Failure)
[15511.726s][info][gc,heap        ] GC(33947) PSYoungGen: 83424K(83456K)->224K(83968K) Eden: 80896K(80896K)->0K(80896K) From: 2528K(2560K)->224K(3072K)
[15511.726s][info][gc,heap        ] GC(33947) ParOldGen: 167000K(175104K)->169081K(175104K)
[15511.726s][info][gc,metaspace   ] GC(33947) Metaspace: 62363K(62592K)->62363K(62592K) NonClass: 53317K(53504K)->53317K(53504K) Class: 9046K(9088K)->9046K(9088K)
[15511.726s][info][gc             ] GC(33947) Pause Young (Allocation Failure) 244M->165M(253M) 1.859ms
[15511.726s][info][gc,cpu         ] GC(33947) User=0.01s Sys=0.00s Real=0.01s
[15512.114s][info][gc,start       ] GC(33948) Pause Young (Allocation Failure)
[15512.117s][info][gc,heap        ] GC(33948) PSYoungGen: 81120K(83968K)->1632K(83968K) Eden: 80896K(80896K)->0K(80896K) From: 224K(3072K)->1632K(3072K)
[15512.117s][info][gc,heap        ] GC(33948) ParOldGen: 169081K(175104K)->169137K(175104K)
[15512.117s][info][gc,metaspace   ] GC(33948) Metaspace: 62363K(62592K)->62363K(62592K) NonClass: 53317K(53504K)->53317K(53504K) Class: 9046K(9088K)->9046K(9088K)
[15512.117s][info][gc             ] GC(33948) Pause Young (Allocation Failure) 244M->166M(253M) 2.782ms
[15512.117s][info][gc,cpu         ] GC(33948) User=0.00s Sys=0.00s Real=0.01s
[15512.496s][info][gc,start       ] GC(33949) Pause Young (Allocation Failure)
[15512.498s][info][gc,heap        ] GC(33949) PSYoungGen: 82528K(83968K)->1376K(83968K) Eden: 80896K(80896K)->0K(80896K) From: 1632K(3072K)->1376K(3072K)
[15512.498s][info][gc,heap        ] GC(33949) ParOldGen: 169137K(175104K)->169185K(175104K)
[15512.498s][info][gc,metaspace   ] GC(33949) Metaspace: 62363K(62592K)->62363K(62592K) NonClass: 53317K(53504K)->53317K(53504K) Class: 9046K(9088K)->9046K(9088K)
[15512.498s][info][gc             ] GC(33949) Pause Young (Allocation Failure) 245M->166M(253M) 2.702ms
[15512.498s][info][gc,cpu         ] GC(33949) User=0.01s Sys=0.00s Real=0.01s
[15512.883s][info][gc,start       ] GC(33950) Pause Young (Allocation Failure)
[15512.886s][info][gc,heap        ] GC(33950) PSYoungGen: 82272K(83968K)->1280K(83968K) Eden: 80896K(80896K)->0K(80896K) From: 1376K(3072K)->1280K(3072K)
[15512.886s][info][gc,heap        ] GC(33950) ParOldGen: 169185K(175104K)->169241K(175104K)
[15512.886s][info][gc,metaspace   ] GC(33950) Metaspace: 62363K(62592K)->62363K(62592K) NonClass: 53317K(53504K)->53317K(53504K) Class: 9046K(9088K)->9046K(9088K)
[15512.886s][info][gc             ] GC(33950) Pause Young (Allocation Failure) 245M->166M(253M) 2.516ms
[15512.886s][info][gc,cpu         ] GC(33950) User=0.01s Sys=0.00s Real=0.00s
[15513.291s][info][gc,start       ] GC(33951) Pause Young (Allocation Failure)
[15513.293s][info][gc,heap        ] GC(33951) PSYoungGen: 82176K(83968K)->1120K(83968K) Eden: 80896K(80896K)->0K(80896K) From: 1280K(3072K)->1120K(3072K)
[15513.293s][info][gc,heap        ] GC(33951) ParOldGen: 169241K(175104K)->169297K(175104K)
[15513.293s][info][gc,metaspace   ] GC(33951) Metaspace: 62363K(62592K)->62363K(62592K) NonClass: 53317K(53504K)->53317K(53504K) Class: 9046K(9088K)->9046K(9088K)
[15513.293s][info][gc             ] GC(33951) Pause Young (Allocation Failure) 245M->166M(253M) 2.621ms
[15513.293s][info][gc,cpu         ] GC(33951) User=0.00s Sys=0.00s Real=0.00s
[15513.664s][info][gc,start       ] GC(33952) Pause Young (Allocation Failure)
[15513.666s][info][gc,heap        ] GC(33952) PSYoungGen: 82016K(83968K)->960K(84480K) Eden: 80896K(80896K)->0K(81408K) From: 1120K(3072K)->960K(3072K)
[15513.666s][info][gc,heap        ] GC(33952) ParOldGen: 169297K(175104K)->169353K(175104K)
[15513.666s][info][gc,metaspace   ] GC(33952) Metaspace: 62363K(62592K)->62363K(62592K) NonClass: 53317K(53504K)->53317K(53504K) Class: 9046K(9088K)->9046K(9088K)
[15513.666s][info][gc             ] GC(33952) Pause Young (Allocation Failure) 245M->166M(253M) 2.121ms
[15513.666s][info][gc,cpu         ] GC(33952) User=0.01s Sys=0.00s Real=0.01s
[15514.086s][info][gc,start       ] GC(33953) Pause Young (Allocation Failure)
[15514.088s][info][gc,heap        ] GC(33953) PSYoungGen: 82368K(84480K)->1120K(83968K) Eden: 81408K(81408K)->0K(81408K) From: 960K(3072K)->1120K(2560K)
[15514.088s][info][gc,heap        ] GC(33953) ParOldGen: 169353K(175104K)->169401K(175104K)
[15514.088s][info][gc,metaspace   ] GC(33953) Metaspace: 62363K(62592K)->62363K(62592K) NonClass: 53317K(53504K)->53317K(53504K) Class: 9046K(9088K)->9046K(9088K)
[15514.088s][info][gc             ] GC(33953) Pause Young (Allocation Failure) 245M->166M(253M) 2.392ms
[15514.088s][info][gc,cpu         ] GC(33953) User=0.01s Sys=0.00s Real=0.00s
[15514.501s][info][gc,start       ] GC(33954) Pause Young (Allocation Failure)
[15514.503s][info][gc,heap        ] GC(33954) PSYoungGen: 82528K(83968K)->1504K(84480K) Eden: 81408K(81408K)->0K(81920K) From: 1120K(2560K)->1504K(2560K)
[15514.504s][info][gc,heap        ] GC(33954) ParOldGen: 169401K(175104K)->169457K(175104K)
[15514.504s][info][gc,metaspace   ] GC(33954) Metaspace: 62363K(62592K)->62363K(62592K) NonClass: 53317K(53504K)->53317K(53504K) Class: 9046K(9088K)->9046K(9088K)
[15514.504s][info][gc             ] GC(33954) Pause Young (Allocation Failure) 246M->166M(253M) 2.661ms
[15514.504s][info][gc,cpu         ] GC(33954) User=0.00s Sys=0.00s Real=0.00s
[15514.892s][info][gc,start       ] GC(33955) Pause Young (Allocation Failure)
[15514.894s][info][gc,heap        ] GC(33955) PSYoungGen: 83424K(84480K)->1248K(84480K) Eden: 81920K(81920K)->0K(81920K) From: 1504K(2560K)->1248K(2560K)
[15514.894s][info][gc,heap        ] GC(33955) ParOldGen: 169457K(175104K)->169505K(175104K)
[15514.894s][info][gc,metaspace   ] GC(33955) Metaspace: 62363K(62592K)->62363K(62592K) NonClass: 53317K(53504K)->53317K(53504K) Class: 9046K(9088K)->9046K(9088K)
[15514.894s][info][gc             ] GC(33955) Pause Young (Allocation Failure) 246M->166M(253M) 2.414ms
[15514.894s][info][gc,cpu         ] GC(33955) User=0.01s Sys=0.00s Real=0.00s
[15515.290s][info][gc,start       ] GC(33956) Pause Young (Allocation Failure)
[15515.292s][info][gc,heap        ] GC(33956) PSYoungGen: 83168K(84480K)->2368K(83456K) Eden: 81920K(81920K)->0K(80896K) From: 1248K(2560K)->2368K(2560K)
[15515.292s][info][gc,heap        ] GC(33956) ParOldGen: 169505K(175104K)->169561K(175104K)
[15515.292s][info][gc,metaspace   ] GC(33956) Metaspace: 62363K(62592K)->62363K(62592K) NonClass: 53317K(53504K)->53317K(53504K) Class: 9046K(9088K)->9046K(9088K)
[15515.292s][info][gc             ] GC(33956) Pause Young (Allocation Failure) 246M->167M(252M) 2.636ms
[15515.292s][info][gc,cpu         ] GC(33956) User=0.01s Sys=0.00s Real=0.00s
[15515.746s][info][gc,start       ] GC(33957) Pause Young (Allocation Failure)
[15515.748s][info][gc,heap        ] GC(33957) PSYoungGen: 83264K(83456K)->640K(83968K) Eden: 80896K(80896K)->0K(80896K) From: 2368K(2560K)->640K(3072K)
[15515.748s][info][gc,heap        ] GC(33957) ParOldGen: 169561K(175104K)->170641K(175104K)
[15515.748s][info][gc,metaspace   ] GC(33957) Metaspace: 62363K(62592K)->62363K(62592K) NonClass: 53317K(53504K)->53317K(53504K) Class: 9046K(9088K)->9046K(9088K)
[15515.748s][info][gc             ] GC(33957) Pause Young (Allocation Failure) 246M->167M(253M) 2.048ms
[15515.748s][info][gc,cpu         ] GC(33957) User=0.00s Sys=0.00s Real=0.01s
[15516.161s][info][gc,start       ] GC(33958) Pause Young (Allocation Failure)
[15516.163s][info][gc,heap        ] GC(33958) PSYoungGen: 81536K(83968K)->800K(84480K) Eden: 80896K(80896K)->0K(81408K) From: 640K(3072K)->800K(3072K)
[15516.163s][info][gc,heap        ] GC(33958) ParOldGen: 170641K(175104K)->170745K(175104K)
[15516.163s][info][gc,metaspace   ] GC(33958) Metaspace: 62363K(62592K)->62363K(62592K) NonClass: 53317K(53504K)->53317K(53504K) Class: 9046K(9088K)->9046K(9088K)
[15516.163s][info][gc             ] GC(33958) Pause Young (Allocation Failure) 246M->167M(253M) 2.046ms
[15516.163s][info][gc,cpu         ] GC(33958) User=0.00s Sys=0.00s Real=0.00s
[15516.585s][info][gc,start       ] GC(33959) Pause Young (Allocation Failure)
[15516.588s][info][gc,heap        ] GC(33959) PSYoungGen: 82208K(84480K)->1152K(83968K) Eden: 81408K(81408K)->0K(81408K) From: 800K(3072K)->1152K(2560K)
[15516.588s][info][gc,heap        ] GC(33959) ParOldGen: 170745K(175104K)->170793K(175104K)
[15516.588s][info][gc,metaspace   ] GC(33959) Metaspace: 62363K(62592K)->62363K(62592K) NonClass: 53317K(53504K)->53317K(53504K) Class: 9046K(9088K)->9046K(9088K)
[15516.588s][info][gc             ] GC(33959) Pause Young (Allocation Failure) 247M->167M(253M) 2.403ms
[15516.588s][info][gc,cpu         ] GC(33959) User=0.00s Sys=0.00s Real=0.01s
[15517.012s][info][gc,start       ] GC(33960) Pause Young (Allocation Failure)
[15517.014s][info][gc,heap        ] GC(33960) PSYoungGen: 82560K(83968K)->1504K(84480K) Eden: 81408K(81408K)->0K(81920K) From: 1152K(2560K)->1504K(2560K)
[15517.014s][info][gc,heap        ] GC(33960) ParOldGen: 170793K(175104K)->170841K(175104K)
[15517.014s][info][gc,metaspace   ] GC(33960) Metaspace: 62363K(62592K)->62363K(62592K) NonClass: 53317K(53504K)->53317K(53504K) Class: 9046K(9088K)->9046K(9088K)
[15517.014s][info][gc             ] GC(33960) Pause Young (Allocation Failure) 247M->168M(253M) 2.670ms
[15517.014s][info][gc,cpu         ] GC(33960) User=0.00s Sys=0.00s Real=0.00s
[15517.418s][info][gc,start       ] GC(33961) Pause Young (Allocation Failure)
[15517.420s][info][gc,heap        ] GC(33961) PSYoungGen: 83424K(84480K)->1728K(84480K) Eden: 81920K(81920K)->0K(81920K) From: 1504K(2560K)->1728K(2560K)
[15517.420s][info][gc,heap        ] GC(33961) ParOldGen: 170841K(175104K)->170897K(175104K)
[15517.420s][info][gc,metaspace   ] GC(33961) Metaspace: 62363K(62592K)->62363K(62592K) NonClass: 53317K(53504K)->53317K(53504K) Class: 9046K(9088K)->9046K(9088K)
[15517.421s][info][gc             ] GC(33961) Pause Young (Allocation Failure) 248M->168M(253M) 2.894ms
[15517.421s][info][gc,cpu         ] GC(33961) User=0.00s Sys=0.00s Real=0.00s
[15517.805s][info][gc,start       ] GC(33962) Pause Young (Allocation Failure)
[15517.807s][info][gc,heap        ] GC(33962) PSYoungGen: 83648K(84480K)->1536K(84480K) Eden: 81920K(81920K)->0K(81920K) From: 1728K(2560K)->1536K(2560K)
[15517.807s][info][gc,heap        ] GC(33962) ParOldGen: 170897K(175104K)->170953K(175104K)
[15517.807s][info][gc,metaspace   ] GC(33962) Metaspace: 62363K(62592K)->62363K(62592K) NonClass: 53317K(53504K)->53317K(53504K) Class: 9046K(9088K)->9046K(9088K)
[15517.807s][info][gc             ] GC(33962) Pause Young (Allocation Failure) 248M->168M(253M) 2.734ms
[15517.808s][info][gc,cpu         ] GC(33962) User=0.00s Sys=0.00s Real=0.01s
[15518.191s][info][gc,start       ] GC(33963) Pause Young (Allocation Failure)
[15518.193s][info][gc,heap        ] GC(33963) PSYoungGen: 83456K(84480K)->1280K(84480K) Eden: 81920K(81920K)->0K(81920K) From: 1536K(2560K)->1280K(2560K)
[15518.193s][info][gc,heap        ] GC(33963) ParOldGen: 170953K(175104K)->171001K(175104K)
[15518.193s][info][gc,metaspace   ] GC(33963) Metaspace: 62363K(62592K)->62363K(62592K) NonClass: 53317K(53504K)->53317K(53504K) Class: 9046K(9088K)->9046K(9088K)
[15518.193s][info][gc             ] GC(33963) Pause Young (Allocation Failure) 248M->168M(253M) 2.468ms
[15518.193s][info][gc,cpu         ] GC(33963) User=0.00s Sys=0.00s Real=0.00s
[15518.595s][info][gc,start       ] GC(33964) Pause Young (Allocation Failure)
[15518.597s][info][gc,heap        ] GC(33964) PSYoungGen: 83200K(84480K)->1280K(84480K) Eden: 81920K(81920K)->0K(81920K) From: 1280K(2560K)->1280K(2560K)
[15518.598s][info][gc,heap        ] GC(33964) ParOldGen: 171001K(175104K)->171057K(175104K)
[15518.598s][info][gc,metaspace   ] GC(33964) Metaspace: 62363K(62592K)->62363K(62592K) NonClass: 53317K(53504K)->53317K(53504K) Class: 9046K(9088K)->9046K(9088K)
[15518.598s][info][gc             ] GC(33964) Pause Young (Allocation Failure) 248M->168M(253M) 2.489ms
[15518.598s][info][gc,cpu         ] GC(33964) User=0.00s Sys=0.00s Real=0.01s
[15518.982s][info][gc,start       ] GC(33965) Pause Young (Allocation Failure)
[15518.984s][info][gc,heap        ] GC(33965) PSYoungGen: 83200K(84480K)->1120K(84480K) Eden: 81920K(81920K)->0K(81920K) From: 1280K(2560K)->1120K(2560K)
[15518.984s][info][gc,heap        ] GC(33965) ParOldGen: 171057K(175104K)->171113K(175104K)
[15518.984s][info][gc,metaspace   ] GC(33965) Metaspace: 62363K(62592K)->62363K(62592K) NonClass: 53317K(53504K)->53317K(53504K) Class: 9046K(9088K)->9046K(9088K)
[15518.984s][info][gc             ] GC(33965) Pause Young (Allocation Failure) 248M->168M(253M) 2.347ms
[15518.984s][info][gc,cpu         ] GC(33965) User=0.00s Sys=0.00s Real=0.00s
[15519.565s][info][gc,start       ] GC(33966) Pause Young (Allocation Failure)
[15519.567s][info][gc,heap        ] GC(33966) PSYoungGen: 83040K(84480K)->576K(84480K) Eden: 81920K(81920K)->0K(81920K) From: 1120K(2560K)->576K(2560K)
[15519.567s][info][gc,heap        ] GC(33966) ParOldGen: 171113K(175104K)->171193K(175104K)
[15519.567s][info][gc,metaspace   ] GC(33966) Metaspace: 62363K(62592K)->62363K(62592K) NonClass: 53317K(53504K)->53317K(53504K) Class: 9046K(9088K)->9046K(9088K)
[15519.567s][info][gc             ] GC(33966) Pause Young (Allocation Failure) 248M->167M(253M) 1.850ms
[15519.567s][info][gc,cpu         ] GC(33966) User=0.00s Sys=0.00s Real=0.01s
[15520.266s][info][gc,start       ] GC(33967) Pause Young (Allocation Failure)
[15520.268s][info][gc,heap        ] GC(33967) PSYoungGen: 82496K(84480K)->1568K(84480K) Eden: 81920K(81920K)->0K(81920K) From: 576K(2560K)->1568K(2560K)
[15520.268s][info][gc,heap        ] GC(33967) ParOldGen: 171193K(175104K)->171233K(175104K)
[15520.268s][info][gc,metaspace   ] GC(33967) Metaspace: 62363K(62592K)->62363K(62592K) NonClass: 53317K(53504K)->53317K(53504K) Class: 9046K(9088K)->9046K(9088K)
[15520.268s][info][gc             ] GC(33967) Pause Young (Allocation Failure) 247M->168M(253M) 1.993ms
[15520.268s][info][gc,cpu         ] GC(33967) User=0.00s Sys=0.00s Real=0.00s
[15523.181s][info][gc,start       ] GC(33968) Pause Young (Allocation Failure)
[15523.183s][info][gc,heap        ] GC(33968) PSYoungGen: 83488K(84480K)->128K(84480K) Eden: 81920K(81920K)->0K(81920K) From: 1568K(2560K)->128K(2560K)
[15523.183s][info][gc,heap        ] GC(33968) ParOldGen: 171233K(175104K)->173297K(175104K)
[15523.183s][info][gc,metaspace   ] GC(33968) Metaspace: 62363K(62592K)->62363K(62592K) NonClass: 53317K(53504K)->53317K(53504K) Class: 9046K(9088K)->9046K(9088K)
[15523.183s][info][gc             ] GC(33968) Pause Young (Allocation Failure) 248M->169M(253M) 1.796ms
[15523.183s][info][gc,cpu         ] GC(33968) User=0.00s Sys=0.00s Real=0.00s
[15523.685s][info][gc,start       ] GC(33969) Pause Young (Allocation Failure)
[15523.695s][info][gc,heap        ] GC(33969) PSYoungGen: 82048K(84480K)->2544K(84480K) Eden: 81920K(81920K)->0K(81920K) From: 128K(2560K)->2544K(2560K)
[15523.695s][info][gc,heap        ] GC(33969) ParOldGen: 173297K(175104K)->182569K(185344K)
[15523.695s][info][gc,metaspace   ] GC(33969) Metaspace: 62414K(62656K)->62414K(62656K) NonClass: 53368K(53568K)->53368K(53568K) Class: 9046K(9088K)->9046K(9088K)
[15523.695s][info][gc             ] GC(33969) Pause Young (Allocation Failure) 249M->180M(263M) 10.199ms
[15523.695s][info][gc,cpu         ] GC(33969) User=0.02s Sys=0.01s Real=0.01s
[15524.145s][info][gc,start       ] GC(33970) Pause Young (Allocation Failure)
[15524.149s][info][gc,heap        ] GC(33970) PSYoungGen: 84464K(84480K)->1024K(83456K) Eden: 81920K(81920K)->0K(80896K) From: 2544K(2560K)->1024K(2560K)
[15524.150s][info][gc,heap        ] GC(33970) ParOldGen: 182569K(185344K)->184037K(185344K)
[15524.150s][info][gc,metaspace   ] GC(33970) Metaspace: 62415K(62656K)->62415K(62656K) NonClass: 53368K(53568K)->53368K(53568K) Class: 9046K(9088K)->9046K(9088K)
[15524.150s][info][gc             ] GC(33970) Pause Young (Allocation Failure) 260M->180M(262M) 4.327ms
[15524.150s][info][gc,cpu         ] GC(33970) User=0.00s Sys=0.00s Real=0.01s
[15524.586s][info][gc,start       ] GC(33971) Pause Young (Allocation Failure)
[15524.589s][info][gc,heap        ] GC(33971) PSYoungGen: 81920K(83456K)->1280K(83968K) Eden: 80896K(80896K)->0K(80896K) From: 1024K(2560K)->1280K(3072K)
[15524.590s][info][gc,heap        ] GC(33971) ParOldGen: 184037K(185344K)->184413K(185344K)
[15524.590s][info][gc,metaspace   ] GC(33971) Metaspace: 62415K(62656K)->62415K(62656K) NonClass: 53368K(53568K)->53368K(53568K) Class: 9046K(9088K)->9046K(9088K)
[15524.590s][info][gc             ] GC(33971) Pause Young (Allocation Failure) 259M->181M(263M) 3.671ms
[15524.590s][info][gc,cpu         ] GC(33971) User=0.01s Sys=0.00s Real=0.00s
[15525.013s][info][gc,start       ] GC(33972) Pause Young (Allocation Failure)
[15525.016s][info][gc,heap        ] GC(33972) PSYoungGen: 82176K(83968K)->480K(84480K) Eden: 80896K(80896K)->0K(81920K) From: 1280K(3072K)->480K(2560K)
[15525.016s][info][gc,heap        ] GC(33972) ParOldGen: 184413K(185344K)->184669K(185344K)
[15525.016s][info][gc,metaspace   ] GC(33972) Metaspace: 62415K(62656K)->62415K(62656K) NonClass: 53368K(53568K)->53368K(53568K) Class: 9046K(9088K)->9046K(9088K)
[15525.016s][info][gc             ] GC(33972) Pause Young (Allocation Failure) 260M->180M(263M) 2.864ms
[15525.016s][info][gc,cpu         ] GC(33972) User=0.01s Sys=0.00s Real=0.01s
[15525.485s][info][gc,start       ] GC(33973) Pause Young (Allocation Failure)
[15525.489s][info][gc,heap        ] GC(33973) PSYoungGen: 82400K(84480K)->1408K(84480K) Eden: 81920K(81920K)->0K(81920K) From: 480K(2560K)->1408K(2560K)
[15525.489s][info][gc,heap        ] GC(33973) ParOldGen: 184669K(185344K)->184909K(185344K)
[15525.489s][info][gc,metaspace   ] GC(33973) Metaspace: 62415K(62656K)->62415K(62656K) NonClass: 53368K(53568K)->53368K(53568K) Class: 9046K(9088K)->9046K(9088K)
[15525.489s][info][gc             ] GC(33973) Pause Young (Allocation Failure) 260M->181M(263M) 3.686ms
[15525.489s][info][gc,cpu         ] GC(33973) User=0.01s Sys=0.00s Real=0.01s
[15525.924s][info][gc,start       ] GC(33974) Pause Young (Allocation Failure)
[15525.926s][info][gc,heap        ] GC(33974) PSYoungGen: 83328K(84480K)->576K(84480K) Eden: 81920K(81920K)->0K(81920K) From: 1408K(2560K)->576K(2560K)
[15525.926s][info][gc,heap        ] GC(33974) ParOldGen: 184909K(185344K)->185213K(185344K)
[15525.927s][info][gc,metaspace   ] GC(33974) Metaspace: 62415K(62656K)->62415K(62656K) NonClass: 53368K(53568K)->53368K(53568K) Class: 9046K(9088K)->9046K(9088K)
[15525.927s][info][gc             ] GC(33974) Pause Young (Allocation Failure) 261M->181M(263M) 3.003ms
[15525.927s][info][gc,cpu         ] GC(33974) User=0.01s Sys=0.00s Real=0.01s
[15526.360s][info][gc,start       ] GC(33975) Pause Young (Allocation Failure)
[15526.363s][info][gc,heap        ] GC(33975) PSYoungGen: 82496K(84480K)->1104K(84480K) Eden: 81920K(81920K)->0K(81920K) From: 576K(2560K)->1104K(2560K)
[15526.363s][info][gc,heap        ] GC(33975) ParOldGen: 185213K(185344K)->185445K(185856K)
[15526.363s][info][gc,metaspace   ] GC(33975) Metaspace: 62415K(62656K)->62415K(62656K) NonClass: 53368K(53568K)->53368K(53568K) Class: 9046K(9088K)->9046K(9088K)
[15526.364s][info][gc             ] GC(33975) Pause Young (Allocation Failure) 261M->182M(264M) 3.452ms
[15526.364s][info][gc,cpu         ] GC(33975) User=0.00s Sys=0.00s Real=0.00s
[15526.788s][info][gc,start       ] GC(33976) Pause Young (Allocation Failure)
[15526.792s][info][gc,heap        ] GC(33976) PSYoungGen: 83024K(84480K)->1568K(84480K) Eden: 81920K(81920K)->0K(81920K) From: 1104K(2560K)->1568K(2560K)
[15526.792s][info][gc,heap        ] GC(33976) ParOldGen: 185445K(185856K)->185733K(185856K)
[15526.792s][info][gc,metaspace   ] GC(33976) Metaspace: 62415K(62656K)->62415K(62656K) NonClass: 53368K(53568K)->53368K(53568K) Class: 9046K(9088K)->9046K(9088K)
[15526.792s][info][gc             ] GC(33976) Pause Young (Allocation Failure) 262M->182M(264M) 4.025ms
[15526.792s][info][gc,cpu         ] GC(33976) User=0.01s Sys=0.01s Real=0.00s
[15527.209s][info][gc,start       ] GC(33977) Pause Young (Allocation Failure)
[15527.211s][info][gc,heap        ] GC(33977) PSYoungGen: 83488K(84480K)->384K(84480K) Eden: 81920K(81920K)->0K(81920K) From: 1568K(2560K)->384K(2560K)
[15527.211s][info][gc,heap        ] GC(33977) ParOldGen: 185733K(185856K)->185949K(186368K)
[15527.211s][info][gc,metaspace   ] GC(33977) Metaspace: 62415K(62656K)->62415K(62656K) NonClass: 53368K(53568K)->53368K(53568K) Class: 9046K(9088K)->9046K(9088K)
[15527.211s][info][gc             ] GC(33977) Pause Young (Allocation Failure) 262M->181M(264M) 2.795ms
[15527.211s][info][gc,cpu         ] GC(33977) User=0.01s Sys=0.00s Real=0.00s
[15527.650s][info][gc,start       ] GC(33978) Pause Young (Allocation Failure)
[15527.653s][info][gc,heap        ] GC(33978) PSYoungGen: 82304K(84480K)->832K(84480K) Eden: 81920K(81920K)->0K(81920K) From: 384K(2560K)->832K(2560K)
[15527.654s][info][gc,heap        ] GC(33978) ParOldGen: 185949K(186368K)->186165K(186368K)
[15527.654s][info][gc,metaspace   ] GC(33978) Metaspace: 62415K(62656K)->62415K(62656K) NonClass: 53368K(53568K)->53368K(53568K) Class: 9046K(9088K)->9046K(9088K)
[15527.654s][info][gc             ] GC(33978) Pause Young (Allocation Failure) 261M->182M(264M) 3.100ms
[15527.654s][info][gc,cpu         ] GC(33978) User=0.01s Sys=0.00s Real=0.00s
[15528.098s][info][gc,start       ] GC(33979) Pause Young (Allocation Failure)
[15528.102s][info][gc,heap        ] GC(33979) PSYoungGen: 82752K(84480K)->1600K(84480K) Eden: 81920K(81920K)->0K(81920K) From: 832K(2560K)->1600K(2560K)
[15528.102s][info][gc,heap        ] GC(33979) ParOldGen: 186165K(186368K)->186381K(186880K)
[15528.102s][info][gc,metaspace   ] GC(33979) Metaspace: 62415K(62656K)->62415K(62656K) NonClass: 53368K(53568K)->53368K(53568K) Class: 9046K(9088K)->9046K(9088K)
[15528.102s][info][gc             ] GC(33979) Pause Young (Allocation Failure) 262M->183M(265M) 3.941ms
[15528.102s][info][gc,cpu         ] GC(33979) User=0.01s Sys=0.00s Real=0.00s
[15528.556s][info][gc,start       ] GC(33980) Pause Young (Allocation Failure)
[15528.560s][info][gc,heap        ] GC(33980) PSYoungGen: 83520K(84480K)->2528K(82432K) Eden: 81920K(81920K)->0K(79872K) From: 1600K(2560K)->2528K(2560K)
[15528.560s][info][gc,heap        ] GC(33980) ParOldGen: 186381K(186880K)->188173K(188416K)
[15528.560s][info][gc,metaspace   ] GC(33980) Metaspace: 62415K(62656K)->62415K(62656K) NonClass: 53368K(53568K)->53368K(53568K) Class: 9046K(9088K)->9046K(9088K)
[15528.560s][info][gc             ] GC(33980) Pause Young (Allocation Failure) 263M->186M(264M) 4.431ms
[15528.560s][info][gc,cpu         ] GC(33980) User=0.01s Sys=0.00s Real=0.00s
[15528.994s][info][gc,start       ] GC(33981) Pause Young (Allocation Failure)
[15528.998s][info][gc,heap        ] GC(33981) PSYoungGen: 82400K(82432K)->1472K(83456K) Eden: 79872K(79872K)->0K(79872K) From: 2528K(2560K)->1472K(3584K)
[15528.998s][info][gc,heap        ] GC(33981) ParOldGen: 188173K(188416K)->190429K(191488K)
[15528.998s][info][gc,metaspace   ] GC(33981) Metaspace: 62415K(62656K)->62415K(62656K) NonClass: 53368K(53568K)->53368K(53568K) Class: 9046K(9088K)->9046K(9088K)
[15528.998s][info][gc             ] GC(33981) Pause Young (Allocation Failure) 264M->187M(268M) 4.858ms
[15528.998s][info][gc,cpu         ] GC(33981) User=0.01s Sys=0.00s Real=0.01s
[15529.418s][info][gc,start       ] GC(33982) Pause Young (Allocation Failure)
[15529.420s][info][gc,heap        ] GC(33982) PSYoungGen: 81344K(83456K)->480K(83456K) Eden: 79872K(79872K)->0K(79872K) From: 1472K(3584K)->480K(3584K)
[15529.420s][info][gc,heap        ] GC(33982) ParOldGen: 190429K(191488K)->190645K(191488K)
[15529.420s][info][gc,metaspace   ] GC(33982) Metaspace: 62415K(62656K)->62415K(62656K) NonClass: 53368K(53568K)->53368K(53568K) Class: 9046K(9088K)->9046K(9088K)
[15529.421s][info][gc             ] GC(33982) Pause Young (Allocation Failure) 265M->186M(268M) 2.812ms
[15529.421s][info][gc,cpu         ] GC(33982) User=0.01s Sys=0.00s Real=0.00s
[15529.838s][info][gc,start       ] GC(33983) Pause Young (Allocation Failure)
[15529.841s][info][gc,heap        ] GC(33983) PSYoungGen: 80351K(83456K)->768K(83456K) Eden: 79871K(79872K)->0K(79872K) From: 480K(3584K)->768K(3584K)
[15529.841s][info][gc,heap        ] GC(33983) ParOldGen: 190645K(191488K)->190853K(191488K)
[15529.841s][info][gc,metaspace   ] GC(33983) Metaspace: 62415K(62656K)->62415K(62656K) NonClass: 53368K(53568K)->53368K(53568K) Class: 9046K(9088K)->9046K(9088K)
[15529.841s][info][gc             ] GC(33983) Pause Young (Allocation Failure) 264M->187M(268M) 3.097ms
[15529.841s][info][gc,cpu         ] GC(33983) User=0.01s Sys=0.00s Real=0.00s
[15530.240s][info][gc,start       ] GC(33984) Pause Young (Allocation Failure)
[15530.243s][info][gc,heap        ] GC(33984) PSYoungGen: 80640K(83456K)->736K(83968K) Eden: 79872K(79872K)->0K(80384K) From: 768K(3584K)->736K(3584K)
[15530.243s][info][gc,heap        ] GC(33984) ParOldGen: 190853K(191488K)->191069K(191488K)
[15530.243s][info][gc,metaspace   ] GC(33984) Metaspace: 62415K(62656K)->62415K(62656K) NonClass: 53368K(53568K)->53368K(53568K) Class: 9046K(9088K)->9046K(9088K)
[15530.243s][info][gc             ] GC(33984) Pause Young (Allocation Failure) 265M->187M(269M) 3.045ms
[15530.243s][info][gc,cpu         ] GC(33984) User=0.01s Sys=0.00s Real=0.00s
[15530.644s][info][gc,start       ] GC(33985) Pause Young (Allocation Failure)
[15530.647s][info][gc,heap        ] GC(33985) PSYoungGen: 81120K(83968K)->896K(83456K) Eden: 80384K(80384K)->0K(80384K) From: 736K(3584K)->896K(3072K)
[15530.647s][info][gc,heap        ] GC(33985) ParOldGen: 191069K(191488K)->191285K(191488K)
[15530.647s][info][gc,metaspace   ] GC(33985) Metaspace: 62415K(62656K)->62415K(62656K) NonClass: 53368K(53568K)->53368K(53568K) Class: 9046K(9088K)->9046K(9088K)
[15530.647s][info][gc             ] GC(33985) Pause Young (Allocation Failure) 265M->187M(268M) 3.274ms
[15530.647s][info][gc,cpu         ] GC(33985) User=0.00s Sys=0.00s Real=0.01s
[15531.049s][info][gc,start       ] GC(33986) Pause Young (Allocation Failure)
[15531.052s][info][gc,heap        ] GC(33986) PSYoungGen: 81280K(83456K)->928K(83968K) Eden: 80384K(80384K)->0K(80896K) From: 896K(3072K)->928K(3072K)
[15531.052s][info][gc,heap        ] GC(33986) ParOldGen: 191285K(191488K)->191501K(192000K)
[15531.052s][info][gc,metaspace   ] GC(33986) Metaspace: 62415K(62656K)->62415K(62656K) NonClass: 53368K(53568K)->53368K(53568K) Class: 9046K(9088K)->9046K(9088K)
[15531.052s][info][gc             ] GC(33986) Pause Young (Allocation Failure) 266M->187M(269M) 3.254ms
[15531.052s][info][gc,cpu         ] GC(33986) User=0.00s Sys=0.00s Real=0.00s
[15531.460s][info][gc,start       ] GC(33987) Pause Young (Allocation Failure)
[15531.464s][info][gc,heap        ] GC(33987) PSYoungGen: 81824K(83968K)->1056K(83968K) Eden: 80896K(80896K)->0K(80896K) From: 928K(3072K)->1056K(3072K)
[15531.464s][info][gc,heap        ] GC(33987) ParOldGen: 191501K(192000K)->191701K(192000K)
[15531.464s][info][gc,metaspace   ] GC(33987) Metaspace: 62415K(62656K)->62415K(62656K) NonClass: 53368K(53568K)->53368K(53568K) Class: 9046K(9088K)->9046K(9088K)
[15531.464s][info][gc             ] GC(33987) Pause Young (Allocation Failure) 266M->188M(269M) 3.338ms
[15531.464s][info][gc,cpu         ] GC(33987) User=0.00s Sys=0.01s Real=0.00s
[15531.905s][info][gc,start       ] GC(33988) Pause Young (Allocation Failure)
[15531.907s][info][gc,heap        ] GC(33988) PSYoungGen: 81952K(83968K)->320K(83968K) Eden: 80896K(80896K)->0K(80896K) From: 1056K(3072K)->320K(3072K)
[15531.907s][info][gc,heap        ] GC(33988) ParOldGen: 191701K(192000K)->191901K(192000K)
[15531.907s][info][gc,metaspace   ] GC(33988) Metaspace: 62415K(62656K)->62415K(62656K) NonClass: 53368K(53568K)->53368K(53568K) Class: 9046K(9088K)->9046K(9088K)
[15531.907s][info][gc             ] GC(33988) Pause Young (Allocation Failure) 267M->187M(269M) 2.682ms
[15531.907s][info][gc,cpu         ] GC(33988) User=0.00s Sys=0.00s Real=0.01s
[15532.330s][info][gc,start       ] GC(33989) Pause Young (Allocation Failure)
[15532.333s][info][gc,heap        ] GC(33989) PSYoungGen: 81216K(83968K)->704K(83968K) Eden: 80896K(80896K)->0K(80896K) From: 320K(3072K)->704K(3072K)
[15532.333s][info][gc,heap        ] GC(33989) ParOldGen: 191901K(192000K)->192101K(192512K)
[15532.333s][info][gc,metaspace   ] GC(33989) Metaspace: 62415K(62656K)->62415K(62656K) NonClass: 53368K(53568K)->53368K(53568K) Class: 9046K(9088K)->9046K(9088K)
[15532.333s][info][gc             ] GC(33989) Pause Young (Allocation Failure) 266M->188M(270M) 2.977ms
[15532.333s][info][gc,cpu         ] GC(33989) User=0.01s Sys=0.00s Real=0.00s
[15532.739s][info][gc,start       ] GC(33990) Pause Young (Allocation Failure)
[15532.742s][info][gc,heap        ] GC(33990) PSYoungGen: 81600K(83968K)->768K(84480K) Eden: 80896K(80896K)->0K(81920K) From: 704K(3072K)->768K(2560K)
[15532.742s][info][gc,heap        ] GC(33990) ParOldGen: 192101K(192512K)->192309K(192512K)
[15532.742s][info][gc,metaspace   ] GC(33990) Metaspace: 62415K(62656K)->62415K(62656K) NonClass: 53368K(53568K)->53368K(53568K) Class: 9046K(9088K)->9046K(9088K)
[15532.742s][info][gc             ] GC(33990) Pause Young (Allocation Failure) 267M->188M(270M) 3.098ms
[15532.742s][info][gc,cpu         ] GC(33990) User=0.00s Sys=0.00s Real=0.00s
[15533.177s][info][gc,start       ] GC(33991) Pause Young (Allocation Failure)
[15533.181s][info][gc,heap        ] GC(33991) PSYoungGen: 82688K(84480K)->1216K(84480K) Eden: 81920K(81920K)->0K(81920K) From: 768K(2560K)->1216K(2560K)
[15533.181s][info][gc,heap        ] GC(33991) ParOldGen: 192309K(192512K)->192517K(193024K)
[15533.181s][info][gc,metaspace   ] GC(33991) Metaspace: 62415K(62656K)->62415K(62656K) NonClass: 53368K(53568K)->53368K(53568K) Class: 9046K(9088K)->9046K(9088K)
[15533.181s][info][gc             ] GC(33991) Pause Young (Allocation Failure) 268M->189M(271M) 3.511ms
[15533.181s][info][gc,cpu         ] GC(33991) User=0.01s Sys=0.00s Real=0.00s
[15533.616s][info][gc,start       ] GC(33992) Pause Young (Allocation Failure)
[15533.619s][info][gc,heap        ] GC(33992) PSYoungGen: 83136K(84480K)->480K(84480K) Eden: 81920K(81920K)->0K(81920K) From: 1216K(2560K)->480K(2560K)
[15533.619s][info][gc,heap        ] GC(33992) ParOldGen: 192517K(193024K)->192709K(193024K)
[15533.619s][info][gc,metaspace   ] GC(33992) Metaspace: 62415K(62656K)->62415K(62656K) NonClass: 53368K(53568K)->53368K(53568K) Class: 9046K(9088K)->9046K(9088K)
[15533.619s][info][gc             ] GC(33992) Pause Young (Allocation Failure) 269M->188M(271M) 2.806ms
[15533.619s][info][gc,cpu         ] GC(33992) User=0.01s Sys=0.00s Real=0.00s
[15534.071s][info][gc,start       ] GC(33993) Pause Young (Allocation Failure)
[15534.074s][info][gc,heap        ] GC(33993) PSYoungGen: 82400K(84480K)->1152K(84480K) Eden: 81920K(81920K)->0K(81920K) From: 480K(2560K)->1152K(2560K)
[15534.074s][info][gc,heap        ] GC(33993) ParOldGen: 192709K(193024K)->192917K(193024K)
[15534.074s][info][gc,metaspace   ] GC(33993) Metaspace: 62415K(62656K)->62415K(62656K) NonClass: 53368K(53568K)->53368K(53568K) Class: 9046K(9088K)->9046K(9088K)
[15534.074s][info][gc             ] GC(33993) Pause Young (Allocation Failure) 268M->189M(271M) 3.420ms
[15534.075s][info][gc,cpu         ] GC(33993) User=0.01s Sys=0.00s Real=0.00s
[15534.521s][info][gc,start       ] GC(33994) Pause Young (Allocation Failure)
[15534.524s][info][gc,heap        ] GC(33994) PSYoungGen: 83072K(84480K)->576K(84480K) Eden: 81920K(81920K)->0K(81920K) From: 1152K(2560K)->576K(2560K)
[15534.524s][info][gc,heap        ] GC(33994) ParOldGen: 192917K(193024K)->193125K(193536K)
[15534.524s][info][gc,metaspace   ] GC(33994) Metaspace: 62415K(62656K)->62415K(62656K) NonClass: 53368K(53568K)->53368K(53568K) Class: 9046K(9088K)->9046K(9088K)
[15534.524s][info][gc             ] GC(33994) Pause Young (Allocation Failure) 269M->189M(271M) 2.914ms
[15534.524s][info][gc,cpu         ] GC(33994) User=0.00s Sys=0.00s Real=0.00s
[15535.010s][info][gc,start       ] GC(33995) Pause Young (Allocation Failure)
[15535.012s][info][gc,heap        ] GC(33995) PSYoungGen: 82496K(84480K)->416K(84480K) Eden: 81920K(81920K)->0K(81920K) From: 576K(2560K)->416K(2560K)
[15535.012s][info][gc,heap        ] GC(33995) ParOldGen: 193125K(193536K)->193341K(193536K)
[15535.012s][info][gc,metaspace   ] GC(33995) Metaspace: 62415K(62656K)->62415K(62656K) NonClass: 53368K(53568K)->53368K(53568K) Class: 9046K(9088K)->9046K(9088K)
[15535.012s][info][gc             ] GC(33995) Pause Young (Allocation Failure) 269M->189M(271M) 2.896ms
[15535.013s][info][gc,cpu         ] GC(33995) User=0.00s Sys=0.00s Real=0.00s
[15535.452s][info][gc,start       ] GC(33996) Pause Young (Allocation Failure)
[15535.455s][info][gc,heap        ] GC(33996) PSYoungGen: 82336K(84480K)->896K(84480K) Eden: 81920K(81920K)->0K(81920K) From: 416K(2560K)->896K(2560K)
[15535.455s][info][gc,heap        ] GC(33996) ParOldGen: 193341K(193536K)->193605K(194048K)
[15535.455s][info][gc,metaspace   ] GC(33996) Metaspace: 62415K(62656K)->62415K(62656K) NonClass: 53368K(53568K)->53368K(53568K) Class: 9046K(9088K)->9046K(9088K)
[15535.455s][info][gc             ] GC(33996) Pause Young (Allocation Failure) 269M->189M(272M) 3.251ms
[15535.455s][info][gc,cpu         ] GC(33996) User=0.00s Sys=0.00s Real=0.00s
[15535.889s][info][gc,start       ] GC(33997) Pause Young (Allocation Failure)
[15535.893s][info][gc,heap        ] GC(33997) PSYoungGen: 82816K(84480K)->1344K(84480K) Eden: 81920K(81920K)->0K(81920K) From: 896K(2560K)->1344K(2560K)
[15535.893s][info][gc,heap        ] GC(33997) ParOldGen: 193605K(194048K)->193821K(194048K)
[15535.893s][info][gc,metaspace   ] GC(33997) Metaspace: 62415K(62656K)->62415K(62656K) NonClass: 53368K(53568K)->53368K(53568K) Class: 9046K(9088K)->9046K(9088K)
[15535.893s][info][gc             ] GC(33997) Pause Young (Allocation Failure) 269M->190M(272M) 3.667ms
[15535.893s][info][gc,cpu         ] GC(33997) User=0.01s Sys=0.00s Real=0.00s
[15536.312s][info][gc,start       ] GC(33998) Pause Young (Allocation Failure)
[15536.315s][info][gc,heap        ] GC(33998) PSYoungGen: 83264K(84480K)->384K(84480K) Eden: 81920K(81920K)->0K(81920K) From: 1344K(2560K)->384K(2560K)
[15536.315s][info][gc,heap        ] GC(33998) ParOldGen: 193821K(194048K)->194021K(194048K)
[15536.315s][info][gc,metaspace   ] GC(33998) Metaspace: 62415K(62656K)->62415K(62656K) NonClass: 53368K(53568K)->53368K(53568K) Class: 9046K(9088K)->9046K(9088K)
[15536.315s][info][gc             ] GC(33998) Pause Young (Allocation Failure) 270M->189M(272M) 2.681ms
[15536.315s][info][gc,cpu         ] GC(33998) User=0.01s Sys=0.00s Real=0.00s
[15536.703s][info][gc,start       ] GC(33999) Pause Young (Allocation Failure)
[15536.705s][info][gc,heap        ] GC(33999) PSYoungGen: 82304K(84480K)->288K(84480K) Eden: 81920K(81920K)->0K(81920K) From: 384K(2560K)->288K(2560K)
[15536.706s][info][gc,heap        ] GC(33999) ParOldGen: 194021K(194048K)->194221K(194560K)
[15536.706s][info][gc,metaspace   ] GC(33999) Metaspace: 62415K(62656K)->62415K(62656K) NonClass: 53368K(53568K)->53368K(53568K) Class: 9046K(9088K)->9046K(9088K)
[15536.706s][info][gc             ] GC(33999) Pause Young (Allocation Failure) 269M->189M(272M) 2.577ms
[15536.706s][info][gc,cpu         ] GC(33999) User=0.01s Sys=0.00s Real=0.00s
[15537.138s][info][gc,start       ] GC(34000) Pause Young (Allocation Failure)
[15537.141s][info][gc,heap        ] GC(34000) PSYoungGen: 82208K(84480K)->704K(84992K) Eden: 81920K(81920K)->0K(82432K) From: 288K(2560K)->704K(2560K)
[15537.141s][info][gc,heap        ] GC(34000) ParOldGen: 194221K(194560K)->194429K(194560K)
[15537.141s][info][gc,metaspace   ] GC(34000) Metaspace: 62415K(62656K)->62415K(62656K) NonClass: 53368K(53568K)->53368K(53568K) Class: 9046K(9088K)->9046K(9088K)
[15537.141s][info][gc             ] GC(34000) Pause Young (Allocation Failure) 269M->190M(273M) 3.025ms
[15537.141s][info][gc,cpu         ] GC(34000) User=0.01s Sys=0.00s Real=0.00s
[15537.556s][info][gc,start       ] GC(34001) Pause Young (Allocation Failure)
[15537.559s][info][gc,heap        ] GC(34001) PSYoungGen: 83136K(84992K)->960K(84480K) Eden: 82432K(82432K)->0K(82432K) From: 704K(2560K)->960K(2048K)
[15537.559s][info][gc,heap        ] GC(34001) ParOldGen: 194429K(194560K)->194645K(195072K)
[15537.559s][info][gc,metaspace   ] GC(34001) Metaspace: 62415K(62656K)->62415K(62656K) NonClass: 53368K(53568K)->53368K(53568K) Class: 9046K(9088K)->9046K(9088K)
[15537.559s][info][gc             ] GC(34001) Pause Young (Allocation Failure) 271M->191M(273M) 3.382ms
[15537.559s][info][gc,cpu         ] GC(34001) User=0.01s Sys=0.00s Real=0.01s
[15537.994s][info][gc,start       ] GC(34002) Pause Young (Allocation Failure)
[15537.998s][info][gc,heap        ] GC(34002) PSYoungGen: 83392K(84480K)->1472K(84992K) Eden: 82432K(82432K)->0K(82944K) From: 960K(2048K)->1472K(2048K)
[15537.998s][info][gc,heap        ] GC(34002) ParOldGen: 194645K(195072K)->194853K(195072K)
[15537.998s][info][gc,metaspace   ] GC(34002) Metaspace: 62415K(62656K)->62415K(62656K) NonClass: 53368K(53568K)->53368K(53568K) Class: 9046K(9088K)->9046K(9088K)
[15537.998s][info][gc             ] GC(34002) Pause Young (Allocation Failure) 271M->191M(273M) 3.714ms
[15537.998s][info][gc,cpu         ] GC(34002) User=0.01s Sys=0.00s Real=0.01s
[15538.447s][info][gc,start       ] GC(34003) Pause Young (Allocation Failure)
[15538.450s][info][gc,heap        ] GC(34003) PSYoungGen: 84416K(84992K)->800K(84992K) Eden: 82944K(82944K)->0K(82944K) From: 1472K(2048K)->800K(2048K)
[15538.450s][info][gc,heap        ] GC(34003) ParOldGen: 194853K(195072K)->195053K(195072K)
[15538.450s][info][gc,metaspace   ] GC(34003) Metaspace: 62415K(62656K)->62415K(62656K) NonClass: 53368K(53568K)->53368K(53568K) Class: 9046K(9088K)->9046K(9088K)
[15538.450s][info][gc             ] GC(34003) Pause Young (Allocation Failure) 272M->191M(273M) 3.047ms
[15538.450s][info][gc,cpu         ] GC(34003) User=0.01s Sys=0.00s Real=0.00s
[15538.865s][info][gc,start       ] GC(34004) Pause Young (Allocation Failure)
[15538.868s][info][gc,heap        ] GC(34004) PSYoungGen: 83744K(84992K)->1120K(84992K) Eden: 82944K(82944K)->0K(82944K) From: 800K(2048K)->1120K(2048K)
[15538.868s][info][gc,heap        ] GC(34004) ParOldGen: 195053K(195072K)->195253K(195584K)
[15538.868s][info][gc,metaspace   ] GC(34004) Metaspace: 62415K(62656K)->62415K(62656K) NonClass: 53368K(53568K)->53368K(53568K) Class: 9046K(9088K)->9046K(9088K)
[15538.868s][info][gc             ] GC(34004) Pause Young (Allocation Failure) 272M->191M(274M) 3.538ms
[15538.868s][info][gc,cpu         ] GC(34004) User=0.00s Sys=0.00s Real=0.01s
[15539.269s][info][gc,start       ] GC(34005) Pause Young (Allocation Failure)
[15539.273s][info][gc,heap        ] GC(34005) PSYoungGen: 84064K(84992K)->1216K(84992K) Eden: 82944K(82944K)->0K(82944K) From: 1120K(2048K)->1216K(2048K)
[15539.273s][info][gc,heap        ] GC(34005) ParOldGen: 195253K(195584K)->195453K(195584K)
[15539.273s][info][gc,metaspace   ] GC(34005) Metaspace: 62415K(62656K)->62415K(62656K) NonClass: 53368K(53568K)->53368K(53568K) Class: 9046K(9088K)->9046K(9088K)
[15539.273s][info][gc             ] GC(34005) Pause Young (Allocation Failure) 272M->192M(274M) 3.453ms
[15539.273s][info][gc,cpu         ] GC(34005) User=0.01s Sys=0.00s Real=0.00s
[15539.674s][info][gc,start       ] GC(34006) Pause Young (Allocation Failure)
[15539.678s][info][gc,heap        ] GC(34006) PSYoungGen: 84160K(84992K)->2016K(82944K) Eden: 82944K(82944K)->0K(80896K) From: 1216K(2048K)->2016K(2048K)
[15539.678s][info][gc,heap        ] GC(34006) ParOldGen: 195453K(195584K)->196893K(197120K)
[15539.678s][info][gc,metaspace   ] GC(34006) Metaspace: 62415K(62656K)->62415K(62656K) NonClass: 53368K(53568K)->53368K(53568K) Class: 9046K(9088K)->9046K(9088K)
[15539.678s][info][gc             ] GC(34006) Pause Young (Allocation Failure) 273M->194M(273M) 4.350ms
[15539.678s][info][gc,cpu         ] GC(34006) User=0.01s Sys=0.00s Real=0.01s
[15540.072s][info][gc,start       ] GC(34007) Pause Young (Allocation Failure)
[15540.076s][info][gc,heap        ] GC(34007) PSYoungGen: 82912K(82944K)->1184K(83968K) Eden: 80896K(80896K)->0K(80896K) From: 2016K(2048K)->1184K(3072K)
[15540.077s][info][gc,heap        ] GC(34007) ParOldGen: 196893K(197120K)->199125K(200192K)
[15540.077s][info][gc,metaspace   ] GC(34007) Metaspace: 62415K(62656K)->62415K(62656K) NonClass: 53368K(53568K)->53368K(53568K) Class: 9046K(9088K)->9046K(9088K)
[15540.077s][info][gc             ] GC(34007) Pause Young (Allocation Failure) 273M->195M(277M) 4.450ms
[15540.077s][info][gc,cpu         ] GC(34007) User=0.00s Sys=0.00s Real=0.01s
[15540.513s][info][gc,start       ] GC(34008) Pause Young (Allocation Failure)
[15540.516s][info][gc,heap        ] GC(34008) PSYoungGen: 82080K(83968K)->384K(83968K) Eden: 80896K(80896K)->0K(80896K) From: 1184K(3072K)->384K(3072K)
[15540.516s][info][gc,heap        ] GC(34008) ParOldGen: 199125K(200192K)->199325K(200192K)
[15540.516s][info][gc,metaspace   ] GC(34008) Metaspace: 62415K(62656K)->62415K(62656K) NonClass: 53368K(53568K)->53368K(53568K) Class: 9046K(9088K)->9046K(9088K)
[15540.516s][info][gc             ] GC(34008) Pause Young (Allocation Failure) 274M->195M(277M) 2.745ms
[15540.516s][info][gc,cpu         ] GC(34008) User=0.01s Sys=0.00s Real=0.00s
[15540.946s][info][gc,start       ] GC(34009) Pause Young (Allocation Failure)
[15540.949s][info][gc,heap        ] GC(34009) PSYoungGen: 81280K(83968K)->832K(83968K) Eden: 80896K(80896K)->0K(80896K) From: 384K(3072K)->832K(3072K)
[15540.949s][info][gc,heap        ] GC(34009) ParOldGen: 199325K(200192K)->199525K(200192K)
[15540.949s][info][gc,metaspace   ] GC(34009) Metaspace: 62415K(62656K)->62415K(62656K) NonClass: 53368K(53568K)->53368K(53568K) Class: 9046K(9088K)->9046K(9088K)
[15540.949s][info][gc             ] GC(34009) Pause Young (Allocation Failure) 274M->195M(277M) 3.118ms
[15540.949s][info][gc,cpu         ] GC(34009) User=0.01s Sys=0.00s Real=0.00s
[15541.391s][info][gc,start       ] GC(34010) Pause Young (Allocation Failure)
[15541.394s][info][gc,heap        ] GC(34010) PSYoungGen: 81728K(83968K)->1280K(84480K) Eden: 80896K(80896K)->0K(81920K) From: 832K(3072K)->1280K(2560K)
[15541.394s][info][gc,heap        ] GC(34010) ParOldGen: 199525K(200192K)->199733K(200192K)
[15541.394s][info][gc,metaspace   ] GC(34010) Metaspace: 62415K(62656K)->62415K(62656K) NonClass: 53368K(53568K)->53368K(53568K) Class: 9046K(9088K)->9046K(9088K)
[15541.394s][info][gc             ] GC(34010) Pause Young (Allocation Failure) 274M->196M(278M) 3.569ms
[15541.394s][info][gc,cpu         ] GC(34010) User=0.01s Sys=0.00s Real=0.00s
[15541.824s][info][gc,start       ] GC(34011) Pause Young (Allocation Failure)
[15541.827s][info][gc,heap        ] GC(34011) PSYoungGen: 83200K(84480K)->544K(84480K) Eden: 81920K(81920K)->0K(81920K) From: 1280K(2560K)->544K(2560K)
[15541.827s][info][gc,heap        ] GC(34011) ParOldGen: 199733K(200192K)->199933K(200192K)
[15541.827s][info][gc,metaspace   ] GC(34011) Metaspace: 62415K(62656K)->62415K(62656K) NonClass: 53368K(53568K)->53368K(53568K) Class: 9046K(9088K)->9046K(9088K)
[15541.827s][info][gc             ] GC(34011) Pause Young (Allocation Failure) 276M->195M(278M) 2.764ms
[15541.827s][info][gc,cpu         ] GC(34011) User=0.01s Sys=0.00s Real=0.01s
[15542.232s][info][gc,start       ] GC(34012) Pause Young (Allocation Failure)
[15542.235s][info][gc,heap        ] GC(34012) PSYoungGen: 82464K(84480K)->704K(84480K) Eden: 81920K(81920K)->0K(81920K) From: 544K(2560K)->704K(2560K)
[15542.235s][info][gc,heap        ] GC(34012) ParOldGen: 199933K(200192K)->200133K(200192K)
[15542.235s][info][gc,metaspace   ] GC(34012) Metaspace: 62415K(62656K)->62415K(62656K) NonClass: 53368K(53568K)->53368K(53568K) Class: 9046K(9088K)->9046K(9088K)
[15542.235s][info][gc             ] GC(34012) Pause Young (Allocation Failure) 275M->196M(278M) 2.967ms
[15542.235s][info][gc,cpu         ] GC(34012) User=0.01s Sys=0.00s Real=0.00s
[15542.658s][info][gc,start       ] GC(34013) Pause Young (Allocation Failure)
[15542.661s][info][gc,heap        ] GC(34013) PSYoungGen: 82624K(84480K)->992K(84480K) Eden: 81920K(81920K)->0K(81920K) From: 704K(2560K)->992K(2560K)
[15542.661s][info][gc,heap        ] GC(34013) ParOldGen: 200133K(200192K)->200325K(200704K)
[15542.661s][info][gc,metaspace   ] GC(34013) Metaspace: 62415K(62656K)->62415K(62656K) NonClass: 53368K(53568K)->53368K(53568K) Class: 9046K(9088K)->9046K(9088K)
[15542.661s][info][gc             ] GC(34013) Pause Young (Allocation Failure) 276M->196M(278M) 3.367ms
[15542.661s][info][gc,cpu         ] GC(34013) User=0.01s Sys=0.00s Real=0.00s
[15543.091s][info][gc,start       ] GC(34014) Pause Young (Allocation Failure)
[15543.095s][info][gc,heap        ] GC(34014) PSYoungGen: 82912K(84480K)->1376K(84480K) Eden: 81920K(81920K)->0K(81920K) From: 992K(2560K)->1376K(2560K)
[15543.095s][info][gc,heap        ] GC(34014) ParOldGen: 200325K(200704K)->200509K(200704K)
[15543.095s][info][gc,metaspace   ] GC(34014) Metaspace: 62415K(62656K)->62415K(62656K) NonClass: 53368K(53568K)->53368K(53568K) Class: 9046K(9088K)->9046K(9088K)
[15543.095s][info][gc             ] GC(34014) Pause Young (Allocation Failure) 276M->197M(278M) 3.567ms
[15543.095s][info][gc,cpu         ] GC(34014) User=0.01s Sys=0.00s Real=0.00s
[15543.532s][info][gc,start       ] GC(34015) Pause Young (Allocation Failure)
[15543.535s][info][gc,heap        ] GC(34015) PSYoungGen: 83296K(84480K)->576K(84480K) Eden: 81920K(81920K)->0K(81920K) From: 1376K(2560K)->576K(2560K)
[15543.535s][info][gc,heap        ] GC(34015) ParOldGen: 200509K(200704K)->200701K(200704K)
[15543.535s][info][gc,metaspace   ] GC(34015) Metaspace: 62415K(62656K)->62415K(62656K) NonClass: 53368K(53568K)->53368K(53568K) Class: 9046K(9088K)->9046K(9088K)
[15543.535s][info][gc             ] GC(34015) Pause Young (Allocation Failure) 277M->196M(278M) 2.802ms
[15543.535s][info][gc,cpu         ] GC(34015) User=0.00s Sys=0.00s Real=0.00s
[15544.014s][info][gc,start       ] GC(34016) Pause Young (Allocation Failure)
[15544.016s][info][gc,heap        ] GC(34016) PSYoungGen: 82496K(84480K)->432K(84480K) Eden: 81920K(81920K)->0K(81920K) From: 576K(2560K)->432K(2560K)
[15544.016s][info][gc,heap        ] GC(34016) ParOldGen: 200701K(200704K)->200893K(201216K)
[15544.016s][info][gc,metaspace   ] GC(34016) Metaspace: 62415K(62656K)->62415K(62656K) NonClass: 53368K(53568K)->53368K(53568K) Class: 9046K(9088K)->9046K(9088K)
[15544.016s][info][gc             ] GC(34016) Pause Young (Allocation Failure) 276M->196M(279M) 2.795ms
[15544.016s][info][gc,cpu         ] GC(34016) User=0.01s Sys=0.00s Real=0.01s
[15544.473s][info][gc,start       ] GC(34017) Pause Young (Allocation Failure)
[15544.476s][info][gc,heap        ] GC(34017) PSYoungGen: 82352K(84480K)->1024K(84480K) Eden: 81920K(81920K)->0K(81920K) From: 432K(2560K)->1024K(2560K)
[15544.476s][info][gc,heap        ] GC(34017) ParOldGen: 200893K(201216K)->201141K(201216K)
[15544.476s][info][gc,metaspace   ] GC(34017) Metaspace: 62415K(62656K)->62415K(62656K) NonClass: 53368K(53568K)->53368K(53568K) Class: 9046K(9088K)->9046K(9088K)
[15544.476s][info][gc             ] GC(34017) Pause Young (Allocation Failure) 276M->197M(279M) 3.401ms
[15544.476s][info][gc,cpu         ] GC(34017) User=0.00s Sys=0.00s Real=0.01s
[15544.894s][info][gc,start       ] GC(34018) Pause Young (Allocation Failure)
[15544.898s][info][gc,heap        ] GC(34018) PSYoungGen: 82944K(84480K)->1472K(84480K) Eden: 81920K(81920K)->0K(81920K) From: 1024K(2560K)->1472K(2560K)
[15544.898s][info][gc,heap        ] GC(34018) ParOldGen: 201141K(201216K)->201333K(201728K)
[15544.898s][info][gc,metaspace   ] GC(34018) Metaspace: 62415K(62656K)->62415K(62656K) NonClass: 53368K(53568K)->53368K(53568K) Class: 9046K(9088K)->9046K(9088K)
[15544.898s][info][gc             ] GC(34018) Pause Young (Allocation Failure) 277M->198M(279M) 3.778ms
[15544.898s][info][gc,cpu         ] GC(34018) User=0.01s Sys=0.00s Real=0.01s
[15545.306s][info][gc,start       ] GC(34019) Pause Young (Allocation Failure)
[15545.309s][info][gc,heap        ] GC(34019) PSYoungGen: 83392K(84480K)->320K(84480K) Eden: 81920K(81920K)->0K(81920K) From: 1472K(2560K)->320K(2560K)
[15545.309s][info][gc,heap        ] GC(34019) ParOldGen: 201333K(201728K)->201533K(201728K)
[15545.309s][info][gc,metaspace   ] GC(34019) Metaspace: 62415K(62656K)->62415K(62656K) NonClass: 53368K(53568K)->53368K(53568K) Class: 9046K(9088K)->9046K(9088K)
[15545.309s][info][gc             ] GC(34019) Pause Young (Allocation Failure) 278M->197M(279M) 2.675ms
[15545.309s][info][gc,cpu         ] GC(34019) User=0.00s Sys=0.00s Real=0.00s
[15545.704s][info][gc,start       ] GC(34020) Pause Young (Allocation Failure)
[15545.707s][info][gc,heap        ] GC(34020) PSYoungGen: 82240K(84480K)->2336K(84480K) Eden: 81920K(81920K)->0K(81920K) From: 320K(2560K)->2336K(2560K)
[15545.707s][info][gc,heap        ] GC(34020) ParOldGen: 201533K(201728K)->201725K(201728K)
[15545.707s][info][gc,metaspace   ] GC(34020) Metaspace: 62415K(62656K)->62415K(62656K) NonClass: 53368K(53568K)->53368K(53568K) Class: 9046K(9088K)->9046K(9088K)
[15545.707s][info][gc             ] GC(34020) Pause Young (Allocation Failure) 277M->199M(279M) 2.818ms
[15545.707s][info][gc,cpu         ] GC(34020) User=0.00s Sys=0.00s Real=0.01s
[15546.098s][info][gc,start       ] GC(34021) Pause Young (Allocation Failure)
[15546.103s][info][gc,heap        ] GC(34021) PSYoungGen: 84256K(84480K)->1536K(83456K) Eden: 81920K(81920K)->0K(81920K) From: 2336K(2560K)->1536K(1536K)
[15546.103s][info][gc,heap        ] GC(34021) ParOldGen: 201725K(201728K)->203965K(205312K)
[15546.103s][info][gc,metaspace   ] GC(34021) Metaspace: 62415K(62656K)->62415K(62656K) NonClass: 53368K(53568K)->53368K(53568K) Class: 9046K(9088K)->9046K(9088K)
[15546.103s][info][gc             ] GC(34021) Pause Young (Allocation Failure) 279M->200M(282M) 4.920ms
[15546.103s][info][gc,cpu         ] GC(34021) User=0.01s Sys=0.00s Real=0.00s
[15546.500s][info][gc,start       ] GC(34022) Pause Young (Allocation Failure)
[15546.504s][info][gc,heap        ] GC(34022) PSYoungGen: 83456K(83456K)->1536K(83968K) Eden: 81920K(81920K)->0K(80896K) From: 1536K(1536K)->1536K(3072K)
[15546.504s][info][gc,heap        ] GC(34022) ParOldGen: 203965K(205312K)->204149K(205312K)
[15546.504s][info][gc,metaspace   ] GC(34022) Metaspace: 62415K(62656K)->62415K(62656K) NonClass: 53368K(53568K)->53368K(53568K) Class: 9046K(9088K)->9046K(9088K)
[15546.504s][info][gc             ] GC(34022) Pause Young (Allocation Failure) 280M->200M(282M) 3.759ms
[15546.504s][info][gc,cpu         ] GC(34022) User=0.01s Sys=0.00s Real=0.00s
[15546.884s][info][gc,start       ] GC(34023) Pause Young (Allocation Failure)
[15546.888s][info][gc,heap        ] GC(34023) PSYoungGen: 82432K(83968K)->1408K(83968K) Eden: 80896K(80896K)->0K(80896K) From: 1536K(3072K)->1408K(3072K)
[15546.888s][info][gc,heap        ] GC(34023) ParOldGen: 204149K(205312K)->204349K(205312K)
[15546.888s][info][gc,metaspace   ] GC(34023) Metaspace: 62415K(62656K)->62415K(62656K) NonClass: 53368K(53568K)->53368K(53568K) Class: 9046K(9088K)->9046K(9088K)
[15546.888s][info][gc             ] GC(34023) Pause Young (Allocation Failure) 279M->200M(282M) 3.722ms
[15546.888s][info][gc,cpu         ] GC(34023) User=0.00s Sys=0.00s Real=0.01s
[15547.305s][info][gc,start       ] GC(34024) Pause Young (Allocation Failure)
[15547.307s][info][gc,heap        ] GC(34024) PSYoungGen: 82304K(83968K)->320K(84480K) Eden: 80896K(80896K)->0K(81920K) From: 1408K(3072K)->320K(2560K)
[15547.307s][info][gc,heap        ] GC(34024) ParOldGen: 204349K(205312K)->204541K(205312K)
[15547.307s][info][gc,metaspace   ] GC(34024) Metaspace: 62415K(62656K)->62415K(62656K) NonClass: 53368K(53568K)->53368K(53568K) Class: 9046K(9088K)->9046K(9088K)
[15547.307s][info][gc             ] GC(34024) Pause Young (Allocation Failure) 279M->200M(283M) 2.703ms
[15547.307s][info][gc,cpu         ] GC(34024) User=0.01s Sys=0.00s Real=0.01s
[15547.747s][info][gc,start       ] GC(34025) Pause Young (Allocation Failure)
[15547.750s][info][gc,heap        ] GC(34025) PSYoungGen: 82240K(84480K)->864K(84480K) Eden: 81920K(81920K)->0K(81920K) From: 320K(2560K)->864K(2560K)
[15547.750s][info][gc,heap        ] GC(34025) ParOldGen: 204541K(205312K)->204741K(205312K)
[15547.750s][info][gc,metaspace   ] GC(34025) Metaspace: 62415K(62656K)->62415K(62656K) NonClass: 53368K(53568K)->53368K(53568K) Class: 9046K(9088K)->9046K(9088K)
[15547.750s][info][gc             ] GC(34025) Pause Young (Allocation Failure) 280M->200M(283M) 3.089ms
[15547.750s][info][gc,cpu         ] GC(34025) User=0.01s Sys=0.00s Real=0.00s
[15548.182s][info][gc,start       ] GC(34026) Pause Young (Allocation Failure)
[15548.186s][info][gc,heap        ] GC(34026) PSYoungGen: 82784K(84480K)->1248K(84480K) Eden: 81920K(81920K)->0K(81920K) From: 864K(2560K)->1248K(2560K)
[15548.186s][info][gc,heap        ] GC(34026) ParOldGen: 204741K(205312K)->204925K(205312K)
[15548.186s][info][gc,metaspace   ] GC(34026) Metaspace: 62415K(62656K)->62415K(62656K) NonClass: 53368K(53568K)->53368K(53568K) Class: 9046K(9088K)->9046K(9088K)
[15548.186s][info][gc             ] GC(34026) Pause Young (Allocation Failure) 280M->201M(283M) 3.565ms
[15548.186s][info][gc,cpu         ] GC(34026) User=0.00s Sys=0.00s Real=0.00s
[15548.630s][info][gc,start       ] GC(34027) Pause Young (Allocation Failure)
[15548.633s][info][gc,heap        ] GC(34027) PSYoungGen: 83168K(84480K)->640K(84480K) Eden: 81920K(81920K)->0K(81920K) From: 1248K(2560K)->640K(2560K)
[15548.633s][info][gc,heap        ] GC(34027) ParOldGen: 204925K(205312K)->205117K(205312K)
[15548.633s][info][gc,metaspace   ] GC(34027) Metaspace: 62415K(62656K)->62415K(62656K) NonClass: 53368K(53568K)->53368K(53568K) Class: 9046K(9088K)->9046K(9088K)
[15548.633s][info][gc             ] GC(34027) Pause Young (Allocation Failure) 281M->200M(283M) 2.892ms
[15548.633s][info][gc,cpu         ] GC(34027) User=0.00s Sys=0.00s Real=0.00s
[15549.051s][info][gc,start       ] GC(34028) Pause Young (Allocation Failure)
[15549.054s][info][gc,heap        ] GC(34028) PSYoungGen: 82560K(84480K)->832K(84480K) Eden: 81920K(81920K)->0K(81920K) From: 640K(2560K)->832K(2560K)
[15549.054s][info][gc,heap        ] GC(34028) ParOldGen: 205117K(205312K)->205325K(205824K)
[15549.054s][info][gc,metaspace   ] GC(34028) Metaspace: 62415K(62656K)->62415K(62656K) NonClass: 53368K(53568K)->53368K(53568K) Class: 9046K(9088K)->9046K(9088K)
[15549.054s][info][gc             ] GC(34028) Pause Young (Allocation Failure) 280M->201M(283M) 3.212ms
[15549.054s][info][gc,cpu         ] GC(34028) User=0.00s Sys=0.00s Real=0.00s
[15549.463s][info][gc,start       ] GC(34029) Pause Young (Allocation Failure)
[15549.466s][info][gc,heap        ] GC(34029) PSYoungGen: 82752K(84480K)->1056K(84480K) Eden: 81920K(81920K)->0K(81920K) From: 832K(2560K)->1056K(2560K)
[15549.466s][info][gc,heap        ] GC(34029) ParOldGen: 205325K(205824K)->205509K(205824K)
[15549.466s][info][gc,metaspace   ] GC(34029) Metaspace: 62415K(62656K)->62415K(62656K) NonClass: 53368K(53568K)->53368K(53568K) Class: 9046K(9088K)->9046K(9088K)
[15549.466s][info][gc             ] GC(34029) Pause Young (Allocation Failure) 281M->201M(283M) 3.300ms
[15549.466s][info][gc,cpu         ] GC(34029) User=0.00s Sys=0.00s Real=0.01s
[15549.863s][info][gc,start       ] GC(34030) Pause Young (Allocation Failure)
[15549.867s][info][gc,heap        ] GC(34030) PSYoungGen: 82976K(84480K)->1120K(84992K) Eden: 81920K(81920K)->0K(82432K) From: 1056K(2560K)->1120K(2560K)
[15549.867s][info][gc,heap        ] GC(34030) ParOldGen: 205509K(205824K)->205685K(205824K)
[15549.867s][info][gc,metaspace   ] GC(34030) Metaspace: 62415K(62656K)->62415K(62656K) NonClass: 53368K(53568K)->53368K(53568K) Class: 9046K(9088K)->9046K(9088K)
[15549.867s][info][gc             ] GC(34030) Pause Young (Allocation Failure) 281M->201M(284M) 3.353ms
[15549.867s][info][gc,cpu         ] GC(34030) User=0.01s Sys=0.00s Real=0.01s
[15550.257s][info][gc,start       ] GC(34031) Pause Young (Allocation Failure)
[15550.261s][info][gc,heap        ] GC(34031) PSYoungGen: 83552K(84992K)->1024K(84480K) Eden: 82432K(82432K)->0K(82432K) From: 1120K(2560K)->1024K(2048K)
[15550.261s][info][gc,heap        ] GC(34031) ParOldGen: 205685K(205824K)->205885K(206336K)
[15550.261s][info][gc,metaspace   ] GC(34031) Metaspace: 62415K(62656K)->62415K(62656K) NonClass: 53368K(53568K)->53368K(53568K) Class: 9046K(9088K)->9046K(9088K)
[15550.261s][info][gc             ] GC(34031) Pause Young (Allocation Failure) 282M->202M(284M) 3.359ms
[15550.261s][info][gc,cpu         ] GC(34031) User=0.01s Sys=0.00s Real=0.00s
[15550.696s][info][gc,start       ] GC(34032) Pause Young (Allocation Failure)
[15550.700s][info][gc,heap        ] GC(34032) PSYoungGen: 83456K(84480K)->1440K(84992K) Eden: 82432K(82432K)->0K(82944K) From: 1024K(2048K)->1440K(2048K)
[15550.700s][info][gc,heap        ] GC(34032) ParOldGen: 205885K(206336K)->206069K(206336K)
[15550.700s][info][gc,metaspace   ] GC(34032) Metaspace: 62415K(62656K)->62415K(62656K) NonClass: 53368K(53568K)->53368K(53568K) Class: 9046K(9088K)->9046K(9088K)
[15550.700s][info][gc             ] GC(34032) Pause Young (Allocation Failure) 282M->202M(284M) 3.751ms
[15550.700s][info][gc,cpu         ] GC(34032) User=0.01s Sys=0.00s Real=0.00s
[15551.161s][info][gc,start       ] GC(34033) Pause Young (Allocation Failure)
[15551.165s][info][gc,heap        ] GC(34033) PSYoungGen: 84384K(84992K)->1952K(84992K) Eden: 82944K(82944K)->0K(82944K) From: 1440K(2048K)->1952K(2048K)
[15551.165s][info][gc,heap        ] GC(34033) ParOldGen: 206069K(206336K)->207277K(207872K)
[15551.165s][info][gc,metaspace   ] GC(34033) Metaspace: 62415K(62656K)->62415K(62656K) NonClass: 53368K(53568K)->53368K(53568K) Class: 9046K(9088K)->9046K(9088K)
[15551.165s][info][gc             ] GC(34033) Pause Young (Allocation Failure) 283M->204M(286M) 4.078ms
[15551.165s][info][gc,cpu         ] GC(34033) User=0.01s Sys=0.00s Real=0.00s
[15551.652s][info][gc,start       ] GC(34034) Pause Young (Allocation Failure)
[15551.656s][info][gc,heap        ] GC(34034) PSYoungGen: 84896K(84992K)->832K(83968K) Eden: 82944K(82944K)->0K(81920K) From: 1952K(2048K)->832K(2048K)
[15551.656s][info][gc,heap        ] GC(34034) ParOldGen: 207277K(207872K)->209517K(209920K)
[15551.656s][info][gc,metaspace   ] GC(34034) Metaspace: 62415K(62656K)->62415K(62656K) NonClass: 53368K(53568K)->53368K(53568K) Class: 9046K(9088K)->9046K(9088K)
[15551.656s][info][gc             ] GC(34034) Pause Young (Allocation Failure) 285M->205M(287M) 4.322ms
[15551.656s][info][gc,cpu         ] GC(34034) User=0.01s Sys=0.00s Real=0.01s
[15552.114s][info][gc,start       ] GC(34035) Pause Young (Allocation Failure)
[15552.117s][info][gc,heap        ] GC(34035) PSYoungGen: 82752K(83968K)->384K(84480K) Eden: 81920K(81920K)->0K(81920K) From: 832K(2048K)->384K(2560K)
[15552.117s][info][gc,heap        ] GC(34035) ParOldGen: 209517K(209920K)->209701K(209920K)
[15552.117s][info][gc,metaspace   ] GC(34035) Metaspace: 62415K(62656K)->62415K(62656K) NonClass: 53368K(53568K)->53368K(53568K) Class: 9046K(9088K)->9046K(9088K)
[15552.117s][info][gc             ] GC(34035) Pause Young (Allocation Failure) 285M->205M(287M) 2.696ms
[15552.117s][info][gc,cpu         ] GC(34035) User=0.00s Sys=0.00s Real=0.01s
[15552.581s][info][gc,start       ] GC(34036) Pause Young (Allocation Failure)
[15552.585s][info][gc,heap        ] GC(34036) PSYoungGen: 82304K(84480K)->1184K(84480K) Eden: 81920K(81920K)->0K(81920K) From: 384K(2560K)->1184K(2560K)
[15552.585s][info][gc,heap        ] GC(34036) ParOldGen: 209701K(209920K)->209869K(209920K)
[15552.585s][info][gc,metaspace   ] GC(34036) Metaspace: 62415K(62656K)->62415K(62656K) NonClass: 53368K(53568K)->53368K(53568K) Class: 9046K(9088K)->9046K(9088K)
[15552.585s][info][gc             ] GC(34036) Pause Young (Allocation Failure) 285M->206M(287M) 3.470ms
[15552.585s][info][gc,cpu         ] GC(34036) User=0.01s Sys=0.00s Real=0.00s
[15553.089s][info][gc,start       ] GC(34037) Pause Young (Allocation Failure)
[15553.093s][info][gc,heap        ] GC(34037) PSYoungGen: 83104K(84480K)->1360K(84480K) Eden: 81920K(81920K)->0K(81920K) From: 1184K(2560K)->1360K(2560K)
[15553.093s][info][gc,heap        ] GC(34037) ParOldGen: 209869K(209920K)->210053K(210432K)
[15553.093s][info][gc,metaspace   ] GC(34037) Metaspace: 62415K(62656K)->62415K(62656K) NonClass: 53368K(53568K)->53368K(53568K) Class: 9046K(9088K)->9046K(9088K)
[15553.093s][info][gc             ] GC(34037) Pause Young (Allocation Failure) 286M->206M(288M) 3.662ms
[15553.093s][info][gc,cpu         ] GC(34037) User=0.00s Sys=0.00s Real=0.00s
[15553.537s][info][gc,start       ] GC(34038) Pause Young (Allocation Failure)
[15553.540s][info][gc,heap        ] GC(34038) PSYoungGen: 83280K(84480K)->608K(84480K) Eden: 81920K(81920K)->0K(81920K) From: 1360K(2560K)->608K(2560K)
[15553.540s][info][gc,heap        ] GC(34038) ParOldGen: 210053K(210432K)->210285K(210432K)
[15553.540s][info][gc,metaspace   ] GC(34038) Metaspace: 62415K(62656K)->62415K(62656K) NonClass: 53368K(53568K)->53368K(53568K) Class: 9046K(9088K)->9046K(9088K)
[15553.540s][info][gc             ] GC(34038) Pause Young (Allocation Failure) 286M->205M(288M) 2.927ms
[15553.540s][info][gc,cpu         ] GC(34038) User=0.00s Sys=0.00s Real=0.00s
[15554.014s][info][gc,start       ] GC(34039) Pause Young (Allocation Failure)
[15554.016s][info][gc,heap        ] GC(34039) PSYoungGen: 82528K(84480K)->448K(84480K) Eden: 81920K(81920K)->0K(81920K) From: 608K(2560K)->448K(2560K)
[15554.016s][info][gc,heap        ] GC(34039) ParOldGen: 210285K(210432K)->210461K(210944K)
[15554.016s][info][gc,metaspace   ] GC(34039) Metaspace: 62415K(62656K)->62415K(62656K) NonClass: 53368K(53568K)->53368K(53568K) Class: 9046K(9088K)->9046K(9088K)
[15554.016s][info][gc             ] GC(34039) Pause Young (Allocation Failure) 285M->205M(288M) 2.691ms
[15554.016s][info][gc,cpu         ] GC(34039) User=0.00s Sys=0.00s Real=0.01s
[15554.450s][info][gc,start       ] GC(34040) Pause Young (Allocation Failure)
[15554.453s][info][gc,heap        ] GC(34040) PSYoungGen: 82368K(84480K)->864K(84992K) Eden: 81920K(81920K)->0K(82432K) From: 448K(2560K)->864K(2560K)
[15554.454s][info][gc,heap        ] GC(34040) ParOldGen: 210461K(210944K)->210637K(210944K)
[15554.454s][info][gc,metaspace   ] GC(34040) Metaspace: 62415K(62656K)->62415K(62656K) NonClass: 53368K(53568K)->53368K(53568K) Class: 9046K(9088K)->9046K(9088K)
[15554.454s][info][gc             ] GC(34040) Pause Young (Allocation Failure) 285M->206M(289M) 3.125ms
[15554.454s][info][gc,cpu         ] GC(34040) User=0.00s Sys=0.00s Real=0.00s
[15554.872s][info][gc,start       ] GC(34041) Pause Young (Allocation Failure)
[15554.875s][info][gc,heap        ] GC(34041) PSYoungGen: 83296K(84992K)->1184K(84480K) Eden: 82432K(82432K)->0K(82432K) From: 864K(2560K)->1184K(2048K)
[15554.875s][info][gc,heap        ] GC(34041) ParOldGen: 210637K(210944K)->210813K(210944K)
[15554.875s][info][gc,metaspace   ] GC(34041) Metaspace: 62415K(62656K)->62415K(62656K) NonClass: 53368K(53568K)->53368K(53568K) Class: 9046K(9088K)->9046K(9088K)
[15554.875s][info][gc             ] GC(34041) Pause Young (Allocation Failure) 287M->207M(288M) 3.417ms
[15554.875s][info][gc,cpu         ] GC(34041) User=0.01s Sys=0.00s Real=0.00s
[15555.325s][info][gc,start       ] GC(34042) Pause Young (Allocation Failure)
[15555.327s][info][gc,heap        ] GC(34042) PSYoungGen: 83616K(84480K)->512K(84992K) Eden: 82432K(82432K)->0K(82944K) From: 1184K(2048K)->512K(2048K)
[15555.327s][info][gc,heap        ] GC(34042) ParOldGen: 210813K(210944K)->210997K(211456K)
[15555.327s][info][gc,metaspace   ] GC(34042) Metaspace: 62415K(62656K)->62415K(62656K) NonClass: 53368K(53568K)->53368K(53568K) Class: 9046K(9088K)->9046K(9088K)
[15555.327s][info][gc             ] GC(34042) Pause Young (Allocation Failure) 287M->206M(289M) 2.879ms
[15555.327s][info][gc,cpu         ] GC(34042) User=0.01s Sys=0.00s Real=0.01s
[15555.792s][info][gc,start       ] GC(34043) Pause Young (Allocation Failure)
[15555.795s][info][gc,heap        ] GC(34043) PSYoungGen: 83456K(84992K)->1280K(84992K) Eden: 82944K(82944K)->0K(82944K) From: 512K(2048K)->1280K(2048K)
[15555.795s][info][gc,heap        ] GC(34043) ParOldGen: 210997K(211456K)->211173K(211456K)
[15555.795s][info][gc,metaspace   ] GC(34043) Metaspace: 62415K(62656K)->62415K(62656K) NonClass: 53368K(53568K)->53368K(53568K) Class: 9046K(9088K)->9046K(9088K)
[15555.795s][info][gc             ] GC(34043) Pause Young (Allocation Failure) 287M->207M(289M) 3.625ms
[15555.795s][info][gc,cpu         ] GC(34043) User=0.01s Sys=0.00s Real=0.00s
[15556.274s][info][gc,start       ] GC(34044) Pause Young (Allocation Failure)
[15556.277s][info][gc,heap        ] GC(34044) PSYoungGen: 84224K(84992K)->1088K(84992K) Eden: 82944K(82944K)->0K(82944K) From: 1280K(2048K)->1088K(2048K)
[15556.277s][info][gc,heap        ] GC(34044) ParOldGen: 211173K(211456K)->211357K(211456K)
[15556.277s][info][gc,metaspace   ] GC(34044) Metaspace: 62415K(62656K)->62415K(62656K) NonClass: 53368K(53568K)->53368K(53568K) Class: 9046K(9088K)->9046K(9088K)
[15556.277s][info][gc             ] GC(34044) Pause Young (Allocation Failure) 288M->207M(289M) 3.467ms
[15556.277s][info][gc,cpu         ] GC(34044) User=0.00s Sys=0.00s Real=0.01s
[15556.731s][info][gc,start       ] GC(34045) Pause Young (Allocation Failure)
[15556.734s][info][gc,heap        ] GC(34045) PSYoungGen: 84032K(84992K)->608K(84992K) Eden: 82944K(82944K)->0K(82944K) From: 1088K(2048K)->608K(2048K)
[15556.734s][info][gc,heap        ] GC(34045) ParOldGen: 211357K(211456K)->211549K(211968K)
[15556.734s][info][gc,metaspace   ] GC(34045) Metaspace: 62415K(62656K)->62415K(62656K) NonClass: 53368K(53568K)->53368K(53568K) Class: 9046K(9088K)->9046K(9088K)
[15556.734s][info][gc             ] GC(34045) Pause Young (Allocation Failure) 288M->207M(290M) 2.920ms
[15556.734s][info][gc,cpu         ] GC(34045) User=0.01s Sys=0.00s Real=0.00s
[15557.202s][info][gc,start       ] GC(34046) Pause Young (Allocation Failure)
[15557.206s][info][gc,heap        ] GC(34046) PSYoungGen: 83552K(84992K)->1280K(84992K) Eden: 82944K(82944K)->0K(82944K) From: 608K(2048K)->1280K(2048K)
[15557.206s][info][gc,heap        ] GC(34046) ParOldGen: 211549K(211968K)->212757K(213504K)
[15557.206s][info][gc,metaspace   ] GC(34046) Metaspace: 62415K(62656K)->62415K(62656K) NonClass: 53368K(53568K)->53368K(53568K) Class: 9046K(9088K)->9046K(9088K)
[15557.206s][info][gc             ] GC(34046) Pause Young (Allocation Failure) 288M->209M(291M) 3.418ms
[15557.206s][info][gc,cpu         ] GC(34046) User=0.00s Sys=0.01s Real=0.01s
[15557.684s][info][gc,start       ] GC(34047) Pause Young (Allocation Failure)
[15557.689s][info][gc,heap        ] GC(34047) PSYoungGen: 84224K(84992K)->1216K(84992K) Eden: 82944K(82944K)->0K(82944K) From: 1280K(2048K)->1216K(2048K)
[15557.689s][info][gc,heap        ] GC(34047) ParOldGen: 212757K(213504K)->214981K(215040K)
[15557.689s][info][gc,metaspace   ] GC(34047) Metaspace: 62415K(62656K)->62415K(62656K) NonClass: 53368K(53568K)->53368K(53568K) Class: 9046K(9088K)->9046K(9088K)
[15557.689s][info][gc             ] GC(34047) Pause Young (Allocation Failure) 290M->211M(293M) 4.596ms
[15557.689s][info][gc,cpu         ] GC(34047) User=0.01s Sys=0.01s Real=0.01s
[15558.169s][info][gc,start       ] GC(34048) Pause Young (Allocation Failure)
[15558.172s][info][gc,heap        ] GC(34048) PSYoungGen: 84160K(84992K)->1024K(84992K) Eden: 82944K(82944K)->0K(82944K) From: 1216K(2048K)->1024K(2048K)
[15558.172s][info][gc,heap        ] GC(34048) ParOldGen: 214981K(215040K)->215165K(215552K)
[15558.172s][info][gc,metaspace   ] GC(34048) Metaspace: 62415K(62656K)->62415K(62656K) NonClass: 53368K(53568K)->53368K(53568K) Class: 9046K(9088K)->9046K(9088K)
[15558.172s][info][gc             ] GC(34048) Pause Young (Allocation Failure) 292M->211M(293M) 3.501ms
[15558.172s][info][gc,cpu         ] GC(34048) User=0.01s Sys=0.00s Real=0.00s
[15558.663s][info][gc,start       ] GC(34049) Pause Young (Allocation Failure)
[15558.666s][info][gc,heap        ] GC(34049) PSYoungGen: 83968K(84992K)->960K(84992K) Eden: 82944K(82944K)->0K(82944K) From: 1024K(2048K)->960K(2048K)
[15558.666s][info][gc,heap        ] GC(34049) ParOldGen: 215165K(215552K)->215349K(215552K)
[15558.666s][info][gc,metaspace   ] GC(34049) Metaspace: 62415K(62656K)->62415K(62656K) NonClass: 53368K(53568K)->53368K(53568K) Class: 9046K(9088K)->9046K(9088K)
[15558.666s][info][gc             ] GC(34049) Pause Young (Allocation Failure) 292M->211M(293M) 3.379ms
[15558.666s][info][gc,cpu         ] GC(34049) User=0.00s Sys=0.00s Real=0.01s
[15559.113s][info][gc,start       ] GC(34050) Pause Young (Allocation Failure)
[15559.115s][info][gc,heap        ] GC(34050) PSYoungGen: 83904K(84992K)->384K(84992K) Eden: 82944K(82944K)->0K(82944K) From: 960K(2048K)->384K(2048K)
[15559.115s][info][gc,heap        ] GC(34050) ParOldGen: 215349K(215552K)->215533K(215552K)
[15559.115s][info][gc,metaspace   ] GC(34050) Metaspace: 62415K(62656K)->62415K(62656K) NonClass: 53368K(53568K)->53368K(53568K) Class: 9046K(9088K)->9046K(9088K)
[15559.115s][info][gc             ] GC(34050) Pause Young (Allocation Failure) 292M->210M(293M) 2.701ms
[15559.115s][info][gc,cpu         ] GC(34050) User=0.00s Sys=0.00s Real=0.00s
[15559.582s][info][gc,start       ] GC(34051) Pause Young (Allocation Failure)
[15559.587s][info][gc,heap        ] GC(34051) PSYoungGen: 83328K(84992K)->2016K(84992K) Eden: 82944K(82944K)->0K(82944K) From: 384K(2048K)->2016K(2048K)
[15559.587s][info][gc,heap        ] GC(34051) ParOldGen: 215533K(215552K)->217925K(218624K)
[15559.587s][info][gc,metaspace   ] GC(34051) Metaspace: 62415K(62656K)->62415K(62656K) NonClass: 53368K(53568K)->53368K(53568K) Class: 9046K(9088K)->9046K(9088K)
[15559.587s][info][gc             ] GC(34051) Pause Young (Allocation Failure) 291M->214M(296M) 4.816ms
[15559.587s][info][gc,cpu         ] GC(34051) User=0.01s Sys=0.00s Real=0.01s
[15560.049s][info][gc,start       ] GC(34052) Pause Young (Allocation Failure)
[15560.053s][info][gc,heap        ] GC(34052) PSYoungGen: 84960K(84992K)->864K(82944K) Eden: 82944K(82944K)->0K(80896K) From: 2016K(2048K)->864K(2048K)
[15560.053s][info][gc,heap        ] GC(34052) ParOldGen: 217925K(218624K)->220133K(220160K)
[15560.053s][info][gc,metaspace   ] GC(34052) Metaspace: 62415K(62656K)->62415K(62656K) NonClass: 53368K(53568K)->53368K(53568K) Class: 9046K(9088K)->9046K(9088K)
[15560.053s][info][gc             ] GC(34052) Pause Young (Allocation Failure) 295M->215M(296M) 4.131ms
[15560.053s][info][gc,cpu         ] GC(34052) User=0.00s Sys=0.00s Real=0.00s
[15560.469s][info][gc,start       ] GC(34053) Pause Young (Allocation Failure)
[15560.472s][info][gc,heap        ] GC(34053) PSYoungGen: 81760K(82944K)->1152K(83968K) Eden: 80896K(80896K)->0K(80896K) From: 864K(2048K)->1152K(3072K)
[15560.472s][info][gc,heap        ] GC(34053) ParOldGen: 220133K(220160K)->220317K(220672K)
[15560.472s][info][gc,metaspace   ] GC(34053) Metaspace: 62415K(62656K)->62415K(62656K) NonClass: 53368K(53568K)->53368K(53568K) Class: 9046K(9088K)->9046K(9088K)
[15560.472s][info][gc             ] GC(34053) Pause Young (Allocation Failure) 294M->216M(297M) 3.458ms
[15560.472s][info][gc,cpu         ] GC(34053) User=0.00s Sys=0.00s Real=0.00s
[15560.883s][info][gc,start       ] GC(34054) Pause Young (Allocation Failure)
[15560.886s][info][gc,heap        ] GC(34054) PSYoungGen: 82048K(83968K)->1312K(83968K) Eden: 80896K(80896K)->0K(80896K) From: 1152K(3072K)->1312K(3072K)
[15560.887s][info][gc,heap        ] GC(34054) ParOldGen: 220317K(220672K)->220485K(220672K)
[15560.887s][info][gc,metaspace   ] GC(34054) Metaspace: 62415K(62656K)->62415K(62656K) NonClass: 53368K(53568K)->53368K(53568K) Class: 9046K(9088K)->9046K(9088K)
[15560.887s][info][gc             ] GC(34054) Pause Young (Allocation Failure) 295M->216M(297M) 3.535ms
[15560.887s][info][gc,cpu         ] GC(34054) User=0.00s Sys=0.00s Real=0.01s
[15561.348s][info][gc,start       ] GC(34055) Pause Young (Allocation Failure)
[15561.351s][info][gc,heap        ] GC(34055) PSYoungGen: 82208K(83968K)->800K(83968K) Eden: 80896K(80896K)->0K(80896K) From: 1312K(3072K)->800K(3072K)
[15561.351s][info][gc,heap        ] GC(34055) ParOldGen: 220485K(220672K)->220661K(220672K)
[15561.352s][info][gc,metaspace   ] GC(34055) Metaspace: 62415K(62656K)->62415K(62656K) NonClass: 53368K(53568K)->53368K(53568K) Class: 9046K(9088K)->9046K(9088K)
[15561.352s][info][gc             ] GC(34055) Pause Young (Allocation Failure) 295M->216M(297M) 3.047ms
[15561.352s][info][gc,cpu         ] GC(34055) User=0.01s Sys=0.00s Real=0.00s
[15561.806s][info][gc,start       ] GC(34056) Pause Young (Allocation Failure)
[15561.808s][info][gc,heap        ] GC(34056) PSYoungGen: 81696K(83968K)->288K(83456K) Eden: 80896K(80896K)->0K(80896K) From: 800K(3072K)->288K(2560K)
[15561.809s][info][gc,heap        ] GC(34056) ParOldGen: 220661K(220672K)->220837K(221184K)
[15561.809s][info][gc,metaspace   ] GC(34056) Metaspace: 62415K(62656K)->62415K(62656K) NonClass: 53368K(53568K)->53368K(53568K) Class: 9046K(9088K)->9046K(9088K)
[15561.809s][info][gc             ] GC(34056) Pause Young (Allocation Failure) 295M->215M(297M) 2.664ms
[15561.809s][info][gc,cpu         ] GC(34056) User=0.00s Sys=0.00s Real=0.00s
[15562.292s][info][gc,start       ] GC(34057) Pause Young (Allocation Failure)
[15562.295s][info][gc,heap        ] GC(34057) PSYoungGen: 81184K(83456K)->1040K(83968K) Eden: 80896K(80896K)->0K(80896K) From: 288K(2560K)->1040K(3072K)
[15562.295s][info][gc,heap        ] GC(34057) ParOldGen: 220837K(221184K)->221021K(221184K)
[15562.295s][info][gc,metaspace   ] GC(34057) Metaspace: 62415K(62656K)->62415K(62656K) NonClass: 53368K(53568K)->53368K(53568K) Class: 9046K(9088K)->9046K(9088K)
[15562.295s][info][gc             ] GC(34057) Pause Young (Allocation Failure) 294M->216M(298M) 3.282ms
[15562.295s][info][gc,cpu         ] GC(34057) User=0.00s Sys=0.00s Real=0.00s
[15562.731s][info][gc,start       ] GC(34058) Pause Young (Allocation Failure)
[15562.734s][info][gc,heap        ] GC(34058) PSYoungGen: 81936K(83968K)->576K(84480K) Eden: 80896K(80896K)->0K(81920K) From: 1040K(3072K)->576K(2560K)
[15562.734s][info][gc,heap        ] GC(34058) ParOldGen: 221021K(221184K)->221325K(221696K)
[15562.734s][info][gc,metaspace   ] GC(34058) Metaspace: 62415K(62656K)->62415K(62656K) NonClass: 53368K(53568K)->53368K(53568K) Class: 9046K(9088K)->9046K(9088K)
[15562.734s][info][gc             ] GC(34058) Pause Young (Allocation Failure) 295M->216M(299M) 2.990ms
[15562.734s][info][gc,cpu         ] GC(34058) User=0.00s Sys=0.00s Real=0.00s
[15563.181s][info][gc,start       ] GC(34059) Pause Young (Allocation Failure)
[15563.185s][info][gc,heap        ] GC(34059) PSYoungGen: 82496K(84480K)->1184K(84480K) Eden: 81920K(81920K)->0K(81920K) From: 576K(2560K)->1184K(2560K)
[15563.185s][info][gc,heap        ] GC(34059) ParOldGen: 221325K(221696K)->221501K(221696K)
[15563.185s][info][gc,metaspace   ] GC(34059) Metaspace: 62415K(62656K)->62415K(62656K) NonClass: 53368K(53568K)->53368K(53568K) Class: 9046K(9088K)->9046K(9088K)
[15563.185s][info][gc             ] GC(34059) Pause Young (Allocation Failure) 296M->217M(299M) 3.490ms
[15563.185s][info][gc,cpu         ] GC(34059) User=0.01s Sys=0.01s Real=0.00s
[15563.635s][info][gc,start       ] GC(34060) Pause Young (Allocation Failure)
[15563.638s][info][gc,heap        ] GC(34060) PSYoungGen: 83104K(84480K)->672K(84480K) Eden: 81920K(81920K)->0K(81920K) From: 1184K(2560K)->672K(2560K)
[15563.638s][info][gc,heap        ] GC(34060) ParOldGen: 221501K(221696K)->221677K(221696K)
[15563.638s][info][gc,metaspace   ] GC(34060) Metaspace: 62415K(62656K)->62415K(62656K) NonClass: 53368K(53568K)->53368K(53568K) Class: 9046K(9088K)->9046K(9088K)
[15563.638s][info][gc             ] GC(34060) Pause Young (Allocation Failure) 297M->217M(299M) 2.914ms
[15563.638s][info][gc,cpu         ] GC(34060) User=0.00s Sys=0.00s Real=0.01s
[15564.113s][info][gc,start       ] GC(34061) Pause Young (Allocation Failure)
[15564.116s][info][gc,heap        ] GC(34061) PSYoungGen: 82592K(84480K)->384K(84480K) Eden: 81920K(81920K)->0K(81920K) From: 672K(2560K)->384K(2560K)
[15564.116s][info][gc,heap        ] GC(34061) ParOldGen: 221677K(221696K)->221845K(222208K)
[15564.116s][info][gc,metaspace   ] GC(34061) Metaspace: 62415K(62656K)->62415K(62656K) NonClass: 53368K(53568K)->53368K(53568K) Class: 9046K(9088K)->9046K(9088K)
[15564.116s][info][gc             ] GC(34061) Pause Young (Allocation Failure) 297M->217M(299M) 2.726ms
[15564.116s][info][gc,cpu         ] GC(34061) User=0.00s Sys=0.00s Real=0.00s
[15564.603s][info][gc,start       ] GC(34062) Pause Young (Allocation Failure)
[15564.605s][info][gc,heap        ] GC(34062) PSYoungGen: 82304K(84480K)->256K(84480K) Eden: 81920K(81920K)->0K(81920K) From: 384K(2560K)->256K(2560K)
[15564.605s][info][gc,heap        ] GC(34062) ParOldGen: 221845K(222208K)->222029K(222208K)
[15564.605s][info][gc,metaspace   ] GC(34062) Metaspace: 62415K(62656K)->62415K(62656K) NonClass: 53368K(53568K)->53368K(53568K) Class: 9046K(9088K)->9046K(9088K)
[15564.605s][info][gc             ] GC(34062) Pause Young (Allocation Failure) 297M->217M(299M) 2.645ms
[15564.605s][info][gc,cpu         ] GC(34062) User=0.01s Sys=0.00s Real=0.00s
[15565.096s][info][gc,start       ] GC(34063) Pause Young (Allocation Failure)
[15565.099s][info][gc,heap        ] GC(34063) PSYoungGen: 82176K(84480K)->1280K(84480K) Eden: 81920K(81920K)->0K(81920K) From: 256K(2560K)->1280K(2560K)
[15565.099s][info][gc,heap        ] GC(34063) ParOldGen: 222029K(222208K)->222213K(222720K)
[15565.099s][info][gc,metaspace   ] GC(34063) Metaspace: 62415K(62656K)->62415K(62656K) NonClass: 53368K(53568K)->53368K(53568K) Class: 9046K(9088K)->9046K(9088K)
[15565.099s][info][gc             ] GC(34063) Pause Young (Allocation Failure) 297M->218M(300M) 3.683ms
[15565.099s][info][gc,cpu         ] GC(34063) User=0.00s Sys=0.00s Real=0.01s
[15565.581s][info][gc,start       ] GC(34064) Pause Young (Allocation Failure)
[15565.584s][info][gc,heap        ] GC(34064) PSYoungGen: 83200K(84480K)->1152K(84480K) Eden: 81920K(81920K)->0K(81920K) From: 1280K(2560K)->1152K(2560K)
[15565.584s][info][gc,heap        ] GC(34064) ParOldGen: 222213K(222720K)->222389K(222720K)
[15565.584s][info][gc,metaspace   ] GC(34064) Metaspace: 62415K(62656K)->62415K(62656K) NonClass: 53368K(53568K)->53368K(53568K) Class: 9046K(9088K)->9046K(9088K)
[15565.584s][info][gc             ] GC(34064) Pause Young (Allocation Failure) 298M->218M(300M) 3.538ms
[15565.584s][info][gc,cpu         ] GC(34064) User=0.00s Sys=0.00s Real=0.00s
[15566.060s][info][gc,start       ] GC(34065) Pause Young (Allocation Failure)
[15566.063s][info][gc,heap        ] GC(34065) PSYoungGen: 83072K(84480K)->928K(84480K) Eden: 81920K(81920K)->0K(81920K) From: 1152K(2560K)->928K(2560K)
[15566.063s][info][gc,heap        ] GC(34065) ParOldGen: 222389K(222720K)->222573K(222720K)
[15566.063s][info][gc,metaspace   ] GC(34065) Metaspace: 62415K(62656K)->62415K(62656K) NonClass: 53368K(53568K)->53368K(53568K) Class: 9046K(9088K)->9046K(9088K)
[15566.063s][info][gc             ] GC(34065) Pause Young (Allocation Failure) 298M->218M(300M) 3.249ms
[15566.063s][info][gc,cpu         ] GC(34065) User=0.01s Sys=0.00s Real=0.00s
[15566.507s][info][gc,start       ] GC(34066) Pause Young (Allocation Failure)
[15566.510s][info][gc,heap        ] GC(34066) PSYoungGen: 82848K(84480K)->320K(84480K) Eden: 81920K(81920K)->0K(81920K) From: 928K(2560K)->320K(2560K)
[15566.510s][info][gc,heap        ] GC(34066) ParOldGen: 222573K(222720K)->222749K(223232K)
[15566.510s][info][gc,metaspace   ] GC(34066) Metaspace: 62415K(62656K)->62415K(62656K) NonClass: 53368K(53568K)->53368K(53568K) Class: 9046K(9088K)->9046K(9088K)
[15566.510s][info][gc             ] GC(34066) Pause Young (Allocation Failure) 298M->217M(300M) 2.616ms
[15566.510s][info][gc,cpu         ] GC(34066) User=0.01s Sys=0.00s Real=0.00s
[15566.953s][info][gc,start       ] GC(34067) Pause Young (Allocation Failure)
[15566.956s][info][gc,heap        ] GC(34067) PSYoungGen: 82240K(84480K)->832K(84480K) Eden: 81920K(81920K)->0K(81920K) From: 320K(2560K)->832K(2560K)
[15566.956s][info][gc,heap        ] GC(34067) ParOldGen: 222749K(223232K)->222925K(223232K)
[15566.956s][info][gc,metaspace   ] GC(34067) Metaspace: 62415K(62656K)->62415K(62656K) NonClass: 53368K(53568K)->53368K(53568K) Class: 9046K(9088K)->9046K(9088K)
[15566.956s][info][gc             ] GC(34067) Pause Young (Allocation Failure) 297M->218M(300M) 3.090ms
[15566.956s][info][gc,cpu         ] GC(34067) User=0.01s Sys=0.00s Real=0.01s
[15567.427s][info][gc,start       ] GC(34068) Pause Young (Allocation Failure)
[15567.429s][info][gc,heap        ] GC(34068) PSYoungGen: 82752K(84480K)->544K(84992K) Eden: 81920K(81920K)->0K(82944K) From: 832K(2560K)->544K(2048K)
[15567.429s][info][gc,heap        ] GC(34068) ParOldGen: 222925K(223232K)->223093K(223232K)
[15567.429s][info][gc,metaspace   ] GC(34068) Metaspace: 62415K(62656K)->62415K(62656K) NonClass: 53368K(53568K)->53368K(53568K) Class: 9046K(9088K)->9046K(9088K)
[15567.429s][info][gc             ] GC(34068) Pause Young (Allocation Failure) 298M->218M(301M) 2.722ms
[15567.429s][info][gc,cpu         ] GC(34068) User=0.00s Sys=0.00s Real=0.00s
[15567.897s][info][gc,start       ] GC(34069) Pause Young (Allocation Failure)
[15567.901s][info][gc,heap        ] GC(34069) PSYoungGen: 83488K(84992K)->1344K(84992K) Eden: 82944K(82944K)->0K(82944K) From: 544K(2048K)->1344K(2048K)
[15567.901s][info][gc,heap        ] GC(34069) ParOldGen: 223093K(223232K)->223261K(223744K)
[15567.901s][info][gc,metaspace   ] GC(34069) Metaspace: 62415K(62656K)->62415K(62656K) NonClass: 53368K(53568K)->53368K(53568K) Class: 9046K(9088K)->9046K(9088K)
[15567.901s][info][gc             ] GC(34069) Pause Young (Allocation Failure) 299M->219M(301M) 3.596ms
[15567.901s][info][gc,cpu         ] GC(34069) User=0.01s Sys=0.00s Real=0.00s
[15568.373s][info][gc,start       ] GC(34070) Pause Young (Allocation Failure)
[15568.376s][info][gc,heap        ] GC(34070) PSYoungGen: 84288K(84992K)->1120K(84992K) Eden: 82944K(82944K)->0K(82944K) From: 1344K(2048K)->1120K(2048K)
[15568.376s][info][gc,heap        ] GC(34070) ParOldGen: 223261K(223744K)->223429K(223744K)
[15568.376s][info][gc,metaspace   ] GC(34070) Metaspace: 62415K(62656K)->62415K(62656K) NonClass: 53368K(53568K)->53368K(53568K) Class: 9046K(9088K)->9046K(9088K)
[15568.376s][info][gc             ] GC(34070) Pause Young (Allocation Failure) 300M->219M(301M) 3.523ms
[15568.376s][info][gc,cpu         ] GC(34070) User=0.00s Sys=0.00s Real=0.01s
[15568.827s][info][gc,start       ] GC(34071) Pause Young (Allocation Failure)
[15568.830s][info][gc,heap        ] GC(34071) PSYoungGen: 84064K(84992K)->544K(84992K) Eden: 82944K(82944K)->0K(82944K) From: 1120K(2048K)->544K(2048K)
[15568.830s][info][gc,heap        ] GC(34071) ParOldGen: 223429K(223744K)->223605K(223744K)
[15568.830s][info][gc,metaspace   ] GC(34071) Metaspace: 62415K(62656K)->62415K(62656K) NonClass: 53368K(53568K)->53368K(53568K) Class: 9046K(9088K)->9046K(9088K)
[15568.830s][info][gc             ] GC(34071) Pause Young (Allocation Failure) 300M->218M(301M) 2.920ms
[15568.830s][info][gc,cpu         ] GC(34071) User=0.00s Sys=0.00s Real=0.00s
[15569.306s][info][gc,start       ] GC(34072) Pause Young (Allocation Failure)
[15569.309s][info][gc,heap        ] GC(34072) PSYoungGen: 83488K(84992K)->320K(84992K) Eden: 82944K(82944K)->0K(82944K) From: 544K(2048K)->320K(2048K)
[15569.309s][info][gc,heap        ] GC(34072) ParOldGen: 223605K(223744K)->223781K(224256K)
[15569.309s][info][gc,metaspace   ] GC(34072) Metaspace: 62415K(62656K)->62415K(62656K) NonClass: 53368K(53568K)->53368K(53568K) Class: 9046K(9088K)->9046K(9088K)
[15569.309s][info][gc             ] GC(34072) Pause Young (Allocation Failure) 299M->218M(302M) 2.599ms
[15569.309s][info][gc,cpu         ] GC(34072) User=0.00s Sys=0.00s Real=0.00s
[15569.768s][info][gc,start       ] GC(34073) Pause Young (Allocation Failure)
[15569.773s][info][gc,heap        ] GC(34073) PSYoungGen: 83264K(84992K)->2016K(82432K) Eden: 82944K(82944K)->0K(80384K) From: 320K(2048K)->2016K(2048K)
[15569.773s][info][gc,heap        ] GC(34073) ParOldGen: 223781K(224256K)->226045K(227328K)
[15569.773s][info][gc,metaspace   ] GC(34073) Metaspace: 62415K(62656K)->62415K(62656K) NonClass: 53368K(53568K)->53368K(53568K) Class: 9046K(9088K)->9046K(9088K)
[15569.773s][info][gc             ] GC(34073) Pause Young (Allocation Failure) 299M->222M(302M) 4.440ms
[15569.773s][info][gc,cpu         ] GC(34073) User=0.01s Sys=0.00s Real=0.00s
[15570.211s][info][gc,start       ] GC(34074) Pause Young (Allocation Failure)
[15570.215s][info][gc,heap        ] GC(34074) PSYoungGen: 82400K(82432K)->352K(82944K) Eden: 80384K(80384K)->0K(80896K) From: 2016K(2048K)->352K(2048K)
[15570.215s][info][gc,heap        ] GC(34074) ParOldGen: 226045K(227328K)->228237K(228864K)
[15570.215s][info][gc,metaspace   ] GC(34074) Metaspace: 62415K(62656K)->62415K(62656K) NonClass: 53368K(53568K)->53368K(53568K) Class: 9046K(9088K)->9046K(9088K)
[15570.215s][info][gc             ] GC(34074) Pause Young (Allocation Failure) 301M->223M(304M) 3.627ms
[15570.215s][info][gc,cpu         ] GC(34074) User=0.01s Sys=0.00s Real=0.00s
[15570.669s][info][gc,start       ] GC(34075) Pause Young (Allocation Failure)
[15570.672s][info][gc,heap        ] GC(34075) PSYoungGen: 81248K(82944K)->960K(83968K) Eden: 80896K(80896K)->0K(80896K) From: 352K(2048K)->960K(3072K)
[15570.672s][info][gc,heap        ] GC(34075) ParOldGen: 228237K(228864K)->228413K(228864K)
[15570.672s][info][gc,metaspace   ] GC(34075) Metaspace: 62415K(62656K)->62415K(62656K) NonClass: 53368K(53568K)->53368K(53568K) Class: 9046K(9088K)->9046K(9088K)
[15570.672s][info][gc             ] GC(34075) Pause Young (Allocation Failure) 302M->223M(305M) 3.322ms
[15570.673s][info][gc,cpu         ] GC(34075) User=0.01s Sys=0.00s Real=0.00s
[15571.106s][info][gc,start       ] GC(34076) Pause Young (Allocation Failure)
[15571.108s][info][gc,heap        ] GC(34076) PSYoungGen: 81856K(83968K)->288K(83968K) Eden: 80896K(80896K)->0K(80896K) From: 960K(3072K)->288K(3072K)
[15571.108s][info][gc,heap        ] GC(34076) ParOldGen: 228413K(228864K)->228581K(228864K)
[15571.108s][info][gc,metaspace   ] GC(34076) Metaspace: 62415K(62656K)->62415K(62656K) NonClass: 53368K(53568K)->53368K(53568K) Class: 9046K(9088K)->9046K(9088K)
[15571.108s][info][gc             ] GC(34076) Pause Young (Allocation Failure) 302M->223M(305M) 2.649ms
[15571.108s][info][gc,cpu         ] GC(34076) User=0.00s Sys=0.00s Real=0.01s
[15571.548s][info][gc,start       ] GC(34077) Pause Young (Allocation Failure)
[15571.551s][info][gc,heap        ] GC(34077) PSYoungGen: 81184K(83968K)->736K(83968K) Eden: 80896K(80896K)->0K(80896K) From: 288K(3072K)->736K(3072K)
[15571.551s][info][gc,heap        ] GC(34077) ParOldGen: 228581K(228864K)->228757K(228864K)
[15571.551s][info][gc,metaspace   ] GC(34077) Metaspace: 62415K(62656K)->62415K(62656K) NonClass: 53368K(53568K)->53368K(53568K) Class: 9046K(9088K)->9046K(9088K)
[15571.551s][info][gc             ] GC(34077) Pause Young (Allocation Failure) 302M->224M(305M) 3.012ms
[15571.551s][info][gc,cpu         ] GC(34077) User=0.01s Sys=0.00s Real=0.00s
[15572.072s][info][gc,start       ] GC(34078) Pause Young (Allocation Failure)
[15572.075s][info][gc,heap        ] GC(34078) PSYoungGen: 81632K(83968K)->1120K(83968K) Eden: 80896K(80896K)->0K(80896K) From: 736K(3072K)->1120K(3072K)
[15572.075s][info][gc,heap        ] GC(34078) ParOldGen: 228757K(228864K)->228925K(229376K)
[15572.075s][info][gc,metaspace   ] GC(34078) Metaspace: 62415K(62656K)->62415K(62656K) NonClass: 53368K(53568K)->53368K(53568K) Class: 9046K(9088K)->9046K(9088K)
[15572.075s][info][gc             ] GC(34078) Pause Young (Allocation Failure) 303M->224M(306M) 3.327ms
[15572.075s][info][gc,cpu         ] GC(34078) User=0.00s Sys=0.00s Real=0.00s
[15572.479s][info][gc,start       ] GC(34079) Pause Young (Allocation Failure)
[15572.482s][info][gc,heap        ] GC(34079) PSYoungGen: 82016K(83968K)->1376K(83968K) Eden: 80896K(80896K)->0K(80896K) From: 1120K(3072K)->1376K(3072K)
[15572.482s][info][gc,heap        ] GC(34079) ParOldGen: 228925K(229376K)->229142K(229376K)
[15572.482s][info][gc,metaspace   ] GC(34079) Metaspace: 62415K(62656K)->62415K(62656K) NonClass: 53368K(53568K)->53368K(53568K) Class: 9046K(9088K)->9046K(9088K)
[15572.482s][info][gc             ] GC(34079) Pause Young (Allocation Failure) 303M->225M(306M) 3.522ms
[15572.482s][info][gc,cpu         ] GC(34079) User=0.01s Sys=0.00s Real=0.00s
[15572.860s][info][gc,start       ] GC(34080) Pause Young (Allocation Failure)
[15572.863s][info][gc,heap        ] GC(34080) PSYoungGen: 82272K(83968K)->1088K(84480K) Eden: 80896K(80896K)->0K(81920K) From: 1376K(3072K)->1088K(2560K)
[15572.863s][info][gc,heap        ] GC(34080) ParOldGen: 229142K(229376K)->229302K(229376K)
[15572.863s][info][gc,metaspace   ] GC(34080) Metaspace: 62415K(62656K)->62415K(62656K) NonClass: 53368K(53568K)->53368K(53568K) Class: 9046K(9088K)->9046K(9088K)
[15572.863s][info][gc             ] GC(34080) Pause Young (Allocation Failure) 304M->224M(306M) 3.305ms
[15572.863s][info][gc,cpu         ] GC(34080) User=0.00s Sys=0.00s Real=0.00s
[15573.274s][info][gc,start       ] GC(34081) Pause Young (Allocation Failure)
[15573.278s][info][gc,heap        ] GC(34081) PSYoungGen: 83008K(84480K)->1248K(84480K) Eden: 81920K(81920K)->0K(81920K) From: 1088K(2560K)->1248K(2560K)
[15573.278s][info][gc,heap        ] GC(34081) ParOldGen: 229302K(229376K)->229478K(229888K)
[15573.278s][info][gc,metaspace   ] GC(34081) Metaspace: 62415K(62656K)->62415K(62656K) NonClass: 53368K(53568K)->53368K(53568K) Class: 9046K(9088K)->9046K(9088K)
[15573.278s][info][gc             ] GC(34081) Pause Young (Allocation Failure) 304M->225M(307M) 4.070ms
[15573.278s][info][gc,cpu         ] GC(34081) User=0.01s Sys=0.00s Real=0.01s
[15573.678s][info][gc,start       ] GC(34082) Pause Young (Allocation Failure)
[15573.681s][info][gc,heap        ] GC(34082) PSYoungGen: 83168K(84480K)->1312K(84480K) Eden: 81920K(81920K)->0K(81920K) From: 1248K(2560K)->1312K(2560K)
[15573.681s][info][gc,heap        ] GC(34082) ParOldGen: 229478K(229888K)->229654K(229888K)
[15573.681s][info][gc,metaspace   ] GC(34082) Metaspace: 62415K(62656K)->62415K(62656K) NonClass: 53368K(53568K)->53368K(53568K) Class: 9046K(9088K)->9046K(9088K)
[15573.681s][info][gc             ] GC(34082) Pause Young (Allocation Failure) 305M->225M(307M) 3.517ms
[15573.681s][info][gc,cpu         ] GC(34082) User=0.00s Sys=0.00s Real=0.00s
[15574.078s][info][gc,start       ] GC(34083) Pause Young (Allocation Failure)
[15574.081s][info][gc,heap        ] GC(34083) PSYoungGen: 83232K(84480K)->1312K(84480K) Eden: 81920K(81920K)->0K(81920K) From: 1312K(2560K)->1312K(2560K)
[15574.081s][info][gc,heap        ] GC(34083) ParOldGen: 229654K(229888K)->229830K(229888K)
[15574.081s][info][gc,metaspace   ] GC(34083) Metaspace: 62415K(62656K)->62415K(62656K) NonClass: 53368K(53568K)->53368K(53568K) Class: 9046K(9088K)->9046K(9088K)
[15574.081s][info][gc             ] GC(34083) Pause Young (Allocation Failure) 305M->225M(307M) 3.546ms
[15574.081s][info][gc,cpu         ] GC(34083) User=0.01s Sys=0.00s Real=0.00s
[15574.471s][info][gc,start       ] GC(34084) Pause Young (Allocation Failure)
[15574.475s][info][gc,heap        ] GC(34084) PSYoungGen: 83232K(84480K)->1216K(84480K) Eden: 81920K(81920K)->0K(81920K) From: 1312K(2560K)->1216K(2560K)
[15574.475s][info][gc,heap        ] GC(34084) ParOldGen: 229830K(229888K)->229998K(230400K)
[15574.475s][info][gc,metaspace   ] GC(34084) Metaspace: 62415K(62656K)->62415K(62656K) NonClass: 53368K(53568K)->53368K(53568K) Class: 9046K(9088K)->9046K(9088K)
[15574.475s][info][gc             ] GC(34084) Pause Young (Allocation Failure) 305M->225M(307M) 3.535ms
[15574.475s][info][gc,cpu         ] GC(34084) User=0.00s Sys=0.00s Real=0.00s
[15574.893s][info][gc,start       ] GC(34085) Pause Young (Allocation Failure)
[15574.896s][info][gc,heap        ] GC(34085) PSYoungGen: 83136K(84480K)->1376K(84480K) Eden: 81920K(81920K)->0K(81920K) From: 1216K(2560K)->1376K(2560K)
[15574.896s][info][gc,heap        ] GC(34085) ParOldGen: 229998K(230400K)->230166K(230400K)
[15574.896s][info][gc,metaspace   ] GC(34085) Metaspace: 62415K(62656K)->62415K(62656K) NonClass: 53368K(53568K)->53368K(53568K) Class: 9046K(9088K)->9046K(9088K)
[15574.896s][info][gc             ] GC(34085) Pause Young (Allocation Failure) 305M->226M(307M) 3.550ms
[15574.896s][info][gc,cpu         ] GC(34085) User=0.00s Sys=0.00s Real=0.01s
[15575.335s][info][gc,start       ] GC(34086) Pause Young (Allocation Failure)
[15575.338s][info][gc,heap        ] GC(34086) PSYoungGen: 83296K(84480K)->640K(84480K) Eden: 81920K(81920K)->0K(81920K) From: 1376K(2560K)->640K(2560K)
[15575.338s][info][gc,heap        ] GC(34086) ParOldGen: 230166K(230400K)->230342K(230400K)
[15575.338s][info][gc,metaspace   ] GC(34086) Metaspace: 62415K(62656K)->62415K(62656K) NonClass: 53368K(53568K)->53368K(53568K) Class: 9046K(9088K)->9046K(9088K)
[15575.338s][info][gc             ] GC(34086) Pause Young (Allocation Failure) 306M->225M(307M) 2.966ms
[15575.338s][info][gc,cpu         ] GC(34086) User=0.01s Sys=0.00s Real=0.01s
[15575.780s][info][gc,start       ] GC(34087) Pause Young (Allocation Failure)
[15575.783s][info][gc,heap        ] GC(34087) PSYoungGen: 82560K(84480K)->1184K(84480K) Eden: 81920K(81920K)->0K(81920K) From: 640K(2560K)->1184K(2560K)
[15575.783s][info][gc,heap        ] GC(34087) ParOldGen: 230342K(230400K)->230526K(230912K)
[15575.783s][info][gc,metaspace   ] GC(34087) Metaspace: 62415K(62656K)->62415K(62656K) NonClass: 53368K(53568K)->53368K(53568K) Class: 9046K(9088K)->9046K(9088K)
[15575.783s][info][gc             ] GC(34087) Pause Young (Allocation Failure) 305M->226M(308M) 3.530ms
[15575.783s][info][gc,cpu         ] GC(34087) User=0.01s Sys=0.00s Real=0.00s
[15576.222s][info][gc,start       ] GC(34088) Pause Young (Allocation Failure)
[15576.225s][info][gc,heap        ] GC(34088) PSYoungGen: 83104K(84480K)->512K(84480K) Eden: 81920K(81920K)->0K(81920K) From: 1184K(2560K)->512K(2560K)
[15576.225s][info][gc,heap        ] GC(34088) ParOldGen: 230526K(230912K)->230702K(230912K)
[15576.225s][info][gc,metaspace   ] GC(34088) Metaspace: 62415K(62656K)->62415K(62656K) NonClass: 53368K(53568K)->53368K(53568K) Class: 9046K(9088K)->9046K(9088K)
[15576.225s][info][gc             ] GC(34088) Pause Young (Allocation Failure) 306M->225M(308M) 2.747ms
[15576.225s][info][gc,cpu         ] GC(34088) User=0.01s Sys=0.00s Real=0.00s
[15576.665s][info][gc,start       ] GC(34089) Pause Young (Allocation Failure)
[15576.668s][info][gc,heap        ] GC(34089) PSYoungGen: 82432K(84480K)->1024K(84480K) Eden: 81920K(81920K)->0K(81920K) From: 512K(2560K)->1024K(2560K)
[15576.668s][info][gc,heap        ] GC(34089) ParOldGen: 230702K(230912K)->230870K(230912K)
[15576.668s][info][gc,metaspace   ] GC(34089) Metaspace: 62415K(62656K)->62415K(62656K) NonClass: 53368K(53568K)->53368K(53568K) Class: 9046K(9088K)->9046K(9088K)
[15576.668s][info][gc             ] GC(34089) Pause Young (Allocation Failure) 305M->226M(308M) 3.351ms
[15576.668s][info][gc,cpu         ] GC(34089) User=0.01s Sys=0.00s Real=0.01s
[15577.084s][info][gc,start       ] GC(34090) Pause Young (Allocation Failure)
[15577.088s][info][gc,heap        ] GC(34090) PSYoungGen: 82944K(84480K)->1312K(84992K) Eden: 81920K(81920K)->0K(82944K) From: 1024K(2560K)->1312K(2048K)
[15577.088s][info][gc,heap        ] GC(34090) ParOldGen: 230870K(230912K)->231046K(231424K)
[15577.088s][info][gc,metaspace   ] GC(34090) Metaspace: 62415K(62656K)->62415K(62656K) NonClass: 53368K(53568K)->53368K(53568K) Class: 9046K(9088K)->9046K(9088K)
[15577.088s][info][gc             ] GC(34090) Pause Young (Allocation Failure) 306M->226M(309M) 3.695ms
[15577.088s][info][gc,cpu         ] GC(34090) User=0.01s Sys=0.00s Real=0.01s
[15577.519s][info][gc,start       ] GC(34091) Pause Young (Allocation Failure)
[15577.522s][info][gc,heap        ] GC(34091) PSYoungGen: 84256K(84992K)->448K(84992K) Eden: 82944K(82944K)->0K(82944K) From: 1312K(2048K)->448K(2048K)
[15577.522s][info][gc,heap        ] GC(34091) ParOldGen: 231046K(231424K)->231214K(231424K)
[15577.522s][info][gc,metaspace   ] GC(34091) Metaspace: 62425K(62656K)->62425K(62656K) NonClass: 53379K(53568K)->53379K(53568K) Class: 9046K(9088K)->9046K(9088K)
[15577.522s][info][gc             ] GC(34091) Pause Young (Allocation Failure) 307M->226M(309M) 2.724ms
[15577.522s][info][gc,cpu         ] GC(34091) User=0.01s Sys=0.00s Real=0.00s
[15577.952s][info][gc,start       ] GC(34092) Pause Young (Allocation Failure)
[15577.956s][info][gc,heap        ] GC(34092) PSYoungGen: 83392K(84992K)->896K(84992K) Eden: 82944K(82944K)->0K(82944K) From: 448K(2048K)->896K(2048K)
[15577.956s][info][gc,heap        ] GC(34092) ParOldGen: 231214K(231424K)->231382K(231424K)
[15577.956s][info][gc,metaspace   ] GC(34092) Metaspace: 62425K(62656K)->62425K(62656K) NonClass: 53379K(53568K)->53379K(53568K) Class: 9046K(9088K)->9046K(9088K)
[15577.956s][info][gc             ] GC(34092) Pause Young (Allocation Failure) 307M->226M(309M) 3.225ms
[15577.956s][info][gc,cpu         ] GC(34092) User=0.01s Sys=0.00s Real=0.00s
[15578.366s][info][gc,start       ] GC(34093) Pause Young (Allocation Failure)
[15578.369s][info][gc,heap        ] GC(34093) PSYoungGen: 83840K(84992K)->1120K(84992K) Eden: 82944K(82944K)->0K(82944K) From: 896K(2048K)->1120K(2048K)
[15578.369s][info][gc,heap        ] GC(34093) ParOldGen: 231382K(231424K)->231550K(231936K)
[15578.369s][info][gc,metaspace   ] GC(34093) Metaspace: 62425K(62656K)->62425K(62656K) NonClass: 53379K(53568K)->53379K(53568K) Class: 9046K(9088K)->9046K(9088K)
[15578.369s][info][gc             ] GC(34093) Pause Young (Allocation Failure) 307M->227M(309M) 3.543ms
[15578.369s][info][gc,cpu         ] GC(34093) User=0.00s Sys=0.01s Real=0.01s
[15578.779s][info][gc,start       ] GC(34094) Pause Young (Allocation Failure)
[15578.782s][info][gc,heap        ] GC(34094) PSYoungGen: 84064K(84992K)->1216K(84992K) Eden: 82944K(82944K)->0K(82944K) From: 1120K(2048K)->1216K(2048K)
[15578.782s][info][gc,heap        ] GC(34094) ParOldGen: 231550K(231936K)->231718K(231936K)
[15578.782s][info][gc,metaspace   ] GC(34094) Metaspace: 62425K(62656K)->62425K(62656K) NonClass: 53379K(53568K)->53379K(53568K) Class: 9046K(9088K)->9046K(9088K)
[15578.782s][info][gc             ] GC(34094) Pause Young (Allocation Failure) 308M->227M(309M) 3.442ms
[15578.782s][info][gc,cpu         ] GC(34094) User=0.00s Sys=0.00s Real=0.00s
[15579.191s][info][gc,start       ] GC(34095) Pause Young (Allocation Failure)
[15579.195s][info][gc,heap        ] GC(34095) PSYoungGen: 84160K(84992K)->1440K(84992K) Eden: 82944K(82944K)->0K(82944K) From: 1216K(2048K)->1440K(2048K)
[15579.195s][info][gc,heap        ] GC(34095) ParOldGen: 231718K(231936K)->231878K(231936K)
[15579.195s][info][gc,metaspace   ] GC(34095) Metaspace: 62425K(62656K)->62425K(62656K) NonClass: 53379K(53568K)->53379K(53568K) Class: 9046K(9088K)->9046K(9088K)
[15579.195s][info][gc             ] GC(34095) Pause Young (Allocation Failure) 308M->227M(309M) 3.698ms
[15579.195s][info][gc,cpu         ] GC(34095) User=0.01s Sys=0.00s Real=0.00s
[15579.593s][info][gc,start       ] GC(34096) Pause Young (Allocation Failure)
[15579.597s][info][gc,heap        ] GC(34096) PSYoungGen: 84384K(84992K)->1536K(84992K) Eden: 82944K(82944K)->0K(82944K) From: 1440K(2048K)->1536K(2048K)
[15579.597s][info][gc,heap        ] GC(34096) ParOldGen: 231878K(231936K)->232046K(232448K)
[15579.597s][info][gc,metaspace   ] GC(34096) Metaspace: 62425K(62656K)->62425K(62656K) NonClass: 53379K(53568K)->53379K(53568K) Class: 9046K(9088K)->9046K(9088K)
[15579.597s][info][gc             ] GC(34096) Pause Young (Allocation Failure) 308M->228M(310M) 3.876ms
[15579.597s][info][gc,cpu         ] GC(34096) User=0.01s Sys=0.00s Real=0.01s
[15580.028s][info][gc,start       ] GC(34097) Pause Young (Allocation Failure)
[15580.031s][info][gc,heap        ] GC(34097) PSYoungGen: 84480K(84992K)->544K(84992K) Eden: 82944K(82944K)->0K(82944K) From: 1536K(2048K)->544K(2048K)
[15580.031s][info][gc,heap        ] GC(34097) ParOldGen: 232046K(232448K)->232214K(232448K)
[15580.031s][info][gc,metaspace   ] GC(34097) Metaspace: 62425K(62656K)->62425K(62656K) NonClass: 53379K(53568K)->53379K(53568K) Class: 9046K(9088K)->9046K(9088K)
[15580.031s][info][gc             ] GC(34097) Pause Young (Allocation Failure) 309M->227M(310M) 2.792ms
[15580.031s][info][gc,cpu         ] GC(34097) User=0.01s Sys=0.00s Real=0.00s
[15580.428s][info][gc,start       ] GC(34098) Pause Young (Allocation Failure)
[15580.430s][info][gc,heap        ] GC(34098) PSYoungGen: 83488K(84992K)->576K(84992K) Eden: 82944K(82944K)->0K(82944K) From: 544K(2048K)->576K(2048K)
[15580.430s][info][gc,heap        ] GC(34098) ParOldGen: 232214K(232448K)->232374K(232448K)
[15580.430s][info][gc,metaspace   ] GC(34098) Metaspace: 62425K(62656K)->62425K(62656K) NonClass: 53379K(53568K)->53379K(53568K) Class: 9046K(9088K)->9046K(9088K)
[15580.430s][info][gc             ] GC(34098) Pause Young (Allocation Failure) 308M->227M(310M) 2.755ms
[15580.430s][info][gc,cpu         ] GC(34098) User=0.00s Sys=0.00s Real=0.00s
[15580.920s][info][gc,start       ] GC(34099) Pause Young (Allocation Failure)
[15580.924s][info][gc,heap        ] GC(34099) PSYoungGen: 83520K(84992K)->1536K(84992K) Eden: 82944K(82944K)->0K(82944K) From: 576K(2048K)->1536K(2048K)
[15580.924s][info][gc,heap        ] GC(34099) ParOldGen: 232374K(232448K)->233558K(233984K)
[15580.924s][info][gc,metaspace   ] GC(34099) Metaspace: 62425K(62656K)->62425K(62656K) NonClass: 53379K(53568K)->53379K(53568K) Class: 9046K(9088K)->9046K(9088K)
[15580.924s][info][gc             ] GC(34099) Pause Young (Allocation Failure) 308M->229M(311M) 3.446ms
[15580.924s][info][gc,cpu         ] GC(34099) User=0.01s Sys=0.00s Real=0.00s
[15581.320s][info][gc,start       ] GC(34100) Pause Young (Allocation Failure)
[15581.324s][info][gc,heap        ] GC(34100) PSYoungGen: 84480K(84992K)->480K(83968K) Eden: 82944K(82944K)->0K(81920K) From: 1536K(2048K)->480K(2048K)
[15581.324s][info][gc,heap        ] GC(34100) ParOldGen: 233558K(233984K)->235822K(237056K)
[15581.324s][info][gc,metaspace   ] GC(34100) Metaspace: 62425K(62656K)->62425K(62656K) NonClass: 53379K(53568K)->53379K(53568K) Class: 9046K(9088K)->9046K(9088K)
[15581.324s][info][gc             ] GC(34100) Pause Young (Allocation Failure) 310M->230M(313M) 3.934ms
[15581.324s][info][gc,cpu         ] GC(34100) User=0.01s Sys=0.00s Real=0.00s
[15581.740s][info][gc,start       ] GC(34101) Pause Young (Allocation Failure)
[15581.743s][info][gc,heap        ] GC(34101) PSYoungGen: 82400K(83968K)->704K(84480K) Eden: 81920K(81920K)->0K(81920K) From: 480K(2048K)->704K(2560K)
[15581.743s][info][gc,heap        ] GC(34101) ParOldGen: 235822K(237056K)->235990K(237056K)
[15581.743s][info][gc,metaspace   ] GC(34101) Metaspace: 62425K(62656K)->62425K(62656K) NonClass: 53379K(53568K)->53379K(53568K) Class: 9046K(9088K)->9046K(9088K)
[15581.743s][info][gc             ] GC(34101) Pause Young (Allocation Failure) 310M->231M(314M) 2.815ms
[15581.743s][info][gc,cpu         ] GC(34101) User=0.01s Sys=0.00s Real=0.00s
[15582.173s][info][gc,start       ] GC(34102) Pause Young (Allocation Failure)
[15582.176s][info][gc,heap        ] GC(34102) PSYoungGen: 82624K(84480K)->1120K(84992K) Eden: 81920K(81920K)->0K(82944K) From: 704K(2560K)->1120K(2048K)
[15582.176s][info][gc,heap        ] GC(34102) ParOldGen: 235990K(237056K)->236150K(237056K)
[15582.176s][info][gc,metaspace   ] GC(34102) Metaspace: 62425K(62656K)->62425K(62656K) NonClass: 53379K(53568K)->53379K(53568K) Class: 9046K(9088K)->9046K(9088K)
[15582.176s][info][gc             ] GC(34102) Pause Young (Allocation Failure) 311M->231M(314M) 3.403ms
[15582.176s][info][gc,cpu         ] GC(34102) User=0.00s Sys=0.00s Real=0.01s
[15582.615s][info][gc,start       ] GC(34103) Pause Young (Allocation Failure)
[15582.617s][info][gc,heap        ] GC(34103) PSYoungGen: 84064K(84992K)->416K(84992K) Eden: 82944K(82944K)->0K(82944K) From: 1120K(2048K)->416K(2048K)
[15582.618s][info][gc,heap        ] GC(34103) ParOldGen: 236150K(237056K)->236310K(237056K)
[15582.618s][info][gc,metaspace   ] GC(34103) Metaspace: 62425K(62656K)->62425K(62656K) NonClass: 53379K(53568K)->53379K(53568K) Class: 9046K(9088K)->9046K(9088K)
[15582.618s][info][gc             ] GC(34103) Pause Young (Allocation Failure) 312M->231M(314M) 2.649ms
[15582.618s][info][gc,cpu         ] GC(34103) User=0.01s Sys=0.00s Real=0.01s
[15583.018s][info][gc,start       ] GC(34104) Pause Young (Allocation Failure)
[15583.021s][info][gc,heap        ] GC(34104) PSYoungGen: 83360K(84992K)->480K(84992K) Eden: 82944K(82944K)->0K(82944K) From: 416K(2048K)->480K(2048K)
[15583.021s][info][gc,heap        ] GC(34104) ParOldGen: 236310K(237056K)->236470K(237056K)
[15583.021s][info][gc,metaspace   ] GC(34104) Metaspace: 62425K(62656K)->62425K(62656K) NonClass: 53379K(53568K)->53379K(53568K) Class: 9046K(9088K)->9046K(9088K)
[15583.021s][info][gc             ] GC(34104) Pause Young (Allocation Failure) 312M->231M(314M) 2.709ms
[15583.021s][info][gc,cpu         ] GC(34104) User=0.01s Sys=0.00s Real=0.00s
[15583.447s][info][gc,start       ] GC(34105) Pause Young (Allocation Failure)
[15583.450s][info][gc,heap        ] GC(34105) PSYoungGen: 83424K(84992K)->800K(84992K) Eden: 82944K(82944K)->0K(82944K) From: 480K(2048K)->800K(2048K)
[15583.450s][info][gc,heap        ] GC(34105) ParOldGen: 236470K(237056K)->236630K(237056K)
[15583.450s][info][gc,metaspace   ] GC(34105) Metaspace: 62425K(62656K)->62425K(62656K) NonClass: 53379K(53568K)->53379K(53568K) Class: 9046K(9088K)->9046K(9088K)
[15583.450s][info][gc             ] GC(34105) Pause Young (Allocation Failure) 312M->231M(314M) 3.001ms
[15583.450s][info][gc,cpu         ] GC(34105) User=0.00s Sys=0.00s Real=0.00s
[15583.856s][info][gc,start       ] GC(34106) Pause Young (Allocation Failure)
[15583.859s][info][gc,heap        ] GC(34106) PSYoungGen: 83744K(84992K)->1056K(84992K) Eden: 82944K(82944K)->0K(82944K) From: 800K(2048K)->1056K(2048K)
[15583.859s][info][gc,heap        ] GC(34106) ParOldGen: 236630K(237056K)->236790K(237056K)
[15583.859s][info][gc,metaspace   ] GC(34106) Metaspace: 62425K(62656K)->62425K(62656K) NonClass: 53379K(53568K)->53379K(53568K) Class: 9046K(9088K)->9046K(9088K)
[15583.859s][info][gc             ] GC(34106) Pause Young (Allocation Failure) 312M->232M(314M) 3.358ms
[15583.859s][info][gc,cpu         ] GC(34106) User=0.01s Sys=0.00s Real=0.01s
[15584.221s][info][gc,start       ] GC(34107) Pause Young (Allocation Failure)
[15584.224s][info][gc,heap        ] GC(34107) PSYoungGen: 84000K(84992K)->512K(84992K) Eden: 82944K(82944K)->0K(82944K) From: 1056K(2048K)->512K(2048K)
[15584.224s][info][gc,heap        ] GC(34107) ParOldGen: 236790K(237056K)->236950K(237056K)
[15584.224s][info][gc,metaspace   ] GC(34107) Metaspace: 62425K(62656K)->62425K(62656K) NonClass: 53379K(53568K)->53379K(53568K) Class: 9046K(9088K)->9046K(9088K)
[15584.224s][info][gc             ] GC(34107) Pause Young (Allocation Failure) 313M->231M(314M) 2.731ms
[15584.224s][info][gc,cpu         ] GC(34107) User=0.01s Sys=0.00s Real=0.00s
[15584.620s][info][gc,start       ] GC(34108) Pause Young (Allocation Failure)
[15584.623s][info][gc,heap        ] GC(34108) PSYoungGen: 83456K(84992K)->480K(84992K) Eden: 82944K(82944K)->0K(82944K) From: 512K(2048K)->480K(2048K)
[15584.623s][info][gc,heap        ] GC(34108) ParOldGen: 236950K(237056K)->237110K(237568K)
[15584.623s][info][gc,metaspace   ] GC(34108) Metaspace: 62425K(62656K)->62425K(62656K) NonClass: 53379K(53568K)->53379K(53568K) Class: 9046K(9088K)->9046K(9088K)
[15584.623s][info][gc             ] GC(34108) Pause Young (Allocation Failure) 312M->232M(315M) 2.776ms
[15584.623s][info][gc,cpu         ] GC(34108) User=0.01s Sys=0.00s Real=0.00s
[15585.069s][info][gc,start       ] GC(34109) Pause Young (Allocation Failure)
[15585.072s][info][gc,heap        ] GC(34109) PSYoungGen: 83424K(84992K)->1056K(84992K) Eden: 82944K(82944K)->0K(82944K) From: 480K(2048K)->1056K(2048K)
[15585.072s][info][gc,heap        ] GC(34109) ParOldGen: 237110K(237568K)->237270K(237568K)
[15585.072s][info][gc,metaspace   ] GC(34109) Metaspace: 62425K(62656K)->62425K(62656K) NonClass: 53379K(53568K)->53379K(53568K) Class: 9046K(9088K)->9046K(9088K)
[15585.072s][info][gc             ] GC(34109) Pause Young (Allocation Failure) 313M->232M(315M) 3.390ms
[15585.072s][info][gc,cpu         ] GC(34109) User=0.01s Sys=0.00s Real=0.00s
[15585.522s][info][gc,start       ] GC(34110) Pause Young (Allocation Failure)
[15585.525s][info][gc,heap        ] GC(34110) PSYoungGen: 84000K(84992K)->512K(84992K) Eden: 82944K(82944K)->0K(82944K) From: 1056K(2048K)->512K(2048K)
[15585.525s][info][gc,heap        ] GC(34110) ParOldGen: 237270K(237568K)->237430K(237568K)
[15585.525s][info][gc,metaspace   ] GC(34110) Metaspace: 62425K(62656K)->62425K(62656K) NonClass: 53379K(53568K)->53379K(53568K) Class: 9046K(9088K)->9046K(9088K)
[15585.525s][info][gc             ] GC(34110) Pause Young (Allocation Failure) 313M->232M(315M) 2.868ms
[15585.525s][info][gc,cpu         ] GC(34110) User=0.00s Sys=0.01s Real=0.00s
[15585.972s][info][gc,start       ] GC(34111) Pause Young (Allocation Failure)
[15585.976s][info][gc,heap        ] GC(34111) PSYoungGen: 83456K(84992K)->1088K(84992K) Eden: 82944K(82944K)->0K(82944K) From: 512K(2048K)->1088K(2048K)
[15585.976s][info][gc,heap        ] GC(34111) ParOldGen: 237430K(237568K)->237598K(238080K)
[15585.976s][info][gc,metaspace   ] GC(34111) Metaspace: 62425K(62656K)->62425K(62656K) NonClass: 53379K(53568K)->53379K(53568K) Class: 9046K(9088K)->9046K(9088K)
[15585.976s][info][gc             ] GC(34111) Pause Young (Allocation Failure) 313M->233M(315M) 3.464ms
[15585.976s][info][gc,cpu         ] GC(34111) User=0.01s Sys=0.00s Real=0.00s
[15586.448s][info][gc,start       ] GC(34112) Pause Young (Allocation Failure)
[15586.452s][info][gc,heap        ] GC(34112) PSYoungGen: 84032K(84992K)->1824K(84992K) Eden: 82944K(82944K)->0K(82944K) From: 1088K(2048K)->1824K(2048K)
[15586.452s][info][gc,heap        ] GC(34112) ParOldGen: 237598K(238080K)->238790K(239616K)
[15586.452s][info][gc,metaspace   ] GC(34112) Metaspace: 62425K(62656K)->62425K(62656K) NonClass: 53379K(53568K)->53379K(53568K) Class: 9046K(9088K)->9046K(9088K)
[15586.452s][info][gc             ] GC(34112) Pause Young (Allocation Failure) 314M->234M(317M) 3.792ms
[15586.452s][info][gc,cpu         ] GC(34112) User=0.01s Sys=0.00s Real=0.00s
[15586.937s][info][gc,start       ] GC(34113) Pause Young (Allocation Failure)
[15586.941s][info][gc,heap        ] GC(34113) PSYoungGen: 84768K(84992K)->640K(84992K) Eden: 82944K(82944K)->0K(82944K) From: 1824K(2048K)->640K(2048K)
[15586.941s][info][gc,heap        ] GC(34113) ParOldGen: 238790K(239616K)->240998K(241152K)
[15586.941s][info][gc,metaspace   ] GC(34113) Metaspace: 62425K(62656K)->62425K(62656K) NonClass: 53379K(53568K)->53379K(53568K) Class: 9046K(9088K)->9046K(9088K)
[15586.941s][info][gc             ] GC(34113) Pause Young (Allocation Failure) 315M->235M(318M) 4.187ms
[15586.941s][info][gc,cpu         ] GC(34113) User=0.00s Sys=0.00s Real=0.00s
[15587.419s][info][gc,start       ] GC(34114) Pause Young (Allocation Failure)
[15587.422s][info][gc,heap        ] GC(34114) PSYoungGen: 83584K(84992K)->416K(84992K) Eden: 82944K(82944K)->0K(82944K) From: 640K(2048K)->416K(2048K)
[15587.422s][info][gc,heap        ] GC(34114) ParOldGen: 240998K(241152K)->241166K(241664K)
[15587.422s][info][gc,metaspace   ] GC(34114) Metaspace: 62425K(62656K)->62425K(62656K) NonClass: 53379K(53568K)->53379K(53568K) Class: 9046K(9088K)->9046K(9088K)
[15587.422s][info][gc             ] GC(34114) Pause Young (Allocation Failure) 316M->235M(319M) 2.777ms
[15587.422s][info][gc,cpu         ] GC(34114) User=0.01s Sys=0.00s Real=0.00s
[15587.897s][info][gc,start       ] GC(34115) Pause Young (Allocation Failure)
[15587.901s][info][gc,heap        ] GC(34115) PSYoungGen: 83360K(84992K)->1344K(84992K) Eden: 82944K(82944K)->0K(82944K) From: 416K(2048K)->1344K(2048K)
[15587.901s][info][gc,heap        ] GC(34115) ParOldGen: 241166K(241664K)->241334K(241664K)
[15587.901s][info][gc,metaspace   ] GC(34115) Metaspace: 62425K(62656K)->62425K(62656K) NonClass: 53379K(53568K)->53379K(53568K) Class: 9046K(9088K)->9046K(9088K)
[15587.901s][info][gc             ] GC(34115) Pause Young (Allocation Failure) 316M->236M(319M) 3.747ms
[15587.901s][info][gc,cpu         ] GC(34115) User=0.00s Sys=0.00s Real=0.00s
[15588.384s][info][gc,start       ] GC(34116) Pause Young (Allocation Failure)
[15588.388s][info][gc,heap        ] GC(34116) PSYoungGen: 84288K(84992K)->1152K(84992K) Eden: 82944K(82944K)->0K(82944K) From: 1344K(2048K)->1152K(2048K)
[15588.388s][info][gc,heap        ] GC(34116) ParOldGen: 241334K(241664K)->241502K(241664K)
[15588.388s][info][gc,metaspace   ] GC(34116) Metaspace: 62425K(62656K)->62425K(62656K) NonClass: 53379K(53568K)->53379K(53568K) Class: 9046K(9088K)->9046K(9088K)
[15588.388s][info][gc             ] GC(34116) Pause Young (Allocation Failure) 317M->236M(319M) 3.603ms
[15588.388s][info][gc,cpu         ] GC(34116) User=0.01s Sys=0.00s Real=0.01s
[15588.846s][info][gc,start       ] GC(34117) Pause Young (Allocation Failure)
[15588.849s][info][gc,heap        ] GC(34117) PSYoungGen: 84096K(84992K)->800K(84992K) Eden: 82944K(82944K)->0K(82944K) From: 1152K(2048K)->800K(2048K)
[15588.849s][info][gc,heap        ] GC(34117) ParOldGen: 241502K(241664K)->241662K(241664K)
[15588.849s][info][gc,metaspace   ] GC(34117) Metaspace: 62425K(62656K)->62425K(62656K) NonClass: 53379K(53568K)->53379K(53568K) Class: 9046K(9088K)->9046K(9088K)
[15588.849s][info][gc             ] GC(34117) Pause Young (Allocation Failure) 317M->236M(319M) 3.065ms
[15588.849s][info][gc,cpu         ] GC(34117) User=0.00s Sys=0.00s Real=0.00s
[15589.322s][info][gc,start       ] GC(34118) Pause Young (Allocation Failure)
[15589.325s][info][gc,heap        ] GC(34118) PSYoungGen: 83744K(84992K)->512K(84992K) Eden: 82944K(82944K)->0K(82944K) From: 800K(2048K)->512K(2048K)
[15589.325s][info][gc,heap        ] GC(34118) ParOldGen: 241662K(241664K)->241822K(242176K)
[15589.325s][info][gc,metaspace   ] GC(34118) Metaspace: 62425K(62656K)->62425K(62656K) NonClass: 53379K(53568K)->53379K(53568K) Class: 9046K(9088K)->9046K(9088K)
[15589.325s][info][gc             ] GC(34118) Pause Young (Allocation Failure) 317M->236M(319M) 2.843ms
[15589.325s][info][gc,cpu         ] GC(34118) User=0.00s Sys=0.00s Real=0.00s
[15589.813s][info][gc,start       ] GC(34119) Pause Young (Allocation Failure)
[15589.816s][info][gc,heap        ] GC(34119) PSYoungGen: 83456K(84992K)->448K(84992K) Eden: 82944K(82944K)->0K(82944K) From: 512K(2048K)->448K(2048K)
[15589.816s][info][gc,heap        ] GC(34119) ParOldGen: 241822K(242176K)->241990K(242176K)
[15589.816s][info][gc,metaspace   ] GC(34119) Metaspace: 62425K(62656K)->62425K(62656K) NonClass: 53379K(53568K)->53379K(53568K) Class: 9046K(9088K)->9046K(9088K)
[15589.816s][info][gc             ] GC(34119) Pause Young (Allocation Failure) 317M->236M(319M) 2.766ms
[15589.816s][info][gc,cpu         ] GC(34119) User=0.00s Sys=0.01s Real=0.00s
[15590.245s][info][gc,start       ] GC(34120) Pause Young (Allocation Failure)
[15590.248s][info][gc,heap        ] GC(34120) PSYoungGen: 83392K(84992K)->800K(84992K) Eden: 82944K(82944K)->0K(82944K) From: 448K(2048K)->800K(2048K)
[15590.248s][info][gc,heap        ] GC(34120) ParOldGen: 241990K(242176K)->242214K(242688K)
[15590.248s][info][gc,metaspace   ] GC(34120) Metaspace: 62425K(62656K)->62425K(62656K) NonClass: 53379K(53568K)->53379K(53568K) Class: 9046K(9088K)->9046K(9088K)
[15590.248s][info][gc             ] GC(34120) Pause Young (Allocation Failure) 317M->237M(320M) 3.193ms
[15590.248s][info][gc,cpu         ] GC(34120) User=0.00s Sys=0.00s Real=0.01s
[15590.728s][info][gc,start       ] GC(34121) Pause Young (Allocation Failure)
[15590.731s][info][gc,heap        ] GC(34121) PSYoungGen: 83744K(84992K)->544K(84992K) Eden: 82944K(82944K)->0K(82944K) From: 800K(2048K)->544K(2048K)
[15590.731s][info][gc,heap        ] GC(34121) ParOldGen: 242214K(242688K)->242374K(242688K)
[15590.731s][info][gc,metaspace   ] GC(34121) Metaspace: 62425K(62656K)->62425K(62656K) NonClass: 53379K(53568K)->53379K(53568K) Class: 9046K(9088K)->9046K(9088K)
[15590.731s][info][gc             ] GC(34121) Pause Young (Allocation Failure) 318M->237M(320M) 2.827ms
[15590.731s][info][gc,cpu         ] GC(34121) User=0.01s Sys=0.00s Real=0.00s
[15591.209s][info][gc,start       ] GC(34122) Pause Young (Allocation Failure)
[15591.211s][info][gc,heap        ] GC(34122) PSYoungGen: 83488K(84992K)->320K(84992K) Eden: 82944K(82944K)->0K(82944K) From: 544K(2048K)->320K(2048K)
[15591.211s][info][gc,heap        ] GC(34122) ParOldGen: 242374K(242688K)->242534K(242688K)
[15591.211s][info][gc,metaspace   ] GC(34122) Metaspace: 62425K(62656K)->62425K(62656K) NonClass: 53379K(53568K)->53379K(53568K) Class: 9046K(9088K)->9046K(9088K)
[15591.212s][info][gc             ] GC(34122) Pause Young (Allocation Failure) 318M->237M(320M) 2.676ms
[15591.212s][info][gc,cpu         ] GC(34122) User=0.00s Sys=0.00s Real=0.00s
[15591.651s][info][gc,start       ] GC(34123) Pause Young (Allocation Failure)
[15591.654s][info][gc,heap        ] GC(34123) PSYoungGen: 83264K(84992K)->864K(84992K) Eden: 82944K(82944K)->0K(82944K) From: 320K(2048K)->864K(2048K)
[15591.654s][info][gc,heap        ] GC(34123) ParOldGen: 242534K(242688K)->242694K(243200K)
[15591.654s][info][gc,metaspace   ] GC(34123) Metaspace: 62425K(62656K)->62425K(62656K) NonClass: 53379K(53568K)->53379K(53568K) Class: 9046K(9088K)->9046K(9088K)
[15591.654s][info][gc             ] GC(34123) Pause Young (Allocation Failure) 318M->237M(320M) 3.096ms
[15591.654s][info][gc,cpu         ] GC(34123) User=0.00s Sys=0.00s Real=0.00s
[15592.129s][info][gc,start       ] GC(34124) Pause Young (Allocation Failure)
[15592.132s][info][gc,heap        ] GC(34124) PSYoungGen: 83808K(84992K)->576K(84992K) Eden: 82944K(82944K)->0K(82944K) From: 864K(2048K)->576K(2048K)
[15592.132s][info][gc,heap        ] GC(34124) ParOldGen: 242694K(243200K)->242854K(243200K)
[15592.132s][info][gc,metaspace   ] GC(34124) Metaspace: 62425K(62656K)->62425K(62656K) NonClass: 53379K(53568K)->53379K(53568K) Class: 9046K(9088K)->9046K(9088K)
[15592.132s][info][gc             ] GC(34124) Pause Young (Allocation Failure) 318M->237M(320M) 2.790ms
[15592.132s][info][gc,cpu         ] GC(34124) User=0.01s Sys=0.00s Real=0.00s
[15592.578s][info][gc,start       ] GC(34125) Pause Young (Allocation Failure)
[15592.582s][info][gc,heap        ] GC(34125) PSYoungGen: 83520K(84992K)->2016K(84992K) Eden: 82944K(82944K)->0K(82944K) From: 576K(2048K)->2016K(2048K)
[15592.582s][info][gc,heap        ] GC(34125) ParOldGen: 242854K(243200K)->244222K(244736K)
[15592.582s][info][gc,metaspace   ] GC(34125) Metaspace: 62425K(62656K)->62425K(62656K) NonClass: 53379K(53568K)->53379K(53568K) Class: 9046K(9088K)->9046K(9088K)
[15592.582s][info][gc             ] GC(34125) Pause Young (Allocation Failure) 318M->240M(322M) 4.299ms
[15592.582s][info][gc,cpu         ] GC(34125) User=0.01s Sys=0.00s Real=0.00s
[15593.045s][info][gc,start       ] GC(34126) Pause Young (Allocation Failure)
[15593.049s][info][gc,heap        ] GC(34126) PSYoungGen: 84960K(84992K)->768K(83968K) Eden: 82944K(82944K)->0K(81920K) From: 2016K(2048K)->768K(2048K)
[15593.049s][info][gc,heap        ] GC(34126) ParOldGen: 244222K(244736K)->246406K(247808K)
[15593.049s][info][gc,metaspace   ] GC(34126) Metaspace: 62425K(62656K)->62425K(62656K) NonClass: 53379K(53568K)->53379K(53568K) Class: 9046K(9088K)->9046K(9088K)
[15593.049s][info][gc             ] GC(34126) Pause Young (Allocation Failure) 321M->241M(324M) 4.040ms
[15593.049s][info][gc,cpu         ] GC(34126) User=0.00s Sys=0.01s Real=0.01s
[15593.515s][info][gc,start       ] GC(34127) Pause Young (Allocation Failure)
[15593.518s][info][gc,heap        ] GC(34127) PSYoungGen: 82688K(83968K)->384K(84480K) Eden: 81920K(81920K)->0K(81920K) From: 768K(2048K)->384K(2560K)
[15593.518s][info][gc,heap        ] GC(34127) ParOldGen: 246406K(247808K)->246582K(247808K)
[15593.518s][info][gc,metaspace   ] GC(34127) Metaspace: 62425K(62656K)->62425K(62656K) NonClass: 53379K(53568K)->53379K(53568K) Class: 9046K(9088K)->9046K(9088K)
[15593.518s][info][gc             ] GC(34127) Pause Young (Allocation Failure) 321M->241M(324M) 2.753ms
[15593.518s][info][gc,cpu         ] GC(34127) User=0.00s Sys=0.00s Real=0.01s
[15593.958s][info][gc,start       ] GC(34128) Pause Young (Allocation Failure)
[15593.961s][info][gc,heap        ] GC(34128) PSYoungGen: 82304K(84480K)->928K(84480K) Eden: 81920K(81920K)->0K(81920K) From: 384K(2560K)->928K(2560K)
[15593.961s][info][gc,heap        ] GC(34128) ParOldGen: 246582K(247808K)->246742K(247808K)
[15593.961s][info][gc,metaspace   ] GC(34128) Metaspace: 62425K(62656K)->62425K(62656K) NonClass: 53379K(53568K)->53379K(53568K) Class: 9046K(9088K)->9046K(9088K)
[15593.961s][info][gc             ] GC(34128) Pause Young (Allocation Failure) 321M->241M(324M) 3.208ms
[15593.961s][info][gc,cpu         ] GC(34128) User=0.01s Sys=0.00s Real=0.00s
[15594.416s][info][gc,start       ] GC(34129) Pause Young (Allocation Failure)
[15594.418s][info][gc,heap        ] GC(34129) PSYoungGen: 82848K(84480K)->416K(84480K) Eden: 81920K(81920K)->0K(81920K) From: 928K(2560K)->416K(2560K)
[15594.418s][info][gc,heap        ] GC(34129) ParOldGen: 246742K(247808K)->246910K(247808K)
[15594.418s][info][gc,metaspace   ] GC(34129) Metaspace: 62425K(62656K)->62425K(62656K) NonClass: 53379K(53568K)->53379K(53568K) Class: 9046K(9088K)->9046K(9088K)
[15594.418s][info][gc             ] GC(34129) Pause Young (Allocation Failure) 321M->241M(324M) 2.732ms
[15594.419s][info][gc,cpu         ] GC(34129) User=0.00s Sys=0.00s Real=0.01s
[15594.895s][info][gc,start       ] GC(34130) Pause Young (Allocation Failure)
[15594.899s][info][gc,heap        ] GC(34130) PSYoungGen: 82336K(84480K)->1248K(84480K) Eden: 81920K(81920K)->0K(81920K) From: 416K(2560K)->1248K(2560K)
[15594.899s][info][gc,heap        ] GC(34130) ParOldGen: 246910K(247808K)->247062K(247808K)
[15594.899s][info][gc,metaspace   ] GC(34130) Metaspace: 62425K(62656K)->62425K(62656K) NonClass: 53379K(53568K)->53379K(53568K) Class: 9046K(9088K)->9046K(9088K)
[15594.899s][info][gc             ] GC(34130) Pause Young (Allocation Failure) 321M->242M(324M) 3.528ms
[15594.899s][info][gc,cpu         ] GC(34130) User=0.01s Sys=0.00s Real=0.01s
[15595.388s][info][gc,start       ] GC(34131) Pause Young (Allocation Failure)
[15595.391s][info][gc,heap        ] GC(34131) PSYoungGen: 83168K(84480K)->1184K(84480K) Eden: 81920K(81920K)->0K(81920K) From: 1248K(2560K)->1184K(2560K)
[15595.391s][info][gc,heap        ] GC(34131) ParOldGen: 247062K(247808K)->247222K(247808K)
[15595.391s][info][gc,metaspace   ] GC(34131) Metaspace: 62425K(62656K)->62425K(62656K) NonClass: 53379K(53568K)->53379K(53568K) Class: 9046K(9088K)->9046K(9088K)
[15595.391s][info][gc             ] GC(34131) Pause Young (Allocation Failure) 322M->242M(324M) 3.429ms
[15595.391s][info][gc,cpu         ] GC(34131) User=0.00s Sys=0.01s Real=0.00s
[15595.840s][info][gc,start       ] GC(34132) Pause Young (Allocation Failure)
[15595.843s][info][gc,heap        ] GC(34132) PSYoungGen: 83104K(84480K)->704K(84480K) Eden: 81920K(81920K)->0K(81920K) From: 1184K(2560K)->704K(2560K)
[15595.843s][info][gc,heap        ] GC(34132) ParOldGen: 247222K(247808K)->247382K(247808K)
[15595.843s][info][gc,metaspace   ] GC(34132) Metaspace: 62425K(62656K)->62425K(62656K) NonClass: 53379K(53568K)->53379K(53568K) Class: 9046K(9088K)->9046K(9088K)
[15595.843s][info][gc             ] GC(34132) Pause Young (Allocation Failure) 322M->242M(324M) 2.922ms
[15595.843s][info][gc,cpu         ] GC(34132) User=0.01s Sys=0.00s Real=0.00s
[15596.309s][info][gc,start       ] GC(34133) Pause Young (Allocation Failure)
[15596.312s][info][gc,heap        ] GC(34133) PSYoungGen: 82624K(84480K)->352K(84480K) Eden: 81920K(81920K)->0K(81920K) From: 704K(2560K)->352K(2560K)
[15596.312s][info][gc,heap        ] GC(34133) ParOldGen: 247382K(247808K)->247550K(247808K)
[15596.312s][info][gc,metaspace   ] GC(34133) Metaspace: 62425K(62656K)->62425K(62656K) NonClass: 53379K(53568K)->53379K(53568K) Class: 9046K(9088K)->9046K(9088K)
[15596.312s][info][gc             ] GC(34133) Pause Young (Allocation Failure) 322M->242M(324M) 2.677ms
[15596.312s][info][gc,cpu         ] GC(34133) User=0.00s Sys=0.00s Real=0.00s
[15596.774s][info][gc,start       ] GC(34134) Pause Young (Allocation Failure)
[15596.777s][info][gc,heap        ] GC(34134) PSYoungGen: 82272K(84480K)->1056K(84992K) Eden: 81920K(81920K)->0K(82944K) From: 352K(2560K)->1056K(2048K)
[15596.778s][info][gc,heap        ] GC(34134) ParOldGen: 247550K(247808K)->247726K(247808K)
[15596.778s][info][gc,metaspace   ] GC(34134) Metaspace: 62425K(62656K)->62425K(62656K) NonClass: 53379K(53568K)->53379K(53568K) Class: 9046K(9088K)->9046K(9088K)
[15596.778s][info][gc             ] GC(34134) Pause Young (Allocation Failure) 322M->242M(325M) 3.450ms
[15596.778s][info][gc,cpu         ] GC(34134) User=0.00s Sys=0.00s Real=0.01s
[15597.253s][info][gc,start       ] GC(34135) Pause Young (Allocation Failure)
[15597.256s][info][gc,heap        ] GC(34135) PSYoungGen: 84000K(84992K)->832K(84992K) Eden: 82944K(82944K)->0K(82944K) From: 1056K(2048K)->832K(2048K)
[15597.256s][info][gc,heap        ] GC(34135) ParOldGen: 247726K(247808K)->247886K(248320K)
[15597.256s][info][gc,metaspace   ] GC(34135) Metaspace: 62425K(62656K)->62425K(62656K) NonClass: 53379K(53568K)->53379K(53568K) Class: 9046K(9088K)->9046K(9088K)
[15597.256s][info][gc             ] GC(34135) Pause Young (Allocation Failure) 323M->242M(325M) 3.214ms
[15597.256s][info][gc,cpu         ] GC(34135) User=0.01s Sys=0.00s Real=0.01s
[15597.732s][info][gc,start       ] GC(34136) Pause Young (Allocation Failure)
[15597.734s][info][gc,heap        ] GC(34136) PSYoungGen: 83776K(84992K)->576K(84992K) Eden: 82944K(82944K)->0K(82944K) From: 832K(2048K)->576K(2048K)
[15597.734s][info][gc,heap        ] GC(34136) ParOldGen: 247886K(248320K)->248046K(248320K)
[15597.734s][info][gc,metaspace   ] GC(34136) Metaspace: 62425K(62656K)->62425K(62656K) NonClass: 53379K(53568K)->53379K(53568K) Class: 9046K(9088K)->9046K(9088K)
[15597.734s][info][gc             ] GC(34136) Pause Young (Allocation Failure) 323M->242M(325M) 2.811ms
[15597.734s][info][gc,cpu         ] GC(34136) User=0.00s Sys=0.00s Real=0.00s
[15598.191s][info][gc,start       ] GC(34137) Pause Young (Allocation Failure)
[15598.194s][info][gc,heap        ] GC(34137) PSYoungGen: 83520K(84992K)->1312K(84992K) Eden: 82944K(82944K)->0K(82944K) From: 576K(2048K)->1312K(2048K)
[15598.194s][info][gc,heap        ] GC(34137) ParOldGen: 248046K(248320K)->248198K(248320K)
[15598.194s][info][gc,metaspace   ] GC(34137) Metaspace: 62425K(62656K)->62425K(62656K) NonClass: 53379K(53568K)->53379K(53568K) Class: 9046K(9088K)->9046K(9088K)
[15598.194s][info][gc             ] GC(34137) Pause Young (Allocation Failure) 323M->243M(325M) 3.681ms
[15598.194s][info][gc,cpu         ] GC(34137) User=0.00s Sys=0.00s Real=0.00s
[15598.654s][info][gc,start       ] GC(34138) Pause Young (Allocation Failure)
[15598.658s][info][gc,heap        ] GC(34138) PSYoungGen: 84256K(84992K)->1920K(83968K) Eden: 82944K(82944K)->0K(81920K) From: 1312K(2048K)->1920K(2048K)
[15598.658s][info][gc,heap        ] GC(34138) ParOldGen: 248198K(248320K)->249374K(249856K)
[15598.658s][info][gc,metaspace   ] GC(34138) Metaspace: 62425K(62656K)->62425K(62656K) NonClass: 53379K(53568K)->53379K(53568K) Class: 9046K(9088K)->9046K(9088K)
[15598.658s][info][gc             ] GC(34138) Pause Young (Allocation Failure) 324M->245M(326M) 3.894ms
[15598.658s][info][gc,cpu         ] GC(34138) User=0.01s Sys=0.00s Real=0.01s
[15599.121s][info][gc,start       ] GC(34139) Pause Young (Allocation Failure)
[15599.125s][info][gc,heap        ] GC(34139) PSYoungGen: 83840K(83968K)->480K(84480K) Eden: 81920K(81920K)->0K(81920K) From: 1920K(2048K)->480K(2560K)
[15599.125s][info][gc,heap        ] GC(34139) ParOldGen: 249374K(249856K)->251574K(252928K)
[15599.125s][info][gc,metaspace   ] GC(34139) Metaspace: 62425K(62656K)->62425K(62656K) NonClass: 53379K(53568K)->53379K(53568K) Class: 9046K(9088K)->9046K(9088K)
[15599.125s][info][gc             ] GC(34139) Pause Young (Allocation Failure) 325M->246M(329M) 3.905ms
[15599.125s][info][gc,cpu         ] GC(34139) User=0.01s Sys=0.00s Real=0.00s
[15599.618s][info][gc,start       ] GC(34140) Pause Young (Allocation Failure)
[15599.621s][info][gc,heap        ] GC(34140) PSYoungGen: 82400K(84480K)->576K(84480K) Eden: 81920K(81920K)->0K(81920K) From: 480K(2560K)->576K(2560K)
[15599.621s][info][gc,heap        ] GC(34140) ParOldGen: 251574K(252928K)->251742K(252928K)
[15599.621s][info][gc,metaspace   ] GC(34140) Metaspace: 62425K(62656K)->62425K(62656K) NonClass: 53379K(53568K)->53379K(53568K) Class: 9046K(9088K)->9046K(9088K)
[15599.621s][info][gc             ] GC(34140) Pause Young (Allocation Failure) 326M->246M(329M) 2.781ms
[15599.621s][info][gc,cpu         ] GC(34140) User=0.00s Sys=0.00s Real=0.00s
[15600.061s][info][gc,start       ] GC(34141) Pause Young (Allocation Failure)
[15600.065s][info][gc,heap        ] GC(34141) PSYoungGen: 82495K(84480K)->960K(84480K) Eden: 81919K(81920K)->0K(81920K) From: 576K(2560K)->960K(2560K)
[15600.065s][info][gc,heap        ] GC(34141) ParOldGen: 251742K(252928K)->252054K(252928K)
[15600.065s][info][gc,metaspace   ] GC(34141) Metaspace: 62425K(62656K)->62425K(62656K) NonClass: 53379K(53568K)->53379K(53568K) Class: 9046K(9088K)->9046K(9088K)
[15600.065s][info][gc             ] GC(34141) Pause Young (Allocation Failure) 326M->247M(329M) 3.429ms
[15600.065s][info][gc,cpu         ] GC(34141) User=0.01s Sys=0.00s Real=0.00s
[15600.547s][info][gc,start       ] GC(34142) Pause Young (Allocation Failure)
[15600.550s][info][gc,heap        ] GC(34142) PSYoungGen: 82880K(84480K)->704K(84992K) Eden: 81920K(81920K)->0K(82944K) From: 960K(2560K)->704K(2048K)
[15600.550s][info][gc,heap        ] GC(34142) ParOldGen: 252054K(252928K)->252214K(252928K)
[15600.550s][info][gc,metaspace   ] GC(34142) Metaspace: 62425K(62656K)->62425K(62656K) NonClass: 53379K(53568K)->53379K(53568K) Class: 9046K(9088K)->9046K(9088K)
[15600.550s][info][gc             ] GC(34142) Pause Young (Allocation Failure) 327M->246M(330M) 3.017ms
[15600.550s][info][gc,cpu         ] GC(34142) User=0.00s Sys=0.00s Real=0.00s
[15601.020s][info][gc,start       ] GC(34143) Pause Young (Allocation Failure)
[15601.022s][info][gc,heap        ] GC(34143) PSYoungGen: 83648K(84992K)->480K(84992K) Eden: 82944K(82944K)->0K(82944K) From: 704K(2048K)->480K(2048K)
[15601.022s][info][gc,heap        ] GC(34143) ParOldGen: 252214K(252928K)->252366K(252928K)
[15601.022s][info][gc,metaspace   ] GC(34143) Metaspace: 62425K(62656K)->62425K(62656K) NonClass: 53379K(53568K)->53379K(53568K) Class: 9046K(9088K)->9046K(9088K)
[15601.022s][info][gc             ] GC(34143) Pause Young (Allocation Failure) 327M->246M(330M) 2.677ms
[15601.022s][info][gc,cpu         ] GC(34143) User=0.00s Sys=0.00s Real=0.00s
[15601.472s][info][gc,start       ] GC(34144) Pause Young (Allocation Failure)
[15601.475s][info][gc,heap        ] GC(34144) PSYoungGen: 83424K(84992K)->1024K(84992K) Eden: 82944K(82944K)->0K(82944K) From: 480K(2048K)->1024K(2048K)
[15601.475s][info][gc,heap        ] GC(34144) ParOldGen: 252366K(252928K)->252526K(252928K)
[15601.475s][info][gc,metaspace   ] GC(34144) Metaspace: 62425K(62656K)->62425K(62656K) NonClass: 53379K(53568K)->53379K(53568K) Class: 9046K(9088K)->9046K(9088K)
[15601.475s][info][gc             ] GC(34144) Pause Young (Allocation Failure) 327M->247M(330M) 3.351ms
[15601.475s][info][gc,cpu         ] GC(34144) User=0.00s Sys=0.00s Real=0.00s
[15601.956s][info][gc,start       ] GC(34145) Pause Young (Allocation Failure)
[15601.960s][info][gc,heap        ] GC(34145) PSYoungGen: 83968K(84992K)->896K(84992K) Eden: 82944K(82944K)->0K(82944K) From: 1024K(2048K)->896K(2048K)
[15601.960s][info][gc,heap        ] GC(34145) ParOldGen: 252526K(252928K)->252678K(252928K)
[15601.960s][info][gc,metaspace   ] GC(34145) Metaspace: 62425K(62656K)->62425K(62656K) NonClass: 53379K(53568K)->53379K(53568K) Class: 9046K(9088K)->9046K(9088K)
[15601.960s][info][gc             ] GC(34145) Pause Young (Allocation Failure) 328M->247M(330M) 3.237ms
[15601.960s][info][gc,cpu         ] GC(34145) User=0.01s Sys=0.00s Real=0.00s
[15602.404s][info][gc,start       ] GC(34146) Pause Young (Allocation Failure)
[15602.406s][info][gc,heap        ] GC(34146) PSYoungGen: 83840K(84992K)->288K(84992K) Eden: 82944K(82944K)->0K(82944K) From: 896K(2048K)->288K(2048K)
[15602.406s][info][gc,heap        ] GC(34146) ParOldGen: 252678K(252928K)->252830K(252928K)
[15602.406s][info][gc,metaspace   ] GC(34146) Metaspace: 62425K(62656K)->62425K(62656K) NonClass: 53379K(53568K)->53379K(53568K) Class: 9046K(9088K)->9046K(9088K)
[15602.406s][info][gc             ] GC(34146) Pause Young (Allocation Failure) 328M->247M(330M) 2.653ms
[15602.406s][info][gc,cpu         ] GC(34146) User=0.00s Sys=0.00s Real=0.01s
[15602.855s][info][gc,start       ] GC(34147) Pause Young (Allocation Failure)
[15602.858s][info][gc,heap        ] GC(34147) PSYoungGen: 83232K(84992K)->864K(84992K) Eden: 82944K(82944K)->0K(82944K) From: 288K(2048K)->864K(2048K)
[15602.858s][info][gc,heap        ] GC(34147) ParOldGen: 252830K(252928K)->252990K(253440K)
[15602.858s][info][gc,metaspace   ] GC(34147) Metaspace: 62425K(62656K)->62425K(62656K) NonClass: 53379K(53568K)->53379K(53568K) Class: 9046K(9088K)->9046K(9088K)
[15602.858s][info][gc             ] GC(34147) Pause Young (Allocation Failure) 328M->247M(330M) 3.183ms
[15602.858s][info][gc,cpu         ] GC(34147) User=0.00s Sys=0.00s Real=0.01s
[15603.308s][info][gc,start       ] GC(34148) Pause Young (Allocation Failure)
[15603.311s][info][gc,heap        ] GC(34148) PSYoungGen: 83808K(84992K)->320K(84992K) Eden: 82944K(82944K)->0K(82944K) From: 864K(2048K)->320K(2048K)
[15603.311s][info][gc,heap        ] GC(34148) ParOldGen: 252990K(253440K)->253142K(253440K)
[15603.311s][info][gc,metaspace   ] GC(34148) Metaspace: 62425K(62656K)->62425K(62656K) NonClass: 53379K(53568K)->53379K(53568K) Class: 9046K(9088K)->9046K(9088K)
[15603.311s][info][gc             ] GC(34148) Pause Young (Allocation Failure) 328M->247M(330M) 2.759ms
[15603.311s][info][gc,cpu         ] GC(34148) User=0.00s Sys=0.00s Real=0.00s
[15603.788s][info][gc,start       ] GC(34149) Pause Young (Allocation Failure)
[15603.792s][info][gc,heap        ] GC(34149) PSYoungGen: 83264K(84992K)->1120K(84992K) Eden: 82944K(82944K)->0K(82944K) From: 320K(2048K)->1120K(2048K)
[15603.792s][info][gc,heap        ] GC(34149) ParOldGen: 253142K(253440K)->253302K(253440K)
[15603.792s][info][gc,metaspace   ] GC(34149) Metaspace: 62425K(62656K)->62425K(62656K) NonClass: 53379K(53568K)->53379K(53568K) Class: 9046K(9088K)->9046K(9088K)
[15603.792s][info][gc             ] GC(34149) Pause Young (Allocation Failure) 328M->248M(330M) 3.556ms
[15603.792s][info][gc,cpu         ] GC(34149) User=0.01s Sys=0.00s Real=0.00s
[15604.276s][info][gc,start       ] GC(34150) Pause Young (Allocation Failure)
[15604.280s][info][gc,heap        ] GC(34150) PSYoungGen: 84064K(84992K)->1120K(84992K) Eden: 82944K(82944K)->0K(82944K) From: 1120K(2048K)->1120K(2048K)
[15604.280s][info][gc,heap        ] GC(34150) ParOldGen: 253302K(253440K)->253470K(253952K)
[15604.280s][info][gc,metaspace   ] GC(34150) Metaspace: 62425K(62656K)->62425K(62656K) NonClass: 53379K(53568K)->53379K(53568K) Class: 9046K(9088K)->9046K(9088K)
[15604.280s][info][gc             ] GC(34150) Pause Young (Allocation Failure) 329M->248M(331M) 3.474ms
[15604.280s][info][gc,cpu         ] GC(34150) User=0.01s Sys=0.00s Real=0.00s
[15604.750s][info][gc,start       ] GC(34151) Pause Young (Allocation Failure)
[15604.753s][info][gc,heap        ] GC(34151) PSYoungGen: 84064K(84992K)->832K(84992K) Eden: 82944K(82944K)->0K(82944K) From: 1120K(2048K)->832K(2048K)
[15604.753s][info][gc,heap        ] GC(34151) ParOldGen: 253470K(253952K)->253622K(253952K)
[15604.754s][info][gc,metaspace   ] GC(34151) Metaspace: 62425K(62656K)->62425K(62656K) NonClass: 53379K(53568K)->53379K(53568K) Class: 9046K(9088K)->9046K(9088K)
[15604.754s][info][gc             ] GC(34151) Pause Young (Allocation Failure) 329M->248M(331M) 3.109ms
[15604.754s][info][gc,cpu         ] GC(34151) User=0.01s Sys=0.00s Real=0.00s
[15605.220s][info][gc,start       ] GC(34152) Pause Young (Allocation Failure)
[15605.224s][info][gc,heap        ] GC(34152) PSYoungGen: 83776K(84992K)->1472K(84992K) Eden: 82944K(82944K)->0K(82944K) From: 832K(2048K)->1472K(2048K)
[15605.224s][info][gc,heap        ] GC(34152) ParOldGen: 253622K(253952K)->255838K(257024K)
[15605.224s][info][gc,metaspace   ] GC(34152) Metaspace: 62425K(62656K)->62425K(62656K) NonClass: 53379K(53568K)->53379K(53568K) Class: 9046K(9088K)->9046K(9088K)
[15605.224s][info][gc             ] GC(34152) Pause Young (Allocation Failure) 329M->251M(334M) 3.972ms
[15605.224s][info][gc,cpu         ] GC(34152) User=0.01s Sys=0.00s Real=0.00s
[15605.668s][info][gc,start       ] GC(34153) Pause Young (Allocation Failure)
[15605.673s][info][gc,heap        ] GC(34153) PSYoungGen: 84416K(84992K)->1024K(84992K) Eden: 82944K(82944K)->0K(82944K) From: 1472K(2048K)->1024K(2048K)
[15605.673s][info][gc,heap        ] GC(34153) ParOldGen: 255838K(257024K)->258038K(258560K)
[15605.673s][info][gc,metaspace   ] GC(34153) Metaspace: 62425K(62656K)->62425K(62656K) NonClass: 53379K(53568K)->53379K(53568K) Class: 9046K(9088K)->9046K(9088K)
[15605.673s][info][gc             ] GC(34153) Pause Young (Allocation Failure) 332M->252M(335M) 4.520ms
[15605.673s][info][gc,cpu         ] GC(34153) User=0.01s Sys=0.00s Real=0.00s
[15606.117s][info][gc,start       ] GC(34154) Pause Young (Allocation Failure)
[15606.120s][info][gc,heap        ] GC(34154) PSYoungGen: 83968K(84992K)->448K(84992K) Eden: 82944K(82944K)->0K(82944K) From: 1024K(2048K)->448K(2048K)
[15606.120s][info][gc,heap        ] GC(34154) ParOldGen: 258038K(258560K)->258190K(258560K)
[15606.120s][info][gc,metaspace   ] GC(34154) Metaspace: 62425K(62656K)->62425K(62656K) NonClass: 53379K(53568K)->53379K(53568K) Class: 9046K(9088K)->9046K(9088K)
[15606.120s][info][gc             ] GC(34154) Pause Young (Allocation Failure) 333M->252M(335M) 2.757ms
[15606.120s][info][gc,cpu         ] GC(34154) User=0.00s Sys=0.00s Real=0.00s
[15606.556s][info][gc,start       ] GC(34155) Pause Young (Allocation Failure)
[15606.560s][info][gc,heap        ] GC(34155) PSYoungGen: 83392K(84992K)->928K(84992K) Eden: 82944K(82944K)->0K(82944K) From: 448K(2048K)->928K(2048K)
[15606.560s][info][gc,heap        ] GC(34155) ParOldGen: 258190K(258560K)->258342K(258560K)
[15606.560s][info][gc,metaspace   ] GC(34155) Metaspace: 62425K(62656K)->62425K(62656K) NonClass: 53379K(53568K)->53379K(53568K) Class: 9046K(9088K)->9046K(9088K)
[15606.560s][info][gc             ] GC(34155) Pause Young (Allocation Failure) 333M->253M(335M) 3.242ms
[15606.560s][info][gc,cpu         ] GC(34155) User=0.00s Sys=0.00s Real=0.00s
[15606.994s][info][gc,start       ] GC(34156) Pause Young (Allocation Failure)
[15606.997s][info][gc,heap        ] GC(34156) PSYoungGen: 83872K(84992K)->1376K(84992K) Eden: 82944K(82944K)->0K(82944K) From: 928K(2048K)->1376K(2048K)
[15606.997s][info][gc,heap        ] GC(34156) ParOldGen: 258342K(258560K)->258502K(258560K)
[15606.997s][info][gc,metaspace   ] GC(34156) Metaspace: 62425K(62656K)->62425K(62656K) NonClass: 53379K(53568K)->53379K(53568K) Class: 9046K(9088K)->9046K(9088K)
[15606.997s][info][gc             ] GC(34156) Pause Young (Allocation Failure) 334M->253M(335M) 3.705ms
[15606.997s][info][gc,cpu         ] GC(34156) User=0.01s Sys=0.00s Real=0.01s
[15607.406s][info][gc,start       ] GC(34157) Pause Young (Allocation Failure)
[15607.408s][info][gc,heap        ] GC(34157) PSYoungGen: 84320K(84992K)->288K(84992K) Eden: 82944K(82944K)->0K(82944K) From: 1376K(2048K)->288K(2048K)
[15607.408s][info][gc,heap        ] GC(34157) ParOldGen: 258502K(258560K)->258662K(259072K)
[15607.408s][info][gc,metaspace   ] GC(34157) Metaspace: 62425K(62656K)->62425K(62656K) NonClass: 53379K(53568K)->53379K(53568K) Class: 9046K(9088K)->9046K(9088K)
[15607.408s][info][gc             ] GC(34157) Pause Young (Allocation Failure) 334M->252M(336M) 2.561ms
[15607.408s][info][gc,cpu         ] GC(34157) User=0.00s Sys=0.00s Real=0.01s
[15607.830s][info][gc,start       ] GC(34158) Pause Young (Allocation Failure)
[15607.833s][info][gc,heap        ] GC(34158) PSYoungGen: 83232K(84992K)->608K(84992K) Eden: 82944K(82944K)->0K(82944K) From: 288K(2048K)->608K(2048K)
[15607.833s][info][gc,heap        ] GC(34158) ParOldGen: 258662K(259072K)->258822K(259072K)
[15607.833s][info][gc,metaspace   ] GC(34158) Metaspace: 62425K(62656K)->62425K(62656K) NonClass: 53379K(53568K)->53379K(53568K) Class: 9046K(9088K)->9046K(9088K)
[15607.833s][info][gc             ] GC(34158) Pause Young (Allocation Failure) 333M->253M(336M) 2.881ms
[15607.833s][info][gc,cpu         ] GC(34158) User=0.01s Sys=0.00s Real=0.00s
[15608.258s][info][gc,start       ] GC(34159) Pause Young (Allocation Failure)
[15608.261s][info][gc,heap        ] GC(34159) PSYoungGen: 83552K(84992K)->992K(84992K) Eden: 82944K(82944K)->0K(82944K) From: 608K(2048K)->992K(2048K)
[15608.261s][info][gc,heap        ] GC(34159) ParOldGen: 258822K(259072K)->258974K(259072K)
[15608.261s][info][gc,metaspace   ] GC(34159) Metaspace: 62425K(62656K)->62425K(62656K) NonClass: 53379K(53568K)->53379K(53568K) Class: 9046K(9088K)->9046K(9088K)
[15608.261s][info][gc             ] GC(34159) Pause Young (Allocation Failure) 334M->253M(336M) 3.339ms
[15608.261s][info][gc,cpu         ] GC(34159) User=0.00s Sys=0.00s Real=0.00s
[15608.750s][info][gc,start       ] GC(34160) Pause Young (Allocation Failure)
[15608.753s][info][gc,heap        ] GC(34160) PSYoungGen: 83936K(84992K)->896K(84992K) Eden: 82944K(82944K)->0K(82944K) From: 992K(2048K)->896K(2048K)
[15608.753s][info][gc,heap        ] GC(34160) ParOldGen: 258974K(259072K)->259126K(259584K)
[15608.753s][info][gc,metaspace   ] GC(34160) Metaspace: 62425K(62656K)->62425K(62656K) NonClass: 53379K(53568K)->53379K(53568K) Class: 9046K(9088K)->9046K(9088K)
[15608.753s][info][gc             ] GC(34160) Pause Young (Allocation Failure) 334M->253M(336M) 3.129ms
[15608.753s][info][gc,cpu         ] GC(34160) User=0.01s Sys=0.00s Real=0.00s
[15609.183s][info][gc,start       ] GC(34161) Pause Young (Allocation Failure)
[15609.186s][info][gc,heap        ] GC(34161) PSYoungGen: 83840K(84992K)->1248K(84992K) Eden: 82944K(82944K)->0K(82944K) From: 896K(2048K)->1248K(2048K)
[15609.186s][info][gc,heap        ] GC(34161) ParOldGen: 259126K(259584K)->259334K(259584K)
[15609.186s][info][gc,metaspace   ] GC(34161) Metaspace: 62425K(62656K)->62425K(62656K) NonClass: 53379K(53568K)->53379K(53568K) Class: 9046K(9088K)->9046K(9088K)
[15609.186s][info][gc             ] GC(34161) Pause Young (Allocation Failure) 334M->254M(336M) 3.696ms
[15609.186s][info][gc,cpu         ] GC(34161) User=0.01s Sys=0.00s Real=0.01s
[15609.622s][info][gc,start       ] GC(34162) Pause Young (Allocation Failure)
[15609.624s][info][gc,heap        ] GC(34162) PSYoungGen: 84192K(84992K)->480K(84992K) Eden: 82944K(82944K)->0K(82944K) From: 1248K(2048K)->480K(2048K)
[15609.624s][info][gc,heap        ] GC(34162) ParOldGen: 259334K(259584K)->259486K(259584K)
[15609.624s][info][gc,metaspace   ] GC(34162) Metaspace: 62425K(62656K)->62425K(62656K) NonClass: 53379K(53568K)->53379K(53568K) Class: 9046K(9088K)->9046K(9088K)
[15609.624s][info][gc             ] GC(34162) Pause Young (Allocation Failure) 335M->253M(336M) 2.747ms
[15609.624s][info][gc,cpu         ] GC(34162) User=0.00s Sys=0.00s Real=0.00s
[15610.072s][info][gc,start       ] GC(34163) Pause Young (Allocation Failure)
[15610.076s][info][gc,heap        ] GC(34163) PSYoungGen: 83424K(84992K)->1056K(84992K) Eden: 82944K(82944K)->0K(82944K) From: 480K(2048K)->1056K(2048K)
[15610.076s][info][gc,heap        ] GC(34163) ParOldGen: 259486K(259584K)->259630K(260096K)
[15610.076s][info][gc,metaspace   ] GC(34163) Metaspace: 62425K(62656K)->62425K(62656K) NonClass: 53379K(53568K)->53379K(53568K) Class: 9046K(9088K)->9046K(9088K)
[15610.076s][info][gc             ] GC(34163) Pause Young (Allocation Failure) 334M->254M(337M) 3.345ms
[15610.076s][info][gc,cpu         ] GC(34163) User=0.01s Sys=0.00s Real=0.00s
[15610.535s][info][gc,start       ] GC(34164) Pause Young (Allocation Failure)
[15610.537s][info][gc,heap        ] GC(34164) PSYoungGen: 84000K(84992K)->640K(84992K) Eden: 82944K(82944K)->0K(82944K) From: 1056K(2048K)->640K(2048K)
[15610.537s][info][gc,heap        ] GC(34164) ParOldGen: 259630K(260096K)->259782K(260096K)
[15610.538s][info][gc,metaspace   ] GC(34164) Metaspace: 62425K(62656K)->62425K(62656K) NonClass: 53379K(53568K)->53379K(53568K) Class: 9046K(9088K)->9046K(9088K)
[15610.538s][info][gc             ] GC(34164) Pause Young (Allocation Failure) 335M->254M(337M) 2.908ms
[15610.538s][info][gc,cpu         ] GC(34164) User=0.01s Sys=0.00s Real=0.01s
[15611.009s][info][gc,start       ] GC(34165) Pause Young (Allocation Failure)
[15611.012s][info][gc,heap        ] GC(34165) PSYoungGen: 83584K(84992K)->320K(84992K) Eden: 82944K(82944K)->0K(82944K) From: 640K(2048K)->320K(2048K)
[15611.012s][info][gc,heap        ] GC(34165) ParOldGen: 259782K(260096K)->259942K(260096K)
[15611.012s][info][gc,metaspace   ] GC(34165) Metaspace: 62425K(62656K)->62425K(62656K) NonClass: 53379K(53568K)->53379K(53568K) Class: 9046K(9088K)->9046K(9088K)
[15611.012s][info][gc             ] GC(34165) Pause Young (Allocation Failure) 335M->254M(337M) 2.665ms
[15611.012s][info][gc,cpu         ] GC(34165) User=0.00s Sys=0.00s Real=0.00s
[15611.471s][info][gc,start       ] GC(34166) Pause Young (Allocation Failure)
[15611.474s][info][gc,heap        ] GC(34166) PSYoungGen: 83264K(84992K)->992K(84992K) Eden: 82944K(82944K)->0K(82944K) From: 320K(2048K)->992K(2048K)
[15611.474s][info][gc,heap        ] GC(34166) ParOldGen: 259942K(260096K)->260102K(260608K)
[15611.474s][info][gc,metaspace   ] GC(34166) Metaspace: 62425K(62656K)->62425K(62656K) NonClass: 53379K(53568K)->53379K(53568K) Class: 9046K(9088K)->9046K(9088K)
[15611.474s][info][gc             ] GC(34166) Pause Young (Allocation Failure) 335M->254M(337M) 3.412ms
[15611.474s][info][gc,cpu         ] GC(34166) User=0.00s Sys=0.00s Real=0.00s
[15611.932s][info][gc,start       ] GC(34167) Pause Young (Allocation Failure)
[15611.935s][info][gc,heap        ] GC(34167) PSYoungGen: 83936K(84992K)->544K(84992K) Eden: 82944K(82944K)->0K(82944K) From: 992K(2048K)->544K(2048K)
[15611.935s][info][gc,heap        ] GC(34167) ParOldGen: 260102K(260608K)->260270K(260608K)
[15611.935s][info][gc,metaspace   ] GC(34167) Metaspace: 62425K(62656K)->62425K(62656K) NonClass: 53379K(53568K)->53379K(53568K) Class: 9046K(9088K)->9046K(9088K)
[15611.935s][info][gc             ] GC(34167) Pause Young (Allocation Failure) 335M->254M(337M) 2.801ms
[15611.935s][info][gc,cpu         ] GC(34167) User=0.01s Sys=0.00s Real=0.00s
[15612.429s][info][gc,start       ] GC(34168) Pause Young (Allocation Failure)
[15612.432s][info][gc,heap        ] GC(34168) PSYoungGen: 83488K(84992K)->544K(84992K) Eden: 82944K(82944K)->0K(82944K) From: 544K(2048K)->544K(2048K)
[15612.432s][info][gc,heap        ] GC(34168) ParOldGen: 260270K(260608K)->260422K(260608K)
[15612.432s][info][gc,metaspace   ] GC(34168) Metaspace: 62425K(62656K)->62425K(62656K) NonClass: 53379K(53568K)->53379K(53568K) Class: 9046K(9088K)->9046K(9088K)
[15612.432s][info][gc             ] GC(34168) Pause Young (Allocation Failure) 335M->254M(337M) 2.803ms
[15612.432s][info][gc,cpu         ] GC(34168) User=0.01s Sys=0.00s Real=0.00s
[15612.916s][info][gc,start       ] GC(34169) Pause Young (Allocation Failure)
[15612.919s][info][gc,heap        ] GC(34169) PSYoungGen: 83488K(84992K)->416K(84992K) Eden: 82944K(82944K)->0K(82944K) From: 544K(2048K)->416K(2048K)
[15612.919s][info][gc,heap        ] GC(34169) ParOldGen: 260422K(260608K)->260590K(260608K)
[15612.919s][info][gc,metaspace   ] GC(34169) Metaspace: 62425K(62656K)->62425K(62656K) NonClass: 53379K(53568K)->53379K(53568K) Class: 9046K(9088K)->9046K(9088K)
[15612.919s][info][gc             ] GC(34169) Pause Young (Allocation Failure) 335M->254M(337M) 2.706ms
[15612.919s][info][gc,cpu         ] GC(34169) User=0.00s Sys=0.00s Real=0.00s
[15613.389s][info][gc,start       ] GC(34170) Pause Young (Allocation Failure)
[15613.393s][info][gc,heap        ] GC(34170) PSYoungGen: 83360K(84992K)->1184K(84992K) Eden: 82944K(82944K)->0K(82944K) From: 416K(2048K)->1184K(2048K)
[15613.393s][info][gc,heap        ] GC(34170) ParOldGen: 260590K(260608K)->260742K(261120K)
[15613.393s][info][gc,metaspace   ] GC(34170) Metaspace: 62425K(62656K)->62425K(62656K) NonClass: 53379K(53568K)->53379K(53568K) Class: 9046K(9088K)->9046K(9088K)
[15613.393s][info][gc             ] GC(34170) Pause Young (Allocation Failure) 335M->255M(338M) 3.661ms
[15613.393s][info][gc,cpu         ] GC(34170) User=0.01s Sys=0.00s Real=0.00s
[15613.851s][info][gc,start       ] GC(34171) Pause Young (Allocation Failure)
[15613.854s][info][gc,heap        ] GC(34171) PSYoungGen: 84127K(84992K)->832K(84992K) Eden: 82943K(82944K)->0K(82944K) From: 1184K(2048K)->832K(2048K)
[15613.854s][info][gc,heap        ] GC(34171) ParOldGen: 260742K(261120K)->260902K(261120K)
[15613.854s][info][gc,metaspace   ] GC(34171) Metaspace: 62425K(62656K)->62425K(62656K) NonClass: 53379K(53568K)->53379K(53568K) Class: 9046K(9088K)->9046K(9088K)
[15613.854s][info][gc             ] GC(34171) Pause Young (Allocation Failure) 336M->255M(338M) 3.113ms
[15613.854s][info][gc,cpu         ] GC(34171) User=0.00s Sys=0.00s Real=0.00s
[15614.300s][info][gc,start       ] GC(34172) Pause Young (Allocation Failure)
[15614.304s][info][gc,heap        ] GC(34172) PSYoungGen: 83776K(84992K)->1376K(84992K) Eden: 82944K(82944K)->0K(82944K) From: 832K(2048K)->1376K(2048K)
[15614.304s][info][gc,heap        ] GC(34172) ParOldGen: 260902K(261120K)->261046K(261120K)
[15614.304s][info][gc,metaspace   ] GC(34172) Metaspace: 62425K(62656K)->62425K(62656K) NonClass: 53379K(53568K)->53379K(53568K) Class: 9046K(9088K)->9046K(9088K)
[15614.304s][info][gc             ] GC(34172) Pause Young (Allocation Failure) 336M->256M(338M) 3.681ms
[15614.304s][info][gc,cpu         ] GC(34172) User=0.01s Sys=0.00s Real=0.00s
[15614.739s][info][gc,start       ] GC(34173) Pause Young (Allocation Failure)
[15614.742s][info][gc,heap        ] GC(34173) PSYoungGen: 84320K(84992K)->704K(84992K) Eden: 82944K(82944K)->0K(82944K) From: 1376K(2048K)->704K(2048K)
[15614.742s][info][gc,heap        ] GC(34173) ParOldGen: 261046K(261120K)->261206K(261632K)
[15614.742s][info][gc,metaspace   ] GC(34173) Metaspace: 62425K(62656K)->62425K(62656K) NonClass: 53379K(53568K)->53379K(53568K) Class: 9046K(9088K)->9046K(9088K)
[15614.742s][info][gc             ] GC(34173) Pause Young (Allocation Failure) 337M->255M(338M) 2.955ms
[15614.742s][info][gc,cpu         ] GC(34173) User=0.00s Sys=0.00s Real=0.00s
[15615.178s][info][gc,start       ] GC(34174) Pause Young (Allocation Failure)
[15615.181s][info][gc,heap        ] GC(34174) PSYoungGen: 83648K(84992K)->1120K(84992K) Eden: 82944K(82944K)->0K(82944K) From: 704K(2048K)->1120K(2048K)
[15615.181s][info][gc,heap        ] GC(34174) ParOldGen: 261206K(261632K)->261366K(261632K)
[15615.181s][info][gc,metaspace   ] GC(34174) Metaspace: 62425K(62656K)->62425K(62656K) NonClass: 53379K(53568K)->53379K(53568K) Class: 9046K(9088K)->9046K(9088K)
[15615.181s][info][gc             ] GC(34174) Pause Young (Allocation Failure) 336M->256M(338M) 3.455ms
[15615.181s][info][gc,cpu         ] GC(34174) User=0.01s Sys=0.00s Real=0.00s
[15615.629s][info][gc,start       ] GC(34175) Pause Young (Allocation Failure)
[15615.632s][info][gc,heap        ] GC(34175) PSYoungGen: 84064K(84992K)->544K(84992K) Eden: 82944K(82944K)->0K(82944K) From: 1120K(2048K)->544K(2048K)
[15615.632s][info][gc,heap        ] GC(34175) ParOldGen: 261366K(261632K)->261510K(261632K)
[15615.632s][info][gc,metaspace   ] GC(34175) Metaspace: 62425K(62656K)->62425K(62656K) NonClass: 53379K(53568K)->53379K(53568K) Class: 9046K(9088K)->9046K(9088K)
[15615.632s][info][gc             ] GC(34175) Pause Young (Allocation Failure) 337M->255M(338M) 2.721ms
[15615.632s][info][gc,cpu         ] GC(34175) User=0.00s Sys=0.00s Real=0.00s
[15616.075s][info][gc,start       ] GC(34176) Pause Young (Allocation Failure)
[15616.078s][info][gc,heap        ] GC(34176) PSYoungGen: 83488K(84992K)->1120K(84992K) Eden: 82944K(82944K)->0K(82944K) From: 544K(2048K)->1120K(2048K)
[15616.078s][info][gc,heap        ] GC(34176) ParOldGen: 261510K(261632K)->261662K(262144K)
[15616.078s][info][gc,metaspace   ] GC(34176) Metaspace: 62425K(62656K)->62425K(62656K) NonClass: 53379K(53568K)->53379K(53568K) Class: 9046K(9088K)->9046K(9088K)
[15616.078s][info][gc             ] GC(34176) Pause Young (Allocation Failure) 336M->256M(339M) 3.378ms
[15616.078s][info][gc,cpu         ] GC(34176) User=0.00s Sys=0.00s Real=0.01s
[15616.525s][info][gc,start       ] GC(34177) Pause Young (Allocation Failure)
[15616.528s][info][gc,heap        ] GC(34177) PSYoungGen: 84064K(84992K)->512K(84992K) Eden: 82944K(82944K)->0K(82944K) From: 1120K(2048K)->512K(2048K)
[15616.528s][info][gc,heap        ] GC(34177) ParOldGen: 261662K(262144K)->261814K(262144K)
[15616.528s][info][gc,metaspace   ] GC(34177) Metaspace: 62425K(62656K)->62425K(62656K) NonClass: 53379K(53568K)->53379K(53568K) Class: 9046K(9088K)->9046K(9088K)
[15616.528s][info][gc             ] GC(34177) Pause Young (Allocation Failure) 337M->256M(339M) 2.746ms
[15616.528s][info][gc,cpu         ] GC(34177) User=0.01s Sys=0.00s Real=0.01s
[15616.942s][info][gc,start       ] GC(34178) Pause Young (Allocation Failure)
[15616.946s][info][gc,heap        ] GC(34178) PSYoungGen: 83456K(84992K)->1888K(84992K) Eden: 82944K(82944K)->0K(82944K) From: 512K(2048K)->1888K(2048K)
[15616.946s][info][gc,heap        ] GC(34178) ParOldGen: 261814K(262144K)->262998K(263680K)
[15616.946s][info][gc,metaspace   ] GC(34178) Metaspace: 62425K(62656K)->62425K(62656K) NonClass: 53379K(53568K)->53379K(53568K) Class: 9046K(9088K)->9046K(9088K)
[15616.946s][info][gc             ] GC(34178) Pause Young (Allocation Failure) 337M->258M(340M) 3.732ms
[15616.946s][info][gc,cpu         ] GC(34178) User=0.01s Sys=0.00s Real=0.01s
[15617.358s][info][gc,start       ] GC(34179) Pause Young (Allocation Failure)
[15617.362s][info][gc,heap        ] GC(34179) PSYoungGen: 84832K(84992K)->992K(84992K) Eden: 82944K(82944K)->0K(82944K) From: 1888K(2048K)->992K(2048K)
[15617.362s][info][gc,heap        ] GC(34179) ParOldGen: 262998K(263680K)->265198K(265216K)
[15617.362s][info][gc,metaspace   ] GC(34179) Metaspace: 62425K(62656K)->62425K(62656K) NonClass: 53379K(53568K)->53379K(53568K) Class: 9046K(9088K)->9046K(9088K)
[15617.362s][info][gc             ] GC(34179) Pause Young (Allocation Failure) 339M->259M(342M) 4.387ms
[15617.362s][info][gc,cpu         ] GC(34179) User=0.01s Sys=0.00s Real=0.00s
[15617.850s][info][gc,start       ] GC(34180) Pause Young (Allocation Failure)
[15617.853s][info][gc,heap        ] GC(34180) PSYoungGen: 83936K(84992K)->416K(84992K) Eden: 82944K(82944K)->0K(82944K) From: 992K(2048K)->416K(2048K)
[15617.853s][info][gc,heap        ] GC(34180) ParOldGen: 265198K(265216K)->265342K(265728K)
[15617.853s][info][gc,metaspace   ] GC(34180) Metaspace: 62425K(62656K)->62425K(62656K) NonClass: 53379K(53568K)->53379K(53568K) Class: 9046K(9088K)->9046K(9088K)
[15617.853s][info][gc             ] GC(34180) Pause Young (Allocation Failure) 340M->259M(342M) 2.744ms
[15617.853s][info][gc,cpu         ] GC(34180) User=0.00s Sys=0.00s Real=0.00s
[15618.305s][info][gc,start       ] GC(34181) Pause Young (Allocation Failure)
[15618.308s][info][gc,heap        ] GC(34181) PSYoungGen: 83360K(84992K)->288K(84992K) Eden: 82944K(82944K)->0K(82944K) From: 416K(2048K)->288K(2048K)
[15618.308s][info][gc,heap        ] GC(34181) ParOldGen: 265342K(265728K)->265542K(265728K)
[15618.308s][info][gc,metaspace   ] GC(34181) Metaspace: 62425K(62656K)->62425K(62656K) NonClass: 53379K(53568K)->53379K(53568K) Class: 9046K(9088K)->9046K(9088K)
[15618.308s][info][gc             ] GC(34181) Pause Young (Allocation Failure) 340M->259M(342M) 2.873ms
[15618.308s][info][gc,cpu         ] GC(34181) User=0.01s Sys=0.00s Real=0.01s
[15618.759s][info][gc,start       ] GC(34182) Pause Young (Allocation Failure)
[15618.762s][info][gc,heap        ] GC(34182) PSYoungGen: 83232K(84992K)->896K(84992K) Eden: 82944K(82944K)->0K(82944K) From: 288K(2048K)->896K(2048K)
[15618.762s][info][gc,heap        ] GC(34182) ParOldGen: 265542K(265728K)->265694K(265728K)
[15618.762s][info][gc,metaspace   ] GC(34182) Metaspace: 62425K(62656K)->62425K(62656K) NonClass: 53379K(53568K)->53379K(53568K) Class: 9046K(9088K)->9046K(9088K)
[15618.762s][info][gc             ] GC(34182) Pause Young (Allocation Failure) 340M->260M(342M) 3.208ms
[15618.762s][info][gc,cpu         ] GC(34182) User=0.01s Sys=0.00s Real=0.00s
[15619.201s][info][gc,start       ] GC(34183) Pause Young (Allocation Failure)
[15619.205s][info][gc,heap        ] GC(34183) PSYoungGen: 83840K(84992K)->1536K(84992K) Eden: 82944K(82944K)->0K(82944K) From: 896K(2048K)->1536K(2048K)
[15619.205s][info][gc,heap        ] GC(34183) ParOldGen: 265694K(265728K)->265838K(266240K)
[15619.205s][info][gc,metaspace   ] GC(34183) Metaspace: 62425K(62656K)->62425K(62656K) NonClass: 53379K(53568K)->53379K(53568K) Class: 9046K(9088K)->9046K(9088K)
[15619.205s][info][gc             ] GC(34183) Pause Young (Allocation Failure) 341M->261M(343M) 3.886ms
[15619.205s][info][gc,cpu         ] GC(34183) User=0.01s Sys=0.00s Real=0.00s
[15619.644s][info][gc,start       ] GC(34184) Pause Young (Allocation Failure)
[15619.646s][info][gc,heap        ] GC(34184) PSYoungGen: 84480K(84992K)->800K(84992K) Eden: 82944K(82944K)->0K(82944K) From: 1536K(2048K)->800K(2048K)
[15619.646s][info][gc,heap        ] GC(34184) ParOldGen: 265838K(266240K)->265982K(266240K)
[15619.646s][info][gc,metaspace   ] GC(34184) Metaspace: 62425K(62656K)->62425K(62656K) NonClass: 53379K(53568K)->53379K(53568K) Class: 9046K(9088K)->9046K(9088K)
[15619.646s][info][gc             ] GC(34184) Pause Young (Allocation Failure) 342M->260M(343M) 2.996ms
[15619.647s][info][gc,cpu         ] GC(34184) User=0.01s Sys=0.00s Real=0.01s
[15620.057s][info][gc,start       ] GC(34185) Pause Young (Allocation Failure)
[15620.061s][info][gc,heap        ] GC(34185) PSYoungGen: 83744K(84992K)->960K(84992K) Eden: 82944K(82944K)->0K(82944K) From: 800K(2048K)->960K(2048K)
[15620.061s][info][gc,heap        ] GC(34185) ParOldGen: 265982K(266240K)->266134K(266240K)
[15620.061s][info][gc,metaspace   ] GC(34185) Metaspace: 62425K(62656K)->62425K(62656K) NonClass: 53379K(53568K)->53379K(53568K) Class: 9046K(9088K)->9046K(9088K)
[15620.061s][info][gc             ] GC(34185) Pause Young (Allocation Failure) 341M->260M(343M) 3.296ms
[15620.061s][info][gc,cpu         ] GC(34185) User=0.01s Sys=0.00s Real=0.00s
[15620.479s][info][gc,start       ] GC(34186) Pause Young (Allocation Failure)
[15620.483s][info][gc,heap        ] GC(34186) PSYoungGen: 83904K(84992K)->1152K(84992K) Eden: 82944K(82944K)->0K(82944K) From: 960K(2048K)->1152K(2048K)
[15620.483s][info][gc,heap        ] GC(34186) ParOldGen: 266134K(266240K)->266294K(266752K)
[15620.483s][info][gc,metaspace   ] GC(34186) Metaspace: 62425K(62656K)->62425K(62656K) NonClass: 53379K(53568K)->53379K(53568K) Class: 9046K(9088K)->9046K(9088K)
[15620.483s][info][gc             ] GC(34186) Pause Young (Allocation Failure) 341M->261M(343M) 3.629ms
[15620.483s][info][gc,cpu         ] GC(34186) User=0.01s Sys=0.01s Real=0.00s
[15620.892s][info][gc,start       ] GC(34187) Pause Young (Allocation Failure)
[15620.895s][info][gc,heap        ] GC(34187) PSYoungGen: 84096K(84992K)->1440K(84992K) Eden: 82944K(82944K)->0K(82944K) From: 1152K(2048K)->1440K(2048K)
[15620.895s][info][gc,heap        ] GC(34187) ParOldGen: 266294K(266752K)->266454K(266752K)
[15620.895s][info][gc,metaspace   ] GC(34187) Metaspace: 62425K(62656K)->62425K(62656K) NonClass: 53379K(53568K)->53379K(53568K) Class: 9046K(9088K)->9046K(9088K)
[15620.895s][info][gc             ] GC(34187) Pause Young (Allocation Failure) 342M->261M(343M) 3.719ms
[15620.895s][info][gc,cpu         ] GC(34187) User=0.01s Sys=0.00s Real=0.00s
[15621.330s][info][gc,start       ] GC(34188) Pause Young (Allocation Failure)
[15621.333s][info][gc,heap        ] GC(34188) PSYoungGen: 84384K(84992K)->576K(84992K) Eden: 82944K(82944K)->0K(82944K) From: 1440K(2048K)->576K(2048K)
[15621.333s][info][gc,heap        ] GC(34188) ParOldGen: 266454K(266752K)->266606K(266752K)
[15621.333s][info][gc,metaspace   ] GC(34188) Metaspace: 62425K(62656K)->62425K(62656K) NonClass: 53379K(53568K)->53379K(53568K) Class: 9046K(9088K)->9046K(9088K)
[15621.333s][info][gc             ] GC(34188) Pause Young (Allocation Failure) 342M->260M(343M) 2.803ms
[15621.333s][info][gc,cpu         ] GC(34188) User=0.00s Sys=0.00s Real=0.00s
[15621.747s][info][gc,start       ] GC(34189) Pause Young (Allocation Failure)
[15621.750s][info][gc,heap        ] GC(34189) PSYoungGen: 83520K(84992K)->800K(84992K) Eden: 82944K(82944K)->0K(82944K) From: 576K(2048K)->800K(2048K)
[15621.750s][info][gc,heap        ] GC(34189) ParOldGen: 266606K(266752K)->266766K(267264K)
[15621.750s][info][gc,metaspace   ] GC(34189) Metaspace: 62425K(62656K)->62425K(62656K) NonClass: 53379K(53568K)->53379K(53568K) Class: 9046K(9088K)->9046K(9088K)
[15621.750s][info][gc             ] GC(34189) Pause Young (Allocation Failure) 341M->261M(344M) 3.131ms
[15621.750s][info][gc,cpu         ] GC(34189) User=0.01s Sys=0.00s Real=0.00s
[15622.158s][info][gc,start       ] GC(34190) Pause Young (Allocation Failure)
[15622.162s][info][gc,heap        ] GC(34190) PSYoungGen: 83744K(84992K)->992K(84992K) Eden: 82944K(82944K)->0K(82944K) From: 800K(2048K)->992K(2048K)
[15622.162s][info][gc,heap        ] GC(34190) ParOldGen: 266766K(267264K)->266926K(267264K)
[15622.162s][info][gc,metaspace   ] GC(34190) Metaspace: 62425K(62656K)->62425K(62656K) NonClass: 53379K(53568K)->53379K(53568K) Class: 9046K(9088K)->9046K(9088K)
[15622.162s][info][gc             ] GC(34190) Pause Young (Allocation Failure) 342M->261M(344M) 3.295ms
[15622.162s][info][gc,cpu         ] GC(34190) User=0.00s Sys=0.00s Real=0.00s
[15622.561s][info][gc,start       ] GC(34191) Pause Young (Allocation Failure)
[15622.566s][info][gc,heap        ] GC(34191) PSYoungGen: 83936K(84992K)->2016K(84992K) Eden: 82944K(82944K)->0K(82944K) From: 992K(2048K)->2016K(2048K)
[15622.566s][info][gc,heap        ] GC(34191) ParOldGen: 266926K(267264K)->269134K(270336K)
[15622.566s][info][gc,metaspace   ] GC(34191) Metaspace: 62425K(62656K)->62425K(62656K) NonClass: 53379K(53568K)->53379K(53568K) Class: 9046K(9088K)->9046K(9088K)
[15622.566s][info][gc             ] GC(34191) Pause Young (Allocation Failure) 342M->264M(347M) 4.417ms
[15622.566s][info][gc,cpu         ] GC(34191) User=0.01s Sys=0.01s Real=0.00s
[15622.969s][info][gc,start       ] GC(34192) Pause Young (Allocation Failure)
[15622.974s][info][gc,heap        ] GC(34192) PSYoungGen: 84960K(84992K)->1152K(82944K) Eden: 82944K(82944K)->0K(80896K) From: 2016K(2048K)->1152K(2048K)
[15622.974s][info][gc,heap        ] GC(34192) ParOldGen: 269134K(270336K)->271334K(271872K)
[15622.974s][info][gc,metaspace   ] GC(34192) Metaspace: 62425K(62656K)->62425K(62656K) NonClass: 53379K(53568K)->53379K(53568K) Class: 9046K(9088K)->9046K(9088K)
[15622.974s][info][gc             ] GC(34192) Pause Young (Allocation Failure) 345M->266M(346M) 4.600ms
[15622.974s][info][gc,cpu         ] GC(34192) User=0.01s Sys=0.00s Real=0.00s
[15623.378s][info][gc,start       ] GC(34193) Pause Young (Allocation Failure)
[15623.381s][info][gc,heap        ] GC(34193) PSYoungGen: 82048K(82944K)->1184K(83968K) Eden: 80896K(80896K)->0K(80896K) From: 1152K(2048K)->1184K(3072K)
[15623.381s][info][gc,heap        ] GC(34193) ParOldGen: 271334K(271872K)->271486K(271872K)
[15623.381s][info][gc,metaspace   ] GC(34193) Metaspace: 62425K(62656K)->62425K(62656K) NonClass: 53379K(53568K)->53379K(53568K) Class: 9046K(9088K)->9046K(9088K)
[15623.381s][info][gc             ] GC(34193) Pause Young (Allocation Failure) 345M->266M(347M) 3.459ms
[15623.381s][info][gc,cpu         ] GC(34193) User=0.00s Sys=0.01s Real=0.00s
[15623.771s][info][gc,start       ] GC(34194) Pause Young (Allocation Failure)
[15623.774s][info][gc,heap        ] GC(34194) PSYoungGen: 82080K(83968K)->1152K(84480K) Eden: 80896K(80896K)->0K(81408K) From: 1184K(3072K)->1152K(3072K)
[15623.774s][info][gc,heap        ] GC(34194) ParOldGen: 271486K(271872K)->271630K(271872K)
[15623.774s][info][gc,metaspace   ] GC(34194) Metaspace: 62425K(62656K)->62425K(62656K) NonClass: 53379K(53568K)->53379K(53568K) Class: 9046K(9088K)->9046K(9088K)
[15623.774s][info][gc             ] GC(34194) Pause Young (Allocation Failure) 345M->266M(348M) 3.362ms
[15623.774s][info][gc,cpu         ] GC(34194) User=0.00s Sys=0.00s Real=0.00s
[15624.172s][info][gc,start       ] GC(34195) Pause Young (Allocation Failure)
[15624.175s][info][gc,heap        ] GC(34195) PSYoungGen: 82560K(84480K)->1088K(83968K) Eden: 81408K(81408K)->0K(81408K) From: 1152K(3072K)->1088K(2560K)
[15624.175s][info][gc,heap        ] GC(34195) ParOldGen: 271630K(271872K)->271790K(271872K)
[15624.175s][info][gc,metaspace   ] GC(34195) Metaspace: 62425K(62656K)->62425K(62656K) NonClass: 53379K(53568K)->53379K(53568K) Class: 9046K(9088K)->9046K(9088K)
[15624.175s][info][gc             ] GC(34195) Pause Young (Allocation Failure) 345M->266M(347M) 3.416ms
[15624.175s][info][gc,cpu         ] GC(34195) User=0.00s Sys=0.00s Real=0.00s
[15624.575s][info][gc,start       ] GC(34196) Pause Young (Allocation Failure)
[15624.578s][info][gc,heap        ] GC(34196) PSYoungGen: 82496K(83968K)->1248K(84480K) Eden: 81408K(81408K)->0K(81920K) From: 1088K(2560K)->1248K(2560K)
[15624.578s][info][gc,heap        ] GC(34196) ParOldGen: 271790K(271872K)->271942K(272384K)
[15624.578s][info][gc,metaspace   ] GC(34196) Metaspace: 62425K(62656K)->62425K(62656K) NonClass: 53379K(53568K)->53379K(53568K) Class: 9046K(9088K)->9046K(9088K)
[15624.578s][info][gc             ] GC(34196) Pause Young (Allocation Failure) 345M->266M(348M) 3.642ms
[15624.578s][info][gc,cpu         ] GC(34196) User=0.01s Sys=0.00s Real=0.01s
[15624.978s][info][gc,start       ] GC(34197) Pause Young (Allocation Failure)
[15624.981s][info][gc,heap        ] GC(34197) PSYoungGen: 83168K(84480K)->1312K(84480K) Eden: 81920K(81920K)->0K(81920K) From: 1248K(2560K)->1312K(2560K)
[15624.981s][info][gc,heap        ] GC(34197) ParOldGen: 271942K(272384K)->272094K(272384K)
[15624.981s][info][gc,metaspace   ] GC(34197) Metaspace: 62425K(62656K)->62425K(62656K) NonClass: 53379K(53568K)->53379K(53568K) Class: 9046K(9088K)->9046K(9088K)
[15624.981s][info][gc             ] GC(34197) Pause Young (Allocation Failure) 346M->266M(348M) 3.620ms
[15624.981s][info][gc,cpu         ] GC(34197) User=0.00s Sys=0.00s Real=0.00s
[15625.381s][info][gc,start       ] GC(34198) Pause Young (Allocation Failure)
[15625.384s][info][gc,heap        ] GC(34198) PSYoungGen: 83232K(84480K)->1280K(84480K) Eden: 81920K(81920K)->0K(81920K) From: 1312K(2560K)->1280K(2560K)
[15625.384s][info][gc,heap        ] GC(34198) ParOldGen: 272094K(272384K)->272254K(272384K)
[15625.384s][info][gc,metaspace   ] GC(34198) Metaspace: 62425K(62656K)->62425K(62656K) NonClass: 53379K(53568K)->53379K(53568K) Class: 9046K(9088K)->9046K(9088K)
[15625.384s][info][gc             ] GC(34198) Pause Young (Allocation Failure) 346M->267M(348M) 3.663ms
[15625.384s][info][gc,cpu         ] GC(34198) User=0.01s Sys=0.00s Real=0.00s
[15625.788s][info][gc,start       ] GC(34199) Pause Young (Allocation Failure)
[15625.792s][info][gc,heap        ] GC(34199) PSYoungGen: 83200K(84480K)->1344K(84480K) Eden: 81920K(81920K)->0K(81920K) From: 1280K(2560K)->1344K(2560K)
[15625.792s][info][gc,heap        ] GC(34199) ParOldGen: 272254K(272384K)->272406K(272896K)
[15625.792s][info][gc,metaspace   ] GC(34199) Metaspace: 62425K(62656K)->62425K(62656K) NonClass: 53379K(53568K)->53379K(53568K) Class: 9046K(9088K)->9046K(9088K)
[15625.792s][info][gc             ] GC(34199) Pause Young (Allocation Failure) 347M->267M(349M) 3.678ms
[15625.792s][info][gc,cpu         ] GC(34199) User=0.00s Sys=0.00s Real=0.00s
[15626.187s][info][gc,start       ] GC(34200) Pause Young (Allocation Failure)
[15626.191s][info][gc,heap        ] GC(34200) PSYoungGen: 83264K(84480K)->1408K(84480K) Eden: 81920K(81920K)->0K(81920K) From: 1344K(2560K)->1408K(2560K)
[15626.191s][info][gc,heap        ] GC(34200) ParOldGen: 272406K(272896K)->272558K(272896K)
[15626.191s][info][gc,metaspace   ] GC(34200) Metaspace: 62425K(62656K)->62425K(62656K) NonClass: 53379K(53568K)->53379K(53568K) Class: 9046K(9088K)->9046K(9088K)
[15626.191s][info][gc             ] GC(34200) Pause Young (Allocation Failure) 347M->267M(349M) 3.700ms
[15626.191s][info][gc,cpu         ] GC(34200) User=0.01s Sys=0.00s Real=0.00s
[15626.653s][info][gc,start       ] GC(34201) Pause Young (Allocation Failure)
[15626.656s][info][gc,heap        ] GC(34201) PSYoungGen: 83328K(84480K)->896K(84480K) Eden: 81920K(81920K)->0K(81920K) From: 1408K(2560K)->896K(2560K)
[15626.656s][info][gc,heap        ] GC(34201) ParOldGen: 272558K(272896K)->272710K(272896K)
[15626.656s][info][gc,metaspace   ] GC(34201) Metaspace: 62425K(62656K)->62425K(62656K) NonClass: 53379K(53568K)->53379K(53568K) Class: 9046K(9088K)->9046K(9088K)
[15626.656s][info][gc             ] GC(34201) Pause Young (Allocation Failure) 347M->267M(349M) 3.152ms
[15626.656s][info][gc,cpu         ] GC(34201) User=0.00s Sys=0.00s Real=0.01s
[15627.098s][info][gc,start       ] GC(34202) Pause Young (Allocation Failure)
[15627.101s][info][gc,heap        ] GC(34202) PSYoungGen: 82816K(84480K)->1376K(84992K) Eden: 81920K(81920K)->0K(82944K) From: 896K(2560K)->1376K(2048K)
[15627.102s][info][gc,heap        ] GC(34202) ParOldGen: 272710K(272896K)->272918K(273408K)
[15627.102s][info][gc,metaspace   ] GC(34202) Metaspace: 62425K(62656K)->62425K(62656K) NonClass: 53379K(53568K)->53379K(53568K) Class: 9046K(9088K)->9046K(9088K)
[15627.102s][info][gc             ] GC(34202) Pause Young (Allocation Failure) 347M->267M(350M) 3.774ms
[15627.102s][info][gc,cpu         ] GC(34202) User=0.01s Sys=0.00s Real=0.00s
[15627.552s][info][gc,start       ] GC(34203) Pause Young (Allocation Failure)
[15627.555s][info][gc,heap        ] GC(34203) PSYoungGen: 84320K(84992K)->896K(84992K) Eden: 82944K(82944K)->0K(82944K) From: 1376K(2048K)->896K(2048K)
[15627.555s][info][gc,heap        ] GC(34203) ParOldGen: 272918K(273408K)->273078K(273408K)
[15627.555s][info][gc,metaspace   ] GC(34203) Metaspace: 62425K(62656K)->62425K(62656K) NonClass: 53379K(53568K)->53379K(53568K) Class: 9046K(9088K)->9046K(9088K)
[15627.555s][info][gc             ] GC(34203) Pause Young (Allocation Failure) 348M->267M(350M) 3.195ms
[15627.555s][info][gc,cpu         ] GC(34203) User=0.00s Sys=0.00s Real=0.00s
[15627.965s][info][gc,start       ] GC(34204) Pause Young (Allocation Failure)
[15627.968s][info][gc,heap        ] GC(34204) PSYoungGen: 83840K(84992K)->1120K(84992K) Eden: 82944K(82944K)->0K(82944K) From: 896K(2048K)->1120K(2048K)
[15627.968s][info][gc,heap        ] GC(34204) ParOldGen: 273078K(273408K)->273230K(273408K)
[15627.968s][info][gc,metaspace   ] GC(34204) Metaspace: 62425K(62656K)->62425K(62656K) NonClass: 53379K(53568K)->53379K(53568K) Class: 9046K(9088K)->9046K(9088K)
[15627.968s][info][gc             ] GC(34204) Pause Young (Allocation Failure) 348M->267M(350M) 3.479ms
[15627.968s][info][gc,cpu         ] GC(34204) User=0.01s Sys=0.00s Real=0.01s
[15628.400s][info][gc,start       ] GC(34205) Pause Young (Allocation Failure)
[15628.404s][info][gc,heap        ] GC(34205) PSYoungGen: 84064K(84992K)->1472K(84992K) Eden: 82944K(82944K)->0K(82944K) From: 1120K(2048K)->1472K(2048K)
[15628.404s][info][gc,heap        ] GC(34205) ParOldGen: 273230K(273408K)->273382K(273408K)
[15628.404s][info][gc,metaspace   ] GC(34205) Metaspace: 62425K(62656K)->62425K(62656K) NonClass: 53379K(53568K)->53379K(53568K) Class: 9046K(9088K)->9046K(9088K)
[15628.404s][info][gc             ] GC(34205) Pause Young (Allocation Failure) 348M->268M(350M) 3.871ms
[15628.404s][info][gc,cpu         ] GC(34205) User=0.01s Sys=0.00s Real=0.00s
[15628.842s][info][gc,start       ] GC(34206) Pause Young (Allocation Failure)
[15628.845s][info][gc,heap        ] GC(34206) PSYoungGen: 84416K(84992K)->704K(84992K) Eden: 82944K(82944K)->0K(82944K) From: 1472K(2048K)->704K(2048K)
[15628.845s][info][gc,heap        ] GC(34206) ParOldGen: 273382K(273408K)->273534K(273920K)
[15628.845s][info][gc,metaspace   ] GC(34206) Metaspace: 62425K(62656K)->62425K(62656K) NonClass: 53379K(53568K)->53379K(53568K) Class: 9046K(9088K)->9046K(9088K)
[15628.845s][info][gc             ] GC(34206) Pause Young (Allocation Failure) 349M->267M(350M) 3.034ms
[15628.845s][info][gc,cpu         ] GC(34206) User=0.00s Sys=0.00s Real=0.00s
[15629.252s][info][gc,start       ] GC(34207) Pause Young (Allocation Failure)
[15629.256s][info][gc,heap        ] GC(34207) PSYoungGen: 83648K(84992K)->928K(84992K) Eden: 82944K(82944K)->0K(82944K) From: 704K(2048K)->928K(2048K)
[15629.256s][info][gc,heap        ] GC(34207) ParOldGen: 273534K(273920K)->273686K(273920K)
[15629.256s][info][gc,metaspace   ] GC(34207) Metaspace: 62425K(62656K)->62425K(62656K) NonClass: 53379K(53568K)->53379K(53568K) Class: 9046K(9088K)->9046K(9088K)
[15629.256s][info][gc             ] GC(34207) Pause Young (Allocation Failure) 348M->268M(350M) 3.262ms
[15629.256s][info][gc,cpu         ] GC(34207) User=0.01s Sys=0.00s Real=0.00s
[15629.652s][info][gc,start       ] GC(34208) Pause Young (Allocation Failure)
[15629.655s][info][gc,heap        ] GC(34208) PSYoungGen: 83872K(84992K)->960K(84992K) Eden: 82944K(82944K)->0K(82944K) From: 928K(2048K)->960K(2048K)
[15629.655s][info][gc,heap        ] GC(34208) ParOldGen: 273686K(273920K)->273838K(273920K)
[15629.655s][info][gc,metaspace   ] GC(34208) Metaspace: 62425K(62656K)->62425K(62656K) NonClass: 53379K(53568K)->53379K(53568K) Class: 9046K(9088K)->9046K(9088K)
[15629.655s][info][gc             ] GC(34208) Pause Young (Allocation Failure) 349M->268M(350M) 3.167ms
[15629.655s][info][gc,cpu         ] GC(34208) User=0.00s Sys=0.00s Real=0.00s
[15630.068s][info][gc,start       ] GC(34209) Pause Young (Allocation Failure)
[15630.072s][info][gc,heap        ] GC(34209) PSYoungGen: 83904K(84992K)->1024K(84992K) Eden: 82944K(82944K)->0K(82944K) From: 960K(2048K)->1024K(2048K)
[15630.072s][info][gc,heap        ] GC(34209) ParOldGen: 273838K(273920K)->273982K(274432K)
[15630.072s][info][gc,metaspace   ] GC(34209) Metaspace: 62425K(62656K)->62425K(62656K) NonClass: 53379K(53568K)->53379K(53568K) Class: 9046K(9088K)->9046K(9088K)
[15630.072s][info][gc             ] GC(34209) Pause Young (Allocation Failure) 349M->268M(351M) 3.361ms
[15630.072s][info][gc,cpu         ] GC(34209) User=0.00s Sys=0.00s Real=0.00s
[15630.491s][info][gc,start       ] GC(34210) Pause Young (Allocation Failure)
[15630.495s][info][gc,heap        ] GC(34210) PSYoungGen: 83968K(84992K)->1440K(84992K) Eden: 82944K(82944K)->0K(82944K) From: 1024K(2048K)->1440K(2048K)
[15630.495s][info][gc,heap        ] GC(34210) ParOldGen: 273982K(274432K)->274126K(274432K)
[15630.495s][info][gc,metaspace   ] GC(34210) Metaspace: 62425K(62656K)->62425K(62656K) NonClass: 53379K(53568K)->53379K(53568K) Class: 9046K(9088K)->9046K(9088K)
[15630.495s][info][gc             ] GC(34210) Pause Young (Allocation Failure) 349M->269M(351M) 3.671ms
[15630.495s][info][gc,cpu         ] GC(34210) User=0.00s Sys=0.00s Real=0.00s
[15630.926s][info][gc,start       ] GC(34211) Pause Young (Allocation Failure)
[15630.929s][info][gc,heap        ] GC(34211) PSYoungGen: 84384K(84992K)->512K(84992K) Eden: 82944K(82944K)->0K(82944K) From: 1440K(2048K)->512K(2048K)
[15630.929s][info][gc,heap        ] GC(34211) ParOldGen: 274126K(274432K)->274270K(274432K)
[15630.929s][info][gc,metaspace   ] GC(34211) Metaspace: 62425K(62656K)->62425K(62656K) NonClass: 53379K(53568K)->53379K(53568K) Class: 9046K(9088K)->9046K(9088K)
[15630.929s][info][gc             ] GC(34211) Pause Young (Allocation Failure) 350M->268M(351M) 2.655ms
[15630.929s][info][gc,cpu         ] GC(34211) User=0.00s Sys=0.00s Real=0.00s
[15631.415s][info][gc,start       ] GC(34212) Pause Young (Allocation Failure)
[15631.418s][info][gc,heap        ] GC(34212) PSYoungGen: 83456K(84992K)->384K(84992K) Eden: 82944K(82944K)->0K(82944K) From: 512K(2048K)->384K(2048K)
[15631.418s][info][gc,heap        ] GC(34212) ParOldGen: 274270K(274432K)->274414K(274432K)
[15631.418s][info][gc,metaspace   ] GC(34212) Metaspace: 62425K(62656K)->62425K(62656K) NonClass: 53379K(53568K)->53379K(53568K) Class: 9046K(9088K)->9046K(9088K)
[15631.418s][info][gc             ] GC(34212) Pause Young (Allocation Failure) 349M->268M(351M) 2.687ms
[15631.418s][info][gc,cpu         ] GC(34212) User=0.00s Sys=0.00s Real=0.01s
[15631.927s][info][gc,start       ] GC(34213) Pause Young (Allocation Failure)
[15631.930s][info][gc,heap        ] GC(34213) PSYoungGen: 83328K(84992K)->480K(84992K) Eden: 82944K(82944K)->0K(82944K) From: 384K(2048K)->480K(2048K)
[15631.930s][info][gc,heap        ] GC(34213) ParOldGen: 274414K(274432K)->274566K(274944K)
[15631.930s][info][gc,metaspace   ] GC(34213) Metaspace: 62425K(62656K)->62425K(62656K) NonClass: 53379K(53568K)->53379K(53568K) Class: 9046K(9088K)->9046K(9088K)
[15631.930s][info][gc             ] GC(34213) Pause Young (Allocation Failure) 349M->268M(351M) 2.890ms
[15631.930s][info][gc,cpu         ] GC(34213) User=0.00s Sys=0.00s Real=0.00s
[15632.389s][info][gc,start       ] GC(34214) Pause Young (Allocation Failure)
[15632.393s][info][gc,heap        ] GC(34214) PSYoungGen: 83424K(84992K)->1280K(84992K) Eden: 82944K(82944K)->0K(82944K) From: 480K(2048K)->1280K(2048K)
[15632.393s][info][gc,heap        ] GC(34214) ParOldGen: 274566K(274944K)->274718K(274944K)
[15632.393s][info][gc,metaspace   ] GC(34214) Metaspace: 62425K(62656K)->62425K(62656K) NonClass: 53379K(53568K)->53379K(53568K) Class: 9046K(9088K)->9046K(9088K)
[15632.393s][info][gc             ] GC(34214) Pause Young (Allocation Failure) 349M->269M(351M) 3.680ms
[15632.393s][info][gc,cpu         ] GC(34214) User=0.00s Sys=0.00s Real=0.00s
[15632.857s][info][gc,start       ] GC(34215) Pause Young (Allocation Failure)
[15632.860s][info][gc,heap        ] GC(34215) PSYoungGen: 84224K(84992K)->832K(84992K) Eden: 82944K(82944K)->0K(82944K) From: 1280K(2048K)->832K(2048K)
[15632.860s][info][gc,heap        ] GC(34215) ParOldGen: 274718K(274944K)->274862K(274944K)
[15632.860s][info][gc,metaspace   ] GC(34215) Metaspace: 62425K(62656K)->62425K(62656K) NonClass: 53379K(53568K)->53379K(53568K) Class: 9046K(9088K)->9046K(9088K)
[15632.860s][info][gc             ] GC(34215) Pause Young (Allocation Failure) 350M->269M(351M) 3.127ms
[15632.860s][info][gc,cpu         ] GC(34215) User=0.00s Sys=0.00s Real=0.00s
[15633.321s][info][gc,start       ] GC(34216) Pause Young (Allocation Failure)
[15633.324s][info][gc,heap        ] GC(34216) PSYoungGen: 83776K(84992K)->384K(84992K) Eden: 82944K(82944K)->0K(82944K) From: 832K(2048K)->384K(2048K)
[15633.324s][info][gc,heap        ] GC(34216) ParOldGen: 274862K(274944K)->275006K(275456K)
[15633.324s][info][gc,metaspace   ] GC(34216) Metaspace: 62425K(62656K)->62425K(62656K) NonClass: 53379K(53568K)->53379K(53568K) Class: 9046K(9088K)->9046K(9088K)
[15633.324s][info][gc             ] GC(34216) Pause Young (Allocation Failure) 350M->268M(352M) 2.856ms
[15633.324s][info][gc,cpu         ] GC(34216) User=0.01s Sys=0.00s Real=0.00s
[15633.780s][info][gc,start       ] GC(34217) Pause Young (Allocation Failure)
[15633.784s][info][gc,heap        ] GC(34217) PSYoungGen: 83328K(84992K)->2016K(84992K) Eden: 82944K(82944K)->0K(82944K) From: 384K(2048K)->2016K(2048K)
[15633.784s][info][gc,heap        ] GC(34217) ParOldGen: 275006K(275456K)->276318K(276992K)
[15633.784s][info][gc,metaspace   ] GC(34217) Metaspace: 62425K(62656K)->62425K(62656K) NonClass: 53379K(53568K)->53379K(53568K) Class: 9046K(9088K)->9046K(9088K)
[15633.784s][info][gc             ] GC(34217) Pause Young (Allocation Failure) 349M->271M(353M) 4.334ms
[15633.784s][info][gc,cpu         ] GC(34217) User=0.00s Sys=0.00s Real=0.00s
[15634.244s][info][gc,start       ] GC(34218) Pause Young (Allocation Failure)
[15634.248s][info][gc,heap        ] GC(34218) PSYoungGen: 84960K(84992K)->768K(82944K) Eden: 82944K(82944K)->0K(80896K) From: 2016K(2048K)->768K(2048K)
[15634.248s][info][gc,heap        ] GC(34218) ParOldGen: 276318K(276992K)->278486K(278528K)
[15634.248s][info][gc,metaspace   ] GC(34218) Metaspace: 62425K(62656K)->62425K(62656K) NonClass: 53379K(53568K)->53379K(53568K) Class: 9046K(9088K)->9046K(9088K)
[15634.248s][info][gc             ] GC(34218) Pause Young (Allocation Failure) 352M->272M(353M) 3.980ms
[15634.248s][info][gc,cpu         ] GC(34218) User=0.01s Sys=0.00s Real=0.01s
[15634.716s][info][gc,start       ] GC(34219) Pause Young (Allocation Failure)
[15634.719s][info][gc,heap        ] GC(34219) PSYoungGen: 81664K(82944K)->384K(83968K) Eden: 80896K(80896K)->0K(80896K) From: 768K(2048K)->384K(3072K)
[15634.719s][info][gc,heap        ] GC(34219) ParOldGen: 278486K(278528K)->278630K(279040K)
[15634.719s][info][gc,metaspace   ] GC(34219) Metaspace: 62425K(62656K)->62425K(62656K) NonClass: 53379K(53568K)->53379K(53568K) Class: 9046K(9088K)->9046K(9088K)
[15634.719s][info][gc             ] GC(34219) Pause Young (Allocation Failure) 351M->272M(354M) 2.833ms
[15634.719s][info][gc,cpu         ] GC(34219) User=0.00s Sys=0.00s Real=0.00s
[15635.206s][info][gc,start       ] GC(34220) Pause Young (Allocation Failure)
[15635.208s][info][gc,heap        ] GC(34220) PSYoungGen: 81280K(83968K)->256K(83968K) Eden: 80896K(80896K)->0K(80896K) From: 384K(3072K)->256K(3072K)
[15635.208s][info][gc,heap        ] GC(34220) ParOldGen: 278630K(279040K)->278782K(279040K)
[15635.208s][info][gc,metaspace   ] GC(34220) Metaspace: 62425K(62656K)->62425K(62656K) NonClass: 53379K(53568K)->53379K(53568K) Class: 9046K(9088K)->9046K(9088K)
[15635.208s][info][gc             ] GC(34220) Pause Young (Allocation Failure) 351M->272M(354M) 2.635ms
[15635.208s][info][gc,cpu         ] GC(34220) User=0.00s Sys=0.00s Real=0.01s
[15635.664s][info][gc,start       ] GC(34221) Pause Young (Allocation Failure)
[15635.667s][info][gc,heap        ] GC(34221) PSYoungGen: 81152K(83968K)->960K(83968K) Eden: 80896K(80896K)->0K(80896K) From: 256K(3072K)->960K(3072K)
[15635.667s][info][gc,heap        ] GC(34221) ParOldGen: 278782K(279040K)->278926K(279040K)
[15635.667s][info][gc,metaspace   ] GC(34221) Metaspace: 62425K(62656K)->62425K(62656K) NonClass: 53379K(53568K)->53379K(53568K) Class: 9046K(9088K)->9046K(9088K)
[15635.667s][info][gc             ] GC(34221) Pause Young (Allocation Failure) 351M->273M(354M) 3.208ms
[15635.667s][info][gc,cpu         ] GC(34221) User=0.01s Sys=0.00s Real=0.01s
[15636.189s][info][gc,start       ] GC(34222) Pause Young (Allocation Failure)
[15636.192s][info][gc,heap        ] GC(34222) PSYoungGen: 81856K(83968K)->1328K(84480K) Eden: 80896K(80896K)->0K(81920K) From: 960K(3072K)->1328K(2560K)
[15636.192s][info][gc,heap        ] GC(34222) ParOldGen: 278926K(279040K)->279078K(279552K)
[15636.192s][info][gc,metaspace   ] GC(34222) Metaspace: 62425K(62656K)->62425K(62656K) NonClass: 53379K(53568K)->53379K(53568K) Class: 9046K(9088K)->9046K(9088K)
[15636.192s][info][gc             ] GC(34222) Pause Young (Allocation Failure) 352M->273M(355M) 3.639ms
[15636.193s][info][gc,cpu         ] GC(34222) User=0.01s Sys=0.00s Real=0.00s
[15636.631s][info][gc,start       ] GC(34223) Pause Young (Allocation Failure)
[15636.634s][info][gc,heap        ] GC(34223) PSYoungGen: 83248K(84480K)->576K(84480K) Eden: 81920K(81920K)->0K(81920K) From: 1328K(2560K)->576K(2560K)
[15636.634s][info][gc,heap        ] GC(34223) ParOldGen: 279078K(279552K)->279278K(279552K)
[15636.634s][info][gc,metaspace   ] GC(34223) Metaspace: 62425K(62656K)->62425K(62656K) NonClass: 53379K(53568K)->53379K(53568K) Class: 9046K(9088K)->9046K(9088K)
[15636.634s][info][gc             ] GC(34223) Pause Young (Allocation Failure) 353M->273M(355M) 2.875ms
[15636.634s][info][gc,cpu         ] GC(34223) User=0.01s Sys=0.00s Real=0.00s
[15637.089s][info][gc,start       ] GC(34224) Pause Young (Allocation Failure)
[15637.093s][info][gc,heap        ] GC(34224) PSYoungGen: 82496K(84480K)->1408K(84480K) Eden: 81920K(81920K)->0K(81920K) From: 576K(2560K)->1408K(2560K)
[15637.093s][info][gc,heap        ] GC(34224) ParOldGen: 279278K(279552K)->279438K(279552K)
[15637.093s][info][gc,metaspace   ] GC(34224) Metaspace: 62426K(62656K)->62426K(62656K) NonClass: 53380K(53568K)->53380K(53568K) Class: 9046K(9088K)->9046K(9088K)
[15637.093s][info][gc             ] GC(34224) Pause Young (Allocation Failure) 353M->274M(355M) 3.830ms
[15637.093s][info][gc,cpu         ] GC(34224) User=0.01s Sys=0.00s Real=0.00s
[15637.564s][info][gc,start       ] GC(34225) Pause Young (Allocation Failure)
[15637.568s][info][gc,heap        ] GC(34225) PSYoungGen: 83328K(84480K)->960K(84480K) Eden: 81920K(81920K)->0K(81920K) From: 1408K(2560K)->960K(2560K)
[15637.568s][info][gc,heap        ] GC(34225) ParOldGen: 279438K(279552K)->279790K(280064K)
[15637.568s][info][gc,metaspace   ] GC(34225) Metaspace: 62427K(62656K)->62427K(62656K) NonClass: 53381K(53568K)->53381K(53568K) Class: 9046K(9088K)->9046K(9088K)
[15637.568s][info][gc             ] GC(34225) Pause Young (Allocation Failure) 354M->274M(356M) 3.564ms
[15637.568s][info][gc,cpu         ] GC(34225) User=0.00s Sys=0.00s Real=0.01s
[15638.033s][info][gc,start       ] GC(34226) Pause Young (Allocation Failure)
[15638.036s][info][gc,heap        ] GC(34226) PSYoungGen: 82880K(84480K)->608K(84480K) Eden: 81920K(81920K)->0K(81920K) From: 960K(2560K)->608K(2560K)
[15638.036s][info][gc,heap        ] GC(34226) ParOldGen: 279790K(280064K)->279942K(280064K)
[15638.036s][info][gc,metaspace   ] GC(34226) Metaspace: 62427K(62656K)->62427K(62656K) NonClass: 53381K(53568K)->53381K(53568K) Class: 9046K(9088K)->9046K(9088K)
[15638.036s][info][gc             ] GC(34226) Pause Young (Allocation Failure) 354M->273M(356M) 2.860ms
[15638.036s][info][gc,cpu         ] GC(34226) User=0.01s Sys=0.00s Real=0.01s
[15638.500s][info][gc,start       ] GC(34227) Pause Young (Allocation Failure)
[15638.504s][info][gc,heap        ] GC(34227) PSYoungGen: 82528K(84480K)->1440K(84480K) Eden: 81920K(81920K)->0K(81920K) From: 608K(2560K)->1440K(2560K)
[15638.504s][info][gc,heap        ] GC(34227) ParOldGen: 279942K(280064K)->280094K(280576K)
[15638.504s][info][gc,metaspace   ] GC(34227) Metaspace: 62427K(62656K)->62427K(62656K) NonClass: 53381K(53568K)->53381K(53568K) Class: 9046K(9088K)->9046K(9088K)
[15638.504s][info][gc             ] GC(34227) Pause Young (Allocation Failure) 353M->274M(356M) 3.794ms
[15638.504s][info][gc,cpu         ] GC(34227) User=0.00s Sys=0.00s Real=0.00s
[15638.979s][info][gc,start       ] GC(34228) Pause Young (Allocation Failure)
[15638.982s][info][gc,heap        ] GC(34228) PSYoungGen: 83360K(84480K)->1120K(84480K) Eden: 81920K(81920K)->0K(81920K) From: 1440K(2560K)->1120K(2560K)
[15638.982s][info][gc,heap        ] GC(34228) ParOldGen: 280094K(280576K)->280238K(280576K)
[15638.982s][info][gc,metaspace   ] GC(34228) Metaspace: 62427K(62656K)->62427K(62656K) NonClass: 53381K(53568K)->53381K(53568K) Class: 9046K(9088K)->9046K(9088K)
[15638.982s][info][gc             ] GC(34228) Pause Young (Allocation Failure) 354M->274M(356M) 3.428ms
[15638.983s][info][gc,cpu         ] GC(34228) User=0.01s Sys=0.00s Real=0.00s
[15639.399s][info][gc,start       ] GC(34229) Pause Young (Allocation Failure)
[15639.403s][info][gc,heap        ] GC(34229) PSYoungGen: 83040K(84480K)->1504K(84480K) Eden: 81920K(81920K)->0K(81920K) From: 1120K(2560K)->1504K(2560K)
[15639.403s][info][gc,heap        ] GC(34229) ParOldGen: 280238K(280576K)->280382K(280576K)
[15639.403s][info][gc,metaspace   ] GC(34229) Metaspace: 62427K(62656K)->62427K(62656K) NonClass: 53381K(53568K)->53381K(53568K) Class: 9046K(9088K)->9046K(9088K)
[15639.403s][info][gc             ] GC(34229) Pause Young (Allocation Failure) 354M->275M(356M) 3.820ms
[15639.403s][info][gc,cpu         ] GC(34229) User=0.01s Sys=0.00s Real=0.00s
[15639.798s][info][gc,start       ] GC(34230) Pause Young (Allocation Failure)
[15639.802s][info][gc,heap        ] GC(34230) PSYoungGen: 83424K(84480K)->1504K(84480K) Eden: 81920K(81920K)->0K(81920K) From: 1504K(2560K)->1504K(2560K)
[15639.802s][info][gc,heap        ] GC(34230) ParOldGen: 280382K(280576K)->280526K(280576K)
[15639.802s][info][gc,metaspace   ] GC(34230) Metaspace: 62427K(62656K)->62427K(62656K) NonClass: 53381K(53568K)->53381K(53568K) Class: 9046K(9088K)->9046K(9088K)
[15639.802s][info][gc             ] GC(34230) Pause Young (Allocation Failure) 355M->275M(356M) 3.852ms
[15639.802s][info][gc,cpu         ] GC(34230) User=0.01s Sys=0.00s Real=0.00s
[15640.196s][info][gc,start       ] GC(34231) Pause Young (Allocation Failure)
[15640.201s][info][gc,heap        ] GC(34231) PSYoungGen: 83424K(84480K)->2528K(84480K) Eden: 81920K(81920K)->0K(81920K) From: 1504K(2560K)->2528K(2560K)
[15640.201s][info][gc,heap        ] GC(34231) ParOldGen: 280526K(280576K)->281686K(282112K)
[15640.201s][info][gc,metaspace   ] GC(34231) Metaspace: 62427K(62656K)->62427K(62656K) NonClass: 53381K(53568K)->53381K(53568K) Class: 9046K(9088K)->9046K(9088K)
[15640.201s][info][gc             ] GC(34231) Pause Young (Allocation Failure) 355M->277M(358M) 4.662ms
[15640.201s][info][gc,cpu         ] GC(34231) User=0.01s Sys=0.00s Real=0.00s
[15640.601s][info][gc,start       ] GC(34232) Pause Young (Allocation Failure)
[15640.606s][info][gc,heap        ] GC(34232) PSYoungGen: 84448K(84480K)->1568K(83456K) Eden: 81920K(81920K)->0K(80896K) From: 2528K(2560K)->1568K(2560K)
[15640.606s][info][gc,heap        ] GC(34232) ParOldGen: 281686K(282112K)->283862K(285184K)
[15640.606s][info][gc,metaspace   ] GC(34232) Metaspace: 62427K(62656K)->62427K(62656K) NonClass: 53381K(53568K)->53381K(53568K) Class: 9046K(9088K)->9046K(9088K)
[15640.606s][info][gc             ] GC(34232) Pause Young (Allocation Failure) 357M->278M(360M) 4.792ms
[15640.606s][info][gc,cpu         ] GC(34232) User=0.01s Sys=0.00s Real=0.01s
[15641.000s][info][gc,start       ] GC(34233) Pause Young (Allocation Failure)
[15641.004s][info][gc,heap        ] GC(34233) PSYoungGen: 82464K(83456K)->1568K(83968K) Eden: 80896K(80896K)->0K(80896K) From: 1568K(2560K)->1568K(3072K)
[15641.004s][info][gc,heap        ] GC(34233) ParOldGen: 283862K(285184K)->284006K(285184K)
[15641.004s][info][gc,metaspace   ] GC(34233) Metaspace: 62427K(62656K)->62427K(62656K) NonClass: 53381K(53568K)->53381K(53568K) Class: 9046K(9088K)->9046K(9088K)
[15641.004s][info][gc             ] GC(34233) Pause Young (Allocation Failure) 357M->278M(360M) 3.883ms
[15641.004s][info][gc,cpu         ] GC(34233) User=0.01s Sys=0.01s Real=0.00s
[15641.398s][info][gc,start       ] GC(34234) Pause Young (Allocation Failure)
[15641.402s][info][gc,heap        ] GC(34234) PSYoungGen: 82464K(83968K)->1504K(83968K) Eden: 80896K(80896K)->0K(80896K) From: 1568K(3072K)->1504K(3072K)
[15641.402s][info][gc,heap        ] GC(34234) ParOldGen: 284006K(285184K)->284142K(285184K)
[15641.402s][info][gc,metaspace   ] GC(34234) Metaspace: 62427K(62656K)->62427K(62656K) NonClass: 53381K(53568K)->53381K(53568K) Class: 9046K(9088K)->9046K(9088K)
[15641.402s][info][gc             ] GC(34234) Pause Young (Allocation Failure) 357M->278M(360M) 3.740ms
[15641.402s][info][gc,cpu         ] GC(34234) User=0.00s Sys=0.00s Real=0.00s
[15641.800s][info][gc,start       ] GC(34235) Pause Young (Allocation Failure)
[15641.803s][info][gc,heap        ] GC(34235) PSYoungGen: 82400K(83968K)->1536K(83968K) Eden: 80896K(80896K)->0K(80896K) From: 1504K(3072K)->1536K(3072K)
[15641.803s][info][gc,heap        ] GC(34235) ParOldGen: 284142K(285184K)->284286K(285184K)
[15641.803s][info][gc,metaspace   ] GC(34235) Metaspace: 62427K(62656K)->62427K(62656K) NonClass: 53381K(53568K)->53381K(53568K) Class: 9046K(9088K)->9046K(9088K)
[15641.803s][info][gc             ] GC(34235) Pause Young (Allocation Failure) 357M->279M(360M) 3.803ms
[15641.803s][info][gc,cpu         ] GC(34235) User=0.01s Sys=0.00s Real=0.00s
[15642.203s][info][gc,start       ] GC(34236) Pause Young (Allocation Failure)
[15642.205s][info][gc,heap        ] GC(34236) PSYoungGen: 82432K(83968K)->256K(83968K) Eden: 80896K(80896K)->0K(80896K) From: 1536K(3072K)->256K(3072K)
[15642.205s][info][gc,heap        ] GC(34236) ParOldGen: 284286K(285184K)->284438K(285184K)
[15642.205s][info][gc,metaspace   ] GC(34236) Metaspace: 62427K(62656K)->62427K(62656K) NonClass: 53381K(53568K)->53381K(53568K) Class: 9046K(9088K)->9046K(9088K)
[15642.205s][info][gc             ] GC(34236) Pause Young (Allocation Failure) 358M->278M(360M) 2.576ms
[15642.205s][info][gc,cpu         ] GC(34236) User=0.01s Sys=0.00s Real=0.00s
[15642.604s][info][gc,start       ] GC(34237) Pause Young (Allocation Failure)
[15642.606s][info][gc,heap        ] GC(34237) PSYoungGen: 81152K(83968K)->288K(83968K) Eden: 80896K(80896K)->0K(80896K) From: 256K(3072K)->288K(3072K)
[15642.606s][info][gc,heap        ] GC(34237) ParOldGen: 284438K(285184K)->284590K(285184K)
[15642.606s][info][gc,metaspace   ] GC(34237) Metaspace: 62427K(62656K)->62427K(62656K) NonClass: 53381K(53568K)->53381K(53568K) Class: 9046K(9088K)->9046K(9088K)
[15642.606s][info][gc             ] GC(34237) Pause Young (Allocation Failure) 357M->278M(360M) 2.582ms
[15642.606s][info][gc,cpu         ] GC(34237) User=0.00s Sys=0.00s Real=0.01s
[15642.992s][info][gc,start       ] GC(34238) Pause Young (Allocation Failure)
[15642.996s][info][gc,heap        ] GC(34238) PSYoungGen: 81184K(83968K)->1504K(83968K) Eden: 80896K(80896K)->0K(80896K) From: 288K(3072K)->1504K(3072K)
[15642.996s][info][gc,heap        ] GC(34238) ParOldGen: 284590K(285184K)->284750K(285184K)
[15642.996s][info][gc,metaspace   ] GC(34238) Metaspace: 62427K(62656K)->62427K(62656K) NonClass: 53381K(53568K)->53381K(53568K) Class: 9046K(9088K)->9046K(9088K)
[15642.996s][info][gc             ] GC(34238) Pause Young (Allocation Failure) 357M->279M(360M) 3.903ms
[15642.996s][info][gc,cpu         ] GC(34238) User=0.00s Sys=0.00s Real=0.01s
[15643.395s][info][gc,start       ] GC(34239) Pause Young (Allocation Failure)
[15643.399s][info][gc,heap        ] GC(34239) PSYoungGen: 82400K(83968K)->1440K(83968K) Eden: 80896K(80896K)->0K(80896K) From: 1504K(3072K)->1440K(3072K)
[15643.399s][info][gc,heap        ] GC(34239) ParOldGen: 284750K(285184K)->284902K(285184K)
[15643.399s][info][gc,metaspace   ] GC(34239) Metaspace: 62427K(62656K)->62427K(62656K) NonClass: 53381K(53568K)->53381K(53568K) Class: 9046K(9088K)->9046K(9088K)
[15643.399s][info][gc             ] GC(34239) Pause Young (Allocation Failure) 358M->279M(360M) 3.846ms
[15643.399s][info][gc,cpu         ] GC(34239) User=0.00s Sys=0.00s Real=0.01s
[15643.821s][info][gc,start       ] GC(34240) Pause Young (Allocation Failure)
[15643.823s][info][gc,heap        ] GC(34240) PSYoungGen: 82336K(83968K)->416K(83968K) Eden: 80896K(80896K)->0K(80896K) From: 1440K(3072K)->416K(3072K)
[15643.823s][info][gc,heap        ] GC(34240) ParOldGen: 284902K(285184K)->285062K(285184K)
[15643.823s][info][gc,metaspace   ] GC(34240) Metaspace: 62427K(62656K)->62427K(62656K) NonClass: 53381K(53568K)->53381K(53568K) Class: 9046K(9088K)->9046K(9088K)
[15643.823s][info][gc             ] GC(34240) Pause Young (Allocation Failure) 358M->278M(360M) 2.698ms
[15643.823s][info][gc,cpu         ] GC(34240) User=0.00s Sys=0.00s Real=0.00s
[15644.241s][info][gc,start       ] GC(34241) Pause Young (Allocation Failure)
[15644.244s][info][gc,heap        ] GC(34241) PSYoungGen: 81312K(83968K)->736K(83968K) Eden: 80896K(80896K)->0K(80896K) From: 416K(3072K)->736K(3072K)
[15644.244s][info][gc,heap        ] GC(34241) ParOldGen: 285062K(285184K)->285214K(285696K)
[15644.244s][info][gc,metaspace   ] GC(34241) Metaspace: 62427K(62656K)->62427K(62656K) NonClass: 53381K(53568K)->53381K(53568K) Class: 9046K(9088K)->9046K(9088K)
[15644.244s][info][gc             ] GC(34241) Pause Young (Allocation Failure) 357M->279M(361M) 2.946ms
[15644.244s][info][gc,cpu         ] GC(34241) User=0.00s Sys=0.01s Real=0.00s
[15644.704s][info][gc,start       ] GC(34242) Pause Young (Allocation Failure)
[15644.707s][info][gc,heap        ] GC(34242) PSYoungGen: 81632K(83968K)->272K(83968K) Eden: 80896K(80896K)->0K(80896K) From: 736K(3072K)->272K(3072K)
[15644.707s][info][gc,heap        ] GC(34242) ParOldGen: 285214K(285696K)->285358K(285696K)
[15644.707s][info][gc,metaspace   ] GC(34242) Metaspace: 62427K(62656K)->62427K(62656K) NonClass: 53381K(53568K)->53381K(53568K) Class: 9046K(9088K)->9046K(9088K)
[15644.707s][info][gc             ] GC(34242) Pause Young (Allocation Failure) 358M->278M(361M) 2.633ms
[15644.707s][info][gc,cpu         ] GC(34242) User=0.00s Sys=0.00s Real=0.01s
[15645.124s][info][gc,start       ] GC(34243) Pause Young (Allocation Failure)
[15645.127s][info][gc,heap        ] GC(34243) PSYoungGen: 81168K(83968K)->512K(83968K) Eden: 80896K(80896K)->0K(80896K) From: 272K(3072K)->512K(3072K)
[15645.127s][info][gc,heap        ] GC(34243) ParOldGen: 285358K(285696K)->285558K(285696K)
[15645.127s][info][gc,metaspace   ] GC(34243) Metaspace: 62427K(62656K)->62427K(62656K) NonClass: 53381K(53568K)->53381K(53568K) Class: 9046K(9088K)->9046K(9088K)
[15645.127s][info][gc             ] GC(34243) Pause Young (Allocation Failure) 357M->279M(361M) 2.805ms
[15645.127s][info][gc,cpu         ] GC(34243) User=0.00s Sys=0.00s Real=0.01s
[15645.554s][info][gc,start       ] GC(34244) Pause Young (Allocation Failure)
[15645.558s][info][gc,heap        ] GC(34244) PSYoungGen: 81408K(83968K)->2528K(82432K) Eden: 80896K(80896K)->0K(79872K) From: 512K(3072K)->2528K(2560K)
[15645.558s][info][gc,heap        ] GC(34244) ParOldGen: 285558K(285696K)->287006K(287744K)
[15645.558s][info][gc,metaspace   ] GC(34244) Metaspace: 62427K(62656K)->62427K(62656K) NonClass: 53381K(53568K)->53381K(53568K) Class: 9046K(9088K)->9046K(9088K)
[15645.558s][info][gc             ] GC(34244) Pause Young (Allocation Failure) 358M->282M(361M) 4.096ms
[15645.558s][info][gc,cpu         ] GC(34244) User=0.01s Sys=0.00s Real=0.01s
[15645.990s][info][gc,start       ] GC(34245) Pause Young (Allocation Failure)
[15645.994s][info][gc,heap        ] GC(34245) PSYoungGen: 82400K(82432K)->1216K(83456K) Eden: 79872K(79872K)->0K(79872K) From: 2528K(2560K)->1216K(3584K)
[15645.994s][info][gc,heap        ] GC(34245) ParOldGen: 287006K(287744K)->289174K(289280K)
[15645.994s][info][gc,metaspace   ] GC(34245) Metaspace: 62427K(62656K)->62427K(62656K) NonClass: 53381K(53568K)->53381K(53568K) Class: 9046K(9088K)->9046K(9088K)
[15645.994s][info][gc             ] GC(34245) Pause Young (Allocation Failure) 360M->283M(364M) 4.477ms
[15645.994s][info][gc,cpu         ] GC(34245) User=0.01s Sys=0.00s Real=0.00s
[15646.448s][info][gc,start       ] GC(34246) Pause Young (Allocation Failure)
[15646.451s][info][gc,heap        ] GC(34246) PSYoungGen: 81088K(83456K)->800K(83456K) Eden: 79872K(79872K)->0K(79872K) From: 1216K(3584K)->800K(3584K)
[15646.451s][info][gc,heap        ] GC(34246) ParOldGen: 289174K(289280K)->289318K(289792K)
[15646.451s][info][gc,metaspace   ] GC(34246) Metaspace: 62427K(62656K)->62427K(62656K) NonClass: 53381K(53568K)->53381K(53568K) Class: 9046K(9088K)->9046K(9088K)
[15646.451s][info][gc             ] GC(34246) Pause Young (Allocation Failure) 361M->283M(364M) 3.113ms
[15646.451s][info][gc,cpu         ] GC(34246) User=0.00s Sys=0.00s Real=0.00s
[15646.907s][info][gc,start       ] GC(34247) Pause Young (Allocation Failure)
[15646.910s][info][gc,heap        ] GC(34247) PSYoungGen: 80672K(83456K)->288K(83456K) Eden: 79872K(79872K)->0K(79872K) From: 800K(3584K)->288K(3584K)
[15646.910s][info][gc,heap        ] GC(34247) ParOldGen: 289318K(289792K)->289462K(289792K)
[15646.910s][info][gc,metaspace   ] GC(34247) Metaspace: 62427K(62656K)->62427K(62656K) NonClass: 53381K(53568K)->53381K(53568K) Class: 9046K(9088K)->9046K(9088K)
[15646.910s][info][gc             ] GC(34247) Pause Young (Allocation Failure) 361M->282M(364M) 2.687ms
[15646.910s][info][gc,cpu         ] GC(34247) User=0.00s Sys=0.00s Real=0.00s
[15647.365s][info][gc,start       ] GC(34248) Pause Young (Allocation Failure)
[15647.368s][info][gc,heap        ] GC(34248) PSYoungGen: 80160K(83456K)->928K(83968K) Eden: 79872K(79872K)->0K(80384K) From: 288K(3584K)->928K(3584K)
[15647.368s][info][gc,heap        ] GC(34248) ParOldGen: 289462K(289792K)->289606K(289792K)
[15647.368s][info][gc,metaspace   ] GC(34248) Metaspace: 62427K(62656K)->62427K(62656K) NonClass: 53381K(53568K)->53381K(53568K) Class: 9046K(9088K)->9046K(9088K)
[15647.368s][info][gc             ] GC(34248) Pause Young (Allocation Failure) 360M->283M(365M) 3.284ms
[15647.368s][info][gc,cpu         ] GC(34248) User=0.01s Sys=0.00s Real=0.01s
[15647.830s][info][gc,start       ] GC(34249) Pause Young (Allocation Failure)
[15647.833s][info][gc,heap        ] GC(34249) PSYoungGen: 81312K(83968K)->544K(83456K) Eden: 80384K(80384K)->0K(80384K) From: 928K(3584K)->544K(3072K)
[15647.833s][info][gc,heap        ] GC(34249) ParOldGen: 289606K(289792K)->289758K(289792K)
[15647.833s][info][gc,metaspace   ] GC(34249) Metaspace: 62427K(62656K)->62427K(62656K) NonClass: 53381K(53568K)->53381K(53568K) Class: 9046K(9088K)->9046K(9088K)
[15647.833s][info][gc             ] GC(34249) Pause Young (Allocation Failure) 362M->283M(364M) 2.876ms
[15647.833s][info][gc,cpu         ] GC(34249) User=0.01s Sys=0.00s Real=0.00s
[15648.285s][info][gc,start       ] GC(34250) Pause Young (Allocation Failure)
[15648.289s][info][gc,heap        ] GC(34250) PSYoungGen: 80928K(83456K)->1152K(83968K) Eden: 80384K(80384K)->0K(80896K) From: 544K(3072K)->1152K(3072K)
[15648.289s][info][gc,heap        ] GC(34250) ParOldGen: 289758K(289792K)->289918K(290304K)
[15648.289s][info][gc,metaspace   ] GC(34250) Metaspace: 62427K(62656K)->62427K(62656K) NonClass: 53381K(53568K)->53381K(53568K) Class: 9046K(9088K)->9046K(9088K)
[15648.289s][info][gc             ] GC(34250) Pause Young (Allocation Failure) 361M->284M(365M) 3.650ms
[15648.289s][info][gc,cpu         ] GC(34250) User=0.00s Sys=0.00s Real=0.01s
[15648.776s][info][gc,start       ] GC(34251) Pause Young (Allocation Failure)
[15648.780s][info][gc,heap        ] GC(34251) PSYoungGen: 82048K(83968K)->1120K(83968K) Eden: 80896K(80896K)->0K(80896K) From: 1152K(3072K)->1120K(3072K)
[15648.780s][info][gc,heap        ] GC(34251) ParOldGen: 289918K(290304K)->290062K(290304K)
[15648.780s][info][gc,metaspace   ] GC(34251) Metaspace: 62427K(62656K)->62427K(62656K) NonClass: 53381K(53568K)->53381K(53568K) Class: 9046K(9088K)->9046K(9088K)
[15648.780s][info][gc             ] GC(34251) Pause Young (Allocation Failure) 363M->284M(365M) 3.580ms
[15648.780s][info][gc,cpu         ] GC(34251) User=0.00s Sys=0.00s Real=0.00s
[15649.227s][info][gc,start       ] GC(34252) Pause Young (Allocation Failure)
[15649.230s][info][gc,heap        ] GC(34252) PSYoungGen: 82016K(83968K)->544K(84480K) Eden: 80896K(80896K)->0K(81408K) From: 1120K(3072K)->544K(3072K)
[15649.230s][info][gc,heap        ] GC(34252) ParOldGen: 290062K(290304K)->290214K(290304K)
[15649.230s][info][gc,metaspace   ] GC(34252) Metaspace: 62427K(62656K)->62427K(62656K) NonClass: 53381K(53568K)->53381K(53568K) Class: 9046K(9088K)->9046K(9088K)
[15649.230s][info][gc             ] GC(34252) Pause Young (Allocation Failure) 363M->283M(366M) 2.737ms
[15649.230s][info][gc,cpu         ] GC(34252) User=0.01s Sys=0.00s Real=0.00s
[15649.645s][info][gc,start       ] GC(34253) Pause Young (Allocation Failure)
[15649.648s][info][gc,heap        ] GC(34253) PSYoungGen: 81952K(84480K)->832K(83968K) Eden: 81408K(81408K)->0K(81408K) From: 544K(3072K)->832K(2560K)
[15649.648s][info][gc,heap        ] GC(34253) ParOldGen: 290214K(290304K)->290358K(290816K)
[15649.648s][info][gc,metaspace   ] GC(34253) Metaspace: 62427K(62656K)->62427K(62656K) NonClass: 53381K(53568K)->53381K(53568K) Class: 9046K(9088K)->9046K(9088K)
[15649.648s][info][gc             ] GC(34253) Pause Young (Allocation Failure) 363M->284M(366M) 3.181ms
[15649.648s][info][gc,cpu         ] GC(34253) User=0.00s Sys=0.00s Real=0.01s
[15650.107s][info][gc,start       ] GC(34254) Pause Young (Allocation Failure)
[15650.109s][info][gc,heap        ] GC(34254) PSYoungGen: 82240K(83968K)->256K(84480K) Eden: 81408K(81408K)->0K(81920K) From: 832K(2560K)->256K(2560K)
[15650.109s][info][gc,heap        ] GC(34254) ParOldGen: 290358K(290816K)->290494K(290816K)
[15650.109s][info][gc,metaspace   ] GC(34254) Metaspace: 62427K(62656K)->62427K(62656K) NonClass: 53381K(53568K)->53381K(53568K) Class: 9046K(9088K)->9046K(9088K)
[15650.109s][info][gc             ] GC(34254) Pause Young (Allocation Failure) 363M->283M(366M) 2.569ms
[15650.109s][info][gc,cpu         ] GC(34254) User=0.00s Sys=0.00s Real=0.00s
[15650.551s][info][gc,start       ] GC(34255) Pause Young (Allocation Failure)
[15650.554s][info][gc,heap        ] GC(34255) PSYoungGen: 82176K(84480K)->800K(84480K) Eden: 81920K(81920K)->0K(81920K) From: 256K(2560K)->800K(2560K)
[15650.555s][info][gc,heap        ] GC(34255) ParOldGen: 290494K(290816K)->290630K(290816K)
[15650.555s][info][gc,metaspace   ] GC(34255) Metaspace: 62427K(62656K)->62427K(62656K) NonClass: 53381K(53568K)->53381K(53568K) Class: 9046K(9088K)->9046K(9088K)
[15650.555s][info][gc             ] GC(34255) Pause Young (Allocation Failure) 363M->284M(366M) 3.090ms
[15650.555s][info][gc,cpu         ] GC(34255) User=0.00s Sys=0.00s Real=0.00s
[15651.003s][info][gc,start       ] GC(34256) Pause Young (Allocation Failure)
[15651.006s][info][gc,heap        ] GC(34256) PSYoungGen: 82720K(84480K)->224K(84480K) Eden: 81920K(81920K)->0K(81920K) From: 800K(2560K)->224K(2560K)
[15651.006s][info][gc,heap        ] GC(34256) ParOldGen: 290630K(290816K)->290782K(290816K)
[15651.006s][info][gc,metaspace   ] GC(34256) Metaspace: 62427K(62656K)->62427K(62656K) NonClass: 53381K(53568K)->53381K(53568K) Class: 9046K(9088K)->9046K(9088K)
[15651.006s][info][gc             ] GC(34256) Pause Young (Allocation Failure) 364M->284M(366M) 2.629ms
[15651.006s][info][gc,cpu         ] GC(34256) User=0.01s Sys=0.00s Real=0.01s
[15651.465s][info][gc,start       ] GC(34257) Pause Young (Allocation Failure)
[15651.468s][info][gc,heap        ] GC(34257) PSYoungGen: 82144K(84480K)->960K(84480K) Eden: 81920K(81920K)->0K(81920K) From: 224K(2560K)->960K(2560K)
[15651.468s][info][gc,heap        ] GC(34257) ParOldGen: 290782K(290816K)->290934K(291328K)
[15651.468s][info][gc,metaspace   ] GC(34257) Metaspace: 62427K(62656K)->62427K(62656K) NonClass: 53381K(53568K)->53381K(53568K) Class: 9046K(9088K)->9046K(9088K)
[15651.468s][info][gc             ] GC(34257) Pause Young (Allocation Failure) 364M->285M(367M) 3.437ms
[15651.468s][info][gc,cpu         ] GC(34257) User=0.00s Sys=0.00s Real=0.01s
[15651.930s][info][gc,start       ] GC(34258) Pause Young (Allocation Failure)
[15651.933s][info][gc,heap        ] GC(34258) PSYoungGen: 82880K(84480K)->576K(84480K) Eden: 81920K(81920K)->0K(81920K) From: 960K(2560K)->576K(2560K)
[15651.933s][info][gc,heap        ] GC(34258) ParOldGen: 290934K(291328K)->291078K(291328K)
[15651.933s][info][gc,metaspace   ] GC(34258) Metaspace: 62427K(62656K)->62427K(62656K) NonClass: 53381K(53568K)->53381K(53568K) Class: 9046K(9088K)->9046K(9088K)
[15651.933s][info][gc             ] GC(34258) Pause Young (Allocation Failure) 365M->284M(367M) 2.871ms
[15651.933s][info][gc,cpu         ] GC(34258) User=0.01s Sys=0.00s Real=0.00s
[15652.400s][info][gc,start       ] GC(34259) Pause Young (Allocation Failure)
[15652.404s][info][gc,heap        ] GC(34259) PSYoungGen: 82496K(84480K)->1344K(84480K) Eden: 81920K(81920K)->0K(81920K) From: 576K(2560K)->1344K(2560K)
[15652.404s][info][gc,heap        ] GC(34259) ParOldGen: 291078K(291328K)->291230K(291328K)
[15652.404s][info][gc,metaspace   ] GC(34259) Metaspace: 62427K(62656K)->62427K(62656K) NonClass: 53381K(53568K)->53381K(53568K) Class: 9046K(9088K)->9046K(9088K)
[15652.404s][info][gc             ] GC(34259) Pause Young (Allocation Failure) 364M->285M(367M) 3.752ms
[15652.404s][info][gc,cpu         ] GC(34259) User=0.01s Sys=0.00s Real=0.00s
[15652.849s][info][gc,start       ] GC(34260) Pause Young (Allocation Failure)
[15652.852s][info][gc,heap        ] GC(34260) PSYoungGen: 83263K(84480K)->768K(84992K) Eden: 81919K(81920K)->0K(82432K) From: 1344K(2560K)->768K(2560K)
[15652.852s][info][gc,heap        ] GC(34260) ParOldGen: 291230K(291328K)->291374K(291840K)
[15652.852s][info][gc,metaspace   ] GC(34260) Metaspace: 62427K(62656K)->62427K(62656K) NonClass: 53381K(53568K)->53381K(53568K) Class: 9046K(9088K)->9046K(9088K)
[15652.852s][info][gc             ] GC(34260) Pause Young (Allocation Failure) 365M->285M(368M) 3.027ms
[15652.852s][info][gc,cpu         ] GC(34260) User=0.00s Sys=0.00s Real=0.00s
[15653.282s][info][gc,start       ] GC(34261) Pause Young (Allocation Failure)
[15653.285s][info][gc,heap        ] GC(34261) PSYoungGen: 83200K(84992K)->1216K(84480K) Eden: 82432K(82432K)->0K(82432K) From: 768K(2560K)->1216K(2048K)
[15653.285s][info][gc,heap        ] GC(34261) ParOldGen: 291374K(291840K)->291526K(291840K)
[15653.285s][info][gc,metaspace   ] GC(34261) Metaspace: 62427K(62656K)->62427K(62656K) NonClass: 53381K(53568K)->53381K(53568K) Class: 9046K(9088K)->9046K(9088K)
[15653.285s][info][gc             ] GC(34261) Pause Young (Allocation Failure) 365M->285M(367M) 3.741ms
[15653.285s][info][gc,cpu         ] GC(34261) User=0.00s Sys=0.00s Real=0.00s
[15653.733s][info][gc,start       ] GC(34262) Pause Young (Allocation Failure)
[15653.736s][info][gc,heap        ] GC(34262) PSYoungGen: 83648K(84480K)->608K(84992K) Eden: 82432K(82432K)->0K(82944K) From: 1216K(2048K)->608K(2048K)
[15653.736s][info][gc,heap        ] GC(34262) ParOldGen: 291526K(291840K)->291670K(291840K)
[15653.736s][info][gc,metaspace   ] GC(34262) Metaspace: 62427K(62656K)->62427K(62656K) NonClass: 53381K(53568K)->53381K(53568K) Class: 9046K(9088K)->9046K(9088K)
[15653.736s][info][gc             ] GC(34262) Pause Young (Allocation Failure) 366M->285M(368M) 2.891ms
[15653.736s][info][gc,cpu         ] GC(34262) User=0.01s Sys=0.01s Real=0.00s
[15654.246s][info][gc,start       ] GC(34263) Pause Young (Allocation Failure)
[15654.249s][info][gc,heap        ] GC(34263) PSYoungGen: 83552K(84992K)->800K(84992K) Eden: 82944K(82944K)->0K(82944K) From: 608K(2048K)->800K(2048K)
[15654.249s][info][gc,heap        ] GC(34263) ParOldGen: 291670K(291840K)->291806K(291840K)
[15654.249s][info][gc,metaspace   ] GC(34263) Metaspace: 62427K(62656K)->62427K(62656K) NonClass: 53381K(53568K)->53381K(53568K) Class: 9046K(9088K)->9046K(9088K)
[15654.249s][info][gc             ] GC(34263) Pause Young (Allocation Failure) 366M->285M(368M) 3.066ms
[15654.249s][info][gc,cpu         ] GC(34263) User=0.01s Sys=0.00s Real=0.00s
[15654.722s][info][gc,start       ] GC(34264) Pause Young (Allocation Failure)
[15654.725s][info][gc,heap        ] GC(34264) PSYoungGen: 83744K(84992K)->448K(84992K) Eden: 82944K(82944K)->0K(82944K) From: 800K(2048K)->448K(2048K)
[15654.725s][info][gc,heap        ] GC(34264) ParOldGen: 291806K(291840K)->291998K(292352K)
[15654.725s][info][gc,metaspace   ] GC(34264) Metaspace: 62427K(62656K)->62427K(62656K) NonClass: 53381K(53568K)->53381K(53568K) Class: 9046K(9088K)->9046K(9088K)
[15654.725s][info][gc             ] GC(34264) Pause Young (Allocation Failure) 366M->285M(368M) 2.798ms
[15654.725s][info][gc,cpu         ] GC(34264) User=0.00s Sys=0.00s Real=0.00s
[15655.192s][info][gc,start       ] GC(34265) Pause Young (Allocation Failure)
[15655.196s][info][gc,heap        ] GC(34265) PSYoungGen: 83392K(84992K)->1376K(84992K) Eden: 82944K(82944K)->0K(82944K) From: 448K(2048K)->1376K(2048K)
[15655.196s][info][gc,heap        ] GC(34265) ParOldGen: 291998K(292352K)->292134K(292352K)
[15655.196s][info][gc,metaspace   ] GC(34265) Metaspace: 62427K(62656K)->62427K(62656K) NonClass: 53381K(53568K)->53381K(53568K) Class: 9046K(9088K)->9046K(9088K)
[15655.196s][info][gc             ] GC(34265) Pause Young (Allocation Failure) 366M->286M(368M) 3.742ms
[15655.196s][info][gc,cpu         ] GC(34265) User=0.01s Sys=0.00s Real=0.00s
[15655.651s][info][gc,start       ] GC(34266) Pause Young (Allocation Failure)
[15655.654s][info][gc,heap        ] GC(34266) PSYoungGen: 84320K(84992K)->800K(84992K) Eden: 82944K(82944K)->0K(82944K) From: 1376K(2048K)->800K(2048K)
[15655.655s][info][gc,heap        ] GC(34266) ParOldGen: 292134K(292352K)->292278K(292352K)
[15655.655s][info][gc,metaspace   ] GC(34266) Metaspace: 62427K(62656K)->62427K(62656K) NonClass: 53381K(53568K)->53381K(53568K) Class: 9046K(9088K)->9046K(9088K)
[15655.655s][info][gc             ] GC(34266) Pause Young (Allocation Failure) 367M->286M(368M) 3.104ms
[15655.655s][info][gc,cpu         ] GC(34266) User=0.00s Sys=0.00s Real=0.00s
[15656.095s][info][gc,start       ] GC(34267) Pause Young (Allocation Failure)
[15656.098s][info][gc,heap        ] GC(34267) PSYoungGen: 83744K(84992K)->1408K(84992K) Eden: 82944K(82944K)->0K(82944K) From: 800K(2048K)->1408K(2048K)
[15656.098s][info][gc,heap        ] GC(34267) ParOldGen: 292278K(292352K)->292422K(292864K)
[15656.098s][info][gc,metaspace   ] GC(34267) Metaspace: 62427K(62656K)->62427K(62656K) NonClass: 53381K(53568K)->53381K(53568K) Class: 9046K(9088K)->9046K(9088K)
[15656.098s][info][gc             ] GC(34267) Pause Young (Allocation Failure) 367M->286M(369M) 3.728ms
[15656.098s][info][gc,cpu         ] GC(34267) User=0.01s Sys=0.00s Real=0.01s
[15656.561s][info][gc,start       ] GC(34268) Pause Young (Allocation Failure)
[15656.564s][info][gc,heap        ] GC(34268) PSYoungGen: 84352K(84992K)->960K(84992K) Eden: 82944K(82944K)->0K(82944K) From: 1408K(2048K)->960K(2048K)
[15656.564s][info][gc,heap        ] GC(34268) ParOldGen: 292422K(292864K)->292566K(292864K)
[15656.564s][info][gc,metaspace   ] GC(34268) Metaspace: 62427K(62656K)->62427K(62656K) NonClass: 53381K(53568K)->53381K(53568K) Class: 9046K(9088K)->9046K(9088K)
[15656.564s][info][gc             ] GC(34268) Pause Young (Allocation Failure) 367M->286M(369M) 3.350ms
[15656.564s][info][gc,cpu         ] GC(34268) User=0.01s Sys=0.00s Real=0.00s
[15657.019s][info][gc,start       ] GC(34269) Pause Young (Allocation Failure)
[15657.022s][info][gc,heap        ] GC(34269) PSYoungGen: 83904K(84992K)->416K(84992K) Eden: 82944K(82944K)->0K(82944K) From: 960K(2048K)->416K(2048K)
[15657.022s][info][gc,heap        ] GC(34269) ParOldGen: 292566K(292864K)->292710K(292864K)
[15657.022s][info][gc,metaspace   ] GC(34269) Metaspace: 62427K(62656K)->62427K(62656K) NonClass: 53381K(53568K)->53381K(53568K) Class: 9046K(9088K)->9046K(9088K)
[15657.022s][info][gc             ] GC(34269) Pause Young (Allocation Failure) 367M->286M(369M) 2.775ms
[15657.022s][info][gc,cpu         ] GC(34269) User=0.00s Sys=0.00s Real=0.00s
[15657.499s][info][gc,start       ] GC(34270) Pause Young (Allocation Failure)
[15657.503s][info][gc,heap        ] GC(34270) PSYoungGen: 83360K(84992K)->1248K(84992K) Eden: 82944K(82944K)->0K(82944K) From: 416K(2048K)->1248K(2048K)
[15657.503s][info][gc,heap        ] GC(34270) ParOldGen: 292710K(292864K)->292862K(292864K)
[15657.503s][info][gc,metaspace   ] GC(34270) Metaspace: 62427K(62656K)->62427K(62656K) NonClass: 53381K(53568K)->53381K(53568K) Class: 9046K(9088K)->9046K(9088K)
[15657.503s][info][gc             ] GC(34270) Pause Young (Allocation Failure) 367M->287M(369M) 3.675ms
[15657.503s][info][gc,cpu         ] GC(34270) User=0.01s Sys=0.00s Real=0.00s
[15657.985s][info][gc,start       ] GC(34271) Pause Young (Allocation Failure)
[15657.990s][info][gc,heap        ] GC(34271) PSYoungGen: 84192K(84992K)->2016K(84992K) Eden: 82944K(82944K)->0K(82944K) From: 1248K(2048K)->2016K(2048K)
[15657.990s][info][gc,heap        ] GC(34271) ParOldGen: 292862K(292864K)->294118K(294912K)
[15657.990s][info][gc,metaspace   ] GC(34271) Metaspace: 62427K(62656K)->62427K(62656K) NonClass: 53381K(53568K)->53381K(53568K) Class: 9046K(9088K)->9046K(9088K)
[15657.990s][info][gc             ] GC(34271) Pause Young (Allocation Failure) 368M->289M(371M) 4.143ms
[15657.990s][info][gc,cpu         ] GC(34271) User=0.00s Sys=0.00s Real=0.01s
[15658.470s][info][gc,start       ] GC(34272) Pause Young (Allocation Failure)
[15658.475s][info][gc,heap        ] GC(34272) PSYoungGen: 84960K(84992K)->1024K(83968K) Eden: 82944K(82944K)->0K(81920K) From: 2016K(2048K)->1024K(2048K)
[15658.475s][info][gc,heap        ] GC(34272) ParOldGen: 294118K(294912K)->296294K(296448K)
[15658.475s][info][gc,metaspace   ] GC(34272) Metaspace: 62427K(62656K)->62427K(62656K) NonClass: 53381K(53568K)->53381K(53568K) Class: 9046K(9088K)->9046K(9088K)
[15658.475s][info][gc             ] GC(34272) Pause Young (Allocation Failure) 370M->290M(371M) 4.318ms
[15658.475s][info][gc,cpu         ] GC(34272) User=0.01s Sys=0.00s Real=0.00s
[15658.949s][info][gc,start       ] GC(34273) Pause Young (Allocation Failure)
[15658.952s][info][gc,heap        ] GC(34273) PSYoungGen: 82944K(83968K)->800K(84480K) Eden: 81920K(81920K)->0K(81920K) From: 1024K(2048K)->800K(2560K)
[15658.952s][info][gc,heap        ] GC(34273) ParOldGen: 296294K(296448K)->296438K(296448K)
[15658.952s][info][gc,metaspace   ] GC(34273) Metaspace: 62427K(62656K)->62427K(62656K) NonClass: 53381K(53568K)->53381K(53568K) Class: 9046K(9088K)->9046K(9088K)
[15658.952s][info][gc             ] GC(34273) Pause Young (Allocation Failure) 370M->290M(372M) 3.021ms
[15658.952s][info][gc,cpu         ] GC(34273) User=0.00s Sys=0.00s Real=0.00s
[15659.391s][info][gc,start       ] GC(34274) Pause Young (Allocation Failure)
[15659.394s][info][gc,heap        ] GC(34274) PSYoungGen: 82720K(84480K)->1344K(84480K) Eden: 81920K(81920K)->0K(81920K) From: 800K(2560K)->1344K(2560K)
[15659.394s][info][gc,heap        ] GC(34274) ParOldGen: 296438K(296448K)->296582K(296960K)
[15659.394s][info][gc,metaspace   ] GC(34274) Metaspace: 62427K(62656K)->62427K(62656K) NonClass: 53381K(53568K)->53381K(53568K) Class: 9046K(9088K)->9046K(9088K)
[15659.394s][info][gc             ] GC(34274) Pause Young (Allocation Failure) 370M->290M(372M) 3.574ms
[15659.394s][info][gc,cpu         ] GC(34274) User=0.01s Sys=0.00s Real=0.00s
[15659.872s][info][gc,start       ] GC(34275) Pause Young (Allocation Failure)
[15659.875s][info][gc,heap        ] GC(34275) PSYoungGen: 83264K(84480K)->960K(84480K) Eden: 81920K(81920K)->0K(81920K) From: 1344K(2560K)->960K(2560K)
[15659.875s][info][gc,heap        ] GC(34275) ParOldGen: 296582K(296960K)->296726K(296960K)
[15659.875s][info][gc,metaspace   ] GC(34275) Metaspace: 62427K(62656K)->62427K(62656K) NonClass: 53381K(53568K)->53381K(53568K) Class: 9046K(9088K)->9046K(9088K)
[15659.875s][info][gc             ] GC(34275) Pause Young (Allocation Failure) 370M->290M(372M) 3.317ms
[15659.875s][info][gc,cpu         ] GC(34275) User=0.01s Sys=0.00s Real=0.00s
[15660.340s][info][gc,start       ] GC(34276) Pause Young (Allocation Failure)
[15660.343s][info][gc,heap        ] GC(34276) PSYoungGen: 82880K(84480K)->704K(84480K) Eden: 81920K(81920K)->0K(81920K) From: 960K(2560K)->704K(2560K)
[15660.343s][info][gc,heap        ] GC(34276) ParOldGen: 296726K(296960K)->296870K(296960K)
[15660.343s][info][gc,metaspace   ] GC(34276) Metaspace: 62427K(62656K)->62427K(62656K) NonClass: 53381K(53568K)->53381K(53568K) Class: 9046K(9088K)->9046K(9088K)
[15660.343s][info][gc             ] GC(34276) Pause Young (Allocation Failure) 370M->290M(372M) 2.849ms
[15660.343s][info][gc,cpu         ] GC(34276) User=0.00s Sys=0.00s Real=0.00s
[15660.757s][info][gc,start       ] GC(34277) Pause Young (Allocation Failure)
[15660.760s][info][gc,heap        ] GC(34277) PSYoungGen: 82624K(84480K)->960K(84480K) Eden: 81920K(81920K)->0K(81920K) From: 704K(2560K)->960K(2560K)
[15660.761s][info][gc,heap        ] GC(34277) ParOldGen: 296870K(296960K)->297014K(297472K)
[15660.761s][info][gc,metaspace   ] GC(34277) Metaspace: 62427K(62656K)->62427K(62656K) NonClass: 53381K(53568K)->53381K(53568K) Class: 9046K(9088K)->9046K(9088K)
[15660.761s][info][gc             ] GC(34277) Pause Young (Allocation Failure) 370M->290M(373M) 3.257ms
[15660.761s][info][gc,cpu         ] GC(34277) User=0.00s Sys=0.00s Real=0.00s
[15661.179s][info][gc,start       ] GC(34278) Pause Young (Allocation Failure)
[15661.182s][info][gc,heap        ] GC(34278) PSYoungGen: 82880K(84480K)->1184K(84480K) Eden: 81920K(81920K)->0K(81920K) From: 960K(2560K)->1184K(2560K)
[15661.182s][info][gc,heap        ] GC(34278) ParOldGen: 297014K(297472K)->297158K(297472K)
[15661.182s][info][gc,metaspace   ] GC(34278) Metaspace: 62427K(62656K)->62427K(62656K) NonClass: 53381K(53568K)->53381K(53568K) Class: 9046K(9088K)->9046K(9088K)
[15661.182s][info][gc             ] GC(34278) Pause Young (Allocation Failure) 370M->291M(373M) 3.394ms
[15661.182s][info][gc,cpu         ] GC(34278) User=0.00s Sys=0.00s Real=0.00s
[15661.612s][info][gc,start       ] GC(34279) Pause Young (Allocation Failure)
[15661.615s][info][gc,heap        ] GC(34279) PSYoungGen: 83104K(84480K)->384K(84480K) Eden: 81920K(81920K)->0K(81920K) From: 1184K(2560K)->384K(2560K)
[15661.615s][info][gc,heap        ] GC(34279) ParOldGen: 297158K(297472K)->297302K(297472K)
[15661.615s][info][gc,metaspace   ] GC(34279) Metaspace: 62427K(62656K)->62427K(62656K) NonClass: 53381K(53568K)->53381K(53568K) Class: 9046K(9088K)->9046K(9088K)
[15661.615s][info][gc             ] GC(34279) Pause Young (Allocation Failure) 371M->290M(373M) 2.665ms
[15661.615s][info][gc,cpu         ] GC(34279) User=0.01s Sys=0.00s Real=0.00s
[15662.071s][info][gc,start       ] GC(34280) Pause Young (Allocation Failure)
[15662.074s][info][gc,heap        ] GC(34280) PSYoungGen: 82304K(84480K)->992K(84992K) Eden: 81920K(81920K)->0K(82432K) From: 384K(2560K)->992K(2560K)
[15662.074s][info][gc,heap        ] GC(34280) ParOldGen: 297302K(297472K)->297446K(297472K)
[15662.074s][info][gc,metaspace   ] GC(34280) Metaspace: 62427K(62656K)->62427K(62656K) NonClass: 53381K(53568K)->53381K(53568K) Class: 9046K(9088K)->9046K(9088K)
[15662.074s][info][gc             ] GC(34280) Pause Young (Allocation Failure) 370M->291M(373M) 3.447ms
[15662.074s][info][gc,cpu         ] GC(34280) User=0.00s Sys=0.00s Real=0.00s
[15662.533s][info][gc,start       ] GC(34281) Pause Young (Allocation Failure)
[15662.536s][info][gc,heap        ] GC(34281) PSYoungGen: 83424K(84992K)->608K(84480K) Eden: 82432K(82432K)->0K(82432K) From: 992K(2560K)->608K(2048K)
[15662.536s][info][gc,heap        ] GC(34281) ParOldGen: 297446K(297472K)->297590K(297984K)
[15662.536s][info][gc,metaspace   ] GC(34281) Metaspace: 62427K(62656K)->62427K(62656K) NonClass: 53381K(53568K)->53381K(53568K) Class: 9046K(9088K)->9046K(9088K)
[15662.536s][info][gc             ] GC(34281) Pause Young (Allocation Failure) 371M->291M(373M) 2.853ms
[15662.536s][info][gc,cpu         ] GC(34281) User=0.00s Sys=0.00s Real=0.01s
[15662.997s][info][gc,start       ] GC(34282) Pause Young (Allocation Failure)
[15663.000s][info][gc,heap        ] GC(34282) PSYoungGen: 83040K(84480K)->1344K(84992K) Eden: 82432K(82432K)->0K(82944K) From: 608K(2048K)->1344K(2048K)
[15663.000s][info][gc,heap        ] GC(34282) ParOldGen: 297590K(297984K)->297726K(297984K)
[15663.000s][info][gc,metaspace   ] GC(34282) Metaspace: 62427K(62656K)->62427K(62656K) NonClass: 53381K(53568K)->53381K(53568K) Class: 9046K(9088K)->9046K(9088K)
[15663.000s][info][gc             ] GC(34282) Pause Young (Allocation Failure) 371M->292M(374M) 3.572ms
[15663.000s][info][gc,cpu         ] GC(34282) User=0.01s Sys=0.00s Real=0.00s
[15663.474s][info][gc,start       ] GC(34283) Pause Young (Allocation Failure)
[15663.477s][info][gc,heap        ] GC(34283) PSYoungGen: 84288K(84992K)->1056K(84992K) Eden: 82944K(82944K)->0K(82944K) From: 1344K(2048K)->1056K(2048K)
[15663.477s][info][gc,heap        ] GC(34283) ParOldGen: 297726K(297984K)->297862K(297984K)
[15663.477s][info][gc,metaspace   ] GC(34283) Metaspace: 62427K(62656K)->62427K(62656K) NonClass: 53381K(53568K)->53381K(53568K) Class: 9046K(9088K)->9046K(9088K)
[15663.477s][info][gc             ] GC(34283) Pause Young (Allocation Failure) 373M->291M(374M) 3.416ms
[15663.477s][info][gc,cpu         ] GC(34283) User=0.01s Sys=0.00s Real=0.01s
[15663.971s][info][gc,start       ] GC(34284) Pause Young (Allocation Failure)
[15663.975s][info][gc,heap        ] GC(34284) PSYoungGen: 84000K(84992K)->2016K(82944K) Eden: 82944K(82944K)->0K(80896K) From: 1056K(2048K)->2016K(2048K)
[15663.975s][info][gc,heap        ] GC(34284) ParOldGen: 297862K(297984K)->299150K(299520K)
[15663.975s][info][gc,metaspace   ] GC(34284) Metaspace: 62427K(62656K)->62427K(62656K) NonClass: 53381K(53568K)->53381K(53568K) Class: 9046K(9088K)->9046K(9088K)
[15663.975s][info][gc             ] GC(34284) Pause Young (Allocation Failure) 372M->294M(373M) 4.235ms
[15663.975s][info][gc,cpu         ] GC(34284) User=0.00s Sys=0.00s Real=0.00s
[15664.414s][info][gc,start       ] GC(34285) Pause Young (Allocation Failure)
[15664.417s][info][gc,heap        ] GC(34285) PSYoungGen: 82912K(82944K)->384K(83968K) Eden: 80896K(80896K)->0K(80896K) From: 2016K(2048K)->384K(3072K)
[15664.417s][info][gc,heap        ] GC(34285) ParOldGen: 299150K(299520K)->301319K(302592K)
[15664.417s][info][gc,metaspace   ] GC(34285) Metaspace: 62427K(62656K)->62427K(62656K) NonClass: 53381K(53568K)->53381K(53568K) Class: 9046K(9088K)->9046K(9088K)
[15664.417s][info][gc             ] GC(34285) Pause Young (Allocation Failure) 373M->294M(377M) 3.695ms
[15664.417s][info][gc,cpu         ] GC(34285) User=0.01s Sys=0.00s Real=0.01s
[15664.891s][info][gc,start       ] GC(34286) Pause Young (Allocation Failure)
[15664.894s][info][gc,heap        ] GC(34286) PSYoungGen: 81280K(83968K)->1184K(84480K) Eden: 80896K(80896K)->0K(81408K) From: 384K(3072K)->1184K(3072K)
[15664.894s][info][gc,heap        ] GC(34286) ParOldGen: 301319K(302592K)->301471K(302592K)
[15664.894s][info][gc,metaspace   ] GC(34286) Metaspace: 62427K(62656K)->62427K(62656K) NonClass: 53381K(53568K)->53381K(53568K) Class: 9046K(9088K)->9046K(9088K)
[15664.894s][info][gc             ] GC(34286) Pause Young (Allocation Failure) 373M->295M(378M) 3.565ms
[15664.894s][info][gc,cpu         ] GC(34286) User=0.01s Sys=0.00s Real=0.00s
[15665.354s][info][gc,start       ] GC(34287) Pause Young (Allocation Failure)
[15665.357s][info][gc,heap        ] GC(34287) PSYoungGen: 82592K(84480K)->832K(83968K) Eden: 81408K(81408K)->0K(81408K) From: 1184K(3072K)->832K(2560K)
[15665.357s][info][gc,heap        ] GC(34287) ParOldGen: 301471K(302592K)->301615K(302592K)
[15665.357s][info][gc,metaspace   ] GC(34287) Metaspace: 62427K(62656K)->62427K(62656K) NonClass: 53381K(53568K)->53381K(53568K) Class: 9046K(9088K)->9046K(9088K)
[15665.357s][info][gc             ] GC(34287) Pause Young (Allocation Failure) 375M->295M(377M) 3.055ms
[15665.357s][info][gc,cpu         ] GC(34287) User=0.01s Sys=0.00s Real=0.01s
[15665.797s][info][gc,start       ] GC(34288) Pause Young (Allocation Failure)
[15665.801s][info][gc,heap        ] GC(34288) PSYoungGen: 82240K(83968K)->1472K(84480K) Eden: 81408K(81408K)->0K(81920K) From: 832K(2560K)->1472K(2560K)
[15665.801s][info][gc,heap        ] GC(34288) ParOldGen: 301615K(302592K)->301759K(302592K)
[15665.801s][info][gc,metaspace   ] GC(34288) Metaspace: 62427K(62656K)->62427K(62656K) NonClass: 53381K(53568K)->53381K(53568K) Class: 9046K(9088K)->9046K(9088K)
[15665.801s][info][gc             ] GC(34288) Pause Young (Allocation Failure) 374M->296M(378M) 3.892ms
[15665.801s][info][gc,cpu         ] GC(34288) User=0.01s Sys=0.00s Real=0.00s
[15666.276s][info][gc,start       ] GC(34289) Pause Young (Allocation Failure)
[15666.279s][info][gc,heap        ] GC(34289) PSYoungGen: 83392K(84480K)->1120K(84480K) Eden: 81920K(81920K)->0K(81920K) From: 1472K(2560K)->1120K(2560K)
[15666.279s][info][gc,heap        ] GC(34289) ParOldGen: 301759K(302592K)->301911K(302592K)
[15666.279s][info][gc,metaspace   ] GC(34289) Metaspace: 62427K(62656K)->62427K(62656K) NonClass: 53381K(53568K)->53381K(53568K) Class: 9046K(9088K)->9046K(9088K)
[15666.279s][info][gc             ] GC(34289) Pause Young (Allocation Failure) 376M->295M(378M) 3.426ms
[15666.279s][info][gc,cpu         ] GC(34289) User=0.01s Sys=0.00s Real=0.01s
[15666.736s][info][gc,start       ] GC(34290) Pause Young (Allocation Failure)
[15666.739s][info][gc,heap        ] GC(34290) PSYoungGen: 83040K(84480K)->608K(84480K) Eden: 81920K(81920K)->0K(81920K) From: 1120K(2560K)->608K(2560K)
[15666.739s][info][gc,heap        ] GC(34290) ParOldGen: 301911K(302592K)->302047K(302592K)
[15666.739s][info][gc,metaspace   ] GC(34290) Metaspace: 62427K(62656K)->62427K(62656K) NonClass: 53381K(53568K)->53381K(53568K) Class: 9046K(9088K)->9046K(9088K)
[15666.739s][info][gc             ] GC(34290) Pause Young (Allocation Failure) 375M->295M(378M) 2.814ms
[15666.739s][info][gc,cpu         ] GC(34290) User=0.00s Sys=0.00s Real=0.00s
[15667.216s][info][gc,start       ] GC(34291) Pause Young (Allocation Failure)
[15667.218s][info][gc,heap        ] GC(34291) PSYoungGen: 82528K(84480K)->384K(84480K) Eden: 81920K(81920K)->0K(81920K) From: 608K(2560K)->384K(2560K)
[15667.219s][info][gc,heap        ] GC(34291) ParOldGen: 302047K(302592K)->302183K(302592K)
[15667.219s][info][gc,metaspace   ] GC(34291) Metaspace: 62427K(62656K)->62427K(62656K) NonClass: 53381K(53568K)->53381K(53568K) Class: 9046K(9088K)->9046K(9088K)
[15667.219s][info][gc             ] GC(34291) Pause Young (Allocation Failure) 375M->295M(378M) 2.638ms
[15667.219s][info][gc,cpu         ] GC(34291) User=0.01s Sys=0.00s Real=0.00s
[15667.693s][info][gc,start       ] GC(34292) Pause Young (Allocation Failure)
[15667.696s][info][gc,heap        ] GC(34292) PSYoungGen: 82304K(84480K)->1216K(84480K) Eden: 81920K(81920K)->0K(81920K) From: 384K(2560K)->1216K(2560K)
[15667.696s][info][gc,heap        ] GC(34292) ParOldGen: 302183K(302592K)->302327K(302592K)
[15667.696s][info][gc,metaspace   ] GC(34292) Metaspace: 62427K(62656K)->62427K(62656K) NonClass: 53381K(53568K)->53381K(53568K) Class: 9046K(9088K)->9046K(9088K)
[15667.696s][info][gc             ] GC(34292) Pause Young (Allocation Failure) 375M->296M(378M) 3.590ms
[15667.696s][info][gc,cpu         ] GC(34292) User=0.01s Sys=0.00s Real=0.01s
[15668.163s][info][gc,start       ] GC(34293) Pause Young (Allocation Failure)
[15668.166s][info][gc,heap        ] GC(34293) PSYoungGen: 83136K(84480K)->928K(84480K) Eden: 81920K(81920K)->0K(81920K) From: 1216K(2560K)->928K(2560K)
[15668.166s][info][gc,heap        ] GC(34293) ParOldGen: 302327K(302592K)->302471K(302592K)
[15668.166s][info][gc,metaspace   ] GC(34293) Metaspace: 62427K(62656K)->62427K(62656K) NonClass: 53381K(53568K)->53381K(53568K) Class: 9046K(9088K)->9046K(9088K)
[15668.166s][info][gc             ] GC(34293) Pause Young (Allocation Failure) 376M->296M(378M) 3.272ms
[15668.166s][info][gc,cpu         ] GC(34293) User=0.00s Sys=0.00s Real=0.00s
[15668.626s][info][gc,start       ] GC(34294) Pause Young (Allocation Failure)
[15668.629s][info][gc,heap        ] GC(34294) PSYoungGen: 82848K(84480K)->480K(84480K) Eden: 81920K(81920K)->0K(81920K) From: 928K(2560K)->480K(2560K)
[15668.629s][info][gc,heap        ] GC(34294) ParOldGen: 302471K(302592K)->302615K(303104K)
[15668.629s][info][gc,metaspace   ] GC(34294) Metaspace: 62427K(62656K)->62427K(62656K) NonClass: 53381K(53568K)->53381K(53568K) Class: 9046K(9088K)->9046K(9088K)
[15668.629s][info][gc             ] GC(34294) Pause Young (Allocation Failure) 376M->295M(378M) 2.729ms
[15668.629s][info][gc,cpu         ] GC(34294) User=0.00s Sys=0.00s Real=0.00s
[15669.087s][info][gc,start       ] GC(34295) Pause Young (Allocation Failure)
[15669.090s][info][gc,heap        ] GC(34295) PSYoungGen: 82400K(84480K)->1280K(84480K) Eden: 81920K(81920K)->0K(81920K) From: 480K(2560K)->1280K(2560K)
[15669.090s][info][gc,heap        ] GC(34295) ParOldGen: 302615K(303104K)->302751K(303104K)
[15669.090s][info][gc,metaspace   ] GC(34295) Metaspace: 62427K(62656K)->62427K(62656K) NonClass: 53381K(53568K)->53381K(53568K) Class: 9046K(9088K)->9046K(9088K)
[15669.090s][info][gc             ] GC(34295) Pause Young (Allocation Failure) 375M->296M(378M) 3.564ms
[15669.090s][info][gc,cpu         ] GC(34295) User=0.01s Sys=0.00s Real=0.00s
[15669.547s][info][gc,start       ] GC(34296) Pause Young (Allocation Failure)
[15669.550s][info][gc,heap        ] GC(34296) PSYoungGen: 83200K(84480K)->704K(84480K) Eden: 81920K(81920K)->0K(81920K) From: 1280K(2560K)->704K(2560K)
[15669.550s][info][gc,heap        ] GC(34296) ParOldGen: 302751K(303104K)->302887K(303104K)
[15669.550s][info][gc,metaspace   ] GC(34296) Metaspace: 62427K(62656K)->62427K(62656K) NonClass: 53381K(53568K)->53381K(53568K) Class: 9046K(9088K)->9046K(9088K)
[15669.550s][info][gc             ] GC(34296) Pause Young (Allocation Failure) 376M->296M(378M) 2.855ms
[15669.550s][info][gc,cpu         ] GC(34296) User=0.01s Sys=0.01s Real=0.00s
[15670.017s][info][gc,start       ] GC(34297) Pause Young (Allocation Failure)
[15670.020s][info][gc,heap        ] GC(34297) PSYoungGen: 82624K(84480K)->2464K(84480K) Eden: 81920K(81920K)->0K(81920K) From: 704K(2560K)->2464K(2560K)
[15670.020s][info][gc,heap        ] GC(34297) ParOldGen: 302887K(303104K)->303031K(303104K)
[15670.020s][info][gc,metaspace   ] GC(34297) Metaspace: 62427K(62656K)->62427K(62656K) NonClass: 53381K(53568K)->53381K(53568K) Class: 9046K(9088K)->9046K(9088K)
[15670.020s][info][gc             ] GC(34297) Pause Young (Allocation Failure) 376M->298M(378M) 3.036ms
[15670.020s][info][gc,cpu         ] GC(34297) User=0.00s Sys=0.00s Real=0.00s
[15670.482s][info][gc,start       ] GC(34298) Pause Young (Allocation Failure)
[15670.487s][info][gc,heap        ] GC(34298) PSYoungGen: 84384K(84480K)->1152K(84480K) Eden: 81920K(81920K)->0K(81920K) From: 2464K(2560K)->1152K(2560K)
[15670.487s][info][gc,heap        ] GC(34298) ParOldGen: 303031K(303104K)->305231K(306176K)
[15670.487s][info][gc,metaspace   ] GC(34298) Metaspace: 62427K(62656K)->62427K(62656K) NonClass: 53381K(53568K)->53381K(53568K) Class: 9046K(9088K)->9046K(9088K)
[15670.487s][info][gc             ] GC(34298) Pause Young (Allocation Failure) 378M->299M(381M) 4.751ms
[15670.487s][info][gc,cpu         ] GC(34298) User=0.00s Sys=0.00s Real=0.01s
[15670.942s][info][gc,start       ] GC(34299) Pause Young (Allocation Failure)
[15670.945s][info][gc,heap        ] GC(34299) PSYoungGen: 83072K(84480K)->608K(84480K) Eden: 81920K(81920K)->0K(81920K) From: 1152K(2560K)->608K(2560K)
[15670.945s][info][gc,heap        ] GC(34299) ParOldGen: 305231K(306176K)->305383K(306176K)
[15670.945s][info][gc,metaspace   ] GC(34299) Metaspace: 62427K(62656K)->62427K(62656K) NonClass: 53381K(53568K)->53381K(53568K) Class: 9046K(9088K)->9046K(9088K)
[15670.945s][info][gc             ] GC(34299) Pause Young (Allocation Failure) 379M->298M(381M) 2.912ms
[15670.945s][info][gc,cpu         ] GC(34299) User=0.01s Sys=0.00s Real=0.00s
[15671.405s][info][gc,start       ] GC(34300) Pause Young (Allocation Failure)
[15671.408s][info][gc,heap        ] GC(34300) PSYoungGen: 82528K(84480K)->224K(84480K) Eden: 81920K(81920K)->0K(81920K) From: 608K(2560K)->224K(2560K)
[15671.408s][info][gc,heap        ] GC(34300) ParOldGen: 305383K(306176K)->305527K(306176K)
[15671.408s][info][gc,metaspace   ] GC(34300) Metaspace: 62427K(62656K)->62427K(62656K) NonClass: 53381K(53568K)->53381K(53568K) Class: 9046K(9088K)->9046K(9088K)
[15671.408s][info][gc             ] GC(34300) Pause Young (Allocation Failure) 378M->298M(381M) 2.556ms
[15671.408s][info][gc,cpu         ] GC(34300) User=0.01s Sys=0.00s Real=0.01s
[15671.875s][info][gc,start       ] GC(34301) Pause Young (Allocation Failure)
[15671.878s][info][gc,heap        ] GC(34301) PSYoungGen: 82144K(84480K)->1088K(84480K) Eden: 81920K(81920K)->0K(81920K) From: 224K(2560K)->1088K(2560K)
[15671.878s][info][gc,heap        ] GC(34301) ParOldGen: 305527K(306176K)->305671K(306176K)
[15671.878s][info][gc,metaspace   ] GC(34301) Metaspace: 62427K(62656K)->62427K(62656K) NonClass: 53381K(53568K)->53381K(53568K) Class: 9046K(9088K)->9046K(9088K)
[15671.878s][info][gc             ] GC(34301) Pause Young (Allocation Failure) 378M->299M(381M) 3.348ms
[15671.878s][info][gc,cpu         ] GC(34301) User=0.01s Sys=0.00s Real=0.01s
[15672.316s][info][gc,start       ] GC(34302) Pause Young (Allocation Failure)
[15672.318s][info][gc,heap        ] GC(34302) PSYoungGen: 83008K(84480K)->416K(84480K) Eden: 81920K(81920K)->0K(81920K) From: 1088K(2560K)->416K(2560K)
[15672.319s][info][gc,heap        ] GC(34302) ParOldGen: 305671K(306176K)->305815K(306176K)
[15672.319s][info][gc,metaspace   ] GC(34302) Metaspace: 62427K(62656K)->62427K(62656K) NonClass: 53381K(53568K)->53381K(53568K) Class: 9046K(9088K)->9046K(9088K)
[15672.319s][info][gc             ] GC(34302) Pause Young (Allocation Failure) 379M->299M(381M) 2.661ms
[15672.319s][info][gc,cpu         ] GC(34302) User=0.00s Sys=0.00s Real=0.00s
[15672.776s][info][gc,start       ] GC(34303) Pause Young (Allocation Failure)
[15672.779s][info][gc,heap        ] GC(34303) PSYoungGen: 82336K(84480K)->992K(84480K) Eden: 81920K(81920K)->0K(81920K) From: 416K(2560K)->992K(2560K)
[15672.779s][info][gc,heap        ] GC(34303) ParOldGen: 305815K(306176K)->305951K(306176K)
[15672.779s][info][gc,metaspace   ] GC(34303) Metaspace: 62427K(62656K)->62427K(62656K) NonClass: 53381K(53568K)->53381K(53568K) Class: 9046K(9088K)->9046K(9088K)
[15672.779s][info][gc             ] GC(34303) Pause Young (Allocation Failure) 379M->299M(381M) 3.309ms
[15672.779s][info][gc,cpu         ] GC(34303) User=0.00s Sys=0.00s Real=0.01s
[15673.207s][info][gc,start       ] GC(34304) Pause Young (Allocation Failure)
[15673.209s][info][gc,heap        ] GC(34304) PSYoungGen: 82912K(84480K)->288K(84480K) Eden: 81920K(81920K)->0K(81920K) From: 992K(2560K)->288K(2560K)
[15673.209s][info][gc,heap        ] GC(34304) ParOldGen: 305951K(306176K)->306095K(306176K)
[15673.209s][info][gc,metaspace   ] GC(34304) Metaspace: 62427K(62656K)->62427K(62656K) NonClass: 53381K(53568K)->53381K(53568K) Class: 9046K(9088K)->9046K(9088K)
[15673.209s][info][gc             ] GC(34304) Pause Young (Allocation Failure) 379M->299M(381M) 2.540ms
[15673.209s][info][gc,cpu         ] GC(34304) User=0.01s Sys=0.00s Real=0.00s
[15673.707s][info][gc,start       ] GC(34305) Pause Young (Allocation Failure)
[15673.710s][info][gc,heap        ] GC(34305) PSYoungGen: 82208K(84480K)->304K(84480K) Eden: 81920K(81920K)->0K(81920K) From: 288K(2560K)->304K(2560K)
[15673.710s][info][gc,heap        ] GC(34305) ParOldGen: 306095K(306176K)->306239K(306688K)
[15673.710s][info][gc,metaspace   ] GC(34305) Metaspace: 62427K(62656K)->62427K(62656K) NonClass: 53381K(53568K)->53381K(53568K) Class: 9046K(9088K)->9046K(9088K)
[15673.710s][info][gc             ] GC(34305) Pause Young (Allocation Failure) 379M->299M(382M) 2.621ms
[15673.710s][info][gc,cpu         ] GC(34305) User=0.01s Sys=0.00s Real=0.00s
[15674.141s][info][gc,start       ] GC(34306) Pause Young (Allocation Failure)
[15674.144s][info][gc,heap        ] GC(34306) PSYoungGen: 82224K(84480K)->704K(84992K) Eden: 81920K(81920K)->0K(82432K) From: 304K(2560K)->704K(2560K)
[15674.144s][info][gc,heap        ] GC(34306) ParOldGen: 306239K(306688K)->306431K(306688K)
[15674.144s][info][gc,metaspace   ] GC(34306) Metaspace: 62427K(62656K)->62427K(62656K) NonClass: 53381K(53568K)->53381K(53568K) Class: 9046K(9088K)->9046K(9088K)
[15674.144s][info][gc             ] GC(34306) Pause Young (Allocation Failure) 379M->299M(382M) 2.922ms
[15674.144s][info][gc,cpu         ] GC(34306) User=0.00s Sys=0.00s Real=0.00s
[15674.605s][info][gc,start       ] GC(34307) Pause Young (Allocation Failure)
[15674.607s][info][gc,heap        ] GC(34307) PSYoungGen: 83136K(84992K)->256K(84480K) Eden: 82432K(82432K)->0K(82432K) From: 704K(2560K)->256K(2048K)
[15674.607s][info][gc,heap        ] GC(34307) ParOldGen: 306431K(306688K)->306575K(306688K)
[15674.607s][info][gc,metaspace   ] GC(34307) Metaspace: 62427K(62656K)->62427K(62656K) NonClass: 53381K(53568K)->53381K(53568K) Class: 9046K(9088K)->9046K(9088K)
[15674.607s][info][gc             ] GC(34307) Pause Young (Allocation Failure) 380M->299M(382M) 2.582ms
[15674.607s][info][gc,cpu         ] GC(34307) User=0.00s Sys=0.00s Real=0.01s
[15675.049s][info][gc,start       ] GC(34308) Pause Young (Allocation Failure)
[15675.052s][info][gc,heap        ] GC(34308) PSYoungGen: 82688K(84480K)->800K(84992K) Eden: 82432K(82432K)->0K(82944K) From: 256K(2048K)->800K(2048K)
[15675.052s][info][gc,heap        ] GC(34308) ParOldGen: 306575K(306688K)->306719K(307200K)
[15675.052s][info][gc,metaspace   ] GC(34308) Metaspace: 62427K(62656K)->62427K(62656K) NonClass: 53381K(53568K)->53381K(53568K) Class: 9046K(9088K)->9046K(9088K)
[15675.052s][info][gc             ] GC(34308) Pause Young (Allocation Failure) 380M->300M(383M) 3.066ms
[15675.052s][info][gc,cpu         ] GC(34308) User=0.01s Sys=0.00s Real=0.00s
[15675.490s][info][gc,start       ] GC(34309) Pause Young (Allocation Failure)
[15675.494s][info][gc,heap        ] GC(34309) PSYoungGen: 83744K(84992K)->1312K(84992K) Eden: 82944K(82944K)->0K(82944K) From: 800K(2048K)->1312K(2048K)
[15675.494s][info][gc,heap        ] GC(34309) ParOldGen: 306719K(307200K)->306863K(307200K)
[15675.494s][info][gc,metaspace   ] GC(34309) Metaspace: 62427K(62656K)->62427K(62656K) NonClass: 53381K(53568K)->53381K(53568K) Class: 9046K(9088K)->9046K(9088K)
[15675.494s][info][gc             ] GC(34309) Pause Young (Allocation Failure) 381M->300M(383M) 3.619ms
[15675.494s][info][gc,cpu         ] GC(34309) User=0.01s Sys=0.00s Real=0.00s
[15675.929s][info][gc,start       ] GC(34310) Pause Young (Allocation Failure)
[15675.932s][info][gc,heap        ] GC(34310) PSYoungGen: 84256K(84992K)->1600K(83968K) Eden: 82944K(82944K)->0K(81920K) From: 1312K(2048K)->1600K(2048K)
[15675.932s][info][gc,heap        ] GC(34310) ParOldGen: 306863K(307200K)->308039K(308736K)
[15675.932s][info][gc,metaspace   ] GC(34310) Metaspace: 62427K(62656K)->62427K(62656K) NonClass: 53381K(53568K)->53381K(53568K) Class: 9046K(9088K)->9046K(9088K)
[15675.932s][info][gc             ] GC(34310) Pause Young (Allocation Failure) 381M->302M(383M) 3.678ms
[15675.932s][info][gc,cpu         ] GC(34310) User=0.01s Sys=0.00s Real=0.00s
[15676.319s][info][gc,start       ] GC(34311) Pause Young (Allocation Failure)
[15676.323s][info][gc,heap        ] GC(34311) PSYoungGen: 83520K(83968K)->480K(84480K) Eden: 81920K(81920K)->0K(81920K) From: 1600K(2048K)->480K(2560K)
[15676.323s][info][gc,heap        ] GC(34311) ParOldGen: 308039K(308736K)->310231K(310272K)
[15676.323s][info][gc,metaspace   ] GC(34311) Metaspace: 62427K(62656K)->62427K(62656K) NonClass: 53381K(53568K)->53381K(53568K) Class: 9046K(9088K)->9046K(9088K)
[15676.323s][info][gc             ] GC(34311) Pause Young (Allocation Failure) 382M->303M(385M) 3.796ms
[15676.323s][info][gc,cpu         ] GC(34311) User=0.00s Sys=0.00s Real=0.00s
[15676.735s][info][gc,start       ] GC(34312) Pause Young (Allocation Failure)
[15676.737s][info][gc,heap        ] GC(34312) PSYoungGen: 82400K(84480K)->576K(84992K) Eden: 81920K(81920K)->0K(82432K) From: 480K(2560K)->576K(2560K)
[15676.737s][info][gc,heap        ] GC(34312) ParOldGen: 310231K(310272K)->310375K(310784K)
[15676.737s][info][gc,metaspace   ] GC(34312) Metaspace: 62427K(62656K)->62427K(62656K) NonClass: 53381K(53568K)->53381K(53568K) Class: 9046K(9088K)->9046K(9088K)
[15676.737s][info][gc             ] GC(34312) Pause Young (Allocation Failure) 383M->303M(386M) 2.841ms
[15676.738s][info][gc,cpu         ] GC(34312) User=0.01s Sys=0.00s Real=0.01s
[15677.170s][info][gc,start       ] GC(34313) Pause Young (Allocation Failure)
[15677.173s][info][gc,heap        ] GC(34313) PSYoungGen: 83008K(84992K)->1024K(84480K) Eden: 82432K(82432K)->0K(82432K) From: 576K(2560K)->1024K(2048K)
[15677.173s][info][gc,heap        ] GC(34313) ParOldGen: 310375K(310784K)->310511K(310784K)
[15677.173s][info][gc,metaspace   ] GC(34313) Metaspace: 62427K(62656K)->62427K(62656K) NonClass: 53381K(53568K)->53381K(53568K) Class: 9046K(9088K)->9046K(9088K)
[15677.173s][info][gc             ] GC(34313) Pause Young (Allocation Failure) 384M->304M(386M) 3.448ms
[15677.173s][info][gc,cpu         ] GC(34313) User=0.01s Sys=0.00s Real=0.00s
[15677.599s][info][gc,start       ] GC(34314) Pause Young (Allocation Failure)
[15677.603s][info][gc,heap        ] GC(34314) PSYoungGen: 83456K(84480K)->1376K(84992K) Eden: 82432K(82432K)->0K(82944K) From: 1024K(2048K)->1376K(2048K)
[15677.603s][info][gc,heap        ] GC(34314) ParOldGen: 310511K(310784K)->310655K(310784K)
[15677.603s][info][gc,metaspace   ] GC(34314) Metaspace: 62427K(62656K)->62427K(62656K) NonClass: 53381K(53568K)->53381K(53568K) Class: 9046K(9088K)->9046K(9088K)
[15677.603s][info][gc             ] GC(34314) Pause Young (Allocation Failure) 384M->304M(386M) 3.739ms
[15677.603s][info][gc,cpu         ] GC(34314) User=0.00s Sys=0.00s Real=0.00s
[15678.035s][info][gc,start       ] GC(34315) Pause Young (Allocation Failure)
[15678.038s][info][gc,heap        ] GC(34315) PSYoungGen: 84320K(84992K)->608K(84992K) Eden: 82944K(82944K)->0K(82944K) From: 1376K(2048K)->608K(2048K)
[15678.038s][info][gc,heap        ] GC(34315) ParOldGen: 310655K(310784K)->310807K(311296K)
[15678.038s][info][gc,metaspace   ] GC(34315) Metaspace: 62427K(62656K)->62427K(62656K) NonClass: 53381K(53568K)->53381K(53568K) Class: 9046K(9088K)->9046K(9088K)
[15678.038s][info][gc             ] GC(34315) Pause Young (Allocation Failure) 385M->304M(387M) 2.983ms
[15678.038s][info][gc,cpu         ] GC(34315) User=0.00s Sys=0.00s Real=0.01s
[15678.463s][info][gc,start       ] GC(34316) Pause Young (Allocation Failure)
[15678.467s][info][gc,heap        ] GC(34316) PSYoungGen: 83552K(84992K)->1056K(84992K) Eden: 82944K(82944K)->0K(82944K) From: 608K(2048K)->1056K(2048K)
[15678.467s][info][gc,heap        ] GC(34316) ParOldGen: 310807K(311296K)->310951K(311296K)
[15678.467s][info][gc,metaspace   ] GC(34316) Metaspace: 62427K(62656K)->62427K(62656K) NonClass: 53381K(53568K)->53381K(53568K) Class: 9046K(9088K)->9046K(9088K)
[15678.467s][info][gc             ] GC(34316) Pause Young (Allocation Failure) 385M->304M(387M) 3.408ms
[15678.467s][info][gc,cpu         ] GC(34316) User=0.00s Sys=0.00s Real=0.01s
[15678.886s][info][gc,start       ] GC(34317) Pause Young (Allocation Failure)
[15678.890s][info][gc,heap        ] GC(34317) PSYoungGen: 84000K(84992K)->1152K(84992K) Eden: 82944K(82944K)->0K(82944K) From: 1056K(2048K)->1152K(2048K)
[15678.890s][info][gc,heap        ] GC(34317) ParOldGen: 310951K(311296K)->311095K(311296K)
[15678.890s][info][gc,metaspace   ] GC(34317) Metaspace: 62427K(62656K)->62427K(62656K) NonClass: 53381K(53568K)->53381K(53568K) Class: 9046K(9088K)->9046K(9088K)
[15678.890s][info][gc             ] GC(34317) Pause Young (Allocation Failure) 385M->304M(387M) 3.668ms
[15678.890s][info][gc,cpu         ] GC(34317) User=0.01s Sys=0.00s Real=0.00s
[15679.346s][info][gc,start       ] GC(34318) Pause Young (Allocation Failure)
[15679.349s][info][gc,heap        ] GC(34318) PSYoungGen: 84096K(84992K)->736K(84992K) Eden: 82944K(82944K)->0K(82944K) From: 1152K(2048K)->736K(2048K)
[15679.349s][info][gc,heap        ] GC(34318) ParOldGen: 311095K(311296K)->311239K(311296K)
[15679.349s][info][gc,metaspace   ] GC(34318) Metaspace: 62427K(62656K)->62427K(62656K) NonClass: 53381K(53568K)->53381K(53568K) Class: 9046K(9088K)->9046K(9088K)
[15679.349s][info][gc             ] GC(34318) Pause Young (Allocation Failure) 385M->304M(387M) 3.090ms
[15679.350s][info][gc,cpu         ] GC(34318) User=0.01s Sys=0.00s Real=0.00s
[15679.793s][info][gc,start       ] GC(34319) Pause Young (Allocation Failure)
[15679.797s][info][gc,heap        ] GC(34319) PSYoungGen: 83680K(84992K)->1408K(84992K) Eden: 82944K(82944K)->0K(82944K) From: 736K(2048K)->1408K(2048K)
[15679.797s][info][gc,heap        ] GC(34319) ParOldGen: 311239K(311296K)->311391K(311808K)
[15679.797s][info][gc,metaspace   ] GC(34319) Metaspace: 62427K(62656K)->62427K(62656K) NonClass: 53381K(53568K)->53381K(53568K) Class: 9046K(9088K)->9046K(9088K)
[15679.797s][info][gc             ] GC(34319) Pause Young (Allocation Failure) 385M->305M(387M) 3.880ms
[15679.797s][info][gc,cpu         ] GC(34319) User=0.00s Sys=0.00s Real=0.01s
[15680.226s][info][gc,start       ] GC(34320) Pause Young (Allocation Failure)
[15680.229s][info][gc,heap        ] GC(34320) PSYoungGen: 84352K(84992K)->544K(84992K) Eden: 82944K(82944K)->0K(82944K) From: 1408K(2048K)->544K(2048K)
[15680.229s][info][gc,heap        ] GC(34320) ParOldGen: 311391K(311808K)->311535K(311808K)
[15680.229s][info][gc,metaspace   ] GC(34320) Metaspace: 62427K(62656K)->62427K(62656K) NonClass: 53381K(53568K)->53381K(53568K) Class: 9046K(9088K)->9046K(9088K)
[15680.229s][info][gc             ] GC(34320) Pause Young (Allocation Failure) 386M->304M(387M) 2.835ms
[15680.229s][info][gc,cpu         ] GC(34320) User=0.01s Sys=0.00s Real=0.00s
[15680.660s][info][gc,start       ] GC(34321) Pause Young (Allocation Failure)
[15680.664s][info][gc,heap        ] GC(34321) PSYoungGen: 83488K(84992K)->992K(84992K) Eden: 82944K(82944K)->0K(82944K) From: 544K(2048K)->992K(2048K)
[15680.664s][info][gc,heap        ] GC(34321) ParOldGen: 311535K(311808K)->311679K(311808K)
[15680.664s][info][gc,metaspace   ] GC(34321) Metaspace: 62427K(62656K)->62427K(62656K) NonClass: 53381K(53568K)->53381K(53568K) Class: 9046K(9088K)->9046K(9088K)
[15680.664s][info][gc             ] GC(34321) Pause Young (Allocation Failure) 385M->305M(387M) 3.353ms
[15680.664s][info][gc,cpu         ] GC(34321) User=0.00s Sys=0.00s Real=0.00s
[15681.097s][info][gc,start       ] GC(34322) Pause Young (Allocation Failure)
[15681.100s][info][gc,heap        ] GC(34322) PSYoungGen: 83936K(84992K)->1376K(84992K) Eden: 82944K(82944K)->0K(82944K) From: 992K(2048K)->1376K(2048K)
[15681.100s][info][gc,heap        ] GC(34322) ParOldGen: 311679K(311808K)->311831K(312320K)
[15681.100s][info][gc,metaspace   ] GC(34322) Metaspace: 62427K(62656K)->62427K(62656K) NonClass: 53381K(53568K)->53381K(53568K) Class: 9046K(9088K)->9046K(9088K)
[15681.101s][info][gc             ] GC(34322) Pause Young (Allocation Failure) 386M->305M(388M) 3.748ms
[15681.101s][info][gc,cpu         ] GC(34322) User=0.01s Sys=0.00s Real=0.00s
[15681.525s][info][gc,start       ] GC(34323) Pause Young (Allocation Failure)
[15681.528s][info][gc,heap        ] GC(34323) PSYoungGen: 84320K(84992K)->544K(84992K) Eden: 82944K(82944K)->0K(82944K) From: 1376K(2048K)->544K(2048K)
[15681.528s][info][gc,heap        ] GC(34323) ParOldGen: 311831K(312320K)->311975K(312320K)
[15681.528s][info][gc,metaspace   ] GC(34323) Metaspace: 62427K(62656K)->62427K(62656K) NonClass: 53381K(53568K)->53381K(53568K) Class: 9046K(9088K)->9046K(9088K)
[15681.528s][info][gc             ] GC(34323) Pause Young (Allocation Failure) 386M->305M(388M) 2.759ms
[15681.528s][info][gc,cpu         ] GC(34323) User=0.01s Sys=0.00s Real=0.01s
[15681.933s][info][gc,start       ] GC(34324) Pause Young (Allocation Failure)
[15681.936s][info][gc,heap        ] GC(34324) PSYoungGen: 83488K(84992K)->1664K(83968K) Eden: 82944K(82944K)->0K(81920K) From: 544K(2048K)->1664K(2048K)
[15681.936s][info][gc,heap        ] GC(34324) ParOldGen: 311975K(312320K)->313143K(313856K)
[15681.936s][info][gc,metaspace   ] GC(34324) Metaspace: 62427K(62656K)->62427K(62656K) NonClass: 53381K(53568K)->53381K(53568K) Class: 9046K(9088K)->9046K(9088K)
[15681.936s][info][gc             ] GC(34324) Pause Young (Allocation Failure) 386M->307M(388M) 3.514ms
[15681.936s][info][gc,cpu         ] GC(34324) User=0.00s Sys=0.00s Real=0.01s
[15682.394s][info][gc,start       ] GC(34325) Pause Young (Allocation Failure)
[15682.399s][info][gc,heap        ] GC(34325) PSYoungGen: 83584K(83968K)->1440K(84480K) Eden: 81920K(81920K)->0K(81920K) From: 1664K(2048K)->1440K(2560K)
[15682.399s][info][gc,heap        ] GC(34325) ParOldGen: 313143K(313856K)->315343K(315392K)
[15682.399s][info][gc,metaspace   ] GC(34325) Metaspace: 62427K(62656K)->62427K(62656K) NonClass: 53381K(53568K)->53381K(53568K) Class: 9046K(9088K)->9046K(9088K)
[15682.399s][info][gc             ] GC(34325) Pause Young (Allocation Failure) 387M->309M(390M) 4.994ms
[15682.399s][info][gc,cpu         ] GC(34325) User=0.01s Sys=0.00s Real=0.01s
[15682.820s][info][gc,start       ] GC(34326) Pause Young (Allocation Failure)
[15682.823s][info][gc,heap        ] GC(34326) PSYoungGen: 83360K(84480K)->448K(84480K) Eden: 81920K(81920K)->0K(81920K) From: 1440K(2560K)->448K(2560K)
[15682.823s][info][gc,heap        ] GC(34326) ParOldGen: 315343K(315392K)->315535K(315904K)
[15682.823s][info][gc,metaspace   ] GC(34326) Metaspace: 62427K(62656K)->62427K(62656K) NonClass: 53381K(53568K)->53381K(53568K) Class: 9046K(9088K)->9046K(9088K)
[15682.823s][info][gc             ] GC(34326) Pause Young (Allocation Failure) 389M->308M(391M) 3.021ms
[15682.823s][info][gc,cpu         ] GC(34326) User=0.00s Sys=0.00s Real=0.00s
[15683.296s][info][gc,start       ] GC(34327) Pause Young (Allocation Failure)
[15683.300s][info][gc,heap        ] GC(34327) PSYoungGen: 82368K(84480K)->1280K(84480K) Eden: 81920K(81920K)->0K(81920K) From: 448K(2560K)->1280K(2560K)
[15683.300s][info][gc,heap        ] GC(34327) ParOldGen: 315535K(315904K)->315679K(315904K)
[15683.300s][info][gc,metaspace   ] GC(34327) Metaspace: 62427K(62656K)->62427K(62656K) NonClass: 53381K(53568K)->53381K(53568K) Class: 9046K(9088K)->9046K(9088K)
[15683.300s][info][gc             ] GC(34327) Pause Young (Allocation Failure) 388M->309M(391M) 3.779ms
[15683.300s][info][gc,cpu         ] GC(34327) User=0.01s Sys=0.00s Real=0.00s
[15683.772s][info][gc,start       ] GC(34328) Pause Young (Allocation Failure)
[15683.775s][info][gc,heap        ] GC(34328) PSYoungGen: 83200K(84480K)->1120K(84480K) Eden: 81920K(81920K)->0K(81920K) From: 1280K(2560K)->1120K(2560K)
[15683.775s][info][gc,heap        ] GC(34328) ParOldGen: 315679K(315904K)->315823K(315904K)
[15683.775s][info][gc,metaspace   ] GC(34328) Metaspace: 62427K(62656K)->62427K(62656K) NonClass: 53381K(53568K)->53381K(53568K) Class: 9046K(9088K)->9046K(9088K)
[15683.775s][info][gc             ] GC(34328) Pause Young (Allocation Failure) 389M->309M(391M) 3.494ms
[15683.775s][info][gc,cpu         ] GC(34328) User=0.01s Sys=0.00s Real=0.00s
[15684.205s][info][gc,start       ] GC(34329) Pause Young (Allocation Failure)
[15684.207s][info][gc,heap        ] GC(34329) PSYoungGen: 83040K(84480K)->256K(84480K) Eden: 81920K(81920K)->0K(81920K) From: 1120K(2560K)->256K(2560K)
[15684.207s][info][gc,heap        ] GC(34329) ParOldGen: 315823K(315904K)->315967K(316416K)
[15684.207s][info][gc,metaspace   ] GC(34329) Metaspace: 62427K(62656K)->62427K(62656K) NonClass: 53381K(53568K)->53381K(53568K) Class: 9046K(9088K)->9046K(9088K)
[15684.207s][info][gc             ] GC(34329) Pause Young (Allocation Failure) 389M->308M(391M) 2.689ms
[15684.208s][info][gc,cpu         ] GC(34329) User=0.00s Sys=0.00s Real=0.01s
[15684.683s][info][gc,start       ] GC(34330) Pause Young (Allocation Failure)
[15684.687s][info][gc,heap        ] GC(34330) PSYoungGen: 82176K(84480K)->1120K(84992K) Eden: 81920K(81920K)->0K(82432K) From: 256K(2560K)->1120K(2560K)
[15684.687s][info][gc,heap        ] GC(34330) ParOldGen: 315967K(316416K)->316103K(316416K)
[15684.687s][info][gc,metaspace   ] GC(34330) Metaspace: 62427K(62656K)->62427K(62656K) NonClass: 53381K(53568K)->53381K(53568K) Class: 9046K(9088K)->9046K(9088K)
[15684.687s][info][gc             ] GC(34330) Pause Young (Allocation Failure) 388M->309M(392M) 3.577ms
[15684.687s][info][gc,cpu         ] GC(34330) User=0.00s Sys=0.00s Real=0.01s
[15685.166s][info][gc,start       ] GC(34331) Pause Young (Allocation Failure)
[15685.169s][info][gc,heap        ] GC(34331) PSYoungGen: 83552K(84992K)->960K(84480K) Eden: 82432K(82432K)->0K(82432K) From: 1120K(2560K)->960K(2048K)
[15685.169s][info][gc,heap        ] GC(34331) ParOldGen: 316103K(316416K)->316247K(316416K)
[15685.169s][info][gc,metaspace   ] GC(34331) Metaspace: 62427K(62656K)->62427K(62656K) NonClass: 53381K(53568K)->53381K(53568K) Class: 9046K(9088K)->9046K(9088K)
[15685.169s][info][gc             ] GC(34331) Pause Young (Allocation Failure) 390M->309M(391M) 3.419ms
[15685.169s][info][gc,cpu         ] GC(34331) User=0.01s Sys=0.00s Real=0.00s
[15685.651s][info][gc,start       ] GC(34332) Pause Young (Allocation Failure)
[15685.654s][info][gc,heap        ] GC(34332) PSYoungGen: 83392K(84480K)->736K(84992K) Eden: 82432K(82432K)->0K(82944K) From: 960K(2048K)->736K(2048K)
[15685.654s][info][gc,heap        ] GC(34332) ParOldGen: 316247K(316416K)->316399K(316416K)
[15685.654s][info][gc,metaspace   ] GC(34332) Metaspace: 62427K(62656K)->62427K(62656K) NonClass: 53381K(53568K)->53381K(53568K) Class: 9046K(9088K)->9046K(9088K)
[15685.654s][info][gc             ] GC(34332) Pause Young (Allocation Failure) 390M->309M(392M) 3.168ms
[15685.654s][info][gc,cpu         ] GC(34332) User=0.00s Sys=0.00s Real=0.00s
[15686.140s][info][gc,start       ] GC(34333) Pause Young (Allocation Failure)
[15686.143s][info][gc,heap        ] GC(34333) PSYoungGen: 83680K(84992K)->672K(84992K) Eden: 82944K(82944K)->0K(82944K) From: 736K(2048K)->672K(2048K)
[15686.143s][info][gc,heap        ] GC(34333) ParOldGen: 316399K(316416K)->316551K(316928K)
[15686.143s][info][gc,metaspace   ] GC(34333) Metaspace: 62427K(62656K)->62427K(62656K) NonClass: 53381K(53568K)->53381K(53568K) Class: 9046K(9088K)->9046K(9088K)
[15686.143s][info][gc             ] GC(34333) Pause Young (Allocation Failure) 390M->309M(392M) 3.058ms
[15686.143s][info][gc,cpu         ] GC(34333) User=0.00s Sys=0.00s Real=0.00s
[15686.598s][info][gc,start       ] GC(34334) Pause Young (Allocation Failure)
[15686.601s][info][gc,heap        ] GC(34334) PSYoungGen: 83616K(84992K)->1248K(84992K) Eden: 82944K(82944K)->0K(82944K) From: 672K(2048K)->1248K(2048K)
[15686.601s][info][gc,heap        ] GC(34334) ParOldGen: 316551K(316928K)->316687K(316928K)
[15686.601s][info][gc,metaspace   ] GC(34334) Metaspace: 62427K(62656K)->62427K(62656K) NonClass: 53381K(53568K)->53381K(53568K) Class: 9046K(9088K)->9046K(9088K)
[15686.601s][info][gc             ] GC(34334) Pause Young (Allocation Failure) 390M->310M(392M) 3.596ms
[15686.601s][info][gc,cpu         ] GC(34334) User=0.00s Sys=0.00s Real=0.00s
[15687.070s][info][gc,start       ] GC(34335) Pause Young (Allocation Failure)
[15687.073s][info][gc,heap        ] GC(34335) PSYoungGen: 84192K(84992K)->1024K(84992K) Eden: 82944K(82944K)->0K(82944K) From: 1248K(2048K)->1024K(2048K)
[15687.073s][info][gc,heap        ] GC(34335) ParOldGen: 316687K(316928K)->316831K(316928K)
[15687.073s][info][gc,metaspace   ] GC(34335) Metaspace: 62427K(62656K)->62427K(62656K) NonClass: 53381K(53568K)->53381K(53568K) Class: 9046K(9088K)->9046K(9088K)
[15687.073s][info][gc             ] GC(34335) Pause Young (Allocation Failure) 391M->310M(392M) 3.430ms
[15687.073s][info][gc,cpu         ] GC(34335) User=0.01s Sys=0.00s Real=0.00s
[15687.520s][info][gc,start       ] GC(34336) Pause Young (Allocation Failure)
[15687.522s][info][gc,heap        ] GC(34336) PSYoungGen: 83968K(84992K)->416K(84992K) Eden: 82944K(82944K)->0K(82944K) From: 1024K(2048K)->416K(2048K)
[15687.522s][info][gc,heap        ] GC(34336) ParOldGen: 316831K(316928K)->316959K(317440K)
[15687.522s][info][gc,metaspace   ] GC(34336) Metaspace: 62427K(62656K)->62427K(62656K) NonClass: 53381K(53568K)->53381K(53568K) Class: 9046K(9088K)->9046K(9088K)
[15687.522s][info][gc             ] GC(34336) Pause Young (Allocation Failure) 391M->309M(393M) 2.804ms
[15687.522s][info][gc,cpu         ] GC(34336) User=0.01s Sys=0.00s Real=0.00s
[15687.988s][info][gc,start       ] GC(34337) Pause Young (Allocation Failure)
[15687.993s][info][gc,heap        ] GC(34337) PSYoungGen: 83360K(84992K)->2016K(84992K) Eden: 82944K(82944K)->0K(82944K) From: 416K(2048K)->2016K(2048K)
[15687.993s][info][gc,heap        ] GC(34337) ParOldGen: 316959K(317440K)->318319K(318976K)
[15687.993s][info][gc,metaspace   ] GC(34337) Metaspace: 62427K(62656K)->62427K(62656K) NonClass: 53381K(53568K)->53381K(53568K) Class: 9046K(9088K)->9046K(9088K)
[15687.993s][info][gc             ] GC(34337) Pause Young (Allocation Failure) 390M->312M(394M) 4.243ms
[15687.993s][info][gc,cpu         ] GC(34337) User=0.01s Sys=0.00s Real=0.00s
[15688.467s][info][gc,start       ] GC(34338) Pause Young (Allocation Failure)
[15688.471s][info][gc,heap        ] GC(34338) PSYoungGen: 84960K(84992K)->960K(83968K) Eden: 82944K(82944K)->0K(81920K) From: 2016K(2048K)->960K(2048K)
[15688.471s][info][gc,heap        ] GC(34338) ParOldGen: 318319K(318976K)->320479K(320512K)
[15688.471s][info][gc,metaspace   ] GC(34338) Metaspace: 62427K(62656K)->62427K(62656K) NonClass: 53381K(53568K)->53381K(53568K) Class: 9046K(9088K)->9046K(9088K)
[15688.471s][info][gc             ] GC(34338) Pause Young (Allocation Failure) 393M->313M(395M) 4.250ms
[15688.471s][info][gc,cpu         ] GC(34338) User=0.00s Sys=0.00s Real=0.00s
[15688.919s][info][gc,start       ] GC(34339) Pause Young (Allocation Failure)
[15688.922s][info][gc,heap        ] GC(34339) PSYoungGen: 82880K(83968K)->448K(84480K) Eden: 81920K(81920K)->0K(81920K) From: 960K(2048K)->448K(2560K)
[15688.922s][info][gc,heap        ] GC(34339) ParOldGen: 320479K(320512K)->320639K(321024K)
[15688.922s][info][gc,metaspace   ] GC(34339) Metaspace: 62427K(62656K)->62427K(62656K) NonClass: 53381K(53568K)->53381K(53568K) Class: 9046K(9088K)->9046K(9088K)
[15688.922s][info][gc             ] GC(34339) Pause Young (Allocation Failure) 393M->313M(396M) 2.768ms
[15688.922s][info][gc,cpu         ] GC(34339) User=0.00s Sys=0.00s Real=0.00s
[15689.388s][info][gc,start       ] GC(34340) Pause Young (Allocation Failure)
[15689.391s][info][gc,heap        ] GC(34340) PSYoungGen: 82368K(84480K)->1184K(84480K) Eden: 81920K(81920K)->0K(81920K) From: 448K(2560K)->1184K(2560K)
[15689.391s][info][gc,heap        ] GC(34340) ParOldGen: 320639K(321024K)->320783K(321024K)
[15689.391s][info][gc,metaspace   ] GC(34340) Metaspace: 62427K(62656K)->62427K(62656K) NonClass: 53381K(53568K)->53381K(53568K) Class: 9046K(9088K)->9046K(9088K)
[15689.391s][info][gc             ] GC(34340) Pause Young (Allocation Failure) 393M->314M(396M) 3.734ms
[15689.391s][info][gc,cpu         ] GC(34340) User=0.01s Sys=0.00s Real=0.00s
[15689.835s][info][gc,start       ] GC(34341) Pause Young (Allocation Failure)
[15689.838s][info][gc,heap        ] GC(34341) PSYoungGen: 83104K(84480K)->640K(84480K) Eden: 81920K(81920K)->0K(81920K) From: 1184K(2560K)->640K(2560K)
[15689.838s][info][gc,heap        ] GC(34341) ParOldGen: 320783K(321024K)->320927K(321024K)
[15689.838s][info][gc,metaspace   ] GC(34341) Metaspace: 62427K(62656K)->62427K(62656K) NonClass: 53381K(53568K)->53381K(53568K) Class: 9046K(9088K)->9046K(9088K)
[15689.838s][info][gc             ] GC(34341) Pause Young (Allocation Failure) 394M->314M(396M) 2.882ms
[15689.838s][info][gc,cpu         ] GC(34341) User=0.00s Sys=0.00s Real=0.01s
[15690.272s][info][gc,start       ] GC(34342) Pause Young (Allocation Failure)
[15690.276s][info][gc,heap        ] GC(34342) PSYoungGen: 82560K(84480K)->1088K(84480K) Eden: 81920K(81920K)->0K(81920K) From: 640K(2560K)->1088K(2560K)
[15690.276s][info][gc,heap        ] GC(34342) ParOldGen: 320927K(321024K)->321071K(321536K)
[15690.276s][info][gc,metaspace   ] GC(34342) Metaspace: 62427K(62656K)->62427K(62656K) NonClass: 53381K(53568K)->53381K(53568K) Class: 9046K(9088K)->9046K(9088K)
[15690.276s][info][gc             ] GC(34342) Pause Young (Allocation Failure) 394M->314M(396M) 3.463ms
[15690.276s][info][gc,cpu         ] GC(34342) User=0.00s Sys=0.00s Real=0.00s
[15690.741s][info][gc,start       ] GC(34343) Pause Young (Allocation Failure)
[15690.744s][info][gc,heap        ] GC(34343) PSYoungGen: 83008K(84480K)->672K(84480K) Eden: 81920K(81920K)->0K(81920K) From: 1088K(2560K)->672K(2560K)
[15690.744s][info][gc,heap        ] GC(34343) ParOldGen: 321071K(321536K)->321215K(321536K)
[15690.744s][info][gc,metaspace   ] GC(34343) Metaspace: 62427K(62656K)->62427K(62656K) NonClass: 53381K(53568K)->53381K(53568K) Class: 9046K(9088K)->9046K(9088K)
[15690.744s][info][gc             ] GC(34343) Pause Young (Allocation Failure) 394M->314M(396M) 2.971ms
[15690.744s][info][gc,cpu         ] GC(34343) User=0.00s Sys=0.00s Real=0.00s
[15691.216s][info][gc,start       ] GC(34344) Pause Young (Allocation Failure)
[15691.219s][info][gc,heap        ] GC(34344) PSYoungGen: 82592K(84480K)->416K(84480K) Eden: 81920K(81920K)->0K(81920K) From: 672K(2560K)->416K(2560K)
[15691.219s][info][gc,heap        ] GC(34344) ParOldGen: 321215K(321536K)->321359K(321536K)
[15691.219s][info][gc,metaspace   ] GC(34344) Metaspace: 62427K(62656K)->62427K(62656K) NonClass: 53381K(53568K)->53381K(53568K) Class: 9046K(9088K)->9046K(9088K)
[15691.219s][info][gc             ] GC(34344) Pause Young (Allocation Failure) 394M->314M(396M) 2.703ms
[15691.219s][info][gc,cpu         ] GC(34344) User=0.00s Sys=0.01s Real=0.00s
[15691.680s][info][gc,start       ] GC(34345) Pause Young (Allocation Failure)
[15691.684s][info][gc,heap        ] GC(34345) PSYoungGen: 82336K(84480K)->1184K(84480K) Eden: 81920K(81920K)->0K(81920K) From: 416K(2560K)->1184K(2560K)
[15691.684s][info][gc,heap        ] GC(34345) ParOldGen: 321359K(321536K)->321503K(321536K)
[15691.684s][info][gc,metaspace   ] GC(34345) Metaspace: 62427K(62656K)->62427K(62656K) NonClass: 53381K(53568K)->53381K(53568K) Class: 9046K(9088K)->9046K(9088K)
[15691.684s][info][gc             ] GC(34345) Pause Young (Allocation Failure) 394M->315M(396M) 3.612ms
[15691.684s][info][gc,cpu         ] GC(34345) User=0.00s Sys=0.00s Real=0.00s
[15692.167s][info][gc,start       ] GC(34346) Pause Young (Allocation Failure)
[15692.171s][info][gc,heap        ] GC(34346) PSYoungGen: 83104K(84480K)->1136K(84480K) Eden: 81920K(81920K)->0K(81920K) From: 1184K(2560K)->1136K(2560K)
[15692.171s][info][gc,heap        ] GC(34346) ParOldGen: 321503K(321536K)->321639K(322048K)
[15692.171s][info][gc,metaspace   ] GC(34346) Metaspace: 62427K(62656K)->62427K(62656K) NonClass: 53381K(53568K)->53381K(53568K) Class: 9046K(9088K)->9046K(9088K)
[15692.171s][info][gc             ] GC(34346) Pause Young (Allocation Failure) 395M->315M(397M) 3.563ms
[15692.171s][info][gc,cpu         ] GC(34346) User=0.00s Sys=0.00s Real=0.00s
[15692.595s][info][gc,start       ] GC(34347) Pause Young (Allocation Failure)
[15692.599s][info][gc,heap        ] GC(34347) PSYoungGen: 83056K(84480K)->1440K(84480K) Eden: 81920K(81920K)->0K(81920K) From: 1136K(2560K)->1440K(2560K)
[15692.599s][info][gc,heap        ] GC(34347) ParOldGen: 321639K(322048K)->321823K(322048K)
[15692.599s][info][gc,metaspace   ] GC(34347) Metaspace: 62427K(62656K)->62427K(62656K) NonClass: 53381K(53568K)->53381K(53568K) Class: 9046K(9088K)->9046K(9088K)
[15692.599s][info][gc             ] GC(34347) Pause Young (Allocation Failure) 395M->315M(397M) 3.807ms
[15692.599s][info][gc,cpu         ] GC(34347) User=0.00s Sys=0.00s Real=0.01s
[15693.040s][info][gc,start       ] GC(34348) Pause Young (Allocation Failure)
[15693.043s][info][gc,heap        ] GC(34348) PSYoungGen: 83360K(84480K)->704K(84480K) Eden: 81920K(81920K)->0K(81920K) From: 1440K(2560K)->704K(2560K)
[15693.043s][info][gc,heap        ] GC(34348) ParOldGen: 321823K(322048K)->321967K(322048K)
[15693.043s][info][gc,metaspace   ] GC(34348) Metaspace: 62427K(62656K)->62427K(62656K) NonClass: 53381K(53568K)->53381K(53568K) Class: 9046K(9088K)->9046K(9088K)
[15693.043s][info][gc             ] GC(34348) Pause Young (Allocation Failure) 395M->315M(397M) 3.107ms
[15693.043s][info][gc,cpu         ] GC(34348) User=0.00s Sys=0.00s Real=0.00s
[15693.529s][info][gc,start       ] GC(34349) Pause Young (Allocation Failure)
[15693.531s][info][gc,heap        ] GC(34349) PSYoungGen: 82624K(84480K)->480K(84480K) Eden: 81920K(81920K)->0K(81920K) From: 704K(2560K)->480K(2560K)
[15693.531s][info][gc,heap        ] GC(34349) ParOldGen: 321967K(322048K)->322103K(322560K)
[15693.531s][info][gc,metaspace   ] GC(34349) Metaspace: 62427K(62656K)->62427K(62656K) NonClass: 53381K(53568K)->53381K(53568K) Class: 9046K(9088K)->9046K(9088K)
[15693.531s][info][gc             ] GC(34349) Pause Young (Allocation Failure) 395M->315M(397M) 2.848ms
[15693.531s][info][gc,cpu         ] GC(34349) User=0.01s Sys=0.00s Real=0.00s
[15693.993s][info][gc,start       ] GC(34350) Pause Young (Allocation Failure)
[15693.997s][info][gc,heap        ] GC(34350) PSYoungGen: 82400K(84480K)->2528K(83456K) Eden: 81920K(81920K)->0K(80896K) From: 480K(2560K)->2528K(2560K)
[15693.997s][info][gc,heap        ] GC(34350) ParOldGen: 322103K(322560K)->322983K(323072K)
[15693.997s][info][gc,metaspace   ] GC(34350) Metaspace: 62427K(62656K)->62427K(62656K) NonClass: 53381K(53568K)->53381K(53568K) Class: 9046K(9088K)->9046K(9088K)
[15693.997s][info][gc             ] GC(34350) Pause Young (Allocation Failure) 395M->317M(397M) 4.356ms
[15693.997s][info][gc,cpu         ] GC(34350) User=0.01s Sys=0.00s Real=0.01s
[15694.473s][info][gc,start       ] GC(34351) Pause Young (Allocation Failure)
[15694.477s][info][gc,heap        ] GC(34351) PSYoungGen: 83424K(83456K)->1056K(83968K) Eden: 80895K(80896K)->0K(80896K) From: 2528K(2560K)->1056K(3072K)
[15694.477s][info][gc,heap        ] GC(34351) ParOldGen: 322983K(323072K)->325151K(326144K)
[15694.477s][info][gc,metaspace   ] GC(34351) Metaspace: 62427K(62656K)->62427K(62656K) NonClass: 53381K(53568K)->53381K(53568K) Class: 9046K(9088K)->9046K(9088K)
[15694.477s][info][gc             ] GC(34351) Pause Young (Allocation Failure) 396M->318M(400M) 4.385ms
[15694.477s][info][gc,cpu         ] GC(34351) User=0.01s Sys=0.00s Real=0.01s
[15694.985s][info][gc,start       ] GC(34352) Pause Young (Allocation Failure)
[15694.989s][info][gc,heap        ] GC(34352) PSYoungGen: 81952K(83968K)->2176K(83968K) Eden: 80896K(80896K)->0K(80896K) From: 1056K(3072K)->2176K(3072K)
[15694.989s][info][gc,heap        ] GC(34352) ParOldGen: 325151K(326144K)->325335K(326144K)
[15694.989s][info][gc,metaspace   ] GC(34352) Metaspace: 62427K(62656K)->62427K(62656K) NonClass: 53381K(53568K)->53381K(53568K) Class: 9046K(9088K)->9046K(9088K)
[15694.989s][info][gc             ] GC(34352) Pause Young (Allocation Failure) 397M->319M(400M) 3.780ms
[15694.989s][info][gc,cpu         ] GC(34352) User=0.00s Sys=0.00s Real=0.01s
[15695.451s][info][gc,start       ] GC(34353) Pause Young (Allocation Failure)
[15695.455s][info][gc,heap        ] GC(34353) PSYoungGen: 83072K(83968K)->800K(83968K) Eden: 80896K(80896K)->0K(80896K) From: 2176K(3072K)->800K(3072K)
[15695.455s][info][gc,heap        ] GC(34353) ParOldGen: 325335K(326144K)->327607K(327680K)
[15695.455s][info][gc,metaspace   ] GC(34353) Metaspace: 62427K(62656K)->62427K(62656K) NonClass: 53381K(53568K)->53381K(53568K) Class: 9046K(9088K)->9046K(9088K)
[15695.455s][info][gc             ] GC(34353) Pause Young (Allocation Failure) 398M->320M(402M) 4.201ms
[15695.455s][info][gc,cpu         ] GC(34353) User=0.00s Sys=0.00s Real=0.00s
[15695.938s][info][gc,start       ] GC(34354) Pause Young (Allocation Failure)
[15695.941s][info][gc,heap        ] GC(34354) PSYoungGen: 81696K(83968K)->640K(83968K) Eden: 80896K(80896K)->0K(80896K) From: 800K(3072K)->640K(3072K)
[15695.941s][info][gc,heap        ] GC(34354) ParOldGen: 327607K(327680K)->327767K(328192K)
[15695.941s][info][gc,metaspace   ] GC(34354) Metaspace: 62427K(62656K)->62427K(62656K) NonClass: 53381K(53568K)->53381K(53568K) Class: 9046K(9088K)->9046K(9088K)
[15695.941s][info][gc             ] GC(34354) Pause Young (Allocation Failure) 399M->320M(402M) 3.004ms
[15695.941s][info][gc,cpu         ] GC(34354) User=0.01s Sys=0.00s Real=0.00s
[15696.395s][info][gc,start       ] GC(34355) Pause Young (Allocation Failure)
[15696.399s][info][gc,heap        ] GC(34355) PSYoungGen: 81536K(83968K)->1312K(83968K) Eden: 80896K(80896K)->0K(80896K) From: 640K(3072K)->1312K(3072K)
[15696.399s][info][gc,heap        ] GC(34355) ParOldGen: 327767K(328192K)->327919K(328192K)
[15696.399s][info][gc,metaspace   ] GC(34355) Metaspace: 62427K(62656K)->62427K(62656K) NonClass: 53381K(53568K)->53381K(53568K) Class: 9046K(9088K)->9046K(9088K)
[15696.399s][info][gc             ] GC(34355) Pause Young (Allocation Failure) 399M->321M(402M) 3.731ms
[15696.399s][info][gc,cpu         ] GC(34355) User=0.01s Sys=0.00s Real=0.01s
[15696.870s][info][gc,start       ] GC(34356) Pause Young (Allocation Failure)
[15696.873s][info][gc,heap        ] GC(34356) PSYoungGen: 82208K(83968K)->960K(83968K) Eden: 80896K(80896K)->0K(80896K) From: 1312K(3072K)->960K(3072K)
[15696.873s][info][gc,heap        ] GC(34356) ParOldGen: 327919K(328192K)->328071K(328192K)
[15696.873s][info][gc,metaspace   ] GC(34356) Metaspace: 62427K(62656K)->62427K(62656K) NonClass: 53381K(53568K)->53381K(53568K) Class: 9046K(9088K)->9046K(9088K)
[15696.873s][info][gc             ] GC(34356) Pause Young (Allocation Failure) 400M->321M(402M) 3.439ms
[15696.873s][info][gc,cpu         ] GC(34356) User=0.01s Sys=0.00s Real=0.00s
[15697.337s][info][gc,start       ] GC(34357) Pause Young (Allocation Failure)
[15697.340s][info][gc,heap        ] GC(34357) PSYoungGen: 81856K(83968K)->608K(83968K) Eden: 80896K(80896K)->0K(80896K) From: 960K(3072K)->608K(3072K)
[15697.340s][info][gc,heap        ] GC(34357) ParOldGen: 328071K(328192K)->328215K(328704K)
[15697.340s][info][gc,metaspace   ] GC(34357) Metaspace: 62427K(62656K)->62427K(62656K) NonClass: 53381K(53568K)->53381K(53568K) Class: 9046K(9088K)->9046K(9088K)
[15697.340s][info][gc             ] GC(34357) Pause Young (Allocation Failure) 400M->321M(403M) 2.971ms
[15697.340s][info][gc,cpu         ] GC(34357) User=0.01s Sys=0.00s Real=0.00s
[15697.774s][info][gc,start       ] GC(34358) Pause Young (Allocation Failure)
[15697.777s][info][gc,heap        ] GC(34358) PSYoungGen: 81504K(83968K)->1120K(84480K) Eden: 80896K(80896K)->0K(81920K) From: 608K(3072K)->1120K(2560K)
[15697.777s][info][gc,heap        ] GC(34358) ParOldGen: 328215K(328704K)->328359K(328704K)
[15697.777s][info][gc,metaspace   ] GC(34358) Metaspace: 62427K(62656K)->62427K(62656K) NonClass: 53381K(53568K)->53381K(53568K) Class: 9046K(9088K)->9046K(9088K)
[15697.777s][info][gc             ] GC(34358) Pause Young (Allocation Failure) 400M->321M(403M) 3.584ms
[15697.778s][info][gc,cpu         ] GC(34358) User=0.01s Sys=0.00s Real=0.01s
[15698.236s][info][gc,start       ] GC(34359) Pause Young (Allocation Failure)
[15698.239s][info][gc,heap        ] GC(34359) PSYoungGen: 83040K(84480K)->640K(84480K) Eden: 81920K(81920K)->0K(81920K) From: 1120K(2560K)->640K(2560K)
[15698.239s][info][gc,heap        ] GC(34359) ParOldGen: 328359K(328704K)->328511K(328704K)
[15698.239s][info][gc,metaspace   ] GC(34359) Metaspace: 62427K(62656K)->62427K(62656K) NonClass: 53381K(53568K)->53381K(53568K) Class: 9046K(9088K)->9046K(9088K)
[15698.239s][info][gc             ] GC(34359) Pause Young (Allocation Failure) 401M->321M(403M) 2.924ms
[15698.239s][info][gc,cpu         ] GC(34359) User=0.01s Sys=0.00s Real=0.00s
[15698.682s][info][gc,start       ] GC(34360) Pause Young (Allocation Failure)
[15698.686s][info][gc,heap        ] GC(34360) PSYoungGen: 82560K(84480K)->1056K(84480K) Eden: 81920K(81920K)->0K(81920K) From: 640K(2560K)->1056K(2560K)
[15698.686s][info][gc,heap        ] GC(34360) ParOldGen: 328511K(328704K)->328647K(328704K)
[15698.686s][info][gc,metaspace   ] GC(34360) Metaspace: 62427K(62656K)->62427K(62656K) NonClass: 53381K(53568K)->53381K(53568K) Class: 9046K(9088K)->9046K(9088K)
[15698.686s][info][gc             ] GC(34360) Pause Young (Allocation Failure) 401M->321M(403M) 3.326ms
[15698.686s][info][gc,cpu         ] GC(34360) User=0.00s Sys=0.00s Real=0.00s
[15699.163s][info][gc,start       ] GC(34361) Pause Young (Allocation Failure)
[15699.166s][info][gc,heap        ] GC(34361) PSYoungGen: 82976K(84480K)->896K(84480K) Eden: 81920K(81920K)->0K(81920K) From: 1056K(2560K)->896K(2560K)
[15699.166s][info][gc,heap        ] GC(34361) ParOldGen: 328647K(328704K)->328783K(329216K)
[15699.166s][info][gc,metaspace   ] GC(34361) Metaspace: 62427K(62656K)->62427K(62656K) NonClass: 53381K(53568K)->53381K(53568K) Class: 9046K(9088K)->9046K(9088K)
[15699.166s][info][gc             ] GC(34361) Pause Young (Allocation Failure) 401M->321M(404M) 3.239ms
[15699.166s][info][gc,cpu         ] GC(34361) User=0.00s Sys=0.01s Real=0.01s
[15699.602s][info][gc,start       ] GC(34362) Pause Young (Allocation Failure)
[15699.606s][info][gc,heap        ] GC(34362) PSYoungGen: 82816K(84480K)->1440K(84480K) Eden: 81920K(81920K)->0K(81920K) From: 896K(2560K)->1440K(2560K)
[15699.606s][info][gc,heap        ] GC(34362) ParOldGen: 328783K(329216K)->328927K(329216K)
[15699.606s][info][gc,metaspace   ] GC(34362) Metaspace: 62427K(62656K)->62427K(62656K) NonClass: 53381K(53568K)->53381K(53568K) Class: 9046K(9088K)->9046K(9088K)
[15699.606s][info][gc             ] GC(34362) Pause Young (Allocation Failure) 401M->322M(404M) 3.976ms
[15699.606s][info][gc,cpu         ] GC(34362) User=0.01s Sys=0.00s Real=0.01s
[15700.051s][info][gc,start       ] GC(34363) Pause Young (Allocation Failure)
[15700.054s][info][gc,heap        ] GC(34363) PSYoungGen: 83360K(84480K)->896K(84480K) Eden: 81920K(81920K)->0K(81920K) From: 1440K(2560K)->896K(2560K)
[15700.055s][info][gc,heap        ] GC(34363) ParOldGen: 328927K(329216K)->329071K(329216K)
[15700.055s][info][gc,metaspace   ] GC(34363) Metaspace: 62427K(62656K)->62427K(62656K) NonClass: 53381K(53568K)->53381K(53568K) Class: 9046K(9088K)->9046K(9088K)
[15700.055s][info][gc             ] GC(34363) Pause Young (Allocation Failure) 402M->322M(404M) 3.227ms
[15700.055s][info][gc,cpu         ] GC(34363) User=0.01s Sys=0.00s Real=0.00s
[15700.493s][info][gc,start       ] GC(34364) Pause Young (Allocation Failure)
[15700.497s][info][gc,heap        ] GC(34364) PSYoungGen: 82816K(84480K)->2400K(84480K) Eden: 81920K(81920K)->0K(81920K) From: 896K(2560K)->2400K(2560K)
[15700.497s][info][gc,heap        ] GC(34364) ParOldGen: 329071K(329216K)->329215K(329216K)
[15700.497s][info][gc,metaspace   ] GC(34364) Metaspace: 62427K(62656K)->62427K(62656K) NonClass: 53381K(53568K)->53381K(53568K) Class: 9046K(9088K)->9046K(9088K)
[15700.497s][info][gc             ] GC(34364) Pause Young (Allocation Failure) 402M->323M(404M) 3.890ms
[15700.497s][info][gc,cpu         ] GC(34364) User=0.00s Sys=0.00s Real=0.01s
[15700.926s][info][gc,start       ] GC(34365) Pause Young (Allocation Failure)
[15700.930s][info][gc,heap        ] GC(34365) PSYoungGen: 84320K(84480K)->512K(84480K) Eden: 81920K(81920K)->0K(81920K) From: 2400K(2560K)->512K(2560K)
[15700.930s][info][gc,heap        ] GC(34365) ParOldGen: 329215K(329216K)->331407K(332800K)
[15700.930s][info][gc,metaspace   ] GC(34365) Metaspace: 62427K(62656K)->62427K(62656K) NonClass: 53381K(53568K)->53381K(53568K) Class: 9046K(9088K)->9046K(9088K)
[15700.930s][info][gc             ] GC(34365) Pause Young (Allocation Failure) 403M->324M(407M) 3.880ms
[15700.930s][info][gc,cpu         ] GC(34365) User=0.00s Sys=0.01s Real=0.00s
[15701.373s][info][gc,start       ] GC(34366) Pause Young (Allocation Failure)
[15701.376s][info][gc,heap        ] GC(34366) PSYoungGen: 82432K(84480K)->1088K(84480K) Eden: 81920K(81920K)->0K(81920K) From: 512K(2560K)->1088K(2560K)
[15701.376s][info][gc,heap        ] GC(34366) ParOldGen: 331407K(332800K)->331551K(332800K)
[15701.376s][info][gc,metaspace   ] GC(34366) Metaspace: 62427K(62656K)->62427K(62656K) NonClass: 53381K(53568K)->53381K(53568K) Class: 9046K(9088K)->9046K(9088K)
[15701.376s][info][gc             ] GC(34366) Pause Young (Allocation Failure) 404M->324M(407M) 3.457ms
[15701.376s][info][gc,cpu         ] GC(34366) User=0.01s Sys=0.00s Real=0.01s
[15701.883s][info][gc,start       ] GC(34367) Pause Young (Allocation Failure)
[15701.886s][info][gc,heap        ] GC(34367) PSYoungGen: 83008K(84480K)->1264K(84480K) Eden: 81920K(81920K)->0K(81920K) From: 1088K(2560K)->1264K(2560K)
[15701.886s][info][gc,heap        ] GC(34367) ParOldGen: 331551K(332800K)->331687K(332800K)
[15701.886s][info][gc,metaspace   ] GC(34367) Metaspace: 62427K(62656K)->62427K(62656K) NonClass: 53381K(53568K)->53381K(53568K) Class: 9046K(9088K)->9046K(9088K)
[15701.886s][info][gc             ] GC(34367) Pause Young (Allocation Failure) 404M->325M(407M) 3.668ms
[15701.886s][info][gc,cpu         ] GC(34367) User=0.00s Sys=0.00s Real=0.01s
[15702.352s][info][gc,start       ] GC(34368) Pause Young (Allocation Failure)
[15702.355s][info][gc,heap        ] GC(34368) PSYoungGen: 83184K(84480K)->800K(84480K) Eden: 81920K(81920K)->0K(81920K) From: 1264K(2560K)->800K(2560K)
[15702.355s][info][gc,heap        ] GC(34368) ParOldGen: 331687K(332800K)->331879K(332800K)
[15702.355s][info][gc,metaspace   ] GC(34368) Metaspace: 62427K(62656K)->62427K(62656K) NonClass: 53381K(53568K)->53381K(53568K) Class: 9046K(9088K)->9046K(9088K)
[15702.355s][info][gc             ] GC(34368) Pause Young (Allocation Failure) 405M->324M(407M) 3.193ms
[15702.355s][info][gc,cpu         ] GC(34368) User=0.01s Sys=0.00s Real=0.00s
[15702.802s][info][gc,start       ] GC(34369) Pause Young (Allocation Failure)
[15702.806s][info][gc,heap        ] GC(34369) PSYoungGen: 82720K(84480K)->1344K(84480K) Eden: 81920K(81920K)->0K(81920K) From: 800K(2560K)->1344K(2560K)
[15702.806s][info][gc,heap        ] GC(34369) ParOldGen: 331879K(332800K)->332031K(332800K)
[15702.806s][info][gc,metaspace   ] GC(34369) Metaspace: 62427K(62656K)->62427K(62656K) NonClass: 53381K(53568K)->53381K(53568K) Class: 9046K(9088K)->9046K(9088K)
[15702.806s][info][gc             ] GC(34369) Pause Young (Allocation Failure) 404M->325M(407M) 3.961ms
[15702.806s][info][gc,cpu         ] GC(34369) User=0.00s Sys=0.00s Real=0.01s
[15703.277s][info][gc,start       ] GC(34370) Pause Young (Allocation Failure)
[15703.280s][info][gc,heap        ] GC(34370) PSYoungGen: 83264K(84480K)->1024K(84480K) Eden: 81920K(81920K)->0K(81920K) From: 1344K(2560K)->1024K(2560K)
[15703.281s][info][gc,heap        ] GC(34370) ParOldGen: 332031K(332800K)->332167K(332800K)
[15703.281s][info][gc,metaspace   ] GC(34370) Metaspace: 62427K(62656K)->62427K(62656K) NonClass: 53381K(53568K)->53381K(53568K) Class: 9046K(9088K)->9046K(9088K)
[15703.281s][info][gc             ] GC(34370) Pause Young (Allocation Failure) 405M->325M(407M) 3.444ms
[15703.281s][info][gc,cpu         ] GC(34370) User=0.00s Sys=0.00s Real=0.00s
[15703.752s][info][gc,start       ] GC(34371) Pause Young (Allocation Failure)
[15703.756s][info][gc,heap        ] GC(34371) PSYoungGen: 82944K(84480K)->864K(84480K) Eden: 81920K(81920K)->0K(81920K) From: 1024K(2560K)->864K(2560K)
[15703.756s][info][gc,heap        ] GC(34371) ParOldGen: 332167K(332800K)->332303K(332800K)
[15703.756s][info][gc,metaspace   ] GC(34371) Metaspace: 62427K(62656K)->62427K(62656K) NonClass: 53381K(53568K)->53381K(53568K) Class: 9046K(9088K)->9046K(9088K)
[15703.756s][info][gc             ] GC(34371) Pause Young (Allocation Failure) 405M->325M(407M) 3.133ms
[15703.756s][info][gc,cpu         ] GC(34371) User=0.00s Sys=0.00s Real=0.00s
[15704.185s][info][gc,start       ] GC(34372) Pause Young (Allocation Failure)
[15704.189s][info][gc,heap        ] GC(34372) PSYoungGen: 82784K(84480K)->1280K(84992K) Eden: 81920K(81920K)->0K(82944K) From: 864K(2560K)->1280K(2048K)
[15704.189s][info][gc,heap        ] GC(34372) ParOldGen: 332303K(332800K)->332431K(332800K)
[15704.189s][info][gc,metaspace   ] GC(34372) Metaspace: 62427K(62656K)->62427K(62656K) NonClass: 53381K(53568K)->53381K(53568K) Class: 9046K(9088K)->9046K(9088K)
[15704.189s][info][gc             ] GC(34372) Pause Young (Allocation Failure) 405M->325M(408M) 3.656ms
[15704.189s][info][gc,cpu         ] GC(34372) User=0.00s Sys=0.00s Real=0.01s
[15704.611s][info][gc,start       ] GC(34373) Pause Young (Allocation Failure)
[15704.613s][info][gc,heap        ] GC(34373) PSYoungGen: 84224K(84992K)->320K(83456K) Eden: 82944K(82944K)->0K(82944K) From: 1280K(2048K)->320K(512K)
[15704.613s][info][gc,heap        ] GC(34373) ParOldGen: 332431K(332800K)->332567K(332800K)
[15704.613s][info][gc,metaspace   ] GC(34373) Metaspace: 62427K(62656K)->62427K(62656K) NonClass: 53381K(53568K)->53381K(53568K) Class: 9046K(9088K)->9046K(9088K)
[15704.614s][info][gc             ] GC(34373) Pause Young (Allocation Failure) 406M->325M(406M) 2.668ms
[15704.614s][info][gc,cpu         ] GC(34373) User=0.00s Sys=0.00s Real=0.00s
[15705.043s][info][gc,start       ] GC(34374) Pause Young (Allocation Failure)
[15705.046s][info][gc,heap        ] GC(34374) PSYoungGen: 83264K(83456K)->672K(84992K) Eden: 82944K(82944K)->0K(82432K) From: 320K(512K)->672K(2560K)
[15705.046s][info][gc,heap        ] GC(34374) ParOldGen: 332567K(332800K)->332703K(332800K)
[15705.046s][info][gc,metaspace   ] GC(34374) Metaspace: 62427K(62656K)->62427K(62656K) NonClass: 53381K(53568K)->53381K(53568K) Class: 9046K(9088K)->9046K(9088K)
[15705.046s][info][gc             ] GC(34374) Pause Young (Allocation Failure) 406M->325M(408M) 3.083ms
[15705.046s][info][gc,cpu         ] GC(34374) User=0.01s Sys=0.01s Real=0.00s
[15705.496s][info][gc,start       ] GC(34375) Pause Young (Allocation Failure)
[15705.500s][info][gc,heap        ] GC(34375) PSYoungGen: 83104K(84992K)->1408K(84480K) Eden: 82432K(82432K)->0K(82432K) From: 672K(2560K)->1408K(2048K)
[15705.500s][info][gc,heap        ] GC(34375) ParOldGen: 332703K(332800K)->332847K(333312K)
[15705.500s][info][gc,metaspace   ] GC(34375) Metaspace: 62427K(62656K)->62427K(62656K) NonClass: 53381K(53568K)->53381K(53568K) Class: 9046K(9088K)->9046K(9088K)
[15705.500s][info][gc             ] GC(34375) Pause Young (Allocation Failure) 406M->326M(408M) 3.761ms
[15705.500s][info][gc,cpu         ] GC(34375) User=0.01s Sys=0.00s Real=0.00s
[15705.934s][info][gc,start       ] GC(34376) Pause Young (Allocation Failure)
[15705.937s][info][gc,heap        ] GC(34376) PSYoungGen: 83840K(84480K)->576K(84992K) Eden: 82432K(82432K)->0K(82432K) From: 1408K(2048K)->576K(2560K)
[15705.937s][info][gc,heap        ] GC(34376) ParOldGen: 332847K(333312K)->332983K(333312K)
[15705.937s][info][gc,metaspace   ] GC(34376) Metaspace: 62427K(62656K)->62427K(62656K) NonClass: 53381K(53568K)->53381K(53568K) Class: 9046K(9088K)->9046K(9088K)
[15705.937s][info][gc             ] GC(34376) Pause Young (Allocation Failure) 406M->325M(408M) 2.883ms
[15705.937s][info][gc,cpu         ] GC(34376) User=0.01s Sys=0.00s Real=0.01s
[15706.370s][info][gc,start       ] GC(34377) Pause Young (Allocation Failure)
[15706.374s][info][gc,heap        ] GC(34377) PSYoungGen: 83008K(84992K)->2016K(84480K) Eden: 82432K(82432K)->0K(82432K) From: 576K(2560K)->2016K(2048K)
[15706.374s][info][gc,heap        ] GC(34377) ParOldGen: 332983K(333312K)->333191K(333312K)
[15706.374s][info][gc,metaspace   ] GC(34377) Metaspace: 62427K(62656K)->62427K(62656K) NonClass: 53381K(53568K)->53381K(53568K) Class: 9046K(9088K)->9046K(9088K)
[15706.374s][info][gc             ] GC(34377) Pause Young (Allocation Failure) 406M->327M(408M) 3.600ms
[15706.374s][info][gc,cpu         ] GC(34377) User=0.01s Sys=0.00s Real=0.00s
[15706.820s][info][gc,start       ] GC(34378) Pause Young (Allocation Failure)
[15706.824s][info][gc,heap        ] GC(34378) PSYoungGen: 84448K(84480K)->416K(84480K) Eden: 82432K(82432K)->0K(81920K) From: 2016K(2048K)->416K(2560K)
[15706.824s][info][gc,heap        ] GC(34378) ParOldGen: 333191K(333312K)->335327K(336384K)
[15706.824s][info][gc,metaspace   ] GC(34378) Metaspace: 62427K(62656K)->62427K(62656K) NonClass: 53381K(53568K)->53381K(53568K) Class: 9046K(9088K)->9046K(9088K)
[15706.824s][info][gc             ] GC(34378) Pause Young (Allocation Failure) 407M->327M(411M) 3.864ms
[15706.824s][info][gc,cpu         ] GC(34378) User=0.00s Sys=0.01s Real=0.00s
[15707.277s][info][gc,start       ] GC(34379) Pause Young (Allocation Failure)
[15707.280s][info][gc,heap        ] GC(34379) PSYoungGen: 82335K(84480K)->1120K(84480K) Eden: 81919K(81920K)->0K(81920K) From: 416K(2560K)->1120K(2560K)
[15707.280s][info][gc,heap        ] GC(34379) ParOldGen: 335327K(336384K)->335471K(336384K)
[15707.280s][info][gc,metaspace   ] GC(34379) Metaspace: 62427K(62656K)->62427K(62656K) NonClass: 53381K(53568K)->53381K(53568K) Class: 9046K(9088K)->9046K(9088K)
[15707.280s][info][gc             ] GC(34379) Pause Young (Allocation Failure) 407M->328M(411M) 3.513ms
[15707.280s][info][gc,cpu         ] GC(34379) User=0.01s Sys=0.00s Real=0.00s
[15707.739s][info][gc,start       ] GC(34380) Pause Young (Allocation Failure)
[15707.742s][info][gc,heap        ] GC(34380) PSYoungGen: 83040K(84480K)->640K(84480K) Eden: 81920K(81920K)->0K(81920K) From: 1120K(2560K)->640K(2560K)
[15707.742s][info][gc,heap        ] GC(34380) ParOldGen: 335471K(336384K)->335615K(336384K)
[15707.742s][info][gc,metaspace   ] GC(34380) Metaspace: 62427K(62656K)->62427K(62656K) NonClass: 53381K(53568K)->53381K(53568K) Class: 9046K(9088K)->9046K(9088K)
[15707.742s][info][gc             ] GC(34380) Pause Young (Allocation Failure) 408M->328M(411M) 3.018ms
[15707.742s][info][gc,cpu         ] GC(34380) User=0.01s Sys=0.00s Real=0.00s
[15708.204s][info][gc,start       ] GC(34381) Pause Young (Allocation Failure)
[15708.207s][info][gc,heap        ] GC(34381) PSYoungGen: 82560K(84480K)->224K(84480K) Eden: 81920K(81920K)->0K(81920K) From: 640K(2560K)->224K(2560K)
[15708.207s][info][gc,heap        ] GC(34381) ParOldGen: 335615K(336384K)->335759K(336384K)
[15708.207s][info][gc,metaspace   ] GC(34381) Metaspace: 62427K(62656K)->62427K(62656K) NonClass: 53381K(53568K)->53381K(53568K) Class: 9046K(9088K)->9046K(9088K)
[15708.207s][info][gc             ] GC(34381) Pause Young (Allocation Failure) 408M->328M(411M) 2.691ms
[15708.207s][info][gc,cpu         ] GC(34381) User=0.01s Sys=0.00s Real=0.01s
[15708.677s][info][gc,start       ] GC(34382) Pause Young (Allocation Failure)
[15708.680s][info][gc,heap        ] GC(34382) PSYoungGen: 82144K(84480K)->1056K(84480K) Eden: 81920K(81920K)->0K(81920K) From: 224K(2560K)->1056K(2560K)
[15708.680s][info][gc,heap        ] GC(34382) ParOldGen: 335759K(336384K)->335903K(336384K)
[15708.680s][info][gc,metaspace   ] GC(34382) Metaspace: 62427K(62656K)->62427K(62656K) NonClass: 53381K(53568K)->53381K(53568K) Class: 9046K(9088K)->9046K(9088K)
[15708.680s][info][gc             ] GC(34382) Pause Young (Allocation Failure) 408M->329M(411M) 3.468ms
[15708.680s][info][gc,cpu         ] GC(34382) User=0.01s Sys=0.00s Real=0.00s
[15709.114s][info][gc,start       ] GC(34383) Pause Young (Allocation Failure)
[15709.116s][info][gc,heap        ] GC(34383) PSYoungGen: 82976K(84480K)->384K(84480K) Eden: 81920K(81920K)->0K(81920K) From: 1056K(2560K)->384K(2560K)
[15709.117s][info][gc,heap        ] GC(34383) ParOldGen: 335903K(336384K)->336039K(336384K)
[15709.117s][info][gc,metaspace   ] GC(34383) Metaspace: 62427K(62656K)->62427K(62656K) NonClass: 53381K(53568K)->53381K(53568K) Class: 9046K(9088K)->9046K(9088K)
[15709.117s][info][gc             ] GC(34383) Pause Young (Allocation Failure) 409M->328M(411M) 2.701ms
[15709.117s][info][gc,cpu         ] GC(34383) User=0.01s Sys=0.00s Real=0.01s
[15709.555s][info][gc,start       ] GC(34384) Pause Young (Allocation Failure)
[15709.558s][info][gc,heap        ] GC(34384) PSYoungGen: 82304K(84480K)->864K(84992K) Eden: 81920K(81920K)->0K(82432K) From: 384K(2560K)->864K(2560K)
[15709.558s][info][gc,heap        ] GC(34384) ParOldGen: 336039K(336384K)->336183K(336384K)
[15709.558s][info][gc,metaspace   ] GC(34384) Metaspace: 62427K(62656K)->62427K(62656K) NonClass: 53381K(53568K)->53381K(53568K) Class: 9046K(9088K)->9046K(9088K)
[15709.558s][info][gc             ] GC(34384) Pause Young (Allocation Failure) 408M->329M(411M) 3.203ms
[15709.558s][info][gc,cpu         ] GC(34384) User=0.01s Sys=0.00s Real=0.01s
[15710.004s][info][gc,start       ] GC(34385) Pause Young (Allocation Failure)
[15710.006s][info][gc,heap        ] GC(34385) PSYoungGen: 83296K(84992K)->224K(84480K) Eden: 82432K(82432K)->0K(82432K) From: 864K(2560K)->224K(2048K)
[15710.006s][info][gc,heap        ] GC(34385) ParOldGen: 336183K(336384K)->336327K(336384K)
[15710.006s][info][gc,metaspace   ] GC(34385) Metaspace: 62427K(62656K)->62427K(62656K) NonClass: 53381K(53568K)->53381K(53568K) Class: 9046K(9088K)->9046K(9088K)
[15710.006s][info][gc             ] GC(34385) Pause Young (Allocation Failure) 409M->328M(411M) 2.620ms
[15710.007s][info][gc,cpu         ] GC(34385) User=0.01s Sys=0.00s Real=0.01s
[15710.440s][info][gc,start       ] GC(34386) Pause Young (Allocation Failure)
[15710.443s][info][gc,heap        ] GC(34386) PSYoungGen: 82656K(84480K)->672K(84992K) Eden: 82432K(82432K)->0K(82944K) From: 224K(2048K)->672K(2048K)
[15710.443s][info][gc,heap        ] GC(34386) ParOldGen: 336327K(336384K)->336471K(336896K)
[15710.443s][info][gc,metaspace   ] GC(34386) Metaspace: 62427K(62656K)->62427K(62656K) NonClass: 53381K(53568K)->53381K(53568K) Class: 9046K(9088K)->9046K(9088K)
[15710.443s][info][gc             ] GC(34386) Pause Young (Allocation Failure) 409M->329M(412M) 3.056ms
[15710.443s][info][gc,cpu         ] GC(34386) User=0.01s Sys=0.00s Real=0.00s
[15710.923s][info][gc,start       ] GC(34387) Pause Young (Allocation Failure)
[15710.926s][info][gc,heap        ] GC(34387) PSYoungGen: 83616K(84992K)->528K(84992K) Eden: 82944K(82944K)->0K(82944K) From: 672K(2048K)->528K(2048K)
[15710.926s][info][gc,heap        ] GC(34387) ParOldGen: 336471K(336896K)->336607K(336896K)
[15710.926s][info][gc,metaspace   ] GC(34387) Metaspace: 62427K(62656K)->62427K(62656K) NonClass: 53381K(53568K)->53381K(53568K) Class: 9046K(9088K)->9046K(9088K)
[15710.926s][info][gc             ] GC(34387) Pause Young (Allocation Failure) 410M->329M(412M) 2.844ms
[15710.926s][info][gc,cpu         ] GC(34387) User=0.01s Sys=0.00s Real=0.01s
[15711.390s][info][gc,start       ] GC(34388) Pause Young (Allocation Failure)
[15711.394s][info][gc,heap        ] GC(34388) PSYoungGen: 83472K(84992K)->1248K(84992K) Eden: 82944K(82944K)->0K(82944K) From: 528K(2048K)->1248K(2048K)
[15711.394s][info][gc,heap        ] GC(34388) ParOldGen: 336607K(336896K)->336799K(336896K)
[15711.394s][info][gc,metaspace   ] GC(34388) Metaspace: 62427K(62656K)->62427K(62656K) NonClass: 53381K(53568K)->53381K(53568K) Class: 9046K(9088K)->9046K(9088K)
[15711.394s][info][gc             ] GC(34388) Pause Young (Allocation Failure) 410M->330M(412M) 3.662ms
[15711.394s][info][gc,cpu         ] GC(34388) User=0.01s Sys=0.00s Real=0.00s
[15711.862s][info][gc,start       ] GC(34389) Pause Young (Allocation Failure)
[15711.865s][info][gc,heap        ] GC(34389) PSYoungGen: 84192K(84992K)->896K(84992K) Eden: 82944K(82944K)->0K(82944K) From: 1248K(2048K)->896K(2048K)
[15711.866s][info][gc,heap        ] GC(34389) ParOldGen: 336799K(336896K)->336943K(337408K)
[15711.866s][info][gc,metaspace   ] GC(34389) Metaspace: 62427K(62656K)->62427K(62656K) NonClass: 53381K(53568K)->53381K(53568K) Class: 9046K(9088K)->9046K(9088K)
[15711.866s][info][gc             ] GC(34389) Pause Young (Allocation Failure) 411M->329M(412M) 3.347ms
[15711.866s][info][gc,cpu         ] GC(34389) User=0.01s Sys=0.00s Real=0.00s
[15712.332s][info][gc,start       ] GC(34390) Pause Young (Allocation Failure)
[15712.335s][info][gc,heap        ] GC(34390) PSYoungGen: 83840K(84992K)->1600K(84992K) Eden: 82944K(82944K)->0K(82944K) From: 896K(2048K)->1600K(2048K)
[15712.335s][info][gc,heap        ] GC(34390) ParOldGen: 336943K(337408K)->337087K(337408K)
[15712.335s][info][gc,metaspace   ] GC(34390) Metaspace: 62427K(62656K)->62427K(62656K) NonClass: 53381K(53568K)->53381K(53568K) Class: 9046K(9088K)->9046K(9088K)
[15712.335s][info][gc             ] GC(34390) Pause Young (Allocation Failure) 410M->330M(412M) 3.039ms
[15712.335s][info][gc,cpu         ] GC(34390) User=0.00s Sys=0.00s Real=0.00s
[15712.776s][info][gc,start       ] GC(34391) Pause Young (Allocation Failure)
[15712.780s][info][gc,heap        ] GC(34391) PSYoungGen: 84544K(84992K)->1184K(84992K) Eden: 82944K(82944K)->0K(82944K) From: 1600K(2048K)->1184K(2048K)
[15712.780s][info][gc,heap        ] GC(34391) ParOldGen: 337087K(337408K)->338247K(338944K)
[15712.780s][info][gc,metaspace   ] GC(34391) Metaspace: 62427K(62656K)->62427K(62656K) NonClass: 53381K(53568K)->53381K(53568K) Class: 9046K(9088K)->9046K(9088K)
[15712.780s][info][gc             ] GC(34391) Pause Young (Allocation Failure) 411M->331M(414M) 4.021ms
[15712.780s][info][gc,cpu         ] GC(34391) User=0.00s Sys=0.00s Real=0.01s
[15713.218s][info][gc,start       ] GC(34392) Pause Young (Allocation Failure)
[15713.221s][info][gc,heap        ] GC(34392) PSYoungGen: 84128K(84992K)->384K(84992K) Eden: 82944K(82944K)->0K(82944K) From: 1184K(2048K)->384K(2048K)
[15713.221s][info][gc,heap        ] GC(34392) ParOldGen: 338247K(338944K)->338383K(338944K)
[15713.221s][info][gc,metaspace   ] GC(34392) Metaspace: 62427K(62656K)->62427K(62656K) NonClass: 53381K(53568K)->53381K(53568K) Class: 9046K(9088K)->9046K(9088K)
[15713.221s][info][gc             ] GC(34392) Pause Young (Allocation Failure) 412M->330M(414M) 2.839ms
[15713.221s][info][gc,cpu         ] GC(34392) User=0.01s Sys=0.00s Real=0.00s
[15713.678s][info][gc,start       ] GC(34393) Pause Young (Allocation Failure)
[15713.682s][info][gc,heap        ] GC(34393) PSYoungGen: 83328K(84992K)->1088K(84992K) Eden: 82944K(82944K)->0K(82944K) From: 384K(2048K)->1088K(2048K)
[15713.682s][info][gc,heap        ] GC(34393) ParOldGen: 338383K(338944K)->338527K(338944K)
[15713.682s][info][gc,metaspace   ] GC(34393) Metaspace: 62427K(62656K)->62427K(62656K) NonClass: 53381K(53568K)->53381K(53568K) Class: 9046K(9088K)->9046K(9088K)
[15713.682s][info][gc             ] GC(34393) Pause Young (Allocation Failure) 411M->331M(414M) 3.536ms
[15713.682s][info][gc,cpu         ] GC(34393) User=0.00s Sys=0.00s Real=0.00s
[15714.112s][info][gc,start       ] GC(34394) Pause Young (Allocation Failure)
[15714.115s][info][gc,heap        ] GC(34394) PSYoungGen: 84032K(84992K)->320K(84992K) Eden: 82944K(82944K)->0K(82944K) From: 1088K(2048K)->320K(2048K)
[15714.115s][info][gc,heap        ] GC(34394) ParOldGen: 338527K(338944K)->338663K(338944K)
[15714.115s][info][gc,metaspace   ] GC(34394) Metaspace: 62427K(62656K)->62427K(62656K) NonClass: 53381K(53568K)->53381K(53568K) Class: 9046K(9088K)->9046K(9088K)
[15714.115s][info][gc             ] GC(34394) Pause Young (Allocation Failure) 412M->331M(414M) 2.812ms
[15714.115s][info][gc,cpu         ] GC(34394) User=0.01s Sys=0.00s Real=0.00s
[15714.540s][info][gc,start       ] GC(34395) Pause Young (Allocation Failure)
[15714.543s][info][gc,heap        ] GC(34395) PSYoungGen: 83264K(84992K)->704K(84992K) Eden: 82944K(82944K)->0K(82944K) From: 320K(2048K)->704K(2048K)
[15714.543s][info][gc,heap        ] GC(34395) ParOldGen: 338663K(338944K)->338807K(338944K)
[15714.543s][info][gc,metaspace   ] GC(34395) Metaspace: 62427K(62656K)->62427K(62656K) NonClass: 53381K(53568K)->53381K(53568K) Class: 9046K(9088K)->9046K(9088K)
[15714.543s][info][gc             ] GC(34395) Pause Young (Allocation Failure) 412M->331M(414M) 3.048ms
[15714.543s][info][gc,cpu         ] GC(34395) User=0.01s Sys=0.00s Real=0.00s
[15714.998s][info][gc,start       ] GC(34396) Pause Young (Allocation Failure)
[15715.002s][info][gc,heap        ] GC(34396) PSYoungGen: 83648K(84992K)->1344K(84992K) Eden: 82944K(82944K)->0K(82944K) From: 704K(2048K)->1344K(2048K)
[15715.002s][info][gc,heap        ] GC(34396) ParOldGen: 338807K(338944K)->338951K(339456K)
[15715.002s][info][gc,metaspace   ] GC(34396) Metaspace: 62427K(62656K)->62427K(62656K) NonClass: 53381K(53568K)->53381K(53568K) Class: 9046K(9088K)->9046K(9088K)
[15715.002s][info][gc             ] GC(34396) Pause Young (Allocation Failure) 412M->332M(414M) 3.910ms
[15715.002s][info][gc,cpu         ] GC(34396) User=0.00s Sys=0.00s Real=0.00s
[15717.857s][info][gc,start       ] GC(34397) Pause Young (Allocation Failure)
[15717.864s][info][gc,heap        ] GC(34397) PSYoungGen: 84288K(84992K)->1808K(84992K) Eden: 82944K(82944K)->0K(82944K) From: 1344K(2048K)->1808K(2048K)
[15717.864s][info][gc,heap        ] GC(34397) ParOldGen: 338951K(339456K)->339119K(339456K)
[15717.864s][info][gc,metaspace   ] GC(34397) Metaspace: 62469K(62720K)->62469K(62720K) NonClass: 53423K(53632K)->53423K(53632K) Class: 9046K(9088K)->9046K(9088K)
[15717.864s][info][gc             ] GC(34397) Pause Young (Allocation Failure) 413M->332M(414M) 7.252ms
[15717.865s][info][gc,cpu         ] GC(34397) User=0.02s Sys=0.00s Real=0.00s
[15718.460s][info][gc,start       ] GC(34398) Pause Young (Allocation Failure)
[15718.465s][info][gc,heap        ] GC(34398) PSYoungGen: 84752K(84992K)->1008K(83968K) Eden: 82944K(82944K)->0K(81920K) From: 1808K(2048K)->1008K(2048K)
[15718.465s][info][gc,heap        ] GC(34398) ParOldGen: 339119K(339456K)->340447K(340480K)
[15718.465s][info][gc,metaspace   ] GC(34398) Metaspace: 62469K(62720K)->62469K(62720K) NonClass: 53423K(53632K)->53423K(53632K) Class: 9046K(9088K)->9046K(9088K)
[15718.465s][info][gc             ] GC(34398) Pause Young (Allocation Failure) 413M->333M(414M) 4.205ms
[15718.465s][info][gc,cpu         ] GC(34398) User=0.00s Sys=0.00s Real=0.00s
[15718.911s][info][gc,start       ] GC(34399) Pause Young (Allocation Failure)
[15718.913s][info][gc,heap        ] GC(34399) PSYoungGen: 82928K(83968K)->256K(84480K) Eden: 81920K(81920K)->0K(81920K) From: 1008K(2048K)->256K(2560K)
[15718.913s][info][gc,heap        ] GC(34399) ParOldGen: 340447K(340480K)->340639K(340992K)
[15718.913s][info][gc,metaspace   ] GC(34399) Metaspace: 62469K(62720K)->62469K(62720K) NonClass: 53423K(53632K)->53423K(53632K) Class: 9046K(9088K)->9046K(9088K)
[15718.913s][info][gc             ] GC(34399) Pause Young (Allocation Failure) 413M->332M(415M) 2.194ms
[15718.913s][info][gc,cpu         ] GC(34399) User=0.00s Sys=0.00s Real=0.00s
[15719.353s][info][gc,start       ] GC(34400) Pause Young (Allocation Failure)
[15719.356s][info][gc,heap        ] GC(34400) PSYoungGen: 82175K(84480K)->832K(84992K) Eden: 81919K(81920K)->0K(82432K) From: 256K(2560K)->832K(2560K)
[15719.356s][info][gc,heap        ] GC(34400) ParOldGen: 340639K(340992K)->340743K(340992K)
[15719.356s][info][gc,metaspace   ] GC(34400) Metaspace: 62469K(62720K)->62469K(62720K) NonClass: 53423K(53632K)->53423K(53632K) Class: 9046K(9088K)->9046K(9088K)
[15719.356s][info][gc             ] GC(34400) Pause Young (Allocation Failure) 412M->333M(416M) 2.676ms
[15719.356s][info][gc,cpu         ] GC(34400) User=0.01s Sys=0.00s Real=0.01s
[15719.793s][info][gc,start       ] GC(34401) Pause Young (Allocation Failure)
[15719.796s][info][gc,heap        ] GC(34401) PSYoungGen: 83264K(84992K)->1472K(84480K) Eden: 82432K(82432K)->0K(82432K) From: 832K(2560K)->1472K(2048K)
[15719.796s][info][gc,heap        ] GC(34401) ParOldGen: 340743K(340992K)->340831K(340992K)
[15719.796s][info][gc,metaspace   ] GC(34401) Metaspace: 62469K(62720K)->62469K(62720K) NonClass: 53423K(53632K)->53423K(53632K) Class: 9046K(9088K)->9046K(9088K)
[15719.796s][info][gc             ] GC(34401) Pause Young (Allocation Failure) 414M->334M(415M) 3.257ms
[15719.796s][info][gc,cpu         ] GC(34401) User=0.01s Sys=0.00s Real=0.01s
[15720.232s][info][gc,start       ] GC(34402) Pause Young (Allocation Failure)
[15720.235s][info][gc,heap        ] GC(34402) PSYoungGen: 83904K(84480K)->2528K(83456K) Eden: 82432K(82432K)->0K(80896K) From: 1472K(2048K)->2528K(2560K)
[15720.235s][info][gc,heap        ] GC(34402) ParOldGen: 340831K(340992K)->340911K(340992K)
[15720.235s][info][gc,metaspace   ] GC(34402) Metaspace: 62469K(62720K)->62469K(62720K) NonClass: 53423K(53632K)->53423K(53632K) Class: 9046K(9088K)->9046K(9088K)
[15720.235s][info][gc             ] GC(34402) Pause Young (Allocation Failure) 414M->335M(414M) 2.685ms
[15720.235s][info][gc,cpu         ] GC(34402) User=0.00s Sys=0.00s Real=0.00s
[15720.658s][info][gc,start       ] GC(34403) Pause Young (Allocation Failure)
[15720.662s][info][gc,heap        ] GC(34403) PSYoungGen: 83424K(83456K)->960K(83968K) Eden: 80896K(80896K)->0K(80896K) From: 2528K(2560K)->960K(3072K)
[15720.662s][info][gc,heap        ] GC(34403) ParOldGen: 340911K(340992K)->343031K(344064K)
[15720.662s][info][gc,metaspace   ] GC(34403) Metaspace: 62469K(62720K)->62469K(62720K) NonClass: 53423K(53632K)->53423K(53632K) Class: 9046K(9088K)->9046K(9088K)
[15720.662s][info][gc             ] GC(34403) Pause Young (Allocation Failure) 414M->335M(418M) 3.789ms
[15720.662s][info][gc,cpu         ] GC(34403) User=0.00s Sys=0.00s Real=0.00s
[15721.160s][info][gc,start       ] GC(34404) Pause Young (Allocation Failure)
[15721.162s][info][gc,heap        ] GC(34404) PSYoungGen: 81856K(83968K)->864K(84480K) Eden: 80896K(80896K)->0K(81920K) From: 960K(3072K)->864K(2560K)
[15721.162s][info][gc,heap        ] GC(34404) ParOldGen: 343031K(344064K)->343103K(344064K)
[15721.162s][info][gc,metaspace   ] GC(34404) Metaspace: 62469K(62720K)->62469K(62720K) NonClass: 53423K(53632K)->53423K(53632K) Class: 9046K(9088K)->9046K(9088K)
[15721.162s][info][gc             ] GC(34404) Pause Young (Allocation Failure) 414M->335M(418M) 2.612ms
[15721.162s][info][gc,cpu         ] GC(34404) User=0.01s Sys=0.00s Real=0.00s
[15721.618s][info][gc,start       ] GC(34405) Pause Young (Allocation Failure)
[15721.620s][info][gc,heap        ] GC(34405) PSYoungGen: 82784K(84480K)->320K(84480K) Eden: 81920K(81920K)->0K(81920K) From: 864K(2560K)->320K(2560K)
[15721.620s][info][gc,heap        ] GC(34405) ParOldGen: 343103K(344064K)->343175K(344064K)
[15721.620s][info][gc,metaspace   ] GC(34405) Metaspace: 62469K(62720K)->62469K(62720K) NonClass: 53423K(53632K)->53423K(53632K) Class: 9046K(9088K)->9046K(9088K)
[15721.620s][info][gc             ] GC(34405) Pause Young (Allocation Failure) 415M->335M(418M) 2.182ms
[15721.620s][info][gc,cpu         ] GC(34405) User=0.01s Sys=0.00s Real=0.00s
[15722.061s][info][gc,start       ] GC(34406) Pause Young (Allocation Failure)
[15722.064s][info][gc,heap        ] GC(34406) PSYoungGen: 82240K(84480K)->960K(84480K) Eden: 81920K(81920K)->0K(81920K) From: 320K(2560K)->960K(2560K)
[15722.064s][info][gc,heap        ] GC(34406) ParOldGen: 343175K(344064K)->343239K(344064K)
[15722.064s][info][gc,metaspace   ] GC(34406) Metaspace: 62469K(62720K)->62469K(62720K) NonClass: 53423K(53632K)->53423K(53632K) Class: 9046K(9088K)->9046K(9088K)
[15722.064s][info][gc             ] GC(34406) Pause Young (Allocation Failure) 415M->336M(418M) 2.688ms
[15722.064s][info][gc,cpu         ] GC(34406) User=0.00s Sys=0.00s Real=0.00s
[15722.528s][info][gc,start       ] GC(34407) Pause Young (Allocation Failure)
[15722.530s][info][gc,heap        ] GC(34407) PSYoungGen: 82880K(84480K)->448K(84480K) Eden: 81920K(81920K)->0K(81920K) From: 960K(2560K)->448K(2560K)
[15722.530s][info][gc,heap        ] GC(34407) ParOldGen: 343239K(344064K)->343351K(344064K)
[15722.530s][info][gc,metaspace   ] GC(34407) Metaspace: 62469K(62720K)->62469K(62720K) NonClass: 53423K(53632K)->53423K(53632K) Class: 9046K(9088K)->9046K(9088K)
[15722.530s][info][gc             ] GC(34407) Pause Young (Allocation Failure) 416M->335M(418M) 2.402ms
[15722.530s][info][gc,cpu         ] GC(34407) User=0.00s Sys=0.00s Real=0.00s
[15722.983s][info][gc,start       ] GC(34408) Pause Young (Allocation Failure)
[15722.986s][info][gc,heap        ] GC(34408) PSYoungGen: 82368K(84480K)->1376K(84480K) Eden: 81920K(81920K)->0K(81920K) From: 448K(2560K)->1376K(2560K)
[15722.986s][info][gc,heap        ] GC(34408) ParOldGen: 343351K(344064K)->343407K(344064K)
[15722.986s][info][gc,metaspace   ] GC(34408) Metaspace: 62469K(62720K)->62469K(62720K) NonClass: 53423K(53632K)->53423K(53632K) Class: 9046K(9088K)->9046K(9088K)
[15722.986s][info][gc             ] GC(34408) Pause Young (Allocation Failure) 415M->336M(418M) 3.018ms
[15722.986s][info][gc,cpu         ] GC(34408) User=0.00s Sys=0.00s Real=0.01s
[15723.410s][info][gc,start       ] GC(34409) Pause Young (Allocation Failure)
[15723.413s][info][gc,heap        ] GC(34409) PSYoungGen: 83296K(84480K)->1696K(84480K) Eden: 81920K(81920K)->0K(81920K) From: 1376K(2560K)->1696K(2560K)
[15723.413s][info][gc,heap        ] GC(34409) ParOldGen: 343407K(344064K)->343463K(344064K)
[15723.413s][info][gc,metaspace   ] GC(34409) Metaspace: 62469K(62720K)->62469K(62720K) NonClass: 53423K(53632K)->53423K(53632K) Class: 9046K(9088K)->9046K(9088K)
[15723.413s][info][gc             ] GC(34409) Pause Young (Allocation Failure) 416M->337M(418M) 3.327ms
[15723.413s][info][gc,cpu         ] GC(34409) User=0.01s Sys=0.00s Real=0.00s
[15723.891s][info][gc,start       ] GC(34410) Pause Young (Allocation Failure)
[15723.894s][info][gc,heap        ] GC(34410) PSYoungGen: 83616K(84480K)->1280K(84480K) Eden: 81920K(81920K)->0K(81920K) From: 1696K(2560K)->1280K(2560K)
[15723.894s][info][gc,heap        ] GC(34410) ParOldGen: 343463K(344064K)->343527K(344064K)
[15723.894s][info][gc,metaspace   ] GC(34410) Metaspace: 62469K(62720K)->62469K(62720K) NonClass: 53423K(53632K)->53423K(53632K) Class: 9046K(9088K)->9046K(9088K)
[15723.894s][info][gc             ] GC(34410) Pause Young (Allocation Failure) 417M->336M(418M) 2.923ms
[15723.894s][info][gc,cpu         ] GC(34410) User=0.00s Sys=0.00s Real=0.00s
[15724.361s][info][gc,start       ] GC(34411) Pause Young (Allocation Failure)
[15724.363s][info][gc,heap        ] GC(34411) PSYoungGen: 83200K(84480K)->960K(84480K) Eden: 81920K(81920K)->0K(81920K) From: 1280K(2560K)->960K(2560K)
[15724.364s][info][gc,heap        ] GC(34411) ParOldGen: 343527K(344064K)->343591K(344064K)
[15724.364s][info][gc,metaspace   ] GC(34411) Metaspace: 62469K(62720K)->62469K(62720K) NonClass: 53423K(53632K)->53423K(53632K) Class: 9046K(9088K)->9046K(9088K)
[15724.364s][info][gc             ] GC(34411) Pause Young (Allocation Failure) 416M->336M(418M) 2.623ms
[15724.364s][info][gc,cpu         ] GC(34411) User=0.00s Sys=0.00s Real=0.00s
[15724.832s][info][gc,start       ] GC(34412) Pause Young (Allocation Failure)
[15724.834s][info][gc,heap        ] GC(34412) PSYoungGen: 82880K(84480K)->512K(84480K) Eden: 81920K(81920K)->0K(81920K) From: 960K(2560K)->512K(2560K)
[15724.834s][info][gc,heap        ] GC(34412) ParOldGen: 343591K(344064K)->343647K(344064K)
[15724.834s][info][gc,metaspace   ] GC(34412) Metaspace: 62469K(62720K)->62469K(62720K) NonClass: 53423K(53632K)->53423K(53632K) Class: 9046K(9088K)->9046K(9088K)
[15724.834s][info][gc             ] GC(34412) Pause Young (Allocation Failure) 416M->336M(418M) 2.396ms
[15724.834s][info][gc,cpu         ] GC(34412) User=0.00s Sys=0.00s Real=0.00s
[15725.276s][info][gc,start       ] GC(34413) Pause Young (Allocation Failure)
[15725.279s][info][gc,heap        ] GC(34413) PSYoungGen: 82432K(84480K)->2528K(84480K) Eden: 81920K(81920K)->0K(81920K) From: 512K(2560K)->2528K(2560K)
[15725.279s][info][gc,heap        ] GC(34413) ParOldGen: 343647K(344064K)->344359K(344576K)
[15725.279s][info][gc,metaspace   ] GC(34413) Metaspace: 62469K(62720K)->62469K(62720K) NonClass: 53423K(53632K)->53423K(53632K) Class: 9046K(9088K)->9046K(9088K)
[15725.279s][info][gc             ] GC(34413) Pause Young (Allocation Failure) 416M->338M(419M) 3.580ms
[15725.279s][info][gc,cpu         ] GC(34413) User=0.01s Sys=0.00s Real=0.01s
[15725.748s][info][gc,start       ] GC(34414) Pause Young (Allocation Failure)
[15725.752s][info][gc,heap        ] GC(34414) PSYoungGen: 84448K(84480K)->640K(83456K) Eden: 81920K(81920K)->0K(80896K) From: 2528K(2560K)->640K(2560K)
[15725.752s][info][gc,heap        ] GC(34414) ParOldGen: 344359K(344576K)->346455K(347648K)
[15725.752s][info][gc,metaspace   ] GC(34414) Metaspace: 62469K(62720K)->62469K(62720K) NonClass: 53423K(53632K)->53423K(53632K) Class: 9046K(9088K)->9046K(9088K)
[15725.752s][info][gc             ] GC(34414) Pause Young (Allocation Failure) 418M->338M(421M) 3.585ms
[15725.752s][info][gc,cpu         ] GC(34414) User=0.01s Sys=0.01s Real=0.00s
[15726.211s][info][gc,start       ] GC(34415) Pause Young (Allocation Failure)
[15726.213s][info][gc,heap        ] GC(34415) PSYoungGen: 81536K(83456K)->192K(83968K) Eden: 80896K(80896K)->0K(80896K) From: 640K(2560K)->192K(3072K)
[15726.213s][info][gc,heap        ] GC(34415) ParOldGen: 346455K(347648K)->346519K(347648K)
[15726.213s][info][gc,metaspace   ] GC(34415) Metaspace: 62469K(62720K)->62469K(62720K) NonClass: 53423K(53632K)->53423K(53632K) Class: 9046K(9088K)->9046K(9088K)
[15726.213s][info][gc             ] GC(34415) Pause Young (Allocation Failure) 417M->338M(421M) 2.093ms
[15726.213s][info][gc,cpu         ] GC(34415) User=0.01s Sys=0.00s Real=0.00s
[15726.666s][info][gc,start       ] GC(34416) Pause Young (Allocation Failure)
[15726.669s][info][gc,heap        ] GC(34416) PSYoungGen: 81088K(83968K)->992K(83968K) Eden: 80896K(80896K)->0K(80896K) From: 192K(3072K)->992K(3072K)
[15726.669s][info][gc,heap        ] GC(34416) ParOldGen: 346519K(347648K)->346575K(347648K)
[15726.669s][info][gc,metaspace   ] GC(34416) Metaspace: 62469K(62720K)->62469K(62720K) NonClass: 53423K(53632K)->53423K(53632K) Class: 9046K(9088K)->9046K(9088K)
[15726.669s][info][gc             ] GC(34416) Pause Young (Allocation Failure) 417M->339M(421M) 2.756ms
[15726.669s][info][gc,cpu         ] GC(34416) User=0.01s Sys=0.00s Real=0.01s
[15727.105s][info][gc,start       ] GC(34417) Pause Young (Allocation Failure)
[15727.108s][info][gc,heap        ] GC(34417) PSYoungGen: 81888K(83968K)->1472K(83968K) Eden: 80896K(80896K)->0K(80896K) From: 992K(3072K)->1472K(3072K)
[15727.108s][info][gc,heap        ] GC(34417) ParOldGen: 346575K(347648K)->346639K(347648K)
[15727.108s][info][gc,metaspace   ] GC(34417) Metaspace: 62469K(62720K)->62469K(62720K) NonClass: 53423K(53632K)->53423K(53632K) Class: 9046K(9088K)->9046K(9088K)
[15727.108s][info][gc             ] GC(34417) Pause Young (Allocation Failure) 418M->339M(421M) 3.173ms
[15727.108s][info][gc,cpu         ] GC(34417) User=0.00s Sys=0.00s Real=0.01s
[15727.543s][info][gc,start       ] GC(34418) Pause Young (Allocation Failure)
[15727.546s][info][gc,heap        ] GC(34418) PSYoungGen: 82368K(83968K)->672K(83968K) Eden: 80896K(80896K)->0K(80896K) From: 1472K(3072K)->672K(3072K)
[15727.546s][info][gc,heap        ] GC(34418) ParOldGen: 346639K(347648K)->346695K(347648K)
[15727.546s][info][gc,metaspace   ] GC(34418) Metaspace: 62469K(62720K)->62469K(62720K) NonClass: 53423K(53632K)->53423K(53632K) Class: 9046K(9088K)->9046K(9088K)
[15727.546s][info][gc             ] GC(34418) Pause Young (Allocation Failure) 418M->339M(421M) 2.488ms
[15727.546s][info][gc,cpu         ] GC(34418) User=0.01s Sys=0.00s Real=0.01s
[15727.986s][info][gc,start       ] GC(34419) Pause Young (Allocation Failure)
[15727.989s][info][gc,heap        ] GC(34419) PSYoungGen: 81568K(83968K)->1280K(83968K) Eden: 80896K(80896K)->0K(80896K) From: 672K(3072K)->1280K(3072K)
[15727.989s][info][gc,heap        ] GC(34419) ParOldGen: 346695K(347648K)->346759K(347648K)
[15727.989s][info][gc,metaspace   ] GC(34419) Metaspace: 62469K(62720K)->62469K(62720K) NonClass: 53423K(53632K)->53423K(53632K) Class: 9046K(9088K)->9046K(9088K)
[15727.989s][info][gc             ] GC(34419) Pause Young (Allocation Failure) 418M->339M(421M) 2.952ms
[15727.989s][info][gc,cpu         ] GC(34419) User=0.00s Sys=0.00s Real=0.01s
[15728.454s][info][gc,start       ] GC(34420) Pause Young (Allocation Failure)
[15728.456s][info][gc,heap        ] GC(34420) PSYoungGen: 82176K(83968K)->800K(84480K) Eden: 80896K(80896K)->0K(81920K) From: 1280K(3072K)->800K(2560K)
[15728.456s][info][gc,heap        ] GC(34420) ParOldGen: 346759K(347648K)->346815K(347648K)
[15728.456s][info][gc,metaspace   ] GC(34420) Metaspace: 62469K(62720K)->62469K(62720K) NonClass: 53423K(53632K)->53423K(53632K) Class: 9046K(9088K)->9046K(9088K)
[15728.456s][info][gc             ] GC(34420) Pause Young (Allocation Failure) 418M->339M(422M) 2.487ms
[15728.456s][info][gc,cpu         ] GC(34420) User=0.00s Sys=0.00s Real=0.01s
[15728.901s][info][gc,start       ] GC(34421) Pause Young (Allocation Failure)
[15728.904s][info][gc,heap        ] GC(34421) PSYoungGen: 82720K(84480K)->1504K(84480K) Eden: 81920K(81920K)->0K(81920K) From: 800K(2560K)->1504K(2560K)
[15728.904s][info][gc,heap        ] GC(34421) ParOldGen: 346815K(347648K)->346871K(347648K)
[15728.904s][info][gc,metaspace   ] GC(34421) Metaspace: 62469K(62720K)->62469K(62720K) NonClass: 53423K(53632K)->53423K(53632K) Class: 9046K(9088K)->9046K(9088K)
[15728.904s][info][gc             ] GC(34421) Pause Young (Allocation Failure) 419M->340M(422M) 3.103ms
[15728.904s][info][gc,cpu         ] GC(34421) User=0.01s Sys=0.00s Real=0.00s
[15729.373s][info][gc,start       ] GC(34422) Pause Young (Allocation Failure)
[15729.376s][info][gc,heap        ] GC(34422) PSYoungGen: 83424K(84480K)->1056K(84480K) Eden: 81920K(81920K)->0K(81920K) From: 1504K(2560K)->1056K(2560K)
[15729.376s][info][gc,heap        ] GC(34422) ParOldGen: 346871K(347648K)->346927K(347648K)
[15729.376s][info][gc,metaspace   ] GC(34422) Metaspace: 62469K(62720K)->62469K(62720K) NonClass: 53423K(53632K)->53423K(53632K) Class: 9046K(9088K)->9046K(9088K)
[15729.376s][info][gc             ] GC(34422) Pause Young (Allocation Failure) 420M->339M(422M) 2.847ms
[15729.376s][info][gc,cpu         ] GC(34422) User=0.00s Sys=0.00s Real=0.01s
[15729.892s][info][gc,start       ] GC(34423) Pause Young (Allocation Failure)
[15729.895s][info][gc,heap        ] GC(34423) PSYoungGen: 82976K(84480K)->1328K(84480K) Eden: 81920K(81920K)->0K(81920K) From: 1056K(2560K)->1328K(2560K)
[15729.895s][info][gc,heap        ] GC(34423) ParOldGen: 346927K(347648K)->346991K(347648K)
[15729.895s][info][gc,metaspace   ] GC(34423) Metaspace: 62469K(62720K)->62469K(62720K) NonClass: 53423K(53632K)->53423K(53632K) Class: 9046K(9088K)->9046K(9088K)
[15729.895s][info][gc             ] GC(34423) Pause Young (Allocation Failure) 419M->340M(422M) 2.972ms
[15729.895s][info][gc,cpu         ] GC(34423) User=0.00s Sys=0.00s Real=0.00s
[15730.316s][info][gc,start       ] GC(34424) Pause Young (Allocation Failure)
[15730.319s][info][gc,heap        ] GC(34424) PSYoungGen: 83248K(84480K)->2336K(83456K) Eden: 81920K(81920K)->0K(80896K) From: 1328K(2560K)->2336K(2560K)
[15730.319s][info][gc,heap        ] GC(34424) ParOldGen: 346991K(347648K)->348119K(349184K)
[15730.319s][info][gc,metaspace   ] GC(34424) Metaspace: 62469K(62720K)->62469K(62720K) NonClass: 53423K(53632K)->53423K(53632K) Class: 9046K(9088K)->9046K(9088K)
[15730.319s][info][gc             ] GC(34424) Pause Young (Allocation Failure) 420M->342M(422M) 3.476ms
[15730.319s][info][gc,cpu         ] GC(34424) User=0.01s Sys=0.00s Real=0.00s
[15730.745s][info][gc,start       ] GC(34425) Pause Young (Allocation Failure)
[15730.748s][info][gc,heap        ] GC(34425) PSYoungGen: 83232K(83456K)->736K(83968K) Eden: 80896K(80896K)->0K(80896K) From: 2336K(2560K)->736K(3072K)
[15730.748s][info][gc,heap        ] GC(34425) ParOldGen: 348119K(349184K)->350231K(350720K)
[15730.748s][info][gc,metaspace   ] GC(34425) Metaspace: 62469K(62720K)->62469K(62720K) NonClass: 53423K(53632K)->53423K(53632K) Class: 9046K(9088K)->9046K(9088K)
[15730.748s][info][gc             ] GC(34425) Pause Young (Allocation Failure) 421M->342M(424M) 3.763ms
[15730.748s][info][gc,cpu         ] GC(34425) User=0.00s Sys=0.00s Real=0.01s
[15731.134s][info][gc,start       ] GC(34426) Pause Young (Allocation Failure)
[15731.136s][info][gc,heap        ] GC(34426) PSYoungGen: 81632K(83968K)->576K(84480K) Eden: 80896K(80896K)->0K(81408K) From: 736K(3072K)->576K(3072K)
[15731.136s][info][gc,heap        ] GC(34426) ParOldGen: 350231K(350720K)->350287K(350720K)
[15731.136s][info][gc,metaspace   ] GC(34426) Metaspace: 62469K(62720K)->62469K(62720K) NonClass: 53423K(53632K)->53423K(53632K) Class: 9046K(9088K)->9046K(9088K)
[15731.136s][info][gc             ] GC(34426) Pause Young (Allocation Failure) 421M->342M(425M) 2.349ms
[15731.136s][info][gc,cpu         ] GC(34426) User=0.00s Sys=0.00s Real=0.01s
[15731.530s][info][gc,start       ] GC(34427) Pause Young (Allocation Failure)
[15731.532s][info][gc,heap        ] GC(34427) PSYoungGen: 81984K(84480K)->480K(83968K) Eden: 81408K(81408K)->0K(81408K) From: 576K(3072K)->480K(2560K)
[15731.532s][info][gc,heap        ] GC(34427) ParOldGen: 350287K(350720K)->350343K(350720K)
[15731.532s][info][gc,metaspace   ] GC(34427) Metaspace: 62469K(62720K)->62469K(62720K) NonClass: 53423K(53632K)->53423K(53632K) Class: 9046K(9088K)->9046K(9088K)
[15731.532s][info][gc             ] GC(34427) Pause Young (Allocation Failure) 422M->342M(424M) 2.320ms
[15731.532s][info][gc,cpu         ] GC(34427) User=0.00s Sys=0.00s Real=0.00s
[15731.929s][info][gc,start       ] GC(34428) Pause Young (Allocation Failure)
[15731.931s][info][gc,heap        ] GC(34428) PSYoungGen: 81888K(83968K)->480K(84480K) Eden: 81408K(81408K)->0K(81920K) From: 480K(2560K)->480K(2560K)
[15731.931s][info][gc,heap        ] GC(34428) ParOldGen: 350343K(350720K)->350399K(350720K)
[15731.931s][info][gc,metaspace   ] GC(34428) Metaspace: 62469K(62720K)->62469K(62720K) NonClass: 53423K(53632K)->53423K(53632K) Class: 9046K(9088K)->9046K(9088K)
[15731.931s][info][gc             ] GC(34428) Pause Young (Allocation Failure) 422M->342M(425M) 2.195ms
[15731.931s][info][gc,cpu         ] GC(34428) User=0.00s Sys=0.00s Real=0.00s
[15732.333s][info][gc,start       ] GC(34429) Pause Young (Allocation Failure)
[15732.335s][info][gc,heap        ] GC(34429) PSYoungGen: 82400K(84480K)->512K(84480K) Eden: 81920K(81920K)->0K(81920K) From: 480K(2560K)->512K(2560K)
[15732.335s][info][gc,heap        ] GC(34429) ParOldGen: 350399K(350720K)->350463K(350720K)
[15732.335s][info][gc,metaspace   ] GC(34429) Metaspace: 62469K(62720K)->62469K(62720K) NonClass: 53423K(53632K)->53423K(53632K) Class: 9046K(9088K)->9046K(9088K)
[15732.335s][info][gc             ] GC(34429) Pause Young (Allocation Failure) 422M->342M(425M) 2.322ms
[15732.335s][info][gc,cpu         ] GC(34429) User=0.00s Sys=0.00s Real=0.00s
[15732.747s][info][gc,start       ] GC(34430) Pause Young (Allocation Failure)
[15732.749s][info][gc,heap        ] GC(34430) PSYoungGen: 82432K(84480K)->832K(84480K) Eden: 81920K(81920K)->0K(81920K) From: 512K(2560K)->832K(2560K)
[15732.749s][info][gc,heap        ] GC(34430) ParOldGen: 350463K(350720K)->350519K(350720K)
[15732.749s][info][gc,metaspace   ] GC(34430) Metaspace: 62469K(62720K)->62469K(62720K) NonClass: 53423K(53632K)->53423K(53632K) Class: 9046K(9088K)->9046K(9088K)
[15732.749s][info][gc             ] GC(34430) Pause Young (Allocation Failure) 422M->343M(425M) 2.479ms
[15732.749s][info][gc,cpu         ] GC(34430) User=0.01s Sys=0.00s Real=0.00s
[15733.148s][info][gc,start       ] GC(34431) Pause Young (Allocation Failure)
[15733.151s][info][gc,heap        ] GC(34431) PSYoungGen: 82752K(84480K)->800K(84480K) Eden: 81920K(81920K)->0K(81920K) From: 832K(2560K)->800K(2560K)
[15733.151s][info][gc,heap        ] GC(34431) ParOldGen: 350519K(350720K)->350567K(350720K)
[15733.151s][info][gc,metaspace   ] GC(34431) Metaspace: 62469K(62720K)->62469K(62720K) NonClass: 53423K(53632K)->53423K(53632K) Class: 9046K(9088K)->9046K(9088K)
[15733.151s][info][gc             ] GC(34431) Pause Young (Allocation Failure) 423M->343M(425M) 2.494ms
[15733.151s][info][gc,cpu         ] GC(34431) User=0.01s Sys=0.00s Real=0.00s
[15733.548s][info][gc,start       ] GC(34432) Pause Young (Allocation Failure)
[15733.551s][info][gc,heap        ] GC(34432) PSYoungGen: 82720K(84480K)->864K(84480K) Eden: 81920K(81920K)->0K(81920K) From: 800K(2560K)->864K(2560K)
[15733.551s][info][gc,heap        ] GC(34432) ParOldGen: 350567K(350720K)->350623K(350720K)
[15733.551s][info][gc,metaspace   ] GC(34432) Metaspace: 62469K(62720K)->62469K(62720K) NonClass: 53423K(53632K)->53423K(53632K) Class: 9046K(9088K)->9046K(9088K)
[15733.551s][info][gc             ] GC(34432) Pause Young (Allocation Failure) 423M->343M(425M) 2.533ms
[15733.551s][info][gc,cpu         ] GC(34432) User=0.01s Sys=0.00s Real=0.00s
[15733.977s][info][gc,start       ] GC(34433) Pause Young (Allocation Failure)
[15733.979s][info][gc,heap        ] GC(34433) PSYoungGen: 82784K(84480K)->1152K(84480K) Eden: 81920K(81920K)->0K(81920K) From: 864K(2560K)->1152K(2560K)
[15733.979s][info][gc,heap        ] GC(34433) ParOldGen: 350623K(350720K)->350679K(350720K)
[15733.979s][info][gc,metaspace   ] GC(34433) Metaspace: 62469K(62720K)->62469K(62720K) NonClass: 53423K(53632K)->53423K(53632K) Class: 9046K(9088K)->9046K(9088K)
[15733.979s][info][gc             ] GC(34433) Pause Young (Allocation Failure) 423M->343M(425M) 2.780ms
[15733.979s][info][gc,cpu         ] GC(34433) User=0.00s Sys=0.00s Real=0.00s
[15734.377s][info][gc,start       ] GC(34434) Pause Young (Allocation Failure)
[15734.380s][info][gc,heap        ] GC(34434) PSYoungGen: 83072K(84480K)->1312K(83968K) Eden: 81920K(81920K)->0K(81920K) From: 1152K(2560K)->1312K(2048K)
[15734.380s][info][gc,heap        ] GC(34434) ParOldGen: 350679K(350720K)->350735K(351232K)
[15734.380s][info][gc,metaspace   ] GC(34434) Metaspace: 62469K(62720K)->62469K(62720K) NonClass: 53423K(53632K)->53423K(53632K) Class: 9046K(9088K)->9046K(9088K)
[15734.380s][info][gc             ] GC(34434) Pause Young (Allocation Failure) 423M->343M(425M) 2.948ms
[15734.380s][info][gc,cpu         ] GC(34434) User=0.01s Sys=0.00s Real=0.00s
[15734.776s][info][gc,start       ] GC(34435) Pause Young (Allocation Failure)
[15734.778s][info][gc,heap        ] GC(34435) PSYoungGen: 83232K(83968K)->1152K(84480K) Eden: 81920K(81920K)->0K(81920K) From: 1312K(2048K)->1152K(2560K)
[15734.779s][info][gc,heap        ] GC(34435) ParOldGen: 350735K(351232K)->350799K(351232K)
[15734.779s][info][gc,metaspace   ] GC(34435) Metaspace: 62469K(62720K)->62469K(62720K) NonClass: 53423K(53632K)->53423K(53632K) Class: 9046K(9088K)->9046K(9088K)
[15734.779s][info][gc             ] GC(34435) Pause Young (Allocation Failure) 423M->343M(425M) 2.810ms
[15734.779s][info][gc,cpu         ] GC(34435) User=0.01s Sys=0.00s Real=0.01s
[15735.205s][info][gc,start       ] GC(34436) Pause Young (Allocation Failure)
[15735.208s][info][gc,heap        ] GC(34436) PSYoungGen: 83072K(84480K)->1440K(83968K) Eden: 81920K(81920K)->0K(81920K) From: 1152K(2560K)->1440K(2048K)
[15735.208s][info][gc,heap        ] GC(34436) ParOldGen: 350799K(351232K)->350855K(351232K)
[15735.208s][info][gc,metaspace   ] GC(34436) Metaspace: 62469K(62720K)->62469K(62720K) NonClass: 53423K(53632K)->53423K(53632K) Class: 9046K(9088K)->9046K(9088K)
[15735.208s][info][gc             ] GC(34436) Pause Young (Allocation Failure) 423M->344M(425M) 3.035ms
[15735.208s][info][gc,cpu         ] GC(34436) User=0.01s Sys=0.00s Real=0.01s
[15735.617s][info][gc,start       ] GC(34437) Pause Young (Allocation Failure)
[15735.619s][info][gc,heap        ] GC(34437) PSYoungGen: 83360K(83968K)->288K(84480K) Eden: 81920K(81920K)->0K(81920K) From: 1440K(2048K)->288K(2560K)
[15735.619s][info][gc,heap        ] GC(34437) ParOldGen: 350855K(351232K)->350911K(351232K)
[15735.619s][info][gc,metaspace   ] GC(34437) Metaspace: 62469K(62720K)->62469K(62720K) NonClass: 53423K(53632K)->53423K(53632K) Class: 9046K(9088K)->9046K(9088K)
[15735.619s][info][gc             ] GC(34437) Pause Young (Allocation Failure) 424M->342M(425M) 2.040ms
[15735.619s][info][gc,cpu         ] GC(34437) User=0.00s Sys=0.00s Real=0.00s
[15736.057s][info][gc,start       ] GC(34438) Pause Young (Allocation Failure)
[15736.060s][info][gc,heap        ] GC(34438) PSYoungGen: 82208K(84480K)->928K(84992K) Eden: 81920K(81920K)->0K(82432K) From: 288K(2560K)->928K(2560K)
[15736.060s][info][gc,heap        ] GC(34438) ParOldGen: 350911K(351232K)->350967K(351232K)
[15736.060s][info][gc,metaspace   ] GC(34438) Metaspace: 62469K(62720K)->62469K(62720K) NonClass: 53423K(53632K)->53423K(53632K) Class: 9046K(9088K)->9046K(9088K)
[15736.060s][info][gc             ] GC(34438) Pause Young (Allocation Failure) 422M->343M(426M) 2.587ms
[15736.060s][info][gc,cpu         ] GC(34438) User=0.00s Sys=0.00s Real=0.00s
[15736.459s][info][gc,start       ] GC(34439) Pause Young (Allocation Failure)
[15736.461s][info][gc,heap        ] GC(34439) PSYoungGen: 83360K(84992K)->1024K(84480K) Eden: 82432K(82432K)->0K(82432K) From: 928K(2560K)->1024K(2048K)
[15736.461s][info][gc,heap        ] GC(34439) ParOldGen: 350967K(351232K)->351023K(351232K)
[15736.461s][info][gc,metaspace   ] GC(34439) Metaspace: 62469K(62720K)->62469K(62720K) NonClass: 53423K(53632K)->53423K(53632K) Class: 9046K(9088K)->9046K(9088K)
[15736.461s][info][gc             ] GC(34439) Pause Young (Allocation Failure) 424M->343M(425M) 2.628ms
[15736.461s][info][gc,cpu         ] GC(34439) User=0.01s Sys=0.00s Real=0.00s
[15736.877s][info][gc,start       ] GC(34440) Pause Young (Allocation Failure)
[15736.880s][info][gc,heap        ] GC(34440) PSYoungGen: 83456K(84480K)->1424K(84992K) Eden: 82432K(82432K)->0K(82944K) From: 1024K(2048K)->1424K(2048K)
[15736.880s][info][gc,heap        ] GC(34440) ParOldGen: 351023K(351232K)->351079K(351232K)
[15736.880s][info][gc,metaspace   ] GC(34440) Metaspace: 62469K(62720K)->62469K(62720K) NonClass: 53423K(53632K)->53423K(53632K) Class: 9046K(9088K)->9046K(9088K)
[15736.880s][info][gc             ] GC(34440) Pause Young (Allocation Failure) 424M->344M(426M) 3.004ms
[15736.880s][info][gc,cpu         ] GC(34440) User=0.00s Sys=0.00s Real=0.00s
[15737.305s][info][gc,start       ] GC(34441) Pause Young (Allocation Failure)
[15737.309s][info][gc,heap        ] GC(34441) PSYoungGen: 84368K(84992K)->1664K(84992K) Eden: 82944K(82944K)->0K(82944K) From: 1424K(2048K)->1664K(2048K)
[15737.309s][info][gc,heap        ] GC(34441) ParOldGen: 351079K(351232K)->351183K(351232K)
[15737.309s][info][gc,metaspace   ] GC(34441) Metaspace: 62469K(62720K)->62469K(62720K) NonClass: 53423K(53632K)->53423K(53632K) Class: 9046K(9088K)->9046K(9088K)
[15737.309s][info][gc             ] GC(34441) Pause Young (Allocation Failure) 425M->344M(426M) 3.336ms
[15737.309s][info][gc,cpu         ] GC(34441) User=0.01s Sys=0.00s Real=0.01s
[15737.747s][info][gc,start       ] GC(34442) Pause Young (Allocation Failure)
[15737.749s][info][gc,heap        ] GC(34442) PSYoungGen: 84608K(84992K)->640K(83968K) Eden: 82944K(82944K)->0K(81920K) From: 1664K(2048K)->640K(2048K)
[15737.749s][info][gc,heap        ] GC(34442) ParOldGen: 351183K(351232K)->351239K(351744K)
[15737.749s][info][gc,metaspace   ] GC(34442) Metaspace: 62469K(62720K)->62469K(62720K) NonClass: 53423K(53632K)->53423K(53632K) Class: 9046K(9088K)->9046K(9088K)
[15737.749s][info][gc             ] GC(34442) Pause Young (Allocation Failure) 425M->343M(425M) 2.529ms
[15737.749s][info][gc,cpu         ] GC(34442) User=0.01s Sys=0.00s Real=0.00s
[15738.153s][info][gc,start       ] GC(34443) Pause Young (Allocation Failure)
[15738.156s][info][gc,heap        ] GC(34443) PSYoungGen: 82560K(83968K)->864K(84480K) Eden: 81920K(81920K)->0K(81920K) From: 640K(2048K)->864K(2560K)
[15738.156s][info][gc,heap        ] GC(34443) ParOldGen: 351239K(351744K)->351287K(351744K)
[15738.156s][info][gc,metaspace   ] GC(34443) Metaspace: 62469K(62720K)->62469K(62720K) NonClass: 53423K(53632K)->53423K(53632K) Class: 9046K(9088K)->9046K(9088K)
[15738.156s][info][gc             ] GC(34443) Pause Young (Allocation Failure) 423M->343M(426M) 2.568ms
[15738.156s][info][gc,cpu         ] GC(34443) User=0.00s Sys=0.00s Real=0.00s
[15738.570s][info][gc,start       ] GC(34444) Pause Young (Allocation Failure)
[15738.573s][info][gc,heap        ] GC(34444) PSYoungGen: 82784K(84480K)->1120K(84992K) Eden: 81920K(81920K)->0K(82944K) From: 864K(2560K)->1120K(2048K)
[15738.573s][info][gc,heap        ] GC(34444) ParOldGen: 351287K(351744K)->351343K(351744K)
[15738.573s][info][gc,metaspace   ] GC(34444) Metaspace: 62469K(62720K)->62469K(62720K) NonClass: 53423K(53632K)->53423K(53632K) Class: 9046K(9088K)->9046K(9088K)
[15738.573s][info][gc             ] GC(34444) Pause Young (Allocation Failure) 423M->344M(426M) 2.795ms
[15738.573s][info][gc,cpu         ] GC(34444) User=0.01s Sys=0.00s Real=0.00s
[15739.013s][info][gc,start       ] GC(34445) Pause Young (Allocation Failure)
[15739.016s][info][gc,heap        ] GC(34445) PSYoungGen: 84064K(84992K)->1248K(84992K) Eden: 82944K(82944K)->0K(82944K) From: 1120K(2048K)->1248K(2048K)
[15739.016s][info][gc,heap        ] GC(34445) ParOldGen: 351343K(351744K)->353448K(354816K)
[15739.016s][info][gc,metaspace   ] GC(34445) Metaspace: 62469K(62720K)->62469K(62720K) NonClass: 53423K(53632K)->53423K(53632K) Class: 9046K(9088K)->9046K(9088K)
[15739.016s][info][gc             ] GC(34445) Pause Young (Allocation Failure) 425M->346M(429M) 3.291ms
[15739.016s][info][gc,cpu         ] GC(34445) User=0.01s Sys=0.00s Real=0.01s
[15739.407s][info][gc,start       ] GC(34446) Pause Young (Allocation Failure)
[15739.411s][info][gc,heap        ] GC(34446) PSYoungGen: 84192K(84992K)->1760K(83968K) Eden: 82944K(82944K)->0K(81920K) From: 1248K(2048K)->1760K(2048K)
[15739.411s][info][gc,heap        ] GC(34446) ParOldGen: 353448K(354816K)->355552K(356352K)
[15739.411s][info][gc,metaspace   ] GC(34446) Metaspace: 62469K(62720K)->62469K(62720K) NonClass: 53423K(53632K)->53423K(53632K) Class: 9046K(9088K)->9046K(9088K)
[15739.411s][info][gc             ] GC(34446) Pause Young (Allocation Failure) 427M->348M(430M) 4.428ms
[15739.412s][info][gc,cpu         ] GC(34446) User=0.01s Sys=0.00s Real=0.00s
[15739.819s][info][gc,start       ] GC(34447) Pause Young (Allocation Failure)
[15739.821s][info][gc,heap        ] GC(34447) PSYoungGen: 83680K(83968K)->320K(84480K) Eden: 81920K(81920K)->0K(81920K) From: 1760K(2048K)->320K(2560K)
[15739.821s][info][gc,heap        ] GC(34447) ParOldGen: 355552K(356352K)->355608K(356352K)
[15739.821s][info][gc,metaspace   ] GC(34447) Metaspace: 62469K(62720K)->62469K(62720K) NonClass: 53423K(53632K)->53423K(53632K) Class: 9046K(9088K)->9046K(9088K)
[15739.822s][info][gc             ] GC(34447) Pause Young (Allocation Failure) 428M->347M(430M) 2.067ms
[15739.822s][info][gc,cpu         ] GC(34447) User=0.00s Sys=0.00s Real=0.00s
[15740.254s][info][gc,start       ] GC(34448) Pause Young (Allocation Failure)
[15740.257s][info][gc,heap        ] GC(34448) PSYoungGen: 82240K(84480K)->832K(84480K) Eden: 81920K(81920K)->0K(81920K) From: 320K(2560K)->832K(2560K)
[15740.257s][info][gc,heap        ] GC(34448) ParOldGen: 355608K(356352K)->355664K(356352K)
[15740.257s][info][gc,metaspace   ] GC(34448) Metaspace: 62469K(62720K)->62469K(62720K) NonClass: 53423K(53632K)->53423K(53632K) Class: 9046K(9088K)->9046K(9088K)
[15740.257s][info][gc             ] GC(34448) Pause Young (Allocation Failure) 427M->348M(430M) 2.527ms
[15740.257s][info][gc,cpu         ] GC(34448) User=0.00s Sys=0.00s Real=0.01s
[15740.642s][info][gc,start       ] GC(34449) Pause Young (Allocation Failure)
[15740.645s][info][gc,heap        ] GC(34449) PSYoungGen: 82752K(84480K)->704K(84480K) Eden: 81920K(81920K)->0K(81920K) From: 832K(2560K)->704K(2560K)
[15740.645s][info][gc,heap        ] GC(34449) ParOldGen: 355664K(356352K)->355720K(356352K)
[15740.645s][info][gc,metaspace   ] GC(34449) Metaspace: 62469K(62720K)->62469K(62720K) NonClass: 53423K(53632K)->53423K(53632K) Class: 9046K(9088K)->9046K(9088K)
[15740.645s][info][gc             ] GC(34449) Pause Young (Allocation Failure) 428M->348M(430M) 2.328ms
[15740.645s][info][gc,cpu         ] GC(34449) User=0.00s Sys=0.00s Real=0.00s
[15741.102s][info][gc,start       ] GC(34450) Pause Young (Allocation Failure)
[15741.105s][info][gc,heap        ] GC(34450) PSYoungGen: 82624K(84480K)->1344K(83968K) Eden: 81920K(81920K)->0K(81920K) From: 704K(2560K)->1344K(2048K)
[15741.105s][info][gc,heap        ] GC(34450) ParOldGen: 355720K(356352K)->355776K(356352K)
[15741.105s][info][gc,metaspace   ] GC(34450) Metaspace: 62469K(62720K)->62469K(62720K) NonClass: 53423K(53632K)->53423K(53632K) Class: 9046K(9088K)->9046K(9088K)
[15741.105s][info][gc             ] GC(34450) Pause Young (Allocation Failure) 428M->348M(430M) 2.990ms
[15741.105s][info][gc,cpu         ] GC(34450) User=0.01s Sys=0.00s Real=0.00s
[15741.538s][info][gc,start       ] GC(34451) Pause Young (Allocation Failure)
[15741.540s][info][gc,heap        ] GC(34451) PSYoungGen: 83264K(83968K)->640K(84480K) Eden: 81920K(81920K)->0K(81920K) From: 1344K(2048K)->640K(2560K)
[15741.540s][info][gc,heap        ] GC(34451) ParOldGen: 355776K(356352K)->355832K(356352K)
[15741.541s][info][gc,metaspace   ] GC(34451) Metaspace: 62469K(62720K)->62469K(62720K) NonClass: 53423K(53632K)->53423K(53632K) Class: 9046K(9088K)->9046K(9088K)
[15741.541s][info][gc             ] GC(34451) Pause Young (Allocation Failure) 428M->348M(430M) 2.514ms
[15741.541s][info][gc,cpu         ] GC(34451) User=0.00s Sys=0.00s Real=0.00s
[15741.952s][info][gc,start       ] GC(34452) Pause Young (Allocation Failure)
[15741.954s][info][gc,heap        ] GC(34452) PSYoungGen: 82560K(84480K)->896K(84992K) Eden: 81920K(81920K)->0K(82944K) From: 640K(2560K)->896K(2048K)
[15741.954s][info][gc,heap        ] GC(34452) ParOldGen: 355832K(356352K)->355888K(356352K)
[15741.954s][info][gc,metaspace   ] GC(34452) Metaspace: 62469K(62720K)->62469K(62720K) NonClass: 53423K(53632K)->53423K(53632K) Class: 9046K(9088K)->9046K(9088K)
[15741.954s][info][gc             ] GC(34452) Pause Young (Allocation Failure) 428M->348M(431M) 2.562ms
[15741.954s][info][gc,cpu         ] GC(34452) User=0.00s Sys=0.00s Real=0.00s
[15742.366s][info][gc,start       ] GC(34453) Pause Young (Allocation Failure)
[15742.368s][info][gc,heap        ] GC(34453) PSYoungGen: 83840K(84992K)->1056K(84992K) Eden: 82944K(82944K)->0K(82944K) From: 896K(2048K)->1056K(2048K)
[15742.368s][info][gc,heap        ] GC(34453) ParOldGen: 355888K(356352K)->355936K(356352K)
[15742.368s][info][gc,metaspace   ] GC(34453) Metaspace: 62469K(62720K)->62469K(62720K) NonClass: 53423K(53632K)->53423K(53632K) Class: 9046K(9088K)->9046K(9088K)
[15742.368s][info][gc             ] GC(34453) Pause Young (Allocation Failure) 429M->348M(431M) 2.784ms
[15742.369s][info][gc,cpu         ] GC(34453) User=0.01s Sys=0.00s Real=0.01s
[15742.763s][info][gc,start       ] GC(34454) Pause Young (Allocation Failure)
[15742.766s][info][gc,heap        ] GC(34454) PSYoungGen: 84000K(84992K)->1024K(84992K) Eden: 82944K(82944K)->0K(82944K) From: 1056K(2048K)->1024K(2048K)
[15742.766s][info][gc,heap        ] GC(34454) ParOldGen: 355936K(356352K)->355992K(356352K)
[15742.766s][info][gc,metaspace   ] GC(34454) Metaspace: 62469K(62720K)->62469K(62720K) NonClass: 53423K(53632K)->53423K(53632K) Class: 9046K(9088K)->9046K(9088K)
[15742.766s][info][gc             ] GC(34454) Pause Young (Allocation Failure) 429M->348M(431M) 2.707ms
[15742.766s][info][gc,cpu         ] GC(34454) User=0.00s Sys=0.00s Real=0.01s
[15743.206s][info][gc,start       ] GC(34455) Pause Young (Allocation Failure)
[15743.209s][info][gc,heap        ] GC(34455) PSYoungGen: 83968K(84992K)->1600K(84992K) Eden: 82944K(82944K)->0K(82944K) From: 1024K(2048K)->1600K(2048K)
[15743.209s][info][gc,heap        ] GC(34455) ParOldGen: 355992K(356352K)->356048K(356352K)
[15743.209s][info][gc,metaspace   ] GC(34455) Metaspace: 62469K(62720K)->62469K(62720K) NonClass: 53423K(53632K)->53423K(53632K) Class: 9046K(9088K)->9046K(9088K)
[15743.209s][info][gc             ] GC(34455) Pause Young (Allocation Failure) 429M->349M(431M) 3.178ms
[15743.209s][info][gc,cpu         ] GC(34455) User=0.01s Sys=0.00s Real=0.00s
[15743.647s][info][gc,start       ] GC(34456) Pause Young (Allocation Failure)
[15743.650s][info][gc,heap        ] GC(34456) PSYoungGen: 84544K(84992K)->736K(84992K) Eden: 82944K(82944K)->0K(82944K) From: 1600K(2048K)->736K(2048K)
[15743.650s][info][gc,heap        ] GC(34456) ParOldGen: 356048K(356352K)->356104K(356352K)
[15743.650s][info][gc,metaspace   ] GC(34456) Metaspace: 62469K(62720K)->62469K(62720K) NonClass: 53423K(53632K)->53423K(53632K) Class: 9046K(9088K)->9046K(9088K)
[15743.650s][info][gc             ] GC(34456) Pause Young (Allocation Failure) 430M->348M(431M) 2.444ms
[15743.650s][info][gc,cpu         ] GC(34456) User=0.01s Sys=0.00s Real=0.00s
[15744.134s][info][gc,start       ] GC(34457) Pause Young (Allocation Failure)
[15744.136s][info][gc,heap        ] GC(34457) PSYoungGen: 83680K(84992K)->640K(84992K) Eden: 82944K(82944K)->0K(82944K) From: 736K(2048K)->640K(2048K)
[15744.136s][info][gc,heap        ] GC(34457) ParOldGen: 356104K(356352K)->356152K(356352K)
[15744.136s][info][gc,metaspace   ] GC(34457) Metaspace: 62469K(62720K)->62469K(62720K) NonClass: 53423K(53632K)->53423K(53632K) Class: 9046K(9088K)->9046K(9088K)
[15744.136s][info][gc             ] GC(34457) Pause Young (Allocation Failure) 429M->348M(431M) 2.343ms
[15744.136s][info][gc,cpu         ] GC(34457) User=0.00s Sys=0.00s Real=0.01s
[15744.537s][info][gc,start       ] GC(34458) Pause Young (Allocation Failure)
[15744.539s][info][gc,heap        ] GC(34458) PSYoungGen: 83584K(84992K)->640K(84992K) Eden: 82944K(82944K)->0K(82944K) From: 640K(2048K)->640K(2048K)
[15744.540s][info][gc,heap        ] GC(34458) ParOldGen: 356152K(356352K)->356256K(356352K)
[15744.540s][info][gc,metaspace   ] GC(34458) Metaspace: 62469K(62720K)->62469K(62720K) NonClass: 53423K(53632K)->53423K(53632K) Class: 9046K(9088K)->9046K(9088K)
[15744.540s][info][gc             ] GC(34458) Pause Young (Allocation Failure) 429M->348M(431M) 2.424ms
[15744.540s][info][gc,cpu         ] GC(34458) User=0.00s Sys=0.00s Real=0.00s
[15744.946s][info][gc,start       ] GC(34459) Pause Young (Allocation Failure)
[15744.948s][info][gc,heap        ] GC(34459) PSYoungGen: 83584K(84992K)->832K(84992K) Eden: 82944K(82944K)->0K(82944K) From: 640K(2048K)->832K(2048K)
[15744.948s][info][gc,heap        ] GC(34459) ParOldGen: 356256K(356352K)->356312K(356352K)
[15744.948s][info][gc,metaspace   ] GC(34459) Metaspace: 62469K(62720K)->62469K(62720K) NonClass: 53423K(53632K)->53423K(53632K) Class: 9046K(9088K)->9046K(9088K)
[15744.948s][info][gc             ] GC(34459) Pause Young (Allocation Failure) 429M->348M(431M) 2.473ms
[15744.948s][info][gc,cpu         ] GC(34459) User=0.01s Sys=0.00s Real=0.01s
[15745.316s][info][gc,start       ] GC(34460) Pause Young (Allocation Failure)
[15745.318s][info][gc,heap        ] GC(34460) PSYoungGen: 83776K(84992K)->288K(84992K) Eden: 82944K(82944K)->0K(82944K) From: 832K(2048K)->288K(2048K)
[15745.318s][info][gc,heap        ] GC(34460) ParOldGen: 356312K(356352K)->356360K(356864K)
[15745.318s][info][gc,metaspace   ] GC(34460) Metaspace: 62469K(62720K)->62469K(62720K) NonClass: 53423K(53632K)->53423K(53632K) Class: 9046K(9088K)->9046K(9088K)
[15745.318s][info][gc             ] GC(34460) Pause Young (Allocation Failure) 429M->348M(431M) 2.100ms
[15745.318s][info][gc,cpu         ] GC(34460) User=0.00s Sys=0.00s Real=0.00s
[15745.778s][info][gc,start       ] GC(34461) Pause Young (Allocation Failure)
[15745.781s][info][gc,heap        ] GC(34461) PSYoungGen: 83232K(84992K)->1184K(84992K) Eden: 82944K(82944K)->0K(82944K) From: 288K(2048K)->1184K(2048K)
[15745.781s][info][gc,heap        ] GC(34461) ParOldGen: 356360K(356864K)->356416K(356864K)
[15745.781s][info][gc,metaspace   ] GC(34461) Metaspace: 62469K(62720K)->62469K(62720K) NonClass: 53423K(53632K)->53423K(53632K) Class: 9046K(9088K)->9046K(9088K)
[15745.781s][info][gc             ] GC(34461) Pause Young (Allocation Failure) 429M->349M(431M) 2.802ms
[15745.781s][info][gc,cpu         ] GC(34461) User=0.00s Sys=0.00s Real=0.00s
[15746.196s][info][gc,start       ] GC(34462) Pause Young (Allocation Failure)
[15746.199s][info][gc,heap        ] GC(34462) PSYoungGen: 84127K(84992K)->1536K(84992K) Eden: 82943K(82944K)->0K(82944K) From: 1184K(2048K)->1536K(2048K)
[15746.199s][info][gc,heap        ] GC(34462) ParOldGen: 356416K(356864K)->356464K(356864K)
[15746.199s][info][gc,metaspace   ] GC(34462) Metaspace: 62469K(62720K)->62469K(62720K) NonClass: 53423K(53632K)->53423K(53632K) Class: 9046K(9088K)->9046K(9088K)
[15746.199s][info][gc             ] GC(34462) Pause Young (Allocation Failure) 430M->349M(431M) 3.136ms
[15746.199s][info][gc,cpu         ] GC(34462) User=0.01s Sys=0.00s Real=0.00s
[15746.617s][info][gc,start       ] GC(34463) Pause Young (Allocation Failure)
[15746.619s][info][gc,heap        ] GC(34463) PSYoungGen: 84480K(84992K)->288K(84992K) Eden: 82944K(82944K)->0K(82944K) From: 1536K(2048K)->288K(2048K)
[15746.619s][info][gc,heap        ] GC(34463) ParOldGen: 356464K(356864K)->356520K(356864K)
[15746.619s][info][gc,metaspace   ] GC(34463) Metaspace: 62469K(62720K)->62469K(62720K) NonClass: 53423K(53632K)->53423K(53632K) Class: 9046K(9088K)->9046K(9088K)
[15746.619s][info][gc             ] GC(34463) Pause Young (Allocation Failure) 430M->348M(431M) 2.134ms
[15746.619s][info][gc,cpu         ] GC(34463) User=0.00s Sys=0.00s Real=0.00s
[15747.064s][info][gc,start       ] GC(34464) Pause Young (Allocation Failure)
[15747.067s][info][gc,heap        ] GC(34464) PSYoungGen: 83232K(84992K)->960K(84992K) Eden: 82944K(82944K)->0K(82944K) From: 288K(2048K)->960K(2048K)
[15747.067s][info][gc,heap        ] GC(34464) ParOldGen: 356520K(356864K)->356568K(356864K)
[15747.067s][info][gc,metaspace   ] GC(34464) Metaspace: 62469K(62720K)->62469K(62720K) NonClass: 53423K(53632K)->53423K(53632K) Class: 9046K(9088K)->9046K(9088K)
[15747.067s][info][gc             ] GC(34464) Pause Young (Allocation Failure) 429M->349M(431M) 2.598ms
[15747.067s][info][gc,cpu         ] GC(34464) User=0.01s Sys=0.00s Real=0.01s
[15747.501s][info][gc,start       ] GC(34465) Pause Young (Allocation Failure)
[15747.504s][info][gc,heap        ] GC(34465) PSYoungGen: 83904K(84992K)->1568K(84992K) Eden: 82944K(82944K)->0K(82944K) From: 960K(2048K)->1568K(2048K)
[15747.504s][info][gc,heap        ] GC(34465) ParOldGen: 356568K(356864K)->356624K(356864K)
[15747.504s][info][gc,metaspace   ] GC(34465) Metaspace: 62469K(62720K)->62469K(62720K) NonClass: 53423K(53632K)->53423K(53632K) Class: 9046K(9088K)->9046K(9088K)
[15747.504s][info][gc             ] GC(34465) Pause Young (Allocation Failure) 430M->349M(431M) 3.161ms
[15747.504s][info][gc,cpu         ] GC(34465) User=0.01s Sys=0.00s Real=0.00s
[15747.931s][info][gc,start       ] GC(34466) Pause Young (Allocation Failure)
[15747.934s][info][gc,heap        ] GC(34466) PSYoungGen: 84512K(84992K)->1536K(83968K) Eden: 82944K(82944K)->0K(81920K) From: 1568K(2048K)->1536K(2048K)
[15747.934s][info][gc,heap        ] GC(34466) ParOldGen: 356624K(356864K)->357712K(358400K)
[15747.934s][info][gc,metaspace   ] GC(34466) Metaspace: 62469K(62720K)->62469K(62720K) NonClass: 53423K(53632K)->53423K(53632K) Class: 9046K(9088K)->9046K(9088K)
[15747.934s][info][gc             ] GC(34466) Pause Young (Allocation Failure) 430M->350M(432M) 2.926ms
[15747.934s][info][gc,cpu         ] GC(34466) User=0.00s Sys=0.00s Real=0.00s
[15748.376s][info][gc,start       ] GC(34467) Pause Young (Allocation Failure)
[15748.379s][info][gc,heap        ] GC(34467) PSYoungGen: 83456K(83968K)->1184K(84480K) Eden: 81920K(81920K)->0K(81920K) From: 1536K(2048K)->1184K(2560K)
[15748.379s][info][gc,heap        ] GC(34467) ParOldGen: 357712K(358400K)->359816K(359936K)
[15748.380s][info][gc,metaspace   ] GC(34467) Metaspace: 62469K(62720K)->62469K(62720K) NonClass: 53423K(53632K)->53423K(53632K) Class: 9046K(9088K)->9046K(9088K)
[15748.380s][info][gc             ] GC(34467) Pause Young (Allocation Failure) 430M->352M(434M) 3.942ms
[15748.380s][info][gc,cpu         ] GC(34467) User=0.00s Sys=0.01s Real=0.01s
[15748.808s][info][gc,start       ] GC(34468) Pause Young (Allocation Failure)
[15748.811s][info][gc,heap        ] GC(34468) PSYoungGen: 83104K(84480K)->1568K(84480K) Eden: 81920K(81920K)->0K(81920K) From: 1184K(2560K)->1568K(2560K)
[15748.811s][info][gc,heap        ] GC(34468) ParOldGen: 359816K(359936K)->359872K(359936K)
[15748.811s][info][gc,metaspace   ] GC(34468) Metaspace: 62469K(62720K)->62469K(62720K) NonClass: 53423K(53632K)->53423K(53632K) Class: 9046K(9088K)->9046K(9088K)
[15748.811s][info][gc             ] GC(34468) Pause Young (Allocation Failure) 432M->352M(434M) 3.091ms
[15748.811s][info][gc,cpu         ] GC(34468) User=0.01s Sys=0.00s Real=0.00s
[15749.209s][info][gc,start       ] GC(34469) Pause Young (Allocation Failure)
[15749.212s][info][gc,heap        ] GC(34469) PSYoungGen: 83488K(84480K)->1728K(84480K) Eden: 81920K(81920K)->0K(81920K) From: 1568K(2560K)->1728K(2560K)
[15749.212s][info][gc,heap        ] GC(34469) ParOldGen: 359872K(359936K)->359928K(359936K)
[15749.212s][info][gc,metaspace   ] GC(34469) Metaspace: 62469K(62720K)->62469K(62720K) NonClass: 53423K(53632K)->53423K(53632K) Class: 9046K(9088K)->9046K(9088K)
[15749.212s][info][gc             ] GC(34469) Pause Young (Allocation Failure) 432M->353M(434M) 3.278ms
[15749.212s][info][gc,cpu         ] GC(34469) User=0.00s Sys=0.00s Real=0.00s
[15749.654s][info][gc,start       ] GC(34470) Pause Young (Allocation Failure)
[15749.656s][info][gc,heap        ] GC(34470) PSYoungGen: 83648K(84480K)->832K(84480K) Eden: 81920K(81920K)->0K(81920K) From: 1728K(2560K)->832K(2560K)
[15749.656s][info][gc,heap        ] GC(34470) ParOldGen: 359928K(359936K)->359976K(360448K)
[15749.656s][info][gc,metaspace   ] GC(34470) Metaspace: 62469K(62720K)->62469K(62720K) NonClass: 53423K(53632K)->53423K(53632K) Class: 9046K(9088K)->9046K(9088K)
[15749.656s][info][gc             ] GC(34470) Pause Young (Allocation Failure) 433M->352M(434M) 2.523ms
[15749.656s][info][gc,cpu         ] GC(34470) User=0.00s Sys=0.01s Real=0.01s
[15750.067s][info][gc,start       ] GC(34471) Pause Young (Allocation Failure)
[15750.069s][info][gc,heap        ] GC(34471) PSYoungGen: 82752K(84480K)->1056K(84480K) Eden: 81920K(81920K)->0K(81920K) From: 832K(2560K)->1056K(2560K)
[15750.069s][info][gc,heap        ] GC(34471) ParOldGen: 359976K(360448K)->360032K(360448K)
[15750.069s][info][gc,metaspace   ] GC(34471) Metaspace: 62469K(62720K)->62469K(62720K) NonClass: 53423K(53632K)->53423K(53632K) Class: 9046K(9088K)->9046K(9088K)
[15750.069s][info][gc             ] GC(34471) Pause Young (Allocation Failure) 432M->352M(434M) 2.728ms
[15750.069s][info][gc,cpu         ] GC(34471) User=0.00s Sys=0.00s Real=0.00s
[15750.495s][info][gc,start       ] GC(34472) Pause Young (Allocation Failure)
[15750.498s][info][gc,heap        ] GC(34472) PSYoungGen: 82976K(84480K)->1440K(84480K) Eden: 81920K(81920K)->0K(81920K) From: 1056K(2560K)->1440K(2560K)
[15750.498s][info][gc,heap        ] GC(34472) ParOldGen: 360032K(360448K)->360080K(360448K)
[15750.498s][info][gc,metaspace   ] GC(34472) Metaspace: 62469K(62720K)->62469K(62720K) NonClass: 53423K(53632K)->53423K(53632K) Class: 9046K(9088K)->9046K(9088K)
[15750.498s][info][gc             ] GC(34472) Pause Young (Allocation Failure) 432M->353M(434M) 3.079ms
[15750.498s][info][gc,cpu         ] GC(34472) User=0.01s Sys=0.00s Real=0.01s
[15750.961s][info][gc,start       ] GC(34473) Pause Young (Allocation Failure)
[15750.964s][info][gc,heap        ] GC(34473) PSYoungGen: 83360K(84480K)->832K(84480K) Eden: 81920K(81920K)->0K(81920K) From: 1440K(2560K)->832K(2560K)
[15750.964s][info][gc,heap        ] GC(34473) ParOldGen: 360080K(360448K)->360136K(360448K)
[15750.964s][info][gc,metaspace   ] GC(34473) Metaspace: 62469K(62720K)->62469K(62720K) NonClass: 53423K(53632K)->53423K(53632K) Class: 9046K(9088K)->9046K(9088K)
[15750.964s][info][gc             ] GC(34473) Pause Young (Allocation Failure) 433M->352M(434M) 2.742ms
[15750.964s][info][gc,cpu         ] GC(34473) User=0.00s Sys=0.00s Real=0.00s
[15751.472s][info][gc,start       ] GC(34474) Pause Young (Allocation Failure)
[15751.474s][info][gc,heap        ] GC(34474) PSYoungGen: 82752K(84480K)->1120K(84992K) Eden: 81920K(81920K)->0K(82432K) From: 832K(2560K)->1120K(2560K)
[15751.474s][info][gc,heap        ] GC(34474) ParOldGen: 360136K(360448K)->360192K(360448K)
[15751.474s][info][gc,metaspace   ] GC(34474) Metaspace: 62469K(62720K)->62469K(62720K) NonClass: 53423K(53632K)->53423K(53632K) Class: 9046K(9088K)->9046K(9088K)
[15751.474s][info][gc             ] GC(34474) Pause Young (Allocation Failure) 432M->352M(435M) 2.719ms
[15751.474s][info][gc,cpu         ] GC(34474) User=0.01s Sys=0.00s Real=0.00s
[15751.939s][info][gc,start       ] GC(34475) Pause Young (Allocation Failure)
[15751.941s][info][gc,heap        ] GC(34475) PSYoungGen: 83552K(84992K)->576K(84480K) Eden: 82432K(82432K)->0K(82432K) From: 1120K(2560K)->576K(2048K)
[15751.941s][info][gc,heap        ] GC(34475) ParOldGen: 360192K(360448K)->360296K(360448K)
[15751.941s][info][gc,metaspace   ] GC(34475) Metaspace: 62469K(62720K)->62469K(62720K) NonClass: 53423K(53632K)->53423K(53632K) Class: 9046K(9088K)->9046K(9088K)
[15751.941s][info][gc             ] GC(34475) Pause Young (Allocation Failure) 433M->352M(434M) 2.368ms
[15751.941s][info][gc,cpu         ] GC(34475) User=0.01s Sys=0.00s Real=0.00s
[15752.376s][info][gc,start       ] GC(34476) Pause Young (Allocation Failure)
[15752.379s][info][gc,heap        ] GC(34476) PSYoungGen: 83008K(84480K)->2016K(82944K) Eden: 82432K(82432K)->0K(80896K) From: 576K(2048K)->2016K(2048K)
[15752.379s][info][gc,heap        ] GC(34476) ParOldGen: 360296K(360448K)->361512K(361984K)
[15752.379s][info][gc,metaspace   ] GC(34476) Metaspace: 62469K(62720K)->62469K(62720K) NonClass: 53423K(53632K)->53423K(53632K) Class: 9046K(9088K)->9046K(9088K)
[15752.379s][info][gc             ] GC(34476) Pause Young (Allocation Failure) 432M->355M(434M) 3.538ms
[15752.379s][info][gc,cpu         ] GC(34476) User=0.00s Sys=0.00s Real=0.01s
[15752.814s][info][gc,start       ] GC(34477) Pause Young (Allocation Failure)
[15752.818s][info][gc,heap        ] GC(34477) PSYoungGen: 82912K(82944K)->256K(83968K) Eden: 80896K(80896K)->0K(80896K) From: 2016K(2048K)->256K(3072K)
[15752.818s][info][gc,heap        ] GC(34477) ParOldGen: 361512K(361984K)->363608K(365056K)
[15752.818s][info][gc,metaspace   ] GC(34477) Metaspace: 62469K(62720K)->62469K(62720K) NonClass: 53423K(53632K)->53423K(53632K) Class: 9046K(9088K)->9046K(9088K)
[15752.818s][info][gc             ] GC(34477) Pause Young (Allocation Failure) 434M->355M(438M) 3.120ms
[15752.818s][info][gc,cpu         ] GC(34477) User=0.00s Sys=0.00s Real=0.01s
[15753.239s][info][gc,start       ] GC(34478) Pause Young (Allocation Failure)
[15753.242s][info][gc,heap        ] GC(34478) PSYoungGen: 81152K(83968K)->608K(83968K) Eden: 80896K(80896K)->0K(80896K) From: 256K(3072K)->608K(3072K)
[15753.242s][info][gc,heap        ] GC(34478) ParOldGen: 363608K(365056K)->363664K(365056K)
[15753.242s][info][gc,metaspace   ] GC(34478) Metaspace: 62469K(62720K)->62469K(62720K) NonClass: 53423K(53632K)->53423K(53632K) Class: 9046K(9088K)->9046K(9088K)
[15753.242s][info][gc             ] GC(34478) Pause Young (Allocation Failure) 434M->355M(438M) 2.339ms
[15753.242s][info][gc,cpu         ] GC(34478) User=0.01s Sys=0.00s Real=0.00s
[15753.658s][info][gc,start       ] GC(34479) Pause Young (Allocation Failure)
[15753.660s][info][gc,heap        ] GC(34479) PSYoungGen: 81504K(83968K)->928K(83968K) Eden: 80896K(80896K)->0K(80896K) From: 608K(3072K)->928K(3072K)
[15753.660s][info][gc,heap        ] GC(34479) ParOldGen: 363664K(365056K)->363720K(365056K)
[15753.660s][info][gc,metaspace   ] GC(34479) Metaspace: 62469K(62720K)->62469K(62720K) NonClass: 53423K(53632K)->53423K(53632K) Class: 9046K(9088K)->9046K(9088K)
[15753.660s][info][gc             ] GC(34479) Pause Young (Allocation Failure) 434M->356M(438M) 2.671ms
[15753.660s][info][gc,cpu         ] GC(34479) User=0.01s Sys=0.01s Real=0.00s
[15754.085s][info][gc,start       ] GC(34480) Pause Young (Allocation Failure)
[15754.088s][info][gc,heap        ] GC(34480) PSYoungGen: 81824K(83968K)->1376K(84480K) Eden: 80896K(80896K)->0K(81408K) From: 928K(3072K)->1376K(3072K)
[15754.088s][info][gc,heap        ] GC(34480) ParOldGen: 363720K(365056K)->363776K(365056K)
[15754.088s][info][gc,metaspace   ] GC(34480) Metaspace: 62469K(62720K)->62469K(62720K) NonClass: 53423K(53632K)->53423K(53632K) Class: 9046K(9088K)->9046K(9088K)
[15754.088s][info][gc             ] GC(34480) Pause Young (Allocation Failure) 435M->356M(439M) 2.919ms
[15754.088s][info][gc,cpu         ] GC(34480) User=0.00s Sys=0.00s Real=0.01s
[15754.496s][info][gc,start       ] GC(34481) Pause Young (Allocation Failure)
[15754.499s][info][gc,heap        ] GC(34481) PSYoungGen: 82784K(84480K)->1536K(83968K) Eden: 81408K(81408K)->0K(81408K) From: 1376K(3072K)->1536K(2560K)
[15754.499s][info][gc,heap        ] GC(34481) ParOldGen: 363776K(365056K)->363832K(365056K)
[15754.499s][info][gc,metaspace   ] GC(34481) Metaspace: 62469K(62720K)->62469K(62720K) NonClass: 53423K(53632K)->53423K(53632K) Class: 9046K(9088K)->9046K(9088K)
[15754.499s][info][gc             ] GC(34481) Pause Young (Allocation Failure) 436M->356M(438M) 3.098ms
[15754.499s][info][gc,cpu         ] GC(34481) User=0.00s Sys=0.00s Real=0.01s
[15754.915s][info][gc,start       ] GC(34482) Pause Young (Allocation Failure)
[15754.917s][info][gc,heap        ] GC(34482) PSYoungGen: 82944K(83968K)->256K(84480K) Eden: 81408K(81408K)->0K(81920K) From: 1536K(2560K)->256K(2560K)
[15754.917s][info][gc,heap        ] GC(34482) ParOldGen: 363832K(365056K)->363880K(365056K)
[15754.917s][info][gc,metaspace   ] GC(34482) Metaspace: 62469K(62720K)->62469K(62720K) NonClass: 53423K(53632K)->53423K(53632K) Class: 9046K(9088K)->9046K(9088K)
[15754.917s][info][gc             ] GC(34482) Pause Young (Allocation Failure) 436M->355M(439M) 2.095ms
[15754.917s][info][gc,cpu         ] GC(34482) User=0.01s Sys=0.00s Real=0.01s
[15755.354s][info][gc,start       ] GC(34483) Pause Young (Allocation Failure)
[15755.357s][info][gc,heap        ] GC(34483) PSYoungGen: 82176K(84480K)->800K(84480K) Eden: 81920K(81920K)->0K(81920K) From: 256K(2560K)->800K(2560K)
[15755.357s][info][gc,heap        ] GC(34483) ParOldGen: 363880K(365056K)->363936K(365056K)
[15755.357s][info][gc,metaspace   ] GC(34483) Metaspace: 62469K(62720K)->62469K(62720K) NonClass: 53423K(53632K)->53423K(53632K) Class: 9046K(9088K)->9046K(9088K)
[15755.357s][info][gc             ] GC(34483) Pause Young (Allocation Failure) 435M->356M(439M) 2.553ms
[15755.357s][info][gc,cpu         ] GC(34483) User=0.01s Sys=0.00s Real=0.01s
[15755.772s][info][gc,start       ] GC(34484) Pause Young (Allocation Failure)
[15755.775s][info][gc,heap        ] GC(34484) PSYoungGen: 82720K(84480K)->1088K(84480K) Eden: 81920K(81920K)->0K(81920K) From: 800K(2560K)->1088K(2560K)
[15755.775s][info][gc,heap        ] GC(34484) ParOldGen: 363936K(365056K)->363984K(365056K)
[15755.775s][info][gc,metaspace   ] GC(34484) Metaspace: 62469K(62720K)->62469K(62720K) NonClass: 53423K(53632K)->53423K(53632K) Class: 9046K(9088K)->9046K(9088K)
[15755.775s][info][gc             ] GC(34484) Pause Young (Allocation Failure) 436M->356M(439M) 2.746ms
[15755.775s][info][gc,cpu         ] GC(34484) User=0.01s Sys=0.00s Real=0.00s
[15756.245s][info][gc,start       ] GC(34485) Pause Young (Allocation Failure)
[15756.247s][info][gc,heap        ] GC(34485) PSYoungGen: 83008K(84480K)->736K(84480K) Eden: 81920K(81920K)->0K(81920K) From: 1088K(2560K)->736K(2560K)
[15756.247s][info][gc,heap        ] GC(34485) ParOldGen: 363984K(365056K)->364040K(365056K)
[15756.248s][info][gc,metaspace   ] GC(34485) Metaspace: 62469K(62720K)->62469K(62720K) NonClass: 53423K(53632K)->53423K(53632K) Class: 9046K(9088K)->9046K(9088K)
[15756.248s][info][gc             ] GC(34485) Pause Young (Allocation Failure) 436M->356M(439M) 2.483ms
[15756.248s][info][gc,cpu         ] GC(34485) User=0.01s Sys=0.00s Real=0.01s
[15756.641s][info][gc,start       ] GC(34486) Pause Young (Allocation Failure)
[15756.644s][info][gc,heap        ] GC(34486) PSYoungGen: 82656K(84480K)->672K(84480K) Eden: 81920K(81920K)->0K(81920K) From: 736K(2560K)->672K(2560K)
[15756.644s][info][gc,heap        ] GC(34486) ParOldGen: 364040K(365056K)->364096K(365056K)
[15756.644s][info][gc,metaspace   ] GC(34486) Metaspace: 62469K(62720K)->62469K(62720K) NonClass: 53423K(53632K)->53423K(53632K) Class: 9046K(9088K)->9046K(9088K)
[15756.644s][info][gc             ] GC(34486) Pause Young (Allocation Failure) 436M->356M(439M) 2.467ms
[15756.644s][info][gc,cpu         ] GC(34486) User=0.00s Sys=0.00s Real=0.00s
[15757.031s][info][gc,start       ] GC(34487) Pause Young (Allocation Failure)
[15757.033s][info][gc,heap        ] GC(34487) PSYoungGen: 82592K(84480K)->2528K(84480K) Eden: 81920K(81920K)->0K(81920K) From: 672K(2560K)->2528K(2560K)
[15757.033s][info][gc,heap        ] GC(34487) ParOldGen: 364096K(365056K)->364168K(365056K)
[15757.033s][info][gc,metaspace   ] GC(34487) Metaspace: 62469K(62720K)->62469K(62720K) NonClass: 53423K(53632K)->53423K(53632K) Class: 9046K(9088K)->9046K(9088K)
[15757.033s][info][gc             ] GC(34487) Pause Young (Allocation Failure) 436M->358M(439M) 2.602ms
[15757.033s][info][gc,cpu         ] GC(34487) User=0.01s Sys=0.00s Real=0.00s
[15757.475s][info][gc,start       ] GC(34488) Pause Young (Allocation Failure)
[15757.479s][info][gc,heap        ] GC(34488) PSYoungGen: 84448K(84480K)->1152K(84480K) Eden: 81920K(81920K)->0K(81920K) From: 2528K(2560K)->1152K(2560K)
[15757.479s][info][gc,heap        ] GC(34488) ParOldGen: 364168K(365056K)->366264K(366592K)
[15757.479s][info][gc,metaspace   ] GC(34488) Metaspace: 62469K(62720K)->62469K(62720K) NonClass: 53423K(53632K)->53423K(53632K) Class: 9046K(9088K)->9046K(9088K)
[15757.479s][info][gc             ] GC(34488) Pause Young (Allocation Failure) 438M->358M(440M) 3.873ms
[15757.479s][info][gc,cpu         ] GC(34488) User=0.01s Sys=0.00s Real=0.01s
[15757.875s][info][gc,start       ] GC(34489) Pause Young (Allocation Failure)
[15757.878s][info][gc,heap        ] GC(34489) PSYoungGen: 83072K(84480K)->1280K(84480K) Eden: 81920K(81920K)->0K(81920K) From: 1152K(2560K)->1280K(2560K)
[15757.878s][info][gc,heap        ] GC(34489) ParOldGen: 366264K(366592K)->366320K(366592K)
[15757.878s][info][gc,metaspace   ] GC(34489) Metaspace: 62469K(62720K)->62469K(62720K) NonClass: 53423K(53632K)->53423K(53632K) Class: 9046K(9088K)->9046K(9088K)
[15757.878s][info][gc             ] GC(34489) Pause Young (Allocation Failure) 438M->358M(440M) 2.898ms
[15757.878s][info][gc,cpu         ] GC(34489) User=0.00s Sys=0.00s Real=0.01s
[15758.287s][info][gc,start       ] GC(34490) Pause Young (Allocation Failure)
[15758.290s][info][gc,heap        ] GC(34490) PSYoungGen: 83200K(84480K)->1440K(84480K) Eden: 81920K(81920K)->0K(81920K) From: 1280K(2560K)->1440K(2560K)
[15758.290s][info][gc,heap        ] GC(34490) ParOldGen: 366320K(366592K)->366376K(366592K)
[15758.290s][info][gc,metaspace   ] GC(34490) Metaspace: 62469K(62720K)->62469K(62720K) NonClass: 53423K(53632K)->53423K(53632K) Class: 9046K(9088K)->9046K(9088K)
[15758.290s][info][gc             ] GC(34490) Pause Young (Allocation Failure) 438M->359M(440M) 3.072ms
[15758.290s][info][gc,cpu         ] GC(34490) User=0.01s Sys=0.00s Real=0.00s
[15758.771s][info][gc,start       ] GC(34491) Pause Young (Allocation Failure)
[15758.774s][info][gc,heap        ] GC(34491) PSYoungGen: 83360K(84480K)->1152K(84480K) Eden: 81920K(81920K)->0K(81920K) From: 1440K(2560K)->1152K(2560K)
[15758.774s][info][gc,heap        ] GC(34491) ParOldGen: 366376K(366592K)->366424K(366592K)
[15758.774s][info][gc,metaspace   ] GC(34491) Metaspace: 62469K(62720K)->62469K(62720K) NonClass: 53423K(53632K)->53423K(53632K) Class: 9046K(9088K)->9046K(9088K)
[15758.774s][info][gc             ] GC(34491) Pause Young (Allocation Failure) 439M->358M(440M) 2.752ms
[15758.774s][info][gc,cpu         ] GC(34491) User=0.00s Sys=0.00s Real=0.00s
[15759.202s][info][gc,start       ] GC(34492) Pause Young (Allocation Failure)
[15759.206s][info][gc,heap        ] GC(34492) PSYoungGen: 83072K(84480K)->1536K(84480K) Eden: 81920K(81920K)->0K(81920K) From: 1152K(2560K)->1536K(2560K)
[15759.206s][info][gc,heap        ] GC(34492) ParOldGen: 366424K(366592K)->366528K(366592K)
[15759.206s][info][gc,metaspace   ] GC(34492) Metaspace: 62469K(62720K)->62469K(62720K) NonClass: 53423K(53632K)->53423K(53632K) Class: 9046K(9088K)->9046K(9088K)
[15759.206s][info][gc             ] GC(34492) Pause Young (Allocation Failure) 438M->359M(440M) 3.129ms
[15759.206s][info][gc,cpu         ] GC(34492) User=0.00s Sys=0.00s Real=0.00s
[15759.611s][info][gc,start       ] GC(34493) Pause Young (Allocation Failure)
[15759.613s][info][gc,heap        ] GC(34493) PSYoungGen: 83456K(84480K)->224K(84480K) Eden: 81920K(81920K)->0K(81920K) From: 1536K(2560K)->224K(2560K)
[15759.613s][info][gc,heap        ] GC(34493) ParOldGen: 366528K(366592K)->366584K(366592K)
[15759.613s][info][gc,metaspace   ] GC(34493) Metaspace: 62469K(62720K)->62469K(62720K) NonClass: 53423K(53632K)->53423K(53632K) Class: 9046K(9088K)->9046K(9088K)
[15759.613s][info][gc             ] GC(34493) Pause Young (Allocation Failure) 439M->358M(440M) 2.013ms
[15759.614s][info][gc,cpu         ] GC(34493) User=0.01s Sys=0.00s Real=0.00s
[15760.042s][info][gc,start       ] GC(34494) Pause Young (Allocation Failure)
[15760.044s][info][gc,heap        ] GC(34494) PSYoungGen: 82144K(84480K)->640K(84480K) Eden: 81920K(81920K)->0K(81920K) From: 224K(2560K)->640K(2560K)
[15760.044s][info][gc,heap        ] GC(34494) ParOldGen: 366584K(366592K)->366640K(367104K)
[15760.044s][info][gc,metaspace   ] GC(34494) Metaspace: 62469K(62720K)->62469K(62720K) NonClass: 53423K(53632K)->53423K(53632K) Class: 9046K(9088K)->9046K(9088K)
[15760.044s][info][gc             ] GC(34494) Pause Young (Allocation Failure) 438M->358M(441M) 2.421ms
[15760.044s][info][gc,cpu         ] GC(34494) User=0.01s Sys=0.00s Real=0.00s
[15760.474s][info][gc,start       ] GC(34495) Pause Young (Allocation Failure)
[15760.476s][info][gc,heap        ] GC(34495) PSYoungGen: 82560K(84480K)->1088K(84480K) Eden: 81920K(81920K)->0K(81920K) From: 640K(2560K)->1088K(2560K)
[15760.476s][info][gc,heap        ] GC(34495) ParOldGen: 366640K(367104K)->366696K(367104K)
[15760.476s][info][gc,metaspace   ] GC(34495) Metaspace: 62469K(62720K)->62469K(62720K) NonClass: 53423K(53632K)->53423K(53632K) Class: 9046K(9088K)->9046K(9088K)
[15760.476s][info][gc             ] GC(34495) Pause Young (Allocation Failure) 438M->359M(441M) 2.748ms
[15760.476s][info][gc,cpu         ] GC(34495) User=0.01s Sys=0.00s Real=0.01s
[15760.914s][info][gc,start       ] GC(34496) Pause Young (Allocation Failure)
[15760.915s][info][gc,heap        ] GC(34496) PSYoungGen: 83008K(84480K)->256K(84480K) Eden: 81920K(81920K)->0K(81920K) From: 1088K(2560K)->256K(2560K)
[15760.916s][info][gc,heap        ] GC(34496) ParOldGen: 366696K(367104K)->366752K(367104K)
[15760.916s][info][gc,metaspace   ] GC(34496) Metaspace: 62469K(62720K)->62469K(62720K) NonClass: 53423K(53632K)->53423K(53632K) Class: 9046K(9088K)->9046K(9088K)
[15760.916s][info][gc             ] GC(34496) Pause Young (Allocation Failure) 439M->358M(441M) 2.015ms
[15760.916s][info][gc,cpu         ] GC(34496) User=0.00s Sys=0.00s Real=0.00s
[15761.371s][info][gc,start       ] GC(34497) Pause Young (Allocation Failure)
[15761.373s][info][gc,heap        ] GC(34497) PSYoungGen: 82176K(84480K)->1152K(84480K) Eden: 81920K(81920K)->0K(81920K) From: 256K(2560K)->1152K(2560K)
[15761.373s][info][gc,heap        ] GC(34497) ParOldGen: 366752K(367104K)->366816K(367104K)
[15761.373s][info][gc,metaspace   ] GC(34497) Metaspace: 62469K(62720K)->62469K(62720K) NonClass: 53423K(53632K)->53423K(53632K) Class: 9046K(9088K)->9046K(9088K)
[15761.373s][info][gc             ] GC(34497) Pause Young (Allocation Failure) 438M->359M(441M) 2.819ms
[15761.373s][info][gc,cpu         ] GC(34497) User=0.00s Sys=0.00s Real=0.00s
[15761.792s][info][gc,start       ] GC(34498) Pause Young (Allocation Failure)
[15761.796s][info][gc,heap        ] GC(34498) PSYoungGen: 83072K(84480K)->2528K(82432K) Eden: 81920K(81920K)->0K(79872K) From: 1152K(2560K)->2528K(2560K)
[15761.796s][info][gc,heap        ] GC(34498) ParOldGen: 366816K(367104K)->368768K(369664K)
[15761.796s][info][gc,metaspace   ] GC(34498) Metaspace: 62469K(62720K)->62469K(62720K) NonClass: 53423K(53632K)->53423K(53632K) Class: 9046K(9088K)->9046K(9088K)
[15761.796s][info][gc             ] GC(34498) Pause Young (Allocation Failure) 439M->362M(441M) 4.333ms
[15761.796s][info][gc,cpu         ] GC(34498) User=0.01s Sys=0.00s Real=0.01s
[15762.221s][info][gc,start       ] GC(34499) Pause Young (Allocation Failure)
[15762.225s][info][gc,heap        ] GC(34499) PSYoungGen: 82400K(82432K)->352K(83456K) Eden: 79872K(79872K)->0K(79872K) From: 2528K(2560K)->352K(3584K)
[15762.225s][info][gc,heap        ] GC(34499) ParOldGen: 368768K(369664K)->370864K(371200K)
[15762.225s][info][gc,metaspace   ] GC(34499) Metaspace: 62469K(62720K)->62469K(62720K) NonClass: 53423K(53632K)->53423K(53632K) Class: 9046K(9088K)->9046K(9088K)
[15762.225s][info][gc             ] GC(34499) Pause Young (Allocation Failure) 440M->362M(444M) 3.184ms
[15762.225s][info][gc,cpu         ] GC(34499) User=0.01s Sys=0.00s Real=0.00s
[15762.626s][info][gc,start       ] GC(34500) Pause Young (Allocation Failure)
[15762.628s][info][gc,heap        ] GC(34500) PSYoungGen: 80224K(83456K)->416K(83456K) Eden: 79872K(79872K)->0K(79872K) From: 352K(3584K)->416K(3584K)
[15762.628s][info][gc,heap        ] GC(34500) ParOldGen: 370864K(371200K)->370928K(371200K)
[15762.628s][info][gc,metaspace   ] GC(34500) Metaspace: 62469K(62720K)->62469K(62720K) NonClass: 53423K(53632K)->53423K(53632K) Class: 9046K(9088K)->9046K(9088K)
[15762.628s][info][gc             ] GC(34500) Pause Young (Allocation Failure) 440M->362M(444M) 2.228ms
[15762.628s][info][gc,cpu         ] GC(34500) User=0.00s Sys=0.00s Real=0.01s
[15763.049s][info][gc,start       ] GC(34501) Pause Young (Allocation Failure)
[15763.052s][info][gc,heap        ] GC(34501) PSYoungGen: 80288K(83456K)->768K(83456K) Eden: 79872K(79872K)->0K(79872K) From: 416K(3584K)->768K(3584K)
[15763.052s][info][gc,heap        ] GC(34501) ParOldGen: 370928K(371200K)->370984K(371200K)
[15763.052s][info][gc,metaspace   ] GC(34501) Metaspace: 62469K(62720K)->62469K(62720K) NonClass: 53423K(53632K)->53423K(53632K) Class: 9046K(9088K)->9046K(9088K)
[15763.052s][info][gc             ] GC(34501) Pause Young (Allocation Failure) 440M->363M(444M) 2.535ms
[15763.052s][info][gc,cpu         ] GC(34501) User=0.00s Sys=0.00s Real=0.00s
[15763.491s][info][gc,start       ] GC(34502) Pause Young (Allocation Failure)
[15763.494s][info][gc,heap        ] GC(34502) PSYoungGen: 80640K(83456K)->1280K(83968K) Eden: 79872K(79872K)->0K(80384K) From: 768K(3584K)->1280K(3584K)
[15763.494s][info][gc,heap        ] GC(34502) ParOldGen: 370984K(371200K)->371048K(371200K)
[15763.494s][info][gc,metaspace   ] GC(34502) Metaspace: 62469K(62720K)->62469K(62720K) NonClass: 53423K(53632K)->53423K(53632K) Class: 9046K(9088K)->9046K(9088K)
[15763.494s][info][gc             ] GC(34502) Pause Young (Allocation Failure) 441M->363M(444M) 2.907ms
[15763.494s][info][gc,cpu         ] GC(34502) User=0.00s Sys=0.00s Real=0.00s
[15763.912s][info][gc,start       ] GC(34503) Pause Young (Allocation Failure)
[15763.914s][info][gc,heap        ] GC(34503) PSYoungGen: 81664K(83968K)->224K(83456K) Eden: 80384K(80384K)->0K(80384K) From: 1280K(3584K)->224K(3072K)
[15763.914s][info][gc,heap        ] GC(34503) ParOldGen: 371048K(371200K)->371104K(371200K)
[15763.914s][info][gc,metaspace   ] GC(34503) Metaspace: 62469K(62720K)->62469K(62720K) NonClass: 53423K(53632K)->53423K(53632K) Class: 9046K(9088K)->9046K(9088K)
[15763.914s][info][gc             ] GC(34503) Pause Young (Allocation Failure) 442M->362M(444M) 1.988ms
[15763.914s][info][gc,cpu         ] GC(34503) User=0.00s Sys=0.00s Real=0.00s
[15764.342s][info][gc,start       ] GC(34504) Pause Young (Allocation Failure)
[15764.344s][info][gc,heap        ] GC(34504) PSYoungGen: 80608K(83456K)->640K(83968K) Eden: 80384K(80384K)->0K(80896K) From: 224K(3072K)->640K(3072K)
[15764.344s][info][gc,heap        ] GC(34504) ParOldGen: 371104K(371200K)->371160K(371200K)
[15764.344s][info][gc,metaspace   ] GC(34504) Metaspace: 62469K(62720K)->62469K(62720K) NonClass: 53423K(53632K)->53423K(53632K) Class: 9046K(9088K)->9046K(9088K)
[15764.344s][info][gc             ] GC(34504) Pause Young (Allocation Failure) 441M->363M(444M) 2.377ms
[15764.344s][info][gc,cpu         ] GC(34504) User=0.00s Sys=0.00s Real=0.00s
[15764.815s][info][gc,start       ] GC(34505) Pause Young (Allocation Failure)
[15764.817s][info][gc,heap        ] GC(34505) PSYoungGen: 81536K(83968K)->288K(83968K) Eden: 80896K(80896K)->0K(80896K) From: 640K(3072K)->288K(3072K)
[15764.817s][info][gc,heap        ] GC(34505) ParOldGen: 371160K(371200K)->371216K(371712K)
[15764.817s][info][gc,metaspace   ] GC(34505) Metaspace: 62469K(62720K)->62469K(62720K) NonClass: 53423K(53632K)->53423K(53632K) Class: 9046K(9088K)->9046K(9088K)
[15764.817s][info][gc             ] GC(34505) Pause Young (Allocation Failure) 442M->362M(445M) 2.160ms
[15764.817s][info][gc,cpu         ] GC(34505) User=0.01s Sys=0.00s Real=0.01s
[15765.244s][info][gc,start       ] GC(34506) Pause Young (Allocation Failure)
[15765.246s][info][gc,heap        ] GC(34506) PSYoungGen: 81184K(83968K)->640K(83968K) Eden: 80896K(80896K)->0K(80896K) From: 288K(3072K)->640K(3072K)
[15765.246s][info][gc,heap        ] GC(34506) ParOldGen: 371216K(371712K)->371272K(371712K)
[15765.246s][info][gc,metaspace   ] GC(34506) Metaspace: 62469K(62720K)->62469K(62720K) NonClass: 53423K(53632K)->53423K(53632K) Class: 9046K(9088K)->9046K(9088K)
[15765.246s][info][gc             ] GC(34506) Pause Young (Allocation Failure) 441M->363M(445M) 2.337ms
[15765.246s][info][gc,cpu         ] GC(34506) User=0.00s Sys=0.01s Real=0.01s
[15765.653s][info][gc,start       ] GC(34507) Pause Young (Allocation Failure)
[15765.656s][info][gc,heap        ] GC(34507) PSYoungGen: 81536K(83968K)->928K(83968K) Eden: 80896K(80896K)->0K(80896K) From: 640K(3072K)->928K(3072K)
[15765.656s][info][gc,heap        ] GC(34507) ParOldGen: 371272K(371712K)->371328K(371712K)
[15765.656s][info][gc,metaspace   ] GC(34507) Metaspace: 62469K(62720K)->62469K(62720K) NonClass: 53423K(53632K)->53423K(53632K) Class: 9046K(9088K)->9046K(9088K)
[15765.656s][info][gc             ] GC(34507) Pause Young (Allocation Failure) 442M->363M(445M) 2.673ms
[15765.656s][info][gc,cpu         ] GC(34507) User=0.00s Sys=0.00s Real=0.00s
[15766.122s][info][gc,start       ] GC(34508) Pause Young (Allocation Failure)
[15766.124s][info][gc,heap        ] GC(34508) PSYoungGen: 81824K(83968K)->416K(84480K) Eden: 80896K(80896K)->0K(81920K) From: 928K(3072K)->416K(2560K)
[15766.124s][info][gc,heap        ] GC(34508) ParOldGen: 371328K(371712K)->371384K(371712K)
[15766.124s][info][gc,metaspace   ] GC(34508) Metaspace: 62469K(62720K)->62469K(62720K) NonClass: 53423K(53632K)->53423K(53632K) Class: 9046K(9088K)->9046K(9088K)
[15766.124s][info][gc             ] GC(34508) Pause Young (Allocation Failure) 442M->363M(445M) 2.171ms
[15766.124s][info][gc,cpu         ] GC(34508) User=0.01s Sys=0.00s Real=0.00s
[15766.592s][info][gc,start       ] GC(34509) Pause Young (Allocation Failure)
[15766.594s][info][gc,heap        ] GC(34509) PSYoungGen: 82336K(84480K)->1152K(84480K) Eden: 81920K(81920K)->0K(81920K) From: 416K(2560K)->1152K(2560K)
[15766.594s][info][gc,heap        ] GC(34509) ParOldGen: 371384K(371712K)->371488K(371712K)
[15766.594s][info][gc,metaspace   ] GC(34509) Metaspace: 62469K(62720K)->62469K(62720K) NonClass: 53423K(53632K)->53423K(53632K) Class: 9046K(9088K)->9046K(9088K)
[15766.594s][info][gc             ] GC(34509) Pause Young (Allocation Failure) 443M->363M(445M) 2.913ms
[15766.594s][info][gc,cpu         ] GC(34509) User=0.01s Sys=0.00s Real=0.00s
[15767.082s][info][gc,start       ] GC(34510) Pause Young (Allocation Failure)
[15767.085s][info][gc,heap        ] GC(34510) PSYoungGen: 83072K(84480K)->1216K(84480K) Eden: 81920K(81920K)->0K(81920K) From: 1152K(2560K)->1216K(2560K)
[15767.085s][info][gc,heap        ] GC(34510) ParOldGen: 371488K(371712K)->371544K(371712K)
[15767.085s][info][gc,metaspace   ] GC(34510) Metaspace: 62469K(62720K)->62469K(62720K) NonClass: 53423K(53632K)->53423K(53632K) Class: 9046K(9088K)->9046K(9088K)
[15767.085s][info][gc             ] GC(34510) Pause Young (Allocation Failure) 443M->364M(445M) 2.859ms
[15767.085s][info][gc,cpu         ] GC(34510) User=0.00s Sys=0.00s Real=0.00s
[15767.546s][info][gc,start       ] GC(34511) Pause Young (Allocation Failure)
[15767.549s][info][gc,heap        ] GC(34511) PSYoungGen: 83136K(84480K)->736K(84480K) Eden: 81920K(81920K)->0K(81920K) From: 1216K(2560K)->736K(2560K)
[15767.549s][info][gc,heap        ] GC(34511) ParOldGen: 371544K(371712K)->371600K(371712K)
[15767.549s][info][gc,metaspace   ] GC(34511) Metaspace: 62469K(62720K)->62469K(62720K) NonClass: 53423K(53632K)->53423K(53632K) Class: 9046K(9088K)->9046K(9088K)
[15767.549s][info][gc             ] GC(34511) Pause Young (Allocation Failure) 444M->363M(445M) 2.449ms
[15767.549s][info][gc,cpu         ] GC(34511) User=0.01s Sys=0.00s Real=0.00s
[15768.020s][info][gc,start       ] GC(34512) Pause Young (Allocation Failure)
[15768.023s][info][gc,heap        ] GC(34512) PSYoungGen: 82656K(84480K)->320K(84480K) Eden: 81920K(81920K)->0K(81920K) From: 736K(2560K)->320K(2560K)
[15768.023s][info][gc,heap        ] GC(34512) ParOldGen: 371600K(371712K)->371656K(371712K)
[15768.023s][info][gc,metaspace   ] GC(34512) Metaspace: 62469K(62720K)->62469K(62720K) NonClass: 53423K(53632K)->53423K(53632K) Class: 9046K(9088K)->9046K(9088K)
[15768.023s][info][gc             ] GC(34512) Pause Young (Allocation Failure) 443M->363M(445M) 2.197ms
[15768.023s][info][gc,cpu         ] GC(34512) User=0.01s Sys=0.00s Real=0.00s
[15768.442s][info][gc,start       ] GC(34513) Pause Young (Allocation Failure)
[15768.445s][info][gc,heap        ] GC(34513) PSYoungGen: 82240K(84480K)->672K(84480K) Eden: 81920K(81920K)->0K(81920K) From: 320K(2560K)->672K(2560K)
[15768.445s][info][gc,heap        ] GC(34513) ParOldGen: 371656K(371712K)->371712K(372224K)
[15768.445s][info][gc,metaspace   ] GC(34513) Metaspace: 62469K(62720K)->62469K(62720K) NonClass: 53423K(53632K)->53423K(53632K) Class: 9046K(9088K)->9046K(9088K)
[15768.445s][info][gc             ] GC(34513) Pause Young (Allocation Failure) 443M->363M(446M) 2.522ms
[15768.445s][info][gc,cpu         ] GC(34513) User=0.00s Sys=0.01s Real=0.00s
[15768.919s][info][gc,start       ] GC(34514) Pause Young (Allocation Failure)
[15768.921s][info][gc,heap        ] GC(34514) PSYoungGen: 82592K(84480K)->320K(84992K) Eden: 81920K(81920K)->0K(82432K) From: 672K(2560K)->320K(2560K)
[15768.921s][info][gc,heap        ] GC(34514) ParOldGen: 371712K(372224K)->371768K(372224K)
[15768.921s][info][gc,metaspace   ] GC(34514) Metaspace: 62469K(62720K)->62469K(62720K) NonClass: 53423K(53632K)->53423K(53632K) Class: 9046K(9088K)->9046K(9088K)
[15768.921s][info][gc             ] GC(34514) Pause Young (Allocation Failure) 443M->363M(446M) 2.202ms
[15768.921s][info][gc,cpu         ] GC(34514) User=0.00s Sys=0.00s Real=0.00s
[15769.402s][info][gc,start       ] GC(34515) Pause Young (Allocation Failure)
[15769.405s][info][gc,heap        ] GC(34515) PSYoungGen: 82752K(84992K)->1504K(84480K) Eden: 82432K(82432K)->0K(82432K) From: 320K(2560K)->1504K(2048K)
[15769.405s][info][gc,heap        ] GC(34515) ParOldGen: 371768K(372224K)->371824K(372224K)
[15769.405s][info][gc,metaspace   ] GC(34515) Metaspace: 62469K(62720K)->62469K(62720K) NonClass: 53423K(53632K)->53423K(53632K) Class: 9046K(9088K)->9046K(9088K)
[15769.405s][info][gc             ] GC(34515) Pause Young (Allocation Failure) 443M->364M(446M) 3.248ms
[15769.405s][info][gc,cpu         ] GC(34515) User=0.01s Sys=0.00s Real=0.00s
[15769.879s][info][gc,start       ] GC(34516) Pause Young (Allocation Failure)
[15769.881s][info][gc,heap        ] GC(34516) PSYoungGen: 83936K(84480K)->1088K(84480K) Eden: 82432K(82432K)->0K(81920K) From: 1504K(2048K)->1088K(2560K)
[15769.881s][info][gc,heap        ] GC(34516) ParOldGen: 371824K(372224K)->371880K(372224K)
[15769.881s][info][gc,metaspace   ] GC(34516) Metaspace: 62469K(62720K)->62469K(62720K) NonClass: 53423K(53632K)->53423K(53632K) Class: 9046K(9088K)->9046K(9088K)
[15769.881s][info][gc             ] GC(34516) Pause Young (Allocation Failure) 445M->364M(446M) 2.652ms
[15769.881s][info][gc,cpu         ] GC(34516) User=0.01s Sys=0.00s Real=0.00s
[15770.364s][info][gc,start       ] GC(34517) Pause Young (Allocation Failure)
[15770.367s][info][gc,heap        ] GC(34517) PSYoungGen: 83008K(84480K)->896K(84480K) Eden: 81920K(81920K)->0K(81920K) From: 1088K(2560K)->896K(2560K)
[15770.367s][info][gc,heap        ] GC(34517) ParOldGen: 371880K(372224K)->371928K(372224K)
[15770.367s][info][gc,metaspace   ] GC(34517) Metaspace: 62469K(62720K)->62469K(62720K) NonClass: 53423K(53632K)->53423K(53632K) Class: 9046K(9088K)->9046K(9088K)
[15770.367s][info][gc             ] GC(34517) Pause Young (Allocation Failure) 444M->364M(446M) 2.573ms
[15770.367s][info][gc,cpu         ] GC(34517) User=0.00s Sys=0.00s Real=0.01s
[15770.852s][info][gc,start       ] GC(34518) Pause Young (Allocation Failure)
[15770.854s][info][gc,heap        ] GC(34518) PSYoungGen: 82816K(84480K)->704K(84992K) Eden: 81920K(81920K)->0K(82944K) From: 896K(2560K)->704K(2048K)
[15770.854s][info][gc,heap        ] GC(34518) ParOldGen: 371928K(372224K)->371984K(372224K)
[15770.854s][info][gc,metaspace   ] GC(34518) Metaspace: 62469K(62720K)->62469K(62720K) NonClass: 53423K(53632K)->53423K(53632K) Class: 9046K(9088K)->9046K(9088K)
[15770.854s][info][gc             ] GC(34518) Pause Young (Allocation Failure) 444M->363M(446M) 2.453ms
[15770.854s][info][gc,cpu         ] GC(34518) User=0.00s Sys=0.00s Real=0.00s
[15771.314s][info][gc,start       ] GC(34519) Pause Young (Allocation Failure)
[15771.317s][info][gc,heap        ] GC(34519) PSYoungGen: 83648K(84992K)->1280K(84992K) Eden: 82944K(82944K)->0K(82944K) From: 704K(2048K)->1280K(2048K)
[15771.317s][info][gc,heap        ] GC(34519) ParOldGen: 371984K(372224K)->373064K(373760K)
[15771.317s][info][gc,metaspace   ] GC(34519) Metaspace: 62469K(62720K)->62469K(62720K) NonClass: 53423K(53632K)->53423K(53632K) Class: 9046K(9088K)->9046K(9088K)
[15771.317s][info][gc             ] GC(34519) Pause Young (Allocation Failure) 444M->365M(448M) 2.712ms
[15771.317s][info][gc,cpu         ] GC(34519) User=0.01s Sys=0.00s Real=0.01s
[15771.781s][info][gc,start       ] GC(34520) Pause Young (Allocation Failure)
[15771.784s][info][gc,heap        ] GC(34520) PSYoungGen: 84224K(84992K)->1152K(84992K) Eden: 82944K(82944K)->0K(82944K) From: 1280K(2048K)->1152K(2048K)
[15771.785s][info][gc,heap        ] GC(34520) ParOldGen: 373064K(373760K)->375168K(375296K)
[15771.785s][info][gc,metaspace   ] GC(34520) Metaspace: 62469K(62720K)->62469K(62720K) NonClass: 53423K(53632K)->53423K(53632K) Class: 9046K(9088K)->9046K(9088K)
[15771.785s][info][gc             ] GC(34520) Pause Young (Allocation Failure) 446M->367M(449M) 3.934ms
[15771.785s][info][gc,cpu         ] GC(34520) User=0.01s Sys=0.00s Real=0.00s
[15772.201s][info][gc,start       ] GC(34521) Pause Young (Allocation Failure)
[15772.205s][info][gc,heap        ] GC(34521) PSYoungGen: 84096K(84992K)->1664K(84992K) Eden: 82944K(82944K)->0K(82944K) From: 1152K(2048K)->1664K(2048K)
[15772.205s][info][gc,heap        ] GC(34521) ParOldGen: 375168K(375296K)->375216K(375296K)
[15772.205s][info][gc,metaspace   ] GC(34521) Metaspace: 62469K(62720K)->62469K(62720K) NonClass: 53423K(53632K)->53423K(53632K) Class: 9046K(9088K)->9046K(9088K)
[15772.205s][info][gc             ] GC(34521) Pause Young (Allocation Failure) 448M->368M(449M) 3.250ms
[15772.205s][info][gc,cpu         ] GC(34521) User=0.01s Sys=0.00s Real=0.00s
[15772.625s][info][gc,start       ] GC(34522) Pause Young (Allocation Failure)
[15772.627s][info][gc,heap        ] GC(34522) PSYoungGen: 84608K(84992K)->416K(83968K) Eden: 82944K(82944K)->0K(81920K) From: 1664K(2048K)->416K(2048K)
[15772.627s][info][gc,heap        ] GC(34522) ParOldGen: 375216K(375296K)->375264K(375296K)
[15772.628s][info][gc,metaspace   ] GC(34522) Metaspace: 62469K(62720K)->62469K(62720K) NonClass: 53423K(53632K)->53423K(53632K) Class: 9046K(9088K)->9046K(9088K)
[15772.628s][info][gc             ] GC(34522) Pause Young (Allocation Failure) 449M->366M(448M) 2.206ms
[15772.628s][info][gc,cpu         ] GC(34522) User=0.00s Sys=0.00s Real=0.01s
[15773.056s][info][gc,start       ] GC(34523) Pause Young (Allocation Failure)
[15773.059s][info][gc,heap        ] GC(34523) PSYoungGen: 82336K(83968K)->864K(84480K) Eden: 81920K(81920K)->0K(81920K) From: 416K(2048K)->864K(2560K)
[15773.059s][info][gc,heap        ] GC(34523) ParOldGen: 375264K(375296K)->375320K(375808K)
[15773.059s][info][gc,metaspace   ] GC(34523) Metaspace: 62469K(62720K)->62469K(62720K) NonClass: 53423K(53632K)->53423K(53632K) Class: 9046K(9088K)->9046K(9088K)
[15773.059s][info][gc             ] GC(34523) Pause Young (Allocation Failure) 446M->367M(449M) 2.664ms
[15773.059s][info][gc,cpu         ] GC(34523) User=0.00s Sys=0.00s Real=0.00s
[15773.482s][info][gc,start       ] GC(34524) Pause Young (Allocation Failure)
[15773.485s][info][gc,heap        ] GC(34524) PSYoungGen: 82784K(84480K)->1248K(84992K) Eden: 81920K(81920K)->0K(82944K) From: 864K(2560K)->1248K(2048K)
[15773.485s][info][gc,heap        ] GC(34524) ParOldGen: 375320K(375808K)->375384K(375808K)
[15773.485s][info][gc,metaspace   ] GC(34524) Metaspace: 62469K(62720K)->62469K(62720K) NonClass: 53423K(53632K)->53423K(53632K) Class: 9046K(9088K)->9046K(9088K)
[15773.485s][info][gc             ] GC(34524) Pause Young (Allocation Failure) 447M->367M(450M) 2.836ms
[15773.485s][info][gc,cpu         ] GC(34524) User=0.00s Sys=0.00s Real=0.00s
[15773.942s][info][gc,start       ] GC(34525) Pause Young (Allocation Failure)
[15773.945s][info][gc,heap        ] GC(34525) PSYoungGen: 84192K(84992K)->848K(84992K) Eden: 82944K(82944K)->0K(82944K) From: 1248K(2048K)->848K(2048K)
[15773.945s][info][gc,heap        ] GC(34525) ParOldGen: 375384K(375808K)->375440K(375808K)
[15773.945s][info][gc,metaspace   ] GC(34525) Metaspace: 62469K(62720K)->62469K(62720K) NonClass: 53423K(53632K)->53423K(53632K) Class: 9046K(9088K)->9046K(9088K)
[15773.945s][info][gc             ] GC(34525) Pause Young (Allocation Failure) 448M->367M(450M) 2.469ms
[15773.945s][info][gc,cpu         ] GC(34525) User=0.01s Sys=0.00s Real=0.00s
[15774.367s][info][gc,start       ] GC(34526) Pause Young (Allocation Failure)
[15774.370s][info][gc,heap        ] GC(34526) PSYoungGen: 83792K(84992K)->1120K(84992K) Eden: 82944K(82944K)->0K(82944K) From: 848K(2048K)->1120K(2048K)
[15774.370s][info][gc,heap        ] GC(34526) ParOldGen: 375440K(375808K)->375640K(375808K)
[15774.370s][info][gc,metaspace   ] GC(34526) Metaspace: 62469K(62720K)->62469K(62720K) NonClass: 53423K(53632K)->53423K(53632K) Class: 9046K(9088K)->9046K(9088K)
[15774.370s][info][gc             ] GC(34526) Pause Young (Allocation Failure) 448M->367M(450M) 2.852ms
[15774.370s][info][gc,cpu         ] GC(34526) User=0.00s Sys=0.00s Real=0.00s
[15774.809s][info][gc,start       ] GC(34527) Pause Young (Allocation Failure)
[15774.812s][info][gc,heap        ] GC(34527) PSYoungGen: 84064K(84992K)->1600K(84992K) Eden: 82944K(82944K)->0K(82944K) From: 1120K(2048K)->1600K(2048K)
[15774.813s][info][gc,heap        ] GC(34527) ParOldGen: 375640K(375808K)->375696K(375808K)
[15774.813s][info][gc,metaspace   ] GC(34527) Metaspace: 62469K(62720K)->62469K(62720K) NonClass: 53423K(53632K)->53423K(53632K) Class: 9046K(9088K)->9046K(9088K)
[15774.813s][info][gc             ] GC(34527) Pause Young (Allocation Failure) 448M->368M(450M) 3.202ms
[15774.813s][info][gc,cpu         ] GC(34527) User=0.01s Sys=0.00s Real=0.00s
[15775.227s][info][gc,start       ] GC(34528) Pause Young (Allocation Failure)
[15775.229s][info][gc,heap        ] GC(34528) PSYoungGen: 84544K(84992K)->480K(84992K) Eden: 82944K(82944K)->0K(82944K) From: 1600K(2048K)->480K(2048K)
[15775.229s][info][gc,heap        ] GC(34528) ParOldGen: 375696K(375808K)->375744K(375808K)
[15775.229s][info][gc,metaspace   ] GC(34528) Metaspace: 62469K(62720K)->62469K(62720K) NonClass: 53423K(53632K)->53423K(53632K) Class: 9046K(9088K)->9046K(9088K)
[15775.229s][info][gc             ] GC(34528) Pause Young (Allocation Failure) 449M->367M(450M) 2.218ms
[15775.229s][info][gc,cpu         ] GC(34528) User=0.00s Sys=0.00s Real=0.00s
[15775.658s][info][gc,start       ] GC(34529) Pause Young (Allocation Failure)
[15775.660s][info][gc,heap        ] GC(34529) PSYoungGen: 83424K(84992K)->960K(84992K) Eden: 82944K(82944K)->0K(82944K) From: 480K(2048K)->960K(2048K)
[15775.660s][info][gc,heap        ] GC(34529) ParOldGen: 375744K(375808K)->375800K(375808K)
[15775.661s][info][gc,metaspace   ] GC(34529) Metaspace: 62469K(62720K)->62469K(62720K) NonClass: 53423K(53632K)->53423K(53632K) Class: 9046K(9088K)->9046K(9088K)
[15775.661s][info][gc             ] GC(34529) Pause Young (Allocation Failure) 448M->367M(450M) 2.649ms
[15775.661s][info][gc,cpu         ] GC(34529) User=0.01s Sys=0.01s Real=0.00s
[15776.051s][info][gc,start       ] GC(34530) Pause Young (Allocation Failure)
[15776.054s][info][gc,heap        ] GC(34530) PSYoungGen: 83904K(84992K)->1856K(83968K) Eden: 82944K(82944K)->0K(81920K) From: 960K(2048K)->1856K(2048K)
[15776.054s][info][gc,heap        ] GC(34530) ParOldGen: 375800K(375808K)->376872K(377344K)
[15776.054s][info][gc,metaspace   ] GC(34530) Metaspace: 62469K(62720K)->62469K(62720K) NonClass: 53423K(53632K)->53423K(53632K) Class: 9046K(9088K)->9046K(9088K)
[15776.054s][info][gc             ] GC(34530) Pause Young (Allocation Failure) 448M->369M(450M) 3.192ms
[15776.054s][info][gc,cpu         ] GC(34530) User=0.00s Sys=0.00s Real=0.00s
[15776.494s][info][gc,start       ] GC(34531) Pause Young (Allocation Failure)
[15776.498s][info][gc,heap        ] GC(34531) PSYoungGen: 83776K(83968K)->1472K(84480K) Eden: 81920K(81920K)->0K(81920K) From: 1856K(2048K)->1472K(2560K)
[15776.498s][info][gc,heap        ] GC(34531) ParOldGen: 376872K(377344K)->378976K(380416K)
[15776.498s][info][gc,metaspace   ] GC(34531) Metaspace: 62469K(62720K)->62469K(62720K) NonClass: 53423K(53632K)->53423K(53632K) Class: 9046K(9088K)->9046K(9088K)
[15776.498s][info][gc             ] GC(34531) Pause Young (Allocation Failure) 449M->371M(454M) 4.285ms
[15776.498s][info][gc,cpu         ] GC(34531) User=0.00s Sys=0.01s Real=0.01s
[15776.929s][info][gc,start       ] GC(34532) Pause Young (Allocation Failure)
[15776.931s][info][gc,heap        ] GC(34532) PSYoungGen: 83392K(84480K)->448K(84480K) Eden: 81920K(81920K)->0K(81920K) From: 1472K(2560K)->448K(2560K)
[15776.931s][info][gc,heap        ] GC(34532) ParOldGen: 378976K(380416K)->379024K(380416K)
[15776.931s][info][gc,metaspace   ] GC(34532) Metaspace: 62469K(62720K)->62469K(62720K) NonClass: 53423K(53632K)->53423K(53632K) Class: 9046K(9088K)->9046K(9088K)
[15776.931s][info][gc             ] GC(34532) Pause Young (Allocation Failure) 451M->370M(454M) 2.271ms
[15776.931s][info][gc,cpu         ] GC(34532) User=0.00s Sys=0.00s Real=0.00s
[15777.374s][info][gc,start       ] GC(34533) Pause Young (Allocation Failure)
[15777.377s][info][gc,heap        ] GC(34533) PSYoungGen: 82368K(84480K)->1088K(84480K) Eden: 81920K(81920K)->0K(81920K) From: 448K(2560K)->1088K(2560K)
[15777.377s][info][gc,heap        ] GC(34533) ParOldGen: 379024K(380416K)->379080K(380416K)
[15777.377s][info][gc,metaspace   ] GC(34533) Metaspace: 62469K(62720K)->62469K(62720K) NonClass: 53423K(53632K)->53423K(53632K) Class: 9046K(9088K)->9046K(9088K)
[15777.377s][info][gc             ] GC(34533) Pause Young (Allocation Failure) 450M->371M(454M) 2.806ms
[15777.377s][info][gc,cpu         ] GC(34533) User=0.01s Sys=0.00s Real=0.01s
[15777.818s][info][gc,start       ] GC(34534) Pause Young (Allocation Failure)
[15777.820s][info][gc,heap        ] GC(34534) PSYoungGen: 83008K(84480K)->288K(84480K) Eden: 81920K(81920K)->0K(81920K) From: 1088K(2560K)->288K(2560K)
[15777.820s][info][gc,heap        ] GC(34534) ParOldGen: 379080K(380416K)->379136K(380416K)
[15777.820s][info][gc,metaspace   ] GC(34534) Metaspace: 62469K(62720K)->62469K(62720K) NonClass: 53423K(53632K)->53423K(53632K) Class: 9046K(9088K)->9046K(9088K)
[15777.820s][info][gc             ] GC(34534) Pause Young (Allocation Failure) 451M->370M(454M) 2.075ms
[15777.820s][info][gc,cpu         ] GC(34534) User=0.01s Sys=0.00s Real=0.00s
[15778.240s][info][gc,start       ] GC(34535) Pause Young (Allocation Failure)
[15778.242s][info][gc,heap        ] GC(34535) PSYoungGen: 82208K(84480K)->608K(84480K) Eden: 81920K(81920K)->0K(81920K) From: 288K(2560K)->608K(2560K)
[15778.242s][info][gc,heap        ] GC(34535) ParOldGen: 379136K(380416K)->379200K(380416K)
[15778.242s][info][gc,metaspace   ] GC(34535) Metaspace: 62469K(62720K)->62469K(62720K) NonClass: 53423K(53632K)->53423K(53632K) Class: 9046K(9088K)->9046K(9088K)
[15778.242s][info][gc             ] GC(34535) Pause Young (Allocation Failure) 450M->370M(454M) 2.383ms
[15778.242s][info][gc,cpu         ] GC(34535) User=0.00s Sys=0.01s Real=0.00s
[15778.658s][info][gc,start       ] GC(34536) Pause Young (Allocation Failure)
[15778.661s][info][gc,heap        ] GC(34536) PSYoungGen: 82528K(84480K)->928K(84992K) Eden: 81920K(81920K)->0K(82432K) From: 608K(2560K)->928K(2560K)
[15778.661s][info][gc,heap        ] GC(34536) ParOldGen: 379200K(380416K)->379256K(380416K)
[15778.661s][info][gc,metaspace   ] GC(34536) Metaspace: 62469K(62720K)->62469K(62720K) NonClass: 53423K(53632K)->53423K(53632K) Class: 9046K(9088K)->9046K(9088K)
[15778.661s][info][gc             ] GC(34536) Pause Young (Allocation Failure) 450M->371M(454M) 2.641ms
[15778.661s][info][gc,cpu         ] GC(34536) User=0.00s Sys=0.00s Real=0.00s
[15779.071s][info][gc,start       ] GC(34537) Pause Young (Allocation Failure)
[15779.073s][info][gc,heap        ] GC(34537) PSYoungGen: 83360K(84992K)->1120K(84480K) Eden: 82432K(82432K)->0K(82432K) From: 928K(2560K)->1120K(2048K)
[15779.073s][info][gc,heap        ] GC(34537) ParOldGen: 379256K(380416K)->379312K(380416K)
[15779.073s][info][gc,metaspace   ] GC(34537) Metaspace: 62469K(62720K)->62469K(62720K) NonClass: 53423K(53632K)->53423K(53632K) Class: 9046K(9088K)->9046K(9088K)
[15779.074s][info][gc             ] GC(34537) Pause Young (Allocation Failure) 451M->371M(454M) 2.703ms
[15779.074s][info][gc,cpu         ] GC(34537) User=0.01s Sys=0.00s Real=0.00s
[15779.462s][info][gc,start       ] GC(34538) Pause Young (Allocation Failure)
[15779.464s][info][gc,heap        ] GC(34538) PSYoungGen: 83552K(84480K)->1056K(84992K) Eden: 82432K(82432K)->0K(82944K) From: 1120K(2048K)->1056K(2048K)
[15779.465s][info][gc,heap        ] GC(34538) ParOldGen: 379312K(380416K)->379360K(380416K)
[15779.465s][info][gc,metaspace   ] GC(34538) Metaspace: 62469K(62720K)->62469K(62720K) NonClass: 53423K(53632K)->53423K(53632K) Class: 9046K(9088K)->9046K(9088K)
[15779.465s][info][gc             ] GC(34538) Pause Young (Allocation Failure) 452M->371M(454M) 2.727ms
[15779.465s][info][gc,cpu         ] GC(34538) User=0.00s Sys=0.00s Real=0.00s
[15779.879s][info][gc,start       ] GC(34539) Pause Young (Allocation Failure)
[15779.881s][info][gc,heap        ] GC(34539) PSYoungGen: 84000K(84992K)->1152K(84992K) Eden: 82944K(82944K)->0K(82944K) From: 1056K(2048K)->1152K(2048K)
[15779.881s][info][gc,heap        ] GC(34539) ParOldGen: 379360K(380416K)->379408K(380416K)
[15779.881s][info][gc,metaspace   ] GC(34539) Metaspace: 62469K(62720K)->62469K(62720K) NonClass: 53423K(53632K)->53423K(53632K) Class: 9046K(9088K)->9046K(9088K)
[15779.881s][info][gc             ] GC(34539) Pause Young (Allocation Failure) 452M->371M(454M) 2.709ms
[15779.881s][info][gc,cpu         ] GC(34539) User=0.00s Sys=0.00s Real=0.00s
[15780.281s][info][gc,start       ] GC(34540) Pause Young (Allocation Failure)
[15780.285s][info][gc,heap        ] GC(34540) PSYoungGen: 84096K(84992K)->2016K(82944K) Eden: 82944K(82944K)->0K(80896K) From: 1152K(2048K)->2016K(2048K)
[15780.285s][info][gc,heap        ] GC(34540) ParOldGen: 379408K(380416K)->380864K(381952K)
[15780.285s][info][gc,metaspace   ] GC(34540) Metaspace: 62469K(62720K)->62469K(62720K) NonClass: 53423K(53632K)->53423K(53632K) Class: 9046K(9088K)->9046K(9088K)
[15780.285s][info][gc             ] GC(34540) Pause Young (Allocation Failure) 452M->373M(454M) 3.854ms
[15780.285s][info][gc,cpu         ] GC(34540) User=0.00s Sys=0.00s Real=0.00s
[15780.657s][info][gc,start       ] GC(34541) Pause Young (Allocation Failure)
[15780.661s][info][gc,heap        ] GC(34541) PSYoungGen: 82912K(82944K)->992K(83968K) Eden: 80896K(80896K)->0K(80896K) From: 2016K(2048K)->992K(3072K)
[15780.661s][info][gc,heap        ] GC(34541) ParOldGen: 380864K(381952K)->382952K(383488K)
[15780.661s][info][gc,metaspace   ] GC(34541) Metaspace: 62469K(62720K)->62469K(62720K) NonClass: 53423K(53632K)->53423K(53632K) Class: 9046K(9088K)->9046K(9088K)
[15780.661s][info][gc             ] GC(34541) Pause Young (Allocation Failure) 452M->374M(456M) 3.809ms
[15780.661s][info][gc,cpu         ] GC(34541) User=0.01s Sys=0.01s Real=0.00s
[15781.130s][info][gc,start       ] GC(34542) Pause Young (Allocation Failure)
[15781.132s][info][gc,heap        ] GC(34542) PSYoungGen: 81888K(83968K)->528K(84480K) Eden: 80896K(80896K)->0K(81408K) From: 992K(3072K)->528K(3072K)
[15781.132s][info][gc,heap        ] GC(34542) ParOldGen: 382952K(383488K)->383008K(383488K)
[15781.132s][info][gc,metaspace   ] GC(34542) Metaspace: 62469K(62720K)->62469K(62720K) NonClass: 53423K(53632K)->53423K(53632K) Class: 9046K(9088K)->9046K(9088K)
[15781.132s][info][gc             ] GC(34542) Pause Young (Allocation Failure) 453M->374M(457M) 2.333ms
[15781.132s][info][gc,cpu         ] GC(34542) User=0.00s Sys=0.00s Real=0.00s
[15781.549s][info][gc,start       ] GC(34543) Pause Young (Allocation Failure)
[15781.552s][info][gc,heap        ] GC(34543) PSYoungGen: 81936K(84480K)->832K(83968K) Eden: 81408K(81408K)->0K(81408K) From: 528K(3072K)->832K(2560K)
[15781.552s][info][gc,heap        ] GC(34543) ParOldGen: 383008K(383488K)->383112K(383488K)
[15781.552s][info][gc,metaspace   ] GC(34543) Metaspace: 62469K(62720K)->62469K(62720K) NonClass: 53423K(53632K)->53423K(53632K) Class: 9046K(9088K)->9046K(9088K)
[15781.552s][info][gc             ] GC(34543) Pause Young (Allocation Failure) 454M->374M(456M) 2.601ms
[15781.552s][info][gc,cpu         ] GC(34543) User=0.01s Sys=0.00s Real=0.00s
[15781.971s][info][gc,start       ] GC(34544) Pause Young (Allocation Failure)
[15781.973s][info][gc,heap        ] GC(34544) PSYoungGen: 82240K(83968K)->1088K(84480K) Eden: 81408K(81408K)->0K(81920K) From: 832K(2560K)->1088K(2560K)
[15781.973s][info][gc,heap        ] GC(34544) ParOldGen: 383112K(383488K)->383168K(383488K)
[15781.973s][info][gc,metaspace   ] GC(34544) Metaspace: 62469K(62720K)->62469K(62720K) NonClass: 53423K(53632K)->53423K(53632K) Class: 9046K(9088K)->9046K(9088K)
[15781.973s][info][gc             ] GC(34544) Pause Young (Allocation Failure) 454M->375M(457M) 2.802ms
[15781.973s][info][gc,cpu         ] GC(34544) User=0.00s Sys=0.00s Real=0.00s
[15782.374s][info][gc,start       ] GC(34545) Pause Young (Allocation Failure)
[15782.377s][info][gc,heap        ] GC(34545) PSYoungGen: 83008K(84480K)->1216K(84480K) Eden: 81920K(81920K)->0K(81920K) From: 1088K(2560K)->1216K(2560K)
[15782.377s][info][gc,heap        ] GC(34545) ParOldGen: 383168K(383488K)->383224K(383488K)
[15782.377s][info][gc,metaspace   ] GC(34545) Metaspace: 62469K(62720K)->62469K(62720K) NonClass: 53423K(53632K)->53423K(53632K) Class: 9046K(9088K)->9046K(9088K)
[15782.377s][info][gc             ] GC(34545) Pause Young (Allocation Failure) 455M->375M(457M) 2.916ms
[15782.377s][info][gc,cpu         ] GC(34545) User=0.01s Sys=0.00s Real=0.01s
[15782.817s][info][gc,start       ] GC(34546) Pause Young (Allocation Failure)
[15782.819s][info][gc,heap        ] GC(34546) PSYoungGen: 83136K(84480K)->320K(84480K) Eden: 81920K(81920K)->0K(81920K) From: 1216K(2560K)->320K(2560K)
[15782.819s][info][gc,heap        ] GC(34546) ParOldGen: 383224K(383488K)->383280K(383488K)
[15782.819s][info][gc,metaspace   ] GC(34546) Metaspace: 62469K(62720K)->62469K(62720K) NonClass: 53423K(53632K)->53423K(53632K) Class: 9046K(9088K)->9046K(9088K)
[15782.819s][info][gc             ] GC(34546) Pause Young (Allocation Failure) 455M->374M(457M) 2.134ms
[15782.819s][info][gc,cpu         ] GC(34546) User=0.00s Sys=0.00s Real=0.00s
[15783.212s][info][gc,start       ] GC(34547) Pause Young (Allocation Failure)
[15783.214s][info][gc,heap        ] GC(34547) PSYoungGen: 82240K(84480K)->224K(84480K) Eden: 81920K(81920K)->0K(81920K) From: 320K(2560K)->224K(2560K)
[15783.214s][info][gc,heap        ] GC(34547) ParOldGen: 383280K(383488K)->383336K(383488K)
[15783.214s][info][gc,metaspace   ] GC(34547) Metaspace: 62469K(62720K)->62469K(62720K) NonClass: 53423K(53632K)->53423K(53632K) Class: 9046K(9088K)->9046K(9088K)
[15783.214s][info][gc             ] GC(34547) Pause Young (Allocation Failure) 454M->374M(457M) 1.998ms
[15783.214s][info][gc,cpu         ] GC(34547) User=0.00s Sys=0.00s Real=0.00s
[15783.636s][info][gc,start       ] GC(34548) Pause Young (Allocation Failure)
[15783.638s][info][gc,heap        ] GC(34548) PSYoungGen: 82144K(84480K)->576K(84480K) Eden: 81920K(81920K)->0K(81920K) From: 224K(2560K)->576K(2560K)
[15783.638s][info][gc,heap        ] GC(34548) ParOldGen: 383336K(383488K)->383384K(383488K)
[15783.638s][info][gc,metaspace   ] GC(34548) Metaspace: 62469K(62720K)->62469K(62720K) NonClass: 53423K(53632K)->53423K(53632K) Class: 9046K(9088K)->9046K(9088K)
[15783.638s][info][gc             ] GC(34548) Pause Young (Allocation Failure) 454M->374M(457M) 2.311ms
[15783.638s][info][gc,cpu         ] GC(34548) User=0.00s Sys=0.00s Real=0.00s
[15784.057s][info][gc,start       ] GC(34549) Pause Young (Allocation Failure)
[15784.059s][info][gc,heap        ] GC(34549) PSYoungGen: 82496K(84480K)->832K(84480K) Eden: 81920K(81920K)->0K(81920K) From: 576K(2560K)->832K(2560K)
[15784.059s][info][gc,heap        ] GC(34549) ParOldGen: 383384K(383488K)->383440K(383488K)
[15784.059s][info][gc,metaspace   ] GC(34549) Metaspace: 62469K(62720K)->62469K(62720K) NonClass: 53423K(53632K)->53423K(53632K) Class: 9046K(9088K)->9046K(9088K)
[15784.059s][info][gc             ] GC(34549) Pause Young (Allocation Failure) 454M->375M(457M) 2.606ms
[15784.059s][info][gc,cpu         ] GC(34549) User=0.00s Sys=0.00s Real=0.00s
[15784.475s][info][gc,start       ] GC(34550) Pause Young (Allocation Failure)
[15784.478s][info][gc,heap        ] GC(34550) PSYoungGen: 82752K(84480K)->1216K(84480K) Eden: 81920K(81920K)->0K(81920K) From: 832K(2560K)->1216K(2560K)
[15784.478s][info][gc,heap        ] GC(34550) ParOldGen: 383440K(383488K)->383488K(384000K)
[15784.478s][info][gc,metaspace   ] GC(34550) Metaspace: 62469K(62720K)->62469K(62720K) NonClass: 53423K(53632K)->53423K(53632K) Class: 9046K(9088K)->9046K(9088K)
[15784.478s][info][gc             ] GC(34550) Pause Young (Allocation Failure) 455M->375M(457M) 2.972ms
[15784.478s][info][gc,cpu         ] GC(34550) User=0.00s Sys=0.01s Real=0.01s
[15784.877s][info][gc,start       ] GC(34551) Pause Young (Allocation Failure)
[15784.880s][info][gc,heap        ] GC(34551) PSYoungGen: 83136K(84480K)->2528K(84480K) Eden: 81920K(81920K)->0K(81920K) From: 1216K(2560K)->2528K(2560K)
[15784.880s][info][gc,heap        ] GC(34551) ParOldGen: 383488K(384000K)->384264K(384512K)
[15784.880s][info][gc,metaspace   ] GC(34551) Metaspace: 62469K(62720K)->62469K(62720K) NonClass: 53423K(53632K)->53423K(53632K) Class: 9046K(9088K)->9046K(9088K)
[15784.880s][info][gc             ] GC(34551) Pause Young (Allocation Failure) 455M->377M(458M) 3.627ms
[15784.880s][info][gc,cpu         ] GC(34551) User=0.01s Sys=0.00s Real=0.00s
[15785.291s][info][gc,start       ] GC(34552) Pause Young (Allocation Failure)
[15785.296s][info][gc,heap        ] GC(34552) PSYoungGen: 84448K(84480K)->1344K(83456K) Eden: 81920K(81920K)->0K(80896K) From: 2528K(2560K)->1344K(2560K)
[15785.296s][info][gc,heap        ] GC(34552) ParOldGen: 384264K(384512K)->386360K(387584K)
[15785.296s][info][gc,metaspace   ] GC(34552) Metaspace: 62469K(62720K)->62469K(62720K) NonClass: 53423K(53632K)->53423K(53632K) Class: 9046K(9088K)->9046K(9088K)
[15785.296s][info][gc             ] GC(34552) Pause Young (Allocation Failure) 457M->378M(460M) 4.205ms
[15785.296s][info][gc,cpu         ] GC(34552) User=0.01s Sys=0.00s Real=0.00s
[15785.712s][info][gc,start       ] GC(34553) Pause Young (Allocation Failure)
[15785.714s][info][gc,heap        ] GC(34553) PSYoungGen: 82240K(83456K)->192K(83968K) Eden: 80896K(80896K)->0K(80896K) From: 1344K(2560K)->192K(3072K)
[15785.714s][info][gc,heap        ] GC(34553) ParOldGen: 386360K(387584K)->386416K(387584K)
[15785.714s][info][gc,metaspace   ] GC(34553) Metaspace: 62469K(62720K)->62469K(62720K) NonClass: 53423K(53632K)->53423K(53632K) Class: 9046K(9088K)->9046K(9088K)
[15785.714s][info][gc             ] GC(34553) Pause Young (Allocation Failure) 457M->377M(460M) 2.013ms
[15785.714s][info][gc,cpu         ] GC(34553) User=0.00s Sys=0.00s Real=0.00s
[15786.119s][info][gc,start       ] GC(34554) Pause Young (Allocation Failure)
[15786.121s][info][gc,heap        ] GC(34554) PSYoungGen: 81088K(83968K)->288K(83968K) Eden: 80896K(80896K)->0K(80896K) From: 192K(3072K)->288K(3072K)
[15786.121s][info][gc,heap        ] GC(34554) ParOldGen: 386416K(387584K)->386472K(387584K)
[15786.121s][info][gc,metaspace   ] GC(34554) Metaspace: 62469K(62720K)->62469K(62720K) NonClass: 53423K(53632K)->53423K(53632K) Class: 9046K(9088K)->9046K(9088K)
[15786.121s][info][gc             ] GC(34554) Pause Young (Allocation Failure) 456M->377M(460M) 2.111ms
[15786.121s][info][gc,cpu         ] GC(34554) User=0.01s Sys=0.00s Real=0.00s
[15786.543s][info][gc,start       ] GC(34555) Pause Young (Allocation Failure)
[15786.545s][info][gc,heap        ] GC(34555) PSYoungGen: 81184K(83968K)->736K(83968K) Eden: 80896K(80896K)->0K(80896K) From: 288K(3072K)->736K(3072K)
[15786.545s][info][gc,heap        ] GC(34555) ParOldGen: 386472K(387584K)->386528K(387584K)
[15786.545s][info][gc,metaspace   ] GC(34555) Metaspace: 62469K(62720K)->62469K(62720K) NonClass: 53423K(53632K)->53423K(53632K) Class: 9046K(9088K)->9046K(9088K)
[15786.545s][info][gc             ] GC(34555) Pause Young (Allocation Failure) 456M->378M(460M) 2.474ms
[15786.545s][info][gc,cpu         ] GC(34555) User=0.01s Sys=0.00s Real=0.00s
[15786.934s][info][gc,start       ] GC(34556) Pause Young (Allocation Failure)
[15786.936s][info][gc,heap        ] GC(34556) PSYoungGen: 81632K(83968K)->544K(84480K) Eden: 80896K(80896K)->0K(81408K) From: 736K(3072K)->544K(3072K)
[15786.936s][info][gc,heap        ] GC(34556) ParOldGen: 386528K(387584K)->386584K(387584K)
[15786.936s][info][gc,metaspace   ] GC(34556) Metaspace: 62469K(62720K)->62469K(62720K) NonClass: 53423K(53632K)->53423K(53632K) Class: 9046K(9088K)->9046K(9088K)
[15786.937s][info][gc             ] GC(34556) Pause Young (Allocation Failure) 457M->378M(461M) 2.364ms
[15786.937s][info][gc,cpu         ] GC(34556) User=0.00s Sys=0.00s Real=0.01s
[15787.335s][info][gc,start       ] GC(34557) Pause Young (Allocation Failure)
[15787.337s][info][gc,heap        ] GC(34557) PSYoungGen: 81952K(84480K)->608K(83968K) Eden: 81408K(81408K)->0K(81408K) From: 544K(3072K)->608K(2560K)
[15787.337s][info][gc,heap        ] GC(34557) ParOldGen: 386584K(387584K)->386640K(387584K)
[15787.337s][info][gc,metaspace   ] GC(34557) Metaspace: 62469K(62720K)->62469K(62720K) NonClass: 53423K(53632K)->53423K(53632K) Class: 9046K(9088K)->9046K(9088K)
[15787.337s][info][gc             ] GC(34557) Pause Young (Allocation Failure) 457M->378M(460M) 2.324ms
[15787.337s][info][gc,cpu         ] GC(34557) User=0.00s Sys=0.00s Real=0.01s
[15787.753s][info][gc,start       ] GC(34558) Pause Young (Allocation Failure)
[15787.756s][info][gc,heap        ] GC(34558) PSYoungGen: 82016K(83968K)->864K(84480K) Eden: 81408K(81408K)->0K(81920K) From: 608K(2560K)->864K(2560K)
[15787.756s][info][gc,heap        ] GC(34558) ParOldGen: 386640K(387584K)->386688K(387584K)
[15787.756s][info][gc,metaspace   ] GC(34558) Metaspace: 62469K(62720K)->62469K(62720K) NonClass: 53423K(53632K)->53423K(53632K) Class: 9046K(9088K)->9046K(9088K)
[15787.756s][info][gc             ] GC(34558) Pause Young (Allocation Failure) 457M->378M(461M) 2.559ms
[15787.756s][info][gc,cpu         ] GC(34558) User=0.01s Sys=0.00s Real=0.00s
[15788.202s][info][gc,start       ] GC(34559) Pause Young (Allocation Failure)
[15788.205s][info][gc,heap        ] GC(34559) PSYoungGen: 82784K(84480K)->1680K(84480K) Eden: 81920K(81920K)->0K(81920K) From: 864K(2560K)->1680K(2560K)
[15788.205s][info][gc,heap        ] GC(34559) ParOldGen: 386688K(387584K)->386744K(387584K)
[15788.205s][info][gc,metaspace   ] GC(34559) Metaspace: 62469K(62720K)->62469K(62720K) NonClass: 53423K(53632K)->53423K(53632K) Class: 9046K(9088K)->9046K(9088K)
[15788.205s][info][gc             ] GC(34559) Pause Young (Allocation Failure) 458M->379M(461M) 3.136ms
[15788.205s][info][gc,cpu         ] GC(34559) User=0.01s Sys=0.00s Real=0.00s
[15788.594s][info][gc,start       ] GC(34560) Pause Young (Allocation Failure)
[15788.597s][info][gc,heap        ] GC(34560) PSYoungGen: 83600K(84480K)->1568K(84480K) Eden: 81920K(81920K)->0K(81920K) From: 1680K(2560K)->1568K(2560K)
[15788.597s][info][gc,heap        ] GC(34560) ParOldGen: 386744K(387584K)->386840K(387584K)
[15788.597s][info][gc,metaspace   ] GC(34560) Metaspace: 62469K(62720K)->62469K(62720K) NonClass: 53423K(53632K)->53423K(53632K) Class: 9046K(9088K)->9046K(9088K)
[15788.597s][info][gc             ] GC(34560) Pause Young (Allocation Failure) 459M->379M(461M) 3.232ms
[15788.597s][info][gc,cpu         ] GC(34560) User=0.01s Sys=0.00s Real=0.01s
[15789.005s][info][gc,start       ] GC(34561) Pause Young (Allocation Failure)
[15789.008s][info][gc,heap        ] GC(34561) PSYoungGen: 83488K(84480K)->1696K(83968K) Eden: 81920K(81920K)->0K(81920K) From: 1568K(2560K)->1696K(2048K)
[15789.008s][info][gc,heap        ] GC(34561) ParOldGen: 386840K(387584K)->386896K(387584K)
[15789.008s][info][gc,metaspace   ] GC(34561) Metaspace: 62469K(62720K)->62469K(62720K) NonClass: 53423K(53632K)->53423K(53632K) Class: 9046K(9088K)->9046K(9088K)
[15789.008s][info][gc             ] GC(34561) Pause Young (Allocation Failure) 459M->379M(460M) 3.265ms
[15789.008s][info][gc,cpu         ] GC(34561) User=0.01s Sys=0.00s Real=0.01s
[15789.408s][info][gc,start       ] GC(34562) Pause Young (Allocation Failure)
[15789.412s][info][gc,heap        ] GC(34562) PSYoungGen: 83616K(83968K)->3040K(82944K) Eden: 81920K(81920K)->0K(79872K) From: 1696K(2048K)->3040K(3072K)
[15789.412s][info][gc,heap        ] GC(34562) ParOldGen: 386896K(387584K)->387624K(388096K)
[15789.412s][info][gc,metaspace   ] GC(34562) Metaspace: 62469K(62720K)->62469K(62720K) NonClass: 53423K(53632K)->53423K(53632K) Class: 9046K(9088K)->9046K(9088K)
[15789.412s][info][gc             ] GC(34562) Pause Young (Allocation Failure) 459M->381M(460M) 4.016ms
[15789.412s][info][gc,cpu         ] GC(34562) User=0.01s Sys=0.00s Real=0.00s
[15789.825s][info][gc,start       ] GC(34563) Pause Young (Allocation Failure)
[15789.828s][info][gc,heap        ] GC(34563) PSYoungGen: 82912K(82944K)->416K(83456K) Eden: 79872K(79872K)->0K(79872K) From: 3040K(3072K)->416K(3584K)
[15789.828s][info][gc,heap        ] GC(34563) ParOldGen: 387624K(388096K)->389720K(391168K)
[15789.828s][info][gc,metaspace   ] GC(34563) Metaspace: 62469K(62720K)->62469K(62720K) NonClass: 53423K(53632K)->53423K(53632K) Class: 9046K(9088K)->9046K(9088K)
[15789.828s][info][gc             ] GC(34563) Pause Young (Allocation Failure) 459M->380M(463M) 3.310ms
[15789.828s][info][gc,cpu         ] GC(34563) User=0.01s Sys=0.00s Real=0.01s
[15790.227s][info][gc,start       ] GC(34564) Pause Young (Allocation Failure)
[15790.229s][info][gc,heap        ] GC(34564) PSYoungGen: 80288K(83456K)->416K(83456K) Eden: 79872K(79872K)->0K(79872K) From: 416K(3584K)->416K(3584K)
[15790.229s][info][gc,heap        ] GC(34564) ParOldGen: 389720K(391168K)->389784K(391168K)
[15790.229s][info][gc,metaspace   ] GC(34564) Metaspace: 62469K(62720K)->62469K(62720K) NonClass: 53423K(53632K)->53423K(53632K) Class: 9046K(9088K)->9046K(9088K)
[15790.229s][info][gc             ] GC(34564) Pause Young (Allocation Failure) 458M->381M(463M) 2.274ms
[15790.229s][info][gc,cpu         ] GC(34564) User=0.00s Sys=0.00s Real=0.00s
[15790.647s][info][gc,start       ] GC(34565) Pause Young (Allocation Failure)
[15790.649s][info][gc,heap        ] GC(34565) PSYoungGen: 80288K(83456K)->704K(83456K) Eden: 79872K(79872K)->0K(79872K) From: 416K(3584K)->704K(3584K)
[15790.649s][info][gc,heap        ] GC(34565) ParOldGen: 389784K(391168K)->389840K(391168K)
[15790.649s][info][gc,metaspace   ] GC(34565) Metaspace: 62469K(62720K)->62469K(62720K) NonClass: 53423K(53632K)->53423K(53632K) Class: 9046K(9088K)->9046K(9088K)
[15790.649s][info][gc             ] GC(34565) Pause Young (Allocation Failure) 459M->381M(463M) 2.477ms
[15790.649s][info][gc,cpu         ] GC(34565) User=0.00s Sys=0.00s Real=0.00s
[15791.019s][info][gc,start       ] GC(34566) Pause Young (Allocation Failure)
[15791.021s][info][gc,heap        ] GC(34566) PSYoungGen: 80576K(83456K)->320K(83456K) Eden: 79872K(79872K)->0K(79872K) From: 704K(3584K)->320K(3584K)
[15791.021s][info][gc,heap        ] GC(34566) ParOldGen: 389840K(391168K)->389896K(391168K)
[15791.021s][info][gc,metaspace   ] GC(34566) Metaspace: 62469K(62720K)->62469K(62720K) NonClass: 53423K(53632K)->53423K(53632K) Class: 9046K(9088K)->9046K(9088K)
[15791.021s][info][gc             ] GC(34566) Pause Young (Allocation Failure) 459M->381M(463M) 2.056ms
[15791.021s][info][gc,cpu         ] GC(34566) User=0.00s Sys=0.01s Real=0.00s
[15791.430s][info][gc,start       ] GC(34567) Pause Young (Allocation Failure)
[15791.432s][info][gc,heap        ] GC(34567) PSYoungGen: 80192K(83456K)->512K(83456K) Eden: 79872K(79872K)->0K(79872K) From: 320K(3584K)->512K(3584K)
[15791.432s][info][gc,heap        ] GC(34567) ParOldGen: 389896K(391168K)->389952K(391168K)
[15791.432s][info][gc,metaspace   ] GC(34567) Metaspace: 62469K(62720K)->62469K(62720K) NonClass: 53423K(53632K)->53423K(53632K) Class: 9046K(9088K)->9046K(9088K)
[15791.432s][info][gc             ] GC(34567) Pause Young (Allocation Failure) 459M->381M(463M) 2.277ms
[15791.432s][info][gc,cpu         ] GC(34567) User=0.00s Sys=0.00s Real=0.00s
[15791.802s][info][gc,start       ] GC(34568) Pause Young (Allocation Failure)
[15791.805s][info][gc,heap        ] GC(34568) PSYoungGen: 80384K(83456K)->1696K(83968K) Eden: 79872K(79872K)->0K(80896K) From: 512K(3584K)->1696K(3072K)
[15791.805s][info][gc,heap        ] GC(34568) ParOldGen: 389952K(391168K)->390008K(391168K)
[15791.805s][info][gc,metaspace   ] GC(34568) Metaspace: 62469K(62720K)->62469K(62720K) NonClass: 53423K(53632K)->53423K(53632K) Class: 9046K(9088K)->9046K(9088K)
[15791.805s][info][gc             ] GC(34568) Pause Young (Allocation Failure) 459M->382M(464M) 3.229ms
[15791.805s][info][gc,cpu         ] GC(34568) User=0.01s Sys=0.00s Real=0.00s
[15792.243s][info][gc,start       ] GC(34569) Pause Young (Allocation Failure)
[15792.245s][info][gc,heap        ] GC(34569) PSYoungGen: 82592K(83968K)->640K(83968K) Eden: 80896K(80896K)->0K(80896K) From: 1696K(3072K)->640K(3072K)
[15792.245s][info][gc,heap        ] GC(34569) ParOldGen: 390008K(391168K)->390064K(391168K)
[15792.245s][info][gc,metaspace   ] GC(34569) Metaspace: 62469K(62720K)->62469K(62720K) NonClass: 53423K(53632K)->53423K(53632K) Class: 9046K(9088K)->9046K(9088K)
[15792.246s][info][gc             ] GC(34569) Pause Young (Allocation Failure) 461M->381M(464M) 2.387ms
[15792.246s][info][gc,cpu         ] GC(34569) User=0.01s Sys=0.00s Real=0.00s
[15792.656s][info][gc,start       ] GC(34570) Pause Young (Allocation Failure)
[15792.659s][info][gc,heap        ] GC(34570) PSYoungGen: 81536K(83968K)->800K(83968K) Eden: 80896K(80896K)->0K(80896K) From: 640K(3072K)->800K(3072K)
[15792.659s][info][gc,heap        ] GC(34570) ParOldGen: 390064K(391168K)->390112K(391168K)
[15792.659s][info][gc,metaspace   ] GC(34570) Metaspace: 62469K(62720K)->62469K(62720K) NonClass: 53423K(53632K)->53423K(53632K) Class: 9046K(9088K)->9046K(9088K)
[15792.659s][info][gc             ] GC(34570) Pause Young (Allocation Failure) 460M->381M(464M) 2.561ms
[15792.659s][info][gc,cpu         ] GC(34570) User=0.01s Sys=0.00s Real=0.00s
[15793.085s][info][gc,start       ] GC(34571) Pause Young (Allocation Failure)
[15793.088s][info][gc,heap        ] GC(34571) PSYoungGen: 81696K(83968K)->1280K(83968K) Eden: 80896K(80896K)->0K(80896K) From: 800K(3072K)->1280K(3072K)
[15793.088s][info][gc,heap        ] GC(34571) ParOldGen: 390112K(391168K)->390168K(391168K)
[15793.088s][info][gc,metaspace   ] GC(34571) Metaspace: 62469K(62720K)->62469K(62720K) NonClass: 53423K(53632K)->53423K(53632K) Class: 9046K(9088K)->9046K(9088K)
[15793.088s][info][gc             ] GC(34571) Pause Young (Allocation Failure) 460M->382M(464M) 2.978ms
[15793.088s][info][gc,cpu         ] GC(34571) User=0.00s Sys=0.00s Real=0.01s
[15793.491s][info][gc,start       ] GC(34572) Pause Young (Allocation Failure)
[15793.494s][info][gc,heap        ] GC(34572) PSYoungGen: 82176K(83968K)->1504K(83968K) Eden: 80896K(80896K)->0K(80896K) From: 1280K(3072K)->1504K(3072K)
[15793.494s][info][gc,heap        ] GC(34572) ParOldGen: 390168K(391168K)->390224K(391168K)
[15793.494s][info][gc,metaspace   ] GC(34572) Metaspace: 62469K(62720K)->62469K(62720K) NonClass: 53423K(53632K)->53423K(53632K) Class: 9046K(9088K)->9046K(9088K)
[15793.494s][info][gc             ] GC(34572) Pause Young (Allocation Failure) 461M->382M(464M) 3.193ms
[15793.494s][info][gc,cpu         ] GC(34572) User=0.00s Sys=0.00s Real=0.00s
[15793.866s][info][gc,start       ] GC(34573) Pause Young (Allocation Failure)
[15793.870s][info][gc,heap        ] GC(34573) PSYoungGen: 82400K(83968K)->3040K(83968K) Eden: 80896K(80896K)->0K(80896K) From: 1504K(3072K)->3040K(3072K)
[15793.870s][info][gc,heap        ] GC(34573) ParOldGen: 390224K(391168K)->391352K(392704K)
[15793.870s][info][gc,metaspace   ] GC(34573) Metaspace: 62469K(62720K)->62469K(62720K) NonClass: 53423K(53632K)->53423K(53632K) Class: 9046K(9088K)->9046K(9088K)
[15793.870s][info][gc             ] GC(34573) Pause Young (Allocation Failure) 461M->385M(465M) 3.715ms
[15793.870s][info][gc,cpu         ] GC(34573) User=0.01s Sys=0.00s Real=0.00s
[15794.234s][info][gc,start       ] GC(34574) Pause Young (Allocation Failure)
[15794.238s][info][gc,heap        ] GC(34574) PSYoungGen: 83936K(83968K)->576K(81920K) Eden: 80896K(80896K)->0K(78848K) From: 3040K(3072K)->576K(3072K)
[15794.238s][info][gc,heap        ] GC(34574) ParOldGen: 391352K(392704K)->393440K(394240K)
[15794.238s][info][gc,metaspace   ] GC(34574) Metaspace: 62469K(62720K)->62469K(62720K) NonClass: 53423K(53632K)->53423K(53632K) Class: 9046K(9088K)->9046K(9088K)
[15794.238s][info][gc             ] GC(34574) Pause Young (Allocation Failure) 464M->384M(465M) 3.458ms
[15794.238s][info][gc,cpu         ] GC(34574) User=0.00s Sys=0.00s Real=0.01s
[15794.580s][info][gc,start       ] GC(34575) Pause Young (Allocation Failure)
[15794.583s][info][gc,heap        ] GC(34575) PSYoungGen: 79424K(81920K)->1344K(82944K) Eden: 78848K(78848K)->0K(78848K) From: 576K(3072K)->1344K(4096K)
[15794.583s][info][gc,heap        ] GC(34575) ParOldGen: 393440K(394240K)->393496K(394240K)
[15794.583s][info][gc,metaspace   ] GC(34575) Metaspace: 62469K(62720K)->62469K(62720K) NonClass: 53423K(53632K)->53423K(53632K) Class: 9046K(9088K)->9046K(9088K)
[15794.583s][info][gc             ] GC(34575) Pause Young (Allocation Failure) 461M->385M(466M) 2.927ms
[15794.583s][info][gc,cpu         ] GC(34575) User=0.00s Sys=0.00s Real=0.00s
[15795.048s][info][gc,start       ] GC(34576) Pause Young (Allocation Failure)
[15795.050s][info][gc,heap        ] GC(34576) PSYoungGen: 80192K(82944K)->784K(83456K) Eden: 78848K(78848K)->0K(79872K) From: 1344K(4096K)->784K(3584K)
[15795.050s][info][gc,heap        ] GC(34576) ParOldGen: 393496K(394240K)->393552K(394240K)
[15795.050s][info][gc,metaspace   ] GC(34576) Metaspace: 62469K(62720K)->62469K(62720K) NonClass: 53423K(53632K)->53423K(53632K) Class: 9046K(9088K)->9046K(9088K)
[15795.050s][info][gc             ] GC(34576) Pause Young (Allocation Failure) 462M->385M(466M) 2.581ms
[15795.050s][info][gc,cpu         ] GC(34576) User=0.01s Sys=0.00s Real=0.00s
[15795.433s][info][gc,start       ] GC(34577) Pause Young (Allocation Failure)
[15795.435s][info][gc,heap        ] GC(34577) PSYoungGen: 80656K(83456K)->544K(83456K) Eden: 79872K(79872K)->0K(79872K) From: 784K(3584K)->544K(3584K)
[15795.435s][info][gc,heap        ] GC(34577) ParOldGen: 393552K(394240K)->393664K(394240K)
[15795.435s][info][gc,metaspace   ] GC(34577) Metaspace: 62469K(62720K)->62469K(62720K) NonClass: 53423K(53632K)->53423K(53632K) Class: 9046K(9088K)->9046K(9088K)
[15795.435s][info][gc             ] GC(34577) Pause Young (Allocation Failure) 463M->384M(466M) 2.365ms
[15795.435s][info][gc,cpu         ] GC(34577) User=0.01s Sys=0.00s Real=0.00s
[15795.868s][info][gc,start       ] GC(34578) Pause Young (Allocation Failure)
[15795.871s][info][gc,heap        ] GC(34578) PSYoungGen: 80416K(83456K)->992K(83968K) Eden: 79872K(79872K)->0K(80384K) From: 544K(3584K)->992K(3584K)
[15795.871s][info][gc,heap        ] GC(34578) ParOldGen: 393664K(394240K)->393728K(394240K)
[15795.871s][info][gc,metaspace   ] GC(34578) Metaspace: 62469K(62720K)->62469K(62720K) NonClass: 53423K(53632K)->53423K(53632K) Class: 9046K(9088K)->9046K(9088K)
[15795.871s][info][gc             ] GC(34578) Pause Young (Allocation Failure) 462M->385M(467M) 2.698ms
[15795.871s][info][gc,cpu         ] GC(34578) User=0.00s Sys=0.00s Real=0.00s
[15796.272s][info][gc,start       ] GC(34579) Pause Young (Allocation Failure)
[15796.274s][info][gc,heap        ] GC(34579) PSYoungGen: 81376K(83968K)->1120K(83456K) Eden: 80384K(80384K)->0K(80384K) From: 992K(3584K)->1120K(3072K)
[15796.274s][info][gc,heap        ] GC(34579) ParOldGen: 393728K(394240K)->393784K(394240K)
[15796.274s][info][gc,metaspace   ] GC(34579) Metaspace: 62469K(62720K)->62469K(62720K) NonClass: 53423K(53632K)->53423K(53632K) Class: 9046K(9088K)->9046K(9088K)
[15796.274s][info][gc             ] GC(34579) Pause Young (Allocation Failure) 463M->385M(466M) 2.847ms
[15796.274s][info][gc,cpu         ] GC(34579) User=0.01s Sys=0.00s Real=0.00s
[15796.680s][info][gc,start       ] GC(34580) Pause Young (Allocation Failure)
[15796.683s][info][gc,heap        ] GC(34580) PSYoungGen: 81504K(83456K)->1376K(83968K) Eden: 80384K(80384K)->0K(80896K) From: 1120K(3072K)->1376K(3072K)
[15796.683s][info][gc,heap        ] GC(34580) ParOldGen: 393784K(394240K)->393840K(394240K)
[15796.683s][info][gc,metaspace   ] GC(34580) Metaspace: 62469K(62720K)->62469K(62720K) NonClass: 53423K(53632K)->53423K(53632K) Class: 9046K(9088K)->9046K(9088K)
[15796.683s][info][gc             ] GC(34580) Pause Young (Allocation Failure) 464M->385M(467M) 3.052ms
[15796.683s][info][gc,cpu         ] GC(34580) User=0.00s Sys=0.00s Real=0.00s
[15797.087s][info][gc,start       ] GC(34581) Pause Young (Allocation Failure)
[15797.090s][info][gc,heap        ] GC(34581) PSYoungGen: 82272K(83968K)->1408K(83968K) Eden: 80896K(80896K)->0K(80896K) From: 1376K(3072K)->1408K(3072K)
[15797.090s][info][gc,heap        ] GC(34581) ParOldGen: 393840K(394240K)->393888K(394240K)
[15797.090s][info][gc,metaspace   ] GC(34581) Metaspace: 62469K(62720K)->62469K(62720K) NonClass: 53423K(53632K)->53423K(53632K) Class: 9046K(9088K)->9046K(9088K)
[15797.090s][info][gc             ] GC(34581) Pause Young (Allocation Failure) 464M->386M(467M) 3.018ms
[15797.090s][info][gc,cpu         ] GC(34581) User=0.00s Sys=0.00s Real=0.00s
[15797.475s][info][gc,start       ] GC(34582) Pause Young (Allocation Failure)
[15797.477s][info][gc,heap        ] GC(34582) PSYoungGen: 82304K(83968K)->1280K(83968K) Eden: 80896K(80896K)->0K(80896K) From: 1408K(3072K)->1280K(3072K)
[15797.477s][info][gc,heap        ] GC(34582) ParOldGen: 393888K(394240K)->393944K(394240K)
[15797.477s][info][gc,metaspace   ] GC(34582) Metaspace: 62469K(62720K)->62469K(62720K) NonClass: 53423K(53632K)->53423K(53632K) Class: 9046K(9088K)->9046K(9088K)
[15797.477s][info][gc             ] GC(34582) Pause Young (Allocation Failure) 465M->385M(467M) 2.922ms
[15797.477s][info][gc,cpu         ] GC(34582) User=0.00s Sys=0.00s Real=0.01s
[15797.885s][info][gc,start       ] GC(34583) Pause Young (Allocation Failure)
[15797.888s][info][gc,heap        ] GC(34583) PSYoungGen: 82176K(83968K)->1248K(83968K) Eden: 80896K(80896K)->0K(80896K) From: 1280K(3072K)->1248K(3072K)
[15797.888s][info][gc,heap        ] GC(34583) ParOldGen: 393944K(394240K)->394000K(394240K)
[15797.888s][info][gc,metaspace   ] GC(34583) Metaspace: 62469K(62720K)->62469K(62720K) NonClass: 53423K(53632K)->53423K(53632K) Class: 9046K(9088K)->9046K(9088K)
[15797.888s][info][gc             ] GC(34583) Pause Young (Allocation Failure) 464M->385M(467M) 3.039ms
[15797.888s][info][gc,cpu         ] GC(34583) User=0.00s Sys=0.00s Real=0.01s
[15798.288s][info][gc,start       ] GC(34584) Pause Young (Allocation Failure)
[15798.291s][info][gc,heap        ] GC(34584) PSYoungGen: 82144K(83968K)->1408K(84480K) Eden: 80896K(80896K)->0K(81920K) From: 1248K(3072K)->1408K(2560K)
[15798.291s][info][gc,heap        ] GC(34584) ParOldGen: 394000K(394240K)->394056K(394240K)
[15798.291s][info][gc,metaspace   ] GC(34584) Metaspace: 62469K(62720K)->62469K(62720K) NonClass: 53423K(53632K)->53423K(53632K) Class: 9046K(9088K)->9046K(9088K)
[15798.291s][info][gc             ] GC(34584) Pause Young (Allocation Failure) 464M->386M(467M) 3.236ms
[15798.291s][info][gc,cpu         ] GC(34584) User=0.00s Sys=0.00s Real=0.00s
[15798.692s][info][gc,start       ] GC(34585) Pause Young (Allocation Failure)
[15798.695s][info][gc,heap        ] GC(34585) PSYoungGen: 83328K(84480K)->1536K(84480K) Eden: 81920K(81920K)->0K(81920K) From: 1408K(2560K)->1536K(2560K)
[15798.695s][info][gc,heap        ] GC(34585) ParOldGen: 394056K(394240K)->394112K(394240K)
[15798.695s][info][gc,metaspace   ] GC(34585) Metaspace: 62469K(62720K)->62469K(62720K) NonClass: 53423K(53632K)->53423K(53632K) Class: 9046K(9088K)->9046K(9088K)
[15798.695s][info][gc             ] GC(34585) Pause Young (Allocation Failure) 466M->386M(467M) 3.055ms
[15798.695s][info][gc,cpu         ] GC(34585) User=0.01s Sys=0.01s Real=0.00s
[15799.119s][info][gc,start       ] GC(34586) Pause Young (Allocation Failure)
[15799.121s][info][gc,heap        ] GC(34586) PSYoungGen: 83456K(84480K)->288K(84480K) Eden: 81920K(81920K)->0K(81920K) From: 1536K(2560K)->288K(2560K)
[15799.121s][info][gc,heap        ] GC(34586) ParOldGen: 394112K(394240K)->394168K(394240K)
[15799.121s][info][gc,metaspace   ] GC(34586) Metaspace: 62469K(62720K)->62469K(62720K) NonClass: 53423K(53632K)->53423K(53632K) Class: 9046K(9088K)->9046K(9088K)
[15799.121s][info][gc             ] GC(34586) Pause Young (Allocation Failure) 466M->385M(467M) 2.124ms
[15799.122s][info][gc,cpu         ] GC(34586) User=0.00s Sys=0.00s Real=0.00s
[15799.529s][info][gc,start       ] GC(34587) Pause Young (Allocation Failure)
[15799.531s][info][gc,heap        ] GC(34587) PSYoungGen: 82208K(84480K)->480K(84480K) Eden: 81920K(81920K)->0K(81920K) From: 288K(2560K)->480K(2560K)
[15799.531s][info][gc,heap        ] GC(34587) ParOldGen: 394168K(394240K)->394224K(394240K)
[15799.531s][info][gc,metaspace   ] GC(34587) Metaspace: 62469K(62720K)->62469K(62720K) NonClass: 53423K(53632K)->53423K(53632K) Class: 9046K(9088K)->9046K(9088K)
[15799.531s][info][gc             ] GC(34587) Pause Young (Allocation Failure) 465M->385M(467M) 2.260ms
[15799.531s][info][gc,cpu         ] GC(34587) User=0.00s Sys=0.01s Real=0.00s
[15799.913s][info][gc,start       ] GC(34588) Pause Young (Allocation Failure)
[15799.915s][info][gc,heap        ] GC(34588) PSYoungGen: 82400K(84480K)->224K(84480K) Eden: 81920K(81920K)->0K(81920K) From: 480K(2560K)->224K(2560K)
[15799.915s][info][gc,heap        ] GC(34588) ParOldGen: 394224K(394240K)->394280K(394752K)
[15799.915s][info][gc,metaspace   ] GC(34588) Metaspace: 62469K(62720K)->62469K(62720K) NonClass: 53423K(53632K)->53423K(53632K) Class: 9046K(9088K)->9046K(9088K)
[15799.915s][info][gc             ] GC(34588) Pause Young (Allocation Failure) 465M->385M(468M) 2.118ms
[15799.915s][info][gc,cpu         ] GC(34588) User=0.00s Sys=0.00s Real=0.00s
[15800.317s][info][gc,start       ] GC(34589) Pause Young (Allocation Failure)
[15800.319s][info][gc,heap        ] GC(34589) PSYoungGen: 82144K(84480K)->256K(84480K) Eden: 81920K(81920K)->0K(81920K) From: 224K(2560K)->256K(2560K)
[15800.319s][info][gc,heap        ] GC(34589) ParOldGen: 394280K(394752K)->394328K(394752K)
[15800.319s][info][gc,metaspace   ] GC(34589) Metaspace: 62469K(62720K)->62469K(62720K) NonClass: 53423K(53632K)->53423K(53632K) Class: 9046K(9088K)->9046K(9088K)
[15800.319s][info][gc             ] GC(34589) Pause Young (Allocation Failure) 465M->385M(468M) 2.137ms
[15800.319s][info][gc,cpu         ] GC(34589) User=0.00s Sys=0.00s Real=0.00s
[15800.717s][info][gc,start       ] GC(34590) Pause Young (Allocation Failure)
[15800.719s][info][gc,heap        ] GC(34590) PSYoungGen: 82176K(84480K)->288K(84480K) Eden: 81920K(81920K)->0K(81920K) From: 256K(2560K)->288K(2560K)
[15800.719s][info][gc,heap        ] GC(34590) ParOldGen: 394328K(394752K)->394376K(394752K)
[15800.719s][info][gc,metaspace   ] GC(34590) Metaspace: 62469K(62720K)->62469K(62720K) NonClass: 53423K(53632K)->53423K(53632K) Class: 9046K(9088K)->9046K(9088K)
[15800.719s][info][gc             ] GC(34590) Pause Young (Allocation Failure) 465M->385M(468M) 2.149ms
[15800.719s][info][gc,cpu         ] GC(34590) User=0.00s Sys=0.00s Real=0.00s
[15801.119s][info][gc,start       ] GC(34591) Pause Young (Allocation Failure)
[15801.121s][info][gc,heap        ] GC(34591) PSYoungGen: 82208K(84480K)->320K(84480K) Eden: 81920K(81920K)->0K(81920K) From: 288K(2560K)->320K(2560K)
[15801.121s][info][gc,heap        ] GC(34591) ParOldGen: 394376K(394752K)->394432K(394752K)
[15801.121s][info][gc,metaspace   ] GC(34591) Metaspace: 62469K(62720K)->62469K(62720K) NonClass: 53423K(53632K)->53423K(53632K) Class: 9046K(9088K)->9046K(9088K)
[15801.121s][info][gc             ] GC(34591) Pause Young (Allocation Failure) 465M->385M(468M) 2.106ms
[15801.121s][info][gc,cpu         ] GC(34591) User=0.00s Sys=0.00s Real=0.00s
[15801.515s][info][gc,start       ] GC(34592) Pause Young (Allocation Failure)
[15801.517s][info][gc,heap        ] GC(34592) PSYoungGen: 82240K(84480K)->288K(84480K) Eden: 81920K(81920K)->0K(81920K) From: 320K(2560K)->288K(2560K)
[15801.517s][info][gc,heap        ] GC(34592) ParOldGen: 394432K(394752K)->394488K(394752K)
[15801.517s][info][gc,metaspace   ] GC(34592) Metaspace: 62469K(62720K)->62469K(62720K) NonClass: 53423K(53632K)->53423K(53632K) Class: 9046K(9088K)->9046K(9088K)
[15801.517s][info][gc             ] GC(34592) Pause Young (Allocation Failure) 465M->385M(468M) 2.151ms
[15801.517s][info][gc,cpu         ] GC(34592) User=0.01s Sys=0.00s Real=0.01s
[15801.931s][info][gc,start       ] GC(34593) Pause Young (Allocation Failure)
[15801.933s][info][gc,heap        ] GC(34593) PSYoungGen: 82208K(84480K)->608K(84480K) Eden: 81920K(81920K)->0K(81920K) From: 288K(2560K)->608K(2560K)
[15801.933s][info][gc,heap        ] GC(34593) ParOldGen: 394488K(394752K)->394536K(394752K)
[15801.933s][info][gc,metaspace   ] GC(34593) Metaspace: 62469K(62720K)->62469K(62720K) NonClass: 53423K(53632K)->53423K(53632K) Class: 9046K(9088K)->9046K(9088K)
[15801.933s][info][gc             ] GC(34593) Pause Young (Allocation Failure) 465M->385M(468M) 2.336ms
[15801.933s][info][gc,cpu         ] GC(34593) User=0.00s Sys=0.00s Real=0.00s
[15802.285s][info][gc,start       ] GC(34594) Pause Young (Allocation Failure)
[15802.289s][info][gc,heap        ] GC(34594) PSYoungGen: 82528K(84480K)->2528K(82432K) Eden: 81920K(81920K)->0K(79872K) From: 608K(2560K)->2528K(2560K)
[15802.289s][info][gc,heap        ] GC(34594) ParOldGen: 394536K(394752K)->395648K(395776K)
[15802.289s][info][gc,metaspace   ] GC(34594) Metaspace: 62469K(62720K)->62469K(62720K) NonClass: 53423K(53632K)->53423K(53632K) Class: 9046K(9088K)->9046K(9088K)
[15802.289s][info][gc             ] GC(34594) Pause Young (Allocation Failure) 465M->388M(467M) 4.072ms
[15802.289s][info][gc,cpu         ] GC(34594) User=0.00s Sys=0.00s Real=0.01s
[15802.669s][info][gc,start       ] GC(34595) Pause Young (Allocation Failure)
[15802.673s][info][gc,heap        ] GC(34595) PSYoungGen: 82400K(82432K)->1216K(83456K) Eden: 79872K(79872K)->0K(79872K) From: 2528K(2560K)->1216K(3584K)
[15802.673s][info][gc,heap        ] GC(34595) ParOldGen: 395648K(395776K)->397744K(398848K)
[15802.673s][info][gc,metaspace   ] GC(34595) Metaspace: 62469K(62720K)->62469K(62720K) NonClass: 53423K(53632K)->53423K(53632K) Class: 9046K(9088K)->9046K(9088K)
[15802.673s][info][gc             ] GC(34595) Pause Young (Allocation Failure) 466M->389M(471M) 3.973ms
[15802.673s][info][gc,cpu         ] GC(34595) User=0.00s Sys=0.01s Real=0.00s
[15803.059s][info][gc,start       ] GC(34596) Pause Young (Allocation Failure)
[15803.061s][info][gc,heap        ] GC(34596) PSYoungGen: 81088K(83456K)->960K(83968K) Eden: 79872K(79872K)->0K(80896K) From: 1216K(3584K)->960K(3072K)
[15803.061s][info][gc,heap        ] GC(34596) ParOldGen: 397744K(398848K)->397800K(398848K)
[15803.061s][info][gc,metaspace   ] GC(34596) Metaspace: 62469K(62720K)->62469K(62720K) NonClass: 53423K(53632K)->53423K(53632K) Class: 9046K(9088K)->9046K(9088K)
[15803.061s][info][gc             ] GC(34596) Pause Young (Allocation Failure) 467M->389M(471M) 2.703ms
[15803.061s][info][gc,cpu         ] GC(34596) User=0.01s Sys=0.00s Real=0.00s
[15803.462s][info][gc,start       ] GC(34597) Pause Young (Allocation Failure)
[15803.464s][info][gc,heap        ] GC(34597) PSYoungGen: 81856K(83968K)->960K(83968K) Eden: 80896K(80896K)->0K(80896K) From: 960K(3072K)->960K(3072K)
[15803.464s][info][gc,heap        ] GC(34597) ParOldGen: 397800K(398848K)->397856K(398848K)
[15803.464s][info][gc,metaspace   ] GC(34597) Metaspace: 62469K(62720K)->62469K(62720K) NonClass: 53423K(53632K)->53423K(53632K) Class: 9046K(9088K)->9046K(9088K)
[15803.464s][info][gc             ] GC(34597) Pause Young (Allocation Failure) 468M->389M(471M) 2.715ms
[15803.465s][info][gc,cpu         ] GC(34597) User=0.01s Sys=0.00s Real=0.00s
[15803.876s][info][gc,start       ] GC(34598) Pause Young (Allocation Failure)
[15803.879s][info][gc,heap        ] GC(34598) PSYoungGen: 81856K(83968K)->1216K(84480K) Eden: 80896K(80896K)->0K(81408K) From: 960K(3072K)->1216K(3072K)
[15803.879s][info][gc,heap        ] GC(34598) ParOldGen: 397856K(398848K)->397912K(398848K)
[15803.879s][info][gc,metaspace   ] GC(34598) Metaspace: 62469K(62720K)->62469K(62720K) NonClass: 53423K(53632K)->53423K(53632K) Class: 9046K(9088K)->9046K(9088K)
[15803.879s][info][gc             ] GC(34598) Pause Young (Allocation Failure) 468M->389M(472M) 2.880ms
[15803.879s][info][gc,cpu         ] GC(34598) User=0.01s Sys=0.00s Real=0.00s
[15804.305s][info][gc,start       ] GC(34599) Pause Young (Allocation Failure)
[15804.308s][info][gc,heap        ] GC(34599) PSYoungGen: 82624K(84480K)->1664K(83968K) Eden: 81408K(81408K)->0K(81408K) From: 1216K(3072K)->1664K(2560K)
[15804.308s][info][gc,heap        ] GC(34599) ParOldGen: 397912K(398848K)->397968K(398848K)
[15804.308s][info][gc,metaspace   ] GC(34599) Metaspace: 62469K(62720K)->62469K(62720K) NonClass: 53423K(53632K)->53423K(53632K) Class: 9046K(9088K)->9046K(9088K)
[15804.308s][info][gc             ] GC(34599) Pause Young (Allocation Failure) 469M->390M(471M) 3.303ms
[15804.308s][info][gc,cpu         ] GC(34599) User=0.01s Sys=0.00s Real=0.01s
[15804.698s][info][gc,start       ] GC(34600) Pause Young (Allocation Failure)
[15804.702s][info][gc,heap        ] GC(34600) PSYoungGen: 83072K(83968K)->1632K(83968K) Eden: 81408K(81408K)->0K(80896K) From: 1664K(2560K)->1632K(3072K)
[15804.702s][info][gc,heap        ] GC(34600) ParOldGen: 397968K(398848K)->398024K(398848K)
[15804.702s][info][gc,metaspace   ] GC(34600) Metaspace: 62469K(62720K)->62469K(62720K) NonClass: 53423K(53632K)->53423K(53632K) Class: 9046K(9088K)->9046K(9088K)
[15804.702s][info][gc             ] GC(34600) Pause Young (Allocation Failure) 469M->390M(471M) 3.246ms
[15804.702s][info][gc,cpu         ] GC(34600) User=0.01s Sys=0.00s Real=0.00s
[15805.079s][info][gc,start       ] GC(34601) Pause Young (Allocation Failure)
[15805.082s][info][gc,heap        ] GC(34601) PSYoungGen: 82527K(83968K)->1312K(83968K) Eden: 80895K(80896K)->0K(80896K) From: 1632K(3072K)->1312K(3072K)
[15805.082s][info][gc,heap        ] GC(34601) ParOldGen: 398024K(398848K)->398072K(398848K)
[15805.082s][info][gc,metaspace   ] GC(34601) Metaspace: 62469K(62720K)->62469K(62720K) NonClass: 53423K(53632K)->53423K(53632K) Class: 9046K(9088K)->9046K(9088K)
[15805.082s][info][gc             ] GC(34601) Pause Young (Allocation Failure) 469M->390M(471M) 2.972ms
[15805.082s][info][gc,cpu         ] GC(34601) User=0.01s Sys=0.00s Real=0.00s
[15805.465s][info][gc,start       ] GC(34602) Pause Young (Allocation Failure)
[15805.468s][info][gc,heap        ] GC(34602) PSYoungGen: 82208K(83968K)->1120K(84480K) Eden: 80896K(80896K)->0K(81920K) From: 1312K(3072K)->1120K(2560K)
[15805.468s][info][gc,heap        ] GC(34602) ParOldGen: 398072K(398848K)->398128K(398848K)
[15805.468s][info][gc,metaspace   ] GC(34602) Metaspace: 62469K(62720K)->62469K(62720K) NonClass: 53423K(53632K)->53423K(53632K) Class: 9046K(9088K)->9046K(9088K)
[15805.468s][info][gc             ] GC(34602) Pause Young (Allocation Failure) 469M->389M(472M) 2.784ms
[15805.468s][info][gc,cpu         ] GC(34602) User=0.00s Sys=0.00s Real=0.01s
[15805.861s][info][gc,start       ] GC(34603) Pause Young (Allocation Failure)
[15805.864s][info][gc,heap        ] GC(34603) PSYoungGen: 83040K(84480K)->992K(84480K) Eden: 81920K(81920K)->0K(81920K) From: 1120K(2560K)->992K(2560K)
[15805.864s][info][gc,heap        ] GC(34603) ParOldGen: 398128K(398848K)->398184K(398848K)
[15805.864s][info][gc,metaspace   ] GC(34603) Metaspace: 62469K(62720K)->62469K(62720K) NonClass: 53423K(53632K)->53423K(53632K) Class: 9046K(9088K)->9046K(9088K)
[15805.864s][info][gc             ] GC(34603) Pause Young (Allocation Failure) 469M->389M(472M) 2.823ms
[15805.864s][info][gc,cpu         ] GC(34603) User=0.00s Sys=0.00s Real=0.00s
[15806.299s][info][gc,start       ] GC(34604) Pause Young (Allocation Failure)
[15806.302s][info][gc,heap        ] GC(34604) PSYoungGen: 82912K(84480K)->1440K(84480K) Eden: 81920K(81920K)->0K(81920K) From: 992K(2560K)->1440K(2560K)
[15806.302s][info][gc,heap        ] GC(34604) ParOldGen: 398184K(398848K)->398240K(398848K)
[15806.302s][info][gc,metaspace   ] GC(34604) Metaspace: 62469K(62720K)->62469K(62720K) NonClass: 53423K(53632K)->53423K(53632K) Class: 9046K(9088K)->9046K(9088K)
[15806.302s][info][gc             ] GC(34604) Pause Young (Allocation Failure) 469M->390M(472M) 3.107ms
[15806.302s][info][gc,cpu         ] GC(34604) User=0.00s Sys=0.00s Real=0.00s
[15806.702s][info][gc,start       ] GC(34605) Pause Young (Allocation Failure)
[15806.707s][info][gc,heap        ] GC(34605) PSYoungGen: 83360K(84480K)->2528K(84480K) Eden: 81920K(81920K)->0K(81920K) From: 1440K(2560K)->2528K(2560K)
[15806.707s][info][gc,heap        ] GC(34605) ParOldGen: 398240K(398848K)->400440K(401408K)
[15806.707s][info][gc,metaspace   ] GC(34605) Metaspace: 62469K(62720K)->62469K(62720K) NonClass: 53423K(53632K)->53423K(53632K) Class: 9046K(9088K)->9046K(9088K)
[15806.707s][info][gc             ] GC(34605) Pause Young (Allocation Failure) 470M->393M(474M) 4.820ms
[15806.707s][info][gc,cpu         ] GC(34605) User=0.01s Sys=0.00s Real=0.01s
[15807.119s][info][gc,start       ] GC(34606) Pause Young (Allocation Failure)
[15807.122s][info][gc,heap        ] GC(34606) PSYoungGen: 84448K(84480K)->320K(82432K) Eden: 81920K(81920K)->0K(79872K) From: 2528K(2560K)->320K(2560K)
[15807.122s][info][gc,heap        ] GC(34606) ParOldGen: 400440K(401408K)->402528K(402944K)
[15807.122s][info][gc,metaspace   ] GC(34606) Metaspace: 62469K(62720K)->62469K(62720K) NonClass: 53423K(53632K)->53423K(53632K) Class: 9046K(9088K)->9046K(9088K)
[15807.122s][info][gc             ] GC(34606) Pause Young (Allocation Failure) 473M->393M(474M) 3.242ms
[15807.122s][info][gc,cpu         ] GC(34606) User=0.00s Sys=0.00s Real=0.00s
[15807.503s][info][gc,start       ] GC(34607) Pause Young (Allocation Failure)
[15807.506s][info][gc,heap        ] GC(34607) PSYoungGen: 80192K(82432K)->1664K(83456K) Eden: 79872K(79872K)->0K(79872K) From: 320K(2560K)->1664K(3584K)
[15807.506s][info][gc,heap        ] GC(34607) ParOldGen: 402528K(402944K)->402584K(402944K)
[15807.506s][info][gc,metaspace   ] GC(34607) Metaspace: 62469K(62720K)->62469K(62720K) NonClass: 53423K(53632K)->53423K(53632K) Class: 9046K(9088K)->9046K(9088K)
[15807.506s][info][gc             ] GC(34607) Pause Young (Allocation Failure) 471M->394M(475M) 3.266ms
[15807.506s][info][gc,cpu         ] GC(34607) User=0.01s Sys=0.00s Real=0.01s
[15807.887s][info][gc,start       ] GC(34608) Pause Young (Allocation Failure)
[15807.890s][info][gc,heap        ] GC(34608) PSYoungGen: 81536K(83456K)->1440K(83456K) Eden: 79872K(79872K)->0K(79872K) From: 1664K(3584K)->1440K(3584K)
[15807.890s][info][gc,heap        ] GC(34608) ParOldGen: 402584K(402944K)->402640K(402944K)
[15807.890s][info][gc,metaspace   ] GC(34608) Metaspace: 62469K(62720K)->62469K(62720K) NonClass: 53423K(53632K)->53423K(53632K) Class: 9046K(9088K)->9046K(9088K)
[15807.890s][info][gc             ] GC(34608) Pause Young (Allocation Failure) 472M->394M(475M) 3.103ms
[15807.891s][info][gc,cpu         ] GC(34608) User=0.00s Sys=0.00s Real=0.00s
[15808.280s][info][gc,start       ] GC(34609) Pause Young (Allocation Failure)
[15808.284s][info][gc,heap        ] GC(34609) PSYoungGen: 81312K(83456K)->1344K(83456K) Eden: 79872K(79872K)->0K(79872K) From: 1440K(3584K)->1344K(3584K)
[15808.284s][info][gc,heap        ] GC(34609) ParOldGen: 402640K(402944K)->402704K(402944K)
[15808.284s][info][gc,metaspace   ] GC(34609) Metaspace: 62469K(62720K)->62469K(62720K) NonClass: 53423K(53632K)->53423K(53632K) Class: 9046K(9088K)->9046K(9088K)
[15808.284s][info][gc             ] GC(34609) Pause Young (Allocation Failure) 472M->394M(475M) 3.152ms
[15808.284s][info][gc,cpu         ] GC(34609) User=0.01s Sys=0.00s Real=0.00s
[15808.761s][info][gc,start       ] GC(34610) Pause Young (Allocation Failure)
[15808.764s][info][gc,heap        ] GC(34610) PSYoungGen: 81216K(83456K)->896K(83968K) Eden: 79872K(79872K)->0K(80896K) From: 1344K(3584K)->896K(3072K)
[15808.764s][info][gc,heap        ] GC(34610) ParOldGen: 402704K(402944K)->402760K(402944K)
[15808.764s][info][gc,metaspace   ] GC(34610) Metaspace: 62469K(62720K)->62469K(62720K) NonClass: 53423K(53632K)->53423K(53632K) Class: 9046K(9088K)->9046K(9088K)
[15808.764s][info][gc             ] GC(34610) Pause Young (Allocation Failure) 472M->394M(475M) 2.723ms
[15808.764s][info][gc,cpu         ] GC(34610) User=0.01s Sys=0.00s Real=0.00s
[15809.158s][info][gc,start       ] GC(34611) Pause Young (Allocation Failure)
[15809.161s][info][gc,heap        ] GC(34611) PSYoungGen: 81792K(83968K)->992K(83968K) Eden: 80896K(80896K)->0K(80896K) From: 896K(3072K)->992K(3072K)
[15809.161s][info][gc,heap        ] GC(34611) ParOldGen: 402760K(402944K)->402872K(402944K)
[15809.161s][info][gc,metaspace   ] GC(34611) Metaspace: 62469K(62720K)->62469K(62720K) NonClass: 53423K(53632K)->53423K(53632K) Class: 9046K(9088K)->9046K(9088K)
[15809.161s][info][gc             ] GC(34611) Pause Young (Allocation Failure) 473M->394M(475M) 2.800ms
[15809.161s][info][gc,cpu         ] GC(34611) User=0.01s Sys=0.01s Real=0.00s
[15809.547s][info][gc,start       ] GC(34612) Pause Young (Allocation Failure)
[15809.550s][info][gc,heap        ] GC(34612) PSYoungGen: 81888K(83968K)->800K(83968K) Eden: 80896K(80896K)->0K(80896K) From: 992K(3072K)->800K(3072K)
[15809.550s][info][gc,heap        ] GC(34612) ParOldGen: 402872K(402944K)->402928K(402944K)
[15809.550s][info][gc,metaspace   ] GC(34612) Metaspace: 62469K(62720K)->62469K(62720K) NonClass: 53423K(53632K)->53423K(53632K) Class: 9046K(9088K)->9046K(9088K)
[15809.550s][info][gc             ] GC(34612) Pause Young (Allocation Failure) 473M->394M(475M) 2.562ms
[15809.550s][info][gc,cpu         ] GC(34612) User=0.00s Sys=0.00s Real=0.00s
[15809.931s][info][gc,start       ] GC(34613) Pause Young (Allocation Failure)
[15809.934s][info][gc,heap        ] GC(34613) PSYoungGen: 81696K(83968K)->512K(83968K) Eden: 80896K(80896K)->0K(80896K) From: 800K(3072K)->512K(3072K)
[15809.934s][info][gc,heap        ] GC(34613) ParOldGen: 402928K(402944K)->402984K(403456K)
[15809.934s][info][gc,metaspace   ] GC(34613) Metaspace: 62469K(62720K)->62469K(62720K) NonClass: 53423K(53632K)->53423K(53632K) Class: 9046K(9088K)->9046K(9088K)
[15809.934s][info][gc             ] GC(34613) Pause Young (Allocation Failure) 473M->394M(476M) 2.342ms
[15809.934s][info][gc,cpu         ] GC(34613) User=0.00s Sys=0.00s Real=0.00s
[15810.302s][info][gc,start       ] GC(34614) Pause Young (Allocation Failure)
[15810.305s][info][gc,heap        ] GC(34614) PSYoungGen: 81408K(83968K)->1536K(83968K) Eden: 80896K(80896K)->0K(80896K) From: 512K(3072K)->1536K(3072K)
[15810.305s][info][gc,heap        ] GC(34614) ParOldGen: 402984K(403456K)->403040K(403456K)
[15810.305s][info][gc,metaspace   ] GC(34614) Metaspace: 62469K(62720K)->62469K(62720K) NonClass: 53423K(53632K)->53423K(53632K) Class: 9046K(9088K)->9046K(9088K)
[15810.305s][info][gc             ] GC(34614) Pause Young (Allocation Failure) 473M->395M(476M) 3.276ms
[15810.305s][info][gc,cpu         ] GC(34614) User=0.00s Sys=0.00s Real=0.00s
[15810.728s][info][gc,start       ] GC(34615) Pause Young (Allocation Failure)
[15810.730s][info][gc,heap        ] GC(34615) PSYoungGen: 82432K(83968K)->448K(83968K) Eden: 80896K(80896K)->0K(80896K) From: 1536K(3072K)->448K(3072K)
[15810.730s][info][gc,heap        ] GC(34615) ParOldGen: 403040K(403456K)->403096K(403456K)
[15810.730s][info][gc,metaspace   ] GC(34615) Metaspace: 62469K(62720K)->62469K(62720K) NonClass: 53423K(53632K)->53423K(53632K) Class: 9046K(9088K)->9046K(9088K)
[15810.730s][info][gc             ] GC(34615) Pause Young (Allocation Failure) 474M->394M(476M) 2.270ms
[15810.730s][info][gc,cpu         ] GC(34615) User=0.01s Sys=0.00s Real=0.00s
[15811.135s][info][gc,start       ] GC(34616) Pause Young (Allocation Failure)
[15811.137s][info][gc,heap        ] GC(34616) PSYoungGen: 81344K(83968K)->576K(83968K) Eden: 80896K(80896K)->0K(80896K) From: 448K(3072K)->576K(3072K)
[15811.137s][info][gc,heap        ] GC(34616) ParOldGen: 403096K(403456K)->403152K(403456K)
[15811.137s][info][gc,metaspace   ] GC(34616) Metaspace: 62469K(62720K)->62469K(62720K) NonClass: 53423K(53632K)->53423K(53632K) Class: 9046K(9088K)->9046K(9088K)
[15811.137s][info][gc             ] GC(34616) Pause Young (Allocation Failure) 473M->394M(476M) 2.403ms
[15811.137s][info][gc,cpu         ] GC(34616) User=0.01s Sys=0.00s Real=0.01s
[15811.561s][info][gc,start       ] GC(34617) Pause Young (Allocation Failure)
[15811.563s][info][gc,heap        ] GC(34617) PSYoungGen: 81472K(83968K)->928K(83968K) Eden: 80896K(80896K)->0K(80896K) From: 576K(3072K)->928K(3072K)
[15811.563s][info][gc,heap        ] GC(34617) ParOldGen: 403152K(403456K)->403208K(403456K)
[15811.563s][info][gc,metaspace   ] GC(34617) Metaspace: 62469K(62720K)->62469K(62720K) NonClass: 53423K(53632K)->53423K(53632K) Class: 9046K(9088K)->9046K(9088K)
[15811.563s][info][gc             ] GC(34617) Pause Young (Allocation Failure) 473M->394M(476M) 2.606ms
[15811.563s][info][gc,cpu         ] GC(34617) User=0.01s Sys=0.00s Real=0.00s
[15811.999s][info][gc,start       ] GC(34618) Pause Young (Allocation Failure)
[15812.002s][info][gc,heap        ] GC(34618) PSYoungGen: 81824K(83968K)->1440K(84480K) Eden: 80896K(80896K)->0K(81920K) From: 928K(3072K)->1440K(2560K)
[15812.002s][info][gc,heap        ] GC(34618) ParOldGen: 403208K(403456K)->403264K(403456K)
[15812.002s][info][gc,metaspace   ] GC(34618) Metaspace: 62469K(62720K)->62469K(62720K) NonClass: 53423K(53632K)->53423K(53632K) Class: 9046K(9088K)->9046K(9088K)
[15812.002s][info][gc             ] GC(34618) Pause Young (Allocation Failure) 473M->395M(476M) 3.077ms
[15812.002s][info][gc,cpu         ] GC(34618) User=0.01s Sys=0.00s Real=0.00s
[15812.427s][info][gc,start       ] GC(34619) Pause Young (Allocation Failure)
[15812.430s][info][gc,heap        ] GC(34619) PSYoungGen: 83360K(84480K)->448K(84480K) Eden: 81920K(81920K)->0K(81920K) From: 1440K(2560K)->448K(2560K)
[15812.430s][info][gc,heap        ] GC(34619) ParOldGen: 403264K(403456K)->403320K(403456K)
[15812.430s][info][gc,metaspace   ] GC(34619) Metaspace: 62469K(62720K)->62469K(62720K) NonClass: 53423K(53632K)->53423K(53632K) Class: 9046K(9088K)->9046K(9088K)
[15812.430s][info][gc             ] GC(34619) Pause Young (Allocation Failure) 475M->394M(476M) 2.269ms
[15812.430s][info][gc,cpu         ] GC(34619) User=0.01s Sys=0.00s Real=0.00s
[15812.836s][info][gc,start       ] GC(34620) Pause Young (Allocation Failure)
[15812.839s][info][gc,heap        ] GC(34620) PSYoungGen: 82368K(84480K)->640K(84480K) Eden: 81920K(81920K)->0K(81920K) From: 448K(2560K)->640K(2560K)
[15812.839s][info][gc,heap        ] GC(34620) ParOldGen: 403320K(403456K)->403376K(403456K)
[15812.839s][info][gc,metaspace   ] GC(34620) Metaspace: 62469K(62720K)->62469K(62720K) NonClass: 53423K(53632K)->53423K(53632K) Class: 9046K(9088K)->9046K(9088K)
[15812.839s][info][gc             ] GC(34620) Pause Young (Allocation Failure) 474M->394M(476M) 2.490ms
[15812.839s][info][gc,cpu         ] GC(34620) User=0.00s Sys=0.00s Real=0.00s
[15813.228s][info][gc,start       ] GC(34621) Pause Young (Allocation Failure)
[15813.230s][info][gc,heap        ] GC(34621) PSYoungGen: 82560K(84480K)->448K(84480K) Eden: 81920K(81920K)->0K(81920K) From: 640K(2560K)->448K(2560K)
[15813.230s][info][gc,heap        ] GC(34621) ParOldGen: 403376K(403456K)->403424K(403456K)
[15813.230s][info][gc,metaspace   ] GC(34621) Metaspace: 62469K(62720K)->62469K(62720K) NonClass: 53423K(53632K)->53423K(53632K) Class: 9046K(9088K)->9046K(9088K)
[15813.230s][info][gc             ] GC(34621) Pause Young (Allocation Failure) 474M->394M(476M) 2.222ms
[15813.230s][info][gc,cpu         ] GC(34621) User=0.00s Sys=0.00s Real=0.00s
[15813.662s][info][gc,start       ] GC(34622) Pause Young (Allocation Failure)
[15813.664s][info][gc,heap        ] GC(34622) PSYoungGen: 82368K(84480K)->896K(84480K) Eden: 81920K(81920K)->0K(81920K) From: 448K(2560K)->896K(2560K)
[15813.664s][info][gc,heap        ] GC(34622) ParOldGen: 403424K(403456K)->403480K(403968K)
[15813.664s][info][gc,metaspace   ] GC(34622) Metaspace: 62469K(62720K)->62469K(62720K) NonClass: 53423K(53632K)->53423K(53632K) Class: 9046K(9088K)->9046K(9088K)
[15813.664s][info][gc             ] GC(34622) Pause Young (Allocation Failure) 474M->394M(477M) 2.856ms
[15813.665s][info][gc,cpu         ] GC(34622) User=0.01s Sys=0.00s Real=0.00s
[15814.093s][info][gc,start       ] GC(34623) Pause Young (Allocation Failure)
[15814.096s][info][gc,heap        ] GC(34623) PSYoungGen: 82816K(84480K)->1312K(84480K) Eden: 81920K(81920K)->0K(81920K) From: 896K(2560K)->1312K(2560K)
[15814.096s][info][gc,heap        ] GC(34623) ParOldGen: 403480K(403968K)->403536K(403968K)
[15814.096s][info][gc,metaspace   ] GC(34623) Metaspace: 62469K(62720K)->62469K(62720K) NonClass: 53423K(53632K)->53423K(53632K) Class: 9046K(9088K)->9046K(9088K)
[15814.096s][info][gc             ] GC(34623) Pause Young (Allocation Failure) 474M->395M(477M) 3.214ms
[15814.096s][info][gc,cpu         ] GC(34623) User=0.01s Sys=0.00s Real=0.01s
[15814.562s][info][gc,start       ] GC(34624) Pause Young (Allocation Failure)
[15814.565s][info][gc,heap        ] GC(34624) PSYoungGen: 83232K(84480K)->896K(84480K) Eden: 81920K(81920K)->0K(81920K) From: 1312K(2560K)->896K(2560K)
[15814.565s][info][gc,heap        ] GC(34624) ParOldGen: 403536K(403968K)->403592K(403968K)
[15814.565s][info][gc,metaspace   ] GC(34624) Metaspace: 62469K(62720K)->62469K(62720K) NonClass: 53423K(53632K)->53423K(53632K) Class: 9046K(9088K)->9046K(9088K)
[15814.565s][info][gc             ] GC(34624) Pause Young (Allocation Failure) 475M->395M(477M) 2.867ms
[15814.565s][info][gc,cpu         ] GC(34624) User=0.01s Sys=0.00s Real=0.00s
[15815.043s][info][gc,start       ] GC(34625) Pause Young (Allocation Failure)
[15815.045s][info][gc,heap        ] GC(34625) PSYoungGen: 82816K(84480K)->736K(84480K) Eden: 81920K(81920K)->0K(81920K) From: 896K(2560K)->736K(2560K)
[15815.045s][info][gc,heap        ] GC(34625) ParOldGen: 403592K(403968K)->403648K(403968K)
[15815.045s][info][gc,metaspace   ] GC(34625) Metaspace: 62469K(62720K)->62469K(62720K) NonClass: 53423K(53632K)->53423K(53632K) Class: 9046K(9088K)->9046K(9088K)
[15815.045s][info][gc             ] GC(34625) Pause Young (Allocation Failure) 475M->394M(477M) 2.647ms
[15815.045s][info][gc,cpu         ] GC(34625) User=0.00s Sys=0.00s Real=0.00s
[15815.485s][info][gc,start       ] GC(34626) Pause Young (Allocation Failure)
[15815.489s][info][gc,heap        ] GC(34626) PSYoungGen: 82656K(84480K)->2528K(83456K) Eden: 81920K(81920K)->0K(80896K) From: 736K(2560K)->2528K(2560K)
[15815.489s][info][gc,heap        ] GC(34626) ParOldGen: 403648K(403968K)->404440K(404480K)
[15815.489s][info][gc,metaspace   ] GC(34626) Metaspace: 62469K(62720K)->62469K(62720K) NonClass: 53423K(53632K)->53423K(53632K) Class: 9046K(9088K)->9046K(9088K)
[15815.489s][info][gc             ] GC(34626) Pause Young (Allocation Failure) 474M->397M(476M) 4.037ms
[15815.489s][info][gc,cpu         ] GC(34626) User=0.01s Sys=0.00s Real=0.01s
[15816.002s][info][gc,start       ] GC(34627) Pause Young (Allocation Failure)
[15816.006s][info][gc,heap        ] GC(34627) PSYoungGen: 83424K(83456K)->1424K(83968K) Eden: 80896K(80896K)->0K(80896K) From: 2528K(2560K)->1424K(3072K)
[15816.006s][info][gc,heap        ] GC(34627) ParOldGen: 404440K(404480K)->406529K(407552K)
[15816.006s][info][gc,metaspace   ] GC(34627) Metaspace: 62469K(62720K)->62469K(62720K) NonClass: 53423K(53632K)->53423K(53632K) Class: 9046K(9088K)->9046K(9088K)
[15816.006s][info][gc             ] GC(34627) Pause Young (Allocation Failure) 476M->398M(480M) 4.240ms
[15816.006s][info][gc,cpu         ] GC(34627) User=0.01s Sys=0.00s Real=0.01s
[15816.490s][info][gc,start       ] GC(34628) Pause Young (Allocation Failure)
[15816.494s][info][gc,heap        ] GC(34628) PSYoungGen: 82320K(83968K)->1344K(83968K) Eden: 80896K(80896K)->0K(80896K) From: 1424K(3072K)->1344K(3072K)
[15816.494s][info][gc,heap        ] GC(34628) ParOldGen: 406529K(407552K)->406633K(407552K)
[15816.494s][info][gc,metaspace   ] GC(34628) Metaspace: 62469K(62720K)->62469K(62720K) NonClass: 53423K(53632K)->53423K(53632K) Class: 9046K(9088K)->9046K(9088K)
[15816.494s][info][gc             ] GC(34628) Pause Young (Allocation Failure) 477M->398M(480M) 3.295ms
[15816.494s][info][gc,cpu         ] GC(34628) User=0.00s Sys=0.00s Real=0.00s
[15816.916s][info][gc,start       ] GC(34629) Pause Young (Allocation Failure)
[15816.918s][info][gc,heap        ] GC(34629) PSYoungGen: 82240K(83968K)->288K(83968K) Eden: 80896K(80896K)->0K(80896K) From: 1344K(3072K)->288K(3072K)
[15816.918s][info][gc,heap        ] GC(34629) ParOldGen: 406633K(407552K)->406689K(407552K)
[15816.918s][info][gc,metaspace   ] GC(34629) Metaspace: 62469K(62720K)->62469K(62720K) NonClass: 53423K(53632K)->53423K(53632K) Class: 9046K(9088K)->9046K(9088K)
[15816.918s][info][gc             ] GC(34629) Pause Young (Allocation Failure) 477M->397M(480M) 2.196ms
[15816.918s][info][gc,cpu         ] GC(34629) User=0.00s Sys=0.00s Real=0.01s
[15817.303s][info][gc,start       ] GC(34630) Pause Young (Allocation Failure)
[15817.306s][info][gc,heap        ] GC(34630) PSYoungGen: 81184K(83968K)->1696K(83968K) Eden: 80896K(80896K)->0K(80896K) From: 288K(3072K)->1696K(3072K)
[15817.306s][info][gc,heap        ] GC(34630) ParOldGen: 406689K(407552K)->406745K(407552K)
[15817.306s][info][gc,metaspace   ] GC(34630) Metaspace: 62469K(62720K)->62469K(62720K) NonClass: 53423K(53632K)->53423K(53632K) Class: 9046K(9088K)->9046K(9088K)
[15817.306s][info][gc             ] GC(34630) Pause Young (Allocation Failure) 476M->398M(480M) 3.429ms
[15817.306s][info][gc,cpu         ] GC(34630) User=0.00s Sys=0.00s Real=0.01s
[15817.685s][info][gc,start       ] GC(34631) Pause Young (Allocation Failure)
[15817.688s][info][gc,heap        ] GC(34631) PSYoungGen: 82592K(83968K)->1472K(83968K) Eden: 80896K(80896K)->0K(80896K) From: 1696K(3072K)->1472K(3072K)
[15817.688s][info][gc,heap        ] GC(34631) ParOldGen: 406745K(407552K)->406801K(407552K)
[15817.688s][info][gc,metaspace   ] GC(34631) Metaspace: 62469K(62720K)->62469K(62720K) NonClass: 53423K(53632K)->53423K(53632K) Class: 9046K(9088K)->9046K(9088K)
[15817.688s][info][gc             ] GC(34631) Pause Young (Allocation Failure) 477M->398M(480M) 3.268ms
[15817.688s][info][gc,cpu         ] GC(34631) User=0.01s Sys=0.00s Real=0.01s
[15818.121s][info][gc,start       ] GC(34632) Pause Young (Allocation Failure)
[15818.123s][info][gc,heap        ] GC(34632) PSYoungGen: 82368K(83968K)->352K(83968K) Eden: 80896K(80896K)->0K(80896K) From: 1472K(3072K)->352K(3072K)
[15818.123s][info][gc,heap        ] GC(34632) ParOldGen: 406801K(407552K)->406857K(407552K)
[15818.123s][info][gc,metaspace   ] GC(34632) Metaspace: 62469K(62720K)->62469K(62720K) NonClass: 53423K(53632K)->53423K(53632K) Class: 9046K(9088K)->9046K(9088K)
[15818.123s][info][gc             ] GC(34632) Pause Young (Allocation Failure) 477M->397M(480M) 2.212ms
[15818.123s][info][gc,cpu         ] GC(34632) User=0.00s Sys=0.00s Real=0.00s
[15818.555s][info][gc,start       ] GC(34633) Pause Young (Allocation Failure)
[15818.557s][info][gc,heap        ] GC(34633) PSYoungGen: 81248K(83968K)->800K(83968K) Eden: 80896K(80896K)->0K(80896K) From: 352K(3072K)->800K(3072K)
[15818.557s][info][gc,heap        ] GC(34633) ParOldGen: 406857K(407552K)->406913K(407552K)
[15818.557s][info][gc,metaspace   ] GC(34633) Metaspace: 62469K(62720K)->62469K(62720K) NonClass: 53423K(53632K)->53423K(53632K) Class: 9046K(9088K)->9046K(9088K)
[15818.557s][info][gc             ] GC(34633) Pause Young (Allocation Failure) 476M->398M(480M) 2.506ms
[15818.557s][info][gc,cpu         ] GC(34633) User=0.01s Sys=0.00s Real=0.01s
[15818.960s][info][gc,start       ] GC(34634) Pause Young (Allocation Failure)
[15818.962s][info][gc,heap        ] GC(34634) PSYoungGen: 81696K(83968K)->1056K(84480K) Eden: 80896K(80896K)->0K(81408K) From: 800K(3072K)->1056K(3072K)
[15818.962s][info][gc,heap        ] GC(34634) ParOldGen: 406913K(407552K)->406969K(407552K)
[15818.962s][info][gc,metaspace   ] GC(34634) Metaspace: 62469K(62720K)->62469K(62720K) NonClass: 53423K(53632K)->53423K(53632K) Class: 9046K(9088K)->9046K(9088K)
[15818.962s][info][gc             ] GC(34634) Pause Young (Allocation Failure) 477M->398M(480M) 2.790ms
[15818.962s][info][gc,cpu         ] GC(34634) User=0.01s Sys=0.00s Real=0.00s
[15819.317s][info][gc,start       ] GC(34635) Pause Young (Allocation Failure)
[15819.319s][info][gc,heap        ] GC(34635) PSYoungGen: 82464K(84480K)->320K(83968K) Eden: 81408K(81408K)->0K(81408K) From: 1056K(3072K)->320K(2560K)
[15819.319s][info][gc,heap        ] GC(34635) ParOldGen: 406969K(407552K)->407025K(407552K)
[15819.319s][info][gc,metaspace   ] GC(34635) Metaspace: 62469K(62720K)->62469K(62720K) NonClass: 53423K(53632K)->53423K(53632K) Class: 9046K(9088K)->9046K(9088K)
[15819.319s][info][gc             ] GC(34635) Pause Young (Allocation Failure) 477M->397M(480M) 2.181ms
[15819.319s][info][gc,cpu         ] GC(34635) User=0.00s Sys=0.00s Real=0.00s
[15819.672s][info][gc,start       ] GC(34636) Pause Young (Allocation Failure)
[15819.675s][info][gc,heap        ] GC(34636) PSYoungGen: 81728K(83968K)->1280K(84480K) Eden: 81408K(81408K)->0K(81920K) From: 320K(2560K)->1280K(2560K)
[15819.675s][info][gc,heap        ] GC(34636) ParOldGen: 407025K(407552K)->407073K(407552K)
[15819.675s][info][gc,metaspace   ] GC(34636) Metaspace: 62469K(62720K)->62469K(62720K) NonClass: 53423K(53632K)->53423K(53632K) Class: 9046K(9088K)->9046K(9088K)
[15819.675s][info][gc             ] GC(34636) Pause Young (Allocation Failure) 477M->398M(480M) 3.125ms
[15819.675s][info][gc,cpu         ] GC(34636) User=0.01s Sys=0.00s Real=0.00s
[15820.027s][info][gc,start       ] GC(34637) Pause Young (Allocation Failure)
[15820.029s][info][gc,heap        ] GC(34637) PSYoungGen: 83200K(84480K)->2528K(84480K) Eden: 81920K(81920K)->0K(81920K) From: 1280K(2560K)->2528K(2560K)
[15820.029s][info][gc,heap        ] GC(34637) ParOldGen: 407073K(407552K)->407129K(407552K)
[15820.029s][info][gc,metaspace   ] GC(34637) Metaspace: 62469K(62720K)->62469K(62720K) NonClass: 53423K(53632K)->53423K(53632K) Class: 9046K(9088K)->9046K(9088K)
[15820.029s][info][gc             ] GC(34637) Pause Young (Allocation Failure) 478M->400M(480M) 2.563ms
[15820.029s][info][gc,cpu         ] GC(34637) User=0.01s Sys=0.00s Real=0.00s
[15820.390s][info][gc,start       ] GC(34638) Pause Young (Allocation Failure)
[15820.394s][info][gc,heap        ] GC(34638) PSYoungGen: 84448K(84480K)->1600K(83456K) Eden: 81920K(81920K)->0K(80896K) From: 2528K(2560K)->1600K(2560K)
[15820.394s][info][gc,heap        ] GC(34638) ParOldGen: 407129K(407552K)->409233K(410624K)
[15820.394s][info][gc,metaspace   ] GC(34638) Metaspace: 62469K(62720K)->62469K(62720K) NonClass: 53423K(53632K)->53423K(53632K) Class: 9046K(9088K)->9046K(9088K)
[15820.394s][info][gc             ] GC(34638) Pause Young (Allocation Failure) 480M->401M(482M) 4.392ms
[15820.394s][info][gc,cpu         ] GC(34638) User=0.00s Sys=0.00s Real=0.00s
[15820.756s][info][gc,start       ] GC(34639) Pause Young (Allocation Failure)
